11-23 22:02:14.541  1011  1189 I ASH     : @ 120186.736: tcs3701: stop power rail pending_off timer
11-23 22:02:14.541  1011  1189 D ASH     : @ 120186.736: tcs3701: start power rail timer, state:3
11-23 22:02:14.581  1011  1189 I ASH     : @ 120186.776: tcs3701: stop power rail pending_off timer
11-23 22:02:14.581  1011  1189 D ASH     : @ 120186.776: tcs3701: start power rail timer, state:3
11-23 22:02:14.608  9398  9434 I BatteryMgr:DataCollectionService: stats => 1700773334608,11901,4445,9765,4169000,100
11-23 22:02:14.609  9398  7808 I BatteryMgr:DataCollectionService: stats => 1700773334609,11901,4445,9765,4169000,100
11-23 22:02:14.609  9398  9436 I BatteryMgr:DataCollectionService: stats => 1700773334609,11901,4445,9765,4169000,100
11-23 22:02:14.622  1011  1189 I ASH     : @ 120186.816: tcs3701: stop power rail pending_off timer
11-23 22:02:14.622  1011  1189 D ASH     : @ 120186.816: tcs3701: start power rail timer, state:3
11-23 22:02:14.637  1795  3784 D ActivityManager: freezer override set to true
11-23 22:02:14.641  1795  3784 D ActivityManager: freezer override set to false
11-23 22:02:14.661  1011  1189 I ASH     : @ 120186.856: tcs3701: stop power rail pending_off timer
11-23 22:02:14.661  1011  1189 D ASH     : @ 120186.856: tcs3701: start power rail timer, state:3
11-23 22:02:14.701  1011  1189 I ASH     : @ 120186.896: tcs3701: stop power rail pending_off timer
11-23 22:02:14.701  1011  1189 D ASH     : @ 120186.896: tcs3701: start power rail timer, state:3
11-23 22:02:14.713  9398  9434 I BatteryMgr:DataCollectionService: stats => 1700773334713,11901,4445,9765,4169000,100
11-23 22:02:14.714  9398  7808 I BatteryMgr:DataCollectionService: stats => 1700773334714,11901,4445,9765,4169000,100
11-23 22:02:14.714  9398  9436 I BatteryMgr:DataCollectionService: stats => 1700773334714,11901,4445,9765,4169000,100
11-23 22:02:14.741  1011  1189 I ASH     : @ 120186.936: tcs3701: stop power rail pending_off timer
11-23 22:02:14.741  1011  1189 D ASH     : @ 120186.936: tcs3701: start power rail timer, state:3
11-23 22:02:14.781  1011  1189 I ASH     : @ 120186.976: tcs3701: stop power rail pending_off timer
11-23 22:02:14.781  1011  1189 D ASH     : @ 120186.976: tcs3701: start power rail timer, state:3
11-23 22:02:14.819  9398  9434 I BatteryMgr:DataCollectionService: stats => 1700773334818,11901,4445,9765,4169000,100
11-23 22:02:14.819  9398  7808 I BatteryMgr:DataCollectionService: stats => 1700773334819,11901,4445,9765,4169000,100
11-23 22:02:14.819  9398  9436 I BatteryMgr:DataCollectionService: stats => 1700773334819,11901,4445,9765,4169000,100
11-23 22:02:14.821  1011  1189 I ASH     : @ 120187.016: tcs3701: stop power rail pending_off timer
11-23 22:02:14.821  1011  1189 D ASH     : @ 120187.016: tcs3701: start power rail timer, state:3
11-23 22:02:14.861  1011  1189 I ASH     : @ 120187.056: tcs3701: stop power rail pending_off timer
11-23 22:02:14.861  1011  1189 D ASH     : @ 120187.056: tcs3701: start power rail timer, state:3
11-23 22:02:14.901  1011  1189 I ASH     : @ 120187.096: tcs3701: stop power rail pending_off timer
11-23 22:02:14.901  1011  1189 D ASH     : @ 120187.096: tcs3701: start power rail timer, state:3
11-23 22:02:14.924  9398  7808 I BatteryMgr:DataCollectionService: stats => 1700773334924,11901,4445,9765,4169000,100
11-23 22:02:14.924  9398  7861 I BatteryMgr:DataCollectionService: stats => 1700773334924,11901,4445,9765,4169000,100
11-23 22:02:14.924  9398  9436 I BatteryMgr:DataCollectionService: stats => 1700773334924,11901,4445,9765,4169000,100
11-23 22:02:14.941  1011  1189 I ASH     : @ 120187.136: tcs3701: stop power rail pending_off timer
11-23 22:02:14.941  1011  1189 D ASH     : @ 120187.136: tcs3701: start power rail timer, state:3
11-23 22:02:14.981  1011  1189 I ASH     : @ 120187.176: tcs3701: stop power rail pending_off timer
11-23 22:02:14.981  1011  1189 D ASH     : @ 120187.176: tcs3701: start power rail timer, state:3
11-23 22:02:15.021  1011  1189 I ASH     : @ 120187.216: tcs3701: stop power rail pending_off timer
11-23 22:02:15.021  1011  1189 D ASH     : @ 120187.216: tcs3701: start power rail timer, state:3
11-23 22:02:15.028  9398  7808 I BatteryMgr:DataCollectionService: stats => 1700773335028,11901,4445,9765,4169000,100
11-23 22:02:15.028  9398  9436 I BatteryMgr:DataCollectionService: stats => 1700773335028,11901,4445,9765,4169000,100
11-23 22:02:15.028  9398  7861 I BatteryMgr:DataCollectionService: stats => 1700773335028,11901,4445,9765,4169000,100
11-23 22:02:15.061  1011  1189 I ASH     : @ 120187.256: tcs3701: stop power rail pending_off timer
11-23 22:02:15.061  1011  1189 D ASH     : @ 120187.256: tcs3701: start power rail timer, state:3
11-23 22:02:15.100  1011  1189 I ASH     : @ 120187.296: tcs3701: stop power rail pending_off timer
11-23 22:02:15.101  1011  1189 D ASH     : @ 120187.296: tcs3701: start power rail timer, state:3
11-23 22:02:15.132  9398  7808 I BatteryMgr:DataCollectionService: stats => 1700773335132,11901,4445,9765,4169000,100
11-23 22:02:15.133  9398  5999 I BatteryMgr:DataCollectionService: stats => 1700773335133,11901,4445,9765,4169000,100
11-23 22:02:15.133  9398  9436 I BatteryMgr:DataCollectionService: stats => 1700773335133,11901,4445,9765,4169000,100
11-23 22:02:15.141  1011  1189 I ASH     : @ 120187.336: tcs3701: stop power rail pending_off timer
11-23 22:02:15.141  1011  1189 D ASH     : @ 120187.336: tcs3701: start power rail timer, state:3
11-23 22:02:15.181  1011  1189 I ASH     : @ 120187.376: tcs3701: stop power rail pending_off timer
11-23 22:02:15.181  1011  1189 D ASH     : @ 120187.376: tcs3701: start power rail timer, state:3
11-23 22:02:15.221  1011  1189 I ASH     : @ 120187.416: tcs3701: stop power rail pending_off timer
11-23 22:02:15.221  1011  1189 D ASH     : @ 120187.416: tcs3701: start power rail timer, state:3
11-23 22:02:15.237  9398  5999 I BatteryMgr:DataCollectionService: stats => 1700773335237,11901,4445,9765,4169000,100
11-23 22:02:15.238  9398  9436 I BatteryMgr:DataCollectionService: stats => 1700773335238,11901,4445,9765,4169000,100
11-23 22:02:15.239  9398  7808 I BatteryMgr:DataCollectionService: stats => 1700773335239,11901,4445,9765,4169000,100
11-23 22:02:15.261  1011  1189 I ASH     : @ 120187.456: tcs3701: stop power rail pending_off timer
11-23 22:02:15.261  1011  1189 D ASH     : @ 120187.456: tcs3701: start power rail timer, state:3
11-23 22:02:15.301  1011  1189 I ASH     : @ 120187.496: tcs3701: stop power rail pending_off timer
11-23 22:02:15.302  1011  1189 D ASH     : @ 120187.496: tcs3701: start power rail timer, state:3
11-23 22:02:15.341  1011  1189 I ASH     : @ 120187.536: tcs3701: stop power rail pending_off timer
11-23 22:02:15.341  1011  1189 D ASH     : @ 120187.536: tcs3701: start power rail timer, state:3
11-23 22:02:15.342  9398  9436 I BatteryMgr:DataCollectionService: stats => 1700773335341,11901,4445,9765,4169000,100
11-23 22:02:15.342  9398  7808 I BatteryMgr:DataCollectionService: stats => 1700773335342,11901,4445,9765,4169000,100
11-23 22:02:15.342  9398  5999 I BatteryMgr:DataCollectionService: stats => 1700773335342,11901,4445,9765,4169000,100
11-23 22:02:15.381  1011  1189 I ASH     : @ 120187.576: tcs3701: stop power rail pending_off timer
11-23 22:02:15.381  1011  1189 D ASH     : @ 120187.576: tcs3701: start power rail timer, state:3
11-23 22:02:15.421  1011  1189 I ASH     : @ 120187.616: tcs3701: stop power rail pending_off timer
11-23 22:02:15.421  1011  1189 D ASH     : @ 120187.616: tcs3701: start power rail timer, state:3
11-23 22:02:15.447  9398  7808 I BatteryMgr:DataCollectionService: stats => 1700773335447,11901,4445,9765,4169000,100
11-23 22:02:15.447  9398  9433 I BatteryMgr:DataCollectionService: stats => 1700773335447,11901,4445,9765,4169000,100
11-23 22:02:15.448  9398  5999 I BatteryMgr:DataCollectionService: stats => 1700773335448,11901,4445,9765,4169000,100
11-23 22:02:15.461  1011  1189 I ASH     : @ 120187.656: tcs3701: stop power rail pending_off timer
11-23 22:02:15.461  1011  1189 D ASH     : @ 120187.656: tcs3701: start power rail timer, state:3
11-23 22:02:15.481  1795  4144 D ActivityManager: freezer override set to true
11-23 22:02:15.501  1011  1189 I ASH     : @ 120187.696: tcs3701: stop power rail pending_off timer
11-23 22:02:15.501  1011  1189 D ASH     : @ 120187.696: tcs3701: start power rail timer, state:3
11-23 22:02:15.541  1011  1189 I ASH     : @ 120187.736: tcs3701: stop power rail pending_off timer
11-23 22:02:15.541  1011  1189 D ASH     : @ 120187.736: tcs3701: start power rail timer, state:3
11-23 22:02:15.555  9398  7808 I BatteryMgr:DataCollectionService: stats => 1700773335555,11901,4445,9765,4169000,100
11-23 22:02:15.555  9398  9433 I BatteryMgr:DataCollectionService: stats => 1700773335555,11901,4445,9765,4169000,100
11-23 22:02:15.556  9398  5999 I BatteryMgr:DataCollectionService: stats => 1700773335556,11901,4445,9765,4169000,100
11-23 22:02:15.560  2113  2118 I pixel-thermal: skin-therm-monitor: 37.798
11-23 22:02:15.564 18876 18893 I m.chrome.canary: Explicit concurrent copying GC freed 3651(225KB) AllocSpace objects, 3(60KB) LOS objects, 75% free, 12MB/48MB, paused 34us,27us total 47.290ms
11-23 22:02:15.581  1011  1189 I ASH     : @ 120187.776: tcs3701: stop power rail pending_off timer
11-23 22:02:15.581  1011  1189 D ASH     : @ 120187.776: tcs3701: start power rail timer, state:3
11-23 22:02:15.621  1011  1189 I ASH     : @ 120187.816: tcs3701: stop power rail pending_off timer
11-23 22:02:15.621  1011  1189 D ASH     : @ 120187.816: tcs3701: start power rail timer, state:3
11-23 22:02:15.621  1795  4144 D ActivityManager: freezer override set to false
11-23 22:02:15.660  1795  3807 D ActivityManager: freezer override set to true
11-23 22:02:15.661  1011  1189 I ASH     : @ 120187.856: tcs3701: stop power rail pending_off timer
11-23 22:02:15.661  1011  1189 D ASH     : @ 120187.856: tcs3701: start power rail timer, state:3
11-23 22:02:15.662  9398  9434 I BatteryMgr:DataCollectionService: stats => 1700773335662,11901,4445,9765,4169000,100
11-23 22:02:15.664  1795  3807 D ActivityManager: freezer override set to false
11-23 22:02:15.664  9398  5999 I BatteryMgr:DataCollectionService: stats => 1700773335664,11901,4445,9765,4169000,100
11-23 22:02:15.665  9398  9433 I BatteryMgr:DataCollectionService: stats => 1700773335665,11901,4445,9765,4169000,100
11-23 22:02:15.676  1795  3784 D ActivityManager: freezer override set to true
11-23 22:02:15.679  1795  3784 D ActivityManager: freezer override set to false
11-23 22:02:15.701  1011  1189 I ASH     : @ 120187.896: tcs3701: stop power rail pending_off timer
11-23 22:02:15.701  1011  1189 D ASH     : @ 120187.896: tcs3701: start power rail timer, state:3
11-23 22:02:15.741  1011  1189 I ASH     : @ 120187.936: tcs3701: stop power rail pending_off timer
11-23 22:02:15.741  1011  1189 D ASH     : @ 120187.936: tcs3701: start power rail timer, state:3
11-23 22:02:15.767  9398  9433 I BatteryMgr:DataCollectionService: stats => 1700773335767,11901,4445,9765,4169000,100
11-23 22:02:15.768  9398  5999 I BatteryMgr:DataCollectionService: stats => 1700773335767,11901,4445,9765,4169000,100
11-23 22:02:15.768  9398  9434 I BatteryMgr:DataCollectionService: stats => 1700773335768,11901,4445,9765,4169000,100
11-23 22:02:15.781  1011  1189 I ASH     : @ 120187.976: tcs3701: stop power rail pending_off timer
11-23 22:02:15.781  1011  1189 D ASH     : @ 120187.976: tcs3701: start power rail timer, state:3
11-23 22:02:15.821  1011  1189 I ASH     : @ 120188.016: tcs3701: stop power rail pending_off timer
11-23 22:02:15.821  1011  1189 D ASH     : @ 120188.016: tcs3701: start power rail timer, state:3
11-23 22:02:15.861  1011  1189 I ASH     : @ 120188.056: tcs3701: stop power rail pending_off timer
11-23 22:02:15.861  1011  1189 D ASH     : @ 120188.056: tcs3701: start power rail timer, state:3
11-23 22:02:15.871  9398  9433 I BatteryMgr:DataCollectionService: stats => 1700773335871,11901,4445,9765,4169000,100
11-23 22:02:15.871  9398  5999 I BatteryMgr:DataCollectionService: stats => 1700773335871,11901,4445,9765,4169000,100
11-23 22:02:15.871  9398  9434 I BatteryMgr:DataCollectionService: stats => 1700773335871,11901,4445,9765,4169000,100
11-23 22:02:15.900  1011  1189 I ASH     : @ 120188.096: tcs3701: stop power rail pending_off timer
11-23 22:02:15.901  1011  1189 D ASH     : @ 120188.096: tcs3701: start power rail timer, state:3
11-23 22:02:15.941  1011  1189 I ASH     : @ 120188.136: tcs3701: stop power rail pending_off timer
11-23 22:02:15.941  1011  1189 D ASH     : @ 120188.136: tcs3701: start power rail timer, state:3
11-23 22:02:15.980  9398  9434 I BatteryMgr:DataCollectionService: stats => 1700773335980,11901,4445,9765,4169000,100
11-23 22:02:15.980  9398  5999 I BatteryMgr:DataCollectionService: stats => 1700773335980,11901,4445,9765,4169000,100
11-23 22:02:15.981  1011  1189 I ASH     : @ 120188.176: tcs3701: stop power rail pending_off timer
11-23 22:02:15.981  1011  1189 D ASH     : @ 120188.176: tcs3701: start power rail timer, state:3
11-23 22:02:15.981  9398  7808 I BatteryMgr:DataCollectionService: stats => 1700773335981,11901,4445,9765,4169000,100
11-23 22:02:16.021  1011  1189 I ASH     : @ 120188.216: tcs3701: stop power rail pending_off timer
11-23 22:02:16.021  1011  1189 D ASH     : @ 120188.216: tcs3701: start power rail timer, state:3
11-23 22:02:16.061  1011  1189 I ASH     : @ 120188.256: tcs3701: stop power rail pending_off timer
11-23 22:02:16.061  1011  1189 D ASH     : @ 120188.256: tcs3701: start power rail timer, state:3
11-23 22:02:16.087  9398  7861 I BatteryMgr:DataCollectionService: stats => 1700773336087,11901,4445,9765,4169000,100
11-23 22:02:16.088  9398  9434 I BatteryMgr:DataCollectionService: stats => 1700773336088,11901,4445,9765,4169000,100
11-23 22:02:16.088  9398  7808 I BatteryMgr:DataCollectionService: stats => 1700773336088,11901,4445,9765,4169000,100
11-23 22:02:16.101  1011  1189 I ASH     : @ 120188.296: tcs3701: stop power rail pending_off timer
11-23 22:02:16.101  1011  1189 D ASH     : @ 120188.296: tcs3701: start power rail timer, state:3
11-23 22:02:16.141  1011  1189 I ASH     : @ 120188.336: tcs3701: stop power rail pending_off timer
11-23 22:02:16.141  1011  1189 D ASH     : @ 120188.336: tcs3701: start power rail timer, state:3
11-23 22:02:16.181  1011  1189 I ASH     : @ 120188.376: tcs3701: stop power rail pending_off timer
11-23 22:02:16.182  1011  1189 D ASH     : @ 120188.376: tcs3701: start power rail timer, state:3
11-23 22:02:16.194  9398  7808 I BatteryMgr:DataCollectionService: stats => 1700773336194,11901,4445,9765,4169000,100
11-23 22:02:16.195  9398  7861 I BatteryMgr:DataCollectionService: stats => 1700773336195,11901,4445,9765,4169000,100
11-23 22:02:16.195  9398  9434 I BatteryMgr:DataCollectionService: stats => 1700773336195,11901,4445,9765,4169000,100
11-23 22:02:16.221  1011  1189 I ASH     : @ 120188.416: tcs3701: stop power rail pending_off timer
11-23 22:02:16.221  1011  1189 D ASH     : @ 120188.416: tcs3701: start power rail timer, state:3
11-23 22:02:16.261  1011  1189 I ASH     : @ 120188.456: tcs3701: stop power rail pending_off timer
11-23 22:02:16.261  1011  1189 D ASH     : @ 120188.456: tcs3701: start power rail timer, state:3
11-23 22:02:16.300  1011  1189 I ASH     : @ 120188.496: tcs3701: stop power rail pending_off timer
11-23 22:02:16.301  1011  1189 D ASH     : @ 120188.496: tcs3701: start power rail timer, state:3
11-23 22:02:16.301  9398  5999 I BatteryMgr:DataCollectionService: stats => 1700773336301,11901,4445,9765,4169000,100
11-23 22:02:16.301  9398  7861 I BatteryMgr:DataCollectionService: stats => 1700773336301,11901,4445,9765,4169000,100
11-23 22:02:16.302  9398  9434 I BatteryMgr:DataCollectionService: stats => 1700773336302,11901,4445,9765,4169000,100
11-23 22:02:16.341  1011  1189 I ASH     : @ 120188.536: tcs3701: stop power rail pending_off timer
11-23 22:02:16.341  1011  1189 D ASH     : @ 120188.536: tcs3701: start power rail timer, state:3
11-23 22:02:16.381  1011  1189 I ASH     : @ 120188.576: tcs3701: stop power rail pending_off timer
11-23 22:02:16.381  1011  1189 D ASH     : @ 120188.576: tcs3701: start power rail timer, state:3
11-23 22:02:16.408  9398  7861 I BatteryMgr:DataCollectionService: stats => 1700773336408,11901,4445,9765,4169000,100
11-23 22:02:16.409  9398  9434 I BatteryMgr:DataCollectionService: stats => 1700773336408,11901,4445,9765,4169000,100
11-23 22:02:16.409  9398  5999 I BatteryMgr:DataCollectionService: stats => 1700773336409,11901,4445,9765,4169000,100
11-23 22:02:16.421  1011  1189 I ASH     : @ 120188.616: tcs3701: stop power rail pending_off timer
11-23 22:02:16.421  1011  1189 D ASH     : @ 120188.616: tcs3701: start power rail timer, state:3
11-23 22:02:16.461  1011  1189 I ASH     : @ 120188.656: tcs3701: stop power rail pending_off timer
11-23 22:02:16.461  1011  1189 D ASH     : @ 120188.656: tcs3701: start power rail timer, state:3
11-23 22:02:16.501  1011  1189 I ASH     : @ 120188.696: tcs3701: stop power rail pending_off timer
11-23 22:02:16.501  1011  1189 D ASH     : @ 120188.696: tcs3701: start power rail timer, state:3
11-23 22:02:16.515  9398  9434 I BatteryMgr:DataCollectionService: stats => 1700773336515,11901,4445,9765,4169000,100
11-23 22:02:16.515  9398  5999 I BatteryMgr:DataCollectionService: stats => 1700773336515,11901,4445,9765,4169000,100
11-23 22:02:16.516  9398  7808 I BatteryMgr:DataCollectionService: stats => 1700773336516,11901,4445,9765,4169000,100
11-23 22:02:16.541  1011  1189 I ASH     : @ 120188.736: tcs3701: stop power rail pending_off timer
11-23 22:02:16.541  1011  1189 D ASH     : @ 120188.736: tcs3701: start power rail timer, state:3
11-23 22:02:16.581  1011  1189 I ASH     : @ 120188.776: tcs3701: stop power rail pending_off timer
11-23 22:02:16.581  1011  1189 D ASH     : @ 120188.776: tcs3701: start power rail timer, state:3
11-23 22:02:16.621  1011  1189 I ASH     : @ 120188.816: tcs3701: stop power rail pending_off timer
11-23 22:02:16.621  1011  1189 D ASH     : @ 120188.816: tcs3701: start power rail timer, state:3
11-23 22:02:16.621  9398  5999 I BatteryMgr:DataCollectionService: stats => 1700773336621,11901,4445,9765,4169000,100
11-23 22:02:16.622  9398  7808 I BatteryMgr:DataCollectionService: stats => 1700773336622,11901,4445,9765,4169000,100
11-23 22:02:16.623  9398  9434 I BatteryMgr:DataCollectionService: stats => 1700773336622,11901,4445,9765,4169000,100
11-23 22:02:16.645  1795  3807 D ActivityManager: freezer override set to true
11-23 22:02:16.650  1795  3807 D ActivityManager: freezer override set to false
11-23 22:02:16.661  1011  1189 I ASH     : @ 120188.856: tcs3701: stop power rail pending_off timer
11-23 22:02:16.661  1011  1189 D ASH     : @ 120188.856: tcs3701: start power rail timer, state:3
11-23 22:02:16.701  1011  1189 I ASH     : @ 120188.896: tcs3701: stop power rail pending_off timer
11-23 22:02:16.701  1011  1189 D ASH     : @ 120188.896: tcs3701: start power rail timer, state:3
11-23 22:02:16.728  9398  5999 I BatteryMgr:DataCollectionService: stats => 1700773336728,11901,4445,9765,4169000,100
11-23 22:02:16.729  9398  7808 I BatteryMgr:DataCollectionService: stats => 1700773336729,11901,4445,9765,4169000,100
11-23 22:02:16.729  9398  9434 I BatteryMgr:DataCollectionService: stats => 1700773336729,11901,4445,9765,4169000,100
11-23 22:02:16.741  1011  1189 I ASH     : @ 120188.936: tcs3701: stop power rail pending_off timer
11-23 22:02:16.741  1011  1189 D ASH     : @ 120188.936: tcs3701: start power rail timer, state:3
11-23 22:02:16.780  1011  1189 I ASH     : @ 120188.976: tcs3701: stop power rail pending_off timer
11-23 22:02:16.781  1011  1189 D ASH     : @ 120188.976: tcs3701: start power rail timer, state:3
11-23 22:02:16.821  1011  1189 I ASH     : @ 120189.016: tcs3701: stop power rail pending_off timer
11-23 22:02:16.821  1011  1189 D ASH     : @ 120189.016: tcs3701: start power rail timer, state:3
11-23 22:02:16.824  1795  4167 D ActivityManager: freezer override set to true
11-23 22:02:16.836  9398  9436 I BatteryMgr:DataCollectionService: stats => 1700773336836,11901,4445,9765,4169000,100
11-23 22:02:16.837  9398  7808 I BatteryMgr:DataCollectionService: stats => 1700773336837,11901,4445,9765,4169000,100
11-23 22:02:16.839  9398  9434 I BatteryMgr:DataCollectionService: stats => 1700773336839,11901,4445,9765,4169000,100
11-23 22:02:16.861  1011  1189 I ASH     : @ 120189.056: tcs3701: stop power rail pending_off timer
11-23 22:02:16.861  1011  1189 D ASH     : @ 120189.056: tcs3701: start power rail timer, state:3
11-23 22:02:16.901  1011  1189 I ASH     : @ 120189.096: tcs3701: stop power rail pending_off timer
11-23 22:02:16.901  1011  1189 D ASH     : @ 120189.096: tcs3701: start power rail timer, state:3
11-23 22:02:16.906 18876 18893 I m.chrome.canary: Explicit concurrent copying GC freed 3805(191KB) AllocSpace objects, 4(80KB) LOS objects, 75% free, 12MB/48MB, paused 65us,22us total 46.364ms
11-23 22:02:16.941  1011  1189 I ASH     : @ 120189.136: tcs3701: stop power rail pending_off timer
11-23 22:02:16.941  1011  1189 D ASH     : @ 120189.136: tcs3701: start power rail timer, state:3
11-23 22:02:16.943  9398  7808 I BatteryMgr:DataCollectionService: stats => 1700773336943,11901,4445,9765,4169000,100
11-23 22:02:16.944  9398  9434 I BatteryMgr:DataCollectionService: stats => 1700773336944,11901,4445,9765,4169000,100
11-23 22:02:16.945  9398  9436 I BatteryMgr:DataCollectionService: stats => 1700773336945,11901,4445,9765,4169000,100
11-23 22:02:16.964  1795  4167 D ActivityManager: freezer override set to false
11-23 22:02:16.981  1011  1189 I ASH     : @ 120189.176: tcs3701: stop power rail pending_off timer
11-23 22:02:16.981  1011  1189 D ASH     : @ 120189.176: tcs3701: start power rail timer, state:3
11-23 22:02:17.003  1795  4167 D ActivityManager: freezer override set to true
11-23 22:02:17.006  1795  4167 D ActivityManager: freezer override set to false
11-23 22:02:17.021  1011  1189 I ASH     : @ 120189.216: tcs3701: stop power rail pending_off timer
11-23 22:02:17.021  1011  1189 D ASH     : @ 120189.216: tcs3701: start power rail timer, state:3
11-23 22:02:17.048  9398  7808 I BatteryMgr:DataCollectionService: stats => 1700773337048,11901,4445,9765,4169000,100
11-23 22:02:17.049  9398  9434 I BatteryMgr:DataCollectionService: stats => 1700773337049,11901,4445,9765,4169000,100
11-23 22:02:17.050  9398  9436 I BatteryMgr:DataCollectionService: stats => 1700773337049,11901,4445,9765,4169000,100
11-23 22:02:17.061  1011  1189 I ASH     : @ 120189.256: tcs3701: stop power rail pending_off timer
11-23 22:02:17.061  1011  1189 D ASH     : @ 120189.256: tcs3701: start power rail timer, state:3
11-23 22:02:17.101  1011  1189 I ASH     : @ 120189.296: tcs3701: stop power rail pending_off timer
11-23 22:02:17.101  1011  1189 D ASH     : @ 120189.296: tcs3701: start power rail timer, state:3
11-23 22:02:17.141  1011  1189 I ASH     : @ 120189.336: tcs3701: stop power rail pending_off timer
11-23 22:02:17.141  1011  1189 D ASH     : @ 120189.336: tcs3701: start power rail timer, state:3
11-23 22:02:17.154  9398  7808 I BatteryMgr:DataCollectionService: stats => 1700773337154,11901,4445,9765,4169000,100
11-23 22:02:17.154  9398  9436 I BatteryMgr:DataCollectionService: stats => 1700773337154,11901,4445,9765,4169000,100
11-23 22:02:17.155  9398  9434 I BatteryMgr:DataCollectionService: stats => 1700773337155,11901,4445,9765,4169000,100
11-23 22:02:17.182  1011  1189 I ASH     : @ 120189.376: tcs3701: stop power rail pending_off timer
11-23 22:02:17.182  1011  1189 D ASH     : @ 120189.376: tcs3701: start power rail timer, state:3
11-23 22:02:17.210  1795  2424 D WifiClientModeImpl[13802:wlan0]: updateLinkLayerStatsRssiSpeedFrequencyCapabilities rssi=-47 TxLinkspeed=866 freq=5240 RxLinkSpeed=866
11-23 22:02:17.210  1795  2424 D WifiDataStall: tx tput in kbps: 662016
11-23 22:02:17.210  1795  2424 D WifiDataStall: rx tput in kbps: 696859
11-23 22:02:17.211  1795  2424 V WifiConfigManager: Updating scan detail cache freq=5240 BSSID=f4:6d:2f:12:cc:88 RSSI=-47 for "ourhome"WPA_PSK
11-23 22:02:17.211  2782  5906 D QCNEJ/WlanStaInfoRelay: Received action: android.net.wifi.RSSI_CHANGED
11-23 22:02:17.211  1795  2424 D WifiChannelUtilization:  freq: 5240 onTime: 3736619 busyTime: 387933 onTimeDiff: 361827 busyTimeDiff: 72234 utilization: 50 utilization t0: 26
11-23 22:02:17.211  1795  2424 D WifiDataStall:  ccaLevel = 50
11-23 22:02:17.211  1795  2424 D WifiDataStall: L2 txTputKbps: 662016, rxTputKbps: 696859, L3 txTputKbps: 0, rxTputKbps: 0, TxTrafficHigh: false, RxTrafficHigh: false, Throughput Sufficient: true
11-23 22:02:17.211  1795  2424 D WifiScoreReport: Wifi scoring disabled - Don't check IP layer
11-23 22:02:17.211  3213  3232 V WifiManager: OnWifiUsabilityStatsListener: onWifiUsabilityStats: seqNum=39650
11-23 22:02:17.211  1795  2424 D WifiScoreCard: BSSID update SIGNAL_POLL ID: 1320464697 SSID: "ourhome", BSSID: f4:6d:2f:12:cc:88, MAC: b2:2f:ec:da:4a:0c, IP: /192.168.1.104, Security type: 2, Supplicant state: COMPLETED, Wi-Fi standard: 5, RSSI: -47, Link speed: 866Mbps, Tx Link speed: 866Mbps, Max Supported Tx Link speed: 866Mbps, Rx Link speed: 866Mbps, Max Supported Rx Link speed: 866Mbps, Frequency: 5240MHz, Net ID: 12, Metered hint: false, score: 60, isUsable: true, CarrierMerged: false, SubscriptionId: -1, IsPrimary: 1, Trusted: true, Restricted: false, Ephemeral: false, OEM paid: false, OEM private: false, OSU AP: false, FQDN: <none>, Provider friendly name: <none>, Requesting package name: <none>"ourhome"wpa2-pskMLO Information: , Is TID-To-Link negotiation supported by the AP: false, AP MLD Address: <none>, AP MLO Link Id: <none>, AP MLO Affiliated links: <none>
11-23 22:02:17.211  1795  4167 I WifiService: updateWifiUsabilityScore uid=10180 seqNum=39650 score=100 predictionHorizonSec=1441795
11-23 22:02:17.212  1795  2424 D WifiScoreCard: txRate: 1 txSpeed: 866
11-23 22:02:17.212  1795  2424 D WifiScoreCard: network update SIGNAL_POLL "ourhome" ID: 1499892569 RSSI -47 txSpeed -1
11-23 22:02:17.212  1795  2424 D WifiClientModeImpl[13802:wlan0]:  ClientModeImpl$L2ConnectedState screen=on 25 0 "ourhome" f4:6d:2f:12:cc:88 rssi=-47 f=5240 sc=60 link=866 tx=0.1, 0.0, 0.0 rx=0.1 bcn=1153875 [on:0 tx:0 rx:0 period:3013] from screen [on:375968 period:7184577] score=60
11-23 22:02:17.212  1795  2424 D WifiScoreReport: Wifi scoring disabled - Notify that Wifi is usable
11-23 22:02:17.214  1795  2432 D ConnectivityService: NetReassign [no changes] [c 0] [a 1] [i 1]
11-23 22:02:17.221  1011  1189 I ASH     : @ 120189.416: tcs3701: stop power rail pending_off timer
11-23 22:02:17.221  1011  1189 D ASH     : @ 120189.416: tcs3701: start power rail timer, state:3
11-23 22:02:17.259  9398  9434 I BatteryMgr:DataCollectionService: stats => 1700773337259,11901,4445,9765,4169000,100
11-23 22:02:17.259  9398  7808 I BatteryMgr:DataCollectionService: stats => 1700773337259,11901,4445,9765,4169000,100
11-23 22:02:17.260  9398  9436 I BatteryMgr:DataCollectionService: stats => 1700773337259,11901,4445,9765,4169000,100
11-23 22:02:17.261  1011  1189 I ASH     : @ 120189.456: tcs3701: stop power rail pending_off timer
11-23 22:02:17.261  1011  1189 D ASH     : @ 120189.456: tcs3701: start power rail timer, state:3
11-23 22:02:17.301  1011  1189 I ASH     : @ 120189.496: tcs3701: stop power rail pending_off timer
11-23 22:02:17.301  1011  1189 D ASH     : @ 120189.496: tcs3701: start power rail timer, state:3
11-23 22:02:17.341  1011  1189 I ASH     : @ 120189.536: tcs3701: stop power rail pending_off timer
11-23 22:02:17.341  1011  1189 D ASH     : @ 120189.536: tcs3701: start power rail timer, state:3
11-23 22:02:17.365  9398  5999 I BatteryMgr:DataCollectionService: stats => 1700773337365,11901,4445,9765,4169000,100
11-23 22:02:17.366  9398  9434 I BatteryMgr:DataCollectionService: stats => 1700773337366,11901,4445,9765,4169000,100
11-23 22:02:17.366  9398  9436 I BatteryMgr:DataCollectionService: stats => 1700773337366,11901,4445,9765,4169000,100
11-23 22:02:17.381  1011  1189 I ASH     : @ 120189.576: tcs3701: stop power rail pending_off timer
11-23 22:02:17.381  1011  1189 D ASH     : @ 120189.576: tcs3701: start power rail timer, state:3
11-23 22:02:17.421  1011  1189 I ASH     : @ 120189.616: tcs3701: stop power rail pending_off timer
11-23 22:02:17.421  1011  1189 D ASH     : @ 120189.616: tcs3701: start power rail timer, state:3
11-23 22:02:17.461  1011  1189 I ASH     : @ 120189.656: tcs3701: stop power rail pending_off timer
11-23 22:02:17.461  1011  1189 D ASH     : @ 120189.656: tcs3701: start power rail timer, state:3
11-23 22:02:17.470  9398  5999 I BatteryMgr:DataCollectionService: stats => 1700773337470,11901,4445,9765,4169000,100
11-23 22:02:17.471  9398  9434 I BatteryMgr:DataCollectionService: stats => 1700773337471,11901,4445,9765,4169000,100
11-23 22:02:17.472  9398  9436 I BatteryMgr:DataCollectionService: stats => 1700773337472,11901,4445,9765,4169000,100
11-23 22:02:17.501  1011  1189 I ASH     : @ 120189.696: tcs3701: stop power rail pending_off timer
11-23 22:02:17.501  1011  1189 D ASH     : @ 120189.696: tcs3701: start power rail timer, state:3
11-23 22:02:17.541  1011  1189 I ASH     : @ 120189.736: tcs3701: stop power rail pending_off timer
11-23 22:02:17.541  1011  1189 D ASH     : @ 120189.736: tcs3701: start power rail timer, state:3
11-23 22:02:17.562  2113  2118 I pixel-thermal: skin-therm-monitor: 37.818
11-23 22:02:17.576  9398  9434 I BatteryMgr:DataCollectionService: stats => 1700773337576,11901,4445,9765,4169000,100
11-23 22:02:17.577  9398  5999 I BatteryMgr:DataCollectionService: stats => 1700773337577,11901,4445,9765,4169000,100
11-23 22:02:17.578  9398  9436 I BatteryMgr:DataCollectionService: stats => 1700773337578,11901,4445,9765,4169000,100
11-23 22:02:17.581  1011  1189 I ASH     : @ 120189.776: tcs3701: stop power rail pending_off timer
11-23 22:02:17.581  1011  1189 D ASH     : @ 120189.776: tcs3701: start power rail timer, state:3
11-23 22:02:17.621  1011  1189 I ASH     : @ 120189.816: tcs3701: stop power rail pending_off timer
11-23 22:02:17.621  1011  1189 D ASH     : @ 120189.816: tcs3701: start power rail timer, state:3
11-23 22:02:17.659  1795  4167 D ActivityManager: freezer override set to true
11-23 22:02:17.661  1011  1189 I ASH     : @ 120189.856: tcs3701: stop power rail pending_off timer
11-23 22:02:17.661  1011  1189 D ASH     : @ 120189.856: tcs3701: start power rail timer, state:3
11-23 22:02:17.665  1795  4167 D ActivityManager: freezer override set to false
11-23 22:02:17.683  9398  9433 I BatteryMgr:DataCollectionService: stats => 1700773337683,11901,4445,9765,4169000,100
11-23 22:02:17.684  9398  5999 I BatteryMgr:DataCollectionService: stats => 1700773337684,11901,4445,9765,4169000,100
11-23 22:02:17.684  9398  9436 I BatteryMgr:DataCollectionService: stats => 1700773337684,11901,4445,9765,4169000,100
11-23 22:02:17.701  1011  1189 I ASH     : @ 120189.896: tcs3701: stop power rail pending_off timer
11-23 22:02:17.701  1011  1189 D ASH     : @ 120189.896: tcs3701: start power rail timer, state:3
11-23 22:02:17.741  1011  1189 I ASH     : @ 120189.936: tcs3701: stop power rail pending_off timer
11-23 22:02:17.741  1011  1189 D ASH     : @ 120189.936: tcs3701: start power rail timer, state:3
11-23 22:02:17.781  1011  1189 I ASH     : @ 120189.976: tcs3701: stop power rail pending_off timer
11-23 22:02:17.781  1011  1189 D ASH     : @ 120189.976: tcs3701: start power rail timer, state:3
11-23 22:02:17.790  9398  9433 I BatteryMgr:DataCollectionService: stats => 1700773337790,11901,4445,9765,4169000,100
11-23 22:02:17.790  9398  5999 I BatteryMgr:DataCollectionService: stats => 1700773337790,11901,4445,9765,4169000,100
11-23 22:02:17.790  9398  9436 I BatteryMgr:DataCollectionService: stats => 1700773337790,11901,4445,9765,4169000,100
11-23 22:02:17.821  1011  1189 I ASH     : @ 120190.016: tcs3701: stop power rail pending_off timer
11-23 22:02:17.821  1011  1189 D ASH     : @ 120190.016: tcs3701: start power rail timer, state:3
11-23 22:02:17.861  1011  1189 I ASH     : @ 120190.056: tcs3701: stop power rail pending_off timer
11-23 22:02:17.861  1011  1189 D ASH     : @ 120190.056: tcs3701: start power rail timer, state:3
11-23 22:02:17.897  9398  5999 I BatteryMgr:DataCollectionService: stats => 1700773337897,11901,4445,9765,4169000,100
11-23 22:02:17.897  9398  9433 I BatteryMgr:DataCollectionService: stats => 1700773337897,11901,4445,9765,4169000,100
11-23 22:02:17.897  9398  9436 I BatteryMgr:DataCollectionService: stats => 1700773337897,11901,4445,9765,4169000,100
11-23 22:02:17.901  1011  1189 I ASH     : @ 120190.096: tcs3701: stop power rail pending_off timer
11-23 22:02:17.901  1011  1189 D ASH     : @ 120190.096: tcs3701: start power rail timer, state:3
11-23 22:02:17.941  1011  1189 I ASH     : @ 120190.136: tcs3701: stop power rail pending_off timer
11-23 22:02:17.941  1011  1189 D ASH     : @ 120190.136: tcs3701: start power rail timer, state:3
11-23 22:02:17.981  1011  1189 I ASH     : @ 120190.176: tcs3701: stop power rail pending_off timer
11-23 22:02:17.981  1011  1189 D ASH     : @ 120190.176: tcs3701: start power rail timer, state:3
11-23 22:02:18.004  9398  9433 I BatteryMgr:DataCollectionService: stats => 1700773338004,11901,4445,9765,4169000,100
11-23 22:02:18.005  9398  5999 I BatteryMgr:DataCollectionService: stats => 1700773338005,11901,4445,9765,4169000,100
11-23 22:02:18.005  9398  9436 I BatteryMgr:DataCollectionService: stats => 1700773338005,11901,4445,9765,4169000,100
11-23 22:02:18.021  1011  1189 I ASH     : @ 120190.216: tcs3701: stop power rail pending_off timer
11-23 22:02:18.021  1011  1189 D ASH     : @ 120190.216: tcs3701: start power rail timer, state:3
11-23 22:02:18.061  1011  1189 I ASH     : @ 120190.256: tcs3701: stop power rail pending_off timer
11-23 22:02:18.061  1011  1189 D ASH     : @ 120190.256: tcs3701: start power rail timer, state:3
11-23 22:02:18.101  1011  1189 I ASH     : @ 120190.296: tcs3701: stop power rail pending_off timer
11-23 22:02:18.101  1011  1189 D ASH     : @ 120190.296: tcs3701: start power rail timer, state:3
11-23 22:02:18.109  9398  9433 I BatteryMgr:DataCollectionService: stats => 1700773338109,11901,4445,9765,4169000,100
11-23 22:02:18.111  9398  5999 I BatteryMgr:DataCollectionService: stats => 1700773338111,11901,4445,9765,4169000,100
11-23 22:02:18.112  9398  9436 I BatteryMgr:DataCollectionService: stats => 1700773338112,11901,4445,9765,4169000,100
11-23 22:02:18.141  1011  1189 I ASH     : @ 120190.336: tcs3701: stop power rail pending_off timer
11-23 22:02:18.141  1011  1189 D ASH     : @ 120190.336: tcs3701: start power rail timer, state:3
11-23 22:02:18.174  1795  3807 D ActivityManager: freezer override set to true
11-23 22:02:18.181  1011  1189 I ASH     : @ 120190.376: tcs3701: stop power rail pending_off timer
11-23 22:02:18.181  1011  1189 D ASH     : @ 120190.376: tcs3701: start power rail timer, state:3
11-23 22:02:18.215  9398  9433 I BatteryMgr:DataCollectionService: stats => 1700773338215,11901,4445,9765,4169000,100
11-23 22:02:18.216  9398  5999 I BatteryMgr:DataCollectionService: stats => 1700773338216,11901,4445,9765,4169000,100
11-23 22:02:18.217  9398  9436 I BatteryMgr:DataCollectionService: stats => 1700773338217,11901,4445,9765,4169000,100
11-23 22:02:18.221  1011  1189 I ASH     : @ 120190.416: tcs3701: stop power rail pending_off timer
11-23 22:02:18.221  1011  1189 D ASH     : @ 120190.416: tcs3701: start power rail timer, state:3
11-23 22:02:18.261  1011  1189 I ASH     : @ 120190.456: tcs3701: stop power rail pending_off timer
11-23 22:02:18.262  1011  1189 D ASH     : @ 120190.456: tcs3701: start power rail timer, state:3
11-23 22:02:18.301  1011  1189 I ASH     : @ 120190.496: tcs3701: stop power rail pending_off timer
11-23 22:02:18.301  1011  1189 D ASH     : @ 120190.496: tcs3701: start power rail timer, state:3
11-23 22:02:18.322  9398  9433 I BatteryMgr:DataCollectionService: stats => 1700773338322,11901,4445,9765,4169000,100
11-23 22:02:18.322  9398  5999 I BatteryMgr:DataCollectionService: stats => 1700773338322,11901,4445,9765,4169000,100
11-23 22:02:18.323  9398  9436 I BatteryMgr:DataCollectionService: stats => 1700773338322,11901,4445,9765,4169000,100
11-23 22:02:18.341  1011  1189 I ASH     : @ 120190.536: tcs3701: stop power rail pending_off timer
11-23 22:02:18.341  1011  1189 D ASH     : @ 120190.536: tcs3701: start power rail timer, state:3
11-23 22:02:18.349 18876 18893 I m.chrome.canary: Explicit concurrent copying GC freed 3597(176KB) AllocSpace objects, 3(60KB) LOS objects, 75% free, 12MB/48MB, paused 97us,24us total 59.414ms
11-23 22:02:18.381  1011  1189 I ASH     : @ 120190.576: tcs3701: stop power rail pending_off timer
11-23 22:02:18.381  1011  1189 D ASH     : @ 120190.576: tcs3701: start power rail timer, state:3
11-23 22:02:18.399  1795  3807 D ActivityManager: freezer override set to false
11-23 22:02:18.421  1011  1189 I ASH     : @ 120190.616: tcs3701: stop power rail pending_off timer
11-23 22:02:18.421  1011  1189 D ASH     : @ 120190.616: tcs3701: start power rail timer, state:3
11-23 22:02:18.426  9398  9436 I BatteryMgr:DataCollectionService: stats => 1700773338426,11901,4445,9765,4169000,100
11-23 22:02:18.426  9398  5999 I BatteryMgr:DataCollectionService: stats => 1700773338426,11901,4445,9765,4169000,100
11-23 22:02:18.427  9398  9433 I BatteryMgr:DataCollectionService: stats => 1700773338427,11901,4445,9765,4169000,100
11-23 22:02:18.448  1795  4144 D ActivityManager: freezer override set to true
11-23 22:02:18.451  1795  4144 D ActivityManager: freezer override set to false
11-23 22:02:18.461  1011  1189 I ASH     : @ 120190.656: tcs3701: stop power rail pending_off timer
11-23 22:02:18.461  1011  1189 D ASH     : @ 120190.656: tcs3701: start power rail timer, state:3
11-23 22:02:18.501  1011  1189 I ASH     : @ 120190.696: tcs3701: stop power rail pending_off timer
11-23 22:02:18.501  1011  1189 D ASH     : @ 120190.696: tcs3701: start power rail timer, state:3
11-23 22:02:18.532  9398  9434 I BatteryMgr:DataCollectionService: stats => 1700773338532,11901,4445,9765,4169000,100
11-23 22:02:18.532  9398  5999 I BatteryMgr:DataCollectionService: stats => 1700773338532,11901,4445,9765,4169000,100
11-23 22:02:18.534  9398  9433 I BatteryMgr:DataCollectionService: stats => 1700773338534,11901,4445,9765,4169000,100
11-23 22:02:18.541  1011  1189 I ASH     : @ 120190.736: tcs3701: stop power rail pending_off timer
11-23 22:02:18.541  1011  1189 D ASH     : @ 120190.736: tcs3701: start power rail timer, state:3
11-23 22:02:18.581  1011  1189 I ASH     : @ 120190.776: tcs3701: stop power rail pending_off timer
11-23 22:02:18.581  1011  1189 D ASH     : @ 120190.776: tcs3701: start power rail timer, state:3
11-23 22:02:18.621  1011  1189 I ASH     : @ 120190.816: tcs3701: stop power rail pending_off timer
11-23 22:02:18.621  1011  1189 D ASH     : @ 120190.816: tcs3701: start power rail timer, state:3
11-23 22:02:18.624  1039  1095 D rlsservice: MonitorDisplayStatus client num 0, display status 1, sensor status 0
11-23 22:02:18.637  9398  9433 I BatteryMgr:DataCollectionService: stats => 1700773338637,11901,4445,9765,4169000,100
11-23 22:02:18.640  9398  5999 I BatteryMgr:DataCollectionService: stats => 1700773338640,11901,4445,9765,4169000,100
11-23 22:02:18.641  9398  9434 I BatteryMgr:DataCollectionService: stats => 1700773338640,11901,4445,9765,4169000,100
11-23 22:02:18.646  1795  4144 D ActivityManager: freezer override set to true
11-23 22:02:18.650  1795  4144 D ActivityManager: freezer override set to false
11-23 22:02:18.661  1011  1189 I ASH     : @ 120190.856: tcs3701: stop power rail pending_off timer
11-23 22:02:18.661  1011  1189 D ASH     : @ 120190.856: tcs3701: start power rail timer, state:3
11-23 22:02:18.701  1011  1189 I ASH     : @ 120190.896: tcs3701: stop power rail pending_off timer
11-23 22:02:18.701  1011  1189 D ASH     : @ 120190.896: tcs3701: start power rail timer, state:3
11-23 22:02:18.741  9398  9434 I BatteryMgr:DataCollectionService: stats => 1700773338741,11901,4445,9765,4169000,100
11-23 22:02:18.741  1011  1189 I ASH     : @ 120190.936: tcs3701: stop power rail pending_off timer
11-23 22:02:18.741  1011  1189 D ASH     : @ 120190.936: tcs3701: start power rail timer, state:3
11-23 22:02:18.745  9398  5999 I BatteryMgr:DataCollectionService: stats => 1700773338745,11901,4445,9765,4169000,100
11-23 22:02:18.746  9398  9433 I BatteryMgr:DataCollectionService: stats => 1700773338746,11901,4445,9765,4169000,100
11-23 22:02:18.781  1011  1189 I ASH     : @ 120190.976: tcs3701: stop power rail pending_off timer
11-23 22:02:18.781  1011  1189 D ASH     : @ 120190.976: tcs3701: start power rail timer, state:3
11-23 22:02:18.821  1011  1189 I ASH     : @ 120191.016: tcs3701: stop power rail pending_off timer
11-23 22:02:18.821  1011  1189 D ASH     : @ 120191.016: tcs3701: start power rail timer, state:3
11-23 22:02:18.846  9398  9433 I BatteryMgr:DataCollectionService: stats => 1700773338846,11901,4445,9765,4169000,100
11-23 22:02:18.849  9398  5999 I BatteryMgr:DataCollectionService: stats => 1700773338849,11901,4445,9765,4169000,100
11-23 22:02:18.851  9398  9433 I BatteryMgr:DataCollectionService: stats => 1700773338851,11901,4445,9765,4169000,100
11-23 22:02:18.861  1011  1189 I ASH     : @ 120191.056: tcs3701: stop power rail pending_off timer
11-23 22:02:18.861  1011  1189 D ASH     : @ 120191.056: tcs3701: start power rail timer, state:3
11-23 22:02:18.901  1011  1189 I ASH     : @ 120191.096: tcs3701: stop power rail pending_off timer
11-23 22:02:18.901  1011  1189 D ASH     : @ 120191.096: tcs3701: start power rail timer, state:3
11-23 22:02:18.941  1011  1189 I ASH     : @ 120191.136: tcs3701: stop power rail pending_off timer
11-23 22:02:18.941  1011  1189 D ASH     : @ 120191.136: tcs3701: start power rail timer, state:3
11-23 22:02:18.952  9398  9433 I BatteryMgr:DataCollectionService: stats => 1700773338952,11901,4445,9765,4169000,100
11-23 22:02:18.952  9398  5999 I BatteryMgr:DataCollectionService: stats => 1700773338952,11901,4445,9765,4169000,100
11-23 22:02:18.954  9398  9434 I BatteryMgr:DataCollectionService: stats => 1700773338954,11901,4445,9765,4169000,100
11-23 22:02:18.981  1011  1189 I ASH     : @ 120191.176: tcs3701: stop power rail pending_off timer
11-23 22:02:18.982  1011  1189 D ASH     : @ 120191.176: tcs3701: start power rail timer, state:3
11-23 22:02:19.021  1011  1189 I ASH     : @ 120191.216: tcs3701: stop power rail pending_off timer
11-23 22:02:19.021  1011  1189 D ASH     : @ 120191.216: tcs3701: start power rail timer, state:3
11-23 22:02:19.058  9398  5999 I BatteryMgr:DataCollectionService: stats => 1700773339058,11901,4445,9765,4169000,100
11-23 22:02:19.059  9398  7808 I BatteryMgr:DataCollectionService: stats => 1700773339059,11901,4445,9765,4169000,100
11-23 22:02:19.059  9398  9434 I BatteryMgr:DataCollectionService: stats => 1700773339059,11901,4445,9765,4169000,100
11-23 22:02:19.061  1011  1189 I ASH     : @ 120191.256: tcs3701: stop power rail pending_off timer
11-23 22:02:19.061  1011  1189 D ASH     : @ 120191.256: tcs3701: start power rail timer, state:3
11-23 22:02:19.101  1011  1189 I ASH     : @ 120191.296: tcs3701: stop power rail pending_off timer
11-23 22:02:19.101  1011  1189 D ASH     : @ 120191.296: tcs3701: start power rail timer, state:3
11-23 22:02:19.141  1011  1189 I ASH     : @ 120191.336: tcs3701: stop power rail pending_off timer
11-23 22:02:19.141  1011  1189 D ASH     : @ 120191.336: tcs3701: start power rail timer, state:3
11-23 22:02:19.163  9398  7808 I BatteryMgr:DataCollectionService: stats => 1700773339163,11901,4445,9765,4169000,100
11-23 22:02:19.164  9398  5999 I BatteryMgr:DataCollectionService: stats => 1700773339164,11901,4445,9765,4169000,100
11-23 22:02:19.164  9398  9434 I BatteryMgr:DataCollectionService: stats => 1700773339164,11901,4445,9765,4169000,100
11-23 22:02:19.181  1011  1189 I ASH     : @ 120191.376: tcs3701: stop power rail pending_off timer
11-23 22:02:19.181  1011  1189 D ASH     : @ 120191.376: tcs3701: start power rail timer, state:3
11-23 22:02:19.221  1011  1189 I ASH     : @ 120191.416: tcs3701: stop power rail pending_off timer
11-23 22:02:19.221  1011  1189 D ASH     : @ 120191.416: tcs3701: start power rail timer, state:3
11-23 22:02:19.261  1011  1189 I ASH     : @ 120191.456: tcs3701: stop power rail pending_off timer
11-23 22:02:19.261  1011  1189 D ASH     : @ 120191.456: tcs3701: start power rail timer, state:3
11-23 22:02:19.270  9398  9434 I BatteryMgr:DataCollectionService: stats => 1700773339270,11901,4445,9765,4169000,100
11-23 22:02:19.271  9398  5999 I BatteryMgr:DataCollectionService: stats => 1700773339271,11901,4445,9765,4169000,100
11-23 22:02:19.271  9398  7808 I BatteryMgr:DataCollectionService: stats => 1700773339271,11901,4445,9765,4169000,100
11-23 22:02:19.301  1011  1189 I ASH     : @ 120191.496: tcs3701: stop power rail pending_off timer
11-23 22:02:19.301  1011  1189 D ASH     : @ 120191.496: tcs3701: start power rail timer, state:3
11-23 22:02:19.341  1011  1189 I ASH     : @ 120191.536: tcs3701: stop power rail pending_off timer
11-23 22:02:19.341  1011  1189 D ASH     : @ 120191.536: tcs3701: start power rail timer, state:3
11-23 22:02:19.376  9398  9433 I BatteryMgr:DataCollectionService: stats => 1700773339376,11901,4445,9765,4169000,100
11-23 22:02:19.377  9398  5999 I BatteryMgr:DataCollectionService: stats => 1700773339377,11901,4445,9765,4169000,100
11-23 22:02:19.377  9398  7808 I BatteryMgr:DataCollectionService: stats => 1700773339377,11901,4445,9765,4169000,100
11-23 22:02:19.381  1011  1189 I ASH     : @ 120191.576: tcs3701: stop power rail pending_off timer
11-23 22:02:19.381  1011  1189 D ASH     : @ 120191.576: tcs3701: start power rail timer, state:3
11-23 22:02:19.421  1011  1189 I ASH     : @ 120191.616: tcs3701: stop power rail pending_off timer
11-23 22:02:19.421  1011  1189 D ASH     : @ 120191.616: tcs3701: start power rail timer, state:3
11-23 22:02:19.461  1011  1189 I ASH     : @ 120191.656: tcs3701: stop power rail pending_off timer
11-23 22:02:19.461  1011  1189 D ASH     : @ 120191.656: tcs3701: start power rail timer, state:3
11-23 22:02:19.484  9398  9434 I BatteryMgr:DataCollectionService: stats => 1700773339484,11901,4445,9765,4169000,100
11-23 22:02:19.484  9398  7808 I BatteryMgr:DataCollectionService: stats => 1700773339484,11901,4445,9765,4169000,100
11-23 22:02:19.484  9398  5999 I BatteryMgr:DataCollectionService: stats => 1700773339484,11901,4445,9765,4169000,100
11-23 22:02:19.501  1011  1189 I ASH     : @ 120191.696: tcs3701: stop power rail pending_off timer
11-23 22:02:19.501  1011  1189 D ASH     : @ 120191.696: tcs3701: start power rail timer, state:3
11-23 22:02:19.541  1011  1189 I ASH     : @ 120191.736: tcs3701: stop power rail pending_off timer
11-23 22:02:19.541  1011  1189 D ASH     : @ 120191.736: tcs3701: start power rail timer, state:3
11-23 22:02:19.566  2113  2118 I pixel-thermal: skin-therm-monitor: 37.838
11-23 22:02:19.581  1011  1189 I ASH     : @ 120191.776: tcs3701: stop power rail pending_off timer
11-23 22:02:19.581  1011  1189 D ASH     : @ 120191.776: tcs3701: start power rail timer, state:3
11-23 22:02:19.589  9398  5999 I BatteryMgr:DataCollectionService: stats => 1700773339589,11901,4445,9765,4169000,100
11-23 22:02:19.589  9398  9434 I BatteryMgr:DataCollectionService: stats => 1700773339589,11901,4445,9765,4169000,100
11-23 22:02:19.590  9398  7808 I BatteryMgr:DataCollectionService: stats => 1700773339590,11901,4445,9765,4169000,100
11-23 22:02:19.594  1795  4144 D ActivityManager: freezer override set to true
11-23 22:02:19.621  1011  1189 I ASH     : @ 120191.816: tcs3701: stop power rail pending_off timer
11-23 22:02:19.621  1011  1189 D ASH     : @ 120191.816: tcs3701: start power rail timer, state:3
11-23 22:02:19.661  1011  1189 I ASH     : @ 120191.856: tcs3701: stop power rail pending_off timer
11-23 22:02:19.661  1011  1189 D ASH     : @ 120191.856: tcs3701: start power rail timer, state:3
11-23 22:02:19.695  9398  7861 I BatteryMgr:DataCollectionService: stats => 1700773339695,11901,4445,9765,4169000,100
11-23 22:02:19.697  9398  9434 I BatteryMgr:DataCollectionService: stats => 1700773339697,11901,4445,9765,4169000,100
11-23 22:02:19.697  9398  5999 I BatteryMgr:DataCollectionService: stats => 1700773339697,11901,4445,9765,4169000,100
11-23 22:02:19.701  1011  1189 I ASH     : @ 120191.896: tcs3701: stop power rail pending_off timer
11-23 22:02:19.701  1011  1189 D ASH     : @ 120191.896: tcs3701: start power rail timer, state:3
11-23 22:02:19.720 18876 18893 I m.chrome.canary: Explicit concurrent copying GC freed 3805(191KB) AllocSpace objects, 4(80KB) LOS objects, 75% free, 12MB/48MB, paused 30us,19us total 39.556ms
11-23 22:02:19.741  1011  1189 I ASH     : @ 120191.936: tcs3701: stop power rail pending_off timer
11-23 22:02:19.741  1011  1189 D ASH     : @ 120191.936: tcs3701: start power rail timer, state:3
11-23 22:02:19.771  1795  4144 D ActivityManager: freezer override set to false
11-23 22:02:19.781  1011  1189 I ASH     : @ 120191.976: tcs3701: stop power rail pending_off timer
11-23 22:02:19.781  1011  1189 D ASH     : @ 120191.976: tcs3701: start power rail timer, state:3
11-23 22:02:19.798  9398  9434 I BatteryMgr:DataCollectionService: stats => 1700773339798,11901,4445,9765,4169000,100
11-23 22:02:19.801  9398  5999 I BatteryMgr:DataCollectionService: stats => 1700773339801,11901,4445,9765,4169000,100
11-23 22:02:19.802  9398  7861 I BatteryMgr:DataCollectionService: stats => 1700773339802,11901,4445,9765,4169000,100
11-23 22:02:19.821  1011  1189 I ASH     : @ 120192.016: tcs3701: stop power rail pending_off timer
11-23 22:02:19.821  1011  1189 D ASH     : @ 120192.016: tcs3701: start power rail timer, state:3
