--------- beginning of main
11-23 22:14:11.282  1011  1189 I ASH     : @ 120903.478: tcs3701: stop power rail pending_off timer
11-23 22:14:11.283  1011  1189 D ASH     : @ 120903.478: tcs3701: start power rail timer, state:3
11-23 22:14:11.323  1011  1189 I ASH     : @ 120903.518: tcs3701: stop power rail pending_off timer
11-23 22:14:11.323  1011  1189 D ASH     : @ 120903.518: tcs3701: start power rail timer, state:3
11-23 22:14:11.357  9398  9436 I BatteryMgr:DataCollectionService: stats => 1700774051357,11596,4445,9765,4169000,100
11-23 22:14:11.357  9398  7808 I BatteryMgr:DataCollectionService: stats => 1700774051357,11596,4445,9765,4169000,100
11-23 22:14:11.362  1011  1189 I ASH     : @ 120903.558: tcs3701: stop power rail pending_off timer
11-23 22:14:11.363  1011  1189 D ASH     : @ 120903.558: tcs3701: start power rail timer, state:3
11-23 22:14:11.403  1011  1189 I ASH     : @ 120903.598: tcs3701: stop power rail pending_off timer
11-23 22:14:11.403  1011  1189 D ASH     : @ 120903.598: tcs3701: start power rail timer, state:3
11-23 22:14:11.430  4405  4405 D AndroidRuntime: >>>>>> START com.android.internal.os.RuntimeInit uid 2000 <<<<<<
11-23 22:14:11.434  4405  4405 I AndroidRuntime: Using default boot image
11-23 22:14:11.434  4405  4405 I AndroidRuntime: Leaving lock profiling enabled
11-23 22:14:11.436  4405  4405 I app_process: Using CollectorTypeCC GC.
11-23 22:14:11.444  1011  1189 I ASH     : @ 120903.638: tcs3701: stop power rail pending_off timer
11-23 22:14:11.444  1011  1189 D ASH     : @ 120903.638: tcs3701: start power rail timer, state:3
11-23 22:14:11.466  9398  9434 I BatteryMgr:DataCollectionService: stats => 1700774051466,11596,4445,9765,4169000,100
11-23 22:14:11.468  9398  7808 I BatteryMgr:DataCollectionService: stats => 1700774051468,11596,4445,9765,4169000,100
11-23 22:14:11.483  1011  1189 I ASH     : @ 120903.678: tcs3701: stop power rail pending_off timer
11-23 22:14:11.483  1011  1189 D ASH     : @ 120903.678: tcs3701: start power rail timer, state:3
11-23 22:14:11.508  4405  4405 D nativeloader: InitDefaultPublicLibraries for_preload=1: libandroid.so:libaaudio.so:libamidi.so:libbinder_ndk.so:libc.so:libcamera2ndk.so:libdl.so:libEGL.so:libGLESv1_CM.so:libGLESv2.so:libGLESv3.so:libicu.so:libicui18n.so:libicuuc.so:libjnigraphics.so:liblog.so:libmediandk.so:libm.so:libnativehelper.so:libnativewindow.so:libOpenMAXAL.so:libOpenSLES.so:libRS.so:libstdc++.so:libsync.so:libvulkan.so:libwebviewchromium_plat_support.so:libz.so
11-23 22:14:11.524  1011  1189 I ASH     : @ 120903.718: tcs3701: stop power rail pending_off timer
11-23 22:14:11.524  1011  1189 D ASH     : @ 120903.718: tcs3701: start power rail timer, state:3
11-23 22:14:11.526  4405  4405 D app_process: Time zone APEX ICU file found: /apex/com.android.tzdata/etc/icu/icu_tzdata.dat
11-23 22:14:11.526  4405  4405 D app_process: I18n APEX ICU file found: /apex/com.android.i18n/etc/icu/icudt70l.dat
11-23 22:14:11.549  4405  4405 D AndroidRuntime: Calling main entry com.android.commands.monkey.Monkey
11-23 22:14:11.549  4405  4405 W Monkey  : args: [-p, com.chrome.canary, 1]
11-23 22:14:11.549  4405  4405 W Monkey  :  arg: "-p"
11-23 22:14:11.550  4405  4405 W Monkey  :  arg: "com.chrome.canary"
11-23 22:14:11.550  4405  4405 W Monkey  :  arg: "1"
11-23 22:14:11.550  4405  4405 W Monkey  : data="com.chrome.canary"
--------- beginning of system
11-23 22:14:11.558  1795  2119 W BroadcastQueue: Skipping deliver [background] BroadcastRecord{3963d90 u-1 android.net.conn.CONNECTIVITY_CHANGE} to ReceiverList{b1a4689 4405 (unknown name)/2000/u-1 remote:1209842}: process gone or crashing
11-23 22:14:11.562  1011  1189 I ASH     : @ 120903.758: tcs3701: stop power rail pending_off timer
11-23 22:14:11.562  1011  1189 D ASH     : @ 120903.758: tcs3701: start power rail timer, state:3
11-23 22:14:11.565  1795  4170 D CompatibilityChangeReporter: Compat change id reported: 161252188; UID 10010; state: DISABLED
11-23 22:14:11.565  1795  4170 I ActivityTaskManager: START u0 {act=android.intent.action.MAIN cat=[android.intent.category.LAUNCHER] flg=0x10200000 cmp=com.chrome.canary/com.google.android.apps.chrome.Main} from uid 2000
11-23 22:14:11.565  1795  4170 D CompatibilityChangeReporter: Compat change id reported: 265464455; UID 10010; state: DISABLED
11-23 22:14:11.565  1795  4170 D CompatibilityChangeReporter: Compat change id reported: 265452344; UID 10010; state: DISABLED
11-23 22:14:11.565  1795  4170 D CompatibilityChangeReporter: Compat change id reported: 266124927; UID 10010; state: DISABLED
11-23 22:14:11.565  1795  4170 D CompatibilityChangeReporter: Compat change id reported: 265451093; UID 10010; state: DISABLED
11-23 22:14:11.565  1795  4170 D CompatibilityChangeReporter: Compat change id reported: 265456536; UID 10010; state: DISABLED
11-23 22:14:11.565  1795  4170 D CompatibilityChangeReporter: Compat change id reported: 255940284; UID 10010; state: DISABLED
11-23 22:14:11.565  1795  4170 D CompatibilityChangeReporter: Compat change id reported: 236283604; UID 10010; state: DISABLED
11-23 22:14:11.566  1795  4170 D CompatibilityChangeReporter: Compat change id reported: 263959004; UID 10010; state: DISABLED
11-23 22:14:11.566  1795  4170 D CompatibilityChangeReporter: Compat change id reported: 264304459; UID 10010; state: DISABLED
11-23 22:14:11.566  1795  4170 D CompatibilityChangeReporter: Compat change id reported: 264301586; UID 10010; state: DISABLED
11-23 22:14:11.566  1795  4170 D CompatibilityChangeReporter: Compat change id reported: 254631730; UID 10010; state: DISABLED
11-23 22:14:11.566  1795  4170 D CompatibilityChangeReporter: Compat change id reported: 273509367; UID 10010; state: DISABLED
11-23 22:14:11.566  1795  4170 D CompatibilityChangeReporter: Compat change id reported: 263259275; UID 10010; state: DISABLED
11-23 22:14:11.566  1795  4170 D CompatibilityChangeReporter: Compat change id reported: 194480991; UID 10010; state: ENABLED
11-23 22:14:11.566  1795  4170 D CompatibilityChangeReporter: Compat change id reported: 174042980; UID 10010; state: DISABLED
11-23 22:14:11.568  1795  4170 D CompatibilityChangeReporter: Compat change id reported: 184838306; UID 10010; state: DISABLED
11-23 22:14:11.568  1795  4170 D CompatibilityChangeReporter: Compat change id reported: 185004937; UID 10010; state: DISABLED
11-23 22:14:11.568  1795  4170 D CompatibilityChangeReporter: Compat change id reported: 181136395; UID 10010; state: DISABLED
11-23 22:14:11.569  1795  4170 D CompatibilityChangeReporter: Compat change id reported: 174042936; UID 10010; state: DISABLED
11-23 22:14:11.571  1795  4170 D CompatibilityChangeReporter: Compat change id reported: 205907456; UID 10010; state: ENABLED
11-23 22:14:11.572  9398  7808 I BatteryMgr:DataCollectionService: stats => 1700774051572,11596,4445,9765,4169000,100
11-23 22:14:11.572  9398  9434 I BatteryMgr:DataCollectionService: stats => 1700774051572,11596,4445,9765,4169000,100
11-23 22:14:11.575  1795  4170 D CompatibilityChangeReporter: Compat change id reported: 194833441; UID 10010; state: ENABLED
11-23 22:14:11.576  4405  4405 I Monkey  : Events injected: 1
11-23 22:14:11.577  2513  2550 W Parcel  : Expecting binder but got null!
11-23 22:14:11.580  1795  3807 D CompatibilityChangeReporter: Compat change id reported: 168419799; UID 10010; state: DISABLED
11-23 22:14:11.581  1795  3807 D CompatibilityChangeReporter: Compat change id reported: 273564678; UID 10010; state: DISABLED
11-23 22:14:11.589  1795  2100 D CompatibilityChangeReporter: Compat change id reported: 135634846; UID 10010; state: DISABLED
11-23 22:14:11.589  1795  2120 D CompatibilityChangeReporter: Compat change id reported: 143937733; UID 10010; state: ENABLED
11-23 22:14:11.590  2513  2550 E OpenGLRenderer: Unable to match the desired swap behavior.
11-23 22:14:11.591  4405  4405 I Monkey  : ## Network stats: elapsed time=21ms (0ms mobile, 0ms wifi, 21ms not connected)
11-23 22:14:11.593  4405  4405 I app_process: System.exit called, status: 0
11-23 22:14:11.593  4405  4405 I AndroidRuntime: VM exiting with result code 0.
11-23 22:14:11.594  3657  3683 D ForegroundUtils: Foreground UID status:
11-23 22:14:11.594  3657  3683 D ForegroundUtils: UID: 10128 is in foreground: true
11-23 22:14:11.594  3657  3683 D ForegroundUtils: UID: 10145 is in foreground: true
11-23 22:14:11.594  3657  3683 D ForegroundUtils: UID: 10158 is in foreground: true
11-23 22:14:11.594  3657  3683 D ForegroundUtils: UID: 10189 is in foreground: false
11-23 22:14:11.594  3657  3683 D ForegroundUtils: UID: 10194 is in foreground: true
11-23 22:14:11.594  3657  3683 D ForegroundUtils: UID: 10206 is in foreground: false
11-23 22:14:11.594  3657  3683 D ForegroundUtils: UID: 10233 is in foreground: true
11-23 22:14:11.594  3657  3683 D ForegroundUtils: UID: 10244 is in foreground: true
11-23 22:14:11.594  3657  3683 D ForegroundUtils: UID: 10319 is in foreground: true
11-23 22:14:11.602  1011  1189 I ASH     : @ 120903.798: tcs3701: stop power rail pending_off timer
11-23 22:14:11.602  1011  1189 D ASH     : @ 120903.798: tcs3701: start power rail timer, state:3
11-23 22:14:11.603   987   987 D Zygote  : Forked child process 4428
11-23 22:14:11.603  1795  2120 I ActivityManager: Start proc 4428:com.chrome.canary/u0a10 for next-top-activity {com.chrome.canary/com.google.android.apps.chrome.Main}
11-23 22:14:11.617  4428  4428 I m.chrome.canary: Using CollectorTypeCC GC.
11-23 22:14:11.621  1383  1442 I adbd    : jdwp connection from 4428
11-23 22:14:11.629  4428  4428 I ActivityThread: Relaunch all activities: onCoreSettingsChange
11-23 22:14:11.630  4428  4428 D CompatibilityChangeReporter: Compat change id reported: 171979766; UID 10010; state: ENABLED
11-23 22:14:11.631  3657  3683 D ForegroundUtils: Foreground UID status:
11-23 22:14:11.631  3657  3683 D ForegroundUtils: UID: 10010 is in foreground: true
11-23 22:14:11.631  3657  3683 D ForegroundUtils: UID: 10128 is in foreground: true
11-23 22:14:11.631  3657  3683 D ForegroundUtils: UID: 10145 is in foreground: true
11-23 22:14:11.631  3657  3683 D ForegroundUtils: UID: 10158 is in foreground: true
11-23 22:14:11.631  3657  3683 D ForegroundUtils: UID: 10189 is in foreground: false
11-23 22:14:11.631  3657  3683 D ForegroundUtils: UID: 10194 is in foreground: true
11-23 22:14:11.631  3657  3683 D ForegroundUtils: UID: 10206 is in foreground: false
11-23 22:14:11.631  3657  3683 D ForegroundUtils: UID: 10233 is in foreground: true
11-23 22:14:11.631  3657  3683 D ForegroundUtils: UID: 10244 is in foreground: true
11-23 22:14:11.631  3657  3683 D ForegroundUtils: UID: 10319 is in foreground: true
11-23 22:14:11.632  4428  4428 W ziparchive: Unable to open '/data/app/~~-FnXeb6__ecKd-dFZ4kZZA==/com.google.android.trichromelibrary.canary_613700033-7Q2vBiD9q0nCftKFg-pq8w==/base.dm': No such file or directory
11-23 22:14:11.633  4428  4428 W ziparchive: Unable to open '/data/app/~~-FnXeb6__ecKd-dFZ4kZZA==/com.google.android.trichromelibrary.canary_613700033-7Q2vBiD9q0nCftKFg-pq8w==/base.dm': No such file or directory
11-23 22:14:11.633  4428  4428 W m.chrome.canary: Entry not found
11-23 22:14:11.634  4428  4428 D nativeloader: Configuring clns-4 for other apk /data/app/~~-FnXeb6__ecKd-dFZ4kZZA==/com.google.android.trichromelibrary.canary_613700033-7Q2vBiD9q0nCftKFg-pq8w==/base.apk. target_sdk_version=34, uses_libraries=ALL, library_path=/data/app/~~dutrJzl_xJkEyCCvIkexCw==/com.chrome.canary-4jcd8srf2WXxld2NC1r69A==/lib/arm64:/data/app/~~dutrJzl_xJkEyCCvIkexCw==/com.chrome.canary-4jcd8srf2WXxld2NC1r69A==/base.apk!/lib/arm64-v8a:/data/app/~~-FnXeb6__ecKd-dFZ4kZZA==/com.google.android.trichromelibrary.canary_613700033-7Q2vBiD9q0nCftKFg-pq8w==/base.apk!/lib/arm64-v8a, permitted_path=/data:/mnt/expand:/data/user/0/com.chrome.canary
11-23 22:14:11.638  4428  4428 D nativeloader: Configuring clns-5 for other apk /data/app/~~dutrJzl_xJkEyCCvIkexCw==/com.chrome.canary-4jcd8srf2WXxld2NC1r69A==/base.apk. target_sdk_version=34, uses_libraries=, library_path=/data/app/~~dutrJzl_xJkEyCCvIkexCw==/com.chrome.canary-4jcd8srf2WXxld2NC1r69A==/lib/arm64:/data/app/~~dutrJzl_xJkEyCCvIkexCw==/com.chrome.canary-4jcd8srf2WXxld2NC1r69A==/base.apk!/lib/arm64-v8a:/data/app/~~-FnXeb6__ecKd-dFZ4kZZA==/com.google.android.trichromelibrary.canary_613700033-7Q2vBiD9q0nCftKFg-pq8w==/base.apk!/lib/arm64-v8a, permitted_path=/data:/mnt/expand:/data/user/0/com.chrome.canary
11-23 22:14:11.642  1011  1189 I ASH     : @ 120903.838: tcs3701: stop power rail pending_off timer
11-23 22:14:11.642  1011  1189 D ASH     : @ 120903.838: tcs3701: start power rail timer, state:3
11-23 22:14:11.647  4428  4428 V GraphicsEnvironment: ANGLE Developer option for 'com.chrome.canary' set to: 'default'
11-23 22:14:11.647  4428  4428 V GraphicsEnvironment: ANGLE GameManagerService for com.chrome.canary: false
11-23 22:14:11.647  4428  4428 V GraphicsEnvironment: Updatable production driver is not supported on the device.
11-23 22:14:11.650  4428  4428 I LoadedApk: No resource references to update in package com.google.android.trichromelibrary.canary
11-23 22:14:11.650  4428  4428 D NetworkSecurityConfig: Using Network Security Config from resource 0_resource_name_obfuscated debugBuild: false
11-23 22:14:11.650  4428  4428 D NetworkSecurityConfig: Using Network Security Config from resource 0_resource_name_obfuscated debugBuild: false
11-23 22:14:11.650  4428  4428 I cr_SplitCompatApp: Launched version=121.0.6137.0 minSdkVersion=29 isBundle=true processName=com.chrome.canary isIsolated=false
11-23 22:14:11.673  4428  4449 I cr_LibraryLoader: Loading monochrome_64 from within /data/app/~~dutrJzl_xJkEyCCvIkexCw==/com.chrome.canary-4jcd8srf2WXxld2NC1r69A==/base.apk
11-23 22:14:11.673  1795  4170 D CompatibilityChangeReporter: Compat change id reported: 161145287; UID 10010; state: DISABLED
11-23 22:14:11.675  4428  4449 I cr_Linker: loadLibraryImplLocked: monochrome_64, relroMode=1
11-23 22:14:11.677  3875  3875 I dzhj    : onPause
11-23 22:14:11.678  9398  9434 I BatteryMgr:DataCollectionService: stats => 1700774051677,11596,4445,9765,4169000,100
11-23 22:14:11.681  3604  3604 I hitl    : (REDACTED) received broadcast: %s
11-23 22:14:11.682  3604  4273 I hito    : (REDACTED) received broadcast: %s
11-23 22:14:11.682  3604  4273 I hioo    : (REDACTED) #onConfigUpdate. requester: %s
11-23 22:14:11.682  3604  4265 I hioo    : #onConfigUpdate inside sequencer
11-23 22:14:11.682  1011  1189 I ASH     : @ 120903.878: tcs3701: stop power rail pending_off timer
11-23 22:14:11.682  1011  1189 D ASH     : @ 120903.878: tcs3701: start power rail timer, state:3
11-23 22:14:11.683  3604  4265 I hilg    : (REDACTED) Voice Match (Speaker-id) supported : %b 
11-23 22:14:11.683  3604  4265 I hilg    : (REDACTED) hotword enrollment state is enrolled:  %b, speakerId model exist: %b. Voice Match supported : %b 
11-23 22:14:11.683  3604  4265 I hilg    : (REDACTED) isHotwordAvailable():  %b, isHotwordEnabled() %b 
11-23 22:14:11.683  3604  4265 I hilg    : (REDACTED) isHotwordAvailable():  %b, isHotwordEnabled() %b 
11-23 22:14:11.683  3604  4265 I hilg    : (REDACTED) Hotword enrollment state : %s.
11-23 22:14:11.683  3604  4265 I hilg    : (REDACTED) Voice Match (Speaker-id) supported : %b 
11-23 22:14:11.683  3604  4265 I hilg    : (REDACTED) Voice Match (Speaker-id) supported : %b 
11-23 22:14:11.683  3604  4265 I hilg    : (REDACTED) hotword enrollment state is enrolled:  %b, speakerId model exist: %b, voice match supported : %b
11-23 22:14:11.683  3604  4265 I hilg    : (REDACTED) Hotword isNonVoiceMatchHotwordEnabled: %b, isHotwordAvailable: %b, isHotwordEnabled: %b, isVoiceMatchSupported: %b, isHotwordEnrolled: %b,
11-23 22:14:11.683  3604  4265 I hioo    : (REDACTED) Ignore the legacy hotword request. voice match enabled %b, isHotwordSupported %b, isIncompleteEnrollmentState %b, nonVoiceMatchHotwordEnabled %b
11-23 22:14:11.683  9398  7808 I BatteryMgr:DataCollectionService: stats => 1700774051683,11596,4445,9765,4169000,100
11-23 22:14:11.686  4428  4449 I cr_LibraryLoader: Successfully loaded native library
11-23 22:14:11.686  4428  4449 I cr_CachingUmaRecorder: Flushed 20 samples from 18 histograms, 0 samples were dropped.
11-23 22:14:11.705  4428  4454 W DynamiteModule: Local module descriptor class for com.google.android.gms.googlecertificates not found.
11-23 22:14:11.705  4428  4428 I cr_MultiInstance: Removed invalid instance data. Removed tasks-instance mappings: [Chrome.MultiInstance.TaskMap.0 - 1520] and shared prefs for instances: []
11-23 22:14:11.705  4428  4428 I cr_MultiInstance: Existing Instance - persisted and unmapped Id allocated: 0
11-23 22:14:11.708  4428  4428 I cr_MultiInstance: Intent action: android.intent.action.MAIN
11-23 22:14:11.708  4428  4428 I cr_MultiInstance: Intent routed via ChromeLauncherActivity: false
11-23 22:14:11.708  4428  4428 I cr_MultiInstance: Referrer: android-app://com.android.shell
11-23 22:14:11.708  4428  4428 I cr_MultiInstance: Intent contains LAUNCHER category: true
11-23 22:14:11.708  4428  4428 I cr_MultiInstance: Intent contains FLAG_ACTIVITY_MULTIPLE_TASK: false
11-23 22:14:11.708  4428  4428 I cr_MultiInstance: Intent contains FLAG_ACTIVITY_NEW_TASK: true
11-23 22:14:11.708  4428  4428 I cr_MultiInstance: Intent component: com.google.android.apps.chrome.Main
11-23 22:14:11.708  4428  4428 I cr_MultiInstance: Intent sent by OS: false
11-23 22:14:11.708  4428  4428 I cr_MultiInstance: @ExternalAppId of intent source: 0
11-23 22:14:11.708  4428  4428 I cr_MultiInstance: Are all instances running: false
11-23 22:14:11.708  4428  4428 I cr_MultiInstance: Window allocation type: 6
11-23 22:14:11.708  4428  4428 I cr_MultiInstance: Window ID allocated: 0
11-23 22:14:11.708  4428  4428 W cr_ActivityDispatcher: CustomTabsIntent#shouldAlwaysUseBrowserUI() = false
11-23 22:14:11.708  4428  4428 D CompatibilityChangeReporter: Compat change id reported: 183155436; UID 10010; state: ENABLED
11-23 22:14:11.715  4428  4454 I DynamiteModule: Considering local module com.google.android.gms.googlecertificates:0 and remote module com.google.android.gms.googlecertificates:7
11-23 22:14:11.715  4428  4454 I DynamiteModule: Selected remote version of com.google.android.gms.googlecertificates, version >= 7
11-23 22:14:11.717  4428  4428 E m.chrome.canary: Invalid ID 0x00000000.
11-23 22:14:11.719  4428  4428 I cr_SplitCompatClassLoader: Splits: null
11-23 22:14:11.722  4428  4454 W System  : ClassLoader referenced unknown path: 
11-23 22:14:11.722  1011  1189 I ASH     : @ 120903.918: tcs3701: stop power rail pending_off timer
11-23 22:14:11.722  4428  4454 D nativeloader: Configuring clns-6 for other apk . target_sdk_version=34, uses_libraries=, library_path=/data/app/~~kuQRvAzVZuE4Ro2oLuwWdQ==/com.google.android.gms-oAttmqgZrSU_NO_sHK9RSA==/lib/arm64:/data/app/~~kuQRvAzVZuE4Ro2oLuwWdQ==/com.google.android.gms-oAttmqgZrSU_NO_sHK9RSA==/base.apk!/lib/arm64-v8a, permitted_path=/data:/mnt/expand:/data/user/0/com.google.android.gms
11-23 22:14:11.722  1011  1189 D ASH     : @ 120903.918: tcs3701: start power rail timer, state:3
11-23 22:14:11.741  4428  4428 W cr_ActivityDispatcher: CustomTabsIntent#shouldAlwaysUseBrowserUI() = false
11-23 22:14:11.743  3845  3845 E AbstractGmsTracer: Traced class shouldn't be obfuscated: GmsBoundBrokerChimeraService [CONTEXT service_id=259 ]
11-23 22:14:11.744  3845  3845 D BoundBrokerSvc: onBind: Intent { act=com.google.android.gms.safetynet.service.START pkg=com.google.android.gms }
11-23 22:14:11.744  3845  3845 D BoundBrokerSvc: Loading bound service for intent: Intent { act=com.google.android.gms.safetynet.service.START pkg=com.google.android.gms }
11-23 22:14:11.744  3845  3845 E AbstractGmsTracer: Traced class shouldn't be obfuscated: SafetyNetClientChimeraService [CONTEXT service_id=259 ]
11-23 22:14:11.748  4428  4428 I cr_CompositorSurfaceMgr: Transitioning to surface with format: -1
11-23 22:14:11.749  3074  3074 E AbstractGmsTracer: Traced class shouldn't be obfuscated: GmsApiChimeraService [CONTEXT service_id=259 ]
11-23 22:14:11.750  3074  3074 D BoundBrokerSvc: onBind: Intent { act=com.google.android.gms.phenotype.service.START pkg=com.google.android.gms }
11-23 22:14:11.750  3074  3074 D BoundBrokerSvc: Loading bound service for intent: Intent { act=com.google.android.gms.phenotype.service.START pkg=com.google.android.gms }
11-23 22:14:11.752  3074  3074 E AbstractGmsTracer: Traced class shouldn't be obfuscated: PhenotypeChimeraService [CONTEXT service_id=259 ]
11-23 22:14:11.760  4428  4428 D CompatibilityChangeReporter: Compat change id reported: 210923482; UID 10010; state: ENABLED
11-23 22:14:11.762  1011  1189 I ASH     : @ 120903.958: tcs3701: stop power rail pending_off timer
11-23 22:14:11.762  1011  1189 D ASH     : @ 120903.958: tcs3701: start power rail timer, state:3
11-23 22:14:11.782  9398  7808 I BatteryMgr:DataCollectionService: stats => 1700774051782,11596,4445,9765,4169000,100
11-23 22:14:11.787  4428  4428 D CompatibilityChangeReporter: Compat change id reported: 193247900; UID 10010; state: ENABLED
11-23 22:14:11.787  9398  7808 I BatteryMgr:DataCollectionService: stats => 1700774051787,11596,4445,9765,4169000,100
11-23 22:14:11.797  1795  2424 D WifiClientModeImpl[13802:wlan0]: updateLinkLayerStatsRssiSpeedFrequencyCapabilities rssi=-47 TxLinkspeed=866 freq=5240 RxLinkSpeed=780
11-23 22:14:11.798  1795  2424 D WifiDataStall: tx tput in kbps: 662016
11-23 22:14:11.798  1795  2424 D WifiDataStall: rx tput in kbps: 627656
11-23 22:14:11.798  1795  2424 V WifiConfigManager: Updating scan detail cache freq=5240 BSSID=f4:6d:2f:12:cc:88 RSSI=-46 for "ourhome"WPA_PSK
11-23 22:14:11.798  1795  2424 D WifiChannelUtilization:  freq: 5240 onTime: 3777375 busyTime: 394687 onTimeDiff: 402583 busyTimeDiff: 78988 utilization: 50 utilization t0: 26
11-23 22:14:11.798  1795  2424 D WifiDataStall:  ccaLevel = 50
11-23 22:14:11.798  1795  2424 D WifiDataStall: L2 txTputKbps: 662016, rxTputKbps: 627656, L3 txTputKbps: 0, rxTputKbps: 0, TxTrafficHigh: false, RxTrafficHigh: false, Throughput Sufficient: true
11-23 22:14:11.798  3213  3232 V WifiManager: OnWifiUsabilityStatsListener: onWifiUsabilityStats: seqNum=39887
11-23 22:14:11.798  1795  2424 D WifiScoreReport: Wifi scoring disabled - Don't check IP layer
11-23 22:14:11.798  1795  2424 D WifiScoreCard: BSSID update SIGNAL_POLL ID: 1320464697 SSID: "ourhome", BSSID: f4:6d:2f:12:cc:88, MAC: b2:2f:ec:da:4a:0c, IP: /192.168.1.104, Security type: 2, Supplicant state: COMPLETED, Wi-Fi standard: 5, RSSI: -47, Link speed: 866Mbps, Tx Link speed: 866Mbps, Max Supported Tx Link speed: 866Mbps, Rx Link speed: 780Mbps, Max Supported Rx Link speed: 866Mbps, Frequency: 5240MHz, Net ID: 12, Metered hint: false, score: 60, isUsable: true, CarrierMerged: false, SubscriptionId: -1, IsPrimary: 1, Trusted: true, Restricted: false, Ephemeral: false, OEM paid: false, OEM private: false, OSU AP: false, FQDN: <none>, Provider friendly name: <none>, Requesting package name: <none>"ourhome"wpa2-pskMLO Information: , Is TID-To-Link negotiation supported by the AP: false, AP MLD Address: <none>, AP MLO Link Id: <none>, AP MLO Affiliated links: <none>
11-23 22:14:11.798  1795  2424 D WifiScoreCard: txRate: 1 txSpeed: 866
11-23 22:14:11.798  1795  2424 D WifiScoreCard: network update SIGNAL_POLL "ourhome" ID: 1499892569 RSSI -47 txSpeed -1
11-23 22:14:11.798  2513 20817 V WifiManager: TrafficStateCallbackProxy: onStateChanged state=0
11-23 22:14:11.799  1795  2424 D WifiClientModeImpl[13802:wlan0]:  ClientModeImpl$L2ConnectedState screen=on 25 0 "ourhome" f4:6d:2f:12:cc:88 rssi=-47 f=5240 sc=60 link=866 tx=0.1, 0.0, 0.0 rx=0.1 bcn=1160837 [on:0 tx:0 rx:0 period:3009] from screen [on:416724 period:7899163] score=60
11-23 22:14:11.799  1795  4170 I WifiService: updateWifiUsabilityScore uid=10180 seqNum=39887 score=100 predictionHorizonSec=1441795
11-23 22:14:11.799  1795  2424 D WifiScoreReport: Wifi scoring disabled - Notify that Wifi is usable
11-23 22:14:11.801  1795  2432 D ConnectivityService: NetReassign [no changes] [c 0] [a 1] [i 1]
11-23 22:14:11.803  1011  1189 I ASH     : @ 120903.998: tcs3701: stop power rail pending_off timer
11-23 22:14:11.803  1011  1189 D ASH     : @ 120903.998: tcs3701: start power rail timer, state:3
11-23 22:14:11.806  4428  4428 W cr_ActivityDispatcher: CustomTabsIntent#shouldAlwaysUseBrowserUI() = false
11-23 22:14:11.811  4428  4428 D CompatibilityChangeReporter: Compat change id reported: 237531167; UID 10010; state: DISABLED
11-23 22:14:11.817  4428  4467 W Parcel  : Expecting binder but got null!
11-23 22:14:11.825  1795  4170 D CoreBackPreview: Window{fea66bd u0 com.chrome.canary/com.google.android.apps.chrome.Main}: Setting back callback OnBackInvokedCallbackInfo{mCallback=android.window.IOnBackInvokedCallback$Stub$Proxy@1b1abac, mPriority=-1}
11-23 22:14:11.828  1795  2120 D CompatibilityChangeReporter: Compat change id reported: 143937733; UID 10010; state: ENABLED
11-23 22:14:11.828  1795  2120 D CompatibilityChangeReporter: Compat change id reported: 135634846; UID 10010; state: DISABLED
11-23 22:14:11.828  1795  2120 D CompatibilityChangeReporter: Compat change id reported: 207557677; UID 10010; state: ENABLED
11-23 22:14:11.829   987   987 W Zygote  : forkRepeatedly terminated due to non-simple command
11-23 22:14:11.829   987   987 D Zygote  : mbuffer starts with 15, nice name is com.chrome.canary_zygote, mEnd = 410, mNext = 191, mLinesLeft = 6, mFd = 5
11-23 22:14:11.834   987   987 D Zygote  : Forked child process 4479
11-23 22:14:11.835  1795  2120 W ZygoteProcess: Got error connecting to zygote, retrying. msg= Connection refused
11-23 22:14:11.836  4428  4467 I AdrenoGLES-0: QUALCOMM build                   : 4783c89, I46ff5fc46f
11-23 22:14:11.836  4428  4467 I AdrenoGLES-0: Build Date                       : 11/30/20
11-23 22:14:11.836  4428  4467 I AdrenoGLES-0: OpenGL ES Shader Compiler Version: EV031.31.04.01
11-23 22:14:11.836  4428  4467 I AdrenoGLES-0: Local Branch                     : QPR2
11-23 22:14:11.836  4428  4467 I AdrenoGLES-0: Remote Branch                    : 
11-23 22:14:11.836  4428  4467 I AdrenoGLES-0: Remote Branch                    : 
11-23 22:14:11.836  4428  4467 I AdrenoGLES-0: Reconstruct Branch               : 
11-23 22:14:11.836  4428  4467 I AdrenoGLES-0: Build Config                     : S P 10.0.4 AArch64
11-23 22:14:11.836  4428  4467 I AdrenoGLES-0: Driver Path                      : /vendor/lib64/egl/libGLESv2_adreno.so
11-23 22:14:11.838  4428  4428 I cr_StartSurfaceConfig: Recorded Startup.Android.FirstDrawCompletedTime.NoInstant = 123 ms
11-23 22:14:11.840  4428  4467 I AdrenoGLES-0: PFP: 0x016dd093, ME: 0x00000000
11-23 22:14:11.840  4479  4479 I libc    : SetHeapTaggingLevel: tag level set to 0
11-23 22:14:11.841  4428  4467 W AdrenoUtils: <ReadGpuID_from_sysfs:197>: Failed to open /sys/class/kgsl/kgsl-3d0/gpu_model
11-23 22:14:11.841  4428  4467 W AdrenoUtils: <ReadGpuID:221>: Failed to read chip ID from gpu_model. Fallback to use the GSL path
11-23 22:14:11.842  1011  1189 I ASH     : @ 120904.038: tcs3701: stop power rail pending_off timer
11-23 22:14:11.843  1011  1189 D ASH     : @ 120904.038: tcs3701: start power rail timer, state:3
11-23 22:14:11.845  4479  4479 I e.canary_zygote: Using CollectorTypeCC GC.
11-23 22:14:11.847  3074 31793 E ckqk    : Phenotype API error. Event # evhb@ae47983d, EventCode: 7 [CONTEXT service_id=51 ]
11-23 22:14:11.847  3074 31793 E ckqk    : ckoo: 29505: No config packages for log source, or config package not registered
11-23 22:14:11.847  3074 31793 E ckqk    : 	at ckrk.b(:com.google.android.gms@234414038@23.44.14 (190400-580326705):79)
11-23 22:14:11.847  3074 31793 E ckqk    : 	at ckrh.h(:com.google.android.gms@234414038@23.44.14 (190400-580326705):3)
11-23 22:14:11.847  3074 31793 E ckqk    : 	at ckqk.g(:com.google.android.gms@234414038@23.44.14 (190400-580326705):18)
11-23 22:14:11.847  3074 31793 E ckqk    : 	at ckqk.f(:com.google.android.gms@234414038@23.44.14 (190400-580326705):11)
11-23 22:14:11.847  3074 31793 E ckqk    : 	at bfmo.fh(:com.google.android.gms@234414038@23.44.14 (190400-580326705):1)
11-23 22:14:11.847  3074 31793 E ckqk    : 	at bfmz.run(:com.google.android.gms@234414038@23.44.14 (190400-580326705):100)
11-23 22:14:11.847  3074 31793 E ckqk    : 	at dvlp.run(:com.google.android.gms@234414038@23.44.14 (190400-580326705):13)
11-23 22:14:11.847  3074 31793 E ckqk    : 	at ajls.c(:com.google.android.gms@234414038@23.44.14 (190400-580326705):50)
11-23 22:14:11.847  3074 31793 E ckqk    : 	at ajls.run(:com.google.android.gms@234414038@23.44.14 (190400-580326705):76)
11-23 22:14:11.847  3074 31793 E ckqk    : 	at java.util.concurrent.ThreadPoolExecutor.runWorker(ThreadPoolExecutor.java:1145)
11-23 22:14:11.847  3074 31793 E ckqk    : 	at java.util.concurrent.ThreadPoolExecutor$Worker.run(ThreadPoolExecutor.java:644)
11-23 22:14:11.847  3074 31793 E ckqk    : 	at ajqx.run(:com.google.android.gms@234414038@23.44.14 (190400-580326705):8)
11-23 22:14:11.847  3074 31793 E ckqk    : 	at java.lang.Thread.run(Thread.java:1012)
11-23 22:14:11.847   648   711 I SDM     : HWCDisplay::GetColorModeCount: Supported color mode count = 3
11-23 22:14:11.847   648   711 I SDM     : HWCDisplay::GetColorModes: Color mode = 0 is supported
11-23 22:14:11.847   648   711 I SDM     : HWCDisplay::GetColorModes: Color mode = 7 is supported
11-23 22:14:11.847   648   711 I SDM     : HWCDisplay::GetColorModes: Color mode = 9 is supported
11-23 22:14:11.848  4428  4467 E OpenGLRenderer: Unable to match the desired swap behavior.
11-23 22:14:11.850  3074 31793 W AsyncOperation: operation=GetExperimentTokensOperationCall, opStatusCode=29505 [CONTEXT service_id=51 ]
11-23 22:14:11.850  3074 31793 W AsyncOperation: OperationException[Status{statusCode=No config packages for log source, or config package not registered, resolution=null}]
11-23 22:14:11.850  3074 31793 W AsyncOperation: 	at ckqk.g(:com.google.android.gms@234414038@23.44.14 (190400-580326705):48)
11-23 22:14:11.850  3074 31793 W AsyncOperation: 	at ckqk.f(:com.google.android.gms@234414038@23.44.14 (190400-580326705):11)
11-23 22:14:11.850  3074 31793 W AsyncOperation: 	at bfmo.fh(:com.google.android.gms@234414038@23.44.14 (190400-580326705):1)
11-23 22:14:11.850  3074 31793 W AsyncOperation: 	at bfmz.run(:com.google.android.gms@234414038@23.44.14 (190400-580326705):100)
11-23 22:14:11.850  3074 31793 W AsyncOperation: 	at dvlp.run(:com.google.android.gms@234414038@23.44.14 (190400-580326705):13)
11-23 22:14:11.850  3074 31793 W AsyncOperation: 	at ajls.c(:com.google.android.gms@234414038@23.44.14 (190400-580326705):50)
11-23 22:14:11.850  3074 31793 W AsyncOperation: 	at ajls.run(:com.google.android.gms@234414038@23.44.14 (190400-580326705):76)
11-23 22:14:11.850  3074 31793 W AsyncOperation: 	at java.util.concurrent.ThreadPoolExecutor.runWorker(ThreadPoolExecutor.java:1145)
11-23 22:14:11.850  3074 31793 W AsyncOperation: 	at java.util.concurrent.ThreadPoolExecutor$Worker.run(ThreadPoolExecutor.java:644)
11-23 22:14:11.850  3074 31793 W AsyncOperation: 	at ajqx.run(:com.google.android.gms@234414038@23.44.14 (190400-580326705):8)
11-23 22:14:11.850  3074 31793 W AsyncOperation: 	at java.lang.Thread.run(Thread.java:1012)
11-23 22:14:11.852   595   595 I servicemanager: Could not find android.hardware.graphics.allocator.IAllocator/default in the VINTF manifest.
11-23 22:14:11.867  1795  2096 I ActivityTaskManager: Displayed com.chrome.canary/com.google.android.apps.chrome.Main: +298ms
11-23 22:14:11.870  2588  2588 I WallpaperService: engine paused
11-23 22:14:11.871  1011  1011 I sensors-hal: [hal]activate_physical_sensor:251, android.sensor.gyroscope/41 en=0
11-23 22:14:11.872  4428  4428 I cr_CombinedPProvider: #linkNativeInternal() 0
11-23 22:14:11.872  4428  4428 I cr_PolicyProvider: #setManagerAndSource() 0
11-23 22:14:11.873  4428  4428 I cr_PolicyCacheProvider: #refresh() true
11-23 22:14:11.874  1011  1011 D Diag_Lib: diag: Diag_LSM_DeInit: invoked for pid: 1011
11-23 22:14:11.874  1011  1011 D Diag_Lib: diag: Diag_LSM_DeInit: done for pid: 1011
11-23 22:14:11.878  1011  1011 D Diag_Lib: diag: Diag_LSM_DeInit: invoked for pid: 1011
11-23 22:14:11.878  1011  1011 D Diag_Lib: diag: Diag_LSM_DeInit: done for pid: 1011
11-23 22:14:11.878  1011  1011 I sensors-hal: [hal]activate_physical_sensor:262, android.sensor.gyroscope/41 en=0 completed
11-23 22:14:11.883  4428  4445 I cr_PartnerCustUma: Partner Customization delegate: 0.
11-23 22:14:11.883  4428  4445 W cr_PartnerCustomize: Partner homepage must be HTTP(S) or NewTabPage. Got invalid URL ""
11-23 22:14:11.884  1011  1189 I ASH     : @ 120904.078: tcs3701: stop power rail pending_off timer
11-23 22:14:11.884  1011  1189 D ASH     : @ 120904.078: tcs3701: start power rail timer, state:3
11-23 22:14:11.887  1795  2120 I AppZygote: Starting application preload.
11-23 22:14:11.889  9398  7808 I BatteryMgr:DataCollectionService: stats => 1700774051889,11596,4445,9765,4169000,100
11-23 22:14:11.890  4479  4479 I AppZygoteInit: Beginning application preload for com.chrome.canary
11-23 22:14:11.891  4479  4479 W ziparchive: Unable to open '/data/app/~~-FnXeb6__ecKd-dFZ4kZZA==/com.google.android.trichromelibrary.canary_613700033-7Q2vBiD9q0nCftKFg-pq8w==/base.dm': No such file or directory
11-23 22:14:11.891  4479  4479 W ziparchive: Unable to open '/data/app/~~-FnXeb6__ecKd-dFZ4kZZA==/com.google.android.trichromelibrary.canary_613700033-7Q2vBiD9q0nCftKFg-pq8w==/base.dm': No such file or directory
11-23 22:14:11.892  4479  4479 W e.canary_zygote: Entry not found
11-23 22:14:11.894  4479  4479 D nativeloader: Configuring clns-4 for other apk /data/app/~~-FnXeb6__ecKd-dFZ4kZZA==/com.google.android.trichromelibrary.canary_613700033-7Q2vBiD9q0nCftKFg-pq8w==/base.apk. target_sdk_version=34, uses_libraries=ALL, library_path=/data/app/~~dutrJzl_xJkEyCCvIkexCw==/com.chrome.canary-4jcd8srf2WXxld2NC1r69A==/lib/arm64:/data/app/~~dutrJzl_xJkEyCCvIkexCw==/com.chrome.canary-4jcd8srf2WXxld2NC1r69A==/base.apk!/lib/arm64-v8a:/data/app/~~-FnXeb6__ecKd-dFZ4kZZA==/com.google.android.trichromelibrary.canary_613700033-7Q2vBiD9q0nCftKFg-pq8w==/base.apk!/lib/arm64-v8a, permitted_path=/data:/mnt/expand
11-23 22:14:11.894  9398  9434 I BatteryMgr:DataCollectionService: stats => 1700774051894,11596,4445,9765,4169000,100
11-23 22:14:11.900  4479  4479 D nativeloader: Configuring clns-5 for other apk /data/app/~~dutrJzl_xJkEyCCvIkexCw==/com.chrome.canary-4jcd8srf2WXxld2NC1r69A==/base.apk. target_sdk_version=34, uses_libraries=, library_path=/data/app/~~dutrJzl_xJkEyCCvIkexCw==/com.chrome.canary-4jcd8srf2WXxld2NC1r69A==/lib/arm64:/data/app/~~dutrJzl_xJkEyCCvIkexCw==/com.chrome.canary-4jcd8srf2WXxld2NC1r69A==/base.apk!/lib/arm64-v8a:/data/app/~~-FnXeb6__ecKd-dFZ4kZZA==/com.google.android.trichromelibrary.canary_613700033-7Q2vBiD9q0nCftKFg-pq8w==/base.apk!/lib/arm64-v8a, permitted_path=/data:/mnt/expand
11-23 22:14:11.905  4479  4479 I cr_ZygotePreload: Loaded Zygote. version=121.0.6137.0 minSdkVersion=29 isBundle=true
11-23 22:14:11.909  4479  4479 I cr_LibraryLoader: Loading monochrome_64 from within /data/app/~~dutrJzl_xJkEyCCvIkexCw==/com.chrome.canary-4jcd8srf2WXxld2NC1r69A==/base.apk
11-23 22:14:11.909  4479  4479 I cr_Linker: loadLibraryImplLocked: monochrome_64, relroMode=1
11-23 22:14:11.922  1011  1189 I ASH     : @ 120904.118: tcs3701: stop power rail pending_off timer
11-23 22:14:11.922  1011  1189 D ASH     : @ 120904.118: tcs3701: start power rail timer, state:3
11-23 22:14:11.925  1795  2120 I AppZygote: Application preload done.
11-23 22:14:11.925  4479  4479 I AppZygoteInit: Application preload done
11-23 22:14:11.935  4428  4428 I chromium: [INFO:policy_logger.cc(144)] :components/enterprise/browser/controller/chrome_browser_cloud_management_controller.cc(273) Deferring CBCM Controller Initialization until it is unblocked.
11-23 22:14:11.936  4479  4488 W e.canary_zygote: Reducing the number of considered missed Gc histogram windows from 12090 to 100
11-23 22:14:11.937  4479  4479 I Zygote  : Entering forkRepeatedly native zygote loop
11-23 22:14:11.946  4479  4479 D Zygote  : Forked child process 4511
11-23 22:14:11.947  1795  2120 W ActivityManager: Slow operation: 120ms so far, now at startProcess: returned from zygote!
11-23 22:14:11.948  1795  2120 W ActivityManager: Slow operation: 120ms so far, now at startProcess: done updating battery stats
11-23 22:14:11.948  1795  2120 W ActivityManager: Slow operation: 120ms so far, now at startProcess: building log message
11-23 22:14:11.948  1795  2120 I ActivityManager: Start proc 4511:com.chrome.canary:sandboxed_process0:org.chromium.content.app.SandboxedProcessService0:0/u0ai0 for  {com.chrome.canary/org.chromium.content.app.SandboxedProcessService0:0}
11-23 22:14:11.948  1795  2120 W ActivityManager: Slow operation: 121ms so far, now at startProcess: starting to update pids map
11-23 22:14:11.948  1795  2120 W ActivityManager: Slow operation: 121ms so far, now at startProcess: done updating pids map
11-23 22:14:11.950   987   987 I Zygote  : Entering forkRepeatedly native zygote loop
11-23 22:14:11.956   987   987 D Zygote  : Forked child process 4513
11-23 22:14:11.956  1795  2120 I ActivityManager: Start proc 4513:com.chrome.canary:privileged_process0/u0a10 for service {com.chrome.canary/org.chromium.content.app.PrivilegedProcessService0}
11-23 22:14:11.958  4511  4511 E libc    : SetHeapTaggingLevel: re-enabling tagging after it was disabled is not supported
11-23 22:14:11.960  4511  4511 I ocessService0:0: Using CollectorTypeCC GC.
11-23 22:14:11.962  1011  1189 I ASH     : @ 120904.158: tcs3701: stop power rail pending_off timer
11-23 22:14:11.962  1011  1189 D ASH     : @ 120904.158: tcs3701: start power rail timer, state:3
11-23 22:14:11.969  4428  4428 I cr_SmsProviderGms: construction successfull AM3@3692452, xM3@3110dd9
11-23 22:14:11.969  1383  1442 I adbd    : jdwp connection from 4511
11-23 22:14:11.970  4513  4513 I ileged_process0: Using CollectorTypeCC GC.
11-23 22:14:11.981  3657  3683 D ForegroundUtils: Foreground UID status:
11-23 22:14:11.981  3657  3683 D ForegroundUtils: UID: 10010 is in foreground: true
11-23 22:14:11.981  3657  3683 D ForegroundUtils: UID: 10128 is in foreground: true
11-23 22:14:11.981  3657  3683 D ForegroundUtils: UID: 10145 is in foreground: true
11-23 22:14:11.981  3657  3683 D ForegroundUtils: UID: 10158 is in foreground: true
11-23 22:14:11.981  3657  3683 D ForegroundUtils: UID: 10189 is in foreground: false
11-23 22:14:11.982  3657  3683 D ForegroundUtils: UID: 10194 is in foreground: true
11-23 22:14:11.982  3657  3683 D ForegroundUtils: UID: 10206 is in foreground: false
11-23 22:14:11.982  3657  3683 D ForegroundUtils: UID: 10233 is in foreground: true
11-23 22:14:11.982  3657  3683 D ForegroundUtils: UID: 10244 is in foreground: true
11-23 22:14:11.982  3657  3683 D ForegroundUtils: UID: 10319 is in foreground: true
11-23 22:14:11.982  3657  3683 D ForegroundUtils: UID: 90000 is in foreground: true
11-23 22:14:11.983  4511  4511 I ActivityThread: Relaunch all activities: onCoreSettingsChange
11-23 22:14:11.984  4511  4511 D CompatibilityChangeReporter: Compat change id reported: 171979766; UID 90000; state: ENABLED
11-23 22:14:11.990  1795  3658 D ConnectivityService: requestNetwork for uid/pid:10010/4428 activeRequest: null callbackRequest: 3627 [NetworkRequest [ REQUEST id=3628, [ Capabilities: INTERNET&NOT_RESTRICTED&TRUSTED&NOT_VCN_MANAGED Uid: 10010 RequestorUid: 10010 RequestorPkg: com.chrome.canary UnderlyingNetworks: Null] ]] callback flags: 0 order: 2147483647
11-23 22:14:11.992  1795  2424 D WifiNetworkFactory: got request NetworkRequest [ REQUEST id=3628, [ Capabilities: INTERNET&NOT_RESTRICTED&TRUSTED&NOT_VCN_MANAGED Uid: 10010 RequestorUid: 10010 RequestorPkg: com.chrome.canary UnderlyingNetworks: Null] ]
11-23 22:14:11.992  1795  2424 V WifiNetworkFactory: Accepted network request NetworkRequest [ REQUEST id=3628, [ Capabilities: INTERNET&NOT_RESTRICTED&TRUSTED&NOT_VCN_MANAGED Uid: 10010 RequestorUid: 10010 RequestorPkg: com.chrome.canary UnderlyingNetworks: Null] ]
11-23 22:14:11.992  1795  2424 D UntrustedWifiNetworkFactory: got request NetworkRequest [ REQUEST id=3628, [ Capabilities: INTERNET&NOT_RESTRICTED&TRUSTED&NOT_VCN_MANAGED Uid: 10010 RequestorUid: 10010 RequestorPkg: com.chrome.canary UnderlyingNetworks: Null] ]
11-23 22:14:11.992  1795  2424 D OemPaidWifiNetworkFactory: got request NetworkRequest [ REQUEST id=3628, [ Capabilities: INTERNET&NOT_RESTRICTED&TRUSTED&NOT_VCN_MANAGED Uid: 10010 RequestorUid: 10010 RequestorPkg: com.chrome.canary UnderlyingNetworks: Null] ]
11-23 22:14:11.992  1795  2424 D MultiInternetWifiNetworkFactory: got request NetworkRequest [ REQUEST id=3628, [ Capabilities: INTERNET&NOT_RESTRICTED&TRUSTED&NOT_VCN_MANAGED Uid: 10010 RequestorUid: 10010 RequestorPkg: com.chrome.canary UnderlyingNetworks: Null] ]
11-23 22:14:11.992  1795  2432 D ConnectivityService: NetReassign [3628 : null → 100] [c 0] [a 0] [i 2]
11-23 22:14:11.994  9398  9434 I BatteryMgr:DataCollectionService: stats => 1700774051994,11596,4445,9765,4169000,100
11-23 22:14:11.994  1383  1442 I adbd    : jdwp connection from 4513
11-23 22:14:11.996  1795  2432 D ConnectivityService: NetReassign [no changes] [c 0] [a 1] [i 3]
11-23 22:14:12.002  1011  1189 I ASH     : @ 120904.198: tcs3701: stop power rail pending_off timer
11-23 22:14:12.002  1011  1189 D ASH     : @ 120904.198: tcs3701: start power rail timer, state:3
11-23 22:14:12.003  9398  9434 I BatteryMgr:DataCollectionService: stats => 1700774052003,11596,4445,9765,4169000,100
11-23 22:14:12.004  4511  4511 I LoadedApk: No resource references to update in package com.google.android.trichromelibrary.canary
11-23 22:14:12.004  4511  4511 D NetworkSecurityConfig: Using Network Security Config from resource 0_resource_name_obfuscated debugBuild: false
11-23 22:14:12.005  4511  4511 D NetworkSecurityConfig: Using Network Security Config from resource 0_resource_name_obfuscated debugBuild: false
11-23 22:14:12.006  4511  4511 I cr_SplitCompatApp: Launched version=121.0.6137.0 minSdkVersion=29 isBundle=true processName=com.chrome.canary:sandboxed_process0:org.chromium.content.app.SandboxedProcessService0:0 isIsolated=true
11-23 22:14:12.009  4513  4513 I ActivityThread: Relaunch all activities: onCoreSettingsChange
11-23 22:14:12.010  4513  4513 D CompatibilityChangeReporter: Compat change id reported: 171979766; UID 10010; state: ENABLED
11-23 22:14:12.013  4511  4511 W SystemServiceRegistry: No service published for: uimode
11-23 22:14:12.017  4513  4513 W ziparchive: Unable to open '/data/app/~~-FnXeb6__ecKd-dFZ4kZZA==/com.google.android.trichromelibrary.canary_613700033-7Q2vBiD9q0nCftKFg-pq8w==/base.dm': No such file or directory
11-23 22:14:12.017  4513  4513 W ziparchive: Unable to open '/data/app/~~-FnXeb6__ecKd-dFZ4kZZA==/com.google.android.trichromelibrary.canary_613700033-7Q2vBiD9q0nCftKFg-pq8w==/base.dm': No such file or directory
11-23 22:14:12.018  4513  4513 W ileged_process0: Entry not found
11-23 22:14:12.019  4513  4513 D nativeloader: Configuring clns-4 for other apk /data/app/~~-FnXeb6__ecKd-dFZ4kZZA==/com.google.android.trichromelibrary.canary_613700033-7Q2vBiD9q0nCftKFg-pq8w==/base.apk. target_sdk_version=34, uses_libraries=ALL, library_path=/data/app/~~dutrJzl_xJkEyCCvIkexCw==/com.chrome.canary-4jcd8srf2WXxld2NC1r69A==/lib/arm64:/data/app/~~dutrJzl_xJkEyCCvIkexCw==/com.chrome.canary-4jcd8srf2WXxld2NC1r69A==/base.apk!/lib/arm64-v8a:/data/app/~~-FnXeb6__ecKd-dFZ4kZZA==/com.google.android.trichromelibrary.canary_613700033-7Q2vBiD9q0nCftKFg-pq8w==/base.apk!/lib/arm64-v8a, permitted_path=/data:/mnt/expand:/data/user/0/com.chrome.canary
11-23 22:14:12.021  4511  4511 I cr_ChildProcessService: Creating new ChildProcessService pid=4511
11-23 22:14:12.028  1795  3807 D ConnectivityService: requestNetwork for uid/pid:10010/4428 activeRequest: null callbackRequest: 3630 [NetworkRequest [ REQUEST id=3631, [ Capabilities: INTERNET&NOT_RESTRICTED&TRUSTED&NOT_VCN_MANAGED Uid: 10010 RequestorUid: 10010 RequestorPkg: com.chrome.canary UnderlyingNetworks: Null] ]] callback flags: 0 order: 2147483647
11-23 22:14:12.029  4513  4513 D nativeloader: Configuring clns-5 for other apk /data/app/~~dutrJzl_xJkEyCCvIkexCw==/com.chrome.canary-4jcd8srf2WXxld2NC1r69A==/base.apk. target_sdk_version=34, uses_libraries=, library_path=/data/app/~~dutrJzl_xJkEyCCvIkexCw==/com.chrome.canary-4jcd8srf2WXxld2NC1r69A==/lib/arm64:/data/app/~~dutrJzl_xJkEyCCvIkexCw==/com.chrome.canary-4jcd8srf2WXxld2NC1r69A==/base.apk!/lib/arm64-v8a:/data/app/~~-FnXeb6__ecKd-dFZ4kZZA==/com.google.android.trichromelibrary.canary_613700033-7Q2vBiD9q0nCftKFg-pq8w==/base.apk!/lib/arm64-v8a, permitted_path=/data:/mnt/expand:/data/user/0/com.chrome.canary
11-23 22:14:12.032  1795  2855 D CompatibilityChangeReporter: Compat change id reported: 182734110; UID 10010; state: ENABLED
11-23 22:14:12.033  4428  4428 I cr_CombinedPProvider: #registerProvider() provider:gN2@9ddff28 isPolicyCacheEnabled:true policyProvidersSize:0
11-23 22:14:12.033  4428  4428 I cr_PolicyProvider: #setManagerAndSource() 0
11-23 22:14:12.033  4428  4428 I cr_CombinedPProvider: #registerProvider() provider:fj@2b7cde6 isPolicyCacheEnabled:false policyProvidersSize:1
11-23 22:14:12.034  4428  4428 I cr_PolicyProvider: #setManagerAndSource() 1
11-23 22:14:12.034  4428  4428 I cr_AppResProvider: #getApplicationRestrictionsFromUserManager() Bundle[EMPTY_PARCEL]
11-23 22:14:12.034  4428  4428 I cr_PolicyProvider: #notifySettingsAvailable() 1
11-23 22:14:12.034  4428  4428 I cr_CombinedPProvider: #onSettingsAvailable() 1
11-23 22:14:12.035  1795  3759 D CompatibilityChangeReporter: Compat change id reported: 149924527; UID 10010; state: ENABLED
11-23 22:14:12.035  1795  2424 D WifiNetworkFactory: got request NetworkRequest [ REQUEST id=3631, [ Capabilities: INTERNET&NOT_RESTRICTED&TRUSTED&NOT_VCN_MANAGED Uid: 10010 RequestorUid: 10010 RequestorPkg: com.chrome.canary UnderlyingNetworks: Null] ]
11-23 22:14:12.035  1795  2424 V WifiNetworkFactory: Accepted network request NetworkRequest [ REQUEST id=3631, [ Capabilities: INTERNET&NOT_RESTRICTED&TRUSTED&NOT_VCN_MANAGED Uid: 10010 RequestorUid: 10010 RequestorPkg: com.chrome.canary UnderlyingNetworks: Null] ]
11-23 22:14:12.036  1795  3759 D CompatibilityChangeReporter: Compat change id reported: 132649864; UID 10010; state: DISABLED
11-23 22:14:12.036  1795  2424 D UntrustedWifiNetworkFactory: got request NetworkRequest [ REQUEST id=3631, [ Capabilities: INTERNET&NOT_RESTRICTED&TRUSTED&NOT_VCN_MANAGED Uid: 10010 RequestorUid: 10010 RequestorPkg: com.chrome.canary UnderlyingNetworks: Null] ]
11-23 22:14:12.036  4428  4428 I cr_CompositorSurfaceMgr: Transitioning to surface with format: -1
11-23 22:14:12.037  1795  2424 D OemPaidWifiNetworkFactory: got request NetworkRequest [ REQUEST id=3631, [ Capabilities: INTERNET&NOT_RESTRICTED&TRUSTED&NOT_VCN_MANAGED Uid: 10010 RequestorUid: 10010 RequestorPkg: com.chrome.canary UnderlyingNetworks: Null] ]
11-23 22:14:12.037  1795  2424 D MultiInternetWifiNetworkFactory: got request NetworkRequest [ REQUEST id=3631, [ Capabilities: INTERNET&NOT_RESTRICTED&TRUSTED&NOT_VCN_MANAGED Uid: 10010 RequestorUid: 10010 RequestorPkg: com.chrome.canary UnderlyingNetworks: Null] ]
11-23 22:14:12.038  4428  4428 I cr_CompositorSurfaceMgr: surfaceCreated format: 0
11-23 22:14:12.038  1795  2432 D ConnectivityService: NetReassign [3631 : null → 100] [c 0] [a 1] [i 8]
11-23 22:14:12.041  4428  4428 W m.chrome.canary: Accessing hidden method Landroid/telephony/TelephonyManager;->getSubscriberInfoService()Lcom/android/internal/telephony/IPhoneSubInfo; (blocked, reflection, denied)
11-23 22:14:12.041  4428  4428 W m.chrome.canary: Accessing hidden method Landroid/telephony/TelephonyManager;->getSubscriberInfoService()Lcom/android/internal/telephony/IPhoneSubInfo; (blocked, reflection, denied)
11-23 22:14:12.041  4428  4428 W m.chrome.canary: Accessing hidden method Landroid/telephony/TelephonyManager;->getSubscriptionService()Lcom/android/internal/telephony/ISub; (blocked, reflection, denied)
11-23 22:14:12.041  4428  4428 W m.chrome.canary: Accessing hidden method Landroid/telephony/TelephonyManager;->getSubscriptionService()Lcom/android/internal/telephony/ISub; (blocked, reflection, denied)
11-23 22:14:12.041  4428  4428 W m.chrome.canary: Accessing hidden method Landroid/telephony/TelephonyManager;->getSmsService()Lcom/android/internal/telephony/ISms; (blocked, reflection, denied)
11-23 22:14:12.041  4428  4428 W m.chrome.canary: Accessing hidden method Landroid/telephony/TelephonyManager;->getSmsService()Lcom/android/internal/telephony/ISms; (blocked, reflection, denied)
11-23 22:14:12.041  4428  4428 W m.chrome.canary: Accessing hidden method Landroid/telephony/TelephonyManager;->getITelephony()Lcom/android/internal/telephony/ITelephony; (max-target-p, reflection, denied)
11-23 22:14:12.041  4428  4428 W m.chrome.canary: Accessing hidden method Landroid/telephony/TelephonyManager;->getITelephony()Lcom/android/internal/telephony/ITelephony; (max-target-p, reflection, denied)
11-23 22:14:12.042  1011  1189 I ASH     : @ 120904.238: tcs3701: stop power rail pending_off timer
11-23 22:14:12.043  1011  1189 D ASH     : @ 120904.238: tcs3701: start power rail timer, state:3
11-23 22:14:12.044  1795  2432 D ConnectivityService: NetReassign [no changes] [c 0] [a 0] [i 6]
11-23 22:14:12.047  4513  4513 V GraphicsEnvironment: ANGLE Developer option for 'com.chrome.canary' set to: 'default'
11-23 22:14:12.047  4513  4513 V GraphicsEnvironment: ANGLE GameManagerService for com.chrome.canary: false
11-23 22:14:12.048  4513  4513 V GraphicsEnvironment: Updatable production driver is not supported on the device.
11-23 22:14:12.050  4513  4513 I LoadedApk: No resource references to update in package com.google.android.trichromelibrary.canary
