11-23 22:14:12.050  4513  4513 D NetworkSecurityConfig: Using Network Security Config from resource 0_resource_name_obfuscated debugBuild: false
11-23 22:14:12.051  4513  4513 D NetworkSecurityConfig: Using Network Security Config from resource 0_resource_name_obfuscated debugBuild: false
11-23 22:14:12.051  4513  4513 I cr_SplitCompatApp: Launched version=121.0.6137.0 minSdkVersion=29 isBundle=true processName=com.chrome.canary:privileged_process0 isIsolated=false
11-23 22:14:12.061  4513  4513 I cr_ChildProcessService: Creating new ChildProcessService pid=4513
11-23 22:14:12.066  4428  4428 I cr_EnterpriseInfoImpl: #setCacheResult() deviceOwned:false profileOwned:false
11-23 22:14:12.066  4428  4428 I cr_EnterpriseInfo: #getManagedStateForNative() CQ0@5370d07
11-23 22:14:12.066  4428  4428 I cr_ChromeTabbedActivity: #initializeState
11-23 22:14:12.069  4513  4563 I cr_LibraryLoader: Loading monochrome_64 from within /data/app/~~dutrJzl_xJkEyCCvIkexCw==/com.chrome.canary-4jcd8srf2WXxld2NC1r69A==/base.apk
11-23 22:14:12.069  4513  4563 I cr_Linker: loadLibraryImplLocked: monochrome_64, relroMode=2
11-23 22:14:12.082  1011  1189 I ASH     : @ 120904.278: tcs3701: stop power rail pending_off timer
11-23 22:14:12.082  1011  1189 D ASH     : @ 120904.278: tcs3701: start power rail timer, state:3
11-23 22:14:12.085  4428  4428 E m.chrome.canary: Invalid ID 0x00000000.
11-23 22:14:12.085  4513  4563 I cr_LibraryLoader: Successfully loaded native library
11-23 22:14:12.086  4513  4563 I cr_CachingUmaRecorder: Flushed 4 samples from 4 histograms, 0 samples were dropped.
11-23 22:14:12.096  4513  4563 I AdrenoGLES-0: QUALCOMM build                   : 4783c89, I46ff5fc46f
11-23 22:14:12.096  4513  4563 I AdrenoGLES-0: Build Date                       : 11/30/20
11-23 22:14:12.096  4513  4563 I AdrenoGLES-0: OpenGL ES Shader Compiler Version: EV031.31.04.01
11-23 22:14:12.096  4513  4563 I AdrenoGLES-0: Local Branch                     : QPR2
11-23 22:14:12.096  4513  4563 I AdrenoGLES-0: Remote Branch                    : 
11-23 22:14:12.096  4513  4563 I AdrenoGLES-0: Remote Branch                    : 
11-23 22:14:12.096  4513  4563 I AdrenoGLES-0: Reconstruct Branch               : 
11-23 22:14:12.096  4513  4563 I AdrenoGLES-0: Build Config                     : S P 10.0.4 AArch64
11-23 22:14:12.096  4513  4563 I AdrenoGLES-0: Driver Path                      : /vendor/lib64/egl/libGLESv2_adreno.so
11-23 22:14:12.100  4513  4563 I AdrenoGLES-0: PFP: 0x016dd093, ME: 0x00000000
11-23 22:14:12.101  3845  3845 D BoundBrokerSvc: onBind: Intent { act=com.google.android.gms.languageprofile.service.START pkg=com.google.android.gms }
11-23 22:14:12.101  3845  3845 D BoundBrokerSvc: Loading bound service for intent: Intent { act=com.google.android.gms.languageprofile.service.START pkg=com.google.android.gms }
11-23 22:14:12.101  4513  4563 W AdrenoUtils: <ReadGpuID_from_sysfs:197>: Failed to open /sys/class/kgsl/kgsl-3d0/gpu_model
11-23 22:14:12.101  4513  4563 W AdrenoUtils: <ReadGpuID:221>: Failed to read chip ID from gpu_model. Fallback to use the GSL path
11-23 22:14:12.101  3845  3845 E AbstractGmsTracer: Traced class shouldn't be obfuscated: LanguageProfileChimeraService [CONTEXT service_id=259 ]
11-23 22:14:12.104  3845  3845 E AbstractGmsTracer: Traced class shouldn't be obfuscated: GmsIntentOperationChimeraService [CONTEXT service_id=259 ]
11-23 22:14:12.107  9398  9434 I BatteryMgr:DataCollectionService: stats => 1700774052107,11596,4445,9765,4169000,100
11-23 22:14:12.109  3845  4567 E AbstractGmsTracer: Traced class shouldn't be obfuscated: AccountsChangedIntentOperation [CONTEXT service_id=259 ]
11-23 22:14:12.111  9398  7808 I BatteryMgr:DataCollectionService: stats => 1700774052111,11596,4445,9765,4169000,100
11-23 22:14:12.116  4428  4428 V MediaRouter: Selecting route: RouteInfo{ name=Phone, description=null, status=null, category=RouteCategory{ name=System types=ROUTE_TYPE_LIVE_AUDIO ROUTE_TYPE_LIVE_VIDEO  groupable=false }, supportedTypes=ROUTE_TYPE_LIVE_AUDIO ROUTE_TYPE_LIVE_VIDEO , presentationDisplay=null }
11-23 22:14:12.116  4428  4428 I MediaRouter: Skip setBluetoothA2dpOn(): types=8388615, isPlaybackActive()=false, BT route=null
11-23 22:14:12.117  4428  4428 W m.chrome.canary: Accessing hidden field Landroid/media/MediaRouter;->sStatic:Landroid/media/MediaRouter$Static; (max-target-o, reflection, denied)
11-23 22:14:12.118  4428  4428 I GlobalMediaRouter: Found default route: MediaRouter.RouteInfo{ uniqueId=DEFAULT_ROUTE, name=Phone, description=null, iconUri=null, enabled=true, isSystemRoute=true, connectionState=0, canDisconnect=false, playbackType=0, playbackStream=3, deviceType=0, volumeHandling=1, volume=0, volumeMax=25, presentationDisplayId=-1, extras=null, settingsIntent=null, providerPackageName=android }
11-23 22:14:12.118  4428  4428 I GlobalMediaRouter: Unselecting the current route because it is no longer selectable: null
11-23 22:14:12.119  3563  3575 W FuseDaemon: Reducing the number of considered missed Gc histogram windows from 652 to 100
11-23 22:14:12.122  1011  1189 I ASH     : @ 120904.318: tcs3701: stop power rail pending_off timer
11-23 22:14:12.122  1011  1189 D ASH     : @ 120904.318: tcs3701: start power rail timer, state:3
11-23 22:14:12.125  4428  4509 W cr_media: BLUETOOTH_CONNECT permission is missing.
11-23 22:14:12.126  4428  4509 W cr_media: registerBluetoothIntentsIfNeeded: Requires BLUETOOTH permission
11-23 22:14:12.131  4513  4563 D vulkan  : searching for layers in '/data/app/~~dutrJzl_xJkEyCCvIkexCw==/com.chrome.canary-4jcd8srf2WXxld2NC1r69A==/lib/arm64'
11-23 22:14:12.131  4513  4563 D vulkan  : searching for layers in '/data/app/~~dutrJzl_xJkEyCCvIkexCw==/com.chrome.canary-4jcd8srf2WXxld2NC1r69A==/base.apk!/lib/arm64-v8a'
11-23 22:14:12.132  4513  4563 D vulkan  : searching for layers in '/data/app/~~-FnXeb6__ecKd-dFZ4kZZA==/com.google.android.trichromelibrary.canary_613700033-7Q2vBiD9q0nCftKFg-pq8w==/base.apk!/lib/arm64-v8a'
11-23 22:14:12.133  4511  4558 I cr_LibraryLoader: Successfully loaded native library
11-23 22:14:12.134  4511  4558 I cr_CachingUmaRecorder: Flushed 3 samples from 3 histograms, 0 samples were dropped.
11-23 22:14:12.136  4513  4563 I AdrenoVK-0: ===== BEGIN DUMP OF OVERRIDDEN SETTINGS =====
11-23 22:14:12.136  4513  4563 I AdrenoVK-0: ===== END DUMP OF OVERRIDDEN SETTINGS =====
11-23 22:14:12.136  4513  4563 I AdrenoVK-0: QUALCOMM build          : 4783c89, I46ff5fc46f
11-23 22:14:12.136  4513  4563 I AdrenoVK-0: Build Date              : 11/30/20
11-23 22:14:12.136  4513  4563 I AdrenoVK-0: Shader Compiler Version : EV031.31.04.01
11-23 22:14:12.136  4513  4563 I AdrenoVK-0: Local Branch            : QPR2
11-23 22:14:12.136  4513  4563 I AdrenoVK-0: Remote Branch           : 
11-23 22:14:12.136  4513  4563 I AdrenoVK-0: Remote Branch           : 
11-23 22:14:12.136  4513  4563 I AdrenoVK-0: Reconstruct Branch      : 
11-23 22:14:12.136  4513  4563 I AdrenoVK-0: Build Config            : S P 10.0.4 AArch64
11-23 22:14:12.136  4513  4563 I AdrenoVK-0: Driver Path             : /vendor/lib64/hw/vulkan.adreno.so
11-23 22:14:12.151  4513  4576 W Parcel  : Expecting binder but got null!
11-23 22:14:12.162  1011  1189 I ASH     : @ 120904.358: tcs3701: stop power rail pending_off timer
11-23 22:14:12.162  1011  1189 D ASH     : @ 120904.358: tcs3701: start power rail timer, state:3
11-23 22:14:12.168  3074  4792 I FontLog : (REDACTED) Received query %s, URI %s
11-23 22:14:12.168  3074  4792 I FontLog : (REDACTED) Query [%s] resolved to %s
11-23 22:14:12.170  3074  4792 I FontLog : (REDACTED) Font PFD returned from cache for %s
11-23 22:14:12.170  3074  4792 I FontLog : (REDACTED) Fetch %s end status %s
11-23 22:14:12.171  3074  4300 I FontLog : (REDACTED) Pulling font file for id = %d, cache size = %d
11-23 22:14:12.173  3074  4300 I FontLog : (REDACTED) Received query %s, URI %s
11-23 22:14:12.173  3074  4300 I FontLog : (REDACTED) Query [%s] resolved to %s
11-23 22:14:12.174  3074  4300 I FontLog : (REDACTED) Fetch %s end status %s
11-23 22:14:12.175  3074  4300 I FontLog : (REDACTED) Pulling font file for id = %d, cache size = %d
11-23 22:14:12.176  3074  4300 I FontLog : (REDACTED) Received query %s, URI %s
11-23 22:14:12.176  3074  4300 I FontLog : (REDACTED) Query [%s] resolved to %s
11-23 22:14:12.178  4428  4502 W chromium: [WARNING:ev_root_ca_metadata.cc(119)] Not implemented
11-23 22:14:12.178  4428  4502 W chromium: [WARNING:ev_root_ca_metadata.cc(119)] Not implemented
11-23 22:14:12.181  3074  4300 I FontLog : (REDACTED) Font PFD returned from cache for %s
11-23 22:14:12.181  3074  4300 I FontLog : (REDACTED) Fetch %s end status %s
11-23 22:14:12.182  3074  4300 I FontLog : (REDACTED) Pulling font file for id = %d, cache size = %d
11-23 22:14:12.184  3074  4300 I FontLog : (REDACTED) Received query %s, URI %s
11-23 22:14:12.184  3074  4300 I FontLog : (REDACTED) Query [%s] resolved to %s
11-23 22:14:12.184  3074  4300 I FontLog : (REDACTED) Font PFD returned from cache for %s
11-23 22:14:12.184  3074  4300 I FontLog : (REDACTED) Fetch %s end status %s
11-23 22:14:12.185  3074  4300 I FontLog : (REDACTED) Pulling font file for id = %d, cache size = %d
11-23 22:14:12.189  4428  4502 W chromium: [WARNING:ev_root_ca_metadata.cc(119)] Not implemented
11-23 22:14:12.189  4428  4502 W chromium: [WARNING:ev_root_ca_metadata.cc(119)] Not implemented
11-23 22:14:12.192  3563 23267 D MediaProvider: Open with FUSE. FilePath: /storage/emulated/0/Download/batterymanager-companion-1.0.0.zip. Uid: 10010. Media Capabilities Uid: 0. ShouldRedact: false. ShouldTranscode: false
11-23 22:14:12.194  3845  3845 E AbstractGmsTracer: Traced class shouldn't be obfuscated: LanguageProfileGcmTaskChimeraService [CONTEXT service_id=259 ]
11-23 22:14:12.195  3845  3845 E AbstractGmsTracer: Traced class shouldn't be obfuscated: LanguageProfileGcmTaskChimeraService [CONTEXT service_id=259 ]
11-23 22:14:12.198  3074  4391 I NetworkScheduler.Stats: (REDACTED) Task %s/%s started execution. cause:%s exec_start_elapsed_seconds: %s
11-23 22:14:12.202  3563 23267 D MediaProvider: Open with FUSE. FilePath: /storage/emulated/0/Download/com.example.batterymanager_utility (1).apk. Uid: 10010. Media Capabilities Uid: 0. ShouldRedact: false. ShouldTranscode: false
11-23 22:14:12.202  1011  1189 I ASH     : @ 120904.398: tcs3701: stop power rail pending_off timer
11-23 22:14:12.202  1011  1189 D ASH     : @ 120904.398: tcs3701: start power rail timer, state:3
11-23 22:14:12.206  4428  4428 I cr_PolicyProvider: #notifySettingsAvailable() 0
11-23 22:14:12.206  4428  4428 I cr_CombinedPProvider: #onSettingsAvailable() 0
11-23 22:14:12.206  4428  4428 I cr_CombinedPProvider: #flushPolicies()
11-23 22:14:12.207  4428  4428 I cr_PolicyService: #onPolicyServiceInitialized()
11-23 22:14:12.213  4428  4428 I cr_PolicyProvider: #notifySettingsAvailable() 0
11-23 22:14:12.213  4428  4428 I cr_CombinedPProvider: #onSettingsAvailable() 0
11-23 22:14:12.213  4428  4428 I cr_CombinedPProvider: #flushPolicies()
11-23 22:14:12.213  4511  4558 I tflite  : Initialized TensorFlow Lite runtime.
11-23 22:14:12.215  4511  4558 W libc    : Access denied finding property "ro.mediatek.platform"
11-23 22:14:12.215  4511  4558 W libc    : Access denied finding property "ro.chipname"
11-23 22:14:12.215  4511  4558 W libc    : Access denied finding property "ro.hardware.chipname"
11-23 22:14:12.216  4513  4589 W VideoCapabilities: Unrecognized level 1879048707 for video/x-vnd.on2.vp8
11-23 22:14:12.216  4513  4589 W VideoCapabilities: Unrecognized profile 1879048704 for video/x-vnd.on2.vp8
11-23 22:14:12.216  4513  4589 W VideoCapabilities: Unrecognized level 1879048707 for video/x-vnd.on2.vp8
11-23 22:14:12.216  4513  4589 W VideoCapabilities: Unrecognized profile 1879048704 for video/x-vnd.on2.vp8
11-23 22:14:12.217  9398  7808 I BatteryMgr:DataCollectionService: stats => 1700774052217,11596,4445,9765,4169000,100
11-23 22:14:12.217  4513  4589 W VideoCapabilities: Unsupported mime image/vnd.android.heic
11-23 22:14:12.217  4513  4589 W VideoCapabilities: Unrecognized level 1879048707 for video/x-vnd.on2.vp8
11-23 22:14:12.217  4513  4589 W VideoCapabilities: Unrecognized profile 1879048704 for video/x-vnd.on2.vp8
11-23 22:14:12.217  4513  4589 W VideoCapabilities: Unrecognized level 1879048707 for video/x-vnd.on2.vp8
11-23 22:14:12.217  4513  4589 W VideoCapabilities: Unrecognized profile 1879048704 for video/x-vnd.on2.vp8
11-23 22:14:12.217  3563 23267 D MediaProvider: Open with FUSE. FilePath: /storage/emulated/0/Download/com.example.batterymanager_utility.apk. Uid: 10010. Media Capabilities Uid: 0. ShouldRedact: false. ShouldTranscode: false
11-23 22:14:12.217  9398  9434 I BatteryMgr:DataCollectionService: stats => 1700774052217,11596,4445,9765,4169000,100
11-23 22:14:12.219  4513  4589 W cr_VAUtil: Unknown profile: 1879048704 for codec video/x-vnd.on2.vp8
11-23 22:14:12.243  1011  1189 I ASH     : @ 120904.438: tcs3701: stop power rail pending_off timer
11-23 22:14:12.243  1011  1189 D ASH     : @ 120904.438: tcs3701: start power rail timer, state:3
11-23 22:14:12.245  1795  3759 W InputManager-JNI: Input channel object '86c2ea8 Splash Screen com.chrome.canary (client)' was disposed without first being removed with the input manager!
11-23 22:14:12.248  3074 31529 I NetworkScheduler.Stats: (REDACTED) Task %s/%s finished executing. cause:%s result: %s elapsed_millis: %s uptime_millis: %s exec_start_elapsed_seconds: %s
11-23 22:14:12.249  3875  3875 I dzhj    : onStop
11-23 22:14:12.251  2940  3994 D OneSearchSuggestProvider: Shut down the binder channel
11-23 22:14:12.252  4428  4428 I cr_OfflineIndicator: onConnectionTypeChanged 2
11-23 22:14:12.252  2940 32579 I s.nexuslauncher: oneway function results for code 2 on binder at 0xb4000070951e7910 will be dropped but finished with status UNKNOWN_TRANSACTION
11-23 22:14:12.252  4428  4428 I cr_OfflineIndicator: Reported by system: [ Transports: WIFI Capabilities: NOT_METERED&INTERNET&NOT_RESTRICTED&TRUSTED&NOT_VPN&VALIDATED&NOT_ROAMING&FOREGROUND&NOT_CONGESTED&NOT_SUSPENDED&NOT_VCN_MANAGED LinkUpBandwidth>=12000Kbps LinkDnBandwidth>=58806Kbps TransportInfo: <SSID: <unknown ssid>, BSSID: 02:00:00:00:00:00, MAC: 02:00:00:00:00:00, IP: /192.168.1.104, Security type: 2, Supplicant state: COMPLETED, Wi-Fi standard: 5, RSSI: -46, Link speed: 780Mbps, Tx Link speed: 780Mbps, Max Supported Tx Link speed: 866Mbps, Rx Link speed: 866Mbps, Max Supported Rx Link speed: 866Mbps, Frequency: 5240MHz, Net ID: -1, Metered hint: false, score: 60, isUsable: true, CarrierMerged: false, SubscriptionId: -1, IsPrimary: -1, Trusted: true, Restricted: false, Ephemeral: false, OEM paid: false, OEM private: false, OSU AP: false, FQDN: <none>, Provider friendly name: <none>, Requesting package name: <none><none>MLO Information: , Is TID-To-Link negotiation supported by the AP: false, AP MLD Address: <none>, AP MLO Link Id: <none>, AP MLO Affiliated links: <none>> SignalStrength: -46 UnderlyingNetworks: Null]
11-23 22:14:12.252  4428  4428 I cr_OfflineIndicator: setConnectionState connectionState=4
11-23 22:14:12.252  4428  4428 W Settings: Setting airplane_mode_on has moved from android.provider.Settings.System to android.provider.Settings.Global, returning read-only value.
11-23 22:14:12.253  4428  4428 I cr_OfflineDetector: Received connection change state message. mConnectivityDetectorInitialized: true, mTimeWhenLastForegrounded: 120901066, getElapsedTime: 120901068, mTimeWhenLastOfflineNotificationReceived: 0, mTimeWhenLastOnline: 120901068, mTimeWhenAirplaneModeToggledOff: 0 mApplicationState: 1, mIsOfflineLastReportedByConnectivityDetector: false, mInAirplaneMode: false mIsEffectivelyOffline: false
11-23 22:14:12.253  4428  4428 I cr_OfflineDetector: onConnectionStateChanged(): previousLastReportedStateByOfflineDetector: false
11-23 22:14:12.253  4428  4428 I cr_OfflineDetector: Running updateState mConnectivityDetectorInitialized: true, mTimeWhenLastForegrounded: 120901066, getElapsedTime: 120901068, mTimeWhenLastOfflineNotificationReceived: 0, mTimeWhenLastOnline: 120901068, mTimeWhenAirplaneModeToggledOff: 0 mApplicationState: 1, mIsOfflineLastReportedByConnectivityDetector: false, mInAirplaneMode: false mIsEffectivelyOffline: false
11-23 22:14:12.253  4428  4428 I cr_OfflineDetector: updateState(): timeSinceLastForeground: 2, timeSinceOfflineNotificationReceived: 120901068, timeSinceLastOnline: 0, timeNeededForForeground: 1998, timeNeededForOffline: -120899068 timeSinceAirplaneModeToggledOff: 120901068 timeNeededAfterConnectionChangeFromOnlineToOffline: 10000 timeNeededAfterConnectionChangeFromAirplaneToOffline: 0
11-23 22:14:12.253  4428  4428 I cr_OfflineDetector: Running mUpdateOfflineStatusIndicatorDelayedRunnable start. mConnectivityDetectorInitialized: true, mTimeWhenLastForegrounded: 120901066, getElapsedTime: 120901068, mTimeWhenLastOfflineNotificationReceived: 0, mTimeWhenLastOnline: 120901068, mTimeWhenAirplaneModeToggledOff: 0 mApplicationState: 1, mIsOfflineLastReportedByConnectivityDetector: false, mInAirplaneMode: false mIsEffectivelyOffline: false
11-23 22:14:12.253  4428  4428 I cr_OfflineDetector: Running mUpdateOfflineStatusIndicatorDelayedRunnable end. mConnectivityDetectorInitialized: true, mTimeWhenLastForegrounded: 120901066, getElapsedTime: 120901068, mTimeWhenLastOfflineNotificationReceived: 0, mTimeWhenLastOnline: 120901068, mTimeWhenAirplaneModeToggledOff: 0 mApplicationState: 1, mIsOfflineLastReportedByConnectivityDetector: false, mInAirplaneMode: false mIsEffectivelyOffline: false
11-23 22:14:12.253  4428  4428 I cr_OfflineIndicator: processConnectivityCheckResult mConnectionState=4 mConnectivityCheckingStage=1
11-23 22:14:12.256  3657  3683 D ForegroundUtils: Foreground UID status:
11-23 22:14:12.256  3657  3683 D ForegroundUtils: UID: 10010 is in foreground: true
11-23 22:14:12.256  3657  3683 D ForegroundUtils: UID: 10128 is in foreground: true
11-23 22:14:12.256  3657  3683 D ForegroundUtils: UID: 10145 is in foreground: true
11-23 22:14:12.256  3657  3683 D ForegroundUtils: UID: 10158 is in foreground: true
11-23 22:14:12.256  3657  3683 D ForegroundUtils: UID: 10189 is in foreground: false
11-23 22:14:12.256  3657  3683 D ForegroundUtils: UID: 10194 is in foreground: true
11-23 22:14:12.256  3657  3683 D ForegroundUtils: UID: 10206 is in foreground: false
11-23 22:14:12.256  3657  3683 D ForegroundUtils: UID: 10233 is in foreground: true
11-23 22:14:12.256  3657  3683 D ForegroundUtils: UID: 10244 is in foreground: false
11-23 22:14:12.256  3657  3683 D ForegroundUtils: UID: 10319 is in foreground: true
11-23 22:14:12.256  3657  3683 D ForegroundUtils: UID: 90000 is in foreground: true
11-23 22:14:12.273   595   595 I servicemanager: Could not find android.hardware.graphics.allocator.IAllocator/default in the VINTF manifest.
11-23 22:14:12.282  1011  1189 I ASH     : @ 120904.478: tcs3701: stop power rail pending_off timer
11-23 22:14:12.282  1011  1189 D ASH     : @ 120904.478: tcs3701: start power rail timer, state:3
11-23 22:14:12.290  1795  3807 D ConnectivityService: requestNetwork for uid/pid:10010/4428 activeRequest: null callbackRequest: 3633 [NetworkRequest [ REQUEST id=3634, [ Capabilities: INTERNET&NOT_RESTRICTED&TRUSTED&NOT_VCN_MANAGED Uid: 10010 RequestorUid: 10010 RequestorPkg: com.chrome.canary UnderlyingNetworks: Null] ]] callback flags: 0 order: 2147483647
11-23 22:14:12.292  3563 23267 D MediaProvider: Open with FUSE. FilePath: /storage/emulated/0/Download/batterymanager-companion-1.0.0.zip. Uid: 10010. Media Capabilities Uid: 0. ShouldRedact: false. ShouldTranscode: false
11-23 22:14:12.293  1795  2424 D WifiNetworkFactory: got request NetworkRequest [ REQUEST id=3634, [ Capabilities: INTERNET&NOT_RESTRICTED&TRUSTED&NOT_VCN_MANAGED Uid: 10010 RequestorUid: 10010 RequestorPkg: com.chrome.canary UnderlyingNetworks: Null] ]
11-23 22:14:12.293  1795  2424 V WifiNetworkFactory: Accepted network request NetworkRequest [ REQUEST id=3634, [ Capabilities: INTERNET&NOT_RESTRICTED&TRUSTED&NOT_VCN_MANAGED Uid: 10010 RequestorUid: 10010 RequestorPkg: com.chrome.canary UnderlyingNetworks: Null] ]
11-23 22:14:12.294  1795  2424 D UntrustedWifiNetworkFactory: got request NetworkRequest [ REQUEST id=3634, [ Capabilities: INTERNET&NOT_RESTRICTED&TRUSTED&NOT_VCN_MANAGED Uid: 10010 RequestorUid: 10010 RequestorPkg: com.chrome.canary UnderlyingNetworks: Null] ]
11-23 22:14:12.294  1795  2424 D OemPaidWifiNetworkFactory: got request NetworkRequest [ REQUEST id=3634, [ Capabilities: INTERNET&NOT_RESTRICTED&TRUSTED&NOT_VCN_MANAGED Uid: 10010 RequestorUid: 10010 RequestorPkg: com.chrome.canary UnderlyingNetworks: Null] ]
11-23 22:14:12.294  1795  2424 D MultiInternetWifiNetworkFactory: got request NetworkRequest [ REQUEST id=3634, [ Capabilities: INTERNET&NOT_RESTRICTED&TRUSTED&NOT_VCN_MANAGED Uid: 10010 RequestorUid: 10010 RequestorPkg: com.chrome.canary UnderlyingNetworks: Null] ]
11-23 22:14:12.294  1795  2432 D ConnectivityService: NetReassign [3634 : null → 100] [c 1] [a 0] [i 3]
11-23 22:14:12.297  1795  2432 D ConnectivityService: NetReassign [no changes] [c 0] [a 1] [i 2]
11-23 22:14:12.299  3563 23267 D MediaProvider: Open with FUSE. FilePath: /storage/emulated/0/Download/com.example.batterymanager_utility (1).apk. Uid: 10010. Media Capabilities Uid: 0. ShouldRedact: false. ShouldTranscode: false
11-23 22:14:12.303  4428  4428 I cr_InactivityTracker: Last background time read from the SharedPreference is:-1.
11-23 22:14:12.305  3563 23267 D MediaProvider: Open with FUSE. FilePath: /storage/emulated/0/Download/com.example.batterymanager_utility.apk. Uid: 10010. Media Capabilities Uid: 0. ShouldRedact: false. ShouldTranscode: false
11-23 22:14:12.305  4428  4428 I cr_VideoPersist: Exited picture in picture with reason: 0
11-23 22:14:12.307  4428  4428 I cr_InactivityTracker: Last visible time read from the SharedPreference is:1700773901059.
11-23 22:14:12.321  9398  7808 I BatteryMgr:DataCollectionService: stats => 1700774052321,11596,4445,9765,4169000,100
11-23 22:14:12.322  1011  1189 I ASH     : @ 120904.518: tcs3701: stop power rail pending_off timer
11-23 22:14:12.322  1011  1189 D ASH     : @ 120904.518: tcs3701: start power rail timer, state:3
11-23 22:14:12.322  9398  9434 I BatteryMgr:DataCollectionService: stats => 1700774052322,11596,4445,9765,4169000,100
11-23 22:14:12.323  4428  4428 I cr_InactivityTracker: Last visible time read from the SharedPreference is:1700774052307.
11-23 22:14:12.362  1011  1189 I ASH     : @ 120904.558: tcs3701: stop power rail pending_off timer
11-23 22:14:12.362  1011  1189 D ASH     : @ 120904.558: tcs3701: start power rail timer, state:3
11-23 22:14:12.390  4428  4428 I Choreographer: Skipped 47 frames!  The application may be doing too much work on its main thread.
11-23 22:14:12.401  4428  4501 W chromium: [WARNING:ev_root_ca_metadata.cc(119)] Not implemented
11-23 22:14:12.401  4428  4501 W chromium: [WARNING:ev_root_ca_metadata.cc(119)] Not implemented
11-23 22:14:12.402  1011  1189 I ASH     : @ 120904.598: tcs3701: stop power rail pending_off timer
11-23 22:14:12.402  1011  1189 D ASH     : @ 120904.598: tcs3701: start power rail timer, state:3
11-23 22:14:12.426  9398  9434 I BatteryMgr:DataCollectionService: stats => 1700774052426,11596,4445,9765,4169000,100
11-23 22:14:12.426  9398  7808 I BatteryMgr:DataCollectionService: stats => 1700774052426,11596,4445,9765,4169000,100
11-23 22:14:12.442  1011  1189 I ASH     : @ 120904.638: tcs3701: stop power rail pending_off timer
11-23 22:14:12.442  1011  1189 D ASH     : @ 120904.638: tcs3701: start power rail timer, state:3
11-23 22:14:12.482  1011  1189 I ASH     : @ 120904.678: tcs3701: stop power rail pending_off timer
11-23 22:14:12.482  1011  1189 D ASH     : @ 120904.678: tcs3701: start power rail timer, state:3
11-23 22:14:12.522  1011  1189 I ASH     : @ 120904.718: tcs3701: stop power rail pending_off timer
11-23 22:14:12.522  1011  1189 D ASH     : @ 120904.718: tcs3701: start power rail timer, state:3
11-23 22:14:12.531  9398  9434 I BatteryMgr:DataCollectionService: stats => 1700774052531,11596,4445,9765,4169000,100
11-23 22:14:12.531  9398  7808 I BatteryMgr:DataCollectionService: stats => 1700774052531,11596,4445,9765,4169000,100
11-23 22:14:12.546  4428  4428 V MediaRouter: Selecting route: RouteInfo{ name=Phone, description=null, status=null, category=RouteCategory{ name=System types=ROUTE_TYPE_LIVE_AUDIO ROUTE_TYPE_LIVE_VIDEO  groupable=false }, supportedTypes=ROUTE_TYPE_LIVE_AUDIO ROUTE_TYPE_LIVE_VIDEO , presentationDisplay=null }
11-23 22:14:12.562  1011  1189 I ASH     : @ 120904.758: tcs3701: stop power rail pending_off timer
11-23 22:14:12.562  1011  1189 D ASH     : @ 120904.758: tcs3701: start power rail timer, state:3
11-23 22:14:12.602  1011  1189 I ASH     : @ 120904.798: tcs3701: stop power rail pending_off timer
11-23 22:14:12.602  1011  1189 D ASH     : @ 120904.798: tcs3701: start power rail timer, state:3
11-23 22:14:12.622  4428  4428 I cr_PwaRestore: Not showing PWA Restore promo, feature flag is disabled
11-23 22:14:12.636  9398  7808 I BatteryMgr:DataCollectionService: stats => 1700774052636,11596,4445,9765,4169000,100
11-23 22:14:12.636  9398  9434 I BatteryMgr:DataCollectionService: stats => 1700774052636,11596,4445,9765,4169000,100
11-23 22:14:12.642  1011  1189 I ASH     : @ 120904.838: tcs3701: stop power rail pending_off timer
11-23 22:14:12.642  1011  1189 D ASH     : @ 120904.838: tcs3701: start power rail timer, state:3
11-23 22:14:12.648  2113  2118 I pixel-thermal: skin-therm-monitor: 37.98
11-23 22:14:12.669  1795  3759 D CompatibilityChangeReporter: Compat change id reported: 214016041; UID 10010; state: ENABLED
11-23 22:14:12.672  3375  3375 I GoogleInputMethodService: GoogleInputMethodService.onFinishInput():3154 
11-23 22:14:12.673  3375  3375 I GoogleInputMethodService: GoogleInputMethodService.updateDeviceLockedStatus():2088 repeatCheckTimes = 0, locked = false
11-23 22:14:12.673  3375  3375 I GoogleInputMethodService: GoogleInputMethodService.onStartInput():1883 onStartInput(EditorInfo{EditorInfo{packageName=com.chrome.canary, inputType=0, inputTypeString=NULL, enableLearning=false, autoCorrection=false, autoComplete=false, imeOptions=12000000, privateImeOptions=null, actionName=UNSPECIFIED, actionLabel=null, initialSelStart=-1, initialSelEnd=-1, initialCapsMode=0, label=null, fieldId=-1, fieldName=null, extras=null, hintText=null, hintLocales=[]}}, false)
11-23 22:14:12.674  3375  3375 I GoogleInputMethodService: GoogleInputMethodService.updateDeviceLockedStatus():2088 repeatCheckTimes = 1, locked = false
11-23 22:14:12.682  1011  1189 I ASH     : @ 120904.878: tcs3701: stop power rail pending_off timer
11-23 22:14:12.682  1011  1189 D ASH     : @ 120904.878: tcs3701: start power rail timer, state:3
11-23 22:14:12.722  1011  1189 I ASH     : @ 120904.918: tcs3701: stop power rail pending_off timer
11-23 22:14:12.722  1011  1189 D ASH     : @ 120904.918: tcs3701: start power rail timer, state:3
11-23 22:14:12.741  9398  5999 I BatteryMgr:DataCollectionService: stats => 1700774052741,11596,4445,9765,4169000,100
11-23 22:14:12.741  9398  7808 I BatteryMgr:DataCollectionService: stats => 1700774052741,11596,4445,9765,4169000,100
11-23 22:14:12.762  1011  1189 I ASH     : @ 120904.958: tcs3701: stop power rail pending_off timer
11-23 22:14:12.762  1011  1189 D ASH     : @ 120904.958: tcs3701: start power rail timer, state:3
11-23 22:14:12.802  1011  1189 I ASH     : @ 120904.998: tcs3701: stop power rail pending_off timer
11-23 22:14:12.802  1011  1189 D ASH     : @ 120904.998: tcs3701: start power rail timer, state:3
11-23 22:14:12.842  1011  1189 I ASH     : @ 120905.038: tcs3701: stop power rail pending_off timer
11-23 22:14:12.842  1011  1189 D ASH     : @ 120905.038: tcs3701: start power rail timer, state:3
11-23 22:14:12.843  1795  2855 D ActivityManager: freezer override set to true
11-23 22:14:12.846  9398  7808 I BatteryMgr:DataCollectionService: stats => 1700774052846,11596,4445,9765,4169000,100
11-23 22:14:12.847  9398  5999 I BatteryMgr:DataCollectionService: stats => 1700774052847,11596,4445,9765,4169000,100
11-23 22:14:12.882  1011  1189 I ASH     : @ 120905.078: tcs3701: stop power rail pending_off timer
11-23 22:14:12.882  1011  1189 D ASH     : @ 120905.078: tcs3701: start power rail timer, state:3
11-23 22:14:12.884  1795  2855 D ActivityManager: freezer override set to false
11-23 22:14:12.922  1011  1189 I ASH     : @ 120905.118: tcs3701: stop power rail pending_off timer
11-23 22:14:12.922  1011  1189 D ASH     : @ 120905.118: tcs3701: start power rail timer, state:3
11-23 22:14:12.951  9398  5999 I BatteryMgr:DataCollectionService: stats => 1700774052951,11596,4445,9765,4169000,100
11-23 22:14:12.953  9398  7808 I BatteryMgr:DataCollectionService: stats => 1700774052953,11596,4445,9765,4169000,100
11-23 22:14:12.963  1011  1189 I ASH     : @ 120905.158: tcs3701: stop power rail pending_off timer
11-23 22:14:12.963  1011  1189 D ASH     : @ 120905.158: tcs3701: start power rail timer, state:3
11-23 22:14:13.002  1011  1189 I ASH     : @ 120905.198: tcs3701: stop power rail pending_off timer
11-23 22:14:13.002  1011  1189 D ASH     : @ 120905.198: tcs3701: start power rail timer, state:3
11-23 22:14:13.042  1011  1189 I ASH     : @ 120905.238: tcs3701: stop power rail pending_off timer
11-23 22:14:13.042  1011  1189 D ASH     : @ 120905.238: tcs3701: start power rail timer, state:3
11-23 22:14:13.058  9398  5999 I BatteryMgr:DataCollectionService: stats => 1700774053058,11596,4445,9765,4169000,100
11-23 22:14:13.058  9398  7808 I BatteryMgr:DataCollectionService: stats => 1700774053058,11596,4445,9765,4169000,100
11-23 22:14:13.070  1795  2855 D ActivityManager: freezer override set to true
11-23 22:14:13.082  1011  1189 I ASH     : @ 120905.278: tcs3701: stop power rail pending_off timer
11-23 22:14:13.082  1011  1189 D ASH     : @ 120905.278: tcs3701: start power rail timer, state:3
11-23 22:14:13.122  1011  1189 I ASH     : @ 120905.318: tcs3701: stop power rail pending_off timer
11-23 22:14:13.122  1011  1189 D ASH     : @ 120905.318: tcs3701: start power rail timer, state:3
11-23 22:14:13.162  1011  1189 I ASH     : @ 120905.358: tcs3701: stop power rail pending_off timer
11-23 22:14:13.163  9398  7808 I BatteryMgr:DataCollectionService: stats => 1700774053163,11596,4445,9765,4169000,100
11-23 22:14:13.163  1011  1189 D ASH     : @ 120905.358: tcs3701: start power rail timer, state:3
11-23 22:14:13.163  9398  9434 I BatteryMgr:DataCollectionService: stats => 1700774053163,11596,4445,9765,4169000,100
11-23 22:14:13.194  4428  4486 I m.chrome.canary: Explicit concurrent copying GC freed 566793(19MB) AllocSpace objects, 25(820KB) LOS objects, 75% free, 8326KB/32MB, paused 151us,26us total 38.179ms
11-23 22:14:13.202  1011  1189 I ASH     : @ 120905.398: tcs3701: stop power rail pending_off timer
11-23 22:14:13.202  1011  1189 D ASH     : @ 120905.398: tcs3701: start power rail timer, state:3
11-23 22:14:13.238  4428  4500 W chromium: [WARNING:ev_root_ca_metadata.cc(119)] Not implemented
11-23 22:14:13.240  1795  2855 D ActivityManager: freezer override set to false
11-23 22:14:13.242  1011  1189 I ASH     : @ 120905.438: tcs3701: stop power rail pending_off timer
11-23 22:14:13.242  1011  1189 D ASH     : @ 120905.438: tcs3701: start power rail timer, state:3
11-23 22:14:13.268  9398  9434 I BatteryMgr:DataCollectionService: stats => 1700774053268,11596,4445,9765,4169000,100
11-23 22:14:13.269  9398  7808 I BatteryMgr:DataCollectionService: stats => 1700774053269,11596,4445,9765,4169000,100
11-23 22:14:13.282  1011  1189 I ASH     : @ 120905.478: tcs3701: stop power rail pending_off timer
11-23 22:14:13.282  1011  1189 D ASH     : @ 120905.478: tcs3701: start power rail timer, state:3
11-23 22:14:13.291  1795  3807 D ActivityManager: freezer override set to true
11-23 22:14:13.310  1795  3807 D ActivityManager: freezer override set to false
11-23 22:14:13.323  1011  1189 I ASH     : @ 120905.518: tcs3701: stop power rail pending_off timer
11-23 22:14:13.323  1011  1189 D ASH     : @ 120905.518: tcs3701: start power rail timer, state:3
11-23 22:14:13.328  4428  4498 W chromium: [WARNING:ev_root_ca_metadata.cc(119)] Not implemented
11-23 22:14:13.356  4428  4501 W chromium: [WARNING:ev_root_ca_metadata.cc(119)] Not implemented
11-23 22:14:13.357  4428  4500 W chromium: [WARNING:ev_root_ca_metadata.cc(119)] Not implemented
11-23 22:14:13.357  4428  4501 W chromium: [WARNING:ev_root_ca_metadata.cc(119)] Not implemented
11-23 22:14:13.359  4428  4498 W chromium: [WARNING:ev_root_ca_metadata.cc(119)] Not implemented
11-23 22:14:13.363  1011  1189 I ASH     : @ 120905.558: tcs3701: stop power rail pending_off timer
11-23 22:14:13.363  1011  1189 D ASH     : @ 120905.558: tcs3701: start power rail timer, state:3
11-23 22:14:13.365  4428  4500 W chromium: [WARNING:ev_root_ca_metadata.cc(119)] Not implemented
11-23 22:14:13.365  4428  4501 W chromium: [WARNING:ev_root_ca_metadata.cc(119)] Not implemented
11-23 22:14:13.374  9398  7808 I BatteryMgr:DataCollectionService: stats => 1700774053374,11596,4445,9765,4169000,100
11-23 22:14:13.378  9398  9434 I BatteryMgr:DataCollectionService: stats => 1700774053377,11596,4445,9765,4169000,100
11-23 22:14:13.402  1011  1189 I ASH     : @ 120905.598: tcs3701: stop power rail pending_off timer
11-23 22:14:13.402  1011  1189 D ASH     : @ 120905.598: tcs3701: start power rail timer, state:3
11-23 22:14:13.442  1011  1189 I ASH     : @ 120905.638: tcs3701: stop power rail pending_off timer
11-23 22:14:13.442  1011  1189 D ASH     : @ 120905.638: tcs3701: start power rail timer, state:3
11-23 22:14:13.478  9398  9434 I BatteryMgr:DataCollectionService: stats => 1700774053478,11596,4445,9765,4169000,100
11-23 22:14:13.481  4428  4498 W chromium: [WARNING:ev_root_ca_metadata.cc(119)] Not implemented
11-23 22:14:13.482  9398  9434 I BatteryMgr:DataCollectionService: stats => 1700774053482,11596,4445,9765,4169000,100
11-23 22:14:13.482  1011  1189 I ASH     : @ 120905.678: tcs3701: stop power rail pending_off timer
11-23 22:14:13.482  1011  1189 D ASH     : @ 120905.678: tcs3701: start power rail timer, state:3
11-23 22:14:13.483  1795  2855 I ActivityManager: Background started FGS: Allowed [callingPackage: com.android.shell; callingUid: 2000; uidState: NONE; intent: Intent { cmp=com.example.batterymanager_utility/.DataCollectionService (has extras) }; code:SYSTEM_UID; tempAllowListReason:<,reasonCode:SYSTEM_ALLOW_LISTED,duration:9223372036854775807,callingUid:-1>; targetSdkVersion:33; callerTargetSdkVersion:33; startForegroundCount:0; bindFromPackage:null]
11-23 22:14:13.489  9398  9398 I BatteryMgr:DataCollectionService: onStartCommand: begin
11-23 22:14:13.489  9398  9398 I BatteryMgr:DataCollectionService: onStartCommand: sampleRate => 100
11-23 22:14:13.489  9398  9398 I BatteryMgr:DataCollectionService: onStartCommand: rawFields => Timestamp,BATTERY_PROPERTY_CURRENT_NOW,EXTRA_VOLTAGE,BATTERY_PROPERTY_CURRENT_AVERAGE,BATTERY_PROPERTY_CHARGE_COUNTER,BATTERY_PROPERTY_CAPACITY
11-23 22:14:13.490  9398  9398 I BatteryMgr:DataCollectionService: onStartCommand: notification done
11-23 22:14:13.492  9398  9398 I BatteryMgr:DataCollectionService: started foreground
11-23 22:14:13.494  9398  9434 I BatteryMgr:DataCollectionService: collectData: begin
11-23 22:14:13.497  9398  9434 I BatteryMgr:DataCollectionService: stats => 1700774053497,11596,4445,9765,4169000,100
11-23 22:14:13.522  1011  1189 I ASH     : @ 120905.718: tcs3701: stop power rail pending_off timer
11-23 22:14:13.522  1011  1189 D ASH     : @ 120905.718: tcs3701: start power rail timer, state:3
11-23 22:14:13.562  1011  1189 I ASH     : @ 120905.758: tcs3701: stop power rail pending_off timer
11-23 22:14:13.563  1011  1189 D ASH     : @ 120905.758: tcs3701: start power rail timer, state:3
11-23 22:14:13.581  9398  9434 I BatteryMgr:DataCollectionService: stats => 1700774053581,11596,4445,9765,4169000,100
11-23 22:14:13.581  1795  2424 D WifiNetworkSelector: Current connected network: 12
11-23 22:14:13.581  1795  2424 V WifiConnectivityManager: No partial scan because firmware roaming is supported.
11-23 22:14:13.581  1795  2424 V WifiConnectivityManager: schedulePeriodicScanTimer intervalMs 20000
11-23 22:14:13.585  9398  9434 I BatteryMgr:DataCollectionService: stats => 1700774053585,11596,4445,9765,4169000,100
11-23 22:14:13.602  1011  1189 I ASH     : @ 120905.798: tcs3701: stop power rail pending_off timer
11-23 22:14:13.603  1011  1189 D ASH     : @ 120905.798: tcs3701: start power rail timer, state:3
11-23 22:14:13.603  9398  9434 I BatteryMgr:DataCollectionService: stats => 1700774053603,11596,4445,9765,4169000,100
11-23 22:14:13.643  1011  1189 I ASH     : @ 120905.838: tcs3701: stop power rail pending_off timer
11-23 22:14:13.643  1011  1189 D ASH     : @ 120905.838: tcs3701: start power rail timer, state:3
11-23 22:14:13.683  1011  1189 I ASH     : @ 120905.878: tcs3701: stop power rail pending_off timer
11-23 22:14:13.683  1011  1189 D ASH     : @ 120905.878: tcs3701: start power rail timer, state:3
11-23 22:14:13.685  9398  9434 I BatteryMgr:DataCollectionService: stats => 1700774053685,11596,4445,9765,4169000,100
11-23 22:14:13.690  9398  9434 I BatteryMgr:DataCollectionService: stats => 1700774053690,11596,4445,9765,4169000,100
11-23 22:14:13.707  9398  9434 I BatteryMgr:DataCollectionService: stats => 1700774053707,11596,4445,9765,4169000,100
11-23 22:14:13.722  1011  1189 I ASH     : @ 120905.918: tcs3701: stop power rail pending_off timer
11-23 22:14:13.723  1011  1189 D ASH     : @ 120905.918: tcs3701: start power rail timer, state:3
11-23 22:14:13.741  1795  4170 D CompatibilityChangeReporter: Compat change id reported: 161252188; UID 10010; state: DISABLED
11-23 22:14:13.741  1795  4170 I ActivityTaskManager: START u0 {act=android.intent.action.VIEW dat=https://playground.babylonjs.com/... flg=0x10000000 cmp=com.chrome.canary/com.google.android.apps.chrome.Main} from uid 2000
11-23 22:14:13.742  1795  4170 D CompatibilityChangeReporter: Compat change id reported: 265464455; UID 10010; state: DISABLED
11-23 22:14:13.742  1795  4170 D CompatibilityChangeReporter: Compat change id reported: 265452344; UID 10010; state: DISABLED
11-23 22:14:13.743  1795  4170 D CompatibilityChangeReporter: Compat change id reported: 266124927; UID 10010; state: DISABLED
11-23 22:14:13.743  1795  4170 D CompatibilityChangeReporter: Compat change id reported: 265451093; UID 10010; state: DISABLED
11-23 22:14:13.743  1795  4170 D CompatibilityChangeReporter: Compat change id reported: 265456536; UID 10010; state: DISABLED
11-23 22:14:13.743  1795  4170 D CompatibilityChangeReporter: Compat change id reported: 255940284; UID 10010; state: DISABLED
11-23 22:14:13.744  1795  4170 D CompatibilityChangeReporter: Compat change id reported: 236283604; UID 10010; state: DISABLED
11-23 22:14:13.744  1795  4170 D CompatibilityChangeReporter: Compat change id reported: 263959004; UID 10010; state: DISABLED
11-23 22:14:13.744  1795  4170 D CompatibilityChangeReporter: Compat change id reported: 264304459; UID 10010; state: DISABLED
11-23 22:14:13.744  1795  4170 D CompatibilityChangeReporter: Compat change id reported: 264301586; UID 10010; state: DISABLED
11-23 22:14:13.744  1795  4170 D CompatibilityChangeReporter: Compat change id reported: 254631730; UID 10010; state: DISABLED
11-23 22:14:13.745  1795  4170 D CompatibilityChangeReporter: Compat change id reported: 273509367; UID 10010; state: DISABLED
11-23 22:14:13.745  1795  4170 D CompatibilityChangeReporter: Compat change id reported: 263259275; UID 10010; state: DISABLED
11-23 22:14:13.745  1795  4170 D CompatibilityChangeReporter: Compat change id reported: 194480991; UID 10010; state: ENABLED
11-23 22:14:13.746  1795  4170 D CompatibilityChangeReporter: Compat change id reported: 174042980; UID 10010; state: DISABLED
11-23 22:14:13.748  1795  4170 D CompatibilityChangeReporter: Compat change id reported: 181136395; UID 10010; state: DISABLED
11-23 22:14:13.748  1795  4170 D CompatibilityChangeReporter: Compat change id reported: 174042936; UID 10010; state: DISABLED
11-23 22:14:13.751  1795  4170 D CompatibilityChangeReporter: Compat change id reported: 194833441; UID 10010; state: ENABLED
11-23 22:14:13.762  1011  1189 I ASH     : @ 120905.958: tcs3701: stop power rail pending_off timer
11-23 22:14:13.762  1011  1189 D ASH     : @ 120905.958: tcs3701: start power rail timer, state:3
11-23 22:14:13.763  4428  4428 W cr_ActivityDispatcher: CustomTabsIntent#shouldAlwaysUseBrowserUI() = false
11-23 22:14:13.764  4428  4428 I cr_VideoPersist: Exited picture in picture with reason: 0
11-23 22:14:13.765  4428  4428 E cr_IntentUtils: getInt failed on bundle null
11-23 22:14:13.777  1795  2120 D CompatibilityChangeReporter: Compat change id reported: 143937733; UID 10010; state: ENABLED
11-23 22:14:13.779  4428  4428 W cr_ActivityDispatcher: CustomTabsIntent#shouldAlwaysUseBrowserUI() = false
11-23 22:14:13.789  4479  4479 D Zygote  : Forked child process 4690
11-23 22:14:13.791  9398  9434 I BatteryMgr:DataCollectionService: stats => 1700774053791,11596,4445,9765,4169000,100
11-23 22:14:13.791  1795  2120 I ActivityManager: Start proc 4690:com.chrome.canary:sandboxed_process0:org.chromium.content.app.SandboxedProcessService0:1/u0ai1 for  {com.chrome.canary/org.chromium.content.app.SandboxedProcessService0:1}
11-23 22:14:13.793  1795  3759 D CoreBackPreview: Window{fea66bd u0 com.chrome.canary/com.google.android.apps.chrome.Main}: Setting back callback OnBackInvokedCallbackInfo{mCallback=android.window.IOnBackInvokedCallback$Stub$Proxy@7b20cf1, mPriority=0}
11-23 22:14:13.794  9398  7808 I BatteryMgr:DataCollectionService: stats => 1700774053794,9155,4445,9765,4169000,100
11-23 22:14:13.794  4690  4690 E libc    : SetHeapTaggingLevel: re-enabling tagging after it was disabled is not supported
11-23 22:14:13.797  4428  4428 I cr_OfflineDetector: Running updateState mConnectivityDetectorInitialized: true, mTimeWhenLastForegrounded: 120902611, getElapsedTime: 120902611, mTimeWhenLastOfflineNotificationReceived: 0, mTimeWhenLastOnline: 120901068, mTimeWhenAirplaneModeToggledOff: 0 mApplicationState: 1, mIsOfflineLastReportedByConnectivityDetector: false, mInAirplaneMode: false mIsEffectivelyOffline: false
11-23 22:14:13.797  4428  4428 I cr_OfflineDetector: updateState(): timeSinceLastForeground: 0, timeSinceOfflineNotificationReceived: 120902611, timeSinceLastOnline: 1543, timeNeededForForeground: 2000, timeNeededForOffline: -120900611 timeSinceAirplaneModeToggledOff: 120902611 timeNeededAfterConnectionChangeFromOnlineToOffline: 8457 timeNeededAfterConnectionChangeFromAirplaneToOffline: 0
11-23 22:14:13.797  4428  4428 I cr_OfflineDetector: Running mUpdateOfflineStatusIndicatorDelayedRunnable start. mConnectivityDetectorInitialized: true, mTimeWhenLastForegrounded: 120902611, getElapsedTime: 120902612, mTimeWhenLastOfflineNotificationReceived: 0, mTimeWhenLastOnline: 120901068, mTimeWhenAirplaneModeToggledOff: 0 mApplicationState: 1, mIsOfflineLastReportedByConnectivityDetector: false, mInAirplaneMode: false mIsEffectivelyOffline: false
11-23 22:14:13.799  4690  4690 I ocessService0:1: Using CollectorTypeCC GC.
11-23 22:14:13.800  4428  4428 I cr_InactivityTracker: Last background time read from the SharedPreference is:1700774053748.
11-23 22:14:13.802  4428  4428 I cr_VideoPersist: Exited picture in picture with reason: 0
11-23 22:14:13.802  1011  1189 I ASH     : @ 120905.998: tcs3701: stop power rail pending_off timer
11-23 22:14:13.802  1011  1189 D ASH     : @ 120905.998: tcs3701: start power rail timer, state:3
11-23 22:14:13.803  1795  3759 D CompatibilityChangeReporter: Compat change id reported: 161145287; UID 10010; state: DISABLED
11-23 22:14:13.803  4428  4428 I cr_InactivityTracker: Last visible time read from the SharedPreference is:1700774052323.
11-23 22:14:13.808  1383  1442 I adbd    : jdwp connection from 4690
11-23 22:14:13.811  9398  7808 I BatteryMgr:DataCollectionService: stats => 1700774053811,9155,4445,9765,4169000,100
11-23 22:14:13.816  1795  3759 D CompatibilityChangeReporter: Compat change id reported: 168419799; UID 10010; state: DISABLED
11-23 22:14:13.816  1795  3759 D CompatibilityChangeReporter: Compat change id reported: 273564678; UID 10010; state: DISABLED
11-23 22:14:13.818  4690  4690 I ActivityThread: Relaunch all activities: onCoreSettingsChange
11-23 22:14:13.818  3657  3683 D ForegroundUtils: Foreground UID status:
11-23 22:14:13.818  3657  3683 D ForegroundUtils: UID: 10010 is in foreground: true
11-23 22:14:13.819  3657  3683 D ForegroundUtils: UID: 10128 is in foreground: true
11-23 22:14:13.819  3657  3683 D ForegroundUtils: UID: 10145 is in foreground: true
11-23 22:14:13.819  3657  3683 D ForegroundUtils: UID: 10158 is in foreground: true
11-23 22:14:13.819  3657  3683 D ForegroundUtils: UID: 10189 is in foreground: false
11-23 22:14:13.819  3657  3683 D ForegroundUtils: UID: 10194 is in foreground: true
11-23 22:14:13.819  3657  3683 D ForegroundUtils: UID: 10206 is in foreground: false
11-23 22:14:13.819  3657  3683 D ForegroundUtils: UID: 10233 is in foreground: true
11-23 22:14:13.819  3657  3683 D ForegroundUtils: UID: 10244 is in foreground: false
11-23 22:14:13.819  3657  3683 D ForegroundUtils: UID: 10319 is in foreground: true
11-23 22:14:13.819  3657  3683 D ForegroundUtils: UID: 90000 is in foreground: true
11-23 22:14:13.819  3657  3683 D ForegroundUtils: UID: 90001 is in foreground: true
11-23 22:14:13.819  4690  4690 D CompatibilityChangeReporter: Compat change id reported: 171979766; UID 90001; state: ENABLED
11-23 22:14:13.826  1795  4170 D CompatibilityChangeReporter: Compat change id reported: 214016041; UID 10010; state: ENABLED
11-23 22:14:13.827  3375  3375 I GoogleInputMethodService: GoogleInputMethodService.onFinishInput():3154 
11-23 22:14:13.829  3375  3375 I GoogleInputMethodService: GoogleInputMethodService.updateDeviceLockedStatus():2088 repeatCheckTimes = 0, locked = false
11-23 22:14:13.829  3375  3375 I GoogleInputMethodService: GoogleInputMethodService.onStartInput():1883 onStartInput(EditorInfo{EditorInfo{packageName=com.chrome.canary, inputType=0, inputTypeString=NULL, enableLearning=false, autoCorrection=false, autoComplete=false, imeOptions=12000000, privateImeOptions=null, actionName=UNSPECIFIED, actionLabel=null, initialSelStart=-1, initialSelEnd=-1, initialCapsMode=0, label=null, fieldId=-1, fieldName=null, extras=null, hintText=null, hintLocales=[]}}, false)
11-23 22:14:13.830  3375  3375 I GoogleInputMethodService: GoogleInputMethodService.updateDeviceLockedStatus():2088 repeatCheckTimes = 1, locked = false
11-23 22:14:13.832  4690  4690 I LoadedApk: No resource references to update in package com.google.android.trichromelibrary.canary
11-23 22:14:13.832  4690  4690 D NetworkSecurityConfig: Using Network Security Config from resource 0_resource_name_obfuscated debugBuild: false
11-23 22:14:13.833  4690  4690 D NetworkSecurityConfig: Using Network Security Config from resource 0_resource_name_obfuscated debugBuild: false
11-23 22:14:13.834  4690  4690 I cr_SplitCompatApp: Launched version=121.0.6137.0 minSdkVersion=29 isBundle=true processName=com.chrome.canary:sandboxed_process0:org.chromium.content.app.SandboxedProcessService0:1 isIsolated=true
11-23 22:14:13.838  4690  4690 W SystemServiceRegistry: No service published for: uimode
11-23 22:14:13.842  1011  1189 I ASH     : @ 120906.038: tcs3701: stop power rail pending_off timer
11-23 22:14:13.842  1011  1189 D ASH     : @ 120906.038: tcs3701: start power rail timer, state:3
11-23 22:14:13.844  4690  4690 I cr_ChildProcessService: Creating new ChildProcessService pid=4690
11-23 22:14:13.851  4428  4500 W chromium: [WARNING:ev_root_ca_metadata.cc(119)] Not implemented
11-23 22:14:13.851  4428  4500 W chromium: [WARNING:ev_root_ca_metadata.cc(119)] Not implemented
11-23 22:14:13.854  1795  4170 D ActivityManager: freezer override set to true
11-23 22:14:13.854  4690  4710 I cr_LibraryLoader: Successfully loaded native library
11-23 22:14:13.856  4690  4710 I cr_CachingUmaRecorder: Flushed 3 samples from 3 histograms, 0 samples were dropped.
11-23 22:14:13.857  1795  4170 D ActivityManager: freezer override set to false
11-23 22:14:13.882  1011  1189 I ASH     : @ 120906.078: tcs3701: stop power rail pending_off timer
11-23 22:14:13.882  1011  1189 D ASH     : @ 120906.078: tcs3701: start power rail timer, state:3
11-23 22:14:13.895  9398  7808 I BatteryMgr:DataCollectionService: stats => 1700774053895,9155,4445,9765,4169000,100
11-23 22:14:13.898  9398  9434 I BatteryMgr:DataCollectionService: stats => 1700774053898,9155,4445,9765,4169000,100
11-23 22:14:13.906  4690  4710 I tflite  : Initialized TensorFlow Lite runtime.
11-23 22:14:13.910  4690  4710 W libc    : Access denied finding property "ro.mediatek.platform"
11-23 22:14:13.910  4690  4710 W libc    : Access denied finding property "ro.chipname"
11-23 22:14:13.910  4690  4710 W libc    : Access denied finding property "ro.hardware.chipname"
11-23 22:14:13.915  9398  9434 I BatteryMgr:DataCollectionService: stats => 1700774053915,9155,4445,9765,4169000,100
11-23 22:14:13.922  1011  1189 I ASH     : @ 120906.118: tcs3701: stop power rail pending_off timer
11-23 22:14:13.922  1011  1189 D ASH     : @ 120906.118: tcs3701: start power rail timer, state:3
11-23 22:14:13.962  1011  1189 I ASH     : @ 120906.158: tcs3701: stop power rail pending_off timer
11-23 22:14:13.962  1011  1189 D ASH     : @ 120906.158: tcs3701: start power rail timer, state:3
11-23 22:14:14.002  1011  1189 I ASH     : @ 120906.198: tcs3701: stop power rail pending_off timer
11-23 22:14:14.002  1011  1189 D ASH     : @ 120906.198: tcs3701: start power rail timer, state:3
11-23 22:14:14.003  9398  7808 I BatteryMgr:DataCollectionService: stats => 1700774054003,9155,4445,9765,4169000,100
