11-23 22:06:51.477 25402 25402 I cr_VideoPersist: Exited picture in picture with reason: 0
11-23 22:06:51.478  1795  3659 D CompatibilityChangeReporter: Compat change id reported: 161145287; UID 10010; state: DISABLED
11-23 22:06:51.478 25402 25402 I cr_InactivityTracker: Last visible time read from the SharedPreference is:1700773609992.
11-23 22:06:51.482  1795  3659 D ActivityManager: freezer override set to true
11-23 22:06:51.482  1011  1189 I ASH     : @ 120463.678: tcs3701: stop power rail pending_off timer
11-23 22:06:51.482  1011  1189 D ASH     : @ 120463.678: tcs3701: start power rail timer, state:3
11-23 22:06:51.489 25633 25633 I LoadedApk: No resource references to update in package com.google.android.trichromelibrary.canary
11-23 22:06:51.489 25633 25633 D NetworkSecurityConfig: Using Network Security Config from resource 0_resource_name_obfuscated debugBuild: false
11-23 22:06:51.490 25633 25633 D NetworkSecurityConfig: Using Network Security Config from resource 0_resource_name_obfuscated debugBuild: false
11-23 22:06:51.492 25633 25633 I cr_SplitCompatApp: Launched version=121.0.6137.0 minSdkVersion=29 isBundle=true processName=com.chrome.canary:sandboxed_process0:org.chromium.content.app.SandboxedProcessService0:1 isIsolated=true
11-23 22:06:51.492  9398  5999 I BatteryMgr:DataCollectionService: stats => 1700773611492,11901,4445,9765,4169000,100
11-23 22:06:51.498 25633 25633 W SystemServiceRegistry: No service published for: uimode
11-23 22:06:51.500 25402 25463 W chromium: [WARNING:ev_root_ca_metadata.cc(119)] Not implemented
11-23 22:06:51.500 25402 25463 W chromium: [WARNING:ev_root_ca_metadata.cc(119)] Not implemented
11-23 22:06:51.502  9398  5999 I BatteryMgr:DataCollectionService: stats => 1700773611502,11901,4445,9765,4169000,100
11-23 22:06:51.505 25633 25633 I cr_ChildProcessService: Creating new ChildProcessService pid=25633
11-23 22:06:51.508  1795  2467 D CompatibilityChangeReporter: Compat change id reported: 214016041; UID 10010; state: ENABLED
11-23 22:06:51.510  3375  3375 I GoogleInputMethodService: GoogleInputMethodService.onFinishInput():3154 
11-23 22:06:51.511  3375  3375 I GoogleInputMethodService: GoogleInputMethodService.updateDeviceLockedStatus():2088 repeatCheckTimes = 0, locked = false
11-23 22:06:51.512  3375  3375 I GoogleInputMethodService: GoogleInputMethodService.onStartInput():1883 onStartInput(EditorInfo{EditorInfo{packageName=com.chrome.canary, inputType=0, inputTypeString=NULL, enableLearning=false, autoCorrection=false, autoComplete=false, imeOptions=12000000, privateImeOptions=null, actionName=UNSPECIFIED, actionLabel=null, initialSelStart=-1, initialSelEnd=-1, initialCapsMode=0, label=null, fieldId=-1, fieldName=null, extras=null, hintText=null, hintLocales=[]}}, false)
11-23 22:06:51.512  3375  3375 I GoogleInputMethodService: GoogleInputMethodService.updateDeviceLockedStatus():2088 repeatCheckTimes = 1, locked = false
11-23 22:06:51.521  1795  3659 D ActivityManager: freezer override set to false
11-23 22:06:51.523  1011  1189 I ASH     : @ 120463.718: tcs3701: stop power rail pending_off timer
11-23 22:06:51.523  1011  1189 D ASH     : @ 120463.718: tcs3701: start power rail timer, state:3
11-23 22:06:51.524 25633 25654 I cr_LibraryLoader: Successfully loaded native library
11-23 22:06:51.526 25633 25654 I cr_CachingUmaRecorder: Flushed 3 samples from 3 histograms, 0 samples were dropped.
11-23 22:06:51.535 25402 25466 W chromium: [WARNING:ev_root_ca_metadata.cc(119)] Not implemented
11-23 22:06:51.539  9398  5999 I BatteryMgr:DataCollectionService: stats => 1700773611539,11901,4445,9765,4169000,100
11-23 22:06:51.540  2113  2118 I pixel-thermal: skin-therm-monitor: 37.788
11-23 22:06:51.549 25402 25463 W chromium: [WARNING:ev_root_ca_metadata.cc(119)] Not implemented
11-23 22:06:51.562  1011  1189 I ASH     : @ 120463.758: tcs3701: stop power rail pending_off timer
11-23 22:06:51.563  1011  1189 D ASH     : @ 120463.758: tcs3701: start power rail timer, state:3
11-23 22:06:51.590 25633 25654 I tflite  : Initialized TensorFlow Lite runtime.
11-23 22:06:51.590 25633 25654 W libc    : Access denied finding property "ro.mediatek.platform"
11-23 22:06:51.590 25633 25654 W libc    : Access denied finding property "ro.chipname"
11-23 22:06:51.591 25633 25654 W libc    : Access denied finding property "ro.hardware.chipname"
11-23 22:06:51.599  9398  5999 I BatteryMgr:DataCollectionService: stats => 1700773611598,11901,4445,9765,4169000,100
11-23 22:06:51.602  1011  1189 I ASH     : @ 120463.798: tcs3701: stop power rail pending_off timer
11-23 22:06:51.602  1011  1189 D ASH     : @ 120463.798: tcs3701: start power rail timer, state:3
11-23 22:06:51.609  1795  2424 D WifiClientModeImpl[13802:wlan0]: updateLinkLayerStatsRssiSpeedFrequencyCapabilities rssi=-44 TxLinkspeed=866 freq=5240 RxLinkSpeed=866
11-23 22:06:51.610 25402 25466 W chromium: [WARNING:ev_root_ca_metadata.cc(119)] Not implemented
11-23 22:06:51.610  2782  5906 D QCNEJ/WlanStaInfoRelay: Received action: android.net.wifi.RSSI_CHANGED
11-23 22:06:51.611  1795  2424 D WifiDataStall: tx tput in kbps: 662016
11-23 22:06:51.611  1795  2424 D WifiDataStall: rx tput in kbps: 696859
11-23 22:06:51.611  1795  2424 V WifiConfigManager: Updating scan detail cache freq=5240 BSSID=f4:6d:2f:12:cc:88 RSSI=-44 for "ourhome"WPA_PSK
11-23 22:06:51.611  1795  2424 D WifiChannelUtilization:  freq: 5240 onTime: 3753249 busyTime: 390891 onTimeDiff: 378457 busyTimeDiff: 75192 utilization: 50 utilization t0: 26
11-23 22:06:51.611  1795  2424 D WifiDataStall:  ccaLevel = 50
11-23 22:06:51.611  1795  2424 D WifiDataStall: L2 txTputKbps: 557487, rxTputKbps: 696859, L3 txTputKbps: 101, rxTputKbps: 193, TxTrafficHigh: true, RxTrafficHigh: true, Throughput Sufficient: true
11-23 22:06:51.611  3213  3232 V WifiManager: OnWifiUsabilityStatsListener: onWifiUsabilityStats: seqNum=39741
11-23 22:06:51.612  1795  2424 D WifiScoreReport: Wifi scoring disabled - Don't check IP layer
11-23 22:06:51.612  1795  2424 D WifiScoreCard: BSSID update SIGNAL_POLL ID: 1320464697 SSID: "ourhome", BSSID: f4:6d:2f:12:cc:88, MAC: b2:2f:ec:da:4a:0c, IP: /192.168.1.104, Security type: 2, Supplicant state: COMPLETED, Wi-Fi standard: 5, RSSI: -44, Link speed: 866Mbps, Tx Link speed: 866Mbps, Max Supported Tx Link speed: 866Mbps, Rx Link speed: 866Mbps, Max Supported Rx Link speed: 866Mbps, Frequency: 5240MHz, Net ID: 12, Metered hint: false, score: 60, isUsable: true, CarrierMerged: false, SubscriptionId: -1, IsPrimary: 1, Trusted: true, Restricted: false, Ephemeral: false, OEM paid: false, OEM private: false, OSU AP: false, FQDN: <none>, Provider friendly name: <none>, Requesting package name: <none>"ourhome"wpa2-pskMLO Information: , Is TID-To-Link negotiation supported by the AP: false, AP MLD Address: <none>, AP MLO Link Id: <none>, AP MLO Affiliated links: <none>
11-23 22:06:51.612  1795  2424 D WifiScoreCard: txRate: 35 txSpeed: 866
11-23 22:06:51.612  1795  2424 D WifiScoreCard: network update SIGNAL_POLL "ourhome" ID: 1499892569 RSSI -44 txSpeed 866
11-23 22:06:51.612  1795  3659 I WifiService: updateWifiUsabilityScore uid=10180 seqNum=39741 score=100 predictionHorizonSec=1441795
11-23 22:06:51.612  1795  2424 D WifiClientModeImpl[13802:wlan0]:  ClientModeImpl$L2ConnectedState screen=on 25 0 "ourhome" f4:6d:2f:12:cc:88 rssi=-44 f=5240 sc=60 link=866 tx=27.0, 6.9, 0.0 rx=16.1 bcn=1156547 [on:1024 tx:17 rx:6 period:3013] from screen [on:392598 period:7458977] score=60
11-23 22:06:51.612  2513  1357 V WifiManager: TrafficStateCallbackProxy: onStateChanged state=3
11-23 22:06:51.613  1795  2424 D WifiScoreReport: Wifi scoring disabled - Notify that Wifi is usable
11-23 22:06:51.614  9398  5999 I BatteryMgr:DataCollectionService: stats => 1700773611614,11901,4445,9765,4169000,100
11-23 22:06:51.615  1795  2432 D ConnectivityService: NetReassign [no changes] [c 0] [a 0] [i 2]
11-23 22:06:51.618 25402 25466 W chromium: [WARNING:ev_root_ca_metadata.cc(119)] Not implemented
11-23 22:06:51.618 25402 25466 W chromium: [WARNING:ev_root_ca_metadata.cc(119)] Not implemented
11-23 22:06:51.618 25402 25465 W chromium: [WARNING:ev_root_ca_metadata.cc(119)] Not implemented
11-23 22:06:51.642  1011  1189 I ASH     : @ 120463.838: tcs3701: stop power rail pending_off timer
11-23 22:06:51.642  1011  1189 D ASH     : @ 120463.838: tcs3701: start power rail timer, state:3
11-23 22:06:51.647  9398  5999 I BatteryMgr:DataCollectionService: stats => 1700773611647,11901,4445,9765,4169000,100
11-23 22:06:51.682  1011  1189 I ASH     : @ 120463.878: tcs3701: stop power rail pending_off timer
11-23 22:06:51.682  1011  1189 D ASH     : @ 120463.878: tcs3701: start power rail timer, state:3
11-23 22:06:51.703  9398  5999 I BatteryMgr:DataCollectionService: stats => 1700773611703,11901,4445,9765,4169000,100
11-23 22:06:51.721  9398  5999 I BatteryMgr:DataCollectionService: stats => 1700773611721,11901,4445,9765,4169000,100
11-23 22:06:51.723  1011  1189 I ASH     : @ 120463.918: tcs3701: stop power rail pending_off timer
11-23 22:06:51.723  1011  1189 D ASH     : @ 120463.918: tcs3701: start power rail timer, state:3
11-23 22:06:51.751  9398  5999 I BatteryMgr:DataCollectionService: stats => 1700773611751,11901,4445,9765,4169000,100
11-23 22:06:51.762  1011  1189 I ASH     : @ 120463.958: tcs3701: stop power rail pending_off timer
11-23 22:06:51.762  1011  1189 D ASH     : @ 120463.958: tcs3701: start power rail timer, state:3
11-23 22:06:51.802  1011  1189 I ASH     : @ 120463.998: tcs3701: stop power rail pending_off timer
11-23 22:06:51.802  1011  1189 D ASH     : @ 120463.998: tcs3701: start power rail timer, state:3
11-23 22:06:51.807  9398  5999 I BatteryMgr:DataCollectionService: stats => 1700773611807,11901,4445,9765,4169000,100
11-23 22:06:51.828  9398  5999 I BatteryMgr:DataCollectionService: stats => 1700773611828,11901,4445,9765,4169000,100
11-23 22:06:51.842  1011  1189 I ASH     : @ 120464.038: tcs3701: stop power rail pending_off timer
11-23 22:06:51.842  1011  1189 D ASH     : @ 120464.038: tcs3701: start power rail timer, state:3
11-23 22:06:51.855  9398  5999 I BatteryMgr:DataCollectionService: stats => 1700773611855,11901,4445,9765,4169000,100
11-23 22:06:51.882  1011  1189 I ASH     : @ 120464.078: tcs3701: stop power rail pending_off timer
11-23 22:06:51.883  1011  1189 D ASH     : @ 120464.078: tcs3701: start power rail timer, state:3
11-23 22:06:51.911  9398  5999 I BatteryMgr:DataCollectionService: stats => 1700773611911,11901,4445,9765,4169000,100
11-23 22:06:51.915 25402 25463 W chromium: [WARNING:ev_root_ca_metadata.cc(119)] Not implemented
11-23 22:06:51.922  1011  1189 I ASH     : @ 120464.118: tcs3701: stop power rail pending_off timer
11-23 22:06:51.922  1011  1189 D ASH     : @ 120464.118: tcs3701: start power rail timer, state:3
11-23 22:06:51.934  9398  5999 I BatteryMgr:DataCollectionService: stats => 1700773611934,11901,4445,9765,4169000,100
11-23 22:06:51.960  9398  5999 I BatteryMgr:DataCollectionService: stats => 1700773611960,11901,4445,9765,4169000,100
11-23 22:06:51.962  1011  1189 I ASH     : @ 120464.158: tcs3701: stop power rail pending_off timer
11-23 22:06:51.963  1011  1189 D ASH     : @ 120464.158: tcs3701: start power rail timer, state:3
11-23 22:06:52.002  1011  1189 I ASH     : @ 120464.198: tcs3701: stop power rail pending_off timer
11-23 22:06:52.002  1011  1189 D ASH     : @ 120464.198: tcs3701: start power rail timer, state:3
11-23 22:06:52.015  9398  5999 I BatteryMgr:DataCollectionService: stats => 1700773612015,11901,4445,9765,4169000,100
11-23 22:06:52.038  9398  5999 I BatteryMgr:DataCollectionService: stats => 1700773612038,11901,4445,9765,4169000,100
11-23 22:06:52.042  1011  1189 I ASH     : @ 120464.238: tcs3701: stop power rail pending_off timer
11-23 22:06:52.043  1011  1189 D ASH     : @ 120464.238: tcs3701: start power rail timer, state:3
11-23 22:06:52.064  9398  5999 I BatteryMgr:DataCollectionService: stats => 1700773612064,11901,4445,9765,4169000,100
11-23 22:06:52.082  1011  1189 I ASH     : @ 120464.278: tcs3701: stop power rail pending_off timer
11-23 22:06:52.082  1011  1189 D ASH     : @ 120464.278: tcs3701: start power rail timer, state:3
11-23 22:06:52.120  9398  5999 I BatteryMgr:DataCollectionService: stats => 1700773612120,11901,4445,9765,4169000,100
11-23 22:06:52.122  1011  1189 I ASH     : @ 120464.318: tcs3701: stop power rail pending_off timer
11-23 22:06:52.122  1011  1189 D ASH     : @ 120464.318: tcs3701: start power rail timer, state:3
11-23 22:06:52.142  9398  5999 I BatteryMgr:DataCollectionService: stats => 1700773612142,11901,4445,9765,4169000,100
11-23 22:06:52.162  1011  1189 I ASH     : @ 120464.358: tcs3701: stop power rail pending_off timer
11-23 22:06:52.162  1011  1189 D ASH     : @ 120464.358: tcs3701: start power rail timer, state:3
11-23 22:06:52.168  9398  5999 I BatteryMgr:DataCollectionService: stats => 1700773612168,11901,4445,9765,4169000,100
11-23 22:06:52.178  1795  3659 D ActivityManager: freezer override set to true
11-23 22:06:52.202  1011  1189 I ASH     : @ 120464.398: tcs3701: stop power rail pending_off timer
11-23 22:06:52.202  1011  1189 D ASH     : @ 120464.398: tcs3701: start power rail timer, state:3
11-23 22:06:52.222 25402 25411 W m.chrome.canary: Cleared Reference was only reachable from finalizer (only reported once)
11-23 22:06:52.224  3845  3845 E AbstractGmsTracer: Traced class shouldn't be obfuscated: GmsBoundBrokerChimeraService [CONTEXT service_id=259 ]
11-23 22:06:52.224  3845  3845 D BoundBrokerSvc: onBind: Intent { act=com.google.android.gms.common.BIND_SHARED_PREFS pkg=com.google.android.gms }
11-23 22:06:52.224  3845  3845 D BoundBrokerSvc: Loading bound service for intent: Intent { act=com.google.android.gms.common.BIND_SHARED_PREFS pkg=com.google.android.gms }
11-23 22:06:52.225  3845  3845 E AbstractGmsTracer: Traced class shouldn't be obfuscated: SharedPreferencesBoundService [CONTEXT service_id=259 ]
11-23 22:06:52.230  9398  5999 I BatteryMgr:DataCollectionService: stats => 1700773612230,11901,4445,9765,4169000,100
11-23 22:06:52.231  3845  3845 D BoundBrokerSvc: onUnbind: Intent { act=com.google.android.gms.common.BIND_SHARED_PREFS pkg=com.google.android.gms }
11-23 22:06:52.243  1011  1189 I ASH     : @ 120464.438: tcs3701: stop power rail pending_off timer
11-23 22:06:52.243  1011  1189 D ASH     : @ 120464.438: tcs3701: start power rail timer, state:3
11-23 22:06:52.246  9398  5999 I BatteryMgr:DataCollectionService: stats => 1700773612246,11901,4445,9765,4169000,100
11-23 22:06:52.272  9398  5999 I BatteryMgr:DataCollectionService: stats => 1700773612272,11901,4445,9765,4169000,100
11-23 22:06:52.282  1011  1189 I ASH     : @ 120464.478: tcs3701: stop power rail pending_off timer
11-23 22:06:52.282  1011  1189 D ASH     : @ 120464.478: tcs3701: start power rail timer, state:3
11-23 22:06:52.322  1011  1189 I ASH     : @ 120464.518: tcs3701: stop power rail pending_off timer
11-23 22:06:52.322  1011  1189 D ASH     : @ 120464.518: tcs3701: start power rail timer, state:3
11-23 22:06:52.329 25402 25415 I m.chrome.canary: Explicit concurrent copying GC freed 269868(5507KB) AllocSpace objects, 1(20KB) LOS objects, 75% free, 11MB/45MB, paused 54us,27us total 48.565ms
11-23 22:06:52.334  9398  5999 I BatteryMgr:DataCollectionService: stats => 1700773612334,11901,4445,9765,4169000,100
11-23 22:06:52.350  9398  5999 I BatteryMgr:DataCollectionService: stats => 1700773612350,11901,4445,9765,4169000,100
11-23 22:06:52.363  1011  1189 I ASH     : @ 120464.558: tcs3701: stop power rail pending_off timer
11-23 22:06:52.363  1011  1189 D ASH     : @ 120464.558: tcs3701: start power rail timer, state:3
11-23 22:06:52.378  9398  5999 I BatteryMgr:DataCollectionService: stats => 1700773612378,11901,4445,9765,4169000,100
11-23 22:06:52.391  1795  3659 D ActivityManager: freezer override set to false
11-23 22:06:52.402  1011  1189 I ASH     : @ 120464.598: tcs3701: stop power rail pending_off timer
11-23 22:06:52.402  1011  1189 D ASH     : @ 120464.598: tcs3701: start power rail timer, state:3
11-23 22:06:52.437  1795  3659 D ActivityManager: freezer override set to true
11-23 22:06:52.438  9398  5999 I BatteryMgr:DataCollectionService: stats => 1700773612438,11901,4445,9765,4169000,100
11-23 22:06:52.441  1795  3659 D ActivityManager: freezer override set to false
11-23 22:06:52.442  1011  1189 I ASH     : @ 120464.638: tcs3701: stop power rail pending_off timer
11-23 22:06:52.442  1011  1189 D ASH     : @ 120464.638: tcs3701: start power rail timer, state:3
11-23 22:06:52.454  9398  5999 I BatteryMgr:DataCollectionService: stats => 1700773612454,11901,4445,9765,4169000,100
11-23 22:06:52.482  1011  1189 I ASH     : @ 120464.678: tcs3701: stop power rail pending_off timer
11-23 22:06:52.482  1011  1189 D ASH     : @ 120464.678: tcs3701: start power rail timer, state:3
11-23 22:06:52.485  9398  5999 I BatteryMgr:DataCollectionService: stats => 1700773612485,11901,4445,9765,4169000,100
11-23 22:06:52.486  1795  4144 D ActivityManager: freezer override set to true
11-23 22:06:52.487  1795  4144 D ActivityManager: freezer override set to false
11-23 22:06:52.522  1011  1189 I ASH     : @ 120464.718: tcs3701: stop power rail pending_off timer
11-23 22:06:52.523  1011  1189 D ASH     : @ 120464.718: tcs3701: start power rail timer, state:3
11-23 22:06:52.534 25402 25464 W chromium: [WARNING:ev_root_ca_metadata.cc(119)] Not implemented
11-23 22:06:52.534 25402 25464 W chromium: [WARNING:ev_root_ca_metadata.cc(119)] Not implemented
11-23 22:06:52.542  9398  5999 I BatteryMgr:DataCollectionService: stats => 1700773612542,11901,4445,9765,4169000,100
11-23 22:06:52.560  9398  5999 I BatteryMgr:DataCollectionService: stats => 1700773612560,11901,4445,9765,4169000,100
11-23 22:06:52.562  1011  1189 I ASH     : @ 120464.758: tcs3701: stop power rail pending_off timer
11-23 22:06:52.562  1011  1189 D ASH     : @ 120464.758: tcs3701: start power rail timer, state:3
11-23 22:06:52.589  9398  5999 I BatteryMgr:DataCollectionService: stats => 1700773612589,11901,4445,9765,4169000,100
11-23 22:06:52.602  1011  1189 I ASH     : @ 120464.798: tcs3701: stop power rail pending_off timer
11-23 22:06:52.602  1011  1189 D ASH     : @ 120464.798: tcs3701: start power rail timer, state:3
11-23 22:06:52.642  1011  1189 I ASH     : @ 120464.838: tcs3701: stop power rail pending_off timer
11-23 22:06:52.642  1011  1189 D ASH     : @ 120464.838: tcs3701: start power rail timer, state:3
11-23 22:06:52.647  9398  5999 I BatteryMgr:DataCollectionService: stats => 1700773612647,11901,4445,9765,4169000,100
11-23 22:06:52.665  9398  5999 I BatteryMgr:DataCollectionService: stats => 1700773612665,11901,4445,9765,4169000,100
11-23 22:06:52.682  1011  1189 I ASH     : @ 120464.878: tcs3701: stop power rail pending_off timer
11-23 22:06:52.682  1011  1189 D ASH     : @ 120464.878: tcs3701: start power rail timer, state:3
11-23 22:06:52.694  9398  5999 I BatteryMgr:DataCollectionService: stats => 1700773612694,11901,4445,9765,4169000,100
11-23 22:06:52.722  1011  1189 I ASH     : @ 120464.918: tcs3701: stop power rail pending_off timer
11-23 22:06:52.723  1011  1189 D ASH     : @ 120464.918: tcs3701: start power rail timer, state:3
11-23 22:06:52.752  9398  5999 I BatteryMgr:DataCollectionService: stats => 1700773612752,11901,4445,9765,4169000,100
11-23 22:06:52.763  1011  1189 I ASH     : @ 120464.958: tcs3701: stop power rail pending_off timer
11-23 22:06:52.763  1011  1189 D ASH     : @ 120464.958: tcs3701: start power rail timer, state:3
11-23 22:06:52.770  9398  5999 I BatteryMgr:DataCollectionService: stats => 1700773612770,11901,4445,9765,4169000,100
11-23 22:06:52.798  9398  5999 I BatteryMgr:DataCollectionService: stats => 1700773612798,11901,4445,9765,4169000,100
11-23 22:06:52.802  1011  1189 I ASH     : @ 120464.998: tcs3701: stop power rail pending_off timer
11-23 22:06:52.802  1011  1189 D ASH     : @ 120464.998: tcs3701: start power rail timer, state:3
11-23 22:06:52.843  1011  1189 I ASH     : @ 120465.038: tcs3701: stop power rail pending_off timer
11-23 22:06:52.843  1011  1189 D ASH     : @ 120465.038: tcs3701: start power rail timer, state:3
11-23 22:06:52.857  9398  5999 I BatteryMgr:DataCollectionService: stats => 1700773612857,11901,4445,9765,4169000,100
11-23 22:06:52.874  9398  5999 I BatteryMgr:DataCollectionService: stats => 1700773612874,11901,4445,9765,4169000,100
11-23 22:06:52.883  1011  1189 I ASH     : @ 120465.078: tcs3701: stop power rail pending_off timer
11-23 22:06:52.883  1011  1189 D ASH     : @ 120465.078: tcs3701: start power rail timer, state:3
11-23 22:06:52.902  9398  5999 I BatteryMgr:DataCollectionService: stats => 1700773612902,11901,4445,9765,4169000,100
11-23 22:06:52.919 25483 25513 I AdrenoVK-0: QUALCOMM build          : 4783c89, I46ff5fc46f
11-23 22:06:52.919 25483 25513 I AdrenoVK-0: Build Date              : 11/30/20
11-23 22:06:52.919 25483 25513 I AdrenoVK-0: Shader Compiler Version : EV031.31.04.01
11-23 22:06:52.919 25483 25513 I AdrenoVK-0: Local Branch            : QPR2
11-23 22:06:52.919 25483 25513 I AdrenoVK-0: Remote Branch           : 
11-23 22:06:52.919 25483 25513 I AdrenoVK-0: Remote Branch           : 
11-23 22:06:52.919 25483 25513 I AdrenoVK-0: Reconstruct Branch      : 
11-23 22:06:52.919 25483 25513 I AdrenoVK-0: Build Config            : S P 10.0.4 AArch64
11-23 22:06:52.919 25483 25513 I AdrenoVK-0: Driver Path             : /vendor/lib64/hw/vulkan.adreno.so
11-23 22:06:52.922  1011  1189 I ASH     : @ 120465.118: tcs3701: stop power rail pending_off timer
11-23 22:06:52.922  1011  1189 D ASH     : @ 120465.118: tcs3701: start power rail timer, state:3
11-23 22:06:52.962  9398  5999 I BatteryMgr:DataCollectionService: stats => 1700773612962,11901,4445,9765,4169000,100
11-23 22:06:52.962  1011  1189 I ASH     : @ 120465.158: tcs3701: stop power rail pending_off timer
11-23 22:06:52.962  1011  1189 D ASH     : @ 120465.158: tcs3701: start power rail timer, state:3
11-23 22:06:52.979  9398  5999 I BatteryMgr:DataCollectionService: stats => 1700773612979,11901,4445,9765,4169000,100
11-23 22:06:53.002  1011  1189 I ASH     : @ 120465.198: tcs3701: stop power rail pending_off timer
11-23 22:06:53.002  1011  1189 D ASH     : @ 120465.198: tcs3701: start power rail timer, state:3
11-23 22:06:53.009  9398  5999 I BatteryMgr:DataCollectionService: stats => 1700773613009,11901,4445,9765,4169000,100
11-23 22:06:53.043  1011  1189 I ASH     : @ 120465.238: tcs3701: stop power rail pending_off timer
11-23 22:06:53.043  1011  1189 D ASH     : @ 120465.238: tcs3701: start power rail timer, state:3
11-23 22:06:53.067  9398  5999 I BatteryMgr:DataCollectionService: stats => 1700773613067,11901,4445,9765,4169000,100
11-23 22:06:53.082  1011  1189 I ASH     : @ 120465.278: tcs3701: stop power rail pending_off timer
11-23 22:06:53.082  1011  1189 D ASH     : @ 120465.278: tcs3701: start power rail timer, state:3
11-23 22:06:53.084  9398  5999 I BatteryMgr:DataCollectionService: stats => 1700773613084,11901,4445,9765,4169000,100
11-23 22:06:53.116  9398  5999 I BatteryMgr:DataCollectionService: stats => 1700773613116,11901,4445,9765,4169000,100
11-23 22:06:53.123  1011  1189 I ASH     : @ 120465.318: tcs3701: stop power rail pending_off timer
11-23 22:06:53.123  1011  1189 D ASH     : @ 120465.318: tcs3701: start power rail timer, state:3
11-23 22:06:53.162  1011  1189 I ASH     : @ 120465.358: tcs3701: stop power rail pending_off timer
11-23 22:06:53.162  1011  1189 D ASH     : @ 120465.358: tcs3701: start power rail timer, state:3
11-23 22:06:53.170  9398  5999 I BatteryMgr:DataCollectionService: stats => 1700773613170,11901,4445,9765,4169000,100
11-23 22:06:53.189  9398  5999 I BatteryMgr:DataCollectionService: stats => 1700773613189,11901,4445,9765,4169000,100
11-23 22:06:53.203  1011  1189 I ASH     : @ 120465.398: tcs3701: stop power rail pending_off timer
11-23 22:06:53.203  1011  1189 D ASH     : @ 120465.398: tcs3701: start power rail timer, state:3
11-23 22:06:53.221  9398  5999 I BatteryMgr:DataCollectionService: stats => 1700773613221,11901,4445,9765,4169000,100
11-23 22:06:53.242  1011  1189 I ASH     : @ 120465.438: tcs3701: stop power rail pending_off timer
11-23 22:06:53.242  1011  1189 D ASH     : @ 120465.438: tcs3701: start power rail timer, state:3
11-23 22:06:53.276  9398  5999 I BatteryMgr:DataCollectionService: stats => 1700773613276,11901,4445,9765,4169000,100
11-23 22:06:53.283  1011  1189 I ASH     : @ 120465.478: tcs3701: stop power rail pending_off timer
11-23 22:06:53.283  1011  1189 D ASH     : @ 120465.478: tcs3701: start power rail timer, state:3
11-23 22:06:53.295  9398  5999 I BatteryMgr:DataCollectionService: stats => 1700773613295,11901,4445,9765,4169000,100
11-23 22:06:53.322  1011  1189 I ASH     : @ 120465.518: tcs3701: stop power rail pending_off timer
11-23 22:06:53.322  1011  1189 D ASH     : @ 120465.518: tcs3701: start power rail timer, state:3
11-23 22:06:53.327  9398  5999 I BatteryMgr:DataCollectionService: stats => 1700773613327,11901,4445,9765,4169000,100
11-23 22:06:53.363  1011  1189 I ASH     : @ 120465.558: tcs3701: stop power rail pending_off timer
11-23 22:06:53.363  1011  1189 D ASH     : @ 120465.558: tcs3701: start power rail timer, state:3
11-23 22:06:53.380  9398  5999 I BatteryMgr:DataCollectionService: stats => 1700773613380,11901,4445,9765,4169000,100
11-23 22:06:53.398  9398  5999 I BatteryMgr:DataCollectionService: stats => 1700773613398,11901,4445,9765,4169000,100
11-23 22:06:53.402  1011  1189 I ASH     : @ 120465.598: tcs3701: stop power rail pending_off timer
11-23 22:06:53.402  1011  1189 D ASH     : @ 120465.598: tcs3701: start power rail timer, state:3
11-23 22:06:53.432  9398  5999 I BatteryMgr:DataCollectionService: stats => 1700773613432,11901,4445,9765,4169000,100
11-23 22:06:53.442  1011  1189 I ASH     : @ 120465.638: tcs3701: stop power rail pending_off timer
11-23 22:06:53.442  1011  1189 D ASH     : @ 120465.638: tcs3701: start power rail timer, state:3
11-23 22:06:53.482  1011  1189 I ASH     : @ 120465.678: tcs3701: stop power rail pending_off timer
11-23 22:06:53.482  1011  1189 D ASH     : @ 120465.678: tcs3701: start power rail timer, state:3
11-23 22:06:53.485  9398  5999 I BatteryMgr:DataCollectionService: stats => 1700773613485,11901,4445,9765,4169000,100
11-23 22:06:53.487  1795  4144 D ActivityManager: freezer override set to true
11-23 22:06:53.496  1795  4144 D ActivityManager: freezer override set to false
11-23 22:06:53.503  9398  5999 I BatteryMgr:DataCollectionService: stats => 1700773613503,11901,4445,9765,4169000,100
11-23 22:06:53.523  1011  1189 I ASH     : @ 120465.718: tcs3701: stop power rail pending_off timer
11-23 22:06:53.523  1011  1189 D ASH     : @ 120465.718: tcs3701: start power rail timer, state:3
11-23 22:06:53.537  1795  2424 D WifiNetworkSelector: Current connected network: 12
11-23 22:06:53.537  1795  2424 V WifiConnectivityManager: No partial scan because firmware roaming is supported.
11-23 22:06:53.537  1795  2424 V WifiConnectivityManager: schedulePeriodicScanTimer intervalMs 20000
11-23 22:06:53.544  9398  5999 I BatteryMgr:DataCollectionService: stats => 1700773613544,11901,4445,9765,4169000,100
11-23 22:06:53.545  2113  2118 I pixel-thermal: skin-therm-monitor: 37.774
11-23 22:06:53.562  1011  1189 I ASH     : @ 120465.758: tcs3701: stop power rail pending_off timer
11-23 22:06:53.562  1011  1189 D ASH     : @ 120465.758: tcs3701: start power rail timer, state:3
11-23 22:06:53.590  9398  5999 I BatteryMgr:DataCollectionService: stats => 1700773613590,11901,4445,9765,4169000,100
11-23 22:06:53.602  1011  1189 I ASH     : @ 120465.798: tcs3701: stop power rail pending_off timer
11-23 22:06:53.602  1011  1189 D ASH     : @ 120465.798: tcs3701: start power rail timer, state:3
11-23 22:06:53.609  9398  5999 I BatteryMgr:DataCollectionService: stats => 1700773613609,11901,4445,9765,4169000,100
11-23 22:06:53.644  1795  2467 D ActivityManager: freezer override set to true
11-23 22:06:53.645  1011  1189 I ASH     : @ 120465.838: tcs3701: stop power rail pending_off timer
11-23 22:06:53.645  1011  1189 D ASH     : @ 120465.838: tcs3701: start power rail timer, state:3
11-23 22:06:53.651  9398  5999 I BatteryMgr:DataCollectionService: stats => 1700773613651,11901,4445,9765,4169000,100
11-23 22:06:53.682  1011  1189 I ASH     : @ 120465.878: tcs3701: stop power rail pending_off timer
11-23 22:06:53.682  1011  1189 D ASH     : @ 120465.878: tcs3701: start power rail timer, state:3
11-23 22:06:53.698  9398  5999 I BatteryMgr:DataCollectionService: stats => 1700773613698,11901,4445,9765,4169000,100
11-23 22:06:53.716  9398  5999 I BatteryMgr:DataCollectionService: stats => 1700773613716,11901,4445,9765,4169000,100
11-23 22:06:53.722  1011  1189 I ASH     : @ 120465.918: tcs3701: stop power rail pending_off timer
11-23 22:06:53.722  1011  1189 D ASH     : @ 120465.918: tcs3701: start power rail timer, state:3
11-23 22:06:53.755  9398  5999 I BatteryMgr:DataCollectionService: stats => 1700773613755,11901,4445,9765,4169000,100
11-23 22:06:53.762  1011  1189 I ASH     : @ 120465.958: tcs3701: stop power rail pending_off timer
11-23 22:06:53.762  1011  1189 D ASH     : @ 120465.958: tcs3701: start power rail timer, state:3
11-23 22:06:53.802  1011  1189 I ASH     : @ 120465.998: tcs3701: stop power rail pending_off timer
11-23 22:06:53.802  1011  1189 D ASH     : @ 120465.998: tcs3701: start power rail timer, state:3
11-23 22:06:53.807  9398  5999 I BatteryMgr:DataCollectionService: stats => 1700773613807,11901,4445,9765,4169000,100
11-23 22:06:53.818 25402 25415 I m.chrome.canary: Explicit concurrent copying GC freed 354789(6982KB) AllocSpace objects, 2(104KB) LOS objects, 75% free, 12MB/51MB, paused 51us,25us total 59.308ms
11-23 22:06:53.820  9398  5999 I BatteryMgr:DataCollectionService: stats => 1700773613820,11901,4445,9765,4169000,100
11-23 22:06:53.842  1011  1189 I ASH     : @ 120466.038: tcs3701: stop power rail pending_off timer
11-23 22:06:53.843  1011  1189 D ASH     : @ 120466.038: tcs3701: start power rail timer, state:3
11-23 22:06:53.863  9398  5999 I BatteryMgr:DataCollectionService: stats => 1700773613863,11901,4445,9765,4169000,100
11-23 22:06:53.882  1011  1189 I ASH     : @ 120466.078: tcs3701: stop power rail pending_off timer
11-23 22:06:53.882  1011  1189 D ASH     : @ 120466.078: tcs3701: start power rail timer, state:3
11-23 22:06:53.884  1795  2467 D ActivityManager: freezer override set to false
11-23 22:06:53.915  9398  5999 I BatteryMgr:DataCollectionService: stats => 1700773613915,11901,4445,9765,4169000,100
11-23 22:06:53.922  1011  1189 I ASH     : @ 120466.118: tcs3701: stop power rail pending_off timer
11-23 22:06:53.922  1011  1189 D ASH     : @ 120466.118: tcs3701: start power rail timer, state:3
11-23 22:06:53.930  9398  5999 I BatteryMgr:DataCollectionService: stats => 1700773613930,11901,4445,9765,4169000,100
11-23 22:06:53.954  1795  3659 D ActivityManager: freezer override set to true
11-23 22:06:53.960  1795  3659 D ActivityManager: freezer override set to false
11-23 22:06:53.962  1011  1189 I ASH     : @ 120466.158: tcs3701: stop power rail pending_off timer
11-23 22:06:53.962  1011  1189 D ASH     : @ 120466.158: tcs3701: start power rail timer, state:3
11-23 22:06:53.972  9398  5999 I BatteryMgr:DataCollectionService: stats => 1700773613971,11901,4445,9765,4169000,100
11-23 22:06:54.003  1011  1189 I ASH     : @ 120466.198: tcs3701: stop power rail pending_off timer
11-23 22:06:54.003  1011  1189 D ASH     : @ 120466.198: tcs3701: start power rail timer, state:3
11-23 22:06:54.027  9398  5999 I BatteryMgr:DataCollectionService: stats => 1700773614027,11901,4445,9765,4169000,100
11-23 22:06:54.042  1011  1189 I ASH     : @ 120466.238: tcs3701: stop power rail pending_off timer
11-23 22:06:54.042  1011  1189 D ASH     : @ 120466.238: tcs3701: start power rail timer, state:3
11-23 22:06:54.042  9398  5999 I BatteryMgr:DataCollectionService: stats => 1700773614042,11901,4445,9765,4169000,100
11-23 22:06:54.079  9398  5999 I BatteryMgr:DataCollectionService: stats => 1700773614079,11901,4445,9765,4169000,100
11-23 22:06:54.082  1011  1189 I ASH     : @ 120466.278: tcs3701: stop power rail pending_off timer
11-23 22:06:54.082  1011  1189 D ASH     : @ 120466.278: tcs3701: start power rail timer, state:3
11-23 22:06:54.122  1011  1189 I ASH     : @ 120466.318: tcs3701: stop power rail pending_off timer
11-23 22:06:54.122  1011  1189 D ASH     : @ 120466.318: tcs3701: start power rail timer, state:3
11-23 22:06:54.136  9398  5999 I BatteryMgr:DataCollectionService: stats => 1700773614136,11901,4445,9765,4169000,100
11-23 22:06:54.146  9398  5999 I BatteryMgr:DataCollectionService: stats => 1700773614146,11901,4445,9765,4169000,100
11-23 22:06:54.162  1011  1189 I ASH     : @ 120466.358: tcs3701: stop power rail pending_off timer
11-23 22:06:54.162  1011  1189 D ASH     : @ 120466.358: tcs3701: start power rail timer, state:3
11-23 22:06:54.181  9398  5999 I BatteryMgr:DataCollectionService: stats => 1700773614181,11901,4445,9765,4169000,100
11-23 22:06:54.202  1011  1189 I ASH     : @ 120466.398: tcs3701: stop power rail pending_off timer
11-23 22:06:54.202  1011  1189 D ASH     : @ 120466.398: tcs3701: start power rail timer, state:3
11-23 22:06:54.241  9398  5999 I BatteryMgr:DataCollectionService: stats => 1700773614241,11901,4445,9765,4169000,100
11-23 22:06:54.242  1011  1189 I ASH     : @ 120466.438: tcs3701: stop power rail pending_off timer
11-23 22:06:54.242  1011  1189 D ASH     : @ 120466.438: tcs3701: start power rail timer, state:3
11-23 22:06:54.255  9398  5999 I BatteryMgr:DataCollectionService: stats => 1700773614255,11901,4445,9765,4169000,100
11-23 22:06:54.282  1011  1189 I ASH     : @ 120466.478: tcs3701: stop power rail pending_off timer
11-23 22:06:54.282  1011  1189 D ASH     : @ 120466.478: tcs3701: start power rail timer, state:3
11-23 22:06:54.286  9398  5999 I BatteryMgr:DataCollectionService: stats => 1700773614286,11901,4445,9765,4169000,100
11-23 22:06:54.322  1011  1189 I ASH     : @ 120466.518: tcs3701: stop power rail pending_off timer
11-23 22:06:54.322  1011  1189 D ASH     : @ 120466.518: tcs3701: start power rail timer, state:3
11-23 22:06:54.350  9398  5999 I BatteryMgr:DataCollectionService: stats => 1700773614350,11901,4445,9765,4169000,100
11-23 22:06:54.357  9398  5999 I BatteryMgr:DataCollectionService: stats => 1700773614357,11901,4445,9765,4169000,100
11-23 22:06:54.362  1011  1189 I ASH     : @ 120466.558: tcs3701: stop power rail pending_off timer
11-23 22:06:54.362  1011  1189 D ASH     : @ 120466.558: tcs3701: start power rail timer, state:3
11-23 22:06:54.390  9398  5999 I BatteryMgr:DataCollectionService: stats => 1700773614390,11901,4445,9765,4169000,100
11-23 22:06:54.402  1011  1189 I ASH     : @ 120466.598: tcs3701: stop power rail pending_off timer
11-23 22:06:54.402  1011  1189 D ASH     : @ 120466.598: tcs3701: start power rail timer, state:3
11-23 22:06:54.442  1011  1189 I ASH     : @ 120466.638: tcs3701: stop power rail pending_off timer
11-23 22:06:54.442  1011  1189 D ASH     : @ 120466.638: tcs3701: start power rail timer, state:3
11-23 22:06:54.454  9398  5999 I BatteryMgr:DataCollectionService: stats => 1700773614454,11901,4445,9765,4169000,100
11-23 22:06:54.482  1011  1189 I ASH     : @ 120466.678: tcs3701: stop power rail pending_off timer
11-23 22:06:54.482  1011  1189 D ASH     : @ 120466.678: tcs3701: start power rail timer, state:3
11-23 22:06:54.486  9398  5999 I BatteryMgr:DataCollectionService: stats => 1700773614486,11901,4445,9765,4169000,100
11-23 22:06:54.510  9398  5999 I BatteryMgr:DataCollectionService: stats => 1700773614510,11901,4445,9765,4169000,100
11-23 22:06:54.522  1011  1189 I ASH     : @ 120466.718: tcs3701: stop power rail pending_off timer
11-23 22:06:54.522  1011  1189 D ASH     : @ 120466.718: tcs3701: start power rail timer, state:3
11-23 22:06:54.535  1795  2467 D ActivityManager: freezer override set to true
11-23 22:06:54.542  1795  2467 D ActivityManager: freezer override set to false
11-23 22:06:54.560  9398  5999 I BatteryMgr:DataCollectionService: stats => 1700773614560,11901,4445,9765,4169000,100
11-23 22:06:54.562  1011  1189 I ASH     : @ 120466.758: tcs3701: stop power rail pending_off timer
11-23 22:06:54.562  1011  1189 D ASH     : @ 120466.758: tcs3701: start power rail timer, state:3
11-23 22:06:54.590  9398  5999 I BatteryMgr:DataCollectionService: stats => 1700773614590,11901,4445,9765,4169000,100
11-23 22:06:54.602  1011  1189 I ASH     : @ 120466.798: tcs3701: stop power rail pending_off timer
11-23 22:06:54.602  1011  1189 D ASH     : @ 120466.798: tcs3701: start power rail timer, state:3
11-23 22:06:54.616  9398  5999 I BatteryMgr:DataCollectionService: stats => 1700773614616,11901,4445,9765,4169000,100
11-23 22:06:54.626  1795  2424 D WifiClientModeImpl[13802:wlan0]: updateLinkLayerStatsRssiSpeedFrequencyCapabilities rssi=-46 TxLinkspeed=780 freq=5240 RxLinkSpeed=866
11-23 22:06:54.628  1795  2424 D WifiDataStall: tx tput in kbps: 557487
11-23 22:06:54.628  1795  2424 D WifiDataStall: rx tput in kbps: 696859
11-23 22:06:54.628  1795  2424 V WifiConfigManager: Updating scan detail cache freq=5240 BSSID=f4:6d:2f:12:cc:88 RSSI=-45 for "ourhome"WPA_PSK
11-23 22:06:54.628  1795  2424 D WifiChannelUtilization:  freq: 5240 onTime: 3754970 busyTime: 391055 onTimeDiff: 380178 busyTimeDiff: 75356 utilization: 50 utilization t0: 26
11-23 22:06:54.629  1795  2424 D WifiDataStall:  ccaLevel = 50
11-23 22:06:54.629  1795  2424 D WifiDataStall: L2 txTputKbps: 577443, rxTputKbps: 696859, L3 txTputKbps: 96, rxTputKbps: 173, TxTrafficHigh: true, RxTrafficHigh: true, Throughput Sufficient: true
11-23 22:06:54.629  1795  2424 D WifiScoreReport: Wifi scoring disabled - Don't check IP layer
11-23 22:06:54.629  3213  3232 V WifiManager: OnWifiUsabilityStatsListener: onWifiUsabilityStats: seqNum=39742
11-23 22:06:54.629  1795  2424 D WifiScoreCard: BSSID update SIGNAL_POLL ID: 1320464697 SSID: "ourhome", BSSID: f4:6d:2f:12:cc:88, MAC: b2:2f:ec:da:4a:0c, IP: /192.168.1.104, Security type: 2, Supplicant state: COMPLETED, Wi-Fi standard: 5, RSSI: -46, Link speed: 780Mbps, Tx Link speed: 780Mbps, Max Supported Tx Link speed: 866Mbps, Rx Link speed: 866Mbps, Max Supported Rx Link speed: 866Mbps, Frequency: 5240MHz, Net ID: 12, Metered hint: false, score: 60, isUsable: true, CarrierMerged: false, SubscriptionId: -1, IsPrimary: 1, Trusted: true, Restricted: false, Ephemeral: false, OEM paid: false, OEM private: false, OSU AP: false, FQDN: <none>, Provider friendly name: <none>, Requesting package name: <none>"ourhome"wpa2-pskMLO Information: , Is TID-To-Link negotiation supported by the AP: false, AP MLD Address: <none>, AP MLO Link Id: <none>, AP MLO Affiliated links: <none>
11-23 22:06:54.629  1795  2424 D WifiScoreCard: txRate: 28 txSpeed: 780
11-23 22:06:54.629  1795  2424 D WifiScoreCard: network update SIGNAL_POLL "ourhome" ID: 1499892569 RSSI -46 txSpeed 780
11-23 22:06:54.629  1795  2424 D WifiClientModeImpl[13802:wlan0]:  ClientModeImpl$L2ConnectedState screen=on 25 0 "ourhome" f4:6d:2f:12:cc:88 rssi=-46 f=5240 sc=60 link=780 tx=23.5, 3.8, 0.0 rx=16.8 bcn=1156576 [on:1721 tx:9 rx:9 period:3017] from screen [on:394319 period:7461994] score=60
11-23 22:06:54.629  1795  2467 I WifiService: updateWifiUsabilityScore uid=10180 seqNum=39742 score=100 predictionHorizonSec=1441795
11-23 22:06:54.629  2782  5906 D QCNEJ/WlanStaInfoRelay: Received action: android.net.wifi.RSSI_CHANGED
11-23 22:06:54.631  1795  2424 D WifiScoreReport: Wifi scoring disabled - Notify that Wifi is usable
11-23 22:06:54.634  1795  2432 D ConnectivityService: NetReassign [no changes] [c 1] [a 0] [i 1]
11-23 22:06:54.642  1011  1189 I ASH     : @ 120466.838: tcs3701: stop power rail pending_off timer
11-23 22:06:54.642  1011  1189 D ASH     : @ 120466.838: tcs3701: start power rail timer, state:3
11-23 22:06:54.666  9398  5999 I BatteryMgr:DataCollectionService: stats => 1700773614666,11901,4445,9765,4169000,100
11-23 22:06:54.683  1011  1189 I ASH     : @ 120466.878: tcs3701: stop power rail pending_off timer
11-23 22:06:54.683  1011  1189 D ASH     : @ 120466.878: tcs3701: start power rail timer, state:3
11-23 22:06:54.702  9398  5999 I BatteryMgr:DataCollectionService: stats => 1700773614702,11901,4445,9765,4169000,100
11-23 22:06:54.722  1011  1189 I ASH     : @ 120466.918: tcs3701: stop power rail pending_off timer
11-23 22:06:54.722  1011  1189 D ASH     : @ 120466.918: tcs3701: start power rail timer, state:3
11-23 22:06:54.726  9398  5999 I BatteryMgr:DataCollectionService: stats => 1700773614726,11901,4445,9765,4169000,100
11-23 22:06:54.762  1011  1189 I ASH     : @ 120466.958: tcs3701: stop power rail pending_off timer
11-23 22:06:54.762  1011  1189 D ASH     : @ 120466.958: tcs3701: start power rail timer, state:3
11-23 22:06:54.771  9398  5999 I BatteryMgr:DataCollectionService: stats => 1700773614771,11901,4445,9765,4169000,100
11-23 22:06:54.802  1011  1189 I ASH     : @ 120466.998: tcs3701: stop power rail pending_off timer
11-23 22:06:54.802  1011  1189 D ASH     : @ 120466.998: tcs3701: start power rail timer, state:3
11-23 22:06:54.814  9398  5999 I BatteryMgr:DataCollectionService: stats => 1700773614814,11901,4445,9765,4169000,100
11-23 22:06:54.834  9398  5999 I BatteryMgr:DataCollectionService: stats => 1700773614834,11901,4445,9765,4169000,100
11-23 22:06:54.842  1011  1189 I ASH     : @ 120467.038: tcs3701: stop power rail pending_off timer
11-23 22:06:54.842  1011  1189 D ASH     : @ 120467.038: tcs3701: start power rail timer, state:3
11-23 22:06:54.883  9398  5999 I BatteryMgr:DataCollectionService: stats => 1700773614883,11901,4445,9765,4169000,100
11-23 22:06:54.883  1011  1189 I ASH     : @ 120467.078: tcs3701: stop power rail pending_off timer
11-23 22:06:54.884  1011  1189 D ASH     : @ 120467.078: tcs3701: start power rail timer, state:3
11-23 22:06:54.922  9398  5999 I BatteryMgr:DataCollectionService: stats => 1700773614922,11901,4445,9765,4169000,100
11-23 22:06:54.923  1011  1189 I ASH     : @ 120467.118: tcs3701: stop power rail pending_off timer
11-23 22:06:54.923  1011  1189 D ASH     : @ 120467.118: tcs3701: start power rail timer, state:3
11-23 22:06:54.939  9398  5999 I BatteryMgr:DataCollectionService: stats => 1700773614939,11901,4445,9765,4169000,100
11-23 22:06:54.958 25402 25402 D CompatibilityChangeReporter: Compat change id reported: 194532703; UID 10010; state: ENABLED
11-23 22:06:54.960  1795  3659 D CompatibilityChangeReporter: Compat change id reported: 194532703; UID 10010; state: ENABLED
11-23 22:06:54.962  1011  1189 I ASH     : @ 120467.158: tcs3701: stop power rail pending_off timer
11-23 22:06:54.962  1011  1189 D ASH     : @ 120467.158: tcs3701: start power rail timer, state:3
11-23 22:06:54.979 25402 25402 I cr_omaha: Scheduled using JobService
11-23 22:06:54.980 25402 25402 E cr_BkgrdTaskJS: Tried finishing non-current BackgroundTask.
11-23 22:06:54.988  9398  5999 I BatteryMgr:DataCollectionService: stats => 1700773614988,11901,4445,9765,4169000,100
11-23 22:06:55.003  1011  1189 I ASH     : @ 120467.198: tcs3701: stop power rail pending_off timer
11-23 22:06:55.003  1011  1189 D ASH     : @ 120467.198: tcs3701: start power rail timer, state:3
11-23 22:06:55.027  9398  5999 I BatteryMgr:DataCollectionService: stats => 1700773615027,11901,4445,9765,4169000,100
11-23 22:06:55.042  1011  1189 I ASH     : @ 120467.238: tcs3701: stop power rail pending_off timer
11-23 22:06:55.042  1011  1189 D ASH     : @ 120467.238: tcs3701: start power rail timer, state:3
11-23 22:06:55.053  9398  5999 I BatteryMgr:DataCollectionService: stats => 1700773615053,11901,4445,9765,4169000,100
11-23 22:06:55.083  1011  1189 I ASH     : @ 120467.278: tcs3701: stop power rail pending_off timer
11-23 22:06:55.083  1011  1189 D ASH     : @ 120467.278: tcs3701: start power rail timer, state:3
11-23 22:06:55.094  9398  5999 I BatteryMgr:DataCollectionService: stats => 1700773615094,11901,4445,9765,4169000,100
11-23 22:06:55.122  1011  1189 I ASH     : @ 120467.318: tcs3701: stop power rail pending_off timer
11-23 22:06:55.122  1011  1189 D ASH     : @ 120467.318: tcs3701: start power rail timer, state:3
11-23 22:06:55.130  9398  5999 I BatteryMgr:DataCollectionService: stats => 1700773615130,11901,4445,9765,4169000,100
11-23 22:06:55.156  9398  5999 I BatteryMgr:DataCollectionService: stats => 1700773615156,11901,4445,9765,4169000,100
11-23 22:06:55.162  1011  1189 I ASH     : @ 120467.358: tcs3701: stop power rail pending_off timer
11-23 22:06:55.162  1011  1189 D ASH     : @ 120467.358: tcs3701: start power rail timer, state:3
11-23 22:06:55.201  9398  5999 I BatteryMgr:DataCollectionService: stats => 1700773615200,11901,4445,9765,4169000,100
11-23 22:06:55.202  1011  1189 I ASH     : @ 120467.398: tcs3701: stop power rail pending_off timer
11-23 22:06:55.202  1011  1189 D ASH     : @ 120467.398: tcs3701: start power rail timer, state:3
11-23 22:06:55.238  9398  5999 I BatteryMgr:DataCollectionService: stats => 1700773615238,11901,4445,9765,4169000,100
11-23 22:06:55.242  1011  1189 I ASH     : @ 120467.438: tcs3701: stop power rail pending_off timer
11-23 22:06:55.242  1011  1189 D ASH     : @ 120467.438: tcs3701: start power rail timer, state:3
11-23 22:06:55.264  9398  5999 I BatteryMgr:DataCollectionService: stats => 1700773615264,11901,4445,9765,4169000,100
11-23 22:06:55.282  1011  1189 I ASH     : @ 120467.478: tcs3701: stop power rail pending_off timer
11-23 22:06:55.283  1011  1189 D ASH     : @ 120467.478: tcs3701: start power rail timer, state:3
11-23 22:06:55.304  9398  5999 I BatteryMgr:DataCollectionService: stats => 1700773615304,11901,4445,9765,4169000,100
11-23 22:06:55.316  1795  2735 D ActivityManager: freezer override set to true
11-23 22:06:55.322  1011  1189 I ASH     : @ 120467.518: tcs3701: stop power rail pending_off timer
11-23 22:06:55.322  1011  1189 D ASH     : @ 120467.518: tcs3701: start power rail timer, state:3
11-23 22:06:55.342  9398  5999 I BatteryMgr:DataCollectionService: stats => 1700773615342,11901,4445,9765,4169000,100
11-23 22:06:55.362  1011  1189 I ASH     : @ 120467.558: tcs3701: stop power rail pending_off timer
11-23 22:06:55.362  1011  1189 D ASH     : @ 120467.558: tcs3701: start power rail timer, state:3
11-23 22:06:55.368  9398  5999 I BatteryMgr:DataCollectionService: stats => 1700773615368,11901,4445,9765,4169000,100
11-23 22:06:55.402  1011  1189 I ASH     : @ 120467.598: tcs3701: stop power rail pending_off timer
11-23 22:06:55.402  1011  1189 D ASH     : @ 120467.598: tcs3701: start power rail timer, state:3
11-23 22:06:55.413  9398  5999 I BatteryMgr:DataCollectionService: stats => 1700773615413,11901,4445,9765,4169000,100
11-23 22:06:55.442  1011  1189 I ASH     : @ 120467.638: tcs3701: stop power rail pending_off timer
11-23 22:06:55.442  1011  1189 D ASH     : @ 120467.638: tcs3701: start power rail timer, state:3
11-23 22:06:55.448  9398  5999 I BatteryMgr:DataCollectionService: stats => 1700773615448,11901,4445,9765,4169000,100
11-23 22:06:55.474  9398  5999 I BatteryMgr:DataCollectionService: stats => 1700773615474,11901,4445,9765,4169000,100
11-23 22:06:55.483  1011  1189 I ASH     : @ 120467.678: tcs3701: stop power rail pending_off timer
11-23 22:06:55.483  1011  1189 D ASH     : @ 120467.678: tcs3701: start power rail timer, state:3
11-23 22:06:55.504 25402 25415 I m.chrome.canary: Explicit concurrent copying GC freed 779888(15MB) AllocSpace objects, 10(316KB) LOS objects, 75% free, 12MB/49MB, paused 33us,48us total 134.333ms
11-23 22:06:55.511 25402 25415 W m.chrome.canary: Suspending all threads took: 6.482ms
11-23 22:06:55.518  9398  5999 I BatteryMgr:DataCollectionService: stats => 1700773615518,11901,4445,9765,4169000,100
11-23 22:06:55.522  1011  1189 I ASH     : @ 120467.718: tcs3701: stop power rail pending_off timer
11-23 22:06:55.522  1011  1189 D ASH     : @ 120467.718: tcs3701: start power rail timer, state:3
11-23 22:06:55.547  2113  2118 I pixel-thermal: skin-therm-monitor: 37.747
11-23 22:06:55.551  9398  5999 I BatteryMgr:DataCollectionService: stats => 1700773615551,11901,4445,9765,4169000,100
11-23 22:06:55.562  1011  1189 I ASH     : @ 120467.758: tcs3701: stop power rail pending_off timer
11-23 22:06:55.562  1011  1189 D ASH     : @ 120467.758: tcs3701: start power rail timer, state:3
11-23 22:06:55.582  9398  5999 I BatteryMgr:DataCollectionService: stats => 1700773615582,11901,4445,9765,4169000,100
11-23 22:06:55.602  1011  1189 I ASH     : @ 120467.798: tcs3701: stop power rail pending_off timer
11-23 22:06:55.602  1011  1189 D ASH     : @ 120467.798: tcs3701: start power rail timer, state:3
11-23 22:06:55.624  9398  5999 I BatteryMgr:DataCollectionService: stats => 1700773615624,11901,4445,9765,4169000,100
11-23 22:06:55.638  1795  3659 D ActivityManager: freezer override set to false
11-23 22:06:55.642  1011  1189 I ASH     : @ 120467.838: tcs3701: stop power rail pending_off timer
11-23 22:06:55.642  1011  1189 D ASH     : @ 120467.838: tcs3701: start power rail timer, state:3
11-23 22:06:55.658  9398  5999 I BatteryMgr:DataCollectionService: stats => 1700773615658,11901,4445,9765,4169000,100
11-23 22:06:55.683  1011  1189 I ASH     : @ 120467.878: tcs3701: stop power rail pending_off timer
11-23 22:06:55.684  1011  1189 D ASH     : @ 120467.878: tcs3701: start power rail timer, state:3
11-23 22:06:55.691  9398  5999 I BatteryMgr:DataCollectionService: stats => 1700773615690,11901,4445,9765,4169000,100
11-23 22:06:55.723  1011  1189 I ASH     : @ 120467.918: tcs3701: stop power rail pending_off timer
11-23 22:06:55.723  1011  1189 D ASH     : @ 120467.918: tcs3701: start power rail timer, state:3
11-23 22:06:55.749  9398  5999 I BatteryMgr:DataCollectionService: stats => 1700773615749,11901,4445,9765,4169000,100
11-23 22:06:55.757  1795  3659 D ActivityManager: freezer override set to true
