11-26 21:09:48.209  1011  1189 I ASH     : @ 376240.380: tcs3701: stop power rail pending_off timer
11-26 21:09:48.209  1011  1189 D ASH     : @ 376240.380: tcs3701: start power rail timer, state:3
11-26 21:09:48.249  1011  1189 I ASH     : @ 376240.420: tcs3701: stop power rail pending_off timer
11-26 21:09:48.249  1011  1189 D ASH     : @ 376240.420: tcs3701: start power rail timer, state:3
11-26 21:09:48.268  8427  8467 I BatteryMgr:DataCollectionService: stats => 1701029388268,12512,4446,2136,4169000,100
11-26 21:09:48.289  1011  1189 I ASH     : @ 376240.460: tcs3701: stop power rail pending_off timer
11-26 21:09:48.289  1011  1189 D ASH     : @ 376240.460: tcs3701: start power rail timer, state:3
11-26 21:09:48.329  1011  1189 I ASH     : @ 376240.500: tcs3701: stop power rail pending_off timer
11-26 21:09:48.329  1011  1189 D ASH     : @ 376240.500: tcs3701: start power rail timer, state:3
11-26 21:09:48.369  1011  1189 I ASH     : @ 376240.540: tcs3701: stop power rail pending_off timer
11-26 21:09:48.369  1011  1189 D ASH     : @ 376240.540: tcs3701: start power rail timer, state:3
11-26 21:09:48.376  8427  8467 I BatteryMgr:DataCollectionService: stats => 1701029388376,12512,4446,2136,4169000,100
11-26 21:09:48.403  1795  3613 D ActivityManager: freezer override set to true
11-26 21:09:48.407  1795  3613 D ActivityManager: freezer override set to false
11-26 21:09:48.409  1011  1189 I ASH     : @ 376240.580: tcs3701: stop power rail pending_off timer
11-26 21:09:48.409  1011  1189 D ASH     : @ 376240.580: tcs3701: start power rail timer, state:3
11-26 21:09:48.449  1011  1189 I ASH     : @ 376240.620: tcs3701: stop power rail pending_off timer
11-26 21:09:48.449  1011  1189 D ASH     : @ 376240.620: tcs3701: start power rail timer, state:3
11-26 21:09:48.485  8427  8467 I BatteryMgr:DataCollectionService: stats => 1701029388485,12512,4446,2136,4169000,100
11-26 21:09:48.489  1011  1189 I ASH     : @ 376240.660: tcs3701: stop power rail pending_off timer
11-26 21:09:48.489  1011  1189 D ASH     : @ 376240.660: tcs3701: start power rail timer, state:3
11-26 21:09:48.529  1011  1189 I ASH     : @ 376240.700: tcs3701: stop power rail pending_off timer
11-26 21:09:48.529  1011  1189 D ASH     : @ 376240.700: tcs3701: start power rail timer, state:3
11-26 21:09:48.569  1011  1189 I ASH     : @ 376240.740: tcs3701: stop power rail pending_off timer
11-26 21:09:48.569  1011  1189 D ASH     : @ 376240.740: tcs3701: start power rail timer, state:3
11-26 21:09:48.593  8427  8467 I BatteryMgr:DataCollectionService: stats => 1701029388593,12512,4446,2136,4169000,100
11-26 21:09:48.610  1011  1189 I ASH     : @ 376240.780: tcs3701: stop power rail pending_off timer
11-26 21:09:48.610  1011  1189 D ASH     : @ 376240.780: tcs3701: start power rail timer, state:3
11-26 21:09:48.625  1795  2424 D WifiClientModeImpl[13802:wlan0]: updateLinkLayerStatsRssiSpeedFrequencyCapabilities rssi=-41 TxLinkspeed=866 freq=5240 RxLinkSpeed=866
11-26 21:09:48.625  1795  2424 D WifiDataStall: tx tput in kbps: 700242
11-26 21:09:48.625  1795  2424 D WifiDataStall: rx tput in kbps: 761132
11-26 21:09:48.625  1795  2424 V WifiConfigManager: Updating scan detail cache freq=5240 BSSID=f4:6d:2f:12:cc:88 RSSI=-41 for "ourhome"WPA_PSK
11-26 21:09:48.626  1795  2424 D WifiChannelUtilization:  freq: 5240 onTime: 10461517 busyTime: 958386 onTimeDiff: 813661 busyTimeDiff: 101900 utilization: 31 utilization t0: 23
11-26 21:09:48.626  1795  2424 D WifiDataStall:  ccaLevel = 31
11-26 21:09:48.626  1795  2424 D WifiDataStall: L2 txTputKbps: 723076, rxTputKbps: 761132, L3 txTputKbps: 24, rxTputKbps: 1, TxTrafficHigh: false, RxTrafficHigh: false, Throughput Sufficient: true
11-26 21:09:48.626  2673 16646 V WifiManager: OnWifiUsabilityStatsListener: onWifiUsabilityStats: seqNum=96241
11-26 21:09:48.626  1795  2424 D WifiScoreReport: Wifi scoring disabled - Don't check IP layer
11-26 21:09:48.626  1795  2424 D WifiScoreCard: BSSID update SIGNAL_POLL ID: 1320464697 SSID: "ourhome", BSSID: f4:6d:2f:12:cc:88, MAC: b2:2f:ec:da:4a:0c, IP: /192.168.1.104, Security type: 2, Supplicant state: COMPLETED, Wi-Fi standard: 5, RSSI: -41, Link speed: 866Mbps, Tx Link speed: 866Mbps, Max Supported Tx Link speed: 866Mbps, Rx Link speed: 866Mbps, Max Supported Rx Link speed: 866Mbps, Frequency: 5240MHz, Net ID: 12, Metered hint: false, score: 60, isUsable: true, CarrierMerged: false, SubscriptionId: -1, IsPrimary: 1, Trusted: true, Restricted: false, Ephemeral: false, OEM paid: false, OEM private: false, OSU AP: false, FQDN: <none>, Provider friendly name: <none>, Requesting package name: <none>"ourhome"wpa2-pskMLO Information: , Is TID-To-Link negotiation supported by the AP: false, AP MLD Address: <none>, AP MLO Link Id: <none>, AP MLO Affiliated links: <none>
11-26 21:09:48.626  1795  2424 D WifiScoreCard: txRate: 4 txSpeed: 866
11-26 21:09:48.626  1795  2424 D WifiScoreCard: network update SIGNAL_POLL "ourhome" ID: 1499892569 RSSI -41 txSpeed 866
11-26 21:09:48.627  1795  2424 D WifiClientModeImpl[13802:wlan0]:  ClientModeImpl$L2ConnectedState screen=on 37 0 "ourhome" f4:6d:2f:12:cc:88 rssi=-41 f=5240 sc=60 link=866 tx=3.2, 0.3, 0.0 rx=2.5 bcn=3559893 [on:142 tx:1 rx:1 period:3016] from screen [on:825536 period:16953913] score=60
11-26 21:09:48.628  1795  3613 I WifiService: updateWifiUsabilityScore uid=10180 seqNum=96241 score=100 predictionHorizonSec=1441795
11-26 21:09:48.629  1795  2424 D WifiScoreReport: Wifi scoring disabled - Notify that Wifi is usable
11-26 21:09:48.632  1795  2432 D ConnectivityService: NetReassign [no changes] [c 1] [a 0] [i 2]
11-26 21:09:48.649  1011  1189 I ASH     : @ 376240.820: tcs3701: stop power rail pending_off timer
11-26 21:09:48.649  1011  1189 D ASH     : @ 376240.820: tcs3701: start power rail timer, state:3
11-26 21:09:48.689  1011  1189 I ASH     : @ 376240.860: tcs3701: stop power rail pending_off timer
11-26 21:09:48.689  1011  1189 D ASH     : @ 376240.861: tcs3701: start power rail timer, state:3
11-26 21:09:48.700  8427  8467 I BatteryMgr:DataCollectionService: stats => 1701029388700,12512,4446,2136,4169000,100
11-26 21:09:48.729  1011  1189 I ASH     : @ 376240.900: tcs3701: stop power rail pending_off timer
11-26 21:09:48.729  1011  1189 D ASH     : @ 376240.900: tcs3701: start power rail timer, state:3
11-26 21:09:48.769  1011  1189 I ASH     : @ 376240.940: tcs3701: stop power rail pending_off timer
11-26 21:09:48.769  1011  1189 D ASH     : @ 376240.940: tcs3701: start power rail timer, state:3
11-26 21:09:48.805  8427  8467 I BatteryMgr:DataCollectionService: stats => 1701029388805,12512,4446,2136,4169000,100
11-26 21:09:48.809  1011  1189 I ASH     : @ 376240.980: tcs3701: stop power rail pending_off timer
11-26 21:09:48.809  1011  1189 D ASH     : @ 376240.980: tcs3701: start power rail timer, state:3
11-26 21:09:48.849  1011  1189 I ASH     : @ 376241.020: tcs3701: stop power rail pending_off timer
11-26 21:09:48.850  1011  1189 D ASH     : @ 376241.020: tcs3701: start power rail timer, state:3
11-26 21:09:48.889  1011  1189 I ASH     : @ 376241.060: tcs3701: stop power rail pending_off timer
11-26 21:09:48.889  1011  1189 D ASH     : @ 376241.060: tcs3701: start power rail timer, state:3
11-26 21:09:48.915  8427  8467 I BatteryMgr:DataCollectionService: stats => 1701029388915,12512,4446,2136,4169000,100
11-26 21:09:48.916  1795  3613 D ActivityManager: freezer override set to true
11-26 21:09:48.929  1011  1189 I ASH     : @ 376241.100: tcs3701: stop power rail pending_off timer
11-26 21:09:48.929  1011  1189 D ASH     : @ 376241.100: tcs3701: start power rail timer, state:3
11-26 21:09:48.969  1011  1189 I ASH     : @ 376241.140: tcs3701: stop power rail pending_off timer
11-26 21:09:48.969  1011  1189 D ASH     : @ 376241.140: tcs3701: start power rail timer, state:3
11-26 21:09:49.009  1011  1189 I ASH     : @ 376241.180: tcs3701: stop power rail pending_off timer
11-26 21:09:49.009  1011  1189 D ASH     : @ 376241.180: tcs3701: start power rail timer, state:3
11-26 21:09:49.019  8427  8467 I BatteryMgr:DataCollectionService: stats => 1701029389019,12512,4446,2136,4169000,100
11-26 21:09:49.048  1011  1189 I ASH     : @ 376241.220: tcs3701: stop power rail pending_off timer
11-26 21:09:49.049  1011  1189 D ASH     : @ 376241.220: tcs3701: start power rail timer, state:3
11-26 21:09:49.071  9389  9437 I m.chrome.canary: Explicit concurrent copying GC freed 3843(192KB) AllocSpace objects, 4(80KB) LOS objects, 75% free, 14MB/56MB, paused 29us,27us total 66.151ms
11-26 21:09:49.089  1011  1189 I ASH     : @ 376241.260: tcs3701: stop power rail pending_off timer
11-26 21:09:49.089  1011  1189 D ASH     : @ 376241.260: tcs3701: start power rail timer, state:3
11-26 21:09:49.126  8427  8467 I BatteryMgr:DataCollectionService: stats => 1701029389126,12512,4446,2136,4169000,100
11-26 21:09:49.129  1011  1189 I ASH     : @ 376241.300: tcs3701: stop power rail pending_off timer
11-26 21:09:49.129  1011  1189 D ASH     : @ 376241.300: tcs3701: start power rail timer, state:3
11-26 21:09:49.146  1795  3613 D ActivityManager: freezer override set to false
11-26 21:09:49.169  1011  1189 I ASH     : @ 376241.340: tcs3701: stop power rail pending_off timer
11-26 21:09:49.169  1011  1189 D ASH     : @ 376241.340: tcs3701: start power rail timer, state:3
11-26 21:09:49.182  1795  3613 D ActivityManager: freezer override set to true
11-26 21:09:49.185  1795  3613 D ActivityManager: freezer override set to false
11-26 21:09:49.209  1011  1189 I ASH     : @ 376241.380: tcs3701: stop power rail pending_off timer
11-26 21:09:49.209  1011  1189 D ASH     : @ 376241.380: tcs3701: start power rail timer, state:3
11-26 21:09:49.228  1795  1854 D ActivityManager: freezer override set to true
11-26 21:09:49.230  1795  1854 D ActivityManager: freezer override set to false
11-26 21:09:49.232  8427  8467 I BatteryMgr:DataCollectionService: stats => 1701029389232,12512,4446,2136,4169000,100
11-26 21:09:49.249  1011  1189 I ASH     : @ 376241.420: tcs3701: stop power rail pending_off timer
11-26 21:09:49.249  1011  1189 D ASH     : @ 376241.420: tcs3701: start power rail timer, state:3
11-26 21:09:49.289  1011  1189 I ASH     : @ 376241.460: tcs3701: stop power rail pending_off timer
11-26 21:09:49.289  1011  1189 D ASH     : @ 376241.460: tcs3701: start power rail timer, state:3
11-26 21:09:49.329  1011  1189 I ASH     : @ 376241.500: tcs3701: stop power rail pending_off timer
11-26 21:09:49.329  1011  1189 D ASH     : @ 376241.500: tcs3701: start power rail timer, state:3
11-26 21:09:49.338  8427  8467 I BatteryMgr:DataCollectionService: stats => 1701029389338,12512,4446,2136,4169000,100
11-26 21:09:49.369  1011  1189 I ASH     : @ 376241.540: tcs3701: stop power rail pending_off timer
11-26 21:09:49.369  1011  1189 D ASH     : @ 376241.540: tcs3701: start power rail timer, state:3
11-26 21:09:49.406  1795  3613 D ActivityManager: freezer override set to true
11-26 21:09:49.409  1011  1189 I ASH     : @ 376241.580: tcs3701: stop power rail pending_off timer
11-26 21:09:49.409  1011  1189 D ASH     : @ 376241.580: tcs3701: start power rail timer, state:3
11-26 21:09:49.411  1795  3613 D ActivityManager: freezer override set to false
11-26 21:09:49.444  8427  8467 I BatteryMgr:DataCollectionService: stats => 1701029389444,12512,4446,2136,4169000,100
11-26 21:09:49.449  1011  1189 I ASH     : @ 376241.620: tcs3701: stop power rail pending_off timer
11-26 21:09:49.449  1011  1189 D ASH     : @ 376241.620: tcs3701: start power rail timer, state:3
11-26 21:09:49.479  2113  2118 I pixel-thermal: skin-therm-monitor: 38.811
11-26 21:09:49.489  1011  1189 I ASH     : @ 376241.660: tcs3701: stop power rail pending_off timer
11-26 21:09:49.489  1011  1189 D ASH     : @ 376241.660: tcs3701: start power rail timer, state:3
11-26 21:09:49.530  1011  1189 I ASH     : @ 376241.700: tcs3701: stop power rail pending_off timer
11-26 21:09:49.530  1011  1189 D ASH     : @ 376241.700: tcs3701: start power rail timer, state:3
11-26 21:09:49.550  8427  8467 I BatteryMgr:DataCollectionService: stats => 1701029389550,12512,4446,2136,4169000,100
11-26 21:09:49.569  1011  1189 I ASH     : @ 376241.740: tcs3701: stop power rail pending_off timer
11-26 21:09:49.569  1011  1189 D ASH     : @ 376241.740: tcs3701: start power rail timer, state:3
11-26 21:09:49.609  1011  1189 I ASH     : @ 376241.780: tcs3701: stop power rail pending_off timer
11-26 21:09:49.609  1011  1189 D ASH     : @ 376241.780: tcs3701: start power rail timer, state:3
11-26 21:09:49.649  1011  1189 I ASH     : @ 376241.820: tcs3701: stop power rail pending_off timer
11-26 21:09:49.649  1011  1189 D ASH     : @ 376241.820: tcs3701: start power rail timer, state:3
11-26 21:09:49.657  8427  8467 I BatteryMgr:DataCollectionService: stats => 1701029389657,12512,4446,2136,4169000,100
11-26 21:09:49.689  1011  1189 I ASH     : @ 376241.860: tcs3701: stop power rail pending_off timer
11-26 21:09:49.689  1011  1189 D ASH     : @ 376241.860: tcs3701: start power rail timer, state:3
11-26 21:09:49.729  1011  1189 I ASH     : @ 376241.900: tcs3701: stop power rail pending_off timer
11-26 21:09:49.729  1011  1189 D ASH     : @ 376241.900: tcs3701: start power rail timer, state:3
11-26 21:09:49.763  8427  8467 I BatteryMgr:DataCollectionService: stats => 1701029389763,12512,4446,2136,4169000,100
11-26 21:09:49.769  1011  1189 I ASH     : @ 376241.940: tcs3701: stop power rail pending_off timer
11-26 21:09:49.769  1011  1189 D ASH     : @ 376241.940: tcs3701: start power rail timer, state:3
11-26 21:09:49.809  1011  1189 I ASH     : @ 376241.980: tcs3701: stop power rail pending_off timer
11-26 21:09:49.809  1011  1189 D ASH     : @ 376241.980: tcs3701: start power rail timer, state:3
11-26 21:09:49.849  1011  1189 I ASH     : @ 376242.020: tcs3701: stop power rail pending_off timer
11-26 21:09:49.849  1011  1189 D ASH     : @ 376242.020: tcs3701: start power rail timer, state:3
11-26 21:09:49.869  8427  8467 I BatteryMgr:DataCollectionService: stats => 1701029389869,12512,4446,2136,4169000,100
11-26 21:09:49.889  1011  1189 I ASH     : @ 376242.060: tcs3701: stop power rail pending_off timer
11-26 21:09:49.889  1011  1189 D ASH     : @ 376242.060: tcs3701: start power rail timer, state:3
11-26 21:09:49.929  1011  1189 I ASH     : @ 376242.100: tcs3701: stop power rail pending_off timer
11-26 21:09:49.929  1011  1189 D ASH     : @ 376242.100: tcs3701: start power rail timer, state:3
11-26 21:09:49.969  1011  1189 I ASH     : @ 376242.140: tcs3701: stop power rail pending_off timer
11-26 21:09:49.969  1011  1189 D ASH     : @ 376242.140: tcs3701: start power rail timer, state:3
11-26 21:09:49.975  8427  8467 I BatteryMgr:DataCollectionService: stats => 1701029389975,12512,4446,2136,4169000,100
11-26 21:09:50.009  1011  1189 I ASH     : @ 376242.180: tcs3701: stop power rail pending_off timer
11-26 21:09:50.009  1011  1189 D ASH     : @ 376242.180: tcs3701: start power rail timer, state:3
11-26 21:09:50.049  1011  1189 I ASH     : @ 376242.220: tcs3701: stop power rail pending_off timer
11-26 21:09:50.049  1011  1189 D ASH     : @ 376242.220: tcs3701: start power rail timer, state:3
11-26 21:09:50.085  8427  8467 I BatteryMgr:DataCollectionService: stats => 1701029390085,12512,4446,2136,4169000,100
11-26 21:09:50.089  1011  1189 I ASH     : @ 376242.260: tcs3701: stop power rail pending_off timer
11-26 21:09:50.089  1011  1189 D ASH     : @ 376242.260: tcs3701: start power rail timer, state:3
11-26 21:09:50.129  1011  1189 I ASH     : @ 376242.300: tcs3701: stop power rail pending_off timer
11-26 21:09:50.129  1011  1189 D ASH     : @ 376242.300: tcs3701: start power rail timer, state:3
11-26 21:09:50.169  1011  1189 I ASH     : @ 376242.340: tcs3701: stop power rail pending_off timer
11-26 21:09:50.169  1011  1189 D ASH     : @ 376242.340: tcs3701: start power rail timer, state:3
11-26 21:09:50.191  8427  8467 I BatteryMgr:DataCollectionService: stats => 1701029390191,12512,4446,2136,4169000,100
11-26 21:09:50.209  1011  1189 I ASH     : @ 376242.380: tcs3701: stop power rail pending_off timer
11-26 21:09:50.209  1011  1189 D ASH     : @ 376242.380: tcs3701: start power rail timer, state:3
11-26 21:09:50.249  1011  1189 I ASH     : @ 376242.420: tcs3701: stop power rail pending_off timer
11-26 21:09:50.249  1011  1189 D ASH     : @ 376242.420: tcs3701: start power rail timer, state:3
11-26 21:09:50.289  1011  1189 I ASH     : @ 376242.460: tcs3701: stop power rail pending_off timer
11-26 21:09:50.289  1011  1189 D ASH     : @ 376242.460: tcs3701: start power rail timer, state:3
11-26 21:09:50.299  8427  8467 I BatteryMgr:DataCollectionService: stats => 1701029390299,12512,4446,2136,4169000,100
11-26 21:09:50.329  1011  1189 I ASH     : @ 376242.500: tcs3701: stop power rail pending_off timer
11-26 21:09:50.329  1011  1189 D ASH     : @ 376242.500: tcs3701: start power rail timer, state:3
11-26 21:09:50.369  1011  1189 I ASH     : @ 376242.540: tcs3701: stop power rail pending_off timer
11-26 21:09:50.369  1011  1189 D ASH     : @ 376242.540: tcs3701: start power rail timer, state:3
11-26 21:09:50.395  1795  3613 D ActivityManager: freezer override set to true
11-26 21:09:50.404  8427  8467 I BatteryMgr:DataCollectionService: stats => 1701029390404,12512,4446,2136,4169000,100
11-26 21:09:50.409  1011  1189 I ASH     : @ 376242.581: tcs3701: stop power rail pending_off timer
11-26 21:09:50.409  1011  1189 D ASH     : @ 376242.581: tcs3701: start power rail timer, state:3
11-26 21:09:50.449  1011  1189 I ASH     : @ 376242.620: tcs3701: stop power rail pending_off timer
11-26 21:09:50.449  1011  1189 D ASH     : @ 376242.620: tcs3701: start power rail timer, state:3
11-26 21:09:50.489  1011  1189 I ASH     : @ 376242.660: tcs3701: stop power rail pending_off timer
11-26 21:09:50.489  1011  1189 D ASH     : @ 376242.661: tcs3701: start power rail timer, state:3
11-26 21:09:50.501  9389  9437 I m.chrome.canary: Explicit concurrent copying GC freed 4053(207KB) AllocSpace objects, 5(100KB) LOS objects, 75% free, 14MB/56MB, paused 30us,27us total 60.288ms
11-26 21:09:50.509  8427  8467 I BatteryMgr:DataCollectionService: stats => 1701029390509,12512,4446,2136,4169000,100
11-26 21:09:50.529  1011  1189 I ASH     : @ 376242.700: tcs3701: stop power rail pending_off timer
11-26 21:09:50.529  1011  1189 D ASH     : @ 376242.700: tcs3701: start power rail timer, state:3
11-26 21:09:50.569  1011  1189 I ASH     : @ 376242.740: tcs3701: stop power rail pending_off timer
11-26 21:09:50.569  1011  1189 D ASH     : @ 376242.740: tcs3701: start power rail timer, state:3
11-26 21:09:50.569  1795  3613 D ActivityManager: freezer override set to false
11-26 21:09:50.609  1011  1189 I ASH     : @ 376242.780: tcs3701: stop power rail pending_off timer
11-26 21:09:50.609  1011  1189 D ASH     : @ 376242.780: tcs3701: start power rail timer, state:3
11-26 21:09:50.615  8427  8467 I BatteryMgr:DataCollectionService: stats => 1701029390615,12512,4446,2136,4169000,100
11-26 21:09:50.624  1795  3613 D ActivityManager: freezer override set to true
11-26 21:09:50.627  1795  3613 D ActivityManager: freezer override set to false
11-26 21:09:50.649  1011  1189 I ASH     : @ 376242.820: tcs3701: stop power rail pending_off timer
11-26 21:09:50.649  1011  1189 D ASH     : @ 376242.820: tcs3701: start power rail timer, state:3
11-26 21:09:50.686  1795  3613 D ActivityManager: freezer override set to true
11-26 21:09:50.688  1795  3613 D ActivityManager: freezer override set to false
11-26 21:09:50.689  1011  1189 I ASH     : @ 376242.860: tcs3701: stop power rail pending_off timer
11-26 21:09:50.689  1011  1189 D ASH     : @ 376242.860: tcs3701: start power rail timer, state:3
11-26 21:09:50.722  8427  8467 I BatteryMgr:DataCollectionService: stats => 1701029390721,12512,4446,2136,4169000,100
11-26 21:09:50.729  1011  1189 I ASH     : @ 376242.900: tcs3701: stop power rail pending_off timer
11-26 21:09:50.729  1011  1189 D ASH     : @ 376242.900: tcs3701: start power rail timer, state:3
11-26 21:09:50.769  1011  1189 I ASH     : @ 376242.940: tcs3701: stop power rail pending_off timer
11-26 21:09:50.769  1011  1189 D ASH     : @ 376242.940: tcs3701: start power rail timer, state:3
11-26 21:09:50.809  1011  1189 I ASH     : @ 376242.980: tcs3701: stop power rail pending_off timer
11-26 21:09:50.809  1011  1189 D ASH     : @ 376242.980: tcs3701: start power rail timer, state:3
11-26 21:09:50.828  8427  8467 I BatteryMgr:DataCollectionService: stats => 1701029390828,12512,4446,2136,4169000,100
11-26 21:09:50.849  1011  1189 I ASH     : @ 376243.020: tcs3701: stop power rail pending_off timer
11-26 21:09:50.849  1011  1189 D ASH     : @ 376243.020: tcs3701: start power rail timer, state:3
11-26 21:09:50.889  1011  1189 I ASH     : @ 376243.060: tcs3701: stop power rail pending_off timer
11-26 21:09:50.889  1011  1189 D ASH     : @ 376243.060: tcs3701: start power rail timer, state:3
11-26 21:09:50.929  1011  1189 I ASH     : @ 376243.100: tcs3701: stop power rail pending_off timer
11-26 21:09:50.929  1011  1189 D ASH     : @ 376243.100: tcs3701: start power rail timer, state:3
11-26 21:09:50.936  8427  8467 I BatteryMgr:DataCollectionService: stats => 1701029390936,12512,4446,2136,4169000,100
11-26 21:09:50.969  1011  1189 I ASH     : @ 376243.140: tcs3701: stop power rail pending_off timer
11-26 21:09:50.969  1011  1189 D ASH     : @ 376243.140: tcs3701: start power rail timer, state:3
11-26 21:09:51.009  1011  1189 I ASH     : @ 376243.180: tcs3701: stop power rail pending_off timer
11-26 21:09:51.009  1011  1189 D ASH     : @ 376243.180: tcs3701: start power rail timer, state:3
11-26 21:09:51.043  8427  8467 I BatteryMgr:DataCollectionService: stats => 1701029391043,12512,4446,2136,4169000,100
11-26 21:09:51.049  1011  1189 I ASH     : @ 376243.220: tcs3701: stop power rail pending_off timer
11-26 21:09:51.049  1011  1189 D ASH     : @ 376243.220: tcs3701: start power rail timer, state:3
11-26 21:09:51.089  1011  1189 I ASH     : @ 376243.260: tcs3701: stop power rail pending_off timer
11-26 21:09:51.089  1011  1189 D ASH     : @ 376243.260: tcs3701: start power rail timer, state:3
11-26 21:09:51.129  1011  1189 I ASH     : @ 376243.300: tcs3701: stop power rail pending_off timer
11-26 21:09:51.129  1011  1189 D ASH     : @ 376243.300: tcs3701: start power rail timer, state:3
11-26 21:09:51.151  8427  8467 I BatteryMgr:DataCollectionService: stats => 1701029391151,12512,4446,2136,4169000,100
11-26 21:09:51.169  1011  1189 I ASH     : @ 376243.340: tcs3701: stop power rail pending_off timer
11-26 21:09:51.169  1011  1189 D ASH     : @ 376243.340: tcs3701: start power rail timer, state:3
11-26 21:09:51.209  1011  1189 I ASH     : @ 376243.380: tcs3701: stop power rail pending_off timer
11-26 21:09:51.209  1011  1189 D ASH     : @ 376243.380: tcs3701: start power rail timer, state:3
11-26 21:09:51.249  1011  1189 I ASH     : @ 376243.420: tcs3701: stop power rail pending_off timer
11-26 21:09:51.249  1011  1189 D ASH     : @ 376243.420: tcs3701: start power rail timer, state:3
11-26 21:09:51.261  8427  8467 I BatteryMgr:DataCollectionService: stats => 1701029391261,12512,4446,2136,4169000,100
11-26 21:09:51.289  1011  1189 I ASH     : @ 376243.460: tcs3701: stop power rail pending_off timer
11-26 21:09:51.289  1011  1189 D ASH     : @ 376243.460: tcs3701: start power rail timer, state:3
11-26 21:09:51.329  1011  1189 I ASH     : @ 376243.500: tcs3701: stop power rail pending_off timer
11-26 21:09:51.329  1011  1189 D ASH     : @ 376243.500: tcs3701: start power rail timer, state:3
11-26 21:09:51.368  8427  8467 I BatteryMgr:DataCollectionService: stats => 1701029391368,12512,4446,2136,4169000,100
11-26 21:09:51.369  1011  1189 I ASH     : @ 376243.540: tcs3701: stop power rail pending_off timer
11-26 21:09:51.369  1011  1189 D ASH     : @ 376243.540: tcs3701: start power rail timer, state:3
11-26 21:09:51.407  1795  3613 D ActivityManager: freezer override set to true
11-26 21:09:51.408  1011  1189 I ASH     : @ 376243.580: tcs3701: stop power rail pending_off timer
11-26 21:09:51.409  1011  1189 D ASH     : @ 376243.580: tcs3701: start power rail timer, state:3
11-26 21:09:51.411  1795  3613 D ActivityManager: freezer override set to false
11-26 21:09:51.450  1011  1189 I ASH     : @ 376243.620: tcs3701: stop power rail pending_off timer
11-26 21:09:51.450  1011  1189 D ASH     : @ 376243.620: tcs3701: start power rail timer, state:3
11-26 21:09:51.475  8427  8467 I BatteryMgr:DataCollectionService: stats => 1701029391474,12512,4446,2136,4169000,100
11-26 21:09:51.483  2113  2118 I pixel-thermal: skin-therm-monitor: 38.825
11-26 21:09:51.489  1011  1189 I ASH     : @ 376243.660: tcs3701: stop power rail pending_off timer
11-26 21:09:51.489  1011  1189 D ASH     : @ 376243.660: tcs3701: start power rail timer, state:3
11-26 21:09:51.529  1011  1189 I ASH     : @ 376243.700: tcs3701: stop power rail pending_off timer
11-26 21:09:51.529  1011  1189 D ASH     : @ 376243.700: tcs3701: start power rail timer, state:3
11-26 21:09:51.569  1011  1189 I ASH     : @ 376243.740: tcs3701: stop power rail pending_off timer
11-26 21:09:51.569  1011  1189 D ASH     : @ 376243.740: tcs3701: start power rail timer, state:3
11-26 21:09:51.582  8427  8467 I BatteryMgr:DataCollectionService: stats => 1701029391582,12512,4446,2136,4169000,100
11-26 21:09:51.609  1011  1189 I ASH     : @ 376243.780: tcs3701: stop power rail pending_off timer
11-26 21:09:51.609  1011  1189 D ASH     : @ 376243.780: tcs3701: start power rail timer, state:3
11-26 21:09:51.641  1795  2424 D WifiClientModeImpl[13802:wlan0]: updateLinkLayerStatsRssiSpeedFrequencyCapabilities rssi=-42 TxLinkspeed=866 freq=5240 RxLinkSpeed=866
11-26 21:09:51.643  1795  2424 D WifiDataStall: tx tput in kbps: 723076
11-26 21:09:51.643  1795  2424 D WifiDataStall: rx tput in kbps: 761132
11-26 21:09:51.643  1795  2424 V WifiConfigManager: Updating scan detail cache freq=5240 BSSID=f4:6d:2f:12:cc:88 RSSI=-41 for "ourhome"WPA_PSK
11-26 21:09:51.643  2782  5906 D QCNEJ/WlanStaInfoRelay: Received action: android.net.wifi.RSSI_CHANGED
11-26 21:09:51.644  1795  2424 D WifiChannelUtilization:  freq: 5240 onTime: 10461517 busyTime: 958386 onTimeDiff: 813661 busyTimeDiff: 101900 utilization: 31 utilization t0: 23
11-26 21:09:51.644  1795  2424 D WifiDataStall:  ccaLevel = 31
11-26 21:09:51.644  1795  2424 D WifiDataStall: L2 txTputKbps: 723076, rxTputKbps: 761132, L3 txTputKbps: 0, rxTputKbps: 0, TxTrafficHigh: false, RxTrafficHigh: false, Throughput Sufficient: true
11-26 21:09:51.644  2673 16646 V WifiManager: OnWifiUsabilityStatsListener: onWifiUsabilityStats: seqNum=96242
11-26 21:09:51.644  1795  2424 D WifiScoreReport: Wifi scoring disabled - Don't check IP layer
11-26 21:09:51.646  1795  3613 I WifiService: updateWifiUsabilityScore uid=10180 seqNum=96242 score=100 predictionHorizonSec=1441795
11-26 21:09:51.647  1795  2424 D WifiScoreCard: BSSID update SIGNAL_POLL ID: 1320464697 SSID: "ourhome", BSSID: f4:6d:2f:12:cc:88, MAC: b2:2f:ec:da:4a:0c, IP: /192.168.1.104, Security type: 2, Supplicant state: COMPLETED, Wi-Fi standard: 5, RSSI: -42, Link speed: 866Mbps, Tx Link speed: 866Mbps, Max Supported Tx Link speed: 866Mbps, Rx Link speed: 866Mbps, Max Supported Rx Link speed: 866Mbps, Frequency: 5240MHz, Net ID: 12, Metered hint: false, score: 60, isUsable: true, CarrierMerged: false, SubscriptionId: -1, IsPrimary: 1, Trusted: true, Restricted: false, Ephemeral: false, OEM paid: false, OEM private: false, OSU AP: false, FQDN: <none>, Provider friendly name: <none>, Requesting package name: <none>"ourhome"wpa2-pskMLO Information: , Is TID-To-Link negotiation supported by the AP: false, AP MLD Address: <none>, AP MLO Link Id: <none>, AP MLO Affiliated links: <none>
11-26 21:09:51.647  1795  2424 D WifiScoreCard: txRate: 2 txSpeed: 866
11-26 21:09:51.647  1795  2424 D WifiScoreCard: network update SIGNAL_POLL "ourhome" ID: 1499892569 RSSI -42 txSpeed -1
11-26 21:09:51.648  2513  8309 V WifiManager: TrafficStateCallbackProxy: onStateChanged state=0
11-26 21:09:51.648  1795  2424 D WifiClientModeImpl[13802:wlan0]:  ClientModeImpl$L2ConnectedState screen=on 37 0 "ourhome" f4:6d:2f:12:cc:88 rssi=-42 f=5240 sc=60 link=866 tx=1.2, 0.1, 0.0 rx=0.9 bcn=3559922 [on:0 tx:0 rx:1 period:3021] from screen [on:825536 period:16956934] score=60
11-26 21:09:51.648  1795  2424 D WifiScoreReport: Wifi scoring disabled - Notify that Wifi is usable
11-26 21:09:51.649  1011  1189 I ASH     : @ 376243.820: tcs3701: stop power rail pending_off timer
11-26 21:09:51.649  1011  1189 D ASH     : @ 376243.820: tcs3701: start power rail timer, state:3
11-26 21:09:51.653  1795  2432 D ConnectivityService: NetReassign [no changes] [c 1] [a 0] [i 4]
11-26 21:09:51.689  1011  1189 I ASH     : @ 376243.860: tcs3701: stop power rail pending_off timer
11-26 21:09:51.689  1011  1189 D ASH     : @ 376243.860: tcs3701: start power rail timer, state:3
11-26 21:09:51.690  8427  8467 I BatteryMgr:DataCollectionService: stats => 1701029391689,12512,4446,2136,4169000,100
11-26 21:09:51.729  1011  1189 I ASH     : @ 376243.900: tcs3701: stop power rail pending_off timer
11-26 21:09:51.729  1011  1189 D ASH     : @ 376243.900: tcs3701: start power rail timer, state:3
11-26 21:09:51.769  1011  1189 I ASH     : @ 376243.940: tcs3701: stop power rail pending_off timer
11-26 21:09:51.769  1011  1189 D ASH     : @ 376243.940: tcs3701: start power rail timer, state:3
11-26 21:09:51.797  8427  8467 I BatteryMgr:DataCollectionService: stats => 1701029391797,12512,4446,2136,4169000,100
11-26 21:09:51.809  1011  1189 I ASH     : @ 376243.980: tcs3701: stop power rail pending_off timer
11-26 21:09:51.809  1011  1189 D ASH     : @ 376243.980: tcs3701: start power rail timer, state:3
11-26 21:09:51.852  1011  1189 I ASH     : @ 376244.020: tcs3701: stop power rail pending_off timer
11-26 21:09:51.852  1011  1189 D ASH     : @ 376244.020: tcs3701: start power rail timer, state:3
11-26 21:09:51.853  1795  3613 D ActivityManager: freezer override set to true
11-26 21:09:51.889  1011  1189 I ASH     : @ 376244.060: tcs3701: stop power rail pending_off timer
11-26 21:09:51.889  1011  1189 D ASH     : @ 376244.060: tcs3701: start power rail timer, state:3
11-26 21:09:51.902  8427  8467 I BatteryMgr:DataCollectionService: stats => 1701029391902,12512,4446,2136,4169000,100
11-26 21:09:51.929  1011  1189 I ASH     : @ 376244.100: tcs3701: stop power rail pending_off timer
11-26 21:09:51.929  1011  1189 D ASH     : @ 376244.100: tcs3701: start power rail timer, state:3
11-26 21:09:51.969  1011  1189 I ASH     : @ 376244.140: tcs3701: stop power rail pending_off timer
11-26 21:09:51.969  1011  1189 D ASH     : @ 376244.140: tcs3701: start power rail timer, state:3
11-26 21:09:51.999  9389  9437 I m.chrome.canary: Explicit concurrent copying GC freed 3850(207KB) AllocSpace objects, 4(80KB) LOS objects, 75% free, 14MB/56MB, paused 42us,27us total 62.143ms
11-26 21:09:52.007  8427  8467 I BatteryMgr:DataCollectionService: stats => 1701029392007,12512,4446,2136,4169000,100
11-26 21:09:52.009  1011  1189 I ASH     : @ 376244.180: tcs3701: stop power rail pending_off timer
11-26 21:09:52.009  1011  1189 D ASH     : @ 376244.180: tcs3701: start power rail timer, state:3
11-26 21:09:52.049  1011  1189 I ASH     : @ 376244.220: tcs3701: stop power rail pending_off timer
11-26 21:09:52.050  1011  1189 D ASH     : @ 376244.221: tcs3701: start power rail timer, state:3
11-26 21:09:52.070  1795  3613 D ActivityManager: freezer override set to false
11-26 21:09:52.089  1011  1189 I ASH     : @ 376244.260: tcs3701: stop power rail pending_off timer
11-26 21:09:52.089  1011  1189 D ASH     : @ 376244.260: tcs3701: start power rail timer, state:3
11-26 21:09:52.111  8427  8467 I BatteryMgr:DataCollectionService: stats => 1701029392111,12512,4446,2136,4169000,100
11-26 21:09:52.113  1795  3613 D ActivityManager: freezer override set to true
11-26 21:09:52.115  1795  3613 D ActivityManager: freezer override set to false
11-26 21:09:52.130  1011  1189 I ASH     : @ 376244.301: tcs3701: stop power rail pending_off timer
11-26 21:09:52.130  1011  1189 D ASH     : @ 376244.301: tcs3701: start power rail timer, state:3
11-26 21:09:52.146  1795  3613 D ActivityManager: freezer override set to true
11-26 21:09:52.150  1795  3613 D ActivityManager: freezer override set to false
11-26 21:09:52.169  1011  1189 I ASH     : @ 376244.340: tcs3701: stop power rail pending_off timer
11-26 21:09:52.169  1011  1189 D ASH     : @ 376244.340: tcs3701: start power rail timer, state:3
11-26 21:09:52.209  1011  1189 I ASH     : @ 376244.381: tcs3701: stop power rail pending_off timer
11-26 21:09:52.209  1011  1189 D ASH     : @ 376244.381: tcs3701: start power rail timer, state:3
11-26 21:09:52.218  8427  8467 I BatteryMgr:DataCollectionService: stats => 1701029392218,11291,4446,2136,4169000,100
11-26 21:09:52.249  1011  1189 I ASH     : @ 376244.420: tcs3701: stop power rail pending_off timer
11-26 21:09:52.249  1011  1189 D ASH     : @ 376244.420: tcs3701: start power rail timer, state:3
11-26 21:09:52.289  1011  1189 I ASH     : @ 376244.460: tcs3701: stop power rail pending_off timer
11-26 21:09:52.289  1011  1189 D ASH     : @ 376244.460: tcs3701: start power rail timer, state:3
11-26 21:09:52.325  8427  8467 I BatteryMgr:DataCollectionService: stats => 1701029392325,11291,4446,2136,4169000,100
11-26 21:09:52.329  1011  1189 I ASH     : @ 376244.500: tcs3701: stop power rail pending_off timer
11-26 21:09:52.329  1011  1189 D ASH     : @ 376244.500: tcs3701: start power rail timer, state:3
11-26 21:09:52.369  1011  1189 I ASH     : @ 376244.540: tcs3701: stop power rail pending_off timer
11-26 21:09:52.369  1011  1189 D ASH     : @ 376244.540: tcs3701: start power rail timer, state:3
11-26 21:09:52.409  1011  1189 I ASH     : @ 376244.580: tcs3701: stop power rail pending_off timer
11-26 21:09:52.410  1011  1189 D ASH     : @ 376244.580: tcs3701: start power rail timer, state:3
11-26 21:09:52.410  1795  3613 D ActivityManager: freezer override set to true
11-26 21:09:52.414  1795  3613 D ActivityManager: freezer override set to false
11-26 21:09:52.430  8427  8467 I BatteryMgr:DataCollectionService: stats => 1701029392430,11291,4446,2136,4169000,100
11-26 21:09:52.449  1011  1189 I ASH     : @ 376244.620: tcs3701: stop power rail pending_off timer
11-26 21:09:52.449  1011  1189 D ASH     : @ 376244.620: tcs3701: start power rail timer, state:3
11-26 21:09:52.489  1011  1189 I ASH     : @ 376244.660: tcs3701: stop power rail pending_off timer
11-26 21:09:52.489  1011  1189 D ASH     : @ 376244.660: tcs3701: start power rail timer, state:3
11-26 21:09:52.529  1011  1189 I ASH     : @ 376244.700: tcs3701: stop power rail pending_off timer
11-26 21:09:52.529  1011  1189 D ASH     : @ 376244.700: tcs3701: start power rail timer, state:3
11-26 21:09:52.537  8427  8467 I BatteryMgr:DataCollectionService: stats => 1701029392537,11291,4446,2136,4169000,100
11-26 21:09:52.569  1011  1189 I ASH     : @ 376244.740: tcs3701: stop power rail pending_off timer
11-26 21:09:52.569  1011  1189 D ASH     : @ 376244.740: tcs3701: start power rail timer, state:3
11-26 21:09:52.609  1011  1189 I ASH     : @ 376244.780: tcs3701: stop power rail pending_off timer
11-26 21:09:52.609  1011  1189 D ASH     : @ 376244.780: tcs3701: start power rail timer, state:3
11-26 21:09:52.645  8427  8467 I BatteryMgr:DataCollectionService: stats => 1701029392645,11291,4446,2136,4169000,100
11-26 21:09:52.649  1011  1189 I ASH     : @ 376244.820: tcs3701: stop power rail pending_off timer
11-26 21:09:52.649  1011  1189 D ASH     : @ 376244.820: tcs3701: start power rail timer, state:3
11-26 21:09:52.689  1011  1189 I ASH     : @ 376244.860: tcs3701: stop power rail pending_off timer
11-26 21:09:52.689  1011  1189 D ASH     : @ 376244.860: tcs3701: start power rail timer, state:3
11-26 21:09:52.729  1011  1189 I ASH     : @ 376244.900: tcs3701: stop power rail pending_off timer
11-26 21:09:52.729  1011  1189 D ASH     : @ 376244.900: tcs3701: start power rail timer, state:3
11-26 21:09:52.754  8427  8467 I BatteryMgr:DataCollectionService: stats => 1701029392754,11291,4446,2136,4169000,100
11-26 21:09:52.769  1011  1189 I ASH     : @ 376244.940: tcs3701: stop power rail pending_off timer
11-26 21:09:52.769  1011  1189 D ASH     : @ 376244.940: tcs3701: start power rail timer, state:3
11-26 21:09:52.809  1011  1189 I ASH     : @ 376244.980: tcs3701: stop power rail pending_off timer
11-26 21:09:52.809  1011  1189 D ASH     : @ 376244.980: tcs3701: start power rail timer, state:3
11-26 21:09:52.849  1011  1189 I ASH     : @ 376245.020: tcs3701: stop power rail pending_off timer
11-26 21:09:52.849  1011  1189 D ASH     : @ 376245.020: tcs3701: start power rail timer, state:3
11-26 21:09:52.862  8427  8467 I BatteryMgr:DataCollectionService: stats => 1701029392862,11291,4446,2136,4169000,100
11-26 21:09:52.889  1011  1189 I ASH     : @ 376245.060: tcs3701: stop power rail pending_off timer
11-26 21:09:52.889  1011  1189 D ASH     : @ 376245.060: tcs3701: start power rail timer, state:3
11-26 21:09:52.929  1011  1189 I ASH     : @ 376245.100: tcs3701: stop power rail pending_off timer
11-26 21:09:52.929  1011  1189 D ASH     : @ 376245.100: tcs3701: start power rail timer, state:3
11-26 21:09:52.969  1011  1189 I ASH     : @ 376245.140: tcs3701: stop power rail pending_off timer
11-26 21:09:52.969  1011  1189 D ASH     : @ 376245.140: tcs3701: start power rail timer, state:3
11-26 21:09:52.972  8427  8467 I BatteryMgr:DataCollectionService: stats => 1701029392971,11291,4446,2136,4169000,100
11-26 21:09:53.009  1011  1189 I ASH     : @ 376245.180: tcs3701: stop power rail pending_off timer
11-26 21:09:53.009  1011  1189 D ASH     : @ 376245.180: tcs3701: start power rail timer, state:3
11-26 21:09:53.049  1011  1189 I ASH     : @ 376245.220: tcs3701: stop power rail pending_off timer
11-26 21:09:53.049  1011  1189 D ASH     : @ 376245.220: tcs3701: start power rail timer, state:3
11-26 21:09:53.078  8427  8467 I BatteryMgr:DataCollectionService: stats => 1701029393078,11291,4446,2136,4169000,100
11-26 21:09:53.089  1011  1189 I ASH     : @ 376245.260: tcs3701: stop power rail pending_off timer
11-26 21:09:53.089  1011  1189 D ASH     : @ 376245.260: tcs3701: start power rail timer, state:3
11-26 21:09:53.129  1011  1189 I ASH     : @ 376245.300: tcs3701: stop power rail pending_off timer
11-26 21:09:53.129  1011  1189 D ASH     : @ 376245.300: tcs3701: start power rail timer, state:3
11-26 21:09:53.169  1011  1189 I ASH     : @ 376245.340: tcs3701: stop power rail pending_off timer
11-26 21:09:53.169  1011  1189 D ASH     : @ 376245.340: tcs3701: start power rail timer, state:3
11-26 21:09:53.184  8427  8467 I BatteryMgr:DataCollectionService: stats => 1701029393184,11291,4446,2136,4169000,100
11-26 21:09:53.198 26741 26741 E AbstractGmsTracer: Traced class shouldn't be obfuscated: GmsIntentOperationChimeraService [CONTEXT service_id=259 ]
11-26 21:09:53.207 26741 10281 E AbstractGmsTracer: Traced class shouldn't be obfuscated: InstantIndexingIntentOperation [CONTEXT service_id=259 ]
11-26 21:09:53.208 26741 10281 I GmscoreIpa: Starting mediastore instant index [CONTEXT service_id=255 ]
11-26 21:09:53.209  1011  1189 I ASH     : @ 376245.380: tcs3701: stop power rail pending_off timer
11-26 21:09:53.209  1011  1189 D ASH     : @ 376245.380: tcs3701: start power rail timer, state:3
11-26 21:09:53.249  1011  1189 I ASH     : @ 376245.420: tcs3701: stop power rail pending_off timer
11-26 21:09:53.249  1011  1189 D ASH     : @ 376245.420: tcs3701: start power rail timer, state:3
11-26 21:09:53.289  1011  1189 I ASH     : @ 376245.460: tcs3701: stop power rail pending_off timer
11-26 21:09:53.289  1011  1189 D ASH     : @ 376245.460: tcs3701: start power rail timer, state:3
11-26 21:09:53.290  8427  8467 I BatteryMgr:DataCollectionService: stats => 1701029393290,11291,4446,2136,4169000,100
11-26 21:09:53.329  1011  1189 I ASH     : @ 376245.500: tcs3701: stop power rail pending_off timer
11-26 21:09:53.329  1011  1189 D ASH     : @ 376245.500: tcs3701: start power rail timer, state:3
11-26 21:09:53.335  1795  1854 D ActivityManager: freezer override set to true
11-26 21:09:53.369  1011  1189 I ASH     : @ 376245.540: tcs3701: stop power rail pending_off timer
11-26 21:09:53.369  1011  1189 D ASH     : @ 376245.540: tcs3701: start power rail timer, state:3
11-26 21:09:53.395  8427  8467 I BatteryMgr:DataCollectionService: stats => 1701029393395,11291,4446,2136,4169000,100
11-26 21:09:53.409  1011  1189 I ASH     : @ 376245.580: tcs3701: stop power rail pending_off timer
11-26 21:09:53.409  1011  1189 D ASH     : @ 376245.580: tcs3701: start power rail timer, state:3
11-26 21:09:53.449  1011  1189 I ASH     : @ 376245.620: tcs3701: stop power rail pending_off timer
11-26 21:09:53.449  1011  1189 D ASH     : @ 376245.620: tcs3701: start power rail timer, state:3
11-26 21:09:53.487  9389  9437 I m.chrome.canary: Explicit concurrent copying GC freed 4056(207KB) AllocSpace objects, 5(100KB) LOS objects, 75% free, 14MB/56MB, paused 31us,25us total 61.331ms
11-26 21:09:53.487  2113  2118 I pixel-thermal: skin-therm-monitor: 38.832
11-26 21:09:53.489  1011  1189 I ASH     : @ 376245.660: tcs3701: stop power rail pending_off timer
11-26 21:09:53.489  1011  1189 D ASH     : @ 376245.660: tcs3701: start power rail timer, state:3
11-26 21:09:53.500  8427  8467 I BatteryMgr:DataCollectionService: stats => 1701029393500,11291,4446,2136,4169000,100
11-26 21:09:53.529  1011  1189 I ASH     : @ 376245.700: tcs3701: stop power rail pending_off timer
11-26 21:09:53.529  1011  1189 D ASH     : @ 376245.700: tcs3701: start power rail timer, state:3
11-26 21:09:53.554  1795  1854 D ActivityManager: freezer override set to false
11-26 21:09:53.569  1011  1189 I ASH     : @ 376245.740: tcs3701: stop power rail pending_off timer
11-26 21:09:53.569  1011  1189 D ASH     : @ 376245.740: tcs3701: start power rail timer, state:3
11-26 21:09:53.604  8427  8467 I BatteryMgr:DataCollectionService: stats => 1701029393604,11291,4446,2136,4169000,100
11-26 21:09:53.609  1011  1189 I ASH     : @ 376245.780: tcs3701: stop power rail pending_off timer
11-26 21:09:53.609  1011  1189 D ASH     : @ 376245.780: tcs3701: start power rail timer, state:3
11-26 21:09:53.609  1795  1854 D ActivityManager: freezer override set to true
11-26 21:09:53.612  1795  1854 D ActivityManager: freezer override set to false
11-26 21:09:53.649  1011  1189 I ASH     : @ 376245.820: tcs3701: stop power rail pending_off timer
11-26 21:09:53.649  1011  1189 D ASH     : @ 376245.820: tcs3701: start power rail timer, state:3
11-26 21:09:53.651  1795  1854 D ActivityManager: freezer override set to true
11-26 21:09:53.655  1795  1854 D ActivityManager: freezer override set to false
11-26 21:09:53.689  1011  1189 I ASH     : @ 376245.860: tcs3701: stop power rail pending_off timer
11-26 21:09:53.689  1011  1189 D ASH     : @ 376245.860: tcs3701: start power rail timer, state:3
11-26 21:09:53.710  8427  8467 I BatteryMgr:DataCollectionService: stats => 1701029393710,11291,4446,2136,4169000,100
11-26 21:09:53.729  1011  1189 I ASH     : @ 376245.900: tcs3701: stop power rail pending_off timer
11-26 21:09:53.729  1011  1189 D ASH     : @ 376245.900: tcs3701: start power rail timer, state:3
11-26 21:09:53.769  1011  1189 I ASH     : @ 376245.940: tcs3701: stop power rail pending_off timer
11-26 21:09:53.769  1011  1189 D ASH     : @ 376245.941: tcs3701: start power rail timer, state:3
11-26 21:09:53.809  1011  1189 I ASH     : @ 376245.980: tcs3701: stop power rail pending_off timer
11-26 21:09:53.809  1011  1189 D ASH     : @ 376245.980: tcs3701: start power rail timer, state:3
11-26 21:09:53.816  8427  8467 I BatteryMgr:DataCollectionService: stats => 1701029393816,11291,4446,2136,4169000,100
11-26 21:09:53.849  1011  1189 I ASH     : @ 376246.020: tcs3701: stop power rail pending_off timer
11-26 21:09:53.849  1011  1189 D ASH     : @ 376246.020: tcs3701: start power rail timer, state:3
11-26 21:09:53.889  1011  1189 I ASH     : @ 376246.060: tcs3701: stop power rail pending_off timer
11-26 21:09:53.889  1011  1189 D ASH     : @ 376246.060: tcs3701: start power rail timer, state:3
11-26 21:09:53.922  8427  8467 I BatteryMgr:DataCollectionService: stats => 1701029393922,11291,4446,2136,4169000,100
11-26 21:09:53.929  1011  1189 I ASH     : @ 376246.100: tcs3701: stop power rail pending_off timer
11-26 21:09:53.929  1011  1189 D ASH     : @ 376246.100: tcs3701: start power rail timer, state:3
11-26 21:09:53.969  1011  1189 I ASH     : @ 376246.140: tcs3701: stop power rail pending_off timer
11-26 21:09:53.969  1011  1189 D ASH     : @ 376246.140: tcs3701: start power rail timer, state:3
11-26 21:09:54.009  1011  1189 I ASH     : @ 376246.180: tcs3701: stop power rail pending_off timer
11-26 21:09:54.009  1011  1189 D ASH     : @ 376246.180: tcs3701: start power rail timer, state:3
11-26 21:09:54.031  8427  8467 I BatteryMgr:DataCollectionService: stats => 1701029394031,11291,4446,2136,4169000,100
11-26 21:09:54.049  1011  1189 I ASH     : @ 376246.220: tcs3701: stop power rail pending_off timer
11-26 21:09:54.050  1011  1189 D ASH     : @ 376246.220: tcs3701: start power rail timer, state:3
11-26 21:09:54.089  1011  1189 I ASH     : @ 376246.260: tcs3701: stop power rail pending_off timer
11-26 21:09:54.089  1011  1189 D ASH     : @ 376246.260: tcs3701: start power rail timer, state:3
11-26 21:09:54.129  1011  1189 I ASH     : @ 376246.300: tcs3701: stop power rail pending_off timer
11-26 21:09:54.129  1011  1189 D ASH     : @ 376246.300: tcs3701: start power rail timer, state:3
11-26 21:09:54.138  8427  8467 I BatteryMgr:DataCollectionService: stats => 1701029394138,11291,4446,2136,4169000,100
11-26 21:09:54.169  1011  1189 I ASH     : @ 376246.340: tcs3701: stop power rail pending_off timer
11-26 21:09:54.169  1011  1189 D ASH     : @ 376246.340: tcs3701: start power rail timer, state:3
11-26 21:09:54.209  1011  1189 I ASH     : @ 376246.380: tcs3701: stop power rail pending_off timer
11-26 21:09:54.209  1011  1189 D ASH     : @ 376246.380: tcs3701: start power rail timer, state:3
11-26 21:09:54.245  8427  8467 I BatteryMgr:DataCollectionService: stats => 1701029394245,11291,4446,2136,4169000,100
11-26 21:09:54.249  1011  1189 I ASH     : @ 376246.420: tcs3701: stop power rail pending_off timer
11-26 21:09:54.249  1011  1189 D ASH     : @ 376246.420: tcs3701: start power rail timer, state:3
11-26 21:09:54.289  1011  1189 I ASH     : @ 376246.460: tcs3701: stop power rail pending_off timer
11-26 21:09:54.289  1011  1189 D ASH     : @ 376246.460: tcs3701: start power rail timer, state:3
11-26 21:09:54.329  1011  1189 I ASH     : @ 376246.500: tcs3701: stop power rail pending_off timer
11-26 21:09:54.329  1011  1189 D ASH     : @ 376246.500: tcs3701: start power rail timer, state:3
11-26 21:09:54.351  8427  8467 I BatteryMgr:DataCollectionService: stats => 1701029394351,11291,4446,2136,4169000,100
11-26 21:09:54.369  1011  1189 I ASH     : @ 376246.540: tcs3701: stop power rail pending_off timer
11-26 21:09:54.369  1011  1189 D ASH     : @ 376246.540: tcs3701: start power rail timer, state:3
11-26 21:09:54.401  1795  1854 D ActivityManager: freezer override set to true
11-26 21:09:54.407  1795  1854 D ActivityManager: freezer override set to false
11-26 21:09:54.409  1011  1189 I ASH     : @ 376246.580: tcs3701: stop power rail pending_off timer
11-26 21:09:54.409  1011  1189 D ASH     : @ 376246.580: tcs3701: start power rail timer, state:3
11-26 21:09:54.449  1011  1189 I ASH     : @ 376246.620: tcs3701: stop power rail pending_off timer
11-26 21:09:54.449  1011  1189 D ASH     : @ 376246.620: tcs3701: start power rail timer, state:3
11-26 21:09:54.457  8427  8467 I BatteryMgr:DataCollectionService: stats => 1701029394457,11291,4446,2136,4169000,100
11-26 21:09:54.489  1011  1189 I ASH     : @ 376246.660: tcs3701: stop power rail pending_off timer
11-26 21:09:54.489  1011  1189 D ASH     : @ 376246.660: tcs3701: start power rail timer, state:3
11-26 21:09:54.529  1011  1189 I ASH     : @ 376246.700: tcs3701: stop power rail pending_off timer
11-26 21:09:54.529  1011  1189 D ASH     : @ 376246.700: tcs3701: start power rail timer, state:3
11-26 21:09:54.565  8427  8467 I BatteryMgr:DataCollectionService: stats => 1701029394565,11291,4446,2136,4169000,100
11-26 21:09:54.569  1011  1189 I ASH     : @ 376246.740: tcs3701: stop power rail pending_off timer
11-26 21:09:54.569  1011  1189 D ASH     : @ 376246.740: tcs3701: start power rail timer, state:3
11-26 21:09:54.609  1011  1189 I ASH     : @ 376246.780: tcs3701: stop power rail pending_off timer
11-26 21:09:54.609  1011  1189 D ASH     : @ 376246.780: tcs3701: start power rail timer, state:3
11-26 21:09:54.649  1011  1189 I ASH     : @ 376246.820: tcs3701: stop power rail pending_off timer
11-26 21:09:54.649  1011  1189 D ASH     : @ 376246.820: tcs3701: start power rail timer, state:3
11-26 21:09:54.663  1795  2424 D WifiClientModeImpl[13802:wlan0]: updateLinkLayerStatsRssiSpeedFrequencyCapabilities rssi=-43 TxLinkspeed=866 freq=5240 RxLinkSpeed=866
11-26 21:09:54.664  1795  2424 D WifiDataStall: tx tput in kbps: 723076
11-26 21:09:54.664  1795  2424 D WifiDataStall: rx tput in kbps: 761132
11-26 21:09:54.664  1795  2424 V WifiConfigManager: Updating scan detail cache freq=5240 BSSID=f4:6d:2f:12:cc:88 RSSI=-42 for "ourhome"WPA_PSK
11-26 21:09:54.664  1795  2424 D WifiChannelUtilization:  freq: 5240 onTime: 10461517 busyTime: 958386 onTimeDiff: 813661 busyTimeDiff: 101900 utilization: 31 utilization t0: 23
11-26 21:09:54.664  1795  2424 D WifiDataStall:  ccaLevel = 31
11-26 21:09:54.664  1795  2424 D WifiDataStall: L2 txTputKbps: 723076, rxTputKbps: 761132, L3 txTputKbps: 0, rxTputKbps: 0, TxTrafficHigh: false, RxTrafficHigh: false, Throughput Sufficient: true
