11-26 21:11:38.806  3657  4441 D ForegroundUtils: UID: 10158 is in foreground: true
11-26 21:11:38.806  3657  4441 D ForegroundUtils: UID: 10189 is in foreground: false
11-26 21:11:38.806  3657  4441 D ForegroundUtils: UID: 10194 is in foreground: true
11-26 21:11:38.806  3657  4441 D ForegroundUtils: UID: 10206 is in foreground: false
11-26 21:11:38.806  3657  4441 D ForegroundUtils: UID: 10233 is in foreground: true
11-26 21:11:38.807  3657  4441 D ForegroundUtils: UID: 10244 is in foreground: true
11-26 21:11:38.807  3657  4441 D ForegroundUtils: UID: 10319 is in foreground: true
11-26 21:11:38.807  3657  4441 D ForegroundUtils: UID: 90000 is in foreground: true
11-26 21:11:38.809  1011  1189 I ASH     : @ 376350.980: tcs3701: stop power rail pending_off timer
11-26 21:11:38.809  1011  1189 D ASH     : @ 376350.980: tcs3701: start power rail timer, state:3
11-26 21:11:38.817  1383  1442 I adbd    : jdwp connection from 12911
11-26 21:11:38.819  1795  3634 D ConnectivityService: requestNetwork for uid/pid:10010/12830 activeRequest: null callbackRequest: 10210 [NetworkRequest [ REQUEST id=10211, [ Capabilities: INTERNET&NOT_RESTRICTED&TRUSTED&NOT_VCN_MANAGED Uid: 10010 RequestorUid: 10010 RequestorPkg: com.chrome.canary UnderlyingNetworks: Null] ]] callback flags: 0 order: 2147483647
11-26 21:11:38.822  1795  2424 D WifiNetworkFactory: got request NetworkRequest [ REQUEST id=10211, [ Capabilities: INTERNET&NOT_RESTRICTED&TRUSTED&NOT_VCN_MANAGED Uid: 10010 RequestorUid: 10010 RequestorPkg: com.chrome.canary UnderlyingNetworks: Null] ]
11-26 21:11:38.822  1795  2424 V WifiNetworkFactory: Accepted network request NetworkRequest [ REQUEST id=10211, [ Capabilities: INTERNET&NOT_RESTRICTED&TRUSTED&NOT_VCN_MANAGED Uid: 10010 RequestorUid: 10010 RequestorPkg: com.chrome.canary UnderlyingNetworks: Null] ]
11-26 21:11:38.822  1795  2424 D UntrustedWifiNetworkFactory: got request NetworkRequest [ REQUEST id=10211, [ Capabilities: INTERNET&NOT_RESTRICTED&TRUSTED&NOT_VCN_MANAGED Uid: 10010 RequestorUid: 10010 RequestorPkg: com.chrome.canary UnderlyingNetworks: Null] ]
11-26 21:11:38.822  1795  2424 D OemPaidWifiNetworkFactory: got request NetworkRequest [ REQUEST id=10211, [ Capabilities: INTERNET&NOT_RESTRICTED&TRUSTED&NOT_VCN_MANAGED Uid: 10010 RequestorUid: 10010 RequestorPkg: com.chrome.canary UnderlyingNetworks: Null] ]
11-26 21:11:38.824  1795  2424 D MultiInternetWifiNetworkFactory: got request NetworkRequest [ REQUEST id=10211, [ Capabilities: INTERNET&NOT_RESTRICTED&TRUSTED&NOT_VCN_MANAGED Uid: 10010 RequestorUid: 10010 RequestorPkg: com.chrome.canary UnderlyingNetworks: Null] ]
11-26 21:11:38.824  1795  2432 D ConnectivityService: NetReassign [10211 : null  100] [c 0] [a 1] [i 4]
11-26 21:11:38.825 12904 12904 I LoadedApk: No resource references to update in package com.google.android.trichromelibrary.canary
11-26 21:11:38.825 12904 12904 D NetworkSecurityConfig: Using Network Security Config from resource 0_resource_name_obfuscated debugBuild: false
11-26 21:11:38.826 12904 12904 D NetworkSecurityConfig: Using Network Security Config from resource 0_resource_name_obfuscated debugBuild: false
11-26 21:11:38.827  1795  2432 D ConnectivityService: NetReassign [no changes] [c 1] [a 0] [i 1]
11-26 21:11:38.828 12904 12904 I cr_SplitCompatApp: Launched version=121.0.6145.0 minSdkVersion=29 isBundle=true processName=com.chrome.canary:sandboxed_process0:org.chromium.content.app.SandboxedProcessService0:0 isIsolated=true
11-26 21:11:38.834 26837 26847 W SQLiteConnectionPool: A SQLiteConnection object for database '/data/user/0/com.google.android.gms/databases/metadata.db' was leaked!  Please fix your application to end transactions in progress properly and to close the database when it is no longer needed.
11-26 21:11:38.834 26837 26847 W System  : A resource failed to call SQLiteConnection.close. 
11-26 21:11:38.834 12830 12830 I cr_EnterpriseInfoImpl: #setCacheResult() deviceOwned:false profileOwned:false
11-26 21:11:38.834 12830 12830 I cr_EnterpriseInfo: #getManagedStateForNative() FQ0@aa7e5d4
11-26 21:11:38.836 26837 26847 D BluetoothSocket: close() this: XX:XX:XX:47:18:B4, channel: 10, mSocketIS: android.net.LocalSocketImpl$SocketInputStream@f8c73f9, mSocketOS: android.net.LocalSocketImpl$SocketOutputStream@5b96f3e, mSocket: null, mSocketState: CLOSED
11-26 21:11:38.837 12904 12904 W SystemServiceRegistry: No service published for: uimode
11-26 21:11:38.838 12911 12911 I ActivityThread: Relaunch all activities: onCoreSettingsChange
11-26 21:11:38.839 12911 12911 D CompatibilityChangeReporter: Compat change id reported: 171979766; UID 10010; state: ENABLED
11-26 21:11:38.843 12904 12904 I cr_ChildProcessService: Creating new ChildProcessService pid=12904
11-26 21:11:38.845 12911 12911 W ziparchive: Unable to open '/data/app/~~xK2KNYhs7Vn18sxJkcMggA==/com.google.android.trichromelibrary.canary_614500033-17M9CAQF6V59_-2q0N8dYA==/base.dm': No such file or directory
11-26 21:11:38.845 12911 12911 W ziparchive: Unable to open '/data/app/~~xK2KNYhs7Vn18sxJkcMggA==/com.google.android.trichromelibrary.canary_614500033-17M9CAQF6V59_-2q0N8dYA==/base.dm': No such file or directory
11-26 21:11:38.846 12911 12911 W ileged_process0: Entry not found
11-26 21:11:38.847 12911 12911 D nativeloader: Configuring clns-4 for other apk /data/app/~~xK2KNYhs7Vn18sxJkcMggA==/com.google.android.trichromelibrary.canary_614500033-17M9CAQF6V59_-2q0N8dYA==/base.apk. target_sdk_version=34, uses_libraries=ALL, library_path=/data/app/~~z5-dMYmQLvS-4mWZ9yqnFA==/com.chrome.canary-7Pcck9f8OWCuqG0lIoq4tg==/lib/arm64:/data/app/~~z5-dMYmQLvS-4mWZ9yqnFA==/com.chrome.canary-7Pcck9f8OWCuqG0lIoq4tg==/base.apk!/lib/arm64-v8a:/data/app/~~xK2KNYhs7Vn18sxJkcMggA==/com.google.android.trichromelibrary.canary_614500033-17M9CAQF6V59_-2q0N8dYA==/base.apk!/lib/arm64-v8a, permitted_path=/data:/mnt/expand:/data/user/0/com.chrome.canary
11-26 21:11:38.849  1011  1189 I ASH     : @ 376351.020: tcs3701: stop power rail pending_off timer
11-26 21:11:38.849  1011  1189 D ASH     : @ 376351.020: tcs3701: start power rail timer, state:3
11-26 21:11:38.853 12911 12911 D nativeloader: Configuring clns-5 for other apk /data/app/~~z5-dMYmQLvS-4mWZ9yqnFA==/com.chrome.canary-7Pcck9f8OWCuqG0lIoq4tg==/base.apk. target_sdk_version=34, uses_libraries=, library_path=/data/app/~~z5-dMYmQLvS-4mWZ9yqnFA==/com.chrome.canary-7Pcck9f8OWCuqG0lIoq4tg==/lib/arm64:/data/app/~~z5-dMYmQLvS-4mWZ9yqnFA==/com.chrome.canary-7Pcck9f8OWCuqG0lIoq4tg==/base.apk!/lib/arm64-v8a:/data/app/~~xK2KNYhs7Vn18sxJkcMggA==/com.google.android.trichromelibrary.canary_614500033-17M9CAQF6V59_-2q0N8dYA==/base.apk!/lib/arm64-v8a, permitted_path=/data:/mnt/expand:/data/user/0/com.chrome.canary
11-26 21:11:38.867 12830 12892 W chromium: [WARNING:ev_root_ca_metadata.cc(119)] Not implemented
11-26 21:11:38.867 12830 12892 W chromium: [WARNING:ev_root_ca_metadata.cc(119)] Not implemented
11-26 21:11:38.868  1795  4169 D CompatibilityChangeReporter: Compat change id reported: 182734110; UID 10010; state: ENABLED
11-26 21:11:38.869  1795  4169 D CompatibilityChangeReporter: Compat change id reported: 149924527; UID 10010; state: ENABLED
11-26 21:11:38.869  1795  3716 D ConnectivityService: requestNetwork for uid/pid:10010/12830 activeRequest: null callbackRequest: 10213 [NetworkRequest [ REQUEST id=10214, [ Capabilities: INTERNET&NOT_RESTRICTED&TRUSTED&NOT_VCN_MANAGED Uid: 10010 RequestorUid: 10010 RequestorPkg: com.chrome.canary UnderlyingNetworks: Null] ]] callback flags: 0 order: 2147483647
11-26 21:11:38.870  1795  4169 D CompatibilityChangeReporter: Compat change id reported: 132649864; UID 10010; state: DISABLED
11-26 21:11:38.871 12911 12911 V GraphicsEnvironment: ANGLE Developer option for 'com.chrome.canary' set to: 'default'
11-26 21:11:38.871 12911 12911 V GraphicsEnvironment: ANGLE GameManagerService for com.chrome.canary: false
11-26 21:11:38.871 12911 12911 V GraphicsEnvironment: Updatable production driver is not supported on the device.
11-26 21:11:38.873  1795  2424 D WifiNetworkFactory: got request NetworkRequest [ REQUEST id=10214, [ Capabilities: INTERNET&NOT_RESTRICTED&TRUSTED&NOT_VCN_MANAGED Uid: 10010 RequestorUid: 10010 RequestorPkg: com.chrome.canary UnderlyingNetworks: Null] ]
11-26 21:11:38.873  1795  2424 V WifiNetworkFactory: Accepted network request NetworkRequest [ REQUEST id=10214, [ Capabilities: INTERNET&NOT_RESTRICTED&TRUSTED&NOT_VCN_MANAGED Uid: 10010 RequestorUid: 10010 RequestorPkg: com.chrome.canary UnderlyingNetworks: Null] ]
11-26 21:11:38.873  1795  2424 D UntrustedWifiNetworkFactory: got request NetworkRequest [ REQUEST id=10214, [ Capabilities: INTERNET&NOT_RESTRICTED&TRUSTED&NOT_VCN_MANAGED Uid: 10010 RequestorUid: 10010 RequestorPkg: com.chrome.canary UnderlyingNetworks: Null] ]
11-26 21:11:38.873  1795  2424 D OemPaidWifiNetworkFactory: got request NetworkRequest [ REQUEST id=10214, [ Capabilities: INTERNET&NOT_RESTRICTED&TRUSTED&NOT_VCN_MANAGED Uid: 10010 RequestorUid: 10010 RequestorPkg: com.chrome.canary UnderlyingNetworks: Null] ]
11-26 21:11:38.873  1795  2424 D MultiInternetWifiNetworkFactory: got request NetworkRequest [ REQUEST id=10214, [ Capabilities: INTERNET&NOT_RESTRICTED&TRUSTED&NOT_VCN_MANAGED Uid: 10010 RequestorUid: 10010 RequestorPkg: com.chrome.canary UnderlyingNetworks: Null] ]
11-26 21:11:38.873  1795  2432 D ConnectivityService: NetReassign [10214 : null  100] [c 1] [a 1] [i 2]
11-26 21:11:38.875 12911 12911 I LoadedApk: No resource references to update in package com.google.android.trichromelibrary.canary
11-26 21:11:38.876 12911 12911 D NetworkSecurityConfig: Using Network Security Config from resource 0_resource_name_obfuscated debugBuild: false
11-26 21:11:38.876  1795  2432 D ConnectivityService: NetReassign [no changes] [c 0] [a 1] [i 1]
11-26 21:11:38.876 12911 12911 D NetworkSecurityConfig: Using Network Security Config from resource 0_resource_name_obfuscated debugBuild: false
11-26 21:11:38.878 12911 12911 I cr_SplitCompatApp: Launched version=121.0.6145.0 minSdkVersion=29 isBundle=true processName=com.chrome.canary:privileged_process0 isIsolated=false
11-26 21:11:38.880 12830 12830 I cr_CombinedPProvider: #registerProvider() provider:qN2@3043c64 isPolicyCacheEnabled:true policyProvidersSize:0
11-26 21:11:38.880 12830 12830 I cr_PolicyProvider: #setManagerAndSource() 0
11-26 21:11:38.880 12830 12830 I cr_CombinedPProvider: #registerProvider() provider:fj@c8c5ecd isPolicyCacheEnabled:false policyProvidersSize:1
11-26 21:11:38.880 12830 12830 I cr_PolicyProvider: #setManagerAndSource() 1
11-26 21:11:38.881 12830 12830 I cr_AppResProvider: #getApplicationRestrictionsFromUserManager() Bundle[EMPTY_PARCEL]
11-26 21:11:38.881 12830 12830 I cr_PolicyProvider: #notifySettingsAvailable() 1
11-26 21:11:38.881 12830 12830 I cr_CombinedPProvider: #onSettingsAvailable() 1
11-26 21:11:38.883 12830 12830 I cr_CompositorSurfaceMgr: Transitioning to surface with format: -1
11-26 21:11:38.884 12830 12830 I cr_CompositorSurfaceMgr: surfaceCreated format: 0
11-26 21:11:38.887 12830 12830 W m.chrome.canary: Accessing hidden method Landroid/telephony/TelephonyManager;->getSubscriberInfoService()Lcom/android/internal/telephony/IPhoneSubInfo; (blocked, reflection, denied)
11-26 21:11:38.888 12830 12830 W m.chrome.canary: Accessing hidden method Landroid/telephony/TelephonyManager;->getSubscriberInfoService()Lcom/android/internal/telephony/IPhoneSubInfo; (blocked, reflection, denied)
11-26 21:11:38.888 12830 12830 W m.chrome.canary: Accessing hidden method Landroid/telephony/TelephonyManager;->getSubscriptionService()Lcom/android/internal/telephony/ISub; (blocked, reflection, denied)
11-26 21:11:38.888 12830 12830 W m.chrome.canary: Accessing hidden method Landroid/telephony/TelephonyManager;->getSubscriptionService()Lcom/android/internal/telephony/ISub; (blocked, reflection, denied)
11-26 21:11:38.888 12830 12830 W m.chrome.canary: Accessing hidden method Landroid/telephony/TelephonyManager;->getSmsService()Lcom/android/internal/telephony/ISms; (blocked, reflection, denied)
11-26 21:11:38.888 12830 12830 W m.chrome.canary: Accessing hidden method Landroid/telephony/TelephonyManager;->getSmsService()Lcom/android/internal/telephony/ISms; (blocked, reflection, denied)
11-26 21:11:38.888 12830 12830 W m.chrome.canary: Accessing hidden method Landroid/telephony/TelephonyManager;->getITelephony()Lcom/android/internal/telephony/ITelephony; (max-target-p, reflection, denied)
11-26 21:11:38.888 12830 12830 W m.chrome.canary: Accessing hidden method Landroid/telephony/TelephonyManager;->getITelephony()Lcom/android/internal/telephony/ITelephony; (max-target-p, reflection, denied)
11-26 21:11:38.889  1011  1189 I ASH     : @ 376351.060: tcs3701: stop power rail pending_off timer
11-26 21:11:38.889  1011  1189 D ASH     : @ 376351.060: tcs3701: start power rail timer, state:3
11-26 21:11:38.891 12911 12911 I cr_ChildProcessService: Creating new ChildProcessService pid=12911
11-26 21:11:38.897 12830 12830 I cr_ChromeTabbedActivity: #initializeState
11-26 21:11:38.900 12911 12946 I cr_LibraryLoader: Loading monochrome_64 from within /data/app/~~z5-dMYmQLvS-4mWZ9yqnFA==/com.chrome.canary-7Pcck9f8OWCuqG0lIoq4tg==/base.apk
11-26 21:11:38.900 12911 12946 I cr_Linker: loadLibraryImplLocked: monochrome_64, relroMode=2
11-26 21:11:38.914 12830 12830 E m.chrome.canary: Invalid ID 0x00000000.
11-26 21:11:38.919 12911 12946 I cr_LibraryLoader: Successfully loaded native library
11-26 21:11:38.920 12911 12946 I cr_CachingUmaRecorder: Flushed 4 samples from 4 histograms, 0 samples were dropped.
11-26 21:11:38.921 26741 26741 D BoundBrokerSvc: onBind: Intent { act=com.google.android.gms.languageprofile.service.START pkg=com.google.android.gms }
11-26 21:11:38.921 26741 26741 D BoundBrokerSvc: Loading bound service for intent: Intent { act=com.google.android.gms.languageprofile.service.START pkg=com.google.android.gms }
11-26 21:11:38.922 26741 26741 E AbstractGmsTracer: Traced class shouldn't be obfuscated: LanguageProfileChimeraService [CONTEXT service_id=259 ]
11-26 21:11:38.928 26741 26741 E AbstractGmsTracer: Traced class shouldn't be obfuscated: GmsIntentOperationChimeraService [CONTEXT service_id=259 ]
11-26 21:11:38.929  1011  1189 I ASH     : @ 376351.100: tcs3701: stop power rail pending_off timer
11-26 21:11:38.929  1011  1189 D ASH     : @ 376351.100: tcs3701: start power rail timer, state:3
11-26 21:11:38.929 12911 12946 I AdrenoGLES-0: QUALCOMM build                   : 4783c89, I46ff5fc46f
11-26 21:11:38.929 12911 12946 I AdrenoGLES-0: Build Date                       : 11/30/20
11-26 21:11:38.929 12911 12946 I AdrenoGLES-0: OpenGL ES Shader Compiler Version: EV031.31.04.01
11-26 21:11:38.929 12911 12946 I AdrenoGLES-0: Local Branch                     : QPR2
11-26 21:11:38.929 12911 12946 I AdrenoGLES-0: Remote Branch                    : 
11-26 21:11:38.929 12911 12946 I AdrenoGLES-0: Remote Branch                    : 
11-26 21:11:38.929 12911 12946 I AdrenoGLES-0: Reconstruct Branch               : 
11-26 21:11:38.929 12911 12946 I AdrenoGLES-0: Build Config                     : S P 10.0.4 AArch64
11-26 21:11:38.929 12911 12946 I AdrenoGLES-0: Driver Path                      : /vendor/lib64/egl/libGLESv2_adreno.so
11-26 21:11:38.935 12911 12946 I AdrenoGLES-0: PFP: 0x016dd093, ME: 0x00000000
11-26 21:11:38.936 26741 12948 E AbstractGmsTracer: Traced class shouldn't be obfuscated: AccountsChangedIntentOperation [CONTEXT service_id=259 ]
11-26 21:11:38.937 12830 12830 V MediaRouter: Selecting route: RouteInfo{ name=Phone, description=null, status=null, category=RouteCategory{ name=System types=ROUTE_TYPE_LIVE_AUDIO ROUTE_TYPE_LIVE_VIDEO  groupable=false }, supportedTypes=ROUTE_TYPE_LIVE_AUDIO ROUTE_TYPE_LIVE_VIDEO , presentationDisplay=null }
11-26 21:11:38.937 12830 12830 I MediaRouter: Skip setBluetoothA2dpOn(): types=8388615, isPlaybackActive()=false, BT route=null
11-26 21:11:38.938 12830 12830 W m.chrome.canary: Accessing hidden field Landroid/media/MediaRouter;->sStatic:Landroid/media/MediaRouter$Static; (max-target-o, reflection, denied)
11-26 21:11:38.938 12911 12946 W AdrenoUtils: <ReadGpuID_from_sysfs:197>: Failed to open /sys/class/kgsl/kgsl-3d0/gpu_model
11-26 21:11:38.938 12911 12946 W AdrenoUtils: <ReadGpuID:221>: Failed to read chip ID from gpu_model. Fallback to use the GSL path
11-26 21:11:38.939 12830 12830 I GlobalMediaRouter: Found default route: MediaRouter.RouteInfo{ uniqueId=DEFAULT_ROUTE, name=Phone, description=null, iconUri=null, enabled=true, isSystemRoute=true, connectionState=0, canDisconnect=false, playbackType=0, playbackStream=3, deviceType=0, volumeHandling=1, volume=0, volumeMax=25, presentationDisplayId=-1, extras=null, settingsIntent=null, providerPackageName=android }
11-26 21:11:38.939 12830 12830 I GlobalMediaRouter: Unselecting the current route because it is no longer selectable: null
11-26 21:11:38.947 12830 12902 W cr_media: BLUETOOTH_CONNECT permission is missing.
11-26 21:11:38.948 12830 12902 W cr_media: registerBluetoothIntentsIfNeeded: Requires BLUETOOTH permission
11-26 21:11:38.954 12904 12942 I cr_LibraryLoader: Successfully loaded native library
11-26 21:11:38.955 12904 12942 I cr_CachingUmaRecorder: Flushed 3 samples from 3 histograms, 0 samples were dropped.
11-26 21:11:38.969  1011  1189 I ASH     : @ 376351.140: tcs3701: stop power rail pending_off timer
11-26 21:11:38.969  1011  1189 D ASH     : @ 376351.140: tcs3701: start power rail timer, state:3
11-26 21:11:38.975 12911 12946 D vulkan  : searching for layers in '/data/app/~~z5-dMYmQLvS-4mWZ9yqnFA==/com.chrome.canary-7Pcck9f8OWCuqG0lIoq4tg==/lib/arm64'
11-26 21:11:38.975 12911 12946 D vulkan  : searching for layers in '/data/app/~~z5-dMYmQLvS-4mWZ9yqnFA==/com.chrome.canary-7Pcck9f8OWCuqG0lIoq4tg==/base.apk!/lib/arm64-v8a'
11-26 21:11:38.976 12911 12946 D vulkan  : searching for layers in '/data/app/~~xK2KNYhs7Vn18sxJkcMggA==/com.google.android.trichromelibrary.canary_614500033-17M9CAQF6V59_-2q0N8dYA==/base.apk!/lib/arm64-v8a'
11-26 21:11:38.978 12911 12946 I AdrenoVK-0: ===== BEGIN DUMP OF OVERRIDDEN SETTINGS =====
11-26 21:11:38.978 12911 12946 I AdrenoVK-0: ===== END DUMP OF OVERRIDDEN SETTINGS =====
11-26 21:11:38.978 12911 12946 I AdrenoVK-0: QUALCOMM build          : 4783c89, I46ff5fc46f
11-26 21:11:38.978 12911 12946 I AdrenoVK-0: Build Date              : 11/30/20
11-26 21:11:38.978 12911 12946 I AdrenoVK-0: Shader Compiler Version : EV031.31.04.01
11-26 21:11:38.978 12911 12946 I AdrenoVK-0: Local Branch            : QPR2
11-26 21:11:38.978 12911 12946 I AdrenoVK-0: Remote Branch           : 
11-26 21:11:38.978 12911 12946 I AdrenoVK-0: Remote Branch           : 
11-26 21:11:38.978 12911 12946 I AdrenoVK-0: Reconstruct Branch      : 
11-26 21:11:38.978 12911 12946 I AdrenoVK-0: Build Config            : S P 10.0.4 AArch64
11-26 21:11:38.978 12911 12946 I AdrenoVK-0: Driver Path             : /vendor/lib64/hw/vulkan.adreno.so
11-26 21:11:38.988 26837 26943 I FontLog : (REDACTED) Received query %s, URI %s
11-26 21:11:38.990 26837 26943 I FontLog : (REDACTED) Query [%s] resolved to %s
11-26 21:11:38.990 12911 12962 W Parcel  : Expecting binder but got null!
11-26 21:11:38.991 26837 26943 I FontLog : (REDACTED) Font PFD returned from cache for %s
11-26 21:11:38.991 26837 26943 I FontLog : (REDACTED) Fetch %s end status %s
11-26 21:11:38.993 26837 26943 I FontLog : (REDACTED) Pulling font file for id = %d, cache size = %d
11-26 21:11:38.995 26837 26943 I FontLog : (REDACTED) Received query %s, URI %s
11-26 21:11:38.995 26837 26943 I FontLog : (REDACTED) Query [%s] resolved to %s
11-26 21:11:38.995 26837 26943 I FontLog : (REDACTED) Fetch %s end status %s
11-26 21:11:38.996 26837 27259 I FontLog : (REDACTED) Pulling font file for id = %d, cache size = %d
11-26 21:11:38.998 26837 27259 I FontLog : (REDACTED) Received query %s, URI %s
11-26 21:11:38.998 26837 27259 I FontLog : (REDACTED) Query [%s] resolved to %s
11-26 21:11:38.998 26837 27259 I FontLog : (REDACTED) Font PFD returned from cache for %s
11-26 21:11:38.998 26837 27259 I FontLog : (REDACTED) Fetch %s end status %s
11-26 21:11:38.999 26837 27259 I FontLog : (REDACTED) Pulling font file for id = %d, cache size = %d
11-26 21:11:39.003 26837 27259 I FontLog : (REDACTED) Received query %s, URI %s
11-26 21:11:39.003 26837 27259 I FontLog : (REDACTED) Query [%s] resolved to %s
11-26 21:11:39.003 26837 27259 I FontLog : (REDACTED) Font PFD returned from cache for %s
11-26 21:11:39.004 26837 27259 I FontLog : (REDACTED) Fetch %s end status %s
11-26 21:11:39.006 26837 27259 I FontLog : (REDACTED) Pulling font file for id = %d, cache size = %d
11-26 21:11:39.009  1011  1189 I ASH     : @ 376351.180: tcs3701: stop power rail pending_off timer
11-26 21:11:39.009  1011  1189 D ASH     : @ 376351.180: tcs3701: start power rail timer, state:3
11-26 21:11:39.009 26837 29128 I SQLiteConnectionPool: The connection pool for /data/user/0/com.google.android.gms/databases/metadata.db has been closed but there are still 1 connections in use.  They will be closed as they are released back to the pool.
11-26 21:11:39.010 26837  5740 W FontLog : Error updating last accessed time for {Google Sans, wdth 100.0, wght 500, ital 0.0, bestEffort false}. [CONTEXT service_id=132 ]
11-26 21:11:39.010 26837  5740 W FontLog : java.lang.IllegalStateException: Cannot perform this operation because the connection pool has been closed.
11-26 21:11:39.010 26837  5740 W FontLog : 	at android.database.sqlite.SQLiteConnectionPool.throwIfClosedLocked(SQLiteConnectionPool.java:1078)
11-26 21:11:39.010 26837  5740 W FontLog : 	at android.database.sqlite.SQLiteConnectionPool.waitForConnection(SQLiteConnectionPool.java:771)
11-26 21:11:39.010 26837  5740 W FontLog : 	at android.database.sqlite.SQLiteConnectionPool.acquireConnection(SQLiteConnectionPool.java:387)
11-26 21:11:39.010 26837  5740 W FontLog : 	at android.database.sqlite.SQLiteSession.acquireConnection(SQLiteSession.java:896)
11-26 21:11:39.010 26837  5740 W FontLog : 	at android.database.sqlite.SQLiteSession.prepare(SQLiteSession.java:588)
11-26 21:11:39.010 26837  5740 W FontLog : 	at android.database.sqlite.SQLiteProgram.<init>(SQLiteProgram.java:62)
11-26 21:11:39.010 26837  5740 W FontLog : 	at android.database.sqlite.SQLiteStatement.<init>(SQLiteStatement.java:34)
11-26 21:11:39.010 26837  5740 W FontLog : 	at android.database.sqlite.SQLiteDatabase.executeSql(SQLiteDatabase.java:2086)
11-26 21:11:39.010 26837  5740 W FontLog : 	at android.database.sqlite.SQLiteDatabase.execSQL(SQLiteDatabase.java:2064)
11-26 21:11:39.010 26837  5740 W FontLog : 	at avsh.run(:com.google.android.gms@234414038@23.44.14 (190400-580326705):68)
11-26 21:11:39.010 26837  5740 W FontLog : 	at ajls.c(:com.google.android.gms@234414038@23.44.14 (190400-580326705):50)
11-26 21:11:39.010 26837  5740 W FontLog : 	at ajls.run(:com.google.android.gms@234414038@23.44.14 (190400-580326705):76)
11-26 21:11:39.010 26837  5740 W FontLog : 	at java.util.concurrent.ThreadPoolExecutor.runWorker(ThreadPoolExecutor.java:1145)
11-26 21:11:39.010 26837  5740 W FontLog : 	at java.util.concurrent.ThreadPoolExecutor$Worker.run(ThreadPoolExecutor.java:644)
11-26 21:11:39.010 26837  5740 W FontLog : 	at ajqx.run(:com.google.android.gms@234414038@23.44.14 (190400-580326705):8)
11-26 21:11:39.010 26837  5740 W FontLog : 	at java.lang.Thread.run(Thread.java:1012)
11-26 21:11:39.013 12830 12901 W chromium: [WARNING:ev_root_ca_metadata.cc(119)] Not implemented
11-26 21:11:39.024 26741 26741 E AbstractGmsTracer: Traced class shouldn't be obfuscated: LanguageProfileGcmTaskChimeraService [CONTEXT service_id=259 ]
11-26 21:11:39.024 26741 26741 E AbstractGmsTracer: Traced class shouldn't be obfuscated: LanguageProfileGcmTaskChimeraService [CONTEXT service_id=259 ]
11-26 21:11:39.036  1795  3634 W InputManager-JNI: Input channel object '338af92 Splash Screen com.chrome.canary (client)' was disposed without first being removed with the input manager!
11-26 21:11:39.041  3563  4325 D MediaProvider: Open with FUSE. FilePath: /storage/emulated/0/Download/batterymanager-companion-1.0.0.zip. Uid: 10010. Media Capabilities Uid: 0. ShouldRedact: false. ShouldTranscode: false
11-26 21:11:39.049  1011  1189 I ASH     : @ 376351.220: tcs3701: stop power rail pending_off timer
11-26 21:11:39.049  1011  1189 D ASH     : @ 376351.220: tcs3701: start power rail timer, state:3
11-26 21:11:39.052  3875  3875 I dzhj    : onStop
11-26 21:11:39.054 12904 12942 I tflite  : Initialized TensorFlow Lite runtime.
11-26 21:11:39.054 12904 12942 W libc    : Access denied finding property "ro.mediatek.platform"
11-26 21:11:39.054 12904 12942 W libc    : Access denied finding property "ro.chipname"
11-26 21:11:39.054 12904 12942 W libc    : Access denied finding property "ro.hardware.chipname"
11-26 21:11:39.055  3657  4441 D ForegroundUtils: Foreground UID status:
11-26 21:11:39.055  3657  4441 D ForegroundUtils: UID: 10010 is in foreground: true
11-26 21:11:39.055  3657  4441 D ForegroundUtils: UID: 10128 is in foreground: true
11-26 21:11:39.055  3657  4441 D ForegroundUtils: UID: 10158 is in foreground: true
11-26 21:11:39.055  3657  4441 D ForegroundUtils: UID: 10189 is in foreground: false
11-26 21:11:39.055  3657  4441 D ForegroundUtils: UID: 10194 is in foreground: true
11-26 21:11:39.055  3657  4441 D ForegroundUtils: UID: 10206 is in foreground: false
11-26 21:11:39.055  3657  4441 D ForegroundUtils: UID: 10233 is in foreground: true
11-26 21:11:39.055  3657  4441 D ForegroundUtils: UID: 10244 is in foreground: false
11-26 21:11:39.055  3657  4441 D ForegroundUtils: UID: 10319 is in foreground: true
11-26 21:11:39.055  3657  4441 D ForegroundUtils: UID: 90000 is in foreground: true
11-26 21:11:39.058 12911 12967 W VideoCapabilities: Unrecognized level 1879048707 for video/x-vnd.on2.vp8
11-26 21:11:39.058 12911 12967 W VideoCapabilities: Unrecognized profile 1879048704 for video/x-vnd.on2.vp8
11-26 21:11:39.058 12911 12967 W VideoCapabilities: Unrecognized level 1879048707 for video/x-vnd.on2.vp8
11-26 21:11:39.058 12911 12967 W VideoCapabilities: Unrecognized profile 1879048704 for video/x-vnd.on2.vp8
11-26 21:11:39.058  2940  3994 D OneSearchSuggestProvider: Shut down the binder channel
11-26 21:11:39.058 26837 29128 I NetworkScheduler.Stats: (REDACTED) Task %s/%s started execution. cause:%s exec_start_elapsed_seconds: %s
11-26 21:11:39.059  2940  9057 I s.nexuslauncher: oneway function results for code 2 on binder at 0xb4000070951e7910 will be dropped but finished with status UNKNOWN_TRANSACTION
11-26 21:11:39.061  3563  4325 D MediaProvider: Open with FUSE. FilePath: /storage/emulated/0/Download/com.example.batterymanager_utility (1).apk. Uid: 10010. Media Capabilities Uid: 0. ShouldRedact: false. ShouldTranscode: false
11-26 21:11:39.064 12911 12967 W VideoCapabilities: Unsupported mime image/vnd.android.heic
11-26 21:11:39.065 12911 12967 W VideoCapabilities: Unrecognized level 1879048707 for video/x-vnd.on2.vp8
11-26 21:11:39.065 12911 12967 W VideoCapabilities: Unrecognized profile 1879048704 for video/x-vnd.on2.vp8
11-26 21:11:39.065 12911 12967 W VideoCapabilities: Unrecognized level 1879048707 for video/x-vnd.on2.vp8
11-26 21:11:39.065 12911 12967 W VideoCapabilities: Unrecognized profile 1879048704 for video/x-vnd.on2.vp8
11-26 21:11:39.074 12911 12967 W cr_VAUtil: Unknown profile: 1879048704 for codec video/x-vnd.on2.vp8
11-26 21:11:39.076  3563  4325 D MediaProvider: Open with FUSE. FilePath: /storage/emulated/0/Download/com.example.batterymanager_utility.apk. Uid: 10010. Media Capabilities Uid: 0. ShouldRedact: false. ShouldTranscode: false
11-26 21:11:39.087 12830 12830 D CompatibilityChangeReporter: Compat change id reported: 171228096; UID 10010; state: ENABLED
11-26 21:11:39.089  1011  1189 I ASH     : @ 376351.260: tcs3701: stop power rail pending_off timer
11-26 21:11:39.089  1011  1189 D ASH     : @ 376351.260: tcs3701: start power rail timer, state:3
11-26 21:11:39.097 12911 12963 I AdrenoVK-0: QUALCOMM build          : 4783c89, I46ff5fc46f
11-26 21:11:39.097 12911 12963 I AdrenoVK-0: Build Date              : 11/30/20
11-26 21:11:39.097 12911 12963 I AdrenoVK-0: Shader Compiler Version : EV031.31.04.01
11-26 21:11:39.097 12911 12963 I AdrenoVK-0: Local Branch            : QPR2
11-26 21:11:39.097 12911 12963 I AdrenoVK-0: Remote Branch           : 
11-26 21:11:39.097 12911 12963 I AdrenoVK-0: Remote Branch           : 
11-26 21:11:39.097 12911 12963 I AdrenoVK-0: Reconstruct Branch      : 
11-26 21:11:39.097 12911 12963 I AdrenoVK-0: Build Config            : S P 10.0.4 AArch64
11-26 21:11:39.097 12911 12963 I AdrenoVK-0: Driver Path             : /vendor/lib64/hw/vulkan.adreno.so
11-26 21:11:39.105 26837  5740 I NetworkScheduler.Stats: (REDACTED) Task %s/%s finished executing. cause:%s result: %s elapsed_millis: %s uptime_millis: %s exec_start_elapsed_seconds: %s
11-26 21:11:39.119 12830 12830 I cr_OfflineIndicator: onConnectionTypeChanged 2
11-26 21:11:39.119 12830 12830 I cr_OfflineIndicator: Reported by system: [ Transports: WIFI Capabilities: NOT_METERED&INTERNET&NOT_RESTRICTED&TRUSTED&NOT_VPN&VALIDATED&NOT_ROAMING&FOREGROUND&NOT_CONGESTED&NOT_SUSPENDED&NOT_VCN_MANAGED LinkUpBandwidth>=4485Kbps LinkDnBandwidth>=58459Kbps TransportInfo: <SSID: <unknown ssid>, BSSID: 02:00:00:00:00:00, MAC: 02:00:00:00:00:00, IP: /192.168.1.104, Security type: 2, Supplicant state: COMPLETED, Wi-Fi standard: 5, RSSI: -47, Link speed: 780Mbps, Tx Link speed: 780Mbps, Max Supported Tx Link speed: 866Mbps, Rx Link speed: 6Mbps, Max Supported Rx Link speed: 866Mbps, Frequency: 5240MHz, Net ID: -1, Metered hint: false, score: 60, isUsable: true, CarrierMerged: false, SubscriptionId: -1, IsPrimary: -1, Trusted: true, Restricted: false, Ephemeral: false, OEM paid: false, OEM private: false, OSU AP: false, FQDN: <none>, Provider friendly name: <none>, Requesting package name: <none><none>MLO Information: , Is TID-To-Link negotiation supported by the AP: false, AP MLD Address: <none>, AP MLO Link Id: <none>, AP MLO Affiliated links: <none>> SignalStrength: -47 UnderlyingNetworks: Null]
11-26 21:11:39.119 12830 12830 I cr_OfflineIndicator: setConnectionState connectionState=4
11-26 21:11:39.119 12830 12830 W Settings: Setting airplane_mode_on has moved from android.provider.Settings.System to android.provider.Settings.Global, returning read-only value.
11-26 21:11:39.120 12830 12830 I cr_OfflineDetector: Received connection change state message. mConnectivityDetectorInitialized: true, mTimeWhenLastForegrounded: 376347933, getElapsedTime: 376347934, mTimeWhenLastOfflineNotificationReceived: 0, mTimeWhenLastOnline: 376347934, mTimeWhenAirplaneModeToggledOff: 0 mApplicationState: 1, mIsOfflineLastReportedByConnectivityDetector: false, mInAirplaneMode: false mIsEffectivelyOffline: false
11-26 21:11:39.120 12830 12830 I cr_OfflineDetector: onConnectionStateChanged(): previousLastReportedStateByOfflineDetector: false
11-26 21:11:39.120 12830 12830 I cr_OfflineDetector: Running updateState mConnectivityDetectorInitialized: true, mTimeWhenLastForegrounded: 376347933, getElapsedTime: 376347935, mTimeWhenLastOfflineNotificationReceived: 0, mTimeWhenLastOnline: 376347934, mTimeWhenAirplaneModeToggledOff: 0 mApplicationState: 1, mIsOfflineLastReportedByConnectivityDetector: false, mInAirplaneMode: false mIsEffectivelyOffline: false
11-26 21:11:39.120 12830 12830 I cr_OfflineDetector: updateState(): timeSinceLastForeground: 2, timeSinceOfflineNotificationReceived: 376347935, timeSinceLastOnline: 1, timeNeededForForeground: 1998, timeNeededForOffline: -376345935 timeSinceAirplaneModeToggledOff: 376347935 timeNeededAfterConnectionChangeFromOnlineToOffline: 9999 timeNeededAfterConnectionChangeFromAirplaneToOffline: 0
11-26 21:11:39.120 12830 12830 I cr_OfflineDetector: Running mUpdateOfflineStatusIndicatorDelayedRunnable start. mConnectivityDetectorInitialized: true, mTimeWhenLastForegrounded: 376347933, getElapsedTime: 376347935, mTimeWhenLastOfflineNotificationReceived: 0, mTimeWhenLastOnline: 376347934, mTimeWhenAirplaneModeToggledOff: 0 mApplicationState: 1, mIsOfflineLastReportedByConnectivityDetector: false, mInAirplaneMode: false mIsEffectivelyOffline: false
11-26 21:11:39.120 12830 12830 I cr_OfflineDetector: Running mUpdateOfflineStatusIndicatorDelayedRunnable end. mConnectivityDetectorInitialized: true, mTimeWhenLastForegrounded: 376347933, getElapsedTime: 376347935, mTimeWhenLastOfflineNotificationReceived: 0, mTimeWhenLastOnline: 376347934, mTimeWhenAirplaneModeToggledOff: 0 mApplicationState: 1, mIsOfflineLastReportedByConnectivityDetector: false, mInAirplaneMode: false mIsEffectivelyOffline: false
11-26 21:11:39.120 12830 12830 I cr_OfflineIndicator: processConnectivityCheckResult mConnectionState=4 mConnectivityCheckingStage=1
11-26 21:11:39.129  1011  1189 I ASH     : @ 376351.300: tcs3701: stop power rail pending_off timer
11-26 21:11:39.129  1011  1189 D ASH     : @ 376351.300: tcs3701: start power rail timer, state:3
11-26 21:11:39.148   595   595 I servicemanager: Could not find android.hardware.graphics.allocator.IAllocator/default in the VINTF manifest.
11-26 21:11:39.164  1795  3716 D ConnectivityService: requestNetwork for uid/pid:10010/12830 activeRequest: null callbackRequest: 10216 [NetworkRequest [ REQUEST id=10217, [ Capabilities: INTERNET&NOT_RESTRICTED&TRUSTED&NOT_VCN_MANAGED Uid: 10010 RequestorUid: 10010 RequestorPkg: com.chrome.canary UnderlyingNetworks: Null] ]] callback flags: 0 order: 2147483647
11-26 21:11:39.166  1795  2424 D WifiNetworkFactory: got request NetworkRequest [ REQUEST id=10217, [ Capabilities: INTERNET&NOT_RESTRICTED&TRUSTED&NOT_VCN_MANAGED Uid: 10010 RequestorUid: 10010 RequestorPkg: com.chrome.canary UnderlyingNetworks: Null] ]
11-26 21:11:39.166  1795  2424 V WifiNetworkFactory: Accepted network request NetworkRequest [ REQUEST id=10217, [ Capabilities: INTERNET&NOT_RESTRICTED&TRUSTED&NOT_VCN_MANAGED Uid: 10010 RequestorUid: 10010 RequestorPkg: com.chrome.canary UnderlyingNetworks: Null] ]
11-26 21:11:39.167  1795  2424 D UntrustedWifiNetworkFactory: got request NetworkRequest [ REQUEST id=10217, [ Capabilities: INTERNET&NOT_RESTRICTED&TRUSTED&NOT_VCN_MANAGED Uid: 10010 RequestorUid: 10010 RequestorPkg: com.chrome.canary UnderlyingNetworks: Null] ]
11-26 21:11:39.167  1795  2424 D OemPaidWifiNetworkFactory: got request NetworkRequest [ REQUEST id=10217, [ Capabilities: INTERNET&NOT_RESTRICTED&TRUSTED&NOT_VCN_MANAGED Uid: 10010 RequestorUid: 10010 RequestorPkg: com.chrome.canary UnderlyingNetworks: Null] ]
11-26 21:11:39.167  1795  2432 D ConnectivityService: NetReassign [10217 : null  100] [c 1] [a 0] [i 2]
11-26 21:11:39.167  1795  2424 D MultiInternetWifiNetworkFactory: got request NetworkRequest [ REQUEST id=10217, [ Capabilities: INTERNET&NOT_RESTRICTED&TRUSTED&NOT_VCN_MANAGED Uid: 10010 RequestorUid: 10010 RequestorPkg: com.chrome.canary UnderlyingNetworks: Null] ]
11-26 21:11:39.169  1011  1189 I ASH     : @ 376351.340: tcs3701: stop power rail pending_off timer
11-26 21:11:39.169  1011  1189 D ASH     : @ 376351.340: tcs3701: start power rail timer, state:3
11-26 21:11:39.170  3563  4325 D MediaProvider: Open with FUSE. FilePath: /storage/emulated/0/Download/batterymanager-companion-1.0.0.zip. Uid: 10010. Media Capabilities Uid: 0. ShouldRedact: false. ShouldTranscode: false
11-26 21:11:39.170  1795  2432 D ConnectivityService: NetReassign [no changes] [c 0] [a 1] [i 2]
11-26 21:11:39.177  3563  4325 D MediaProvider: Open with FUSE. FilePath: /storage/emulated/0/Download/com.example.batterymanager_utility (1).apk. Uid: 10010. Media Capabilities Uid: 0. ShouldRedact: false. ShouldTranscode: false
11-26 21:11:39.180 12830 12830 I cr_InactivityTracker: Last background time read from the SharedPreference is:-1.
11-26 21:11:39.182  3563 23266 D MediaProvider: Open with FUSE. FilePath: /storage/emulated/0/Download/com.example.batterymanager_utility.apk. Uid: 10010. Media Capabilities Uid: 0. ShouldRedact: false. ShouldTranscode: false
11-26 21:11:39.185 12830 12830 I cr_VideoPersist: Exited picture in picture with reason: 0
11-26 21:11:39.187 12830 12830 I cr_InactivityTracker: Last visible time read from the SharedPreference is:1701029365863.
11-26 21:11:39.199 12830 12830 I cr_PwaRestore: Not showing PWA Restore promo, feature flag is disabled
11-26 21:11:39.209  1011  1189 I ASH     : @ 376351.380: tcs3701: stop power rail pending_off timer
11-26 21:11:39.209  1011  1189 D ASH     : @ 376351.380: tcs3701: start power rail timer, state:3
11-26 21:11:39.210 12830 12830 I cr_InactivityTracker: Last visible time read from the SharedPreference is:1701029499186.
11-26 21:11:39.249  1011  1189 I ASH     : @ 376351.420: tcs3701: stop power rail pending_off timer
11-26 21:11:39.249  1011  1189 D ASH     : @ 376351.420: tcs3701: start power rail timer, state:3
11-26 21:11:39.265 12830 12895 W chromium: [WARNING:ev_root_ca_metadata.cc(119)] Not implemented
11-26 21:11:39.266 12830 12893 W chromium: [WARNING:ev_root_ca_metadata.cc(119)] Not implemented
11-26 21:11:39.266 12830 12893 W chromium: [WARNING:ev_root_ca_metadata.cc(119)] Not implemented
11-26 21:11:39.280 12830 12830 I Choreographer: Skipped 55 frames!  The application may be doing too much work on its main thread.
11-26 21:11:39.289  1011  1189 I ASH     : @ 376351.460: tcs3701: stop power rail pending_off timer
11-26 21:11:39.289  1011  1189 D ASH     : @ 376351.460: tcs3701: start power rail timer, state:3
11-26 21:11:39.329  1011  1189 I ASH     : @ 376351.500: tcs3701: stop power rail pending_off timer
11-26 21:11:39.329  1011  1189 D ASH     : @ 376351.500: tcs3701: start power rail timer, state:3
11-26 21:11:39.369  1011  1189 I ASH     : @ 376351.540: tcs3701: stop power rail pending_off timer
11-26 21:11:39.369  1011  1189 D ASH     : @ 376351.540: tcs3701: start power rail timer, state:3
11-26 21:11:39.409  1011  1189 I ASH     : @ 376351.580: tcs3701: stop power rail pending_off timer
11-26 21:11:39.409  1011  1189 D ASH     : @ 376351.580: tcs3701: start power rail timer, state:3
11-26 21:11:39.420 12830 12830 I cr_PolicyProvider: #notifySettingsAvailable() 0
11-26 21:11:39.420 12830 12830 I cr_CombinedPProvider: #onSettingsAvailable() 0
11-26 21:11:39.420 12830 12830 I cr_CombinedPProvider: #flushPolicies()
11-26 21:11:39.420 12830 12830 I cr_PolicyService: #onPolicyServiceInitialized()
11-26 21:11:39.421 12830 12830 I cr_PolicyProvider: #notifySettingsAvailable() 0
11-26 21:11:39.421 12830 12830 I cr_CombinedPProvider: #onSettingsAvailable() 0
11-26 21:11:39.421 12830 12830 I cr_CombinedPProvider: #flushPolicies()
11-26 21:11:39.449  1011  1189 I ASH     : @ 376351.620: tcs3701: stop power rail pending_off timer
11-26 21:11:39.449  1011  1189 D ASH     : @ 376351.620: tcs3701: start power rail timer, state:3
11-26 21:11:39.460 12830 12830 V MediaRouter: Selecting route: RouteInfo{ name=Phone, description=null, status=null, category=RouteCategory{ name=System types=ROUTE_TYPE_LIVE_AUDIO ROUTE_TYPE_LIVE_VIDEO  groupable=false }, supportedTypes=ROUTE_TYPE_LIVE_AUDIO ROUTE_TYPE_LIVE_VIDEO , presentationDisplay=null }
11-26 21:11:39.489  1011  1189 I ASH     : @ 376351.660: tcs3701: stop power rail pending_off timer
11-26 21:11:39.489  1011  1189 D ASH     : @ 376351.660: tcs3701: start power rail timer, state:3
11-26 21:11:39.529  1011  1189 I ASH     : @ 376351.700: tcs3701: stop power rail pending_off timer
11-26 21:11:39.529  1011  1189 D ASH     : @ 376351.701: tcs3701: start power rail timer, state:3
11-26 21:11:39.549  1795  3716 D CompatibilityChangeReporter: Compat change id reported: 214016041; UID 10010; state: ENABLED
11-26 21:11:39.552  3375  3375 I GoogleInputMethodService: GoogleInputMethodService.onFinishInput():3154 
11-26 21:11:39.553  3375  3375 I GoogleInputMethodService: GoogleInputMethodService.updateDeviceLockedStatus():2088 repeatCheckTimes = 0, locked = false
11-26 21:11:39.553  3375  3375 I GoogleInputMethodService: GoogleInputMethodService.onStartInput():1883 onStartInput(EditorInfo{EditorInfo{packageName=com.chrome.canary, inputType=0, inputTypeString=NULL, enableLearning=false, autoCorrection=false, autoComplete=false, imeOptions=12000000, privateImeOptions=null, actionName=UNSPECIFIED, actionLabel=null, initialSelStart=-1, initialSelEnd=-1, initialCapsMode=0, label=null, fieldId=-1, fieldName=null, extras=null, hintText=null, hintLocales=[]}}, false)
11-26 21:11:39.554  3375  3375 I GoogleInputMethodService: GoogleInputMethodService.updateDeviceLockedStatus():2088 repeatCheckTimes = 1, locked = false
11-26 21:11:39.570  1011  1189 I ASH     : @ 376351.740: tcs3701: stop power rail pending_off timer
11-26 21:11:39.570  1011  1189 D ASH     : @ 376351.740: tcs3701: start power rail timer, state:3
11-26 21:11:39.609  1011  1189 I ASH     : @ 376351.780: tcs3701: stop power rail pending_off timer
11-26 21:11:39.609  1011  1189 D ASH     : @ 376351.780: tcs3701: start power rail timer, state:3
11-26 21:11:39.649  1011  1189 I ASH     : @ 376351.820: tcs3701: stop power rail pending_off timer
11-26 21:11:39.649  1011  1189 D ASH     : @ 376351.820: tcs3701: start power rail timer, state:3
11-26 21:11:39.684 12830 12893 I cr_ADCP : No customization source found
11-26 21:11:39.689  1011  1189 I ASH     : @ 376351.860: tcs3701: stop power rail pending_off timer
11-26 21:11:39.689  1011  1189 D ASH     : @ 376351.860: tcs3701: start power rail timer, state:3
11-26 21:11:39.693 26837 26837 D BoundBrokerSvc: onBind: Intent { act=com.google.android.gms.icing.LIGHTWEIGHT_INDEX_SERVICE pkg=com.google.android.gms }
11-26 21:11:39.693 26837 26837 D BoundBrokerSvc: Loading bound service for intent: Intent { act=com.google.android.gms.icing.LIGHTWEIGHT_INDEX_SERVICE pkg=com.google.android.gms }
11-26 21:11:39.694 26837 26837 E AbstractGmsTracer: Traced class shouldn't be obfuscated: LightweightIndexChimeraService [CONTEXT service_id=259 ]
11-26 21:11:39.695 12830 12893 E cr_PartnerBMReader: ATTENTION: not using partner bookmarks as none were provided
11-26 21:11:39.697  1795  3324 D ActivityManager: freezer override set to true
11-26 21:11:39.729  1011  1189 I ASH     : @ 376351.900: tcs3701: stop power rail pending_off timer
11-26 21:11:39.729  1011  1189 D ASH     : @ 376351.900: tcs3701: start power rail timer, state:3
11-26 21:11:39.769  1011  1189 I ASH     : @ 376351.940: tcs3701: stop power rail pending_off timer
11-26 21:11:39.769  1011  1189 D ASH     : @ 376351.940: tcs3701: start power rail timer, state:3
11-26 21:11:39.809  1011  1189 I ASH     : @ 376351.980: tcs3701: stop power rail pending_off timer
11-26 21:11:39.809  1011  1189 D ASH     : @ 376351.980: tcs3701: start power rail timer, state:3
11-26 21:11:39.849  1011  1189 I ASH     : @ 376352.020: tcs3701: stop power rail pending_off timer
11-26 21:11:39.849  1011  1189 D ASH     : @ 376352.020: tcs3701: start power rail timer, state:3
11-26 21:11:39.866 26741 26741 D BoundBrokerSvc: onBind: Intent { act=com.google.android.gms.feedback.internal.IFeedbackService dat=chimera-action:/... cmp=com.google.android.gms/.chimera.GmsBoundBrokerService }
11-26 21:11:39.866 26741 26741 D BoundBrokerSvc: Loading bound service for intent: Intent { act=com.google.android.gms.feedback.internal.IFeedbackService dat=chimera-action:/... cmp=com.google.android.gms/.chimera.GmsBoundBrokerService }
11-26 21:11:39.867 26741 26741 E AbstractGmsTracer: Traced class shouldn't be obfuscated: FeedbackBoundService [CONTEXT service_id=259 ]
11-26 21:11:39.867 26837 31207 I Auth    : [RequestTokenOperation] Facet event logged for AUTH_ACCOUNT_BASE_TOKEN_RETURNED [CONTEXT service_id=343 ]
11-26 21:11:39.872 26837 26837 E AbstractGmsTracer: Traced class shouldn't be obfuscated: LockboxBrokerChimeraService [CONTEXT service_id=259 ]
11-26 21:11:39.874  1795  3324 D ActivityManager: freezer override set to false
11-26 21:11:39.880 26741 26741 E AbstractGmsTracer: Traced class shouldn't be obfuscated: AppIndexingChimeraService [CONTEXT service_id=259 ]
11-26 21:11:39.888 26741 26741 E AbstractGmsTracer: Traced class shouldn't be obfuscated: IndexChimeraService [CONTEXT service_id=259 ]
11-26 21:11:39.889  1011  1189 I ASH     : @ 376352.060: tcs3701: stop power rail pending_off timer
11-26 21:11:39.889  1011  1189 D ASH     : @ 376352.060: tcs3701: start power rail timer, state:3
11-26 21:11:39.904 26837 26837 D BoundBrokerSvc: onBind: Intent { act=com.google.android.gms.auth.account.workaccount.START dat=chimera-action:/... cmp=com.google.android.gms/.chimera.PersistentApiService }
11-26 21:11:39.904 26837 26837 D BoundBrokerSvc: Loading bound service for intent: Intent { act=com.google.android.gms.auth.account.workaccount.START dat=chimera-action:/... cmp=com.google.android.gms/.chimera.PersistentApiService }
11-26 21:11:39.905 26837 26837 E AbstractGmsTracer: Traced class shouldn't be obfuscated: WorkAccountApiService [CONTEXT service_id=259 ]
11-26 21:11:39.911 26741 26741 E AbstractGmsTracer: Traced class shouldn't be obfuscated: IndexWorkerChimeraService [CONTEXT service_id=259 ]
11-26 21:11:39.916 26741 26781 I Icing   : IndexChimeraService.getServiceInterface callingPackage=com.google.android.gms componentName=null serviceId=30
11-26 21:11:39.918 12830 12892 W chromium: [WARNING:ev_root_ca_metadata.cc(119)] Not implemented
11-26 21:11:39.918 12830 12892 W chromium: [WARNING:ev_root_ca_metadata.cc(119)] Not implemented
11-26 21:11:39.922 26741 26741 E AbstractGmsTracer: Traced class shouldn't be obfuscated: GmsBoundBrokerChimeraService [CONTEXT service_id=259 ]
11-26 21:11:39.922 26741 26741 D BoundBrokerSvc: onBind: Intent { act=com.google.android.gms.common.BIND_SHARED_PREFS pkg=com.google.android.gms }
11-26 21:11:39.922 26741 26741 D BoundBrokerSvc: Loading bound service for intent: Intent { act=com.google.android.gms.common.BIND_SHARED_PREFS pkg=com.google.android.gms }
11-26 21:11:39.923 26741 26741 E AbstractGmsTracer: Traced class shouldn't be obfuscated: SharedPreferencesBoundService [CONTEXT service_id=259 ]
11-26 21:11:39.924 26837 26837 D BoundBrokerSvc: onBind: Intent { act=com.google.android.gms.icing.LIGHTWEIGHT_INDEX_SERVICE dat=chimera-action:/... cmp=com.google.android.gms/.chimera.PersistentApiService }
11-26 21:11:39.924 26837 26837 D BoundBrokerSvc: Loading bound service for intent: Intent { act=com.google.android.gms.icing.LIGHTWEIGHT_INDEX_SERVICE dat=chimera-action:/... cmp=com.google.android.gms/.chimera.PersistentApiService }
11-26 21:11:39.929  1011  1189 I ASH     : @ 376352.100: tcs3701: stop power rail pending_off timer
11-26 21:11:39.929  1011  1189 D ASH     : @ 376352.100: tcs3701: start power rail timer, state:3
11-26 21:11:39.931 26741 26741 D BoundBrokerSvc: onUnbind: Intent { act=com.google.android.gms.common.BIND_SHARED_PREFS pkg=com.google.android.gms }
11-26 21:11:39.941  1795  3324 D CompatibilityChangeReporter: Compat change id reported: 161252188; UID 10010; state: DISABLED
11-26 21:11:39.942 26741 16221 I Icing   : Usage reports ok 1, Failed Usage reports 0, indexed 0, rejected 0
11-26 21:11:39.969  1011  1189 I ASH     : @ 376352.140: tcs3701: stop power rail pending_off timer
11-26 21:11:39.969  1011  1189 D ASH     : @ 376352.140: tcs3701: start power rail timer, state:3
11-26 21:11:40.009  1011  1189 I ASH     : @ 376352.180: tcs3701: stop power rail pending_off timer
11-26 21:11:40.009  1011  1189 D ASH     : @ 376352.180: tcs3701: start power rail timer, state:3
11-26 21:11:40.010  1795  2120 D CompatibilityChangeReporter: Compat change id reported: 143937733; UID 10010; state: ENABLED
11-26 21:11:40.020 12877 12877 D Zygote  : Forked child process 13002
11-26 21:11:40.022  1795  2120 I ActivityManager: Start proc 13002:com.chrome.canary:sandboxed_process0:org.chromium.content.app.SandboxedProcessService0:1/u0ai1 for  {com.chrome.canary/org.chromium.content.app.SandboxedProcessService0:1}
11-26 21:11:40.023 13002 13002 E libc    : SetHeapTaggingLevel: re-enabling tagging after it was disabled is not supported
11-26 21:11:40.028 13002 13002 I ocessService0:1: Using CollectorTypeCC GC.
11-26 21:11:40.034  1383  1442 I adbd    : jdwp connection from 13002
11-26 21:11:40.047  3657  4441 D ForegroundUtils: Foreground UID status:
11-26 21:11:40.047  3657  4441 D ForegroundUtils: UID: 10010 is in foreground: true
11-26 21:11:40.047  3657  4441 D ForegroundUtils: UID: 10128 is in foreground: true
11-26 21:11:40.047  3657  4441 D ForegroundUtils: UID: 10158 is in foreground: true
11-26 21:11:40.047  3657  4441 D ForegroundUtils: UID: 10189 is in foreground: false
11-26 21:11:40.047  3657  4441 D ForegroundUtils: UID: 10194 is in foreground: true
11-26 21:11:40.047  3657  4441 D ForegroundUtils: UID: 10206 is in foreground: false
11-26 21:11:40.047  3657  4441 D ForegroundUtils: UID: 10233 is in foreground: true
11-26 21:11:40.047  3657  4441 D ForegroundUtils: UID: 10244 is in foreground: false
11-26 21:11:40.047  3657  4441 D ForegroundUtils: UID: 10319 is in foreground: true
11-26 21:11:40.047  3657  4441 D ForegroundUtils: UID: 90000 is in foreground: true
11-26 21:11:40.047  3657  4441 D ForegroundUtils: UID: 90001 is in foreground: true
11-26 21:11:40.048 13002 13002 I ActivityThread: Relaunch all activities: onCoreSettingsChange
11-26 21:11:40.049 13002 13002 D CompatibilityChangeReporter: Compat change id reported: 171979766; UID 90001; state: ENABLED
11-26 21:11:40.049  1011  1189 I ASH     : @ 376352.220: tcs3701: stop power rail pending_off timer
11-26 21:11:40.049  1011  1189 D ASH     : @ 376352.220: tcs3701: start power rail timer, state:3
11-26 21:11:40.062 13002 13002 I LoadedApk: No resource references to update in package com.google.android.trichromelibrary.canary
11-26 21:11:40.062 13002 13002 D NetworkSecurityConfig: Using Network Security Config from resource 0_resource_name_obfuscated debugBuild: false
11-26 21:11:40.064 13002 13002 D NetworkSecurityConfig: Using Network Security Config from resource 0_resource_name_obfuscated debugBuild: false
