11-26 21:18:41.553  1011  1189 D ASH     : @ 376773.725: tcs3701: start power rail timer, state:3
11-26 21:18:41.593  1011  1189 I ASH     : @ 376773.765: tcs3701: stop power rail pending_off timer
11-26 21:18:41.593  1011  1189 D ASH     : @ 376773.765: tcs3701: start power rail timer, state:3
11-26 21:18:41.626  8427  8469 I BatteryMgr:DataCollectionService: stats => 1701029921626,13122,4446,2136,4169000,100
11-26 21:18:41.633  1011  1189 I ASH     : @ 376773.805: tcs3701: stop power rail pending_off timer
11-26 21:18:41.633  1011  1189 D ASH     : @ 376773.805: tcs3701: start power rail timer, state:3
11-26 21:18:41.674  1011  1189 I ASH     : @ 376773.845: tcs3701: stop power rail pending_off timer
11-26 21:18:41.674  1011  1189 D ASH     : @ 376773.845: tcs3701: start power rail timer, state:3
11-26 21:18:41.713  1011  1189 I ASH     : @ 376773.885: tcs3701: stop power rail pending_off timer
11-26 21:18:41.713  1011  1189 D ASH     : @ 376773.885: tcs3701: start power rail timer, state:3
11-26 21:18:41.736  8427  8469 I BatteryMgr:DataCollectionService: stats => 1701029921736,13122,4446,2136,4169000,100
11-26 21:18:41.737  1795  2387 D ActivityManager: freezer override set to true
11-26 21:18:41.741  1795  2387 D ActivityManager: freezer override set to false
11-26 21:18:41.754  1011  1189 I ASH     : @ 376773.925: tcs3701: stop power rail pending_off timer
11-26 21:18:41.754  1011  1189 D ASH     : @ 376773.925: tcs3701: start power rail timer, state:3
11-26 21:18:41.769  1795  2387 D ActivityManager: freezer override set to true
11-26 21:18:41.793  1011  1189 I ASH     : @ 376773.965: tcs3701: stop power rail pending_off timer
11-26 21:18:41.793  1011  1189 D ASH     : @ 376773.965: tcs3701: start power rail timer, state:3
11-26 21:18:41.834  1011  1189 I ASH     : @ 376774.005: tcs3701: stop power rail pending_off timer
11-26 21:18:41.834  1011  1189 D ASH     : @ 376774.005: tcs3701: start power rail timer, state:3
11-26 21:18:41.843  8427  8469 I BatteryMgr:DataCollectionService: stats => 1701029921843,13122,4446,2136,4169000,100
11-26 21:18:41.860 23244 23293 I m.chrome.canary: Explicit concurrent copying GC freed 4050(207KB) AllocSpace objects, 5(100KB) LOS objects, 75% free, 14MB/57MB, paused 28us,100us total 50.650ms
11-26 21:18:41.873  1011  1189 I ASH     : @ 376774.045: tcs3701: stop power rail pending_off timer
11-26 21:18:41.874  1011  1189 D ASH     : @ 376774.045: tcs3701: start power rail timer, state:3
11-26 21:18:41.914  1011  1189 I ASH     : @ 376774.085: tcs3701: stop power rail pending_off timer
11-26 21:18:41.914  1011  1189 D ASH     : @ 376774.085: tcs3701: start power rail timer, state:3
11-26 21:18:41.933  1795  2387 D ActivityManager: freezer override set to false
11-26 21:18:41.947  8427  8469 I BatteryMgr:DataCollectionService: stats => 1701029921947,13122,4446,2136,4169000,100
11-26 21:18:41.954  1011  1189 I ASH     : @ 376774.125: tcs3701: stop power rail pending_off timer
11-26 21:18:41.954  1011  1189 D ASH     : @ 376774.125: tcs3701: start power rail timer, state:3
11-26 21:18:41.971  1795  2387 D ActivityManager: freezer override set to true
11-26 21:18:41.974  1795  2387 D ActivityManager: freezer override set to false
11-26 21:18:41.993  1011  1189 I ASH     : @ 376774.165: tcs3701: stop power rail pending_off timer
11-26 21:18:41.993  1011  1189 D ASH     : @ 376774.165: tcs3701: start power rail timer, state:3
11-26 21:18:42.033  1011  1189 I ASH     : @ 376774.205: tcs3701: stop power rail pending_off timer
11-26 21:18:42.033  1011  1189 D ASH     : @ 376774.205: tcs3701: start power rail timer, state:3
11-26 21:18:42.036  1795  2387 D ActivityManager: freezer override set to true
11-26 21:18:42.039  1795  2387 D ActivityManager: freezer override set to false
11-26 21:18:42.053  8427  8469 I BatteryMgr:DataCollectionService: stats => 1701029922053,13122,4446,2136,4169000,100
11-26 21:18:42.069  2113  2118 I pixel-thermal: skin-therm-monitor: 38.082
11-26 21:18:42.073  1011  1189 I ASH     : @ 376774.245: tcs3701: stop power rail pending_off timer
11-26 21:18:42.073  1011  1189 D ASH     : @ 376774.245: tcs3701: start power rail timer, state:3
11-26 21:18:42.113  1011  1189 I ASH     : @ 376774.285: tcs3701: stop power rail pending_off timer
11-26 21:18:42.113  1011  1189 D ASH     : @ 376774.285: tcs3701: start power rail timer, state:3
11-26 21:18:42.153  1011  1189 I ASH     : @ 376774.325: tcs3701: stop power rail pending_off timer
11-26 21:18:42.153  1011  1189 D ASH     : @ 376774.325: tcs3701: start power rail timer, state:3
11-26 21:18:42.158  8427  8469 I BatteryMgr:DataCollectionService: stats => 1701029922158,13122,4446,2136,4169000,100
11-26 21:18:42.193  1011  1189 I ASH     : @ 376774.365: tcs3701: stop power rail pending_off timer
11-26 21:18:42.193  1011  1189 D ASH     : @ 376774.365: tcs3701: start power rail timer, state:3
11-26 21:18:42.233  1011  1189 I ASH     : @ 376774.405: tcs3701: stop power rail pending_off timer
11-26 21:18:42.233  1011  1189 D ASH     : @ 376774.405: tcs3701: start power rail timer, state:3
11-26 21:18:42.263  8427  8469 I BatteryMgr:DataCollectionService: stats => 1701029922263,13122,4446,2136,4169000,100
11-26 21:18:42.273  1011  1189 I ASH     : @ 376774.445: tcs3701: stop power rail pending_off timer
11-26 21:18:42.273  1011  1189 D ASH     : @ 376774.445: tcs3701: start power rail timer, state:3
11-26 21:18:42.313  1011  1189 I ASH     : @ 376774.485: tcs3701: stop power rail pending_off timer
11-26 21:18:42.313  1011  1189 D ASH     : @ 376774.485: tcs3701: start power rail timer, state:3
11-26 21:18:42.354  1011  1189 I ASH     : @ 376774.525: tcs3701: stop power rail pending_off timer
11-26 21:18:42.354  1011  1189 D ASH     : @ 376774.525: tcs3701: start power rail timer, state:3
11-26 21:18:42.368  8427  8469 I BatteryMgr:DataCollectionService: stats => 1701029922368,13122,4446,2136,4169000,100
11-26 21:18:42.393  1011  1189 I ASH     : @ 376774.565: tcs3701: stop power rail pending_off timer
11-26 21:18:42.393  1011  1189 D ASH     : @ 376774.565: tcs3701: start power rail timer, state:3
11-26 21:18:42.433  1011  1189 I ASH     : @ 376774.605: tcs3701: stop power rail pending_off timer
11-26 21:18:42.433  1011  1189 D ASH     : @ 376774.605: tcs3701: start power rail timer, state:3
11-26 21:18:42.473  8427  8469 I BatteryMgr:DataCollectionService: stats => 1701029922472,13122,4446,2136,4169000,100
11-26 21:18:42.473  1011  1189 I ASH     : @ 376774.645: tcs3701: stop power rail pending_off timer
11-26 21:18:42.473  1011  1189 D ASH     : @ 376774.645: tcs3701: start power rail timer, state:3
11-26 21:18:42.513  1011  1189 I ASH     : @ 376774.685: tcs3701: stop power rail pending_off timer
11-26 21:18:42.513  1011  1189 D ASH     : @ 376774.685: tcs3701: start power rail timer, state:3
11-26 21:18:42.524  1795  2424 D WifiClientModeImpl[13802:wlan0]: updateLinkLayerStatsRssiSpeedFrequencyCapabilities rssi=-44 TxLinkspeed=780 freq=5240 RxLinkSpeed=866
11-26 21:18:42.524  1795  2424 D WifiDataStall: tx tput in kbps: 479882
11-26 21:18:42.524  1795  2424 D WifiDataStall: rx tput in kbps: 761132
11-26 21:18:42.524  1795  2424 V WifiConfigManager: Updating scan detail cache freq=5240 BSSID=f4:6d:2f:12:cc:88 RSSI=-43 for "ourhome"WPA_PSK
11-26 21:18:42.524  1795  2424 D WifiChannelUtilization:  freq: 5240 onTime: 10487509 busyTime: 961001 onTimeDiff: 839653 busyTimeDiff: 104515 utilization: 31 utilization t0: 23
11-26 21:18:42.524  1795  2424 D WifiDataStall:  ccaLevel = 31
11-26 21:18:42.524  1795  2424 D WifiDataStall: L2 txTputKbps: 651269, rxTputKbps: 761132, L3 txTputKbps: 16, rxTputKbps: 1, TxTrafficHigh: false, RxTrafficHigh: false, Throughput Sufficient: true
11-26 21:18:42.524  2673  2740 V WifiManager: OnWifiUsabilityStatsListener: onWifiUsabilityStats: seqNum=96418
11-26 21:18:42.524  1795  2424 D WifiScoreReport: Wifi scoring disabled - Don't check IP layer
11-26 21:18:42.524  1795  2424 D WifiScoreCard: BSSID update SIGNAL_POLL ID: 1320464697 SSID: "ourhome", BSSID: f4:6d:2f:12:cc:88, MAC: b2:2f:ec:da:4a:0c, IP: /192.168.1.104, Security type: 2, Supplicant state: COMPLETED, Wi-Fi standard: 5, RSSI: -44, Link speed: 780Mbps, Tx Link speed: 780Mbps, Max Supported Tx Link speed: 866Mbps, Rx Link speed: 866Mbps, Max Supported Rx Link speed: 866Mbps, Frequency: 5240MHz, Net ID: 12, Metered hint: false, score: 60, isUsable: true, CarrierMerged: false, SubscriptionId: -1, IsPrimary: 1, Trusted: true, Restricted: false, Ephemeral: false, OEM paid: false, OEM private: false, OSU AP: false, FQDN: <none>, Provider friendly name: <none>, Requesting package name: <none>"ourhome"wpa2-pskMLO Information: , Is TID-To-Link negotiation supported by the AP: false, AP MLD Address: <none>, AP MLO Link Id: <none>, AP MLO Affiliated links: <none>
11-26 21:18:42.524  1795  2424 D WifiScoreCard: txRate: 3 txSpeed: 780
11-26 21:18:42.524  1795  2424 D WifiScoreCard: network update SIGNAL_POLL "ourhome" ID: 1499892569 RSSI -44 txSpeed -1
11-26 21:18:42.525  1795  2424 D WifiClientModeImpl[13802:wlan0]:  ClientModeImpl$L2ConnectedState screen=on 37 0 "ourhome" f4:6d:2f:12:cc:88 rssi=-44 f=5240 sc=60 link=780 tx=2.4, 0.5, 0.0 rx=2.4 bcn=3565089 [on:134 tx:2 rx:2 period:3013] from screen [on:851528 period:17487810] score=60
11-26 21:18:42.525  1795  2387 I WifiService: updateWifiUsabilityScore uid=10180 seqNum=96418 score=100 predictionHorizonSec=1441795
11-26 21:18:42.525  1795  2424 D WifiScoreReport: Wifi scoring disabled - Notify that Wifi is usable
11-26 21:18:42.528  1795  2432 D ConnectivityService: NetReassign [no changes] [c 0] [a 0] [i 2]
11-26 21:18:42.553  1011  1189 I ASH     : @ 376774.725: tcs3701: stop power rail pending_off timer
11-26 21:18:42.553  1011  1189 D ASH     : @ 376774.725: tcs3701: start power rail timer, state:3
11-26 21:18:42.579  8427  8469 I BatteryMgr:DataCollectionService: stats => 1701029922579,13122,4446,2136,4169000,100
11-26 21:18:42.593  1011  1189 I ASH     : @ 376774.765: tcs3701: stop power rail pending_off timer
11-26 21:18:42.593  1011  1189 D ASH     : @ 376774.765: tcs3701: start power rail timer, state:3
11-26 21:18:42.633  1011  1189 I ASH     : @ 376774.805: tcs3701: stop power rail pending_off timer
11-26 21:18:42.634  1011  1189 D ASH     : @ 376774.805: tcs3701: start power rail timer, state:3
11-26 21:18:42.673  1011  1189 I ASH     : @ 376774.845: tcs3701: stop power rail pending_off timer
11-26 21:18:42.673  1011  1189 D ASH     : @ 376774.845: tcs3701: start power rail timer, state:3
11-26 21:18:42.682  8427  8469 I BatteryMgr:DataCollectionService: stats => 1701029922682,13122,4446,2136,4169000,100
11-26 21:18:42.713  1011  1189 I ASH     : @ 376774.885: tcs3701: stop power rail pending_off timer
11-26 21:18:42.713  1011  1189 D ASH     : @ 376774.885: tcs3701: start power rail timer, state:3
11-26 21:18:42.730  1795  2387 D ActivityManager: freezer override set to true
11-26 21:18:42.736  1795  2387 D ActivityManager: freezer override set to false
11-26 21:18:42.754  1011  1189 I ASH     : @ 376774.925: tcs3701: stop power rail pending_off timer
11-26 21:18:42.754  1011  1189 D ASH     : @ 376774.925: tcs3701: start power rail timer, state:3
11-26 21:18:42.787  8427  8469 I BatteryMgr:DataCollectionService: stats => 1701029922787,13122,4446,2136,4169000,100
11-26 21:18:42.793  1011  1189 I ASH     : @ 376774.965: tcs3701: stop power rail pending_off timer
11-26 21:18:42.793  1011  1189 D ASH     : @ 376774.965: tcs3701: start power rail timer, state:3
11-26 21:18:42.833  1011  1189 I ASH     : @ 376775.005: tcs3701: stop power rail pending_off timer
11-26 21:18:42.833  1011  1189 D ASH     : @ 376775.005: tcs3701: start power rail timer, state:3
11-26 21:18:42.873  1011  1189 I ASH     : @ 376775.045: tcs3701: stop power rail pending_off timer
11-26 21:18:42.873  1011  1189 D ASH     : @ 376775.045: tcs3701: start power rail timer, state:3
11-26 21:18:42.893  8427  8469 I BatteryMgr:DataCollectionService: stats => 1701029922893,13122,4446,2136,4169000,100
11-26 21:18:42.913  1011  1189 I ASH     : @ 376775.085: tcs3701: stop power rail pending_off timer
11-26 21:18:42.913  1011  1189 D ASH     : @ 376775.085: tcs3701: start power rail timer, state:3
11-26 21:18:42.954  1011  1189 I ASH     : @ 376775.125: tcs3701: stop power rail pending_off timer
11-26 21:18:42.954  1011  1189 D ASH     : @ 376775.125: tcs3701: start power rail timer, state:3
11-26 21:18:42.993  1011  1189 I ASH     : @ 376775.165: tcs3701: stop power rail pending_off timer
11-26 21:18:42.993  1011  1189 D ASH     : @ 376775.165: tcs3701: start power rail timer, state:3
11-26 21:18:42.997  8427  8469 I BatteryMgr:DataCollectionService: stats => 1701029922997,13122,4446,2136,4169000,100
11-26 21:18:43.033  1011  1189 I ASH     : @ 376775.205: tcs3701: stop power rail pending_off timer
11-26 21:18:43.034  1011  1189 D ASH     : @ 376775.205: tcs3701: start power rail timer, state:3
11-26 21:18:43.073  1011  1189 I ASH     : @ 376775.245: tcs3701: stop power rail pending_off timer
11-26 21:18:43.073  1011  1189 D ASH     : @ 376775.245: tcs3701: start power rail timer, state:3
11-26 21:18:43.104  8427  8469 I BatteryMgr:DataCollectionService: stats => 1701029923104,13122,4446,2136,4169000,100
11-26 21:18:43.113  1011  1189 I ASH     : @ 376775.285: tcs3701: stop power rail pending_off timer
11-26 21:18:43.113  1011  1189 D ASH     : @ 376775.285: tcs3701: start power rail timer, state:3
11-26 21:18:43.154  1011  1189 I ASH     : @ 376775.325: tcs3701: stop power rail pending_off timer
11-26 21:18:43.154  1011  1189 D ASH     : @ 376775.325: tcs3701: start power rail timer, state:3
11-26 21:18:43.179  1795  2387 D ActivityManager: freezer override set to true
11-26 21:18:43.193  1011  1189 I ASH     : @ 376775.365: tcs3701: stop power rail pending_off timer
11-26 21:18:43.193  1011  1189 D ASH     : @ 376775.365: tcs3701: start power rail timer, state:3
11-26 21:18:43.208  8427  8469 I BatteryMgr:DataCollectionService: stats => 1701029923208,13122,4446,2136,4169000,100
11-26 21:18:43.234  1011  1189 I ASH     : @ 376775.405: tcs3701: stop power rail pending_off timer
11-26 21:18:43.234  1011  1189 D ASH     : @ 376775.405: tcs3701: start power rail timer, state:3
11-26 21:18:43.273  1011  1189 I ASH     : @ 376775.445: tcs3701: stop power rail pending_off timer
11-26 21:18:43.273  1011  1189 D ASH     : @ 376775.445: tcs3701: start power rail timer, state:3
11-26 21:18:43.298 23244 23293 I m.chrome.canary: Explicit concurrent copying GC freed 3840(192KB) AllocSpace objects, 4(80KB) LOS objects, 75% free, 14MB/57MB, paused 107us,24us total 59.159ms
11-26 21:18:43.313  1011  1189 I ASH     : @ 376775.485: tcs3701: stop power rail pending_off timer
11-26 21:18:43.313  1011  1189 D ASH     : @ 376775.485: tcs3701: start power rail timer, state:3
11-26 21:18:43.315  8427  8469 I BatteryMgr:DataCollectionService: stats => 1701029923315,13122,4446,2136,4169000,100
11-26 21:18:43.353  1011  1189 I ASH     : @ 376775.525: tcs3701: stop power rail pending_off timer
11-26 21:18:43.353  1011  1189 D ASH     : @ 376775.525: tcs3701: start power rail timer, state:3
11-26 21:18:43.367  1795  2387 D ActivityManager: freezer override set to false
11-26 21:18:43.393  1011  1189 I ASH     : @ 376775.565: tcs3701: stop power rail pending_off timer
11-26 21:18:43.393  1011  1189 D ASH     : @ 376775.565: tcs3701: start power rail timer, state:3
11-26 21:18:43.398  1795  2387 D ActivityManager: freezer override set to true
11-26 21:18:43.401  1795  2387 D ActivityManager: freezer override set to false
11-26 21:18:43.419  8427  8469 I BatteryMgr:DataCollectionService: stats => 1701029923419,13122,4446,2136,4169000,100
11-26 21:18:43.433  1795  2387 D ActivityManager: freezer override set to true
11-26 21:18:43.435  1011  1189 I ASH     : @ 376775.605: tcs3701: stop power rail pending_off timer
11-26 21:18:43.435  1011  1189 D ASH     : @ 376775.605: tcs3701: start power rail timer, state:3
11-26 21:18:43.436  1795  2387 D ActivityManager: freezer override set to false
11-26 21:18:43.473  1011  1189 I ASH     : @ 376775.645: tcs3701: stop power rail pending_off timer
11-26 21:18:43.474  1011  1189 D ASH     : @ 376775.645: tcs3701: start power rail timer, state:3
11-26 21:18:43.513  1011  1189 I ASH     : @ 376775.685: tcs3701: stop power rail pending_off timer
11-26 21:18:43.513  1011  1189 D ASH     : @ 376775.685: tcs3701: start power rail timer, state:3
11-26 21:18:43.526  8427  8469 I BatteryMgr:DataCollectionService: stats => 1701029923526,13122,4446,2136,4169000,100
11-26 21:18:43.554  1011  1189 I ASH     : @ 376775.725: tcs3701: stop power rail pending_off timer
11-26 21:18:43.554  1011  1189 D ASH     : @ 376775.725: tcs3701: start power rail timer, state:3
11-26 21:18:43.593  1011  1189 I ASH     : @ 376775.765: tcs3701: stop power rail pending_off timer
11-26 21:18:43.593  1011  1189 D ASH     : @ 376775.765: tcs3701: start power rail timer, state:3
11-26 21:18:43.630  8427  8469 I BatteryMgr:DataCollectionService: stats => 1701029923630,13122,4446,2136,4169000,100
11-26 21:18:43.634  1011  1189 I ASH     : @ 376775.805: tcs3701: stop power rail pending_off timer
11-26 21:18:43.634  1011  1189 D ASH     : @ 376775.805: tcs3701: start power rail timer, state:3
11-26 21:18:43.673  1011  1189 I ASH     : @ 376775.845: tcs3701: stop power rail pending_off timer
11-26 21:18:43.673  1011  1189 D ASH     : @ 376775.845: tcs3701: start power rail timer, state:3
11-26 21:18:43.713  1011  1189 I ASH     : @ 376775.885: tcs3701: stop power rail pending_off timer
11-26 21:18:43.713  1011  1189 D ASH     : @ 376775.885: tcs3701: start power rail timer, state:3
11-26 21:18:43.730  1795  2387 D ActivityManager: freezer override set to true
11-26 21:18:43.735  8427  8469 I BatteryMgr:DataCollectionService: stats => 1701029923735,13122,4446,2136,4169000,100
11-26 21:18:43.736  1795  2387 D ActivityManager: freezer override set to false
11-26 21:18:43.753  1011  1189 I ASH     : @ 376775.925: tcs3701: stop power rail pending_off timer
11-26 21:18:43.753  1011  1189 D ASH     : @ 376775.925: tcs3701: start power rail timer, state:3
11-26 21:18:43.793  1011  1189 I ASH     : @ 376775.965: tcs3701: stop power rail pending_off timer
11-26 21:18:43.793  1011  1189 D ASH     : @ 376775.965: tcs3701: start power rail timer, state:3
11-26 21:18:43.833  1011  1189 I ASH     : @ 376776.005: tcs3701: stop power rail pending_off timer
11-26 21:18:43.833  1011  1189 D ASH     : @ 376776.005: tcs3701: start power rail timer, state:3
11-26 21:18:43.839  8427  8469 I BatteryMgr:DataCollectionService: stats => 1701029923839,13122,4446,2136,4169000,100
11-26 21:18:43.873  1011  1189 I ASH     : @ 376776.045: tcs3701: stop power rail pending_off timer
11-26 21:18:43.873  1011  1189 D ASH     : @ 376776.045: tcs3701: start power rail timer, state:3
11-26 21:18:43.914  1011  1189 I ASH     : @ 376776.085: tcs3701: stop power rail pending_off timer
11-26 21:18:43.914  1011  1189 D ASH     : @ 376776.085: tcs3701: start power rail timer, state:3
11-26 21:18:43.943  8427  8469 I BatteryMgr:DataCollectionService: stats => 1701029923943,13122,4446,2136,4169000,100
11-26 21:18:43.953  1011  1189 I ASH     : @ 376776.125: tcs3701: stop power rail pending_off timer
11-26 21:18:43.953  1011  1189 D ASH     : @ 376776.125: tcs3701: start power rail timer, state:3
11-26 21:18:43.993  1011  1189 I ASH     : @ 376776.165: tcs3701: stop power rail pending_off timer
11-26 21:18:43.993  1011  1189 D ASH     : @ 376776.165: tcs3701: start power rail timer, state:3
11-26 21:18:44.034  1011  1189 I ASH     : @ 376776.205: tcs3701: stop power rail pending_off timer
11-26 21:18:44.034  1011  1189 D ASH     : @ 376776.205: tcs3701: start power rail timer, state:3
11-26 21:18:44.048  8427  8469 I BatteryMgr:DataCollectionService: stats => 1701029924048,13122,4446,2136,4169000,100
11-26 21:18:44.073  1011  1189 I ASH     : @ 376776.245: tcs3701: stop power rail pending_off timer
11-26 21:18:44.073  1011  1189 D ASH     : @ 376776.245: tcs3701: start power rail timer, state:3
11-26 21:18:44.114  1011  1189 I ASH     : @ 376776.285: tcs3701: stop power rail pending_off timer
11-26 21:18:44.114  1011  1189 D ASH     : @ 376776.285: tcs3701: start power rail timer, state:3
11-26 21:18:44.151  8427  8469 I BatteryMgr:DataCollectionService: stats => 1701029924151,13122,4446,2136,4169000,100
11-26 21:18:44.153  1011  1189 I ASH     : @ 376776.325: tcs3701: stop power rail pending_off timer
11-26 21:18:44.153  1011  1189 D ASH     : @ 376776.325: tcs3701: start power rail timer, state:3
11-26 21:18:44.193  1011  1189 I ASH     : @ 376776.365: tcs3701: stop power rail pending_off timer
11-26 21:18:44.193  1011  1189 D ASH     : @ 376776.365: tcs3701: start power rail timer, state:3
11-26 21:18:44.233  1011  1189 I ASH     : @ 376776.405: tcs3701: stop power rail pending_off timer
11-26 21:18:44.233  1011  1189 D ASH     : @ 376776.405: tcs3701: start power rail timer, state:3
11-26 21:18:44.256  8427  8469 I BatteryMgr:DataCollectionService: stats => 1701029924256,13122,4446,2136,4169000,100
11-26 21:18:44.273  1011  1189 I ASH     : @ 376776.445: tcs3701: stop power rail pending_off timer
11-26 21:18:44.273  1011  1189 D ASH     : @ 376776.445: tcs3701: start power rail timer, state:3
11-26 21:18:44.314  1011  1189 I ASH     : @ 376776.485: tcs3701: stop power rail pending_off timer
11-26 21:18:44.314  1011  1189 D ASH     : @ 376776.485: tcs3701: start power rail timer, state:3
11-26 21:18:44.353  1011  1189 I ASH     : @ 376776.525: tcs3701: stop power rail pending_off timer
11-26 21:18:44.353  1011  1189 D ASH     : @ 376776.525: tcs3701: start power rail timer, state:3
11-26 21:18:44.361  8427  8469 I BatteryMgr:DataCollectionService: stats => 1701029924361,13122,4446,2136,4169000,100
11-26 21:18:44.393  1011  1189 I ASH     : @ 376776.565: tcs3701: stop power rail pending_off timer
11-26 21:18:44.393  1011  1189 D ASH     : @ 376776.565: tcs3701: start power rail timer, state:3
11-26 21:18:44.434  1011  1189 I ASH     : @ 376776.605: tcs3701: stop power rail pending_off timer
11-26 21:18:44.434  1011  1189 D ASH     : @ 376776.605: tcs3701: start power rail timer, state:3
11-26 21:18:44.466  8427  8469 I BatteryMgr:DataCollectionService: stats => 1701029924466,13122,4446,2136,4169000,100
11-26 21:18:44.473  1011  1189 I ASH     : @ 376776.645: tcs3701: stop power rail pending_off timer
11-26 21:18:44.473  1011  1189 D ASH     : @ 376776.645: tcs3701: start power rail timer, state:3
11-26 21:18:44.514  1011  1189 I ASH     : @ 376776.685: tcs3701: stop power rail pending_off timer
11-26 21:18:44.514  1011  1189 D ASH     : @ 376776.685: tcs3701: start power rail timer, state:3
11-26 21:18:44.553  1011  1189 I ASH     : @ 376776.725: tcs3701: stop power rail pending_off timer
11-26 21:18:44.553  1011  1189 D ASH     : @ 376776.725: tcs3701: start power rail timer, state:3
11-26 21:18:44.571  8427  8469 I BatteryMgr:DataCollectionService: stats => 1701029924571,13122,4446,2136,4169000,100
11-26 21:18:44.582  1795  2387 D ActivityManager: freezer override set to true
11-26 21:18:44.593  1011  1189 I ASH     : @ 376776.765: tcs3701: stop power rail pending_off timer
11-26 21:18:44.593  1011  1189 D ASH     : @ 376776.765: tcs3701: start power rail timer, state:3
11-26 21:18:44.633  1011  1189 I ASH     : @ 376776.805: tcs3701: stop power rail pending_off timer
11-26 21:18:44.633  1011  1189 D ASH     : @ 376776.805: tcs3701: start power rail timer, state:3
11-26 21:18:44.673  1011  1189 I ASH     : @ 376776.845: tcs3701: stop power rail pending_off timer
11-26 21:18:44.673  1011  1189 D ASH     : @ 376776.845: tcs3701: start power rail timer, state:3
11-26 21:18:44.676  8427  8469 I BatteryMgr:DataCollectionService: stats => 1701029924676,13122,4446,2136,4169000,100
11-26 21:18:44.683 23244 23293 I m.chrome.canary: Explicit concurrent copying GC freed 3821(192KB) AllocSpace objects, 4(80KB) LOS objects, 75% free, 14MB/57MB, paused 44us,27us total 60.036ms
11-26 21:18:44.713  1011  1189 I ASH     : @ 376776.885: tcs3701: stop power rail pending_off timer
11-26 21:18:44.714  1011  1189 D ASH     : @ 376776.885: tcs3701: start power rail timer, state:3
11-26 21:18:44.754  1011  1189 I ASH     : @ 376776.925: tcs3701: stop power rail pending_off timer
11-26 21:18:44.754  1011  1189 D ASH     : @ 376776.925: tcs3701: start power rail timer, state:3
11-26 21:18:44.758  1795  3057 D ActivityManager: freezer override set to false
11-26 21:18:44.786  8427  8469 I BatteryMgr:DataCollectionService: stats => 1701029924786,13122,4446,2136,4169000,100
11-26 21:18:44.789  1795  3057 D ActivityManager: freezer override set to true
11-26 21:18:44.792  1795  3057 D ActivityManager: freezer override set to false
11-26 21:18:44.794  1011  1189 I ASH     : @ 376776.965: tcs3701: stop power rail pending_off timer
11-26 21:18:44.794  1011  1189 D ASH     : @ 376776.965: tcs3701: start power rail timer, state:3
11-26 21:18:44.825  1795  3057 D ActivityManager: freezer override set to true
11-26 21:18:44.828  1795  3057 D ActivityManager: freezer override set to false
11-26 21:18:44.833  1011  1189 I ASH     : @ 376777.005: tcs3701: stop power rail pending_off timer
11-26 21:18:44.833  1011  1189 D ASH     : @ 376777.005: tcs3701: start power rail timer, state:3
11-26 21:18:44.873  1011  1189 I ASH     : @ 376777.045: tcs3701: stop power rail pending_off timer
11-26 21:18:44.873  1011  1189 D ASH     : @ 376777.045: tcs3701: start power rail timer, state:3
11-26 21:18:44.890  8427  8469 I BatteryMgr:DataCollectionService: stats => 1701029924890,13122,4446,2136,4169000,100
11-26 21:18:44.914  1011  1189 I ASH     : @ 376777.085: tcs3701: stop power rail pending_off timer
11-26 21:18:44.914  1011  1189 D ASH     : @ 376777.085: tcs3701: start power rail timer, state:3
11-26 21:18:44.953  1011  1189 I ASH     : @ 376777.125: tcs3701: stop power rail pending_off timer
11-26 21:18:44.953  1011  1189 D ASH     : @ 376777.125: tcs3701: start power rail timer, state:3
11-26 21:18:44.993  1011  1189 I ASH     : @ 376777.165: tcs3701: stop power rail pending_off timer
11-26 21:18:44.994  1011  1189 D ASH     : @ 376777.165: tcs3701: start power rail timer, state:3
11-26 21:18:44.996  8427  8469 I BatteryMgr:DataCollectionService: stats => 1701029924996,13122,4446,2136,4169000,100
11-26 21:18:45.033  1011  1189 I ASH     : @ 376777.205: tcs3701: stop power rail pending_off timer
11-26 21:18:45.033  1011  1189 D ASH     : @ 376777.205: tcs3701: start power rail timer, state:3
11-26 21:18:45.040  2113  2118 I pixel-thermal: skin-therm-monitor: 38.129
11-26 21:18:45.073  1011  1189 I ASH     : @ 376777.245: tcs3701: stop power rail pending_off timer
11-26 21:18:45.073  1011  1189 D ASH     : @ 376777.245: tcs3701: start power rail timer, state:3
11-26 21:18:45.101  8427  8469 I BatteryMgr:DataCollectionService: stats => 1701029925101,13122,4446,2136,4169000,100
11-26 21:18:45.114  1011  1189 I ASH     : @ 376777.285: tcs3701: stop power rail pending_off timer
11-26 21:18:45.114  1011  1189 D ASH     : @ 376777.285: tcs3701: start power rail timer, state:3
11-26 21:18:45.154  1011  1189 I ASH     : @ 376777.325: tcs3701: stop power rail pending_off timer
11-26 21:18:45.154  1011  1189 D ASH     : @ 376777.325: tcs3701: start power rail timer, state:3
11-26 21:18:45.193  1011  1189 I ASH     : @ 376777.365: tcs3701: stop power rail pending_off timer
11-26 21:18:45.194  1011  1189 D ASH     : @ 376777.365: tcs3701: start power rail timer, state:3
11-26 21:18:45.206  8427  8469 I BatteryMgr:DataCollectionService: stats => 1701029925206,13122,4446,2136,4169000,100
11-26 21:18:45.234  1011  1189 I ASH     : @ 376777.405: tcs3701: stop power rail pending_off timer
11-26 21:18:45.234  1011  1189 D ASH     : @ 376777.405: tcs3701: start power rail timer, state:3
11-26 21:18:45.274  1011  1189 I ASH     : @ 376777.445: tcs3701: stop power rail pending_off timer
11-26 21:18:45.274  1011  1189 D ASH     : @ 376777.445: tcs3701: start power rail timer, state:3
11-26 21:18:45.311  8427  8469 I BatteryMgr:DataCollectionService: stats => 1701029925311,13122,4446,2136,4169000,100
11-26 21:18:45.314  1011  1189 I ASH     : @ 376777.485: tcs3701: stop power rail pending_off timer
11-26 21:18:45.314  1011  1189 D ASH     : @ 376777.485: tcs3701: start power rail timer, state:3
11-26 21:18:45.353  1011  1189 I ASH     : @ 376777.525: tcs3701: stop power rail pending_off timer
11-26 21:18:45.354  1011  1189 D ASH     : @ 376777.525: tcs3701: start power rail timer, state:3
11-26 21:18:45.394  1011  1189 I ASH     : @ 376777.565: tcs3701: stop power rail pending_off timer
11-26 21:18:45.394  1011  1189 D ASH     : @ 376777.565: tcs3701: start power rail timer, state:3
11-26 21:18:45.415  8427  8469 I BatteryMgr:DataCollectionService: stats => 1701029925415,13122,4446,2136,4169000,100
11-26 21:18:45.433  1011  1189 I ASH     : @ 376777.605: tcs3701: stop power rail pending_off timer
11-26 21:18:45.433  1011  1189 D ASH     : @ 376777.605: tcs3701: start power rail timer, state:3
11-26 21:18:45.473  1011  1189 I ASH     : @ 376777.645: tcs3701: stop power rail pending_off timer
11-26 21:18:45.473  1011  1189 D ASH     : @ 376777.645: tcs3701: start power rail timer, state:3
11-26 21:18:45.514  1011  1189 I ASH     : @ 376777.685: tcs3701: stop power rail pending_off timer
11-26 21:18:45.514  1011  1189 D ASH     : @ 376777.685: tcs3701: start power rail timer, state:3
11-26 21:18:45.520  8427  8469 I BatteryMgr:DataCollectionService: stats => 1701029925520,13122,4446,2136,4169000,100
11-26 21:18:45.535  1795  2424 D WifiClientModeImpl[13802:wlan0]: updateLinkLayerStatsRssiSpeedFrequencyCapabilities rssi=-44 TxLinkspeed=780 freq=5240 RxLinkSpeed=866
11-26 21:18:45.536  1795  2424 D WifiDataStall: tx tput in kbps: 651269
11-26 21:18:45.536  1795  2424 D WifiDataStall: rx tput in kbps: 761132
11-26 21:18:45.536  1795  2424 V WifiConfigManager: Updating scan detail cache freq=5240 BSSID=f4:6d:2f:12:cc:88 RSSI=-43 for "ourhome"WPA_PSK
11-26 21:18:45.536  1795  2424 D WifiChannelUtilization:  freq: 5240 onTime: 10487509 busyTime: 961001 onTimeDiff: 839653 busyTimeDiff: 104515 utilization: 31 utilization t0: 23
11-26 21:18:45.536  1795  2424 D WifiDataStall:  ccaLevel = 31
11-26 21:18:45.536  1795  2424 D WifiDataStall: L2 txTputKbps: 651269, rxTputKbps: 761132, L3 txTputKbps: 0, rxTputKbps: 0, TxTrafficHigh: false, RxTrafficHigh: false, Throughput Sufficient: true
11-26 21:18:45.536  2673  2740 V WifiManager: OnWifiUsabilityStatsListener: onWifiUsabilityStats: seqNum=96419
11-26 21:18:45.536  1795  2424 D WifiScoreReport: Wifi scoring disabled - Don't check IP layer
11-26 21:18:45.536  1795  2424 D WifiScoreCard: BSSID update SIGNAL_POLL ID: 1320464697 SSID: "ourhome", BSSID: f4:6d:2f:12:cc:88, MAC: b2:2f:ec:da:4a:0c, IP: /192.168.1.104, Security type: 2, Supplicant state: COMPLETED, Wi-Fi standard: 5, RSSI: -44, Link speed: 780Mbps, Tx Link speed: 780Mbps, Max Supported Tx Link speed: 866Mbps, Rx Link speed: 866Mbps, Max Supported Rx Link speed: 866Mbps, Frequency: 5240MHz, Net ID: 12, Metered hint: false, score: 60, isUsable: true, CarrierMerged: false, SubscriptionId: -1, IsPrimary: 1, Trusted: true, Restricted: false, Ephemeral: false, OEM paid: false, OEM private: false, OSU AP: false, FQDN: <none>, Provider friendly name: <none>, Requesting package name: <none>"ourhome"wpa2-pskMLO Information: , Is TID-To-Link negotiation supported by the AP: false, AP MLD Address: <none>, AP MLO Link Id: <none>, AP MLO Affiliated links: <none>
11-26 21:18:45.536  1795  2424 D WifiScoreCard: txRate: 2 txSpeed: 780
11-26 21:18:45.536  1795  2424 D WifiScoreCard: network update SIGNAL_POLL "ourhome" ID: 1499892569 RSSI -44 txSpeed -1
11-26 21:18:45.537  1795  2424 D WifiClientModeImpl[13802:wlan0]:  ClientModeImpl$L2ConnectedState screen=on 37 0 "ourhome" f4:6d:2f:12:cc:88 rssi=-44 f=5240 sc=60 link=780 tx=0.8, 0.1, 0.0 rx=0.8 bcn=3565118 [on:0 tx:0 rx:0 period:3012] from screen [on:851528 period:17490823] score=60
11-26 21:18:45.537  2513  3235 V WifiManager: TrafficStateCallbackProxy: onStateChanged state=0
11-26 21:18:45.537  1795  3057 I WifiService: updateWifiUsabilityScore uid=10180 seqNum=96419 score=100 predictionHorizonSec=1441795
11-26 21:18:45.538  1795  2424 D WifiScoreReport: Wifi scoring disabled - Notify that Wifi is usable
11-26 21:18:45.541  1795  2432 D ConnectivityService: NetReassign [no changes] [c 1] [a 0] [i 1]
11-26 21:18:45.553  1011  1189 I ASH     : @ 376777.725: tcs3701: stop power rail pending_off timer
11-26 21:18:45.553  1011  1189 D ASH     : @ 376777.725: tcs3701: start power rail timer, state:3
11-26 21:18:45.594  1011  1189 I ASH     : @ 376777.765: tcs3701: stop power rail pending_off timer
11-26 21:18:45.594  1011  1189 D ASH     : @ 376777.765: tcs3701: start power rail timer, state:3
11-26 21:18:45.625  8427  8469 I BatteryMgr:DataCollectionService: stats => 1701029925625,13122,4446,2136,4169000,100
11-26 21:18:45.633  1011  1189 I ASH     : @ 376777.805: tcs3701: stop power rail pending_off timer
11-26 21:18:45.633  1011  1189 D ASH     : @ 376777.805: tcs3701: start power rail timer, state:3
11-26 21:18:45.673  1011  1189 I ASH     : @ 376777.845: tcs3701: stop power rail pending_off timer
11-26 21:18:45.673  1011  1189 D ASH     : @ 376777.845: tcs3701: start power rail timer, state:3
11-26 21:18:45.714  1011  1189 I ASH     : @ 376777.885: tcs3701: stop power rail pending_off timer
11-26 21:18:45.714  1011  1189 D ASH     : @ 376777.885: tcs3701: start power rail timer, state:3
11-26 21:18:45.735  8427  8469 I BatteryMgr:DataCollectionService: stats => 1701029925735,13122,4446,2136,4169000,100
11-26 21:18:45.736  1795  3057 D ActivityManager: freezer override set to true
11-26 21:18:45.742  1795  3057 D ActivityManager: freezer override set to false
11-26 21:18:45.753  1011  1189 I ASH     : @ 376777.925: tcs3701: stop power rail pending_off timer
11-26 21:18:45.753  1011  1189 D ASH     : @ 376777.925: tcs3701: start power rail timer, state:3
11-26 21:18:45.794  1011  1189 I ASH     : @ 376777.965: tcs3701: stop power rail pending_off timer
11-26 21:18:45.794  1011  1189 D ASH     : @ 376777.965: tcs3701: start power rail timer, state:3
11-26 21:18:45.833  1011  1189 I ASH     : @ 376778.005: tcs3701: stop power rail pending_off timer
11-26 21:18:45.833  1011  1189 D ASH     : @ 376778.005: tcs3701: start power rail timer, state:3
11-26 21:18:45.841  8427  8469 I BatteryMgr:DataCollectionService: stats => 1701029925841,13122,4446,2136,4169000,100
11-26 21:18:45.873  1011  1189 I ASH     : @ 376778.045: tcs3701: stop power rail pending_off timer
11-26 21:18:45.873  1011  1189 D ASH     : @ 376778.045: tcs3701: start power rail timer, state:3
11-26 21:18:45.913  1011  1189 I ASH     : @ 376778.085: tcs3701: stop power rail pending_off timer
11-26 21:18:45.913  1011  1189 D ASH     : @ 376778.085: tcs3701: start power rail timer, state:3
11-26 21:18:45.943  1795  2387 D ActivityManager: freezer override set to true
11-26 21:18:45.947  8427  8469 I BatteryMgr:DataCollectionService: stats => 1701029925947,13122,4446,2136,4169000,100
11-26 21:18:45.953  1011  1189 I ASH     : @ 376778.125: tcs3701: stop power rail pending_off timer
11-26 21:18:45.953  1011  1189 D ASH     : @ 376778.125: tcs3701: start power rail timer, state:3
11-26 21:18:45.994  1011  1189 I ASH     : @ 376778.165: tcs3701: stop power rail pending_off timer
11-26 21:18:45.994  1011  1189 D ASH     : @ 376778.165: tcs3701: start power rail timer, state:3
11-26 21:18:46.033 23244 23293 I m.chrome.canary: Explicit concurrent copying GC freed 4052(222KB) AllocSpace objects, 5(100KB) LOS objects, 75% free, 14MB/57MB, paused 32us,23us total 49.303ms
11-26 21:18:46.033  1011  1189 I ASH     : @ 376778.205: tcs3701: stop power rail pending_off timer
11-26 21:18:46.034  1011  1189 D ASH     : @ 376778.205: tcs3701: start power rail timer, state:3
11-26 21:18:46.053  8427  8469 I BatteryMgr:DataCollectionService: stats => 1701029926053,13122,4446,2136,4169000,100
11-26 21:18:46.074  1011  1189 I ASH     : @ 376778.245: tcs3701: stop power rail pending_off timer
11-26 21:18:46.074  1011  1189 D ASH     : @ 376778.245: tcs3701: start power rail timer, state:3
11-26 21:18:46.092  1795  2387 D ActivityManager: freezer override set to false
11-26 21:18:46.113  1011  1189 I ASH     : @ 376778.285: tcs3701: stop power rail pending_off timer
11-26 21:18:46.113  1011  1189 D ASH     : @ 376778.285: tcs3701: start power rail timer, state:3
11-26 21:18:46.137  1795  2387 D ActivityManager: freezer override set to true
11-26 21:18:46.140  1795  2387 D ActivityManager: freezer override set to false
11-26 21:18:46.153  1011  1189 I ASH     : @ 376778.325: tcs3701: stop power rail pending_off timer
11-26 21:18:46.153  1011  1189 D ASH     : @ 376778.325: tcs3701: start power rail timer, state:3
11-26 21:18:46.158  8427  8469 I BatteryMgr:DataCollectionService: stats => 1701029926158,13122,4446,2136,4169000,100
11-26 21:18:46.170  1795  2387 D ActivityManager: freezer override set to true
11-26 21:18:46.172  1795  2387 D ActivityManager: freezer override set to false
11-26 21:18:46.193  1011  1189 I ASH     : @ 376778.365: tcs3701: stop power rail pending_off timer
11-26 21:18:46.193  1011  1189 D ASH     : @ 376778.365: tcs3701: start power rail timer, state:3
11-26 21:18:46.233  1011  1189 I ASH     : @ 376778.405: tcs3701: stop power rail pending_off timer
11-26 21:18:46.234  1011  1189 D ASH     : @ 376778.405: tcs3701: start power rail timer, state:3
11-26 21:18:46.263  8427  8469 I BatteryMgr:DataCollectionService: stats => 1701029926263,13122,4446,2136,4169000,100
11-26 21:18:46.273  1011  1189 I ASH     : @ 376778.445: tcs3701: stop power rail pending_off timer
11-26 21:18:46.274  1011  1189 D ASH     : @ 376778.445: tcs3701: start power rail timer, state:3
11-26 21:18:46.314  1011  1189 I ASH     : @ 376778.485: tcs3701: stop power rail pending_off timer
11-26 21:18:46.314  1011  1189 D ASH     : @ 376778.485: tcs3701: start power rail timer, state:3
11-26 21:18:46.353  1011  1189 I ASH     : @ 376778.525: tcs3701: stop power rail pending_off timer
11-26 21:18:46.353  1011  1189 D ASH     : @ 376778.525: tcs3701: start power rail timer, state:3
11-26 21:18:46.367  8427  8469 I BatteryMgr:DataCollectionService: stats => 1701029926367,13122,4446,2136,4169000,100
11-26 21:18:46.394  1011  1189 I ASH     : @ 376778.565: tcs3701: stop power rail pending_off timer
11-26 21:18:46.394  1011  1189 D ASH     : @ 376778.565: tcs3701: start power rail timer, state:3
11-26 21:18:46.433  1011  1189 I ASH     : @ 376778.605: tcs3701: stop power rail pending_off timer
11-26 21:18:46.433  1011  1189 D ASH     : @ 376778.605: tcs3701: start power rail timer, state:3
11-26 21:18:46.474  8427  8469 I BatteryMgr:DataCollectionService: stats => 1701029926474,13122,4446,2136,4169000,100
11-26 21:18:46.474  1011  1189 I ASH     : @ 376778.645: tcs3701: stop power rail pending_off timer
11-26 21:18:46.474  1011  1189 D ASH     : @ 376778.645: tcs3701: start power rail timer, state:3
11-26 21:18:46.496 26741 26741 E AbstractGmsTracer: Traced class shouldn't be obfuscated: GmsIntentOperationChimeraService [CONTEXT service_id=259 ]
11-26 21:18:46.502 26741 24202 E AbstractGmsTracer: Traced class shouldn't be obfuscated: InstantIndexingIntentOperation [CONTEXT service_id=259 ]
11-26 21:18:46.502 26741 24202 I GmscoreIpa: Starting mediastore instant index [CONTEXT service_id=255 ]
11-26 21:18:46.514  1011  1189 I ASH     : @ 376778.685: tcs3701: stop power rail pending_off timer
11-26 21:18:46.514  1011  1189 D ASH     : @ 376778.685: tcs3701: start power rail timer, state:3
11-26 21:18:46.553  1011  1189 I ASH     : @ 376778.725: tcs3701: stop power rail pending_off timer
11-26 21:18:46.553  1011  1189 D ASH     : @ 376778.725: tcs3701: start power rail timer, state:3
11-26 21:18:46.579  8427  8469 I BatteryMgr:DataCollectionService: stats => 1701029926579,13122,4446,2136,4169000,100
11-26 21:18:46.594  1011  1189 I ASH     : @ 376778.765: tcs3701: stop power rail pending_off timer
11-26 21:18:46.594  1011  1189 D ASH     : @ 376778.765: tcs3701: start power rail timer, state:3
11-26 21:18:46.633  1011  1189 I ASH     : @ 376778.805: tcs3701: stop power rail pending_off timer
11-26 21:18:46.633  1011  1189 D ASH     : @ 376778.805: tcs3701: start power rail timer, state:3
11-26 21:18:46.673  1011  1189 I ASH     : @ 376778.845: tcs3701: stop power rail pending_off timer
11-26 21:18:46.673  1011  1189 D ASH     : @ 376778.845: tcs3701: start power rail timer, state:3
11-26 21:18:46.684  8427  8469 I BatteryMgr:DataCollectionService: stats => 1701029926684,13122,4446,2136,4169000,100
11-26 21:18:46.713  1011  1189 I ASH     : @ 376778.885: tcs3701: stop power rail pending_off timer
11-26 21:18:46.713  1011  1189 D ASH     : @ 376778.885: tcs3701: start power rail timer, state:3
11-26 21:18:46.749  1795  3057 D ActivityManager: freezer override set to true
11-26 21:18:46.754  1795  3057 D ActivityManager: freezer override set to false
11-26 21:18:46.754  1011  1189 I ASH     : @ 376778.925: tcs3701: stop power rail pending_off timer
11-26 21:18:46.754  1011  1189 D ASH     : @ 376778.925: tcs3701: start power rail timer, state:3
11-26 21:18:46.789  8427  8469 I BatteryMgr:DataCollectionService: stats => 1701029926789,13122,4446,2136,4169000,100
11-26 21:18:46.793  1011  1189 I ASH     : @ 376778.965: tcs3701: stop power rail pending_off timer
11-26 21:18:46.793  1011  1189 D ASH     : @ 376778.965: tcs3701: start power rail timer, state:3
11-26 21:18:46.833  1011  1189 I ASH     : @ 376779.005: tcs3701: stop power rail pending_off timer
11-26 21:18:46.833  1011  1189 D ASH     : @ 376779.005: tcs3701: start power rail timer, state:3
11-26 21:18:46.873  1011  1189 I ASH     : @ 376779.045: tcs3701: stop power rail pending_off timer
11-26 21:18:46.873  1011  1189 D ASH     : @ 376779.045: tcs3701: start power rail timer, state:3
11-26 21:18:46.894  8427  8469 I BatteryMgr:DataCollectionService: stats => 1701029926894,13122,4446,2136,4169000,100
11-26 21:18:46.913  1011  1189 I ASH     : @ 376779.085: tcs3701: stop power rail pending_off timer
11-26 21:18:46.913  1011  1189 D ASH     : @ 376779.085: tcs3701: start power rail timer, state:3
11-26 21:18:46.953  1011  1189 I ASH     : @ 376779.125: tcs3701: stop power rail pending_off timer
11-26 21:18:46.954  1011  1189 D ASH     : @ 376779.125: tcs3701: start power rail timer, state:3
11-26 21:18:46.994  1011  1189 I ASH     : @ 376779.165: tcs3701: stop power rail pending_off timer
11-26 21:18:46.994  1011  1189 D ASH     : @ 376779.165: tcs3701: start power rail timer, state:3
11-26 21:18:46.998  8427  8469 I BatteryMgr:DataCollectionService: stats => 1701029926998,13122,4446,2136,4169000,100
11-26 21:18:47.033  1011  1189 I ASH     : @ 376779.205: tcs3701: stop power rail pending_off timer
11-26 21:18:47.033  1011  1189 D ASH     : @ 376779.205: tcs3701: start power rail timer, state:3
11-26 21:18:47.043  2113  2118 I pixel-thermal: skin-therm-monitor: 38.136
11-26 21:18:47.075  1011  1189 I ASH     : @ 376779.245: tcs3701: stop power rail pending_off timer
11-26 21:18:47.075  1011  1189 D ASH     : @ 376779.245: tcs3701: start power rail timer, state:3
11-26 21:18:47.103  8427  8469 I BatteryMgr:DataCollectionService: stats => 1701029927103,13122,4446,2136,4169000,100
11-26 21:18:47.113  1011  1189 I ASH     : @ 376779.285: tcs3701: stop power rail pending_off timer
11-26 21:18:47.113  1011  1189 D ASH     : @ 376779.285: tcs3701: start power rail timer, state:3
11-26 21:18:47.153  1011  1189 I ASH     : @ 376779.325: tcs3701: stop power rail pending_off timer
11-26 21:18:47.153  1011  1189 D ASH     : @ 376779.325: tcs3701: start power rail timer, state:3
11-26 21:18:47.193  1011  1189 I ASH     : @ 376779.365: tcs3701: stop power rail pending_off timer
11-26 21:18:47.193  1011  1189 D ASH     : @ 376779.365: tcs3701: start power rail timer, state:3
11-26 21:18:47.209  8427  8469 I BatteryMgr:DataCollectionService: stats => 1701029927209,13122,4446,2136,4169000,100
11-26 21:18:47.233  1011  1189 I ASH     : @ 376779.405: tcs3701: stop power rail pending_off timer
11-26 21:18:47.233  1011  1189 D ASH     : @ 376779.405: tcs3701: start power rail timer, state:3
11-26 21:18:47.274  1011  1189 I ASH     : @ 376779.445: tcs3701: stop power rail pending_off timer
11-26 21:18:47.274  1011  1189 D ASH     : @ 376779.445: tcs3701: start power rail timer, state:3
11-26 21:18:47.310  1795  3658 D ActivityManager: freezer override set to true
11-26 21:18:47.313  1011  1189 I ASH     : @ 376779.485: tcs3701: stop power rail pending_off timer
11-26 21:18:47.313  1011  1189 D ASH     : @ 376779.485: tcs3701: start power rail timer, state:3
11-26 21:18:47.316  8427  8469 I BatteryMgr:DataCollectionService: stats => 1701029927316,13122,4446,2136,4169000,100
11-26 21:18:47.353  1011  1189 I ASH     : @ 376779.525: tcs3701: stop power rail pending_off timer
11-26 21:18:47.353  1011  1189 D ASH     : @ 376779.525: tcs3701: start power rail timer, state:3
11-26 21:18:47.393  1011  1189 I ASH     : @ 376779.565: tcs3701: stop power rail pending_off timer
11-26 21:18:47.393  1011  1189 D ASH     : @ 376779.565: tcs3701: start power rail timer, state:3
11-26 21:18:47.411 23244 23293 I m.chrome.canary: Explicit concurrent copying GC freed 3837(192KB) AllocSpace objects, 4(80KB) LOS objects, 75% free, 14MB/57MB, paused 34us,23us total 59.150ms
11-26 21:18:47.422  8427  8469 I BatteryMgr:DataCollectionService: stats => 1701029927421,13122,4446,2136,4169000,100
11-26 21:18:47.433  1011  1189 I ASH     : @ 376779.605: tcs3701: stop power rail pending_off timer
11-26 21:18:47.433  1011  1189 D ASH     : @ 376779.605: tcs3701: start power rail timer, state:3
11-26 21:18:47.474  1011  1189 I ASH     : @ 376779.645: tcs3701: stop power rail pending_off timer
11-26 21:18:47.474  1011  1189 D ASH     : @ 376779.645: tcs3701: start power rail timer, state:3
11-26 21:18:47.479  1795  3658 D ActivityManager: freezer override set to false
11-26 21:18:47.483  1795  1795 I ContentCaptureManagerService: Content capture data sharing session terminated successfully for package 'com.google.android.googlequicksearchbox'
11-26 21:18:47.496  1795  1795 I ContentCaptureManagerService: Content capture data sharing session terminated successfully for package 'com.google.android.googlequicksearchbox'
11-26 21:18:47.510  1795  3658 D ActivityManager: freezer override set to true
11-26 21:18:47.512  1795  3658 D ActivityManager: freezer override set to false
11-26 21:18:47.513  1011  1189 I ASH     : @ 376779.685: tcs3701: stop power rail pending_off timer
11-26 21:18:47.513  1011  1189 D ASH     : @ 376779.685: tcs3701: start power rail timer, state:3
11-26 21:18:47.527  8427  8469 I BatteryMgr:DataCollectionService: stats => 1701029927527,13122,4446,2136,4169000,100
11-26 21:18:47.543  1795  3658 D ActivityManager: freezer override set to true
11-26 21:18:47.546  1795  3658 D ActivityManager: freezer override set to false
11-26 21:18:47.554  1011  1189 I ASH     : @ 376779.725: tcs3701: stop power rail pending_off timer
11-26 21:18:47.554  1011  1189 D ASH     : @ 376779.725: tcs3701: start power rail timer, state:3
11-26 21:18:47.593  1011  1189 I ASH     : @ 376779.765: tcs3701: stop power rail pending_off timer
11-26 21:18:47.593  1011  1189 D ASH     : @ 376779.765: tcs3701: start power rail timer, state:3
11-26 21:18:47.622  1795  1795 I ContentCaptureManagerService: Content capture data sharing session terminated successfully for package 'com.google.android.googlequicksearchbox'
11-26 21:18:47.631  8427  8469 I BatteryMgr:DataCollectionService: stats => 1701029927631,13122,4446,2136,4169000,100
11-26 21:18:47.633  1011  1189 I ASH     : @ 376779.805: tcs3701: stop power rail pending_off timer
11-26 21:18:47.633  1011  1189 D ASH     : @ 376779.805: tcs3701: start power rail timer, state:3
11-26 21:18:47.673  1011  1189 I ASH     : @ 376779.845: tcs3701: stop power rail pending_off timer
11-26 21:18:47.673  1011  1189 D ASH     : @ 376779.845: tcs3701: start power rail timer, state:3
11-26 21:18:47.713  1011  1189 I ASH     : @ 376779.885: tcs3701: stop power rail pending_off timer
11-26 21:18:47.713  1011  1189 D ASH     : @ 376779.885: tcs3701: start power rail timer, state:3
11-26 21:18:47.734  1795  3057 D ActivityManager: freezer override set to true
11-26 21:18:47.737  8427  8469 I BatteryMgr:DataCollectionService: stats => 1701029927737,13122,4446,2136,4169000,100
11-26 21:18:47.739  1795  3057 D ActivityManager: freezer override set to false
11-26 21:18:47.754  1011  1189 I ASH     : @ 376779.925: tcs3701: stop power rail pending_off timer
11-26 21:18:47.754  1011  1189 D ASH     : @ 376779.925: tcs3701: start power rail timer, state:3
11-26 21:18:47.794  1011  1189 I ASH     : @ 376779.965: tcs3701: stop power rail pending_off timer
11-26 21:18:47.794  1011  1189 D ASH     : @ 376779.965: tcs3701: start power rail timer, state:3
11-26 21:18:47.834  1011  1189 I ASH     : @ 376780.005: tcs3701: stop power rail pending_off timer
11-26 21:18:47.834  1011  1189 D ASH     : @ 376780.005: tcs3701: start power rail timer, state:3
11-26 21:18:47.842  8427  8469 I BatteryMgr:DataCollectionService: stats => 1701029927842,13122,4446,2136,4169000,100
11-26 21:18:47.873  1011  1189 I ASH     : @ 376780.045: tcs3701: stop power rail pending_off timer
11-26 21:18:47.873  1011  1189 D ASH     : @ 376780.045: tcs3701: start power rail timer, state:3
11-26 21:18:47.913  1011  1189 I ASH     : @ 376780.085: tcs3701: stop power rail pending_off timer
11-26 21:18:47.913  1011  1189 D ASH     : @ 376780.085: tcs3701: start power rail timer, state:3
11-26 21:18:47.946  8427  8469 I BatteryMgr:DataCollectionService: stats => 1701029927946,13122,4446,2136,4169000,100
