11-26 21:02:47.329  1011  1189 I ASH     : @ 375819.500: tcs3701: stop power rail pending_off timer
11-26 21:02:47.329  1011  1189 D ASH     : @ 375819.500: tcs3701: start power rail timer, state:3
11-26 21:02:47.359  1795  4170 D ActivityManager: freezer override set to true
11-26 21:02:47.363  1795  4170 D ActivityManager: freezer override set to false
11-26 21:02:47.369  1011  1189 I ASH     : @ 375819.540: tcs3701: stop power rail pending_off timer
11-26 21:02:47.369  1011  1189 D ASH     : @ 375819.540: tcs3701: start power rail timer, state:3
11-26 21:02:47.406  1795  4170 D ActivityManager: freezer override set to true
11-26 21:02:47.408  1795  4170 D ActivityManager: freezer override set to false
11-26 21:02:47.409  1011  1189 I ASH     : @ 375819.580: tcs3701: stop power rail pending_off timer
11-26 21:02:47.409  1011  1189 D ASH     : @ 375819.580: tcs3701: start power rail timer, state:3
11-26 21:02:47.449  1011  1189 I ASH     : @ 375819.620: tcs3701: stop power rail pending_off timer
11-26 21:02:47.449  1011  1189 D ASH     : @ 375819.620: tcs3701: start power rail timer, state:3
11-26 21:02:47.489  1011  1189 I ASH     : @ 375819.660: tcs3701: stop power rail pending_off timer
11-26 21:02:47.489  1011  1189 D ASH     : @ 375819.660: tcs3701: start power rail timer, state:3
11-26 21:02:47.529  1011  1189 I ASH     : @ 375819.700: tcs3701: stop power rail pending_off timer
11-26 21:02:47.529  1011  1189 D ASH     : @ 375819.700: tcs3701: start power rail timer, state:3
11-26 21:02:47.556  1795  4170 I ActivityManager: Background started FGS: Allowed [callingPackage: com.android.shell; callingUid: 2000; uidState: NONE; intent: Intent { cmp=com.example.batterymanager_utility/.DataCollectionService (has extras) }; code:SYSTEM_UID; tempAllowListReason:<,reasonCode:SYSTEM_ALLOW_LISTED,duration:9223372036854775807,callingUid:-1>; targetSdkVersion:33; callerTargetSdkVersion:33; startForegroundCount:0; bindFromPackage:null]
11-26 21:02:47.561  8427  8427 I BatteryMgr:DataCollectionService: onStartCommand: begin
11-26 21:02:47.561  8427  8427 I BatteryMgr:DataCollectionService: onStartCommand: sampleRate => 100
11-26 21:02:47.561  8427  8427 I BatteryMgr:DataCollectionService: onStartCommand: rawFields => Timestamp,BATTERY_PROPERTY_CURRENT_NOW,EXTRA_VOLTAGE,BATTERY_PROPERTY_CURRENT_AVERAGE,BATTERY_PROPERTY_CHARGE_COUNTER,BATTERY_PROPERTY_CAPACITY
11-26 21:02:47.562  8427  8427 I BatteryMgr:DataCollectionService: onStartCommand: notification done
11-26 21:02:47.565  8427  8427 I BatteryMgr:DataCollectionService: started foreground
11-26 21:02:47.567  8427  8467 I BatteryMgr:DataCollectionService: collectData: begin
11-26 21:02:47.569  1011  1189 I ASH     : @ 375819.740: tcs3701: stop power rail pending_off timer
11-26 21:02:47.569  1011  1189 D ASH     : @ 375819.740: tcs3701: start power rail timer, state:3
11-26 21:02:47.570  8427  8467 I BatteryMgr:DataCollectionService: stats => 1701028967570,11596,4446,2136,4169000,100
11-26 21:02:47.609  1011  1189 I ASH     : @ 375819.780: tcs3701: stop power rail pending_off timer
11-26 21:02:47.609  1011  1189 D ASH     : @ 375819.780: tcs3701: start power rail timer, state:3
11-26 21:02:47.649  1011  1189 I ASH     : @ 375819.820: tcs3701: stop power rail pending_off timer
11-26 21:02:47.649  1011  1189 D ASH     : @ 375819.820: tcs3701: start power rail timer, state:3
11-26 21:02:47.675  8427  8467 I BatteryMgr:DataCollectionService: stats => 1701028967675,11596,4446,2136,4169000,100
11-26 21:02:47.689  1011  1189 I ASH     : @ 375819.860: tcs3701: stop power rail pending_off timer
11-26 21:02:47.689  1011  1189 D ASH     : @ 375819.860: tcs3701: start power rail timer, state:3
11-26 21:02:47.725  1795  3001 D CompatibilityChangeReporter: Compat change id reported: 161252188; UID 10010; state: DISABLED
11-26 21:02:47.725  1795  3001 I ActivityTaskManager: START u0 {act=android.intent.action.VIEW dat=https://playground.babylonjs.com/... flg=0x10000000 cmp=com.chrome.canary/com.google.android.apps.chrome.Main} from uid 2000
11-26 21:02:47.726  1795  3001 D CompatibilityChangeReporter: Compat change id reported: 265464455; UID 10010; state: DISABLED
11-26 21:02:47.726  1795  3001 D CompatibilityChangeReporter: Compat change id reported: 265452344; UID 10010; state: DISABLED
11-26 21:02:47.726  1795  3001 D CompatibilityChangeReporter: Compat change id reported: 266124927; UID 10010; state: DISABLED
11-26 21:02:47.727  1795  3001 D CompatibilityChangeReporter: Compat change id reported: 265451093; UID 10010; state: DISABLED
11-26 21:02:47.727  1795  3001 D CompatibilityChangeReporter: Compat change id reported: 265456536; UID 10010; state: DISABLED
11-26 21:02:47.727  1795  3001 D CompatibilityChangeReporter: Compat change id reported: 255940284; UID 10010; state: DISABLED
11-26 21:02:47.727  1795  3001 D CompatibilityChangeReporter: Compat change id reported: 236283604; UID 10010; state: DISABLED
11-26 21:02:47.727  1795  3001 D CompatibilityChangeReporter: Compat change id reported: 263959004; UID 10010; state: DISABLED
11-26 21:02:47.728  1795  3001 D CompatibilityChangeReporter: Compat change id reported: 264304459; UID 10010; state: DISABLED
11-26 21:02:47.728  1795  3001 D CompatibilityChangeReporter: Compat change id reported: 264301586; UID 10010; state: DISABLED
11-26 21:02:47.728  1795  3001 D CompatibilityChangeReporter: Compat change id reported: 254631730; UID 10010; state: DISABLED
11-26 21:02:47.728  1795  3001 D CompatibilityChangeReporter: Compat change id reported: 273509367; UID 10010; state: DISABLED
11-26 21:02:47.728  1795  3001 D CompatibilityChangeReporter: Compat change id reported: 263259275; UID 10010; state: DISABLED
11-26 21:02:47.729  1011  1189 I ASH     : @ 375819.900: tcs3701: stop power rail pending_off timer
11-26 21:02:47.729  1011  1189 D ASH     : @ 375819.900: tcs3701: start power rail timer, state:3
11-26 21:02:47.729  1795  3001 D CompatibilityChangeReporter: Compat change id reported: 194480991; UID 10010; state: ENABLED
11-26 21:02:47.729  1795  3001 D CompatibilityChangeReporter: Compat change id reported: 174042980; UID 10010; state: DISABLED
11-26 21:02:47.731  1795  3001 D CompatibilityChangeReporter: Compat change id reported: 181136395; UID 10010; state: DISABLED
11-26 21:02:47.731  1795  3001 D CompatibilityChangeReporter: Compat change id reported: 174042936; UID 10010; state: DISABLED
11-26 21:02:47.734  1795  3001 D CompatibilityChangeReporter: Compat change id reported: 194833441; UID 10010; state: ENABLED
11-26 21:02:47.741 29165 29165 W cr_ActivityDispatcher: CustomTabsIntent#shouldAlwaysUseBrowserUI() = false
11-26 21:02:47.741 29165 29165 I cr_VideoPersist: Exited picture in picture with reason: 0
11-26 21:02:47.742 29165 29165 E cr_IntentUtils: getInt failed on bundle null
11-26 21:02:47.757  1795  2120 D CompatibilityChangeReporter: Compat change id reported: 143937733; UID 10010; state: ENABLED
11-26 21:02:47.759 29165 29165 W cr_ActivityDispatcher: CustomTabsIntent#shouldAlwaysUseBrowserUI() = false
11-26 21:02:47.766 29209 29209 D Zygote  : Forked child process 29416
11-26 21:02:47.768  1795  2120 I ActivityManager: Start proc 29416:com.chrome.canary:sandboxed_process0:org.chromium.content.app.SandboxedProcessService0:2/u0ai2 for  {com.chrome.canary/org.chromium.content.app.SandboxedProcessService0:2}
11-26 21:02:47.769  1011  1189 I ASH     : @ 375819.940: tcs3701: stop power rail pending_off timer
11-26 21:02:47.769  1011  1189 D ASH     : @ 375819.940: tcs3701: start power rail timer, state:3
11-26 21:02:47.770 29416 29416 E libc    : SetHeapTaggingLevel: re-enabling tagging after it was disabled is not supported
11-26 21:02:47.774  1795  3001 D CoreBackPreview: Window{38d7fc u0 com.chrome.canary/com.google.android.apps.chrome.Main}: Setting back callback OnBackInvokedCallbackInfo{mCallback=android.window.IOnBackInvokedCallback$Stub$Proxy@be03dde, mPriority=0}
11-26 21:02:47.774 29416 29416 I ocessService0:2: Using CollectorTypeCC GC.
11-26 21:02:47.777 29165 29165 I cr_OfflineDetector: Running updateState mConnectivityDetectorInitialized: true, mTimeWhenLastForegrounded: 375816592, getElapsedTime: 375816592, mTimeWhenLastOfflineNotificationReceived: 0, mTimeWhenLastOnline: 375815046, mTimeWhenAirplaneModeToggledOff: 0 mApplicationState: 1, mIsOfflineLastReportedByConnectivityDetector: false, mInAirplaneMode: false mIsEffectivelyOffline: false
11-26 21:02:47.777 29165 29165 I cr_OfflineDetector: updateState(): timeSinceLastForeground: 0, timeSinceOfflineNotificationReceived: 375816592, timeSinceLastOnline: 1546, timeNeededForForeground: 2000, timeNeededForOffline: -375814592 timeSinceAirplaneModeToggledOff: 375816592 timeNeededAfterConnectionChangeFromOnlineToOffline: 8454 timeNeededAfterConnectionChangeFromAirplaneToOffline: 0
11-26 21:02:47.777 29165 29165 I cr_OfflineDetector: Running mUpdateOfflineStatusIndicatorDelayedRunnable start. mConnectivityDetectorInitialized: true, mTimeWhenLastForegrounded: 375816592, getElapsedTime: 375816592, mTimeWhenLastOfflineNotificationReceived: 0, mTimeWhenLastOnline: 375815046, mTimeWhenAirplaneModeToggledOff: 0 mApplicationState: 1, mIsOfflineLastReportedByConnectivityDetector: false, mInAirplaneMode: false mIsEffectivelyOffline: false
11-26 21:02:47.779  8427  8467 I BatteryMgr:DataCollectionService: stats => 1701028967779,11596,4446,2136,4169000,100
11-26 21:02:47.781 29165 29165 I cr_InactivityTracker: Last background time read from the SharedPreference is:1701028967732.
11-26 21:02:47.781  1383  1442 I adbd    : jdwp connection from 29416
11-26 21:02:47.783 29165 29165 I cr_VideoPersist: Exited picture in picture with reason: 0
11-26 21:02:47.784  1795  3001 D CompatibilityChangeReporter: Compat change id reported: 161145287; UID 10010; state: DISABLED
11-26 21:02:47.784 29165 29165 I cr_InactivityTracker: Last visible time read from the SharedPreference is:1701028966308.
11-26 21:02:47.789  1795  3001 D CompatibilityChangeReporter: Compat change id reported: 168419799; UID 10010; state: DISABLED
11-26 21:02:47.789  1795  3001 D CompatibilityChangeReporter: Compat change id reported: 273564678; UID 10010; state: DISABLED
11-26 21:02:47.791  3657  4441 D ForegroundUtils: Foreground UID status:
11-26 21:02:47.792  3657  4441 D ForegroundUtils: UID: 10010 is in foreground: true
11-26 21:02:47.792  3657  4441 D ForegroundUtils: UID: 10128 is in foreground: true
11-26 21:02:47.792  3657  4441 D ForegroundUtils: UID: 10158 is in foreground: true
11-26 21:02:47.792  3657  4441 D ForegroundUtils: UID: 10189 is in foreground: false
11-26 21:02:47.792  3657  4441 D ForegroundUtils: UID: 10194 is in foreground: true
11-26 21:02:47.792  3657  4441 D ForegroundUtils: UID: 10206 is in foreground: false
11-26 21:02:47.792  3657  4441 D ForegroundUtils: UID: 10233 is in foreground: true
11-26 21:02:47.792  3657  4441 D ForegroundUtils: UID: 10244 is in foreground: false
11-26 21:02:47.792  3657  4441 D ForegroundUtils: UID: 10319 is in foreground: true
11-26 21:02:47.792  3657  4441 D ForegroundUtils: UID: 90000 is in foreground: true
11-26 21:02:47.792  3657  4441 D ForegroundUtils: UID: 90002 is in foreground: true
11-26 21:02:47.792 29416 29416 I ActivityThread: Relaunch all activities: onCoreSettingsChange
11-26 21:02:47.792 29416 29416 D CompatibilityChangeReporter: Compat change id reported: 171979766; UID 90002; state: ENABLED
11-26 21:02:47.805  1795  4165 D CompatibilityChangeReporter: Compat change id reported: 214016041; UID 10010; state: ENABLED
11-26 21:02:47.806 29416 29416 I LoadedApk: No resource references to update in package com.google.android.trichromelibrary.canary
11-26 21:02:47.806 29416 29416 D NetworkSecurityConfig: Using Network Security Config from resource 0_resource_name_obfuscated debugBuild: false
11-26 21:02:47.806  3375  3375 I GoogleInputMethodService: GoogleInputMethodService.onFinishInput():3154 
11-26 21:02:47.808 29416 29416 D NetworkSecurityConfig: Using Network Security Config from resource 0_resource_name_obfuscated debugBuild: false
11-26 21:02:47.809  1011  1189 I ASH     : @ 375819.980: tcs3701: stop power rail pending_off timer
11-26 21:02:47.809  1011  1189 D ASH     : @ 375819.980: tcs3701: start power rail timer, state:3
11-26 21:02:47.809  3375  3375 I GoogleInputMethodService: GoogleInputMethodService.updateDeviceLockedStatus():2088 repeatCheckTimes = 0, locked = false
11-26 21:02:47.810 29416 29416 I cr_SplitCompatApp: Launched version=121.0.6145.0 minSdkVersion=29 isBundle=true processName=com.chrome.canary:sandboxed_process0:org.chromium.content.app.SandboxedProcessService0:2 isIsolated=true
11-26 21:02:47.811  3375  3375 I GoogleInputMethodService: GoogleInputMethodService.onStartInput():1883 onStartInput(EditorInfo{EditorInfo{packageName=com.chrome.canary, inputType=0, inputTypeString=NULL, enableLearning=false, autoCorrection=false, autoComplete=false, imeOptions=12000000, privateImeOptions=null, actionName=UNSPECIFIED, actionLabel=null, initialSelStart=-1, initialSelEnd=-1, initialCapsMode=0, label=null, fieldId=-1, fieldName=null, extras=null, hintText=null, hintLocales=[]}}, false)
11-26 21:02:47.812  3375  3375 I GoogleInputMethodService: GoogleInputMethodService.updateDeviceLockedStatus():2088 repeatCheckTimes = 1, locked = false
11-26 21:02:47.816 29416 29416 W SystemServiceRegistry: No service published for: uimode
11-26 21:02:47.822 29416 29416 I cr_ChildProcessService: Creating new ChildProcessService pid=29416
11-26 21:02:47.831 29416 29430 I cr_LibraryLoader: Successfully loaded native library
11-26 21:02:47.832 29416 29430 I cr_CachingUmaRecorder: Flushed 3 samples from 3 histograms, 0 samples were dropped.
11-26 21:02:47.849  1011  1189 I ASH     : @ 375820.020: tcs3701: stop power rail pending_off timer
11-26 21:02:47.849  1011  1189 D ASH     : @ 375820.020: tcs3701: start power rail timer, state:3
11-26 21:02:47.885  8427  8467 I BatteryMgr:DataCollectionService: stats => 1701028967884,11596,4446,2136,4169000,100
11-26 21:02:47.888  1011  1189 I ASH     : @ 375820.060: tcs3701: stop power rail pending_off timer
11-26 21:02:47.889  1011  1189 D ASH     : @ 375820.060: tcs3701: start power rail timer, state:3
11-26 21:02:47.893 29416 29430 I tflite  : Initialized TensorFlow Lite runtime.
11-26 21:02:47.894 29416 29430 W libc    : Access denied finding property "ro.mediatek.platform"
11-26 21:02:47.894 29416 29430 W libc    : Access denied finding property "ro.chipname"
11-26 21:02:47.895 29416 29430 W libc    : Access denied finding property "ro.hardware.chipname"
11-26 21:02:47.901  1795  4165 D ActivityManager: freezer override set to true
11-26 21:02:47.919  1795  4165 D ActivityManager: freezer override set to false
11-26 21:02:47.929  1011  1189 I ASH     : @ 375820.100: tcs3701: stop power rail pending_off timer
11-26 21:02:47.929  1011  1189 D ASH     : @ 375820.100: tcs3701: start power rail timer, state:3
11-26 21:02:47.969  1011  1189 I ASH     : @ 375820.140: tcs3701: stop power rail pending_off timer
11-26 21:02:47.969  1011  1189 D ASH     : @ 375820.140: tcs3701: start power rail timer, state:3
11-26 21:02:47.989  8427  8467 I BatteryMgr:DataCollectionService: stats => 1701028967989,11596,4446,2136,4169000,100
11-26 21:02:48.009  1011  1189 I ASH     : @ 375820.180: tcs3701: stop power rail pending_off timer
11-26 21:02:48.009  1011  1189 D ASH     : @ 375820.180: tcs3701: start power rail timer, state:3
11-26 21:02:48.049  1011  1189 I ASH     : @ 375820.220: tcs3701: stop power rail pending_off timer
11-26 21:02:48.049  1011  1189 D ASH     : @ 375820.220: tcs3701: start power rail timer, state:3
11-26 21:02:48.089  1011  1189 I ASH     : @ 375820.260: tcs3701: stop power rail pending_off timer
11-26 21:02:48.089  1011  1189 D ASH     : @ 375820.260: tcs3701: start power rail timer, state:3
11-26 21:02:48.093  8427  8467 I BatteryMgr:DataCollectionService: stats => 1701028968093,11596,4446,2136,4169000,100
11-26 21:02:48.118 29165 29226 W chromium: [WARNING:ev_root_ca_metadata.cc(119)] Not implemented
11-26 21:02:48.118 29165 29226 W chromium: [WARNING:ev_root_ca_metadata.cc(119)] Not implemented
11-26 21:02:48.129  1011  1189 I ASH     : @ 375820.300: tcs3701: stop power rail pending_off timer
11-26 21:02:48.129  1011  1189 D ASH     : @ 375820.300: tcs3701: start power rail timer, state:3
11-26 21:02:48.147 29165 29225 W chromium: [WARNING:ev_root_ca_metadata.cc(119)] Not implemented
11-26 21:02:48.147 29165 29225 W chromium: [WARNING:ev_root_ca_metadata.cc(119)] Not implemented
11-26 21:02:48.169  1011  1189 I ASH     : @ 375820.340: tcs3701: stop power rail pending_off timer
11-26 21:02:48.169  1011  1189 D ASH     : @ 375820.340: tcs3701: start power rail timer, state:3
11-26 21:02:48.198  8427  8467 I BatteryMgr:DataCollectionService: stats => 1701028968198,11596,4446,2136,4169000,100
11-26 21:02:48.209  1011  1189 I ASH     : @ 375820.380: tcs3701: stop power rail pending_off timer
11-26 21:02:48.209  1011  1189 D ASH     : @ 375820.380: tcs3701: start power rail timer, state:3
11-26 21:02:48.249  1011  1189 I ASH     : @ 375820.420: tcs3701: stop power rail pending_off timer
11-26 21:02:48.249  1011  1189 D ASH     : @ 375820.420: tcs3701: start power rail timer, state:3
11-26 21:02:48.289  1011  1189 I ASH     : @ 375820.460: tcs3701: stop power rail pending_off timer
11-26 21:02:48.289  1011  1189 D ASH     : @ 375820.460: tcs3701: start power rail timer, state:3
11-26 21:02:48.306  8427  8467 I BatteryMgr:DataCollectionService: stats => 1701028968306,11596,4446,2136,4169000,100
11-26 21:02:48.329  1011  1189 I ASH     : @ 375820.500: tcs3701: stop power rail pending_off timer
11-26 21:02:48.329  1011  1189 D ASH     : @ 375820.500: tcs3701: start power rail timer, state:3
11-26 21:02:48.369  1011  1189 I ASH     : @ 375820.540: tcs3701: stop power rail pending_off timer
11-26 21:02:48.369  1011  1189 D ASH     : @ 375820.540: tcs3701: start power rail timer, state:3
11-26 21:02:48.409  1011  1189 I ASH     : @ 375820.580: tcs3701: stop power rail pending_off timer
11-26 21:02:48.409  1011  1189 D ASH     : @ 375820.580: tcs3701: start power rail timer, state:3
11-26 21:02:48.411  8427  8467 I BatteryMgr:DataCollectionService: stats => 1701028968411,11596,4446,2136,4169000,100
11-26 21:02:48.449  1011  1189 I ASH     : @ 375820.620: tcs3701: stop power rail pending_off timer
11-26 21:02:48.449  1011  1189 D ASH     : @ 375820.620: tcs3701: start power rail timer, state:3
11-26 21:02:48.489  1011  1189 I ASH     : @ 375820.660: tcs3701: stop power rail pending_off timer
11-26 21:02:48.489  1011  1189 D ASH     : @ 375820.660: tcs3701: start power rail timer, state:3
11-26 21:02:48.516  8427  8467 I BatteryMgr:DataCollectionService: stats => 1701028968516,11596,4446,2136,4169000,100
11-26 21:02:48.529  1011  1189 I ASH     : @ 375820.700: tcs3701: stop power rail pending_off timer
11-26 21:02:48.529  1011  1189 D ASH     : @ 375820.700: tcs3701: start power rail timer, state:3
11-26 21:02:48.563  1795  4170 D ActivityManager: freezer override set to true
11-26 21:02:48.569  1011  1189 I ASH     : @ 375820.740: tcs3701: stop power rail pending_off timer
11-26 21:02:48.569  1011  1189 D ASH     : @ 375820.740: tcs3701: start power rail timer, state:3
11-26 21:02:48.609  1011  1189 I ASH     : @ 375820.780: tcs3701: stop power rail pending_off timer
11-26 21:02:48.609  1011  1189 D ASH     : @ 375820.780: tcs3701: start power rail timer, state:3
11-26 21:02:48.622  8427  8467 I BatteryMgr:DataCollectionService: stats => 1701028968622,11596,4446,2136,4169000,100
11-26 21:02:48.649  1011  1189 I ASH     : @ 375820.820: tcs3701: stop power rail pending_off timer
11-26 21:02:48.649  1011  1189 D ASH     : @ 375820.821: tcs3701: start power rail timer, state:3
11-26 21:02:48.689  1011  1189 I ASH     : @ 375820.860: tcs3701: stop power rail pending_off timer
11-26 21:02:48.689  1011  1189 D ASH     : @ 375820.860: tcs3701: start power rail timer, state:3
11-26 21:02:48.726  8427  8467 I BatteryMgr:DataCollectionService: stats => 1701028968726,11596,4446,2136,4169000,100
11-26 21:02:48.730  1011  1189 I ASH     : @ 375820.900: tcs3701: stop power rail pending_off timer
11-26 21:02:48.730  1011  1189 D ASH     : @ 375820.900: tcs3701: start power rail timer, state:3
11-26 21:02:48.741 29165 29215 I m.chrome.canary: Explicit concurrent copying GC freed 1014232(19MB) AllocSpace objects, 1(20KB) LOS objects, 75% free, 12MB/50MB, paused 100us,40us total 68.733ms
11-26 21:02:48.769  1011  1189 I ASH     : @ 375820.940: tcs3701: stop power rail pending_off timer
11-26 21:02:48.769  1011  1189 D ASH     : @ 375820.940: tcs3701: start power rail timer, state:3
11-26 21:02:48.809  1011  1189 I ASH     : @ 375820.980: tcs3701: stop power rail pending_off timer
11-26 21:02:48.809  1011  1189 D ASH     : @ 375820.980: tcs3701: start power rail timer, state:3
11-26 21:02:48.810 29165 29225 W chromium: [WARNING:ev_root_ca_metadata.cc(119)] Not implemented
11-26 21:02:48.810 29165 29224 W chromium: [WARNING:ev_root_ca_metadata.cc(119)] Not implemented
11-26 21:02:48.811 29165 29225 W chromium: [WARNING:ev_root_ca_metadata.cc(119)] Not implemented
11-26 21:02:48.811  1795  4170 D ActivityManager: freezer override set to false
11-26 21:02:48.811 29165 29224 W chromium: [WARNING:ev_root_ca_metadata.cc(119)] Not implemented
11-26 21:02:48.833  8427  8467 I BatteryMgr:DataCollectionService: stats => 1701028968833,11596,4446,2136,4169000,100
11-26 21:02:48.847  1795  4170 D ActivityManager: freezer override set to true
11-26 21:02:48.849  1011  1189 I ASH     : @ 375821.020: tcs3701: stop power rail pending_off timer
11-26 21:02:48.849  1011  1189 D ASH     : @ 375821.020: tcs3701: start power rail timer, state:3
11-26 21:02:48.850  1795  4170 D ActivityManager: freezer override set to false
11-26 21:02:48.873  1795  3789 D ActivityManager: freezer override set to true
11-26 21:02:48.877  1795  3789 D ActivityManager: freezer override set to false
11-26 21:02:48.889  1011  1189 I ASH     : @ 375821.060: tcs3701: stop power rail pending_off timer
11-26 21:02:48.889  1011  1189 D ASH     : @ 375821.060: tcs3701: start power rail timer, state:3
11-26 21:02:48.894  1795  4170 D ActivityManager: freezer override set to true
11-26 21:02:48.897  1795  4170 D ActivityManager: freezer override set to false
11-26 21:02:48.929  1011  1189 I ASH     : @ 375821.100: tcs3701: stop power rail pending_off timer
11-26 21:02:48.929  1011  1189 D ASH     : @ 375821.100: tcs3701: start power rail timer, state:3
11-26 21:02:48.939  8427  8467 I BatteryMgr:DataCollectionService: stats => 1701028968939,11596,4446,2136,4169000,100
11-26 21:02:48.969  1011  1189 I ASH     : @ 375821.140: tcs3701: stop power rail pending_off timer
11-26 21:02:48.969  1011  1189 D ASH     : @ 375821.140: tcs3701: start power rail timer, state:3
11-26 21:02:49.009  1011  1189 I ASH     : @ 375821.180: tcs3701: stop power rail pending_off timer
11-26 21:02:49.009  1011  1189 D ASH     : @ 375821.180: tcs3701: start power rail timer, state:3
11-26 21:02:49.014  2113  2118 I pixel-thermal: skin-therm-monitor: 38.105
11-26 21:02:49.046  8427  8467 I BatteryMgr:DataCollectionService: stats => 1701028969046,11596,4446,2136,4169000,100
11-26 21:02:49.049  1011  1189 I ASH     : @ 375821.220: tcs3701: stop power rail pending_off timer
11-26 21:02:49.049  1011  1189 D ASH     : @ 375821.220: tcs3701: start power rail timer, state:3
11-26 21:02:49.089  1011  1189 I ASH     : @ 375821.260: tcs3701: stop power rail pending_off timer
11-26 21:02:49.089  1011  1189 D ASH     : @ 375821.260: tcs3701: start power rail timer, state:3
11-26 21:02:49.129  1011  1189 I ASH     : @ 375821.300: tcs3701: stop power rail pending_off timer
11-26 21:02:49.129  1011  1189 D ASH     : @ 375821.300: tcs3701: start power rail timer, state:3
11-26 21:02:49.151  8427  8467 I BatteryMgr:DataCollectionService: stats => 1701028969151,11596,4446,2136,4169000,100
11-26 21:02:49.169  1011  1189 I ASH     : @ 375821.340: tcs3701: stop power rail pending_off timer
11-26 21:02:49.169  1011  1189 D ASH     : @ 375821.340: tcs3701: start power rail timer, state:3
11-26 21:02:49.209  1011  1189 I ASH     : @ 375821.380: tcs3701: stop power rail pending_off timer
11-26 21:02:49.209  1011  1189 D ASH     : @ 375821.380: tcs3701: start power rail timer, state:3
11-26 21:02:49.249  1011  1189 I ASH     : @ 375821.420: tcs3701: stop power rail pending_off timer
11-26 21:02:49.249  1011  1189 D ASH     : @ 375821.420: tcs3701: start power rail timer, state:3
11-26 21:02:49.259  8427  8467 I BatteryMgr:DataCollectionService: stats => 1701028969259,11596,4446,2136,4169000,100
11-26 21:02:49.289  1011  1189 I ASH     : @ 375821.460: tcs3701: stop power rail pending_off timer
11-26 21:02:49.289  1011  1189 D ASH     : @ 375821.460: tcs3701: start power rail timer, state:3
11-26 21:02:49.329  1011  1189 I ASH     : @ 375821.500: tcs3701: stop power rail pending_off timer
11-26 21:02:49.329  1011  1189 D ASH     : @ 375821.501: tcs3701: start power rail timer, state:3
11-26 21:02:49.368  8427  8467 I BatteryMgr:DataCollectionService: stats => 1701028969368,11596,4446,2136,4169000,100
11-26 21:02:49.369  1011  1189 I ASH     : @ 375821.540: tcs3701: stop power rail pending_off timer
11-26 21:02:49.369  1011  1189 D ASH     : @ 375821.540: tcs3701: start power rail timer, state:3
11-26 21:02:49.409  1011  1189 I ASH     : @ 375821.580: tcs3701: stop power rail pending_off timer
11-26 21:02:49.409  1011  1189 D ASH     : @ 375821.580: tcs3701: start power rail timer, state:3
11-26 21:02:49.449  1011  1189 I ASH     : @ 375821.620: tcs3701: stop power rail pending_off timer
11-26 21:02:49.449  1011  1189 D ASH     : @ 375821.620: tcs3701: start power rail timer, state:3
11-26 21:02:49.465  1795  2424 D WifiClientModeImpl[13802:wlan0]: updateLinkLayerStatsRssiSpeedFrequencyCapabilities rssi=-42 TxLinkspeed=866 freq=5240 RxLinkSpeed=866
11-26 21:02:49.466  1795  2424 D WifiDataStall: tx tput in kbps: 677408
11-26 21:02:49.466  1795  2424 D WifiDataStall: rx tput in kbps: 761132
11-26 21:02:49.466  1795  2424 V WifiConfigManager: Updating scan detail cache freq=5240 BSSID=f4:6d:2f:12:cc:88 RSSI=-42 for "ourhome"WPA_PSK
11-26 21:02:49.467  2673 16646 V WifiManager: OnWifiUsabilityStatsListener: onWifiUsabilityStats: seqNum=96102
11-26 21:02:49.467  2782  5906 D QCNEJ/WlanStaInfoRelay: Received action: android.net.wifi.RSSI_CHANGED
11-26 21:02:49.467  1795  2424 D WifiChannelUtilization:  freq: 5240 onTime: 10402057 busyTime: 950140 onTimeDiff: 754201 busyTimeDiff: 93654 utilization: 31 utilization t0: 23
11-26 21:02:49.467  1795  2424 D WifiDataStall:  ccaLevel = 31
11-26 21:02:49.467  1795  2424 D WifiDataStall: L2 txTputKbps: 692630, rxTputKbps: 761132, L3 txTputKbps: 144, rxTputKbps: 2099, TxTrafficHigh: true, RxTrafficHigh: true, Throughput Sufficient: true
11-26 21:02:49.468  1795  2424 D WifiScoreReport: Wifi scoring disabled - Don't check IP layer
11-26 21:02:49.468  1795  2424 D WifiScoreCard: BSSID update SIGNAL_POLL ID: 1320464697 SSID: "ourhome", BSSID: f4:6d:2f:12:cc:88, MAC: b2:2f:ec:da:4a:0c, IP: /192.168.1.104, Security type: 2, Supplicant state: COMPLETED, Wi-Fi standard: 5, RSSI: -42, Link speed: 866Mbps, Tx Link speed: 866Mbps, Max Supported Tx Link speed: 866Mbps, Rx Link speed: 866Mbps, Max Supported Rx Link speed: 866Mbps, Frequency: 5240MHz, Net ID: 12, Metered hint: false, score: 60, isUsable: true, CarrierMerged: false, SubscriptionId: -1, IsPrimary: 1, Trusted: true, Restricted: false, Ephemeral: false, OEM paid: false, OEM private: false, OSU AP: false, FQDN: <none>, Provider friendly name: <none>, Requesting package name: <none>"ourhome"wpa2-pskMLO Information: , Is TID-To-Link negotiation supported by the AP: false, AP MLD Address: <none>, AP MLO Link Id: <none>, AP MLO Affiliated links: <none>
11-26 21:02:49.468  1795  2424 D WifiScoreCard: txRate: 116 txSpeed: 866
11-26 21:02:49.468  1795  2424 D WifiScoreCard: network update SIGNAL_POLL "ourhome" ID: 1499892569 RSSI -42 txSpeed 866
11-26 21:02:49.468  1795  2424 D WifiClientModeImpl[13802:wlan0]:  ClientModeImpl$L2ConnectedState screen=on 37 0 "ourhome" f4:6d:2f:12:cc:88 rssi=-42 f=5240 sc=60 link=866 tx=104.7, 10.9, 0.0 rx=101.0 bcn=3555813 [on:2518 tx:57 rx:23 period:3010] from screen [on:766076 period:16534754] score=60
11-26 21:02:49.468  1795  3789 I WifiService: updateWifiUsabilityScore uid=10180 seqNum=96102 score=100 predictionHorizonSec=1441795
11-26 21:02:49.469  1795  2424 D WifiScoreReport: Wifi scoring disabled - Notify that Wifi is usable
11-26 21:02:49.472  1795  2432 D ConnectivityService: NetReassign [no changes] [c 0] [a 0] [i 2]
11-26 21:02:49.473  8427  8467 I BatteryMgr:DataCollectionService: stats => 1701028969473,11596,4446,2136,4169000,100
11-26 21:02:49.489  1011  1189 I ASH     : @ 375821.660: tcs3701: stop power rail pending_off timer
11-26 21:02:49.489  1011  1189 D ASH     : @ 375821.660: tcs3701: start power rail timer, state:3
11-26 21:02:49.529  1011  1189 I ASH     : @ 375821.700: tcs3701: stop power rail pending_off timer
11-26 21:02:49.529  1011  1189 D ASH     : @ 375821.700: tcs3701: start power rail timer, state:3
11-26 21:02:49.569  1011  1189 I ASH     : @ 375821.740: tcs3701: stop power rail pending_off timer
11-26 21:02:49.569  1011  1189 D ASH     : @ 375821.740: tcs3701: start power rail timer, state:3
11-26 21:02:49.582  8427  8467 I BatteryMgr:DataCollectionService: stats => 1701028969582,11596,4446,2136,4169000,100
11-26 21:02:49.609  1011  1189 I ASH     : @ 375821.780: tcs3701: stop power rail pending_off timer
11-26 21:02:49.609  1011  1189 D ASH     : @ 375821.780: tcs3701: start power rail timer, state:3
11-26 21:02:49.649  1011  1189 I ASH     : @ 375821.820: tcs3701: stop power rail pending_off timer
11-26 21:02:49.649  1011  1189 D ASH     : @ 375821.820: tcs3701: start power rail timer, state:3
11-26 21:02:49.689  1011  1189 I ASH     : @ 375821.860: tcs3701: stop power rail pending_off timer
11-26 21:02:49.689  1011  1189 D ASH     : @ 375821.860: tcs3701: start power rail timer, state:3
11-26 21:02:49.692  8427  8467 I BatteryMgr:DataCollectionService: stats => 1701028969692,11596,4446,2136,4169000,100
11-26 21:02:49.729  1011  1189 I ASH     : @ 375821.900: tcs3701: stop power rail pending_off timer
11-26 21:02:49.729  1011  1189 D ASH     : @ 375821.900: tcs3701: start power rail timer, state:3
11-26 21:02:49.769  1011  1189 I ASH     : @ 375821.940: tcs3701: stop power rail pending_off timer
11-26 21:02:49.769  1011  1189 D ASH     : @ 375821.940: tcs3701: start power rail timer, state:3
11-26 21:02:49.800  8427  8467 I BatteryMgr:DataCollectionService: stats => 1701028969800,11596,4446,2136,4169000,100
11-26 21:02:49.809  1011  1189 I ASH     : @ 375821.980: tcs3701: stop power rail pending_off timer
11-26 21:02:49.809  1011  1189 D ASH     : @ 375821.980: tcs3701: start power rail timer, state:3
11-26 21:02:49.849  1011  1189 I ASH     : @ 375822.020: tcs3701: stop power rail pending_off timer
11-26 21:02:49.849  1011  1189 D ASH     : @ 375822.020: tcs3701: start power rail timer, state:3
11-26 21:02:49.877  1795  3001 D ActivityManager: freezer override set to true
11-26 21:02:49.881  1795  3001 D ActivityManager: freezer override set to false
11-26 21:02:49.889  1011  1189 I ASH     : @ 375822.060: tcs3701: stop power rail pending_off timer
11-26 21:02:49.889  1011  1189 D ASH     : @ 375822.060: tcs3701: start power rail timer, state:3
11-26 21:02:49.905  8427  8467 I BatteryMgr:DataCollectionService: stats => 1701028969905,11596,4446,2136,4169000,100
11-26 21:02:49.929  1011  1189 I ASH     : @ 375822.100: tcs3701: stop power rail pending_off timer
11-26 21:02:49.929  1011  1189 D ASH     : @ 375822.100: tcs3701: start power rail timer, state:3
11-26 21:02:49.969  1011  1189 I ASH     : @ 375822.141: tcs3701: stop power rail pending_off timer
11-26 21:02:49.969  1011  1189 D ASH     : @ 375822.141: tcs3701: start power rail timer, state:3
11-26 21:02:50.009  1011  1189 I ASH     : @ 375822.180: tcs3701: stop power rail pending_off timer
11-26 21:02:50.009  1011  1189 D ASH     : @ 375822.180: tcs3701: start power rail timer, state:3
11-26 21:02:50.013  8427  8467 I BatteryMgr:DataCollectionService: stats => 1701028970013,11596,4446,2136,4169000,100
11-26 21:02:50.022 29165 29174 I m.chrome.canary: Background concurrent copying GC freed 2404461(43MB) AllocSpace objects, 2(40KB) LOS objects, 75% free, 15MB/60MB, paused 543us,29us total 137.957ms
11-26 21:02:50.047  1795  3001 D ActivityManager: freezer override set to true
11-26 21:02:50.049  1011  1189 I ASH     : @ 375822.220: tcs3701: stop power rail pending_off timer
11-26 21:02:50.049  1011  1189 D ASH     : @ 375822.220: tcs3701: start power rail timer, state:3
11-26 21:02:50.089  1011  1189 I ASH     : @ 375822.260: tcs3701: stop power rail pending_off timer
11-26 21:02:50.089  1011  1189 D ASH     : @ 375822.260: tcs3701: start power rail timer, state:3
11-26 21:02:50.117  8427  8467 I BatteryMgr:DataCollectionService: stats => 1701028970117,11596,4446,2136,4169000,100
11-26 21:02:50.129  1011  1189 I ASH     : @ 375822.300: tcs3701: stop power rail pending_off timer
11-26 21:02:50.129  1011  1189 D ASH     : @ 375822.300: tcs3701: start power rail timer, state:3
11-26 21:02:50.169  1011  1189 I ASH     : @ 375822.340: tcs3701: stop power rail pending_off timer
11-26 21:02:50.169  1011  1189 D ASH     : @ 375822.340: tcs3701: start power rail timer, state:3
11-26 21:02:50.209  1011  1189 I ASH     : @ 375822.380: tcs3701: stop power rail pending_off timer
11-26 21:02:50.209  1011  1189 D ASH     : @ 375822.380: tcs3701: start power rail timer, state:3
11-26 21:02:50.222 29165 29179 I m.chrome.canary: Explicit concurrent copying GC freed 447448(9156KB) AllocSpace objects, 3(48KB) LOS objects, 75% free, 14MB/56MB, paused 35us,24us total 56.091ms
11-26 21:02:50.226  8427  8467 I BatteryMgr:DataCollectionService: stats => 1701028970225,11596,4446,2136,4169000,100
11-26 21:02:50.249  1011  1189 I ASH     : @ 375822.420: tcs3701: stop power rail pending_off timer
11-26 21:02:50.249  1011  1189 D ASH     : @ 375822.420: tcs3701: start power rail timer, state:3
11-26 21:02:50.286  1795  3001 D ActivityManager: freezer override set to false
11-26 21:02:50.289  1011  1189 I ASH     : @ 375822.460: tcs3701: stop power rail pending_off timer
11-26 21:02:50.289  1011  1189 D ASH     : @ 375822.460: tcs3701: start power rail timer, state:3
11-26 21:02:50.325  1795  3001 D ActivityManager: freezer override set to true
11-26 21:02:50.328  1795  3001 D ActivityManager: freezer override set to false
11-26 21:02:50.329  1011  1189 I ASH     : @ 375822.500: tcs3701: stop power rail pending_off timer
11-26 21:02:50.329  1011  1189 D ASH     : @ 375822.500: tcs3701: start power rail timer, state:3
11-26 21:02:50.330  8427  8467 I BatteryMgr:DataCollectionService: stats => 1701028970330,11596,4446,2136,4169000,100
11-26 21:02:50.369  1011  1189 I ASH     : @ 375822.540: tcs3701: stop power rail pending_off timer
11-26 21:02:50.369  1011  1189 D ASH     : @ 375822.540: tcs3701: start power rail timer, state:3
11-26 21:02:50.371  1795  3001 D ActivityManager: freezer override set to true
11-26 21:02:50.373  1795  3001 D ActivityManager: freezer override set to false
11-26 21:02:50.409  1011  1189 I ASH     : @ 375822.580: tcs3701: stop power rail pending_off timer
11-26 21:02:50.409  1011  1189 D ASH     : @ 375822.580: tcs3701: start power rail timer, state:3
11-26 21:02:50.437  8427  8467 I BatteryMgr:DataCollectionService: stats => 1701028970437,11596,4446,2136,4169000,100
11-26 21:02:50.449  1011  1189 I ASH     : @ 375822.620: tcs3701: stop power rail pending_off timer
11-26 21:02:50.449  1011  1189 D ASH     : @ 375822.620: tcs3701: start power rail timer, state:3
11-26 21:02:50.489  1011  1189 I ASH     : @ 375822.660: tcs3701: stop power rail pending_off timer
11-26 21:02:50.489  1011  1189 D ASH     : @ 375822.660: tcs3701: start power rail timer, state:3
11-26 21:02:50.529  1011  1189 I ASH     : @ 375822.700: tcs3701: stop power rail pending_off timer
11-26 21:02:50.529  1011  1189 D ASH     : @ 375822.700: tcs3701: start power rail timer, state:3
11-26 21:02:50.547  8427  8467 I BatteryMgr:DataCollectionService: stats => 1701028970547,11596,4446,2136,4169000,100
11-26 21:02:50.569  1011  1189 I ASH     : @ 375822.740: tcs3701: stop power rail pending_off timer
11-26 21:02:50.569  1011  1189 D ASH     : @ 375822.740: tcs3701: start power rail timer, state:3
11-26 21:02:50.609  1011  1189 I ASH     : @ 375822.780: tcs3701: stop power rail pending_off timer
11-26 21:02:50.609  1011  1189 D ASH     : @ 375822.780: tcs3701: start power rail timer, state:3
11-26 21:02:50.649  1011  1189 I ASH     : @ 375822.820: tcs3701: stop power rail pending_off timer
11-26 21:02:50.649  1011  1189 D ASH     : @ 375822.820: tcs3701: start power rail timer, state:3
11-26 21:02:50.654  8427  8467 I BatteryMgr:DataCollectionService: stats => 1701028970654,11596,4446,2136,4169000,100
11-26 21:02:50.689  1011  1189 I ASH     : @ 375822.860: tcs3701: stop power rail pending_off timer
11-26 21:02:50.689  1011  1189 D ASH     : @ 375822.860: tcs3701: start power rail timer, state:3
11-26 21:02:50.729  1011  1189 I ASH     : @ 375822.900: tcs3701: stop power rail pending_off timer
11-26 21:02:50.729  1011  1189 D ASH     : @ 375822.900: tcs3701: start power rail timer, state:3
11-26 21:02:50.759  8427  8467 I BatteryMgr:DataCollectionService: stats => 1701028970759,11596,4446,2136,4169000,100
11-26 21:02:50.769  1011  1189 I ASH     : @ 375822.940: tcs3701: stop power rail pending_off timer
11-26 21:02:50.769  1011  1189 D ASH     : @ 375822.940: tcs3701: start power rail timer, state:3
11-26 21:02:50.809  1011  1189 I ASH     : @ 375822.980: tcs3701: stop power rail pending_off timer
11-26 21:02:50.809  1011  1189 D ASH     : @ 375822.980: tcs3701: start power rail timer, state:3
11-26 21:02:50.849  1011  1189 I ASH     : @ 375823.020: tcs3701: stop power rail pending_off timer
11-26 21:02:50.849  1011  1189 D ASH     : @ 375823.020: tcs3701: start power rail timer, state:3
11-26 21:02:50.871  8427  8467 I BatteryMgr:DataCollectionService: stats => 1701028970871,11596,4446,2136,4169000,100
11-26 21:02:50.888  1795  3001 D ActivityManager: freezer override set to true
11-26 21:02:50.889  1011  1189 I ASH     : @ 375823.060: tcs3701: stop power rail pending_off timer
11-26 21:02:50.889  1011  1189 D ASH     : @ 375823.060: tcs3701: start power rail timer, state:3
11-26 21:02:50.894  1795  3001 D ActivityManager: freezer override set to false
11-26 21:02:50.929  1011  1189 I ASH     : @ 375823.100: tcs3701: stop power rail pending_off timer
11-26 21:02:50.929  1011  1189 D ASH     : @ 375823.100: tcs3701: start power rail timer, state:3
11-26 21:02:50.969  1011  1189 I ASH     : @ 375823.140: tcs3701: stop power rail pending_off timer
11-26 21:02:50.969  1011  1189 D ASH     : @ 375823.140: tcs3701: start power rail timer, state:3
11-26 21:02:50.979  8427  8467 I BatteryMgr:DataCollectionService: stats => 1701028970979,11596,4446,2136,4169000,100
11-26 21:02:51.009  1011  1189 I ASH     : @ 375823.180: tcs3701: stop power rail pending_off timer
11-26 21:02:51.009  1011  1189 D ASH     : @ 375823.180: tcs3701: start power rail timer, state:3
11-26 21:02:51.018  2113  2118 I pixel-thermal: skin-therm-monitor: 38.102
11-26 21:02:51.049  1011  1189 I ASH     : @ 375823.220: tcs3701: stop power rail pending_off timer
11-26 21:02:51.049  1011  1189 D ASH     : @ 375823.220: tcs3701: start power rail timer, state:3
11-26 21:02:51.087  8427  8467 I BatteryMgr:DataCollectionService: stats => 1701028971087,11596,4446,2136,4169000,100
11-26 21:02:51.089  1011  1189 I ASH     : @ 375823.260: tcs3701: stop power rail pending_off timer
11-26 21:02:51.089  1011  1189 D ASH     : @ 375823.260: tcs3701: start power rail timer, state:3
11-26 21:02:51.129  1011  1189 I ASH     : @ 375823.300: tcs3701: stop power rail pending_off timer
11-26 21:02:51.129  1011  1189 D ASH     : @ 375823.300: tcs3701: start power rail timer, state:3
11-26 21:02:51.169  1011  1189 I ASH     : @ 375823.340: tcs3701: stop power rail pending_off timer
11-26 21:02:51.169  1011  1189 D ASH     : @ 375823.340: tcs3701: start power rail timer, state:3
11-26 21:02:51.198  8427  8467 I BatteryMgr:DataCollectionService: stats => 1701028971198,11596,4446,2136,4169000,100
11-26 21:02:51.209  1011  1189 I ASH     : @ 375823.380: tcs3701: stop power rail pending_off timer
11-26 21:02:51.209  1011  1189 D ASH     : @ 375823.380: tcs3701: start power rail timer, state:3
11-26 21:02:51.249  1011  1189 I ASH     : @ 375823.420: tcs3701: stop power rail pending_off timer
11-26 21:02:51.249  1011  1189 D ASH     : @ 375823.420: tcs3701: start power rail timer, state:3
11-26 21:02:51.276 29165 29165 D CompatibilityChangeReporter: Compat change id reported: 194532703; UID 10010; state: ENABLED
11-26 21:02:51.279  1795  3789 D CompatibilityChangeReporter: Compat change id reported: 194532703; UID 10010; state: ENABLED
11-26 21:02:51.289  1011  1189 I ASH     : @ 375823.460: tcs3701: stop power rail pending_off timer
11-26 21:02:51.289  1011  1189 D ASH     : @ 375823.461: tcs3701: start power rail timer, state:3
11-26 21:02:51.306  8427  8467 I BatteryMgr:DataCollectionService: stats => 1701028971305,11596,4446,2136,4169000,100
11-26 21:02:51.308 29165 29165 I cr_omaha: Scheduled using JobService
11-26 21:02:51.309 29165 29165 E cr_BkgrdTaskJS: Tried finishing non-current BackgroundTask.
11-26 21:02:51.329  1011  1189 I ASH     : @ 375823.500: tcs3701: stop power rail pending_off timer
11-26 21:02:51.329  1011  1189 D ASH     : @ 375823.500: tcs3701: start power rail timer, state:3
11-26 21:02:51.370  1011  1189 I ASH     : @ 375823.540: tcs3701: stop power rail pending_off timer
11-26 21:02:51.370  1011  1189 D ASH     : @ 375823.540: tcs3701: start power rail timer, state:3
11-26 21:02:51.409  1011  1189 I ASH     : @ 375823.580: tcs3701: stop power rail pending_off timer
11-26 21:02:51.409  1011  1189 D ASH     : @ 375823.580: tcs3701: start power rail timer, state:3
11-26 21:02:51.416  8427  8467 I BatteryMgr:DataCollectionService: stats => 1701028971416,11596,4446,2136,4169000,100
11-26 21:02:51.449  1011  1189 I ASH     : @ 375823.620: tcs3701: stop power rail pending_off timer
11-26 21:02:51.449  1011  1189 D ASH     : @ 375823.620: tcs3701: start power rail timer, state:3
11-26 21:02:51.489  1011  1189 I ASH     : @ 375823.660: tcs3701: stop power rail pending_off timer
11-26 21:02:51.490  1011  1189 D ASH     : @ 375823.660: tcs3701: start power rail timer, state:3
11-26 21:02:51.520  8427  8467 I BatteryMgr:DataCollectionService: stats => 1701028971520,11596,4446,2136,4169000,100
11-26 21:02:51.529  1011  1189 I ASH     : @ 375823.700: tcs3701: stop power rail pending_off timer
11-26 21:02:51.529  1011  1189 D ASH     : @ 375823.700: tcs3701: start power rail timer, state:3
11-26 21:02:51.567  1795  3001 D ActivityManager: freezer override set to true
11-26 21:02:51.569  1011  1189 I ASH     : @ 375823.740: tcs3701: stop power rail pending_off timer
11-26 21:02:51.569  1011  1189 D ASH     : @ 375823.740: tcs3701: start power rail timer, state:3
11-26 21:02:51.609  1011  1189 I ASH     : @ 375823.780: tcs3701: stop power rail pending_off timer
11-26 21:02:51.609  1011  1189 D ASH     : @ 375823.780: tcs3701: start power rail timer, state:3
11-26 21:02:51.625  8427  8467 I BatteryMgr:DataCollectionService: stats => 1701028971625,11596,4446,2136,4169000,100
11-26 21:02:51.649  1011  1189 I ASH     : @ 375823.820: tcs3701: stop power rail pending_off timer
11-26 21:02:51.649  1011  1189 D ASH     : @ 375823.820: tcs3701: start power rail timer, state:3
11-26 21:02:51.689  1011  1189 I ASH     : @ 375823.860: tcs3701: stop power rail pending_off timer
11-26 21:02:51.689  1011  1189 D ASH     : @ 375823.860: tcs3701: start power rail timer, state:3
11-26 21:02:51.729  1011  1189 I ASH     : @ 375823.900: tcs3701: stop power rail pending_off timer
11-26 21:02:51.729  1011  1189 D ASH     : @ 375823.900: tcs3701: start power rail timer, state:3
11-26 21:02:51.730  8427  8467 I BatteryMgr:DataCollectionService: stats => 1701028971730,11596,4446,2136,4169000,100
11-26 21:02:51.769  1011  1189 I ASH     : @ 375823.940: tcs3701: stop power rail pending_off timer
11-26 21:02:51.769  1011  1189 D ASH     : @ 375823.940: tcs3701: start power rail timer, state:3
11-26 21:02:51.809  1011  1189 I ASH     : @ 375823.980: tcs3701: stop power rail pending_off timer
11-26 21:02:51.809  1011  1189 D ASH     : @ 375823.980: tcs3701: start power rail timer, state:3
11-26 21:02:51.838  8427  8467 I BatteryMgr:DataCollectionService: stats => 1701028971838,11596,4446,2136,4169000,100
11-26 21:02:51.843 29165 29178 I m.chrome.canary: Explicit concurrent copying GC freed 7346(366KB) AllocSpace objects, 10(392KB) LOS objects, 75% free, 13MB/55MB, paused 85us,25us total 135.999ms
11-26 21:02:51.849  1011  1189 I ASH     : @ 375824.020: tcs3701: stop power rail pending_off timer
11-26 21:02:51.849  1011  1189 D ASH     : @ 375824.020: tcs3701: start power rail timer, state:3
11-26 21:02:51.889  1011  1189 I ASH     : @ 375824.060: tcs3701: stop power rail pending_off timer
11-26 21:02:51.889  1011  1189 D ASH     : @ 375824.060: tcs3701: start power rail timer, state:3
11-26 21:02:51.913  1795  3789 D ActivityManager: freezer override set to false
11-26 21:02:51.929  1011  1189 I ASH     : @ 375824.100: tcs3701: stop power rail pending_off timer
11-26 21:02:51.929  1011  1189 D ASH     : @ 375824.101: tcs3701: start power rail timer, state:3
11-26 21:02:51.944  8427  8467 I BatteryMgr:DataCollectionService: stats => 1701028971944,11596,4446,2136,4169000,100
11-26 21:02:51.955  1795  3789 D ActivityManager: freezer override set to true
11-26 21:02:51.959  1795  3789 D ActivityManager: freezer override set to false
11-26 21:02:51.969  1011  1189 I ASH     : @ 375824.140: tcs3701: stop power rail pending_off timer
11-26 21:02:51.969  1011  1189 D ASH     : @ 375824.140: tcs3701: start power rail timer, state:3
11-26 21:02:52.004  1795  3001 D ActivityManager: freezer override set to true
11-26 21:02:52.007  1795  3001 D ActivityManager: freezer override set to false
11-26 21:02:52.009  1011  1189 I ASH     : @ 375824.180: tcs3701: stop power rail pending_off timer
11-26 21:02:52.009  1011  1189 D ASH     : @ 375824.180: tcs3701: start power rail timer, state:3
11-26 21:02:52.048  8427  8467 I BatteryMgr:DataCollectionService: stats => 1701028972048,11596,4446,2136,4169000,100
11-26 21:02:52.049  1011  1189 I ASH     : @ 375824.220: tcs3701: stop power rail pending_off timer
11-26 21:02:52.049  1011  1189 D ASH     : @ 375824.220: tcs3701: start power rail timer, state:3
11-26 21:02:52.089  1011  1189 I ASH     : @ 375824.260: tcs3701: stop power rail pending_off timer
11-26 21:02:52.089  1011  1189 D ASH     : @ 375824.260: tcs3701: start power rail timer, state:3
11-26 21:02:52.106 29165 29225 I cr_ADCP : No customization source found
11-26 21:02:52.109 26837 26837 D BoundBrokerSvc: onBind: Intent { act=com.google.android.gms.icing.LIGHTWEIGHT_INDEX_SERVICE pkg=com.google.android.gms }
11-26 21:02:52.109 26837 26837 D BoundBrokerSvc: Loading bound service for intent: Intent { act=com.google.android.gms.icing.LIGHTWEIGHT_INDEX_SERVICE pkg=com.google.android.gms }
11-26 21:02:52.110 26837 26837 E AbstractGmsTracer: Traced class shouldn't be obfuscated: LightweightIndexChimeraService [CONTEXT service_id=259 ]
11-26 21:02:52.114 29165 29225 E cr_PartnerBMReader: ATTENTION: not using partner bookmarks as none were provided
11-26 21:02:52.116 26741 26741 D BoundBrokerSvc: onBind: Intent { act=com.google.android.gms.feedback.internal.IFeedbackService dat=chimera-action:/... cmp=com.google.android.gms/.chimera.GmsBoundBrokerService }
11-26 21:02:52.116 26741 26741 D BoundBrokerSvc: Loading bound service for intent: Intent { act=com.google.android.gms.feedback.internal.IFeedbackService dat=chimera-action:/... cmp=com.google.android.gms/.chimera.GmsBoundBrokerService }
11-26 21:02:52.117 26741 26741 E AbstractGmsTracer: Traced class shouldn't be obfuscated: FeedbackBoundService [CONTEXT service_id=259 ]
11-26 21:02:52.122 26837 26837 E AbstractGmsTracer: Traced class shouldn't be obfuscated: LockboxBrokerChimeraService [CONTEXT service_id=259 ]
11-26 21:02:52.128 26741 26741 E AbstractGmsTracer: Traced class shouldn't be obfuscated: AppIndexingChimeraService [CONTEXT service_id=259 ]
11-26 21:02:52.131  1011  1189 I ASH     : @ 375824.300: tcs3701: stop power rail pending_off timer
11-26 21:02:52.131  1011  1189 D ASH     : @ 375824.300: tcs3701: start power rail timer, state:3
11-26 21:02:52.135 26741 26741 E AbstractGmsTracer: Traced class shouldn't be obfuscated: IndexChimeraService [CONTEXT service_id=259 ]
11-26 21:02:52.141 26741 26741 E AbstractGmsTracer: Traced class shouldn't be obfuscated: GmsBoundBrokerChimeraService [CONTEXT service_id=259 ]
11-26 21:02:52.141 26741 26741 D BoundBrokerSvc: onBind: Intent { act=com.google.android.gms.common.BIND_SHARED_PREFS pkg=com.google.android.gms }
11-26 21:02:52.141 26741 26741 D BoundBrokerSvc: Loading bound service for intent: Intent { act=com.google.android.gms.common.BIND_SHARED_PREFS pkg=com.google.android.gms }
11-26 21:02:52.142 26741 26741 E AbstractGmsTracer: Traced class shouldn't be obfuscated: SharedPreferencesBoundService [CONTEXT service_id=259 ]
11-26 21:02:52.145 26741 26741 E AbstractGmsTracer: Traced class shouldn't be obfuscated: IndexWorkerChimeraService [CONTEXT service_id=259 ]
11-26 21:02:52.146 26741 26741 D BoundBrokerSvc: onUnbind: Intent { act=com.google.android.gms.common.BIND_SHARED_PREFS pkg=com.google.android.gms }
11-26 21:02:52.147 26741 26767 I Icing   : IndexChimeraService.getServiceInterface callingPackage=com.google.android.gms componentName=null serviceId=30
