11-26 21:16:34.524  1011  1189 I ASH     : @ 376646.696: tcs3701: stop power rail pending_off timer
11-26 21:16:34.524  1011  1189 D ASH     : @ 376646.696: tcs3701: start power rail timer, state:3
11-26 21:16:34.565  1011  1189 I ASH     : @ 376646.736: tcs3701: stop power rail pending_off timer
11-26 21:16:34.565  1011  1189 D ASH     : @ 376646.736: tcs3701: start power rail timer, state:3
11-26 21:16:34.588  1795  4158 D ActivityManager: freezer override set to false
11-26 21:16:34.604  1011  1189 I ASH     : @ 376646.776: tcs3701: stop power rail pending_off timer
11-26 21:16:34.604  1011  1189 D ASH     : @ 376646.776: tcs3701: start power rail timer, state:3
11-26 21:16:34.622  8427  8469 I BatteryMgr:DataCollectionService: stats => 1701029794622,13427,4446,2136,4169000,100
11-26 21:16:34.626  1795  4158 D ActivityManager: freezer override set to true
11-26 21:16:34.630  1795  4158 D ActivityManager: freezer override set to false
11-26 21:16:34.645  1011  1189 I ASH     : @ 376646.816: tcs3701: stop power rail pending_off timer
11-26 21:16:34.645  1011  1189 D ASH     : @ 376646.816: tcs3701: start power rail timer, state:3
11-26 21:16:34.666  1795  4158 D ActivityManager: freezer override set to true
11-26 21:16:34.670  1795  4158 D ActivityManager: freezer override set to false
11-26 21:16:34.684  1011  1189 I ASH     : @ 376646.856: tcs3701: stop power rail pending_off timer
11-26 21:16:34.684  1011  1189 D ASH     : @ 376646.856: tcs3701: start power rail timer, state:3
11-26 21:16:34.725  1011  1189 I ASH     : @ 376646.896: tcs3701: stop power rail pending_off timer
11-26 21:16:34.725  1011  1189 D ASH     : @ 376646.896: tcs3701: start power rail timer, state:3
11-26 21:16:34.727  8427  8469 I BatteryMgr:DataCollectionService: stats => 1701029794727,13427,4446,2136,4169000,100
11-26 21:16:34.765  1011  1189 I ASH     : @ 376646.936: tcs3701: stop power rail pending_off timer
11-26 21:16:34.765  1011  1189 D ASH     : @ 376646.936: tcs3701: start power rail timer, state:3
11-26 21:16:34.804  1011  1189 I ASH     : @ 376646.976: tcs3701: stop power rail pending_off timer
11-26 21:16:34.804  1011  1189 D ASH     : @ 376646.976: tcs3701: start power rail timer, state:3
11-26 21:16:34.818 26837 19688 I NearbyDiscovery: (REDACTED) loadFastPairModule: checkFeaturesAreAvailable:%d
11-26 21:16:34.818 26837 19688 I NearbyDiscovery: loadFastPairModule: FastPair module is downloaded. [CONTEXT service_id=265 ]
11-26 21:16:34.831  8427  8469 I BatteryMgr:DataCollectionService: stats => 1701029794831,13427,4446,2136,4169000,100
11-26 21:16:34.844  1011  1189 I ASH     : @ 376647.016: tcs3701: stop power rail pending_off timer
11-26 21:16:34.844  1011  1189 D ASH     : @ 376647.016: tcs3701: start power rail timer, state:3
11-26 21:16:34.885  1011  1189 I ASH     : @ 376647.056: tcs3701: stop power rail pending_off timer
11-26 21:16:34.885  1011  1189 D ASH     : @ 376647.056: tcs3701: start power rail timer, state:3
11-26 21:16:34.924  1011  1189 I ASH     : @ 376647.096: tcs3701: stop power rail pending_off timer
11-26 21:16:34.924  1011  1189 D ASH     : @ 376647.096: tcs3701: start power rail timer, state:3
11-26 21:16:34.936  8427  8469 I BatteryMgr:DataCollectionService: stats => 1701029794936,13427,4446,2136,4169000,100
11-26 21:16:34.965  1011  1189 I ASH     : @ 376647.136: tcs3701: stop power rail pending_off timer
11-26 21:16:34.965  1011  1189 D ASH     : @ 376647.136: tcs3701: start power rail timer, state:3
11-26 21:16:35.004  1011  1189 I ASH     : @ 376647.176: tcs3701: stop power rail pending_off timer
11-26 21:16:35.004  1011  1189 D ASH     : @ 376647.176: tcs3701: start power rail timer, state:3
11-26 21:16:35.040  8427  8469 I BatteryMgr:DataCollectionService: stats => 1701029795040,13427,4446,2136,4169000,100
11-26 21:16:35.045  1011  1189 I ASH     : @ 376647.216: tcs3701: stop power rail pending_off timer
11-26 21:16:35.045  1011  1189 D ASH     : @ 376647.216: tcs3701: start power rail timer, state:3
11-26 21:16:35.084  1011  1189 I ASH     : @ 376647.256: tcs3701: stop power rail pending_off timer
11-26 21:16:35.084  1011  1189 D ASH     : @ 376647.256: tcs3701: start power rail timer, state:3
11-26 21:16:35.125  1011  1189 I ASH     : @ 376647.296: tcs3701: stop power rail pending_off timer
11-26 21:16:35.125  1011  1189 D ASH     : @ 376647.296: tcs3701: start power rail timer, state:3
11-26 21:16:35.145  8427  8469 I BatteryMgr:DataCollectionService: stats => 1701029795145,13427,4446,2136,4169000,100
11-26 21:16:35.164  1011  1189 I ASH     : @ 376647.336: tcs3701: stop power rail pending_off timer
11-26 21:16:35.165  1011  1189 D ASH     : @ 376647.336: tcs3701: start power rail timer, state:3
11-26 21:16:35.204  1011  1189 I ASH     : @ 376647.376: tcs3701: stop power rail pending_off timer
11-26 21:16:35.204  1011  1189 D ASH     : @ 376647.376: tcs3701: start power rail timer, state:3
11-26 21:16:35.245  1011  1189 I ASH     : @ 376647.416: tcs3701: stop power rail pending_off timer
11-26 21:16:35.245  1011  1189 D ASH     : @ 376647.416: tcs3701: start power rail timer, state:3
11-26 21:16:35.250  8427  8469 I BatteryMgr:DataCollectionService: stats => 1701029795250,13427,4446,2136,4169000,100
11-26 21:16:35.285  1011  1189 I ASH     : @ 376647.456: tcs3701: stop power rail pending_off timer
11-26 21:16:35.285  1011  1189 D ASH     : @ 376647.456: tcs3701: start power rail timer, state:3
11-26 21:16:35.325  1011  1189 I ASH     : @ 376647.496: tcs3701: stop power rail pending_off timer
11-26 21:16:35.325  1011  1189 D ASH     : @ 376647.496: tcs3701: start power rail timer, state:3
11-26 21:16:35.354  8427  8469 I BatteryMgr:DataCollectionService: stats => 1701029795354,13427,4446,2136,4169000,100
11-26 21:16:35.365  1011  1189 I ASH     : @ 376647.536: tcs3701: stop power rail pending_off timer
11-26 21:16:35.365  1011  1189 D ASH     : @ 376647.536: tcs3701: start power rail timer, state:3
11-26 21:16:35.404  1011  1189 I ASH     : @ 376647.576: tcs3701: stop power rail pending_off timer
11-26 21:16:35.404  1011  1189 D ASH     : @ 376647.576: tcs3701: start power rail timer, state:3
11-26 21:16:35.443  1795  4158 D ActivityManager: freezer override set to true
11-26 21:16:35.445  1011  1189 I ASH     : @ 376647.616: tcs3701: stop power rail pending_off timer
11-26 21:16:35.445  1011  1189 D ASH     : @ 376647.616: tcs3701: start power rail timer, state:3
11-26 21:16:35.449  1795  4158 D ActivityManager: freezer override set to false
11-26 21:16:35.460  8427  8469 I BatteryMgr:DataCollectionService: stats => 1701029795460,13427,4446,2136,4169000,100
11-26 21:16:35.485  1011  1189 I ASH     : @ 376647.656: tcs3701: stop power rail pending_off timer
11-26 21:16:35.485  1011  1189 D ASH     : @ 376647.656: tcs3701: start power rail timer, state:3
11-26 21:16:35.524  1011  1189 I ASH     : @ 376647.696: tcs3701: stop power rail pending_off timer
11-26 21:16:35.524  1011  1189 D ASH     : @ 376647.696: tcs3701: start power rail timer, state:3
11-26 21:16:35.564  8427  8469 I BatteryMgr:DataCollectionService: stats => 1701029795564,13427,4446,2136,4169000,100
11-26 21:16:35.565  1011  1189 I ASH     : @ 376647.736: tcs3701: stop power rail pending_off timer
11-26 21:16:35.565  1011  1189 D ASH     : @ 376647.736: tcs3701: start power rail timer, state:3
11-26 21:16:35.604  1011  1189 I ASH     : @ 376647.776: tcs3701: stop power rail pending_off timer
11-26 21:16:35.604  1011  1189 D ASH     : @ 376647.776: tcs3701: start power rail timer, state:3
11-26 21:16:35.645  1011  1189 I ASH     : @ 376647.816: tcs3701: stop power rail pending_off timer
11-26 21:16:35.645  1011  1189 D ASH     : @ 376647.816: tcs3701: start power rail timer, state:3
11-26 21:16:35.669  8427  8469 I BatteryMgr:DataCollectionService: stats => 1701029795669,13427,4446,2136,4169000,100
11-26 21:16:35.684  1011  1189 I ASH     : @ 376647.856: tcs3701: stop power rail pending_off timer
11-26 21:16:35.684  1011  1189 D ASH     : @ 376647.856: tcs3701: start power rail timer, state:3
11-26 21:16:35.725  1011  1189 I ASH     : @ 376647.896: tcs3701: stop power rail pending_off timer
11-26 21:16:35.725  1011  1189 D ASH     : @ 376647.896: tcs3701: start power rail timer, state:3
11-26 21:16:35.764  1011  1189 I ASH     : @ 376647.936: tcs3701: stop power rail pending_off timer
11-26 21:16:35.764  1011  1189 D ASH     : @ 376647.936: tcs3701: start power rail timer, state:3
11-26 21:16:35.775  8427  8469 I BatteryMgr:DataCollectionService: stats => 1701029795775,13427,4446,2136,4169000,100
11-26 21:16:35.802  1795  4158 D ActivityManager: freezer override set to true
11-26 21:16:35.804  1011  1189 I ASH     : @ 376647.976: tcs3701: stop power rail pending_off timer
11-26 21:16:35.804  1011  1189 D ASH     : @ 376647.976: tcs3701: start power rail timer, state:3
11-26 21:16:35.826  1795  2424 D WifiClientModeImpl[13802:wlan0]: updateLinkLayerStatsRssiSpeedFrequencyCapabilities rssi=-42 TxLinkspeed=866 freq=5240 RxLinkSpeed=866
11-26 21:16:35.827  1795  2424 D WifiDataStall: tx tput in kbps: 723076
11-26 21:16:35.827  1795  2424 D WifiDataStall: rx tput in kbps: 761132
11-26 21:16:35.827  1795  2424 V WifiConfigManager: Updating scan detail cache freq=5240 BSSID=f4:6d:2f:12:cc:88 RSSI=-42 for "ourhome"WPA_PSK
11-26 21:16:35.827  2782  5906 D QCNEJ/WlanStaInfoRelay: Received action: android.net.wifi.RSSI_CHANGED
11-26 21:16:35.827  1795  2424 D WifiChannelUtilization:  freq: 5240 onTime: 10480515 busyTime: 960275 onTimeDiff: 832659 busyTimeDiff: 103789 utilization: 31 utilization t0: 23
11-26 21:16:35.827  1795  2424 D WifiDataStall:  ccaLevel = 31
11-26 21:16:35.827  1795  2424 D WifiDataStall: L2 txTputKbps: 723076, rxTputKbps: 761132, L3 txTputKbps: 0, rxTputKbps: 0, TxTrafficHigh: false, RxTrafficHigh: false, Throughput Sufficient: true
11-26 21:16:35.828  1795  2424 D WifiScoreReport: Wifi scoring disabled - Don't check IP layer
11-26 21:16:35.828  2673  2691 V WifiManager: OnWifiUsabilityStatsListener: onWifiUsabilityStats: seqNum=96376
11-26 21:16:35.828  1795  2424 D WifiScoreCard: BSSID update SIGNAL_POLL ID: 1320464697 SSID: "ourhome", BSSID: f4:6d:2f:12:cc:88, MAC: b2:2f:ec:da:4a:0c, IP: /192.168.1.104, Security type: 2, Supplicant state: COMPLETED, Wi-Fi standard: 5, RSSI: -42, Link speed: 866Mbps, Tx Link speed: 866Mbps, Max Supported Tx Link speed: 866Mbps, Rx Link speed: 866Mbps, Max Supported Rx Link speed: 866Mbps, Frequency: 5240MHz, Net ID: 12, Metered hint: false, score: 60, isUsable: true, CarrierMerged: false, SubscriptionId: -1, IsPrimary: 1, Trusted: true, Restricted: false, Ephemeral: false, OEM paid: false, OEM private: false, OSU AP: false, FQDN: <none>, Provider friendly name: <none>, Requesting package name: <none>"ourhome"wpa2-pskMLO Information: , Is TID-To-Link negotiation supported by the AP: false, AP MLD Address: <none>, AP MLO Link Id: <none>, AP MLO Affiliated links: <none>
11-26 21:16:35.828  1795  2424 D WifiScoreCard: txRate: 1 txSpeed: 866
11-26 21:16:35.828  1795  2424 D WifiScoreCard: network update SIGNAL_POLL "ourhome" ID: 1499892569 RSSI -42 txSpeed -1
11-26 21:16:35.828  1795  2424 D WifiClientModeImpl[13802:wlan0]:  ClientModeImpl$L2ConnectedState screen=on 37 0 "ourhome" f4:6d:2f:12:cc:88 rssi=-42 f=5240 sc=60 link=866 tx=0.1, 0.0, 0.0 rx=0.1 bcn=3563855 [on:0 tx:0 rx:0 period:3012] from screen [on:844534 period:17361114] score=60
11-26 21:16:35.828  1795  4172 I WifiService: updateWifiUsabilityScore uid=10180 seqNum=96376 score=100 predictionHorizonSec=1441795
11-26 21:16:35.829  1795  2424 D WifiScoreReport: Wifi scoring disabled - Notify that Wifi is usable
11-26 21:16:35.830  1795  2432 D ConnectivityService: NetReassign [no changes] [c 0] [a 0] [i 1]
11-26 21:16:35.845  1011  1189 I ASH     : @ 376648.016: tcs3701: stop power rail pending_off timer
11-26 21:16:35.845  1011  1189 D ASH     : @ 376648.016: tcs3701: start power rail timer, state:3
11-26 21:16:35.881  8427  8469 I BatteryMgr:DataCollectionService: stats => 1701029795881,13427,4446,2136,4169000,100
11-26 21:16:35.884  1011  1189 I ASH     : @ 376648.056: tcs3701: stop power rail pending_off timer
11-26 21:16:35.884  1011  1189 D ASH     : @ 376648.056: tcs3701: start power rail timer, state:3
11-26 21:16:35.925  1011  1189 I ASH     : @ 376648.096: tcs3701: stop power rail pending_off timer
11-26 21:16:35.925  1011  1189 D ASH     : @ 376648.096: tcs3701: start power rail timer, state:3
11-26 21:16:35.929 19723 19739 I m.chrome.canary: Explicit concurrent copying GC freed 4074(249KB) AllocSpace objects, 5(100KB) LOS objects, 75% free, 14MB/57MB, paused 30us,24us total 58.743ms
11-26 21:16:35.964  1011  1189 I ASH     : @ 376648.136: tcs3701: stop power rail pending_off timer
11-26 21:16:35.964  1011  1189 D ASH     : @ 376648.136: tcs3701: start power rail timer, state:3
11-26 21:16:35.986  8427  8469 I BatteryMgr:DataCollectionService: stats => 1701029795986,13427,4446,2136,4169000,100
11-26 21:16:35.996  1795  4158 D ActivityManager: freezer override set to false
11-26 21:16:36.004  1011  1189 I ASH     : @ 376648.176: tcs3701: stop power rail pending_off timer
11-26 21:16:36.005  1011  1189 D ASH     : @ 376648.176: tcs3701: start power rail timer, state:3
11-26 21:16:36.040  1795  4158 D ActivityManager: freezer override set to true
11-26 21:16:36.042  1795  4158 D ActivityManager: freezer override set to false
11-26 21:16:36.044  1011  1189 I ASH     : @ 376648.216: tcs3701: stop power rail pending_off timer
11-26 21:16:36.044  1011  1189 D ASH     : @ 376648.216: tcs3701: start power rail timer, state:3
11-26 21:16:36.075  1795  4158 D ActivityManager: freezer override set to true
11-26 21:16:36.079  1795  4158 D ActivityManager: freezer override set to false
11-26 21:16:36.085  1011  1189 I ASH     : @ 376648.256: tcs3701: stop power rail pending_off timer
11-26 21:16:36.085  1011  1189 D ASH     : @ 376648.256: tcs3701: start power rail timer, state:3
11-26 21:16:36.091  8427  8469 I BatteryMgr:DataCollectionService: stats => 1701029796091,13427,4446,2136,4169000,100
11-26 21:16:36.126  1011  1189 I ASH     : @ 376648.296: tcs3701: stop power rail pending_off timer
11-26 21:16:36.126  1011  1189 D ASH     : @ 376648.296: tcs3701: start power rail timer, state:3
11-26 21:16:36.165  1011  1189 I ASH     : @ 376648.336: tcs3701: stop power rail pending_off timer
11-26 21:16:36.165  1011  1189 D ASH     : @ 376648.336: tcs3701: start power rail timer, state:3
11-26 21:16:36.197  8427  8469 I BatteryMgr:DataCollectionService: stats => 1701029796197,13427,4446,2136,4169000,100
11-26 21:16:36.205  1011  1189 I ASH     : @ 376648.376: tcs3701: stop power rail pending_off timer
11-26 21:16:36.205  1011  1189 D ASH     : @ 376648.376: tcs3701: start power rail timer, state:3
11-26 21:16:36.244  1011  1189 I ASH     : @ 376648.416: tcs3701: stop power rail pending_off timer
11-26 21:16:36.244  1011  1189 D ASH     : @ 376648.416: tcs3701: start power rail timer, state:3
11-26 21:16:36.284  1011  1189 I ASH     : @ 376648.456: tcs3701: stop power rail pending_off timer
11-26 21:16:36.284  1011  1189 D ASH     : @ 376648.456: tcs3701: start power rail timer, state:3
11-26 21:16:36.302  8427  8469 I BatteryMgr:DataCollectionService: stats => 1701029796301,13427,4446,2136,4169000,100
11-26 21:16:36.325  1011  1189 I ASH     : @ 376648.496: tcs3701: stop power rail pending_off timer
11-26 21:16:36.325  1011  1189 D ASH     : @ 376648.496: tcs3701: start power rail timer, state:3
11-26 21:16:36.365  1011  1189 I ASH     : @ 376648.536: tcs3701: stop power rail pending_off timer
11-26 21:16:36.365  1011  1189 D ASH     : @ 376648.536: tcs3701: start power rail timer, state:3
11-26 21:16:36.389  2113  2118 I pixel-thermal: skin-therm-monitor: 37.48
11-26 21:16:36.405  1011  1189 I ASH     : @ 376648.576: tcs3701: stop power rail pending_off timer
11-26 21:16:36.405  1011  1189 D ASH     : @ 376648.576: tcs3701: start power rail timer, state:3
11-26 21:16:36.406  8427  8469 I BatteryMgr:DataCollectionService: stats => 1701029796406,13427,4446,2136,4169000,100
11-26 21:16:36.445  1011  1189 I ASH     : @ 376648.616: tcs3701: stop power rail pending_off timer
11-26 21:16:36.445  1011  1189 D ASH     : @ 376648.616: tcs3701: start power rail timer, state:3
11-26 21:16:36.446  1795  4158 D ActivityManager: freezer override set to true
11-26 21:16:36.451  1795  4158 D ActivityManager: freezer override set to false
11-26 21:16:36.453  1039  1095 D rlsservice: MonitorDisplayStatus client num 0, display status 1, sensor status 0
11-26 21:16:36.484  1011  1189 I ASH     : @ 376648.656: tcs3701: stop power rail pending_off timer
11-26 21:16:36.485  1011  1189 D ASH     : @ 376648.656: tcs3701: start power rail timer, state:3
11-26 21:16:36.510  8427  8469 I BatteryMgr:DataCollectionService: stats => 1701029796510,13427,4446,2136,4169000,100
11-26 21:16:36.525  1011  1189 I ASH     : @ 376648.696: tcs3701: stop power rail pending_off timer
11-26 21:16:36.525  1011  1189 D ASH     : @ 376648.696: tcs3701: start power rail timer, state:3
11-26 21:16:36.564  1011  1189 I ASH     : @ 376648.736: tcs3701: stop power rail pending_off timer
11-26 21:16:36.564  1011  1189 D ASH     : @ 376648.736: tcs3701: start power rail timer, state:3
11-26 21:16:36.605  1011  1189 I ASH     : @ 376648.776: tcs3701: stop power rail pending_off timer
11-26 21:16:36.605  1011  1189 D ASH     : @ 376648.776: tcs3701: start power rail timer, state:3
11-26 21:16:36.615  8427  8469 I BatteryMgr:DataCollectionService: stats => 1701029796615,13427,4446,2136,4169000,100
11-26 21:16:36.644  1011  1189 I ASH     : @ 376648.816: tcs3701: stop power rail pending_off timer
11-26 21:16:36.645  1011  1189 D ASH     : @ 376648.816: tcs3701: start power rail timer, state:3
11-26 21:16:36.685  1011  1189 I ASH     : @ 376648.856: tcs3701: stop power rail pending_off timer
11-26 21:16:36.685  1011  1189 D ASH     : @ 376648.856: tcs3701: start power rail timer, state:3
11-26 21:16:36.720  8427  8469 I BatteryMgr:DataCollectionService: stats => 1701029796720,13427,4446,2136,4169000,100
11-26 21:16:36.725  1011  1189 I ASH     : @ 376648.896: tcs3701: stop power rail pending_off timer
11-26 21:16:36.725  1011  1189 D ASH     : @ 376648.896: tcs3701: start power rail timer, state:3
11-26 21:16:36.765  1011  1189 I ASH     : @ 376648.936: tcs3701: stop power rail pending_off timer
11-26 21:16:36.765  1011  1189 D ASH     : @ 376648.936: tcs3701: start power rail timer, state:3
11-26 21:16:36.805  1011  1189 I ASH     : @ 376648.976: tcs3701: stop power rail pending_off timer
11-26 21:16:36.805  1011  1189 D ASH     : @ 376648.976: tcs3701: start power rail timer, state:3
11-26 21:16:36.824  8427  8469 I BatteryMgr:DataCollectionService: stats => 1701029796824,13427,4446,2136,4169000,100
11-26 21:16:36.845  1011  1189 I ASH     : @ 376649.016: tcs3701: stop power rail pending_off timer
11-26 21:16:36.845  1011  1189 D ASH     : @ 376649.016: tcs3701: start power rail timer, state:3
11-26 21:16:36.882  1795  2424 D WifiNetworkSelector: Current connected network: 12
11-26 21:16:36.883  1795  2424 V WifiConnectivityManager: No partial scan because firmware roaming is supported.
11-26 21:16:36.883  1795  2424 V WifiConnectivityManager: schedulePeriodicScanTimer intervalMs 20000
11-26 21:16:36.884  1011  1189 I ASH     : @ 376649.056: tcs3701: stop power rail pending_off timer
11-26 21:16:36.884  1011  1189 D ASH     : @ 376649.056: tcs3701: start power rail timer, state:3
11-26 21:16:36.925  1011  1189 I ASH     : @ 376649.096: tcs3701: stop power rail pending_off timer
11-26 21:16:36.925  1011  1189 D ASH     : @ 376649.096: tcs3701: start power rail timer, state:3
11-26 21:16:36.929  8427  8469 I BatteryMgr:DataCollectionService: stats => 1701029796929,13427,4446,2136,4169000,100
11-26 21:16:36.964  1011  1189 I ASH     : @ 376649.136: tcs3701: stop power rail pending_off timer
11-26 21:16:36.964  1011  1189 D ASH     : @ 376649.136: tcs3701: start power rail timer, state:3
11-26 21:16:37.005  1011  1189 I ASH     : @ 376649.176: tcs3701: stop power rail pending_off timer
11-26 21:16:37.005  1011  1189 D ASH     : @ 376649.176: tcs3701: start power rail timer, state:3
11-26 21:16:37.033  8427  8469 I BatteryMgr:DataCollectionService: stats => 1701029797033,13427,4446,2136,4169000,100
11-26 21:16:37.045  1011  1189 I ASH     : @ 376649.216: tcs3701: stop power rail pending_off timer
11-26 21:16:37.045  1011  1189 D ASH     : @ 376649.216: tcs3701: start power rail timer, state:3
11-26 21:16:37.085  1011  1189 I ASH     : @ 376649.256: tcs3701: stop power rail pending_off timer
11-26 21:16:37.085  1011  1189 D ASH     : @ 376649.256: tcs3701: start power rail timer, state:3
11-26 21:16:37.125  1011  1189 I ASH     : @ 376649.296: tcs3701: stop power rail pending_off timer
11-26 21:16:37.125  1011  1189 D ASH     : @ 376649.296: tcs3701: start power rail timer, state:3
11-26 21:16:37.139  8427  8469 I BatteryMgr:DataCollectionService: stats => 1701029797139,13427,4446,2136,4169000,100
11-26 21:16:37.165  1011  1189 I ASH     : @ 376649.336: tcs3701: stop power rail pending_off timer
11-26 21:16:37.165  1011  1189 D ASH     : @ 376649.336: tcs3701: start power rail timer, state:3
11-26 21:16:37.205  1011  1189 I ASH     : @ 376649.376: tcs3701: stop power rail pending_off timer
11-26 21:16:37.205  1011  1189 D ASH     : @ 376649.376: tcs3701: start power rail timer, state:3
11-26 21:16:37.207  1795  4158 D ActivityManager: freezer override set to true
11-26 21:16:37.244  8427  8469 I BatteryMgr:DataCollectionService: stats => 1701029797244,13427,4446,2136,4169000,100
11-26 21:16:37.245  1011  1189 I ASH     : @ 376649.416: tcs3701: stop power rail pending_off timer
11-26 21:16:37.245  1011  1189 D ASH     : @ 376649.416: tcs3701: start power rail timer, state:3
11-26 21:16:37.284  1011  1189 I ASH     : @ 376649.456: tcs3701: stop power rail pending_off timer
11-26 21:16:37.285  1011  1189 D ASH     : @ 376649.456: tcs3701: start power rail timer, state:3
11-26 21:16:37.325  1011  1189 I ASH     : @ 376649.496: tcs3701: stop power rail pending_off timer
11-26 21:16:37.325  1011  1189 D ASH     : @ 376649.496: tcs3701: start power rail timer, state:3
11-26 21:16:37.352  8427  8469 I BatteryMgr:DataCollectionService: stats => 1701029797352,13427,4446,2136,4169000,100
11-26 21:16:37.356 19723 19739 I m.chrome.canary: Explicit concurrent copying GC freed 3851(193KB) AllocSpace objects, 4(80KB) LOS objects, 75% free, 14MB/57MB, paused 30us,68us total 61.402ms
11-26 21:16:37.364  1011  1189 I ASH     : @ 376649.536: tcs3701: stop power rail pending_off timer
11-26 21:16:37.364  1011  1189 D ASH     : @ 376649.536: tcs3701: start power rail timer, state:3
11-26 21:16:37.405  1011  1189 I ASH     : @ 376649.576: tcs3701: stop power rail pending_off timer
11-26 21:16:37.405  1011  1189 D ASH     : @ 376649.576: tcs3701: start power rail timer, state:3
11-26 21:16:37.422  1795  4158 D ActivityManager: freezer override set to false
11-26 21:16:37.444  1011  1189 I ASH     : @ 376649.616: tcs3701: stop power rail pending_off timer
11-26 21:16:37.444  1011  1189 D ASH     : @ 376649.616: tcs3701: start power rail timer, state:3
11-26 21:16:37.456  1795  4158 D ActivityManager: freezer override set to true
11-26 21:16:37.458  8427  8469 I BatteryMgr:DataCollectionService: stats => 1701029797458,13427,4446,2136,4169000,100
11-26 21:16:37.461  1795  4158 D ActivityManager: freezer override set to false
11-26 21:16:37.470  1795  4158 D ActivityManager: freezer override set to true
11-26 21:16:37.473  1795  4158 D ActivityManager: freezer override set to false
11-26 21:16:37.485  1011  1189 I ASH     : @ 376649.656: tcs3701: stop power rail pending_off timer
11-26 21:16:37.485  1011  1189 D ASH     : @ 376649.656: tcs3701: start power rail timer, state:3
11-26 21:16:37.515  1795  4158 D ActivityManager: freezer override set to true
11-26 21:16:37.517  1795  4158 D ActivityManager: freezer override set to false
11-26 21:16:37.525  1011  1189 I ASH     : @ 376649.696: tcs3701: stop power rail pending_off timer
11-26 21:16:37.525  1011  1189 D ASH     : @ 376649.696: tcs3701: start power rail timer, state:3
11-26 21:16:37.565  8427  8469 I BatteryMgr:DataCollectionService: stats => 1701029797565,13427,4446,2136,4169000,100
11-26 21:16:37.565  1011  1189 I ASH     : @ 376649.736: tcs3701: stop power rail pending_off timer
11-26 21:16:37.566  1011  1189 D ASH     : @ 376649.736: tcs3701: start power rail timer, state:3
11-26 21:16:37.605  1011  1189 I ASH     : @ 376649.776: tcs3701: stop power rail pending_off timer
11-26 21:16:37.605  1011  1189 D ASH     : @ 376649.776: tcs3701: start power rail timer, state:3
11-26 21:16:37.645  1011  1189 I ASH     : @ 376649.816: tcs3701: stop power rail pending_off timer
11-26 21:16:37.645  1011  1189 D ASH     : @ 376649.816: tcs3701: start power rail timer, state:3
11-26 21:16:37.671  8427  8469 I BatteryMgr:DataCollectionService: stats => 1701029797670,13427,4446,2136,4169000,100
11-26 21:16:37.685  1011  1189 I ASH     : @ 376649.856: tcs3701: stop power rail pending_off timer
11-26 21:16:37.685  1011  1189 D ASH     : @ 376649.856: tcs3701: start power rail timer, state:3
11-26 21:16:37.725  1011  1189 I ASH     : @ 376649.896: tcs3701: stop power rail pending_off timer
11-26 21:16:37.725  1011  1189 D ASH     : @ 376649.896: tcs3701: start power rail timer, state:3
11-26 21:16:37.764  1011  1189 I ASH     : @ 376649.936: tcs3701: stop power rail pending_off timer
11-26 21:16:37.765  1011  1189 D ASH     : @ 376649.936: tcs3701: start power rail timer, state:3
11-26 21:16:37.778  8427  8469 I BatteryMgr:DataCollectionService: stats => 1701029797778,13427,4446,2136,4169000,100
11-26 21:16:37.805  1011  1189 I ASH     : @ 376649.976: tcs3701: stop power rail pending_off timer
11-26 21:16:37.805  1011  1189 D ASH     : @ 376649.976: tcs3701: start power rail timer, state:3
11-26 21:16:37.844  1011  1189 I ASH     : @ 376650.016: tcs3701: stop power rail pending_off timer
11-26 21:16:37.844  1011  1189 D ASH     : @ 376650.016: tcs3701: start power rail timer, state:3
11-26 21:16:37.885  1011  1189 I ASH     : @ 376650.056: tcs3701: stop power rail pending_off timer
11-26 21:16:37.885  1011  1189 D ASH     : @ 376650.056: tcs3701: start power rail timer, state:3
11-26 21:16:37.886  8427  8469 I BatteryMgr:DataCollectionService: stats => 1701029797885,13427,4446,2136,4169000,100
11-26 21:16:37.924  1011  1189 I ASH     : @ 376650.096: tcs3701: stop power rail pending_off timer
11-26 21:16:37.925  1011  1189 D ASH     : @ 376650.096: tcs3701: start power rail timer, state:3
11-26 21:16:37.964  1011  1189 I ASH     : @ 376650.136: tcs3701: stop power rail pending_off timer
11-26 21:16:37.964  1011  1189 D ASH     : @ 376650.136: tcs3701: start power rail timer, state:3
11-26 21:16:37.992  8427  8469 I BatteryMgr:DataCollectionService: stats => 1701029797992,13427,4446,2136,4169000,100
11-26 21:16:38.005  1011  1189 I ASH     : @ 376650.176: tcs3701: stop power rail pending_off timer
11-26 21:16:38.005  1011  1189 D ASH     : @ 376650.176: tcs3701: start power rail timer, state:3
11-26 21:16:38.045  1011  1189 I ASH     : @ 376650.216: tcs3701: stop power rail pending_off timer
11-26 21:16:38.045  1011  1189 D ASH     : @ 376650.216: tcs3701: start power rail timer, state:3
11-26 21:16:38.085  1011  1189 I ASH     : @ 376650.256: tcs3701: stop power rail pending_off timer
11-26 21:16:38.085  1011  1189 D ASH     : @ 376650.256: tcs3701: start power rail timer, state:3
11-26 21:16:38.100  8427  8469 I BatteryMgr:DataCollectionService: stats => 1701029798100,13427,4446,2136,4169000,100
11-26 21:16:38.125  1011  1189 I ASH     : @ 376650.296: tcs3701: stop power rail pending_off timer
11-26 21:16:38.125  1011  1189 D ASH     : @ 376650.296: tcs3701: start power rail timer, state:3
11-26 21:16:38.166  1011  1189 I ASH     : @ 376650.336: tcs3701: stop power rail pending_off timer
11-26 21:16:38.166  1011  1189 D ASH     : @ 376650.336: tcs3701: start power rail timer, state:3
11-26 21:16:38.205  1011  1189 I ASH     : @ 376650.376: tcs3701: stop power rail pending_off timer
11-26 21:16:38.205  1011  1189 D ASH     : @ 376650.376: tcs3701: start power rail timer, state:3
11-26 21:16:38.208  8427  8469 I BatteryMgr:DataCollectionService: stats => 1701029798208,13427,4446,2136,4169000,100
11-26 21:16:38.244  1011  1189 I ASH     : @ 376650.416: tcs3701: stop power rail pending_off timer
11-26 21:16:38.245  1011  1189 D ASH     : @ 376650.416: tcs3701: start power rail timer, state:3
11-26 21:16:38.285  1011  1189 I ASH     : @ 376650.456: tcs3701: stop power rail pending_off timer
11-26 21:16:38.285  1011  1189 D ASH     : @ 376650.456: tcs3701: start power rail timer, state:3
11-26 21:16:38.315  8427  8469 I BatteryMgr:DataCollectionService: stats => 1701029798315,13427,4446,2136,4169000,100
11-26 21:16:38.325  1011  1189 I ASH     : @ 376650.496: tcs3701: stop power rail pending_off timer
11-26 21:16:38.325  1011  1189 D ASH     : @ 376650.496: tcs3701: start power rail timer, state:3
11-26 21:16:38.365  1011  1189 I ASH     : @ 376650.536: tcs3701: stop power rail pending_off timer
11-26 21:16:38.365  1011  1189 D ASH     : @ 376650.536: tcs3701: start power rail timer, state:3
11-26 21:16:38.393  2113  2118 I pixel-thermal: skin-therm-monitor: 37.517
11-26 21:16:38.405  1011  1189 I ASH     : @ 376650.576: tcs3701: stop power rail pending_off timer
11-26 21:16:38.405  1011  1189 D ASH     : @ 376650.576: tcs3701: start power rail timer, state:3
11-26 21:16:38.422  8427  8469 I BatteryMgr:DataCollectionService: stats => 1701029798422,13427,4446,2136,4169000,100
11-26 21:16:38.444  1011  1189 I ASH     : @ 376650.616: tcs3701: stop power rail pending_off timer
11-26 21:16:38.444  1011  1189 D ASH     : @ 376650.616: tcs3701: start power rail timer, state:3
11-26 21:16:38.452  1795  4158 D ActivityManager: freezer override set to true
11-26 21:16:38.457  1795  4158 D ActivityManager: freezer override set to false
11-26 21:16:38.485  1011  1189 I ASH     : @ 376650.656: tcs3701: stop power rail pending_off timer
11-26 21:16:38.485  1011  1189 D ASH     : @ 376650.656: tcs3701: start power rail timer, state:3
11-26 21:16:38.524  1011  1189 I ASH     : @ 376650.696: tcs3701: stop power rail pending_off timer
11-26 21:16:38.525  1011  1189 D ASH     : @ 376650.696: tcs3701: start power rail timer, state:3
11-26 21:16:38.530  8427  8469 I BatteryMgr:DataCollectionService: stats => 1701029798530,13427,4446,2136,4169000,100
11-26 21:16:38.565  1011  1189 I ASH     : @ 376650.736: tcs3701: stop power rail pending_off timer
11-26 21:16:38.565  1011  1189 D ASH     : @ 376650.736: tcs3701: start power rail timer, state:3
11-26 21:16:38.604  1011  1189 I ASH     : @ 376650.776: tcs3701: stop power rail pending_off timer
11-26 21:16:38.605  1011  1189 D ASH     : @ 376650.776: tcs3701: start power rail timer, state:3
11-26 21:16:38.635  8427  8469 I BatteryMgr:DataCollectionService: stats => 1701029798635,13427,4446,2136,4169000,100
11-26 21:16:38.645  1011  1189 I ASH     : @ 376650.816: tcs3701: stop power rail pending_off timer
11-26 21:16:38.645  1011  1189 D ASH     : @ 376650.816: tcs3701: start power rail timer, state:3
11-26 21:16:38.663  1795  4158 D ActivityManager: freezer override set to true
11-26 21:16:38.685  1011  1189 I ASH     : @ 376650.856: tcs3701: stop power rail pending_off timer
11-26 21:16:38.685  1011  1189 D ASH     : @ 376650.856: tcs3701: start power rail timer, state:3
11-26 21:16:38.724  1011  1189 I ASH     : @ 376650.896: tcs3701: stop power rail pending_off timer
11-26 21:16:38.725  1011  1189 D ASH     : @ 376650.896: tcs3701: start power rail timer, state:3
11-26 21:16:38.739  8427  8469 I BatteryMgr:DataCollectionService: stats => 1701029798739,13427,4446,2136,4169000,100
11-26 21:16:38.764  1011  1189 I ASH     : @ 376650.936: tcs3701: stop power rail pending_off timer
11-26 21:16:38.764  1011  1189 D ASH     : @ 376650.936: tcs3701: start power rail timer, state:3
11-26 21:16:38.766 19723 19739 I m.chrome.canary: Explicit concurrent copying GC freed 4051(207KB) AllocSpace objects, 5(100KB) LOS objects, 75% free, 14MB/57MB, paused 89us,24us total 60.910ms
11-26 21:16:38.804  1011  1189 I ASH     : @ 376650.976: tcs3701: stop power rail pending_off timer
11-26 21:16:38.804  1011  1189 D ASH     : @ 376650.976: tcs3701: start power rail timer, state:3
11-26 21:16:38.831  1795  4158 D ActivityManager: freezer override set to false
11-26 21:16:38.840  1795  2424 D WifiClientModeImpl[13802:wlan0]: updateLinkLayerStatsRssiSpeedFrequencyCapabilities rssi=-44 TxLinkspeed=866 freq=5240 RxLinkSpeed=866
11-26 21:16:38.841  1795  2424 D WifiDataStall: tx tput in kbps: 723076
11-26 21:16:38.842  1795  2424 D WifiDataStall: rx tput in kbps: 761132
11-26 21:16:38.842  1795  2424 V WifiConfigManager: Updating scan detail cache freq=5240 BSSID=f4:6d:2f:12:cc:88 RSSI=-43 for "ourhome"WPA_PSK
11-26 21:16:38.842  2782  5906 D QCNEJ/WlanStaInfoRelay: Received action: android.net.wifi.RSSI_CHANGED
11-26 21:16:38.842  1795  2424 D WifiChannelUtilization:  freq: 5240 onTime: 10480515 busyTime: 960275 onTimeDiff: 832659 busyTimeDiff: 103789 utilization: 31 utilization t0: 23
11-26 21:16:38.842  1795  2424 D WifiDataStall:  ccaLevel = 31
11-26 21:16:38.842  1795  2424 D WifiDataStall: L2 txTputKbps: 723076, rxTputKbps: 761132, L3 txTputKbps: 0, rxTputKbps: 0, TxTrafficHigh: false, RxTrafficHigh: false, Throughput Sufficient: true
11-26 21:16:38.842  2673  2691 V WifiManager: OnWifiUsabilityStatsListener: onWifiUsabilityStats: seqNum=96377
11-26 21:16:38.842  1795  2424 D WifiScoreReport: Wifi scoring disabled - Don't check IP layer
11-26 21:16:38.843  1795  4158 I WifiService: updateWifiUsabilityScore uid=10180 seqNum=96377 score=100 predictionHorizonSec=1441795
11-26 21:16:38.844  1795  2424 D WifiScoreCard: BSSID update SIGNAL_POLL ID: 1320464697 SSID: "ourhome", BSSID: f4:6d:2f:12:cc:88, MAC: b2:2f:ec:da:4a:0c, IP: /192.168.1.104, Security type: 2, Supplicant state: COMPLETED, Wi-Fi standard: 5, RSSI: -44, Link speed: 866Mbps, Tx Link speed: 866Mbps, Max Supported Tx Link speed: 866Mbps, Rx Link speed: 866Mbps, Max Supported Rx Link speed: 866Mbps, Frequency: 5240MHz, Net ID: 12, Metered hint: false, score: 60, isUsable: true, CarrierMerged: false, SubscriptionId: -1, IsPrimary: 1, Trusted: true, Restricted: false, Ephemeral: false, OEM paid: false, OEM private: false, OSU AP: false, FQDN: <none>, Provider friendly name: <none>, Requesting package name: <none>"ourhome"wpa2-pskMLO Information: , Is TID-To-Link negotiation supported by the AP: false, AP MLD Address: <none>, AP MLO Link Id: <none>, AP MLO Affiliated links: <none>
11-26 21:16:38.844  1795  2424 D WifiScoreCard: txRate: 1 txSpeed: 866
11-26 21:16:38.844  1795  2424 D WifiScoreCard: network update SIGNAL_POLL "ourhome" ID: 1499892569 RSSI -44 txSpeed -1
11-26 21:16:38.844  1795  2424 D WifiClientModeImpl[13802:wlan0]:  ClientModeImpl$L2ConnectedState screen=on 37 0 "ourhome" f4:6d:2f:12:cc:88 rssi=-44 f=5240 sc=60 link=866 tx=0.0, 0.0, 0.0 rx=0.0 bcn=3563885 [on:0 tx:0 rx:0 period:3016] from screen [on:844534 period:17364130] score=60
11-26 21:16:38.844  1011  1189 I ASH     : @ 376651.016: tcs3701: stop power rail pending_off timer
11-26 21:16:38.844  1011  1189 D ASH     : @ 376651.016: tcs3701: start power rail timer, state:3
11-26 21:16:38.844  1795  2424 D WifiScoreReport: Wifi scoring disabled - Notify that Wifi is usable
11-26 21:16:38.845  8427  8469 I BatteryMgr:DataCollectionService: stats => 1701029798845,13427,4446,2136,4169000,100
11-26 21:16:38.847  1795  2432 D ConnectivityService: NetReassign [no changes] [c 1] [a 0] [i 2]
11-26 21:16:38.883  1795  4158 D ActivityManager: freezer override set to true
11-26 21:16:38.885  1011  1189 I ASH     : @ 376651.056: tcs3701: stop power rail pending_off timer
11-26 21:16:38.885  1011  1189 D ASH     : @ 376651.056: tcs3701: start power rail timer, state:3
11-26 21:16:38.887  1795  4158 D ActivityManager: freezer override set to false
11-26 21:16:38.925  1011  1189 I ASH     : @ 376651.096: tcs3701: stop power rail pending_off timer
11-26 21:16:38.925  1795  4158 D ActivityManager: freezer override set to true
11-26 21:16:38.925  1011  1189 D ASH     : @ 376651.096: tcs3701: start power rail timer, state:3
11-26 21:16:38.927  1795  4158 D ActivityManager: freezer override set to false
11-26 21:16:38.951  8427  8469 I BatteryMgr:DataCollectionService: stats => 1701029798951,13427,4446,2136,4169000,100
11-26 21:16:38.965  1011  1189 I ASH     : @ 376651.136: tcs3701: stop power rail pending_off timer
11-26 21:16:38.965  1011  1189 D ASH     : @ 376651.136: tcs3701: start power rail timer, state:3
11-26 21:16:39.005  1011  1189 I ASH     : @ 376651.176: tcs3701: stop power rail pending_off timer
11-26 21:16:39.005  1011  1189 D ASH     : @ 376651.176: tcs3701: start power rail timer, state:3
11-26 21:16:39.044  1011  1189 I ASH     : @ 376651.216: tcs3701: stop power rail pending_off timer
11-26 21:16:39.045  1011  1189 D ASH     : @ 376651.216: tcs3701: start power rail timer, state:3
11-26 21:16:39.058  8427  8469 I BatteryMgr:DataCollectionService: stats => 1701029799058,13427,4446,2136,4169000,100
11-26 21:16:39.085  1011  1189 I ASH     : @ 376651.256: tcs3701: stop power rail pending_off timer
11-26 21:16:39.085  1011  1189 D ASH     : @ 376651.256: tcs3701: start power rail timer, state:3
11-26 21:16:39.124  1011  1189 I ASH     : @ 376651.296: tcs3701: stop power rail pending_off timer
11-26 21:16:39.124  1011  1189 D ASH     : @ 376651.296: tcs3701: start power rail timer, state:3
11-26 21:16:39.164  8427  8469 I BatteryMgr:DataCollectionService: stats => 1701029799164,13427,4446,2136,4169000,100
11-26 21:16:39.165  1011  1189 I ASH     : @ 376651.336: tcs3701: stop power rail pending_off timer
11-26 21:16:39.165  1011  1189 D ASH     : @ 376651.336: tcs3701: start power rail timer, state:3
11-26 21:16:39.205  1011  1189 I ASH     : @ 376651.376: tcs3701: stop power rail pending_off timer
11-26 21:16:39.205  1011  1189 D ASH     : @ 376651.376: tcs3701: start power rail timer, state:3
11-26 21:16:39.244  1011  1189 I ASH     : @ 376651.416: tcs3701: stop power rail pending_off timer
11-26 21:16:39.245  1011  1189 D ASH     : @ 376651.416: tcs3701: start power rail timer, state:3
11-26 21:16:39.271  8427  8469 I BatteryMgr:DataCollectionService: stats => 1701029799271,13427,4446,2136,4169000,100
11-26 21:16:39.284  1011  1189 I ASH     : @ 376651.456: tcs3701: stop power rail pending_off timer
11-26 21:16:39.285  1011  1189 D ASH     : @ 376651.456: tcs3701: start power rail timer, state:3
11-26 21:16:39.324  1011  1189 I ASH     : @ 376651.496: tcs3701: stop power rail pending_off timer
11-26 21:16:39.324  1011  1189 D ASH     : @ 376651.496: tcs3701: start power rail timer, state:3
11-26 21:16:39.365  1011  1189 I ASH     : @ 376651.536: tcs3701: stop power rail pending_off timer
11-26 21:16:39.365  1011  1189 D ASH     : @ 376651.536: tcs3701: start power rail timer, state:3
11-26 21:16:39.378  8427  8469 I BatteryMgr:DataCollectionService: stats => 1701029799378,13427,4446,2136,4169000,100
11-26 21:16:39.404  1011  1189 I ASH     : @ 376651.576: tcs3701: stop power rail pending_off timer
11-26 21:16:39.404  1011  1189 D ASH     : @ 376651.576: tcs3701: start power rail timer, state:3
11-26 21:16:39.445  1011  1189 I ASH     : @ 376651.616: tcs3701: stop power rail pending_off timer
11-26 21:16:39.445  1011  1189 D ASH     : @ 376651.616: tcs3701: start power rail timer, state:3
11-26 21:16:39.458  1795  4158 D ActivityManager: freezer override set to true
11-26 21:16:39.463  1795  4158 D ActivityManager: freezer override set to false
11-26 21:16:39.484  1011  1189 I ASH     : @ 376651.656: tcs3701: stop power rail pending_off timer
11-26 21:16:39.485  8427  8469 I BatteryMgr:DataCollectionService: stats => 1701029799484,13427,4446,2136,4169000,100
11-26 21:16:39.485  1011  1189 D ASH     : @ 376651.656: tcs3701: start power rail timer, state:3
11-26 21:16:39.524  1011  1189 I ASH     : @ 376651.696: tcs3701: stop power rail pending_off timer
11-26 21:16:39.525  1011  1189 D ASH     : @ 376651.696: tcs3701: start power rail timer, state:3
11-26 21:16:39.565  1011  1189 I ASH     : @ 376651.736: tcs3701: stop power rail pending_off timer
11-26 21:16:39.565  1011  1189 D ASH     : @ 376651.736: tcs3701: start power rail timer, state:3
11-26 21:16:39.593  8427  8469 I BatteryMgr:DataCollectionService: stats => 1701029799593,13427,4446,2136,4169000,100
11-26 21:16:39.605  1011  1189 I ASH     : @ 376651.776: tcs3701: stop power rail pending_off timer
11-26 21:16:39.605  1011  1189 D ASH     : @ 376651.776: tcs3701: start power rail timer, state:3
11-26 21:16:39.644  1011  1189 I ASH     : @ 376651.816: tcs3701: stop power rail pending_off timer
11-26 21:16:39.644  1011  1189 D ASH     : @ 376651.816: tcs3701: start power rail timer, state:3
11-26 21:16:39.685  1011  1189 I ASH     : @ 376651.856: tcs3701: stop power rail pending_off timer
11-26 21:16:39.685  1011  1189 D ASH     : @ 376651.856: tcs3701: start power rail timer, state:3
11-26 21:16:39.700  8427  8469 I BatteryMgr:DataCollectionService: stats => 1701029799700,13427,4446,2136,4169000,100
11-26 21:16:39.724  1011  1189 I ASH     : @ 376651.896: tcs3701: stop power rail pending_off timer
11-26 21:16:39.724  1011  1189 D ASH     : @ 376651.896: tcs3701: start power rail timer, state:3
11-26 21:16:39.764  1011  1189 I ASH     : @ 376651.936: tcs3701: stop power rail pending_off timer
11-26 21:16:39.765  1011  1189 D ASH     : @ 376651.936: tcs3701: start power rail timer, state:3
11-26 21:16:39.805  1011  1189 I ASH     : @ 376651.976: tcs3701: stop power rail pending_off timer
11-26 21:16:39.805  1011  1189 D ASH     : @ 376651.976: tcs3701: start power rail timer, state:3
11-26 21:16:39.806  8427  8469 I BatteryMgr:DataCollectionService: stats => 1701029799806,13427,4446,2136,4169000,100
11-26 21:16:39.844  1011  1189 I ASH     : @ 376652.016: tcs3701: stop power rail pending_off timer
11-26 21:16:39.845  1011  1189 D ASH     : @ 376652.016: tcs3701: start power rail timer, state:3
11-26 21:16:39.885  1011  1189 I ASH     : @ 376652.056: tcs3701: stop power rail pending_off timer
11-26 21:16:39.885  1011  1189 D ASH     : @ 376652.056: tcs3701: start power rail timer, state:3
11-26 21:16:39.914  8427  8469 I BatteryMgr:DataCollectionService: stats => 1701029799913,13427,4446,2136,4169000,100
11-26 21:16:39.924  1011  1189 I ASH     : @ 376652.096: tcs3701: stop power rail pending_off timer
11-26 21:16:39.925  1011  1189 D ASH     : @ 376652.096: tcs3701: start power rail timer, state:3
11-26 21:16:39.965  1011  1189 I ASH     : @ 376652.136: tcs3701: stop power rail pending_off timer
11-26 21:16:39.965  1011  1189 D ASH     : @ 376652.136: tcs3701: start power rail timer, state:3
11-26 21:16:40.004  1011  1189 I ASH     : @ 376652.176: tcs3701: stop power rail pending_off timer
11-26 21:16:40.004  1011  1189 D ASH     : @ 376652.176: tcs3701: start power rail timer, state:3
11-26 21:16:40.021  8427  8469 I BatteryMgr:DataCollectionService: stats => 1701029800021,13427,4446,2136,4169000,100
11-26 21:16:40.045  1011  1189 I ASH     : @ 376652.216: tcs3701: stop power rail pending_off timer
11-26 21:16:40.045  1011  1189 D ASH     : @ 376652.216: tcs3701: start power rail timer, state:3
11-26 21:16:40.069  1795  4158 D ActivityManager: freezer override set to true
11-26 21:16:40.084  1011  1189 I ASH     : @ 376652.256: tcs3701: stop power rail pending_off timer
11-26 21:16:40.085  1011  1189 D ASH     : @ 376652.256: tcs3701: start power rail timer, state:3
11-26 21:16:40.125  1011  1189 I ASH     : @ 376652.296: tcs3701: stop power rail pending_off timer
11-26 21:16:40.125  1011  1189 D ASH     : @ 376652.296: tcs3701: start power rail timer, state:3
11-26 21:16:40.126  8427  8469 I BatteryMgr:DataCollectionService: stats => 1701029800126,13427,4446,2136,4169000,100
11-26 21:16:40.164  1011  1189 I ASH     : @ 376652.336: tcs3701: stop power rail pending_off timer
11-26 21:16:40.165  1011  1189 D ASH     : @ 376652.336: tcs3701: start power rail timer, state:3
11-26 21:16:40.169 19723 19739 I m.chrome.canary: Explicit concurrent copying GC freed 3839(192KB) AllocSpace objects, 4(80KB) LOS objects, 75% free, 14MB/57MB, paused 103us,27us total 59.325ms
11-26 21:16:40.205  1011  1189 I ASH     : @ 376652.376: tcs3701: stop power rail pending_off timer
11-26 21:16:40.205  1011  1189 D ASH     : @ 376652.376: tcs3701: start power rail timer, state:3
11-26 21:16:40.233  8427  8469 I BatteryMgr:DataCollectionService: stats => 1701029800233,13427,4446,2136,4169000,100
11-26 21:16:40.234  1795  4158 D ActivityManager: freezer override set to false
11-26 21:16:40.244  1011  1189 I ASH     : @ 376652.416: tcs3701: stop power rail pending_off timer
11-26 21:16:40.244  1011  1189 D ASH     : @ 376652.416: tcs3701: start power rail timer, state:3
11-26 21:16:40.268  1795  4158 D ActivityManager: freezer override set to true
11-26 21:16:40.271  1795  4158 D ActivityManager: freezer override set to false
11-26 21:16:40.286  1011  1189 I ASH     : @ 376652.456: tcs3701: stop power rail pending_off timer
11-26 21:16:40.286  1011  1189 D ASH     : @ 376652.456: tcs3701: start power rail timer, state:3
11-26 21:16:40.309  1795  4158 D ActivityManager: freezer override set to true
11-26 21:16:40.312  1795  4158 D ActivityManager: freezer override set to false
11-26 21:16:40.325  1011  1189 I ASH     : @ 376652.496: tcs3701: stop power rail pending_off timer
11-26 21:16:40.325  1011  1189 D ASH     : @ 376652.496: tcs3701: start power rail timer, state:3
11-26 21:16:40.340  8427  8469 I BatteryMgr:DataCollectionService: stats => 1701029800340,13427,4446,2136,4169000,100
11-26 21:16:40.365  1011  1189 I ASH     : @ 376652.536: tcs3701: stop power rail pending_off timer
11-26 21:16:40.365  1011  1189 D ASH     : @ 376652.536: tcs3701: start power rail timer, state:3
11-26 21:16:40.395  2113  2118 I pixel-thermal: skin-therm-monitor: 37.544
11-26 21:16:40.405  1011  1189 I ASH     : @ 376652.576: tcs3701: stop power rail pending_off timer
11-26 21:16:40.405  1011  1189 D ASH     : @ 376652.576: tcs3701: start power rail timer, state:3
11-26 21:16:40.445  1011  1189 I ASH     : @ 376652.616: tcs3701: stop power rail pending_off timer
11-26 21:16:40.445  1011  1189 D ASH     : @ 376652.616: tcs3701: start power rail timer, state:3
11-26 21:16:40.447  8427  8469 I BatteryMgr:DataCollectionService: stats => 1701029800447,13427,4446,2136,4169000,100
11-26 21:16:40.450  1795  4158 D ActivityManager: freezer override set to true
11-26 21:16:40.456  1795  4158 D ActivityManager: freezer override set to false
11-26 21:16:40.485  1011  1189 I ASH     : @ 376652.656: tcs3701: stop power rail pending_off timer
11-26 21:16:40.485  1011  1189 D ASH     : @ 376652.656: tcs3701: start power rail timer, state:3
11-26 21:16:40.524  1011  1189 I ASH     : @ 376652.696: tcs3701: stop power rail pending_off timer
11-26 21:16:40.526  1011  1189 D ASH     : @ 376652.696: tcs3701: start power rail timer, state:3
11-26 21:16:40.553  8427  8469 I BatteryMgr:DataCollectionService: stats => 1701029800553,13427,4446,2136,4169000,100
11-26 21:16:40.565  1011  1189 I ASH     : @ 376652.736: tcs3701: stop power rail pending_off timer
11-26 21:16:40.565  1011  1189 D ASH     : @ 376652.736: tcs3701: start power rail timer, state:3
11-26 21:16:40.605  1011  1189 I ASH     : @ 376652.776: tcs3701: stop power rail pending_off timer
11-26 21:16:40.605  1011  1189 D ASH     : @ 376652.776: tcs3701: start power rail timer, state:3
11-26 21:16:40.645  1011  1189 I ASH     : @ 376652.816: tcs3701: stop power rail pending_off timer
11-26 21:16:40.645  1011  1189 D ASH     : @ 376652.816: tcs3701: start power rail timer, state:3
11-26 21:16:40.662  8427  8469 I BatteryMgr:DataCollectionService: stats => 1701029800662,13427,4446,2136,4169000,100
11-26 21:16:40.685  1011  1189 I ASH     : @ 376652.856: tcs3701: stop power rail pending_off timer
11-26 21:16:40.685  1011  1189 D ASH     : @ 376652.856: tcs3701: start power rail timer, state:3
11-26 21:16:40.725  1011  1189 I ASH     : @ 376652.896: tcs3701: stop power rail pending_off timer
11-26 21:16:40.725  1011  1189 D ASH     : @ 376652.896: tcs3701: start power rail timer, state:3
11-26 21:16:40.765  1011  1189 I ASH     : @ 376652.936: tcs3701: stop power rail pending_off timer
11-26 21:16:40.765  1011  1189 D ASH     : @ 376652.936: tcs3701: start power rail timer, state:3
11-26 21:16:40.769  8427  8469 I BatteryMgr:DataCollectionService: stats => 1701029800769,13427,4446,2136,4169000,100
11-26 21:16:40.805  1011  1189 I ASH     : @ 376652.976: tcs3701: stop power rail pending_off timer
11-26 21:16:40.805  1011  1189 D ASH     : @ 376652.976: tcs3701: start power rail timer, state:3
11-26 21:16:40.845  1011  1189 I ASH     : @ 376653.016: tcs3701: stop power rail pending_off timer
11-26 21:16:40.845  1011  1189 D ASH     : @ 376653.016: tcs3701: start power rail timer, state:3
11-26 21:16:40.876  8427  8469 I BatteryMgr:DataCollectionService: stats => 1701029800876,13427,4446,2136,4169000,100
11-26 21:16:40.884  1011  1189 I ASH     : @ 376653.056: tcs3701: stop power rail pending_off timer
11-26 21:16:40.885  1011  1189 D ASH     : @ 376653.056: tcs3701: start power rail timer, state:3
11-26 21:16:40.924  1011  1189 I ASH     : @ 376653.096: tcs3701: stop power rail pending_off timer
11-26 21:16:40.924  1011  1189 D ASH     : @ 376653.096: tcs3701: start power rail timer, state:3
11-26 21:16:40.964  1011  1189 I ASH     : @ 376653.136: tcs3701: stop power rail pending_off timer
11-26 21:16:40.965  1011  1189 D ASH     : @ 376653.136: tcs3701: start power rail timer, state:3
11-26 21:16:40.985  8427  8469 I BatteryMgr:DataCollectionService: stats => 1701029800985,13427,4446,2136,4169000,100
