11-23 12:57:28.631  3875  4304 I A       : (REDACTED) sending card %s , pre event title : %s, during event title: %s, post event title: %s, event start time: %d, updated at time: %d, isTriggeringUpdate? %b, is from work profile? %b, expirationTimeMillis %d
11-23 12:57:28.631  3875  4304 I A       : (REDACTED) sending card %s , pre event title : %s, during event title: %s, post event title: %s, event start time: %d, updated at time: %d, isTriggeringUpdate? %b, is from work profile? %b, expirationTimeMillis %d
11-23 12:57:28.632  3875  4304 I A       : (REDACTED) sending card %s , pre event title : %s, during event title: %s, post event title: %s, event start time: %d, updated at time: %d, isTriggeringUpdate? %b, is from work profile? %b, expirationTimeMillis %d
11-23 12:57:28.632  3875  4304 I A       : (REDACTED) sending card %s , pre event title : %s, during event title: %s, post event title: %s, event start time: %d, updated at time: %d, isTriggeringUpdate? %b, is from work profile? %b, expirationTimeMillis %d
11-23 12:57:28.632  3875  4304 I A       : (REDACTED) sending card %s , pre event title : %s, during event title: %s, post event title: %s, event start time: %d, updated at time: %d, isTriggeringUpdate? %b, is from work profile? %b, expirationTimeMillis %d
11-23 12:57:28.633  3875  4304 I apsd    : Falling back to non-UDC sources
11-23 12:57:28.633  3875  4304 I apsd    : (REDACTED) Setting = %s, optedInt = %s
11-23 12:57:28.637  3875  4133 I ayyk    : getLocaleToModelSpecsMap
11-23 12:57:28.650  5238  5295 I BatteryMgr:DataCollectionService: stats => 1700740648650,10986,4446,13427,4169000,100
11-23 12:57:28.660  1011  1189 I ASH     : @ 87500.858: tcs3701: stop power rail pending_off timer
11-23 12:57:28.660  1011  1189 D ASH     : @ 87500.858: tcs3701: start power rail timer, state:3
11-23 12:57:28.660  3875  4133 I ayyk    : Fetching latest config from MDD...
11-23 12:57:28.660  3875  4133 I ayyk    : (REDACTED) Found map of size: %d
11-23 12:57:28.661  3875  4133 I azbd    : (REDACTED) hasHotwordEverywhere-%b
11-23 12:57:28.662  3875  4133 I azbd    : (REDACTED) hasHotwordEverywhere-%b
11-23 12:57:28.662  3875  4133 I azbd    : (REDACTED) hasHotwordEverywhere-%b
11-23 12:57:28.662  3875  4133 I azbd    : (REDACTED) hasHotwordEverywhere-%b
11-23 12:57:28.662  3875  4133 I azbd    : (REDACTED) hasHotwordEverywhere-%b
11-23 12:57:28.663  3875  4133 I azbd    : (REDACTED) hasHotwordEverywhere-%b
11-23 12:57:28.693  3875  4133 I azbd    : (REDACTED) hasHotwordEverywhere-%b
11-23 12:57:28.694  3875  4133 I azbd    : (REDACTED) hasHotwordEverywhere-%b
11-23 12:57:28.699  1011  1189 I ASH     : @ 87500.898: tcs3701: stop power rail pending_off timer
11-23 12:57:28.699  1011  1189 D ASH     : @ 87500.898: tcs3701: start power rail timer, state:3
11-23 12:57:28.739  1011  1189 I ASH     : @ 87500.938: tcs3701: stop power rail pending_off timer
11-23 12:57:28.740  1011  1189 D ASH     : @ 87500.938: tcs3701: start power rail timer, state:3
11-23 12:57:28.754  5238  5295 I BatteryMgr:DataCollectionService: stats => 1700740648754,10986,4446,13427,4169000,100
11-23 12:57:28.779  1011  1189 I ASH     : @ 87500.978: tcs3701: stop power rail pending_off timer
11-23 12:57:28.779  1011  1189 D ASH     : @ 87500.978: tcs3701: start power rail timer, state:3
11-23 12:57:28.819  1011  1189 I ASH     : @ 87501.018: tcs3701: stop power rail pending_off timer
11-23 12:57:28.819  1011  1189 D ASH     : @ 87501.018: tcs3701: start power rail timer, state:3
11-23 12:57:28.834  3875  4130 I WeatherTempParser: (REDACTED) #getParsedCard: UI template weather card has been populated from the upstream, cardId: %s
11-23 12:57:28.858  5238  5295 I BatteryMgr:DataCollectionService: stats => 1700740648858,10986,4446,13427,4169000,100
11-23 12:57:28.860  1011  1189 I ASH     : @ 87501.058: tcs3701: stop power rail pending_off timer
11-23 12:57:28.860  1011  1189 D ASH     : @ 87501.058: tcs3701: start power rail timer, state:3
11-23 12:57:28.900  1011  1189 I ASH     : @ 87501.098: tcs3701: stop power rail pending_off timer
11-23 12:57:28.900  1011  1189 D ASH     : @ 87501.098: tcs3701: start power rail timer, state:3
11-23 12:57:28.939  1011  1189 I ASH     : @ 87501.138: tcs3701: stop power rail pending_off timer
11-23 12:57:28.939  1011  1189 D ASH     : @ 87501.138: tcs3701: start power rail timer, state:3
11-23 12:57:28.962  5238  5295 I BatteryMgr:DataCollectionService: stats => 1700740648962,10986,4446,13427,4169000,100
11-23 12:57:28.980  1011  1189 I ASH     : @ 87501.178: tcs3701: stop power rail pending_off timer
11-23 12:57:28.980  1011  1189 D ASH     : @ 87501.178: tcs3701: start power rail timer, state:3
11-23 12:57:28.990  3875  4132 I WeatherTempParser: (REDACTED) #getParsedCard: UI template weather card has been populated from the upstream, cardId: %s
11-23 12:57:29.013  3875  4130 I WeatherTempParser: (REDACTED) #getParsedCard: UI template weather card has been populated from the upstream, cardId: %s
11-23 12:57:29.019  1011  1189 I ASH     : @ 87501.218: tcs3701: stop power rail pending_off timer
11-23 12:57:29.019  1011  1189 D ASH     : @ 87501.218: tcs3701: start power rail timer, state:3
11-23 12:57:29.034  3875  4130 I WeatherTempParser: (REDACTED) #getParsedCard: UI template weather card has been populated from the upstream, cardId: %s
11-23 12:57:29.044  3875  4130 I WeatherTempParser: (REDACTED) #getParsedCard: UI template weather card has been populated from the upstream, cardId: %s
11-23 12:57:29.060  1011  1189 I ASH     : @ 87501.258: tcs3701: stop power rail pending_off timer
11-23 12:57:29.060  1011  1189 D ASH     : @ 87501.258: tcs3701: start power rail timer, state:3
11-23 12:57:29.060  3875  4130 I WeatherTempParser: (REDACTED) #getParsedCard: UI template weather card has been populated from the upstream, cardId: %s
11-23 12:57:29.063  3875  4133 I BCSsUpdateIntent: (REDACTED) Legacy disabled set is: %s
11-23 12:57:29.065  3875  4133 I WeatherTempParser: (REDACTED) #getParsedCard: UI template weather card has been populated from the upstream, cardId: %s
11-23 12:57:29.065  5238  5295 I BatteryMgr:DataCollectionService: stats => 1700740649065,10986,4446,13427,4169000,100
11-23 12:57:29.066  3875  4132 I TemplateParserPvdImpl: (REDACTED) UI template for: %s for surfacce: %s is disabled. Skipping...
11-23 12:57:29.067  3875  4132 I BCSsUpdateIntent: (REDACTED) Non-empty bluechip card list, size: %d, types: %s
11-23 12:57:29.067  3875  4132 I BCSsUpdateIntent: (REDACTED) Sending filtered bluechip card list, size %d, types: %s
11-23 12:57:29.067  3875  4132 I BCSsUpdateIntent: attempt to aiaiConnect
11-23 12:57:29.074  3875  4132 I bzji    : Using pair HTTP connection
11-23 12:57:29.076  3074  3074 E AbstractGmsTracer: Traced class shouldn't be obfuscated: GoogleAccountAuthenticatorChimeraService [CONTEXT service_id=259 ]
11-23 12:57:29.077  3875  4132 I ccje    : (REDACTED) #shareData for %s with pending task count: %d
11-23 12:57:29.078  1795  3001 I WifiService: getWifiEnabledState uid=10157 state=3
11-23 12:57:29.081  1795  3001 I ContentCaptureManagerService: Data share request accepted by Content Capture service
11-23 12:57:29.082  3579  4474 I AiAiEcho: (REDACTED) EchoDataShareHandler starts to process file, locusId=%s
11-23 12:57:29.082  3875  4149 I ccje    : (REDACTED) #shareData onWrite success: %s
11-23 12:57:29.083  3875  4149 I ccje    : (REDACTED) %s completed with unretriable status %s on retry attempt %d
11-23 12:57:29.083  3875  4149 I ccje    : (REDACTED) #shareData for %s done
11-23 12:57:29.083  3074  4300 I Auth    : [RequestTokenOperation] Facet event logged for AUTH_ACCOUNT_BASE_TOKEN_RETURNED [CONTEXT service_id=343 ]
11-23 12:57:29.083  3875  4149 I ayob    : (REDACTED) cardId: %d, card type: %s, update time: %s, expireTime: %s
11-23 12:57:29.084  3875  4149 I ayob    : (REDACTED) Sending successful with locus ID %s
11-23 12:57:29.088  3875 11729 I apoj    : [Upload] Connected
11-23 12:57:29.088  3579  3877 I AiAiEcho: (REDACTED) From CCAPI, Echo received %s
11-23 12:57:29.090  3579  3877 I AiAiEcho: (REDACTED) Predicting[%d]: %s
11-23 12:57:29.092  3875  4130 W dlap    : No feature type found for Smartspace card - not logging!
11-23 12:57:29.093  3579  3877 I AiAiEcho: (REDACTED) EchoTargets: %s
11-23 12:57:29.093  3579  3877 I AiAiEcho: Filtered by AiAi flag check: %s
11-23 12:57:29.094  1795  3001 I WifiService: getWifiEnabledState uid=10157 state=3
11-23 12:57:29.094  3579  3877 I AiAiEcho: (REDACTED) Ranked targets strategy: %s, count: %d, ranking metadata: %s
11-23 12:57:29.095  3579  3877 I AiAiEcho: (REDACTED) #weatherTwiddler: Weather removes SubtitleSupplementalItem in surface: %s
11-23 12:57:29.095  3875  4043 V ClearcutMetricXmitter: Transmission is done.
11-23 12:57:29.096  3875  4132 W fozc    : Upload request without a content type.
11-23 12:57:29.096  3579  3877 I AiAiEcho: (REDACTED) Predicting[%d]: %s
11-23 12:57:29.097  3579  3877 I AiAiEcho: (REDACTED) EchoTargets: %s
11-23 12:57:29.097  3579  3877 I AiAiEcho: Filtered by AiAi flag check: %s
11-23 12:57:29.097  3579  3877 I AiAiEcho: (REDACTED) Ranked targets strategy: %s, count: %d, ranking metadata: %s
11-23 12:57:29.098  3579  3877 I AiAiEcho: (REDACTED) Predicting[%d]: %s
11-23 12:57:29.099  3579  3877 I AiAiEcho: (REDACTED) EchoTargets: %s
11-23 12:57:29.099  3579  3877 I AiAiEcho: Filtered by AiAi flag check: %s
11-23 12:57:29.099  3579  3877 I AiAiEcho: (REDACTED) Ranked targets strategy: %s, count: %d, ranking metadata: %s
11-23 12:57:29.099  1011  1189 I ASH     : @ 87501.298: tcs3701: stop power rail pending_off timer
11-23 12:57:29.099  1011  1189 D ASH     : @ 87501.298: tcs3701: start power rail timer, state:3
11-23 12:57:29.100  3579  3877 I AiAiEcho: (REDACTED) #weatherTwiddler: Weather removes SubtitleSupplementalItem in surface: %s
11-23 12:57:29.102  3579  3877 I AiAiEcho: (REDACTED) #postPredictionTargets: Sending updates to UISurface %s with targets# %s (types=[%s])
11-23 12:57:29.103  3579  3877 I AiAiEcho: (REDACTED) #postPredictionTargets: Sending updates to UISurface %s with targets# %s (types=[%s])
11-23 12:57:29.104  2513  2513 D SsBaseTemplateCard: No text view can be set up
11-23 12:57:29.104  2513  2513 D SsBaseTemplateCard: Passed-in item info is null
11-23 12:57:29.104  2513  2513 D SsBaseTemplateCard: Passed-in item info is null
11-23 12:57:29.104  2513  2513 I SsBaseTemplateCard: Secondary card pane is null
11-23 12:57:29.105  2513  2513 D SsMediaDataProvider: Forwarding Smartspace updates []
11-23 12:57:29.106  3579  3877 I AiAiEcho: (REDACTED) #postPredictionTargets: Sending updates to UISurface %s with targets# %s (types=[%s])
11-23 12:57:29.107  2940  2940 D SsBaseTemplateCard: No text view can be set up
11-23 12:57:29.107  2940  2940 D SsBaseTemplateCard: Passed-in item info is null
11-23 12:57:29.107  2940  2940 D SsBaseTemplateCard: Passed-in item info is null
11-23 12:57:29.108  2940  2940 I SsBaseTemplateCard: Secondary card pane is null
11-23 12:57:29.139  1011  1189 I ASH     : @ 87501.338: tcs3701: stop power rail pending_off timer
11-23 12:57:29.139  1011  1189 D ASH     : @ 87501.338: tcs3701: start power rail timer, state:3
11-23 12:57:29.155  3074  7082 D TrafficStats: tagSocket(230) with statsTag=0x401, statsUid=10157
11-23 12:57:29.173  5238  5295 I BatteryMgr:DataCollectionService: stats => 1700740649173,10986,4446,13427,4169000,100
11-23 12:57:29.179  1011  1189 I ASH     : @ 87501.378: tcs3701: stop power rail pending_off timer
11-23 12:57:29.179  1011  1189 D ASH     : @ 87501.378: tcs3701: start power rail timer, state:3
11-23 12:57:29.220  1011  1189 I ASH     : @ 87501.418: tcs3701: stop power rail pending_off timer
11-23 12:57:29.220  1011  1189 D ASH     : @ 87501.418: tcs3701: start power rail timer, state:3
11-23 12:57:29.240  1795  3001 D ActivityManager: freezer override set to true
11-23 12:57:29.244  1795  3001 D ActivityManager: freezer override set to false
11-23 12:57:29.260  1011  1189 I ASH     : @ 87501.458: tcs3701: stop power rail pending_off timer
11-23 12:57:29.260  1011  1189 D ASH     : @ 87501.458: tcs3701: start power rail timer, state:3
11-23 12:57:29.269  3074  4300 I Auth    : (REDACTED) [GetTokenResponse] Decryption key=%s success, service=%s
11-23 12:57:29.278  5238  5295 I BatteryMgr:DataCollectionService: stats => 1700740649278,10986,4446,13427,4169000,100
11-23 12:57:29.299  1011  1189 I ASH     : @ 87501.498: tcs3701: stop power rail pending_off timer
11-23 12:57:29.300  1011  1189 D ASH     : @ 87501.498: tcs3701: start power rail timer, state:3
11-23 12:57:29.307  3875 11718 I aqiu    : (REDACTED) Successfully received auth token for scope: %s in time %d ms
11-23 12:57:29.340  1011  1189 I ASH     : @ 87501.538: tcs3701: stop power rail pending_off timer
11-23 12:57:29.340  1011  1189 D ASH     : @ 87501.538: tcs3701: start power rail timer, state:3
11-23 12:57:29.340  3875 11728 I apoj    : [Download] starting read
11-23 12:57:29.379  1011  1189 I ASH     : @ 87501.578: tcs3701: stop power rail pending_off timer
11-23 12:57:29.379  1011  1189 D ASH     : @ 87501.578: tcs3701: start power rail timer, state:3
11-23 12:57:29.382  5238  5295 I BatteryMgr:DataCollectionService: stats => 1700740649382,10986,4446,13427,4169000,100
11-23 12:57:29.419  1011  1189 I ASH     : @ 87501.618: tcs3701: stop power rail pending_off timer
11-23 12:57:29.419  1011  1189 D ASH     : @ 87501.618: tcs3701: start power rail timer, state:3
11-23 12:57:29.460  1011  1189 I ASH     : @ 87501.658: tcs3701: stop power rail pending_off timer
11-23 12:57:29.461  1011  1189 D ASH     : @ 87501.658: tcs3701: start power rail timer, state:3
11-23 12:57:29.471  3875  3875 I bpte    : Not enabled for version S+
11-23 12:57:29.471  3875  3875 I apsd    : Falling back to non-UDC sources
11-23 12:57:29.472  3875  3875 I apsd    : (REDACTED) Setting = %s, optedInt = %s
11-23 12:57:29.472  3875  3875 I apsd    : Falling back to non-UDC sources
11-23 12:57:29.472  3875  3875 I apsd    : (REDACTED) Setting = %s, optedInt = %s
11-23 12:57:29.472  3875  3875 I apsd    : Falling back to non-UDC sources
11-23 12:57:29.472  3875  3875 I apsd    : (REDACTED) Setting = %s, optedInt = %s
11-23 12:57:29.472  3875  3875 I apsd    : Falling back to non-UDC sources
11-23 12:57:29.472  3875  3875 I apsd    : (REDACTED) Setting = %s, optedInt = %s
11-23 12:57:29.488  5238  5295 I BatteryMgr:DataCollectionService: stats => 1700740649488,10986,4446,13427,4169000,100
11-23 12:57:29.488  3875  3875 I bpte    : Not enabled for version S+
11-23 12:57:29.489  3875  3875 I apsd    : Falling back to non-UDC sources
11-23 12:57:29.489  3875  3875 I apsd    : (REDACTED) Setting = %s, optedInt = %s
11-23 12:57:29.500  1011  1189 I ASH     : @ 87501.698: tcs3701: stop power rail pending_off timer
11-23 12:57:29.500  1011  1189 D ASH     : @ 87501.698: tcs3701: start power rail timer, state:3
11-23 12:57:29.540  1011  1189 I ASH     : @ 87501.738: tcs3701: stop power rail pending_off timer
11-23 12:57:29.540  1011  1189 D ASH     : @ 87501.738: tcs3701: start power rail timer, state:3
11-23 12:57:29.580  1011  1189 I ASH     : @ 87501.778: tcs3701: stop power rail pending_off timer
11-23 12:57:29.580  1011  1189 D ASH     : @ 87501.778: tcs3701: start power rail timer, state:3
11-23 12:57:29.593  5238  5295 I BatteryMgr:DataCollectionService: stats => 1700740649593,10986,4446,13427,4169000,100
11-23 12:57:29.601  2113  2118 I pixel-thermal: skin-therm-monitor: 40.005
11-23 12:57:29.616  1795  3001 W ActivityManager: Unable to start service Intent { act=grpc.io.action.BIND cmp=com.google.android.apps.nest.dockmanager.app/.service.DockManagerAndroidService } U=0: not found
11-23 12:57:29.617  1795  3001 W ActivityManager: Unbind failed: could not find connection for android.os.BinderProxy@59c3c6c
11-23 12:57:29.620  1011  1189 I ASH     : @ 87501.818: tcs3701: stop power rail pending_off timer
11-23 12:57:29.620  1011  1189 D ASH     : @ 87501.818: tcs3701: start power rail timer, state:3
11-23 12:57:29.660  1011  1189 I ASH     : @ 87501.858: tcs3701: stop power rail pending_off timer
11-23 12:57:29.660  1011  1189 D ASH     : @ 87501.858: tcs3701: start power rail timer, state:3
11-23 12:57:29.681  1795  3001 D ActivityManager: freezer override set to true
11-23 12:57:29.699  5238  5295 I BatteryMgr:DataCollectionService: stats => 1700740649698,10986,4446,13427,4169000,100
11-23 12:57:29.699  1011  1189 I ASH     : @ 87501.898: tcs3701: stop power rail pending_off timer
11-23 12:57:29.699  1011  1189 D ASH     : @ 87501.898: tcs3701: start power rail timer, state:3
11-23 12:57:29.740  1011  1189 I ASH     : @ 87501.938: tcs3701: stop power rail pending_off timer
11-23 12:57:29.740  1011  1189 D ASH     : @ 87501.938: tcs3701: start power rail timer, state:3
11-23 12:57:29.779  1011  1189 I ASH     : @ 87501.978: tcs3701: stop power rail pending_off timer
11-23 12:57:29.779  1011  1189 D ASH     : @ 87501.978: tcs3701: start power rail timer, state:3
11-23 12:57:29.803  5238  5295 I BatteryMgr:DataCollectionService: stats => 1700740649803,10986,4446,13427,4169000,100
11-23 12:57:29.819  1011  1189 I ASH     : @ 87502.018: tcs3701: stop power rail pending_off timer
11-23 12:57:29.819  1011  1189 D ASH     : @ 87502.018: tcs3701: start power rail timer, state:3
11-23 12:57:29.859  1011  1189 I ASH     : @ 87502.058: tcs3701: stop power rail pending_off timer
11-23 12:57:29.860  1011  1189 D ASH     : @ 87502.058: tcs3701: start power rail timer, state:3
11-23 12:57:29.884 10953 10968 I m.chrome.canary: Explicit concurrent copying GC freed 3598(176KB) AllocSpace objects, 3(60KB) LOS objects, 75% free, 11MB/47MB, paused 85us,24us total 86.390ms
11-23 12:57:29.899  1011  1189 I ASH     : @ 87502.098: tcs3701: stop power rail pending_off timer
11-23 12:57:29.899  1011  1189 D ASH     : @ 87502.098: tcs3701: start power rail timer, state:3
11-23 12:57:29.908  5238  5295 I BatteryMgr:DataCollectionService: stats => 1700740649907,10986,4446,13427,4169000,100
11-23 12:57:29.940  1011  1189 I ASH     : @ 87502.138: tcs3701: stop power rail pending_off timer
11-23 12:57:29.941  1011  1189 D ASH     : @ 87502.138: tcs3701: start power rail timer, state:3
11-23 12:57:29.947  1795  3001 D ActivityManager: freezer override set to false
11-23 12:57:29.979  1011  1189 I ASH     : @ 87502.178: tcs3701: stop power rail pending_off timer
11-23 12:57:29.979  1011  1189 D ASH     : @ 87502.178: tcs3701: start power rail timer, state:3
11-23 12:57:29.994  1795  3001 D ActivityManager: freezer override set to true
11-23 12:57:29.997  1795  3001 D ActivityManager: freezer override set to false
11-23 12:57:30.011  5238  5295 I BatteryMgr:DataCollectionService: stats => 1700740650011,10986,4446,13427,4169000,100
11-23 12:57:30.020  1011  1189 I ASH     : @ 87502.218: tcs3701: stop power rail pending_off timer
11-23 12:57:30.020  1011  1189 D ASH     : @ 87502.218: tcs3701: start power rail timer, state:3
11-23 12:57:30.059  1011  1189 I ASH     : @ 87502.258: tcs3701: stop power rail pending_off timer
11-23 12:57:30.059  1011  1189 D ASH     : @ 87502.258: tcs3701: start power rail timer, state:3
11-23 12:57:30.100  1011  1189 I ASH     : @ 87502.298: tcs3701: stop power rail pending_off timer
11-23 12:57:30.100  1011  1189 D ASH     : @ 87502.298: tcs3701: start power rail timer, state:3
11-23 12:57:30.115  5238  5295 I BatteryMgr:DataCollectionService: stats => 1700740650115,10986,4446,13427,4169000,100
11-23 12:57:30.139  1011  1189 I ASH     : @ 87502.338: tcs3701: stop power rail pending_off timer
11-23 12:57:30.139  1011  1189 D ASH     : @ 87502.338: tcs3701: start power rail timer, state:3
11-23 12:57:30.180  1011  1189 I ASH     : @ 87502.378: tcs3701: stop power rail pending_off timer
11-23 12:57:30.180  1011  1189 D ASH     : @ 87502.378: tcs3701: start power rail timer, state:3
11-23 12:57:30.219  1011  1189 I ASH     : @ 87502.418: tcs3701: stop power rail pending_off timer
11-23 12:57:30.220  1011  1189 D ASH     : @ 87502.418: tcs3701: start power rail timer, state:3
11-23 12:57:30.222  1795  3613 D ActivityManager: freezer override set to true
11-23 12:57:30.223  5238  5295 I BatteryMgr:DataCollectionService: stats => 1700740650223,10986,4446,13427,4169000,100
11-23 12:57:30.226  1795  3613 D ActivityManager: freezer override set to false
11-23 12:57:30.259  1011  1189 I ASH     : @ 87502.458: tcs3701: stop power rail pending_off timer
11-23 12:57:30.259  1011  1189 D ASH     : @ 87502.458: tcs3701: start power rail timer, state:3
11-23 12:57:30.300  1011  1189 I ASH     : @ 87502.498: tcs3701: stop power rail pending_off timer
11-23 12:57:30.300  1011  1189 D ASH     : @ 87502.498: tcs3701: start power rail timer, state:3
11-23 12:57:30.327  5238  5295 I BatteryMgr:DataCollectionService: stats => 1700740650327,10986,4446,13427,4169000,100
11-23 12:57:30.340  1011  1189 I ASH     : @ 87502.538: tcs3701: stop power rail pending_off timer
11-23 12:57:30.340  1011  1189 D ASH     : @ 87502.538: tcs3701: start power rail timer, state:3
11-23 12:57:30.379  1011  1189 I ASH     : @ 87502.578: tcs3701: stop power rail pending_off timer
11-23 12:57:30.379  1011  1189 D ASH     : @ 87502.578: tcs3701: start power rail timer, state:3
11-23 12:57:30.419  1011  1189 I ASH     : @ 87502.618: tcs3701: stop power rail pending_off timer
11-23 12:57:30.419  1011  1189 D ASH     : @ 87502.618: tcs3701: start power rail timer, state:3
11-23 12:57:30.432  5238  5295 I BatteryMgr:DataCollectionService: stats => 1700740650432,10986,4446,13427,4169000,100
11-23 12:57:30.459  1011  1189 I ASH     : @ 87502.658: tcs3701: stop power rail pending_off timer
11-23 12:57:30.460  1011  1189 D ASH     : @ 87502.658: tcs3701: start power rail timer, state:3
11-23 12:57:30.500  1011  1189 I ASH     : @ 87502.698: tcs3701: stop power rail pending_off timer
11-23 12:57:30.500  1011  1189 D ASH     : @ 87502.698: tcs3701: start power rail timer, state:3
11-23 12:57:30.536  5238  5295 I BatteryMgr:DataCollectionService: stats => 1700740650536,10986,4446,13427,4169000,100
11-23 12:57:30.539  1011  1189 I ASH     : @ 87502.738: tcs3701: stop power rail pending_off timer
11-23 12:57:30.539  1011  1189 D ASH     : @ 87502.738: tcs3701: start power rail timer, state:3
11-23 12:57:30.579  1011  1189 I ASH     : @ 87502.778: tcs3701: stop power rail pending_off timer
11-23 12:57:30.579  1011  1189 D ASH     : @ 87502.778: tcs3701: start power rail timer, state:3
11-23 12:57:30.620  1011  1189 I ASH     : @ 87502.818: tcs3701: stop power rail pending_off timer
11-23 12:57:30.620  1011  1189 D ASH     : @ 87502.818: tcs3701: start power rail timer, state:3
11-23 12:57:30.640  5238  5295 I BatteryMgr:DataCollectionService: stats => 1700740650640,10986,4446,13427,4169000,100
11-23 12:57:30.659  1011  1189 I ASH     : @ 87502.858: tcs3701: stop power rail pending_off timer
11-23 12:57:30.659  1011  1189 D ASH     : @ 87502.858: tcs3701: start power rail timer, state:3
11-23 12:57:30.699  1011  1189 I ASH     : @ 87502.898: tcs3701: stop power rail pending_off timer
11-23 12:57:30.699  1011  1189 D ASH     : @ 87502.898: tcs3701: start power rail timer, state:3
11-23 12:57:30.739  1011  1189 I ASH     : @ 87502.938: tcs3701: stop power rail pending_off timer
11-23 12:57:30.739  1011  1189 D ASH     : @ 87502.938: tcs3701: start power rail timer, state:3
11-23 12:57:30.744  5238  5295 I BatteryMgr:DataCollectionService: stats => 1700740650743,10986,4446,13427,4169000,100
11-23 12:57:30.779  1011  1189 I ASH     : @ 87502.978: tcs3701: stop power rail pending_off timer
11-23 12:57:30.780  1011  1189 D ASH     : @ 87502.978: tcs3701: start power rail timer, state:3
11-23 12:57:30.820  1011  1189 I ASH     : @ 87503.018: tcs3701: stop power rail pending_off timer
11-23 12:57:30.820  1011  1189 D ASH     : @ 87503.018: tcs3701: start power rail timer, state:3
11-23 12:57:30.849  5238  5295 I BatteryMgr:DataCollectionService: stats => 1700740650849,10986,4446,13427,4169000,100
11-23 12:57:30.860  1011  1189 I ASH     : @ 87503.058: tcs3701: stop power rail pending_off timer
11-23 12:57:30.860  1011  1189 D ASH     : @ 87503.058: tcs3701: start power rail timer, state:3
11-23 12:57:30.899  1011  1189 I ASH     : @ 87503.098: tcs3701: stop power rail pending_off timer
11-23 12:57:30.899  1011  1189 D ASH     : @ 87503.098: tcs3701: start power rail timer, state:3
11-23 12:57:30.939  1795  2424 D WifiClientModeImpl[13802:wlan0]: updateLinkLayerStatsRssiSpeedFrequencyCapabilities rssi=-45 TxLinkspeed=866 freq=5240 RxLinkSpeed=780
11-23 12:57:30.939  1795  2424 D WifiDataStall: tx tput in kbps: 788195
11-23 12:57:30.939  1795  2424 D WifiDataStall: rx tput in kbps: 788195
11-23 12:57:30.939  1795  2424 V WifiConfigManager: Updating scan detail cache freq=5240 BSSID=f4:6d:2f:12:cc:88 RSSI=-45 for "ourhome"WPA_PSK
11-23 12:57:30.940  1795  2424 D WifiChannelUtilization:  freq: 5240 onTime: 2555665 busyTime: 231757 onTimeDiff: 2555370 busyTimeDiff: 231740 utilization: 23 utilization t0: 23
11-23 12:57:30.940  1795  2424 D WifiDataStall:  ccaLevel = 23
11-23 12:57:30.940  1795  2424 D WifiDataStall: L2 txTputKbps: 772431, rxTputKbps: 709921, L3 txTputKbps: 62, rxTputKbps: 42, TxTrafficHigh: true, RxTrafficHigh: true, Throughput Sufficient: true
11-23 12:57:30.940  1011  1189 I ASH     : @ 87503.138: tcs3701: stop power rail pending_off timer
11-23 12:57:30.940  1011  1189 D ASH     : @ 87503.138: tcs3701: start power rail timer, state:3
11-23 12:57:30.940  3213  8092 V WifiManager: OnWifiUsabilityStatsListener: onWifiUsabilityStats: seqNum=28901
11-23 12:57:30.940  1795  2424 D WifiScoreReport: Wifi scoring disabled - Don't check IP layer
11-23 12:57:30.940  1795  2424 D WifiScoreCard: BSSID update SIGNAL_POLL ID: 1320464697 SSID: "ourhome", BSSID: f4:6d:2f:12:cc:88, MAC: b2:2f:ec:da:4a:0c, IP: /192.168.1.104, Security type: 2, Supplicant state: COMPLETED, Wi-Fi standard: 5, RSSI: -45, Link speed: 866Mbps, Tx Link speed: 866Mbps, Max Supported Tx Link speed: 866Mbps, Rx Link speed: 780Mbps, Max Supported Rx Link speed: 866Mbps, Frequency: 5240MHz, Net ID: 12, Metered hint: false, score: 60, isUsable: true, CarrierMerged: false, SubscriptionId: -1, IsPrimary: 1, Trusted: true, Restricted: false, Ephemeral: false, OEM paid: false, OEM private: false, OSU AP: false, FQDN: <none>, Provider friendly name: <none>, Requesting package name: <none>"ourhome"wpa2-pskMLO Information: , Is TID-To-Link negotiation supported by the AP: false, AP MLD Address: <none>, AP MLO Link Id: <none>, AP MLO Affiliated links: <none>
11-23 12:57:30.940  1795  2424 D WifiScoreCard: txRate: 12 txSpeed: 866
11-23 12:57:30.940  1795  3613 I WifiService: updateWifiUsabilityScore uid=10180 seqNum=28901 score=100 predictionHorizonSec=1441795
11-23 12:57:30.940  1795  2424 D WifiScoreCard: network update SIGNAL_POLL "ourhome" ID: 1499892569 RSSI -45 txSpeed 866
11-23 12:57:30.940  1795  2424 D WifiClientModeImpl[13802:wlan0]:  ClientModeImpl$L2ConnectedState screen=on 15 0 "ourhome" f4:6d:2f:12:cc:88 rssi=-45 f=5240 sc=60 link=866 tx=11.6, 0.2, 0.0 rx=7.6 bcn=835563 [on:819 tx:6 rx:5 period:3008] from screen [on:240829 period:2971668] score=60
11-23 12:57:30.941  1795  2424 D WifiScoreReport: Wifi scoring disabled - Notify that Wifi is usable
11-23 12:57:30.944  1795  2432 D ConnectivityService: NetReassign [no changes] [c 0] [a 0] [i 3]
11-23 12:57:30.953  5238  5295 I BatteryMgr:DataCollectionService: stats => 1700740650953,10986,4446,13427,4169000,100
11-23 12:57:30.980  1011  1189 I ASH     : @ 87503.178: tcs3701: stop power rail pending_off timer
11-23 12:57:30.980  1011  1189 D ASH     : @ 87503.178: tcs3701: start power rail timer, state:3
11-23 12:57:31.020  1011  1189 I ASH     : @ 87503.218: tcs3701: stop power rail pending_off timer
11-23 12:57:31.020  1011  1189 D ASH     : @ 87503.218: tcs3701: start power rail timer, state:3
11-23 12:57:31.058  5238  5295 I BatteryMgr:DataCollectionService: stats => 1700740651058,10986,4446,13427,4169000,100
11-23 12:57:31.060  1011  1189 I ASH     : @ 87503.258: tcs3701: stop power rail pending_off timer
11-23 12:57:31.060  1011  1189 D ASH     : @ 87503.258: tcs3701: start power rail timer, state:3
11-23 12:57:31.099  1011  1189 I ASH     : @ 87503.298: tcs3701: stop power rail pending_off timer
11-23 12:57:31.099  1011  1189 D ASH     : @ 87503.298: tcs3701: start power rail timer, state:3
11-23 12:57:31.139  1011  1189 I ASH     : @ 87503.338: tcs3701: stop power rail pending_off timer
11-23 12:57:31.139  1011  1189 D ASH     : @ 87503.338: tcs3701: start power rail timer, state:3
11-23 12:57:31.150  1795  3759 D ActivityManager: freezer override set to true
11-23 12:57:31.163  5238  5295 I BatteryMgr:DataCollectionService: stats => 1700740651163,10986,4446,13427,4169000,100
11-23 12:57:31.179  1011  1189 I ASH     : @ 87503.378: tcs3701: stop power rail pending_off timer
11-23 12:57:31.179  1011  1189 D ASH     : @ 87503.378: tcs3701: start power rail timer, state:3
11-23 12:57:31.219  1011  1189 I ASH     : @ 87503.418: tcs3701: stop power rail pending_off timer
11-23 12:57:31.219  1011  1189 D ASH     : @ 87503.418: tcs3701: start power rail timer, state:3
11-23 12:57:31.237 10953 10968 I m.chrome.canary: Explicit concurrent copying GC freed 3578(176KB) AllocSpace objects, 3(60KB) LOS objects, 75% free, 11MB/47MB, paused 54us,26us total 48.347ms
11-23 12:57:31.244  3604  4215 I bbqr    : (REDACTED) getHotwordActive::active query: %s, watch: %s, devices connected: %s
11-23 12:57:31.260  1011  1189 I ASH     : @ 87503.458: tcs3701: stop power rail pending_off timer
11-23 12:57:31.260  1011  1189 D ASH     : @ 87503.458: tcs3701: start power rail timer, state:3
11-23 12:57:31.268  5238  5295 I BatteryMgr:DataCollectionService: stats => 1700740651268,10986,4446,13427,4169000,100
11-23 12:57:31.299  1011  1189 I ASH     : @ 87503.498: tcs3701: stop power rail pending_off timer
11-23 12:57:31.299  1011  1189 D ASH     : @ 87503.498: tcs3701: start power rail timer, state:3
11-23 12:57:31.303  1795  3613 D ActivityManager: freezer override set to false
11-23 12:57:31.340  1011  1189 I ASH     : @ 87503.538: tcs3701: stop power rail pending_off timer
11-23 12:57:31.340  1011  1189 D ASH     : @ 87503.538: tcs3701: start power rail timer, state:3
11-23 12:57:31.345  1795  3613 D ActivityManager: freezer override set to true
11-23 12:57:31.348  1795  3613 D ActivityManager: freezer override set to false
11-23 12:57:31.373  5238  5295 I BatteryMgr:DataCollectionService: stats => 1700740651373,10986,4446,13427,4169000,100
11-23 12:57:31.379  1011  1189 I ASH     : @ 87503.578: tcs3701: stop power rail pending_off timer
11-23 12:57:31.379  1011  1189 D ASH     : @ 87503.578: tcs3701: start power rail timer, state:3
11-23 12:57:31.419  1011  1189 I ASH     : @ 87503.618: tcs3701: stop power rail pending_off timer
11-23 12:57:31.419  1011  1189 D ASH     : @ 87503.618: tcs3701: start power rail timer, state:3
11-23 12:57:31.459  1011  1189 I ASH     : @ 87503.658: tcs3701: stop power rail pending_off timer
11-23 12:57:31.459  1011  1189 D ASH     : @ 87503.658: tcs3701: start power rail timer, state:3
11-23 12:57:31.478  5238  5295 I BatteryMgr:DataCollectionService: stats => 1700740651478,10986,4446,13427,4169000,100
11-23 12:57:31.500  1011  1189 I ASH     : @ 87503.698: tcs3701: stop power rail pending_off timer
11-23 12:57:31.500  1011  1189 D ASH     : @ 87503.698: tcs3701: start power rail timer, state:3
11-23 12:57:31.539  1011  1189 I ASH     : @ 87503.738: tcs3701: stop power rail pending_off timer
11-23 12:57:31.539  1011  1189 D ASH     : @ 87503.738: tcs3701: start power rail timer, state:3
11-23 12:57:31.580  1011  1189 I ASH     : @ 87503.778: tcs3701: stop power rail pending_off timer
11-23 12:57:31.580  1011  1189 D ASH     : @ 87503.778: tcs3701: start power rail timer, state:3
11-23 12:57:31.583  5238  5295 I BatteryMgr:DataCollectionService: stats => 1700740651583,10986,4446,13427,4169000,100
11-23 12:57:31.604  2113  2118 I pixel-thermal: skin-therm-monitor: 40.027
11-23 12:57:31.620  1011  1189 I ASH     : @ 87503.818: tcs3701: stop power rail pending_off timer
11-23 12:57:31.620  1011  1189 D ASH     : @ 87503.818: tcs3701: start power rail timer, state:3
11-23 12:57:31.660  1011  1189 I ASH     : @ 87503.858: tcs3701: stop power rail pending_off timer
11-23 12:57:31.660  1011  1189 D ASH     : @ 87503.858: tcs3701: start power rail timer, state:3
11-23 12:57:31.687  5238  5295 I BatteryMgr:DataCollectionService: stats => 1700740651687,10986,4446,13427,4169000,100
11-23 12:57:31.700  1011  1189 I ASH     : @ 87503.898: tcs3701: stop power rail pending_off timer
11-23 12:57:31.700  1011  1189 D ASH     : @ 87503.898: tcs3701: start power rail timer, state:3
11-23 12:57:31.740  1011  1189 I ASH     : @ 87503.938: tcs3701: stop power rail pending_off timer
11-23 12:57:31.740  1011  1189 D ASH     : @ 87503.938: tcs3701: start power rail timer, state:3
11-23 12:57:31.779  1011  1189 I ASH     : @ 87503.978: tcs3701: stop power rail pending_off timer
11-23 12:57:31.779  1011  1189 D ASH     : @ 87503.978: tcs3701: start power rail timer, state:3
11-23 12:57:31.791  5238  5295 I BatteryMgr:DataCollectionService: stats => 1700740651791,10986,4446,13427,4169000,100
11-23 12:57:31.820  1011  1189 I ASH     : @ 87504.018: tcs3701: stop power rail pending_off timer
11-23 12:57:31.820  1011  1189 D ASH     : @ 87504.018: tcs3701: start power rail timer, state:3
11-23 12:57:31.859  1011  1189 I ASH     : @ 87504.058: tcs3701: stop power rail pending_off timer
11-23 12:57:31.859  1011  1189 D ASH     : @ 87504.058: tcs3701: start power rail timer, state:3
11-23 12:57:31.896  5238  5295 I BatteryMgr:DataCollectionService: stats => 1700740651896,10986,4446,13427,4169000,100
11-23 12:57:31.900  1011  1189 I ASH     : @ 87504.098: tcs3701: stop power rail pending_off timer
11-23 12:57:31.901  1011  1189 D ASH     : @ 87504.098: tcs3701: start power rail timer, state:3
11-23 12:57:31.939  1011  1189 I ASH     : @ 87504.138: tcs3701: stop power rail pending_off timer
11-23 12:57:31.939  1011  1189 D ASH     : @ 87504.138: tcs3701: start power rail timer, state:3
11-23 12:57:31.979  1011  1189 I ASH     : @ 87504.178: tcs3701: stop power rail pending_off timer
11-23 12:57:31.979  1011  1189 D ASH     : @ 87504.178: tcs3701: start power rail timer, state:3
11-23 12:57:32.001  5238  5295 I BatteryMgr:DataCollectionService: stats => 1700740652001,10986,4446,13427,4169000,100
11-23 12:57:32.020  1011  1189 I ASH     : @ 87504.218: tcs3701: stop power rail pending_off timer
11-23 12:57:32.020  1011  1189 D ASH     : @ 87504.218: tcs3701: start power rail timer, state:3
11-23 12:57:32.059  1011  1189 I ASH     : @ 87504.258: tcs3701: stop power rail pending_off timer
11-23 12:57:32.059  1011  1189 D ASH     : @ 87504.258: tcs3701: start power rail timer, state:3
11-23 12:57:32.096  1795  3759 W ActivityManager: Unable to start service Intent { act=grpc.io.action.BIND cmp=com.google.android.apps.nest.dockmanager.app/.service.DockManagerAndroidService } U=0: not found
11-23 12:57:32.096  1795  3759 W ActivityManager: Unbind failed: could not find connection for android.os.BinderProxy@564915d
11-23 12:57:32.100  1011  1189 I ASH     : @ 87504.298: tcs3701: stop power rail pending_off timer
11-23 12:57:32.100  1011  1189 D ASH     : @ 87504.298: tcs3701: start power rail timer, state:3
11-23 12:57:32.105  5238  5295 I BatteryMgr:DataCollectionService: stats => 1700740652105,10986,4446,13427,4169000,100
11-23 12:57:32.140  1011  1189 I ASH     : @ 87504.338: tcs3701: stop power rail pending_off timer
11-23 12:57:32.140  1011  1189 D ASH     : @ 87504.338: tcs3701: start power rail timer, state:3
11-23 12:57:32.179  1011  1189 I ASH     : @ 87504.378: tcs3701: stop power rail pending_off timer
11-23 12:57:32.179  1011  1189 D ASH     : @ 87504.378: tcs3701: start power rail timer, state:3
11-23 12:57:32.209  5238  5295 I BatteryMgr:DataCollectionService: stats => 1700740652209,10986,4446,13427,4169000,100
11-23 12:57:32.219  1011  1189 I ASH     : @ 87504.418: tcs3701: stop power rail pending_off timer
11-23 12:57:32.219  1011  1189 D ASH     : @ 87504.418: tcs3701: start power rail timer, state:3
11-23 12:57:32.225  1795  3759 D ActivityManager: freezer override set to true
11-23 12:57:32.229  1795  3759 D ActivityManager: freezer override set to false
11-23 12:57:32.259  1011  1189 I ASH     : @ 87504.458: tcs3701: stop power rail pending_off timer
11-23 12:57:32.259  1011  1189 D ASH     : @ 87504.458: tcs3701: start power rail timer, state:3
11-23 12:57:32.299  1011  1189 I ASH     : @ 87504.498: tcs3701: stop power rail pending_off timer
11-23 12:57:32.299  1011  1189 D ASH     : @ 87504.498: tcs3701: start power rail timer, state:3
11-23 12:57:32.314  5238  5295 I BatteryMgr:DataCollectionService: stats => 1700740652314,10986,4446,13427,4169000,100
11-23 12:57:32.339  1011  1189 I ASH     : @ 87504.538: tcs3701: stop power rail pending_off timer
11-23 12:57:32.339  1011  1189 D ASH     : @ 87504.538: tcs3701: start power rail timer, state:3
11-23 12:57:32.380  1011  1189 I ASH     : @ 87504.578: tcs3701: stop power rail pending_off timer
11-23 12:57:32.380  1011  1189 D ASH     : @ 87504.578: tcs3701: start power rail timer, state:3
11-23 12:57:32.419  5238  5295 I BatteryMgr:DataCollectionService: stats => 1700740652419,10986,4446,13427,4169000,100
11-23 12:57:32.419  1011  1189 I ASH     : @ 87504.618: tcs3701: stop power rail pending_off timer
11-23 12:57:32.420  1011  1189 D ASH     : @ 87504.618: tcs3701: start power rail timer, state:3
11-23 12:57:32.460  1011  1189 I ASH     : @ 87504.658: tcs3701: stop power rail pending_off timer
11-23 12:57:32.460  1011  1189 D ASH     : @ 87504.658: tcs3701: start power rail timer, state:3
11-23 12:57:32.500  1011  1189 I ASH     : @ 87504.698: tcs3701: stop power rail pending_off timer
11-23 12:57:32.500  1011  1189 D ASH     : @ 87504.698: tcs3701: start power rail timer, state:3
11-23 12:57:32.525  5238  5295 I BatteryMgr:DataCollectionService: stats => 1700740652525,10986,4446,13427,4169000,100
11-23 12:57:32.540  1011  1189 I ASH     : @ 87504.738: tcs3701: stop power rail pending_off timer
11-23 12:57:32.540  1011  1189 D ASH     : @ 87504.738: tcs3701: start power rail timer, state:3
11-23 12:57:32.540  1795  3759 D ActivityManager: freezer override set to true
11-23 12:57:32.579  1011  1189 I ASH     : @ 87504.778: tcs3701: stop power rail pending_off timer
11-23 12:57:32.579  1011  1189 D ASH     : @ 87504.778: tcs3701: start power rail timer, state:3
11-23 12:57:32.619  1011  1189 I ASH     : @ 87504.818: tcs3701: stop power rail pending_off timer
11-23 12:57:32.619  1011  1189 D ASH     : @ 87504.818: tcs3701: start power rail timer, state:3
11-23 12:57:32.630  5238  5295 I BatteryMgr:DataCollectionService: stats => 1700740652630,10986,4446,13427,4169000,100
11-23 12:57:32.644 10953 10968 I m.chrome.canary: Explicit concurrent copying GC freed 3806(191KB) AllocSpace objects, 4(80KB) LOS objects, 75% free, 11MB/47MB, paused 93us,25us total 53.025ms
11-23 12:57:32.659  1011  1189 I ASH     : @ 87504.858: tcs3701: stop power rail pending_off timer
11-23 12:57:32.659  1011  1189 D ASH     : @ 87504.858: tcs3701: start power rail timer, state:3
11-23 12:57:32.699  1011  1189 I ASH     : @ 87504.898: tcs3701: stop power rail pending_off timer
11-23 12:57:32.699  1011  1189 D ASH     : @ 87504.898: tcs3701: start power rail timer, state:3
11-23 12:57:32.704  1795  3759 D ActivityManager: freezer override set to false
11-23 12:57:32.734  5238  5295 I BatteryMgr:DataCollectionService: stats => 1700740652734,10986,4446,13427,4169000,100
11-23 12:57:32.739  1011  1189 I ASH     : @ 87504.938: tcs3701: stop power rail pending_off timer
11-23 12:57:32.739  1011  1189 D ASH     : @ 87504.938: tcs3701: start power rail timer, state:3
11-23 12:57:32.753  1795  3759 D ActivityManager: freezer override set to true
11-23 12:57:32.756  1795  3759 D ActivityManager: freezer override set to false
11-23 12:57:32.780  1011  1189 I ASH     : @ 87504.978: tcs3701: stop power rail pending_off timer
11-23 12:57:32.780  1011  1189 D ASH     : @ 87504.978: tcs3701: start power rail timer, state:3
11-23 12:57:32.819  1011  1189 I ASH     : @ 87505.018: tcs3701: stop power rail pending_off timer
11-23 12:57:32.819  1011  1189 D ASH     : @ 87505.018: tcs3701: start power rail timer, state:3
11-23 12:57:32.838  5238  5295 I BatteryMgr:DataCollectionService: stats => 1700740652838,10986,4446,13427,4169000,100
11-23 12:57:32.859  1011  1189 I ASH     : @ 87505.058: tcs3701: stop power rail pending_off timer
11-23 12:57:32.859  1011  1189 D ASH     : @ 87505.058: tcs3701: start power rail timer, state:3
11-23 12:57:32.900  1011  1189 I ASH     : @ 87505.098: tcs3701: stop power rail pending_off timer
11-23 12:57:32.900  1011  1189 D ASH     : @ 87505.098: tcs3701: start power rail timer, state:3
11-23 12:57:32.939  1011  1189 I ASH     : @ 87505.138: tcs3701: stop power rail pending_off timer
11-23 12:57:32.939  1011  1189 D ASH     : @ 87505.138: tcs3701: start power rail timer, state:3
11-23 12:57:32.943  5238  5295 I BatteryMgr:DataCollectionService: stats => 1700740652943,10986,4446,13427,4169000,100
11-23 12:57:32.980  1011  1189 I ASH     : @ 87505.178: tcs3701: stop power rail pending_off timer
11-23 12:57:32.980  1011  1189 D ASH     : @ 87505.178: tcs3701: start power rail timer, state:3
11-23 12:57:33.019  1011  1189 I ASH     : @ 87505.218: tcs3701: stop power rail pending_off timer
11-23 12:57:33.019  1011  1189 D ASH     : @ 87505.218: tcs3701: start power rail timer, state:3
11-23 12:57:33.047  5238  5295 I BatteryMgr:DataCollectionService: stats => 1700740653047,10986,4446,13427,4169000,100
11-23 12:57:33.059  1011  1189 I ASH     : @ 87505.258: tcs3701: stop power rail pending_off timer
11-23 12:57:33.059  1011  1189 D ASH     : @ 87505.258: tcs3701: start power rail timer, state:3
11-23 12:57:33.100  1011  1189 I ASH     : @ 87505.298: tcs3701: stop power rail pending_off timer
11-23 12:57:33.100  1011  1189 D ASH     : @ 87505.298: tcs3701: start power rail timer, state:3
11-23 12:57:33.139  1011  1189 I ASH     : @ 87505.338: tcs3701: stop power rail pending_off timer
11-23 12:57:33.139  1011  1189 D ASH     : @ 87505.338: tcs3701: start power rail timer, state:3
11-23 12:57:33.151  5238  5295 I BatteryMgr:DataCollectionService: stats => 1700740653151,10986,4446,13427,4169000,100
11-23 12:57:33.180  1011  1189 I ASH     : @ 87505.378: tcs3701: stop power rail pending_off timer
11-23 12:57:33.180  1011  1189 D ASH     : @ 87505.378: tcs3701: start power rail timer, state:3
11-23 12:57:33.220  1011  1189 I ASH     : @ 87505.418: tcs3701: stop power rail pending_off timer
11-23 12:57:33.220  1011  1189 D ASH     : @ 87505.418: tcs3701: start power rail timer, state:3
11-23 12:57:33.227  1795  3759 D ActivityManager: freezer override set to true
11-23 12:57:33.232  1795  3759 D ActivityManager: freezer override set to false
11-23 12:57:33.255  5238  5295 I BatteryMgr:DataCollectionService: stats => 1700740653255,10986,4446,13427,4169000,100
11-23 12:57:33.259  1011  1189 I ASH     : @ 87505.458: tcs3701: stop power rail pending_off timer
11-23 12:57:33.259  1011  1189 D ASH     : @ 87505.458: tcs3701: start power rail timer, state:3
11-23 12:57:33.300  1011  1189 I ASH     : @ 87505.498: tcs3701: stop power rail pending_off timer
11-23 12:57:33.300  1011  1189 D ASH     : @ 87505.498: tcs3701: start power rail timer, state:3
11-23 12:57:33.339  1011  1189 I ASH     : @ 87505.538: tcs3701: stop power rail pending_off timer
11-23 12:57:33.339  1011  1189 D ASH     : @ 87505.538: tcs3701: start power rail timer, state:3
11-23 12:57:33.361  5238  5295 I BatteryMgr:DataCollectionService: stats => 1700740653361,10986,4446,13427,4169000,100
11-23 12:57:33.380  1011  1189 I ASH     : @ 87505.578: tcs3701: stop power rail pending_off timer
11-23 12:57:33.380  1011  1189 D ASH     : @ 87505.578: tcs3701: start power rail timer, state:3
11-23 12:57:33.419  1011  1189 I ASH     : @ 87505.618: tcs3701: stop power rail pending_off timer
11-23 12:57:33.419  1011  1189 D ASH     : @ 87505.618: tcs3701: start power rail timer, state:3
11-23 12:57:33.460  1011  1189 I ASH     : @ 87505.658: tcs3701: stop power rail pending_off timer
11-23 12:57:33.460  1011  1189 D ASH     : @ 87505.658: tcs3701: start power rail timer, state:3
11-23 12:57:33.466  5238  5295 I BatteryMgr:DataCollectionService: stats => 1700740653466,10986,4446,13427,4169000,100
11-23 12:57:33.499  1011  1189 I ASH     : @ 87505.698: tcs3701: stop power rail pending_off timer
11-23 12:57:33.499  1011  1189 D ASH     : @ 87505.698: tcs3701: start power rail timer, state:3
11-23 12:57:33.539  1011  1189 I ASH     : @ 87505.738: tcs3701: stop power rail pending_off timer
11-23 12:57:33.539  1011  1189 D ASH     : @ 87505.738: tcs3701: start power rail timer, state:3
11-23 12:57:33.572  5238  5295 I BatteryMgr:DataCollectionService: stats => 1700740653572,10986,4446,13427,4169000,100
11-23 12:57:33.580  1011  1189 I ASH     : @ 87505.778: tcs3701: stop power rail pending_off timer
11-23 12:57:33.580  1011  1189 D ASH     : @ 87505.778: tcs3701: start power rail timer, state:3
11-23 12:57:33.608  2113  2118 I pixel-thermal: skin-therm-monitor: 40.05
11-23 12:57:33.619  1011  1189 I ASH     : @ 87505.818: tcs3701: stop power rail pending_off timer
11-23 12:57:33.619  1011  1189 D ASH     : @ 87505.818: tcs3701: start power rail timer, state:3
11-23 12:57:33.660  1011  1189 I ASH     : @ 87505.858: tcs3701: stop power rail pending_off timer
11-23 12:57:33.660  1011  1189 D ASH     : @ 87505.858: tcs3701: start power rail timer, state:3
11-23 12:57:33.676  5238  5295 I BatteryMgr:DataCollectionService: stats => 1700740653676,10986,4446,13427,4169000,100
11-23 12:57:33.699  1011  1189 I ASH     : @ 87505.898: tcs3701: stop power rail pending_off timer
11-23 12:57:33.699  1011  1189 D ASH     : @ 87505.898: tcs3701: start power rail timer, state:3
11-23 12:57:33.740  1011  1189 I ASH     : @ 87505.938: tcs3701: stop power rail pending_off timer
11-23 12:57:33.740  1011  1189 D ASH     : @ 87505.938: tcs3701: start power rail timer, state:3
11-23 12:57:33.779  1011  1189 I ASH     : @ 87505.978: tcs3701: stop power rail pending_off timer
11-23 12:57:33.780  1011  1189 D ASH     : @ 87505.978: tcs3701: start power rail timer, state:3
11-23 12:57:33.781  5238  5295 I BatteryMgr:DataCollectionService: stats => 1700740653781,10986,4446,13427,4169000,100
11-23 12:57:33.819  1011  1189 I ASH     : @ 87506.018: tcs3701: stop power rail pending_off timer
11-23 12:57:33.819  1011  1189 D ASH     : @ 87506.018: tcs3701: start power rail timer, state:3
11-23 12:57:33.860  1011  1189 I ASH     : @ 87506.058: tcs3701: stop power rail pending_off timer
11-23 12:57:33.861  1011  1189 D ASH     : @ 87506.058: tcs3701: start power rail timer, state:3
11-23 12:57:33.886  5238  5295 I BatteryMgr:DataCollectionService: stats => 1700740653886,10986,4446,13427,4169000,100
11-23 12:57:33.900  1011  1189 I ASH     : @ 87506.098: tcs3701: stop power rail pending_off timer
11-23 12:57:33.900  1011  1189 D ASH     : @ 87506.098: tcs3701: start power rail timer, state:3
11-23 12:57:33.933  1795  3759 D ActivityManager: freezer override set to true
11-23 12:57:33.939  1011  1189 I ASH     : @ 87506.138: tcs3701: stop power rail pending_off timer
11-23 12:57:33.939  1011  1189 D ASH     : @ 87506.138: tcs3701: start power rail timer, state:3
11-23 12:57:33.954  1795  2424 D WifiClientModeImpl[13802:wlan0]: updateLinkLayerStatsRssiSpeedFrequencyCapabilities rssi=-47 TxLinkspeed=866 freq=5240 RxLinkSpeed=780
11-23 12:57:33.955  1795  2424 D WifiDataStall: tx tput in kbps: 772431
11-23 12:57:33.955  2782  5906 D QCNEJ/WlanStaInfoRelay: Received action: android.net.wifi.RSSI_CHANGED
11-23 12:57:33.955  1795  2424 D WifiDataStall: rx tput in kbps: 709921
11-23 12:57:33.955  1795  2424 V WifiConfigManager: Updating scan detail cache freq=5240 BSSID=f4:6d:2f:12:cc:88 RSSI=-46 for "ourhome"WPA_PSK
11-23 12:57:33.956  1795  2424 D WifiChannelUtilization:  freq: 5240 onTime: 2555720 busyTime: 231762 onTimeDiff: 2555425 busyTimeDiff: 231745 utilization: 23 utilization t0: 23
11-23 12:57:33.956  1795  2424 D WifiDataStall:  ccaLevel = 23
11-23 12:57:33.956  3213  8092 V WifiManager: OnWifiUsabilityStatsListener: onWifiUsabilityStats: seqNum=28902
11-23 12:57:33.956  1795  2424 D WifiDataStall: L2 txTputKbps: 748785, rxTputKbps: 709921, L3 txTputKbps: 0, rxTputKbps: 0, TxTrafficHigh: false, RxTrafficHigh: false, Throughput Sufficient: true
11-23 12:57:33.956  1795  2424 D WifiScoreReport: Wifi scoring disabled - Don't check IP layer
11-23 12:57:33.956  1795  2424 D WifiScoreCard: BSSID update SIGNAL_POLL ID: 1320464697 SSID: "ourhome", BSSID: f4:6d:2f:12:cc:88, MAC: b2:2f:ec:da:4a:0c, IP: /192.168.1.104, Security type: 2, Supplicant state: COMPLETED, Wi-Fi standard: 5, RSSI: -47, Link speed: 866Mbps, Tx Link speed: 866Mbps, Max Supported Tx Link speed: 866Mbps, Rx Link speed: 780Mbps, Max Supported Rx Link speed: 866Mbps, Frequency: 5240MHz, Net ID: 12, Metered hint: false, score: 60, isUsable: true, CarrierMerged: false, SubscriptionId: -1, IsPrimary: 1, Trusted: true, Restricted: false, Ephemeral: false, OEM paid: false, OEM private: false, OSU AP: false, FQDN: <none>, Provider friendly name: <none>, Requesting package name: <none>"ourhome"wpa2-pskMLO Information: , Is TID-To-Link negotiation supported by the AP: false, AP MLD Address: <none>, AP MLO Link Id: <none>, AP MLO Affiliated links: <none>
11-23 12:57:33.956  1795  2424 D WifiScoreCard: txRate: 5 txSpeed: 866
11-23 12:57:33.956  1795  2424 D WifiScoreCard: network update SIGNAL_POLL "ourhome" ID: 1499892569 RSSI -47 txSpeed 866
11-23 12:57:33.956  1795  3613 I WifiService: updateWifiUsabilityScore uid=10180 seqNum=28902 score=100 predictionHorizonSec=1441795
