--------- beginning of main
11-23 13:02:10.635  1011  1189 I ASH     : @ 87782.834: tcs3701: stop power rail pending_off timer
11-23 13:02:10.636  1011  1189 D ASH     : @ 87782.834: tcs3701: start power rail timer, state:3
11-23 13:02:10.676  1011  1189 I ASH     : @ 87782.874: tcs3701: stop power rail pending_off timer
11-23 13:02:10.676  1011  1189 D ASH     : @ 87782.874: tcs3701: start power rail timer, state:3
11-23 13:02:10.716  1011  1189 I ASH     : @ 87782.914: tcs3701: stop power rail pending_off timer
11-23 13:02:10.716  1011  1189 D ASH     : @ 87782.914: tcs3701: start power rail timer, state:3
11-23 13:02:10.734  1795  2150 I WifiService: getSupportedFeatures uid=1000 returns 1d81defca995fd
11-23 13:02:10.734  1795  2150 I WifiService: getWifiActivityEnergyInfoAsync uid=1000
11-23 13:02:10.756  1011  1189 I ASH     : @ 87782.954: tcs3701: stop power rail pending_off timer
11-23 13:02:10.756  1011  1189 D ASH     : @ 87782.954: tcs3701: start power rail timer, state:3
11-23 13:02:10.796  1011  1189 I ASH     : @ 87782.994: tcs3701: stop power rail pending_off timer
11-23 13:02:10.796  1011  1189 D ASH     : @ 87782.994: tcs3701: start power rail timer, state:3
11-23 13:02:10.836  1011  1189 I ASH     : @ 87783.034: tcs3701: stop power rail pending_off timer
11-23 13:02:10.836  1011  1189 D ASH     : @ 87783.034: tcs3701: start power rail timer, state:3
11-23 13:02:10.876 17342 17342 D AndroidRuntime: >>>>>> START com.android.internal.os.RuntimeInit uid 2000 <<<<<<
11-23 13:02:10.877  1011  1189 I ASH     : @ 87783.074: tcs3701: stop power rail pending_off timer
11-23 13:02:10.877  1011  1189 D ASH     : @ 87783.074: tcs3701: start power rail timer, state:3
11-23 13:02:10.880 17342 17342 I AndroidRuntime: Using default boot image
11-23 13:02:10.880 17342 17342 I AndroidRuntime: Leaving lock profiling enabled
11-23 13:02:10.883 17342 17342 I app_process: Using CollectorTypeCC GC.
11-23 13:02:10.915  1011  1189 I ASH     : @ 87783.114: tcs3701: stop power rail pending_off timer
11-23 13:02:10.916  1011  1189 D ASH     : @ 87783.114: tcs3701: start power rail timer, state:3
11-23 13:02:10.956  1011  1189 I ASH     : @ 87783.154: tcs3701: stop power rail pending_off timer
11-23 13:02:10.956  1011  1189 D ASH     : @ 87783.154: tcs3701: start power rail timer, state:3
11-23 13:02:10.962 17342 17342 D nativeloader: InitDefaultPublicLibraries for_preload=1: libandroid.so:libaaudio.so:libamidi.so:libbinder_ndk.so:libc.so:libcamera2ndk.so:libdl.so:libEGL.so:libGLESv1_CM.so:libGLESv2.so:libGLESv3.so:libicu.so:libicui18n.so:libicuuc.so:libjnigraphics.so:liblog.so:libmediandk.so:libm.so:libnativehelper.so:libnativewindow.so:libOpenMAXAL.so:libOpenSLES.so:libRS.so:libstdc++.so:libsync.so:libvulkan.so:libwebviewchromium_plat_support.so:libz.so
11-23 13:02:10.977 17342 17342 D app_process: Time zone APEX ICU file found: /apex/com.android.tzdata/etc/icu/icu_tzdata.dat
11-23 13:02:10.978 17342 17342 D app_process: I18n APEX ICU file found: /apex/com.android.i18n/etc/icu/icudt70l.dat
11-23 13:02:10.996  1011  1189 I ASH     : @ 87783.194: tcs3701: stop power rail pending_off timer
11-23 13:02:10.996  1011  1189 D ASH     : @ 87783.194: tcs3701: start power rail timer, state:3
11-23 13:02:11.003 17342 17342 D AndroidRuntime: Calling main entry com.android.commands.monkey.Monkey
11-23 13:02:11.004 17342 17342 W Monkey  : args: [-p, com.chrome.canary, 1]
11-23 13:02:11.004 17342 17342 W Monkey  :  arg: "-p"
11-23 13:02:11.004 17342 17342 W Monkey  :  arg: "com.chrome.canary"
11-23 13:02:11.005 17342 17342 W Monkey  :  arg: "1"
11-23 13:02:11.005 17342 17342 W Monkey  : data="com.chrome.canary"
--------- beginning of system
11-23 13:02:11.014  1795  2119 W BroadcastQueue: Skipping deliver [background] BroadcastRecord{ed67119 u-1 android.net.conn.CONNECTIVITY_CHANGE} to ReceiverList{a19f5de 17342 (unknown name)/2000/u-1 remote:2570463}: process gone or crashing
11-23 13:02:11.021  1795  3634 D CompatibilityChangeReporter: Compat change id reported: 161252188; UID 10010; state: DISABLED
11-23 13:02:11.021  1795  3634 I ActivityTaskManager: START u0 {act=android.intent.action.MAIN cat=[android.intent.category.LAUNCHER] flg=0x10200000 cmp=com.chrome.canary/com.google.android.apps.chrome.Main} from uid 2000
11-23 13:02:11.021  1795  3634 D CompatibilityChangeReporter: Compat change id reported: 265464455; UID 10010; state: DISABLED
11-23 13:02:11.021  1795  3634 D CompatibilityChangeReporter: Compat change id reported: 265452344; UID 10010; state: DISABLED
11-23 13:02:11.021  1795  3634 D CompatibilityChangeReporter: Compat change id reported: 266124927; UID 10010; state: DISABLED
11-23 13:02:11.021  1795  3634 D CompatibilityChangeReporter: Compat change id reported: 265451093; UID 10010; state: DISABLED
11-23 13:02:11.022  1795  3634 D CompatibilityChangeReporter: Compat change id reported: 265456536; UID 10010; state: DISABLED
11-23 13:02:11.022  1795  3634 D CompatibilityChangeReporter: Compat change id reported: 255940284; UID 10010; state: DISABLED
11-23 13:02:11.022  1795  3634 D CompatibilityChangeReporter: Compat change id reported: 236283604; UID 10010; state: DISABLED
11-23 13:02:11.022  1795  3634 D CompatibilityChangeReporter: Compat change id reported: 263959004; UID 10010; state: DISABLED
11-23 13:02:11.022  1795  3634 D CompatibilityChangeReporter: Compat change id reported: 264304459; UID 10010; state: DISABLED
11-23 13:02:11.022  1795  3634 D CompatibilityChangeReporter: Compat change id reported: 264301586; UID 10010; state: DISABLED
11-23 13:02:11.022  1795  3634 D CompatibilityChangeReporter: Compat change id reported: 254631730; UID 10010; state: DISABLED
11-23 13:02:11.022  1795  3634 D CompatibilityChangeReporter: Compat change id reported: 273509367; UID 10010; state: DISABLED
11-23 13:02:11.022  1795  3634 D CompatibilityChangeReporter: Compat change id reported: 263259275; UID 10010; state: DISABLED
11-23 13:02:11.022  1795  3634 D CompatibilityChangeReporter: Compat change id reported: 194480991; UID 10010; state: ENABLED
11-23 13:02:11.022  1795  3634 D CompatibilityChangeReporter: Compat change id reported: 174042980; UID 10010; state: DISABLED
11-23 13:02:11.024  1795  3634 D CompatibilityChangeReporter: Compat change id reported: 184838306; UID 10010; state: DISABLED
11-23 13:02:11.024  1795  3634 D CompatibilityChangeReporter: Compat change id reported: 185004937; UID 10010; state: DISABLED
11-23 13:02:11.024  1795  3634 D CompatibilityChangeReporter: Compat change id reported: 181136395; UID 10010; state: DISABLED
11-23 13:02:11.024  1795  3634 D CompatibilityChangeReporter: Compat change id reported: 174042936; UID 10010; state: DISABLED
11-23 13:02:11.025  1795  3634 D CompatibilityChangeReporter: Compat change id reported: 205907456; UID 10010; state: ENABLED
11-23 13:02:11.027  1795  3634 D CompatibilityChangeReporter: Compat change id reported: 194833441; UID 10010; state: ENABLED
11-23 13:02:11.029  2513  2550 W Parcel  : Expecting binder but got null!
11-23 13:02:11.029 17342 17342 I Monkey  : Events injected: 1
11-23 13:02:11.032  1795  3634 D CompatibilityChangeReporter: Compat change id reported: 168419799; UID 10010; state: DISABLED
11-23 13:02:11.032  1795  3634 D CompatibilityChangeReporter: Compat change id reported: 273564678; UID 10010; state: DISABLED
11-23 13:02:11.034  1795  2100 D CompatibilityChangeReporter: Compat change id reported: 135634846; UID 10010; state: DISABLED
11-23 13:02:11.034  1795  2149 E system_server: updateValue is called with a value {0, 0, 0, 0, 0, 0, 0, 0, 0, 0, 0, 0, 0, 0, 0, 0, 0, 0, 0, 0, 0, 0, 0, 0, 0}, which is lower than the previous value {0, 74, 100, 1331, 549, 6073, 1479, 2856, 61090, 428, 2029, 2208, 7656, 16813, 0, 0, 0, 390, 3935, 7919, 8032, 11799, 0, 0, 0}
11-23 13:02:11.034  1795  2149 E system_server: updateValue is called with a value {0, 0, 0, 0, 0, 0, 0, 0, 29, 0, 0, 0, 0, 0, 0, 0, 0, 0, 0, 0, 0, 0, 0, 0, 0}, which is lower than the previous value {0, 1, 0, 0, 0, 27, 16, 11, 58464, 0, 0, 10, 12, 261, 0, 0, 0, 0, 6, 4, 0, 401, 0, 0, 0}
11-23 13:02:11.035  1795  2120 D CompatibilityChangeReporter: Compat change id reported: 143937733; UID 10010; state: ENABLED
11-23 13:02:11.035  1011  1189 I ASH     : @ 87783.234: tcs3701: stop power rail pending_off timer
11-23 13:02:11.035  1011  1189 D ASH     : @ 87783.234: tcs3701: start power rail timer, state:3
11-23 13:02:11.038  3657  4461 D ForegroundUtils: Foreground UID status:
11-23 13:02:11.038  3657  4461 D ForegroundUtils: UID: 10128 is in foreground: true
11-23 13:02:11.038  3657  4461 D ForegroundUtils: UID: 10145 is in foreground: true
11-23 13:02:11.038  3657  4461 D ForegroundUtils: UID: 10158 is in foreground: true
11-23 13:02:11.038  3657  4461 D ForegroundUtils: UID: 10189 is in foreground: false
11-23 13:02:11.038  3657  4461 D ForegroundUtils: UID: 10194 is in foreground: true
11-23 13:02:11.038  3657  4461 D ForegroundUtils: UID: 10206 is in foreground: false
11-23 13:02:11.038  3657  4461 D ForegroundUtils: UID: 10233 is in foreground: true
11-23 13:02:11.038  3657  4461 D ForegroundUtils: UID: 10244 is in foreground: true
11-23 13:02:11.038  3657  4461 D ForegroundUtils: UID: 10304 is in foreground: true
11-23 13:02:11.038  3657  4461 D ForegroundUtils: UID: 10319 is in foreground: true
11-23 13:02:11.040 17342 17342 I Monkey  : ## Network stats: elapsed time=14ms (0ms mobile, 0ms wifi, 14ms not connected)
11-23 13:02:11.040 17342 17342 I app_process: System.exit called, status: 0
11-23 13:02:11.040 17342 17342 I AndroidRuntime: VM exiting with result code 0.
11-23 13:02:11.040   987   987 D Zygote  : Forked child process 17357
11-23 13:02:11.041  1795  2120 I ActivityManager: Start proc 17357:com.chrome.canary/u0a10 for next-top-activity {com.chrome.canary/com.google.android.apps.chrome.Main}
11-23 13:02:11.043  2513  2550 E OpenGLRenderer: Unable to match the desired swap behavior.
11-23 13:02:11.046 17357 17357 I m.chrome.canary: Using CollectorTypeCC GC.
11-23 13:02:11.049  1383  1442 I adbd    : jdwp connection from 17357
11-23 13:02:11.062 17357 17357 I ActivityThread: Relaunch all activities: onCoreSettingsChange
11-23 13:02:11.062 17357 17357 D CompatibilityChangeReporter: Compat change id reported: 171979766; UID 10010; state: ENABLED
11-23 13:02:11.063  3657  4461 D ForegroundUtils: Foreground UID status:
11-23 13:02:11.063  3657  4461 D ForegroundUtils: UID: 10010 is in foreground: true
11-23 13:02:11.063  3657  4461 D ForegroundUtils: UID: 10128 is in foreground: true
11-23 13:02:11.063  3657  4461 D ForegroundUtils: UID: 10145 is in foreground: true
11-23 13:02:11.065 17357 17357 W ziparchive: Unable to open '/data/app/~~-FnXeb6__ecKd-dFZ4kZZA==/com.google.android.trichromelibrary.canary_613700033-7Q2vBiD9q0nCftKFg-pq8w==/base.dm': No such file or directory
11-23 13:02:11.065 17357 17357 W ziparchive: Unable to open '/data/app/~~-FnXeb6__ecKd-dFZ4kZZA==/com.google.android.trichromelibrary.canary_613700033-7Q2vBiD9q0nCftKFg-pq8w==/base.dm': No such file or directory
11-23 13:02:11.065 17357 17357 W m.chrome.canary: Entry not found
11-23 13:02:11.066  3657  4461 D ForegroundUtils: UID: 10158 is in foreground: true
11-23 13:02:11.066  3657  4461 D ForegroundUtils: UID: 10189 is in foreground: false
11-23 13:02:11.066 17357 17357 D nativeloader: Configuring clns-4 for other apk /data/app/~~-FnXeb6__ecKd-dFZ4kZZA==/com.google.android.trichromelibrary.canary_613700033-7Q2vBiD9q0nCftKFg-pq8w==/base.apk. target_sdk_version=34, uses_libraries=ALL, library_path=/data/app/~~dutrJzl_xJkEyCCvIkexCw==/com.chrome.canary-4jcd8srf2WXxld2NC1r69A==/lib/arm64:/data/app/~~dutrJzl_xJkEyCCvIkexCw==/com.chrome.canary-4jcd8srf2WXxld2NC1r69A==/base.apk!/lib/arm64-v8a:/data/app/~~-FnXeb6__ecKd-dFZ4kZZA==/com.google.android.trichromelibrary.canary_613700033-7Q2vBiD9q0nCftKFg-pq8w==/base.apk!/lib/arm64-v8a, permitted_path=/data:/mnt/expand:/data/user/0/com.chrome.canary
11-23 13:02:11.066  3657  4461 D ForegroundUtils: UID: 10194 is in foreground: true
11-23 13:02:11.066  3657  4461 D ForegroundUtils: UID: 10206 is in foreground: false
11-23 13:02:11.066  3657  4461 D ForegroundUtils: UID: 10233 is in foreground: true
11-23 13:02:11.066  3657  4461 D ForegroundUtils: UID: 10244 is in foreground: true
11-23 13:02:11.066  3657  4461 D ForegroundUtils: UID: 10304 is in foreground: true
11-23 13:02:11.066  3657  4461 D ForegroundUtils: UID: 10319 is in foreground: true
11-23 13:02:11.071 17357 17357 D nativeloader: Configuring clns-5 for other apk /data/app/~~dutrJzl_xJkEyCCvIkexCw==/com.chrome.canary-4jcd8srf2WXxld2NC1r69A==/base.apk. target_sdk_version=34, uses_libraries=, library_path=/data/app/~~dutrJzl_xJkEyCCvIkexCw==/com.chrome.canary-4jcd8srf2WXxld2NC1r69A==/lib/arm64:/data/app/~~dutrJzl_xJkEyCCvIkexCw==/com.chrome.canary-4jcd8srf2WXxld2NC1r69A==/base.apk!/lib/arm64-v8a:/data/app/~~-FnXeb6__ecKd-dFZ4kZZA==/com.google.android.trichromelibrary.canary_613700033-7Q2vBiD9q0nCftKFg-pq8w==/base.apk!/lib/arm64-v8a, permitted_path=/data:/mnt/expand:/data/user/0/com.chrome.canary
11-23 13:02:11.076  1011  1189 I ASH     : @ 87783.274: tcs3701: stop power rail pending_off timer
11-23 13:02:11.076  1011  1189 D ASH     : @ 87783.274: tcs3701: start power rail timer, state:3
11-23 13:02:11.079 17357 17357 V GraphicsEnvironment: ANGLE Developer option for 'com.chrome.canary' set to: 'default'
11-23 13:02:11.079 17357 17357 V GraphicsEnvironment: ANGLE GameManagerService for com.chrome.canary: false
11-23 13:02:11.079 17357 17357 V GraphicsEnvironment: Updatable production driver is not supported on the device.
11-23 13:02:11.081 17357 17357 I LoadedApk: No resource references to update in package com.google.android.trichromelibrary.canary
11-23 13:02:11.081 17357 17357 D NetworkSecurityConfig: Using Network Security Config from resource 0_resource_name_obfuscated debugBuild: false
11-23 13:02:11.081 17357 17357 D NetworkSecurityConfig: Using Network Security Config from resource 0_resource_name_obfuscated debugBuild: false
11-23 13:02:11.082 17357 17357 I cr_SplitCompatApp: Launched version=121.0.6137.0 minSdkVersion=29 isBundle=true processName=com.chrome.canary isIsolated=false
11-23 13:02:11.104 17357 17379 I cr_LibraryLoader: Loading monochrome_64 from within /data/app/~~dutrJzl_xJkEyCCvIkexCw==/com.chrome.canary-4jcd8srf2WXxld2NC1r69A==/base.apk
11-23 13:02:11.106  1795  3634 D CompatibilityChangeReporter: Compat change id reported: 161145287; UID 10010; state: DISABLED
11-23 13:02:11.107 17357 17379 I cr_Linker: loadLibraryImplLocked: monochrome_64, relroMode=1
11-23 13:02:11.115  1011  1189 I ASH     : @ 87783.314: tcs3701: stop power rail pending_off timer
11-23 13:02:11.115  1011  1189 D ASH     : @ 87783.314: tcs3701: start power rail timer, state:3
11-23 13:02:11.116 17357 17379 I cr_LibraryLoader: Successfully loaded native library
11-23 13:02:11.117 17357 17379 I cr_CachingUmaRecorder: Flushed 20 samples from 18 histograms, 0 samples were dropped.
11-23 13:02:11.129  3875  3875 I dzhj    : onPause
11-23 13:02:11.133  3604  3604 I hitl    : (REDACTED) received broadcast: %s
11-23 13:02:11.134 17357 17357 I cr_MultiInstance: Removed invalid instance data. Removed tasks-instance mappings: [Chrome.MultiInstance.TaskMap.0 - 1394] and shared prefs for instances: []
11-23 13:02:11.134  3604  4263 I hito    : (REDACTED) received broadcast: %s
11-23 13:02:11.134  3604  4263 I hioo    : (REDACTED) #onConfigUpdate. requester: %s
11-23 13:02:11.134 17357 17357 I cr_MultiInstance: Existing Instance - persisted and unmapped Id allocated: 0
11-23 13:02:11.134  3604  4273 I hioo    : #onConfigUpdate inside sequencer
11-23 13:02:11.134  3604  4273 I hilg    : (REDACTED) Voice Match (Speaker-id) supported : %b 
11-23 13:02:11.134 17357 17384 W DynamiteModule: Local module descriptor class for com.google.android.gms.googlecertificates not found.
11-23 13:02:11.134  3604  4273 I hilg    : (REDACTED) hotword enrollment state is enrolled:  %b, speakerId model exist: %b. Voice Match supported : %b 
11-23 13:02:11.134  3604  4273 I hilg    : (REDACTED) isHotwordAvailable():  %b, isHotwordEnabled() %b 
11-23 13:02:11.135  3604  4273 I hilg    : (REDACTED) isHotwordAvailable():  %b, isHotwordEnabled() %b 
11-23 13:02:11.135  3604  4273 I hilg    : (REDACTED) Hotword enrollment state : %s.
11-23 13:02:11.135  3604  4273 I hilg    : (REDACTED) Voice Match (Speaker-id) supported : %b 
11-23 13:02:11.135  3604  4273 I hilg    : (REDACTED) Voice Match (Speaker-id) supported : %b 
11-23 13:02:11.135  3604  4273 I hilg    : (REDACTED) hotword enrollment state is enrolled:  %b, speakerId model exist: %b, voice match supported : %b
11-23 13:02:11.135  3604  4273 I hilg    : (REDACTED) Hotword isNonVoiceMatchHotwordEnabled: %b, isHotwordAvailable: %b, isHotwordEnabled: %b, isVoiceMatchSupported: %b, isHotwordEnrolled: %b,
11-23 13:02:11.135  3604  4273 I hioo    : (REDACTED) Ignore the legacy hotword request. voice match enabled %b, isHotwordSupported %b, isIncompleteEnrollmentState %b, nonVoiceMatchHotwordEnabled %b
11-23 13:02:11.137 17357 17357 I cr_MultiInstance: Intent action: android.intent.action.MAIN
11-23 13:02:11.137 17357 17357 I cr_MultiInstance: Intent routed via ChromeLauncherActivity: false
11-23 13:02:11.137 17357 17357 I cr_MultiInstance: Referrer: android-app://com.android.shell
11-23 13:02:11.137 17357 17357 I cr_MultiInstance: Intent contains LAUNCHER category: true
11-23 13:02:11.137 17357 17357 I cr_MultiInstance: Intent contains FLAG_ACTIVITY_MULTIPLE_TASK: false
11-23 13:02:11.137 17357 17357 I cr_MultiInstance: Intent contains FLAG_ACTIVITY_NEW_TASK: true
11-23 13:02:11.137 17357 17357 I cr_MultiInstance: Intent component: com.google.android.apps.chrome.Main
11-23 13:02:11.137 17357 17357 I cr_MultiInstance: Intent sent by OS: false
11-23 13:02:11.137 17357 17357 I cr_MultiInstance: @ExternalAppId of intent source: 0
11-23 13:02:11.137 17357 17357 I cr_MultiInstance: Are all instances running: false
11-23 13:02:11.137 17357 17357 I cr_MultiInstance: Window allocation type: 6
11-23 13:02:11.137 17357 17357 I cr_MultiInstance: Window ID allocated: 0
11-23 13:02:11.137 17357 17357 W cr_ActivityDispatcher: CustomTabsIntent#shouldAlwaysUseBrowserUI() = false
11-23 13:02:11.137 17357 17357 D CompatibilityChangeReporter: Compat change id reported: 183155436; UID 10010; state: ENABLED
11-23 13:02:11.142 17357 17384 I DynamiteModule: Considering local module com.google.android.gms.googlecertificates:0 and remote module com.google.android.gms.googlecertificates:7
11-23 13:02:11.142 17357 17384 I DynamiteModule: Selected remote version of com.google.android.gms.googlecertificates, version >= 7
11-23 13:02:11.145 17357 17357 E m.chrome.canary: Invalid ID 0x00000000.
11-23 13:02:11.148 17357 17357 I cr_SplitCompatClassLoader: Splits: null
11-23 13:02:11.148 17357 17384 W System  : ClassLoader referenced unknown path: 
11-23 13:02:11.148 17357 17384 D nativeloader: Configuring clns-6 for other apk . target_sdk_version=34, uses_libraries=, library_path=/data/app/~~kuQRvAzVZuE4Ro2oLuwWdQ==/com.google.android.gms-oAttmqgZrSU_NO_sHK9RSA==/lib/arm64:/data/app/~~kuQRvAzVZuE4Ro2oLuwWdQ==/com.google.android.gms-oAttmqgZrSU_NO_sHK9RSA==/base.apk!/lib/arm64-v8a, permitted_path=/data:/mnt/expand:/data/user/0/com.google.android.gms
11-23 13:02:11.155  1011  1189 I ASH     : @ 87783.354: tcs3701: stop power rail pending_off timer
11-23 13:02:11.155  1011  1189 D ASH     : @ 87783.354: tcs3701: start power rail timer, state:3
11-23 13:02:11.167 17357 17357 W cr_ActivityDispatcher: CustomTabsIntent#shouldAlwaysUseBrowserUI() = false
11-23 13:02:11.170  3845  3845 E AbstractGmsTracer: Traced class shouldn't be obfuscated: GmsBoundBrokerChimeraService [CONTEXT service_id=259 ]
11-23 13:02:11.171  3845  3845 D BoundBrokerSvc: onBind: Intent { act=com.google.android.gms.safetynet.service.START pkg=com.google.android.gms }
11-23 13:02:11.171  3845  3845 D BoundBrokerSvc: Loading bound service for intent: Intent { act=com.google.android.gms.safetynet.service.START pkg=com.google.android.gms }
11-23 13:02:11.172  3845  3845 E AbstractGmsTracer: Traced class shouldn't be obfuscated: SafetyNetClientChimeraService [CONTEXT service_id=259 ]
11-23 13:02:11.175  3074  3074 E AbstractGmsTracer: Traced class shouldn't be obfuscated: GmsApiChimeraService [CONTEXT service_id=259 ]
11-23 13:02:11.175 17357 17357 I cr_CompositorSurfaceMgr: Transitioning to surface with format: -1
11-23 13:02:11.175  3074  3074 D BoundBrokerSvc: onBind: Intent { act=com.google.android.gms.phenotype.service.START pkg=com.google.android.gms }
11-23 13:02:11.175  3074  3074 D BoundBrokerSvc: Loading bound service for intent: Intent { act=com.google.android.gms.phenotype.service.START pkg=com.google.android.gms }
11-23 13:02:11.176  3074  3074 E AbstractGmsTracer: Traced class shouldn't be obfuscated: PhenotypeChimeraService [CONTEXT service_id=259 ]
11-23 13:02:11.188 17357 17357 D CompatibilityChangeReporter: Compat change id reported: 210923482; UID 10010; state: ENABLED
11-23 13:02:11.195  1011  1189 I ASH     : @ 87783.394: tcs3701: stop power rail pending_off timer
11-23 13:02:11.195  1011  1189 D ASH     : @ 87783.394: tcs3701: start power rail timer, state:3
11-23 13:02:11.215 17357 17357 D CompatibilityChangeReporter: Compat change id reported: 193247900; UID 10010; state: ENABLED
11-23 13:02:11.235  1011  1189 I ASH     : @ 87783.434: tcs3701: stop power rail pending_off timer
11-23 13:02:11.235 17357 17357 W cr_ActivityDispatcher: CustomTabsIntent#shouldAlwaysUseBrowserUI() = false
11-23 13:02:11.235  1011  1189 D ASH     : @ 87783.434: tcs3701: start power rail timer, state:3
11-23 13:02:11.241 17357 17357 D CompatibilityChangeReporter: Compat change id reported: 237531167; UID 10010; state: DISABLED
11-23 13:02:11.248 17357 17394 W Parcel  : Expecting binder but got null!
11-23 13:02:11.255  1795  3634 D CoreBackPreview: Window{139ffe4 u0 com.chrome.canary/com.google.android.apps.chrome.Main}: Setting back callback OnBackInvokedCallbackInfo{mCallback=android.window.IOnBackInvokedCallback$Stub$Proxy@f458413, mPriority=-1}
11-23 13:02:11.256  1795  2120 D CompatibilityChangeReporter: Compat change id reported: 143937733; UID 10010; state: ENABLED
11-23 13:02:11.256  1795  2120 D CompatibilityChangeReporter: Compat change id reported: 135634846; UID 10010; state: DISABLED
11-23 13:02:11.256  1795  2120 D CompatibilityChangeReporter: Compat change id reported: 207557677; UID 10010; state: ENABLED
11-23 13:02:11.257   987   987 W Zygote  : forkRepeatedly terminated due to non-simple command
11-23 13:02:11.257   987   987 D Zygote  : mbuffer starts with 15, nice name is com.chrome.canary_zygote, mEnd = 410, mNext = 191, mLinesLeft = 6, mFd = 5
11-23 13:02:11.263   987   987 D Zygote  : Forked child process 17403
11-23 13:02:11.265  1795  2120 W ZygoteProcess: Got error connecting to zygote, retrying. msg= Connection refused
11-23 13:02:11.266 17403 17403 I libc    : SetHeapTaggingLevel: tag level set to 0
11-23 13:02:11.267 17357 17394 I AdrenoGLES-0: QUALCOMM build                   : 4783c89, I46ff5fc46f
11-23 13:02:11.267 17357 17394 I AdrenoGLES-0: Build Date                       : 11/30/20
11-23 13:02:11.267 17357 17394 I AdrenoGLES-0: OpenGL ES Shader Compiler Version: EV031.31.04.01
11-23 13:02:11.267 17357 17394 I AdrenoGLES-0: Local Branch                     : QPR2
11-23 13:02:11.267 17357 17394 I AdrenoGLES-0: Remote Branch                    : 
11-23 13:02:11.267 17357 17394 I AdrenoGLES-0: Remote Branch                    : 
11-23 13:02:11.267 17357 17394 I AdrenoGLES-0: Reconstruct Branch               : 
11-23 13:02:11.267 17357 17394 I AdrenoGLES-0: Build Config                     : S P 10.0.4 AArch64
11-23 13:02:11.267 17357 17394 I AdrenoGLES-0: Driver Path                      : /vendor/lib64/egl/libGLESv2_adreno.so
11-23 13:02:11.268 17357 17357 I cr_StartSurfaceConfig: Recorded Startup.Android.FirstDrawCompletedTime.NoInstant = 125 ms
11-23 13:02:11.268 17403 17403 I e.canary_zygote: Using CollectorTypeCC GC.
11-23 13:02:11.271 17357 17394 I AdrenoGLES-0: PFP: 0x016dd093, ME: 0x00000000
11-23 13:02:11.273 17357 17394 W AdrenoUtils: <ReadGpuID_from_sysfs:197>: Failed to open /sys/class/kgsl/kgsl-3d0/gpu_model
11-23 13:02:11.273 17357 17394 W AdrenoUtils: <ReadGpuID:221>: Failed to read chip ID from gpu_model. Fallback to use the GSL path
11-23 13:02:11.275  1011  1189 I ASH     : @ 87783.474: tcs3701: stop power rail pending_off timer
11-23 13:02:11.275  1011  1189 D ASH     : @ 87783.474: tcs3701: start power rail timer, state:3
11-23 13:02:11.280   648  3370 I SDM     : HWCDisplay::GetColorModeCount: Supported color mode count = 3
11-23 13:02:11.280   648  3370 I SDM     : HWCDisplay::GetColorModes: Color mode = 0 is supported
11-23 13:02:11.280   648  3370 I SDM     : HWCDisplay::GetColorModes: Color mode = 7 is supported
11-23 13:02:11.280   648  3370 I SDM     : HWCDisplay::GetColorModes: Color mode = 9 is supported
11-23 13:02:11.280  3074 17094 E ckqk    : Phenotype API error. Event # evhb@4d9c11d4, EventCode: 7 [CONTEXT service_id=51 ]
11-23 13:02:11.280  3074 17094 E ckqk    : ckoo: 29505: No config packages for log source, or config package not registered
11-23 13:02:11.280  3074 17094 E ckqk    : 	at ckrk.b(:com.google.android.gms@234414038@23.44.14 (190400-580326705):79)
11-23 13:02:11.280  3074 17094 E ckqk    : 	at ckrh.h(:com.google.android.gms@234414038@23.44.14 (190400-580326705):3)
11-23 13:02:11.280  3074 17094 E ckqk    : 	at ckqk.g(:com.google.android.gms@234414038@23.44.14 (190400-580326705):18)
11-23 13:02:11.280  3074 17094 E ckqk    : 	at ckqk.f(:com.google.android.gms@234414038@23.44.14 (190400-580326705):11)
11-23 13:02:11.280  3074 17094 E ckqk    : 	at bfmo.fh(:com.google.android.gms@234414038@23.44.14 (190400-580326705):1)
11-23 13:02:11.280  3074 17094 E ckqk    : 	at bfmz.run(:com.google.android.gms@234414038@23.44.14 (190400-580326705):100)
11-23 13:02:11.280  3074 17094 E ckqk    : 	at dvlp.run(:com.google.android.gms@234414038@23.44.14 (190400-580326705):13)
11-23 13:02:11.280  3074 17094 E ckqk    : 	at ajls.c(:com.google.android.gms@234414038@23.44.14 (190400-580326705):50)
11-23 13:02:11.280  3074 17094 E ckqk    : 	at ajls.run(:com.google.android.gms@234414038@23.44.14 (190400-580326705):76)
11-23 13:02:11.280  3074 17094 E ckqk    : 	at java.util.concurrent.ThreadPoolExecutor.runWorker(ThreadPoolExecutor.java:1145)
11-23 13:02:11.280  3074 17094 E ckqk    : 	at java.util.concurrent.ThreadPoolExecutor$Worker.run(ThreadPoolExecutor.java:644)
11-23 13:02:11.280  3074 17094 E ckqk    : 	at ajqx.run(:com.google.android.gms@234414038@23.44.14 (190400-580326705):8)
11-23 13:02:11.280  3074 17094 E ckqk    : 	at java.lang.Thread.run(Thread.java:1012)
11-23 13:02:11.280 17357 17394 E OpenGLRenderer: Unable to match the desired swap behavior.
11-23 13:02:11.281  3074 17094 W AsyncOperation: operation=GetExperimentTokensOperationCall, opStatusCode=29505 [CONTEXT service_id=51 ]
11-23 13:02:11.281  3074 17094 W AsyncOperation: OperationException[Status{statusCode=No config packages for log source, or config package not registered, resolution=null}]
11-23 13:02:11.281  3074 17094 W AsyncOperation: 	at ckqk.g(:com.google.android.gms@234414038@23.44.14 (190400-580326705):48)
11-23 13:02:11.281  3074 17094 W AsyncOperation: 	at ckqk.f(:com.google.android.gms@234414038@23.44.14 (190400-580326705):11)
11-23 13:02:11.281  3074 17094 W AsyncOperation: 	at bfmo.fh(:com.google.android.gms@234414038@23.44.14 (190400-580326705):1)
11-23 13:02:11.281  3074 17094 W AsyncOperation: 	at bfmz.run(:com.google.android.gms@234414038@23.44.14 (190400-580326705):100)
11-23 13:02:11.281  3074 17094 W AsyncOperation: 	at dvlp.run(:com.google.android.gms@234414038@23.44.14 (190400-580326705):13)
11-23 13:02:11.281  3074 17094 W AsyncOperation: 	at ajls.c(:com.google.android.gms@234414038@23.44.14 (190400-580326705):50)
11-23 13:02:11.281  3074 17094 W AsyncOperation: 	at ajls.run(:com.google.android.gms@234414038@23.44.14 (190400-580326705):76)
11-23 13:02:11.281  3074 17094 W AsyncOperation: 	at java.util.concurrent.ThreadPoolExecutor.runWorker(ThreadPoolExecutor.java:1145)
11-23 13:02:11.281  3074 17094 W AsyncOperation: 	at java.util.concurrent.ThreadPoolExecutor$Worker.run(ThreadPoolExecutor.java:644)
11-23 13:02:11.281  3074 17094 W AsyncOperation: 	at ajqx.run(:com.google.android.gms@234414038@23.44.14 (190400-580326705):8)
11-23 13:02:11.281  3074 17094 W AsyncOperation: 	at java.lang.Thread.run(Thread.java:1012)
11-23 13:02:11.284   595   595 I servicemanager: Could not find android.hardware.graphics.allocator.IAllocator/default in the VINTF manifest.
11-23 13:02:11.300  1795  2096 I ActivityTaskManager: Displayed com.chrome.canary/com.google.android.apps.chrome.Main: +275ms
11-23 13:02:11.307 17357 17357 I cr_CombinedPProvider: #linkNativeInternal() 0
11-23 13:02:11.307 17357 17357 I cr_PolicyProvider: #setManagerAndSource() 0
11-23 13:02:11.308 17357 17357 I cr_PolicyCacheProvider: #refresh() true
11-23 13:02:11.316  1011  1189 I ASH     : @ 87783.514: tcs3701: stop power rail pending_off timer
11-23 13:02:11.316  1011  1189 D ASH     : @ 87783.514: tcs3701: start power rail timer, state:3
11-23 13:02:11.316  1795  2120 I AppZygote: Starting application preload.
11-23 13:02:11.319 17403 17403 I AppZygoteInit: Beginning application preload for com.chrome.canary
11-23 13:02:11.320 17403 17403 W ziparchive: Unable to open '/data/app/~~-FnXeb6__ecKd-dFZ4kZZA==/com.google.android.trichromelibrary.canary_613700033-7Q2vBiD9q0nCftKFg-pq8w==/base.dm': No such file or directory
11-23 13:02:11.320 17403 17403 W ziparchive: Unable to open '/data/app/~~-FnXeb6__ecKd-dFZ4kZZA==/com.google.android.trichromelibrary.canary_613700033-7Q2vBiD9q0nCftKFg-pq8w==/base.dm': No such file or directory
11-23 13:02:11.320 17403 17403 W e.canary_zygote: Entry not found
11-23 13:02:11.321 17403 17403 D nativeloader: Configuring clns-4 for other apk /data/app/~~-FnXeb6__ecKd-dFZ4kZZA==/com.google.android.trichromelibrary.canary_613700033-7Q2vBiD9q0nCftKFg-pq8w==/base.apk. target_sdk_version=34, uses_libraries=ALL, library_path=/data/app/~~dutrJzl_xJkEyCCvIkexCw==/com.chrome.canary-4jcd8srf2WXxld2NC1r69A==/lib/arm64:/data/app/~~dutrJzl_xJkEyCCvIkexCw==/com.chrome.canary-4jcd8srf2WXxld2NC1r69A==/base.apk!/lib/arm64-v8a:/data/app/~~-FnXeb6__ecKd-dFZ4kZZA==/com.google.android.trichromelibrary.canary_613700033-7Q2vBiD9q0nCftKFg-pq8w==/base.apk!/lib/arm64-v8a, permitted_path=/data:/mnt/expand
11-23 13:02:11.326 17403 17403 D nativeloader: Configuring clns-5 for other apk /data/app/~~dutrJzl_xJkEyCCvIkexCw==/com.chrome.canary-4jcd8srf2WXxld2NC1r69A==/base.apk. target_sdk_version=34, uses_libraries=, library_path=/data/app/~~dutrJzl_xJkEyCCvIkexCw==/com.chrome.canary-4jcd8srf2WXxld2NC1r69A==/lib/arm64:/data/app/~~dutrJzl_xJkEyCCvIkexCw==/com.chrome.canary-4jcd8srf2WXxld2NC1r69A==/base.apk!/lib/arm64-v8a:/data/app/~~-FnXeb6__ecKd-dFZ4kZZA==/com.google.android.trichromelibrary.canary_613700033-7Q2vBiD9q0nCftKFg-pq8w==/base.apk!/lib/arm64-v8a, permitted_path=/data:/mnt/expand
11-23 13:02:11.329 17357 17378 I cr_PartnerCustUma: Partner Customization delegate: 0.
11-23 13:02:11.329 17357 17378 W cr_PartnerCustomize: Partner homepage must be HTTP(S) or NewTabPage. Got invalid URL ""
11-23 13:02:11.329 17403 17403 I cr_ZygotePreload: Loaded Zygote. version=121.0.6137.0 minSdkVersion=29 isBundle=true
11-23 13:02:11.332  2588  2588 I WallpaperService: engine paused
11-23 13:02:11.333  1011  1011 I sensors-hal: [hal]activate_physical_sensor:251, android.sensor.gyroscope/41 en=0
11-23 13:02:11.335 17403 17403 I cr_LibraryLoader: Loading monochrome_64 from within /data/app/~~dutrJzl_xJkEyCCvIkexCw==/com.chrome.canary-4jcd8srf2WXxld2NC1r69A==/base.apk
11-23 13:02:11.335 17403 17403 I cr_Linker: loadLibraryImplLocked: monochrome_64, relroMode=1
11-23 13:02:11.336  1011  1011 D Diag_Lib: diag: Diag_LSM_DeInit: invoked for pid: 1011
11-23 13:02:11.336  1011  1011 D Diag_Lib: diag: Diag_LSM_DeInit: done for pid: 1011
11-23 13:02:11.338  1011  1011 D Diag_Lib: diag: Diag_LSM_DeInit: invoked for pid: 1011
11-23 13:02:11.338  1011  1011 D Diag_Lib: diag: Diag_LSM_DeInit: done for pid: 1011
11-23 13:02:11.338  1011  1011 I sensors-hal: [hal]activate_physical_sensor:262, android.sensor.gyroscope/41 en=0 completed
11-23 13:02:11.352  1795  2120 I AppZygote: Application preload done.
11-23 13:02:11.352 17403 17403 I AppZygoteInit: Application preload done
11-23 13:02:11.356  1011  1189 I ASH     : @ 87783.554: tcs3701: stop power rail pending_off timer
11-23 13:02:11.356  1011  1189 D ASH     : @ 87783.554: tcs3701: start power rail timer, state:3
11-23 13:02:11.367 17403 17409 W e.canary_zygote: Reducing the number of considered missed Gc histogram windows from 8778 to 100
11-23 13:02:11.368 17403 17403 I Zygote  : Entering forkRepeatedly native zygote loop
11-23 13:02:11.377 17403 17403 D Zygote  : Forked child process 17430
11-23 13:02:11.377 17357 17357 I chromium: [INFO:policy_logger.cc(144)] :components/enterprise/browser/controller/chrome_browser_cloud_management_controller.cc(273) Deferring CBCM Controller Initialization until it is unblocked.
11-23 13:02:11.378  1795  2120 W ActivityManager: Slow operation: 123ms so far, now at startProcess: returned from zygote!
11-23 13:02:11.379  1795  2120 W ActivityManager: Slow operation: 123ms so far, now at startProcess: done updating battery stats
11-23 13:02:11.379  1795  2120 W ActivityManager: Slow operation: 124ms so far, now at startProcess: building log message
11-23 13:02:11.379  1795  2120 I ActivityManager: Start proc 17430:com.chrome.canary:sandboxed_process0:org.chromium.content.app.SandboxedProcessService0:0/u0ai0 for  {com.chrome.canary/org.chromium.content.app.SandboxedProcessService0:0}
11-23 13:02:11.379  1795  2120 W ActivityManager: Slow operation: 124ms so far, now at startProcess: starting to update pids map
11-23 13:02:11.379  1795  2120 W ActivityManager: Slow operation: 124ms so far, now at startProcess: done updating pids map
11-23 13:02:11.380 17430 17430 E libc    : SetHeapTaggingLevel: re-enabling tagging after it was disabled is not supported
11-23 13:02:11.383   987   987 I Zygote  : Entering forkRepeatedly native zygote loop
11-23 13:02:11.387 17430 17430 I ocessService0:0: Using CollectorTypeCC GC.
11-23 13:02:11.393   987   987 D Zygote  : Forked child process 17438
11-23 13:02:11.395  1795  2120 I ActivityManager: Start proc 17438:com.chrome.canary:privileged_process0/u0a10 for service {com.chrome.canary/org.chromium.content.app.PrivilegedProcessService0}
11-23 13:02:11.396  1011  1189 I ASH     : @ 87783.594: tcs3701: stop power rail pending_off timer
11-23 13:02:11.396  1011  1189 D ASH     : @ 87783.594: tcs3701: start power rail timer, state:3
11-23 13:02:11.399  1383  1442 I adbd    : jdwp connection from 17430
11-23 13:02:11.402 17438 17438 I ileged_process0: Using CollectorTypeCC GC.
11-23 13:02:11.409  3657  4461 D ForegroundUtils: Foreground UID status:
11-23 13:02:11.409  3657  4461 D ForegroundUtils: UID: 10010 is in foreground: true
11-23 13:02:11.409  3657  4461 D ForegroundUtils: UID: 10128 is in foreground: true
11-23 13:02:11.409  3657  4461 D ForegroundUtils: UID: 10145 is in foreground: true
11-23 13:02:11.409  3657  4461 D ForegroundUtils: UID: 10158 is in foreground: true
11-23 13:02:11.409  3657  4461 D ForegroundUtils: UID: 10189 is in foreground: false
11-23 13:02:11.409  3657  4461 D ForegroundUtils: UID: 10194 is in foreground: true
11-23 13:02:11.409  3657  4461 D ForegroundUtils: UID: 10206 is in foreground: false
11-23 13:02:11.409  3657  4461 D ForegroundUtils: UID: 10233 is in foreground: true
11-23 13:02:11.409  3657  4461 D ForegroundUtils: UID: 10244 is in foreground: true
11-23 13:02:11.409  3657  4461 D ForegroundUtils: UID: 10304 is in foreground: true
11-23 13:02:11.409  3657  4461 D ForegroundUtils: UID: 10319 is in foreground: true
11-23 13:02:11.409  3657  4461 D ForegroundUtils: UID: 90000 is in foreground: true
11-23 13:02:11.412 17430 17430 I ActivityThread: Relaunch all activities: onCoreSettingsChange
11-23 13:02:11.413 17430 17430 D CompatibilityChangeReporter: Compat change id reported: 171979766; UID 90000; state: ENABLED
11-23 13:02:11.414  1383  1442 I adbd    : jdwp connection from 17438
11-23 13:02:11.424  1795  2424 D WifiClientModeImpl[13802:wlan0]: updateLinkLayerStatsRssiSpeedFrequencyCapabilities rssi=-48 TxLinkspeed=866 freq=5240 RxLinkSpeed=866
11-23 13:02:11.425  1795  2424 D WifiDataStall: tx tput in kbps: 748785
11-23 13:02:11.425  1795  2424 D WifiDataStall: rx tput in kbps: 788195
11-23 13:02:11.425  2782  5906 D QCNEJ/WlanStaInfoRelay: Received action: android.net.wifi.RSSI_CHANGED
11-23 13:02:11.425  1795  2424 V WifiConfigManager: Updating scan detail cache freq=5240 BSSID=f4:6d:2f:12:cc:88 RSSI=-47 for "ourhome"WPA_PSK
11-23 13:02:11.425  1795  2424 D WifiChannelUtilization:  freq: 5240 onTime: 2565566 busyTime: 232834 onTimeDiff: 2565271 busyTimeDiff: 232817 utilization: 23 utilization t0: 23
11-23 13:02:11.425  1795  2424 D WifiDataStall:  ccaLevel = 23
11-23 13:02:11.425  1795  2424 D WifiDataStall: L2 txTputKbps: 748785, rxTputKbps: 788195, L3 txTputKbps: 0, rxTputKbps: 0, TxTrafficHigh: false, RxTrafficHigh: false, Throughput Sufficient: true
11-23 13:02:11.425  1795  2424 D WifiScoreReport: Wifi scoring disabled - Don't check IP layer
11-23 13:02:11.426  1795  2424 D WifiScoreCard: BSSID update SIGNAL_POLL ID: 1320464697 SSID: "ourhome", BSSID: f4:6d:2f:12:cc:88, MAC: b2:2f:ec:da:4a:0c, IP: /192.168.1.104, Security type: 2, Supplicant state: COMPLETED, Wi-Fi standard: 5, RSSI: -48, Link speed: 866Mbps, Tx Link speed: 866Mbps, Max Supported Tx Link speed: 866Mbps, Rx Link speed: 866Mbps, Max Supported Rx Link speed: 866Mbps, Frequency: 5240MHz, Net ID: 12, Metered hint: false, score: 60, isUsable: true, CarrierMerged: false, SubscriptionId: -1, IsPrimary: 1, Trusted: true, Restricted: false, Ephemeral: false, OEM paid: false, OEM private: false, OSU AP: false, FQDN: <none>, Provider friendly name: <none>, Requesting package name: <none>"ourhome"wpa2-pskMLO Information: , Is TID-To-Link negotiation supported by the AP: false, AP MLD Address: <none>, AP MLO Link Id: <none>, AP MLO Affiliated links: <none>
11-23 13:02:11.426  1795  2424 D WifiScoreCard: txRate: 1 txSpeed: 866
11-23 13:02:11.426  1795  2424 D WifiScoreCard: network update SIGNAL_POLL "ourhome" ID: 1499892569 RSSI -48 txSpeed -1
11-23 13:02:11.426  2513 20462 V WifiManager: TrafficStateCallbackProxy: onStateChanged state=3
11-23 13:02:11.426  1795  2424 D WifiClientModeImpl[13802:wlan0]:  ClientModeImpl$L2ConnectedState screen=on 15 0 "ourhome" f4:6d:2f:12:cc:88 rssi=-48 f=5240 sc=60 link=866 tx=0.1, 0.0, 0.0 rx=0.1 bcn=838298 [on:56 tx:0 rx:0 period:3014] from screen [on:250730 period:3252154] score=60
11-23 13:02:11.426  3213  6173 V WifiManager: OnWifiUsabilityStatsListener: onWifiUsabilityStats: seqNum=28994
11-23 13:02:11.426 17357 17357 I cr_SmsProviderGms: construction successfull AM3@24709d6, xM3@bf5442d
11-23 13:02:11.427  1795  4170 I WifiService: updateWifiUsabilityScore uid=10180 seqNum=28994 score=100 predictionHorizonSec=1441795
11-23 13:02:11.429  1795  2424 D WifiScoreReport: Wifi scoring disabled - Notify that Wifi is usable
11-23 13:02:11.431  1795  2432 D ConnectivityService: NetReassign [no changes] [c 0] [a 1] [i 1]
11-23 13:02:11.433 17430 17430 I LoadedApk: No resource references to update in package com.google.android.trichromelibrary.canary
11-23 13:02:11.433 17430 17430 D NetworkSecurityConfig: Using Network Security Config from resource 0_resource_name_obfuscated debugBuild: false
11-23 13:02:11.434 17430 17430 D NetworkSecurityConfig: Using Network Security Config from resource 0_resource_name_obfuscated debugBuild: false
11-23 13:02:11.435 17430 17430 I cr_SplitCompatApp: Launched version=121.0.6137.0 minSdkVersion=29 isBundle=true processName=com.chrome.canary:sandboxed_process0:org.chromium.content.app.SandboxedProcessService0:0 isIsolated=true
11-23 13:02:11.435  1011  1189 I ASH     : @ 87783.634: tcs3701: stop power rail pending_off timer
11-23 13:02:11.435  1011  1189 D ASH     : @ 87783.634: tcs3701: start power rail timer, state:3
11-23 13:02:11.443 17438 17438 I ActivityThread: Relaunch all activities: onCoreSettingsChange
11-23 13:02:11.443 17430 17430 W SystemServiceRegistry: No service published for: uimode
11-23 13:02:11.444 17438 17438 D CompatibilityChangeReporter: Compat change id reported: 171979766; UID 10010; state: ENABLED
11-23 13:02:11.447  1795  3716 D ConnectivityService: requestNetwork for uid/pid:10010/17357 activeRequest: null callbackRequest: 2252 [NetworkRequest [ REQUEST id=2253, [ Capabilities: INTERNET&NOT_RESTRICTED&TRUSTED&NOT_VCN_MANAGED Uid: 10010 RequestorUid: 10010 RequestorPkg: com.chrome.canary UnderlyingNetworks: Null] ]] callback flags: 0 order: 2147483647
11-23 13:02:11.448 17430 17430 I cr_ChildProcessService: Creating new ChildProcessService pid=17430
11-23 13:02:11.449  1795  2424 D WifiNetworkFactory: got request NetworkRequest [ REQUEST id=2253, [ Capabilities: INTERNET&NOT_RESTRICTED&TRUSTED&NOT_VCN_MANAGED Uid: 10010 RequestorUid: 10010 RequestorPkg: com.chrome.canary UnderlyingNetworks: Null] ]
11-23 13:02:11.449  1795  2432 D ConnectivityService: NetReassign [2253 : null → 100] [c 0] [a 0] [i 2]
11-23 13:02:11.450  1795  2424 V WifiNetworkFactory: Accepted network request NetworkRequest [ REQUEST id=2253, [ Capabilities: INTERNET&NOT_RESTRICTED&TRUSTED&NOT_VCN_MANAGED Uid: 10010 RequestorUid: 10010 RequestorPkg: com.chrome.canary UnderlyingNetworks: Null] ]
11-23 13:02:11.450  1795  2424 D UntrustedWifiNetworkFactory: got request NetworkRequest [ REQUEST id=2253, [ Capabilities: INTERNET&NOT_RESTRICTED&TRUSTED&NOT_VCN_MANAGED Uid: 10010 RequestorUid: 10010 RequestorPkg: com.chrome.canary UnderlyingNetworks: Null] ]
11-23 13:02:11.450  1795  2424 D OemPaidWifiNetworkFactory: got request NetworkRequest [ REQUEST id=2253, [ Capabilities: INTERNET&NOT_RESTRICTED&TRUSTED&NOT_VCN_MANAGED Uid: 10010 RequestorUid: 10010 RequestorPkg: com.chrome.canary UnderlyingNetworks: Null] ]
11-23 13:02:11.450  1795  2424 D MultiInternetWifiNetworkFactory: got request NetworkRequest [ REQUEST id=2253, [ Capabilities: INTERNET&NOT_RESTRICTED&TRUSTED&NOT_VCN_MANAGED Uid: 10010 RequestorUid: 10010 RequestorPkg: com.chrome.canary UnderlyingNetworks: Null] ]
11-23 13:02:11.452  1795  2432 D ConnectivityService: NetReassign [no changes] [c 1] [a 0] [i 2]
11-23 13:02:11.453 17438 17438 W ziparchive: Unable to open '/data/app/~~-FnXeb6__ecKd-dFZ4kZZA==/com.google.android.trichromelibrary.canary_613700033-7Q2vBiD9q0nCftKFg-pq8w==/base.dm': No such file or directory
11-23 13:02:11.453 17438 17438 W ziparchive: Unable to open '/data/app/~~-FnXeb6__ecKd-dFZ4kZZA==/com.google.android.trichromelibrary.canary_613700033-7Q2vBiD9q0nCftKFg-pq8w==/base.dm': No such file or directory
11-23 13:02:11.454 17438 17438 W ileged_process0: Entry not found
11-23 13:02:11.456 17438 17438 D nativeloader: Configuring clns-4 for other apk /data/app/~~-FnXeb6__ecKd-dFZ4kZZA==/com.google.android.trichromelibrary.canary_613700033-7Q2vBiD9q0nCftKFg-pq8w==/base.apk. target_sdk_version=34, uses_libraries=ALL, library_path=/data/app/~~dutrJzl_xJkEyCCvIkexCw==/com.chrome.canary-4jcd8srf2WXxld2NC1r69A==/lib/arm64:/data/app/~~dutrJzl_xJkEyCCvIkexCw==/com.chrome.canary-4jcd8srf2WXxld2NC1r69A==/base.apk!/lib/arm64-v8a:/data/app/~~-FnXeb6__ecKd-dFZ4kZZA==/com.google.android.trichromelibrary.canary_613700033-7Q2vBiD9q0nCftKFg-pq8w==/base.apk!/lib/arm64-v8a, permitted_path=/data:/mnt/expand:/data/user/0/com.chrome.canary
11-23 13:02:11.465 17438 17438 D nativeloader: Configuring clns-5 for other apk /data/app/~~dutrJzl_xJkEyCCvIkexCw==/com.chrome.canary-4jcd8srf2WXxld2NC1r69A==/base.apk. target_sdk_version=34, uses_libraries=, library_path=/data/app/~~dutrJzl_xJkEyCCvIkexCw==/com.chrome.canary-4jcd8srf2WXxld2NC1r69A==/lib/arm64:/data/app/~~dutrJzl_xJkEyCCvIkexCw==/com.chrome.canary-4jcd8srf2WXxld2NC1r69A==/base.apk!/lib/arm64-v8a:/data/app/~~-FnXeb6__ecKd-dFZ4kZZA==/com.google.android.trichromelibrary.canary_613700033-7Q2vBiD9q0nCftKFg-pq8w==/base.apk!/lib/arm64-v8a, permitted_path=/data:/mnt/expand:/data/user/0/com.chrome.canary
11-23 13:02:11.475  1011  1189 I ASH     : @ 87783.674: tcs3701: stop power rail pending_off timer
11-23 13:02:11.475  1011  1189 D ASH     : @ 87783.674: tcs3701: start power rail timer, state:3
11-23 13:02:11.477 17357 17420 W chromium: [WARNING:ev_root_ca_metadata.cc(119)] Not implemented
11-23 13:02:11.477 17357 17420 W chromium: [WARNING:ev_root_ca_metadata.cc(119)] Not implemented
11-23 13:02:11.481 17438 17438 V GraphicsEnvironment: ANGLE Developer option for 'com.chrome.canary' set to: 'default'
11-23 13:02:11.482 17438 17438 V GraphicsEnvironment: ANGLE GameManagerService for com.chrome.canary: false
11-23 13:02:11.482 17357 17357 I cr_EnterpriseInfoImpl: #setCacheResult() deviceOwned:false profileOwned:false
11-23 13:02:11.482 17357 17357 I cr_EnterpriseInfo: #getManagedStateForNative() CQ0@e57fb1
11-23 13:02:11.482 17438 17438 V GraphicsEnvironment: Updatable production driver is not supported on the device.
11-23 13:02:11.482 17357 17420 I tflite  : Initialized TensorFlow Lite runtime.
11-23 13:02:11.482 17357 17420 W libc    : Access denied finding property "ro.mediatek.platform"
11-23 13:02:11.482 17357 17420 W libc    : Access denied finding property "ro.chipname"
11-23 13:02:11.482 17357 17420 W libc    : Access denied finding property "ro.hardware.chipname"
11-23 13:02:11.487 17438 17438 I LoadedApk: No resource references to update in package com.google.android.trichromelibrary.canary
11-23 13:02:11.487 17438 17438 D NetworkSecurityConfig: Using Network Security Config from resource 0_resource_name_obfuscated debugBuild: false
11-23 13:02:11.487  1795  1853 D CompatibilityChangeReporter: Compat change id reported: 182734110; UID 10010; state: ENABLED
11-23 13:02:11.488 17438 17438 D NetworkSecurityConfig: Using Network Security Config from resource 0_resource_name_obfuscated debugBuild: false
11-23 13:02:11.488 17438 17438 I cr_SplitCompatApp: Launched version=121.0.6137.0 minSdkVersion=29 isBundle=true processName=com.chrome.canary:privileged_process0 isIsolated=false
11-23 13:02:11.489  1795  3716 D CompatibilityChangeReporter: Compat change id reported: 149924527; UID 10010; state: ENABLED
11-23 13:02:11.490  1795  4170 D CompatibilityChangeReporter: Compat change id reported: 132649864; UID 10010; state: DISABLED
11-23 13:02:11.495 17438 17438 I cr_ChildProcessService: Creating new ChildProcessService pid=17438
11-23 13:02:11.500 17438 17471 I cr_LibraryLoader: Loading monochrome_64 from within /data/app/~~dutrJzl_xJkEyCCvIkexCw==/com.chrome.canary-4jcd8srf2WXxld2NC1r69A==/base.apk
11-23 13:02:11.501 17438 17471 I cr_Linker: loadLibraryImplLocked: monochrome_64, relroMode=2
11-23 13:02:11.503 17357 17418 W chromium: [WARNING:ev_root_ca_metadata.cc(119)] Not implemented
11-23 13:02:11.503 17357 17418 W chromium: [WARNING:ev_root_ca_metadata.cc(119)] Not implemented
11-23 13:02:11.509 17438 17471 I cr_LibraryLoader: Successfully loaded native library
11-23 13:02:11.509 17438 17471 I cr_CachingUmaRecorder: Flushed 4 samples from 4 histograms, 0 samples were dropped.
11-23 13:02:11.513  1795  4170 D ConnectivityService: requestNetwork for uid/pid:10010/17357 activeRequest: null callbackRequest: 2255 [NetworkRequest [ REQUEST id=2256, [ Capabilities: INTERNET&NOT_RESTRICTED&TRUSTED&NOT_VCN_MANAGED Uid: 10010 RequestorUid: 10010 RequestorPkg: com.chrome.canary UnderlyingNetworks: Null] ]] callback flags: 0 order: 2147483647
11-23 13:02:11.515  1795  2424 D WifiNetworkFactory: got request NetworkRequest [ REQUEST id=2256, [ Capabilities: INTERNET&NOT_RESTRICTED&TRUSTED&NOT_VCN_MANAGED Uid: 10010 RequestorUid: 10010 RequestorPkg: com.chrome.canary UnderlyingNetworks: Null] ]
11-23 13:02:11.515  1795  2424 V WifiNetworkFactory: Accepted network request NetworkRequest [ REQUEST id=2256, [ Capabilities: INTERNET&NOT_RESTRICTED&TRUSTED&NOT_VCN_MANAGED Uid: 10010 RequestorUid: 10010 RequestorPkg: com.chrome.canary UnderlyingNetworks: Null] ]
11-23 13:02:11.515  1795  2424 D UntrustedWifiNetworkFactory: got request NetworkRequest [ REQUEST id=2256, [ Capabilities: INTERNET&NOT_RESTRICTED&TRUSTED&NOT_VCN_MANAGED Uid: 10010 RequestorUid: 10010 RequestorPkg: com.chrome.canary UnderlyingNetworks: Null] ]
11-23 13:02:11.517  1011  1189 I ASH     : @ 87783.714: tcs3701: stop power rail pending_off timer
11-23 13:02:11.517  1011  1189 D ASH     : @ 87783.714: tcs3701: start power rail timer, state:3
11-23 13:02:11.518  1795  2424 D OemPaidWifiNetworkFactory: got request NetworkRequest [ REQUEST id=2256, [ Capabilities: INTERNET&NOT_RESTRICTED&TRUSTED&NOT_VCN_MANAGED Uid: 10010 RequestorUid: 10010 RequestorPkg: com.chrome.canary UnderlyingNetworks: Null] ]
11-23 13:02:11.518  1795  2424 D MultiInternetWifiNetworkFactory: got request NetworkRequest [ REQUEST id=2256, [ Capabilities: INTERNET&NOT_RESTRICTED&TRUSTED&NOT_VCN_MANAGED Uid: 10010 RequestorUid: 10010 RequestorPkg: com.chrome.canary UnderlyingNetworks: Null] ]
11-23 13:02:11.518  1795  2432 D ConnectivityService: NetReassign [2256 : null → 100] [c 0] [a 1] [i 4]
11-23 13:02:11.518 17438 17471 I AdrenoGLES-0: QUALCOMM build                   : 4783c89, I46ff5fc46f
11-23 13:02:11.518 17438 17471 I AdrenoGLES-0: Build Date                       : 11/30/20
11-23 13:02:11.518 17438 17471 I AdrenoGLES-0: OpenGL ES Shader Compiler Version: EV031.31.04.01
11-23 13:02:11.518 17438 17471 I AdrenoGLES-0: Local Branch                     : QPR2
11-23 13:02:11.518 17438 17471 I AdrenoGLES-0: Remote Branch                    : 
11-23 13:02:11.518 17438 17471 I AdrenoGLES-0: Remote Branch                    : 
11-23 13:02:11.518 17438 17471 I AdrenoGLES-0: Reconstruct Branch               : 
