11-23 12:50:33.401  1011  1189 I ASH     : @ 87085.600: tcs3701: stop power rail pending_off timer
11-23 12:50:33.401  1011  1189 D ASH     : @ 87085.600: tcs3701: start power rail timer, state:3
11-23 12:50:33.422  5238  5295 I BatteryMgr:DataCollectionService: stats => 1700740233422,11901,4446,13427,4169000,100
11-23 12:50:33.441  1011  1189 I ASH     : @ 87085.640: tcs3701: stop power rail pending_off timer
11-23 12:50:33.441  1011  1189 D ASH     : @ 87085.640: tcs3701: start power rail timer, state:3
11-23 12:50:33.458 32065 32317 I m.chrome.canary: Explicit concurrent copying GC freed 3658(192KB) AllocSpace objects, 3(60KB) LOS objects, 75% free, 11MB/47MB, paused 37us,42us total 55.178ms
11-23 12:50:33.481  1011  1189 I ASH     : @ 87085.680: tcs3701: stop power rail pending_off timer
11-23 12:50:33.481  1011  1189 D ASH     : @ 87085.680: tcs3701: start power rail timer, state:3
11-23 12:50:33.522  1011  1189 I ASH     : @ 87085.720: tcs3701: stop power rail pending_off timer
11-23 12:50:33.522  1011  1189 D ASH     : @ 87085.720: tcs3701: start power rail timer, state:3
11-23 12:50:33.523  1795  4168 D ActivityManager: freezer override set to false
11-23 12:50:33.530  5238  5295 I BatteryMgr:DataCollectionService: stats => 1700740233530,11901,4446,13427,4169000,100
11-23 12:50:33.562  1011  1189 I ASH     : @ 87085.760: tcs3701: stop power rail pending_off timer
11-23 12:50:33.562  1011  1189 D ASH     : @ 87085.760: tcs3701: start power rail timer, state:3
11-23 12:50:33.574  1795  3634 D ActivityManager: freezer override set to true
11-23 12:50:33.578  1795  3634 D ActivityManager: freezer override set to false
11-23 12:50:33.584  1795  3634 D ActivityManager: freezer override set to true
11-23 12:50:33.588  1795  3634 D ActivityManager: freezer override set to false
11-23 12:50:33.602  1011  1189 I ASH     : @ 87085.800: tcs3701: stop power rail pending_off timer
11-23 12:50:33.602  1011  1189 D ASH     : @ 87085.800: tcs3701: start power rail timer, state:3
11-23 12:50:33.636  5238  5295 I BatteryMgr:DataCollectionService: stats => 1700740233636,11901,4446,13427,4169000,100
11-23 12:50:33.641  1011  1189 I ASH     : @ 87085.840: tcs3701: stop power rail pending_off timer
11-23 12:50:33.642  1011  1189 D ASH     : @ 87085.840: tcs3701: start power rail timer, state:3
11-23 12:50:33.682  1011  1189 I ASH     : @ 87085.880: tcs3701: stop power rail pending_off timer
11-23 12:50:33.682  1011  1189 D ASH     : @ 87085.880: tcs3701: start power rail timer, state:3
11-23 12:50:33.722  1011  1189 I ASH     : @ 87085.920: tcs3701: stop power rail pending_off timer
11-23 12:50:33.722  1011  1189 D ASH     : @ 87085.920: tcs3701: start power rail timer, state:3
11-23 12:50:33.742  5238  5295 I BatteryMgr:DataCollectionService: stats => 1700740233742,11901,4446,13427,4169000,100
11-23 12:50:33.761  1011  1189 I ASH     : @ 87085.960: tcs3701: stop power rail pending_off timer
11-23 12:50:33.762  1011  1189 D ASH     : @ 87085.960: tcs3701: start power rail timer, state:3
11-23 12:50:33.801  1011  1189 I ASH     : @ 87086.000: tcs3701: stop power rail pending_off timer
11-23 12:50:33.801  1011  1189 D ASH     : @ 87086.000: tcs3701: start power rail timer, state:3
11-23 12:50:33.842  1011  1189 I ASH     : @ 87086.040: tcs3701: stop power rail pending_off timer
11-23 12:50:33.842  1011  1189 D ASH     : @ 87086.040: tcs3701: start power rail timer, state:3
11-23 12:50:33.849  5238  5295 I BatteryMgr:DataCollectionService: stats => 1700740233849,11901,4446,13427,4169000,100
11-23 12:50:33.882  1011  1189 I ASH     : @ 87086.080: tcs3701: stop power rail pending_off timer
11-23 12:50:33.882  1011  1189 D ASH     : @ 87086.080: tcs3701: start power rail timer, state:3
11-23 12:50:33.921  1011  1189 I ASH     : @ 87086.120: tcs3701: stop power rail pending_off timer
11-23 12:50:33.921  1011  1189 D ASH     : @ 87086.120: tcs3701: start power rail timer, state:3
11-23 12:50:33.955  5238  5295 I BatteryMgr:DataCollectionService: stats => 1700740233955,11901,4446,13427,4169000,100
11-23 12:50:33.961  1011  1189 I ASH     : @ 87086.160: tcs3701: stop power rail pending_off timer
11-23 12:50:33.961  1011  1189 D ASH     : @ 87086.160: tcs3701: start power rail timer, state:3
11-23 12:50:34.002  1011  1189 I ASH     : @ 87086.200: tcs3701: stop power rail pending_off timer
11-23 12:50:34.002  1011  1189 D ASH     : @ 87086.200: tcs3701: start power rail timer, state:3
11-23 12:50:34.042  1011  1189 I ASH     : @ 87086.240: tcs3701: stop power rail pending_off timer
11-23 12:50:34.042  1011  1189 D ASH     : @ 87086.240: tcs3701: start power rail timer, state:3
11-23 12:50:34.062  5238  5295 I BatteryMgr:DataCollectionService: stats => 1700740234062,11901,4446,13427,4169000,100
11-23 12:50:34.071  2113  2118 I pixel-thermal: skin-therm-monitor: 40.97
11-23 12:50:34.072  2113  2118 I pixel-thermal: panel-audio-therm: 40.97
11-23 12:50:34.082  1011  1189 I ASH     : @ 87086.280: tcs3701: stop power rail pending_off timer
11-23 12:50:34.082  1011  1189 D ASH     : @ 87086.280: tcs3701: start power rail timer, state:3
11-23 12:50:34.121  1011  1189 I ASH     : @ 87086.320: tcs3701: stop power rail pending_off timer
11-23 12:50:34.121  1011  1189 D ASH     : @ 87086.320: tcs3701: start power rail timer, state:3
11-23 12:50:34.161  1011  1189 I ASH     : @ 87086.360: tcs3701: stop power rail pending_off timer
11-23 12:50:34.161  1011  1189 D ASH     : @ 87086.360: tcs3701: start power rail timer, state:3
11-23 12:50:34.168  5238  5295 I BatteryMgr:DataCollectionService: stats => 1700740234168,11901,4446,13427,4169000,100
11-23 12:50:34.202  1011  1189 I ASH     : @ 87086.400: tcs3701: stop power rail pending_off timer
11-23 12:50:34.202  1011  1189 D ASH     : @ 87086.400: tcs3701: start power rail timer, state:3
11-23 12:50:34.241  1011  1189 I ASH     : @ 87086.440: tcs3701: stop power rail pending_off timer
11-23 12:50:34.241  1011  1189 D ASH     : @ 87086.440: tcs3701: start power rail timer, state:3
11-23 12:50:34.274  5238  5295 I BatteryMgr:DataCollectionService: stats => 1700740234274,11901,4446,13427,4169000,100
11-23 12:50:34.281  1011  1189 I ASH     : @ 87086.480: tcs3701: stop power rail pending_off timer
11-23 12:50:34.281  1011  1189 D ASH     : @ 87086.480: tcs3701: start power rail timer, state:3
11-23 12:50:34.321  1011  1189 I ASH     : @ 87086.520: tcs3701: stop power rail pending_off timer
11-23 12:50:34.322  1011  1189 D ASH     : @ 87086.520: tcs3701: start power rail timer, state:3
11-23 12:50:34.361  1011  1189 I ASH     : @ 87086.560: tcs3701: stop power rail pending_off timer
11-23 12:50:34.361  1011  1189 D ASH     : @ 87086.560: tcs3701: start power rail timer, state:3
11-23 12:50:34.378  5238  5295 I BatteryMgr:DataCollectionService: stats => 1700740234378,11901,4446,13427,4169000,100
11-23 12:50:34.401  1011  1189 I ASH     : @ 87086.600: tcs3701: stop power rail pending_off timer
11-23 12:50:34.401  1011  1189 D ASH     : @ 87086.600: tcs3701: start power rail timer, state:3
11-23 12:50:34.442  1011  1189 I ASH     : @ 87086.640: tcs3701: stop power rail pending_off timer
11-23 12:50:34.442  1011  1189 D ASH     : @ 87086.640: tcs3701: start power rail timer, state:3
11-23 12:50:34.482  1011  1189 I ASH     : @ 87086.680: tcs3701: stop power rail pending_off timer
11-23 12:50:34.482  1011  1189 D ASH     : @ 87086.680: tcs3701: start power rail timer, state:3
11-23 12:50:34.483  5238  5295 I BatteryMgr:DataCollectionService: stats => 1700740234483,11901,4446,13427,4169000,100
11-23 12:50:34.521  1011  1189 I ASH     : @ 87086.720: tcs3701: stop power rail pending_off timer
11-23 12:50:34.521  1011  1189 D ASH     : @ 87086.720: tcs3701: start power rail timer, state:3
11-23 12:50:34.562  1011  1189 I ASH     : @ 87086.760: tcs3701: stop power rail pending_off timer
11-23 12:50:34.562  1011  1189 D ASH     : @ 87086.760: tcs3701: start power rail timer, state:3
11-23 12:50:34.589  5238  5295 I BatteryMgr:DataCollectionService: stats => 1700740234589,11901,4446,13427,4169000,100
11-23 12:50:34.590  1795  3634 D ActivityManager: freezer override set to true
11-23 12:50:34.593  1795  3634 D ActivityManager: freezer override set to false
11-23 12:50:34.602  1011  1189 I ASH     : @ 87086.800: tcs3701: stop power rail pending_off timer
11-23 12:50:34.602  1011  1189 D ASH     : @ 87086.800: tcs3701: start power rail timer, state:3
11-23 12:50:34.641  1011  1189 I ASH     : @ 87086.840: tcs3701: stop power rail pending_off timer
11-23 12:50:34.642  1011  1189 D ASH     : @ 87086.840: tcs3701: start power rail timer, state:3
11-23 12:50:34.682  1011  1189 I ASH     : @ 87086.880: tcs3701: stop power rail pending_off timer
11-23 12:50:34.682  1011  1189 D ASH     : @ 87086.880: tcs3701: start power rail timer, state:3
11-23 12:50:34.695  5238  5295 I BatteryMgr:DataCollectionService: stats => 1700740234695,11901,4446,13427,4169000,100
11-23 12:50:34.722  1011  1189 I ASH     : @ 87086.920: tcs3701: stop power rail pending_off timer
11-23 12:50:34.722  1011  1189 D ASH     : @ 87086.920: tcs3701: start power rail timer, state:3
11-23 12:50:34.726  1795  3634 D ActivityManager: freezer override set to true
11-23 12:50:34.747  1795  2424 D WifiClientModeImpl[13802:wlan0]: updateLinkLayerStatsRssiSpeedFrequencyCapabilities rssi=-47 TxLinkspeed=866 freq=5240 RxLinkSpeed=866
11-23 12:50:34.748  1795  2424 D WifiScoreCard: 1 lastSampleWeight=2/128 filterInKbps=60039 avgKbps=60039 filterOutKbps=60038
11-23 12:50:34.748  1795  2424 D WifiDataStall: tx tput in kbps: 748785
11-23 12:50:34.748  1795  2424 D WifiDataStall: rx tput in kbps: 788195
11-23 12:50:34.749  1795  2424 V WifiConfigManager: Updating scan detail cache freq=5240 BSSID=f4:6d:2f:12:cc:88 RSSI=-46 for "ourhome"WPA_PSK
11-23 12:50:34.749  2782  5906 D QCNEJ/WlanStaInfoRelay: Received action: android.net.wifi.RSSI_CHANGED
11-23 12:50:34.749  1795  2424 D WifiChannelUtilization:  freq: 5240 onTime: 2541309 busyTime: 230292 onTimeDiff: 2541014 busyTimeDiff: 230275 utilization: 23 utilization t0: 23
11-23 12:50:34.749  1795  2424 D WifiDataStall:  ccaLevel = 23
11-23 12:50:34.749  1795  2424 D WifiDataStall: L2 txTputKbps: 748785, rxTputKbps: 788195, L3 txTputKbps: 0, rxTputKbps: 0, TxTrafficHigh: false, RxTrafficHigh: false, Throughput Sufficient: true
11-23 12:50:34.749  3213  3230 V WifiManager: OnWifiUsabilityStatsListener: onWifiUsabilityStats: seqNum=28763
11-23 12:50:34.749  1795  2424 D WifiScoreReport: Wifi scoring disabled - Don't check IP layer
11-23 12:50:34.749  1795  2424 D WifiScoreCard: BSSID update SIGNAL_POLL ID: 1320464697 SSID: "ourhome", BSSID: f4:6d:2f:12:cc:88, MAC: b2:2f:ec:da:4a:0c, IP: /192.168.1.104, Security type: 2, Supplicant state: COMPLETED, Wi-Fi standard: 5, RSSI: -47, Link speed: 866Mbps, Tx Link speed: 866Mbps, Max Supported Tx Link speed: 866Mbps, Rx Link speed: 866Mbps, Max Supported Rx Link speed: 866Mbps, Frequency: 5240MHz, Net ID: 12, Metered hint: false, score: 60, isUsable: true, CarrierMerged: false, SubscriptionId: -1, IsPrimary: 1, Trusted: true, Restricted: false, Ephemeral: false, OEM paid: false, OEM private: false, OSU AP: false, FQDN: <none>, Provider friendly name: <none>, Requesting package name: <none>"ourhome"wpa2-pskMLO Information: , Is TID-To-Link negotiation supported by the AP: false, AP MLD Address: <none>, AP MLO Link Id: <none>, AP MLO Affiliated links: <none>
11-23 12:50:34.749  1795  2424 D WifiScoreCard: txRate: 1 txSpeed: 866
11-23 12:50:34.749  1795  2424 D WifiScoreCard: network update SIGNAL_POLL "ourhome" ID: 1499892569 RSSI -47 txSpeed -1
11-23 12:50:34.749  1795  4168 I WifiService: updateWifiUsabilityScore uid=10180 seqNum=28763 score=100 predictionHorizonSec=1441795
11-23 12:50:34.750  1795  2424 D WifiClientModeImpl[13802:wlan0]:  ClientModeImpl$L2ConnectedState screen=on 15 0 "ourhome" f4:6d:2f:12:cc:88 rssi=-47 f=5240 sc=60 link=866 tx=0.1, 0.0, 0.0 rx=0.7 bcn=831509 [on:0 tx:0 rx:0 period:3013] from screen [on:226473 period:2555478] score=60
11-23 12:50:34.750  1795  2424 D WifiScoreReport: Wifi scoring disabled - Notify that Wifi is usable
11-23 12:50:34.753  1795  2432 D ConnectivityService: NetReassign [no changes] [c 1] [a 0] [i 2]
11-23 12:50:34.762  1011  1189 I ASH     : @ 87086.960: tcs3701: stop power rail pending_off timer
11-23 12:50:34.762  1011  1189 D ASH     : @ 87086.960: tcs3701: start power rail timer, state:3
11-23 12:50:34.800  5238  5295 I BatteryMgr:DataCollectionService: stats => 1700740234800,11901,4446,13427,4169000,100
11-23 12:50:34.801  1011  1189 I ASH     : @ 87087.000: tcs3701: stop power rail pending_off timer
11-23 12:50:34.801  1011  1189 D ASH     : @ 87087.000: tcs3701: start power rail timer, state:3
11-23 12:50:34.842  1011  1189 I ASH     : @ 87087.040: tcs3701: stop power rail pending_off timer
11-23 12:50:34.842  1011  1189 D ASH     : @ 87087.040: tcs3701: start power rail timer, state:3
11-23 12:50:34.882  1011  1189 I ASH     : @ 87087.080: tcs3701: stop power rail pending_off timer
11-23 12:50:34.882  1011  1189 D ASH     : @ 87087.080: tcs3701: start power rail timer, state:3
11-23 12:50:34.907  5238  5295 I BatteryMgr:DataCollectionService: stats => 1700740234907,11901,4446,13427,4169000,100
11-23 12:50:34.922 32065 32317 I m.chrome.canary: Explicit concurrent copying GC freed 3900(207KB) AllocSpace objects, 4(80KB) LOS objects, 75% free, 11MB/47MB, paused 97us,26us total 104.209ms
11-23 12:50:34.922  1011  1189 I ASH     : @ 87087.120: tcs3701: stop power rail pending_off timer
11-23 12:50:34.922  1011  1189 D ASH     : @ 87087.120: tcs3701: start power rail timer, state:3
11-23 12:50:34.961  1011  1189 I ASH     : @ 87087.160: tcs3701: stop power rail pending_off timer
11-23 12:50:34.961  1011  1189 D ASH     : @ 87087.160: tcs3701: start power rail timer, state:3
11-23 12:50:34.984  1795  3634 D ActivityManager: freezer override set to false
11-23 12:50:35.002  1011  1189 I ASH     : @ 87087.200: tcs3701: stop power rail pending_off timer
11-23 12:50:35.002  1011  1189 D ASH     : @ 87087.200: tcs3701: start power rail timer, state:3
11-23 12:50:35.012  5238  5295 I BatteryMgr:DataCollectionService: stats => 1700740235012,11901,4446,13427,4169000,100
11-23 12:50:35.040  1795  3634 D ActivityManager: freezer override set to true
11-23 12:50:35.043  1795  3634 D ActivityManager: freezer override set to false
11-23 12:50:35.043  1011  1189 I ASH     : @ 87087.240: tcs3701: stop power rail pending_off timer
11-23 12:50:35.043  1011  1189 D ASH     : @ 87087.240: tcs3701: start power rail timer, state:3
11-23 12:50:35.081  1011  1189 I ASH     : @ 87087.280: tcs3701: stop power rail pending_off timer
11-23 12:50:35.082  1011  1189 D ASH     : @ 87087.280: tcs3701: start power rail timer, state:3
11-23 12:50:35.117  5238  5295 I BatteryMgr:DataCollectionService: stats => 1700740235117,11901,4446,13427,4169000,100
11-23 12:50:35.122  1011  1189 I ASH     : @ 87087.320: tcs3701: stop power rail pending_off timer
11-23 12:50:35.122  1011  1189 D ASH     : @ 87087.320: tcs3701: start power rail timer, state:3
11-23 12:50:35.162  1011  1189 I ASH     : @ 87087.360: tcs3701: stop power rail pending_off timer
11-23 12:50:35.162  1011  1189 D ASH     : @ 87087.360: tcs3701: start power rail timer, state:3
11-23 12:50:35.202  1011  1189 I ASH     : @ 87087.400: tcs3701: stop power rail pending_off timer
11-23 12:50:35.202  1011  1189 D ASH     : @ 87087.400: tcs3701: start power rail timer, state:3
11-23 12:50:35.223  5238  5295 I BatteryMgr:DataCollectionService: stats => 1700740235223,11901,4446,13427,4169000,100
11-23 12:50:35.241  1011  1189 I ASH     : @ 87087.440: tcs3701: stop power rail pending_off timer
11-23 12:50:35.241  1011  1189 D ASH     : @ 87087.440: tcs3701: start power rail timer, state:3
11-23 12:50:35.282  1011  1189 I ASH     : @ 87087.480: tcs3701: stop power rail pending_off timer
11-23 12:50:35.282  1011  1189 D ASH     : @ 87087.480: tcs3701: start power rail timer, state:3
11-23 12:50:35.322  1011  1189 I ASH     : @ 87087.520: tcs3701: stop power rail pending_off timer
11-23 12:50:35.322  1011  1189 D ASH     : @ 87087.520: tcs3701: start power rail timer, state:3
11-23 12:50:35.328  5238  5295 I BatteryMgr:DataCollectionService: stats => 1700740235328,11901,4446,13427,4169000,100
11-23 12:50:35.362  1011  1189 I ASH     : @ 87087.560: tcs3701: stop power rail pending_off timer
11-23 12:50:35.362  1011  1189 D ASH     : @ 87087.560: tcs3701: start power rail timer, state:3
11-23 12:50:35.401  1011  1189 I ASH     : @ 87087.600: tcs3701: stop power rail pending_off timer
11-23 12:50:35.401  1011  1189 D ASH     : @ 87087.600: tcs3701: start power rail timer, state:3
11-23 12:50:35.432  5238  5295 I BatteryMgr:DataCollectionService: stats => 1700740235432,11901,4446,13427,4169000,100
11-23 12:50:35.442  1011  1189 I ASH     : @ 87087.640: tcs3701: stop power rail pending_off timer
11-23 12:50:35.442  1011  1189 D ASH     : @ 87087.640: tcs3701: start power rail timer, state:3
11-23 12:50:35.482  1011  1189 I ASH     : @ 87087.680: tcs3701: stop power rail pending_off timer
11-23 12:50:35.482  1011  1189 D ASH     : @ 87087.680: tcs3701: start power rail timer, state:3
11-23 12:50:35.522  1011  1189 I ASH     : @ 87087.720: tcs3701: stop power rail pending_off timer
11-23 12:50:35.522  1011  1189 D ASH     : @ 87087.720: tcs3701: start power rail timer, state:3
11-23 12:50:35.537  5238  5295 I BatteryMgr:DataCollectionService: stats => 1700740235537,11901,4446,13427,4169000,100
11-23 12:50:35.561  1011  1189 I ASH     : @ 87087.760: tcs3701: stop power rail pending_off timer
11-23 12:50:35.562  1011  1189 D ASH     : @ 87087.760: tcs3701: start power rail timer, state:3
11-23 12:50:35.593  1795  3634 D ActivityManager: freezer override set to true
11-23 12:50:35.597  1795  3634 D ActivityManager: freezer override set to false
11-23 12:50:35.601  1011  1189 I ASH     : @ 87087.800: tcs3701: stop power rail pending_off timer
11-23 12:50:35.601  1011  1189 D ASH     : @ 87087.800: tcs3701: start power rail timer, state:3
11-23 12:50:35.642  1011  1189 I ASH     : @ 87087.840: tcs3701: stop power rail pending_off timer
11-23 12:50:35.642  1011  1189 D ASH     : @ 87087.840: tcs3701: start power rail timer, state:3
11-23 12:50:35.643  5238  5295 I BatteryMgr:DataCollectionService: stats => 1700740235643,11901,4446,13427,4169000,100
11-23 12:50:35.682  1011  1189 I ASH     : @ 87087.880: tcs3701: stop power rail pending_off timer
11-23 12:50:35.682  1011  1189 D ASH     : @ 87087.880: tcs3701: start power rail timer, state:3
11-23 12:50:35.721  1011  1189 I ASH     : @ 87087.920: tcs3701: stop power rail pending_off timer
11-23 12:50:35.722  1011  1189 D ASH     : @ 87087.920: tcs3701: start power rail timer, state:3
11-23 12:50:35.749  5238  5295 I BatteryMgr:DataCollectionService: stats => 1700740235749,11901,4446,13427,4169000,100
11-23 12:50:35.761  1011  1189 I ASH     : @ 87087.960: tcs3701: stop power rail pending_off timer
11-23 12:50:35.761  1011  1189 D ASH     : @ 87087.960: tcs3701: start power rail timer, state:3
11-23 12:50:35.801  1011  1189 I ASH     : @ 87088.000: tcs3701: stop power rail pending_off timer
11-23 12:50:35.802  1011  1189 D ASH     : @ 87088.000: tcs3701: start power rail timer, state:3
11-23 12:50:35.842  1011  1189 I ASH     : @ 87088.040: tcs3701: stop power rail pending_off timer
11-23 12:50:35.842  1011  1189 D ASH     : @ 87088.040: tcs3701: start power rail timer, state:3
11-23 12:50:35.854  5238  5295 I BatteryMgr:DataCollectionService: stats => 1700740235854,11901,4446,13427,4169000,100
11-23 12:50:35.881  1011  1189 I ASH     : @ 87088.080: tcs3701: stop power rail pending_off timer
11-23 12:50:35.881  1011  1189 D ASH     : @ 87088.080: tcs3701: start power rail timer, state:3
11-23 12:50:35.922  1011  1189 I ASH     : @ 87088.120: tcs3701: stop power rail pending_off timer
11-23 12:50:35.922  1011  1189 D ASH     : @ 87088.120: tcs3701: start power rail timer, state:3
11-23 12:50:35.960  5238  5295 I BatteryMgr:DataCollectionService: stats => 1700740235960,11901,4446,13427,4169000,100
11-23 12:50:35.961  1011  1189 I ASH     : @ 87088.160: tcs3701: stop power rail pending_off timer
11-23 12:50:35.961  1011  1189 D ASH     : @ 87088.160: tcs3701: start power rail timer, state:3
11-23 12:50:36.002  1011  1189 I ASH     : @ 87088.200: tcs3701: stop power rail pending_off timer
11-23 12:50:36.002  1011  1189 D ASH     : @ 87088.200: tcs3701: start power rail timer, state:3
11-23 12:50:36.042  1011  1189 I ASH     : @ 87088.240: tcs3701: stop power rail pending_off timer
11-23 12:50:36.042  1011  1189 D ASH     : @ 87088.240: tcs3701: start power rail timer, state:3
11-23 12:50:36.066  5238  5295 I BatteryMgr:DataCollectionService: stats => 1700740236066,11901,4446,13427,4169000,100
11-23 12:50:36.076  2113  2118 I pixel-thermal: skin-therm-monitor: 40.967
11-23 12:50:36.077  2113  2118 I pixel-thermal: panel-audio-therm: 40.982
11-23 12:50:36.082  1011  1189 I ASH     : @ 87088.280: tcs3701: stop power rail pending_off timer
11-23 12:50:36.082  1011  1189 D ASH     : @ 87088.280: tcs3701: start power rail timer, state:3
11-23 12:50:36.122  1011  1189 I ASH     : @ 87088.320: tcs3701: stop power rail pending_off timer
11-23 12:50:36.122  1011  1189 D ASH     : @ 87088.320: tcs3701: start power rail timer, state:3
11-23 12:50:36.162  1011  1189 I ASH     : @ 87088.360: tcs3701: stop power rail pending_off timer
11-23 12:50:36.162  1011  1189 D ASH     : @ 87088.360: tcs3701: start power rail timer, state:3
11-23 12:50:36.172  5238  5295 I BatteryMgr:DataCollectionService: stats => 1700740236172,11901,4446,13427,4169000,100
11-23 12:50:36.200  1795  3634 D ActivityManager: freezer override set to true
11-23 12:50:36.204  1011  1189 I ASH     : @ 87088.400: tcs3701: stop power rail pending_off timer
11-23 12:50:36.204  1011  1189 D ASH     : @ 87088.400: tcs3701: start power rail timer, state:3
11-23 12:50:36.242  1011  1189 I ASH     : @ 87088.440: tcs3701: stop power rail pending_off timer
11-23 12:50:36.242  1011  1189 D ASH     : @ 87088.440: tcs3701: start power rail timer, state:3
11-23 12:50:36.278  5238  5295 I BatteryMgr:DataCollectionService: stats => 1700740236278,11901,4446,13427,4169000,100
11-23 12:50:36.282  1011  1189 I ASH     : @ 87088.480: tcs3701: stop power rail pending_off timer
11-23 12:50:36.282  1011  1189 D ASH     : @ 87088.480: tcs3701: start power rail timer, state:3
11-23 12:50:36.315 32065 32317 I m.chrome.canary: Explicit concurrent copying GC freed 3659(192KB) AllocSpace objects, 3(60KB) LOS objects, 75% free, 11MB/47MB, paused 91us,23us total 55.700ms
11-23 12:50:36.322  1011  1189 I ASH     : @ 87088.520: tcs3701: stop power rail pending_off timer
11-23 12:50:36.322  1011  1189 D ASH     : @ 87088.520: tcs3701: start power rail timer, state:3
11-23 12:50:36.362  1011  1189 I ASH     : @ 87088.560: tcs3701: stop power rail pending_off timer
11-23 12:50:36.362  1011  1189 D ASH     : @ 87088.560: tcs3701: start power rail timer, state:3
11-23 12:50:36.376  1795  3634 D ActivityManager: freezer override set to false
11-23 12:50:36.384  5238  5295 I BatteryMgr:DataCollectionService: stats => 1700740236384,11901,4446,13427,4169000,100
11-23 12:50:36.402  1011  1189 I ASH     : @ 87088.600: tcs3701: stop power rail pending_off timer
11-23 12:50:36.402  1011  1189 D ASH     : @ 87088.600: tcs3701: start power rail timer, state:3
11-23 12:50:36.426  1795  3634 D ActivityManager: freezer override set to true
11-23 12:50:36.429  1795  3634 D ActivityManager: freezer override set to false
11-23 12:50:36.442  1011  1189 I ASH     : @ 87088.640: tcs3701: stop power rail pending_off timer
11-23 12:50:36.442  1011  1189 D ASH     : @ 87088.640: tcs3701: start power rail timer, state:3
11-23 12:50:36.482  1011  1189 I ASH     : @ 87088.680: tcs3701: stop power rail pending_off timer
11-23 12:50:36.482  1011  1189 D ASH     : @ 87088.680: tcs3701: start power rail timer, state:3
11-23 12:50:36.491  5238  5295 I BatteryMgr:DataCollectionService: stats => 1700740236491,11901,4446,13427,4169000,100
11-23 12:50:36.522  1011  1189 I ASH     : @ 87088.720: tcs3701: stop power rail pending_off timer
11-23 12:50:36.522  1011  1189 D ASH     : @ 87088.720: tcs3701: start power rail timer, state:3
11-23 12:50:36.562  1011  1189 I ASH     : @ 87088.760: tcs3701: stop power rail pending_off timer
11-23 12:50:36.562  1011  1189 D ASH     : @ 87088.760: tcs3701: start power rail timer, state:3
11-23 12:50:36.597  1795  4168 D ActivityManager: freezer override set to true
11-23 12:50:36.597  5238  5295 I BatteryMgr:DataCollectionService: stats => 1700740236597,11901,4446,13427,4169000,100
11-23 12:50:36.601  1011  1189 I ASH     : @ 87088.800: tcs3701: stop power rail pending_off timer
11-23 12:50:36.602  1011  1189 D ASH     : @ 87088.800: tcs3701: start power rail timer, state:3
11-23 12:50:36.603  1795  4168 D ActivityManager: freezer override set to false
11-23 12:50:36.641  1011  1189 I ASH     : @ 87088.840: tcs3701: stop power rail pending_off timer
11-23 12:50:36.641  1011  1189 D ASH     : @ 87088.840: tcs3701: start power rail timer, state:3
11-23 12:50:36.681  1011  1189 I ASH     : @ 87088.880: tcs3701: stop power rail pending_off timer
11-23 12:50:36.681  1011  1189 D ASH     : @ 87088.880: tcs3701: start power rail timer, state:3
11-23 12:50:36.704  5238  5295 I BatteryMgr:DataCollectionService: stats => 1700740236704,11901,4446,13427,4169000,100
11-23 12:50:36.722  1011  1189 I ASH     : @ 87088.920: tcs3701: stop power rail pending_off timer
11-23 12:50:36.722  1011  1189 D ASH     : @ 87088.920: tcs3701: start power rail timer, state:3
11-23 12:50:36.762  1011  1189 I ASH     : @ 87088.960: tcs3701: stop power rail pending_off timer
11-23 12:50:36.762  1011  1189 D ASH     : @ 87088.960: tcs3701: start power rail timer, state:3
11-23 12:50:36.802  1011  1189 I ASH     : @ 87089.000: tcs3701: stop power rail pending_off timer
11-23 12:50:36.802  1011  1189 D ASH     : @ 87089.000: tcs3701: start power rail timer, state:3
11-23 12:50:36.809  5238  5295 I BatteryMgr:DataCollectionService: stats => 1700740236809,11901,4446,13427,4169000,100
11-23 12:50:36.842  1011  1189 I ASH     : @ 87089.040: tcs3701: stop power rail pending_off timer
11-23 12:50:36.842  1011  1189 D ASH     : @ 87089.040: tcs3701: start power rail timer, state:3
11-23 12:50:36.881  1011  1189 I ASH     : @ 87089.080: tcs3701: stop power rail pending_off timer
11-23 12:50:36.882  1011  1189 D ASH     : @ 87089.080: tcs3701: start power rail timer, state:3
11-23 12:50:36.915  5238  5295 I BatteryMgr:DataCollectionService: stats => 1700740236915,11901,4446,13427,4169000,100
11-23 12:50:36.922  1011  1189 I ASH     : @ 87089.120: tcs3701: stop power rail pending_off timer
11-23 12:50:36.922  1011  1189 D ASH     : @ 87089.120: tcs3701: start power rail timer, state:3
11-23 12:50:36.961  1011  1189 I ASH     : @ 87089.160: tcs3701: stop power rail pending_off timer
11-23 12:50:36.962  1011  1189 D ASH     : @ 87089.160: tcs3701: start power rail timer, state:3
11-23 12:50:37.002  1011  1189 I ASH     : @ 87089.200: tcs3701: stop power rail pending_off timer
11-23 12:50:37.002  1011  1189 D ASH     : @ 87089.200: tcs3701: start power rail timer, state:3
11-23 12:50:37.022  5238  5295 I BatteryMgr:DataCollectionService: stats => 1700740237022,11901,4446,13427,4169000,100
11-23 12:50:37.042  1011  1189 I ASH     : @ 87089.240: tcs3701: stop power rail pending_off timer
11-23 12:50:37.042  1011  1189 D ASH     : @ 87089.240: tcs3701: start power rail timer, state:3
11-23 12:50:37.082  1011  1189 I ASH     : @ 87089.280: tcs3701: stop power rail pending_off timer
11-23 12:50:37.082  1011  1189 D ASH     : @ 87089.280: tcs3701: start power rail timer, state:3
11-23 12:50:37.121  1011  1189 I ASH     : @ 87089.320: tcs3701: stop power rail pending_off timer
11-23 12:50:37.121  1011  1189 D ASH     : @ 87089.320: tcs3701: start power rail timer, state:3
11-23 12:50:37.128  5238  5295 I BatteryMgr:DataCollectionService: stats => 1700740237128,11901,4446,13427,4169000,100
11-23 12:50:37.161  1011  1189 I ASH     : @ 87089.360: tcs3701: stop power rail pending_off timer
11-23 12:50:37.161  1011  1189 D ASH     : @ 87089.360: tcs3701: start power rail timer, state:3
11-23 12:50:37.202  1011  1189 I ASH     : @ 87089.400: tcs3701: stop power rail pending_off timer
11-23 12:50:37.202  1011  1189 D ASH     : @ 87089.400: tcs3701: start power rail timer, state:3
11-23 12:50:37.233  5238  5295 I BatteryMgr:DataCollectionService: stats => 1700740237233,11901,4446,13427,4169000,100
11-23 12:50:37.241  1011  1189 I ASH     : @ 87089.440: tcs3701: stop power rail pending_off timer
11-23 12:50:37.241  1011  1189 D ASH     : @ 87089.440: tcs3701: start power rail timer, state:3
11-23 12:50:37.281  1011  1189 I ASH     : @ 87089.480: tcs3701: stop power rail pending_off timer
11-23 12:50:37.282  1011  1189 D ASH     : @ 87089.480: tcs3701: start power rail timer, state:3
11-23 12:50:37.321  1011  1189 I ASH     : @ 87089.520: tcs3701: stop power rail pending_off timer
11-23 12:50:37.322  1011  1189 D ASH     : @ 87089.520: tcs3701: start power rail timer, state:3
11-23 12:50:37.340  5238  5295 I BatteryMgr:DataCollectionService: stats => 1700740237340,11901,4446,13427,4169000,100
11-23 12:50:37.361  1011  1189 I ASH     : @ 87089.560: tcs3701: stop power rail pending_off timer
11-23 12:50:37.362  1011  1189 D ASH     : @ 87089.560: tcs3701: start power rail timer, state:3
11-23 12:50:37.402  1011  1189 I ASH     : @ 87089.600: tcs3701: stop power rail pending_off timer
11-23 12:50:37.402  1011  1189 D ASH     : @ 87089.600: tcs3701: start power rail timer, state:3
11-23 12:50:37.442  1011  1189 I ASH     : @ 87089.640: tcs3701: stop power rail pending_off timer
11-23 12:50:37.442  1011  1189 D ASH     : @ 87089.640: tcs3701: start power rail timer, state:3
11-23 12:50:37.445  5238  5295 I BatteryMgr:DataCollectionService: stats => 1700740237445,11901,4446,13427,4169000,100
11-23 12:50:37.481  1011  1189 I ASH     : @ 87089.680: tcs3701: stop power rail pending_off timer
11-23 12:50:37.482  1011  1189 D ASH     : @ 87089.680: tcs3701: start power rail timer, state:3
11-23 12:50:37.522  1011  1189 I ASH     : @ 87089.720: tcs3701: stop power rail pending_off timer
11-23 12:50:37.522  1011  1189 D ASH     : @ 87089.720: tcs3701: start power rail timer, state:3
11-23 12:50:37.552  5238  5295 I BatteryMgr:DataCollectionService: stats => 1700740237552,11901,4446,13427,4169000,100
11-23 12:50:37.561  1011  1189 I ASH     : @ 87089.760: tcs3701: stop power rail pending_off timer
11-23 12:50:37.562  1011  1189 D ASH     : @ 87089.760: tcs3701: start power rail timer, state:3
11-23 12:50:37.592  1795  4168 D ActivityManager: freezer override set to true
11-23 12:50:37.600  1795  4168 D ActivityManager: freezer override set to false
11-23 12:50:37.602  1011  1189 I ASH     : @ 87089.800: tcs3701: stop power rail pending_off timer
11-23 12:50:37.602  1011  1189 D ASH     : @ 87089.800: tcs3701: start power rail timer, state:3
11-23 12:50:37.608  1795  4168 D ActivityManager: freezer override set to true
11-23 12:50:37.641  1011  1189 I ASH     : @ 87089.840: tcs3701: stop power rail pending_off timer
11-23 12:50:37.641  1011  1189 D ASH     : @ 87089.840: tcs3701: start power rail timer, state:3
11-23 12:50:37.660  5238  5295 I BatteryMgr:DataCollectionService: stats => 1700740237660,11901,4446,13427,4169000,100
11-23 12:50:37.682  1011  1189 I ASH     : @ 87089.880: tcs3701: stop power rail pending_off timer
11-23 12:50:37.682  1011  1189 D ASH     : @ 87089.880: tcs3701: start power rail timer, state:3
11-23 12:50:37.714 32065 32317 I m.chrome.canary: Explicit concurrent copying GC freed 3896(207KB) AllocSpace objects, 4(80KB) LOS objects, 75% free, 11MB/47MB, paused 36us,25us total 55.285ms
11-23 12:50:37.721  1011  1189 I ASH     : @ 87089.920: tcs3701: stop power rail pending_off timer
11-23 12:50:37.721  1011  1189 D ASH     : @ 87089.920: tcs3701: start power rail timer, state:3
11-23 12:50:37.761  1011  1189 I ASH     : @ 87089.960: tcs3701: stop power rail pending_off timer
11-23 12:50:37.761  1011  1189 D ASH     : @ 87089.960: tcs3701: start power rail timer, state:3
11-23 12:50:37.764  1795  2424 D WifiClientModeImpl[13802:wlan0]: updateLinkLayerStatsRssiSpeedFrequencyCapabilities rssi=-46 TxLinkspeed=866 freq=5240 RxLinkSpeed=866
11-23 12:50:37.767  1795  2424 D WifiDataStall: tx tput in kbps: 748785
11-23 12:50:37.767  1795  2424 D WifiDataStall: rx tput in kbps: 788195
11-23 12:50:37.767  1795  2424 V WifiConfigManager: Updating scan detail cache freq=5240 BSSID=f4:6d:2f:12:cc:88 RSSI=-46 for "ourhome"WPA_PSK
11-23 12:50:37.768  1795  2424 D WifiChannelUtilization:  freq: 5240 onTime: 2541365 busyTime: 230293 onTimeDiff: 2541070 busyTimeDiff: 230276 utilization: 23 utilization t0: 23
11-23 12:50:37.768  1795  2424 D WifiDataStall:  ccaLevel = 23
11-23 12:50:37.768  1795  2424 D WifiDataStall: L2 txTputKbps: 748785, rxTputKbps: 788195, L3 txTputKbps: 0, rxTputKbps: 0, TxTrafficHigh: false, RxTrafficHigh: false, Throughput Sufficient: true
11-23 12:50:37.768  3213  3230 V WifiManager: OnWifiUsabilityStatsListener: onWifiUsabilityStats: seqNum=28764
11-23 12:50:37.768  1795  2424 D WifiScoreReport: Wifi scoring disabled - Don't check IP layer
11-23 12:50:37.768  2782  5906 D QCNEJ/WlanStaInfoRelay: Received action: android.net.wifi.RSSI_CHANGED
11-23 12:50:37.768  1795  2424 D WifiScoreCard: BSSID update SIGNAL_POLL ID: 1320464697 SSID: "ourhome", BSSID: f4:6d:2f:12:cc:88, MAC: b2:2f:ec:da:4a:0c, IP: /192.168.1.104, Security type: 2, Supplicant state: COMPLETED, Wi-Fi standard: 5, RSSI: -46, Link speed: 866Mbps, Tx Link speed: 866Mbps, Max Supported Tx Link speed: 866Mbps, Rx Link speed: 866Mbps, Max Supported Rx Link speed: 866Mbps, Frequency: 5240MHz, Net ID: 12, Metered hint: false, score: 60, isUsable: true, CarrierMerged: false, SubscriptionId: -1, IsPrimary: 1, Trusted: true, Restricted: false, Ephemeral: false, OEM paid: false, OEM private: false, OSU AP: false, FQDN: <none>, Provider friendly name: <none>, Requesting package name: <none>"ourhome"wpa2-pskMLO Information: , Is TID-To-Link negotiation supported by the AP: false, AP MLD Address: <none>, AP MLO Link Id: <none>, AP MLO Affiliated links: <none>
11-23 12:50:37.768  1795  2424 D WifiScoreCard: txRate: 1 txSpeed: 866
11-23 12:50:37.768  1795  2424 D WifiScoreCard: network update SIGNAL_POLL "ourhome" ID: 1499892569 RSSI -46 txSpeed -1
11-23 12:50:37.768  1795  3634 I WifiService: updateWifiUsabilityScore uid=10180 seqNum=28764 score=100 predictionHorizonSec=1441795
11-23 12:50:37.769  2513 20817 V WifiManager: TrafficStateCallbackProxy: onStateChanged state=3
11-23 12:50:37.770  1795  2424 D WifiClientModeImpl[13802:wlan0]:  ClientModeImpl$L2ConnectedState screen=on 15 0 "ourhome" f4:6d:2f:12:cc:88 rssi=-46 f=5240 sc=60 link=866 tx=0.2, 0.0, 0.0 rx=0.4 bcn=831538 [on:56 tx:0 rx:1 period:3020] from screen [on:226529 period:2558498] score=60
11-23 12:50:37.770  1795  2424 D WifiScoreReport: Wifi scoring disabled - Notify that Wifi is usable
11-23 12:50:37.771  5238  5295 I BatteryMgr:DataCollectionService: stats => 1700740237771,11901,4446,13427,4169000,100
11-23 12:50:37.773  1795  2432 D ConnectivityService: NetReassign [no changes] [c 1] [a 0] [i 2]
11-23 12:50:37.779  1795  4168 D ActivityManager: freezer override set to false
11-23 12:50:37.803  1011  1189 I ASH     : @ 87090.000: tcs3701: stop power rail pending_off timer
11-23 12:50:37.803  1011  1189 D ASH     : @ 87090.000: tcs3701: start power rail timer, state:3
11-23 12:50:37.842  1011  1189 I ASH     : @ 87090.040: tcs3701: stop power rail pending_off timer
11-23 12:50:37.842  1011  1189 D ASH     : @ 87090.040: tcs3701: start power rail timer, state:3
11-23 12:50:37.849  1795  4168 D ActivityManager: freezer override set to true
11-23 12:50:37.852  1795  4168 D ActivityManager: freezer override set to false
11-23 12:50:37.877  5238  5295 I BatteryMgr:DataCollectionService: stats => 1700740237877,11901,4446,13427,4169000,100
11-23 12:50:37.881  1011  1189 I ASH     : @ 87090.080: tcs3701: stop power rail pending_off timer
11-23 12:50:37.882  1011  1189 D ASH     : @ 87090.080: tcs3701: start power rail timer, state:3
11-23 12:50:37.922  1011  1189 I ASH     : @ 87090.120: tcs3701: stop power rail pending_off timer
11-23 12:50:37.922  1011  1189 D ASH     : @ 87090.120: tcs3701: start power rail timer, state:3
11-23 12:50:37.962  1011  1189 I ASH     : @ 87090.160: tcs3701: stop power rail pending_off timer
11-23 12:50:37.962  1011  1189 D ASH     : @ 87090.160: tcs3701: start power rail timer, state:3
11-23 12:50:37.982  5238  5295 I BatteryMgr:DataCollectionService: stats => 1700740237981,11901,4446,13427,4169000,100
11-23 12:50:38.002  1011  1189 I ASH     : @ 87090.200: tcs3701: stop power rail pending_off timer
11-23 12:50:38.002  1011  1189 D ASH     : @ 87090.200: tcs3701: start power rail timer, state:3
11-23 12:50:38.042  1011  1189 I ASH     : @ 87090.240: tcs3701: stop power rail pending_off timer
11-23 12:50:38.042  1011  1189 D ASH     : @ 87090.240: tcs3701: start power rail timer, state:3
11-23 12:50:38.081  2113  2118 I pixel-thermal: skin-therm-monitor: 40.982
11-23 12:50:38.082  1011  1189 I ASH     : @ 87090.280: tcs3701: stop power rail pending_off timer
11-23 12:50:38.082  1011  1189 D ASH     : @ 87090.280: tcs3701: start power rail timer, state:3
11-23 12:50:38.083  2113  2118 I pixel-thermal: panel-audio-therm: 40.989
11-23 12:50:38.088  5238  5295 I BatteryMgr:DataCollectionService: stats => 1700740238088,11901,4446,13427,4169000,100
11-23 12:50:38.122  1011  1189 I ASH     : @ 87090.320: tcs3701: stop power rail pending_off timer
11-23 12:50:38.122  1011  1189 D ASH     : @ 87090.320: tcs3701: start power rail timer, state:3
11-23 12:50:38.161  1011  1189 I ASH     : @ 87090.360: tcs3701: stop power rail pending_off timer
11-23 12:50:38.161  1011  1189 D ASH     : @ 87090.360: tcs3701: start power rail timer, state:3
11-23 12:50:38.194  5238  5295 I BatteryMgr:DataCollectionService: stats => 1700740238193,11901,4446,13427,4169000,100
11-23 12:50:38.202  1011  1189 I ASH     : @ 87090.400: tcs3701: stop power rail pending_off timer
11-23 12:50:38.203  1011  1189 D ASH     : @ 87090.400: tcs3701: start power rail timer, state:3
11-23 12:50:38.241  1011  1189 I ASH     : @ 87090.440: tcs3701: stop power rail pending_off timer
11-23 12:50:38.241  1011  1189 D ASH     : @ 87090.440: tcs3701: start power rail timer, state:3
11-23 12:50:38.281  1011  1189 I ASH     : @ 87090.480: tcs3701: stop power rail pending_off timer
11-23 12:50:38.282  1011  1189 D ASH     : @ 87090.480: tcs3701: start power rail timer, state:3
11-23 12:50:38.299  5238  5295 I BatteryMgr:DataCollectionService: stats => 1700740238299,11901,4446,13427,4169000,100
11-23 12:50:38.322  1011  1189 I ASH     : @ 87090.520: tcs3701: stop power rail pending_off timer
11-23 12:50:38.322  1011  1189 D ASH     : @ 87090.520: tcs3701: start power rail timer, state:3
11-23 12:50:38.361  1011  1189 I ASH     : @ 87090.560: tcs3701: stop power rail pending_off timer
11-23 12:50:38.361  1011  1189 D ASH     : @ 87090.560: tcs3701: start power rail timer, state:3
11-23 12:50:38.402  1011  1189 I ASH     : @ 87090.600: tcs3701: stop power rail pending_off timer
11-23 12:50:38.402  1011  1189 D ASH     : @ 87090.600: tcs3701: start power rail timer, state:3
11-23 12:50:38.406  5238  5295 I BatteryMgr:DataCollectionService: stats => 1700740238406,11901,4446,13427,4169000,100
11-23 12:50:38.441  1011  1189 I ASH     : @ 87090.640: tcs3701: stop power rail pending_off timer
11-23 12:50:38.441  1011  1189 D ASH     : @ 87090.640: tcs3701: start power rail timer, state:3
11-23 12:50:38.482  1011  1189 I ASH     : @ 87090.680: tcs3701: stop power rail pending_off timer
11-23 12:50:38.482  1011  1189 D ASH     : @ 87090.680: tcs3701: start power rail timer, state:3
11-23 12:50:38.512  5238  5295 I BatteryMgr:DataCollectionService: stats => 1700740238512,11901,4446,13427,4169000,100
11-23 12:50:38.521  1011  1189 I ASH     : @ 87090.720: tcs3701: stop power rail pending_off timer
11-23 12:50:38.521  1011  1189 D ASH     : @ 87090.720: tcs3701: start power rail timer, state:3
11-23 12:50:38.561  1011  1189 I ASH     : @ 87090.760: tcs3701: stop power rail pending_off timer
11-23 12:50:38.561  1011  1189 D ASH     : @ 87090.760: tcs3701: start power rail timer, state:3
11-23 12:50:38.602  1011  1189 I ASH     : @ 87090.800: tcs3701: stop power rail pending_off timer
11-23 12:50:38.602  1011  1189 D ASH     : @ 87090.800: tcs3701: start power rail timer, state:3
11-23 12:50:38.605  1795  4168 D ActivityManager: freezer override set to true
11-23 12:50:38.610  1795  4168 D ActivityManager: freezer override set to false
11-23 12:50:38.618  5238  5295 I BatteryMgr:DataCollectionService: stats => 1700740238618,11901,4446,13427,4169000,100
11-23 12:50:38.642  1011  1189 I ASH     : @ 87090.840: tcs3701: stop power rail pending_off timer
11-23 12:50:38.642  1011  1189 D ASH     : @ 87090.840: tcs3701: start power rail timer, state:3
11-23 12:50:38.682  1011  1189 I ASH     : @ 87090.880: tcs3701: stop power rail pending_off timer
11-23 12:50:38.682  1011  1189 D ASH     : @ 87090.880: tcs3701: start power rail timer, state:3
11-23 12:50:38.721  1011  1189 I ASH     : @ 87090.920: tcs3701: stop power rail pending_off timer
11-23 12:50:38.721  1011  1189 D ASH     : @ 87090.920: tcs3701: start power rail timer, state:3
11-23 12:50:38.723  5238  5295 I BatteryMgr:DataCollectionService: stats => 1700740238723,11901,4446,13427,4169000,100
11-23 12:50:38.761  1011  1189 I ASH     : @ 87090.960: tcs3701: stop power rail pending_off timer
11-23 12:50:38.761  1011  1189 D ASH     : @ 87090.960: tcs3701: start power rail timer, state:3
11-23 12:50:38.802  1011  1189 I ASH     : @ 87091.000: tcs3701: stop power rail pending_off timer
11-23 12:50:38.802  1011  1189 D ASH     : @ 87091.000: tcs3701: start power rail timer, state:3
11-23 12:50:38.830  5238  5295 I BatteryMgr:DataCollectionService: stats => 1700740238829,11901,4446,13427,4169000,100
11-23 12:50:38.841  1011  1189 I ASH     : @ 87091.040: tcs3701: stop power rail pending_off timer
11-23 12:50:38.842  1011  1189 D ASH     : @ 87091.040: tcs3701: start power rail timer, state:3
11-23 12:50:38.881  1011  1189 I ASH     : @ 87091.080: tcs3701: stop power rail pending_off timer
11-23 12:50:38.881  1011  1189 D ASH     : @ 87091.080: tcs3701: start power rail timer, state:3
11-23 12:50:38.921  1011  1189 I ASH     : @ 87091.120: tcs3701: stop power rail pending_off timer
11-23 12:50:38.922  1011  1189 D ASH     : @ 87091.120: tcs3701: start power rail timer, state:3
11-23 12:50:38.926  1411  1514 D Diag_Lib: diag: In log_to_device, File count reached max file num 50 so deleting oldest file
11-23 12:50:38.928  1411  1514 D Diag_Lib: diag: In delete_log, Deleting logfile /data/vendor/radio/diag_logs/logs/diag_log_20231123_1200541700737254936.qmdl2 of size 5143 KB
11-23 12:50:38.928  1411  1514 D Diag_Lib:  creating new file /data/vendor/radio/diag_logs/logs/diag_log_20231123_1250381700740238928.qmdl2 
11-23 12:50:38.937  5238  5295 I BatteryMgr:DataCollectionService: stats => 1700740238937,11901,4446,13427,4169000,100
11-23 12:50:38.961  1011  1189 I ASH     : @ 87091.160: tcs3701: stop power rail pending_off timer
11-23 12:50:38.961  1011  1189 D ASH     : @ 87091.160: tcs3701: start power rail timer, state:3
11-23 12:50:39.002  1011  1189 I ASH     : @ 87091.200: tcs3701: stop power rail pending_off timer
11-23 12:50:39.002  1011  1189 D ASH     : @ 87091.200: tcs3701: start power rail timer, state:3
11-23 12:50:39.020  1795  4168 D ActivityManager: freezer override set to true
11-23 12:50:39.041  1011  1189 I ASH     : @ 87091.240: tcs3701: stop power rail pending_off timer
11-23 12:50:39.041  1011  1189 D ASH     : @ 87091.240: tcs3701: start power rail timer, state:3
11-23 12:50:39.043  5238  5295 I BatteryMgr:DataCollectionService: stats => 1700740239043,11901,4446,13427,4169000,100
11-23 12:50:39.083  1011  1189 I ASH     : @ 87091.280: tcs3701: stop power rail pending_off timer
11-23 12:50:39.083  1011  1189 D ASH     : @ 87091.280: tcs3701: start power rail timer, state:3
11-23 12:50:39.119 32065 32317 I m.chrome.canary: Explicit concurrent copying GC freed 3656(192KB) AllocSpace objects, 3(60KB) LOS objects, 75% free, 11MB/47MB, paused 36us,23us total 50.418ms
11-23 12:50:39.122  1011  1189 I ASH     : @ 87091.320: tcs3701: stop power rail pending_off timer
11-23 12:50:39.122  1011  1189 D ASH     : @ 87091.320: tcs3701: start power rail timer, state:3
11-23 12:50:39.148  5238  5295 I BatteryMgr:DataCollectionService: stats => 1700740239148,11901,4446,13427,4169000,100
11-23 12:50:39.162  1011  1189 I ASH     : @ 87091.360: tcs3701: stop power rail pending_off timer
11-23 12:50:39.162  1011  1189 D ASH     : @ 87091.360: tcs3701: start power rail timer, state:3
11-23 12:50:39.181  1795  4168 D ActivityManager: freezer override set to false
11-23 12:50:39.202  1011  1189 I ASH     : @ 87091.400: tcs3701: stop power rail pending_off timer
11-23 12:50:39.202  1011  1189 D ASH     : @ 87091.400: tcs3701: start power rail timer, state:3
11-23 12:50:39.226  1795  4168 D ActivityManager: freezer override set to true
11-23 12:50:39.229  1795  4168 D ActivityManager: freezer override set to false
11-23 12:50:39.241  1011  1189 I ASH     : @ 87091.440: tcs3701: stop power rail pending_off timer
11-23 12:50:39.242  1011  1189 D ASH     : @ 87091.440: tcs3701: start power rail timer, state:3
11-23 12:50:39.254  5238  5295 I BatteryMgr:DataCollectionService: stats => 1700740239254,11901,4446,13427,4169000,100
11-23 12:50:39.283  1011  1189 I ASH     : @ 87091.480: tcs3701: stop power rail pending_off timer
11-23 12:50:39.283  1011  1189 D ASH     : @ 87091.480: tcs3701: start power rail timer, state:3
11-23 12:50:39.321  1011  1189 I ASH     : @ 87091.520: tcs3701: stop power rail pending_off timer
11-23 12:50:39.321  1011  1189 D ASH     : @ 87091.520: tcs3701: start power rail timer, state:3
11-23 12:50:39.359  5238  5295 I BatteryMgr:DataCollectionService: stats => 1700740239359,11901,4446,13427,4169000,100
11-23 12:50:39.362  1011  1189 I ASH     : @ 87091.560: tcs3701: stop power rail pending_off timer
11-23 12:50:39.362  1011  1189 D ASH     : @ 87091.560: tcs3701: start power rail timer, state:3
11-23 12:50:39.402  1011  1189 I ASH     : @ 87091.600: tcs3701: stop power rail pending_off timer
11-23 12:50:39.402  1011  1189 D ASH     : @ 87091.600: tcs3701: start power rail timer, state:3
11-23 12:50:39.443  1011  1189 I ASH     : @ 87091.640: tcs3701: stop power rail pending_off timer
11-23 12:50:39.443  1011  1189 D ASH     : @ 87091.640: tcs3701: start power rail timer, state:3
11-23 12:50:39.466  5238  5295 I BatteryMgr:DataCollectionService: stats => 1700740239466,13427,4446,13427,4169000,100
11-23 12:50:39.482  1011  1189 I ASH     : @ 87091.680: tcs3701: stop power rail pending_off timer
11-23 12:50:39.482  1011  1189 D ASH     : @ 87091.680: tcs3701: start power rail timer, state:3
11-23 12:50:39.522  1011  1189 I ASH     : @ 87091.720: tcs3701: stop power rail pending_off timer
11-23 12:50:39.522  1011  1189 D ASH     : @ 87091.720: tcs3701: start power rail timer, state:3
11-23 12:50:39.561  1011  1189 I ASH     : @ 87091.760: tcs3701: stop power rail pending_off timer
11-23 12:50:39.561  1011  1189 D ASH     : @ 87091.760: tcs3701: start power rail timer, state:3
11-23 12:50:39.571  5238  5295 I BatteryMgr:DataCollectionService: stats => 1700740239571,13427,4446,13427,4169000,100
11-23 12:50:39.590  1795  4168 D ActivityManager: freezer override set to true
11-23 12:50:39.595  1795  4168 D ActivityManager: freezer override set to false
11-23 12:50:39.602  1011  1189 I ASH     : @ 87091.800: tcs3701: stop power rail pending_off timer
11-23 12:50:39.602  1011  1189 D ASH     : @ 87091.800: tcs3701: start power rail timer, state:3
11-23 12:50:39.606  1795  2424 D WifiNetworkSelector: Current connected network: 12
11-23 12:50:39.606  1795  2424 V WifiConnectivityManager: No partial scan because firmware roaming is supported.
11-23 12:50:39.606  1795  2424 V WifiConnectivityManager: schedulePeriodicScanTimer intervalMs 20000
11-23 12:50:39.642  1011  1189 I ASH     : @ 87091.840: tcs3701: stop power rail pending_off timer
11-23 12:50:39.642  1011  1189 D ASH     : @ 87091.840: tcs3701: start power rail timer, state:3
11-23 12:50:39.676  5238  5295 I BatteryMgr:DataCollectionService: stats => 1700740239676,13427,4446,13427,4169000,100
11-23 12:50:39.682  1011  1189 I ASH     : @ 87091.880: tcs3701: stop power rail pending_off timer
11-23 12:50:39.682  1011  1189 D ASH     : @ 87091.880: tcs3701: start power rail timer, state:3
11-23 12:50:39.722  1011  1189 I ASH     : @ 87091.920: tcs3701: stop power rail pending_off timer
11-23 12:50:39.722  1011  1189 D ASH     : @ 87091.920: tcs3701: start power rail timer, state:3
11-23 12:50:39.762  1011  1189 I ASH     : @ 87091.960: tcs3701: stop power rail pending_off timer
11-23 12:50:39.762  1011  1189 D ASH     : @ 87091.960: tcs3701: start power rail timer, state:3
11-23 12:50:39.781  5238  5295 I BatteryMgr:DataCollectionService: stats => 1700740239781,13427,4446,13427,4169000,100
11-23 12:50:39.801  1011  1189 I ASH     : @ 87092.000: tcs3701: stop power rail pending_off timer
11-23 12:50:39.802  1011  1189 D ASH     : @ 87092.000: tcs3701: start power rail timer, state:3
11-23 12:50:39.842  1011  1189 I ASH     : @ 87092.040: tcs3701: stop power rail pending_off timer
11-23 12:50:39.842  1011  1189 D ASH     : @ 87092.040: tcs3701: start power rail timer, state:3
11-23 12:50:39.882  1011  1189 I ASH     : @ 87092.080: tcs3701: stop power rail pending_off timer
11-23 12:50:39.882  1011  1189 D ASH     : @ 87092.080: tcs3701: start power rail timer, state:3
