11-23 13:02:13.350  3375  3375 I GoogleInputMethodService: GoogleInputMethodService.updateDeviceLockedStatus():2088 repeatCheckTimes = 1, locked = false
11-23 13:02:13.353 17585 17585 I cr_SplitCompatApp: Launched version=121.0.6137.0 minSdkVersion=29 isBundle=true processName=com.chrome.canary:sandboxed_process0:org.chromium.content.app.SandboxedProcessService0:1 isIsolated=true
11-23 13:02:13.356  1011  1189 I ASH     : @ 87785.554: tcs3701: stop power rail pending_off timer
11-23 13:02:13.356  1011  1189 D ASH     : @ 87785.554: tcs3701: start power rail timer, state:3
11-23 13:02:13.358  1795  3634 D ActivityManager: freezer override set to false
11-23 13:02:13.360 17585 17585 W SystemServiceRegistry: No service published for: uimode
11-23 13:02:13.369 17585 17585 I cr_ChildProcessService: Creating new ChildProcessService pid=17585
11-23 13:02:13.369  5238  5296 I BatteryMgr:DataCollectionService: stats => 1700740933369,10070,4446,13427,4169000,100
11-23 13:02:13.374  3875  3875 I VISHotwordAdapter: Not connected and not waiting for connection.
11-23 13:02:13.377  3875  3875 I VISHotwordAdapter: Still waiting for connection; add the callback to callback list
11-23 13:02:13.378 17585 17606 I cr_LibraryLoader: Successfully loaded native library
11-23 13:02:13.379 17585 17606 I cr_CachingUmaRecorder: Flushed 3 samples from 3 histograms, 0 samples were dropped.
11-23 13:02:13.382  3875  3875 W VISHotwordAdapter: gsaVis null binding. HDM in use.
11-23 13:02:13.395 17357 17397 I cr_BindingManager: Visible binding enabled: maxSize=-1
11-23 13:02:13.395  1011  1189 I ASH     : @ 87785.594: tcs3701: stop power rail pending_off timer
11-23 13:02:13.395  1011  1189 D ASH     : @ 87785.594: tcs3701: start power rail timer, state:3
11-23 13:02:13.404  1795  1853 W PackageConfigPersister: App-specific configuration not found for packageName: com.chrome.canary and userId: 0
11-23 13:02:13.409 17357 17357 I cr_A11yState: Enabled accessibility services list updated.
11-23 13:02:13.410 17357 17357 I cr_A11yState: Informing listeners of changes.
11-23 13:02:13.410 17357 17357 I cr_A11yState: New AccessibilityState: State{isScreenReaderEnabled=false, isTouchExplorationEnabled=false, isPerformGesturesEnabled=false, isAnyAccessibilityServiceEnabled=false, isAccessibilityToolPresent=false, isSpokenFeedbackServicePresent=false, isTextShowPasswordEnabled=true, isOnlyPasswordManagersEnabled=false}
11-23 13:02:13.436  1011  1189 I ASH     : @ 87785.634: tcs3701: stop power rail pending_off timer
11-23 13:02:13.436  1011  1189 D ASH     : @ 87785.634: tcs3701: start power rail timer, state:3
11-23 13:02:13.475  5238  5296 I BatteryMgr:DataCollectionService: stats => 1700740933475,10070,4446,13427,4169000,100
11-23 13:02:13.475  1011  1189 I ASH     : @ 87785.674: tcs3701: stop power rail pending_off timer
11-23 13:02:13.475  1011  1189 D ASH     : @ 87785.674: tcs3701: start power rail timer, state:3
11-23 13:02:13.485 17585 17606 I tflite  : Initialized TensorFlow Lite runtime.
11-23 13:02:13.486 17585 17606 W libc    : Access denied finding property "ro.mediatek.platform"
11-23 13:02:13.486 17585 17606 W libc    : Access denied finding property "ro.chipname"
11-23 13:02:13.486 17585 17606 W libc    : Access denied finding property "ro.hardware.chipname"
11-23 13:02:13.515  1011  1189 I ASH     : @ 87785.714: tcs3701: stop power rail pending_off timer
11-23 13:02:13.515  1011  1189 D ASH     : @ 87785.714: tcs3701: start power rail timer, state:3
11-23 13:02:13.555  1011  1189 I ASH     : @ 87785.754: tcs3701: stop power rail pending_off timer
11-23 13:02:13.555  1011  1189 D ASH     : @ 87785.754: tcs3701: start power rail timer, state:3
11-23 13:02:13.578  5238  5296 I BatteryMgr:DataCollectionService: stats => 1700740933578,10070,4446,13427,4169000,100
11-23 13:02:13.595  1011  1189 I ASH     : @ 87785.794: tcs3701: stop power rail pending_off timer
11-23 13:02:13.596  1011  1189 D ASH     : @ 87785.794: tcs3701: start power rail timer, state:3
11-23 13:02:13.635  1011  1189 I ASH     : @ 87785.834: tcs3701: stop power rail pending_off timer
11-23 13:02:13.635  1011  1189 D ASH     : @ 87785.834: tcs3701: start power rail timer, state:3
11-23 13:02:13.676  1011  1189 I ASH     : @ 87785.874: tcs3701: stop power rail pending_off timer
11-23 13:02:13.676  1011  1189 D ASH     : @ 87785.874: tcs3701: start power rail timer, state:3
11-23 13:02:13.682  5238  5296 I BatteryMgr:DataCollectionService: stats => 1700740933682,10070,4446,13427,4169000,100
11-23 13:02:13.715  1011  1189 I ASH     : @ 87785.914: tcs3701: stop power rail pending_off timer
11-23 13:02:13.715  1011  1189 D ASH     : @ 87785.914: tcs3701: start power rail timer, state:3
11-23 13:02:13.755  1011  1189 I ASH     : @ 87785.954: tcs3701: stop power rail pending_off timer
11-23 13:02:13.755  1011  1189 D ASH     : @ 87785.954: tcs3701: start power rail timer, state:3
11-23 13:02:13.787  5238  5296 I BatteryMgr:DataCollectionService: stats => 1700740933787,10070,4446,13427,4169000,100
11-23 13:02:13.796  1011  1189 I ASH     : @ 87785.994: tcs3701: stop power rail pending_off timer
11-23 13:02:13.796  1011  1189 D ASH     : @ 87785.994: tcs3701: start power rail timer, state:3
11-23 13:02:13.804 17357 17419 W chromium: [WARNING:ev_root_ca_metadata.cc(119)] Not implemented
11-23 13:02:13.805 17357 17419 W chromium: [WARNING:ev_root_ca_metadata.cc(119)] Not implemented
11-23 13:02:13.836  1011  1189 I ASH     : @ 87786.034: tcs3701: stop power rail pending_off timer
11-23 13:02:13.836  1011  1189 D ASH     : @ 87786.034: tcs3701: start power rail timer, state:3
11-23 13:02:13.876  1011  1189 I ASH     : @ 87786.074: tcs3701: stop power rail pending_off timer
11-23 13:02:13.876  1011  1189 D ASH     : @ 87786.074: tcs3701: start power rail timer, state:3
11-23 13:02:13.891  5238  5296 I BatteryMgr:DataCollectionService: stats => 1700740933891,10070,4446,13427,4169000,100
11-23 13:02:13.909 17357 17368 W m.chrome.canary: Cleared Reference was only reachable from finalizer (only reported once)
11-23 13:02:13.916  1011  1189 I ASH     : @ 87786.114: tcs3701: stop power rail pending_off timer
11-23 13:02:13.916  1011  1189 D ASH     : @ 87786.114: tcs3701: start power rail timer, state:3
11-23 13:02:13.955  1011  1189 I ASH     : @ 87786.154: tcs3701: stop power rail pending_off timer
11-23 13:02:13.955  1011  1189 D ASH     : @ 87786.154: tcs3701: start power rail timer, state:3
11-23 13:02:13.995  1011  1189 I ASH     : @ 87786.194: tcs3701: stop power rail pending_off timer
11-23 13:02:13.995  1011  1189 D ASH     : @ 87786.194: tcs3701: start power rail timer, state:3
11-23 13:02:13.996  5238  5296 I BatteryMgr:DataCollectionService: stats => 1700740933996,10070,4446,13427,4169000,100
11-23 13:02:14.019  1795  3634 D ActivityManager: freezer override set to true
11-23 13:02:14.035  1011  1189 I ASH     : @ 87786.234: tcs3701: stop power rail pending_off timer
11-23 13:02:14.035  1011  1189 D ASH     : @ 87786.234: tcs3701: start power rail timer, state:3
11-23 13:02:14.075  1011  1189 I ASH     : @ 87786.274: tcs3701: stop power rail pending_off timer
11-23 13:02:14.075  1011  1189 D ASH     : @ 87786.274: tcs3701: start power rail timer, state:3
11-23 13:02:14.098  3845  3845 E AbstractGmsTracer: Traced class shouldn't be obfuscated: GmsBoundBrokerChimeraService [CONTEXT service_id=259 ]
11-23 13:02:14.098  3845  3845 D BoundBrokerSvc: onBind: Intent { act=com.google.android.gms.common.BIND_SHARED_PREFS pkg=com.google.android.gms }
11-23 13:02:14.098  3845  3845 D BoundBrokerSvc: Loading bound service for intent: Intent { act=com.google.android.gms.common.BIND_SHARED_PREFS pkg=com.google.android.gms }
11-23 13:02:14.099  3845  3845 E AbstractGmsTracer: Traced class shouldn't be obfuscated: SharedPreferencesBoundService [CONTEXT service_id=259 ]
11-23 13:02:14.100  5238  5296 I BatteryMgr:DataCollectionService: stats => 1700740934100,10070,4446,13427,4169000,100
11-23 13:02:14.104  3845  3845 D BoundBrokerSvc: onUnbind: Intent { act=com.google.android.gms.common.BIND_SHARED_PREFS pkg=com.google.android.gms }
11-23 13:02:14.116  1011  1189 I ASH     : @ 87786.314: tcs3701: stop power rail pending_off timer
11-23 13:02:14.116  1011  1189 D ASH     : @ 87786.314: tcs3701: start power rail timer, state:3
11-23 13:02:14.156  1011  1189 I ASH     : @ 87786.354: tcs3701: stop power rail pending_off timer
11-23 13:02:14.156  1011  1189 D ASH     : @ 87786.354: tcs3701: start power rail timer, state:3
11-23 13:02:14.195  1011  1189 I ASH     : @ 87786.394: tcs3701: stop power rail pending_off timer
11-23 13:02:14.195  1011  1189 D ASH     : @ 87786.394: tcs3701: start power rail timer, state:3
11-23 13:02:14.198 17357 17413 I m.chrome.canary: Explicit concurrent copying GC freed 635501(12MB) AllocSpace objects, 1(20KB) LOS objects, 75% free, 12MB/49MB, paused 54us,28us total 69.996ms
11-23 13:02:14.204  5238  5296 I BatteryMgr:DataCollectionService: stats => 1700740934204,10070,4446,13427,4169000,100
11-23 13:02:14.236  1011  1189 I ASH     : @ 87786.434: tcs3701: stop power rail pending_off timer
11-23 13:02:14.236  1011  1189 D ASH     : @ 87786.434: tcs3701: start power rail timer, state:3
11-23 13:02:14.254  2113  2118 I pixel-thermal: skin-therm-monitor: 40.265
11-23 13:02:14.267  1795  3634 D ActivityManager: freezer override set to false
11-23 13:02:14.275  1011  1189 I ASH     : @ 87786.474: tcs3701: stop power rail pending_off timer
11-23 13:02:14.275  1011  1189 D ASH     : @ 87786.474: tcs3701: start power rail timer, state:3
11-23 13:02:14.309  5238  5296 I BatteryMgr:DataCollectionService: stats => 1700740934308,10070,4446,13427,4169000,100
11-23 13:02:14.314  1795  3634 D ActivityManager: freezer override set to true
11-23 13:02:14.315  1011  1189 I ASH     : @ 87786.514: tcs3701: stop power rail pending_off timer
11-23 13:02:14.315  1011  1189 D ASH     : @ 87786.514: tcs3701: start power rail timer, state:3
11-23 13:02:14.317  1795  3634 D ActivityManager: freezer override set to false
11-23 13:02:14.320  1795  3634 D ActivityManager: freezer override set to true
11-23 13:02:14.324  1795  3634 D ActivityManager: freezer override set to false
11-23 13:02:14.356  1011  1189 I ASH     : @ 87786.554: tcs3701: stop power rail pending_off timer
11-23 13:02:14.356  1011  1189 D ASH     : @ 87786.554: tcs3701: start power rail timer, state:3
11-23 13:02:14.396  1011  1189 I ASH     : @ 87786.594: tcs3701: stop power rail pending_off timer
11-23 13:02:14.396  1011  1189 D ASH     : @ 87786.594: tcs3701: start power rail timer, state:3
11-23 13:02:14.413  5238  5296 I BatteryMgr:DataCollectionService: stats => 1700740934413,10070,4446,13427,4169000,100
11-23 13:02:14.435  1011  1189 I ASH     : @ 87786.634: tcs3701: stop power rail pending_off timer
11-23 13:02:14.435  1011  1189 D ASH     : @ 87786.634: tcs3701: start power rail timer, state:3
11-23 13:02:14.437  1795  2424 D WifiClientModeImpl[13802:wlan0]: updateLinkLayerStatsRssiSpeedFrequencyCapabilities rssi=-47 TxLinkspeed=866 freq=5240 RxLinkSpeed=866
11-23 13:02:14.438  1795  2424 D WifiDataStall: tx tput in kbps: 748785
11-23 13:02:14.438  1795  2424 D WifiDataStall: rx tput in kbps: 788195
11-23 13:02:14.438  1795  2424 V WifiConfigManager: Updating scan detail cache freq=5240 BSSID=f4:6d:2f:12:cc:88 RSSI=-47 for "ourhome"WPA_PSK
11-23 13:02:14.438  1795  2424 D WifiChannelUtilization:  freq: 5240 onTime: 2567015 busyTime: 232938 onTimeDiff: 2566720 busyTimeDiff: 232921 utilization: 23 utilization t0: 23
11-23 13:02:14.438  1795  2424 D WifiDataStall:  ccaLevel = 23
11-23 13:02:14.438  1795  2424 D WifiDataStall: L2 txTputKbps: 764549, rxTputKbps: 788195, L3 txTputKbps: 70, rxTputKbps: 183, TxTrafficHigh: true, RxTrafficHigh: true, Throughput Sufficient: true
11-23 13:02:14.438  2782  5906 D QCNEJ/WlanStaInfoRelay: Received action: android.net.wifi.RSSI_CHANGED
11-23 13:02:14.438  3213  6173 V WifiManager: OnWifiUsabilityStatsListener: onWifiUsabilityStats: seqNum=28995
11-23 13:02:14.438  1795  2424 D WifiScoreReport: Wifi scoring disabled - Don't check IP layer
11-23 13:02:14.438  1795  2424 D WifiScoreCard: BSSID update SIGNAL_POLL ID: 1320464697 SSID: "ourhome", BSSID: f4:6d:2f:12:cc:88, MAC: b2:2f:ec:da:4a:0c, IP: /192.168.1.104, Security type: 2, Supplicant state: COMPLETED, Wi-Fi standard: 5, RSSI: -47, Link speed: 866Mbps, Tx Link speed: 866Mbps, Max Supported Tx Link speed: 866Mbps, Rx Link speed: 866Mbps, Max Supported Rx Link speed: 866Mbps, Frequency: 5240MHz, Net ID: 12, Metered hint: false, score: 60, isUsable: true, CarrierMerged: false, SubscriptionId: -1, IsPrimary: 1, Trusted: true, Restricted: false, Ephemeral: false, OEM paid: false, OEM private: false, OSU AP: false, FQDN: <none>, Provider friendly name: <none>, Requesting package name: <none>"ourhome"wpa2-pskMLO Information: , Is TID-To-Link negotiation supported by the AP: false, AP MLD Address: <none>, AP MLO Link Id: <none>, AP MLO Affiliated links: <none>
11-23 13:02:14.439  1795  2424 D WifiScoreCard: txRate: 23 txSpeed: 866
11-23 13:02:14.439  1795  2424 D WifiScoreCard: network update SIGNAL_POLL "ourhome" ID: 1499892569 RSSI -47 txSpeed 866
11-23 13:02:14.439  1795  4170 I WifiService: updateWifiUsabilityScore uid=10180 seqNum=28995 score=100 predictionHorizonSec=1441795
11-23 13:02:14.439  1795  2424 D WifiClientModeImpl[13802:wlan0]:  ClientModeImpl$L2ConnectedState screen=on 15 0 "ourhome" f4:6d:2f:12:cc:88 rssi=-47 f=5240 sc=60 link=866 tx=21.3, 0.8, 0.0 rx=13.1 bcn=838328 [on:1449 tx:17 rx:6 period:3013] from screen [on:252179 period:3255167] score=60
11-23 13:02:14.440  1795  2424 D WifiScoreReport: Wifi scoring disabled - Notify that Wifi is usable
11-23 13:02:14.442  1795  2432 D ConnectivityService: NetReassign [no changes] [c 0] [a 0] [i 1]
11-23 13:02:14.475  1011  1189 I ASH     : @ 87786.674: tcs3701: stop power rail pending_off timer
11-23 13:02:14.475  1011  1189 D ASH     : @ 87786.674: tcs3701: start power rail timer, state:3
11-23 13:02:14.515  1011  1189 I ASH     : @ 87786.714: tcs3701: stop power rail pending_off timer
11-23 13:02:14.515  1011  1189 D ASH     : @ 87786.714: tcs3701: start power rail timer, state:3
11-23 13:02:14.517  5238  5296 I BatteryMgr:DataCollectionService: stats => 1700740934517,10070,4446,13427,4169000,100
11-23 13:02:14.555  1011  1189 I ASH     : @ 87786.754: tcs3701: stop power rail pending_off timer
11-23 13:02:14.555  1011  1189 D ASH     : @ 87786.754: tcs3701: start power rail timer, state:3
11-23 13:02:14.596  1011  1189 I ASH     : @ 87786.794: tcs3701: stop power rail pending_off timer
11-23 13:02:14.596  1011  1189 D ASH     : @ 87786.794: tcs3701: start power rail timer, state:3
11-23 13:02:14.621  5238  5296 I BatteryMgr:DataCollectionService: stats => 1700740934621,10070,4446,13427,4169000,100
11-23 13:02:14.624 17430 17486 I tflite  : Initialized TensorFlow Lite runtime.
11-23 13:02:14.625 17430 17486 W libc    : Access denied finding property "ro.mediatek.platform"
11-23 13:02:14.625 17430 17486 W libc    : Access denied finding property "ro.chipname"
11-23 13:02:14.626 17430 17486 W libc    : Access denied finding property "ro.hardware.chipname"
11-23 13:02:14.635  1011  1189 I ASH     : @ 87786.834: tcs3701: stop power rail pending_off timer
11-23 13:02:14.635  1011  1189 D ASH     : @ 87786.834: tcs3701: start power rail timer, state:3
11-23 13:02:14.665 11810 11825 I native  : I0000 00:00:1700740934.664969   11825 device_profile_database_helpers.cc:563] Found nothing for mTS_ld
11-23 13:02:14.665 11810 11825 I native  : I0000 00:00:1700740934.665229   11825 device_profile_database_helpers.cc:563] Found nothing for redfin/redfin
11-23 13:02:14.665 11810 11825 I native  : I0000 00:00:1700740934.665294   11825 device_profile_database_helpers.cc:550] Considering b4SrL5:11
11-23 13:02:14.665 11810 11825 I native  : I0000 00:00:1700740934.665335   11825 device_profile_database_helpers.cc:509] Device profile for google/redfin/redfin:13/TQ3A.230901.001/10750268:user/release-keys: b4SrL5:11
11-23 13:02:14.675  1011  1189 I ASH     : @ 87786.874: tcs3701: stop power rail pending_off timer
11-23 13:02:14.676  1011  1189 D ASH     : @ 87786.874: tcs3701: start power rail timer, state:3
11-23 13:02:14.679  1011  1189 I VSC     : @ 87786.878: {Fusion} configure fusion 15 16666us 0us.
11-23 13:02:14.679  1011  1189 D VSC     : @ 87786.878: [Game Rotation Vector Sensor] Request accel, interval 16.6 ms, latency 0.0 ms
11-23 13:02:14.680  1011  1189 D VSC     : @ 87786.878: [Game Rotation Vector Sensor] Request gyro, interval 5.0 ms, latency 0.0 ms
11-23 13:02:14.694  1011  1189 D ASH     : @ 87786.893: SensorType 1 resampler quality 3
11-23 13:02:14.699  1011  1189 D ASH     : @ 87786.898: SensorType 1 resampler quality 2
11-23 13:02:14.715  1011  1189 I ASH     : @ 87786.914: tcs3701: stop power rail pending_off timer
11-23 13:02:14.715  1011  1189 D ASH     : @ 87786.914: tcs3701: start power rail timer, state:3
11-23 13:02:14.716  1011  1189 D ASH     : @ 87786.915: SensorType 195 resampler quality 1
11-23 13:02:14.725  5238  5296 I BatteryMgr:DataCollectionService: stats => 1700740934725,10070,4446,13427,4169000,100
11-23 13:02:14.755  1011  1189 I ASH     : @ 87786.954: tcs3701: stop power rail pending_off timer
11-23 13:02:14.755  1011  1189 D ASH     : @ 87786.954: tcs3701: start power rail timer, state:3
11-23 13:02:14.795  1011  1189 I ASH     : @ 87786.994: tcs3701: stop power rail pending_off timer
11-23 13:02:14.795  1011  1189 D ASH     : @ 87786.994: tcs3701: start power rail timer, state:3
11-23 13:02:14.829  5238  5296 I BatteryMgr:DataCollectionService: stats => 1700740934829,10070,4446,13427,4169000,100
11-23 13:02:14.835  1011  1189 I ASH     : @ 87787.034: tcs3701: stop power rail pending_off timer
11-23 13:02:14.835  1011  1189 D ASH     : @ 87787.034: tcs3701: start power rail timer, state:3
11-23 13:02:14.867 17438 17471 I AdrenoVK-0: QUALCOMM build          : 4783c89, I46ff5fc46f
11-23 13:02:14.867 17438 17471 I AdrenoVK-0: Build Date              : 11/30/20
11-23 13:02:14.867 17438 17471 I AdrenoVK-0: Shader Compiler Version : EV031.31.04.01
11-23 13:02:14.867 17438 17471 I AdrenoVK-0: Local Branch            : QPR2
11-23 13:02:14.867 17438 17471 I AdrenoVK-0: Remote Branch           : 
11-23 13:02:14.867 17438 17471 I AdrenoVK-0: Remote Branch           : 
11-23 13:02:14.867 17438 17471 I AdrenoVK-0: Reconstruct Branch      : 
11-23 13:02:14.867 17438 17471 I AdrenoVK-0: Build Config            : S P 10.0.4 AArch64
11-23 13:02:14.867 17438 17471 I AdrenoVK-0: Driver Path             : /vendor/lib64/hw/vulkan.adreno.so
11-23 13:02:14.875  1011  1189 I ASH     : @ 87787.074: tcs3701: stop power rail pending_off timer
11-23 13:02:14.876  1011  1189 D ASH     : @ 87787.074: tcs3701: start power rail timer, state:3
11-23 13:02:14.916  1011  1189 I ASH     : @ 87787.114: tcs3701: stop power rail pending_off timer
11-23 13:02:14.916  1011  1189 D ASH     : @ 87787.114: tcs3701: start power rail timer, state:3
11-23 13:02:14.935  5238  5296 I BatteryMgr:DataCollectionService: stats => 1700740934935,10070,4446,13427,4169000,100
11-23 13:02:14.955  1011  1189 I ASH     : @ 87787.154: tcs3701: stop power rail pending_off timer
11-23 13:02:14.955  1011  1189 D ASH     : @ 87787.154: tcs3701: start power rail timer, state:3
11-23 13:02:14.995  1011  1189 I ASH     : @ 87787.194: tcs3701: stop power rail pending_off timer
11-23 13:02:14.995  1011  1189 D ASH     : @ 87787.194: tcs3701: start power rail timer, state:3
11-23 13:02:14.995 17357 17418 W chromium: [WARNING:ev_root_ca_metadata.cc(119)] Not implemented
11-23 13:02:15.012 17357 17419 W chromium: [WARNING:ev_root_ca_metadata.cc(119)] Not implemented
11-23 13:02:15.012 17357 17422 W chromium: [WARNING:ev_root_ca_metadata.cc(119)] Not implemented
11-23 13:02:15.012 17357 17422 W chromium: [WARNING:ev_root_ca_metadata.cc(119)] Not implemented
11-23 13:02:15.035  1011  1189 I ASH     : @ 87787.234: tcs3701: stop power rail pending_off timer
11-23 13:02:15.036  1011  1189 D ASH     : @ 87787.234: tcs3701: start power rail timer, state:3
11-23 13:02:15.043  5238  5296 I BatteryMgr:DataCollectionService: stats => 1700740935043,10070,4446,13427,4169000,100
11-23 13:02:15.043 17357 17418 W chromium: [WARNING:ev_root_ca_metadata.cc(119)] Not implemented
11-23 13:02:15.043 17357 17418 W chromium: [WARNING:ev_root_ca_metadata.cc(119)] Not implemented
11-23 13:02:15.075  1011  1189 I ASH     : @ 87787.274: tcs3701: stop power rail pending_off timer
11-23 13:02:15.075  1011  1189 D ASH     : @ 87787.274: tcs3701: start power rail timer, state:3
11-23 13:02:15.084 17357 17418 W chromium: [WARNING:ev_root_ca_metadata.cc(119)] Not implemented
11-23 13:02:15.085 17357 17419 W chromium: [WARNING:ev_root_ca_metadata.cc(119)] Not implemented
11-23 13:02:15.115  1011  1189 I ASH     : @ 87787.314: tcs3701: stop power rail pending_off timer
11-23 13:02:15.115  1011  1189 D ASH     : @ 87787.314: tcs3701: start power rail timer, state:3
11-23 13:02:15.152  5238  5296 I BatteryMgr:DataCollectionService: stats => 1700740935152,10070,4446,13427,4169000,100
11-23 13:02:15.156  1011  1189 I ASH     : @ 87787.354: tcs3701: stop power rail pending_off timer
11-23 13:02:15.156  1011  1189 D ASH     : @ 87787.354: tcs3701: start power rail timer, state:3
11-23 13:02:15.195  1011  1189 I ASH     : @ 87787.394: tcs3701: stop power rail pending_off timer
11-23 13:02:15.195  1011  1189 D ASH     : @ 87787.394: tcs3701: start power rail timer, state:3
11-23 13:02:15.235  1011  1189 I ASH     : @ 87787.434: tcs3701: stop power rail pending_off timer
11-23 13:02:15.235  1011  1189 D ASH     : @ 87787.434: tcs3701: start power rail timer, state:3
11-23 13:02:15.258  5238  5296 I BatteryMgr:DataCollectionService: stats => 1700740935258,10070,4446,13427,4169000,100
11-23 13:02:15.275  1011  1189 I ASH     : @ 87787.474: tcs3701: stop power rail pending_off timer
11-23 13:02:15.276  1011  1189 D ASH     : @ 87787.474: tcs3701: start power rail timer, state:3
11-23 13:02:15.315  1011  1189 I ASH     : @ 87787.514: tcs3701: stop power rail pending_off timer
11-23 13:02:15.315  1011  1189 D ASH     : @ 87787.514: tcs3701: start power rail timer, state:3
11-23 13:02:15.323  1795  3634 D ActivityManager: freezer override set to true
11-23 13:02:15.328  1795  3634 D ActivityManager: freezer override set to false
11-23 13:02:15.355  1011  1189 I ASH     : @ 87787.554: tcs3701: stop power rail pending_off timer
11-23 13:02:15.355  1011  1189 D ASH     : @ 87787.554: tcs3701: start power rail timer, state:3
11-23 13:02:15.362  5238  5296 I BatteryMgr:DataCollectionService: stats => 1700740935362,10070,4446,13427,4169000,100
11-23 13:02:15.396  1011  1189 I ASH     : @ 87787.594: tcs3701: stop power rail pending_off timer
11-23 13:02:15.396  1011  1189 D ASH     : @ 87787.594: tcs3701: start power rail timer, state:3
11-23 13:02:15.435  1011  1189 I ASH     : @ 87787.634: tcs3701: stop power rail pending_off timer
11-23 13:02:15.435  1011  1189 D ASH     : @ 87787.634: tcs3701: start power rail timer, state:3
11-23 13:02:15.466  5238  5296 I BatteryMgr:DataCollectionService: stats => 1700740935466,10070,4446,13427,4169000,100
11-23 13:02:15.475  1011  1189 I ASH     : @ 87787.674: tcs3701: stop power rail pending_off timer
11-23 13:02:15.475  1011  1189 D ASH     : @ 87787.674: tcs3701: start power rail timer, state:3
11-23 13:02:15.501  1795  3634 D ActivityManager: freezer override set to true
11-23 13:02:15.515  1011  1189 I ASH     : @ 87787.714: tcs3701: stop power rail pending_off timer
11-23 13:02:15.515  1011  1189 D ASH     : @ 87787.714: tcs3701: start power rail timer, state:3
11-23 13:02:15.556  1011  1189 I ASH     : @ 87787.754: tcs3701: stop power rail pending_off timer
11-23 13:02:15.556  1011  1189 D ASH     : @ 87787.754: tcs3701: start power rail timer, state:3
11-23 13:02:15.574  5238  5296 I BatteryMgr:DataCollectionService: stats => 1700740935574,10070,4446,13427,4169000,100
11-23 13:02:15.597  1011  1189 I ASH     : @ 87787.794: tcs3701: stop power rail pending_off timer
11-23 13:02:15.597  1011  1189 D ASH     : @ 87787.794: tcs3701: start power rail timer, state:3
11-23 13:02:15.636  1011  1189 I ASH     : @ 87787.834: tcs3701: stop power rail pending_off timer
11-23 13:02:15.636  1011  1189 D ASH     : @ 87787.834: tcs3701: start power rail timer, state:3
11-23 13:02:15.659 17357 17413 I m.chrome.canary: Explicit concurrent copying GC freed 1728466(33MB) AllocSpace objects, 15(596KB) LOS objects, 75% free, 11MB/47MB, paused 135us,25us total 79.816ms
11-23 13:02:15.675  1011  1189 I ASH     : @ 87787.874: tcs3701: stop power rail pending_off timer
11-23 13:02:15.675  1011  1189 D ASH     : @ 87787.874: tcs3701: start power rail timer, state:3
11-23 13:02:15.684  5238  5296 I BatteryMgr:DataCollectionService: stats => 1700740935684,10070,4446,13427,4169000,100
11-23 13:02:15.716  1011  1189 I ASH     : @ 87787.914: tcs3701: stop power rail pending_off timer
11-23 13:02:15.716  1011  1189 D ASH     : @ 87787.914: tcs3701: start power rail timer, state:3
11-23 13:02:15.723  1795  3634 D ActivityManager: freezer override set to false
11-23 13:02:15.755  1011  1189 I ASH     : @ 87787.954: tcs3701: stop power rail pending_off timer
11-23 13:02:15.755  1011  1189 D ASH     : @ 87787.954: tcs3701: start power rail timer, state:3
11-23 13:02:15.789  5238  5296 I BatteryMgr:DataCollectionService: stats => 1700740935789,10070,4446,13427,4169000,100
11-23 13:02:15.793  1795  3634 D ActivityManager: freezer override set to true
11-23 13:02:15.796  1011  1189 I ASH     : @ 87787.994: tcs3701: stop power rail pending_off timer
11-23 13:02:15.796  1011  1189 D ASH     : @ 87787.994: tcs3701: start power rail timer, state:3
11-23 13:02:15.800  1795  3634 D ActivityManager: freezer override set to false
11-23 13:02:15.835  1011  1189 I ASH     : @ 87788.034: tcs3701: stop power rail pending_off timer
11-23 13:02:15.835  1011  1189 D ASH     : @ 87788.034: tcs3701: start power rail timer, state:3
11-23 13:02:15.875  1011  1189 I ASH     : @ 87788.074: tcs3701: stop power rail pending_off timer
11-23 13:02:15.875  1011  1189 D ASH     : @ 87788.074: tcs3701: start power rail timer, state:3
11-23 13:02:15.895  5238  5296 I BatteryMgr:DataCollectionService: stats => 1700740935895,10070,4446,13427,4169000,100
11-23 13:02:15.915  1011  1189 I ASH     : @ 87788.114: tcs3701: stop power rail pending_off timer
11-23 13:02:15.915  1011  1189 D ASH     : @ 87788.114: tcs3701: start power rail timer, state:3
11-23 13:02:15.955  1011  1189 I ASH     : @ 87788.154: tcs3701: stop power rail pending_off timer
11-23 13:02:15.955  1011  1189 D ASH     : @ 87788.154: tcs3701: start power rail timer, state:3
11-23 13:02:15.995  1011  1189 I ASH     : @ 87788.194: tcs3701: stop power rail pending_off timer
11-23 13:02:15.995  1011  1189 D ASH     : @ 87788.194: tcs3701: start power rail timer, state:3
11-23 13:02:16.001  5238  5296 I BatteryMgr:DataCollectionService: stats => 1700740936001,10070,4446,13427,4169000,100
11-23 13:02:16.036  1011  1189 I ASH     : @ 87788.234: tcs3701: stop power rail pending_off timer
11-23 13:02:16.036  1011  1189 D ASH     : @ 87788.234: tcs3701: start power rail timer, state:3
11-23 13:02:16.075  1011  1189 I ASH     : @ 87788.274: tcs3701: stop power rail pending_off timer
11-23 13:02:16.075  1011  1189 D ASH     : @ 87788.274: tcs3701: start power rail timer, state:3
11-23 13:02:16.109  5238  5296 I BatteryMgr:DataCollectionService: stats => 1700740936109,10070,4446,13427,4169000,100
11-23 13:02:16.115  1011  1189 I ASH     : @ 87788.314: tcs3701: stop power rail pending_off timer
11-23 13:02:16.115  1011  1189 D ASH     : @ 87788.314: tcs3701: start power rail timer, state:3
11-23 13:02:16.155  1011  1189 I ASH     : @ 87788.354: tcs3701: stop power rail pending_off timer
11-23 13:02:16.155  1011  1189 D ASH     : @ 87788.354: tcs3701: start power rail timer, state:3
11-23 13:02:16.195  1011  1189 I ASH     : @ 87788.394: tcs3701: stop power rail pending_off timer
11-23 13:02:16.195  1011  1189 D ASH     : @ 87788.394: tcs3701: start power rail timer, state:3
11-23 13:02:16.220  5238  5296 I BatteryMgr:DataCollectionService: stats => 1700740936220,10070,4446,13427,4169000,100
11-23 13:02:16.236  1011  1189 I ASH     : @ 87788.434: tcs3701: stop power rail pending_off timer
11-23 13:02:16.236  1011  1189 D ASH     : @ 87788.434: tcs3701: start power rail timer, state:3
11-23 13:02:16.259  2113  2118 I pixel-thermal: skin-therm-monitor: 40.227
11-23 13:02:16.275  1011  1189 I ASH     : @ 87788.474: tcs3701: stop power rail pending_off timer
11-23 13:02:16.275  1011  1189 D ASH     : @ 87788.474: tcs3701: start power rail timer, state:3
11-23 13:02:16.316  1011  1189 I ASH     : @ 87788.514: tcs3701: stop power rail pending_off timer
11-23 13:02:16.316  1011  1189 D ASH     : @ 87788.514: tcs3701: start power rail timer, state:3
11-23 13:02:16.325  5238  5296 I BatteryMgr:DataCollectionService: stats => 1700740936325,10070,4446,13427,4169000,100
11-23 13:02:16.340  1795  3634 D ActivityManager: freezer override set to true
11-23 13:02:16.347  1795  3634 D ActivityManager: freezer override set to false
11-23 13:02:16.355  1011  1189 I ASH     : @ 87788.554: tcs3701: stop power rail pending_off timer
11-23 13:02:16.355  1011  1189 D ASH     : @ 87788.554: tcs3701: start power rail timer, state:3
11-23 13:02:16.395  1011  1189 I ASH     : @ 87788.594: tcs3701: stop power rail pending_off timer
11-23 13:02:16.395  1011  1189 D ASH     : @ 87788.594: tcs3701: start power rail timer, state:3
11-23 13:02:16.428  5238  5296 I BatteryMgr:DataCollectionService: stats => 1700740936428,10070,4446,13427,4169000,100
11-23 13:02:16.436  1011  1189 I ASH     : @ 87788.634: tcs3701: stop power rail pending_off timer
11-23 13:02:16.436  1011  1189 D ASH     : @ 87788.634: tcs3701: start power rail timer, state:3
11-23 13:02:16.475  1011  1189 I ASH     : @ 87788.674: tcs3701: stop power rail pending_off timer
11-23 13:02:16.475  1011  1189 D ASH     : @ 87788.674: tcs3701: start power rail timer, state:3
11-23 13:02:16.515  1011  1189 I ASH     : @ 87788.714: tcs3701: stop power rail pending_off timer
11-23 13:02:16.515  1011  1189 D ASH     : @ 87788.714: tcs3701: start power rail timer, state:3
11-23 13:02:16.533  5238  5296 I BatteryMgr:DataCollectionService: stats => 1700740936533,10070,4446,13427,4169000,100
11-23 13:02:16.555  1011  1189 I ASH     : @ 87788.754: tcs3701: stop power rail pending_off timer
11-23 13:02:16.556  1011  1189 D ASH     : @ 87788.754: tcs3701: start power rail timer, state:3
11-23 13:02:16.595  1011  1189 I ASH     : @ 87788.794: tcs3701: stop power rail pending_off timer
11-23 13:02:16.595  1011  1189 D ASH     : @ 87788.794: tcs3701: start power rail timer, state:3
11-23 13:02:16.635  1011  1189 I ASH     : @ 87788.834: tcs3701: stop power rail pending_off timer
11-23 13:02:16.635  1011  1189 D ASH     : @ 87788.834: tcs3701: start power rail timer, state:3
11-23 13:02:16.642  5238  5296 I BatteryMgr:DataCollectionService: stats => 1700740936642,10070,4446,13427,4169000,100
11-23 13:02:16.675  1011  1189 I ASH     : @ 87788.874: tcs3701: stop power rail pending_off timer
11-23 13:02:16.675  1011  1189 D ASH     : @ 87788.874: tcs3701: start power rail timer, state:3
11-23 13:02:16.715  1011  1189 I ASH     : @ 87788.914: tcs3701: stop power rail pending_off timer
11-23 13:02:16.715  1011  1189 D ASH     : @ 87788.914: tcs3701: start power rail timer, state:3
11-23 13:02:16.747  5238  5296 I BatteryMgr:DataCollectionService: stats => 1700740936747,10070,4446,13427,4169000,100
11-23 13:02:16.755  1011  1189 I ASH     : @ 87788.954: tcs3701: stop power rail pending_off timer
11-23 13:02:16.755  1011  1189 D ASH     : @ 87788.954: tcs3701: start power rail timer, state:3
11-23 13:02:16.795  1011  1189 I ASH     : @ 87788.994: tcs3701: stop power rail pending_off timer
11-23 13:02:16.795  1011  1189 D ASH     : @ 87788.994: tcs3701: start power rail timer, state:3
11-23 13:02:16.798 17357 17357 D CompatibilityChangeReporter: Compat change id reported: 194532703; UID 10010; state: ENABLED
11-23 13:02:16.798  1795  3634 D CompatibilityChangeReporter: Compat change id reported: 194532703; UID 10010; state: ENABLED
11-23 13:02:16.807 17357 17357 I cr_omaha: Scheduled using JobService
11-23 13:02:16.808 17357 17357 E cr_BkgrdTaskJS: Tried finishing non-current BackgroundTask.
11-23 13:02:16.835  1011  1189 I ASH     : @ 87789.034: tcs3701: stop power rail pending_off timer
11-23 13:02:16.835  1011  1189 D ASH     : @ 87789.034: tcs3701: start power rail timer, state:3
11-23 13:02:16.851  5238  5296 I BatteryMgr:DataCollectionService: stats => 1700740936851,10070,4446,13427,4169000,100
11-23 13:02:16.875  1011  1189 I ASH     : @ 87789.074: tcs3701: stop power rail pending_off timer
11-23 13:02:16.875  1011  1189 D ASH     : @ 87789.074: tcs3701: start power rail timer, state:3
11-23 13:02:16.915  1011  1189 I ASH     : @ 87789.114: tcs3701: stop power rail pending_off timer
11-23 13:02:16.915  1011  1189 D ASH     : @ 87789.114: tcs3701: start power rail timer, state:3
11-23 13:02:16.955  1011  1189 I ASH     : @ 87789.154: tcs3701: stop power rail pending_off timer
11-23 13:02:16.955  1011  1189 D ASH     : @ 87789.154: tcs3701: start power rail timer, state:3
11-23 13:02:16.957  5238  5296 I BatteryMgr:DataCollectionService: stats => 1700740936957,10070,4446,13427,4169000,100
11-23 13:02:16.995  1011  1189 I ASH     : @ 87789.194: tcs3701: stop power rail pending_off timer
11-23 13:02:16.995  1011  1189 D ASH     : @ 87789.194: tcs3701: start power rail timer, state:3
11-23 13:02:17.035  1011  1189 I ASH     : @ 87789.234: tcs3701: stop power rail pending_off timer
11-23 13:02:17.035  1011  1189 D ASH     : @ 87789.234: tcs3701: start power rail timer, state:3
11-23 13:02:17.043  1795  3634 D ActivityManager: freezer override set to true
11-23 13:02:17.067  5238  5296 I BatteryMgr:DataCollectionService: stats => 1700740937067,10070,4446,13427,4169000,100
11-23 13:02:17.075  1011  1189 I ASH     : @ 87789.274: tcs3701: stop power rail pending_off timer
11-23 13:02:17.075  1011  1189 D ASH     : @ 87789.274: tcs3701: start power rail timer, state:3
11-23 13:02:17.115  1011  1189 I ASH     : @ 87789.314: tcs3701: stop power rail pending_off timer
11-23 13:02:17.116  1011  1189 D ASH     : @ 87789.314: tcs3701: start power rail timer, state:3
11-23 13:02:17.155  1011  1189 I ASH     : @ 87789.354: tcs3701: stop power rail pending_off timer
11-23 13:02:17.155  1011  1189 D ASH     : @ 87789.354: tcs3701: start power rail timer, state:3
11-23 13:02:17.182  5238  5296 I BatteryMgr:DataCollectionService: stats => 1700740937179,10070,4446,13427,4169000,100
11-23 13:02:17.195  1011  1189 I ASH     : @ 87789.394: tcs3701: stop power rail pending_off timer
11-23 13:02:17.195  1011  1189 D ASH     : @ 87789.394: tcs3701: start power rail timer, state:3
11-23 13:02:17.235  1011  1189 I ASH     : @ 87789.434: tcs3701: stop power rail pending_off timer
11-23 13:02:17.235  1011  1189 D ASH     : @ 87789.434: tcs3701: start power rail timer, state:3
11-23 13:02:17.276  1011  1189 I ASH     : @ 87789.474: tcs3701: stop power rail pending_off timer
11-23 13:02:17.276  1011  1189 D ASH     : @ 87789.474: tcs3701: start power rail timer, state:3
11-23 13:02:17.280 17357 17466 I m.chrome.canary: Explicit concurrent copying GC freed 12573(453KB) AllocSpace objects, 5(164KB) LOS objects, 75% free, 11MB/47MB, paused 120us,51us total 151.715ms
11-23 13:02:17.289  5238  5296 I BatteryMgr:DataCollectionService: stats => 1700740937289,10070,4446,13427,4169000,100
11-23 13:02:17.315  1011  1189 I ASH     : @ 87789.514: tcs3701: stop power rail pending_off timer
11-23 13:02:17.315  1011  1189 D ASH     : @ 87789.514: tcs3701: start power rail timer, state:3
11-23 13:02:17.356  1011  1189 I ASH     : @ 87789.554: tcs3701: stop power rail pending_off timer
11-23 13:02:17.356  1011  1189 D ASH     : @ 87789.554: tcs3701: start power rail timer, state:3
11-23 13:02:17.371  1795  3634 D ActivityManager: freezer override set to false
11-23 13:02:17.374  1795  1853 D ActivityManager: freezer override set to true
11-23 13:02:17.384  1795  1853 D ActivityManager: freezer override set to false
11-23 13:02:17.396  1011  1189 I ASH     : @ 87789.594: tcs3701: stop power rail pending_off timer
11-23 13:02:17.396  1011  1189 D ASH     : @ 87789.594: tcs3701: start power rail timer, state:3
11-23 13:02:17.399  5238  5296 I BatteryMgr:DataCollectionService: stats => 1700740937398,10070,4446,13427,4169000,100
11-23 13:02:17.436  1011  1189 I ASH     : @ 87789.634: tcs3701: stop power rail pending_off timer
11-23 13:02:17.436  1011  1189 D ASH     : @ 87789.634: tcs3701: start power rail timer, state:3
11-23 13:02:17.438  1795  1853 D ActivityManager: freezer override set to true
11-23 13:02:17.443  1795  1853 D ActivityManager: freezer override set to false
11-23 13:02:17.451  1795  2424 D WifiClientModeImpl[13802:wlan0]: updateLinkLayerStatsRssiSpeedFrequencyCapabilities rssi=-48 TxLinkspeed=866 freq=5240 RxLinkSpeed=866
11-23 13:02:17.452  1795  2424 D WifiDataStall: tx tput in kbps: 764549
11-23 13:02:17.452  1795  2424 D WifiDataStall: rx tput in kbps: 788195
11-23 13:02:17.452  1795  2424 V WifiConfigManager: Updating scan detail cache freq=5240 BSSID=f4:6d:2f:12:cc:88 RSSI=-47 for "ourhome"WPA_PSK
11-23 13:02:17.452  1795  2424 D WifiChannelUtilization:  freq: 5240 onTime: 2567505 busyTime: 232988 onTimeDiff: 2567210 busyTimeDiff: 232971 utilization: 23 utilization t0: 23
11-23 13:02:17.452  1795  2424 D WifiDataStall:  ccaLevel = 23
11-23 13:02:17.452  1795  2424 D WifiDataStall: L2 txTputKbps: 772431, rxTputKbps: 788195, L3 txTputKbps: 53, rxTputKbps: 139, TxTrafficHigh: true, RxTrafficHigh: true, Throughput Sufficient: true
11-23 13:02:17.452  1795  2424 D WifiScoreReport: Wifi scoring disabled - Don't check IP layer
11-23 13:02:17.452  3213  6173 V WifiManager: OnWifiUsabilityStatsListener: onWifiUsabilityStats: seqNum=28996
11-23 13:02:17.453  1795  2424 D WifiScoreCard: BSSID update SIGNAL_POLL ID: 1320464697 SSID: "ourhome", BSSID: f4:6d:2f:12:cc:88, MAC: b2:2f:ec:da:4a:0c, IP: /192.168.1.104, Security type: 2, Supplicant state: COMPLETED, Wi-Fi standard: 5, RSSI: -48, Link speed: 866Mbps, Tx Link speed: 866Mbps, Max Supported Tx Link speed: 866Mbps, Rx Link speed: 866Mbps, Max Supported Rx Link speed: 866Mbps, Frequency: 5240MHz, Net ID: 12, Metered hint: false, score: 60, isUsable: true, CarrierMerged: false, SubscriptionId: -1, IsPrimary: 1, Trusted: true, Restricted: false, Ephemeral: false, OEM paid: false, OEM private: false, OSU AP: false, FQDN: <none>, Provider friendly name: <none>, Requesting package name: <none>"ourhome"wpa2-pskMLO Information: , Is TID-To-Link negotiation supported by the AP: false, AP MLD Address: <none>, AP MLO Link Id: <none>, AP MLO Affiliated links: <none>
11-23 13:02:17.453  1795  2424 D WifiScoreCard: txRate: 25 txSpeed: 866
11-23 13:02:17.453  1795  2424 D WifiScoreCard: network update SIGNAL_POLL "ourhome" ID: 1499892569 RSSI -48 txSpeed 866
11-23 13:02:17.453  1795  1853 I WifiService: updateWifiUsabilityScore uid=10180 seqNum=28996 score=100 predictionHorizonSec=1441795
11-23 13:02:17.453  2782  5906 D QCNEJ/WlanStaInfoRelay: Received action: android.net.wifi.RSSI_CHANGED
11-23 13:02:17.453  1795  2424 D WifiClientModeImpl[13802:wlan0]:  ClientModeImpl$L2ConnectedState screen=on 15 0 "ourhome" f4:6d:2f:12:cc:88 rssi=-48 f=5240 sc=60 link=866 tx=23.3, 0.7, 0.0 rx=14.0 bcn=838357 [on:490 tx:10 rx:4 period:3014] from screen [on:252669 period:3258181] score=60
11-23 13:02:17.456  1795  2424 D WifiScoreReport: Wifi scoring disabled - Notify that Wifi is usable
11-23 13:02:17.459  1795  2432 D ConnectivityService: NetReassign [no changes] [c 0] [a 0] [i 2]
11-23 13:02:17.475  1011  1189 I ASH     : @ 87789.674: tcs3701: stop power rail pending_off timer
11-23 13:02:17.475  1011  1189 D ASH     : @ 87789.674: tcs3701: start power rail timer, state:3
11-23 13:02:17.507  5238  5296 I BatteryMgr:DataCollectionService: stats => 1700740937507,10070,4446,13427,4169000,100
11-23 13:02:17.516  1011  1189 I ASH     : @ 87789.714: tcs3701: stop power rail pending_off timer
11-23 13:02:17.516  1011  1189 D ASH     : @ 87789.714: tcs3701: start power rail timer, state:3
11-23 13:02:17.557  1011  1189 I ASH     : @ 87789.754: tcs3701: stop power rail pending_off timer
11-23 13:02:17.557  1011  1189 D ASH     : @ 87789.754: tcs3701: start power rail timer, state:3
11-23 13:02:17.596  1011  1189 I ASH     : @ 87789.794: tcs3701: stop power rail pending_off timer
11-23 13:02:17.596  1011  1189 D ASH     : @ 87789.794: tcs3701: start power rail timer, state:3
11-23 13:02:17.613  5238  5296 I BatteryMgr:DataCollectionService: stats => 1700740937613,10070,4446,13427,4169000,100
11-23 13:02:17.635  1011  1189 I ASH     : @ 87789.834: tcs3701: stop power rail pending_off timer
11-23 13:02:17.635  1011  1189 D ASH     : @ 87789.834: tcs3701: start power rail timer, state:3
11-23 13:02:17.675  1011  1189 I ASH     : @ 87789.874: tcs3701: stop power rail pending_off timer
11-23 13:02:17.675  1011  1189 D ASH     : @ 87789.874: tcs3701: start power rail timer, state:3
11-23 13:02:17.716  1011  1189 I ASH     : @ 87789.914: tcs3701: stop power rail pending_off timer
11-23 13:02:17.716  1011  1189 D ASH     : @ 87789.914: tcs3701: start power rail timer, state:3
11-23 13:02:17.721  5238  5296 I BatteryMgr:DataCollectionService: stats => 1700740937721,10070,4446,13427,4169000,100
11-23 13:02:17.755  1011  1189 I ASH     : @ 87789.954: tcs3701: stop power rail pending_off timer
11-23 13:02:17.755  1011  1189 D ASH     : @ 87789.954: tcs3701: start power rail timer, state:3
11-23 13:02:17.795  1011  1189 I ASH     : @ 87789.994: tcs3701: stop power rail pending_off timer
11-23 13:02:17.795  1011  1189 D ASH     : @ 87789.994: tcs3701: start power rail timer, state:3
11-23 13:02:17.827  5238  5296 I BatteryMgr:DataCollectionService: stats => 1700740937827,10070,4446,13427,4169000,100
11-23 13:02:17.835  1011  1189 I ASH     : @ 87790.034: tcs3701: stop power rail pending_off timer
11-23 13:02:17.835  1011  1189 D ASH     : @ 87790.034: tcs3701: start power rail timer, state:3
11-23 13:02:17.853  1039  1095 D rlsservice: MonitorDisplayStatus client num 0, display status 1, sensor status 0
11-23 13:02:17.875  1011  1189 I ASH     : @ 87790.074: tcs3701: stop power rail pending_off timer
11-23 13:02:17.875  1011  1189 D ASH     : @ 87790.074: tcs3701: start power rail timer, state:3
11-23 13:02:17.915  1011  1189 I ASH     : @ 87790.114: tcs3701: stop power rail pending_off timer
11-23 13:02:17.917  1011  1189 D ASH     : @ 87790.114: tcs3701: start power rail timer, state:3
11-23 13:02:17.933  5238  5296 I BatteryMgr:DataCollectionService: stats => 1700740937933,10070,4446,13427,4169000,100
11-23 13:02:17.959  1011  1189 I ASH     : @ 87790.154: tcs3701: stop power rail pending_off timer
11-23 13:02:17.959  1011  1189 D ASH     : @ 87790.154: tcs3701: start power rail timer, state:3
11-23 13:02:17.995  1011  1189 I ASH     : @ 87790.194: tcs3701: stop power rail pending_off timer
11-23 13:02:17.995  1011  1189 D ASH     : @ 87790.194: tcs3701: start power rail timer, state:3
11-23 13:02:18.035  1011  1189 I ASH     : @ 87790.234: tcs3701: stop power rail pending_off timer
11-23 13:02:18.035  1011  1189 D ASH     : @ 87790.234: tcs3701: start power rail timer, state:3
11-23 13:02:18.042  5238  5296 I BatteryMgr:DataCollectionService: stats => 1700740938042,10070,4446,13427,4169000,100
11-23 13:02:18.075  1011  1189 I ASH     : @ 87790.274: tcs3701: stop power rail pending_off timer
11-23 13:02:18.075  1011  1189 D ASH     : @ 87790.274: tcs3701: start power rail timer, state:3
11-23 13:02:18.115  1011  1189 I ASH     : @ 87790.314: tcs3701: stop power rail pending_off timer
11-23 13:02:18.115  1011  1189 D ASH     : @ 87790.314: tcs3701: start power rail timer, state:3
11-23 13:02:18.147  5238  5296 I BatteryMgr:DataCollectionService: stats => 1700740938147,10070,4446,13427,4169000,100
11-23 13:02:18.155  1011  1189 I ASH     : @ 87790.354: tcs3701: stop power rail pending_off timer
11-23 13:02:18.155  1011  1189 D ASH     : @ 87790.354: tcs3701: start power rail timer, state:3
11-23 13:02:18.195  1011  1189 I ASH     : @ 87790.394: tcs3701: stop power rail pending_off timer
11-23 13:02:18.195  1011  1189 D ASH     : @ 87790.394: tcs3701: start power rail timer, state:3
11-23 13:02:18.235  1011  1189 I ASH     : @ 87790.434: tcs3701: stop power rail pending_off timer
11-23 13:02:18.235  1011  1189 D ASH     : @ 87790.434: tcs3701: start power rail timer, state:3
11-23 13:02:18.255  5238  5296 I BatteryMgr:DataCollectionService: stats => 1700740938255,10070,4446,13427,4169000,100
11-23 13:02:18.263  2113  2118 I pixel-thermal: skin-therm-monitor: 40.209
11-23 13:02:18.275  1011  1189 I ASH     : @ 87790.474: tcs3701: stop power rail pending_off timer
11-23 13:02:18.275  1011  1189 D ASH     : @ 87790.474: tcs3701: start power rail timer, state:3
11-23 13:02:18.317  1011  1189 I ASH     : @ 87790.514: tcs3701: stop power rail pending_off timer
11-23 13:02:18.317  1011  1189 D ASH     : @ 87790.514: tcs3701: start power rail timer, state:3
11-23 13:02:18.356  1011  1189 I ASH     : @ 87790.554: tcs3701: stop power rail pending_off timer
11-23 13:02:18.356  1011  1189 D ASH     : @ 87790.554: tcs3701: start power rail timer, state:3
11-23 13:02:18.363  1795  3634 D ActivityManager: freezer override set to true
11-23 13:02:18.366  5238  5296 I BatteryMgr:DataCollectionService: stats => 1700740938366,10070,4446,13427,4169000,100
11-23 13:02:18.371  1795  3634 D ActivityManager: freezer override set to false
11-23 13:02:18.395  1011  1189 I ASH     : @ 87790.594: tcs3701: stop power rail pending_off timer
11-23 13:02:18.395  1011  1189 D ASH     : @ 87790.594: tcs3701: start power rail timer, state:3
11-23 13:02:18.435  1011  1189 I ASH     : @ 87790.634: tcs3701: stop power rail pending_off timer
11-23 13:02:18.435  1011  1189 D ASH     : @ 87790.634: tcs3701: start power rail timer, state:3
11-23 13:02:18.471  5238  5296 I BatteryMgr:DataCollectionService: stats => 1700740938471,10070,4446,13427,4169000,100
11-23 13:02:18.475  1011  1189 I ASH     : @ 87790.674: tcs3701: stop power rail pending_off timer
11-23 13:02:18.475  1011  1189 D ASH     : @ 87790.674: tcs3701: start power rail timer, state:3
11-23 13:02:18.516  1011  1189 I ASH     : @ 87790.714: tcs3701: stop power rail pending_off timer
11-23 13:02:18.516  1011  1189 D ASH     : @ 87790.714: tcs3701: start power rail timer, state:3
11-23 13:02:18.555  1011  1189 I ASH     : @ 87790.754: tcs3701: stop power rail pending_off timer
11-23 13:02:18.555  1011  1189 D ASH     : @ 87790.754: tcs3701: start power rail timer, state:3
11-23 13:02:18.578  5238  5296 I BatteryMgr:DataCollectionService: stats => 1700740938578,10070,4446,13427,4169000,100
11-23 13:02:18.596  1011  1189 I ASH     : @ 87790.794: tcs3701: stop power rail pending_off timer
11-23 13:02:18.596  1011  1189 D ASH     : @ 87790.794: tcs3701: start power rail timer, state:3
11-23 13:02:18.614  1795  1853 D ActivityManager: freezer override set to true
11-23 13:02:18.635  1011  1189 I ASH     : @ 87790.834: tcs3701: stop power rail pending_off timer
11-23 13:02:18.635  1011  1189 D ASH     : @ 87790.834: tcs3701: start power rail timer, state:3
11-23 13:02:18.675  1011  1189 I ASH     : @ 87790.874: tcs3701: stop power rail pending_off timer
11-23 13:02:18.675  1011  1189 D ASH     : @ 87790.874: tcs3701: start power rail timer, state:3
11-23 13:02:18.687  5238  5296 I BatteryMgr:DataCollectionService: stats => 1700740938685,10070,4446,13427,4169000,100
11-23 13:02:18.715  1011  1189 I ASH     : @ 87790.914: tcs3701: stop power rail pending_off timer
11-23 13:02:18.715  1011  1189 D ASH     : @ 87790.914: tcs3701: start power rail timer, state:3
11-23 13:02:18.736 17357 17466 I m.chrome.canary: Explicit concurrent copying GC freed 3882(196KB) AllocSpace objects, 4(80KB) LOS objects, 75% free, 11MB/47MB, paused 89us,31us total 76.522ms
11-23 13:02:18.755  1011  1189 I ASH     : @ 87790.954: tcs3701: stop power rail pending_off timer
11-23 13:02:18.755  1011  1189 D ASH     : @ 87790.954: tcs3701: start power rail timer, state:3
11-23 13:02:18.794  1795  1853 D ActivityManager: freezer override set to false
11-23 13:02:18.795  1011  1189 I ASH     : @ 87790.994: tcs3701: stop power rail pending_off timer
11-23 13:02:18.795  1011  1189 D ASH     : @ 87790.994: tcs3701: start power rail timer, state:3
11-23 13:02:18.802  5238  5296 I BatteryMgr:DataCollectionService: stats => 1700740938802,10070,4446,13427,4169000,100
11-23 13:02:18.836  1011  1189 I ASH     : @ 87791.034: tcs3701: stop power rail pending_off timer
11-23 13:02:18.836  1011  1189 D ASH     : @ 87791.034: tcs3701: start power rail timer, state:3
11-23 13:02:18.850  1795  3634 D ActivityManager: freezer override set to true
11-23 13:02:18.854  1795  3634 D ActivityManager: freezer override set to false
11-23 13:02:18.875  1011  1189 I ASH     : @ 87791.074: tcs3701: stop power rail pending_off timer
11-23 13:02:18.875  1011  1189 D ASH     : @ 87791.074: tcs3701: start power rail timer, state:3
11-23 13:02:18.911  5238  5296 I BatteryMgr:DataCollectionService: stats => 1700740938911,10070,4446,13427,4169000,100
11-23 13:02:18.917  1011  1189 I ASH     : @ 87791.114: tcs3701: stop power rail pending_off timer
11-23 13:02:18.918  1011  1189 D ASH     : @ 87791.114: tcs3701: start power rail timer, state:3
11-23 13:02:18.955  1011  1189 I ASH     : @ 87791.154: tcs3701: stop power rail pending_off timer
11-23 13:02:18.955  1011  1189 D ASH     : @ 87791.154: tcs3701: start power rail timer, state:3
11-23 13:02:18.996  1011  1189 I ASH     : @ 87791.194: tcs3701: stop power rail pending_off timer
