11-26 17:33:59.930  1011  1189 D ASH     : @ 363292.103: tcs3701: start power rail timer, state:3
11-26 17:33:59.970  1011  1189 I ASH     : @ 363292.143: tcs3701: stop power rail pending_off timer
11-26 17:33:59.970  1011  1189 D ASH     : @ 363292.143: tcs3701: start power rail timer, state:3
11-26 17:34:00.004  3579  3877 I AiAiEcho: (REDACTED) Predicting[%d]: %s
11-26 17:34:00.005  3579  3877 I AiAiEcho: (REDACTED) EchoTargets: %s
11-26 17:34:00.005  3579  3877 I AiAiEcho: Filtered by AiAi flag check: %s
11-26 17:34:00.005  3579  3877 I AiAiEcho: (REDACTED) Ranked targets strategy: %s, count: %d, ranking metadata: %s
11-26 17:34:00.006  3579  3877 I AiAiEcho: (REDACTED) #weatherTwiddler: Weather removes SubtitleSupplementalItem in surface: %s
11-26 17:34:00.007  3579  3877 I AiAiEcho: (REDACTED) Predicting[%d]: %s
11-26 17:34:00.008  3579  3877 I AiAiEcho: (REDACTED) EchoTargets: %s
11-26 17:34:00.008  3579  3877 I AiAiEcho: Filtered by AiAi flag check: %s
11-26 17:34:00.008  3579  3877 I AiAiEcho: (REDACTED) Ranked targets strategy: %s, count: %d, ranking metadata: %s
11-26 17:34:00.009  3579  3877 I AiAiEcho: (REDACTED) #weatherTwiddler: Weather removes SubtitleSupplementalItem in surface: %s
11-26 17:34:00.011  1011  1189 I ASH     : @ 363292.183: tcs3701: stop power rail pending_off timer
11-26 17:34:00.011  1011  1189 D ASH     : @ 363292.183: tcs3701: start power rail timer, state:3
11-26 17:34:00.011  3579  3877 I AiAiEcho: (REDACTED) #postPredictionTargets: Sending updates to UISurface %s with targets# %s (types=[%s])
11-26 17:34:00.013  2513  2513 D SsBaseTemplateCard: No text view can be set up
11-26 17:34:00.013  2513  2513 D SsBaseTemplateCard: Passed-in item info is null
11-26 17:34:00.013  2513  2513 D SsBaseTemplateCard: Passed-in item info is null
11-26 17:34:00.013  2513  2513 I SsBaseTemplateCard: Secondary card pane is null
11-26 17:34:00.014  3579  3877 I AiAiEcho: (REDACTED) #postPredictionTargets: Sending updates to UISurface %s with targets# %s (types=[%s])
11-26 17:34:00.016  2940  2940 D SsBaseTemplateCard: No text view can be set up
11-26 17:34:00.017  2940  2940 D SsBaseTemplateCard: Passed-in item info is null
11-26 17:34:00.017  2940  2940 D SsBaseTemplateCard: Passed-in item info is null
11-26 17:34:00.017  2940  2940 I SsBaseTemplateCard: Secondary card pane is null
11-26 17:34:00.022  8427  8469 I BatteryMgr:DataCollectionService: stats => 1701016440021,12817,4454,10375,4169000,100
11-26 17:34:00.045 12195 12233 I AdrenoVK-0: QUALCOMM build          : 4783c89, I46ff5fc46f
11-26 17:34:00.045 12195 12233 I AdrenoVK-0: Build Date              : 11/30/20
11-26 17:34:00.045 12195 12233 I AdrenoVK-0: Shader Compiler Version : EV031.31.04.01
11-26 17:34:00.045 12195 12233 I AdrenoVK-0: Local Branch            : QPR2
11-26 17:34:00.045 12195 12233 I AdrenoVK-0: Remote Branch           : 
11-26 17:34:00.045 12195 12233 I AdrenoVK-0: Remote Branch           : 
11-26 17:34:00.045 12195 12233 I AdrenoVK-0: Reconstruct Branch      : 
11-26 17:34:00.045 12195 12233 I AdrenoVK-0: Build Config            : S P 10.0.4 AArch64
11-26 17:34:00.045 12195 12233 I AdrenoVK-0: Driver Path             : /vendor/lib64/hw/vulkan.adreno.so
11-26 17:34:00.050  1011  1189 I ASH     : @ 363292.223: tcs3701: stop power rail pending_off timer
11-26 17:34:00.050  1011  1189 D ASH     : @ 363292.223: tcs3701: start power rail timer, state:3
11-26 17:34:00.090  1011  1189 I ASH     : @ 363292.263: tcs3701: stop power rail pending_off timer
11-26 17:34:00.090  1011  1189 D ASH     : @ 363292.263: tcs3701: start power rail timer, state:3
11-26 17:34:00.130  8427  8469 I BatteryMgr:DataCollectionService: stats => 1701016440130,12817,4454,10375,4169000,100
11-26 17:34:00.132  1011  1189 I ASH     : @ 363292.303: tcs3701: stop power rail pending_off timer
11-26 17:34:00.132  1011  1189 D ASH     : @ 363292.303: tcs3701: start power rail timer, state:3
11-26 17:34:00.170  1011  1189 I ASH     : @ 363292.343: tcs3701: stop power rail pending_off timer
11-26 17:34:00.170  1011  1189 D ASH     : @ 363292.343: tcs3701: start power rail timer, state:3
11-26 17:34:00.210  1011  1189 I ASH     : @ 363292.383: tcs3701: stop power rail pending_off timer
11-26 17:34:00.210  1011  1189 D ASH     : @ 363292.383: tcs3701: start power rail timer, state:3
11-26 17:34:00.243  8427  8469 I BatteryMgr:DataCollectionService: stats => 1701016440243,12817,4454,10375,4169000,100
11-26 17:34:00.246 12122 12181 W chromium: [WARNING:ev_root_ca_metadata.cc(119)] Not implemented
11-26 17:34:00.247 12122 12183 W chromium: [WARNING:ev_root_ca_metadata.cc(119)] Not implemented
11-26 17:34:00.250  1011  1189 I ASH     : @ 363292.423: tcs3701: stop power rail pending_off timer
11-26 17:34:00.250  1011  1189 D ASH     : @ 363292.423: tcs3701: start power rail timer, state:3
11-26 17:34:00.290  1011  1189 I ASH     : @ 363292.463: tcs3701: stop power rail pending_off timer
11-26 17:34:00.290  1011  1189 D ASH     : @ 363292.463: tcs3701: start power rail timer, state:3
11-26 17:34:00.330  1011  1189 I ASH     : @ 363292.503: tcs3701: stop power rail pending_off timer
11-26 17:34:00.330  1011  1189 D ASH     : @ 363292.503: tcs3701: start power rail timer, state:3
11-26 17:34:00.349  8427  8469 I BatteryMgr:DataCollectionService: stats => 1701016440349,12817,4454,10375,4169000,100
11-26 17:34:00.370  1011  1189 I ASH     : @ 363292.543: tcs3701: stop power rail pending_off timer
11-26 17:34:00.370  1011  1189 D ASH     : @ 363292.543: tcs3701: start power rail timer, state:3
11-26 17:34:00.410  1011  1189 I ASH     : @ 363292.583: tcs3701: stop power rail pending_off timer
11-26 17:34:00.410  1011  1189 D ASH     : @ 363292.583: tcs3701: start power rail timer, state:3
11-26 17:34:00.441  1795  4162 D ActivityManager: freezer override set to true
11-26 17:34:00.447  1795  4162 D ActivityManager: freezer override set to false
11-26 17:34:00.450  1011  1189 I ASH     : @ 363292.623: tcs3701: stop power rail pending_off timer
11-26 17:34:00.450  1011  1189 D ASH     : @ 363292.623: tcs3701: start power rail timer, state:3
11-26 17:34:00.454  8427  8469 I BatteryMgr:DataCollectionService: stats => 1701016440454,12817,4454,10375,4169000,100
11-26 17:34:00.490  1011  1189 I ASH     : @ 363292.663: tcs3701: stop power rail pending_off timer
11-26 17:34:00.491  1011  1189 D ASH     : @ 363292.663: tcs3701: start power rail timer, state:3
11-26 17:34:00.507  1795  2424 D WifiClientModeImpl[13802:wlan0]: updateLinkLayerStatsRssiSpeedFrequencyCapabilities rssi=-44 TxLinkspeed=780 freq=5240 RxLinkSpeed=866
11-26 17:34:00.508  1795  2424 D WifiDataStall: tx tput in kbps: 638336
11-26 17:34:00.508  1795  2424 D WifiDataStall: rx tput in kbps: 750984
11-26 17:34:00.508  1795  2424 V WifiConfigManager: Updating scan detail cache freq=5240 BSSID=f4:6d:2f:12:cc:88 RSSI=-43 for "ourhome"WPA_PSK
11-26 17:34:00.509  1795  2424 D WifiChannelUtilization:  freq: 5240 onTime: 9809622 busyTime: 878483 onTimeDiff: 161766 busyTimeDiff: 21997 utilization: 34 utilization t0: 22
11-26 17:34:00.509  1795  2424 D WifiDataStall:  ccaLevel = 34
11-26 17:34:00.509  2782  5906 D QCNEJ/WlanStaInfoRelay: Received action: android.net.wifi.RSSI_CHANGED
11-26 17:34:00.509  1795  2424 D WifiDataStall: L2 txTputKbps: 547889, rxTputKbps: 750984, L3 txTputKbps: 49, rxTputKbps: 214, TxTrafficHigh: true, RxTrafficHigh: true, Throughput Sufficient: true
11-26 17:34:00.509  2673  2726 V WifiManager: OnWifiUsabilityStatsListener: onWifiUsabilityStats: seqNum=91948
11-26 17:34:00.509  1795  2424 D WifiScoreReport: Wifi scoring disabled - Don't check IP layer
11-26 17:34:00.509  1795  2424 D WifiScoreCard: BSSID update SIGNAL_POLL ID: 1320464697 SSID: "ourhome", BSSID: f4:6d:2f:12:cc:88, MAC: b2:2f:ec:da:4a:0c, IP: /192.168.1.104, Security type: 2, Supplicant state: COMPLETED, Wi-Fi standard: 5, RSSI: -44, Link speed: 780Mbps, Tx Link speed: 780Mbps, Max Supported Tx Link speed: 866Mbps, Rx Link speed: 866Mbps, Max Supported Rx Link speed: 866Mbps, Frequency: 5240MHz, Net ID: 12, Metered hint: false, score: 60, isUsable: true, CarrierMerged: false, SubscriptionId: -1, IsPrimary: 1, Trusted: true, Restricted: false, Ephemeral: false, OEM paid: false, OEM private: false, OSU AP: false, FQDN: <none>, Provider friendly name: <none>, Requesting package name: <none>"ourhome"wpa2-pskMLO Information: , Is TID-To-Link negotiation supported by the AP: false, AP MLD Address: <none>, AP MLO Link Id: <none>, AP MLO Affiliated links: <none>
11-26 17:34:00.509  1795  2424 D WifiScoreCard: txRate: 36 txSpeed: 780
11-26 17:34:00.509  1795  2424 D WifiScoreCard: network update SIGNAL_POLL "ourhome" ID: 1499892569 RSSI -44 txSpeed 780
11-26 17:34:00.509  1795  2424 D WifiClientModeImpl[13802:wlan0]:  ClientModeImpl$L2ConnectedState screen=on 37 0 "ourhome" f4:6d:2f:12:cc:88 rssi=-44 f=5240 sc=60 link=780 tx=29.1, 6.6, 0.0 rx=18.5 bcn=3433790 [on:1423 tx:18 rx:10 period:3021] from screen [on:173641 period:4005795] score=60
11-26 17:34:00.509  1795  4162 I WifiService: updateWifiUsabilityScore uid=10180 seqNum=91948 score=100 predictionHorizonSec=1441795
11-26 17:34:00.510  1795  2424 D WifiScoreReport: Wifi scoring disabled - Notify that Wifi is usable
11-26 17:34:00.512  1795  2432 D ConnectivityService: NetReassign [no changes] [c 0] [a 0] [i 2]
11-26 17:34:00.530  1011  1189 I ASH     : @ 363292.703: tcs3701: stop power rail pending_off timer
11-26 17:34:00.530  1011  1189 D ASH     : @ 363292.703: tcs3701: start power rail timer, state:3
11-26 17:34:00.560  8427  8469 I BatteryMgr:DataCollectionService: stats => 1701016440560,12817,4454,10375,4169000,100
11-26 17:34:00.570  1011  1189 I ASH     : @ 363292.743: tcs3701: stop power rail pending_off timer
11-26 17:34:00.570  1011  1189 D ASH     : @ 363292.743: tcs3701: start power rail timer, state:3
11-26 17:34:00.610  1011  1189 I ASH     : @ 363292.783: tcs3701: stop power rail pending_off timer
11-26 17:34:00.610  1011  1189 D ASH     : @ 363292.783: tcs3701: start power rail timer, state:3
11-26 17:34:00.650  1011  1189 I ASH     : @ 363292.823: tcs3701: stop power rail pending_off timer
11-26 17:34:00.651  1011  1189 D ASH     : @ 363292.823: tcs3701: start power rail timer, state:3
11-26 17:34:00.669  8427  8469 I BatteryMgr:DataCollectionService: stats => 1701016440669,12817,4454,10375,4169000,100
11-26 17:34:00.690  1011  1189 I ASH     : @ 363292.863: tcs3701: stop power rail pending_off timer
11-26 17:34:00.690  1011  1189 D ASH     : @ 363292.863: tcs3701: start power rail timer, state:3
11-26 17:34:00.730  1011  1189 I ASH     : @ 363292.903: tcs3701: stop power rail pending_off timer
11-26 17:34:00.730  1011  1189 D ASH     : @ 363292.903: tcs3701: start power rail timer, state:3
11-26 17:34:00.763  1795  3658 D ActivityManager: freezer override set to true
11-26 17:34:00.770  1011  1189 I ASH     : @ 363292.943: tcs3701: stop power rail pending_off timer
11-26 17:34:00.770  1011  1189 D ASH     : @ 363292.943: tcs3701: start power rail timer, state:3
11-26 17:34:00.773  8427  8469 I BatteryMgr:DataCollectionService: stats => 1701016440773,12817,4454,10375,4169000,100
11-26 17:34:00.810  1011  1189 I ASH     : @ 363292.983: tcs3701: stop power rail pending_off timer
11-26 17:34:00.810  1011  1189 D ASH     : @ 363292.983: tcs3701: start power rail timer, state:3
11-26 17:34:00.850  1011  1189 I ASH     : @ 363293.023: tcs3701: stop power rail pending_off timer
11-26 17:34:00.850  1011  1189 D ASH     : @ 363293.023: tcs3701: start power rail timer, state:3
11-26 17:34:00.880  8427  8469 I BatteryMgr:DataCollectionService: stats => 1701016440880,12817,4454,10375,4169000,100
11-26 17:34:00.890  1011  1189 I ASH     : @ 363293.063: tcs3701: stop power rail pending_off timer
11-26 17:34:00.890  1011  1189 D ASH     : @ 363293.063: tcs3701: start power rail timer, state:3
11-26 17:34:00.931  1011  1189 I ASH     : @ 363293.103: tcs3701: stop power rail pending_off timer
11-26 17:34:00.931  1011  1189 D ASH     : @ 363293.103: tcs3701: start power rail timer, state:3
11-26 17:34:00.970  1011  1189 I ASH     : @ 363293.143: tcs3701: stop power rail pending_off timer
11-26 17:34:00.970  1011  1189 D ASH     : @ 363293.143: tcs3701: start power rail timer, state:3
11-26 17:34:00.974 12122 12173 I m.chrome.canary: Explicit concurrent copying GC freed 93830(2151KB) AllocSpace objects, 1(20KB) LOS objects, 75% free, 13MB/53MB, paused 120us,27us total 97.167ms
11-26 17:34:00.993  8427  8469 I BatteryMgr:DataCollectionService: stats => 1701016440993,12817,4454,10375,4169000,100
11-26 17:34:01.010  1011  1189 I ASH     : @ 363293.183: tcs3701: stop power rail pending_off timer
11-26 17:34:01.010  1011  1189 D ASH     : @ 363293.183: tcs3701: start power rail timer, state:3
11-26 17:34:01.050  1011  1189 I ASH     : @ 363293.223: tcs3701: stop power rail pending_off timer
11-26 17:34:01.050  1011  1189 D ASH     : @ 363293.223: tcs3701: start power rail timer, state:3
11-26 17:34:01.054  1795  3658 D ActivityManager: freezer override set to false
11-26 17:34:01.092  1011  1189 I ASH     : @ 363293.263: tcs3701: stop power rail pending_off timer
11-26 17:34:01.092  1011  1189 D ASH     : @ 363293.263: tcs3701: start power rail timer, state:3
11-26 17:34:01.115  8427  8469 I BatteryMgr:DataCollectionService: stats => 1701016441115,12817,4454,10375,4169000,100
11-26 17:34:01.130  1011  1189 I ASH     : @ 363293.303: tcs3701: stop power rail pending_off timer
11-26 17:34:01.130  1011  1189 D ASH     : @ 363293.303: tcs3701: start power rail timer, state:3
11-26 17:34:01.139  1795  3658 D ActivityManager: freezer override set to true
11-26 17:34:01.153  1795  3658 D ActivityManager: freezer override set to false
11-26 17:34:01.171  1011  1189 I ASH     : @ 363293.343: tcs3701: stop power rail pending_off timer
11-26 17:34:01.171  1011  1189 D ASH     : @ 363293.343: tcs3701: start power rail timer, state:3
11-26 17:34:01.210  1011  1189 I ASH     : @ 363293.383: tcs3701: stop power rail pending_off timer
11-26 17:34:01.210  1011  1189 D ASH     : @ 363293.383: tcs3701: start power rail timer, state:3
11-26 17:34:01.217  1795  3789 D ActivityManager: freezer override set to true
11-26 17:34:01.228  8427  8469 I BatteryMgr:DataCollectionService: stats => 1701016441228,12817,4454,10375,4169000,100
11-26 17:34:01.238  1795  3789 D ActivityManager: freezer override set to false
11-26 17:34:01.250  1011  1189 I ASH     : @ 363293.423: tcs3701: stop power rail pending_off timer
11-26 17:34:01.250  1011  1189 D ASH     : @ 363293.423: tcs3701: start power rail timer, state:3
11-26 17:34:01.290  1011  1189 I ASH     : @ 363293.463: tcs3701: stop power rail pending_off timer
11-26 17:34:01.290  1011  1189 D ASH     : @ 363293.463: tcs3701: start power rail timer, state:3
11-26 17:34:01.331  1011  1189 I ASH     : @ 363293.503: tcs3701: stop power rail pending_off timer
11-26 17:34:01.331  1011  1189 D ASH     : @ 363293.503: tcs3701: start power rail timer, state:3
11-26 17:34:01.337  8427  8469 I BatteryMgr:DataCollectionService: stats => 1701016441336,12817,4454,10375,4169000,100
11-26 17:34:01.370  1011  1189 I ASH     : @ 363293.543: tcs3701: stop power rail pending_off timer
11-26 17:34:01.370  1011  1189 D ASH     : @ 363293.543: tcs3701: start power rail timer, state:3
11-26 17:34:01.411  1011  1189 I ASH     : @ 363293.583: tcs3701: stop power rail pending_off timer
11-26 17:34:01.411  1011  1189 D ASH     : @ 363293.583: tcs3701: start power rail timer, state:3
11-26 17:34:01.447  8427  8469 I BatteryMgr:DataCollectionService: stats => 1701016441446,12817,4454,10375,4169000,100
11-26 17:34:01.450  1011  1189 I ASH     : @ 363293.623: tcs3701: stop power rail pending_off timer
11-26 17:34:01.450  1011  1189 D ASH     : @ 363293.623: tcs3701: start power rail timer, state:3
11-26 17:34:01.469  2113  2118 I pixel-thermal: skin-therm-monitor: 37.162
11-26 17:34:01.474  1795  3789 D ActivityManager: freezer override set to true
11-26 17:34:01.484  1795  3789 D ActivityManager: freezer override set to false
11-26 17:34:01.490  1011  1189 I ASH     : @ 363293.663: tcs3701: stop power rail pending_off timer
11-26 17:34:01.490  1011  1189 D ASH     : @ 363293.663: tcs3701: start power rail timer, state:3
11-26 17:34:01.530  1011  1189 I ASH     : @ 363293.703: tcs3701: stop power rail pending_off timer
11-26 17:34:01.530  1011  1189 D ASH     : @ 363293.703: tcs3701: start power rail timer, state:3
11-26 17:34:01.556  8427  8469 I BatteryMgr:DataCollectionService: stats => 1701016441556,12817,4454,10375,4169000,100
11-26 17:34:01.570  1011  1189 I ASH     : @ 363293.743: tcs3701: stop power rail pending_off timer
11-26 17:34:01.570  1011  1189 D ASH     : @ 363293.743: tcs3701: start power rail timer, state:3
11-26 17:34:01.610  1011  1189 I ASH     : @ 363293.783: tcs3701: stop power rail pending_off timer
11-26 17:34:01.610  1011  1189 D ASH     : @ 363293.783: tcs3701: start power rail timer, state:3
11-26 17:34:01.650  1011  1189 I ASH     : @ 363293.823: tcs3701: stop power rail pending_off timer
11-26 17:34:01.650  1011  1189 D ASH     : @ 363293.823: tcs3701: start power rail timer, state:3
11-26 17:34:01.668  8427  8469 I BatteryMgr:DataCollectionService: stats => 1701016441668,12817,4454,10375,4169000,100
11-26 17:34:01.692  1011  1189 I ASH     : @ 363293.863: tcs3701: stop power rail pending_off timer
11-26 17:34:01.692  1011  1189 D ASH     : @ 363293.863: tcs3701: start power rail timer, state:3
11-26 17:34:01.731  1011  1189 I ASH     : @ 363293.903: tcs3701: stop power rail pending_off timer
11-26 17:34:01.732  1011  1189 D ASH     : @ 363293.903: tcs3701: start power rail timer, state:3
11-26 17:34:01.770  1011  1189 I ASH     : @ 363293.943: tcs3701: stop power rail pending_off timer
11-26 17:34:01.770  1011  1189 D ASH     : @ 363293.943: tcs3701: start power rail timer, state:3
11-26 17:34:01.779  8427  8469 I BatteryMgr:DataCollectionService: stats => 1701016441778,12817,4454,10375,4169000,100
11-26 17:34:01.810  1011  1189 I ASH     : @ 363293.983: tcs3701: stop power rail pending_off timer
11-26 17:34:01.810  1011  1189 D ASH     : @ 363293.983: tcs3701: start power rail timer, state:3
11-26 17:34:01.850  1011  1189 I ASH     : @ 363294.023: tcs3701: stop power rail pending_off timer
11-26 17:34:01.850  1011  1189 D ASH     : @ 363294.023: tcs3701: start power rail timer, state:3
11-26 17:34:01.890  1011  1189 I ASH     : @ 363294.063: tcs3701: stop power rail pending_off timer
11-26 17:34:01.890  1011  1189 D ASH     : @ 363294.063: tcs3701: start power rail timer, state:3
11-26 17:34:01.896 12122 12122 D CompatibilityChangeReporter: Compat change id reported: 194532703; UID 10010; state: ENABLED
11-26 17:34:01.902  1795  4162 D CompatibilityChangeReporter: Compat change id reported: 194532703; UID 10010; state: ENABLED
11-26 17:34:01.901  8427  8469 I BatteryMgr:DataCollectionService: stats => 1701016441901,12817,4454,10375,4169000,100
11-26 17:34:01.923 12122 12122 I cr_omaha: Scheduled using JobService
11-26 17:34:01.924 12122 12122 E cr_BkgrdTaskJS: Tried finishing non-current BackgroundTask.
11-26 17:34:01.931  1011  1189 I ASH     : @ 363294.103: tcs3701: stop power rail pending_off timer
11-26 17:34:01.931  1011  1189 D ASH     : @ 363294.103: tcs3701: start power rail timer, state:3
11-26 17:34:01.970  1011  1189 I ASH     : @ 363294.143: tcs3701: stop power rail pending_off timer
11-26 17:34:01.970  1011  1189 D ASH     : @ 363294.143: tcs3701: start power rail timer, state:3
11-26 17:34:02.010  1011  1189 I ASH     : @ 363294.183: tcs3701: stop power rail pending_off timer
11-26 17:34:02.010  1011  1189 D ASH     : @ 363294.183: tcs3701: start power rail timer, state:3
11-26 17:34:02.032  8427  8469 I BatteryMgr:DataCollectionService: stats => 1701016442032,12817,4454,10375,4169000,100
11-26 17:34:02.050  1011  1189 I ASH     : @ 363294.223: tcs3701: stop power rail pending_off timer
11-26 17:34:02.050  1011  1189 D ASH     : @ 363294.223: tcs3701: start power rail timer, state:3
11-26 17:34:02.090  1011  1189 I ASH     : @ 363294.263: tcs3701: stop power rail pending_off timer
11-26 17:34:02.090  1011  1189 D ASH     : @ 363294.263: tcs3701: start power rail timer, state:3
11-26 17:34:02.130  1011  1189 I ASH     : @ 363294.303: tcs3701: stop power rail pending_off timer
11-26 17:34:02.131  1011  1189 D ASH     : @ 363294.303: tcs3701: start power rail timer, state:3
11-26 17:34:02.136  8427  8469 I BatteryMgr:DataCollectionService: stats => 1701016442136,12817,4454,10375,4169000,100
11-26 17:34:02.170  1011  1189 I ASH     : @ 363294.343: tcs3701: stop power rail pending_off timer
11-26 17:34:02.170  1011  1189 D ASH     : @ 363294.343: tcs3701: start power rail timer, state:3
11-26 17:34:02.210  1011  1189 I ASH     : @ 363294.383: tcs3701: stop power rail pending_off timer
11-26 17:34:02.211  1011  1189 D ASH     : @ 363294.383: tcs3701: start power rail timer, state:3
11-26 17:34:02.246  8427  8469 I BatteryMgr:DataCollectionService: stats => 1701016442245,12817,4454,10375,4169000,100
11-26 17:34:02.250  1011  1189 I ASH     : @ 363294.423: tcs3701: stop power rail pending_off timer
11-26 17:34:02.250  1011  1189 D ASH     : @ 363294.423: tcs3701: start power rail timer, state:3
11-26 17:34:02.290  1011  1189 I ASH     : @ 363294.463: tcs3701: stop power rail pending_off timer
11-26 17:34:02.290  1011  1189 D ASH     : @ 363294.463: tcs3701: start power rail timer, state:3
11-26 17:34:02.330  1011  1189 I ASH     : @ 363294.503: tcs3701: stop power rail pending_off timer
11-26 17:34:02.330  1011  1189 D ASH     : @ 363294.503: tcs3701: start power rail timer, state:3
11-26 17:34:02.356  8427  8469 I BatteryMgr:DataCollectionService: stats => 1701016442356,12817,4454,10375,4169000,100
11-26 17:34:02.370  1011  1189 I ASH     : @ 363294.543: tcs3701: stop power rail pending_off timer
11-26 17:34:02.370  1011  1189 D ASH     : @ 363294.543: tcs3701: start power rail timer, state:3
11-26 17:34:02.410  1011  1189 I ASH     : @ 363294.583: tcs3701: stop power rail pending_off timer
11-26 17:34:02.410  1011  1189 D ASH     : @ 363294.583: tcs3701: start power rail timer, state:3
11-26 17:34:02.451  1011  1189 I ASH     : @ 363294.623: tcs3701: stop power rail pending_off timer
11-26 17:34:02.451  1011  1189 D ASH     : @ 363294.623: tcs3701: start power rail timer, state:3
11-26 17:34:02.484  8427  8469 I BatteryMgr:DataCollectionService: stats => 1701016442484,12817,4454,10375,4169000,100
11-26 17:34:02.490  1011  1189 I ASH     : @ 363294.663: tcs3701: stop power rail pending_off timer
11-26 17:34:02.490  1011  1189 D ASH     : @ 363294.663: tcs3701: start power rail timer, state:3
11-26 17:34:02.500  1795  4162 D ActivityManager: freezer override set to true
11-26 17:34:02.532  1011  1189 I ASH     : @ 363294.703: tcs3701: stop power rail pending_off timer
11-26 17:34:02.532  1011  1189 D ASH     : @ 363294.703: tcs3701: start power rail timer, state:3
11-26 17:34:02.539  1795  4162 D ActivityManager: freezer override set to false
11-26 17:34:02.570  1011  1189 I ASH     : @ 363294.743: tcs3701: stop power rail pending_off timer
11-26 17:34:02.570  1011  1189 D ASH     : @ 363294.743: tcs3701: start power rail timer, state:3
11-26 17:34:02.591  8427  8469 I BatteryMgr:DataCollectionService: stats => 1701016442591,12817,4454,10375,4169000,100
11-26 17:34:02.611  1011  1189 I ASH     : @ 363294.783: tcs3701: stop power rail pending_off timer
11-26 17:34:02.611  1011  1189 D ASH     : @ 363294.783: tcs3701: start power rail timer, state:3
11-26 17:34:02.650  1011  1189 I ASH     : @ 363294.823: tcs3701: stop power rail pending_off timer
11-26 17:34:02.650  1011  1189 D ASH     : @ 363294.823: tcs3701: start power rail timer, state:3
11-26 17:34:02.668  1795  3658 D ActivityManager: freezer override set to true
11-26 17:34:02.690  1011  1189 I ASH     : @ 363294.863: tcs3701: stop power rail pending_off timer
11-26 17:34:02.690  1011  1189 D ASH     : @ 363294.863: tcs3701: start power rail timer, state:3
11-26 17:34:02.701  8427  8469 I BatteryMgr:DataCollectionService: stats => 1701016442701,12817,4454,10375,4169000,100
11-26 17:34:02.730  1011  1189 I ASH     : @ 363294.903: tcs3701: stop power rail pending_off timer
11-26 17:34:02.730  1011  1189 D ASH     : @ 363294.903: tcs3701: start power rail timer, state:3
11-26 17:34:02.770  1011  1189 I ASH     : @ 363294.943: tcs3701: stop power rail pending_off timer
11-26 17:34:02.770  1011  1189 D ASH     : @ 363294.943: tcs3701: start power rail timer, state:3
11-26 17:34:02.811  1011  1189 I ASH     : @ 363294.983: tcs3701: stop power rail pending_off timer
11-26 17:34:02.811  1011  1189 D ASH     : @ 363294.983: tcs3701: start power rail timer, state:3
11-26 17:34:02.813  8427  8469 I BatteryMgr:DataCollectionService: stats => 1701016442813,12817,4454,10375,4169000,100
11-26 17:34:02.850  1011  1189 I ASH     : @ 363295.023: tcs3701: stop power rail pending_off timer
11-26 17:34:02.850  1011  1189 D ASH     : @ 363295.023: tcs3701: start power rail timer, state:3
11-26 17:34:02.890  1011  1189 I ASH     : @ 363295.063: tcs3701: stop power rail pending_off timer
11-26 17:34:02.890  1011  1189 D ASH     : @ 363295.063: tcs3701: start power rail timer, state:3
11-26 17:34:02.930  8427  8469 I BatteryMgr:DataCollectionService: stats => 1701016442930,12817,4454,10375,4169000,100
11-26 17:34:02.930  1011  1189 I ASH     : @ 363295.103: tcs3701: stop power rail pending_off timer
11-26 17:34:02.930  1011  1189 D ASH     : @ 363295.103: tcs3701: start power rail timer, state:3
11-26 17:34:02.938 12122 12136 I m.chrome.canary: Waiting for a blocking GC Explicit
11-26 17:34:02.970  1011  1189 I ASH     : @ 363295.143: tcs3701: stop power rail pending_off timer
11-26 17:34:02.970  1011  1189 D ASH     : @ 363295.143: tcs3701: start power rail timer, state:3
11-26 17:34:03.010  1011  1189 I ASH     : @ 363295.183: tcs3701: stop power rail pending_off timer
11-26 17:34:03.010  1011  1189 D ASH     : @ 363295.183: tcs3701: start power rail timer, state:3
11-26 17:34:03.041  8427  8469 I BatteryMgr:DataCollectionService: stats => 1701016443041,12817,4454,10375,4169000,100
11-26 17:34:03.050  1011  1189 I ASH     : @ 363295.223: tcs3701: stop power rail pending_off timer
11-26 17:34:03.050  1011  1189 D ASH     : @ 363295.223: tcs3701: start power rail timer, state:3
11-26 17:34:03.090  1011  1189 I ASH     : @ 363295.263: tcs3701: stop power rail pending_off timer
11-26 17:34:03.090  1011  1189 D ASH     : @ 363295.263: tcs3701: start power rail timer, state:3
11-26 17:34:03.093 12122 12132 I m.chrome.canary: Background young concurrent copying GC freed 2171531(39MB) AllocSpace objects, 6(184KB) LOS objects, 68% free, 17MB/53MB, paused 141us,72us total 197.273ms
11-26 17:34:03.093 12122 12136 I m.chrome.canary: WaitForGcToComplete blocked Explicit on Background for 154.874ms
11-26 17:34:03.130  1011  1189 I ASH     : @ 363295.303: tcs3701: stop power rail pending_off timer
11-26 17:34:03.130  1011  1189 D ASH     : @ 363295.303: tcs3701: start power rail timer, state:3
11-26 17:34:03.153  8427  8469 I BatteryMgr:DataCollectionService: stats => 1701016443153,12817,4454,10375,4169000,100
11-26 17:34:03.170  1011  1189 I ASH     : @ 363295.343: tcs3701: stop power rail pending_off timer
11-26 17:34:03.170  1011  1189 D ASH     : @ 363295.343: tcs3701: start power rail timer, state:3
11-26 17:34:03.210  1011  1189 I ASH     : @ 363295.383: tcs3701: stop power rail pending_off timer
11-26 17:34:03.210  1011  1189 D ASH     : @ 363295.383: tcs3701: start power rail timer, state:3
11-26 17:34:03.250  1011  1189 I ASH     : @ 363295.423: tcs3701: stop power rail pending_off timer
11-26 17:34:03.250  1011  1189 D ASH     : @ 363295.423: tcs3701: start power rail timer, state:3
11-26 17:34:03.260  8427  8469 I BatteryMgr:DataCollectionService: stats => 1701016443260,12817,4454,10375,4169000,100
11-26 17:34:03.263 12122 12136 I m.chrome.canary: Explicit concurrent copying GC freed 198765(3871KB) AllocSpace objects, 1(20KB) LOS objects, 75% free, 16MB/65MB, paused 118us,25us total 169.424ms
11-26 17:34:03.263 12122 12132 I m.chrome.canary: WaitForGcToComplete blocked HeapTrim on Explicit for 168.024ms
11-26 17:34:03.290  1011  1189 I ASH     : @ 363295.463: tcs3701: stop power rail pending_off timer
11-26 17:34:03.290  1011  1189 D ASH     : @ 363295.463: tcs3701: start power rail timer, state:3
11-26 17:34:03.330  1011  1189 I ASH     : @ 363295.503: tcs3701: stop power rail pending_off timer
11-26 17:34:03.330  1011  1189 D ASH     : @ 363295.503: tcs3701: start power rail timer, state:3
11-26 17:34:03.370  1011  1189 I ASH     : @ 363295.543: tcs3701: stop power rail pending_off timer
11-26 17:34:03.370  1011  1189 D ASH     : @ 363295.543: tcs3701: start power rail timer, state:3
11-26 17:34:03.377  8427  8469 I BatteryMgr:DataCollectionService: stats => 1701016443376,12817,4454,10375,4169000,100
11-26 17:34:03.401  1795  3658 D ActivityManager: freezer override set to false
11-26 17:34:03.410  1011  1189 I ASH     : @ 363295.583: tcs3701: stop power rail pending_off timer
11-26 17:34:03.410  1011  1189 D ASH     : @ 363295.583: tcs3701: start power rail timer, state:3
11-26 17:34:03.450  1011  1189 I ASH     : @ 363295.623: tcs3701: stop power rail pending_off timer
11-26 17:34:03.450  1011  1189 D ASH     : @ 363295.623: tcs3701: start power rail timer, state:3
11-26 17:34:03.457  1795  3658 D ActivityManager: freezer override set to true
11-26 17:34:03.469  1795  3658 D ActivityManager: freezer override set to false
11-26 17:34:03.473  2113  2118 I pixel-thermal: skin-therm-monitor: 37.142
11-26 17:34:03.486  8427  8469 I BatteryMgr:DataCollectionService: stats => 1701016443486,12817,4454,10375,4169000,100
11-26 17:34:03.491  1011  1189 I ASH     : @ 363295.663: tcs3701: stop power rail pending_off timer
11-26 17:34:03.491  1011  1189 D ASH     : @ 363295.663: tcs3701: start power rail timer, state:3
11-26 17:34:03.523  1795  2424 D WifiClientModeImpl[13802:wlan0]: updateLinkLayerStatsRssiSpeedFrequencyCapabilities rssi=-45 TxLinkspeed=780 freq=5240 RxLinkSpeed=866
11-26 17:34:03.525  2782  5906 D QCNEJ/WlanStaInfoRelay: Received action: android.net.wifi.RSSI_CHANGED
11-26 17:34:03.525  1795  2424 D WifiDataStall: tx tput in kbps: 547889
11-26 17:34:03.525  1795  2424 D WifiDataStall: rx tput in kbps: 750984
11-26 17:34:03.525  1795  2424 V WifiConfigManager: Updating scan detail cache freq=5240 BSSID=f4:6d:2f:12:cc:88 RSSI=-44 for "ourhome"WPA_PSK
11-26 17:34:03.526  1795  2424 D WifiChannelUtilization:  freq: 5240 onTime: 9809709 busyTime: 878489 onTimeDiff: 161853 busyTimeDiff: 22003 utilization: 34 utilization t0: 22
11-26 17:34:03.526  1795  2424 D WifiDataStall:  ccaLevel = 34
11-26 17:34:03.526  1795  2424 D WifiDataStall: L2 txTputKbps: 642585, rxTputKbps: 750984, L3 txTputKbps: 0, rxTputKbps: 0, TxTrafficHigh: false, RxTrafficHigh: false, Throughput Sufficient: true
11-26 17:34:03.526  1795  2424 D WifiScoreReport: Wifi scoring disabled - Don't check IP layer
11-26 17:34:03.526  2673  2726 V WifiManager: OnWifiUsabilityStatsListener: onWifiUsabilityStats: seqNum=91949
11-26 17:34:03.526  1795  2424 D WifiScoreCard: BSSID update SIGNAL_POLL ID: 1320464697 SSID: "ourhome", BSSID: f4:6d:2f:12:cc:88, MAC: b2:2f:ec:da:4a:0c, IP: /192.168.1.104, Security type: 2, Supplicant state: COMPLETED, Wi-Fi standard: 5, RSSI: -45, Link speed: 780Mbps, Tx Link speed: 780Mbps, Max Supported Tx Link speed: 866Mbps, Rx Link speed: 866Mbps, Max Supported Rx Link speed: 866Mbps, Frequency: 5240MHz, Net ID: 12, Metered hint: false, score: 60, isUsable: true, CarrierMerged: false, SubscriptionId: -1, IsPrimary: 1, Trusted: true, Restricted: false, Ephemeral: false, OEM paid: false, OEM private: false, OSU AP: false, FQDN: <none>, Provider friendly name: <none>, Requesting package name: <none>"ourhome"wpa2-pskMLO Information: , Is TID-To-Link negotiation supported by the AP: false, AP MLD Address: <none>, AP MLO Link Id: <none>, AP MLO Affiliated links: <none>
11-26 17:34:03.526  1795  2424 D WifiScoreCard: txRate: 14 txSpeed: 780
11-26 17:34:03.526  1795  2424 D WifiScoreCard: network update SIGNAL_POLL "ourhome" ID: 1499892569 RSSI -45 txSpeed 780
11-26 17:34:03.526  1795  2424 D WifiClientModeImpl[13802:wlan0]:  ClientModeImpl$L2ConnectedState screen=on 37 0 "ourhome" f4:6d:2f:12:cc:88 rssi=-45 f=5240 sc=60 link=780 tx=11.0, 2.4, 0.0 rx=7.2 bcn=3433820 [on:87 tx:1 rx:1 period:3017] from screen [on:173728 period:4008812] score=60
11-26 17:34:03.527  1795  3658 I WifiService: updateWifiUsabilityScore uid=10180 seqNum=91949 score=100 predictionHorizonSec=1441795
11-26 17:34:03.528  1795  2424 D WifiScoreReport: Wifi scoring disabled - Notify that Wifi is usable
11-26 17:34:03.535  1011  1189 I ASH     : @ 363295.703: tcs3701: stop power rail pending_off timer
11-26 17:34:03.535  1011  1189 D ASH     : @ 363295.703: tcs3701: start power rail timer, state:3
11-26 17:34:03.539  1795  2432 D ConnectivityService: NetReassign [no changes] [c 0] [a 1] [i 5]
11-26 17:34:03.540  1795  3789 D ActivityManager: freezer override set to true
11-26 17:34:03.544  1795  3789 D ActivityManager: freezer override set to false
11-26 17:34:03.570  1011  1189 I ASH     : @ 363295.743: tcs3701: stop power rail pending_off timer
11-26 17:34:03.570  1011  1189 D ASH     : @ 363295.743: tcs3701: start power rail timer, state:3
11-26 17:34:03.609  8427  8469 I BatteryMgr:DataCollectionService: stats => 1701016443609,12817,4454,10375,4169000,100
11-26 17:34:03.610  1011  1189 I ASH     : @ 363295.783: tcs3701: stop power rail pending_off timer
11-26 17:34:03.610  1011  1189 D ASH     : @ 363295.783: tcs3701: start power rail timer, state:3
11-26 17:34:03.650  1011  1189 I ASH     : @ 363295.823: tcs3701: stop power rail pending_off timer
11-26 17:34:03.650  1011  1189 D ASH     : @ 363295.823: tcs3701: start power rail timer, state:3
11-26 17:34:03.685  1795  4162 D ActivityManager: freezer override set to true
11-26 17:34:03.691  1011  1189 I ASH     : @ 363295.863: tcs3701: stop power rail pending_off timer
11-26 17:34:03.691  1011  1189 D ASH     : @ 363295.863: tcs3701: start power rail timer, state:3
11-26 17:34:03.699  1795  4162 D ActivityManager: freezer override set to false
11-26 17:34:03.721  8427  8469 I BatteryMgr:DataCollectionService: stats => 1701016443721,12817,4454,10375,4169000,100
11-26 17:34:03.730  1011  1189 I ASH     : @ 363295.903: tcs3701: stop power rail pending_off timer
11-26 17:34:03.730  1011  1189 D ASH     : @ 363295.903: tcs3701: start power rail timer, state:3
11-26 17:34:03.772  1011  1189 I ASH     : @ 363295.943: tcs3701: stop power rail pending_off timer
11-26 17:34:03.772  1011  1189 D ASH     : @ 363295.943: tcs3701: start power rail timer, state:3
11-26 17:34:03.810  1011  1189 I ASH     : @ 363295.983: tcs3701: stop power rail pending_off timer
11-26 17:34:03.810  1011  1189 D ASH     : @ 363295.983: tcs3701: start power rail timer, state:3
11-26 17:34:03.845  8427  8469 I BatteryMgr:DataCollectionService: stats => 1701016443845,12817,4454,10375,4169000,100
11-26 17:34:03.850  1011  1189 I ASH     : @ 363296.023: tcs3701: stop power rail pending_off timer
11-26 17:34:03.850  1011  1189 D ASH     : @ 363296.023: tcs3701: start power rail timer, state:3
11-26 17:34:03.891  1011  1189 I ASH     : @ 363296.063: tcs3701: stop power rail pending_off timer
11-26 17:34:03.891  1011  1189 D ASH     : @ 363296.063: tcs3701: start power rail timer, state:3
11-26 17:34:03.933  1011  1189 I ASH     : @ 363296.103: tcs3701: stop power rail pending_off timer
11-26 17:34:03.933  1011  1189 D ASH     : @ 363296.103: tcs3701: start power rail timer, state:3
11-26 17:34:03.951  8427  8469 I BatteryMgr:DataCollectionService: stats => 1701016443951,12817,4454,10375,4169000,100
11-26 17:34:03.970  1011  1189 I ASH     : @ 363296.143: tcs3701: stop power rail pending_off timer
11-26 17:34:03.970  1011  1189 D ASH     : @ 363296.143: tcs3701: start power rail timer, state:3
11-26 17:34:04.010  1011  1189 I ASH     : @ 363296.183: tcs3701: stop power rail pending_off timer
11-26 17:34:04.010  1011  1189 D ASH     : @ 363296.183: tcs3701: start power rail timer, state:3
11-26 17:34:04.050  1011  1189 I ASH     : @ 363296.223: tcs3701: stop power rail pending_off timer
11-26 17:34:04.050  1011  1189 D ASH     : @ 363296.223: tcs3701: start power rail timer, state:3
11-26 17:34:04.060  8427  8469 I BatteryMgr:DataCollectionService: stats => 1701016444060,12817,4454,10375,4169000,100
11-26 17:34:04.090  1011  1189 I ASH     : @ 363296.263: tcs3701: stop power rail pending_off timer
11-26 17:34:04.090  1011  1189 D ASH     : @ 363296.263: tcs3701: start power rail timer, state:3
11-26 17:34:04.112  1795  3658 D ActivityManager: freezer override set to true
11-26 17:34:04.130  1011  1189 I ASH     : @ 363296.303: tcs3701: stop power rail pending_off timer
11-26 17:34:04.130  1011  1189 D ASH     : @ 363296.303: tcs3701: start power rail timer, state:3
11-26 17:34:04.149  1795  3789 W JobScheduler: Job didn't exist in JobStore: aa64d54 #u0a202/1034 com.google.android.apps.photos/com.google.android.libraries.social.mediamonitor.MediaMonitorJobSchedulerService
11-26 17:34:04.171  1011  1189 I ASH     : @ 363296.343: tcs3701: stop power rail pending_off timer
11-26 17:34:04.171  1011  1189 D ASH     : @ 363296.343: tcs3701: start power rail timer, state:3
11-26 17:34:04.174  8427  8469 I BatteryMgr:DataCollectionService: stats => 1701016444174,12817,4454,10375,4169000,100
11-26 17:34:04.210  1011  1189 I ASH     : @ 363296.383: tcs3701: stop power rail pending_off timer
11-26 17:34:04.210  1011  1189 D ASH     : @ 363296.383: tcs3701: start power rail timer, state:3
11-26 17:34:04.250  1011  1189 I ASH     : @ 363296.423: tcs3701: stop power rail pending_off timer
11-26 17:34:04.250  1011  1189 D ASH     : @ 363296.423: tcs3701: start power rail timer, state:3
11-26 17:34:04.277  8427  8469 I BatteryMgr:DataCollectionService: stats => 1701016444277,12817,4454,10375,4169000,100
11-26 17:34:04.288  1795  3807 W UriGrantsManagerService: No permission grants found for com.google.android.apps.photos
11-26 17:34:04.290  1011  1189 I ASH     : @ 363296.463: tcs3701: stop power rail pending_off timer
11-26 17:34:04.290  1011  1189 D ASH     : @ 363296.463: tcs3701: start power rail timer, state:3
11-26 17:34:04.299  1795  3807 W UriGrantsManagerService: No permission grants found for com.google.android.apps.photos
11-26 17:34:04.318 12122 12136 I m.chrome.canary: Explicit concurrent copying GC freed 896119(17MB) AllocSpace objects, 9(232KB) LOS objects, 75% free, 14MB/56MB, paused 118us,38us total 106.131ms
11-26 17:34:04.331  1011  1189 I ASH     : @ 363296.503: tcs3701: stop power rail pending_off timer
11-26 17:34:04.331  1011  1189 D ASH     : @ 363296.503: tcs3701: start power rail timer, state:3
11-26 17:34:04.371  1011  1189 I ASH     : @ 363296.543: tcs3701: stop power rail pending_off timer
11-26 17:34:04.371  1011  1189 D ASH     : @ 363296.543: tcs3701: start power rail timer, state:3
11-26 17:34:04.392  1795  3658 D ActivityManager: freezer override set to false
11-26 17:34:04.398  8427  8469 I BatteryMgr:DataCollectionService: stats => 1701016444398,12817,4454,10375,4169000,100
11-26 17:34:04.411  1011  1189 I ASH     : @ 363296.583: tcs3701: stop power rail pending_off timer
11-26 17:34:04.411  1011  1189 D ASH     : @ 363296.583: tcs3701: start power rail timer, state:3
11-26 17:34:04.450  1011  1189 I ASH     : @ 363296.623: tcs3701: stop power rail pending_off timer
11-26 17:34:04.450  1011  1189 D ASH     : @ 363296.623: tcs3701: start power rail timer, state:3
11-26 17:34:04.490  1011  1189 I ASH     : @ 363296.663: tcs3701: stop power rail pending_off timer
11-26 17:34:04.490  1011  1189 D ASH     : @ 363296.663: tcs3701: start power rail timer, state:3
11-26 17:34:04.493  1795  3807 D ActivityManager: freezer override set to true
11-26 17:34:04.500  1795  3807 D ActivityManager: freezer override set to false
11-26 17:34:04.503  1795  3807 D ActivityManager: freezer override set to true
11-26 17:34:04.508  1795  3807 D ActivityManager: freezer override set to false
11-26 17:34:04.513  8427  8469 I BatteryMgr:DataCollectionService: stats => 1701016444512,12817,4454,10375,4169000,100
11-26 17:34:04.528  1795  3658 W UriGrantsManagerService: No permission grants found for com.google.android.apps.photos
11-26 17:34:04.528  1795  3658 W UriGrantsManagerService: No permission grants found for com.google.android.apps.photos
11-26 17:34:04.531  1011  1189 I ASH     : @ 363296.703: tcs3701: stop power rail pending_off timer
11-26 17:34:04.531  1011  1189 D ASH     : @ 363296.703: tcs3701: start power rail timer, state:3
11-26 17:34:04.570  1011  1189 I ASH     : @ 363296.743: tcs3701: stop power rail pending_off timer
11-26 17:34:04.570  1011  1189 D ASH     : @ 363296.743: tcs3701: start power rail timer, state:3
11-26 17:34:04.571  1795  3658 D ActivityManager: freezer override set to true
11-26 17:34:04.582  1795  3658 D ActivityManager: freezer override set to false
11-26 17:34:04.610  1011  1189 I ASH     : @ 363296.783: tcs3701: stop power rail pending_off timer
11-26 17:34:04.610  1011  1189 D ASH     : @ 363296.783: tcs3701: start power rail timer, state:3
11-26 17:34:04.625  8427  8469 I BatteryMgr:DataCollectionService: stats => 1701016444625,-87585,4454,10375,4169000,100
11-26 17:34:04.650  1011  1189 I ASH     : @ 363296.823: tcs3701: stop power rail pending_off timer
11-26 17:34:04.650  1011  1189 D ASH     : @ 363296.823: tcs3701: start power rail timer, state:3
11-26 17:34:04.671  1795  3807 W UriGrantsManagerService: No permission grants found for com.google.android.apps.photos
11-26 17:34:04.681  1795  3807 W UriGrantsManagerService: No permission grants found for com.google.android.apps.photos
11-26 17:34:04.690  1011  1189 I ASH     : @ 363296.863: tcs3701: stop power rail pending_off timer
11-26 17:34:04.690  1011  1189 D ASH     : @ 363296.863: tcs3701: start power rail timer, state:3
11-26 17:34:04.730  1011  1189 I ASH     : @ 363296.903: tcs3701: stop power rail pending_off timer
11-26 17:34:04.730  1011  1189 D ASH     : @ 363296.903: tcs3701: start power rail timer, state:3
11-26 17:34:04.735  8427  8469 I BatteryMgr:DataCollectionService: stats => 1701016444734,-83618,4454,10375,4169000,100
11-26 17:34:04.770  1011  1189 I ASH     : @ 363296.943: tcs3701: stop power rail pending_off timer
11-26 17:34:04.770  1011  1189 D ASH     : @ 363296.943: tcs3701: start power rail timer, state:3
11-26 17:34:04.810  1011  1189 I ASH     : @ 363296.983: tcs3701: stop power rail pending_off timer
11-26 17:34:04.810  1011  1189 D ASH     : @ 363296.983: tcs3701: start power rail timer, state:3
11-26 17:34:04.850  1011  1189 I ASH     : @ 363297.023: tcs3701: stop power rail pending_off timer
11-26 17:34:04.850  1011  1189 D ASH     : @ 363297.023: tcs3701: start power rail timer, state:3
11-26 17:34:04.875  8427  8469 I BatteryMgr:DataCollectionService: stats => 1701016444875,-14953,4454,10375,4169000,100
11-26 17:34:04.890  1011  1189 I ASH     : @ 363297.063: tcs3701: stop power rail pending_off timer
11-26 17:34:04.890  1011  1189 D ASH     : @ 363297.063: tcs3701: start power rail timer, state:3
11-26 17:34:04.930  1011  1189 I ASH     : @ 363297.103: tcs3701: stop power rail pending_off timer
11-26 17:34:04.930  1011  1189 D ASH     : @ 363297.103: tcs3701: start power rail timer, state:3
11-26 17:34:04.970  1011  1189 I ASH     : @ 363297.143: tcs3701: stop power rail pending_off timer
11-26 17:34:04.971  1011  1189 D ASH     : @ 363297.143: tcs3701: start power rail timer, state:3
11-26 17:34:04.987  8427  8469 I BatteryMgr:DataCollectionService: stats => 1701016444987,-49743,4454,10375,4169000,100
11-26 17:34:05.010  1011  1189 I ASH     : @ 363297.183: tcs3701: stop power rail pending_off timer
11-26 17:34:05.010  1011  1189 D ASH     : @ 363297.183: tcs3701: start power rail timer, state:3
11-26 17:34:05.050  1011  1189 I ASH     : @ 363297.223: tcs3701: stop power rail pending_off timer
11-26 17:34:05.050  1011  1189 D ASH     : @ 363297.223: tcs3701: start power rail timer, state:3
11-26 17:34:05.090  1011  1189 I ASH     : @ 363297.263: tcs3701: stop power rail pending_off timer
11-26 17:34:05.090  1011  1189 D ASH     : @ 363297.263: tcs3701: start power rail timer, state:3
11-26 17:34:05.094  8427  8469 I BatteryMgr:DataCollectionService: stats => 1701016445093,1525,4454,10375,4169000,100
11-26 17:34:05.130  1011  1189 I ASH     : @ 363297.303: tcs3701: stop power rail pending_off timer
11-26 17:34:05.130  1011  1189 D ASH     : @ 363297.303: tcs3701: start power rail timer, state:3
11-26 17:34:05.170  1011  1189 I ASH     : @ 363297.343: tcs3701: stop power rail pending_off timer
11-26 17:34:05.170  1011  1189 D ASH     : @ 363297.343: tcs3701: start power rail timer, state:3
11-26 17:34:05.204  8427  8469 I BatteryMgr:DataCollectionService: stats => 1701016445204,7934,4454,10375,4169000,100
11-26 17:34:05.210  1011  1189 I ASH     : @ 363297.383: tcs3701: stop power rail pending_off timer
11-26 17:34:05.210  1011  1189 D ASH     : @ 363297.383: tcs3701: start power rail timer, state:3
11-26 17:34:05.250  1011  1189 I ASH     : @ 363297.423: tcs3701: stop power rail pending_off timer
11-26 17:34:05.250  1011  1189 D ASH     : @ 363297.423: tcs3701: start power rail timer, state:3
11-26 17:34:05.290  1011  1189 I ASH     : @ 363297.463: tcs3701: stop power rail pending_off timer
11-26 17:34:05.290  1011  1189 D ASH     : @ 363297.463: tcs3701: start power rail timer, state:3
11-26 17:34:05.310  8427  8469 I BatteryMgr:DataCollectionService: stats => 1701016445310,-9460,4454,10375,4169000,100
11-26 17:34:05.330  1011  1189 I ASH     : @ 363297.503: tcs3701: stop power rail pending_off timer
11-26 17:34:05.330  1011  1189 D ASH     : @ 363297.503: tcs3701: start power rail timer, state:3
11-26 17:34:05.370  1011  1189 I ASH     : @ 363297.543: tcs3701: stop power rail pending_off timer
11-26 17:34:05.370  1011  1189 D ASH     : @ 363297.543: tcs3701: start power rail timer, state:3
11-26 17:34:05.410  1011  1189 I ASH     : @ 363297.583: tcs3701: stop power rail pending_off timer
11-26 17:34:05.410  1011  1189 D ASH     : @ 363297.583: tcs3701: start power rail timer, state:3
11-26 17:34:05.420  8427  8469 I BatteryMgr:DataCollectionService: stats => 1701016445420,-39978,4454,10375,4169000,100
11-26 17:34:05.450  1011  1189 I ASH     : @ 363297.623: tcs3701: stop power rail pending_off timer
11-26 17:34:05.450  1011  1189 D ASH     : @ 363297.623: tcs3701: start power rail timer, state:3
11-26 17:34:05.489  1795  3807 D ActivityManager: freezer override set to true
11-26 17:34:05.490  1011  1189 I ASH     : @ 363297.663: tcs3701: stop power rail pending_off timer
11-26 17:34:05.490  1011  1189 D ASH     : @ 363297.663: tcs3701: start power rail timer, state:3
11-26 17:34:05.496  1795  3807 D ActivityManager: freezer override set to false
11-26 17:34:05.523  8427  8469 I BatteryMgr:DataCollectionService: stats => 1701016445523,-39062,4454,10375,4169000,100
11-26 17:34:05.530  1011  1189 I ASH     : @ 363297.703: tcs3701: stop power rail pending_off timer
11-26 17:34:05.530  1011  1189 D ASH     : @ 363297.703: tcs3701: start power rail timer, state:3
11-26 17:34:05.570  1011  1189 I ASH     : @ 363297.743: tcs3701: stop power rail pending_off timer
11-26 17:34:05.570  1011  1189 D ASH     : @ 363297.743: tcs3701: start power rail timer, state:3
11-26 17:34:05.610  1011  1189 I ASH     : @ 363297.783: tcs3701: stop power rail pending_off timer
11-26 17:34:05.610  1011  1189 D ASH     : @ 363297.783: tcs3701: start power rail timer, state:3
11-26 17:34:05.629  8427  8469 I BatteryMgr:DataCollectionService: stats => 1701016445629,11291,4454,10375,4169000,100
11-26 17:34:05.650  1011  1189 I ASH     : @ 363297.823: tcs3701: stop power rail pending_off timer
11-26 17:34:05.650  1011  1189 D ASH     : @ 363297.823: tcs3701: start power rail timer, state:3
11-26 17:34:05.690  1011  1189 I ASH     : @ 363297.863: tcs3701: stop power rail pending_off timer
11-26 17:34:05.690  1011  1189 D ASH     : @ 363297.863: tcs3701: start power rail timer, state:3
11-26 17:34:05.730  1011  1189 I ASH     : @ 363297.903: tcs3701: stop power rail pending_off timer
11-26 17:34:05.730  1011  1189 D ASH     : @ 363297.903: tcs3701: start power rail timer, state:3
11-26 17:34:05.740  8427  8469 I BatteryMgr:DataCollectionService: stats => 1701016445740,-2441,4454,10375,4169000,100
11-26 17:34:05.763  1795  3807 D ActivityManager: freezer override set to true
11-26 17:34:05.771  1011  1189 I ASH     : @ 363297.943: tcs3701: stop power rail pending_off timer
11-26 17:34:05.771  1011  1189 D ASH     : @ 363297.943: tcs3701: start power rail timer, state:3
11-26 17:34:05.810  1011  1189 I ASH     : @ 363297.983: tcs3701: stop power rail pending_off timer
11-26 17:34:05.810  1011  1189 D ASH     : @ 363297.983: tcs3701: start power rail timer, state:3
11-26 17:34:05.846  8427  8469 I BatteryMgr:DataCollectionService: stats => 1701016445846,-24108,4454,10375,4169000,100
11-26 17:34:05.850  1011  1189 I ASH     : @ 363298.023: tcs3701: stop power rail pending_off timer
11-26 17:34:05.850  1011  1189 D ASH     : @ 363298.023: tcs3701: start power rail timer, state:3
11-26 17:34:05.890  1011  1189 I ASH     : @ 363298.063: tcs3701: stop power rail pending_off timer
11-26 17:34:05.890  1011  1189 D ASH     : @ 363298.063: tcs3701: start power rail timer, state:3
11-26 17:34:05.930  1011  1189 I ASH     : @ 363298.103: tcs3701: stop power rail pending_off timer
11-26 17:34:05.930  1011  1189 D ASH     : @ 363298.103: tcs3701: start power rail timer, state:3
11-26 17:34:05.933 12122 12136 I m.chrome.canary: Explicit concurrent copying GC freed 6353(265KB) AllocSpace objects, 5(100KB) LOS objects, 75% free, 14MB/56MB, paused 31us,23us total 106.232ms
