11-26 17:39:05.100  1795  2424 D WifiDataStall: rx tput in kbps: 754367
11-26 17:39:05.100  1795  2424 V WifiConfigManager: Updating scan detail cache freq=5240 BSSID=f4:6d:2f:12:cc:88 RSSI=-45 for "ourhome"WPA_PSK
11-26 17:39:05.100  2782  5906 D QCNEJ/WlanStaInfoRelay: Received action: android.net.wifi.RSSI_CHANGED
11-26 17:39:05.100  1795  2424 D WifiChannelUtilization:  freq: 5240 onTime: 9825672 busyTime: 879841 onTimeDiff: 177816 busyTimeDiff: 23355 utilization: 33 utilization t0: 22
11-26 17:39:05.101  1795  2424 D WifiDataStall:  ccaLevel = 33
11-26 17:39:05.101  1795  2424 D WifiDataStall: L2 txTputKbps: 716648, rxTputKbps: 754367, L3 txTputKbps: 0, rxTputKbps: 0, TxTrafficHigh: false, RxTrafficHigh: false, Throughput Sufficient: true
11-26 17:39:05.101  1795  2424 D WifiScoreReport: Wifi scoring disabled - Don't check IP layer
11-26 17:39:05.101  2673  2691 V WifiManager: OnWifiUsabilityStatsListener: onWifiUsabilityStats: seqNum=92049
11-26 17:39:05.101  1795  2424 D WifiScoreCard: BSSID update SIGNAL_POLL ID: 1320464697 SSID: "ourhome", BSSID: f4:6d:2f:12:cc:88, MAC: b2:2f:ec:da:4a:0c, IP: /192.168.1.104, Security type: 2, Supplicant state: COMPLETED, Wi-Fi standard: 5, RSSI: -46, Link speed: 866Mbps, Tx Link speed: 866Mbps, Max Supported Tx Link speed: 866Mbps, Rx Link speed: 6Mbps, Max Supported Rx Link speed: 866Mbps, Frequency: 5240MHz, Net ID: 12, Metered hint: false, score: 60, isUsable: true, CarrierMerged: false, SubscriptionId: -1, IsPrimary: 1, Trusted: true, Restricted: false, Ephemeral: false, OEM paid: false, OEM private: false, OSU AP: false, FQDN: <none>, Provider friendly name: <none>, Requesting package name: <none>"ourhome"wpa2-pskMLO Information: , Is TID-To-Link negotiation supported by the AP: false, AP MLD Address: <none>, AP MLO Link Id: <none>, AP MLO Affiliated links: <none>
11-26 17:39:05.101  1795  2424 D WifiScoreCard: txRate: 1 txSpeed: 866
11-26 17:39:05.101  1795  2424 D WifiScoreCard: network update SIGNAL_POLL "ourhome" ID: 1499892569 RSSI -46 txSpeed -1
11-26 17:39:05.101  2513  4457 V WifiManager: TrafficStateCallbackProxy: onStateChanged state=0
11-26 17:39:05.101  1795  2424 D WifiClientModeImpl[13802:wlan0]:  ClientModeImpl$L2ConnectedState screen=on 37 0 "ourhome" f4:6d:2f:12:cc:88 rssi=-46 f=5240 sc=60 link=866 tx=0.2, 0.0, 0.0 rx=0.3 bcn=3436759 [on:0 tx:0 rx:0 period:3011] from screen [on:189691 period:4310387] score=60
11-26 17:39:05.101  1795  4168 I WifiService: updateWifiUsabilityScore uid=10180 seqNum=92049 score=100 predictionHorizonSec=1441795
11-26 17:39:05.102  1795  2424 D WifiScoreReport: Wifi scoring disabled - Notify that Wifi is usable
11-26 17:39:05.104  1011  1189 I ASH     : @ 363597.277: tcs3701: stop power rail pending_off timer
11-26 17:39:05.104  1011  1189 D ASH     : @ 363597.277: tcs3701: start power rail timer, state:3
11-26 17:39:05.105  1795  2432 D ConnectivityService: NetReassign [no changes] [c 0] [a 0] [i 2]
11-26 17:39:05.106  8427  8467 I BatteryMgr:DataCollectionService: stats => 1701016745106,14038,4454,2136,4169000,100
11-26 17:39:05.128  1795  3057 D ActivityManager: freezer override set to true
11-26 17:39:05.131  1795  3057 D ActivityManager: freezer override set to false
11-26 17:39:05.145  1011  1189 I ASH     : @ 363597.317: tcs3701: stop power rail pending_off timer
11-26 17:39:05.145  1011  1189 D ASH     : @ 363597.317: tcs3701: start power rail timer, state:3
11-26 17:39:05.165  1795  3057 D ActivityManager: freezer override set to true
11-26 17:39:05.167  1795  3057 D ActivityManager: freezer override set to false
11-26 17:39:05.184  1011  1189 I ASH     : @ 363597.357: tcs3701: stop power rail pending_off timer
11-26 17:39:05.184  1011  1189 D ASH     : @ 363597.357: tcs3701: start power rail timer, state:3
11-26 17:39:05.211  8427  8467 I BatteryMgr:DataCollectionService: stats => 1701016745211,14038,4454,2136,4169000,100
11-26 17:39:05.224  1011  1189 I ASH     : @ 363597.397: tcs3701: stop power rail pending_off timer
11-26 17:39:05.224  1011  1189 D ASH     : @ 363597.397: tcs3701: start power rail timer, state:3
11-26 17:39:05.264  1011  1189 I ASH     : @ 363597.437: tcs3701: stop power rail pending_off timer
11-26 17:39:05.264  1011  1189 D ASH     : @ 363597.437: tcs3701: start power rail timer, state:3
11-26 17:39:05.305  1011  1189 I ASH     : @ 363597.477: tcs3701: stop power rail pending_off timer
11-26 17:39:05.305  1011  1189 D ASH     : @ 363597.477: tcs3701: start power rail timer, state:3
11-26 17:39:05.321  8427  8467 I BatteryMgr:DataCollectionService: stats => 1701016745321,14038,4454,2136,4169000,100
11-26 17:39:05.344  1011  1189 I ASH     : @ 363597.517: tcs3701: stop power rail pending_off timer
11-26 17:39:05.344  1011  1189 D ASH     : @ 363597.517: tcs3701: start power rail timer, state:3
11-26 17:39:05.384  1011  1189 I ASH     : @ 363597.557: tcs3701: stop power rail pending_off timer
11-26 17:39:05.384  1011  1189 D ASH     : @ 363597.557: tcs3701: start power rail timer, state:3
11-26 17:39:05.424  1011  1189 I ASH     : @ 363597.597: tcs3701: stop power rail pending_off timer
11-26 17:39:05.424  1011  1189 D ASH     : @ 363597.597: tcs3701: start power rail timer, state:3
11-26 17:39:05.429  8427  8467 I BatteryMgr:DataCollectionService: stats => 1701016745429,13427,4454,2136,4169000,100
11-26 17:39:05.464  1011  1189 I ASH     : @ 363597.637: tcs3701: stop power rail pending_off timer
11-26 17:39:05.464  1011  1189 D ASH     : @ 363597.637: tcs3701: start power rail timer, state:3
11-26 17:39:05.504  1011  1189 I ASH     : @ 363597.677: tcs3701: stop power rail pending_off timer
11-26 17:39:05.505  1011  1189 D ASH     : @ 363597.677: tcs3701: start power rail timer, state:3
11-26 17:39:05.536  8427  8467 I BatteryMgr:DataCollectionService: stats => 1701016745536,13427,4454,2136,4169000,100
11-26 17:39:05.544  1011  1189 I ASH     : @ 363597.717: tcs3701: stop power rail pending_off timer
11-26 17:39:05.544  1011  1189 D ASH     : @ 363597.717: tcs3701: start power rail timer, state:3
11-26 17:39:05.584  1011  1189 I ASH     : @ 363597.757: tcs3701: stop power rail pending_off timer
11-26 17:39:05.584  1011  1189 D ASH     : @ 363597.757: tcs3701: start power rail timer, state:3
11-26 17:39:05.624  1011  1189 I ASH     : @ 363597.797: tcs3701: stop power rail pending_off timer
11-26 17:39:05.624  1011  1189 D ASH     : @ 363597.797: tcs3701: start power rail timer, state:3
11-26 17:39:05.649  8427  8467 I BatteryMgr:DataCollectionService: stats => 1701016745649,13427,4454,2136,4169000,100
11-26 17:39:05.664  1011  1189 I ASH     : @ 363597.837: tcs3701: stop power rail pending_off timer
11-26 17:39:05.664  1011  1189 D ASH     : @ 363597.837: tcs3701: start power rail timer, state:3
11-26 17:39:05.705  1011  1189 I ASH     : @ 363597.877: tcs3701: stop power rail pending_off timer
11-26 17:39:05.705  1011  1189 D ASH     : @ 363597.877: tcs3701: start power rail timer, state:3
11-26 17:39:05.744  1011  1189 I ASH     : @ 363597.917: tcs3701: stop power rail pending_off timer
11-26 17:39:05.744  1011  1189 D ASH     : @ 363597.917: tcs3701: start power rail timer, state:3
11-26 17:39:05.756  8427  8467 I BatteryMgr:DataCollectionService: stats => 1701016745756,13427,4454,2136,4169000,100
11-26 17:39:05.784  1011  1189 I ASH     : @ 363597.957: tcs3701: stop power rail pending_off timer
11-26 17:39:05.784  1011  1189 D ASH     : @ 363597.957: tcs3701: start power rail timer, state:3
11-26 17:39:05.824  1011  1189 I ASH     : @ 363597.997: tcs3701: stop power rail pending_off timer
11-26 17:39:05.824  1011  1189 D ASH     : @ 363597.997: tcs3701: start power rail timer, state:3
11-26 17:39:05.862  8427  8467 I BatteryMgr:DataCollectionService: stats => 1701016745862,13427,4454,2136,4169000,100
11-26 17:39:05.864  1011  1189 I ASH     : @ 363598.037: tcs3701: stop power rail pending_off timer
11-26 17:39:05.864  1011  1189 D ASH     : @ 363598.037: tcs3701: start power rail timer, state:3
11-26 17:39:05.904  1011  1189 I ASH     : @ 363598.077: tcs3701: stop power rail pending_off timer
11-26 17:39:05.904  1011  1189 D ASH     : @ 363598.077: tcs3701: start power rail timer, state:3
11-26 17:39:05.944  1011  1189 I ASH     : @ 363598.117: tcs3701: stop power rail pending_off timer
11-26 17:39:05.944  1011  1189 D ASH     : @ 363598.117: tcs3701: start power rail timer, state:3
11-26 17:39:05.959  1795  3057 D ActivityManager: freezer override set to true
11-26 17:39:05.964  1795  3057 D ActivityManager: freezer override set to false
11-26 17:39:05.971  8427  8467 I BatteryMgr:DataCollectionService: stats => 1701016745970,13427,4454,2136,4169000,100
11-26 17:39:05.984  1011  1189 I ASH     : @ 363598.157: tcs3701: stop power rail pending_off timer
11-26 17:39:05.984  1011  1189 D ASH     : @ 363598.157: tcs3701: start power rail timer, state:3
11-26 17:39:06.024  1011  1189 I ASH     : @ 363598.197: tcs3701: stop power rail pending_off timer
11-26 17:39:06.024  1011  1189 D ASH     : @ 363598.197: tcs3701: start power rail timer, state:3
11-26 17:39:06.064  1011  1189 I ASH     : @ 363598.237: tcs3701: stop power rail pending_off timer
11-26 17:39:06.064  1011  1189 D ASH     : @ 363598.237: tcs3701: start power rail timer, state:3
11-26 17:39:06.079  8427  8467 I BatteryMgr:DataCollectionService: stats => 1701016746079,13427,4454,2136,4169000,100
11-26 17:39:06.104  1011  1189 I ASH     : @ 363598.277: tcs3701: stop power rail pending_off timer
11-26 17:39:06.104  1011  1189 D ASH     : @ 363598.277: tcs3701: start power rail timer, state:3
11-26 17:39:06.144  1011  1189 I ASH     : @ 363598.317: tcs3701: stop power rail pending_off timer
11-26 17:39:06.144  1011  1189 D ASH     : @ 363598.317: tcs3701: start power rail timer, state:3
11-26 17:39:06.184  1011  1189 I ASH     : @ 363598.357: tcs3701: stop power rail pending_off timer
11-26 17:39:06.184  1011  1189 D ASH     : @ 363598.357: tcs3701: start power rail timer, state:3
11-26 17:39:06.186  8427  8467 I BatteryMgr:DataCollectionService: stats => 1701016746185,13427,4454,2136,4169000,100
11-26 17:39:06.188  1039  1095 D rlsservice: MonitorDisplayStatus client num 0, display status 1, sensor status 0
11-26 17:39:06.224  1011  1189 I ASH     : @ 363598.397: tcs3701: stop power rail pending_off timer
11-26 17:39:06.224  1011  1189 D ASH     : @ 363598.397: tcs3701: start power rail timer, state:3
11-26 17:39:06.264  1011  1189 I ASH     : @ 363598.437: tcs3701: stop power rail pending_off timer
11-26 17:39:06.264  1011  1189 D ASH     : @ 363598.437: tcs3701: start power rail timer, state:3
11-26 17:39:06.286  1795  4168 D ActivityManager: freezer override set to true
11-26 17:39:06.291  8427  8467 I BatteryMgr:DataCollectionService: stats => 1701016746291,13427,4454,2136,4169000,100
11-26 17:39:06.305  1011  1189 I ASH     : @ 363598.477: tcs3701: stop power rail pending_off timer
11-26 17:39:06.305  1011  1189 D ASH     : @ 363598.477: tcs3701: start power rail timer, state:3
11-26 17:39:06.312  2113  2118 I pixel-thermal: skin-therm-monitor: 38.318
11-26 17:39:06.344  1011  1189 I ASH     : @ 363598.517: tcs3701: stop power rail pending_off timer
11-26 17:39:06.344  1011  1189 D ASH     : @ 363598.517: tcs3701: start power rail timer, state:3
11-26 17:39:06.384  1011  1189 I ASH     : @ 363598.557: tcs3701: stop power rail pending_off timer
11-26 17:39:06.384  1011  1189 D ASH     : @ 363598.557: tcs3701: start power rail timer, state:3
11-26 17:39:06.395  8427  8467 I BatteryMgr:DataCollectionService: stats => 1701016746395,13427,4454,2136,4169000,100
11-26 17:39:06.424  1011  1189 I ASH     : @ 363598.597: tcs3701: stop power rail pending_off timer
11-26 17:39:06.424  1011  1189 D ASH     : @ 363598.597: tcs3701: start power rail timer, state:3
11-26 17:39:06.436 19187 20239 I m.chrome.canary: Explicit concurrent copying GC freed 3841(192KB) AllocSpace objects, 4(80KB) LOS objects, 75% free, 14MB/56MB, paused 84us,23us total 60.139ms
11-26 17:39:06.465  1011  1189 I ASH     : @ 363598.637: tcs3701: stop power rail pending_off timer
11-26 17:39:06.465  1011  1189 D ASH     : @ 363598.637: tcs3701: start power rail timer, state:3
11-26 17:39:06.498  1795  4168 D ActivityManager: freezer override set to false
11-26 17:39:06.501  8427  8467 I BatteryMgr:DataCollectionService: stats => 1701016746501,13427,4454,2136,4169000,100
11-26 17:39:06.504  1011  1189 I ASH     : @ 363598.677: tcs3701: stop power rail pending_off timer
11-26 17:39:06.504  1011  1189 D ASH     : @ 363598.677: tcs3701: start power rail timer, state:3
11-26 17:39:06.528  1795  3057 D ActivityManager: freezer override set to true
11-26 17:39:06.532  1795  3057 D ActivityManager: freezer override set to false
11-26 17:39:06.544  1011  1189 I ASH     : @ 363598.717: tcs3701: stop power rail pending_off timer
11-26 17:39:06.544  1011  1189 D ASH     : @ 363598.717: tcs3701: start power rail timer, state:3
11-26 17:39:06.569  1795  3057 D ActivityManager: freezer override set to true
11-26 17:39:06.571  1795  3057 D ActivityManager: freezer override set to false
11-26 17:39:06.584  1011  1189 I ASH     : @ 363598.757: tcs3701: stop power rail pending_off timer
11-26 17:39:06.584  1011  1189 D ASH     : @ 363598.757: tcs3701: start power rail timer, state:3
11-26 17:39:06.606  8427  8467 I BatteryMgr:DataCollectionService: stats => 1701016746606,13427,4454,2136,4169000,100
11-26 17:39:06.625  1011  1189 I ASH     : @ 363598.797: tcs3701: stop power rail pending_off timer
11-26 17:39:06.625  1011  1189 D ASH     : @ 363598.797: tcs3701: start power rail timer, state:3
11-26 17:39:06.664  1011  1189 I ASH     : @ 363598.837: tcs3701: stop power rail pending_off timer
11-26 17:39:06.664  1011  1189 D ASH     : @ 363598.837: tcs3701: start power rail timer, state:3
11-26 17:39:06.704  1011  1189 I ASH     : @ 363598.877: tcs3701: stop power rail pending_off timer
11-26 17:39:06.705  1011  1189 D ASH     : @ 363598.877: tcs3701: start power rail timer, state:3
11-26 17:39:06.712  8427  8467 I BatteryMgr:DataCollectionService: stats => 1701016746712,13427,4454,2136,4169000,100
11-26 17:39:06.744  1011  1189 I ASH     : @ 363598.917: tcs3701: stop power rail pending_off timer
11-26 17:39:06.744  1011  1189 D ASH     : @ 363598.917: tcs3701: start power rail timer, state:3
11-26 17:39:06.785  1011  1189 I ASH     : @ 363598.957: tcs3701: stop power rail pending_off timer
11-26 17:39:06.785  1011  1189 D ASH     : @ 363598.957: tcs3701: start power rail timer, state:3
11-26 17:39:06.819  8427  8467 I BatteryMgr:DataCollectionService: stats => 1701016746819,13427,4454,2136,4169000,100
11-26 17:39:06.824  1011  1189 I ASH     : @ 363598.997: tcs3701: stop power rail pending_off timer
11-26 17:39:06.824  1011  1189 D ASH     : @ 363598.997: tcs3701: start power rail timer, state:3
11-26 17:39:06.864  1011  1189 I ASH     : @ 363599.037: tcs3701: stop power rail pending_off timer
11-26 17:39:06.865  1011  1189 D ASH     : @ 363599.037: tcs3701: start power rail timer, state:3
11-26 17:39:06.904  1011  1189 I ASH     : @ 363599.077: tcs3701: stop power rail pending_off timer
11-26 17:39:06.904  1011  1189 D ASH     : @ 363599.077: tcs3701: start power rail timer, state:3
11-26 17:39:06.927  8427  8467 I BatteryMgr:DataCollectionService: stats => 1701016746927,13427,4454,2136,4169000,100
11-26 17:39:06.944  1011  1189 I ASH     : @ 363599.117: tcs3701: stop power rail pending_off timer
11-26 17:39:06.944  1011  1189 D ASH     : @ 363599.117: tcs3701: start power rail timer, state:3
11-26 17:39:06.959  1795  3057 D ActivityManager: freezer override set to true
11-26 17:39:06.963  1795  3057 D ActivityManager: freezer override set to false
11-26 17:39:06.984  1011  1189 I ASH     : @ 363599.157: tcs3701: stop power rail pending_off timer
11-26 17:39:06.984  1011  1189 D ASH     : @ 363599.157: tcs3701: start power rail timer, state:3
11-26 17:39:07.024  1011  1189 I ASH     : @ 363599.197: tcs3701: stop power rail pending_off timer
11-26 17:39:07.024  1011  1189 D ASH     : @ 363599.197: tcs3701: start power rail timer, state:3
11-26 17:39:07.036  8427  8467 I BatteryMgr:DataCollectionService: stats => 1701016747036,13427,4454,2136,4169000,100
11-26 17:39:07.064  1011  1189 I ASH     : @ 363599.237: tcs3701: stop power rail pending_off timer
11-26 17:39:07.064  1011  1189 D ASH     : @ 363599.237: tcs3701: start power rail timer, state:3
11-26 17:39:07.104  1011  1189 I ASH     : @ 363599.277: tcs3701: stop power rail pending_off timer
11-26 17:39:07.104  1011  1189 D ASH     : @ 363599.277: tcs3701: start power rail timer, state:3
11-26 17:39:07.143  8427  8467 I BatteryMgr:DataCollectionService: stats => 1701016747143,13427,4454,2136,4169000,100
11-26 17:39:07.144  1011  1189 I ASH     : @ 363599.317: tcs3701: stop power rail pending_off timer
11-26 17:39:07.144  1011  1189 D ASH     : @ 363599.317: tcs3701: start power rail timer, state:3
11-26 17:39:07.184  1011  1189 I ASH     : @ 363599.357: tcs3701: stop power rail pending_off timer
11-26 17:39:07.184  1011  1189 D ASH     : @ 363599.357: tcs3701: start power rail timer, state:3
11-26 17:39:07.224  1011  1189 I ASH     : @ 363599.397: tcs3701: stop power rail pending_off timer
11-26 17:39:07.224  1011  1189 D ASH     : @ 363599.397: tcs3701: start power rail timer, state:3
11-26 17:39:07.249  8427  8467 I BatteryMgr:DataCollectionService: stats => 1701016747249,13427,4454,2136,4169000,100
11-26 17:39:07.265  1011  1189 I ASH     : @ 363599.437: tcs3701: stop power rail pending_off timer
11-26 17:39:07.265  1011  1189 D ASH     : @ 363599.437: tcs3701: start power rail timer, state:3
11-26 17:39:07.304  1011  1189 I ASH     : @ 363599.477: tcs3701: stop power rail pending_off timer
11-26 17:39:07.304  1011  1189 D ASH     : @ 363599.477: tcs3701: start power rail timer, state:3
11-26 17:39:07.344  1011  1189 I ASH     : @ 363599.517: tcs3701: stop power rail pending_off timer
11-26 17:39:07.344  1011  1189 D ASH     : @ 363599.517: tcs3701: start power rail timer, state:3
11-26 17:39:07.359  8427  8467 I BatteryMgr:DataCollectionService: stats => 1701016747359,13427,4454,2136,4169000,100
11-26 17:39:07.384  1011  1189 I ASH     : @ 363599.557: tcs3701: stop power rail pending_off timer
11-26 17:39:07.384  1011  1189 D ASH     : @ 363599.557: tcs3701: start power rail timer, state:3
11-26 17:39:07.424  1011  1189 I ASH     : @ 363599.597: tcs3701: stop power rail pending_off timer
11-26 17:39:07.424  1011  1189 D ASH     : @ 363599.597: tcs3701: start power rail timer, state:3
11-26 17:39:07.464  1011  1189 I ASH     : @ 363599.637: tcs3701: stop power rail pending_off timer
11-26 17:39:07.464  1011  1189 D ASH     : @ 363599.637: tcs3701: start power rail timer, state:3
11-26 17:39:07.473  8427  8467 I BatteryMgr:DataCollectionService: stats => 1701016747473,13427,4454,2136,4169000,100
11-26 17:39:07.504  1011  1189 I ASH     : @ 363599.677: tcs3701: stop power rail pending_off timer
11-26 17:39:07.504  1011  1189 D ASH     : @ 363599.677: tcs3701: start power rail timer, state:3
11-26 17:39:07.544  1011  1189 I ASH     : @ 363599.717: tcs3701: stop power rail pending_off timer
11-26 17:39:07.544  1011  1189 D ASH     : @ 363599.717: tcs3701: start power rail timer, state:3
11-26 17:39:07.580  8427  8467 I BatteryMgr:DataCollectionService: stats => 1701016747580,13427,4454,2136,4169000,100
11-26 17:39:07.584  1011  1189 I ASH     : @ 363599.757: tcs3701: stop power rail pending_off timer
11-26 17:39:07.584  1011  1189 D ASH     : @ 363599.757: tcs3701: start power rail timer, state:3
11-26 17:39:07.624  1011  1189 I ASH     : @ 363599.797: tcs3701: stop power rail pending_off timer
11-26 17:39:07.625  1011  1189 D ASH     : @ 363599.797: tcs3701: start power rail timer, state:3
11-26 17:39:07.665  1011  1189 I ASH     : @ 363599.837: tcs3701: stop power rail pending_off timer
11-26 17:39:07.665  1011  1189 D ASH     : @ 363599.837: tcs3701: start power rail timer, state:3
11-26 17:39:07.686  8427  8467 I BatteryMgr:DataCollectionService: stats => 1701016747686,13427,4454,2136,4169000,100
11-26 17:39:07.701  1795  3057 D ActivityManager: freezer override set to true
11-26 17:39:07.704  1011  1189 I ASH     : @ 363599.877: tcs3701: stop power rail pending_off timer
11-26 17:39:07.704  1011  1189 D ASH     : @ 363599.877: tcs3701: start power rail timer, state:3
11-26 17:39:07.744  1011  1189 I ASH     : @ 363599.917: tcs3701: stop power rail pending_off timer
11-26 17:39:07.744  1011  1189 D ASH     : @ 363599.917: tcs3701: start power rail timer, state:3
11-26 17:39:07.784  1011  1189 I ASH     : @ 363599.957: tcs3701: stop power rail pending_off timer
11-26 17:39:07.784  1011  1189 D ASH     : @ 363599.957: tcs3701: start power rail timer, state:3
11-26 17:39:07.793  8427  8467 I BatteryMgr:DataCollectionService: stats => 1701016747793,13427,4454,2136,4169000,100
11-26 17:39:07.824  1011  1189 I ASH     : @ 363599.997: tcs3701: stop power rail pending_off timer
11-26 17:39:07.824  1011  1189 D ASH     : @ 363599.997: tcs3701: start power rail timer, state:3
11-26 17:39:07.845 19187 20239 I m.chrome.canary: Explicit concurrent copying GC freed 3825(192KB) AllocSpace objects, 4(80KB) LOS objects, 75% free, 14MB/56MB, paused 95us,24us total 56.348ms
11-26 17:39:07.864  1011  1189 I ASH     : @ 363600.037: tcs3701: stop power rail pending_off timer
11-26 17:39:07.864  1011  1189 D ASH     : @ 363600.037: tcs3701: start power rail timer, state:3
11-26 17:39:07.899  8427  8467 I BatteryMgr:DataCollectionService: stats => 1701016747899,13427,4454,2136,4169000,100
11-26 17:39:07.904  1011  1189 I ASH     : @ 363600.077: tcs3701: stop power rail pending_off timer
11-26 17:39:07.904  1011  1189 D ASH     : @ 363600.077: tcs3701: start power rail timer, state:3
11-26 17:39:07.909  1795  3057 D ActivityManager: freezer override set to false
11-26 17:39:07.944  1011  1189 I ASH     : @ 363600.117: tcs3701: stop power rail pending_off timer
11-26 17:39:07.944  1011  1189 D ASH     : @ 363600.117: tcs3701: start power rail timer, state:3
11-26 17:39:07.962  1795  3057 D ActivityManager: freezer override set to true
11-26 17:39:07.970  1795  4168 D ActivityManager: freezer override set to false
11-26 17:39:07.984  1011  1189 I ASH     : @ 363600.157: tcs3701: stop power rail pending_off timer
11-26 17:39:07.984  1011  1189 D ASH     : @ 363600.157: tcs3701: start power rail timer, state:3
11-26 17:39:08.006  8427  8467 I BatteryMgr:DataCollectionService: stats => 1701016748005,13427,4454,2136,4169000,100
11-26 17:39:08.008  1795  4168 D ActivityManager: freezer override set to true
11-26 17:39:08.012  1795  4168 D ActivityManager: freezer override set to false
11-26 17:39:08.024  1011  1189 I ASH     : @ 363600.197: tcs3701: stop power rail pending_off timer
11-26 17:39:08.024  1011  1189 D ASH     : @ 363600.197: tcs3701: start power rail timer, state:3
11-26 17:39:08.065  1011  1189 I ASH     : @ 363600.237: tcs3701: stop power rail pending_off timer
11-26 17:39:08.065  1011  1189 D ASH     : @ 363600.237: tcs3701: start power rail timer, state:3
11-26 17:39:08.104  1011  1189 I ASH     : @ 363600.277: tcs3701: stop power rail pending_off timer
11-26 17:39:08.104  1011  1189 D ASH     : @ 363600.277: tcs3701: start power rail timer, state:3
11-26 17:39:08.112  1795  2424 D WifiClientModeImpl[13802:wlan0]: updateLinkLayerStatsRssiSpeedFrequencyCapabilities rssi=-51 TxLinkspeed=866 freq=5240 RxLinkSpeed=6
11-26 17:39:08.113  1795  2424 D WifiDataStall: tx tput in kbps: 716648
11-26 17:39:08.114  1795  2424 D WifiDataStall: rx tput in kbps: 754367
11-26 17:39:08.114  1795  2424 V WifiConfigManager: Updating scan detail cache freq=5240 BSSID=f4:6d:2f:12:cc:88 RSSI=-48 for "ourhome"WPA_PSK
11-26 17:39:08.114  1795  2424 D WifiChannelUtilization:  freq: 5240 onTime: 9825727 busyTime: 879845 onTimeDiff: 177871 busyTimeDiff: 23359 utilization: 33 utilization t0: 22
11-26 17:39:08.114  2782  5906 D QCNEJ/WlanStaInfoRelay: Received action: android.net.wifi.RSSI_CHANGED
11-26 17:39:08.114  1795  2424 D WifiDataStall:  ccaLevel = 33
11-26 17:39:08.114  1795  2424 D WifiDataStall: L2 txTputKbps: 716648, rxTputKbps: 754367, L3 txTputKbps: 0, rxTputKbps: 0, TxTrafficHigh: false, RxTrafficHigh: false, Throughput Sufficient: true
11-26 17:39:08.114  1795  2424 D WifiScoreReport: Wifi scoring disabled - Don't check IP layer
11-26 17:39:08.114  2673  2691 V WifiManager: OnWifiUsabilityStatsListener: onWifiUsabilityStats: seqNum=92050
11-26 17:39:08.114  1795  2424 D WifiScoreCard: BSSID update SIGNAL_POLL ID: 1320464697 SSID: "ourhome", BSSID: f4:6d:2f:12:cc:88, MAC: b2:2f:ec:da:4a:0c, IP: /192.168.1.104, Security type: 2, Supplicant state: COMPLETED, Wi-Fi standard: 5, RSSI: -51, Link speed: 866Mbps, Tx Link speed: 866Mbps, Max Supported Tx Link speed: 866Mbps, Rx Link speed: 6Mbps, Max Supported Rx Link speed: 866Mbps, Frequency: 5240MHz, Net ID: 12, Metered hint: false, score: 60, isUsable: true, CarrierMerged: false, SubscriptionId: -1, IsPrimary: 1, Trusted: true, Restricted: false, Ephemeral: false, OEM paid: false, OEM private: false, OSU AP: false, FQDN: <none>, Provider friendly name: <none>, Requesting package name: <none>"ourhome"wpa2-pskMLO Information: , Is TID-To-Link negotiation supported by the AP: false, AP MLD Address: <none>, AP MLO Link Id: <none>, AP MLO Affiliated links: <none>
11-26 17:39:08.114  1795  2424 D WifiScoreCard: txRate: 1 txSpeed: 866
11-26 17:39:08.114  1795  2424 D WifiScoreCard: network update SIGNAL_POLL "ourhome" ID: 1499892569 RSSI -51 txSpeed -1
11-26 17:39:08.115  2513  4457 V WifiManager: TrafficStateCallbackProxy: onStateChanged state=2
11-26 17:39:08.115  1795  2424 D WifiClientModeImpl[13802:wlan0]:  ClientModeImpl$L2ConnectedState screen=on 37 0 "ourhome" f4:6d:2f:12:cc:88 rssi=-51 f=5240 sc=60 link=866 tx=0.3, 0.0, 0.0 rx=0.1 bcn=3436787 [on:55 tx:0 rx:0 period:3014] from screen [on:189746 period:4313401] score=60
11-26 17:39:08.116  1795  4168 I WifiService: updateWifiUsabilityScore uid=10180 seqNum=92050 score=100 predictionHorizonSec=1441795
11-26 17:39:08.118  1795  2424 D WifiScoreReport: Wifi scoring disabled - Notify that Wifi is usable
11-26 17:39:08.125  1795  2432 D ConnectivityService: NetReassign [no changes] [c 0] [a 0] [i 6]
11-26 17:39:08.127  8427  8467 I BatteryMgr:DataCollectionService: stats => 1701016748126,13427,4454,2136,4169000,100
11-26 17:39:08.144  1011  1189 I ASH     : @ 363600.317: tcs3701: stop power rail pending_off timer
11-26 17:39:08.144  1011  1189 D ASH     : @ 363600.317: tcs3701: start power rail timer, state:3
11-26 17:39:08.184  1011  1189 I ASH     : @ 363600.357: tcs3701: stop power rail pending_off timer
11-26 17:39:08.184  1011  1189 D ASH     : @ 363600.357: tcs3701: start power rail timer, state:3
11-26 17:39:08.224  1011  1189 I ASH     : @ 363600.397: tcs3701: stop power rail pending_off timer
11-26 17:39:08.224  1011  1189 D ASH     : @ 363600.397: tcs3701: start power rail timer, state:3
11-26 17:39:08.235  8427  8467 I BatteryMgr:DataCollectionService: stats => 1701016748235,13427,4454,2136,4169000,100
11-26 17:39:08.264  1011  1189 I ASH     : @ 363600.437: tcs3701: stop power rail pending_off timer
11-26 17:39:08.265  1011  1189 D ASH     : @ 363600.437: tcs3701: start power rail timer, state:3
11-26 17:39:08.304  1011  1189 I ASH     : @ 363600.477: tcs3701: stop power rail pending_off timer
11-26 17:39:08.304  1011  1189 D ASH     : @ 363600.477: tcs3701: start power rail timer, state:3
11-26 17:39:08.316  2113  2118 I pixel-thermal: skin-therm-monitor: 38.325
11-26 17:39:08.342  8427  8467 I BatteryMgr:DataCollectionService: stats => 1701016748342,13427,4454,2136,4169000,100
11-26 17:39:08.345  1011  1189 I ASH     : @ 363600.517: tcs3701: stop power rail pending_off timer
11-26 17:39:08.345  1011  1189 D ASH     : @ 363600.517: tcs3701: start power rail timer, state:3
11-26 17:39:08.384  1011  1189 I ASH     : @ 363600.557: tcs3701: stop power rail pending_off timer
11-26 17:39:08.384  1011  1189 D ASH     : @ 363600.557: tcs3701: start power rail timer, state:3
11-26 17:39:08.425  1011  1189 I ASH     : @ 363600.597: tcs3701: stop power rail pending_off timer
11-26 17:39:08.425  1011  1189 D ASH     : @ 363600.597: tcs3701: start power rail timer, state:3
11-26 17:39:08.452  8427  8467 I BatteryMgr:DataCollectionService: stats => 1701016748452,13427,4454,2136,4169000,100
11-26 17:39:08.464  1011  1189 I ASH     : @ 363600.637: tcs3701: stop power rail pending_off timer
11-26 17:39:08.464  1011  1189 D ASH     : @ 363600.637: tcs3701: start power rail timer, state:3
11-26 17:39:08.504  1011  1189 I ASH     : @ 363600.677: tcs3701: stop power rail pending_off timer
11-26 17:39:08.504  1011  1189 D ASH     : @ 363600.677: tcs3701: start power rail timer, state:3
11-26 17:39:08.544  1011  1189 I ASH     : @ 363600.717: tcs3701: stop power rail pending_off timer
11-26 17:39:08.544  1011  1189 D ASH     : @ 363600.717: tcs3701: start power rail timer, state:3
11-26 17:39:08.560  8427  8467 I BatteryMgr:DataCollectionService: stats => 1701016748560,13427,4454,2136,4169000,100
11-26 17:39:08.584  1011  1189 I ASH     : @ 363600.757: tcs3701: stop power rail pending_off timer
11-26 17:39:08.584  1011  1189 D ASH     : @ 363600.757: tcs3701: start power rail timer, state:3
11-26 17:39:08.624  1011  1189 I ASH     : @ 363600.797: tcs3701: stop power rail pending_off timer
11-26 17:39:08.624  1011  1189 D ASH     : @ 363600.797: tcs3701: start power rail timer, state:3
11-26 17:39:08.665  1011  1189 I ASH     : @ 363600.837: tcs3701: stop power rail pending_off timer
11-26 17:39:08.665  1011  1189 D ASH     : @ 363600.837: tcs3701: start power rail timer, state:3
11-26 17:39:08.668  8427  8467 I BatteryMgr:DataCollectionService: stats => 1701016748668,13427,4454,2136,4169000,100
11-26 17:39:08.704  1011  1189 I ASH     : @ 363600.877: tcs3701: stop power rail pending_off timer
11-26 17:39:08.704  1011  1189 D ASH     : @ 363600.877: tcs3701: start power rail timer, state:3
11-26 17:39:08.744  1011  1189 I ASH     : @ 363600.917: tcs3701: stop power rail pending_off timer
11-26 17:39:08.744  1011  1189 D ASH     : @ 363600.917: tcs3701: start power rail timer, state:3
11-26 17:39:08.776  8427  8467 I BatteryMgr:DataCollectionService: stats => 1701016748775,13427,4454,2136,4169000,100
11-26 17:39:08.784  1011  1189 I ASH     : @ 363600.957: tcs3701: stop power rail pending_off timer
11-26 17:39:08.784  1011  1189 D ASH     : @ 363600.957: tcs3701: start power rail timer, state:3
11-26 17:39:08.824  1011  1189 I ASH     : @ 363600.997: tcs3701: stop power rail pending_off timer
11-26 17:39:08.824  1011  1189 D ASH     : @ 363600.997: tcs3701: start power rail timer, state:3
11-26 17:39:08.864  1011  1189 I ASH     : @ 363601.037: tcs3701: stop power rail pending_off timer
11-26 17:39:08.865  1011  1189 D ASH     : @ 363601.037: tcs3701: start power rail timer, state:3
11-26 17:39:08.884  8427  8467 I BatteryMgr:DataCollectionService: stats => 1701016748884,13427,4454,2136,4169000,100
11-26 17:39:08.904  1011  1189 I ASH     : @ 363601.077: tcs3701: stop power rail pending_off timer
11-26 17:39:08.904  1011  1189 D ASH     : @ 363601.077: tcs3701: start power rail timer, state:3
11-26 17:39:08.944  1011  1189 I ASH     : @ 363601.117: tcs3701: stop power rail pending_off timer
11-26 17:39:08.944  1011  1189 D ASH     : @ 363601.117: tcs3701: start power rail timer, state:3
11-26 17:39:08.968  1795  4168 D ActivityManager: freezer override set to true
11-26 17:39:08.973  1795  4168 D ActivityManager: freezer override set to false
11-26 17:39:08.984  1011  1189 I ASH     : @ 363601.157: tcs3701: stop power rail pending_off timer
11-26 17:39:08.984  1011  1189 D ASH     : @ 363601.157: tcs3701: start power rail timer, state:3
11-26 17:39:08.990  8427  8467 I BatteryMgr:DataCollectionService: stats => 1701016748990,13427,4454,2136,4169000,100
11-26 17:39:09.024  1011  1189 I ASH     : @ 363601.197: tcs3701: stop power rail pending_off timer
11-26 17:39:09.024  1011  1189 D ASH     : @ 363601.197: tcs3701: start power rail timer, state:3
11-26 17:39:09.064  1011  1189 I ASH     : @ 363601.237: tcs3701: stop power rail pending_off timer
11-26 17:39:09.065  1011  1189 D ASH     : @ 363601.237: tcs3701: start power rail timer, state:3
11-26 17:39:09.097  8427  8467 I BatteryMgr:DataCollectionService: stats => 1701016749097,13427,4454,2136,4169000,100
11-26 17:39:09.104  1011  1189 I ASH     : @ 363601.277: tcs3701: stop power rail pending_off timer
11-26 17:39:09.104  1011  1189 D ASH     : @ 363601.277: tcs3701: start power rail timer, state:3
11-26 17:39:09.145  1011  1189 I ASH     : @ 363601.317: tcs3701: stop power rail pending_off timer
11-26 17:39:09.145  1011  1189 D ASH     : @ 363601.317: tcs3701: start power rail timer, state:3
11-26 17:39:09.147  1795  4168 D ActivityManager: freezer override set to true
11-26 17:39:09.184  1011  1189 I ASH     : @ 363601.357: tcs3701: stop power rail pending_off timer
11-26 17:39:09.184  1011  1189 D ASH     : @ 363601.357: tcs3701: start power rail timer, state:3
11-26 17:39:09.210  8427  8467 I BatteryMgr:DataCollectionService: stats => 1701016749210,13427,4454,2136,4169000,100
11-26 17:39:09.224  1011  1189 I ASH     : @ 363601.397: tcs3701: stop power rail pending_off timer
11-26 17:39:09.224  1011  1189 D ASH     : @ 363601.397: tcs3701: start power rail timer, state:3
11-26 17:39:09.241 19187 20239 I m.chrome.canary: Explicit concurrent copying GC freed 4052(207KB) AllocSpace objects, 5(100KB) LOS objects, 75% free, 14MB/56MB, paused 33us,27us total 55.180ms
11-26 17:39:09.264  1011  1189 I ASH     : @ 363601.437: tcs3701: stop power rail pending_off timer
11-26 17:39:09.264  1011  1189 D ASH     : @ 363601.437: tcs3701: start power rail timer, state:3
11-26 17:39:09.302  1795  4168 D ActivityManager: freezer override set to false
11-26 17:39:09.304  1011  1189 I ASH     : @ 363601.477: tcs3701: stop power rail pending_off timer
11-26 17:39:09.304  1011  1189 D ASH     : @ 363601.477: tcs3701: start power rail timer, state:3
11-26 17:39:09.314  8427  8467 I BatteryMgr:DataCollectionService: stats => 1701016749314,13427,4454,2136,4169000,100
11-26 17:39:09.339  1795  4168 D ActivityManager: freezer override set to true
11-26 17:39:09.342  1795  4168 D ActivityManager: freezer override set to false
11-26 17:39:09.344  1011  1189 I ASH     : @ 363601.517: tcs3701: stop power rail pending_off timer
11-26 17:39:09.344  1011  1189 D ASH     : @ 363601.517: tcs3701: start power rail timer, state:3
11-26 17:39:09.374  1795  4168 D ActivityManager: freezer override set to true
11-26 17:39:09.376  1795  4168 D ActivityManager: freezer override set to false
11-26 17:39:09.384  1011  1189 I ASH     : @ 363601.557: tcs3701: stop power rail pending_off timer
11-26 17:39:09.384  1011  1189 D ASH     : @ 363601.557: tcs3701: start power rail timer, state:3
11-26 17:39:09.420  8427  8467 I BatteryMgr:DataCollectionService: stats => 1701016749420,13427,4454,2136,4169000,100
11-26 17:39:09.424  1011  1189 I ASH     : @ 363601.597: tcs3701: stop power rail pending_off timer
11-26 17:39:09.424  1011  1189 D ASH     : @ 363601.597: tcs3701: start power rail timer, state:3
11-26 17:39:09.464  1011  1189 I ASH     : @ 363601.637: tcs3701: stop power rail pending_off timer
11-26 17:39:09.464  1011  1189 D ASH     : @ 363601.637: tcs3701: start power rail timer, state:3
11-26 17:39:09.504  1011  1189 I ASH     : @ 363601.677: tcs3701: stop power rail pending_off timer
11-26 17:39:09.504  1011  1189 D ASH     : @ 363601.677: tcs3701: start power rail timer, state:3
11-26 17:39:09.526  8427  8467 I BatteryMgr:DataCollectionService: stats => 1701016749526,13427,4454,2136,4169000,100
11-26 17:39:09.544  1011  1189 I ASH     : @ 363601.717: tcs3701: stop power rail pending_off timer
11-26 17:39:09.544  1011  1189 D ASH     : @ 363601.717: tcs3701: start power rail timer, state:3
11-26 17:39:09.585  1011  1189 I ASH     : @ 363601.757: tcs3701: stop power rail pending_off timer
11-26 17:39:09.585  1011  1189 D ASH     : @ 363601.757: tcs3701: start power rail timer, state:3
11-26 17:39:09.624  1011  1189 I ASH     : @ 363601.797: tcs3701: stop power rail pending_off timer
11-26 17:39:09.625  1011  1189 D ASH     : @ 363601.797: tcs3701: start power rail timer, state:3
11-26 17:39:09.633  8427  8467 I BatteryMgr:DataCollectionService: stats => 1701016749633,13427,4454,2136,4169000,100
11-26 17:39:09.664  1011  1189 I ASH     : @ 363601.837: tcs3701: stop power rail pending_off timer
11-26 17:39:09.664  1011  1189 D ASH     : @ 363601.837: tcs3701: start power rail timer, state:3
11-26 17:39:09.704  1011  1189 I ASH     : @ 363601.877: tcs3701: stop power rail pending_off timer
11-26 17:39:09.704  1011  1189 D ASH     : @ 363601.877: tcs3701: start power rail timer, state:3
11-26 17:39:09.741  8427  8467 I BatteryMgr:DataCollectionService: stats => 1701016749741,13427,4454,2136,4169000,100
11-26 17:39:09.744  1011  1189 I ASH     : @ 363601.917: tcs3701: stop power rail pending_off timer
11-26 17:39:09.745  1011  1189 D ASH     : @ 363601.917: tcs3701: start power rail timer, state:3
11-26 17:39:09.784  1011  1189 I ASH     : @ 363601.957: tcs3701: stop power rail pending_off timer
11-26 17:39:09.784  1011  1189 D ASH     : @ 363601.957: tcs3701: start power rail timer, state:3
11-26 17:39:09.824  1011  1189 I ASH     : @ 363601.997: tcs3701: stop power rail pending_off timer
11-26 17:39:09.824  1011  1189 D ASH     : @ 363601.997: tcs3701: start power rail timer, state:3
11-26 17:39:09.848  8427  8467 I BatteryMgr:DataCollectionService: stats => 1701016749848,13427,4454,2136,4169000,100
11-26 17:39:09.864  1011  1189 I ASH     : @ 363602.037: tcs3701: stop power rail pending_off timer
11-26 17:39:09.864  1011  1189 D ASH     : @ 363602.037: tcs3701: start power rail timer, state:3
11-26 17:39:09.904  1011  1189 I ASH     : @ 363602.077: tcs3701: stop power rail pending_off timer
11-26 17:39:09.904  1011  1189 D ASH     : @ 363602.077: tcs3701: start power rail timer, state:3
11-26 17:39:09.944  1011  1189 I ASH     : @ 363602.117: tcs3701: stop power rail pending_off timer
11-26 17:39:09.944  1011  1189 D ASH     : @ 363602.117: tcs3701: start power rail timer, state:3
11-26 17:39:09.956  8427  8467 I BatteryMgr:DataCollectionService: stats => 1701016749956,13427,4454,2136,4169000,100
11-26 17:39:09.982  1795  4168 D ActivityManager: freezer override set to true
11-26 17:39:09.984  1011  1189 I ASH     : @ 363602.157: tcs3701: stop power rail pending_off timer
11-26 17:39:09.984  1011  1189 D ASH     : @ 363602.157: tcs3701: start power rail timer, state:3
11-26 17:39:09.988  1795  4168 D ActivityManager: freezer override set to false
11-26 17:39:10.024  1011  1189 I ASH     : @ 363602.197: tcs3701: stop power rail pending_off timer
11-26 17:39:10.024  1011  1189 D ASH     : @ 363602.197: tcs3701: start power rail timer, state:3
11-26 17:39:10.064  8427  8467 I BatteryMgr:DataCollectionService: stats => 1701016750064,13427,4454,2136,4169000,100
11-26 17:39:10.065  1011  1189 I ASH     : @ 363602.237: tcs3701: stop power rail pending_off timer
11-26 17:39:10.065  1011  1189 D ASH     : @ 363602.237: tcs3701: start power rail timer, state:3
11-26 17:39:10.104  1011  1189 I ASH     : @ 363602.277: tcs3701: stop power rail pending_off timer
11-26 17:39:10.104  1011  1189 D ASH     : @ 363602.277: tcs3701: start power rail timer, state:3
11-26 17:39:10.144  1011  1189 I ASH     : @ 363602.317: tcs3701: stop power rail pending_off timer
11-26 17:39:10.144  1011  1189 D ASH     : @ 363602.317: tcs3701: start power rail timer, state:3
11-26 17:39:10.172  8427  8467 I BatteryMgr:DataCollectionService: stats => 1701016750172,13427,4454,2136,4169000,100
11-26 17:39:10.184  1011  1189 I ASH     : @ 363602.357: tcs3701: stop power rail pending_off timer
11-26 17:39:10.184  1011  1189 D ASH     : @ 363602.357: tcs3701: start power rail timer, state:3
11-26 17:39:10.225  1011  1189 I ASH     : @ 363602.397: tcs3701: stop power rail pending_off timer
11-26 17:39:10.225  1011  1189 D ASH     : @ 363602.397: tcs3701: start power rail timer, state:3
11-26 17:39:10.265  1011  1189 I ASH     : @ 363602.437: tcs3701: stop power rail pending_off timer
11-26 17:39:10.265  1011  1189 D ASH     : @ 363602.437: tcs3701: start power rail timer, state:3
11-26 17:39:10.279  8427  8467 I BatteryMgr:DataCollectionService: stats => 1701016750279,13427,4454,2136,4169000,100
11-26 17:39:10.304  1011  1189 I ASH     : @ 363602.477: tcs3701: stop power rail pending_off timer
11-26 17:39:10.304  1011  1189 D ASH     : @ 363602.477: tcs3701: start power rail timer, state:3
11-26 17:39:10.344  1011  1189 I ASH     : @ 363602.517: tcs3701: stop power rail pending_off timer
11-26 17:39:10.344  1011  1189 D ASH     : @ 363602.517: tcs3701: start power rail timer, state:3
11-26 17:39:10.384  1011  1189 I ASH     : @ 363602.557: tcs3701: stop power rail pending_off timer
11-26 17:39:10.384  1011  1189 D ASH     : @ 363602.557: tcs3701: start power rail timer, state:3
11-26 17:39:10.387  8427  8467 I BatteryMgr:DataCollectionService: stats => 1701016750387,13427,4454,2136,4169000,100
11-26 17:39:10.424  1011  1189 I ASH     : @ 363602.597: tcs3701: stop power rail pending_off timer
11-26 17:39:10.424  1011  1189 D ASH     : @ 363602.597: tcs3701: start power rail timer, state:3
11-26 17:39:10.464  1011  1189 I ASH     : @ 363602.637: tcs3701: stop power rail pending_off timer
11-26 17:39:10.464  1011  1189 D ASH     : @ 363602.637: tcs3701: start power rail timer, state:3
11-26 17:39:10.496  8427  8467 I BatteryMgr:DataCollectionService: stats => 1701016750496,13427,4454,2136,4169000,100
11-26 17:39:10.497  1795  4168 D ActivityManager: freezer override set to true
11-26 17:39:10.504  1011  1189 I ASH     : @ 363602.677: tcs3701: stop power rail pending_off timer
11-26 17:39:10.504  1011  1189 D ASH     : @ 363602.677: tcs3701: start power rail timer, state:3
11-26 17:39:10.545  1011  1189 I ASH     : @ 363602.717: tcs3701: stop power rail pending_off timer
11-26 17:39:10.545  1011  1189 D ASH     : @ 363602.717: tcs3701: start power rail timer, state:3
11-26 17:39:10.584  1011  1189 I ASH     : @ 363602.757: tcs3701: stop power rail pending_off timer
11-26 17:39:10.584  1011  1189 D ASH     : @ 363602.757: tcs3701: start power rail timer, state:3
11-26 17:39:10.602  8427  8467 I BatteryMgr:DataCollectionService: stats => 1701016750602,13427,4454,2136,4169000,100
11-26 17:39:10.624  1011  1189 I ASH     : @ 363602.797: tcs3701: stop power rail pending_off timer
11-26 17:39:10.624  1011  1189 D ASH     : @ 363602.797: tcs3701: start power rail timer, state:3
11-26 17:39:10.637 19187 20239 I m.chrome.canary: Explicit concurrent copying GC freed 3840(192KB) AllocSpace objects, 4(80KB) LOS objects, 75% free, 14MB/56MB, paused 31us,23us total 55.419ms
11-26 17:39:10.664  1011  1189 I ASH     : @ 363602.837: tcs3701: stop power rail pending_off timer
11-26 17:39:10.665  1011  1189 D ASH     : @ 363602.837: tcs3701: start power rail timer, state:3
11-26 17:39:10.698  1795  4168 D ActivityManager: freezer override set to false
11-26 17:39:10.704  1011  1189 I ASH     : @ 363602.877: tcs3701: stop power rail pending_off timer
11-26 17:39:10.704  1011  1189 D ASH     : @ 363602.877: tcs3701: start power rail timer, state:3
11-26 17:39:10.708  8427  8467 I BatteryMgr:DataCollectionService: stats => 1701016750708,13427,4454,2136,4169000,100
11-26 17:39:10.744  1011  1189 I ASH     : @ 363602.917: tcs3701: stop power rail pending_off timer
11-26 17:39:10.744  1011  1189 D ASH     : @ 363602.917: tcs3701: start power rail timer, state:3
11-26 17:39:10.747  1795  4168 D ActivityManager: freezer override set to true
11-26 17:39:10.752  1795  4168 D ActivityManager: freezer override set to false
11-26 17:39:10.784  1795  4168 D ActivityManager: freezer override set to true
11-26 17:39:10.784  1011  1189 I ASH     : @ 363602.957: tcs3701: stop power rail pending_off timer
11-26 17:39:10.784  1011  1189 D ASH     : @ 363602.957: tcs3701: start power rail timer, state:3
11-26 17:39:10.787  1795  4168 D ActivityManager: freezer override set to false
11-26 17:39:10.816  8427  8467 I BatteryMgr:DataCollectionService: stats => 1701016750815,13427,4454,2136,4169000,100
11-26 17:39:10.824  1011  1189 I ASH     : @ 363602.997: tcs3701: stop power rail pending_off timer
11-26 17:39:10.825  1011  1189 D ASH     : @ 363602.997: tcs3701: start power rail timer, state:3
11-26 17:39:10.864  1011  1189 I ASH     : @ 363603.037: tcs3701: stop power rail pending_off timer
11-26 17:39:10.864  1011  1189 D ASH     : @ 363603.037: tcs3701: start power rail timer, state:3
11-26 17:39:10.904  1011  1189 I ASH     : @ 363603.077: tcs3701: stop power rail pending_off timer
11-26 17:39:10.904  1011  1189 D ASH     : @ 363603.077: tcs3701: start power rail timer, state:3
11-26 17:39:10.923  8427  8467 I BatteryMgr:DataCollectionService: stats => 1701016750923,13427,4454,2136,4169000,100
11-26 17:39:10.944  1011  1189 I ASH     : @ 363603.117: tcs3701: stop power rail pending_off timer
11-26 17:39:10.944  1011  1189 D ASH     : @ 363603.117: tcs3701: start power rail timer, state:3
11-26 17:39:10.958  1795  4168 D ActivityManager: freezer override set to true
11-26 17:39:10.963  1795  4168 D ActivityManager: freezer override set to false
11-26 17:39:10.984  1011  1189 I ASH     : @ 363603.157: tcs3701: stop power rail pending_off timer
11-26 17:39:10.984  1011  1189 D ASH     : @ 363603.157: tcs3701: start power rail timer, state:3
11-26 17:39:11.025  1011  1189 I ASH     : @ 363603.197: tcs3701: stop power rail pending_off timer
11-26 17:39:11.025  1011  1189 D ASH     : @ 363603.197: tcs3701: start power rail timer, state:3
11-26 17:39:11.030  8427  8467 I BatteryMgr:DataCollectionService: stats => 1701016751030,13427,4454,2136,4169000,100
11-26 17:39:11.064  1011  1189 I ASH     : @ 363603.237: tcs3701: stop power rail pending_off timer
11-26 17:39:11.064  1011  1189 D ASH     : @ 363603.237: tcs3701: start power rail timer, state:3
11-26 17:39:11.104  1011  1189 I ASH     : @ 363603.277: tcs3701: stop power rail pending_off timer
11-26 17:39:11.104  1011  1189 D ASH     : @ 363603.277: tcs3701: start power rail timer, state:3
11-26 17:39:11.129  1795  2424 D WifiClientModeImpl[13802:wlan0]: updateLinkLayerStatsRssiSpeedFrequencyCapabilities rssi=-52 TxLinkspeed=866 freq=5240 RxLinkSpeed=6
11-26 17:39:11.130  1795  2424 D WifiDataStall: tx tput in kbps: 716648
11-26 17:39:11.130  1795  2424 D WifiDataStall: rx tput in kbps: 754367
11-26 17:39:11.130  1795  2424 V WifiConfigManager: Updating scan detail cache freq=5240 BSSID=f4:6d:2f:12:cc:88 RSSI=-50 for "ourhome"WPA_PSK
11-26 17:39:11.131  1795  2424 D WifiChannelUtilization:  freq: 5240 onTime: 9825727 busyTime: 879845 onTimeDiff: 177871 busyTimeDiff: 23359 utilization: 33 utilization t0: 22
11-26 17:39:11.131  2673  2691 V WifiManager: OnWifiUsabilityStatsListener: onWifiUsabilityStats: seqNum=92051
11-26 17:39:11.131  1795  2424 D WifiDataStall:  ccaLevel = 33
11-26 17:39:11.131  1795  2424 D WifiDataStall: L2 txTputKbps: 716648, rxTputKbps: 754367, L3 txTputKbps: 0, rxTputKbps: 0, TxTrafficHigh: false, RxTrafficHigh: false, Throughput Sufficient: true
11-26 17:39:11.131  1795  2424 D WifiScoreReport: Wifi scoring disabled - Don't check IP layer
11-26 17:39:11.132  2782  5906 D QCNEJ/WlanStaInfoRelay: Received action: android.net.wifi.RSSI_CHANGED
11-26 17:39:11.132  1795  2424 D WifiScoreCard: BSSID update SIGNAL_POLL ID: 1320464697 SSID: "ourhome", BSSID: f4:6d:2f:12:cc:88, MAC: b2:2f:ec:da:4a:0c, IP: /192.168.1.104, Security type: 2, Supplicant state: COMPLETED, Wi-Fi standard: 5, RSSI: -52, Link speed: 866Mbps, Tx Link speed: 866Mbps, Max Supported Tx Link speed: 866Mbps, Rx Link speed: 6Mbps, Max Supported Rx Link speed: 866Mbps, Frequency: 5240MHz, Net ID: 12, Metered hint: false, score: 60, isUsable: true, CarrierMerged: false, SubscriptionId: -1, IsPrimary: 1, Trusted: true, Restricted: false, Ephemeral: false, OEM paid: false, OEM private: false, OSU AP: false, FQDN: <none>, Provider friendly name: <none>, Requesting package name: <none>"ourhome"wpa2-pskMLO Information: , Is TID-To-Link negotiation supported by the AP: false, AP MLD Address: <none>, AP MLO Link Id: <none>, AP MLO Affiliated links: <none>
11-26 17:39:11.132  1795  2424 D WifiScoreCard: txRate: 1 txSpeed: 866
11-26 17:39:11.132  1795  2424 D WifiScoreCard: network update SIGNAL_POLL "ourhome" ID: 1499892569 RSSI -52 txSpeed -1
11-26 17:39:11.132  2513  4457 V WifiManager: TrafficStateCallbackProxy: onStateChanged state=0
11-26 17:39:11.132  1795  2424 D WifiClientModeImpl[13802:wlan0]:  ClientModeImpl$L2ConnectedState screen=on 37 0 "ourhome" f4:6d:2f:12:cc:88 rssi=-52 f=5240 sc=60 link=866 tx=0.1, 0.0, 0.0 rx=0.0 bcn=3436817 [on:0 tx:0 rx:0 period:3017] from screen [on:189746 period:4316418] score=60
11-26 17:39:11.132  1795  3057 I WifiService: updateWifiUsabilityScore uid=10180 seqNum=92051 score=100 predictionHorizonSec=1441795
11-26 17:39:11.134  1795  2424 D WifiScoreReport: Wifi scoring disabled - Notify that Wifi is usable
11-26 17:39:11.137  1795  2432 D ConnectivityService: NetReassign [no changes] [c 0] [a 0] [i 2]
11-26 17:39:11.139  8427  8467 I BatteryMgr:DataCollectionService: stats => 1701016751139,13427,4454,2136,4169000,100
11-26 17:39:11.144  1011  1189 I ASH     : @ 363603.317: tcs3701: stop power rail pending_off timer
11-26 17:39:11.144  1011  1189 D ASH     : @ 363603.317: tcs3701: start power rail timer, state:3
11-26 17:39:11.184  1011  1189 I ASH     : @ 363603.357: tcs3701: stop power rail pending_off timer
11-26 17:39:11.184  1011  1189 D ASH     : @ 363603.357: tcs3701: start power rail timer, state:3
11-26 17:39:11.202  2113  2118 I pixel-thermal: skin-therm-monitor: 38.315
11-26 17:39:11.224  1011  1189 I ASH     : @ 363603.397: tcs3701: stop power rail pending_off timer
