11-22 23:53:25.533  1011  1189 I ASH     : @ 40457.735: tcs3701: stop power rail pending_off timer
11-22 23:53:25.533  1011  1189 D ASH     : @ 40457.735: tcs3701: start power rail timer, state:3
11-22 23:53:25.537  1795  3658 D ActivityManager: freezer override set to true
11-22 23:53:25.572  1011  1189 I ASH     : @ 40457.775: tcs3701: stop power rail pending_off timer
11-22 23:53:25.572  1011  1189 D ASH     : @ 40457.775: tcs3701: start power rail timer, state:3
11-22 23:53:25.589 29153 31606 I BatteryMgr:DataCollectionService: stats => 1700693605589,13122,4446,5493,4169000,100
11-22 23:53:25.590 29153 29184 I BatteryMgr:DataCollectionService: stats => 1700693605590,13122,4446,5493,4169000,100
11-22 23:53:25.612  1011  1189 I ASH     : @ 40457.815: tcs3701: stop power rail pending_off timer
11-22 23:53:25.612  1011  1189 D ASH     : @ 40457.815: tcs3701: start power rail timer, state:3
11-22 23:53:25.652  1011  1189 I ASH     : @ 40457.855: tcs3701: stop power rail pending_off timer
11-22 23:53:25.652  1011  1189 D ASH     : @ 40457.855: tcs3701: start power rail timer, state:3
11-22 23:53:25.692  1011  1189 I ASH     : @ 40457.895: tcs3701: stop power rail pending_off timer
11-22 23:53:25.692  1011  1189 D ASH     : @ 40457.895: tcs3701: start power rail timer, state:3
11-22 23:53:25.696 29153 31606 I BatteryMgr:DataCollectionService: stats => 1700693605696,13122,4446,5493,4169000,100
11-22 23:53:25.696 29153 29184 I BatteryMgr:DataCollectionService: stats => 1700693605696,13122,4446,5493,4169000,100
11-22 23:53:25.731  1011  1189 I ASH     : @ 40457.935: tcs3701: stop power rail pending_off timer
11-22 23:53:25.732  1011  1189 D ASH     : @ 40457.935: tcs3701: start power rail timer, state:3
11-22 23:53:25.772  1011  1189 I ASH     : @ 40457.975: tcs3701: stop power rail pending_off timer
11-22 23:53:25.772  1011  1189 D ASH     : @ 40457.975: tcs3701: start power rail timer, state:3
11-22 23:53:25.782  9145  9250 I m.chrome.canary: Explicit concurrent copying GC freed 3907(207KB) AllocSpace objects, 4(80KB) LOS objects, 75% free, 11MB/44MB, paused 73us,61us total 125.905ms
11-22 23:53:25.804 29153 29184 I BatteryMgr:DataCollectionService: stats => 1700693605804,13122,4446,5493,4169000,100
11-22 23:53:25.805 29153 31606 I BatteryMgr:DataCollectionService: stats => 1700693605805,13122,4446,5493,4169000,100
11-22 23:53:25.812  1011  1189 I ASH     : @ 40458.015: tcs3701: stop power rail pending_off timer
11-22 23:53:25.812  1011  1189 D ASH     : @ 40458.015: tcs3701: start power rail timer, state:3
11-22 23:53:25.839  1795  3001 D ActivityManager: freezer override set to false
11-22 23:53:25.853  1011  1189 I ASH     : @ 40458.055: tcs3701: stop power rail pending_off timer
11-22 23:53:25.853  1011  1189 D ASH     : @ 40458.055: tcs3701: start power rail timer, state:3
11-22 23:53:25.876  1795  3001 D ActivityManager: freezer override set to true
11-22 23:53:25.880  1795  3001 D ActivityManager: freezer override set to false
11-22 23:53:25.891  1011  1189 I ASH     : @ 40458.095: tcs3701: stop power rail pending_off timer
11-22 23:53:25.892  1011  1189 D ASH     : @ 40458.095: tcs3701: start power rail timer, state:3
11-22 23:53:25.913 29153 31606 I BatteryMgr:DataCollectionService: stats => 1700693605913,13122,4446,5493,4169000,100
11-22 23:53:25.913 29153 29184 I BatteryMgr:DataCollectionService: stats => 1700693605913,13122,4446,5493,4169000,100
11-22 23:53:25.932  1011  1189 I ASH     : @ 40458.135: tcs3701: stop power rail pending_off timer
11-22 23:53:25.932  1011  1189 D ASH     : @ 40458.135: tcs3701: start power rail timer, state:3
11-22 23:53:25.972  1011  1189 I ASH     : @ 40458.175: tcs3701: stop power rail pending_off timer
11-22 23:53:25.972  1011  1189 D ASH     : @ 40458.175: tcs3701: start power rail timer, state:3
11-22 23:53:26.012  1011  1189 I ASH     : @ 40458.215: tcs3701: stop power rail pending_off timer
11-22 23:53:26.012  1011  1189 D ASH     : @ 40458.215: tcs3701: start power rail timer, state:3
11-22 23:53:26.020 29153 31606 I BatteryMgr:DataCollectionService: stats => 1700693606020,13122,4446,5493,4169000,100
11-22 23:53:26.021 29153 29184 I BatteryMgr:DataCollectionService: stats => 1700693606021,13122,4446,5493,4169000,100
11-22 23:53:26.052  1011  1189 I ASH     : @ 40458.255: tcs3701: stop power rail pending_off timer
11-22 23:53:26.053  1011  1189 D ASH     : @ 40458.255: tcs3701: start power rail timer, state:3
11-22 23:53:26.092  1011  1189 I ASH     : @ 40458.295: tcs3701: stop power rail pending_off timer
11-22 23:53:26.092  1011  1189 D ASH     : @ 40458.295: tcs3701: start power rail timer, state:3
11-22 23:53:26.127 29153 29184 I BatteryMgr:DataCollectionService: stats => 1700693606127,13122,4446,5493,4169000,100
11-22 23:53:26.128 29153 31606 I BatteryMgr:DataCollectionService: stats => 1700693606128,13122,4446,5493,4169000,100
11-22 23:53:26.132  1011  1189 I ASH     : @ 40458.335: tcs3701: stop power rail pending_off timer
11-22 23:53:26.132  1011  1189 D ASH     : @ 40458.335: tcs3701: start power rail timer, state:3
11-22 23:53:26.172  1011  1189 I ASH     : @ 40458.375: tcs3701: stop power rail pending_off timer
11-22 23:53:26.172  1011  1189 D ASH     : @ 40458.375: tcs3701: start power rail timer, state:3
11-22 23:53:26.212  1011  1189 I ASH     : @ 40458.415: tcs3701: stop power rail pending_off timer
11-22 23:53:26.212  1011  1189 D ASH     : @ 40458.415: tcs3701: start power rail timer, state:3
11-22 23:53:26.233 29153 31606 I BatteryMgr:DataCollectionService: stats => 1700693606233,13122,4446,5493,4169000,100
11-22 23:53:26.234 29153 29184 I BatteryMgr:DataCollectionService: stats => 1700693606234,13122,4446,5493,4169000,100
11-22 23:53:26.252  1011  1189 I ASH     : @ 40458.455: tcs3701: stop power rail pending_off timer
11-22 23:53:26.252  1011  1189 D ASH     : @ 40458.455: tcs3701: start power rail timer, state:3
11-22 23:53:26.291  1011  1189 I ASH     : @ 40458.495: tcs3701: stop power rail pending_off timer
11-22 23:53:26.292  1011  1189 D ASH     : @ 40458.495: tcs3701: start power rail timer, state:3
11-22 23:53:26.332  1011  1189 I ASH     : @ 40458.535: tcs3701: stop power rail pending_off timer
11-22 23:53:26.332  1011  1189 D ASH     : @ 40458.535: tcs3701: start power rail timer, state:3
11-22 23:53:26.338 29153 29184 I BatteryMgr:DataCollectionService: stats => 1700693606338,13122,4446,5493,4169000,100
11-22 23:53:26.340 29153 31606 I BatteryMgr:DataCollectionService: stats => 1700693606340,13122,4446,5493,4169000,100
11-22 23:53:26.372  1011  1189 I ASH     : @ 40458.575: tcs3701: stop power rail pending_off timer
11-22 23:53:26.372  1011  1189 D ASH     : @ 40458.575: tcs3701: start power rail timer, state:3
11-22 23:53:26.412  1011  1189 I ASH     : @ 40458.615: tcs3701: stop power rail pending_off timer
11-22 23:53:26.412  1011  1189 D ASH     : @ 40458.615: tcs3701: start power rail timer, state:3
11-22 23:53:26.444 29153 29184 I BatteryMgr:DataCollectionService: stats => 1700693606444,13122,4446,5493,4169000,100
11-22 23:53:26.446 29153 31606 I BatteryMgr:DataCollectionService: stats => 1700693606446,13122,4446,5493,4169000,100
11-22 23:53:26.451  1011  1189 I ASH     : @ 40458.655: tcs3701: stop power rail pending_off timer
11-22 23:53:26.452  1011  1189 D ASH     : @ 40458.655: tcs3701: start power rail timer, state:3
11-22 23:53:26.476  1795  2424 D WifiClientModeImpl[13802:wlan0]: updateLinkLayerStatsRssiSpeedFrequencyCapabilities rssi=-45 TxLinkspeed=866 freq=5240 RxLinkSpeed=866
11-22 23:53:26.476  1795  2424 D WifiDataStall: tx tput in kbps: 784812
11-22 23:53:26.476  1795  2424 D WifiDataStall: rx tput in kbps: 784812
11-22 23:53:26.476  1795  2424 V WifiConfigManager: Updating scan detail cache freq=5240 BSSID=f4:6d:2f:12:cc:88 RSSI=-44 for "ourhome"WPA_PSK
11-22 23:53:26.476  1795  2424 D WifiChannelUtilization:  freq: 5240 onTime: 1120418 busyTime: 109575 onTimeDiff: 1120123 busyTimeDiff: 109558 utilization: 24 utilization t0: 24
11-22 23:53:26.476  1795  2424 D WifiDataStall:  ccaLevel = 24
11-22 23:53:26.476  1795  2424 D WifiDataStall: L2 txTputKbps: 588609, rxTputKbps: 784812, L3 txTputKbps: 110, rxTputKbps: 2, TxTrafficHigh: true, RxTrafficHigh: true, Throughput Sufficient: true
11-22 23:53:26.476  1795  2424 D WifiScoreReport: Wifi scoring disabled - Don't check IP layer
11-22 23:53:26.476  3213  8092 V WifiManager: OnWifiUsabilityStatsListener: onWifiUsabilityStats: seqNum=13377
11-22 23:53:26.477  1795  2424 D WifiScoreCard: BSSID update SIGNAL_POLL ID: 1320464697 SSID: "ourhome", BSSID: f4:6d:2f:12:cc:88, MAC: b2:2f:ec:da:4a:0c, IP: /192.168.1.104, Security type: 2, Supplicant state: COMPLETED, Wi-Fi standard: 5, RSSI: -45, Link speed: 866Mbps, Tx Link speed: 866Mbps, Max Supported Tx Link speed: 866Mbps, Rx Link speed: 866Mbps, Max Supported Rx Link speed: 866Mbps, Frequency: 5240MHz, Net ID: 12, Metered hint: false, score: 60, isUsable: true, CarrierMerged: false, SubscriptionId: -1, IsPrimary: 1, Trusted: true, Restricted: false, Ephemeral: false, OEM paid: false, OEM private: false, OSU AP: false, FQDN: <none>, Provider friendly name: <none>, Requesting package name: <none>"ourhome"wpa2-pskMLO Information: , Is TID-To-Link negotiation supported by the AP: false, AP MLD Address: <none>, AP MLO Link Id: <none>, AP MLO Affiliated links: <none>
11-22 23:53:26.477  1795  2424 D WifiScoreCard: txRate: 6 txSpeed: 866
11-22 23:53:26.477  1795  2424 D WifiScoreCard: network update SIGNAL_POLL "ourhome" ID: 1499892569 RSSI -45 txSpeed 866
11-22 23:53:26.477  1795  2424 D WifiClientModeImpl[13802:wlan0]:  ClientModeImpl$L2ConnectedState screen=on 3 0 "ourhome" f4:6d:2f:12:cc:88 rssi=-45 f=5240 sc=60 link=866 tx=4.3, 1.1, 0.0 rx=2.7 bcn=377113 [on:169 tx:3 rx:1 period:3012] from screen [on:180928 period:3968256] score=60
11-22 23:53:26.477  1795  3658 I WifiService: updateWifiUsabilityScore uid=10180 seqNum=13377 score=100 predictionHorizonSec=1441795
11-22 23:53:26.478  1795  2424 D WifiScoreReport: Wifi scoring disabled - Notify that Wifi is usable
11-22 23:53:26.480  1795  2432 D ConnectivityService: NetReassign [no changes] [c 0] [a 0] [i 2]
11-22 23:53:26.492  1011  1189 I ASH     : @ 40458.695: tcs3701: stop power rail pending_off timer
11-22 23:53:26.492  1011  1189 D ASH     : @ 40458.695: tcs3701: start power rail timer, state:3
11-22 23:53:26.528  1795  3658 D ActivityManager: freezer override set to true
11-22 23:53:26.532  1011  1189 I ASH     : @ 40458.735: tcs3701: stop power rail pending_off timer
11-22 23:53:26.532  1011  1189 D ASH     : @ 40458.735: tcs3701: start power rail timer, state:3
11-22 23:53:26.532  1795  3658 D ActivityManager: freezer override set to false
11-22 23:53:26.549 29153 31606 I BatteryMgr:DataCollectionService: stats => 1700693606549,13122,4446,5493,4169000,100
11-22 23:53:26.551 29153 29184 I BatteryMgr:DataCollectionService: stats => 1700693606551,13122,4446,5493,4169000,100
11-22 23:53:26.572  1011  1189 I ASH     : @ 40458.775: tcs3701: stop power rail pending_off timer
11-22 23:53:26.572  1011  1189 D ASH     : @ 40458.775: tcs3701: start power rail timer, state:3
11-22 23:53:26.612  1011  1189 I ASH     : @ 40458.815: tcs3701: stop power rail pending_off timer
11-22 23:53:26.612  1011  1189 D ASH     : @ 40458.815: tcs3701: start power rail timer, state:3
11-22 23:53:26.652  1011  1189 I ASH     : @ 40458.855: tcs3701: stop power rail pending_off timer
11-22 23:53:26.652  1011  1189 D ASH     : @ 40458.855: tcs3701: start power rail timer, state:3
11-22 23:53:26.655 29153 31606 I BatteryMgr:DataCollectionService: stats => 1700693606655,13122,4446,5493,4169000,100
11-22 23:53:26.658 29153 29184 I BatteryMgr:DataCollectionService: stats => 1700693606658,13122,4446,5493,4169000,100
11-22 23:53:26.692  1011  1189 I ASH     : @ 40458.895: tcs3701: stop power rail pending_off timer
11-22 23:53:26.692  1011  1189 D ASH     : @ 40458.895: tcs3701: start power rail timer, state:3
11-22 23:53:26.732  1011  1189 I ASH     : @ 40458.935: tcs3701: stop power rail pending_off timer
11-22 23:53:26.732  1011  1189 D ASH     : @ 40458.935: tcs3701: start power rail timer, state:3
11-22 23:53:26.762 29153 31606 I BatteryMgr:DataCollectionService: stats => 1700693606762,13122,4446,5493,4169000,100
11-22 23:53:26.762 29153 29184 I BatteryMgr:DataCollectionService: stats => 1700693606762,13122,4446,5493,4169000,100
11-22 23:53:26.772  1011  1189 I ASH     : @ 40458.975: tcs3701: stop power rail pending_off timer
11-22 23:53:26.772  1011  1189 D ASH     : @ 40458.975: tcs3701: start power rail timer, state:3
11-22 23:53:26.812  1011  1189 I ASH     : @ 40459.015: tcs3701: stop power rail pending_off timer
11-22 23:53:26.812  1011  1189 D ASH     : @ 40459.015: tcs3701: start power rail timer, state:3
11-22 23:53:26.852  1011  1189 I ASH     : @ 40459.055: tcs3701: stop power rail pending_off timer
11-22 23:53:26.852  1011  1189 D ASH     : @ 40459.055: tcs3701: start power rail timer, state:3
11-22 23:53:26.868 29153 31606 I BatteryMgr:DataCollectionService: stats => 1700693606868,13122,4446,5493,4169000,100
11-22 23:53:26.868 29153 29184 I BatteryMgr:DataCollectionService: stats => 1700693606868,13122,4446,5493,4169000,100
11-22 23:53:26.892  1011  1189 I ASH     : @ 40459.095: tcs3701: stop power rail pending_off timer
11-22 23:53:26.892  1011  1189 D ASH     : @ 40459.095: tcs3701: start power rail timer, state:3
11-22 23:53:26.932  1011  1189 I ASH     : @ 40459.135: tcs3701: stop power rail pending_off timer
11-22 23:53:26.932  1011  1189 D ASH     : @ 40459.135: tcs3701: start power rail timer, state:3
11-22 23:53:26.972  1011  1189 I ASH     : @ 40459.175: tcs3701: stop power rail pending_off timer
11-22 23:53:26.972  1011  1189 D ASH     : @ 40459.175: tcs3701: start power rail timer, state:3
11-22 23:53:26.975 29153 29184 I BatteryMgr:DataCollectionService: stats => 1700693606975,13122,4446,5493,4169000,100
11-22 23:53:26.976 29153 31606 I BatteryMgr:DataCollectionService: stats => 1700693606975,13122,4446,5493,4169000,100
11-22 23:53:27.011  1011  1189 I ASH     : @ 40459.215: tcs3701: stop power rail pending_off timer
11-22 23:53:27.012  1011  1189 D ASH     : @ 40459.215: tcs3701: start power rail timer, state:3
11-22 23:53:27.019  1795  3001 D ActivityManager: freezer override set to true
11-22 23:53:27.052  1011  1189 I ASH     : @ 40459.255: tcs3701: stop power rail pending_off timer
11-22 23:53:27.052  1011  1189 D ASH     : @ 40459.255: tcs3701: start power rail timer, state:3
11-22 23:53:27.083 29153 29184 I BatteryMgr:DataCollectionService: stats => 1700693607083,13122,4446,5493,4169000,100
11-22 23:53:27.084 29153 31606 I BatteryMgr:DataCollectionService: stats => 1700693607084,13122,4446,5493,4169000,100
11-22 23:53:27.092  1011  1189 I ASH     : @ 40459.295: tcs3701: stop power rail pending_off timer
11-22 23:53:27.092  1011  1189 D ASH     : @ 40459.295: tcs3701: start power rail timer, state:3
11-22 23:53:27.132  1011  1189 I ASH     : @ 40459.335: tcs3701: stop power rail pending_off timer
11-22 23:53:27.132  1011  1189 D ASH     : @ 40459.335: tcs3701: start power rail timer, state:3
11-22 23:53:27.171  1011  1189 I ASH     : @ 40459.375: tcs3701: stop power rail pending_off timer
11-22 23:53:27.172  1011  1189 D ASH     : @ 40459.375: tcs3701: start power rail timer, state:3
11-22 23:53:27.189 29153 29184 I BatteryMgr:DataCollectionService: stats => 1700693607189,13122,4446,5493,4169000,100
11-22 23:53:27.190 29153 31606 I BatteryMgr:DataCollectionService: stats => 1700693607190,13122,4446,5493,4169000,100
11-22 23:53:27.206  9145  9250 I m.chrome.canary: Explicit concurrent copying GC freed 3660(192KB) AllocSpace objects, 3(60KB) LOS objects, 75% free, 11MB/44MB, paused 76us,48us total 123.479ms
11-22 23:53:27.212  1011  1189 I ASH     : @ 40459.415: tcs3701: stop power rail pending_off timer
11-22 23:53:27.212  1011  1189 D ASH     : @ 40459.415: tcs3701: start power rail timer, state:3
11-22 23:53:27.252  1011  1189 I ASH     : @ 40459.455: tcs3701: stop power rail pending_off timer
11-22 23:53:27.252  1011  1189 D ASH     : @ 40459.455: tcs3701: start power rail timer, state:3
11-22 23:53:27.263  1795  3001 D ActivityManager: freezer override set to false
11-22 23:53:27.292  1011  1189 I ASH     : @ 40459.495: tcs3701: stop power rail pending_off timer
11-22 23:53:27.292  1011  1189 D ASH     : @ 40459.495: tcs3701: start power rail timer, state:3
11-22 23:53:27.296 29153 31606 I BatteryMgr:DataCollectionService: stats => 1700693607296,13122,4446,5493,4169000,100
11-22 23:53:27.298 29153 29184 I BatteryMgr:DataCollectionService: stats => 1700693607298,13122,4446,5493,4169000,100
11-22 23:53:27.311  1795  3001 D ActivityManager: freezer override set to true
11-22 23:53:27.314  1795  3001 D ActivityManager: freezer override set to false
11-22 23:53:27.333  1011  1189 I ASH     : @ 40459.535: tcs3701: stop power rail pending_off timer
11-22 23:53:27.333  1011  1189 D ASH     : @ 40459.535: tcs3701: start power rail timer, state:3
11-22 23:53:27.372  1011  1189 I ASH     : @ 40459.575: tcs3701: stop power rail pending_off timer
11-22 23:53:27.372  1011  1189 D ASH     : @ 40459.575: tcs3701: start power rail timer, state:3
11-22 23:53:27.403 29153 31606 I BatteryMgr:DataCollectionService: stats => 1700693607403,13122,4446,5493,4169000,100
11-22 23:53:27.405 29153 29184 I BatteryMgr:DataCollectionService: stats => 1700693607405,13122,4446,5493,4169000,100
11-22 23:53:27.412  1011  1189 I ASH     : @ 40459.615: tcs3701: stop power rail pending_off timer
11-22 23:53:27.412  1011  1189 D ASH     : @ 40459.615: tcs3701: start power rail timer, state:3
11-22 23:53:27.451  1011  1189 I ASH     : @ 40459.655: tcs3701: stop power rail pending_off timer
11-22 23:53:27.452  1011  1189 D ASH     : @ 40459.655: tcs3701: start power rail timer, state:3
11-22 23:53:27.492  1011  1189 I ASH     : @ 40459.695: tcs3701: stop power rail pending_off timer
11-22 23:53:27.492  1011  1189 D ASH     : @ 40459.695: tcs3701: start power rail timer, state:3
11-22 23:53:27.509 29153 31606 I BatteryMgr:DataCollectionService: stats => 1700693607509,13122,4446,5493,4169000,100
11-22 23:53:27.510 29153 29184 I BatteryMgr:DataCollectionService: stats => 1700693607510,13122,4446,5493,4169000,100
11-22 23:53:27.530  1795  3001 D ActivityManager: freezer override set to true
11-22 23:53:27.532  1011  1189 I ASH     : @ 40459.735: tcs3701: stop power rail pending_off timer
11-22 23:53:27.532  1011  1189 D ASH     : @ 40459.735: tcs3701: start power rail timer, state:3
11-22 23:53:27.535  1795  3001 D ActivityManager: freezer override set to false
11-22 23:53:27.572  1011  1189 I ASH     : @ 40459.775: tcs3701: stop power rail pending_off timer
11-22 23:53:27.572  1011  1189 D ASH     : @ 40459.775: tcs3701: start power rail timer, state:3
11-22 23:53:27.612  1011  1189 I ASH     : @ 40459.815: tcs3701: stop power rail pending_off timer
11-22 23:53:27.612  1011  1189 D ASH     : @ 40459.815: tcs3701: start power rail timer, state:3
11-22 23:53:27.618 29153 29187 I BatteryMgr:DataCollectionService: stats => 1700693607617,13122,4446,5493,4169000,100
11-22 23:53:27.618 29153 31606 I BatteryMgr:DataCollectionService: stats => 1700693607618,13122,4446,5493,4169000,100
11-22 23:53:27.652  1011  1189 I ASH     : @ 40459.855: tcs3701: stop power rail pending_off timer
11-22 23:53:27.652  1011  1189 D ASH     : @ 40459.855: tcs3701: start power rail timer, state:3
11-22 23:53:27.692  1011  1189 I ASH     : @ 40459.895: tcs3701: stop power rail pending_off timer
11-22 23:53:27.692  1011  1189 D ASH     : @ 40459.895: tcs3701: start power rail timer, state:3
11-22 23:53:27.723 29153 31606 I BatteryMgr:DataCollectionService: stats => 1700693607723,13122,4446,5493,4169000,100
11-22 23:53:27.724 29153 29187 I BatteryMgr:DataCollectionService: stats => 1700693607724,13122,4446,5493,4169000,100
11-22 23:53:27.732  1011  1189 I ASH     : @ 40459.935: tcs3701: stop power rail pending_off timer
11-22 23:53:27.732  1011  1189 D ASH     : @ 40459.935: tcs3701: start power rail timer, state:3
11-22 23:53:27.771  1011  1189 I ASH     : @ 40459.975: tcs3701: stop power rail pending_off timer
11-22 23:53:27.772  1011  1189 D ASH     : @ 40459.975: tcs3701: start power rail timer, state:3
11-22 23:53:27.812  1011  1189 I ASH     : @ 40460.015: tcs3701: stop power rail pending_off timer
11-22 23:53:27.812  1011  1189 D ASH     : @ 40460.015: tcs3701: start power rail timer, state:3
11-22 23:53:27.829 29153 29187 I BatteryMgr:DataCollectionService: stats => 1700693607829,13122,4446,5493,4169000,100
11-22 23:53:27.829 29153 31606 I BatteryMgr:DataCollectionService: stats => 1700693607829,13122,4446,5493,4169000,100
11-22 23:53:27.852  1011  1189 I ASH     : @ 40460.055: tcs3701: stop power rail pending_off timer
11-22 23:53:27.852  1011  1189 D ASH     : @ 40460.055: tcs3701: start power rail timer, state:3
11-22 23:53:27.892  1011  1189 I ASH     : @ 40460.095: tcs3701: stop power rail pending_off timer
11-22 23:53:27.892  1011  1189 D ASH     : @ 40460.095: tcs3701: start power rail timer, state:3
11-22 23:53:27.932  1011  1189 I ASH     : @ 40460.135: tcs3701: stop power rail pending_off timer
11-22 23:53:27.932  1011  1189 D ASH     : @ 40460.135: tcs3701: start power rail timer, state:3
11-22 23:53:27.934 29153 29187 I BatteryMgr:DataCollectionService: stats => 1700693607934,13122,4446,5493,4169000,100
11-22 23:53:27.935 29153 31606 I BatteryMgr:DataCollectionService: stats => 1700693607935,13122,4446,5493,4169000,100
11-22 23:53:27.972  1011  1189 I ASH     : @ 40460.175: tcs3701: stop power rail pending_off timer
11-22 23:53:27.972  1011  1189 D ASH     : @ 40460.175: tcs3701: start power rail timer, state:3
11-22 23:53:28.012  1011  1189 I ASH     : @ 40460.215: tcs3701: stop power rail pending_off timer
11-22 23:53:28.012  1011  1189 D ASH     : @ 40460.215: tcs3701: start power rail timer, state:3
11-22 23:53:28.041 29153 31606 I BatteryMgr:DataCollectionService: stats => 1700693608041,13122,4446,5493,4169000,100
11-22 23:53:28.042 29153 29187 I BatteryMgr:DataCollectionService: stats => 1700693608042,13122,4446,5493,4169000,100
11-22 23:53:28.052  1011  1189 I ASH     : @ 40460.255: tcs3701: stop power rail pending_off timer
11-22 23:53:28.052  1011  1189 D ASH     : @ 40460.255: tcs3701: start power rail timer, state:3
11-22 23:53:28.091  1011  1189 I ASH     : @ 40460.295: tcs3701: stop power rail pending_off timer
11-22 23:53:28.092  1011  1189 D ASH     : @ 40460.295: tcs3701: start power rail timer, state:3
11-22 23:53:28.132  1011  1189 I ASH     : @ 40460.335: tcs3701: stop power rail pending_off timer
11-22 23:53:28.132  1011  1189 D ASH     : @ 40460.335: tcs3701: start power rail timer, state:3
11-22 23:53:28.147 29153 31606 I BatteryMgr:DataCollectionService: stats => 1700693608147,13122,4446,5493,4169000,100
11-22 23:53:28.147 29153 29187 I BatteryMgr:DataCollectionService: stats => 1700693608147,13122,4446,5493,4169000,100
11-22 23:53:28.172  1011  1189 I ASH     : @ 40460.375: tcs3701: stop power rail pending_off timer
11-22 23:53:28.172  1011  1189 D ASH     : @ 40460.375: tcs3701: start power rail timer, state:3
11-22 23:53:28.212  1011  1189 I ASH     : @ 40460.415: tcs3701: stop power rail pending_off timer
11-22 23:53:28.212  1011  1189 D ASH     : @ 40460.415: tcs3701: start power rail timer, state:3
11-22 23:53:28.252  1011  1189 I ASH     : @ 40460.455: tcs3701: stop power rail pending_off timer
11-22 23:53:28.252  1011  1189 D ASH     : @ 40460.455: tcs3701: start power rail timer, state:3
11-22 23:53:28.253 29153 31606 I BatteryMgr:DataCollectionService: stats => 1700693608253,13122,4446,5493,4169000,100
11-22 23:53:28.254 29153 29187 I BatteryMgr:DataCollectionService: stats => 1700693608254,13122,4446,5493,4169000,100
11-22 23:53:28.292  1011  1189 I ASH     : @ 40460.495: tcs3701: stop power rail pending_off timer
11-22 23:53:28.292  1011  1189 D ASH     : @ 40460.495: tcs3701: start power rail timer, state:3
11-22 23:53:28.332  1011  1189 I ASH     : @ 40460.535: tcs3701: stop power rail pending_off timer
11-22 23:53:28.332  1011  1189 D ASH     : @ 40460.535: tcs3701: start power rail timer, state:3
11-22 23:53:28.361 29153 31606 I BatteryMgr:DataCollectionService: stats => 1700693608361,13122,4446,5493,4169000,100
11-22 23:53:28.362 29153 29187 I BatteryMgr:DataCollectionService: stats => 1700693608362,13122,4446,5493,4169000,100
11-22 23:53:28.372  1011  1189 I ASH     : @ 40460.575: tcs3701: stop power rail pending_off timer
11-22 23:53:28.372  1011  1189 D ASH     : @ 40460.575: tcs3701: start power rail timer, state:3
11-22 23:53:28.412  1011  1189 I ASH     : @ 40460.615: tcs3701: stop power rail pending_off timer
11-22 23:53:28.412  1011  1189 D ASH     : @ 40460.615: tcs3701: start power rail timer, state:3
11-22 23:53:28.452  1011  1189 I ASH     : @ 40460.655: tcs3701: stop power rail pending_off timer
11-22 23:53:28.452  1011  1189 D ASH     : @ 40460.655: tcs3701: start power rail timer, state:3
11-22 23:53:28.461  1795  3001 D ActivityManager: freezer override set to true
11-22 23:53:28.469 29153 29187 I BatteryMgr:DataCollectionService: stats => 1700693608469,13122,4446,5493,4169000,100
11-22 23:53:28.469 29153 31606 I BatteryMgr:DataCollectionService: stats => 1700693608469,13122,4446,5493,4169000,100
11-22 23:53:28.492  1011  1189 I ASH     : @ 40460.695: tcs3701: stop power rail pending_off timer
11-22 23:53:28.492  1011  1189 D ASH     : @ 40460.695: tcs3701: start power rail timer, state:3
11-22 23:53:28.532  1011  1189 I ASH     : @ 40460.735: tcs3701: stop power rail pending_off timer
11-22 23:53:28.532  1011  1189 D ASH     : @ 40460.735: tcs3701: start power rail timer, state:3
11-22 23:53:28.563  9145  9250 I m.chrome.canary: Explicit concurrent copying GC freed 3654(207KB) AllocSpace objects, 3(60KB) LOS objects, 75% free, 11MB/44MB, paused 35us,25us total 45.006ms
11-22 23:53:28.572  1011  1189 I ASH     : @ 40460.775: tcs3701: stop power rail pending_off timer
11-22 23:53:28.572  1011  1189 D ASH     : @ 40460.775: tcs3701: start power rail timer, state:3
11-22 23:53:28.577 29153 29187 I BatteryMgr:DataCollectionService: stats => 1700693608577,13122,4446,5493,4169000,100
11-22 23:53:28.577 29153 31606 I BatteryMgr:DataCollectionService: stats => 1700693608577,13122,4446,5493,4169000,100
11-22 23:53:28.612  1011  1189 I ASH     : @ 40460.815: tcs3701: stop power rail pending_off timer
11-22 23:53:28.612  1011  1189 D ASH     : @ 40460.815: tcs3701: start power rail timer, state:3
11-22 23:53:28.623  1795  3658 D ActivityManager: freezer override set to false
11-22 23:53:28.652  1011  1189 I ASH     : @ 40460.855: tcs3701: stop power rail pending_off timer
11-22 23:53:28.652  1011  1189 D ASH     : @ 40460.855: tcs3701: start power rail timer, state:3
11-22 23:53:28.661  1795  3658 D ActivityManager: freezer override set to true
11-22 23:53:28.664  1795  3658 D ActivityManager: freezer override set to false
11-22 23:53:28.682 29153 31606 I BatteryMgr:DataCollectionService: stats => 1700693608682,13122,4446,5493,4169000,100
11-22 23:53:28.682 29153 29187 I BatteryMgr:DataCollectionService: stats => 1700693608682,13122,4446,5493,4169000,100
11-22 23:53:28.692  1011  1189 I ASH     : @ 40460.895: tcs3701: stop power rail pending_off timer
11-22 23:53:28.692  1011  1189 D ASH     : @ 40460.895: tcs3701: start power rail timer, state:3
11-22 23:53:28.731  1011  1189 I ASH     : @ 40460.935: tcs3701: stop power rail pending_off timer
11-22 23:53:28.732  1011  1189 D ASH     : @ 40460.935: tcs3701: start power rail timer, state:3
11-22 23:53:28.772  1011  1189 I ASH     : @ 40460.975: tcs3701: stop power rail pending_off timer
11-22 23:53:28.772  1011  1189 D ASH     : @ 40460.975: tcs3701: start power rail timer, state:3
11-22 23:53:28.787 29153 29187 I BatteryMgr:DataCollectionService: stats => 1700693608787,13122,4446,5493,4169000,100
11-22 23:53:28.788 29153 31606 I BatteryMgr:DataCollectionService: stats => 1700693608788,13122,4446,5493,4169000,100
11-22 23:53:28.813  1011  1189 I ASH     : @ 40461.015: tcs3701: stop power rail pending_off timer
11-22 23:53:28.813  1011  1189 D ASH     : @ 40461.015: tcs3701: start power rail timer, state:3
11-22 23:53:28.852  1011  1189 I ASH     : @ 40461.055: tcs3701: stop power rail pending_off timer
11-22 23:53:28.852  1011  1189 D ASH     : @ 40461.055: tcs3701: start power rail timer, state:3
11-22 23:53:28.892  1011  1189 I ASH     : @ 40461.095: tcs3701: stop power rail pending_off timer
11-22 23:53:28.892  1011  1189 D ASH     : @ 40461.095: tcs3701: start power rail timer, state:3
11-22 23:53:28.893 29153 31606 I BatteryMgr:DataCollectionService: stats => 1700693608893,13122,4446,5493,4169000,100
11-22 23:53:28.894 29153 29187 I BatteryMgr:DataCollectionService: stats => 1700693608894,13122,4446,5493,4169000,100
11-22 23:53:28.932  1011  1189 I ASH     : @ 40461.135: tcs3701: stop power rail pending_off timer
11-22 23:53:28.932  1011  1189 D ASH     : @ 40461.135: tcs3701: start power rail timer, state:3
11-22 23:53:28.972  1011  1189 I ASH     : @ 40461.175: tcs3701: stop power rail pending_off timer
11-22 23:53:28.972  1011  1189 D ASH     : @ 40461.175: tcs3701: start power rail timer, state:3
11-22 23:53:28.999 29153 29187 I BatteryMgr:DataCollectionService: stats => 1700693608999,13122,4446,5493,4169000,100
11-22 23:53:29.000 29153 31606 I BatteryMgr:DataCollectionService: stats => 1700693609000,13122,4446,5493,4169000,100
11-22 23:53:29.012  1011  1189 I ASH     : @ 40461.215: tcs3701: stop power rail pending_off timer
11-22 23:53:29.012  1011  1189 D ASH     : @ 40461.215: tcs3701: start power rail timer, state:3
11-22 23:53:29.052  1011  1189 I ASH     : @ 40461.255: tcs3701: stop power rail pending_off timer
11-22 23:53:29.052  1011  1189 D ASH     : @ 40461.255: tcs3701: start power rail timer, state:3
11-22 23:53:29.092  1011  1189 I ASH     : @ 40461.295: tcs3701: stop power rail pending_off timer
11-22 23:53:29.092  1011  1189 D ASH     : @ 40461.295: tcs3701: start power rail timer, state:3
11-22 23:53:29.105 29153 29187 I BatteryMgr:DataCollectionService: stats => 1700693609105,13122,4446,5493,4169000,100
11-22 23:53:29.106 29153 31606 I BatteryMgr:DataCollectionService: stats => 1700693609106,13122,4446,5493,4169000,100
11-22 23:53:29.132  1011  1189 I ASH     : @ 40461.335: tcs3701: stop power rail pending_off timer
11-22 23:53:29.132  1011  1189 D ASH     : @ 40461.335: tcs3701: start power rail timer, state:3
11-22 23:53:29.172  1011  1189 I ASH     : @ 40461.375: tcs3701: stop power rail pending_off timer
11-22 23:53:29.172  1011  1189 D ASH     : @ 40461.375: tcs3701: start power rail timer, state:3
11-22 23:53:29.210 29153 29187 I BatteryMgr:DataCollectionService: stats => 1700693609210,13122,4446,5493,4169000,100
11-22 23:53:29.210 29153 31606 I BatteryMgr:DataCollectionService: stats => 1700693609210,13122,4446,5493,4169000,100
11-22 23:53:29.212  1011  1189 I ASH     : @ 40461.415: tcs3701: stop power rail pending_off timer
11-22 23:53:29.212  1011  1189 D ASH     : @ 40461.415: tcs3701: start power rail timer, state:3
11-22 23:53:29.252  1011  1189 I ASH     : @ 40461.455: tcs3701: stop power rail pending_off timer
11-22 23:53:29.252  1011  1189 D ASH     : @ 40461.455: tcs3701: start power rail timer, state:3
11-22 23:53:29.293  1011  1189 I ASH     : @ 40461.495: tcs3701: stop power rail pending_off timer
11-22 23:53:29.293  1011  1189 D ASH     : @ 40461.495: tcs3701: start power rail timer, state:3
11-22 23:53:29.314 29153 29187 I BatteryMgr:DataCollectionService: stats => 1700693609314,13122,4446,5493,4169000,100
11-22 23:53:29.315 29153 31606 I BatteryMgr:DataCollectionService: stats => 1700693609315,13122,4446,5493,4169000,100
11-22 23:53:29.332  1011  1189 I ASH     : @ 40461.535: tcs3701: stop power rail pending_off timer
11-22 23:53:29.332  1011  1189 D ASH     : @ 40461.535: tcs3701: start power rail timer, state:3
11-22 23:53:29.372  1011  1189 I ASH     : @ 40461.575: tcs3701: stop power rail pending_off timer
11-22 23:53:29.372  1011  1189 D ASH     : @ 40461.575: tcs3701: start power rail timer, state:3
11-22 23:53:29.412  1011  1189 I ASH     : @ 40461.615: tcs3701: stop power rail pending_off timer
11-22 23:53:29.412  1011  1189 D ASH     : @ 40461.615: tcs3701: start power rail timer, state:3
11-22 23:53:29.421 29153 29187 I BatteryMgr:DataCollectionService: stats => 1700693609421,13122,4446,5493,4169000,100
11-22 23:53:29.421 29153 31606 I BatteryMgr:DataCollectionService: stats => 1700693609421,13122,4446,5493,4169000,100
11-22 23:53:29.452  1011  1189 I ASH     : @ 40461.655: tcs3701: stop power rail pending_off timer
11-22 23:53:29.452  1011  1189 D ASH     : @ 40461.655: tcs3701: start power rail timer, state:3
11-22 23:53:29.489  1795  2424 D WifiClientModeImpl[13802:wlan0]: updateLinkLayerStatsRssiSpeedFrequencyCapabilities rssi=-45 TxLinkspeed=866 freq=5240 RxLinkSpeed=866
11-22 23:53:29.489  1795  2424 D WifiDataStall: tx tput in kbps: 588609
11-22 23:53:29.489  1795  2424 D WifiDataStall: rx tput in kbps: 784812
11-22 23:53:29.489  1795  2424 V WifiConfigManager: Updating scan detail cache freq=5240 BSSID=f4:6d:2f:12:cc:88 RSSI=-44 for "ourhome"WPA_PSK
11-22 23:53:29.490  1795  2424 D WifiChannelUtilization:  freq: 5240 onTime: 1120692 busyTime: 109593 onTimeDiff: 1120397 busyTimeDiff: 109576 utilization: 24 utilization t0: 24
11-22 23:53:29.490  1795  2424 D WifiDataStall:  ccaLevel = 24
11-22 23:53:29.490  1795  2424 D WifiDataStall: L2 txTputKbps: 784812, rxTputKbps: 784812, L3 txTputKbps: 29, rxTputKbps: 1, TxTrafficHigh: true, RxTrafficHigh: false, Throughput Sufficient: true
11-22 23:53:29.490  3213  8092 V WifiManager: OnWifiUsabilityStatsListener: onWifiUsabilityStats: seqNum=13378
11-22 23:53:29.490  1795  2424 D WifiScoreReport: Wifi scoring disabled - Don't check IP layer
11-22 23:53:29.490  1795  2424 D WifiScoreCard: BSSID update SIGNAL_POLL ID: 1320464697 SSID: "ourhome", BSSID: f4:6d:2f:12:cc:88, MAC: b2:2f:ec:da:4a:0c, IP: /192.168.1.104, Security type: 2, Supplicant state: COMPLETED, Wi-Fi standard: 5, RSSI: -45, Link speed: 866Mbps, Tx Link speed: 866Mbps, Max Supported Tx Link speed: 866Mbps, Rx Link speed: 866Mbps, Max Supported Rx Link speed: 866Mbps, Frequency: 5240MHz, Net ID: 12, Metered hint: false, score: 60, isUsable: true, CarrierMerged: false, SubscriptionId: -1, IsPrimary: 1, Trusted: true, Restricted: false, Ephemeral: false, OEM paid: false, OEM private: false, OSU AP: false, FQDN: <none>, Provider friendly name: <none>, Requesting package name: <none>"ourhome"wpa2-pskMLO Information: , Is TID-To-Link negotiation supported by the AP: false, AP MLD Address: <none>, AP MLO Link Id: <none>, AP MLO Affiliated links: <none>
11-22 23:53:29.490  1795  2424 D WifiScoreCard: txRate: 4 txSpeed: 866
11-22 23:53:29.490  1795  2424 D WifiScoreCard: network update SIGNAL_POLL "ourhome" ID: 1499892569 RSSI -45 txSpeed 866
11-22 23:53:29.490  1795  3001 I WifiService: updateWifiUsabilityScore uid=10180 seqNum=13378 score=100 predictionHorizonSec=1441795
11-22 23:53:29.491  1795  2424 D WifiClientModeImpl[13802:wlan0]:  ClientModeImpl$L2ConnectedState screen=on 3 0 "ourhome" f4:6d:2f:12:cc:88 rssi=-45 f=5240 sc=60 link=866 tx=3.5, 0.4, 0.0 rx=2.2 bcn=377142 [on:274 tx:3 rx:3 period:3013] from screen [on:181202 period:3971269] score=60
11-22 23:53:29.491  1795  2424 D WifiScoreReport: Wifi scoring disabled - Notify that Wifi is usable
11-22 23:53:29.492  1011  1189 I ASH     : @ 40461.695: tcs3701: stop power rail pending_off timer
11-22 23:53:29.493  1011  1189 D ASH     : @ 40461.695: tcs3701: start power rail timer, state:3
11-22 23:53:29.494  1795  2432 D ConnectivityService: NetReassign [no changes] [c 0] [a 1] [i 2]
11-22 23:53:29.528 29153 29187 I BatteryMgr:DataCollectionService: stats => 1700693609528,13122,4446,5493,4169000,100
11-22 23:53:29.530 29153 31606 I BatteryMgr:DataCollectionService: stats => 1700693609530,13122,4446,5493,4169000,100
11-22 23:53:29.532  1011  1189 I ASH     : @ 40461.735: tcs3701: stop power rail pending_off timer
11-22 23:53:29.532  1011  1189 D ASH     : @ 40461.735: tcs3701: start power rail timer, state:3
11-22 23:53:29.534  1795  2735 D ActivityManager: freezer override set to true
11-22 23:53:29.538  1795  2735 D ActivityManager: freezer override set to false
11-22 23:53:29.572  1011  1189 I ASH     : @ 40461.775: tcs3701: stop power rail pending_off timer
11-22 23:53:29.572  1011  1189 D ASH     : @ 40461.775: tcs3701: start power rail timer, state:3
11-22 23:53:29.612  1011  1189 I ASH     : @ 40461.815: tcs3701: stop power rail pending_off timer
11-22 23:53:29.612  1011  1189 D ASH     : @ 40461.815: tcs3701: start power rail timer, state:3
11-22 23:53:29.634 29153 29187 I BatteryMgr:DataCollectionService: stats => 1700693609633,13122,4446,5493,4169000,100
11-22 23:53:29.635 29153 31606 I BatteryMgr:DataCollectionService: stats => 1700693609635,13122,4446,5493,4169000,100
11-22 23:53:29.652  1011  1189 I ASH     : @ 40461.855: tcs3701: stop power rail pending_off timer
11-22 23:53:29.652  1011  1189 D ASH     : @ 40461.855: tcs3701: start power rail timer, state:3
11-22 23:53:29.692  1011  1189 I ASH     : @ 40461.895: tcs3701: stop power rail pending_off timer
11-22 23:53:29.692  1011  1189 D ASH     : @ 40461.895: tcs3701: start power rail timer, state:3
11-22 23:53:29.732  1011  1189 I ASH     : @ 40461.935: tcs3701: stop power rail pending_off timer
11-22 23:53:29.732  1011  1189 D ASH     : @ 40461.935: tcs3701: start power rail timer, state:3
11-22 23:53:29.739 29153 29187 I BatteryMgr:DataCollectionService: stats => 1700693609739,13122,4446,5493,4169000,100
11-22 23:53:29.742 29153 31606 I BatteryMgr:DataCollectionService: stats => 1700693609742,13122,4446,5493,4169000,100
11-22 23:53:29.772  1011  1189 I ASH     : @ 40461.975: tcs3701: stop power rail pending_off timer
11-22 23:53:29.772  1011  1189 D ASH     : @ 40461.975: tcs3701: start power rail timer, state:3
11-22 23:53:29.809  1795  2735 D ActivityManager: freezer override set to true
11-22 23:53:29.812  1011  1189 I ASH     : @ 40462.015: tcs3701: stop power rail pending_off timer
11-22 23:53:29.812  1011  1189 D ASH     : @ 40462.015: tcs3701: start power rail timer, state:3
11-22 23:53:29.844 29153 31606 I BatteryMgr:DataCollectionService: stats => 1700693609844,13122,4446,5493,4169000,100
11-22 23:53:29.846 29153 29187 I BatteryMgr:DataCollectionService: stats => 1700693609846,13122,4446,5493,4169000,100
11-22 23:53:29.852  1011  1189 I ASH     : @ 40462.055: tcs3701: stop power rail pending_off timer
11-22 23:53:29.852  1011  1189 D ASH     : @ 40462.055: tcs3701: start power rail timer, state:3
11-22 23:53:29.886  9145  9159 I m.chrome.canary: Explicit concurrent copying GC freed 3898(207KB) AllocSpace objects, 4(80KB) LOS objects, 75% free, 11MB/44MB, paused 64us,22us total 42.786ms
11-22 23:53:29.892  1011  1189 I ASH     : @ 40462.095: tcs3701: stop power rail pending_off timer
11-22 23:53:29.892  1011  1189 D ASH     : @ 40462.095: tcs3701: start power rail timer, state:3
11-22 23:53:29.932  1011  1189 I ASH     : @ 40462.135: tcs3701: stop power rail pending_off timer
11-22 23:53:29.932  1011  1189 D ASH     : @ 40462.135: tcs3701: start power rail timer, state:3
11-22 23:53:29.942  1795  2735 D ActivityManager: freezer override set to false
11-22 23:53:29.951 29153 29187 I BatteryMgr:DataCollectionService: stats => 1700693609951,13122,4446,5493,4169000,100
11-22 23:53:29.952 29153 31606 I BatteryMgr:DataCollectionService: stats => 1700693609952,13122,4446,5493,4169000,100
11-22 23:53:29.972  1011  1189 I ASH     : @ 40462.175: tcs3701: stop power rail pending_off timer
11-22 23:53:29.972  1011  1189 D ASH     : @ 40462.175: tcs3701: start power rail timer, state:3
11-22 23:53:29.990  1795  3001 D ActivityManager: freezer override set to true
11-22 23:53:29.993  1795  3001 D ActivityManager: freezer override set to false
11-22 23:53:30.012  1011  1189 I ASH     : @ 40462.215: tcs3701: stop power rail pending_off timer
11-22 23:53:30.012  1011  1189 D ASH     : @ 40462.215: tcs3701: start power rail timer, state:3
11-22 23:53:30.052  1011  1189 I ASH     : @ 40462.255: tcs3701: stop power rail pending_off timer
11-22 23:53:30.052  1011  1189 D ASH     : @ 40462.255: tcs3701: start power rail timer, state:3
11-22 23:53:30.058 29153 29187 I BatteryMgr:DataCollectionService: stats => 1700693610057,13122,4446,5493,4169000,100
11-22 23:53:30.058 29153 31606 I BatteryMgr:DataCollectionService: stats => 1700693610058,13122,4446,5493,4169000,100
11-22 23:53:30.092  1011  1189 I ASH     : @ 40462.295: tcs3701: stop power rail pending_off timer
11-22 23:53:30.093  1011  1189 D ASH     : @ 40462.295: tcs3701: start power rail timer, state:3
11-22 23:53:30.132  1011  1189 I ASH     : @ 40462.335: tcs3701: stop power rail pending_off timer
11-22 23:53:30.132  1011  1189 D ASH     : @ 40462.335: tcs3701: start power rail timer, state:3
11-22 23:53:30.162 29153 29187 I BatteryMgr:DataCollectionService: stats => 1700693610162,13122,4446,5493,4169000,100
11-22 23:53:30.163 29153 31606 I BatteryMgr:DataCollectionService: stats => 1700693610163,13122,4446,5493,4169000,100
11-22 23:53:30.172  1011  1189 I ASH     : @ 40462.375: tcs3701: stop power rail pending_off timer
11-22 23:53:30.172  1011  1189 D ASH     : @ 40462.375: tcs3701: start power rail timer, state:3
11-22 23:53:30.212  1011  1189 I ASH     : @ 40462.415: tcs3701: stop power rail pending_off timer
11-22 23:53:30.212  1011  1189 D ASH     : @ 40462.415: tcs3701: start power rail timer, state:3
11-22 23:53:30.252  1011  1189 I ASH     : @ 40462.455: tcs3701: stop power rail pending_off timer
11-22 23:53:30.252  1011  1189 D ASH     : @ 40462.455: tcs3701: start power rail timer, state:3
11-22 23:53:30.269 29153 31606 I BatteryMgr:DataCollectionService: stats => 1700693610269,13122,4446,5493,4169000,100
11-22 23:53:30.270 29153 29187 I BatteryMgr:DataCollectionService: stats => 1700693610270,13122,4446,5493,4169000,100
11-22 23:53:30.292  1011  1189 I ASH     : @ 40462.495: tcs3701: stop power rail pending_off timer
11-22 23:53:30.292  1011  1189 D ASH     : @ 40462.495: tcs3701: start power rail timer, state:3
11-22 23:53:30.332  1011  1189 I ASH     : @ 40462.535: tcs3701: stop power rail pending_off timer
11-22 23:53:30.332  1011  1189 D ASH     : @ 40462.535: tcs3701: start power rail timer, state:3
11-22 23:53:30.373  1011  1189 I ASH     : @ 40462.575: tcs3701: stop power rail pending_off timer
11-22 23:53:30.373  1011  1189 D ASH     : @ 40462.575: tcs3701: start power rail timer, state:3
11-22 23:53:30.376 29153 31606 I BatteryMgr:DataCollectionService: stats => 1700693610375,13122,4446,5493,4169000,100
11-22 23:53:30.377 29153 29187 I BatteryMgr:DataCollectionService: stats => 1700693610377,13122,4446,5493,4169000,100
11-22 23:53:30.412  1011  1189 I ASH     : @ 40462.615: tcs3701: stop power rail pending_off timer
11-22 23:53:30.412  1011  1189 D ASH     : @ 40462.615: tcs3701: start power rail timer, state:3
11-22 23:53:30.451  1011  1189 I ASH     : @ 40462.655: tcs3701: stop power rail pending_off timer
11-22 23:53:30.452  1011  1189 D ASH     : @ 40462.655: tcs3701: start power rail timer, state:3
11-22 23:53:30.481 29153 29187 I BatteryMgr:DataCollectionService: stats => 1700693610481,13122,4446,5493,4169000,100
11-22 23:53:30.482 29153 31606 I BatteryMgr:DataCollectionService: stats => 1700693610482,13122,4446,5493,4169000,100
11-22 23:53:30.492  1011  1189 I ASH     : @ 40462.695: tcs3701: stop power rail pending_off timer
11-22 23:53:30.492  1011  1189 D ASH     : @ 40462.695: tcs3701: start power rail timer, state:3
11-22 23:53:30.532  1011  1189 I ASH     : @ 40462.735: tcs3701: stop power rail pending_off timer
11-22 23:53:30.532  1011  1189 D ASH     : @ 40462.735: tcs3701: start power rail timer, state:3
11-22 23:53:30.546  1795  3001 D ActivityManager: freezer override set to true
11-22 23:53:30.550  1795  3001 D ActivityManager: freezer override set to false
11-22 23:53:30.572  1011  1189 I ASH     : @ 40462.775: tcs3701: stop power rail pending_off timer
11-22 23:53:30.573  1011  1189 D ASH     : @ 40462.775: tcs3701: start power rail timer, state:3
11-22 23:53:30.588 29153 29187 I BatteryMgr:DataCollectionService: stats => 1700693610588,13122,4446,5493,4169000,100
11-22 23:53:30.589 29153 31606 I BatteryMgr:DataCollectionService: stats => 1700693610589,13122,4446,5493,4169000,100
11-22 23:53:30.612  1011  1189 I ASH     : @ 40462.815: tcs3701: stop power rail pending_off timer
11-22 23:53:30.612  1011  1189 D ASH     : @ 40462.815: tcs3701: start power rail timer, state:3
11-22 23:53:30.651  1011  1189 I ASH     : @ 40462.855: tcs3701: stop power rail pending_off timer
11-22 23:53:30.652  1011  1189 D ASH     : @ 40462.855: tcs3701: start power rail timer, state:3
11-22 23:53:30.692  1011  1189 I ASH     : @ 40462.895: tcs3701: stop power rail pending_off timer
11-22 23:53:30.692  1011  1189 D ASH     : @ 40462.895: tcs3701: start power rail timer, state:3
11-22 23:53:30.693 29153 29187 I BatteryMgr:DataCollectionService: stats => 1700693610693,13122,4446,5493,4169000,100
11-22 23:53:30.694 29153 31606 I BatteryMgr:DataCollectionService: stats => 1700693610694,13122,4446,5493,4169000,100
11-22 23:53:30.732  1011  1189 I ASH     : @ 40462.935: tcs3701: stop power rail pending_off timer
11-22 23:53:30.732  1011  1189 D ASH     : @ 40462.935: tcs3701: start power rail timer, state:3
11-22 23:53:30.772  1011  1189 I ASH     : @ 40462.975: tcs3701: stop power rail pending_off timer
11-22 23:53:30.772  1011  1189 D ASH     : @ 40462.975: tcs3701: start power rail timer, state:3
11-22 23:53:30.801 29153 29187 I BatteryMgr:DataCollectionService: stats => 1700693610801,13122,4446,5493,4169000,100
11-22 23:53:30.801 29153 31606 I BatteryMgr:DataCollectionService: stats => 1700693610801,13122,4446,5493,4169000,100
11-22 23:53:30.812  1011  1189 I ASH     : @ 40463.015: tcs3701: stop power rail pending_off timer
11-22 23:53:30.812  1011  1189 D ASH     : @ 40463.015: tcs3701: start power rail timer, state:3
11-22 23:53:30.852  1011  1189 I ASH     : @ 40463.055: tcs3701: stop power rail pending_off timer
11-22 23:53:30.852  1011  1189 D ASH     : @ 40463.055: tcs3701: start power rail timer, state:3
11-22 23:53:30.875  8713  8743 I Dialergvx: com.android.dialer.externals.logging.SingletonScopedExternalsLogging.recordCallMethodInvocation:86 event: BROADCAST_RECEIVER, function parameters: [Broadcast to com.google.apps.tiktok.experiments.phenotype.ConfigurationUpdatedReceiver_Receiver com.google.android.gms.phenotype.UPDATE,2023-11-22 23:52:59.743], return value: <empty>
11-22 23:53:30.892  1011  1189 I ASH     : @ 40463.095: tcs3701: stop power rail pending_off timer
11-22 23:53:30.892  1011  1189 D ASH     : @ 40463.095: tcs3701: start power rail timer, state:3
11-22 23:53:30.907 29153 29187 I BatteryMgr:DataCollectionService: stats => 1700693610907,13122,4446,5493,4169000,100
11-22 23:53:30.908 29153 31606 I BatteryMgr:DataCollectionService: stats => 1700693610908,13122,4446,5493,4169000,100
11-22 23:53:30.932  1011  1189 I ASH     : @ 40463.135: tcs3701: stop power rail pending_off timer
11-22 23:53:30.932  1011  1189 D ASH     : @ 40463.135: tcs3701: start power rail timer, state:3
11-22 23:53:30.972  1011  1189 I ASH     : @ 40463.175: tcs3701: stop power rail pending_off timer
11-22 23:53:30.972  1011  1189 D ASH     : @ 40463.175: tcs3701: start power rail timer, state:3
11-22 23:53:31.013  1011  1189 I ASH     : @ 40463.215: tcs3701: stop power rail pending_off timer
11-22 23:53:31.013  1011  1189 D ASH     : @ 40463.215: tcs3701: start power rail timer, state:3
11-22 23:53:31.013 29153 29187 I BatteryMgr:DataCollectionService: stats => 1700693611012,13122,4446,5493,4169000,100
11-22 23:53:31.013 29153 31606 I BatteryMgr:DataCollectionService: stats => 1700693611013,13122,4446,5493,4169000,100
11-22 23:53:31.052  1011  1189 I ASH     : @ 40463.255: tcs3701: stop power rail pending_off timer
11-22 23:53:31.052  1011  1189 D ASH     : @ 40463.255: tcs3701: start power rail timer, state:3
11-22 23:53:31.093  1011  1189 I ASH     : @ 40463.295: tcs3701: stop power rail pending_off timer
11-22 23:53:31.093  1011  1189 D ASH     : @ 40463.295: tcs3701: start power rail timer, state:3
11-22 23:53:31.122 29153 31606 I BatteryMgr:DataCollectionService: stats => 1700693611122,13122,4446,5493,4169000,100
11-22 23:53:31.124 29153 29187 I BatteryMgr:DataCollectionService: stats => 1700693611123,13122,4446,5493,4169000,100
11-22 23:53:31.132  1011  1189 I ASH     : @ 40463.335: tcs3701: stop power rail pending_off timer
11-22 23:53:31.132  1011  1189 D ASH     : @ 40463.335: tcs3701: start power rail timer, state:3
11-22 23:53:31.138  1795  3658 D ActivityManager: freezer override set to true
11-22 23:53:31.173  1011  1189 I ASH     : @ 40463.375: tcs3701: stop power rail pending_off timer
11-22 23:53:31.173  1011  1189 D ASH     : @ 40463.375: tcs3701: start power rail timer, state:3
11-22 23:53:31.212  1011  1189 I ASH     : @ 40463.415: tcs3701: stop power rail pending_off timer
11-22 23:53:31.212  1011  1189 D ASH     : @ 40463.415: tcs3701: start power rail timer, state:3
11-22 23:53:31.228 29153 31606 I BatteryMgr:DataCollectionService: stats => 1700693611228,13122,4446,5493,4169000,100
11-22 23:53:31.228 29153 29187 I BatteryMgr:DataCollectionService: stats => 1700693611228,13122,4446,5493,4169000,100
11-22 23:53:31.243  3604  4215 I bbqr    : (REDACTED) getHotwordActive::active query: %s, watch: %s, devices connected: %s
11-22 23:53:31.252  1011  1189 I ASH     : @ 40463.455: tcs3701: stop power rail pending_off timer
11-22 23:53:31.252  1011  1189 D ASH     : @ 40463.455: tcs3701: start power rail timer, state:3
