11-23 00:03:02.828 29153 29185 I BatteryMgr:DataCollectionService: stats => 1700694182828,11901,4446,5493,4169000,100
11-23 00:03:02.852  1011  1189 I ASH     : @ 41035.055: tcs3701: stop power rail pending_off timer
11-23 00:03:02.852  1011  1189 D ASH     : @ 41035.055: tcs3701: start power rail timer, state:3
11-23 00:03:02.892  1011  1189 I ASH     : @ 41035.095: tcs3701: stop power rail pending_off timer
11-23 00:03:02.892 29153 29185 I BatteryMgr:DataCollectionService: stats => 1700694182892,11901,4446,5493,4169000,100
11-23 00:03:02.892  1011  1189 D ASH     : @ 41035.095: tcs3701: start power rail timer, state:3
11-23 00:03:02.932  1011  1189 I ASH     : @ 41035.135: tcs3701: stop power rail pending_off timer
11-23 00:03:02.932  1011  1189 D ASH     : @ 41035.135: tcs3701: start power rail timer, state:3
11-23 00:03:02.935 29153 29185 I BatteryMgr:DataCollectionService: stats => 1700694182935,11901,4446,5493,4169000,100
11-23 00:03:02.972  1011  1189 I ASH     : @ 41035.175: tcs3701: stop power rail pending_off timer
11-23 00:03:02.972  1011  1189 D ASH     : @ 41035.175: tcs3701: start power rail timer, state:3
11-23 00:03:02.996 29153 29185 I BatteryMgr:DataCollectionService: stats => 1700694182996,11901,4446,5493,4169000,100
11-23 00:03:03.012  1011  1189 I ASH     : @ 41035.215: tcs3701: stop power rail pending_off timer
11-23 00:03:03.012  1011  1189 D ASH     : @ 41035.215: tcs3701: start power rail timer, state:3
11-23 00:03:03.039 29153 29185 I BatteryMgr:DataCollectionService: stats => 1700694183039,11901,4446,5493,4169000,100
11-23 00:03:03.052  1011  1189 I ASH     : @ 41035.255: tcs3701: stop power rail pending_off timer
11-23 00:03:03.052  1011  1189 D ASH     : @ 41035.255: tcs3701: start power rail timer, state:3
11-23 00:03:03.091  1795  3759 D ActivityManager: freezer override set to true
11-23 00:03:03.092  1011  1189 I ASH     : @ 41035.295: tcs3701: stop power rail pending_off timer
11-23 00:03:03.092  1011  1189 D ASH     : @ 41035.295: tcs3701: start power rail timer, state:3
11-23 00:03:03.096  1795  3759 D ActivityManager: freezer override set to false
11-23 00:03:03.102 29153 29185 I BatteryMgr:DataCollectionService: stats => 1700694183102,11901,4446,5493,4169000,100
11-23 00:03:03.132  1011  1189 I ASH     : @ 41035.335: tcs3701: stop power rail pending_off timer
11-23 00:03:03.132  1011  1189 D ASH     : @ 41035.335: tcs3701: start power rail timer, state:3
11-23 00:03:03.144 29153 29185 I BatteryMgr:DataCollectionService: stats => 1700694183144,11901,4446,5493,4169000,100
11-23 00:03:03.173  1011  1189 I ASH     : @ 41035.375: tcs3701: stop power rail pending_off timer
11-23 00:03:03.173  1011  1189 D ASH     : @ 41035.375: tcs3701: start power rail timer, state:3
11-23 00:03:03.206 29153 29185 I BatteryMgr:DataCollectionService: stats => 1700694183206,11901,4446,5493,4169000,100
11-23 00:03:03.212  1011  1189 I ASH     : @ 41035.415: tcs3701: stop power rail pending_off timer
11-23 00:03:03.212  1011  1189 D ASH     : @ 41035.415: tcs3701: start power rail timer, state:3
11-23 00:03:03.249 29153 29185 I BatteryMgr:DataCollectionService: stats => 1700694183249,11901,4446,5493,4169000,100
11-23 00:03:03.252  1011  1189 I ASH     : @ 41035.455: tcs3701: stop power rail pending_off timer
11-23 00:03:03.252  1011  1189 D ASH     : @ 41035.455: tcs3701: start power rail timer, state:3
11-23 00:03:03.292  1011  1189 I ASH     : @ 41035.495: tcs3701: stop power rail pending_off timer
11-23 00:03:03.292  1011  1189 D ASH     : @ 41035.495: tcs3701: start power rail timer, state:3
11-23 00:03:03.313 29153 29185 I BatteryMgr:DataCollectionService: stats => 1700694183313,11901,4446,5493,4169000,100
11-23 00:03:03.332  1011  1189 I ASH     : @ 41035.535: tcs3701: stop power rail pending_off timer
11-23 00:03:03.332  1011  1189 D ASH     : @ 41035.535: tcs3701: start power rail timer, state:3
11-23 00:03:03.353 29153 29185 I BatteryMgr:DataCollectionService: stats => 1700694183353,11901,4446,5493,4169000,100
11-23 00:03:03.372  1011  1189 I ASH     : @ 41035.575: tcs3701: stop power rail pending_off timer
11-23 00:03:03.372  1011  1189 D ASH     : @ 41035.575: tcs3701: start power rail timer, state:3
11-23 00:03:03.412  1011  1189 I ASH     : @ 41035.615: tcs3701: stop power rail pending_off timer
11-23 00:03:03.412  1011  1189 D ASH     : @ 41035.615: tcs3701: start power rail timer, state:3
11-23 00:03:03.417 29153 29185 I BatteryMgr:DataCollectionService: stats => 1700694183417,11901,4446,5493,4169000,100
11-23 00:03:03.452  1011  1189 I ASH     : @ 41035.655: tcs3701: stop power rail pending_off timer
11-23 00:03:03.452  1011  1189 D ASH     : @ 41035.655: tcs3701: start power rail timer, state:3
11-23 00:03:03.457 29153 29185 I BatteryMgr:DataCollectionService: stats => 1700694183457,11901,4446,5493,4169000,100
11-23 00:03:03.492  1011  1189 I ASH     : @ 41035.695: tcs3701: stop power rail pending_off timer
11-23 00:03:03.492  1011  1189 D ASH     : @ 41035.695: tcs3701: start power rail timer, state:3
11-23 00:03:03.523 29153 29185 I BatteryMgr:DataCollectionService: stats => 1700694183523,11901,4446,5493,4169000,100
11-23 00:03:03.532  1011  1189 I ASH     : @ 41035.735: tcs3701: stop power rail pending_off timer
11-23 00:03:03.532  1011  1189 D ASH     : @ 41035.735: tcs3701: start power rail timer, state:3
11-23 00:03:03.546  3845  3845 E AbstractGmsTracer: Traced class shouldn't be obfuscated: GmsIntentOperationChimeraService [CONTEXT service_id=259 ]
11-23 00:03:03.551  3845 22169 E AbstractGmsTracer: Traced class shouldn't be obfuscated: InstantIndexingIntentOperation [CONTEXT service_id=259 ]
11-23 00:03:03.552  3845 22169 I GmscoreIpa: Starting mediastore instant index [CONTEXT service_id=255 ]
11-23 00:03:03.562 29153 29185 I BatteryMgr:DataCollectionService: stats => 1700694183562,11901,4446,5493,4169000,100
11-23 00:03:03.573  1011  1189 I ASH     : @ 41035.775: tcs3701: stop power rail pending_off timer
11-23 00:03:03.573  1011  1189 D ASH     : @ 41035.775: tcs3701: start power rail timer, state:3
11-23 00:03:03.612  1011  1189 I ASH     : @ 41035.815: tcs3701: stop power rail pending_off timer
11-23 00:03:03.612  1011  1189 D ASH     : @ 41035.815: tcs3701: start power rail timer, state:3
11-23 00:03:03.630 29153 29185 I BatteryMgr:DataCollectionService: stats => 1700694183630,11901,4446,5493,4169000,100
11-23 00:03:03.632  1795  3759 D ActivityManager: freezer override set to true
11-23 00:03:03.653  1011  1189 I ASH     : @ 41035.855: tcs3701: stop power rail pending_off timer
11-23 00:03:03.653  1011  1189 D ASH     : @ 41035.855: tcs3701: start power rail timer, state:3
11-23 00:03:03.668 29153 29185 I BatteryMgr:DataCollectionService: stats => 1700694183668,11901,4446,5493,4169000,100
11-23 00:03:03.679  2113  2118 I pixel-thermal: skin-therm-monitor: 39.366
11-23 00:03:03.693  1011  1189 I ASH     : @ 41035.895: tcs3701: stop power rail pending_off timer
11-23 00:03:03.693  1011  1189 D ASH     : @ 41035.895: tcs3701: start power rail timer, state:3
11-23 00:03:03.732  1011  1189 I ASH     : @ 41035.935: tcs3701: stop power rail pending_off timer
11-23 00:03:03.732  1011  1189 D ASH     : @ 41035.935: tcs3701: start power rail timer, state:3
11-23 00:03:03.736 29153 29185 I BatteryMgr:DataCollectionService: stats => 1700694183736,11901,4446,5493,4169000,100
11-23 00:03:03.772  1011  1189 I ASH     : @ 41035.975: tcs3701: stop power rail pending_off timer
11-23 00:03:03.772  1011  1189 D ASH     : @ 41035.975: tcs3701: start power rail timer, state:3
11-23 00:03:03.773 29153 29185 I BatteryMgr:DataCollectionService: stats => 1700694183773,11901,4446,5493,4169000,100
11-23 00:03:03.789 21551 21567 I m.chrome.canary: Explicit concurrent copying GC freed 3597(176KB) AllocSpace objects, 3(60KB) LOS objects, 75% free, 11MB/44MB, paused 35us,22us total 45.716ms
11-23 00:03:03.812  1011  1189 I ASH     : @ 41036.015: tcs3701: stop power rail pending_off timer
11-23 00:03:03.812  1011  1189 D ASH     : @ 41036.015: tcs3701: start power rail timer, state:3
11-23 00:03:03.842 29153 29185 I BatteryMgr:DataCollectionService: stats => 1700694183842,11901,4446,5493,4169000,100
11-23 00:03:03.842  1795  3759 D ActivityManager: freezer override set to false
11-23 00:03:03.852  1011  1189 I ASH     : @ 41036.055: tcs3701: stop power rail pending_off timer
11-23 00:03:03.852  1011  1189 D ASH     : @ 41036.055: tcs3701: start power rail timer, state:3
11-23 00:03:03.880 29153 29185 I BatteryMgr:DataCollectionService: stats => 1700694183880,11901,4446,5493,4169000,100
11-23 00:03:03.883  1795  3759 D ActivityManager: freezer override set to true
11-23 00:03:03.886  1795  3759 D ActivityManager: freezer override set to false
11-23 00:03:03.892  1011  1189 I ASH     : @ 41036.095: tcs3701: stop power rail pending_off timer
11-23 00:03:03.892  1011  1189 D ASH     : @ 41036.095: tcs3701: start power rail timer, state:3
11-23 00:03:03.932  1011  1189 I ASH     : @ 41036.135: tcs3701: stop power rail pending_off timer
11-23 00:03:03.932  1011  1189 D ASH     : @ 41036.135: tcs3701: start power rail timer, state:3
11-23 00:03:03.946 29153 29185 I BatteryMgr:DataCollectionService: stats => 1700694183946,11901,4446,5493,4169000,100
11-23 00:03:03.973  1011  1189 I ASH     : @ 41036.175: tcs3701: stop power rail pending_off timer
11-23 00:03:03.973  1011  1189 D ASH     : @ 41036.175: tcs3701: start power rail timer, state:3
11-23 00:03:03.985 29153 29185 I BatteryMgr:DataCollectionService: stats => 1700694183984,11901,4446,5493,4169000,100
11-23 00:03:04.012  1011  1189 I ASH     : @ 41036.215: tcs3701: stop power rail pending_off timer
11-23 00:03:04.012  1011  1189 D ASH     : @ 41036.215: tcs3701: start power rail timer, state:3
11-23 00:03:04.050 29153 29185 I BatteryMgr:DataCollectionService: stats => 1700694184050,11901,4446,5493,4169000,100
11-23 00:03:04.053  1011  1189 I ASH     : @ 41036.255: tcs3701: stop power rail pending_off timer
11-23 00:03:04.053  1011  1189 D ASH     : @ 41036.255: tcs3701: start power rail timer, state:3
11-23 00:03:04.092  1011  1189 I ASH     : @ 41036.295: tcs3701: stop power rail pending_off timer
11-23 00:03:04.092  1011  1189 D ASH     : @ 41036.295: tcs3701: start power rail timer, state:3
11-23 00:03:04.093  1795  3759 D ActivityManager: freezer override set to true
11-23 00:03:04.093 29153 29185 I BatteryMgr:DataCollectionService: stats => 1700694184093,11901,4446,5493,4169000,100
11-23 00:03:04.098  1795  3759 D ActivityManager: freezer override set to false
11-23 00:03:04.132  1011  1189 I ASH     : @ 41036.335: tcs3701: stop power rail pending_off timer
11-23 00:03:04.132  1011  1189 D ASH     : @ 41036.335: tcs3701: start power rail timer, state:3
11-23 00:03:04.156 29153 29185 I BatteryMgr:DataCollectionService: stats => 1700694184156,11901,4446,5493,4169000,100
11-23 00:03:04.172  1011  1189 I ASH     : @ 41036.375: tcs3701: stop power rail pending_off timer
11-23 00:03:04.172  1011  1189 D ASH     : @ 41036.375: tcs3701: start power rail timer, state:3
11-23 00:03:04.197 29153 29185 I BatteryMgr:DataCollectionService: stats => 1700694184197,11901,4446,5493,4169000,100
11-23 00:03:04.212  1011  1189 I ASH     : @ 41036.415: tcs3701: stop power rail pending_off timer
11-23 00:03:04.212  1011  1189 D ASH     : @ 41036.415: tcs3701: start power rail timer, state:3
11-23 00:03:04.252  1011  1189 I ASH     : @ 41036.455: tcs3701: stop power rail pending_off timer
11-23 00:03:04.252  1011  1189 D ASH     : @ 41036.455: tcs3701: start power rail timer, state:3
11-23 00:03:04.259 29153 29185 I BatteryMgr:DataCollectionService: stats => 1700694184259,11901,4446,5493,4169000,100
11-23 00:03:04.293  1011  1189 I ASH     : @ 41036.495: tcs3701: stop power rail pending_off timer
11-23 00:03:04.293  1011  1189 D ASH     : @ 41036.495: tcs3701: start power rail timer, state:3
11-23 00:03:04.301 29153 29185 I BatteryMgr:DataCollectionService: stats => 1700694184301,11901,4446,5493,4169000,100
11-23 00:03:04.332  1011  1189 I ASH     : @ 41036.535: tcs3701: stop power rail pending_off timer
11-23 00:03:04.332  1011  1189 D ASH     : @ 41036.535: tcs3701: start power rail timer, state:3
11-23 00:03:04.364 29153 29185 I BatteryMgr:DataCollectionService: stats => 1700694184364,11901,4446,5493,4169000,100
11-23 00:03:04.373  1011  1189 I ASH     : @ 41036.575: tcs3701: stop power rail pending_off timer
11-23 00:03:04.373  1011  1189 D ASH     : @ 41036.575: tcs3701: start power rail timer, state:3
11-23 00:03:04.406 29153 29185 I BatteryMgr:DataCollectionService: stats => 1700694184406,11901,4446,5493,4169000,100
11-23 00:03:04.412  1011  1189 I ASH     : @ 41036.615: tcs3701: stop power rail pending_off timer
11-23 00:03:04.412  1011  1189 D ASH     : @ 41036.615: tcs3701: start power rail timer, state:3
11-23 00:03:04.452  1011  1189 I ASH     : @ 41036.655: tcs3701: stop power rail pending_off timer
11-23 00:03:04.452  1011  1189 D ASH     : @ 41036.655: tcs3701: start power rail timer, state:3
11-23 00:03:04.470 29153 29185 I BatteryMgr:DataCollectionService: stats => 1700694184470,11901,4446,5493,4169000,100
11-23 00:03:04.492  1011  1189 I ASH     : @ 41036.695: tcs3701: stop power rail pending_off timer
11-23 00:03:04.492  1011  1189 D ASH     : @ 41036.695: tcs3701: start power rail timer, state:3
11-23 00:03:04.510 29153 29185 I BatteryMgr:DataCollectionService: stats => 1700694184510,11901,4446,5493,4169000,100
11-23 00:03:04.532  1011  1189 I ASH     : @ 41036.735: tcs3701: stop power rail pending_off timer
11-23 00:03:04.532  1011  1189 D ASH     : @ 41036.735: tcs3701: start power rail timer, state:3
11-23 00:03:04.572  1011  1189 I ASH     : @ 41036.775: tcs3701: stop power rail pending_off timer
11-23 00:03:04.572  1011  1189 D ASH     : @ 41036.775: tcs3701: start power rail timer, state:3
11-23 00:03:04.574 29153 29185 I BatteryMgr:DataCollectionService: stats => 1700694184574,11901,4446,5493,4169000,100
11-23 00:03:04.612  1011  1189 I ASH     : @ 41036.815: tcs3701: stop power rail pending_off timer
11-23 00:03:04.612  1011  1189 D ASH     : @ 41036.815: tcs3701: start power rail timer, state:3
11-23 00:03:04.615 29153 29185 I BatteryMgr:DataCollectionService: stats => 1700694184615,11901,4446,5493,4169000,100
11-23 00:03:04.652  1011  1189 I ASH     : @ 41036.855: tcs3701: stop power rail pending_off timer
11-23 00:03:04.652  1011  1189 D ASH     : @ 41036.855: tcs3701: start power rail timer, state:3
11-23 00:03:04.682 29153 29185 I BatteryMgr:DataCollectionService: stats => 1700694184682,11901,4446,5493,4169000,100
11-23 00:03:04.692  1011  1189 I ASH     : @ 41036.895: tcs3701: stop power rail pending_off timer
11-23 00:03:04.692  1011  1189 D ASH     : @ 41036.895: tcs3701: start power rail timer, state:3
11-23 00:03:04.719 29153 29185 I BatteryMgr:DataCollectionService: stats => 1700694184719,11901,4446,5493,4169000,100
11-23 00:03:04.732  1011  1189 I ASH     : @ 41036.935: tcs3701: stop power rail pending_off timer
11-23 00:03:04.732  1011  1189 D ASH     : @ 41036.935: tcs3701: start power rail timer, state:3
11-23 00:03:04.772  1011  1189 I ASH     : @ 41036.975: tcs3701: stop power rail pending_off timer
11-23 00:03:04.772  1011  1189 D ASH     : @ 41036.975: tcs3701: start power rail timer, state:3
11-23 00:03:04.786 29153 29185 I BatteryMgr:DataCollectionService: stats => 1700694184786,11901,4446,5493,4169000,100
11-23 00:03:04.812  1011  1189 I ASH     : @ 41037.015: tcs3701: stop power rail pending_off timer
11-23 00:03:04.812  1011  1189 D ASH     : @ 41037.015: tcs3701: start power rail timer, state:3
11-23 00:03:04.823 29153 29185 I BatteryMgr:DataCollectionService: stats => 1700694184823,11901,4446,5493,4169000,100
11-23 00:03:04.852  1011  1189 I ASH     : @ 41037.055: tcs3701: stop power rail pending_off timer
11-23 00:03:04.852  1011  1189 D ASH     : @ 41037.055: tcs3701: start power rail timer, state:3
11-23 00:03:04.892  1011  1189 I ASH     : @ 41037.095: tcs3701: stop power rail pending_off timer
11-23 00:03:04.892 29153 29185 I BatteryMgr:DataCollectionService: stats => 1700694184892,11901,4446,5493,4169000,100
11-23 00:03:04.892  1011  1189 D ASH     : @ 41037.095: tcs3701: start power rail timer, state:3
11-23 00:03:04.928 29153 29185 I BatteryMgr:DataCollectionService: stats => 1700694184927,11901,4446,5493,4169000,100
11-23 00:03:04.932  1011  1189 I ASH     : @ 41037.135: tcs3701: stop power rail pending_off timer
11-23 00:03:04.932  1011  1189 D ASH     : @ 41037.135: tcs3701: start power rail timer, state:3
11-23 00:03:04.972  1011  1189 I ASH     : @ 41037.175: tcs3701: stop power rail pending_off timer
11-23 00:03:04.972  1011  1189 D ASH     : @ 41037.175: tcs3701: start power rail timer, state:3
11-23 00:03:04.997 29153 29185 I BatteryMgr:DataCollectionService: stats => 1700694184997,11901,4446,5493,4169000,100
11-23 00:03:05.012  1011  1189 I ASH     : @ 41037.215: tcs3701: stop power rail pending_off timer
11-23 00:03:05.013  1011  1189 D ASH     : @ 41037.215: tcs3701: start power rail timer, state:3
11-23 00:03:05.031 29153 29185 I BatteryMgr:DataCollectionService: stats => 1700694185031,11901,4446,5493,4169000,100
11-23 00:03:05.051  1795  3759 D ActivityManager: freezer override set to true
11-23 00:03:05.052  1011  1189 I ASH     : @ 41037.255: tcs3701: stop power rail pending_off timer
11-23 00:03:05.052  1011  1189 D ASH     : @ 41037.255: tcs3701: start power rail timer, state:3
11-23 00:03:05.100  1011  1189 I ASH     : @ 41037.295: tcs3701: stop power rail pending_off timer
11-23 00:03:05.100  1011  1189 D ASH     : @ 41037.295: tcs3701: start power rail timer, state:3
11-23 00:03:05.105 29153 29185 I BatteryMgr:DataCollectionService: stats => 1700694185105,11901,4446,5493,4169000,100
11-23 00:03:05.132  1011  1189 I ASH     : @ 41037.335: tcs3701: stop power rail pending_off timer
11-23 00:03:05.132  1011  1189 D ASH     : @ 41037.335: tcs3701: start power rail timer, state:3
11-23 00:03:05.138 29153 29185 I BatteryMgr:DataCollectionService: stats => 1700694185138,11901,4446,5493,4169000,100
11-23 00:03:05.164 21551 21567 I m.chrome.canary: Explicit concurrent copying GC freed 3804(191KB) AllocSpace objects, 4(80KB) LOS objects, 75% free, 11MB/44MB, paused 32us,24us total 45.792ms
11-23 00:03:05.172  1011  1189 I ASH     : @ 41037.375: tcs3701: stop power rail pending_off timer
11-23 00:03:05.172  1011  1189 D ASH     : @ 41037.375: tcs3701: start power rail timer, state:3
11-23 00:03:05.210 29153 29185 I BatteryMgr:DataCollectionService: stats => 1700694185210,11901,4446,5493,4169000,100
11-23 00:03:05.212  1011  1189 I ASH     : @ 41037.415: tcs3701: stop power rail pending_off timer
11-23 00:03:05.212  1011  1189 D ASH     : @ 41037.415: tcs3701: start power rail timer, state:3
11-23 00:03:05.224  1795  3759 D ActivityManager: freezer override set to false
11-23 00:03:05.242 29153 29185 I BatteryMgr:DataCollectionService: stats => 1700694185242,11901,4446,5493,4169000,100
11-23 00:03:05.252  1011  1189 I ASH     : @ 41037.455: tcs3701: stop power rail pending_off timer
11-23 00:03:05.252  1011  1189 D ASH     : @ 41037.455: tcs3701: start power rail timer, state:3
11-23 00:03:05.265  1795  3759 D ActivityManager: freezer override set to true
11-23 00:03:05.268  1795  3759 D ActivityManager: freezer override set to false
11-23 00:03:05.292  1011  1189 I ASH     : @ 41037.495: tcs3701: stop power rail pending_off timer
11-23 00:03:05.292  1011  1189 D ASH     : @ 41037.495: tcs3701: start power rail timer, state:3
11-23 00:03:05.317 29153 29185 I BatteryMgr:DataCollectionService: stats => 1700694185317,11901,4446,5493,4169000,100
11-23 00:03:05.332  1011  1189 I ASH     : @ 41037.535: tcs3701: stop power rail pending_off timer
11-23 00:03:05.332  1011  1189 D ASH     : @ 41037.535: tcs3701: start power rail timer, state:3
11-23 00:03:05.349 29153 29185 I BatteryMgr:DataCollectionService: stats => 1700694185348,11901,4446,5493,4169000,100
11-23 00:03:05.365  1795  2424 D WifiClientModeImpl[13802:wlan0]: updateLinkLayerStatsRssiSpeedFrequencyCapabilities rssi=-45 TxLinkspeed=866 freq=5240 RxLinkSpeed=866
11-23 00:03:05.365  1795  2424 D WifiDataStall: tx tput in kbps: 784812
11-23 00:03:05.365  1795  2424 D WifiDataStall: rx tput in kbps: 784812
11-23 00:03:05.365  1795  2424 V WifiConfigManager: Updating scan detail cache freq=5240 BSSID=f4:6d:2f:12:cc:88 RSSI=-44 for "ourhome"WPA_PSK
11-23 00:03:05.365  1795  2424 D WifiChannelUtilization:  freq: 5240 onTime: 1143646 busyTime: 110968 onTimeDiff: 1143351 busyTimeDiff: 110951 utilization: 24 utilization t0: 24
11-23 00:03:05.366  1795  2424 D WifiDataStall:  ccaLevel = 24
11-23 00:03:05.366  1795  2424 D WifiDataStall: L2 txTputKbps: 784812, rxTputKbps: 784812, L3 txTputKbps: 119, rxTputKbps: 30, TxTrafficHigh: true, RxTrafficHigh: true, Throughput Sufficient: true
11-23 00:03:05.366  3213  8092 V WifiManager: OnWifiUsabilityStatsListener: onWifiUsabilityStats: seqNum=13569
11-23 00:03:05.366  1795  2424 D WifiScoreReport: Wifi scoring disabled - Don't check IP layer
11-23 00:03:05.366  1795  2424 D WifiScoreCard: BSSID update SIGNAL_POLL ID: 1320464697 SSID: "ourhome", BSSID: f4:6d:2f:12:cc:88, MAC: b2:2f:ec:da:4a:0c, IP: /192.168.1.104, Security type: 2, Supplicant state: COMPLETED, Wi-Fi standard: 5, RSSI: -45, Link speed: 866Mbps, Tx Link speed: 866Mbps, Max Supported Tx Link speed: 866Mbps, Rx Link speed: 866Mbps, Max Supported Rx Link speed: 866Mbps, Frequency: 5240MHz, Net ID: 12, Metered hint: false, score: 60, isUsable: true, CarrierMerged: false, SubscriptionId: -1, IsPrimary: 1, Trusted: true, Restricted: false, Ephemeral: false, OEM paid: false, OEM private: false, OSU AP: false, FQDN: <none>, Provider friendly name: <none>, Requesting package name: <none>"ourhome"wpa2-pskMLO Information: , Is TID-To-Link negotiation supported by the AP: false, AP MLD Address: <none>, AP MLO Link Id: <none>, AP MLO Affiliated links: <none>
11-23 00:03:05.366  1795  2424 D WifiScoreCard: txRate: 6 txSpeed: 866
11-23 00:03:05.366  1795  2424 D WifiScoreCard: network update SIGNAL_POLL "ourhome" ID: 1499892569 RSSI -45 txSpeed 866
11-23 00:03:05.366  1795  2424 D WifiClientModeImpl[13802:wlan0]:  ClientModeImpl$L2ConnectedState screen=on 3 0 "ourhome" f4:6d:2f:12:cc:88 rssi=-45 f=5240 sc=60 link=866 tx=5.5, 0.0, 0.0 rx=5.3 bcn=382758 [on:175 tx:3 rx:2 period:3014] from screen [on:204156 period:4547145] score=60
11-23 00:03:05.370  1795  3759 I WifiService: updateWifiUsabilityScore uid=10180 seqNum=13569 score=100 predictionHorizonSec=1441795
11-23 00:03:05.371  1795  2424 D WifiScoreReport: Wifi scoring disabled - Notify that Wifi is usable
11-23 00:03:05.372  1011  1189 I ASH     : @ 41037.575: tcs3701: stop power rail pending_off timer
11-23 00:03:05.372  1011  1189 D ASH     : @ 41037.575: tcs3701: start power rail timer, state:3
11-23 00:03:05.374  1795  2432 D ConnectivityService: NetReassign [no changes] [c 0] [a 0] [i 2]
11-23 00:03:05.412  1011  1189 I ASH     : @ 41037.615: tcs3701: stop power rail pending_off timer
11-23 00:03:05.412  1011  1189 D ASH     : @ 41037.615: tcs3701: start power rail timer, state:3
11-23 00:03:05.421 29153 29185 I BatteryMgr:DataCollectionService: stats => 1700694185421,11901,4446,5493,4169000,100
11-23 00:03:05.452  1011  1189 I ASH     : @ 41037.655: tcs3701: stop power rail pending_off timer
11-23 00:03:05.452  1011  1189 D ASH     : @ 41037.655: tcs3701: start power rail timer, state:3
11-23 00:03:05.453 29153 29185 I BatteryMgr:DataCollectionService: stats => 1700694185453,11901,4446,5493,4169000,100
11-23 00:03:05.492  1011  1189 I ASH     : @ 41037.695: tcs3701: stop power rail pending_off timer
11-23 00:03:05.492  1011  1189 D ASH     : @ 41037.695: tcs3701: start power rail timer, state:3
11-23 00:03:05.526 29153 29185 I BatteryMgr:DataCollectionService: stats => 1700694185526,11901,4446,5493,4169000,100
11-23 00:03:05.532  1011  1189 I ASH     : @ 41037.735: tcs3701: stop power rail pending_off timer
11-23 00:03:05.532  1011  1189 D ASH     : @ 41037.735: tcs3701: start power rail timer, state:3
11-23 00:03:05.559 29153 29185 I BatteryMgr:DataCollectionService: stats => 1700694185559,11901,4446,5493,4169000,100
11-23 00:03:05.572  1011  1189 I ASH     : @ 41037.775: tcs3701: stop power rail pending_off timer
11-23 00:03:05.572  1011  1189 D ASH     : @ 41037.775: tcs3701: start power rail timer, state:3
11-23 00:03:05.612  1011  1189 I ASH     : @ 41037.815: tcs3701: stop power rail pending_off timer
11-23 00:03:05.612  1011  1189 D ASH     : @ 41037.815: tcs3701: start power rail timer, state:3
11-23 00:03:05.631 29153 29185 I BatteryMgr:DataCollectionService: stats => 1700694185631,11901,4446,5493,4169000,100
11-23 00:03:05.652  1011  1189 I ASH     : @ 41037.855: tcs3701: stop power rail pending_off timer
11-23 00:03:05.652  1011  1189 D ASH     : @ 41037.855: tcs3701: start power rail timer, state:3
11-23 00:03:05.664 29153 29185 I BatteryMgr:DataCollectionService: stats => 1700694185664,11901,4446,5493,4169000,100
11-23 00:03:05.682  2113  2118 I pixel-thermal: skin-therm-monitor: 39.383
11-23 00:03:05.692  1011  1189 I ASH     : @ 41037.895: tcs3701: stop power rail pending_off timer
11-23 00:03:05.692  1011  1189 D ASH     : @ 41037.895: tcs3701: start power rail timer, state:3
11-23 00:03:05.732  1011  1189 I ASH     : @ 41037.935: tcs3701: stop power rail pending_off timer
11-23 00:03:05.732  1011  1189 D ASH     : @ 41037.935: tcs3701: start power rail timer, state:3
11-23 00:03:05.736 29153 29185 I BatteryMgr:DataCollectionService: stats => 1700694185736,11901,4446,5493,4169000,100
11-23 00:03:05.769 29153 29185 I BatteryMgr:DataCollectionService: stats => 1700694185769,11901,4446,5493,4169000,100
11-23 00:03:05.772  1011  1189 I ASH     : @ 41037.975: tcs3701: stop power rail pending_off timer
11-23 00:03:05.772  1011  1189 D ASH     : @ 41037.975: tcs3701: start power rail timer, state:3
11-23 00:03:05.811  1011  1189 I ASH     : @ 41038.015: tcs3701: stop power rail pending_off timer
11-23 00:03:05.812  1011  1189 D ASH     : @ 41038.015: tcs3701: start power rail timer, state:3
11-23 00:03:05.841 29153 29185 I BatteryMgr:DataCollectionService: stats => 1700694185841,11901,4446,5493,4169000,100
11-23 00:03:05.852  1011  1189 I ASH     : @ 41038.055: tcs3701: stop power rail pending_off timer
11-23 00:03:05.852  1011  1189 D ASH     : @ 41038.055: tcs3701: start power rail timer, state:3
11-23 00:03:05.876 29153 29185 I BatteryMgr:DataCollectionService: stats => 1700694185876,11901,4446,5493,4169000,100
11-23 00:03:05.892  1011  1189 I ASH     : @ 41038.095: tcs3701: stop power rail pending_off timer
11-23 00:03:05.892  1011  1189 D ASH     : @ 41038.095: tcs3701: start power rail timer, state:3
11-23 00:03:05.932  1011  1189 I ASH     : @ 41038.135: tcs3701: stop power rail pending_off timer
11-23 00:03:05.932  1011  1189 D ASH     : @ 41038.135: tcs3701: start power rail timer, state:3
11-23 00:03:05.945 29153 29185 I BatteryMgr:DataCollectionService: stats => 1700694185945,11901,4446,5493,4169000,100
11-23 00:03:05.972  1011  1189 I ASH     : @ 41038.175: tcs3701: stop power rail pending_off timer
11-23 00:03:05.972  1011  1189 D ASH     : @ 41038.175: tcs3701: start power rail timer, state:3
11-23 00:03:05.981 29153 29185 I BatteryMgr:DataCollectionService: stats => 1700694185981,11901,4446,5493,4169000,100
11-23 00:03:06.012  1011  1189 I ASH     : @ 41038.215: tcs3701: stop power rail pending_off timer
11-23 00:03:06.012  1011  1189 D ASH     : @ 41038.215: tcs3701: start power rail timer, state:3
11-23 00:03:06.050 29153 29185 I BatteryMgr:DataCollectionService: stats => 1700694186050,11901,4446,5493,4169000,100
11-23 00:03:06.052  1011  1189 I ASH     : @ 41038.255: tcs3701: stop power rail pending_off timer
11-23 00:03:06.052  1011  1189 D ASH     : @ 41038.255: tcs3701: start power rail timer, state:3
11-23 00:03:06.090 29153 29185 I BatteryMgr:DataCollectionService: stats => 1700694186090,11901,4446,5493,4169000,100
11-23 00:03:06.092  1011  1189 I ASH     : @ 41038.295: tcs3701: stop power rail pending_off timer
11-23 00:03:06.092  1011  1189 D ASH     : @ 41038.295: tcs3701: start power rail timer, state:3
11-23 00:03:06.095  1795  3759 D ActivityManager: freezer override set to true
11-23 00:03:06.099  1795  3759 D ActivityManager: freezer override set to false
11-23 00:03:06.132  1011  1189 I ASH     : @ 41038.335: tcs3701: stop power rail pending_off timer
11-23 00:03:06.132  1011  1189 D ASH     : @ 41038.335: tcs3701: start power rail timer, state:3
11-23 00:03:06.155 29153 29185 I BatteryMgr:DataCollectionService: stats => 1700694186154,11901,4446,5493,4169000,100
11-23 00:03:06.172  1011  1189 I ASH     : @ 41038.375: tcs3701: stop power rail pending_off timer
11-23 00:03:06.172  1011  1189 D ASH     : @ 41038.375: tcs3701: start power rail timer, state:3
11-23 00:03:06.196 29153 29185 I BatteryMgr:DataCollectionService: stats => 1700694186196,11901,4446,5493,4169000,100
11-23 00:03:06.212  1011  1189 I ASH     : @ 41038.415: tcs3701: stop power rail pending_off timer
11-23 00:03:06.212  1011  1189 D ASH     : @ 41038.415: tcs3701: start power rail timer, state:3
11-23 00:03:06.252  1011  1189 I ASH     : @ 41038.455: tcs3701: stop power rail pending_off timer
11-23 00:03:06.252  1011  1189 D ASH     : @ 41038.455: tcs3701: start power rail timer, state:3
11-23 00:03:06.259 29153 29185 I BatteryMgr:DataCollectionService: stats => 1700694186259,11901,4446,5493,4169000,100
11-23 00:03:06.291  1011  1189 I ASH     : @ 41038.495: tcs3701: stop power rail pending_off timer
11-23 00:03:06.292  1011  1189 D ASH     : @ 41038.495: tcs3701: start power rail timer, state:3
11-23 00:03:06.300 29153 29185 I BatteryMgr:DataCollectionService: stats => 1700694186300,11901,4446,5493,4169000,100
11-23 00:03:06.332  1011  1189 I ASH     : @ 41038.535: tcs3701: stop power rail pending_off timer
11-23 00:03:06.332  1011  1189 D ASH     : @ 41038.535: tcs3701: start power rail timer, state:3
11-23 00:03:06.367 29153 29185 I BatteryMgr:DataCollectionService: stats => 1700694186367,11901,4446,5493,4169000,100
11-23 00:03:06.372  1011  1189 I ASH     : @ 41038.575: tcs3701: stop power rail pending_off timer
11-23 00:03:06.372  1011  1189 D ASH     : @ 41038.575: tcs3701: start power rail timer, state:3
11-23 00:03:06.404 29153 29185 I BatteryMgr:DataCollectionService: stats => 1700694186404,11901,4446,5493,4169000,100
11-23 00:03:06.412  1011  1189 I ASH     : @ 41038.615: tcs3701: stop power rail pending_off timer
11-23 00:03:06.412  1011  1189 D ASH     : @ 41038.615: tcs3701: start power rail timer, state:3
11-23 00:03:06.421  1795  3759 D ActivityManager: freezer override set to true
11-23 00:03:06.452  1011  1189 I ASH     : @ 41038.655: tcs3701: stop power rail pending_off timer
11-23 00:03:06.452  1011  1189 D ASH     : @ 41038.655: tcs3701: start power rail timer, state:3
11-23 00:03:06.473 29153 29185 I BatteryMgr:DataCollectionService: stats => 1700694186473,11901,4446,5493,4169000,100
11-23 00:03:06.492  1011  1189 I ASH     : @ 41038.695: tcs3701: stop power rail pending_off timer
11-23 00:03:06.492  1011  1189 D ASH     : @ 41038.695: tcs3701: start power rail timer, state:3
11-23 00:03:06.510 29153 29185 I BatteryMgr:DataCollectionService: stats => 1700694186510,11901,4446,5493,4169000,100
11-23 00:03:06.532  1011  1189 I ASH     : @ 41038.735: tcs3701: stop power rail pending_off timer
11-23 00:03:06.532  1011  1189 D ASH     : @ 41038.735: tcs3701: start power rail timer, state:3
11-23 00:03:06.572  1011  1189 I ASH     : @ 41038.775: tcs3701: stop power rail pending_off timer
11-23 00:03:06.572  1011  1189 D ASH     : @ 41038.775: tcs3701: start power rail timer, state:3
11-23 00:03:06.578 29153 29185 I BatteryMgr:DataCollectionService: stats => 1700694186578,11901,4446,5493,4169000,100
11-23 00:03:06.582 21551 21567 I m.chrome.canary: Explicit concurrent copying GC freed 3596(176KB) AllocSpace objects, 3(60KB) LOS objects, 75% free, 11MB/44MB, paused 35us,25us total 46.800ms
11-23 00:03:06.612  1011  1189 I ASH     : @ 41038.815: tcs3701: stop power rail pending_off timer
11-23 00:03:06.612  1011  1189 D ASH     : @ 41038.815: tcs3701: start power rail timer, state:3
11-23 00:03:06.614 29153 29185 I BatteryMgr:DataCollectionService: stats => 1700694186614,11901,4446,5493,4169000,100
11-23 00:03:06.642  1795  3759 D ActivityManager: freezer override set to false
11-23 00:03:06.652  1011  1189 I ASH     : @ 41038.855: tcs3701: stop power rail pending_off timer
11-23 00:03:06.652  1011  1189 D ASH     : @ 41038.855: tcs3701: start power rail timer, state:3
11-23 00:03:06.685 29153 29185 I BatteryMgr:DataCollectionService: stats => 1700694186684,11901,4446,5493,4169000,100
11-23 00:03:06.690  1795  3759 D ActivityManager: freezer override set to true
11-23 00:03:06.692  1795  3759 D ActivityManager: freezer override set to false
11-23 00:03:06.692  1011  1189 I ASH     : @ 41038.895: tcs3701: stop power rail pending_off timer
11-23 00:03:06.692  1011  1189 D ASH     : @ 41038.895: tcs3701: start power rail timer, state:3
11-23 00:03:06.720 29153 29185 I BatteryMgr:DataCollectionService: stats => 1700694186720,11901,4446,5493,4169000,100
11-23 00:03:06.732  1011  1189 I ASH     : @ 41038.935: tcs3701: stop power rail pending_off timer
11-23 00:03:06.732  1011  1189 D ASH     : @ 41038.935: tcs3701: start power rail timer, state:3
11-23 00:03:06.773  1011  1189 I ASH     : @ 41038.975: tcs3701: stop power rail pending_off timer
11-23 00:03:06.773  1011  1189 D ASH     : @ 41038.975: tcs3701: start power rail timer, state:3
11-23 00:03:06.790 29153 29185 I BatteryMgr:DataCollectionService: stats => 1700694186789,11901,4446,5493,4169000,100
11-23 00:03:06.812  1011  1189 I ASH     : @ 41039.015: tcs3701: stop power rail pending_off timer
11-23 00:03:06.812  1011  1189 D ASH     : @ 41039.015: tcs3701: start power rail timer, state:3
11-23 00:03:06.825 29153 29185 I BatteryMgr:DataCollectionService: stats => 1700694186824,11901,4446,5493,4169000,100
11-23 00:03:06.852  1011  1189 I ASH     : @ 41039.055: tcs3701: stop power rail pending_off timer
11-23 00:03:06.852  1011  1189 D ASH     : @ 41039.055: tcs3701: start power rail timer, state:3
11-23 00:03:06.892  1011  1189 I ASH     : @ 41039.095: tcs3701: stop power rail pending_off timer
11-23 00:03:06.893  1011  1189 D ASH     : @ 41039.095: tcs3701: start power rail timer, state:3
11-23 00:03:06.894 29153 29185 I BatteryMgr:DataCollectionService: stats => 1700694186894,11901,4446,5493,4169000,100
11-23 00:03:06.928 29153 29185 I BatteryMgr:DataCollectionService: stats => 1700694186928,11901,4446,5493,4169000,100
11-23 00:03:06.932  1011  1189 I ASH     : @ 41039.135: tcs3701: stop power rail pending_off timer
11-23 00:03:06.932  1011  1189 D ASH     : @ 41039.135: tcs3701: start power rail timer, state:3
11-23 00:03:06.972  1011  1189 I ASH     : @ 41039.175: tcs3701: stop power rail pending_off timer
11-23 00:03:06.972  1011  1189 D ASH     : @ 41039.175: tcs3701: start power rail timer, state:3
11-23 00:03:06.999 29153 29185 I BatteryMgr:DataCollectionService: stats => 1700694186999,11901,4446,5493,4169000,100
11-23 00:03:07.012  1011  1189 I ASH     : @ 41039.215: tcs3701: stop power rail pending_off timer
11-23 00:03:07.012  1011  1189 D ASH     : @ 41039.215: tcs3701: start power rail timer, state:3
11-23 00:03:07.033 29153 29185 I BatteryMgr:DataCollectionService: stats => 1700694187033,11901,4446,5493,4169000,100
11-23 00:03:07.052  1011  1189 I ASH     : @ 41039.255: tcs3701: stop power rail pending_off timer
11-23 00:03:07.052  1011  1189 D ASH     : @ 41039.255: tcs3701: start power rail timer, state:3
11-23 00:03:07.092  1011  1189 I ASH     : @ 41039.295: tcs3701: stop power rail pending_off timer
11-23 00:03:07.092  1011  1189 D ASH     : @ 41039.295: tcs3701: start power rail timer, state:3
11-23 00:03:07.095  1795  3659 D ActivityManager: freezer override set to true
11-23 00:03:07.101  1795  3659 D ActivityManager: freezer override set to false
11-23 00:03:07.104 29153 29185 I BatteryMgr:DataCollectionService: stats => 1700694187104,11901,4446,5493,4169000,100
11-23 00:03:07.132  1011  1189 I ASH     : @ 41039.335: tcs3701: stop power rail pending_off timer
11-23 00:03:07.132  1011  1189 D ASH     : @ 41039.335: tcs3701: start power rail timer, state:3
11-23 00:03:07.139 29153 29185 I BatteryMgr:DataCollectionService: stats => 1700694187139,11901,4446,5493,4169000,100
11-23 00:03:07.172  1011  1189 I ASH     : @ 41039.375: tcs3701: stop power rail pending_off timer
11-23 00:03:07.173  1011  1189 D ASH     : @ 41039.375: tcs3701: start power rail timer, state:3
11-23 00:03:07.210 29153 29185 I BatteryMgr:DataCollectionService: stats => 1700694187210,12512,4446,5493,4169000,100
11-23 00:03:07.212  1011  1189 I ASH     : @ 41039.415: tcs3701: stop power rail pending_off timer
11-23 00:03:07.212  1011  1189 D ASH     : @ 41039.415: tcs3701: start power rail timer, state:3
11-23 00:03:07.244 29153 29185 I BatteryMgr:DataCollectionService: stats => 1700694187244,12512,4446,5493,4169000,100
11-23 00:03:07.252  1011  1189 I ASH     : @ 41039.455: tcs3701: stop power rail pending_off timer
11-23 00:03:07.252  1011  1189 D ASH     : @ 41039.455: tcs3701: start power rail timer, state:3
11-23 00:03:07.292  1011  1189 I ASH     : @ 41039.495: tcs3701: stop power rail pending_off timer
11-23 00:03:07.292  1011  1189 D ASH     : @ 41039.495: tcs3701: start power rail timer, state:3
11-23 00:03:07.314 29153 29185 I BatteryMgr:DataCollectionService: stats => 1700694187314,12512,4446,5493,4169000,100
11-23 00:03:07.332  1011  1189 I ASH     : @ 41039.535: tcs3701: stop power rail pending_off timer
11-23 00:03:07.332  1011  1189 D ASH     : @ 41039.535: tcs3701: start power rail timer, state:3
11-23 00:03:07.348 29153 29185 I BatteryMgr:DataCollectionService: stats => 1700694187348,12512,4446,5493,4169000,100
11-23 00:03:07.372  1011  1189 I ASH     : @ 41039.575: tcs3701: stop power rail pending_off timer
11-23 00:03:07.372  1011  1189 D ASH     : @ 41039.575: tcs3701: start power rail timer, state:3
11-23 00:03:07.412  1011  1189 I ASH     : @ 41039.615: tcs3701: stop power rail pending_off timer
11-23 00:03:07.412  1011  1189 D ASH     : @ 41039.615: tcs3701: start power rail timer, state:3
11-23 00:03:07.418 29153 29185 I BatteryMgr:DataCollectionService: stats => 1700694187418,12512,4446,5493,4169000,100
11-23 00:03:07.452  1011  1189 I ASH     : @ 41039.655: tcs3701: stop power rail pending_off timer
11-23 00:03:07.452  1011  1189 D ASH     : @ 41039.655: tcs3701: start power rail timer, state:3
11-23 00:03:07.453 29153 29185 I BatteryMgr:DataCollectionService: stats => 1700694187453,12512,4446,5493,4169000,100
11-23 00:03:07.492  1011  1189 I ASH     : @ 41039.695: tcs3701: stop power rail pending_off timer
11-23 00:03:07.492  1011  1189 D ASH     : @ 41039.695: tcs3701: start power rail timer, state:3
11-23 00:03:07.524 29153 29185 I BatteryMgr:DataCollectionService: stats => 1700694187524,12512,4446,5493,4169000,100
11-23 00:03:07.532  1011  1189 I ASH     : @ 41039.735: tcs3701: stop power rail pending_off timer
11-23 00:03:07.532  1011  1189 D ASH     : @ 41039.735: tcs3701: start power rail timer, state:3
11-23 00:03:07.558 29153 29185 I BatteryMgr:DataCollectionService: stats => 1700694187558,12512,4446,5493,4169000,100
11-23 00:03:07.572  1011  1189 I ASH     : @ 41039.775: tcs3701: stop power rail pending_off timer
11-23 00:03:07.572  1011  1189 D ASH     : @ 41039.775: tcs3701: start power rail timer, state:3
11-23 00:03:07.612  1011  1189 I ASH     : @ 41039.815: tcs3701: stop power rail pending_off timer
11-23 00:03:07.612  1011  1189 D ASH     : @ 41039.815: tcs3701: start power rail timer, state:3
11-23 00:03:07.628 29153 29185 I BatteryMgr:DataCollectionService: stats => 1700694187628,12512,4446,5493,4169000,100
11-23 00:03:07.652  1011  1189 I ASH     : @ 41039.855: tcs3701: stop power rail pending_off timer
11-23 00:03:07.652  1011  1189 D ASH     : @ 41039.855: tcs3701: start power rail timer, state:3
11-23 00:03:07.662 29153 29185 I BatteryMgr:DataCollectionService: stats => 1700694187662,12512,4446,5493,4169000,100
11-23 00:03:07.685  2113  2118 I pixel-thermal: skin-therm-monitor: 39.41
11-23 00:03:07.692  1011  1189 I ASH     : @ 41039.895: tcs3701: stop power rail pending_off timer
11-23 00:03:07.692  1011  1189 D ASH     : @ 41039.895: tcs3701: start power rail timer, state:3
11-23 00:03:07.732  1011  1189 I ASH     : @ 41039.935: tcs3701: stop power rail pending_off timer
11-23 00:03:07.732  1011  1189 D ASH     : @ 41039.935: tcs3701: start power rail timer, state:3
11-23 00:03:07.736 29153 29185 I BatteryMgr:DataCollectionService: stats => 1700694187736,12512,4446,5493,4169000,100
11-23 00:03:07.767 29153 29185 I BatteryMgr:DataCollectionService: stats => 1700694187767,12512,4446,5493,4169000,100
11-23 00:03:07.772  1011  1189 I ASH     : @ 41039.975: tcs3701: stop power rail pending_off timer
11-23 00:03:07.772  1011  1189 D ASH     : @ 41039.975: tcs3701: start power rail timer, state:3
11-23 00:03:07.813  1011  1189 I ASH     : @ 41040.015: tcs3701: stop power rail pending_off timer
11-23 00:03:07.813  1011  1189 D ASH     : @ 41040.015: tcs3701: start power rail timer, state:3
11-23 00:03:07.847 29153 29185 I BatteryMgr:DataCollectionService: stats => 1700694187847,12512,4446,5493,4169000,100
11-23 00:03:07.848  1795  3659 D ActivityManager: freezer override set to true
11-23 00:03:07.853  1011  1189 I ASH     : @ 41040.055: tcs3701: stop power rail pending_off timer
11-23 00:03:07.853  1011  1189 D ASH     : @ 41040.055: tcs3701: start power rail timer, state:3
11-23 00:03:07.871 29153 29185 I BatteryMgr:DataCollectionService: stats => 1700694187871,12512,4446,5493,4169000,100
11-23 00:03:07.892  1011  1189 I ASH     : @ 41040.095: tcs3701: stop power rail pending_off timer
11-23 00:03:07.892  1011  1189 D ASH     : @ 41040.095: tcs3701: start power rail timer, state:3
11-23 00:03:07.932  1011  1189 I ASH     : @ 41040.135: tcs3701: stop power rail pending_off timer
11-23 00:03:07.932  1011  1189 D ASH     : @ 41040.135: tcs3701: start power rail timer, state:3
11-23 00:03:07.952 29153 29185 I BatteryMgr:DataCollectionService: stats => 1700694187952,12512,4446,5493,4169000,100
11-23 00:03:07.972  1011  1189 I ASH     : @ 41040.175: tcs3701: stop power rail pending_off timer
11-23 00:03:07.972  1011  1189 D ASH     : @ 41040.175: tcs3701: start power rail timer, state:3
11-23 00:03:07.978 29153 29185 I BatteryMgr:DataCollectionService: stats => 1700694187978,12512,4446,5493,4169000,100
11-23 00:03:07.981 21551 21567 I m.chrome.canary: Explicit concurrent copying GC freed 3578(176KB) AllocSpace objects, 3(60KB) LOS objects, 75% free, 11MB/44MB, paused 32us,23us total 44.730ms
11-23 00:03:08.012  1011  1189 I ASH     : @ 41040.215: tcs3701: stop power rail pending_off timer
11-23 00:03:08.012  1011  1189 D ASH     : @ 41040.215: tcs3701: start power rail timer, state:3
11-23 00:03:08.036  1795  3659 D ActivityManager: freezer override set to false
11-23 00:03:08.052  1011  1189 I ASH     : @ 41040.255: tcs3701: stop power rail pending_off timer
11-23 00:03:08.053  1011  1189 D ASH     : @ 41040.255: tcs3701: start power rail timer, state:3
11-23 00:03:08.058 29153 29185 I BatteryMgr:DataCollectionService: stats => 1700694188058,12512,4446,5493,4169000,100
11-23 00:03:08.075  1795  3659 D ActivityManager: freezer override set to true
11-23 00:03:08.079  1795  3659 D ActivityManager: freezer override set to false
11-23 00:03:08.083 29153 29185 I BatteryMgr:DataCollectionService: stats => 1700694188083,12512,4446,5493,4169000,100
11-23 00:03:08.092  1011  1189 I ASH     : @ 41040.295: tcs3701: stop power rail pending_off timer
11-23 00:03:08.092  1011  1189 D ASH     : @ 41040.295: tcs3701: start power rail timer, state:3
11-23 00:03:08.104  1795  3659 D ActivityManager: freezer override set to true
11-23 00:03:08.109  1795  3659 D ActivityManager: freezer override set to false
11-23 00:03:08.132  1011  1189 I ASH     : @ 41040.335: tcs3701: stop power rail pending_off timer
11-23 00:03:08.132  1011  1189 D ASH     : @ 41040.335: tcs3701: start power rail timer, state:3
11-23 00:03:08.162 29153 29185 I BatteryMgr:DataCollectionService: stats => 1700694188162,12512,4446,5493,4169000,100
11-23 00:03:08.172  1011  1189 I ASH     : @ 41040.375: tcs3701: stop power rail pending_off timer
11-23 00:03:08.172  1011  1189 D ASH     : @ 41040.375: tcs3701: start power rail timer, state:3
11-23 00:03:08.187 29153 29185 I BatteryMgr:DataCollectionService: stats => 1700694188187,12512,4446,5493,4169000,100
11-23 00:03:08.212  1011  1189 I ASH     : @ 41040.415: tcs3701: stop power rail pending_off timer
11-23 00:03:08.212  1011  1189 D ASH     : @ 41040.415: tcs3701: start power rail timer, state:3
11-23 00:03:08.252  1011  1189 I ASH     : @ 41040.455: tcs3701: stop power rail pending_off timer
11-23 00:03:08.252  1011  1189 D ASH     : @ 41040.455: tcs3701: start power rail timer, state:3
11-23 00:03:08.268 29153 29185 I BatteryMgr:DataCollectionService: stats => 1700694188268,12512,4446,5493,4169000,100
11-23 00:03:08.292  1011  1189 I ASH     : @ 41040.495: tcs3701: stop power rail pending_off timer
11-23 00:03:08.292  1011  1189 D ASH     : @ 41040.495: tcs3701: start power rail timer, state:3
11-23 00:03:08.292 29153 29185 I BatteryMgr:DataCollectionService: stats => 1700694188292,12512,4446,5493,4169000,100
11-23 00:03:08.332  1011  1189 I ASH     : @ 41040.535: tcs3701: stop power rail pending_off timer
11-23 00:03:08.333  1011  1189 D ASH     : @ 41040.535: tcs3701: start power rail timer, state:3
11-23 00:03:08.372  1011  1189 I ASH     : @ 41040.575: tcs3701: stop power rail pending_off timer
11-23 00:03:08.372  1011  1189 D ASH     : @ 41040.575: tcs3701: start power rail timer, state:3
11-23 00:03:08.372 29153 29185 I BatteryMgr:DataCollectionService: stats => 1700694188372,12512,4446,5493,4169000,100
11-23 00:03:08.377  1795  2424 D WifiClientModeImpl[13802:wlan0]: updateLinkLayerStatsRssiSpeedFrequencyCapabilities rssi=-45 TxLinkspeed=866 freq=5240 RxLinkSpeed=866
11-23 00:03:08.378  1795  2424 D WifiDataStall: tx tput in kbps: 784812
11-23 00:03:08.378  1795  2424 D WifiDataStall: rx tput in kbps: 784812
11-23 00:03:08.378  1795  2424 V WifiConfigManager: Updating scan detail cache freq=5240 BSSID=f4:6d:2f:12:cc:88 RSSI=-44 for "ourhome"WPA_PSK
11-23 00:03:08.378  1795  2424 D WifiChannelUtilization:  freq: 5240 onTime: 1143799 busyTime: 110991 onTimeDiff: 1143504 busyTimeDiff: 110974 utilization: 24 utilization t0: 24
11-23 00:03:08.378  1795  2424 D WifiDataStall:  ccaLevel = 24
11-23 00:03:08.378  1795  2424 D WifiDataStall: L2 txTputKbps: 745571, rxTputKbps: 784812, L3 txTputKbps: 20, rxTputKbps: 1, TxTrafficHigh: false, RxTrafficHigh: false, Throughput Sufficient: true
11-23 00:03:08.378  3213  8092 V WifiManager: OnWifiUsabilityStatsListener: onWifiUsabilityStats: seqNum=13570
11-23 00:03:08.378  1795  2424 D WifiScoreReport: Wifi scoring disabled - Don't check IP layer
11-23 00:03:08.378  1795  2424 D WifiScoreCard: BSSID update SIGNAL_POLL ID: 1320464697 SSID: "ourhome", BSSID: f4:6d:2f:12:cc:88, MAC: b2:2f:ec:da:4a:0c, IP: /192.168.1.104, Security type: 2, Supplicant state: COMPLETED, Wi-Fi standard: 5, RSSI: -45, Link speed: 866Mbps, Tx Link speed: 866Mbps, Max Supported Tx Link speed: 866Mbps, Rx Link speed: 866Mbps, Max Supported Rx Link speed: 866Mbps, Frequency: 5240MHz, Net ID: 12, Metered hint: false, score: 60, isUsable: true, CarrierMerged: false, SubscriptionId: -1, IsPrimary: 1, Trusted: true, Restricted: false, Ephemeral: false, OEM paid: false, OEM private: false, OSU AP: false, FQDN: <none>, Provider friendly name: <none>, Requesting package name: <none>"ourhome"wpa2-pskMLO Information: , Is TID-To-Link negotiation supported by the AP: false, AP MLD Address: <none>, AP MLO Link Id: <none>, AP MLO Affiliated links: <none>
11-23 00:03:08.378  1795  2424 D WifiScoreCard: txRate: 3 txSpeed: 866
11-23 00:03:08.378  1795  3659 I WifiService: updateWifiUsabilityScore uid=10180 seqNum=13570 score=100 predictionHorizonSec=1441795
11-23 00:03:08.378  1795  2424 D WifiScoreCard: network update SIGNAL_POLL "ourhome" ID: 1499892569 RSSI -45 txSpeed -1
11-23 00:03:08.379  1795  2424 D WifiClientModeImpl[13802:wlan0]:  ClientModeImpl$L2ConnectedState screen=on 3 0 "ourhome" f4:6d:2f:12:cc:88 rssi=-45 f=5240 sc=60 link=866 tx=2.6, 0.0, 0.0 rx=2.5 bcn=382786 [on:153 tx:2 rx:1 period:3013] from screen [on:204309 period:4550158] score=60
11-23 00:03:08.379  1795  2424 D WifiScoreReport: Wifi scoring disabled - Notify that Wifi is usable
11-23 00:03:08.382  1795  2432 D ConnectivityService: NetReassign [no changes] [c 1] [a 0] [i 2]
11-23 00:03:08.397 29153 29185 I BatteryMgr:DataCollectionService: stats => 1700694188397,12512,4446,5493,4169000,100
11-23 00:03:08.412  1011  1189 I ASH     : @ 41040.615: tcs3701: stop power rail pending_off timer
11-23 00:03:08.412  1011  1189 D ASH     : @ 41040.615: tcs3701: start power rail timer, state:3
11-23 00:03:08.452  1011  1189 I ASH     : @ 41040.655: tcs3701: stop power rail pending_off timer
11-23 00:03:08.452  1011  1189 D ASH     : @ 41040.655: tcs3701: start power rail timer, state:3
11-23 00:03:08.476 29153 29185 I BatteryMgr:DataCollectionService: stats => 1700694188476,12512,4446,5493,4169000,100
11-23 00:03:08.492  1011  1189 I ASH     : @ 41040.695: tcs3701: stop power rail pending_off timer
11-23 00:03:08.492  1011  1189 D ASH     : @ 41040.695: tcs3701: start power rail timer, state:3
11-23 00:03:08.503 29153 29185 I BatteryMgr:DataCollectionService: stats => 1700694188503,12512,4446,5493,4169000,100
11-23 00:03:08.532  1011  1189 I ASH     : @ 41040.735: tcs3701: stop power rail pending_off timer
11-23 00:03:08.532  1011  1189 D ASH     : @ 41040.735: tcs3701: start power rail timer, state:3
