11-23 00:03:26.052  1011  1189 I ASH     : @ 41058.255: tcs3701: stop power rail pending_off timer
11-23 00:03:26.052  1011  1189 D ASH     : @ 41058.255: tcs3701: start power rail timer, state:3
11-23 00:03:26.073 29153 29185 I BatteryMgr:DataCollectionService: stats => 1700694206073,12207,4446,5493,4169000,100
11-23 00:03:26.092  1011  1189 I ASH     : @ 41058.295: tcs3701: stop power rail pending_off timer
11-23 00:03:26.092  1011  1189 D ASH     : @ 41058.295: tcs3701: start power rail timer, state:3
11-23 00:03:26.110 29153 29185 I BatteryMgr:DataCollectionService: stats => 1700694206110,12207,4446,5493,4169000,100
11-23 00:03:26.132  1011  1189 I ASH     : @ 41058.335: tcs3701: stop power rail pending_off timer
11-23 00:03:26.132  1011  1189 D ASH     : @ 41058.335: tcs3701: start power rail timer, state:3
11-23 00:03:26.138  1795  3716 D ActivityManager: freezer override set to true
11-23 00:03:26.143  1795  3716 D ActivityManager: freezer override set to false
11-23 00:03:26.172  1011  1189 I ASH     : @ 41058.375: tcs3701: stop power rail pending_off timer
11-23 00:03:26.172  1011  1189 D ASH     : @ 41058.375: tcs3701: start power rail timer, state:3
11-23 00:03:26.177 29153 29185 I BatteryMgr:DataCollectionService: stats => 1700694206177,12207,4446,5493,4169000,100
11-23 00:03:26.212  1011  1189 I ASH     : @ 41058.415: tcs3701: stop power rail pending_off timer
11-23 00:03:26.212  1011  1189 D ASH     : @ 41058.415: tcs3701: start power rail timer, state:3
11-23 00:03:26.215 29153 29185 I BatteryMgr:DataCollectionService: stats => 1700694206215,12207,4446,5493,4169000,100
11-23 00:03:26.252  1011  1189 I ASH     : @ 41058.455: tcs3701: stop power rail pending_off timer
11-23 00:03:26.252  1011  1189 D ASH     : @ 41058.455: tcs3701: start power rail timer, state:3
11-23 00:03:26.281 29153 29185 I BatteryMgr:DataCollectionService: stats => 1700694206281,12207,4446,5493,4169000,100
11-23 00:03:26.292  1011  1189 I ASH     : @ 41058.495: tcs3701: stop power rail pending_off timer
11-23 00:03:26.292  1011  1189 D ASH     : @ 41058.495: tcs3701: start power rail timer, state:3
11-23 00:03:26.319 29153 29185 I BatteryMgr:DataCollectionService: stats => 1700694206319,12207,4446,5493,4169000,100
11-23 00:03:26.332  1011  1189 I ASH     : @ 41058.535: tcs3701: stop power rail pending_off timer
11-23 00:03:26.332  1011  1189 D ASH     : @ 41058.535: tcs3701: start power rail timer, state:3
11-23 00:03:26.372  1011  1189 I ASH     : @ 41058.575: tcs3701: stop power rail pending_off timer
11-23 00:03:26.372  1011  1189 D ASH     : @ 41058.575: tcs3701: start power rail timer, state:3
11-23 00:03:26.386 29153 29185 I BatteryMgr:DataCollectionService: stats => 1700694206386,12207,4446,5493,4169000,100
11-23 00:03:26.412  1011  1189 I ASH     : @ 41058.615: tcs3701: stop power rail pending_off timer
11-23 00:03:26.412  1011  1189 D ASH     : @ 41058.615: tcs3701: start power rail timer, state:3
11-23 00:03:26.423 29153 29185 I BatteryMgr:DataCollectionService: stats => 1700694206423,12207,4446,5493,4169000,100
11-23 00:03:26.449  1795  2424 D WifiClientModeImpl[13802:wlan0]: updateLinkLayerStatsRssiSpeedFrequencyCapabilities rssi=-45 TxLinkspeed=866 freq=5240 RxLinkSpeed=866
11-23 00:03:26.450  1795  2424 D WifiDataStall: tx tput in kbps: 745571
11-23 00:03:26.450  1795  2424 D WifiDataStall: rx tput in kbps: 784812
11-23 00:03:26.450  1795  2424 V WifiConfigManager: Updating scan detail cache freq=5240 BSSID=f4:6d:2f:12:cc:88 RSSI=-44 for "ourhome"WPA_PSK
11-23 00:03:26.450  1795  2424 D WifiChannelUtilization:  freq: 5240 onTime: 1143829 busyTime: 110991 onTimeDiff: 1143534 busyTimeDiff: 110974 utilization: 24 utilization t0: 24
11-23 00:03:26.450  1795  2424 D WifiDataStall:  ccaLevel = 24
11-23 00:03:26.450  1795  2424 D WifiDataStall: L2 txTputKbps: 745571, rxTputKbps: 784812, L3 txTputKbps: 0, rxTputKbps: 0, TxTrafficHigh: false, RxTrafficHigh: false, Throughput Sufficient: true
11-23 00:03:26.450  3213  8092 V WifiManager: OnWifiUsabilityStatsListener: onWifiUsabilityStats: seqNum=13576
11-23 00:03:26.450  1795  2424 D WifiScoreReport: Wifi scoring disabled - Don't check IP layer
11-23 00:03:26.450  1795  2424 D WifiScoreCard: BSSID update SIGNAL_POLL ID: 1320464697 SSID: "ourhome", BSSID: f4:6d:2f:12:cc:88, MAC: b2:2f:ec:da:4a:0c, IP: /192.168.1.104, Security type: 2, Supplicant state: COMPLETED, Wi-Fi standard: 5, RSSI: -45, Link speed: 866Mbps, Tx Link speed: 866Mbps, Max Supported Tx Link speed: 866Mbps, Rx Link speed: 866Mbps, Max Supported Rx Link speed: 866Mbps, Frequency: 5240MHz, Net ID: 12, Metered hint: false, score: 60, isUsable: true, CarrierMerged: false, SubscriptionId: -1, IsPrimary: 1, Trusted: true, Restricted: false, Ephemeral: false, OEM paid: false, OEM private: false, OSU AP: false, FQDN: <none>, Provider friendly name: <none>, Requesting package name: <none>"ourhome"wpa2-pskMLO Information: , Is TID-To-Link negotiation supported by the AP: false, AP MLD Address: <none>, AP MLO Link Id: <none>, AP MLO Affiliated links: <none>
11-23 00:03:26.450  1795  2424 D WifiScoreCard: txRate: 1 txSpeed: 866
11-23 00:03:26.450  1795  2424 D WifiScoreCard: network update SIGNAL_POLL "ourhome" ID: 1499892569 RSSI -45 txSpeed -1
11-23 00:03:26.450  1795  2424 D WifiClientModeImpl[13802:wlan0]:  ClientModeImpl$L2ConnectedState screen=on 3 0 "ourhome" f4:6d:2f:12:cc:88 rssi=-45 f=5240 sc=60 link=866 tx=0.0, 0.0, 0.0 rx=0.0 bcn=382963 [on:0 tx:0 rx:0 period:3011] from screen [on:204339 period:4568229] score=60
11-23 00:03:26.450  1795  3659 I WifiService: updateWifiUsabilityScore uid=10180 seqNum=13576 score=100 predictionHorizonSec=1441795
11-23 00:03:26.451  1795  2424 D WifiScoreReport: Wifi scoring disabled - Notify that Wifi is usable
11-23 00:03:26.452  1011  1189 I ASH     : @ 41058.655: tcs3701: stop power rail pending_off timer
11-23 00:03:26.452  1011  1189 D ASH     : @ 41058.655: tcs3701: start power rail timer, state:3
11-23 00:03:26.453  1795  2432 D ConnectivityService: NetReassign [no changes] [c 0] [a 1] [i 1]
11-23 00:03:26.490 29153 29185 I BatteryMgr:DataCollectionService: stats => 1700694206490,12207,4446,5493,4169000,100
11-23 00:03:26.492  1011  1189 I ASH     : @ 41058.695: tcs3701: stop power rail pending_off timer
11-23 00:03:26.492  1011  1189 D ASH     : @ 41058.695: tcs3701: start power rail timer, state:3
11-23 00:03:26.527 29153 29185 I BatteryMgr:DataCollectionService: stats => 1700694206527,12207,4446,5493,4169000,100
11-23 00:03:26.532  1011  1189 I ASH     : @ 41058.735: tcs3701: stop power rail pending_off timer
11-23 00:03:26.532  1011  1189 D ASH     : @ 41058.735: tcs3701: start power rail timer, state:3
11-23 00:03:26.572  1011  1189 I ASH     : @ 41058.775: tcs3701: stop power rail pending_off timer
11-23 00:03:26.572  1011  1189 D ASH     : @ 41058.775: tcs3701: start power rail timer, state:3
11-23 00:03:26.595 29153 29185 I BatteryMgr:DataCollectionService: stats => 1700694206595,12207,4446,5493,4169000,100
11-23 00:03:26.612  1011  1189 I ASH     : @ 41058.815: tcs3701: stop power rail pending_off timer
11-23 00:03:26.612  1011  1189 D ASH     : @ 41058.815: tcs3701: start power rail timer, state:3
11-23 00:03:26.631 29153 29185 I BatteryMgr:DataCollectionService: stats => 1700694206631,12207,4446,5493,4169000,100
11-23 00:03:26.652  1011  1189 I ASH     : @ 41058.855: tcs3701: stop power rail pending_off timer
11-23 00:03:26.652  1011  1189 D ASH     : @ 41058.855: tcs3701: start power rail timer, state:3
11-23 00:03:26.692  1011  1189 I ASH     : @ 41058.895: tcs3701: stop power rail pending_off timer
11-23 00:03:26.692  1011  1189 D ASH     : @ 41058.895: tcs3701: start power rail timer, state:3
11-23 00:03:26.699 29153 29185 I BatteryMgr:DataCollectionService: stats => 1700694206699,12207,4446,5493,4169000,100
11-23 00:03:26.732  1011  1189 I ASH     : @ 41058.935: tcs3701: stop power rail pending_off timer
11-23 00:03:26.732  1011  1189 D ASH     : @ 41058.935: tcs3701: start power rail timer, state:3
11-23 00:03:26.736 29153 29185 I BatteryMgr:DataCollectionService: stats => 1700694206736,12207,4446,5493,4169000,100
11-23 00:03:26.772  1011  1189 I ASH     : @ 41058.975: tcs3701: stop power rail pending_off timer
11-23 00:03:26.772  1011  1189 D ASH     : @ 41058.975: tcs3701: start power rail timer, state:3
11-23 00:03:26.804 29153 29185 I BatteryMgr:DataCollectionService: stats => 1700694206804,12207,4446,5493,4169000,100
11-23 00:03:26.812  1011  1189 I ASH     : @ 41059.015: tcs3701: stop power rail pending_off timer
11-23 00:03:26.812  1011  1189 D ASH     : @ 41059.015: tcs3701: start power rail timer, state:3
11-23 00:03:26.841 29153 29185 I BatteryMgr:DataCollectionService: stats => 1700694206841,12207,4446,5493,4169000,100
11-23 00:03:26.852  1011  1189 I ASH     : @ 41059.055: tcs3701: stop power rail pending_off timer
11-23 00:03:26.852  1011  1189 D ASH     : @ 41059.055: tcs3701: start power rail timer, state:3
11-23 00:03:26.892  1011  1189 I ASH     : @ 41059.095: tcs3701: stop power rail pending_off timer
11-23 00:03:26.892  1011  1189 D ASH     : @ 41059.095: tcs3701: start power rail timer, state:3
11-23 00:03:26.908 29153 29185 I BatteryMgr:DataCollectionService: stats => 1700694206908,12207,4446,5493,4169000,100
11-23 00:03:26.911  2113  2118 I pixel-thermal: skin-therm-monitor: 39.676
11-23 00:03:26.932  1011  1189 I ASH     : @ 41059.135: tcs3701: stop power rail pending_off timer
11-23 00:03:26.932  1011  1189 D ASH     : @ 41059.135: tcs3701: start power rail timer, state:3
11-23 00:03:26.945 29153 29185 I BatteryMgr:DataCollectionService: stats => 1700694206945,12207,4446,5493,4169000,100
11-23 00:03:26.972  1011  1189 I ASH     : @ 41059.175: tcs3701: stop power rail pending_off timer
11-23 00:03:26.972  1011  1189 D ASH     : @ 41059.175: tcs3701: start power rail timer, state:3
11-23 00:03:27.012 29153 29185 I BatteryMgr:DataCollectionService: stats => 1700694207012,12207,4446,5493,4169000,100
11-23 00:03:27.012  1011  1189 I ASH     : @ 41059.215: tcs3701: stop power rail pending_off timer
11-23 00:03:27.012  1011  1189 D ASH     : @ 41059.215: tcs3701: start power rail timer, state:3
11-23 00:03:27.050 29153 29185 I BatteryMgr:DataCollectionService: stats => 1700694207049,12207,4446,5493,4169000,100
11-23 00:03:27.052  1011  1189 I ASH     : @ 41059.255: tcs3701: stop power rail pending_off timer
11-23 00:03:27.052  1011  1189 D ASH     : @ 41059.255: tcs3701: start power rail timer, state:3
11-23 00:03:27.092  1011  1189 I ASH     : @ 41059.295: tcs3701: stop power rail pending_off timer
11-23 00:03:27.092  1011  1189 D ASH     : @ 41059.295: tcs3701: start power rail timer, state:3
11-23 00:03:27.117 29153 29185 I BatteryMgr:DataCollectionService: stats => 1700694207117,12207,4446,5493,4169000,100
11-23 00:03:27.132  1011  1189 I ASH     : @ 41059.335: tcs3701: stop power rail pending_off timer
11-23 00:03:27.132  1011  1189 D ASH     : @ 41059.335: tcs3701: start power rail timer, state:3
11-23 00:03:27.153 29153 29185 I BatteryMgr:DataCollectionService: stats => 1700694207153,12207,4446,5493,4169000,100
11-23 00:03:27.158  1795  3659 D ActivityManager: freezer override set to true
11-23 00:03:27.163  1795  3659 D ActivityManager: freezer override set to false
11-23 00:03:27.172  1011  1189 I ASH     : @ 41059.375: tcs3701: stop power rail pending_off timer
11-23 00:03:27.172  1011  1189 D ASH     : @ 41059.375: tcs3701: start power rail timer, state:3
11-23 00:03:27.181  1795  3659 D ActivityManager: freezer override set to true
11-23 00:03:27.212  1011  1189 I ASH     : @ 41059.415: tcs3701: stop power rail pending_off timer
11-23 00:03:27.212  1011  1189 D ASH     : @ 41059.415: tcs3701: start power rail timer, state:3
11-23 00:03:27.221 29153 29185 I BatteryMgr:DataCollectionService: stats => 1700694207220,12207,4446,5493,4169000,100
11-23 00:03:27.252  1011  1189 I ASH     : @ 41059.455: tcs3701: stop power rail pending_off timer
11-23 00:03:27.252  1011  1189 D ASH     : @ 41059.455: tcs3701: start power rail timer, state:3
11-23 00:03:27.259 29153 29185 I BatteryMgr:DataCollectionService: stats => 1700694207259,12207,4446,5493,4169000,100
11-23 00:03:27.292  1011  1189 I ASH     : @ 41059.495: tcs3701: stop power rail pending_off timer
11-23 00:03:27.292  1011  1189 D ASH     : @ 41059.495: tcs3701: start power rail timer, state:3
11-23 00:03:27.326 29153 29185 I BatteryMgr:DataCollectionService: stats => 1700694207326,12207,4446,5493,4169000,100
11-23 00:03:27.332  1011  1189 I ASH     : @ 41059.535: tcs3701: stop power rail pending_off timer
11-23 00:03:27.332  1011  1189 D ASH     : @ 41059.535: tcs3701: start power rail timer, state:3
11-23 00:03:27.359 21551 21567 I m.chrome.canary: Explicit concurrent copying GC freed 3805(191KB) AllocSpace objects, 4(80KB) LOS objects, 75% free, 11MB/44MB, paused 99us,23us total 66.598ms
11-23 00:03:27.363 29153 29185 I BatteryMgr:DataCollectionService: stats => 1700694207363,12207,4446,5493,4169000,100
11-23 00:03:27.372  1011  1189 I ASH     : @ 41059.575: tcs3701: stop power rail pending_off timer
11-23 00:03:27.372  1011  1189 D ASH     : @ 41059.575: tcs3701: start power rail timer, state:3
11-23 00:03:27.412  1011  1189 I ASH     : @ 41059.615: tcs3701: stop power rail pending_off timer
11-23 00:03:27.412  1011  1189 D ASH     : @ 41059.615: tcs3701: start power rail timer, state:3
11-23 00:03:27.419  1795  3659 D ActivityManager: freezer override set to false
11-23 00:03:27.430 29153 29185 I BatteryMgr:DataCollectionService: stats => 1700694207430,12207,4446,5493,4169000,100
11-23 00:03:27.452  1011  1189 I ASH     : @ 41059.655: tcs3701: stop power rail pending_off timer
11-23 00:03:27.452  1011  1189 D ASH     : @ 41059.655: tcs3701: start power rail timer, state:3
11-23 00:03:27.465  1795  3659 D ActivityManager: freezer override set to true
11-23 00:03:27.467 29153 29185 I BatteryMgr:DataCollectionService: stats => 1700694207467,12207,4446,5493,4169000,100
11-23 00:03:27.467  1795  3659 D ActivityManager: freezer override set to false
11-23 00:03:27.492  1011  1189 I ASH     : @ 41059.695: tcs3701: stop power rail pending_off timer
11-23 00:03:27.492  1011  1189 D ASH     : @ 41059.695: tcs3701: start power rail timer, state:3
11-23 00:03:27.532  1011  1189 I ASH     : @ 41059.735: tcs3701: stop power rail pending_off timer
11-23 00:03:27.532  1011  1189 D ASH     : @ 41059.735: tcs3701: start power rail timer, state:3
11-23 00:03:27.534 29153 29185 I BatteryMgr:DataCollectionService: stats => 1700694207534,12207,4446,5493,4169000,100
11-23 00:03:27.563  1411  1514 D Diag_Lib: diag: In log_to_device, File count reached max file num 50 so deleting oldest file
11-23 00:03:27.566  1411  1514 D Diag_Lib: diag: In delete_log, Deleting logfile /data/vendor/radio/diag_logs/logs/diag_log_20231122_2310561700691056580.qmdl2 of size 5190 KB
11-23 00:03:27.566  1411  1514 D Diag_Lib:  creating new file /data/vendor/radio/diag_logs/logs/diag_log_20231123_0003271700694207566.qmdl2 
11-23 00:03:27.572  1011  1189 I ASH     : @ 41059.775: tcs3701: stop power rail pending_off timer
11-23 00:03:27.572  1011  1189 D ASH     : @ 41059.775: tcs3701: start power rail timer, state:3
11-23 00:03:27.573 29153 29185 I BatteryMgr:DataCollectionService: stats => 1700694207573,12207,4446,5493,4169000,100
11-23 00:03:27.612  1011  1189 I ASH     : @ 41059.815: tcs3701: stop power rail pending_off timer
11-23 00:03:27.612  1011  1189 D ASH     : @ 41059.815: tcs3701: start power rail timer, state:3
11-23 00:03:27.639 29153 29185 I BatteryMgr:DataCollectionService: stats => 1700694207639,12207,4446,5493,4169000,100
11-23 00:03:27.652  1011  1189 I ASH     : @ 41059.855: tcs3701: stop power rail pending_off timer
11-23 00:03:27.652  1011  1189 D ASH     : @ 41059.855: tcs3701: start power rail timer, state:3
11-23 00:03:27.678 29153 29185 I BatteryMgr:DataCollectionService: stats => 1700694207678,12207,4446,5493,4169000,100
11-23 00:03:27.692  1011  1189 I ASH     : @ 41059.895: tcs3701: stop power rail pending_off timer
11-23 00:03:27.692  1011  1189 D ASH     : @ 41059.895: tcs3701: start power rail timer, state:3
11-23 00:03:27.732  1011  1189 I ASH     : @ 41059.935: tcs3701: stop power rail pending_off timer
11-23 00:03:27.732  1011  1189 D ASH     : @ 41059.935: tcs3701: start power rail timer, state:3
11-23 00:03:27.743 29153 29185 I BatteryMgr:DataCollectionService: stats => 1700694207743,12207,4446,5493,4169000,100
11-23 00:03:27.772  1011  1189 I ASH     : @ 41059.975: tcs3701: stop power rail pending_off timer
11-23 00:03:27.772  1011  1189 D ASH     : @ 41059.975: tcs3701: start power rail timer, state:3
11-23 00:03:27.782 29153 29185 I BatteryMgr:DataCollectionService: stats => 1700694207782,12207,4446,5493,4169000,100
11-23 00:03:27.812  1011  1189 I ASH     : @ 41060.015: tcs3701: stop power rail pending_off timer
11-23 00:03:27.812  1011  1189 D ASH     : @ 41060.015: tcs3701: start power rail timer, state:3
11-23 00:03:27.848 29153 29185 I BatteryMgr:DataCollectionService: stats => 1700694207848,12207,4446,5493,4169000,100
11-23 00:03:27.852  1011  1189 I ASH     : @ 41060.055: tcs3701: stop power rail pending_off timer
11-23 00:03:27.852  1011  1189 D ASH     : @ 41060.055: tcs3701: start power rail timer, state:3
11-23 00:03:27.886 29153 29185 I BatteryMgr:DataCollectionService: stats => 1700694207886,12207,4446,5493,4169000,100
11-23 00:03:27.892  1011  1189 I ASH     : @ 41060.095: tcs3701: stop power rail pending_off timer
11-23 00:03:27.892  1011  1189 D ASH     : @ 41060.095: tcs3701: start power rail timer, state:3
11-23 00:03:27.932  1011  1189 I ASH     : @ 41060.135: tcs3701: stop power rail pending_off timer
11-23 00:03:27.932  1011  1189 D ASH     : @ 41060.135: tcs3701: start power rail timer, state:3
11-23 00:03:27.953 29153 29185 I BatteryMgr:DataCollectionService: stats => 1700694207953,12207,4446,5493,4169000,100
11-23 00:03:27.973  1011  1189 I ASH     : @ 41060.175: tcs3701: stop power rail pending_off timer
11-23 00:03:27.973  1011  1189 D ASH     : @ 41060.175: tcs3701: start power rail timer, state:3
11-23 00:03:27.992 29153 29185 I BatteryMgr:DataCollectionService: stats => 1700694207992,12207,4446,5493,4169000,100
11-23 00:03:28.012  1011  1189 I ASH     : @ 41060.215: tcs3701: stop power rail pending_off timer
11-23 00:03:28.012  1011  1189 D ASH     : @ 41060.215: tcs3701: start power rail timer, state:3
11-23 00:03:28.052  1011  1189 I ASH     : @ 41060.255: tcs3701: stop power rail pending_off timer
11-23 00:03:28.052  1011  1189 D ASH     : @ 41060.255: tcs3701: start power rail timer, state:3
11-23 00:03:28.057 29153 29185 I BatteryMgr:DataCollectionService: stats => 1700694208057,12207,4446,5493,4169000,100
11-23 00:03:28.092  1011  1189 I ASH     : @ 41060.295: tcs3701: stop power rail pending_off timer
11-23 00:03:28.092  1011  1189 D ASH     : @ 41060.295: tcs3701: start power rail timer, state:3
11-23 00:03:28.097 29153 29185 I BatteryMgr:DataCollectionService: stats => 1700694208097,12207,4446,5493,4169000,100
11-23 00:03:28.132  1011  1189 I ASH     : @ 41060.335: tcs3701: stop power rail pending_off timer
11-23 00:03:28.132  1011  1189 D ASH     : @ 41060.335: tcs3701: start power rail timer, state:3
11-23 00:03:28.143  1795  3659 D ActivityManager: freezer override set to true
11-23 00:03:28.147  1795  3659 D ActivityManager: freezer override set to false
11-23 00:03:28.161 29153 29185 I BatteryMgr:DataCollectionService: stats => 1700694208161,12207,4446,5493,4169000,100
11-23 00:03:28.172  1011  1189 I ASH     : @ 41060.375: tcs3701: stop power rail pending_off timer
11-23 00:03:28.172  1011  1189 D ASH     : @ 41060.375: tcs3701: start power rail timer, state:3
11-23 00:03:28.201 29153 29185 I BatteryMgr:DataCollectionService: stats => 1700694208201,12207,4446,5493,4169000,100
11-23 00:03:28.212  1011  1189 I ASH     : @ 41060.415: tcs3701: stop power rail pending_off timer
11-23 00:03:28.212  1011  1189 D ASH     : @ 41060.415: tcs3701: start power rail timer, state:3
11-23 00:03:28.252  1011  1189 I ASH     : @ 41060.455: tcs3701: stop power rail pending_off timer
11-23 00:03:28.252  1011  1189 D ASH     : @ 41060.455: tcs3701: start power rail timer, state:3
11-23 00:03:28.265 29153 29185 I BatteryMgr:DataCollectionService: stats => 1700694208265,12207,4446,5493,4169000,100
11-23 00:03:28.292  1011  1189 I ASH     : @ 41060.495: tcs3701: stop power rail pending_off timer
11-23 00:03:28.292  1011  1189 D ASH     : @ 41060.495: tcs3701: start power rail timer, state:3
11-23 00:03:28.305 29153 29185 I BatteryMgr:DataCollectionService: stats => 1700694208305,12207,4446,5493,4169000,100
11-23 00:03:28.332  1011  1189 I ASH     : @ 41060.535: tcs3701: stop power rail pending_off timer
11-23 00:03:28.332  1011  1189 D ASH     : @ 41060.535: tcs3701: start power rail timer, state:3
11-23 00:03:28.372  1011  1189 I ASH     : @ 41060.575: tcs3701: stop power rail pending_off timer
11-23 00:03:28.372  1011  1189 D ASH     : @ 41060.575: tcs3701: start power rail timer, state:3
11-23 00:03:28.373 29153 29185 I BatteryMgr:DataCollectionService: stats => 1700694208373,12207,4446,5493,4169000,100
11-23 00:03:28.412  1011  1189 I ASH     : @ 41060.615: tcs3701: stop power rail pending_off timer
11-23 00:03:28.412  1011  1189 D ASH     : @ 41060.615: tcs3701: start power rail timer, state:3
11-23 00:03:28.412 29153 29185 I BatteryMgr:DataCollectionService: stats => 1700694208412,12207,4446,5493,4169000,100
11-23 00:03:28.452  1011  1189 I ASH     : @ 41060.655: tcs3701: stop power rail pending_off timer
11-23 00:03:28.452  1011  1189 D ASH     : @ 41060.655: tcs3701: start power rail timer, state:3
11-23 00:03:28.480 29153 29185 I BatteryMgr:DataCollectionService: stats => 1700694208479,12207,4446,5493,4169000,100
11-23 00:03:28.492  1011  1189 I ASH     : @ 41060.695: tcs3701: stop power rail pending_off timer
11-23 00:03:28.492  1011  1189 D ASH     : @ 41060.695: tcs3701: start power rail timer, state:3
11-23 00:03:28.521 29153 29185 I BatteryMgr:DataCollectionService: stats => 1700694208521,12207,4446,5493,4169000,100
11-23 00:03:28.532  1011  1189 I ASH     : @ 41060.735: tcs3701: stop power rail pending_off timer
11-23 00:03:28.532  1011  1189 D ASH     : @ 41060.735: tcs3701: start power rail timer, state:3
11-23 00:03:28.572  1011  1189 I ASH     : @ 41060.775: tcs3701: stop power rail pending_off timer
11-23 00:03:28.572  1011  1189 D ASH     : @ 41060.775: tcs3701: start power rail timer, state:3
11-23 00:03:28.588 29153 29185 I BatteryMgr:DataCollectionService: stats => 1700694208588,12207,4446,5493,4169000,100
11-23 00:03:28.612  1011  1189 I ASH     : @ 41060.815: tcs3701: stop power rail pending_off timer
11-23 00:03:28.612  1011  1189 D ASH     : @ 41060.815: tcs3701: start power rail timer, state:3
11-23 00:03:28.624  1795  3716 D ActivityManager: freezer override set to true
11-23 00:03:28.626 29153 29185 I BatteryMgr:DataCollectionService: stats => 1700694208626,12207,4446,5493,4169000,100
11-23 00:03:28.652  1011  1189 I ASH     : @ 41060.855: tcs3701: stop power rail pending_off timer
11-23 00:03:28.652  1011  1189 D ASH     : @ 41060.855: tcs3701: start power rail timer, state:3
11-23 00:03:28.692  1011  1189 I ASH     : @ 41060.895: tcs3701: stop power rail pending_off timer
11-23 00:03:28.692  1011  1189 D ASH     : @ 41060.895: tcs3701: start power rail timer, state:3
11-23 00:03:28.693 29153 29185 I BatteryMgr:DataCollectionService: stats => 1700694208693,12207,4446,5493,4169000,100
11-23 00:03:28.732  1011  1189 I ASH     : @ 41060.935: tcs3701: stop power rail pending_off timer
11-23 00:03:28.732  1011  1189 D ASH     : @ 41060.935: tcs3701: start power rail timer, state:3
11-23 00:03:28.732 29153 29185 I BatteryMgr:DataCollectionService: stats => 1700694208732,12207,4446,5493,4169000,100
11-23 00:03:28.757 21551 21567 I m.chrome.canary: Explicit concurrent copying GC freed 3593(176KB) AllocSpace objects, 3(60KB) LOS objects, 75% free, 11MB/44MB, paused 70us,20us total 44.392ms
11-23 00:03:28.772  1011  1189 I ASH     : @ 41060.975: tcs3701: stop power rail pending_off timer
11-23 00:03:28.772  1011  1189 D ASH     : @ 41060.975: tcs3701: start power rail timer, state:3
11-23 00:03:28.800 29153 29185 I BatteryMgr:DataCollectionService: stats => 1700694208800,12207,4446,5493,4169000,100
11-23 00:03:28.810  1795  3716 D ActivityManager: freezer override set to false
11-23 00:03:28.812  1011  1189 I ASH     : @ 41061.015: tcs3701: stop power rail pending_off timer
11-23 00:03:28.812  1011  1189 D ASH     : @ 41061.015: tcs3701: start power rail timer, state:3
11-23 00:03:28.838 29153 29185 I BatteryMgr:DataCollectionService: stats => 1700694208838,12207,4446,5493,4169000,100
11-23 00:03:28.852  1011  1189 I ASH     : @ 41061.055: tcs3701: stop power rail pending_off timer
11-23 00:03:28.852  1011  1189 D ASH     : @ 41061.055: tcs3701: start power rail timer, state:3
11-23 00:03:28.860  1795  3716 D ActivityManager: freezer override set to true
11-23 00:03:28.863  1795  3716 D ActivityManager: freezer override set to false
11-23 00:03:28.892  1011  1189 I ASH     : @ 41061.095: tcs3701: stop power rail pending_off timer
11-23 00:03:28.892  1011  1189 D ASH     : @ 41061.095: tcs3701: start power rail timer, state:3
11-23 00:03:28.906 29153 29185 I BatteryMgr:DataCollectionService: stats => 1700694208906,12207,4446,5493,4169000,100
11-23 00:03:28.915  2113  2118 I pixel-thermal: skin-therm-monitor: 39.69
11-23 00:03:28.932  1011  1189 I ASH     : @ 41061.135: tcs3701: stop power rail pending_off timer
11-23 00:03:28.932  1011  1189 D ASH     : @ 41061.135: tcs3701: start power rail timer, state:3
11-23 00:03:28.945 29153 29185 I BatteryMgr:DataCollectionService: stats => 1700694208945,12207,4446,5493,4169000,100
11-23 00:03:28.972  1011  1189 I ASH     : @ 41061.175: tcs3701: stop power rail pending_off timer
11-23 00:03:28.972  1011  1189 D ASH     : @ 41061.175: tcs3701: start power rail timer, state:3
11-23 00:03:29.012  1011  1189 I ASH     : @ 41061.215: tcs3701: stop power rail pending_off timer
11-23 00:03:29.012  1011  1189 D ASH     : @ 41061.215: tcs3701: start power rail timer, state:3
11-23 00:03:29.012 29153 29185 I BatteryMgr:DataCollectionService: stats => 1700694209012,12207,4446,5493,4169000,100
11-23 00:03:29.051 29153 29185 I BatteryMgr:DataCollectionService: stats => 1700694209051,12207,4446,5493,4169000,100
11-23 00:03:29.052  1011  1189 I ASH     : @ 41061.255: tcs3701: stop power rail pending_off timer
11-23 00:03:29.052  1011  1189 D ASH     : @ 41061.255: tcs3701: start power rail timer, state:3
11-23 00:03:29.092  1011  1189 I ASH     : @ 41061.295: tcs3701: stop power rail pending_off timer
11-23 00:03:29.092  1011  1189 D ASH     : @ 41061.295: tcs3701: start power rail timer, state:3
11-23 00:03:29.118 29153 29185 I BatteryMgr:DataCollectionService: stats => 1700694209118,12207,4446,5493,4169000,100
11-23 00:03:29.132  1011  1189 I ASH     : @ 41061.335: tcs3701: stop power rail pending_off timer
11-23 00:03:29.132  1011  1189 D ASH     : @ 41061.335: tcs3701: start power rail timer, state:3
11-23 00:03:29.150  1795  3716 D ActivityManager: freezer override set to true
11-23 00:03:29.156  1795  3716 D ActivityManager: freezer override set to false
11-23 00:03:29.156 29153 29185 I BatteryMgr:DataCollectionService: stats => 1700694209156,12207,4446,5493,4169000,100
11-23 00:03:29.175  1011  1189 I ASH     : @ 41061.375: tcs3701: stop power rail pending_off timer
11-23 00:03:29.175  1011  1189 D ASH     : @ 41061.375: tcs3701: start power rail timer, state:3
11-23 00:03:29.212  1011  1189 I ASH     : @ 41061.415: tcs3701: stop power rail pending_off timer
11-23 00:03:29.212  1011  1189 D ASH     : @ 41061.415: tcs3701: start power rail timer, state:3
11-23 00:03:29.224 29153 29185 I BatteryMgr:DataCollectionService: stats => 1700694209224,12207,4446,5493,4169000,100
11-23 00:03:29.252  1011  1189 I ASH     : @ 41061.455: tcs3701: stop power rail pending_off timer
11-23 00:03:29.252  1011  1189 D ASH     : @ 41061.455: tcs3701: start power rail timer, state:3
11-23 00:03:29.262 29153 29185 I BatteryMgr:DataCollectionService: stats => 1700694209262,12207,4446,5493,4169000,100
11-23 00:03:29.292  1011  1189 I ASH     : @ 41061.495: tcs3701: stop power rail pending_off timer
11-23 00:03:29.292  1011  1189 D ASH     : @ 41061.495: tcs3701: start power rail timer, state:3
11-23 00:03:29.329 29153 29185 I BatteryMgr:DataCollectionService: stats => 1700694209329,12207,4446,5493,4169000,100
11-23 00:03:29.332  1011  1189 I ASH     : @ 41061.535: tcs3701: stop power rail pending_off timer
11-23 00:03:29.332  1011  1189 D ASH     : @ 41061.535: tcs3701: start power rail timer, state:3
11-23 00:03:29.368 29153 29185 I BatteryMgr:DataCollectionService: stats => 1700694209368,12207,4446,5493,4169000,100
11-23 00:03:29.372  1011  1189 I ASH     : @ 41061.575: tcs3701: stop power rail pending_off timer
11-23 00:03:29.372  1011  1189 D ASH     : @ 41061.575: tcs3701: start power rail timer, state:3
11-23 00:03:29.412  1011  1189 I ASH     : @ 41061.615: tcs3701: stop power rail pending_off timer
11-23 00:03:29.412  1011  1189 D ASH     : @ 41061.615: tcs3701: start power rail timer, state:3
11-23 00:03:29.436 29153 29185 I BatteryMgr:DataCollectionService: stats => 1700694209436,12207,4446,5493,4169000,100
11-23 00:03:29.452  1011  1189 I ASH     : @ 41061.655: tcs3701: stop power rail pending_off timer
11-23 00:03:29.452  1011  1189 D ASH     : @ 41061.655: tcs3701: start power rail timer, state:3
11-23 00:03:29.462  1795  2424 D WifiClientModeImpl[13802:wlan0]: updateLinkLayerStatsRssiSpeedFrequencyCapabilities rssi=-45 TxLinkspeed=866 freq=5240 RxLinkSpeed=866
11-23 00:03:29.462  1795  2424 D WifiDataStall: tx tput in kbps: 745571
11-23 00:03:29.462  1795  2424 D WifiDataStall: rx tput in kbps: 784812
11-23 00:03:29.462  1795  2424 V WifiConfigManager: Updating scan detail cache freq=5240 BSSID=f4:6d:2f:12:cc:88 RSSI=-44 for "ourhome"WPA_PSK
11-23 00:03:29.463  1795  2424 D WifiChannelUtilization:  freq: 5240 onTime: 1143884 busyTime: 110993 onTimeDiff: 1143589 busyTimeDiff: 110976 utilization: 24 utilization t0: 24
11-23 00:03:29.463  1795  2424 D WifiDataStall:  ccaLevel = 24
11-23 00:03:29.463  1795  2424 D WifiDataStall: L2 txTputKbps: 745571, rxTputKbps: 784812, L3 txTputKbps: 0, rxTputKbps: 0, TxTrafficHigh: false, RxTrafficHigh: false, Throughput Sufficient: true
11-23 00:03:29.463  1795  2424 D WifiScoreReport: Wifi scoring disabled - Don't check IP layer
11-23 00:03:29.463  3213  8092 V WifiManager: OnWifiUsabilityStatsListener: onWifiUsabilityStats: seqNum=13577
11-23 00:03:29.463  1795  2424 D WifiScoreCard: BSSID update SIGNAL_POLL ID: 1320464697 SSID: "ourhome", BSSID: f4:6d:2f:12:cc:88, MAC: b2:2f:ec:da:4a:0c, IP: /192.168.1.104, Security type: 2, Supplicant state: COMPLETED, Wi-Fi standard: 5, RSSI: -45, Link speed: 866Mbps, Tx Link speed: 866Mbps, Max Supported Tx Link speed: 866Mbps, Rx Link speed: 866Mbps, Max Supported Rx Link speed: 866Mbps, Frequency: 5240MHz, Net ID: 12, Metered hint: false, score: 60, isUsable: true, CarrierMerged: false, SubscriptionId: -1, IsPrimary: 1, Trusted: true, Restricted: false, Ephemeral: false, OEM paid: false, OEM private: false, OSU AP: false, FQDN: <none>, Provider friendly name: <none>, Requesting package name: <none>"ourhome"wpa2-pskMLO Information: , Is TID-To-Link negotiation supported by the AP: false, AP MLD Address: <none>, AP MLO Link Id: <none>, AP MLO Affiliated links: <none>
11-23 00:03:29.463  1795  2424 D WifiScoreCard: txRate: 1 txSpeed: 866
11-23 00:03:29.463  1795  2424 D WifiScoreCard: network update SIGNAL_POLL "ourhome" ID: 1499892569 RSSI -45 txSpeed -1
11-23 00:03:29.463  1795  2424 D WifiClientModeImpl[13802:wlan0]:  ClientModeImpl$L2ConnectedState screen=on 3 0 "ourhome" f4:6d:2f:12:cc:88 rssi=-45 f=5240 sc=60 link=866 tx=0.2, 0.0, 0.0 rx=0.2 bcn=382992 [on:55 tx:0 rx:0 period:3013] from screen [on:204394 period:4571242] score=60
11-23 00:03:29.463  1795  3716 I WifiService: updateWifiUsabilityScore uid=10180 seqNum=13577 score=100 predictionHorizonSec=1441795
11-23 00:03:29.464  2513 20462 V WifiManager: TrafficStateCallbackProxy: onStateChanged state=3
11-23 00:03:29.465  1795  2424 D WifiScoreReport: Wifi scoring disabled - Notify that Wifi is usable
11-23 00:03:29.468  1795  2432 D ConnectivityService: NetReassign [no changes] [c 0] [a 0] [i 3]
11-23 00:03:29.474 29153 29185 I BatteryMgr:DataCollectionService: stats => 1700694209474,12207,4446,5493,4169000,100
11-23 00:03:29.492  1011  1189 I ASH     : @ 41061.695: tcs3701: stop power rail pending_off timer
11-23 00:03:29.492  1011  1189 D ASH     : @ 41061.695: tcs3701: start power rail timer, state:3
11-23 00:03:29.532  1011  1189 I ASH     : @ 41061.735: tcs3701: stop power rail pending_off timer
11-23 00:03:29.532  1011  1189 D ASH     : @ 41061.735: tcs3701: start power rail timer, state:3
11-23 00:03:29.543 29153 29185 I BatteryMgr:DataCollectionService: stats => 1700694209543,12207,4446,5493,4169000,100
11-23 00:03:29.572  1011  1189 I ASH     : @ 41061.775: tcs3701: stop power rail pending_off timer
11-23 00:03:29.572  1011  1189 D ASH     : @ 41061.775: tcs3701: start power rail timer, state:3
11-23 00:03:29.581 29153 29185 I BatteryMgr:DataCollectionService: stats => 1700694209581,12207,4446,5493,4169000,100
11-23 00:03:29.612  1011  1189 I ASH     : @ 41061.815: tcs3701: stop power rail pending_off timer
11-23 00:03:29.612  1011  1189 D ASH     : @ 41061.815: tcs3701: start power rail timer, state:3
11-23 00:03:29.649 29153 29185 I BatteryMgr:DataCollectionService: stats => 1700694209649,12207,4446,5493,4169000,100
11-23 00:03:29.652  1011  1189 I ASH     : @ 41061.855: tcs3701: stop power rail pending_off timer
11-23 00:03:29.653  1011  1189 D ASH     : @ 41061.855: tcs3701: start power rail timer, state:3
11-23 00:03:29.689 29153 29185 I BatteryMgr:DataCollectionService: stats => 1700694209689,12207,4446,5493,4169000,100
11-23 00:03:29.692  1011  1189 I ASH     : @ 41061.895: tcs3701: stop power rail pending_off timer
11-23 00:03:29.692  1011  1189 D ASH     : @ 41061.895: tcs3701: start power rail timer, state:3
11-23 00:03:29.732  1011  1189 I ASH     : @ 41061.935: tcs3701: stop power rail pending_off timer
11-23 00:03:29.732  1011  1189 D ASH     : @ 41061.935: tcs3701: start power rail timer, state:3
11-23 00:03:29.759 29153 29185 I BatteryMgr:DataCollectionService: stats => 1700694209759,12207,4446,5493,4169000,100
11-23 00:03:29.772  1011  1189 I ASH     : @ 41061.975: tcs3701: stop power rail pending_off timer
11-23 00:03:29.772  1011  1189 D ASH     : @ 41061.975: tcs3701: start power rail timer, state:3
11-23 00:03:29.796 29153 29185 I BatteryMgr:DataCollectionService: stats => 1700694209796,12207,4446,5493,4169000,100
11-23 00:03:29.812  1011  1189 I ASH     : @ 41062.015: tcs3701: stop power rail pending_off timer
11-23 00:03:29.812  1011  1189 D ASH     : @ 41062.015: tcs3701: start power rail timer, state:3
11-23 00:03:29.852  1011  1189 I ASH     : @ 41062.055: tcs3701: stop power rail pending_off timer
11-23 00:03:29.852  1011  1189 D ASH     : @ 41062.055: tcs3701: start power rail timer, state:3
11-23 00:03:29.865 29153 29185 I BatteryMgr:DataCollectionService: stats => 1700694209865,12207,4446,5493,4169000,100
11-23 00:03:29.892  1011  1189 I ASH     : @ 41062.095: tcs3701: stop power rail pending_off timer
11-23 00:03:29.892  1011  1189 D ASH     : @ 41062.095: tcs3701: start power rail timer, state:3
11-23 00:03:29.906 29153 29185 I BatteryMgr:DataCollectionService: stats => 1700694209906,12207,4446,5493,4169000,100
11-23 00:03:29.932  1011  1189 I ASH     : @ 41062.135: tcs3701: stop power rail pending_off timer
11-23 00:03:29.932  1011  1189 D ASH     : @ 41062.135: tcs3701: start power rail timer, state:3
11-23 00:03:29.972 29153 29185 I BatteryMgr:DataCollectionService: stats => 1700694209971,12207,4446,5493,4169000,100
11-23 00:03:29.972  1011  1189 I ASH     : @ 41062.175: tcs3701: stop power rail pending_off timer
11-23 00:03:29.972  1011  1189 D ASH     : @ 41062.175: tcs3701: start power rail timer, state:3
11-23 00:03:30.012  1011  1189 I ASH     : @ 41062.215: tcs3701: stop power rail pending_off timer
11-23 00:03:30.012  1011  1189 D ASH     : @ 41062.215: tcs3701: start power rail timer, state:3
11-23 00:03:30.014 29153 29185 I BatteryMgr:DataCollectionService: stats => 1700694210014,12207,4446,5493,4169000,100
11-23 00:03:30.033  1795  3759 D ActivityManager: freezer override set to true
11-23 00:03:30.053  1011  1189 I ASH     : @ 41062.255: tcs3701: stop power rail pending_off timer
11-23 00:03:30.053  1011  1189 D ASH     : @ 41062.255: tcs3701: start power rail timer, state:3
11-23 00:03:30.078 29153 29185 I BatteryMgr:DataCollectionService: stats => 1700694210078,12207,4446,5493,4169000,100
11-23 00:03:30.092  1011  1189 I ASH     : @ 41062.295: tcs3701: stop power rail pending_off timer
11-23 00:03:30.092  1011  1189 D ASH     : @ 41062.295: tcs3701: start power rail timer, state:3
11-23 00:03:30.120 29153 29185 I BatteryMgr:DataCollectionService: stats => 1700694210120,12207,4446,5493,4169000,100
11-23 00:03:30.132  1011  1189 I ASH     : @ 41062.335: tcs3701: stop power rail pending_off timer
11-23 00:03:30.132  1011  1189 D ASH     : @ 41062.335: tcs3701: start power rail timer, state:3
11-23 00:03:30.158 21551 21567 I m.chrome.canary: Explicit concurrent copying GC freed 3575(176KB) AllocSpace objects, 3(60KB) LOS objects, 75% free, 11MB/44MB, paused 38us,21us total 41.503ms
11-23 00:03:30.172  1011  1189 I ASH     : @ 41062.375: tcs3701: stop power rail pending_off timer
11-23 00:03:30.172  1011  1189 D ASH     : @ 41062.375: tcs3701: start power rail timer, state:3
11-23 00:03:30.184 29153 29185 I BatteryMgr:DataCollectionService: stats => 1700694210184,12207,4446,5493,4169000,100
11-23 00:03:30.212  1011  1189 I ASH     : @ 41062.415: tcs3701: stop power rail pending_off timer
11-23 00:03:30.212  1011  1189 D ASH     : @ 41062.415: tcs3701: start power rail timer, state:3
11-23 00:03:30.220  1795  3716 D ActivityManager: freezer override set to false
11-23 00:03:30.225 29153 29185 I BatteryMgr:DataCollectionService: stats => 1700694210225,12207,4446,5493,4169000,100
11-23 00:03:30.252  1011  1189 I ASH     : @ 41062.455: tcs3701: stop power rail pending_off timer
11-23 00:03:30.252  1011  1189 D ASH     : @ 41062.455: tcs3701: start power rail timer, state:3
11-23 00:03:30.273  1795  3716 D ActivityManager: freezer override set to true
11-23 00:03:30.277  1795  3716 D ActivityManager: freezer override set to false
11-23 00:03:30.291 29153 29185 I BatteryMgr:DataCollectionService: stats => 1700694210291,12207,4446,5493,4169000,100
11-23 00:03:30.292  1011  1189 I ASH     : @ 41062.495: tcs3701: stop power rail pending_off timer
11-23 00:03:30.292  1011  1189 D ASH     : @ 41062.495: tcs3701: start power rail timer, state:3
11-23 00:03:30.331 29153 29185 I BatteryMgr:DataCollectionService: stats => 1700694210331,12207,4446,5493,4169000,100
11-23 00:03:30.332  1011  1189 I ASH     : @ 41062.535: tcs3701: stop power rail pending_off timer
11-23 00:03:30.332  1011  1189 D ASH     : @ 41062.535: tcs3701: start power rail timer, state:3
11-23 00:03:30.372  1011  1189 I ASH     : @ 41062.575: tcs3701: stop power rail pending_off timer
11-23 00:03:30.372  1011  1189 D ASH     : @ 41062.575: tcs3701: start power rail timer, state:3
11-23 00:03:30.396 29153 29185 I BatteryMgr:DataCollectionService: stats => 1700694210396,12207,4446,5493,4169000,100
11-23 00:03:30.412  1011  1189 I ASH     : @ 41062.615: tcs3701: stop power rail pending_off timer
11-23 00:03:30.412  1011  1189 D ASH     : @ 41062.615: tcs3701: start power rail timer, state:3
11-23 00:03:30.437 29153 29185 I BatteryMgr:DataCollectionService: stats => 1700694210437,12207,4446,5493,4169000,100
11-23 00:03:30.452  1011  1189 I ASH     : @ 41062.655: tcs3701: stop power rail pending_off timer
11-23 00:03:30.452  1011  1189 D ASH     : @ 41062.655: tcs3701: start power rail timer, state:3
11-23 00:03:30.492  1011  1189 I ASH     : @ 41062.695: tcs3701: stop power rail pending_off timer
11-23 00:03:30.492  1011  1189 D ASH     : @ 41062.695: tcs3701: start power rail timer, state:3
11-23 00:03:30.504 29153 29185 I BatteryMgr:DataCollectionService: stats => 1700694210504,12207,4446,5493,4169000,100
11-23 00:03:30.532  1011  1189 I ASH     : @ 41062.735: tcs3701: stop power rail pending_off timer
11-23 00:03:30.532  1011  1189 D ASH     : @ 41062.735: tcs3701: start power rail timer, state:3
11-23 00:03:30.542 29153 29185 I BatteryMgr:DataCollectionService: stats => 1700694210542,12207,4446,5493,4169000,100
11-23 00:03:30.572  1011  1189 I ASH     : @ 41062.775: tcs3701: stop power rail pending_off timer
11-23 00:03:30.572  1011  1189 D ASH     : @ 41062.775: tcs3701: start power rail timer, state:3
11-23 00:03:30.611 29153 29185 I BatteryMgr:DataCollectionService: stats => 1700694210611,12207,4446,5493,4169000,100
11-23 00:03:30.612  1011  1189 I ASH     : @ 41062.815: tcs3701: stop power rail pending_off timer
11-23 00:03:30.612  1011  1189 D ASH     : @ 41062.815: tcs3701: start power rail timer, state:3
11-23 00:03:30.649 29153 29185 I BatteryMgr:DataCollectionService: stats => 1700694210649,12207,4446,5493,4169000,100
11-23 00:03:30.652  1011  1189 I ASH     : @ 41062.855: tcs3701: stop power rail pending_off timer
11-23 00:03:30.652  1011  1189 D ASH     : @ 41062.855: tcs3701: start power rail timer, state:3
11-23 00:03:30.692  1011  1189 I ASH     : @ 41062.895: tcs3701: stop power rail pending_off timer
11-23 00:03:30.692  1011  1189 D ASH     : @ 41062.895: tcs3701: start power rail timer, state:3
11-23 00:03:30.718 29153 29185 I BatteryMgr:DataCollectionService: stats => 1700694210718,12207,4446,5493,4169000,100
11-23 00:03:30.732  1011  1189 I ASH     : @ 41062.935: tcs3701: stop power rail pending_off timer
11-23 00:03:30.732  1011  1189 D ASH     : @ 41062.935: tcs3701: start power rail timer, state:3
11-23 00:03:30.755 29153 29185 I BatteryMgr:DataCollectionService: stats => 1700694210755,12207,4446,5493,4169000,100
11-23 00:03:30.772  1011  1189 I ASH     : @ 41062.975: tcs3701: stop power rail pending_off timer
11-23 00:03:30.772  1011  1189 D ASH     : @ 41062.975: tcs3701: start power rail timer, state:3
11-23 00:03:30.812  1011  1189 I ASH     : @ 41063.015: tcs3701: stop power rail pending_off timer
11-23 00:03:30.812  1011  1189 D ASH     : @ 41063.015: tcs3701: start power rail timer, state:3
11-23 00:03:30.826 29153 29185 I BatteryMgr:DataCollectionService: stats => 1700694210825,12207,4446,5493,4169000,100
11-23 00:03:30.852  1011  1189 I ASH     : @ 41063.055: tcs3701: stop power rail pending_off timer
11-23 00:03:30.852  1011  1189 D ASH     : @ 41063.055: tcs3701: start power rail timer, state:3
11-23 00:03:30.862 29153 29185 I BatteryMgr:DataCollectionService: stats => 1700694210862,12207,4446,5493,4169000,100
11-23 00:03:30.892  1011  1189 I ASH     : @ 41063.095: tcs3701: stop power rail pending_off timer
11-23 00:03:30.892  1011  1189 D ASH     : @ 41063.095: tcs3701: start power rail timer, state:3
11-23 00:03:30.918  2113  2118 I pixel-thermal: skin-therm-monitor: 39.704
11-23 00:03:30.932  1011  1189 I ASH     : @ 41063.135: tcs3701: stop power rail pending_off timer
11-23 00:03:30.932  1011  1189 D ASH     : @ 41063.135: tcs3701: start power rail timer, state:3
11-23 00:03:30.937 29153 29185 I BatteryMgr:DataCollectionService: stats => 1700694210937,12207,4446,5493,4169000,100
11-23 00:03:30.969 29153 29185 I BatteryMgr:DataCollectionService: stats => 1700694210969,12207,4446,5493,4169000,100
11-23 00:03:30.972  1011  1189 I ASH     : @ 41063.175: tcs3701: stop power rail pending_off timer
11-23 00:03:30.972  1011  1189 D ASH     : @ 41063.175: tcs3701: start power rail timer, state:3
11-23 00:03:31.012  1011  1189 I ASH     : @ 41063.215: tcs3701: stop power rail pending_off timer
11-23 00:03:31.012  1011  1189 D ASH     : @ 41063.215: tcs3701: start power rail timer, state:3
11-23 00:03:31.043 29153 29185 I BatteryMgr:DataCollectionService: stats => 1700694211043,12207,4446,5493,4169000,100
11-23 00:03:31.052  1011  1189 I ASH     : @ 41063.255: tcs3701: stop power rail pending_off timer
11-23 00:03:31.052  1011  1189 D ASH     : @ 41063.255: tcs3701: start power rail timer, state:3
11-23 00:03:31.074 29153 29185 I BatteryMgr:DataCollectionService: stats => 1700694211074,12207,4446,5493,4169000,100
11-23 00:03:31.092  1011  1189 I ASH     : @ 41063.295: tcs3701: stop power rail pending_off timer
11-23 00:03:31.092  1011  1189 D ASH     : @ 41063.295: tcs3701: start power rail timer, state:3
11-23 00:03:31.132  1011  1189 I ASH     : @ 41063.335: tcs3701: stop power rail pending_off timer
11-23 00:03:31.132  1011  1189 D ASH     : @ 41063.335: tcs3701: start power rail timer, state:3
11-23 00:03:31.146  1795  3759 D ActivityManager: freezer override set to true
11-23 00:03:31.149 29153 29185 I BatteryMgr:DataCollectionService: stats => 1700694211149,12207,4446,5493,4169000,100
11-23 00:03:31.150  1795  3759 D ActivityManager: freezer override set to false
11-23 00:03:31.172  1011  1189 I ASH     : @ 41063.375: tcs3701: stop power rail pending_off timer
11-23 00:03:31.172  1011  1189 D ASH     : @ 41063.375: tcs3701: start power rail timer, state:3
11-23 00:03:31.180 29153 29185 I BatteryMgr:DataCollectionService: stats => 1700694211179,12207,4446,5493,4169000,100
11-23 00:03:31.212  1011  1189 I ASH     : @ 41063.415: tcs3701: stop power rail pending_off timer
11-23 00:03:31.212  1011  1189 D ASH     : @ 41063.415: tcs3701: start power rail timer, state:3
11-23 00:03:31.243  3604  4214 I bbqr    : (REDACTED) getHotwordActive::active query: %s, watch: %s, devices connected: %s
11-23 00:03:31.252  1011  1189 I ASH     : @ 41063.455: tcs3701: stop power rail pending_off timer
11-23 00:03:31.252  1011  1189 D ASH     : @ 41063.455: tcs3701: start power rail timer, state:3
11-23 00:03:31.256 29153 29185 I BatteryMgr:DataCollectionService: stats => 1700694211256,12207,4446,5493,4169000,100
11-23 00:03:31.287 29153 29185 I BatteryMgr:DataCollectionService: stats => 1700694211287,12207,4446,5493,4169000,100
11-23 00:03:31.292  1011  1189 I ASH     : @ 41063.495: tcs3701: stop power rail pending_off timer
11-23 00:03:31.292  1011  1189 D ASH     : @ 41063.495: tcs3701: start power rail timer, state:3
11-23 00:03:31.332  1011  1189 I ASH     : @ 41063.535: tcs3701: stop power rail pending_off timer
11-23 00:03:31.332  1011  1189 D ASH     : @ 41063.535: tcs3701: start power rail timer, state:3
11-23 00:03:31.361 29153 29185 I BatteryMgr:DataCollectionService: stats => 1700694211361,12207,4446,5493,4169000,100
11-23 00:03:31.372  1011  1189 I ASH     : @ 41063.575: tcs3701: stop power rail pending_off timer
11-23 00:03:31.372  1011  1189 D ASH     : @ 41063.575: tcs3701: start power rail timer, state:3
11-23 00:03:31.393 29153 29185 I BatteryMgr:DataCollectionService: stats => 1700694211393,12207,4446,5493,4169000,100
11-23 00:03:31.412  1011  1189 I ASH     : @ 41063.615: tcs3701: stop power rail pending_off timer
11-23 00:03:31.412  1011  1189 D ASH     : @ 41063.615: tcs3701: start power rail timer, state:3
11-23 00:03:31.439  1795  3759 D ActivityManager: freezer override set to true
11-23 00:03:31.452  1011  1189 I ASH     : @ 41063.655: tcs3701: stop power rail pending_off timer
11-23 00:03:31.452  1011  1189 D ASH     : @ 41063.655: tcs3701: start power rail timer, state:3
11-23 00:03:31.465 29153 29185 I BatteryMgr:DataCollectionService: stats => 1700694211465,12207,4446,5493,4169000,100
11-23 00:03:31.492  1011  1189 I ASH     : @ 41063.695: tcs3701: stop power rail pending_off timer
11-23 00:03:31.492  1011  1189 D ASH     : @ 41063.695: tcs3701: start power rail timer, state:3
11-23 00:03:31.498 29153 29185 I BatteryMgr:DataCollectionService: stats => 1700694211498,12207,4446,5493,4169000,100
11-23 00:03:31.520 21551 21567 I m.chrome.canary: Explicit concurrent copying GC freed 3801(191KB) AllocSpace objects, 4(80KB) LOS objects, 75% free, 11MB/44MB, paused 33us,56us total 42.178ms
11-23 00:03:31.532  1011  1189 I ASH     : @ 41063.735: tcs3701: stop power rail pending_off timer
11-23 00:03:31.532  1011  1189 D ASH     : @ 41063.735: tcs3701: start power rail timer, state:3
11-23 00:03:31.572  1011  1189 I ASH     : @ 41063.775: tcs3701: stop power rail pending_off timer
11-23 00:03:31.572  1011  1189 D ASH     : @ 41063.775: tcs3701: start power rail timer, state:3
11-23 00:03:31.572 29153 29185 I BatteryMgr:DataCollectionService: stats => 1700694211572,12207,4446,5493,4169000,100
11-23 00:03:31.574  1795  3759 D ActivityManager: freezer override set to false
11-23 00:03:31.606 29153 29185 I BatteryMgr:DataCollectionService: stats => 1700694211606,12207,4446,5493,4169000,100
11-23 00:03:31.612  1011  1189 I ASH     : @ 41063.815: tcs3701: stop power rail pending_off timer
11-23 00:03:31.612  1011  1189 D ASH     : @ 41063.815: tcs3701: start power rail timer, state:3
11-23 00:03:31.616  1795  3759 D ActivityManager: freezer override set to true
11-23 00:03:31.619  1795  3759 D ActivityManager: freezer override set to false
11-23 00:03:31.652  1011  1189 I ASH     : @ 41063.855: tcs3701: stop power rail pending_off timer
11-23 00:03:31.652  1011  1189 D ASH     : @ 41063.855: tcs3701: start power rail timer, state:3
11-23 00:03:31.678 29153 29185 I BatteryMgr:DataCollectionService: stats => 1700694211678,12207,4446,5493,4169000,100
11-23 00:03:31.692  1011  1189 I ASH     : @ 41063.895: tcs3701: stop power rail pending_off timer
11-23 00:03:31.692  1011  1189 D ASH     : @ 41063.895: tcs3701: start power rail timer, state:3
11-23 00:03:31.711 29153 29185 I BatteryMgr:DataCollectionService: stats => 1700694211711,12207,4446,5493,4169000,100
11-23 00:03:31.732  1011  1189 I ASH     : @ 41063.935: tcs3701: stop power rail pending_off timer
