--------- beginning of main
11-22 23:44:00.212  1011  1189 I ASH     : @ 39892.415: tcs3701: stop power rail pending_off timer
11-22 23:44:00.212  1011  1189 D ASH     : @ 39892.415: tcs3701: start power rail timer, state:3
11-22 23:44:00.252  1011  1189 I ASH     : @ 39892.455: tcs3701: stop power rail pending_off timer
11-22 23:44:00.253  1011  1189 D ASH     : @ 39892.455: tcs3701: start power rail timer, state:3
11-22 23:44:00.283 29153 31606 I BatteryMgr:DataCollectionService: stats => 1700693040283,7934,4446,5493,4169000,100
11-22 23:44:00.292  1011  1189 I ASH     : @ 39892.495: tcs3701: stop power rail pending_off timer
11-22 23:44:00.292  1011  1189 D ASH     : @ 39892.495: tcs3701: start power rail timer, state:3
11-22 23:44:00.332  1011  1189 I ASH     : @ 39892.535: tcs3701: stop power rail pending_off timer
11-22 23:44:00.332  1011  1189 D ASH     : @ 39892.535: tcs3701: start power rail timer, state:3
11-22 23:44:00.371  1011  1189 I ASH     : @ 39892.575: tcs3701: stop power rail pending_off timer
11-22 23:44:00.372  1011  1189 D ASH     : @ 39892.575: tcs3701: start power rail timer, state:3
11-22 23:44:00.379 26296 26296 D AndroidRuntime: >>>>>> START com.android.internal.os.RuntimeInit uid 2000 <<<<<<
11-22 23:44:00.382 26296 26296 I AndroidRuntime: Using default boot image
11-22 23:44:00.382 26296 26296 I AndroidRuntime: Leaving lock profiling enabled
11-22 23:44:00.384 26296 26296 I app_process: Using CollectorTypeCC GC.
11-22 23:44:00.389 29153 31606 I BatteryMgr:DataCollectionService: stats => 1700693040389,7934,4446,5493,4169000,100
11-22 23:44:00.411  1011  1189 I ASH     : @ 39892.615: tcs3701: stop power rail pending_off timer
11-22 23:44:00.412  1011  1189 D ASH     : @ 39892.615: tcs3701: start power rail timer, state:3
11-22 23:44:00.452  1011  1189 I ASH     : @ 39892.655: tcs3701: stop power rail pending_off timer
11-22 23:44:00.452  1011  1189 D ASH     : @ 39892.655: tcs3701: start power rail timer, state:3
11-22 23:44:00.453 26296 26296 D nativeloader: InitDefaultPublicLibraries for_preload=1: libandroid.so:libaaudio.so:libamidi.so:libbinder_ndk.so:libc.so:libcamera2ndk.so:libdl.so:libEGL.so:libGLESv1_CM.so:libGLESv2.so:libGLESv3.so:libicu.so:libicui18n.so:libicuuc.so:libjnigraphics.so:liblog.so:libmediandk.so:libm.so:libnativehelper.so:libnativewindow.so:libOpenMAXAL.so:libOpenSLES.so:libRS.so:libstdc++.so:libsync.so:libvulkan.so:libwebviewchromium_plat_support.so:libz.so
11-22 23:44:00.467 26296 26296 D app_process: Time zone APEX ICU file found: /apex/com.android.tzdata/etc/icu/icu_tzdata.dat
11-22 23:44:00.467 26296 26296 D app_process: I18n APEX ICU file found: /apex/com.android.i18n/etc/icu/icudt70l.dat
11-22 23:44:00.492  1011  1189 I ASH     : @ 39892.695: tcs3701: stop power rail pending_off timer
11-22 23:44:00.492  1011  1189 D ASH     : @ 39892.695: tcs3701: start power rail timer, state:3
11-22 23:44:00.492 26296 26296 D AndroidRuntime: Calling main entry com.android.commands.monkey.Monkey
11-22 23:44:00.493 26296 26296 W Monkey  : args: [-p, com.chrome.canary, 1]
11-22 23:44:00.493 26296 26296 W Monkey  :  arg: "-p"
11-22 23:44:00.493 26296 26296 W Monkey  :  arg: "com.chrome.canary"
11-22 23:44:00.493 26296 26296 W Monkey  :  arg: "1"
11-22 23:44:00.493 26296 26296 W Monkey  : data="com.chrome.canary"
11-22 23:44:00.495 29153 31606 I BatteryMgr:DataCollectionService: stats => 1700693040495,7934,4446,5493,4169000,100
--------- beginning of system
11-22 23:44:00.502  1795  2119 W BroadcastQueue: Skipping deliver [background] BroadcastRecord{b3762f1 u-1 android.net.conn.CONNECTIVITY_CHANGE} to ReceiverList{e20bed6 26296 (unknown name)/2000/u-1 remote:466bc7b}: process gone or crashing
11-22 23:44:00.508  1795  4157 D CompatibilityChangeReporter: Compat change id reported: 161252188; UID 10010; state: DISABLED
11-22 23:44:00.508  1795  4157 I ActivityTaskManager: START u0 {act=android.intent.action.MAIN cat=[android.intent.category.LAUNCHER] flg=0x10200000 cmp=com.chrome.canary/com.google.android.apps.chrome.Main} from uid 2000
11-22 23:44:00.508  1795  4157 D CompatibilityChangeReporter: Compat change id reported: 265464455; UID 10010; state: DISABLED
11-22 23:44:00.508  1795  4157 D CompatibilityChangeReporter: Compat change id reported: 265452344; UID 10010; state: DISABLED
11-22 23:44:00.508  1795  4157 D CompatibilityChangeReporter: Compat change id reported: 266124927; UID 10010; state: DISABLED
11-22 23:44:00.508  1795  4157 D CompatibilityChangeReporter: Compat change id reported: 265451093; UID 10010; state: DISABLED
11-22 23:44:00.508  1795  4157 D CompatibilityChangeReporter: Compat change id reported: 265456536; UID 10010; state: DISABLED
11-22 23:44:00.508  1795  4157 D CompatibilityChangeReporter: Compat change id reported: 255940284; UID 10010; state: DISABLED
11-22 23:44:00.508  1795  4157 D CompatibilityChangeReporter: Compat change id reported: 236283604; UID 10010; state: DISABLED
11-22 23:44:00.508  1795  4157 D CompatibilityChangeReporter: Compat change id reported: 263959004; UID 10010; state: DISABLED
11-22 23:44:00.509  1795  4157 D CompatibilityChangeReporter: Compat change id reported: 264304459; UID 10010; state: DISABLED
11-22 23:44:00.509  1795  4157 D CompatibilityChangeReporter: Compat change id reported: 264301586; UID 10010; state: DISABLED
11-22 23:44:00.509  1795  4157 D CompatibilityChangeReporter: Compat change id reported: 254631730; UID 10010; state: DISABLED
11-22 23:44:00.509  1795  4157 D CompatibilityChangeReporter: Compat change id reported: 273509367; UID 10010; state: DISABLED
11-22 23:44:00.509  1795  4157 D CompatibilityChangeReporter: Compat change id reported: 263259275; UID 10010; state: DISABLED
11-22 23:44:00.509  1795  4157 D CompatibilityChangeReporter: Compat change id reported: 194480991; UID 10010; state: ENABLED
11-22 23:44:00.509  1795  4157 D CompatibilityChangeReporter: Compat change id reported: 174042980; UID 10010; state: DISABLED
11-22 23:44:00.510  1795  4157 D CompatibilityChangeReporter: Compat change id reported: 184838306; UID 10010; state: DISABLED
11-22 23:44:00.510  1795  4157 D CompatibilityChangeReporter: Compat change id reported: 185004937; UID 10010; state: DISABLED
11-22 23:44:00.510  1795  4157 D CompatibilityChangeReporter: Compat change id reported: 181136395; UID 10010; state: DISABLED
11-22 23:44:00.510  1795  4157 D CompatibilityChangeReporter: Compat change id reported: 174042936; UID 10010; state: DISABLED
11-22 23:44:00.511  1795  4157 D CompatibilityChangeReporter: Compat change id reported: 205907456; UID 10010; state: ENABLED
11-22 23:44:00.513  1795  4157 D CompatibilityChangeReporter: Compat change id reported: 194833441; UID 10010; state: ENABLED
11-22 23:44:00.514  1795  2100 D CompatibilityChangeReporter: Compat change id reported: 135634846; UID 10010; state: DISABLED
11-22 23:44:00.515 26296 26296 I Monkey  : Events injected: 1
11-22 23:44:00.515  1795  2120 D CompatibilityChangeReporter: Compat change id reported: 143937733; UID 10010; state: ENABLED
11-22 23:44:00.521  3657  4441 D ForegroundUtils: Foreground UID status:
11-22 23:44:00.521  3657  4441 D ForegroundUtils: UID: 10128 is in foreground: true
11-22 23:44:00.521  3657  4441 D ForegroundUtils: UID: 10158 is in foreground: true
11-22 23:44:00.521  3657  4441 D ForegroundUtils: UID: 10189 is in foreground: false
11-22 23:44:00.521  3657  4441 D ForegroundUtils: UID: 10194 is in foreground: true
11-22 23:44:00.521  3657  4441 D ForegroundUtils: UID: 10206 is in foreground: false
11-22 23:44:00.521  3657  4441 D ForegroundUtils: UID: 10233 is in foreground: true
11-22 23:44:00.521  3657  4441 D ForegroundUtils: UID: 10244 is in foreground: true
11-22 23:44:00.522  2513  2550 W Parcel  : Expecting binder but got null!
11-22 23:44:00.523   987   987 D Zygote  : Forked child process 26311
11-22 23:44:00.525  1795  2120 I ActivityManager: Start proc 26311:com.chrome.canary/u0a10 for next-top-activity {com.chrome.canary/com.google.android.apps.chrome.Main}
11-22 23:44:00.525  1795  4157 D CompatibilityChangeReporter: Compat change id reported: 168419799; UID 10010; state: DISABLED
11-22 23:44:00.525  1795  4157 D CompatibilityChangeReporter: Compat change id reported: 273564678; UID 10010; state: DISABLED
11-22 23:44:00.527 26296 26296 I Monkey  : ## Network stats: elapsed time=19ms (0ms mobile, 0ms wifi, 19ms not connected)
11-22 23:44:00.527 26296 26296 I app_process: System.exit called, status: 0
11-22 23:44:00.527 26296 26296 I AndroidRuntime: VM exiting with result code 0.
11-22 23:44:00.531  1011  1189 I ASH     : @ 39892.735: tcs3701: stop power rail pending_off timer
11-22 23:44:00.532  1011  1189 D ASH     : @ 39892.735: tcs3701: start power rail timer, state:3
11-22 23:44:00.536 26311 26311 I m.chrome.canary: Using CollectorTypeCC GC.
11-22 23:44:00.538  2513  2550 E OpenGLRenderer: Unable to match the desired swap behavior.
11-22 23:44:00.550  1383  1442 I adbd    : jdwp connection from 26311
11-22 23:44:00.565  3657  4441 D ForegroundUtils: Foreground UID status:
11-22 23:44:00.565 26311 26311 I ActivityThread: Relaunch all activities: onCoreSettingsChange
11-22 23:44:00.565  3657  4441 D ForegroundUtils: UID: 10010 is in foreground: true
11-22 23:44:00.565  3657  4441 D ForegroundUtils: UID: 10128 is in foreground: true
11-22 23:44:00.565  3657  4441 D ForegroundUtils: UID: 10158 is in foreground: true
11-22 23:44:00.565  3657  4441 D ForegroundUtils: UID: 10189 is in foreground: false
11-22 23:44:00.565  3657  4441 D ForegroundUtils: UID: 10194 is in foreground: true
11-22 23:44:00.565  3657  4441 D ForegroundUtils: UID: 10206 is in foreground: false
11-22 23:44:00.565  3657  4441 D ForegroundUtils: UID: 10233 is in foreground: true
11-22 23:44:00.565  3657  4441 D ForegroundUtils: UID: 10244 is in foreground: true
11-22 23:44:00.565 26311 26311 D CompatibilityChangeReporter: Compat change id reported: 171979766; UID 10010; state: ENABLED
11-22 23:44:00.568 26311 26311 W ziparchive: Unable to open '/data/app/~~-FnXeb6__ecKd-dFZ4kZZA==/com.google.android.trichromelibrary.canary_613700033-7Q2vBiD9q0nCftKFg-pq8w==/base.dm': No such file or directory
11-22 23:44:00.568 26311 26311 W ziparchive: Unable to open '/data/app/~~-FnXeb6__ecKd-dFZ4kZZA==/com.google.android.trichromelibrary.canary_613700033-7Q2vBiD9q0nCftKFg-pq8w==/base.dm': No such file or directory
11-22 23:44:00.568 26311 26311 W m.chrome.canary: Entry not found
11-22 23:44:00.569 26311 26311 D nativeloader: Configuring clns-4 for other apk /data/app/~~-FnXeb6__ecKd-dFZ4kZZA==/com.google.android.trichromelibrary.canary_613700033-7Q2vBiD9q0nCftKFg-pq8w==/base.apk. target_sdk_version=34, uses_libraries=ALL, library_path=/data/app/~~dutrJzl_xJkEyCCvIkexCw==/com.chrome.canary-4jcd8srf2WXxld2NC1r69A==/lib/arm64:/data/app/~~dutrJzl_xJkEyCCvIkexCw==/com.chrome.canary-4jcd8srf2WXxld2NC1r69A==/base.apk!/lib/arm64-v8a:/data/app/~~-FnXeb6__ecKd-dFZ4kZZA==/com.google.android.trichromelibrary.canary_613700033-7Q2vBiD9q0nCftKFg-pq8w==/base.apk!/lib/arm64-v8a, permitted_path=/data:/mnt/expand:/data/user/0/com.chrome.canary
11-22 23:44:00.572  1011  1189 I ASH     : @ 39892.775: tcs3701: stop power rail pending_off timer
11-22 23:44:00.572  1011  1189 D ASH     : @ 39892.775: tcs3701: start power rail timer, state:3
11-22 23:44:00.573 26311 26311 D nativeloader: Configuring clns-5 for other apk /data/app/~~dutrJzl_xJkEyCCvIkexCw==/com.chrome.canary-4jcd8srf2WXxld2NC1r69A==/base.apk. target_sdk_version=34, uses_libraries=, library_path=/data/app/~~dutrJzl_xJkEyCCvIkexCw==/com.chrome.canary-4jcd8srf2WXxld2NC1r69A==/lib/arm64:/data/app/~~dutrJzl_xJkEyCCvIkexCw==/com.chrome.canary-4jcd8srf2WXxld2NC1r69A==/base.apk!/lib/arm64-v8a:/data/app/~~-FnXeb6__ecKd-dFZ4kZZA==/com.google.android.trichromelibrary.canary_613700033-7Q2vBiD9q0nCftKFg-pq8w==/base.apk!/lib/arm64-v8a, permitted_path=/data:/mnt/expand:/data/user/0/com.chrome.canary
11-22 23:44:00.581 26311 26311 V GraphicsEnvironment: ANGLE Developer option for 'com.chrome.canary' set to: 'default'
11-22 23:44:00.582 26311 26311 V GraphicsEnvironment: ANGLE GameManagerService for com.chrome.canary: false
11-22 23:44:00.582 26311 26311 V GraphicsEnvironment: Updatable production driver is not supported on the device.
11-22 23:44:00.583 26311 26311 I LoadedApk: No resource references to update in package com.google.android.trichromelibrary.canary
11-22 23:44:00.583 26311 26311 D NetworkSecurityConfig: Using Network Security Config from resource 0_resource_name_obfuscated debugBuild: false
11-22 23:44:00.583 26311 26311 D NetworkSecurityConfig: Using Network Security Config from resource 0_resource_name_obfuscated debugBuild: false
11-22 23:44:00.584 26311 26311 I cr_SplitCompatApp: Launched version=121.0.6137.0 minSdkVersion=29 isBundle=true processName=com.chrome.canary isIsolated=false
11-22 23:44:00.600 29153 31606 I BatteryMgr:DataCollectionService: stats => 1700693040600,7934,4446,5493,4169000,100
11-22 23:44:00.605 26311 26333 I cr_LibraryLoader: Loading monochrome_64 from within /data/app/~~dutrJzl_xJkEyCCvIkexCw==/com.chrome.canary-4jcd8srf2WXxld2NC1r69A==/base.apk
11-22 23:44:00.606  1795  4157 D CompatibilityChangeReporter: Compat change id reported: 161145287; UID 10010; state: DISABLED
11-22 23:44:00.607 26311 26333 I cr_Linker: loadLibraryImplLocked: monochrome_64, relroMode=1
11-22 23:44:00.612  1011  1189 I ASH     : @ 39892.815: tcs3701: stop power rail pending_off timer
11-22 23:44:00.612  1011  1189 D ASH     : @ 39892.815: tcs3701: start power rail timer, state:3
11-22 23:44:00.615  3875  3875 I dzhj    : onPause
11-22 23:44:00.616 26311 26333 I cr_LibraryLoader: Successfully loaded native library
11-22 23:44:00.616 26311 26333 I cr_CachingUmaRecorder: Flushed 20 samples from 18 histograms, 0 samples were dropped.
11-22 23:44:00.619  3604  3604 I hitl    : (REDACTED) received broadcast: %s
11-22 23:44:00.620  3604  4197 I hito    : (REDACTED) received broadcast: %s
11-22 23:44:00.620  3604  4197 I hioo    : (REDACTED) #onConfigUpdate. requester: %s
11-22 23:44:00.621  3604  4263 I hioo    : #onConfigUpdate inside sequencer
11-22 23:44:00.621  3604  4263 I hilg    : (REDACTED) Voice Match (Speaker-id) supported : %b 
11-22 23:44:00.621  3604  4263 I hilg    : (REDACTED) hotword enrollment state is enrolled:  %b, speakerId model exist: %b. Voice Match supported : %b 
11-22 23:44:00.621  3604  4263 I hilg    : (REDACTED) isHotwordAvailable():  %b, isHotwordEnabled() %b 
11-22 23:44:00.621  3604  4263 I hilg    : (REDACTED) isHotwordAvailable():  %b, isHotwordEnabled() %b 
11-22 23:44:00.621  3604  4263 I hilg    : (REDACTED) Hotword enrollment state : %s.
11-22 23:44:00.621  3604  4263 I hilg    : (REDACTED) Voice Match (Speaker-id) supported : %b 
11-22 23:44:00.622  3604  4263 I hilg    : (REDACTED) Voice Match (Speaker-id) supported : %b 
11-22 23:44:00.622  3604  4263 I hilg    : (REDACTED) hotword enrollment state is enrolled:  %b, speakerId model exist: %b, voice match supported : %b
11-22 23:44:00.622  3604  4263 I hilg    : (REDACTED) Hotword isNonVoiceMatchHotwordEnabled: %b, isHotwordAvailable: %b, isHotwordEnabled: %b, isVoiceMatchSupported: %b, isHotwordEnrolled: %b,
11-22 23:44:00.622  3604  4263 I hioo    : (REDACTED) Ignore the legacy hotword request. voice match enabled %b, isHotwordSupported %b, isIncompleteEnrollmentState %b, nonVoiceMatchHotwordEnabled %b
11-22 23:44:00.634 26311 26311 I cr_MultiInstance: Removed invalid instance data. Removed tasks-instance mappings: [Chrome.MultiInstance.TaskMap.0 - 1284] and shared prefs for instances: []
11-22 23:44:00.634 26311 26338 W DynamiteModule: Local module descriptor class for com.google.android.gms.googlecertificates not found.
11-22 23:44:00.634 26311 26311 I cr_MultiInstance: Existing Instance - persisted and unmapped Id allocated: 0
11-22 23:44:00.636 26311 26311 I cr_MultiInstance: Intent action: android.intent.action.MAIN
11-22 23:44:00.636 26311 26311 I cr_MultiInstance: Intent routed via ChromeLauncherActivity: false
11-22 23:44:00.636 26311 26311 I cr_MultiInstance: Referrer: android-app://com.android.shell
11-22 23:44:00.636 26311 26311 I cr_MultiInstance: Intent contains LAUNCHER category: true
11-22 23:44:00.636 26311 26311 I cr_MultiInstance: Intent contains FLAG_ACTIVITY_MULTIPLE_TASK: false
11-22 23:44:00.636 26311 26311 I cr_MultiInstance: Intent contains FLAG_ACTIVITY_NEW_TASK: true
11-22 23:44:00.636 26311 26311 I cr_MultiInstance: Intent component: com.google.android.apps.chrome.Main
11-22 23:44:00.636 26311 26311 I cr_MultiInstance: Intent sent by OS: false
11-22 23:44:00.636 26311 26311 I cr_MultiInstance: @ExternalAppId of intent source: 0
11-22 23:44:00.636 26311 26311 I cr_MultiInstance: Are all instances running: false
11-22 23:44:00.636 26311 26311 I cr_MultiInstance: Window allocation type: 6
11-22 23:44:00.636 26311 26311 I cr_MultiInstance: Window ID allocated: 0
11-22 23:44:00.636 26311 26311 W cr_ActivityDispatcher: CustomTabsIntent#shouldAlwaysUseBrowserUI() = false
11-22 23:44:00.637 26311 26311 D CompatibilityChangeReporter: Compat change id reported: 183155436; UID 10010; state: ENABLED
11-22 23:44:00.645 26311 26338 I DynamiteModule: Considering local module com.google.android.gms.googlecertificates:0 and remote module com.google.android.gms.googlecertificates:7
11-22 23:44:00.645 26311 26311 E m.chrome.canary: Invalid ID 0x00000000.
11-22 23:44:00.645 26311 26338 I DynamiteModule: Selected remote version of com.google.android.gms.googlecertificates, version >= 7
11-22 23:44:00.647 26311 26311 I cr_SplitCompatClassLoader: Splits: null
11-22 23:44:00.648 26311 26338 W System  : ClassLoader referenced unknown path: 
11-22 23:44:00.648 26311 26338 D nativeloader: Configuring clns-6 for other apk . target_sdk_version=34, uses_libraries=, library_path=/data/app/~~kuQRvAzVZuE4Ro2oLuwWdQ==/com.google.android.gms-oAttmqgZrSU_NO_sHK9RSA==/lib/arm64:/data/app/~~kuQRvAzVZuE4Ro2oLuwWdQ==/com.google.android.gms-oAttmqgZrSU_NO_sHK9RSA==/base.apk!/lib/arm64-v8a, permitted_path=/data:/mnt/expand:/data/user/0/com.google.android.gms
11-22 23:44:00.652  1011  1189 I ASH     : @ 39892.855: tcs3701: stop power rail pending_off timer
11-22 23:44:00.652  1011  1189 D ASH     : @ 39892.855: tcs3701: start power rail timer, state:3
11-22 23:44:00.665 26311 26311 W cr_ActivityDispatcher: CustomTabsIntent#shouldAlwaysUseBrowserUI() = false
11-22 23:44:00.666  3845  3845 E AbstractGmsTracer: Traced class shouldn't be obfuscated: GmsBoundBrokerChimeraService [CONTEXT service_id=259 ]
11-22 23:44:00.667  3845  3845 D BoundBrokerSvc: onBind: Intent { act=com.google.android.gms.safetynet.service.START pkg=com.google.android.gms }
11-22 23:44:00.667  3845  3845 D BoundBrokerSvc: Loading bound service for intent: Intent { act=com.google.android.gms.safetynet.service.START pkg=com.google.android.gms }
11-22 23:44:00.670  3845  3845 E AbstractGmsTracer: Traced class shouldn't be obfuscated: SafetyNetClientChimeraService [CONTEXT service_id=259 ]
11-22 23:44:00.670  3074  3074 D BoundBrokerSvc: onBind: Intent { act=com.google.android.gms.phenotype.service.START pkg=com.google.android.gms }
11-22 23:44:00.670  3074  3074 D BoundBrokerSvc: Loading bound service for intent: Intent { act=com.google.android.gms.phenotype.service.START pkg=com.google.android.gms }
11-22 23:44:00.672 26311 26311 I cr_CompositorSurfaceMgr: Transitioning to surface with format: -1
11-22 23:44:00.684 26311 26311 D CompatibilityChangeReporter: Compat change id reported: 210923482; UID 10010; state: ENABLED
11-22 23:44:00.692  1011  1189 I ASH     : @ 39892.895: tcs3701: stop power rail pending_off timer
11-22 23:44:00.692  1011  1189 D ASH     : @ 39892.895: tcs3701: start power rail timer, state:3
11-22 23:44:00.705 29153 31606 I BatteryMgr:DataCollectionService: stats => 1700693040705,7934,4446,5493,4169000,100
11-22 23:44:00.708 26311 26311 D CompatibilityChangeReporter: Compat change id reported: 193247900; UID 10010; state: ENABLED
11-22 23:44:00.727 26311 26311 W cr_ActivityDispatcher: CustomTabsIntent#shouldAlwaysUseBrowserUI() = false
11-22 23:44:00.731  1011  1189 I ASH     : @ 39892.935: tcs3701: stop power rail pending_off timer
11-22 23:44:00.732  1011  1189 D ASH     : @ 39892.935: tcs3701: start power rail timer, state:3
11-22 23:44:00.732 26311 26311 D CompatibilityChangeReporter: Compat change id reported: 237531167; UID 10010; state: DISABLED
11-22 23:44:00.738 26311 26348 W Parcel  : Expecting binder but got null!
11-22 23:44:00.744  1795  4157 D CoreBackPreview: Window{1efdd6e u0 com.chrome.canary/com.google.android.apps.chrome.Main}: Setting back callback OnBackInvokedCallbackInfo{mCallback=android.window.IOnBackInvokedCallback$Stub$Proxy@eed6021, mPriority=-1}
11-22 23:44:00.746  1795  2120 D CompatibilityChangeReporter: Compat change id reported: 143937733; UID 10010; state: ENABLED
11-22 23:44:00.747  1795  2120 D CompatibilityChangeReporter: Compat change id reported: 135634846; UID 10010; state: DISABLED
11-22 23:44:00.747  1795  2120 D CompatibilityChangeReporter: Compat change id reported: 207557677; UID 10010; state: ENABLED
11-22 23:44:00.747   987   987 W Zygote  : forkRepeatedly terminated due to non-simple command
11-22 23:44:00.747   987   987 D Zygote  : mbuffer starts with 15, nice name is com.chrome.canary_zygote, mEnd = 410, mNext = 191, mLinesLeft = 6, mFd = 5
11-22 23:44:00.754  3074 10404 E ckqk    : Phenotype API error. Event # evhb@38b9161a, EventCode: 7 [CONTEXT service_id=51 ]
11-22 23:44:00.754  3074 10404 E ckqk    : ckoo: 29505: No config packages for log source, or config package not registered
11-22 23:44:00.754  3074 10404 E ckqk    : 	at ckrk.b(:com.google.android.gms@234414038@23.44.14 (190400-580326705):79)
11-22 23:44:00.754  3074 10404 E ckqk    : 	at ckrh.h(:com.google.android.gms@234414038@23.44.14 (190400-580326705):3)
11-22 23:44:00.754  3074 10404 E ckqk    : 	at ckqk.g(:com.google.android.gms@234414038@23.44.14 (190400-580326705):18)
11-22 23:44:00.754  3074 10404 E ckqk    : 	at ckqk.f(:com.google.android.gms@234414038@23.44.14 (190400-580326705):11)
11-22 23:44:00.754  3074 10404 E ckqk    : 	at bfmo.fh(:com.google.android.gms@234414038@23.44.14 (190400-580326705):1)
11-22 23:44:00.754  3074 10404 E ckqk    : 	at bfmz.run(:com.google.android.gms@234414038@23.44.14 (190400-580326705):100)
11-22 23:44:00.754  3074 10404 E ckqk    : 	at dvlp.run(:com.google.android.gms@234414038@23.44.14 (190400-580326705):13)
11-22 23:44:00.754  3074 10404 E ckqk    : 	at ajls.c(:com.google.android.gms@234414038@23.44.14 (190400-580326705):50)
11-22 23:44:00.754  3074 10404 E ckqk    : 	at ajls.run(:com.google.android.gms@234414038@23.44.14 (190400-580326705):76)
11-22 23:44:00.754  3074 10404 E ckqk    : 	at java.util.concurrent.ThreadPoolExecutor.runWorker(ThreadPoolExecutor.java:1145)
11-22 23:44:00.754  3074 10404 E ckqk    : 	at java.util.concurrent.ThreadPoolExecutor$Worker.run(ThreadPoolExecutor.java:644)
11-22 23:44:00.754  3074 10404 E ckqk    : 	at ajqx.run(:com.google.android.gms@234414038@23.44.14 (190400-580326705):8)
11-22 23:44:00.754  3074 10404 E ckqk    : 	at java.lang.Thread.run(Thread.java:1012)
11-22 23:44:00.755 26311 26348 I AdrenoGLES-0: QUALCOMM build                   : 4783c89, I46ff5fc46f
11-22 23:44:00.755 26311 26348 I AdrenoGLES-0: Build Date                       : 11/30/20
11-22 23:44:00.755 26311 26348 I AdrenoGLES-0: OpenGL ES Shader Compiler Version: EV031.31.04.01
11-22 23:44:00.755 26311 26348 I AdrenoGLES-0: Local Branch                     : QPR2
11-22 23:44:00.755 26311 26348 I AdrenoGLES-0: Remote Branch                    : 
11-22 23:44:00.755 26311 26348 I AdrenoGLES-0: Remote Branch                    : 
11-22 23:44:00.755 26311 26348 I AdrenoGLES-0: Reconstruct Branch               : 
11-22 23:44:00.755 26311 26348 I AdrenoGLES-0: Build Config                     : S P 10.0.4 AArch64
11-22 23:44:00.755 26311 26348 I AdrenoGLES-0: Driver Path                      : /vendor/lib64/egl/libGLESv2_adreno.so
11-22 23:44:00.755   987   987 D Zygote  : Forked child process 26357
11-22 23:44:00.755  3074 10404 W AsyncOperation: operation=GetExperimentTokensOperationCall, opStatusCode=29505 [CONTEXT service_id=51 ]
11-22 23:44:00.755  3074 10404 W AsyncOperation: OperationException[Status{statusCode=No config packages for log source, or config package not registered, resolution=null}]
11-22 23:44:00.755  3074 10404 W AsyncOperation: 	at ckqk.g(:com.google.android.gms@234414038@23.44.14 (190400-580326705):48)
11-22 23:44:00.755  3074 10404 W AsyncOperation: 	at ckqk.f(:com.google.android.gms@234414038@23.44.14 (190400-580326705):11)
11-22 23:44:00.755  3074 10404 W AsyncOperation: 	at bfmo.fh(:com.google.android.gms@234414038@23.44.14 (190400-580326705):1)
11-22 23:44:00.755  3074 10404 W AsyncOperation: 	at bfmz.run(:com.google.android.gms@234414038@23.44.14 (190400-580326705):100)
11-22 23:44:00.755  3074 10404 W AsyncOperation: 	at dvlp.run(:com.google.android.gms@234414038@23.44.14 (190400-580326705):13)
11-22 23:44:00.755  3074 10404 W AsyncOperation: 	at ajls.c(:com.google.android.gms@234414038@23.44.14 (190400-580326705):50)
11-22 23:44:00.755  3074 10404 W AsyncOperation: 	at ajls.run(:com.google.android.gms@234414038@23.44.14 (190400-580326705):76)
11-22 23:44:00.755  3074 10404 W AsyncOperation: 	at java.util.concurrent.ThreadPoolExecutor.runWorker(ThreadPoolExecutor.java:1145)
11-22 23:44:00.755  3074 10404 W AsyncOperation: 	at java.util.concurrent.ThreadPoolExecutor$Worker.run(ThreadPoolExecutor.java:644)
11-22 23:44:00.755  3074 10404 W AsyncOperation: 	at ajqx.run(:com.google.android.gms@234414038@23.44.14 (190400-580326705):8)
11-22 23:44:00.755  3074 10404 W AsyncOperation: 	at java.lang.Thread.run(Thread.java:1012)
11-22 23:44:00.756  1795  2120 W ZygoteProcess: Got error connecting to zygote, retrying. msg= Connection refused
11-22 23:44:00.757 26311 26311 I cr_StartSurfaceConfig: Recorded Startup.Android.FirstDrawCompletedTime.NoInstant = 113 ms
11-22 23:44:00.759 26357 26357 I libc    : SetHeapTaggingLevel: tag level set to 0
11-22 23:44:00.760 26357 26357 I e.canary_zygote: Using CollectorTypeCC GC.
11-22 23:44:00.762 26311 26348 I AdrenoGLES-0: PFP: 0x016dd093, ME: 0x00000000
11-22 23:44:00.763 26311 26348 W AdrenoUtils: <ReadGpuID_from_sysfs:197>: Failed to open /sys/class/kgsl/kgsl-3d0/gpu_model
11-22 23:44:00.763 26311 26348 W AdrenoUtils: <ReadGpuID:221>: Failed to read chip ID from gpu_model. Fallback to use the GSL path
11-22 23:44:00.769   648  3370 I SDM     : HWCDisplay::GetColorModeCount: Supported color mode count = 3
11-22 23:44:00.769   648  3370 I SDM     : HWCDisplay::GetColorModes: Color mode = 0 is supported
11-22 23:44:00.769   648  3370 I SDM     : HWCDisplay::GetColorModes: Color mode = 7 is supported
11-22 23:44:00.769   648  3370 I SDM     : HWCDisplay::GetColorModes: Color mode = 9 is supported
11-22 23:44:00.769 26311 26348 E OpenGLRenderer: Unable to match the desired swap behavior.
11-22 23:44:00.772  1011  1189 I ASH     : @ 39892.975: tcs3701: stop power rail pending_off timer
11-22 23:44:00.772  1011  1189 D ASH     : @ 39892.975: tcs3701: start power rail timer, state:3
11-22 23:44:00.773   595   595 I servicemanager: Could not find android.hardware.graphics.allocator.IAllocator/default in the VINTF manifest.
11-22 23:44:00.788  1795  2096 I ActivityTaskManager: Displayed com.chrome.canary/com.google.android.apps.chrome.Main: +275ms
11-22 23:44:00.789 26311 26331 I cr_PartnerCustUma: Partner Customization delegate: 0.
11-22 23:44:00.790 26311 26331 W cr_PartnerCustomize: Partner homepage must be HTTP(S) or NewTabPage. Got invalid URL ""
11-22 23:44:00.792 26311 26311 I cr_CombinedPProvider: #linkNativeInternal() 0
11-22 23:44:00.792 26311 26311 I cr_PolicyProvider: #setManagerAndSource() 0
11-22 23:44:00.797 26311 26311 I cr_PolicyCacheProvider: #refresh() true
11-22 23:44:00.808  1795  2120 I AppZygote: Starting application preload.
11-22 23:44:00.811 26357 26357 I AppZygoteInit: Beginning application preload for com.chrome.canary
11-22 23:44:00.811 29153 31606 I BatteryMgr:DataCollectionService: stats => 1700693040811,7934,4446,5493,4169000,100
11-22 23:44:00.811  1011  1189 I ASH     : @ 39893.015: tcs3701: stop power rail pending_off timer
11-22 23:44:00.812  1011  1189 D ASH     : @ 39893.015: tcs3701: start power rail timer, state:3
11-22 23:44:00.812 26357 26357 W ziparchive: Unable to open '/data/app/~~-FnXeb6__ecKd-dFZ4kZZA==/com.google.android.trichromelibrary.canary_613700033-7Q2vBiD9q0nCftKFg-pq8w==/base.dm': No such file or directory
11-22 23:44:00.812 26357 26357 W ziparchive: Unable to open '/data/app/~~-FnXeb6__ecKd-dFZ4kZZA==/com.google.android.trichromelibrary.canary_613700033-7Q2vBiD9q0nCftKFg-pq8w==/base.dm': No such file or directory
11-22 23:44:00.813 26357 26357 W e.canary_zygote: Entry not found
11-22 23:44:00.814 26357 26357 D nativeloader: Configuring clns-4 for other apk /data/app/~~-FnXeb6__ecKd-dFZ4kZZA==/com.google.android.trichromelibrary.canary_613700033-7Q2vBiD9q0nCftKFg-pq8w==/base.apk. target_sdk_version=34, uses_libraries=ALL, library_path=/data/app/~~dutrJzl_xJkEyCCvIkexCw==/com.chrome.canary-4jcd8srf2WXxld2NC1r69A==/lib/arm64:/data/app/~~dutrJzl_xJkEyCCvIkexCw==/com.chrome.canary-4jcd8srf2WXxld2NC1r69A==/base.apk!/lib/arm64-v8a:/data/app/~~-FnXeb6__ecKd-dFZ4kZZA==/com.google.android.trichromelibrary.canary_613700033-7Q2vBiD9q0nCftKFg-pq8w==/base.apk!/lib/arm64-v8a, permitted_path=/data:/mnt/expand
11-22 23:44:00.821 26357 26357 D nativeloader: Configuring clns-5 for other apk /data/app/~~dutrJzl_xJkEyCCvIkexCw==/com.chrome.canary-4jcd8srf2WXxld2NC1r69A==/base.apk. target_sdk_version=34, uses_libraries=, library_path=/data/app/~~dutrJzl_xJkEyCCvIkexCw==/com.chrome.canary-4jcd8srf2WXxld2NC1r69A==/lib/arm64:/data/app/~~dutrJzl_xJkEyCCvIkexCw==/com.chrome.canary-4jcd8srf2WXxld2NC1r69A==/base.apk!/lib/arm64-v8a:/data/app/~~-FnXeb6__ecKd-dFZ4kZZA==/com.google.android.trichromelibrary.canary_613700033-7Q2vBiD9q0nCftKFg-pq8w==/base.apk!/lib/arm64-v8a, permitted_path=/data:/mnt/expand
11-22 23:44:00.825 26357 26357 I cr_ZygotePreload: Loaded Zygote. version=121.0.6137.0 minSdkVersion=29 isBundle=true
11-22 23:44:00.826  2588  2588 I WallpaperService: engine paused
11-22 23:44:00.827  1011  1011 I sensors-hal: [hal]activate_physical_sensor:251, android.sensor.gyroscope/41 en=0
11-22 23:44:00.831 26357 26357 I cr_LibraryLoader: Loading monochrome_64 from within /data/app/~~dutrJzl_xJkEyCCvIkexCw==/com.chrome.canary-4jcd8srf2WXxld2NC1r69A==/base.apk
11-22 23:44:00.831 26357 26357 I cr_Linker: loadLibraryImplLocked: monochrome_64, relroMode=1
11-22 23:44:00.831  1011  1011 D Diag_Lib: diag: Diag_LSM_DeInit: invoked for pid: 1011
11-22 23:44:00.831  1011  1011 D Diag_Lib: diag: Diag_LSM_DeInit: done for pid: 1011
11-22 23:44:00.835  1011  1011 D Diag_Lib: diag: Diag_LSM_DeInit: invoked for pid: 1011
11-22 23:44:00.835  1011  1011 D Diag_Lib: diag: Diag_LSM_DeInit: done for pid: 1011
11-22 23:44:00.835  1011  1011 I sensors-hal: [hal]activate_physical_sensor:262, android.sensor.gyroscope/41 en=0 completed
11-22 23:44:00.847  1795  2120 I AppZygote: Application preload done.
11-22 23:44:00.848 26357 26357 I AppZygoteInit: Application preload done
11-22 23:44:00.851  1011  1189 I ASH     : @ 39893.055: tcs3701: stop power rail pending_off timer
11-22 23:44:00.852  1011  1189 D ASH     : @ 39893.055: tcs3701: start power rail timer, state:3
11-22 23:44:00.859 26357 26365 W e.canary_zygote: Reducing the number of considered missed Gc histogram windows from 3988 to 100
11-22 23:44:00.860 26357 26357 I Zygote  : Entering forkRepeatedly native zygote loop
11-22 23:44:00.861 26311 26311 I chromium: [INFO:policy_logger.cc(144)] :components/enterprise/browser/controller/chrome_browser_cloud_management_controller.cc(273) Deferring CBCM Controller Initialization until it is unblocked.
11-22 23:44:00.870 26357 26357 D Zygote  : Forked child process 26385
11-22 23:44:00.871  1795  2120 W ActivityManager: Slow operation: 126ms so far, now at startProcess: returned from zygote!
11-22 23:44:00.871  1795  2120 W ActivityManager: Slow operation: 126ms so far, now at startProcess: done updating battery stats
11-22 23:44:00.871  1795  2120 W ActivityManager: Slow operation: 126ms so far, now at startProcess: building log message
11-22 23:44:00.871  1795  2120 I ActivityManager: Start proc 26385:com.chrome.canary:sandboxed_process0:org.chromium.content.app.SandboxedProcessService0:0/u0ai0 for  {com.chrome.canary/org.chromium.content.app.SandboxedProcessService0:0}
11-22 23:44:00.871  1795  2120 W ActivityManager: Slow operation: 126ms so far, now at startProcess: starting to update pids map
11-22 23:44:00.872  1795  2120 W ActivityManager: Slow operation: 127ms so far, now at startProcess: done updating pids map
11-22 23:44:00.872 26385 26385 E libc    : SetHeapTaggingLevel: re-enabling tagging after it was disabled is not supported
11-22 23:44:00.876   987   987 I Zygote  : Entering forkRepeatedly native zygote loop
11-22 23:44:00.879 26385 26385 I ocessService0:0: Using CollectorTypeCC GC.
11-22 23:44:00.881   987   987 D Zygote  : Forked child process 26387
11-22 23:44:00.881  1795  2120 I ActivityManager: Start proc 26387:com.chrome.canary:privileged_process0/u0a10 for service {com.chrome.canary/org.chromium.content.app.PrivilegedProcessService0}
11-22 23:44:00.892  1011  1189 I ASH     : @ 39893.095: tcs3701: stop power rail pending_off timer
11-22 23:44:00.892  1011  1189 D ASH     : @ 39893.095: tcs3701: start power rail timer, state:3
11-22 23:44:00.893  1383  1442 I adbd    : jdwp connection from 26385
11-22 23:44:00.910 26387 26387 I ileged_process0: Using CollectorTypeCC GC.
11-22 23:44:00.913  3657  4441 D ForegroundUtils: Foreground UID status:
11-22 23:44:00.913  3657  4441 D ForegroundUtils: UID: 10010 is in foreground: true
11-22 23:44:00.913  3657  4441 D ForegroundUtils: UID: 10128 is in foreground: true
11-22 23:44:00.913  3657  4441 D ForegroundUtils: UID: 10158 is in foreground: true
11-22 23:44:00.913  3657  4441 D ForegroundUtils: UID: 10189 is in foreground: false
11-22 23:44:00.913  3657  4441 D ForegroundUtils: UID: 10194 is in foreground: true
11-22 23:44:00.913  3657  4441 D ForegroundUtils: UID: 10206 is in foreground: false
11-22 23:44:00.913  3657  4441 D ForegroundUtils: UID: 10233 is in foreground: true
11-22 23:44:00.913  3657  4441 D ForegroundUtils: UID: 10244 is in foreground: true
11-22 23:44:00.913  3657  4441 D ForegroundUtils: UID: 90000 is in foreground: true
11-22 23:44:00.913 26311 26311 I cr_SmsProviderGms: construction successfull AM3@a8f5e80, xM3@37767b0
11-22 23:44:00.915 26385 26385 I ActivityThread: Relaunch all activities: onCoreSettingsChange
11-22 23:44:00.916 26385 26385 D CompatibilityChangeReporter: Compat change id reported: 171979766; UID 90000; state: ENABLED
11-22 23:44:00.919 29153 31606 I BatteryMgr:DataCollectionService: stats => 1700693040918,7934,4446,5493,4169000,100
11-22 23:44:00.924  1383  1442 I adbd    : jdwp connection from 26387
11-22 23:44:00.931 26385 26385 I LoadedApk: No resource references to update in package com.google.android.trichromelibrary.canary
11-22 23:44:00.931 26385 26385 D NetworkSecurityConfig: Using Network Security Config from resource 0_resource_name_obfuscated debugBuild: false
11-22 23:44:00.932  1011  1189 I ASH     : @ 39893.135: tcs3701: stop power rail pending_off timer
11-22 23:44:00.932  1011  1189 D ASH     : @ 39893.135: tcs3701: start power rail timer, state:3
11-22 23:44:00.932 26385 26385 D NetworkSecurityConfig: Using Network Security Config from resource 0_resource_name_obfuscated debugBuild: false
11-22 23:44:00.934 26385 26385 I cr_SplitCompatApp: Launched version=121.0.6137.0 minSdkVersion=29 isBundle=true processName=com.chrome.canary:sandboxed_process0:org.chromium.content.app.SandboxedProcessService0:0 isIsolated=true
11-22 23:44:00.934  1795  4157 D ConnectivityService: requestNetwork for uid/pid:10010/26311 activeRequest: null callbackRequest: 1035 [NetworkRequest [ REQUEST id=1036, [ Capabilities: INTERNET&NOT_RESTRICTED&TRUSTED&NOT_VCN_MANAGED Uid: 10010 RequestorUid: 10010 RequestorPkg: com.chrome.canary UnderlyingNetworks: Null] ]] callback flags: 0 order: 2147483647
11-22 23:44:00.935 26387 26387 I ActivityThread: Relaunch all activities: onCoreSettingsChange
11-22 23:44:00.935 26387 26387 D CompatibilityChangeReporter: Compat change id reported: 171979766; UID 10010; state: ENABLED
11-22 23:44:00.936  1795  2424 D WifiNetworkFactory: got request NetworkRequest [ REQUEST id=1036, [ Capabilities: INTERNET&NOT_RESTRICTED&TRUSTED&NOT_VCN_MANAGED Uid: 10010 RequestorUid: 10010 RequestorPkg: com.chrome.canary UnderlyingNetworks: Null] ]
11-22 23:44:00.936  1795  2424 V WifiNetworkFactory: Accepted network request NetworkRequest [ REQUEST id=1036, [ Capabilities: INTERNET&NOT_RESTRICTED&TRUSTED&NOT_VCN_MANAGED Uid: 10010 RequestorUid: 10010 RequestorPkg: com.chrome.canary UnderlyingNetworks: Null] ]
11-22 23:44:00.936  1795  2424 D UntrustedWifiNetworkFactory: got request NetworkRequest [ REQUEST id=1036, [ Capabilities: INTERNET&NOT_RESTRICTED&TRUSTED&NOT_VCN_MANAGED Uid: 10010 RequestorUid: 10010 RequestorPkg: com.chrome.canary UnderlyingNetworks: Null] ]
11-22 23:44:00.936  1795  2424 D OemPaidWifiNetworkFactory: got request NetworkRequest [ REQUEST id=1036, [ Capabilities: INTERNET&NOT_RESTRICTED&TRUSTED&NOT_VCN_MANAGED Uid: 10010 RequestorUid: 10010 RequestorPkg: com.chrome.canary UnderlyingNetworks: Null] ]
11-22 23:44:00.936  1795  2424 D MultiInternetWifiNetworkFactory: got request NetworkRequest [ REQUEST id=1036, [ Capabilities: INTERNET&NOT_RESTRICTED&TRUSTED&NOT_VCN_MANAGED Uid: 10010 RequestorUid: 10010 RequestorPkg: com.chrome.canary UnderlyingNetworks: Null] ]
11-22 23:44:00.936  1795  2432 D ConnectivityService: NetReassign [1036 : null → 100] [c 0] [a 1] [i 1]
11-22 23:44:00.938 26387 26387 W ziparchive: Unable to open '/data/app/~~-FnXeb6__ecKd-dFZ4kZZA==/com.google.android.trichromelibrary.canary_613700033-7Q2vBiD9q0nCftKFg-pq8w==/base.dm': No such file or directory
11-22 23:44:00.938 26387 26387 W ziparchive: Unable to open '/data/app/~~-FnXeb6__ecKd-dFZ4kZZA==/com.google.android.trichromelibrary.canary_613700033-7Q2vBiD9q0nCftKFg-pq8w==/base.dm': No such file or directory
11-22 23:44:00.938 26387 26387 W ileged_process0: Entry not found
11-22 23:44:00.939 26387 26387 D nativeloader: Configuring clns-4 for other apk /data/app/~~-FnXeb6__ecKd-dFZ4kZZA==/com.google.android.trichromelibrary.canary_613700033-7Q2vBiD9q0nCftKFg-pq8w==/base.apk. target_sdk_version=34, uses_libraries=ALL, library_path=/data/app/~~dutrJzl_xJkEyCCvIkexCw==/com.chrome.canary-4jcd8srf2WXxld2NC1r69A==/lib/arm64:/data/app/~~dutrJzl_xJkEyCCvIkexCw==/com.chrome.canary-4jcd8srf2WXxld2NC1r69A==/base.apk!/lib/arm64-v8a:/data/app/~~-FnXeb6__ecKd-dFZ4kZZA==/com.google.android.trichromelibrary.canary_613700033-7Q2vBiD9q0nCftKFg-pq8w==/base.apk!/lib/arm64-v8a, permitted_path=/data:/mnt/expand:/data/user/0/com.chrome.canary
11-22 23:44:00.941 26385 26385 W SystemServiceRegistry: No service published for: uimode
11-22 23:44:00.944  1795  2432 D ConnectivityService: NetReassign [no changes] [c 0] [a 0] [i 6]
11-22 23:44:00.946 26387 26387 D nativeloader: Configuring clns-5 for other apk /data/app/~~dutrJzl_xJkEyCCvIkexCw==/com.chrome.canary-4jcd8srf2WXxld2NC1r69A==/base.apk. target_sdk_version=34, uses_libraries=, library_path=/data/app/~~dutrJzl_xJkEyCCvIkexCw==/com.chrome.canary-4jcd8srf2WXxld2NC1r69A==/lib/arm64:/data/app/~~dutrJzl_xJkEyCCvIkexCw==/com.chrome.canary-4jcd8srf2WXxld2NC1r69A==/base.apk!/lib/arm64-v8a:/data/app/~~-FnXeb6__ecKd-dFZ4kZZA==/com.google.android.trichromelibrary.canary_613700033-7Q2vBiD9q0nCftKFg-pq8w==/base.apk!/lib/arm64-v8a, permitted_path=/data:/mnt/expand:/data/user/0/com.chrome.canary
11-22 23:44:00.950 26385 26385 I cr_ChildProcessService: Creating new ChildProcessService pid=26385
11-22 23:44:00.951 26311 26311 I cr_EnterpriseInfoImpl: #setCacheResult() deviceOwned:false profileOwned:false
11-22 23:44:00.952 26311 26311 I cr_EnterpriseInfo: #getManagedStateForNative() CQ0@e57fb1
11-22 23:44:00.954 26387 26387 V GraphicsEnvironment: ANGLE Developer option for 'com.chrome.canary' set to: 'default'
11-22 23:44:00.954 26387 26387 V GraphicsEnvironment: ANGLE GameManagerService for com.chrome.canary: false
11-22 23:44:00.954 26387 26387 V GraphicsEnvironment: Updatable production driver is not supported on the device.
11-22 23:44:00.955 26387 26387 I LoadedApk: No resource references to update in package com.google.android.trichromelibrary.canary
11-22 23:44:00.956 26387 26387 D NetworkSecurityConfig: Using Network Security Config from resource 0_resource_name_obfuscated debugBuild: false
11-22 23:44:00.956 26387 26387 D NetworkSecurityConfig: Using Network Security Config from resource 0_resource_name_obfuscated debugBuild: false
11-22 23:44:00.956 26387 26387 I cr_SplitCompatApp: Launched version=121.0.6137.0 minSdkVersion=29 isBundle=true processName=com.chrome.canary:privileged_process0 isIsolated=false
11-22 23:44:00.960 26387 26387 I cr_ChildProcessService: Creating new ChildProcessService pid=26387
11-22 23:44:00.968 26311 26374 I tflite  : Initialized TensorFlow Lite runtime.
11-22 23:44:00.968 26311 26374 W libc    : Access denied finding property "ro.mediatek.platform"
11-22 23:44:00.968 26311 26374 W libc    : Access denied finding property "ro.chipname"
11-22 23:44:00.968 26311 26374 W libc    : Access denied finding property "ro.hardware.chipname"
11-22 23:44:00.969 26387 26423 I cr_LibraryLoader: Loading monochrome_64 from within /data/app/~~dutrJzl_xJkEyCCvIkexCw==/com.chrome.canary-4jcd8srf2WXxld2NC1r69A==/base.apk
11-22 23:44:00.969 26387 26423 I cr_Linker: loadLibraryImplLocked: monochrome_64, relroMode=2
11-22 23:44:00.972  1011  1189 I ASH     : @ 39893.175: tcs3701: stop power rail pending_off timer
11-22 23:44:00.972  1011  1189 D ASH     : @ 39893.175: tcs3701: start power rail timer, state:3
11-22 23:44:00.974 26311 26374 W chromium: [WARNING:ev_root_ca_metadata.cc(119)] Not implemented
11-22 23:44:00.974 26311 26374 W chromium: [WARNING:ev_root_ca_metadata.cc(119)] Not implemented
11-22 23:44:00.977 26387 26423 I cr_LibraryLoader: Successfully loaded native library
11-22 23:44:00.977 26387 26423 I cr_CachingUmaRecorder: Flushed 4 samples from 4 histograms, 0 samples were dropped.
11-22 23:44:00.991  1795  4162 D CompatibilityChangeReporter: Compat change id reported: 182734110; UID 10010; state: ENABLED
11-22 23:44:00.992  1795  1854 D CompatibilityChangeReporter: Compat change id reported: 149924527; UID 10010; state: ENABLED
11-22 23:44:00.992  1795  1854 D CompatibilityChangeReporter: Compat change id reported: 132649864; UID 10010; state: DISABLED
11-22 23:44:00.994 26387 26423 I AdrenoGLES-0: QUALCOMM build                   : 4783c89, I46ff5fc46f
11-22 23:44:00.994 26387 26423 I AdrenoGLES-0: Build Date                       : 11/30/20
11-22 23:44:00.994 26387 26423 I AdrenoGLES-0: OpenGL ES Shader Compiler Version: EV031.31.04.01
11-22 23:44:00.994 26387 26423 I AdrenoGLES-0: Local Branch                     : QPR2
11-22 23:44:00.994 26387 26423 I AdrenoGLES-0: Remote Branch                    : 
11-22 23:44:00.994 26387 26423 I AdrenoGLES-0: Remote Branch                    : 
11-22 23:44:00.994 26387 26423 I AdrenoGLES-0: Reconstruct Branch               : 
11-22 23:44:00.994 26387 26423 I AdrenoGLES-0: Build Config                     : S P 10.0.4 AArch64
11-22 23:44:00.994 26387 26423 I AdrenoGLES-0: Driver Path                      : /vendor/lib64/egl/libGLESv2_adreno.so
11-22 23:44:00.994  1795  4162 D ConnectivityService: requestNetwork for uid/pid:10010/26311 activeRequest: null callbackRequest: 1038 [NetworkRequest [ REQUEST id=1039, [ Capabilities: INTERNET&NOT_RESTRICTED&TRUSTED&NOT_VCN_MANAGED Uid: 10010 RequestorUid: 10010 RequestorPkg: com.chrome.canary UnderlyingNetworks: Null] ]] callback flags: 0 order: 2147483647
11-22 23:44:00.998  1795  2424 D WifiNetworkFactory: got request NetworkRequest [ REQUEST id=1039, [ Capabilities: INTERNET&NOT_RESTRICTED&TRUSTED&NOT_VCN_MANAGED Uid: 10010 RequestorUid: 10010 RequestorPkg: com.chrome.canary UnderlyingNetworks: Null] ]
11-22 23:44:00.998  1795  2424 V WifiNetworkFactory: Accepted network request NetworkRequest [ REQUEST id=1039, [ Capabilities: INTERNET&NOT_RESTRICTED&TRUSTED&NOT_VCN_MANAGED Uid: 10010 RequestorUid: 10010 RequestorPkg: com.chrome.canary UnderlyingNetworks: Null] ]
11-22 23:44:00.999  1795  2424 D UntrustedWifiNetworkFactory: got request NetworkRequest [ REQUEST id=1039, [ Capabilities: INTERNET&NOT_RESTRICTED&TRUSTED&NOT_VCN_MANAGED Uid: 10010 RequestorUid: 10010 RequestorPkg: com.chrome.canary UnderlyingNetworks: Null] ]
11-22 23:44:00.999  1795  2424 D OemPaidWifiNetworkFactory: got request NetworkRequest [ REQUEST id=1039, [ Capabilities: INTERNET&NOT_RESTRICTED&TRUSTED&NOT_VCN_MANAGED Uid: 10010 RequestorUid: 10010 RequestorPkg: com.chrome.canary UnderlyingNetworks: Null] ]
11-22 23:44:00.999 26311 26311 I cr_CombinedPProvider: #registerProvider() provider:gN2@fbb73e9 isPolicyCacheEnabled:true policyProvidersSize:0
11-22 23:44:00.999 26311 26311 I cr_PolicyProvider: #setManagerAndSource() 0
11-22 23:44:00.999  1795  2424 D MultiInternetWifiNetworkFactory: got request NetworkRequest [ REQUEST id=1039, [ Capabilities: INTERNET&NOT_RESTRICTED&TRUSTED&NOT_VCN_MANAGED Uid: 10010 RequestorUid: 10010 RequestorPkg: com.chrome.canary UnderlyingNetworks: Null] ]
11-22 23:44:00.999  1795  2432 D ConnectivityService: NetReassign [1039 : null → 100] [c 1] [a 0] [i 3]
11-22 23:44:00.999 26311 26311 I cr_CombinedPProvider: #registerProvider() provider:fj@f57886e isPolicyCacheEnabled:false policyProvidersSize:1
11-22 23:44:00.999 26311 26311 I cr_PolicyProvider: #setManagerAndSource() 1
11-22 23:44:01.000 26311 26311 I cr_AppResProvider: #getApplicationRestrictionsFromUserManager() Bundle[EMPTY_PARCEL]
11-22 23:44:01.000 26311 26311 I cr_PolicyProvider: #notifySettingsAvailable() 1
11-22 23:44:01.000 26311 26311 I cr_CombinedPProvider: #onSettingsAvailable() 1
11-22 23:44:01.000 26387 26423 I AdrenoGLES-0: PFP: 0x016dd093, ME: 0x00000000
11-22 23:44:01.001 26311 26311 I cr_PolicyProvider: #notifySettingsAvailable() 0
11-22 23:44:01.001 26311 26311 I cr_CombinedPProvider: #onSettingsAvailable() 0
11-22 23:44:01.001 26311 26311 I cr_CombinedPProvider: #flushPolicies()
11-22 23:44:01.001 26311 26311 I cr_PolicyService: #onPolicyServiceInitialized()
11-22 23:44:01.001 26311 26311 I cr_PolicyProvider: #notifySettingsAvailable() 0
11-22 23:44:01.001 26311 26311 I cr_CombinedPProvider: #onSettingsAvailable() 0
11-22 23:44:01.001 26311 26311 I cr_CombinedPProvider: #flushPolicies()
11-22 23:44:01.002  1795  2432 D ConnectivityService: NetReassign [no changes] [c 0] [a 0] [i 2]
11-22 23:44:01.002 26311 26311 I cr_CompositorSurfaceMgr: Transitioning to surface with format: -1
11-22 23:44:01.003 26387 26423 W AdrenoUtils: <ReadGpuID_from_sysfs:197>: Failed to open /sys/class/kgsl/kgsl-3d0/gpu_model
11-22 23:44:01.003 26387 26423 W AdrenoUtils: <ReadGpuID:221>: Failed to read chip ID from gpu_model. Fallback to use the GSL path
11-22 23:44:01.003 26311 26311 I cr_CompositorSurfaceMgr: surfaceCreated format: 0
11-22 23:44:01.006 26311 26311 W m.chrome.canary: Accessing hidden method Landroid/telephony/TelephonyManager;->getSubscriberInfoService()Lcom/android/internal/telephony/IPhoneSubInfo; (blocked, reflection, denied)
11-22 23:44:01.007 26311 26311 W m.chrome.canary: Accessing hidden method Landroid/telephony/TelephonyManager;->getSubscriberInfoService()Lcom/android/internal/telephony/IPhoneSubInfo; (blocked, reflection, denied)
11-22 23:44:01.007 26311 26311 W m.chrome.canary: Accessing hidden method Landroid/telephony/TelephonyManager;->getSubscriptionService()Lcom/android/internal/telephony/ISub; (blocked, reflection, denied)
11-22 23:44:01.007 26311 26311 W m.chrome.canary: Accessing hidden method Landroid/telephony/TelephonyManager;->getSubscriptionService()Lcom/android/internal/telephony/ISub; (blocked, reflection, denied)
11-22 23:44:01.007 26311 26311 W m.chrome.canary: Accessing hidden method Landroid/telephony/TelephonyManager;->getSmsService()Lcom/android/internal/telephony/ISms; (blocked, reflection, denied)
11-22 23:44:01.007 26311 26311 W m.chrome.canary: Accessing hidden method Landroid/telephony/TelephonyManager;->getSmsService()Lcom/android/internal/telephony/ISms; (blocked, reflection, denied)
11-22 23:44:01.007 26311 26311 W m.chrome.canary: Accessing hidden method Landroid/telephony/TelephonyManager;->getITelephony()Lcom/android/internal/telephony/ITelephony; (max-target-p, reflection, denied)
11-22 23:44:01.007 26311 26311 W m.chrome.canary: Accessing hidden method Landroid/telephony/TelephonyManager;->getITelephony()Lcom/android/internal/telephony/ITelephony; (max-target-p, reflection, denied)
11-22 23:44:01.011  1011  1189 I ASH     : @ 39893.215: tcs3701: stop power rail pending_off timer
11-22 23:44:01.012  1011  1189 D ASH     : @ 39893.215: tcs3701: start power rail timer, state:3
11-22 23:44:01.023 29153 31606 I BatteryMgr:DataCollectionService: stats => 1700693041023,7934,4446,5493,4169000,100
11-22 23:44:01.033 26311 26311 I cr_ChromeTabbedActivity: #initializeState
11-22 23:44:01.048 26311 26311 E m.chrome.canary: Invalid ID 0x00000000.
11-22 23:44:01.050 26387 26423 D vulkan  : searching for layers in '/data/app/~~dutrJzl_xJkEyCCvIkexCw==/com.chrome.canary-4jcd8srf2WXxld2NC1r69A==/lib/arm64'
11-22 23:44:01.050 26387 26423 D vulkan  : searching for layers in '/data/app/~~dutrJzl_xJkEyCCvIkexCw==/com.chrome.canary-4jcd8srf2WXxld2NC1r69A==/base.apk!/lib/arm64-v8a'
11-22 23:44:01.051 26387 26423 D vulkan  : searching for layers in '/data/app/~~-FnXeb6__ecKd-dFZ4kZZA==/com.google.android.trichromelibrary.canary_613700033-7Q2vBiD9q0nCftKFg-pq8w==/base.apk!/lib/arm64-v8a'
