11-23 00:00:36.373  1011  1189 D ASH     : @ 40888.575: tcs3701: start power rail timer, state:3
11-23 00:00:36.390 29153 29185 I BatteryMgr:DataCollectionService: stats => 1700694036390,12817,4446,5493,4169000,100
11-23 00:00:36.412  1011  1189 I ASH     : @ 40888.615: tcs3701: stop power rail pending_off timer
11-23 00:00:36.412  1011  1189 D ASH     : @ 40888.615: tcs3701: start power rail timer, state:3
11-23 00:00:36.426 29153 29185 I BatteryMgr:DataCollectionService: stats => 1700694036426,12817,4446,5493,4169000,100
11-23 00:00:36.453  1011  1189 I ASH     : @ 40888.655: tcs3701: stop power rail pending_off timer
11-23 00:00:36.453  1011  1189 D ASH     : @ 40888.655: tcs3701: start power rail timer, state:3
11-23 00:00:36.484  2113  2118 I pixel-thermal: skin-therm-monitor: 39.078
11-23 00:00:36.492  1011  1189 I ASH     : @ 40888.695: tcs3701: stop power rail pending_off timer
11-23 00:00:36.492  1011  1189 D ASH     : @ 40888.695: tcs3701: start power rail timer, state:3
11-23 00:00:36.494 29153 29185 I BatteryMgr:DataCollectionService: stats => 1700694036494,12817,4446,5493,4169000,100
11-23 00:00:36.530 29153 29185 I BatteryMgr:DataCollectionService: stats => 1700694036530,12817,4446,5493,4169000,100
11-23 00:00:36.532  1011  1189 I ASH     : @ 40888.735: tcs3701: stop power rail pending_off timer
11-23 00:00:36.532  1011  1189 D ASH     : @ 40888.735: tcs3701: start power rail timer, state:3
11-23 00:00:36.572  1011  1189 I ASH     : @ 40888.775: tcs3701: stop power rail pending_off timer
11-23 00:00:36.572  1011  1189 D ASH     : @ 40888.775: tcs3701: start power rail timer, state:3
11-23 00:00:36.590  1795  4165 D ActivityManager: freezer override set to true
11-23 00:00:36.599 29153 29185 I BatteryMgr:DataCollectionService: stats => 1700694036599,12817,4446,5493,4169000,100
11-23 00:00:36.612  1011  1189 I ASH     : @ 40888.815: tcs3701: stop power rail pending_off timer
11-23 00:00:36.612  1011  1189 D ASH     : @ 40888.815: tcs3701: start power rail timer, state:3
11-23 00:00:36.637 29153 29185 I BatteryMgr:DataCollectionService: stats => 1700694036637,12817,4446,5493,4169000,100
11-23 00:00:36.652  1011  1189 I ASH     : @ 40888.855: tcs3701: stop power rail pending_off timer
11-23 00:00:36.652  1011  1189 D ASH     : @ 40888.855: tcs3701: start power rail timer, state:3
11-23 00:00:36.689 18351 18399 I m.chrome.canary: Explicit concurrent copying GC freed 3803(191KB) AllocSpace objects, 4(80KB) LOS objects, 75% free, 11MB/44MB, paused 90us,23us total 56.112ms
11-23 00:00:36.692  1011  1189 I ASH     : @ 40888.895: tcs3701: stop power rail pending_off timer
11-23 00:00:36.692  1011  1189 D ASH     : @ 40888.895: tcs3701: start power rail timer, state:3
11-23 00:00:36.705 29153 29185 I BatteryMgr:DataCollectionService: stats => 1700694036705,12817,4446,5493,4169000,100
11-23 00:00:36.732  1011  1189 I ASH     : @ 40888.935: tcs3701: stop power rail pending_off timer
11-23 00:00:36.732  1011  1189 D ASH     : @ 40888.935: tcs3701: start power rail timer, state:3
11-23 00:00:36.742 29153 29185 I BatteryMgr:DataCollectionService: stats => 1700694036742,12817,4446,5493,4169000,100
11-23 00:00:36.742  1795  4165 D ActivityManager: freezer override set to false
11-23 00:00:36.772  1011  1189 I ASH     : @ 40888.975: tcs3701: stop power rail pending_off timer
11-23 00:00:36.772  1011  1189 D ASH     : @ 40888.975: tcs3701: start power rail timer, state:3
11-23 00:00:36.789  1795  4165 D ActivityManager: freezer override set to true
11-23 00:00:36.793  1795  4165 D ActivityManager: freezer override set to false
11-23 00:00:36.809 29153 29185 I BatteryMgr:DataCollectionService: stats => 1700694036809,12817,4446,5493,4169000,100
11-23 00:00:36.812  1011  1189 I ASH     : @ 40889.015: tcs3701: stop power rail pending_off timer
11-23 00:00:36.812  1011  1189 D ASH     : @ 40889.015: tcs3701: start power rail timer, state:3
11-23 00:00:36.847 29153 29185 I BatteryMgr:DataCollectionService: stats => 1700694036847,12817,4446,5493,4169000,100
11-23 00:00:36.852  1011  1189 I ASH     : @ 40889.055: tcs3701: stop power rail pending_off timer
11-23 00:00:36.852  1011  1189 D ASH     : @ 40889.055: tcs3701: start power rail timer, state:3
11-23 00:00:36.892  1011  1189 I ASH     : @ 40889.095: tcs3701: stop power rail pending_off timer
11-23 00:00:36.892  1011  1189 D ASH     : @ 40889.095: tcs3701: start power rail timer, state:3
11-23 00:00:36.914 29153 29185 I BatteryMgr:DataCollectionService: stats => 1700694036914,12817,4446,5493,4169000,100
11-23 00:00:36.932  1011  1189 I ASH     : @ 40889.135: tcs3701: stop power rail pending_off timer
11-23 00:00:36.932  1011  1189 D ASH     : @ 40889.135: tcs3701: start power rail timer, state:3
11-23 00:00:36.951 29153 29185 I BatteryMgr:DataCollectionService: stats => 1700694036951,12817,4446,5493,4169000,100
11-23 00:00:36.972  1011  1189 I ASH     : @ 40889.175: tcs3701: stop power rail pending_off timer
11-23 00:00:36.972  1011  1189 D ASH     : @ 40889.175: tcs3701: start power rail timer, state:3
11-23 00:00:37.012  1011  1189 I ASH     : @ 40889.215: tcs3701: stop power rail pending_off timer
11-23 00:00:37.012  1011  1189 D ASH     : @ 40889.215: tcs3701: start power rail timer, state:3
11-23 00:00:37.019 29153 29185 I BatteryMgr:DataCollectionService: stats => 1700694037019,12817,4446,5493,4169000,100
11-23 00:00:37.052  1011  1189 I ASH     : @ 40889.255: tcs3701: stop power rail pending_off timer
11-23 00:00:37.052  1011  1189 D ASH     : @ 40889.255: tcs3701: start power rail timer, state:3
11-23 00:00:37.056 29153 29185 I BatteryMgr:DataCollectionService: stats => 1700694037056,12817,4446,5493,4169000,100
11-23 00:00:37.092  1011  1189 I ASH     : @ 40889.295: tcs3701: stop power rail pending_off timer
11-23 00:00:37.092  1011  1189 D ASH     : @ 40889.295: tcs3701: start power rail timer, state:3
11-23 00:00:37.123 29153 29185 I BatteryMgr:DataCollectionService: stats => 1700694037123,12817,4446,5493,4169000,100
11-23 00:00:37.132  1011  1189 I ASH     : @ 40889.335: tcs3701: stop power rail pending_off timer
11-23 00:00:37.132  1011  1189 D ASH     : @ 40889.335: tcs3701: start power rail timer, state:3
11-23 00:00:37.160 29153 29185 I BatteryMgr:DataCollectionService: stats => 1700694037160,12817,4446,5493,4169000,100
11-23 00:00:37.172  1011  1189 I ASH     : @ 40889.375: tcs3701: stop power rail pending_off timer
11-23 00:00:37.172  1011  1189 D ASH     : @ 40889.375: tcs3701: start power rail timer, state:3
11-23 00:00:37.213  1011  1189 I ASH     : @ 40889.415: tcs3701: stop power rail pending_off timer
11-23 00:00:37.213  1011  1189 D ASH     : @ 40889.415: tcs3701: start power rail timer, state:3
11-23 00:00:37.227 29153 29185 I BatteryMgr:DataCollectionService: stats => 1700694037227,12817,4446,5493,4169000,100
11-23 00:00:37.252  1011  1189 I ASH     : @ 40889.455: tcs3701: stop power rail pending_off timer
11-23 00:00:37.252  1011  1189 D ASH     : @ 40889.455: tcs3701: start power rail timer, state:3
11-23 00:00:37.264 29153 29185 I BatteryMgr:DataCollectionService: stats => 1700694037264,12817,4446,5493,4169000,100
11-23 00:00:37.292  1011  1189 I ASH     : @ 40889.495: tcs3701: stop power rail pending_off timer
11-23 00:00:37.292  1011  1189 D ASH     : @ 40889.495: tcs3701: start power rail timer, state:3
11-23 00:00:37.331 29153 29185 I BatteryMgr:DataCollectionService: stats => 1700694037331,12817,4446,5493,4169000,100
11-23 00:00:37.332  1011  1189 I ASH     : @ 40889.535: tcs3701: stop power rail pending_off timer
11-23 00:00:37.332  1011  1189 D ASH     : @ 40889.535: tcs3701: start power rail timer, state:3
11-23 00:00:37.355  1795  4165 D ActivityManager: freezer override set to true
11-23 00:00:37.359  1795  4165 D ActivityManager: freezer override set to false
11-23 00:00:37.368 29153 29185 I BatteryMgr:DataCollectionService: stats => 1700694037368,12817,4446,5493,4169000,100
11-23 00:00:37.372  1011  1189 I ASH     : @ 40889.575: tcs3701: stop power rail pending_off timer
11-23 00:00:37.372  1011  1189 D ASH     : @ 40889.575: tcs3701: start power rail timer, state:3
11-23 00:00:37.412  1011  1189 I ASH     : @ 40889.615: tcs3701: stop power rail pending_off timer
11-23 00:00:37.412  1011  1189 D ASH     : @ 40889.615: tcs3701: start power rail timer, state:3
11-23 00:00:37.436 29153 29185 I BatteryMgr:DataCollectionService: stats => 1700694037436,12817,4446,5493,4169000,100
11-23 00:00:37.452  1011  1189 I ASH     : @ 40889.655: tcs3701: stop power rail pending_off timer
11-23 00:00:37.452  1011  1189 D ASH     : @ 40889.655: tcs3701: start power rail timer, state:3
11-23 00:00:37.472 29153 29185 I BatteryMgr:DataCollectionService: stats => 1700694037472,12817,4446,5493,4169000,100
11-23 00:00:37.492  1011  1189 I ASH     : @ 40889.695: tcs3701: stop power rail pending_off timer
11-23 00:00:37.492  1011  1189 D ASH     : @ 40889.695: tcs3701: start power rail timer, state:3
11-23 00:00:37.532  1011  1189 I ASH     : @ 40889.735: tcs3701: stop power rail pending_off timer
11-23 00:00:37.532  1011  1189 D ASH     : @ 40889.735: tcs3701: start power rail timer, state:3
11-23 00:00:37.540 29153 29185 I BatteryMgr:DataCollectionService: stats => 1700694037540,12817,4446,5493,4169000,100
11-23 00:00:37.572  1011  1189 I ASH     : @ 40889.775: tcs3701: stop power rail pending_off timer
11-23 00:00:37.572  1011  1189 D ASH     : @ 40889.775: tcs3701: start power rail timer, state:3
11-23 00:00:37.576 29153 29185 I BatteryMgr:DataCollectionService: stats => 1700694037576,12817,4446,5493,4169000,100
11-23 00:00:37.610  1795  2424 D WifiClientModeImpl[13802:wlan0]: updateLinkLayerStatsRssiSpeedFrequencyCapabilities rssi=-45 TxLinkspeed=866 freq=5240 RxLinkSpeed=780
11-23 00:00:37.610  1795  2424 D WifiDataStall: tx tput in kbps: 745571
11-23 00:00:37.610  1795  2424 D WifiDataStall: rx tput in kbps: 706875
11-23 00:00:37.610  1795  2424 V WifiConfigManager: Updating scan detail cache freq=5240 BSSID=f4:6d:2f:12:cc:88 RSSI=-45 for "ourhome"WPA_PSK
11-23 00:00:37.610  2782  5906 D QCNEJ/WlanStaInfoRelay: Received action: android.net.wifi.RSSI_CHANGED
11-23 00:00:37.610  1795  2424 D WifiChannelUtilization:  freq: 5240 onTime: 1137926 busyTime: 110589 onTimeDiff: 1137631 busyTimeDiff: 110572 utilization: 24 utilization t0: 24
11-23 00:00:37.611  1795  2424 D WifiDataStall:  ccaLevel = 24
11-23 00:00:37.611  1795  2424 D WifiDataStall: L2 txTputKbps: 745571, rxTputKbps: 706875, L3 txTputKbps: 0, rxTputKbps: 0, TxTrafficHigh: false, RxTrafficHigh: false, Throughput Sufficient: true
11-23 00:00:37.611  1795  2424 D WifiScoreReport: Wifi scoring disabled - Don't check IP layer
11-23 00:00:37.611  3213  8092 V WifiManager: OnWifiUsabilityStatsListener: onWifiUsabilityStats: seqNum=13520
11-23 00:00:37.611  1795  2424 D WifiScoreCard: BSSID update SIGNAL_POLL ID: 1320464697 SSID: "ourhome", BSSID: f4:6d:2f:12:cc:88, MAC: b2:2f:ec:da:4a:0c, IP: /192.168.1.104, Security type: 2, Supplicant state: COMPLETED, Wi-Fi standard: 5, RSSI: -45, Link speed: 866Mbps, Tx Link speed: 866Mbps, Max Supported Tx Link speed: 866Mbps, Rx Link speed: 780Mbps, Max Supported Rx Link speed: 866Mbps, Frequency: 5240MHz, Net ID: 12, Metered hint: false, score: 60, isUsable: true, CarrierMerged: false, SubscriptionId: -1, IsPrimary: 1, Trusted: true, Restricted: false, Ephemeral: false, OEM paid: false, OEM private: false, OSU AP: false, FQDN: <none>, Provider friendly name: <none>, Requesting package name: <none>"ourhome"wpa2-pskMLO Information: , Is TID-To-Link negotiation supported by the AP: false, AP MLD Address: <none>, AP MLO Link Id: <none>, AP MLO Affiliated links: <none>
11-23 00:00:37.611  1795  2424 D WifiScoreCard: txRate: 2 txSpeed: 866
11-23 00:00:37.611  1795  2424 D WifiScoreCard: network update SIGNAL_POLL "ourhome" ID: 1499892569 RSSI -45 txSpeed -1
11-23 00:00:37.611  1795  2424 D WifiClientModeImpl[13802:wlan0]:  ClientModeImpl$L2ConnectedState screen=on 3 0 "ourhome" f4:6d:2f:12:cc:88 rssi=-45 f=5240 sc=60 link=866 tx=1.2, 0.1, 0.0 rx=1.1 bcn=381317 [on:15 tx:0 rx:1 period:3014] from screen [on:198436 period:4399390] score=60
11-23 00:00:37.611  2513  2532 V WifiManager: TrafficStateCallbackProxy: onStateChanged state=0
11-23 00:00:37.612  1011  1189 I ASH     : @ 40889.815: tcs3701: stop power rail pending_off timer
11-23 00:00:37.612  1011  1189 D ASH     : @ 40889.815: tcs3701: start power rail timer, state:3
11-23 00:00:37.612  1795  4165 I WifiService: updateWifiUsabilityScore uid=10180 seqNum=13520 score=100 predictionHorizonSec=1441795
11-23 00:00:37.613  1795  2424 D WifiScoreReport: Wifi scoring disabled - Notify that Wifi is usable
11-23 00:00:37.615  1795  2432 D ConnectivityService: NetReassign [no changes] [c 0] [a 1] [i 1]
11-23 00:00:37.644 29153 29185 I BatteryMgr:DataCollectionService: stats => 1700694037644,12817,4446,5493,4169000,100
11-23 00:00:37.652  1011  1189 I ASH     : @ 40889.855: tcs3701: stop power rail pending_off timer
11-23 00:00:37.652  1011  1189 D ASH     : @ 40889.855: tcs3701: start power rail timer, state:3
11-23 00:00:37.681 29153 29185 I BatteryMgr:DataCollectionService: stats => 1700694037681,12817,4446,5493,4169000,100
11-23 00:00:37.692  1011  1189 I ASH     : @ 40889.895: tcs3701: stop power rail pending_off timer
11-23 00:00:37.692  1011  1189 D ASH     : @ 40889.895: tcs3701: start power rail timer, state:3
11-23 00:00:37.732  1011  1189 I ASH     : @ 40889.935: tcs3701: stop power rail pending_off timer
11-23 00:00:37.732  1011  1189 D ASH     : @ 40889.935: tcs3701: start power rail timer, state:3
11-23 00:00:37.751 29153 29185 I BatteryMgr:DataCollectionService: stats => 1700694037751,12817,4446,5493,4169000,100
11-23 00:00:37.773  1011  1189 I ASH     : @ 40889.975: tcs3701: stop power rail pending_off timer
11-23 00:00:37.773  1011  1189 D ASH     : @ 40889.975: tcs3701: start power rail timer, state:3
11-23 00:00:37.785 29153 29185 I BatteryMgr:DataCollectionService: stats => 1700694037785,12817,4446,5493,4169000,100
11-23 00:00:37.812  1011  1189 I ASH     : @ 40890.015: tcs3701: stop power rail pending_off timer
11-23 00:00:37.812  1011  1189 D ASH     : @ 40890.015: tcs3701: start power rail timer, state:3
11-23 00:00:37.852  1011  1189 I ASH     : @ 40890.055: tcs3701: stop power rail pending_off timer
11-23 00:00:37.852  1011  1189 D ASH     : @ 40890.055: tcs3701: start power rail timer, state:3
11-23 00:00:37.857 29153 29185 I BatteryMgr:DataCollectionService: stats => 1700694037857,12817,4446,5493,4169000,100
11-23 00:00:37.892  1011  1189 I ASH     : @ 40890.095: tcs3701: stop power rail pending_off timer
11-23 00:00:37.892  1011  1189 D ASH     : @ 40890.095: tcs3701: start power rail timer, state:3
11-23 00:00:37.892 29153 29185 I BatteryMgr:DataCollectionService: stats => 1700694037892,12817,4446,5493,4169000,100
11-23 00:00:37.932  1011  1189 I ASH     : @ 40890.135: tcs3701: stop power rail pending_off timer
11-23 00:00:37.932  1011  1189 D ASH     : @ 40890.135: tcs3701: start power rail timer, state:3
11-23 00:00:37.956  1795  4165 D ActivityManager: freezer override set to true
11-23 00:00:37.963 29153 29185 I BatteryMgr:DataCollectionService: stats => 1700694037963,12817,4446,5493,4169000,100
11-23 00:00:37.972  1011  1189 I ASH     : @ 40890.175: tcs3701: stop power rail pending_off timer
11-23 00:00:37.972  1011  1189 D ASH     : @ 40890.175: tcs3701: start power rail timer, state:3
11-23 00:00:37.996 29153 29185 I BatteryMgr:DataCollectionService: stats => 1700694037996,12817,4446,5493,4169000,100
11-23 00:00:38.012  1011  1189 I ASH     : @ 40890.215: tcs3701: stop power rail pending_off timer
11-23 00:00:38.012  1011  1189 D ASH     : @ 40890.215: tcs3701: start power rail timer, state:3
11-23 00:00:38.052  1011  1189 I ASH     : @ 40890.255: tcs3701: stop power rail pending_off timer
11-23 00:00:38.052  1011  1189 D ASH     : @ 40890.255: tcs3701: start power rail timer, state:3
11-23 00:00:38.067 29153 29185 I BatteryMgr:DataCollectionService: stats => 1700694038067,12817,4446,5493,4169000,100
11-23 00:00:38.092  1011  1189 I ASH     : @ 40890.295: tcs3701: stop power rail pending_off timer
11-23 00:00:38.092  1011  1189 D ASH     : @ 40890.295: tcs3701: start power rail timer, state:3
11-23 00:00:38.100 29153 29185 I BatteryMgr:DataCollectionService: stats => 1700694038100,12817,4446,5493,4169000,100
11-23 00:00:38.114 18351 18399 I m.chrome.canary: Explicit concurrent copying GC freed 3593(176KB) AllocSpace objects, 3(60KB) LOS objects, 75% free, 11MB/44MB, paused 78us,66us total 119.873ms
11-23 00:00:38.132  1011  1189 I ASH     : @ 40890.335: tcs3701: stop power rail pending_off timer
11-23 00:00:38.132  1011  1189 D ASH     : @ 40890.335: tcs3701: start power rail timer, state:3
11-23 00:00:38.172  1011  1189 I ASH     : @ 40890.375: tcs3701: stop power rail pending_off timer
11-23 00:00:38.172  1011  1189 D ASH     : @ 40890.375: tcs3701: start power rail timer, state:3
11-23 00:00:38.173 29153 29185 I BatteryMgr:DataCollectionService: stats => 1700694038173,12817,4446,5493,4169000,100
11-23 00:00:38.176  1795  4165 D ActivityManager: freezer override set to false
11-23 00:00:38.207 29153 29185 I BatteryMgr:DataCollectionService: stats => 1700694038207,12817,4446,5493,4169000,100
11-23 00:00:38.210  1795  4165 D ActivityManager: freezer override set to true
11-23 00:00:38.212  1011  1189 I ASH     : @ 40890.415: tcs3701: stop power rail pending_off timer
11-23 00:00:38.212  1011  1189 D ASH     : @ 40890.415: tcs3701: start power rail timer, state:3
11-23 00:00:38.213  1795  4165 D ActivityManager: freezer override set to false
11-23 00:00:38.252  1011  1189 I ASH     : @ 40890.455: tcs3701: stop power rail pending_off timer
11-23 00:00:38.252  1011  1189 D ASH     : @ 40890.455: tcs3701: start power rail timer, state:3
11-23 00:00:38.277 29153 29185 I BatteryMgr:DataCollectionService: stats => 1700694038277,12817,4446,5493,4169000,100
11-23 00:00:38.292  1011  1189 I ASH     : @ 40890.495: tcs3701: stop power rail pending_off timer
11-23 00:00:38.292  1011  1189 D ASH     : @ 40890.495: tcs3701: start power rail timer, state:3
11-23 00:00:38.311 29153 29185 I BatteryMgr:DataCollectionService: stats => 1700694038311,12817,4446,5493,4169000,100
11-23 00:00:38.332  1011  1189 I ASH     : @ 40890.535: tcs3701: stop power rail pending_off timer
11-23 00:00:38.332  1011  1189 D ASH     : @ 40890.535: tcs3701: start power rail timer, state:3
11-23 00:00:38.347  1795  4165 D ActivityManager: freezer override set to true
11-23 00:00:38.352  1795  4165 D ActivityManager: freezer override set to false
11-23 00:00:38.372  1011  1189 I ASH     : @ 40890.575: tcs3701: stop power rail pending_off timer
11-23 00:00:38.372  1011  1189 D ASH     : @ 40890.575: tcs3701: start power rail timer, state:3
11-23 00:00:38.381 29153 29185 I BatteryMgr:DataCollectionService: stats => 1700694038381,12817,4446,5493,4169000,100
11-23 00:00:38.412  1011  1189 I ASH     : @ 40890.615: tcs3701: stop power rail pending_off timer
11-23 00:00:38.412  1011  1189 D ASH     : @ 40890.615: tcs3701: start power rail timer, state:3
11-23 00:00:38.416 29153 29185 I BatteryMgr:DataCollectionService: stats => 1700694038416,12817,4446,5493,4169000,100
11-23 00:00:38.452  1011  1189 I ASH     : @ 40890.655: tcs3701: stop power rail pending_off timer
11-23 00:00:38.452  1011  1189 D ASH     : @ 40890.655: tcs3701: start power rail timer, state:3
11-23 00:00:38.486 29153 29185 I BatteryMgr:DataCollectionService: stats => 1700694038486,12817,4446,5493,4169000,100
11-23 00:00:38.488  2113  2118 I pixel-thermal: skin-therm-monitor: 39.105
11-23 00:00:38.492  1011  1189 I ASH     : @ 40890.695: tcs3701: stop power rail pending_off timer
11-23 00:00:38.492  1011  1189 D ASH     : @ 40890.695: tcs3701: start power rail timer, state:3
11-23 00:00:38.520 29153 29185 I BatteryMgr:DataCollectionService: stats => 1700694038520,12817,4446,5493,4169000,100
11-23 00:00:38.532  1011  1189 I ASH     : @ 40890.735: tcs3701: stop power rail pending_off timer
11-23 00:00:38.533  1011  1189 D ASH     : @ 40890.735: tcs3701: start power rail timer, state:3
11-23 00:00:38.572  1011  1189 I ASH     : @ 40890.775: tcs3701: stop power rail pending_off timer
11-23 00:00:38.572  1011  1189 D ASH     : @ 40890.775: tcs3701: start power rail timer, state:3
11-23 00:00:38.592 29153 29185 I BatteryMgr:DataCollectionService: stats => 1700694038592,12817,4446,5493,4169000,100
11-23 00:00:38.612  1011  1189 I ASH     : @ 40890.815: tcs3701: stop power rail pending_off timer
11-23 00:00:38.612  1011  1189 D ASH     : @ 40890.815: tcs3701: start power rail timer, state:3
11-23 00:00:38.624 29153 29185 I BatteryMgr:DataCollectionService: stats => 1700694038624,12817,4446,5493,4169000,100
11-23 00:00:38.652  1011  1189 I ASH     : @ 40890.855: tcs3701: stop power rail pending_off timer
11-23 00:00:38.652  1011  1189 D ASH     : @ 40890.855: tcs3701: start power rail timer, state:3
11-23 00:00:38.692  1011  1189 I ASH     : @ 40890.895: tcs3701: stop power rail pending_off timer
11-23 00:00:38.692  1011  1189 D ASH     : @ 40890.895: tcs3701: start power rail timer, state:3
11-23 00:00:38.698 29153 29185 I BatteryMgr:DataCollectionService: stats => 1700694038698,12817,4446,5493,4169000,100
11-23 00:00:38.728 29153 29185 I BatteryMgr:DataCollectionService: stats => 1700694038728,12817,4446,5493,4169000,100
11-23 00:00:38.732  1011  1189 I ASH     : @ 40890.935: tcs3701: stop power rail pending_off timer
11-23 00:00:38.732  1011  1189 D ASH     : @ 40890.935: tcs3701: start power rail timer, state:3
11-23 00:00:38.772  1011  1189 I ASH     : @ 40890.975: tcs3701: stop power rail pending_off timer
11-23 00:00:38.772  1011  1189 D ASH     : @ 40890.975: tcs3701: start power rail timer, state:3
11-23 00:00:38.793  1795  2424 D WifiNetworkSelector: Current connected network: 12
11-23 00:00:38.793  1795  2424 V WifiConnectivityManager: No partial scan because firmware roaming is supported.
11-23 00:00:38.793  1795  2424 V WifiConnectivityManager: schedulePeriodicScanTimer intervalMs 20000
11-23 00:00:38.802 29153 29185 I BatteryMgr:DataCollectionService: stats => 1700694038802,12817,4446,5493,4169000,100
11-23 00:00:38.812  1011  1189 I ASH     : @ 40891.015: tcs3701: stop power rail pending_off timer
11-23 00:00:38.812  1011  1189 D ASH     : @ 40891.015: tcs3701: start power rail timer, state:3
11-23 00:00:38.832 29153 29185 I BatteryMgr:DataCollectionService: stats => 1700694038832,12817,4446,5493,4169000,100
11-23 00:00:38.852  1011  1189 I ASH     : @ 40891.055: tcs3701: stop power rail pending_off timer
11-23 00:00:38.852  1011  1189 D ASH     : @ 40891.055: tcs3701: start power rail timer, state:3
11-23 00:00:38.893  1011  1189 I ASH     : @ 40891.095: tcs3701: stop power rail pending_off timer
11-23 00:00:38.893  1011  1189 D ASH     : @ 40891.095: tcs3701: start power rail timer, state:3
11-23 00:00:38.906 29153 29185 I BatteryMgr:DataCollectionService: stats => 1700694038906,12817,4446,5493,4169000,100
11-23 00:00:38.932  1011  1189 I ASH     : @ 40891.135: tcs3701: stop power rail pending_off timer
11-23 00:00:38.933  1011  1189 D ASH     : @ 40891.135: tcs3701: start power rail timer, state:3
11-23 00:00:38.937 29153 29185 I BatteryMgr:DataCollectionService: stats => 1700694038937,12817,4446,5493,4169000,100
11-23 00:00:38.972  1011  1189 I ASH     : @ 40891.175: tcs3701: stop power rail pending_off timer
11-23 00:00:38.972  1011  1189 D ASH     : @ 40891.175: tcs3701: start power rail timer, state:3
11-23 00:00:39.010 29153 29185 I BatteryMgr:DataCollectionService: stats => 1700694039010,12817,4446,5493,4169000,100
11-23 00:00:39.012  1011  1189 I ASH     : @ 40891.215: tcs3701: stop power rail pending_off timer
11-23 00:00:39.012  1011  1189 D ASH     : @ 40891.215: tcs3701: start power rail timer, state:3
11-23 00:00:39.043 29153 29185 I BatteryMgr:DataCollectionService: stats => 1700694039043,12817,4446,5493,4169000,100
11-23 00:00:39.052  1011  1189 I ASH     : @ 40891.255: tcs3701: stop power rail pending_off timer
11-23 00:00:39.052  1011  1189 D ASH     : @ 40891.255: tcs3701: start power rail timer, state:3
11-23 00:00:39.093  1011  1189 I ASH     : @ 40891.295: tcs3701: stop power rail pending_off timer
11-23 00:00:39.093  1011  1189 D ASH     : @ 40891.295: tcs3701: start power rail timer, state:3
11-23 00:00:39.115 29153 29185 I BatteryMgr:DataCollectionService: stats => 1700694039115,12817,4446,5493,4169000,100
11-23 00:00:39.132  1011  1189 I ASH     : @ 40891.335: tcs3701: stop power rail pending_off timer
11-23 00:00:39.132  1011  1189 D ASH     : @ 40891.335: tcs3701: start power rail timer, state:3
11-23 00:00:39.147 29153 29185 I BatteryMgr:DataCollectionService: stats => 1700694039147,12817,4446,5493,4169000,100
11-23 00:00:39.172  1011  1189 I ASH     : @ 40891.375: tcs3701: stop power rail pending_off timer
11-23 00:00:39.172  1011  1189 D ASH     : @ 40891.375: tcs3701: start power rail timer, state:3
11-23 00:00:39.212  1011  1189 I ASH     : @ 40891.415: tcs3701: stop power rail pending_off timer
11-23 00:00:39.212  1011  1189 D ASH     : @ 40891.415: tcs3701: start power rail timer, state:3
11-23 00:00:39.220 29153 29185 I BatteryMgr:DataCollectionService: stats => 1700694039220,12817,4446,5493,4169000,100
11-23 00:00:39.252  1011  1189 I ASH     : @ 40891.455: tcs3701: stop power rail pending_off timer
11-23 00:00:39.252  1011  1189 D ASH     : @ 40891.455: tcs3701: start power rail timer, state:3
11-23 00:00:39.252 29153 29185 I BatteryMgr:DataCollectionService: stats => 1700694039252,12817,4446,5493,4169000,100
11-23 00:00:39.292  1011  1189 I ASH     : @ 40891.495: tcs3701: stop power rail pending_off timer
11-23 00:00:39.292  1011  1189 D ASH     : @ 40891.495: tcs3701: start power rail timer, state:3
11-23 00:00:39.324 29153 29185 I BatteryMgr:DataCollectionService: stats => 1700694039324,12817,4446,5493,4169000,100
11-23 00:00:39.332  1011  1189 I ASH     : @ 40891.535: tcs3701: stop power rail pending_off timer
11-23 00:00:39.332  1011  1189 D ASH     : @ 40891.535: tcs3701: start power rail timer, state:3
11-23 00:00:39.357 29153 29185 I BatteryMgr:DataCollectionService: stats => 1700694039357,12817,4446,5493,4169000,100
11-23 00:00:39.359  1795  4165 D ActivityManager: freezer override set to true
11-23 00:00:39.364  1795  4165 D ActivityManager: freezer override set to false
11-23 00:00:39.372  1011  1189 I ASH     : @ 40891.575: tcs3701: stop power rail pending_off timer
11-23 00:00:39.372  1011  1189 D ASH     : @ 40891.575: tcs3701: start power rail timer, state:3
11-23 00:00:39.383  1795  4165 D ActivityManager: freezer override set to true
11-23 00:00:39.412  1011  1189 I ASH     : @ 40891.615: tcs3701: stop power rail pending_off timer
11-23 00:00:39.412  1011  1189 D ASH     : @ 40891.615: tcs3701: start power rail timer, state:3
11-23 00:00:39.430 29153 29185 I BatteryMgr:DataCollectionService: stats => 1700694039430,12817,4446,5493,4169000,100
11-23 00:00:39.452  1011  1189 I ASH     : @ 40891.655: tcs3701: stop power rail pending_off timer
11-23 00:00:39.452  1011  1189 D ASH     : @ 40891.655: tcs3701: start power rail timer, state:3
11-23 00:00:39.464 29153 29185 I BatteryMgr:DataCollectionService: stats => 1700694039464,12817,4446,5493,4169000,100
11-23 00:00:39.489 18351 18399 I m.chrome.canary: Explicit concurrent copying GC freed 3808(191KB) AllocSpace objects, 4(80KB) LOS objects, 75% free, 11MB/44MB, paused 33us,25us total 46.449ms
11-23 00:00:39.493  1011  1189 I ASH     : @ 40891.695: tcs3701: stop power rail pending_off timer
11-23 00:00:39.493  1011  1189 D ASH     : @ 40891.695: tcs3701: start power rail timer, state:3
11-23 00:00:39.532  1011  1189 I ASH     : @ 40891.735: tcs3701: stop power rail pending_off timer
11-23 00:00:39.532  1011  1189 D ASH     : @ 40891.735: tcs3701: start power rail timer, state:3
11-23 00:00:39.535 29153 29185 I BatteryMgr:DataCollectionService: stats => 1700694039535,12817,4446,5493,4169000,100
11-23 00:00:39.550  1795  4165 D ActivityManager: freezer override set to false
11-23 00:00:39.568 29153 29185 I BatteryMgr:DataCollectionService: stats => 1700694039568,12817,4446,5493,4169000,100
11-23 00:00:39.572  1011  1189 I ASH     : @ 40891.775: tcs3701: stop power rail pending_off timer
11-23 00:00:39.572  1011  1189 D ASH     : @ 40891.775: tcs3701: start power rail timer, state:3
11-23 00:00:39.589  1795  4165 D ActivityManager: freezer override set to true
11-23 00:00:39.592  1795  4165 D ActivityManager: freezer override set to false
11-23 00:00:39.612  1011  1189 I ASH     : @ 40891.815: tcs3701: stop power rail pending_off timer
11-23 00:00:39.612  1011  1189 D ASH     : @ 40891.815: tcs3701: start power rail timer, state:3
11-23 00:00:39.642 29153 29185 I BatteryMgr:DataCollectionService: stats => 1700694039642,12817,4446,5493,4169000,100
11-23 00:00:39.652  1011  1189 I ASH     : @ 40891.855: tcs3701: stop power rail pending_off timer
11-23 00:00:39.652  1011  1189 D ASH     : @ 40891.855: tcs3701: start power rail timer, state:3
11-23 00:00:39.674 29153 29185 I BatteryMgr:DataCollectionService: stats => 1700694039674,12817,4446,5493,4169000,100
11-23 00:00:39.693  1011  1189 I ASH     : @ 40891.895: tcs3701: stop power rail pending_off timer
11-23 00:00:39.693  1011  1189 D ASH     : @ 40891.895: tcs3701: start power rail timer, state:3
11-23 00:00:39.732  1011  1189 I ASH     : @ 40891.935: tcs3701: stop power rail pending_off timer
11-23 00:00:39.732  1011  1189 D ASH     : @ 40891.935: tcs3701: start power rail timer, state:3
11-23 00:00:39.745 29153 29185 I BatteryMgr:DataCollectionService: stats => 1700694039745,12817,4446,5493,4169000,100
11-23 00:00:39.772  1011  1189 I ASH     : @ 40891.975: tcs3701: stop power rail pending_off timer
11-23 00:00:39.772  1011  1189 D ASH     : @ 40891.975: tcs3701: start power rail timer, state:3
11-23 00:00:39.779 29153 29185 I BatteryMgr:DataCollectionService: stats => 1700694039779,12817,4446,5493,4169000,100
11-23 00:00:39.812  1011  1189 I ASH     : @ 40892.015: tcs3701: stop power rail pending_off timer
11-23 00:00:39.812  1011  1189 D ASH     : @ 40892.015: tcs3701: start power rail timer, state:3
11-23 00:00:39.850 29153 29185 I BatteryMgr:DataCollectionService: stats => 1700694039849,12817,4446,5493,4169000,100
11-23 00:00:39.852  1011  1189 I ASH     : @ 40892.055: tcs3701: stop power rail pending_off timer
11-23 00:00:39.852  1011  1189 D ASH     : @ 40892.055: tcs3701: start power rail timer, state:3
11-23 00:00:39.882 29153 29185 I BatteryMgr:DataCollectionService: stats => 1700694039882,12817,4446,5493,4169000,100
11-23 00:00:39.892  1011  1189 I ASH     : @ 40892.095: tcs3701: stop power rail pending_off timer
11-23 00:00:39.892  1011  1189 D ASH     : @ 40892.095: tcs3701: start power rail timer, state:3
11-23 00:00:39.932  1011  1189 I ASH     : @ 40892.135: tcs3701: stop power rail pending_off timer
11-23 00:00:39.932  1011  1189 D ASH     : @ 40892.135: tcs3701: start power rail timer, state:3
11-23 00:00:39.954 29153 29185 I BatteryMgr:DataCollectionService: stats => 1700694039954,12817,4446,5493,4169000,100
11-23 00:00:39.972  1011  1189 I ASH     : @ 40892.175: tcs3701: stop power rail pending_off timer
11-23 00:00:39.972  1011  1189 D ASH     : @ 40892.175: tcs3701: start power rail timer, state:3
11-23 00:00:39.986 29153 29185 I BatteryMgr:DataCollectionService: stats => 1700694039986,12817,4446,5493,4169000,100
11-23 00:00:40.012  1011  1189 I ASH     : @ 40892.215: tcs3701: stop power rail pending_off timer
11-23 00:00:40.012  1011  1189 D ASH     : @ 40892.215: tcs3701: start power rail timer, state:3
11-23 00:00:40.052  1011  1189 I ASH     : @ 40892.255: tcs3701: stop power rail pending_off timer
11-23 00:00:40.052  1011  1189 D ASH     : @ 40892.255: tcs3701: start power rail timer, state:3
11-23 00:00:40.058 29153 29185 I BatteryMgr:DataCollectionService: stats => 1700694040058,12817,4446,5493,4169000,100
11-23 00:00:40.091 29153 29185 I BatteryMgr:DataCollectionService: stats => 1700694040091,12817,4446,5493,4169000,100
11-23 00:00:40.092  1011  1189 I ASH     : @ 40892.295: tcs3701: stop power rail pending_off timer
11-23 00:00:40.092  1011  1189 D ASH     : @ 40892.295: tcs3701: start power rail timer, state:3
11-23 00:00:40.132  1011  1189 I ASH     : @ 40892.335: tcs3701: stop power rail pending_off timer
11-23 00:00:40.132  1011  1189 D ASH     : @ 40892.335: tcs3701: start power rail timer, state:3
11-23 00:00:40.163 29153 29185 I BatteryMgr:DataCollectionService: stats => 1700694040162,12817,4446,5493,4169000,100
11-23 00:00:40.172  1011  1189 I ASH     : @ 40892.375: tcs3701: stop power rail pending_off timer
11-23 00:00:40.173  1011  1189 D ASH     : @ 40892.375: tcs3701: start power rail timer, state:3
11-23 00:00:40.195 29153 29185 I BatteryMgr:DataCollectionService: stats => 1700694040195,12817,4446,5493,4169000,100
11-23 00:00:40.212  1011  1189 I ASH     : @ 40892.415: tcs3701: stop power rail pending_off timer
11-23 00:00:40.212  1011  1189 D ASH     : @ 40892.415: tcs3701: start power rail timer, state:3
11-23 00:00:40.252  1011  1189 I ASH     : @ 40892.455: tcs3701: stop power rail pending_off timer
11-23 00:00:40.252  1011  1189 D ASH     : @ 40892.455: tcs3701: start power rail timer, state:3
11-23 00:00:40.268 29153 29185 I BatteryMgr:DataCollectionService: stats => 1700694040268,12817,4446,5493,4169000,100
11-23 00:00:40.292  1011  1189 I ASH     : @ 40892.495: tcs3701: stop power rail pending_off timer
11-23 00:00:40.292  1011  1189 D ASH     : @ 40892.495: tcs3701: start power rail timer, state:3
11-23 00:00:40.301 29153 29185 I BatteryMgr:DataCollectionService: stats => 1700694040301,12817,4446,5493,4169000,100
11-23 00:00:40.332  1011  1189 I ASH     : @ 40892.535: tcs3701: stop power rail pending_off timer
11-23 00:00:40.332  1011  1189 D ASH     : @ 40892.535: tcs3701: start power rail timer, state:3
11-23 00:00:40.350  1795  4165 D ActivityManager: freezer override set to true
11-23 00:00:40.355  1795  4165 D ActivityManager: freezer override set to false
11-23 00:00:40.372  1011  1189 I ASH     : @ 40892.575: tcs3701: stop power rail pending_off timer
11-23 00:00:40.372  1011  1189 D ASH     : @ 40892.575: tcs3701: start power rail timer, state:3
11-23 00:00:40.374 29153 29185 I BatteryMgr:DataCollectionService: stats => 1700694040374,12817,4446,5493,4169000,100
11-23 00:00:40.405 29153 29185 I BatteryMgr:DataCollectionService: stats => 1700694040405,12817,4446,5493,4169000,100
11-23 00:00:40.412  1011  1189 I ASH     : @ 40892.615: tcs3701: stop power rail pending_off timer
11-23 00:00:40.412  1011  1189 D ASH     : @ 40892.615: tcs3701: start power rail timer, state:3
11-23 00:00:40.452  1011  1189 I ASH     : @ 40892.655: tcs3701: stop power rail pending_off timer
11-23 00:00:40.452  1011  1189 D ASH     : @ 40892.655: tcs3701: start power rail timer, state:3
11-23 00:00:40.479 29153 29185 I BatteryMgr:DataCollectionService: stats => 1700694040479,12817,4446,5493,4169000,100
11-23 00:00:40.491  2113  2118 I pixel-thermal: skin-therm-monitor: 39.146
11-23 00:00:40.492  1011  1189 I ASH     : @ 40892.695: tcs3701: stop power rail pending_off timer
11-23 00:00:40.492  1011  1189 D ASH     : @ 40892.695: tcs3701: start power rail timer, state:3
11-23 00:00:40.510 29153 29185 I BatteryMgr:DataCollectionService: stats => 1700694040510,12817,4446,5493,4169000,100
11-23 00:00:40.532  1011  1189 I ASH     : @ 40892.735: tcs3701: stop power rail pending_off timer
11-23 00:00:40.532  1011  1189 D ASH     : @ 40892.735: tcs3701: start power rail timer, state:3
11-23 00:00:40.572  1011  1189 I ASH     : @ 40892.775: tcs3701: stop power rail pending_off timer
11-23 00:00:40.572  1011  1189 D ASH     : @ 40892.775: tcs3701: start power rail timer, state:3
11-23 00:00:40.583 29153 29185 I BatteryMgr:DataCollectionService: stats => 1700694040583,12817,4446,5493,4169000,100
11-23 00:00:40.612  1011  1189 I ASH     : @ 40892.815: tcs3701: stop power rail pending_off timer
11-23 00:00:40.612  1011  1189 D ASH     : @ 40892.815: tcs3701: start power rail timer, state:3
11-23 00:00:40.614 29153 29185 I BatteryMgr:DataCollectionService: stats => 1700694040614,12817,4446,5493,4169000,100
11-23 00:00:40.622  1795  2424 D WifiClientModeImpl[13802:wlan0]: updateLinkLayerStatsRssiSpeedFrequencyCapabilities rssi=-45 TxLinkspeed=866 freq=5240 RxLinkSpeed=780
11-23 00:00:40.623  1795  2424 D WifiDataStall: tx tput in kbps: 745571
11-23 00:00:40.623  1795  2424 D WifiDataStall: rx tput in kbps: 706875
11-23 00:00:40.623  1795  2424 V WifiConfigManager: Updating scan detail cache freq=5240 BSSID=f4:6d:2f:12:cc:88 RSSI=-45 for "ourhome"WPA_PSK
11-23 00:00:40.623  1795  2424 D WifiChannelUtilization:  freq: 5240 onTime: 1137941 busyTime: 110589 onTimeDiff: 1137646 busyTimeDiff: 110572 utilization: 24 utilization t0: 24
11-23 00:00:40.623  1795  2424 D WifiDataStall:  ccaLevel = 24
11-23 00:00:40.623  1795  2424 D WifiDataStall: L2 txTputKbps: 745571, rxTputKbps: 706875, L3 txTputKbps: 0, rxTputKbps: 0, TxTrafficHigh: false, RxTrafficHigh: false, Throughput Sufficient: true
11-23 00:00:40.623  3213  8092 V WifiManager: OnWifiUsabilityStatsListener: onWifiUsabilityStats: seqNum=13521
11-23 00:00:40.623  1795  2424 D WifiScoreReport: Wifi scoring disabled - Don't check IP layer
11-23 00:00:40.624  1795  2424 D WifiScoreCard: BSSID update SIGNAL_POLL ID: 1320464697 SSID: "ourhome", BSSID: f4:6d:2f:12:cc:88, MAC: b2:2f:ec:da:4a:0c, IP: /192.168.1.104, Security type: 2, Supplicant state: COMPLETED, Wi-Fi standard: 5, RSSI: -45, Link speed: 866Mbps, Tx Link speed: 866Mbps, Max Supported Tx Link speed: 866Mbps, Rx Link speed: 780Mbps, Max Supported Rx Link speed: 866Mbps, Frequency: 5240MHz, Net ID: 12, Metered hint: false, score: 60, isUsable: true, CarrierMerged: false, SubscriptionId: -1, IsPrimary: 1, Trusted: true, Restricted: false, Ephemeral: false, OEM paid: false, OEM private: false, OSU AP: false, FQDN: <none>, Provider friendly name: <none>, Requesting package name: <none>"ourhome"wpa2-pskMLO Information: , Is TID-To-Link negotiation supported by the AP: false, AP MLD Address: <none>, AP MLO Link Id: <none>, AP MLO Affiliated links: <none>
11-23 00:00:40.624  1795  2424 D WifiScoreCard: txRate: 1 txSpeed: 866
11-23 00:00:40.624  1795  2424 D WifiScoreCard: network update SIGNAL_POLL "ourhome" ID: 1499892569 RSSI -45 txSpeed -1
11-23 00:00:40.624  1795  2424 D WifiClientModeImpl[13802:wlan0]:  ClientModeImpl$L2ConnectedState screen=on 3 0 "ourhome" f4:6d:2f:12:cc:88 rssi=-45 f=5240 sc=60 link=866 tx=0.4, 0.0, 0.0 rx=0.4 bcn=381346 [on:15 tx:1 rx:0 period:3013] from screen [on:198451 period:4402403] score=60
11-23 00:00:40.624  1795  4165 I WifiService: updateWifiUsabilityScore uid=10180 seqNum=13521 score=100 predictionHorizonSec=1441795
11-23 00:00:40.628  1795  2424 D WifiScoreReport: Wifi scoring disabled - Notify that Wifi is usable
11-23 00:00:40.630  1795  2432 D ConnectivityService: NetReassign [no changes] [c 1] [a 0] [i 1]
11-23 00:00:40.652  1011  1189 I ASH     : @ 40892.855: tcs3701: stop power rail pending_off timer
11-23 00:00:40.652  1011  1189 D ASH     : @ 40892.855: tcs3701: start power rail timer, state:3
11-23 00:00:40.690 29153 29185 I BatteryMgr:DataCollectionService: stats => 1700694040690,12817,4446,5493,4169000,100
11-23 00:00:40.692  1011  1189 I ASH     : @ 40892.895: tcs3701: stop power rail pending_off timer
11-23 00:00:40.692  1011  1189 D ASH     : @ 40892.895: tcs3701: start power rail timer, state:3
11-23 00:00:40.722 29153 29185 I BatteryMgr:DataCollectionService: stats => 1700694040722,12817,4446,5493,4169000,100
11-23 00:00:40.732  1011  1189 I ASH     : @ 40892.935: tcs3701: stop power rail pending_off timer
11-23 00:00:40.732  1011  1189 D ASH     : @ 40892.935: tcs3701: start power rail timer, state:3
11-23 00:00:40.772  1011  1189 I ASH     : @ 40892.975: tcs3701: stop power rail pending_off timer
11-23 00:00:40.772  1011  1189 D ASH     : @ 40892.975: tcs3701: start power rail timer, state:3
11-23 00:00:40.795 29153 29185 I BatteryMgr:DataCollectionService: stats => 1700694040795,12817,4446,5493,4169000,100
11-23 00:00:40.802  1795  4165 D ActivityManager: freezer override set to true
11-23 00:00:40.812  1011  1189 I ASH     : @ 40893.015: tcs3701: stop power rail pending_off timer
11-23 00:00:40.812  1011  1189 D ASH     : @ 40893.015: tcs3701: start power rail timer, state:3
11-23 00:00:40.828 29153 29185 I BatteryMgr:DataCollectionService: stats => 1700694040828,12817,4446,5493,4169000,100
11-23 00:00:40.852  1011  1189 I ASH     : @ 40893.055: tcs3701: stop power rail pending_off timer
11-23 00:00:40.852  1011  1189 D ASH     : @ 40893.055: tcs3701: start power rail timer, state:3
11-23 00:00:40.892  1011  1189 I ASH     : @ 40893.095: tcs3701: stop power rail pending_off timer
11-23 00:00:40.892  1011  1189 D ASH     : @ 40893.095: tcs3701: start power rail timer, state:3
11-23 00:00:40.900 29153 29185 I BatteryMgr:DataCollectionService: stats => 1700694040900,12817,4446,5493,4169000,100
11-23 00:00:40.930 18351 18399 I m.chrome.canary: Explicit concurrent copying GC freed 3598(176KB) AllocSpace objects, 3(60KB) LOS objects, 75% free, 11MB/44MB, paused 42us,23us total 46.789ms
11-23 00:00:40.932  1011  1189 I ASH     : @ 40893.135: tcs3701: stop power rail pending_off timer
11-23 00:00:40.932  1011  1189 D ASH     : @ 40893.135: tcs3701: start power rail timer, state:3
11-23 00:00:40.932 29153 29185 I BatteryMgr:DataCollectionService: stats => 1700694040932,12817,4446,5493,4169000,100
11-23 00:00:40.972  1011  1189 I ASH     : @ 40893.175: tcs3701: stop power rail pending_off timer
11-23 00:00:40.972  1011  1189 D ASH     : @ 40893.175: tcs3701: start power rail timer, state:3
11-23 00:00:40.989  1795  4165 D ActivityManager: freezer override set to false
11-23 00:00:41.004 29153 29185 I BatteryMgr:DataCollectionService: stats => 1700694041004,12817,4446,5493,4169000,100
11-23 00:00:41.012  1011  1189 I ASH     : @ 40893.215: tcs3701: stop power rail pending_off timer
11-23 00:00:41.012  1011  1189 D ASH     : @ 40893.215: tcs3701: start power rail timer, state:3
11-23 00:00:41.038 29153 29185 I BatteryMgr:DataCollectionService: stats => 1700694041038,12817,4446,5493,4169000,100
11-23 00:00:41.045  1795  4165 D ActivityManager: freezer override set to true
11-23 00:00:41.048  1795  4165 D ActivityManager: freezer override set to false
11-23 00:00:41.052  1011  1189 I ASH     : @ 40893.255: tcs3701: stop power rail pending_off timer
11-23 00:00:41.052  1011  1189 D ASH     : @ 40893.255: tcs3701: start power rail timer, state:3
11-23 00:00:41.092  1011  1189 I ASH     : @ 40893.295: tcs3701: stop power rail pending_off timer
11-23 00:00:41.092  1011  1189 D ASH     : @ 40893.295: tcs3701: start power rail timer, state:3
11-23 00:00:41.110 29153 29185 I BatteryMgr:DataCollectionService: stats => 1700694041110,12817,4446,5493,4169000,100
11-23 00:00:41.132  1011  1189 I ASH     : @ 40893.335: tcs3701: stop power rail pending_off timer
11-23 00:00:41.132  1011  1189 D ASH     : @ 40893.335: tcs3701: start power rail timer, state:3
11-23 00:00:41.143 29153 29185 I BatteryMgr:DataCollectionService: stats => 1700694041143,12817,4446,5493,4169000,100
11-23 00:00:41.172  1011  1189 I ASH     : @ 40893.375: tcs3701: stop power rail pending_off timer
11-23 00:00:41.172  1011  1189 D ASH     : @ 40893.375: tcs3701: start power rail timer, state:3
11-23 00:00:41.213  1011  1189 I ASH     : @ 40893.415: tcs3701: stop power rail pending_off timer
11-23 00:00:41.213  1011  1189 D ASH     : @ 40893.415: tcs3701: start power rail timer, state:3
11-23 00:00:41.215 29153 29185 I BatteryMgr:DataCollectionService: stats => 1700694041215,12817,4446,5493,4169000,100
11-23 00:00:41.247 29153 29185 I BatteryMgr:DataCollectionService: stats => 1700694041247,12817,4446,5493,4169000,100
11-23 00:00:41.252  1011  1189 I ASH     : @ 40893.455: tcs3701: stop power rail pending_off timer
11-23 00:00:41.252  1011  1189 D ASH     : @ 40893.455: tcs3701: start power rail timer, state:3
11-23 00:00:41.292  1011  1189 I ASH     : @ 40893.495: tcs3701: stop power rail pending_off timer
11-23 00:00:41.292  1011  1189 D ASH     : @ 40893.495: tcs3701: start power rail timer, state:3
11-23 00:00:41.319 29153 29185 I BatteryMgr:DataCollectionService: stats => 1700694041319,12817,4446,5493,4169000,100
11-23 00:00:41.332  1011  1189 I ASH     : @ 40893.535: tcs3701: stop power rail pending_off timer
11-23 00:00:41.332  1011  1189 D ASH     : @ 40893.535: tcs3701: start power rail timer, state:3
11-23 00:00:41.352 29153 29185 I BatteryMgr:DataCollectionService: stats => 1700694041352,12817,4446,5493,4169000,100
11-23 00:00:41.352  1795  4165 D ActivityManager: freezer override set to true
11-23 00:00:41.357  1795  4165 D ActivityManager: freezer override set to false
11-23 00:00:41.372  1011  1189 I ASH     : @ 40893.575: tcs3701: stop power rail pending_off timer
11-23 00:00:41.372  1011  1189 D ASH     : @ 40893.575: tcs3701: start power rail timer, state:3
11-23 00:00:41.412  1011  1189 I ASH     : @ 40893.615: tcs3701: stop power rail pending_off timer
11-23 00:00:41.412  1011  1189 D ASH     : @ 40893.615: tcs3701: start power rail timer, state:3
11-23 00:00:41.424 29153 29185 I BatteryMgr:DataCollectionService: stats => 1700694041424,12817,4446,5493,4169000,100
11-23 00:00:41.453  1011  1189 I ASH     : @ 40893.655: tcs3701: stop power rail pending_off timer
11-23 00:00:41.453  1011  1189 D ASH     : @ 40893.655: tcs3701: start power rail timer, state:3
11-23 00:00:41.457 29153 29185 I BatteryMgr:DataCollectionService: stats => 1700694041457,12817,4446,5493,4169000,100
11-23 00:00:41.492  1011  1189 I ASH     : @ 40893.695: tcs3701: stop power rail pending_off timer
11-23 00:00:41.492  1011  1189 D ASH     : @ 40893.695: tcs3701: start power rail timer, state:3
11-23 00:00:41.528 29153 29185 I BatteryMgr:DataCollectionService: stats => 1700694041528,12817,4446,5493,4169000,100
11-23 00:00:41.533  1011  1189 I ASH     : @ 40893.735: tcs3701: stop power rail pending_off timer
11-23 00:00:41.533  1011  1189 D ASH     : @ 40893.735: tcs3701: start power rail timer, state:3
11-23 00:00:41.561 29153 29185 I BatteryMgr:DataCollectionService: stats => 1700694041561,12817,4446,5493,4169000,100
11-23 00:00:41.572  1011  1189 I ASH     : @ 40893.775: tcs3701: stop power rail pending_off timer
11-23 00:00:41.572  1011  1189 D ASH     : @ 40893.775: tcs3701: start power rail timer, state:3
11-23 00:00:41.612  1011  1189 I ASH     : @ 40893.815: tcs3701: stop power rail pending_off timer
11-23 00:00:41.612  1011  1189 D ASH     : @ 40893.815: tcs3701: start power rail timer, state:3
11-23 00:00:41.632 29153 29185 I BatteryMgr:DataCollectionService: stats => 1700694041632,12817,4446,5493,4169000,100
11-23 00:00:41.652  1011  1189 I ASH     : @ 40893.855: tcs3701: stop power rail pending_off timer
11-23 00:00:41.652  1011  1189 D ASH     : @ 40893.855: tcs3701: start power rail timer, state:3
11-23 00:00:41.667 29153 29185 I BatteryMgr:DataCollectionService: stats => 1700694041667,12817,4446,5493,4169000,100
11-23 00:00:41.692  1011  1189 I ASH     : @ 40893.895: tcs3701: stop power rail pending_off timer
11-23 00:00:41.692  1011  1189 D ASH     : @ 40893.895: tcs3701: start power rail timer, state:3
11-23 00:00:41.732  1011  1189 I ASH     : @ 40893.935: tcs3701: stop power rail pending_off timer
11-23 00:00:41.732  1011  1189 D ASH     : @ 40893.935: tcs3701: start power rail timer, state:3
11-23 00:00:41.737 29153 29185 I BatteryMgr:DataCollectionService: stats => 1700694041737,12817,4446,5493,4169000,100
11-23 00:00:41.772 29153 29185 I BatteryMgr:DataCollectionService: stats => 1700694041772,12817,4446,5493,4169000,100
11-23 00:00:41.772  1011  1189 I ASH     : @ 40893.975: tcs3701: stop power rail pending_off timer
11-23 00:00:41.772  1011  1189 D ASH     : @ 40893.975: tcs3701: start power rail timer, state:3
11-23 00:00:41.812  1011  1189 I ASH     : @ 40894.015: tcs3701: stop power rail pending_off timer
11-23 00:00:41.812  1011  1189 D ASH     : @ 40894.015: tcs3701: start power rail timer, state:3
11-23 00:00:41.841 29153 29185 I BatteryMgr:DataCollectionService: stats => 1700694041841,12817,4446,5493,4169000,100
11-23 00:00:41.852  1011  1189 I ASH     : @ 40894.055: tcs3701: stop power rail pending_off timer
11-23 00:00:41.852  1011  1189 D ASH     : @ 40894.055: tcs3701: start power rail timer, state:3
11-23 00:00:41.876 29153 29185 I BatteryMgr:DataCollectionService: stats => 1700694041876,12817,4446,5493,4169000,100
11-23 00:00:41.892  1011  1189 I ASH     : @ 40894.095: tcs3701: stop power rail pending_off timer
11-23 00:00:41.892  1011  1189 D ASH     : @ 40894.095: tcs3701: start power rail timer, state:3
11-23 00:00:41.932  1011  1189 I ASH     : @ 40894.135: tcs3701: stop power rail pending_off timer
11-23 00:00:41.933  1011  1189 D ASH     : @ 40894.135: tcs3701: start power rail timer, state:3
11-23 00:00:41.945 29153 29185 I BatteryMgr:DataCollectionService: stats => 1700694041945,12817,4446,5493,4169000,100
11-23 00:00:41.972  1011  1189 I ASH     : @ 40894.175: tcs3701: stop power rail pending_off timer
11-23 00:00:41.972  1011  1189 D ASH     : @ 40894.175: tcs3701: start power rail timer, state:3
11-23 00:00:41.981 29153 29185 I BatteryMgr:DataCollectionService: stats => 1700694041981,12817,4446,5493,4169000,100
11-23 00:00:42.012  1011  1189 I ASH     : @ 40894.215: tcs3701: stop power rail pending_off timer
11-23 00:00:42.012  1011  1189 D ASH     : @ 40894.215: tcs3701: start power rail timer, state:3
11-23 00:00:42.049 29153 29185 I BatteryMgr:DataCollectionService: stats => 1700694042049,12817,4446,5493,4169000,100
11-23 00:00:42.052  1011  1189 I ASH     : @ 40894.255: tcs3701: stop power rail pending_off timer
11-23 00:00:42.052  1011  1189 D ASH     : @ 40894.255: tcs3701: start power rail timer, state:3
