11-26 20:53:17.765 15447 15447 D CompatibilityChangeReporter: Compat change id reported: 171979766; UID 90000; state: ENABLED
11-26 20:53:17.767 15463 15463 I ileged_process0: Using CollectorTypeCC GC.
11-26 20:53:17.775 15375 15375 I cr_SmsProviderGms: construction successfull TM3@48c40dd, QM3@9b95020
11-26 20:53:17.778  1383  1442 I adbd    : jdwp connection from 15463
11-26 20:53:17.783 15447 15447 I LoadedApk: No resource references to update in package com.google.android.trichromelibrary.canary
11-26 20:53:17.783 15447 15447 D NetworkSecurityConfig: Using Network Security Config from resource 0_resource_name_obfuscated debugBuild: false
11-26 20:53:17.784 15447 15447 D NetworkSecurityConfig: Using Network Security Config from resource 0_resource_name_obfuscated debugBuild: false
11-26 20:53:17.788 15447 15447 I cr_SplitCompatApp: Launched version=121.0.6145.0 minSdkVersion=29 isBundle=true processName=com.chrome.canary:sandboxed_process0:org.chromium.content.app.SandboxedProcessService0:0 isIsolated=true
11-26 20:53:17.793  1011  1189 I ASH     : @ 375249.965: tcs3701: stop power rail pending_off timer
11-26 20:53:17.794  1011  1189 D ASH     : @ 375249.965: tcs3701: start power rail timer, state:3
11-26 20:53:17.799  1795  3745 D ConnectivityService: requestNetwork for uid/pid:10010/15375 activeRequest: null callbackRequest: 10143 [NetworkRequest [ REQUEST id=10144, [ Capabilities: INTERNET&NOT_RESTRICTED&TRUSTED&NOT_VCN_MANAGED Uid: 10010 RequestorUid: 10010 RequestorPkg: com.chrome.canary UnderlyingNetworks: Null] ]] callback flags: 0 order: 2147483647
11-26 20:53:17.802  1795  2424 D WifiNetworkFactory: got request NetworkRequest [ REQUEST id=10144, [ Capabilities: INTERNET&NOT_RESTRICTED&TRUSTED&NOT_VCN_MANAGED Uid: 10010 RequestorUid: 10010 RequestorPkg: com.chrome.canary UnderlyingNetworks: Null] ]
11-26 20:53:17.802  1795  2424 V WifiNetworkFactory: Accepted network request NetworkRequest [ REQUEST id=10144, [ Capabilities: INTERNET&NOT_RESTRICTED&TRUSTED&NOT_VCN_MANAGED Uid: 10010 RequestorUid: 10010 RequestorPkg: com.chrome.canary UnderlyingNetworks: Null] ]
11-26 20:53:17.802  1795  2424 D UntrustedWifiNetworkFactory: got request NetworkRequest [ REQUEST id=10144, [ Capabilities: INTERNET&NOT_RESTRICTED&TRUSTED&NOT_VCN_MANAGED Uid: 10010 RequestorUid: 10010 RequestorPkg: com.chrome.canary UnderlyingNetworks: Null] ]
11-26 20:53:17.802  1795  2424 D OemPaidWifiNetworkFactory: got request NetworkRequest [ REQUEST id=10144, [ Capabilities: INTERNET&NOT_RESTRICTED&TRUSTED&NOT_VCN_MANAGED Uid: 10010 RequestorUid: 10010 RequestorPkg: com.chrome.canary UnderlyingNetworks: Null] ]
11-26 20:53:17.802  1795  2424 D MultiInternetWifiNetworkFactory: got request NetworkRequest [ REQUEST id=10144, [ Capabilities: INTERNET&NOT_RESTRICTED&TRUSTED&NOT_VCN_MANAGED Uid: 10010 RequestorUid: 10010 RequestorPkg: com.chrome.canary UnderlyingNetworks: Null] ]
11-26 20:53:17.802  1795  2432 D ConnectivityService: NetReassign [10144 : null  100] [c 0] [a 0] [i 2]
11-26 20:53:17.804 15463 15463 I ActivityThread: Relaunch all activities: onCoreSettingsChange
11-26 20:53:17.805 15463 15463 D CompatibilityChangeReporter: Compat change id reported: 171979766; UID 10010; state: ENABLED
11-26 20:53:17.807 15447 15447 W SystemServiceRegistry: No service published for: uimode
11-26 20:53:17.808  1795  2432 D ConnectivityService: NetReassign [no changes] [c 0] [a 2] [i 3]
11-26 20:53:17.811 15463 15463 W ziparchive: Unable to open '/data/app/~~xK2KNYhs7Vn18sxJkcMggA==/com.google.android.trichromelibrary.canary_614500033-17M9CAQF6V59_-2q0N8dYA==/base.dm': No such file or directory
11-26 20:53:17.811 15463 15463 W ziparchive: Unable to open '/data/app/~~xK2KNYhs7Vn18sxJkcMggA==/com.google.android.trichromelibrary.canary_614500033-17M9CAQF6V59_-2q0N8dYA==/base.dm': No such file or directory
11-26 20:53:17.812 15463 15463 W ileged_process0: Entry not found
11-26 20:53:17.813 15463 15463 D nativeloader: Configuring clns-4 for other apk /data/app/~~xK2KNYhs7Vn18sxJkcMggA==/com.google.android.trichromelibrary.canary_614500033-17M9CAQF6V59_-2q0N8dYA==/base.apk. target_sdk_version=34, uses_libraries=ALL, library_path=/data/app/~~z5-dMYmQLvS-4mWZ9yqnFA==/com.chrome.canary-7Pcck9f8OWCuqG0lIoq4tg==/lib/arm64:/data/app/~~z5-dMYmQLvS-4mWZ9yqnFA==/com.chrome.canary-7Pcck9f8OWCuqG0lIoq4tg==/base.apk!/lib/arm64-v8a:/data/app/~~xK2KNYhs7Vn18sxJkcMggA==/com.google.android.trichromelibrary.canary_614500033-17M9CAQF6V59_-2q0N8dYA==/base.apk!/lib/arm64-v8a, permitted_path=/data:/mnt/expand:/data/user/0/com.chrome.canary
11-26 20:53:17.814 15447 15447 I cr_ChildProcessService: Creating new ChildProcessService pid=15447
11-26 20:53:17.819 15463 15463 D nativeloader: Configuring clns-5 for other apk /data/app/~~z5-dMYmQLvS-4mWZ9yqnFA==/com.chrome.canary-7Pcck9f8OWCuqG0lIoq4tg==/base.apk. target_sdk_version=34, uses_libraries=, library_path=/data/app/~~z5-dMYmQLvS-4mWZ9yqnFA==/com.chrome.canary-7Pcck9f8OWCuqG0lIoq4tg==/lib/arm64:/data/app/~~z5-dMYmQLvS-4mWZ9yqnFA==/com.chrome.canary-7Pcck9f8OWCuqG0lIoq4tg==/base.apk!/lib/arm64-v8a:/data/app/~~xK2KNYhs7Vn18sxJkcMggA==/com.google.android.trichromelibrary.canary_614500033-17M9CAQF6V59_-2q0N8dYA==/base.apk!/lib/arm64-v8a, permitted_path=/data:/mnt/expand:/data/user/0/com.chrome.canary
11-26 20:53:17.825 15375 15375 I cr_EnterpriseInfoImpl: #setCacheResult() deviceOwned:false profileOwned:false
11-26 20:53:17.825 15375 15375 I cr_EnterpriseInfo: #getManagedStateForNative() FQ0@786270c
11-26 20:53:17.833  1011  1189 I ASH     : @ 375250.005: tcs3701: stop power rail pending_off timer
11-26 20:53:17.834  1011  1189 D ASH     : @ 375250.005: tcs3701: start power rail timer, state:3
11-26 20:53:17.837 15463 15463 V GraphicsEnvironment: ANGLE Developer option for 'com.chrome.canary' set to: 'default'
11-26 20:53:17.837 15463 15463 V GraphicsEnvironment: ANGLE GameManagerService for com.chrome.canary: false
11-26 20:53:17.837 15463 15463 V GraphicsEnvironment: Updatable production driver is not supported on the device.
11-26 20:53:17.839 15463 15463 I LoadedApk: No resource references to update in package com.google.android.trichromelibrary.canary
11-26 20:53:17.839 15463 15463 D NetworkSecurityConfig: Using Network Security Config from resource 0_resource_name_obfuscated debugBuild: false
11-26 20:53:17.840 15463 15463 D NetworkSecurityConfig: Using Network Security Config from resource 0_resource_name_obfuscated debugBuild: false
11-26 20:53:17.841 15463 15463 I cr_SplitCompatApp: Launched version=121.0.6145.0 minSdkVersion=29 isBundle=true processName=com.chrome.canary:privileged_process0 isIsolated=false
11-26 20:53:17.848 15375 15440 W chromium: [WARNING:ev_root_ca_metadata.cc(119)] Not implemented
11-26 20:53:17.848 15375 15440 W chromium: [WARNING:ev_root_ca_metadata.cc(119)] Not implemented
11-26 20:53:17.849 15463 15463 I cr_ChildProcessService: Creating new ChildProcessService pid=15463
11-26 20:53:17.858 15375 15437 W chromium: [WARNING:ev_root_ca_metadata.cc(119)] Not implemented
11-26 20:53:17.858 15375 15437 W chromium: [WARNING:ev_root_ca_metadata.cc(119)] Not implemented
11-26 20:53:17.858 15463 15487 I cr_LibraryLoader: Loading monochrome_64 from within /data/app/~~z5-dMYmQLvS-4mWZ9yqnFA==/com.chrome.canary-7Pcck9f8OWCuqG0lIoq4tg==/base.apk
11-26 20:53:17.858 15463 15487 I cr_Linker: loadLibraryImplLocked: monochrome_64, relroMode=2
11-26 20:53:17.861  1795  3659 D CompatibilityChangeReporter: Compat change id reported: 182734110; UID 10010; state: ENABLED
11-26 20:53:17.862  1795  3659 D CompatibilityChangeReporter: Compat change id reported: 149924527; UID 10010; state: ENABLED
11-26 20:53:17.862  1795  3659 D CompatibilityChangeReporter: Compat change id reported: 132649864; UID 10010; state: DISABLED
11-26 20:53:17.872 15463 15487 I cr_LibraryLoader: Successfully loaded native library
11-26 20:53:17.872 15463 15487 I cr_CachingUmaRecorder: Flushed 4 samples from 4 histograms, 0 samples were dropped.
11-26 20:53:17.874  1011  1189 I ASH     : @ 375250.045: tcs3701: stop power rail pending_off timer
11-26 20:53:17.874  1011  1189 D ASH     : @ 375250.045: tcs3701: start power rail timer, state:3
11-26 20:53:17.878 15375 15440 I tflite  : Initialized TensorFlow Lite runtime.
11-26 20:53:17.879 15375 15440 W libc    : Access denied finding property "ro.mediatek.platform"
11-26 20:53:17.879 15375 15440 W libc    : Access denied finding property "ro.chipname"
11-26 20:53:17.879 15375 15440 W libc    : Access denied finding property "ro.hardware.chipname"
11-26 20:53:17.880  1795  2387 D ConnectivityService: requestNetwork for uid/pid:10010/15375 activeRequest: null callbackRequest: 10146 [NetworkRequest [ REQUEST id=10147, [ Capabilities: INTERNET&NOT_RESTRICTED&TRUSTED&NOT_VCN_MANAGED Uid: 10010 RequestorUid: 10010 RequestorPkg: com.chrome.canary UnderlyingNetworks: Null] ]] callback flags: 0 order: 2147483647
11-26 20:53:17.882  1795  2424 D WifiNetworkFactory: got request NetworkRequest [ REQUEST id=10147, [ Capabilities: INTERNET&NOT_RESTRICTED&TRUSTED&NOT_VCN_MANAGED Uid: 10010 RequestorUid: 10010 RequestorPkg: com.chrome.canary UnderlyingNetworks: Null] ]
11-26 20:53:17.882  1795  2424 V WifiNetworkFactory: Accepted network request NetworkRequest [ REQUEST id=10147, [ Capabilities: INTERNET&NOT_RESTRICTED&TRUSTED&NOT_VCN_MANAGED Uid: 10010 RequestorUid: 10010 RequestorPkg: com.chrome.canary UnderlyingNetworks: Null] ]
11-26 20:53:17.882  1795  2424 D UntrustedWifiNetworkFactory: got request NetworkRequest [ REQUEST id=10147, [ Capabilities: INTERNET&NOT_RESTRICTED&TRUSTED&NOT_VCN_MANAGED Uid: 10010 RequestorUid: 10010 RequestorPkg: com.chrome.canary UnderlyingNetworks: Null] ]
11-26 20:53:17.882  1795  2424 D OemPaidWifiNetworkFactory: got request NetworkRequest [ REQUEST id=10147, [ Capabilities: INTERNET&NOT_RESTRICTED&TRUSTED&NOT_VCN_MANAGED Uid: 10010 RequestorUid: 10010 RequestorPkg: com.chrome.canary UnderlyingNetworks: Null] ]
11-26 20:53:17.883  1795  2424 D MultiInternetWifiNetworkFactory: got request NetworkRequest [ REQUEST id=10147, [ Capabilities: INTERNET&NOT_RESTRICTED&TRUSTED&NOT_VCN_MANAGED Uid: 10010 RequestorUid: 10010 RequestorPkg: com.chrome.canary UnderlyingNetworks: Null] ]
11-26 20:53:17.883  1795  2432 D ConnectivityService: NetReassign [10147 : null  100] [c 0] [a 0] [i 2]
11-26 20:53:17.887 15375 15375 I cr_CombinedPProvider: #registerProvider() provider:qN2@5ce65a5 isPolicyCacheEnabled:true policyProvidersSize:0
11-26 20:53:17.887 15375 15375 I cr_PolicyProvider: #setManagerAndSource() 0
11-26 20:53:17.887 15375 15375 I cr_CombinedPProvider: #registerProvider() provider:fj@e77bd7a isPolicyCacheEnabled:false policyProvidersSize:1
11-26 20:53:17.888 15375 15375 I cr_PolicyProvider: #setManagerAndSource() 1
11-26 20:53:17.888 15375 15375 I cr_AppResProvider: #getApplicationRestrictionsFromUserManager() Bundle[EMPTY_PARCEL]
11-26 20:53:17.888 15375 15375 I cr_PolicyProvider: #notifySettingsAvailable() 1
11-26 20:53:17.888 15375 15375 I cr_CombinedPProvider: #onSettingsAvailable() 1
11-26 20:53:17.889  1795  2432 D ConnectivityService: NetReassign [no changes] [c 0] [a 1] [i 5]
11-26 20:53:17.890 15463 15487 I AdrenoGLES-0: QUALCOMM build                   : 4783c89, I46ff5fc46f
11-26 20:53:17.890 15463 15487 I AdrenoGLES-0: Build Date                       : 11/30/20
11-26 20:53:17.890 15463 15487 I AdrenoGLES-0: OpenGL ES Shader Compiler Version: EV031.31.04.01
11-26 20:53:17.890 15463 15487 I AdrenoGLES-0: Local Branch                     : QPR2
11-26 20:53:17.890 15463 15487 I AdrenoGLES-0: Remote Branch                    : 
11-26 20:53:17.890 15463 15487 I AdrenoGLES-0: Remote Branch                    : 
11-26 20:53:17.890 15463 15487 I AdrenoGLES-0: Reconstruct Branch               : 
11-26 20:53:17.890 15463 15487 I AdrenoGLES-0: Build Config                     : S P 10.0.4 AArch64
11-26 20:53:17.890 15463 15487 I AdrenoGLES-0: Driver Path                      : /vendor/lib64/egl/libGLESv2_adreno.so
11-26 20:53:17.890 15375 15375 I cr_CompositorSurfaceMgr: Transitioning to surface with format: -1
11-26 20:53:17.892 15375 15375 I cr_CompositorSurfaceMgr: surfaceCreated format: 0
11-26 20:53:17.893 15463 15487 I AdrenoGLES-0: PFP: 0x016dd093, ME: 0x00000000
11-26 20:53:17.895 15463 15487 W AdrenoUtils: <ReadGpuID_from_sysfs:197>: Failed to open /sys/class/kgsl/kgsl-3d0/gpu_model
11-26 20:53:17.895 15463 15487 W AdrenoUtils: <ReadGpuID:221>: Failed to read chip ID from gpu_model. Fallback to use the GSL path
11-26 20:53:17.898 15375 15375 W m.chrome.canary: Accessing hidden method Landroid/telephony/TelephonyManager;->getSubscriberInfoService()Lcom/android/internal/telephony/IPhoneSubInfo; (blocked, reflection, denied)
11-26 20:53:17.898 15375 15375 W m.chrome.canary: Accessing hidden method Landroid/telephony/TelephonyManager;->getSubscriberInfoService()Lcom/android/internal/telephony/IPhoneSubInfo; (blocked, reflection, denied)
11-26 20:53:17.898 15375 15375 W m.chrome.canary: Accessing hidden method Landroid/telephony/TelephonyManager;->getSubscriptionService()Lcom/android/internal/telephony/ISub; (blocked, reflection, denied)
11-26 20:53:17.898 15375 15375 W m.chrome.canary: Accessing hidden method Landroid/telephony/TelephonyManager;->getSubscriptionService()Lcom/android/internal/telephony/ISub; (blocked, reflection, denied)
11-26 20:53:17.899 15375 15375 W m.chrome.canary: Accessing hidden method Landroid/telephony/TelephonyManager;->getSmsService()Lcom/android/internal/telephony/ISms; (blocked, reflection, denied)
11-26 20:53:17.899 15375 15375 W m.chrome.canary: Accessing hidden method Landroid/telephony/TelephonyManager;->getSmsService()Lcom/android/internal/telephony/ISms; (blocked, reflection, denied)
11-26 20:53:17.899 15375 15375 W m.chrome.canary: Accessing hidden method Landroid/telephony/TelephonyManager;->getITelephony()Lcom/android/internal/telephony/ITelephony; (max-target-p, reflection, denied)
11-26 20:53:17.899 15375 15375 W m.chrome.canary: Accessing hidden method Landroid/telephony/TelephonyManager;->getITelephony()Lcom/android/internal/telephony/ITelephony; (max-target-p, reflection, denied)
11-26 20:53:17.912 15463 15487 D vulkan  : searching for layers in '/data/app/~~z5-dMYmQLvS-4mWZ9yqnFA==/com.chrome.canary-7Pcck9f8OWCuqG0lIoq4tg==/lib/arm64'
11-26 20:53:17.912 15463 15487 D vulkan  : searching for layers in '/data/app/~~z5-dMYmQLvS-4mWZ9yqnFA==/com.chrome.canary-7Pcck9f8OWCuqG0lIoq4tg==/base.apk!/lib/arm64-v8a'
11-26 20:53:17.913 15463 15487 D vulkan  : searching for layers in '/data/app/~~xK2KNYhs7Vn18sxJkcMggA==/com.google.android.trichromelibrary.canary_614500033-17M9CAQF6V59_-2q0N8dYA==/base.apk!/lib/arm64-v8a'
11-26 20:53:17.914  1011  1189 I ASH     : @ 375250.085: tcs3701: stop power rail pending_off timer
11-26 20:53:17.914  1011  1189 D ASH     : @ 375250.085: tcs3701: start power rail timer, state:3
11-26 20:53:17.916 15463 15487 I AdrenoVK-0: ===== BEGIN DUMP OF OVERRIDDEN SETTINGS =====
11-26 20:53:17.916 15375 15375 I cr_ChromeTabbedActivity: #initializeState
11-26 20:53:17.916 15463 15487 I AdrenoVK-0: ===== END DUMP OF OVERRIDDEN SETTINGS =====
11-26 20:53:17.917 15463 15487 I AdrenoVK-0: QUALCOMM build          : 4783c89, I46ff5fc46f
11-26 20:53:17.917 15463 15487 I AdrenoVK-0: Build Date              : 11/30/20
11-26 20:53:17.917 15463 15487 I AdrenoVK-0: Shader Compiler Version : EV031.31.04.01
11-26 20:53:17.917 15463 15487 I AdrenoVK-0: Local Branch            : QPR2
11-26 20:53:17.917 15463 15487 I AdrenoVK-0: Remote Branch           : 
11-26 20:53:17.917 15463 15487 I AdrenoVK-0: Remote Branch           : 
11-26 20:53:17.917 15463 15487 I AdrenoVK-0: Reconstruct Branch      : 
11-26 20:53:17.917 15463 15487 I AdrenoVK-0: Build Config            : S P 10.0.4 AArch64
11-26 20:53:17.917 15463 15487 I AdrenoVK-0: Driver Path             : /vendor/lib64/hw/vulkan.adreno.so
11-26 20:53:17.928 15463 15497 W Parcel  : Expecting binder but got null!
11-26 20:53:17.948 15375 15375 E m.chrome.canary: Invalid ID 0x00000000.
11-26 20:53:17.953  1011  1189 I ASH     : @ 375250.125: tcs3701: stop power rail pending_off timer
11-26 20:53:17.953  1011  1189 D ASH     : @ 375250.125: tcs3701: start power rail timer, state:3
11-26 20:53:17.957 26741 26741 D BoundBrokerSvc: onBind: Intent { act=com.google.android.gms.languageprofile.service.START pkg=com.google.android.gms }
11-26 20:53:17.957 26741 26741 D BoundBrokerSvc: Loading bound service for intent: Intent { act=com.google.android.gms.languageprofile.service.START pkg=com.google.android.gms }
11-26 20:53:17.958 26741 26741 E AbstractGmsTracer: Traced class shouldn't be obfuscated: LanguageProfileChimeraService [CONTEXT service_id=259 ]
11-26 20:53:17.962 26741 26741 E AbstractGmsTracer: Traced class shouldn't be obfuscated: GmsIntentOperationChimeraService [CONTEXT service_id=259 ]
11-26 20:53:17.967 26741 15500 E AbstractGmsTracer: Traced class shouldn't be obfuscated: AccountsChangedIntentOperation [CONTEXT service_id=259 ]
11-26 20:53:17.969 15375 15375 V MediaRouter: Selecting route: RouteInfo{ name=Phone, description=null, status=null, category=RouteCategory{ name=System types=ROUTE_TYPE_LIVE_AUDIO ROUTE_TYPE_LIVE_VIDEO  groupable=false }, supportedTypes=ROUTE_TYPE_LIVE_AUDIO ROUTE_TYPE_LIVE_VIDEO , presentationDisplay=null }
11-26 20:53:17.969 15375 15375 I MediaRouter: Skip setBluetoothA2dpOn(): types=8388615, isPlaybackActive()=false, BT route=null
11-26 20:53:17.970 15375 15375 W m.chrome.canary: Accessing hidden field Landroid/media/MediaRouter;->sStatic:Landroid/media/MediaRouter$Static; (max-target-o, reflection, denied)
11-26 20:53:17.971 15375 15375 I GlobalMediaRouter: Found default route: MediaRouter.RouteInfo{ uniqueId=DEFAULT_ROUTE, name=Phone, description=null, iconUri=null, enabled=true, isSystemRoute=true, connectionState=0, canDisconnect=false, playbackType=0, playbackStream=3, deviceType=0, volumeHandling=1, volume=0, volumeMax=25, presentationDisplayId=-1, extras=null, settingsIntent=null, providerPackageName=android }
11-26 20:53:17.971 15375 15375 I GlobalMediaRouter: Unselecting the current route because it is no longer selectable: null
11-26 20:53:17.982 15375 15448 W cr_media: BLUETOOTH_CONNECT permission is missing.
11-26 20:53:17.982 15375 15448 W cr_media: registerBluetoothIntentsIfNeeded: Requires BLUETOOTH permission
11-26 20:53:17.984 15447 15483 I cr_LibraryLoader: Successfully loaded native library
11-26 20:53:17.985 15447 15483 I cr_CachingUmaRecorder: Flushed 3 samples from 3 histograms, 0 samples were dropped.
11-26 20:53:17.993  1011  1189 I ASH     : @ 375250.165: tcs3701: stop power rail pending_off timer
11-26 20:53:17.993  1011  1189 D ASH     : @ 375250.165: tcs3701: start power rail timer, state:3
11-26 20:53:18.015 26837 26849 I FontLog : (REDACTED) Received query %s, URI %s
11-26 20:53:18.016 26837 26849 I FontLog : (REDACTED) Query [%s] resolved to %s
11-26 20:53:18.016 26837 26849 I FontLog : (REDACTED) Font PFD returned from cache for %s
11-26 20:53:18.016 26837 26849 I FontLog : (REDACTED) Fetch %s end status %s
11-26 20:53:18.017  1795  3659 W InputManager-JNI: Input channel object '450d62d Splash Screen com.chrome.canary (client)' was disposed without first being removed with the input manager!
11-26 20:53:18.019 26837 26849 I FontLog : (REDACTED) Pulling font file for id = %d, cache size = %d
11-26 20:53:18.022 26837 26849 I FontLog : (REDACTED) Received query %s, URI %s
11-26 20:53:18.022 26837 26849 I FontLog : (REDACTED) Query [%s] resolved to %s
11-26 20:53:18.022  3875  3875 I dzhj    : onStop
11-26 20:53:18.023 26837 26849 I FontLog : (REDACTED) Fetch %s end status %s
11-26 20:53:18.025  3657  4441 D ForegroundUtils: Foreground UID status:
11-26 20:53:18.025  3657  4441 D ForegroundUtils: UID: 10010 is in foreground: true
11-26 20:53:18.025  3657  4441 D ForegroundUtils: UID: 10128 is in foreground: true
11-26 20:53:18.025  3657  4441 D ForegroundUtils: UID: 10158 is in foreground: true
11-26 20:53:18.025  3657  4441 D ForegroundUtils: UID: 10189 is in foreground: false
11-26 20:53:18.025  3657  4441 D ForegroundUtils: UID: 10194 is in foreground: true
11-26 20:53:18.025  3657  4441 D ForegroundUtils: UID: 10206 is in foreground: false
11-26 20:53:18.025  3657  4441 D ForegroundUtils: UID: 10233 is in foreground: true
11-26 20:53:18.025  3657  4441 D ForegroundUtils: UID: 10244 is in foreground: false
11-26 20:53:18.025  3657  4441 D ForegroundUtils: UID: 10319 is in foreground: true
11-26 20:53:18.025  3657  4441 D ForegroundUtils: UID: 90000 is in foreground: true
11-26 20:53:18.027 26837 26849 I FontLog : (REDACTED) Pulling font file for id = %d, cache size = %d
11-26 20:53:18.028  2940  3994 D OneSearchSuggestProvider: Shut down the binder channel
11-26 20:53:18.028 26837 26849 I FontLog : (REDACTED) Received query %s, URI %s
11-26 20:53:18.028 26837 26849 I FontLog : (REDACTED) Query [%s] resolved to %s
11-26 20:53:18.029 26837 26849 I FontLog : (REDACTED) Font PFD returned from cache for %s
11-26 20:53:18.029 26837 26849 I FontLog : (REDACTED) Fetch %s end status %s
11-26 20:53:18.029  2940  3280 I s.nexuslauncher: oneway function results for code 2 on binder at 0xb4000070951ec050 will be dropped but finished with status UNKNOWN_TRANSACTION
11-26 20:53:18.029 26837 26849 I FontLog : (REDACTED) Pulling font file for id = %d, cache size = %d
11-26 20:53:18.032 26837 26849 I FontLog : (REDACTED) Received query %s, URI %s
11-26 20:53:18.032 26837 26849 I FontLog : (REDACTED) Query [%s] resolved to %s
11-26 20:53:18.034  1011  1189 I ASH     : @ 375250.205: tcs3701: stop power rail pending_off timer
11-26 20:53:18.034  1011  1189 D ASH     : @ 375250.205: tcs3701: start power rail timer, state:3
11-26 20:53:18.035 26837 26849 I FontLog : (REDACTED) Font PFD returned from cache for %s
11-26 20:53:18.035 26837 26849 I FontLog : (REDACTED) Fetch %s end status %s
11-26 20:53:18.036 26837 29465 I FontLog : (REDACTED) Pulling font file for id = %d, cache size = %d
11-26 20:53:18.047 26837 11829 I SQLiteConnectionPool: The connection pool for /data/user/0/com.google.android.gms/databases/metadata.db has been closed but there are still 1 connections in use.  They will be closed as they are released back to the pool.
11-26 20:53:18.047 26741 26741 E AbstractGmsTracer: Traced class shouldn't be obfuscated: LanguageProfileGcmTaskChimeraService [CONTEXT service_id=259 ]
11-26 20:53:18.048 26741 26741 E AbstractGmsTracer: Traced class shouldn't be obfuscated: LanguageProfileGcmTaskChimeraService [CONTEXT service_id=259 ]
11-26 20:53:18.048 26837 15510 W FontLog : Error updating last accessed time for {Google Sans, wdth 100.0, wght 500, ital 0.0, bestEffort false}. [CONTEXT service_id=132 ]
11-26 20:53:18.048 26837 15510 W FontLog : java.lang.IllegalStateException: Cannot perform this operation because the connection pool has been closed.
11-26 20:53:18.048 26837 15510 W FontLog : 	at android.database.sqlite.SQLiteConnectionPool.throwIfClosedLocked(SQLiteConnectionPool.java:1078)
11-26 20:53:18.048 26837 15510 W FontLog : 	at android.database.sqlite.SQLiteConnectionPool.waitForConnection(SQLiteConnectionPool.java:771)
11-26 20:53:18.048 26837 15510 W FontLog : 	at android.database.sqlite.SQLiteConnectionPool.acquireConnection(SQLiteConnectionPool.java:387)
11-26 20:53:18.048 26837 15510 W FontLog : 	at android.database.sqlite.SQLiteSession.acquireConnection(SQLiteSession.java:896)
11-26 20:53:18.048 26837 15510 W FontLog : 	at android.database.sqlite.SQLiteSession.prepare(SQLiteSession.java:588)
11-26 20:53:18.048 26837 15510 W FontLog : 	at android.database.sqlite.SQLiteProgram.<init>(SQLiteProgram.java:62)
11-26 20:53:18.048 26837 15510 W FontLog : 	at android.database.sqlite.SQLiteStatement.<init>(SQLiteStatement.java:34)
11-26 20:53:18.048 26837 15510 W FontLog : 	at android.database.sqlite.SQLiteDatabase.executeSql(SQLiteDatabase.java:2086)
11-26 20:53:18.048 26837 15510 W FontLog : 	at android.database.sqlite.SQLiteDatabase.execSQL(SQLiteDatabase.java:2064)
11-26 20:53:18.048 26837 15510 W FontLog : 	at avsh.run(:com.google.android.gms@234414038@23.44.14 (190400-580326705):68)
11-26 20:53:18.048 26837 15510 W FontLog : 	at ajls.c(:com.google.android.gms@234414038@23.44.14 (190400-580326705):50)
11-26 20:53:18.048 26837 15510 W FontLog : 	at ajls.run(:com.google.android.gms@234414038@23.44.14 (190400-580326705):76)
11-26 20:53:18.048 26837 15510 W FontLog : 	at java.util.concurrent.ThreadPoolExecutor.runWorker(ThreadPoolExecutor.java:1145)
11-26 20:53:18.048 26837 15510 W FontLog : 	at java.util.concurrent.ThreadPoolExecutor$Worker.run(ThreadPoolExecutor.java:644)
11-26 20:53:18.048 26837 15510 W FontLog : 	at ajqx.run(:com.google.android.gms@234414038@23.44.14 (190400-580326705):8)
11-26 20:53:18.048 26837 15510 W FontLog : 	at java.lang.Thread.run(Thread.java:1012)
11-26 20:53:18.049 15463 15498 I AdrenoVK-0: QUALCOMM build          : 4783c89, I46ff5fc46f
11-26 20:53:18.049 15463 15498 I AdrenoVK-0: Build Date              : 11/30/20
11-26 20:53:18.049 15463 15498 I AdrenoVK-0: Shader Compiler Version : EV031.31.04.01
11-26 20:53:18.049 15463 15498 I AdrenoVK-0: Local Branch            : QPR2
11-26 20:53:18.049 15463 15498 I AdrenoVK-0: Remote Branch           : 
11-26 20:53:18.049 15463 15498 I AdrenoVK-0: Remote Branch           : 
11-26 20:53:18.049 15463 15498 I AdrenoVK-0: Reconstruct Branch      : 
11-26 20:53:18.049 15463 15498 I AdrenoVK-0: Build Config            : S P 10.0.4 AArch64
11-26 20:53:18.049 15463 15498 I AdrenoVK-0: Driver Path             : /vendor/lib64/hw/vulkan.adreno.so
11-26 20:53:18.051 26837 28272 I NetworkScheduler.Stats: (REDACTED) Task %s/%s started execution. cause:%s exec_start_elapsed_seconds: %s
11-26 20:53:18.066  2513  2546 W FrameTracker: Missing HWUI jank callback for vsyncId: 193574214, CUJ=J<SPLASHSCREEN_EXIT_ANIM>
11-26 20:53:18.066  2513  2546 W FrameTracker: Missing HWUI jank callback for vsyncId: 193574244, CUJ=J<SPLASHSCREEN_EXIT_ANIM>
11-26 20:53:18.066  2513  2546 W FrameTracker: Missing HWUI jank callback for vsyncId: 193574364, CUJ=J<SPLASHSCREEN_EXIT_ANIM>
11-26 20:53:18.066  2513  2546 W FrameTracker: Missing HWUI jank callback for vsyncId: 193574424, CUJ=J<SPLASHSCREEN_EXIT_ANIM>
11-26 20:53:18.066  2513  2546 W FrameTracker: Missing HWUI jank callback for vsyncId: 193574469, CUJ=J<SPLASHSCREEN_EXIT_ANIM>
11-26 20:53:18.066  2513  2546 W FrameTracker: Missing HWUI jank callback for vsyncId: 193574574, CUJ=J<SPLASHSCREEN_EXIT_ANIM>
11-26 20:53:18.070 15375 15445 W chromium: [WARNING:ev_root_ca_metadata.cc(119)] Not implemented
11-26 20:53:18.073  3563 31203 D MediaProvider: Open with FUSE. FilePath: /storage/emulated/0/Download/batterymanager-companion-1.0.0.zip. Uid: 10010. Media Capabilities Uid: 0. ShouldRedact: false. ShouldTranscode: false
11-26 20:53:18.075  1011  1189 I ASH     : @ 375250.245: tcs3701: stop power rail pending_off timer
11-26 20:53:18.075  1011  1189 D ASH     : @ 375250.245: tcs3701: start power rail timer, state:3
11-26 20:53:18.081  3563 31203 D MediaProvider: Open with FUSE. FilePath: /storage/emulated/0/Download/com.example.batterymanager_utility (1).apk. Uid: 10010. Media Capabilities Uid: 0. ShouldRedact: false. ShouldTranscode: false
11-26 20:53:18.093   595   595 I servicemanager: Could not find android.hardware.graphics.allocator.IAllocator/default in the VINTF manifest.
11-26 20:53:18.094  3563 31203 D MediaProvider: Open with FUSE. FilePath: /storage/emulated/0/Download/com.example.batterymanager_utility.apk. Uid: 10010. Media Capabilities Uid: 0. ShouldRedact: false. ShouldTranscode: false
11-26 20:53:18.097 26837 15510 I NetworkScheduler.Stats: (REDACTED) Task %s/%s finished executing. cause:%s result: %s elapsed_millis: %s uptime_millis: %s exec_start_elapsed_seconds: %s
11-26 20:53:18.101 15463 15514 W VideoCapabilities: Unrecognized level 1879048707 for video/x-vnd.on2.vp8
11-26 20:53:18.101 15463 15514 W VideoCapabilities: Unrecognized profile 1879048704 for video/x-vnd.on2.vp8
11-26 20:53:18.102 15463 15514 W VideoCapabilities: Unrecognized level 1879048707 for video/x-vnd.on2.vp8
11-26 20:53:18.102 15463 15514 W VideoCapabilities: Unrecognized profile 1879048704 for video/x-vnd.on2.vp8
11-26 20:53:18.104 15463 15514 W VideoCapabilities: Unsupported mime image/vnd.android.heic
11-26 20:53:18.105 15463 15514 W VideoCapabilities: Unrecognized level 1879048707 for video/x-vnd.on2.vp8
11-26 20:53:18.105 15463 15514 W VideoCapabilities: Unrecognized profile 1879048704 for video/x-vnd.on2.vp8
11-26 20:53:18.105 15463 15514 W VideoCapabilities: Unrecognized level 1879048707 for video/x-vnd.on2.vp8
11-26 20:53:18.105 15463 15514 W VideoCapabilities: Unrecognized profile 1879048704 for video/x-vnd.on2.vp8
11-26 20:53:18.113  1011  1189 I ASH     : @ 375250.285: tcs3701: stop power rail pending_off timer
11-26 20:53:18.114  1011  1189 D ASH     : @ 375250.285: tcs3701: start power rail timer, state:3
11-26 20:53:18.116 15463 15514 W cr_VAUtil: Unknown profile: 1879048704 for codec video/x-vnd.on2.vp8
11-26 20:53:18.139 15447 15483 I tflite  : Initialized TensorFlow Lite runtime.
11-26 20:53:18.140 15447 15483 W libc    : Access denied finding property "ro.mediatek.platform"
11-26 20:53:18.140 15447 15483 W libc    : Access denied finding property "ro.chipname"
11-26 20:53:18.140 15447 15483 W libc    : Access denied finding property "ro.hardware.chipname"
11-26 20:53:18.154  1011  1189 I ASH     : @ 375250.325: tcs3701: stop power rail pending_off timer
11-26 20:53:18.154  1011  1189 D ASH     : @ 375250.325: tcs3701: start power rail timer, state:3
11-26 20:53:18.161 15375 15438 I tflite  : Initialized TensorFlow Lite runtime.
11-26 20:53:18.166 15375 15438 W libc    : Access denied finding property "ro.mediatek.platform"
11-26 20:53:18.166 15375 15438 W libc    : Access denied finding property "ro.chipname"
11-26 20:53:18.166 15375 15438 W libc    : Access denied finding property "ro.hardware.chipname"
11-26 20:53:18.184 15375 15375 I cr_OfflineIndicator: onConnectionTypeChanged 2
11-26 20:53:18.185 15375 15375 I cr_OfflineIndicator: Reported by system: [ Transports: WIFI Capabilities: NOT_METERED&INTERNET&NOT_RESTRICTED&TRUSTED&NOT_VPN&VALIDATED&NOT_ROAMING&FOREGROUND&NOT_CONGESTED&NOT_SUSPENDED&NOT_VCN_MANAGED LinkUpBandwidth>=4485Kbps LinkDnBandwidth>=58565Kbps TransportInfo: <SSID: <unknown ssid>, BSSID: 02:00:00:00:00:00, MAC: 02:00:00:00:00:00, IP: /192.168.1.104, Security type: 2, Supplicant state: COMPLETED, Wi-Fi standard: 5, RSSI: -49, Link speed: 780Mbps, Tx Link speed: 780Mbps, Max Supported Tx Link speed: 866Mbps, Rx Link speed: 866Mbps, Max Supported Rx Link speed: 866Mbps, Frequency: 5240MHz, Net ID: -1, Metered hint: false, score: 60, isUsable: true, CarrierMerged: false, SubscriptionId: -1, IsPrimary: -1, Trusted: true, Restricted: false, Ephemeral: false, OEM paid: false, OEM private: false, OSU AP: false, FQDN: <none>, Provider friendly name: <none>, Requesting package name: <none><none>MLO Information: , Is TID-To-Link negotiation supported by the AP: false, AP MLD Address: <none>, AP MLO Link Id: <none>, AP MLO Affiliated links: <none>> SignalStrength: -49 UnderlyingNetworks: Null]
11-26 20:53:18.185 15375 15375 I cr_OfflineIndicator: setConnectionState connectionState=4
11-26 20:53:18.185 15375 15375 W Settings: Setting airplane_mode_on has moved from android.provider.Settings.System to android.provider.Settings.Global, returning read-only value.
11-26 20:53:18.185 15375 15375 I cr_OfflineDetector: Received connection change state message. mConnectivityDetectorInitialized: true, mTimeWhenLastForegrounded: 375246999, getElapsedTime: 375247000, mTimeWhenLastOfflineNotificationReceived: 0, mTimeWhenLastOnline: 375247000, mTimeWhenAirplaneModeToggledOff: 0 mApplicationState: 1, mIsOfflineLastReportedByConnectivityDetector: false, mInAirplaneMode: false mIsEffectivelyOffline: false
11-26 20:53:18.185 15375 15375 I cr_OfflineDetector: onConnectionStateChanged(): previousLastReportedStateByOfflineDetector: false
11-26 20:53:18.185 15375 15375 I cr_OfflineDetector: Running updateState mConnectivityDetectorInitialized: true, mTimeWhenLastForegrounded: 375246999, getElapsedTime: 375247000, mTimeWhenLastOfflineNotificationReceived: 0, mTimeWhenLastOnline: 375247000, mTimeWhenAirplaneModeToggledOff: 0 mApplicationState: 1, mIsOfflineLastReportedByConnectivityDetector: false, mInAirplaneMode: false mIsEffectivelyOffline: false
11-26 20:53:18.185 15375 15375 I cr_OfflineDetector: updateState(): timeSinceLastForeground: 1, timeSinceOfflineNotificationReceived: 375247000, timeSinceLastOnline: 0, timeNeededForForeground: 1999, timeNeededForOffline: -375245000 timeSinceAirplaneModeToggledOff: 375247000 timeNeededAfterConnectionChangeFromOnlineToOffline: 10000 timeNeededAfterConnectionChangeFromAirplaneToOffline: 0
11-26 20:53:18.185 15375 15375 I cr_OfflineDetector: Running mUpdateOfflineStatusIndicatorDelayedRunnable start. mConnectivityDetectorInitialized: true, mTimeWhenLastForegrounded: 375246999, getElapsedTime: 375247000, mTimeWhenLastOfflineNotificationReceived: 0, mTimeWhenLastOnline: 375247000, mTimeWhenAirplaneModeToggledOff: 0 mApplicationState: 1, mIsOfflineLastReportedByConnectivityDetector: false, mInAirplaneMode: false mIsEffectivelyOffline: false
11-26 20:53:18.185 15375 15375 I cr_OfflineDetector: Running mUpdateOfflineStatusIndicatorDelayedRunnable end. mConnectivityDetectorInitialized: true, mTimeWhenLastForegrounded: 375246999, getElapsedTime: 375247000, mTimeWhenLastOfflineNotificationReceived: 0, mTimeWhenLastOnline: 375247000, mTimeWhenAirplaneModeToggledOff: 0 mApplicationState: 1, mIsOfflineLastReportedByConnectivityDetector: false, mInAirplaneMode: false mIsEffectivelyOffline: false
11-26 20:53:18.185 15375 15375 I cr_OfflineIndicator: processConnectivityCheckResult mConnectionState=4 mConnectivityCheckingStage=1
11-26 20:53:18.193  1011  1189 I ASH     : @ 375250.365: tcs3701: stop power rail pending_off timer
11-26 20:53:18.193  1011  1189 D ASH     : @ 375250.365: tcs3701: start power rail timer, state:3
11-26 20:53:18.233  1011  1189 I ASH     : @ 375250.405: tcs3701: stop power rail pending_off timer
11-26 20:53:18.233  1011  1189 D ASH     : @ 375250.405: tcs3701: start power rail timer, state:3
11-26 20:53:18.271  1795  3659 D ConnectivityService: requestNetwork for uid/pid:10010/15375 activeRequest: null callbackRequest: 10149 [NetworkRequest [ REQUEST id=10150, [ Capabilities: INTERNET&NOT_RESTRICTED&TRUSTED&NOT_VCN_MANAGED Uid: 10010 RequestorUid: 10010 RequestorPkg: com.chrome.canary UnderlyingNetworks: Null] ]] callback flags: 0 order: 2147483647
11-26 20:53:18.273  1795  2424 D WifiNetworkFactory: got request NetworkRequest [ REQUEST id=10150, [ Capabilities: INTERNET&NOT_RESTRICTED&TRUSTED&NOT_VCN_MANAGED Uid: 10010 RequestorUid: 10010 RequestorPkg: com.chrome.canary UnderlyingNetworks: Null] ]
11-26 20:53:18.273  3563 31203 D MediaProvider: Open with FUSE. FilePath: /storage/emulated/0/Download/batterymanager-companion-1.0.0.zip. Uid: 10010. Media Capabilities Uid: 0. ShouldRedact: false. ShouldTranscode: false
11-26 20:53:18.273  1795  2424 V WifiNetworkFactory: Accepted network request NetworkRequest [ REQUEST id=10150, [ Capabilities: INTERNET&NOT_RESTRICTED&TRUSTED&NOT_VCN_MANAGED Uid: 10010 RequestorUid: 10010 RequestorPkg: com.chrome.canary UnderlyingNetworks: Null] ]
11-26 20:53:18.274  1011  1189 I ASH     : @ 375250.445: tcs3701: stop power rail pending_off timer
11-26 20:53:18.274  1011  1189 D ASH     : @ 375250.445: tcs3701: start power rail timer, state:3
11-26 20:53:18.274  1795  2424 D UntrustedWifiNetworkFactory: got request NetworkRequest [ REQUEST id=10150, [ Capabilities: INTERNET&NOT_RESTRICTED&TRUSTED&NOT_VCN_MANAGED Uid: 10010 RequestorUid: 10010 RequestorPkg: com.chrome.canary UnderlyingNetworks: Null] ]
11-26 20:53:18.275  1795  2432 D ConnectivityService: NetReassign [10150 : null  100] [c 0] [a 0] [i 4]
11-26 20:53:18.278  1795  2424 D OemPaidWifiNetworkFactory: got request NetworkRequest [ REQUEST id=10150, [ Capabilities: INTERNET&NOT_RESTRICTED&TRUSTED&NOT_VCN_MANAGED Uid: 10010 RequestorUid: 10010 RequestorPkg: com.chrome.canary UnderlyingNetworks: Null] ]
11-26 20:53:18.278  1795  2424 D MultiInternetWifiNetworkFactory: got request NetworkRequest [ REQUEST id=10150, [ Capabilities: INTERNET&NOT_RESTRICTED&TRUSTED&NOT_VCN_MANAGED Uid: 10010 RequestorUid: 10010 RequestorPkg: com.chrome.canary UnderlyingNetworks: Null] ]
11-26 20:53:18.278  1795  2432 D ConnectivityService: NetReassign [no changes] [c 0] [a 0] [i 2]
11-26 20:53:18.282 15375 15375 I cr_InactivityTracker: Last background time read from the SharedPreference is:-1.
11-26 20:53:18.283  3563 31203 D MediaProvider: Open with FUSE. FilePath: /storage/emulated/0/Download/com.example.batterymanager_utility (1).apk. Uid: 10010. Media Capabilities Uid: 0. ShouldRedact: false. ShouldTranscode: false
11-26 20:53:18.285 15375 15375 I cr_VideoPersist: Exited picture in picture with reason: 0
11-26 20:53:18.287 15375 15375 I cr_InactivityTracker: Last visible time read from the SharedPreference is:1701028266581.
11-26 20:53:18.289  3563 31203 D MediaProvider: Open with FUSE. FilePath: /storage/emulated/0/Download/com.example.batterymanager_utility.apk. Uid: 10010. Media Capabilities Uid: 0. ShouldRedact: false. ShouldTranscode: false
11-26 20:53:18.300 15375 15375 I cr_PwaRestore: Not showing PWA Restore promo, feature flag is disabled
11-26 20:53:18.309 15375 15375 I cr_InactivityTracker: Last visible time read from the SharedPreference is:1701028398287.
11-26 20:53:18.313  1011  1189 I ASH     : @ 375250.485: tcs3701: stop power rail pending_off timer
11-26 20:53:18.313  1011  1189 D ASH     : @ 375250.485: tcs3701: start power rail timer, state:3
11-26 20:53:18.315 15375 15437 W chromium: [WARNING:ev_root_ca_metadata.cc(119)] Not implemented
11-26 20:53:18.333 15375 15375 I Choreographer: Skipped 61 frames!  The application may be doing too much work on its main thread.
11-26 20:53:18.354  1011  1189 I ASH     : @ 375250.525: tcs3701: stop power rail pending_off timer
11-26 20:53:18.354  1011  1189 D ASH     : @ 375250.525: tcs3701: start power rail timer, state:3
11-26 20:53:18.365 15375 15441 W chromium: [WARNING:ev_root_ca_metadata.cc(119)] Not implemented
11-26 20:53:18.365 15375 15441 W chromium: [WARNING:ev_root_ca_metadata.cc(119)] Not implemented
11-26 20:53:18.393  1011  1189 I ASH     : @ 375250.565: tcs3701: stop power rail pending_off timer
11-26 20:53:18.393  1011  1189 D ASH     : @ 375250.565: tcs3701: start power rail timer, state:3
11-26 20:53:18.425  1795  4170 D CompatibilityChangeReporter: Compat change id reported: 214016041; UID 10010; state: ENABLED
11-26 20:53:18.428  3375  3375 I GoogleInputMethodService: GoogleInputMethodService.onFinishInput():3154 
11-26 20:53:18.428 15375 15375 I cr_PolicyProvider: #notifySettingsAvailable() 0
11-26 20:53:18.428 15375 15375 I cr_CombinedPProvider: #onSettingsAvailable() 0
11-26 20:53:18.428 15375 15375 I cr_CombinedPProvider: #flushPolicies()
11-26 20:53:18.428 15375 15375 I cr_PolicyService: #onPolicyServiceInitialized()
11-26 20:53:18.429 15375 15375 I cr_PolicyProvider: #notifySettingsAvailable() 0
11-26 20:53:18.429 15375 15375 I cr_CombinedPProvider: #onSettingsAvailable() 0
11-26 20:53:18.429 15375 15375 I cr_CombinedPProvider: #flushPolicies()
11-26 20:53:18.429  3375  3375 I GoogleInputMethodService: GoogleInputMethodService.updateDeviceLockedStatus():2088 repeatCheckTimes = 0, locked = false
11-26 20:53:18.429  3375  3375 I GoogleInputMethodService: GoogleInputMethodService.onStartInput():1883 onStartInput(EditorInfo{EditorInfo{packageName=com.chrome.canary, inputType=0, inputTypeString=NULL, enableLearning=false, autoCorrection=false, autoComplete=false, imeOptions=12000000, privateImeOptions=null, actionName=UNSPECIFIED, actionLabel=null, initialSelStart=-1, initialSelEnd=-1, initialCapsMode=0, label=null, fieldId=-1, fieldName=null, extras=null, hintText=null, hintLocales=[]}}, false)
11-26 20:53:18.430  3375  3375 I GoogleInputMethodService: GoogleInputMethodService.updateDeviceLockedStatus():2088 repeatCheckTimes = 1, locked = false
11-26 20:53:18.434  1011  1189 I ASH     : @ 375250.605: tcs3701: stop power rail pending_off timer
11-26 20:53:18.435  1011  1189 D ASH     : @ 375250.605: tcs3701: start power rail timer, state:3
11-26 20:53:18.448 15375 15375 V MediaRouter: Selecting route: RouteInfo{ name=Phone, description=null, status=null, category=RouteCategory{ name=System types=ROUTE_TYPE_LIVE_AUDIO ROUTE_TYPE_LIVE_VIDEO  groupable=false }, supportedTypes=ROUTE_TYPE_LIVE_AUDIO ROUTE_TYPE_LIVE_VIDEO , presentationDisplay=null }
11-26 20:53:18.474  1011  1189 I ASH     : @ 375250.645: tcs3701: stop power rail pending_off timer
11-26 20:53:18.474  1011  1189 D ASH     : @ 375250.646: tcs3701: start power rail timer, state:3
11-26 20:53:18.513  1011  1189 I ASH     : @ 375250.685: tcs3701: stop power rail pending_off timer
11-26 20:53:18.513  1011  1189 D ASH     : @ 375250.685: tcs3701: start power rail timer, state:3
11-26 20:53:18.553  1011  1189 I ASH     : @ 375250.725: tcs3701: stop power rail pending_off timer
11-26 20:53:18.553  1011  1189 D ASH     : @ 375250.725: tcs3701: start power rail timer, state:3
11-26 20:53:18.593  1011  1189 I ASH     : @ 375250.765: tcs3701: stop power rail pending_off timer
11-26 20:53:18.593  1011  1189 D ASH     : @ 375250.765: tcs3701: start power rail timer, state:3
11-26 20:53:18.615  1795  2467 D ActivityManager: freezer override set to true
11-26 20:53:18.633  1011  1189 I ASH     : @ 375250.805: tcs3701: stop power rail pending_off timer
11-26 20:53:18.633  1011  1189 D ASH     : @ 375250.805: tcs3701: start power rail timer, state:3
11-26 20:53:18.673  1011  1189 I ASH     : @ 375250.845: tcs3701: stop power rail pending_off timer
11-26 20:53:18.673  1011  1189 D ASH     : @ 375250.845: tcs3701: start power rail timer, state:3
11-26 20:53:18.713  1011  1189 I ASH     : @ 375250.885: tcs3701: stop power rail pending_off timer
11-26 20:53:18.713  1011  1189 D ASH     : @ 375250.885: tcs3701: start power rail timer, state:3
11-26 20:53:18.754  1011  1189 I ASH     : @ 375250.925: tcs3701: stop power rail pending_off timer
11-26 20:53:18.754  1011  1189 D ASH     : @ 375250.925: tcs3701: start power rail timer, state:3
11-26 20:53:18.758 15375 15437 I cr_ADCP : No customization source found
11-26 20:53:18.760 26837 26837 D BoundBrokerSvc: onBind: Intent { act=com.google.android.gms.icing.LIGHTWEIGHT_INDEX_SERVICE pkg=com.google.android.gms }
11-26 20:53:18.760 26837 26837 D BoundBrokerSvc: Loading bound service for intent: Intent { act=com.google.android.gms.icing.LIGHTWEIGHT_INDEX_SERVICE pkg=com.google.android.gms }
11-26 20:53:18.761 26837 26837 E AbstractGmsTracer: Traced class shouldn't be obfuscated: LightweightIndexChimeraService [CONTEXT service_id=259 ]
11-26 20:53:18.764 15375 15437 E cr_PartnerBMReader: ATTENTION: not using partner bookmarks as none were provided
11-26 20:53:18.793  1011  1189 I ASH     : @ 375250.965: tcs3701: stop power rail pending_off timer
11-26 20:53:18.793  1011  1189 D ASH     : @ 375250.965: tcs3701: start power rail timer, state:3
11-26 20:53:18.833  1011  1189 I ASH     : @ 375251.005: tcs3701: stop power rail pending_off timer
11-26 20:53:18.834  1011  1189 D ASH     : @ 375251.005: tcs3701: start power rail timer, state:3
11-26 20:53:18.873  1011  1189 I ASH     : @ 375251.045: tcs3701: stop power rail pending_off timer
11-26 20:53:18.873  1011  1189 D ASH     : @ 375251.045: tcs3701: start power rail timer, state:3
11-26 20:53:18.913  1011  1189 I ASH     : @ 375251.085: tcs3701: stop power rail pending_off timer
11-26 20:53:18.913  1011  1189 D ASH     : @ 375251.085: tcs3701: start power rail timer, state:3
11-26 20:53:18.954  1011  1189 I ASH     : @ 375251.125: tcs3701: stop power rail pending_off timer
11-26 20:53:18.954  1011  1189 D ASH     : @ 375251.125: tcs3701: start power rail timer, state:3
11-26 20:53:18.993  1011  1189 I ASH     : @ 375251.165: tcs3701: stop power rail pending_off timer
11-26 20:53:18.993  1011  1189 D ASH     : @ 375251.165: tcs3701: start power rail timer, state:3
11-26 20:53:19.033  1011  1189 I ASH     : @ 375251.205: tcs3701: stop power rail pending_off timer
11-26 20:53:19.033  1011  1189 D ASH     : @ 375251.205: tcs3701: start power rail timer, state:3
11-26 20:53:19.073  1011  1189 I ASH     : @ 375251.245: tcs3701: stop power rail pending_off timer
11-26 20:53:19.074  1011  1189 D ASH     : @ 375251.245: tcs3701: start power rail timer, state:3
11-26 20:53:19.109  1795  2467 D ActivityManager: freezer override set to false
11-26 20:53:19.113  1011  1189 I ASH     : @ 375251.285: tcs3701: stop power rail pending_off timer
11-26 20:53:19.113  1011  1189 D ASH     : @ 375251.285: tcs3701: start power rail timer, state:3
11-26 20:53:19.114 15375 15375 I Choreographer: Skipped 42 frames!  The application may be doing too much work on its main thread.
11-26 20:53:19.153  1011  1189 I ASH     : @ 375251.325: tcs3701: stop power rail pending_off timer
11-26 20:53:19.153  1011  1189 D ASH     : @ 375251.325: tcs3701: start power rail timer, state:3
11-26 20:53:19.195  1011  1189 I ASH     : @ 375251.365: tcs3701: stop power rail pending_off timer
11-26 20:53:19.195  1011  1189 D ASH     : @ 375251.365: tcs3701: start power rail timer, state:3
11-26 20:53:19.202 26741 26741 D BoundBrokerSvc: onBind: Intent { act=com.google.android.gms.feedback.internal.IFeedbackService dat=chimera-action:/... cmp=com.google.android.gms/.chimera.GmsBoundBrokerService }
11-26 20:53:19.202 26741 26741 D BoundBrokerSvc: Loading bound service for intent: Intent { act=com.google.android.gms.feedback.internal.IFeedbackService dat=chimera-action:/... cmp=com.google.android.gms/.chimera.GmsBoundBrokerService }
11-26 20:53:19.203 26741 26741 E AbstractGmsTracer: Traced class shouldn't be obfuscated: FeedbackBoundService [CONTEXT service_id=259 ]
11-26 20:53:19.209 26837 26837 E AbstractGmsTracer: Traced class shouldn't be obfuscated: LockboxBrokerChimeraService [CONTEXT service_id=259 ]
11-26 20:53:19.218 26741 26741 E AbstractGmsTracer: Traced class shouldn't be obfuscated: AppIndexingChimeraService [CONTEXT service_id=259 ]
11-26 20:53:19.233 26741 26741 E AbstractGmsTracer: Traced class shouldn't be obfuscated: IndexChimeraService [CONTEXT service_id=259 ]
11-26 20:53:19.233  1011  1189 I ASH     : @ 375251.405: tcs3701: stop power rail pending_off timer
11-26 20:53:19.233  1011  1189 D ASH     : @ 375251.405: tcs3701: start power rail timer, state:3
11-26 20:53:19.244 26741 26741 E AbstractGmsTracer: Traced class shouldn't be obfuscated: IndexWorkerChimeraService [CONTEXT service_id=259 ]
11-26 20:53:19.258 26741 26781 I Icing   : IndexChimeraService.getServiceInterface callingPackage=com.google.android.gms componentName=null serviceId=30
11-26 20:53:19.266 26741 26741 E AbstractGmsTracer: Traced class shouldn't be obfuscated: GmsBoundBrokerChimeraService [CONTEXT service_id=259 ]
11-26 20:53:19.267 26741 26741 D BoundBrokerSvc: onBind: Intent { act=com.google.android.gms.common.BIND_SHARED_PREFS pkg=com.google.android.gms }
11-26 20:53:19.267 26741 26741 D BoundBrokerSvc: Loading bound service for intent: Intent { act=com.google.android.gms.common.BIND_SHARED_PREFS pkg=com.google.android.gms }
11-26 20:53:19.267 26741 26741 E AbstractGmsTracer: Traced class shouldn't be obfuscated: SharedPreferencesBoundService [CONTEXT service_id=259 ]
11-26 20:53:19.270 26837 26837 D BoundBrokerSvc: onBind: Intent { act=com.google.android.gms.icing.LIGHTWEIGHT_INDEX_SERVICE dat=chimera-action:/... cmp=com.google.android.gms/.chimera.PersistentApiService }
11-26 20:53:19.270 26837 26837 D BoundBrokerSvc: Loading bound service for intent: Intent { act=com.google.android.gms.icing.LIGHTWEIGHT_INDEX_SERVICE dat=chimera-action:/... cmp=com.google.android.gms/.chimera.PersistentApiService }
11-26 20:53:19.273  1011  1189 I ASH     : @ 375251.445: tcs3701: stop power rail pending_off timer
11-26 20:53:19.273  1011  1189 D ASH     : @ 375251.445: tcs3701: start power rail timer, state:3
11-26 20:53:19.277 26741 26741 D BoundBrokerSvc: onUnbind: Intent { act=com.google.android.gms.common.BIND_SHARED_PREFS pkg=com.google.android.gms }
11-26 20:53:19.284 26837 29465 I Auth    : [RequestTokenOperation] Facet event logged for AUTH_ACCOUNT_BASE_TOKEN_RETURNED [CONTEXT service_id=343 ]
11-26 20:53:19.288 26837 26837 D BoundBrokerSvc: onBind: Intent { act=com.google.android.gms.auth.account.workaccount.START dat=chimera-action:/... cmp=com.google.android.gms/.chimera.PersistentApiService }
11-26 20:53:19.288 26837 26837 D BoundBrokerSvc: Loading bound service for intent: Intent { act=com.google.android.gms.auth.account.workaccount.START dat=chimera-action:/... cmp=com.google.android.gms/.chimera.PersistentApiService }
11-26 20:53:19.289 26837 26837 E AbstractGmsTracer: Traced class shouldn't be obfuscated: WorkAccountApiService [CONTEXT service_id=259 ]
11-26 20:53:19.301  1795  4170 D CompatibilityChangeReporter: Compat change id reported: 161252188; UID 10010; state: DISABLED
11-26 20:53:19.305 26741 17963 I Icing   : Usage reports ok 2, Failed Usage reports 0, indexed 1, rejected 0
11-26 20:53:19.313  1011  1189 I ASH     : @ 375251.485: tcs3701: stop power rail pending_off timer
11-26 20:53:19.313  1011  1189 D ASH     : @ 375251.485: tcs3701: start power rail timer, state:3
11-26 20:53:19.337 15375 15438 W chromium: [WARNING:ev_root_ca_metadata.cc(119)] Not implemented
11-26 20:53:19.337 15375 15438 W chromium: [WARNING:ev_root_ca_metadata.cc(119)] Not implemented
11-26 20:53:19.353  1011  1189 I ASH     : @ 375251.525: tcs3701: stop power rail pending_off timer
11-26 20:53:19.353  1011  1189 D ASH     : @ 375251.525: tcs3701: start power rail timer, state:3
11-26 20:53:19.390  1795  2467 D ActivityManager: freezer override set to true
