11-26 20:51:05.651 26741 26741 E AbstractGmsTracer: Traced class shouldn't be obfuscated: AppIndexingChimeraService [CONTEXT service_id=259 ]
11-26 20:51:05.658 26741 26741 E AbstractGmsTracer: Traced class shouldn't be obfuscated: IndexChimeraService [CONTEXT service_id=259 ]
11-26 20:51:05.667 26741 26741 E AbstractGmsTracer: Traced class shouldn't be obfuscated: IndexWorkerChimeraService [CONTEXT service_id=259 ]
11-26 20:51:05.673  1011  1189 I ASH     : @ 375117.845: tcs3701: stop power rail pending_off timer
11-26 20:51:05.673  1011  1189 D ASH     : @ 375117.845: tcs3701: start power rail timer, state:3
11-26 20:51:05.674 26741 26767 I Icing   : IndexChimeraService.getServiceInterface callingPackage=com.google.android.gms componentName=null serviceId=30
11-26 20:51:05.676 26741 26741 E AbstractGmsTracer: Traced class shouldn't be obfuscated: GmsBoundBrokerChimeraService [CONTEXT service_id=259 ]
11-26 20:51:05.676 26741 26741 D BoundBrokerSvc: onBind: Intent { act=com.google.android.gms.common.BIND_SHARED_PREFS pkg=com.google.android.gms }
11-26 20:51:05.676 26741 26741 D BoundBrokerSvc: Loading bound service for intent: Intent { act=com.google.android.gms.common.BIND_SHARED_PREFS pkg=com.google.android.gms }
11-26 20:51:05.677 26741 26741 E AbstractGmsTracer: Traced class shouldn't be obfuscated: SharedPreferencesBoundService [CONTEXT service_id=259 ]
11-26 20:51:05.685 26837 26837 D BoundBrokerSvc: onBind: Intent { act=com.google.android.gms.icing.LIGHTWEIGHT_INDEX_SERVICE dat=chimera-action:/... cmp=com.google.android.gms/.chimera.PersistentApiService }
11-26 20:51:05.685 26837 26837 D BoundBrokerSvc: Loading bound service for intent: Intent { act=com.google.android.gms.icing.LIGHTWEIGHT_INDEX_SERVICE dat=chimera-action:/... cmp=com.google.android.gms/.chimera.PersistentApiService }
11-26 20:51:05.686 26741 26741 D BoundBrokerSvc: onUnbind: Intent { act=com.google.android.gms.common.BIND_SHARED_PREFS pkg=com.google.android.gms }
11-26 20:51:05.713  1011  1189 I ASH     : @ 375117.885: tcs3701: stop power rail pending_off timer
11-26 20:51:05.713  1011  1189 D ASH     : @ 375117.885: tcs3701: start power rail timer, state:3
11-26 20:51:05.723 26837 27260 I Auth    : [RequestTokenOperation] Facet event logged for AUTH_ACCOUNT_BASE_TOKEN_RETURNED [CONTEXT service_id=343 ]
11-26 20:51:05.729 26837 26837 D BoundBrokerSvc: onBind: Intent { act=com.google.android.gms.auth.account.workaccount.START dat=chimera-action:/... cmp=com.google.android.gms/.chimera.PersistentApiService }
11-26 20:51:05.729 26837 26837 D BoundBrokerSvc: Loading bound service for intent: Intent { act=com.google.android.gms.auth.account.workaccount.START dat=chimera-action:/... cmp=com.google.android.gms/.chimera.PersistentApiService }
11-26 20:51:05.729 26837 26837 E AbstractGmsTracer: Traced class shouldn't be obfuscated: WorkAccountApiService [CONTEXT service_id=259 ]
11-26 20:51:05.730  1795  3658 D CompatibilityChangeReporter: Compat change id reported: 161252188; UID 10010; state: DISABLED
11-26 20:51:05.734 26741 17964 I Icing   : Usage reports ok 3, Failed Usage reports 0, indexed 2, rejected 0
11-26 20:51:05.754  1011  1189 I ASH     : @ 375117.925: tcs3701: stop power rail pending_off timer
11-26 20:51:05.754  1011  1189 D ASH     : @ 375117.925: tcs3701: start power rail timer, state:3
11-26 20:51:05.794  1011  1189 I ASH     : @ 375117.965: tcs3701: stop power rail pending_off timer
11-26 20:51:05.794  1011  1189 D ASH     : @ 375117.965: tcs3701: start power rail timer, state:3
11-26 20:51:05.800 11863 11927 W chromium: [WARNING:ev_root_ca_metadata.cc(119)] Not implemented
11-26 20:51:05.801 11863 11927 W chromium: [WARNING:ev_root_ca_metadata.cc(119)] Not implemented
11-26 20:51:05.820  1795  3784 D ActivityManager: freezer override set to true
11-26 20:51:05.834  1011  1189 I ASH     : @ 375118.005: tcs3701: stop power rail pending_off timer
11-26 20:51:05.834  1011  1189 D ASH     : @ 375118.005: tcs3701: start power rail timer, state:3
11-26 20:51:05.874  1011  1189 I ASH     : @ 375118.045: tcs3701: stop power rail pending_off timer
11-26 20:51:05.874  1011  1189 D ASH     : @ 375118.045: tcs3701: start power rail timer, state:3
11-26 20:51:05.880  1795  2120 D CompatibilityChangeReporter: Compat change id reported: 143937733; UID 10010; state: ENABLED
11-26 20:51:05.890 11912 11912 D Zygote  : Forked child process 12051
11-26 20:51:05.891 12051 12051 E libc    : SetHeapTaggingLevel: re-enabling tagging after it was disabled is not supported
11-26 20:51:05.892  1795  2120 I ActivityManager: Start proc 12051:com.chrome.canary:sandboxed_process0:org.chromium.content.app.SandboxedProcessService0:1/u0ai1 for  {com.chrome.canary/org.chromium.content.app.SandboxedProcessService0:1}
11-26 20:51:05.897 12051 12051 I ocessService0:1: Using CollectorTypeCC GC.
11-26 20:51:05.904  1383  1442 I adbd    : jdwp connection from 12051
11-26 20:51:05.913  3657  4525 D ForegroundUtils: Foreground UID status:
11-26 20:51:05.913  3657  4525 D ForegroundUtils: UID: 10010 is in foreground: true
11-26 20:51:05.913  3657  4525 D ForegroundUtils: UID: 10128 is in foreground: true
11-26 20:51:05.913  3657  4525 D ForegroundUtils: UID: 10158 is in foreground: true
11-26 20:51:05.913  3657  4525 D ForegroundUtils: UID: 10189 is in foreground: false
11-26 20:51:05.913  3657  4525 D ForegroundUtils: UID: 10194 is in foreground: true
11-26 20:51:05.913  3657  4525 D ForegroundUtils: UID: 10206 is in foreground: false
11-26 20:51:05.913  3657  4525 D ForegroundUtils: UID: 10233 is in foreground: true
11-26 20:51:05.913  3657  4525 D ForegroundUtils: UID: 10244 is in foreground: false
11-26 20:51:05.913  3657  4525 D ForegroundUtils: UID: 10319 is in foreground: true
11-26 20:51:05.913  3657  4525 D ForegroundUtils: UID: 90000 is in foreground: true
11-26 20:51:05.913  3657  4525 D ForegroundUtils: UID: 90001 is in foreground: true
11-26 20:51:05.914  1011  1189 I ASH     : @ 375118.085: tcs3701: stop power rail pending_off timer
11-26 20:51:05.914  1011  1189 D ASH     : @ 375118.085: tcs3701: start power rail timer, state:3
11-26 20:51:05.914 12051 12051 I ActivityThread: Relaunch all activities: onCoreSettingsChange
11-26 20:51:05.915 12051 12051 D CompatibilityChangeReporter: Compat change id reported: 171979766; UID 90001; state: ENABLED
11-26 20:51:05.927 12051 12051 I LoadedApk: No resource references to update in package com.google.android.trichromelibrary.canary
11-26 20:51:05.927 12051 12051 D NetworkSecurityConfig: Using Network Security Config from resource 0_resource_name_obfuscated debugBuild: false
11-26 20:51:05.928 12051 12051 D NetworkSecurityConfig: Using Network Security Config from resource 0_resource_name_obfuscated debugBuild: false
11-26 20:51:05.929 12051 12051 I cr_SplitCompatApp: Launched version=121.0.6145.0 minSdkVersion=29 isBundle=true processName=com.chrome.canary:sandboxed_process0:org.chromium.content.app.SandboxedProcessService0:1 isIsolated=true
11-26 20:51:05.935 12051 12051 W SystemServiceRegistry: No service published for: uimode
11-26 20:51:05.940 12051 12051 I cr_ChildProcessService: Creating new ChildProcessService pid=12051
11-26 20:51:05.950 12051 12068 I cr_LibraryLoader: Successfully loaded native library
11-26 20:51:05.951 12051 12068 I cr_CachingUmaRecorder: Flushed 3 samples from 3 histograms, 0 samples were dropped.
11-26 20:51:05.954  1011  1189 I ASH     : @ 375118.125: tcs3701: stop power rail pending_off timer
11-26 20:51:05.954  1011  1189 D ASH     : @ 375118.125: tcs3701: start power rail timer, state:3
11-26 20:51:05.983 11863 11898 I m.chrome.canary: Explicit concurrent copying GC freed 600355(24MB) AllocSpace objects, 29(1028KB) LOS objects, 75% free, 8292KB/32MB, paused 578us,24us total 55.707ms
11-26 20:51:05.994  1011  1189 I ASH     : @ 375118.165: tcs3701: stop power rail pending_off timer
11-26 20:51:05.994  1011  1189 D ASH     : @ 375118.165: tcs3701: start power rail timer, state:3
11-26 20:51:06.027  1795  3784 D ActivityManager: freezer override set to false
11-26 20:51:06.032 12051 12068 I chromium: [INFO:child_process_service.cc(69)] ChildProcessService: Exiting child process.
11-26 20:51:06.034 12051 12051 I cr_ChildProcessService: Destroying ChildProcessService pid=12051
11-26 20:51:06.034  1011  1189 I ASH     : @ 375118.205: tcs3701: stop power rail pending_off timer
11-26 20:51:06.034  1011  1189 D ASH     : @ 375118.205: tcs3701: start power rail timer, state:3
11-26 20:51:06.034  1795  3784 I ActivityManager: Killing 12051:com.chrome.canary:sandboxed_process0:org.chromium.content.app.SandboxedProcessService0:1/u0a10i-8999 (adj 0): isolated not needed
11-26 20:51:06.046  1795  2145 I libprocessgroup: Successfully killed process cgroup uid 90001 pid 12051 in 10ms
11-26 20:51:06.062 11912 11912 I Zygote  : Process 12051 exited due to signal 9 (Killed)
11-26 20:51:06.063 11863 11863 W chromium: [WARNING:compositor_view.cc(339)] Child process died (type=6) pid=12051)
11-26 20:51:06.068  3657  4525 D ForegroundUtils: UID: 90001 deleted.
11-26 20:51:06.074  1011  1189 I ASH     : @ 375118.245: tcs3701: stop power rail pending_off timer
11-26 20:51:06.074  1011  1189 D ASH     : @ 375118.245: tcs3701: start power rail timer, state:3
11-26 20:51:06.078  1795  3784 D ActivityManager: freezer override set to true
11-26 20:51:06.079  1795  2150 E system_server: updateValue is called with a value 35236099, which is lower than the previous value 35267378
11-26 20:51:06.080  1795  2150 E system_server: updateValue is called with a value 24, which is lower than the previous value 37
11-26 20:51:06.080  1795  3784 D ActivityManager: freezer override set to false
11-26 20:51:06.114  1011  1189 I ASH     : @ 375118.285: tcs3701: stop power rail pending_off timer
11-26 20:51:06.115  1011  1189 D ASH     : @ 375118.285: tcs3701: start power rail timer, state:3
11-26 20:51:06.118  1795  3784 D ActivityManager: freezer override set to true
11-26 20:51:06.120  1795  3784 D ActivityManager: freezer override set to false
11-26 20:51:06.154  1011  1189 I ASH     : @ 375118.325: tcs3701: stop power rail pending_off timer
11-26 20:51:06.154  1011  1189 D ASH     : @ 375118.325: tcs3701: start power rail timer, state:3
11-26 20:51:06.193  1011  1189 I ASH     : @ 375118.365: tcs3701: stop power rail pending_off timer
11-26 20:51:06.193  1011  1189 D ASH     : @ 375118.365: tcs3701: start power rail timer, state:3
11-26 20:51:06.224  1795  3784 D ActivityManager: freezer override set to true
11-26 20:51:06.228  1795  3784 D ActivityManager: freezer override set to false
11-26 20:51:06.234  1011  1189 I ASH     : @ 375118.405: tcs3701: stop power rail pending_off timer
11-26 20:51:06.234  1011  1189 D ASH     : @ 375118.405: tcs3701: start power rail timer, state:3
11-26 20:51:06.274  1011  1189 I ASH     : @ 375118.445: tcs3701: stop power rail pending_off timer
11-26 20:51:06.274  1011  1189 D ASH     : @ 375118.445: tcs3701: start power rail timer, state:3
11-26 20:51:06.296  1795  3784 I ActivityManager: Background started FGS: Allowed [callingPackage: com.android.shell; callingUid: 2000; uidState: NONE; intent: Intent { cmp=com.example.batterymanager_utility/.DataCollectionService (has extras) }; code:SYSTEM_UID; tempAllowListReason:<,reasonCode:SYSTEM_ALLOW_LISTED,duration:9223372036854775807,callingUid:-1>; targetSdkVersion:33; callerTargetSdkVersion:33; startForegroundCount:0; bindFromPackage:null]
11-26 20:51:06.303  8427  8427 I BatteryMgr:DataCollectionService: onStartCommand: begin
11-26 20:51:06.304  8427  8427 I BatteryMgr:DataCollectionService: onStartCommand: sampleRate => 100
11-26 20:51:06.304  8427  8427 I BatteryMgr:DataCollectionService: onStartCommand: rawFields => Timestamp,BATTERY_PROPERTY_CURRENT_NOW,EXTRA_VOLTAGE,BATTERY_PROPERTY_CURRENT_AVERAGE,BATTERY_PROPERTY_CHARGE_COUNTER,BATTERY_PROPERTY_CAPACITY
11-26 20:51:06.305  8427  8427 I BatteryMgr:DataCollectionService: onStartCommand: notification done
11-26 20:51:06.308  8427  8427 I BatteryMgr:DataCollectionService: started foreground
11-26 20:51:06.310  8427  8469 I BatteryMgr:DataCollectionService: collectData: begin
11-26 20:51:06.315  8427  8469 I BatteryMgr:DataCollectionService: stats => 1701028266315,10986,4447,2136,4169000,100
11-26 20:51:06.315  1011  1189 I ASH     : @ 375118.485: tcs3701: stop power rail pending_off timer
11-26 20:51:06.315  1011  1189 D ASH     : @ 375118.485: tcs3701: start power rail timer, state:3
11-26 20:51:06.353  1011  1189 I ASH     : @ 375118.525: tcs3701: stop power rail pending_off timer
11-26 20:51:06.353  1011  1189 D ASH     : @ 375118.525: tcs3701: start power rail timer, state:3
11-26 20:51:06.394  1011  1189 I ASH     : @ 375118.565: tcs3701: stop power rail pending_off timer
11-26 20:51:06.394  1011  1189 D ASH     : @ 375118.566: tcs3701: start power rail timer, state:3
11-26 20:51:06.418  1039  1095 D rlsservice: MonitorDisplayStatus client num 0, display status 1, sensor status 0
11-26 20:51:06.423  8427  8469 I BatteryMgr:DataCollectionService: stats => 1701028266423,10986,4447,2136,4169000,100
11-26 20:51:06.433  1011  1189 I ASH     : @ 375118.605: tcs3701: stop power rail pending_off timer
11-26 20:51:06.434  1011  1189 D ASH     : @ 375118.605: tcs3701: start power rail timer, state:3
11-26 20:51:06.474  1011  1189 I ASH     : @ 375118.645: tcs3701: stop power rail pending_off timer
11-26 20:51:06.474  1011  1189 D ASH     : @ 375118.645: tcs3701: start power rail timer, state:3
11-26 20:51:06.494  1795  3784 D CompatibilityChangeReporter: Compat change id reported: 161252188; UID 10010; state: DISABLED
11-26 20:51:06.494  1795  3784 I ActivityTaskManager: START u0 {act=android.intent.action.VIEW dat=https://playground.babylonjs.com/... flg=0x10000000 cmp=com.chrome.canary/com.google.android.apps.chrome.Main} from uid 2000
11-26 20:51:06.495  1795  3784 D CompatibilityChangeReporter: Compat change id reported: 265464455; UID 10010; state: DISABLED
11-26 20:51:06.495  1795  3784 D CompatibilityChangeReporter: Compat change id reported: 265452344; UID 10010; state: DISABLED
11-26 20:51:06.496  1795  3784 D CompatibilityChangeReporter: Compat change id reported: 266124927; UID 10010; state: DISABLED
11-26 20:51:06.496  1795  3784 D CompatibilityChangeReporter: Compat change id reported: 265451093; UID 10010; state: DISABLED
11-26 20:51:06.496  1795  3784 D CompatibilityChangeReporter: Compat change id reported: 265456536; UID 10010; state: DISABLED
11-26 20:51:06.496  1795  3784 D CompatibilityChangeReporter: Compat change id reported: 255940284; UID 10010; state: DISABLED
11-26 20:51:06.496  1795  3784 D CompatibilityChangeReporter: Compat change id reported: 236283604; UID 10010; state: DISABLED
11-26 20:51:06.496  1795  3784 D CompatibilityChangeReporter: Compat change id reported: 263959004; UID 10010; state: DISABLED
11-26 20:51:06.496  1795  3784 D CompatibilityChangeReporter: Compat change id reported: 264304459; UID 10010; state: DISABLED
11-26 20:51:06.496  1795  3784 D CompatibilityChangeReporter: Compat change id reported: 264301586; UID 10010; state: DISABLED
11-26 20:51:06.497  1795  3784 D CompatibilityChangeReporter: Compat change id reported: 254631730; UID 10010; state: DISABLED
11-26 20:51:06.497  1795  3784 D CompatibilityChangeReporter: Compat change id reported: 273509367; UID 10010; state: DISABLED
11-26 20:51:06.497  1795  3784 D CompatibilityChangeReporter: Compat change id reported: 263259275; UID 10010; state: DISABLED
11-26 20:51:06.497  1795  3784 D CompatibilityChangeReporter: Compat change id reported: 194480991; UID 10010; state: ENABLED
11-26 20:51:06.498  1795  3784 D CompatibilityChangeReporter: Compat change id reported: 174042980; UID 10010; state: DISABLED
11-26 20:51:06.499  1795  3784 D CompatibilityChangeReporter: Compat change id reported: 181136395; UID 10010; state: DISABLED
11-26 20:51:06.499  1795  3784 D CompatibilityChangeReporter: Compat change id reported: 174042936; UID 10010; state: DISABLED
11-26 20:51:06.503  1795  3784 D CompatibilityChangeReporter: Compat change id reported: 194833441; UID 10010; state: ENABLED
11-26 20:51:06.514  1011  1189 I ASH     : @ 375118.685: tcs3701: stop power rail pending_off timer
11-26 20:51:06.514  1011  1189 D ASH     : @ 375118.685: tcs3701: start power rail timer, state:3
11-26 20:51:06.521 11863 11863 W cr_ActivityDispatcher: CustomTabsIntent#shouldAlwaysUseBrowserUI() = false
11-26 20:51:06.522 11863 11863 I cr_VideoPersist: Exited picture in picture with reason: 0
11-26 20:51:06.524 11863 11863 E cr_IntentUtils: getInt failed on bundle null
11-26 20:51:06.527  8427  8469 I BatteryMgr:DataCollectionService: stats => 1701028266527,10986,4447,2136,4169000,100
11-26 20:51:06.545  1795  2120 D CompatibilityChangeReporter: Compat change id reported: 143937733; UID 10010; state: ENABLED
11-26 20:51:06.548 11863 11863 W cr_ActivityDispatcher: CustomTabsIntent#shouldAlwaysUseBrowserUI() = false
11-26 20:51:06.553  1011  1189 I ASH     : @ 375118.725: tcs3701: stop power rail pending_off timer
11-26 20:51:06.553  1011  1189 D ASH     : @ 375118.725: tcs3701: start power rail timer, state:3
11-26 20:51:06.555 11912 11912 D Zygote  : Forked child process 12135
11-26 20:51:06.558  1795  2120 I ActivityManager: Start proc 12135:com.chrome.canary:sandboxed_process0:org.chromium.content.app.SandboxedProcessService0:2/u0ai2 for  {com.chrome.canary/org.chromium.content.app.SandboxedProcessService0:2}
11-26 20:51:06.559 12135 12135 E libc    : SetHeapTaggingLevel: re-enabling tagging after it was disabled is not supported
11-26 20:51:06.564 12135 12135 I ocessService0:2: Using CollectorTypeCC GC.
11-26 20:51:06.570  1795  3784 D CoreBackPreview: Window{2275437 u0 com.chrome.canary/com.google.android.apps.chrome.Main}: Setting back callback OnBackInvokedCallbackInfo{mCallback=android.window.IOnBackInvokedCallback$Stub$Proxy@1dc9932, mPriority=0}
11-26 20:51:06.573  1383  1442 I adbd    : jdwp connection from 12135
11-26 20:51:06.575 11863 11863 I cr_OfflineDetector: Running updateState mConnectivityDetectorInitialized: true, mTimeWhenLastForegrounded: 375115390, getElapsedTime: 375115390, mTimeWhenLastOfflineNotificationReceived: 0, mTimeWhenLastOnline: 375113641, mTimeWhenAirplaneModeToggledOff: 0 mApplicationState: 1, mIsOfflineLastReportedByConnectivityDetector: false, mInAirplaneMode: false mIsEffectivelyOffline: false
11-26 20:51:06.575 11863 11863 I cr_OfflineDetector: updateState(): timeSinceLastForeground: 0, timeSinceOfflineNotificationReceived: 375115390, timeSinceLastOnline: 1749, timeNeededForForeground: 2000, timeNeededForOffline: -375113390 timeSinceAirplaneModeToggledOff: 375115390 timeNeededAfterConnectionChangeFromOnlineToOffline: 8251 timeNeededAfterConnectionChangeFromAirplaneToOffline: 0
11-26 20:51:06.575 11863 11863 I cr_OfflineDetector: Running mUpdateOfflineStatusIndicatorDelayedRunnable start. mConnectivityDetectorInitialized: true, mTimeWhenLastForegrounded: 375115390, getElapsedTime: 375115390, mTimeWhenLastOfflineNotificationReceived: 0, mTimeWhenLastOnline: 375113641, mTimeWhenAirplaneModeToggledOff: 0 mApplicationState: 1, mIsOfflineLastReportedByConnectivityDetector: false, mInAirplaneMode: false mIsEffectivelyOffline: false
11-26 20:51:06.578 11863 11863 I cr_InactivityTracker: Last background time read from the SharedPreference is:1701028266502.
11-26 20:51:06.580 11863 11863 I cr_VideoPersist: Exited picture in picture with reason: 0
11-26 20:51:06.581  1795  3745 D CompatibilityChangeReporter: Compat change id reported: 161145287; UID 10010; state: DISABLED
11-26 20:51:06.582 11863 11863 I cr_InactivityTracker: Last visible time read from the SharedPreference is:1701028264926.
11-26 20:51:06.582  1795  3784 D CompatibilityChangeReporter: Compat change id reported: 168419799; UID 10010; state: DISABLED
11-26 20:51:06.582  1795  3784 D CompatibilityChangeReporter: Compat change id reported: 273564678; UID 10010; state: DISABLED
11-26 20:51:06.585  3657  4525 D ForegroundUtils: Foreground UID status:
11-26 20:51:06.585  3657  4525 D ForegroundUtils: UID: 10010 is in foreground: true
11-26 20:51:06.585  3657  4525 D ForegroundUtils: UID: 10128 is in foreground: true
11-26 20:51:06.585  3657  4525 D ForegroundUtils: UID: 10158 is in foreground: true
11-26 20:51:06.585  3657  4525 D ForegroundUtils: UID: 10189 is in foreground: false
11-26 20:51:06.585  3657  4525 D ForegroundUtils: UID: 10194 is in foreground: true
11-26 20:51:06.585  3657  4525 D ForegroundUtils: UID: 10206 is in foreground: false
11-26 20:51:06.585  3657  4525 D ForegroundUtils: UID: 10233 is in foreground: true
11-26 20:51:06.585  3657  4525 D ForegroundUtils: UID: 10244 is in foreground: false
11-26 20:51:06.585  3657  4525 D ForegroundUtils: UID: 10319 is in foreground: true
11-26 20:51:06.585  3657  4525 D ForegroundUtils: UID: 90000 is in foreground: true
11-26 20:51:06.585  3657  4525 D ForegroundUtils: UID: 90002 is in foreground: true
11-26 20:51:06.586 12135 12135 I ActivityThread: Relaunch all activities: onCoreSettingsChange
11-26 20:51:06.587 12135 12135 D CompatibilityChangeReporter: Compat change id reported: 171979766; UID 90002; state: ENABLED
11-26 20:51:06.593  1011  1189 I ASH     : @ 375118.765: tcs3701: stop power rail pending_off timer
11-26 20:51:06.593  1011  1189 D ASH     : @ 375118.765: tcs3701: start power rail timer, state:3
11-26 20:51:06.605 12135 12135 I LoadedApk: No resource references to update in package com.google.android.trichromelibrary.canary
11-26 20:51:06.606 12135 12135 D NetworkSecurityConfig: Using Network Security Config from resource 0_resource_name_obfuscated debugBuild: false
11-26 20:51:06.607 12135 12135 D NetworkSecurityConfig: Using Network Security Config from resource 0_resource_name_obfuscated debugBuild: false
11-26 20:51:06.608 12135 12135 I cr_SplitCompatApp: Launched version=121.0.6145.0 minSdkVersion=29 isBundle=true processName=com.chrome.canary:sandboxed_process0:org.chromium.content.app.SandboxedProcessService0:2 isIsolated=true
11-26 20:51:06.608  1795  3784 D CompatibilityChangeReporter: Compat change id reported: 214016041; UID 10010; state: ENABLED
11-26 20:51:06.610  3375  3375 I GoogleInputMethodService: GoogleInputMethodService.onFinishInput():3154 
11-26 20:51:06.611  3375  3375 I GoogleInputMethodService: GoogleInputMethodService.updateDeviceLockedStatus():2088 repeatCheckTimes = 0, locked = false
11-26 20:51:06.611  3375  3375 I GoogleInputMethodService: GoogleInputMethodService.onStartInput():1883 onStartInput(EditorInfo{EditorInfo{packageName=com.chrome.canary, inputType=0, inputTypeString=NULL, enableLearning=false, autoCorrection=false, autoComplete=false, imeOptions=12000000, privateImeOptions=null, actionName=UNSPECIFIED, actionLabel=null, initialSelStart=-1, initialSelEnd=-1, initialCapsMode=0, label=null, fieldId=-1, fieldName=null, extras=null, hintText=null, hintLocales=[]}}, false)
11-26 20:51:06.611  3375  3375 I GoogleInputMethodService: GoogleInputMethodService.updateDeviceLockedStatus():2088 repeatCheckTimes = 1, locked = false
11-26 20:51:06.616 12135 12135 W SystemServiceRegistry: No service published for: uimode
11-26 20:51:06.621 12135 12135 I cr_ChildProcessService: Creating new ChildProcessService pid=12135
11-26 20:51:06.632  8427  8469 I BatteryMgr:DataCollectionService: stats => 1701028266632,10986,4447,2136,4169000,100
11-26 20:51:06.632 12135 12150 I cr_LibraryLoader: Successfully loaded native library
11-26 20:51:06.633 12135 12150 I cr_CachingUmaRecorder: Flushed 3 samples from 3 histograms, 0 samples were dropped.
11-26 20:51:06.633  1011  1189 I ASH     : @ 375118.805: tcs3701: stop power rail pending_off timer
11-26 20:51:06.633  1011  1189 D ASH     : @ 375118.805: tcs3701: start power rail timer, state:3
11-26 20:51:06.652 12135 12153 E ocessService0:2: Unable to resolve path '/data/app/~~z5-dMYmQLvS-4mWZ9yqnFA==/com.chrome.canary-7Pcck9f8OWCuqG0lIoq4tg==/base.apk': Operation not permitted
11-26 20:51:06.652 12135 12153 E ocessService0:2: Failed to madvise file /data/app/~~z5-dMYmQLvS-4mWZ9yqnFA==/com.chrome.canary-7Pcck9f8OWCuqG0lIoq4tg==/oat/arm64/split_stack_unwinder.odex for size:4096: Operation not permitted
11-26 20:51:06.652 12135 12153 E ocessService0:2: Failed to madvise file /data/app/~~z5-dMYmQLvS-4mWZ9yqnFA==/com.chrome.canary-7Pcck9f8OWCuqG0lIoq4tg==/split_stack_unwinder.apk for size:4096: Operation not permitted
11-26 20:51:06.656 12135 12153 E linker  : readlink("/proc/self/fd/99") failed: Operation not permitted [fd=99]
11-26 20:51:06.656 12135 12153 E linker  : warning: unable to get realpath for the library "/data/app/~~z5-dMYmQLvS-4mWZ9yqnFA==/com.chrome.canary-7Pcck9f8OWCuqG0lIoq4tg==/split_stack_unwinder.apk!/lib/arm64-v8a/libmonochrome_64_stack_unwinder_partition.so". Will use given path.
11-26 20:51:06.674  1011  1189 I ASH     : @ 375118.845: tcs3701: stop power rail pending_off timer
11-26 20:51:06.674  1011  1189 D ASH     : @ 375118.845: tcs3701: start power rail timer, state:3
11-26 20:51:06.708 12135 12150 I tflite  : Initialized TensorFlow Lite runtime.
11-26 20:51:06.712 12135 12150 W libc    : Access denied finding property "ro.mediatek.platform"
11-26 20:51:06.712 12135 12150 W libc    : Access denied finding property "ro.chipname"
11-26 20:51:06.712 12135 12150 W libc    : Access denied finding property "ro.hardware.chipname"
11-26 20:51:06.713  1011  1189 I ASH     : @ 375118.885: tcs3701: stop power rail pending_off timer
11-26 20:51:06.713  1011  1189 D ASH     : @ 375118.885: tcs3701: start power rail timer, state:3
11-26 20:51:06.737  8427  8469 I BatteryMgr:DataCollectionService: stats => 1701028266737,10986,4447,2136,4169000,100
11-26 20:51:06.753  1011  1189 I ASH     : @ 375118.925: tcs3701: stop power rail pending_off timer
11-26 20:51:06.753  1011  1189 D ASH     : @ 375118.925: tcs3701: start power rail timer, state:3
11-26 20:51:06.767  1795  2424 D WifiClientModeImpl[13802:wlan0]: updateLinkLayerStatsRssiSpeedFrequencyCapabilities rssi=-48 TxLinkspeed=866 freq=5240 RxLinkSpeed=866
11-26 20:51:06.769  1795  2424 D WifiDataStall: tx tput in kbps: 723076
11-26 20:51:06.769  1795  2424 D WifiDataStall: rx tput in kbps: 761132
11-26 20:51:06.769  1795  2424 V WifiConfigManager: Updating scan detail cache freq=5240 BSSID=f4:6d:2f:12:cc:88 RSSI=-48 for "ourhome"WPA_PSK
11-26 20:51:06.769  1795  2424 D WifiChannelUtilization:  freq: 5240 onTime: 10362874 busyTime: 945178 onTimeDiff: 715018 busyTimeDiff: 88692 utilization: 31 utilization t0: 23
11-26 20:51:06.769  1795  2424 D WifiDataStall:  ccaLevel = 31
11-26 20:51:06.769  1795  2424 D WifiDataStall: L2 txTputKbps: 593683, rxTputKbps: 761132, L3 txTputKbps: 75, rxTputKbps: 177, TxTrafficHigh: true, RxTrafficHigh: true, Throughput Sufficient: true
11-26 20:51:06.769  1795  2424 D WifiScoreReport: Wifi scoring disabled - Don't check IP layer
11-26 20:51:06.769  2673 16647 V WifiManager: OnWifiUsabilityStatsListener: onWifiUsabilityStats: seqNum=95869
11-26 20:51:06.769  1795  2424 D WifiScoreCard: BSSID update SIGNAL_POLL ID: 1320464697 SSID: "ourhome", BSSID: f4:6d:2f:12:cc:88, MAC: b2:2f:ec:da:4a:0c, IP: /192.168.1.104, Security type: 2, Supplicant state: COMPLETED, Wi-Fi standard: 5, RSSI: -48, Link speed: 866Mbps, Tx Link speed: 866Mbps, Max Supported Tx Link speed: 866Mbps, Rx Link speed: 866Mbps, Max Supported Rx Link speed: 866Mbps, Frequency: 5240MHz, Net ID: 12, Metered hint: false, score: 60, isUsable: true, CarrierMerged: false, SubscriptionId: -1, IsPrimary: 1, Trusted: true, Restricted: false, Ephemeral: false, OEM paid: false, OEM private: false, OSU AP: false, FQDN: <none>, Provider friendly name: <none>, Requesting package name: <none>"ourhome"wpa2-pskMLO Information: , Is TID-To-Link negotiation supported by the AP: false, AP MLD Address: <none>, AP MLO Link Id: <none>, AP MLO Affiliated links: <none>
11-26 20:51:06.769  1795  2424 D WifiScoreCard: txRate: 27 txSpeed: 866
11-26 20:51:06.769  1795  2424 D WifiScoreCard: network update SIGNAL_POLL "ourhome" ID: 1499892569 RSSI -48 txSpeed 866
11-26 20:51:06.770  2782  5906 D QCNEJ/WlanStaInfoRelay: Received action: android.net.wifi.RSSI_CHANGED
11-26 20:51:06.770  1795  4158 I WifiService: updateWifiUsabilityScore uid=10180 seqNum=95869 score=100 predictionHorizonSec=1441795
11-26 20:51:06.771  2513  2532 V WifiManager: TrafficStateCallbackProxy: onStateChanged state=3
11-26 20:51:06.771  1795  2424 D WifiClientModeImpl[13802:wlan0]:  ClientModeImpl$L2ConnectedState screen=on 37 0 "ourhome" f4:6d:2f:12:cc:88 rssi=-48 f=5240 sc=60 link=866 tx=20.2, 5.9, 0.0 rx=12.0 bcn=3548975 [on:1238 tx:14 rx:9 period:3013] from screen [on:726893 period:15832057] score=60
11-26 20:51:06.772  1795  2424 D WifiScoreReport: Wifi scoring disabled - Notify that Wifi is usable
11-26 20:51:06.775  1795  2432 D ConnectivityService: NetReassign [no changes] [c 0] [a 0] [i 1]
11-26 20:51:06.794  1011  1189 I ASH     : @ 375118.965: tcs3701: stop power rail pending_off timer
11-26 20:51:06.794  1011  1189 D ASH     : @ 375118.965: tcs3701: start power rail timer, state:3
11-26 20:51:06.834  1011  1189 I ASH     : @ 375119.005: tcs3701: stop power rail pending_off timer
11-26 20:51:06.834  1011  1189 D ASH     : @ 375119.005: tcs3701: start power rail timer, state:3
11-26 20:51:06.842  8427  8469 I BatteryMgr:DataCollectionService: stats => 1701028266842,10986,4447,2136,4169000,100
11-26 20:51:06.873  1011  1189 I ASH     : @ 375119.045: tcs3701: stop power rail pending_off timer
11-26 20:51:06.873  1011  1189 D ASH     : @ 375119.045: tcs3701: start power rail timer, state:3
11-26 20:51:06.913  1011  1189 I ASH     : @ 375119.085: tcs3701: stop power rail pending_off timer
11-26 20:51:06.913  1011  1189 D ASH     : @ 375119.085: tcs3701: start power rail timer, state:3
11-26 20:51:06.946  8427  8469 I BatteryMgr:DataCollectionService: stats => 1701028266946,10986,4447,2136,4169000,100
11-26 20:51:06.954  1011  1189 I ASH     : @ 375119.125: tcs3701: stop power rail pending_off timer
11-26 20:51:06.954  1011  1189 D ASH     : @ 375119.125: tcs3701: start power rail timer, state:3
11-26 20:51:06.993  1011  1189 I ASH     : @ 375119.165: tcs3701: stop power rail pending_off timer
11-26 20:51:06.993  1011  1189 D ASH     : @ 375119.165: tcs3701: start power rail timer, state:3
11-26 20:51:07.034  1011  1189 I ASH     : @ 375119.205: tcs3701: stop power rail pending_off timer
11-26 20:51:07.034  1011  1189 D ASH     : @ 375119.205: tcs3701: start power rail timer, state:3
11-26 20:51:07.051  8427  8469 I BatteryMgr:DataCollectionService: stats => 1701028267051,10986,4447,2136,4169000,100
11-26 20:51:07.073  1011  1189 I ASH     : @ 375119.245: tcs3701: stop power rail pending_off timer
11-26 20:51:07.073  1011  1189 D ASH     : @ 375119.245: tcs3701: start power rail timer, state:3
11-26 20:51:07.114  1011  1189 I ASH     : @ 375119.285: tcs3701: stop power rail pending_off timer
11-26 20:51:07.114  1011  1189 D ASH     : @ 375119.285: tcs3701: start power rail timer, state:3
11-26 20:51:07.154  1011  1189 I ASH     : @ 375119.325: tcs3701: stop power rail pending_off timer
11-26 20:51:07.154  1011  1189 D ASH     : @ 375119.325: tcs3701: start power rail timer, state:3
11-26 20:51:07.156  8427  8469 I BatteryMgr:DataCollectionService: stats => 1701028267156,10986,4447,2136,4169000,100
11-26 20:51:07.195  1011  1189 I ASH     : @ 375119.365: tcs3701: stop power rail pending_off timer
11-26 20:51:07.195  1011  1189 D ASH     : @ 375119.365: tcs3701: start power rail timer, state:3
11-26 20:51:07.228  1795  4158 D ActivityManager: freezer override set to true
11-26 20:51:07.232  1795  4158 D ActivityManager: freezer override set to false
11-26 20:51:07.234  1011  1189 I ASH     : @ 375119.405: tcs3701: stop power rail pending_off timer
11-26 20:51:07.234  1011  1189 D ASH     : @ 375119.405: tcs3701: start power rail timer, state:3
11-26 20:51:07.260  8427  8469 I BatteryMgr:DataCollectionService: stats => 1701028267260,10986,4447,2136,4169000,100
11-26 20:51:07.273  1011  1189 I ASH     : @ 375119.445: tcs3701: stop power rail pending_off timer
11-26 20:51:07.273  1011  1189 D ASH     : @ 375119.445: tcs3701: start power rail timer, state:3
11-26 20:51:07.288  1795  4158 D ActivityManager: freezer override set to true
11-26 20:51:07.314  1011  1189 I ASH     : @ 375119.485: tcs3701: stop power rail pending_off timer
11-26 20:51:07.314  1011  1189 D ASH     : @ 375119.485: tcs3701: start power rail timer, state:3
11-26 20:51:07.339 26741 26741 E AbstractGmsTracer: Traced class shouldn't be obfuscated: GmsBoundBrokerChimeraService [CONTEXT service_id=259 ]
11-26 20:51:07.339 26741 26741 D BoundBrokerSvc: onBind: Intent { act=com.google.android.gms.common.BIND_SHARED_PREFS pkg=com.google.android.gms }
11-26 20:51:07.339 26741 26741 D BoundBrokerSvc: Loading bound service for intent: Intent { act=com.google.android.gms.common.BIND_SHARED_PREFS pkg=com.google.android.gms }
11-26 20:51:07.340 26741 26741 E AbstractGmsTracer: Traced class shouldn't be obfuscated: SharedPreferencesBoundService [CONTEXT service_id=259 ]
11-26 20:51:07.343 26741 26741 D BoundBrokerSvc: onUnbind: Intent { act=com.google.android.gms.common.BIND_SHARED_PREFS pkg=com.google.android.gms }
11-26 20:51:07.353  1011  1189 I ASH     : @ 375119.525: tcs3701: stop power rail pending_off timer
11-26 20:51:07.353  1011  1189 D ASH     : @ 375119.525: tcs3701: start power rail timer, state:3
11-26 20:51:07.364  8427  8469 I BatteryMgr:DataCollectionService: stats => 1701028267364,10986,4447,2136,4169000,100
11-26 20:51:07.393  1011  1189 I ASH     : @ 375119.565: tcs3701: stop power rail pending_off timer
11-26 20:51:07.393  1011  1189 D ASH     : @ 375119.565: tcs3701: start power rail timer, state:3
11-26 20:51:07.434  1011  1189 I ASH     : @ 375119.605: tcs3701: stop power rail pending_off timer
11-26 20:51:07.434  1011  1189 D ASH     : @ 375119.605: tcs3701: start power rail timer, state:3
11-26 20:51:07.468  8427  8469 I BatteryMgr:DataCollectionService: stats => 1701028267468,10986,4447,2136,4169000,100
11-26 20:51:07.474  1011  1189 I ASH     : @ 375119.645: tcs3701: stop power rail pending_off timer
11-26 20:51:07.474  1011  1189 D ASH     : @ 375119.645: tcs3701: start power rail timer, state:3
11-26 20:51:07.474 11863 12069 I m.chrome.canary: Explicit concurrent copying GC freed 844462(16MB) AllocSpace objects, 2(40KB) LOS objects, 75% free, 13MB/52MB, paused 45us,37us total 70.304ms
11-26 20:51:07.513  1011  1189 I ASH     : @ 375119.685: tcs3701: stop power rail pending_off timer
11-26 20:51:07.514  1011  1189 D ASH     : @ 375119.685: tcs3701: start power rail timer, state:3
11-26 20:51:07.551  1795  4158 D ActivityManager: freezer override set to false
11-26 20:51:07.553  1011  1189 I ASH     : @ 375119.725: tcs3701: stop power rail pending_off timer
11-26 20:51:07.553  1011  1189 D ASH     : @ 375119.725: tcs3701: start power rail timer, state:3
11-26 20:51:07.574  8427  8469 I BatteryMgr:DataCollectionService: stats => 1701028267573,10986,4447,2136,4169000,100
11-26 20:51:07.594  1011  1189 I ASH     : @ 375119.765: tcs3701: stop power rail pending_off timer
11-26 20:51:07.594  1011  1189 D ASH     : @ 375119.765: tcs3701: start power rail timer, state:3
11-26 20:51:07.609  1795  3784 D ActivityManager: freezer override set to true
11-26 20:51:07.611  1795  3784 D ActivityManager: freezer override set to false
11-26 20:51:07.633  1011  1189 I ASH     : @ 375119.805: tcs3701: stop power rail pending_off timer
11-26 20:51:07.633  1011  1189 D ASH     : @ 375119.805: tcs3701: start power rail timer, state:3
11-26 20:51:07.644  1795  3784 D ActivityManager: freezer override set to true
11-26 20:51:07.647  1795  3784 D ActivityManager: freezer override set to false
11-26 20:51:07.674  1011  1189 I ASH     : @ 375119.845: tcs3701: stop power rail pending_off timer
11-26 20:51:07.674  1011  1189 D ASH     : @ 375119.845: tcs3701: start power rail timer, state:3
11-26 20:51:07.681  2113  2118 I pixel-thermal: skin-therm-monitor: 38.284
11-26 20:51:07.682  8427  8469 I BatteryMgr:DataCollectionService: stats => 1701028267682,10986,4447,2136,4169000,100
11-26 20:51:07.714  1011  1189 I ASH     : @ 375119.885: tcs3701: stop power rail pending_off timer
11-26 20:51:07.714  1011  1189 D ASH     : @ 375119.885: tcs3701: start power rail timer, state:3
11-26 20:51:07.753  1011  1189 I ASH     : @ 375119.925: tcs3701: stop power rail pending_off timer
11-26 20:51:07.754  1011  1189 D ASH     : @ 375119.925: tcs3701: start power rail timer, state:3
11-26 20:51:07.787  8427  8469 I BatteryMgr:DataCollectionService: stats => 1701028267787,10986,4447,2136,4169000,100
11-26 20:51:07.793  1011  1189 I ASH     : @ 375119.965: tcs3701: stop power rail pending_off timer
11-26 20:51:07.793  1011  1189 D ASH     : @ 375119.965: tcs3701: start power rail timer, state:3
11-26 20:51:07.833  1011  1189 I ASH     : @ 375120.005: tcs3701: stop power rail pending_off timer
11-26 20:51:07.834  1011  1189 D ASH     : @ 375120.005: tcs3701: start power rail timer, state:3
11-26 20:51:07.874  1011  1189 I ASH     : @ 375120.045: tcs3701: stop power rail pending_off timer
11-26 20:51:07.874  1011  1189 D ASH     : @ 375120.045: tcs3701: start power rail timer, state:3
11-26 20:51:07.893  8427  8469 I BatteryMgr:DataCollectionService: stats => 1701028267893,10986,4447,2136,4169000,100
11-26 20:51:07.914  1011  1189 I ASH     : @ 375120.085: tcs3701: stop power rail pending_off timer
11-26 20:51:07.914  1011  1189 D ASH     : @ 375120.085: tcs3701: start power rail timer, state:3
11-26 20:51:07.953  1011  1189 I ASH     : @ 375120.125: tcs3701: stop power rail pending_off timer
11-26 20:51:07.953  1011  1189 D ASH     : @ 375120.125: tcs3701: start power rail timer, state:3
11-26 20:51:07.994  1011  1189 I ASH     : @ 375120.165: tcs3701: stop power rail pending_off timer
11-26 20:51:07.994  1011  1189 D ASH     : @ 375120.165: tcs3701: start power rail timer, state:3
11-26 20:51:07.998  8427  8469 I BatteryMgr:DataCollectionService: stats => 1701028267998,10986,4447,2136,4169000,100
11-26 20:51:08.033  1011  1189 I ASH     : @ 375120.205: tcs3701: stop power rail pending_off timer
11-26 20:51:08.033  1011  1189 D ASH     : @ 375120.205: tcs3701: start power rail timer, state:3
11-26 20:51:08.074  1011  1189 I ASH     : @ 375120.245: tcs3701: stop power rail pending_off timer
11-26 20:51:08.074  1011  1189 D ASH     : @ 375120.245: tcs3701: start power rail timer, state:3
11-26 20:51:08.097 11955 11979 I AdrenoVK-0: QUALCOMM build          : 4783c89, I46ff5fc46f
11-26 20:51:08.097 11955 11979 I AdrenoVK-0: Build Date              : 11/30/20
11-26 20:51:08.097 11955 11979 I AdrenoVK-0: Shader Compiler Version : EV031.31.04.01
11-26 20:51:08.097 11955 11979 I AdrenoVK-0: Local Branch            : QPR2
11-26 20:51:08.097 11955 11979 I AdrenoVK-0: Remote Branch           : 
11-26 20:51:08.097 11955 11979 I AdrenoVK-0: Remote Branch           : 
11-26 20:51:08.097 11955 11979 I AdrenoVK-0: Reconstruct Branch      : 
11-26 20:51:08.097 11955 11979 I AdrenoVK-0: Build Config            : S P 10.0.4 AArch64
11-26 20:51:08.097 11955 11979 I AdrenoVK-0: Driver Path             : /vendor/lib64/hw/vulkan.adreno.so
11-26 20:51:08.102  8427  8469 I BatteryMgr:DataCollectionService: stats => 1701028268102,10986,4447,2136,4169000,100
11-26 20:51:08.114  1011  1189 I ASH     : @ 375120.285: tcs3701: stop power rail pending_off timer
11-26 20:51:08.114  1011  1189 D ASH     : @ 375120.285: tcs3701: start power rail timer, state:3
11-26 20:51:08.153  1011  1189 I ASH     : @ 375120.325: tcs3701: stop power rail pending_off timer
11-26 20:51:08.153  1011  1189 D ASH     : @ 375120.325: tcs3701: start power rail timer, state:3
11-26 20:51:08.193  1011  1189 I ASH     : @ 375120.365: tcs3701: stop power rail pending_off timer
11-26 20:51:08.193  1011  1189 D ASH     : @ 375120.365: tcs3701: start power rail timer, state:3
11-26 20:51:08.209  8427  8469 I BatteryMgr:DataCollectionService: stats => 1701028268209,10986,4447,2136,4169000,100
11-26 20:51:08.217  1795  3658 D ActivityManager: freezer override set to true
11-26 20:51:08.224  1795  3658 D ActivityManager: freezer override set to false
11-26 20:51:08.233  1011  1189 I ASH     : @ 375120.405: tcs3701: stop power rail pending_off timer
11-26 20:51:08.233  1011  1189 D ASH     : @ 375120.405: tcs3701: start power rail timer, state:3
11-26 20:51:08.274  1011  1189 I ASH     : @ 375120.445: tcs3701: stop power rail pending_off timer
11-26 20:51:08.274  1011  1189 D ASH     : @ 375120.445: tcs3701: start power rail timer, state:3
11-26 20:51:08.276  3875  3875 I VISHotwordAdapter: Not connected and not waiting for connection.
11-26 20:51:08.279  3875  3875 I VISHotwordAdapter: Still waiting for connection; add the callback to callback list
11-26 20:51:08.288 11863 11904 I cr_BindingManager: Visible binding enabled: maxSize=-1
11-26 20:51:08.288  3875  3875 W VISHotwordAdapter: gsaVis null binding. HDM in use.
11-26 20:51:08.313  1011  1189 I ASH     : @ 375120.485: tcs3701: stop power rail pending_off timer
11-26 20:51:08.313  1011  1189 D ASH     : @ 375120.485: tcs3701: start power rail timer, state:3
11-26 20:51:08.316 26837 26837 E AbstractGmsTracer: Traced class shouldn't be obfuscated: GoogleAccountAuthenticatorChimeraService [CONTEXT service_id=259 ]
11-26 20:51:08.324 26837  7408 W GmsStrictMode: DISK_READ [CONTEXT service_id=256 ]
11-26 20:51:08.324 26837  7408 W GmsStrictMode: android.os.strictmode.DiskReadViolation
11-26 20:51:08.324 26837  7408 W GmsStrictMode: 	at android.os.StrictMode$AndroidBlockGuardPolicy.onReadFromDisk(StrictMode.java:1658)
11-26 20:51:08.324 26837  7408 W GmsStrictMode: 	at libcore.io.BlockGuardOs.access(BlockGuardOs.java:74)
11-26 20:51:08.324 26837  7408 W GmsStrictMode: 	at libcore.io.ForwardingOs.access(ForwardingOs.java:128)
11-26 20:51:08.324 26837  7408 W GmsStrictMode: 	at android.app.ActivityThread$AndroidOs.access(ActivityThread.java:7795)
11-26 20:51:08.324 26837  7408 W GmsStrictMode: 	at java.io.UnixFileSystem.checkAccess(UnixFileSystem.java:313)
11-26 20:51:08.324 26837  7408 W GmsStrictMode: 	at java.io.File.exists(File.java:813)
11-26 20:51:08.324 26837  7408 W GmsStrictMode: 	at android.app.ContextImpl.getDataDir(ContextImpl.java:2962)
11-26 20:51:08.324 26837  7408 W GmsStrictMode: 	at android.app.ContextImpl.getFilesDir(ContextImpl.java:793)
11-26 20:51:08.324 26837  7408 W GmsStrictMode: 	at android.content.ContextWrapper.getFilesDir(ContextWrapper.java:282)
11-26 20:51:08.324 26837  7408 W GmsStrictMode: 	at android.content.ContextWrapper.getFilesDir(ContextWrapper.java:282)
11-26 20:51:08.324 26837  7408 W GmsStrictMode: 	at android.content.ContextWrapper.getFilesDir(ContextWrapper.java:282)
11-26 20:51:08.324 26837  7408 W GmsStrictMode: 	at android.content.ContextWrapper.getFilesDir(ContextWrapper.java:282)
11-26 20:51:08.324 26837  7408 W GmsStrictMode: 	at yux.<init>(:com.google.android.gms@234414038@23.44.14 (190400-580326705):6)
11-26 20:51:08.324 26837  7408 W GmsStrictMode: 	at ngy.<init>(:com.google.android.gms@234414038@23.44.14 (190400-580326705):3)
11-26 20:51:08.324 26837  7408 W GmsStrictMode: 	at spz.<init>(:com.google.android.gms@234414038@23.44.14 (190400-580326705):44)
11-26 20:51:08.324 26837  7408 W GmsStrictMode: 	at sqa.onCreate(:com.google.android.gms@234414038@23.44.14 (190400-580326705):6)
11-26 20:51:08.324 26837  7408 W GmsStrictMode: 	at nnb.onCreate(:com.google.android.gms@234414038@23.44.14 (190400-580326705):18)
11-26 20:51:08.324 26837  7408 W GmsStrictMode: 	at ages.onCreate(:com.google.android.gms@234414038@23.44.14 (190400-580326705):16)
11-26 20:51:08.324 26837  7408 W GmsStrictMode: 	at android.app.ActivityThread.handleCreateService(ActivityThread.java:4485)
11-26 20:51:08.324 26837  7408 W GmsStrictMode: 	at android.app.ActivityThread.-$$Nest$mhandleCreateService(Unknown Source:0)
11-26 20:51:08.324 26837  7408 W GmsStrictMode: 	at android.app.ActivityThread$H.handleMessage(ActivityThread.java:2160)
11-26 20:51:08.324 26837  7408 W GmsStrictMode: 	at android.os.Handler.dispatchMessage(Handler.java:106)
11-26 20:51:08.324 26837  7408 W GmsStrictMode: 	at android.os.Looper.loopOnce(Looper.java:201)
11-26 20:51:08.324 26837  7408 W GmsStrictMode: 	at android.os.Looper.loop(Looper.java:288)
11-26 20:51:08.324 26837  7408 W GmsStrictMode: 	at android.app.ActivityThread.main(ActivityThread.java:7918)
11-26 20:51:08.324 26837  7408 W GmsStrictMode: 	at java.lang.reflect.Method.invoke(Native Method)
11-26 20:51:08.324 26837  7408 W GmsStrictMode: 	at com.android.internal.os.RuntimeInit$MethodAndArgsCaller.run(RuntimeInit.java:548)
11-26 20:51:08.324 26837  7408 W GmsStrictMode: 	at com.android.internal.os.ZygoteInit.main(ZygoteInit.java:936)
11-26 20:51:08.325 26837  7408 W GmsStrictMode: DISK_READ [CONTEXT service_id=256 ]
11-26 20:51:08.325 26837  7408 W GmsStrictMode: android.os.strictmode.DiskReadViolation
11-26 20:51:08.325 26837  7408 W GmsStrictMode: 	at android.os.StrictMode$AndroidBlockGuardPolicy.onReadFromDisk(StrictMode.java:1658)
11-26 20:51:08.325 26837  7408 W GmsStrictMode: 	at libcore.io.BlockGuardOs.access(BlockGuardOs.java:74)
11-26 20:51:08.325 26837  7408 W GmsStrictMode: 	at libcore.io.ForwardingOs.access(ForwardingOs.java:128)
11-26 20:51:08.325 26837  7408 W GmsStrictMode: 	at android.app.ActivityThread$AndroidOs.access(ActivityThread.java:7795)
11-26 20:51:08.325 26837  7408 W GmsStrictMode: 	at java.io.UnixFileSystem.checkAccess(UnixFileSystem.java:313)
11-26 20:51:08.325 26837  7408 W GmsStrictMode: 	at java.io.File.exists(File.java:813)
11-26 20:51:08.325 26837  7408 W GmsStrictMode: 	at android.app.ContextImpl.ensurePrivateDirExists(ContextImpl.java:759)
11-26 20:51:08.325 26837  7408 W GmsStrictMode: 	at android.app.ContextImpl.ensurePrivateDirExists(ContextImpl.java:750)
11-26 20:51:08.325 26837  7408 W GmsStrictMode: 	at android.app.ContextImpl.getFilesDir(ContextImpl.java:795)
11-26 20:51:08.325 26837  7408 W GmsStrictMode: 	at android.content.ContextWrapper.getFilesDir(ContextWrapper.java:282)
11-26 20:51:08.325 26837  7408 W GmsStrictMode: 	at android.content.ContextWrapper.getFilesDir(ContextWrapper.java:282)
11-26 20:51:08.325 26837  7408 W GmsStrictMode: 	at android.content.ContextWrapper.getFilesDir(ContextWrapper.java:282)
11-26 20:51:08.325 26837  7408 W GmsStrictMode: 	at android.content.ContextWrapper.getFilesDir(ContextWrapper.java:282)
11-26 20:51:08.325 26837  7408 W GmsStrictMode: 	at yux.<init>(:com.google.android.gms@234414038@23.44.14 (190400-580326705):6)
11-26 20:51:08.325 26837  7408 W GmsStrictMode: 	at ngy.<init>(:com.google.android.gms@234414038@23.44.14 (190400-580326705):3)
11-26 20:51:08.325 26837  7408 W GmsStrictMode: 	at spz.<init>(:com.google.android.gms@234414038@23.44.14 (190400-580326705):44)
11-26 20:51:08.325 26837  7408 W GmsStrictMode: 	at sqa.onCreate(:com.google.android.gms@234414038@23.44.14 (190400-580326705):6)
11-26 20:51:08.325 26837  7408 W GmsStrictMode: 	at nnb.onCreate(:com.google.android.gms@234414038@23.44.14 (190400-580326705):18)
11-26 20:51:08.325 26837  7408 W GmsStrictMode: 	at ages.onCreate(:com.google.android.gms@234414038@23.44.14 (190400-580326705):16)
11-26 20:51:08.325 26837  7408 W GmsStrictMode: 	at android.app.ActivityThread.handleCreateService(ActivityThread.java:4485)
11-26 20:51:08.325 26837  7408 W GmsStrictMode: 	at android.app.ActivityThread.-$$Nest$mhandleCreateService(Unknown Source:0)
11-26 20:51:08.325 26837  7408 W GmsStrictMode: 	at android.app.ActivityThread$H.handleMessage(ActivityThread.java:2160)
11-26 20:51:08.325 26837  7408 W GmsStrictMode: 	at android.os.Handler.dispatchMessage(Handler.java:106)
11-26 20:51:08.325 26837  7408 W GmsStrictMode: 	at android.os.Looper.loopOnce(Looper.java:201)
11-26 20:51:08.325 26837  7408 W GmsStrictMode: 	at android.os.Looper.loop(Looper.java:288)
11-26 20:51:08.325 26837  7408 W GmsStrictMode: 	at android.app.ActivityThread.main(ActivityThread.java:7918)
11-26 20:51:08.325 26837  7408 W GmsStrictMode: 	at java.lang.reflect.Method.invoke(Native Method)
11-26 20:51:08.325 26837  7408 W GmsStrictMode: 	at com.android.internal.os.RuntimeInit$MethodAndArgsCaller.run(RuntimeInit.java:548)
11-26 20:51:08.325 26837  7408 W GmsStrictMode: 	at com.android.internal.os.ZygoteInit.main(ZygoteInit.java:936)
11-26 20:51:08.325 26837  7408 W GmsStrictMode: DISK_READ [CONTEXT service_id=256 ]
11-26 20:51:08.325 26837  7408 W GmsStrictMode: android.os.strictmode.DiskReadViolation
11-26 20:51:08.325 26837  7408 W GmsStrictMode: 	at android.os.StrictMode$AndroidBlockGuardPolicy.onReadFromDisk(StrictMode.java:1658)
11-26 20:51:08.325 26837  7408 W GmsStrictMode: 	at libcore.io.BlockGuardOs.access(BlockGuardOs.java:74)
11-26 20:51:08.325 26837  7408 W GmsStrictMode: 	at libcore.io.ForwardingOs.access(ForwardingOs.java:128)
11-26 20:51:08.325 26837  7408 W GmsStrictMode: 	at android.app.ActivityThread$AndroidOs.access(ActivityThread.java:7795)
11-26 20:51:08.325 26837  7408 W GmsStrictMode: 	at java.io.UnixFileSystem.checkAccess(UnixFileSystem.java:313)
11-26 20:51:08.325 26837  7408 W GmsStrictMode: 	at java.io.File.exists(File.java:813)
11-26 20:51:08.325 26837  7408 W GmsStrictMode: 	at android.app.ContextImpl.ensurePrivateDirExists(ContextImpl.java:759)
11-26 20:51:08.325 26837  7408 W GmsStrictMode: 	at android.app.ContextImpl.ensurePrivateDirExists(ContextImpl.java:750)
11-26 20:51:08.325 26837  7408 W GmsStrictMode: 	at android.app.ContextImpl.getFilesDir(ContextImpl.java:795)
11-26 20:51:08.325 26837  7408 W GmsStrictMode: 	at android.content.ContextWrapper.getFilesDir(ContextWrapper.java:282)
11-26 20:51:08.325 26837  7408 W GmsStrictMode: 	at android.content.ContextWrapper.getFilesDir(ContextWrapper.java:282)
11-26 20:51:08.325 26837  7408 W GmsStrictMode: 	at android.content.ContextWrapper.getFilesDir(ContextWrapper.java:282)
