--------- beginning of main
11-26 20:44:23.314  1011  1189 I ASH     : @ 374715.485: tcs3701: stop power rail pending_off timer
11-26 20:44:23.314  1011  1189 D ASH     : @ 374715.485: tcs3701: start power rail timer, state:3
11-26 20:44:23.354  1011  1189 I ASH     : @ 374715.525: tcs3701: stop power rail pending_off timer
11-26 20:44:23.354  1011  1189 D ASH     : @ 374715.525: tcs3701: start power rail timer, state:3
11-26 20:44:23.394  1011  1189 I ASH     : @ 374715.565: tcs3701: stop power rail pending_off timer
11-26 20:44:23.394  1011  1189 D ASH     : @ 374715.565: tcs3701: start power rail timer, state:3
11-26 20:44:23.433  1011  1189 I ASH     : @ 374715.605: tcs3701: stop power rail pending_off timer
11-26 20:44:23.434  1011  1189 D ASH     : @ 374715.605: tcs3701: start power rail timer, state:3
11-26 20:44:23.474  1011  1189 I ASH     : @ 374715.645: tcs3701: stop power rail pending_off timer
11-26 20:44:23.474  1011  1189 D ASH     : @ 374715.645: tcs3701: start power rail timer, state:3
11-26 20:44:23.514  1011  1189 I ASH     : @ 374715.685: tcs3701: stop power rail pending_off timer
11-26 20:44:23.514  1011  1189 D ASH     : @ 374715.685: tcs3701: start power rail timer, state:3
11-26 20:44:23.554  1011  1189 I ASH     : @ 374715.725: tcs3701: stop power rail pending_off timer
11-26 20:44:23.554  1011  1189 D ASH     : @ 374715.725: tcs3701: start power rail timer, state:3
11-26 20:44:23.574 31173 31173 D AndroidRuntime: >>>>>> START com.android.internal.os.RuntimeInit uid 2000 <<<<<<
11-26 20:44:23.578 31173 31173 I AndroidRuntime: Using default boot image
11-26 20:44:23.578 31173 31173 I AndroidRuntime: Leaving lock profiling enabled
11-26 20:44:23.581 31173 31173 I app_process: Using CollectorTypeCC GC.
11-26 20:44:23.594  1011  1189 I ASH     : @ 374715.765: tcs3701: stop power rail pending_off timer
11-26 20:44:23.594  1011  1189 D ASH     : @ 374715.765: tcs3701: start power rail timer, state:3
11-26 20:44:23.634  1011  1189 I ASH     : @ 374715.805: tcs3701: stop power rail pending_off timer
11-26 20:44:23.634  1011  1189 D ASH     : @ 374715.805: tcs3701: start power rail timer, state:3
11-26 20:44:23.668 31173 31173 D nativeloader: InitDefaultPublicLibraries for_preload=1: libandroid.so:libaaudio.so:libamidi.so:libbinder_ndk.so:libc.so:libcamera2ndk.so:libdl.so:libEGL.so:libGLESv1_CM.so:libGLESv2.so:libGLESv3.so:libicu.so:libicui18n.so:libicuuc.so:libjnigraphics.so:liblog.so:libmediandk.so:libm.so:libnativehelper.so:libnativewindow.so:libOpenMAXAL.so:libOpenSLES.so:libRS.so:libstdc++.so:libsync.so:libvulkan.so:libwebviewchromium_plat_support.so:libz.so
11-26 20:44:23.675  1011  1189 I ASH     : @ 374715.845: tcs3701: stop power rail pending_off timer
11-26 20:44:23.676  1011  1189 D ASH     : @ 374715.845: tcs3701: start power rail timer, state:3
11-26 20:44:23.683 31173 31173 D app_process: Time zone APEX ICU file found: /apex/com.android.tzdata/etc/icu/icu_tzdata.dat
11-26 20:44:23.683 31173 31173 D app_process: I18n APEX ICU file found: /apex/com.android.i18n/etc/icu/icudt70l.dat
11-26 20:44:23.710 31173 31173 D AndroidRuntime: Calling main entry com.android.commands.monkey.Monkey
11-26 20:44:23.711 31173 31173 W Monkey  : args: [-p, com.chrome.canary, 1]
11-26 20:44:23.711 31173 31173 W Monkey  :  arg: "-p"
11-26 20:44:23.711 31173 31173 W Monkey  :  arg: "com.chrome.canary"
11-26 20:44:23.711 31173 31173 W Monkey  :  arg: "1"
11-26 20:44:23.711 31173 31173 W Monkey  : data="com.chrome.canary"
11-26 20:44:23.714  1011  1189 I ASH     : @ 374715.885: tcs3701: stop power rail pending_off timer
11-26 20:44:23.714  1011  1189 D ASH     : @ 374715.885: tcs3701: start power rail timer, state:3
--------- beginning of system
11-26 20:44:23.721  1795  2119 W BroadcastQueue: Skipping deliver [background] BroadcastRecord{bca28d9 u-1 android.net.conn.CONNECTIVITY_CHANGE} to ReceiverList{e5bb29e 31173 (unknown name)/2000/u-1 remote:be08623}: process gone or crashing
11-26 20:44:23.728  1795  4172 D CompatibilityChangeReporter: Compat change id reported: 161252188; UID 10010; state: DISABLED
11-26 20:44:23.728  1795  4172 I ActivityTaskManager: START u0 {act=android.intent.action.MAIN cat=[android.intent.category.LAUNCHER] flg=0x10200000 cmp=com.chrome.canary/com.google.android.apps.chrome.Main} from uid 2000
11-26 20:44:23.729  1795  4172 D CompatibilityChangeReporter: Compat change id reported: 265464455; UID 10010; state: DISABLED
11-26 20:44:23.729  1795  4172 D CompatibilityChangeReporter: Compat change id reported: 265452344; UID 10010; state: DISABLED
11-26 20:44:23.729  1795  4172 D CompatibilityChangeReporter: Compat change id reported: 266124927; UID 10010; state: DISABLED
11-26 20:44:23.729  1795  4172 D CompatibilityChangeReporter: Compat change id reported: 265451093; UID 10010; state: DISABLED
11-26 20:44:23.729  1795  4172 D CompatibilityChangeReporter: Compat change id reported: 265456536; UID 10010; state: DISABLED
11-26 20:44:23.729  1795  4172 D CompatibilityChangeReporter: Compat change id reported: 255940284; UID 10010; state: DISABLED
11-26 20:44:23.729  1795  4172 D CompatibilityChangeReporter: Compat change id reported: 236283604; UID 10010; state: DISABLED
11-26 20:44:23.729  1795  4172 D CompatibilityChangeReporter: Compat change id reported: 263959004; UID 10010; state: DISABLED
11-26 20:44:23.729  1795  4172 D CompatibilityChangeReporter: Compat change id reported: 264304459; UID 10010; state: DISABLED
11-26 20:44:23.729  1795  4172 D CompatibilityChangeReporter: Compat change id reported: 264301586; UID 10010; state: DISABLED
11-26 20:44:23.729  1795  4172 D CompatibilityChangeReporter: Compat change id reported: 254631730; UID 10010; state: DISABLED
11-26 20:44:23.729  1795  4172 D CompatibilityChangeReporter: Compat change id reported: 273509367; UID 10010; state: DISABLED
11-26 20:44:23.730  1795  4172 D CompatibilityChangeReporter: Compat change id reported: 263259275; UID 10010; state: DISABLED
11-26 20:44:23.730  1795  4172 D CompatibilityChangeReporter: Compat change id reported: 194480991; UID 10010; state: ENABLED
11-26 20:44:23.730  1795  4172 D CompatibilityChangeReporter: Compat change id reported: 174042980; UID 10010; state: DISABLED
11-26 20:44:23.731  1795  4172 D CompatibilityChangeReporter: Compat change id reported: 184838306; UID 10010; state: DISABLED
11-26 20:44:23.731  1795  4172 D CompatibilityChangeReporter: Compat change id reported: 185004937; UID 10010; state: DISABLED
11-26 20:44:23.731  1795  4172 D CompatibilityChangeReporter: Compat change id reported: 181136395; UID 10010; state: DISABLED
11-26 20:44:23.731  1795  4172 D CompatibilityChangeReporter: Compat change id reported: 174042936; UID 10010; state: DISABLED
11-26 20:44:23.732  1795  4172 D CompatibilityChangeReporter: Compat change id reported: 205907456; UID 10010; state: ENABLED
11-26 20:44:23.735  1795  4172 D CompatibilityChangeReporter: Compat change id reported: 194833441; UID 10010; state: ENABLED
11-26 20:44:23.736 31173 31173 I Monkey  : Events injected: 1
11-26 20:44:23.737  2513  2550 W Parcel  : Expecting binder but got null!
11-26 20:44:23.747  1795  2100 D CompatibilityChangeReporter: Compat change id reported: 135634846; UID 10010; state: DISABLED
11-26 20:44:23.748  1795  2120 D CompatibilityChangeReporter: Compat change id reported: 143937733; UID 10010; state: ENABLED
11-26 20:44:23.749 31173 31173 I Monkey  : ## Network stats: elapsed time=20ms (0ms mobile, 0ms wifi, 20ms not connected)
11-26 20:44:23.751 31173 31173 I app_process: System.exit called, status: 0
11-26 20:44:23.751 31173 31173 I AndroidRuntime: VM exiting with result code 0.
11-26 20:44:23.752  3657  4525 D ForegroundUtils: Foreground UID status:
11-26 20:44:23.752  3657  4525 D ForegroundUtils: UID: 10128 is in foreground: true
11-26 20:44:23.752  3657  4525 D ForegroundUtils: UID: 10158 is in foreground: true
11-26 20:44:23.752  3657  4525 D ForegroundUtils: UID: 10189 is in foreground: false
11-26 20:44:23.752  3657  4525 D ForegroundUtils: UID: 10194 is in foreground: true
11-26 20:44:23.752  3657  4525 D ForegroundUtils: UID: 10206 is in foreground: false
11-26 20:44:23.752  3657  4525 D ForegroundUtils: UID: 10233 is in foreground: true
11-26 20:44:23.752  3657  4525 D ForegroundUtils: UID: 10244 is in foreground: true
11-26 20:44:23.752  3657  4525 D ForegroundUtils: UID: 10319 is in foreground: true
11-26 20:44:23.753  1011  1189 I ASH     : @ 374715.925: tcs3701: stop power rail pending_off timer
11-26 20:44:23.754  1011  1189 D ASH     : @ 374715.925: tcs3701: start power rail timer, state:3
11-26 20:44:23.754  2513  2550 E OpenGLRenderer: Unable to match the desired swap behavior.
11-26 20:44:23.765   987   987 D Zygote  : Forked child process 31190
11-26 20:44:23.765  1795  2120 I ActivityManager: Start proc 31190:com.chrome.canary/u0a10 for next-top-activity {com.chrome.canary/com.google.android.apps.chrome.Main}
11-26 20:44:23.770 31190 31190 I m.chrome.canary: Using CollectorTypeCC GC.
11-26 20:44:23.774  1383  1442 I adbd    : jdwp connection from 31190
11-26 20:44:23.785 31190 31190 I ActivityThread: Relaunch all activities: onCoreSettingsChange
11-26 20:44:23.785 31190 31190 D CompatibilityChangeReporter: Compat change id reported: 171979766; UID 10010; state: ENABLED
11-26 20:44:23.786  3657  4525 D ForegroundUtils: Foreground UID status:
11-26 20:44:23.786  3657  4525 D ForegroundUtils: UID: 10010 is in foreground: true
11-26 20:44:23.786  3657  4525 D ForegroundUtils: UID: 10128 is in foreground: true
11-26 20:44:23.786  3657  4525 D ForegroundUtils: UID: 10158 is in foreground: true
11-26 20:44:23.786  3657  4525 D ForegroundUtils: UID: 10189 is in foreground: false
11-26 20:44:23.786  3657  4525 D ForegroundUtils: UID: 10194 is in foreground: true
11-26 20:44:23.786  3657  4525 D ForegroundUtils: UID: 10206 is in foreground: false
11-26 20:44:23.786  3657  4525 D ForegroundUtils: UID: 10233 is in foreground: true
11-26 20:44:23.786  3657  4525 D ForegroundUtils: UID: 10244 is in foreground: true
11-26 20:44:23.786  3657  4525 D ForegroundUtils: UID: 10319 is in foreground: true
11-26 20:44:23.787 31190 31190 W ziparchive: Unable to open '/data/app/~~xK2KNYhs7Vn18sxJkcMggA==/com.google.android.trichromelibrary.canary_614500033-17M9CAQF6V59_-2q0N8dYA==/base.dm': No such file or directory
11-26 20:44:23.787 31190 31190 W ziparchive: Unable to open '/data/app/~~xK2KNYhs7Vn18sxJkcMggA==/com.google.android.trichromelibrary.canary_614500033-17M9CAQF6V59_-2q0N8dYA==/base.dm': No such file or directory
11-26 20:44:23.788 31190 31190 W m.chrome.canary: Entry not found
11-26 20:44:23.788 31190 31190 D nativeloader: Configuring clns-4 for other apk /data/app/~~xK2KNYhs7Vn18sxJkcMggA==/com.google.android.trichromelibrary.canary_614500033-17M9CAQF6V59_-2q0N8dYA==/base.apk. target_sdk_version=34, uses_libraries=ALL, library_path=/data/app/~~z5-dMYmQLvS-4mWZ9yqnFA==/com.chrome.canary-7Pcck9f8OWCuqG0lIoq4tg==/lib/arm64:/data/app/~~z5-dMYmQLvS-4mWZ9yqnFA==/com.chrome.canary-7Pcck9f8OWCuqG0lIoq4tg==/base.apk!/lib/arm64-v8a:/data/app/~~xK2KNYhs7Vn18sxJkcMggA==/com.google.android.trichromelibrary.canary_614500033-17M9CAQF6V59_-2q0N8dYA==/base.apk!/lib/arm64-v8a, permitted_path=/data:/mnt/expand:/data/user/0/com.chrome.canary
11-26 20:44:23.791 31190 31190 D nativeloader: Configuring clns-5 for other apk /data/app/~~z5-dMYmQLvS-4mWZ9yqnFA==/com.chrome.canary-7Pcck9f8OWCuqG0lIoq4tg==/base.apk. target_sdk_version=34, uses_libraries=, library_path=/data/app/~~z5-dMYmQLvS-4mWZ9yqnFA==/com.chrome.canary-7Pcck9f8OWCuqG0lIoq4tg==/lib/arm64:/data/app/~~z5-dMYmQLvS-4mWZ9yqnFA==/com.chrome.canary-7Pcck9f8OWCuqG0lIoq4tg==/base.apk!/lib/arm64-v8a:/data/app/~~xK2KNYhs7Vn18sxJkcMggA==/com.google.android.trichromelibrary.canary_614500033-17M9CAQF6V59_-2q0N8dYA==/base.apk!/lib/arm64-v8a, permitted_path=/data:/mnt/expand:/data/user/0/com.chrome.canary
11-26 20:44:23.793  1011  1189 I ASH     : @ 374715.965: tcs3701: stop power rail pending_off timer
11-26 20:44:23.793  1011  1189 D ASH     : @ 374715.965: tcs3701: start power rail timer, state:3
11-26 20:44:23.801 31190 31190 V GraphicsEnvironment: ANGLE Developer option for 'com.chrome.canary' set to: 'default'
11-26 20:44:23.801 31190 31190 V GraphicsEnvironment: ANGLE GameManagerService for com.chrome.canary: false
11-26 20:44:23.801 31190 31190 V GraphicsEnvironment: Updatable production driver is not supported on the device.
11-26 20:44:23.803 31190 31190 I LoadedApk: No resource references to update in package com.google.android.trichromelibrary.canary
11-26 20:44:23.803 31190 31190 D NetworkSecurityConfig: Using Network Security Config from resource 0_resource_name_obfuscated debugBuild: false
11-26 20:44:23.803 31190 31190 D NetworkSecurityConfig: Using Network Security Config from resource 0_resource_name_obfuscated debugBuild: false
11-26 20:44:23.804 31190 31190 I cr_SplitCompatApp: Launched version=121.0.6145.0 minSdkVersion=29 isBundle=true processName=com.chrome.canary isIsolated=false
11-26 20:44:23.807 31190 31208 I m.chrome.canary: Failed to add image file: Failed to find OatDexFile for DexFile /data/app/~~dutrJzl_xJkEyCCvIkexCw==/com.chrome.canary-4jcd8srf2WXxld2NC1r69A==/split_chrome.apk (canonical path /data/app/~~dutrJzl_xJkEyCCvIkexCw==/com.chrome.canary-4jcd8srf2WXxld2NC1r69A==/split_chrome.apk) in OatFile /data/app/~~z5-dMYmQLvS-4mWZ9yqnFA==/com.chrome.canary-7Pcck9f8OWCuqG0lIoq4tg==/oat/arm64/split_chrome.odex
11-26 20:44:23.825 31190 31212 I cr_LibraryLoader: Loading monochrome_64 from within /data/app/~~z5-dMYmQLvS-4mWZ9yqnFA==/com.chrome.canary-7Pcck9f8OWCuqG0lIoq4tg==/base.apk
11-26 20:44:23.827  1795  4162 D CompatibilityChangeReporter: Compat change id reported: 161145287; UID 10010; state: DISABLED
11-26 20:44:23.827 31190 31212 I cr_Linker: loadLibraryImplLocked: monochrome_64, relroMode=1
11-26 20:44:23.834  1011  1189 I ASH     : @ 374716.005: tcs3701: stop power rail pending_off timer
11-26 20:44:23.834  1011  1189 D ASH     : @ 374716.005: tcs3701: start power rail timer, state:3
11-26 20:44:23.836 31190 31212 I cr_LibraryLoader: Successfully loaded native library
11-26 20:44:23.836  3875  3875 I dzhj    : onPause
11-26 20:44:23.837 31190 31212 I cr_CachingUmaRecorder: Flushed 20 samples from 18 histograms, 0 samples were dropped.
11-26 20:44:23.841  3604  3604 I hitl    : (REDACTED) received broadcast: %s
11-26 20:44:23.841  3604  4197 I hito    : (REDACTED) received broadcast: %s
11-26 20:44:23.841  3604  4197 I hioo    : (REDACTED) #onConfigUpdate. requester: %s
11-26 20:44:23.842  3604  4248 I hioo    : #onConfigUpdate inside sequencer
11-26 20:44:23.842  3604  4248 I hilg    : (REDACTED) Voice Match (Speaker-id) supported : %b 
11-26 20:44:23.842  3604  4248 I hilg    : (REDACTED) hotword enrollment state is enrolled:  %b, speakerId model exist: %b. Voice Match supported : %b 
11-26 20:44:23.842  3604  4248 I hilg    : (REDACTED) isHotwordAvailable():  %b, isHotwordEnabled() %b 
11-26 20:44:23.842  3604  4248 I hilg    : (REDACTED) isHotwordAvailable():  %b, isHotwordEnabled() %b 
11-26 20:44:23.842  3604  4248 I hilg    : (REDACTED) Hotword enrollment state : %s.
11-26 20:44:23.842  3604  4248 I hilg    : (REDACTED) Voice Match (Speaker-id) supported : %b 
11-26 20:44:23.842  3604  4248 I hilg    : (REDACTED) Voice Match (Speaker-id) supported : %b 
11-26 20:44:23.842  3604  4248 I hilg    : (REDACTED) hotword enrollment state is enrolled:  %b, speakerId model exist: %b, voice match supported : %b
11-26 20:44:23.842  3604  4248 I hilg    : (REDACTED) Hotword isNonVoiceMatchHotwordEnabled: %b, isHotwordAvailable: %b, isHotwordEnabled: %b, isVoiceMatchSupported: %b, isHotwordEnrolled: %b,
11-26 20:44:23.842  3604  4248 I hioo    : (REDACTED) Ignore the legacy hotword request. voice match enabled %b, isHotwordSupported %b, isIncompleteEnrollmentState %b, nonVoiceMatchHotwordEnabled %b
11-26 20:44:23.857 31190 31190 I cr_MultiInstance: Removed invalid instance data. Removed tasks-instance mappings: [Chrome.MultiInstance.TaskMap.0 - 2051] and shared prefs for instances: []
11-26 20:44:23.857 31190 31190 I cr_MultiInstance: Existing Instance - persisted and unmapped Id allocated: 0
11-26 20:44:23.857 31190 31217 W DynamiteModule: Local module descriptor class for com.google.android.gms.googlecertificates not found.
11-26 20:44:23.857 31190 31190 I cr_MultiInstance: Intent action: android.intent.action.MAIN
11-26 20:44:23.857 31190 31190 I cr_MultiInstance: Intent routed via ChromeLauncherActivity: false
11-26 20:44:23.857 31190 31190 I cr_MultiInstance: Activity referrer: android-app://com.android.shell
11-26 20:44:23.857 31190 31190 I cr_MultiInstance: Intent referrer extra: null
11-26 20:44:23.857 31190 31190 I cr_MultiInstance: Intent contains LAUNCHER category: true
11-26 20:44:23.857 31190 31190 I cr_MultiInstance: Intent contains FLAG_ACTIVITY_MULTIPLE_TASK: false
11-26 20:44:23.857 31190 31190 I cr_MultiInstance: Intent contains FLAG_ACTIVITY_NEW_TASK: true
11-26 20:44:23.857 31190 31190 I cr_MultiInstance: Intent component: com.google.android.apps.chrome.Main
11-26 20:44:23.857 31190 31190 I cr_MultiInstance: Window allocation type: 6
11-26 20:44:23.857 31190 31190 I cr_MultiInstance: Window ID allocated: 0
11-26 20:44:23.857 31190 31190 W cr_ActivityDispatcher: CustomTabsIntent#shouldAlwaysUseBrowserUI() = false
11-26 20:44:23.857 31190 31190 D CompatibilityChangeReporter: Compat change id reported: 183155436; UID 10010; state: ENABLED
11-26 20:44:23.865 31190 31217 I DynamiteModule: Considering local module com.google.android.gms.googlecertificates:0 and remote module com.google.android.gms.googlecertificates:7
11-26 20:44:23.865 31190 31217 I DynamiteModule: Selected remote version of com.google.android.gms.googlecertificates, version >= 7
11-26 20:44:23.866 31190 31190 E m.chrome.canary: Invalid ID 0x00000000.
11-26 20:44:23.869 31190 31190 I cr_SplitCompatClassLoader: Splits: null
11-26 20:44:23.870 31190 31217 W System  : ClassLoader referenced unknown path: 
11-26 20:44:23.870 31190 31217 D nativeloader: Configuring clns-6 for other apk . target_sdk_version=34, uses_libraries=, library_path=/data/app/~~kuQRvAzVZuE4Ro2oLuwWdQ==/com.google.android.gms-oAttmqgZrSU_NO_sHK9RSA==/lib/arm64:/data/app/~~kuQRvAzVZuE4Ro2oLuwWdQ==/com.google.android.gms-oAttmqgZrSU_NO_sHK9RSA==/base.apk!/lib/arm64-v8a, permitted_path=/data:/mnt/expand:/data/user/0/com.google.android.gms
11-26 20:44:23.874  1011  1189 I ASH     : @ 374716.045: tcs3701: stop power rail pending_off timer
11-26 20:44:23.874  1011  1189 D ASH     : @ 374716.045: tcs3701: start power rail timer, state:3
11-26 20:44:23.876 31190 31217 W m.chrome.canary: ClassLoaderContext classpath size mismatch. expected=11, found=1 (DLC[];PCL[base.apk*1384061089:base.apk!classes2.dex*331505968:base.apk!classes3.dex*3320764351:base.apk!classes4.dex*3880308672:base.apk!classes5.dex*1836478514:base.apk!classes6.dex*848257671:base.apk!classes7.dex*3473867681:base.apk!classes8.dex*749029414:base.apk!classes9.dex*840096026:base.apk!classes10.dex*4182674386:base.apk!classes11.dex*2847591234]{PCL[/system/framework/org.apache.http.legacy.jar*1601893743]#PCL[/system/framework/com.android.media.remotedisplay.jar*373201995]#PCL[/system/framework/com.android.location.provider.jar*989331188]#PCL[/system/framework/org.apache.http.legacy.jar*1601893743]} | DLC[];PCL[/data/app/~~z5-dMYmQLvS-4mWZ9yqnFA==/com.chrome.canary-7Pcck9f8OWCuqG0lIoq4tg==/split_chrome.apk*961600888];PCL[/data/app/~~z5-dMYmQLvS-4mWZ9yqnFA==/com.chrome.canary-7Pcck9f8OWCuqG0lIoq4tg==/base.apk*878541191]{PCL[]})
11-26 20:44:23.888 31190 31190 W cr_ActivityDispatcher: CustomTabsIntent#shouldAlwaysUseBrowserUI() = false
11-26 20:44:23.889 26741 26741 E AbstractGmsTracer: Traced class shouldn't be obfuscated: GmsBoundBrokerChimeraService [CONTEXT service_id=259 ]
11-26 20:44:23.890 26741 26741 D BoundBrokerSvc: onBind: Intent { act=com.google.android.gms.safetynet.service.START pkg=com.google.android.gms }
11-26 20:44:23.890 26741 26741 D BoundBrokerSvc: Loading bound service for intent: Intent { act=com.google.android.gms.safetynet.service.START pkg=com.google.android.gms }
11-26 20:44:23.891 26741 26741 E AbstractGmsTracer: Traced class shouldn't be obfuscated: SafetyNetClientChimeraService [CONTEXT service_id=259 ]
11-26 20:44:23.896 26837 26837 E AbstractGmsTracer: Traced class shouldn't be obfuscated: GmsApiChimeraService [CONTEXT service_id=259 ]
11-26 20:44:23.896 31190 31190 I cr_CompositorSurfaceMgr: Transitioning to surface with format: -1
11-26 20:44:23.898 26837 26837 D BoundBrokerSvc: onBind: Intent { act=com.google.android.gms.phenotype.service.START pkg=com.google.android.gms }
11-26 20:44:23.898 26837 26837 D BoundBrokerSvc: Loading bound service for intent: Intent { act=com.google.android.gms.phenotype.service.START pkg=com.google.android.gms }
11-26 20:44:23.899 26837 26837 E AbstractGmsTracer: Traced class shouldn't be obfuscated: PhenotypeChimeraService [CONTEXT service_id=259 ]
11-26 20:44:23.911 31190 31190 D CompatibilityChangeReporter: Compat change id reported: 210923482; UID 10010; state: ENABLED
11-26 20:44:23.913  1011  1189 I ASH     : @ 374716.085: tcs3701: stop power rail pending_off timer
11-26 20:44:23.913  1011  1189 D ASH     : @ 374716.085: tcs3701: start power rail timer, state:3
11-26 20:44:23.937 31190 31190 D CompatibilityChangeReporter: Compat change id reported: 193247900; UID 10010; state: ENABLED
11-26 20:44:23.953  1011  1189 I ASH     : @ 374716.125: tcs3701: stop power rail pending_off timer
11-26 20:44:23.953  1011  1189 D ASH     : @ 374716.125: tcs3701: start power rail timer, state:3
11-26 20:44:23.956 31190 31190 W cr_ActivityDispatcher: CustomTabsIntent#shouldAlwaysUseBrowserUI() = false
11-26 20:44:23.962 31190 31190 D CompatibilityChangeReporter: Compat change id reported: 237531167; UID 10010; state: DISABLED
11-26 20:44:23.968 31190 31228 W Parcel  : Expecting binder but got null!
11-26 20:44:23.974  1795  4168 D CoreBackPreview: Window{c579809 u0 com.chrome.canary/com.google.android.apps.chrome.Main}: Setting back callback OnBackInvokedCallbackInfo{mCallback=android.window.IOnBackInvokedCallback$Stub$Proxy@fe423c, mPriority=-1}
11-26 20:44:23.974  1795  4168 D CoreBackPreview: Window{c579809 u0 com.chrome.canary/com.google.android.apps.chrome.Main}: Setting back callback OnBackInvokedCallbackInfo{mCallback=android.window.IOnBackInvokedCallback$Stub$Proxy@ad8abc5, mPriority=0}
11-26 20:44:23.977  1795  2120 D CompatibilityChangeReporter: Compat change id reported: 143937733; UID 10010; state: ENABLED
11-26 20:44:23.977  1795  2120 D CompatibilityChangeReporter: Compat change id reported: 135634846; UID 10010; state: DISABLED
11-26 20:44:23.978  1795  2120 D CompatibilityChangeReporter: Compat change id reported: 207557677; UID 10010; state: ENABLED
11-26 20:44:23.979   987   987 W Zygote  : forkRepeatedly terminated due to non-simple command
11-26 20:44:23.979   987   987 D Zygote  : mbuffer starts with 15, nice name is com.chrome.canary_zygote, mEnd = 410, mNext = 191, mLinesLeft = 6, mFd = 5
11-26 20:44:23.984 31190 31228 I AdrenoGLES-0: QUALCOMM build                   : 4783c89, I46ff5fc46f
11-26 20:44:23.984 31190 31228 I AdrenoGLES-0: Build Date                       : 11/30/20
11-26 20:44:23.984 31190 31228 I AdrenoGLES-0: OpenGL ES Shader Compiler Version: EV031.31.04.01
11-26 20:44:23.984 31190 31228 I AdrenoGLES-0: Local Branch                     : QPR2
11-26 20:44:23.984 31190 31228 I AdrenoGLES-0: Remote Branch                    : 
11-26 20:44:23.984 31190 31228 I AdrenoGLES-0: Remote Branch                    : 
11-26 20:44:23.984 31190 31228 I AdrenoGLES-0: Reconstruct Branch               : 
11-26 20:44:23.984 31190 31228 I AdrenoGLES-0: Build Config                     : S P 10.0.4 AArch64
11-26 20:44:23.984 31190 31228 I AdrenoGLES-0: Driver Path                      : /vendor/lib64/egl/libGLESv2_adreno.so
11-26 20:44:23.985   987   987 D Zygote  : Forked child process 31238
11-26 20:44:23.987  1795  2120 W ZygoteProcess: Got error connecting to zygote, retrying. msg= Connection refused
11-26 20:44:23.988 31238 31238 I libc    : SetHeapTaggingLevel: tag level set to 0
11-26 20:44:23.989 31190 31190 I cr_StartSurfaceConfig: Recorded Startup.Android.FirstDrawCompletedTime.NoInstant = 127 ms
11-26 20:44:23.990 31238 31238 I e.canary_zygote: Using CollectorTypeCC GC.
11-26 20:44:23.991 31190 31228 I AdrenoGLES-0: PFP: 0x016dd093, ME: 0x00000000
11-26 20:44:23.993  1011  1189 I ASH     : @ 374716.165: tcs3701: stop power rail pending_off timer
11-26 20:44:23.994  1011  1189 D ASH     : @ 374716.165: tcs3701: start power rail timer, state:3
11-26 20:44:23.994 31190 31228 W AdrenoUtils: <ReadGpuID_from_sysfs:197>: Failed to open /sys/class/kgsl/kgsl-3d0/gpu_model
11-26 20:44:23.994 31190 31228 W AdrenoUtils: <ReadGpuID:221>: Failed to read chip ID from gpu_model. Fallback to use the GSL path
11-26 20:44:23.995 26837 28271 E ckqk    : Phenotype API error. Event # evhb@4d9c11d4, EventCode: 7 [CONTEXT service_id=51 ]
11-26 20:44:23.995 26837 28271 E ckqk    : ckoo: 29505: No config packages for log source, or config package not registered
11-26 20:44:23.995 26837 28271 E ckqk    : 	at ckrk.b(:com.google.android.gms@234414038@23.44.14 (190400-580326705):79)
11-26 20:44:23.995 26837 28271 E ckqk    : 	at ckrh.h(:com.google.android.gms@234414038@23.44.14 (190400-580326705):3)
11-26 20:44:23.995 26837 28271 E ckqk    : 	at ckqk.g(:com.google.android.gms@234414038@23.44.14 (190400-580326705):18)
11-26 20:44:23.995 26837 28271 E ckqk    : 	at ckqk.f(:com.google.android.gms@234414038@23.44.14 (190400-580326705):11)
11-26 20:44:23.995 26837 28271 E ckqk    : 	at bfmo.fh(:com.google.android.gms@234414038@23.44.14 (190400-580326705):1)
11-26 20:44:23.995 26837 28271 E ckqk    : 	at bfmz.run(:com.google.android.gms@234414038@23.44.14 (190400-580326705):100)
11-26 20:44:23.995 26837 28271 E ckqk    : 	at dvlp.run(:com.google.android.gms@234414038@23.44.14 (190400-580326705):13)
11-26 20:44:23.995 26837 28271 E ckqk    : 	at ajls.c(:com.google.android.gms@234414038@23.44.14 (190400-580326705):50)
11-26 20:44:23.995 26837 28271 E ckqk    : 	at ajls.run(:com.google.android.gms@234414038@23.44.14 (190400-580326705):76)
11-26 20:44:23.995 26837 28271 E ckqk    : 	at java.util.concurrent.ThreadPoolExecutor.runWorker(ThreadPoolExecutor.java:1145)
11-26 20:44:23.995 26837 28271 E ckqk    : 	at java.util.concurrent.ThreadPoolExecutor$Worker.run(ThreadPoolExecutor.java:644)
11-26 20:44:23.995 26837 28271 E ckqk    : 	at ajqx.run(:com.google.android.gms@234414038@23.44.14 (190400-580326705):8)
11-26 20:44:23.995 26837 28271 E ckqk    : 	at java.lang.Thread.run(Thread.java:1012)
11-26 20:44:23.996 26837 28271 W AsyncOperation: operation=GetExperimentTokensOperationCall, opStatusCode=29505 [CONTEXT service_id=51 ]
11-26 20:44:23.996 26837 28271 W AsyncOperation: OperationException[Status{statusCode=No config packages for log source, or config package not registered, resolution=null}]
11-26 20:44:23.996 26837 28271 W AsyncOperation: 	at ckqk.g(:com.google.android.gms@234414038@23.44.14 (190400-580326705):48)
11-26 20:44:23.996 26837 28271 W AsyncOperation: 	at ckqk.f(:com.google.android.gms@234414038@23.44.14 (190400-580326705):11)
11-26 20:44:23.996 26837 28271 W AsyncOperation: 	at bfmo.fh(:com.google.android.gms@234414038@23.44.14 (190400-580326705):1)
11-26 20:44:23.996 26837 28271 W AsyncOperation: 	at bfmz.run(:com.google.android.gms@234414038@23.44.14 (190400-580326705):100)
11-26 20:44:23.996 26837 28271 W AsyncOperation: 	at dvlp.run(:com.google.android.gms@234414038@23.44.14 (190400-580326705):13)
11-26 20:44:23.996 26837 28271 W AsyncOperation: 	at ajls.c(:com.google.android.gms@234414038@23.44.14 (190400-580326705):50)
11-26 20:44:23.996 26837 28271 W AsyncOperation: 	at ajls.run(:com.google.android.gms@234414038@23.44.14 (190400-580326705):76)
11-26 20:44:23.996 26837 28271 W AsyncOperation: 	at java.util.concurrent.ThreadPoolExecutor.runWorker(ThreadPoolExecutor.java:1145)
11-26 20:44:23.996 26837 28271 W AsyncOperation: 	at java.util.concurrent.ThreadPoolExecutor$Worker.run(ThreadPoolExecutor.java:644)
11-26 20:44:23.996 26837 28271 W AsyncOperation: 	at ajqx.run(:com.google.android.gms@234414038@23.44.14 (190400-580326705):8)
11-26 20:44:23.996 26837 28271 W AsyncOperation: 	at java.lang.Thread.run(Thread.java:1012)
11-26 20:44:24.011   648   711 I SDM     : HWCDisplay::GetColorModeCount: Supported color mode count = 3
11-26 20:44:24.011   648   711 I SDM     : HWCDisplay::GetColorModes: Color mode = 0 is supported
11-26 20:44:24.011   648   711 I SDM     : HWCDisplay::GetColorModes: Color mode = 7 is supported
11-26 20:44:24.011   648   711 I SDM     : HWCDisplay::GetColorModes: Color mode = 9 is supported
11-26 20:44:24.012 31190 31228 E OpenGLRenderer: Unable to match the desired swap behavior.
11-26 20:44:24.015   595   595 I servicemanager: Could not find android.hardware.graphics.allocator.IAllocator/default in the VINTF manifest.
11-26 20:44:24.032  1795  2096 I ActivityTaskManager: Displayed com.chrome.canary/com.google.android.apps.chrome.Main: +299ms
11-26 20:44:24.033 31190 31221 I cr_PartnerCustUma: Partner Customization delegate: 0.
11-26 20:44:24.033 31190 31221 W cr_PartnerCustomize: Partner homepage must be HTTP(S) or NewTabPage. Got invalid URL ""
11-26 20:44:24.034  1011  1189 I ASH     : @ 374716.205: tcs3701: stop power rail pending_off timer
11-26 20:44:24.034  1011  1189 D ASH     : @ 374716.205: tcs3701: start power rail timer, state:3
11-26 20:44:24.038 31190 31190 I cr_CombinedPProvider: #linkNativeInternal() 0
11-26 20:44:24.038 31190 31190 I cr_PolicyProvider: #setManagerAndSource() 0
11-26 20:44:24.039  1795  2120 I AppZygote: Starting application preload.
11-26 20:44:24.039 31190 31190 I cr_PolicyCacheProvider: #refresh() true
11-26 20:44:24.042  2588  2588 I WallpaperService: engine paused
11-26 20:44:24.043 31238 31238 I AppZygoteInit: Beginning application preload for com.chrome.canary
11-26 20:44:24.043  1011  1011 I sensors-hal: [hal]activate_physical_sensor:251, android.sensor.gyroscope/41 en=0
11-26 20:44:24.044 31238 31238 W ziparchive: Unable to open '/data/app/~~xK2KNYhs7Vn18sxJkcMggA==/com.google.android.trichromelibrary.canary_614500033-17M9CAQF6V59_-2q0N8dYA==/base.dm': No such file or directory
11-26 20:44:24.044 31238 31238 W ziparchive: Unable to open '/data/app/~~xK2KNYhs7Vn18sxJkcMggA==/com.google.android.trichromelibrary.canary_614500033-17M9CAQF6V59_-2q0N8dYA==/base.dm': No such file or directory
11-26 20:44:24.045 31238 31238 W e.canary_zygote: Entry not found
11-26 20:44:24.045  1011  1011 D Diag_Lib: diag: Diag_LSM_DeInit: invoked for pid: 1011
11-26 20:44:24.045  1011  1011 D Diag_Lib: diag: Diag_LSM_DeInit: done for pid: 1011
11-26 20:44:24.048 31238 31238 D nativeloader: Configuring clns-4 for other apk /data/app/~~xK2KNYhs7Vn18sxJkcMggA==/com.google.android.trichromelibrary.canary_614500033-17M9CAQF6V59_-2q0N8dYA==/base.apk. target_sdk_version=34, uses_libraries=ALL, library_path=/data/app/~~z5-dMYmQLvS-4mWZ9yqnFA==/com.chrome.canary-7Pcck9f8OWCuqG0lIoq4tg==/lib/arm64:/data/app/~~z5-dMYmQLvS-4mWZ9yqnFA==/com.chrome.canary-7Pcck9f8OWCuqG0lIoq4tg==/base.apk!/lib/arm64-v8a:/data/app/~~xK2KNYhs7Vn18sxJkcMggA==/com.google.android.trichromelibrary.canary_614500033-17M9CAQF6V59_-2q0N8dYA==/base.apk!/lib/arm64-v8a, permitted_path=/data:/mnt/expand
11-26 20:44:24.052 26837 26837 E AbstractGmsTracer: Traced class shouldn't be obfuscated: ChimeraGetToken [CONTEXT service_id=259 ]
11-26 20:44:24.053  1011  1011 D Diag_Lib: diag: Diag_LSM_DeInit: invoked for pid: 1011
11-26 20:44:24.053  1011  1011 D Diag_Lib: diag: Diag_LSM_DeInit: done for pid: 1011
11-26 20:44:24.053  1011  1011 I sensors-hal: [hal]activate_physical_sensor:262, android.sensor.gyroscope/41 en=0 completed
11-26 20:44:24.056 31238 31238 D nativeloader: Configuring clns-5 for other apk /data/app/~~z5-dMYmQLvS-4mWZ9yqnFA==/com.chrome.canary-7Pcck9f8OWCuqG0lIoq4tg==/base.apk. target_sdk_version=34, uses_libraries=, library_path=/data/app/~~z5-dMYmQLvS-4mWZ9yqnFA==/com.chrome.canary-7Pcck9f8OWCuqG0lIoq4tg==/lib/arm64:/data/app/~~z5-dMYmQLvS-4mWZ9yqnFA==/com.chrome.canary-7Pcck9f8OWCuqG0lIoq4tg==/base.apk!/lib/arm64-v8a:/data/app/~~xK2KNYhs7Vn18sxJkcMggA==/com.google.android.trichromelibrary.canary_614500033-17M9CAQF6V59_-2q0N8dYA==/base.apk!/lib/arm64-v8a, permitted_path=/data:/mnt/expand
11-26 20:44:24.060 31238 31238 I cr_ZygotePreload: Loaded Zygote. version=121.0.6145.0 minSdkVersion=29 isBundle=true
11-26 20:44:24.063 26837  7408 W GmsStrictMode: DISK_READ [CONTEXT service_id=256 ]
11-26 20:44:24.063 26837  7408 W GmsStrictMode: android.os.strictmode.DiskReadViolation
11-26 20:44:24.063 26837  7408 W GmsStrictMode: 	at android.os.StrictMode$AndroidBlockGuardPolicy.onReadFromDisk(StrictMode.java:1658)
11-26 20:44:24.063 26837  7408 W GmsStrictMode: 	at libcore.io.BlockGuardOs.access(BlockGuardOs.java:74)
11-26 20:44:24.063 26837  7408 W GmsStrictMode: 	at libcore.io.ForwardingOs.access(ForwardingOs.java:128)
11-26 20:44:24.063 26837  7408 W GmsStrictMode: 	at android.app.ActivityThread$AndroidOs.access(ActivityThread.java:7795)
11-26 20:44:24.063 26837  7408 W GmsStrictMode: 	at java.io.UnixFileSystem.checkAccess(UnixFileSystem.java:313)
11-26 20:44:24.063 26837  7408 W GmsStrictMode: 	at java.io.File.exists(File.java:813)
11-26 20:44:24.063 26837  7408 W GmsStrictMode: 	at android.app.ContextImpl.getDataDir(ContextImpl.java:2962)
11-26 20:44:24.063 26837  7408 W GmsStrictMode: 	at android.app.ContextImpl.getFilesDir(ContextImpl.java:793)
11-26 20:44:24.063 26837  7408 W GmsStrictMode: 	at android.content.ContextWrapper.getFilesDir(ContextWrapper.java:282)
11-26 20:44:24.063 26837  7408 W GmsStrictMode: 	at android.content.ContextWrapper.getFilesDir(ContextWrapper.java:282)
11-26 20:44:24.063 26837  7408 W GmsStrictMode: 	at android.content.ContextWrapper.getFilesDir(ContextWrapper.java:282)
11-26 20:44:24.063 26837  7408 W GmsStrictMode: 	at android.content.ContextWrapper.getFilesDir(ContextWrapper.java:282)
11-26 20:44:24.063 26837  7408 W GmsStrictMode: 	at yux.<init>(:com.google.android.gms@234414038@23.44.14 (190400-580326705):6)
11-26 20:44:24.063 26837  7408 W GmsStrictMode: 	at ngy.<init>(:com.google.android.gms@234414038@23.44.14 (190400-580326705):3)
11-26 20:44:24.063 26837  7408 W GmsStrictMode: 	at com.google.android.gms.auth.ChimeraGetToken.onCreate(:com.google.android.gms@234414038@23.44.14 (190400-580326705):3)
11-26 20:44:24.063 26837  7408 W GmsStrictMode: 	at nnb.onCreate(:com.google.android.gms@234414038@23.44.14 (190400-580326705):18)
11-26 20:44:24.063 26837  7408 W GmsStrictMode: 	at ages.onCreate(:com.google.android.gms@234414038@23.44.14 (190400-580326705):16)
11-26 20:44:24.063 26837  7408 W GmsStrictMode: 	at android.app.ActivityThread.handleCreateService(ActivityThread.java:4485)
11-26 20:44:24.063 26837  7408 W GmsStrictMode: 	at android.app.ActivityThread.-$$Nest$mhandleCreateService(Unknown Source:0)
11-26 20:44:24.063 26837  7408 W GmsStrictMode: 	at android.app.ActivityThread$H.handleMessage(ActivityThread.java:2160)
11-26 20:44:24.063 26837  7408 W GmsStrictMode: 	at android.os.Handler.dispatchMessage(Handler.java:106)
11-26 20:44:24.063 26837  7408 W GmsStrictMode: 	at android.os.Looper.loopOnce(Looper.java:201)
11-26 20:44:24.063 26837  7408 W GmsStrictMode: 	at android.os.Looper.loop(Looper.java:288)
11-26 20:44:24.063 26837  7408 W GmsStrictMode: 	at android.app.ActivityThread.main(ActivityThread.java:7918)
11-26 20:44:24.063 26837  7408 W GmsStrictMode: 	at java.lang.reflect.Method.invoke(Native Method)
11-26 20:44:24.063 26837  7408 W GmsStrictMode: 	at com.android.internal.os.RuntimeInit$MethodAndArgsCaller.run(RuntimeInit.java:548)
11-26 20:44:24.063 26837  7408 W GmsStrictMode: 	at com.android.internal.os.ZygoteInit.main(ZygoteInit.java:936)
11-26 20:44:24.063 26837  7408 W GmsStrictMode: DISK_READ [CONTEXT service_id=256 ]
11-26 20:44:24.063 26837  7408 W GmsStrictMode: android.os.strictmode.DiskReadViolation
11-26 20:44:24.063 26837  7408 W GmsStrictMode: 	at android.os.StrictMode$AndroidBlockGuardPolicy.onReadFromDisk(StrictMode.java:1658)
11-26 20:44:24.063 26837  7408 W GmsStrictMode: 	at libcore.io.BlockGuardOs.access(BlockGuardOs.java:74)
11-26 20:44:24.063 26837  7408 W GmsStrictMode: 	at libcore.io.ForwardingOs.access(ForwardingOs.java:128)
11-26 20:44:24.063 26837  7408 W GmsStrictMode: 	at android.app.ActivityThread$AndroidOs.access(ActivityThread.java:7795)
11-26 20:44:24.063 26837  7408 W GmsStrictMode: 	at java.io.UnixFileSystem.checkAccess(UnixFileSystem.java:313)
11-26 20:44:24.063 26837  7408 W GmsStrictMode: 	at java.io.File.exists(File.java:813)
11-26 20:44:24.063 26837  7408 W GmsStrictMode: 	at android.app.ContextImpl.ensurePrivateDirExists(ContextImpl.java:759)
11-26 20:44:24.063 26837  7408 W GmsStrictMode: 	at android.app.ContextImpl.ensurePrivateDirExists(ContextImpl.java:750)
11-26 20:44:24.063 26837  7408 W GmsStrictMode: 	at android.app.ContextImpl.getFilesDir(ContextImpl.java:795)
11-26 20:44:24.063 26837  7408 W GmsStrictMode: 	at android.content.ContextWrapper.getFilesDir(ContextWrapper.java:282)
11-26 20:44:24.063 26837  7408 W GmsStrictMode: 	at android.content.ContextWrapper.getFilesDir(ContextWrapper.java:282)
11-26 20:44:24.063 26837  7408 W GmsStrictMode: 	at android.content.ContextWrapper.getFilesDir(ContextWrapper.java:282)
11-26 20:44:24.063 26837  7408 W GmsStrictMode: 	at android.content.ContextWrapper.getFilesDir(ContextWrapper.java:282)
11-26 20:44:24.063 26837  7408 W GmsStrictMode: 	at yux.<init>(:com.google.android.gms@234414038@23.44.14 (190400-580326705):6)
11-26 20:44:24.063 26837  7408 W GmsStrictMode: 	at ngy.<init>(:com.google.android.gms@234414038@23.44.14 (190400-580326705):3)
11-26 20:44:24.063 26837  7408 W GmsStrictMode: 	at com.google.android.gms.auth.ChimeraGetToken.onCreate(:com.google.android.gms@234414038@23.44.14 (190400-580326705):3)
11-26 20:44:24.063 26837  7408 W GmsStrictMode: 	at nnb.onCreate(:com.google.android.gms@234414038@23.44.14 (190400-580326705):18)
11-26 20:44:24.063 26837  7408 W GmsStrictMode: 	at ages.onCreate(:com.google.android.gms@234414038@23.44.14 (190400-580326705):16)
11-26 20:44:24.063 26837  7408 W GmsStrictMode: 	at android.app.ActivityThread.handleCreateService(ActivityThread.java:4485)
11-26 20:44:24.063 26837  7408 W GmsStrictMode: 	at android.app.ActivityThread.-$$Nest$mhandleCreateService(Unknown Source:0)
11-26 20:44:24.063 26837  7408 W GmsStrictMode: 	at android.app.ActivityThread$H.handleMessage(ActivityThread.java:2160)
11-26 20:44:24.063 26837  7408 W GmsStrictMode: 	at android.os.Handler.dispatchMessage(Handler.java:106)
11-26 20:44:24.063 26837  7408 W GmsStrictMode: 	at android.os.Looper.loopOnce(Looper.java:201)
11-26 20:44:24.063 26837  7408 W GmsStrictMode: 	at android.os.Looper.loop(Looper.java:288)
11-26 20:44:24.063 26837  7408 W GmsStrictMode: 	at android.app.ActivityThread.main(ActivityThread.java:7918)
11-26 20:44:24.063 26837  7408 W GmsStrictMode: 	at java.lang.reflect.Method.invoke(Native Method)
11-26 20:44:24.063 26837  7408 W GmsStrictMode: 	at com.android.internal.os.RuntimeInit$MethodAndArgsCaller.run(RuntimeInit.java:548)
11-26 20:44:24.063 26837  7408 W GmsStrictMode: 	at com.android.internal.os.ZygoteInit.main(ZygoteInit.java:936)
11-26 20:44:24.063 26837  7408 W GmsStrictMode: DISK_READ [CONTEXT service_id=256 ]
11-26 20:44:24.063 26837  7408 W GmsStrictMode: android.os.strictmode.DiskReadViolation
11-26 20:44:24.063 26837  7408 W GmsStrictMode: 	at android.os.StrictMode$AndroidBlockGuardPolicy.onReadFromDisk(StrictMode.java:1658)
11-26 20:44:24.063 26837  7408 W GmsStrictMode: 	at libcore.io.BlockGuardOs.access(BlockGuardOs.java:74)
11-26 20:44:24.063 26837  7408 W GmsStrictMode: 	at libcore.io.ForwardingOs.access(ForwardingOs.java:128)
11-26 20:44:24.063 26837  7408 W GmsStrictMode: 	at android.app.ActivityThread$AndroidOs.access(ActivityThread.java:7795)
11-26 20:44:24.063 26837  7408 W GmsStrictMode: 	at java.io.UnixFileSystem.checkAccess(UnixFileSystem.java:313)
11-26 20:44:24.063 26837  7408 W GmsStrictMode: 	at java.io.File.exists(File.java:813)
11-26 20:44:24.063 26837  7408 W GmsStrictMode: 	at android.app.ContextImpl.ensurePrivateDirExists(ContextImpl.java:759)
11-26 20:44:24.063 26837  7408 W GmsStrictMode: 	at android.app.ContextImpl.ensurePrivateDirExists(ContextImpl.java:750)
11-26 20:44:24.063 26837  7408 W GmsStrictMode: 	at android.app.ContextImpl.getFilesDir(ContextImpl.java:795)
11-26 20:44:24.063 26837  7408 W GmsStrictMode: 	at android.content.ContextWrapper.getFilesDir(ContextWrapper.java:282)
11-26 20:44:24.063 26837  7408 W GmsStrictMode: 	at android.content.ContextWrapper.getFilesDir(ContextWrapper.java:282)
11-26 20:44:24.063 26837  7408 W GmsStrictMode: 	at android.content.ContextWrapper.getFilesDir(ContextWrapper.java:282)
11-26 20:44:24.063 26837  7408 W GmsStrictMode: 	at yux.<init>(:com.google.android.gms@234414038@23.44.14 (190400-580326705):6)
11-26 20:44:24.063 26837  7408 W GmsStrictMode: 	at srw.<init>(:com.google.android.gms@234414038@23.44.14 (190400-580326705):33)
11-26 20:44:24.063 26837  7408 W GmsStrictMode: 	at sru.<init>(:com.google.android.gms@234414038@23.44.14 (190400-580326705):31)
11-26 20:44:24.063 26837  7408 W GmsStrictMode: 	at ngy.<init>(:com.google.android.gms@234414038@23.44.14 (190400-580326705):6)
11-26 20:44:24.063 26837  7408 W GmsStrictMode: 	at com.google.android.gms.auth.ChimeraGetToken.onCreate(:com.google.android.gms@234414038@23.44.14 (190400-580326705):3)
11-26 20:44:24.063 26837  7408 W GmsStrictMode: 	at nnb.onCreate(:com.google.android.gms@234414038@23.44.14 (190400-580326705):18)
11-26 20:44:24.063 26837  7408 W GmsStrictMode: 	at ages.onCreate(:com.google.android.gms@234414038@23.44.14 (190400-580326705):16)
11-26 20:44:24.063 26837  7408 W GmsStrictMode: 	at android.app.ActivityThread.handleCreateService(ActivityThread.java:4485)
11-26 20:44:24.063 26837  7408 W GmsStrictMode: 	at android.app.ActivityThread.-$$Nest$mhandleCreateService(Unknown Source:0)
11-26 20:44:24.063 26837  7408 W GmsStrictMode: 	at android.app.ActivityThread$H.handleMessage(ActivityThread.java:2160)
11-26 20:44:24.063 26837  7408 W GmsStrictMode: 	at android.os.Handler.dispatchMessage(Handler.java:106)
11-26 20:44:24.063 26837  7408 W GmsStrictMode: 	at android.os.Looper.loopOnce(Looper.java:201)
11-26 20:44:24.063 26837  7408 W GmsStrictMode: 	at android.os.Looper.loop(Looper.java:288)
11-26 20:44:24.063 26837  7408 W GmsStrictMode: 	at android.app.ActivityThread.main(ActivityThread.java:7918)
11-26 20:44:24.063 26837  7408 W GmsStrictMode: 	at java.lang.reflect.Method.invoke(Native Method)
11-26 20:44:24.063 26837  7408 W GmsStrictMode: 	at com.android.internal.os.RuntimeInit$MethodAndArgsCaller.run(RuntimeInit.java:548)
11-26 20:44:24.063 26837  7408 W GmsStrictMode: 	at com.android.internal.os.ZygoteInit.main(ZygoteInit.java:936)
11-26 20:44:24.064 26837  7408 W GmsStrictMode: DISK_READ [CONTEXT service_id=256 ]
11-26 20:44:24.064 26837  7408 W GmsStrictMode: android.os.strictmode.DiskReadViolation
11-26 20:44:24.064 26837  7408 W GmsStrictMode: 	at android.os.StrictMode$AndroidBlockGuardPolicy.onReadFromDisk(StrictMode.java:1658)
11-26 20:44:24.064 26837  7408 W GmsStrictMode: 	at libcore.io.BlockGuardOs.access(BlockGuardOs.java:74)
11-26 20:44:24.064 26837  7408 W GmsStrictMode: 	at libcore.io.ForwardingOs.access(ForwardingOs.java:128)
11-26 20:44:24.064 26837  7408 W GmsStrictMode: 	at android.app.ActivityThread$AndroidOs.access(ActivityThread.java:7795)
11-26 20:44:24.064 26837  7408 W GmsStrictMode: 	at java.io.UnixFileSystem.checkAccess(UnixFileSystem.java:313)
11-26 20:44:24.064 26837  7408 W GmsStrictMode: 	at java.io.File.exists(File.java:813)
11-26 20:44:24.064 26837  7408 W GmsStrictMode: 	at android.app.ContextImpl.ensurePrivateDirExists(ContextImpl.java:759)
11-26 20:44:24.064 26837  7408 W GmsStrictMode: 	at android.app.ContextImpl.ensurePrivateDirExists(ContextImpl.java:750)
11-26 20:44:24.064 26837  7408 W GmsStrictMode: 	at android.app.ContextImpl.getFilesDir(ContextImpl.java:795)
11-26 20:44:24.064 26837  7408 W GmsStrictMode: 	at android.content.ContextWrapper.getFilesDir(ContextWrapper.java:282)
11-26 20:44:24.064 26837  7408 W GmsStrictMode: 	at android.content.ContextWrapper.getFilesDir(ContextWrapper.java:282)
11-26 20:44:24.064 26837  7408 W GmsStrictMode: 	at android.content.ContextWrapper.getFilesDir(ContextWrapper.java:282)
11-26 20:44:24.064 26837  7408 W GmsStrictMode: 	at yux.<init>(:com.google.android.gms@234414038@23.44.14 (190400-580326705):6)
11-26 20:44:24.064 26837  7408 W GmsStrictMode: 	at sru.<init>(:com.google.android.gms@234414038@23.44.14 (190400-580326705):139)
11-26 20:44:24.064 26837  7408 W GmsStrictMode: 	at ngy.<init>(:com.google.android.gms@234414038@23.44.14 (190400-580326705):6)
11-26 20:44:24.064 26837  7408 W GmsStrictMode: 	at com.google.android.gms.auth.ChimeraGetToken.onCreate(:com.google.android.gms@234414038@23.44.14 (190400-580326705):3)
11-26 20:44:24.064 26837  7408 W GmsStrictMode: 	at nnb.onCreate(:com.google.android.gms@234414038@23.44.14 (190400-580326705):18)
11-26 20:44:24.064 26837  7408 W GmsStrictMode: 	at ages.onCreate(:com.google.android.gms@234414038@23.44.14 (190400-580326705):16)
11-26 20:44:24.064 26837  7408 W GmsStrictMode: 	at android.app.ActivityThread.handleCreateService(ActivityThread.java:4485)
11-26 20:44:24.064 26837  7408 W GmsStrictMode: 	at android.app.ActivityThread.-$$Nest$mhandleCreateService(Unknown Source:0)
11-26 20:44:24.064 26837  7408 W GmsStrictMode: 	at android.app.ActivityThread$H.handleMessage(ActivityThread.java:2160)
11-26 20:44:24.064 26837  7408 W GmsStrictMode: 	at android.os.Handler.dispatchMessage(Handler.java:106)
11-26 20:44:24.064 26837  7408 W GmsStrictMode: 	at android.os.Looper.loopOnce(Looper.java:201)
11-26 20:44:24.064 26837  7408 W GmsStrictMode: 	at android.os.Looper.loop(Looper.java:288)
11-26 20:44:24.064 26837  7408 W GmsStrictMode: 	at android.app.ActivityThread.main(ActivityThread.java:7918)
11-26 20:44:24.064 26837  7408 W GmsStrictMode: 	at java.lang.reflect.Method.invoke(Native Method)
11-26 20:44:24.064 26837  7408 W GmsStrictMode: 	at com.android.internal.os.RuntimeInit$MethodAndArgsCaller.run(RuntimeInit.java:548)
11-26 20:44:24.064 26837  7408 W GmsStrictMode: 	at com.android.internal.os.ZygoteInit.main(ZygoteInit.java:936)
11-26 20:44:24.067 31238 31238 I cr_LibraryLoader: Loading monochrome_64 from within /data/app/~~z5-dMYmQLvS-4mWZ9yqnFA==/com.chrome.canary-7Pcck9f8OWCuqG0lIoq4tg==/base.apk
11-26 20:44:24.067 31238 31238 I cr_Linker: loadLibraryImplLocked: monochrome_64, relroMode=1
11-26 20:44:24.075  1011  1189 I ASH     : @ 374716.245: tcs3701: stop power rail pending_off timer
11-26 20:44:24.075  1011  1189 D ASH     : @ 374716.245: tcs3701: start power rail timer, state:3
11-26 20:44:24.084  1795  2120 I AppZygote: Application preload done.
11-26 20:44:24.084 31238 31238 I AppZygoteInit: Application preload done
11-26 20:44:24.097 31238 31244 W e.canary_zygote: Reducing the number of considered missed Gc histogram windows from 35688 to 100
11-26 20:44:24.099 31238 31238 I Zygote  : Entering forkRepeatedly native zygote loop
11-26 20:44:24.107 31190 31190 I chromium: [INFO:policy_logger.cc(144)] :components/enterprise/browser/controller/chrome_browser_cloud_management_controller.cc(273) Deferring CBCM Controller Initialization until it is unblocked.
11-26 20:44:24.108 31238 31238 D Zygote  : Forked child process 31264
11-26 20:44:24.110  1795  2120 W ActivityManager: Slow operation: 133ms so far, now at startProcess: returned from zygote!
11-26 20:44:24.110  1795  2120 W ActivityManager: Slow operation: 134ms so far, now at startProcess: done updating battery stats
11-26 20:44:24.110  1795  2120 W ActivityManager: Slow operation: 134ms so far, now at startProcess: building log message
11-26 20:44:24.110  1795  2120 I ActivityManager: Start proc 31264:com.chrome.canary:sandboxed_process0:org.chromium.content.app.SandboxedProcessService0:0/u0ai0 for  {com.chrome.canary/org.chromium.content.app.SandboxedProcessService0:0}
11-26 20:44:24.110  1795  2120 W ActivityManager: Slow operation: 134ms so far, now at startProcess: starting to update pids map
11-26 20:44:24.111  1795  2120 W ActivityManager: Slow operation: 134ms so far, now at startProcess: done updating pids map
11-26 20:44:24.112   987   987 I Zygote  : Entering forkRepeatedly native zygote loop
11-26 20:44:24.112 31264 31264 E libc    : SetHeapTaggingLevel: re-enabling tagging after it was disabled is not supported
11-26 20:44:24.114  1011  1189 I ASH     : @ 374716.285: tcs3701: stop power rail pending_off timer
11-26 20:44:24.114  1011  1189 D ASH     : @ 374716.285: tcs3701: start power rail timer, state:3
11-26 20:44:24.115 31264 31264 I ocessService0:0: Using CollectorTypeCC GC.
11-26 20:44:24.123   987   987 D Zygote  : Forked child process 31272
11-26 20:44:24.124  1795  2120 I ActivityManager: Start proc 31272:com.chrome.canary:privileged_process0/u0a10 for service {com.chrome.canary/org.chromium.content.app.PrivilegedProcessService0}
11-26 20:44:24.127 31190 31190 I chromium: [INFO:primary_account_manager.cc(681)] Removed account from account tracker service: 100083609849983621492
11-26 20:44:24.130  1383  1442 I adbd    : jdwp connection from 31264
11-26 20:44:24.131 31272 31272 I ileged_process0: Using CollectorTypeCC GC.
11-26 20:44:24.137  1383  1442 I adbd    : jdwp connection from 31272
11-26 20:44:24.140  3657  4525 D ForegroundUtils: Foreground UID status:
11-26 20:44:24.140  3657  4525 D ForegroundUtils: UID: 10010 is in foreground: true
11-26 20:44:24.140  3657  4525 D ForegroundUtils: UID: 10128 is in foreground: true
11-26 20:44:24.140  3657  4525 D ForegroundUtils: UID: 10158 is in foreground: true
