11-26 20:29:30.113  1011  1189 I ASH     : @ 373822.285: tcs3701: stop power rail pending_off timer
11-26 20:29:30.113  1011  1189 D ASH     : @ 373822.285: tcs3701: start power rail timer, state:3
11-26 20:29:30.117  7978  8004 E cr_ChromiumAndroidLinker: RelroIsIdentical: Incoming RELRO size does not match RELRO of the loaded library
11-26 20:29:30.117  7978  8004 E cr_ChromiumAndroidLinker: CompareRelroAndReplaceItBy: RELRO is not identical
11-26 20:29:30.122  7978  8004 I cr_LibraryLoader: Successfully loaded native library
11-26 20:29:30.122  7978  8004 I cr_CachingUmaRecorder: Flushed 4 samples from 4 histograms, 0 samples were dropped.
11-26 20:29:30.123  1795  3716 D CompatibilityChangeReporter: Compat change id reported: 182734110; UID 10010; state: ENABLED
11-26 20:29:30.125  1795  3716 D CompatibilityChangeReporter: Compat change id reported: 149924527; UID 10010; state: ENABLED
11-26 20:29:30.126  1795  3716 D CompatibilityChangeReporter: Compat change id reported: 132649864; UID 10010; state: DISABLED
11-26 20:29:30.127  7887  7952 W chromium: [WARNING:ev_root_ca_metadata.cc(119)] Not implemented
11-26 20:29:30.127  7887  7952 W chromium: [WARNING:ev_root_ca_metadata.cc(119)] Not implemented
11-26 20:29:30.134  7887  7955 I tflite  : Initialized TensorFlow Lite runtime.
11-26 20:29:30.136  7887  7955 W libc    : Access denied finding property "ro.mediatek.platform"
11-26 20:29:30.136  7887  7955 W libc    : Access denied finding property "ro.chipname"
11-26 20:29:30.136  7887  7955 W libc    : Access denied finding property "ro.hardware.chipname"
11-26 20:29:30.147  7887  7887 I cr_ChromeTabbedActivity: #initializeState
11-26 20:29:30.153  1011  1189 I ASH     : @ 373822.325: tcs3701: stop power rail pending_off timer
11-26 20:29:30.153  1011  1189 D ASH     : @ 373822.325: tcs3701: start power rail timer, state:3
11-26 20:29:30.154  7978  8004 I AdrenoGLES-0: QUALCOMM build                   : 4783c89, I46ff5fc46f
11-26 20:29:30.154  7978  8004 I AdrenoGLES-0: Build Date                       : 11/30/20
11-26 20:29:30.154  7978  8004 I AdrenoGLES-0: OpenGL ES Shader Compiler Version: EV031.31.04.01
11-26 20:29:30.154  7978  8004 I AdrenoGLES-0: Local Branch                     : QPR2
11-26 20:29:30.154  7978  8004 I AdrenoGLES-0: Remote Branch                    : 
11-26 20:29:30.154  7978  8004 I AdrenoGLES-0: Remote Branch                    : 
11-26 20:29:30.154  7978  8004 I AdrenoGLES-0: Reconstruct Branch               : 
11-26 20:29:30.154  7978  8004 I AdrenoGLES-0: Build Config                     : S P 10.0.4 AArch64
11-26 20:29:30.154  7978  8004 I AdrenoGLES-0: Driver Path                      : /vendor/lib64/egl/libGLESv2_adreno.so
11-26 20:29:30.158  7978  8004 I AdrenoGLES-0: PFP: 0x016dd093, ME: 0x00000000
11-26 20:29:30.159  7978  8004 W AdrenoUtils: <ReadGpuID_from_sysfs:197>: Failed to open /sys/class/kgsl/kgsl-3d0/gpu_model
11-26 20:29:30.159  7978  8004 W AdrenoUtils: <ReadGpuID:221>: Failed to read chip ID from gpu_model. Fallback to use the GSL path
11-26 20:29:30.167  7887  7887 E m.chrome.canary: Invalid ID 0x00000000.
11-26 20:29:30.178 26741 26741 D BoundBrokerSvc: onBind: Intent { act=com.google.android.gms.languageprofile.service.START pkg=com.google.android.gms }
11-26 20:29:30.178 26741 26741 D BoundBrokerSvc: Loading bound service for intent: Intent { act=com.google.android.gms.languageprofile.service.START pkg=com.google.android.gms }
11-26 20:29:30.179 26741 26741 E AbstractGmsTracer: Traced class shouldn't be obfuscated: LanguageProfileChimeraService [CONTEXT service_id=259 ]
11-26 20:29:30.183  7978  8004 D vulkan  : searching for layers in '/data/app/~~z5-dMYmQLvS-4mWZ9yqnFA==/com.chrome.canary-7Pcck9f8OWCuqG0lIoq4tg==/lib/arm64'
11-26 20:29:30.184  7978  8004 D vulkan  : searching for layers in '/data/app/~~z5-dMYmQLvS-4mWZ9yqnFA==/com.chrome.canary-7Pcck9f8OWCuqG0lIoq4tg==/base.apk!/lib/arm64-v8a'
11-26 20:29:30.184  7978  8004 D vulkan  : searching for layers in '/data/app/~~xK2KNYhs7Vn18sxJkcMggA==/com.google.android.trichromelibrary.canary_614500033-17M9CAQF6V59_-2q0N8dYA==/base.apk!/lib/arm64-v8a'
11-26 20:29:30.186 26741 26741 E AbstractGmsTracer: Traced class shouldn't be obfuscated: GmsIntentOperationChimeraService [CONTEXT service_id=259 ]
11-26 20:29:30.189  7978  8004 I AdrenoVK-0: ===== BEGIN DUMP OF OVERRIDDEN SETTINGS =====
11-26 20:29:30.189  7978  8004 I AdrenoVK-0: ===== END DUMP OF OVERRIDDEN SETTINGS =====
11-26 20:29:30.189  7978  8004 I AdrenoVK-0: QUALCOMM build          : 4783c89, I46ff5fc46f
11-26 20:29:30.189  7978  8004 I AdrenoVK-0: Build Date              : 11/30/20
11-26 20:29:30.189  7978  8004 I AdrenoVK-0: Shader Compiler Version : EV031.31.04.01
11-26 20:29:30.189  7978  8004 I AdrenoVK-0: Local Branch            : QPR2
11-26 20:29:30.189  7978  8004 I AdrenoVK-0: Remote Branch           : 
11-26 20:29:30.189  7978  8004 I AdrenoVK-0: Remote Branch           : 
11-26 20:29:30.189  7978  8004 I AdrenoVK-0: Reconstruct Branch      : 
11-26 20:29:30.189  7978  8004 I AdrenoVK-0: Build Config            : S P 10.0.4 AArch64
11-26 20:29:30.189  7978  8004 I AdrenoVK-0: Driver Path             : /vendor/lib64/hw/vulkan.adreno.so
11-26 20:29:30.192 26741  8006 E AbstractGmsTracer: Traced class shouldn't be obfuscated: AccountsChangedIntentOperation [CONTEXT service_id=259 ]
11-26 20:29:30.193  1011  1189 I ASH     : @ 373822.365: tcs3701: stop power rail pending_off timer
11-26 20:29:30.193  1011  1189 D ASH     : @ 373822.365: tcs3701: start power rail timer, state:3
11-26 20:29:30.200  7887  7887 V MediaRouter: Selecting route: RouteInfo{ name=Phone, description=null, status=null, category=RouteCategory{ name=System types=ROUTE_TYPE_LIVE_AUDIO ROUTE_TYPE_LIVE_VIDEO  groupable=false }, supportedTypes=ROUTE_TYPE_LIVE_AUDIO ROUTE_TYPE_LIVE_VIDEO , presentationDisplay=null }
11-26 20:29:30.200  7887  7887 I MediaRouter: Skip setBluetoothA2dpOn(): types=8388615, isPlaybackActive()=false, BT route=null
11-26 20:29:30.201  7887  7887 W m.chrome.canary: Accessing hidden field Landroid/media/MediaRouter;->sStatic:Landroid/media/MediaRouter$Static; (max-target-o, reflection, denied)
11-26 20:29:30.203  7887  7887 I GlobalMediaRouter: Found default route: MediaRouter.RouteInfo{ uniqueId=DEFAULT_ROUTE, name=Phone, description=null, iconUri=null, enabled=true, isSystemRoute=true, connectionState=0, canDisconnect=false, playbackType=0, playbackStream=3, deviceType=0, volumeHandling=1, volume=0, volumeMax=25, presentationDisplayId=-1, extras=null, settingsIntent=null, providerPackageName=android }
11-26 20:29:30.203  7887  7887 I GlobalMediaRouter: Unselecting the current route because it is no longer selectable: null
11-26 20:29:30.207  7978  8014 W Parcel  : Expecting binder but got null!
11-26 20:29:30.217  7887  7962 W cr_media: BLUETOOTH_CONNECT permission is missing.
11-26 20:29:30.217  7887  7962 W cr_media: registerBluetoothIntentsIfNeeded: Requires BLUETOOTH permission
11-26 20:29:30.223  7961  7995 I cr_LibraryLoader: Successfully loaded native library
11-26 20:29:30.224  7961  7995 I cr_CachingUmaRecorder: Flushed 3 samples from 3 histograms, 0 samples were dropped.
11-26 20:29:30.234  1011  1189 I ASH     : @ 373822.405: tcs3701: stop power rail pending_off timer
11-26 20:29:30.234  1011  1189 D ASH     : @ 373822.405: tcs3701: start power rail timer, state:3
11-26 20:29:30.244  7887  7955 W chromium: [WARNING:ev_root_ca_metadata.cc(119)] Not implemented
11-26 20:29:30.244  7887  7955 W chromium: [WARNING:ev_root_ca_metadata.cc(119)] Not implemented
11-26 20:29:30.265  7961  8020 E ocessService0:0: Unable to resolve path '/data/app/~~z5-dMYmQLvS-4mWZ9yqnFA==/com.chrome.canary-7Pcck9f8OWCuqG0lIoq4tg==/base.apk': Operation not permitted
11-26 20:29:30.265  7961  8020 E ocessService0:0: Failed to madvise file /data/app/~~z5-dMYmQLvS-4mWZ9yqnFA==/com.chrome.canary-7Pcck9f8OWCuqG0lIoq4tg==/oat/arm64/split_stack_unwinder.odex for size:4096: Operation not permitted
11-26 20:29:30.265  7961  8020 E ocessService0:0: Failed to madvise file /data/app/~~z5-dMYmQLvS-4mWZ9yqnFA==/com.chrome.canary-7Pcck9f8OWCuqG0lIoq4tg==/split_stack_unwinder.apk for size:4096: Operation not permitted
11-26 20:29:30.267  7961  8020 E linker  : readlink("/proc/self/fd/99") failed: Operation not permitted [fd=99]
11-26 20:29:30.267  7961  8020 E linker  : warning: unable to get realpath for the library "/data/app/~~z5-dMYmQLvS-4mWZ9yqnFA==/com.chrome.canary-7Pcck9f8OWCuqG0lIoq4tg==/split_stack_unwinder.apk!/lib/arm64-v8a/libmonochrome_64_stack_unwinder_partition.so". Will use given path.
11-26 20:29:30.271  1795  2735 W InputManager-JNI: Input channel object '6c7bcb2 Splash Screen com.chrome.canary (client)' was disposed without first being removed with the input manager!
11-26 20:29:30.273  1011  1189 I ASH     : @ 373822.445: tcs3701: stop power rail pending_off timer
11-26 20:29:30.273  1011  1189 D ASH     : @ 373822.445: tcs3701: start power rail timer, state:3
11-26 20:29:30.274 26741 26741 E AbstractGmsTracer: Traced class shouldn't be obfuscated: LanguageProfileGcmTaskChimeraService [CONTEXT service_id=259 ]
11-26 20:29:30.275 26741 26741 E AbstractGmsTracer: Traced class shouldn't be obfuscated: LanguageProfileGcmTaskChimeraService [CONTEXT service_id=259 ]
11-26 20:29:30.276  3657  4525 D ForegroundUtils: Foreground UID status:
11-26 20:29:30.276  3657  4525 D ForegroundUtils: UID: 10010 is in foreground: true
11-26 20:29:30.276  3657  4525 D ForegroundUtils: UID: 10128 is in foreground: true
11-26 20:29:30.276  3657  4525 D ForegroundUtils: UID: 10158 is in foreground: true
11-26 20:29:30.276  3657  4525 D ForegroundUtils: UID: 10189 is in foreground: false
11-26 20:29:30.276  3657  4525 D ForegroundUtils: UID: 10194 is in foreground: true
11-26 20:29:30.276  3657  4525 D ForegroundUtils: UID: 10206 is in foreground: false
11-26 20:29:30.276  3657  4525 D ForegroundUtils: UID: 10233 is in foreground: true
11-26 20:29:30.276  3657  4525 D ForegroundUtils: UID: 10244 is in foreground: false
11-26 20:29:30.276  3657  4525 D ForegroundUtils: UID: 10319 is in foreground: true
11-26 20:29:30.276  3657  4525 D ForegroundUtils: UID: 90000 is in foreground: true
11-26 20:29:30.277  3875  3875 I dzhj    : onStop
11-26 20:29:30.278  2940  3994 D OneSearchSuggestProvider: Shut down the binder channel
11-26 20:29:30.279  2940 32579 I s.nexuslauncher: oneway function results for code 2 on binder at 0xb4000070951ff580 will be dropped but finished with status UNKNOWN_TRANSACTION
11-26 20:29:30.282 26837  7855 I NetworkScheduler.Stats: (REDACTED) Task %s/%s started execution. cause:%s exec_start_elapsed_seconds: %s
11-26 20:29:30.302  7887  7955 W chromium: [WARNING:ev_root_ca_metadata.cc(119)] Not implemented
11-26 20:29:30.302  7887  7955 W chromium: [WARNING:ev_root_ca_metadata.cc(119)] Not implemented
11-26 20:29:30.305 26837 27261 I FontLog : (REDACTED) Received query %s, URI %s
11-26 20:29:30.306 26837 27261 I FontLog : (REDACTED) Query [%s] resolved to %s
11-26 20:29:30.307 26837 27261 I FontLog : (REDACTED) Font PFD returned from cache for %s
11-26 20:29:30.307 26837 27261 I FontLog : (REDACTED) Fetch %s end status %s
11-26 20:29:30.310  7887  7960 W chromium: [WARNING:ev_root_ca_metadata.cc(119)] Not implemented
11-26 20:29:30.310 26837 27261 I FontLog : (REDACTED) Pulling font file for id = %d, cache size = %d
11-26 20:29:30.310  7978  8015 I AdrenoVK-0: QUALCOMM build          : 4783c89, I46ff5fc46f
11-26 20:29:30.310  7978  8015 I AdrenoVK-0: Build Date              : 11/30/20
11-26 20:29:30.310  7978  8015 I AdrenoVK-0: Shader Compiler Version : EV031.31.04.01
11-26 20:29:30.310  7978  8015 I AdrenoVK-0: Local Branch            : QPR2
11-26 20:29:30.310  7978  8015 I AdrenoVK-0: Remote Branch           : 
11-26 20:29:30.310  7978  8015 I AdrenoVK-0: Remote Branch           : 
11-26 20:29:30.310  7978  8015 I AdrenoVK-0: Reconstruct Branch      : 
11-26 20:29:30.310  7978  8015 I AdrenoVK-0: Build Config            : S P 10.0.4 AArch64
11-26 20:29:30.311  7978  8015 I AdrenoVK-0: Driver Path             : /vendor/lib64/hw/vulkan.adreno.so
11-26 20:29:30.313 26837 27261 I FontLog : (REDACTED) Received query %s, URI %s
11-26 20:29:30.313 26837 27261 I FontLog : (REDACTED) Query [%s] resolved to %s
11-26 20:29:30.314 26837 27261 I FontLog : (REDACTED) Fetch %s end status %s
11-26 20:29:30.315  1011  1189 I ASH     : @ 373822.485: tcs3701: stop power rail pending_off timer
11-26 20:29:30.315  1011  1189 D ASH     : @ 373822.485: tcs3701: start power rail timer, state:3
11-26 20:29:30.317 26837 27261 I FontLog : (REDACTED) Pulling font file for id = %d, cache size = %d
11-26 20:29:30.319  2513  2546 W FrameTracker: Missing HWUI jank callback for vsyncId: 192795903, CUJ=J<SPLASHSCREEN_EXIT_ANIM>
11-26 20:29:30.320  2513  2546 W FrameTracker: Missing HWUI jank callback for vsyncId: 192796062, CUJ=J<SPLASHSCREEN_EXIT_ANIM>
11-26 20:29:30.320  2513  2546 W FrameTracker: Missing HWUI jank callback for vsyncId: 192796106, CUJ=J<SPLASHSCREEN_EXIT_ANIM>
11-26 20:29:30.320  2513  2546 W FrameTracker: Missing HWUI jank callback for vsyncId: 192796196, CUJ=J<SPLASHSCREEN_EXIT_ANIM>
11-26 20:29:30.320  2513  2546 W FrameTracker: Missing HWUI jank callback for vsyncId: 192796226, CUJ=J<SPLASHSCREEN_EXIT_ANIM>
11-26 20:29:30.320  2513  2546 W FrameTracker: Missing HWUI jank callback for vsyncId: 192796271, CUJ=J<SPLASHSCREEN_EXIT_ANIM>
11-26 20:29:30.320  2513  2546 W FrameTracker: Missing HWUI jank callback for vsyncId: 192796316, CUJ=J<SPLASHSCREEN_EXIT_ANIM>
11-26 20:29:30.320  2513  2546 W FrameTracker: Missing HWUI jank callback for vsyncId: 192796376, CUJ=J<SPLASHSCREEN_EXIT_ANIM>
11-26 20:29:30.320  2513  2546 W FrameTracker: Missing HWUI jank callback for vsyncId: 192796421, CUJ=J<SPLASHSCREEN_EXIT_ANIM>
11-26 20:29:30.322 26837 27261 I FontLog : (REDACTED) Received query %s, URI %s
11-26 20:29:30.322 26837 27261 I FontLog : (REDACTED) Query [%s] resolved to %s
11-26 20:29:30.322  3563  3581 D MediaProvider: Open with FUSE. FilePath: /storage/emulated/0/Download/batterymanager-companion-1.0.0.zip. Uid: 10010. Media Capabilities Uid: 0. ShouldRedact: false. ShouldTranscode: false
11-26 20:29:30.323 26837 27261 I FontLog : (REDACTED) Font PFD returned from cache for %s
11-26 20:29:30.323 26837 27261 I FontLog : (REDACTED) Fetch %s end status %s
11-26 20:29:30.324 26837 27261 I FontLog : (REDACTED) Pulling font file for id = %d, cache size = %d
11-26 20:29:30.325 26837 27261 I FontLog : (REDACTED) Received query %s, URI %s
11-26 20:29:30.325 26837 27261 I FontLog : (REDACTED) Query [%s] resolved to %s
11-26 20:29:30.326 26837 27261 I FontLog : (REDACTED) Font PFD returned from cache for %s
11-26 20:29:30.326 26837 27261 I FontLog : (REDACTED) Fetch %s end status %s
11-26 20:29:30.329 26837 26850 I FontLog : (REDACTED) Pulling font file for id = %d, cache size = %d
11-26 20:29:30.336  3563  3581 D MediaProvider: Open with FUSE. FilePath: /storage/emulated/0/Download/com.example.batterymanager_utility (1).apk. Uid: 10010. Media Capabilities Uid: 0. ShouldRedact: false. ShouldTranscode: false
11-26 20:29:30.342  3563  3580 D MediaProvider: Open with FUSE. FilePath: /storage/emulated/0/Download/com.example.batterymanager_utility.apk. Uid: 10010. Media Capabilities Uid: 0. ShouldRedact: false. ShouldTranscode: false
11-26 20:29:30.345 26837  8031 I NetworkScheduler.Stats: (REDACTED) Task %s/%s finished executing. cause:%s result: %s elapsed_millis: %s uptime_millis: %s exec_start_elapsed_seconds: %s
11-26 20:29:30.346 26837  1619 I SQLiteConnectionPool: The connection pool for /data/user/0/com.google.android.gms/databases/metadata.db has been closed but there are still 1 connections in use.  They will be closed as they are released back to the pool.
11-26 20:29:30.350 26837  8029 W FontLog : Error updating last accessed time for {Google Sans, wdth 100.0, wght 500, ital 0.0, bestEffort false}. [CONTEXT service_id=132 ]
11-26 20:29:30.350 26837  8029 W FontLog : java.lang.IllegalStateException: Cannot perform this operation because the connection pool has been closed.
11-26 20:29:30.350 26837  8029 W FontLog : 	at android.database.sqlite.SQLiteConnectionPool.throwIfClosedLocked(SQLiteConnectionPool.java:1078)
11-26 20:29:30.350 26837  8029 W FontLog : 	at android.database.sqlite.SQLiteConnectionPool.waitForConnection(SQLiteConnectionPool.java:771)
11-26 20:29:30.350 26837  8029 W FontLog : 	at android.database.sqlite.SQLiteConnectionPool.acquireConnection(SQLiteConnectionPool.java:387)
11-26 20:29:30.350 26837  8029 W FontLog : 	at android.database.sqlite.SQLiteSession.acquireConnection(SQLiteSession.java:896)
11-26 20:29:30.350 26837  8029 W FontLog : 	at android.database.sqlite.SQLiteSession.executeForChangedRowCount(SQLiteSession.java:754)
11-26 20:29:30.350 26837  8029 W FontLog : 	at android.database.sqlite.SQLiteStatement.executeUpdateDelete(SQLiteStatement.java:67)
11-26 20:29:30.350 26837  8029 W FontLog : 	at android.database.sqlite.SQLiteDatabase.executeSql(SQLiteDatabase.java:2087)
11-26 20:29:30.350 26837  8029 W FontLog : 	at android.database.sqlite.SQLiteDatabase.execSQL(SQLiteDatabase.java:2064)
11-26 20:29:30.350 26837  8029 W FontLog : 	at avsh.run(:com.google.android.gms@234414038@23.44.14 (190400-580326705):68)
11-26 20:29:30.350 26837  8029 W FontLog : 	at ajls.c(:com.google.android.gms@234414038@23.44.14 (190400-580326705):50)
11-26 20:29:30.350 26837  8029 W FontLog : 	at ajls.run(:com.google.android.gms@234414038@23.44.14 (190400-580326705):76)
11-26 20:29:30.350 26837  8029 W FontLog : 	at java.util.concurrent.ThreadPoolExecutor.runWorker(ThreadPoolExecutor.java:1145)
11-26 20:29:30.350 26837  8029 W FontLog : 	at java.util.concurrent.ThreadPoolExecutor$Worker.run(ThreadPoolExecutor.java:644)
11-26 20:29:30.350 26837  8029 W FontLog : 	at ajqx.run(:com.google.android.gms@234414038@23.44.14 (190400-580326705):8)
11-26 20:29:30.350 26837  8029 W FontLog : 	at java.lang.Thread.run(Thread.java:1012)
11-26 20:29:30.353  1011  1189 I ASH     : @ 373822.525: tcs3701: stop power rail pending_off timer
11-26 20:29:30.353  1011  1189 D ASH     : @ 373822.525: tcs3701: start power rail timer, state:3
11-26 20:29:30.377   595   595 I servicemanager: Could not find android.hardware.graphics.allocator.IAllocator/default in the VINTF manifest.
11-26 20:29:30.389  7978  8030 W VideoCapabilities: Unrecognized level 1879048707 for video/x-vnd.on2.vp8
11-26 20:29:30.389  7978  8030 W VideoCapabilities: Unrecognized profile 1879048704 for video/x-vnd.on2.vp8
11-26 20:29:30.389  7978  8030 W VideoCapabilities: Unrecognized level 1879048707 for video/x-vnd.on2.vp8
11-26 20:29:30.389  7978  8030 W VideoCapabilities: Unrecognized profile 1879048704 for video/x-vnd.on2.vp8
11-26 20:29:30.393  1011  1189 I ASH     : @ 373822.565: tcs3701: stop power rail pending_off timer
11-26 20:29:30.393  1011  1189 D ASH     : @ 373822.565: tcs3701: start power rail timer, state:3
11-26 20:29:30.397  7978  8030 W VideoCapabilities: Unsupported mime image/vnd.android.heic
11-26 20:29:30.398  7978  8030 W VideoCapabilities: Unrecognized level 1879048707 for video/x-vnd.on2.vp8
11-26 20:29:30.398  7978  8030 W VideoCapabilities: Unrecognized profile 1879048704 for video/x-vnd.on2.vp8
11-26 20:29:30.398  7978  8030 W VideoCapabilities: Unrecognized level 1879048707 for video/x-vnd.on2.vp8
11-26 20:29:30.398  7978  8030 W VideoCapabilities: Unrecognized profile 1879048704 for video/x-vnd.on2.vp8
11-26 20:29:30.408  7978  8030 W cr_VAUtil: Unknown profile: 1879048704 for codec video/x-vnd.on2.vp8
11-26 20:29:30.411  7887  7951 I tflite  : Initialized TensorFlow Lite runtime.
11-26 20:29:30.412  7887  7951 W libc    : Access denied finding property "ro.mediatek.platform"
11-26 20:29:30.412  7887  7951 W libc    : Access denied finding property "ro.chipname"
11-26 20:29:30.412  7887  7951 W libc    : Access denied finding property "ro.hardware.chipname"
11-26 20:29:30.421  7887  7887 I cr_OfflineIndicator: onConnectionTypeChanged 2
11-26 20:29:30.422  7887  7887 I cr_OfflineIndicator: Reported by system: [ Transports: WIFI Capabilities: NOT_METERED&INTERNET&NOT_RESTRICTED&TRUSTED&NOT_VPN&VALIDATED&NOT_ROAMING&FOREGROUND&NOT_CONGESTED&NOT_SUSPENDED&NOT_VCN_MANAGED LinkUpBandwidth>=4485Kbps LinkDnBandwidth>=58565Kbps TransportInfo: <SSID: <unknown ssid>, BSSID: 02:00:00:00:00:00, MAC: 02:00:00:00:00:00, IP: /192.168.1.104, Security type: 2, Supplicant state: COMPLETED, Wi-Fi standard: 5, RSSI: -43, Link speed: 650Mbps, Tx Link speed: 650Mbps, Max Supported Tx Link speed: 866Mbps, Rx Link speed: 866Mbps, Max Supported Rx Link speed: 866Mbps, Frequency: 5240MHz, Net ID: -1, Metered hint: false, score: 60, isUsable: true, CarrierMerged: false, SubscriptionId: -1, IsPrimary: -1, Trusted: true, Restricted: false, Ephemeral: false, OEM paid: false, OEM private: false, OSU AP: false, FQDN: <none>, Provider friendly name: <none>, Requesting package name: <none><none>MLO Information: , Is TID-To-Link negotiation supported by the AP: false, AP MLD Address: <none>, AP MLO Link Id: <none>, AP MLO Affiliated links: <none>> SignalStrength: -43 UnderlyingNetworks: Null]
11-26 20:29:30.422  7887  7887 I cr_OfflineIndicator: setConnectionState connectionState=4
11-26 20:29:30.422  7887  7887 W Settings: Setting airplane_mode_on has moved from android.provider.Settings.System to android.provider.Settings.Global, returning read-only value.
11-26 20:29:30.423  7887  7887 I cr_OfflineDetector: Received connection change state message. mConnectivityDetectorInitialized: true, mTimeWhenLastForegrounded: 373819236, getElapsedTime: 373819237, mTimeWhenLastOfflineNotificationReceived: 0, mTimeWhenLastOnline: 373819237, mTimeWhenAirplaneModeToggledOff: 0 mApplicationState: 1, mIsOfflineLastReportedByConnectivityDetector: false, mInAirplaneMode: false mIsEffectivelyOffline: false
11-26 20:29:30.423  7887  7887 I cr_OfflineDetector: onConnectionStateChanged(): previousLastReportedStateByOfflineDetector: false
11-26 20:29:30.423  7887  7887 I cr_OfflineDetector: Running updateState mConnectivityDetectorInitialized: true, mTimeWhenLastForegrounded: 373819236, getElapsedTime: 373819237, mTimeWhenLastOfflineNotificationReceived: 0, mTimeWhenLastOnline: 373819237, mTimeWhenAirplaneModeToggledOff: 0 mApplicationState: 1, mIsOfflineLastReportedByConnectivityDetector: false, mInAirplaneMode: false mIsEffectivelyOffline: false
11-26 20:29:30.423  7887  7887 I cr_OfflineDetector: updateState(): timeSinceLastForeground: 1, timeSinceOfflineNotificationReceived: 373819237, timeSinceLastOnline: 0, timeNeededForForeground: 1999, timeNeededForOffline: -373817237 timeSinceAirplaneModeToggledOff: 373819237 timeNeededAfterConnectionChangeFromOnlineToOffline: 10000 timeNeededAfterConnectionChangeFromAirplaneToOffline: 0
11-26 20:29:30.423  7887  7887 I cr_OfflineDetector: Running mUpdateOfflineStatusIndicatorDelayedRunnable start. mConnectivityDetectorInitialized: true, mTimeWhenLastForegrounded: 373819236, getElapsedTime: 373819238, mTimeWhenLastOfflineNotificationReceived: 0, mTimeWhenLastOnline: 373819237, mTimeWhenAirplaneModeToggledOff: 0 mApplicationState: 1, mIsOfflineLastReportedByConnectivityDetector: false, mInAirplaneMode: false mIsEffectivelyOffline: false
11-26 20:29:30.423  7887  7887 I cr_OfflineDetector: Running mUpdateOfflineStatusIndicatorDelayedRunnable end. mConnectivityDetectorInitialized: true, mTimeWhenLastForegrounded: 373819236, getElapsedTime: 373819238, mTimeWhenLastOfflineNotificationReceived: 0, mTimeWhenLastOnline: 373819237, mTimeWhenAirplaneModeToggledOff: 0 mApplicationState: 1, mIsOfflineLastReportedByConnectivityDetector: false, mInAirplaneMode: false mIsEffectivelyOffline: false
11-26 20:29:30.423  7887  7887 I cr_OfflineIndicator: processConnectivityCheckResult mConnectionState=4 mConnectivityCheckingStage=1
11-26 20:29:30.433  1011  1189 I ASH     : @ 373822.605: tcs3701: stop power rail pending_off timer
11-26 20:29:30.433  1011  1189 D ASH     : @ 373822.605: tcs3701: start power rail timer, state:3
11-26 20:29:30.473  1011  1189 I ASH     : @ 373822.645: tcs3701: stop power rail pending_off timer
11-26 20:29:30.473  1011  1189 D ASH     : @ 373822.645: tcs3701: start power rail timer, state:3
11-26 20:29:30.497  1795  3716 D ConnectivityService: requestNetwork for uid/pid:10010/7887 activeRequest: null callbackRequest: 10072 [NetworkRequest [ REQUEST id=10073, [ Capabilities: INTERNET&NOT_RESTRICTED&TRUSTED&NOT_VCN_MANAGED Uid: 10010 RequestorUid: 10010 RequestorPkg: com.chrome.canary UnderlyingNetworks: Null] ]] callback flags: 0 order: 2147483647
11-26 20:29:30.499  3563  3580 D MediaProvider: Open with FUSE. FilePath: /storage/emulated/0/Download/batterymanager-companion-1.0.0.zip. Uid: 10010. Media Capabilities Uid: 0. ShouldRedact: false. ShouldTranscode: false
11-26 20:29:30.501  1795  2424 D WifiNetworkFactory: got request NetworkRequest [ REQUEST id=10073, [ Capabilities: INTERNET&NOT_RESTRICTED&TRUSTED&NOT_VCN_MANAGED Uid: 10010 RequestorUid: 10010 RequestorPkg: com.chrome.canary UnderlyingNetworks: Null] ]
11-26 20:29:30.501  1795  2424 V WifiNetworkFactory: Accepted network request NetworkRequest [ REQUEST id=10073, [ Capabilities: INTERNET&NOT_RESTRICTED&TRUSTED&NOT_VCN_MANAGED Uid: 10010 RequestorUid: 10010 RequestorPkg: com.chrome.canary UnderlyingNetworks: Null] ]
11-26 20:29:30.502  1795  2424 D UntrustedWifiNetworkFactory: got request NetworkRequest [ REQUEST id=10073, [ Capabilities: INTERNET&NOT_RESTRICTED&TRUSTED&NOT_VCN_MANAGED Uid: 10010 RequestorUid: 10010 RequestorPkg: com.chrome.canary UnderlyingNetworks: Null] ]
11-26 20:29:30.502  1795  2424 D OemPaidWifiNetworkFactory: got request NetworkRequest [ REQUEST id=10073, [ Capabilities: INTERNET&NOT_RESTRICTED&TRUSTED&NOT_VCN_MANAGED Uid: 10010 RequestorUid: 10010 RequestorPkg: com.chrome.canary UnderlyingNetworks: Null] ]
11-26 20:29:30.502  1795  2424 D MultiInternetWifiNetworkFactory: got request NetworkRequest [ REQUEST id=10073, [ Capabilities: INTERNET&NOT_RESTRICTED&TRUSTED&NOT_VCN_MANAGED Uid: 10010 RequestorUid: 10010 RequestorPkg: com.chrome.canary UnderlyingNetworks: Null] ]
11-26 20:29:30.503  1795  2432 D ConnectivityService: NetReassign [10073 : null → 100] [c 0] [a 1] [i 4]
11-26 20:29:30.507  1795  2432 D ConnectivityService: NetReassign [no changes] [c 0] [a 1] [i 2]
11-26 20:29:30.509  3563  3580 D MediaProvider: Open with FUSE. FilePath: /storage/emulated/0/Download/com.example.batterymanager_utility (1).apk. Uid: 10010. Media Capabilities Uid: 0. ShouldRedact: false. ShouldTranscode: false
11-26 20:29:30.511  7887  7887 I cr_InactivityTracker: Last background time read from the SharedPreference is:-1.
11-26 20:29:30.514  1011  1189 I ASH     : @ 373822.685: tcs3701: stop power rail pending_off timer
11-26 20:29:30.514  1011  1189 D ASH     : @ 373822.685: tcs3701: start power rail timer, state:3
11-26 20:29:30.516  7887  7887 I cr_VideoPersist: Exited picture in picture with reason: 0
11-26 20:29:30.517  3563  3580 D MediaProvider: Open with FUSE. FilePath: /storage/emulated/0/Download/com.example.batterymanager_utility.apk. Uid: 10010. Media Capabilities Uid: 0. ShouldRedact: false. ShouldTranscode: false
11-26 20:29:30.518  7887  7887 I cr_InactivityTracker: Last visible time read from the SharedPreference is:1701026838956.
11-26 20:29:30.532  7887  7887 I cr_PwaRestore: Not showing PWA Restore promo, feature flag is disabled
11-26 20:29:30.543  7887  7887 I cr_InactivityTracker: Last visible time read from the SharedPreference is:1701026970518.
11-26 20:29:30.546  7887  7951 W chromium: [WARNING:ev_root_ca_metadata.cc(119)] Not implemented
11-26 20:29:30.553  1011  1189 I ASH     : @ 373822.725: tcs3701: stop power rail pending_off timer
11-26 20:29:30.553  1011  1189 D ASH     : @ 373822.725: tcs3701: start power rail timer, state:3
11-26 20:29:30.593  1011  1189 I ASH     : @ 373822.765: tcs3701: stop power rail pending_off timer
11-26 20:29:30.593  1011  1189 D ASH     : @ 373822.765: tcs3701: start power rail timer, state:3
11-26 20:29:30.609  7887  7952 W chromium: [WARNING:ev_root_ca_metadata.cc(119)] Not implemented
11-26 20:29:30.609  7887  7952 W chromium: [WARNING:ev_root_ca_metadata.cc(119)] Not implemented
11-26 20:29:30.615  7887  7952 W chromium: [WARNING:ev_root_ca_metadata.cc(119)] Not implemented
11-26 20:29:30.627  7887  7887 I Choreographer: Skipped 66 frames!  The application may be doing too much work on its main thread.
11-26 20:29:30.633  1011  1189 I ASH     : @ 373822.805: tcs3701: stop power rail pending_off timer
11-26 20:29:30.633  1011  1189 D ASH     : @ 373822.805: tcs3701: start power rail timer, state:3
11-26 20:29:30.648  7887  7887 I cr_PolicyProvider: #notifySettingsAvailable() 0
11-26 20:29:30.648  7887  7887 I cr_CombinedPProvider: #onSettingsAvailable() 0
11-26 20:29:30.648  7887  7887 I cr_CombinedPProvider: #flushPolicies()
11-26 20:29:30.650  7887  7887 I cr_PolicyService: #onPolicyServiceInitialized()
11-26 20:29:30.651  7887  7887 I cr_PolicyProvider: #notifySettingsAvailable() 0
11-26 20:29:30.651  7887  7887 I cr_CombinedPProvider: #onSettingsAvailable() 0
11-26 20:29:30.651  7887  7887 I cr_CombinedPProvider: #flushPolicies()
11-26 20:29:30.651  7887  7905 I OpenGLRenderer: Davey! duration=747ms; Flags=0, FrameTimelineVsyncId=192795881, IntendedVsync=355992549834012, Vsync=355993284735234, InputEventId=0, HandleInputStart=355993288338197, AnimationStart=355993288339447, PerformTraversalsStart=355993288613405, DrawStart=355993292684134, FrameDeadline=355992577317377, FrameInterval=355993288285176, FrameStartTime=11134867, SyncQueued=355993293615176, SyncStart=355993293645489, IssueDrawCommandsStart=355993293758197, SwapBuffers=355993294925385, FrameCompleted=355993297225906, DequeueBufferDuration=11823, QueueBufferDuration=235521, GpuCompleted=355993297225906, SwapBuffersCompleted=355993295499083, DisplayPresentTime=0, CommandSubmissionCompleted=355993294925385, 
11-26 20:29:30.673  1011  1189 I ASH     : @ 373822.845: tcs3701: stop power rail pending_off timer
11-26 20:29:30.673  1011  1189 D ASH     : @ 373822.845: tcs3701: start power rail timer, state:3
11-26 20:29:30.684  1795  2735 D CompatibilityChangeReporter: Compat change id reported: 214016041; UID 10010; state: ENABLED
11-26 20:29:30.687  3375  3375 I GoogleInputMethodService: GoogleInputMethodService.onFinishInput():3154 
11-26 20:29:30.688  3375  3375 I GoogleInputMethodService: GoogleInputMethodService.updateDeviceLockedStatus():2088 repeatCheckTimes = 0, locked = false
11-26 20:29:30.688  3375  3375 I GoogleInputMethodService: GoogleInputMethodService.onStartInput():1883 onStartInput(EditorInfo{EditorInfo{packageName=com.chrome.canary, inputType=0, inputTypeString=NULL, enableLearning=false, autoCorrection=false, autoComplete=false, imeOptions=12000000, privateImeOptions=null, actionName=UNSPECIFIED, actionLabel=null, initialSelStart=-1, initialSelEnd=-1, initialCapsMode=0, label=null, fieldId=-1, fieldName=null, extras=null, hintText=null, hintLocales=[]}}, false)
11-26 20:29:30.689  3375  3375 I GoogleInputMethodService: GoogleInputMethodService.updateDeviceLockedStatus():2088 repeatCheckTimes = 1, locked = false
11-26 20:29:30.714  1011  1189 I ASH     : @ 373822.885: tcs3701: stop power rail pending_off timer
11-26 20:29:30.714  1011  1189 D ASH     : @ 373822.885: tcs3701: start power rail timer, state:3
11-26 20:29:30.735  7887  7887 V MediaRouter: Selecting route: RouteInfo{ name=Phone, description=null, status=null, category=RouteCategory{ name=System types=ROUTE_TYPE_LIVE_AUDIO ROUTE_TYPE_LIVE_VIDEO  groupable=false }, supportedTypes=ROUTE_TYPE_LIVE_AUDIO ROUTE_TYPE_LIVE_VIDEO , presentationDisplay=null }
11-26 20:29:30.753  1011  1189 I ASH     : @ 373822.925: tcs3701: stop power rail pending_off timer
11-26 20:29:30.753  1011  1189 D ASH     : @ 373822.925: tcs3701: start power rail timer, state:3
11-26 20:29:30.793  1011  1189 I ASH     : @ 373822.965: tcs3701: stop power rail pending_off timer
11-26 20:29:30.793  1011  1189 D ASH     : @ 373822.965: tcs3701: start power rail timer, state:3
11-26 20:29:30.833  1011  1189 I ASH     : @ 373823.005: tcs3701: stop power rail pending_off timer
11-26 20:29:30.833  1011  1189 D ASH     : @ 373823.005: tcs3701: start power rail timer, state:3
11-26 20:29:30.873  1011  1189 I ASH     : @ 373823.045: tcs3701: stop power rail pending_off timer
11-26 20:29:30.873  1011  1189 D ASH     : @ 373823.045: tcs3701: start power rail timer, state:3
11-26 20:29:30.914  1011  1189 I ASH     : @ 373823.085: tcs3701: stop power rail pending_off timer
11-26 20:29:30.914  1011  1189 D ASH     : @ 373823.085: tcs3701: start power rail timer, state:3
11-26 20:29:30.928  2113  2118 I pixel-thermal: skin-therm-monitor: 38.511
11-26 20:29:30.946  1795  3716 D ActivityManager: freezer override set to true
11-26 20:29:30.953  1011  1189 I ASH     : @ 373823.125: tcs3701: stop power rail pending_off timer
11-26 20:29:30.953  1011  1189 D ASH     : @ 373823.125: tcs3701: start power rail timer, state:3
11-26 20:29:30.993  1011  1189 I ASH     : @ 373823.165: tcs3701: stop power rail pending_off timer
11-26 20:29:30.993  1011  1189 D ASH     : @ 373823.165: tcs3701: start power rail timer, state:3
11-26 20:29:31.028  7887  7952 I cr_ADCP : No customization source found
11-26 20:29:31.031 26837 26837 D BoundBrokerSvc: onBind: Intent { act=com.google.android.gms.icing.LIGHTWEIGHT_INDEX_SERVICE pkg=com.google.android.gms }
11-26 20:29:31.031 26837 26837 D BoundBrokerSvc: Loading bound service for intent: Intent { act=com.google.android.gms.icing.LIGHTWEIGHT_INDEX_SERVICE pkg=com.google.android.gms }
11-26 20:29:31.032 26837 26837 E AbstractGmsTracer: Traced class shouldn't be obfuscated: LightweightIndexChimeraService [CONTEXT service_id=259 ]
11-26 20:29:31.033  1011  1189 I ASH     : @ 373823.205: tcs3701: stop power rail pending_off timer
11-26 20:29:31.033  1011  1189 D ASH     : @ 373823.205: tcs3701: start power rail timer, state:3
11-26 20:29:31.037  7887  7952 E cr_PartnerBMReader: ATTENTION: not using partner bookmarks as none were provided
11-26 20:29:31.073  1011  1189 I ASH     : @ 373823.245: tcs3701: stop power rail pending_off timer
11-26 20:29:31.073  1011  1189 D ASH     : @ 373823.245: tcs3701: start power rail timer, state:3
11-26 20:29:31.113  1011  1189 I ASH     : @ 373823.285: tcs3701: stop power rail pending_off timer
11-26 20:29:31.113  1011  1189 D ASH     : @ 373823.285: tcs3701: start power rail timer, state:3
11-26 20:29:31.153  1011  1189 I ASH     : @ 373823.325: tcs3701: stop power rail pending_off timer
11-26 20:29:31.153  1011  1189 D ASH     : @ 373823.325: tcs3701: start power rail timer, state:3
11-26 20:29:31.194  1011  1189 I ASH     : @ 373823.365: tcs3701: stop power rail pending_off timer
11-26 20:29:31.194  1011  1189 D ASH     : @ 373823.365: tcs3701: start power rail timer, state:3
11-26 20:29:31.233  1011  1189 I ASH     : @ 373823.405: tcs3701: stop power rail pending_off timer
11-26 20:29:31.233  1011  1189 D ASH     : @ 373823.405: tcs3701: start power rail timer, state:3
11-26 20:29:31.243  3604  4215 I bbqr    : (REDACTED) getHotwordActive::active query: %s, watch: %s, devices connected: %s
11-26 20:29:31.273  1011  1189 I ASH     : @ 373823.445: tcs3701: stop power rail pending_off timer
11-26 20:29:31.273  1011  1189 D ASH     : @ 373823.445: tcs3701: start power rail timer, state:3
11-26 20:29:31.313  1011  1189 I ASH     : @ 373823.485: tcs3701: stop power rail pending_off timer
11-26 20:29:31.313  1011  1189 D ASH     : @ 373823.485: tcs3701: start power rail timer, state:3
11-26 20:29:31.352  1795  3716 D ActivityManager: freezer override set to false
11-26 20:29:31.353  1011  1189 I ASH     : @ 373823.525: tcs3701: stop power rail pending_off timer
11-26 20:29:31.353  1011  1189 D ASH     : @ 373823.525: tcs3701: start power rail timer, state:3
11-26 20:29:31.356  7887  7887 I Choreographer: Skipped 36 frames!  The application may be doing too much work on its main thread.
11-26 20:29:31.394  1011  1189 I ASH     : @ 373823.565: tcs3701: stop power rail pending_off timer
11-26 20:29:31.394  1011  1189 D ASH     : @ 373823.565: tcs3701: start power rail timer, state:3
11-26 20:29:31.405 26837 26850 I Auth    : [RequestTokenOperation] Facet event logged for AUTH_ACCOUNT_BASE_TOKEN_RETURNED [CONTEXT service_id=343 ]
11-26 20:29:31.427 26741 26741 D BoundBrokerSvc: onBind: Intent { act=com.google.android.gms.feedback.internal.IFeedbackService dat=chimera-action:/... cmp=com.google.android.gms/.chimera.GmsBoundBrokerService }
11-26 20:29:31.427 26741 26741 D BoundBrokerSvc: Loading bound service for intent: Intent { act=com.google.android.gms.feedback.internal.IFeedbackService dat=chimera-action:/... cmp=com.google.android.gms/.chimera.GmsBoundBrokerService }
11-26 20:29:31.428 26741 26741 E AbstractGmsTracer: Traced class shouldn't be obfuscated: FeedbackBoundService [CONTEXT service_id=259 ]
11-26 20:29:31.433 26837 26837 E AbstractGmsTracer: Traced class shouldn't be obfuscated: LockboxBrokerChimeraService [CONTEXT service_id=259 ]
11-26 20:29:31.434  1011  1189 I ASH     : @ 373823.605: tcs3701: stop power rail pending_off timer
11-26 20:29:31.434  1011  1189 D ASH     : @ 373823.605: tcs3701: start power rail timer, state:3
11-26 20:29:31.440 26741 26741 E AbstractGmsTracer: Traced class shouldn't be obfuscated: AppIndexingChimeraService [CONTEXT service_id=259 ]
11-26 20:29:31.454 26741 26741 E AbstractGmsTracer: Traced class shouldn't be obfuscated: IndexChimeraService [CONTEXT service_id=259 ]
11-26 20:29:31.460 26741 26741 E AbstractGmsTracer: Traced class shouldn't be obfuscated: IndexWorkerChimeraService [CONTEXT service_id=259 ]
11-26 20:29:31.464  7887  7951 W chromium: [WARNING:ev_root_ca_metadata.cc(119)] Not implemented
11-26 20:29:31.464  7887  7951 W chromium: [WARNING:ev_root_ca_metadata.cc(119)] Not implemented
11-26 20:29:31.465 26741 26781 I Icing   : IndexChimeraService.getServiceInterface callingPackage=com.google.android.gms componentName=null serviceId=30
11-26 20:29:31.468 26741 26741 E AbstractGmsTracer: Traced class shouldn't be obfuscated: GmsBoundBrokerChimeraService [CONTEXT service_id=259 ]
11-26 20:29:31.469 26741 26741 D BoundBrokerSvc: onBind: Intent { act=com.google.android.gms.common.BIND_SHARED_PREFS pkg=com.google.android.gms }
11-26 20:29:31.469 26741 26741 D BoundBrokerSvc: Loading bound service for intent: Intent { act=com.google.android.gms.common.BIND_SHARED_PREFS pkg=com.google.android.gms }
11-26 20:29:31.469 26741 26741 E AbstractGmsTracer: Traced class shouldn't be obfuscated: SharedPreferencesBoundService [CONTEXT service_id=259 ]
11-26 20:29:31.473  1011  1189 I ASH     : @ 373823.645: tcs3701: stop power rail pending_off timer
11-26 20:29:31.473  1011  1189 D ASH     : @ 373823.645: tcs3701: start power rail timer, state:3
11-26 20:29:31.476 26741 26741 D BoundBrokerSvc: onUnbind: Intent { act=com.google.android.gms.common.BIND_SHARED_PREFS pkg=com.google.android.gms }
11-26 20:29:31.481 26837 26837 D BoundBrokerSvc: onBind: Intent { act=com.google.android.gms.icing.LIGHTWEIGHT_INDEX_SERVICE dat=chimera-action:/... cmp=com.google.android.gms/.chimera.PersistentApiService }
11-26 20:29:31.481 26837 26837 D BoundBrokerSvc: Loading bound service for intent: Intent { act=com.google.android.gms.icing.LIGHTWEIGHT_INDEX_SERVICE dat=chimera-action:/... cmp=com.google.android.gms/.chimera.PersistentApiService }
11-26 20:29:31.513  1011  1189 I ASH     : @ 373823.685: tcs3701: stop power rail pending_off timer
11-26 20:29:31.513  1011  1189 D ASH     : @ 373823.685: tcs3701: start power rail timer, state:3
11-26 20:29:31.553  1011  1189 I ASH     : @ 373823.725: tcs3701: stop power rail pending_off timer
11-26 20:29:31.553  1011  1189 D ASH     : @ 373823.725: tcs3701: start power rail timer, state:3
11-26 20:29:31.562  1795  1853 D CompatibilityChangeReporter: Compat change id reported: 161252188; UID 10010; state: DISABLED
11-26 20:29:31.566 26741 17962 I Icing   : Usage reports ok 3, Failed Usage reports 0, indexed 2, rejected 0
11-26 20:29:31.567  1795  1853 D ActivityManager: freezer override set to true
11-26 20:29:31.593  1011  1189 I ASH     : @ 373823.765: tcs3701: stop power rail pending_off timer
11-26 20:29:31.593  1011  1189 D ASH     : @ 373823.765: tcs3701: start power rail timer, state:3
11-26 20:29:31.630  1795  2120 D CompatibilityChangeReporter: Compat change id reported: 143937733; UID 10010; state: ENABLED
11-26 20:29:31.633  1011  1189 I ASH     : @ 373823.805: tcs3701: stop power rail pending_off timer
11-26 20:29:31.633  1011  1189 D ASH     : @ 373823.805: tcs3701: start power rail timer, state:3
11-26 20:29:31.642  7935  7935 D Zygote  : Forked child process 8079
11-26 20:29:31.645  1795  2120 I ActivityManager: Start proc 8079:com.chrome.canary:sandboxed_process0:org.chromium.content.app.SandboxedProcessService0:1/u0ai1 for  {com.chrome.canary/org.chromium.content.app.SandboxedProcessService0:1}
11-26 20:29:31.645  8079  8079 E libc    : SetHeapTaggingLevel: re-enabling tagging after it was disabled is not supported
11-26 20:29:31.647  8079  8079 I ocessService0:1: Using CollectorTypeCC GC.
11-26 20:29:31.653  1383  1442 I adbd    : jdwp connection from 8079
11-26 20:29:31.669  3657  4525 D ForegroundUtils: Foreground UID status:
11-26 20:29:31.669  3657  4525 D ForegroundUtils: UID: 10010 is in foreground: true
11-26 20:29:31.669  3657  4525 D ForegroundUtils: UID: 10128 is in foreground: true
11-26 20:29:31.669  3657  4525 D ForegroundUtils: UID: 10158 is in foreground: true
11-26 20:29:31.669  3657  4525 D ForegroundUtils: UID: 10189 is in foreground: false
11-26 20:29:31.669  3657  4525 D ForegroundUtils: UID: 10194 is in foreground: true
11-26 20:29:31.669  3657  4525 D ForegroundUtils: UID: 10206 is in foreground: false
11-26 20:29:31.669  3657  4525 D ForegroundUtils: UID: 10233 is in foreground: true
11-26 20:29:31.669  3657  4525 D ForegroundUtils: UID: 10244 is in foreground: false
11-26 20:29:31.669  3657  4525 D ForegroundUtils: UID: 10319 is in foreground: true
11-26 20:29:31.669  3657  4525 D ForegroundUtils: UID: 90000 is in foreground: true
11-26 20:29:31.669  3657  4525 D ForegroundUtils: UID: 90001 is in foreground: true
11-26 20:29:31.672  8079  8079 I ActivityThread: Relaunch all activities: onCoreSettingsChange
11-26 20:29:31.672  8079  8079 D CompatibilityChangeReporter: Compat change id reported: 171979766; UID 90001; state: ENABLED
11-26 20:29:31.673  1011  1189 I ASH     : @ 373823.845: tcs3701: stop power rail pending_off timer
11-26 20:29:31.673  1011  1189 D ASH     : @ 373823.845: tcs3701: start power rail timer, state:3
11-26 20:29:31.687  8079  8079 I LoadedApk: No resource references to update in package com.google.android.trichromelibrary.canary
11-26 20:29:31.687  8079  8079 D NetworkSecurityConfig: Using Network Security Config from resource 0_resource_name_obfuscated debugBuild: false
11-26 20:29:31.688  8079  8079 D NetworkSecurityConfig: Using Network Security Config from resource 0_resource_name_obfuscated debugBuild: false
11-26 20:29:31.689  8079  8079 I cr_SplitCompatApp: Launched version=121.0.6145.0 minSdkVersion=29 isBundle=true processName=com.chrome.canary:sandboxed_process0:org.chromium.content.app.SandboxedProcessService0:1 isIsolated=true
11-26 20:29:31.696  8079  8079 W SystemServiceRegistry: No service published for: uimode
11-26 20:29:31.701  8079  8079 I cr_ChildProcessService: Creating new ChildProcessService pid=8079
11-26 20:29:31.710  8079  8095 I cr_LibraryLoader: Successfully loaded native library
11-26 20:29:31.710  8079  8095 I cr_CachingUmaRecorder: Flushed 3 samples from 3 histograms, 0 samples were dropped.
11-26 20:29:31.714  1011  1189 I ASH     : @ 373823.885: tcs3701: stop power rail pending_off timer
11-26 20:29:31.714  1011  1189 D ASH     : @ 373823.885: tcs3701: start power rail timer, state:3
11-26 20:29:31.745  7887  7941 I m.chrome.canary: Explicit concurrent copying GC freed 784958(28MB) AllocSpace objects, 25(820KB) LOS objects, 75% free, 8802KB/34MB, paused 49us,24us total 60.932ms
11-26 20:29:31.753  1011  1189 I ASH     : @ 373823.925: tcs3701: stop power rail pending_off timer
11-26 20:29:31.754  1011  1189 D ASH     : @ 373823.925: tcs3701: start power rail timer, state:3
11-26 20:29:31.791  1795  1853 D ActivityManager: freezer override set to false
11-26 20:29:31.793  1011  1189 I ASH     : @ 373823.965: tcs3701: stop power rail pending_off timer
11-26 20:29:31.793  1011  1189 D ASH     : @ 373823.965: tcs3701: start power rail timer, state:3
11-26 20:29:31.799  8079  8095 I chromium: [INFO:child_process_service.cc(69)] ChildProcessService: Exiting child process.
11-26 20:29:31.802  1795  1854 I ActivityManager: Killing 8079:com.chrome.canary:sandboxed_process0:org.chromium.content.app.SandboxedProcessService0:1/u0a10i-8999 (adj 0): isolated not needed
11-26 20:29:31.808  1795  2145 I libprocessgroup: Successfully killed process cgroup uid 90001 pid 8079 in 5ms
11-26 20:29:31.824  7935  7935 I Zygote  : Process 8079 exited cleanly (0)
11-26 20:29:31.824  7887  7887 W chromium: [WARNING:compositor_view.cc(339)] Child process died (type=6) pid=8079)
11-26 20:29:31.826  3657  4525 D ForegroundUtils: UID: 90001 deleted.
11-26 20:29:31.833  1011  1189 I ASH     : @ 373824.005: tcs3701: stop power rail pending_off timer
11-26 20:29:31.833  1011  1189 D ASH     : @ 373824.005: tcs3701: start power rail timer, state:3
11-26 20:29:31.840  1795  2150 E system_server: updateValue is called with a value 34974850, which is lower than the previous value 34996672
11-26 20:29:31.846  1795  2150 D KernelCpuUidUserSysTimeReader: Removing uids 90001-90001
11-26 20:29:31.859  1795  1854 D ActivityManager: freezer override set to true
11-26 20:29:31.867  1795  1854 D ActivityManager: freezer override set to false
11-26 20:29:31.873  1011  1189 I ASH     : @ 373824.045: tcs3701: stop power rail pending_off timer
11-26 20:29:31.873  1011  1189 D ASH     : @ 373824.045: tcs3701: start power rail timer, state:3
11-26 20:29:31.913  1011  1189 I ASH     : @ 373824.085: tcs3701: stop power rail pending_off timer
11-26 20:29:31.914  1011  1189 D ASH     : @ 373824.085: tcs3701: start power rail timer, state:3
11-26 20:29:31.923  1795  1854 D ActivityManager: freezer override set to true
11-26 20:29:31.927  1795  1854 D ActivityManager: freezer override set to false
11-26 20:29:31.951  1795  1854 D ActivityManager: freezer override set to true
11-26 20:29:31.953  1011  1189 I ASH     : @ 373824.125: tcs3701: stop power rail pending_off timer
11-26 20:29:31.953  1011  1189 D ASH     : @ 373824.125: tcs3701: start power rail timer, state:3
11-26 20:29:31.958  1795  1854 D ActivityManager: freezer override set to false
11-26 20:29:31.993  1011  1189 I ASH     : @ 373824.165: tcs3701: stop power rail pending_off timer
11-26 20:29:31.993  1011  1189 D ASH     : @ 373824.165: tcs3701: start power rail timer, state:3
11-26 20:29:32.026  7978  8004 I AdrenoVK-0: QUALCOMM build          : 4783c89, I46ff5fc46f
11-26 20:29:32.026  7978  8004 I AdrenoVK-0: Build Date              : 11/30/20
11-26 20:29:32.026  7978  8004 I AdrenoVK-0: Shader Compiler Version : EV031.31.04.01
11-26 20:29:32.026  7978  8004 I AdrenoVK-0: Local Branch            : QPR2
11-26 20:29:32.026  7978  8004 I AdrenoVK-0: Remote Branch           : 
11-26 20:29:32.026  7978  8004 I AdrenoVK-0: Remote Branch           : 
11-26 20:29:32.026  7978  8004 I AdrenoVK-0: Reconstruct Branch      : 
11-26 20:29:32.027  7978  8004 I AdrenoVK-0: Build Config            : S P 10.0.4 AArch64
11-26 20:29:32.027  7978  8004 I AdrenoVK-0: Driver Path             : /vendor/lib64/hw/vulkan.adreno.so
11-26 20:29:32.033  1011  1189 I ASH     : @ 373824.205: tcs3701: stop power rail pending_off timer
11-26 20:29:32.033  1011  1189 D ASH     : @ 373824.205: tcs3701: start power rail timer, state:3
11-26 20:29:32.073  1011  1189 I ASH     : @ 373824.245: tcs3701: stop power rail pending_off timer
11-26 20:29:32.073  1011  1189 D ASH     : @ 373824.245: tcs3701: start power rail timer, state:3
11-26 20:29:32.113  1011  1189 I ASH     : @ 373824.285: tcs3701: stop power rail pending_off timer
11-26 20:29:32.113  1011  1189 D ASH     : @ 373824.285: tcs3701: start power rail timer, state:3
11-26 20:29:32.121  1795  1854 I ActivityManager: Background started FGS: Allowed [callingPackage: com.android.shell; callingUid: 2000; uidState: NONE; intent: Intent { cmp=com.example.batterymanager_utility/.DataCollectionService (has extras) }; code:SYSTEM_UID; tempAllowListReason:<,reasonCode:SYSTEM_ALLOW_LISTED,duration:9223372036854775807,callingUid:-1>; targetSdkVersion:33; callerTargetSdkVersion:33; startForegroundCount:0; bindFromPackage:null]
11-26 20:29:32.130  1795  2119 D CompatibilityChangeReporter: Compat change id reported: 177438394; UID 10200; state: DISABLED
11-26 20:29:32.130  1795  2119 D CompatibilityChangeReporter: Compat change id reported: 135772972; UID 10200; state: DISABLED
11-26 20:29:32.130  1795  2119 D CompatibilityChangeReporter: Compat change id reported: 135754954; UID 10200; state: ENABLED
11-26 20:29:32.131  1795  2120 D CompatibilityChangeReporter: Compat change id reported: 143937733; UID 10200; state: ENABLED
11-26 20:29:32.133  8427  8427 I BatteryMgr:DataCollectionService: onStartCommand: begin
11-26 20:29:32.133  8427  8427 I BatteryMgr:DataCollectionService: onStartCommand: sampleRate => 100
11-26 20:29:32.133  8427  8427 I BatteryMgr:DataCollectionService: onStartCommand: rawFields => Timestamp,BATTERY_PROPERTY_CURRENT_NOW,EXTRA_VOLTAGE,BATTERY_PROPERTY_CURRENT_AVERAGE,BATTERY_PROPERTY_CHARGE_COUNTER,BATTERY_PROPERTY_CAPACITY
11-26 20:29:32.134  8427  8427 I BatteryMgr:DataCollectionService: onStartCommand: notification done
11-26 20:29:32.138  8427  8427 I BatteryMgr:DataCollectionService: started foreground
