11-24 17:52:30.624 25270 25270 W m.chrome.canary: Accessing hidden method Landroid/telephony/TelephonyManager;->getITelephony()Lcom/android/internal/telephony/ITelephony; (max-target-p, reflection, denied)
11-24 17:52:30.629 25356 25381 I cr_LibraryLoader: Successfully loaded native library
11-24 17:52:30.629 25356 25381 I cr_CachingUmaRecorder: Flushed 4 samples from 4 histograms, 0 samples were dropped.
11-24 17:52:30.633 25270 25270 I cr_ChromeTabbedActivity: #initializeState
11-24 17:52:30.652 25356 25381 I AdrenoGLES-0: QUALCOMM build                   : 4783c89, I46ff5fc46f
11-24 17:52:30.652 25356 25381 I AdrenoGLES-0: Build Date                       : 11/30/20
11-24 17:52:30.652 25356 25381 I AdrenoGLES-0: OpenGL ES Shader Compiler Version: EV031.31.04.01
11-24 17:52:30.652 25356 25381 I AdrenoGLES-0: Local Branch                     : QPR2
11-24 17:52:30.652 25356 25381 I AdrenoGLES-0: Remote Branch                    : 
11-24 17:52:30.652 25356 25381 I AdrenoGLES-0: Remote Branch                    : 
11-24 17:52:30.652 25356 25381 I AdrenoGLES-0: Reconstruct Branch               : 
11-24 17:52:30.652  1011  1189 I ASH     : @ 191602.840: tcs3701: stop power rail pending_off timer
11-24 17:52:30.652 25356 25381 I AdrenoGLES-0: Build Config                     : S P 10.0.4 AArch64
11-24 17:52:30.652 25356 25381 I AdrenoGLES-0: Driver Path                      : /vendor/lib64/egl/libGLESv2_adreno.so
11-24 17:52:30.652  1011  1189 D ASH     : @ 191602.840: tcs3701: start power rail timer, state:3
11-24 17:52:30.654 25270 25270 E m.chrome.canary: Invalid ID 0x00000000.
11-24 17:52:30.656 25356 25381 I AdrenoGLES-0: PFP: 0x016dd093, ME: 0x00000000
11-24 17:52:30.657 25356 25381 W AdrenoUtils: <ReadGpuID_from_sysfs:197>: Failed to open /sys/class/kgsl/kgsl-3d0/gpu_model
11-24 17:52:30.657 25356 25381 W AdrenoUtils: <ReadGpuID:221>: Failed to read chip ID from gpu_model. Fallback to use the GSL path
11-24 17:52:30.663 13730 13730 D BoundBrokerSvc: onBind: Intent { act=com.google.android.gms.languageprofile.service.START pkg=com.google.android.gms }
11-24 17:52:30.663 13730 13730 D BoundBrokerSvc: Loading bound service for intent: Intent { act=com.google.android.gms.languageprofile.service.START pkg=com.google.android.gms }
11-24 17:52:30.664 13730 13730 E AbstractGmsTracer: Traced class shouldn't be obfuscated: LanguageProfileChimeraService [CONTEXT service_id=259 ]
11-24 17:52:30.669 13730 13730 E AbstractGmsTracer: Traced class shouldn't be obfuscated: GmsIntentOperationChimeraService [CONTEXT service_id=259 ]
11-24 17:52:30.674 25270 25270 V MediaRouter: Selecting route: RouteInfo{ name=Phone, description=null, status=null, category=RouteCategory{ name=System types=ROUTE_TYPE_LIVE_AUDIO ROUTE_TYPE_LIVE_VIDEO  groupable=false }, supportedTypes=ROUTE_TYPE_LIVE_AUDIO ROUTE_TYPE_LIVE_VIDEO , presentationDisplay=null }
11-24 17:52:30.674 25270 25270 I MediaRouter: Skip setBluetoothA2dpOn(): types=8388615, isPlaybackActive()=false, BT route=null
11-24 17:52:30.674 13730 25384 E AbstractGmsTracer: Traced class shouldn't be obfuscated: AccountsChangedIntentOperation [CONTEXT service_id=259 ]
11-24 17:52:30.674 25270 25270 W m.chrome.canary: Accessing hidden field Landroid/media/MediaRouter;->sStatic:Landroid/media/MediaRouter$Static; (max-target-o, reflection, denied)
11-24 17:52:30.675 25270 25270 I GlobalMediaRouter: Found default route: MediaRouter.RouteInfo{ uniqueId=DEFAULT_ROUTE, name=Phone, description=null, iconUri=null, enabled=true, isSystemRoute=true, connectionState=0, canDisconnect=false, playbackType=0, playbackStream=3, deviceType=0, volumeHandling=1, volume=0, volumeMax=25, presentationDisplayId=-1, extras=null, settingsIntent=null, providerPackageName=android }
11-24 17:52:30.675 25270 25270 I GlobalMediaRouter: Unselecting the current route because it is no longer selectable: null
11-24 17:52:30.680 25356 25381 D vulkan  : searching for layers in '/data/app/~~dutrJzl_xJkEyCCvIkexCw==/com.chrome.canary-4jcd8srf2WXxld2NC1r69A==/lib/arm64'
11-24 17:52:30.680 25356 25381 D vulkan  : searching for layers in '/data/app/~~dutrJzl_xJkEyCCvIkexCw==/com.chrome.canary-4jcd8srf2WXxld2NC1r69A==/base.apk!/lib/arm64-v8a'
11-24 17:52:30.681 25356 25381 D vulkan  : searching for layers in '/data/app/~~-FnXeb6__ecKd-dFZ4kZZA==/com.google.android.trichromelibrary.canary_613700033-7Q2vBiD9q0nCftKFg-pq8w==/base.apk!/lib/arm64-v8a'
11-24 17:52:30.683 25356 25381 I AdrenoVK-0: ===== BEGIN DUMP OF OVERRIDDEN SETTINGS =====
11-24 17:52:30.683 25356 25381 I AdrenoVK-0: ===== END DUMP OF OVERRIDDEN SETTINGS =====
11-24 17:52:30.683 25356 25381 I AdrenoVK-0: QUALCOMM build          : 4783c89, I46ff5fc46f
11-24 17:52:30.683 25356 25381 I AdrenoVK-0: Build Date              : 11/30/20
11-24 17:52:30.683 25356 25381 I AdrenoVK-0: Shader Compiler Version : EV031.31.04.01
11-24 17:52:30.683 25356 25381 I AdrenoVK-0: Local Branch            : QPR2
11-24 17:52:30.683 25356 25381 I AdrenoVK-0: Remote Branch           : 
11-24 17:52:30.683 25356 25381 I AdrenoVK-0: Remote Branch           : 
11-24 17:52:30.683 25356 25381 I AdrenoVK-0: Reconstruct Branch      : 
11-24 17:52:30.683 25356 25381 I AdrenoVK-0: Build Config            : S P 10.0.4 AArch64
11-24 17:52:30.683 25356 25381 I AdrenoVK-0: Driver Path             : /vendor/lib64/hw/vulkan.adreno.so
11-24 17:52:30.684 25270 25341 W cr_media: BLUETOOTH_CONNECT permission is missing.
11-24 17:52:30.685 25270 25341 W cr_media: registerBluetoothIntentsIfNeeded: Requires BLUETOOTH permission
11-24 17:52:30.692  1011  1189 I ASH     : @ 191602.880: tcs3701: stop power rail pending_off timer
11-24 17:52:30.692  1011  1189 D ASH     : @ 191602.880: tcs3701: start power rail timer, state:3
11-24 17:52:30.693 25343 25376 I cr_LibraryLoader: Successfully loaded native library
11-24 17:52:30.694 25343 25376 I cr_CachingUmaRecorder: Flushed 3 samples from 3 histograms, 0 samples were dropped.
11-24 17:52:30.697 25356 25391 W Parcel  : Expecting binder but got null!
11-24 17:52:30.731 13502 13715 I FontLog : (REDACTED) Received query %s, URI %s
11-24 17:52:30.731 13502 13715 I FontLog : (REDACTED) Query [%s] resolved to %s
11-24 17:52:30.732  1011  1189 I ASH     : @ 191602.920: tcs3701: stop power rail pending_off timer
11-24 17:52:30.732  1011  1189 D ASH     : @ 191602.920: tcs3701: start power rail timer, state:3
11-24 17:52:30.732 13502 13715 I FontLog : (REDACTED) Font PFD returned from cache for %s
11-24 17:52:30.733 13502 13715 I FontLog : (REDACTED) Fetch %s end status %s
11-24 17:52:30.735 13502 13715 I FontLog : (REDACTED) Pulling font file for id = %d, cache size = %d
11-24 17:52:30.739 13502 13715 I FontLog : (REDACTED) Received query %s, URI %s
11-24 17:52:30.739 13502 13715 I FontLog : (REDACTED) Query [%s] resolved to %s
11-24 17:52:30.741 13502 13715 I FontLog : (REDACTED) Fetch %s end status %s
11-24 17:52:30.741 25270 25340 W chromium: [WARNING:ev_root_ca_metadata.cc(119)] Not implemented
11-24 17:52:30.742 13502 14556 I FontLog : (REDACTED) Pulling font file for id = %d, cache size = %d
11-24 17:52:30.744 13502 14556 I FontLog : (REDACTED) Received query %s, URI %s
11-24 17:52:30.744 13502 14556 I FontLog : (REDACTED) Query [%s] resolved to %s
11-24 17:52:30.746 13502 14556 I FontLog : (REDACTED) Font PFD returned from cache for %s
11-24 17:52:30.746 13502 14556 I FontLog : (REDACTED) Fetch %s end status %s
11-24 17:52:30.747 13502 14556 I FontLog : (REDACTED) Pulling font file for id = %d, cache size = %d
11-24 17:52:30.749 13502 14556 I FontLog : (REDACTED) Received query %s, URI %s
11-24 17:52:30.749 13502 14556 I FontLog : (REDACTED) Query [%s] resolved to %s
11-24 17:52:30.750 13502  1828 I SQLiteConnectionPool: The connection pool for /data/user/0/com.google.android.gms/databases/metadata.db has been closed but there are still 1 connections in use.  They will be closed as they are released back to the pool.
11-24 17:52:30.750 13502 14556 I FontLog : (REDACTED) Font PFD returned from cache for %s
11-24 17:52:30.750 13502 14556 I FontLog : (REDACTED) Fetch %s end status %s
11-24 17:52:30.751 13502 14556 I FontLog : (REDACTED) Pulling font file for id = %d, cache size = %d
11-24 17:52:30.753 13502 25243 W FontLog : Error updating last accessed time for {Google Sans, wdth 100.0, wght 400, ital 0.0, bestEffort false}. [CONTEXT service_id=132 ]
11-24 17:52:30.753 13502 25243 W FontLog : java.lang.IllegalStateException: Cannot perform this operation because the connection pool has been closed.
11-24 17:52:30.753 13502 25243 W FontLog : 	at android.database.sqlite.SQLiteConnectionPool.throwIfClosedLocked(SQLiteConnectionPool.java:1078)
11-24 17:52:30.753 13502 25243 W FontLog : 	at android.database.sqlite.SQLiteConnectionPool.waitForConnection(SQLiteConnectionPool.java:771)
11-24 17:52:30.753 13502 25243 W FontLog : 	at android.database.sqlite.SQLiteConnectionPool.acquireConnection(SQLiteConnectionPool.java:387)
11-24 17:52:30.753 13502 25243 W FontLog : 	at android.database.sqlite.SQLiteSession.acquireConnection(SQLiteSession.java:896)
11-24 17:52:30.753 13502 25243 W FontLog : 	at android.database.sqlite.SQLiteSession.prepare(SQLiteSession.java:588)
11-24 17:52:30.753 13502 25243 W FontLog : 	at android.database.sqlite.SQLiteProgram.<init>(SQLiteProgram.java:62)
11-24 17:52:30.753 13502 25243 W FontLog : 	at android.database.sqlite.SQLiteStatement.<init>(SQLiteStatement.java:34)
11-24 17:52:30.753 13502 25243 W FontLog : 	at android.database.sqlite.SQLiteDatabase.executeSql(SQLiteDatabase.java:2086)
11-24 17:52:30.753 13502 25243 W FontLog : 	at android.database.sqlite.SQLiteDatabase.execSQL(SQLiteDatabase.java:2064)
11-24 17:52:30.753 13502 25243 W FontLog : 	at avsh.run(:com.google.android.gms@234414038@23.44.14 (190400-580326705):68)
11-24 17:52:30.753 13502 25243 W FontLog : 	at ajls.c(:com.google.android.gms@234414038@23.44.14 (190400-580326705):50)
11-24 17:52:30.753 13502 25243 W FontLog : 	at ajls.run(:com.google.android.gms@234414038@23.44.14 (190400-580326705):76)
11-24 17:52:30.753 13502 25243 W FontLog : 	at java.util.concurrent.ThreadPoolExecutor.runWorker(ThreadPoolExecutor.java:1145)
11-24 17:52:30.753 13502 25243 W FontLog : 	at java.util.concurrent.ThreadPoolExecutor$Worker.run(ThreadPoolExecutor.java:644)
11-24 17:52:30.753 13502 25243 W FontLog : 	at ajqx.run(:com.google.android.gms@234414038@23.44.14 (190400-580326705):8)
11-24 17:52:30.753 13502 25243 W FontLog : 	at java.lang.Thread.run(Thread.java:1012)
11-24 17:52:30.755  3563  2297 D MediaProvider: Open with FUSE. FilePath: /storage/emulated/0/Download/batterymanager-companion-1.0.0.zip. Uid: 10010. Media Capabilities Uid: 0. ShouldRedact: false. ShouldTranscode: false
11-24 17:52:30.769  3563  2297 D MediaProvider: Open with FUSE. FilePath: /storage/emulated/0/Download/com.example.batterymanager_utility (1).apk. Uid: 10010. Media Capabilities Uid: 0. ShouldRedact: false. ShouldTranscode: false
11-24 17:52:30.770 13730 13730 E AbstractGmsTracer: Traced class shouldn't be obfuscated: LanguageProfileGcmTaskChimeraService [CONTEXT service_id=259 ]
11-24 17:52:30.771 13730 13730 E AbstractGmsTracer: Traced class shouldn't be obfuscated: LanguageProfileGcmTaskChimeraService [CONTEXT service_id=259 ]
11-24 17:52:30.772  1011  1189 I ASH     : @ 191602.960: tcs3701: stop power rail pending_off timer
11-24 17:52:30.772  1011  1189 D ASH     : @ 191602.960: tcs3701: start power rail timer, state:3
11-24 17:52:30.775 13502 25243 I NetworkScheduler.Stats: (REDACTED) Task %s/%s started execution. cause:%s exec_start_elapsed_seconds: %s
11-24 17:52:30.783  3563  2297 D MediaProvider: Open with FUSE. FilePath: /storage/emulated/0/Download/com.example.batterymanager_utility.apk. Uid: 10010. Media Capabilities Uid: 0. ShouldRedact: false. ShouldTranscode: false
11-24 17:52:30.784  1795  3057 W InputManager-JNI: Input channel object '4e64926 Splash Screen com.chrome.canary (client)' was disposed without first being removed with the input manager!
11-24 17:52:30.785 25270 25270 I cr_OfflineIndicator: onConnectionTypeChanged 2
11-24 17:52:30.786 25270 25270 I cr_OfflineIndicator: Reported by system: [ Transports: WIFI Capabilities: NOT_METERED&INTERNET&NOT_RESTRICTED&TRUSTED&NOT_VPN&VALIDATED&NOT_ROAMING&FOREGROUND&NOT_CONGESTED&NOT_SUSPENDED&NOT_VCN_MANAGED LinkUpBandwidth>=12000Kbps LinkDnBandwidth>=61170Kbps TransportInfo: <SSID: <unknown ssid>, BSSID: 02:00:00:00:00:00, MAC: 02:00:00:00:00:00, IP: /192.168.1.104, Security type: 2, Supplicant state: COMPLETED, Wi-Fi standard: 5, RSSI: -47, Link speed: 866Mbps, Tx Link speed: 866Mbps, Max Supported Tx Link speed: 866Mbps, Rx Link speed: 866Mbps, Max Supported Rx Link speed: 866Mbps, Frequency: 5240MHz, Net ID: -1, Metered hint: false, score: 60, isUsable: true, CarrierMerged: false, SubscriptionId: -1, IsPrimary: -1, Trusted: true, Restricted: false, Ephemeral: false, OEM paid: false, OEM private: false, OSU AP: false, FQDN: <none>, Provider friendly name: <none>, Requesting package name: <none><none>MLO Information: , Is TID-To-Link negotiation supported by the AP: false, AP MLD Address: <none>, AP MLO Link Id: <none>, AP MLO Affiliated links: <none>> SignalStrength: -47 UnderlyingNetworks: Null]
11-24 17:52:30.786 25270 25270 I cr_OfflineIndicator: setConnectionState connectionState=4
11-24 17:52:30.786 25270 25270 W Settings: Setting airplane_mode_on has moved from android.provider.Settings.System to android.provider.Settings.Global, returning read-only value.
11-24 17:52:30.787 25270 25270 I cr_OfflineDetector: Received connection change state message. mConnectivityDetectorInitialized: true, mTimeWhenLastForegrounded: 191599600, getElapsedTime: 191599601, mTimeWhenLastOfflineNotificationReceived: 0, mTimeWhenLastOnline: 191599601, mTimeWhenAirplaneModeToggledOff: 0 mApplicationState: 1, mIsOfflineLastReportedByConnectivityDetector: false, mInAirplaneMode: false mIsEffectivelyOffline: false
11-24 17:52:30.787 25270 25270 I cr_OfflineDetector: onConnectionStateChanged(): previousLastReportedStateByOfflineDetector: false
11-24 17:52:30.787 25270 25270 I cr_OfflineDetector: Running updateState mConnectivityDetectorInitialized: true, mTimeWhenLastForegrounded: 191599600, getElapsedTime: 191599602, mTimeWhenLastOfflineNotificationReceived: 0, mTimeWhenLastOnline: 191599601, mTimeWhenAirplaneModeToggledOff: 0 mApplicationState: 1, mIsOfflineLastReportedByConnectivityDetector: false, mInAirplaneMode: false mIsEffectivelyOffline: false
11-24 17:52:30.787 25270 25270 I cr_OfflineDetector: updateState(): timeSinceLastForeground: 2, timeSinceOfflineNotificationReceived: 191599602, timeSinceLastOnline: 1, timeNeededForForeground: 1998, timeNeededForOffline: -191597602 timeSinceAirplaneModeToggledOff: 191599602 timeNeededAfterConnectionChangeFromOnlineToOffline: 9999 timeNeededAfterConnectionChangeFromAirplaneToOffline: 0
11-24 17:52:30.787 25270 25270 I cr_OfflineDetector: Running mUpdateOfflineStatusIndicatorDelayedRunnable start. mConnectivityDetectorInitialized: true, mTimeWhenLastForegrounded: 191599600, getElapsedTime: 191599602, mTimeWhenLastOfflineNotificationReceived: 0, mTimeWhenLastOnline: 191599601, mTimeWhenAirplaneModeToggledOff: 0 mApplicationState: 1, mIsOfflineLastReportedByConnectivityDetector: false, mInAirplaneMode: false mIsEffectivelyOffline: false
11-24 17:52:30.787 25270 25270 I cr_OfflineDetector: Running mUpdateOfflineStatusIndicatorDelayedRunnable end. mConnectivityDetectorInitialized: true, mTimeWhenLastForegrounded: 191599600, getElapsedTime: 191599602, mTimeWhenLastOfflineNotificationReceived: 0, mTimeWhenLastOnline: 191599601, mTimeWhenAirplaneModeToggledOff: 0 mApplicationState: 1, mIsOfflineLastReportedByConnectivityDetector: false, mInAirplaneMode: false mIsEffectivelyOffline: false
11-24 17:52:30.787 25270 25270 I cr_OfflineIndicator: processConnectivityCheckResult mConnectionState=4 mConnectivityCheckingStage=1
11-24 17:52:30.791  3875  3875 I dzhj    : onStop
11-24 17:52:30.794  3657  3683 D ForegroundUtils: Foreground UID status:
11-24 17:52:30.794  3657  3683 D ForegroundUtils: UID: 10010 is in foreground: true
11-24 17:52:30.794  3657  3683 D ForegroundUtils: UID: 10128 is in foreground: true
11-24 17:52:30.794  3657  3683 D ForegroundUtils: UID: 10145 is in foreground: true
11-24 17:52:30.794  3657  3683 D ForegroundUtils: UID: 10158 is in foreground: true
11-24 17:52:30.794  3657  3683 D ForegroundUtils: UID: 10189 is in foreground: false
11-24 17:52:30.794  3657  3683 D ForegroundUtils: UID: 10194 is in foreground: true
11-24 17:52:30.794  3657  3683 D ForegroundUtils: UID: 10206 is in foreground: false
11-24 17:52:30.794  3657  3683 D ForegroundUtils: UID: 10233 is in foreground: true
11-24 17:52:30.794  3657  3683 D ForegroundUtils: UID: 10244 is in foreground: false
11-24 17:52:30.794  3657  3683 D ForegroundUtils: UID: 10319 is in foreground: true
11-24 17:52:30.794  3657  3683 D ForegroundUtils: UID: 90000 is in foreground: true
11-24 17:52:30.797  2940  3994 D OneSearchSuggestProvider: Shut down the binder channel
11-24 17:52:30.798  2940 28173 I s.nexuslauncher: oneway function results for code 2 on binder at 0xb400007095208250 will be dropped but finished with status UNKNOWN_TRANSACTION
11-24 17:52:30.813  1011  1189 I ASH     : @ 191603.000: tcs3701: stop power rail pending_off timer
11-24 17:52:30.813  1011  1189 D ASH     : @ 191603.000: tcs3701: start power rail timer, state:3
11-24 17:52:30.824 25356 25404 W VideoCapabilities: Unrecognized level 1879048707 for video/x-vnd.on2.vp8
11-24 17:52:30.825 25356 25404 W VideoCapabilities: Unrecognized profile 1879048704 for video/x-vnd.on2.vp8
11-24 17:52:30.825 25356 25404 W VideoCapabilities: Unrecognized level 1879048707 for video/x-vnd.on2.vp8
11-24 17:52:30.825 25356 25404 W VideoCapabilities: Unrecognized profile 1879048704 for video/x-vnd.on2.vp8
11-24 17:52:30.826 25356 25404 W VideoCapabilities: Unsupported mime image/vnd.android.heic
11-24 17:52:30.826 25356 25404 W VideoCapabilities: Unrecognized level 1879048707 for video/x-vnd.on2.vp8
11-24 17:52:30.826 25356 25404 W VideoCapabilities: Unrecognized profile 1879048704 for video/x-vnd.on2.vp8
11-24 17:52:30.826 25356 25404 W VideoCapabilities: Unrecognized level 1879048707 for video/x-vnd.on2.vp8
11-24 17:52:30.826 25356 25404 W VideoCapabilities: Unrecognized profile 1879048704 for video/x-vnd.on2.vp8
11-24 17:52:30.828 25356 25404 W cr_VAUtil: Unknown profile: 1879048704 for codec video/x-vnd.on2.vp8
11-24 17:52:30.842   595   595 I servicemanager: Could not find android.hardware.graphics.allocator.IAllocator/default in the VINTF manifest.
11-24 17:52:30.848 13502 25402 I NetworkScheduler.Stats: (REDACTED) Task %s/%s finished executing. cause:%s result: %s elapsed_millis: %s uptime_millis: %s exec_start_elapsed_seconds: %s
11-24 17:52:30.851 25270 25332 I tflite  : Initialized TensorFlow Lite runtime.
11-24 17:52:30.852 25270 25332 W libc    : Access denied finding property "ro.mediatek.platform"
11-24 17:52:30.852 25270 25332 W libc    : Access denied finding property "ro.chipname"
11-24 17:52:30.852 25270 25332 W libc    : Access denied finding property "ro.hardware.chipname"
11-24 17:52:30.852  1011  1189 I ASH     : @ 191603.040: tcs3701: stop power rail pending_off timer
11-24 17:52:30.852  1011  1189 D ASH     : @ 191603.040: tcs3701: start power rail timer, state:3
11-24 17:52:30.884  1795  3057 D ConnectivityService: requestNetwork for uid/pid:10010/25270 activeRequest: null callbackRequest: 5293 [NetworkRequest [ REQUEST id=5294, [ Capabilities: INTERNET&NOT_RESTRICTED&TRUSTED&NOT_VCN_MANAGED Uid: 10010 RequestorUid: 10010 RequestorPkg: com.chrome.canary UnderlyingNetworks: Null] ]] callback flags: 0 order: 2147483647
11-24 17:52:30.887  1795  2424 D WifiNetworkFactory: got request NetworkRequest [ REQUEST id=5294, [ Capabilities: INTERNET&NOT_RESTRICTED&TRUSTED&NOT_VCN_MANAGED Uid: 10010 RequestorUid: 10010 RequestorPkg: com.chrome.canary UnderlyingNetworks: Null] ]
11-24 17:52:30.887  1795  2424 V WifiNetworkFactory: Accepted network request NetworkRequest [ REQUEST id=5294, [ Capabilities: INTERNET&NOT_RESTRICTED&TRUSTED&NOT_VCN_MANAGED Uid: 10010 RequestorUid: 10010 RequestorPkg: com.chrome.canary UnderlyingNetworks: Null] ]
11-24 17:52:30.888  1795  2424 D UntrustedWifiNetworkFactory: got request NetworkRequest [ REQUEST id=5294, [ Capabilities: INTERNET&NOT_RESTRICTED&TRUSTED&NOT_VCN_MANAGED Uid: 10010 RequestorUid: 10010 RequestorPkg: com.chrome.canary UnderlyingNetworks: Null] ]
11-24 17:52:30.888  1795  2424 D OemPaidWifiNetworkFactory: got request NetworkRequest [ REQUEST id=5294, [ Capabilities: INTERNET&NOT_RESTRICTED&TRUSTED&NOT_VCN_MANAGED Uid: 10010 RequestorUid: 10010 RequestorPkg: com.chrome.canary UnderlyingNetworks: Null] ]
11-24 17:52:30.888  3563  2297 D MediaProvider: Open with FUSE. FilePath: /storage/emulated/0/Download/batterymanager-companion-1.0.0.zip. Uid: 10010. Media Capabilities Uid: 0. ShouldRedact: false. ShouldTranscode: false
11-24 17:52:30.888  1795  2424 D MultiInternetWifiNetworkFactory: got request NetworkRequest [ REQUEST id=5294, [ Capabilities: INTERNET&NOT_RESTRICTED&TRUSTED&NOT_VCN_MANAGED Uid: 10010 RequestorUid: 10010 RequestorPkg: com.chrome.canary UnderlyingNetworks: Null] ]
11-24 17:52:30.888  1795  2432 D ConnectivityService: NetReassign [5294 : null → 100] [c 1] [a 0] [i 3]
11-24 17:52:30.892  1011  1189 I ASH     : @ 191603.080: tcs3701: stop power rail pending_off timer
11-24 17:52:30.892  1011  1189 D ASH     : @ 191603.080: tcs3701: start power rail timer, state:3
11-24 17:52:30.894  1795  2432 D ConnectivityService: NetReassign [no changes] [c 0] [a 1] [i 5]
11-24 17:52:30.899  3563  2297 D MediaProvider: Open with FUSE. FilePath: /storage/emulated/0/Download/com.example.batterymanager_utility (1).apk. Uid: 10010. Media Capabilities Uid: 0. ShouldRedact: false. ShouldTranscode: false
11-24 17:52:30.905  3563  2297 D MediaProvider: Open with FUSE. FilePath: /storage/emulated/0/Download/com.example.batterymanager_utility.apk. Uid: 10010. Media Capabilities Uid: 0. ShouldRedact: false. ShouldTranscode: false
11-24 17:52:30.910 25270 25270 I cr_InactivityTracker: Last background time read from the SharedPreference is:-1.
11-24 17:52:30.912 25270 25270 I cr_VideoPersist: Exited picture in picture with reason: 0
11-24 17:52:30.913 25270 25270 I cr_InactivityTracker: Last visible time read from the SharedPreference is:1700844600085.
11-24 17:52:30.932  1011  1189 I ASH     : @ 191603.120: tcs3701: stop power rail pending_off timer
11-24 17:52:30.932  1011  1189 D ASH     : @ 191603.120: tcs3701: start power rail timer, state:3
11-24 17:52:30.935 25270 25270 I cr_InactivityTracker: Last visible time read from the SharedPreference is:1700844750913.
11-24 17:52:30.970 25270 25331 W chromium: [WARNING:ev_root_ca_metadata.cc(119)] Not implemented
11-24 17:52:30.973  1011  1189 I ASH     : @ 191603.160: tcs3701: stop power rail pending_off timer
11-24 17:52:30.973  1011  1189 D ASH     : @ 191603.160: tcs3701: start power rail timer, state:3
11-24 17:52:31.006 25270 25340 W chromium: [WARNING:ev_root_ca_metadata.cc(119)] Not implemented
11-24 17:52:31.006 25270 25340 W chromium: [WARNING:ev_root_ca_metadata.cc(119)] Not implemented
11-24 17:52:31.012  1011  1189 I ASH     : @ 191603.200: tcs3701: stop power rail pending_off timer
11-24 17:52:31.012  1011  1189 D ASH     : @ 191603.200: tcs3701: start power rail timer, state:3
11-24 17:52:31.015 25270 25332 W chromium: [WARNING:ev_root_ca_metadata.cc(119)] Not implemented
11-24 17:52:31.052  1011  1189 I ASH     : @ 191603.240: tcs3701: stop power rail pending_off timer
11-24 17:52:31.052  1011  1189 D ASH     : @ 191603.240: tcs3701: start power rail timer, state:3
11-24 17:52:31.079 25270 25270 I Choreographer: Skipped 60 frames!  The application may be doing too much work on its main thread.
11-24 17:52:31.093  1011  1189 I ASH     : @ 191603.280: tcs3701: stop power rail pending_off timer
11-24 17:52:31.093  1011  1189 D ASH     : @ 191603.280: tcs3701: start power rail timer, state:3
11-24 17:52:31.128 25270 25270 V MediaRouter: Selecting route: RouteInfo{ name=Phone, description=null, status=null, category=RouteCategory{ name=System types=ROUTE_TYPE_LIVE_AUDIO ROUTE_TYPE_LIVE_VIDEO  groupable=false }, supportedTypes=ROUTE_TYPE_LIVE_AUDIO ROUTE_TYPE_LIVE_VIDEO , presentationDisplay=null }
11-24 17:52:31.132  1011  1189 I ASH     : @ 191603.320: tcs3701: stop power rail pending_off timer
11-24 17:52:31.132  1011  1189 D ASH     : @ 191603.320: tcs3701: start power rail timer, state:3
11-24 17:52:31.172  1011  1189 I ASH     : @ 191603.360: tcs3701: stop power rail pending_off timer
11-24 17:52:31.172  1011  1189 D ASH     : @ 191603.360: tcs3701: start power rail timer, state:3
11-24 17:52:31.181 25270 25270 I cr_PwaRestore: Not showing PWA Restore promo, feature flag is disabled
11-24 17:52:31.212  1011  1189 I ASH     : @ 191603.400: tcs3701: stop power rail pending_off timer
11-24 17:52:31.212  1011  1189 D ASH     : @ 191603.400: tcs3701: start power rail timer, state:3
11-24 17:52:31.223  1795  4167 D CompatibilityChangeReporter: Compat change id reported: 214016041; UID 10010; state: ENABLED
11-24 17:52:31.226  3375  3375 I GoogleInputMethodService: GoogleInputMethodService.onFinishInput():3154 
11-24 17:52:31.227  3375  3375 I GoogleInputMethodService: GoogleInputMethodService.updateDeviceLockedStatus():2088 repeatCheckTimes = 0, locked = false
11-24 17:52:31.227  3375  3375 I GoogleInputMethodService: GoogleInputMethodService.onStartInput():1883 onStartInput(EditorInfo{EditorInfo{packageName=com.chrome.canary, inputType=0, inputTypeString=NULL, enableLearning=false, autoCorrection=false, autoComplete=false, imeOptions=12000000, privateImeOptions=null, actionName=UNSPECIFIED, actionLabel=null, initialSelStart=-1, initialSelEnd=-1, initialCapsMode=0, label=null, fieldId=-1, fieldName=null, extras=null, hintText=null, hintLocales=[]}}, false)
11-24 17:52:31.228  3375  3375 I GoogleInputMethodService: GoogleInputMethodService.updateDeviceLockedStatus():2088 repeatCheckTimes = 1, locked = false
11-24 17:52:31.243  3604  4216 I bbqr    : (REDACTED) getHotwordActive::active query: %s, watch: %s, devices connected: %s
11-24 17:52:31.252  1011  1189 I ASH     : @ 191603.440: tcs3701: stop power rail pending_off timer
11-24 17:52:31.252  1011  1189 D ASH     : @ 191603.440: tcs3701: start power rail timer, state:3
11-24 17:52:31.292  1011  1189 I ASH     : @ 191603.480: tcs3701: stop power rail pending_off timer
11-24 17:52:31.292  1011  1189 D ASH     : @ 191603.480: tcs3701: start power rail timer, state:3
11-24 17:52:31.332  1011  1189 I ASH     : @ 191603.520: tcs3701: stop power rail pending_off timer
11-24 17:52:31.332  1011  1189 D ASH     : @ 191603.520: tcs3701: start power rail timer, state:3
11-24 17:52:31.372  1011  1189 I ASH     : @ 191603.560: tcs3701: stop power rail pending_off timer
11-24 17:52:31.372  1011  1189 D ASH     : @ 191603.560: tcs3701: start power rail timer, state:3
11-24 17:52:31.413  1011  1189 I ASH     : @ 191603.600: tcs3701: stop power rail pending_off timer
11-24 17:52:31.413  1011  1189 D ASH     : @ 191603.600: tcs3701: start power rail timer, state:3
11-24 17:52:31.432  1795  4170 D ActivityManager: freezer override set to true
11-24 17:52:31.442  1795  4170 D ActivityManager: freezer override set to false
11-24 17:52:31.452 25270 25332 I cr_ADCP : No customization source found
11-24 17:52:31.452  1011  1189 I ASH     : @ 191603.640: tcs3701: stop power rail pending_off timer
11-24 17:52:31.452  1011  1189 D ASH     : @ 191603.640: tcs3701: start power rail timer, state:3
11-24 17:52:31.460 25270 25332 E cr_PartnerBMReader: ATTENTION: not using partner bookmarks as none were provided
11-24 17:52:31.461 13730 13730 D BoundBrokerSvc: onBind: Intent { act=com.google.android.gms.feedback.internal.IFeedbackService dat=chimera-action:/... cmp=com.google.android.gms/.chimera.GmsBoundBrokerService }
11-24 17:52:31.462 13730 13730 D BoundBrokerSvc: Loading bound service for intent: Intent { act=com.google.android.gms.feedback.internal.IFeedbackService dat=chimera-action:/... cmp=com.google.android.gms/.chimera.GmsBoundBrokerService }
11-24 17:52:31.462 13730 13730 E AbstractGmsTracer: Traced class shouldn't be obfuscated: FeedbackBoundService [CONTEXT service_id=259 ]
11-24 17:52:31.467 13502 13502 E AbstractGmsTracer: Traced class shouldn't be obfuscated: LockboxBrokerChimeraService [CONTEXT service_id=259 ]
11-24 17:52:31.476 13730 13730 E AbstractGmsTracer: Traced class shouldn't be obfuscated: AppIndexingChimeraService [CONTEXT service_id=259 ]
11-24 17:52:31.485 13730 13730 E AbstractGmsTracer: Traced class shouldn't be obfuscated: IndexChimeraService [CONTEXT service_id=259 ]
11-24 17:52:31.492  1011  1189 I ASH     : @ 191603.680: tcs3701: stop power rail pending_off timer
11-24 17:52:31.492  1011  1189 D ASH     : @ 191603.680: tcs3701: start power rail timer, state:3
11-24 17:52:31.494 13730 13730 E AbstractGmsTracer: Traced class shouldn't be obfuscated: IndexWorkerChimeraService [CONTEXT service_id=259 ]
11-24 17:52:31.498 13730 13764 I Icing   : IndexChimeraService.getServiceInterface callingPackage=com.google.android.gms componentName=null serviceId=30
11-24 17:52:31.506 13730 13730 E AbstractGmsTracer: Traced class shouldn't be obfuscated: GmsBoundBrokerChimeraService [CONTEXT service_id=259 ]
11-24 17:52:31.507 13730 13730 D BoundBrokerSvc: onBind: Intent { act=com.google.android.gms.common.BIND_SHARED_PREFS pkg=com.google.android.gms }
11-24 17:52:31.507 13730 13730 D BoundBrokerSvc: Loading bound service for intent: Intent { act=com.google.android.gms.common.BIND_SHARED_PREFS pkg=com.google.android.gms }
11-24 17:52:31.508 13730 13730 E AbstractGmsTracer: Traced class shouldn't be obfuscated: SharedPreferencesBoundService [CONTEXT service_id=259 ]
11-24 17:52:31.511 13730 13730 D BoundBrokerSvc: onUnbind: Intent { act=com.google.android.gms.common.BIND_SHARED_PREFS pkg=com.google.android.gms }
11-24 17:52:31.532  1011  1189 I ASH     : @ 191603.720: tcs3701: stop power rail pending_off timer
11-24 17:52:31.532  1011  1189 D ASH     : @ 191603.720: tcs3701: start power rail timer, state:3
11-24 17:52:31.538  2113  2118 I pixel-thermal: skin-therm-monitor: 39.747
11-24 17:52:31.564  1795  4170 D CompatibilityChangeReporter: Compat change id reported: 161252188; UID 10010; state: DISABLED
11-24 17:52:31.568 13730 22130 I Icing   : Usage reports ok 4, Failed Usage reports 0, indexed 3, rejected 0
11-24 17:52:31.572  1011  1189 I ASH     : @ 191603.760: tcs3701: stop power rail pending_off timer
11-24 17:52:31.573  1011  1189 D ASH     : @ 191603.761: tcs3701: start power rail timer, state:3
11-24 17:52:31.612  1011  1189 I ASH     : @ 191603.800: tcs3701: stop power rail pending_off timer
11-24 17:52:31.612  1011  1189 D ASH     : @ 191603.800: tcs3701: start power rail timer, state:3
11-24 17:52:31.634  1795  4170 D ActivityManager: freezer override set to true
11-24 17:52:31.652  1011  1189 I ASH     : @ 191603.840: tcs3701: stop power rail pending_off timer
11-24 17:52:31.652  1011  1189 D ASH     : @ 191603.840: tcs3701: start power rail timer, state:3
11-24 17:52:31.693  1011  1189 I ASH     : @ 191603.880: tcs3701: stop power rail pending_off timer
11-24 17:52:31.693  1011  1189 D ASH     : @ 191603.880: tcs3701: start power rail timer, state:3
11-24 17:52:31.732  1011  1189 I ASH     : @ 191603.920: tcs3701: stop power rail pending_off timer
11-24 17:52:31.732  1011  1189 D ASH     : @ 191603.920: tcs3701: start power rail timer, state:3
11-24 17:52:31.772  1011  1189 I ASH     : @ 191603.960: tcs3701: stop power rail pending_off timer
11-24 17:52:31.772  1011  1189 D ASH     : @ 191603.960: tcs3701: start power rail timer, state:3
11-24 17:52:31.778 25270 25326 I m.chrome.canary: Explicit concurrent copying GC freed 557620(20MB) AllocSpace objects, 27(924KB) LOS objects, 75% free, 8337KB/32MB, paused 60us,55us total 44.823ms
11-24 17:52:31.812  1011  1189 I ASH     : @ 191604.000: tcs3701: stop power rail pending_off timer
11-24 17:52:31.812  1011  1189 D ASH     : @ 191604.000: tcs3701: start power rail timer, state:3
11-24 17:52:31.827  1795  4170 D ActivityManager: freezer override set to false
11-24 17:52:31.852  1011  1189 I ASH     : @ 191604.040: tcs3701: stop power rail pending_off timer
11-24 17:52:31.852  1011  1189 D ASH     : @ 191604.040: tcs3701: start power rail timer, state:3
11-24 17:52:31.893  1011  1189 I ASH     : @ 191604.080: tcs3701: stop power rail pending_off timer
11-24 17:52:31.893  1011  1189 D ASH     : @ 191604.080: tcs3701: start power rail timer, state:3
11-24 17:52:31.895  1795  4170 D ActivityManager: freezer override set to true
11-24 17:52:31.900  1795  4170 D ActivityManager: freezer override set to false
11-24 17:52:31.932  1011  1189 I ASH     : @ 191604.120: tcs3701: stop power rail pending_off timer
11-24 17:52:31.932  1011  1189 D ASH     : @ 191604.120: tcs3701: start power rail timer, state:3
11-24 17:52:31.972  1011  1189 I ASH     : @ 191604.160: tcs3701: stop power rail pending_off timer
11-24 17:52:31.972  1011  1189 D ASH     : @ 191604.160: tcs3701: start power rail timer, state:3
11-24 17:52:32.012  1011  1189 I ASH     : @ 191604.200: tcs3701: stop power rail pending_off timer
11-24 17:52:32.012  1011  1189 D ASH     : @ 191604.200: tcs3701: start power rail timer, state:3
11-24 17:52:32.052  1011  1189 I ASH     : @ 191604.240: tcs3701: stop power rail pending_off timer
11-24 17:52:32.052  1011  1189 D ASH     : @ 191604.240: tcs3701: start power rail timer, state:3
11-24 17:52:32.092  1011  1189 I ASH     : @ 191604.280: tcs3701: stop power rail pending_off timer
11-24 17:52:32.092  1011  1189 D ASH     : @ 191604.280: tcs3701: start power rail timer, state:3
11-24 17:52:32.092  1795  3057 I ActivityManager: Background started FGS: Allowed [callingPackage: com.android.shell; callingUid: 2000; uidState: NONE; intent: Intent { cmp=com.example.batterymanager_utility/.DataCollectionService (has extras) }; code:SYSTEM_UID; tempAllowListReason:<,reasonCode:SYSTEM_ALLOW_LISTED,duration:9223372036854775807,callingUid:-1>; targetSdkVersion:33; callerTargetSdkVersion:33; startForegroundCount:0; bindFromPackage:null]
11-24 17:52:32.098 10476 10476 I BatteryMgr:DataCollectionService: onStartCommand: begin
11-24 17:52:32.099 10476 10476 I BatteryMgr:DataCollectionService: onStartCommand: sampleRate => 100
11-24 17:52:32.099 10476 10476 I BatteryMgr:DataCollectionService: onStartCommand: rawFields => Timestamp,BATTERY_PROPERTY_CURRENT_NOW,EXTRA_VOLTAGE,BATTERY_PROPERTY_CURRENT_AVERAGE,BATTERY_PROPERTY_CHARGE_COUNTER,BATTERY_PROPERTY_CAPACITY
11-24 17:52:32.099 10476 10476 I BatteryMgr:DataCollectionService: onStartCommand: notification done
11-24 17:52:32.103 10476 10476 I BatteryMgr:DataCollectionService: started foreground
11-24 17:52:32.106 10476 10510 I BatteryMgr:DataCollectionService: collectData: begin
11-24 17:52:32.109 10476 10510 I BatteryMgr:DataCollectionService: stats => 1700844752109,8544,4442,-2746,4169000,100
11-24 17:52:32.132  1011  1189 I ASH     : @ 191604.320: tcs3701: stop power rail pending_off timer
11-24 17:52:32.132  1011  1189 D ASH     : @ 191604.320: tcs3701: start power rail timer, state:3
11-24 17:52:32.172  1011  1189 I ASH     : @ 191604.360: tcs3701: stop power rail pending_off timer
11-24 17:52:32.172  1011  1189 D ASH     : @ 191604.360: tcs3701: start power rail timer, state:3
11-24 17:52:32.212  1011  1189 I ASH     : @ 191604.400: tcs3701: stop power rail pending_off timer
11-24 17:52:32.212  1011  1189 D ASH     : @ 191604.401: tcs3701: start power rail timer, state:3
11-24 17:52:32.214 10476 10510 I BatteryMgr:DataCollectionService: stats => 1700844752214,8544,4442,-2746,4169000,100
11-24 17:52:32.222 25356 25381 I AdrenoVK-0: QUALCOMM build          : 4783c89, I46ff5fc46f
11-24 17:52:32.222 25356 25381 I AdrenoVK-0: Build Date              : 11/30/20
11-24 17:52:32.222 25356 25381 I AdrenoVK-0: Shader Compiler Version : EV031.31.04.01
11-24 17:52:32.222 25356 25381 I AdrenoVK-0: Local Branch            : QPR2
11-24 17:52:32.222 25356 25381 I AdrenoVK-0: Remote Branch           : 
11-24 17:52:32.222 25356 25381 I AdrenoVK-0: Remote Branch           : 
11-24 17:52:32.222 25356 25381 I AdrenoVK-0: Reconstruct Branch      : 
11-24 17:52:32.222 25356 25381 I AdrenoVK-0: Build Config            : S P 10.0.4 AArch64
11-24 17:52:32.222 25356 25381 I AdrenoVK-0: Driver Path             : /vendor/lib64/hw/vulkan.adreno.so
11-24 17:52:32.252  1011  1189 I ASH     : @ 191604.440: tcs3701: stop power rail pending_off timer
11-24 17:52:32.252  1011  1189 D ASH     : @ 191604.440: tcs3701: start power rail timer, state:3
11-24 17:52:32.284  1795  3057 I ActivityTaskManager: START u0 {act=android.intent.action.VIEW dat=https://playground.babylonjs.com/... flg=0x10000000 cmp=com.chrome.canary/com.google.android.apps.chrome.Main} from uid 2000
11-24 17:52:32.285  1795  3057 D CompatibilityChangeReporter: Compat change id reported: 265464455; UID 10010; state: DISABLED
11-24 17:52:32.285  1795  3057 D CompatibilityChangeReporter: Compat change id reported: 265452344; UID 10010; state: DISABLED
11-24 17:52:32.285  1795  3057 D CompatibilityChangeReporter: Compat change id reported: 266124927; UID 10010; state: DISABLED
11-24 17:52:32.286  1795  3057 D CompatibilityChangeReporter: Compat change id reported: 265451093; UID 10010; state: DISABLED
11-24 17:52:32.286  1795  3057 D CompatibilityChangeReporter: Compat change id reported: 265456536; UID 10010; state: DISABLED
11-24 17:52:32.286  1795  3057 D CompatibilityChangeReporter: Compat change id reported: 255940284; UID 10010; state: DISABLED
11-24 17:52:32.286  1795  3057 D CompatibilityChangeReporter: Compat change id reported: 236283604; UID 10010; state: DISABLED
11-24 17:52:32.286  1795  3057 D CompatibilityChangeReporter: Compat change id reported: 263959004; UID 10010; state: DISABLED
11-24 17:52:32.287  1795  3057 D CompatibilityChangeReporter: Compat change id reported: 264304459; UID 10010; state: DISABLED
11-24 17:52:32.287  1795  3057 D CompatibilityChangeReporter: Compat change id reported: 264301586; UID 10010; state: DISABLED
11-24 17:52:32.287  1795  3057 D CompatibilityChangeReporter: Compat change id reported: 254631730; UID 10010; state: DISABLED
11-24 17:52:32.287  1795  3057 D CompatibilityChangeReporter: Compat change id reported: 273509367; UID 10010; state: DISABLED
11-24 17:52:32.287  1795  3057 D CompatibilityChangeReporter: Compat change id reported: 263259275; UID 10010; state: DISABLED
11-24 17:52:32.288  1795  3057 D CompatibilityChangeReporter: Compat change id reported: 194480991; UID 10010; state: ENABLED
11-24 17:52:32.288  1795  3057 D CompatibilityChangeReporter: Compat change id reported: 174042980; UID 10010; state: DISABLED
11-24 17:52:32.290  1795  3057 D CompatibilityChangeReporter: Compat change id reported: 181136395; UID 10010; state: DISABLED
11-24 17:52:32.290  1795  3057 D CompatibilityChangeReporter: Compat change id reported: 174042936; UID 10010; state: DISABLED
11-24 17:52:32.292  1011  1189 I ASH     : @ 191604.480: tcs3701: stop power rail pending_off timer
11-24 17:52:32.292  1011  1189 D ASH     : @ 191604.480: tcs3701: start power rail timer, state:3
11-24 17:52:32.293  1795  3057 D CompatibilityChangeReporter: Compat change id reported: 194833441; UID 10010; state: ENABLED
11-24 17:52:32.302 25270 25270 W cr_ActivityDispatcher: CustomTabsIntent#shouldAlwaysUseBrowserUI() = false
11-24 17:52:32.302 25270 25270 I cr_VideoPersist: Exited picture in picture with reason: 0
11-24 17:52:32.303 25270 25270 E cr_IntentUtils: getInt failed on bundle null
11-24 17:52:32.317  1795  2120 D CompatibilityChangeReporter: Compat change id reported: 143937733; UID 10010; state: ENABLED
11-24 17:52:32.318 10476 10510 I BatteryMgr:DataCollectionService: stats => 1700844752318,8544,4442,-2746,4169000,100
11-24 17:52:32.321 25270 25270 W cr_ActivityDispatcher: CustomTabsIntent#shouldAlwaysUseBrowserUI() = false
11-24 17:52:32.328 25316 25316 D Zygote  : Forked child process 25496
11-24 17:52:32.332  1011  1189 I ASH     : @ 191604.520: tcs3701: stop power rail pending_off timer
11-24 17:52:32.332  1011  1189 D ASH     : @ 191604.520: tcs3701: start power rail timer, state:3
11-24 17:52:32.332 25496 25496 E libc    : SetHeapTaggingLevel: re-enabling tagging after it was disabled is not supported
11-24 17:52:32.332  1795  2120 I ActivityManager: Start proc 25496:com.chrome.canary:sandboxed_process0:org.chromium.content.app.SandboxedProcessService0:1/u0ai1 for  {com.chrome.canary/org.chromium.content.app.SandboxedProcessService0:1}
11-24 17:52:32.340 25496 25496 I ocessService0:1: Using CollectorTypeCC GC.
11-24 17:52:32.345  1795  3057 D CoreBackPreview: Window{545d3d4 u0 com.chrome.canary/com.google.android.apps.chrome.Main}: Setting back callback OnBackInvokedCallbackInfo{mCallback=android.window.IOnBackInvokedCallback$Stub$Proxy@4aec0b8, mPriority=0}
11-24 17:52:32.349 25270 25270 I cr_OfflineDetector: Running updateState mConnectivityDetectorInitialized: true, mTimeWhenLastForegrounded: 191601164, getElapsedTime: 191601164, mTimeWhenLastOfflineNotificationReceived: 0, mTimeWhenLastOnline: 191599601, mTimeWhenAirplaneModeToggledOff: 0 mApplicationState: 1, mIsOfflineLastReportedByConnectivityDetector: false, mInAirplaneMode: false mIsEffectivelyOffline: false
11-24 17:52:32.349 25270 25270 I cr_OfflineDetector: updateState(): timeSinceLastForeground: 0, timeSinceOfflineNotificationReceived: 191601164, timeSinceLastOnline: 1563, timeNeededForForeground: 2000, timeNeededForOffline: -191599164 timeSinceAirplaneModeToggledOff: 191601164 timeNeededAfterConnectionChangeFromOnlineToOffline: 8437 timeNeededAfterConnectionChangeFromAirplaneToOffline: 0
11-24 17:52:32.349 25270 25270 I cr_OfflineDetector: Running mUpdateOfflineStatusIndicatorDelayedRunnable start. mConnectivityDetectorInitialized: true, mTimeWhenLastForegrounded: 191601164, getElapsedTime: 191601164, mTimeWhenLastOfflineNotificationReceived: 0, mTimeWhenLastOnline: 191599601, mTimeWhenAirplaneModeToggledOff: 0 mApplicationState: 1, mIsOfflineLastReportedByConnectivityDetector: false, mInAirplaneMode: false mIsEffectivelyOffline: false
11-24 17:52:32.352 25270 25270 I cr_InactivityTracker: Last background time read from the SharedPreference is:1700844752291.
11-24 17:52:32.352  1383  1442 I adbd    : jdwp connection from 25496
11-24 17:52:32.354 25270 25270 I cr_VideoPersist: Exited picture in picture with reason: 0
11-24 17:52:32.356  1795  4167 D CompatibilityChangeReporter: Compat change id reported: 161145287; UID 10010; state: DISABLED
11-24 17:52:32.356 25270 25270 I cr_InactivityTracker: Last visible time read from the SharedPreference is:1700844750935.
11-24 17:52:32.359  1795  4167 D CompatibilityChangeReporter: Compat change id reported: 168419799; UID 10010; state: DISABLED
11-24 17:52:32.359  1795  4167 D CompatibilityChangeReporter: Compat change id reported: 273564678; UID 10010; state: DISABLED
11-24 17:52:32.362  3657  3683 D ForegroundUtils: Foreground UID status:
11-24 17:52:32.362  3657  3683 D ForegroundUtils: UID: 10010 is in foreground: true
11-24 17:52:32.362  3657  3683 D ForegroundUtils: UID: 10128 is in foreground: true
11-24 17:52:32.362  3657  3683 D ForegroundUtils: UID: 10145 is in foreground: true
11-24 17:52:32.362  3657  3683 D ForegroundUtils: UID: 10158 is in foreground: true
11-24 17:52:32.362  3657  3683 D ForegroundUtils: UID: 10189 is in foreground: false
11-24 17:52:32.362  3657  3683 D ForegroundUtils: UID: 10194 is in foreground: true
11-24 17:52:32.362  3657  3683 D ForegroundUtils: UID: 10206 is in foreground: false
11-24 17:52:32.362  3657  3683 D ForegroundUtils: UID: 10233 is in foreground: true
11-24 17:52:32.362  3657  3683 D ForegroundUtils: UID: 10244 is in foreground: false
11-24 17:52:32.362  3657  3683 D ForegroundUtils: UID: 10319 is in foreground: true
11-24 17:52:32.362  3657  3683 D ForegroundUtils: UID: 90000 is in foreground: true
11-24 17:52:32.362  3657  3683 D ForegroundUtils: UID: 90001 is in foreground: true
11-24 17:52:32.363 25496 25496 I ActivityThread: Relaunch all activities: onCoreSettingsChange
11-24 17:52:32.363 25496 25496 D CompatibilityChangeReporter: Compat change id reported: 171979766; UID 90001; state: ENABLED
11-24 17:52:32.372  1011  1189 I ASH     : @ 191604.560: tcs3701: stop power rail pending_off timer
11-24 17:52:32.372  1011  1189 D ASH     : @ 191604.560: tcs3701: start power rail timer, state:3
11-24 17:52:32.376 25496 25496 I LoadedApk: No resource references to update in package com.google.android.trichromelibrary.canary
11-24 17:52:32.377 25496 25496 D NetworkSecurityConfig: Using Network Security Config from resource 0_resource_name_obfuscated debugBuild: false
11-24 17:52:32.377 25496 25496 D NetworkSecurityConfig: Using Network Security Config from resource 0_resource_name_obfuscated debugBuild: false
11-24 17:52:32.378 25496 25496 I cr_SplitCompatApp: Launched version=121.0.6137.0 minSdkVersion=29 isBundle=true processName=com.chrome.canary:sandboxed_process0:org.chromium.content.app.SandboxedProcessService0:1 isIsolated=true
11-24 17:52:32.383 25496 25496 W SystemServiceRegistry: No service published for: uimode
11-24 17:52:32.389 25496 25496 I cr_ChildProcessService: Creating new ChildProcessService pid=25496
11-24 17:52:32.390  1795  4144 D CompatibilityChangeReporter: Compat change id reported: 214016041; UID 10010; state: ENABLED
11-24 17:52:32.391  3375  3375 I GoogleInputMethodService: GoogleInputMethodService.onFinishInput():3154 
11-24 17:52:32.392  3375  3375 I GoogleInputMethodService: GoogleInputMethodService.updateDeviceLockedStatus():2088 repeatCheckTimes = 0, locked = false
11-24 17:52:32.394  3375  3375 I GoogleInputMethodService: GoogleInputMethodService.onStartInput():1883 onStartInput(EditorInfo{EditorInfo{packageName=com.chrome.canary, inputType=0, inputTypeString=NULL, enableLearning=false, autoCorrection=false, autoComplete=false, imeOptions=12000000, privateImeOptions=null, actionName=UNSPECIFIED, actionLabel=null, initialSelStart=-1, initialSelEnd=-1, initialCapsMode=0, label=null, fieldId=-1, fieldName=null, extras=null, hintText=null, hintLocales=[]}}, false)
11-24 17:52:32.394  3375  3375 I GoogleInputMethodService: GoogleInputMethodService.updateDeviceLockedStatus():2088 repeatCheckTimes = 1, locked = false
11-24 17:52:32.402 25496 25511 I cr_LibraryLoader: Successfully loaded native library
11-24 17:52:32.403 25496 25511 I cr_CachingUmaRecorder: Flushed 3 samples from 3 histograms, 0 samples were dropped.
11-24 17:52:32.412  1011  1189 I ASH     : @ 191604.600: tcs3701: stop power rail pending_off timer
11-24 17:52:32.412  1011  1189 D ASH     : @ 191604.600: tcs3701: start power rail timer, state:3
11-24 17:52:32.413  3875  3875 I VISHotwordAdapter: Not connected and not waiting for connection.
11-24 17:52:32.417  3875  3875 I VISHotwordAdapter: Still waiting for connection; add the callback to callback list
11-24 17:52:32.421 25270 25310 I cr_BindingManager: Visible binding enabled: maxSize=-1
11-24 17:52:32.423  3875  3875 W VISHotwordAdapter: gsaVis null binding. HDM in use.
11-24 17:52:32.429 10476 10510 I BatteryMgr:DataCollectionService: stats => 1700844752429,8544,4442,-2746,4169000,100
11-24 17:52:32.446  1795  4167 W PackageConfigPersister: App-specific configuration not found for packageName: com.chrome.canary and userId: 0
11-24 17:52:32.451 25270 25270 I cr_A11yState: Enabled accessibility services list updated.
11-24 17:52:32.452  1011  1189 I ASH     : @ 191604.640: tcs3701: stop power rail pending_off timer
11-24 17:52:32.452  1011  1189 D ASH     : @ 191604.640: tcs3701: start power rail timer, state:3
11-24 17:52:32.452 25270 25270 I cr_A11yState: Informing listeners of changes.
11-24 17:52:32.452 25270 25270 I cr_A11yState: New AccessibilityState: State{isScreenReaderEnabled=false, isTouchExplorationEnabled=false, isPerformGesturesEnabled=false, isAnyAccessibilityServiceEnabled=false, isAccessibilityToolPresent=false, isSpokenFeedbackServicePresent=false, isTextShowPasswordEnabled=true, isOnlyPasswordManagersEnabled=false}
11-24 17:52:32.474  1795  4170 D ActivityManager: freezer override set to true
11-24 17:52:32.492  1011  1189 I ASH     : @ 191604.680: tcs3701: stop power rail pending_off timer
11-24 17:52:32.492  1011  1189 D ASH     : @ 191604.680: tcs3701: start power rail timer, state:3
11-24 17:52:32.493 25496 25511 I tflite  : Initialized TensorFlow Lite runtime.
11-24 17:52:32.493 25496 25511 W libc    : Access denied finding property "ro.mediatek.platform"
11-24 17:52:32.493 25496 25511 W libc    : Access denied finding property "ro.chipname"
11-24 17:52:32.493 25496 25511 W libc    : Access denied finding property "ro.hardware.chipname"
11-24 17:52:32.531  1795  4170 D ActivityManager: freezer override set to false
11-24 17:52:32.533  1011  1189 I ASH     : @ 191604.720: tcs3701: stop power rail pending_off timer
11-24 17:52:32.533  1011  1189 D ASH     : @ 191604.720: tcs3701: start power rail timer, state:3
11-24 17:52:32.536 10476 10510 I BatteryMgr:DataCollectionService: stats => 1700844752536,8544,4442,-2746,4169000,100
11-24 17:52:32.572  1011  1189 I ASH     : @ 191604.760: tcs3701: stop power rail pending_off timer
11-24 17:52:32.572  1011  1189 D ASH     : @ 191604.760: tcs3701: start power rail timer, state:3
11-24 17:52:32.612  1011  1189 I ASH     : @ 191604.800: tcs3701: stop power rail pending_off timer
11-24 17:52:32.612  1011  1189 D ASH     : @ 191604.800: tcs3701: start power rail timer, state:3
11-24 17:52:32.640 10476 10510 I BatteryMgr:DataCollectionService: stats => 1700844752640,8544,4442,-2746,4169000,100
11-24 17:52:32.652  1011  1189 I ASH     : @ 191604.840: tcs3701: stop power rail pending_off timer
