11-24 17:28:20.212  1011  1189 I ASH     : @ 190152.400: tcs3701: stop power rail pending_off timer
11-24 17:28:20.212  1011  1189 D ASH     : @ 190152.400: tcs3701: start power rail timer, state:3
11-24 17:28:20.252  1011  1189 I ASH     : @ 190152.440: tcs3701: stop power rail pending_off timer
11-24 17:28:20.252  1011  1189 D ASH     : @ 190152.440: tcs3701: start power rail timer, state:3
11-24 17:28:20.292  1011  1189 I ASH     : @ 190152.480: tcs3701: stop power rail pending_off timer
11-24 17:28:20.292  1011  1189 D ASH     : @ 190152.480: tcs3701: start power rail timer, state:3
11-24 17:28:20.293 10476 10512 I BatteryMgr:DataCollectionService: stats => 1700843300293,13732,4442,-2746,4169000,100
11-24 17:28:20.332  1011  1189 I ASH     : @ 190152.520: tcs3701: stop power rail pending_off timer
11-24 17:28:20.332  1011  1189 D ASH     : @ 190152.520: tcs3701: start power rail timer, state:3
11-24 17:28:20.373  1011  1189 I ASH     : @ 190152.560: tcs3701: stop power rail pending_off timer
11-24 17:28:20.373  1011  1189 D ASH     : @ 190152.560: tcs3701: start power rail timer, state:3
11-24 17:28:20.398 10476 10512 I BatteryMgr:DataCollectionService: stats => 1700843300398,13732,4442,-2746,4169000,100
11-24 17:28:20.412  1011  1189 I ASH     : @ 190152.600: tcs3701: stop power rail pending_off timer
11-24 17:28:20.412  1011  1189 D ASH     : @ 190152.600: tcs3701: start power rail timer, state:3
11-24 17:28:20.452  1011  1189 I ASH     : @ 190152.640: tcs3701: stop power rail pending_off timer
11-24 17:28:20.452  1011  1189 D ASH     : @ 190152.640: tcs3701: start power rail timer, state:3
11-24 17:28:20.492  1011  1189 I ASH     : @ 190152.680: tcs3701: stop power rail pending_off timer
11-24 17:28:20.492  1011  1189 D ASH     : @ 190152.680: tcs3701: start power rail timer, state:3
11-24 17:28:20.503 10476 10512 I BatteryMgr:DataCollectionService: stats => 1700843300503,13732,4442,-2746,4169000,100
11-24 17:28:20.532  1011  1189 I ASH     : @ 190152.720: tcs3701: stop power rail pending_off timer
11-24 17:28:20.532  1011  1189 D ASH     : @ 190152.720: tcs3701: start power rail timer, state:3
11-24 17:28:20.572  1011  1189 I ASH     : @ 190152.760: tcs3701: stop power rail pending_off timer
11-24 17:28:20.572  1011  1189 D ASH     : @ 190152.760: tcs3701: start power rail timer, state:3
11-24 17:28:20.609 10476 10512 I BatteryMgr:DataCollectionService: stats => 1700843300608,13732,4442,-2746,4169000,100
11-24 17:28:20.612  1011  1189 I ASH     : @ 190152.800: tcs3701: stop power rail pending_off timer
11-24 17:28:20.612  1011  1189 D ASH     : @ 190152.800: tcs3701: start power rail timer, state:3
11-24 17:28:20.652  1011  1189 I ASH     : @ 190152.840: tcs3701: stop power rail pending_off timer
11-24 17:28:20.652  1011  1189 D ASH     : @ 190152.840: tcs3701: start power rail timer, state:3
11-24 17:28:20.692  1011  1189 I ASH     : @ 190152.880: tcs3701: stop power rail pending_off timer
11-24 17:28:20.692  1011  1189 D ASH     : @ 190152.880: tcs3701: start power rail timer, state:3
11-24 17:28:20.713 10476 10512 I BatteryMgr:DataCollectionService: stats => 1700843300713,13732,4442,-2746,4169000,100
11-24 17:28:20.732  1011  1189 I ASH     : @ 190152.920: tcs3701: stop power rail pending_off timer
11-24 17:28:20.732  1011  1189 D ASH     : @ 190152.920: tcs3701: start power rail timer, state:3
11-24 17:28:20.736  1795  4172 D ActivityManager: freezer override set to true
11-24 17:28:20.772  1011  1189 I ASH     : @ 190152.960: tcs3701: stop power rail pending_off timer
11-24 17:28:20.772  1011  1189 D ASH     : @ 190152.960: tcs3701: start power rail timer, state:3
11-24 17:28:20.812  1011  1189 I ASH     : @ 190153.000: tcs3701: stop power rail pending_off timer
11-24 17:28:20.812  1011  1189 D ASH     : @ 190153.000: tcs3701: start power rail timer, state:3
11-24 17:28:20.817 10476 10512 I BatteryMgr:DataCollectionService: stats => 1700843300817,13732,4442,-2746,4169000,100
11-24 17:28:20.852  1011  1189 I ASH     : @ 190153.040: tcs3701: stop power rail pending_off timer
11-24 17:28:20.852  1011  1189 D ASH     : @ 190153.040: tcs3701: start power rail timer, state:3
11-24 17:28:20.892  1011  1189 I ASH     : @ 190153.080: tcs3701: stop power rail pending_off timer
11-24 17:28:20.892  1011  1189 D ASH     : @ 190153.080: tcs3701: start power rail timer, state:3
11-24 17:28:20.898 23946 23961 I m.chrome.canary: Explicit concurrent copying GC freed 3598(176KB) AllocSpace objects, 3(60KB) LOS objects, 75% free, 12MB/51MB, paused 40us,25us total 54.266ms
11-24 17:28:20.923 10476 10512 I BatteryMgr:DataCollectionService: stats => 1700843300923,13732,4442,-2746,4169000,100
11-24 17:28:20.932  1011  1189 I ASH     : @ 190153.120: tcs3701: stop power rail pending_off timer
11-24 17:28:20.932  1011  1189 D ASH     : @ 190153.121: tcs3701: start power rail timer, state:3
11-24 17:28:20.963  1795  4172 D ActivityManager: freezer override set to false
11-24 17:28:20.973  1011  1189 I ASH     : @ 190153.160: tcs3701: stop power rail pending_off timer
11-24 17:28:20.973  1011  1189 D ASH     : @ 190153.160: tcs3701: start power rail timer, state:3
11-24 17:28:21.012  1011  1189 I ASH     : @ 190153.200: tcs3701: stop power rail pending_off timer
11-24 17:28:21.012  1011  1189 D ASH     : @ 190153.200: tcs3701: start power rail timer, state:3
11-24 17:28:21.025  1795  4172 D ActivityManager: freezer override set to true
11-24 17:28:21.031 10476 10512 I BatteryMgr:DataCollectionService: stats => 1700843301031,13732,4442,-2746,4169000,100
11-24 17:28:21.031  1795  3807 D ActivityManager: freezer override set to false
11-24 17:28:21.052  1011  1189 I ASH     : @ 190153.240: tcs3701: stop power rail pending_off timer
11-24 17:28:21.052  1011  1189 D ASH     : @ 190153.240: tcs3701: start power rail timer, state:3
11-24 17:28:21.054  2113  2118 I pixel-thermal: skin-therm-monitor: 39.072
11-24 17:28:21.092  1011  1189 I ASH     : @ 190153.280: tcs3701: stop power rail pending_off timer
11-24 17:28:21.092  1011  1189 D ASH     : @ 190153.280: tcs3701: start power rail timer, state:3
11-24 17:28:21.132  1011  1189 I ASH     : @ 190153.320: tcs3701: stop power rail pending_off timer
11-24 17:28:21.132  1011  1189 D ASH     : @ 190153.320: tcs3701: start power rail timer, state:3
11-24 17:28:21.134  1039  1095 D rlsservice: MonitorDisplayStatus client num 0, display status 1, sensor status 0
11-24 17:28:21.136 10476 10512 I BatteryMgr:DataCollectionService: stats => 1700843301136,13732,4442,-2746,4169000,100
11-24 17:28:21.173  1011  1189 I ASH     : @ 190153.360: tcs3701: stop power rail pending_off timer
11-24 17:28:21.173  1011  1189 D ASH     : @ 190153.360: tcs3701: start power rail timer, state:3
11-24 17:28:21.212  1011  1189 I ASH     : @ 190153.400: tcs3701: stop power rail pending_off timer
11-24 17:28:21.212  1011  1189 D ASH     : @ 190153.400: tcs3701: start power rail timer, state:3
11-24 17:28:21.241 10476 10512 I BatteryMgr:DataCollectionService: stats => 1700843301241,13732,4442,-2746,4169000,100
11-24 17:28:21.252  1011  1189 I ASH     : @ 190153.440: tcs3701: stop power rail pending_off timer
11-24 17:28:21.252  1011  1189 D ASH     : @ 190153.440: tcs3701: start power rail timer, state:3
11-24 17:28:21.292  1011  1189 I ASH     : @ 190153.480: tcs3701: stop power rail pending_off timer
11-24 17:28:21.292  1011  1189 D ASH     : @ 190153.480: tcs3701: start power rail timer, state:3
11-24 17:28:21.332  1011  1189 I ASH     : @ 190153.520: tcs3701: stop power rail pending_off timer
11-24 17:28:21.332  1011  1189 D ASH     : @ 190153.520: tcs3701: start power rail timer, state:3
11-24 17:28:21.346 10476 10512 I BatteryMgr:DataCollectionService: stats => 1700843301346,13732,4442,-2746,4169000,100
11-24 17:28:21.373  1011  1189 I ASH     : @ 190153.560: tcs3701: stop power rail pending_off timer
11-24 17:28:21.373  1011  1189 D ASH     : @ 190153.560: tcs3701: start power rail timer, state:3
11-24 17:28:21.412  1011  1189 I ASH     : @ 190153.600: tcs3701: stop power rail pending_off timer
11-24 17:28:21.412  1011  1189 D ASH     : @ 190153.600: tcs3701: start power rail timer, state:3
11-24 17:28:21.451 10476 10512 I BatteryMgr:DataCollectionService: stats => 1700843301451,13732,4442,-2746,4169000,100
11-24 17:28:21.452  1011  1189 I ASH     : @ 190153.640: tcs3701: stop power rail pending_off timer
11-24 17:28:21.452  1011  1189 D ASH     : @ 190153.640: tcs3701: start power rail timer, state:3
11-24 17:28:21.493  1011  1189 I ASH     : @ 190153.680: tcs3701: stop power rail pending_off timer
11-24 17:28:21.493  1011  1189 D ASH     : @ 190153.680: tcs3701: start power rail timer, state:3
11-24 17:28:21.532  1011  1189 I ASH     : @ 190153.720: tcs3701: stop power rail pending_off timer
11-24 17:28:21.532  1011  1189 D ASH     : @ 190153.720: tcs3701: start power rail timer, state:3
11-24 17:28:21.555 10476 10512 I BatteryMgr:DataCollectionService: stats => 1700843301555,13732,4442,-2746,4169000,100
11-24 17:28:21.572  1011  1189 I ASH     : @ 190153.760: tcs3701: stop power rail pending_off timer
11-24 17:28:21.572  1011  1189 D ASH     : @ 190153.760: tcs3701: start power rail timer, state:3
11-24 17:28:21.613  1011  1189 I ASH     : @ 190153.800: tcs3701: stop power rail pending_off timer
11-24 17:28:21.613  1011  1189 D ASH     : @ 190153.800: tcs3701: start power rail timer, state:3
11-24 17:28:21.652  1011  1189 I ASH     : @ 190153.840: tcs3701: stop power rail pending_off timer
11-24 17:28:21.652  1011  1189 D ASH     : @ 190153.841: tcs3701: start power rail timer, state:3
11-24 17:28:21.660 10476 10512 I BatteryMgr:DataCollectionService: stats => 1700843301660,13732,4442,-2746,4169000,100
11-24 17:28:21.692  1011  1189 I ASH     : @ 190153.880: tcs3701: stop power rail pending_off timer
11-24 17:28:21.692  1011  1189 D ASH     : @ 190153.880: tcs3701: start power rail timer, state:3
11-24 17:28:21.732  1011  1189 I ASH     : @ 190153.920: tcs3701: stop power rail pending_off timer
11-24 17:28:21.732  1011  1189 D ASH     : @ 190153.920: tcs3701: start power rail timer, state:3
11-24 17:28:21.764 10476 10512 I BatteryMgr:DataCollectionService: stats => 1700843301764,13732,4442,-2746,4169000,100
11-24 17:28:21.773  1011  1189 I ASH     : @ 190153.960: tcs3701: stop power rail pending_off timer
11-24 17:28:21.773  1011  1189 D ASH     : @ 190153.960: tcs3701: start power rail timer, state:3
11-24 17:28:21.812  1011  1189 I ASH     : @ 190154.000: tcs3701: stop power rail pending_off timer
11-24 17:28:21.812  1011  1189 D ASH     : @ 190154.000: tcs3701: start power rail timer, state:3
11-24 17:28:21.852  1011  1189 I ASH     : @ 190154.040: tcs3701: stop power rail pending_off timer
11-24 17:28:21.852  1011  1189 D ASH     : @ 190154.040: tcs3701: start power rail timer, state:3
11-24 17:28:21.869 10476 10512 I BatteryMgr:DataCollectionService: stats => 1700843301869,13732,4442,-2746,4169000,100
11-24 17:28:21.892  1011  1189 I ASH     : @ 190154.080: tcs3701: stop power rail pending_off timer
11-24 17:28:21.892  1011  1189 D ASH     : @ 190154.080: tcs3701: start power rail timer, state:3
11-24 17:28:21.932  1011  1189 I ASH     : @ 190154.120: tcs3701: stop power rail pending_off timer
11-24 17:28:21.932  1011  1189 D ASH     : @ 190154.120: tcs3701: start power rail timer, state:3
11-24 17:28:21.972  1011  1189 I ASH     : @ 190154.160: tcs3701: stop power rail pending_off timer
11-24 17:28:21.972  1011  1189 D ASH     : @ 190154.160: tcs3701: start power rail timer, state:3
11-24 17:28:21.973 10476 10512 I BatteryMgr:DataCollectionService: stats => 1700843301973,13732,4442,-2746,4169000,100
11-24 17:28:22.012  1011  1189 I ASH     : @ 190154.200: tcs3701: stop power rail pending_off timer
11-24 17:28:22.012  1011  1189 D ASH     : @ 190154.200: tcs3701: start power rail timer, state:3
11-24 17:28:22.020  1795  3807 D ActivityManager: freezer override set to true
11-24 17:28:22.026  1795  3807 D ActivityManager: freezer override set to false
11-24 17:28:22.053  1011  1189 I ASH     : @ 190154.240: tcs3701: stop power rail pending_off timer
11-24 17:28:22.053  1011  1189 D ASH     : @ 190154.240: tcs3701: start power rail timer, state:3
11-24 17:28:22.078 10476 10512 I BatteryMgr:DataCollectionService: stats => 1700843302078,13732,4442,-2746,4169000,100
11-24 17:28:22.092  1011  1189 I ASH     : @ 190154.280: tcs3701: stop power rail pending_off timer
11-24 17:28:22.092  1011  1189 D ASH     : @ 190154.280: tcs3701: start power rail timer, state:3
11-24 17:28:22.132  1011  1189 I ASH     : @ 190154.320: tcs3701: stop power rail pending_off timer
11-24 17:28:22.132  1011  1189 D ASH     : @ 190154.320: tcs3701: start power rail timer, state:3
11-24 17:28:22.172  1011  1189 I ASH     : @ 190154.360: tcs3701: stop power rail pending_off timer
11-24 17:28:22.172  1011  1189 D ASH     : @ 190154.360: tcs3701: start power rail timer, state:3
11-24 17:28:22.182 10476 10512 I BatteryMgr:DataCollectionService: stats => 1700843302182,13732,4442,-2746,4169000,100
11-24 17:28:22.194  1795  3807 D ActivityManager: freezer override set to true
11-24 17:28:22.212  1011  1189 I ASH     : @ 190154.400: tcs3701: stop power rail pending_off timer
11-24 17:28:22.213  1011  1189 D ASH     : @ 190154.400: tcs3701: start power rail timer, state:3
11-24 17:28:22.252  1011  1189 I ASH     : @ 190154.440: tcs3701: stop power rail pending_off timer
11-24 17:28:22.253  1011  1189 D ASH     : @ 190154.440: tcs3701: start power rail timer, state:3
11-24 17:28:22.287 10476 10512 I BatteryMgr:DataCollectionService: stats => 1700843302287,13732,4442,-2746,4169000,100
11-24 17:28:22.292  1011  1189 I ASH     : @ 190154.480: tcs3701: stop power rail pending_off timer
11-24 17:28:22.292  1011  1189 D ASH     : @ 190154.480: tcs3701: start power rail timer, state:3
11-24 17:28:22.304 23946 23961 I m.chrome.canary: Explicit concurrent copying GC freed 3806(191KB) AllocSpace objects, 4(80KB) LOS objects, 75% free, 12MB/51MB, paused 120us,24us total 62.441ms
11-24 17:28:22.332  1011  1189 I ASH     : @ 190154.520: tcs3701: stop power rail pending_off timer
11-24 17:28:22.332  1011  1189 D ASH     : @ 190154.520: tcs3701: start power rail timer, state:3
11-24 17:28:22.366  1795  3807 D ActivityManager: freezer override set to false
11-24 17:28:22.372  1011  1189 I ASH     : @ 190154.560: tcs3701: stop power rail pending_off timer
11-24 17:28:22.372  1011  1189 D ASH     : @ 190154.560: tcs3701: start power rail timer, state:3
11-24 17:28:22.394 10476 10512 I BatteryMgr:DataCollectionService: stats => 1700843302394,13732,4442,-2746,4169000,100
11-24 17:28:22.404  1795  3807 D ActivityManager: freezer override set to true
11-24 17:28:22.406  1795  3807 D ActivityManager: freezer override set to false
11-24 17:28:22.412  1011  1189 I ASH     : @ 190154.600: tcs3701: stop power rail pending_off timer
11-24 17:28:22.412  1011  1189 D ASH     : @ 190154.600: tcs3701: start power rail timer, state:3
11-24 17:28:22.453  1011  1189 I ASH     : @ 190154.640: tcs3701: stop power rail pending_off timer
11-24 17:28:22.453  1011  1189 D ASH     : @ 190154.640: tcs3701: start power rail timer, state:3
11-24 17:28:22.492  1011  1189 I ASH     : @ 190154.680: tcs3701: stop power rail pending_off timer
11-24 17:28:22.492  1011  1189 D ASH     : @ 190154.680: tcs3701: start power rail timer, state:3
11-24 17:28:22.498 10476 10512 I BatteryMgr:DataCollectionService: stats => 1700843302498,13732,4442,-2746,4169000,100
11-24 17:28:22.532  1011  1189 I ASH     : @ 190154.720: tcs3701: stop power rail pending_off timer
11-24 17:28:22.532  1011  1189 D ASH     : @ 190154.720: tcs3701: start power rail timer, state:3
11-24 17:28:22.572  1011  1189 I ASH     : @ 190154.760: tcs3701: stop power rail pending_off timer
11-24 17:28:22.572  1011  1189 D ASH     : @ 190154.760: tcs3701: start power rail timer, state:3
11-24 17:28:22.605 10476 10512 I BatteryMgr:DataCollectionService: stats => 1700843302605,13732,4442,-2746,4169000,100
11-24 17:28:22.612  1011  1189 I ASH     : @ 190154.800: tcs3701: stop power rail pending_off timer
11-24 17:28:22.612  1011  1189 D ASH     : @ 190154.800: tcs3701: start power rail timer, state:3
11-24 17:28:22.653  1011  1189 I ASH     : @ 190154.840: tcs3701: stop power rail pending_off timer
11-24 17:28:22.653  1011  1189 D ASH     : @ 190154.840: tcs3701: start power rail timer, state:3
11-24 17:28:22.692  1011  1189 I ASH     : @ 190154.880: tcs3701: stop power rail pending_off timer
11-24 17:28:22.692  1011  1189 D ASH     : @ 190154.880: tcs3701: start power rail timer, state:3
11-24 17:28:22.710 10476 10512 I BatteryMgr:DataCollectionService: stats => 1700843302710,13732,4442,-2746,4169000,100
11-24 17:28:22.732  1011  1189 I ASH     : @ 190154.920: tcs3701: stop power rail pending_off timer
11-24 17:28:22.732  1011  1189 D ASH     : @ 190154.920: tcs3701: start power rail timer, state:3
11-24 17:28:22.773  1011  1189 I ASH     : @ 190154.960: tcs3701: stop power rail pending_off timer
11-24 17:28:22.773  1011  1189 D ASH     : @ 190154.960: tcs3701: start power rail timer, state:3
11-24 17:28:22.812  1011  1189 I ASH     : @ 190155.000: tcs3701: stop power rail pending_off timer
11-24 17:28:22.812  1011  1189 D ASH     : @ 190155.000: tcs3701: start power rail timer, state:3
11-24 17:28:22.817 10476 10512 I BatteryMgr:DataCollectionService: stats => 1700843302817,13732,4442,-2746,4169000,100
11-24 17:28:22.852  1011  1189 I ASH     : @ 190155.040: tcs3701: stop power rail pending_off timer
11-24 17:28:22.852  1011  1189 D ASH     : @ 190155.040: tcs3701: start power rail timer, state:3
11-24 17:28:22.892  1011  1189 I ASH     : @ 190155.080: tcs3701: stop power rail pending_off timer
11-24 17:28:22.892  1011  1189 D ASH     : @ 190155.080: tcs3701: start power rail timer, state:3
11-24 17:28:22.921 10476 10512 I BatteryMgr:DataCollectionService: stats => 1700843302921,13732,4442,-2746,4169000,100
11-24 17:28:22.933  1011  1189 I ASH     : @ 190155.120: tcs3701: stop power rail pending_off timer
11-24 17:28:22.933  1011  1189 D ASH     : @ 190155.121: tcs3701: start power rail timer, state:3
11-24 17:28:22.972  1011  1189 I ASH     : @ 190155.160: tcs3701: stop power rail pending_off timer
11-24 17:28:22.972  1011  1189 D ASH     : @ 190155.160: tcs3701: start power rail timer, state:3
11-24 17:28:23.012  1011  1189 I ASH     : @ 190155.200: tcs3701: stop power rail pending_off timer
11-24 17:28:23.012  1011  1189 D ASH     : @ 190155.200: tcs3701: start power rail timer, state:3
11-24 17:28:23.026 10476 10512 I BatteryMgr:DataCollectionService: stats => 1700843303026,13732,4442,-2746,4169000,100
11-24 17:28:23.033  1795  2424 D WifiClientModeImpl[13802:wlan0]: updateLinkLayerStatsRssiSpeedFrequencyCapabilities rssi=-45 TxLinkspeed=866 freq=5240 RxLinkSpeed=866
11-24 17:28:23.034  1795  2424 D WifiDataStall: tx tput in kbps: 732717
11-24 17:28:23.034  1795  2424 D WifiDataStall: rx tput in kbps: 771281
11-24 17:28:23.034  1795  2424 V WifiConfigManager: Updating scan detail cache freq=5240 BSSID=f4:6d:2f:12:cc:88 RSSI=-44 for "ourhome"WPA_PSK
11-24 17:28:23.034  1795  2424 D WifiChannelUtilization:  freq: 5240 onTime: 5786519 busyTime: 589957 onTimeDiff: 2411727 busyTimeDiff: 274258 utilization: 28 utilization t0: 25
11-24 17:28:23.034  1795  2424 D WifiDataStall:  ccaLevel = 28
11-24 17:28:23.034  2673  3056 V WifiManager: OnWifiUsabilityStatsListener: onWifiUsabilityStats: seqNum=55990
11-24 17:28:23.034  1795  2424 D WifiDataStall: L2 txTputKbps: 732717, rxTputKbps: 771281, L3 txTputKbps: 0, rxTputKbps: 0, TxTrafficHigh: false, RxTrafficHigh: false, Throughput Sufficient: true
11-24 17:28:23.035  1795  2424 D WifiScoreReport: Wifi scoring disabled - Don't check IP layer
11-24 17:28:23.035  1795  2424 D WifiScoreCard: BSSID update SIGNAL_POLL ID: 1320464697 SSID: "ourhome", BSSID: f4:6d:2f:12:cc:88, MAC: b2:2f:ec:da:4a:0c, IP: /192.168.1.104, Security type: 2, Supplicant state: COMPLETED, Wi-Fi standard: 5, RSSI: -45, Link speed: 866Mbps, Tx Link speed: 866Mbps, Max Supported Tx Link speed: 866Mbps, Rx Link speed: 866Mbps, Max Supported Rx Link speed: 866Mbps, Frequency: 5240MHz, Net ID: 12, Metered hint: false, score: 60, isUsable: true, CarrierMerged: false, SubscriptionId: -1, IsPrimary: 1, Trusted: true, Restricted: false, Ephemeral: false, OEM paid: false, OEM private: false, OSU AP: false, FQDN: <none>, Provider friendly name: <none>, Requesting package name: <none>"ourhome"wpa2-pskMLO Information: , Is TID-To-Link negotiation supported by the AP: false, AP MLD Address: <none>, AP MLO Link Id: <none>, AP MLO Affiliated links: <none>
11-24 17:28:23.035  1795  2424 D WifiScoreCard: txRate: 1 txSpeed: 866
11-24 17:28:23.035  1795  2424 D WifiScoreCard: network update SIGNAL_POLL "ourhome" ID: 1499892569 RSSI -45 txSpeed -1
11-24 17:28:23.035  1795  3324 I WifiService: updateWifiUsabilityScore uid=10180 seqNum=55990 score=100 predictionHorizonSec=1441795
11-24 17:28:23.035  1795  2424 D WifiClientModeImpl[13802:wlan0]:  ClientModeImpl$L2ConnectedState screen=on 29 0 "ourhome" f4:6d:2f:12:cc:88 rssi=-45 f=5240 sc=60 link=866 tx=0.3, 0.0, 0.0 rx=0.3 bcn=1832136 [on:0 tx:0 rx:0 period:3015] from screen [on:1176939 period:38545026] score=60
11-24 17:28:23.036  1795  2424 D WifiScoreReport: Wifi scoring disabled - Notify that Wifi is usable
11-24 17:28:23.037  1795  2432 D ConnectivityService: NetReassign [no changes] [c 1] [a 0] [i 0]
11-24 17:28:23.042  1795  3324 D ActivityManager: freezer override set to true
11-24 17:28:23.047  1795  3324 D ActivityManager: freezer override set to false
11-24 17:28:23.052  1011  1189 I ASH     : @ 190155.240: tcs3701: stop power rail pending_off timer
11-24 17:28:23.052  1011  1189 D ASH     : @ 190155.240: tcs3701: start power rail timer, state:3
11-24 17:28:23.057  2113  2118 I pixel-thermal: skin-therm-monitor: 39.095
11-24 17:28:23.092  1011  1189 I ASH     : @ 190155.280: tcs3701: stop power rail pending_off timer
11-24 17:28:23.092  1011  1189 D ASH     : @ 190155.280: tcs3701: start power rail timer, state:3
11-24 17:28:23.131 10476 10512 I BatteryMgr:DataCollectionService: stats => 1700843303131,13732,4442,-2746,4169000,100
11-24 17:28:23.132  1011  1189 I ASH     : @ 190155.320: tcs3701: stop power rail pending_off timer
11-24 17:28:23.133  1011  1189 D ASH     : @ 190155.320: tcs3701: start power rail timer, state:3
11-24 17:28:23.173  1011  1189 I ASH     : @ 190155.360: tcs3701: stop power rail pending_off timer
11-24 17:28:23.173  1011  1189 D ASH     : @ 190155.360: tcs3701: start power rail timer, state:3
11-24 17:28:23.212  1011  1189 I ASH     : @ 190155.400: tcs3701: stop power rail pending_off timer
11-24 17:28:23.212  1011  1189 D ASH     : @ 190155.400: tcs3701: start power rail timer, state:3
11-24 17:28:23.235 10476 10512 I BatteryMgr:DataCollectionService: stats => 1700843303235,13732,4442,-2746,4169000,100
11-24 17:28:23.252  1011  1189 I ASH     : @ 190155.440: tcs3701: stop power rail pending_off timer
11-24 17:28:23.252  1011  1189 D ASH     : @ 190155.440: tcs3701: start power rail timer, state:3
11-24 17:28:23.292  1011  1189 I ASH     : @ 190155.480: tcs3701: stop power rail pending_off timer
11-24 17:28:23.292  1011  1189 D ASH     : @ 190155.480: tcs3701: start power rail timer, state:3
11-24 17:28:23.332  1011  1189 I ASH     : @ 190155.520: tcs3701: stop power rail pending_off timer
11-24 17:28:23.332  1011  1189 D ASH     : @ 190155.520: tcs3701: start power rail timer, state:3
11-24 17:28:23.340 10476 10512 I BatteryMgr:DataCollectionService: stats => 1700843303340,13732,4442,-2746,4169000,100
11-24 17:28:23.373  1011  1189 I ASH     : @ 190155.560: tcs3701: stop power rail pending_off timer
11-24 17:28:23.373  1011  1189 D ASH     : @ 190155.560: tcs3701: start power rail timer, state:3
11-24 17:28:23.412  1011  1189 I ASH     : @ 190155.600: tcs3701: stop power rail pending_off timer
11-24 17:28:23.412  1011  1189 D ASH     : @ 190155.600: tcs3701: start power rail timer, state:3
11-24 17:28:23.444 10476 10512 I BatteryMgr:DataCollectionService: stats => 1700843303444,13732,4442,-2746,4169000,100
11-24 17:28:23.453  1011  1189 I ASH     : @ 190155.640: tcs3701: stop power rail pending_off timer
11-24 17:28:23.453  1011  1189 D ASH     : @ 190155.640: tcs3701: start power rail timer, state:3
11-24 17:28:23.492  1011  1189 I ASH     : @ 190155.680: tcs3701: stop power rail pending_off timer
11-24 17:28:23.492  1011  1189 D ASH     : @ 190155.680: tcs3701: start power rail timer, state:3
11-24 17:28:23.533  1011  1189 I ASH     : @ 190155.720: tcs3701: stop power rail pending_off timer
11-24 17:28:23.533  1011  1189 D ASH     : @ 190155.720: tcs3701: start power rail timer, state:3
11-24 17:28:23.549  1795  3324 D ActivityManager: freezer override set to true
11-24 17:28:23.552 10476 10512 I BatteryMgr:DataCollectionService: stats => 1700843303552,13732,4442,-2746,4169000,100
11-24 17:28:23.572  1011  1189 I ASH     : @ 190155.760: tcs3701: stop power rail pending_off timer
11-24 17:28:23.572  1011  1189 D ASH     : @ 190155.760: tcs3701: start power rail timer, state:3
11-24 17:28:23.612  1011  1189 I ASH     : @ 190155.800: tcs3701: stop power rail pending_off timer
11-24 17:28:23.612  1011  1189 D ASH     : @ 190155.800: tcs3701: start power rail timer, state:3
11-24 17:28:23.648 23946 23961 I m.chrome.canary: Explicit concurrent copying GC freed 3654(225KB) AllocSpace objects, 3(60KB) LOS objects, 75% free, 12MB/51MB, paused 31us,25us total 53.551ms
11-24 17:28:23.652  1011  1189 I ASH     : @ 190155.840: tcs3701: stop power rail pending_off timer
11-24 17:28:23.652  1011  1189 D ASH     : @ 190155.840: tcs3701: start power rail timer, state:3
11-24 17:28:23.657 10476 10512 I BatteryMgr:DataCollectionService: stats => 1700843303657,13732,4442,-2746,4169000,100
11-24 17:28:23.692  1011  1189 I ASH     : @ 190155.880: tcs3701: stop power rail pending_off timer
11-24 17:28:23.692  1011  1189 D ASH     : @ 190155.880: tcs3701: start power rail timer, state:3
11-24 17:28:23.714  1795  3324 D ActivityManager: freezer override set to false
11-24 17:28:23.733  1011  1189 I ASH     : @ 190155.920: tcs3701: stop power rail pending_off timer
11-24 17:28:23.733  1011  1189 D ASH     : @ 190155.920: tcs3701: start power rail timer, state:3
11-24 17:28:23.762 10476 10512 I BatteryMgr:DataCollectionService: stats => 1700843303762,13732,4442,-2746,4169000,100
11-24 17:28:23.772  1795  3324 D ActivityManager: freezer override set to true
11-24 17:28:23.772  1011  1189 I ASH     : @ 190155.960: tcs3701: stop power rail pending_off timer
11-24 17:28:23.772  1011  1189 D ASH     : @ 190155.960: tcs3701: start power rail timer, state:3
11-24 17:28:23.775  1795  3324 D ActivityManager: freezer override set to false
11-24 17:28:23.812  1011  1189 I ASH     : @ 190156.000: tcs3701: stop power rail pending_off timer
11-24 17:28:23.812  1011  1189 D ASH     : @ 190156.000: tcs3701: start power rail timer, state:3
11-24 17:28:23.852  1011  1189 I ASH     : @ 190156.040: tcs3701: stop power rail pending_off timer
11-24 17:28:23.852  1011  1189 D ASH     : @ 190156.040: tcs3701: start power rail timer, state:3
11-24 17:28:23.865 10476 10512 I BatteryMgr:DataCollectionService: stats => 1700843303865,13732,4442,-2746,4169000,100
11-24 17:28:23.892  1011  1189 I ASH     : @ 190156.080: tcs3701: stop power rail pending_off timer
11-24 17:28:23.892  1011  1189 D ASH     : @ 190156.080: tcs3701: start power rail timer, state:3
11-24 17:28:23.933  1011  1189 I ASH     : @ 190156.120: tcs3701: stop power rail pending_off timer
11-24 17:28:23.933  1011  1189 D ASH     : @ 190156.120: tcs3701: start power rail timer, state:3
11-24 17:28:23.972  1011  1189 I ASH     : @ 190156.160: tcs3701: stop power rail pending_off timer
11-24 17:28:23.972  1011  1189 D ASH     : @ 190156.160: tcs3701: start power rail timer, state:3
11-24 17:28:23.972 10476 10512 I BatteryMgr:DataCollectionService: stats => 1700843303972,13732,4442,-2746,4169000,100
11-24 17:28:24.005  1795  2424 D WifiNetworkSelector: Current connected network: 12
11-24 17:28:24.005  1795  2424 V WifiConnectivityManager: No partial scan because firmware roaming is supported.
11-24 17:28:24.005  1795  2424 V WifiConnectivityManager: schedulePeriodicScanTimer intervalMs 20000
11-24 17:28:24.013  1011  1189 I ASH     : @ 190156.200: tcs3701: stop power rail pending_off timer
11-24 17:28:24.013  1011  1189 D ASH     : @ 190156.200: tcs3701: start power rail timer, state:3
11-24 17:28:24.030  1795  3324 D ActivityManager: freezer override set to true
11-24 17:28:24.036  1795  3324 D ActivityManager: freezer override set to false
11-24 17:28:24.052  1011  1189 I ASH     : @ 190156.240: tcs3701: stop power rail pending_off timer
11-24 17:28:24.052  1011  1189 D ASH     : @ 190156.240: tcs3701: start power rail timer, state:3
11-24 17:28:24.077 10476 10512 I BatteryMgr:DataCollectionService: stats => 1700843304077,13732,4442,-2746,4169000,100
11-24 17:28:24.092  1011  1189 I ASH     : @ 190156.280: tcs3701: stop power rail pending_off timer
11-24 17:28:24.092  1011  1189 D ASH     : @ 190156.280: tcs3701: start power rail timer, state:3
11-24 17:28:24.133  1011  1189 I ASH     : @ 190156.320: tcs3701: stop power rail pending_off timer
11-24 17:28:24.133  1011  1189 D ASH     : @ 190156.320: tcs3701: start power rail timer, state:3
11-24 17:28:24.172  1011  1189 I ASH     : @ 190156.360: tcs3701: stop power rail pending_off timer
11-24 17:28:24.172  1011  1189 D ASH     : @ 190156.360: tcs3701: start power rail timer, state:3
11-24 17:28:24.183 10476 10512 I BatteryMgr:DataCollectionService: stats => 1700843304183,13732,4442,-2746,4169000,100
11-24 17:28:24.212  1011  1189 I ASH     : @ 190156.400: tcs3701: stop power rail pending_off timer
11-24 17:28:24.212  1011  1189 D ASH     : @ 190156.400: tcs3701: start power rail timer, state:3
11-24 17:28:24.252  1011  1189 I ASH     : @ 190156.440: tcs3701: stop power rail pending_off timer
11-24 17:28:24.252  1011  1189 D ASH     : @ 190156.440: tcs3701: start power rail timer, state:3
11-24 17:28:24.288 10476 10512 I BatteryMgr:DataCollectionService: stats => 1700843304288,13732,4442,-2746,4169000,100
11-24 17:28:24.292  1011  1189 I ASH     : @ 190156.480: tcs3701: stop power rail pending_off timer
11-24 17:28:24.292  1011  1189 D ASH     : @ 190156.480: tcs3701: start power rail timer, state:3
11-24 17:28:24.332  1011  1189 I ASH     : @ 190156.520: tcs3701: stop power rail pending_off timer
11-24 17:28:24.332  1011  1189 D ASH     : @ 190156.520: tcs3701: start power rail timer, state:3
11-24 17:28:24.372  1011  1189 I ASH     : @ 190156.560: tcs3701: stop power rail pending_off timer
11-24 17:28:24.372  1011  1189 D ASH     : @ 190156.560: tcs3701: start power rail timer, state:3
11-24 17:28:24.392 10476 10512 I BatteryMgr:DataCollectionService: stats => 1700843304391,13732,4442,-2746,4169000,100
11-24 17:28:24.412  1011  1189 I ASH     : @ 190156.600: tcs3701: stop power rail pending_off timer
11-24 17:28:24.413  1011  1189 D ASH     : @ 190156.600: tcs3701: start power rail timer, state:3
11-24 17:28:24.452  1011  1189 I ASH     : @ 190156.640: tcs3701: stop power rail pending_off timer
11-24 17:28:24.453  1011  1189 D ASH     : @ 190156.640: tcs3701: start power rail timer, state:3
11-24 17:28:24.492  1011  1189 I ASH     : @ 190156.680: tcs3701: stop power rail pending_off timer
11-24 17:28:24.492  1011  1189 D ASH     : @ 190156.680: tcs3701: start power rail timer, state:3
11-24 17:28:24.497 10476 10512 I BatteryMgr:DataCollectionService: stats => 1700843304497,13732,4442,-2746,4169000,100
11-24 17:28:24.533  1011  1189 I ASH     : @ 190156.720: tcs3701: stop power rail pending_off timer
11-24 17:28:24.533  1011  1189 D ASH     : @ 190156.720: tcs3701: start power rail timer, state:3
11-24 17:28:24.572  1011  1189 I ASH     : @ 190156.760: tcs3701: stop power rail pending_off timer
11-24 17:28:24.572  1011  1189 D ASH     : @ 190156.760: tcs3701: start power rail timer, state:3
11-24 17:28:24.601 10476 10512 I BatteryMgr:DataCollectionService: stats => 1700843304601,13732,4442,-2746,4169000,100
11-24 17:28:24.613  1011  1189 I ASH     : @ 190156.800: tcs3701: stop power rail pending_off timer
11-24 17:28:24.613  1011  1189 D ASH     : @ 190156.800: tcs3701: start power rail timer, state:3
11-24 17:28:24.652  1011  1189 I ASH     : @ 190156.840: tcs3701: stop power rail pending_off timer
11-24 17:28:24.652  1011  1189 D ASH     : @ 190156.840: tcs3701: start power rail timer, state:3
11-24 17:28:24.692  1011  1189 I ASH     : @ 190156.880: tcs3701: stop power rail pending_off timer
11-24 17:28:24.692  1011  1189 D ASH     : @ 190156.880: tcs3701: start power rail timer, state:3
11-24 17:28:24.705 10476 10512 I BatteryMgr:DataCollectionService: stats => 1700843304705,13732,4442,-2746,4169000,100
11-24 17:28:24.732  1011  1189 I ASH     : @ 190156.920: tcs3701: stop power rail pending_off timer
11-24 17:28:24.732  1011  1189 D ASH     : @ 190156.920: tcs3701: start power rail timer, state:3
11-24 17:28:24.772  1011  1189 I ASH     : @ 190156.960: tcs3701: stop power rail pending_off timer
11-24 17:28:24.772  1011  1189 D ASH     : @ 190156.960: tcs3701: start power rail timer, state:3
11-24 17:28:24.810 10476 10512 I BatteryMgr:DataCollectionService: stats => 1700843304810,13732,4442,-2746,4169000,100
11-24 17:28:24.812  1011  1189 I ASH     : @ 190157.000: tcs3701: stop power rail pending_off timer
11-24 17:28:24.812  1011  1189 D ASH     : @ 190157.000: tcs3701: start power rail timer, state:3
11-24 17:28:24.852  1011  1189 I ASH     : @ 190157.040: tcs3701: stop power rail pending_off timer
11-24 17:28:24.852  1011  1189 D ASH     : @ 190157.040: tcs3701: start power rail timer, state:3
11-24 17:28:24.894  1011  1189 I ASH     : @ 190157.080: tcs3701: stop power rail pending_off timer
11-24 17:28:24.894  1011  1189 D ASH     : @ 190157.080: tcs3701: start power rail timer, state:3
11-24 17:28:24.917 10476 10512 I BatteryMgr:DataCollectionService: stats => 1700843304917,13732,4442,-2746,4169000,100
11-24 17:28:24.928  1795  3324 D ActivityManager: freezer override set to true
11-24 17:28:24.933  1011  1189 I ASH     : @ 190157.121: tcs3701: stop power rail pending_off timer
11-24 17:28:24.933  1011  1189 D ASH     : @ 190157.121: tcs3701: start power rail timer, state:3
11-24 17:28:24.972  1011  1189 I ASH     : @ 190157.160: tcs3701: stop power rail pending_off timer
11-24 17:28:24.972  1011  1189 D ASH     : @ 190157.160: tcs3701: start power rail timer, state:3
11-24 17:28:25.013  1011  1189 I ASH     : @ 190157.200: tcs3701: stop power rail pending_off timer
11-24 17:28:25.013  1011  1189 D ASH     : @ 190157.201: tcs3701: start power rail timer, state:3
11-24 17:28:25.022 10476 10512 I BatteryMgr:DataCollectionService: stats => 1700843305021,13732,4442,-2746,4169000,100
11-24 17:28:25.052  1011  1189 I ASH     : @ 190157.240: tcs3701: stop power rail pending_off timer
11-24 17:28:25.052  1011  1189 D ASH     : @ 190157.240: tcs3701: start power rail timer, state:3
11-24 17:28:25.059  2113  2118 I pixel-thermal: skin-therm-monitor: 39.129
11-24 17:28:25.092 23946 23961 I m.chrome.canary: Explicit concurrent copying GC freed 3577(176KB) AllocSpace objects, 3(60KB) LOS objects, 75% free, 12MB/51MB, paused 151us,22us total 120.706ms
11-24 17:28:25.092  1011  1189 I ASH     : @ 190157.281: tcs3701: stop power rail pending_off timer
11-24 17:28:25.092  1011  1189 D ASH     : @ 190157.281: tcs3701: start power rail timer, state:3
11-24 17:28:25.126 10476 10512 I BatteryMgr:DataCollectionService: stats => 1700843305126,13732,4442,-2746,4169000,100
11-24 17:28:25.132  1011  1189 I ASH     : @ 190157.320: tcs3701: stop power rail pending_off timer
11-24 17:28:25.132  1011  1189 D ASH     : @ 190157.320: tcs3701: start power rail timer, state:3
11-24 17:28:25.158  1795  3807 D ActivityManager: freezer override set to false
11-24 17:28:25.173  1011  1189 I ASH     : @ 190157.360: tcs3701: stop power rail pending_off timer
11-24 17:28:25.173  1011  1189 D ASH     : @ 190157.360: tcs3701: start power rail timer, state:3
11-24 17:28:25.213  1011  1189 I ASH     : @ 190157.400: tcs3701: stop power rail pending_off timer
11-24 17:28:25.213  1011  1189 D ASH     : @ 190157.400: tcs3701: start power rail timer, state:3
11-24 17:28:25.222  1795  3807 D ActivityManager: freezer override set to true
11-24 17:28:25.225  1795  3807 D ActivityManager: freezer override set to false
11-24 17:28:25.231 10476 10512 I BatteryMgr:DataCollectionService: stats => 1700843305231,13732,4442,-2746,4169000,100
11-24 17:28:25.252  1011  1189 I ASH     : @ 190157.440: tcs3701: stop power rail pending_off timer
11-24 17:28:25.252  1011  1189 D ASH     : @ 190157.440: tcs3701: start power rail timer, state:3
11-24 17:28:25.293  1011  1189 I ASH     : @ 190157.480: tcs3701: stop power rail pending_off timer
11-24 17:28:25.293  1011  1189 D ASH     : @ 190157.480: tcs3701: start power rail timer, state:3
11-24 17:28:25.332  1011  1189 I ASH     : @ 190157.520: tcs3701: stop power rail pending_off timer
11-24 17:28:25.332  1011  1189 D ASH     : @ 190157.520: tcs3701: start power rail timer, state:3
11-24 17:28:25.335 10476 10512 I BatteryMgr:DataCollectionService: stats => 1700843305335,13732,4442,-2746,4169000,100
11-24 17:28:25.372  1011  1189 I ASH     : @ 190157.560: tcs3701: stop power rail pending_off timer
11-24 17:28:25.372  1011  1189 D ASH     : @ 190157.560: tcs3701: start power rail timer, state:3
11-24 17:28:25.412  1011  1189 I ASH     : @ 190157.600: tcs3701: stop power rail pending_off timer
11-24 17:28:25.412  1011  1189 D ASH     : @ 190157.600: tcs3701: start power rail timer, state:3
11-24 17:28:25.440 10476 10512 I BatteryMgr:DataCollectionService: stats => 1700843305440,13732,4442,-2746,4169000,100
11-24 17:28:25.452  1011  1189 I ASH     : @ 190157.640: tcs3701: stop power rail pending_off timer
11-24 17:28:25.452  1011  1189 D ASH     : @ 190157.640: tcs3701: start power rail timer, state:3
11-24 17:28:25.493  1011  1189 I ASH     : @ 190157.680: tcs3701: stop power rail pending_off timer
11-24 17:28:25.493  1011  1189 D ASH     : @ 190157.680: tcs3701: start power rail timer, state:3
11-24 17:28:25.532  1011  1189 I ASH     : @ 190157.720: tcs3701: stop power rail pending_off timer
11-24 17:28:25.532  1011  1189 D ASH     : @ 190157.720: tcs3701: start power rail timer, state:3
11-24 17:28:25.545 10476 10512 I BatteryMgr:DataCollectionService: stats => 1700843305545,13732,4442,-2746,4169000,100
11-24 17:28:25.572  1011  1189 I ASH     : @ 190157.760: tcs3701: stop power rail pending_off timer
11-24 17:28:25.572  1011  1189 D ASH     : @ 190157.760: tcs3701: start power rail timer, state:3
11-24 17:28:25.612  1011  1189 I ASH     : @ 190157.800: tcs3701: stop power rail pending_off timer
11-24 17:28:25.612  1011  1189 D ASH     : @ 190157.800: tcs3701: start power rail timer, state:3
11-24 17:28:25.649 10476 10512 I BatteryMgr:DataCollectionService: stats => 1700843305648,13732,4442,-2746,4169000,100
11-24 17:28:25.652  1011  1189 I ASH     : @ 190157.840: tcs3701: stop power rail pending_off timer
11-24 17:28:25.652  1011  1189 D ASH     : @ 190157.840: tcs3701: start power rail timer, state:3
11-24 17:28:25.692  1011  1189 I ASH     : @ 190157.880: tcs3701: stop power rail pending_off timer
11-24 17:28:25.692  1011  1189 D ASH     : @ 190157.880: tcs3701: start power rail timer, state:3
11-24 17:28:25.732  1011  1189 I ASH     : @ 190157.920: tcs3701: stop power rail pending_off timer
11-24 17:28:25.732  1011  1189 D ASH     : @ 190157.920: tcs3701: start power rail timer, state:3
11-24 17:28:25.752 10476 10512 I BatteryMgr:DataCollectionService: stats => 1700843305752,13732,4442,-2746,4169000,100
11-24 17:28:25.772  1011  1189 I ASH     : @ 190157.960: tcs3701: stop power rail pending_off timer
11-24 17:28:25.772  1011  1189 D ASH     : @ 190157.960: tcs3701: start power rail timer, state:3
11-24 17:28:25.812  1011  1189 I ASH     : @ 190158.000: tcs3701: stop power rail pending_off timer
11-24 17:28:25.812  1011  1189 D ASH     : @ 190158.000: tcs3701: start power rail timer, state:3
11-24 17:28:25.852  1011  1189 I ASH     : @ 190158.040: tcs3701: stop power rail pending_off timer
11-24 17:28:25.852  1011  1189 D ASH     : @ 190158.040: tcs3701: start power rail timer, state:3
11-24 17:28:25.857 10476 10512 I BatteryMgr:DataCollectionService: stats => 1700843305857,13732,4442,-2746,4169000,100
11-24 17:28:25.893  1011  1189 I ASH     : @ 190158.080: tcs3701: stop power rail pending_off timer
11-24 17:28:25.893  1011  1189 D ASH     : @ 190158.080: tcs3701: start power rail timer, state:3
11-24 17:28:25.932  1011  1189 I ASH     : @ 190158.120: tcs3701: stop power rail pending_off timer
11-24 17:28:25.932  1011  1189 D ASH     : @ 190158.120: tcs3701: start power rail timer, state:3
11-24 17:28:25.961 10476 10512 I BatteryMgr:DataCollectionService: stats => 1700843305961,13732,4442,-2746,4169000,100
11-24 17:28:25.972  1011  1189 I ASH     : @ 190158.160: tcs3701: stop power rail pending_off timer
11-24 17:28:25.972  1011  1189 D ASH     : @ 190158.160: tcs3701: start power rail timer, state:3
11-24 17:28:26.012  1011  1189 I ASH     : @ 190158.200: tcs3701: stop power rail pending_off timer
11-24 17:28:26.012  1011  1189 D ASH     : @ 190158.200: tcs3701: start power rail timer, state:3
11-24 17:28:26.045  1795  3807 D ActivityManager: freezer override set to true
11-24 17:28:26.047  1795  2424 D WifiClientModeImpl[13802:wlan0]: updateLinkLayerStatsRssiSpeedFrequencyCapabilities rssi=-45 TxLinkspeed=866 freq=5240 RxLinkSpeed=866
11-24 17:28:26.047  1795  2424 D WifiDataStall: tx tput in kbps: 732717
11-24 17:28:26.047  1795  2424 D WifiDataStall: rx tput in kbps: 771281
11-24 17:28:26.047  1795  2424 V WifiConfigManager: Updating scan detail cache freq=5240 BSSID=f4:6d:2f:12:cc:88 RSSI=-44 for "ourhome"WPA_PSK
11-24 17:28:26.047  1795  2424 D WifiChannelUtilization:  freq: 5240 onTime: 5786519 busyTime: 589957 onTimeDiff: 2411727 busyTimeDiff: 274258 utilization: 28 utilization t0: 25
11-24 17:28:26.047  1795  2424 D WifiDataStall:  ccaLevel = 28
11-24 17:28:26.047  1795  2424 D WifiDataStall: L2 txTputKbps: 732717, rxTputKbps: 771281, L3 txTputKbps: 0, rxTputKbps: 0, TxTrafficHigh: false, RxTrafficHigh: false, Throughput Sufficient: true
11-24 17:28:26.047  2673  3056 V WifiManager: OnWifiUsabilityStatsListener: onWifiUsabilityStats: seqNum=55991
11-24 17:28:26.047  1795  2424 D WifiScoreReport: Wifi scoring disabled - Don't check IP layer
11-24 17:28:26.048  1795  2424 D WifiScoreCard: BSSID update SIGNAL_POLL ID: 1320464697 SSID: "ourhome", BSSID: f4:6d:2f:12:cc:88, MAC: b2:2f:ec:da:4a:0c, IP: /192.168.1.104, Security type: 2, Supplicant state: COMPLETED, Wi-Fi standard: 5, RSSI: -45, Link speed: 866Mbps, Tx Link speed: 866Mbps, Max Supported Tx Link speed: 866Mbps, Rx Link speed: 866Mbps, Max Supported Rx Link speed: 866Mbps, Frequency: 5240MHz, Net ID: 12, Metered hint: false, score: 60, isUsable: true, CarrierMerged: false, SubscriptionId: -1, IsPrimary: 1, Trusted: true, Restricted: false, Ephemeral: false, OEM paid: false, OEM private: false, OSU AP: false, FQDN: <none>, Provider friendly name: <none>, Requesting package name: <none>"ourhome"wpa2-pskMLO Information: , Is TID-To-Link negotiation supported by the AP: false, AP MLD Address: <none>, AP MLO Link Id: <none>, AP MLO Affiliated links: <none>
11-24 17:28:26.048  1795  2424 D WifiScoreCard: txRate: 1 txSpeed: 866
11-24 17:28:26.048  1795  2424 D WifiScoreCard: network update SIGNAL_POLL "ourhome" ID: 1499892569 RSSI -45 txSpeed -1
11-24 17:28:26.048  1795  3324 I WifiService: updateWifiUsabilityScore uid=10180 seqNum=55991 score=100 predictionHorizonSec=1441795
11-24 17:28:26.048  1795  2424 D WifiClientModeImpl[13802:wlan0]:  ClientModeImpl$L2ConnectedState screen=on 29 0 "ourhome" f4:6d:2f:12:cc:88 rssi=-45 f=5240 sc=60 link=866 tx=0.1, 0.0, 0.0 rx=0.1 bcn=1832165 [on:0 tx:0 rx:0 period:3013] from screen [on:1176939 period:38548039] score=60
11-24 17:28:26.049  1795  2424 D WifiScoreReport: Wifi scoring disabled - Notify that Wifi is usable
11-24 17:28:26.052  1795  2432 D ConnectivityService: NetReassign [no changes] [c 1] [a 0] [i 1]
11-24 17:28:26.053  1011  1189 I ASH     : @ 190158.240: tcs3701: stop power rail pending_off timer
11-24 17:28:26.053  1011  1189 D ASH     : @ 190158.240: tcs3701: start power rail timer, state:3
11-24 17:28:26.053  1795  3807 D ActivityManager: freezer override set to false
11-24 17:28:26.067 10476 10512 I BatteryMgr:DataCollectionService: stats => 1700843306067,13732,4442,-2746,4169000,100
11-24 17:28:26.093  1011  1189 I ASH     : @ 190158.280: tcs3701: stop power rail pending_off timer
11-24 17:28:26.093  1011  1189 D ASH     : @ 190158.280: tcs3701: start power rail timer, state:3
11-24 17:28:26.132  1011  1189 I ASH     : @ 190158.320: tcs3701: stop power rail pending_off timer
11-24 17:28:26.132  1011  1189 D ASH     : @ 190158.320: tcs3701: start power rail timer, state:3
11-24 17:28:26.171 10476 10512 I BatteryMgr:DataCollectionService: stats => 1700843306171,13732,4442,-2746,4169000,100
11-24 17:28:26.172  1011  1189 I ASH     : @ 190158.360: tcs3701: stop power rail pending_off timer
11-24 17:28:26.172  1011  1189 D ASH     : @ 190158.360: tcs3701: start power rail timer, state:3
11-24 17:28:26.212  1011  1189 I ASH     : @ 190158.400: tcs3701: stop power rail pending_off timer
11-24 17:28:26.212  1011  1189 D ASH     : @ 190158.400: tcs3701: start power rail timer, state:3
11-24 17:28:26.252  1011  1189 I ASH     : @ 190158.440: tcs3701: stop power rail pending_off timer
11-24 17:28:26.252  1011  1189 D ASH     : @ 190158.440: tcs3701: start power rail timer, state:3
11-24 17:28:26.277 10476 10512 I BatteryMgr:DataCollectionService: stats => 1700843306277,13732,4442,-2746,4169000,100
11-24 17:28:26.292  1011  1189 I ASH     : @ 190158.480: tcs3701: stop power rail pending_off timer
11-24 17:28:26.293  1011  1189 D ASH     : @ 190158.480: tcs3701: start power rail timer, state:3
11-24 17:28:26.332  1011  1189 I ASH     : @ 190158.520: tcs3701: stop power rail pending_off timer
11-24 17:28:26.332  1011  1189 D ASH     : @ 190158.520: tcs3701: start power rail timer, state:3
11-24 17:28:26.373  1011  1189 I ASH     : @ 190158.560: tcs3701: stop power rail pending_off timer
11-24 17:28:26.373  1011  1189 D ASH     : @ 190158.560: tcs3701: start power rail timer, state:3
11-24 17:28:26.374  1795  3807 D ActivityManager: freezer override set to true
11-24 17:28:26.381 10476 10512 I BatteryMgr:DataCollectionService: stats => 1700843306381,13732,4442,-2746,4169000,100
11-24 17:28:26.412  1011  1189 I ASH     : @ 190158.600: tcs3701: stop power rail pending_off timer
11-24 17:28:26.412  1011  1189 D ASH     : @ 190158.600: tcs3701: start power rail timer, state:3
11-24 17:28:26.452  1011  1189 I ASH     : @ 190158.640: tcs3701: stop power rail pending_off timer
11-24 17:28:26.452  1011  1189 D ASH     : @ 190158.640: tcs3701: start power rail timer, state:3
11-24 17:28:26.482 23946 23961 I m.chrome.canary: Explicit concurrent copying GC freed 3807(191KB) AllocSpace objects, 4(80KB) LOS objects, 75% free, 12MB/51MB, paused 32us,23us total 54.408ms
11-24 17:28:26.488 10476 10512 I BatteryMgr:DataCollectionService: stats => 1700843306488,13732,4442,-2746,4169000,100
11-24 17:28:26.492  1011  1189 I ASH     : @ 190158.680: tcs3701: stop power rail pending_off timer
11-24 17:28:26.492  1011  1189 D ASH     : @ 190158.680: tcs3701: start power rail timer, state:3
11-24 17:28:26.532  1011  1189 I ASH     : @ 190158.720: tcs3701: stop power rail pending_off timer
11-24 17:28:26.532  1011  1189 D ASH     : @ 190158.720: tcs3701: start power rail timer, state:3
11-24 17:28:26.543  1795  3807 D ActivityManager: freezer override set to false
11-24 17:28:26.573  1011  1189 I ASH     : @ 190158.760: tcs3701: stop power rail pending_off timer
11-24 17:28:26.573  1011  1189 D ASH     : @ 190158.760: tcs3701: start power rail timer, state:3
11-24 17:28:26.593 10476 10512 I BatteryMgr:DataCollectionService: stats => 1700843306593,13732,4442,-2746,4169000,100
11-24 17:28:26.596  1795  3807 D ActivityManager: freezer override set to true
11-24 17:28:26.599  1795  3807 D ActivityManager: freezer override set to false
11-24 17:28:26.612  1011  1189 I ASH     : @ 190158.800: tcs3701: stop power rail pending_off timer
11-24 17:28:26.612  1011  1189 D ASH     : @ 190158.800: tcs3701: start power rail timer, state:3
11-24 17:28:26.652  1011  1189 I ASH     : @ 190158.840: tcs3701: stop power rail pending_off timer
11-24 17:28:26.652  1011  1189 D ASH     : @ 190158.841: tcs3701: start power rail timer, state:3
11-24 17:28:26.692  1011  1189 I ASH     : @ 190158.880: tcs3701: stop power rail pending_off timer
11-24 17:28:26.692  1011  1189 D ASH     : @ 190158.880: tcs3701: start power rail timer, state:3
11-24 17:28:26.698 10476 10512 I BatteryMgr:DataCollectionService: stats => 1700843306698,13732,4442,-2746,4169000,100
11-24 17:28:26.733  1011  1189 I ASH     : @ 190158.920: tcs3701: stop power rail pending_off timer
11-24 17:28:26.733  1011  1189 D ASH     : @ 190158.920: tcs3701: start power rail timer, state:3
11-24 17:28:26.772  1011  1189 I ASH     : @ 190158.960: tcs3701: stop power rail pending_off timer
11-24 17:28:26.772  1011  1189 D ASH     : @ 190158.960: tcs3701: start power rail timer, state:3
11-24 17:28:26.803 10476 10512 I BatteryMgr:DataCollectionService: stats => 1700843306803,13732,4442,-2746,4169000,100
11-24 17:28:26.812  1011  1189 I ASH     : @ 190159.000: tcs3701: stop power rail pending_off timer
11-24 17:28:26.812  1011  1189 D ASH     : @ 190159.000: tcs3701: start power rail timer, state:3
11-24 17:28:26.852  1011  1189 I ASH     : @ 190159.040: tcs3701: stop power rail pending_off timer
11-24 17:28:26.852  1011  1189 D ASH     : @ 190159.040: tcs3701: start power rail timer, state:3
