--------- beginning of main
11-24 17:22:47.750  1795  2150 I WifiService: getWifiActivityEnergyInfoAsync uid=1000
11-24 17:22:47.755 13502 14028 E AbstractGmsTracer: Traced class shouldn't be obfuscated:  [CONTEXT service_id=259 ]
11-24 17:22:47.759  2826  2826 D GRIL-S  : [0471]> UPDATE_SCONE_INFO Mobility:3 Battery:1 Thermal:0 Screen:1
11-24 17:22:47.760  2826  3551 D GRIL-S  : [0471]< UPDATE_SCONE_INFO 
11-24 17:22:47.764 17445 17445 I Finsky:background: [2] ajkq.bs(289): Finished reading experiment flags from file [0tGUNCGIkbk4o6-fQ335kUYSKwVj4lusnHT-A5Dsy08] numFlags=1417.
11-24 17:22:47.764  1795  4172 D TelephonyManager: requestModemActivityInfo: Sending result to app: ModemActivityInfo{ mTimestamp=189816456 mSleepTimeMs=179483939 mIdleTimeMs=9610627 mActivityStatsTechSpecificInfo=[{mRat=UNKNOWN,mFrequencyRange=UNKNOWN,mTxTimeMs[]=[0, 0, 0, 0, 0],mRxTimeMs=703745}]}
11-24 17:22:47.772  1011  1189 I ASH     : @ 189819.960: tcs3701: stop power rail pending_off timer
11-24 17:22:47.772  1011  1189 D ASH     : @ 189819.960: tcs3701: start power rail timer, state:3
11-24 17:22:47.783 17445 17445 I Finsky:background: [2] ajkq.bs(289): Finished reading experiment flags from file [cDXKMAm20gnql81lkHY0kpZ363Z9OGuPpqWoMw-jNkY] numFlags=1866.
11-24 17:22:47.786 17445 17445 D CompatibilityChangeReporter: Compat change id reported: 183155436; UID 10161; state: ENABLED
11-24 17:22:47.795 17445 17445 I Finsky:background: [2] wso.<init>(69): wsh - Registering in memory receiver for android.intent.action.PACKAGE_ADDED and android.intent.action.PACKAGE_REMOVED
--------- beginning of system
11-24 17:22:47.797  1795  4169 D CompatibilityChangeReporter: Compat change id reported: 161145287; UID 10161; state: DISABLED
11-24 17:22:47.806 17445 17445 I Finsky:background: [2] jxe.h(312): This process start was not selected for Play memory metrics collection.
11-24 17:22:47.812  1011  1189 I ASH     : @ 189820.000: tcs3701: stop power rail pending_off timer
11-24 17:22:47.812  1011  1189 D ASH     : @ 189820.000: tcs3701: start power rail timer, state:3
11-24 17:22:47.823 17445 17445 I Finsky:background: [2] aanb.onStartJob(128): SCH: job service start with id 10499.
11-24 17:22:47.845 17445 17491 I Finsky:background: [4288] zor.a(351): SCH: Satisfied jobs for 10499 are: 47-15
11-24 17:22:47.849 17445 17494 I Finsky:background: [4290] aalw.<init>(55): Resetting scheduler db
11-24 17:22:47.852  1011  1189 I ASH     : @ 189820.040: tcs3701: stop power rail pending_off timer
11-24 17:22:47.852  1011  1189 D ASH     : @ 189820.040: tcs3701: start power rail timer, state:3
11-24 17:22:47.857 17445 17496 I Finsky:background: [4291] zbr.accept(335): SCH: Scheduling phonesky job Id: 47-15, CT: 1700821367491, Constraints: [{ L: 21600000, D: 21600000, C: 1, I: 1, N: 0 }]
11-24 17:22:47.865 17445 17496 I Finsky:background: [4291] zmo.apply(352): SCH: canceling system job 10499
11-24 17:22:47.866 17445 17445 I Finsky:background: [2] aanb.onStopJob(17): SCH: system job 10499 received onStopJob signal.
11-24 17:22:47.867 17445 17445 I Finsky:background: [2] aanb.onStopJob(145): SCH: system job 10499 stopped.
11-24 17:22:47.870  1795  4169 W JobScheduler: Job didn't exist in JobStore: 69d8ccf #u0a161/10499 com.android.vending/com.google.android.finsky.scheduler.process.backgroundimpl.PhoneskyJobServiceBackground
11-24 17:22:47.871 17445 17494 I Finsky:background: [4290] mni.g(38): Subscription detail: N/A
11-24 17:22:47.878 17445 17497 I Finsky:background: [4292] zmo.apply(60): SCH: Scheduling 1 system job(s)
11-24 17:22:47.878 17445 17497 D CompatibilityChangeReporter: Compat change id reported: 194532703; UID 10161; state: ENABLED
11-24 17:22:47.879 17445 17497 I Finsky:background: [4292] zmo.apply(231): SCH: Scheduling expedited system job 10504
11-24 17:22:47.879  1795  4169 D CompatibilityChangeReporter: Compat change id reported: 194532703; UID 10161; state: ENABLED
11-24 17:22:47.881 17445 17494 I Finsky:background: [4290] zow.accept(533): SCH: Job 47-15 starting
11-24 17:22:47.892  1011  1189 I ASH     : @ 189820.080: tcs3701: stop power rail pending_off timer
11-24 17:22:47.892  1011  1189 D ASH     : @ 189820.080: tcs3701: start power rail timer, state:3
11-24 17:22:47.903 17445 17445 I Finsky:background: [2] mnh.onSubscriptionsChanged(6): onSubscriptionsChanged
11-24 17:22:47.904 17445 17445 I Finsky:background: [2] aanb.onStartJob(128): SCH: job service start with id 10504.
11-24 17:22:47.905 17445 17493 I Finsky:background: [4289] aali.a(15): SCH: no pending jobs to schedule.
11-24 17:22:47.907 17492 17492 D AndroidRuntime: >>>>>> START com.android.internal.os.RuntimeInit uid 2000 <<<<<<
11-24 17:22:47.911 17492 17492 I AndroidRuntime: Using default boot image
11-24 17:22:47.911 17492 17492 I AndroidRuntime: Leaving lock profiling enabled
11-24 17:22:47.913 17445 17491 I Finsky:background: [4288] zor.a(351): SCH: Satisfied jobs for 10504 are: 47-15
11-24 17:22:47.913 17492 17492 I app_process: Using CollectorTypeCC GC.
11-24 17:22:47.932  1011  1189 I ASH     : @ 189820.120: tcs3701: stop power rail pending_off timer
11-24 17:22:47.932  1011  1189 D ASH     : @ 189820.120: tcs3701: start power rail timer, state:3
11-24 17:22:47.972  1011  1189 I ASH     : @ 189820.160: tcs3701: stop power rail pending_off timer
11-24 17:22:47.972  1011  1189 D ASH     : @ 189820.160: tcs3701: start power rail timer, state:3
11-24 17:22:47.981 17445 17499 I Finsky:background: [4294] ajkq.bs(289): Finished reading experiment flags from file [Se-xCc4LzNyh3UrKMIU2sUf-PUKz4oQEbpKZDMuaFno] numFlags=1857.
11-24 17:22:47.985 17492 17492 D nativeloader: InitDefaultPublicLibraries for_preload=1: libandroid.so:libaaudio.so:libamidi.so:libbinder_ndk.so:libc.so:libcamera2ndk.so:libdl.so:libEGL.so:libGLESv1_CM.so:libGLESv2.so:libGLESv3.so:libicu.so:libicui18n.so:libicuuc.so:libjnigraphics.so:liblog.so:libmediandk.so:libm.so:libnativehelper.so:libnativewindow.so:libOpenMAXAL.so:libOpenSLES.so:libRS.so:libstdc++.so:libsync.so:libvulkan.so:libwebviewchromium_plat_support.so:libz.so
11-24 17:22:47.996 17492 17492 D app_process: Time zone APEX ICU file found: /apex/com.android.tzdata/etc/icu/icu_tzdata.dat
11-24 17:22:47.996 17492 17492 D app_process: I18n APEX ICU file found: /apex/com.android.i18n/etc/icu/icudt70l.dat
11-24 17:22:48.012  1011  1189 I ASH     : @ 189820.200: tcs3701: stop power rail pending_off timer
11-24 17:22:48.012  1011  1189 D ASH     : @ 189820.200: tcs3701: start power rail timer, state:3
11-24 17:22:48.018 17492 17492 D AndroidRuntime: Calling main entry com.android.commands.monkey.Monkey
11-24 17:22:48.019 17492 17492 W Monkey  : args: [-p, com.chrome.canary, 1]
11-24 17:22:48.019 17492 17492 W Monkey  :  arg: "-p"
11-24 17:22:48.019 17492 17492 W Monkey  :  arg: "com.chrome.canary"
11-24 17:22:48.019 17492 17492 W Monkey  :  arg: "1"
11-24 17:22:48.019 17492 17492 W Monkey  : data="com.chrome.canary"
11-24 17:22:48.028  1795  2119 W BroadcastQueue: Skipping deliver [background] BroadcastRecord{3e260cf u-1 android.net.conn.CONNECTIVITY_CHANGE} to ReceiverList{ffc7a5c 17492 (unknown name)/2000/u-1 remote:4c223a9}: process gone or crashing
11-24 17:22:48.034  1795  4172 D CompatibilityChangeReporter: Compat change id reported: 161252188; UID 10010; state: DISABLED
11-24 17:22:48.034  1795  4172 I ActivityTaskManager: START u0 {act=android.intent.action.MAIN cat=[android.intent.category.LAUNCHER] flg=0x10200000 cmp=com.chrome.canary/com.google.android.apps.chrome.Main} from uid 2000
11-24 17:22:48.035  1795  4172 D CompatibilityChangeReporter: Compat change id reported: 265464455; UID 10010; state: DISABLED
11-24 17:22:48.035  1795  4172 D CompatibilityChangeReporter: Compat change id reported: 265452344; UID 10010; state: DISABLED
11-24 17:22:48.035  1795  4172 D CompatibilityChangeReporter: Compat change id reported: 266124927; UID 10010; state: DISABLED
11-24 17:22:48.035  1795  4172 D CompatibilityChangeReporter: Compat change id reported: 265451093; UID 10010; state: DISABLED
11-24 17:22:48.035  1795  4172 D CompatibilityChangeReporter: Compat change id reported: 265456536; UID 10010; state: DISABLED
11-24 17:22:48.035  1795  4172 D CompatibilityChangeReporter: Compat change id reported: 255940284; UID 10010; state: DISABLED
11-24 17:22:48.035  1795  4172 D CompatibilityChangeReporter: Compat change id reported: 236283604; UID 10010; state: DISABLED
11-24 17:22:48.035  1795  4172 D CompatibilityChangeReporter: Compat change id reported: 263959004; UID 10010; state: DISABLED
11-24 17:22:48.035  1795  4172 D CompatibilityChangeReporter: Compat change id reported: 264304459; UID 10010; state: DISABLED
11-24 17:22:48.035  1795  4172 D CompatibilityChangeReporter: Compat change id reported: 264301586; UID 10010; state: DISABLED
11-24 17:22:48.035  1795  4172 D CompatibilityChangeReporter: Compat change id reported: 254631730; UID 10010; state: DISABLED
11-24 17:22:48.035  1795  4172 D CompatibilityChangeReporter: Compat change id reported: 273509367; UID 10010; state: DISABLED
11-24 17:22:48.035  1795  4172 D CompatibilityChangeReporter: Compat change id reported: 263259275; UID 10010; state: DISABLED
11-24 17:22:48.036  1795  4172 D CompatibilityChangeReporter: Compat change id reported: 194480991; UID 10010; state: ENABLED
11-24 17:22:48.036  1795  4172 D CompatibilityChangeReporter: Compat change id reported: 174042980; UID 10010; state: DISABLED
11-24 17:22:48.037  1795  4172 D CompatibilityChangeReporter: Compat change id reported: 184838306; UID 10010; state: DISABLED
11-24 17:22:48.037  1795  4172 D CompatibilityChangeReporter: Compat change id reported: 185004937; UID 10010; state: DISABLED
11-24 17:22:48.037  1795  4172 D CompatibilityChangeReporter: Compat change id reported: 181136395; UID 10010; state: DISABLED
11-24 17:22:48.037  1795  4172 D CompatibilityChangeReporter: Compat change id reported: 174042936; UID 10010; state: DISABLED
11-24 17:22:48.038  1795  4172 D CompatibilityChangeReporter: Compat change id reported: 205907456; UID 10010; state: ENABLED
11-24 17:22:48.040  1795  4172 D CompatibilityChangeReporter: Compat change id reported: 194833441; UID 10010; state: ENABLED
11-24 17:22:48.041 17492 17492 I Monkey  : Events injected: 1
11-24 17:22:48.042  1795  2100 D CompatibilityChangeReporter: Compat change id reported: 135634846; UID 10010; state: DISABLED
11-24 17:22:48.042  1795  2120 D CompatibilityChangeReporter: Compat change id reported: 143937733; UID 10010; state: ENABLED
11-24 17:22:48.047  2513  2550 W Parcel  : Expecting binder but got null!
11-24 17:22:48.052  1011  1189 I ASH     : @ 189820.240: tcs3701: stop power rail pending_off timer
11-24 17:22:48.052  1011  1189 D ASH     : @ 189820.240: tcs3701: start power rail timer, state:3
11-24 17:22:48.053  1795  3716 D CompatibilityChangeReporter: Compat change id reported: 168419799; UID 10010; state: DISABLED
11-24 17:22:48.053   987   987 D Zygote  : Forked child process 17515
11-24 17:22:48.053  1795  3716 D CompatibilityChangeReporter: Compat change id reported: 273564678; UID 10010; state: DISABLED
11-24 17:22:48.055  1795  2120 I ActivityManager: Start proc 17515:com.chrome.canary/u0a10 for next-top-activity {com.chrome.canary/com.google.android.apps.chrome.Main}
11-24 17:22:48.056 17492 17492 I Monkey  : ## Network stats: elapsed time=22ms (0ms mobile, 0ms wifi, 22ms not connected)
11-24 17:22:48.057 17492 17492 I app_process: System.exit called, status: 0
11-24 17:22:48.057 17492 17492 I AndroidRuntime: VM exiting with result code 0.
11-24 17:22:48.058  3657  4525 D ForegroundUtils: Foreground UID status:
11-24 17:22:48.058  3657  4525 D ForegroundUtils: UID: 10128 is in foreground: true
11-24 17:22:48.058  3657  4525 D ForegroundUtils: UID: 10145 is in foreground: true
11-24 17:22:48.058  3657  4525 D ForegroundUtils: UID: 10158 is in foreground: true
11-24 17:22:48.058  3657  4525 D ForegroundUtils: UID: 10189 is in foreground: false
11-24 17:22:48.058  3657  4525 D ForegroundUtils: UID: 10194 is in foreground: true
11-24 17:22:48.058  3657  4525 D ForegroundUtils: UID: 10206 is in foreground: false
11-24 17:22:48.058  3657  4525 D ForegroundUtils: UID: 10233 is in foreground: true
11-24 17:22:48.058  3657  4525 D ForegroundUtils: UID: 10244 is in foreground: true
11-24 17:22:48.058  3657  4525 D ForegroundUtils: UID: 10319 is in foreground: true
11-24 17:22:48.062  2513  2550 E OpenGLRenderer: Unable to match the desired swap behavior.
11-24 17:22:48.064 17515 17515 I m.chrome.canary: Using CollectorTypeCC GC.
11-24 17:22:48.069  1383  1442 I adbd    : jdwp connection from 17515
11-24 17:22:48.072 17445 17496 W SQLiteLog: (28) double-quoted string literal: "play-pass"
11-24 17:22:48.081 17515 17515 I ActivityThread: Relaunch all activities: onCoreSettingsChange
11-24 17:22:48.081 17515 17515 D CompatibilityChangeReporter: Compat change id reported: 171979766; UID 10010; state: ENABLED
11-24 17:22:48.081  3657  4525 D ForegroundUtils: Foreground UID status:
11-24 17:22:48.081  3657  4525 D ForegroundUtils: UID: 10010 is in foreground: true
11-24 17:22:48.081  3657  4525 D ForegroundUtils: UID: 10128 is in foreground: true
11-24 17:22:48.081  3657  4525 D ForegroundUtils: UID: 10145 is in foreground: true
11-24 17:22:48.081  3657  4525 D ForegroundUtils: UID: 10158 is in foreground: true
11-24 17:22:48.081  3657  4525 D ForegroundUtils: UID: 10189 is in foreground: false
11-24 17:22:48.081  3657  4525 D ForegroundUtils: UID: 10194 is in foreground: true
11-24 17:22:48.081  3657  4525 D ForegroundUtils: UID: 10206 is in foreground: false
11-24 17:22:48.081  3657  4525 D ForegroundUtils: UID: 10233 is in foreground: true
11-24 17:22:48.081  3657  4525 D ForegroundUtils: UID: 10244 is in foreground: true
11-24 17:22:48.081  3657  4525 D ForegroundUtils: UID: 10319 is in foreground: true
11-24 17:22:48.084 17515 17515 W ziparchive: Unable to open '/data/app/~~-FnXeb6__ecKd-dFZ4kZZA==/com.google.android.trichromelibrary.canary_613700033-7Q2vBiD9q0nCftKFg-pq8w==/base.dm': No such file or directory
11-24 17:22:48.084 17515 17515 W ziparchive: Unable to open '/data/app/~~-FnXeb6__ecKd-dFZ4kZZA==/com.google.android.trichromelibrary.canary_613700033-7Q2vBiD9q0nCftKFg-pq8w==/base.dm': No such file or directory
11-24 17:22:48.084 17515 17515 W m.chrome.canary: Entry not found
11-24 17:22:48.085 17515 17515 D nativeloader: Configuring clns-4 for other apk /data/app/~~-FnXeb6__ecKd-dFZ4kZZA==/com.google.android.trichromelibrary.canary_613700033-7Q2vBiD9q0nCftKFg-pq8w==/base.apk. target_sdk_version=34, uses_libraries=ALL, library_path=/data/app/~~dutrJzl_xJkEyCCvIkexCw==/com.chrome.canary-4jcd8srf2WXxld2NC1r69A==/lib/arm64:/data/app/~~dutrJzl_xJkEyCCvIkexCw==/com.chrome.canary-4jcd8srf2WXxld2NC1r69A==/base.apk!/lib/arm64-v8a:/data/app/~~-FnXeb6__ecKd-dFZ4kZZA==/com.google.android.trichromelibrary.canary_613700033-7Q2vBiD9q0nCftKFg-pq8w==/base.apk!/lib/arm64-v8a, permitted_path=/data:/mnt/expand:/data/user/0/com.chrome.canary
11-24 17:22:48.090 17515 17515 D nativeloader: Configuring clns-5 for other apk /data/app/~~dutrJzl_xJkEyCCvIkexCw==/com.chrome.canary-4jcd8srf2WXxld2NC1r69A==/base.apk. target_sdk_version=34, uses_libraries=, library_path=/data/app/~~dutrJzl_xJkEyCCvIkexCw==/com.chrome.canary-4jcd8srf2WXxld2NC1r69A==/lib/arm64:/data/app/~~dutrJzl_xJkEyCCvIkexCw==/com.chrome.canary-4jcd8srf2WXxld2NC1r69A==/base.apk!/lib/arm64-v8a:/data/app/~~-FnXeb6__ecKd-dFZ4kZZA==/com.google.android.trichromelibrary.canary_613700033-7Q2vBiD9q0nCftKFg-pq8w==/base.apk!/lib/arm64-v8a, permitted_path=/data:/mnt/expand:/data/user/0/com.chrome.canary
11-24 17:22:48.092  1011  1189 I ASH     : @ 189820.280: tcs3701: stop power rail pending_off timer
11-24 17:22:48.092  1011  1189 D ASH     : @ 189820.280: tcs3701: start power rail timer, state:3
11-24 17:22:48.097 17515 17515 V GraphicsEnvironment: ANGLE Developer option for 'com.chrome.canary' set to: 'default'
11-24 17:22:48.098 17515 17515 V GraphicsEnvironment: ANGLE GameManagerService for com.chrome.canary: false
11-24 17:22:48.098 17515 17515 V GraphicsEnvironment: Updatable production driver is not supported on the device.
11-24 17:22:48.099 17515 17515 I LoadedApk: No resource references to update in package com.google.android.trichromelibrary.canary
11-24 17:22:48.099 17515 17515 D NetworkSecurityConfig: Using Network Security Config from resource 0_resource_name_obfuscated debugBuild: false
11-24 17:22:48.100 17515 17515 D NetworkSecurityConfig: Using Network Security Config from resource 0_resource_name_obfuscated debugBuild: false
11-24 17:22:48.100 17515 17515 I cr_SplitCompatApp: Launched version=121.0.6137.0 minSdkVersion=29 isBundle=true processName=com.chrome.canary isIsolated=false
11-24 17:22:48.104 17445 17544 W ding:background: Accessing hidden field Ljava/util/Collections$SynchronizedCollection;->mutex:Ljava/lang/Object; (max-target-o, reflection, denied)
11-24 17:22:48.105 17445 17544 W ding:background: Accessing hidden method Ljava/util/Collections$SynchronizedSet;-><init>(Ljava/util/Set;Ljava/lang/Object;)V (max-target-o, reflection, denied)
11-24 17:22:48.105 17445 17544 W ding:background: Accessing hidden method Ljava/util/Collections$SynchronizedCollection;-><init>(Ljava/util/Collection;Ljava/lang/Object;)V (max-target-o, reflection, denied)
11-24 17:22:48.120 17515 17549 I cr_LibraryLoader: Loading monochrome_64 from within /data/app/~~dutrJzl_xJkEyCCvIkexCw==/com.chrome.canary-4jcd8srf2WXxld2NC1r69A==/base.apk
11-24 17:22:48.121  1795  4167 D CompatibilityChangeReporter: Compat change id reported: 161145287; UID 10010; state: DISABLED
11-24 17:22:48.122 17515 17549 I cr_Linker: loadLibraryImplLocked: monochrome_64, relroMode=1
11-24 17:22:48.130 13502 13502 E AbstractGmsTracer: Traced class shouldn't be obfuscated: GmsApiChimeraService [CONTEXT service_id=259 ]
11-24 17:22:48.130 17515 17549 I cr_LibraryLoader: Successfully loaded native library
11-24 17:22:48.130 13502 13502 D BoundBrokerSvc: onBind: Intent { act=com.google.android.gms.udc.service.START dat=chimera-action:/... cmp=com.google.android.gms/.chimera.PersistentApiService }
11-24 17:22:48.130 13502 13502 D BoundBrokerSvc: Loading bound service for intent: Intent { act=com.google.android.gms.udc.service.START dat=chimera-action:/... cmp=com.google.android.gms/.chimera.PersistentApiService }
11-24 17:22:48.131 17515 17549 I cr_CachingUmaRecorder: Flushed 20 samples from 18 histograms, 0 samples were dropped.
11-24 17:22:48.132  1011  1189 I ASH     : @ 189820.320: tcs3701: stop power rail pending_off timer
11-24 17:22:48.132  1011  1189 D ASH     : @ 189820.320: tcs3701: start power rail timer, state:3
11-24 17:22:48.132 13502 13502 E AbstractGmsTracer: Traced class shouldn't be obfuscated: UdcApiChimeraService [CONTEXT service_id=259 ]
11-24 17:22:48.141 13502 13502 E AbstractGmsTracer: Traced class shouldn't be obfuscated: ReportingAndroidChimeraService [CONTEXT service_id=259 ]
11-24 17:22:48.142  3875  3875 I dzhj    : onPause
11-24 17:22:48.144  3604  3604 I hitl    : (REDACTED) received broadcast: %s
11-24 17:22:48.145  3604  4265 I hito    : (REDACTED) received broadcast: %s
11-24 17:22:48.145  3604  4265 I hioo    : (REDACTED) #onConfigUpdate. requester: %s
11-24 17:22:48.145  3604  4248 I hioo    : #onConfigUpdate inside sequencer
11-24 17:22:48.145  3604  4248 I hilg    : (REDACTED) Voice Match (Speaker-id) supported : %b 
11-24 17:22:48.145  3604  4248 I hilg    : (REDACTED) hotword enrollment state is enrolled:  %b, speakerId model exist: %b. Voice Match supported : %b 
11-24 17:22:48.145  3604  4248 I hilg    : (REDACTED) isHotwordAvailable():  %b, isHotwordEnabled() %b 
11-24 17:22:48.145  3604  4248 I hilg    : (REDACTED) isHotwordAvailable():  %b, isHotwordEnabled() %b 
11-24 17:22:48.146  3604  4248 I hilg    : (REDACTED) Hotword enrollment state : %s.
11-24 17:22:48.146  3604  4248 I hilg    : (REDACTED) Voice Match (Speaker-id) supported : %b 
11-24 17:22:48.146  3604  4248 I hilg    : (REDACTED) Voice Match (Speaker-id) supported : %b 
11-24 17:22:48.146  3604  4248 I hilg    : (REDACTED) hotword enrollment state is enrolled:  %b, speakerId model exist: %b, voice match supported : %b
11-24 17:22:48.146  3604  4248 I hilg    : (REDACTED) Hotword isNonVoiceMatchHotwordEnabled: %b, isHotwordAvailable: %b, isHotwordEnabled: %b, isVoiceMatchSupported: %b, isHotwordEnrolled: %b,
11-24 17:22:48.146  3604  4248 I hioo    : (REDACTED) Ignore the legacy hotword request. voice match enabled %b, isHotwordSupported %b, isIncompleteEnrollmentState %b, nonVoiceMatchHotwordEnabled %b
11-24 17:22:48.154 17445 17460 I Finsky:background: [4277] kti.ajd(760): [AUC]: Logging for account [y0_1NG5HTmzf0bF7VytAKz9iHAD6w7yU52Le3i0fi68]
11-24 17:22:48.155 17445 17460 I Finsky:background: [4277] ktg.a(71): [AUC] Creating standard logger for account [y0_1NG5HTmzf0bF7VytAKz9iHAD6w7yU52Le3i0fi68]
11-24 17:22:48.156 17515 17515 I cr_MultiInstance: Removed invalid instance data. Removed tasks-instance mappings: [Chrome.MultiInstance.TaskMap.0 - 1644] and shared prefs for instances: []
11-24 17:22:48.157 17515 17515 I cr_MultiInstance: Existing Instance - persisted and unmapped Id allocated: 0
11-24 17:22:48.159 17515 17515 I cr_MultiInstance: Intent action: android.intent.action.MAIN
11-24 17:22:48.159 17515 17515 I cr_MultiInstance: Intent routed via ChromeLauncherActivity: false
11-24 17:22:48.159 17515 17515 I cr_MultiInstance: Referrer: android-app://com.android.shell
11-24 17:22:48.159 17515 17515 I cr_MultiInstance: Intent contains LAUNCHER category: true
11-24 17:22:48.159 17515 17515 I cr_MultiInstance: Intent contains FLAG_ACTIVITY_MULTIPLE_TASK: false
11-24 17:22:48.159 17515 17515 I cr_MultiInstance: Intent contains FLAG_ACTIVITY_NEW_TASK: true
11-24 17:22:48.159 17515 17515 I cr_MultiInstance: Intent component: com.google.android.apps.chrome.Main
11-24 17:22:48.159 17515 17515 I cr_MultiInstance: Intent sent by OS: false
11-24 17:22:48.159 17515 17515 I cr_MultiInstance: @ExternalAppId of intent source: 0
11-24 17:22:48.159 17515 17515 I cr_MultiInstance: Are all instances running: false
11-24 17:22:48.159 17515 17515 I cr_MultiInstance: Window allocation type: 6
11-24 17:22:48.159 17515 17515 I cr_MultiInstance: Window ID allocated: 0
11-24 17:22:48.159 17515 17515 W cr_ActivityDispatcher: CustomTabsIntent#shouldAlwaysUseBrowserUI() = false
11-24 17:22:48.159 17515 17515 D CompatibilityChangeReporter: Compat change id reported: 183155436; UID 10010; state: ENABLED
11-24 17:22:48.160 17515 17559 W DynamiteModule: Local module descriptor class for com.google.android.gms.googlecertificates not found.
11-24 17:22:48.169 17515 17515 E m.chrome.canary: Invalid ID 0x00000000.
11-24 17:22:48.171 17515 17559 I DynamiteModule: Considering local module com.google.android.gms.googlecertificates:0 and remote module com.google.android.gms.googlecertificates:7
11-24 17:22:48.171 17515 17559 I DynamiteModule: Selected remote version of com.google.android.gms.googlecertificates, version >= 7
11-24 17:22:48.172 17515 17515 I cr_SplitCompatClassLoader: Splits: null
11-24 17:22:48.172  1011  1189 I ASH     : @ 189820.360: tcs3701: stop power rail pending_off timer
11-24 17:22:48.172  1011  1189 D ASH     : @ 189820.360: tcs3701: start power rail timer, state:3
11-24 17:22:48.179 17515 17559 W System  : ClassLoader referenced unknown path: 
11-24 17:22:48.180 17515 17559 D nativeloader: Configuring clns-6 for other apk . target_sdk_version=34, uses_libraries=, library_path=/data/app/~~kuQRvAzVZuE4Ro2oLuwWdQ==/com.google.android.gms-oAttmqgZrSU_NO_sHK9RSA==/lib/arm64:/data/app/~~kuQRvAzVZuE4Ro2oLuwWdQ==/com.google.android.gms-oAttmqgZrSU_NO_sHK9RSA==/base.apk!/lib/arm64-v8a, permitted_path=/data:/mnt/expand:/data/user/0/com.google.android.gms
11-24 17:22:48.191 17515 17515 W cr_ActivityDispatcher: CustomTabsIntent#shouldAlwaysUseBrowserUI() = false
11-24 17:22:48.195 13730 13730 E AbstractGmsTracer: Traced class shouldn't be obfuscated: GmsBoundBrokerChimeraService [CONTEXT service_id=259 ]
11-24 17:22:48.195 13730 13730 D BoundBrokerSvc: onBind: Intent { act=com.google.android.gms.safetynet.service.START pkg=com.google.android.gms }
11-24 17:22:48.195 13730 13730 D BoundBrokerSvc: Loading bound service for intent: Intent { act=com.google.android.gms.safetynet.service.START pkg=com.google.android.gms }
11-24 17:22:48.196 13730 13730 E AbstractGmsTracer: Traced class shouldn't be obfuscated: SafetyNetClientChimeraService [CONTEXT service_id=259 ]
11-24 17:22:48.198 17515 17515 I cr_CompositorSurfaceMgr: Transitioning to surface with format: -1
11-24 17:22:48.201 13502 13502 D BoundBrokerSvc: onBind: Intent { act=com.google.android.gms.phenotype.service.START pkg=com.google.android.gms }
11-24 17:22:48.201 13502 13502 D BoundBrokerSvc: Loading bound service for intent: Intent { act=com.google.android.gms.phenotype.service.START pkg=com.google.android.gms }
11-24 17:22:48.202 13502 13502 E AbstractGmsTracer: Traced class shouldn't be obfuscated: PhenotypeChimeraService [CONTEXT service_id=259 ]
11-24 17:22:48.211 17515 17515 D CompatibilityChangeReporter: Compat change id reported: 210923482; UID 10010; state: ENABLED
11-24 17:22:48.212  1011  1189 I ASH     : @ 189820.400: tcs3701: stop power rail pending_off timer
11-24 17:22:48.212  1011  1189 D ASH     : @ 189820.400: tcs3701: start power rail timer, state:3
11-24 17:22:48.221 17445 17499 D TrafficStats: tagSocket(86) with statsTag=0xffffffff, statsUid=-1
11-24 17:22:48.236 17515 17515 D CompatibilityChangeReporter: Compat change id reported: 193247900; UID 10010; state: ENABLED
11-24 17:22:48.252  1011  1189 I ASH     : @ 189820.440: tcs3701: stop power rail pending_off timer
11-24 17:22:48.252  1011  1189 D ASH     : @ 189820.440: tcs3701: start power rail timer, state:3
11-24 17:22:48.255 17515 17515 W cr_ActivityDispatcher: CustomTabsIntent#shouldAlwaysUseBrowserUI() = false
11-24 17:22:48.260 17515 17515 D CompatibilityChangeReporter: Compat change id reported: 237531167; UID 10010; state: DISABLED
11-24 17:22:48.266 17515 17574 W Parcel  : Expecting binder but got null!
11-24 17:22:48.273  1795  3613 D CoreBackPreview: Window{74f6441 u0 com.chrome.canary/com.google.android.apps.chrome.Main}: Setting back callback OnBackInvokedCallbackInfo{mCallback=android.window.IOnBackInvokedCallback$Stub$Proxy@382c5d4, mPriority=-1}
11-24 17:22:48.275  1795  2120 D CompatibilityChangeReporter: Compat change id reported: 143937733; UID 10010; state: ENABLED
11-24 17:22:48.276  1795  2120 D CompatibilityChangeReporter: Compat change id reported: 135634846; UID 10010; state: DISABLED
11-24 17:22:48.276  1795  2120 D CompatibilityChangeReporter: Compat change id reported: 207557677; UID 10010; state: ENABLED
11-24 17:22:48.276   987   987 W Zygote  : forkRepeatedly terminated due to non-simple command
11-24 17:22:48.276   987   987 D Zygote  : mbuffer starts with 15, nice name is com.chrome.canary_zygote, mEnd = 410, mNext = 191, mLinesLeft = 6, mFd = 5
11-24 17:22:48.277  1795  2424 D WifiClientModeImpl[13802:wlan0]: updateLinkLayerStatsRssiSpeedFrequencyCapabilities rssi=-44 TxLinkspeed=866 freq=5240 RxLinkSpeed=866
11-24 17:22:48.277  1795  2424 D WifiDataStall: tx tput in kbps: 729503
11-24 17:22:48.277  1795  2424 D WifiDataStall: rx tput in kbps: 767898
11-24 17:22:48.277  1795  2424 V WifiConfigManager: Updating scan detail cache freq=5240 BSSID=f4:6d:2f:12:cc:88 RSSI=-44 for "ourhome"WPA_PSK
11-24 17:22:48.278  2782  5906 D QCNEJ/WlanStaInfoRelay: Received action: android.net.wifi.RSSI_CHANGED
11-24 17:22:48.278  2673  4031 V WifiManager: OnWifiUsabilityStatsListener: onWifiUsabilityStats: seqNum=55879
11-24 17:22:48.278  1795  2424 D WifiChannelUtilization:  freq: 5240 onTime: 5763705 busyTime: 587916 onTimeDiff: 2388913 busyTimeDiff: 272217 utilization: 29 utilization t0: 26
11-24 17:22:48.278  1795  2424 D WifiDataStall:  ccaLevel = 29
11-24 17:22:48.278  1795  2424 D WifiDataStall: L2 txTputKbps: 767898, rxTputKbps: 767898, L3 txTputKbps: 2, rxTputKbps: 12, TxTrafficHigh: true, RxTrafficHigh: false, Throughput Sufficient: true
11-24 17:22:48.278  1795  2424 D WifiScoreReport: Wifi scoring disabled - Don't check IP layer
11-24 17:22:48.278  1795  2424 D WifiScoreCard: BSSID update SIGNAL_POLL ID: 1320464697 SSID: "ourhome", BSSID: f4:6d:2f:12:cc:88, MAC: b2:2f:ec:da:4a:0c, IP: /192.168.1.104, Security type: 2, Supplicant state: COMPLETED, Wi-Fi standard: 5, RSSI: -44, Link speed: 866Mbps, Tx Link speed: 866Mbps, Max Supported Tx Link speed: 866Mbps, Rx Link speed: 866Mbps, Max Supported Rx Link speed: 866Mbps, Frequency: 5240MHz, Net ID: 12, Metered hint: false, score: 60, isUsable: true, CarrierMerged: false, SubscriptionId: -1, IsPrimary: 1, Trusted: true, Restricted: false, Ephemeral: false, OEM paid: false, OEM private: false, OSU AP: false, FQDN: <none>, Provider friendly name: <none>, Requesting package name: <none>"ourhome"wpa2-pskMLO Information: , Is TID-To-Link negotiation supported by the AP: false, AP MLD Address: <none>, AP MLO Link Id: <none>, AP MLO Affiliated links: <none>
11-24 17:22:48.278  1795  3716 I WifiService: updateWifiUsabilityScore uid=10180 seqNum=55879 score=100 predictionHorizonSec=1441795
11-24 17:22:48.278  1795  2424 D WifiScoreCard: txRate: 3 txSpeed: 866
11-24 17:22:48.278  1795  2424 D WifiScoreCard: network update SIGNAL_POLL "ourhome" ID: 1499892569 RSSI -44 txSpeed -1
11-24 17:22:48.279  2513 14800 V WifiManager: TrafficStateCallbackProxy: onStateChanged state=3
11-24 17:22:48.279  1795  2424 D WifiClientModeImpl[13802:wlan0]:  ClientModeImpl$L2ConnectedState screen=on 29 0 "ourhome" f4:6d:2f:12:cc:88 rssi=-44 f=5240 sc=60 link=866 tx=2.6, 0.0, 0.0 rx=1.4 bcn=1828879 [on:289 tx:2 rx:2 period:3007] from screen [on:1154125 period:38210270] score=60
11-24 17:22:48.279  1795  2424 D WifiScoreReport: Wifi scoring disabled - Notify that Wifi is usable
11-24 17:22:48.281  1795  2432 D ConnectivityService: NetReassign [no changes] [c 0] [a 0] [i 1]
11-24 17:22:48.285   987   987 D Zygote  : Forked child process 17584
11-24 17:22:48.286  1795  2120 W ZygoteProcess: Got error connecting to zygote, retrying. msg= Connection refused
11-24 17:22:48.287 17515 17574 I AdrenoGLES-0: QUALCOMM build                   : 4783c89, I46ff5fc46f
11-24 17:22:48.287 17515 17574 I AdrenoGLES-0: Build Date                       : 11/30/20
11-24 17:22:48.287 17515 17574 I AdrenoGLES-0: OpenGL ES Shader Compiler Version: EV031.31.04.01
11-24 17:22:48.287 17515 17574 I AdrenoGLES-0: Local Branch                     : QPR2
11-24 17:22:48.287 17515 17574 I AdrenoGLES-0: Remote Branch                    : 
11-24 17:22:48.287 17515 17574 I AdrenoGLES-0: Remote Branch                    : 
11-24 17:22:48.287 17515 17574 I AdrenoGLES-0: Reconstruct Branch               : 
11-24 17:22:48.287 17515 17574 I AdrenoGLES-0: Build Config                     : S P 10.0.4 AArch64
11-24 17:22:48.287 17515 17574 I AdrenoGLES-0: Driver Path                      : /vendor/lib64/egl/libGLESv2_adreno.so
11-24 17:22:48.288 17515 17515 I cr_StartSurfaceConfig: Recorded Startup.Android.FirstDrawCompletedTime.NoInstant = 120 ms
11-24 17:22:48.291 17515 17574 I AdrenoGLES-0: PFP: 0x016dd093, ME: 0x00000000
11-24 17:22:48.291 17584 17584 I libc    : SetHeapTaggingLevel: tag level set to 0
11-24 17:22:48.292 17515 17574 W AdrenoUtils: <ReadGpuID_from_sysfs:197>: Failed to open /sys/class/kgsl/kgsl-3d0/gpu_model
11-24 17:22:48.292 17515 17574 W AdrenoUtils: <ReadGpuID:221>: Failed to read chip ID from gpu_model. Fallback to use the GSL path
11-24 17:22:48.293  1011  1189 I ASH     : @ 189820.481: tcs3701: stop power rail pending_off timer
11-24 17:22:48.293  1011  1189 D ASH     : @ 189820.481: tcs3701: start power rail timer, state:3
11-24 17:22:48.296 17584 17584 I e.canary_zygote: Using CollectorTypeCC GC.
11-24 17:22:48.298   648  3370 I SDM     : HWCDisplay::GetColorModeCount: Supported color mode count = 3
11-24 17:22:48.298   648  3370 I SDM     : HWCDisplay::GetColorModes: Color mode = 0 is supported
11-24 17:22:48.298   648  3370 I SDM     : HWCDisplay::GetColorModes: Color mode = 7 is supported
11-24 17:22:48.298   648  3370 I SDM     : HWCDisplay::GetColorModes: Color mode = 9 is supported
11-24 17:22:48.299 17515 17574 E OpenGLRenderer: Unable to match the desired swap behavior.
11-24 17:22:48.301 17445 17496 I Finsky:background: [4291] zbr.accept(335): SCH: Scheduling phonesky job Id: 47-30, CT: 1700842968190, Constraints: [{ L: 0, D: 172800000, C: 1, I: 1, N: 1 }, { L: 0, D: 0, C: 1, I: 1, N: 0 }]
11-24 17:22:48.302 13502 12387 E ckqk    : Phenotype API error. Event # evhb@627f0d8e, EventCode: 7 [CONTEXT service_id=51 ]
11-24 17:22:48.302 13502 12387 E ckqk    : ckoo: 29505: No config packages for log source, or config package not registered
11-24 17:22:48.302 13502 12387 E ckqk    : 	at ckrk.b(:com.google.android.gms@234414038@23.44.14 (190400-580326705):79)
11-24 17:22:48.302 13502 12387 E ckqk    : 	at ckrh.h(:com.google.android.gms@234414038@23.44.14 (190400-580326705):3)
11-24 17:22:48.302 13502 12387 E ckqk    : 	at ckqk.g(:com.google.android.gms@234414038@23.44.14 (190400-580326705):18)
11-24 17:22:48.302 13502 12387 E ckqk    : 	at ckqk.f(:com.google.android.gms@234414038@23.44.14 (190400-580326705):11)
11-24 17:22:48.302 13502 12387 E ckqk    : 	at bfmo.fh(:com.google.android.gms@234414038@23.44.14 (190400-580326705):1)
11-24 17:22:48.302 13502 12387 E ckqk    : 	at bfmz.run(:com.google.android.gms@234414038@23.44.14 (190400-580326705):100)
11-24 17:22:48.302 13502 12387 E ckqk    : 	at dvlp.run(:com.google.android.gms@234414038@23.44.14 (190400-580326705):13)
11-24 17:22:48.302 13502 12387 E ckqk    : 	at ajls.c(:com.google.android.gms@234414038@23.44.14 (190400-580326705):50)
11-24 17:22:48.302 13502 12387 E ckqk    : 	at ajls.run(:com.google.android.gms@234414038@23.44.14 (190400-580326705):76)
11-24 17:22:48.302 13502 12387 E ckqk    : 	at java.util.concurrent.ThreadPoolExecutor.runWorker(ThreadPoolExecutor.java:1145)
11-24 17:22:48.302 13502 12387 E ckqk    : 	at java.util.concurrent.ThreadPoolExecutor$Worker.run(ThreadPoolExecutor.java:644)
11-24 17:22:48.302 13502 12387 E ckqk    : 	at ajqx.run(:com.google.android.gms@234414038@23.44.14 (190400-580326705):8)
11-24 17:22:48.302 13502 12387 E ckqk    : 	at java.lang.Thread.run(Thread.java:1012)
11-24 17:22:48.302   595   595 I servicemanager: Could not find android.hardware.graphics.allocator.IAllocator/default in the VINTF manifest.
11-24 17:22:48.303 13502 12387 W AsyncOperation: operation=GetExperimentTokensOperationCall, opStatusCode=29505 [CONTEXT service_id=51 ]
11-24 17:22:48.303 13502 12387 W AsyncOperation: OperationException[Status{statusCode=No config packages for log source, or config package not registered, resolution=null}]
11-24 17:22:48.303 13502 12387 W AsyncOperation: 	at ckqk.g(:com.google.android.gms@234414038@23.44.14 (190400-580326705):48)
11-24 17:22:48.303 13502 12387 W AsyncOperation: 	at ckqk.f(:com.google.android.gms@234414038@23.44.14 (190400-580326705):11)
11-24 17:22:48.303 13502 12387 W AsyncOperation: 	at bfmo.fh(:com.google.android.gms@234414038@23.44.14 (190400-580326705):1)
11-24 17:22:48.303 13502 12387 W AsyncOperation: 	at bfmz.run(:com.google.android.gms@234414038@23.44.14 (190400-580326705):100)
11-24 17:22:48.303 13502 12387 W AsyncOperation: 	at dvlp.run(:com.google.android.gms@234414038@23.44.14 (190400-580326705):13)
11-24 17:22:48.303 13502 12387 W AsyncOperation: 	at ajls.c(:com.google.android.gms@234414038@23.44.14 (190400-580326705):50)
11-24 17:22:48.303 13502 12387 W AsyncOperation: 	at ajls.run(:com.google.android.gms@234414038@23.44.14 (190400-580326705):76)
11-24 17:22:48.303 13502 12387 W AsyncOperation: 	at java.util.concurrent.ThreadPoolExecutor.runWorker(ThreadPoolExecutor.java:1145)
11-24 17:22:48.303 13502 12387 W AsyncOperation: 	at java.util.concurrent.ThreadPoolExecutor$Worker.run(ThreadPoolExecutor.java:644)
11-24 17:22:48.303 13502 12387 W AsyncOperation: 	at ajqx.run(:com.google.android.gms@234414038@23.44.14 (190400-580326705):8)
11-24 17:22:48.303 13502 12387 W AsyncOperation: 	at java.lang.Thread.run(Thread.java:1012)
11-24 17:22:48.312 17445 17497 I Finsky:background: [4292] zmo.apply(60): SCH: Scheduling 1 system job(s)
11-24 17:22:48.313 17445 17497 I Finsky:background: [4292] aalk.d(263): SCH: Scheduling system job Id: 10505, L: 0, D: 172799878, C: false, I: false, N: 1
11-24 17:22:48.320  1795  2096 I ActivityTaskManager: Displayed com.chrome.canary/com.google.android.apps.chrome.Main: +281ms
11-24 17:22:48.321 17445 17445 I Finsky:background: [2] aanb.onStartJob(128): SCH: job service start with id 10505.
11-24 17:22:48.324 17515 17515 I cr_CombinedPProvider: #linkNativeInternal() 0
11-24 17:22:48.324 17515 17515 I cr_PolicyProvider: #setManagerAndSource() 0
11-24 17:22:48.325 17515 17515 I cr_PolicyCacheProvider: #refresh() true
11-24 17:22:48.333  1011  1189 I ASH     : @ 189820.520: tcs3701: stop power rail pending_off timer
11-24 17:22:48.333  1011  1189 D ASH     : @ 189820.520: tcs3701: start power rail timer, state:3
11-24 17:22:48.337  1795  2120 I AppZygote: Starting application preload.
11-24 17:22:48.341 17584 17584 I AppZygoteInit: Beginning application preload for com.chrome.canary
11-24 17:22:48.342 17584 17584 W ziparchive: Unable to open '/data/app/~~-FnXeb6__ecKd-dFZ4kZZA==/com.google.android.trichromelibrary.canary_613700033-7Q2vBiD9q0nCftKFg-pq8w==/base.dm': No such file or directory
11-24 17:22:48.342 17584 17584 W ziparchive: Unable to open '/data/app/~~-FnXeb6__ecKd-dFZ4kZZA==/com.google.android.trichromelibrary.canary_613700033-7Q2vBiD9q0nCftKFg-pq8w==/base.dm': No such file or directory
11-24 17:22:48.343 17584 17584 W e.canary_zygote: Entry not found
11-24 17:22:48.344 17584 17584 D nativeloader: Configuring clns-4 for other apk /data/app/~~-FnXeb6__ecKd-dFZ4kZZA==/com.google.android.trichromelibrary.canary_613700033-7Q2vBiD9q0nCftKFg-pq8w==/base.apk. target_sdk_version=34, uses_libraries=ALL, library_path=/data/app/~~dutrJzl_xJkEyCCvIkexCw==/com.chrome.canary-4jcd8srf2WXxld2NC1r69A==/lib/arm64:/data/app/~~dutrJzl_xJkEyCCvIkexCw==/com.chrome.canary-4jcd8srf2WXxld2NC1r69A==/base.apk!/lib/arm64-v8a:/data/app/~~-FnXeb6__ecKd-dFZ4kZZA==/com.google.android.trichromelibrary.canary_613700033-7Q2vBiD9q0nCftKFg-pq8w==/base.apk!/lib/arm64-v8a, permitted_path=/data:/mnt/expand
11-24 17:22:48.347  2588  2588 I WallpaperService: engine paused
11-24 17:22:48.348  1011  1011 I sensors-hal: [hal]activate_physical_sensor:251, android.sensor.gyroscope/41 en=0
11-24 17:22:48.350  1011 17066 I sensors-hal: [ssc_conn]handle_indication_realtime:460, qmi indication is coming while connection is being closed
11-24 17:22:48.351  1011  1011 D Diag_Lib: diag: Diag_LSM_DeInit: invoked for pid: 1011
11-24 17:22:48.352  1011  1011 D Diag_Lib: diag: Diag_LSM_DeInit: done for pid: 1011
11-24 17:22:48.352 17584 17584 D nativeloader: Configuring clns-5 for other apk /data/app/~~dutrJzl_xJkEyCCvIkexCw==/com.chrome.canary-4jcd8srf2WXxld2NC1r69A==/base.apk. target_sdk_version=34, uses_libraries=, library_path=/data/app/~~dutrJzl_xJkEyCCvIkexCw==/com.chrome.canary-4jcd8srf2WXxld2NC1r69A==/lib/arm64:/data/app/~~dutrJzl_xJkEyCCvIkexCw==/com.chrome.canary-4jcd8srf2WXxld2NC1r69A==/base.apk!/lib/arm64-v8a:/data/app/~~-FnXeb6__ecKd-dFZ4kZZA==/com.google.android.trichromelibrary.canary_613700033-7Q2vBiD9q0nCftKFg-pq8w==/base.apk!/lib/arm64-v8a, permitted_path=/data:/mnt/expand
11-24 17:22:48.352  1011  1011 D Diag_Lib: diag: Diag_LSM_DeInit: invoked for pid: 1011
11-24 17:22:48.352  1011  1011 D Diag_Lib: diag: Diag_LSM_DeInit: done for pid: 1011
11-24 17:22:48.352  1011  1011 I sensors-hal: [hal]activate_physical_sensor:262, android.sensor.gyroscope/41 en=0 completed
11-24 17:22:48.356 17584 17584 I cr_ZygotePreload: Loaded Zygote. version=121.0.6137.0 minSdkVersion=29 isBundle=true
11-24 17:22:48.363 17584 17584 I cr_LibraryLoader: Loading monochrome_64 from within /data/app/~~dutrJzl_xJkEyCCvIkexCw==/com.chrome.canary-4jcd8srf2WXxld2NC1r69A==/base.apk
11-24 17:22:48.363 17584 17584 I cr_Linker: loadLibraryImplLocked: monochrome_64, relroMode=1
11-24 17:22:48.366 17445 17482 I Finsky:background: [4283] jnn.ajd(69): [AUC]: Logging complete
11-24 17:22:48.368 17445 17482 I Finsky:background: [4283] aaln.r(83): SCH: jobFinished: 47-15. TimeElapsed: 482ms.
11-24 17:22:48.370 17515 17564 I cr_PartnerCustUma: Partner Customization delegate: 0.
11-24 17:22:48.370 17515 17564 W cr_PartnerCustomize: Partner homepage must be HTTP(S) or NewTabPage. Got invalid URL ""
11-24 17:22:48.372  1011  1189 I ASH     : @ 189820.560: tcs3701: stop power rail pending_off timer
11-24 17:22:48.372  1011  1189 D ASH     : @ 189820.560: tcs3701: start power rail timer, state:3
11-24 17:22:48.382  1795  2120 I AppZygote: Application preload done.
11-24 17:22:48.382 17584 17584 I AppZygoteInit: Application preload done
11-24 17:22:48.384 17445 17491 I Finsky:background: [4288] zor.a(351): SCH: Satisfied jobs for 10505 are: 47-30
11-24 17:22:48.387 17445 17494 I Finsky:background: [4290] zow.accept(533): SCH: Job 47-30 starting
11-24 17:22:48.387 17445 17491 I Finsky:background: [4288] zor.a(351): SCH: Satisfied jobs for 10504 are: 47-30
11-24 17:22:48.392 17445 17561 I PlayCommon: [4298] ansl.j(241): Preparing logs for uploading
11-24 17:22:48.392 17584 17591 W e.canary_zygote: Reducing the number of considered missed Gc histogram windows from 18981 to 100
11-24 17:22:48.394 17584 17584 I Zygote  : Entering forkRepeatedly native zygote loop
11-24 17:22:48.402 17445 17561 I PlayCommon: [4298] ansl.j(1420): Connecting to server for timestamp: https://play.googleapis.com/play/log/timestamp
11-24 17:22:48.405 17584 17584 D Zygote  : Forked child process 17612
11-24 17:22:48.407  1795  2120 W ActivityManager: Slow operation: 133ms so far, now at startProcess: returned from zygote!
11-24 17:22:48.407  1795  2120 W ActivityManager: Slow operation: 133ms so far, now at startProcess: done updating battery stats
11-24 17:22:48.407  1795  2120 W ActivityManager: Slow operation: 133ms so far, now at startProcess: building log message
11-24 17:22:48.407  1795  2120 I ActivityManager: Start proc 17612:com.chrome.canary:sandboxed_process0:org.chromium.content.app.SandboxedProcessService0:0/u0ai0 for  {com.chrome.canary/org.chromium.content.app.SandboxedProcessService0:0}
11-24 17:22:48.407  1795  2120 W ActivityManager: Slow operation: 133ms so far, now at startProcess: starting to update pids map
11-24 17:22:48.408  1795  2120 W ActivityManager: Slow operation: 133ms so far, now at startProcess: done updating pids map
11-24 17:22:48.412 17612 17612 E libc    : SetHeapTaggingLevel: re-enabling tagging after it was disabled is not supported
11-24 17:22:48.412  1011  1189 I ASH     : @ 189820.600: tcs3701: stop power rail pending_off timer
11-24 17:22:48.412  1011  1189 D ASH     : @ 189820.600: tcs3701: start power rail timer, state:3
11-24 17:22:48.412 17515 17515 I chromium: [INFO:policy_logger.cc(144)] :components/enterprise/browser/controller/chrome_browser_cloud_management_controller.cc(273) Deferring CBCM Controller Initialization until it is unblocked.
11-24 17:22:48.412 17445 17496 I Finsky:background: [4291] zbr.accept(335): SCH: Scheduling phonesky job Id: 47-15, CT: 1700842968379, Constraints: [{ L: 21600000, D: 21600000, C: 1, I: 1, N: 0 }]
11-24 17:22:48.413   987   987 I Zygote  : Entering forkRepeatedly native zygote loop
11-24 17:22:48.420 17612 17612 I ocessService0:0: Using CollectorTypeCC GC.
11-24 17:22:48.423   987   987 D Zygote  : Forked child process 17614
11-24 17:22:48.424  1795  2120 I ActivityManager: Start proc 17614:com.chrome.canary:privileged_process0/u0a10 for service {com.chrome.canary/org.chromium.content.app.PrivilegedProcessService0}
11-24 17:22:48.426  1383  1442 I adbd    : jdwp connection from 17612
11-24 17:22:48.427 17445 17561 D TrafficStats: tagSocket(85) with statsTag=0xffffffff, statsUid=-1
11-24 17:22:48.433 17614 17614 I ileged_process0: Using CollectorTypeCC GC.
11-24 17:22:48.441  3657  4525 D ForegroundUtils: Foreground UID status:
11-24 17:22:48.441  3657  4525 D ForegroundUtils: UID: 10010 is in foreground: true
11-24 17:22:48.441  3657  4525 D ForegroundUtils: UID: 10128 is in foreground: true
11-24 17:22:48.441  3657  4525 D ForegroundUtils: UID: 10145 is in foreground: true
11-24 17:22:48.441  3657  4525 D ForegroundUtils: UID: 10158 is in foreground: true
11-24 17:22:48.441  3657  4525 D ForegroundUtils: UID: 10189 is in foreground: false
11-24 17:22:48.441  3657  4525 D ForegroundUtils: UID: 10194 is in foreground: true
11-24 17:22:48.441  3657  4525 D ForegroundUtils: UID: 10206 is in foreground: false
11-24 17:22:48.441  3657  4525 D ForegroundUtils: UID: 10233 is in foreground: true
11-24 17:22:48.441  3657  4525 D ForegroundUtils: UID: 10244 is in foreground: true
11-24 17:22:48.441  3657  4525 D ForegroundUtils: UID: 10319 is in foreground: true
11-24 17:22:48.441  3657  4525 D ForegroundUtils: UID: 90000 is in foreground: true
11-24 17:22:48.445 17612 17612 I ActivityThread: Relaunch all activities: onCoreSettingsChange
11-24 17:22:48.445  1383  1442 I adbd    : jdwp connection from 17614
11-24 17:22:48.446 17612 17612 D CompatibilityChangeReporter: Compat change id reported: 171979766; UID 90000; state: ENABLED
11-24 17:22:48.441 17445 17493 I Finsky:background: [4289] zmo.apply(60): SCH: Scheduling 0 system job(s)
11-24 17:22:48.454  1011  1189 I ASH     : @ 189820.640: tcs3701: stop power rail pending_off timer
11-24 17:22:48.454  1011  1189 D ASH     : @ 189820.640: tcs3701: start power rail timer, state:3
11-24 17:22:48.470 17612 17612 I LoadedApk: No resource references to update in package com.google.android.trichromelibrary.canary
11-24 17:22:48.470 17612 17612 D NetworkSecurityConfig: Using Network Security Config from resource 0_resource_name_obfuscated debugBuild: false
11-24 17:22:48.471 17612 17612 D NetworkSecurityConfig: Using Network Security Config from resource 0_resource_name_obfuscated debugBuild: false
11-24 17:22:48.471 17614 17614 I ActivityThread: Relaunch all activities: onCoreSettingsChange
11-24 17:22:48.472 17614 17614 D CompatibilityChangeReporter: Compat change id reported: 171979766; UID 10010; state: ENABLED
11-24 17:22:48.472 17612 17612 I cr_SplitCompatApp: Launched version=121.0.6137.0 minSdkVersion=29 isBundle=true processName=com.chrome.canary:sandboxed_process0:org.chromium.content.app.SandboxedProcessService0:0 isIsolated=true
11-24 17:22:48.474 17515 17515 I cr_SmsProviderGms: construction successfull AM3@c710a37, xM3@ac84ba4
11-24 17:22:48.478 17614 17614 W ziparchive: Unable to open '/data/app/~~-FnXeb6__ecKd-dFZ4kZZA==/com.google.android.trichromelibrary.canary_613700033-7Q2vBiD9q0nCftKFg-pq8w==/base.dm': No such file or directory
11-24 17:22:48.479 17614 17614 W ziparchive: Unable to open '/data/app/~~-FnXeb6__ecKd-dFZ4kZZA==/com.google.android.trichromelibrary.canary_613700033-7Q2vBiD9q0nCftKFg-pq8w==/base.dm': No such file or directory
11-24 17:22:48.479 17612 17612 W SystemServiceRegistry: No service published for: uimode
11-24 17:22:48.480 17614 17614 W ileged_process0: Entry not found
11-24 17:22:48.481 17614 17614 D nativeloader: Configuring clns-4 for other apk /data/app/~~-FnXeb6__ecKd-dFZ4kZZA==/com.google.android.trichromelibrary.canary_613700033-7Q2vBiD9q0nCftKFg-pq8w==/base.apk. target_sdk_version=34, uses_libraries=ALL, library_path=/data/app/~~dutrJzl_xJkEyCCvIkexCw==/com.chrome.canary-4jcd8srf2WXxld2NC1r69A==/lib/arm64:/data/app/~~dutrJzl_xJkEyCCvIkexCw==/com.chrome.canary-4jcd8srf2WXxld2NC1r69A==/base.apk!/lib/arm64-v8a:/data/app/~~-FnXeb6__ecKd-dFZ4kZZA==/com.google.android.trichromelibrary.canary_613700033-7Q2vBiD9q0nCftKFg-pq8w==/base.apk!/lib/arm64-v8a, permitted_path=/data:/mnt/expand:/data/user/0/com.chrome.canary
11-24 17:22:48.486 17612 17612 I cr_ChildProcessService: Creating new ChildProcessService pid=17612
11-24 17:22:48.492  1011  1189 I ASH     : @ 189820.680: tcs3701: stop power rail pending_off timer
11-24 17:22:48.492  1011  1189 D ASH     : @ 189820.680: tcs3701: start power rail timer, state:3
11-24 17:22:48.492  1795  4169 D ConnectivityService: requestNetwork for uid/pid:10010/17515 activeRequest: null callbackRequest: 5195 [NetworkRequest [ REQUEST id=5196, [ Capabilities: INTERNET&NOT_RESTRICTED&TRUSTED&NOT_VCN_MANAGED Uid: 10010 RequestorUid: 10010 RequestorPkg: com.chrome.canary UnderlyingNetworks: Null] ]] callback flags: 0 order: 2147483647
11-24 17:22:48.493 17614 17614 D nativeloader: Configuring clns-5 for other apk /data/app/~~dutrJzl_xJkEyCCvIkexCw==/com.chrome.canary-4jcd8srf2WXxld2NC1r69A==/base.apk. target_sdk_version=34, uses_libraries=, library_path=/data/app/~~dutrJzl_xJkEyCCvIkexCw==/com.chrome.canary-4jcd8srf2WXxld2NC1r69A==/lib/arm64:/data/app/~~dutrJzl_xJkEyCCvIkexCw==/com.chrome.canary-4jcd8srf2WXxld2NC1r69A==/base.apk!/lib/arm64-v8a:/data/app/~~-FnXeb6__ecKd-dFZ4kZZA==/com.google.android.trichromelibrary.canary_613700033-7Q2vBiD9q0nCftKFg-pq8w==/base.apk!/lib/arm64-v8a, permitted_path=/data:/mnt/expand:/data/user/0/com.chrome.canary
11-24 17:22:48.495  1795  2424 D WifiNetworkFactory: got request NetworkRequest [ REQUEST id=5196, [ Capabilities: INTERNET&NOT_RESTRICTED&TRUSTED&NOT_VCN_MANAGED Uid: 10010 RequestorUid: 10010 RequestorPkg: com.chrome.canary UnderlyingNetworks: Null] ]
11-24 17:22:48.495  1795  2424 V WifiNetworkFactory: Accepted network request NetworkRequest [ REQUEST id=5196, [ Capabilities: INTERNET&NOT_RESTRICTED&TRUSTED&NOT_VCN_MANAGED Uid: 10010 RequestorUid: 10010 RequestorPkg: com.chrome.canary UnderlyingNetworks: Null] ]
11-24 17:22:48.495  1795  2424 D UntrustedWifiNetworkFactory: got request NetworkRequest [ REQUEST id=5196, [ Capabilities: INTERNET&NOT_RESTRICTED&TRUSTED&NOT_VCN_MANAGED Uid: 10010 RequestorUid: 10010 RequestorPkg: com.chrome.canary UnderlyingNetworks: Null] ]
