11-24 17:50:00.212  1011  1189 I ASH     : @ 191452.400: tcs3701: stop power rail pending_off timer
11-24 17:50:00.212  1011  1189 D ASH     : @ 191452.400: tcs3701: start power rail timer, state:3
11-24 17:50:00.216  2513  2526 I ndroid.systemui: Background concurrent copying GC freed 892382(42MB) AllocSpace objects, 0(0B) LOS objects, 75% free, 14MB/56MB, paused 169us,98us total 197.996ms
11-24 17:50:00.217  2513  2526 W ndroid.systemui: Reducing the number of considered missed Gc histogram windows from 386 to 100
11-24 17:50:00.238 10476 10512 I BatteryMgr:DataCollectionService: stats => 1700844600238,11291,4442,-2746,4169000,100
11-24 17:50:00.248 22305 22327 I tflite  : Initialized TensorFlow Lite runtime.
11-24 17:50:00.248 22305 22327 W libc    : Access denied finding property "ro.mediatek.platform"
11-24 17:50:00.248 22305 22327 W libc    : Access denied finding property "ro.chipname"
11-24 17:50:00.248 22305 22327 W libc    : Access denied finding property "ro.hardware.chipname"
11-24 17:50:00.253  1011  1189 I ASH     : @ 191452.440: tcs3701: stop power rail pending_off timer
11-24 17:50:00.253  1011  1189 D ASH     : @ 191452.440: tcs3701: start power rail timer, state:3
11-24 17:50:00.292  1011  1189 I ASH     : @ 191452.480: tcs3701: stop power rail pending_off timer
11-24 17:50:00.292  1011  1189 D ASH     : @ 191452.480: tcs3701: start power rail timer, state:3
11-24 17:50:00.332  1011  1189 I ASH     : @ 191452.520: tcs3701: stop power rail pending_off timer
11-24 17:50:00.332  1011  1189 D ASH     : @ 191452.520: tcs3701: start power rail timer, state:3
11-24 17:50:00.345 10476 10512 I BatteryMgr:DataCollectionService: stats => 1700844600345,11291,4442,-2746,4169000,100
11-24 17:50:00.372  1011  1189 I ASH     : @ 191452.560: tcs3701: stop power rail pending_off timer
11-24 17:50:00.372  1011  1189 D ASH     : @ 191452.560: tcs3701: start power rail timer, state:3
11-24 17:50:00.414  1011  1189 I ASH     : @ 191452.600: tcs3701: stop power rail pending_off timer
11-24 17:50:00.414  1011  1189 D ASH     : @ 191452.600: tcs3701: start power rail timer, state:3
11-24 17:50:00.450 10476 10512 I BatteryMgr:DataCollectionService: stats => 1700844600450,11291,4442,-2746,4169000,100
11-24 17:50:00.452  1011  1189 I ASH     : @ 191452.640: tcs3701: stop power rail pending_off timer
11-24 17:50:00.452  1011  1189 D ASH     : @ 191452.640: tcs3701: start power rail timer, state:3
11-24 17:50:00.492  1011  1189 I ASH     : @ 191452.680: tcs3701: stop power rail pending_off timer
11-24 17:50:00.492  1011  1189 D ASH     : @ 191452.680: tcs3701: start power rail timer, state:3
11-24 17:50:00.532  1011  1189 I ASH     : @ 191452.720: tcs3701: stop power rail pending_off timer
11-24 17:50:00.532  1011  1189 D ASH     : @ 191452.720: tcs3701: start power rail timer, state:3
11-24 17:50:00.555 10476 10512 I BatteryMgr:DataCollectionService: stats => 1700844600555,11291,4442,-2746,4169000,100
11-24 17:50:00.572  1011  1189 I ASH     : @ 191452.760: tcs3701: stop power rail pending_off timer
11-24 17:50:00.572  1011  1189 D ASH     : @ 191452.760: tcs3701: start power rail timer, state:3
11-24 17:50:00.612  1011  1189 I ASH     : @ 191452.800: tcs3701: stop power rail pending_off timer
11-24 17:50:00.612  1011  1189 D ASH     : @ 191452.800: tcs3701: start power rail timer, state:3
11-24 17:50:00.652  1011  1189 I ASH     : @ 191452.840: tcs3701: stop power rail pending_off timer
11-24 17:50:00.652  1011  1189 D ASH     : @ 191452.840: tcs3701: start power rail timer, state:3
11-24 17:50:00.661 10476 10512 I BatteryMgr:DataCollectionService: stats => 1700844600660,11291,4442,-2746,4169000,100
11-24 17:50:00.692  1011  1189 I ASH     : @ 191452.880: tcs3701: stop power rail pending_off timer
11-24 17:50:00.692  1011  1189 D ASH     : @ 191452.880: tcs3701: start power rail timer, state:3
11-24 17:50:00.732  1011  1189 I ASH     : @ 191452.920: tcs3701: stop power rail pending_off timer
11-24 17:50:00.732  1011  1189 D ASH     : @ 191452.920: tcs3701: start power rail timer, state:3
11-24 17:50:00.766 10476 10512 I BatteryMgr:DataCollectionService: stats => 1700844600766,11291,4442,-2746,4169000,100
11-24 17:50:00.772  1011  1189 I ASH     : @ 191452.960: tcs3701: stop power rail pending_off timer
11-24 17:50:00.772  1011  1189 D ASH     : @ 191452.960: tcs3701: start power rail timer, state:3
11-24 17:50:00.812  1795  4172 D ActivityManager: freezer override set to true
11-24 17:50:00.812  1011  1189 I ASH     : @ 191453.000: tcs3701: stop power rail pending_off timer
11-24 17:50:00.812  1011  1189 D ASH     : @ 191453.000: tcs3701: start power rail timer, state:3
11-24 17:50:00.852  1011  1189 I ASH     : @ 191453.040: tcs3701: stop power rail pending_off timer
11-24 17:50:00.852  1011  1189 D ASH     : @ 191453.040: tcs3701: start power rail timer, state:3
11-24 17:50:00.873 10476 10512 I BatteryMgr:DataCollectionService: stats => 1700844600872,11291,4442,-2746,4169000,100
11-24 17:50:00.893 13730 13730 E AbstractGmsTracer: Traced class shouldn't be obfuscated: GmsBoundBrokerChimeraService [CONTEXT service_id=259 ]
11-24 17:50:00.894 13730 13730 D BoundBrokerSvc: onBind: Intent { act=com.google.android.gms.common.BIND_SHARED_PREFS pkg=com.google.android.gms }
11-24 17:50:00.894 13730 13730 D BoundBrokerSvc: Loading bound service for intent: Intent { act=com.google.android.gms.common.BIND_SHARED_PREFS pkg=com.google.android.gms }
11-24 17:50:00.895 13730 13730 E AbstractGmsTracer: Traced class shouldn't be obfuscated: SharedPreferencesBoundService [CONTEXT service_id=259 ]
11-24 17:50:00.896  1011  1189 I ASH     : @ 191453.080: tcs3701: stop power rail pending_off timer
11-24 17:50:00.896  1011  1189 D ASH     : @ 191453.080: tcs3701: start power rail timer, state:3
11-24 17:50:00.899 13730 13730 D BoundBrokerSvc: onUnbind: Intent { act=com.google.android.gms.common.BIND_SHARED_PREFS pkg=com.google.android.gms }
11-24 17:50:00.932  1011  1189 I ASH     : @ 191453.120: tcs3701: stop power rail pending_off timer
11-24 17:50:00.932  1011  1189 D ASH     : @ 191453.120: tcs3701: start power rail timer, state:3
11-24 17:50:00.972  1011  1189 I ASH     : @ 191453.160: tcs3701: stop power rail pending_off timer
11-24 17:50:00.972  1011  1189 D ASH     : @ 191453.160: tcs3701: start power rail timer, state:3
11-24 17:50:00.978 10476 10512 I BatteryMgr:DataCollectionService: stats => 1700844600978,11291,4442,-2746,4169000,100
11-24 17:50:01.011 22080 22094 I m.chrome.canary: Explicit concurrent copying GC freed 985153(19MB) AllocSpace objects, 9(372KB) LOS objects, 75% free, 10MB/43MB, paused 78us,49us total 72.981ms
11-24 17:50:01.012  1011  1189 I ASH     : @ 191453.200: tcs3701: stop power rail pending_off timer
11-24 17:50:01.012  1011  1189 D ASH     : @ 191453.200: tcs3701: start power rail timer, state:3
11-24 17:50:01.052  1011  1189 I ASH     : @ 191453.240: tcs3701: stop power rail pending_off timer
11-24 17:50:01.052  1011  1189 D ASH     : @ 191453.240: tcs3701: start power rail timer, state:3
11-24 17:50:01.058 22163 22189 I AdrenoVK-0: QUALCOMM build          : 4783c89, I46ff5fc46f
11-24 17:50:01.058 22163 22189 I AdrenoVK-0: Build Date              : 11/30/20
11-24 17:50:01.058 22163 22189 I AdrenoVK-0: Shader Compiler Version : EV031.31.04.01
11-24 17:50:01.058 22163 22189 I AdrenoVK-0: Local Branch            : QPR2
11-24 17:50:01.058 22163 22189 I AdrenoVK-0: Remote Branch           : 
11-24 17:50:01.058 22163 22189 I AdrenoVK-0: Remote Branch           : 
11-24 17:50:01.058 22163 22189 I AdrenoVK-0: Reconstruct Branch      : 
11-24 17:50:01.058 22163 22189 I AdrenoVK-0: Build Config            : S P 10.0.4 AArch64
11-24 17:50:01.058 22163 22189 I AdrenoVK-0: Driver Path             : /vendor/lib64/hw/vulkan.adreno.so
11-24 17:50:01.081  1795  4172 D ActivityManager: freezer override set to false
11-24 17:50:01.085 10476 10512 I BatteryMgr:DataCollectionService: stats => 1700844601085,11291,4442,-2746,4169000,100
11-24 17:50:01.092  1011  1189 I ASH     : @ 191453.280: tcs3701: stop power rail pending_off timer
11-24 17:50:01.092  1011  1189 D ASH     : @ 191453.280: tcs3701: start power rail timer, state:3
11-24 17:50:01.122  1795  2855 D ActivityManager: freezer override set to true
11-24 17:50:01.136  1011  1189 I ASH     : @ 191453.320: tcs3701: stop power rail pending_off timer
11-24 17:50:01.136  1011  1189 D ASH     : @ 191453.320: tcs3701: start power rail timer, state:3
11-24 17:50:01.136  1795  2855 D ActivityManager: freezer override set to false
11-24 17:50:01.140  1795  2855 D ActivityManager: freezer override set to true
11-24 17:50:01.145  1795  2855 D ActivityManager: freezer override set to false
11-24 17:50:01.172  1011  1189 I ASH     : @ 191453.360: tcs3701: stop power rail pending_off timer
11-24 17:50:01.172  1011  1189 D ASH     : @ 191453.360: tcs3701: start power rail timer, state:3
11-24 17:50:01.191 10476 10512 I BatteryMgr:DataCollectionService: stats => 1700844601191,11291,4442,-2746,4169000,100
11-24 17:50:01.212  1011  1189 I ASH     : @ 191453.400: tcs3701: stop power rail pending_off timer
11-24 17:50:01.212  1011  1189 D ASH     : @ 191453.400: tcs3701: start power rail timer, state:3
11-24 17:50:01.252  1011  1189 I ASH     : @ 191453.440: tcs3701: stop power rail pending_off timer
11-24 17:50:01.252  1011  1189 D ASH     : @ 191453.440: tcs3701: start power rail timer, state:3
11-24 17:50:01.292  1011  1189 I ASH     : @ 191453.480: tcs3701: stop power rail pending_off timer
11-24 17:50:01.292  1011  1189 D ASH     : @ 191453.480: tcs3701: start power rail timer, state:3
11-24 17:50:01.296 10476 10512 I BatteryMgr:DataCollectionService: stats => 1700844601296,11291,4442,-2746,4169000,100
11-24 17:50:01.332  1011  1189 I ASH     : @ 191453.520: tcs3701: stop power rail pending_off timer
11-24 17:50:01.332  1011  1189 D ASH     : @ 191453.521: tcs3701: start power rail timer, state:3
11-24 17:50:01.372  1011  1189 I ASH     : @ 191453.560: tcs3701: stop power rail pending_off timer
11-24 17:50:01.372  1011  1189 D ASH     : @ 191453.561: tcs3701: start power rail timer, state:3
11-24 17:50:01.401 10476 10512 I BatteryMgr:DataCollectionService: stats => 1700844601401,11291,4442,-2746,4169000,100
11-24 17:50:01.414  1011  1189 I ASH     : @ 191453.600: tcs3701: stop power rail pending_off timer
11-24 17:50:01.414  1011  1189 D ASH     : @ 191453.600: tcs3701: start power rail timer, state:3
11-24 17:50:01.421  3875  3875 I VISHotwordAdapter: Not connected and not waiting for connection.
11-24 17:50:01.425  3875  3875 I VISHotwordAdapter: Still waiting for connection; add the callback to callback list
11-24 17:50:01.429  3875  3875 W VISHotwordAdapter: gsaVis null binding. HDM in use.
11-24 17:50:01.452  1011  1189 I ASH     : @ 191453.640: tcs3701: stop power rail pending_off timer
11-24 17:50:01.452  1011  1189 D ASH     : @ 191453.640: tcs3701: start power rail timer, state:3
11-24 17:50:01.460 22080 22118 I cr_BindingManager: Visible binding enabled: maxSize=-1
11-24 17:50:01.475  1795  2855 W PackageConfigPersister: App-specific configuration not found for packageName: com.chrome.canary and userId: 0
11-24 17:50:01.482 22080 22080 I cr_A11yState: Enabled accessibility services list updated.
11-24 17:50:01.484 22080 22080 I cr_A11yState: Informing listeners of changes.
11-24 17:50:01.484 22080 22080 I cr_A11yState: New AccessibilityState: State{isScreenReaderEnabled=false, isTouchExplorationEnabled=false, isPerformGesturesEnabled=false, isAnyAccessibilityServiceEnabled=false, isAccessibilityToolPresent=false, isSpokenFeedbackServicePresent=false, isTextShowPasswordEnabled=true, isOnlyPasswordManagersEnabled=false}
11-24 17:50:01.492  1011  1189 I ASH     : @ 191453.680: tcs3701: stop power rail pending_off timer
11-24 17:50:01.492  1011  1189 D ASH     : @ 191453.680: tcs3701: start power rail timer, state:3
11-24 17:50:01.506 10476 10512 I BatteryMgr:DataCollectionService: stats => 1700844601506,11291,4442,-2746,4169000,100
11-24 17:50:01.534  1011  1189 I ASH     : @ 191453.720: tcs3701: stop power rail pending_off timer
11-24 17:50:01.534  1011  1189 D ASH     : @ 191453.720: tcs3701: start power rail timer, state:3
11-24 17:50:01.572  1011  1189 I ASH     : @ 191453.760: tcs3701: stop power rail pending_off timer
11-24 17:50:01.572  1011  1189 D ASH     : @ 191453.760: tcs3701: start power rail timer, state:3
11-24 17:50:01.612  1011  1189 I ASH     : @ 191453.800: tcs3701: stop power rail pending_off timer
11-24 17:50:01.612  1011  1189 D ASH     : @ 191453.800: tcs3701: start power rail timer, state:3
11-24 17:50:01.613 10476 10512 I BatteryMgr:DataCollectionService: stats => 1700844601613,11291,4442,-2746,4169000,100
11-24 17:50:01.652  1011  1189 I ASH     : @ 191453.840: tcs3701: stop power rail pending_off timer
11-24 17:50:01.652  1011  1189 D ASH     : @ 191453.840: tcs3701: start power rail timer, state:3
11-24 17:50:01.653 22080 22141 W chromium: [WARNING:ev_root_ca_metadata.cc(119)] Not implemented
11-24 17:50:01.653 22080 22141 W chromium: [WARNING:ev_root_ca_metadata.cc(119)] Not implemented
11-24 17:50:01.675 13502 13502 D BoundBrokerSvc: onUnbind: Intent { act=com.google.android.gms.phenotype.service.START dat=chimera-action:/... cmp=com.google.android.gms/.chimera.PersistentApiService }
11-24 17:50:01.692  1011  1189 I ASH     : @ 191453.880: tcs3701: stop power rail pending_off timer
11-24 17:50:01.692  1011  1189 D ASH     : @ 191453.880: tcs3701: start power rail timer, state:3
11-24 17:50:01.718 10476 10512 I BatteryMgr:DataCollectionService: stats => 1700844601718,11291,4442,-2746,4169000,100
11-24 17:50:01.732  1011  1189 I ASH     : @ 191453.920: tcs3701: stop power rail pending_off timer
11-24 17:50:01.733  1011  1189 D ASH     : @ 191453.920: tcs3701: start power rail timer, state:3
11-24 17:50:01.772  1011  1189 I ASH     : @ 191453.960: tcs3701: stop power rail pending_off timer
11-24 17:50:01.772  1011  1189 D ASH     : @ 191453.960: tcs3701: start power rail timer, state:3
11-24 17:50:01.812  1011  1189 I ASH     : @ 191454.000: tcs3701: stop power rail pending_off timer
11-24 17:50:01.812  1011  1189 D ASH     : @ 191454.000: tcs3701: start power rail timer, state:3
11-24 17:50:01.823 10476 10512 I BatteryMgr:DataCollectionService: stats => 1700844601822,11291,4442,-2746,4169000,100
11-24 17:50:01.829 22163 22189 I AdrenoVK-0: QUALCOMM build          : 4783c89, I46ff5fc46f
11-24 17:50:01.829 22163 22189 I AdrenoVK-0: Build Date              : 11/30/20
11-24 17:50:01.829 22163 22189 I AdrenoVK-0: Shader Compiler Version : EV031.31.04.01
11-24 17:50:01.829 22163 22189 I AdrenoVK-0: Local Branch            : QPR2
11-24 17:50:01.829 22163 22189 I AdrenoVK-0: Remote Branch           : 
11-24 17:50:01.829 22163 22189 I AdrenoVK-0: Remote Branch           : 
11-24 17:50:01.829 22163 22189 I AdrenoVK-0: Reconstruct Branch      : 
11-24 17:50:01.829 22163 22189 I AdrenoVK-0: Build Config            : S P 10.0.4 AArch64
11-24 17:50:01.829 22163 22189 I AdrenoVK-0: Driver Path             : /vendor/lib64/hw/vulkan.adreno.so
11-24 17:50:01.852  1011  1189 I ASH     : @ 191454.040: tcs3701: stop power rail pending_off timer
11-24 17:50:01.852  1011  1189 D ASH     : @ 191454.040: tcs3701: start power rail timer, state:3
11-24 17:50:01.893  1011  1189 I ASH     : @ 191454.080: tcs3701: stop power rail pending_off timer
11-24 17:50:01.893  1011  1189 D ASH     : @ 191454.080: tcs3701: start power rail timer, state:3
11-24 17:50:01.929 10476 10512 I BatteryMgr:DataCollectionService: stats => 1700844601929,11291,4442,-2746,4169000,100
11-24 17:50:01.933  1011  1189 I ASH     : @ 191454.120: tcs3701: stop power rail pending_off timer
11-24 17:50:01.933  1011  1189 D ASH     : @ 191454.120: tcs3701: start power rail timer, state:3
11-24 17:50:01.967  2113  2118 I pixel-thermal: skin-therm-monitor: 39.95
11-24 17:50:01.972  1011  1189 I ASH     : @ 191454.160: tcs3701: stop power rail pending_off timer
11-24 17:50:01.972  1011  1189 D ASH     : @ 191454.160: tcs3701: start power rail timer, state:3
11-24 17:50:02.000 22080 22141 W chromium: [WARNING:ev_root_ca_metadata.cc(119)] Not implemented
11-24 17:50:02.008 22080 22140 W chromium: [WARNING:ev_root_ca_metadata.cc(119)] Not implemented
11-24 17:50:02.009 22080 22140 W chromium: [WARNING:ev_root_ca_metadata.cc(119)] Not implemented
11-24 17:50:02.012  1011  1189 I ASH     : @ 191454.201: tcs3701: stop power rail pending_off timer
11-24 17:50:02.012  1011  1189 D ASH     : @ 191454.201: tcs3701: start power rail timer, state:3
11-24 17:50:02.027 22080 22141 W chromium: [WARNING:ev_root_ca_metadata.cc(119)] Not implemented
11-24 17:50:02.034 10476 10512 I BatteryMgr:DataCollectionService: stats => 1700844602033,11291,4442,-2746,4169000,100
11-24 17:50:02.052  1011  1189 I ASH     : @ 191454.240: tcs3701: stop power rail pending_off timer
11-24 17:50:02.052  1011  1189 D ASH     : @ 191454.240: tcs3701: start power rail timer, state:3
11-24 17:50:02.057 22080 22140 W chromium: [WARNING:ev_root_ca_metadata.cc(119)] Not implemented
11-24 17:50:02.057 22080 22140 W chromium: [WARNING:ev_root_ca_metadata.cc(119)] Not implemented
11-24 17:50:02.067 22080 22141 W chromium: [WARNING:ev_root_ca_metadata.cc(119)] Not implemented
11-24 17:50:02.083 22080 22141 W chromium: [WARNING:ev_root_ca_metadata.cc(119)] Not implemented
11-24 17:50:02.092  1011  1189 I ASH     : @ 191454.280: tcs3701: stop power rail pending_off timer
11-24 17:50:02.092  1011  1189 D ASH     : @ 191454.280: tcs3701: start power rail timer, state:3
11-24 17:50:02.098 22080 22140 W chromium: [WARNING:ev_root_ca_metadata.cc(119)] Not implemented
11-24 17:50:02.128  1795  2855 D ActivityManager: freezer override set to true
11-24 17:50:02.132  1011  1189 I ASH     : @ 191454.320: tcs3701: stop power rail pending_off timer
11-24 17:50:02.132  1011  1189 D ASH     : @ 191454.320: tcs3701: start power rail timer, state:3
11-24 17:50:02.140 10476 10512 I BatteryMgr:DataCollectionService: stats => 1700844602140,11291,4442,-2746,4169000,100
11-24 17:50:02.143  1795  2855 D ActivityManager: freezer override set to false
11-24 17:50:02.172  1011  1189 I ASH     : @ 191454.360: tcs3701: stop power rail pending_off timer
11-24 17:50:02.172  1011  1189 D ASH     : @ 191454.360: tcs3701: start power rail timer, state:3
11-24 17:50:02.212  1011  1189 I ASH     : @ 191454.400: tcs3701: stop power rail pending_off timer
11-24 17:50:02.212  1011  1189 D ASH     : @ 191454.400: tcs3701: start power rail timer, state:3
11-24 17:50:02.249 10476 10512 I BatteryMgr:DataCollectionService: stats => 1700844602248,11291,4442,-2746,4169000,100
11-24 17:50:02.252  1011  1189 I ASH     : @ 191454.440: tcs3701: stop power rail pending_off timer
11-24 17:50:02.252  1011  1189 D ASH     : @ 191454.440: tcs3701: start power rail timer, state:3
11-24 17:50:02.292  1011  1189 I ASH     : @ 191454.480: tcs3701: stop power rail pending_off timer
11-24 17:50:02.292  1011  1189 D ASH     : @ 191454.480: tcs3701: start power rail timer, state:3
11-24 17:50:02.300 10642 10655 I native  : I0000 00:00:1700844602.300576   10655 device_profile_database_helpers.cc:563] Found nothing for mTS_ld
11-24 17:50:02.300 10642 10655 I native  : I0000 00:00:1700844602.300729   10655 device_profile_database_helpers.cc:563] Found nothing for redfin/redfin
11-24 17:50:02.300 10642 10655 I native  : I0000 00:00:1700844602.300743   10655 device_profile_database_helpers.cc:550] Considering b4SrL5:11
11-24 17:50:02.300 10642 10655 I native  : I0000 00:00:1700844602.300778   10655 device_profile_database_helpers.cc:509] Device profile for google/redfin/redfin:13/TQ3A.230901.001/10750268:user/release-keys: b4SrL5:11
11-24 17:50:02.309  1011  1189 I VSC     : @ 191454.498: {Fusion} configure fusion 15 16666us 0us.
11-24 17:50:02.309  1011  1189 D VSC     : @ 191454.498: [Game Rotation Vector Sensor] Request accel, interval 16.6 ms, latency 0.0 ms
11-24 17:50:02.310  1011  1189 D VSC     : @ 191454.498: [Game Rotation Vector Sensor] Request gyro, interval 5.0 ms, latency 0.0 ms
11-24 17:50:02.330  1011  1189 D ASH     : @ 191454.518: SensorType 1 resampler quality 2
11-24 17:50:02.333  1011  1189 I ASH     : @ 191454.520: tcs3701: stop power rail pending_off timer
11-24 17:50:02.333  1011  1189 D ASH     : @ 191454.520: tcs3701: start power rail timer, state:3
11-24 17:50:02.333  1011  1189 D ASH     : @ 191454.521: SensorType 195 resampler quality 1
11-24 17:50:02.344  1795  2855 D ActivityManager: freezer override set to true
11-24 17:50:02.354 10476 10512 I BatteryMgr:DataCollectionService: stats => 1700844602354,11291,4442,-2746,4169000,100
11-24 17:50:02.372  1011  1189 I ASH     : @ 191454.560: tcs3701: stop power rail pending_off timer
11-24 17:50:02.372  1011  1189 D ASH     : @ 191454.560: tcs3701: start power rail timer, state:3
11-24 17:50:02.391 22080 22089 W m.chrome.canary: Cleared Reference was only reachable from finalizer (only reported once)
11-24 17:50:02.412  1011  1189 I ASH     : @ 191454.600: tcs3701: stop power rail pending_off timer
11-24 17:50:02.412  1011  1189 D ASH     : @ 191454.600: tcs3701: start power rail timer, state:3
11-24 17:50:02.452  1011  1189 I ASH     : @ 191454.640: tcs3701: stop power rail pending_off timer
11-24 17:50:02.452  1011  1189 D ASH     : @ 191454.640: tcs3701: start power rail timer, state:3
11-24 17:50:02.460 10476 10512 I BatteryMgr:DataCollectionService: stats => 1700844602460,11291,4442,-2746,4169000,100
11-24 17:50:02.492  1011  1189 I ASH     : @ 191454.680: tcs3701: stop power rail pending_off timer
11-24 17:50:02.492  1011  1189 D ASH     : @ 191454.680: tcs3701: start power rail timer, state:3
11-24 17:50:02.532  1011  1189 I ASH     : @ 191454.720: tcs3701: stop power rail pending_off timer
11-24 17:50:02.533  1011  1189 D ASH     : @ 191454.720: tcs3701: start power rail timer, state:3
11-24 17:50:02.550 22080 22141 W chromium: [WARNING:ev_root_ca_metadata.cc(119)] Not implemented
11-24 17:50:02.564 10476 10512 I BatteryMgr:DataCollectionService: stats => 1700844602564,11291,4442,-2746,4169000,100
11-24 17:50:02.572  1011  1189 I ASH     : @ 191454.760: tcs3701: stop power rail pending_off timer
11-24 17:50:02.572  1011  1189 D ASH     : @ 191454.760: tcs3701: start power rail timer, state:3
11-24 17:50:02.590 22080 22094 I m.chrome.canary: Explicit concurrent copying GC freed 265909(5307KB) AllocSpace objects, 1(20KB) LOS objects, 75% free, 12MB/51MB, paused 148us,26us total 90.117ms
11-24 17:50:02.612  1011  1189 I ASH     : @ 191454.800: tcs3701: stop power rail pending_off timer
11-24 17:50:02.612  1011  1189 D ASH     : @ 191454.800: tcs3701: start power rail timer, state:3
11-24 17:50:02.652  1011  1189 I ASH     : @ 191454.840: tcs3701: stop power rail pending_off timer
11-24 17:50:02.652  1011  1189 D ASH     : @ 191454.840: tcs3701: start power rail timer, state:3
11-24 17:50:02.662  1795  2855 D ActivityManager: freezer override set to false
11-24 17:50:02.680 10476 10512 I BatteryMgr:DataCollectionService: stats => 1700844602680,11291,4442,-2746,4169000,100
11-24 17:50:02.692  1011  1189 I ASH     : @ 191454.880: tcs3701: stop power rail pending_off timer
11-24 17:50:02.692  1011  1189 D ASH     : @ 191454.880: tcs3701: start power rail timer, state:3
11-24 17:50:02.732  1011  1189 I ASH     : @ 191454.920: tcs3701: stop power rail pending_off timer
11-24 17:50:02.732  1011  1189 D ASH     : @ 191454.920: tcs3701: start power rail timer, state:3
11-24 17:50:02.745  1795  2855 D ActivityManager: freezer override set to true
11-24 17:50:02.750  1795  2855 D ActivityManager: freezer override set to false
11-24 17:50:02.773  1011  1189 I ASH     : @ 191454.960: tcs3701: stop power rail pending_off timer
11-24 17:50:02.773  1011  1189 D ASH     : @ 191454.960: tcs3701: start power rail timer, state:3
11-24 17:50:02.788 10476 10512 I BatteryMgr:DataCollectionService: stats => 1700844602787,11291,4442,-2746,4169000,100
11-24 17:50:02.800  1795  2424 D WifiClientModeImpl[13802:wlan0]: updateLinkLayerStatsRssiSpeedFrequencyCapabilities rssi=-43 TxLinkspeed=866 freq=5240 RxLinkSpeed=866
11-24 17:50:02.800  1795  2424 D WifiDataStall: tx tput in kbps: 717291
11-24 17:50:02.800  1795  2424 D WifiDataStall: rx tput in kbps: 771281
11-24 17:50:02.800  1795  2424 V WifiConfigManager: Updating scan detail cache freq=5240 BSSID=f4:6d:2f:12:cc:88 RSSI=-44 for "ourhome"WPA_PSK
11-24 17:50:02.801  2782  5906 D QCNEJ/WlanStaInfoRelay: Received action: android.net.wifi.RSSI_CHANGED
11-24 17:50:02.802  1795  2424 D WifiChannelUtilization:  freq: 5240 onTime: 5845779 busyTime: 594954 onTimeDiff: 2470987 busyTimeDiff: 279255 utilization: 28 utilization t0: 25
11-24 17:50:02.802  1795  2424 D WifiDataStall:  ccaLevel = 28
11-24 17:50:02.802  1795  2424 D WifiDataStall: L2 txTputKbps: 732717, rxTputKbps: 771281, L3 txTputKbps: 83, rxTputKbps: 215, TxTrafficHigh: true, RxTrafficHigh: true, Throughput Sufficient: true
11-24 17:50:02.802  2673  3056 V WifiManager: OnWifiUsabilityStatsListener: onWifiUsabilityStats: seqNum=56421
11-24 17:50:02.802  1795  2424 D WifiScoreReport: Wifi scoring disabled - Don't check IP layer
11-24 17:50:02.802  1795  2424 D WifiScoreCard: BSSID update SIGNAL_POLL ID: 1320464697 SSID: "ourhome", BSSID: f4:6d:2f:12:cc:88, MAC: b2:2f:ec:da:4a:0c, IP: /192.168.1.104, Security type: 2, Supplicant state: COMPLETED, Wi-Fi standard: 5, RSSI: -43, Link speed: 866Mbps, Tx Link speed: 866Mbps, Max Supported Tx Link speed: 866Mbps, Rx Link speed: 866Mbps, Max Supported Rx Link speed: 866Mbps, Frequency: 5240MHz, Net ID: 12, Metered hint: false, score: 60, isUsable: true, CarrierMerged: false, SubscriptionId: -1, IsPrimary: 1, Trusted: true, Restricted: false, Ephemeral: false, OEM paid: false, OEM private: false, OSU AP: false, FQDN: <none>, Provider friendly name: <none>, Requesting package name: <none>"ourhome"wpa2-pskMLO Information: , Is TID-To-Link negotiation supported by the AP: false, AP MLD Address: <none>, AP MLO Link Id: <none>, AP MLO Affiliated links: <none>
11-24 17:50:02.802  1795  2424 D WifiScoreCard: txRate: 33 txSpeed: 866
11-24 17:50:02.802  1795  2424 D WifiScoreCard: network update SIGNAL_POLL "ourhome" ID: 1499892569 RSSI -43 txSpeed 866
11-24 17:50:02.802  1795  2855 I WifiService: updateWifiUsabilityScore uid=10180 seqNum=56421 score=100 predictionHorizonSec=1441795
11-24 17:50:02.803  1795  2424 D WifiClientModeImpl[13802:wlan0]:  ClientModeImpl$L2ConnectedState screen=on 29 0 "ourhome" f4:6d:2f:12:cc:88 rssi=-43 f=5240 sc=60 link=866 tx=30.9, 1.9, 0.0 rx=18.9 bcn=1844813 [on:1336 tx:18 rx:9 period:3009] from screen [on:1236199 period:39844794] score=60
11-24 17:50:02.803  1795  2424 D WifiScoreReport: Wifi scoring disabled - Notify that Wifi is usable
11-24 17:50:02.806  1795  2432 D ConnectivityService: NetReassign [no changes] [c 0] [a 1] [i 2]
11-24 17:50:02.812  1011  1189 I ASH     : @ 191455.000: tcs3701: stop power rail pending_off timer
11-24 17:50:02.812  1011  1189 D ASH     : @ 191455.000: tcs3701: start power rail timer, state:3
11-24 17:50:02.852  1011  1189 I ASH     : @ 191455.040: tcs3701: stop power rail pending_off timer
11-24 17:50:02.852  1011  1189 D ASH     : @ 191455.040: tcs3701: start power rail timer, state:3
11-24 17:50:02.892  1011  1189 I ASH     : @ 191455.080: tcs3701: stop power rail pending_off timer
11-24 17:50:02.892  1011  1189 D ASH     : @ 191455.080: tcs3701: start power rail timer, state:3
11-24 17:50:02.893 10476 10512 I BatteryMgr:DataCollectionService: stats => 1700844602893,11291,4442,-2746,4169000,100
11-24 17:50:02.932  1011  1189 I ASH     : @ 191455.120: tcs3701: stop power rail pending_off timer
11-24 17:50:02.932  1011  1189 D ASH     : @ 191455.120: tcs3701: start power rail timer, state:3
11-24 17:50:02.972  1011  1189 I ASH     : @ 191455.160: tcs3701: stop power rail pending_off timer
11-24 17:50:02.972  1011  1189 D ASH     : @ 191455.160: tcs3701: start power rail timer, state:3
11-24 17:50:02.998 10476 10512 I BatteryMgr:DataCollectionService: stats => 1700844602998,11291,4442,-2746,4169000,100
11-24 17:50:03.012  1011  1189 I ASH     : @ 191455.200: tcs3701: stop power rail pending_off timer
11-24 17:50:03.012  1011  1189 D ASH     : @ 191455.200: tcs3701: start power rail timer, state:3
11-24 17:50:03.052  1011  1189 I ASH     : @ 191455.240: tcs3701: stop power rail pending_off timer
11-24 17:50:03.052  1011  1189 D ASH     : @ 191455.240: tcs3701: start power rail timer, state:3
11-24 17:50:03.092  1011  1189 I ASH     : @ 191455.280: tcs3701: stop power rail pending_off timer
11-24 17:50:03.092  1011  1189 D ASH     : @ 191455.280: tcs3701: start power rail timer, state:3
11-24 17:50:03.105 10476 10512 I BatteryMgr:DataCollectionService: stats => 1700844603104,11291,4442,-2746,4169000,100
11-24 17:50:03.114  1795  1853 D ActivityManager: freezer override set to true
11-24 17:50:03.120  1795  1853 D ActivityManager: freezer override set to false
11-24 17:50:03.132  1011  1189 I ASH     : @ 191455.320: tcs3701: stop power rail pending_off timer
11-24 17:50:03.132  1011  1189 D ASH     : @ 191455.320: tcs3701: start power rail timer, state:3
11-24 17:50:03.173  1011  1189 I ASH     : @ 191455.360: tcs3701: stop power rail pending_off timer
11-24 17:50:03.173  1011  1189 D ASH     : @ 191455.360: tcs3701: start power rail timer, state:3
11-24 17:50:03.212  1011  1189 I ASH     : @ 191455.400: tcs3701: stop power rail pending_off timer
11-24 17:50:03.212  1011  1189 D ASH     : @ 191455.400: tcs3701: start power rail timer, state:3
11-24 17:50:03.212 10476 10512 I BatteryMgr:DataCollectionService: stats => 1700844603212,11291,4442,-2746,4169000,100
11-24 17:50:03.252  1011  1189 I ASH     : @ 191455.440: tcs3701: stop power rail pending_off timer
11-24 17:50:03.252  1011  1189 D ASH     : @ 191455.440: tcs3701: start power rail timer, state:3
11-24 17:50:03.292  1011  1189 I ASH     : @ 191455.480: tcs3701: stop power rail pending_off timer
11-24 17:50:03.292  1011  1189 D ASH     : @ 191455.480: tcs3701: start power rail timer, state:3
11-24 17:50:03.322 10476 10512 I BatteryMgr:DataCollectionService: stats => 1700844603322,11291,4442,-2746,4169000,100
11-24 17:50:03.332  1011  1189 I ASH     : @ 191455.520: tcs3701: stop power rail pending_off timer
11-24 17:50:03.332  1011  1189 D ASH     : @ 191455.520: tcs3701: start power rail timer, state:3
11-24 17:50:03.372  1011  1189 I ASH     : @ 191455.560: tcs3701: stop power rail pending_off timer
11-24 17:50:03.372  1011  1189 D ASH     : @ 191455.560: tcs3701: start power rail timer, state:3
11-24 17:50:03.413  1011  1189 I ASH     : @ 191455.600: tcs3701: stop power rail pending_off timer
11-24 17:50:03.413  1011  1189 D ASH     : @ 191455.600: tcs3701: start power rail timer, state:3
11-24 17:50:03.431 10476 10512 I BatteryMgr:DataCollectionService: stats => 1700844603431,11291,4442,-2746,4169000,100
11-24 17:50:03.452  1011  1189 I ASH     : @ 191455.640: tcs3701: stop power rail pending_off timer
11-24 17:50:03.453  1011  1189 D ASH     : @ 191455.640: tcs3701: start power rail timer, state:3
11-24 17:50:03.492  1011  1189 I ASH     : @ 191455.680: tcs3701: stop power rail pending_off timer
11-24 17:50:03.492  1011  1189 D ASH     : @ 191455.680: tcs3701: start power rail timer, state:3
11-24 17:50:03.532  1011  1189 I ASH     : @ 191455.720: tcs3701: stop power rail pending_off timer
11-24 17:50:03.533  1011  1189 D ASH     : @ 191455.720: tcs3701: start power rail timer, state:3
11-24 17:50:03.536 10476 10512 I BatteryMgr:DataCollectionService: stats => 1700844603536,11291,4442,-2746,4169000,100
11-24 17:50:03.572  1011  1189 I ASH     : @ 191455.760: tcs3701: stop power rail pending_off timer
11-24 17:50:03.572  1011  1189 D ASH     : @ 191455.760: tcs3701: start power rail timer, state:3
11-24 17:50:03.612  1011  1189 I ASH     : @ 191455.800: tcs3701: stop power rail pending_off timer
11-24 17:50:03.612  1011  1189 D ASH     : @ 191455.800: tcs3701: start power rail timer, state:3
11-24 17:50:03.644 10476 10512 I BatteryMgr:DataCollectionService: stats => 1700844603644,11291,4442,-2746,4169000,100
11-24 17:50:03.652  1011  1189 I ASH     : @ 191455.840: tcs3701: stop power rail pending_off timer
11-24 17:50:03.652  1011  1189 D ASH     : @ 191455.840: tcs3701: start power rail timer, state:3
11-24 17:50:03.683 22080 22080 D CompatibilityChangeReporter: Compat change id reported: 194532703; UID 10010; state: ENABLED
11-24 17:50:03.684  1795  1853 D CompatibilityChangeReporter: Compat change id reported: 194532703; UID 10010; state: ENABLED
11-24 17:50:03.692  1011  1189 I ASH     : @ 191455.880: tcs3701: stop power rail pending_off timer
11-24 17:50:03.692  1011  1189 D ASH     : @ 191455.880: tcs3701: start power rail timer, state:3
11-24 17:50:03.716 22080 22080 I cr_omaha: Scheduled using JobService
11-24 17:50:03.717 22080 22080 E cr_BkgrdTaskJS: Tried finishing non-current BackgroundTask.
11-24 17:50:03.732  1011  1189 I ASH     : @ 191455.920: tcs3701: stop power rail pending_off timer
11-24 17:50:03.732  1011  1189 D ASH     : @ 191455.920: tcs3701: start power rail timer, state:3
11-24 17:50:03.753 10476 10512 I BatteryMgr:DataCollectionService: stats => 1700844603753,11291,4442,-2746,4169000,100
11-24 17:50:03.772  1011  1189 I ASH     : @ 191455.960: tcs3701: stop power rail pending_off timer
11-24 17:50:03.772  1011  1189 D ASH     : @ 191455.960: tcs3701: start power rail timer, state:3
11-24 17:50:03.812  1011  1189 I ASH     : @ 191456.000: tcs3701: stop power rail pending_off timer
11-24 17:50:03.812  1011  1189 D ASH     : @ 191456.000: tcs3701: start power rail timer, state:3
11-24 17:50:03.821  1795  1848 I system_server: Background young concurrent copying GC freed 1847219(68MB) AllocSpace objects, 1109(21MB) LOS objects, 65% free, 47MB/137MB, paused 95us,956us total 128.917ms
11-24 17:50:03.852  1011  1189 I ASH     : @ 191456.040: tcs3701: stop power rail pending_off timer
11-24 17:50:03.852  1011  1189 D ASH     : @ 191456.040: tcs3701: start power rail timer, state:3
11-24 17:50:03.865 10476 10512 I BatteryMgr:DataCollectionService: stats => 1700844603864,11291,4442,-2746,4169000,100
11-24 17:50:03.892  1011  1189 I ASH     : @ 191456.080: tcs3701: stop power rail pending_off timer
11-24 17:50:03.892  1011  1189 D ASH     : @ 191456.080: tcs3701: start power rail timer, state:3
11-24 17:50:03.908  1795  1850 W System  : A resource failed to call release. 
11-24 17:50:03.916  1795  1850 W System  : A resource failed to call release. 
11-24 17:50:03.932  1011  1189 I ASH     : @ 191456.120: tcs3701: stop power rail pending_off timer
11-24 17:50:03.932  1011  1189 D ASH     : @ 191456.120: tcs3701: start power rail timer, state:3
11-24 17:50:03.970  2113  2118 I pixel-thermal: skin-therm-monitor: 39.927
11-24 17:50:03.974  1011  1189 I ASH     : @ 191456.160: tcs3701: stop power rail pending_off timer
11-24 17:50:03.974  1011  1189 D ASH     : @ 191456.160: tcs3701: start power rail timer, state:3
11-24 17:50:03.978 10476 10512 I BatteryMgr:DataCollectionService: stats => 1700844603978,11291,4442,-2746,4169000,100
11-24 17:50:04.001  1795  1853 D ActivityManager: freezer override set to true
11-24 17:50:04.012  1011  1189 I ASH     : @ 191456.200: tcs3701: stop power rail pending_off timer
11-24 17:50:04.012  1011  1189 D ASH     : @ 191456.200: tcs3701: start power rail timer, state:3
11-24 17:50:04.052  1011  1189 I ASH     : @ 191456.240: tcs3701: stop power rail pending_off timer
11-24 17:50:04.052  1011  1189 D ASH     : @ 191456.240: tcs3701: start power rail timer, state:3
11-24 17:50:04.082 10476 10512 I BatteryMgr:DataCollectionService: stats => 1700844604082,11291,4442,-2746,4169000,100
11-24 17:50:04.092  1011  1189 I ASH     : @ 191456.280: tcs3701: stop power rail pending_off timer
11-24 17:50:04.092  1011  1189 D ASH     : @ 191456.280: tcs3701: start power rail timer, state:3
11-24 17:50:04.133  1011  1189 I ASH     : @ 191456.320: tcs3701: stop power rail pending_off timer
11-24 17:50:04.133  1011  1189 D ASH     : @ 191456.320: tcs3701: start power rail timer, state:3
11-24 17:50:04.158  1795  2424 D WifiNetworkSelector: Current connected network: 12
11-24 17:50:04.158  1795  2424 V WifiConnectivityManager: No partial scan because firmware roaming is supported.
11-24 17:50:04.158  1795  2424 V WifiConnectivityManager: schedulePeriodicScanTimer intervalMs 20000
11-24 17:50:04.172  1011  1189 I ASH     : @ 191456.360: tcs3701: stop power rail pending_off timer
11-24 17:50:04.172  1011  1189 D ASH     : @ 191456.360: tcs3701: start power rail timer, state:3
11-24 17:50:04.195 10476 10512 I BatteryMgr:DataCollectionService: stats => 1700844604195,11291,4442,-2746,4169000,100
11-24 17:50:04.212  1011  1189 I ASH     : @ 191456.400: tcs3701: stop power rail pending_off timer
11-24 17:50:04.212  1011  1189 D ASH     : @ 191456.400: tcs3701: start power rail timer, state:3
11-24 17:50:04.252  1011  1189 I ASH     : @ 191456.440: tcs3701: stop power rail pending_off timer
11-24 17:50:04.252  1011  1189 D ASH     : @ 191456.440: tcs3701: start power rail timer, state:3
11-24 17:50:04.280 22080 22089 I m.chrome.canary: Background young concurrent copying GC freed 2003826(37MB) AllocSpace objects, 4(144KB) LOS objects, 72% free, 13MB/51MB, paused 106us,55us total 224.207ms
11-24 17:50:04.292  1011  1189 I ASH     : @ 191456.480: tcs3701: stop power rail pending_off timer
11-24 17:50:04.292  1011  1189 D ASH     : @ 191456.480: tcs3701: start power rail timer, state:3
11-24 17:50:04.306 10476 10512 I BatteryMgr:DataCollectionService: stats => 1700844604306,11291,4442,-2746,4169000,100
11-24 17:50:04.333  1011  1189 I ASH     : @ 191456.520: tcs3701: stop power rail pending_off timer
11-24 17:50:04.333  1011  1189 D ASH     : @ 191456.520: tcs3701: start power rail timer, state:3
11-24 17:50:04.372  1011  1189 I ASH     : @ 191456.560: tcs3701: stop power rail pending_off timer
11-24 17:50:04.372  1011  1189 D ASH     : @ 191456.560: tcs3701: start power rail timer, state:3
11-24 17:50:04.412  1011  1189 I ASH     : @ 191456.600: tcs3701: stop power rail pending_off timer
11-24 17:50:04.412  1011  1189 D ASH     : @ 191456.601: tcs3701: start power rail timer, state:3
11-24 17:50:04.415 10476 10512 I BatteryMgr:DataCollectionService: stats => 1700844604415,11291,4442,-2746,4169000,100
11-24 17:50:04.452  1011  1189 I ASH     : @ 191456.640: tcs3701: stop power rail pending_off timer
11-24 17:50:04.452  1011  1189 D ASH     : @ 191456.640: tcs3701: start power rail timer, state:3
11-24 17:50:04.492  1011  1189 I ASH     : @ 191456.681: tcs3701: stop power rail pending_off timer
11-24 17:50:04.492  1011  1189 D ASH     : @ 191456.681: tcs3701: start power rail timer, state:3
11-24 17:50:04.517 22080 22434 I m.chrome.canary: Explicit concurrent copying GC freed 35661(1181KB) AllocSpace objects, 7(192KB) LOS objects, 75% free, 12MB/50MB, paused 128us,53us total 169.466ms
11-24 17:50:04.532  1011  1189 I ASH     : @ 191456.720: tcs3701: stop power rail pending_off timer
11-24 17:50:04.532  1011  1189 D ASH     : @ 191456.720: tcs3701: start power rail timer, state:3
11-24 17:50:04.537 10476 10512 I BatteryMgr:DataCollectionService: stats => 1700844604537,11291,4442,-2746,4169000,100
11-24 17:50:04.572  1011  1189 I ASH     : @ 191456.760: tcs3701: stop power rail pending_off timer
11-24 17:50:04.572  1011  1189 D ASH     : @ 191456.760: tcs3701: start power rail timer, state:3
11-24 17:50:04.612  1011  1189 I ASH     : @ 191456.800: tcs3701: stop power rail pending_off timer
11-24 17:50:04.612  1011  1189 D ASH     : @ 191456.800: tcs3701: start power rail timer, state:3
11-24 17:50:04.616  1795  1853 D ActivityManager: freezer override set to false
11-24 17:50:04.651 10476 10512 I BatteryMgr:DataCollectionService: stats => 1700844604651,11291,4442,-2746,4169000,100
11-24 17:50:04.652  1011  1189 I ASH     : @ 191456.840: tcs3701: stop power rail pending_off timer
11-24 17:50:04.652  1011  1189 D ASH     : @ 191456.840: tcs3701: start power rail timer, state:3
11-24 17:50:04.689  1795  1853 D ActivityManager: freezer override set to true
11-24 17:50:04.692  1011  1189 I ASH     : @ 191456.880: tcs3701: stop power rail pending_off timer
11-24 17:50:04.692  1011  1189 D ASH     : @ 191456.880: tcs3701: start power rail timer, state:3
11-24 17:50:04.702  1795  1853 D ActivityManager: freezer override set to false
11-24 17:50:04.732  1011  1189 I ASH     : @ 191456.920: tcs3701: stop power rail pending_off timer
11-24 17:50:04.732  1011  1189 D ASH     : @ 191456.920: tcs3701: start power rail timer, state:3
11-24 17:50:04.755 10476 10512 I BatteryMgr:DataCollectionService: stats => 1700844604754,11291,4442,-2746,4169000,100
11-24 17:50:04.772  1011  1189 I ASH     : @ 191456.960: tcs3701: stop power rail pending_off timer
11-24 17:50:04.772  1011  1189 D ASH     : @ 191456.960: tcs3701: start power rail timer, state:3
11-24 17:50:04.812  1011  1189 I ASH     : @ 191457.000: tcs3701: stop power rail pending_off timer
11-24 17:50:04.812  1011  1189 D ASH     : @ 191457.000: tcs3701: start power rail timer, state:3
11-24 17:50:04.852  1011  1189 I ASH     : @ 191457.040: tcs3701: stop power rail pending_off timer
11-24 17:50:04.852  1011  1189 D ASH     : @ 191457.040: tcs3701: start power rail timer, state:3
11-24 17:50:04.861 10476 10512 I BatteryMgr:DataCollectionService: stats => 1700844604861,11291,4442,-2746,4169000,100
11-24 17:50:04.892  1011  1189 I ASH     : @ 191457.080: tcs3701: stop power rail pending_off timer
11-24 17:50:04.892  1011  1189 D ASH     : @ 191457.080: tcs3701: start power rail timer, state:3
11-24 17:50:04.932  1011  1189 I ASH     : @ 191457.120: tcs3701: stop power rail pending_off timer
11-24 17:50:04.932  1011  1189 D ASH     : @ 191457.120: tcs3701: start power rail timer, state:3
11-24 17:50:04.972 10476 10512 I BatteryMgr:DataCollectionService: stats => 1700844604972,11291,4442,-2746,4169000,100
11-24 17:50:04.973  1011  1189 I ASH     : @ 191457.160: tcs3701: stop power rail pending_off timer
11-24 17:50:04.973  1011  1189 D ASH     : @ 191457.160: tcs3701: start power rail timer, state:3
11-24 17:50:05.013  1011  1189 I ASH     : @ 191457.200: tcs3701: stop power rail pending_off timer
11-24 17:50:05.013  1011  1189 D ASH     : @ 191457.200: tcs3701: start power rail timer, state:3
11-24 17:50:05.052  1011  1189 I ASH     : @ 191457.240: tcs3701: stop power rail pending_off timer
11-24 17:50:05.052  1011  1189 D ASH     : @ 191457.240: tcs3701: start power rail timer, state:3
11-24 17:50:05.083 10476 10512 I BatteryMgr:DataCollectionService: stats => 1700844605083,11291,4442,-2746,4169000,100
11-24 17:50:05.092  1011  1189 I ASH     : @ 191457.280: tcs3701: stop power rail pending_off timer
11-24 17:50:05.092  1011  1189 D ASH     : @ 191457.280: tcs3701: start power rail timer, state:3
11-24 17:50:05.132  1011  1189 I ASH     : @ 191457.320: tcs3701: stop power rail pending_off timer
11-24 17:50:05.132  1011  1189 D ASH     : @ 191457.320: tcs3701: start power rail timer, state:3
11-24 17:50:05.140  1795  1853 D ActivityManager: freezer override set to true
11-24 17:50:05.143  1795  1853 D ActivityManager: freezer override set to false
11-24 17:50:05.172  1011  1189 I ASH     : @ 191457.360: tcs3701: stop power rail pending_off timer
11-24 17:50:05.172  1011  1189 D ASH     : @ 191457.360: tcs3701: start power rail timer, state:3
11-24 17:50:05.191 10476 10512 I BatteryMgr:DataCollectionService: stats => 1700844605191,11291,4442,-2746,4169000,100
11-24 17:50:05.212  1011  1189 I ASH     : @ 191457.400: tcs3701: stop power rail pending_off timer
11-24 17:50:05.212  1011  1189 D ASH     : @ 191457.400: tcs3701: start power rail timer, state:3
11-24 17:50:05.253  1011  1189 I ASH     : @ 191457.440: tcs3701: stop power rail pending_off timer
11-24 17:50:05.253  1011  1189 D ASH     : @ 191457.440: tcs3701: start power rail timer, state:3
11-24 17:50:05.295  1011  1189 I ASH     : @ 191457.480: tcs3701: stop power rail pending_off timer
11-24 17:50:05.295  1011  1189 D ASH     : @ 191457.480: tcs3701: start power rail timer, state:3
11-24 17:50:05.303 10476 10512 I BatteryMgr:DataCollectionService: stats => 1700844605303,11291,4442,-2746,4169000,100
11-24 17:50:05.333  1011  1189 I ASH     : @ 191457.520: tcs3701: stop power rail pending_off timer
11-24 17:50:05.333  1011  1189 D ASH     : @ 191457.520: tcs3701: start power rail timer, state:3
11-24 17:50:05.372  1011  1189 I ASH     : @ 191457.560: tcs3701: stop power rail pending_off timer
11-24 17:50:05.372  1011  1189 D ASH     : @ 191457.560: tcs3701: start power rail timer, state:3
11-24 17:50:05.412  1011  1189 I ASH     : @ 191457.600: tcs3701: stop power rail pending_off timer
11-24 17:50:05.412  1011  1189 D ASH     : @ 191457.600: tcs3701: start power rail timer, state:3
11-24 17:50:05.418 10476 10512 I BatteryMgr:DataCollectionService: stats => 1700844605418,11291,4442,-2746,4169000,100
11-24 17:50:05.452  1011  1189 I ASH     : @ 191457.640: tcs3701: stop power rail pending_off timer
11-24 17:50:05.452  1011  1189 D ASH     : @ 191457.640: tcs3701: start power rail timer, state:3
11-24 17:50:05.492  1011  1189 I ASH     : @ 191457.680: tcs3701: stop power rail pending_off timer
11-24 17:50:05.492  1011  1189 D ASH     : @ 191457.680: tcs3701: start power rail timer, state:3
11-24 17:50:05.529 10476 10512 I BatteryMgr:DataCollectionService: stats => 1700844605529,11291,4442,-2746,4169000,100
11-24 17:50:05.532  1011  1189 I ASH     : @ 191457.720: tcs3701: stop power rail pending_off timer
11-24 17:50:05.532  1011  1189 D ASH     : @ 191457.720: tcs3701: start power rail timer, state:3
11-24 17:50:05.572  1011  1189 I ASH     : @ 191457.760: tcs3701: stop power rail pending_off timer
11-24 17:50:05.572  1011  1189 D ASH     : @ 191457.760: tcs3701: start power rail timer, state:3
11-24 17:50:05.612  1011  1189 I ASH     : @ 191457.800: tcs3701: stop power rail pending_off timer
11-24 17:50:05.612  1011  1189 D ASH     : @ 191457.800: tcs3701: start power rail timer, state:3
11-24 17:50:05.641 10476 10512 I BatteryMgr:DataCollectionService: stats => 1700844605641,11291,4442,-2746,4169000,100
11-24 17:50:05.652  1011  1189 I ASH     : @ 191457.840: tcs3701: stop power rail pending_off timer
11-24 17:50:05.652  1011  1189 D ASH     : @ 191457.840: tcs3701: start power rail timer, state:3
11-24 17:50:05.692  1011  1189 I ASH     : @ 191457.880: tcs3701: stop power rail pending_off timer
11-24 17:50:05.692  1011  1189 D ASH     : @ 191457.880: tcs3701: start power rail timer, state:3
11-24 17:50:05.732  1011  1189 I ASH     : @ 191457.920: tcs3701: stop power rail pending_off timer
11-24 17:50:05.732  1011  1189 D ASH     : @ 191457.920: tcs3701: start power rail timer, state:3
11-24 17:50:05.754 10476 10512 I BatteryMgr:DataCollectionService: stats => 1700844605754,11291,4442,-2746,4169000,100
11-24 17:50:05.773  1011  1189 I ASH     : @ 191457.960: tcs3701: stop power rail pending_off timer
11-24 17:50:05.773  1011  1189 D ASH     : @ 191457.960: tcs3701: start power rail timer, state:3
11-24 17:50:05.813  1011  1189 I ASH     : @ 191458.000: tcs3701: stop power rail pending_off timer
11-24 17:50:05.813  1011  1189 D ASH     : @ 191458.000: tcs3701: start power rail timer, state:3
11-24 17:50:05.816  1795  2424 D WifiClientModeImpl[13802:wlan0]: updateLinkLayerStatsRssiSpeedFrequencyCapabilities rssi=-47 TxLinkspeed=866 freq=5240 RxLinkSpeed=866
11-24 17:50:05.817  1795  2424 D WifiDataStall: tx tput in kbps: 732717
11-24 17:50:05.817  1795  2424 D WifiDataStall: rx tput in kbps: 771281
11-24 17:50:05.817  1795  2424 V WifiConfigManager: Updating scan detail cache freq=5240 BSSID=f4:6d:2f:12:cc:88 RSSI=-45 for "ourhome"WPA_PSK
11-24 17:50:05.817  2782  5906 D QCNEJ/WlanStaInfoRelay: Received action: android.net.wifi.RSSI_CHANGED
11-24 17:50:05.819  1795  2424 D WifiChannelUtilization:  freq: 5240 onTime: 5846649 busyTime: 595000 onTimeDiff: 2471857 busyTimeDiff: 279301 utilization: 28 utilization t0: 25
11-24 17:50:05.819  1795  2424 D WifiDataStall:  ccaLevel = 28
11-24 17:50:05.819  2673  3056 V WifiManager: OnWifiUsabilityStatsListener: onWifiUsabilityStats: seqNum=56422
11-24 17:50:05.819  1795  2424 D WifiDataStall: L2 txTputKbps: 717291, rxTputKbps: 771281, L3 txTputKbps: 7, rxTputKbps: 24, TxTrafficHigh: true, RxTrafficHigh: true, Throughput Sufficient: true
11-24 17:50:05.819  1795  2424 D WifiScoreReport: Wifi scoring disabled - Don't check IP layer
11-24 17:50:05.819  1795  2424 D WifiScoreCard: BSSID update SIGNAL_POLL ID: 1320464697 SSID: "ourhome", BSSID: f4:6d:2f:12:cc:88, MAC: b2:2f:ec:da:4a:0c, IP: /192.168.1.104, Security type: 2, Supplicant state: COMPLETED, Wi-Fi standard: 5, RSSI: -47, Link speed: 866Mbps, Tx Link speed: 866Mbps, Max Supported Tx Link speed: 866Mbps, Rx Link speed: 866Mbps, Max Supported Rx Link speed: 866Mbps, Frequency: 5240MHz, Net ID: 12, Metered hint: false, score: 60, isUsable: true, CarrierMerged: false, SubscriptionId: -1, IsPrimary: 1, Trusted: true, Restricted: false, Ephemeral: false, OEM paid: false, OEM private: false, OSU AP: false, FQDN: <none>, Provider friendly name: <none>, Requesting package name: <none>"ourhome"wpa2-pskMLO Information: , Is TID-To-Link negotiation supported by the AP: false, AP MLD Address: <none>, AP MLO Link Id: <none>, AP MLO Affiliated links: <none>
11-24 17:50:05.819  1795  2424 D WifiScoreCard: txRate: 18 txSpeed: 866
11-24 17:50:05.819  1795  2424 D WifiScoreCard: network update SIGNAL_POLL "ourhome" ID: 1499892569 RSSI -47 txSpeed 866
11-24 17:50:05.820  1795  4172 I WifiService: updateWifiUsabilityScore uid=10180 seqNum=56422 score=100 predictionHorizonSec=1441795
