11-24 17:49:58.378 22163 22189 W AdrenoUtils: <ReadGpuID_from_sysfs:197>: Failed to open /sys/class/kgsl/kgsl-3d0/gpu_model
11-24 17:49:58.378 22163 22189 W AdrenoUtils: <ReadGpuID:221>: Failed to read chip ID from gpu_model. Fallback to use the GSL path
11-24 17:49:58.403 22163 22189 D vulkan  : searching for layers in '/data/app/~~dutrJzl_xJkEyCCvIkexCw==/com.chrome.canary-4jcd8srf2WXxld2NC1r69A==/lib/arm64'
11-24 17:49:58.403 22163 22189 D vulkan  : searching for layers in '/data/app/~~dutrJzl_xJkEyCCvIkexCw==/com.chrome.canary-4jcd8srf2WXxld2NC1r69A==/base.apk!/lib/arm64-v8a'
11-24 17:49:58.403 22163 22189 D vulkan  : searching for layers in '/data/app/~~-FnXeb6__ecKd-dFZ4kZZA==/com.google.android.trichromelibrary.canary_613700033-7Q2vBiD9q0nCftKFg-pq8w==/base.apk!/lib/arm64-v8a'
11-24 17:49:58.408 22163 22189 I AdrenoVK-0: ===== BEGIN DUMP OF OVERRIDDEN SETTINGS =====
11-24 17:49:58.408 22163 22189 I AdrenoVK-0: ===== END DUMP OF OVERRIDDEN SETTINGS =====
11-24 17:49:58.408 22163 22189 I AdrenoVK-0: QUALCOMM build          : 4783c89, I46ff5fc46f
11-24 17:49:58.408 22163 22189 I AdrenoVK-0: Build Date              : 11/30/20
11-24 17:49:58.408 22163 22189 I AdrenoVK-0: Shader Compiler Version : EV031.31.04.01
11-24 17:49:58.408 22163 22189 I AdrenoVK-0: Local Branch            : QPR2
11-24 17:49:58.408 22163 22189 I AdrenoVK-0: Remote Branch           : 
11-24 17:49:58.408 22163 22189 I AdrenoVK-0: Remote Branch           : 
11-24 17:49:58.408 22163 22189 I AdrenoVK-0: Reconstruct Branch      : 
11-24 17:49:58.408 22163 22189 I AdrenoVK-0: Build Config            : S P 10.0.4 AArch64
11-24 17:49:58.408 22163 22189 I AdrenoVK-0: Driver Path             : /vendor/lib64/hw/vulkan.adreno.so
11-24 17:49:58.412  1011  1189 I ASH     : @ 191450.600: tcs3701: stop power rail pending_off timer
11-24 17:49:58.412  1011  1189 D ASH     : @ 191450.600: tcs3701: start power rail timer, state:3
11-24 17:49:58.414 22080 22080 I cr_ChromeTabbedActivity: #initializeState
11-24 17:49:58.421 22163 22199 W Parcel  : Expecting binder but got null!
11-24 17:49:58.446 22080 22080 E m.chrome.canary: Invalid ID 0x00000000.
11-24 17:49:58.452  1011  1189 I ASH     : @ 191450.640: tcs3701: stop power rail pending_off timer
11-24 17:49:58.452  1011  1189 D ASH     : @ 191450.640: tcs3701: start power rail timer, state:3
11-24 17:49:58.454 13730 13730 D BoundBrokerSvc: onBind: Intent { act=com.google.android.gms.languageprofile.service.START pkg=com.google.android.gms }
11-24 17:49:58.454 13730 13730 D BoundBrokerSvc: Loading bound service for intent: Intent { act=com.google.android.gms.languageprofile.service.START pkg=com.google.android.gms }
11-24 17:49:58.455 13730 13730 E AbstractGmsTracer: Traced class shouldn't be obfuscated: LanguageProfileChimeraService [CONTEXT service_id=259 ]
11-24 17:49:58.461 13730 13730 E AbstractGmsTracer: Traced class shouldn't be obfuscated: GmsIntentOperationChimeraService [CONTEXT service_id=259 ]
11-24 17:49:58.467 13730 22202 E AbstractGmsTracer: Traced class shouldn't be obfuscated: AccountsChangedIntentOperation [CONTEXT service_id=259 ]
11-24 17:49:58.467 22080 22080 V MediaRouter: Selecting route: RouteInfo{ name=Phone, description=null, status=null, category=RouteCategory{ name=System types=ROUTE_TYPE_LIVE_AUDIO ROUTE_TYPE_LIVE_VIDEO  groupable=false }, supportedTypes=ROUTE_TYPE_LIVE_AUDIO ROUTE_TYPE_LIVE_VIDEO , presentationDisplay=null }
11-24 17:49:58.468 22080 22080 I MediaRouter: Skip setBluetoothA2dpOn(): types=8388615, isPlaybackActive()=false, BT route=null
11-24 17:49:58.468 22080 22080 W m.chrome.canary: Accessing hidden field Landroid/media/MediaRouter;->sStatic:Landroid/media/MediaRouter$Static; (max-target-o, reflection, denied)
11-24 17:49:58.469 22080 22080 I GlobalMediaRouter: Found default route: MediaRouter.RouteInfo{ uniqueId=DEFAULT_ROUTE, name=Phone, description=null, iconUri=null, enabled=true, isSystemRoute=true, connectionState=0, canDisconnect=false, playbackType=0, playbackStream=3, deviceType=0, volumeHandling=1, volume=0, volumeMax=25, presentationDisplayId=-1, extras=null, settingsIntent=null, providerPackageName=android }
11-24 17:49:58.469 22080 22080 I GlobalMediaRouter: Unselecting the current route because it is no longer selectable: null
11-24 17:49:58.478 22080 22150 W cr_media: BLUETOOTH_CONNECT permission is missing.
11-24 17:49:58.479 22080 22150 W cr_media: registerBluetoothIntentsIfNeeded: Requires BLUETOOTH permission
11-24 17:49:58.486 22152 22187 I cr_LibraryLoader: Successfully loaded native library
11-24 17:49:58.487 22152 22187 I cr_CachingUmaRecorder: Flushed 3 samples from 3 histograms, 0 samples were dropped.
11-24 17:49:58.489  1795  4172 W InputManager-JNI: Input channel object 'cc83245 Splash Screen com.chrome.canary (client)' was disposed without first being removed with the input manager!
11-24 17:49:58.492  1011  1189 I ASH     : @ 191450.680: tcs3701: stop power rail pending_off timer
11-24 17:49:58.492  1011  1189 D ASH     : @ 191450.680: tcs3701: start power rail timer, state:3
11-24 17:49:58.494  3875  3875 I dzhj    : onStop
11-24 17:49:58.495  2940  3994 D OneSearchSuggestProvider: Shut down the binder channel
11-24 17:49:58.495  2940  9057 I s.nexuslauncher: oneway function results for code 2 on binder at 0xb4000070951edbb0 will be dropped but finished with status UNKNOWN_TRANSACTION
11-24 17:49:58.497  3657  4525 D ForegroundUtils: Foreground UID status:
11-24 17:49:58.497  3657  4525 D ForegroundUtils: UID: 10010 is in foreground: true
11-24 17:49:58.497  3657  4525 D ForegroundUtils: UID: 10128 is in foreground: true
11-24 17:49:58.497  3657  4525 D ForegroundUtils: UID: 10145 is in foreground: true
11-24 17:49:58.497  3657  4525 D ForegroundUtils: UID: 10158 is in foreground: true
11-24 17:49:58.497  3657  4525 D ForegroundUtils: UID: 10189 is in foreground: false
11-24 17:49:58.497  3657  4525 D ForegroundUtils: UID: 10194 is in foreground: true
11-24 17:49:58.497  3657  4525 D ForegroundUtils: UID: 10206 is in foreground: false
11-24 17:49:58.497  3657  4525 D ForegroundUtils: UID: 10233 is in foreground: true
11-24 17:49:58.497  3657  4525 D ForegroundUtils: UID: 10244 is in foreground: false
11-24 17:49:58.497  3657  4525 D ForegroundUtils: UID: 10319 is in foreground: true
11-24 17:49:58.497  3657  4525 D ForegroundUtils: UID: 90000 is in foreground: true
11-24 17:49:58.524  3563  2297 D MediaProvider: Open with FUSE. FilePath: /storage/emulated/0/Download/batterymanager-companion-1.0.0.zip. Uid: 10010. Media Capabilities Uid: 0. ShouldRedact: false. ShouldTranscode: false
11-24 17:49:58.532  1011  1189 I ASH     : @ 191450.720: tcs3701: stop power rail pending_off timer
11-24 17:49:58.532  1011  1189 D ASH     : @ 191450.720: tcs3701: start power rail timer, state:3
11-24 17:49:58.537 22080 22148 W chromium: [WARNING:ev_root_ca_metadata.cc(119)] Not implemented
11-24 17:49:58.538  3563  2297 D MediaProvider: Open with FUSE. FilePath: /storage/emulated/0/Download/com.example.batterymanager_utility (1).apk. Uid: 10010. Media Capabilities Uid: 0. ShouldRedact: false. ShouldTranscode: false
11-24 17:49:58.546 13502 13517 I FontLog : (REDACTED) Received query %s, URI %s
11-24 17:49:58.546 13502 13517 I FontLog : (REDACTED) Query [%s] resolved to %s
11-24 17:49:58.546 13502 13517 I FontLog : (REDACTED) Font PFD returned from cache for %s
11-24 17:49:58.546 13502 13517 I FontLog : (REDACTED) Fetch %s end status %s
11-24 17:49:58.550 13502 13517 I FontLog : (REDACTED) Pulling font file for id = %d, cache size = %d
11-24 17:49:58.559 13502 13517 I FontLog : (REDACTED) Received query %s, URI %s
11-24 17:49:58.559 13502 13517 I FontLog : (REDACTED) Query [%s] resolved to %s
11-24 17:49:58.561  3563  2297 D MediaProvider: Open with FUSE. FilePath: /storage/emulated/0/Download/com.example.batterymanager_utility.apk. Uid: 10010. Media Capabilities Uid: 0. ShouldRedact: false. ShouldTranscode: false
11-24 17:49:58.561 13502 13517 I FontLog : (REDACTED) Fetch %s end status %s
11-24 17:49:58.570 13502 13517 I FontLog : (REDACTED) Pulling font file for id = %d, cache size = %d
11-24 17:49:58.572  1011  1189 I ASH     : @ 191450.760: tcs3701: stop power rail pending_off timer
11-24 17:49:58.572  1011  1189 D ASH     : @ 191450.760: tcs3701: start power rail timer, state:3
11-24 17:49:58.573 22080 22080 I cr_OfflineIndicator: onConnectionTypeChanged 2
11-24 17:49:58.574 22080 22080 I cr_OfflineIndicator: Reported by system: [ Transports: WIFI Capabilities: NOT_METERED&INTERNET&NOT_RESTRICTED&TRUSTED&NOT_VPN&VALIDATED&NOT_ROAMING&FOREGROUND&NOT_CONGESTED&NOT_SUSPENDED&NOT_VCN_MANAGED LinkUpBandwidth>=12000Kbps LinkDnBandwidth>=61170Kbps TransportInfo: <SSID: <unknown ssid>, BSSID: 02:00:00:00:00:00, MAC: 02:00:00:00:00:00, IP: /192.168.1.104, Security type: 2, Supplicant state: COMPLETED, Wi-Fi standard: 5, RSSI: -47, Link speed: 866Mbps, Tx Link speed: 866Mbps, Max Supported Tx Link speed: 866Mbps, Rx Link speed: 866Mbps, Max Supported Rx Link speed: 866Mbps, Frequency: 5240MHz, Net ID: -1, Metered hint: false, score: 60, isUsable: true, CarrierMerged: false, SubscriptionId: -1, IsPrimary: -1, Trusted: true, Restricted: false, Ephemeral: false, OEM paid: false, OEM private: false, OSU AP: false, FQDN: <none>, Provider friendly name: <none>, Requesting package name: <none><none>MLO Information: , Is TID-To-Link negotiation supported by the AP: false, AP MLD Address: <none>, AP MLO Link Id: <none>, AP MLO Affiliated links: <none>> SignalStrength: -47 UnderlyingNetworks: Null]
11-24 17:49:58.574 22080 22080 I cr_OfflineIndicator: setConnectionState connectionState=4
11-24 17:49:58.574 22080 22080 W Settings: Setting airplane_mode_on has moved from android.provider.Settings.System to android.provider.Settings.Global, returning read-only value.
11-24 17:49:58.574 22080 22080 I cr_OfflineDetector: Received connection change state message. mConnectivityDetectorInitialized: true, mTimeWhenLastForegrounded: 191447388, getElapsedTime: 191447389, mTimeWhenLastOfflineNotificationReceived: 0, mTimeWhenLastOnline: 191447389, mTimeWhenAirplaneModeToggledOff: 0 mApplicationState: 1, mIsOfflineLastReportedByConnectivityDetector: false, mInAirplaneMode: false mIsEffectivelyOffline: false
11-24 17:49:58.574 22080 22080 I cr_OfflineDetector: onConnectionStateChanged(): previousLastReportedStateByOfflineDetector: false
11-24 17:49:58.575 22080 22080 I cr_OfflineDetector: Running updateState mConnectivityDetectorInitialized: true, mTimeWhenLastForegrounded: 191447388, getElapsedTime: 191447389, mTimeWhenLastOfflineNotificationReceived: 0, mTimeWhenLastOnline: 191447389, mTimeWhenAirplaneModeToggledOff: 0 mApplicationState: 1, mIsOfflineLastReportedByConnectivityDetector: false, mInAirplaneMode: false mIsEffectivelyOffline: false
11-24 17:49:58.575 22080 22080 I cr_OfflineDetector: updateState(): timeSinceLastForeground: 1, timeSinceOfflineNotificationReceived: 191447389, timeSinceLastOnline: 0, timeNeededForForeground: 1999, timeNeededForOffline: -191445389 timeSinceAirplaneModeToggledOff: 191447389 timeNeededAfterConnectionChangeFromOnlineToOffline: 10000 timeNeededAfterConnectionChangeFromAirplaneToOffline: 0
11-24 17:49:58.575 22080 22080 I cr_OfflineDetector: Running mUpdateOfflineStatusIndicatorDelayedRunnable start. mConnectivityDetectorInitialized: true, mTimeWhenLastForegrounded: 191447388, getElapsedTime: 191447389, mTimeWhenLastOfflineNotificationReceived: 0, mTimeWhenLastOnline: 191447389, mTimeWhenAirplaneModeToggledOff: 0 mApplicationState: 1, mIsOfflineLastReportedByConnectivityDetector: false, mInAirplaneMode: false mIsEffectivelyOffline: false
11-24 17:49:58.575 22080 22080 I cr_OfflineDetector: Running mUpdateOfflineStatusIndicatorDelayedRunnable end. mConnectivityDetectorInitialized: true, mTimeWhenLastForegrounded: 191447388, getElapsedTime: 191447389, mTimeWhenLastOfflineNotificationReceived: 0, mTimeWhenLastOnline: 191447389, mTimeWhenAirplaneModeToggledOff: 0 mApplicationState: 1, mIsOfflineLastReportedByConnectivityDetector: false, mInAirplaneMode: false mIsEffectivelyOffline: false
11-24 17:49:58.575 22080 22080 I cr_OfflineIndicator: processConnectivityCheckResult mConnectionState=4 mConnectivityCheckingStage=1
11-24 17:49:58.577   595   595 I servicemanager: Could not find android.hardware.graphics.allocator.IAllocator/default in the VINTF manifest.
11-24 17:49:58.582 13502 13517 I FontLog : (REDACTED) Received query %s, URI %s
11-24 17:49:58.583 13502 13517 I FontLog : (REDACTED) Query [%s] resolved to %s
11-24 17:49:58.585 13502 13517 I FontLog : (REDACTED) Font PFD returned from cache for %s
11-24 17:49:58.585 13502 13517 I FontLog : (REDACTED) Fetch %s end status %s
11-24 17:49:58.591 13502 13517 I FontLog : (REDACTED) Pulling font file for id = %d, cache size = %d
11-24 17:49:58.593 13502 13517 I FontLog : (REDACTED) Received query %s, URI %s
11-24 17:49:58.594 13502 13517 I FontLog : (REDACTED) Query [%s] resolved to %s
11-24 17:49:58.595 13730 13730 E AbstractGmsTracer: Traced class shouldn't be obfuscated: LanguageProfileGcmTaskChimeraService [CONTEXT service_id=259 ]
11-24 17:49:58.595 13502 13517 I FontLog : (REDACTED) Font PFD returned from cache for %s
11-24 17:49:58.595 13502 13517 I FontLog : (REDACTED) Fetch %s end status %s
11-24 17:49:58.596 13730 13730 E AbstractGmsTracer: Traced class shouldn't be obfuscated: LanguageProfileGcmTaskChimeraService [CONTEXT service_id=259 ]
11-24 17:49:58.599 13502 13717 I FontLog : (REDACTED) Pulling font file for id = %d, cache size = %d
11-24 17:49:58.603 13502 11424 I NetworkScheduler.Stats: (REDACTED) Task %s/%s started execution. cause:%s exec_start_elapsed_seconds: %s
11-24 17:49:58.612  1011  1189 I ASH     : @ 191450.800: tcs3701: stop power rail pending_off timer
11-24 17:49:58.612  1011  1189 D ASH     : @ 191450.800: tcs3701: start power rail timer, state:3
11-24 17:49:58.635 22163 22214 W VideoCapabilities: Unrecognized level 1879048707 for video/x-vnd.on2.vp8
11-24 17:49:58.636 22163 22214 W VideoCapabilities: Unrecognized profile 1879048704 for video/x-vnd.on2.vp8
11-24 17:49:58.636 22163 22214 W VideoCapabilities: Unrecognized level 1879048707 for video/x-vnd.on2.vp8
11-24 17:49:58.636 22163 22214 W VideoCapabilities: Unrecognized profile 1879048704 for video/x-vnd.on2.vp8
11-24 17:49:58.637 22163 22214 W VideoCapabilities: Unsupported mime image/vnd.android.heic
11-24 17:49:58.637 22163 22214 W VideoCapabilities: Unrecognized level 1879048707 for video/x-vnd.on2.vp8
11-24 17:49:58.637 22163 22214 W VideoCapabilities: Unrecognized profile 1879048704 for video/x-vnd.on2.vp8
11-24 17:49:58.637 22163 22214 W VideoCapabilities: Unrecognized level 1879048707 for video/x-vnd.on2.vp8
11-24 17:49:58.637 22163 22214 W VideoCapabilities: Unrecognized profile 1879048704 for video/x-vnd.on2.vp8
11-24 17:49:58.638 22152 22187 I tflite  : Initialized TensorFlow Lite runtime.
11-24 17:49:58.639 22152 22187 W libc    : Access denied finding property "ro.mediatek.platform"
11-24 17:49:58.639 22152 22187 W libc    : Access denied finding property "ro.chipname"
11-24 17:49:58.639 22152 22187 W libc    : Access denied finding property "ro.hardware.chipname"
11-24 17:49:58.639 22163 22214 W cr_VAUtil: Unknown profile: 1879048704 for codec video/x-vnd.on2.vp8
11-24 17:49:58.652  1011  1189 I ASH     : @ 191450.840: tcs3701: stop power rail pending_off timer
11-24 17:49:58.652  1011  1189 D ASH     : @ 191450.840: tcs3701: start power rail timer, state:3
11-24 17:49:58.671 13502 11424 I NetworkScheduler.Stats: (REDACTED) Task %s/%s finished executing. cause:%s result: %s elapsed_millis: %s uptime_millis: %s exec_start_elapsed_seconds: %s
11-24 17:49:58.675  1795  3057 D ConnectivityService: requestNetwork for uid/pid:10010/22080 activeRequest: null callbackRequest: 5284 [NetworkRequest [ REQUEST id=5285, [ Capabilities: INTERNET&NOT_RESTRICTED&TRUSTED&NOT_VCN_MANAGED Uid: 10010 RequestorUid: 10010 RequestorPkg: com.chrome.canary UnderlyingNetworks: Null] ]] callback flags: 0 order: 2147483647
11-24 17:49:58.676  1795  2424 D WifiNetworkFactory: got request NetworkRequest [ REQUEST id=5285, [ Capabilities: INTERNET&NOT_RESTRICTED&TRUSTED&NOT_VCN_MANAGED Uid: 10010 RequestorUid: 10010 RequestorPkg: com.chrome.canary UnderlyingNetworks: Null] ]
11-24 17:49:58.676  1795  2432 D ConnectivityService: NetReassign [5285 : null → 100] [c 0] [a 0] [i 1]
11-24 17:49:58.676  1795  2424 V WifiNetworkFactory: Accepted network request NetworkRequest [ REQUEST id=5285, [ Capabilities: INTERNET&NOT_RESTRICTED&TRUSTED&NOT_VCN_MANAGED Uid: 10010 RequestorUid: 10010 RequestorPkg: com.chrome.canary UnderlyingNetworks: Null] ]
11-24 17:49:58.676  1795  2424 D UntrustedWifiNetworkFactory: got request NetworkRequest [ REQUEST id=5285, [ Capabilities: INTERNET&NOT_RESTRICTED&TRUSTED&NOT_VCN_MANAGED Uid: 10010 RequestorUid: 10010 RequestorPkg: com.chrome.canary UnderlyingNetworks: Null] ]
11-24 17:49:58.676  1795  2424 D OemPaidWifiNetworkFactory: got request NetworkRequest [ REQUEST id=5285, [ Capabilities: INTERNET&NOT_RESTRICTED&TRUSTED&NOT_VCN_MANAGED Uid: 10010 RequestorUid: 10010 RequestorPkg: com.chrome.canary UnderlyingNetworks: Null] ]
11-24 17:49:58.676  1795  2424 D MultiInternetWifiNetworkFactory: got request NetworkRequest [ REQUEST id=5285, [ Capabilities: INTERNET&NOT_RESTRICTED&TRUSTED&NOT_VCN_MANAGED Uid: 10010 RequestorUid: 10010 RequestorPkg: com.chrome.canary UnderlyingNetworks: Null] ]
11-24 17:49:58.677 22080 22149 I tflite  : Initialized TensorFlow Lite runtime.
11-24 17:49:58.679 22080 22149 W libc    : Access denied finding property "ro.mediatek.platform"
11-24 17:49:58.679 22080 22149 W libc    : Access denied finding property "ro.chipname"
11-24 17:49:58.679 22080 22149 W libc    : Access denied finding property "ro.hardware.chipname"
11-24 17:49:58.680  1795  2432 D ConnectivityService: NetReassign [no changes] [c 0] [a 0] [i 1]
11-24 17:49:58.683  3563  2297 D MediaProvider: Open with FUSE. FilePath: /storage/emulated/0/Download/batterymanager-companion-1.0.0.zip. Uid: 10010. Media Capabilities Uid: 0. ShouldRedact: false. ShouldTranscode: false
11-24 17:49:58.692  1011  1189 I ASH     : @ 191450.880: tcs3701: stop power rail pending_off timer
11-24 17:49:58.692  1011  1189 D ASH     : @ 191450.880: tcs3701: start power rail timer, state:3
11-24 17:49:58.694  3563  2297 D MediaProvider: Open with FUSE. FilePath: /storage/emulated/0/Download/com.example.batterymanager_utility (1).apk. Uid: 10010. Media Capabilities Uid: 0. ShouldRedact: false. ShouldTranscode: false
11-24 17:49:58.712  3563  2297 D MediaProvider: Open with FUSE. FilePath: /storage/emulated/0/Download/com.example.batterymanager_utility.apk. Uid: 10010. Media Capabilities Uid: 0. ShouldRedact: false. ShouldTranscode: false
11-24 17:49:58.713 22080 22080 I cr_InactivityTracker: Last background time read from the SharedPreference is:-1.
11-24 17:49:58.715 22080 22080 I cr_VideoPersist: Exited picture in picture with reason: 0
11-24 17:49:58.717 22080 22080 I cr_InactivityTracker: Last visible time read from the SharedPreference is:1700844310480.
11-24 17:49:58.732  1011  1189 I ASH     : @ 191450.920: tcs3701: stop power rail pending_off timer
11-24 17:49:58.732  1011  1189 D ASH     : @ 191450.920: tcs3701: start power rail timer, state:3
11-24 17:49:58.737 22080 22080 I cr_InactivityTracker: Last visible time read from the SharedPreference is:1700844598717.
11-24 17:49:58.772  1011  1189 I ASH     : @ 191450.960: tcs3701: stop power rail pending_off timer
11-24 17:49:58.772  1011  1189 D ASH     : @ 191450.960: tcs3701: start power rail timer, state:3
11-24 17:49:58.782  1795  2282 D ActivityManager: freezing 2241 com.google.process.gapps
11-24 17:49:58.812  1011  1189 I ASH     : @ 191451.000: tcs3701: stop power rail pending_off timer
11-24 17:49:58.812  1011  1189 D ASH     : @ 191451.000: tcs3701: start power rail timer, state:3
11-24 17:49:58.816 22080 22140 W chromium: [WARNING:ev_root_ca_metadata.cc(119)] Not implemented
11-24 17:49:58.816 22080 22140 W chromium: [WARNING:ev_root_ca_metadata.cc(119)] Not implemented
11-24 17:49:58.823 22080 22080 I Choreographer: Skipped 63 frames!  The application may be doing too much work on its main thread.
11-24 17:49:58.832  1795  2735 D CompatibilityChangeReporter: Compat change id reported: 214016041; UID 10010; state: ENABLED
11-24 17:49:58.836  3375  3375 I GoogleInputMethodService: GoogleInputMethodService.onFinishInput():3154 
11-24 17:49:58.838  3375  3375 I GoogleInputMethodService: GoogleInputMethodService.updateDeviceLockedStatus():2088 repeatCheckTimes = 0, locked = false
11-24 17:49:58.839  3375  3375 I GoogleInputMethodService: GoogleInputMethodService.onStartInput():1883 onStartInput(EditorInfo{EditorInfo{packageName=com.chrome.canary, inputType=0, inputTypeString=NULL, enableLearning=false, autoCorrection=false, autoComplete=false, imeOptions=12000000, privateImeOptions=null, actionName=UNSPECIFIED, actionLabel=null, initialSelStart=-1, initialSelEnd=-1, initialCapsMode=0, label=null, fieldId=-1, fieldName=null, extras=null, hintText=null, hintLocales=[]}}, false)
11-24 17:49:58.839  3375  3375 I GoogleInputMethodService: GoogleInputMethodService.updateDeviceLockedStatus():2088 repeatCheckTimes = 1, locked = false
11-24 17:49:58.847 22080 22135 I OpenGLRenderer: Davey! duration=714ms; Flags=0, FrameTimelineVsyncId=117039745, IntendedVsync=191446932677343, Vsync=191447634214599, InputEventId=0, HandleInputStart=191447637987690, AnimationStart=191447637989045, PerformTraversalsStart=191447638352222, DrawStart=191447641951910, FrameDeadline=191446960283274, FrameInterval=191447637937222, FrameStartTime=11135512, SyncQueued=191447642858837, SyncStart=191447642885972, IssueDrawCommandsStart=191447643008472, SwapBuffers=191447644437691, FrameCompleted=191447647120660, DequeueBufferDuration=11823, QueueBufferDuration=242657, GpuCompleted=191447647120660, SwapBuffersCompleted=191447645041806, DisplayPresentTime=0, CommandSubmissionCompleted=191447644437691, 
11-24 17:49:58.852  1011  1189 I ASH     : @ 191451.040: tcs3701: stop power rail pending_off timer
11-24 17:49:58.852  1011  1189 D ASH     : @ 191451.040: tcs3701: start power rail timer, state:3
11-24 17:49:58.854 22080 22140 W chromium: [WARNING:ev_root_ca_metadata.cc(119)] Not implemented
11-24 17:49:58.880 22080 22080 V MediaRouter: Selecting route: RouteInfo{ name=Phone, description=null, status=null, category=RouteCategory{ name=System types=ROUTE_TYPE_LIVE_AUDIO ROUTE_TYPE_LIVE_VIDEO  groupable=false }, supportedTypes=ROUTE_TYPE_LIVE_AUDIO ROUTE_TYPE_LIVE_VIDEO , presentationDisplay=null }
11-24 17:49:58.892  1795  2282 D ActivityManager: freezing 17521 com.google.android.apps.turbo
11-24 17:49:58.892  1011  1189 I ASH     : @ 191451.080: tcs3701: stop power rail pending_off timer
11-24 17:49:58.892  1011  1189 D ASH     : @ 191451.080: tcs3701: start power rail timer, state:3
11-24 17:49:58.899 22080 22080 I cr_PwaRestore: Not showing PWA Restore promo, feature flag is disabled
11-24 17:49:58.920  1795  2282 D ActivityManager: freezing 22316 com.google.android.setupwizard
11-24 17:49:58.932  1011  1189 I ASH     : @ 191451.120: tcs3701: stop power rail pending_off timer
11-24 17:49:58.932  1011  1189 D ASH     : @ 191451.120: tcs3701: start power rail timer, state:3
11-24 17:49:58.972  1011  1189 I ASH     : @ 191451.160: tcs3701: stop power rail pending_off timer
11-24 17:49:58.972  1011  1189 D ASH     : @ 191451.160: tcs3701: start power rail timer, state:3
11-24 17:49:59.012  1011  1189 I ASH     : @ 191451.200: tcs3701: stop power rail pending_off timer
11-24 17:49:59.012  1011  1189 D ASH     : @ 191451.200: tcs3701: start power rail timer, state:3
11-24 17:49:59.052  1011  1189 I ASH     : @ 191451.240: tcs3701: stop power rail pending_off timer
11-24 17:49:59.052  1011  1189 D ASH     : @ 191451.240: tcs3701: start power rail timer, state:3
11-24 17:49:59.092  1011  1189 I ASH     : @ 191451.280: tcs3701: stop power rail pending_off timer
11-24 17:49:59.092  1011  1189 D ASH     : @ 191451.280: tcs3701: start power rail timer, state:3
11-24 17:49:59.120  1795  3057 D ActivityManager: freezer override set to true
11-24 17:49:59.121  1795  3057 D ActivityManager: sync unfroze 2241 com.google.process.gapps
11-24 17:49:59.121  1795  3057 D ActivityManager: sync unfroze 17521 com.google.android.apps.turbo
11-24 17:49:59.122  1795  3057 D ActivityManager: sync unfroze 22316 com.google.android.setupwizard
11-24 17:49:59.132  1795  3057 D ActivityManager: freezer override set to false
11-24 17:49:59.133  1011  1189 I ASH     : @ 191451.320: tcs3701: stop power rail pending_off timer
11-24 17:49:59.133  1011  1189 D ASH     : @ 191451.320: tcs3701: start power rail timer, state:3
11-24 17:49:59.172  1011  1189 I ASH     : @ 191451.360: tcs3701: stop power rail pending_off timer
11-24 17:49:59.172  1011  1189 D ASH     : @ 191451.360: tcs3701: start power rail timer, state:3
11-24 17:49:59.213  1011  1189 I ASH     : @ 191451.400: tcs3701: stop power rail pending_off timer
11-24 17:49:59.213  1011  1189 D ASH     : @ 191451.400: tcs3701: start power rail timer, state:3
11-24 17:49:59.252  3875  3888 W earchbox:search: Reducing the number of considered missed Gc histogram windows from 280 to 100
11-24 17:49:59.252  1011  1189 I ASH     : @ 191451.440: tcs3701: stop power rail pending_off timer
11-24 17:49:59.252  1011  1189 D ASH     : @ 191451.440: tcs3701: start power rail timer, state:3
11-24 17:49:59.270 22080 22141 I cr_ADCP : No customization source found
11-24 17:49:59.273 13502 13502 D BoundBrokerSvc: onBind: Intent { act=com.google.android.gms.icing.LIGHTWEIGHT_INDEX_SERVICE pkg=com.google.android.gms }
11-24 17:49:59.273 13502 13502 D BoundBrokerSvc: Loading bound service for intent: Intent { act=com.google.android.gms.icing.LIGHTWEIGHT_INDEX_SERVICE pkg=com.google.android.gms }
11-24 17:49:59.275 13502 13502 E AbstractGmsTracer: Traced class shouldn't be obfuscated: LightweightIndexChimeraService [CONTEXT service_id=259 ]
11-24 17:49:59.279 22080 22141 E cr_PartnerBMReader: ATTENTION: not using partner bookmarks as none were provided
11-24 17:49:59.283 13730 13730 D BoundBrokerSvc: onBind: Intent { act=com.google.android.gms.feedback.internal.IFeedbackService dat=chimera-action:/... cmp=com.google.android.gms/.chimera.GmsBoundBrokerService }
11-24 17:49:59.283 13730 13730 D BoundBrokerSvc: Loading bound service for intent: Intent { act=com.google.android.gms.feedback.internal.IFeedbackService dat=chimera-action:/... cmp=com.google.android.gms/.chimera.GmsBoundBrokerService }
11-24 17:49:59.284 13730 13730 E AbstractGmsTracer: Traced class shouldn't be obfuscated: FeedbackBoundService [CONTEXT service_id=259 ]
11-24 17:49:59.289 13502 13502 E AbstractGmsTracer: Traced class shouldn't be obfuscated: LockboxBrokerChimeraService [CONTEXT service_id=259 ]
11-24 17:49:59.292  1011  1189 I ASH     : @ 191451.480: tcs3701: stop power rail pending_off timer
11-24 17:49:59.292  1011  1189 D ASH     : @ 191451.480: tcs3701: start power rail timer, state:3
11-24 17:49:59.301 13730 13730 E AbstractGmsTracer: Traced class shouldn't be obfuscated: AppIndexingChimeraService [CONTEXT service_id=259 ]
11-24 17:49:59.311 13730 13730 E AbstractGmsTracer: Traced class shouldn't be obfuscated: IndexChimeraService [CONTEXT service_id=259 ]
11-24 17:49:59.324 13730 13730 E AbstractGmsTracer: Traced class shouldn't be obfuscated: IndexWorkerChimeraService [CONTEXT service_id=259 ]
11-24 17:49:59.331 13730 13768 I Icing   : IndexChimeraService.getServiceInterface callingPackage=com.google.android.gms componentName=null serviceId=30
11-24 17:49:59.332  1011  1189 I ASH     : @ 191451.520: tcs3701: stop power rail pending_off timer
11-24 17:49:59.332  1011  1189 D ASH     : @ 191451.520: tcs3701: start power rail timer, state:3
11-24 17:49:59.338 13730 13730 E AbstractGmsTracer: Traced class shouldn't be obfuscated: GmsBoundBrokerChimeraService [CONTEXT service_id=259 ]
11-24 17:49:59.339 13730 13730 D BoundBrokerSvc: onBind: Intent { act=com.google.android.gms.common.BIND_SHARED_PREFS pkg=com.google.android.gms }
11-24 17:49:59.339 13730 13730 D BoundBrokerSvc: Loading bound service for intent: Intent { act=com.google.android.gms.common.BIND_SHARED_PREFS pkg=com.google.android.gms }
11-24 17:49:59.340 13730 13730 E AbstractGmsTracer: Traced class shouldn't be obfuscated: SharedPreferencesBoundService [CONTEXT service_id=259 ]
11-24 17:49:59.341 13502 13502 D BoundBrokerSvc: onBind: Intent { act=com.google.android.gms.icing.LIGHTWEIGHT_INDEX_SERVICE dat=chimera-action:/... cmp=com.google.android.gms/.chimera.PersistentApiService }
11-24 17:49:59.342 13502 13502 D BoundBrokerSvc: Loading bound service for intent: Intent { act=com.google.android.gms.icing.LIGHTWEIGHT_INDEX_SERVICE dat=chimera-action:/... cmp=com.google.android.gms/.chimera.PersistentApiService }
11-24 17:49:59.345 13730 13730 D BoundBrokerSvc: onUnbind: Intent { act=com.google.android.gms.common.BIND_SHARED_PREFS pkg=com.google.android.gms }
11-24 17:49:59.372  1011  1189 I ASH     : @ 191451.560: tcs3701: stop power rail pending_off timer
11-24 17:49:59.372  1011  1189 D ASH     : @ 191451.560: tcs3701: start power rail timer, state:3
11-24 17:49:59.373  1795  2735 D ActivityManager: freezer override set to true
11-24 17:49:59.392  1795  4172 D CompatibilityChangeReporter: Compat change id reported: 161252188; UID 10010; state: DISABLED
11-24 17:49:59.397 13730  2372 I Icing   : Usage reports ok 3, Failed Usage reports 0, indexed 2, rejected 0
11-24 17:49:59.412  1011  1189 I ASH     : @ 191451.600: tcs3701: stop power rail pending_off timer
11-24 17:49:59.413  1011  1189 D ASH     : @ 191451.601: tcs3701: start power rail timer, state:3
11-24 17:49:59.452  1011  1189 I ASH     : @ 191451.640: tcs3701: stop power rail pending_off timer
11-24 17:49:59.452  1011  1189 D ASH     : @ 191451.640: tcs3701: start power rail timer, state:3
11-24 17:49:59.492  1011  1189 I ASH     : @ 191451.680: tcs3701: stop power rail pending_off timer
11-24 17:49:59.492  1011  1189 D ASH     : @ 191451.680: tcs3701: start power rail timer, state:3
11-24 17:49:59.518 22080 22135 I m.chrome.canary: Explicit concurrent copying GC freed 387888(16MB) AllocSpace objects, 27(924KB) LOS objects, 76% free, 7672KB/31MB, paused 79us,504us total 35.615ms
11-24 17:49:59.532  1011  1189 I ASH     : @ 191451.720: tcs3701: stop power rail pending_off timer
11-24 17:49:59.532  1011  1189 D ASH     : @ 191451.720: tcs3701: start power rail timer, state:3
11-24 17:49:59.561  1795  2735 D ActivityManager: freezer override set to false
11-24 17:49:59.572  1011  1189 I ASH     : @ 191451.760: tcs3701: stop power rail pending_off timer
11-24 17:49:59.572  1011  1189 D ASH     : @ 191451.760: tcs3701: start power rail timer, state:3
11-24 17:49:59.612  1011  1189 I ASH     : @ 191451.800: tcs3701: stop power rail pending_off timer
11-24 17:49:59.612  1011  1189 D ASH     : @ 191451.800: tcs3701: start power rail timer, state:3
11-24 17:49:59.624  1795  2735 D ActivityManager: freezer override set to true
11-24 17:49:59.629  1795  2735 D ActivityManager: freezer override set to false
11-24 17:49:59.652  1011  1189 I ASH     : @ 191451.840: tcs3701: stop power rail pending_off timer
11-24 17:49:59.652  1011  1189 D ASH     : @ 191451.840: tcs3701: start power rail timer, state:3
11-24 17:49:59.692  1011  1189 I ASH     : @ 191451.880: tcs3701: stop power rail pending_off timer
11-24 17:49:59.692  1011  1189 D ASH     : @ 191451.880: tcs3701: start power rail timer, state:3
11-24 17:49:59.732  1011  1189 I ASH     : @ 191451.920: tcs3701: stop power rail pending_off timer
11-24 17:49:59.732  1011  1189 D ASH     : @ 191451.920: tcs3701: start power rail timer, state:3
11-24 17:49:59.772  1011  1189 I ASH     : @ 191451.960: tcs3701: stop power rail pending_off timer
11-24 17:49:59.772  1011  1189 D ASH     : @ 191451.960: tcs3701: start power rail timer, state:3
11-24 17:49:59.788  1795  2424 D WifiClientModeImpl[13802:wlan0]: updateLinkLayerStatsRssiSpeedFrequencyCapabilities rssi=-46 TxLinkspeed=866 freq=5240 RxLinkSpeed=866
11-24 17:49:59.790  1795  2424 D WifiDataStall: tx tput in kbps: 659953
11-24 17:49:59.790  1795  2424 D WifiDataStall: rx tput in kbps: 771281
11-24 17:49:59.790  1795  2424 V WifiConfigManager: Updating scan detail cache freq=5240 BSSID=f4:6d:2f:12:cc:88 RSSI=-46 for "ourhome"WPA_PSK
11-24 17:49:59.791  2782  5906 D QCNEJ/WlanStaInfoRelay: Received action: android.net.wifi.RSSI_CHANGED
11-24 17:49:59.791  1795  2424 D WifiChannelUtilization:  freq: 5240 onTime: 5844443 busyTime: 594860 onTimeDiff: 2469651 busyTimeDiff: 279161 utilization: 28 utilization t0: 25
11-24 17:49:59.792  2673  3056 V WifiManager: OnWifiUsabilityStatsListener: onWifiUsabilityStats: seqNum=56420
11-24 17:49:59.792  1795  2424 D WifiDataStall:  ccaLevel = 28
11-24 17:49:59.792  1795  2424 D WifiDataStall: L2 txTputKbps: 717291, rxTputKbps: 771281, L3 txTputKbps: 48, rxTputKbps: 110, TxTrafficHigh: true, RxTrafficHigh: true, Throughput Sufficient: true
11-24 17:49:59.793  1795  2424 D WifiScoreReport: Wifi scoring disabled - Don't check IP layer
11-24 17:49:59.793  1795  2735 I WifiService: updateWifiUsabilityScore uid=10180 seqNum=56420 score=100 predictionHorizonSec=1441795
11-24 17:49:59.793  1795  2424 D WifiScoreCard: BSSID update SIGNAL_POLL ID: 1320464697 SSID: "ourhome", BSSID: f4:6d:2f:12:cc:88, MAC: b2:2f:ec:da:4a:0c, IP: /192.168.1.104, Security type: 2, Supplicant state: COMPLETED, Wi-Fi standard: 5, RSSI: -46, Link speed: 866Mbps, Tx Link speed: 866Mbps, Max Supported Tx Link speed: 866Mbps, Rx Link speed: 866Mbps, Max Supported Rx Link speed: 866Mbps, Frequency: 5240MHz, Net ID: 12, Metered hint: false, score: 60, isUsable: true, CarrierMerged: false, SubscriptionId: -1, IsPrimary: 1, Trusted: true, Restricted: false, Ephemeral: false, OEM paid: false, OEM private: false, OSU AP: false, FQDN: <none>, Provider friendly name: <none>, Requesting package name: <none>"ourhome"wpa2-pskMLO Information: , Is TID-To-Link negotiation supported by the AP: false, AP MLD Address: <none>, AP MLO Link Id: <none>, AP MLO Affiliated links: <none>
11-24 17:49:59.793  1795  2424 D WifiScoreCard: txRate: 18 txSpeed: 866
11-24 17:49:59.793  1795  2424 D WifiScoreCard: network update SIGNAL_POLL "ourhome" ID: 1499892569 RSSI -46 txSpeed 866
11-24 17:49:59.793  1795  2424 D WifiClientModeImpl[13802:wlan0]:  ClientModeImpl$L2ConnectedState screen=on 29 0 "ourhome" f4:6d:2f:12:cc:88 rssi=-46 f=5240 sc=60 link=866 tx=16.4, 1.2, 0.0 rx=9.4 bcn=1844783 [on:760 tx:10 rx:4 period:3026] from screen [on:1234863 period:39841784] score=60
11-24 17:49:59.793  2513 14800 V WifiManager: TrafficStateCallbackProxy: onStateChanged state=3
11-24 17:49:59.794  1795  2424 D WifiScoreReport: Wifi scoring disabled - Notify that Wifi is usable
11-24 17:49:59.794  1795  2262 I ActivityManager: Background started FGS: Allowed [callingPackage: com.android.shell; callingUid: 2000; uidState: NONE; intent: Intent { cmp=com.example.batterymanager_utility/.DataCollectionService (has extras) }; code:SYSTEM_UID; tempAllowListReason:<,reasonCode:SYSTEM_ALLOW_LISTED,duration:9223372036854775807,callingUid:-1>; targetSdkVersion:33; callerTargetSdkVersion:33; startForegroundCount:0; bindFromPackage:null]
11-24 17:49:59.795  1795  2432 D ConnectivityService: NetReassign [no changes] [c 0] [a 0] [i 1]
11-24 17:49:59.802 10476 10476 I BatteryMgr:DataCollectionService: onStartCommand: begin
11-24 17:49:59.802 10476 10476 I BatteryMgr:DataCollectionService: onStartCommand: sampleRate => 100
11-24 17:49:59.802 10476 10476 I BatteryMgr:DataCollectionService: onStartCommand: rawFields => Timestamp,BATTERY_PROPERTY_CURRENT_NOW,EXTRA_VOLTAGE,BATTERY_PROPERTY_CURRENT_AVERAGE,BATTERY_PROPERTY_CHARGE_COUNTER,BATTERY_PROPERTY_CAPACITY
11-24 17:49:59.803 10476 10476 I BatteryMgr:DataCollectionService: onStartCommand: notification done
11-24 17:49:59.806 10476 10476 I BatteryMgr:DataCollectionService: started foreground
11-24 17:49:59.809 10476 10512 I BatteryMgr:DataCollectionService: collectData: begin
11-24 17:49:59.812  1011  1189 I ASH     : @ 191452.000: tcs3701: stop power rail pending_off timer
11-24 17:49:59.812  1011  1189 D ASH     : @ 191452.000: tcs3701: start power rail timer, state:3
11-24 17:49:59.815 10476 10512 I BatteryMgr:DataCollectionService: stats => 1700844599815,11291,4442,-2746,4169000,100
11-24 17:49:59.853  1011  1189 I ASH     : @ 191452.040: tcs3701: stop power rail pending_off timer
11-24 17:49:59.853  1011  1189 D ASH     : @ 191452.040: tcs3701: start power rail timer, state:3
11-24 17:49:59.892  1011  1189 I ASH     : @ 191452.080: tcs3701: stop power rail pending_off timer
11-24 17:49:59.892  1011  1189 D ASH     : @ 191452.080: tcs3701: start power rail timer, state:3
11-24 17:49:59.924 10476 10512 I BatteryMgr:DataCollectionService: stats => 1700844599923,11291,4442,-2746,4169000,100
11-24 17:49:59.932  1011  1189 I ASH     : @ 191452.120: tcs3701: stop power rail pending_off timer
11-24 17:49:59.932  1011  1189 D ASH     : @ 191452.120: tcs3701: start power rail timer, state:3
11-24 17:49:59.964  2113  2118 I pixel-thermal: skin-therm-monitor: 39.981
11-24 17:49:59.972  1011  1189 I ASH     : @ 191452.160: tcs3701: stop power rail pending_off timer
11-24 17:49:59.972  1011  1189 D ASH     : @ 191452.160: tcs3701: start power rail timer, state:3
11-24 17:50:00.000  1795  4172 I ActivityTaskManager: START u0 {act=android.intent.action.VIEW dat=https://playground.babylonjs.com/... flg=0x10000000 cmp=com.chrome.canary/com.google.android.apps.chrome.Main} from uid 2000
11-24 17:50:00.001  1795  4172 D CompatibilityChangeReporter: Compat change id reported: 265464455; UID 10010; state: DISABLED
11-24 17:50:00.001  1795  4172 D CompatibilityChangeReporter: Compat change id reported: 265452344; UID 10010; state: DISABLED
11-24 17:50:00.001  1795  4172 D CompatibilityChangeReporter: Compat change id reported: 266124927; UID 10010; state: DISABLED
11-24 17:50:00.001  1795  4172 D CompatibilityChangeReporter: Compat change id reported: 265451093; UID 10010; state: DISABLED
11-24 17:50:00.001  1795  4172 D CompatibilityChangeReporter: Compat change id reported: 265456536; UID 10010; state: DISABLED
11-24 17:50:00.002  1795  4172 D CompatibilityChangeReporter: Compat change id reported: 255940284; UID 10010; state: DISABLED
11-24 17:50:00.002  1795  4172 D CompatibilityChangeReporter: Compat change id reported: 236283604; UID 10010; state: DISABLED
11-24 17:50:00.002  1795  4172 D CompatibilityChangeReporter: Compat change id reported: 263959004; UID 10010; state: DISABLED
11-24 17:50:00.002  1795  4172 D CompatibilityChangeReporter: Compat change id reported: 264304459; UID 10010; state: DISABLED
11-24 17:50:00.002  1795  4172 D CompatibilityChangeReporter: Compat change id reported: 264301586; UID 10010; state: DISABLED
11-24 17:50:00.002  1795  4172 D CompatibilityChangeReporter: Compat change id reported: 254631730; UID 10010; state: DISABLED
11-24 17:50:00.002  1795  4172 D CompatibilityChangeReporter: Compat change id reported: 273509367; UID 10010; state: DISABLED
11-24 17:50:00.002  1795  4172 D CompatibilityChangeReporter: Compat change id reported: 263259275; UID 10010; state: DISABLED
11-24 17:50:00.003  1795  4172 D CompatibilityChangeReporter: Compat change id reported: 194480991; UID 10010; state: ENABLED
11-24 17:50:00.003  3579  3877 I AiAiEcho: (REDACTED) Predicting[%d]: %s
11-24 17:50:00.003  1795  4172 D CompatibilityChangeReporter: Compat change id reported: 174042980; UID 10010; state: DISABLED
11-24 17:50:00.004  3579  3877 I AiAiEcho: (REDACTED) EchoTargets: %s
11-24 17:50:00.004  3579  3877 I AiAiEcho: Filtered by AiAi flag check: %s
11-24 17:50:00.005  3579  3877 I AiAiEcho: (REDACTED) Ranked targets strategy: %s, count: %d, ranking metadata: %s
11-24 17:50:00.005  1795  4172 D CompatibilityChangeReporter: Compat change id reported: 181136395; UID 10010; state: DISABLED
11-24 17:50:00.005  1795  4172 D CompatibilityChangeReporter: Compat change id reported: 174042936; UID 10010; state: DISABLED
11-24 17:50:00.005  3579  3877 I AiAiEcho: (REDACTED) #weatherTwiddler: Weather removes SubtitleSupplementalItem in surface: %s
11-24 17:50:00.006  3579  3877 I AiAiEcho: (REDACTED) Predicting[%d]: %s
11-24 17:50:00.007  3579  3877 I AiAiEcho: (REDACTED) EchoTargets: %s
11-24 17:50:00.007  3579  3877 I AiAiEcho: Filtered by AiAi flag check: %s
11-24 17:50:00.007  1795  4172 D CompatibilityChangeReporter: Compat change id reported: 194833441; UID 10010; state: ENABLED
11-24 17:50:00.008  3579  3877 I AiAiEcho: (REDACTED) Ranked targets strategy: %s, count: %d, ranking metadata: %s
11-24 17:50:00.009  3579  3877 I AiAiEcho: (REDACTED) #weatherTwiddler: Weather removes SubtitleSupplementalItem in surface: %s
11-24 17:50:00.012  1011  1189 I ASH     : @ 191452.200: tcs3701: stop power rail pending_off timer
11-24 17:50:00.012  1011  1189 D ASH     : @ 191452.200: tcs3701: start power rail timer, state:3
11-24 17:50:00.013  3579  3877 I AiAiEcho: (REDACTED) #postPredictionTargets: Sending updates to UISurface %s with targets# %s (types=[%s])
11-24 17:50:00.016  3579  3877 I AiAiEcho: (REDACTED) #postPredictionTargets: Sending updates to UISurface %s with targets# %s (types=[%s])
11-24 17:50:00.017  2940  2940 D SsBaseTemplateCard: No text view can be set up
11-24 17:50:00.018  2940  2940 D SsBaseTemplateCard: Passed-in item info is null
11-24 17:50:00.018  2940  2940 D SsBaseTemplateCard: Passed-in item info is null
11-24 17:50:00.018  2940  2940 I SsBaseTemplateCard: Secondary card pane is null
11-24 17:50:00.019 22080 22080 W cr_ActivityDispatcher: CustomTabsIntent#shouldAlwaysUseBrowserUI() = false
11-24 17:50:00.019 22080 22080 I cr_VideoPersist: Exited picture in picture with reason: 0
11-24 17:50:00.021 22080 22080 E cr_IntentUtils: getInt failed on bundle null
11-24 17:50:00.026  2513  2513 D SsBaseTemplateCard: No text view can be set up
11-24 17:50:00.026  2513  2513 D SsBaseTemplateCard: Passed-in item info is null
11-24 17:50:00.026  2513  2513 D SsBaseTemplateCard: Passed-in item info is null
11-24 17:50:00.026  2513  2513 I SsBaseTemplateCard: Secondary card pane is null
11-24 17:50:00.030 10476 10512 I BatteryMgr:DataCollectionService: stats => 1700844600029,11291,4442,-2746,4169000,100
11-24 17:50:00.044  1795  2120 D CompatibilityChangeReporter: Compat change id reported: 143937733; UID 10010; state: ENABLED
11-24 17:50:00.052  1011  1189 I ASH     : @ 191452.240: tcs3701: stop power rail pending_off timer
11-24 17:50:00.052  1011  1189 D ASH     : @ 191452.241: tcs3701: start power rail timer, state:3
11-24 17:50:00.055 22080 22080 W cr_ActivityDispatcher: CustomTabsIntent#shouldAlwaysUseBrowserUI() = false
11-24 17:50:00.059 22124 22124 D Zygote  : Forked child process 22305
11-24 17:50:00.064 22305 22305 E libc    : SetHeapTaggingLevel: re-enabling tagging after it was disabled is not supported
11-24 17:50:00.067  1795  2120 I ActivityManager: Start proc 22305:com.chrome.canary:sandboxed_process0:org.chromium.content.app.SandboxedProcessService0:1/u0ai1 for  {com.chrome.canary/org.chromium.content.app.SandboxedProcessService0:1}
11-24 17:50:00.072 22305 22305 I ocessService0:1: Using CollectorTypeCC GC.
11-24 17:50:00.073  1795  2735 D CoreBackPreview: Window{8c6745a u0 com.chrome.canary/com.google.android.apps.chrome.Main}: Setting back callback OnBackInvokedCallbackInfo{mCallback=android.window.IOnBackInvokedCallback$Stub$Proxy@d06d5e3, mPriority=0}
11-24 17:50:00.077 22080 22080 I cr_OfflineDetector: Running updateState mConnectivityDetectorInitialized: true, mTimeWhenLastForegrounded: 191448892, getElapsedTime: 191448892, mTimeWhenLastOfflineNotificationReceived: 0, mTimeWhenLastOnline: 191447389, mTimeWhenAirplaneModeToggledOff: 0 mApplicationState: 1, mIsOfflineLastReportedByConnectivityDetector: false, mInAirplaneMode: false mIsEffectivelyOffline: false
11-24 17:50:00.078 22080 22080 I cr_OfflineDetector: updateState(): timeSinceLastForeground: 0, timeSinceOfflineNotificationReceived: 191448892, timeSinceLastOnline: 1503, timeNeededForForeground: 2000, timeNeededForOffline: -191446892 timeSinceAirplaneModeToggledOff: 191448892 timeNeededAfterConnectionChangeFromOnlineToOffline: 8497 timeNeededAfterConnectionChangeFromAirplaneToOffline: 0
11-24 17:50:00.078 22080 22080 I cr_OfflineDetector: Running mUpdateOfflineStatusIndicatorDelayedRunnable start. mConnectivityDetectorInitialized: true, mTimeWhenLastForegrounded: 191448892, getElapsedTime: 191448892, mTimeWhenLastOfflineNotificationReceived: 0, mTimeWhenLastOnline: 191447389, mTimeWhenAirplaneModeToggledOff: 0 mApplicationState: 1, mIsOfflineLastReportedByConnectivityDetector: false, mInAirplaneMode: false mIsEffectivelyOffline: false
11-24 17:50:00.081 22080 22080 I cr_InactivityTracker: Last background time read from the SharedPreference is:1700844600006.
11-24 17:50:00.083 22080 22080 I cr_VideoPersist: Exited picture in picture with reason: 0
11-24 17:50:00.084  1383  1442 I adbd    : jdwp connection from 22305
11-24 17:50:00.085  1795  4172 D CompatibilityChangeReporter: Compat change id reported: 161145287; UID 10010; state: DISABLED
11-24 17:50:00.085 22080 22080 I cr_InactivityTracker: Last visible time read from the SharedPreference is:1700844598736.
11-24 17:50:00.092  1011  1189 I ASH     : @ 191452.280: tcs3701: stop power rail pending_off timer
11-24 17:50:00.092  1011  1189 D ASH     : @ 191452.280: tcs3701: start power rail timer, state:3
11-24 17:50:00.101  1795  4172 D CompatibilityChangeReporter: Compat change id reported: 168419799; UID 10010; state: DISABLED
11-24 17:50:00.102  1795  4172 D CompatibilityChangeReporter: Compat change id reported: 273564678; UID 10010; state: DISABLED
11-24 17:50:00.105  3657  4525 D ForegroundUtils: Foreground UID status:
11-24 17:50:00.105  3657  4525 D ForegroundUtils: UID: 10010 is in foreground: true
11-24 17:50:00.105 22305 22305 I ActivityThread: Relaunch all activities: onCoreSettingsChange
11-24 17:50:00.105  3657  4525 D ForegroundUtils: UID: 10128 is in foreground: true
11-24 17:50:00.105  3657  4525 D ForegroundUtils: UID: 10145 is in foreground: true
11-24 17:50:00.105  3657  4525 D ForegroundUtils: UID: 10158 is in foreground: true
11-24 17:50:00.105  3657  4525 D ForegroundUtils: UID: 10189 is in foreground: false
11-24 17:50:00.105  3657  4525 D ForegroundUtils: UID: 10194 is in foreground: true
11-24 17:50:00.105  3657  4525 D ForegroundUtils: UID: 10206 is in foreground: false
11-24 17:50:00.105  3657  4525 D ForegroundUtils: UID: 10233 is in foreground: true
11-24 17:50:00.105  3657  4525 D ForegroundUtils: UID: 10244 is in foreground: false
11-24 17:50:00.105  3657  4525 D ForegroundUtils: UID: 10319 is in foreground: true
11-24 17:50:00.105  3657  4525 D ForegroundUtils: UID: 90000 is in foreground: true
11-24 17:50:00.105  3657  4525 D ForegroundUtils: UID: 90001 is in foreground: true
11-24 17:50:00.105 22305 22305 D CompatibilityChangeReporter: Compat change id reported: 171979766; UID 90001; state: ENABLED
11-24 17:50:00.108  1795  2735 D CompatibilityChangeReporter: Compat change id reported: 214016041; UID 10010; state: ENABLED
11-24 17:50:00.110  3375  3375 I GoogleInputMethodService: GoogleInputMethodService.onFinishInput():3154 
11-24 17:50:00.112  3375  3375 I GoogleInputMethodService: GoogleInputMethodService.updateDeviceLockedStatus():2088 repeatCheckTimes = 0, locked = false
11-24 17:50:00.113  3375  3375 I GoogleInputMethodService: GoogleInputMethodService.onStartInput():1883 onStartInput(EditorInfo{EditorInfo{packageName=com.chrome.canary, inputType=0, inputTypeString=NULL, enableLearning=false, autoCorrection=false, autoComplete=false, imeOptions=12000000, privateImeOptions=null, actionName=UNSPECIFIED, actionLabel=null, initialSelStart=-1, initialSelEnd=-1, initialCapsMode=0, label=null, fieldId=-1, fieldName=null, extras=null, hintText=null, hintLocales=[]}}, false)
11-24 17:50:00.113  3375  3375 I GoogleInputMethodService: GoogleInputMethodService.updateDeviceLockedStatus():2088 repeatCheckTimes = 1, locked = false
11-24 17:50:00.126 22305 22305 I LoadedApk: No resource references to update in package com.google.android.trichromelibrary.canary
11-24 17:50:00.127 22305 22305 D NetworkSecurityConfig: Using Network Security Config from resource 0_resource_name_obfuscated debugBuild: false
11-24 17:50:00.128 22305 22305 D NetworkSecurityConfig: Using Network Security Config from resource 0_resource_name_obfuscated debugBuild: false
11-24 17:50:00.130 22305 22305 I cr_SplitCompatApp: Launched version=121.0.6137.0 minSdkVersion=29 isBundle=true processName=com.chrome.canary:sandboxed_process0:org.chromium.content.app.SandboxedProcessService0:1 isIsolated=true
11-24 17:50:00.132 10476 10512 I BatteryMgr:DataCollectionService: stats => 1700844600132,11291,4442,-2746,4169000,100
11-24 17:50:00.132  1011  1189 I ASH     : @ 191452.320: tcs3701: stop power rail pending_off timer
11-24 17:50:00.132  1011  1189 D ASH     : @ 191452.320: tcs3701: start power rail timer, state:3
11-24 17:50:00.141 22305 22305 W SystemServiceRegistry: No service published for: uimode
11-24 17:50:00.143  1795  2262 D ActivityManager: freezer override set to true
11-24 17:50:00.148 22305 22305 I cr_ChildProcessService: Creating new ChildProcessService pid=22305
11-24 17:50:00.149  1795  2262 D ActivityManager: freezer override set to false
11-24 17:50:00.160 22305 22327 I cr_LibraryLoader: Successfully loaded native library
11-24 17:50:00.161 22305 22327 I cr_CachingUmaRecorder: Flushed 3 samples from 3 histograms, 0 samples were dropped.
11-24 17:50:00.172  1011  1189 I ASH     : @ 191452.360: tcs3701: stop power rail pending_off timer
11-24 17:50:00.172  1011  1189 D ASH     : @ 191452.360: tcs3701: start power rail timer, state:3
