11-23 09:16:54.605  1011  1189 D ASH     : @ 74266.805: tcs3701: start power rail timer, state:3
11-23 09:16:54.645  1011  1189 I ASH     : @ 74266.845: tcs3701: stop power rail pending_off timer
11-23 09:16:54.645  1011  1189 D ASH     : @ 74266.845: tcs3701: start power rail timer, state:3
11-23 09:16:54.685  1011  1189 I ASH     : @ 74266.885: tcs3701: stop power rail pending_off timer
11-23 09:16:54.685  1011  1189 D ASH     : @ 74266.885: tcs3701: start power rail timer, state:3
11-23 09:16:54.699  5238  5296 I BatteryMgr:DataCollectionService: stats => 1700727414699,10681,4449,13427,4169000,100
11-23 09:16:54.725  1011  1189 I ASH     : @ 74266.925: tcs3701: stop power rail pending_off timer
11-23 09:16:54.725  1011  1189 D ASH     : @ 74266.925: tcs3701: start power rail timer, state:3
11-23 09:16:54.765  1011  1189 I ASH     : @ 74266.965: tcs3701: stop power rail pending_off timer
11-23 09:16:54.765  1011  1189 D ASH     : @ 74266.965: tcs3701: start power rail timer, state:3
11-23 09:16:54.802  5238  5296 I BatteryMgr:DataCollectionService: stats => 1700727414802,10681,4449,13427,4169000,100
11-23 09:16:54.805  1011  1189 I ASH     : @ 74267.005: tcs3701: stop power rail pending_off timer
11-23 09:16:54.805  1011  1189 D ASH     : @ 74267.005: tcs3701: start power rail timer, state:3
11-23 09:16:54.845  1011  1189 I ASH     : @ 74267.045: tcs3701: stop power rail pending_off timer
11-23 09:16:54.845  1011  1189 D ASH     : @ 74267.045: tcs3701: start power rail timer, state:3
11-23 09:16:54.885  1011  1189 I ASH     : @ 74267.085: tcs3701: stop power rail pending_off timer
11-23 09:16:54.885  1011  1189 D ASH     : @ 74267.085: tcs3701: start power rail timer, state:3
11-23 09:16:54.909  5238  5296 I BatteryMgr:DataCollectionService: stats => 1700727414909,10681,4449,13427,4169000,100
11-23 09:16:54.911  1795  2424 D WifiClientModeImpl[13802:wlan0]: updateLinkLayerStatsRssiSpeedFrequencyCapabilities rssi=-46 TxLinkspeed=866 freq=5240 RxLinkSpeed=866
11-23 09:16:54.911  1795  2424 D WifiDataStall: tx tput in kbps: 731364
11-23 09:16:54.911  1795  2424 D WifiDataStall: rx tput in kbps: 794960
11-23 09:16:54.911  1795  2424 V WifiConfigManager: Updating scan detail cache freq=5240 BSSID=f4:6d:2f:12:cc:88 RSSI=-46 for "ourhome"WPA_PSK
11-23 09:16:54.911  1795  2424 D WifiChannelUtilization:  freq: 5240 onTime: 1894050 busyTime: 162804 onTimeDiff: 1893755 busyTimeDiff: 162787 utilization: 21 utilization t0: 21
11-23 09:16:54.911  1795  2424 D WifiDataStall:  ccaLevel = 21
11-23 09:16:54.911  1795  2424 D WifiDataStall: L2 txTputKbps: 794960, rxTputKbps: 794960, L3 txTputKbps: 17, rxTputKbps: 24, TxTrafficHigh: true, RxTrafficHigh: true, Throughput Sufficient: true
11-23 09:16:54.911  1795  2424 D WifiScoreReport: Wifi scoring disabled - Don't check IP layer
11-23 09:16:54.912  3213  3230 V WifiManager: OnWifiUsabilityStatsListener: onWifiUsabilityStats: seqNum=24571
11-23 09:16:54.912  1795  2424 D WifiScoreCard: BSSID update SIGNAL_POLL ID: 1320464697 SSID: "ourhome", BSSID: f4:6d:2f:12:cc:88, MAC: b2:2f:ec:da:4a:0c, IP: /192.168.1.104, Security type: 2, Supplicant state: COMPLETED, Wi-Fi standard: 5, RSSI: -46, Link speed: 866Mbps, Tx Link speed: 866Mbps, Max Supported Tx Link speed: 866Mbps, Rx Link speed: 866Mbps, Max Supported Rx Link speed: 866Mbps, Frequency: 5240MHz, Net ID: 12, Metered hint: false, score: 60, isUsable: true, CarrierMerged: false, SubscriptionId: -1, IsPrimary: 1, Trusted: true, Restricted: false, Ephemeral: false, OEM paid: false, OEM private: false, OSU AP: false, FQDN: <none>, Provider friendly name: <none>, Requesting package name: <none>"ourhome"wpa2-pskMLO Information: , Is TID-To-Link negotiation supported by the AP: false, AP MLD Address: <none>, AP MLO Link Id: <none>, AP MLO Affiliated links: <none>
11-23 09:16:54.912  1795  2424 D WifiScoreCard: txRate: 9 txSpeed: 866
11-23 09:16:54.912  1795  2424 D WifiScoreCard: network update SIGNAL_POLL "ourhome" ID: 1499892569 RSSI -46 txSpeed 866
11-23 09:16:54.912  2782  5906 D QCNEJ/WlanStaInfoRelay: Received action: android.net.wifi.RSSI_CHANGED
11-23 09:16:54.912  1795  2424 D WifiClientModeImpl[13802:wlan0]:  ClientModeImpl$L2ConnectedState screen=on 7 0 "ourhome" f4:6d:2f:12:cc:88 rssi=-46 f=5240 sc=60 link=866 tx=7.8, 0.3, 0.0 rx=4.7 bcn=706554 [on:205 tx:3 rx:1 period:3012] from screen [on:73513 period:1881919] score=60
11-23 09:16:54.912  1795  4167 I WifiService: updateWifiUsabilityScore uid=10180 seqNum=24571 score=100 predictionHorizonSec=1441795
11-23 09:16:54.913  1795  2424 D WifiScoreReport: Wifi scoring disabled - Notify that Wifi is usable
11-23 09:16:54.916  1795  2432 D ConnectivityService: NetReassign [no changes] [c 0] [a 0] [i 2]
11-23 09:16:54.926  1011  1189 I ASH     : @ 74267.125: tcs3701: stop power rail pending_off timer
11-23 09:16:54.926  1011  1189 D ASH     : @ 74267.125: tcs3701: start power rail timer, state:3
11-23 09:16:54.965  1011  1189 I ASH     : @ 74267.165: tcs3701: stop power rail pending_off timer
11-23 09:16:54.965  1011  1189 D ASH     : @ 74267.165: tcs3701: start power rail timer, state:3
11-23 09:16:55.005  1011  1189 I ASH     : @ 74267.205: tcs3701: stop power rail pending_off timer
11-23 09:16:55.005  1011  1189 D ASH     : @ 74267.205: tcs3701: start power rail timer, state:3
11-23 09:16:55.014  5238  5296 I BatteryMgr:DataCollectionService: stats => 1700727415014,10681,4449,13427,4169000,100
11-23 09:16:55.045  1011  1189 I ASH     : @ 74267.245: tcs3701: stop power rail pending_off timer
11-23 09:16:55.045  1011  1189 D ASH     : @ 74267.245: tcs3701: start power rail timer, state:3
11-23 09:16:55.085  1011  1189 I ASH     : @ 74267.285: tcs3701: stop power rail pending_off timer
11-23 09:16:55.085  1011  1189 D ASH     : @ 74267.285: tcs3701: start power rail timer, state:3
11-23 09:16:55.119  5238  5296 I BatteryMgr:DataCollectionService: stats => 1700727415119,10681,4449,13427,4169000,100
11-23 09:16:55.125  1011  1189 I ASH     : @ 74267.325: tcs3701: stop power rail pending_off timer
11-23 09:16:55.125  1011  1189 D ASH     : @ 74267.325: tcs3701: start power rail timer, state:3
11-23 09:16:55.145  2113  2118 I pixel-thermal: skin-therm-monitor: 38.673
11-23 09:16:55.165  1011  1189 I ASH     : @ 74267.365: tcs3701: stop power rail pending_off timer
11-23 09:16:55.165  1011  1189 D ASH     : @ 74267.365: tcs3701: start power rail timer, state:3
11-23 09:16:55.205  1011  1189 I ASH     : @ 74267.405: tcs3701: stop power rail pending_off timer
11-23 09:16:55.205  1011  1189 D ASH     : @ 74267.405: tcs3701: start power rail timer, state:3
11-23 09:16:55.224  5238  5296 I BatteryMgr:DataCollectionService: stats => 1700727415224,10681,4449,13427,4169000,100
11-23 09:16:55.245  1011  1189 I ASH     : @ 74267.445: tcs3701: stop power rail pending_off timer
11-23 09:16:55.245  1011  1189 D ASH     : @ 74267.445: tcs3701: start power rail timer, state:3
11-23 09:16:55.285  1011  1189 I ASH     : @ 74267.485: tcs3701: stop power rail pending_off timer
11-23 09:16:55.285  1011  1189 D ASH     : @ 74267.485: tcs3701: start power rail timer, state:3
11-23 09:16:55.325  1011  1189 I ASH     : @ 74267.525: tcs3701: stop power rail pending_off timer
11-23 09:16:55.325  1011  1189 D ASH     : @ 74267.525: tcs3701: start power rail timer, state:3
11-23 09:16:55.330  5238  5296 I BatteryMgr:DataCollectionService: stats => 1700727415330,10681,4449,13427,4169000,100
11-23 09:16:55.365  1011  1189 I ASH     : @ 74267.565: tcs3701: stop power rail pending_off timer
11-23 09:16:55.365  1011  1189 D ASH     : @ 74267.565: tcs3701: start power rail timer, state:3
11-23 09:16:55.405  1011  1189 I ASH     : @ 74267.605: tcs3701: stop power rail pending_off timer
11-23 09:16:55.405  1011  1189 D ASH     : @ 74267.605: tcs3701: start power rail timer, state:3
11-23 09:16:55.435  5238  5296 I BatteryMgr:DataCollectionService: stats => 1700727415435,10681,4449,13427,4169000,100
11-23 09:16:55.445  1011  1189 I ASH     : @ 74267.645: tcs3701: stop power rail pending_off timer
11-23 09:16:55.445  1011  1189 D ASH     : @ 74267.645: tcs3701: start power rail timer, state:3
11-23 09:16:55.461  1795  4167 D ActivityManager: freezer override set to true
11-23 09:16:55.466  1795  4167 D ActivityManager: freezer override set to false
11-23 09:16:55.485  1011  1189 I ASH     : @ 74267.685: tcs3701: stop power rail pending_off timer
11-23 09:16:55.485  1011  1189 D ASH     : @ 74267.685: tcs3701: start power rail timer, state:3
11-23 09:16:55.522  1795  4167 D ActivityManager: freezer override set to true
11-23 09:16:55.527  1011  1189 I ASH     : @ 74267.725: tcs3701: stop power rail pending_off timer
11-23 09:16:55.527  1011  1189 D ASH     : @ 74267.725: tcs3701: start power rail timer, state:3
11-23 09:16:55.540  5238  5296 I BatteryMgr:DataCollectionService: stats => 1700727415540,10681,4449,13427,4169000,100
11-23 09:16:55.565  1011  1189 I ASH     : @ 74267.765: tcs3701: stop power rail pending_off timer
11-23 09:16:55.565  1011  1189 D ASH     : @ 74267.765: tcs3701: start power rail timer, state:3
11-23 09:16:55.593  3845  3845 D BoundBrokerSvc: onUnbind: Intent { act=com.google.android.gms.feedback.internal.IFeedbackService dat=chimera-action:/... cmp=com.google.android.gms/.chimera.GmsBoundBrokerService }
11-23 09:16:55.595  3074  3074 D BoundBrokerSvc: onUnbind: Intent { act=com.google.android.gms.icing.LIGHTWEIGHT_INDEX_SERVICE dat=chimera-action:/... cmp=com.google.android.gms/.chimera.PersistentApiService }
11-23 09:16:55.605  1011  1189 I ASH     : @ 74267.805: tcs3701: stop power rail pending_off timer
11-23 09:16:55.605  1011  1189 D ASH     : @ 74267.805: tcs3701: start power rail timer, state:3
11-23 09:16:55.606 12560 12593 I m.chrome.canary: Explicit concurrent copying GC freed 3808(191KB) AllocSpace objects, 4(80KB) LOS objects, 75% free, 11MB/45MB, paused 35us,26us total 47.816ms
11-23 09:16:55.644  5238  5296 I BatteryMgr:DataCollectionService: stats => 1700727415644,10681,4449,13427,4169000,100
11-23 09:16:55.645  1011  1189 I ASH     : @ 74267.845: tcs3701: stop power rail pending_off timer
11-23 09:16:55.645  1011  1189 D ASH     : @ 74267.845: tcs3701: start power rail timer, state:3
11-23 09:16:55.668  1795  4167 D ActivityManager: freezer override set to false
11-23 09:16:55.685  1011  1189 I ASH     : @ 74267.885: tcs3701: stop power rail pending_off timer
11-23 09:16:55.685  1011  1189 D ASH     : @ 74267.885: tcs3701: start power rail timer, state:3
11-23 09:16:55.717  1795  4167 D ActivityManager: freezer override set to true
11-23 09:16:55.722  1795  4167 D ActivityManager: freezer override set to false
11-23 09:16:55.725  1011  1189 I ASH     : @ 74267.925: tcs3701: stop power rail pending_off timer
11-23 09:16:55.725  1011  1189 D ASH     : @ 74267.925: tcs3701: start power rail timer, state:3
11-23 09:16:55.750  5238  5296 I BatteryMgr:DataCollectionService: stats => 1700727415750,10681,4449,13427,4169000,100
11-23 09:16:55.765  1011  1189 I ASH     : @ 74267.965: tcs3701: stop power rail pending_off timer
11-23 09:16:55.765  1011  1189 D ASH     : @ 74267.965: tcs3701: start power rail timer, state:3
11-23 09:16:55.805  1011  1189 I ASH     : @ 74268.005: tcs3701: stop power rail pending_off timer
11-23 09:16:55.805  1011  1189 D ASH     : @ 74268.005: tcs3701: start power rail timer, state:3
11-23 09:16:55.845  1011  1189 I ASH     : @ 74268.045: tcs3701: stop power rail pending_off timer
11-23 09:16:55.845  1011  1189 D ASH     : @ 74268.045: tcs3701: start power rail timer, state:3
11-23 09:16:55.855  5238  5296 I BatteryMgr:DataCollectionService: stats => 1700727415855,10681,4449,13427,4169000,100
11-23 09:16:55.885  1011  1189 I ASH     : @ 74268.085: tcs3701: stop power rail pending_off timer
11-23 09:16:55.885  1011  1189 D ASH     : @ 74268.085: tcs3701: start power rail timer, state:3
11-23 09:16:55.925  1011  1189 I ASH     : @ 74268.125: tcs3701: stop power rail pending_off timer
11-23 09:16:55.925  1011  1189 D ASH     : @ 74268.125: tcs3701: start power rail timer, state:3
11-23 09:16:55.959  5238  5296 I BatteryMgr:DataCollectionService: stats => 1700727415959,10681,4449,13427,4169000,100
11-23 09:16:55.965  1011  1189 I ASH     : @ 74268.165: tcs3701: stop power rail pending_off timer
11-23 09:16:55.965  1011  1189 D ASH     : @ 74268.165: tcs3701: start power rail timer, state:3
11-23 09:16:56.005  1011  1189 I ASH     : @ 74268.205: tcs3701: stop power rail pending_off timer
11-23 09:16:56.005  1011  1189 D ASH     : @ 74268.205: tcs3701: start power rail timer, state:3
11-23 09:16:56.046  1011  1189 I ASH     : @ 74268.245: tcs3701: stop power rail pending_off timer
11-23 09:16:56.046  1011  1189 D ASH     : @ 74268.245: tcs3701: start power rail timer, state:3
11-23 09:16:56.064  5238  5296 I BatteryMgr:DataCollectionService: stats => 1700727416064,10681,4449,13427,4169000,100
11-23 09:16:56.085  1011  1189 I ASH     : @ 74268.285: tcs3701: stop power rail pending_off timer
11-23 09:16:56.085  1011  1189 D ASH     : @ 74268.285: tcs3701: start power rail timer, state:3
11-23 09:16:56.125  1011  1189 I ASH     : @ 74268.325: tcs3701: stop power rail pending_off timer
11-23 09:16:56.125  1011  1189 D ASH     : @ 74268.325: tcs3701: start power rail timer, state:3
11-23 09:16:56.165  1011  1189 I ASH     : @ 74268.365: tcs3701: stop power rail pending_off timer
11-23 09:16:56.165  1011  1189 D ASH     : @ 74268.365: tcs3701: start power rail timer, state:3
11-23 09:16:56.169  5238  5296 I BatteryMgr:DataCollectionService: stats => 1700727416169,10681,4449,13427,4169000,100
11-23 09:16:56.205  1011  1189 I ASH     : @ 74268.405: tcs3701: stop power rail pending_off timer
11-23 09:16:56.205  1011  1189 D ASH     : @ 74268.405: tcs3701: start power rail timer, state:3
11-23 09:16:56.245  1011  1189 I ASH     : @ 74268.445: tcs3701: stop power rail pending_off timer
11-23 09:16:56.245  1011  1189 D ASH     : @ 74268.445: tcs3701: start power rail timer, state:3
11-23 09:16:56.273  5238  5296 I BatteryMgr:DataCollectionService: stats => 1700727416273,10681,4449,13427,4169000,100
11-23 09:16:56.285  1011  1189 I ASH     : @ 74268.485: tcs3701: stop power rail pending_off timer
11-23 09:16:56.286  1011  1189 D ASH     : @ 74268.485: tcs3701: start power rail timer, state:3
11-23 09:16:56.325  1011  1189 I ASH     : @ 74268.525: tcs3701: stop power rail pending_off timer
11-23 09:16:56.325  1011  1189 D ASH     : @ 74268.525: tcs3701: start power rail timer, state:3
11-23 09:16:56.365  1011  1189 I ASH     : @ 74268.565: tcs3701: stop power rail pending_off timer
11-23 09:16:56.365  1011  1189 D ASH     : @ 74268.565: tcs3701: start power rail timer, state:3
11-23 09:16:56.377  5238  5296 I BatteryMgr:DataCollectionService: stats => 1700727416377,10681,4449,13427,4169000,100
11-23 09:16:56.405  1011  1189 I ASH     : @ 74268.605: tcs3701: stop power rail pending_off timer
11-23 09:16:56.405  1011  1189 D ASH     : @ 74268.605: tcs3701: start power rail timer, state:3
11-23 09:16:56.445  1011  1189 I ASH     : @ 74268.645: tcs3701: stop power rail pending_off timer
11-23 09:16:56.445  1011  1189 D ASH     : @ 74268.645: tcs3701: start power rail timer, state:3
11-23 09:16:56.463  1795  4167 D ActivityManager: freezer override set to true
11-23 09:16:56.468  1795  4167 D ActivityManager: freezer override set to false
11-23 09:16:56.482  5238  5296 I BatteryMgr:DataCollectionService: stats => 1700727416482,10681,4449,13427,4169000,100
11-23 09:16:56.485  1011  1189 I ASH     : @ 74268.685: tcs3701: stop power rail pending_off timer
11-23 09:16:56.485  1011  1189 D ASH     : @ 74268.685: tcs3701: start power rail timer, state:3
11-23 09:16:56.526  1011  1189 I ASH     : @ 74268.725: tcs3701: stop power rail pending_off timer
11-23 09:16:56.526  1011  1189 D ASH     : @ 74268.725: tcs3701: start power rail timer, state:3
11-23 09:16:56.565  1011  1189 I ASH     : @ 74268.765: tcs3701: stop power rail pending_off timer
11-23 09:16:56.565  1011  1189 D ASH     : @ 74268.765: tcs3701: start power rail timer, state:3
11-23 09:16:56.588  5238  5296 I BatteryMgr:DataCollectionService: stats => 1700727416588,10681,4449,13427,4169000,100
11-23 09:16:56.605  1011  1189 I ASH     : @ 74268.805: tcs3701: stop power rail pending_off timer
11-23 09:16:56.605  1011  1189 D ASH     : @ 74268.805: tcs3701: start power rail timer, state:3
11-23 09:16:56.645  1011  1189 I ASH     : @ 74268.845: tcs3701: stop power rail pending_off timer
11-23 09:16:56.645  1011  1189 D ASH     : @ 74268.845: tcs3701: start power rail timer, state:3
11-23 09:16:56.685  1011  1189 I ASH     : @ 74268.885: tcs3701: stop power rail pending_off timer
11-23 09:16:56.685  1011  1189 D ASH     : @ 74268.885: tcs3701: start power rail timer, state:3
11-23 09:16:56.692  5238  5296 I BatteryMgr:DataCollectionService: stats => 1700727416692,10681,4449,13427,4169000,100
11-23 09:16:56.725  1011  1189 I ASH     : @ 74268.925: tcs3701: stop power rail pending_off timer
11-23 09:16:56.725  1011  1189 D ASH     : @ 74268.925: tcs3701: start power rail timer, state:3
11-23 09:16:56.765  1011  1189 I ASH     : @ 74268.965: tcs3701: stop power rail pending_off timer
11-23 09:16:56.765  1011  1189 D ASH     : @ 74268.965: tcs3701: start power rail timer, state:3
11-23 09:16:56.799  5238  5296 I BatteryMgr:DataCollectionService: stats => 1700727416799,10681,4449,13427,4169000,100
11-23 09:16:56.805  1011  1189 I ASH     : @ 74269.005: tcs3701: stop power rail pending_off timer
11-23 09:16:56.805  1011  1189 D ASH     : @ 74269.005: tcs3701: start power rail timer, state:3
11-23 09:16:56.845  1011  1189 I ASH     : @ 74269.045: tcs3701: stop power rail pending_off timer
11-23 09:16:56.845  1011  1189 D ASH     : @ 74269.045: tcs3701: start power rail timer, state:3
11-23 09:16:56.872  1795  4167 D ActivityManager: freezer override set to true
11-23 09:16:56.885  1011  1189 I ASH     : @ 74269.085: tcs3701: stop power rail pending_off timer
11-23 09:16:56.885  1011  1189 D ASH     : @ 74269.085: tcs3701: start power rail timer, state:3
11-23 09:16:56.903  5238  5296 I BatteryMgr:DataCollectionService: stats => 1700727416903,10681,4449,13427,4169000,100
11-23 09:16:56.925  1011  1189 I ASH     : @ 74269.125: tcs3701: stop power rail pending_off timer
11-23 09:16:56.925  1011  1189 D ASH     : @ 74269.125: tcs3701: start power rail timer, state:3
11-23 09:16:56.965  1011  1189 I ASH     : @ 74269.165: tcs3701: stop power rail pending_off timer
11-23 09:16:56.965  1011  1189 D ASH     : @ 74269.165: tcs3701: start power rail timer, state:3
11-23 09:16:56.968 12560 12593 I m.chrome.canary: Explicit concurrent copying GC freed 3593(176KB) AllocSpace objects, 3(60KB) LOS objects, 75% free, 11MB/45MB, paused 102us,27us total 51.125ms
11-23 09:16:57.005  1011  1189 I ASH     : @ 74269.205: tcs3701: stop power rail pending_off timer
11-23 09:16:57.005  1011  1189 D ASH     : @ 74269.205: tcs3701: start power rail timer, state:3
11-23 09:16:57.012  5238  5296 I BatteryMgr:DataCollectionService: stats => 1700727417012,10681,4449,13427,4169000,100
11-23 09:16:57.030  1795  4167 D ActivityManager: freezer override set to false
11-23 09:16:57.045  1011  1189 I ASH     : @ 74269.245: tcs3701: stop power rail pending_off timer
11-23 09:16:57.045  1011  1189 D ASH     : @ 74269.245: tcs3701: start power rail timer, state:3
11-23 09:16:57.072  1795  4167 D ActivityManager: freezer override set to true
11-23 09:16:57.075  1795  4167 D ActivityManager: freezer override set to false
11-23 09:16:57.085  1011  1189 I ASH     : @ 74269.285: tcs3701: stop power rail pending_off timer
11-23 09:16:57.085  1011  1189 D ASH     : @ 74269.285: tcs3701: start power rail timer, state:3
11-23 09:16:57.119  5238  5296 I BatteryMgr:DataCollectionService: stats => 1700727417119,10681,4449,13427,4169000,100
11-23 09:16:57.125  1011  1189 I ASH     : @ 74269.325: tcs3701: stop power rail pending_off timer
11-23 09:16:57.125  1011  1189 D ASH     : @ 74269.325: tcs3701: start power rail timer, state:3
11-23 09:16:57.149  2113  2118 I pixel-thermal: skin-therm-monitor: 38.69
11-23 09:16:57.165  1011  1189 I ASH     : @ 74269.365: tcs3701: stop power rail pending_off timer
11-23 09:16:57.165  1011  1189 D ASH     : @ 74269.365: tcs3701: start power rail timer, state:3
11-23 09:16:57.205  1011  1189 I ASH     : @ 74269.405: tcs3701: stop power rail pending_off timer
11-23 09:16:57.205  1011  1189 D ASH     : @ 74269.405: tcs3701: start power rail timer, state:3
11-23 09:16:57.224  5238  5296 I BatteryMgr:DataCollectionService: stats => 1700727417224,10681,4449,13427,4169000,100
11-23 09:16:57.245  1011  1189 I ASH     : @ 74269.445: tcs3701: stop power rail pending_off timer
11-23 09:16:57.245  1011  1189 D ASH     : @ 74269.445: tcs3701: start power rail timer, state:3
11-23 09:16:57.286  1011  1189 I ASH     : @ 74269.485: tcs3701: stop power rail pending_off timer
11-23 09:16:57.286  1011  1189 D ASH     : @ 74269.485: tcs3701: start power rail timer, state:3
11-23 09:16:57.325  1011  1189 I ASH     : @ 74269.525: tcs3701: stop power rail pending_off timer
11-23 09:16:57.325  1011  1189 D ASH     : @ 74269.525: tcs3701: start power rail timer, state:3
11-23 09:16:57.330  5238  5296 I BatteryMgr:DataCollectionService: stats => 1700727417330,10681,4449,13427,4169000,100
11-23 09:16:57.365  1011  1189 I ASH     : @ 74269.565: tcs3701: stop power rail pending_off timer
11-23 09:16:57.365  1011  1189 D ASH     : @ 74269.565: tcs3701: start power rail timer, state:3
11-23 09:16:57.405  1011  1189 I ASH     : @ 74269.605: tcs3701: stop power rail pending_off timer
11-23 09:16:57.405  1011  1189 D ASH     : @ 74269.605: tcs3701: start power rail timer, state:3
11-23 09:16:57.434  5238  5296 I BatteryMgr:DataCollectionService: stats => 1700727417434,10681,4449,13427,4169000,100
11-23 09:16:57.445  1011  1189 I ASH     : @ 74269.645: tcs3701: stop power rail pending_off timer
11-23 09:16:57.445  1011  1189 D ASH     : @ 74269.645: tcs3701: start power rail timer, state:3
11-23 09:16:57.468  1795  4167 D ActivityManager: freezer override set to true
11-23 09:16:57.473  1795  4167 D ActivityManager: freezer override set to false
11-23 09:16:57.485  1011  1189 I ASH     : @ 74269.685: tcs3701: stop power rail pending_off timer
11-23 09:16:57.485  1011  1189 D ASH     : @ 74269.685: tcs3701: start power rail timer, state:3
11-23 09:16:57.525  1011  1189 I ASH     : @ 74269.725: tcs3701: stop power rail pending_off timer
11-23 09:16:57.525  1011  1189 D ASH     : @ 74269.725: tcs3701: start power rail timer, state:3
11-23 09:16:57.538  5238  5296 I BatteryMgr:DataCollectionService: stats => 1700727417538,12817,4449,13427,4169000,100
11-23 09:16:57.565  1011  1189 I ASH     : @ 74269.765: tcs3701: stop power rail pending_off timer
11-23 09:16:57.565  1011  1189 D ASH     : @ 74269.765: tcs3701: start power rail timer, state:3
11-23 09:16:57.605  1011  1189 I ASH     : @ 74269.805: tcs3701: stop power rail pending_off timer
11-23 09:16:57.605  1011  1189 D ASH     : @ 74269.805: tcs3701: start power rail timer, state:3
11-23 09:16:57.642  5238  5296 I BatteryMgr:DataCollectionService: stats => 1700727417641,12817,4449,13427,4169000,100
11-23 09:16:57.645  1011  1189 I ASH     : @ 74269.845: tcs3701: stop power rail pending_off timer
11-23 09:16:57.645  1011  1189 D ASH     : @ 74269.845: tcs3701: start power rail timer, state:3
11-23 09:16:57.685  1011  1189 I ASH     : @ 74269.885: tcs3701: stop power rail pending_off timer
11-23 09:16:57.685  1011  1189 D ASH     : @ 74269.885: tcs3701: start power rail timer, state:3
11-23 09:16:57.725  1011  1189 I ASH     : @ 74269.925: tcs3701: stop power rail pending_off timer
11-23 09:16:57.725  1011  1189 D ASH     : @ 74269.925: tcs3701: start power rail timer, state:3
11-23 09:16:57.746  5238  5296 I BatteryMgr:DataCollectionService: stats => 1700727417746,12817,4449,13427,4169000,100
11-23 09:16:57.765  1011  1189 I ASH     : @ 74269.965: tcs3701: stop power rail pending_off timer
11-23 09:16:57.765  1011  1189 D ASH     : @ 74269.965: tcs3701: start power rail timer, state:3
11-23 09:16:57.805  1011  1189 I ASH     : @ 74270.005: tcs3701: stop power rail pending_off timer
11-23 09:16:57.805  1011  1189 D ASH     : @ 74270.005: tcs3701: start power rail timer, state:3
11-23 09:16:57.818  3845  3845 E AbstractGmsTracer: Traced class shouldn't be obfuscated: GmsIntentOperationChimeraService [CONTEXT service_id=259 ]
11-23 09:16:57.824  3845 13187 E AbstractGmsTracer: Traced class shouldn't be obfuscated: InstantIndexingIntentOperation [CONTEXT service_id=259 ]
11-23 09:16:57.825  3845 13187 I GmscoreIpa: Starting mediastore instant index [CONTEXT service_id=255 ]
11-23 09:16:57.845  1011  1189 I ASH     : @ 74270.045: tcs3701: stop power rail pending_off timer
11-23 09:16:57.845  1011  1189 D ASH     : @ 74270.045: tcs3701: start power rail timer, state:3
11-23 09:16:57.851  5238  5296 I BatteryMgr:DataCollectionService: stats => 1700727417851,12817,4449,13427,4169000,100
11-23 09:16:57.885  1011  1189 I ASH     : @ 74270.085: tcs3701: stop power rail pending_off timer
11-23 09:16:57.885  1011  1189 D ASH     : @ 74270.085: tcs3701: start power rail timer, state:3
11-23 09:16:57.921  1795  2424 D WifiClientModeImpl[13802:wlan0]: updateLinkLayerStatsRssiSpeedFrequencyCapabilities rssi=-49 TxLinkspeed=866 freq=5240 RxLinkSpeed=866
11-23 09:16:57.921  1795  2424 D WifiDataStall: tx tput in kbps: 794960
11-23 09:16:57.921  1795  2424 D WifiDataStall: rx tput in kbps: 794960
11-23 09:16:57.921  1795  2424 V WifiConfigManager: Updating scan detail cache freq=5240 BSSID=f4:6d:2f:12:cc:88 RSSI=-47 for "ourhome"WPA_PSK
11-23 09:16:57.922  1795  2424 D WifiChannelUtilization:  freq: 5240 onTime: 1894181 busyTime: 162817 onTimeDiff: 1893886 busyTimeDiff: 162800 utilization: 21 utilization t0: 21
11-23 09:16:57.922  1795  2424 D WifiDataStall:  ccaLevel = 21
11-23 09:16:57.922  1795  2424 D WifiDataStall: L2 txTputKbps: 691616, rxTputKbps: 794960, L3 txTputKbps: 118, rxTputKbps: 29, TxTrafficHigh: true, RxTrafficHigh: true, Throughput Sufficient: true
11-23 09:16:57.922  1795  2424 D WifiScoreReport: Wifi scoring disabled - Don't check IP layer
11-23 09:16:57.922  3213  3230 V WifiManager: OnWifiUsabilityStatsListener: onWifiUsabilityStats: seqNum=24572
11-23 09:16:57.922  1795  2424 D WifiScoreCard: BSSID update SIGNAL_POLL ID: 1320464697 SSID: "ourhome", BSSID: f4:6d:2f:12:cc:88, MAC: b2:2f:ec:da:4a:0c, IP: /192.168.1.104, Security type: 2, Supplicant state: COMPLETED, Wi-Fi standard: 5, RSSI: -49, Link speed: 866Mbps, Tx Link speed: 866Mbps, Max Supported Tx Link speed: 866Mbps, Rx Link speed: 866Mbps, Max Supported Rx Link speed: 866Mbps, Frequency: 5240MHz, Net ID: 12, Metered hint: false, score: 60, isUsable: true, CarrierMerged: false, SubscriptionId: -1, IsPrimary: 1, Trusted: true, Restricted: false, Ephemeral: false, OEM paid: false, OEM private: false, OSU AP: false, FQDN: <none>, Provider friendly name: <none>, Requesting package name: <none>"ourhome"wpa2-pskMLO Information: , Is TID-To-Link negotiation supported by the AP: false, AP MLD Address: <none>, AP MLO Link Id: <none>, AP MLO Affiliated links: <none>
11-23 09:16:57.922  2782  5906 D QCNEJ/WlanStaInfoRelay: Received action: android.net.wifi.RSSI_CHANGED
11-23 09:16:57.922  1795  2424 D WifiScoreCard: txRate: 8 txSpeed: 866
11-23 09:16:57.922  1795  2424 D WifiScoreCard: network update SIGNAL_POLL "ourhome" ID: 1499892569 RSSI -49 txSpeed 866
11-23 09:16:57.922  1795  2424 D WifiClientModeImpl[13802:wlan0]:  ClientModeImpl$L2ConnectedState screen=on 7 0 "ourhome" f4:6d:2f:12:cc:88 rssi=-49 f=5240 sc=60 link=866 tx=7.0, 0.7, 0.0 rx=5.7 bcn=706584 [on:131 tx:3 rx:1 period:3010] from screen [on:73644 period:1884929] score=60
11-23 09:16:57.922  1795  4162 I WifiService: updateWifiUsabilityScore uid=10180 seqNum=24572 score=100 predictionHorizonSec=1441795
11-23 09:16:57.923  1795  2424 D WifiScoreReport: Wifi scoring disabled - Notify that Wifi is usable
11-23 09:16:57.925  1795  2432 D ConnectivityService: NetReassign [no changes] [c 0] [a 0] [i 2]
11-23 09:16:57.928  1011  1189 I ASH     : @ 74270.125: tcs3701: stop power rail pending_off timer
11-23 09:16:57.928  1011  1189 D ASH     : @ 74270.125: tcs3701: start power rail timer, state:3
11-23 09:16:57.955  5238  5296 I BatteryMgr:DataCollectionService: stats => 1700727417955,12817,4449,13427,4169000,100
11-23 09:16:57.965  1011  1189 I ASH     : @ 74270.165: tcs3701: stop power rail pending_off timer
11-23 09:16:57.965  1011  1189 D ASH     : @ 74270.165: tcs3701: start power rail timer, state:3
11-23 09:16:58.006  1011  1189 I ASH     : @ 74270.205: tcs3701: stop power rail pending_off timer
11-23 09:16:58.006  1011  1189 D ASH     : @ 74270.205: tcs3701: start power rail timer, state:3
11-23 09:16:58.045  1011  1189 I ASH     : @ 74270.245: tcs3701: stop power rail pending_off timer
11-23 09:16:58.046  1011  1189 D ASH     : @ 74270.245: tcs3701: start power rail timer, state:3
11-23 09:16:58.060  5238  5296 I BatteryMgr:DataCollectionService: stats => 1700727418060,12817,4449,13427,4169000,100
11-23 09:16:58.085  1011  1189 I ASH     : @ 74270.285: tcs3701: stop power rail pending_off timer
11-23 09:16:58.085  1011  1189 D ASH     : @ 74270.285: tcs3701: start power rail timer, state:3
11-23 09:16:58.125  1011  1189 I ASH     : @ 74270.325: tcs3701: stop power rail pending_off timer
11-23 09:16:58.125  1011  1189 D ASH     : @ 74270.325: tcs3701: start power rail timer, state:3
11-23 09:16:58.165  5238  5296 I BatteryMgr:DataCollectionService: stats => 1700727418165,12817,4449,13427,4169000,100
11-23 09:16:58.165  1011  1189 I ASH     : @ 74270.365: tcs3701: stop power rail pending_off timer
11-23 09:16:58.165  1011  1189 D ASH     : @ 74270.365: tcs3701: start power rail timer, state:3
11-23 09:16:58.205  1011  1189 I ASH     : @ 74270.405: tcs3701: stop power rail pending_off timer
11-23 09:16:58.205  1011  1189 D ASH     : @ 74270.405: tcs3701: start power rail timer, state:3
11-23 09:16:58.235  1795  4162 D ActivityManager: freezer override set to true
11-23 09:16:58.245  1011  1189 I ASH     : @ 74270.445: tcs3701: stop power rail pending_off timer
11-23 09:16:58.245  1011  1189 D ASH     : @ 74270.445: tcs3701: start power rail timer, state:3
11-23 09:16:58.269  5238  5296 I BatteryMgr:DataCollectionService: stats => 1700727418269,12817,4449,13427,4169000,100
11-23 09:16:58.285  1011  1189 I ASH     : @ 74270.485: tcs3701: stop power rail pending_off timer
11-23 09:16:58.285  1011  1189 D ASH     : @ 74270.485: tcs3701: start power rail timer, state:3
11-23 09:16:58.325  1011  1189 I ASH     : @ 74270.525: tcs3701: stop power rail pending_off timer
11-23 09:16:58.325  1011  1189 D ASH     : @ 74270.525: tcs3701: start power rail timer, state:3
11-23 09:16:58.327 12560 12593 I m.chrome.canary: Explicit concurrent copying GC freed 3576(176KB) AllocSpace objects, 3(60KB) LOS objects, 75% free, 11MB/45MB, paused 37us,28us total 46.739ms
11-23 09:16:58.365  1011  1189 I ASH     : @ 74270.565: tcs3701: stop power rail pending_off timer
11-23 09:16:58.365  1011  1189 D ASH     : @ 74270.565: tcs3701: start power rail timer, state:3
11-23 09:16:58.377  5238  5296 I BatteryMgr:DataCollectionService: stats => 1700727418377,12817,4449,13427,4169000,100
11-23 09:16:58.389  1795  4162 D ActivityManager: freezer override set to false
11-23 09:16:58.405  1011  1189 I ASH     : @ 74270.605: tcs3701: stop power rail pending_off timer
11-23 09:16:58.405  1011  1189 D ASH     : @ 74270.605: tcs3701: start power rail timer, state:3
11-23 09:16:58.445  1011  1189 I ASH     : @ 74270.645: tcs3701: stop power rail pending_off timer
11-23 09:16:58.445  1011  1189 D ASH     : @ 74270.645: tcs3701: start power rail timer, state:3
11-23 09:16:58.445  1795  4162 D ActivityManager: freezer override set to true
11-23 09:16:58.447  1795  4162 D ActivityManager: freezer override set to false
11-23 09:16:58.469  1795  4162 D ActivityManager: freezer override set to true
11-23 09:16:58.473  1795  4162 D ActivityManager: freezer override set to false
11-23 09:16:58.483  5238  5296 I BatteryMgr:DataCollectionService: stats => 1700727418483,12817,4449,13427,4169000,100
11-23 09:16:58.486  1011  1189 I ASH     : @ 74270.685: tcs3701: stop power rail pending_off timer
11-23 09:16:58.486  1011  1189 D ASH     : @ 74270.685: tcs3701: start power rail timer, state:3
11-23 09:16:58.525  1011  1189 I ASH     : @ 74270.725: tcs3701: stop power rail pending_off timer
11-23 09:16:58.525  1011  1189 D ASH     : @ 74270.725: tcs3701: start power rail timer, state:3
11-23 09:16:58.565  1011  1189 I ASH     : @ 74270.765: tcs3701: stop power rail pending_off timer
11-23 09:16:58.565  1011  1189 D ASH     : @ 74270.765: tcs3701: start power rail timer, state:3
11-23 09:16:58.588  5238  5296 I BatteryMgr:DataCollectionService: stats => 1700727418588,12817,4449,13427,4169000,100
11-23 09:16:58.605  1011  1189 I ASH     : @ 74270.805: tcs3701: stop power rail pending_off timer
11-23 09:16:58.605  1011  1189 D ASH     : @ 74270.805: tcs3701: start power rail timer, state:3
11-23 09:16:58.645  1011  1189 I ASH     : @ 74270.845: tcs3701: stop power rail pending_off timer
11-23 09:16:58.645  1011  1189 D ASH     : @ 74270.845: tcs3701: start power rail timer, state:3
11-23 09:16:58.685  1011  1189 I ASH     : @ 74270.885: tcs3701: stop power rail pending_off timer
11-23 09:16:58.686  1011  1189 D ASH     : @ 74270.885: tcs3701: start power rail timer, state:3
11-23 09:16:58.693  5238  5296 I BatteryMgr:DataCollectionService: stats => 1700727418693,12817,4449,13427,4169000,100
11-23 09:16:58.725  1011  1189 I ASH     : @ 74270.925: tcs3701: stop power rail pending_off timer
11-23 09:16:58.725  1011  1189 D ASH     : @ 74270.925: tcs3701: start power rail timer, state:3
11-23 09:16:58.765  1011  1189 I ASH     : @ 74270.965: tcs3701: stop power rail pending_off timer
11-23 09:16:58.765  1011  1189 D ASH     : @ 74270.965: tcs3701: start power rail timer, state:3
11-23 09:16:58.797  5238  5296 I BatteryMgr:DataCollectionService: stats => 1700727418797,12817,4449,13427,4169000,100
11-23 09:16:58.805  1011  1189 I ASH     : @ 74271.005: tcs3701: stop power rail pending_off timer
11-23 09:16:58.805  1011  1189 D ASH     : @ 74271.005: tcs3701: start power rail timer, state:3
11-23 09:16:58.845  1011  1189 I ASH     : @ 74271.045: tcs3701: stop power rail pending_off timer
11-23 09:16:58.845  1011  1189 D ASH     : @ 74271.045: tcs3701: start power rail timer, state:3
11-23 09:16:58.886  1011  1189 I ASH     : @ 74271.085: tcs3701: stop power rail pending_off timer
11-23 09:16:58.886  1011  1189 D ASH     : @ 74271.085: tcs3701: start power rail timer, state:3
11-23 09:16:58.904  5238  5296 I BatteryMgr:DataCollectionService: stats => 1700727418904,12817,4449,13427,4169000,100
11-23 09:16:58.925  1011  1189 I ASH     : @ 74271.125: tcs3701: stop power rail pending_off timer
11-23 09:16:58.926  1011  1189 D ASH     : @ 74271.125: tcs3701: start power rail timer, state:3
11-23 09:16:58.965  1011  1189 I ASH     : @ 74271.165: tcs3701: stop power rail pending_off timer
11-23 09:16:58.965  1011  1189 D ASH     : @ 74271.165: tcs3701: start power rail timer, state:3
11-23 09:16:59.005  1011  1189 I ASH     : @ 74271.205: tcs3701: stop power rail pending_off timer
11-23 09:16:59.005  1011  1189 D ASH     : @ 74271.205: tcs3701: start power rail timer, state:3
11-23 09:16:59.010  5238  5296 I BatteryMgr:DataCollectionService: stats => 1700727419010,12817,4449,13427,4169000,100
11-23 09:16:59.045  1011  1189 I ASH     : @ 74271.245: tcs3701: stop power rail pending_off timer
11-23 09:16:59.045  1011  1189 D ASH     : @ 74271.245: tcs3701: start power rail timer, state:3
11-23 09:16:59.085  1011  1189 I ASH     : @ 74271.285: tcs3701: stop power rail pending_off timer
11-23 09:16:59.085  1011  1189 D ASH     : @ 74271.285: tcs3701: start power rail timer, state:3
11-23 09:16:59.115  5238  5296 I BatteryMgr:DataCollectionService: stats => 1700727419114,12817,4449,13427,4169000,100
11-23 09:16:59.125  1011  1189 I ASH     : @ 74271.325: tcs3701: stop power rail pending_off timer
11-23 09:16:59.125  1011  1189 D ASH     : @ 74271.325: tcs3701: start power rail timer, state:3
11-23 09:16:59.153  2113  2118 I pixel-thermal: skin-therm-monitor: 38.707
11-23 09:16:59.166  1011  1189 I ASH     : @ 74271.365: tcs3701: stop power rail pending_off timer
11-23 09:16:59.166  1011  1189 D ASH     : @ 74271.365: tcs3701: start power rail timer, state:3
11-23 09:16:59.205  1011  1189 I ASH     : @ 74271.405: tcs3701: stop power rail pending_off timer
11-23 09:16:59.205  1011  1189 D ASH     : @ 74271.405: tcs3701: start power rail timer, state:3
11-23 09:16:59.219  5238  5296 I BatteryMgr:DataCollectionService: stats => 1700727419219,12817,4449,13427,4169000,100
11-23 09:16:59.245  1011  1189 I ASH     : @ 74271.445: tcs3701: stop power rail pending_off timer
11-23 09:16:59.245  1011  1189 D ASH     : @ 74271.445: tcs3701: start power rail timer, state:3
11-23 09:16:59.285  1011  1189 I ASH     : @ 74271.485: tcs3701: stop power rail pending_off timer
11-23 09:16:59.285  1011  1189 D ASH     : @ 74271.485: tcs3701: start power rail timer, state:3
11-23 09:16:59.325  5238  5296 I BatteryMgr:DataCollectionService: stats => 1700727419325,12817,4449,13427,4169000,100
11-23 09:16:59.325  1011  1189 I ASH     : @ 74271.525: tcs3701: stop power rail pending_off timer
11-23 09:16:59.325  1011  1189 D ASH     : @ 74271.525: tcs3701: start power rail timer, state:3
11-23 09:16:59.365  1011  1189 I ASH     : @ 74271.565: tcs3701: stop power rail pending_off timer
11-23 09:16:59.365  1011  1189 D ASH     : @ 74271.565: tcs3701: start power rail timer, state:3
11-23 09:16:59.405  1011  1189 I ASH     : @ 74271.605: tcs3701: stop power rail pending_off timer
11-23 09:16:59.405  1011  1189 D ASH     : @ 74271.605: tcs3701: start power rail timer, state:3
11-23 09:16:59.430  5238  5296 I BatteryMgr:DataCollectionService: stats => 1700727419430,12817,4449,13427,4169000,100
11-23 09:16:59.445  1011  1189 I ASH     : @ 74271.645: tcs3701: stop power rail pending_off timer
11-23 09:16:59.445  1011  1189 D ASH     : @ 74271.645: tcs3701: start power rail timer, state:3
11-23 09:16:59.468  1795  4162 D ActivityManager: freezer override set to true
11-23 09:16:59.472  1795  4162 D ActivityManager: freezer override set to false
11-23 09:16:59.485  1011  1189 I ASH     : @ 74271.685: tcs3701: stop power rail pending_off timer
11-23 09:16:59.485  1011  1189 D ASH     : @ 74271.685: tcs3701: start power rail timer, state:3
11-23 09:16:59.525  1011  1189 I ASH     : @ 74271.725: tcs3701: stop power rail pending_off timer
11-23 09:16:59.525  1011  1189 D ASH     : @ 74271.725: tcs3701: start power rail timer, state:3
11-23 09:16:59.536  5238  5296 I BatteryMgr:DataCollectionService: stats => 1700727419536,12817,4449,13427,4169000,100
11-23 09:16:59.565  1011  1189 I ASH     : @ 74271.765: tcs3701: stop power rail pending_off timer
11-23 09:16:59.565  1011  1189 D ASH     : @ 74271.765: tcs3701: start power rail timer, state:3
11-23 09:16:59.598  1795  4162 D ActivityManager: freezer override set to true
11-23 09:16:59.605  1011  1189 I ASH     : @ 74271.805: tcs3701: stop power rail pending_off timer
11-23 09:16:59.605  1011  1189 D ASH     : @ 74271.805: tcs3701: start power rail timer, state:3
11-23 09:16:59.641  5238  5296 I BatteryMgr:DataCollectionService: stats => 1700727419641,12817,4449,13427,4169000,100
11-23 09:16:59.646  1011  1189 I ASH     : @ 74271.845: tcs3701: stop power rail pending_off timer
11-23 09:16:59.646  1011  1189 D ASH     : @ 74271.845: tcs3701: start power rail timer, state:3
11-23 09:16:59.685  1011  1189 I ASH     : @ 74271.885: tcs3701: stop power rail pending_off timer
11-23 09:16:59.685  1011  1189 D ASH     : @ 74271.885: tcs3701: start power rail timer, state:3
11-23 09:16:59.686 12560 12593 I m.chrome.canary: Explicit concurrent copying GC freed 3803(191KB) AllocSpace objects, 4(80KB) LOS objects, 75% free, 11MB/45MB, paused 39us,25us total 46.351ms
11-23 09:16:59.725  1011  1189 I ASH     : @ 74271.925: tcs3701: stop power rail pending_off timer
11-23 09:16:59.725  1011  1189 D ASH     : @ 74271.925: tcs3701: start power rail timer, state:3
11-23 09:16:59.747  1795  4162 D ActivityManager: freezer override set to false
11-23 09:16:59.748  5238  5296 I BatteryMgr:DataCollectionService: stats => 1700727419748,12817,4449,13427,4169000,100
11-23 09:16:59.765  1011  1189 I ASH     : @ 74271.965: tcs3701: stop power rail pending_off timer
11-23 09:16:59.765  1011  1189 D ASH     : @ 74271.965: tcs3701: start power rail timer, state:3
11-23 09:16:59.785  1795  4167 D ActivityManager: freezer override set to true
11-23 09:16:59.788  1795  4167 D ActivityManager: freezer override set to false
11-23 09:16:59.805  1011  1189 I ASH     : @ 74272.005: tcs3701: stop power rail pending_off timer
11-23 09:16:59.805  1011  1189 D ASH     : @ 74272.005: tcs3701: start power rail timer, state:3
11-23 09:16:59.845  1011  1189 I ASH     : @ 74272.045: tcs3701: stop power rail pending_off timer
11-23 09:16:59.845  1011  1189 D ASH     : @ 74272.045: tcs3701: start power rail timer, state:3
11-23 09:16:59.852  5238  5296 I BatteryMgr:DataCollectionService: stats => 1700727419852,12817,4449,13427,4169000,100
11-23 09:16:59.885  1011  1189 I ASH     : @ 74272.085: tcs3701: stop power rail pending_off timer
11-23 09:16:59.885  1011  1189 D ASH     : @ 74272.085: tcs3701: start power rail timer, state:3
11-23 09:16:59.925  1011  1189 I ASH     : @ 74272.125: tcs3701: stop power rail pending_off timer
11-23 09:16:59.925  1011  1189 D ASH     : @ 74272.125: tcs3701: start power rail timer, state:3
11-23 09:16:59.957  5238  5296 I BatteryMgr:DataCollectionService: stats => 1700727419957,12817,4449,13427,4169000,100
11-23 09:16:59.965  1011  1189 I ASH     : @ 74272.165: tcs3701: stop power rail pending_off timer
11-23 09:16:59.965  1011  1189 D ASH     : @ 74272.165: tcs3701: start power rail timer, state:3
11-23 09:17:00.003  3579  3877 I AiAiEcho: (REDACTED) Predicting[%d]: %s
11-23 09:17:00.004  3579  3877 I AiAiEcho: (REDACTED) EchoTargets: %s
11-23 09:17:00.004  3579  3877 I AiAiEcho: Filtered by AiAi flag check: %s
11-23 09:17:00.005  3579  3877 I AiAiEcho: (REDACTED) Ranked targets strategy: %s, count: %d, ranking metadata: %s
11-23 09:17:00.005  1011  1189 I ASH     : @ 74272.205: tcs3701: stop power rail pending_off timer
11-23 09:17:00.005  1011  1189 D ASH     : @ 74272.205: tcs3701: start power rail timer, state:3
11-23 09:17:00.006  3579  3877 I AiAiEcho: (REDACTED) Predicting[%d]: %s
11-23 09:17:00.007  3579  3877 I AiAiEcho: (REDACTED) EchoTargets: %s
11-23 09:17:00.007  3579  3877 I AiAiEcho: Filtered by AiAi flag check: %s
11-23 09:17:00.007  3579  3877 I AiAiEcho: (REDACTED) Ranked targets strategy: %s, count: %d, ranking metadata: %s
11-23 09:17:00.012  3579  3877 I AiAiEcho: (REDACTED) #postPredictionTargets: Sending updates to UISurface %s with targets# %s (types=[%s])
11-23 09:17:00.015  3579  3877 I AiAiEcho: (REDACTED) #postPredictionTargets: Sending updates to UISurface %s with targets# %s (types=[%s])
11-23 09:17:00.017  2940  2940 D SsBaseTemplateCard: No text view can be set up
11-23 09:17:00.018  2940  2940 D SsBaseTemplateCard: Passed-in item info is null
11-23 09:17:00.018  2940  2940 I SsBaseTemplateCard: Secondary card pane is null
11-23 09:17:00.022  2513  2513 D SsBaseTemplateCard: No text view can be set up
11-23 09:17:00.023  2513  2513 D SsBaseTemplateCard: Passed-in item info is null
11-23 09:17:00.023  2513  2513 I SsBaseTemplateCard: Secondary card pane is null
11-23 09:17:00.045  1011  1189 I ASH     : @ 74272.245: tcs3701: stop power rail pending_off timer
11-23 09:17:00.045  1011  1189 D ASH     : @ 74272.245: tcs3701: start power rail timer, state:3
11-23 09:17:00.062  5238  5296 I BatteryMgr:DataCollectionService: stats => 1700727420062,12817,4449,13427,4169000,100
11-23 09:17:00.085  1011  1189 I ASH     : @ 74272.285: tcs3701: stop power rail pending_off timer
11-23 09:17:00.085  1011  1189 D ASH     : @ 74272.285: tcs3701: start power rail timer, state:3
11-23 09:17:00.125  1011  1189 I ASH     : @ 74272.325: tcs3701: stop power rail pending_off timer
11-23 09:17:00.125  1011  1189 D ASH     : @ 74272.325: tcs3701: start power rail timer, state:3
11-23 09:17:00.165  1011  1189 I ASH     : @ 74272.365: tcs3701: stop power rail pending_off timer
11-23 09:17:00.165  1011  1189 D ASH     : @ 74272.365: tcs3701: start power rail timer, state:3
11-23 09:17:00.166  5238  5296 I BatteryMgr:DataCollectionService: stats => 1700727420166,12817,4449,13427,4169000,100
11-23 09:17:00.205  1011  1189 I ASH     : @ 74272.405: tcs3701: stop power rail pending_off timer
11-23 09:17:00.205  1011  1189 D ASH     : @ 74272.405: tcs3701: start power rail timer, state:3
11-23 09:17:00.245  1011  1189 I ASH     : @ 74272.445: tcs3701: stop power rail pending_off timer
11-23 09:17:00.245  1011  1189 D ASH     : @ 74272.445: tcs3701: start power rail timer, state:3
11-23 09:17:00.271  5238  5296 I BatteryMgr:DataCollectionService: stats => 1700727420271,12817,4449,13427,4169000,100
11-23 09:17:00.285  1011  1189 I ASH     : @ 74272.485: tcs3701: stop power rail pending_off timer
11-23 09:17:00.285  1011  1189 D ASH     : @ 74272.485: tcs3701: start power rail timer, state:3
11-23 09:17:00.325  1011  1189 I ASH     : @ 74272.525: tcs3701: stop power rail pending_off timer
11-23 09:17:00.325  1011  1189 D ASH     : @ 74272.525: tcs3701: start power rail timer, state:3
11-23 09:17:00.365  1011  1189 I ASH     : @ 74272.565: tcs3701: stop power rail pending_off timer
11-23 09:17:00.365  1011  1189 D ASH     : @ 74272.565: tcs3701: start power rail timer, state:3
11-23 09:17:00.376  5238  5296 I BatteryMgr:DataCollectionService: stats => 1700727420376,12817,4449,13427,4169000,100
11-23 09:17:00.405  1011  1189 I ASH     : @ 74272.605: tcs3701: stop power rail pending_off timer
11-23 09:17:00.405  1011  1189 D ASH     : @ 74272.605: tcs3701: start power rail timer, state:3
11-23 09:17:00.445  1011  1189 I ASH     : @ 74272.645: tcs3701: stop power rail pending_off timer
11-23 09:17:00.445  1011  1189 D ASH     : @ 74272.645: tcs3701: start power rail timer, state:3
11-23 09:17:00.473  1795  4167 D ActivityManager: freezer override set to true
11-23 09:17:00.479  1795  4167 D ActivityManager: freezer override set to false
11-23 09:17:00.480  5238  5296 I BatteryMgr:DataCollectionService: stats => 1700727420480,12817,4449,13427,4169000,100
11-23 09:17:00.485  1011  1189 I ASH     : @ 74272.685: tcs3701: stop power rail pending_off timer
11-23 09:17:00.485  1011  1189 D ASH     : @ 74272.685: tcs3701: start power rail timer, state:3
11-23 09:17:00.525  1011  1189 I ASH     : @ 74272.725: tcs3701: stop power rail pending_off timer
11-23 09:17:00.525  1011  1189 D ASH     : @ 74272.725: tcs3701: start power rail timer, state:3
11-23 09:17:00.565  1011  1189 I ASH     : @ 74272.765: tcs3701: stop power rail pending_off timer
11-23 09:17:00.565  1011  1189 D ASH     : @ 74272.765: tcs3701: start power rail timer, state:3
11-23 09:17:00.585  5238  5296 I BatteryMgr:DataCollectionService: stats => 1700727420585,12817,4449,13427,4169000,100
11-23 09:17:00.605  1011  1189 I ASH     : @ 74272.805: tcs3701: stop power rail pending_off timer
11-23 09:17:00.605  1011  1189 D ASH     : @ 74272.805: tcs3701: start power rail timer, state:3
11-23 09:17:00.645  1011  1189 I ASH     : @ 74272.845: tcs3701: stop power rail pending_off timer
11-23 09:17:00.645  1011  1189 D ASH     : @ 74272.845: tcs3701: start power rail timer, state:3
11-23 09:17:00.685  1011  1189 I ASH     : @ 74272.885: tcs3701: stop power rail pending_off timer
11-23 09:17:00.685  1011  1189 D ASH     : @ 74272.885: tcs3701: start power rail timer, state:3
11-23 09:17:00.690  5238  5296 I BatteryMgr:DataCollectionService: stats => 1700727420690,12817,4449,13427,4169000,100
11-23 09:17:00.725  1011  1189 I ASH     : @ 74272.925: tcs3701: stop power rail pending_off timer
11-23 09:17:00.725  1011  1189 D ASH     : @ 74272.925: tcs3701: start power rail timer, state:3
11-23 09:17:00.765  1011  1189 I ASH     : @ 74272.965: tcs3701: stop power rail pending_off timer
11-23 09:17:00.765  1011  1189 D ASH     : @ 74272.965: tcs3701: start power rail timer, state:3
11-23 09:17:00.795  5238  5296 I BatteryMgr:DataCollectionService: stats => 1700727420795,12817,4449,13427,4169000,100
11-23 09:17:00.805  1011  1189 I ASH     : @ 74273.005: tcs3701: stop power rail pending_off timer
11-23 09:17:00.805  1011  1189 D ASH     : @ 74273.005: tcs3701: start power rail timer, state:3
11-23 09:17:00.845  1011  1189 I ASH     : @ 74273.045: tcs3701: stop power rail pending_off timer
11-23 09:17:00.845  1011  1189 D ASH     : @ 74273.045: tcs3701: start power rail timer, state:3
11-23 09:17:00.885  1011  1189 I ASH     : @ 74273.085: tcs3701: stop power rail pending_off timer
11-23 09:17:00.885  1011  1189 D ASH     : @ 74273.085: tcs3701: start power rail timer, state:3
11-23 09:17:00.899  5238  5296 I BatteryMgr:DataCollectionService: stats => 1700727420899,12817,4449,13427,4169000,100
11-23 09:17:00.925  1011  1189 I ASH     : @ 74273.125: tcs3701: stop power rail pending_off timer
11-23 09:17:00.925  1011  1189 D ASH     : @ 74273.125: tcs3701: start power rail timer, state:3
11-23 09:17:00.934  1795  2424 D WifiClientModeImpl[13802:wlan0]: updateLinkLayerStatsRssiSpeedFrequencyCapabilities rssi=-47 TxLinkspeed=866 freq=5240 RxLinkSpeed=866
11-23 09:17:00.935  2782  5906 D QCNEJ/WlanStaInfoRelay: Received action: android.net.wifi.RSSI_CHANGED
11-23 09:17:00.936  1795  2424 D WifiDataStall: tx tput in kbps: 691616
11-23 09:17:00.936  1795  2424 D WifiDataStall: rx tput in kbps: 794960
