11-23 08:59:39.998  1011  1189 D ASH     : @ 73232.198: tcs3701: start power rail timer, state:3
11-23 08:59:40.035  5238  5295 I BatteryMgr:DataCollectionService: stats => 1700726380035,12207,4449,13427,4169000,100
11-23 08:59:40.037  1011  1189 I ASH     : @ 73232.237: tcs3701: stop power rail pending_off timer
11-23 08:59:40.037  1011  1189 D ASH     : @ 73232.238: tcs3701: start power rail timer, state:3
11-23 08:59:40.078  1011  1189 I ASH     : @ 73232.277: tcs3701: stop power rail pending_off timer
11-23 08:59:40.078  1011  1189 D ASH     : @ 73232.278: tcs3701: start power rail timer, state:3
11-23 08:59:40.118  1011  1189 I ASH     : @ 73232.317: tcs3701: stop power rail pending_off timer
11-23 08:59:40.118  1011  1189 D ASH     : @ 73232.318: tcs3701: start power rail timer, state:3
11-23 08:59:40.142  5238  5295 I BatteryMgr:DataCollectionService: stats => 1700726380142,12207,4449,13427,4169000,100
11-23 08:59:40.157  1011  1189 I ASH     : @ 73232.357: tcs3701: stop power rail pending_off timer
11-23 08:59:40.157  1011  1189 D ASH     : @ 73232.358: tcs3701: start power rail timer, state:3
11-23 08:59:40.197  1011  1189 I ASH     : @ 73232.397: tcs3701: stop power rail pending_off timer
11-23 08:59:40.198  1011  1189 D ASH     : @ 73232.398: tcs3701: start power rail timer, state:3
11-23 08:59:40.238  1011  1189 I ASH     : @ 73232.438: tcs3701: stop power rail pending_off timer
11-23 08:59:40.238  1011  1189 D ASH     : @ 73232.438: tcs3701: start power rail timer, state:3
11-23 08:59:40.251  5238  5295 I BatteryMgr:DataCollectionService: stats => 1700726380251,12207,4449,13427,4169000,100
11-23 08:59:40.278  1011  1189 I ASH     : @ 73232.477: tcs3701: stop power rail pending_off timer
11-23 08:59:40.278  1011  1189 D ASH     : @ 73232.478: tcs3701: start power rail timer, state:3
11-23 08:59:40.318  1011  1189 I ASH     : @ 73232.518: tcs3701: stop power rail pending_off timer
11-23 08:59:40.318  1011  1189 D ASH     : @ 73232.518: tcs3701: start power rail timer, state:3
11-23 08:59:40.357  1011  1189 I ASH     : @ 73232.557: tcs3701: stop power rail pending_off timer
11-23 08:59:40.357  1011  1189 D ASH     : @ 73232.558: tcs3701: start power rail timer, state:3
11-23 08:59:40.358  5238  5295 I BatteryMgr:DataCollectionService: stats => 1700726380358,12207,4449,13427,4169000,100
11-23 08:59:40.399  1011  1189 I ASH     : @ 73232.598: tcs3701: stop power rail pending_off timer
11-23 08:59:40.399  1011  1189 D ASH     : @ 73232.598: tcs3701: start power rail timer, state:3
11-23 08:59:40.437  1011  1189 I ASH     : @ 73232.637: tcs3701: stop power rail pending_off timer
11-23 08:59:40.437  1011  1189 D ASH     : @ 73232.638: tcs3701: start power rail timer, state:3
11-23 08:59:40.466  5238  5295 I BatteryMgr:DataCollectionService: stats => 1700726380466,12207,4449,13427,4169000,100
11-23 08:59:40.479  1011  1189 I ASH     : @ 73232.677: tcs3701: stop power rail pending_off timer
11-23 08:59:40.479  1011  1189 D ASH     : @ 73232.678: tcs3701: start power rail timer, state:3
11-23 08:59:40.494  1795  2424 D WifiClientModeImpl[13802:wlan0]: updateLinkLayerStatsRssiSpeedFrequencyCapabilities rssi=-43 TxLinkspeed=780 freq=5240 RxLinkSpeed=866
11-23 08:59:40.494  1795  2424 D WifiScoreCard: 1 lastSampleWeight=28/128 filterInKbps=55537 avgKbps=55537 filterOutKbps=54345
11-23 08:59:40.494  1795  2424 D WifiDataStall: tx tput in kbps: 587132
11-23 08:59:40.494  1795  2424 D WifiDataStall: rx tput in kbps: 794960
11-23 08:59:40.494  1795  2424 V WifiConfigManager: Updating scan detail cache freq=5240 BSSID=f4:6d:2f:12:cc:88 RSSI=-42 for "ourhome"WPA_PSK
11-23 08:59:40.495  1795  2424 D WifiChannelUtilization:  freq: 5240 onTime: 1854606 busyTime: 159765 onTimeDiff: 1854311 busyTimeDiff: 159748 utilization: 21 utilization t0: 21
11-23 08:59:40.495  1795  2424 D WifiDataStall:  ccaLevel = 21
11-23 08:59:40.495  1795  2424 D WifiDataStall: L2 txTputKbps: 680214, rxTputKbps: 794960, L3 txTputKbps: 0, rxTputKbps: 0, TxTrafficHigh: false, RxTrafficHigh: false, Throughput Sufficient: true
11-23 08:59:40.495  3213  6173 V WifiManager: OnWifiUsabilityStatsListener: onWifiUsabilityStats: seqNum=24228
11-23 08:59:40.495  1795  2424 D WifiScoreReport: Wifi scoring disabled - Don't check IP layer
11-23 08:59:40.495  1795  2424 D WifiScoreCard: BSSID update SIGNAL_POLL ID: 1320464697 SSID: "ourhome", BSSID: f4:6d:2f:12:cc:88, MAC: b2:2f:ec:da:4a:0c, IP: /192.168.1.104, Security type: 2, Supplicant state: COMPLETED, Wi-Fi standard: 5, RSSI: -43, Link speed: 780Mbps, Tx Link speed: 780Mbps, Max Supported Tx Link speed: 866Mbps, Rx Link speed: 866Mbps, Max Supported Rx Link speed: 866Mbps, Frequency: 5240MHz, Net ID: 12, Metered hint: false, score: 60, isUsable: true, CarrierMerged: false, SubscriptionId: -1, IsPrimary: 1, Trusted: true, Restricted: false, Ephemeral: false, OEM paid: false, OEM private: false, OSU AP: false, FQDN: <none>, Provider friendly name: <none>, Requesting package name: <none>"ourhome"wpa2-pskMLO Information: , Is TID-To-Link negotiation supported by the AP: false, AP MLD Address: <none>, AP MLO Link Id: <none>, AP MLO Affiliated links: <none>
11-23 08:59:40.495  1795  2424 D WifiScoreCard: txRate: 26 txSpeed: 780
11-23 08:59:40.495  1795  2424 D WifiScoreCard: network update SIGNAL_POLL "ourhome" ID: 1499892569 RSSI -43 txSpeed 780
11-23 08:59:40.495  1795  2424 D WifiClientModeImpl[13802:wlan0]:  ClientModeImpl$L2ConnectedState screen=on 7 0 "ourhome" f4:6d:2f:12:cc:88 rssi=-43 f=5240 sc=60 link=780 tx=20.4, 5.0, 0.0 rx=83.7 bcn=696464 [on:0 tx:0 rx:0 period:3017] from screen [on:34069 period:847502] score=60
11-23 08:59:40.495  2513 11659 V WifiManager: TrafficStateCallbackProxy: onStateChanged state=0
11-23 08:59:40.502  1795  4168 I WifiService: updateWifiUsabilityScore uid=10180 seqNum=24228 score=100 predictionHorizonSec=1441795
11-23 08:59:40.507  1795  2424 D WifiScoreReport: Wifi scoring disabled - Notify that Wifi is usable
11-23 08:59:40.510  1795  2432 D ConnectivityService: NetReassign [no changes] [c 1] [a 0] [i 1]
11-23 08:59:40.517  1011  1189 I ASH     : @ 73232.717: tcs3701: stop power rail pending_off timer
11-23 08:59:40.517  1011  1189 D ASH     : @ 73232.718: tcs3701: start power rail timer, state:3
11-23 08:59:40.558  1011  1189 I ASH     : @ 73232.757: tcs3701: stop power rail pending_off timer
11-23 08:59:40.558  1011  1189 D ASH     : @ 73232.758: tcs3701: start power rail timer, state:3
11-23 08:59:40.573  5238  5295 I BatteryMgr:DataCollectionService: stats => 1700726380573,12207,4449,13427,4169000,100
11-23 08:59:40.597  1011  1189 I ASH     : @ 73232.797: tcs3701: stop power rail pending_off timer
11-23 08:59:40.598  1011  1189 D ASH     : @ 73232.798: tcs3701: start power rail timer, state:3
11-23 08:59:40.637  1011  1189 I ASH     : @ 73232.837: tcs3701: stop power rail pending_off timer
11-23 08:59:40.637  1011  1189 D ASH     : @ 73232.838: tcs3701: start power rail timer, state:3
11-23 08:59:40.656  2113  2118 I pixel-thermal: skin-therm-monitor: 37.02
11-23 08:59:40.678  1011  1189 I ASH     : @ 73232.877: tcs3701: stop power rail pending_off timer
11-23 08:59:40.678  1011  1189 D ASH     : @ 73232.878: tcs3701: start power rail timer, state:3
11-23 08:59:40.680  5238  5295 I BatteryMgr:DataCollectionService: stats => 1700726380679,12207,4449,13427,4169000,100
11-23 08:59:40.711  1795  4168 D ActivityManager: freezer override set to true
11-23 08:59:40.716  1795  4168 D ActivityManager: freezer override set to false
11-23 08:59:40.717  1011  1189 I ASH     : @ 73232.917: tcs3701: stop power rail pending_off timer
11-23 08:59:40.717  1011  1189 D ASH     : @ 73232.918: tcs3701: start power rail timer, state:3
11-23 08:59:40.758  1011  1189 I ASH     : @ 73232.957: tcs3701: stop power rail pending_off timer
11-23 08:59:40.758  1011  1189 D ASH     : @ 73232.958: tcs3701: start power rail timer, state:3
11-23 08:59:40.783 20428 20490 W chromium: [WARNING:ev_root_ca_metadata.cc(119)] Not implemented
11-23 08:59:40.784 20428 20490 W chromium: [WARNING:ev_root_ca_metadata.cc(119)] Not implemented
11-23 08:59:40.791  5238  5295 I BatteryMgr:DataCollectionService: stats => 1700726380791,12207,4449,13427,4169000,100
11-23 08:59:40.797  1011  1189 I ASH     : @ 73232.997: tcs3701: stop power rail pending_off timer
11-23 08:59:40.798  1011  1189 D ASH     : @ 73232.998: tcs3701: start power rail timer, state:3
11-23 08:59:40.832  1795  4168 D ActivityManager: freezer override set to true
11-23 08:59:40.838  1011  1189 I ASH     : @ 73233.037: tcs3701: stop power rail pending_off timer
11-23 08:59:40.838  1011  1189 D ASH     : @ 73233.038: tcs3701: start power rail timer, state:3
11-23 08:59:40.877  1011  1189 I ASH     : @ 73233.077: tcs3701: stop power rail pending_off timer
11-23 08:59:40.877  1011  1189 D ASH     : @ 73233.078: tcs3701: start power rail timer, state:3
11-23 08:59:40.900  5238  5295 I BatteryMgr:DataCollectionService: stats => 1700726380900,12207,4449,13427,4169000,100
11-23 08:59:40.917  1011  1189 I ASH     : @ 73233.117: tcs3701: stop power rail pending_off timer
11-23 08:59:40.917  1011  1189 D ASH     : @ 73233.118: tcs3701: start power rail timer, state:3
11-23 08:59:40.935 20428 20772 I m.chrome.canary: Explicit concurrent copying GC freed 3814(191KB) AllocSpace objects, 4(80KB) LOS objects, 75% free, 11MB/45MB, paused 106us,26us total 58.136ms
11-23 08:59:40.958  1011  1189 I ASH     : @ 73233.157: tcs3701: stop power rail pending_off timer
11-23 08:59:40.958  1011  1189 D ASH     : @ 73233.158: tcs3701: start power rail timer, state:3
11-23 08:59:40.988  1795  4168 D ActivityManager: freezer override set to false
11-23 08:59:40.997  1011  1189 I ASH     : @ 73233.197: tcs3701: stop power rail pending_off timer
11-23 08:59:40.997  1011  1189 D ASH     : @ 73233.198: tcs3701: start power rail timer, state:3
11-23 08:59:41.006  5238  5295 I BatteryMgr:DataCollectionService: stats => 1700726381005,12207,4449,13427,4169000,100
11-23 08:59:41.038  1011  1189 I ASH     : @ 73233.237: tcs3701: stop power rail pending_off timer
11-23 08:59:41.038  1011  1189 D ASH     : @ 73233.238: tcs3701: start power rail timer, state:3
11-23 08:59:41.046  1795  4168 D ActivityManager: freezer override set to true
11-23 08:59:41.051  1795  4168 D ActivityManager: freezer override set to false
11-23 08:59:41.078  1011  1189 I ASH     : @ 73233.277: tcs3701: stop power rail pending_off timer
11-23 08:59:41.078  1011  1189 D ASH     : @ 73233.278: tcs3701: start power rail timer, state:3
11-23 08:59:41.112  5238  5295 I BatteryMgr:DataCollectionService: stats => 1700726381112,12207,4449,13427,4169000,100
11-23 08:59:41.118  1011  1189 I ASH     : @ 73233.317: tcs3701: stop power rail pending_off timer
11-23 08:59:41.118  1011  1189 D ASH     : @ 73233.318: tcs3701: start power rail timer, state:3
11-23 08:59:41.158  1011  1189 I ASH     : @ 73233.357: tcs3701: stop power rail pending_off timer
11-23 08:59:41.158  1011  1189 D ASH     : @ 73233.358: tcs3701: start power rail timer, state:3
11-23 08:59:41.198  1011  1189 I ASH     : @ 73233.397: tcs3701: stop power rail pending_off timer
11-23 08:59:41.198  1011  1189 D ASH     : @ 73233.398: tcs3701: start power rail timer, state:3
11-23 08:59:41.219  5238  5295 I BatteryMgr:DataCollectionService: stats => 1700726381219,12207,4449,13427,4169000,100
11-23 08:59:41.237  1011  1189 I ASH     : @ 73233.437: tcs3701: stop power rail pending_off timer
11-23 08:59:41.237  1011  1189 D ASH     : @ 73233.438: tcs3701: start power rail timer, state:3
11-23 08:59:41.278  1011  1189 I ASH     : @ 73233.477: tcs3701: stop power rail pending_off timer
11-23 08:59:41.278  1011  1189 D ASH     : @ 73233.478: tcs3701: start power rail timer, state:3
11-23 08:59:41.317  1011  1189 I ASH     : @ 73233.517: tcs3701: stop power rail pending_off timer
11-23 08:59:41.317  1011  1189 D ASH     : @ 73233.518: tcs3701: start power rail timer, state:3
11-23 08:59:41.323  5238  5295 I BatteryMgr:DataCollectionService: stats => 1700726381323,12207,4449,13427,4169000,100
11-23 08:59:41.358  1011  1189 I ASH     : @ 73233.557: tcs3701: stop power rail pending_off timer
11-23 08:59:41.358  1011  1189 D ASH     : @ 73233.558: tcs3701: start power rail timer, state:3
11-23 08:59:41.398  1011  1189 I ASH     : @ 73233.597: tcs3701: stop power rail pending_off timer
11-23 08:59:41.398  1011  1189 D ASH     : @ 73233.598: tcs3701: start power rail timer, state:3
11-23 08:59:41.429  5238  5295 I BatteryMgr:DataCollectionService: stats => 1700726381429,12207,4449,13427,4169000,100
11-23 08:59:41.437  1011  1189 I ASH     : @ 73233.637: tcs3701: stop power rail pending_off timer
11-23 08:59:41.437  1011  1189 D ASH     : @ 73233.638: tcs3701: start power rail timer, state:3
11-23 08:59:41.477  1011  1189 I ASH     : @ 73233.677: tcs3701: stop power rail pending_off timer
11-23 08:59:41.477  1011  1189 D ASH     : @ 73233.678: tcs3701: start power rail timer, state:3
11-23 08:59:41.517  1011  1189 I ASH     : @ 73233.717: tcs3701: stop power rail pending_off timer
11-23 08:59:41.518  1011  1189 D ASH     : @ 73233.718: tcs3701: start power rail timer, state:3
11-23 08:59:41.535  5238  5295 I BatteryMgr:DataCollectionService: stats => 1700726381535,12207,4449,13427,4169000,100
11-23 08:59:41.557  1011  1189 I ASH     : @ 73233.757: tcs3701: stop power rail pending_off timer
11-23 08:59:41.558  1011  1189 D ASH     : @ 73233.758: tcs3701: start power rail timer, state:3
11-23 08:59:41.598  1011  1189 I ASH     : @ 73233.797: tcs3701: stop power rail pending_off timer
11-23 08:59:41.598  1011  1189 D ASH     : @ 73233.798: tcs3701: start power rail timer, state:3
11-23 08:59:41.638  1011  1189 I ASH     : @ 73233.837: tcs3701: stop power rail pending_off timer
11-23 08:59:41.638  1011  1189 D ASH     : @ 73233.838: tcs3701: start power rail timer, state:3
11-23 08:59:41.642  5238  5295 I BatteryMgr:DataCollectionService: stats => 1700726381642,12207,4449,13427,4169000,100
11-23 08:59:41.677  1011  1189 I ASH     : @ 73233.877: tcs3701: stop power rail pending_off timer
11-23 08:59:41.677  1011  1189 D ASH     : @ 73233.878: tcs3701: start power rail timer, state:3
11-23 08:59:41.705  1795  4168 D ActivityManager: freezer override set to true
11-23 08:59:41.709  1795  4168 D ActivityManager: freezer override set to false
11-23 08:59:41.717  1011  1189 I ASH     : @ 73233.917: tcs3701: stop power rail pending_off timer
11-23 08:59:41.717  1011  1189 D ASH     : @ 73233.918: tcs3701: start power rail timer, state:3
11-23 08:59:41.748  5238  5295 I BatteryMgr:DataCollectionService: stats => 1700726381748,12207,4449,13427,4169000,100
11-23 08:59:41.757  1011  1189 I ASH     : @ 73233.957: tcs3701: stop power rail pending_off timer
11-23 08:59:41.757  1011  1189 D ASH     : @ 73233.958: tcs3701: start power rail timer, state:3
11-23 08:59:41.798  1011  1189 I ASH     : @ 73233.997: tcs3701: stop power rail pending_off timer
11-23 08:59:41.798  1011  1189 D ASH     : @ 73233.998: tcs3701: start power rail timer, state:3
11-23 08:59:41.838  1011  1189 I ASH     : @ 73234.037: tcs3701: stop power rail pending_off timer
11-23 08:59:41.838  1011  1189 D ASH     : @ 73234.038: tcs3701: start power rail timer, state:3
11-23 08:59:41.854  5238  5295 I BatteryMgr:DataCollectionService: stats => 1700726381854,12207,4449,13427,4169000,100
11-23 08:59:41.877  1011  1189 I ASH     : @ 73234.077: tcs3701: stop power rail pending_off timer
11-23 08:59:41.877  1011  1189 D ASH     : @ 73234.078: tcs3701: start power rail timer, state:3
11-23 08:59:41.903  3845  3845 D BoundBrokerSvc: onUnbind: Intent { act=com.google.android.gms.feedback.internal.IFeedbackService dat=chimera-action:/... cmp=com.google.android.gms/.chimera.GmsBoundBrokerService }
11-23 08:59:41.910  3074  3074 D BoundBrokerSvc: onUnbind: Intent { act=com.google.android.gms.icing.LIGHTWEIGHT_INDEX_SERVICE dat=chimera-action:/... cmp=com.google.android.gms/.chimera.PersistentApiService }
11-23 08:59:41.917  1011  1189 I ASH     : @ 73234.117: tcs3701: stop power rail pending_off timer
11-23 08:59:41.917  1011  1189 D ASH     : @ 73234.118: tcs3701: start power rail timer, state:3
11-23 08:59:41.958  1011  1189 I ASH     : @ 73234.157: tcs3701: stop power rail pending_off timer
11-23 08:59:41.958  1011  1189 D ASH     : @ 73234.158: tcs3701: start power rail timer, state:3
11-23 08:59:41.961  5238  5295 I BatteryMgr:DataCollectionService: stats => 1700726381961,12207,4449,13427,4169000,100
11-23 08:59:41.997  1011  1189 I ASH     : @ 73234.197: tcs3701: stop power rail pending_off timer
11-23 08:59:41.998  1011  1189 D ASH     : @ 73234.198: tcs3701: start power rail timer, state:3
11-23 08:59:42.037  1011  1189 I ASH     : @ 73234.237: tcs3701: stop power rail pending_off timer
11-23 08:59:42.037  1011  1189 D ASH     : @ 73234.238: tcs3701: start power rail timer, state:3
11-23 08:59:42.068  5238  5295 I BatteryMgr:DataCollectionService: stats => 1700726382068,12207,4449,13427,4169000,100
11-23 08:59:42.077  1011  1189 I ASH     : @ 73234.277: tcs3701: stop power rail pending_off timer
11-23 08:59:42.077  1011  1189 D ASH     : @ 73234.278: tcs3701: start power rail timer, state:3
11-23 08:59:42.118  1011  1189 I ASH     : @ 73234.317: tcs3701: stop power rail pending_off timer
11-23 08:59:42.118  1011  1189 D ASH     : @ 73234.318: tcs3701: start power rail timer, state:3
11-23 08:59:42.158  1011  1189 I ASH     : @ 73234.357: tcs3701: stop power rail pending_off timer
11-23 08:59:42.158  1011  1189 D ASH     : @ 73234.358: tcs3701: start power rail timer, state:3
11-23 08:59:42.178  5238  5295 I BatteryMgr:DataCollectionService: stats => 1700726382178,12207,4449,13427,4169000,100
11-23 08:59:42.198  1011  1189 I ASH     : @ 73234.397: tcs3701: stop power rail pending_off timer
11-23 08:59:42.198  1011  1189 D ASH     : @ 73234.398: tcs3701: start power rail timer, state:3
11-23 08:59:42.217  1795  3759 D ActivityManager: freezer override set to true
11-23 08:59:42.237  1011  1189 I ASH     : @ 73234.437: tcs3701: stop power rail pending_off timer
11-23 08:59:42.238  1011  1189 D ASH     : @ 73234.438: tcs3701: start power rail timer, state:3
11-23 08:59:42.277  1011  1189 I ASH     : @ 73234.477: tcs3701: stop power rail pending_off timer
11-23 08:59:42.278  1011  1189 D ASH     : @ 73234.478: tcs3701: start power rail timer, state:3
11-23 08:59:42.285  5238  5295 I BatteryMgr:DataCollectionService: stats => 1700726382284,12207,4449,13427,4169000,100
11-23 08:59:42.304 20428 20772 I m.chrome.canary: Explicit concurrent copying GC freed 3594(176KB) AllocSpace objects, 3(60KB) LOS objects, 75% free, 11MB/45MB, paused 117us,23us total 50.318ms
11-23 08:59:42.317  1011  1189 I ASH     : @ 73234.517: tcs3701: stop power rail pending_off timer
11-23 08:59:42.317  1011  1189 D ASH     : @ 73234.518: tcs3701: start power rail timer, state:3
11-23 08:59:42.357  1011  1189 I ASH     : @ 73234.557: tcs3701: stop power rail pending_off timer
11-23 08:59:42.357  1011  1189 D ASH     : @ 73234.558: tcs3701: start power rail timer, state:3
11-23 08:59:42.363  1795  3759 D ActivityManager: freezer override set to false
11-23 08:59:42.391  5238  5295 I BatteryMgr:DataCollectionService: stats => 1700726382391,12207,4449,13427,4169000,100
11-23 08:59:42.397  1011  1189 I ASH     : @ 73234.597: tcs3701: stop power rail pending_off timer
11-23 08:59:42.397  1011  1189 D ASH     : @ 73234.598: tcs3701: start power rail timer, state:3
11-23 08:59:42.401  1795  3759 D ActivityManager: freezer override set to true
11-23 08:59:42.404  1795  3759 D ActivityManager: freezer override set to false
11-23 08:59:42.437  1011  1189 I ASH     : @ 73234.637: tcs3701: stop power rail pending_off timer
11-23 08:59:42.437  1011  1189 D ASH     : @ 73234.638: tcs3701: start power rail timer, state:3
11-23 08:59:42.479  1011  1189 I ASH     : @ 73234.677: tcs3701: stop power rail pending_off timer
11-23 08:59:42.479  1011  1189 D ASH     : @ 73234.678: tcs3701: start power rail timer, state:3
11-23 08:59:42.498  5238  5295 I BatteryMgr:DataCollectionService: stats => 1700726382498,12207,4449,13427,4169000,100
11-23 08:59:42.517  1011  1189 I ASH     : @ 73234.717: tcs3701: stop power rail pending_off timer
11-23 08:59:42.517  1011  1189 D ASH     : @ 73234.718: tcs3701: start power rail timer, state:3
11-23 08:59:42.557  1011  1189 I ASH     : @ 73234.757: tcs3701: stop power rail pending_off timer
11-23 08:59:42.557  1011  1189 D ASH     : @ 73234.758: tcs3701: start power rail timer, state:3
11-23 08:59:42.598  1011  1189 I ASH     : @ 73234.797: tcs3701: stop power rail pending_off timer
11-23 08:59:42.598  1011  1189 D ASH     : @ 73234.798: tcs3701: start power rail timer, state:3
11-23 08:59:42.603  5238  5295 I BatteryMgr:DataCollectionService: stats => 1700726382603,12207,4449,13427,4169000,100
11-23 08:59:42.638  1011  1189 I ASH     : @ 73234.837: tcs3701: stop power rail pending_off timer
11-23 08:59:42.638  1011  1189 D ASH     : @ 73234.838: tcs3701: start power rail timer, state:3
11-23 08:59:42.660  2113  2118 I pixel-thermal: skin-therm-monitor: 37.027
11-23 08:59:42.678  1011  1189 I ASH     : @ 73234.877: tcs3701: stop power rail pending_off timer
11-23 08:59:42.678  1011  1189 D ASH     : @ 73234.878: tcs3701: start power rail timer, state:3
11-23 08:59:42.709  1795  3759 D ActivityManager: freezer override set to true
11-23 08:59:42.710  5238  5295 I BatteryMgr:DataCollectionService: stats => 1700726382710,12207,4449,13427,4169000,100
11-23 08:59:42.714  1795  3759 D ActivityManager: freezer override set to false
11-23 08:59:42.718  1011  1189 I ASH     : @ 73234.917: tcs3701: stop power rail pending_off timer
11-23 08:59:42.718  1011  1189 D ASH     : @ 73234.918: tcs3701: start power rail timer, state:3
11-23 08:59:42.758  1011  1189 I ASH     : @ 73234.957: tcs3701: stop power rail pending_off timer
11-23 08:59:42.758  1011  1189 D ASH     : @ 73234.958: tcs3701: start power rail timer, state:3
11-23 08:59:42.798  1011  1189 I ASH     : @ 73234.997: tcs3701: stop power rail pending_off timer
11-23 08:59:42.798  1011  1189 D ASH     : @ 73234.998: tcs3701: start power rail timer, state:3
11-23 08:59:42.818  5238  5295 I BatteryMgr:DataCollectionService: stats => 1700726382818,12207,4449,13427,4169000,100
11-23 08:59:42.838  1011  1189 I ASH     : @ 73235.037: tcs3701: stop power rail pending_off timer
11-23 08:59:42.838  1011  1189 D ASH     : @ 73235.038: tcs3701: start power rail timer, state:3
11-23 08:59:42.877  1011  1189 I ASH     : @ 73235.077: tcs3701: stop power rail pending_off timer
11-23 08:59:42.877  1011  1189 D ASH     : @ 73235.078: tcs3701: start power rail timer, state:3
11-23 08:59:42.918  1011  1189 I ASH     : @ 73235.117: tcs3701: stop power rail pending_off timer
11-23 08:59:42.918  1011  1189 D ASH     : @ 73235.118: tcs3701: start power rail timer, state:3
11-23 08:59:42.923  5238  5295 I BatteryMgr:DataCollectionService: stats => 1700726382923,12207,4449,13427,4169000,100
11-23 08:59:42.957  1011  1189 I ASH     : @ 73235.157: tcs3701: stop power rail pending_off timer
11-23 08:59:42.958  1011  1189 D ASH     : @ 73235.158: tcs3701: start power rail timer, state:3
11-23 08:59:42.998  1011  1189 I ASH     : @ 73235.197: tcs3701: stop power rail pending_off timer
11-23 08:59:42.998  1011  1189 D ASH     : @ 73235.198: tcs3701: start power rail timer, state:3
11-23 08:59:43.031  5238  5295 I BatteryMgr:DataCollectionService: stats => 1700726383031,12207,4449,13427,4169000,100
11-23 08:59:43.037  1011  1189 I ASH     : @ 73235.237: tcs3701: stop power rail pending_off timer
11-23 08:59:43.037  1011  1189 D ASH     : @ 73235.238: tcs3701: start power rail timer, state:3
11-23 08:59:43.078  1011  1189 I ASH     : @ 73235.277: tcs3701: stop power rail pending_off timer
11-23 08:59:43.078  1011  1189 D ASH     : @ 73235.278: tcs3701: start power rail timer, state:3
11-23 08:59:43.118  1011  1189 I ASH     : @ 73235.317: tcs3701: stop power rail pending_off timer
11-23 08:59:43.118  1011  1189 D ASH     : @ 73235.318: tcs3701: start power rail timer, state:3
11-23 08:59:43.136  5238  5295 I BatteryMgr:DataCollectionService: stats => 1700726383136,12207,4449,13427,4169000,100
11-23 08:59:43.158  1011  1189 I ASH     : @ 73235.357: tcs3701: stop power rail pending_off timer
11-23 08:59:43.158  1011  1189 D ASH     : @ 73235.358: tcs3701: start power rail timer, state:3
11-23 08:59:43.197  1011  1189 I ASH     : @ 73235.397: tcs3701: stop power rail pending_off timer
11-23 08:59:43.197  1011  1189 D ASH     : @ 73235.398: tcs3701: start power rail timer, state:3
11-23 08:59:43.238  1011  1189 I ASH     : @ 73235.437: tcs3701: stop power rail pending_off timer
11-23 08:59:43.238  1011  1189 D ASH     : @ 73235.438: tcs3701: start power rail timer, state:3
11-23 08:59:43.243  5238  5295 I BatteryMgr:DataCollectionService: stats => 1700726383243,12207,4449,13427,4169000,100
11-23 08:59:43.278  1011  1189 I ASH     : @ 73235.477: tcs3701: stop power rail pending_off timer
11-23 08:59:43.278  1011  1189 D ASH     : @ 73235.478: tcs3701: start power rail timer, state:3
11-23 08:59:43.318  1011  1189 I ASH     : @ 73235.517: tcs3701: stop power rail pending_off timer
11-23 08:59:43.318  1011  1189 D ASH     : @ 73235.518: tcs3701: start power rail timer, state:3
11-23 08:59:43.351  5238  5295 I BatteryMgr:DataCollectionService: stats => 1700726383350,12207,4449,13427,4169000,100
11-23 08:59:43.358  1011  1189 I ASH     : @ 73235.557: tcs3701: stop power rail pending_off timer
11-23 08:59:43.358  1011  1189 D ASH     : @ 73235.558: tcs3701: start power rail timer, state:3
11-23 08:59:43.398  1011  1189 I ASH     : @ 73235.597: tcs3701: stop power rail pending_off timer
11-23 08:59:43.398  1011  1189 D ASH     : @ 73235.598: tcs3701: start power rail timer, state:3
11-23 08:59:43.438  1011  1189 I ASH     : @ 73235.637: tcs3701: stop power rail pending_off timer
11-23 08:59:43.439  1011  1189 D ASH     : @ 73235.638: tcs3701: start power rail timer, state:3
11-23 08:59:43.459  5238  5295 I BatteryMgr:DataCollectionService: stats => 1700726383459,12207,4449,13427,4169000,100
11-23 08:59:43.477  1011  1189 I ASH     : @ 73235.677: tcs3701: stop power rail pending_off timer
11-23 08:59:43.477  1011  1189 D ASH     : @ 73235.678: tcs3701: start power rail timer, state:3
11-23 08:59:43.511  1795  2424 D WifiClientModeImpl[13802:wlan0]: updateLinkLayerStatsRssiSpeedFrequencyCapabilities rssi=-44 TxLinkspeed=780 freq=5240 RxLinkSpeed=866
11-23 08:59:43.511  1795  2424 D WifiScoreCard: 1 lastSampleWeight=17/128 filterInKbps=55537 avgKbps=55537 filterOutKbps=55378
11-23 08:59:43.511  1795  2424 D WifiDataStall: tx tput in kbps: 680214
11-23 08:59:43.511  1795  2424 D WifiDataStall: rx tput in kbps: 794960
11-23 08:59:43.512  1795  2424 V WifiConfigManager: Updating scan detail cache freq=5240 BSSID=f4:6d:2f:12:cc:88 RSSI=-43 for "ourhome"WPA_PSK
11-23 08:59:43.512  1795  2424 D WifiChannelUtilization:  freq: 5240 onTime: 1854776 busyTime: 159778 onTimeDiff: 1854481 busyTimeDiff: 159761 utilization: 21 utilization t0: 21
11-23 08:59:43.512  1795  2424 D WifiDataStall:  ccaLevel = 21
11-23 08:59:43.512  1795  2424 D WifiDataStall: L2 txTputKbps: 608613, rxTputKbps: 794960, L3 txTputKbps: 13, rxTputKbps: 20, TxTrafficHigh: true, RxTrafficHigh: true, Throughput Sufficient: true
11-23 08:59:43.512  1795  2424 D WifiScoreReport: Wifi scoring disabled - Don't check IP layer
11-23 08:59:43.512  3213  6173 V WifiManager: OnWifiUsabilityStatsListener: onWifiUsabilityStats: seqNum=24229
11-23 08:59:43.512  2782  5906 D QCNEJ/WlanStaInfoRelay: Received action: android.net.wifi.RSSI_CHANGED
11-23 08:59:43.513  1795  2424 D WifiScoreCard: BSSID update SIGNAL_POLL ID: 1320464697 SSID: "ourhome", BSSID: f4:6d:2f:12:cc:88, MAC: b2:2f:ec:da:4a:0c, IP: /192.168.1.104, Security type: 2, Supplicant state: COMPLETED, Wi-Fi standard: 5, RSSI: -44, Link speed: 780Mbps, Tx Link speed: 780Mbps, Max Supported Tx Link speed: 866Mbps, Rx Link speed: 866Mbps, Max Supported Rx Link speed: 866Mbps, Frequency: 5240MHz, Net ID: 12, Metered hint: false, score: 60, isUsable: true, CarrierMerged: false, SubscriptionId: -1, IsPrimary: 1, Trusted: true, Restricted: false, Ephemeral: false, OEM paid: false, OEM private: false, OSU AP: false, FQDN: <none>, Provider friendly name: <none>, Requesting package name: <none>"ourhome"wpa2-pskMLO Information: , Is TID-To-Link negotiation supported by the AP: false, AP MLD Address: <none>, AP MLO Link Id: <none>, AP MLO Affiliated links: <none>
11-23 08:59:43.513  1795  2424 D WifiScoreCard: txRate: 14 txSpeed: 780
11-23 08:59:43.513  1795  2424 D WifiScoreCard: network update SIGNAL_POLL "ourhome" ID: 1499892569 RSSI -44 txSpeed 780
11-23 08:59:43.513  1795  3759 I WifiService: updateWifiUsabilityScore uid=10180 seqNum=24229 score=100 predictionHorizonSec=1441795
11-23 08:59:43.513  1795  2424 D WifiClientModeImpl[13802:wlan0]:  ClientModeImpl$L2ConnectedState screen=on 7 0 "ourhome" f4:6d:2f:12:cc:88 rssi=-44 f=5240 sc=60 link=780 tx=10.8, 2.4, 0.0 rx=33.3 bcn=696493 [on:170 tx:3 rx:1 period:3017] from screen [on:34239 period:850520] score=60
11-23 08:59:43.513  2513 11659 V WifiManager: TrafficStateCallbackProxy: onStateChanged state=3
11-23 08:59:43.514  1795  2424 D WifiScoreReport: Wifi scoring disabled - Notify that Wifi is usable
11-23 08:59:43.517  1011  1189 I ASH     : @ 73235.717: tcs3701: stop power rail pending_off timer
11-23 08:59:43.517  1011  1189 D ASH     : @ 73235.718: tcs3701: start power rail timer, state:3
11-23 08:59:43.518  1795  2432 D ConnectivityService: NetReassign [no changes] [c 0] [a 0] [i 2]
11-23 08:59:43.552  1795  4158 D ActivityManager: freezer override set to true
11-23 08:59:43.558  1011  1189 I ASH     : @ 73235.757: tcs3701: stop power rail pending_off timer
11-23 08:59:43.558  1011  1189 D ASH     : @ 73235.758: tcs3701: start power rail timer, state:3
11-23 08:59:43.567  5238  5295 I BatteryMgr:DataCollectionService: stats => 1700726383567,12207,4449,13427,4169000,100
11-23 08:59:43.598  1011  1189 I ASH     : @ 73235.797: tcs3701: stop power rail pending_off timer
11-23 08:59:43.598  1011  1189 D ASH     : @ 73235.798: tcs3701: start power rail timer, state:3
11-23 08:59:43.637 20428 20772 I m.chrome.canary: Explicit concurrent copying GC freed 3574(176KB) AllocSpace objects, 3(60KB) LOS objects, 75% free, 11MB/45MB, paused 169us,54us total 48.107ms
11-23 08:59:43.637  1011  1189 I ASH     : @ 73235.837: tcs3701: stop power rail pending_off timer
11-23 08:59:43.637  1011  1189 D ASH     : @ 73235.838: tcs3701: start power rail timer, state:3
11-23 08:59:43.674  5238  5295 I BatteryMgr:DataCollectionService: stats => 1700726383674,12207,4449,13427,4169000,100
11-23 08:59:43.677  1011  1189 I ASH     : @ 73235.877: tcs3701: stop power rail pending_off timer
11-23 08:59:43.678  1011  1189 D ASH     : @ 73235.878: tcs3701: start power rail timer, state:3
11-23 08:59:43.698  1795  4158 D ActivityManager: freezer override set to false
11-23 08:59:43.715  1795  4158 D ActivityManager: freezer override set to true
11-23 08:59:43.717  1011  1189 I ASH     : @ 73235.917: tcs3701: stop power rail pending_off timer
11-23 08:59:43.717  1011  1189 D ASH     : @ 73235.918: tcs3701: start power rail timer, state:3
11-23 08:59:43.719  1795  4158 D ActivityManager: freezer override set to false
11-23 08:59:43.738  1795  4158 D ActivityManager: freezer override set to true
11-23 08:59:43.743  1795  4158 D ActivityManager: freezer override set to false
11-23 08:59:43.758  1011  1189 I ASH     : @ 73235.958: tcs3701: stop power rail pending_off timer
11-23 08:59:43.758  1011  1189 D ASH     : @ 73235.958: tcs3701: start power rail timer, state:3
11-23 08:59:43.781  5238  5295 I BatteryMgr:DataCollectionService: stats => 1700726383781,12207,4449,13427,4169000,100
11-23 08:59:43.798  1011  1189 I ASH     : @ 73235.997: tcs3701: stop power rail pending_off timer
11-23 08:59:43.798  1011  1189 D ASH     : @ 73235.998: tcs3701: start power rail timer, state:3
11-23 08:59:43.838  1011  1189 I ASH     : @ 73236.037: tcs3701: stop power rail pending_off timer
11-23 08:59:43.838  1011  1189 D ASH     : @ 73236.038: tcs3701: start power rail timer, state:3
11-23 08:59:43.877  1011  1189 I ASH     : @ 73236.077: tcs3701: stop power rail pending_off timer
11-23 08:59:43.877  1011  1189 D ASH     : @ 73236.078: tcs3701: start power rail timer, state:3
11-23 08:59:43.887  5238  5295 I BatteryMgr:DataCollectionService: stats => 1700726383887,12207,4449,13427,4169000,100
11-23 08:59:43.918  1011  1189 I ASH     : @ 73236.117: tcs3701: stop power rail pending_off timer
11-23 08:59:43.918  1011  1189 D ASH     : @ 73236.118: tcs3701: start power rail timer, state:3
11-23 08:59:43.957  1011  1189 I ASH     : @ 73236.157: tcs3701: stop power rail pending_off timer
11-23 08:59:43.957  1011  1189 D ASH     : @ 73236.158: tcs3701: start power rail timer, state:3
11-23 08:59:43.994  5238  5295 I BatteryMgr:DataCollectionService: stats => 1700726383994,12207,4449,13427,4169000,100
11-23 08:59:43.998  1011  1189 I ASH     : @ 73236.197: tcs3701: stop power rail pending_off timer
11-23 08:59:43.998  1011  1189 D ASH     : @ 73236.198: tcs3701: start power rail timer, state:3
11-23 08:59:44.037  1011  1189 I ASH     : @ 73236.237: tcs3701: stop power rail pending_off timer
11-23 08:59:44.038  1011  1189 D ASH     : @ 73236.238: tcs3701: start power rail timer, state:3
11-23 08:59:44.078  1011  1189 I ASH     : @ 73236.277: tcs3701: stop power rail pending_off timer
11-23 08:59:44.078  1011  1189 D ASH     : @ 73236.278: tcs3701: start power rail timer, state:3
11-23 08:59:44.099  5238  5295 I BatteryMgr:DataCollectionService: stats => 1700726384099,12207,4449,13427,4169000,100
11-23 08:59:44.117  1011  1189 I ASH     : @ 73236.317: tcs3701: stop power rail pending_off timer
11-23 08:59:44.118  1011  1189 D ASH     : @ 73236.318: tcs3701: start power rail timer, state:3
11-23 08:59:44.158  1011  1189 I ASH     : @ 73236.357: tcs3701: stop power rail pending_off timer
11-23 08:59:44.158  1011  1189 D ASH     : @ 73236.358: tcs3701: start power rail timer, state:3
11-23 08:59:44.198  1011  1189 I ASH     : @ 73236.397: tcs3701: stop power rail pending_off timer
11-23 08:59:44.198  1011  1189 D ASH     : @ 73236.398: tcs3701: start power rail timer, state:3
11-23 08:59:44.205  5238  5295 I BatteryMgr:DataCollectionService: stats => 1700726384205,12207,4449,13427,4169000,100
11-23 08:59:44.238  1011  1189 I ASH     : @ 73236.437: tcs3701: stop power rail pending_off timer
11-23 08:59:44.238  1011  1189 D ASH     : @ 73236.438: tcs3701: start power rail timer, state:3
11-23 08:59:44.277  1011  1189 I ASH     : @ 73236.477: tcs3701: stop power rail pending_off timer
11-23 08:59:44.278  1011  1189 D ASH     : @ 73236.478: tcs3701: start power rail timer, state:3
11-23 08:59:44.312  5238  5295 I BatteryMgr:DataCollectionService: stats => 1700726384312,12207,4449,13427,4169000,100
11-23 08:59:44.318  1011  1189 I ASH     : @ 73236.517: tcs3701: stop power rail pending_off timer
11-23 08:59:44.318  1011  1189 D ASH     : @ 73236.518: tcs3701: start power rail timer, state:3
11-23 08:59:44.357  1011  1189 I ASH     : @ 73236.557: tcs3701: stop power rail pending_off timer
11-23 08:59:44.358  1011  1189 D ASH     : @ 73236.558: tcs3701: start power rail timer, state:3
11-23 08:59:44.398  1011  1189 I ASH     : @ 73236.597: tcs3701: stop power rail pending_off timer
11-23 08:59:44.398  1011  1189 D ASH     : @ 73236.598: tcs3701: start power rail timer, state:3
11-23 08:59:44.401  3845  3845 E AbstractGmsTracer: Traced class shouldn't be obfuscated: GmsIntentOperationChimeraService [CONTEXT service_id=259 ]
11-23 08:59:44.409  3845 21049 E AbstractGmsTracer: Traced class shouldn't be obfuscated: InstantIndexingIntentOperation [CONTEXT service_id=259 ]
11-23 08:59:44.409  3845 21049 I GmscoreIpa: Starting mediastore instant index [CONTEXT service_id=255 ]
11-23 08:59:44.417  5238  5295 I BatteryMgr:DataCollectionService: stats => 1700726384416,12207,4449,13427,4169000,100
11-23 08:59:44.437  1011  1189 I ASH     : @ 73236.637: tcs3701: stop power rail pending_off timer
11-23 08:59:44.437  1011  1189 D ASH     : @ 73236.638: tcs3701: start power rail timer, state:3
11-23 08:59:44.477  1011  1189 I ASH     : @ 73236.677: tcs3701: stop power rail pending_off timer
11-23 08:59:44.477  1011  1189 D ASH     : @ 73236.678: tcs3701: start power rail timer, state:3
11-23 08:59:44.517  1011  1189 I ASH     : @ 73236.717: tcs3701: stop power rail pending_off timer
11-23 08:59:44.517  1011  1189 D ASH     : @ 73236.718: tcs3701: start power rail timer, state:3
11-23 08:59:44.521  5238  5295 I BatteryMgr:DataCollectionService: stats => 1700726384521,12207,4449,13427,4169000,100
11-23 08:59:44.558  1011  1189 I ASH     : @ 73236.757: tcs3701: stop power rail pending_off timer
11-23 08:59:44.558  1011  1189 D ASH     : @ 73236.758: tcs3701: start power rail timer, state:3
11-23 08:59:44.597  1011  1189 I ASH     : @ 73236.797: tcs3701: stop power rail pending_off timer
11-23 08:59:44.598  1011  1189 D ASH     : @ 73236.798: tcs3701: start power rail timer, state:3
11-23 08:59:44.628  5238  5295 I BatteryMgr:DataCollectionService: stats => 1700726384628,12207,4449,13427,4169000,100
11-23 08:59:44.637  1011  1189 I ASH     : @ 73236.837: tcs3701: stop power rail pending_off timer
11-23 08:59:44.637  1011  1189 D ASH     : @ 73236.838: tcs3701: start power rail timer, state:3
11-23 08:59:44.662  2113  2118 I pixel-thermal: skin-therm-monitor: 37.044
11-23 08:59:44.677  1011  1189 I ASH     : @ 73236.877: tcs3701: stop power rail pending_off timer
11-23 08:59:44.678  1011  1189 D ASH     : @ 73236.878: tcs3701: start power rail timer, state:3
11-23 08:59:44.709  1795  4158 D ActivityManager: freezer override set to true
11-23 08:59:44.712  1795  4158 D ActivityManager: freezer override set to false
11-23 08:59:44.717  1011  1189 I ASH     : @ 73236.917: tcs3701: stop power rail pending_off timer
11-23 08:59:44.717  1011  1189 D ASH     : @ 73236.918: tcs3701: start power rail timer, state:3
11-23 08:59:44.733  5238  5295 I BatteryMgr:DataCollectionService: stats => 1700726384733,12207,4449,13427,4169000,100
11-23 08:59:44.758  1011  1189 I ASH     : @ 73236.957: tcs3701: stop power rail pending_off timer
11-23 08:59:44.758  1011  1189 D ASH     : @ 73236.958: tcs3701: start power rail timer, state:3
11-23 08:59:44.798  1011  1189 I ASH     : @ 73236.997: tcs3701: stop power rail pending_off timer
11-23 08:59:44.798  1011  1189 D ASH     : @ 73236.998: tcs3701: start power rail timer, state:3
11-23 08:59:44.838  1011  1189 I ASH     : @ 73237.037: tcs3701: stop power rail pending_off timer
11-23 08:59:44.838  1011  1189 D ASH     : @ 73237.038: tcs3701: start power rail timer, state:3
11-23 08:59:44.840  5238  5295 I BatteryMgr:DataCollectionService: stats => 1700726384840,12207,4449,13427,4169000,100
11-23 08:59:44.876  3074  2666 I PhenotypeProcessReaper: Memory state is: 100
11-23 08:59:44.877  1011  1189 I ASH     : @ 73237.077: tcs3701: stop power rail pending_off timer
11-23 08:59:44.877  1011  1189 D ASH     : @ 73237.078: tcs3701: start power rail timer, state:3
11-23 08:59:44.891  1795  4158 D ActivityManager: freezer override set to true
11-23 08:59:44.917  1011  1189 I ASH     : @ 73237.117: tcs3701: stop power rail pending_off timer
11-23 08:59:44.917  1011  1189 D ASH     : @ 73237.118: tcs3701: start power rail timer, state:3
11-23 08:59:44.949  5238  5295 I BatteryMgr:DataCollectionService: stats => 1700726384949,12207,4449,13427,4169000,100
11-23 08:59:44.958  1011  1189 I ASH     : @ 73237.157: tcs3701: stop power rail pending_off timer
11-23 08:59:44.958  1011  1189 D ASH     : @ 73237.158: tcs3701: start power rail timer, state:3
11-23 08:59:44.976 20428 20772 I m.chrome.canary: Explicit concurrent copying GC freed 3802(191KB) AllocSpace objects, 4(80KB) LOS objects, 75% free, 11MB/45MB, paused 75us,24us total 48.031ms
11-23 08:59:44.997  1011  1189 I ASH     : @ 73237.197: tcs3701: stop power rail pending_off timer
11-23 08:59:44.997  1011  1189 D ASH     : @ 73237.198: tcs3701: start power rail timer, state:3
11-23 08:59:45.036  1795  4158 D ActivityManager: freezer override set to false
11-23 08:59:45.038  1011  1189 I ASH     : @ 73237.237: tcs3701: stop power rail pending_off timer
11-23 08:59:45.038  1011  1189 D ASH     : @ 73237.238: tcs3701: start power rail timer, state:3
11-23 08:59:45.054  5238  5295 I BatteryMgr:DataCollectionService: stats => 1700726385054,12207,4449,13427,4169000,100
11-23 08:59:45.078  1795  4158 D ActivityManager: freezer override set to true
11-23 08:59:45.078  1011  1189 I ASH     : @ 73237.277: tcs3701: stop power rail pending_off timer
11-23 08:59:45.078  1011  1189 D ASH     : @ 73237.278: tcs3701: start power rail timer, state:3
11-23 08:59:45.081  1795  4158 D ActivityManager: freezer override set to false
11-23 08:59:45.117  1011  1189 I ASH     : @ 73237.317: tcs3701: stop power rail pending_off timer
11-23 08:59:45.117  1011  1189 D ASH     : @ 73237.318: tcs3701: start power rail timer, state:3
11-23 08:59:45.157  1011  1189 I ASH     : @ 73237.357: tcs3701: stop power rail pending_off timer
11-23 08:59:45.158  1011  1189 D ASH     : @ 73237.358: tcs3701: start power rail timer, state:3
11-23 08:59:45.160  5238  5295 I BatteryMgr:DataCollectionService: stats => 1700726385160,12207,4449,13427,4169000,100
11-23 08:59:45.197  1011  1189 I ASH     : @ 73237.397: tcs3701: stop power rail pending_off timer
11-23 08:59:45.197  1011  1189 D ASH     : @ 73237.398: tcs3701: start power rail timer, state:3
11-23 08:59:45.238  1011  1189 I ASH     : @ 73237.437: tcs3701: stop power rail pending_off timer
11-23 08:59:45.238  1011  1189 D ASH     : @ 73237.438: tcs3701: start power rail timer, state:3
11-23 08:59:45.264  5238  5295 I BatteryMgr:DataCollectionService: stats => 1700726385264,12207,4449,13427,4169000,100
11-23 08:59:45.278  1011  1189 I ASH     : @ 73237.477: tcs3701: stop power rail pending_off timer
11-23 08:59:45.278  1011  1189 D ASH     : @ 73237.478: tcs3701: start power rail timer, state:3
11-23 08:59:45.317  1011  1189 I ASH     : @ 73237.518: tcs3701: stop power rail pending_off timer
11-23 08:59:45.318  1011  1189 D ASH     : @ 73237.518: tcs3701: start power rail timer, state:3
11-23 08:59:45.358  1011  1189 I ASH     : @ 73237.557: tcs3701: stop power rail pending_off timer
11-23 08:59:45.358  1011  1189 D ASH     : @ 73237.558: tcs3701: start power rail timer, state:3
11-23 08:59:45.371  5238  5295 I BatteryMgr:DataCollectionService: stats => 1700726385371,12207,4449,13427,4169000,100
11-23 08:59:45.398  1011  1189 I ASH     : @ 73237.597: tcs3701: stop power rail pending_off timer
11-23 08:59:45.398  1011  1189 D ASH     : @ 73237.598: tcs3701: start power rail timer, state:3
11-23 08:59:45.437  1011  1189 I ASH     : @ 73237.637: tcs3701: stop power rail pending_off timer
11-23 08:59:45.437  1011  1189 D ASH     : @ 73237.638: tcs3701: start power rail timer, state:3
11-23 08:59:45.476  5238  5295 I BatteryMgr:DataCollectionService: stats => 1700726385476,12207,4449,13427,4169000,100
11-23 08:59:45.478  1011  1189 I ASH     : @ 73237.677: tcs3701: stop power rail pending_off timer
11-23 08:59:45.478  1011  1189 D ASH     : @ 73237.678: tcs3701: start power rail timer, state:3
11-23 08:59:45.518  1011  1189 I ASH     : @ 73237.717: tcs3701: stop power rail pending_off timer
11-23 08:59:45.518  1011  1189 D ASH     : @ 73237.718: tcs3701: start power rail timer, state:3
11-23 08:59:45.558  1011  1189 I ASH     : @ 73237.758: tcs3701: stop power rail pending_off timer
11-23 08:59:45.558  1011  1189 D ASH     : @ 73237.758: tcs3701: start power rail timer, state:3
11-23 08:59:45.582  5238  5295 I BatteryMgr:DataCollectionService: stats => 1700726385581,12207,4449,13427,4169000,100
11-23 08:59:45.597  1011  1189 I ASH     : @ 73237.797: tcs3701: stop power rail pending_off timer
11-23 08:59:45.598  1011  1189 D ASH     : @ 73237.798: tcs3701: start power rail timer, state:3
11-23 08:59:45.638  1011  1189 I ASH     : @ 73237.837: tcs3701: stop power rail pending_off timer
11-23 08:59:45.638  1011  1189 D ASH     : @ 73237.838: tcs3701: start power rail timer, state:3
11-23 08:59:45.678  1011  1189 I ASH     : @ 73237.877: tcs3701: stop power rail pending_off timer
11-23 08:59:45.678  1011  1189 D ASH     : @ 73237.878: tcs3701: start power rail timer, state:3
11-23 08:59:45.687  5238  5295 I BatteryMgr:DataCollectionService: stats => 1700726385687,12207,4449,13427,4169000,100
11-23 08:59:45.712  1795  4158 D ActivityManager: freezer override set to true
11-23 08:59:45.718  1795  4158 D ActivityManager: freezer override set to false
11-23 08:59:45.718  1011  1189 I ASH     : @ 73237.917: tcs3701: stop power rail pending_off timer
11-23 08:59:45.718  1011  1189 D ASH     : @ 73237.918: tcs3701: start power rail timer, state:3
11-23 08:59:45.757  1011  1189 I ASH     : @ 73237.957: tcs3701: stop power rail pending_off timer
11-23 08:59:45.757  1011  1189 D ASH     : @ 73237.958: tcs3701: start power rail timer, state:3
11-23 08:59:45.767  3845  6996 I PhenotypeProcessReaper: Memory state is: 100
11-23 08:59:45.794  5238  5295 I BatteryMgr:DataCollectionService: stats => 1700726385793,12207,4449,13427,4169000,100
11-23 08:59:45.799  1011  1189 I ASH     : @ 73237.997: tcs3701: stop power rail pending_off timer
11-23 08:59:45.799  1011  1189 D ASH     : @ 73237.998: tcs3701: start power rail timer, state:3
11-23 08:59:45.837  1011  1189 I ASH     : @ 73238.037: tcs3701: stop power rail pending_off timer
11-23 08:59:45.838  1011  1189 D ASH     : @ 73238.038: tcs3701: start power rail timer, state:3
11-23 08:59:45.877  1011  1189 I ASH     : @ 73238.077: tcs3701: stop power rail pending_off timer
11-23 08:59:45.877  1011  1189 D ASH     : @ 73238.078: tcs3701: start power rail timer, state:3
11-23 08:59:45.899  5238  5295 I BatteryMgr:DataCollectionService: stats => 1700726385899,12207,4449,13427,4169000,100
11-23 08:59:45.918  1011  1189 I ASH     : @ 73238.117: tcs3701: stop power rail pending_off timer
11-23 08:59:45.918  1011  1189 D ASH     : @ 73238.118: tcs3701: start power rail timer, state:3
11-23 08:59:45.957  1011  1189 I ASH     : @ 73238.157: tcs3701: stop power rail pending_off timer
11-23 08:59:45.957  1011  1189 D ASH     : @ 73238.158: tcs3701: start power rail timer, state:3
11-23 08:59:45.997  1011  1189 I ASH     : @ 73238.197: tcs3701: stop power rail pending_off timer
11-23 08:59:45.997  1011  1189 D ASH     : @ 73238.198: tcs3701: start power rail timer, state:3
11-23 08:59:46.008  5238  5295 I BatteryMgr:DataCollectionService: stats => 1700726386007,12207,4449,13427,4169000,100
11-23 08:59:46.038  1011  1189 I ASH     : @ 73238.237: tcs3701: stop power rail pending_off timer
11-23 08:59:46.038  1011  1189 D ASH     : @ 73238.238: tcs3701: start power rail timer, state:3
11-23 08:59:46.077  1011  1189 I ASH     : @ 73238.277: tcs3701: stop power rail pending_off timer
11-23 08:59:46.078  1011  1189 D ASH     : @ 73238.278: tcs3701: start power rail timer, state:3
11-23 08:59:46.113  5238  5295 I BatteryMgr:DataCollectionService: stats => 1700726386113,12207,4449,13427,4169000,100
11-23 08:59:46.118  1011  1189 I ASH     : @ 73238.317: tcs3701: stop power rail pending_off timer
11-23 08:59:46.118  1011  1189 D ASH     : @ 73238.318: tcs3701: start power rail timer, state:3
11-23 08:59:46.158  1011  1189 I ASH     : @ 73238.357: tcs3701: stop power rail pending_off timer
11-23 08:59:46.158  1011  1189 D ASH     : @ 73238.358: tcs3701: start power rail timer, state:3
11-23 08:59:46.197  1011  1189 I ASH     : @ 73238.397: tcs3701: stop power rail pending_off timer
11-23 08:59:46.197  1011  1189 D ASH     : @ 73238.398: tcs3701: start power rail timer, state:3
11-23 08:59:46.220  5238  5295 I BatteryMgr:DataCollectionService: stats => 1700726386220,12207,4449,13427,4169000,100
11-23 08:59:46.237  1011  1189 I ASH     : @ 73238.437: tcs3701: stop power rail pending_off timer
11-23 08:59:46.237  1011  1189 D ASH     : @ 73238.438: tcs3701: start power rail timer, state:3
11-23 08:59:46.253  1795  4158 D ActivityManager: freezer override set to true
11-23 08:59:46.278  1011  1189 I ASH     : @ 73238.477: tcs3701: stop power rail pending_off timer
11-23 08:59:46.278  1011  1189 D ASH     : @ 73238.478: tcs3701: start power rail timer, state:3
11-23 08:59:46.318  1011  1189 I ASH     : @ 73238.517: tcs3701: stop power rail pending_off timer
11-23 08:59:46.318  1011  1189 D ASH     : @ 73238.518: tcs3701: start power rail timer, state:3
11-23 08:59:46.325  5238  5295 I BatteryMgr:DataCollectionService: stats => 1700726386325,12207,4449,13427,4169000,100
11-23 08:59:46.335 20428 20772 I m.chrome.canary: Explicit concurrent copying GC freed 3593(176KB) AllocSpace objects, 3(60KB) LOS objects, 75% free, 11MB/45MB, paused 30us,25us total 45.757ms
11-23 08:59:46.357  1011  1189 I ASH     : @ 73238.557: tcs3701: stop power rail pending_off timer
11-23 08:59:46.357  1011  1189 D ASH     : @ 73238.558: tcs3701: start power rail timer, state:3
11-23 08:59:46.396  1795  4158 D ActivityManager: freezer override set to false
11-23 08:59:46.398  1011  1189 I ASH     : @ 73238.597: tcs3701: stop power rail pending_off timer
11-23 08:59:46.398  1011  1189 D ASH     : @ 73238.598: tcs3701: start power rail timer, state:3
11-23 08:59:46.431  5238  5295 I BatteryMgr:DataCollectionService: stats => 1700726386431,12207,4449,13427,4169000,100
11-23 08:59:46.437  1011  1189 I ASH     : @ 73238.637: tcs3701: stop power rail pending_off timer
11-23 08:59:46.437  1011  1189 D ASH     : @ 73238.638: tcs3701: start power rail timer, state:3
11-23 08:59:46.449  1795  4158 D ActivityManager: freezer override set to true
11-23 08:59:46.453  1795  4158 D ActivityManager: freezer override set to false
