11-23 08:57:27.804  1795  2424 D WifiClientModeImpl[13802:wlan0]:  ClientModeImpl$L2ConnectedState screen=on 7 0 "ourhome" f4:6d:2f:12:cc:88 rssi=-45 f=5240 sc=60 link=866 tx=0.0, 0.0, 0.0 rx=0.0 bcn=695171 [on:0 tx:0 rx:0 period:3017] from screen [on:26281 period:714811] score=60
11-23 08:57:27.805  1795  2424 D WifiScoreReport: Wifi scoring disabled - Notify that Wifi is usable
11-23 08:57:27.808  1795  2432 D ConnectivityService: NetReassign [no changes] [c 0] [a 0] [i 3]
11-23 08:57:27.826  5238  5296 I BatteryMgr:DataCollectionService: stats => 1700726247826,13122,4449,13427,4169000,100
11-23 08:57:27.837  1011  1189 I ASH     : @ 73100.037: tcs3701: stop power rail pending_off timer
11-23 08:57:27.838  1011  1189 D ASH     : @ 73100.038: tcs3701: start power rail timer, state:3
11-23 08:57:27.878  1011  1189 I ASH     : @ 73100.077: tcs3701: stop power rail pending_off timer
11-23 08:57:27.878  1011  1189 D ASH     : @ 73100.078: tcs3701: start power rail timer, state:3
11-23 08:57:27.917  1011  1189 I ASH     : @ 73100.117: tcs3701: stop power rail pending_off timer
11-23 08:57:27.917  1011  1189 D ASH     : @ 73100.118: tcs3701: start power rail timer, state:3
11-23 08:57:27.933  5238  5296 I BatteryMgr:DataCollectionService: stats => 1700726247933,13122,4449,13427,4169000,100
11-23 08:57:27.957  1011  1189 I ASH     : @ 73100.157: tcs3701: stop power rail pending_off timer
11-23 08:57:27.957  1011  1189 D ASH     : @ 73100.158: tcs3701: start power rail timer, state:3
11-23 08:57:27.997  1011  1189 I ASH     : @ 73100.197: tcs3701: stop power rail pending_off timer
11-23 08:57:27.997  1011  1189 D ASH     : @ 73100.198: tcs3701: start power rail timer, state:3
11-23 08:57:28.038  1011  1189 I ASH     : @ 73100.237: tcs3701: stop power rail pending_off timer
11-23 08:57:28.038  1011  1189 D ASH     : @ 73100.238: tcs3701: start power rail timer, state:3
11-23 08:57:28.043  5238  5296 I BatteryMgr:DataCollectionService: stats => 1700726248043,13122,4449,13427,4169000,100
11-23 08:57:28.075  1795  4157 D ActivityManager: freezer override set to true
11-23 08:57:28.078  1011  1189 I ASH     : @ 73100.277: tcs3701: stop power rail pending_off timer
11-23 08:57:28.078  1011  1189 D ASH     : @ 73100.278: tcs3701: start power rail timer, state:3
11-23 08:57:28.117  1011  1189 I ASH     : @ 73100.317: tcs3701: stop power rail pending_off timer
11-23 08:57:28.117  1011  1189 D ASH     : @ 73100.318: tcs3701: start power rail timer, state:3
11-23 08:57:28.147 17021 17035 I m.chrome.canary: Explicit concurrent copying GC freed 3573(176KB) AllocSpace objects, 3(60KB) LOS objects, 75% free, 11MB/45MB, paused 29us,22us total 37.715ms
11-23 08:57:28.150  5238  5296 I BatteryMgr:DataCollectionService: stats => 1700726248149,13122,4449,13427,4169000,100
11-23 08:57:28.158  1011  1189 I ASH     : @ 73100.357: tcs3701: stop power rail pending_off timer
11-23 08:57:28.158  1011  1189 D ASH     : @ 73100.358: tcs3701: start power rail timer, state:3
11-23 08:57:28.197  1011  1189 I ASH     : @ 73100.397: tcs3701: stop power rail pending_off timer
11-23 08:57:28.197  1011  1189 D ASH     : @ 73100.398: tcs3701: start power rail timer, state:3
11-23 08:57:28.198  1795  4157 D ActivityManager: freezer override set to false
11-23 08:57:28.236  1795  4157 D ActivityManager: freezer override set to true
11-23 08:57:28.238  1011  1189 I ASH     : @ 73100.437: tcs3701: stop power rail pending_off timer
11-23 08:57:28.238  1011  1189 D ASH     : @ 73100.438: tcs3701: start power rail timer, state:3
11-23 08:57:28.239  1795  4157 D ActivityManager: freezer override set to false
11-23 08:57:28.255  5238  5296 I BatteryMgr:DataCollectionService: stats => 1700726248255,13122,4449,13427,4169000,100
11-23 08:57:28.277  1011  1189 I ASH     : @ 73100.477: tcs3701: stop power rail pending_off timer
11-23 08:57:28.277  1011  1189 D ASH     : @ 73100.478: tcs3701: start power rail timer, state:3
11-23 08:57:28.317  1011  1189 I ASH     : @ 73100.517: tcs3701: stop power rail pending_off timer
11-23 08:57:28.318  1011  1189 D ASH     : @ 73100.518: tcs3701: start power rail timer, state:3
11-23 08:57:28.357  1011  1189 I ASH     : @ 73100.557: tcs3701: stop power rail pending_off timer
11-23 08:57:28.357  1011  1189 D ASH     : @ 73100.558: tcs3701: start power rail timer, state:3
11-23 08:57:28.360  5238  5296 I BatteryMgr:DataCollectionService: stats => 1700726248360,13122,4449,13427,4169000,100
11-23 08:57:28.397  1011  1189 I ASH     : @ 73100.597: tcs3701: stop power rail pending_off timer
11-23 08:57:28.398  1011  1189 D ASH     : @ 73100.598: tcs3701: start power rail timer, state:3
11-23 08:57:28.427  1795  4157 D ActivityManager: freezer override set to true
11-23 08:57:28.432  1795  4157 D ActivityManager: freezer override set to false
11-23 08:57:28.438  1011  1189 I ASH     : @ 73100.637: tcs3701: stop power rail pending_off timer
11-23 08:57:28.438  1011  1189 D ASH     : @ 73100.638: tcs3701: start power rail timer, state:3
11-23 08:57:28.467  5238  5296 I BatteryMgr:DataCollectionService: stats => 1700726248466,13122,4449,13427,4169000,100
11-23 08:57:28.477  1011  1189 I ASH     : @ 73100.677: tcs3701: stop power rail pending_off timer
11-23 08:57:28.477  1011  1189 D ASH     : @ 73100.678: tcs3701: start power rail timer, state:3
11-23 08:57:28.517  1011  1189 I ASH     : @ 73100.717: tcs3701: stop power rail pending_off timer
11-23 08:57:28.517  1011  1189 D ASH     : @ 73100.718: tcs3701: start power rail timer, state:3
11-23 08:57:28.557  1011  1189 I ASH     : @ 73100.757: tcs3701: stop power rail pending_off timer
11-23 08:57:28.557  1011  1189 D ASH     : @ 73100.758: tcs3701: start power rail timer, state:3
11-23 08:57:28.576  5238  5296 I BatteryMgr:DataCollectionService: stats => 1700726248576,13122,4449,13427,4169000,100
11-23 08:57:28.598  1011  1189 I ASH     : @ 73100.797: tcs3701: stop power rail pending_off timer
11-23 08:57:28.598  1011  1189 D ASH     : @ 73100.798: tcs3701: start power rail timer, state:3
11-23 08:57:28.637  1011  1189 I ASH     : @ 73100.837: tcs3701: stop power rail pending_off timer
11-23 08:57:28.638  1011  1189 D ASH     : @ 73100.838: tcs3701: start power rail timer, state:3
11-23 08:57:28.678  1011  1189 I ASH     : @ 73100.877: tcs3701: stop power rail pending_off timer
11-23 08:57:28.678  1011  1189 D ASH     : @ 73100.878: tcs3701: start power rail timer, state:3
11-23 08:57:28.683  5238  5296 I BatteryMgr:DataCollectionService: stats => 1700726248683,13122,4449,13427,4169000,100
11-23 08:57:28.717  1011  1189 I ASH     : @ 73100.917: tcs3701: stop power rail pending_off timer
11-23 08:57:28.717  1011  1189 D ASH     : @ 73100.918: tcs3701: start power rail timer, state:3
11-23 08:57:28.758  1011  1189 I ASH     : @ 73100.957: tcs3701: stop power rail pending_off timer
11-23 08:57:28.758  1011  1189 D ASH     : @ 73100.958: tcs3701: start power rail timer, state:3
11-23 08:57:28.787  5238  5296 I BatteryMgr:DataCollectionService: stats => 1700726248787,13122,4449,13427,4169000,100
11-23 08:57:28.797  1011  1189 I ASH     : @ 73100.997: tcs3701: stop power rail pending_off timer
11-23 08:57:28.797  1011  1189 D ASH     : @ 73100.998: tcs3701: start power rail timer, state:3
11-23 08:57:28.838  1011  1189 I ASH     : @ 73101.037: tcs3701: stop power rail pending_off timer
11-23 08:57:28.838  1011  1189 D ASH     : @ 73101.038: tcs3701: start power rail timer, state:3
11-23 08:57:28.878  1011  1189 I ASH     : @ 73101.077: tcs3701: stop power rail pending_off timer
11-23 08:57:28.878  1011  1189 D ASH     : @ 73101.078: tcs3701: start power rail timer, state:3
11-23 08:57:28.894  5238  5296 I BatteryMgr:DataCollectionService: stats => 1700726248894,13122,4449,13427,4169000,100
11-23 08:57:28.917  1011  1189 I ASH     : @ 73101.117: tcs3701: stop power rail pending_off timer
11-23 08:57:28.917  1011  1189 D ASH     : @ 73101.118: tcs3701: start power rail timer, state:3
11-23 08:57:28.957  1011  1189 I ASH     : @ 73101.157: tcs3701: stop power rail pending_off timer
11-23 08:57:28.958  1011  1189 D ASH     : @ 73101.158: tcs3701: start power rail timer, state:3
11-23 08:57:28.997  1011  1189 I ASH     : @ 73101.197: tcs3701: stop power rail pending_off timer
11-23 08:57:28.997  1011  1189 D ASH     : @ 73101.198: tcs3701: start power rail timer, state:3
11-23 08:57:29.001  5238  5296 I BatteryMgr:DataCollectionService: stats => 1700726249000,13122,4449,13427,4169000,100
11-23 08:57:29.037  1011  1189 I ASH     : @ 73101.237: tcs3701: stop power rail pending_off timer
11-23 08:57:29.037  1011  1189 D ASH     : @ 73101.238: tcs3701: start power rail timer, state:3
11-23 08:57:29.077  1011  1189 I ASH     : @ 73101.277: tcs3701: stop power rail pending_off timer
11-23 08:57:29.077  1011  1189 D ASH     : @ 73101.278: tcs3701: start power rail timer, state:3
11-23 08:57:29.111  5238  5296 I BatteryMgr:DataCollectionService: stats => 1700726249111,13122,4449,13427,4169000,100
11-23 08:57:29.117  1011  1189 I ASH     : @ 73101.317: tcs3701: stop power rail pending_off timer
11-23 08:57:29.118  1011  1189 D ASH     : @ 73101.318: tcs3701: start power rail timer, state:3
11-23 08:57:29.158  1011  1189 I ASH     : @ 73101.357: tcs3701: stop power rail pending_off timer
11-23 08:57:29.158  1011  1189 D ASH     : @ 73101.358: tcs3701: start power rail timer, state:3
11-23 08:57:29.197  1011  1189 I ASH     : @ 73101.397: tcs3701: stop power rail pending_off timer
11-23 08:57:29.198  1011  1189 D ASH     : @ 73101.398: tcs3701: start power rail timer, state:3
11-23 08:57:29.218  5238  5296 I BatteryMgr:DataCollectionService: stats => 1700726249217,13122,4449,13427,4169000,100
11-23 08:57:29.237  1011  1189 I ASH     : @ 73101.437: tcs3701: stop power rail pending_off timer
11-23 08:57:29.237  1011  1189 D ASH     : @ 73101.438: tcs3701: start power rail timer, state:3
11-23 08:57:29.278  1011  1189 I ASH     : @ 73101.477: tcs3701: stop power rail pending_off timer
11-23 08:57:29.278  1011  1189 D ASH     : @ 73101.478: tcs3701: start power rail timer, state:3
11-23 08:57:29.317  1011  1189 I ASH     : @ 73101.517: tcs3701: stop power rail pending_off timer
11-23 08:57:29.317  1011  1189 D ASH     : @ 73101.518: tcs3701: start power rail timer, state:3
11-23 08:57:29.324  5238  5296 I BatteryMgr:DataCollectionService: stats => 1700726249324,13122,4449,13427,4169000,100
11-23 08:57:29.358  1011  1189 I ASH     : @ 73101.557: tcs3701: stop power rail pending_off timer
11-23 08:57:29.358  1011  1189 D ASH     : @ 73101.558: tcs3701: start power rail timer, state:3
11-23 08:57:29.397  1011  1189 I ASH     : @ 73101.597: tcs3701: stop power rail pending_off timer
11-23 08:57:29.397  1011  1189 D ASH     : @ 73101.598: tcs3701: start power rail timer, state:3
11-23 08:57:29.401  1795  4157 D ActivityManager: freezer override set to true
11-23 08:57:29.430  5238  5296 I BatteryMgr:DataCollectionService: stats => 1700726249430,13122,4449,13427,4169000,100
11-23 08:57:29.437  1011  1189 I ASH     : @ 73101.638: tcs3701: stop power rail pending_off timer
11-23 08:57:29.438  1011  1189 D ASH     : @ 73101.638: tcs3701: start power rail timer, state:3
11-23 08:57:29.478  1011  1189 I ASH     : @ 73101.677: tcs3701: stop power rail pending_off timer
11-23 08:57:29.478  1011  1189 D ASH     : @ 73101.678: tcs3701: start power rail timer, state:3
11-23 08:57:29.479 17021 17035 I m.chrome.canary: Explicit concurrent copying GC freed 3799(191KB) AllocSpace objects, 4(80KB) LOS objects, 75% free, 11MB/45MB, paused 35us,20us total 38.013ms
11-23 08:57:29.518  1011  1189 I ASH     : @ 73101.717: tcs3701: stop power rail pending_off timer
11-23 08:57:29.518  1011  1189 D ASH     : @ 73101.718: tcs3701: start power rail timer, state:3
11-23 08:57:29.529  1795  4157 D ActivityManager: freezer override set to false
11-23 08:57:29.535  5238  5296 I BatteryMgr:DataCollectionService: stats => 1700726249535,13122,4449,13427,4169000,100
11-23 08:57:29.557  1011  1189 I ASH     : @ 73101.757: tcs3701: stop power rail pending_off timer
11-23 08:57:29.557  1011  1189 D ASH     : @ 73101.758: tcs3701: start power rail timer, state:3
11-23 08:57:29.579  1795  4157 D ActivityManager: freezer override set to true
11-23 08:57:29.582  1795  4157 D ActivityManager: freezer override set to false
11-23 08:57:29.598  1011  1189 I ASH     : @ 73101.798: tcs3701: stop power rail pending_off timer
11-23 08:57:29.598  1011  1189 D ASH     : @ 73101.798: tcs3701: start power rail timer, state:3
11-23 08:57:29.637  1011  1189 I ASH     : @ 73101.837: tcs3701: stop power rail pending_off timer
11-23 08:57:29.638  1011  1189 D ASH     : @ 73101.838: tcs3701: start power rail timer, state:3
11-23 08:57:29.640  5238  5296 I BatteryMgr:DataCollectionService: stats => 1700726249639,13122,4449,13427,4169000,100
11-23 08:57:29.678  1011  1189 I ASH     : @ 73101.877: tcs3701: stop power rail pending_off timer
11-23 08:57:29.678  1011  1189 D ASH     : @ 73101.878: tcs3701: start power rail timer, state:3
11-23 08:57:29.717  1011  1189 I ASH     : @ 73101.917: tcs3701: stop power rail pending_off timer
11-23 08:57:29.717  1011  1189 D ASH     : @ 73101.918: tcs3701: start power rail timer, state:3
11-23 08:57:29.744  5238  5296 I BatteryMgr:DataCollectionService: stats => 1700726249744,13122,4449,13427,4169000,100
11-23 08:57:29.757  1011  1189 I ASH     : @ 73101.957: tcs3701: stop power rail pending_off timer
11-23 08:57:29.757  1011  1189 D ASH     : @ 73101.958: tcs3701: start power rail timer, state:3
11-23 08:57:29.797  1011  1189 I ASH     : @ 73101.997: tcs3701: stop power rail pending_off timer
11-23 08:57:29.797  1011  1189 D ASH     : @ 73101.998: tcs3701: start power rail timer, state:3
11-23 08:57:29.837  1011  1189 I ASH     : @ 73102.037: tcs3701: stop power rail pending_off timer
11-23 08:57:29.837  1011  1189 D ASH     : @ 73102.038: tcs3701: start power rail timer, state:3
11-23 08:57:29.849  5238  5296 I BatteryMgr:DataCollectionService: stats => 1700726249849,13122,4449,13427,4169000,100
11-23 08:57:29.877  1011  1189 I ASH     : @ 73102.077: tcs3701: stop power rail pending_off timer
11-23 08:57:29.877  1011  1189 D ASH     : @ 73102.078: tcs3701: start power rail timer, state:3
11-23 08:57:29.918  1011  1189 I ASH     : @ 73102.117: tcs3701: stop power rail pending_off timer
11-23 08:57:29.918  1011  1189 D ASH     : @ 73102.118: tcs3701: start power rail timer, state:3
11-23 08:57:29.954  5238  5296 I BatteryMgr:DataCollectionService: stats => 1700726249954,13122,4449,13427,4169000,100
11-23 08:57:29.957  1011  1189 I ASH     : @ 73102.157: tcs3701: stop power rail pending_off timer
11-23 08:57:29.957  1011  1189 D ASH     : @ 73102.158: tcs3701: start power rail timer, state:3
11-23 08:57:29.997  1011  1189 I ASH     : @ 73102.197: tcs3701: stop power rail pending_off timer
11-23 08:57:29.997  1011  1189 D ASH     : @ 73102.198: tcs3701: start power rail timer, state:3
11-23 08:57:30.037  1011  1189 I ASH     : @ 73102.237: tcs3701: stop power rail pending_off timer
11-23 08:57:30.037  1011  1189 D ASH     : @ 73102.238: tcs3701: start power rail timer, state:3
11-23 08:57:30.060  5238  5296 I BatteryMgr:DataCollectionService: stats => 1700726250060,13122,4449,13427,4169000,100
11-23 08:57:30.078  1011  1189 I ASH     : @ 73102.277: tcs3701: stop power rail pending_off timer
11-23 08:57:30.078  1011  1189 D ASH     : @ 73102.278: tcs3701: start power rail timer, state:3
11-23 08:57:30.117  1011  1189 I ASH     : @ 73102.317: tcs3701: stop power rail pending_off timer
11-23 08:57:30.117  1011  1189 D ASH     : @ 73102.318: tcs3701: start power rail timer, state:3
11-23 08:57:30.157  1011  1189 I ASH     : @ 73102.357: tcs3701: stop power rail pending_off timer
11-23 08:57:30.157  1011  1189 D ASH     : @ 73102.358: tcs3701: start power rail timer, state:3
11-23 08:57:30.167  5238  5296 I BatteryMgr:DataCollectionService: stats => 1700726250167,13122,4449,13427,4169000,100
11-23 08:57:30.198  1011  1189 I ASH     : @ 73102.397: tcs3701: stop power rail pending_off timer
11-23 08:57:30.198  1011  1189 D ASH     : @ 73102.398: tcs3701: start power rail timer, state:3
11-23 08:57:30.238  1011  1189 I ASH     : @ 73102.437: tcs3701: stop power rail pending_off timer
11-23 08:57:30.238  1011  1189 D ASH     : @ 73102.438: tcs3701: start power rail timer, state:3
11-23 08:57:30.274  5238  5296 I BatteryMgr:DataCollectionService: stats => 1700726250273,13122,4449,13427,4169000,100
11-23 08:57:30.277  1011  1189 I ASH     : @ 73102.477: tcs3701: stop power rail pending_off timer
11-23 08:57:30.278  1011  1189 D ASH     : @ 73102.478: tcs3701: start power rail timer, state:3
11-23 08:57:30.318  1011  1189 I ASH     : @ 73102.517: tcs3701: stop power rail pending_off timer
11-23 08:57:30.318  1011  1189 D ASH     : @ 73102.518: tcs3701: start power rail timer, state:3
11-23 08:57:30.357  1011  1189 I ASH     : @ 73102.557: tcs3701: stop power rail pending_off timer
11-23 08:57:30.357  1011  1189 D ASH     : @ 73102.558: tcs3701: start power rail timer, state:3
11-23 08:57:30.383  5238  5296 I BatteryMgr:DataCollectionService: stats => 1700726250383,13122,4449,13427,4169000,100
11-23 08:57:30.398  1011  1189 I ASH     : @ 73102.597: tcs3701: stop power rail pending_off timer
11-23 08:57:30.398  1011  1189 D ASH     : @ 73102.598: tcs3701: start power rail timer, state:3
11-23 08:57:30.422  1795  4157 D ActivityManager: freezer override set to true
11-23 08:57:30.427  1795  4157 D ActivityManager: freezer override set to false
11-23 08:57:30.437  1011  1189 I ASH     : @ 73102.637: tcs3701: stop power rail pending_off timer
11-23 08:57:30.437  1011  1189 D ASH     : @ 73102.638: tcs3701: start power rail timer, state:3
11-23 08:57:30.477  1011  1189 I ASH     : @ 73102.677: tcs3701: stop power rail pending_off timer
11-23 08:57:30.477  1011  1189 D ASH     : @ 73102.678: tcs3701: start power rail timer, state:3
11-23 08:57:30.492  5238  5296 I BatteryMgr:DataCollectionService: stats => 1700726250491,13122,4449,13427,4169000,100
11-23 08:57:30.518  1011  1189 I ASH     : @ 73102.717: tcs3701: stop power rail pending_off timer
11-23 08:57:30.518  1011  1189 D ASH     : @ 73102.718: tcs3701: start power rail timer, state:3
11-23 08:57:30.558  1011  1189 I ASH     : @ 73102.757: tcs3701: stop power rail pending_off timer
11-23 08:57:30.558  1011  1189 D ASH     : @ 73102.758: tcs3701: start power rail timer, state:3
11-23 08:57:30.597  1011  1189 I ASH     : @ 73102.797: tcs3701: stop power rail pending_off timer
11-23 08:57:30.597  1011  1189 D ASH     : @ 73102.798: tcs3701: start power rail timer, state:3
11-23 08:57:30.597  5238  5296 I BatteryMgr:DataCollectionService: stats => 1700726250597,14038,4449,13427,4169000,100
11-23 08:57:30.637  1011  1189 I ASH     : @ 73102.837: tcs3701: stop power rail pending_off timer
11-23 08:57:30.638  1011  1189 D ASH     : @ 73102.838: tcs3701: start power rail timer, state:3
11-23 08:57:30.678  1011  1189 I ASH     : @ 73102.877: tcs3701: stop power rail pending_off timer
11-23 08:57:30.678  1011  1189 D ASH     : @ 73102.878: tcs3701: start power rail timer, state:3
11-23 08:57:30.703  5238  5296 I BatteryMgr:DataCollectionService: stats => 1700726250703,14038,4449,13427,4169000,100
11-23 08:57:30.717  1011  1189 I ASH     : @ 73102.917: tcs3701: stop power rail pending_off timer
11-23 08:57:30.717  1011  1189 D ASH     : @ 73102.918: tcs3701: start power rail timer, state:3
11-23 08:57:30.727  1795  4157 D ActivityManager: freezer override set to true
11-23 08:57:30.758  1011  1189 I ASH     : @ 73102.957: tcs3701: stop power rail pending_off timer
11-23 08:57:30.758  1011  1189 D ASH     : @ 73102.958: tcs3701: start power rail timer, state:3
11-23 08:57:30.798  1011  1189 I ASH     : @ 73102.997: tcs3701: stop power rail pending_off timer
11-23 08:57:30.798  1011  1189 D ASH     : @ 73102.998: tcs3701: start power rail timer, state:3
11-23 08:57:30.809  5238  5296 I BatteryMgr:DataCollectionService: stats => 1700726250809,14038,4449,13427,4169000,100
11-23 08:57:30.813  1795  2424 D WifiClientModeImpl[13802:wlan0]: updateLinkLayerStatsRssiSpeedFrequencyCapabilities rssi=-45 TxLinkspeed=866 freq=5240 RxLinkSpeed=866
11-23 08:57:30.813  1795  2424 D WifiDataStall: tx tput in kbps: 755212
11-23 08:57:30.813  1795  2424 D WifiDataStall: rx tput in kbps: 794960
11-23 08:57:30.813  1795  2424 V WifiConfigManager: Updating scan detail cache freq=5240 BSSID=f4:6d:2f:12:cc:88 RSSI=-44 for "ourhome"WPA_PSK
11-23 08:57:30.814  1795  2424 D WifiChannelUtilization:  freq: 5240 onTime: 1846874 busyTime: 158978 onTimeDiff: 1846579 busyTimeDiff: 158961 utilization: 21 utilization t0: 21
11-23 08:57:30.814  1795  2424 D WifiDataStall:  ccaLevel = 21
11-23 08:57:30.814  1795  2424 D WifiDataStall: L2 txTputKbps: 755212, rxTputKbps: 794960, L3 txTputKbps: 0, rxTputKbps: 0, TxTrafficHigh: false, RxTrafficHigh: false, Throughput Sufficient: true
11-23 08:57:30.814  3213  3231 V WifiManager: OnWifiUsabilityStatsListener: onWifiUsabilityStats: seqNum=24185
11-23 08:57:30.814  1795  2424 D WifiScoreReport: Wifi scoring disabled - Don't check IP layer
11-23 08:57:30.814  1795  2424 D WifiScoreCard: BSSID update SIGNAL_POLL ID: 1320464697 SSID: "ourhome", BSSID: f4:6d:2f:12:cc:88, MAC: b2:2f:ec:da:4a:0c, IP: /192.168.1.104, Security type: 2, Supplicant state: COMPLETED, Wi-Fi standard: 5, RSSI: -45, Link speed: 866Mbps, Tx Link speed: 866Mbps, Max Supported Tx Link speed: 866Mbps, Rx Link speed: 866Mbps, Max Supported Rx Link speed: 866Mbps, Frequency: 5240MHz, Net ID: 12, Metered hint: false, score: 60, isUsable: true, CarrierMerged: false, SubscriptionId: -1, IsPrimary: 1, Trusted: true, Restricted: false, Ephemeral: false, OEM paid: false, OEM private: false, OSU AP: false, FQDN: <none>, Provider friendly name: <none>, Requesting package name: <none>"ourhome"wpa2-pskMLO Information: , Is TID-To-Link negotiation supported by the AP: false, AP MLD Address: <none>, AP MLO Link Id: <none>, AP MLO Affiliated links: <none>
11-23 08:57:30.814  1795  2424 D WifiScoreCard: txRate: 1 txSpeed: 866
11-23 08:57:30.814  1795  2424 D WifiScoreCard: network update SIGNAL_POLL "ourhome" ID: 1499892569 RSSI -45 txSpeed -1
11-23 08:57:30.814  1795  3634 I WifiService: updateWifiUsabilityScore uid=10180 seqNum=24185 score=100 predictionHorizonSec=1441795
11-23 08:57:30.814  1795  2424 D WifiClientModeImpl[13802:wlan0]:  ClientModeImpl$L2ConnectedState screen=on 7 0 "ourhome" f4:6d:2f:12:cc:88 rssi=-45 f=5240 sc=60 link=866 tx=0.2, 0.0, 0.0 rx=0.2 bcn=695200 [on:56 tx:1 rx:0 period:3009] from screen [on:26337 period:717821] score=60
11-23 08:57:30.814  2513 20462 V WifiManager: TrafficStateCallbackProxy: onStateChanged state=3
11-23 08:57:30.815  1795  2424 D WifiScoreReport: Wifi scoring disabled - Notify that Wifi is usable
11-23 08:57:30.817  1795  2432 D ConnectivityService: NetReassign [no changes] [c 0] [a 1] [i 1]
11-23 08:57:30.837  1011  1189 I ASH     : @ 73103.037: tcs3701: stop power rail pending_off timer
11-23 08:57:30.837  1011  1189 D ASH     : @ 73103.038: tcs3701: start power rail timer, state:3
11-23 08:57:30.856 17021 17035 I m.chrome.canary: Explicit concurrent copying GC freed 3590(176KB) AllocSpace objects, 3(60KB) LOS objects, 75% free, 11MB/45MB, paused 91us,19us total 43.036ms
11-23 08:57:30.877  1011  1189 I ASH     : @ 73103.077: tcs3701: stop power rail pending_off timer
11-23 08:57:30.877  1011  1189 D ASH     : @ 73103.078: tcs3701: start power rail timer, state:3
11-23 08:57:30.903  1795  4157 D ActivityManager: freezer override set to false
11-23 08:57:30.914  5238  5296 I BatteryMgr:DataCollectionService: stats => 1700726250914,14038,4449,13427,4169000,100
11-23 08:57:30.918  1011  1189 I ASH     : @ 73103.117: tcs3701: stop power rail pending_off timer
11-23 08:57:30.918  1011  1189 D ASH     : @ 73103.118: tcs3701: start power rail timer, state:3
11-23 08:57:30.946  1795  4157 D ActivityManager: freezer override set to true
11-23 08:57:30.950  1795  4157 D ActivityManager: freezer override set to false
11-23 08:57:30.957  1011  1189 I ASH     : @ 73103.157: tcs3701: stop power rail pending_off timer
11-23 08:57:30.957  1011  1189 D ASH     : @ 73103.158: tcs3701: start power rail timer, state:3
11-23 08:57:30.998  1011  1189 I ASH     : @ 73103.197: tcs3701: stop power rail pending_off timer
11-23 08:57:30.998  1011  1189 D ASH     : @ 73103.198: tcs3701: start power rail timer, state:3
11-23 08:57:31.019  5238  5296 I BatteryMgr:DataCollectionService: stats => 1700726251019,14038,4449,13427,4169000,100
11-23 08:57:31.037  1011  1189 I ASH     : @ 73103.237: tcs3701: stop power rail pending_off timer
11-23 08:57:31.037  1011  1189 D ASH     : @ 73103.238: tcs3701: start power rail timer, state:3
11-23 08:57:31.077  1011  1189 I ASH     : @ 73103.277: tcs3701: stop power rail pending_off timer
11-23 08:57:31.078  1011  1189 D ASH     : @ 73103.278: tcs3701: start power rail timer, state:3
11-23 08:57:31.118  1011  1189 I ASH     : @ 73103.317: tcs3701: stop power rail pending_off timer
11-23 08:57:31.118  1011  1189 D ASH     : @ 73103.318: tcs3701: start power rail timer, state:3
11-23 08:57:31.124  5238  5296 I BatteryMgr:DataCollectionService: stats => 1700726251124,14038,4449,13427,4169000,100
11-23 08:57:31.157  1011  1189 I ASH     : @ 73103.357: tcs3701: stop power rail pending_off timer
11-23 08:57:31.158  1011  1189 D ASH     : @ 73103.358: tcs3701: start power rail timer, state:3
11-23 08:57:31.198  1011  1189 I ASH     : @ 73103.397: tcs3701: stop power rail pending_off timer
11-23 08:57:31.198  1011  1189 D ASH     : @ 73103.398: tcs3701: start power rail timer, state:3
11-23 08:57:31.228  5238  5296 I BatteryMgr:DataCollectionService: stats => 1700726251228,14038,4449,13427,4169000,100
11-23 08:57:31.238  1011  1189 I ASH     : @ 73103.438: tcs3701: stop power rail pending_off timer
11-23 08:57:31.238  1011  1189 D ASH     : @ 73103.438: tcs3701: start power rail timer, state:3
11-23 08:57:31.244  3604  4020 I bbqr    : (REDACTED) getHotwordActive::active query: %s, watch: %s, devices connected: %s
11-23 08:57:31.277  1011  1189 I ASH     : @ 73103.477: tcs3701: stop power rail pending_off timer
11-23 08:57:31.277  1011  1189 D ASH     : @ 73103.478: tcs3701: start power rail timer, state:3
11-23 08:57:31.318  1011  1189 I ASH     : @ 73103.517: tcs3701: stop power rail pending_off timer
11-23 08:57:31.318  1011  1189 D ASH     : @ 73103.518: tcs3701: start power rail timer, state:3
11-23 08:57:31.334  5238  5296 I BatteryMgr:DataCollectionService: stats => 1700726251334,14038,4449,13427,4169000,100
11-23 08:57:31.357  1011  1189 I ASH     : @ 73103.557: tcs3701: stop power rail pending_off timer
11-23 08:57:31.358  1011  1189 D ASH     : @ 73103.558: tcs3701: start power rail timer, state:3
11-23 08:57:31.398  1011  1189 I ASH     : @ 73103.597: tcs3701: stop power rail pending_off timer
11-23 08:57:31.398  1011  1189 D ASH     : @ 73103.598: tcs3701: start power rail timer, state:3
11-23 08:57:31.424  1795  4157 D ActivityManager: freezer override set to true
11-23 08:57:31.430  1795  4157 D ActivityManager: freezer override set to false
11-23 08:57:31.437  1011  1189 I ASH     : @ 73103.637: tcs3701: stop power rail pending_off timer
11-23 08:57:31.437  1011  1189 D ASH     : @ 73103.638: tcs3701: start power rail timer, state:3
11-23 08:57:31.440  5238  5296 I BatteryMgr:DataCollectionService: stats => 1700726251440,14038,4449,13427,4169000,100
11-23 08:57:31.477  1011  1189 I ASH     : @ 73103.677: tcs3701: stop power rail pending_off timer
11-23 08:57:31.477  1011  1189 D ASH     : @ 73103.678: tcs3701: start power rail timer, state:3
11-23 08:57:31.517  1011  1189 I ASH     : @ 73103.717: tcs3701: stop power rail pending_off timer
11-23 08:57:31.517  1011  1189 D ASH     : @ 73103.718: tcs3701: start power rail timer, state:3
11-23 08:57:31.546  5238  5296 I BatteryMgr:DataCollectionService: stats => 1700726251545,14038,4449,13427,4169000,100
11-23 08:57:31.558  1011  1189 I ASH     : @ 73103.757: tcs3701: stop power rail pending_off timer
11-23 08:57:31.558  1011  1189 D ASH     : @ 73103.758: tcs3701: start power rail timer, state:3
11-23 08:57:31.598  1011  1189 I ASH     : @ 73103.797: tcs3701: stop power rail pending_off timer
11-23 08:57:31.598  1011  1189 D ASH     : @ 73103.798: tcs3701: start power rail timer, state:3
11-23 08:57:31.637  1011  1189 I ASH     : @ 73103.837: tcs3701: stop power rail pending_off timer
11-23 08:57:31.637  1011  1189 D ASH     : @ 73103.838: tcs3701: start power rail timer, state:3
11-23 08:57:31.650  5238  5296 I BatteryMgr:DataCollectionService: stats => 1700726251650,14038,4449,13427,4169000,100
11-23 08:57:31.677  1011  1189 I ASH     : @ 73103.877: tcs3701: stop power rail pending_off timer
11-23 08:57:31.677  1011  1189 D ASH     : @ 73103.878: tcs3701: start power rail timer, state:3
11-23 08:57:31.717  1011  1189 I ASH     : @ 73103.917: tcs3701: stop power rail pending_off timer
11-23 08:57:31.717  1011  1189 D ASH     : @ 73103.918: tcs3701: start power rail timer, state:3
11-23 08:57:31.754  5238  5296 I BatteryMgr:DataCollectionService: stats => 1700726251754,14038,4449,13427,4169000,100
11-23 08:57:31.757  1011  1189 I ASH     : @ 73103.957: tcs3701: stop power rail pending_off timer
11-23 08:57:31.757  1011  1189 D ASH     : @ 73103.958: tcs3701: start power rail timer, state:3
11-23 08:57:31.797  1011  1189 I ASH     : @ 73103.997: tcs3701: stop power rail pending_off timer
11-23 08:57:31.797  1011  1189 D ASH     : @ 73103.998: tcs3701: start power rail timer, state:3
11-23 08:57:31.837  1011  1189 I ASH     : @ 73104.037: tcs3701: stop power rail pending_off timer
11-23 08:57:31.837  1011  1189 D ASH     : @ 73104.038: tcs3701: start power rail timer, state:3
11-23 08:57:31.861  5238  5296 I BatteryMgr:DataCollectionService: stats => 1700726251861,14038,4449,13427,4169000,100
11-23 08:57:31.878  1011  1189 I ASH     : @ 73104.077: tcs3701: stop power rail pending_off timer
11-23 08:57:31.878  1011  1189 D ASH     : @ 73104.078: tcs3701: start power rail timer, state:3
11-23 08:57:31.917  1011  1189 I ASH     : @ 73104.117: tcs3701: stop power rail pending_off timer
11-23 08:57:31.917  1011  1189 D ASH     : @ 73104.118: tcs3701: start power rail timer, state:3
11-23 08:57:31.957  1011  1189 I ASH     : @ 73104.157: tcs3701: stop power rail pending_off timer
11-23 08:57:31.957  1011  1189 D ASH     : @ 73104.158: tcs3701: start power rail timer, state:3
11-23 08:57:31.966  5238  5296 I BatteryMgr:DataCollectionService: stats => 1700726251966,14038,4449,13427,4169000,100
11-23 08:57:31.997  1011  1189 I ASH     : @ 73104.197: tcs3701: stop power rail pending_off timer
11-23 08:57:31.997  1011  1189 D ASH     : @ 73104.198: tcs3701: start power rail timer, state:3
11-23 08:57:32.038  1011  1189 I ASH     : @ 73104.237: tcs3701: stop power rail pending_off timer
11-23 08:57:32.038  1011  1189 D ASH     : @ 73104.238: tcs3701: start power rail timer, state:3
11-23 08:57:32.071  5238  5296 I BatteryMgr:DataCollectionService: stats => 1700726252071,14038,4449,13427,4169000,100
11-23 08:57:32.078  1011  1189 I ASH     : @ 73104.277: tcs3701: stop power rail pending_off timer
11-23 08:57:32.078  1011  1189 D ASH     : @ 73104.278: tcs3701: start power rail timer, state:3
11-23 08:57:32.095  1795  4157 D ActivityManager: freezer override set to true
11-23 08:57:32.118  1011  1189 I ASH     : @ 73104.317: tcs3701: stop power rail pending_off timer
11-23 08:57:32.118  1011  1189 D ASH     : @ 73104.318: tcs3701: start power rail timer, state:3
11-23 08:57:32.157  1011  1189 I ASH     : @ 73104.357: tcs3701: stop power rail pending_off timer
11-23 08:57:32.157  1011  1189 D ASH     : @ 73104.358: tcs3701: start power rail timer, state:3
11-23 08:57:32.167 17021 17035 I m.chrome.canary: Explicit concurrent copying GC freed 3569(176KB) AllocSpace objects, 3(60KB) LOS objects, 75% free, 11MB/45MB, paused 26us,20us total 39.234ms
11-23 08:57:32.176  5238  5296 I BatteryMgr:DataCollectionService: stats => 1700726252176,14038,4449,13427,4169000,100
11-23 08:57:32.197  1011  1189 I ASH     : @ 73104.397: tcs3701: stop power rail pending_off timer
11-23 08:57:32.197  1011  1189 D ASH     : @ 73104.398: tcs3701: start power rail timer, state:3
11-23 08:57:32.218  1795  4157 D ActivityManager: freezer override set to false
11-23 08:57:32.237  1011  1189 I ASH     : @ 73104.437: tcs3701: stop power rail pending_off timer
11-23 08:57:32.237  1011  1189 D ASH     : @ 73104.438: tcs3701: start power rail timer, state:3
11-23 08:57:32.257  1795  4157 D ActivityManager: freezer override set to true
11-23 08:57:32.260  1795  4157 D ActivityManager: freezer override set to false
11-23 08:57:32.278  1011  1189 I ASH     : @ 73104.477: tcs3701: stop power rail pending_off timer
11-23 08:57:32.278  1011  1189 D ASH     : @ 73104.478: tcs3701: start power rail timer, state:3
11-23 08:57:32.282  5238  5296 I BatteryMgr:DataCollectionService: stats => 1700726252282,14038,4449,13427,4169000,100
11-23 08:57:32.318  1011  1189 I ASH     : @ 73104.517: tcs3701: stop power rail pending_off timer
11-23 08:57:32.318  1011  1189 D ASH     : @ 73104.518: tcs3701: start power rail timer, state:3
11-23 08:57:32.357  1011  1189 I ASH     : @ 73104.557: tcs3701: stop power rail pending_off timer
11-23 08:57:32.358  1011  1189 D ASH     : @ 73104.558: tcs3701: start power rail timer, state:3
11-23 08:57:32.387  5238  5296 I BatteryMgr:DataCollectionService: stats => 1700726252387,14038,4449,13427,4169000,100
11-23 08:57:32.397  1011  1189 I ASH     : @ 73104.597: tcs3701: stop power rail pending_off timer
11-23 08:57:32.397  1011  1189 D ASH     : @ 73104.598: tcs3701: start power rail timer, state:3
11-23 08:57:32.437  1011  1189 I ASH     : @ 73104.637: tcs3701: stop power rail pending_off timer
11-23 08:57:32.437  1011  1189 D ASH     : @ 73104.638: tcs3701: start power rail timer, state:3
11-23 08:57:32.445  1795  4157 D ActivityManager: freezer override set to true
11-23 08:57:32.450  1795  4157 D ActivityManager: freezer override set to false
11-23 08:57:32.477  1011  1189 I ASH     : @ 73104.677: tcs3701: stop power rail pending_off timer
11-23 08:57:32.477  1011  1189 D ASH     : @ 73104.678: tcs3701: start power rail timer, state:3
11-23 08:57:32.493  5238  5296 I BatteryMgr:DataCollectionService: stats => 1700726252493,14038,4449,13427,4169000,100
11-23 08:57:32.517  1011  1189 I ASH     : @ 73104.717: tcs3701: stop power rail pending_off timer
11-23 08:57:32.517  1011  1189 D ASH     : @ 73104.718: tcs3701: start power rail timer, state:3
11-23 08:57:32.557  1011  1189 I ASH     : @ 73104.757: tcs3701: stop power rail pending_off timer
11-23 08:57:32.557  1011  1189 D ASH     : @ 73104.758: tcs3701: start power rail timer, state:3
11-23 08:57:32.598  1011  1189 I ASH     : @ 73104.797: tcs3701: stop power rail pending_off timer
11-23 08:57:32.598  1011  1189 D ASH     : @ 73104.798: tcs3701: start power rail timer, state:3
11-23 08:57:32.602  5238  5296 I BatteryMgr:DataCollectionService: stats => 1700726252602,14038,4449,13427,4169000,100
11-23 08:57:32.638  1011  1189 I ASH     : @ 73104.837: tcs3701: stop power rail pending_off timer
11-23 08:57:32.638  1011  1189 D ASH     : @ 73104.838: tcs3701: start power rail timer, state:3
11-23 08:57:32.678  1011  1189 I ASH     : @ 73104.877: tcs3701: stop power rail pending_off timer
11-23 08:57:32.678  1011  1189 D ASH     : @ 73104.878: tcs3701: start power rail timer, state:3
11-23 08:57:32.708  5238  5296 I BatteryMgr:DataCollectionService: stats => 1700726252708,14038,4449,13427,4169000,100
11-23 08:57:32.717  1011  1189 I ASH     : @ 73104.917: tcs3701: stop power rail pending_off timer
11-23 08:57:32.717  1011  1189 D ASH     : @ 73104.918: tcs3701: start power rail timer, state:3
11-23 08:57:32.757  1011  1189 I ASH     : @ 73104.957: tcs3701: stop power rail pending_off timer
11-23 08:57:32.758  1011  1189 D ASH     : @ 73104.958: tcs3701: start power rail timer, state:3
11-23 08:57:32.797  1011  1189 I ASH     : @ 73104.997: tcs3701: stop power rail pending_off timer
11-23 08:57:32.798  1011  1189 D ASH     : @ 73104.998: tcs3701: start power rail timer, state:3
11-23 08:57:32.814  5238  5296 I BatteryMgr:DataCollectionService: stats => 1700726252814,14038,4449,13427,4169000,100
11-23 08:57:32.837  1011  1189 I ASH     : @ 73105.037: tcs3701: stop power rail pending_off timer
11-23 08:57:32.837  1011  1189 D ASH     : @ 73105.038: tcs3701: start power rail timer, state:3
11-23 08:57:32.878  1011  1189 I ASH     : @ 73105.077: tcs3701: stop power rail pending_off timer
11-23 08:57:32.878  1011  1189 D ASH     : @ 73105.078: tcs3701: start power rail timer, state:3
11-23 08:57:32.917  1011  1189 I ASH     : @ 73105.117: tcs3701: stop power rail pending_off timer
11-23 08:57:32.917  1011  1189 D ASH     : @ 73105.118: tcs3701: start power rail timer, state:3
11-23 08:57:32.919  5238  5296 I BatteryMgr:DataCollectionService: stats => 1700726252919,14038,4449,13427,4169000,100
11-23 08:57:32.958  1011  1189 I ASH     : @ 73105.158: tcs3701: stop power rail pending_off timer
11-23 08:57:32.958  1011  1189 D ASH     : @ 73105.158: tcs3701: start power rail timer, state:3
11-23 08:57:32.998  1011  1189 I ASH     : @ 73105.197: tcs3701: stop power rail pending_off timer
11-23 08:57:32.998  1011  1189 D ASH     : @ 73105.198: tcs3701: start power rail timer, state:3
11-23 08:57:33.024  5238  5296 I BatteryMgr:DataCollectionService: stats => 1700726253024,14038,4449,13427,4169000,100
11-23 08:57:33.038  1011  1189 I ASH     : @ 73105.238: tcs3701: stop power rail pending_off timer
11-23 08:57:33.038  1011  1189 D ASH     : @ 73105.238: tcs3701: start power rail timer, state:3
11-23 08:57:33.070  1795  2424 D WifiNetworkSelector: Current connected network: 12
11-23 08:57:33.070  1795  2424 V WifiConnectivityManager: No partial scan because firmware roaming is supported.
11-23 08:57:33.070  1795  2424 V WifiConnectivityManager: schedulePeriodicScanTimer intervalMs 20000
11-23 08:57:33.077  1011  1189 I ASH     : @ 73105.277: tcs3701: stop power rail pending_off timer
11-23 08:57:33.077  1011  1189 D ASH     : @ 73105.278: tcs3701: start power rail timer, state:3
11-23 08:57:33.118  1011  1189 I ASH     : @ 73105.318: tcs3701: stop power rail pending_off timer
11-23 08:57:33.118  1011  1189 D ASH     : @ 73105.318: tcs3701: start power rail timer, state:3
11-23 08:57:33.129  5238  5296 I BatteryMgr:DataCollectionService: stats => 1700726253129,14038,4449,13427,4169000,100
11-23 08:57:33.158  1011  1189 I ASH     : @ 73105.357: tcs3701: stop power rail pending_off timer
11-23 08:57:33.158  1011  1189 D ASH     : @ 73105.358: tcs3701: start power rail timer, state:3
11-23 08:57:33.198  1011  1189 I ASH     : @ 73105.397: tcs3701: stop power rail pending_off timer
11-23 08:57:33.198  1011  1189 D ASH     : @ 73105.398: tcs3701: start power rail timer, state:3
11-23 08:57:33.230 11364 11364 I EuiccGoogle: [2] EuiccServiceImpl.onDestroy: onDestroy: EuiccService on destroy.
11-23 08:57:33.235  5238  5296 I BatteryMgr:DataCollectionService: stats => 1700726253235,14038,4449,13427,4169000,100
11-23 08:57:33.237  1011  1189 I ASH     : @ 73105.437: tcs3701: stop power rail pending_off timer
11-23 08:57:33.237  1011  1189 D ASH     : @ 73105.438: tcs3701: start power rail timer, state:3
11-23 08:57:33.278  1011  1189 I ASH     : @ 73105.477: tcs3701: stop power rail pending_off timer
11-23 08:57:33.278  1011  1189 D ASH     : @ 73105.478: tcs3701: start power rail timer, state:3
11-23 08:57:33.317  1011  1189 I ASH     : @ 73105.517: tcs3701: stop power rail pending_off timer
11-23 08:57:33.318  1011  1189 D ASH     : @ 73105.518: tcs3701: start power rail timer, state:3
11-23 08:57:33.340  5238  5296 I BatteryMgr:DataCollectionService: stats => 1700726253340,14038,4449,13427,4169000,100
11-23 08:57:33.357  1011  1189 I ASH     : @ 73105.557: tcs3701: stop power rail pending_off timer
11-23 08:57:33.358  1011  1189 D ASH     : @ 73105.558: tcs3701: start power rail timer, state:3
11-23 08:57:33.395  1795  4169 D ActivityManager: freezer override set to true
11-23 08:57:33.397  1011  1189 I ASH     : @ 73105.597: tcs3701: stop power rail pending_off timer
11-23 08:57:33.397  1011  1189 D ASH     : @ 73105.598: tcs3701: start power rail timer, state:3
11-23 08:57:33.437  1011  1189 I ASH     : @ 73105.637: tcs3701: stop power rail pending_off timer
11-23 08:57:33.437  1011  1189 D ASH     : @ 73105.638: tcs3701: start power rail timer, state:3
11-23 08:57:33.445  5238  5296 I BatteryMgr:DataCollectionService: stats => 1700726253445,14038,4449,13427,4169000,100
11-23 08:57:33.477  1011  1189 I ASH     : @ 73105.677: tcs3701: stop power rail pending_off timer
11-23 08:57:33.478  1011  1189 D ASH     : @ 73105.678: tcs3701: start power rail timer, state:3
11-23 08:57:33.505 17021 17035 I m.chrome.canary: Explicit concurrent copying GC freed 3798(191KB) AllocSpace objects, 4(80KB) LOS objects, 75% free, 11MB/45MB, paused 26us,22us total 38.004ms
11-23 08:57:33.518  1011  1189 I ASH     : @ 73105.717: tcs3701: stop power rail pending_off timer
11-23 08:57:33.518  1011  1189 D ASH     : @ 73105.718: tcs3701: start power rail timer, state:3
11-23 08:57:33.550  5238  5296 I BatteryMgr:DataCollectionService: stats => 1700726253550,14038,4449,13427,4169000,100
11-23 08:57:33.555  1795  4169 D ActivityManager: freezer override set to false
11-23 08:57:33.558  1011  1189 I ASH     : @ 73105.757: tcs3701: stop power rail pending_off timer
11-23 08:57:33.559  1011  1189 D ASH     : @ 73105.758: tcs3701: start power rail timer, state:3
11-23 08:57:33.594  1795  4169 D ActivityManager: freezer override set to true
11-23 08:57:33.595  1795  4169 D ActivityManager: freezer override set to false
11-23 08:57:33.597  1011  1189 I ASH     : @ 73105.797: tcs3701: stop power rail pending_off timer
11-23 08:57:33.598  1011  1189 D ASH     : @ 73105.798: tcs3701: start power rail timer, state:3
11-23 08:57:33.637  1011  1189 I ASH     : @ 73105.837: tcs3701: stop power rail pending_off timer
11-23 08:57:33.637  1011  1189 D ASH     : @ 73105.838: tcs3701: start power rail timer, state:3
11-23 08:57:33.657  5238  5296 I BatteryMgr:DataCollectionService: stats => 1700726253657,14038,4449,13427,4169000,100
11-23 08:57:33.678  1011  1189 I ASH     : @ 73105.877: tcs3701: stop power rail pending_off timer
11-23 08:57:33.678  1011  1189 D ASH     : @ 73105.878: tcs3701: start power rail timer, state:3
11-23 08:57:33.718  1011  1189 I ASH     : @ 73105.917: tcs3701: stop power rail pending_off timer
11-23 08:57:33.718  1011  1189 D ASH     : @ 73105.918: tcs3701: start power rail timer, state:3
11-23 08:57:33.758  1011  1189 I ASH     : @ 73105.957: tcs3701: stop power rail pending_off timer
11-23 08:57:33.758  1011  1189 D ASH     : @ 73105.958: tcs3701: start power rail timer, state:3
11-23 08:57:33.762  5238  5296 I BatteryMgr:DataCollectionService: stats => 1700726253762,14038,4449,13427,4169000,100
11-23 08:57:33.797  1011  1189 I ASH     : @ 73105.997: tcs3701: stop power rail pending_off timer
11-23 08:57:33.798  1011  1189 D ASH     : @ 73105.998: tcs3701: start power rail timer, state:3
11-23 08:57:33.823  1795  2424 D WifiClientModeImpl[13802:wlan0]: updateLinkLayerStatsRssiSpeedFrequencyCapabilities rssi=-45 TxLinkspeed=866 freq=5240 RxLinkSpeed=866
11-23 08:57:33.824  1795  2424 D WifiDataStall: tx tput in kbps: 755212
11-23 08:57:33.824  1795  2424 D WifiDataStall: rx tput in kbps: 794960
11-23 08:57:33.824  1795  2424 V WifiConfigManager: Updating scan detail cache freq=5240 BSSID=f4:6d:2f:12:cc:88 RSSI=-44 for "ourhome"WPA_PSK
11-23 08:57:33.824  1795  2424 D WifiChannelUtilization:  freq: 5240 onTime: 1846874 busyTime: 158978 onTimeDiff: 1846579 busyTimeDiff: 158961 utilization: 21 utilization t0: 21
11-23 08:57:33.824  1795  2424 D WifiDataStall:  ccaLevel = 21
11-23 08:57:33.824  1795  2424 D WifiDataStall: L2 txTputKbps: 755212, rxTputKbps: 794960, L3 txTputKbps: 0, rxTputKbps: 0, TxTrafficHigh: false, RxTrafficHigh: false, Throughput Sufficient: true
11-23 08:57:33.824  3213  3231 V WifiManager: OnWifiUsabilityStatsListener: onWifiUsabilityStats: seqNum=24186
11-23 08:57:33.824  1795  2424 D WifiScoreReport: Wifi scoring disabled - Don't check IP layer
11-23 08:57:33.824  1795  2424 D WifiScoreCard: BSSID update SIGNAL_POLL ID: 1320464697 SSID: "ourhome", BSSID: f4:6d:2f:12:cc:88, MAC: b2:2f:ec:da:4a:0c, IP: /192.168.1.104, Security type: 2, Supplicant state: COMPLETED, Wi-Fi standard: 5, RSSI: -45, Link speed: 866Mbps, Tx Link speed: 866Mbps, Max Supported Tx Link speed: 866Mbps, Rx Link speed: 866Mbps, Max Supported Rx Link speed: 866Mbps, Frequency: 5240MHz, Net ID: 12, Metered hint: false, score: 60, isUsable: true, CarrierMerged: false, SubscriptionId: -1, IsPrimary: 1, Trusted: true, Restricted: false, Ephemeral: false, OEM paid: false, OEM private: false, OSU AP: false, FQDN: <none>, Provider friendly name: <none>, Requesting package name: <none>"ourhome"wpa2-pskMLO Information: , Is TID-To-Link negotiation supported by the AP: false, AP MLD Address: <none>, AP MLO Link Id: <none>, AP MLO Affiliated links: <none>
11-23 08:57:33.824  1795  2424 D WifiScoreCard: txRate: 1 txSpeed: 866
11-23 08:57:33.824  1795  2424 D WifiScoreCard: network update SIGNAL_POLL "ourhome" ID: 1499892569 RSSI -45 txSpeed -1
11-23 08:57:33.825  2513 20462 V WifiManager: TrafficStateCallbackProxy: onStateChanged state=0
11-23 08:57:33.825  1795  2424 D WifiClientModeImpl[13802:wlan0]:  ClientModeImpl$L2ConnectedState screen=on 7 0 "ourhome" f4:6d:2f:12:cc:88 rssi=-45 f=5240 sc=60 link=866 tx=0.0, 0.0, 0.0 rx=0.0 bcn=695230 [on:0 tx:0 rx:0 period:3011] from screen [on:26337 period:720832] score=60
11-23 08:57:33.826  1795  4169 I WifiService: updateWifiUsabilityScore uid=10180 seqNum=24186 score=100 predictionHorizonSec=1441795
11-23 08:57:33.826  1795  2424 D WifiScoreReport: Wifi scoring disabled - Notify that Wifi is usable
11-23 08:57:33.829  1795  2432 D ConnectivityService: NetReassign [no changes] [c 0] [a 0] [i 2]
11-23 08:57:33.837  1011  1189 I ASH     : @ 73106.037: tcs3701: stop power rail pending_off timer
11-23 08:57:33.837  1011  1189 D ASH     : @ 73106.038: tcs3701: start power rail timer, state:3
11-23 08:57:33.866  5238  5296 I BatteryMgr:DataCollectionService: stats => 1700726253866,14038,4449,13427,4169000,100
11-23 08:57:33.878  1011  1189 I ASH     : @ 73106.077: tcs3701: stop power rail pending_off timer
11-23 08:57:33.878  1011  1189 D ASH     : @ 73106.078: tcs3701: start power rail timer, state:3
11-23 08:57:33.917  1011  1189 I ASH     : @ 73106.117: tcs3701: stop power rail pending_off timer
11-23 08:57:33.917  1011  1189 D ASH     : @ 73106.118: tcs3701: start power rail timer, state:3
11-23 08:57:33.957  1011  1189 I ASH     : @ 73106.157: tcs3701: stop power rail pending_off timer
11-23 08:57:33.957  1011  1189 D ASH     : @ 73106.158: tcs3701: start power rail timer, state:3
11-23 08:57:33.971  5238  5296 I BatteryMgr:DataCollectionService: stats => 1700726253971,14038,4449,13427,4169000,100
11-23 08:57:33.998  1011  1189 I ASH     : @ 73106.197: tcs3701: stop power rail pending_off timer
11-23 08:57:33.998  1011  1189 D ASH     : @ 73106.198: tcs3701: start power rail timer, state:3
11-23 08:57:34.037  1011  1189 I ASH     : @ 73106.237: tcs3701: stop power rail pending_off timer
11-23 08:57:34.038  1011  1189 D ASH     : @ 73106.238: tcs3701: start power rail timer, state:3
11-23 08:57:34.076  5238  5296 I BatteryMgr:DataCollectionService: stats => 1700726254076,14038,4449,13427,4169000,100
11-23 08:57:34.077  1011  1189 I ASH     : @ 73106.277: tcs3701: stop power rail pending_off timer
11-23 08:57:34.077  1011  1189 D ASH     : @ 73106.278: tcs3701: start power rail timer, state:3
11-23 08:57:34.117  1011  1189 I ASH     : @ 73106.317: tcs3701: stop power rail pending_off timer
11-23 08:57:34.117  1011  1189 D ASH     : @ 73106.318: tcs3701: start power rail timer, state:3
11-23 08:57:34.157  1011  1189 I ASH     : @ 73106.357: tcs3701: stop power rail pending_off timer
11-23 08:57:34.157  1011  1189 D ASH     : @ 73106.358: tcs3701: start power rail timer, state:3
11-23 08:57:34.180  5238  5296 I BatteryMgr:DataCollectionService: stats => 1700726254180,14038,4449,13427,4169000,100
11-23 08:57:34.197  1011  1189 I ASH     : @ 73106.397: tcs3701: stop power rail pending_off timer
11-23 08:57:34.197  1011  1189 D ASH     : @ 73106.398: tcs3701: start power rail timer, state:3
11-23 08:57:34.238  1011  1189 I ASH     : @ 73106.437: tcs3701: stop power rail pending_off timer
11-23 08:57:34.238  1011  1189 D ASH     : @ 73106.438: tcs3701: start power rail timer, state:3
11-23 08:57:34.277  1011  1189 I ASH     : @ 73106.477: tcs3701: stop power rail pending_off timer
11-23 08:57:34.277  1011  1189 D ASH     : @ 73106.478: tcs3701: start power rail timer, state:3
11-23 08:57:34.285  5238  5296 I BatteryMgr:DataCollectionService: stats => 1700726254284,14038,4449,13427,4169000,100
11-23 08:57:34.317  1011  1189 I ASH     : @ 73106.517: tcs3701: stop power rail pending_off timer
11-23 08:57:34.317  1011  1189 D ASH     : @ 73106.518: tcs3701: start power rail timer, state:3
11-23 08:57:34.357  1011  1189 I ASH     : @ 73106.557: tcs3701: stop power rail pending_off timer
11-23 08:57:34.357  1011  1189 D ASH     : @ 73106.558: tcs3701: start power rail timer, state:3
11-23 08:57:34.389  5238  5296 I BatteryMgr:DataCollectionService: stats => 1700726254389,14038,4449,13427,4169000,100
11-23 08:57:34.397  1011  1189 I ASH     : @ 73106.597: tcs3701: stop power rail pending_off timer
11-23 08:57:34.397  1011  1189 D ASH     : @ 73106.598: tcs3701: start power rail timer, state:3
11-23 08:57:34.431  1795  4169 D ActivityManager: freezer override set to true
11-23 08:57:34.436  1795  4169 D ActivityManager: freezer override set to false
