11-23 09:32:43.372  1011  1189 D ASH     : @ 75215.572: tcs3701: start power rail timer, state:3
11-23 09:32:43.375  5238  5296 I BatteryMgr:DataCollectionService: stats => 1700728363375,14953,4449,13427,4169000,100
11-23 09:32:43.412  1011  1189 I ASH     : @ 75215.612: tcs3701: stop power rail pending_off timer
11-23 09:32:43.413  1011  1189 D ASH     : @ 75215.612: tcs3701: start power rail timer, state:3
11-23 09:32:43.452  1011  1189 I ASH     : @ 75215.652: tcs3701: stop power rail pending_off timer
11-23 09:32:43.452  1011  1189 D ASH     : @ 75215.652: tcs3701: start power rail timer, state:3
11-23 09:32:43.481  5238  5296 I BatteryMgr:DataCollectionService: stats => 1700728363481,14953,4449,13427,4169000,100
11-23 09:32:43.492  1011  1189 I ASH     : @ 75215.692: tcs3701: stop power rail pending_off timer
11-23 09:32:43.492  1011  1189 D ASH     : @ 75215.692: tcs3701: start power rail timer, state:3
11-23 09:32:43.533  1011  1189 I ASH     : @ 75215.732: tcs3701: stop power rail pending_off timer
11-23 09:32:43.533  1011  1189 D ASH     : @ 75215.732: tcs3701: start power rail timer, state:3
11-23 09:32:43.573  1011  1189 I ASH     : @ 75215.772: tcs3701: stop power rail pending_off timer
11-23 09:32:43.573  1011  1189 D ASH     : @ 75215.772: tcs3701: start power rail timer, state:3
11-23 09:32:43.586  5238  5296 I BatteryMgr:DataCollectionService: stats => 1700728363586,14953,4449,13427,4169000,100
11-23 09:32:43.608  1795  1853 D ActivityManager: freezer override set to true
11-23 09:32:43.612  1011  1189 I ASH     : @ 75215.812: tcs3701: stop power rail pending_off timer
11-23 09:32:43.612  1011  1189 D ASH     : @ 75215.812: tcs3701: start power rail timer, state:3
11-23 09:32:43.652  1011  1189 I ASH     : @ 75215.852: tcs3701: stop power rail pending_off timer
11-23 09:32:43.652  1011  1189 D ASH     : @ 75215.852: tcs3701: start power rail timer, state:3
11-23 09:32:43.692  5238  5296 I BatteryMgr:DataCollectionService: stats => 1700728363692,14953,4449,13427,4169000,100
11-23 09:32:43.692  1011  1189 I ASH     : @ 75215.892: tcs3701: stop power rail pending_off timer
11-23 09:32:43.692  1011  1189 D ASH     : @ 75215.892: tcs3701: start power rail timer, state:3
11-23 09:32:43.730 30793 30809 I m.chrome.canary: Explicit concurrent copying GC freed 3574(176KB) AllocSpace objects, 3(60KB) LOS objects, 75% free, 11MB/45MB, paused 65us,20us total 39.624ms
11-23 09:32:43.732  1011  1189 I ASH     : @ 75215.932: tcs3701: stop power rail pending_off timer
11-23 09:32:43.732  1011  1189 D ASH     : @ 75215.932: tcs3701: start power rail timer, state:3
11-23 09:32:43.772  1011  1189 I ASH     : @ 75215.972: tcs3701: stop power rail pending_off timer
11-23 09:32:43.773  1011  1189 D ASH     : @ 75215.972: tcs3701: start power rail timer, state:3
11-23 09:32:43.782  1795  1853 D ActivityManager: freezer override set to false
11-23 09:32:43.796  5238  5296 I BatteryMgr:DataCollectionService: stats => 1700728363796,14953,4449,13427,4169000,100
11-23 09:32:43.813  1011  1189 I ASH     : @ 75216.012: tcs3701: stop power rail pending_off timer
11-23 09:32:43.813  1011  1189 D ASH     : @ 75216.012: tcs3701: start power rail timer, state:3
11-23 09:32:43.827  1795  1853 D ActivityManager: freezer override set to true
11-23 09:32:43.829  1795  1853 D ActivityManager: freezer override set to false
11-23 09:32:43.852  1011  1189 I ASH     : @ 75216.052: tcs3701: stop power rail pending_off timer
11-23 09:32:43.852  1011  1189 D ASH     : @ 75216.052: tcs3701: start power rail timer, state:3
11-23 09:32:43.892  1011  1189 I ASH     : @ 75216.092: tcs3701: stop power rail pending_off timer
11-23 09:32:43.892  1011  1189 D ASH     : @ 75216.092: tcs3701: start power rail timer, state:3
11-23 09:32:43.904  5238  5296 I BatteryMgr:DataCollectionService: stats => 1700728363904,14953,4449,13427,4169000,100
11-23 09:32:43.913  1795  1853 D ActivityManager: freezer override set to true
11-23 09:32:43.917  1795  1853 D ActivityManager: freezer override set to false
11-23 09:32:43.933  1011  1189 I ASH     : @ 75216.132: tcs3701: stop power rail pending_off timer
11-23 09:32:43.933  1011  1189 D ASH     : @ 75216.132: tcs3701: start power rail timer, state:3
11-23 09:32:43.972  1011  1189 I ASH     : @ 75216.172: tcs3701: stop power rail pending_off timer
11-23 09:32:43.972  1011  1189 D ASH     : @ 75216.172: tcs3701: start power rail timer, state:3
11-23 09:32:44.011  5238  5296 I BatteryMgr:DataCollectionService: stats => 1700728364011,14953,4449,13427,4169000,100
11-23 09:32:44.013  1011  1189 I ASH     : @ 75216.212: tcs3701: stop power rail pending_off timer
11-23 09:32:44.013  1011  1189 D ASH     : @ 75216.212: tcs3701: start power rail timer, state:3
11-23 09:32:44.053  1011  1189 I ASH     : @ 75216.252: tcs3701: stop power rail pending_off timer
11-23 09:32:44.053  1011  1189 D ASH     : @ 75216.252: tcs3701: start power rail timer, state:3
11-23 09:32:44.092  1011  1189 I ASH     : @ 75216.292: tcs3701: stop power rail pending_off timer
11-23 09:32:44.092  1011  1189 D ASH     : @ 75216.292: tcs3701: start power rail timer, state:3
11-23 09:32:44.117  5238  5296 I BatteryMgr:DataCollectionService: stats => 1700728364117,14953,4449,13427,4169000,100
11-23 09:32:44.133  1011  1189 I ASH     : @ 75216.332: tcs3701: stop power rail pending_off timer
11-23 09:32:44.133  1011  1189 D ASH     : @ 75216.332: tcs3701: start power rail timer, state:3
11-23 09:32:44.172  1011  1189 I ASH     : @ 75216.372: tcs3701: stop power rail pending_off timer
11-23 09:32:44.172  1011  1189 D ASH     : @ 75216.372: tcs3701: start power rail timer, state:3
11-23 09:32:44.212  1011  1189 I ASH     : @ 75216.412: tcs3701: stop power rail pending_off timer
11-23 09:32:44.213  1011  1189 D ASH     : @ 75216.412: tcs3701: start power rail timer, state:3
11-23 09:32:44.224  5238  5296 I BatteryMgr:DataCollectionService: stats => 1700728364224,14953,4449,13427,4169000,100
11-23 09:32:44.252  1011  1189 I ASH     : @ 75216.452: tcs3701: stop power rail pending_off timer
11-23 09:32:44.252  1011  1189 D ASH     : @ 75216.452: tcs3701: start power rail timer, state:3
11-23 09:32:44.293  1011  1189 I ASH     : @ 75216.492: tcs3701: stop power rail pending_off timer
11-23 09:32:44.293  1011  1189 D ASH     : @ 75216.492: tcs3701: start power rail timer, state:3
11-23 09:32:44.333  1011  1189 I ASH     : @ 75216.532: tcs3701: stop power rail pending_off timer
11-23 09:32:44.333  1011  1189 D ASH     : @ 75216.532: tcs3701: start power rail timer, state:3
11-23 09:32:44.333  5238  5296 I BatteryMgr:DataCollectionService: stats => 1700728364333,14953,4449,13427,4169000,100
11-23 09:32:44.372  1011  1189 I ASH     : @ 75216.572: tcs3701: stop power rail pending_off timer
11-23 09:32:44.373  1011  1189 D ASH     : @ 75216.572: tcs3701: start power rail timer, state:3
11-23 09:32:44.413  1011  1189 I ASH     : @ 75216.612: tcs3701: stop power rail pending_off timer
11-23 09:32:44.413  1011  1189 D ASH     : @ 75216.612: tcs3701: start power rail timer, state:3
11-23 09:32:44.440  5238  5296 I BatteryMgr:DataCollectionService: stats => 1700728364440,14953,4449,13427,4169000,100
11-23 09:32:44.453  1011  1189 I ASH     : @ 75216.652: tcs3701: stop power rail pending_off timer
11-23 09:32:44.453  1011  1189 D ASH     : @ 75216.652: tcs3701: start power rail timer, state:3
11-23 09:32:44.492  1011  1189 I ASH     : @ 75216.692: tcs3701: stop power rail pending_off timer
11-23 09:32:44.492  1011  1189 D ASH     : @ 75216.692: tcs3701: start power rail timer, state:3
11-23 09:32:44.532  1011  1189 I ASH     : @ 75216.732: tcs3701: stop power rail pending_off timer
11-23 09:32:44.533  1011  1189 D ASH     : @ 75216.732: tcs3701: start power rail timer, state:3
11-23 09:32:44.545  5238  5296 I BatteryMgr:DataCollectionService: stats => 1700728364545,14953,4449,13427,4169000,100
11-23 09:32:44.572  1011  1189 I ASH     : @ 75216.772: tcs3701: stop power rail pending_off timer
11-23 09:32:44.573  1011  1189 D ASH     : @ 75216.772: tcs3701: start power rail timer, state:3
11-23 09:32:44.612  1011  1189 I ASH     : @ 75216.812: tcs3701: stop power rail pending_off timer
11-23 09:32:44.612  1011  1189 D ASH     : @ 75216.812: tcs3701: start power rail timer, state:3
11-23 09:32:44.651  5238  5296 I BatteryMgr:DataCollectionService: stats => 1700728364651,14953,4449,13427,4169000,100
11-23 09:32:44.654  1011  1189 I ASH     : @ 75216.852: tcs3701: stop power rail pending_off timer
11-23 09:32:44.654  1011  1189 D ASH     : @ 75216.852: tcs3701: start power rail timer, state:3
11-23 09:32:44.692  1011  1189 I ASH     : @ 75216.892: tcs3701: stop power rail pending_off timer
11-23 09:32:44.692  1011  1189 D ASH     : @ 75216.892: tcs3701: start power rail timer, state:3
11-23 09:32:44.732  1011  1189 I ASH     : @ 75216.932: tcs3701: stop power rail pending_off timer
11-23 09:32:44.732  1011  1189 D ASH     : @ 75216.932: tcs3701: start power rail timer, state:3
11-23 09:32:44.758  5238  5296 I BatteryMgr:DataCollectionService: stats => 1700728364758,14953,4449,13427,4169000,100
11-23 09:32:44.769  2113  2118 I pixel-thermal: skin-therm-monitor: 38.311
11-23 09:32:44.772  1011  1189 I ASH     : @ 75216.972: tcs3701: stop power rail pending_off timer
11-23 09:32:44.772  1011  1189 D ASH     : @ 75216.972: tcs3701: start power rail timer, state:3
11-23 09:32:44.805  1795  2424 D WifiClientModeImpl[13802:wlan0]: updateLinkLayerStatsRssiSpeedFrequencyCapabilities rssi=-48 TxLinkspeed=780 freq=5240 RxLinkSpeed=866
11-23 09:32:44.806  1795  2424 D WifiDataStall: tx tput in kbps: 680214
11-23 09:32:44.806  1795  2424 D WifiDataStall: rx tput in kbps: 794960
11-23 09:32:44.806  1795  2424 V WifiConfigManager: Updating scan detail cache freq=5240 BSSID=f4:6d:2f:12:cc:88 RSSI=-47 for "ourhome"WPA_PSK
11-23 09:32:44.806  2782  5906 D QCNEJ/WlanStaInfoRelay: Received action: android.net.wifi.RSSI_CHANGED
11-23 09:32:44.806  1795  2424 D WifiChannelUtilization:  freq: 5240 onTime: 1933864 busyTime: 165779 onTimeDiff: 1933569 busyTimeDiff: 165762 utilization: 21 utilization t0: 21
11-23 09:32:44.806  1795  2424 D WifiDataStall:  ccaLevel = 21
11-23 09:32:44.806  1795  2424 D WifiDataStall: L2 txTputKbps: 680214, rxTputKbps: 794960, L3 txTputKbps: 0, rxTputKbps: 0, TxTrafficHigh: false, RxTrafficHigh: false, Throughput Sufficient: true
11-23 09:32:44.807  3213  8092 V WifiManager: OnWifiUsabilityStatsListener: onWifiUsabilityStats: seqNum=24886
11-23 09:32:44.807  1795  2424 D WifiScoreReport: Wifi scoring disabled - Don't check IP layer
11-23 09:32:44.807  1795  2424 D WifiScoreCard: BSSID update SIGNAL_POLL ID: 1320464697 SSID: "ourhome", BSSID: f4:6d:2f:12:cc:88, MAC: b2:2f:ec:da:4a:0c, IP: /192.168.1.104, Security type: 2, Supplicant state: COMPLETED, Wi-Fi standard: 5, RSSI: -48, Link speed: 780Mbps, Tx Link speed: 780Mbps, Max Supported Tx Link speed: 866Mbps, Rx Link speed: 866Mbps, Max Supported Rx Link speed: 866Mbps, Frequency: 5240MHz, Net ID: 12, Metered hint: false, score: 60, isUsable: true, CarrierMerged: false, SubscriptionId: -1, IsPrimary: 1, Trusted: true, Restricted: false, Ephemeral: false, OEM paid: false, OEM private: false, OSU AP: false, FQDN: <none>, Provider friendly name: <none>, Requesting package name: <none>"ourhome"wpa2-pskMLO Information: , Is TID-To-Link negotiation supported by the AP: false, AP MLD Address: <none>, AP MLO Link Id: <none>, AP MLO Affiliated links: <none>
11-23 09:32:44.807  1795  2424 D WifiScoreCard: txRate: 1 txSpeed: 780
11-23 09:32:44.807  1795  2424 D WifiScoreCard: network update SIGNAL_POLL "ourhome" ID: 1499892569 RSSI -48 txSpeed -1
11-23 09:32:44.807  1795  1853 I WifiService: updateWifiUsabilityScore uid=10180 seqNum=24886 score=100 predictionHorizonSec=1441795
11-23 09:32:44.807  1795  2424 D WifiClientModeImpl[13802:wlan0]:  ClientModeImpl$L2ConnectedState screen=on 7 0 "ourhome" f4:6d:2f:12:cc:88 rssi=-48 f=5240 sc=60 link=780 tx=0.0, 0.0, 0.0 rx=0.0 bcn=715823 [on:0 tx:0 rx:0 period:3015] from screen [on:113327 period:2831814] score=60
11-23 09:32:44.808  1795  2424 D WifiScoreReport: Wifi scoring disabled - Notify that Wifi is usable
11-23 09:32:44.811  1795  2432 D ConnectivityService: NetReassign [no changes] [c 0] [a 0] [i 3]
11-23 09:32:44.812  1011  1189 I ASH     : @ 75217.012: tcs3701: stop power rail pending_off timer
11-23 09:32:44.812  1011  1189 D ASH     : @ 75217.012: tcs3701: start power rail timer, state:3
11-23 09:32:44.852  1011  1189 I ASH     : @ 75217.052: tcs3701: stop power rail pending_off timer
11-23 09:32:44.852  1011  1189 D ASH     : @ 75217.052: tcs3701: start power rail timer, state:3
11-23 09:32:44.863  5238  5296 I BatteryMgr:DataCollectionService: stats => 1700728364863,14953,4449,13427,4169000,100
11-23 09:32:44.892  1011  1189 I ASH     : @ 75217.092: tcs3701: stop power rail pending_off timer
11-23 09:32:44.893  1011  1189 D ASH     : @ 75217.092: tcs3701: start power rail timer, state:3
11-23 09:32:44.922  1795  1853 D ActivityManager: freezer override set to true
11-23 09:32:44.927  1795  1853 D ActivityManager: freezer override set to false
11-23 09:32:44.935  1011  1189 I ASH     : @ 75217.132: tcs3701: stop power rail pending_off timer
11-23 09:32:44.935  1011  1189 D ASH     : @ 75217.132: tcs3701: start power rail timer, state:3
11-23 09:32:44.969  5238  5296 I BatteryMgr:DataCollectionService: stats => 1700728364969,14953,4449,13427,4169000,100
11-23 09:32:44.973  1011  1189 I ASH     : @ 75217.172: tcs3701: stop power rail pending_off timer
11-23 09:32:44.973  1011  1189 D ASH     : @ 75217.172: tcs3701: start power rail timer, state:3
11-23 09:32:44.992  1795  1853 D ActivityManager: freezer override set to true
11-23 09:32:45.012  1011  1189 I ASH     : @ 75217.212: tcs3701: stop power rail pending_off timer
11-23 09:32:45.012  1011  1189 D ASH     : @ 75217.212: tcs3701: start power rail timer, state:3
11-23 09:32:45.052  1011  1189 I ASH     : @ 75217.252: tcs3701: stop power rail pending_off timer
11-23 09:32:45.052  1011  1189 D ASH     : @ 75217.252: tcs3701: start power rail timer, state:3
11-23 09:32:45.075  5238  5296 I BatteryMgr:DataCollectionService: stats => 1700728365075,14953,4449,13427,4169000,100
11-23 09:32:45.083 30793 30809 I m.chrome.canary: Explicit concurrent copying GC freed 3800(191KB) AllocSpace objects, 4(80KB) LOS objects, 75% free, 11MB/45MB, paused 36us,24us total 54.295ms
11-23 09:32:45.092  1011  1189 I ASH     : @ 75217.292: tcs3701: stop power rail pending_off timer
11-23 09:32:45.093  1011  1189 D ASH     : @ 75217.292: tcs3701: start power rail timer, state:3
11-23 09:32:45.132  1011  1189 I ASH     : @ 75217.332: tcs3701: stop power rail pending_off timer
11-23 09:32:45.132  1011  1189 D ASH     : @ 75217.332: tcs3701: start power rail timer, state:3
11-23 09:32:45.145  1795  1853 D ActivityManager: freezer override set to false
11-23 09:32:45.173  1011  1189 I ASH     : @ 75217.372: tcs3701: stop power rail pending_off timer
11-23 09:32:45.173  1011  1189 D ASH     : @ 75217.372: tcs3701: start power rail timer, state:3
11-23 09:32:45.183  5238  5296 I BatteryMgr:DataCollectionService: stats => 1700728365183,14953,4449,13427,4169000,100
11-23 09:32:45.195  1795  1853 D ActivityManager: freezer override set to true
11-23 09:32:45.198  1795  1853 D ActivityManager: freezer override set to false
11-23 09:32:45.212  1011  1189 I ASH     : @ 75217.412: tcs3701: stop power rail pending_off timer
11-23 09:32:45.213  1011  1189 D ASH     : @ 75217.412: tcs3701: start power rail timer, state:3
11-23 09:32:45.252  1011  1189 I ASH     : @ 75217.452: tcs3701: stop power rail pending_off timer
11-23 09:32:45.252  1011  1189 D ASH     : @ 75217.452: tcs3701: start power rail timer, state:3
11-23 09:32:45.289  5238  5296 I BatteryMgr:DataCollectionService: stats => 1700728365289,14953,4449,13427,4169000,100
11-23 09:32:45.292  1011  1189 I ASH     : @ 75217.492: tcs3701: stop power rail pending_off timer
11-23 09:32:45.292  1011  1189 D ASH     : @ 75217.492: tcs3701: start power rail timer, state:3
11-23 09:32:45.333  1011  1189 I ASH     : @ 75217.532: tcs3701: stop power rail pending_off timer
11-23 09:32:45.333  1011  1189 D ASH     : @ 75217.532: tcs3701: start power rail timer, state:3
11-23 09:32:45.373  1011  1189 I ASH     : @ 75217.572: tcs3701: stop power rail pending_off timer
11-23 09:32:45.373  1011  1189 D ASH     : @ 75217.572: tcs3701: start power rail timer, state:3
11-23 09:32:45.396  5238  5296 I BatteryMgr:DataCollectionService: stats => 1700728365396,14953,4449,13427,4169000,100
11-23 09:32:45.412  1011  1189 I ASH     : @ 75217.612: tcs3701: stop power rail pending_off timer
11-23 09:32:45.412  1011  1189 D ASH     : @ 75217.612: tcs3701: start power rail timer, state:3
11-23 09:32:45.452  1011  1189 I ASH     : @ 75217.652: tcs3701: stop power rail pending_off timer
11-23 09:32:45.452  1011  1189 D ASH     : @ 75217.652: tcs3701: start power rail timer, state:3
11-23 09:32:45.492  1011  1189 I ASH     : @ 75217.692: tcs3701: stop power rail pending_off timer
11-23 09:32:45.493  1011  1189 D ASH     : @ 75217.692: tcs3701: start power rail timer, state:3
11-23 09:32:45.503  5238  5296 I BatteryMgr:DataCollectionService: stats => 1700728365503,14953,4449,13427,4169000,100
11-23 09:32:45.533  1011  1189 I ASH     : @ 75217.732: tcs3701: stop power rail pending_off timer
11-23 09:32:45.533  1011  1189 D ASH     : @ 75217.732: tcs3701: start power rail timer, state:3
11-23 09:32:45.572  1011  1189 I ASH     : @ 75217.772: tcs3701: stop power rail pending_off timer
11-23 09:32:45.572  1011  1189 D ASH     : @ 75217.772: tcs3701: start power rail timer, state:3
11-23 09:32:45.608  5238  5296 I BatteryMgr:DataCollectionService: stats => 1700728365608,14953,4449,13427,4169000,100
11-23 09:32:45.612  1011  1189 I ASH     : @ 75217.812: tcs3701: stop power rail pending_off timer
11-23 09:32:45.612  1011  1189 D ASH     : @ 75217.812: tcs3701: start power rail timer, state:3
11-23 09:32:45.653  1011  1189 I ASH     : @ 75217.852: tcs3701: stop power rail pending_off timer
11-23 09:32:45.653  1011  1189 D ASH     : @ 75217.852: tcs3701: start power rail timer, state:3
11-23 09:32:45.693  1011  1189 I ASH     : @ 75217.892: tcs3701: stop power rail pending_off timer
11-23 09:32:45.693  1011  1189 D ASH     : @ 75217.892: tcs3701: start power rail timer, state:3
11-23 09:32:45.716  5238  5296 I BatteryMgr:DataCollectionService: stats => 1700728365716,14953,4449,13427,4169000,100
11-23 09:32:45.732  1011  1189 I ASH     : @ 75217.932: tcs3701: stop power rail pending_off timer
11-23 09:32:45.732  1011  1189 D ASH     : @ 75217.932: tcs3701: start power rail timer, state:3
11-23 09:32:45.773  1011  1189 I ASH     : @ 75217.972: tcs3701: stop power rail pending_off timer
11-23 09:32:45.773  1011  1189 D ASH     : @ 75217.972: tcs3701: start power rail timer, state:3
11-23 09:32:45.812  1011  1189 I ASH     : @ 75218.012: tcs3701: stop power rail pending_off timer
11-23 09:32:45.812  1011  1189 D ASH     : @ 75218.012: tcs3701: start power rail timer, state:3
11-23 09:32:45.822  5238  5296 I BatteryMgr:DataCollectionService: stats => 1700728365822,14953,4449,13427,4169000,100
11-23 09:32:45.852  1011  1189 I ASH     : @ 75218.052: tcs3701: stop power rail pending_off timer
11-23 09:32:45.852  1011  1189 D ASH     : @ 75218.052: tcs3701: start power rail timer, state:3
11-23 09:32:45.892  1011  1189 I ASH     : @ 75218.092: tcs3701: stop power rail pending_off timer
11-23 09:32:45.893  1011  1189 D ASH     : @ 75218.092: tcs3701: start power rail timer, state:3
11-23 09:32:45.909  1795  1853 D ActivityManager: freezer override set to true
11-23 09:32:45.913  1795  1853 D ActivityManager: freezer override set to false
11-23 09:32:45.927  5238  5296 I BatteryMgr:DataCollectionService: stats => 1700728365927,14953,4449,13427,4169000,100
11-23 09:32:45.932  1011  1189 I ASH     : @ 75218.132: tcs3701: stop power rail pending_off timer
11-23 09:32:45.932  1011  1189 D ASH     : @ 75218.132: tcs3701: start power rail timer, state:3
11-23 09:32:45.973  1011  1189 I ASH     : @ 75218.172: tcs3701: stop power rail pending_off timer
11-23 09:32:45.973  1011  1189 D ASH     : @ 75218.172: tcs3701: start power rail timer, state:3
11-23 09:32:46.013  1011  1189 I ASH     : @ 75218.212: tcs3701: stop power rail pending_off timer
11-23 09:32:46.013  1011  1189 D ASH     : @ 75218.213: tcs3701: start power rail timer, state:3
11-23 09:32:46.034  5238  5296 I BatteryMgr:DataCollectionService: stats => 1700728366034,14953,4449,13427,4169000,100
11-23 09:32:46.052  1011  1189 I ASH     : @ 75218.252: tcs3701: stop power rail pending_off timer
11-23 09:32:46.053  1011  1189 D ASH     : @ 75218.252: tcs3701: start power rail timer, state:3
11-23 09:32:46.093  1011  1189 I ASH     : @ 75218.292: tcs3701: stop power rail pending_off timer
11-23 09:32:46.093  1011  1189 D ASH     : @ 75218.292: tcs3701: start power rail timer, state:3
11-23 09:32:46.132  1011  1189 I ASH     : @ 75218.332: tcs3701: stop power rail pending_off timer
11-23 09:32:46.132  1011  1189 D ASH     : @ 75218.332: tcs3701: start power rail timer, state:3
11-23 09:32:46.141  5238  5296 I BatteryMgr:DataCollectionService: stats => 1700728366140,14953,4449,13427,4169000,100
11-23 09:32:46.173  1011  1189 I ASH     : @ 75218.372: tcs3701: stop power rail pending_off timer
11-23 09:32:46.173  1011  1189 D ASH     : @ 75218.372: tcs3701: start power rail timer, state:3
11-23 09:32:46.213  1011  1189 I ASH     : @ 75218.412: tcs3701: stop power rail pending_off timer
11-23 09:32:46.213  1011  1189 D ASH     : @ 75218.412: tcs3701: start power rail timer, state:3
11-23 09:32:46.246  5238  5296 I BatteryMgr:DataCollectionService: stats => 1700728366246,14953,4449,13427,4169000,100
11-23 09:32:46.252  1011  1189 I ASH     : @ 75218.452: tcs3701: stop power rail pending_off timer
11-23 09:32:46.253  1011  1189 D ASH     : @ 75218.452: tcs3701: start power rail timer, state:3
11-23 09:32:46.292  1011  1189 I ASH     : @ 75218.492: tcs3701: stop power rail pending_off timer
11-23 09:32:46.292  1011  1189 D ASH     : @ 75218.492: tcs3701: start power rail timer, state:3
11-23 09:32:46.333  1011  1189 I ASH     : @ 75218.532: tcs3701: stop power rail pending_off timer
11-23 09:32:46.333  1011  1189 D ASH     : @ 75218.532: tcs3701: start power rail timer, state:3
11-23 09:32:46.345  1795  1853 D ActivityManager: freezer override set to true
11-23 09:32:46.352  5238  5296 I BatteryMgr:DataCollectionService: stats => 1700728366352,14953,4449,13427,4169000,100
11-23 09:32:46.373  1011  1189 I ASH     : @ 75218.572: tcs3701: stop power rail pending_off timer
11-23 09:32:46.373  1011  1189 D ASH     : @ 75218.572: tcs3701: start power rail timer, state:3
11-23 09:32:46.412  1011  1189 I ASH     : @ 75218.612: tcs3701: stop power rail pending_off timer
11-23 09:32:46.412  1011  1189 D ASH     : @ 75218.612: tcs3701: start power rail timer, state:3
11-23 09:32:46.426 30793 30809 I m.chrome.canary: Explicit concurrent copying GC freed 3589(176KB) AllocSpace objects, 3(60KB) LOS objects, 75% free, 11MB/45MB, paused 128us,22us total 45.455ms
11-23 09:32:46.452  1011  1189 I ASH     : @ 75218.652: tcs3701: stop power rail pending_off timer
11-23 09:32:46.452  1011  1189 D ASH     : @ 75218.652: tcs3701: start power rail timer, state:3
11-23 09:32:46.456  5238  5296 I BatteryMgr:DataCollectionService: stats => 1700728366456,14953,4449,13427,4169000,100
11-23 09:32:46.477  1795  1853 D ActivityManager: freezer override set to false
11-23 09:32:46.493  1011  1189 I ASH     : @ 75218.692: tcs3701: stop power rail pending_off timer
11-23 09:32:46.493  1011  1189 D ASH     : @ 75218.692: tcs3701: start power rail timer, state:3
11-23 09:32:46.516  1795  1853 D ActivityManager: freezer override set to true
11-23 09:32:46.520  1795  1853 D ActivityManager: freezer override set to false
11-23 09:32:46.532  1011  1189 I ASH     : @ 75218.732: tcs3701: stop power rail pending_off timer
11-23 09:32:46.532  1011  1189 D ASH     : @ 75218.732: tcs3701: start power rail timer, state:3
11-23 09:32:46.536  1411  1514 D Diag_Lib: diag: In log_to_device, File count reached max file num 50 so deleting oldest file
11-23 09:32:46.540  1411  1514 D Diag_Lib: diag: In delete_log, Deleting logfile /data/vendor/radio/diag_logs/logs/diag_log_20231123_0844211700725461570.qmdl2 of size 5131 KB
11-23 09:32:46.540  1411  1514 D Diag_Lib:  creating new file /data/vendor/radio/diag_logs/logs/diag_log_20231123_0932461700728366540.qmdl2 
11-23 09:32:46.567  5238  5296 I BatteryMgr:DataCollectionService: stats => 1700728366567,14953,4449,13427,4169000,100
11-23 09:32:46.573  1011  1189 I ASH     : @ 75218.772: tcs3701: stop power rail pending_off timer
11-23 09:32:46.573  1011  1189 D ASH     : @ 75218.772: tcs3701: start power rail timer, state:3
11-23 09:32:46.613  1011  1189 I ASH     : @ 75218.812: tcs3701: stop power rail pending_off timer
11-23 09:32:46.613  1011  1189 D ASH     : @ 75218.812: tcs3701: start power rail timer, state:3
11-23 09:32:46.652  1011  1189 I ASH     : @ 75218.852: tcs3701: stop power rail pending_off timer
11-23 09:32:46.652  1011  1189 D ASH     : @ 75218.852: tcs3701: start power rail timer, state:3
11-23 09:32:46.672  5238  5296 I BatteryMgr:DataCollectionService: stats => 1700728366672,14953,4449,13427,4169000,100
11-23 09:32:46.692  1011  1189 I ASH     : @ 75218.892: tcs3701: stop power rail pending_off timer
11-23 09:32:46.692  1011  1189 D ASH     : @ 75218.892: tcs3701: start power rail timer, state:3
11-23 09:32:46.732  1011  1189 I ASH     : @ 75218.932: tcs3701: stop power rail pending_off timer
11-23 09:32:46.734  1011  1189 D ASH     : @ 75218.932: tcs3701: start power rail timer, state:3
11-23 09:32:46.772  2113  2118 I pixel-thermal: skin-therm-monitor: 38.321
11-23 09:32:46.772  1011  1189 I ASH     : @ 75218.972: tcs3701: stop power rail pending_off timer
11-23 09:32:46.772  1011  1189 D ASH     : @ 75218.972: tcs3701: start power rail timer, state:3
11-23 09:32:46.778  5238  5296 I BatteryMgr:DataCollectionService: stats => 1700728366778,14953,4449,13427,4169000,100
11-23 09:32:46.812  1011  1189 I ASH     : @ 75219.012: tcs3701: stop power rail pending_off timer
11-23 09:32:46.812  1011  1189 D ASH     : @ 75219.012: tcs3701: start power rail timer, state:3
11-23 09:32:46.852  1011  1189 I ASH     : @ 75219.052: tcs3701: stop power rail pending_off timer
11-23 09:32:46.853  1011  1189 D ASH     : @ 75219.052: tcs3701: start power rail timer, state:3
11-23 09:32:46.886  5238  5296 I BatteryMgr:DataCollectionService: stats => 1700728366886,14953,4449,13427,4169000,100
11-23 09:32:46.892  1011  1189 I ASH     : @ 75219.092: tcs3701: stop power rail pending_off timer
11-23 09:32:46.892  1011  1189 D ASH     : @ 75219.092: tcs3701: start power rail timer, state:3
11-23 09:32:46.912  1795  1853 D ActivityManager: freezer override set to true
11-23 09:32:46.916  1795  1853 D ActivityManager: freezer override set to false
11-23 09:32:46.932  1011  1189 I ASH     : @ 75219.132: tcs3701: stop power rail pending_off timer
11-23 09:32:46.932  1011  1189 D ASH     : @ 75219.132: tcs3701: start power rail timer, state:3
11-23 09:32:46.972  1011  1189 I ASH     : @ 75219.172: tcs3701: stop power rail pending_off timer
11-23 09:32:46.972  1011  1189 D ASH     : @ 75219.172: tcs3701: start power rail timer, state:3
11-23 09:32:46.991  5238  5296 I BatteryMgr:DataCollectionService: stats => 1700728366991,14953,4449,13427,4169000,100
11-23 09:32:47.012  1011  1189 I ASH     : @ 75219.212: tcs3701: stop power rail pending_off timer
11-23 09:32:47.012  1011  1189 D ASH     : @ 75219.212: tcs3701: start power rail timer, state:3
11-23 09:32:47.053  1011  1189 I ASH     : @ 75219.252: tcs3701: stop power rail pending_off timer
11-23 09:32:47.053  1011  1189 D ASH     : @ 75219.252: tcs3701: start power rail timer, state:3
11-23 09:32:47.092  1011  1189 I ASH     : @ 75219.292: tcs3701: stop power rail pending_off timer
11-23 09:32:47.092  1011  1189 D ASH     : @ 75219.292: tcs3701: start power rail timer, state:3
11-23 09:32:47.097  5238  5296 I BatteryMgr:DataCollectionService: stats => 1700728367097,14953,4449,13427,4169000,100
11-23 09:32:47.132  1011  1189 I ASH     : @ 75219.332: tcs3701: stop power rail pending_off timer
11-23 09:32:47.132  1011  1189 D ASH     : @ 75219.332: tcs3701: start power rail timer, state:3
11-23 09:32:47.172  1011  1189 I ASH     : @ 75219.372: tcs3701: stop power rail pending_off timer
11-23 09:32:47.173  1011  1189 D ASH     : @ 75219.372: tcs3701: start power rail timer, state:3
11-23 09:32:47.203  5238  5296 I BatteryMgr:DataCollectionService: stats => 1700728367203,14953,4449,13427,4169000,100
11-23 09:32:47.212  1011  1189 I ASH     : @ 75219.412: tcs3701: stop power rail pending_off timer
11-23 09:32:47.213  1011  1189 D ASH     : @ 75219.412: tcs3701: start power rail timer, state:3
11-23 09:32:47.252  1011  1189 I ASH     : @ 75219.452: tcs3701: stop power rail pending_off timer
11-23 09:32:47.253  1011  1189 D ASH     : @ 75219.452: tcs3701: start power rail timer, state:3
11-23 09:32:47.293  1011  1189 I ASH     : @ 75219.492: tcs3701: stop power rail pending_off timer
11-23 09:32:47.293  1011  1189 D ASH     : @ 75219.492: tcs3701: start power rail timer, state:3
11-23 09:32:47.310  5238  5296 I BatteryMgr:DataCollectionService: stats => 1700728367310,14953,4449,13427,4169000,100
11-23 09:32:47.332  1011  1189 I ASH     : @ 75219.532: tcs3701: stop power rail pending_off timer
11-23 09:32:47.332  1011  1189 D ASH     : @ 75219.532: tcs3701: start power rail timer, state:3
11-23 09:32:47.372  1011  1189 I ASH     : @ 75219.572: tcs3701: stop power rail pending_off timer
11-23 09:32:47.373  1011  1189 D ASH     : @ 75219.572: tcs3701: start power rail timer, state:3
11-23 09:32:47.412  1011  1189 I ASH     : @ 75219.612: tcs3701: stop power rail pending_off timer
11-23 09:32:47.413  1011  1189 D ASH     : @ 75219.612: tcs3701: start power rail timer, state:3
11-23 09:32:47.415  5238  5296 I BatteryMgr:DataCollectionService: stats => 1700728367415,14953,4449,13427,4169000,100
11-23 09:32:47.453  1011  1189 I ASH     : @ 75219.652: tcs3701: stop power rail pending_off timer
11-23 09:32:47.453  1011  1189 D ASH     : @ 75219.652: tcs3701: start power rail timer, state:3
11-23 09:32:47.492  1011  1189 I ASH     : @ 75219.692: tcs3701: stop power rail pending_off timer
11-23 09:32:47.492  1011  1189 D ASH     : @ 75219.692: tcs3701: start power rail timer, state:3
11-23 09:32:47.524  5238  5296 I BatteryMgr:DataCollectionService: stats => 1700728367524,14953,4449,13427,4169000,100
11-23 09:32:47.532  1011  1189 I ASH     : @ 75219.732: tcs3701: stop power rail pending_off timer
11-23 09:32:47.533  1011  1189 D ASH     : @ 75219.732: tcs3701: start power rail timer, state:3
11-23 09:32:47.562  1039  1095 D rlsservice: MonitorDisplayStatus client num 0, display status 1, sensor status 0
11-23 09:32:47.572  1011  1189 I ASH     : @ 75219.772: tcs3701: stop power rail pending_off timer
11-23 09:32:47.572  1011  1189 D ASH     : @ 75219.772: tcs3701: start power rail timer, state:3
11-23 09:32:47.612  1011  1189 I ASH     : @ 75219.812: tcs3701: stop power rail pending_off timer
11-23 09:32:47.612  1011  1189 D ASH     : @ 75219.812: tcs3701: start power rail timer, state:3
11-23 09:32:47.630  5238  5296 I BatteryMgr:DataCollectionService: stats => 1700728367630,14953,4449,13427,4169000,100
11-23 09:32:47.653  1011  1189 I ASH     : @ 75219.852: tcs3701: stop power rail pending_off timer
11-23 09:32:47.653  1011  1189 D ASH     : @ 75219.852: tcs3701: start power rail timer, state:3
11-23 09:32:47.692  1011  1189 I ASH     : @ 75219.892: tcs3701: stop power rail pending_off timer
11-23 09:32:47.693  1011  1189 D ASH     : @ 75219.892: tcs3701: start power rail timer, state:3
11-23 09:32:47.694  1795  1853 D ActivityManager: freezer override set to true
11-23 09:32:47.732  1011  1189 I ASH     : @ 75219.932: tcs3701: stop power rail pending_off timer
11-23 09:32:47.732  1011  1189 D ASH     : @ 75219.932: tcs3701: start power rail timer, state:3
11-23 09:32:47.735  5238  5296 I BatteryMgr:DataCollectionService: stats => 1700728367735,14953,4449,13427,4169000,100
11-23 09:32:47.772  1011  1189 I ASH     : @ 75219.972: tcs3701: stop power rail pending_off timer
11-23 09:32:47.772  1011  1189 D ASH     : @ 75219.972: tcs3701: start power rail timer, state:3
11-23 09:32:47.812 30793 30809 I m.chrome.canary: Explicit concurrent copying GC freed 3575(176KB) AllocSpace objects, 3(60KB) LOS objects, 75% free, 11MB/45MB, paused 101us,30us total 40.650ms
11-23 09:32:47.813  1011  1189 I ASH     : @ 75220.012: tcs3701: stop power rail pending_off timer
11-23 09:32:47.813  1011  1189 D ASH     : @ 75220.012: tcs3701: start power rail timer, state:3
11-23 09:32:47.817  1795  2424 D WifiClientModeImpl[13802:wlan0]: updateLinkLayerStatsRssiSpeedFrequencyCapabilities rssi=-47 TxLinkspeed=780 freq=5240 RxLinkSpeed=866
11-23 09:32:47.818  1795  2424 D WifiDataStall: tx tput in kbps: 680214
11-23 09:32:47.818  1795  2424 D WifiDataStall: rx tput in kbps: 794960
11-23 09:32:47.818  1795  2424 V WifiConfigManager: Updating scan detail cache freq=5240 BSSID=f4:6d:2f:12:cc:88 RSSI=-47 for "ourhome"WPA_PSK
11-23 09:32:47.818  2782  5906 D QCNEJ/WlanStaInfoRelay: Received action: android.net.wifi.RSSI_CHANGED
11-23 09:32:47.819  1795  2424 D WifiChannelUtilization:  freq: 5240 onTime: 1933864 busyTime: 165779 onTimeDiff: 1933569 busyTimeDiff: 165762 utilization: 21 utilization t0: 21
11-23 09:32:47.819  1795  2424 D WifiDataStall:  ccaLevel = 21
11-23 09:32:47.819  1795  2424 D WifiDataStall: L2 txTputKbps: 680214, rxTputKbps: 794960, L3 txTputKbps: 0, rxTputKbps: 0, TxTrafficHigh: false, RxTrafficHigh: false, Throughput Sufficient: true
11-23 09:32:47.819  1795  2424 D WifiScoreReport: Wifi scoring disabled - Don't check IP layer
11-23 09:32:47.819  3213  8092 V WifiManager: OnWifiUsabilityStatsListener: onWifiUsabilityStats: seqNum=24887
11-23 09:32:47.819  1795  2424 D WifiScoreCard: BSSID update SIGNAL_POLL ID: 1320464697 SSID: "ourhome", BSSID: f4:6d:2f:12:cc:88, MAC: b2:2f:ec:da:4a:0c, IP: /192.168.1.104, Security type: 2, Supplicant state: COMPLETED, Wi-Fi standard: 5, RSSI: -47, Link speed: 780Mbps, Tx Link speed: 780Mbps, Max Supported Tx Link speed: 866Mbps, Rx Link speed: 866Mbps, Max Supported Rx Link speed: 866Mbps, Frequency: 5240MHz, Net ID: 12, Metered hint: false, score: 60, isUsable: true, CarrierMerged: false, SubscriptionId: -1, IsPrimary: 1, Trusted: true, Restricted: false, Ephemeral: false, OEM paid: false, OEM private: false, OSU AP: false, FQDN: <none>, Provider friendly name: <none>, Requesting package name: <none>"ourhome"wpa2-pskMLO Information: , Is TID-To-Link negotiation supported by the AP: false, AP MLD Address: <none>, AP MLO Link Id: <none>, AP MLO Affiliated links: <none>
11-23 09:32:47.819  1795  2424 D WifiScoreCard: txRate: 1 txSpeed: 780
11-23 09:32:47.819  1795  2424 D WifiScoreCard: network update SIGNAL_POLL "ourhome" ID: 1499892569 RSSI -47 txSpeed -1
11-23 09:32:47.819  1795  3658 I WifiService: updateWifiUsabilityScore uid=10180 seqNum=24887 score=100 predictionHorizonSec=1441795
11-23 09:32:47.819  1795  2424 D WifiClientModeImpl[13802:wlan0]:  ClientModeImpl$L2ConnectedState screen=on 7 0 "ourhome" f4:6d:2f:12:cc:88 rssi=-47 f=5240 sc=60 link=780 tx=0.0, 0.0, 0.0 rx=0.0 bcn=715852 [on:0 tx:0 rx:0 period:3012] from screen [on:113327 period:2834826] score=60
11-23 09:32:47.820  1795  2424 D WifiScoreReport: Wifi scoring disabled - Notify that Wifi is usable
11-23 09:32:47.823  1795  2432 D ConnectivityService: NetReassign [no changes] [c 1] [a 0] [i 2]
11-23 09:32:47.843  5238  5296 I BatteryMgr:DataCollectionService: stats => 1700728367843,14953,4449,13427,4169000,100
11-23 09:32:47.852  1011  1189 I ASH     : @ 75220.052: tcs3701: stop power rail pending_off timer
11-23 09:32:47.852  1011  1189 D ASH     : @ 75220.052: tcs3701: start power rail timer, state:3
11-23 09:32:47.871  1795  1853 D ActivityManager: freezer override set to false
11-23 09:32:47.894  1011  1189 I ASH     : @ 75220.092: tcs3701: stop power rail pending_off timer
11-23 09:32:47.894  1011  1189 D ASH     : @ 75220.092: tcs3701: start power rail timer, state:3
11-23 09:32:47.911  1795  1853 D ActivityManager: freezer override set to true
11-23 09:32:47.914  1795  1853 D ActivityManager: freezer override set to false
11-23 09:32:47.925  1795  1853 D ActivityManager: freezer override set to true
11-23 09:32:47.929  1795  1853 D ActivityManager: freezer override set to false
11-23 09:32:47.932  1011  1189 I ASH     : @ 75220.132: tcs3701: stop power rail pending_off timer
11-23 09:32:47.932  1011  1189 D ASH     : @ 75220.132: tcs3701: start power rail timer, state:3
11-23 09:32:47.948  5238  5296 I BatteryMgr:DataCollectionService: stats => 1700728367948,14953,4449,13427,4169000,100
11-23 09:32:47.972  1011  1189 I ASH     : @ 75220.172: tcs3701: stop power rail pending_off timer
11-23 09:32:47.972  1011  1189 D ASH     : @ 75220.172: tcs3701: start power rail timer, state:3
11-23 09:32:48.013  1011  1189 I ASH     : @ 75220.212: tcs3701: stop power rail pending_off timer
11-23 09:32:48.013  1011  1189 D ASH     : @ 75220.212: tcs3701: start power rail timer, state:3
11-23 09:32:48.052  1011  1189 I ASH     : @ 75220.252: tcs3701: stop power rail pending_off timer
11-23 09:32:48.053  1011  1189 D ASH     : @ 75220.252: tcs3701: start power rail timer, state:3
11-23 09:32:48.055  5238  5296 I BatteryMgr:DataCollectionService: stats => 1700728368055,14953,4449,13427,4169000,100
11-23 09:32:48.092  1011  1189 I ASH     : @ 75220.292: tcs3701: stop power rail pending_off timer
11-23 09:32:48.092  1011  1189 D ASH     : @ 75220.292: tcs3701: start power rail timer, state:3
11-23 09:32:48.133  1011  1189 I ASH     : @ 75220.332: tcs3701: stop power rail pending_off timer
11-23 09:32:48.133  1011  1189 D ASH     : @ 75220.332: tcs3701: start power rail timer, state:3
11-23 09:32:48.160  5238  5296 I BatteryMgr:DataCollectionService: stats => 1700728368160,14953,4449,13427,4169000,100
11-23 09:32:48.172  1011  1189 I ASH     : @ 75220.372: tcs3701: stop power rail pending_off timer
11-23 09:32:48.172  1011  1189 D ASH     : @ 75220.372: tcs3701: start power rail timer, state:3
11-23 09:32:48.212  1011  1189 I ASH     : @ 75220.412: tcs3701: stop power rail pending_off timer
11-23 09:32:48.212  1011  1189 D ASH     : @ 75220.412: tcs3701: start power rail timer, state:3
11-23 09:32:48.252  1011  1189 I ASH     : @ 75220.452: tcs3701: stop power rail pending_off timer
11-23 09:32:48.252  1011  1189 D ASH     : @ 75220.452: tcs3701: start power rail timer, state:3
11-23 09:32:48.267  5238  5296 I BatteryMgr:DataCollectionService: stats => 1700728368267,14953,4449,13427,4169000,100
11-23 09:32:48.292  1011  1189 I ASH     : @ 75220.492: tcs3701: stop power rail pending_off timer
11-23 09:32:48.292  1011  1189 D ASH     : @ 75220.492: tcs3701: start power rail timer, state:3
11-23 09:32:48.332  1011  1189 I ASH     : @ 75220.532: tcs3701: stop power rail pending_off timer
11-23 09:32:48.332  1011  1189 D ASH     : @ 75220.532: tcs3701: start power rail timer, state:3
11-23 09:32:48.373  1011  1189 I ASH     : @ 75220.572: tcs3701: stop power rail pending_off timer
11-23 09:32:48.373  1011  1189 D ASH     : @ 75220.572: tcs3701: start power rail timer, state:3
11-23 09:32:48.374  5238  5296 I BatteryMgr:DataCollectionService: stats => 1700728368374,14953,4449,13427,4169000,100
11-23 09:32:48.412  1011  1189 I ASH     : @ 75220.612: tcs3701: stop power rail pending_off timer
11-23 09:32:48.413  1011  1189 D ASH     : @ 75220.612: tcs3701: start power rail timer, state:3
11-23 09:32:48.452  1011  1189 I ASH     : @ 75220.652: tcs3701: stop power rail pending_off timer
11-23 09:32:48.452  1011  1189 D ASH     : @ 75220.652: tcs3701: start power rail timer, state:3
11-23 09:32:48.481  5238  5296 I BatteryMgr:DataCollectionService: stats => 1700728368481,14953,4449,13427,4169000,100
11-23 09:32:48.492  1011  1189 I ASH     : @ 75220.692: tcs3701: stop power rail pending_off timer
11-23 09:32:48.492  1011  1189 D ASH     : @ 75220.692: tcs3701: start power rail timer, state:3
11-23 09:32:48.533  1011  1189 I ASH     : @ 75220.732: tcs3701: stop power rail pending_off timer
11-23 09:32:48.533  1011  1189 D ASH     : @ 75220.732: tcs3701: start power rail timer, state:3
11-23 09:32:48.573  1011  1189 I ASH     : @ 75220.772: tcs3701: stop power rail pending_off timer
11-23 09:32:48.573  1011  1189 D ASH     : @ 75220.772: tcs3701: start power rail timer, state:3
11-23 09:32:48.590  5238  5296 I BatteryMgr:DataCollectionService: stats => 1700728368590,14953,4449,13427,4169000,100
11-23 09:32:48.612  1011  1189 I ASH     : @ 75220.812: tcs3701: stop power rail pending_off timer
11-23 09:32:48.612  1011  1189 D ASH     : @ 75220.812: tcs3701: start power rail timer, state:3
11-23 09:32:48.652  1011  1189 I ASH     : @ 75220.852: tcs3701: stop power rail pending_off timer
11-23 09:32:48.652  1011  1189 D ASH     : @ 75220.852: tcs3701: start power rail timer, state:3
11-23 09:32:48.692  1011  1189 I ASH     : @ 75220.892: tcs3701: stop power rail pending_off timer
11-23 09:32:48.692  1011  1189 D ASH     : @ 75220.892: tcs3701: start power rail timer, state:3
11-23 09:32:48.695  5238  5296 I BatteryMgr:DataCollectionService: stats => 1700728368695,14953,4449,13427,4169000,100
11-23 09:32:48.732  1011  1189 I ASH     : @ 75220.932: tcs3701: stop power rail pending_off timer
11-23 09:32:48.733  1011  1189 D ASH     : @ 75220.932: tcs3701: start power rail timer, state:3
11-23 09:32:48.773  1011  1189 I ASH     : @ 75220.972: tcs3701: stop power rail pending_off timer
11-23 09:32:48.773  1011  1189 D ASH     : @ 75220.972: tcs3701: start power rail timer, state:3
11-23 09:32:48.776  2113  2118 I pixel-thermal: skin-therm-monitor: 38.342
11-23 09:32:48.804  5238  5296 I BatteryMgr:DataCollectionService: stats => 1700728368804,14953,4449,13427,4169000,100
11-23 09:32:48.812  1011  1189 I ASH     : @ 75221.012: tcs3701: stop power rail pending_off timer
11-23 09:32:48.812  1011  1189 D ASH     : @ 75221.012: tcs3701: start power rail timer, state:3
11-23 09:32:48.852  1011  1189 I ASH     : @ 75221.052: tcs3701: stop power rail pending_off timer
11-23 09:32:48.852  1011  1189 D ASH     : @ 75221.052: tcs3701: start power rail timer, state:3
11-23 09:32:48.892  1011  1189 I ASH     : @ 75221.092: tcs3701: stop power rail pending_off timer
11-23 09:32:48.893  1011  1189 D ASH     : @ 75221.092: tcs3701: start power rail timer, state:3
11-23 09:32:48.914  5238  5296 I BatteryMgr:DataCollectionService: stats => 1700728368913,14953,4449,13427,4169000,100
11-23 09:32:48.922  1795  1853 D ActivityManager: freezer override set to true
11-23 09:32:48.927  1795  1853 D ActivityManager: freezer override set to false
11-23 09:32:48.932  1011  1189 I ASH     : @ 75221.132: tcs3701: stop power rail pending_off timer
11-23 09:32:48.932  1011  1189 D ASH     : @ 75221.132: tcs3701: start power rail timer, state:3
11-23 09:32:48.972  1011  1189 I ASH     : @ 75221.172: tcs3701: stop power rail pending_off timer
11-23 09:32:48.972  1011  1189 D ASH     : @ 75221.172: tcs3701: start power rail timer, state:3
11-23 09:32:49.012  1011  1189 I ASH     : @ 75221.212: tcs3701: stop power rail pending_off timer
11-23 09:32:49.013  1011  1189 D ASH     : @ 75221.212: tcs3701: start power rail timer, state:3
11-23 09:32:49.019  5238  5296 I BatteryMgr:DataCollectionService: stats => 1700728369019,14953,4449,13427,4169000,100
11-23 09:32:49.052  1011  1189 I ASH     : @ 75221.252: tcs3701: stop power rail pending_off timer
11-23 09:32:49.052  1011  1189 D ASH     : @ 75221.252: tcs3701: start power rail timer, state:3
11-23 09:32:49.080  1795  1853 D ActivityManager: freezer override set to true
11-23 09:32:49.092  1011  1189 I ASH     : @ 75221.292: tcs3701: stop power rail pending_off timer
11-23 09:32:49.092  1011  1189 D ASH     : @ 75221.292: tcs3701: start power rail timer, state:3
11-23 09:32:49.125  5238  5296 I BatteryMgr:DataCollectionService: stats => 1700728369125,14953,4449,13427,4169000,100
11-23 09:32:49.132  1011  1189 I ASH     : @ 75221.332: tcs3701: stop power rail pending_off timer
11-23 09:32:49.132  1011  1189 D ASH     : @ 75221.332: tcs3701: start power rail timer, state:3
11-23 09:32:49.161 30793 30809 I m.chrome.canary: Explicit concurrent copying GC freed 3799(191KB) AllocSpace objects, 4(80KB) LOS objects, 75% free, 11MB/45MB, paused 27us,23us total 44.890ms
11-23 09:32:49.172  1011  1189 I ASH     : @ 75221.372: tcs3701: stop power rail pending_off timer
11-23 09:32:49.172  1011  1189 D ASH     : @ 75221.372: tcs3701: start power rail timer, state:3
11-23 09:32:49.213  1011  1189 I ASH     : @ 75221.412: tcs3701: stop power rail pending_off timer
11-23 09:32:49.213  1011  1189 D ASH     : @ 75221.412: tcs3701: start power rail timer, state:3
11-23 09:32:49.220  1795  1853 D ActivityManager: freezer override set to false
11-23 09:32:49.230  5238  5296 I BatteryMgr:DataCollectionService: stats => 1700728369230,14953,4449,13427,4169000,100
11-23 09:32:49.252  1011  1189 I ASH     : @ 75221.452: tcs3701: stop power rail pending_off timer
11-23 09:32:49.252  1011  1189 D ASH     : @ 75221.452: tcs3701: start power rail timer, state:3
11-23 09:32:49.260  1795  1853 D ActivityManager: freezer override set to true
11-23 09:32:49.263  1795  1853 D ActivityManager: freezer override set to false
11-23 09:32:49.292  1011  1189 I ASH     : @ 75221.492: tcs3701: stop power rail pending_off timer
11-23 09:32:49.293  1011  1189 D ASH     : @ 75221.492: tcs3701: start power rail timer, state:3
11-23 09:32:49.333  1011  1189 I ASH     : @ 75221.532: tcs3701: stop power rail pending_off timer
11-23 09:32:49.333  1011  1189 D ASH     : @ 75221.532: tcs3701: start power rail timer, state:3
11-23 09:32:49.337  5238  5296 I BatteryMgr:DataCollectionService: stats => 1700728369337,14953,4449,13427,4169000,100
11-23 09:32:49.373  1011  1189 I ASH     : @ 75221.572: tcs3701: stop power rail pending_off timer
11-23 09:32:49.373  1011  1189 D ASH     : @ 75221.572: tcs3701: start power rail timer, state:3
11-23 09:32:49.412  1011  1189 I ASH     : @ 75221.612: tcs3701: stop power rail pending_off timer
11-23 09:32:49.413  1011  1189 D ASH     : @ 75221.612: tcs3701: start power rail timer, state:3
11-23 09:32:49.443  5238  5296 I BatteryMgr:DataCollectionService: stats => 1700728369443,14953,4449,13427,4169000,100
11-23 09:32:49.453  1011  1189 I ASH     : @ 75221.652: tcs3701: stop power rail pending_off timer
11-23 09:32:49.453  1011  1189 D ASH     : @ 75221.653: tcs3701: start power rail timer, state:3
11-23 09:32:49.492  1011  1189 I ASH     : @ 75221.692: tcs3701: stop power rail pending_off timer
11-23 09:32:49.492  1011  1189 D ASH     : @ 75221.692: tcs3701: start power rail timer, state:3
11-23 09:32:49.533  1011  1189 I ASH     : @ 75221.732: tcs3701: stop power rail pending_off timer
11-23 09:32:49.533  1011  1189 D ASH     : @ 75221.733: tcs3701: start power rail timer, state:3
11-23 09:32:49.550  5238  5296 I BatteryMgr:DataCollectionService: stats => 1700728369550,14953,4449,13427,4169000,100
11-23 09:32:49.572  1011  1189 I ASH     : @ 75221.772: tcs3701: stop power rail pending_off timer
11-23 09:32:49.572  1011  1189 D ASH     : @ 75221.772: tcs3701: start power rail timer, state:3
11-23 09:32:49.613  1011  1189 I ASH     : @ 75221.812: tcs3701: stop power rail pending_off timer
11-23 09:32:49.613  1011  1189 D ASH     : @ 75221.812: tcs3701: start power rail timer, state:3
11-23 09:32:49.653  1011  1189 I ASH     : @ 75221.852: tcs3701: stop power rail pending_off timer
11-23 09:32:49.653  1011  1189 D ASH     : @ 75221.852: tcs3701: start power rail timer, state:3
11-23 09:32:49.657  5238  5296 I BatteryMgr:DataCollectionService: stats => 1700728369656,14953,4449,13427,4169000,100
11-23 09:32:49.693  1011  1189 I ASH     : @ 75221.892: tcs3701: stop power rail pending_off timer
11-23 09:32:49.693  1011  1189 D ASH     : @ 75221.892: tcs3701: start power rail timer, state:3
11-23 09:32:49.732  1011  1189 I ASH     : @ 75221.932: tcs3701: stop power rail pending_off timer
11-23 09:32:49.732  1011  1189 D ASH     : @ 75221.932: tcs3701: start power rail timer, state:3
11-23 09:32:49.765  5238  5296 I BatteryMgr:DataCollectionService: stats => 1700728369765,14953,4449,13427,4169000,100
11-23 09:32:49.772  1011  1189 I ASH     : @ 75221.972: tcs3701: stop power rail pending_off timer
11-23 09:32:49.772  1011  1189 D ASH     : @ 75221.972: tcs3701: start power rail timer, state:3
11-23 09:32:49.813  1011  1189 I ASH     : @ 75222.012: tcs3701: stop power rail pending_off timer
11-23 09:32:49.813  1011  1189 D ASH     : @ 75222.012: tcs3701: start power rail timer, state:3
11-23 09:32:49.853  1011  1189 I ASH     : @ 75222.052: tcs3701: stop power rail pending_off timer
11-23 09:32:49.853  1011  1189 D ASH     : @ 75222.052: tcs3701: start power rail timer, state:3
11-23 09:32:49.872  5238  5296 I BatteryMgr:DataCollectionService: stats => 1700728369872,14953,4449,13427,4169000,100
11-23 09:32:49.892  1011  1189 I ASH     : @ 75222.092: tcs3701: stop power rail pending_off timer
11-23 09:32:49.892  1011  1189 D ASH     : @ 75222.092: tcs3701: start power rail timer, state:3
11-23 09:32:49.928  1795  1853 D ActivityManager: freezer override set to true
11-23 09:32:49.932  1011  1189 I ASH     : @ 75222.132: tcs3701: stop power rail pending_off timer
11-23 09:32:49.932  1011  1189 D ASH     : @ 75222.132: tcs3701: start power rail timer, state:3
11-23 09:32:49.933  1795  1853 D ActivityManager: freezer override set to false
11-23 09:32:49.973  1011  1189 I ASH     : @ 75222.172: tcs3701: stop power rail pending_off timer
