11-23 09:39:39.892  1011  1189 D ASH     : @ 75632.092: tcs3701: start power rail timer, state:3
11-23 09:39:39.932  1011  1189 I ASH     : @ 75632.132: tcs3701: stop power rail pending_off timer
11-23 09:39:39.932  1011  1189 D ASH     : @ 75632.132: tcs3701: start power rail timer, state:3
11-23 09:39:39.944  1795  3789 D ActivityManager: freezer override set to true
11-23 09:39:39.948  1795  3789 D ActivityManager: freezer override set to false
11-23 09:39:39.951  5238  5295 I BatteryMgr:DataCollectionService: stats => 1700728779951,8850,4449,13427,4169000,100
11-23 09:39:39.972  1011  1189 I ASH     : @ 75632.172: tcs3701: stop power rail pending_off timer
11-23 09:39:39.972  1011  1189 D ASH     : @ 75632.172: tcs3701: start power rail timer, state:3
11-23 09:39:40.013  1011  1189 I ASH     : @ 75632.212: tcs3701: stop power rail pending_off timer
11-23 09:39:40.013  1011  1189 D ASH     : @ 75632.212: tcs3701: start power rail timer, state:3
11-23 09:39:40.052  1011  1189 I ASH     : @ 75632.252: tcs3701: stop power rail pending_off timer
11-23 09:39:40.052  1011  1189 D ASH     : @ 75632.252: tcs3701: start power rail timer, state:3
11-23 09:39:40.059  5238  5295 I BatteryMgr:DataCollectionService: stats => 1700728780059,8850,4449,13427,4169000,100
11-23 09:39:40.092  1011  1189 I ASH     : @ 75632.292: tcs3701: stop power rail pending_off timer
11-23 09:39:40.093  1011  1189 D ASH     : @ 75632.292: tcs3701: start power rail timer, state:3
11-23 09:39:40.132  1011  1189 I ASH     : @ 75632.332: tcs3701: stop power rail pending_off timer
11-23 09:39:40.132  1011  1189 D ASH     : @ 75632.332: tcs3701: start power rail timer, state:3
11-23 09:39:40.164  5238  5295 I BatteryMgr:DataCollectionService: stats => 1700728780164,8850,4449,13427,4169000,100
11-23 09:39:40.173  1011  1189 I ASH     : @ 75632.372: tcs3701: stop power rail pending_off timer
11-23 09:39:40.173  1011  1189 D ASH     : @ 75632.372: tcs3701: start power rail timer, state:3
11-23 09:39:40.212  1011  1189 I ASH     : @ 75632.412: tcs3701: stop power rail pending_off timer
11-23 09:39:40.212  1011  1189 D ASH     : @ 75632.412: tcs3701: start power rail timer, state:3
11-23 09:39:40.252  1011  1189 I ASH     : @ 75632.452: tcs3701: stop power rail pending_off timer
11-23 09:39:40.252  1011  1189 D ASH     : @ 75632.452: tcs3701: start power rail timer, state:3
11-23 09:39:40.270  5238  5295 I BatteryMgr:DataCollectionService: stats => 1700728780270,8850,4449,13427,4169000,100
11-23 09:39:40.292  1011  1189 I ASH     : @ 75632.492: tcs3701: stop power rail pending_off timer
11-23 09:39:40.292  1011  1189 D ASH     : @ 75632.492: tcs3701: start power rail timer, state:3
11-23 09:39:40.310  1795  4157 D ActivityManager: freezer override set to true
11-23 09:39:40.333  1011  1189 I ASH     : @ 75632.532: tcs3701: stop power rail pending_off timer
11-23 09:39:40.333  1011  1189 D ASH     : @ 75632.532: tcs3701: start power rail timer, state:3
11-23 09:39:40.372  1011  1189 I ASH     : @ 75632.572: tcs3701: stop power rail pending_off timer
11-23 09:39:40.372  1011  1189 D ASH     : @ 75632.572: tcs3701: start power rail timer, state:3
11-23 09:39:40.379  5238  5295 I BatteryMgr:DataCollectionService: stats => 1700728780378,8850,4449,13427,4169000,100
11-23 09:39:40.412  1011  1189 I ASH     : @ 75632.612: tcs3701: stop power rail pending_off timer
11-23 09:39:40.412  1011  1189 D ASH     : @ 75632.612: tcs3701: start power rail timer, state:3
11-23 09:39:40.452  1011  1189 I ASH     : @ 75632.652: tcs3701: stop power rail pending_off timer
11-23 09:39:40.452  1011  1189 D ASH     : @ 75632.652: tcs3701: start power rail timer, state:3
11-23 09:39:40.485  2113  2118 I pixel-thermal: skin-therm-monitor: 38.649
11-23 09:39:40.486  5238  5295 I BatteryMgr:DataCollectionService: stats => 1700728780486,8850,4449,13427,4169000,100
11-23 09:39:40.492  1011  1189 I ASH     : @ 75632.692: tcs3701: stop power rail pending_off timer
11-23 09:39:40.492  1011  1189 D ASH     : @ 75632.692: tcs3701: start power rail timer, state:3
11-23 09:39:40.532  1011  1189 I ASH     : @ 75632.732: tcs3701: stop power rail pending_off timer
11-23 09:39:40.532  1011  1189 D ASH     : @ 75632.732: tcs3701: start power rail timer, state:3
11-23 09:39:40.572  1011  1189 I ASH     : @ 75632.772: tcs3701: stop power rail pending_off timer
11-23 09:39:40.572  1011  1189 D ASH     : @ 75632.772: tcs3701: start power rail timer, state:3
11-23 09:39:40.576 10893 10907 I m.chrome.canary: Explicit concurrent copying GC freed 3888(196KB) AllocSpace objects, 4(80KB) LOS objects, 75% free, 11MB/46MB, paused 37us,53us total 203.629ms
11-23 09:39:40.596  5238  5295 I BatteryMgr:DataCollectionService: stats => 1700728780596,8850,4449,13427,4169000,100
11-23 09:39:40.612  1011  1189 I ASH     : @ 75632.812: tcs3701: stop power rail pending_off timer
11-23 09:39:40.612  1011  1189 D ASH     : @ 75632.812: tcs3701: start power rail timer, state:3
11-23 09:39:40.652  1011  1189 I ASH     : @ 75632.852: tcs3701: stop power rail pending_off timer
11-23 09:39:40.652  1011  1189 D ASH     : @ 75632.852: tcs3701: start power rail timer, state:3
11-23 09:39:40.667  1795  4157 D ActivityManager: freezer override set to false
11-23 09:39:40.692  1011  1189 I ASH     : @ 75632.892: tcs3701: stop power rail pending_off timer
11-23 09:39:40.692  1011  1189 D ASH     : @ 75632.892: tcs3701: start power rail timer, state:3
11-23 09:39:40.712  5238  5295 I BatteryMgr:DataCollectionService: stats => 1700728780712,8850,4449,13427,4169000,100
11-23 09:39:40.725  1795  4157 D ActivityManager: freezer override set to true
11-23 09:39:40.727  1795  2150 I WifiService: getSupportedFeatures uid=1000 returns 1d81defca995fd
11-23 09:39:40.727  1795  2150 I WifiService: getWifiActivityEnergyInfoAsync uid=1000
11-23 09:39:40.730  1795  4157 D ActivityManager: freezer override set to false
11-23 09:39:40.732   996   996 D vendor.qti.bluetooth@1.0-uart_transport: SocRxDWakeup: Flow off->Change UART baudrate to 38.4kbs->send 0x00->Change UART baudrate to max->Flow on
11-23 09:39:40.732   996   996 I vendor.qti.bluetooth@1.0-uart_transport: ## userial_vendor_ioctl: UART Flow Off 
11-23 09:39:40.732  1008  1008 W libpixelpowerstats: getStats for Citadel exceeded time allowed: 2611us
11-23 09:39:40.741  1011  1189 I ASH     : @ 75632.932: tcs3701: stop power rail pending_off timer
11-23 09:39:40.741  1011  1189 D ASH     : @ 75632.932: tcs3701: start power rail timer, state:3
11-23 09:39:40.743   996   996 I vendor.qti.bluetooth@1.0-uart_transport: ## userial_vendor_set_baud: 17
11-23 09:39:40.753   996   996 I vendor.qti.bluetooth@1.0-uart_transport: SetBaudRate: in BOTHER
11-23 09:39:40.753   996   996 I vendor.qti.bluetooth@1.0-uart_transport: ## userial_vendor_ioctl: UART Flow On 
11-23 09:39:40.754   996  3425 I vendor.qti.bluetooth@1.0-ibs_handler: ProcessIbsCmd: Received IBS_WAKE_ACK: 0xFC
11-23 09:39:40.754   996  3425 I vendor.qti.bluetooth@1.0-ibs_handler: ProcessIbsCmd: Signal wack_cond_
11-23 09:39:40.754   996  3425 I vendor.qti.bluetooth@1.0-ibs_handler: ProcessIbsCmd: Received IBS_WAKE_ACK: 0xFC
11-23 09:39:40.754   996  3425 I vendor.qti.bluetooth@1.0-ibs_handler: ProcessIbsCmd: Signal wack_cond_
11-23 09:39:40.754   996   996 D vendor.qti.bluetooth@1.0-ibs_handler: DeviceWakeUp: Unblocked from waiting for FC
11-23 09:39:40.765  1795  3789 D TelephonyManager: requestModemActivityInfo: Sending result to app: ModemActivityInfo{ mTimestamp=75629578 mSleepTimeMs=71884062 mIdleTimeMs=3466986 mActivityStatsTechSpecificInfo=[{mRat=UNKNOWN,mFrequencyRange=UNKNOWN,mTxTimeMs[]=[0, 0, 0, 0, 0],mRxTimeMs=260401}]}
11-23 09:39:40.773  1011  1189 I ASH     : @ 75632.972: tcs3701: stop power rail pending_off timer
11-23 09:39:40.773  1011  1189 D ASH     : @ 75632.972: tcs3701: start power rail timer, state:3
11-23 09:39:40.782  1795  2150 E system_server: updateValue is called with a value 1801, which is lower than the previous value 14611
11-23 09:39:40.782  1795  2150 E system_server: updateValue is called with a value 2265, which is lower than the previous value 30795
11-23 09:39:40.813  1011  1189 I ASH     : @ 75633.012: tcs3701: stop power rail pending_off timer
11-23 09:39:40.813  1011  1189 D ASH     : @ 75633.012: tcs3701: start power rail timer, state:3
11-23 09:39:40.823  5238  5295 I BatteryMgr:DataCollectionService: stats => 1700728780823,8850,4449,13427,4169000,100
11-23 09:39:40.852  1011  1189 I ASH     : @ 75633.052: tcs3701: stop power rail pending_off timer
11-23 09:39:40.852  1011  1189 D ASH     : @ 75633.052: tcs3701: start power rail timer, state:3
11-23 09:39:40.892  1011  1189 I ASH     : @ 75633.092: tcs3701: stop power rail pending_off timer
11-23 09:39:40.892  1011  1189 D ASH     : @ 75633.092: tcs3701: start power rail timer, state:3
11-23 09:39:40.921  1795  4157 D ActivityManager: freezer override set to true
11-23 09:39:40.928  1795  4157 D ActivityManager: freezer override set to false
11-23 09:39:40.932  1011  1189 I ASH     : @ 75633.132: tcs3701: stop power rail pending_off timer
11-23 09:39:40.932  1011  1189 D ASH     : @ 75633.132: tcs3701: start power rail timer, state:3
11-23 09:39:40.940  5238  5295 I BatteryMgr:DataCollectionService: stats => 1700728780940,8850,4449,13427,4169000,100
11-23 09:39:40.973  1011  1189 I ASH     : @ 75633.172: tcs3701: stop power rail pending_off timer
11-23 09:39:40.973  1011  1189 D ASH     : @ 75633.172: tcs3701: start power rail timer, state:3
11-23 09:39:41.013  1011  1189 I ASH     : @ 75633.212: tcs3701: stop power rail pending_off timer
11-23 09:39:41.013  1011  1189 D ASH     : @ 75633.212: tcs3701: start power rail timer, state:3
11-23 09:39:41.027  1795  2424 D WifiClientModeImpl[13802:wlan0]: updateLinkLayerStatsRssiSpeedFrequencyCapabilities rssi=-49 TxLinkspeed=866 freq=5240 RxLinkSpeed=866
11-23 09:39:41.027  1795  2424 D WifiDataStall: tx tput in kbps: 723414
11-23 09:39:41.027  1795  2424 D WifiDataStall: rx tput in kbps: 794960
11-23 09:39:41.027  1795  2424 V WifiConfigManager: Updating scan detail cache freq=5240 BSSID=f4:6d:2f:12:cc:88 RSSI=-48 for "ourhome"WPA_PSK
11-23 09:39:41.028  1795  2424 D WifiChannelUtilization:  freq: 5240 onTime: 1951566 busyTime: 166329 onTimeDiff: 1951271 busyTimeDiff: 166312 utilization: 21 utilization t0: 21
11-23 09:39:41.028  1795  2424 D WifiDataStall:  ccaLevel = 21
11-23 09:39:41.028  1795  2424 D WifiDataStall: L2 txTputKbps: 755212, rxTputKbps: 794960, L3 txTputKbps: 6, rxTputKbps: 20, TxTrafficHigh: true, RxTrafficHigh: true, Throughput Sufficient: true
11-23 09:39:41.028  1795  2424 D WifiScoreReport: Wifi scoring disabled - Don't check IP layer
11-23 09:39:41.028  3213  8092 V WifiManager: OnWifiUsabilityStatsListener: onWifiUsabilityStats: seqNum=25024
11-23 09:39:41.028  1795  2424 D WifiScoreCard: BSSID update SIGNAL_POLL ID: 1320464697 SSID: "ourhome", BSSID: f4:6d:2f:12:cc:88, MAC: b2:2f:ec:da:4a:0c, IP: /192.168.1.104, Security type: 2, Supplicant state: COMPLETED, Wi-Fi standard: 5, RSSI: -49, Link speed: 866Mbps, Tx Link speed: 866Mbps, Max Supported Tx Link speed: 866Mbps, Rx Link speed: 866Mbps, Max Supported Rx Link speed: 866Mbps, Frequency: 5240MHz, Net ID: 12, Metered hint: false, score: 60, isUsable: true, CarrierMerged: false, SubscriptionId: -1, IsPrimary: 1, Trusted: true, Restricted: false, Ephemeral: false, OEM paid: false, OEM private: false, OSU AP: false, FQDN: <none>, Provider friendly name: <none>, Requesting package name: <none>"ourhome"wpa2-pskMLO Information: , Is TID-To-Link negotiation supported by the AP: false, AP MLD Address: <none>, AP MLO Link Id: <none>, AP MLO Affiliated links: <none>
11-23 09:39:41.028  1795  2424 D WifiScoreCard: txRate: 12 txSpeed: 866
11-23 09:39:41.028  1795  2424 D WifiScoreCard: network update SIGNAL_POLL "ourhome" ID: 1499892569 RSSI -49 txSpeed 866
11-23 09:39:41.028  2782  5906 D QCNEJ/WlanStaInfoRelay: Received action: android.net.wifi.RSSI_CHANGED
11-23 09:39:41.028  1795  2424 D WifiClientModeImpl[13802:wlan0]:  ClientModeImpl$L2ConnectedState screen=on 7 0 "ourhome" f4:6d:2f:12:cc:88 rssi=-49 f=5240 sc=60 link=866 tx=10.9, 0.8, 0.0 rx=7.9 bcn=719875 [on:215 tx:3 rx:1 period:3017] from screen [on:131029 period:3248035] score=60
11-23 09:39:41.028  1795  3789 I WifiService: updateWifiUsabilityScore uid=10180 seqNum=25024 score=100 predictionHorizonSec=1441795
11-23 09:39:41.029  1795  2424 D WifiScoreReport: Wifi scoring disabled - Notify that Wifi is usable
11-23 09:39:41.030  1795  2432 D ConnectivityService: NetReassign [no changes] [c 0] [a 0] [i 1]
11-23 09:39:41.052  1011  1189 I ASH     : @ 75633.252: tcs3701: stop power rail pending_off timer
11-23 09:39:41.052  1011  1189 D ASH     : @ 75633.252: tcs3701: start power rail timer, state:3
11-23 09:39:41.056  5238  5295 I BatteryMgr:DataCollectionService: stats => 1700728781056,8850,4449,13427,4169000,100
11-23 09:39:41.092  1011  1189 I ASH     : @ 75633.292: tcs3701: stop power rail pending_off timer
11-23 09:39:41.092  1011  1189 D ASH     : @ 75633.292: tcs3701: start power rail timer, state:3
11-23 09:39:41.132  1011  1189 I ASH     : @ 75633.332: tcs3701: stop power rail pending_off timer
11-23 09:39:41.132  1011  1189 D ASH     : @ 75633.332: tcs3701: start power rail timer, state:3
11-23 09:39:41.164  5238  5295 I BatteryMgr:DataCollectionService: stats => 1700728781164,8850,4449,13427,4169000,100
11-23 09:39:41.172  1011  1189 I ASH     : @ 75633.372: tcs3701: stop power rail pending_off timer
11-23 09:39:41.172  1011  1189 D ASH     : @ 75633.372: tcs3701: start power rail timer, state:3
11-23 09:39:41.212  1011  1189 I ASH     : @ 75633.412: tcs3701: stop power rail pending_off timer
11-23 09:39:41.212  1011  1189 D ASH     : @ 75633.412: tcs3701: start power rail timer, state:3
11-23 09:39:41.252  1011  1189 I ASH     : @ 75633.452: tcs3701: stop power rail pending_off timer
11-23 09:39:41.252  1011  1189 D ASH     : @ 75633.452: tcs3701: start power rail timer, state:3
11-23 09:39:41.269  5238  5295 I BatteryMgr:DataCollectionService: stats => 1700728781269,8850,4449,13427,4169000,100
11-23 09:39:41.292  1011  1189 I ASH     : @ 75633.492: tcs3701: stop power rail pending_off timer
11-23 09:39:41.293  1011  1189 D ASH     : @ 75633.492: tcs3701: start power rail timer, state:3
11-23 09:39:41.332  1011  1189 I ASH     : @ 75633.532: tcs3701: stop power rail pending_off timer
11-23 09:39:41.332  1011  1189 D ASH     : @ 75633.532: tcs3701: start power rail timer, state:3
11-23 09:39:41.372  1011  1189 I ASH     : @ 75633.572: tcs3701: stop power rail pending_off timer
11-23 09:39:41.372  1011  1189 D ASH     : @ 75633.572: tcs3701: start power rail timer, state:3
11-23 09:39:41.379  5238  5295 I BatteryMgr:DataCollectionService: stats => 1700728781379,8850,4449,13427,4169000,100
11-23 09:39:41.412  1011  1189 I ASH     : @ 75633.612: tcs3701: stop power rail pending_off timer
11-23 09:39:41.412  1011  1189 D ASH     : @ 75633.612: tcs3701: start power rail timer, state:3
11-23 09:39:41.452  1011  1189 I ASH     : @ 75633.652: tcs3701: stop power rail pending_off timer
11-23 09:39:41.452  1011  1189 D ASH     : @ 75633.652: tcs3701: start power rail timer, state:3
11-23 09:39:41.485  5238  5295 I BatteryMgr:DataCollectionService: stats => 1700728781485,8850,4449,13427,4169000,100
11-23 09:39:41.492  1011  1189 I ASH     : @ 75633.692: tcs3701: stop power rail pending_off timer
11-23 09:39:41.492  1011  1189 D ASH     : @ 75633.692: tcs3701: start power rail timer, state:3
11-23 09:39:41.532  1011  1189 I ASH     : @ 75633.732: tcs3701: stop power rail pending_off timer
11-23 09:39:41.532  1011  1189 D ASH     : @ 75633.732: tcs3701: start power rail timer, state:3
11-23 09:39:41.572  1011  1189 I ASH     : @ 75633.772: tcs3701: stop power rail pending_off timer
11-23 09:39:41.572  1011  1189 D ASH     : @ 75633.772: tcs3701: start power rail timer, state:3
11-23 09:39:41.590  5238  5295 I BatteryMgr:DataCollectionService: stats => 1700728781590,8850,4449,13427,4169000,100
11-23 09:39:41.612  1011  1189 I ASH     : @ 75633.812: tcs3701: stop power rail pending_off timer
11-23 09:39:41.612  1011  1189 D ASH     : @ 75633.812: tcs3701: start power rail timer, state:3
11-23 09:39:41.652  1011  1189 I ASH     : @ 75633.852: tcs3701: stop power rail pending_off timer
11-23 09:39:41.652  1011  1189 D ASH     : @ 75633.852: tcs3701: start power rail timer, state:3
11-23 09:39:41.692  1011  1189 I ASH     : @ 75633.892: tcs3701: stop power rail pending_off timer
11-23 09:39:41.692  1011  1189 D ASH     : @ 75633.892: tcs3701: start power rail timer, state:3
11-23 09:39:41.698  5238  5295 I BatteryMgr:DataCollectionService: stats => 1700728781698,8850,4449,13427,4169000,100
11-23 09:39:41.732  1011  1189 I ASH     : @ 75633.932: tcs3701: stop power rail pending_off timer
11-23 09:39:41.732  1011  1189 D ASH     : @ 75633.932: tcs3701: start power rail timer, state:3
11-23 09:39:41.772  1011  1189 I ASH     : @ 75633.972: tcs3701: stop power rail pending_off timer
11-23 09:39:41.772  1011  1189 D ASH     : @ 75633.972: tcs3701: start power rail timer, state:3
11-23 09:39:41.803  5238  5295 I BatteryMgr:DataCollectionService: stats => 1700728781802,8850,4449,13427,4169000,100
11-23 09:39:41.813  1011  1189 I ASH     : @ 75634.012: tcs3701: stop power rail pending_off timer
11-23 09:39:41.813  1011  1189 D ASH     : @ 75634.012: tcs3701: start power rail timer, state:3
11-23 09:39:41.852  1011  1189 I ASH     : @ 75634.052: tcs3701: stop power rail pending_off timer
11-23 09:39:41.852  1011  1189 D ASH     : @ 75634.052: tcs3701: start power rail timer, state:3
11-23 09:39:41.892  1011  1189 I ASH     : @ 75634.092: tcs3701: stop power rail pending_off timer
11-23 09:39:41.892  1011  1189 D ASH     : @ 75634.092: tcs3701: start power rail timer, state:3
11-23 09:39:41.915  5238  5295 I BatteryMgr:DataCollectionService: stats => 1700728781915,8850,4449,13427,4169000,100
11-23 09:39:41.933  1011  1189 I ASH     : @ 75634.132: tcs3701: stop power rail pending_off timer
11-23 09:39:41.933  1011  1189 D ASH     : @ 75634.132: tcs3701: start power rail timer, state:3
11-23 09:39:41.933  1795  3789 D ActivityManager: freezer override set to true
11-23 09:39:41.940  1795  3789 D ActivityManager: freezer override set to false
11-23 09:39:41.973  1011  1189 I ASH     : @ 75634.172: tcs3701: stop power rail pending_off timer
11-23 09:39:41.973  1011  1189 D ASH     : @ 75634.172: tcs3701: start power rail timer, state:3
11-23 09:39:41.979  1795  3789 D ActivityManager: freezer override set to true
11-23 09:39:42.012  1011  1189 I ASH     : @ 75634.212: tcs3701: stop power rail pending_off timer
11-23 09:39:42.012  1011  1189 D ASH     : @ 75634.212: tcs3701: start power rail timer, state:3
11-23 09:39:42.029  5238  5295 I BatteryMgr:DataCollectionService: stats => 1700728782027,8850,4449,13427,4169000,100
11-23 09:39:42.052  1011  1189 I ASH     : @ 75634.252: tcs3701: stop power rail pending_off timer
11-23 09:39:42.052  1011  1189 D ASH     : @ 75634.252: tcs3701: start power rail timer, state:3
11-23 09:39:42.093  1011  1189 I ASH     : @ 75634.292: tcs3701: stop power rail pending_off timer
11-23 09:39:42.093  1011  1189 D ASH     : @ 75634.292: tcs3701: start power rail timer, state:3
11-23 09:39:42.132  1011  1189 I ASH     : @ 75634.332: tcs3701: stop power rail pending_off timer
11-23 09:39:42.132  1011  1189 D ASH     : @ 75634.332: tcs3701: start power rail timer, state:3
11-23 09:39:42.139  5238  5295 I BatteryMgr:DataCollectionService: stats => 1700728782139,8850,4449,13427,4169000,100
11-23 09:39:42.172  1011  1189 I ASH     : @ 75634.372: tcs3701: stop power rail pending_off timer
11-23 09:39:42.172  1011  1189 D ASH     : @ 75634.372: tcs3701: start power rail timer, state:3
11-23 09:39:42.199 10893 10907 I m.chrome.canary: Explicit concurrent copying GC freed 3843(192KB) AllocSpace objects, 4(80KB) LOS objects, 75% free, 11MB/46MB, paused 36us,29us total 91.618ms
11-23 09:39:42.215  1011  1189 I ASH     : @ 75634.412: tcs3701: stop power rail pending_off timer
11-23 09:39:42.215  1011  1189 D ASH     : @ 75634.412: tcs3701: start power rail timer, state:3
11-23 09:39:42.246  5238  5295 I BatteryMgr:DataCollectionService: stats => 1700728782245,8850,4449,13427,4169000,100
11-23 09:39:42.252  1011  1189 I ASH     : @ 75634.452: tcs3701: stop power rail pending_off timer
11-23 09:39:42.252  1011  1189 D ASH     : @ 75634.452: tcs3701: start power rail timer, state:3
11-23 09:39:42.261  1795  3789 D ActivityManager: freezer override set to false
11-23 09:39:42.292  1011  1189 I ASH     : @ 75634.492: tcs3701: stop power rail pending_off timer
11-23 09:39:42.292  1011  1189 D ASH     : @ 75634.492: tcs3701: start power rail timer, state:3
11-23 09:39:42.308  1795  3789 D ActivityManager: freezer override set to true
11-23 09:39:42.310  1795  3789 D ActivityManager: freezer override set to false
11-23 09:39:42.332  1011  1189 I ASH     : @ 75634.532: tcs3701: stop power rail pending_off timer
11-23 09:39:42.332  1011  1189 D ASH     : @ 75634.532: tcs3701: start power rail timer, state:3
11-23 09:39:42.357  5238  5295 I BatteryMgr:DataCollectionService: stats => 1700728782357,8850,4449,13427,4169000,100
11-23 09:39:42.372  1011  1189 I ASH     : @ 75634.572: tcs3701: stop power rail pending_off timer
11-23 09:39:42.372  1011  1189 D ASH     : @ 75634.572: tcs3701: start power rail timer, state:3
11-23 09:39:42.412  1011  1189 I ASH     : @ 75634.612: tcs3701: stop power rail pending_off timer
11-23 09:39:42.412  1011  1189 D ASH     : @ 75634.612: tcs3701: start power rail timer, state:3
11-23 09:39:42.452  1011  1189 I ASH     : @ 75634.652: tcs3701: stop power rail pending_off timer
11-23 09:39:42.453  1011  1189 D ASH     : @ 75634.652: tcs3701: start power rail timer, state:3
11-23 09:39:42.467  5238  5295 I BatteryMgr:DataCollectionService: stats => 1700728782467,8850,4449,13427,4169000,100
11-23 09:39:42.489  2113  2118 I pixel-thermal: skin-therm-monitor: 38.632
11-23 09:39:42.492  1011  1189 I ASH     : @ 75634.692: tcs3701: stop power rail pending_off timer
11-23 09:39:42.492  1011  1189 D ASH     : @ 75634.692: tcs3701: start power rail timer, state:3
11-23 09:39:42.532  1011  1189 I ASH     : @ 75634.732: tcs3701: stop power rail pending_off timer
11-23 09:39:42.532  1011  1189 D ASH     : @ 75634.732: tcs3701: start power rail timer, state:3
11-23 09:39:42.572  1011  1189 I ASH     : @ 75634.772: tcs3701: stop power rail pending_off timer
11-23 09:39:42.574  1011  1189 D ASH     : @ 75634.772: tcs3701: start power rail timer, state:3
11-23 09:39:42.580  5238  5295 I BatteryMgr:DataCollectionService: stats => 1700728782580,8850,4449,13427,4169000,100
11-23 09:39:42.612  1011  1189 I ASH     : @ 75634.812: tcs3701: stop power rail pending_off timer
11-23 09:39:42.612  1011  1189 D ASH     : @ 75634.812: tcs3701: start power rail timer, state:3
11-23 09:39:42.652  1011  1189 I ASH     : @ 75634.852: tcs3701: stop power rail pending_off timer
11-23 09:39:42.652  1011  1189 D ASH     : @ 75634.852: tcs3701: start power rail timer, state:3
11-23 09:39:42.692  1011  1189 I ASH     : @ 75634.892: tcs3701: stop power rail pending_off timer
11-23 09:39:42.692  1011  1189 D ASH     : @ 75634.892: tcs3701: start power rail timer, state:3
11-23 09:39:42.698  5238  5295 I BatteryMgr:DataCollectionService: stats => 1700728782698,8850,4449,13427,4169000,100
11-23 09:39:42.732  1011  1189 I ASH     : @ 75634.932: tcs3701: stop power rail pending_off timer
11-23 09:39:42.732  1011  1189 D ASH     : @ 75634.932: tcs3701: start power rail timer, state:3
11-23 09:39:42.772  1011  1189 I ASH     : @ 75634.972: tcs3701: stop power rail pending_off timer
11-23 09:39:42.773  1011  1189 D ASH     : @ 75634.972: tcs3701: start power rail timer, state:3
11-23 09:39:42.805  5238  5295 I BatteryMgr:DataCollectionService: stats => 1700728782805,8850,4449,13427,4169000,100
11-23 09:39:42.812  1011  1189 I ASH     : @ 75635.012: tcs3701: stop power rail pending_off timer
11-23 09:39:42.812  1011  1189 D ASH     : @ 75635.012: tcs3701: start power rail timer, state:3
11-23 09:39:42.852  1011  1189 I ASH     : @ 75635.052: tcs3701: stop power rail pending_off timer
11-23 09:39:42.852  1011  1189 D ASH     : @ 75635.052: tcs3701: start power rail timer, state:3
11-23 09:39:42.892  1011  1189 I ASH     : @ 75635.092: tcs3701: stop power rail pending_off timer
11-23 09:39:42.892  1011  1189 D ASH     : @ 75635.092: tcs3701: start power rail timer, state:3
11-23 09:39:42.922  5238  5295 I BatteryMgr:DataCollectionService: stats => 1700728782922,8850,4449,13427,4169000,100
11-23 09:39:42.932  1011  1189 I ASH     : @ 75635.132: tcs3701: stop power rail pending_off timer
11-23 09:39:42.932  1011  1189 D ASH     : @ 75635.132: tcs3701: start power rail timer, state:3
11-23 09:39:42.942  1795  3789 D ActivityManager: freezer override set to true
11-23 09:39:42.964  1795  3789 D ActivityManager: freezer override set to false
11-23 09:39:42.972  1011  1189 I ASH     : @ 75635.172: tcs3701: stop power rail pending_off timer
11-23 09:39:42.972  1011  1189 D ASH     : @ 75635.172: tcs3701: start power rail timer, state:3
11-23 09:39:43.005 10893 10954 W chromium: [WARNING:ev_root_ca_metadata.cc(119)] Not implemented
11-23 09:39:43.005 10893 10954 W chromium: [WARNING:ev_root_ca_metadata.cc(119)] Not implemented
11-23 09:39:43.012  1011  1189 I ASH     : @ 75635.212: tcs3701: stop power rail pending_off timer
11-23 09:39:43.012  1011  1189 D ASH     : @ 75635.212: tcs3701: start power rail timer, state:3
11-23 09:39:43.028  5238  5295 I BatteryMgr:DataCollectionService: stats => 1700728783028,8850,4449,13427,4169000,100
11-23 09:39:43.052  1011  1189 I ASH     : @ 75635.252: tcs3701: stop power rail pending_off timer
11-23 09:39:43.052  1011  1189 D ASH     : @ 75635.252: tcs3701: start power rail timer, state:3
11-23 09:39:43.093  1011  1189 I ASH     : @ 75635.292: tcs3701: stop power rail pending_off timer
11-23 09:39:43.093  1011  1189 D ASH     : @ 75635.292: tcs3701: start power rail timer, state:3
11-23 09:39:43.132  1011  1189 I ASH     : @ 75635.332: tcs3701: stop power rail pending_off timer
11-23 09:39:43.132  1011  1189 D ASH     : @ 75635.332: tcs3701: start power rail timer, state:3
11-23 09:39:43.133  5238  5295 I BatteryMgr:DataCollectionService: stats => 1700728783133,8850,4449,13427,4169000,100
11-23 09:39:43.174  1011  1189 I ASH     : @ 75635.372: tcs3701: stop power rail pending_off timer
11-23 09:39:43.174  1011  1189 D ASH     : @ 75635.372: tcs3701: start power rail timer, state:3
11-23 09:39:43.212  1011  1189 I ASH     : @ 75635.412: tcs3701: stop power rail pending_off timer
11-23 09:39:43.212  1011  1189 D ASH     : @ 75635.412: tcs3701: start power rail timer, state:3
11-23 09:39:43.245  5238  5295 I BatteryMgr:DataCollectionService: stats => 1700728783245,8850,4449,13427,4169000,100
11-23 09:39:43.252  1011  1189 I ASH     : @ 75635.452: tcs3701: stop power rail pending_off timer
11-23 09:39:43.252  1011  1189 D ASH     : @ 75635.452: tcs3701: start power rail timer, state:3
11-23 09:39:43.293  1011  1189 I ASH     : @ 75635.492: tcs3701: stop power rail pending_off timer
11-23 09:39:43.293  1011  1189 D ASH     : @ 75635.492: tcs3701: start power rail timer, state:3
11-23 09:39:43.332  1011  1189 I ASH     : @ 75635.532: tcs3701: stop power rail pending_off timer
11-23 09:39:43.332  1011  1189 D ASH     : @ 75635.532: tcs3701: start power rail timer, state:3
11-23 09:39:43.352  5238  5295 I BatteryMgr:DataCollectionService: stats => 1700728783352,8850,4449,13427,4169000,100
11-23 09:39:43.373  1011  1189 I ASH     : @ 75635.572: tcs3701: stop power rail pending_off timer
11-23 09:39:43.373  1011  1189 D ASH     : @ 75635.572: tcs3701: start power rail timer, state:3
11-23 09:39:43.412  1011  1189 I ASH     : @ 75635.612: tcs3701: stop power rail pending_off timer
11-23 09:39:43.412  1011  1189 D ASH     : @ 75635.612: tcs3701: start power rail timer, state:3
11-23 09:39:43.452  1011  1189 I ASH     : @ 75635.652: tcs3701: stop power rail pending_off timer
11-23 09:39:43.452  1011  1189 D ASH     : @ 75635.652: tcs3701: start power rail timer, state:3
11-23 09:39:43.458  5238  5295 I BatteryMgr:DataCollectionService: stats => 1700728783458,8850,4449,13427,4169000,100
11-23 09:39:43.492  1011  1189 I ASH     : @ 75635.692: tcs3701: stop power rail pending_off timer
11-23 09:39:43.492  1011  1189 D ASH     : @ 75635.692: tcs3701: start power rail timer, state:3
11-23 09:39:43.532  1011  1189 I ASH     : @ 75635.732: tcs3701: stop power rail pending_off timer
11-23 09:39:43.533  1011  1189 D ASH     : @ 75635.732: tcs3701: start power rail timer, state:3
11-23 09:39:43.561  5238  5295 I BatteryMgr:DataCollectionService: stats => 1700728783561,8850,4449,13427,4169000,100
11-23 09:39:43.572  1011  1189 I ASH     : @ 75635.772: tcs3701: stop power rail pending_off timer
11-23 09:39:43.572  1011  1189 D ASH     : @ 75635.772: tcs3701: start power rail timer, state:3
11-23 09:39:43.612  1011  1189 I ASH     : @ 75635.812: tcs3701: stop power rail pending_off timer
11-23 09:39:43.612  1011  1189 D ASH     : @ 75635.812: tcs3701: start power rail timer, state:3
11-23 09:39:43.650  1795  3789 D ActivityManager: freezer override set to true
11-23 09:39:43.653  1011  1189 I ASH     : @ 75635.852: tcs3701: stop power rail pending_off timer
11-23 09:39:43.653  1011  1189 D ASH     : @ 75635.852: tcs3701: start power rail timer, state:3
11-23 09:39:43.666  5238  5295 I BatteryMgr:DataCollectionService: stats => 1700728783666,8850,4449,13427,4169000,100
11-23 09:39:43.693  1011  1189 I ASH     : @ 75635.892: tcs3701: stop power rail pending_off timer
11-23 09:39:43.693  1011  1189 D ASH     : @ 75635.892: tcs3701: start power rail timer, state:3
11-23 09:39:43.732  1011  1189 I ASH     : @ 75635.932: tcs3701: stop power rail pending_off timer
11-23 09:39:43.732  1011  1189 D ASH     : @ 75635.932: tcs3701: start power rail timer, state:3
11-23 09:39:43.772  5238  5295 I BatteryMgr:DataCollectionService: stats => 1700728783772,8850,4449,13427,4169000,100
11-23 09:39:43.773  1011  1189 I ASH     : @ 75635.972: tcs3701: stop power rail pending_off timer
11-23 09:39:43.773  1011  1189 D ASH     : @ 75635.972: tcs3701: start power rail timer, state:3
11-23 09:39:43.812  1011  1189 I ASH     : @ 75636.012: tcs3701: stop power rail pending_off timer
11-23 09:39:43.812  1011  1189 D ASH     : @ 75636.012: tcs3701: start power rail timer, state:3
11-23 09:39:43.828 10893 10907 I m.chrome.canary: Explicit concurrent copying GC freed 3639(192KB) AllocSpace objects, 3(60KB) LOS objects, 75% free, 11MB/46MB, paused 482us,21us total 101.953ms
11-23 09:39:43.852  1011  1189 I ASH     : @ 75636.052: tcs3701: stop power rail pending_off timer
11-23 09:39:43.852  1011  1189 D ASH     : @ 75636.052: tcs3701: start power rail timer, state:3
11-23 09:39:43.881  5238  5295 I BatteryMgr:DataCollectionService: stats => 1700728783880,8850,4449,13427,4169000,100
11-23 09:39:43.885  1795  3789 D ActivityManager: freezer override set to false
11-23 09:39:43.892  1011  1189 I ASH     : @ 75636.092: tcs3701: stop power rail pending_off timer
11-23 09:39:43.892  1011  1189 D ASH     : @ 75636.092: tcs3701: start power rail timer, state:3
11-23 09:39:43.932  1011  1189 I ASH     : @ 75636.132: tcs3701: stop power rail pending_off timer
11-23 09:39:43.932  1011  1189 D ASH     : @ 75636.132: tcs3701: start power rail timer, state:3
11-23 09:39:43.972  1011  1189 I ASH     : @ 75636.172: tcs3701: stop power rail pending_off timer
11-23 09:39:43.972  1011  1189 D ASH     : @ 75636.172: tcs3701: start power rail timer, state:3
11-23 09:39:43.986  1795  4157 D ActivityManager: freezer override set to true
11-23 09:39:43.994  1795  3745 D ActivityManager: freezer override set to false
11-23 09:39:44.005  5238  5295 I BatteryMgr:DataCollectionService: stats => 1700728784005,8850,4449,13427,4169000,100
11-23 09:39:44.012  1011  1189 I ASH     : @ 75636.212: tcs3701: stop power rail pending_off timer
11-23 09:39:44.012  1011  1189 D ASH     : @ 75636.212: tcs3701: start power rail timer, state:3
11-23 09:39:44.050  1795  2424 D WifiClientModeImpl[13802:wlan0]: updateLinkLayerStatsRssiSpeedFrequencyCapabilities rssi=-49 TxLinkspeed=866 freq=5240 RxLinkSpeed=866
11-23 09:39:44.050  1795  2424 D WifiDataStall: tx tput in kbps: 755212
11-23 09:39:44.050  1795  2424 D WifiDataStall: rx tput in kbps: 794960
11-23 09:39:44.050  1795  2424 V WifiConfigManager: Updating scan detail cache freq=5240 BSSID=f4:6d:2f:12:cc:88 RSSI=-48 for "ourhome"WPA_PSK
11-23 09:39:44.050  1795  2424 D WifiChannelUtilization:  freq: 5240 onTime: 1951721 busyTime: 166337 onTimeDiff: 1951426 busyTimeDiff: 166320 utilization: 21 utilization t0: 21
11-23 09:39:44.050  1795  2424 D WifiDataStall:  ccaLevel = 21
11-23 09:39:44.050  1795  2424 D WifiDataStall: L2 txTputKbps: 683666, rxTputKbps: 794960, L3 txTputKbps: 13, rxTputKbps: 26, TxTrafficHigh: true, RxTrafficHigh: true, Throughput Sufficient: true
11-23 09:39:44.051  3213  8092 V WifiManager: OnWifiUsabilityStatsListener: onWifiUsabilityStats: seqNum=25025
11-23 09:39:44.051  1795  2424 D WifiScoreReport: Wifi scoring disabled - Don't check IP layer
11-23 09:39:44.051  1795  3745 I WifiService: updateWifiUsabilityScore uid=10180 seqNum=25025 score=100 predictionHorizonSec=1441795
11-23 09:39:44.052  1011  1189 I ASH     : @ 75636.252: tcs3701: stop power rail pending_off timer
11-23 09:39:44.052  1011  1189 D ASH     : @ 75636.252: tcs3701: start power rail timer, state:3
11-23 09:39:44.059  1795  2424 D WifiScoreCard: BSSID update SIGNAL_POLL ID: 1320464697 SSID: "ourhome", BSSID: f4:6d:2f:12:cc:88, MAC: b2:2f:ec:da:4a:0c, IP: /192.168.1.104, Security type: 2, Supplicant state: COMPLETED, Wi-Fi standard: 5, RSSI: -49, Link speed: 866Mbps, Tx Link speed: 866Mbps, Max Supported Tx Link speed: 866Mbps, Rx Link speed: 866Mbps, Max Supported Rx Link speed: 866Mbps, Frequency: 5240MHz, Net ID: 12, Metered hint: false, score: 60, isUsable: true, CarrierMerged: false, SubscriptionId: -1, IsPrimary: 1, Trusted: true, Restricted: false, Ephemeral: false, OEM paid: false, OEM private: false, OSU AP: false, FQDN: <none>, Provider friendly name: <none>, Requesting package name: <none>"ourhome"wpa2-pskMLO Information: , Is TID-To-Link negotiation supported by the AP: false, AP MLD Address: <none>, AP MLO Link Id: <none>, AP MLO Affiliated links: <none>
11-23 09:39:44.059  1795  2424 D WifiScoreCard: txRate: 8 txSpeed: 866
11-23 09:39:44.059  1795  2424 D WifiScoreCard: network update SIGNAL_POLL "ourhome" ID: 1499892569 RSSI -49 txSpeed 866
11-23 09:39:44.060  1795  2424 D WifiClientModeImpl[13802:wlan0]:  ClientModeImpl$L2ConnectedState screen=on 7 0 "ourhome" f4:6d:2f:12:cc:88 rssi=-49 f=5240 sc=60 link=866 tx=6.5, 0.7, 0.0 rx=4.3 bcn=719905 [on:155 tx:3 rx:2 period:3032] from screen [on:131184 period:3251067] score=60
11-23 09:39:44.060  1795  2424 D WifiScoreReport: Wifi scoring disabled - Notify that Wifi is usable
11-23 09:39:44.061  1795  2432 D ConnectivityService: NetReassign [no changes] [c 0] [a 0] [i 1]
11-23 09:39:44.092  1011  1189 I ASH     : @ 75636.292: tcs3701: stop power rail pending_off timer
11-23 09:39:44.092  1011  1189 D ASH     : @ 75636.292: tcs3701: start power rail timer, state:3
11-23 09:39:44.122  5238  5295 I BatteryMgr:DataCollectionService: stats => 1700728784121,8850,4449,13427,4169000,100
11-23 09:39:44.132  1011  1189 I ASH     : @ 75636.332: tcs3701: stop power rail pending_off timer
11-23 09:39:44.132  1011  1189 D ASH     : @ 75636.332: tcs3701: start power rail timer, state:3
11-23 09:39:44.172  1011  1189 I ASH     : @ 75636.372: tcs3701: stop power rail pending_off timer
11-23 09:39:44.172  1011  1189 D ASH     : @ 75636.372: tcs3701: start power rail timer, state:3
11-23 09:39:44.212  1011  1189 I ASH     : @ 75636.412: tcs3701: stop power rail pending_off timer
11-23 09:39:44.212  1011  1189 D ASH     : @ 75636.412: tcs3701: start power rail timer, state:3
11-23 09:39:44.230  5238  5295 I BatteryMgr:DataCollectionService: stats => 1700728784230,8850,4449,13427,4169000,100
11-23 09:39:44.253  1011  1189 I ASH     : @ 75636.452: tcs3701: stop power rail pending_off timer
11-23 09:39:44.253  1011  1189 D ASH     : @ 75636.452: tcs3701: start power rail timer, state:3
11-23 09:39:44.292  1011  1189 I ASH     : @ 75636.492: tcs3701: stop power rail pending_off timer
11-23 09:39:44.292  1011  1189 D ASH     : @ 75636.492: tcs3701: start power rail timer, state:3
11-23 09:39:44.332  1011  1189 I ASH     : @ 75636.532: tcs3701: stop power rail pending_off timer
11-23 09:39:44.332  1011  1189 D ASH     : @ 75636.532: tcs3701: start power rail timer, state:3
11-23 09:39:44.338  5238  5295 I BatteryMgr:DataCollectionService: stats => 1700728784338,8850,4449,13427,4169000,100
11-23 09:39:44.372  1011  1189 I ASH     : @ 75636.572: tcs3701: stop power rail pending_off timer
11-23 09:39:44.372  1011  1189 D ASH     : @ 75636.572: tcs3701: start power rail timer, state:3
11-23 09:39:44.412  1011  1189 I ASH     : @ 75636.612: tcs3701: stop power rail pending_off timer
11-23 09:39:44.412  1011  1189 D ASH     : @ 75636.612: tcs3701: start power rail timer, state:3
11-23 09:39:44.442  5238  5295 I BatteryMgr:DataCollectionService: stats => 1700728784442,8850,4449,13427,4169000,100
11-23 09:39:44.452  1011  1189 I ASH     : @ 75636.652: tcs3701: stop power rail pending_off timer
11-23 09:39:44.452  1011  1189 D ASH     : @ 75636.652: tcs3701: start power rail timer, state:3
11-23 09:39:44.492  2113  2118 I pixel-thermal: skin-therm-monitor: 38.619
11-23 09:39:44.492  1011  1189 I ASH     : @ 75636.692: tcs3701: stop power rail pending_off timer
11-23 09:39:44.492  1011  1189 D ASH     : @ 75636.692: tcs3701: start power rail timer, state:3
11-23 09:39:44.532  1011  1189 I ASH     : @ 75636.732: tcs3701: stop power rail pending_off timer
11-23 09:39:44.532  1011  1189 D ASH     : @ 75636.732: tcs3701: start power rail timer, state:3
11-23 09:39:44.548  5238  5295 I BatteryMgr:DataCollectionService: stats => 1700728784548,8850,4449,13427,4169000,100
11-23 09:39:44.572  1011  1189 I ASH     : @ 75636.772: tcs3701: stop power rail pending_off timer
11-23 09:39:44.572  1011  1189 D ASH     : @ 75636.772: tcs3701: start power rail timer, state:3
11-23 09:39:44.612  1011  1189 I ASH     : @ 75636.812: tcs3701: stop power rail pending_off timer
11-23 09:39:44.612  1011  1189 D ASH     : @ 75636.812: tcs3701: start power rail timer, state:3
11-23 09:39:44.652  1011  1189 I ASH     : @ 75636.852: tcs3701: stop power rail pending_off timer
11-23 09:39:44.652  1011  1189 D ASH     : @ 75636.852: tcs3701: start power rail timer, state:3
11-23 09:39:44.653  5238  5295 I BatteryMgr:DataCollectionService: stats => 1700728784653,8850,4449,13427,4169000,100
11-23 09:39:44.692  1011  1189 I ASH     : @ 75636.892: tcs3701: stop power rail pending_off timer
11-23 09:39:44.692  1011  1189 D ASH     : @ 75636.892: tcs3701: start power rail timer, state:3
11-23 09:39:44.732  1011  1189 I ASH     : @ 75636.932: tcs3701: stop power rail pending_off timer
11-23 09:39:44.733  1011  1189 D ASH     : @ 75636.932: tcs3701: start power rail timer, state:3
11-23 09:39:44.760  5238  5295 I BatteryMgr:DataCollectionService: stats => 1700728784760,8850,4449,13427,4169000,100
11-23 09:39:44.773  1011  1189 I ASH     : @ 75636.972: tcs3701: stop power rail pending_off timer
11-23 09:39:44.773  1011  1189 D ASH     : @ 75636.972: tcs3701: start power rail timer, state:3
11-23 09:39:44.812  1011  1189 I ASH     : @ 75637.012: tcs3701: stop power rail pending_off timer
11-23 09:39:44.812  1011  1189 D ASH     : @ 75637.012: tcs3701: start power rail timer, state:3
11-23 09:39:44.852  1011  1189 I ASH     : @ 75637.052: tcs3701: stop power rail pending_off timer
11-23 09:39:44.852  1011  1189 D ASH     : @ 75637.052: tcs3701: start power rail timer, state:3
11-23 09:39:44.866  5238  5295 I BatteryMgr:DataCollectionService: stats => 1700728784866,8850,4449,13427,4169000,100
11-23 09:39:44.882  3074 20688 I PhenotypeProcessReaper: Memory state is: 100
11-23 09:39:44.892  1011  1189 I ASH     : @ 75637.092: tcs3701: stop power rail pending_off timer
11-23 09:39:44.892  1011  1189 D ASH     : @ 75637.092: tcs3701: start power rail timer, state:3
11-23 09:39:44.918  1795  3745 D ActivityManager: freezer override set to true
11-23 09:39:44.923  1795  3745 D ActivityManager: freezer override set to false
11-23 09:39:44.933  1011  1189 I ASH     : @ 75637.132: tcs3701: stop power rail pending_off timer
11-23 09:39:44.933  1011  1189 D ASH     : @ 75637.132: tcs3701: start power rail timer, state:3
11-23 09:39:44.972  5238  5295 I BatteryMgr:DataCollectionService: stats => 1700728784971,8850,4449,13427,4169000,100
11-23 09:39:44.972  1011  1189 I ASH     : @ 75637.172: tcs3701: stop power rail pending_off timer
11-23 09:39:44.972  1011  1189 D ASH     : @ 75637.172: tcs3701: start power rail timer, state:3
11-23 09:39:45.012  1011  1189 I ASH     : @ 75637.212: tcs3701: stop power rail pending_off timer
11-23 09:39:45.012  1011  1189 D ASH     : @ 75637.212: tcs3701: start power rail timer, state:3
11-23 09:39:45.052  1011  1189 I ASH     : @ 75637.252: tcs3701: stop power rail pending_off timer
11-23 09:39:45.052  1011  1189 D ASH     : @ 75637.252: tcs3701: start power rail timer, state:3
11-23 09:39:45.078  5238  5295 I BatteryMgr:DataCollectionService: stats => 1700728785078,8850,4449,13427,4169000,100
11-23 09:39:45.094  1011  1189 I ASH     : @ 75637.292: tcs3701: stop power rail pending_off timer
11-23 09:39:45.094  1011  1189 D ASH     : @ 75637.292: tcs3701: start power rail timer, state:3
11-23 09:39:45.132  1011  1189 I ASH     : @ 75637.332: tcs3701: stop power rail pending_off timer
11-23 09:39:45.133  1011  1189 D ASH     : @ 75637.332: tcs3701: start power rail timer, state:3
11-23 09:39:45.172  1011  1189 I ASH     : @ 75637.372: tcs3701: stop power rail pending_off timer
11-23 09:39:45.173  1011  1189 D ASH     : @ 75637.372: tcs3701: start power rail timer, state:3
11-23 09:39:45.187  5238  5295 I BatteryMgr:DataCollectionService: stats => 1700728785186,8850,4449,13427,4169000,100
11-23 09:39:45.190  1795  3745 D ActivityManager: freezer override set to true
11-23 09:39:45.212  1011  1189 I ASH     : @ 75637.412: tcs3701: stop power rail pending_off timer
11-23 09:39:45.212  1011  1189 D ASH     : @ 75637.412: tcs3701: start power rail timer, state:3
11-23 09:39:45.252  1011  1189 I ASH     : @ 75637.452: tcs3701: stop power rail pending_off timer
11-23 09:39:45.252  1011  1189 D ASH     : @ 75637.452: tcs3701: start power rail timer, state:3
11-23 09:39:45.278 10893 10907 I m.chrome.canary: Explicit concurrent copying GC freed 3970(207KB) AllocSpace objects, 6(184KB) LOS objects, 75% free, 11MB/46MB, paused 34us,24us total 45.979ms
11-23 09:39:45.292  1011  1189 I ASH     : @ 75637.492: tcs3701: stop power rail pending_off timer
11-23 09:39:45.292  1011  1189 D ASH     : @ 75637.492: tcs3701: start power rail timer, state:3
11-23 09:39:45.294  5238  5295 I BatteryMgr:DataCollectionService: stats => 1700728785294,8850,4449,13427,4169000,100
11-23 09:39:45.332  1011  1189 I ASH     : @ 75637.532: tcs3701: stop power rail pending_off timer
11-23 09:39:45.332  1011  1189 D ASH     : @ 75637.532: tcs3701: start power rail timer, state:3
11-23 09:39:45.339  1795  3745 D ActivityManager: freezer override set to false
11-23 09:39:45.372  1011  1189 I ASH     : @ 75637.572: tcs3701: stop power rail pending_off timer
11-23 09:39:45.372  1011  1189 D ASH     : @ 75637.572: tcs3701: start power rail timer, state:3
11-23 09:39:45.375  1795  3745 D ActivityManager: freezer override set to true
11-23 09:39:45.379  1795  3745 D ActivityManager: freezer override set to false
11-23 09:39:45.398  5238  5295 I BatteryMgr:DataCollectionService: stats => 1700728785398,8850,4449,13427,4169000,100
11-23 09:39:45.412  1011  1189 I ASH     : @ 75637.612: tcs3701: stop power rail pending_off timer
11-23 09:39:45.412  1011  1189 D ASH     : @ 75637.612: tcs3701: start power rail timer, state:3
11-23 09:39:45.452  1011  1189 I ASH     : @ 75637.652: tcs3701: stop power rail pending_off timer
11-23 09:39:45.452  1011  1189 D ASH     : @ 75637.652: tcs3701: start power rail timer, state:3
11-23 09:39:45.493  1011  1189 I ASH     : @ 75637.692: tcs3701: stop power rail pending_off timer
11-23 09:39:45.493  1011  1189 D ASH     : @ 75637.692: tcs3701: start power rail timer, state:3
11-23 09:39:45.503  5238  5295 I BatteryMgr:DataCollectionService: stats => 1700728785503,8850,4449,13427,4169000,100
11-23 09:39:45.532  1011  1189 I ASH     : @ 75637.732: tcs3701: stop power rail pending_off timer
11-23 09:39:45.532  1011  1189 D ASH     : @ 75637.732: tcs3701: start power rail timer, state:3
11-23 09:39:45.572  1011  1189 I ASH     : @ 75637.772: tcs3701: stop power rail pending_off timer
11-23 09:39:45.572  1011  1189 D ASH     : @ 75637.772: tcs3701: start power rail timer, state:3
11-23 09:39:45.609  5238  5295 I BatteryMgr:DataCollectionService: stats => 1700728785609,8850,4449,13427,4169000,100
11-23 09:39:45.612  1011  1189 I ASH     : @ 75637.812: tcs3701: stop power rail pending_off timer
11-23 09:39:45.612  1011  1189 D ASH     : @ 75637.812: tcs3701: start power rail timer, state:3
11-23 09:39:45.652  1011  1189 I ASH     : @ 75637.852: tcs3701: stop power rail pending_off timer
11-23 09:39:45.652  1011  1189 D ASH     : @ 75637.852: tcs3701: start power rail timer, state:3
11-23 09:39:45.692  1011  1189 I ASH     : @ 75637.892: tcs3701: stop power rail pending_off timer
11-23 09:39:45.692  1011  1189 D ASH     : @ 75637.892: tcs3701: start power rail timer, state:3
11-23 09:39:45.717  5238  5295 I BatteryMgr:DataCollectionService: stats => 1700728785716,8850,4449,13427,4169000,100
11-23 09:39:45.732  1011  1189 I ASH     : @ 75637.932: tcs3701: stop power rail pending_off timer
11-23 09:39:45.732  1011  1189 D ASH     : @ 75637.932: tcs3701: start power rail timer, state:3
11-23 09:39:45.772  1011  1189 I ASH     : @ 75637.972: tcs3701: stop power rail pending_off timer
11-23 09:39:45.772  1011  1189 D ASH     : @ 75637.972: tcs3701: start power rail timer, state:3
11-23 09:39:45.775  3845  6996 I PhenotypeProcessReaper: Memory state is: 100
11-23 09:39:45.812  1011  1189 I ASH     : @ 75638.012: tcs3701: stop power rail pending_off timer
11-23 09:39:45.813  1011  1189 D ASH     : @ 75638.012: tcs3701: start power rail timer, state:3
11-23 09:39:45.822  5238  5295 I BatteryMgr:DataCollectionService: stats => 1700728785822,8850,4449,13427,4169000,100
11-23 09:39:45.852  1011  1189 I ASH     : @ 75638.052: tcs3701: stop power rail pending_off timer
11-23 09:39:45.852  1011  1189 D ASH     : @ 75638.052: tcs3701: start power rail timer, state:3
11-23 09:39:45.892  1011  1189 I ASH     : @ 75638.092: tcs3701: stop power rail pending_off timer
11-23 09:39:45.892  1011  1189 D ASH     : @ 75638.092: tcs3701: start power rail timer, state:3
11-23 09:39:45.922  1795  3745 D ActivityManager: freezer override set to true
11-23 09:39:45.925  1795  3745 D ActivityManager: freezer override set to false
11-23 09:39:45.926  5238  5295 I BatteryMgr:DataCollectionService: stats => 1700728785926,8850,4449,13427,4169000,100
11-23 09:39:45.932  1011  1189 I ASH     : @ 75638.132: tcs3701: stop power rail pending_off timer
11-23 09:39:45.932  1011  1189 D ASH     : @ 75638.132: tcs3701: start power rail timer, state:3
11-23 09:39:45.972  1011  1189 I ASH     : @ 75638.172: tcs3701: stop power rail pending_off timer
11-23 09:39:45.972  1011  1189 D ASH     : @ 75638.172: tcs3701: start power rail timer, state:3
11-23 09:39:46.012  1011  1189 I ASH     : @ 75638.212: tcs3701: stop power rail pending_off timer
11-23 09:39:46.012  1011  1189 D ASH     : @ 75638.212: tcs3701: start power rail timer, state:3
11-23 09:39:46.031  5238  5295 I BatteryMgr:DataCollectionService: stats => 1700728786031,8850,4449,13427,4169000,100
11-23 09:39:46.052  1011  1189 I ASH     : @ 75638.252: tcs3701: stop power rail pending_off timer
11-23 09:39:46.052  1011  1189 D ASH     : @ 75638.252: tcs3701: start power rail timer, state:3
11-23 09:39:46.092  1011  1189 I ASH     : @ 75638.292: tcs3701: stop power rail pending_off timer
11-23 09:39:46.092  1011  1189 D ASH     : @ 75638.292: tcs3701: start power rail timer, state:3
11-23 09:39:46.132  1011  1189 I ASH     : @ 75638.332: tcs3701: stop power rail pending_off timer
11-23 09:39:46.132  1011  1189 D ASH     : @ 75638.332: tcs3701: start power rail timer, state:3
11-23 09:39:46.136  5238  5295 I BatteryMgr:DataCollectionService: stats => 1700728786136,8850,4449,13427,4169000,100
11-23 09:39:46.172  1011  1189 I ASH     : @ 75638.372: tcs3701: stop power rail pending_off timer
11-23 09:39:46.172  1011  1189 D ASH     : @ 75638.372: tcs3701: start power rail timer, state:3
11-23 09:39:46.212  1011  1189 I ASH     : @ 75638.412: tcs3701: stop power rail pending_off timer
11-23 09:39:46.213  1011  1189 D ASH     : @ 75638.412: tcs3701: start power rail timer, state:3
11-23 09:39:46.243  5238  5295 I BatteryMgr:DataCollectionService: stats => 1700728786243,8850,4449,13427,4169000,100
11-23 09:39:46.252  1011  1189 I ASH     : @ 75638.452: tcs3701: stop power rail pending_off timer
11-23 09:39:46.252  1011  1189 D ASH     : @ 75638.452: tcs3701: start power rail timer, state:3
11-23 09:39:46.292  1011  1189 I ASH     : @ 75638.492: tcs3701: stop power rail pending_off timer
11-23 09:39:46.292  1011  1189 D ASH     : @ 75638.492: tcs3701: start power rail timer, state:3
11-23 09:39:46.332  1011  1189 I ASH     : @ 75638.532: tcs3701: stop power rail pending_off timer
11-23 09:39:46.332  1011  1189 D ASH     : @ 75638.532: tcs3701: start power rail timer, state:3
