11-23 09:44:39.621  1795  2424 D WifiScoreCard: BSSID update SIGNAL_POLL ID: 1320464697 SSID: "ourhome", BSSID: f4:6d:2f:12:cc:88, MAC: b2:2f:ec:da:4a:0c, IP: /192.168.1.104, Security type: 2, Supplicant state: COMPLETED, Wi-Fi standard: 5, RSSI: -49, Link speed: 780Mbps, Tx Link speed: 780Mbps, Max Supported Tx Link speed: 866Mbps, Rx Link speed: 6Mbps, Max Supported Rx Link speed: 866Mbps, Frequency: 5240MHz, Net ID: 12, Metered hint: false, score: 60, isUsable: true, CarrierMerged: false, SubscriptionId: -1, IsPrimary: 1, Trusted: true, Restricted: false, Ephemeral: false, OEM paid: false, OEM private: false, OSU AP: false, FQDN: <none>, Provider friendly name: <none>, Requesting package name: <none>"ourhome"wpa2-pskMLO Information: , Is TID-To-Link negotiation supported by the AP: false, AP MLD Address: <none>, AP MLO Link Id: <none>, AP MLO Affiliated links: <none>
11-23 09:44:39.621  1795  2424 D WifiScoreCard: txRate: 1 txSpeed: 780
11-23 09:44:39.621  1795  2424 D WifiScoreCard: network update SIGNAL_POLL "ourhome" ID: 1499892569 RSSI -49 txSpeed -1
11-23 09:44:39.621  1795  4167 I WifiService: updateWifiUsabilityScore uid=10180 seqNum=25123 score=100 predictionHorizonSec=1441795
11-23 09:44:39.621  1795  2424 D WifiClientModeImpl[13802:wlan0]:  ClientModeImpl$L2ConnectedState screen=on 7 0 "ourhome" f4:6d:2f:12:cc:88 rssi=-49 f=5240 sc=60 link=780 tx=0.0, 0.0, 0.0 rx=0.0 bcn=722788 [on:0 tx:0 rx:0 period:3010] from screen [on:143649 period:3546628] score=60
11-23 09:44:39.622  1795  2424 D WifiScoreReport: Wifi scoring disabled - Notify that Wifi is usable
11-23 09:44:39.624  1795  2432 D ConnectivityService: NetReassign [no changes] [c 0] [a 0] [i 2]
11-23 09:44:39.653  1011  1189 I ASH     : @ 75931.852: tcs3701: stop power rail pending_off timer
11-23 09:44:39.653  1011  1189 D ASH     : @ 75931.852: tcs3701: start power rail timer, state:3
11-23 09:44:39.685  5238  5295 I BatteryMgr:DataCollectionService: stats => 1700729079685,10986,4449,13427,4169000,100
11-23 09:44:39.692  1011  1189 I ASH     : @ 75931.892: tcs3701: stop power rail pending_off timer
11-23 09:44:39.692  1011  1189 D ASH     : @ 75931.892: tcs3701: start power rail timer, state:3
11-23 09:44:39.732  1011  1189 I ASH     : @ 75931.932: tcs3701: stop power rail pending_off timer
11-23 09:44:39.732  1011  1189 D ASH     : @ 75931.932: tcs3701: start power rail timer, state:3
11-23 09:44:39.769  1795  4167 D ActivityManager: freezer override set to true
11-23 09:44:39.772  1011  1189 I ASH     : @ 75931.972: tcs3701: stop power rail pending_off timer
11-23 09:44:39.772  1011  1189 D ASH     : @ 75931.972: tcs3701: start power rail timer, state:3
11-23 09:44:39.774  1795  4167 D ActivityManager: freezer override set to false
11-23 09:44:39.789  5238  5295 I BatteryMgr:DataCollectionService: stats => 1700729079789,10986,4449,13427,4169000,100
11-23 09:44:39.812  1011  1189 I ASH     : @ 75932.012: tcs3701: stop power rail pending_off timer
11-23 09:44:39.812  1011  1189 D ASH     : @ 75932.012: tcs3701: start power rail timer, state:3
11-23 09:44:39.853  1011  1189 I ASH     : @ 75932.052: tcs3701: stop power rail pending_off timer
11-23 09:44:39.854  1011  1189 D ASH     : @ 75932.052: tcs3701: start power rail timer, state:3
11-23 09:44:39.892  1011  1189 I ASH     : @ 75932.092: tcs3701: stop power rail pending_off timer
11-23 09:44:39.893  1011  1189 D ASH     : @ 75932.092: tcs3701: start power rail timer, state:3
11-23 09:44:39.895  5238  5295 I BatteryMgr:DataCollectionService: stats => 1700729079895,10986,4449,13427,4169000,100
11-23 09:44:39.932  1011  1189 I ASH     : @ 75932.132: tcs3701: stop power rail pending_off timer
11-23 09:44:39.932  1011  1189 D ASH     : @ 75932.132: tcs3701: start power rail timer, state:3
11-23 09:44:39.972  1011  1189 I ASH     : @ 75932.172: tcs3701: stop power rail pending_off timer
11-23 09:44:39.972  1011  1189 D ASH     : @ 75932.172: tcs3701: start power rail timer, state:3
11-23 09:44:40.002  5238  5295 I BatteryMgr:DataCollectionService: stats => 1700729080002,10986,4449,13427,4169000,100
11-23 09:44:40.003  1795  4167 D ActivityManager: freezer override set to true
11-23 09:44:40.012  1011  1189 I ASH     : @ 75932.212: tcs3701: stop power rail pending_off timer
11-23 09:44:40.012  1011  1189 D ASH     : @ 75932.212: tcs3701: start power rail timer, state:3
11-23 09:44:40.053  1011  1189 I ASH     : @ 75932.252: tcs3701: stop power rail pending_off timer
11-23 09:44:40.053  1011  1189 D ASH     : @ 75932.252: tcs3701: start power rail timer, state:3
11-23 09:44:40.092  1011  1189 I ASH     : @ 75932.292: tcs3701: stop power rail pending_off timer
11-23 09:44:40.092  1011  1189 D ASH     : @ 75932.292: tcs3701: start power rail timer, state:3
11-23 09:44:40.095 16700 16715 I m.chrome.canary: Explicit concurrent copying GC freed 3805(191KB) AllocSpace objects, 4(80KB) LOS objects, 75% free, 11MB/46MB, paused 86us,54us total 51.144ms
11-23 09:44:40.107  5238  5295 I BatteryMgr:DataCollectionService: stats => 1700729080107,10986,4449,13427,4169000,100
11-23 09:44:40.132  1011  1189 I ASH     : @ 75932.332: tcs3701: stop power rail pending_off timer
11-23 09:44:40.132  1011  1189 D ASH     : @ 75932.332: tcs3701: start power rail timer, state:3
11-23 09:44:40.156  1795  4167 D ActivityManager: freezer override set to false
11-23 09:44:40.172  1011  1189 I ASH     : @ 75932.372: tcs3701: stop power rail pending_off timer
11-23 09:44:40.172  1011  1189 D ASH     : @ 75932.372: tcs3701: start power rail timer, state:3
11-23 09:44:40.209  1795  3613 D ActivityManager: freezer override set to true
11-23 09:44:40.213  1011  1189 I ASH     : @ 75932.412: tcs3701: stop power rail pending_off timer
11-23 09:44:40.213  1011  1189 D ASH     : @ 75932.412: tcs3701: start power rail timer, state:3
11-23 09:44:40.215  1795  3613 D ActivityManager: freezer override set to false
11-23 09:44:40.216  5238  5295 I BatteryMgr:DataCollectionService: stats => 1700729080216,10986,4449,13427,4169000,100
11-23 09:44:40.253  1011  1189 I ASH     : @ 75932.452: tcs3701: stop power rail pending_off timer
11-23 09:44:40.253  1011  1189 D ASH     : @ 75932.452: tcs3701: start power rail timer, state:3
11-23 09:44:40.292  1011  1189 I ASH     : @ 75932.492: tcs3701: stop power rail pending_off timer
11-23 09:44:40.292  1011  1189 D ASH     : @ 75932.492: tcs3701: start power rail timer, state:3
11-23 09:44:40.320  5238  5295 I BatteryMgr:DataCollectionService: stats => 1700729080320,13732,4449,13427,4169000,100
11-23 09:44:40.332  1011  1189 I ASH     : @ 75932.532: tcs3701: stop power rail pending_off timer
11-23 09:44:40.332  1011  1189 D ASH     : @ 75932.532: tcs3701: start power rail timer, state:3
11-23 09:44:40.372  1011  1189 I ASH     : @ 75932.572: tcs3701: stop power rail pending_off timer
11-23 09:44:40.372  1011  1189 D ASH     : @ 75932.572: tcs3701: start power rail timer, state:3
11-23 09:44:40.413  1011  1189 I ASH     : @ 75932.612: tcs3701: stop power rail pending_off timer
11-23 09:44:40.413  1011  1189 D ASH     : @ 75932.612: tcs3701: start power rail timer, state:3
11-23 09:44:40.426  5238  5295 I BatteryMgr:DataCollectionService: stats => 1700729080426,13732,4449,13427,4169000,100
11-23 09:44:40.453  1011  1189 I ASH     : @ 75932.652: tcs3701: stop power rail pending_off timer
11-23 09:44:40.453  1011  1189 D ASH     : @ 75932.652: tcs3701: start power rail timer, state:3
11-23 09:44:40.492  1011  1189 I ASH     : @ 75932.692: tcs3701: stop power rail pending_off timer
11-23 09:44:40.492  1011  1189 D ASH     : @ 75932.692: tcs3701: start power rail timer, state:3
11-23 09:44:40.531  5238  5295 I BatteryMgr:DataCollectionService: stats => 1700729080531,13732,4449,13427,4169000,100
11-23 09:44:40.533  1011  1189 I ASH     : @ 75932.732: tcs3701: stop power rail pending_off timer
11-23 09:44:40.533  1011  1189 D ASH     : @ 75932.732: tcs3701: start power rail timer, state:3
11-23 09:44:40.572  1011  1189 I ASH     : @ 75932.772: tcs3701: stop power rail pending_off timer
11-23 09:44:40.572  1011  1189 D ASH     : @ 75932.772: tcs3701: start power rail timer, state:3
11-23 09:44:40.612  1011  1189 I ASH     : @ 75932.812: tcs3701: stop power rail pending_off timer
11-23 09:44:40.612  1011  1189 D ASH     : @ 75932.812: tcs3701: start power rail timer, state:3
11-23 09:44:40.637  5238  5295 I BatteryMgr:DataCollectionService: stats => 1700729080637,13732,4449,13427,4169000,100
11-23 09:44:40.652  1011  1189 I ASH     : @ 75932.852: tcs3701: stop power rail pending_off timer
11-23 09:44:40.652  1011  1189 D ASH     : @ 75932.852: tcs3701: start power rail timer, state:3
11-23 09:44:40.692  1011  1189 I ASH     : @ 75932.892: tcs3701: stop power rail pending_off timer
11-23 09:44:40.692  1011  1189 D ASH     : @ 75932.892: tcs3701: start power rail timer, state:3
11-23 09:44:40.732  1011  1189 I ASH     : @ 75932.932: tcs3701: stop power rail pending_off timer
11-23 09:44:40.733  1011  1189 D ASH     : @ 75932.932: tcs3701: start power rail timer, state:3
11-23 09:44:40.742  5238  5295 I BatteryMgr:DataCollectionService: stats => 1700729080741,13732,4449,13427,4169000,100
11-23 09:44:40.772  1011  1189 I ASH     : @ 75932.972: tcs3701: stop power rail pending_off timer
11-23 09:44:40.772  1011  1189 D ASH     : @ 75932.972: tcs3701: start power rail timer, state:3
11-23 09:44:40.776  1795  4167 D ActivityManager: freezer override set to true
11-23 09:44:40.781  1795  4167 D ActivityManager: freezer override set to false
11-23 09:44:40.812  1011  1189 I ASH     : @ 75933.012: tcs3701: stop power rail pending_off timer
11-23 09:44:40.812  1011  1189 D ASH     : @ 75933.012: tcs3701: start power rail timer, state:3
11-23 09:44:40.847  5238  5295 I BatteryMgr:DataCollectionService: stats => 1700729080847,13732,4449,13427,4169000,100
11-23 09:44:40.852  1011  1189 I ASH     : @ 75933.052: tcs3701: stop power rail pending_off timer
11-23 09:44:40.852  1011  1189 D ASH     : @ 75933.052: tcs3701: start power rail timer, state:3
11-23 09:44:40.893  1011  1189 I ASH     : @ 75933.092: tcs3701: stop power rail pending_off timer
11-23 09:44:40.893  1011  1189 D ASH     : @ 75933.092: tcs3701: start power rail timer, state:3
11-23 09:44:40.933  1011  1189 I ASH     : @ 75933.132: tcs3701: stop power rail pending_off timer
11-23 09:44:40.933  1011  1189 D ASH     : @ 75933.132: tcs3701: start power rail timer, state:3
11-23 09:44:40.953  5238  5295 I BatteryMgr:DataCollectionService: stats => 1700729080953,13732,4449,13427,4169000,100
11-23 09:44:40.973  1011  1189 I ASH     : @ 75933.172: tcs3701: stop power rail pending_off timer
11-23 09:44:40.973  1011  1189 D ASH     : @ 75933.172: tcs3701: start power rail timer, state:3
11-23 09:44:41.013  2113  2118 I pixel-thermal: skin-therm-monitor: 38.855
11-23 09:44:41.013  1011  1189 I ASH     : @ 75933.212: tcs3701: stop power rail pending_off timer
11-23 09:44:41.013  1011  1189 D ASH     : @ 75933.212: tcs3701: start power rail timer, state:3
11-23 09:44:41.053  1011  1189 I ASH     : @ 75933.252: tcs3701: stop power rail pending_off timer
11-23 09:44:41.053  1011  1189 D ASH     : @ 75933.252: tcs3701: start power rail timer, state:3
11-23 09:44:41.057  5238  5295 I BatteryMgr:DataCollectionService: stats => 1700729081057,13732,4449,13427,4169000,100
11-23 09:44:41.092  1011  1189 I ASH     : @ 75933.292: tcs3701: stop power rail pending_off timer
11-23 09:44:41.092  1011  1189 D ASH     : @ 75933.292: tcs3701: start power rail timer, state:3
11-23 09:44:41.133  1011  1189 I ASH     : @ 75933.332: tcs3701: stop power rail pending_off timer
11-23 09:44:41.133  1011  1189 D ASH     : @ 75933.332: tcs3701: start power rail timer, state:3
11-23 09:44:41.162  5238  5295 I BatteryMgr:DataCollectionService: stats => 1700729081162,13732,4449,13427,4169000,100
11-23 09:44:41.172  1011  1189 I ASH     : @ 75933.372: tcs3701: stop power rail pending_off timer
11-23 09:44:41.172  1011  1189 D ASH     : @ 75933.372: tcs3701: start power rail timer, state:3
11-23 09:44:41.213  1011  1189 I ASH     : @ 75933.412: tcs3701: stop power rail pending_off timer
11-23 09:44:41.213  1011  1189 D ASH     : @ 75933.412: tcs3701: start power rail timer, state:3
11-23 09:44:41.252  1011  1189 I ASH     : @ 75933.452: tcs3701: stop power rail pending_off timer
11-23 09:44:41.252  1011  1189 D ASH     : @ 75933.452: tcs3701: start power rail timer, state:3
11-23 09:44:41.267  5238  5295 I BatteryMgr:DataCollectionService: stats => 1700729081267,13732,4449,13427,4169000,100
11-23 09:44:41.293  1011  1189 I ASH     : @ 75933.492: tcs3701: stop power rail pending_off timer
11-23 09:44:41.293  1011  1189 D ASH     : @ 75933.492: tcs3701: start power rail timer, state:3
11-23 09:44:41.334  1011  1189 I ASH     : @ 75933.532: tcs3701: stop power rail pending_off timer
11-23 09:44:41.334  1011  1189 D ASH     : @ 75933.532: tcs3701: start power rail timer, state:3
11-23 09:44:41.372  1011  1189 I ASH     : @ 75933.572: tcs3701: stop power rail pending_off timer
11-23 09:44:41.372  1011  1189 D ASH     : @ 75933.572: tcs3701: start power rail timer, state:3
11-23 09:44:41.373  5238  5295 I BatteryMgr:DataCollectionService: stats => 1700729081373,13732,4449,13427,4169000,100
11-23 09:44:41.377  1795  4167 D ActivityManager: freezer override set to true
11-23 09:44:41.412  1011  1189 I ASH     : @ 75933.612: tcs3701: stop power rail pending_off timer
11-23 09:44:41.412  1011  1189 D ASH     : @ 75933.612: tcs3701: start power rail timer, state:3
11-23 09:44:41.452  1011  1189 I ASH     : @ 75933.652: tcs3701: stop power rail pending_off timer
11-23 09:44:41.452  1011  1189 D ASH     : @ 75933.652: tcs3701: start power rail timer, state:3
11-23 09:44:41.468 16700 16715 I m.chrome.canary: Explicit concurrent copying GC freed 3592(176KB) AllocSpace objects, 3(60KB) LOS objects, 75% free, 11MB/46MB, paused 33us,22us total 49.126ms
11-23 09:44:41.478  5238  5295 I BatteryMgr:DataCollectionService: stats => 1700729081478,13732,4449,13427,4169000,100
11-23 09:44:41.492  1011  1189 I ASH     : @ 75933.692: tcs3701: stop power rail pending_off timer
11-23 09:44:41.492  1011  1189 D ASH     : @ 75933.692: tcs3701: start power rail timer, state:3
11-23 09:44:41.527  1795  4167 D ActivityManager: freezer override set to false
11-23 09:44:41.532  1011  1189 I ASH     : @ 75933.732: tcs3701: stop power rail pending_off timer
11-23 09:44:41.532  1011  1189 D ASH     : @ 75933.732: tcs3701: start power rail timer, state:3
11-23 09:44:41.566  1795  4167 D ActivityManager: freezer override set to true
11-23 09:44:41.570  1795  4167 D ActivityManager: freezer override set to false
11-23 09:44:41.572  1011  1189 I ASH     : @ 75933.772: tcs3701: stop power rail pending_off timer
11-23 09:44:41.572  1011  1189 D ASH     : @ 75933.772: tcs3701: start power rail timer, state:3
11-23 09:44:41.585  5238  5295 I BatteryMgr:DataCollectionService: stats => 1700729081585,13732,4449,13427,4169000,100
11-23 09:44:41.613  1011  1189 I ASH     : @ 75933.812: tcs3701: stop power rail pending_off timer
11-23 09:44:41.613  1011  1189 D ASH     : @ 75933.812: tcs3701: start power rail timer, state:3
11-23 09:44:41.652  1011  1189 I ASH     : @ 75933.852: tcs3701: stop power rail pending_off timer
11-23 09:44:41.652  1011  1189 D ASH     : @ 75933.852: tcs3701: start power rail timer, state:3
11-23 09:44:41.689  5238  5295 I BatteryMgr:DataCollectionService: stats => 1700729081688,13732,4449,13427,4169000,100
11-23 09:44:41.692  1011  1189 I ASH     : @ 75933.892: tcs3701: stop power rail pending_off timer
11-23 09:44:41.692  1011  1189 D ASH     : @ 75933.892: tcs3701: start power rail timer, state:3
11-23 09:44:41.733  1011  1189 I ASH     : @ 75933.932: tcs3701: stop power rail pending_off timer
11-23 09:44:41.733  1011  1189 D ASH     : @ 75933.932: tcs3701: start power rail timer, state:3
11-23 09:44:41.767  1795  4167 D ActivityManager: freezer override set to true
11-23 09:44:41.772  1011  1189 I ASH     : @ 75933.972: tcs3701: stop power rail pending_off timer
11-23 09:44:41.773  1011  1189 D ASH     : @ 75933.972: tcs3701: start power rail timer, state:3
11-23 09:44:41.775  1795  4167 D ActivityManager: freezer override set to false
11-23 09:44:41.794  5238  5295 I BatteryMgr:DataCollectionService: stats => 1700729081794,13732,4449,13427,4169000,100
11-23 09:44:41.813  1011  1189 I ASH     : @ 75934.012: tcs3701: stop power rail pending_off timer
11-23 09:44:41.813  1011  1189 D ASH     : @ 75934.012: tcs3701: start power rail timer, state:3
11-23 09:44:41.852  1011  1189 I ASH     : @ 75934.052: tcs3701: stop power rail pending_off timer
11-23 09:44:41.852  1011  1189 D ASH     : @ 75934.052: tcs3701: start power rail timer, state:3
11-23 09:44:41.892  1011  1189 I ASH     : @ 75934.092: tcs3701: stop power rail pending_off timer
11-23 09:44:41.892  1011  1189 D ASH     : @ 75934.092: tcs3701: start power rail timer, state:3
11-23 09:44:41.899  5238  5295 I BatteryMgr:DataCollectionService: stats => 1700729081899,13732,4449,13427,4169000,100
11-23 09:44:41.932  1011  1189 I ASH     : @ 75934.132: tcs3701: stop power rail pending_off timer
11-23 09:44:41.932  1011  1189 D ASH     : @ 75934.132: tcs3701: start power rail timer, state:3
11-23 09:44:41.973  1011  1189 I ASH     : @ 75934.172: tcs3701: stop power rail pending_off timer
11-23 09:44:41.973  1011  1189 D ASH     : @ 75934.172: tcs3701: start power rail timer, state:3
11-23 09:44:42.004  5238  5295 I BatteryMgr:DataCollectionService: stats => 1700729082004,13732,4449,13427,4169000,100
11-23 09:44:42.013  1011  1189 I ASH     : @ 75934.212: tcs3701: stop power rail pending_off timer
11-23 09:44:42.013  1011  1189 D ASH     : @ 75934.212: tcs3701: start power rail timer, state:3
11-23 09:44:42.052  1011  1189 I ASH     : @ 75934.252: tcs3701: stop power rail pending_off timer
11-23 09:44:42.052  1011  1189 D ASH     : @ 75934.252: tcs3701: start power rail timer, state:3
11-23 09:44:42.092  1011  1189 I ASH     : @ 75934.292: tcs3701: stop power rail pending_off timer
11-23 09:44:42.092  1011  1189 D ASH     : @ 75934.292: tcs3701: start power rail timer, state:3
11-23 09:44:42.110  5238  5295 I BatteryMgr:DataCollectionService: stats => 1700729082110,13732,4449,13427,4169000,100
11-23 09:44:42.111  1795  2150 I WifiService: getSupportedFeatures uid=1000 returns 1d81defca995fd
11-23 09:44:42.111  1795  2150 I WifiService: getWifiActivityEnergyInfoAsync uid=1000
11-23 09:44:42.123  1795  2150 D KernelCpuUidUserSysTimeReader: Removing uids 90001-90001
11-23 09:44:42.124  1795  2150 D KernelCpuUidUserSysTimeReader: Removing uids 90000-90000
11-23 09:44:42.132  1011  1189 I ASH     : @ 75934.332: tcs3701: stop power rail pending_off timer
11-23 09:44:42.132  1011  1189 D ASH     : @ 75934.332: tcs3701: start power rail timer, state:3
11-23 09:44:42.172  1011  1189 I ASH     : @ 75934.372: tcs3701: stop power rail pending_off timer
11-23 09:44:42.172  1011  1189 D ASH     : @ 75934.372: tcs3701: start power rail timer, state:3
11-23 09:44:42.212  1011  1189 I ASH     : @ 75934.412: tcs3701: stop power rail pending_off timer
11-23 09:44:42.212  1011  1189 D ASH     : @ 75934.412: tcs3701: start power rail timer, state:3
11-23 09:44:42.214  5238  5295 I BatteryMgr:DataCollectionService: stats => 1700729082214,13732,4449,13427,4169000,100
11-23 09:44:42.252  1011  1189 I ASH     : @ 75934.452: tcs3701: stop power rail pending_off timer
11-23 09:44:42.252  1011  1189 D ASH     : @ 75934.452: tcs3701: start power rail timer, state:3
11-23 09:44:42.292  1011  1189 I ASH     : @ 75934.492: tcs3701: stop power rail pending_off timer
11-23 09:44:42.292  1011  1189 D ASH     : @ 75934.492: tcs3701: start power rail timer, state:3
11-23 09:44:42.320  5238  5295 I BatteryMgr:DataCollectionService: stats => 1700729082320,13732,4449,13427,4169000,100
11-23 09:44:42.332  1011  1189 I ASH     : @ 75934.532: tcs3701: stop power rail pending_off timer
11-23 09:44:42.332  1011  1189 D ASH     : @ 75934.532: tcs3701: start power rail timer, state:3
11-23 09:44:42.372  1011  1189 I ASH     : @ 75934.572: tcs3701: stop power rail pending_off timer
11-23 09:44:42.372  1011  1189 D ASH     : @ 75934.572: tcs3701: start power rail timer, state:3
11-23 09:44:42.412  1011  1189 I ASH     : @ 75934.612: tcs3701: stop power rail pending_off timer
11-23 09:44:42.412  1011  1189 D ASH     : @ 75934.612: tcs3701: start power rail timer, state:3
11-23 09:44:42.425  5238  5295 I BatteryMgr:DataCollectionService: stats => 1700729082425,13732,4449,13427,4169000,100
11-23 09:44:42.452  1011  1189 I ASH     : @ 75934.652: tcs3701: stop power rail pending_off timer
11-23 09:44:42.452  1011  1189 D ASH     : @ 75934.652: tcs3701: start power rail timer, state:3
11-23 09:44:42.493  1011  1189 I ASH     : @ 75934.692: tcs3701: stop power rail pending_off timer
11-23 09:44:42.493  1011  1189 D ASH     : @ 75934.692: tcs3701: start power rail timer, state:3
11-23 09:44:42.530  5238  5295 I BatteryMgr:DataCollectionService: stats => 1700729082530,13732,4449,13427,4169000,100
11-23 09:44:42.532  1011  1189 I ASH     : @ 75934.732: tcs3701: stop power rail pending_off timer
11-23 09:44:42.533  1011  1189 D ASH     : @ 75934.732: tcs3701: start power rail timer, state:3
11-23 09:44:42.572  1011  1189 I ASH     : @ 75934.772: tcs3701: stop power rail pending_off timer
11-23 09:44:42.572  1011  1189 D ASH     : @ 75934.772: tcs3701: start power rail timer, state:3
11-23 09:44:42.614  1011  1189 I ASH     : @ 75934.812: tcs3701: stop power rail pending_off timer
11-23 09:44:42.614  1011  1189 D ASH     : @ 75934.812: tcs3701: start power rail timer, state:3
11-23 09:44:42.633  1795  2424 D WifiClientModeImpl[13802:wlan0]: updateLinkLayerStatsRssiSpeedFrequencyCapabilities rssi=-50 TxLinkspeed=780 freq=5240 RxLinkSpeed=6
11-23 09:44:42.635  1795  2424 D WifiDataStall: tx tput in kbps: 680214
11-23 09:44:42.635  1795  2424 D WifiDataStall: rx tput in kbps: 794960
11-23 09:44:42.635  1795  2424 V WifiConfigManager: Updating scan detail cache freq=5240 BSSID=f4:6d:2f:12:cc:88 RSSI=-49 for "ourhome"WPA_PSK
11-23 09:44:42.635  1795  2424 D WifiChannelUtilization:  freq: 5240 onTime: 1964186 busyTime: 166787 onTimeDiff: 1963891 busyTimeDiff: 166770 utilization: 21 utilization t0: 21
11-23 09:44:42.635  1795  2424 D WifiDataStall:  ccaLevel = 21
11-23 09:44:42.635  1795  2424 D WifiDataStall: L2 txTputKbps: 680214, rxTputKbps: 794960, L3 txTputKbps: 0, rxTputKbps: 0, TxTrafficHigh: false, RxTrafficHigh: false, Throughput Sufficient: true
11-23 09:44:42.635  1795  2424 D WifiScoreReport: Wifi scoring disabled - Don't check IP layer
11-23 09:44:42.636  1795  2424 D WifiScoreCard: BSSID update SIGNAL_POLL ID: 1320464697 SSID: "ourhome", BSSID: f4:6d:2f:12:cc:88, MAC: b2:2f:ec:da:4a:0c, IP: /192.168.1.104, Security type: 2, Supplicant state: COMPLETED, Wi-Fi standard: 5, RSSI: -50, Link speed: 780Mbps, Tx Link speed: 780Mbps, Max Supported Tx Link speed: 866Mbps, Rx Link speed: 6Mbps, Max Supported Rx Link speed: 866Mbps, Frequency: 5240MHz, Net ID: 12, Metered hint: false, score: 60, isUsable: true, CarrierMerged: false, SubscriptionId: -1, IsPrimary: 1, Trusted: true, Restricted: false, Ephemeral: false, OEM paid: false, OEM private: false, OSU AP: false, FQDN: <none>, Provider friendly name: <none>, Requesting package name: <none>"ourhome"wpa2-pskMLO Information: , Is TID-To-Link negotiation supported by the AP: false, AP MLD Address: <none>, AP MLO Link Id: <none>, AP MLO Affiliated links: <none>
11-23 09:44:42.636  1795  2424 D WifiScoreCard: txRate: 1 txSpeed: 780
11-23 09:44:42.636  3213  8092 V WifiManager: OnWifiUsabilityStatsListener: onWifiUsabilityStats: seqNum=25124
11-23 09:44:42.636  1795  2424 D WifiScoreCard: network update SIGNAL_POLL "ourhome" ID: 1499892569 RSSI -50 txSpeed -1
11-23 09:44:42.636  1795  2424 D WifiClientModeImpl[13802:wlan0]:  ClientModeImpl$L2ConnectedState screen=on 7 0 "ourhome" f4:6d:2f:12:cc:88 rssi=-50 f=5240 sc=60 link=780 tx=0.0, 0.0, 0.0 rx=0.0 bcn=722818 [on:0 tx:0 rx:0 period:3015] from screen [on:143649 period:3549643] score=60
11-23 09:44:42.636  1795  3659 I WifiService: updateWifiUsabilityScore uid=10180 seqNum=25124 score=100 predictionHorizonSec=1441795
11-23 09:44:42.637  2782  5906 D QCNEJ/WlanStaInfoRelay: Received action: android.net.wifi.RSSI_CHANGED
11-23 09:44:42.637  5238  5295 I BatteryMgr:DataCollectionService: stats => 1700729082637,13732,4449,13427,4169000,100
11-23 09:44:42.652  1011  1189 I ASH     : @ 75934.852: tcs3701: stop power rail pending_off timer
11-23 09:44:42.652  1011  1189 D ASH     : @ 75934.852: tcs3701: start power rail timer, state:3
11-23 09:44:42.658  1795  2424 D WifiScoreReport: Wifi scoring disabled - Notify that Wifi is usable
11-23 09:44:42.660  1795  2432 D ConnectivityService: NetReassign [no changes] [c 1] [a 0] [i 2]
11-23 09:44:42.693  1011  1189 I ASH     : @ 75934.892: tcs3701: stop power rail pending_off timer
11-23 09:44:42.693  1011  1189 D ASH     : @ 75934.892: tcs3701: start power rail timer, state:3
11-23 09:44:42.732  1011  1189 I ASH     : @ 75934.932: tcs3701: stop power rail pending_off timer
11-23 09:44:42.732  1011  1189 D ASH     : @ 75934.932: tcs3701: start power rail timer, state:3
11-23 09:44:42.737  1795  3659 D ActivityManager: freezer override set to true
11-23 09:44:42.743  5238  5295 I BatteryMgr:DataCollectionService: stats => 1700729082743,13732,4449,13427,4169000,100
11-23 09:44:42.773  1011  1189 I ASH     : @ 75934.972: tcs3701: stop power rail pending_off timer
11-23 09:44:42.773  1011  1189 D ASH     : @ 75934.972: tcs3701: start power rail timer, state:3
11-23 09:44:42.812  1011  1189 I ASH     : @ 75935.012: tcs3701: stop power rail pending_off timer
11-23 09:44:42.813  1011  1189 D ASH     : @ 75935.012: tcs3701: start power rail timer, state:3
11-23 09:44:42.847  5238  5295 I BatteryMgr:DataCollectionService: stats => 1700729082847,13732,4449,13427,4169000,100
11-23 09:44:42.853  1011  1189 I ASH     : @ 75935.052: tcs3701: stop power rail pending_off timer
11-23 09:44:42.853  1011  1189 D ASH     : @ 75935.052: tcs3701: start power rail timer, state:3
11-23 09:44:42.891 16700 16715 I m.chrome.canary: Explicit concurrent copying GC freed 3805(191KB) AllocSpace objects, 4(80KB) LOS objects, 75% free, 11MB/46MB, paused 96us,28us total 60.581ms
11-23 09:44:42.893  1011  1189 I ASH     : @ 75935.092: tcs3701: stop power rail pending_off timer
11-23 09:44:42.893  1011  1189 D ASH     : @ 75935.092: tcs3701: start power rail timer, state:3
11-23 09:44:42.933  1011  1189 I ASH     : @ 75935.132: tcs3701: stop power rail pending_off timer
11-23 09:44:42.933  1011  1189 D ASH     : @ 75935.132: tcs3701: start power rail timer, state:3
11-23 09:44:42.953  1795  3659 D ActivityManager: freezer override set to false
11-23 09:44:42.955  5238  5295 I BatteryMgr:DataCollectionService: stats => 1700729082955,13732,4449,13427,4169000,100
11-23 09:44:42.972  1011  1189 I ASH     : @ 75935.172: tcs3701: stop power rail pending_off timer
11-23 09:44:42.972  1011  1189 D ASH     : @ 75935.172: tcs3701: start power rail timer, state:3
11-23 09:44:43.003  1795  3613 D ActivityManager: freezer override set to true
11-23 09:44:43.008  1795  3613 D ActivityManager: freezer override set to false
11-23 09:44:43.013  1011  1189 I ASH     : @ 75935.212: tcs3701: stop power rail pending_off timer
11-23 09:44:43.013  1011  1189 D ASH     : @ 75935.212: tcs3701: start power rail timer, state:3
11-23 09:44:43.053  1011  1189 I ASH     : @ 75935.252: tcs3701: stop power rail pending_off timer
11-23 09:44:43.053  1011  1189 D ASH     : @ 75935.252: tcs3701: start power rail timer, state:3
11-23 09:44:43.059  5238  5295 I BatteryMgr:DataCollectionService: stats => 1700729083059,13732,4449,13427,4169000,100
11-23 09:44:43.093  1011  1189 I ASH     : @ 75935.292: tcs3701: stop power rail pending_off timer
11-23 09:44:43.093  1011  1189 D ASH     : @ 75935.292: tcs3701: start power rail timer, state:3
11-23 09:44:43.132  1011  1189 I ASH     : @ 75935.332: tcs3701: stop power rail pending_off timer
11-23 09:44:43.132  1011  1189 D ASH     : @ 75935.332: tcs3701: start power rail timer, state:3
11-23 09:44:43.164  5238  5295 I BatteryMgr:DataCollectionService: stats => 1700729083164,13732,4449,13427,4169000,100
11-23 09:44:43.172  1011  1189 I ASH     : @ 75935.372: tcs3701: stop power rail pending_off timer
11-23 09:44:43.172  1011  1189 D ASH     : @ 75935.372: tcs3701: start power rail timer, state:3
11-23 09:44:43.212  1011  1189 I ASH     : @ 75935.412: tcs3701: stop power rail pending_off timer
11-23 09:44:43.212  1011  1189 D ASH     : @ 75935.412: tcs3701: start power rail timer, state:3
11-23 09:44:43.252  1011  1189 I ASH     : @ 75935.452: tcs3701: stop power rail pending_off timer
11-23 09:44:43.252  1011  1189 D ASH     : @ 75935.452: tcs3701: start power rail timer, state:3
11-23 09:44:43.269  5238  5295 I BatteryMgr:DataCollectionService: stats => 1700729083269,13732,4449,13427,4169000,100
11-23 09:44:43.292  1011  1189 I ASH     : @ 75935.492: tcs3701: stop power rail pending_off timer
11-23 09:44:43.292  1011  1189 D ASH     : @ 75935.492: tcs3701: start power rail timer, state:3
11-23 09:44:43.332  1011  1189 I ASH     : @ 75935.532: tcs3701: stop power rail pending_off timer
11-23 09:44:43.333  1011  1189 D ASH     : @ 75935.532: tcs3701: start power rail timer, state:3
11-23 09:44:43.373  1011  1189 I ASH     : @ 75935.572: tcs3701: stop power rail pending_off timer
11-23 09:44:43.373  1011  1189 D ASH     : @ 75935.572: tcs3701: start power rail timer, state:3
11-23 09:44:43.375  5238  5295 I BatteryMgr:DataCollectionService: stats => 1700729083375,13732,4449,13427,4169000,100
11-23 09:44:43.413  1011  1189 I ASH     : @ 75935.612: tcs3701: stop power rail pending_off timer
11-23 09:44:43.413  1011  1189 D ASH     : @ 75935.612: tcs3701: start power rail timer, state:3
11-23 09:44:43.452  1011  1189 I ASH     : @ 75935.652: tcs3701: stop power rail pending_off timer
11-23 09:44:43.452  1011  1189 D ASH     : @ 75935.652: tcs3701: start power rail timer, state:3
11-23 09:44:43.480  5238  5295 I BatteryMgr:DataCollectionService: stats => 1700729083480,13732,4449,13427,4169000,100
11-23 09:44:43.493  1011  1189 I ASH     : @ 75935.692: tcs3701: stop power rail pending_off timer
11-23 09:44:43.493  1011  1189 D ASH     : @ 75935.692: tcs3701: start power rail timer, state:3
11-23 09:44:43.532  1011  1189 I ASH     : @ 75935.732: tcs3701: stop power rail pending_off timer
11-23 09:44:43.532  1011  1189 D ASH     : @ 75935.732: tcs3701: start power rail timer, state:3
11-23 09:44:43.572  1011  1189 I ASH     : @ 75935.772: tcs3701: stop power rail pending_off timer
11-23 09:44:43.572  1011  1189 D ASH     : @ 75935.772: tcs3701: start power rail timer, state:3
11-23 09:44:43.584  5238  5295 I BatteryMgr:DataCollectionService: stats => 1700729083584,13732,4449,13427,4169000,100
11-23 09:44:43.612  1011  1189 I ASH     : @ 75935.812: tcs3701: stop power rail pending_off timer
11-23 09:44:43.612  1011  1189 D ASH     : @ 75935.812: tcs3701: start power rail timer, state:3
11-23 09:44:43.652  1011  1189 I ASH     : @ 75935.852: tcs3701: stop power rail pending_off timer
11-23 09:44:43.652  1011  1189 D ASH     : @ 75935.852: tcs3701: start power rail timer, state:3
11-23 09:44:43.690  5238  5295 I BatteryMgr:DataCollectionService: stats => 1700729083690,13732,4449,13427,4169000,100
11-23 09:44:43.692  1011  1189 I ASH     : @ 75935.892: tcs3701: stop power rail pending_off timer
11-23 09:44:43.692  1011  1189 D ASH     : @ 75935.892: tcs3701: start power rail timer, state:3
11-23 09:44:43.732  1011  1189 I ASH     : @ 75935.932: tcs3701: stop power rail pending_off timer
11-23 09:44:43.732  1011  1189 D ASH     : @ 75935.932: tcs3701: start power rail timer, state:3
11-23 09:44:43.771  1795  3659 D ActivityManager: freezer override set to true
11-23 09:44:43.773  1011  1189 I ASH     : @ 75935.972: tcs3701: stop power rail pending_off timer
11-23 09:44:43.773  1011  1189 D ASH     : @ 75935.972: tcs3701: start power rail timer, state:3
11-23 09:44:43.776  1795  3659 D ActivityManager: freezer override set to false
11-23 09:44:43.794  5238  5295 I BatteryMgr:DataCollectionService: stats => 1700729083794,13732,4449,13427,4169000,100
11-23 09:44:43.812  1011  1189 I ASH     : @ 75936.012: tcs3701: stop power rail pending_off timer
11-23 09:44:43.812  1011  1189 D ASH     : @ 75936.012: tcs3701: start power rail timer, state:3
11-23 09:44:43.852  1011  1189 I ASH     : @ 75936.052: tcs3701: stop power rail pending_off timer
11-23 09:44:43.852  1011  1189 D ASH     : @ 75936.052: tcs3701: start power rail timer, state:3
11-23 09:44:43.893  1011  1189 I ASH     : @ 75936.092: tcs3701: stop power rail pending_off timer
11-23 09:44:43.893  1011  1189 D ASH     : @ 75936.092: tcs3701: start power rail timer, state:3
11-23 09:44:43.900  5238  5295 I BatteryMgr:DataCollectionService: stats => 1700729083900,13732,4449,13427,4169000,100
11-23 09:44:43.932  1011  1189 I ASH     : @ 75936.132: tcs3701: stop power rail pending_off timer
11-23 09:44:43.932  1011  1189 D ASH     : @ 75936.132: tcs3701: start power rail timer, state:3
11-23 09:44:43.973  1011  1189 I ASH     : @ 75936.172: tcs3701: stop power rail pending_off timer
11-23 09:44:43.973  1011  1189 D ASH     : @ 75936.172: tcs3701: start power rail timer, state:3
11-23 09:44:44.004  5238  5295 I BatteryMgr:DataCollectionService: stats => 1700729084004,13732,4449,13427,4169000,100
11-23 09:44:44.012  1011  1189 I ASH     : @ 75936.212: tcs3701: stop power rail pending_off timer
11-23 09:44:44.012  1011  1189 D ASH     : @ 75936.212: tcs3701: start power rail timer, state:3
11-23 09:44:44.053  1011  1189 I ASH     : @ 75936.252: tcs3701: stop power rail pending_off timer
11-23 09:44:44.053  1011  1189 D ASH     : @ 75936.252: tcs3701: start power rail timer, state:3
11-23 09:44:44.093  1011  1189 I ASH     : @ 75936.292: tcs3701: stop power rail pending_off timer
11-23 09:44:44.093  1011  1189 D ASH     : @ 75936.292: tcs3701: start power rail timer, state:3
11-23 09:44:44.113  5238  5295 I BatteryMgr:DataCollectionService: stats => 1700729084112,13732,4449,13427,4169000,100
11-23 09:44:44.114  2113  2118 I pixel-thermal: skin-therm-monitor: 38.886
11-23 09:44:44.132  1011  1189 I ASH     : @ 75936.332: tcs3701: stop power rail pending_off timer
11-23 09:44:44.132  1011  1189 D ASH     : @ 75936.332: tcs3701: start power rail timer, state:3
11-23 09:44:44.173  1011  1189 I ASH     : @ 75936.372: tcs3701: stop power rail pending_off timer
11-23 09:44:44.173  1011  1189 D ASH     : @ 75936.372: tcs3701: start power rail timer, state:3
11-23 09:44:44.183  1795  3659 D ActivityManager: freezer override set to true
11-23 09:44:44.212  1011  1189 I ASH     : @ 75936.412: tcs3701: stop power rail pending_off timer
11-23 09:44:44.212  1011  1189 D ASH     : @ 75936.412: tcs3701: start power rail timer, state:3
11-23 09:44:44.217  5238  5295 I BatteryMgr:DataCollectionService: stats => 1700729084217,13732,4449,13427,4169000,100
11-23 09:44:44.252  1011  1189 I ASH     : @ 75936.452: tcs3701: stop power rail pending_off timer
11-23 09:44:44.252  1011  1189 D ASH     : @ 75936.452: tcs3701: start power rail timer, state:3
11-23 09:44:44.271 16700 16715 I m.chrome.canary: Explicit concurrent copying GC freed 3591(176KB) AllocSpace objects, 3(60KB) LOS objects, 75% free, 11MB/46MB, paused 43us,23us total 48.679ms
11-23 09:44:44.293  1011  1189 I ASH     : @ 75936.492: tcs3701: stop power rail pending_off timer
11-23 09:44:44.293  1011  1189 D ASH     : @ 75936.492: tcs3701: start power rail timer, state:3
11-23 09:44:44.322  5238  5295 I BatteryMgr:DataCollectionService: stats => 1700729084322,13732,4449,13427,4169000,100
11-23 09:44:44.332  1011  1189 I ASH     : @ 75936.532: tcs3701: stop power rail pending_off timer
11-23 09:44:44.332  1011  1189 D ASH     : @ 75936.532: tcs3701: start power rail timer, state:3
11-23 09:44:44.334  1795  3659 D ActivityManager: freezer override set to false
11-23 09:44:44.372  1011  1189 I ASH     : @ 75936.572: tcs3701: stop power rail pending_off timer
11-23 09:44:44.372  1011  1189 D ASH     : @ 75936.572: tcs3701: start power rail timer, state:3
11-23 09:44:44.378  1795  3659 D ActivityManager: freezer override set to true
11-23 09:44:44.381  1795  3659 D ActivityManager: freezer override set to false
11-23 09:44:44.413  1011  1189 I ASH     : @ 75936.612: tcs3701: stop power rail pending_off timer
11-23 09:44:44.413  1011  1189 D ASH     : @ 75936.612: tcs3701: start power rail timer, state:3
11-23 09:44:44.427  5238  5295 I BatteryMgr:DataCollectionService: stats => 1700729084426,13732,4449,13427,4169000,100
11-23 09:44:44.452  1011  1189 I ASH     : @ 75936.652: tcs3701: stop power rail pending_off timer
11-23 09:44:44.452  1011  1189 D ASH     : @ 75936.652: tcs3701: start power rail timer, state:3
11-23 09:44:44.492  1011  1189 I ASH     : @ 75936.692: tcs3701: stop power rail pending_off timer
11-23 09:44:44.492  1011  1189 D ASH     : @ 75936.692: tcs3701: start power rail timer, state:3
11-23 09:44:44.532  1011  1189 I ASH     : @ 75936.732: tcs3701: stop power rail pending_off timer
11-23 09:44:44.532  5238  5295 I BatteryMgr:DataCollectionService: stats => 1700729084532,13732,4449,13427,4169000,100
11-23 09:44:44.532  1011  1189 D ASH     : @ 75936.732: tcs3701: start power rail timer, state:3
11-23 09:44:44.573  1011  1189 I ASH     : @ 75936.772: tcs3701: stop power rail pending_off timer
11-23 09:44:44.573  1011  1189 D ASH     : @ 75936.772: tcs3701: start power rail timer, state:3
11-23 09:44:44.612  1011  1189 I ASH     : @ 75936.812: tcs3701: stop power rail pending_off timer
11-23 09:44:44.612  1011  1189 D ASH     : @ 75936.812: tcs3701: start power rail timer, state:3
11-23 09:44:44.637  5238  5295 I BatteryMgr:DataCollectionService: stats => 1700729084637,13732,4449,13427,4169000,100
11-23 09:44:44.653  1011  1189 I ASH     : @ 75936.852: tcs3701: stop power rail pending_off timer
11-23 09:44:44.653  1011  1189 D ASH     : @ 75936.852: tcs3701: start power rail timer, state:3
11-23 09:44:44.692  1011  1189 I ASH     : @ 75936.892: tcs3701: stop power rail pending_off timer
11-23 09:44:44.692  1011  1189 D ASH     : @ 75936.892: tcs3701: start power rail timer, state:3
11-23 09:44:44.732  1011  1189 I ASH     : @ 75936.932: tcs3701: stop power rail pending_off timer
11-23 09:44:44.732  1011  1189 D ASH     : @ 75936.932: tcs3701: start power rail timer, state:3
11-23 09:44:44.741  5238  5295 I BatteryMgr:DataCollectionService: stats => 1700729084741,13732,4449,13427,4169000,100
11-23 09:44:44.771  1795  3659 D ActivityManager: freezer override set to true
11-23 09:44:44.772  1011  1189 I ASH     : @ 75936.972: tcs3701: stop power rail pending_off timer
11-23 09:44:44.772  1011  1189 D ASH     : @ 75936.972: tcs3701: start power rail timer, state:3
11-23 09:44:44.776  1795  3659 D ActivityManager: freezer override set to false
11-23 09:44:44.812  1011  1189 I ASH     : @ 75937.012: tcs3701: stop power rail pending_off timer
11-23 09:44:44.812  1011  1189 D ASH     : @ 75937.012: tcs3701: start power rail timer, state:3
11-23 09:44:44.848  5238  5295 I BatteryMgr:DataCollectionService: stats => 1700729084847,13732,4449,13427,4169000,100
11-23 09:44:44.852  1011  1189 I ASH     : @ 75937.052: tcs3701: stop power rail pending_off timer
11-23 09:44:44.853  1011  1189 D ASH     : @ 75937.052: tcs3701: start power rail timer, state:3
11-23 09:44:44.892  1011  1189 I ASH     : @ 75937.092: tcs3701: stop power rail pending_off timer
11-23 09:44:44.892  1011  1189 D ASH     : @ 75937.092: tcs3701: start power rail timer, state:3
11-23 09:44:44.932  1011  1189 I ASH     : @ 75937.132: tcs3701: stop power rail pending_off timer
11-23 09:44:44.932  1011  1189 D ASH     : @ 75937.132: tcs3701: start power rail timer, state:3
11-23 09:44:44.951  5238  5295 I BatteryMgr:DataCollectionService: stats => 1700729084951,13732,4449,13427,4169000,100
11-23 09:44:44.973  1011  1189 I ASH     : @ 75937.172: tcs3701: stop power rail pending_off timer
11-23 09:44:44.973  1011  1189 D ASH     : @ 75937.172: tcs3701: start power rail timer, state:3
11-23 09:44:45.012  1011  1189 I ASH     : @ 75937.212: tcs3701: stop power rail pending_off timer
11-23 09:44:45.012  1011  1189 D ASH     : @ 75937.212: tcs3701: start power rail timer, state:3
11-23 09:44:45.053  1011  1189 I ASH     : @ 75937.252: tcs3701: stop power rail pending_off timer
11-23 09:44:45.053  1011  1189 D ASH     : @ 75937.252: tcs3701: start power rail timer, state:3
11-23 09:44:45.056  5238  5295 I BatteryMgr:DataCollectionService: stats => 1700729085056,13732,4449,13427,4169000,100
11-23 09:44:45.092  1011  1189 I ASH     : @ 75937.292: tcs3701: stop power rail pending_off timer
11-23 09:44:45.092  1011  1189 D ASH     : @ 75937.292: tcs3701: start power rail timer, state:3
11-23 09:44:45.132  1011  1189 I ASH     : @ 75937.332: tcs3701: stop power rail pending_off timer
11-23 09:44:45.132  1011  1189 D ASH     : @ 75937.332: tcs3701: start power rail timer, state:3
11-23 09:44:45.161  5238  5295 I BatteryMgr:DataCollectionService: stats => 1700729085161,13732,4449,13427,4169000,100
11-23 09:44:45.173  1011  1189 I ASH     : @ 75937.372: tcs3701: stop power rail pending_off timer
11-23 09:44:45.173  1011  1189 D ASH     : @ 75937.372: tcs3701: start power rail timer, state:3
11-23 09:44:45.212  1011  1189 I ASH     : @ 75937.412: tcs3701: stop power rail pending_off timer
11-23 09:44:45.212  1011  1189 D ASH     : @ 75937.412: tcs3701: start power rail timer, state:3
11-23 09:44:45.252  1011  1189 I ASH     : @ 75937.452: tcs3701: stop power rail pending_off timer
11-23 09:44:45.252  1011  1189 D ASH     : @ 75937.452: tcs3701: start power rail timer, state:3
11-23 09:44:45.265  5238  5295 I BatteryMgr:DataCollectionService: stats => 1700729085265,13732,4449,13427,4169000,100
11-23 09:44:45.292  1011  1189 I ASH     : @ 75937.492: tcs3701: stop power rail pending_off timer
11-23 09:44:45.292  1011  1189 D ASH     : @ 75937.492: tcs3701: start power rail timer, state:3
11-23 09:44:45.332  1011  1189 I ASH     : @ 75937.532: tcs3701: stop power rail pending_off timer
11-23 09:44:45.332  1011  1189 D ASH     : @ 75937.532: tcs3701: start power rail timer, state:3
11-23 09:44:45.372  5238  5295 I BatteryMgr:DataCollectionService: stats => 1700729085371,13732,4449,13427,4169000,100
11-23 09:44:45.372  1011  1189 I ASH     : @ 75937.572: tcs3701: stop power rail pending_off timer
11-23 09:44:45.372  1011  1189 D ASH     : @ 75937.572: tcs3701: start power rail timer, state:3
11-23 09:44:45.412  1011  1189 I ASH     : @ 75937.612: tcs3701: stop power rail pending_off timer
11-23 09:44:45.412  1011  1189 D ASH     : @ 75937.612: tcs3701: start power rail timer, state:3
11-23 09:44:45.453  1011  1189 I ASH     : @ 75937.652: tcs3701: stop power rail pending_off timer
11-23 09:44:45.453  1011  1189 D ASH     : @ 75937.652: tcs3701: start power rail timer, state:3
11-23 09:44:45.476  5238  5295 I BatteryMgr:DataCollectionService: stats => 1700729085476,13732,4449,13427,4169000,100
11-23 09:44:45.492  1011  1189 I ASH     : @ 75937.692: tcs3701: stop power rail pending_off timer
11-23 09:44:45.492  1011  1189 D ASH     : @ 75937.692: tcs3701: start power rail timer, state:3
11-23 09:44:45.532  1011  1189 I ASH     : @ 75937.732: tcs3701: stop power rail pending_off timer
11-23 09:44:45.532  1011  1189 D ASH     : @ 75937.732: tcs3701: start power rail timer, state:3
11-23 09:44:45.536  1795  3659 D ActivityManager: freezer override set to true
11-23 09:44:45.572  1011  1189 I ASH     : @ 75937.772: tcs3701: stop power rail pending_off timer
11-23 09:44:45.572  1011  1189 D ASH     : @ 75937.772: tcs3701: start power rail timer, state:3
11-23 09:44:45.583  5238  5295 I BatteryMgr:DataCollectionService: stats => 1700729085583,13732,4449,13427,4169000,100
11-23 09:44:45.612  1011  1189 I ASH     : @ 75937.812: tcs3701: stop power rail pending_off timer
11-23 09:44:45.612  1011  1189 D ASH     : @ 75937.812: tcs3701: start power rail timer, state:3
11-23 09:44:45.627 16700 16715 I m.chrome.canary: Explicit concurrent copying GC freed 3572(176KB) AllocSpace objects, 3(60KB) LOS objects, 75% free, 11MB/46MB, paused 34us,61us total 51.082ms
11-23 09:44:45.628 11364 11364 I EuiccGoogle: [2] EuiccServiceImpl.onDestroy: onDestroy: EuiccService on destroy.
11-23 09:44:45.649  1795  2424 D WifiClientModeImpl[13802:wlan0]: updateLinkLayerStatsRssiSpeedFrequencyCapabilities rssi=-49 TxLinkspeed=780 freq=5240 RxLinkSpeed=6
11-23 09:44:45.650  1795  2424 D WifiDataStall: tx tput in kbps: 680214
11-23 09:44:45.650  1795  2424 D WifiDataStall: rx tput in kbps: 794960
11-23 09:44:45.650  1795  2424 V WifiConfigManager: Updating scan detail cache freq=5240 BSSID=f4:6d:2f:12:cc:88 RSSI=-49 for "ourhome"WPA_PSK
11-23 09:44:45.650  1795  2424 D WifiChannelUtilization:  freq: 5240 onTime: 1964186 busyTime: 166787 onTimeDiff: 1963891 busyTimeDiff: 166770 utilization: 21 utilization t0: 21
11-23 09:44:45.650  1795  2424 D WifiDataStall:  ccaLevel = 21
11-23 09:44:45.650  1795  2424 D WifiDataStall: L2 txTputKbps: 680214, rxTputKbps: 794960, L3 txTputKbps: 0, rxTputKbps: 0, TxTrafficHigh: false, RxTrafficHigh: false, Throughput Sufficient: true
11-23 09:44:45.650  1795  2424 D WifiScoreReport: Wifi scoring disabled - Don't check IP layer
11-23 09:44:45.650  3213  8092 V WifiManager: OnWifiUsabilityStatsListener: onWifiUsabilityStats: seqNum=25125
11-23 09:44:45.651  2782  5906 D QCNEJ/WlanStaInfoRelay: Received action: android.net.wifi.RSSI_CHANGED
11-23 09:44:45.651  1795  2424 D WifiScoreCard: BSSID update SIGNAL_POLL ID: 1320464697 SSID: "ourhome", BSSID: f4:6d:2f:12:cc:88, MAC: b2:2f:ec:da:4a:0c, IP: /192.168.1.104, Security type: 2, Supplicant state: COMPLETED, Wi-Fi standard: 5, RSSI: -49, Link speed: 780Mbps, Tx Link speed: 780Mbps, Max Supported Tx Link speed: 866Mbps, Rx Link speed: 6Mbps, Max Supported Rx Link speed: 866Mbps, Frequency: 5240MHz, Net ID: 12, Metered hint: false, score: 60, isUsable: true, CarrierMerged: false, SubscriptionId: -1, IsPrimary: 1, Trusted: true, Restricted: false, Ephemeral: false, OEM paid: false, OEM private: false, OSU AP: false, FQDN: <none>, Provider friendly name: <none>, Requesting package name: <none>"ourhome"wpa2-pskMLO Information: , Is TID-To-Link negotiation supported by the AP: false, AP MLD Address: <none>, AP MLO Link Id: <none>, AP MLO Affiliated links: <none>
11-23 09:44:45.651  1795  2424 D WifiScoreCard: txRate: 1 txSpeed: 780
11-23 09:44:45.651  1795  2424 D WifiScoreCard: network update SIGNAL_POLL "ourhome" ID: 1499892569 RSSI -49 txSpeed -1
11-23 09:44:45.651  1795  2424 D WifiClientModeImpl[13802:wlan0]:  ClientModeImpl$L2ConnectedState screen=on 7 0 "ourhome" f4:6d:2f:12:cc:88 rssi=-49 f=5240 sc=60 link=780 tx=0.0, 0.0, 0.0 rx=0.0 bcn=722847 [on:0 tx:0 rx:0 period:3015] from screen [on:143649 period:3552658] score=60
11-23 09:44:45.651  1795  4167 I WifiService: updateWifiUsabilityScore uid=10180 seqNum=25125 score=100 predictionHorizonSec=1441795
11-23 09:44:45.652  1795  2424 D WifiScoreReport: Wifi scoring disabled - Notify that Wifi is usable
11-23 09:44:45.652  1011  1189 I ASH     : @ 75937.852: tcs3701: stop power rail pending_off timer
11-23 09:44:45.652  1011  1189 D ASH     : @ 75937.852: tcs3701: start power rail timer, state:3
11-23 09:44:45.654  1795  2432 D ConnectivityService: NetReassign [no changes] [c 0] [a 0] [i 2]
11-23 09:44:45.689  5238  5295 I BatteryMgr:DataCollectionService: stats => 1700729085689,13732,4449,13427,4169000,100
11-23 09:44:45.691  1795  3659 D ActivityManager: freezer override set to false
11-23 09:44:45.692  1011  1189 I ASH     : @ 75937.892: tcs3701: stop power rail pending_off timer
11-23 09:44:45.692  1011  1189 D ASH     : @ 75937.892: tcs3701: start power rail timer, state:3
11-23 09:44:45.729  1795  3659 D ActivityManager: freezer override set to true
11-23 09:44:45.732  1795  3659 D ActivityManager: freezer override set to false
11-23 09:44:45.732  1011  1189 I ASH     : @ 75937.932: tcs3701: stop power rail pending_off timer
11-23 09:44:45.732  1011  1189 D ASH     : @ 75937.932: tcs3701: start power rail timer, state:3
11-23 09:44:45.772  1011  1189 I ASH     : @ 75937.972: tcs3701: stop power rail pending_off timer
11-23 09:44:45.772  1011  1189 D ASH     : @ 75937.972: tcs3701: start power rail timer, state:3
11-23 09:44:45.789  1795  3659 D ActivityManager: freezer override set to true
11-23 09:44:45.794  1795  3659 D ActivityManager: freezer override set to false
11-23 09:44:45.796  5238  5295 I BatteryMgr:DataCollectionService: stats => 1700729085796,13732,4449,13427,4169000,100
11-23 09:44:45.812  1011  1189 I ASH     : @ 75938.012: tcs3701: stop power rail pending_off timer
11-23 09:44:45.814  1011  1189 D ASH     : @ 75938.012: tcs3701: start power rail timer, state:3
11-23 09:44:45.852  1011  1189 I ASH     : @ 75938.052: tcs3701: stop power rail pending_off timer
11-23 09:44:45.852  1011  1189 D ASH     : @ 75938.052: tcs3701: start power rail timer, state:3
11-23 09:44:45.892  1011  1189 I ASH     : @ 75938.092: tcs3701: stop power rail pending_off timer
11-23 09:44:45.892  1011  1189 D ASH     : @ 75938.092: tcs3701: start power rail timer, state:3
11-23 09:44:45.901  5238  5295 I BatteryMgr:DataCollectionService: stats => 1700729085901,13732,4449,13427,4169000,100
11-23 09:44:45.933  1011  1189 I ASH     : @ 75938.132: tcs3701: stop power rail pending_off timer
11-23 09:44:45.933  1011  1189 D ASH     : @ 75938.132: tcs3701: start power rail timer, state:3
11-23 09:44:45.972  1011  1189 I ASH     : @ 75938.172: tcs3701: stop power rail pending_off timer
11-23 09:44:45.972  1011  1189 D ASH     : @ 75938.172: tcs3701: start power rail timer, state:3
