--------- beginning of main
11-24 18:52:51.980  1011  1189 I ASH     : @ 195224.167: tcs3701: stop power rail pending_off timer
11-24 18:52:51.980  1011  1189 D ASH     : @ 195224.167: tcs3701: start power rail timer, state:3
11-24 18:52:52.020  1011  1189 I ASH     : @ 195224.207: tcs3701: stop power rail pending_off timer
11-24 18:52:52.020  1011  1189 D ASH     : @ 195224.207: tcs3701: start power rail timer, state:3
11-24 18:52:52.059  1011  1189 I ASH     : @ 195224.247: tcs3701: stop power rail pending_off timer
11-24 18:52:52.060  1011  1189 D ASH     : @ 195224.247: tcs3701: start power rail timer, state:3
11-24 18:52:52.099  1011  1189 I ASH     : @ 195224.287: tcs3701: stop power rail pending_off timer
11-24 18:52:52.099  1011  1189 D ASH     : @ 195224.287: tcs3701: start power rail timer, state:3
11-24 18:52:52.137 27924 27924 D AndroidRuntime: >>>>>> START com.android.internal.os.RuntimeInit uid 2000 <<<<<<
11-24 18:52:52.139  1011  1189 I ASH     : @ 195224.327: tcs3701: stop power rail pending_off timer
11-24 18:52:52.140  1011  1189 D ASH     : @ 195224.327: tcs3701: start power rail timer, state:3
11-24 18:52:52.141 27924 27924 I AndroidRuntime: Using default boot image
11-24 18:52:52.141 27924 27924 I AndroidRuntime: Leaving lock profiling enabled
11-24 18:52:52.144 27924 27924 I app_process: Using CollectorTypeCC GC.
11-24 18:52:52.166  1795  2424 D WifiClientModeImpl[13802:wlan0]: updateLinkLayerStatsRssiSpeedFrequencyCapabilities rssi=-43 TxLinkspeed=866 freq=5240 RxLinkSpeed=6
11-24 18:52:52.167  1795  2424 D WifiDataStall: tx tput in kbps: 771281
11-24 18:52:52.167  1795  2424 D WifiDataStall: rx tput in kbps: 811875
11-24 18:52:52.167  1795  2424 V WifiConfigManager: Updating scan detail cache freq=5240 BSSID=f4:6d:2f:12:cc:88 RSSI=-42 for "ourhome"WPA_PSK
11-24 18:52:52.168  1795  2424 D WifiChannelUtilization:  freq: 5240 onTime: 5943078 busyTime: 601995 onTimeDiff: 33119 busyTimeDiff: 2206 utilization: 16 utilization t0: 25
11-24 18:52:52.168  1795  2424 D WifiDataStall:  ccaLevel = 16
11-24 18:52:52.168  1795  2424 D WifiDataStall: L2 txTputKbps: 771281, rxTputKbps: 811875, L3 txTputKbps: 0, rxTputKbps: 0, TxTrafficHigh: false, RxTrafficHigh: false, Throughput Sufficient: true
11-24 18:52:52.168  2673  4313 V WifiManager: OnWifiUsabilityStatsListener: onWifiUsabilityStats: seqNum=57669
11-24 18:52:52.168  1795  2424 D WifiScoreReport: Wifi scoring disabled - Don't check IP layer
11-24 18:52:52.169  1795  2424 D WifiScoreCard: BSSID update SIGNAL_POLL ID: 1320464697 SSID: "ourhome", BSSID: f4:6d:2f:12:cc:88, MAC: b2:2f:ec:da:4a:0c, IP: /192.168.1.104, Security type: 2, Supplicant state: COMPLETED, Wi-Fi standard: 5, RSSI: -43, Link speed: 866Mbps, Tx Link speed: 866Mbps, Max Supported Tx Link speed: 866Mbps, Rx Link speed: 6Mbps, Max Supported Rx Link speed: 866Mbps, Frequency: 5240MHz, Net ID: 12, Metered hint: false, score: 60, isUsable: true, CarrierMerged: false, SubscriptionId: -1, IsPrimary: 1, Trusted: true, Restricted: false, Ephemeral: false, OEM paid: false, OEM private: false, OSU AP: false, FQDN: <none>, Provider friendly name: <none>, Requesting package name: <none>"ourhome"wpa2-pskMLO Information: , Is TID-To-Link negotiation supported by the AP: false, AP MLD Address: <none>, AP MLO Link Id: <none>, AP MLO Affiliated links: <none>
11-24 18:52:52.169  1795  2424 D WifiScoreCard: txRate: 1 txSpeed: 866
11-24 18:52:52.169  1795  2424 D WifiScoreCard: network update SIGNAL_POLL "ourhome" ID: 1499892569 RSSI -43 txSpeed -1
11-24 18:52:52.169  1795  3658 I WifiService: updateWifiUsabilityScore uid=10180 seqNum=57669 score=100 predictionHorizonSec=1441795
11-24 18:52:52.170  1795  2424 D WifiClientModeImpl[13802:wlan0]:  ClientModeImpl$L2ConnectedState screen=on 29 0 "ourhome" f4:6d:2f:12:cc:88 rssi=-43 f=5240 sc=60 link=866 tx=0.2, 0.0, 0.0 rx=0.2 bcn=1881556 [on:7 tx:0 rx:0 period:3015] from screen [on:1333498 period:43614160] score=60
11-24 18:52:52.171  1795  2424 D WifiScoreReport: Wifi scoring disabled - Notify that Wifi is usable
11-24 18:52:52.176  1795  2432 D ConnectivityService: NetReassign [no changes] [c 0] [a 0] [i 4]
11-24 18:52:52.180  1011  1189 I ASH     : @ 195224.367: tcs3701: stop power rail pending_off timer
11-24 18:52:52.180  1011  1189 D ASH     : @ 195224.367: tcs3701: start power rail timer, state:3
11-24 18:52:52.215 27924 27924 D nativeloader: InitDefaultPublicLibraries for_preload=1: libandroid.so:libaaudio.so:libamidi.so:libbinder_ndk.so:libc.so:libcamera2ndk.so:libdl.so:libEGL.so:libGLESv1_CM.so:libGLESv2.so:libGLESv3.so:libicu.so:libicui18n.so:libicuuc.so:libjnigraphics.so:liblog.so:libmediandk.so:libm.so:libnativehelper.so:libnativewindow.so:libOpenMAXAL.so:libOpenSLES.so:libRS.so:libstdc++.so:libsync.so:libvulkan.so:libwebviewchromium_plat_support.so:libz.so
11-24 18:52:52.220  1011  1189 I ASH     : @ 195224.407: tcs3701: stop power rail pending_off timer
11-24 18:52:52.221  1011  1189 D ASH     : @ 195224.407: tcs3701: start power rail timer, state:3
11-24 18:52:52.232 27924 27924 D app_process: Time zone APEX ICU file found: /apex/com.android.tzdata/etc/icu/icu_tzdata.dat
11-24 18:52:52.232 27924 27924 D app_process: I18n APEX ICU file found: /apex/com.android.i18n/etc/icu/icudt70l.dat
11-24 18:52:52.255 27924 27924 D AndroidRuntime: Calling main entry com.android.commands.monkey.Monkey
11-24 18:52:52.256 27924 27924 W Monkey  : args: [-p, com.chrome.canary, 1]
11-24 18:52:52.256 27924 27924 W Monkey  :  arg: "-p"
11-24 18:52:52.256 27924 27924 W Monkey  :  arg: "com.chrome.canary"
11-24 18:52:52.256 27924 27924 W Monkey  :  arg: "1"
11-24 18:52:52.256 27924 27924 W Monkey  : data="com.chrome.canary"
11-24 18:52:52.259  1011  1189 I ASH     : @ 195224.447: tcs3701: stop power rail pending_off timer
11-24 18:52:52.259  1011  1189 D ASH     : @ 195224.447: tcs3701: start power rail timer, state:3
--------- beginning of system
11-24 18:52:52.266  1795  2119 W BroadcastQueue: Skipping deliver [background] BroadcastRecord{55b374b u-1 android.net.conn.CONNECTIVITY_CHANGE} to ReceiverList{1b19528 27924 (unknown name)/2000/u-1 remote:5561ec5}: process gone or crashing
11-24 18:52:52.273  1795  3658 D CompatibilityChangeReporter: Compat change id reported: 161252188; UID 10010; state: DISABLED
11-24 18:52:52.273  1795  3658 I ActivityTaskManager: START u0 {act=android.intent.action.MAIN cat=[android.intent.category.LAUNCHER] flg=0x10200000 cmp=com.chrome.canary/com.google.android.apps.chrome.Main} from uid 2000
11-24 18:52:52.273  1795  3658 D CompatibilityChangeReporter: Compat change id reported: 265464455; UID 10010; state: DISABLED
11-24 18:52:52.274  1795  3658 D CompatibilityChangeReporter: Compat change id reported: 265452344; UID 10010; state: DISABLED
11-24 18:52:52.274  1795  3658 D CompatibilityChangeReporter: Compat change id reported: 266124927; UID 10010; state: DISABLED
11-24 18:52:52.274  1795  3658 D CompatibilityChangeReporter: Compat change id reported: 265451093; UID 10010; state: DISABLED
11-24 18:52:52.274  1795  3658 D CompatibilityChangeReporter: Compat change id reported: 265456536; UID 10010; state: DISABLED
11-24 18:52:52.274  1795  3658 D CompatibilityChangeReporter: Compat change id reported: 255940284; UID 10010; state: DISABLED
11-24 18:52:52.274  1795  3658 D CompatibilityChangeReporter: Compat change id reported: 236283604; UID 10010; state: DISABLED
11-24 18:52:52.274  1795  3658 D CompatibilityChangeReporter: Compat change id reported: 263959004; UID 10010; state: DISABLED
11-24 18:52:52.274  1795  3658 D CompatibilityChangeReporter: Compat change id reported: 264304459; UID 10010; state: DISABLED
11-24 18:52:52.274  1795  3658 D CompatibilityChangeReporter: Compat change id reported: 264301586; UID 10010; state: DISABLED
11-24 18:52:52.274  1795  3658 D CompatibilityChangeReporter: Compat change id reported: 254631730; UID 10010; state: DISABLED
11-24 18:52:52.274  1795  3658 D CompatibilityChangeReporter: Compat change id reported: 273509367; UID 10010; state: DISABLED
11-24 18:52:52.274  1795  3658 D CompatibilityChangeReporter: Compat change id reported: 263259275; UID 10010; state: DISABLED
11-24 18:52:52.274  1795  3658 D CompatibilityChangeReporter: Compat change id reported: 194480991; UID 10010; state: ENABLED
11-24 18:52:52.275  1795  3658 D CompatibilityChangeReporter: Compat change id reported: 174042980; UID 10010; state: DISABLED
11-24 18:52:52.276  1795  3658 D CompatibilityChangeReporter: Compat change id reported: 184838306; UID 10010; state: DISABLED
11-24 18:52:52.276  1795  3658 D CompatibilityChangeReporter: Compat change id reported: 185004937; UID 10010; state: DISABLED
11-24 18:52:52.276  1795  3658 D CompatibilityChangeReporter: Compat change id reported: 181136395; UID 10010; state: DISABLED
11-24 18:52:52.276  1795  3658 D CompatibilityChangeReporter: Compat change id reported: 174042936; UID 10010; state: DISABLED
11-24 18:52:52.277  1795  3658 D CompatibilityChangeReporter: Compat change id reported: 205907456; UID 10010; state: ENABLED
11-24 18:52:52.279  1795  3658 D CompatibilityChangeReporter: Compat change id reported: 194833441; UID 10010; state: ENABLED
11-24 18:52:52.280 27924 27924 I Monkey  : Events injected: 1
11-24 18:52:52.281  1795  2100 D CompatibilityChangeReporter: Compat change id reported: 135634846; UID 10010; state: DISABLED
11-24 18:52:52.281  1795  2149 E system_server: updateValue is called with a value {0, 0, 0, 0, 0, 0, 0, 0, 0, 0, 0, 0, 0, 0, 0, 0, 0, 0, 0, 0, 0, 0, 0, 0, 0}, which is lower than the previous value {0, 129, 144, 1599, 820, 14908, 8301, 3397, 30645, 251, 2955, 2942, 3737, 777, 474, 618, 5725, 1543, 5850, 4182, 1160, 539, 508, 295, 5236}
11-24 18:52:52.281  1795  2149 E system_server: updateValue is called with a value {0, 0, 0, 0, 0, 0, 0, 0, 0, 0, 0, 0, 0, 0, 0, 0, 0, 0, 0, 0, 0, 0, 0, 0, 0}, which is lower than the previous value {0, 0, 0, 1, 0, 94, 66, 43, 52600, 0, 0, 2, 10, 0, 0, 3, 102, 0, 0, 8, 1, 0, 0, 2, 119}
11-24 18:52:52.281  1795  2120 D CompatibilityChangeReporter: Compat change id reported: 143937733; UID 10010; state: ENABLED
11-24 18:52:52.282  2513  2550 W Parcel  : Expecting binder but got null!
11-24 18:52:52.283  1795  3613 D CompatibilityChangeReporter: Compat change id reported: 168419799; UID 10010; state: DISABLED
11-24 18:52:52.283  1795  3613 D CompatibilityChangeReporter: Compat change id reported: 273564678; UID 10010; state: DISABLED
11-24 18:52:52.292   987   987 D Zygote  : Forked child process 27939
11-24 18:52:52.292  1795  2120 I ActivityManager: Start proc 27939:com.chrome.canary/u0a10 for next-top-activity {com.chrome.canary/com.google.android.apps.chrome.Main}
11-24 18:52:52.294  2513  2550 E OpenGLRenderer: Unable to match the desired swap behavior.
11-24 18:52:52.297 27939 27939 I m.chrome.canary: Using CollectorTypeCC GC.
11-24 18:52:52.298 27924 27924 I Monkey  : ## Network stats: elapsed time=24ms (0ms mobile, 0ms wifi, 24ms not connected)
11-24 18:52:52.299  1011  1189 I ASH     : @ 195224.487: tcs3701: stop power rail pending_off timer
11-24 18:52:52.300  1011  1189 D ASH     : @ 195224.487: tcs3701: start power rail timer, state:3
11-24 18:52:52.300 27924 27924 I app_process: System.exit called, status: 0
11-24 18:52:52.300 27924 27924 I AndroidRuntime: VM exiting with result code 0.
11-24 18:52:52.300  3657  4525 D ForegroundUtils: Foreground UID status:
11-24 18:52:52.300  3657  4525 D ForegroundUtils: UID: 10128 is in foreground: true
11-24 18:52:52.300  3657  4525 D ForegroundUtils: UID: 10145 is in foreground: true
11-24 18:52:52.300  3657  4525 D ForegroundUtils: UID: 10158 is in foreground: true
11-24 18:52:52.300  3657  4525 D ForegroundUtils: UID: 10189 is in foreground: false
11-24 18:52:52.300  3657  4525 D ForegroundUtils: UID: 10194 is in foreground: true
11-24 18:52:52.300  3657  4525 D ForegroundUtils: UID: 10206 is in foreground: false
11-24 18:52:52.300  3657  4525 D ForegroundUtils: UID: 10233 is in foreground: true
11-24 18:52:52.300  3657  4525 D ForegroundUtils: UID: 10244 is in foreground: true
11-24 18:52:52.300  3657  4525 D ForegroundUtils: UID: 10319 is in foreground: true
11-24 18:52:52.305  1383  1442 I adbd    : jdwp connection from 27939
11-24 18:52:52.314 27939 27939 I ActivityThread: Relaunch all activities: onCoreSettingsChange
11-24 18:52:52.315 27939 27939 D CompatibilityChangeReporter: Compat change id reported: 171979766; UID 10010; state: ENABLED
11-24 18:52:52.315  3657  4525 D ForegroundUtils: Foreground UID status:
11-24 18:52:52.315  3657  4525 D ForegroundUtils: UID: 10010 is in foreground: true
11-24 18:52:52.315  3657  4525 D ForegroundUtils: UID: 10128 is in foreground: true
11-24 18:52:52.315  3657  4525 D ForegroundUtils: UID: 10145 is in foreground: true
11-24 18:52:52.315  3657  4525 D ForegroundUtils: UID: 10158 is in foreground: true
11-24 18:52:52.315  3657  4525 D ForegroundUtils: UID: 10189 is in foreground: false
11-24 18:52:52.315  3657  4525 D ForegroundUtils: UID: 10194 is in foreground: true
11-24 18:52:52.315  3657  4525 D ForegroundUtils: UID: 10206 is in foreground: false
11-24 18:52:52.315  3657  4525 D ForegroundUtils: UID: 10233 is in foreground: true
11-24 18:52:52.315  3657  4525 D ForegroundUtils: UID: 10244 is in foreground: true
11-24 18:52:52.315  3657  4525 D ForegroundUtils: UID: 10319 is in foreground: true
11-24 18:52:52.318 27939 27939 W ziparchive: Unable to open '/data/app/~~-FnXeb6__ecKd-dFZ4kZZA==/com.google.android.trichromelibrary.canary_613700033-7Q2vBiD9q0nCftKFg-pq8w==/base.dm': No such file or directory
11-24 18:52:52.318 27939 27939 W ziparchive: Unable to open '/data/app/~~-FnXeb6__ecKd-dFZ4kZZA==/com.google.android.trichromelibrary.canary_613700033-7Q2vBiD9q0nCftKFg-pq8w==/base.dm': No such file or directory
11-24 18:52:52.318 27939 27939 W m.chrome.canary: Entry not found
11-24 18:52:52.319 27939 27939 D nativeloader: Configuring clns-4 for other apk /data/app/~~-FnXeb6__ecKd-dFZ4kZZA==/com.google.android.trichromelibrary.canary_613700033-7Q2vBiD9q0nCftKFg-pq8w==/base.apk. target_sdk_version=34, uses_libraries=ALL, library_path=/data/app/~~dutrJzl_xJkEyCCvIkexCw==/com.chrome.canary-4jcd8srf2WXxld2NC1r69A==/lib/arm64:/data/app/~~dutrJzl_xJkEyCCvIkexCw==/com.chrome.canary-4jcd8srf2WXxld2NC1r69A==/base.apk!/lib/arm64-v8a:/data/app/~~-FnXeb6__ecKd-dFZ4kZZA==/com.google.android.trichromelibrary.canary_613700033-7Q2vBiD9q0nCftKFg-pq8w==/base.apk!/lib/arm64-v8a, permitted_path=/data:/mnt/expand:/data/user/0/com.chrome.canary
11-24 18:52:52.323 27939 27939 D nativeloader: Configuring clns-5 for other apk /data/app/~~dutrJzl_xJkEyCCvIkexCw==/com.chrome.canary-4jcd8srf2WXxld2NC1r69A==/base.apk. target_sdk_version=34, uses_libraries=, library_path=/data/app/~~dutrJzl_xJkEyCCvIkexCw==/com.chrome.canary-4jcd8srf2WXxld2NC1r69A==/lib/arm64:/data/app/~~dutrJzl_xJkEyCCvIkexCw==/com.chrome.canary-4jcd8srf2WXxld2NC1r69A==/base.apk!/lib/arm64-v8a:/data/app/~~-FnXeb6__ecKd-dFZ4kZZA==/com.google.android.trichromelibrary.canary_613700033-7Q2vBiD9q0nCftKFg-pq8w==/base.apk!/lib/arm64-v8a, permitted_path=/data:/mnt/expand:/data/user/0/com.chrome.canary
11-24 18:52:52.330 27939 27939 V GraphicsEnvironment: ANGLE Developer option for 'com.chrome.canary' set to: 'default'
11-24 18:52:52.330 27939 27939 V GraphicsEnvironment: ANGLE GameManagerService for com.chrome.canary: false
11-24 18:52:52.331 27939 27939 V GraphicsEnvironment: Updatable production driver is not supported on the device.
11-24 18:52:52.332 27939 27939 I LoadedApk: No resource references to update in package com.google.android.trichromelibrary.canary
11-24 18:52:52.332 27939 27939 D NetworkSecurityConfig: Using Network Security Config from resource 0_resource_name_obfuscated debugBuild: false
11-24 18:52:52.333 27939 27939 D NetworkSecurityConfig: Using Network Security Config from resource 0_resource_name_obfuscated debugBuild: false
11-24 18:52:52.333 27939 27939 I cr_SplitCompatApp: Launched version=121.0.6137.0 minSdkVersion=29 isBundle=true processName=com.chrome.canary isIsolated=false
11-24 18:52:52.339  1011  1189 I ASH     : @ 195224.527: tcs3701: stop power rail pending_off timer
11-24 18:52:52.339  1011  1189 D ASH     : @ 195224.527: tcs3701: start power rail timer, state:3
11-24 18:52:52.353 27939 27961 I cr_LibraryLoader: Loading monochrome_64 from within /data/app/~~dutrJzl_xJkEyCCvIkexCw==/com.chrome.canary-4jcd8srf2WXxld2NC1r69A==/base.apk
11-24 18:52:52.354 27939 27961 I cr_Linker: loadLibraryImplLocked: monochrome_64, relroMode=1
11-24 18:52:52.355  1795  3658 D CompatibilityChangeReporter: Compat change id reported: 161145287; UID 10010; state: DISABLED
11-24 18:52:52.363 27939 27961 I cr_LibraryLoader: Successfully loaded native library
11-24 18:52:52.363 27939 27961 I cr_CachingUmaRecorder: Flushed 20 samples from 18 histograms, 0 samples were dropped.
11-24 18:52:52.379  1011  1189 I ASH     : @ 195224.567: tcs3701: stop power rail pending_off timer
11-24 18:52:52.379  1011  1189 D ASH     : @ 195224.567: tcs3701: start power rail timer, state:3
11-24 18:52:52.383 27939 27939 I cr_MultiInstance: Removed invalid instance data. Removed tasks-instance mappings: [Chrome.MultiInstance.TaskMap.0 - 1660] and shared prefs for instances: []
11-24 18:52:52.383 27939 27939 I cr_MultiInstance: Existing Instance - persisted and unmapped Id allocated: 0
11-24 18:52:52.383 27939 27966 W DynamiteModule: Local module descriptor class for com.google.android.gms.googlecertificates not found.
11-24 18:52:52.384  3875  3875 I dzhj    : onPause
11-24 18:52:52.385 27939 27939 I cr_MultiInstance: Intent action: android.intent.action.MAIN
11-24 18:52:52.385 27939 27939 I cr_MultiInstance: Intent routed via ChromeLauncherActivity: false
11-24 18:52:52.385 27939 27939 I cr_MultiInstance: Referrer: android-app://com.android.shell
11-24 18:52:52.385 27939 27939 I cr_MultiInstance: Intent contains LAUNCHER category: true
11-24 18:52:52.385 27939 27939 I cr_MultiInstance: Intent contains FLAG_ACTIVITY_MULTIPLE_TASK: false
11-24 18:52:52.385 27939 27939 I cr_MultiInstance: Intent contains FLAG_ACTIVITY_NEW_TASK: true
11-24 18:52:52.385 27939 27939 I cr_MultiInstance: Intent component: com.google.android.apps.chrome.Main
11-24 18:52:52.385 27939 27939 I cr_MultiInstance: Intent sent by OS: false
11-24 18:52:52.385 27939 27939 I cr_MultiInstance: @ExternalAppId of intent source: 0
11-24 18:52:52.385 27939 27939 I cr_MultiInstance: Are all instances running: false
11-24 18:52:52.385 27939 27939 I cr_MultiInstance: Window allocation type: 6
11-24 18:52:52.385 27939 27939 I cr_MultiInstance: Window ID allocated: 0
11-24 18:52:52.385 27939 27939 W cr_ActivityDispatcher: CustomTabsIntent#shouldAlwaysUseBrowserUI() = false
11-24 18:52:52.385 27939 27939 D CompatibilityChangeReporter: Compat change id reported: 183155436; UID 10010; state: ENABLED
11-24 18:52:52.387  3604  3604 I hitl    : (REDACTED) received broadcast: %s
11-24 18:52:52.388  3604  4264 I hito    : (REDACTED) received broadcast: %s
11-24 18:52:52.388  3604  4264 I hioo    : (REDACTED) #onConfigUpdate. requester: %s
11-24 18:52:52.389  3604  4263 I hioo    : #onConfigUpdate inside sequencer
11-24 18:52:52.389  3604  4263 I hilg    : (REDACTED) Voice Match (Speaker-id) supported : %b 
11-24 18:52:52.391  3604  4263 I hilg    : (REDACTED) hotword enrollment state is enrolled:  %b, speakerId model exist: %b. Voice Match supported : %b 
11-24 18:52:52.391  3604  4263 I hilg    : (REDACTED) isHotwordAvailable():  %b, isHotwordEnabled() %b 
11-24 18:52:52.391  3604  4263 I hilg    : (REDACTED) isHotwordAvailable():  %b, isHotwordEnabled() %b 
11-24 18:52:52.391  3604  4263 I hilg    : (REDACTED) Hotword enrollment state : %s.
11-24 18:52:52.391  3604  4263 I hilg    : (REDACTED) Voice Match (Speaker-id) supported : %b 
11-24 18:52:52.391  3604  4263 I hilg    : (REDACTED) Voice Match (Speaker-id) supported : %b 
11-24 18:52:52.391  3604  4263 I hilg    : (REDACTED) hotword enrollment state is enrolled:  %b, speakerId model exist: %b, voice match supported : %b
11-24 18:52:52.391  3604  4263 I hilg    : (REDACTED) Hotword isNonVoiceMatchHotwordEnabled: %b, isHotwordAvailable: %b, isHotwordEnabled: %b, isVoiceMatchSupported: %b, isHotwordEnrolled: %b,
11-24 18:52:52.391  3604  4263 I hioo    : (REDACTED) Ignore the legacy hotword request. voice match enabled %b, isHotwordSupported %b, isIncompleteEnrollmentState %b, nonVoiceMatchHotwordEnabled %b
11-24 18:52:52.392 27939 27966 I DynamiteModule: Considering local module com.google.android.gms.googlecertificates:0 and remote module com.google.android.gms.googlecertificates:7
11-24 18:52:52.392 27939 27966 I DynamiteModule: Selected remote version of com.google.android.gms.googlecertificates, version >= 7
11-24 18:52:52.395 27939 27939 E m.chrome.canary: Invalid ID 0x00000000.
11-24 18:52:52.396 27939 27966 W System  : ClassLoader referenced unknown path: 
11-24 18:52:52.396 27939 27966 D nativeloader: Configuring clns-6 for other apk . target_sdk_version=34, uses_libraries=, library_path=/data/app/~~kuQRvAzVZuE4Ro2oLuwWdQ==/com.google.android.gms-oAttmqgZrSU_NO_sHK9RSA==/lib/arm64:/data/app/~~kuQRvAzVZuE4Ro2oLuwWdQ==/com.google.android.gms-oAttmqgZrSU_NO_sHK9RSA==/base.apk!/lib/arm64-v8a, permitted_path=/data:/mnt/expand:/data/user/0/com.google.android.gms
11-24 18:52:52.399 27939 27939 I cr_SplitCompatClassLoader: Splits: null
11-24 18:52:52.416 13730 13730 E AbstractGmsTracer: Traced class shouldn't be obfuscated: GmsBoundBrokerChimeraService [CONTEXT service_id=259 ]
11-24 18:52:52.417 13730 13730 D BoundBrokerSvc: onBind: Intent { act=com.google.android.gms.safetynet.service.START pkg=com.google.android.gms }
11-24 18:52:52.417 13730 13730 D BoundBrokerSvc: Loading bound service for intent: Intent { act=com.google.android.gms.safetynet.service.START pkg=com.google.android.gms }
11-24 18:52:52.418 13730 13730 E AbstractGmsTracer: Traced class shouldn't be obfuscated: SafetyNetClientChimeraService [CONTEXT service_id=259 ]
11-24 18:52:52.419 27939 27939 W cr_ActivityDispatcher: CustomTabsIntent#shouldAlwaysUseBrowserUI() = false
11-24 18:52:52.419  1011  1189 I ASH     : @ 195224.607: tcs3701: stop power rail pending_off timer
11-24 18:52:52.419  1011  1189 D ASH     : @ 195224.607: tcs3701: start power rail timer, state:3
11-24 18:52:52.425 27939 27939 I cr_CompositorSurfaceMgr: Transitioning to surface with format: -1
11-24 18:52:52.426 13502 13502 E AbstractGmsTracer: Traced class shouldn't be obfuscated: GmsApiChimeraService [CONTEXT service_id=259 ]
11-24 18:52:52.426 13502 13502 D BoundBrokerSvc: onBind: Intent { act=com.google.android.gms.phenotype.service.START pkg=com.google.android.gms }
11-24 18:52:52.426 13502 13502 D BoundBrokerSvc: Loading bound service for intent: Intent { act=com.google.android.gms.phenotype.service.START pkg=com.google.android.gms }
11-24 18:52:52.427 13502 13502 E AbstractGmsTracer: Traced class shouldn't be obfuscated: PhenotypeChimeraService [CONTEXT service_id=259 ]
11-24 18:52:52.437 27939 27939 D CompatibilityChangeReporter: Compat change id reported: 210923482; UID 10010; state: ENABLED
11-24 18:52:52.459  1011  1189 I ASH     : @ 195224.647: tcs3701: stop power rail pending_off timer
11-24 18:52:52.459  1011  1189 D ASH     : @ 195224.647: tcs3701: start power rail timer, state:3
11-24 18:52:52.461 27939 27939 D CompatibilityChangeReporter: Compat change id reported: 193247900; UID 10010; state: ENABLED
11-24 18:52:52.479 27939 27939 W cr_ActivityDispatcher: CustomTabsIntent#shouldAlwaysUseBrowserUI() = false
11-24 18:52:52.485 27939 27939 D CompatibilityChangeReporter: Compat change id reported: 237531167; UID 10010; state: DISABLED
11-24 18:52:52.490 27939 27976 W Parcel  : Expecting binder but got null!
11-24 18:52:52.496  1795  1854 D CoreBackPreview: Window{79bacf5 u0 com.chrome.canary/com.google.android.apps.chrome.Main}: Setting back callback OnBackInvokedCallbackInfo{mCallback=android.window.IOnBackInvokedCallback$Stub$Proxy@eba5d18, mPriority=-1}
11-24 18:52:52.497  1795  2120 D CompatibilityChangeReporter: Compat change id reported: 143937733; UID 10010; state: ENABLED
11-24 18:52:52.498  1795  2120 D CompatibilityChangeReporter: Compat change id reported: 135634846; UID 10010; state: DISABLED
11-24 18:52:52.498  1795  2120 D CompatibilityChangeReporter: Compat change id reported: 207557677; UID 10010; state: ENABLED
11-24 18:52:52.499   987   987 W Zygote  : forkRepeatedly terminated due to non-simple command
11-24 18:52:52.499   987   987 D Zygote  : mbuffer starts with 15, nice name is com.chrome.canary_zygote, mEnd = 410, mNext = 191, mLinesLeft = 6, mFd = 5
11-24 18:52:52.499  1011  1189 I ASH     : @ 195224.687: tcs3701: stop power rail pending_off timer
11-24 18:52:52.499  1011  1189 D ASH     : @ 195224.687: tcs3701: start power rail timer, state:3
11-24 18:52:52.505   987   987 D Zygote  : Forked child process 27985
11-24 18:52:52.506  1795  2120 W ZygoteProcess: Got error connecting to zygote, retrying. msg= Connection refused
11-24 18:52:52.508 27939 27976 I AdrenoGLES-0: QUALCOMM build                   : 4783c89, I46ff5fc46f
11-24 18:52:52.508 27939 27976 I AdrenoGLES-0: Build Date                       : 11/30/20
11-24 18:52:52.508 27939 27976 I AdrenoGLES-0: OpenGL ES Shader Compiler Version: EV031.31.04.01
11-24 18:52:52.508 27939 27976 I AdrenoGLES-0: Local Branch                     : QPR2
11-24 18:52:52.508 27939 27976 I AdrenoGLES-0: Remote Branch                    : 
11-24 18:52:52.508 27939 27976 I AdrenoGLES-0: Remote Branch                    : 
11-24 18:52:52.508 27939 27976 I AdrenoGLES-0: Reconstruct Branch               : 
11-24 18:52:52.508 27939 27976 I AdrenoGLES-0: Build Config                     : S P 10.0.4 AArch64
11-24 18:52:52.508 27939 27976 I AdrenoGLES-0: Driver Path                      : /vendor/lib64/egl/libGLESv2_adreno.so
11-24 18:52:52.510 27939 27939 I cr_StartSurfaceConfig: Recorded Startup.Android.FirstDrawCompletedTime.NoInstant = 116 ms
11-24 18:52:52.511 27939 27976 I AdrenoGLES-0: PFP: 0x016dd093, ME: 0x00000000
11-24 18:52:52.511 27985 27985 I libc    : SetHeapTaggingLevel: tag level set to 0
11-24 18:52:52.512 27939 27976 W AdrenoUtils: <ReadGpuID_from_sysfs:197>: Failed to open /sys/class/kgsl/kgsl-3d0/gpu_model
11-24 18:52:52.512 27939 27976 W AdrenoUtils: <ReadGpuID:221>: Failed to read chip ID from gpu_model. Fallback to use the GSL path
11-24 18:52:52.516 27985 27985 I e.canary_zygote: Using CollectorTypeCC GC.
11-24 18:52:52.518   648  3370 I SDM     : HWCDisplay::GetColorModeCount: Supported color mode count = 3
11-24 18:52:52.518   648  3370 I SDM     : HWCDisplay::GetColorModes: Color mode = 0 is supported
11-24 18:52:52.518   648  3370 I SDM     : HWCDisplay::GetColorModes: Color mode = 7 is supported
11-24 18:52:52.518   648  3370 I SDM     : HWCDisplay::GetColorModes: Color mode = 9 is supported
11-24 18:52:52.518 27939 27976 E OpenGLRenderer: Unable to match the desired swap behavior.
11-24 18:52:52.521   595   595 I servicemanager: Could not find android.hardware.graphics.allocator.IAllocator/default in the VINTF manifest.
11-24 18:52:52.524 13502 24689 E ckqk    : Phenotype API error. Event # evhb@d80d8fb1, EventCode: 7 [CONTEXT service_id=51 ]
11-24 18:52:52.524 13502 24689 E ckqk    : ckoo: 29505: No config packages for log source, or config package not registered
11-24 18:52:52.524 13502 24689 E ckqk    : 	at ckrk.b(:com.google.android.gms@234414038@23.44.14 (190400-580326705):79)
11-24 18:52:52.524 13502 24689 E ckqk    : 	at ckrh.h(:com.google.android.gms@234414038@23.44.14 (190400-580326705):3)
11-24 18:52:52.524 13502 24689 E ckqk    : 	at ckqk.g(:com.google.android.gms@234414038@23.44.14 (190400-580326705):18)
11-24 18:52:52.524 13502 24689 E ckqk    : 	at ckqk.f(:com.google.android.gms@234414038@23.44.14 (190400-580326705):11)
11-24 18:52:52.524 13502 24689 E ckqk    : 	at bfmo.fh(:com.google.android.gms@234414038@23.44.14 (190400-580326705):1)
11-24 18:52:52.524 13502 24689 E ckqk    : 	at bfmz.run(:com.google.android.gms@234414038@23.44.14 (190400-580326705):100)
11-24 18:52:52.524 13502 24689 E ckqk    : 	at dvlp.run(:com.google.android.gms@234414038@23.44.14 (190400-580326705):13)
11-24 18:52:52.524 13502 24689 E ckqk    : 	at ajls.c(:com.google.android.gms@234414038@23.44.14 (190400-580326705):50)
11-24 18:52:52.524 13502 24689 E ckqk    : 	at ajls.run(:com.google.android.gms@234414038@23.44.14 (190400-580326705):76)
11-24 18:52:52.524 13502 24689 E ckqk    : 	at java.util.concurrent.ThreadPoolExecutor.runWorker(ThreadPoolExecutor.java:1145)
11-24 18:52:52.524 13502 24689 E ckqk    : 	at java.util.concurrent.ThreadPoolExecutor$Worker.run(ThreadPoolExecutor.java:644)
11-24 18:52:52.524 13502 24689 E ckqk    : 	at ajqx.run(:com.google.android.gms@234414038@23.44.14 (190400-580326705):8)
11-24 18:52:52.524 13502 24689 E ckqk    : 	at java.lang.Thread.run(Thread.java:1012)
11-24 18:52:52.525 13502 24689 W AsyncOperation: operation=GetExperimentTokensOperationCall, opStatusCode=29505 [CONTEXT service_id=51 ]
11-24 18:52:52.525 13502 24689 W AsyncOperation: OperationException[Status{statusCode=No config packages for log source, or config package not registered, resolution=null}]
11-24 18:52:52.525 13502 24689 W AsyncOperation: 	at ckqk.g(:com.google.android.gms@234414038@23.44.14 (190400-580326705):48)
11-24 18:52:52.525 13502 24689 W AsyncOperation: 	at ckqk.f(:com.google.android.gms@234414038@23.44.14 (190400-580326705):11)
11-24 18:52:52.525 13502 24689 W AsyncOperation: 	at bfmo.fh(:com.google.android.gms@234414038@23.44.14 (190400-580326705):1)
11-24 18:52:52.525 13502 24689 W AsyncOperation: 	at bfmz.run(:com.google.android.gms@234414038@23.44.14 (190400-580326705):100)
11-24 18:52:52.525 13502 24689 W AsyncOperation: 	at dvlp.run(:com.google.android.gms@234414038@23.44.14 (190400-580326705):13)
11-24 18:52:52.525 13502 24689 W AsyncOperation: 	at ajls.c(:com.google.android.gms@234414038@23.44.14 (190400-580326705):50)
11-24 18:52:52.525 13502 24689 W AsyncOperation: 	at ajls.run(:com.google.android.gms@234414038@23.44.14 (190400-580326705):76)
11-24 18:52:52.525 13502 24689 W AsyncOperation: 	at java.util.concurrent.ThreadPoolExecutor.runWorker(ThreadPoolExecutor.java:1145)
11-24 18:52:52.525 13502 24689 W AsyncOperation: 	at java.util.concurrent.ThreadPoolExecutor$Worker.run(ThreadPoolExecutor.java:644)
11-24 18:52:52.525 13502 24689 W AsyncOperation: 	at ajqx.run(:com.google.android.gms@234414038@23.44.14 (190400-580326705):8)
11-24 18:52:52.525 13502 24689 W AsyncOperation: 	at java.lang.Thread.run(Thread.java:1012)
11-24 18:52:52.538  1795  2096 I ActivityTaskManager: Displayed com.chrome.canary/com.google.android.apps.chrome.Main: +259ms
11-24 18:52:52.539  1011  1189 I ASH     : @ 195224.727: tcs3701: stop power rail pending_off timer
11-24 18:52:52.539  1011  1189 D ASH     : @ 195224.727: tcs3701: start power rail timer, state:3
11-24 18:52:52.541 27939 27939 I cr_CombinedPProvider: #linkNativeInternal() 0
11-24 18:52:52.541 27939 27939 I cr_PolicyProvider: #setManagerAndSource() 0
11-24 18:52:52.542 27939 27939 I cr_PolicyCacheProvider: #refresh() true
11-24 18:52:52.557  1795  2120 I AppZygote: Starting application preload.
11-24 18:52:52.560 27985 27985 I AppZygoteInit: Beginning application preload for com.chrome.canary
11-24 18:52:52.561 27985 27985 W ziparchive: Unable to open '/data/app/~~-FnXeb6__ecKd-dFZ4kZZA==/com.google.android.trichromelibrary.canary_613700033-7Q2vBiD9q0nCftKFg-pq8w==/base.dm': No such file or directory
11-24 18:52:52.561 27985 27985 W ziparchive: Unable to open '/data/app/~~-FnXeb6__ecKd-dFZ4kZZA==/com.google.android.trichromelibrary.canary_613700033-7Q2vBiD9q0nCftKFg-pq8w==/base.dm': No such file or directory
11-24 18:52:52.562 27985 27985 W e.canary_zygote: Entry not found
11-24 18:52:52.564 27985 27985 D nativeloader: Configuring clns-4 for other apk /data/app/~~-FnXeb6__ecKd-dFZ4kZZA==/com.google.android.trichromelibrary.canary_613700033-7Q2vBiD9q0nCftKFg-pq8w==/base.apk. target_sdk_version=34, uses_libraries=ALL, library_path=/data/app/~~dutrJzl_xJkEyCCvIkexCw==/com.chrome.canary-4jcd8srf2WXxld2NC1r69A==/lib/arm64:/data/app/~~dutrJzl_xJkEyCCvIkexCw==/com.chrome.canary-4jcd8srf2WXxld2NC1r69A==/base.apk!/lib/arm64-v8a:/data/app/~~-FnXeb6__ecKd-dFZ4kZZA==/com.google.android.trichromelibrary.canary_613700033-7Q2vBiD9q0nCftKFg-pq8w==/base.apk!/lib/arm64-v8a, permitted_path=/data:/mnt/expand
11-24 18:52:52.569 27939 27960 I cr_PartnerCustUma: Partner Customization delegate: 0.
11-24 18:52:52.569 27939 27960 W cr_PartnerCustomize: Partner homepage must be HTTP(S) or NewTabPage. Got invalid URL ""
11-24 18:52:52.570 27985 27985 D nativeloader: Configuring clns-5 for other apk /data/app/~~dutrJzl_xJkEyCCvIkexCw==/com.chrome.canary-4jcd8srf2WXxld2NC1r69A==/base.apk. target_sdk_version=34, uses_libraries=, library_path=/data/app/~~dutrJzl_xJkEyCCvIkexCw==/com.chrome.canary-4jcd8srf2WXxld2NC1r69A==/lib/arm64:/data/app/~~dutrJzl_xJkEyCCvIkexCw==/com.chrome.canary-4jcd8srf2WXxld2NC1r69A==/base.apk!/lib/arm64-v8a:/data/app/~~-FnXeb6__ecKd-dFZ4kZZA==/com.google.android.trichromelibrary.canary_613700033-7Q2vBiD9q0nCftKFg-pq8w==/base.apk!/lib/arm64-v8a, permitted_path=/data:/mnt/expand
11-24 18:52:52.574 27985 27985 I cr_ZygotePreload: Loaded Zygote. version=121.0.6137.0 minSdkVersion=29 isBundle=true
11-24 18:52:52.578 27985 27985 I cr_LibraryLoader: Loading monochrome_64 from within /data/app/~~dutrJzl_xJkEyCCvIkexCw==/com.chrome.canary-4jcd8srf2WXxld2NC1r69A==/base.apk
11-24 18:52:52.579 27985 27985 I cr_Linker: loadLibraryImplLocked: monochrome_64, relroMode=1
11-24 18:52:52.580  1011  1189 I ASH     : @ 195224.767: tcs3701: stop power rail pending_off timer
11-24 18:52:52.580  1011  1189 D ASH     : @ 195224.767: tcs3701: start power rail timer, state:3
11-24 18:52:52.580  2588  2588 I WallpaperService: engine paused
11-24 18:52:52.581  1011  1011 I sensors-hal: [hal]activate_physical_sensor:251, android.sensor.gyroscope/41 en=0
11-24 18:52:52.584  1011  1011 D Diag_Lib: diag: Diag_LSM_DeInit: invoked for pid: 1011
11-24 18:52:52.584  1011  1011 D Diag_Lib: diag: Diag_LSM_DeInit: done for pid: 1011
11-24 18:52:52.585  1011  1011 D Diag_Lib: diag: Diag_LSM_DeInit: invoked for pid: 1011
11-24 18:52:52.585  1011  1011 D Diag_Lib: diag: Diag_LSM_DeInit: done for pid: 1011
11-24 18:52:52.585  1011  1011 I sensors-hal: [hal]activate_physical_sensor:262, android.sensor.gyroscope/41 en=0 completed
11-24 18:52:52.597  1795  2120 I AppZygote: Application preload done.
11-24 18:52:52.598 27985 27985 I AppZygoteInit: Application preload done
11-24 18:52:52.601 27939 27939 I chromium: [INFO:policy_logger.cc(144)] :components/enterprise/browser/controller/chrome_browser_cloud_management_controller.cc(273) Deferring CBCM Controller Initialization until it is unblocked.
11-24 18:52:52.619  1011  1189 I ASH     : @ 195224.807: tcs3701: stop power rail pending_off timer
11-24 18:52:52.619  1011  1189 D ASH     : @ 195224.807: tcs3701: start power rail timer, state:3
11-24 18:52:52.621 27985 27992 W e.canary_zygote: Reducing the number of considered missed Gc histogram windows from 19522 to 100
11-24 18:52:52.624 27985 27985 I Zygote  : Entering forkRepeatedly native zygote loop
11-24 18:52:52.632 27939 27939 I cr_SmsProviderGms: construction successfull AM3@37c32ee, xM3@f0c261c
11-24 18:52:52.632 27985 27985 D Zygote  : Forked child process 28013
11-24 18:52:52.634  1795  2120 W ActivityManager: Slow operation: 136ms so far, now at startProcess: returned from zygote!
11-24 18:52:52.634  1795  2120 W ActivityManager: Slow operation: 137ms so far, now at startProcess: done updating battery stats
11-24 18:52:52.634  1795  2120 W ActivityManager: Slow operation: 137ms so far, now at startProcess: building log message
11-24 18:52:52.634  1795  2120 I ActivityManager: Start proc 28013:com.chrome.canary:sandboxed_process0:org.chromium.content.app.SandboxedProcessService0:0/u0ai0 for  {com.chrome.canary/org.chromium.content.app.SandboxedProcessService0:0}
11-24 18:52:52.634  1795  2120 W ActivityManager: Slow operation: 137ms so far, now at startProcess: starting to update pids map
11-24 18:52:52.634  1795  2120 W ActivityManager: Slow operation: 137ms so far, now at startProcess: done updating pids map
11-24 18:52:52.636   987   987 I Zygote  : Entering forkRepeatedly native zygote loop
11-24 18:52:52.640 28013 28013 E libc    : SetHeapTaggingLevel: re-enabling tagging after it was disabled is not supported
11-24 18:52:52.641 28013 28013 I ocessService0:0: Using CollectorTypeCC GC.
11-24 18:52:52.648   987   987 D Zygote  : Forked child process 28022
11-24 18:52:52.649  1795  2120 I ActivityManager: Start proc 28022:com.chrome.canary:privileged_process0/u0a10 for service {com.chrome.canary/org.chromium.content.app.PrivilegedProcessService0}
11-24 18:52:52.653  1795  1854 D ConnectivityService: requestNetwork for uid/pid:10010/27939 activeRequest: null callbackRequest: 5393 [NetworkRequest [ REQUEST id=5394, [ Capabilities: INTERNET&NOT_RESTRICTED&TRUSTED&NOT_VCN_MANAGED Uid: 10010 RequestorUid: 10010 RequestorPkg: com.chrome.canary UnderlyingNetworks: Null] ]] callback flags: 0 order: 2147483647
11-24 18:52:52.653  1383  1442 I adbd    : jdwp connection from 28013
11-24 18:52:52.656  1795  2424 D WifiNetworkFactory: got request NetworkRequest [ REQUEST id=5394, [ Capabilities: INTERNET&NOT_RESTRICTED&TRUSTED&NOT_VCN_MANAGED Uid: 10010 RequestorUid: 10010 RequestorPkg: com.chrome.canary UnderlyingNetworks: Null] ]
11-24 18:52:52.656  1795  2424 V WifiNetworkFactory: Accepted network request NetworkRequest [ REQUEST id=5394, [ Capabilities: INTERNET&NOT_RESTRICTED&TRUSTED&NOT_VCN_MANAGED Uid: 10010 RequestorUid: 10010 RequestorPkg: com.chrome.canary UnderlyingNetworks: Null] ]
11-24 18:52:52.656  1795  2424 D UntrustedWifiNetworkFactory: got request NetworkRequest [ REQUEST id=5394, [ Capabilities: INTERNET&NOT_RESTRICTED&TRUSTED&NOT_VCN_MANAGED Uid: 10010 RequestorUid: 10010 RequestorPkg: com.chrome.canary UnderlyingNetworks: Null] ]
11-24 18:52:52.656  1795  2424 D OemPaidWifiNetworkFactory: got request NetworkRequest [ REQUEST id=5394, [ Capabilities: INTERNET&NOT_RESTRICTED&TRUSTED&NOT_VCN_MANAGED Uid: 10010 RequestorUid: 10010 RequestorPkg: com.chrome.canary UnderlyingNetworks: Null] ]
11-24 18:52:52.657  1795  2424 D MultiInternetWifiNetworkFactory: got request NetworkRequest [ REQUEST id=5394, [ Capabilities: INTERNET&NOT_RESTRICTED&TRUSTED&NOT_VCN_MANAGED Uid: 10010 RequestorUid: 10010 RequestorPkg: com.chrome.canary UnderlyingNetworks: Null] ]
11-24 18:52:52.657  1795  2432 D ConnectivityService: NetReassign [5394 : null → 100] [c 0] [a 1] [i 2]
11-24 18:52:52.659  1011  1189 I ASH     : @ 195224.847: tcs3701: stop power rail pending_off timer
11-24 18:52:52.659  1011  1189 D ASH     : @ 195224.847: tcs3701: start power rail timer, state:3
11-24 18:52:52.659  1795  2432 D ConnectivityService: NetReassign [no changes] [c 0] [a 0] [i 2]
11-24 18:52:52.665 28022 28022 I ileged_process0: Using CollectorTypeCC GC.
11-24 18:52:52.673 27939 27939 I cr_EnterpriseInfoImpl: #setCacheResult() deviceOwned:false profileOwned:false
11-24 18:52:52.673 27939 27939 I cr_EnterpriseInfo: #getManagedStateForNative() CQ0@af7526a
11-24 18:52:52.673  3657  4525 D ForegroundUtils: Foreground UID status:
11-24 18:52:52.673  3657  4525 D ForegroundUtils: UID: 10010 is in foreground: true
11-24 18:52:52.673  3657  4525 D ForegroundUtils: UID: 10128 is in foreground: true
11-24 18:52:52.673  3657  4525 D ForegroundUtils: UID: 10145 is in foreground: true
11-24 18:52:52.673  3657  4525 D ForegroundUtils: UID: 10158 is in foreground: true
11-24 18:52:52.673  3657  4525 D ForegroundUtils: UID: 10189 is in foreground: false
11-24 18:52:52.673  3657  4525 D ForegroundUtils: UID: 10194 is in foreground: true
11-24 18:52:52.673  3657  4525 D ForegroundUtils: UID: 10206 is in foreground: false
11-24 18:52:52.673  3657  4525 D ForegroundUtils: UID: 10233 is in foreground: true
11-24 18:52:52.673  3657  4525 D ForegroundUtils: UID: 10244 is in foreground: true
11-24 18:52:52.673  3657  4525 D ForegroundUtils: UID: 10319 is in foreground: true
11-24 18:52:52.673  3657  4525 D ForegroundUtils: UID: 90000 is in foreground: true
11-24 18:52:52.674 28013 28013 I ActivityThread: Relaunch all activities: onCoreSettingsChange
11-24 18:52:52.677 28013 28013 D CompatibilityChangeReporter: Compat change id reported: 171979766; UID 90000; state: ENABLED
11-24 18:52:52.680  1383  1442 I adbd    : jdwp connection from 28022
11-24 18:52:52.696 28013 28013 I LoadedApk: No resource references to update in package com.google.android.trichromelibrary.canary
11-24 18:52:52.697 28013 28013 D NetworkSecurityConfig: Using Network Security Config from resource 0_resource_name_obfuscated debugBuild: false
11-24 18:52:52.698 28013 28013 D NetworkSecurityConfig: Using Network Security Config from resource 0_resource_name_obfuscated debugBuild: false
11-24 18:52:52.700 28013 28013 I cr_SplitCompatApp: Launched version=121.0.6137.0 minSdkVersion=29 isBundle=true processName=com.chrome.canary:sandboxed_process0:org.chromium.content.app.SandboxedProcessService0:0 isIsolated=true
11-24 18:52:52.700  1011  1189 I ASH     : @ 195224.887: tcs3701: stop power rail pending_off timer
11-24 18:52:52.700  1011  1189 D ASH     : @ 195224.887: tcs3701: start power rail timer, state:3
11-24 18:52:52.701 28022 28022 I ActivityThread: Relaunch all activities: onCoreSettingsChange
11-24 18:52:52.702 28022 28022 D CompatibilityChangeReporter: Compat change id reported: 171979766; UID 10010; state: ENABLED
11-24 18:52:52.706  1795  3658 D ConnectivityService: requestNetwork for uid/pid:10010/27939 activeRequest: null callbackRequest: 5396 [NetworkRequest [ REQUEST id=5397, [ Capabilities: INTERNET&NOT_RESTRICTED&TRUSTED&NOT_VCN_MANAGED Uid: 10010 RequestorUid: 10010 RequestorPkg: com.chrome.canary UnderlyingNetworks: Null] ]] callback flags: 0 order: 2147483647
11-24 18:52:52.706 28013 28013 W SystemServiceRegistry: No service published for: uimode
11-24 18:52:52.707 28022 28022 W ziparchive: Unable to open '/data/app/~~-FnXeb6__ecKd-dFZ4kZZA==/com.google.android.trichromelibrary.canary_613700033-7Q2vBiD9q0nCftKFg-pq8w==/base.dm': No such file or directory
11-24 18:52:52.707 28022 28022 W ziparchive: Unable to open '/data/app/~~-FnXeb6__ecKd-dFZ4kZZA==/com.google.android.trichromelibrary.canary_613700033-7Q2vBiD9q0nCftKFg-pq8w==/base.dm': No such file or directory
11-24 18:52:52.707 28022 28022 W ileged_process0: Entry not found
11-24 18:52:52.708 28022 28022 D nativeloader: Configuring clns-4 for other apk /data/app/~~-FnXeb6__ecKd-dFZ4kZZA==/com.google.android.trichromelibrary.canary_613700033-7Q2vBiD9q0nCftKFg-pq8w==/base.apk. target_sdk_version=34, uses_libraries=ALL, library_path=/data/app/~~dutrJzl_xJkEyCCvIkexCw==/com.chrome.canary-4jcd8srf2WXxld2NC1r69A==/lib/arm64:/data/app/~~dutrJzl_xJkEyCCvIkexCw==/com.chrome.canary-4jcd8srf2WXxld2NC1r69A==/base.apk!/lib/arm64-v8a:/data/app/~~-FnXeb6__ecKd-dFZ4kZZA==/com.google.android.trichromelibrary.canary_613700033-7Q2vBiD9q0nCftKFg-pq8w==/base.apk!/lib/arm64-v8a, permitted_path=/data:/mnt/expand:/data/user/0/com.chrome.canary
11-24 18:52:52.711  1795  3658 D CompatibilityChangeReporter: Compat change id reported: 182734110; UID 10010; state: ENABLED
11-24 18:52:52.713  1795  2424 D WifiNetworkFactory: got request NetworkRequest [ REQUEST id=5397, [ Capabilities: INTERNET&NOT_RESTRICTED&TRUSTED&NOT_VCN_MANAGED Uid: 10010 RequestorUid: 10010 RequestorPkg: com.chrome.canary UnderlyingNetworks: Null] ]
11-24 18:52:52.713  1795  3613 D CompatibilityChangeReporter: Compat change id reported: 149924527; UID 10010; state: ENABLED
11-24 18:52:52.713  1795  2424 V WifiNetworkFactory: Accepted network request NetworkRequest [ REQUEST id=5397, [ Capabilities: INTERNET&NOT_RESTRICTED&TRUSTED&NOT_VCN_MANAGED Uid: 10010 RequestorUid: 10010 RequestorPkg: com.chrome.canary UnderlyingNetworks: Null] ]
11-24 18:52:52.713  1795  2424 D UntrustedWifiNetworkFactory: got request NetworkRequest [ REQUEST id=5397, [ Capabilities: INTERNET&NOT_RESTRICTED&TRUSTED&NOT_VCN_MANAGED Uid: 10010 RequestorUid: 10010 RequestorPkg: com.chrome.canary UnderlyingNetworks: Null] ]
11-24 18:52:52.713 28022 28022 D nativeloader: Configuring clns-5 for other apk /data/app/~~dutrJzl_xJkEyCCvIkexCw==/com.chrome.canary-4jcd8srf2WXxld2NC1r69A==/base.apk. target_sdk_version=34, uses_libraries=, library_path=/data/app/~~dutrJzl_xJkEyCCvIkexCw==/com.chrome.canary-4jcd8srf2WXxld2NC1r69A==/lib/arm64:/data/app/~~dutrJzl_xJkEyCCvIkexCw==/com.chrome.canary-4jcd8srf2WXxld2NC1r69A==/base.apk!/lib/arm64-v8a:/data/app/~~-FnXeb6__ecKd-dFZ4kZZA==/com.google.android.trichromelibrary.canary_613700033-7Q2vBiD9q0nCftKFg-pq8w==/base.apk!/lib/arm64-v8a, permitted_path=/data:/mnt/expand:/data/user/0/com.chrome.canary
11-24 18:52:52.713  1795  2424 D OemPaidWifiNetworkFactory: got request NetworkRequest [ REQUEST id=5397, [ Capabilities: INTERNET&NOT_RESTRICTED&TRUSTED&NOT_VCN_MANAGED Uid: 10010 RequestorUid: 10010 RequestorPkg: com.chrome.canary UnderlyingNetworks: Null] ]
11-24 18:52:52.714  1795  2424 D MultiInternetWifiNetworkFactory: got request NetworkRequest [ REQUEST id=5397, [ Capabilities: INTERNET&NOT_RESTRICTED&TRUSTED&NOT_VCN_MANAGED Uid: 10010 RequestorUid: 10010 RequestorPkg: com.chrome.canary UnderlyingNetworks: Null] ]
11-24 18:52:52.714  1795  2432 D ConnectivityService: NetReassign [5397 : null → 100] [c 0] [a 1] [i 7]
11-24 18:52:52.714  1795  1854 D CompatibilityChangeReporter: Compat change id reported: 132649864; UID 10010; state: DISABLED
11-24 18:52:52.715 28013 28013 I cr_ChildProcessService: Creating new ChildProcessService pid=28013
11-24 18:52:52.716  1795  2432 D ConnectivityService: NetReassign [no changes] [c 0] [a 0] [i 2]
11-24 18:52:52.717 27939 28000 W chromium: [WARNING:ev_root_ca_metadata.cc(119)] Not implemented
11-24 18:52:52.717 27939 28000 W chromium: [WARNING:ev_root_ca_metadata.cc(119)] Not implemented
11-24 18:52:52.719 27939 27939 I cr_CombinedPProvider: #registerProvider() provider:gN2@6344470 isPolicyCacheEnabled:true policyProvidersSize:0
11-24 18:52:52.719 27939 27939 I cr_PolicyProvider: #setManagerAndSource() 0
11-24 18:52:52.719 27939 27939 I cr_CombinedPProvider: #registerProvider() provider:fj@fbb73e9 isPolicyCacheEnabled:false policyProvidersSize:1
11-24 18:52:52.720 27939 27939 I cr_PolicyProvider: #setManagerAndSource() 1
11-24 18:52:52.721 27939 27939 I cr_AppResProvider: #getApplicationRestrictionsFromUserManager() Bundle[EMPTY_PARCEL]
11-24 18:52:52.721 27939 27939 I cr_PolicyProvider: #notifySettingsAvailable() 1
11-24 18:52:52.721 27939 27939 I cr_CombinedPProvider: #onSettingsAvailable() 1
11-24 18:52:52.722 28022 28022 V GraphicsEnvironment: ANGLE Developer option for 'com.chrome.canary' set to: 'default'
11-24 18:52:52.722 28022 28022 V GraphicsEnvironment: ANGLE GameManagerService for com.chrome.canary: false
11-24 18:52:52.722 28022 28022 V GraphicsEnvironment: Updatable production driver is not supported on the device.
11-24 18:52:52.724 28022 28022 I LoadedApk: No resource references to update in package com.google.android.trichromelibrary.canary
11-24 18:52:52.724 28022 28022 D NetworkSecurityConfig: Using Network Security Config from resource 0_resource_name_obfuscated debugBuild: false
11-24 18:52:52.724 28022 28022 D NetworkSecurityConfig: Using Network Security Config from resource 0_resource_name_obfuscated debugBuild: false
11-24 18:52:52.724 28022 28022 I cr_SplitCompatApp: Launched version=121.0.6137.0 minSdkVersion=29 isBundle=true processName=com.chrome.canary:privileged_process0 isIsolated=false
11-24 18:52:52.725 27939 27939 I cr_PolicyProvider: #notifySettingsAvailable() 0
11-24 18:52:52.725 27939 27939 I cr_CombinedPProvider: #onSettingsAvailable() 0
11-24 18:52:52.726 27939 27939 I cr_CombinedPProvider: #flushPolicies()
11-24 18:52:52.726 27939 27939 I cr_PolicyService: #onPolicyServiceInitialized()
11-24 18:52:52.726 27939 27939 I cr_PolicyProvider: #notifySettingsAvailable() 0
11-24 18:52:52.726 27939 27939 I cr_CombinedPProvider: #onSettingsAvailable() 0
11-24 18:52:52.726 27939 27939 I cr_CombinedPProvider: #flushPolicies()
11-24 18:52:52.728 27939 27939 I cr_CompositorSurfaceMgr: Transitioning to surface with format: -1
11-24 18:52:52.729 28022 28022 I cr_ChildProcessService: Creating new ChildProcessService pid=28022
11-24 18:52:52.730 27939 27939 I cr_CompositorSurfaceMgr: surfaceCreated format: 0
11-24 18:52:52.733 27939 27939 W m.chrome.canary: Accessing hidden method Landroid/telephony/TelephonyManager;->getSubscriberInfoService()Lcom/android/internal/telephony/IPhoneSubInfo; (blocked, reflection, denied)
11-24 18:52:52.733 27939 27939 W m.chrome.canary: Accessing hidden method Landroid/telephony/TelephonyManager;->getSubscriberInfoService()Lcom/android/internal/telephony/IPhoneSubInfo; (blocked, reflection, denied)
11-24 18:52:52.733 27939 27939 W m.chrome.canary: Accessing hidden method Landroid/telephony/TelephonyManager;->getSubscriptionService()Lcom/android/internal/telephony/ISub; (blocked, reflection, denied)
11-24 18:52:52.733 27939 27939 W m.chrome.canary: Accessing hidden method Landroid/telephony/TelephonyManager;->getSubscriptionService()Lcom/android/internal/telephony/ISub; (blocked, reflection, denied)
11-24 18:52:52.733 27939 27939 W m.chrome.canary: Accessing hidden method Landroid/telephony/TelephonyManager;->getSmsService()Lcom/android/internal/telephony/ISms; (blocked, reflection, denied)
11-24 18:52:52.733 27939 27939 W m.chrome.canary: Accessing hidden method Landroid/telephony/TelephonyManager;->getSmsService()Lcom/android/internal/telephony/ISms; (blocked, reflection, denied)
11-24 18:52:52.733 27939 27939 W m.chrome.canary: Accessing hidden method Landroid/telephony/TelephonyManager;->getITelephony()Lcom/android/internal/telephony/ITelephony; (max-target-p, reflection, denied)
