11-24 19:00:35.250  1011  1189 D ASH     : @ 195687.438: tcs3701: start power rail timer, state:3
11-24 19:00:35.276 29531 29576 I BatteryMgr:DataCollectionService: stats => 1700848835276,11901,4443,-2746,4169000,100
11-24 19:00:35.290  1011  1189 I ASH     : @ 195687.478: tcs3701: stop power rail pending_off timer
11-24 19:00:35.290  1011  1189 D ASH     : @ 195687.478: tcs3701: start power rail timer, state:3
11-24 19:00:35.330  1011  1189 I ASH     : @ 195687.518: tcs3701: stop power rail pending_off timer
11-24 19:00:35.330  1011  1189 D ASH     : @ 195687.518: tcs3701: start power rail timer, state:3
11-24 19:00:35.370  1011  1189 I ASH     : @ 195687.558: tcs3701: stop power rail pending_off timer
11-24 19:00:35.370  1011  1189 D ASH     : @ 195687.558: tcs3701: start power rail timer, state:3
11-24 19:00:35.382 29531 29576 I BatteryMgr:DataCollectionService: stats => 1700848835382,11901,4443,-2746,4169000,100
11-24 19:00:35.410  1011  1189 I ASH     : @ 195687.598: tcs3701: stop power rail pending_off timer
11-24 19:00:35.410  1011  1189 D ASH     : @ 195687.598: tcs3701: start power rail timer, state:3
11-24 19:00:35.450  1011  1189 I ASH     : @ 195687.638: tcs3701: stop power rail pending_off timer
11-24 19:00:35.450  1011  1189 D ASH     : @ 195687.638: tcs3701: start power rail timer, state:3
11-24 19:00:35.490 29531 29576 I BatteryMgr:DataCollectionService: stats => 1700848835490,11901,4443,-2746,4169000,100
11-24 19:00:35.490  1011  1189 I ASH     : @ 195687.678: tcs3701: stop power rail pending_off timer
11-24 19:00:35.490  1011  1189 D ASH     : @ 195687.678: tcs3701: start power rail timer, state:3
11-24 19:00:35.530  1011  1189 I ASH     : @ 195687.718: tcs3701: stop power rail pending_off timer
11-24 19:00:35.530  1011  1189 D ASH     : @ 195687.718: tcs3701: start power rail timer, state:3
11-24 19:00:35.570  1011  1189 I ASH     : @ 195687.758: tcs3701: stop power rail pending_off timer
11-24 19:00:35.570  1011  1189 D ASH     : @ 195687.758: tcs3701: start power rail timer, state:3
11-24 19:00:35.595 29531 29576 I BatteryMgr:DataCollectionService: stats => 1700848835595,11901,4443,-2746,4169000,100
11-24 19:00:35.610  1011  1189 I ASH     : @ 195687.798: tcs3701: stop power rail pending_off timer
11-24 19:00:35.610  1011  1189 D ASH     : @ 195687.798: tcs3701: start power rail timer, state:3
11-24 19:00:35.650  1011  1189 I ASH     : @ 195687.838: tcs3701: stop power rail pending_off timer
11-24 19:00:35.650  1011  1189 D ASH     : @ 195687.838: tcs3701: start power rail timer, state:3
11-24 19:00:35.690  1011  1189 I ASH     : @ 195687.878: tcs3701: stop power rail pending_off timer
11-24 19:00:35.690  1011  1189 D ASH     : @ 195687.878: tcs3701: start power rail timer, state:3
11-24 19:00:35.702 29531 29576 I BatteryMgr:DataCollectionService: stats => 1700848835702,11901,4443,-2746,4169000,100
11-24 19:00:35.717  1795  2679 D ActivityManager: freezer override set to true
11-24 19:00:35.730  1011  1189 I ASH     : @ 195687.918: tcs3701: stop power rail pending_off timer
11-24 19:00:35.730  1011  1189 D ASH     : @ 195687.918: tcs3701: start power rail timer, state:3
11-24 19:00:35.770  1011  1189 I ASH     : @ 195687.958: tcs3701: stop power rail pending_off timer
11-24 19:00:35.770  1011  1189 D ASH     : @ 195687.958: tcs3701: start power rail timer, state:3
11-24 19:00:35.807  7402  7687 I m.chrome.canary: Explicit concurrent copying GC freed 3573(176KB) AllocSpace objects, 3(60KB) LOS objects, 75% free, 12MB/51MB, paused 161us,27us total 52.640ms
11-24 19:00:35.808 29531 29576 I BatteryMgr:DataCollectionService: stats => 1700848835808,11901,4443,-2746,4169000,100
11-24 19:00:35.810  1011  1189 I ASH     : @ 195687.998: tcs3701: stop power rail pending_off timer
11-24 19:00:35.810  1011  1189 D ASH     : @ 195687.998: tcs3701: start power rail timer, state:3
11-24 19:00:35.850  1011  1189 I ASH     : @ 195688.038: tcs3701: stop power rail pending_off timer
11-24 19:00:35.850  1011  1189 D ASH     : @ 195688.038: tcs3701: start power rail timer, state:3
11-24 19:00:35.866  1795  3324 D ActivityManager: freezer override set to false
11-24 19:00:35.890  1011  1189 I ASH     : @ 195688.078: tcs3701: stop power rail pending_off timer
11-24 19:00:35.890  1011  1189 D ASH     : @ 195688.078: tcs3701: start power rail timer, state:3
11-24 19:00:35.902  1795  3324 D ActivityManager: freezer override set to true
11-24 19:00:35.905  1795  3324 D ActivityManager: freezer override set to false
11-24 19:00:35.915 29531 29576 I BatteryMgr:DataCollectionService: stats => 1700848835915,11901,4443,-2746,4169000,100
11-24 19:00:35.930  1011  1189 I ASH     : @ 195688.118: tcs3701: stop power rail pending_off timer
11-24 19:00:35.930  1011  1189 D ASH     : @ 195688.118: tcs3701: start power rail timer, state:3
11-24 19:00:35.970  1011  1189 I ASH     : @ 195688.158: tcs3701: stop power rail pending_off timer
11-24 19:00:35.970  1011  1189 D ASH     : @ 195688.158: tcs3701: start power rail timer, state:3
11-24 19:00:36.010  1011  1189 I ASH     : @ 195688.198: tcs3701: stop power rail pending_off timer
11-24 19:00:36.010  1011  1189 D ASH     : @ 195688.198: tcs3701: start power rail timer, state:3
11-24 19:00:36.020 29531 29576 I BatteryMgr:DataCollectionService: stats => 1700848836019,11901,4443,-2746,4169000,100
11-24 19:00:36.050  1011  1189 I ASH     : @ 195688.238: tcs3701: stop power rail pending_off timer
11-24 19:00:36.050  1011  1189 D ASH     : @ 195688.238: tcs3701: start power rail timer, state:3
11-24 19:00:36.090  1011  1189 I ASH     : @ 195688.278: tcs3701: stop power rail pending_off timer
11-24 19:00:36.090  1011  1189 D ASH     : @ 195688.278: tcs3701: start power rail timer, state:3
11-24 19:00:36.126 29531 29576 I BatteryMgr:DataCollectionService: stats => 1700848836126,11901,4443,-2746,4169000,100
11-24 19:00:36.130  1011  1189 I ASH     : @ 195688.318: tcs3701: stop power rail pending_off timer
11-24 19:00:36.130  1011  1189 D ASH     : @ 195688.318: tcs3701: start power rail timer, state:3
11-24 19:00:36.170  1011  1189 I ASH     : @ 195688.358: tcs3701: stop power rail pending_off timer
11-24 19:00:36.170  1011  1189 D ASH     : @ 195688.358: tcs3701: start power rail timer, state:3
11-24 19:00:36.210  1011  1189 I ASH     : @ 195688.398: tcs3701: stop power rail pending_off timer
11-24 19:00:36.210  1011  1189 D ASH     : @ 195688.398: tcs3701: start power rail timer, state:3
11-24 19:00:36.230 29531 29576 I BatteryMgr:DataCollectionService: stats => 1700848836230,11901,4443,-2746,4169000,100
11-24 19:00:36.250  1011  1189 I ASH     : @ 195688.438: tcs3701: stop power rail pending_off timer
11-24 19:00:36.250  1011  1189 D ASH     : @ 195688.438: tcs3701: start power rail timer, state:3
11-24 19:00:36.290  1011  1189 I ASH     : @ 195688.478: tcs3701: stop power rail pending_off timer
11-24 19:00:36.290  1011  1189 D ASH     : @ 195688.478: tcs3701: start power rail timer, state:3
11-24 19:00:36.329  1011  1189 I ASH     : @ 195688.518: tcs3701: stop power rail pending_off timer
11-24 19:00:36.330  1011  1189 D ASH     : @ 195688.518: tcs3701: start power rail timer, state:3
11-24 19:00:36.337 29531 29576 I BatteryMgr:DataCollectionService: stats => 1700848836337,11901,4443,-2746,4169000,100
11-24 19:00:36.370  1011  1189 I ASH     : @ 195688.558: tcs3701: stop power rail pending_off timer
11-24 19:00:36.371  1011  1189 D ASH     : @ 195688.558: tcs3701: start power rail timer, state:3
11-24 19:00:36.410  1011  1189 I ASH     : @ 195688.598: tcs3701: stop power rail pending_off timer
11-24 19:00:36.410  1011  1189 D ASH     : @ 195688.598: tcs3701: start power rail timer, state:3
11-24 19:00:36.443 29531 29576 I BatteryMgr:DataCollectionService: stats => 1700848836443,11901,4443,-2746,4169000,100
11-24 19:00:36.450  1011  1189 I ASH     : @ 195688.638: tcs3701: stop power rail pending_off timer
11-24 19:00:36.450  1011  1189 D ASH     : @ 195688.638: tcs3701: start power rail timer, state:3
11-24 19:00:36.490  1011  1189 I ASH     : @ 195688.678: tcs3701: stop power rail pending_off timer
11-24 19:00:36.490  1011  1189 D ASH     : @ 195688.678: tcs3701: start power rail timer, state:3
11-24 19:00:36.530  1011  1189 I ASH     : @ 195688.718: tcs3701: stop power rail pending_off timer
11-24 19:00:36.530  1011  1189 D ASH     : @ 195688.718: tcs3701: start power rail timer, state:3
11-24 19:00:36.549 29531 29576 I BatteryMgr:DataCollectionService: stats => 1700848836549,11901,4443,-2746,4169000,100
11-24 19:00:36.557  1795  2424 D WifiClientModeImpl[13802:wlan0]: updateLinkLayerStatsRssiSpeedFrequencyCapabilities rssi=-44 TxLinkspeed=866 freq=5240 RxLinkSpeed=585
11-24 19:00:36.559  1795  2424 D WifiDataStall: tx tput in kbps: 794960
11-24 19:00:36.559  1795  2424 D WifiDataStall: rx tput in kbps: 794960
11-24 19:00:36.559  1795  2424 V WifiConfigManager: Updating scan detail cache freq=5240 BSSID=f4:6d:2f:12:cc:88 RSSI=-43 for "ourhome"WPA_PSK
11-24 19:00:36.559  2782  5906 D QCNEJ/WlanStaInfoRelay: Received action: android.net.wifi.RSSI_CHANGED
11-24 19:00:36.559  1795  2424 D WifiChannelUtilization:  freq: 5240 onTime: 5971371 busyTime: 604880 onTimeDiff: 61412 busyTimeDiff: 5091 utilization: 21 utilization t0: 25
11-24 19:00:36.559  1795  2424 D WifiDataStall:  ccaLevel = 21
11-24 19:00:36.560  1795  2424 D WifiDataStall: L2 txTputKbps: 731364, rxTputKbps: 537011, L3 txTputKbps: 117, rxTputKbps: 19, TxTrafficHigh: true, RxTrafficHigh: true, Throughput Sufficient: true
11-24 19:00:36.560  1795  2424 D WifiScoreReport: Wifi scoring disabled - Don't check IP layer
11-24 19:00:36.560  1795  2424 D WifiScoreCard: BSSID update SIGNAL_POLL ID: 1320464697 SSID: "ourhome", BSSID: f4:6d:2f:12:cc:88, MAC: b2:2f:ec:da:4a:0c, IP: /192.168.1.104, Security type: 2, Supplicant state: COMPLETED, Wi-Fi standard: 5, RSSI: -44, Link speed: 866Mbps, Tx Link speed: 866Mbps, Max Supported Tx Link speed: 866Mbps, Rx Link speed: 585Mbps, Max Supported Rx Link speed: 866Mbps, Frequency: 5240MHz, Net ID: 12, Metered hint: false, score: 60, isUsable: true, CarrierMerged: false, SubscriptionId: -1, IsPrimary: 1, Trusted: true, Restricted: false, Ephemeral: false, OEM paid: false, OEM private: false, OSU AP: false, FQDN: <none>, Provider friendly name: <none>, Requesting package name: <none>"ourhome"wpa2-pskMLO Information: , Is TID-To-Link negotiation supported by the AP: false, AP MLD Address: <none>, AP MLO Link Id: <none>, AP MLO Affiliated links: <none>
11-24 19:00:36.560  1795  2424 D WifiScoreCard: txRate: 7 txSpeed: 866
11-24 19:00:36.560  2673  3056 V WifiManager: OnWifiUsabilityStatsListener: onWifiUsabilityStats: seqNum=57823
11-24 19:00:36.560  1795  2424 D WifiScoreCard: network update SIGNAL_POLL "ourhome" ID: 1499892569 RSSI -44 txSpeed 866
11-24 19:00:36.560  1795  2424 D WifiClientModeImpl[13802:wlan0]:  ClientModeImpl$L2ConnectedState screen=on 29 0 "ourhome" f4:6d:2f:12:cc:88 rssi=-44 f=5240 sc=60 link=866 tx=5.9, 0.4, 0.0 rx=4.0 bcn=1886085 [on:342 tx:4 rx:1 period:3012] from screen [on:1361791 period:44078551] score=60
11-24 19:00:36.561  1795  3324 I WifiService: updateWifiUsabilityScore uid=10180 seqNum=57823 score=100 predictionHorizonSec=1441795
11-24 19:00:36.562  1795  2424 D WifiScoreReport: Wifi scoring disabled - Notify that Wifi is usable
11-24 19:00:36.565  1795  2432 D ConnectivityService: NetReassign [no changes] [c 0] [a 0] [i 3]
11-24 19:00:36.570  1011  1189 I ASH     : @ 195688.758: tcs3701: stop power rail pending_off timer
11-24 19:00:36.570  1011  1189 D ASH     : @ 195688.758: tcs3701: start power rail timer, state:3
11-24 19:00:36.610  1011  1189 I ASH     : @ 195688.798: tcs3701: stop power rail pending_off timer
11-24 19:00:36.610  1011  1189 D ASH     : @ 195688.798: tcs3701: start power rail timer, state:3
11-24 19:00:36.650  1011  1189 I ASH     : @ 195688.838: tcs3701: stop power rail pending_off timer
11-24 19:00:36.650  1011  1189 D ASH     : @ 195688.838: tcs3701: start power rail timer, state:3
11-24 19:00:36.654 29531 29576 I BatteryMgr:DataCollectionService: stats => 1700848836654,11901,4443,-2746,4169000,100
11-24 19:00:36.690  1011  1189 I ASH     : @ 195688.878: tcs3701: stop power rail pending_off timer
11-24 19:00:36.690  1011  1189 D ASH     : @ 195688.878: tcs3701: start power rail timer, state:3
11-24 19:00:36.730  1011  1189 I ASH     : @ 195688.918: tcs3701: stop power rail pending_off timer
11-24 19:00:36.730  1011  1189 D ASH     : @ 195688.918: tcs3701: start power rail timer, state:3
11-24 19:00:36.760 29531 29576 I BatteryMgr:DataCollectionService: stats => 1700848836760,11901,4443,-2746,4169000,100
11-24 19:00:36.770  1011  1189 I ASH     : @ 195688.958: tcs3701: stop power rail pending_off timer
11-24 19:00:36.770  1011  1189 D ASH     : @ 195688.958: tcs3701: start power rail timer, state:3
11-24 19:00:36.810  1011  1189 I ASH     : @ 195688.998: tcs3701: stop power rail pending_off timer
11-24 19:00:36.810  1011  1189 D ASH     : @ 195688.998: tcs3701: start power rail timer, state:3
11-24 19:00:36.833  1795  3324 D ActivityManager: freezer override set to true
11-24 19:00:36.839  1795  3324 D ActivityManager: freezer override set to false
11-24 19:00:36.850  1011  1189 I ASH     : @ 195689.038: tcs3701: stop power rail pending_off timer
11-24 19:00:36.850  1011  1189 D ASH     : @ 195689.038: tcs3701: start power rail timer, state:3
11-24 19:00:36.866 29531 29576 I BatteryMgr:DataCollectionService: stats => 1700848836866,11901,4443,-2746,4169000,100
11-24 19:00:36.890  1011  1189 I ASH     : @ 195689.078: tcs3701: stop power rail pending_off timer
11-24 19:00:36.890  1011  1189 D ASH     : @ 195689.078: tcs3701: start power rail timer, state:3
11-24 19:00:36.930  1011  1189 I ASH     : @ 195689.118: tcs3701: stop power rail pending_off timer
11-24 19:00:36.930  1011  1189 D ASH     : @ 195689.118: tcs3701: start power rail timer, state:3
11-24 19:00:36.937  2113  2118 I pixel-thermal: skin-therm-monitor: 38.173
11-24 19:00:36.970  1011  1189 I ASH     : @ 195689.158: tcs3701: stop power rail pending_off timer
11-24 19:00:36.970  1011  1189 D ASH     : @ 195689.158: tcs3701: start power rail timer, state:3
11-24 19:00:36.977 29531 29576 I BatteryMgr:DataCollectionService: stats => 1700848836977,11901,4443,-2746,4169000,100
11-24 19:00:37.010  1011  1189 I ASH     : @ 195689.198: tcs3701: stop power rail pending_off timer
11-24 19:00:37.010  1011  1189 D ASH     : @ 195689.198: tcs3701: start power rail timer, state:3
11-24 19:00:37.050  1011  1189 I ASH     : @ 195689.238: tcs3701: stop power rail pending_off timer
11-24 19:00:37.050  1011  1189 D ASH     : @ 195689.238: tcs3701: start power rail timer, state:3
11-24 19:00:37.054  1795  3324 D ActivityManager: freezer override set to true
11-24 19:00:37.083 29531 29576 I BatteryMgr:DataCollectionService: stats => 1700848837083,11901,4443,-2746,4169000,100
11-24 19:00:37.090  1011  1189 I ASH     : @ 195689.278: tcs3701: stop power rail pending_off timer
11-24 19:00:37.090  1011  1189 D ASH     : @ 195689.278: tcs3701: start power rail timer, state:3
11-24 19:00:37.130  1011  1189 I ASH     : @ 195689.318: tcs3701: stop power rail pending_off timer
11-24 19:00:37.130  1011  1189 D ASH     : @ 195689.318: tcs3701: start power rail timer, state:3
11-24 19:00:37.143  7402  7687 I m.chrome.canary: Explicit concurrent copying GC freed 3802(191KB) AllocSpace objects, 4(80KB) LOS objects, 75% free, 12MB/51MB, paused 31us,21us total 51.573ms
11-24 19:00:37.170  1011  1189 I ASH     : @ 195689.358: tcs3701: stop power rail pending_off timer
11-24 19:00:37.170  1011  1189 D ASH     : @ 195689.358: tcs3701: start power rail timer, state:3
11-24 19:00:37.192 29531 29576 I BatteryMgr:DataCollectionService: stats => 1700848837192,11901,4443,-2746,4169000,100
11-24 19:00:37.203  1795  3324 D ActivityManager: freezer override set to false
11-24 19:00:37.210  1011  1189 I ASH     : @ 195689.398: tcs3701: stop power rail pending_off timer
11-24 19:00:37.210  1011  1189 D ASH     : @ 195689.398: tcs3701: start power rail timer, state:3
11-24 19:00:37.244  1795  3324 D ActivityManager: freezer override set to true
11-24 19:00:37.246  1795  3324 D ActivityManager: freezer override set to false
11-24 19:00:37.250  1011  1189 I ASH     : @ 195689.438: tcs3701: stop power rail pending_off timer
11-24 19:00:37.250  1011  1189 D ASH     : @ 195689.438: tcs3701: start power rail timer, state:3
11-24 19:00:37.290  1011  1189 I ASH     : @ 195689.478: tcs3701: stop power rail pending_off timer
11-24 19:00:37.290  1011  1189 D ASH     : @ 195689.478: tcs3701: start power rail timer, state:3
11-24 19:00:37.297 29531 29576 I BatteryMgr:DataCollectionService: stats => 1700848837297,11901,4443,-2746,4169000,100
11-24 19:00:37.330  1011  1189 I ASH     : @ 195689.518: tcs3701: stop power rail pending_off timer
11-24 19:00:37.330  1011  1189 D ASH     : @ 195689.518: tcs3701: start power rail timer, state:3
11-24 19:00:37.370  1011  1189 I ASH     : @ 195689.558: tcs3701: stop power rail pending_off timer
11-24 19:00:37.370  1011  1189 D ASH     : @ 195689.558: tcs3701: start power rail timer, state:3
11-24 19:00:37.404 29531 29576 I BatteryMgr:DataCollectionService: stats => 1700848837404,11901,4443,-2746,4169000,100
11-24 19:00:37.410  1011  1189 I ASH     : @ 195689.598: tcs3701: stop power rail pending_off timer
11-24 19:00:37.410  1011  1189 D ASH     : @ 195689.598: tcs3701: start power rail timer, state:3
11-24 19:00:37.451  1011  1189 I ASH     : @ 195689.638: tcs3701: stop power rail pending_off timer
11-24 19:00:37.451  1011  1189 D ASH     : @ 195689.638: tcs3701: start power rail timer, state:3
11-24 19:00:37.490  1011  1189 I ASH     : @ 195689.678: tcs3701: stop power rail pending_off timer
11-24 19:00:37.490  1011  1189 D ASH     : @ 195689.678: tcs3701: start power rail timer, state:3
11-24 19:00:37.509 29531 29576 I BatteryMgr:DataCollectionService: stats => 1700848837509,11901,4443,-2746,4169000,100
11-24 19:00:37.530  1011  1189 I ASH     : @ 195689.718: tcs3701: stop power rail pending_off timer
11-24 19:00:37.530  1011  1189 D ASH     : @ 195689.718: tcs3701: start power rail timer, state:3
11-24 19:00:37.570  1011  1189 I ASH     : @ 195689.758: tcs3701: stop power rail pending_off timer
11-24 19:00:37.570  1011  1189 D ASH     : @ 195689.758: tcs3701: start power rail timer, state:3
11-24 19:00:37.610  1011  1189 I ASH     : @ 195689.798: tcs3701: stop power rail pending_off timer
11-24 19:00:37.610  1011  1189 D ASH     : @ 195689.798: tcs3701: start power rail timer, state:3
11-24 19:00:37.617 29531 29576 I BatteryMgr:DataCollectionService: stats => 1700848837617,11901,4443,-2746,4169000,100
11-24 19:00:37.650  1011  1189 I ASH     : @ 195689.838: tcs3701: stop power rail pending_off timer
11-24 19:00:37.650  1011  1189 D ASH     : @ 195689.838: tcs3701: start power rail timer, state:3
11-24 19:00:37.690  1011  1189 I ASH     : @ 195689.878: tcs3701: stop power rail pending_off timer
11-24 19:00:37.690  1011  1189 D ASH     : @ 195689.878: tcs3701: start power rail timer, state:3
11-24 19:00:37.722 29531 29576 I BatteryMgr:DataCollectionService: stats => 1700848837722,11901,4443,-2746,4169000,100
11-24 19:00:37.730  1011  1189 I ASH     : @ 195689.918: tcs3701: stop power rail pending_off timer
11-24 19:00:37.730  1011  1189 D ASH     : @ 195689.918: tcs3701: start power rail timer, state:3
11-24 19:00:37.770  1011  1189 I ASH     : @ 195689.958: tcs3701: stop power rail pending_off timer
11-24 19:00:37.770  1011  1189 D ASH     : @ 195689.958: tcs3701: start power rail timer, state:3
11-24 19:00:37.810  1011  1189 I ASH     : @ 195689.998: tcs3701: stop power rail pending_off timer
11-24 19:00:37.810  1011  1189 D ASH     : @ 195689.998: tcs3701: start power rail timer, state:3
11-24 19:00:37.831 29531 29576 I BatteryMgr:DataCollectionService: stats => 1700848837831,11901,4443,-2746,4169000,100
11-24 19:00:37.835  1795  3324 D ActivityManager: freezer override set to true
11-24 19:00:37.840  1795  3324 D ActivityManager: freezer override set to false
11-24 19:00:37.850  1011  1189 I ASH     : @ 195690.038: tcs3701: stop power rail pending_off timer
11-24 19:00:37.850  1011  1189 D ASH     : @ 195690.038: tcs3701: start power rail timer, state:3
11-24 19:00:37.890  1011  1189 I ASH     : @ 195690.078: tcs3701: stop power rail pending_off timer
11-24 19:00:37.890  1011  1189 D ASH     : @ 195690.078: tcs3701: start power rail timer, state:3
11-24 19:00:37.930  1011  1189 I ASH     : @ 195690.118: tcs3701: stop power rail pending_off timer
11-24 19:00:37.930  1011  1189 D ASH     : @ 195690.118: tcs3701: start power rail timer, state:3
11-24 19:00:37.938 29531 29576 I BatteryMgr:DataCollectionService: stats => 1700848837937,11901,4443,-2746,4169000,100
11-24 19:00:37.970  1011  1189 I ASH     : @ 195690.158: tcs3701: stop power rail pending_off timer
11-24 19:00:37.970  1011  1189 D ASH     : @ 195690.158: tcs3701: start power rail timer, state:3
11-24 19:00:38.009  1011  1189 I ASH     : @ 195690.198: tcs3701: stop power rail pending_off timer
11-24 19:00:38.010  1011  1189 D ASH     : @ 195690.198: tcs3701: start power rail timer, state:3
11-24 19:00:38.043 29531 29576 I BatteryMgr:DataCollectionService: stats => 1700848838043,11901,4443,-2746,4169000,100
11-24 19:00:38.050  1011  1189 I ASH     : @ 195690.238: tcs3701: stop power rail pending_off timer
11-24 19:00:38.050  1011  1189 D ASH     : @ 195690.238: tcs3701: start power rail timer, state:3
11-24 19:00:38.090  1011  1189 I ASH     : @ 195690.278: tcs3701: stop power rail pending_off timer
11-24 19:00:38.090  1011  1189 D ASH     : @ 195690.278: tcs3701: start power rail timer, state:3
11-24 19:00:38.130  1011  1189 I ASH     : @ 195690.318: tcs3701: stop power rail pending_off timer
11-24 19:00:38.130  1011  1189 D ASH     : @ 195690.318: tcs3701: start power rail timer, state:3
11-24 19:00:38.149 29531 29576 I BatteryMgr:DataCollectionService: stats => 1700848838149,11901,4443,-2746,4169000,100
11-24 19:00:38.170  1011  1189 I ASH     : @ 195690.358: tcs3701: stop power rail pending_off timer
11-24 19:00:38.170  1011  1189 D ASH     : @ 195690.358: tcs3701: start power rail timer, state:3
11-24 19:00:38.210  1011  1189 I ASH     : @ 195690.398: tcs3701: stop power rail pending_off timer
11-24 19:00:38.210  1011  1189 D ASH     : @ 195690.398: tcs3701: start power rail timer, state:3
11-24 19:00:38.250  1011  1189 I ASH     : @ 195690.438: tcs3701: stop power rail pending_off timer
11-24 19:00:38.250  1011  1189 D ASH     : @ 195690.438: tcs3701: start power rail timer, state:3
11-24 19:00:38.254 29531 29576 I BatteryMgr:DataCollectionService: stats => 1700848838254,11901,4443,-2746,4169000,100
11-24 19:00:38.290  1011  1189 I ASH     : @ 195690.478: tcs3701: stop power rail pending_off timer
11-24 19:00:38.290  1011  1189 D ASH     : @ 195690.478: tcs3701: start power rail timer, state:3
11-24 19:00:38.330  1011  1189 I ASH     : @ 195690.518: tcs3701: stop power rail pending_off timer
11-24 19:00:38.330  1011  1189 D ASH     : @ 195690.518: tcs3701: start power rail timer, state:3
11-24 19:00:38.362 29531 29576 I BatteryMgr:DataCollectionService: stats => 1700848838362,11901,4443,-2746,4169000,100
11-24 19:00:38.370  1011  1189 I ASH     : @ 195690.558: tcs3701: stop power rail pending_off timer
11-24 19:00:38.370  1011  1189 D ASH     : @ 195690.558: tcs3701: start power rail timer, state:3
11-24 19:00:38.389  1795  3324 D ActivityManager: freezer override set to true
11-24 19:00:38.410  1011  1189 I ASH     : @ 195690.598: tcs3701: stop power rail pending_off timer
11-24 19:00:38.410  1011  1189 D ASH     : @ 195690.598: tcs3701: start power rail timer, state:3
11-24 19:00:38.450  1011  1189 I ASH     : @ 195690.638: tcs3701: stop power rail pending_off timer
11-24 19:00:38.450  1011  1189 D ASH     : @ 195690.638: tcs3701: start power rail timer, state:3
11-24 19:00:38.469 29531 29576 I BatteryMgr:DataCollectionService: stats => 1700848838469,11901,4443,-2746,4169000,100
11-24 19:00:38.490  1011  1189 I ASH     : @ 195690.678: tcs3701: stop power rail pending_off timer
11-24 19:00:38.490  1011  1189 D ASH     : @ 195690.678: tcs3701: start power rail timer, state:3
11-24 19:00:38.520  7402  7687 I m.chrome.canary: Explicit concurrent copying GC freed 3592(176KB) AllocSpace objects, 3(60KB) LOS objects, 75% free, 12MB/51MB, paused 73us,28us total 45.112ms
11-24 19:00:38.530  1011  1189 I ASH     : @ 195690.718: tcs3701: stop power rail pending_off timer
11-24 19:00:38.530  1011  1189 D ASH     : @ 195690.718: tcs3701: start power rail timer, state:3
11-24 19:00:38.570  1011  1189 I ASH     : @ 195690.758: tcs3701: stop power rail pending_off timer
11-24 19:00:38.570  1011  1189 D ASH     : @ 195690.758: tcs3701: start power rail timer, state:3
11-24 19:00:38.576 29531 29576 I BatteryMgr:DataCollectionService: stats => 1700848838576,11901,4443,-2746,4169000,100
11-24 19:00:38.577  1795  3324 D ActivityManager: freezer override set to false
11-24 19:00:38.610  1011  1189 I ASH     : @ 195690.798: tcs3701: stop power rail pending_off timer
11-24 19:00:38.610  1011  1189 D ASH     : @ 195690.798: tcs3701: start power rail timer, state:3
11-24 19:00:38.626  1795  3324 D ActivityManager: freezer override set to true
11-24 19:00:38.629  1795  3324 D ActivityManager: freezer override set to false
11-24 19:00:38.650  1011  1189 I ASH     : @ 195690.838: tcs3701: stop power rail pending_off timer
11-24 19:00:38.650  1011  1189 D ASH     : @ 195690.838: tcs3701: start power rail timer, state:3
11-24 19:00:38.682 29531 29576 I BatteryMgr:DataCollectionService: stats => 1700848838682,11901,4443,-2746,4169000,100
11-24 19:00:38.690  1011  1189 I ASH     : @ 195690.878: tcs3701: stop power rail pending_off timer
11-24 19:00:38.690  1011  1189 D ASH     : @ 195690.878: tcs3701: start power rail timer, state:3
11-24 19:00:38.730  1011  1189 I ASH     : @ 195690.918: tcs3701: stop power rail pending_off timer
11-24 19:00:38.730  1011  1189 D ASH     : @ 195690.918: tcs3701: start power rail timer, state:3
11-24 19:00:38.770  1011  1189 I ASH     : @ 195690.958: tcs3701: stop power rail pending_off timer
11-24 19:00:38.770  1011  1189 D ASH     : @ 195690.958: tcs3701: start power rail timer, state:3
11-24 19:00:38.790 29531 29576 I BatteryMgr:DataCollectionService: stats => 1700848838790,11901,4443,-2746,4169000,100
11-24 19:00:38.810  1011  1189 I ASH     : @ 195690.998: tcs3701: stop power rail pending_off timer
11-24 19:00:38.810  1011  1189 D ASH     : @ 195690.998: tcs3701: start power rail timer, state:3
11-24 19:00:38.837  1795  3324 D ActivityManager: freezer override set to true
11-24 19:00:38.843  1795  3324 D ActivityManager: freezer override set to false
11-24 19:00:38.850  1011  1189 I ASH     : @ 195691.038: tcs3701: stop power rail pending_off timer
11-24 19:00:38.850  1011  1189 D ASH     : @ 195691.038: tcs3701: start power rail timer, state:3
11-24 19:00:38.890  1011  1189 I ASH     : @ 195691.078: tcs3701: stop power rail pending_off timer
11-24 19:00:38.890  1011  1189 D ASH     : @ 195691.078: tcs3701: start power rail timer, state:3
11-24 19:00:38.899 29531 29576 I BatteryMgr:DataCollectionService: stats => 1700848838899,11901,4443,-2746,4169000,100
11-24 19:00:38.930  1011  1189 I ASH     : @ 195691.118: tcs3701: stop power rail pending_off timer
11-24 19:00:38.930  1011  1189 D ASH     : @ 195691.118: tcs3701: start power rail timer, state:3
11-24 19:00:38.940  2113  2118 I pixel-thermal: skin-therm-monitor: 38.2
11-24 19:00:38.970  1011  1189 I ASH     : @ 195691.158: tcs3701: stop power rail pending_off timer
11-24 19:00:38.970  1011  1189 D ASH     : @ 195691.158: tcs3701: start power rail timer, state:3
11-24 19:00:39.009 29531 29576 I BatteryMgr:DataCollectionService: stats => 1700848839008,11901,4443,-2746,4169000,100
11-24 19:00:39.010  1011  1189 I ASH     : @ 195691.198: tcs3701: stop power rail pending_off timer
11-24 19:00:39.010  1011  1189 D ASH     : @ 195691.198: tcs3701: start power rail timer, state:3
11-24 19:00:39.050  1011  1189 I ASH     : @ 195691.238: tcs3701: stop power rail pending_off timer
11-24 19:00:39.050  1011  1189 D ASH     : @ 195691.238: tcs3701: start power rail timer, state:3
11-24 19:00:39.090  1011  1189 I ASH     : @ 195691.278: tcs3701: stop power rail pending_off timer
11-24 19:00:39.091  1011  1189 D ASH     : @ 195691.278: tcs3701: start power rail timer, state:3
11-24 19:00:39.119 29531 29576 I BatteryMgr:DataCollectionService: stats => 1700848839119,11901,4443,-2746,4169000,100
11-24 19:00:39.130  1011  1189 I ASH     : @ 195691.318: tcs3701: stop power rail pending_off timer
11-24 19:00:39.130  1011  1189 D ASH     : @ 195691.318: tcs3701: start power rail timer, state:3
11-24 19:00:39.170  1011  1189 I ASH     : @ 195691.358: tcs3701: stop power rail pending_off timer
11-24 19:00:39.170  1011  1189 D ASH     : @ 195691.358: tcs3701: start power rail timer, state:3
11-24 19:00:39.210  1011  1189 I ASH     : @ 195691.398: tcs3701: stop power rail pending_off timer
11-24 19:00:39.210  1011  1189 D ASH     : @ 195691.398: tcs3701: start power rail timer, state:3
11-24 19:00:39.229 29531 29576 I BatteryMgr:DataCollectionService: stats => 1700848839229,11901,4443,-2746,4169000,100
11-24 19:00:39.250  1011  1189 I ASH     : @ 195691.438: tcs3701: stop power rail pending_off timer
11-24 19:00:39.250  1011  1189 D ASH     : @ 195691.438: tcs3701: start power rail timer, state:3
11-24 19:00:39.290  1011  1189 I ASH     : @ 195691.478: tcs3701: stop power rail pending_off timer
11-24 19:00:39.290  1011  1189 D ASH     : @ 195691.478: tcs3701: start power rail timer, state:3
11-24 19:00:39.330  1011  1189 I ASH     : @ 195691.518: tcs3701: stop power rail pending_off timer
11-24 19:00:39.330  1011  1189 D ASH     : @ 195691.518: tcs3701: start power rail timer, state:3
11-24 19:00:39.338 29531 29576 I BatteryMgr:DataCollectionService: stats => 1700848839338,11901,4443,-2746,4169000,100
11-24 19:00:39.370  1011  1189 I ASH     : @ 195691.558: tcs3701: stop power rail pending_off timer
11-24 19:00:39.370  1011  1189 D ASH     : @ 195691.558: tcs3701: start power rail timer, state:3
11-24 19:00:39.410  1011  1189 I ASH     : @ 195691.598: tcs3701: stop power rail pending_off timer
11-24 19:00:39.410  1011  1189 D ASH     : @ 195691.598: tcs3701: start power rail timer, state:3
11-24 19:00:39.446 29531 29576 I BatteryMgr:DataCollectionService: stats => 1700848839446,11901,4443,-2746,4169000,100
11-24 19:00:39.450  1011  1189 I ASH     : @ 195691.638: tcs3701: stop power rail pending_off timer
11-24 19:00:39.450  1011  1189 D ASH     : @ 195691.638: tcs3701: start power rail timer, state:3
11-24 19:00:39.490  1011  1189 I ASH     : @ 195691.678: tcs3701: stop power rail pending_off timer
11-24 19:00:39.490  1011  1189 D ASH     : @ 195691.678: tcs3701: start power rail timer, state:3
11-24 19:00:39.530  1011  1189 I ASH     : @ 195691.718: tcs3701: stop power rail pending_off timer
11-24 19:00:39.530  1011  1189 D ASH     : @ 195691.718: tcs3701: start power rail timer, state:3
11-24 19:00:39.556 29531 29576 I BatteryMgr:DataCollectionService: stats => 1700848839556,11901,4443,-2746,4169000,100
11-24 19:00:39.570  1011  1189 I ASH     : @ 195691.758: tcs3701: stop power rail pending_off timer
11-24 19:00:39.570  1011  1189 D ASH     : @ 195691.758: tcs3701: start power rail timer, state:3
11-24 19:00:39.573  1795  2424 D WifiClientModeImpl[13802:wlan0]: updateLinkLayerStatsRssiSpeedFrequencyCapabilities rssi=-45 TxLinkspeed=866 freq=5240 RxLinkSpeed=585
11-24 19:00:39.574  1795  2424 D WifiDataStall: tx tput in kbps: 731364
11-24 19:00:39.574  1795  2424 D WifiDataStall: rx tput in kbps: 537011
11-24 19:00:39.574  1795  2424 V WifiConfigManager: Updating scan detail cache freq=5240 BSSID=f4:6d:2f:12:cc:88 RSSI=-44 for "ourhome"WPA_PSK
11-24 19:00:39.575  1795  2424 D WifiChannelUtilization:  freq: 5240 onTime: 5971524 busyTime: 604904 onTimeDiff: 61565 busyTimeDiff: 5115 utilization: 21 utilization t0: 25
11-24 19:00:39.575  1795  2424 D WifiDataStall:  ccaLevel = 21
11-24 19:00:39.575  1795  2424 D WifiDataStall: L2 txTputKbps: 794960, rxTputKbps: 537011, L3 txTputKbps: 48, rxTputKbps: 2, TxTrafficHigh: true, RxTrafficHigh: false, Throughput Sufficient: true
11-24 19:00:39.575  2782  5906 D QCNEJ/WlanStaInfoRelay: Received action: android.net.wifi.RSSI_CHANGED
11-24 19:00:39.575  2673  3056 V WifiManager: OnWifiUsabilityStatsListener: onWifiUsabilityStats: seqNum=57824
11-24 19:00:39.575  1795  2424 D WifiScoreReport: Wifi scoring disabled - Don't check IP layer
11-24 19:00:39.575  1795  2424 D WifiScoreCard: BSSID update SIGNAL_POLL ID: 1320464697 SSID: "ourhome", BSSID: f4:6d:2f:12:cc:88, MAC: b2:2f:ec:da:4a:0c, IP: /192.168.1.104, Security type: 2, Supplicant state: COMPLETED, Wi-Fi standard: 5, RSSI: -45, Link speed: 866Mbps, Tx Link speed: 866Mbps, Max Supported Tx Link speed: 866Mbps, Rx Link speed: 585Mbps, Max Supported Rx Link speed: 866Mbps, Frequency: 5240MHz, Net ID: 12, Metered hint: false, score: 60, isUsable: true, CarrierMerged: false, SubscriptionId: -1, IsPrimary: 1, Trusted: true, Restricted: false, Ephemeral: false, OEM paid: false, OEM private: false, OSU AP: false, FQDN: <none>, Provider friendly name: <none>, Requesting package name: <none>"ourhome"wpa2-pskMLO Information: , Is TID-To-Link negotiation supported by the AP: false, AP MLD Address: <none>, AP MLO Link Id: <none>, AP MLO Affiliated links: <none>
11-24 19:00:39.575  1795  2424 D WifiScoreCard: txRate: 4 txSpeed: 866
11-24 19:00:39.575  1795  2424 D WifiScoreCard: network update SIGNAL_POLL "ourhome" ID: 1499892569 RSSI -45 txSpeed 866
11-24 19:00:39.576  1795  3324 I WifiService: updateWifiUsabilityScore uid=10180 seqNum=57824 score=100 predictionHorizonSec=1441795
11-24 19:00:39.576  1795  2424 D WifiClientModeImpl[13802:wlan0]:  ClientModeImpl$L2ConnectedState screen=on 29 0 "ourhome" f4:6d:2f:12:cc:88 rssi=-45 f=5240 sc=60 link=866 tx=3.6, 0.1, 0.0 rx=2.7 bcn=1886114 [on:153 tx:2 rx:1 period:3016] from screen [on:1361944 period:44081567] score=60
11-24 19:00:39.577  1795  2424 D WifiScoreReport: Wifi scoring disabled - Notify that Wifi is usable
11-24 19:00:39.580  1795  2432 D ConnectivityService: NetReassign [no changes] [c 0] [a 1] [i 2]
11-24 19:00:39.610  1011  1189 I ASH     : @ 195691.798: tcs3701: stop power rail pending_off timer
11-24 19:00:39.610  1011  1189 D ASH     : @ 195691.798: tcs3701: start power rail timer, state:3
11-24 19:00:39.650  1011  1189 I ASH     : @ 195691.838: tcs3701: stop power rail pending_off timer
11-24 19:00:39.650  1011  1189 D ASH     : @ 195691.838: tcs3701: start power rail timer, state:3
11-24 19:00:39.664 29531 29576 I BatteryMgr:DataCollectionService: stats => 1700848839664,11901,4443,-2746,4169000,100
11-24 19:00:39.690  1011  1189 I ASH     : @ 195691.878: tcs3701: stop power rail pending_off timer
11-24 19:00:39.690  1011  1189 D ASH     : @ 195691.878: tcs3701: start power rail timer, state:3
11-24 19:00:39.730  1011  1189 I ASH     : @ 195691.918: tcs3701: stop power rail pending_off timer
11-24 19:00:39.730  1011  1189 D ASH     : @ 195691.918: tcs3701: start power rail timer, state:3
11-24 19:00:39.770  1011  1189 I ASH     : @ 195691.958: tcs3701: stop power rail pending_off timer
11-24 19:00:39.770  1011  1189 D ASH     : @ 195691.958: tcs3701: start power rail timer, state:3
11-24 19:00:39.770 29531 29576 I BatteryMgr:DataCollectionService: stats => 1700848839770,11901,4443,-2746,4169000,100
11-24 19:00:39.804  1795  3324 D ActivityManager: freezer override set to true
11-24 19:00:39.810  1011  1189 I ASH     : @ 195691.998: tcs3701: stop power rail pending_off timer
11-24 19:00:39.810  1011  1189 D ASH     : @ 195691.998: tcs3701: start power rail timer, state:3
11-24 19:00:39.850  1011  1189 I ASH     : @ 195692.038: tcs3701: stop power rail pending_off timer
11-24 19:00:39.850  1011  1189 D ASH     : @ 195692.038: tcs3701: start power rail timer, state:3
11-24 19:00:39.877 29531 29576 I BatteryMgr:DataCollectionService: stats => 1700848839877,11901,4443,-2746,4169000,100
11-24 19:00:39.889  1011  1189 I ASH     : @ 195692.078: tcs3701: stop power rail pending_off timer
11-24 19:00:39.890  1011  1189 D ASH     : @ 195692.078: tcs3701: start power rail timer, state:3
11-24 19:00:39.892  7402  7687 I m.chrome.canary: Explicit concurrent copying GC freed 3575(176KB) AllocSpace objects, 3(60KB) LOS objects, 75% free, 12MB/51MB, paused 176us,24us total 51.254ms
11-24 19:00:39.930  1011  1189 I ASH     : @ 195692.118: tcs3701: stop power rail pending_off timer
11-24 19:00:39.930  1011  1189 D ASH     : @ 195692.118: tcs3701: start power rail timer, state:3
11-24 19:00:39.952  1795  4166 D ActivityManager: freezer override set to false
11-24 19:00:39.970  1011  1189 I ASH     : @ 195692.158: tcs3701: stop power rail pending_off timer
11-24 19:00:39.970  1011  1189 D ASH     : @ 195692.158: tcs3701: start power rail timer, state:3
11-24 19:00:39.987 29531 29576 I BatteryMgr:DataCollectionService: stats => 1700848839986,11901,4443,-2746,4169000,100
11-24 19:00:39.988  1795  4166 D ActivityManager: freezer override set to true
11-24 19:00:39.991  1795  4166 D ActivityManager: freezer override set to false
11-24 19:00:40.010  1011  1189 I ASH     : @ 195692.198: tcs3701: stop power rail pending_off timer
11-24 19:00:40.010  1011  1189 D ASH     : @ 195692.198: tcs3701: start power rail timer, state:3
11-24 19:00:40.051  1011  1189 I ASH     : @ 195692.238: tcs3701: stop power rail pending_off timer
11-24 19:00:40.051  1011  1189 D ASH     : @ 195692.238: tcs3701: start power rail timer, state:3
11-24 19:00:40.090  1011  1189 I ASH     : @ 195692.278: tcs3701: stop power rail pending_off timer
11-24 19:00:40.090  1011  1189 D ASH     : @ 195692.278: tcs3701: start power rail timer, state:3
11-24 19:00:40.094 29531 29576 I BatteryMgr:DataCollectionService: stats => 1700848840094,11901,4443,-2746,4169000,100
11-24 19:00:40.130  1011  1189 I ASH     : @ 195692.318: tcs3701: stop power rail pending_off timer
11-24 19:00:40.130  1011  1189 D ASH     : @ 195692.318: tcs3701: start power rail timer, state:3
11-24 19:00:40.170  1011  1189 I ASH     : @ 195692.358: tcs3701: stop power rail pending_off timer
11-24 19:00:40.170  1011  1189 D ASH     : @ 195692.358: tcs3701: start power rail timer, state:3
11-24 19:00:40.202 29531 29576 I BatteryMgr:DataCollectionService: stats => 1700848840202,11901,4443,-2746,4169000,100
11-24 19:00:40.210  1011  1189 I ASH     : @ 195692.398: tcs3701: stop power rail pending_off timer
11-24 19:00:40.210  1011  1189 D ASH     : @ 195692.398: tcs3701: start power rail timer, state:3
11-24 19:00:40.250  1011  1189 I ASH     : @ 195692.438: tcs3701: stop power rail pending_off timer
11-24 19:00:40.250  1011  1189 D ASH     : @ 195692.438: tcs3701: start power rail timer, state:3
11-24 19:00:40.290  1011  1189 I ASH     : @ 195692.478: tcs3701: stop power rail pending_off timer
11-24 19:00:40.290  1011  1189 D ASH     : @ 195692.478: tcs3701: start power rail timer, state:3
11-24 19:00:40.310 29531 29576 I BatteryMgr:DataCollectionService: stats => 1700848840310,11901,4443,-2746,4169000,100
11-24 19:00:40.330  1011  1189 I ASH     : @ 195692.518: tcs3701: stop power rail pending_off timer
11-24 19:00:40.330  1011  1189 D ASH     : @ 195692.518: tcs3701: start power rail timer, state:3
11-24 19:00:40.370  1011  1189 I ASH     : @ 195692.558: tcs3701: stop power rail pending_off timer
11-24 19:00:40.370  1011  1189 D ASH     : @ 195692.558: tcs3701: start power rail timer, state:3
11-24 19:00:40.410  1011  1189 I ASH     : @ 195692.598: tcs3701: stop power rail pending_off timer
11-24 19:00:40.410  1011  1189 D ASH     : @ 195692.598: tcs3701: start power rail timer, state:3
11-24 19:00:40.419 29531 29576 I BatteryMgr:DataCollectionService: stats => 1700848840419,11901,4443,-2746,4169000,100
11-24 19:00:40.450  1011  1189 I ASH     : @ 195692.638: tcs3701: stop power rail pending_off timer
11-24 19:00:40.450  1011  1189 D ASH     : @ 195692.638: tcs3701: start power rail timer, state:3
11-24 19:00:40.490  1011  1189 I ASH     : @ 195692.678: tcs3701: stop power rail pending_off timer
11-24 19:00:40.490  1011  1189 D ASH     : @ 195692.678: tcs3701: start power rail timer, state:3
11-24 19:00:40.530  1011  1189 I ASH     : @ 195692.718: tcs3701: stop power rail pending_off timer
11-24 19:00:40.530  1011  1189 D ASH     : @ 195692.718: tcs3701: start power rail timer, state:3
11-24 19:00:40.530 29531 29576 I BatteryMgr:DataCollectionService: stats => 1700848840530,11901,4443,-2746,4169000,100
11-24 19:00:40.570  1011  1189 I ASH     : @ 195692.758: tcs3701: stop power rail pending_off timer
11-24 19:00:40.570  1011  1189 D ASH     : @ 195692.758: tcs3701: start power rail timer, state:3
11-24 19:00:40.610  1011  1189 I ASH     : @ 195692.798: tcs3701: stop power rail pending_off timer
11-24 19:00:40.610  1011  1189 D ASH     : @ 195692.798: tcs3701: start power rail timer, state:3
11-24 19:00:40.639 29531 29576 I BatteryMgr:DataCollectionService: stats => 1700848840639,11901,4443,-2746,4169000,100
11-24 19:00:40.650  1011  1189 I ASH     : @ 195692.838: tcs3701: stop power rail pending_off timer
11-24 19:00:40.650  1011  1189 D ASH     : @ 195692.838: tcs3701: start power rail timer, state:3
11-24 19:00:40.690  1011  1189 I ASH     : @ 195692.878: tcs3701: stop power rail pending_off timer
11-24 19:00:40.690  1011  1189 D ASH     : @ 195692.878: tcs3701: start power rail timer, state:3
11-24 19:00:40.730  1011  1189 I ASH     : @ 195692.918: tcs3701: stop power rail pending_off timer
11-24 19:00:40.730  1011  1189 D ASH     : @ 195692.918: tcs3701: start power rail timer, state:3
11-24 19:00:40.748 29531 29576 I BatteryMgr:DataCollectionService: stats => 1700848840748,11901,4443,-2746,4169000,100
11-24 19:00:40.770  1011  1189 I ASH     : @ 195692.958: tcs3701: stop power rail pending_off timer
11-24 19:00:40.770  1011  1189 D ASH     : @ 195692.958: tcs3701: start power rail timer, state:3
11-24 19:00:40.810  1011  1189 I ASH     : @ 195692.998: tcs3701: stop power rail pending_off timer
11-24 19:00:40.810  1011  1189 D ASH     : @ 195692.998: tcs3701: start power rail timer, state:3
11-24 19:00:40.848  1795  4166 D ActivityManager: freezer override set to true
11-24 19:00:40.850  1011  1189 I ASH     : @ 195693.038: tcs3701: stop power rail pending_off timer
11-24 19:00:40.850  1011  1189 D ASH     : @ 195693.038: tcs3701: start power rail timer, state:3
11-24 19:00:40.855  1795  4166 D ActivityManager: freezer override set to false
11-24 19:00:40.856 29531 29576 I BatteryMgr:DataCollectionService: stats => 1700848840856,11901,4443,-2746,4169000,100
11-24 19:00:40.890  1011  1189 I ASH     : @ 195693.078: tcs3701: stop power rail pending_off timer
11-24 19:00:40.890  1011  1189 D ASH     : @ 195693.078: tcs3701: start power rail timer, state:3
11-24 19:00:40.930  1011  1189 I ASH     : @ 195693.118: tcs3701: stop power rail pending_off timer
11-24 19:00:40.930  1011  1189 D ASH     : @ 195693.118: tcs3701: start power rail timer, state:3
11-24 19:00:40.944  2113  2118 I pixel-thermal: skin-therm-monitor: 38.227
11-24 19:00:40.967 29531 29576 I BatteryMgr:DataCollectionService: stats => 1700848840966,11901,4443,-2746,4169000,100
11-24 19:00:40.970  1011  1189 I ASH     : @ 195693.158: tcs3701: stop power rail pending_off timer
11-24 19:00:40.970  1011  1189 D ASH     : @ 195693.158: tcs3701: start power rail timer, state:3
11-24 19:00:41.010  1011  1189 I ASH     : @ 195693.198: tcs3701: stop power rail pending_off timer
11-24 19:00:41.010  1011  1189 D ASH     : @ 195693.198: tcs3701: start power rail timer, state:3
11-24 19:00:41.050  1011  1189 I ASH     : @ 195693.238: tcs3701: stop power rail pending_off timer
11-24 19:00:41.050  1011  1189 D ASH     : @ 195693.238: tcs3701: start power rail timer, state:3
11-24 19:00:41.073 29531 29576 I BatteryMgr:DataCollectionService: stats => 1700848841073,11901,4443,-2746,4169000,100
11-24 19:00:41.090  1011  1189 I ASH     : @ 195693.278: tcs3701: stop power rail pending_off timer
11-24 19:00:41.090  1011  1189 D ASH     : @ 195693.278: tcs3701: start power rail timer, state:3
11-24 19:00:41.130  1011  1189 I ASH     : @ 195693.318: tcs3701: stop power rail pending_off timer
11-24 19:00:41.130  1011  1189 D ASH     : @ 195693.318: tcs3701: start power rail timer, state:3
11-24 19:00:41.170  1011  1189 I ASH     : @ 195693.358: tcs3701: stop power rail pending_off timer
11-24 19:00:41.170  1011  1189 D ASH     : @ 195693.358: tcs3701: start power rail timer, state:3
11-24 19:00:41.179  1795  3324 D ActivityManager: freezer override set to true
11-24 19:00:41.188 29531 29576 I BatteryMgr:DataCollectionService: stats => 1700848841187,11901,4443,-2746,4169000,100
11-24 19:00:41.210  1011  1189 I ASH     : @ 195693.398: tcs3701: stop power rail pending_off timer
11-24 19:00:41.210  1011  1189 D ASH     : @ 195693.398: tcs3701: start power rail timer, state:3
11-24 19:00:41.251  1011  1189 I ASH     : @ 195693.438: tcs3701: stop power rail pending_off timer
11-24 19:00:41.251  1011  1189 D ASH     : @ 195693.438: tcs3701: start power rail timer, state:3
11-24 19:00:41.266  7402  7416 I m.chrome.canary: Explicit concurrent copying GC freed 3804(191KB) AllocSpace objects, 4(80KB) LOS objects, 75% free, 12MB/51MB, paused 99us,23us total 46.881ms
11-24 19:00:41.290  1011  1189 I ASH     : @ 195693.478: tcs3701: stop power rail pending_off timer
11-24 19:00:41.290  1011  1189 D ASH     : @ 195693.478: tcs3701: start power rail timer, state:3
11-24 19:00:41.296 29531 29576 I BatteryMgr:DataCollectionService: stats => 1700848841296,11901,4443,-2746,4169000,100
11-24 19:00:41.321  1795  3324 D ActivityManager: freezer override set to false
11-24 19:00:41.330  1011  1189 I ASH     : @ 195693.518: tcs3701: stop power rail pending_off timer
11-24 19:00:41.330  1011  1189 D ASH     : @ 195693.518: tcs3701: start power rail timer, state:3
11-24 19:00:41.369  1795  3324 D ActivityManager: freezer override set to true
11-24 19:00:41.370  1011  1189 I ASH     : @ 195693.558: tcs3701: stop power rail pending_off timer
11-24 19:00:41.370  1011  1189 D ASH     : @ 195693.558: tcs3701: start power rail timer, state:3
11-24 19:00:41.372  1795  3324 D ActivityManager: freezer override set to false
11-24 19:00:41.406 29531 29576 I BatteryMgr:DataCollectionService: stats => 1700848841406,11901,4443,-2746,4169000,100
11-24 19:00:41.410  1011  1189 I ASH     : @ 195693.598: tcs3701: stop power rail pending_off timer
11-24 19:00:41.410  1011  1189 D ASH     : @ 195693.598: tcs3701: start power rail timer, state:3
11-24 19:00:41.450  1011  1189 I ASH     : @ 195693.638: tcs3701: stop power rail pending_off timer
11-24 19:00:41.450  1011  1189 D ASH     : @ 195693.638: tcs3701: start power rail timer, state:3
11-24 19:00:41.490  1011  1189 I ASH     : @ 195693.678: tcs3701: stop power rail pending_off timer
11-24 19:00:41.490  1011  1189 D ASH     : @ 195693.678: tcs3701: start power rail timer, state:3
11-24 19:00:41.514 29531 29576 I BatteryMgr:DataCollectionService: stats => 1700848841514,11901,4443,-2746,4169000,100
11-24 19:00:41.530  1011  1189 I ASH     : @ 195693.718: tcs3701: stop power rail pending_off timer
11-24 19:00:41.530  1011  1189 D ASH     : @ 195693.718: tcs3701: start power rail timer, state:3
11-24 19:00:41.570  1011  1189 I ASH     : @ 195693.758: tcs3701: stop power rail pending_off timer
11-24 19:00:41.570  1011  1189 D ASH     : @ 195693.758: tcs3701: start power rail timer, state:3
11-24 19:00:41.610  1011  1189 I ASH     : @ 195693.798: tcs3701: stop power rail pending_off timer
11-24 19:00:41.610  1011  1189 D ASH     : @ 195693.798: tcs3701: start power rail timer, state:3
11-24 19:00:41.625 29531 29576 I BatteryMgr:DataCollectionService: stats => 1700848841625,11901,4443,-2746,4169000,100
11-24 19:00:41.650  1011  1189 I ASH     : @ 195693.838: tcs3701: stop power rail pending_off timer
11-24 19:00:41.650  1011  1189 D ASH     : @ 195693.838: tcs3701: start power rail timer, state:3
11-24 19:00:41.690  1011  1189 I ASH     : @ 195693.878: tcs3701: stop power rail pending_off timer
11-24 19:00:41.690  1011  1189 D ASH     : @ 195693.878: tcs3701: start power rail timer, state:3
11-24 19:00:41.730  1011  1189 I ASH     : @ 195693.918: tcs3701: stop power rail pending_off timer
11-24 19:00:41.730  1011  1189 D ASH     : @ 195693.918: tcs3701: start power rail timer, state:3
11-24 19:00:41.736 29531 29576 I BatteryMgr:DataCollectionService: stats => 1700848841735,11901,4443,-2746,4169000,100
11-24 19:00:41.770  1011  1189 I ASH     : @ 195693.958: tcs3701: stop power rail pending_off timer
11-24 19:00:41.770  1011  1189 D ASH     : @ 195693.958: tcs3701: start power rail timer, state:3
11-24 19:00:41.810  1011  1189 I ASH     : @ 195693.998: tcs3701: stop power rail pending_off timer
11-24 19:00:41.810  1011  1189 D ASH     : @ 195693.998: tcs3701: start power rail timer, state:3
11-24 19:00:41.846 29531 29576 I BatteryMgr:DataCollectionService: stats => 1700848841846,11901,4443,-2746,4169000,100
11-24 19:00:41.847  1795  3324 D ActivityManager: freezer override set to true
11-24 19:00:41.850  1011  1189 I ASH     : @ 195694.038: tcs3701: stop power rail pending_off timer
11-24 19:00:41.850  1011  1189 D ASH     : @ 195694.038: tcs3701: start power rail timer, state:3
11-24 19:00:41.854  1795  3324 D ActivityManager: freezer override set to false
11-24 19:00:41.890  1011  1189 I ASH     : @ 195694.078: tcs3701: stop power rail pending_off timer
11-24 19:00:41.890  1011  1189 D ASH     : @ 195694.078: tcs3701: start power rail timer, state:3
11-24 19:00:41.930  1011  1189 I ASH     : @ 195694.118: tcs3701: stop power rail pending_off timer
11-24 19:00:41.930  1011  1189 D ASH     : @ 195694.118: tcs3701: start power rail timer, state:3
