11-24 18:31:12.815 29531 29575 I BatteryMgr:DataCollectionService: stats => 1700847072815,10375,4443,-2746,4169000,100
11-24 18:31:12.853  1011  1189 I ASH     : @ 193925.040: tcs3701: stop power rail pending_off timer
11-24 18:31:12.853  1011  1189 D ASH     : @ 193925.040: tcs3701: start power rail timer, state:3
11-24 18:31:12.866  1795  3784 D ActivityManager: freezer override set to true
11-24 18:31:12.892  1011  1189 I ASH     : @ 193925.080: tcs3701: stop power rail pending_off timer
11-24 18:31:12.892  1011  1189 D ASH     : @ 193925.080: tcs3701: start power rail timer, state:3
11-24 18:31:12.924 29531 29575 I BatteryMgr:DataCollectionService: stats => 1700847072924,10375,4443,-2746,4169000,100
11-24 18:31:12.932  1011  1189 I ASH     : @ 193925.120: tcs3701: stop power rail pending_off timer
11-24 18:31:12.932  1011  1189 D ASH     : @ 193925.120: tcs3701: start power rail timer, state:3
11-24 18:31:12.972  1011  1189 I ASH     : @ 193925.160: tcs3701: stop power rail pending_off timer
11-24 18:31:12.972  1011  1189 D ASH     : @ 193925.160: tcs3701: start power rail timer, state:3
11-24 18:31:13.012  1011  1189 I ASH     : @ 193925.200: tcs3701: stop power rail pending_off timer
11-24 18:31:13.012  1011  1189 D ASH     : @ 193925.200: tcs3701: start power rail timer, state:3
11-24 18:31:13.032 29531 29575 I BatteryMgr:DataCollectionService: stats => 1700847073032,10375,4443,-2746,4169000,100
11-24 18:31:13.052  1011  1189 I ASH     : @ 193925.240: tcs3701: stop power rail pending_off timer
11-24 18:31:13.052  1011  1189 D ASH     : @ 193925.240: tcs3701: start power rail timer, state:3
11-24 18:31:13.055 29289 29738 I m.chrome.canary: Explicit concurrent copying GC freed 3912(223KB) AllocSpace objects, 4(80KB) LOS objects, 75% free, 12MB/51MB, paused 83us,25us total 67.592ms
11-24 18:31:13.092  1011  1189 I ASH     : @ 193925.280: tcs3701: stop power rail pending_off timer
11-24 18:31:13.092  1011  1189 D ASH     : @ 193925.280: tcs3701: start power rail timer, state:3
11-24 18:31:13.106  1795  3784 D ActivityManager: freezer override set to false
11-24 18:31:13.132  1011  1189 I ASH     : @ 193925.320: tcs3701: stop power rail pending_off timer
11-24 18:31:13.132  1011  1189 D ASH     : @ 193925.320: tcs3701: start power rail timer, state:3
11-24 18:31:13.140 29531 29575 I BatteryMgr:DataCollectionService: stats => 1700847073140,10375,4443,-2746,4169000,100
11-24 18:31:13.144  1795  3784 D ActivityManager: freezer override set to true
11-24 18:31:13.147  1795  3784 D ActivityManager: freezer override set to false
11-24 18:31:13.173  1011  1189 I ASH     : @ 193925.360: tcs3701: stop power rail pending_off timer
11-24 18:31:13.173  1011  1189 D ASH     : @ 193925.360: tcs3701: start power rail timer, state:3
11-24 18:31:13.215  1011  1189 I ASH     : @ 193925.400: tcs3701: stop power rail pending_off timer
11-24 18:31:13.215  1011  1189 D ASH     : @ 193925.400: tcs3701: start power rail timer, state:3
11-24 18:31:13.248 29531 29575 I BatteryMgr:DataCollectionService: stats => 1700847073247,10375,4443,-2746,4169000,100
11-24 18:31:13.252  1011  1189 I ASH     : @ 193925.440: tcs3701: stop power rail pending_off timer
11-24 18:31:13.253  1011  1189 D ASH     : @ 193925.440: tcs3701: start power rail timer, state:3
11-24 18:31:13.292  1011  1189 I ASH     : @ 193925.480: tcs3701: stop power rail pending_off timer
11-24 18:31:13.292  1011  1189 D ASH     : @ 193925.480: tcs3701: start power rail timer, state:3
11-24 18:31:13.332  1011  1189 I ASH     : @ 193925.520: tcs3701: stop power rail pending_off timer
11-24 18:31:13.333  1011  1189 D ASH     : @ 193925.520: tcs3701: start power rail timer, state:3
11-24 18:31:13.354 29531 29575 I BatteryMgr:DataCollectionService: stats => 1700847073354,10375,4443,-2746,4169000,100
11-24 18:31:13.372  1011  1189 I ASH     : @ 193925.560: tcs3701: stop power rail pending_off timer
11-24 18:31:13.372  1011  1189 D ASH     : @ 193925.560: tcs3701: start power rail timer, state:3
11-24 18:31:13.412  1011  1189 I ASH     : @ 193925.600: tcs3701: stop power rail pending_off timer
11-24 18:31:13.412  1011  1189 D ASH     : @ 193925.600: tcs3701: start power rail timer, state:3
11-24 18:31:13.416  1795  3784 D ActivityManager: freezer override set to true
11-24 18:31:13.422  1795  3784 D ActivityManager: freezer override set to false
11-24 18:31:13.453  1011  1189 I ASH     : @ 193925.640: tcs3701: stop power rail pending_off timer
11-24 18:31:13.453  1011  1189 D ASH     : @ 193925.640: tcs3701: start power rail timer, state:3
11-24 18:31:13.461 29531 29575 I BatteryMgr:DataCollectionService: stats => 1700847073461,10375,4443,-2746,4169000,100
11-24 18:31:13.492  1011  1189 I ASH     : @ 193925.680: tcs3701: stop power rail pending_off timer
11-24 18:31:13.492  1011  1189 D ASH     : @ 193925.680: tcs3701: start power rail timer, state:3
11-24 18:31:13.533  1011  1189 I ASH     : @ 193925.720: tcs3701: stop power rail pending_off timer
11-24 18:31:13.533  1011  1189 D ASH     : @ 193925.720: tcs3701: start power rail timer, state:3
11-24 18:31:13.569 29531 29575 I BatteryMgr:DataCollectionService: stats => 1700847073569,10375,4443,-2746,4169000,100
11-24 18:31:13.572  1011  1189 I ASH     : @ 193925.760: tcs3701: stop power rail pending_off timer
11-24 18:31:13.572  1011  1189 D ASH     : @ 193925.760: tcs3701: start power rail timer, state:3
11-24 18:31:13.612  1011  1189 I ASH     : @ 193925.800: tcs3701: stop power rail pending_off timer
11-24 18:31:13.612  1011  1189 D ASH     : @ 193925.800: tcs3701: start power rail timer, state:3
11-24 18:31:13.653  1011  1189 I ASH     : @ 193925.840: tcs3701: stop power rail pending_off timer
11-24 18:31:13.653  1011  1189 D ASH     : @ 193925.840: tcs3701: start power rail timer, state:3
11-24 18:31:13.677 29531 29575 I BatteryMgr:DataCollectionService: stats => 1700847073677,10375,4443,-2746,4169000,100
11-24 18:31:13.692  1011  1189 I ASH     : @ 193925.880: tcs3701: stop power rail pending_off timer
11-24 18:31:13.692  1011  1189 D ASH     : @ 193925.880: tcs3701: start power rail timer, state:3
11-24 18:31:13.732  1011  1189 I ASH     : @ 193925.920: tcs3701: stop power rail pending_off timer
11-24 18:31:13.732  1011  1189 D ASH     : @ 193925.920: tcs3701: start power rail timer, state:3
11-24 18:31:13.772  1011  1189 I ASH     : @ 193925.960: tcs3701: stop power rail pending_off timer
11-24 18:31:13.772  1011  1189 D ASH     : @ 193925.960: tcs3701: start power rail timer, state:3
11-24 18:31:13.785 29531 29575 I BatteryMgr:DataCollectionService: stats => 1700847073785,10375,4443,-2746,4169000,100
11-24 18:31:13.812  1011  1189 I ASH     : @ 193926.000: tcs3701: stop power rail pending_off timer
11-24 18:31:13.812  1011  1189 D ASH     : @ 193926.000: tcs3701: start power rail timer, state:3
11-24 18:31:13.853  1011  1189 I ASH     : @ 193926.040: tcs3701: stop power rail pending_off timer
11-24 18:31:13.853  1011  1189 D ASH     : @ 193926.040: tcs3701: start power rail timer, state:3
11-24 18:31:13.892  1011  1189 I ASH     : @ 193926.080: tcs3701: stop power rail pending_off timer
11-24 18:31:13.892  1011  1189 D ASH     : @ 193926.080: tcs3701: start power rail timer, state:3
11-24 18:31:13.893 29531 29575 I BatteryMgr:DataCollectionService: stats => 1700847073893,10375,4443,-2746,4169000,100
11-24 18:31:13.932  1011  1189 I ASH     : @ 193926.120: tcs3701: stop power rail pending_off timer
11-24 18:31:13.932  1011  1189 D ASH     : @ 193926.120: tcs3701: start power rail timer, state:3
11-24 18:31:13.972  1011  1189 I ASH     : @ 193926.160: tcs3701: stop power rail pending_off timer
11-24 18:31:13.973  1011  1189 D ASH     : @ 193926.160: tcs3701: start power rail timer, state:3
11-24 18:31:14.000 29531 29575 I BatteryMgr:DataCollectionService: stats => 1700847074000,10375,4443,-2746,4169000,100
11-24 18:31:14.012  1011  1189 I ASH     : @ 193926.200: tcs3701: stop power rail pending_off timer
11-24 18:31:14.012  1011  1189 D ASH     : @ 193926.200: tcs3701: start power rail timer, state:3
11-24 18:31:14.052  1011  1189 I ASH     : @ 193926.240: tcs3701: stop power rail pending_off timer
11-24 18:31:14.053  1011  1189 D ASH     : @ 193926.240: tcs3701: start power rail timer, state:3
11-24 18:31:14.092  1011  1189 I ASH     : @ 193926.280: tcs3701: stop power rail pending_off timer
11-24 18:31:14.092  1011  1189 D ASH     : @ 193926.280: tcs3701: start power rail timer, state:3
11-24 18:31:14.109 29531 29575 I BatteryMgr:DataCollectionService: stats => 1700847074108,10375,4443,-2746,4169000,100
11-24 18:31:14.132  1011  1189 I ASH     : @ 193926.320: tcs3701: stop power rail pending_off timer
11-24 18:31:14.132  1011  1189 D ASH     : @ 193926.320: tcs3701: start power rail timer, state:3
11-24 18:31:14.172  1011  1189 I ASH     : @ 193926.360: tcs3701: stop power rail pending_off timer
11-24 18:31:14.172  1011  1189 D ASH     : @ 193926.360: tcs3701: start power rail timer, state:3
11-24 18:31:14.212  1011  1189 I ASH     : @ 193926.400: tcs3701: stop power rail pending_off timer
11-24 18:31:14.212  1011  1189 D ASH     : @ 193926.400: tcs3701: start power rail timer, state:3
11-24 18:31:14.220 29531 29575 I BatteryMgr:DataCollectionService: stats => 1700847074220,10375,4443,-2746,4169000,100
11-24 18:31:14.252  1011  1189 I ASH     : @ 193926.440: tcs3701: stop power rail pending_off timer
11-24 18:31:14.252  1011  1189 D ASH     : @ 193926.440: tcs3701: start power rail timer, state:3
11-24 18:31:14.287  1795  3784 D ActivityManager: freezer override set to true
11-24 18:31:14.293  1011  1189 I ASH     : @ 193926.481: tcs3701: stop power rail pending_off timer
11-24 18:31:14.293  1011  1189 D ASH     : @ 193926.481: tcs3701: start power rail timer, state:3
11-24 18:31:14.328 29531 29575 I BatteryMgr:DataCollectionService: stats => 1700847074328,10375,4443,-2746,4169000,100
11-24 18:31:14.332  1011  1189 I ASH     : @ 193926.520: tcs3701: stop power rail pending_off timer
11-24 18:31:14.333  1011  1189 D ASH     : @ 193926.520: tcs3701: start power rail timer, state:3
11-24 18:31:14.372  1011  1189 I ASH     : @ 193926.560: tcs3701: stop power rail pending_off timer
11-24 18:31:14.372  1011  1189 D ASH     : @ 193926.560: tcs3701: start power rail timer, state:3
11-24 18:31:14.406 29289 29738 I m.chrome.canary: Explicit concurrent copying GC freed 3658(192KB) AllocSpace objects, 3(60KB) LOS objects, 75% free, 12MB/51MB, paused 27us,25us total 42.948ms
11-24 18:31:14.412  1011  1189 I ASH     : @ 193926.600: tcs3701: stop power rail pending_off timer
11-24 18:31:14.412  1011  1189 D ASH     : @ 193926.600: tcs3701: start power rail timer, state:3
11-24 18:31:14.435 29531 29575 I BatteryMgr:DataCollectionService: stats => 1700847074435,10375,4443,-2746,4169000,100
11-24 18:31:14.453  1011  1189 I ASH     : @ 193926.640: tcs3701: stop power rail pending_off timer
11-24 18:31:14.453  1011  1189 D ASH     : @ 193926.640: tcs3701: start power rail timer, state:3
11-24 18:31:14.492  1011  1189 I ASH     : @ 193926.680: tcs3701: stop power rail pending_off timer
11-24 18:31:14.492  1011  1189 D ASH     : @ 193926.680: tcs3701: start power rail timer, state:3
11-24 18:31:14.515  1795  4167 D ActivityManager: freezer override set to false
11-24 18:31:14.533  1011  1189 I ASH     : @ 193926.720: tcs3701: stop power rail pending_off timer
11-24 18:31:14.533  1011  1189 D ASH     : @ 193926.720: tcs3701: start power rail timer, state:3
11-24 18:31:14.541 29531 29575 I BatteryMgr:DataCollectionService: stats => 1700847074541,10375,4443,-2746,4169000,100
11-24 18:31:14.557  1795  4167 D ActivityManager: freezer override set to true
11-24 18:31:14.559  1795  4167 D ActivityManager: freezer override set to false
11-24 18:31:14.573  1011  1189 I ASH     : @ 193926.760: tcs3701: stop power rail pending_off timer
11-24 18:31:14.573  1011  1189 D ASH     : @ 193926.760: tcs3701: start power rail timer, state:3
11-24 18:31:14.612  1011  1189 I ASH     : @ 193926.800: tcs3701: stop power rail pending_off timer
11-24 18:31:14.612  1011  1189 D ASH     : @ 193926.800: tcs3701: start power rail timer, state:3
11-24 18:31:14.650 29531 29575 I BatteryMgr:DataCollectionService: stats => 1700847074650,10375,4443,-2746,4169000,100
11-24 18:31:14.652  1011  1189 I ASH     : @ 193926.840: tcs3701: stop power rail pending_off timer
11-24 18:31:14.652  1011  1189 D ASH     : @ 193926.840: tcs3701: start power rail timer, state:3
11-24 18:31:14.692  1011  1189 I ASH     : @ 193926.880: tcs3701: stop power rail pending_off timer
11-24 18:31:14.692  1011  1189 D ASH     : @ 193926.880: tcs3701: start power rail timer, state:3
11-24 18:31:14.733  1011  1189 I ASH     : @ 193926.920: tcs3701: stop power rail pending_off timer
11-24 18:31:14.733  1011  1189 D ASH     : @ 193926.920: tcs3701: start power rail timer, state:3
11-24 18:31:14.758 29531 29575 I BatteryMgr:DataCollectionService: stats => 1700847074757,10375,4443,-2746,4169000,100
11-24 18:31:14.773  1011  1189 I ASH     : @ 193926.960: tcs3701: stop power rail pending_off timer
11-24 18:31:14.773  1011  1189 D ASH     : @ 193926.960: tcs3701: start power rail timer, state:3
11-24 18:31:14.812  1011  1189 I ASH     : @ 193927.000: tcs3701: stop power rail pending_off timer
11-24 18:31:14.813  1011  1189 D ASH     : @ 193927.000: tcs3701: start power rail timer, state:3
11-24 18:31:14.852  1011  1189 I ASH     : @ 193927.040: tcs3701: stop power rail pending_off timer
11-24 18:31:14.852  1011  1189 D ASH     : @ 193927.040: tcs3701: start power rail timer, state:3
11-24 18:31:14.872 29531 29575 I BatteryMgr:DataCollectionService: stats => 1700847074872,10375,4443,-2746,4169000,100
11-24 18:31:14.894  1011  1189 I ASH     : @ 193927.080: tcs3701: stop power rail pending_off timer
11-24 18:31:14.894  1011  1189 D ASH     : @ 193927.080: tcs3701: start power rail timer, state:3
11-24 18:31:14.932  1011  1189 I ASH     : @ 193927.120: tcs3701: stop power rail pending_off timer
11-24 18:31:14.932  1011  1189 D ASH     : @ 193927.120: tcs3701: start power rail timer, state:3
11-24 18:31:14.972  1011  1189 I ASH     : @ 193927.160: tcs3701: stop power rail pending_off timer
11-24 18:31:14.972  1011  1189 D ASH     : @ 193927.160: tcs3701: start power rail timer, state:3
11-24 18:31:14.978 29531 29575 I BatteryMgr:DataCollectionService: stats => 1700847074978,10375,4443,-2746,4169000,100
11-24 18:31:15.012  1011  1189 I ASH     : @ 193927.200: tcs3701: stop power rail pending_off timer
11-24 18:31:15.012  1011  1189 D ASH     : @ 193927.200: tcs3701: start power rail timer, state:3
11-24 18:31:15.052  1011  1189 I ASH     : @ 193927.240: tcs3701: stop power rail pending_off timer
11-24 18:31:15.052  1011  1189 D ASH     : @ 193927.240: tcs3701: start power rail timer, state:3
11-24 18:31:15.086 29531 29575 I BatteryMgr:DataCollectionService: stats => 1700847075085,10375,4443,-2746,4169000,100
11-24 18:31:15.092  1011  1189 I ASH     : @ 193927.280: tcs3701: stop power rail pending_off timer
11-24 18:31:15.092  1011  1189 D ASH     : @ 193927.280: tcs3701: start power rail timer, state:3
11-24 18:31:15.133  1011  1189 I ASH     : @ 193927.320: tcs3701: stop power rail pending_off timer
11-24 18:31:15.133  1011  1189 D ASH     : @ 193927.320: tcs3701: start power rail timer, state:3
11-24 18:31:15.172  1011  1189 I ASH     : @ 193927.360: tcs3701: stop power rail pending_off timer
11-24 18:31:15.172  1011  1189 D ASH     : @ 193927.360: tcs3701: start power rail timer, state:3
11-24 18:31:15.194 29531 29575 I BatteryMgr:DataCollectionService: stats => 1700847075194,10375,4443,-2746,4169000,100
11-24 18:31:15.212  1011  1189 I ASH     : @ 193927.400: tcs3701: stop power rail pending_off timer
11-24 18:31:15.212  1011  1189 D ASH     : @ 193927.400: tcs3701: start power rail timer, state:3
11-24 18:31:15.252  1011  1189 I ASH     : @ 193927.440: tcs3701: stop power rail pending_off timer
11-24 18:31:15.252  1011  1189 D ASH     : @ 193927.440: tcs3701: start power rail timer, state:3
11-24 18:31:15.293  1011  1189 I ASH     : @ 193927.480: tcs3701: stop power rail pending_off timer
11-24 18:31:15.293  1011  1189 D ASH     : @ 193927.480: tcs3701: start power rail timer, state:3
11-24 18:31:15.301 29531 29575 I BatteryMgr:DataCollectionService: stats => 1700847075301,10375,4443,-2746,4169000,100
11-24 18:31:15.333  1011  1189 I ASH     : @ 193927.520: tcs3701: stop power rail pending_off timer
11-24 18:31:15.333  1011  1189 D ASH     : @ 193927.520: tcs3701: start power rail timer, state:3
11-24 18:31:15.372  1011  1189 I ASH     : @ 193927.560: tcs3701: stop power rail pending_off timer
11-24 18:31:15.372  1011  1189 D ASH     : @ 193927.560: tcs3701: start power rail timer, state:3
11-24 18:31:15.408 29531 29575 I BatteryMgr:DataCollectionService: stats => 1700847075408,10375,4443,-2746,4169000,100
11-24 18:31:15.412  1011  1189 I ASH     : @ 193927.600: tcs3701: stop power rail pending_off timer
11-24 18:31:15.412  1011  1189 D ASH     : @ 193927.600: tcs3701: start power rail timer, state:3
11-24 18:31:15.434  1795  4167 D ActivityManager: freezer override set to true
11-24 18:31:15.440  1795  4167 D ActivityManager: freezer override set to false
11-24 18:31:15.452  1011  1189 I ASH     : @ 193927.640: tcs3701: stop power rail pending_off timer
11-24 18:31:15.452  1011  1189 D ASH     : @ 193927.640: tcs3701: start power rail timer, state:3
11-24 18:31:15.492  1011  1189 I ASH     : @ 193927.680: tcs3701: stop power rail pending_off timer
11-24 18:31:15.492  1011  1189 D ASH     : @ 193927.680: tcs3701: start power rail timer, state:3
11-24 18:31:15.516 29531 29575 I BatteryMgr:DataCollectionService: stats => 1700847075516,10375,4443,-2746,4169000,100
11-24 18:31:15.533  1011  1189 I ASH     : @ 193927.720: tcs3701: stop power rail pending_off timer
11-24 18:31:15.533  1011  1189 D ASH     : @ 193927.720: tcs3701: start power rail timer, state:3
11-24 18:31:15.569  1795  2424 D WifiClientModeImpl[13802:wlan0]: updateLinkLayerStatsRssiSpeedFrequencyCapabilities rssi=-48 TxLinkspeed=866 freq=5240 RxLinkSpeed=866
11-24 18:31:15.570  1795  2424 D WifiDataStall: tx tput in kbps: 732717
11-24 18:31:15.570  1795  2424 D WifiDataStall: rx tput in kbps: 771281
11-24 18:31:15.570  1795  2424 V WifiConfigManager: Updating scan detail cache freq=5240 BSSID=f4:6d:2f:12:cc:88 RSSI=-47 for "ourhome"WPA_PSK
11-24 18:31:15.570  1795  2424 D WifiChannelUtilization:  freq: 5240 onTime: 5895758 busyTime: 598896 onTimeDiff: 2520966 busyTimeDiff: 283197 utilization: 28 utilization t0: 25
11-24 18:31:15.570  1795  2424 D WifiDataStall:  ccaLevel = 28
11-24 18:31:15.570  1795  2424 D WifiDataStall: L2 txTputKbps: 732717, rxTputKbps: 771281, L3 txTputKbps: 0, rxTputKbps: 1, TxTrafficHigh: false, RxTrafficHigh: false, Throughput Sufficient: true
11-24 18:31:15.570  1795  2424 D WifiScoreReport: Wifi scoring disabled - Don't check IP layer
11-24 18:31:15.570  2673  2692 V WifiManager: OnWifiUsabilityStatsListener: onWifiUsabilityStats: seqNum=57239
11-24 18:31:15.570  1795  2424 D WifiScoreCard: BSSID update SIGNAL_POLL ID: 1320464697 SSID: "ourhome", BSSID: f4:6d:2f:12:cc:88, MAC: b2:2f:ec:da:4a:0c, IP: /192.168.1.104, Security type: 2, Supplicant state: COMPLETED, Wi-Fi standard: 5, RSSI: -48, Link speed: 866Mbps, Tx Link speed: 866Mbps, Max Supported Tx Link speed: 866Mbps, Rx Link speed: 866Mbps, Max Supported Rx Link speed: 866Mbps, Frequency: 5240MHz, Net ID: 12, Metered hint: false, score: 60, isUsable: true, CarrierMerged: false, SubscriptionId: -1, IsPrimary: 1, Trusted: true, Restricted: false, Ephemeral: false, OEM paid: false, OEM private: false, OSU AP: false, FQDN: <none>, Provider friendly name: <none>, Requesting package name: <none>"ourhome"wpa2-pskMLO Information: , Is TID-To-Link negotiation supported by the AP: false, AP MLD Address: <none>, AP MLO Link Id: <none>, AP MLO Affiliated links: <none>
11-24 18:31:15.570  1795  2424 D WifiScoreCard: txRate: 2 txSpeed: 866
11-24 18:31:15.570  1795  2424 D WifiScoreCard: network update SIGNAL_POLL "ourhome" ID: 1499892569 RSSI -48 txSpeed -1
11-24 18:31:15.571  1795  2424 D WifiClientModeImpl[13802:wlan0]:  ClientModeImpl$L2ConnectedState screen=on 29 0 "ourhome" f4:6d:2f:12:cc:88 rssi=-48 f=5240 sc=60 link=866 tx=1.8, 0.0, 0.0 rx=1.7 bcn=1868919 [on:125 tx:0 rx:0 period:3012] from screen [on:1286178 period:42317561] score=60
11-24 18:31:15.571  1795  4167 I WifiService: updateWifiUsabilityScore uid=10180 seqNum=57239 score=100 predictionHorizonSec=1441795
11-24 18:31:15.571  1795  2424 D WifiScoreReport: Wifi scoring disabled - Notify that Wifi is usable
11-24 18:31:15.572  1011  1189 I ASH     : @ 193927.760: tcs3701: stop power rail pending_off timer
11-24 18:31:15.572  1011  1189 D ASH     : @ 193927.760: tcs3701: start power rail timer, state:3
11-24 18:31:15.574  1795  2432 D ConnectivityService: NetReassign [no changes] [c 0] [a 0] [i 2]
11-24 18:31:15.612  1011  1189 I ASH     : @ 193927.800: tcs3701: stop power rail pending_off timer
11-24 18:31:15.612  1011  1189 D ASH     : @ 193927.800: tcs3701: start power rail timer, state:3
11-24 18:31:15.624 29531 29575 I BatteryMgr:DataCollectionService: stats => 1700847075624,10375,4443,-2746,4169000,100
11-24 18:31:15.652  1011  1189 I ASH     : @ 193927.840: tcs3701: stop power rail pending_off timer
11-24 18:31:15.652  1011  1189 D ASH     : @ 193927.840: tcs3701: start power rail timer, state:3
11-24 18:31:15.692  1011  1189 I ASH     : @ 193927.880: tcs3701: stop power rail pending_off timer
11-24 18:31:15.692  1011  1189 D ASH     : @ 193927.880: tcs3701: start power rail timer, state:3
11-24 18:31:15.705  1795  3784 D ActivityManager: freezer override set to true
11-24 18:31:15.731 29531 29575 I BatteryMgr:DataCollectionService: stats => 1700847075731,10375,4443,-2746,4169000,100
11-24 18:31:15.733  1011  1189 I ASH     : @ 193927.920: tcs3701: stop power rail pending_off timer
11-24 18:31:15.733  1011  1189 D ASH     : @ 193927.920: tcs3701: start power rail timer, state:3
11-24 18:31:15.772  1011  1189 I ASH     : @ 193927.960: tcs3701: stop power rail pending_off timer
11-24 18:31:15.772  1011  1189 D ASH     : @ 193927.960: tcs3701: start power rail timer, state:3
11-24 18:31:15.785 29289 29738 I m.chrome.canary: Explicit concurrent copying GC freed 3901(207KB) AllocSpace objects, 4(80KB) LOS objects, 75% free, 12MB/51MB, paused 28us,23us total 43.214ms
11-24 18:31:15.812  1011  1189 I ASH     : @ 193928.000: tcs3701: stop power rail pending_off timer
11-24 18:31:15.812  1011  1189 D ASH     : @ 193928.000: tcs3701: start power rail timer, state:3
11-24 18:31:15.840  1795  3784 D ActivityManager: freezer override set to false
11-24 18:31:15.842 29531 29575 I BatteryMgr:DataCollectionService: stats => 1700847075841,10375,4443,-2746,4169000,100
11-24 18:31:15.852  1011  1189 I ASH     : @ 193928.040: tcs3701: stop power rail pending_off timer
11-24 18:31:15.852  1011  1189 D ASH     : @ 193928.040: tcs3701: start power rail timer, state:3
11-24 18:31:15.876  1795  3784 D ActivityManager: freezer override set to true
11-24 18:31:15.879  1795  3784 D ActivityManager: freezer override set to false
11-24 18:31:15.892  1011  1189 I ASH     : @ 193928.080: tcs3701: stop power rail pending_off timer
11-24 18:31:15.892  1011  1189 D ASH     : @ 193928.080: tcs3701: start power rail timer, state:3
11-24 18:31:15.933  1011  1189 I ASH     : @ 193928.120: tcs3701: stop power rail pending_off timer
11-24 18:31:15.933  1011  1189 D ASH     : @ 193928.120: tcs3701: start power rail timer, state:3
11-24 18:31:15.950 29531 29575 I BatteryMgr:DataCollectionService: stats => 1700847075950,10375,4443,-2746,4169000,100
11-24 18:31:15.972  1011  1189 I ASH     : @ 193928.160: tcs3701: stop power rail pending_off timer
11-24 18:31:15.972  1011  1189 D ASH     : @ 193928.160: tcs3701: start power rail timer, state:3
11-24 18:31:16.012  1011  1189 I ASH     : @ 193928.200: tcs3701: stop power rail pending_off timer
11-24 18:31:16.012  1011  1189 D ASH     : @ 193928.200: tcs3701: start power rail timer, state:3
11-24 18:31:16.052  1011  1189 I ASH     : @ 193928.240: tcs3701: stop power rail pending_off timer
11-24 18:31:16.052  1011  1189 D ASH     : @ 193928.240: tcs3701: start power rail timer, state:3
11-24 18:31:16.056 29531 29575 I BatteryMgr:DataCollectionService: stats => 1700847076056,10375,4443,-2746,4169000,100
11-24 18:31:16.093  1011  1189 I ASH     : @ 193928.280: tcs3701: stop power rail pending_off timer
11-24 18:31:16.093  1011  1189 D ASH     : @ 193928.280: tcs3701: start power rail timer, state:3
11-24 18:31:16.132  1011  1189 I ASH     : @ 193928.320: tcs3701: stop power rail pending_off timer
11-24 18:31:16.132  1011  1189 D ASH     : @ 193928.320: tcs3701: start power rail timer, state:3
11-24 18:31:16.164 29531 29575 I BatteryMgr:DataCollectionService: stats => 1700847076164,10375,4443,-2746,4169000,100
11-24 18:31:16.172  1011  1189 I ASH     : @ 193928.360: tcs3701: stop power rail pending_off timer
11-24 18:31:16.173  1011  1189 D ASH     : @ 193928.360: tcs3701: start power rail timer, state:3
11-24 18:31:16.212  1011  1189 I ASH     : @ 193928.400: tcs3701: stop power rail pending_off timer
11-24 18:31:16.212  1011  1189 D ASH     : @ 193928.400: tcs3701: start power rail timer, state:3
11-24 18:31:16.252  1011  1189 I ASH     : @ 193928.440: tcs3701: stop power rail pending_off timer
11-24 18:31:16.252  1011  1189 D ASH     : @ 193928.440: tcs3701: start power rail timer, state:3
11-24 18:31:16.271 29531 29575 I BatteryMgr:DataCollectionService: stats => 1700847076271,10375,4443,-2746,4169000,100
11-24 18:31:16.292  1011  1189 I ASH     : @ 193928.480: tcs3701: stop power rail pending_off timer
11-24 18:31:16.292  1011  1189 D ASH     : @ 193928.480: tcs3701: start power rail timer, state:3
11-24 18:31:16.333  1011  1189 I ASH     : @ 193928.520: tcs3701: stop power rail pending_off timer
11-24 18:31:16.333  1011  1189 D ASH     : @ 193928.521: tcs3701: start power rail timer, state:3
11-24 18:31:16.372  1011  1189 I ASH     : @ 193928.560: tcs3701: stop power rail pending_off timer
11-24 18:31:16.372  1011  1189 D ASH     : @ 193928.560: tcs3701: start power rail timer, state:3
11-24 18:31:16.379 29531 29575 I BatteryMgr:DataCollectionService: stats => 1700847076378,10375,4443,-2746,4169000,100
11-24 18:31:16.412  1011  1189 I ASH     : @ 193928.600: tcs3701: stop power rail pending_off timer
11-24 18:31:16.412  1011  1189 D ASH     : @ 193928.600: tcs3701: start power rail timer, state:3
11-24 18:31:16.432  1795  3784 D ActivityManager: freezer override set to true
11-24 18:31:16.435  1795  3784 D ActivityManager: freezer override set to false
11-24 18:31:16.453  1011  1189 I ASH     : @ 193928.640: tcs3701: stop power rail pending_off timer
11-24 18:31:16.453  1011  1189 D ASH     : @ 193928.640: tcs3701: start power rail timer, state:3
11-24 18:31:16.489 29531 29575 I BatteryMgr:DataCollectionService: stats => 1700847076488,10375,4443,-2746,4169000,100
11-24 18:31:16.492  1011  1189 I ASH     : @ 193928.681: tcs3701: stop power rail pending_off timer
11-24 18:31:16.493  1011  1189 D ASH     : @ 193928.681: tcs3701: start power rail timer, state:3
11-24 18:31:16.532  1011  1189 I ASH     : @ 193928.720: tcs3701: stop power rail pending_off timer
11-24 18:31:16.532  1011  1189 D ASH     : @ 193928.720: tcs3701: start power rail timer, state:3
11-24 18:31:16.573  1011  1189 I ASH     : @ 193928.760: tcs3701: stop power rail pending_off timer
11-24 18:31:16.573  1011  1189 D ASH     : @ 193928.760: tcs3701: start power rail timer, state:3
11-24 18:31:16.596 29531 29575 I BatteryMgr:DataCollectionService: stats => 1700847076596,10375,4443,-2746,4169000,100
11-24 18:31:16.612  1011  1189 I ASH     : @ 193928.800: tcs3701: stop power rail pending_off timer
11-24 18:31:16.612  1011  1189 D ASH     : @ 193928.800: tcs3701: start power rail timer, state:3
11-24 18:31:16.652  1011  1189 I ASH     : @ 193928.840: tcs3701: stop power rail pending_off timer
11-24 18:31:16.652  1011  1189 D ASH     : @ 193928.840: tcs3701: start power rail timer, state:3
11-24 18:31:16.692  1011  1189 I ASH     : @ 193928.880: tcs3701: stop power rail pending_off timer
11-24 18:31:16.692  1011  1189 D ASH     : @ 193928.880: tcs3701: start power rail timer, state:3
11-24 18:31:16.703 29531 29575 I BatteryMgr:DataCollectionService: stats => 1700847076703,10375,4443,-2746,4169000,100
11-24 18:31:16.732  1011  1189 I ASH     : @ 193928.920: tcs3701: stop power rail pending_off timer
11-24 18:31:16.732  1011  1189 D ASH     : @ 193928.920: tcs3701: start power rail timer, state:3
11-24 18:31:16.772  1011  1189 I ASH     : @ 193928.960: tcs3701: stop power rail pending_off timer
11-24 18:31:16.772  1011  1189 D ASH     : @ 193928.960: tcs3701: start power rail timer, state:3
11-24 18:31:16.810 29531 29575 I BatteryMgr:DataCollectionService: stats => 1700847076810,10375,4443,-2746,4169000,100
11-24 18:31:16.812  1011  1189 I ASH     : @ 193929.000: tcs3701: stop power rail pending_off timer
11-24 18:31:16.812  1011  1189 D ASH     : @ 193929.000: tcs3701: start power rail timer, state:3
11-24 18:31:16.852  1011  1189 I ASH     : @ 193929.040: tcs3701: stop power rail pending_off timer
11-24 18:31:16.852  1011  1189 D ASH     : @ 193929.040: tcs3701: start power rail timer, state:3
11-24 18:31:16.892  1011  1189 I ASH     : @ 193929.080: tcs3701: stop power rail pending_off timer
11-24 18:31:16.892  1011  1189 D ASH     : @ 193929.080: tcs3701: start power rail timer, state:3
11-24 18:31:16.917 29531 29575 I BatteryMgr:DataCollectionService: stats => 1700847076917,10375,4443,-2746,4169000,100
11-24 18:31:16.932  1011  1189 I ASH     : @ 193929.120: tcs3701: stop power rail pending_off timer
11-24 18:31:16.932  1011  1189 D ASH     : @ 193929.120: tcs3701: start power rail timer, state:3
11-24 18:31:16.972  1011  1189 I ASH     : @ 193929.160: tcs3701: stop power rail pending_off timer
11-24 18:31:16.972  1011  1189 D ASH     : @ 193929.160: tcs3701: start power rail timer, state:3
11-24 18:31:17.012  1011  1189 I ASH     : @ 193929.200: tcs3701: stop power rail pending_off timer
11-24 18:31:17.012  1011  1189 D ASH     : @ 193929.200: tcs3701: start power rail timer, state:3
11-24 18:31:17.026 29531 29575 I BatteryMgr:DataCollectionService: stats => 1700847077026,10375,4443,-2746,4169000,100
11-24 18:31:17.049  1795  3784 D ActivityManager: freezer override set to true
11-24 18:31:17.053  1011  1189 I ASH     : @ 193929.240: tcs3701: stop power rail pending_off timer
11-24 18:31:17.053  1011  1189 D ASH     : @ 193929.240: tcs3701: start power rail timer, state:3
11-24 18:31:17.092  1011  1189 I ASH     : @ 193929.280: tcs3701: stop power rail pending_off timer
11-24 18:31:17.093  1011  1189 D ASH     : @ 193929.280: tcs3701: start power rail timer, state:3
11-24 18:31:17.129 29289 29738 I m.chrome.canary: Explicit concurrent copying GC freed 3655(192KB) AllocSpace objects, 3(60KB) LOS objects, 75% free, 12MB/51MB, paused 31us,25us total 43.895ms
11-24 18:31:17.132  1011  1189 I ASH     : @ 193929.320: tcs3701: stop power rail pending_off timer
11-24 18:31:17.132  1011  1189 D ASH     : @ 193929.320: tcs3701: start power rail timer, state:3
11-24 18:31:17.134 29531 29575 I BatteryMgr:DataCollectionService: stats => 1700847077134,10375,4443,-2746,4169000,100
11-24 18:31:17.172  1011  1189 I ASH     : @ 193929.360: tcs3701: stop power rail pending_off timer
11-24 18:31:17.172  1011  1189 D ASH     : @ 193929.360: tcs3701: start power rail timer, state:3
11-24 18:31:17.183  1795  3784 D ActivityManager: freezer override set to false
11-24 18:31:17.212  1011  1189 I ASH     : @ 193929.400: tcs3701: stop power rail pending_off timer
11-24 18:31:17.212  1011  1189 D ASH     : @ 193929.400: tcs3701: start power rail timer, state:3
11-24 18:31:17.215  1795  3784 D ActivityManager: freezer override set to true
11-24 18:31:17.219  1795  3784 D ActivityManager: freezer override set to false
11-24 18:31:17.241 29531 29575 I BatteryMgr:DataCollectionService: stats => 1700847077241,10375,4443,-2746,4169000,100
11-24 18:31:17.253  1011  1189 I ASH     : @ 193929.440: tcs3701: stop power rail pending_off timer
11-24 18:31:17.253  1011  1189 D ASH     : @ 193929.440: tcs3701: start power rail timer, state:3
11-24 18:31:17.292  1011  1189 I ASH     : @ 193929.480: tcs3701: stop power rail pending_off timer
11-24 18:31:17.292  1011  1189 D ASH     : @ 193929.480: tcs3701: start power rail timer, state:3
11-24 18:31:17.333  1011  1189 I ASH     : @ 193929.520: tcs3701: stop power rail pending_off timer
11-24 18:31:17.333  1011  1189 D ASH     : @ 193929.520: tcs3701: start power rail timer, state:3
11-24 18:31:17.347 29531 29575 I BatteryMgr:DataCollectionService: stats => 1700847077347,10375,4443,-2746,4169000,100
11-24 18:31:17.372  1011  1189 I ASH     : @ 193929.560: tcs3701: stop power rail pending_off timer
11-24 18:31:17.372  1011  1189 D ASH     : @ 193929.560: tcs3701: start power rail timer, state:3
11-24 18:31:17.413  1011  1189 I ASH     : @ 193929.600: tcs3701: stop power rail pending_off timer
11-24 18:31:17.413  1011  1189 D ASH     : @ 193929.600: tcs3701: start power rail timer, state:3
11-24 18:31:17.446  1795  3784 D ActivityManager: freezer override set to true
11-24 18:31:17.452  1795  3784 D ActivityManager: freezer override set to false
11-24 18:31:17.452  1011  1189 I ASH     : @ 193929.640: tcs3701: stop power rail pending_off timer
11-24 18:31:17.452  1011  1189 D ASH     : @ 193929.640: tcs3701: start power rail timer, state:3
11-24 18:31:17.456 29531 29575 I BatteryMgr:DataCollectionService: stats => 1700847077456,10375,4443,-2746,4169000,100
11-24 18:31:17.492  1011  1189 I ASH     : @ 193929.680: tcs3701: stop power rail pending_off timer
11-24 18:31:17.492  1011  1189 D ASH     : @ 193929.680: tcs3701: start power rail timer, state:3
11-24 18:31:17.532  1011  1189 I ASH     : @ 193929.720: tcs3701: stop power rail pending_off timer
11-24 18:31:17.532  1011  1189 D ASH     : @ 193929.720: tcs3701: start power rail timer, state:3
11-24 18:31:17.563 29531 29575 I BatteryMgr:DataCollectionService: stats => 1700847077563,10375,4443,-2746,4169000,100
11-24 18:31:17.572  1011  1189 I ASH     : @ 193929.760: tcs3701: stop power rail pending_off timer
11-24 18:31:17.572  1011  1189 D ASH     : @ 193929.760: tcs3701: start power rail timer, state:3
11-24 18:31:17.613  1011  1189 I ASH     : @ 193929.800: tcs3701: stop power rail pending_off timer
11-24 18:31:17.613  1011  1189 D ASH     : @ 193929.800: tcs3701: start power rail timer, state:3
11-24 18:31:17.652  1011  1189 I ASH     : @ 193929.840: tcs3701: stop power rail pending_off timer
11-24 18:31:17.652  1011  1189 D ASH     : @ 193929.840: tcs3701: start power rail timer, state:3
11-24 18:31:17.669 29531 29575 I BatteryMgr:DataCollectionService: stats => 1700847077669,10375,4443,-2746,4169000,100
11-24 18:31:17.692  1011  1189 I ASH     : @ 193929.880: tcs3701: stop power rail pending_off timer
11-24 18:31:17.692  1011  1189 D ASH     : @ 193929.880: tcs3701: start power rail timer, state:3
11-24 18:31:17.732  1011  1189 I ASH     : @ 193929.920: tcs3701: stop power rail pending_off timer
11-24 18:31:17.733  1011  1189 D ASH     : @ 193929.920: tcs3701: start power rail timer, state:3
11-24 18:31:17.745 13502 28441 I PhenotypeProcessReaper: Memory state is: 100
11-24 18:31:17.773  1011  1189 I ASH     : @ 193929.960: tcs3701: stop power rail pending_off timer
11-24 18:31:17.773  1011  1189 D ASH     : @ 193929.960: tcs3701: start power rail timer, state:3
11-24 18:31:17.776 29531 29575 I BatteryMgr:DataCollectionService: stats => 1700847077776,10375,4443,-2746,4169000,100
11-24 18:31:17.813  1011  1189 I ASH     : @ 193930.000: tcs3701: stop power rail pending_off timer
11-24 18:31:17.813  1011  1189 D ASH     : @ 193930.000: tcs3701: start power rail timer, state:3
11-24 18:31:17.852  1011  1189 I ASH     : @ 193930.040: tcs3701: stop power rail pending_off timer
11-24 18:31:17.852  1011  1189 D ASH     : @ 193930.040: tcs3701: start power rail timer, state:3
11-24 18:31:17.884 29531 29575 I BatteryMgr:DataCollectionService: stats => 1700847077883,10375,4443,-2746,4169000,100
11-24 18:31:17.892  1011  1189 I ASH     : @ 193930.080: tcs3701: stop power rail pending_off timer
11-24 18:31:17.892  1011  1189 D ASH     : @ 193930.080: tcs3701: start power rail timer, state:3
11-24 18:31:17.932  1011  1189 I ASH     : @ 193930.120: tcs3701: stop power rail pending_off timer
11-24 18:31:17.932  1011  1189 D ASH     : @ 193930.120: tcs3701: start power rail timer, state:3
11-24 18:31:17.972  1011  1189 I ASH     : @ 193930.160: tcs3701: stop power rail pending_off timer
11-24 18:31:17.972  1011  1189 D ASH     : @ 193930.160: tcs3701: start power rail timer, state:3
11-24 18:31:17.990 29531 29575 I BatteryMgr:DataCollectionService: stats => 1700847077989,10375,4443,-2746,4169000,100
11-24 18:31:18.013  1011  1189 I ASH     : @ 193930.200: tcs3701: stop power rail pending_off timer
11-24 18:31:18.013  1011  1189 D ASH     : @ 193930.200: tcs3701: start power rail timer, state:3
11-24 18:31:18.052  1011  1189 I ASH     : @ 193930.240: tcs3701: stop power rail pending_off timer
11-24 18:31:18.052  1011  1189 D ASH     : @ 193930.240: tcs3701: start power rail timer, state:3
11-24 18:31:18.092  1011  1189 I ASH     : @ 193930.280: tcs3701: stop power rail pending_off timer
11-24 18:31:18.092  1011  1189 D ASH     : @ 193930.280: tcs3701: start power rail timer, state:3
11-24 18:31:18.097 29531 29575 I BatteryMgr:DataCollectionService: stats => 1700847078097,10375,4443,-2746,4169000,100
11-24 18:31:18.133  1011  1189 I ASH     : @ 193930.320: tcs3701: stop power rail pending_off timer
11-24 18:31:18.133  1011  1189 D ASH     : @ 193930.320: tcs3701: start power rail timer, state:3
11-24 18:31:18.172  1011  1189 I ASH     : @ 193930.360: tcs3701: stop power rail pending_off timer
11-24 18:31:18.172  1011  1189 D ASH     : @ 193930.360: tcs3701: start power rail timer, state:3
11-24 18:31:18.205 29531 29575 I BatteryMgr:DataCollectionService: stats => 1700847078204,10375,4443,-2746,4169000,100
11-24 18:31:18.213  1011  1189 I ASH     : @ 193930.400: tcs3701: stop power rail pending_off timer
11-24 18:31:18.213  1011  1189 D ASH     : @ 193930.400: tcs3701: start power rail timer, state:3
11-24 18:31:18.252  1011  1189 I ASH     : @ 193930.440: tcs3701: stop power rail pending_off timer
11-24 18:31:18.252  1011  1189 D ASH     : @ 193930.440: tcs3701: start power rail timer, state:3
11-24 18:31:18.293  1011  1189 I ASH     : @ 193930.480: tcs3701: stop power rail pending_off timer
11-24 18:31:18.293  1011  1189 D ASH     : @ 193930.480: tcs3701: start power rail timer, state:3
11-24 18:31:18.313 29531 29575 I BatteryMgr:DataCollectionService: stats => 1700847078313,10375,4443,-2746,4169000,100
11-24 18:31:18.332  1011  1189 I ASH     : @ 193930.520: tcs3701: stop power rail pending_off timer
11-24 18:31:18.332  1011  1189 D ASH     : @ 193930.520: tcs3701: start power rail timer, state:3
11-24 18:31:18.362  1795  4167 D ActivityManager: freezer override set to true
11-24 18:31:18.373  1011  1189 I ASH     : @ 193930.560: tcs3701: stop power rail pending_off timer
11-24 18:31:18.373  1011  1189 D ASH     : @ 193930.561: tcs3701: start power rail timer, state:3
11-24 18:31:18.412  1011  1189 I ASH     : @ 193930.600: tcs3701: stop power rail pending_off timer
11-24 18:31:18.412  1011  1189 D ASH     : @ 193930.600: tcs3701: start power rail timer, state:3
11-24 18:31:18.421 29531 29575 I BatteryMgr:DataCollectionService: stats => 1700847078421,10375,4443,-2746,4169000,100
11-24 18:31:18.453  1011  1189 I ASH     : @ 193930.640: tcs3701: stop power rail pending_off timer
11-24 18:31:18.453  1011  1189 D ASH     : @ 193930.641: tcs3701: start power rail timer, state:3
11-24 18:31:18.470 29289 29738 I m.chrome.canary: Explicit concurrent copying GC freed 3727(224KB) AllocSpace objects, 3(60KB) LOS objects, 75% free, 12MB/51MB, paused 87us,19us total 71.407ms
11-24 18:31:18.492  1011  1189 I ASH     : @ 193930.680: tcs3701: stop power rail pending_off timer
11-24 18:31:18.492  1011  1189 D ASH     : @ 193930.680: tcs3701: start power rail timer, state:3
11-24 18:31:18.526  1795  3613 D ActivityManager: freezer override set to false
11-24 18:31:18.529 29531 29575 I BatteryMgr:DataCollectionService: stats => 1700847078529,10375,4443,-2746,4169000,100
11-24 18:31:18.533  1011  1189 I ASH     : @ 193930.720: tcs3701: stop power rail pending_off timer
11-24 18:31:18.533  1011  1189 D ASH     : @ 193930.720: tcs3701: start power rail timer, state:3
11-24 18:31:18.560  1795  4167 D ActivityManager: freezer override set to true
11-24 18:31:18.563  1795  4167 D ActivityManager: freezer override set to false
11-24 18:31:18.572  1011  1189 I ASH     : @ 193930.760: tcs3701: stop power rail pending_off timer
11-24 18:31:18.572  1011  1189 D ASH     : @ 193930.760: tcs3701: start power rail timer, state:3
11-24 18:31:18.583  1795  2424 D WifiClientModeImpl[13802:wlan0]: updateLinkLayerStatsRssiSpeedFrequencyCapabilities rssi=-46 TxLinkspeed=866 freq=5240 RxLinkSpeed=866
11-24 18:31:18.584  1795  2424 D WifiDataStall: tx tput in kbps: 732717
11-24 18:31:18.584  1795  2424 D WifiDataStall: rx tput in kbps: 771281
11-24 18:31:18.584  1795  2424 V WifiConfigManager: Updating scan detail cache freq=5240 BSSID=f4:6d:2f:12:cc:88 RSSI=-46 for "ourhome"WPA_PSK
11-24 18:31:18.584  1795  2424 D WifiChannelUtilization:  freq: 5240 onTime: 5895758 busyTime: 598896 onTimeDiff: 2520966 busyTimeDiff: 283197 utilization: 28 utilization t0: 25
11-24 18:31:18.584  1795  2424 D WifiDataStall:  ccaLevel = 28
11-24 18:31:18.584  1795  2424 D WifiDataStall: L2 txTputKbps: 732717, rxTputKbps: 771281, L3 txTputKbps: 0, rxTputKbps: 0, TxTrafficHigh: false, RxTrafficHigh: false, Throughput Sufficient: true
11-24 18:31:18.584  2782  5906 D QCNEJ/WlanStaInfoRelay: Received action: android.net.wifi.RSSI_CHANGED
11-24 18:31:18.585  2673  2692 V WifiManager: OnWifiUsabilityStatsListener: onWifiUsabilityStats: seqNum=57240
11-24 18:31:18.585  1795  2424 D WifiScoreReport: Wifi scoring disabled - Don't check IP layer
11-24 18:31:18.585  1795  2424 D WifiScoreCard: BSSID update SIGNAL_POLL ID: 1320464697 SSID: "ourhome", BSSID: f4:6d:2f:12:cc:88, MAC: b2:2f:ec:da:4a:0c, IP: /192.168.1.104, Security type: 2, Supplicant state: COMPLETED, Wi-Fi standard: 5, RSSI: -46, Link speed: 866Mbps, Tx Link speed: 866Mbps, Max Supported Tx Link speed: 866Mbps, Rx Link speed: 866Mbps, Max Supported Rx Link speed: 866Mbps, Frequency: 5240MHz, Net ID: 12, Metered hint: false, score: 60, isUsable: true, CarrierMerged: false, SubscriptionId: -1, IsPrimary: 1, Trusted: true, Restricted: false, Ephemeral: false, OEM paid: false, OEM private: false, OSU AP: false, FQDN: <none>, Provider friendly name: <none>, Requesting package name: <none>"ourhome"wpa2-pskMLO Information: , Is TID-To-Link negotiation supported by the AP: false, AP MLD Address: <none>, AP MLO Link Id: <none>, AP MLO Affiliated links: <none>
11-24 18:31:18.585  1795  2424 D WifiScoreCard: txRate: 1 txSpeed: 866
11-24 18:31:18.585  1795  2424 D WifiScoreCard: network update SIGNAL_POLL "ourhome" ID: 1499892569 RSSI -46 txSpeed -1
11-24 18:31:18.585  1795  4167 I WifiService: updateWifiUsabilityScore uid=10180 seqNum=57240 score=100 predictionHorizonSec=1441795
11-24 18:31:18.585  1795  2424 D WifiClientModeImpl[13802:wlan0]:  ClientModeImpl$L2ConnectedState screen=on 29 0 "ourhome" f4:6d:2f:12:cc:88 rssi=-46 f=5240 sc=60 link=866 tx=0.6, 0.0, 0.0 rx=0.6 bcn=1868948 [on:0 tx:0 rx:1 period:3014] from screen [on:1286178 period:42320576] score=60
11-24 18:31:18.585  2513  4457 V WifiManager: TrafficStateCallbackProxy: onStateChanged state=0
11-24 18:31:18.587  1795  2424 D WifiScoreReport: Wifi scoring disabled - Notify that Wifi is usable
11-24 18:31:18.592  1795  2432 D ConnectivityService: NetReassign [no changes] [c 0] [a 1] [i 3]
11-24 18:31:18.613  1011  1189 I ASH     : @ 193930.800: tcs3701: stop power rail pending_off timer
11-24 18:31:18.613  1011  1189 D ASH     : @ 193930.800: tcs3701: start power rail timer, state:3
11-24 18:31:18.635 29531 29575 I BatteryMgr:DataCollectionService: stats => 1700847078635,10375,4443,-2746,4169000,100
11-24 18:31:18.652  1011  1189 I ASH     : @ 193930.840: tcs3701: stop power rail pending_off timer
11-24 18:31:18.652  1011  1189 D ASH     : @ 193930.840: tcs3701: start power rail timer, state:3
11-24 18:31:18.692  1011  1189 I ASH     : @ 193930.880: tcs3701: stop power rail pending_off timer
11-24 18:31:18.692  1011  1189 D ASH     : @ 193930.880: tcs3701: start power rail timer, state:3
11-24 18:31:18.732  1011  1189 I ASH     : @ 193930.920: tcs3701: stop power rail pending_off timer
11-24 18:31:18.732  1011  1189 D ASH     : @ 193930.920: tcs3701: start power rail timer, state:3
11-24 18:31:18.744 29531 29575 I BatteryMgr:DataCollectionService: stats => 1700847078744,10375,4443,-2746,4169000,100
11-24 18:31:18.772  1011  1189 I ASH     : @ 193930.960: tcs3701: stop power rail pending_off timer
11-24 18:31:18.772  1011  1189 D ASH     : @ 193930.960: tcs3701: start power rail timer, state:3
11-24 18:31:18.812  1011  1189 I ASH     : @ 193931.000: tcs3701: stop power rail pending_off timer
11-24 18:31:18.813  1011  1189 D ASH     : @ 193931.000: tcs3701: start power rail timer, state:3
11-24 18:31:18.851 29531 29575 I BatteryMgr:DataCollectionService: stats => 1700847078851,10375,4443,-2746,4169000,100
11-24 18:31:18.852  1011  1189 I ASH     : @ 193931.040: tcs3701: stop power rail pending_off timer
11-24 18:31:18.852  1011  1189 D ASH     : @ 193931.040: tcs3701: start power rail timer, state:3
11-24 18:31:18.892  1011  1189 I ASH     : @ 193931.080: tcs3701: stop power rail pending_off timer
11-24 18:31:18.892  1011  1189 D ASH     : @ 193931.080: tcs3701: start power rail timer, state:3
11-24 18:31:18.932  1011  1189 I ASH     : @ 193931.120: tcs3701: stop power rail pending_off timer
11-24 18:31:18.932  1011  1189 D ASH     : @ 193931.120: tcs3701: start power rail timer, state:3
11-24 18:31:18.957 29531 29575 I BatteryMgr:DataCollectionService: stats => 1700847078957,10375,4443,-2746,4169000,100
11-24 18:31:18.972  1011  1189 I ASH     : @ 193931.160: tcs3701: stop power rail pending_off timer
11-24 18:31:18.972  1011  1189 D ASH     : @ 193931.160: tcs3701: start power rail timer, state:3
11-24 18:31:19.013  1011  1189 I ASH     : @ 193931.200: tcs3701: stop power rail pending_off timer
11-24 18:31:19.013  1011  1189 D ASH     : @ 193931.200: tcs3701: start power rail timer, state:3
11-24 18:31:19.053  1011  1189 I ASH     : @ 193931.240: tcs3701: stop power rail pending_off timer
11-24 18:31:19.053  1011  1189 D ASH     : @ 193931.240: tcs3701: start power rail timer, state:3
11-24 18:31:19.065 29531 29575 I BatteryMgr:DataCollectionService: stats => 1700847079065,10375,4443,-2746,4169000,100
11-24 18:31:19.092  1011  1189 I ASH     : @ 193931.280: tcs3701: stop power rail pending_off timer
11-24 18:31:19.092  1011  1189 D ASH     : @ 193931.280: tcs3701: start power rail timer, state:3
11-24 18:31:19.132  1011  1189 I ASH     : @ 193931.320: tcs3701: stop power rail pending_off timer
11-24 18:31:19.132  1011  1189 D ASH     : @ 193931.320: tcs3701: start power rail timer, state:3
11-24 18:31:19.172 29531 29575 I BatteryMgr:DataCollectionService: stats => 1700847079172,10375,4443,-2746,4169000,100
11-24 18:31:19.172  1011  1189 I ASH     : @ 193931.360: tcs3701: stop power rail pending_off timer
11-24 18:31:19.172  1011  1189 D ASH     : @ 193931.360: tcs3701: start power rail timer, state:3
11-24 18:31:19.213  1011  1189 I ASH     : @ 193931.400: tcs3701: stop power rail pending_off timer
11-24 18:31:19.213  1011  1189 D ASH     : @ 193931.400: tcs3701: start power rail timer, state:3
11-24 18:31:19.252  1011  1189 I ASH     : @ 193931.440: tcs3701: stop power rail pending_off timer
11-24 18:31:19.252  1011  1189 D ASH     : @ 193931.440: tcs3701: start power rail timer, state:3
11-24 18:31:19.279 29531 29575 I BatteryMgr:DataCollectionService: stats => 1700847079279,10375,4443,-2746,4169000,100
11-24 18:31:19.292  1011  1189 I ASH     : @ 193931.480: tcs3701: stop power rail pending_off timer
11-24 18:31:19.292  1011  1189 D ASH     : @ 193931.480: tcs3701: start power rail timer, state:3
11-24 18:31:19.332  1011  1189 I ASH     : @ 193931.520: tcs3701: stop power rail pending_off timer
11-24 18:31:19.332  1011  1189 D ASH     : @ 193931.520: tcs3701: start power rail timer, state:3
11-24 18:31:19.372  1011  1189 I ASH     : @ 193931.560: tcs3701: stop power rail pending_off timer
11-24 18:31:19.372  1011  1189 D ASH     : @ 193931.560: tcs3701: start power rail timer, state:3
11-24 18:31:19.387 29531 29575 I BatteryMgr:DataCollectionService: stats => 1700847079387,10375,4443,-2746,4169000,100
11-24 18:31:19.412  1011  1189 I ASH     : @ 193931.600: tcs3701: stop power rail pending_off timer
11-24 18:31:19.413  1011  1189 D ASH     : @ 193931.600: tcs3701: start power rail timer, state:3
11-24 18:31:19.438  1795  4167 D ActivityManager: freezer override set to true
11-24 18:31:19.441  1795  4167 D ActivityManager: freezer override set to false
11-24 18:31:19.452  1011  1189 I ASH     : @ 193931.640: tcs3701: stop power rail pending_off timer
11-24 18:31:19.452  1011  1189 D ASH     : @ 193931.640: tcs3701: start power rail timer, state:3
11-24 18:31:19.492  1011  1189 I ASH     : @ 193931.680: tcs3701: stop power rail pending_off timer
11-24 18:31:19.492  1011  1189 D ASH     : @ 193931.680: tcs3701: start power rail timer, state:3
11-24 18:31:19.494 29531 29575 I BatteryMgr:DataCollectionService: stats => 1700847079494,10375,4443,-2746,4169000,100
11-24 18:31:19.533  1011  1189 I ASH     : @ 193931.720: tcs3701: stop power rail pending_off timer
11-24 18:31:19.533  1011  1189 D ASH     : @ 193931.720: tcs3701: start power rail timer, state:3
