11-24 18:48:35.808  1795  2424 D WifiClientModeImpl[13802:wlan0]: updateLinkLayerStatsRssiSpeedFrequencyCapabilities rssi=-46 TxLinkspeed=866 freq=5240 RxLinkSpeed=6
11-24 18:48:35.809  1795  2424 D WifiDataStall: tx tput in kbps: 768067
11-24 18:48:35.809  1795  2424 D WifiDataStall: rx tput in kbps: 808492
11-24 18:48:35.809  1795  2424 V WifiConfigManager: Updating scan detail cache freq=5240 BSSID=f4:6d:2f:12:cc:88 RSSI=-45 for "ourhome"WPA_PSK
11-24 18:48:35.809  2782  5906 D QCNEJ/WlanStaInfoRelay: Received action: android.net.wifi.RSSI_CHANGED
11-24 18:48:35.810  1795  2424 D WifiChannelUtilization:  freq: 5240 onTime: 5934620 busyTime: 601500 onTimeDiff: 24661 busyTimeDiff: 1711 utilization: 17 utilization t0: 25
11-24 18:48:35.810  1795  2424 D WifiDataStall:  ccaLevel = 17
11-24 18:48:35.810  2673  2692 V WifiManager: OnWifiUsabilityStatsListener: onWifiUsabilityStats: seqNum=57584
11-24 18:48:35.810  1795  2424 D WifiDataStall: L2 txTputKbps: 768067, rxTputKbps: 808492, L3 txTputKbps: 0, rxTputKbps: 0, TxTrafficHigh: false, RxTrafficHigh: false, Throughput Sufficient: true
11-24 18:48:35.810  1795  2424 D WifiScoreReport: Wifi scoring disabled - Don't check IP layer
11-24 18:48:35.810  1795  2424 D WifiScoreCard: BSSID update SIGNAL_POLL ID: 1320464697 SSID: "ourhome", BSSID: f4:6d:2f:12:cc:88, MAC: b2:2f:ec:da:4a:0c, IP: /192.168.1.104, Security type: 2, Supplicant state: COMPLETED, Wi-Fi standard: 5, RSSI: -46, Link speed: 866Mbps, Tx Link speed: 866Mbps, Max Supported Tx Link speed: 866Mbps, Rx Link speed: 6Mbps, Max Supported Rx Link speed: 866Mbps, Frequency: 5240MHz, Net ID: 12, Metered hint: false, score: 60, isUsable: true, CarrierMerged: false, SubscriptionId: -1, IsPrimary: 1, Trusted: true, Restricted: false, Ephemeral: false, OEM paid: false, OEM private: false, OSU AP: false, FQDN: <none>, Provider friendly name: <none>, Requesting package name: <none>"ourhome"wpa2-pskMLO Information: , Is TID-To-Link negotiation supported by the AP: false, AP MLD Address: <none>, AP MLO Link Id: <none>, AP MLO Affiliated links: <none>
11-24 18:48:35.810  1795  2424 D WifiScoreCard: txRate: 1 txSpeed: 866
11-24 18:48:35.810  1795  2424 D WifiScoreCard: network update SIGNAL_POLL "ourhome" ID: 1499892569 RSSI -46 txSpeed -1
11-24 18:48:35.811  2513  2532 V WifiManager: TrafficStateCallbackProxy: onStateChanged state=3
11-24 18:48:35.811  1795  2424 D WifiClientModeImpl[13802:wlan0]:  ClientModeImpl$L2ConnectedState screen=on 29 0 "ourhome" f4:6d:2f:12:cc:88 rssi=-46 f=5240 sc=60 link=866 tx=0.2, 0.0, 0.0 rx=0.2 bcn=1879057 [on:231 tx:1 rx:1 period:3017] from screen [on:1325040 period:43357802] score=60
11-24 18:48:35.814  1795  2262 I WifiService: updateWifiUsabilityScore uid=10180 seqNum=57584 score=100 predictionHorizonSec=1441795
11-24 18:48:35.815 29531 29575 I BatteryMgr:DataCollectionService: stats => 1700848115815,13427,4443,-2746,4169000,100
11-24 18:48:35.815  1795  2424 D WifiScoreReport: Wifi scoring disabled - Notify that Wifi is usable
11-24 18:48:35.820  1795  2432 D ConnectivityService: NetReassign [no changes] [c 1] [a 0] [i 4]
11-24 18:48:35.834  1011  1189 I ASH     : @ 194968.021: tcs3701: stop power rail pending_off timer
11-24 18:48:35.834  1011  1189 D ASH     : @ 194968.021: tcs3701: start power rail timer, state:3
11-24 18:48:35.874  1011  1189 I ASH     : @ 194968.062: tcs3701: stop power rail pending_off timer
11-24 18:48:35.874  1011  1189 D ASH     : @ 194968.062: tcs3701: start power rail timer, state:3
11-24 18:48:35.913  1011  1189 I ASH     : @ 194968.101: tcs3701: stop power rail pending_off timer
11-24 18:48:35.913  1011  1189 D ASH     : @ 194968.101: tcs3701: start power rail timer, state:3
11-24 18:48:35.923 29531 29575 I BatteryMgr:DataCollectionService: stats => 1700848115923,13427,4443,-2746,4169000,100
11-24 18:48:35.954  1011  1189 I ASH     : @ 194968.142: tcs3701: stop power rail pending_off timer
11-24 18:48:35.954  1011  1189 D ASH     : @ 194968.142: tcs3701: start power rail timer, state:3
11-24 18:48:35.993  1011  1189 I ASH     : @ 194968.181: tcs3701: stop power rail pending_off timer
11-24 18:48:35.993  1011  1189 D ASH     : @ 194968.181: tcs3701: start power rail timer, state:3
11-24 18:48:36.034  1011  1189 I ASH     : @ 194968.221: tcs3701: stop power rail pending_off timer
11-24 18:48:36.034  1011  1189 D ASH     : @ 194968.221: tcs3701: start power rail timer, state:3
11-24 18:48:36.034 29531 29575 I BatteryMgr:DataCollectionService: stats => 1700848116034,13427,4443,-2746,4169000,100
11-24 18:48:36.073  1011  1189 I ASH     : @ 194968.261: tcs3701: stop power rail pending_off timer
11-24 18:48:36.073  1011  1189 D ASH     : @ 194968.261: tcs3701: start power rail timer, state:3
11-24 18:48:36.113  1011  1189 I ASH     : @ 194968.301: tcs3701: stop power rail pending_off timer
11-24 18:48:36.114  1011  1189 D ASH     : @ 194968.301: tcs3701: start power rail timer, state:3
11-24 18:48:36.141 29531 29575 I BatteryMgr:DataCollectionService: stats => 1700848116141,13427,4443,-2746,4169000,100
11-24 18:48:36.153  1011  1189 I ASH     : @ 194968.341: tcs3701: stop power rail pending_off timer
11-24 18:48:36.154  1011  1189 D ASH     : @ 194968.342: tcs3701: start power rail timer, state:3
11-24 18:48:36.194  1011  1189 I ASH     : @ 194968.381: tcs3701: stop power rail pending_off timer
11-24 18:48:36.194  1011  1189 D ASH     : @ 194968.381: tcs3701: start power rail timer, state:3
11-24 18:48:36.233  1011  1189 I ASH     : @ 194968.421: tcs3701: stop power rail pending_off timer
11-24 18:48:36.234  1011  1189 D ASH     : @ 194968.421: tcs3701: start power rail timer, state:3
11-24 18:48:36.247 29531 29575 I BatteryMgr:DataCollectionService: stats => 1700848116247,13427,4443,-2746,4169000,100
11-24 18:48:36.273  1011  1189 I ASH     : @ 194968.461: tcs3701: stop power rail pending_off timer
11-24 18:48:36.273  1011  1189 D ASH     : @ 194968.461: tcs3701: start power rail timer, state:3
11-24 18:48:36.313  1011  1189 I ASH     : @ 194968.501: tcs3701: stop power rail pending_off timer
11-24 18:48:36.313  1011  1189 D ASH     : @ 194968.501: tcs3701: start power rail timer, state:3
11-24 18:48:36.353  1011  1189 I ASH     : @ 194968.541: tcs3701: stop power rail pending_off timer
11-24 18:48:36.354  1011  1189 D ASH     : @ 194968.541: tcs3701: start power rail timer, state:3
11-24 18:48:36.356 29531 29575 I BatteryMgr:DataCollectionService: stats => 1700848116356,13427,4443,-2746,4169000,100
11-24 18:48:36.394  1011  1189 I ASH     : @ 194968.581: tcs3701: stop power rail pending_off timer
11-24 18:48:36.394  1011  1189 D ASH     : @ 194968.581: tcs3701: start power rail timer, state:3
11-24 18:48:36.409  1795  2262 D ActivityManager: freezer override set to true
11-24 18:48:36.414  1795  2262 D ActivityManager: freezer override set to false
11-24 18:48:36.434  1011  1189 I ASH     : @ 194968.621: tcs3701: stop power rail pending_off timer
11-24 18:48:36.434  1011  1189 D ASH     : @ 194968.621: tcs3701: start power rail timer, state:3
11-24 18:48:36.462 29531 29575 I BatteryMgr:DataCollectionService: stats => 1700848116462,13427,4443,-2746,4169000,100
11-24 18:48:36.473  1011  1189 I ASH     : @ 194968.661: tcs3701: stop power rail pending_off timer
11-24 18:48:36.473  1011  1189 D ASH     : @ 194968.661: tcs3701: start power rail timer, state:3
11-24 18:48:36.514  1011  1189 I ASH     : @ 194968.701: tcs3701: stop power rail pending_off timer
11-24 18:48:36.514  1011  1189 D ASH     : @ 194968.701: tcs3701: start power rail timer, state:3
11-24 18:48:36.554  1011  1189 I ASH     : @ 194968.741: tcs3701: stop power rail pending_off timer
11-24 18:48:36.554  1011  1189 D ASH     : @ 194968.741: tcs3701: start power rail timer, state:3
11-24 18:48:36.570 29531 29575 I BatteryMgr:DataCollectionService: stats => 1700848116570,13427,4443,-2746,4169000,100
11-24 18:48:36.593  1011  1189 I ASH     : @ 194968.781: tcs3701: stop power rail pending_off timer
11-24 18:48:36.593  1011  1189 D ASH     : @ 194968.781: tcs3701: start power rail timer, state:3
11-24 18:48:36.634  1011  1189 I ASH     : @ 194968.821: tcs3701: stop power rail pending_off timer
11-24 18:48:36.634  1011  1189 D ASH     : @ 194968.821: tcs3701: start power rail timer, state:3
11-24 18:48:36.673  1011  1189 I ASH     : @ 194968.861: tcs3701: stop power rail pending_off timer
11-24 18:48:36.673  1011  1189 D ASH     : @ 194968.861: tcs3701: start power rail timer, state:3
11-24 18:48:36.678 29531 29575 I BatteryMgr:DataCollectionService: stats => 1700848116678,13427,4443,-2746,4169000,100
11-24 18:48:36.714  1011  1189 I ASH     : @ 194968.901: tcs3701: stop power rail pending_off timer
11-24 18:48:36.714  1011  1189 D ASH     : @ 194968.902: tcs3701: start power rail timer, state:3
11-24 18:48:36.753  1011  1189 I ASH     : @ 194968.941: tcs3701: stop power rail pending_off timer
11-24 18:48:36.754  1011  1189 D ASH     : @ 194968.941: tcs3701: start power rail timer, state:3
11-24 18:48:36.779  1795  2262 D ActivityManager: freezer override set to true
11-24 18:48:36.783 29531 29575 I BatteryMgr:DataCollectionService: stats => 1700848116783,13427,4443,-2746,4169000,100
11-24 18:48:36.793  1011  1189 I ASH     : @ 194968.981: tcs3701: stop power rail pending_off timer
11-24 18:48:36.793  1011  1189 D ASH     : @ 194968.981: tcs3701: start power rail timer, state:3
11-24 18:48:36.833  1011  1189 I ASH     : @ 194969.021: tcs3701: stop power rail pending_off timer
11-24 18:48:36.833  1011  1189 D ASH     : @ 194969.021: tcs3701: start power rail timer, state:3
11-24 18:48:36.858 21525 21541 I m.chrome.canary: Explicit concurrent copying GC freed 3593(176KB) AllocSpace objects, 3(60KB) LOS objects, 75% free, 12MB/50MB, paused 27us,20us total 43.254ms
11-24 18:48:36.873  1011  1189 I ASH     : @ 194969.061: tcs3701: stop power rail pending_off timer
11-24 18:48:36.873  1011  1189 D ASH     : @ 194969.061: tcs3701: start power rail timer, state:3
11-24 18:48:36.891 29531 29575 I BatteryMgr:DataCollectionService: stats => 1700848116890,13427,4443,-2746,4169000,100
11-24 18:48:36.912  1795  2262 D ActivityManager: freezer override set to false
11-24 18:48:36.913  1011  1189 I ASH     : @ 194969.101: tcs3701: stop power rail pending_off timer
11-24 18:48:36.913  1011  1189 D ASH     : @ 194969.102: tcs3701: start power rail timer, state:3
11-24 18:48:36.946  1795  2262 D ActivityManager: freezer override set to true
11-24 18:48:36.949  1795  2262 D ActivityManager: freezer override set to false
11-24 18:48:36.953  1011  1189 I ASH     : @ 194969.141: tcs3701: stop power rail pending_off timer
11-24 18:48:36.953  1011  1189 D ASH     : @ 194969.141: tcs3701: start power rail timer, state:3
11-24 18:48:36.994  1011  1189 I ASH     : @ 194969.181: tcs3701: stop power rail pending_off timer
11-24 18:48:36.994  1011  1189 D ASH     : @ 194969.181: tcs3701: start power rail timer, state:3
11-24 18:48:36.998 29531 29575 I BatteryMgr:DataCollectionService: stats => 1700848116997,13427,4443,-2746,4169000,100
11-24 18:48:37.034  1011  1189 I ASH     : @ 194969.221: tcs3701: stop power rail pending_off timer
11-24 18:48:37.034  1011  1189 D ASH     : @ 194969.221: tcs3701: start power rail timer, state:3
11-24 18:48:37.074  1011  1189 I ASH     : @ 194969.261: tcs3701: stop power rail pending_off timer
11-24 18:48:37.074  1011  1189 D ASH     : @ 194969.261: tcs3701: start power rail timer, state:3
11-24 18:48:37.106 29531 29575 I BatteryMgr:DataCollectionService: stats => 1700848117106,13427,4443,-2746,4169000,100
11-24 18:48:37.114  1011  1189 I ASH     : @ 194969.301: tcs3701: stop power rail pending_off timer
11-24 18:48:37.114  1011  1189 D ASH     : @ 194969.301: tcs3701: start power rail timer, state:3
11-24 18:48:37.154  1011  1189 I ASH     : @ 194969.341: tcs3701: stop power rail pending_off timer
11-24 18:48:37.154  1011  1189 D ASH     : @ 194969.341: tcs3701: start power rail timer, state:3
11-24 18:48:37.194  1011  1189 I ASH     : @ 194969.381: tcs3701: stop power rail pending_off timer
11-24 18:48:37.194  1011  1189 D ASH     : @ 194969.381: tcs3701: start power rail timer, state:3
11-24 18:48:37.215 29531 29575 I BatteryMgr:DataCollectionService: stats => 1700848117214,13427,4443,-2746,4169000,100
11-24 18:48:37.234  1011  1189 I ASH     : @ 194969.421: tcs3701: stop power rail pending_off timer
11-24 18:48:37.234  1011  1189 D ASH     : @ 194969.421: tcs3701: start power rail timer, state:3
11-24 18:48:37.274  1011  1189 I ASH     : @ 194969.461: tcs3701: stop power rail pending_off timer
11-24 18:48:37.274  1011  1189 D ASH     : @ 194969.461: tcs3701: start power rail timer, state:3
11-24 18:48:37.313  1011  1189 I ASH     : @ 194969.501: tcs3701: stop power rail pending_off timer
11-24 18:48:37.314  1011  1189 D ASH     : @ 194969.502: tcs3701: start power rail timer, state:3
11-24 18:48:37.326 29531 29575 I BatteryMgr:DataCollectionService: stats => 1700848117326,13427,4443,-2746,4169000,100
11-24 18:48:37.354  1011  1189 I ASH     : @ 194969.541: tcs3701: stop power rail pending_off timer
11-24 18:48:37.354  1011  1189 D ASH     : @ 194969.541: tcs3701: start power rail timer, state:3
11-24 18:48:37.379  1795  2262 D ActivityManager: freezer override set to true
11-24 18:48:37.384  1795  2262 D ActivityManager: freezer override set to false
11-24 18:48:37.393  1011  1189 I ASH     : @ 194969.581: tcs3701: stop power rail pending_off timer
11-24 18:48:37.393  1011  1189 D ASH     : @ 194969.581: tcs3701: start power rail timer, state:3
11-24 18:48:37.434  1011  1189 I ASH     : @ 194969.621: tcs3701: stop power rail pending_off timer
11-24 18:48:37.434  1011  1189 D ASH     : @ 194969.621: tcs3701: start power rail timer, state:3
11-24 18:48:37.434 29531 29575 I BatteryMgr:DataCollectionService: stats => 1700848117434,13427,4443,-2746,4169000,100
11-24 18:48:37.473  1011  1189 I ASH     : @ 194969.661: tcs3701: stop power rail pending_off timer
11-24 18:48:37.475  1011  1189 D ASH     : @ 194969.661: tcs3701: start power rail timer, state:3
11-24 18:48:37.514  1011  1189 I ASH     : @ 194969.701: tcs3701: stop power rail pending_off timer
11-24 18:48:37.514  1011  1189 D ASH     : @ 194969.702: tcs3701: start power rail timer, state:3
11-24 18:48:37.542 29531 29575 I BatteryMgr:DataCollectionService: stats => 1700848117542,13427,4443,-2746,4169000,100
11-24 18:48:37.553  1011  1189 I ASH     : @ 194969.741: tcs3701: stop power rail pending_off timer
11-24 18:48:37.553  1011  1189 D ASH     : @ 194969.741: tcs3701: start power rail timer, state:3
11-24 18:48:37.594  1011  1189 I ASH     : @ 194969.781: tcs3701: stop power rail pending_off timer
11-24 18:48:37.594  1011  1189 D ASH     : @ 194969.781: tcs3701: start power rail timer, state:3
11-24 18:48:37.634  1011  1189 I ASH     : @ 194969.821: tcs3701: stop power rail pending_off timer
11-24 18:48:37.634  1011  1189 D ASH     : @ 194969.822: tcs3701: start power rail timer, state:3
11-24 18:48:37.650 29531 29575 I BatteryMgr:DataCollectionService: stats => 1700848117650,13427,4443,-2746,4169000,100
11-24 18:48:37.675  1011  1189 I ASH     : @ 194969.861: tcs3701: stop power rail pending_off timer
11-24 18:48:37.675  1011  1189 D ASH     : @ 194969.862: tcs3701: start power rail timer, state:3
11-24 18:48:37.713  1011  1189 I ASH     : @ 194969.901: tcs3701: stop power rail pending_off timer
11-24 18:48:37.713  1011  1189 D ASH     : @ 194969.901: tcs3701: start power rail timer, state:3
11-24 18:48:37.754  1011  1189 I ASH     : @ 194969.942: tcs3701: stop power rail pending_off timer
11-24 18:48:37.754  1011  1189 D ASH     : @ 194969.942: tcs3701: start power rail timer, state:3
11-24 18:48:37.759 29531 29575 I BatteryMgr:DataCollectionService: stats => 1700848117759,13427,4443,-2746,4169000,100
11-24 18:48:37.794  1011  1189 I ASH     : @ 194969.981: tcs3701: stop power rail pending_off timer
11-24 18:48:37.794  1011  1189 D ASH     : @ 194969.981: tcs3701: start power rail timer, state:3
11-24 18:48:37.834  1011  1189 I ASH     : @ 194970.021: tcs3701: stop power rail pending_off timer
11-24 18:48:37.834  1011  1189 D ASH     : @ 194970.021: tcs3701: start power rail timer, state:3
11-24 18:48:37.866 29531 29575 I BatteryMgr:DataCollectionService: stats => 1700848117866,13427,4443,-2746,4169000,100
11-24 18:48:37.873  1011  1189 I ASH     : @ 194970.061: tcs3701: stop power rail pending_off timer
11-24 18:48:37.873  1011  1189 D ASH     : @ 194970.062: tcs3701: start power rail timer, state:3
11-24 18:48:37.913  1011  1189 I ASH     : @ 194970.101: tcs3701: stop power rail pending_off timer
11-24 18:48:37.914  1011  1189 D ASH     : @ 194970.101: tcs3701: start power rail timer, state:3
11-24 18:48:37.953  1011  1189 I ASH     : @ 194970.141: tcs3701: stop power rail pending_off timer
11-24 18:48:37.953  1011  1189 D ASH     : @ 194970.141: tcs3701: start power rail timer, state:3
11-24 18:48:37.973 29531 29575 I BatteryMgr:DataCollectionService: stats => 1700848117973,13427,4443,-2746,4169000,100
11-24 18:48:37.993  1011  1189 I ASH     : @ 194970.181: tcs3701: stop power rail pending_off timer
11-24 18:48:37.993  1011  1189 D ASH     : @ 194970.181: tcs3701: start power rail timer, state:3
11-24 18:48:38.034  1011  1189 I ASH     : @ 194970.221: tcs3701: stop power rail pending_off timer
11-24 18:48:38.034  1011  1189 D ASH     : @ 194970.221: tcs3701: start power rail timer, state:3
11-24 18:48:38.073  1011  1189 I ASH     : @ 194970.261: tcs3701: stop power rail pending_off timer
11-24 18:48:38.073  1011  1189 D ASH     : @ 194970.261: tcs3701: start power rail timer, state:3
11-24 18:48:38.081 29531 29575 I BatteryMgr:DataCollectionService: stats => 1700848118081,13427,4443,-2746,4169000,100
11-24 18:48:38.101  1795  2262 D ActivityManager: freezer override set to true
11-24 18:48:38.113  1011  1189 I ASH     : @ 194970.301: tcs3701: stop power rail pending_off timer
11-24 18:48:38.113  1011  1189 D ASH     : @ 194970.301: tcs3701: start power rail timer, state:3
11-24 18:48:38.154  1011  1189 I ASH     : @ 194970.341: tcs3701: stop power rail pending_off timer
11-24 18:48:38.154  1011  1189 D ASH     : @ 194970.341: tcs3701: start power rail timer, state:3
11-24 18:48:38.187 29531 29575 I BatteryMgr:DataCollectionService: stats => 1700848118187,13427,4443,-2746,4169000,100
11-24 18:48:38.194  1011  1189 I ASH     : @ 194970.381: tcs3701: stop power rail pending_off timer
11-24 18:48:38.194  1011  1189 D ASH     : @ 194970.381: tcs3701: start power rail timer, state:3
11-24 18:48:38.233 21525 21541 I m.chrome.canary: Explicit concurrent copying GC freed 3576(176KB) AllocSpace objects, 3(60KB) LOS objects, 75% free, 12MB/50MB, paused 32us,25us total 49.039ms
11-24 18:48:38.233  1011  1189 I ASH     : @ 194970.421: tcs3701: stop power rail pending_off timer
11-24 18:48:38.233  1011  1189 D ASH     : @ 194970.421: tcs3701: start power rail timer, state:3
11-24 18:48:38.273  1011  1189 I ASH     : @ 194970.461: tcs3701: stop power rail pending_off timer
11-24 18:48:38.273  1011  1189 D ASH     : @ 194970.461: tcs3701: start power rail timer, state:3
11-24 18:48:38.289  1795  2262 D ActivityManager: freezer override set to false
11-24 18:48:38.293 29531 29575 I BatteryMgr:DataCollectionService: stats => 1700848118293,13427,4443,-2746,4169000,100
11-24 18:48:38.313  1011  1189 I ASH     : @ 194970.501: tcs3701: stop power rail pending_off timer
11-24 18:48:38.313  1011  1189 D ASH     : @ 194970.501: tcs3701: start power rail timer, state:3
11-24 18:48:38.330  1795  2262 D ActivityManager: freezer override set to true
11-24 18:48:38.334  1795  2262 D ActivityManager: freezer override set to false
11-24 18:48:38.355  1011  1189 I ASH     : @ 194970.541: tcs3701: stop power rail pending_off timer
11-24 18:48:38.355  1011  1189 D ASH     : @ 194970.541: tcs3701: start power rail timer, state:3
11-24 18:48:38.385  1795  2262 D ActivityManager: freezer override set to true
11-24 18:48:38.390  1795  2262 D ActivityManager: freezer override set to false
11-24 18:48:38.393  1011  1189 I ASH     : @ 194970.581: tcs3701: stop power rail pending_off timer
11-24 18:48:38.394  1011  1189 D ASH     : @ 194970.581: tcs3701: start power rail timer, state:3
11-24 18:48:38.401 29531 29575 I BatteryMgr:DataCollectionService: stats => 1700848118400,13427,4443,-2746,4169000,100
11-24 18:48:38.433  1011  1189 I ASH     : @ 194970.621: tcs3701: stop power rail pending_off timer
11-24 18:48:38.433  1011  1189 D ASH     : @ 194970.621: tcs3701: start power rail timer, state:3
11-24 18:48:38.474  1011  1189 I ASH     : @ 194970.661: tcs3701: stop power rail pending_off timer
11-24 18:48:38.474  1011  1189 D ASH     : @ 194970.661: tcs3701: start power rail timer, state:3
11-24 18:48:38.507 29531 29575 I BatteryMgr:DataCollectionService: stats => 1700848118507,13427,4443,-2746,4169000,100
11-24 18:48:38.513  1011  1189 I ASH     : @ 194970.701: tcs3701: stop power rail pending_off timer
11-24 18:48:38.514  1011  1189 D ASH     : @ 194970.701: tcs3701: start power rail timer, state:3
11-24 18:48:38.554  1011  1189 I ASH     : @ 194970.741: tcs3701: stop power rail pending_off timer
11-24 18:48:38.554  1011  1189 D ASH     : @ 194970.741: tcs3701: start power rail timer, state:3
11-24 18:48:38.593  1011  1189 I ASH     : @ 194970.781: tcs3701: stop power rail pending_off timer
11-24 18:48:38.594  1011  1189 D ASH     : @ 194970.781: tcs3701: start power rail timer, state:3
11-24 18:48:38.615 29531 29575 I BatteryMgr:DataCollectionService: stats => 1700848118615,13427,4443,-2746,4169000,100
11-24 18:48:38.634  1011  1189 I ASH     : @ 194970.821: tcs3701: stop power rail pending_off timer
11-24 18:48:38.634  1011  1189 D ASH     : @ 194970.822: tcs3701: start power rail timer, state:3
11-24 18:48:38.673  1011  1189 I ASH     : @ 194970.861: tcs3701: stop power rail pending_off timer
11-24 18:48:38.673  1011  1189 D ASH     : @ 194970.861: tcs3701: start power rail timer, state:3
11-24 18:48:38.713  1011  1189 I ASH     : @ 194970.901: tcs3701: stop power rail pending_off timer
11-24 18:48:38.714  1011  1189 D ASH     : @ 194970.902: tcs3701: start power rail timer, state:3
11-24 18:48:38.725 29531 29575 I BatteryMgr:DataCollectionService: stats => 1700848118725,13427,4443,-2746,4169000,100
11-24 18:48:38.753  1011  1189 I ASH     : @ 194970.941: tcs3701: stop power rail pending_off timer
11-24 18:48:38.753  1011  1189 D ASH     : @ 194970.941: tcs3701: start power rail timer, state:3
11-24 18:48:38.793  1011  1189 I ASH     : @ 194970.981: tcs3701: stop power rail pending_off timer
11-24 18:48:38.794  1011  1189 D ASH     : @ 194970.982: tcs3701: start power rail timer, state:3
11-24 18:48:38.823  1795  2424 D WifiClientModeImpl[13802:wlan0]: updateLinkLayerStatsRssiSpeedFrequencyCapabilities rssi=-46 TxLinkspeed=866 freq=5240 RxLinkSpeed=6
11-24 18:48:38.823  1795  2424 D WifiDataStall: tx tput in kbps: 768067
11-24 18:48:38.823  1795  2424 D WifiDataStall: rx tput in kbps: 808492
11-24 18:48:38.824  1795  2424 V WifiConfigManager: Updating scan detail cache freq=5240 BSSID=f4:6d:2f:12:cc:88 RSSI=-45 for "ourhome"WPA_PSK
11-24 18:48:38.824  1795  2424 D WifiChannelUtilization:  freq: 5240 onTime: 5934620 busyTime: 601500 onTimeDiff: 24661 busyTimeDiff: 1711 utilization: 17 utilization t0: 25
11-24 18:48:38.824  1795  2424 D WifiDataStall:  ccaLevel = 17
11-24 18:48:38.824  1795  2424 D WifiDataStall: L2 txTputKbps: 768067, rxTputKbps: 808492, L3 txTputKbps: 0, rxTputKbps: 0, TxTrafficHigh: false, RxTrafficHigh: false, Throughput Sufficient: true
11-24 18:48:38.824  1795  2424 D WifiScoreReport: Wifi scoring disabled - Don't check IP layer
11-24 18:48:38.824  2673  2692 V WifiManager: OnWifiUsabilityStatsListener: onWifiUsabilityStats: seqNum=57585
11-24 18:48:38.825  1795  2424 D WifiScoreCard: BSSID update SIGNAL_POLL ID: 1320464697 SSID: "ourhome", BSSID: f4:6d:2f:12:cc:88, MAC: b2:2f:ec:da:4a:0c, IP: /192.168.1.104, Security type: 2, Supplicant state: COMPLETED, Wi-Fi standard: 5, RSSI: -46, Link speed: 866Mbps, Tx Link speed: 866Mbps, Max Supported Tx Link speed: 866Mbps, Rx Link speed: 6Mbps, Max Supported Rx Link speed: 866Mbps, Frequency: 5240MHz, Net ID: 12, Metered hint: false, score: 60, isUsable: true, CarrierMerged: false, SubscriptionId: -1, IsPrimary: 1, Trusted: true, Restricted: false, Ephemeral: false, OEM paid: false, OEM private: false, OSU AP: false, FQDN: <none>, Provider friendly name: <none>, Requesting package name: <none>"ourhome"wpa2-pskMLO Information: , Is TID-To-Link negotiation supported by the AP: false, AP MLD Address: <none>, AP MLO Link Id: <none>, AP MLO Affiliated links: <none>
11-24 18:48:38.825  1795  2424 D WifiScoreCard: txRate: 1 txSpeed: 866
11-24 18:48:38.825  1795  2424 D WifiScoreCard: network update SIGNAL_POLL "ourhome" ID: 1499892569 RSSI -46 txSpeed -1
11-24 18:48:38.825  2513  2532 V WifiManager: TrafficStateCallbackProxy: onStateChanged state=0
11-24 18:48:38.825  1795  2424 D WifiClientModeImpl[13802:wlan0]:  ClientModeImpl$L2ConnectedState screen=on 29 0 "ourhome" f4:6d:2f:12:cc:88 rssi=-46 f=5240 sc=60 link=866 tx=0.0, 0.0, 0.0 rx=0.0 bcn=1879087 [on:0 tx:0 rx:0 period:3014] from screen [on:1325040 period:43360816] score=60
11-24 18:48:38.825  1795  2262 I WifiService: updateWifiUsabilityScore uid=10180 seqNum=57585 score=100 predictionHorizonSec=1441795
11-24 18:48:38.826  1795  2424 D WifiScoreReport: Wifi scoring disabled - Notify that Wifi is usable
11-24 18:48:38.828  1795  2432 D ConnectivityService: NetReassign [no changes] [c 0] [a 0] [i 2]
11-24 18:48:38.832 29531 29575 I BatteryMgr:DataCollectionService: stats => 1700848118832,13427,4443,-2746,4169000,100
11-24 18:48:38.833  1011  1189 I ASH     : @ 194971.021: tcs3701: stop power rail pending_off timer
11-24 18:48:38.833  1011  1189 D ASH     : @ 194971.021: tcs3701: start power rail timer, state:3
11-24 18:48:38.875  1011  1189 I ASH     : @ 194971.061: tcs3701: stop power rail pending_off timer
11-24 18:48:38.875  1011  1189 D ASH     : @ 194971.061: tcs3701: start power rail timer, state:3
11-24 18:48:38.913  1011  1189 I ASH     : @ 194971.101: tcs3701: stop power rail pending_off timer
11-24 18:48:38.913  1011  1189 D ASH     : @ 194971.102: tcs3701: start power rail timer, state:3
11-24 18:48:38.939 29531 29575 I BatteryMgr:DataCollectionService: stats => 1700848118938,13427,4443,-2746,4169000,100
11-24 18:48:38.955  1011  1189 I ASH     : @ 194971.141: tcs3701: stop power rail pending_off timer
11-24 18:48:38.955  1011  1189 D ASH     : @ 194971.141: tcs3701: start power rail timer, state:3
11-24 18:48:38.994  1011  1189 I ASH     : @ 194971.181: tcs3701: stop power rail pending_off timer
11-24 18:48:38.994  1011  1189 D ASH     : @ 194971.182: tcs3701: start power rail timer, state:3
11-24 18:48:39.034  1011  1189 I ASH     : @ 194971.221: tcs3701: stop power rail pending_off timer
11-24 18:48:39.034  1011  1189 D ASH     : @ 194971.221: tcs3701: start power rail timer, state:3
11-24 18:48:39.046 29531 29575 I BatteryMgr:DataCollectionService: stats => 1700848119046,13427,4443,-2746,4169000,100
11-24 18:48:39.073  1011  1189 I ASH     : @ 194971.261: tcs3701: stop power rail pending_off timer
11-24 18:48:39.073  1011  1189 D ASH     : @ 194971.261: tcs3701: start power rail timer, state:3
11-24 18:48:39.113  1011  1189 I ASH     : @ 194971.301: tcs3701: stop power rail pending_off timer
11-24 18:48:39.113  1011  1189 D ASH     : @ 194971.301: tcs3701: start power rail timer, state:3
11-24 18:48:39.154 29531 29575 I BatteryMgr:DataCollectionService: stats => 1700848119153,13427,4443,-2746,4169000,100
11-24 18:48:39.155  1011  1189 I ASH     : @ 194971.341: tcs3701: stop power rail pending_off timer
11-24 18:48:39.155  1011  1189 D ASH     : @ 194971.341: tcs3701: start power rail timer, state:3
11-24 18:48:39.194  1011  1189 I ASH     : @ 194971.381: tcs3701: stop power rail pending_off timer
11-24 18:48:39.194  1011  1189 D ASH     : @ 194971.382: tcs3701: start power rail timer, state:3
11-24 18:48:39.234  1011  1189 I ASH     : @ 194971.421: tcs3701: stop power rail pending_off timer
11-24 18:48:39.234  1011  1189 D ASH     : @ 194971.421: tcs3701: start power rail timer, state:3
11-24 18:48:39.263 29531 29575 I BatteryMgr:DataCollectionService: stats => 1700848119263,13427,4443,-2746,4169000,100
11-24 18:48:39.273  1011  1189 I ASH     : @ 194971.461: tcs3701: stop power rail pending_off timer
11-24 18:48:39.273  1011  1189 D ASH     : @ 194971.462: tcs3701: start power rail timer, state:3
11-24 18:48:39.314  1011  1189 I ASH     : @ 194971.501: tcs3701: stop power rail pending_off timer
11-24 18:48:39.314  1011  1189 D ASH     : @ 194971.501: tcs3701: start power rail timer, state:3
11-24 18:48:39.354  1011  1189 I ASH     : @ 194971.541: tcs3701: stop power rail pending_off timer
11-24 18:48:39.354  1011  1189 D ASH     : @ 194971.541: tcs3701: start power rail timer, state:3
11-24 18:48:39.372 29531 29575 I BatteryMgr:DataCollectionService: stats => 1700848119372,13427,4443,-2746,4169000,100
11-24 18:48:39.381  1795  2262 D ActivityManager: freezer override set to true
11-24 18:48:39.386  1795  2262 D ActivityManager: freezer override set to false
11-24 18:48:39.393  1011  1189 I ASH     : @ 194971.581: tcs3701: stop power rail pending_off timer
11-24 18:48:39.394  1011  1189 D ASH     : @ 194971.581: tcs3701: start power rail timer, state:3
11-24 18:48:39.434  1011  1189 I ASH     : @ 194971.621: tcs3701: stop power rail pending_off timer
11-24 18:48:39.434  1011  1189 D ASH     : @ 194971.621: tcs3701: start power rail timer, state:3
11-24 18:48:39.474  1011  1189 I ASH     : @ 194971.662: tcs3701: stop power rail pending_off timer
11-24 18:48:39.474  1011  1189 D ASH     : @ 194971.662: tcs3701: start power rail timer, state:3
11-24 18:48:39.482 29531 29575 I BatteryMgr:DataCollectionService: stats => 1700848119482,13427,4443,-2746,4169000,100
11-24 18:48:39.505  1795  2262 D ActivityManager: freezer override set to true
11-24 18:48:39.513  1011  1189 I ASH     : @ 194971.701: tcs3701: stop power rail pending_off timer
11-24 18:48:39.513  1011  1189 D ASH     : @ 194971.701: tcs3701: start power rail timer, state:3
11-24 18:48:39.554  1011  1189 I ASH     : @ 194971.742: tcs3701: stop power rail pending_off timer
11-24 18:48:39.554  1011  1189 D ASH     : @ 194971.742: tcs3701: start power rail timer, state:3
11-24 18:48:39.587 29531 29575 I BatteryMgr:DataCollectionService: stats => 1700848119587,13427,4443,-2746,4169000,100
11-24 18:48:39.593  1011  1189 I ASH     : @ 194971.781: tcs3701: stop power rail pending_off timer
11-24 18:48:39.593  1011  1189 D ASH     : @ 194971.781: tcs3701: start power rail timer, state:3
11-24 18:48:39.631 21525 21541 I m.chrome.canary: Explicit concurrent copying GC freed 3807(191KB) AllocSpace objects, 4(80KB) LOS objects, 75% free, 12MB/50MB, paused 29us,23us total 45.559ms
11-24 18:48:39.634  1011  1189 I ASH     : @ 194971.821: tcs3701: stop power rail pending_off timer
11-24 18:48:39.634  1011  1189 D ASH     : @ 194971.821: tcs3701: start power rail timer, state:3
11-24 18:48:39.673  1011  1189 I ASH     : @ 194971.861: tcs3701: stop power rail pending_off timer
11-24 18:48:39.673  1011  1189 D ASH     : @ 194971.861: tcs3701: start power rail timer, state:3
11-24 18:48:39.686  1795  2262 D ActivityManager: freezer override set to false
11-24 18:48:39.692 29531 29575 I BatteryMgr:DataCollectionService: stats => 1700848119692,13427,4443,-2746,4169000,100
11-24 18:48:39.713  1011  1189 I ASH     : @ 194971.901: tcs3701: stop power rail pending_off timer
11-24 18:48:39.714  1011  1189 D ASH     : @ 194971.901: tcs3701: start power rail timer, state:3
11-24 18:48:39.728  1795  2262 D ActivityManager: freezer override set to true
11-24 18:48:39.731  1795  2262 D ActivityManager: freezer override set to false
11-24 18:48:39.753  1011  1189 I ASH     : @ 194971.941: tcs3701: stop power rail pending_off timer
11-24 18:48:39.753  1011  1189 D ASH     : @ 194971.941: tcs3701: start power rail timer, state:3
11-24 18:48:39.793  1011  1189 I ASH     : @ 194971.981: tcs3701: stop power rail pending_off timer
11-24 18:48:39.794  1011  1189 D ASH     : @ 194971.981: tcs3701: start power rail timer, state:3
11-24 18:48:39.799 29531 29575 I BatteryMgr:DataCollectionService: stats => 1700848119798,13427,4443,-2746,4169000,100
11-24 18:48:39.834  1011  1189 I ASH     : @ 194972.021: tcs3701: stop power rail pending_off timer
11-24 18:48:39.834  1011  1189 D ASH     : @ 194972.021: tcs3701: start power rail timer, state:3
11-24 18:48:39.873  1011  1189 I ASH     : @ 194972.061: tcs3701: stop power rail pending_off timer
11-24 18:48:39.873  1011  1189 D ASH     : @ 194972.061: tcs3701: start power rail timer, state:3
11-24 18:48:39.907 29531 29575 I BatteryMgr:DataCollectionService: stats => 1700848119907,13427,4443,-2746,4169000,100
11-24 18:48:39.914  1011  1189 I ASH     : @ 194972.101: tcs3701: stop power rail pending_off timer
11-24 18:48:39.914  1011  1189 D ASH     : @ 194972.101: tcs3701: start power rail timer, state:3
11-24 18:48:39.953  1011  1189 I ASH     : @ 194972.141: tcs3701: stop power rail pending_off timer
11-24 18:48:39.953  1011  1189 D ASH     : @ 194972.141: tcs3701: start power rail timer, state:3
11-24 18:48:39.993  1011  1189 I ASH     : @ 194972.181: tcs3701: stop power rail pending_off timer
11-24 18:48:39.994  1011  1189 D ASH     : @ 194972.181: tcs3701: start power rail timer, state:3
11-24 18:48:40.017 29531 29575 I BatteryMgr:DataCollectionService: stats => 1700848120016,13427,4443,-2746,4169000,100
11-24 18:48:40.033  1011  1189 I ASH     : @ 194972.221: tcs3701: stop power rail pending_off timer
11-24 18:48:40.034  1011  1189 D ASH     : @ 194972.221: tcs3701: start power rail timer, state:3
11-24 18:48:40.073  1011  1189 I ASH     : @ 194972.261: tcs3701: stop power rail pending_off timer
11-24 18:48:40.074  1011  1189 D ASH     : @ 194972.262: tcs3701: start power rail timer, state:3
11-24 18:48:40.113  1011  1189 I ASH     : @ 194972.301: tcs3701: stop power rail pending_off timer
11-24 18:48:40.114  1011  1189 D ASH     : @ 194972.301: tcs3701: start power rail timer, state:3
11-24 18:48:40.123 29531 29575 I BatteryMgr:DataCollectionService: stats => 1700848120123,13427,4443,-2746,4169000,100
11-24 18:48:40.155  1011  1189 I ASH     : @ 194972.341: tcs3701: stop power rail pending_off timer
11-24 18:48:40.155  1011  1189 D ASH     : @ 194972.341: tcs3701: start power rail timer, state:3
11-24 18:48:40.193  1011  1189 I ASH     : @ 194972.381: tcs3701: stop power rail pending_off timer
11-24 18:48:40.194  1011  1189 D ASH     : @ 194972.381: tcs3701: start power rail timer, state:3
11-24 18:48:40.230 29531 29575 I BatteryMgr:DataCollectionService: stats => 1700848120230,13427,4443,-2746,4169000,100
11-24 18:48:40.234  1011  1189 I ASH     : @ 194972.421: tcs3701: stop power rail pending_off timer
11-24 18:48:40.234  1011  1189 D ASH     : @ 194972.422: tcs3701: start power rail timer, state:3
11-24 18:48:40.273  1011  1189 I ASH     : @ 194972.461: tcs3701: stop power rail pending_off timer
11-24 18:48:40.274  1011  1189 D ASH     : @ 194972.461: tcs3701: start power rail timer, state:3
11-24 18:48:40.313  1011  1189 I ASH     : @ 194972.501: tcs3701: stop power rail pending_off timer
11-24 18:48:40.313  1011  1189 D ASH     : @ 194972.501: tcs3701: start power rail timer, state:3
11-24 18:48:40.338 29531 29575 I BatteryMgr:DataCollectionService: stats => 1700848120338,13427,4443,-2746,4169000,100
11-24 18:48:40.353  1011  1189 I ASH     : @ 194972.541: tcs3701: stop power rail pending_off timer
11-24 18:48:40.354  1011  1189 D ASH     : @ 194972.541: tcs3701: start power rail timer, state:3
11-24 18:48:40.378  1795  2262 D ActivityManager: freezer override set to true
11-24 18:48:40.383  1795  2262 D ActivityManager: freezer override set to false
11-24 18:48:40.394  1011  1189 I ASH     : @ 194972.581: tcs3701: stop power rail pending_off timer
11-24 18:48:40.394  1011  1189 D ASH     : @ 194972.582: tcs3701: start power rail timer, state:3
11-24 18:48:40.434  1011  1189 I ASH     : @ 194972.621: tcs3701: stop power rail pending_off timer
11-24 18:48:40.434  1011  1189 D ASH     : @ 194972.621: tcs3701: start power rail timer, state:3
11-24 18:48:40.445 29531 29575 I BatteryMgr:DataCollectionService: stats => 1700848120445,13427,4443,-2746,4169000,100
11-24 18:48:40.473  1011  1189 I ASH     : @ 194972.661: tcs3701: stop power rail pending_off timer
11-24 18:48:40.473  1011  1189 D ASH     : @ 194972.661: tcs3701: start power rail timer, state:3
11-24 18:48:40.513  1011  1189 I ASH     : @ 194972.701: tcs3701: stop power rail pending_off timer
11-24 18:48:40.513  1011  1189 D ASH     : @ 194972.702: tcs3701: start power rail timer, state:3
11-24 18:48:40.552 29531 29575 I BatteryMgr:DataCollectionService: stats => 1700848120552,13427,4443,-2746,4169000,100
11-24 18:48:40.553  1011  1189 I ASH     : @ 194972.741: tcs3701: stop power rail pending_off timer
11-24 18:48:40.553  1011  1189 D ASH     : @ 194972.741: tcs3701: start power rail timer, state:3
11-24 18:48:40.594  1011  1189 I ASH     : @ 194972.781: tcs3701: stop power rail pending_off timer
11-24 18:48:40.594  1011  1189 D ASH     : @ 194972.782: tcs3701: start power rail timer, state:3
11-24 18:48:40.633  1011  1189 I ASH     : @ 194972.821: tcs3701: stop power rail pending_off timer
11-24 18:48:40.633  1011  1189 D ASH     : @ 194972.821: tcs3701: start power rail timer, state:3
11-24 18:48:40.661 29531 29575 I BatteryMgr:DataCollectionService: stats => 1700848120661,13427,4443,-2746,4169000,100
11-24 18:48:40.674  1011  1189 I ASH     : @ 194972.861: tcs3701: stop power rail pending_off timer
11-24 18:48:40.674  1011  1189 D ASH     : @ 194972.861: tcs3701: start power rail timer, state:3
11-24 18:48:40.714  1011  1189 I ASH     : @ 194972.901: tcs3701: stop power rail pending_off timer
11-24 18:48:40.714  1011  1189 D ASH     : @ 194972.901: tcs3701: start power rail timer, state:3
11-24 18:48:40.753  1011  1189 I ASH     : @ 194972.941: tcs3701: stop power rail pending_off timer
11-24 18:48:40.753  1011  1189 D ASH     : @ 194972.941: tcs3701: start power rail timer, state:3
11-24 18:48:40.767 29531 29575 I BatteryMgr:DataCollectionService: stats => 1700848120767,13427,4443,-2746,4169000,100
11-24 18:48:40.794  1011  1189 I ASH     : @ 194972.981: tcs3701: stop power rail pending_off timer
11-24 18:48:40.794  1011  1189 D ASH     : @ 194972.981: tcs3701: start power rail timer, state:3
11-24 18:48:40.833  1011  1189 I ASH     : @ 194973.021: tcs3701: stop power rail pending_off timer
11-24 18:48:40.833  1011  1189 D ASH     : @ 194973.021: tcs3701: start power rail timer, state:3
11-24 18:48:40.873  1011  1189 I ASH     : @ 194973.061: tcs3701: stop power rail pending_off timer
11-24 18:48:40.874  1011  1189 D ASH     : @ 194973.061: tcs3701: start power rail timer, state:3
11-24 18:48:40.874 29531 29575 I BatteryMgr:DataCollectionService: stats => 1700848120874,13427,4443,-2746,4169000,100
11-24 18:48:40.896  1795  2262 D ActivityManager: freezer override set to true
11-24 18:48:40.913  1011  1189 I ASH     : @ 194973.101: tcs3701: stop power rail pending_off timer
11-24 18:48:40.913  1011  1189 D ASH     : @ 194973.101: tcs3701: start power rail timer, state:3
11-24 18:48:40.954  1011  1189 I ASH     : @ 194973.141: tcs3701: stop power rail pending_off timer
11-24 18:48:40.954  1011  1189 D ASH     : @ 194973.141: tcs3701: start power rail timer, state:3
11-24 18:48:40.975 21525 21541 I m.chrome.canary: Explicit concurrent copying GC freed 3591(176KB) AllocSpace objects, 3(60KB) LOS objects, 75% free, 12MB/50MB, paused 25us,22us total 43.238ms
11-24 18:48:40.980 29531 29575 I BatteryMgr:DataCollectionService: stats => 1700848120980,13427,4443,-2746,4169000,100
11-24 18:48:40.994  1011  1189 I ASH     : @ 194973.181: tcs3701: stop power rail pending_off timer
11-24 18:48:40.994  1011  1189 D ASH     : @ 194973.182: tcs3701: start power rail timer, state:3
11-24 18:48:41.031  1795  2262 D ActivityManager: freezer override set to false
11-24 18:48:41.033  1011  1189 I ASH     : @ 194973.221: tcs3701: stop power rail pending_off timer
11-24 18:48:41.034  1011  1189 D ASH     : @ 194973.221: tcs3701: start power rail timer, state:3
11-24 18:48:41.074  1011  1189 I ASH     : @ 194973.261: tcs3701: stop power rail pending_off timer
11-24 18:48:41.074  1011  1189 D ASH     : @ 194973.262: tcs3701: start power rail timer, state:3
11-24 18:48:41.075  1795  2262 D ActivityManager: freezer override set to true
11-24 18:48:41.077  1795  2262 D ActivityManager: freezer override set to false
11-24 18:48:41.085 29531 29575 I BatteryMgr:DataCollectionService: stats => 1700848121085,13427,4443,-2746,4169000,100
11-24 18:48:41.114  1011  1189 I ASH     : @ 194973.301: tcs3701: stop power rail pending_off timer
11-24 18:48:41.114  1011  1189 D ASH     : @ 194973.302: tcs3701: start power rail timer, state:3
11-24 18:48:41.153  1011  1189 I ASH     : @ 194973.341: tcs3701: stop power rail pending_off timer
11-24 18:48:41.154  1011  1189 D ASH     : @ 194973.341: tcs3701: start power rail timer, state:3
11-24 18:48:41.192 29531 29575 I BatteryMgr:DataCollectionService: stats => 1700848121192,13427,4443,-2746,4169000,100
11-24 18:48:41.194  1011  1189 I ASH     : @ 194973.381: tcs3701: stop power rail pending_off timer
11-24 18:48:41.194  1011  1189 D ASH     : @ 194973.381: tcs3701: start power rail timer, state:3
11-24 18:48:41.233  1011  1189 I ASH     : @ 194973.421: tcs3701: stop power rail pending_off timer
11-24 18:48:41.233  1011  1189 D ASH     : @ 194973.421: tcs3701: start power rail timer, state:3
11-24 18:48:41.274  1011  1189 I ASH     : @ 194973.462: tcs3701: stop power rail pending_off timer
11-24 18:48:41.274  1011  1189 D ASH     : @ 194973.462: tcs3701: start power rail timer, state:3
11-24 18:48:41.299 29531 29575 I BatteryMgr:DataCollectionService: stats => 1700848121298,13427,4443,-2746,4169000,100
11-24 18:48:41.313  1011  1189 I ASH     : @ 194973.501: tcs3701: stop power rail pending_off timer
11-24 18:48:41.314  1011  1189 D ASH     : @ 194973.501: tcs3701: start power rail timer, state:3
11-24 18:48:41.354  1011  1189 I ASH     : @ 194973.541: tcs3701: stop power rail pending_off timer
11-24 18:48:41.354  1011  1189 D ASH     : @ 194973.541: tcs3701: start power rail timer, state:3
11-24 18:48:41.382  1795  2262 D ActivityManager: freezer override set to true
11-24 18:48:41.386  1795  2262 D ActivityManager: freezer override set to false
11-24 18:48:41.394  1011  1189 I ASH     : @ 194973.581: tcs3701: stop power rail pending_off timer
11-24 18:48:41.394  1011  1189 D ASH     : @ 194973.581: tcs3701: start power rail timer, state:3
11-24 18:48:41.405 29531 29575 I BatteryMgr:DataCollectionService: stats => 1700848121405,13427,4443,-2746,4169000,100
11-24 18:48:41.434  1011  1189 I ASH     : @ 194973.621: tcs3701: stop power rail pending_off timer
11-24 18:48:41.434  1011  1189 D ASH     : @ 194973.621: tcs3701: start power rail timer, state:3
11-24 18:48:41.473  1011  1189 I ASH     : @ 194973.661: tcs3701: stop power rail pending_off timer
11-24 18:48:41.473  1011  1189 D ASH     : @ 194973.661: tcs3701: start power rail timer, state:3
11-24 18:48:41.512 29531 29575 I BatteryMgr:DataCollectionService: stats => 1700848121512,13427,4443,-2746,4169000,100
11-24 18:48:41.514  1011  1189 I ASH     : @ 194973.701: tcs3701: stop power rail pending_off timer
11-24 18:48:41.514  1011  1189 D ASH     : @ 194973.701: tcs3701: start power rail timer, state:3
11-24 18:48:41.553  1011  1189 I ASH     : @ 194973.741: tcs3701: stop power rail pending_off timer
11-24 18:48:41.553  1011  1189 D ASH     : @ 194973.741: tcs3701: start power rail timer, state:3
11-24 18:48:41.594  1011  1189 I ASH     : @ 194973.781: tcs3701: stop power rail pending_off timer
11-24 18:48:41.594  1011  1189 D ASH     : @ 194973.781: tcs3701: start power rail timer, state:3
11-24 18:48:41.621 29531 29575 I BatteryMgr:DataCollectionService: stats => 1700848121621,13427,4443,-2746,4169000,100
11-24 18:48:41.635  1011  1189 I ASH     : @ 194973.821: tcs3701: stop power rail pending_off timer
11-24 18:48:41.635  1011  1189 D ASH     : @ 194973.821: tcs3701: start power rail timer, state:3
11-24 18:48:41.673  1011  1189 I ASH     : @ 194973.861: tcs3701: stop power rail pending_off timer
11-24 18:48:41.673  1011  1189 D ASH     : @ 194973.861: tcs3701: start power rail timer, state:3
11-24 18:48:41.714  1011  1189 I ASH     : @ 194973.901: tcs3701: stop power rail pending_off timer
11-24 18:48:41.714  1011  1189 D ASH     : @ 194973.901: tcs3701: start power rail timer, state:3
11-24 18:48:41.728 29531 29575 I BatteryMgr:DataCollectionService: stats => 1700848121728,13427,4443,-2746,4169000,100
11-24 18:48:41.754  1011  1189 I ASH     : @ 194973.941: tcs3701: stop power rail pending_off timer
11-24 18:48:41.754  1011  1189 D ASH     : @ 194973.941: tcs3701: start power rail timer, state:3
11-24 18:48:41.794  1011  1189 I ASH     : @ 194973.981: tcs3701: stop power rail pending_off timer
11-24 18:48:41.794  1011  1189 D ASH     : @ 194973.982: tcs3701: start power rail timer, state:3
11-24 18:48:41.834  1011  1189 I ASH     : @ 194974.021: tcs3701: stop power rail pending_off timer
11-24 18:48:41.834  1011  1189 D ASH     : @ 194974.021: tcs3701: start power rail timer, state:3
11-24 18:48:41.837 29531 29575 I BatteryMgr:DataCollectionService: stats => 1700848121837,13427,4443,-2746,4169000,100
11-24 18:48:41.840  1795  2424 D WifiClientModeImpl[13802:wlan0]: updateLinkLayerStatsRssiSpeedFrequencyCapabilities rssi=-46 TxLinkspeed=866 freq=5240 RxLinkSpeed=6
11-24 18:48:41.841  1795  2424 D WifiDataStall: tx tput in kbps: 768067
11-24 18:48:41.841  1795  2424 D WifiDataStall: rx tput in kbps: 808492
11-24 18:48:41.841  1795  2424 V WifiConfigManager: Updating scan detail cache freq=5240 BSSID=f4:6d:2f:12:cc:88 RSSI=-45 for "ourhome"WPA_PSK
11-24 18:48:41.842  1795  2424 D WifiChannelUtilization:  freq: 5240 onTime: 5934620 busyTime: 601500 onTimeDiff: 24661 busyTimeDiff: 1711 utilization: 17 utilization t0: 25
11-24 18:48:41.842  1795  2424 D WifiDataStall:  ccaLevel = 17
11-24 18:48:41.842  1795  2424 D WifiDataStall: L2 txTputKbps: 768067, rxTputKbps: 808492, L3 txTputKbps: 0, rxTputKbps: 0, TxTrafficHigh: false, RxTrafficHigh: false, Throughput Sufficient: true
11-24 18:48:41.842  2673  2692 V WifiManager: OnWifiUsabilityStatsListener: onWifiUsabilityStats: seqNum=57586
11-24 18:48:41.842  1795  2424 D WifiScoreReport: Wifi scoring disabled - Don't check IP layer
11-24 18:48:41.842  1795  2424 D WifiScoreCard: BSSID update SIGNAL_POLL ID: 1320464697 SSID: "ourhome", BSSID: f4:6d:2f:12:cc:88, MAC: b2:2f:ec:da:4a:0c, IP: /192.168.1.104, Security type: 2, Supplicant state: COMPLETED, Wi-Fi standard: 5, RSSI: -46, Link speed: 866Mbps, Tx Link speed: 866Mbps, Max Supported Tx Link speed: 866Mbps, Rx Link speed: 6Mbps, Max Supported Rx Link speed: 866Mbps, Frequency: 5240MHz, Net ID: 12, Metered hint: false, score: 60, isUsable: true, CarrierMerged: false, SubscriptionId: -1, IsPrimary: 1, Trusted: true, Restricted: false, Ephemeral: false, OEM paid: false, OEM private: false, OSU AP: false, FQDN: <none>, Provider friendly name: <none>, Requesting package name: <none>"ourhome"wpa2-pskMLO Information: , Is TID-To-Link negotiation supported by the AP: false, AP MLD Address: <none>, AP MLO Link Id: <none>, AP MLO Affiliated links: <none>
11-24 18:48:41.842  1795  2424 D WifiScoreCard: txRate: 1 txSpeed: 866
11-24 18:48:41.842  1795  2424 D WifiScoreCard: network update SIGNAL_POLL "ourhome" ID: 1499892569 RSSI -46 txSpeed -1
11-24 18:48:41.842  1795  2262 I WifiService: updateWifiUsabilityScore uid=10180 seqNum=57586 score=100 predictionHorizonSec=1441795
11-24 18:48:41.843  1795  2424 D WifiClientModeImpl[13802:wlan0]:  ClientModeImpl$L2ConnectedState screen=on 29 0 "ourhome" f4:6d:2f:12:cc:88 rssi=-46 f=5240 sc=60 link=866 tx=0.0, 0.0, 0.0 rx=0.0 bcn=1879116 [on:0 tx:0 rx:1 period:3017] from screen [on:1325040 period:43363833] score=60
11-24 18:48:41.843  1795  2424 D WifiScoreReport: Wifi scoring disabled - Notify that Wifi is usable
11-24 18:48:41.846  1795  2432 D ConnectivityService: NetReassign [no changes] [c 1] [a 0] [i 2]
11-24 18:48:41.874  1011  1189 I ASH     : @ 194974.061: tcs3701: stop power rail pending_off timer
11-24 18:48:41.874  1011  1189 D ASH     : @ 194974.062: tcs3701: start power rail timer, state:3
11-24 18:48:41.914  1011  1189 I ASH     : @ 194974.101: tcs3701: stop power rail pending_off timer
11-24 18:48:41.914  1011  1189 D ASH     : @ 194974.101: tcs3701: start power rail timer, state:3
11-24 18:48:41.944 29531 29575 I BatteryMgr:DataCollectionService: stats => 1700848121944,13427,4443,-2746,4169000,100
11-24 18:48:41.953  1011  1189 I ASH     : @ 194974.141: tcs3701: stop power rail pending_off timer
11-24 18:48:41.953  1011  1189 D ASH     : @ 194974.141: tcs3701: start power rail timer, state:3
11-24 18:48:41.994  1011  1189 I ASH     : @ 194974.181: tcs3701: stop power rail pending_off timer
11-24 18:48:41.994  1011  1189 D ASH     : @ 194974.181: tcs3701: start power rail timer, state:3
11-24 18:48:42.033  1011  1189 I ASH     : @ 194974.221: tcs3701: stop power rail pending_off timer
11-24 18:48:42.033  1011  1189 D ASH     : @ 194974.221: tcs3701: start power rail timer, state:3
11-24 18:48:42.054 29531 29575 I BatteryMgr:DataCollectionService: stats => 1700848122054,13427,4443,-2746,4169000,100
11-24 18:48:42.074  1011  1189 I ASH     : @ 194974.261: tcs3701: stop power rail pending_off timer
11-24 18:48:42.074  1011  1189 D ASH     : @ 194974.261: tcs3701: start power rail timer, state:3
11-24 18:48:42.114  1011  1189 I ASH     : @ 194974.301: tcs3701: stop power rail pending_off timer
11-24 18:48:42.114  1011  1189 D ASH     : @ 194974.302: tcs3701: start power rail timer, state:3
