--------- beginning of main
11-24 18:45:15.220  1011  1189 I ASH     : @ 194767.408: tcs3701: stop power rail pending_off timer
11-24 18:45:15.220  1011  1189 D ASH     : @ 194767.408: tcs3701: start power rail timer, state:3
11-24 18:45:15.261  1011  1189 I ASH     : @ 194767.448: tcs3701: stop power rail pending_off timer
11-24 18:45:15.261  1011  1189 D ASH     : @ 194767.448: tcs3701: start power rail timer, state:3
11-24 18:45:15.301  1011  1189 I ASH     : @ 194767.488: tcs3701: stop power rail pending_off timer
11-24 18:45:15.301  1011  1189 D ASH     : @ 194767.488: tcs3701: start power rail timer, state:3
11-24 18:45:15.340  1011  1189 I ASH     : @ 194767.528: tcs3701: stop power rail pending_off timer
11-24 18:45:15.341  1011  1189 D ASH     : @ 194767.528: tcs3701: start power rail timer, state:3
11-24 18:45:15.381  1011  1189 I ASH     : @ 194767.568: tcs3701: stop power rail pending_off timer
11-24 18:45:15.381  1011  1189 D ASH     : @ 194767.568: tcs3701: start power rail timer, state:3
11-24 18:45:15.390 18333 18333 D AndroidRuntime: >>>>>> START com.android.internal.os.RuntimeInit uid 2000 <<<<<<
11-24 18:45:15.393 18333 18333 I AndroidRuntime: Using default boot image
11-24 18:45:15.393 18333 18333 I AndroidRuntime: Leaving lock profiling enabled
11-24 18:45:15.395 18333 18333 I app_process: Using CollectorTypeCC GC.
11-24 18:45:15.421  1011  1189 I ASH     : @ 194767.608: tcs3701: stop power rail pending_off timer
11-24 18:45:15.421  1011  1189 D ASH     : @ 194767.608: tcs3701: start power rail timer, state:3
11-24 18:45:15.460  1011  1189 I ASH     : @ 194767.648: tcs3701: stop power rail pending_off timer
11-24 18:45:15.461  1011  1189 D ASH     : @ 194767.648: tcs3701: start power rail timer, state:3
11-24 18:45:15.464 18333 18333 D nativeloader: InitDefaultPublicLibraries for_preload=1: libandroid.so:libaaudio.so:libamidi.so:libbinder_ndk.so:libc.so:libcamera2ndk.so:libdl.so:libEGL.so:libGLESv1_CM.so:libGLESv2.so:libGLESv3.so:libicu.so:libicui18n.so:libicuuc.so:libjnigraphics.so:liblog.so:libmediandk.so:libm.so:libnativehelper.so:libnativewindow.so:libOpenMAXAL.so:libOpenSLES.so:libRS.so:libstdc++.so:libsync.so:libvulkan.so:libwebviewchromium_plat_support.so:libz.so
11-24 18:45:15.476 18333 18333 D app_process: Time zone APEX ICU file found: /apex/com.android.tzdata/etc/icu/icu_tzdata.dat
11-24 18:45:15.476 18333 18333 D app_process: I18n APEX ICU file found: /apex/com.android.i18n/etc/icu/icudt70l.dat
11-24 18:45:15.499 18333 18333 D AndroidRuntime: Calling main entry com.android.commands.monkey.Monkey
11-24 18:45:15.500 18333 18333 W Monkey  : args: [-p, com.chrome.canary, 1]
11-24 18:45:15.500 18333 18333 W Monkey  :  arg: "-p"
11-24 18:45:15.500 18333 18333 W Monkey  :  arg: "com.chrome.canary"
11-24 18:45:15.500 18333 18333 W Monkey  :  arg: "1"
11-24 18:45:15.500 18333 18333 W Monkey  : data="com.chrome.canary"
11-24 18:45:15.500  1011  1189 I ASH     : @ 194767.688: tcs3701: stop power rail pending_off timer
11-24 18:45:15.500  1011  1189 D ASH     : @ 194767.688: tcs3701: start power rail timer, state:3
--------- beginning of system
11-24 18:45:15.511  1795  2119 W BroadcastQueue: Skipping deliver [background] BroadcastRecord{e6031ef u-1 android.net.conn.CONNECTIVITY_CHANGE} to ReceiverList{c0644fc 18333 (unknown name)/2000/u-1 remote:da007c9}: process gone or crashing
11-24 18:45:15.517  1795  4165 D CompatibilityChangeReporter: Compat change id reported: 161252188; UID 10010; state: DISABLED
11-24 18:45:15.517  1795  4165 I ActivityTaskManager: START u0 {act=android.intent.action.MAIN cat=[android.intent.category.LAUNCHER] flg=0x10200000 cmp=com.chrome.canary/com.google.android.apps.chrome.Main} from uid 2000
11-24 18:45:15.517  1795  4165 D CompatibilityChangeReporter: Compat change id reported: 265464455; UID 10010; state: DISABLED
11-24 18:45:15.517  1795  4165 D CompatibilityChangeReporter: Compat change id reported: 265452344; UID 10010; state: DISABLED
11-24 18:45:15.517  1795  4165 D CompatibilityChangeReporter: Compat change id reported: 266124927; UID 10010; state: DISABLED
11-24 18:45:15.517  1795  4165 D CompatibilityChangeReporter: Compat change id reported: 265451093; UID 10010; state: DISABLED
11-24 18:45:15.517  1795  4165 D CompatibilityChangeReporter: Compat change id reported: 265456536; UID 10010; state: DISABLED
11-24 18:45:15.518  1795  4165 D CompatibilityChangeReporter: Compat change id reported: 255940284; UID 10010; state: DISABLED
11-24 18:45:15.518  1795  4165 D CompatibilityChangeReporter: Compat change id reported: 236283604; UID 10010; state: DISABLED
11-24 18:45:15.518  1795  4165 D CompatibilityChangeReporter: Compat change id reported: 263959004; UID 10010; state: DISABLED
11-24 18:45:15.518  1795  4165 D CompatibilityChangeReporter: Compat change id reported: 264304459; UID 10010; state: DISABLED
11-24 18:45:15.518  1795  4165 D CompatibilityChangeReporter: Compat change id reported: 264301586; UID 10010; state: DISABLED
11-24 18:45:15.518  1795  4165 D CompatibilityChangeReporter: Compat change id reported: 254631730; UID 10010; state: DISABLED
11-24 18:45:15.518  1795  4165 D CompatibilityChangeReporter: Compat change id reported: 273509367; UID 10010; state: DISABLED
11-24 18:45:15.518  1795  4165 D CompatibilityChangeReporter: Compat change id reported: 263259275; UID 10010; state: DISABLED
11-24 18:45:15.518  1795  4165 D CompatibilityChangeReporter: Compat change id reported: 194480991; UID 10010; state: ENABLED
11-24 18:45:15.518  1795  4165 D CompatibilityChangeReporter: Compat change id reported: 174042980; UID 10010; state: DISABLED
11-24 18:45:15.519  1795  4165 D CompatibilityChangeReporter: Compat change id reported: 184838306; UID 10010; state: DISABLED
11-24 18:45:15.519  1795  4165 D CompatibilityChangeReporter: Compat change id reported: 185004937; UID 10010; state: DISABLED
11-24 18:45:15.520  1795  4165 D CompatibilityChangeReporter: Compat change id reported: 205907456; UID 10010; state: ENABLED
11-24 18:45:15.522  1795  4165 D CompatibilityChangeReporter: Compat change id reported: 194833441; UID 10010; state: ENABLED
11-24 18:45:15.524 18333 18333 I Monkey  : Events injected: 1
11-24 18:45:15.528  1795  2100 D CompatibilityChangeReporter: Compat change id reported: 135634846; UID 10010; state: DISABLED
11-24 18:45:15.528  1795  2149 E system_server: updateValue is called with a value {0, 0, 0, 0, 0, 0, 0, 0, 0, 0, 0, 0, 0, 0, 0, 0, 0, 0, 0, 0, 0, 0, 0, 0, 0}, which is lower than the previous value {0, 4, 7, 149, 87, 10189, 5673, 11147, 78374, 49, 326, 779, 3980, 5257, 8670, 7514, 12724, 777, 2188, 6404, 8525, 2920, 1594, 744, 4651}
11-24 18:45:15.528  1795  2149 E system_server: updateValue is called with a value {0, 0, 0, 0, 0, 0, 0, 0, 0, 0, 0, 0, 0, 0, 0, 0, 0, 0, 0, 0, 0, 0, 0, 0, 0}, which is lower than the previous value {0, 0, 0, 1, 0, 58, 40, 86, 5742, 0, 0, 0, 0, 0, 0, 0, 0, 0, 0, 0, 0, 0, 0, 0, 0}
11-24 18:45:15.529  1795  2120 D CompatibilityChangeReporter: Compat change id reported: 143937733; UID 10010; state: ENABLED
11-24 18:45:15.531 18333 18333 I Monkey  : ## Network stats: elapsed time=14ms (0ms mobile, 0ms wifi, 14ms not connected)
11-24 18:45:15.532 18333 18333 I app_process: System.exit called, status: 0
11-24 18:45:15.532 18333 18333 I AndroidRuntime: VM exiting with result code 0.
11-24 18:45:15.535  3657  4525 D ForegroundUtils: Foreground UID status:
11-24 18:45:15.535  3657  4525 D ForegroundUtils: UID: 10128 is in foreground: true
11-24 18:45:15.535  3657  4525 D ForegroundUtils: UID: 10145 is in foreground: true
11-24 18:45:15.535  3657  4525 D ForegroundUtils: UID: 10158 is in foreground: true
11-24 18:45:15.535  3657  4525 D ForegroundUtils: UID: 10189 is in foreground: false
11-24 18:45:15.535  3657  4525 D ForegroundUtils: UID: 10194 is in foreground: true
11-24 18:45:15.535  3657  4525 D ForegroundUtils: UID: 10206 is in foreground: false
11-24 18:45:15.535  3657  4525 D ForegroundUtils: UID: 10233 is in foreground: true
11-24 18:45:15.535  3657  4525 D ForegroundUtils: UID: 10244 is in foreground: true
11-24 18:45:15.535  3657  4525 D ForegroundUtils: UID: 10319 is in foreground: true
11-24 18:45:15.539  2513  2550 W Parcel  : Expecting binder but got null!
11-24 18:45:15.540   987   987 D Zygote  : Forked child process 18349
11-24 18:45:15.541  1795  2120 I ActivityManager: Start proc 18349:com.chrome.canary/u0a10 for next-top-activity {com.chrome.canary/com.google.android.apps.chrome.Main}
11-24 18:45:15.541  1011  1189 I ASH     : @ 194767.728: tcs3701: stop power rail pending_off timer
11-24 18:45:15.541  1011  1189 D ASH     : @ 194767.728: tcs3701: start power rail timer, state:3
11-24 18:45:15.542  1795  2735 D CompatibilityChangeReporter: Compat change id reported: 168419799; UID 10010; state: DISABLED
11-24 18:45:15.542  1795  2735 D CompatibilityChangeReporter: Compat change id reported: 273564678; UID 10010; state: DISABLED
11-24 18:45:15.545 18349 18349 I m.chrome.canary: Using CollectorTypeCC GC.
11-24 18:45:15.548  1383  1442 I adbd    : jdwp connection from 18349
11-24 18:45:15.554  2513  2550 E OpenGLRenderer: Unable to match the desired swap behavior.
11-24 18:45:15.559 18349 18349 I ActivityThread: Relaunch all activities: onCoreSettingsChange
11-24 18:45:15.560 18349 18349 D CompatibilityChangeReporter: Compat change id reported: 171979766; UID 10010; state: ENABLED
11-24 18:45:15.561  3657  4525 D ForegroundUtils: Foreground UID status:
11-24 18:45:15.561  3657  4525 D ForegroundUtils: UID: 10010 is in foreground: true
11-24 18:45:15.561  3657  4525 D ForegroundUtils: UID: 10128 is in foreground: true
11-24 18:45:15.561  3657  4525 D ForegroundUtils: UID: 10145 is in foreground: true
11-24 18:45:15.561  3657  4525 D ForegroundUtils: UID: 10158 is in foreground: true
11-24 18:45:15.561  3657  4525 D ForegroundUtils: UID: 10189 is in foreground: false
11-24 18:45:15.561  3657  4525 D ForegroundUtils: UID: 10194 is in foreground: true
11-24 18:45:15.561  3657  4525 D ForegroundUtils: UID: 10206 is in foreground: false
11-24 18:45:15.561  3657  4525 D ForegroundUtils: UID: 10233 is in foreground: true
11-24 18:45:15.561  3657  4525 D ForegroundUtils: UID: 10244 is in foreground: true
11-24 18:45:15.561  3657  4525 D ForegroundUtils: UID: 10319 is in foreground: true
11-24 18:45:15.566 18349 18349 W ziparchive: Unable to open '/data/app/~~-FnXeb6__ecKd-dFZ4kZZA==/com.google.android.trichromelibrary.canary_613700033-7Q2vBiD9q0nCftKFg-pq8w==/base.dm': No such file or directory
11-24 18:45:15.566 18349 18349 W ziparchive: Unable to open '/data/app/~~-FnXeb6__ecKd-dFZ4kZZA==/com.google.android.trichromelibrary.canary_613700033-7Q2vBiD9q0nCftKFg-pq8w==/base.dm': No such file or directory
11-24 18:45:15.567 18349 18349 W m.chrome.canary: Entry not found
11-24 18:45:15.568 18349 18349 D nativeloader: Configuring clns-4 for other apk /data/app/~~-FnXeb6__ecKd-dFZ4kZZA==/com.google.android.trichromelibrary.canary_613700033-7Q2vBiD9q0nCftKFg-pq8w==/base.apk. target_sdk_version=34, uses_libraries=ALL, library_path=/data/app/~~dutrJzl_xJkEyCCvIkexCw==/com.chrome.canary-4jcd8srf2WXxld2NC1r69A==/lib/arm64:/data/app/~~dutrJzl_xJkEyCCvIkexCw==/com.chrome.canary-4jcd8srf2WXxld2NC1r69A==/base.apk!/lib/arm64-v8a:/data/app/~~-FnXeb6__ecKd-dFZ4kZZA==/com.google.android.trichromelibrary.canary_613700033-7Q2vBiD9q0nCftKFg-pq8w==/base.apk!/lib/arm64-v8a, permitted_path=/data:/mnt/expand:/data/user/0/com.chrome.canary
11-24 18:45:15.575 18349 18349 D nativeloader: Configuring clns-5 for other apk /data/app/~~dutrJzl_xJkEyCCvIkexCw==/com.chrome.canary-4jcd8srf2WXxld2NC1r69A==/base.apk. target_sdk_version=34, uses_libraries=, library_path=/data/app/~~dutrJzl_xJkEyCCvIkexCw==/com.chrome.canary-4jcd8srf2WXxld2NC1r69A==/lib/arm64:/data/app/~~dutrJzl_xJkEyCCvIkexCw==/com.chrome.canary-4jcd8srf2WXxld2NC1r69A==/base.apk!/lib/arm64-v8a:/data/app/~~-FnXeb6__ecKd-dFZ4kZZA==/com.google.android.trichromelibrary.canary_613700033-7Q2vBiD9q0nCftKFg-pq8w==/base.apk!/lib/arm64-v8a, permitted_path=/data:/mnt/expand:/data/user/0/com.chrome.canary
11-24 18:45:15.580  1011  1189 I ASH     : @ 194767.768: tcs3701: stop power rail pending_off timer
11-24 18:45:15.580  1011  1189 D ASH     : @ 194767.768: tcs3701: start power rail timer, state:3
11-24 18:45:15.582 18349 18349 V GraphicsEnvironment: ANGLE Developer option for 'com.chrome.canary' set to: 'default'
11-24 18:45:15.582 18349 18349 V GraphicsEnvironment: ANGLE GameManagerService for com.chrome.canary: false
11-24 18:45:15.582 18349 18349 V GraphicsEnvironment: Updatable production driver is not supported on the device.
11-24 18:45:15.584 18349 18349 I LoadedApk: No resource references to update in package com.google.android.trichromelibrary.canary
11-24 18:45:15.584 18349 18349 D NetworkSecurityConfig: Using Network Security Config from resource 0_resource_name_obfuscated debugBuild: false
11-24 18:45:15.584 18349 18349 D NetworkSecurityConfig: Using Network Security Config from resource 0_resource_name_obfuscated debugBuild: false
11-24 18:45:15.584 18349 18349 I cr_SplitCompatApp: Launched version=121.0.6137.0 minSdkVersion=29 isBundle=true processName=com.chrome.canary isIsolated=false
11-24 18:45:15.604 18349 18370 I cr_LibraryLoader: Loading monochrome_64 from within /data/app/~~dutrJzl_xJkEyCCvIkexCw==/com.chrome.canary-4jcd8srf2WXxld2NC1r69A==/base.apk
11-24 18:45:15.605  1795  4165 D CompatibilityChangeReporter: Compat change id reported: 161145287; UID 10010; state: DISABLED
11-24 18:45:15.607 18349 18370 I cr_Linker: loadLibraryImplLocked: monochrome_64, relroMode=1
11-24 18:45:15.616 18349 18370 I cr_LibraryLoader: Successfully loaded native library
11-24 18:45:15.616 18349 18370 I cr_CachingUmaRecorder: Flushed 21 samples from 19 histograms, 0 samples were dropped.
11-24 18:45:15.620  1011  1189 I ASH     : @ 194767.808: tcs3701: stop power rail pending_off timer
11-24 18:45:15.620  1011  1189 D ASH     : @ 194767.808: tcs3701: start power rail timer, state:3
11-24 18:45:15.624  3875  3875 I dzhj    : onPause
11-24 18:45:15.627  3604  3604 I hitl    : (REDACTED) received broadcast: %s
11-24 18:45:15.628  3604  4264 I hito    : (REDACTED) received broadcast: %s
11-24 18:45:15.628  3604  4264 I hioo    : (REDACTED) #onConfigUpdate. requester: %s
11-24 18:45:15.628  3604  4248 I hioo    : #onConfigUpdate inside sequencer
11-24 18:45:15.628  3604  4248 I hilg    : (REDACTED) Voice Match (Speaker-id) supported : %b 
11-24 18:45:15.628  3604  4248 I hilg    : (REDACTED) hotword enrollment state is enrolled:  %b, speakerId model exist: %b. Voice Match supported : %b 
11-24 18:45:15.628  3604  4248 I hilg    : (REDACTED) isHotwordAvailable():  %b, isHotwordEnabled() %b 
11-24 18:45:15.629  3604  4248 I hilg    : (REDACTED) isHotwordAvailable():  %b, isHotwordEnabled() %b 
11-24 18:45:15.629  3604  4248 I hilg    : (REDACTED) Hotword enrollment state : %s.
11-24 18:45:15.629  3604  4248 I hilg    : (REDACTED) Voice Match (Speaker-id) supported : %b 
11-24 18:45:15.629  3604  4248 I hilg    : (REDACTED) Voice Match (Speaker-id) supported : %b 
11-24 18:45:15.629  3604  4248 I hilg    : (REDACTED) hotword enrollment state is enrolled:  %b, speakerId model exist: %b, voice match supported : %b
11-24 18:45:15.629  3604  4248 I hilg    : (REDACTED) Hotword isNonVoiceMatchHotwordEnabled: %b, isHotwordAvailable: %b, isHotwordEnabled: %b, isVoiceMatchSupported: %b, isHotwordEnrolled: %b,
11-24 18:45:15.629  3604  4248 I hioo    : (REDACTED) Ignore the legacy hotword request. voice match enabled %b, isHotwordSupported %b, isIncompleteEnrollmentState %b, nonVoiceMatchHotwordEnabled %b
11-24 18:45:15.630 18349 18375 W DynamiteModule: Local module descriptor class for com.google.android.gms.googlecertificates not found.
11-24 18:45:15.631 18349 18349 I cr_MultiInstance: Removed invalid instance data. Removed tasks-instance mappings: [Chrome.MultiInstance.TaskMap.0 - 1657] and shared prefs for instances: []
11-24 18:45:15.632 18349 18349 I cr_MultiInstance: Existing Instance - persisted and unmapped Id allocated: 0
11-24 18:45:15.635 18349 18349 I cr_MultiInstance: Intent action: android.intent.action.MAIN
11-24 18:45:15.635 18349 18349 I cr_MultiInstance: Intent routed via ChromeLauncherActivity: false
11-24 18:45:15.635 18349 18349 I cr_MultiInstance: Referrer: android-app://com.android.shell
11-24 18:45:15.635 18349 18349 I cr_MultiInstance: Intent contains LAUNCHER category: true
11-24 18:45:15.635 18349 18349 I cr_MultiInstance: Intent contains FLAG_ACTIVITY_MULTIPLE_TASK: false
11-24 18:45:15.635 18349 18349 I cr_MultiInstance: Intent contains FLAG_ACTIVITY_NEW_TASK: true
11-24 18:45:15.635 18349 18349 I cr_MultiInstance: Intent component: com.google.android.apps.chrome.Main
11-24 18:45:15.635 18349 18349 I cr_MultiInstance: Intent sent by OS: false
11-24 18:45:15.635 18349 18349 I cr_MultiInstance: @ExternalAppId of intent source: 0
11-24 18:45:15.635 18349 18349 I cr_MultiInstance: Are all instances running: false
11-24 18:45:15.635 18349 18349 I cr_MultiInstance: Window allocation type: 6
11-24 18:45:15.635 18349 18349 I cr_MultiInstance: Window ID allocated: 0
11-24 18:45:15.635 18349 18349 W cr_ActivityDispatcher: CustomTabsIntent#shouldAlwaysUseBrowserUI() = false
11-24 18:45:15.635 18349 18349 D CompatibilityChangeReporter: Compat change id reported: 183155436; UID 10010; state: ENABLED
11-24 18:45:15.642 18349 18375 I DynamiteModule: Considering local module com.google.android.gms.googlecertificates:0 and remote module com.google.android.gms.googlecertificates:7
11-24 18:45:15.642 18349 18375 I DynamiteModule: Selected remote version of com.google.android.gms.googlecertificates, version >= 7
11-24 18:45:15.644 18349 18349 E m.chrome.canary: Invalid ID 0x00000000.
11-24 18:45:15.646 18349 18349 I cr_SplitCompatClassLoader: Splits: null
11-24 18:45:15.647 18349 18375 W System  : ClassLoader referenced unknown path: 
11-24 18:45:15.648 18349 18375 D nativeloader: Configuring clns-6 for other apk . target_sdk_version=34, uses_libraries=, library_path=/data/app/~~kuQRvAzVZuE4Ro2oLuwWdQ==/com.google.android.gms-oAttmqgZrSU_NO_sHK9RSA==/lib/arm64:/data/app/~~kuQRvAzVZuE4Ro2oLuwWdQ==/com.google.android.gms-oAttmqgZrSU_NO_sHK9RSA==/base.apk!/lib/arm64-v8a, permitted_path=/data:/mnt/expand:/data/user/0/com.google.android.gms
11-24 18:45:15.660  1011  1189 I ASH     : @ 194767.848: tcs3701: stop power rail pending_off timer
11-24 18:45:15.660  1011  1189 D ASH     : @ 194767.848: tcs3701: start power rail timer, state:3
11-24 18:45:15.665 18349 18349 W cr_ActivityDispatcher: CustomTabsIntent#shouldAlwaysUseBrowserUI() = false
11-24 18:45:15.671 18349 18349 I cr_CompositorSurfaceMgr: Transitioning to surface with format: -1
11-24 18:45:15.671 13730 13730 E AbstractGmsTracer: Traced class shouldn't be obfuscated: GmsBoundBrokerChimeraService [CONTEXT service_id=259 ]
11-24 18:45:15.671 13730 13730 D BoundBrokerSvc: onBind: Intent { act=com.google.android.gms.safetynet.service.START pkg=com.google.android.gms }
11-24 18:45:15.671 13730 13730 D BoundBrokerSvc: Loading bound service for intent: Intent { act=com.google.android.gms.safetynet.service.START pkg=com.google.android.gms }
11-24 18:45:15.673 13730 13730 E AbstractGmsTracer: Traced class shouldn't be obfuscated: SafetyNetClientChimeraService [CONTEXT service_id=259 ]
11-24 18:45:15.674 13502 13502 E AbstractGmsTracer: Traced class shouldn't be obfuscated: GmsApiChimeraService [CONTEXT service_id=259 ]
11-24 18:45:15.674 13502 13502 D BoundBrokerSvc: onBind: Intent { act=com.google.android.gms.phenotype.service.START pkg=com.google.android.gms }
11-24 18:45:15.674 13502 13502 D BoundBrokerSvc: Loading bound service for intent: Intent { act=com.google.android.gms.phenotype.service.START pkg=com.google.android.gms }
11-24 18:45:15.677 13502 13502 E AbstractGmsTracer: Traced class shouldn't be obfuscated: PhenotypeChimeraService [CONTEXT service_id=259 ]
11-24 18:45:15.683 18349 18349 D CompatibilityChangeReporter: Compat change id reported: 210923482; UID 10010; state: ENABLED
11-24 18:45:15.700  1011  1189 I ASH     : @ 194767.888: tcs3701: stop power rail pending_off timer
11-24 18:45:15.700  1011  1189 D ASH     : @ 194767.888: tcs3701: start power rail timer, state:3
11-24 18:45:15.708 18349 18349 D CompatibilityChangeReporter: Compat change id reported: 193247900; UID 10010; state: ENABLED
11-24 18:45:15.727 18349 18349 W cr_ActivityDispatcher: CustomTabsIntent#shouldAlwaysUseBrowserUI() = false
11-24 18:45:15.732 18349 18349 D CompatibilityChangeReporter: Compat change id reported: 237531167; UID 10010; state: DISABLED
11-24 18:45:15.738 18349 18385 W Parcel  : Expecting binder but got null!
11-24 18:45:15.740  1011  1189 I ASH     : @ 194767.928: tcs3701: stop power rail pending_off timer
11-24 18:45:15.740  1011  1189 D ASH     : @ 194767.928: tcs3701: start power rail timer, state:3
11-24 18:45:15.744  1795  2387 D CoreBackPreview: Window{10782f9 u0 com.chrome.canary/com.google.android.apps.chrome.Main}: Setting back callback OnBackInvokedCallbackInfo{mCallback=android.window.IOnBackInvokedCallback$Stub$Proxy@3d6acd8, mPriority=-1}
11-24 18:45:15.746  1795  2120 D CompatibilityChangeReporter: Compat change id reported: 143937733; UID 10010; state: ENABLED
11-24 18:45:15.747  1795  2120 D CompatibilityChangeReporter: Compat change id reported: 135634846; UID 10010; state: DISABLED
11-24 18:45:15.747  1795  2120 D CompatibilityChangeReporter: Compat change id reported: 207557677; UID 10010; state: ENABLED
11-24 18:45:15.748   987   987 W Zygote  : forkRepeatedly terminated due to non-simple command
11-24 18:45:15.748   987   987 D Zygote  : mbuffer starts with 15, nice name is com.chrome.canary_zygote, mEnd = 410, mNext = 191, mLinesLeft = 6, mFd = 5
11-24 18:45:15.754 18349 18385 I AdrenoGLES-0: QUALCOMM build                   : 4783c89, I46ff5fc46f
11-24 18:45:15.754 18349 18385 I AdrenoGLES-0: Build Date                       : 11/30/20
11-24 18:45:15.754 18349 18385 I AdrenoGLES-0: OpenGL ES Shader Compiler Version: EV031.31.04.01
11-24 18:45:15.754 18349 18385 I AdrenoGLES-0: Local Branch                     : QPR2
11-24 18:45:15.754 18349 18385 I AdrenoGLES-0: Remote Branch                    : 
11-24 18:45:15.754 18349 18385 I AdrenoGLES-0: Remote Branch                    : 
11-24 18:45:15.754 18349 18385 I AdrenoGLES-0: Reconstruct Branch               : 
11-24 18:45:15.754 18349 18385 I AdrenoGLES-0: Build Config                     : S P 10.0.4 AArch64
11-24 18:45:15.754 18349 18385 I AdrenoGLES-0: Driver Path                      : /vendor/lib64/egl/libGLESv2_adreno.so
11-24 18:45:15.755 18349 18349 I cr_StartSurfaceConfig: Recorded Startup.Android.FirstDrawCompletedTime.NoInstant = 113 ms
11-24 18:45:15.757   987   987 D Zygote  : Forked child process 18395
11-24 18:45:15.758  1795  2120 W ZygoteProcess: Got error connecting to zygote, retrying. msg= Connection refused
11-24 18:45:15.759 18349 18385 I AdrenoGLES-0: PFP: 0x016dd093, ME: 0x00000000
11-24 18:45:15.760 18349 18385 W AdrenoUtils: <ReadGpuID_from_sysfs:197>: Failed to open /sys/class/kgsl/kgsl-3d0/gpu_model
11-24 18:45:15.760 18349 18385 W AdrenoUtils: <ReadGpuID:221>: Failed to read chip ID from gpu_model. Fallback to use the GSL path
11-24 18:45:15.762 13502 29145 E ckqk    : Phenotype API error. Event # evhb@ecf08b6b, EventCode: 7 [CONTEXT service_id=51 ]
11-24 18:45:15.762 13502 29145 E ckqk    : ckoo: 29505: No config packages for log source, or config package not registered
11-24 18:45:15.762 13502 29145 E ckqk    : 	at ckrk.b(:com.google.android.gms@234414038@23.44.14 (190400-580326705):79)
11-24 18:45:15.762 13502 29145 E ckqk    : 	at ckrh.h(:com.google.android.gms@234414038@23.44.14 (190400-580326705):3)
11-24 18:45:15.762 13502 29145 E ckqk    : 	at ckqk.g(:com.google.android.gms@234414038@23.44.14 (190400-580326705):18)
11-24 18:45:15.762 13502 29145 E ckqk    : 	at ckqk.f(:com.google.android.gms@234414038@23.44.14 (190400-580326705):11)
11-24 18:45:15.762 13502 29145 E ckqk    : 	at bfmo.fh(:com.google.android.gms@234414038@23.44.14 (190400-580326705):1)
11-24 18:45:15.762 13502 29145 E ckqk    : 	at bfmz.run(:com.google.android.gms@234414038@23.44.14 (190400-580326705):100)
11-24 18:45:15.762 13502 29145 E ckqk    : 	at dvlp.run(:com.google.android.gms@234414038@23.44.14 (190400-580326705):13)
11-24 18:45:15.762 13502 29145 E ckqk    : 	at ajls.c(:com.google.android.gms@234414038@23.44.14 (190400-580326705):50)
11-24 18:45:15.762 13502 29145 E ckqk    : 	at ajls.run(:com.google.android.gms@234414038@23.44.14 (190400-580326705):76)
11-24 18:45:15.762 13502 29145 E ckqk    : 	at java.util.concurrent.ThreadPoolExecutor.runWorker(ThreadPoolExecutor.java:1145)
11-24 18:45:15.762 13502 29145 E ckqk    : 	at java.util.concurrent.ThreadPoolExecutor$Worker.run(ThreadPoolExecutor.java:644)
11-24 18:45:15.762 13502 29145 E ckqk    : 	at ajqx.run(:com.google.android.gms@234414038@23.44.14 (190400-580326705):8)
11-24 18:45:15.762 13502 29145 E ckqk    : 	at java.lang.Thread.run(Thread.java:1012)
11-24 18:45:15.763 18395 18395 I libc    : SetHeapTaggingLevel: tag level set to 0
11-24 18:45:15.763 13502 29145 W AsyncOperation: operation=GetExperimentTokensOperationCall, opStatusCode=29505 [CONTEXT service_id=51 ]
11-24 18:45:15.763 13502 29145 W AsyncOperation: OperationException[Status{statusCode=No config packages for log source, or config package not registered, resolution=null}]
11-24 18:45:15.763 13502 29145 W AsyncOperation: 	at ckqk.g(:com.google.android.gms@234414038@23.44.14 (190400-580326705):48)
11-24 18:45:15.763 13502 29145 W AsyncOperation: 	at ckqk.f(:com.google.android.gms@234414038@23.44.14 (190400-580326705):11)
11-24 18:45:15.763 13502 29145 W AsyncOperation: 	at bfmo.fh(:com.google.android.gms@234414038@23.44.14 (190400-580326705):1)
11-24 18:45:15.763 13502 29145 W AsyncOperation: 	at bfmz.run(:com.google.android.gms@234414038@23.44.14 (190400-580326705):100)
11-24 18:45:15.763 13502 29145 W AsyncOperation: 	at dvlp.run(:com.google.android.gms@234414038@23.44.14 (190400-580326705):13)
11-24 18:45:15.763 13502 29145 W AsyncOperation: 	at ajls.c(:com.google.android.gms@234414038@23.44.14 (190400-580326705):50)
11-24 18:45:15.763 13502 29145 W AsyncOperation: 	at ajls.run(:com.google.android.gms@234414038@23.44.14 (190400-580326705):76)
11-24 18:45:15.763 13502 29145 W AsyncOperation: 	at java.util.concurrent.ThreadPoolExecutor.runWorker(ThreadPoolExecutor.java:1145)
11-24 18:45:15.763 13502 29145 W AsyncOperation: 	at java.util.concurrent.ThreadPoolExecutor$Worker.run(ThreadPoolExecutor.java:644)
11-24 18:45:15.763 13502 29145 W AsyncOperation: 	at ajqx.run(:com.google.android.gms@234414038@23.44.14 (190400-580326705):8)
11-24 18:45:15.763 13502 29145 W AsyncOperation: 	at java.lang.Thread.run(Thread.java:1012)
11-24 18:45:15.768 18395 18395 I e.canary_zygote: Using CollectorTypeCC GC.
11-24 18:45:15.769   648  3370 I SDM     : HWCDisplay::GetColorModeCount: Supported color mode count = 3
11-24 18:45:15.769   648  3370 I SDM     : HWCDisplay::GetColorModes: Color mode = 0 is supported
11-24 18:45:15.769   648  3370 I SDM     : HWCDisplay::GetColorModes: Color mode = 7 is supported
11-24 18:45:15.769   648  3370 I SDM     : HWCDisplay::GetColorModes: Color mode = 9 is supported
11-24 18:45:15.769 18349 18385 E OpenGLRenderer: Unable to match the desired swap behavior.
11-24 18:45:15.773   595   595 I servicemanager: Could not find android.hardware.graphics.allocator.IAllocator/default in the VINTF manifest.
11-24 18:45:15.780  1011  1189 I ASH     : @ 194767.968: tcs3701: stop power rail pending_off timer
11-24 18:45:15.780  1011  1189 D ASH     : @ 194767.968: tcs3701: start power rail timer, state:3
11-24 18:45:15.788  1795  2096 I ActivityTaskManager: Displayed com.chrome.canary/com.google.android.apps.chrome.Main: +267ms
11-24 18:45:15.792 18349 18349 I cr_CombinedPProvider: #linkNativeInternal() 0
11-24 18:45:15.792 18349 18349 I cr_PolicyProvider: #setManagerAndSource() 0
11-24 18:45:15.793 18349 18349 I cr_PolicyCacheProvider: #refresh() true
11-24 18:45:15.803 18349 18366 I cr_PartnerCustUma: Partner Customization delegate: 0.
11-24 18:45:15.803 18349 18366 W cr_PartnerCustomize: Partner homepage must be HTTP(S) or NewTabPage. Got invalid URL ""
11-24 18:45:15.809  1795  2120 I AppZygote: Starting application preload.
11-24 18:45:15.812 18395 18395 I AppZygoteInit: Beginning application preload for com.chrome.canary
11-24 18:45:15.813 18395 18395 W ziparchive: Unable to open '/data/app/~~-FnXeb6__ecKd-dFZ4kZZA==/com.google.android.trichromelibrary.canary_613700033-7Q2vBiD9q0nCftKFg-pq8w==/base.dm': No such file or directory
11-24 18:45:15.813 18395 18395 W ziparchive: Unable to open '/data/app/~~-FnXeb6__ecKd-dFZ4kZZA==/com.google.android.trichromelibrary.canary_613700033-7Q2vBiD9q0nCftKFg-pq8w==/base.dm': No such file or directory
11-24 18:45:15.814 18395 18395 W e.canary_zygote: Entry not found
11-24 18:45:15.816 18395 18395 D nativeloader: Configuring clns-4 for other apk /data/app/~~-FnXeb6__ecKd-dFZ4kZZA==/com.google.android.trichromelibrary.canary_613700033-7Q2vBiD9q0nCftKFg-pq8w==/base.apk. target_sdk_version=34, uses_libraries=ALL, library_path=/data/app/~~dutrJzl_xJkEyCCvIkexCw==/com.chrome.canary-4jcd8srf2WXxld2NC1r69A==/lib/arm64:/data/app/~~dutrJzl_xJkEyCCvIkexCw==/com.chrome.canary-4jcd8srf2WXxld2NC1r69A==/base.apk!/lib/arm64-v8a:/data/app/~~-FnXeb6__ecKd-dFZ4kZZA==/com.google.android.trichromelibrary.canary_613700033-7Q2vBiD9q0nCftKFg-pq8w==/base.apk!/lib/arm64-v8a, permitted_path=/data:/mnt/expand
11-24 18:45:15.820  1011  1189 I ASH     : @ 194768.008: tcs3701: stop power rail pending_off timer
11-24 18:45:15.821  1011  1189 D ASH     : @ 194768.008: tcs3701: start power rail timer, state:3
11-24 18:45:15.822 18395 18395 D nativeloader: Configuring clns-5 for other apk /data/app/~~dutrJzl_xJkEyCCvIkexCw==/com.chrome.canary-4jcd8srf2WXxld2NC1r69A==/base.apk. target_sdk_version=34, uses_libraries=, library_path=/data/app/~~dutrJzl_xJkEyCCvIkexCw==/com.chrome.canary-4jcd8srf2WXxld2NC1r69A==/lib/arm64:/data/app/~~dutrJzl_xJkEyCCvIkexCw==/com.chrome.canary-4jcd8srf2WXxld2NC1r69A==/base.apk!/lib/arm64-v8a:/data/app/~~-FnXeb6__ecKd-dFZ4kZZA==/com.google.android.trichromelibrary.canary_613700033-7Q2vBiD9q0nCftKFg-pq8w==/base.apk!/lib/arm64-v8a, permitted_path=/data:/mnt/expand
11-24 18:45:15.826 18395 18395 I cr_ZygotePreload: Loaded Zygote. version=121.0.6137.0 minSdkVersion=29 isBundle=true
11-24 18:45:15.830 18395 18395 I cr_LibraryLoader: Loading monochrome_64 from within /data/app/~~dutrJzl_xJkEyCCvIkexCw==/com.chrome.canary-4jcd8srf2WXxld2NC1r69A==/base.apk
11-24 18:45:15.830 18395 18395 I cr_Linker: loadLibraryImplLocked: monochrome_64, relroMode=1
11-24 18:45:15.832  2588  2588 I WallpaperService: engine paused
11-24 18:45:15.832  1011  1011 I sensors-hal: [hal]activate_physical_sensor:251, android.sensor.gyroscope/41 en=0
11-24 18:45:15.835  1011  1011 D Diag_Lib: diag: Diag_LSM_DeInit: invoked for pid: 1011
11-24 18:45:15.835  1011  1011 D Diag_Lib: diag: Diag_LSM_DeInit: done for pid: 1011
11-24 18:45:15.838  1011  1011 D Diag_Lib: diag: Diag_LSM_DeInit: invoked for pid: 1011
11-24 18:45:15.838  1011  1011 D Diag_Lib: diag: Diag_LSM_DeInit: done for pid: 1011
11-24 18:45:15.838  1011  1011 I sensors-hal: [hal]activate_physical_sensor:262, android.sensor.gyroscope/41 en=0 completed
11-24 18:45:15.847  1795  2120 I AppZygote: Application preload done.
11-24 18:45:15.847 18395 18395 I AppZygoteInit: Application preload done
11-24 18:45:15.859 18349 18349 I chromium: [INFO:policy_logger.cc(144)] :components/enterprise/browser/controller/chrome_browser_cloud_management_controller.cc(273) Deferring CBCM Controller Initialization until it is unblocked.
11-24 18:45:15.861  1011  1189 I ASH     : @ 194768.048: tcs3701: stop power rail pending_off timer
11-24 18:45:15.861  1011  1189 D ASH     : @ 194768.048: tcs3701: start power rail timer, state:3
11-24 18:45:15.867 18395 18401 W e.canary_zygote: Reducing the number of considered missed Gc histogram windows from 19476 to 100
11-24 18:45:15.868 18395 18395 W e.canary_zygote: Waiting for a thread to finish unregistering
11-24 18:45:15.870 18395 18395 I Zygote  : Entering forkRepeatedly native zygote loop
11-24 18:45:15.878 18395 18395 D Zygote  : Forked child process 18423
11-24 18:45:15.880  1795  2120 W ActivityManager: Slow operation: 134ms so far, now at startProcess: returned from zygote!
11-24 18:45:15.880  1795  2120 W ActivityManager: Slow operation: 134ms so far, now at startProcess: done updating battery stats
11-24 18:45:15.880  1795  2120 W ActivityManager: Slow operation: 134ms so far, now at startProcess: building log message
11-24 18:45:15.880  1795  2120 I ActivityManager: Start proc 18423:com.chrome.canary:sandboxed_process0:org.chromium.content.app.SandboxedProcessService0:0/u0ai0 for  {com.chrome.canary/org.chromium.content.app.SandboxedProcessService0:0}
11-24 18:45:15.880  1795  2120 W ActivityManager: Slow operation: 134ms so far, now at startProcess: starting to update pids map
11-24 18:45:15.881  1795  2120 W ActivityManager: Slow operation: 134ms so far, now at startProcess: done updating pids map
11-24 18:45:15.882 18423 18423 E libc    : SetHeapTaggingLevel: re-enabling tagging after it was disabled is not supported
11-24 18:45:15.884   987   987 I Zygote  : Entering forkRepeatedly native zygote loop
11-24 18:45:15.889 18423 18423 I ocessService0:0: Using CollectorTypeCC GC.
11-24 18:45:15.898  1383  1442 I adbd    : jdwp connection from 18423
11-24 18:45:15.900  1011  1189 I ASH     : @ 194768.088: tcs3701: stop power rail pending_off timer
11-24 18:45:15.900   987   987 D Zygote  : Forked child process 18435
11-24 18:45:15.900  1011  1189 D ASH     : @ 194768.088: tcs3701: start power rail timer, state:3
11-24 18:45:15.901  1795  2120 I ActivityManager: Start proc 18435:com.chrome.canary:privileged_process0/u0a10 for service {com.chrome.canary/org.chromium.content.app.PrivilegedProcessService0}
11-24 18:45:15.901 18349 18349 I cr_SmsProviderGms: construction successfull AM3@2c41f49, xM3@2480367
11-24 18:45:15.911  3657  4525 D ForegroundUtils: Foreground UID status:
11-24 18:45:15.911  3657  4525 D ForegroundUtils: UID: 10010 is in foreground: true
11-24 18:45:15.911  3657  4525 D ForegroundUtils: UID: 10128 is in foreground: true
11-24 18:45:15.911  3657  4525 D ForegroundUtils: UID: 10145 is in foreground: true
11-24 18:45:15.911  3657  4525 D ForegroundUtils: UID: 10158 is in foreground: true
11-24 18:45:15.911  3657  4525 D ForegroundUtils: UID: 10189 is in foreground: false
11-24 18:45:15.911  3657  4525 D ForegroundUtils: UID: 10194 is in foreground: true
11-24 18:45:15.911  3657  4525 D ForegroundUtils: UID: 10206 is in foreground: false
11-24 18:45:15.911  3657  4525 D ForegroundUtils: UID: 10233 is in foreground: true
11-24 18:45:15.911  3657  4525 D ForegroundUtils: UID: 10244 is in foreground: true
11-24 18:45:15.911  3657  4525 D ForegroundUtils: UID: 10319 is in foreground: true
11-24 18:45:15.911  3657  4525 D ForegroundUtils: UID: 90000 is in foreground: true
11-24 18:45:15.915 18435 18435 I ileged_process0: Using CollectorTypeCC GC.
11-24 18:45:15.919 18423 18423 I ActivityThread: Relaunch all activities: onCoreSettingsChange
11-24 18:45:15.920 18423 18423 D CompatibilityChangeReporter: Compat change id reported: 171979766; UID 90000; state: ENABLED
11-24 18:45:15.924  1383  1442 I adbd    : jdwp connection from 18435
11-24 18:45:15.929  1795  2735 D ConnectivityService: requestNetwork for uid/pid:10010/18349 activeRequest: null callbackRequest: 5366 [NetworkRequest [ REQUEST id=5367, [ Capabilities: INTERNET&NOT_RESTRICTED&TRUSTED&NOT_VCN_MANAGED Uid: 10010 RequestorUid: 10010 RequestorPkg: com.chrome.canary UnderlyingNetworks: Null] ]] callback flags: 0 order: 2147483647
11-24 18:45:15.931  1795  2424 D WifiNetworkFactory: got request NetworkRequest [ REQUEST id=5367, [ Capabilities: INTERNET&NOT_RESTRICTED&TRUSTED&NOT_VCN_MANAGED Uid: 10010 RequestorUid: 10010 RequestorPkg: com.chrome.canary UnderlyingNetworks: Null] ]
11-24 18:45:15.931  1795  2424 V WifiNetworkFactory: Accepted network request NetworkRequest [ REQUEST id=5367, [ Capabilities: INTERNET&NOT_RESTRICTED&TRUSTED&NOT_VCN_MANAGED Uid: 10010 RequestorUid: 10010 RequestorPkg: com.chrome.canary UnderlyingNetworks: Null] ]
11-24 18:45:15.931  1795  2424 D UntrustedWifiNetworkFactory: got request NetworkRequest [ REQUEST id=5367, [ Capabilities: INTERNET&NOT_RESTRICTED&TRUSTED&NOT_VCN_MANAGED Uid: 10010 RequestorUid: 10010 RequestorPkg: com.chrome.canary UnderlyingNetworks: Null] ]
11-24 18:45:15.931  1795  2424 D OemPaidWifiNetworkFactory: got request NetworkRequest [ REQUEST id=5367, [ Capabilities: INTERNET&NOT_RESTRICTED&TRUSTED&NOT_VCN_MANAGED Uid: 10010 RequestorUid: 10010 RequestorPkg: com.chrome.canary UnderlyingNetworks: Null] ]
11-24 18:45:15.932  1795  2424 D MultiInternetWifiNetworkFactory: got request NetworkRequest [ REQUEST id=5367, [ Capabilities: INTERNET&NOT_RESTRICTED&TRUSTED&NOT_VCN_MANAGED Uid: 10010 RequestorUid: 10010 RequestorPkg: com.chrome.canary UnderlyingNetworks: Null] ]
11-24 18:45:15.932  1795  2432 D ConnectivityService: NetReassign [5367 : null → 100] [c 0] [a 1] [i 1]
11-24 18:45:15.934  1795  2432 D ConnectivityService: NetReassign [no changes] [c 0] [a 1] [i 1]
11-24 18:45:15.935 18435 18435 I ActivityThread: Relaunch all activities: onCoreSettingsChange
11-24 18:45:15.936 18435 18435 D CompatibilityChangeReporter: Compat change id reported: 171979766; UID 10010; state: ENABLED
11-24 18:45:15.936 18423 18423 I LoadedApk: No resource references to update in package com.google.android.trichromelibrary.canary
11-24 18:45:15.936 18423 18423 D NetworkSecurityConfig: Using Network Security Config from resource 0_resource_name_obfuscated debugBuild: false
11-24 18:45:15.937 18423 18423 D NetworkSecurityConfig: Using Network Security Config from resource 0_resource_name_obfuscated debugBuild: false
11-24 18:45:15.938 18435 18435 W ziparchive: Unable to open '/data/app/~~-FnXeb6__ecKd-dFZ4kZZA==/com.google.android.trichromelibrary.canary_613700033-7Q2vBiD9q0nCftKFg-pq8w==/base.dm': No such file or directory
11-24 18:45:15.938 18435 18435 W ziparchive: Unable to open '/data/app/~~-FnXeb6__ecKd-dFZ4kZZA==/com.google.android.trichromelibrary.canary_613700033-7Q2vBiD9q0nCftKFg-pq8w==/base.dm': No such file or directory
11-24 18:45:15.939 18435 18435 W ileged_process0: Entry not found
11-24 18:45:15.939 18423 18423 I cr_SplitCompatApp: Launched version=121.0.6137.0 minSdkVersion=29 isBundle=true processName=com.chrome.canary:sandboxed_process0:org.chromium.content.app.SandboxedProcessService0:0 isIsolated=true
11-24 18:45:15.939 18435 18435 D nativeloader: Configuring clns-4 for other apk /data/app/~~-FnXeb6__ecKd-dFZ4kZZA==/com.google.android.trichromelibrary.canary_613700033-7Q2vBiD9q0nCftKFg-pq8w==/base.apk. target_sdk_version=34, uses_libraries=ALL, library_path=/data/app/~~dutrJzl_xJkEyCCvIkexCw==/com.chrome.canary-4jcd8srf2WXxld2NC1r69A==/lib/arm64:/data/app/~~dutrJzl_xJkEyCCvIkexCw==/com.chrome.canary-4jcd8srf2WXxld2NC1r69A==/base.apk!/lib/arm64-v8a:/data/app/~~-FnXeb6__ecKd-dFZ4kZZA==/com.google.android.trichromelibrary.canary_613700033-7Q2vBiD9q0nCftKFg-pq8w==/base.apk!/lib/arm64-v8a, permitted_path=/data:/mnt/expand:/data/user/0/com.chrome.canary
11-24 18:45:15.941  1011  1189 I ASH     : @ 194768.128: tcs3701: stop power rail pending_off timer
11-24 18:45:15.941  1011  1189 D ASH     : @ 194768.128: tcs3701: start power rail timer, state:3
11-24 18:45:15.947 18435 18435 D nativeloader: Configuring clns-5 for other apk /data/app/~~dutrJzl_xJkEyCCvIkexCw==/com.chrome.canary-4jcd8srf2WXxld2NC1r69A==/base.apk. target_sdk_version=34, uses_libraries=, library_path=/data/app/~~dutrJzl_xJkEyCCvIkexCw==/com.chrome.canary-4jcd8srf2WXxld2NC1r69A==/lib/arm64:/data/app/~~dutrJzl_xJkEyCCvIkexCw==/com.chrome.canary-4jcd8srf2WXxld2NC1r69A==/base.apk!/lib/arm64-v8a:/data/app/~~-FnXeb6__ecKd-dFZ4kZZA==/com.google.android.trichromelibrary.canary_613700033-7Q2vBiD9q0nCftKFg-pq8w==/base.apk!/lib/arm64-v8a, permitted_path=/data:/mnt/expand:/data/user/0/com.chrome.canary
11-24 18:45:15.950 18423 18423 W SystemServiceRegistry: No service published for: uimode
11-24 18:45:15.957 18423 18423 I cr_ChildProcessService: Creating new ChildProcessService pid=18423
11-24 18:45:15.963 18435 18435 V GraphicsEnvironment: ANGLE Developer option for 'com.chrome.canary' set to: 'default'
11-24 18:45:15.963 18435 18435 V GraphicsEnvironment: ANGLE GameManagerService for com.chrome.canary: false
11-24 18:45:15.963 18435 18435 V GraphicsEnvironment: Updatable production driver is not supported on the device.
11-24 18:45:15.964 18435 18435 I LoadedApk: No resource references to update in package com.google.android.trichromelibrary.canary
11-24 18:45:15.964 18435 18435 D NetworkSecurityConfig: Using Network Security Config from resource 0_resource_name_obfuscated debugBuild: false
11-24 18:45:15.965 18435 18435 D NetworkSecurityConfig: Using Network Security Config from resource 0_resource_name_obfuscated debugBuild: false
11-24 18:45:15.965 18435 18435 I cr_SplitCompatApp: Launched version=121.0.6137.0 minSdkVersion=29 isBundle=true processName=com.chrome.canary:privileged_process0 isIsolated=false
11-24 18:45:15.969 18435 18435 I cr_ChildProcessService: Creating new ChildProcessService pid=18435
11-24 18:45:15.972 18349 18410 I tflite  : Initialized TensorFlow Lite runtime.
11-24 18:45:15.974 18349 18410 W libc    : Access denied finding property "ro.mediatek.platform"
11-24 18:45:15.974 18349 18410 W libc    : Access denied finding property "ro.chipname"
11-24 18:45:15.974 18349 18410 W libc    : Access denied finding property "ro.hardware.chipname"
11-24 18:45:15.976 18435 18459 I cr_LibraryLoader: Loading monochrome_64 from within /data/app/~~dutrJzl_xJkEyCCvIkexCw==/com.chrome.canary-4jcd8srf2WXxld2NC1r69A==/base.apk
11-24 18:45:15.976 18435 18459 I cr_Linker: loadLibraryImplLocked: monochrome_64, relroMode=2
11-24 18:45:15.980  1011  1189 I ASH     : @ 194768.168: tcs3701: stop power rail pending_off timer
11-24 18:45:15.980  1011  1189 D ASH     : @ 194768.168: tcs3701: start power rail timer, state:3
11-24 18:45:15.985 18435 18459 I cr_LibraryLoader: Successfully loaded native library
11-24 18:45:15.985 18435 18459 I cr_CachingUmaRecorder: Flushed 4 samples from 4 histograms, 0 samples were dropped.
11-24 18:45:15.987  1795  1854 D CompatibilityChangeReporter: Compat change id reported: 182734110; UID 10010; state: ENABLED
11-24 18:45:15.987 18349 18349 I cr_EnterpriseInfoImpl: #setCacheResult() deviceOwned:false profileOwned:false
11-24 18:45:15.988 18349 18349 I cr_EnterpriseInfo: #getManagedStateForNative() CQ0@cff017
11-24 18:45:15.988  1795  1854 D CompatibilityChangeReporter: Compat change id reported: 149924527; UID 10010; state: ENABLED
11-24 18:45:15.988  1795  1854 D CompatibilityChangeReporter: Compat change id reported: 132649864; UID 10010; state: DISABLED
11-24 18:45:15.995 18435 18459 I AdrenoGLES-0: QUALCOMM build                   : 4783c89, I46ff5fc46f
11-24 18:45:15.995 18435 18459 I AdrenoGLES-0: Build Date                       : 11/30/20
11-24 18:45:15.995 18435 18459 I AdrenoGLES-0: OpenGL ES Shader Compiler Version: EV031.31.04.01
11-24 18:45:15.995 18435 18459 I AdrenoGLES-0: Local Branch                     : QPR2
11-24 18:45:15.995 18435 18459 I AdrenoGLES-0: Remote Branch                    : 
11-24 18:45:15.995 18435 18459 I AdrenoGLES-0: Remote Branch                    : 
11-24 18:45:15.995 18435 18459 I AdrenoGLES-0: Reconstruct Branch               : 
11-24 18:45:15.995 18435 18459 I AdrenoGLES-0: Build Config                     : S P 10.0.4 AArch64
11-24 18:45:15.995 18435 18459 I AdrenoGLES-0: Driver Path                      : /vendor/lib64/egl/libGLESv2_adreno.so
11-24 18:45:15.998 18435 18459 I AdrenoGLES-0: PFP: 0x016dd093, ME: 0x00000000
11-24 18:45:16.000 18435 18459 W AdrenoUtils: <ReadGpuID_from_sysfs:197>: Failed to open /sys/class/kgsl/kgsl-3d0/gpu_model
11-24 18:45:16.000 18435 18459 W AdrenoUtils: <ReadGpuID:221>: Failed to read chip ID from gpu_model. Fallback to use the GSL path
11-24 18:45:16.009 18349 18409 W chromium: [WARNING:ev_root_ca_metadata.cc(119)] Not implemented
11-24 18:45:16.009 18349 18409 W chromium: [WARNING:ev_root_ca_metadata.cc(119)] Not implemented
11-24 18:45:16.013 18349 18409 W chromium: [WARNING:ev_root_ca_metadata.cc(119)] Not implemented
11-24 18:45:16.013 18349 18409 W chromium: [WARNING:ev_root_ca_metadata.cc(119)] Not implemented
11-24 18:45:16.017  1795  2735 D ConnectivityService: requestNetwork for uid/pid:10010/18349 activeRequest: null callbackRequest: 5369 [NetworkRequest [ REQUEST id=5370, [ Capabilities: INTERNET&NOT_RESTRICTED&TRUSTED&NOT_VCN_MANAGED Uid: 10010 RequestorUid: 10010 RequestorPkg: com.chrome.canary UnderlyingNetworks: Null] ]] callback flags: 0 order: 2147483647
11-24 18:45:16.020  1795  2424 D WifiNetworkFactory: got request NetworkRequest [ REQUEST id=5370, [ Capabilities: INTERNET&NOT_RESTRICTED&TRUSTED&NOT_VCN_MANAGED Uid: 10010 RequestorUid: 10010 RequestorPkg: com.chrome.canary UnderlyingNetworks: Null] ]
11-24 18:45:16.020  1795  2424 V WifiNetworkFactory: Accepted network request NetworkRequest [ REQUEST id=5370, [ Capabilities: INTERNET&NOT_RESTRICTED&TRUSTED&NOT_VCN_MANAGED Uid: 10010 RequestorUid: 10010 RequestorPkg: com.chrome.canary UnderlyingNetworks: Null] ]
11-24 18:45:16.020  1795  2424 D UntrustedWifiNetworkFactory: got request NetworkRequest [ REQUEST id=5370, [ Capabilities: INTERNET&NOT_RESTRICTED&TRUSTED&NOT_VCN_MANAGED Uid: 10010 RequestorUid: 10010 RequestorPkg: com.chrome.canary UnderlyingNetworks: Null] ]
11-24 18:45:16.020 18349 18349 I cr_CombinedPProvider: #registerProvider() provider:gN2@fbb73e9 isPolicyCacheEnabled:true policyProvidersSize:0
11-24 18:45:16.020 18349 18349 I cr_PolicyProvider: #setManagerAndSource() 0
11-24 18:45:16.020 18349 18349 I cr_CombinedPProvider: #registerProvider() provider:fj@f57886e isPolicyCacheEnabled:false policyProvidersSize:1
11-24 18:45:16.020  1795  2424 D OemPaidWifiNetworkFactory: got request NetworkRequest [ REQUEST id=5370, [ Capabilities: INTERNET&NOT_RESTRICTED&TRUSTED&NOT_VCN_MANAGED Uid: 10010 RequestorUid: 10010 RequestorPkg: com.chrome.canary UnderlyingNetworks: Null] ]
11-24 18:45:16.020  1795  2424 D MultiInternetWifiNetworkFactory: got request NetworkRequest [ REQUEST id=5370, [ Capabilities: INTERNET&NOT_RESTRICTED&TRUSTED&NOT_VCN_MANAGED Uid: 10010 RequestorUid: 10010 RequestorPkg: com.chrome.canary UnderlyingNetworks: Null] ]
11-24 18:45:16.020  1795  2432 D ConnectivityService: NetReassign [5370 : null → 100] [c 1] [a 0] [i 2]
11-24 18:45:16.020  1011  1189 I ASH     : @ 194768.208: tcs3701: stop power rail pending_off timer
11-24 18:45:16.020  1011  1189 D ASH     : @ 194768.208: tcs3701: start power rail timer, state:3
11-24 18:45:16.021 18349 18349 I cr_PolicyProvider: #setManagerAndSource() 1
11-24 18:45:16.021 18349 18349 I cr_AppResProvider: #getApplicationRestrictionsFromUserManager() Bundle[EMPTY_PARCEL]
11-24 18:45:16.021 18349 18349 I cr_PolicyProvider: #notifySettingsAvailable() 1
11-24 18:45:16.021 18349 18349 I cr_CombinedPProvider: #onSettingsAvailable() 1
11-24 18:45:16.022 18349 18349 I cr_PolicyProvider: #notifySettingsAvailable() 0
11-24 18:45:16.022 18349 18349 I cr_CombinedPProvider: #onSettingsAvailable() 0
11-24 18:45:16.022 18349 18349 I cr_CombinedPProvider: #flushPolicies()
11-24 18:45:16.022 18349 18349 I cr_PolicyService: #onPolicyServiceInitialized()
11-24 18:45:16.022 18349 18349 I cr_PolicyProvider: #notifySettingsAvailable() 0
11-24 18:45:16.022 18349 18349 I cr_CombinedPProvider: #onSettingsAvailable() 0
11-24 18:45:16.022 18349 18349 I cr_CombinedPProvider: #flushPolicies()
11-24 18:45:16.024  1795  2432 D ConnectivityService: NetReassign [no changes] [c 0] [a 1] [i 2]
11-24 18:45:16.024 18349 18349 I cr_CompositorSurfaceMgr: Transitioning to surface with format: -1
11-24 18:45:16.025 18349 18349 I cr_CompositorSurfaceMgr: surfaceCreated format: 0
11-24 18:45:16.028 18349 18349 W m.chrome.canary: Accessing hidden method Landroid/telephony/TelephonyManager;->getSubscriberInfoService()Lcom/android/internal/telephony/IPhoneSubInfo; (blocked, reflection, denied)
11-24 18:45:16.028 18349 18349 W m.chrome.canary: Accessing hidden method Landroid/telephony/TelephonyManager;->getSubscriberInfoService()Lcom/android/internal/telephony/IPhoneSubInfo; (blocked, reflection, denied)
11-24 18:45:16.028 18349 18349 W m.chrome.canary: Accessing hidden method Landroid/telephony/TelephonyManager;->getSubscriptionService()Lcom/android/internal/telephony/ISub; (blocked, reflection, denied)
11-24 18:45:16.028 18349 18349 W m.chrome.canary: Accessing hidden method Landroid/telephony/TelephonyManager;->getSubscriptionService()Lcom/android/internal/telephony/ISub; (blocked, reflection, denied)
11-24 18:45:16.028 18349 18349 W m.chrome.canary: Accessing hidden method Landroid/telephony/TelephonyManager;->getSmsService()Lcom/android/internal/telephony/ISms; (blocked, reflection, denied)
11-24 18:45:16.028 18349 18349 W m.chrome.canary: Accessing hidden method Landroid/telephony/TelephonyManager;->getSmsService()Lcom/android/internal/telephony/ISms; (blocked, reflection, denied)
11-24 18:45:16.028 18349 18349 W m.chrome.canary: Accessing hidden method Landroid/telephony/TelephonyManager;->getITelephony()Lcom/android/internal/telephony/ITelephony; (max-target-p, reflection, denied)
11-24 18:45:16.028 18349 18349 W m.chrome.canary: Accessing hidden method Landroid/telephony/TelephonyManager;->getITelephony()Lcom/android/internal/telephony/ITelephony; (max-target-p, reflection, denied)
11-24 18:45:16.030 18435 18459 D vulkan  : searching for layers in '/data/app/~~dutrJzl_xJkEyCCvIkexCw==/com.chrome.canary-4jcd8srf2WXxld2NC1r69A==/lib/arm64'
