11-24 18:50:28.250 29531 29575 I BatteryMgr:DataCollectionService: stats => 1700848228250,8239,4443,-2746,4169000,100
11-24 18:50:28.274  1011  1189 I ASH     : @ 195080.461: tcs3701: stop power rail pending_off timer
11-24 18:50:28.274  1011  1189 D ASH     : @ 195080.461: tcs3701: start power rail timer, state:3
11-24 18:50:28.313  1011  1189 I ASH     : @ 195080.501: tcs3701: stop power rail pending_off timer
11-24 18:50:28.313  1011  1189 D ASH     : @ 195080.501: tcs3701: start power rail timer, state:3
11-24 18:50:28.355  1011  1189 I ASH     : @ 195080.541: tcs3701: stop power rail pending_off timer
11-24 18:50:28.355  1011  1189 D ASH     : @ 195080.542: tcs3701: start power rail timer, state:3
11-24 18:50:28.358 29531 29575 I BatteryMgr:DataCollectionService: stats => 1700848228358,8239,4443,-2746,4169000,100
11-24 18:50:28.368  1795  3807 D ActivityManager: freezer override set to true
11-24 18:50:28.372  1795  3807 D ActivityManager: freezer override set to false
11-24 18:50:28.394  1011  1189 I ASH     : @ 195080.581: tcs3701: stop power rail pending_off timer
11-24 18:50:28.394  1011  1189 D ASH     : @ 195080.581: tcs3701: start power rail timer, state:3
11-24 18:50:28.434  1011  1189 I ASH     : @ 195080.621: tcs3701: stop power rail pending_off timer
11-24 18:50:28.434  1011  1189 D ASH     : @ 195080.621: tcs3701: start power rail timer, state:3
11-24 18:50:28.466 29531 29575 I BatteryMgr:DataCollectionService: stats => 1700848228465,8239,4443,-2746,4169000,100
11-24 18:50:28.474  1011  1189 I ASH     : @ 195080.661: tcs3701: stop power rail pending_off timer
11-24 18:50:28.474  1011  1189 D ASH     : @ 195080.661: tcs3701: start power rail timer, state:3
11-24 18:50:28.513  1011  1189 I ASH     : @ 195080.701: tcs3701: stop power rail pending_off timer
11-24 18:50:28.514  1011  1189 D ASH     : @ 195080.701: tcs3701: start power rail timer, state:3
11-24 18:50:28.553  1011  1189 I ASH     : @ 195080.741: tcs3701: stop power rail pending_off timer
11-24 18:50:28.553  1011  1189 D ASH     : @ 195080.741: tcs3701: start power rail timer, state:3
11-24 18:50:28.573 29531 29575 I BatteryMgr:DataCollectionService: stats => 1700848228573,8239,4443,-2746,4169000,100
11-24 18:50:28.593  1011  1189 I ASH     : @ 195080.781: tcs3701: stop power rail pending_off timer
11-24 18:50:28.594  1011  1189 D ASH     : @ 195080.781: tcs3701: start power rail timer, state:3
11-24 18:50:28.633  1011  1189 I ASH     : @ 195080.821: tcs3701: stop power rail pending_off timer
11-24 18:50:28.633  1011  1189 D ASH     : @ 195080.821: tcs3701: start power rail timer, state:3
11-24 18:50:28.674  1011  1189 I ASH     : @ 195080.861: tcs3701: stop power rail pending_off timer
11-24 18:50:28.674  1011  1189 D ASH     : @ 195080.861: tcs3701: start power rail timer, state:3
11-24 18:50:28.686 29531 29575 I BatteryMgr:DataCollectionService: stats => 1700848228686,8239,4443,-2746,4169000,100
11-24 18:50:28.713  1011  1189 I ASH     : @ 195080.901: tcs3701: stop power rail pending_off timer
11-24 18:50:28.713  1011  1189 D ASH     : @ 195080.901: tcs3701: start power rail timer, state:3
11-24 18:50:28.753  1011  1189 I ASH     : @ 195080.941: tcs3701: stop power rail pending_off timer
11-24 18:50:28.753  1011  1189 D ASH     : @ 195080.941: tcs3701: start power rail timer, state:3
11-24 18:50:28.792 29531 29575 I BatteryMgr:DataCollectionService: stats => 1700848228792,8239,4443,-2746,4169000,100
11-24 18:50:28.794  1011  1189 I ASH     : @ 195080.981: tcs3701: stop power rail pending_off timer
11-24 18:50:28.794  1011  1189 D ASH     : @ 195080.981: tcs3701: start power rail timer, state:3
11-24 18:50:28.834  1011  1189 I ASH     : @ 195081.021: tcs3701: stop power rail pending_off timer
11-24 18:50:28.834  1011  1189 D ASH     : @ 195081.021: tcs3701: start power rail timer, state:3
11-24 18:50:28.873  1011  1189 I ASH     : @ 195081.061: tcs3701: stop power rail pending_off timer
11-24 18:50:28.873  1011  1189 D ASH     : @ 195081.061: tcs3701: start power rail timer, state:3
11-24 18:50:28.900 29531 29575 I BatteryMgr:DataCollectionService: stats => 1700848228900,8239,4443,-2746,4169000,100
11-24 18:50:28.913  1011  1189 I ASH     : @ 195081.101: tcs3701: stop power rail pending_off timer
11-24 18:50:28.913  1011  1189 D ASH     : @ 195081.101: tcs3701: start power rail timer, state:3
11-24 18:50:28.953  1011  1189 I ASH     : @ 195081.141: tcs3701: stop power rail pending_off timer
11-24 18:50:28.954  1011  1189 D ASH     : @ 195081.141: tcs3701: start power rail timer, state:3
11-24 18:50:28.994  1011  1189 I ASH     : @ 195081.181: tcs3701: stop power rail pending_off timer
11-24 18:50:28.994  1011  1189 D ASH     : @ 195081.181: tcs3701: start power rail timer, state:3
11-24 18:50:29.014 29531 29575 I BatteryMgr:DataCollectionService: stats => 1700848229014,8239,4443,-2746,4169000,100
11-24 18:50:29.021  1795  3807 D ActivityManager: freezer override set to true
11-24 18:50:29.033  1011  1189 I ASH     : @ 195081.221: tcs3701: stop power rail pending_off timer
11-24 18:50:29.034  1011  1189 D ASH     : @ 195081.221: tcs3701: start power rail timer, state:3
11-24 18:50:29.074  1011  1189 I ASH     : @ 195081.261: tcs3701: stop power rail pending_off timer
11-24 18:50:29.074  1011  1189 D ASH     : @ 195081.261: tcs3701: start power rail timer, state:3
11-24 18:50:29.113  1011  1189 I ASH     : @ 195081.301: tcs3701: stop power rail pending_off timer
11-24 18:50:29.113  1011  1189 D ASH     : @ 195081.301: tcs3701: start power rail timer, state:3
11-24 18:50:29.122 29531 29575 I BatteryMgr:DataCollectionService: stats => 1700848229122,8239,4443,-2746,4169000,100
11-24 18:50:29.126 24748 24761 I m.chrome.canary: Explicit concurrent copying GC freed 3595(176KB) AllocSpace objects, 3(60KB) LOS objects, 75% free, 12MB/51MB, paused 110us,25us total 52.993ms
11-24 18:50:29.153  1011  1189 I ASH     : @ 195081.341: tcs3701: stop power rail pending_off timer
11-24 18:50:29.153  1011  1189 D ASH     : @ 195081.341: tcs3701: start power rail timer, state:3
11-24 18:50:29.183  1795  3807 D ActivityManager: freezer override set to false
11-24 18:50:29.193  1011  1189 I ASH     : @ 195081.381: tcs3701: stop power rail pending_off timer
11-24 18:50:29.193  1011  1189 D ASH     : @ 195081.381: tcs3701: start power rail timer, state:3
11-24 18:50:29.226  1795  1854 D ActivityManager: freezer override set to true
11-24 18:50:29.228  1795  1854 D ActivityManager: freezer override set to false
11-24 18:50:29.229 29531 29575 I BatteryMgr:DataCollectionService: stats => 1700848229229,8239,4443,-2746,4169000,100
11-24 18:50:29.233  1011  1189 I ASH     : @ 195081.421: tcs3701: stop power rail pending_off timer
11-24 18:50:29.234  1011  1189 D ASH     : @ 195081.421: tcs3701: start power rail timer, state:3
11-24 18:50:29.273  1011  1189 I ASH     : @ 195081.461: tcs3701: stop power rail pending_off timer
11-24 18:50:29.273  1011  1189 D ASH     : @ 195081.461: tcs3701: start power rail timer, state:3
11-24 18:50:29.313  1011  1189 I ASH     : @ 195081.501: tcs3701: stop power rail pending_off timer
11-24 18:50:29.313  1011  1189 D ASH     : @ 195081.501: tcs3701: start power rail timer, state:3
11-24 18:50:29.337 29531 29575 I BatteryMgr:DataCollectionService: stats => 1700848229337,8239,4443,-2746,4169000,100
11-24 18:50:29.354  1011  1189 I ASH     : @ 195081.541: tcs3701: stop power rail pending_off timer
11-24 18:50:29.354  1011  1189 D ASH     : @ 195081.541: tcs3701: start power rail timer, state:3
11-24 18:50:29.369  1795  3807 D ActivityManager: freezer override set to true
11-24 18:50:29.373  1795  3807 D ActivityManager: freezer override set to false
11-24 18:50:29.393  1011  1189 I ASH     : @ 195081.581: tcs3701: stop power rail pending_off timer
11-24 18:50:29.393  1011  1189 D ASH     : @ 195081.582: tcs3701: start power rail timer, state:3
11-24 18:50:29.433  1011  1189 I ASH     : @ 195081.621: tcs3701: stop power rail pending_off timer
11-24 18:50:29.433  1011  1189 D ASH     : @ 195081.622: tcs3701: start power rail timer, state:3
11-24 18:50:29.444 29531 29575 I BatteryMgr:DataCollectionService: stats => 1700848229443,8239,4443,-2746,4169000,100
11-24 18:50:29.474  1011  1189 I ASH     : @ 195081.661: tcs3701: stop power rail pending_off timer
11-24 18:50:29.474  1011  1189 D ASH     : @ 195081.661: tcs3701: start power rail timer, state:3
11-24 18:50:29.513  1011  1189 I ASH     : @ 195081.701: tcs3701: stop power rail pending_off timer
11-24 18:50:29.513  1011  1189 D ASH     : @ 195081.701: tcs3701: start power rail timer, state:3
11-24 18:50:29.549 29531 29575 I BatteryMgr:DataCollectionService: stats => 1700848229549,8239,4443,-2746,4169000,100
11-24 18:50:29.553  1011  1189 I ASH     : @ 195081.741: tcs3701: stop power rail pending_off timer
11-24 18:50:29.553  1011  1189 D ASH     : @ 195081.741: tcs3701: start power rail timer, state:3
11-24 18:50:29.593  1011  1189 I ASH     : @ 195081.781: tcs3701: stop power rail pending_off timer
11-24 18:50:29.593  1011  1189 D ASH     : @ 195081.781: tcs3701: start power rail timer, state:3
11-24 18:50:29.633  1011  1189 I ASH     : @ 195081.821: tcs3701: stop power rail pending_off timer
11-24 18:50:29.633  1011  1189 D ASH     : @ 195081.821: tcs3701: start power rail timer, state:3
11-24 18:50:29.655 29531 29575 I BatteryMgr:DataCollectionService: stats => 1700848229655,8239,4443,-2746,4169000,100
11-24 18:50:29.673  1011  1189 I ASH     : @ 195081.861: tcs3701: stop power rail pending_off timer
11-24 18:50:29.674  1011  1189 D ASH     : @ 195081.861: tcs3701: start power rail timer, state:3
11-24 18:50:29.714  1011  1189 I ASH     : @ 195081.901: tcs3701: stop power rail pending_off timer
11-24 18:50:29.714  1011  1189 D ASH     : @ 195081.901: tcs3701: start power rail timer, state:3
11-24 18:50:29.754  1011  1189 I ASH     : @ 195081.941: tcs3701: stop power rail pending_off timer
11-24 18:50:29.754  1011  1189 D ASH     : @ 195081.941: tcs3701: start power rail timer, state:3
11-24 18:50:29.762 29531 29575 I BatteryMgr:DataCollectionService: stats => 1700848229762,8239,4443,-2746,4169000,100
11-24 18:50:29.793  1011  1189 I ASH     : @ 195081.981: tcs3701: stop power rail pending_off timer
11-24 18:50:29.793  1011  1189 D ASH     : @ 195081.981: tcs3701: start power rail timer, state:3
11-24 18:50:29.833  1011  1189 I ASH     : @ 195082.021: tcs3701: stop power rail pending_off timer
11-24 18:50:29.833  1011  1189 D ASH     : @ 195082.021: tcs3701: start power rail timer, state:3
11-24 18:50:29.869 29531 29575 I BatteryMgr:DataCollectionService: stats => 1700848229868,8239,4443,-2746,4169000,100
11-24 18:50:29.874  1011  1189 I ASH     : @ 195082.061: tcs3701: stop power rail pending_off timer
11-24 18:50:29.874  1011  1189 D ASH     : @ 195082.061: tcs3701: start power rail timer, state:3
11-24 18:50:29.913  1011  1189 I ASH     : @ 195082.101: tcs3701: stop power rail pending_off timer
11-24 18:50:29.913  1011  1189 D ASH     : @ 195082.101: tcs3701: start power rail timer, state:3
11-24 18:50:29.954  1011  1189 I ASH     : @ 195082.141: tcs3701: stop power rail pending_off timer
11-24 18:50:29.954  1011  1189 D ASH     : @ 195082.141: tcs3701: start power rail timer, state:3
11-24 18:50:29.975 29531 29575 I BatteryMgr:DataCollectionService: stats => 1700848229975,8239,4443,-2746,4169000,100
11-24 18:50:29.993  1011  1189 I ASH     : @ 195082.181: tcs3701: stop power rail pending_off timer
11-24 18:50:29.993  1011  1189 D ASH     : @ 195082.181: tcs3701: start power rail timer, state:3
11-24 18:50:30.033  1011  1189 I ASH     : @ 195082.221: tcs3701: stop power rail pending_off timer
11-24 18:50:30.033  1011  1189 D ASH     : @ 195082.221: tcs3701: start power rail timer, state:3
11-24 18:50:30.074  1011  1189 I ASH     : @ 195082.261: tcs3701: stop power rail pending_off timer
11-24 18:50:30.074  1011  1189 D ASH     : @ 195082.261: tcs3701: start power rail timer, state:3
11-24 18:50:30.082 29531 29575 I BatteryMgr:DataCollectionService: stats => 1700848230082,8239,4443,-2746,4169000,100
11-24 18:50:30.113  1011  1189 I ASH     : @ 195082.301: tcs3701: stop power rail pending_off timer
11-24 18:50:30.114  1011  1189 D ASH     : @ 195082.301: tcs3701: start power rail timer, state:3
11-24 18:50:30.154  1011  1189 I ASH     : @ 195082.341: tcs3701: stop power rail pending_off timer
11-24 18:50:30.154  1011  1189 D ASH     : @ 195082.341: tcs3701: start power rail timer, state:3
11-24 18:50:30.188 29531 29575 I BatteryMgr:DataCollectionService: stats => 1700848230187,8239,4443,-2746,4169000,100
11-24 18:50:30.193  1011  1189 I ASH     : @ 195082.381: tcs3701: stop power rail pending_off timer
11-24 18:50:30.194  1011  1189 D ASH     : @ 195082.381: tcs3701: start power rail timer, state:3
11-24 18:50:30.234  1011  1189 I ASH     : @ 195082.421: tcs3701: stop power rail pending_off timer
11-24 18:50:30.234  1011  1189 D ASH     : @ 195082.422: tcs3701: start power rail timer, state:3
11-24 18:50:30.273  1011  1189 I ASH     : @ 195082.461: tcs3701: stop power rail pending_off timer
11-24 18:50:30.273  1011  1189 D ASH     : @ 195082.461: tcs3701: start power rail timer, state:3
11-24 18:50:30.295 29531 29575 I BatteryMgr:DataCollectionService: stats => 1700848230294,8239,4443,-2746,4169000,100
11-24 18:50:30.314  1011  1189 I ASH     : @ 195082.501: tcs3701: stop power rail pending_off timer
11-24 18:50:30.314  1011  1189 D ASH     : @ 195082.501: tcs3701: start power rail timer, state:3
11-24 18:50:30.353  1011  1189 I ASH     : @ 195082.541: tcs3701: stop power rail pending_off timer
11-24 18:50:30.353  1011  1189 D ASH     : @ 195082.541: tcs3701: start power rail timer, state:3
11-24 18:50:30.376  1795  3807 D ActivityManager: freezer override set to true
11-24 18:50:30.394  1011  1189 I ASH     : @ 195082.582: tcs3701: stop power rail pending_off timer
11-24 18:50:30.394  1011  1189 D ASH     : @ 195082.582: tcs3701: start power rail timer, state:3
11-24 18:50:30.403 29531 29575 I BatteryMgr:DataCollectionService: stats => 1700848230403,8239,4443,-2746,4169000,100
11-24 18:50:30.417  1795  2424 D WifiClientModeImpl[13802:wlan0]: updateLinkLayerStatsRssiSpeedFrequencyCapabilities rssi=-44 TxLinkspeed=866 freq=5240 RxLinkSpeed=866
11-24 18:50:30.417  1795  2424 D WifiDataStall: tx tput in kbps: 751897
11-24 18:50:30.417  1795  2424 D WifiDataStall: rx tput in kbps: 808492
11-24 18:50:30.417  1795  2424 V WifiConfigManager: Updating scan detail cache freq=5240 BSSID=f4:6d:2f:12:cc:88 RSSI=-43 for "ourhome"WPA_PSK
11-24 18:50:30.417  1795  2424 D WifiChannelUtilization:  freq: 5240 onTime: 5939372 busyTime: 601782 onTimeDiff: 29413 busyTimeDiff: 1993 utilization: 17 utilization t0: 25
11-24 18:50:30.417  1795  2424 D WifiDataStall:  ccaLevel = 17
11-24 18:50:30.417  1795  2424 D WifiDataStall: L2 txTputKbps: 768067, rxTputKbps: 808492, L3 txTputKbps: 0, rxTputKbps: 1, TxTrafficHigh: false, RxTrafficHigh: false, Throughput Sufficient: true
11-24 18:50:30.417  2673  2692 V WifiManager: OnWifiUsabilityStatsListener: onWifiUsabilityStats: seqNum=57622
11-24 18:50:30.418  1795  2424 D WifiScoreReport: Wifi scoring disabled - Don't check IP layer
11-24 18:50:30.418  1795  2424 D WifiScoreCard: BSSID update SIGNAL_POLL ID: 1320464697 SSID: "ourhome", BSSID: f4:6d:2f:12:cc:88, MAC: b2:2f:ec:da:4a:0c, IP: /192.168.1.104, Security type: 2, Supplicant state: COMPLETED, Wi-Fi standard: 5, RSSI: -44, Link speed: 866Mbps, Tx Link speed: 866Mbps, Max Supported Tx Link speed: 866Mbps, Rx Link speed: 866Mbps, Max Supported Rx Link speed: 866Mbps, Frequency: 5240MHz, Net ID: 12, Metered hint: false, score: 60, isUsable: true, CarrierMerged: false, SubscriptionId: -1, IsPrimary: 1, Trusted: true, Restricted: false, Ephemeral: false, OEM paid: false, OEM private: false, OSU AP: false, FQDN: <none>, Provider friendly name: <none>, Requesting package name: <none>"ourhome"wpa2-pskMLO Information: , Is TID-To-Link negotiation supported by the AP: false, AP MLD Address: <none>, AP MLO Link Id: <none>, AP MLO Affiliated links: <none>
11-24 18:50:30.418  1795  2424 D WifiScoreCard: txRate: 5 txSpeed: 866
11-24 18:50:30.418  1795  2424 D WifiScoreCard: network update SIGNAL_POLL "ourhome" ID: 1499892569 RSSI -44 txSpeed 866
11-24 18:50:30.418  1795  2424 D WifiClientModeImpl[13802:wlan0]:  ClientModeImpl$L2ConnectedState screen=on 29 0 "ourhome" f4:6d:2f:12:cc:88 rssi=-44 f=5240 sc=60 link=866 tx=4.5, 0.4, 0.0 rx=3.5 bcn=1880173 [on:129 tx:1 rx:1 period:3012] from screen [on:1329792 period:43472409] score=60
11-24 18:50:30.419  1795  3807 I WifiService: updateWifiUsabilityScore uid=10180 seqNum=57622 score=100 predictionHorizonSec=1441795
11-24 18:50:30.419  1795  2424 D WifiScoreReport: Wifi scoring disabled - Notify that Wifi is usable
11-24 18:50:30.422  1795  2432 D ConnectivityService: NetReassign [no changes] [c 1] [a 0] [i 1]
11-24 18:50:30.433  1011  1189 I ASH     : @ 195082.621: tcs3701: stop power rail pending_off timer
11-24 18:50:30.433  1011  1189 D ASH     : @ 195082.621: tcs3701: start power rail timer, state:3
11-24 18:50:30.473  1011  1189 I ASH     : @ 195082.661: tcs3701: stop power rail pending_off timer
11-24 18:50:30.473  1011  1189 D ASH     : @ 195082.661: tcs3701: start power rail timer, state:3
11-24 18:50:30.484 24748 24761 I m.chrome.canary: Explicit concurrent copying GC freed 3826(192KB) AllocSpace objects, 4(80KB) LOS objects, 75% free, 12MB/51MB, paused 81us,25us total 47.956ms
11-24 18:50:30.511 29531 29575 I BatteryMgr:DataCollectionService: stats => 1700848230510,8239,4443,-2746,4169000,100
11-24 18:50:30.513  1011  1189 I ASH     : @ 195082.701: tcs3701: stop power rail pending_off timer
11-24 18:50:30.513  1011  1189 D ASH     : @ 195082.701: tcs3701: start power rail timer, state:3
11-24 18:50:30.534 24748 24808 W chromium: [WARNING:ev_root_ca_metadata.cc(119)] Not implemented
11-24 18:50:30.534 24748 24808 W chromium: [WARNING:ev_root_ca_metadata.cc(119)] Not implemented
11-24 18:50:30.534  1795  1854 D ActivityManager: freezer override set to false
11-24 18:50:30.554  1011  1189 I ASH     : @ 195082.741: tcs3701: stop power rail pending_off timer
11-24 18:50:30.554  1011  1189 D ASH     : @ 195082.741: tcs3701: start power rail timer, state:3
11-24 18:50:30.578  1795  1854 D ActivityManager: freezer override set to true
11-24 18:50:30.581  1795  1854 D ActivityManager: freezer override set to false
11-24 18:50:30.594  1011  1189 I ASH     : @ 195082.781: tcs3701: stop power rail pending_off timer
11-24 18:50:30.594  1011  1189 D ASH     : @ 195082.781: tcs3701: start power rail timer, state:3
11-24 18:50:30.618 29531 29575 I BatteryMgr:DataCollectionService: stats => 1700848230618,8239,4443,-2746,4169000,100
11-24 18:50:30.633  1011  1189 I ASH     : @ 195082.821: tcs3701: stop power rail pending_off timer
11-24 18:50:30.633  1011  1189 D ASH     : @ 195082.821: tcs3701: start power rail timer, state:3
11-24 18:50:30.674  1011  1189 I ASH     : @ 195082.861: tcs3701: stop power rail pending_off timer
11-24 18:50:30.674  1011  1189 D ASH     : @ 195082.861: tcs3701: start power rail timer, state:3
11-24 18:50:30.713  1011  1189 I ASH     : @ 195082.901: tcs3701: stop power rail pending_off timer
11-24 18:50:30.713  1011  1189 D ASH     : @ 195082.901: tcs3701: start power rail timer, state:3
11-24 18:50:30.726 29531 29575 I BatteryMgr:DataCollectionService: stats => 1700848230726,8239,4443,-2746,4169000,100
11-24 18:50:30.753  1011  1189 I ASH     : @ 195082.941: tcs3701: stop power rail pending_off timer
11-24 18:50:30.754  1011  1189 D ASH     : @ 195082.942: tcs3701: start power rail timer, state:3
11-24 18:50:30.793  1011  1189 I ASH     : @ 195082.981: tcs3701: stop power rail pending_off timer
11-24 18:50:30.793  1011  1189 D ASH     : @ 195082.981: tcs3701: start power rail timer, state:3
11-24 18:50:30.831 29531 29575 I BatteryMgr:DataCollectionService: stats => 1700848230831,8239,4443,-2746,4169000,100
11-24 18:50:30.833  1011  1189 I ASH     : @ 195083.021: tcs3701: stop power rail pending_off timer
11-24 18:50:30.833  1011  1189 D ASH     : @ 195083.021: tcs3701: start power rail timer, state:3
11-24 18:50:30.874  1011  1189 I ASH     : @ 195083.061: tcs3701: stop power rail pending_off timer
11-24 18:50:30.874  1011  1189 D ASH     : @ 195083.061: tcs3701: start power rail timer, state:3
11-24 18:50:30.895  1795  1854 W ActivityManager: Unable to start service Intent { act=grpc.io.action.BIND cmp=com.google.android.apps.nest.dockmanager.app/.service.DockManagerAndroidService } U=0: not found
11-24 18:50:30.896  1795  1854 W ActivityManager: Unbind failed: could not find connection for android.os.BinderProxy@a6e6266
11-24 18:50:30.913  1011  1189 I ASH     : @ 195083.101: tcs3701: stop power rail pending_off timer
11-24 18:50:30.913  1011  1189 D ASH     : @ 195083.101: tcs3701: start power rail timer, state:3
11-24 18:50:30.937 29531 29575 I BatteryMgr:DataCollectionService: stats => 1700848230936,8239,4443,-2746,4169000,100
11-24 18:50:30.953  1011  1189 I ASH     : @ 195083.141: tcs3701: stop power rail pending_off timer
11-24 18:50:30.953  1011  1189 D ASH     : @ 195083.141: tcs3701: start power rail timer, state:3
11-24 18:50:30.993  1011  1189 I ASH     : @ 195083.181: tcs3701: stop power rail pending_off timer
11-24 18:50:30.993  1011  1189 D ASH     : @ 195083.181: tcs3701: start power rail timer, state:3
11-24 18:50:31.034  1011  1189 I ASH     : @ 195083.221: tcs3701: stop power rail pending_off timer
11-24 18:50:31.034  1011  1189 D ASH     : @ 195083.221: tcs3701: start power rail timer, state:3
11-24 18:50:31.041 29531 29575 I BatteryMgr:DataCollectionService: stats => 1700848231041,8239,4443,-2746,4169000,100
11-24 18:50:31.073  1011  1189 I ASH     : @ 195083.261: tcs3701: stop power rail pending_off timer
11-24 18:50:31.073  1011  1189 D ASH     : @ 195083.261: tcs3701: start power rail timer, state:3
11-24 18:50:31.114  1011  1189 I ASH     : @ 195083.301: tcs3701: stop power rail pending_off timer
11-24 18:50:31.114  1011  1189 D ASH     : @ 195083.301: tcs3701: start power rail timer, state:3
11-24 18:50:31.147 29531 29575 I BatteryMgr:DataCollectionService: stats => 1700848231147,8239,4443,-2746,4169000,100
11-24 18:50:31.154  1011  1189 I ASH     : @ 195083.341: tcs3701: stop power rail pending_off timer
11-24 18:50:31.154  1011  1189 D ASH     : @ 195083.341: tcs3701: start power rail timer, state:3
11-24 18:50:31.193  1011  1189 I ASH     : @ 195083.381: tcs3701: stop power rail pending_off timer
11-24 18:50:31.193  1011  1189 D ASH     : @ 195083.381: tcs3701: start power rail timer, state:3
11-24 18:50:31.234  1011  1189 I ASH     : @ 195083.421: tcs3701: stop power rail pending_off timer
11-24 18:50:31.234  1011  1189 D ASH     : @ 195083.421: tcs3701: start power rail timer, state:3
11-24 18:50:31.243  3604  4216 I bbqr    : (REDACTED) getHotwordActive::active query: %s, watch: %s, devices connected: %s
11-24 18:50:31.253 29531 29575 I BatteryMgr:DataCollectionService: stats => 1700848231253,8239,4443,-2746,4169000,100
11-24 18:50:31.273  1011  1189 I ASH     : @ 195083.461: tcs3701: stop power rail pending_off timer
11-24 18:50:31.273  1011  1189 D ASH     : @ 195083.462: tcs3701: start power rail timer, state:3
11-24 18:50:31.313  1011  1189 I ASH     : @ 195083.501: tcs3701: stop power rail pending_off timer
11-24 18:50:31.314  1011  1189 D ASH     : @ 195083.501: tcs3701: start power rail timer, state:3
11-24 18:50:31.353  1011  1189 I ASH     : @ 195083.541: tcs3701: stop power rail pending_off timer
11-24 18:50:31.353  1011  1189 D ASH     : @ 195083.542: tcs3701: start power rail timer, state:3
11-24 18:50:31.363 29531 29575 I BatteryMgr:DataCollectionService: stats => 1700848231363,8239,4443,-2746,4169000,100
11-24 18:50:31.368  1795  1854 D ActivityManager: freezer override set to true
11-24 18:50:31.374  1795  1854 D ActivityManager: freezer override set to false
11-24 18:50:31.393  1011  1189 I ASH     : @ 195083.581: tcs3701: stop power rail pending_off timer
11-24 18:50:31.394  1011  1189 D ASH     : @ 195083.581: tcs3701: start power rail timer, state:3
11-24 18:50:31.434  1011  1189 I ASH     : @ 195083.621: tcs3701: stop power rail pending_off timer
11-24 18:50:31.434  1011  1189 D ASH     : @ 195083.621: tcs3701: start power rail timer, state:3
11-24 18:50:31.468 29531 29575 I BatteryMgr:DataCollectionService: stats => 1700848231468,8239,4443,-2746,4169000,100
11-24 18:50:31.473  1011  1189 I ASH     : @ 195083.661: tcs3701: stop power rail pending_off timer
11-24 18:50:31.473  1011  1189 D ASH     : @ 195083.661: tcs3701: start power rail timer, state:3
11-24 18:50:31.513  1011  1189 I ASH     : @ 195083.701: tcs3701: stop power rail pending_off timer
11-24 18:50:31.513  1011  1189 D ASH     : @ 195083.701: tcs3701: start power rail timer, state:3
11-24 18:50:31.554  1011  1189 I ASH     : @ 195083.741: tcs3701: stop power rail pending_off timer
11-24 18:50:31.554  1011  1189 D ASH     : @ 195083.741: tcs3701: start power rail timer, state:3
11-24 18:50:31.575 29531 29575 I BatteryMgr:DataCollectionService: stats => 1700848231575,8239,4443,-2746,4169000,100
11-24 18:50:31.593  1011  1189 I ASH     : @ 195083.781: tcs3701: stop power rail pending_off timer
11-24 18:50:31.593  1011  1189 D ASH     : @ 195083.781: tcs3701: start power rail timer, state:3
11-24 18:50:31.634  1011  1189 I ASH     : @ 195083.821: tcs3701: stop power rail pending_off timer
11-24 18:50:31.634  1011  1189 D ASH     : @ 195083.821: tcs3701: start power rail timer, state:3
11-24 18:50:31.673  1011  1189 I ASH     : @ 195083.861: tcs3701: stop power rail pending_off timer
11-24 18:50:31.673  1011  1189 D ASH     : @ 195083.861: tcs3701: start power rail timer, state:3
11-24 18:50:31.684 29531 29575 I BatteryMgr:DataCollectionService: stats => 1700848231684,8239,4443,-2746,4169000,100
11-24 18:50:31.713  1011  1189 I ASH     : @ 195083.901: tcs3701: stop power rail pending_off timer
11-24 18:50:31.714  1011  1189 D ASH     : @ 195083.901: tcs3701: start power rail timer, state:3
11-24 18:50:31.729  1795  1854 D ActivityManager: freezer override set to true
11-24 18:50:31.753  1011  1189 I ASH     : @ 195083.941: tcs3701: stop power rail pending_off timer
11-24 18:50:31.754  1011  1189 D ASH     : @ 195083.941: tcs3701: start power rail timer, state:3
11-24 18:50:31.789 29531 29575 I BatteryMgr:DataCollectionService: stats => 1700848231789,8239,4443,-2746,4169000,100
11-24 18:50:31.794  1011  1189 I ASH     : @ 195083.981: tcs3701: stop power rail pending_off timer
11-24 18:50:31.794  1011  1189 D ASH     : @ 195083.981: tcs3701: start power rail timer, state:3
11-24 18:50:31.818 24748 24761 I m.chrome.canary: Explicit concurrent copying GC freed 3591(176KB) AllocSpace objects, 3(60KB) LOS objects, 75% free, 12MB/51MB, paused 98us,23us total 49.050ms
11-24 18:50:31.834  1011  1189 I ASH     : @ 195084.021: tcs3701: stop power rail pending_off timer
11-24 18:50:31.834  1011  1189 D ASH     : @ 195084.021: tcs3701: start power rail timer, state:3
11-24 18:50:31.874  1795  1854 D ActivityManager: freezer override set to false
11-24 18:50:31.874  1011  1189 I ASH     : @ 195084.061: tcs3701: stop power rail pending_off timer
11-24 18:50:31.874  1011  1189 D ASH     : @ 195084.061: tcs3701: start power rail timer, state:3
11-24 18:50:31.894 29531 29575 I BatteryMgr:DataCollectionService: stats => 1700848231894,8239,4443,-2746,4169000,100
11-24 18:50:31.913  1011  1189 I ASH     : @ 195084.101: tcs3701: stop power rail pending_off timer
11-24 18:50:31.913  1011  1189 D ASH     : @ 195084.101: tcs3701: start power rail timer, state:3
11-24 18:50:31.921  1795  1854 D ActivityManager: freezer override set to true
11-24 18:50:31.923  1795  1854 D ActivityManager: freezer override set to false
11-24 18:50:31.954  1011  1189 I ASH     : @ 195084.141: tcs3701: stop power rail pending_off timer
11-24 18:50:31.954  1011  1189 D ASH     : @ 195084.141: tcs3701: start power rail timer, state:3
11-24 18:50:31.993  1011  1189 I ASH     : @ 195084.181: tcs3701: stop power rail pending_off timer
11-24 18:50:31.993  1011  1189 D ASH     : @ 195084.181: tcs3701: start power rail timer, state:3
11-24 18:50:31.999 29531 29575 I BatteryMgr:DataCollectionService: stats => 1700848231999,8239,4443,-2746,4169000,100
11-24 18:50:32.034  1011  1189 I ASH     : @ 195084.222: tcs3701: stop power rail pending_off timer
11-24 18:50:32.034  1011  1189 D ASH     : @ 195084.222: tcs3701: start power rail timer, state:3
11-24 18:50:32.073  1011  1189 I ASH     : @ 195084.261: tcs3701: stop power rail pending_off timer
11-24 18:50:32.073  1011  1189 D ASH     : @ 195084.261: tcs3701: start power rail timer, state:3
11-24 18:50:32.106 29531 29575 I BatteryMgr:DataCollectionService: stats => 1700848232105,8239,4443,-2746,4169000,100
11-24 18:50:32.114  1011  1189 I ASH     : @ 195084.301: tcs3701: stop power rail pending_off timer
11-24 18:50:32.114  1011  1189 D ASH     : @ 195084.301: tcs3701: start power rail timer, state:3
11-24 18:50:32.153  1011  1189 I ASH     : @ 195084.341: tcs3701: stop power rail pending_off timer
11-24 18:50:32.153  1011  1189 D ASH     : @ 195084.341: tcs3701: start power rail timer, state:3
11-24 18:50:32.194  1011  1189 I ASH     : @ 195084.381: tcs3701: stop power rail pending_off timer
11-24 18:50:32.194  1011  1189 D ASH     : @ 195084.381: tcs3701: start power rail timer, state:3
11-24 18:50:32.211 29531 29575 I BatteryMgr:DataCollectionService: stats => 1700848232210,8239,4443,-2746,4169000,100
11-24 18:50:32.235  1011  1189 I ASH     : @ 195084.421: tcs3701: stop power rail pending_off timer
11-24 18:50:32.235  1011  1189 D ASH     : @ 195084.421: tcs3701: start power rail timer, state:3
11-24 18:50:32.273  1011  1189 I ASH     : @ 195084.461: tcs3701: stop power rail pending_off timer
11-24 18:50:32.273  1011  1189 D ASH     : @ 195084.461: tcs3701: start power rail timer, state:3
11-24 18:50:32.313  1011  1189 I ASH     : @ 195084.501: tcs3701: stop power rail pending_off timer
11-24 18:50:32.313  1011  1189 D ASH     : @ 195084.501: tcs3701: start power rail timer, state:3
11-24 18:50:32.318 29531 29575 I BatteryMgr:DataCollectionService: stats => 1700848232318,8239,4443,-2746,4169000,100
11-24 18:50:32.354  1011  1189 I ASH     : @ 195084.541: tcs3701: stop power rail pending_off timer
11-24 18:50:32.354  1011  1189 D ASH     : @ 195084.541: tcs3701: start power rail timer, state:3
11-24 18:50:32.372  1795  1854 D ActivityManager: freezer override set to true
11-24 18:50:32.377  1795  1854 D ActivityManager: freezer override set to false
11-24 18:50:32.393  1011  1189 I ASH     : @ 195084.581: tcs3701: stop power rail pending_off timer
11-24 18:50:32.393  1011  1189 D ASH     : @ 195084.581: tcs3701: start power rail timer, state:3
11-24 18:50:32.423 29531 29575 I BatteryMgr:DataCollectionService: stats => 1700848232423,8239,4443,-2746,4169000,100
11-24 18:50:32.434  1011  1189 I ASH     : @ 195084.621: tcs3701: stop power rail pending_off timer
11-24 18:50:32.434  1011  1189 D ASH     : @ 195084.621: tcs3701: start power rail timer, state:3
11-24 18:50:32.474  1011  1189 I ASH     : @ 195084.661: tcs3701: stop power rail pending_off timer
11-24 18:50:32.474  1011  1189 D ASH     : @ 195084.661: tcs3701: start power rail timer, state:3
11-24 18:50:32.514  1011  1189 I ASH     : @ 195084.701: tcs3701: stop power rail pending_off timer
11-24 18:50:32.514  1011  1189 D ASH     : @ 195084.701: tcs3701: start power rail timer, state:3
11-24 18:50:32.530 29531 29575 I BatteryMgr:DataCollectionService: stats => 1700848232530,8239,4443,-2746,4169000,100
11-24 18:50:32.553  1011  1189 I ASH     : @ 195084.741: tcs3701: stop power rail pending_off timer
11-24 18:50:32.553  1011  1189 D ASH     : @ 195084.741: tcs3701: start power rail timer, state:3
11-24 18:50:32.593  1011  1189 I ASH     : @ 195084.781: tcs3701: stop power rail pending_off timer
11-24 18:50:32.593  1011  1189 D ASH     : @ 195084.781: tcs3701: start power rail timer, state:3
11-24 18:50:32.633  1011  1189 I ASH     : @ 195084.821: tcs3701: stop power rail pending_off timer
11-24 18:50:32.634  1011  1189 D ASH     : @ 195084.821: tcs3701: start power rail timer, state:3
11-24 18:50:32.634 29531 29575 I BatteryMgr:DataCollectionService: stats => 1700848232634,8239,4443,-2746,4169000,100
11-24 18:50:32.673  1011  1189 I ASH     : @ 195084.861: tcs3701: stop power rail pending_off timer
11-24 18:50:32.673  1011  1189 D ASH     : @ 195084.861: tcs3701: start power rail timer, state:3
11-24 18:50:32.713  1011  1189 I ASH     : @ 195084.901: tcs3701: stop power rail pending_off timer
11-24 18:50:32.713  1011  1189 D ASH     : @ 195084.901: tcs3701: start power rail timer, state:3
11-24 18:50:32.740 29531 29575 I BatteryMgr:DataCollectionService: stats => 1700848232740,8239,4443,-2746,4169000,100
11-24 18:50:32.754  1011  1189 I ASH     : @ 195084.941: tcs3701: stop power rail pending_off timer
11-24 18:50:32.754  1011  1189 D ASH     : @ 195084.941: tcs3701: start power rail timer, state:3
11-24 18:50:32.794  1011  1189 I ASH     : @ 195084.981: tcs3701: stop power rail pending_off timer
11-24 18:50:32.794  1011  1189 D ASH     : @ 195084.981: tcs3701: start power rail timer, state:3
11-24 18:50:32.833  1011  1189 I ASH     : @ 195085.021: tcs3701: stop power rail pending_off timer
11-24 18:50:32.833  1011  1189 D ASH     : @ 195085.021: tcs3701: start power rail timer, state:3
11-24 18:50:32.846 29531 29575 I BatteryMgr:DataCollectionService: stats => 1700848232845,8239,4443,-2746,4169000,100
11-24 18:50:32.873  1011  1189 I ASH     : @ 195085.061: tcs3701: stop power rail pending_off timer
11-24 18:50:32.873  1011  1189 D ASH     : @ 195085.061: tcs3701: start power rail timer, state:3
11-24 18:50:32.913  1011  1189 I ASH     : @ 195085.101: tcs3701: stop power rail pending_off timer
11-24 18:50:32.913  1011  1189 D ASH     : @ 195085.101: tcs3701: start power rail timer, state:3
11-24 18:50:32.952 29531 29575 I BatteryMgr:DataCollectionService: stats => 1700848232952,8239,4443,-2746,4169000,100
11-24 18:50:32.953  1011  1189 I ASH     : @ 195085.141: tcs3701: stop power rail pending_off timer
11-24 18:50:32.953  1011  1189 D ASH     : @ 195085.141: tcs3701: start power rail timer, state:3
11-24 18:50:32.994  1011  1189 I ASH     : @ 195085.181: tcs3701: stop power rail pending_off timer
11-24 18:50:32.994  1011  1189 D ASH     : @ 195085.181: tcs3701: start power rail timer, state:3
11-24 18:50:33.034  1011  1189 I ASH     : @ 195085.221: tcs3701: stop power rail pending_off timer
11-24 18:50:33.034  1011  1189 D ASH     : @ 195085.221: tcs3701: start power rail timer, state:3
11-24 18:50:33.058 29531 29575 I BatteryMgr:DataCollectionService: stats => 1700848233058,8239,4443,-2746,4169000,100
11-24 18:50:33.067  1795  1854 D ActivityManager: freezer override set to true
11-24 18:50:33.074  1011  1189 I ASH     : @ 195085.261: tcs3701: stop power rail pending_off timer
11-24 18:50:33.074  1011  1189 D ASH     : @ 195085.262: tcs3701: start power rail timer, state:3
11-24 18:50:33.113  1011  1189 I ASH     : @ 195085.301: tcs3701: stop power rail pending_off timer
11-24 18:50:33.113  1011  1189 D ASH     : @ 195085.301: tcs3701: start power rail timer, state:3
11-24 18:50:33.151 24748 24761 I m.chrome.canary: Explicit concurrent copying GC freed 3733(191KB) AllocSpace objects, 5(164KB) LOS objects, 75% free, 12MB/51MB, paused 41us,24us total 43.093ms
11-24 18:50:33.154  1011  1189 I ASH     : @ 195085.341: tcs3701: stop power rail pending_off timer
11-24 18:50:33.154  1011  1189 D ASH     : @ 195085.342: tcs3701: start power rail timer, state:3
11-24 18:50:33.165 29531 29575 I BatteryMgr:DataCollectionService: stats => 1700848233165,8239,4443,-2746,4169000,100
11-24 18:50:33.193  1011  1189 I ASH     : @ 195085.381: tcs3701: stop power rail pending_off timer
11-24 18:50:33.193  1011  1189 D ASH     : @ 195085.381: tcs3701: start power rail timer, state:3
11-24 18:50:33.206  1795  1854 D ActivityManager: freezer override set to false
11-24 18:50:33.233  1011  1189 I ASH     : @ 195085.421: tcs3701: stop power rail pending_off timer
11-24 18:50:33.233  1011  1189 D ASH     : @ 195085.421: tcs3701: start power rail timer, state:3
11-24 18:50:33.246  1795  1854 D ActivityManager: freezer override set to true
11-24 18:50:33.249  1795  1854 D ActivityManager: freezer override set to false
11-24 18:50:33.272 29531 29575 I BatteryMgr:DataCollectionService: stats => 1700848233271,8239,4443,-2746,4169000,100
11-24 18:50:33.273  1011  1189 I ASH     : @ 195085.461: tcs3701: stop power rail pending_off timer
11-24 18:50:33.273  1011  1189 D ASH     : @ 195085.461: tcs3701: start power rail timer, state:3
11-24 18:50:33.314  1011  1189 I ASH     : @ 195085.501: tcs3701: stop power rail pending_off timer
11-24 18:50:33.314  1011  1189 D ASH     : @ 195085.501: tcs3701: start power rail timer, state:3
11-24 18:50:33.354  1011  1189 I ASH     : @ 195085.541: tcs3701: stop power rail pending_off timer
11-24 18:50:33.354  1011  1189 D ASH     : @ 195085.541: tcs3701: start power rail timer, state:3
11-24 18:50:33.367  1795  1854 D ActivityManager: freezer override set to true
11-24 18:50:33.371  1795  1854 D ActivityManager: freezer override set to false
11-24 18:50:33.378 29531 29575 I BatteryMgr:DataCollectionService: stats => 1700848233378,8239,4443,-2746,4169000,100
11-24 18:50:33.393  1011  1189 I ASH     : @ 195085.581: tcs3701: stop power rail pending_off timer
11-24 18:50:33.393  1011  1189 D ASH     : @ 195085.581: tcs3701: start power rail timer, state:3
11-24 18:50:33.429  1795  2424 D WifiClientModeImpl[13802:wlan0]: updateLinkLayerStatsRssiSpeedFrequencyCapabilities rssi=-44 TxLinkspeed=866 freq=5240 RxLinkSpeed=780
11-24 18:50:33.429  1795  2424 D WifiDataStall: tx tput in kbps: 768067
11-24 18:50:33.429  1795  2424 D WifiDataStall: rx tput in kbps: 808492
11-24 18:50:33.429  1795  2424 V WifiConfigManager: Updating scan detail cache freq=5240 BSSID=f4:6d:2f:12:cc:88 RSSI=-43 for "ourhome"WPA_PSK
11-24 18:50:33.429  1795  2424 D WifiChannelUtilization:  freq: 5240 onTime: 5939576 busyTime: 601799 onTimeDiff: 29617 busyTimeDiff: 2010 utilization: 17 utilization t0: 25
11-24 18:50:33.429  1795  2424 D WifiDataStall:  ccaLevel = 17
11-24 18:50:33.429  1795  2424 D WifiDataStall: L2 txTputKbps: 743812, rxTputKbps: 728203, L3 txTputKbps: 26, rxTputKbps: 109, TxTrafficHigh: true, RxTrafficHigh: true, Throughput Sufficient: true
11-24 18:50:33.429  2673  2692 V WifiManager: OnWifiUsabilityStatsListener: onWifiUsabilityStats: seqNum=57623
11-24 18:50:33.430  1795  2424 D WifiScoreReport: Wifi scoring disabled - Don't check IP layer
11-24 18:50:33.430  1795  2424 D WifiScoreCard: BSSID update SIGNAL_POLL ID: 1320464697 SSID: "ourhome", BSSID: f4:6d:2f:12:cc:88, MAC: b2:2f:ec:da:4a:0c, IP: /192.168.1.104, Security type: 2, Supplicant state: COMPLETED, Wi-Fi standard: 5, RSSI: -44, Link speed: 866Mbps, Tx Link speed: 866Mbps, Max Supported Tx Link speed: 866Mbps, Rx Link speed: 780Mbps, Max Supported Rx Link speed: 866Mbps, Frequency: 5240MHz, Net ID: 12, Metered hint: false, score: 60, isUsable: true, CarrierMerged: false, SubscriptionId: -1, IsPrimary: 1, Trusted: true, Restricted: false, Ephemeral: false, OEM paid: false, OEM private: false, OSU AP: false, FQDN: <none>, Provider friendly name: <none>, Requesting package name: <none>"ourhome"wpa2-pskMLO Information: , Is TID-To-Link negotiation supported by the AP: false, AP MLD Address: <none>, AP MLO Link Id: <none>, AP MLO Affiliated links: <none>
11-24 18:50:33.430  1795  2424 D WifiScoreCard: txRate: 10 txSpeed: 866
11-24 18:50:33.430  1795  2424 D WifiScoreCard: network update SIGNAL_POLL "ourhome" ID: 1499892569 RSSI -44 txSpeed 866
11-24 18:50:33.430  1795  1854 I WifiService: updateWifiUsabilityScore uid=10180 seqNum=57623 score=100 predictionHorizonSec=1441795
11-24 18:50:33.430  1795  2424 D WifiClientModeImpl[13802:wlan0]:  ClientModeImpl$L2ConnectedState screen=on 29 0 "ourhome" f4:6d:2f:12:cc:88 rssi=-44 f=5240 sc=60 link=866 tx=8.8, 0.7, 0.0 rx=6.7 bcn=1880203 [on:204 tx:4 rx:2 period:3012] from screen [on:1329996 period:43475421] score=60
11-24 18:50:33.431  1795  2424 D WifiScoreReport: Wifi scoring disabled - Notify that Wifi is usable
11-24 18:50:33.433  1795  2432 D ConnectivityService: NetReassign [no changes] [c 0] [a 0] [i 2]
11-24 18:50:33.433  1011  1189 I ASH     : @ 195085.621: tcs3701: stop power rail pending_off timer
11-24 18:50:33.433  1011  1189 D ASH     : @ 195085.621: tcs3701: start power rail timer, state:3
11-24 18:50:33.473  1011  1189 I ASH     : @ 195085.661: tcs3701: stop power rail pending_off timer
11-24 18:50:33.473  1011  1189 D ASH     : @ 195085.661: tcs3701: start power rail timer, state:3
11-24 18:50:33.485 29531 29575 I BatteryMgr:DataCollectionService: stats => 1700848233485,8239,4443,-2746,4169000,100
11-24 18:50:33.514  1011  1189 I ASH     : @ 195085.701: tcs3701: stop power rail pending_off timer
11-24 18:50:33.514  1011  1189 D ASH     : @ 195085.701: tcs3701: start power rail timer, state:3
11-24 18:50:33.553  1011  1189 I ASH     : @ 195085.741: tcs3701: stop power rail pending_off timer
11-24 18:50:33.553  1011  1189 D ASH     : @ 195085.741: tcs3701: start power rail timer, state:3
11-24 18:50:33.590 29531 29575 I BatteryMgr:DataCollectionService: stats => 1700848233590,8239,4443,-2746,4169000,100
11-24 18:50:33.593  1011  1189 I ASH     : @ 195085.781: tcs3701: stop power rail pending_off timer
11-24 18:50:33.593  1011  1189 D ASH     : @ 195085.781: tcs3701: start power rail timer, state:3
11-24 18:50:33.634  1011  1189 I ASH     : @ 195085.821: tcs3701: stop power rail pending_off timer
11-24 18:50:33.634  1011  1189 D ASH     : @ 195085.821: tcs3701: start power rail timer, state:3
11-24 18:50:33.674  1011  1189 I ASH     : @ 195085.861: tcs3701: stop power rail pending_off timer
11-24 18:50:33.674  1011  1189 D ASH     : @ 195085.861: tcs3701: start power rail timer, state:3
11-24 18:50:33.695 29531 29575 I BatteryMgr:DataCollectionService: stats => 1700848233695,8239,4443,-2746,4169000,100
11-24 18:50:33.714  1011  1189 I ASH     : @ 195085.901: tcs3701: stop power rail pending_off timer
11-24 18:50:33.714  1011  1189 D ASH     : @ 195085.901: tcs3701: start power rail timer, state:3
11-24 18:50:33.754  1011  1189 I ASH     : @ 195085.941: tcs3701: stop power rail pending_off timer
11-24 18:50:33.754  1011  1189 D ASH     : @ 195085.941: tcs3701: start power rail timer, state:3
11-24 18:50:33.794  1011  1189 I ASH     : @ 195085.981: tcs3701: stop power rail pending_off timer
11-24 18:50:33.794  1011  1189 D ASH     : @ 195085.981: tcs3701: start power rail timer, state:3
11-24 18:50:33.800 29531 29575 I BatteryMgr:DataCollectionService: stats => 1700848233800,8239,4443,-2746,4169000,100
11-24 18:50:33.834  1011  1189 I ASH     : @ 195086.021: tcs3701: stop power rail pending_off timer
11-24 18:50:33.834  1011  1189 D ASH     : @ 195086.022: tcs3701: start power rail timer, state:3
11-24 18:50:33.873  1011  1189 I ASH     : @ 195086.061: tcs3701: stop power rail pending_off timer
11-24 18:50:33.873  1011  1189 D ASH     : @ 195086.061: tcs3701: start power rail timer, state:3
11-24 18:50:33.906 29531 29575 I BatteryMgr:DataCollectionService: stats => 1700848233906,8239,4443,-2746,4169000,100
11-24 18:50:33.914  1011  1189 I ASH     : @ 195086.101: tcs3701: stop power rail pending_off timer
11-24 18:50:33.914  1011  1189 D ASH     : @ 195086.101: tcs3701: start power rail timer, state:3
11-24 18:50:33.953  1011  1189 I ASH     : @ 195086.141: tcs3701: stop power rail pending_off timer
11-24 18:50:33.953  1011  1189 D ASH     : @ 195086.141: tcs3701: start power rail timer, state:3
11-24 18:50:33.994  1011  1189 I ASH     : @ 195086.181: tcs3701: stop power rail pending_off timer
11-24 18:50:33.994  1011  1189 D ASH     : @ 195086.181: tcs3701: start power rail timer, state:3
11-24 18:50:34.012 29531 29575 I BatteryMgr:DataCollectionService: stats => 1700848234012,8239,4443,-2746,4169000,100
11-24 18:50:34.034  1011  1189 I ASH     : @ 195086.221: tcs3701: stop power rail pending_off timer
11-24 18:50:34.034  1011  1189 D ASH     : @ 195086.221: tcs3701: start power rail timer, state:3
11-24 18:50:34.074  1011  1189 I ASH     : @ 195086.261: tcs3701: stop power rail pending_off timer
11-24 18:50:34.074  1011  1189 D ASH     : @ 195086.261: tcs3701: start power rail timer, state:3
11-24 18:50:34.114  1011  1189 I ASH     : @ 195086.301: tcs3701: stop power rail pending_off timer
11-24 18:50:34.114  1011  1189 D ASH     : @ 195086.301: tcs3701: start power rail timer, state:3
11-24 18:50:34.117 29531 29575 I BatteryMgr:DataCollectionService: stats => 1700848234117,8239,4443,-2746,4169000,100
11-24 18:50:34.153  1011  1189 I ASH     : @ 195086.341: tcs3701: stop power rail pending_off timer
11-24 18:50:34.153  1011  1189 D ASH     : @ 195086.341: tcs3701: start power rail timer, state:3
11-24 18:50:34.193  1011  1189 I ASH     : @ 195086.381: tcs3701: stop power rail pending_off timer
11-24 18:50:34.194  1011  1189 D ASH     : @ 195086.381: tcs3701: start power rail timer, state:3
11-24 18:50:34.223 29531 29575 I BatteryMgr:DataCollectionService: stats => 1700848234222,8239,4443,-2746,4169000,100
11-24 18:50:34.234  1011  1189 I ASH     : @ 195086.421: tcs3701: stop power rail pending_off timer
11-24 18:50:34.234  1011  1189 D ASH     : @ 195086.421: tcs3701: start power rail timer, state:3
11-24 18:50:34.274  1011  1189 I ASH     : @ 195086.461: tcs3701: stop power rail pending_off timer
11-24 18:50:34.274  1011  1189 D ASH     : @ 195086.461: tcs3701: start power rail timer, state:3
11-24 18:50:34.313  1011  1189 I ASH     : @ 195086.501: tcs3701: stop power rail pending_off timer
11-24 18:50:34.313  1011  1189 D ASH     : @ 195086.501: tcs3701: start power rail timer, state:3
11-24 18:50:34.327 29531 29575 I BatteryMgr:DataCollectionService: stats => 1700848234327,8239,4443,-2746,4169000,100
11-24 18:50:34.354  1011  1189 I ASH     : @ 195086.541: tcs3701: stop power rail pending_off timer
11-24 18:50:34.354  1011  1189 D ASH     : @ 195086.541: tcs3701: start power rail timer, state:3
11-24 18:50:34.376  1795  1854 D ActivityManager: freezer override set to true
11-24 18:50:34.380  1795  1854 D ActivityManager: freezer override set to false
11-24 18:50:34.392  1795  1854 D ActivityManager: freezer override set to true
11-24 18:50:34.394  1011  1189 I ASH     : @ 195086.581: tcs3701: stop power rail pending_off timer
11-24 18:50:34.394  1011  1189 D ASH     : @ 195086.581: tcs3701: start power rail timer, state:3
11-24 18:50:34.433  1011  1189 I ASH     : @ 195086.621: tcs3701: stop power rail pending_off timer
11-24 18:50:34.433 29531 29575 I BatteryMgr:DataCollectionService: stats => 1700848234433,8239,4443,-2746,4169000,100
11-24 18:50:34.434  1011  1189 D ASH     : @ 195086.621: tcs3701: start power rail timer, state:3
11-24 18:50:34.473  1011  1189 I ASH     : @ 195086.661: tcs3701: stop power rail pending_off timer
11-24 18:50:34.473  1011  1189 D ASH     : @ 195086.661: tcs3701: start power rail timer, state:3
11-24 18:50:34.499 24748 24761 I m.chrome.canary: Explicit concurrent copying GC freed 3811(191KB) AllocSpace objects, 4(80KB) LOS objects, 75% free, 12MB/51MB, paused 33us,24us total 52.721ms
11-24 18:50:34.514  1011  1189 I ASH     : @ 195086.701: tcs3701: stop power rail pending_off timer
11-24 18:50:34.514  1011  1189 D ASH     : @ 195086.701: tcs3701: start power rail timer, state:3
11-24 18:50:34.540 29531 29575 I BatteryMgr:DataCollectionService: stats => 1700848234540,8239,4443,-2746,4169000,100
11-24 18:50:34.553  1795  1854 D ActivityManager: freezer override set to false
11-24 18:50:34.553  1011  1189 I ASH     : @ 195086.741: tcs3701: stop power rail pending_off timer
11-24 18:50:34.553  1011  1189 D ASH     : @ 195086.741: tcs3701: start power rail timer, state:3
11-24 18:50:34.594  1011  1189 I ASH     : @ 195086.781: tcs3701: stop power rail pending_off timer
11-24 18:50:34.594  1011  1189 D ASH     : @ 195086.782: tcs3701: start power rail timer, state:3
11-24 18:50:34.596  1795  1854 D ActivityManager: freezer override set to true
11-24 18:50:34.599  1795  1854 D ActivityManager: freezer override set to false
11-24 18:50:34.633  1011  1189 I ASH     : @ 195086.821: tcs3701: stop power rail pending_off timer
11-24 18:50:34.633  1011  1189 D ASH     : @ 195086.821: tcs3701: start power rail timer, state:3
11-24 18:50:34.644 29531 29575 I BatteryMgr:DataCollectionService: stats => 1700848234644,8239,4443,-2746,4169000,100
11-24 18:50:34.673  1011  1189 I ASH     : @ 195086.861: tcs3701: stop power rail pending_off timer
11-24 18:50:34.673  1011  1189 D ASH     : @ 195086.861: tcs3701: start power rail timer, state:3
11-24 18:50:34.714  1011  1189 I ASH     : @ 195086.901: tcs3701: stop power rail pending_off timer
11-24 18:50:34.714  1011  1189 D ASH     : @ 195086.901: tcs3701: start power rail timer, state:3
11-24 18:50:34.749 29531 29575 I BatteryMgr:DataCollectionService: stats => 1700848234749,8239,4443,-2746,4169000,100
11-24 18:50:34.753  1011  1189 I ASH     : @ 195086.941: tcs3701: stop power rail pending_off timer
11-24 18:50:34.753  1011  1189 D ASH     : @ 195086.941: tcs3701: start power rail timer, state:3
11-24 18:50:34.793  1011  1189 I ASH     : @ 195086.981: tcs3701: stop power rail pending_off timer
11-24 18:50:34.793  1011  1189 D ASH     : @ 195086.981: tcs3701: start power rail timer, state:3
11-24 18:50:34.833  1011  1189 I ASH     : @ 195087.021: tcs3701: stop power rail pending_off timer
11-24 18:50:34.833  1011  1189 D ASH     : @ 195087.021: tcs3701: start power rail timer, state:3
11-24 18:50:34.854 29531 29575 I BatteryMgr:DataCollectionService: stats => 1700848234854,8239,4443,-2746,4169000,100
11-24 18:50:34.873  1011  1189 I ASH     : @ 195087.061: tcs3701: stop power rail pending_off timer
