11-24 18:53:41.199 29531 29575 I BatteryMgr:DataCollectionService: stats => 1700848421198,12512,4443,-2746,4169000,100
11-24 18:53:41.222  1011  1189 I ASH     : @ 195273.410: tcs3701: stop power rail pending_off timer
11-24 18:53:41.222  1011  1189 D ASH     : @ 195273.410: tcs3701: start power rail timer, state:3
11-24 18:53:41.307 29531 29575 I BatteryMgr:DataCollectionService: stats => 1700848421307,12512,4443,-2746,4169000,100
11-24 18:53:41.309  1011  1189 I ASH     : @ 195273.497: tcs3701: stop power rail pending_off timer
11-24 18:53:41.309  1011  1189 D ASH     : @ 195273.497: tcs3701: start power rail timer, state:3
11-24 18:53:41.396  1011  1189 I ASH     : @ 195273.584: tcs3701: stop power rail pending_off timer
11-24 18:53:41.396  1011  1189 D ASH     : @ 195273.584: tcs3701: start power rail timer, state:3
11-24 18:53:41.415 29531 29575 I BatteryMgr:DataCollectionService: stats => 1700848421415,12512,4443,-2746,4169000,100
11-24 18:53:41.482  1011  1189 I ASH     : @ 195273.670: tcs3701: stop power rail pending_off timer
11-24 18:53:41.482  1011  1189 D ASH     : @ 195273.670: tcs3701: start power rail timer, state:3
11-24 18:53:41.522 29531 29575 I BatteryMgr:DataCollectionService: stats => 1700848421522,12512,4443,-2746,4169000,100
11-24 18:53:41.569  1011  1189 I ASH     : @ 195273.757: tcs3701: stop power rail pending_off timer
11-24 18:53:41.569  1011  1189 D ASH     : @ 195273.757: tcs3701: start power rail timer, state:3
11-24 18:53:41.595  1795  3613 D ActivityManager: freezer override set to true
11-24 18:53:41.629 29531 29575 I BatteryMgr:DataCollectionService: stats => 1700848421628,12512,4443,-2746,4169000,100
11-24 18:53:41.656  1011  1189 I ASH     : @ 195273.844: tcs3701: stop power rail pending_off timer
11-24 18:53:41.656  1011  1189 D ASH     : @ 195273.844: tcs3701: start power rail timer, state:3
11-24 18:53:41.692 27939 28367 I m.chrome.canary: Explicit concurrent copying GC freed 3575(176KB) AllocSpace objects, 3(60KB) LOS objects, 75% free, 12MB/50MB, paused 31us,26us total 46.751ms
11-24 18:53:41.736 29531 29575 I BatteryMgr:DataCollectionService: stats => 1700848421736,12512,4443,-2746,4169000,100
11-24 18:53:41.742  1011  1189 I ASH     : @ 195273.930: tcs3701: stop power rail pending_off timer
11-24 18:53:41.742  1011  1189 D ASH     : @ 195273.930: tcs3701: start power rail timer, state:3
11-24 18:53:41.749  1795  1854 D ActivityManager: freezer override set to false
11-24 18:53:41.807  1795  1854 D ActivityManager: freezer override set to true
11-24 18:53:41.811  1795  1854 D ActivityManager: freezer override set to false
11-24 18:53:41.829  1011  1189 I ASH     : @ 195274.017: tcs3701: stop power rail pending_off timer
11-24 18:53:41.829  1011  1189 D ASH     : @ 195274.017: tcs3701: start power rail timer, state:3
11-24 18:53:41.843 29531 29575 I BatteryMgr:DataCollectionService: stats => 1700848421843,12512,4443,-2746,4169000,100
11-24 18:53:41.916  1011  1189 I ASH     : @ 195274.104: tcs3701: stop power rail pending_off timer
11-24 18:53:41.916  1011  1189 D ASH     : @ 195274.104: tcs3701: start power rail timer, state:3
11-24 18:53:41.951 29531 29575 I BatteryMgr:DataCollectionService: stats => 1700848421951,12512,4443,-2746,4169000,100
11-24 18:53:42.002  1011  1189 I ASH     : @ 195274.190: tcs3701: stop power rail pending_off timer
11-24 18:53:42.002  1011  1189 D ASH     : @ 195274.190: tcs3701: start power rail timer, state:3
11-24 18:53:42.060 29531 29575 I BatteryMgr:DataCollectionService: stats => 1700848422060,12512,4443,-2746,4169000,100
11-24 18:53:42.089  1011  1189 I ASH     : @ 195274.277: tcs3701: stop power rail pending_off timer
11-24 18:53:42.090  1011  1189 D ASH     : @ 195274.277: tcs3701: start power rail timer, state:3
11-24 18:53:42.170 29531 29575 I BatteryMgr:DataCollectionService: stats => 1700848422169,12512,4443,-2746,4169000,100
11-24 18:53:42.176  1011  1189 I ASH     : @ 195274.364: tcs3701: stop power rail pending_off timer
11-24 18:53:42.176  1011  1189 D ASH     : @ 195274.364: tcs3701: start power rail timer, state:3
11-24 18:53:42.263  1011  1189 I ASH     : @ 195274.450: tcs3701: stop power rail pending_off timer
11-24 18:53:42.263  1011  1189 D ASH     : @ 195274.450: tcs3701: start power rail timer, state:3
11-24 18:53:42.280 29531 29575 I BatteryMgr:DataCollectionService: stats => 1700848422280,12512,4443,-2746,4169000,100
11-24 18:53:42.349  1011  1189 I ASH     : @ 195274.537: tcs3701: stop power rail pending_off timer
11-24 18:53:42.349  1011  1189 D ASH     : @ 195274.537: tcs3701: start power rail timer, state:3
11-24 18:53:42.388 29531 29575 I BatteryMgr:DataCollectionService: stats => 1700848422388,12512,4443,-2746,4169000,100
11-24 18:53:42.436  1011  1189 I ASH     : @ 195274.624: tcs3701: stop power rail pending_off timer
11-24 18:53:42.436  1011  1189 D ASH     : @ 195274.624: tcs3701: start power rail timer, state:3
11-24 18:53:42.497 29531 29575 I BatteryMgr:DataCollectionService: stats => 1700848422497,12512,4443,-2746,4169000,100
11-24 18:53:42.523  1011  1189 I ASH     : @ 195274.710: tcs3701: stop power rail pending_off timer
11-24 18:53:42.523  1011  1189 D ASH     : @ 195274.710: tcs3701: start power rail timer, state:3
11-24 18:53:42.605 29531 29575 I BatteryMgr:DataCollectionService: stats => 1700848422605,12512,4443,-2746,4169000,100
11-24 18:53:42.609  1011  1189 I ASH     : @ 195274.797: tcs3701: stop power rail pending_off timer
11-24 18:53:42.609  1011  1189 D ASH     : @ 195274.797: tcs3701: start power rail timer, state:3
11-24 18:53:42.678  1795  1854 D ActivityManager: freezer override set to true
11-24 18:53:42.685  1795  1854 D ActivityManager: freezer override set to false
11-24 18:53:42.696  1011  1189 I ASH     : @ 195274.884: tcs3701: stop power rail pending_off timer
11-24 18:53:42.696  1011  1189 D ASH     : @ 195274.884: tcs3701: start power rail timer, state:3
11-24 18:53:42.714 29531 29575 I BatteryMgr:DataCollectionService: stats => 1700848422714,12512,4443,-2746,4169000,100
11-24 18:53:42.782  1011  1189 I ASH     : @ 195274.970: tcs3701: stop power rail pending_off timer
11-24 18:53:42.783  1011  1189 D ASH     : @ 195274.970: tcs3701: start power rail timer, state:3
11-24 18:53:42.822 29531 29575 I BatteryMgr:DataCollectionService: stats => 1700848422822,12512,4443,-2746,4169000,100
11-24 18:53:42.869  1011  1189 I ASH     : @ 195275.057: tcs3701: stop power rail pending_off timer
11-24 18:53:42.869  1011  1189 D ASH     : @ 195275.057: tcs3701: start power rail timer, state:3
11-24 18:53:42.928 29531 29575 I BatteryMgr:DataCollectionService: stats => 1700848422928,12512,4443,-2746,4169000,100
11-24 18:53:42.943  1795  3613 D ActivityManager: freezer override set to true
11-24 18:53:42.956  1011  1189 I ASH     : @ 195275.144: tcs3701: stop power rail pending_off timer
11-24 18:53:42.956  1011  1189 D ASH     : @ 195275.144: tcs3701: start power rail timer, state:3
11-24 18:53:43.031 27939 28367 I m.chrome.canary: Explicit concurrent copying GC freed 3802(191KB) AllocSpace objects, 4(80KB) LOS objects, 75% free, 12MB/50MB, paused 102us,21us total 51.789ms
11-24 18:53:43.035 29531 29575 I BatteryMgr:DataCollectionService: stats => 1700848423035,12512,4443,-2746,4169000,100
11-24 18:53:43.042  1011  1189 I ASH     : @ 195275.230: tcs3701: stop power rail pending_off timer
11-24 18:53:43.042  1011  1189 D ASH     : @ 195275.230: tcs3701: start power rail timer, state:3
11-24 18:53:43.087  1795  3613 D ActivityManager: freezer override set to false
11-24 18:53:43.123  1795  3613 D ActivityManager: freezer override set to true
11-24 18:53:43.126  1795  3613 D ActivityManager: freezer override set to false
11-24 18:53:43.129  1011  1189 I ASH     : @ 195275.317: tcs3701: stop power rail pending_off timer
11-24 18:53:43.129  1011  1189 D ASH     : @ 195275.317: tcs3701: start power rail timer, state:3
11-24 18:53:43.142 29531 29575 I BatteryMgr:DataCollectionService: stats => 1700848423141,12512,4443,-2746,4169000,100
11-24 18:53:43.216  1011  1189 I ASH     : @ 195275.404: tcs3701: stop power rail pending_off timer
11-24 18:53:43.216  1011  1189 D ASH     : @ 195275.404: tcs3701: start power rail timer, state:3
11-24 18:53:43.249 29531 29575 I BatteryMgr:DataCollectionService: stats => 1700848423249,12512,4443,-2746,4169000,100
11-24 18:53:43.302  1011  1189 I ASH     : @ 195275.490: tcs3701: stop power rail pending_off timer
11-24 18:53:43.302  1011  1189 D ASH     : @ 195275.490: tcs3701: start power rail timer, state:3
11-24 18:53:43.357 29531 29575 I BatteryMgr:DataCollectionService: stats => 1700848423357,12512,4443,-2746,4169000,100
11-24 18:53:43.389  1011  1189 I ASH     : @ 195275.577: tcs3701: stop power rail pending_off timer
11-24 18:53:43.389  1011  1189 D ASH     : @ 195275.577: tcs3701: start power rail timer, state:3
11-24 18:53:43.398  1795  2424 D WifiClientModeImpl[13802:wlan0]: updateLinkLayerStatsRssiSpeedFrequencyCapabilities rssi=-47 TxLinkspeed=866 freq=5240 RxLinkSpeed=6
11-24 18:53:43.399  1795  2424 D WifiDataStall: tx tput in kbps: 761640
11-24 18:53:43.399  1795  2424 D WifiDataStall: rx tput in kbps: 801726
11-24 18:53:43.399  1795  2424 V WifiConfigManager: Updating scan detail cache freq=5240 BSSID=f4:6d:2f:12:cc:88 RSSI=-46 for "ourhome"WPA_PSK
11-24 18:53:43.399  1795  2424 D WifiChannelUtilization:  freq: 5240 onTime: 5957669 busyTime: 603441 onTimeDiff: 47710 busyTimeDiff: 3652 utilization: 19 utilization t0: 25
11-24 18:53:43.400  1795  2424 D WifiDataStall:  ccaLevel = 19
11-24 18:53:43.400  1795  2424 D WifiDataStall: L2 txTputKbps: 761640, rxTputKbps: 801726, L3 txTputKbps: 0, rxTputKbps: 0, TxTrafficHigh: false, RxTrafficHigh: false, Throughput Sufficient: true
11-24 18:53:43.400  2673  2739 V WifiManager: OnWifiUsabilityStatsListener: onWifiUsabilityStats: seqNum=57686
11-24 18:53:43.400  1795  2424 D WifiScoreReport: Wifi scoring disabled - Don't check IP layer
11-24 18:53:43.400  1795  2424 D WifiScoreCard: BSSID update SIGNAL_POLL ID: 1320464697 SSID: "ourhome", BSSID: f4:6d:2f:12:cc:88, MAC: b2:2f:ec:da:4a:0c, IP: /192.168.1.104, Security type: 2, Supplicant state: COMPLETED, Wi-Fi standard: 5, RSSI: -47, Link speed: 866Mbps, Tx Link speed: 866Mbps, Max Supported Tx Link speed: 866Mbps, Rx Link speed: 6Mbps, Max Supported Rx Link speed: 866Mbps, Frequency: 5240MHz, Net ID: 12, Metered hint: false, score: 60, isUsable: true, CarrierMerged: false, SubscriptionId: -1, IsPrimary: 1, Trusted: true, Restricted: false, Ephemeral: false, OEM paid: false, OEM private: false, OSU AP: false, FQDN: <none>, Provider friendly name: <none>, Requesting package name: <none>"ourhome"wpa2-pskMLO Information: , Is TID-To-Link negotiation supported by the AP: false, AP MLD Address: <none>, AP MLO Link Id: <none>, AP MLO Affiliated links: <none>
11-24 18:53:43.401  1795  3613 I WifiService: updateWifiUsabilityScore uid=10180 seqNum=57686 score=100 predictionHorizonSec=1441795
11-24 18:53:43.401  1795  2424 D WifiScoreCard: txRate: 1 txSpeed: 866
11-24 18:53:43.401  1795  2424 D WifiScoreCard: network update SIGNAL_POLL "ourhome" ID: 1499892569 RSSI -47 txSpeed -1
11-24 18:53:43.401  2513  3235 V WifiManager: TrafficStateCallbackProxy: onStateChanged state=0
11-24 18:53:43.401  1795  2424 D WifiClientModeImpl[13802:wlan0]:  ClientModeImpl$L2ConnectedState screen=on 29 0 "ourhome" f4:6d:2f:12:cc:88 rssi=-47 f=5240 sc=60 link=866 tx=0.0, 0.0, 0.0 rx=0.0 bcn=1882055 [on:0 tx:0 rx:0 period:3016] from screen [on:1348089 period:43665392] score=60
11-24 18:53:43.402  1795  2424 D WifiScoreReport: Wifi scoring disabled - Notify that Wifi is usable
11-24 18:53:43.405  1795  2432 D ConnectivityService: NetReassign [no changes] [c 0] [a 0] [i 2]
11-24 18:53:43.465 29531 29575 I BatteryMgr:DataCollectionService: stats => 1700848423464,12512,4443,-2746,4169000,100
11-24 18:53:43.476  1011  1189 I ASH     : @ 195275.664: tcs3701: stop power rail pending_off timer
11-24 18:53:43.476  1011  1189 D ASH     : @ 195275.664: tcs3701: start power rail timer, state:3
11-24 18:53:43.563  1011  1189 I ASH     : @ 195275.750: tcs3701: stop power rail pending_off timer
11-24 18:53:43.563  1011  1189 D ASH     : @ 195275.750: tcs3701: start power rail timer, state:3
11-24 18:53:43.573 29531 29575 I BatteryMgr:DataCollectionService: stats => 1700848423573,12512,4443,-2746,4169000,100
11-24 18:53:43.649  1011  1189 I ASH     : @ 195275.837: tcs3701: stop power rail pending_off timer
11-24 18:53:43.649  1011  1189 D ASH     : @ 195275.837: tcs3701: start power rail timer, state:3
11-24 18:53:43.681 29531 29575 I BatteryMgr:DataCollectionService: stats => 1700848423680,12512,4443,-2746,4169000,100
11-24 18:53:43.681  1795  3613 D ActivityManager: freezer override set to true
11-24 18:53:43.687  1795  3613 D ActivityManager: freezer override set to false
11-24 18:53:43.736  1011  1189 I ASH     : @ 195275.924: tcs3701: stop power rail pending_off timer
11-24 18:53:43.736  1011  1189 D ASH     : @ 195275.924: tcs3701: start power rail timer, state:3
11-24 18:53:43.790 29531 29575 I BatteryMgr:DataCollectionService: stats => 1700848423790,12512,4443,-2746,4169000,100
11-24 18:53:43.823  1011  1189 I ASH     : @ 195276.010: tcs3701: stop power rail pending_off timer
11-24 18:53:43.823  1011  1189 D ASH     : @ 195276.010: tcs3701: start power rail timer, state:3
11-24 18:53:43.898 29531 29575 I BatteryMgr:DataCollectionService: stats => 1700848423898,12512,4443,-2746,4169000,100
11-24 18:53:43.909  1011  1189 I ASH     : @ 195276.097: tcs3701: stop power rail pending_off timer
11-24 18:53:43.909  1011  1189 D ASH     : @ 195276.097: tcs3701: start power rail timer, state:3
11-24 18:53:43.996  1011  1189 I ASH     : @ 195276.184: tcs3701: stop power rail pending_off timer
11-24 18:53:43.996  1011  1189 D ASH     : @ 195276.184: tcs3701: start power rail timer, state:3
11-24 18:53:44.008 29531 29575 I BatteryMgr:DataCollectionService: stats => 1700848424007,12512,4443,-2746,4169000,100
11-24 18:53:44.082  1011  1189 I ASH     : @ 195276.270: tcs3701: stop power rail pending_off timer
11-24 18:53:44.083  1011  1189 D ASH     : @ 195276.270: tcs3701: start power rail timer, state:3
11-24 18:53:44.086  1011  1189 D VSC     : @ 195276.274: [Significant Motion] Request motion_detect, interval 18446744027136.0 ms, latency 0.0 ms
11-24 18:53:44.086  1011  1189 D VSC     : @ 195276.274: [Significant Motion] Stop accel
11-24 18:53:44.087  1011  1189 I ASH     : @ 195276.275: tcs3701: stop power rail pending_off timer
11-24 18:53:44.087  1011  1189 D ASH     : @ 195276.275: tcs3701: start power rail timer, state:3
11-24 18:53:44.088  1011  1189 D ASH     : @ 195276.276: SensorType 195 resampler quality 0
11-24 18:53:44.091  1011  1189 D ASH     : @ 195276.279: SensorType 195 resampler quality 1
11-24 18:53:44.115 29531 29575 I BatteryMgr:DataCollectionService: stats => 1700848424114,12512,4443,-2746,4169000,100
11-24 18:53:44.127  1011  1189 I ASH     : @ 195276.315: tcs3701: stop power rail pending_off timer
11-24 18:53:44.127  1011  1189 D ASH     : @ 195276.315: tcs3701: start power rail timer, state:3
11-24 18:53:44.167  1011  1189 I ASH     : @ 195276.355: tcs3701: stop power rail pending_off timer
11-24 18:53:44.167  1011  1189 D ASH     : @ 195276.355: tcs3701: start power rail timer, state:3
11-24 18:53:44.207  1011  1189 I ASH     : @ 195276.395: tcs3701: stop power rail pending_off timer
11-24 18:53:44.207  1011  1189 D ASH     : @ 195276.395: tcs3701: start power rail timer, state:3
11-24 18:53:44.221 29531 29575 I BatteryMgr:DataCollectionService: stats => 1700848424221,12512,4443,-2746,4169000,100
11-24 18:53:44.247  1011  1189 I ASH     : @ 195276.435: tcs3701: stop power rail pending_off timer
11-24 18:53:44.248  1011  1189 D ASH     : @ 195276.435: tcs3701: start power rail timer, state:3
11-24 18:53:44.275  1795  3613 D ActivityManager: freezer override set to true
11-24 18:53:44.288  1011  1189 I ASH     : @ 195276.475: tcs3701: stop power rail pending_off timer
11-24 18:53:44.288  1011  1189 D ASH     : @ 195276.475: tcs3701: start power rail timer, state:3
11-24 18:53:44.327  1011  1189 I ASH     : @ 195276.515: tcs3701: stop power rail pending_off timer
11-24 18:53:44.327  1011  1189 D ASH     : @ 195276.515: tcs3701: start power rail timer, state:3
11-24 18:53:44.328 29531 29575 I BatteryMgr:DataCollectionService: stats => 1700848424328,12512,4443,-2746,4169000,100
11-24 18:53:44.358 27939 28367 I m.chrome.canary: Explicit concurrent copying GC freed 3591(176KB) AllocSpace objects, 3(60KB) LOS objects, 75% free, 12MB/50MB, paused 28us,21us total 44.799ms
11-24 18:53:44.367  1011  1189 I ASH     : @ 195276.555: tcs3701: stop power rail pending_off timer
11-24 18:53:44.367  1011  1189 D ASH     : @ 195276.555: tcs3701: start power rail timer, state:3
11-24 18:53:44.408  1011  1189 I ASH     : @ 195276.595: tcs3701: stop power rail pending_off timer
11-24 18:53:44.408  1011  1189 D ASH     : @ 195276.595: tcs3701: start power rail timer, state:3
11-24 18:53:44.415  1795  3613 D ActivityManager: freezer override set to false
11-24 18:53:44.435 29531 29575 I BatteryMgr:DataCollectionService: stats => 1700848424435,12512,4443,-2746,4169000,100
11-24 18:53:44.447  1011  1189 I ASH     : @ 195276.635: tcs3701: stop power rail pending_off timer
11-24 18:53:44.447  1011  1189 D ASH     : @ 195276.635: tcs3701: start power rail timer, state:3
11-24 18:53:44.469  1795  3613 D ActivityManager: freezer override set to true
11-24 18:53:44.472  1795  3613 D ActivityManager: freezer override set to false
11-24 18:53:44.487  1011  1189 I ASH     : @ 195276.675: tcs3701: stop power rail pending_off timer
11-24 18:53:44.487  1011  1189 D ASH     : @ 195276.675: tcs3701: start power rail timer, state:3
11-24 18:53:44.527  1011  1189 I ASH     : @ 195276.715: tcs3701: stop power rail pending_off timer
11-24 18:53:44.527  1011  1189 D ASH     : @ 195276.715: tcs3701: start power rail timer, state:3
11-24 18:53:44.542 29531 29575 I BatteryMgr:DataCollectionService: stats => 1700848424542,12512,4443,-2746,4169000,100
11-24 18:53:44.568  1011  1189 I ASH     : @ 195276.755: tcs3701: stop power rail pending_off timer
11-24 18:53:44.568  1011  1189 D ASH     : @ 195276.755: tcs3701: start power rail timer, state:3
11-24 18:53:44.607  1011  1189 I ASH     : @ 195276.795: tcs3701: stop power rail pending_off timer
11-24 18:53:44.607  1011  1189 D ASH     : @ 195276.795: tcs3701: start power rail timer, state:3
11-24 18:53:44.648  1011  1189 I ASH     : @ 195276.835: tcs3701: stop power rail pending_off timer
11-24 18:53:44.648  1011  1189 D ASH     : @ 195276.835: tcs3701: start power rail timer, state:3
11-24 18:53:44.650 29531 29575 I BatteryMgr:DataCollectionService: stats => 1700848424650,12512,4443,-2746,4169000,100
11-24 18:53:44.688  1011  1189 I ASH     : @ 195276.875: tcs3701: stop power rail pending_off timer
11-24 18:53:44.688  1011  1189 D ASH     : @ 195276.875: tcs3701: start power rail timer, state:3
11-24 18:53:44.695  1795  3613 D ActivityManager: freezer override set to true
11-24 18:53:44.700  1795  3613 D ActivityManager: freezer override set to false
11-24 18:53:44.727  1011  1189 I ASH     : @ 195276.915: tcs3701: stop power rail pending_off timer
11-24 18:53:44.727  1011  1189 D ASH     : @ 195276.915: tcs3701: start power rail timer, state:3
11-24 18:53:44.759 29531 29575 I BatteryMgr:DataCollectionService: stats => 1700848424759,12512,4443,-2746,4169000,100
11-24 18:53:44.767  1011  1189 I ASH     : @ 195276.955: tcs3701: stop power rail pending_off timer
11-24 18:53:44.767  1011  1189 D ASH     : @ 195276.955: tcs3701: start power rail timer, state:3
11-24 18:53:44.769  1795  2424 D WifiNetworkSelector: Current connected network: 12
11-24 18:53:44.770  1795  2424 V WifiConnectivityManager: No partial scan because firmware roaming is supported.
11-24 18:53:44.770  1795  2424 V WifiConnectivityManager: schedulePeriodicScanTimer intervalMs 20000
11-24 18:53:44.807  1011  1189 I ASH     : @ 195276.995: tcs3701: stop power rail pending_off timer
11-24 18:53:44.807  1011  1189 D ASH     : @ 195276.995: tcs3701: start power rail timer, state:3
11-24 18:53:44.847  1011  1189 I ASH     : @ 195277.035: tcs3701: stop power rail pending_off timer
11-24 18:53:44.847  1011  1189 D ASH     : @ 195277.035: tcs3701: start power rail timer, state:3
11-24 18:53:44.868 29531 29575 I BatteryMgr:DataCollectionService: stats => 1700848424867,12512,4443,-2746,4169000,100
11-24 18:53:44.888  1011  1189 I ASH     : @ 195277.075: tcs3701: stop power rail pending_off timer
11-24 18:53:44.888  1011  1189 D ASH     : @ 195277.075: tcs3701: start power rail timer, state:3
11-24 18:53:44.927  1011  1189 I ASH     : @ 195277.115: tcs3701: stop power rail pending_off timer
11-24 18:53:44.927  1011  1189 D ASH     : @ 195277.115: tcs3701: start power rail timer, state:3
11-24 18:53:44.967  1011  1189 I ASH     : @ 195277.155: tcs3701: stop power rail pending_off timer
11-24 18:53:44.967  1011  1189 D ASH     : @ 195277.155: tcs3701: start power rail timer, state:3
11-24 18:53:44.977 29531 29575 I BatteryMgr:DataCollectionService: stats => 1700848424977,12512,4443,-2746,4169000,100
11-24 18:53:45.007  1011  1189 I ASH     : @ 195277.195: tcs3701: stop power rail pending_off timer
11-24 18:53:45.007  1011  1189 D ASH     : @ 195277.195: tcs3701: start power rail timer, state:3
11-24 18:53:45.047  1011  1189 I ASH     : @ 195277.235: tcs3701: stop power rail pending_off timer
11-24 18:53:45.047  1011  1189 D ASH     : @ 195277.235: tcs3701: start power rail timer, state:3
11-24 18:53:45.086 29531 29575 I BatteryMgr:DataCollectionService: stats => 1700848425086,12512,4443,-2746,4169000,100
11-24 18:53:45.087  1011  1189 I ASH     : @ 195277.275: tcs3701: stop power rail pending_off timer
11-24 18:53:45.087  1011  1189 D ASH     : @ 195277.275: tcs3701: start power rail timer, state:3
11-24 18:53:45.127  1011  1189 I ASH     : @ 195277.315: tcs3701: stop power rail pending_off timer
11-24 18:53:45.127  1011  1189 D ASH     : @ 195277.315: tcs3701: start power rail timer, state:3
11-24 18:53:45.167  1011  1189 I ASH     : @ 195277.355: tcs3701: stop power rail pending_off timer
11-24 18:53:45.167  1011  1189 D ASH     : @ 195277.355: tcs3701: start power rail timer, state:3
11-24 18:53:45.194 29531 29575 I BatteryMgr:DataCollectionService: stats => 1700848425194,12512,4443,-2746,4169000,100
11-24 18:53:45.207  1011  1189 I ASH     : @ 195277.395: tcs3701: stop power rail pending_off timer
11-24 18:53:45.207  1011  1189 D ASH     : @ 195277.395: tcs3701: start power rail timer, state:3
11-24 18:53:45.247  1011  1189 I ASH     : @ 195277.435: tcs3701: stop power rail pending_off timer
11-24 18:53:45.247  1011  1189 D ASH     : @ 195277.435: tcs3701: start power rail timer, state:3
11-24 18:53:45.287  1011  1189 I ASH     : @ 195277.475: tcs3701: stop power rail pending_off timer
11-24 18:53:45.287  1011  1189 D ASH     : @ 195277.475: tcs3701: start power rail timer, state:3
11-24 18:53:45.304 29531 29575 I BatteryMgr:DataCollectionService: stats => 1700848425303,12512,4443,-2746,4169000,100
11-24 18:53:45.327  1011  1189 I ASH     : @ 195277.515: tcs3701: stop power rail pending_off timer
11-24 18:53:45.327  1011  1189 D ASH     : @ 195277.515: tcs3701: start power rail timer, state:3
11-24 18:53:45.367  1011  1189 I ASH     : @ 195277.555: tcs3701: stop power rail pending_off timer
11-24 18:53:45.367  1011  1189 D ASH     : @ 195277.555: tcs3701: start power rail timer, state:3
11-24 18:53:45.407  1011  1189 I ASH     : @ 195277.595: tcs3701: stop power rail pending_off timer
11-24 18:53:45.407  1011  1189 D ASH     : @ 195277.595: tcs3701: start power rail timer, state:3
11-24 18:53:45.413 29531 29575 I BatteryMgr:DataCollectionService: stats => 1700848425412,12512,4443,-2746,4169000,100
11-24 18:53:45.447  1011  1189 I ASH     : @ 195277.635: tcs3701: stop power rail pending_off timer
11-24 18:53:45.447  1011  1189 D ASH     : @ 195277.635: tcs3701: start power rail timer, state:3
11-24 18:53:45.487  1011  1189 I ASH     : @ 195277.675: tcs3701: stop power rail pending_off timer
11-24 18:53:45.487  1011  1189 D ASH     : @ 195277.675: tcs3701: start power rail timer, state:3
11-24 18:53:45.520 29531 29575 I BatteryMgr:DataCollectionService: stats => 1700848425520,12512,4443,-2746,4169000,100
11-24 18:53:45.527  1011  1189 I ASH     : @ 195277.715: tcs3701: stop power rail pending_off timer
11-24 18:53:45.527  1011  1189 D ASH     : @ 195277.715: tcs3701: start power rail timer, state:3
11-24 18:53:45.567  1011  1189 I ASH     : @ 195277.755: tcs3701: stop power rail pending_off timer
11-24 18:53:45.568  1011  1189 D ASH     : @ 195277.755: tcs3701: start power rail timer, state:3
11-24 18:53:45.607  1011  1189 I ASH     : @ 195277.795: tcs3701: stop power rail pending_off timer
11-24 18:53:45.607  1011  1189 D ASH     : @ 195277.795: tcs3701: start power rail timer, state:3
11-24 18:53:45.633 29531 29575 I BatteryMgr:DataCollectionService: stats => 1700848425632,12512,4443,-2746,4169000,100
11-24 18:53:45.639  1795  3613 D ActivityManager: freezer override set to true
11-24 18:53:45.648  1011  1189 I ASH     : @ 195277.835: tcs3701: stop power rail pending_off timer
11-24 18:53:45.648  1011  1189 D ASH     : @ 195277.835: tcs3701: start power rail timer, state:3
11-24 18:53:45.687  1011  1189 I ASH     : @ 195277.875: tcs3701: stop power rail pending_off timer
11-24 18:53:45.688  1011  1189 D ASH     : @ 195277.875: tcs3701: start power rail timer, state:3
11-24 18:53:45.721 27939 28367 I m.chrome.canary: Explicit concurrent copying GC freed 3576(176KB) AllocSpace objects, 3(60KB) LOS objects, 75% free, 12MB/50MB, paused 73us,61us total 46.346ms
11-24 18:53:45.727  1011  1189 I ASH     : @ 195277.915: tcs3701: stop power rail pending_off timer
11-24 18:53:45.727  1011  1189 D ASH     : @ 195277.915: tcs3701: start power rail timer, state:3
11-24 18:53:45.738 29531 29575 I BatteryMgr:DataCollectionService: stats => 1700848425738,12512,4443,-2746,4169000,100
11-24 18:53:45.767  1011  1189 I ASH     : @ 195277.955: tcs3701: stop power rail pending_off timer
11-24 18:53:45.767  1011  1189 D ASH     : @ 195277.955: tcs3701: start power rail timer, state:3
11-24 18:53:45.785  1795  1854 D ActivityManager: freezer override set to false
11-24 18:53:45.807  1011  1189 I ASH     : @ 195277.995: tcs3701: stop power rail pending_off timer
11-24 18:53:45.807  1011  1189 D ASH     : @ 195277.995: tcs3701: start power rail timer, state:3
11-24 18:53:45.826  1795  1854 D ActivityManager: freezer override set to true
11-24 18:53:45.830  1795  1854 D ActivityManager: freezer override set to false
11-24 18:53:45.845 29531 29575 I BatteryMgr:DataCollectionService: stats => 1700848425845,12512,4443,-2746,4169000,100
11-24 18:53:45.847  1011  1189 I ASH     : @ 195278.035: tcs3701: stop power rail pending_off timer
11-24 18:53:45.847  1011  1189 D ASH     : @ 195278.035: tcs3701: start power rail timer, state:3
11-24 18:53:45.888  1011  1189 I ASH     : @ 195278.075: tcs3701: stop power rail pending_off timer
11-24 18:53:45.888  1011  1189 D ASH     : @ 195278.075: tcs3701: start power rail timer, state:3
11-24 18:53:45.927  1011  1189 I ASH     : @ 195278.115: tcs3701: stop power rail pending_off timer
11-24 18:53:45.927  1011  1189 D ASH     : @ 195278.115: tcs3701: start power rail timer, state:3
11-24 18:53:45.955 29531 29575 I BatteryMgr:DataCollectionService: stats => 1700848425955,12512,4443,-2746,4169000,100
11-24 18:53:45.968  1011  1189 I ASH     : @ 195278.155: tcs3701: stop power rail pending_off timer
11-24 18:53:45.968  1011  1189 D ASH     : @ 195278.155: tcs3701: start power rail timer, state:3
11-24 18:53:46.007  1011  1189 I ASH     : @ 195278.195: tcs3701: stop power rail pending_off timer
11-24 18:53:46.007  1011  1189 D ASH     : @ 195278.195: tcs3701: start power rail timer, state:3
11-24 18:53:46.048  1011  1189 I ASH     : @ 195278.235: tcs3701: stop power rail pending_off timer
11-24 18:53:46.048  1011  1189 D ASH     : @ 195278.235: tcs3701: start power rail timer, state:3
11-24 18:53:46.064 29531 29575 I BatteryMgr:DataCollectionService: stats => 1700848426064,12512,4443,-2746,4169000,100
11-24 18:53:46.088  1011  1189 I ASH     : @ 195278.275: tcs3701: stop power rail pending_off timer
11-24 18:53:46.088  1011  1189 D ASH     : @ 195278.275: tcs3701: start power rail timer, state:3
11-24 18:53:46.127  1011  1189 I ASH     : @ 195278.315: tcs3701: stop power rail pending_off timer
11-24 18:53:46.127  1011  1189 D ASH     : @ 195278.315: tcs3701: start power rail timer, state:3
11-24 18:53:46.167  1011  1189 I ASH     : @ 195278.355: tcs3701: stop power rail pending_off timer
11-24 18:53:46.167  1011  1189 D ASH     : @ 195278.355: tcs3701: start power rail timer, state:3
11-24 18:53:46.172 29531 29575 I BatteryMgr:DataCollectionService: stats => 1700848426172,12512,4443,-2746,4169000,100
11-24 18:53:46.207  1011  1189 I ASH     : @ 195278.395: tcs3701: stop power rail pending_off timer
11-24 18:53:46.207  1011  1189 D ASH     : @ 195278.395: tcs3701: start power rail timer, state:3
11-24 18:53:46.247  1011  1189 I ASH     : @ 195278.435: tcs3701: stop power rail pending_off timer
11-24 18:53:46.247  1011  1189 D ASH     : @ 195278.435: tcs3701: start power rail timer, state:3
11-24 18:53:46.281 29531 29575 I BatteryMgr:DataCollectionService: stats => 1700848426281,12512,4443,-2746,4169000,100
11-24 18:53:46.287  1011  1189 I ASH     : @ 195278.475: tcs3701: stop power rail pending_off timer
11-24 18:53:46.287  1011  1189 D ASH     : @ 195278.475: tcs3701: start power rail timer, state:3
11-24 18:53:46.327  1011  1189 I ASH     : @ 195278.515: tcs3701: stop power rail pending_off timer
11-24 18:53:46.327  1011  1189 D ASH     : @ 195278.515: tcs3701: start power rail timer, state:3
11-24 18:53:46.367  1011  1189 I ASH     : @ 195278.555: tcs3701: stop power rail pending_off timer
11-24 18:53:46.368  1011  1189 D ASH     : @ 195278.555: tcs3701: start power rail timer, state:3
11-24 18:53:46.391 29531 29575 I BatteryMgr:DataCollectionService: stats => 1700848426391,12512,4443,-2746,4169000,100
11-24 18:53:46.407  1011  1189 I ASH     : @ 195278.595: tcs3701: stop power rail pending_off timer
11-24 18:53:46.407  1011  1189 D ASH     : @ 195278.595: tcs3701: start power rail timer, state:3
11-24 18:53:46.413  1795  2424 D WifiClientModeImpl[13802:wlan0]: updateLinkLayerStatsRssiSpeedFrequencyCapabilities rssi=-47 TxLinkspeed=866 freq=5240 RxLinkSpeed=6
11-24 18:53:46.414  1795  2424 D WifiDataStall: tx tput in kbps: 761640
11-24 18:53:46.414  1795  2424 D WifiDataStall: rx tput in kbps: 801726
11-24 18:53:46.414  1795  2424 V WifiConfigManager: Updating scan detail cache freq=5240 BSSID=f4:6d:2f:12:cc:88 RSSI=-46 for "ourhome"WPA_PSK
11-24 18:53:46.415  1795  2424 D WifiChannelUtilization:  freq: 5240 onTime: 5957669 busyTime: 603441 onTimeDiff: 47710 busyTimeDiff: 3652 utilization: 19 utilization t0: 25
11-24 18:53:46.415  1795  2424 D WifiDataStall:  ccaLevel = 19
11-24 18:53:46.415  1795  2424 D WifiDataStall: L2 txTputKbps: 761640, rxTputKbps: 801726, L3 txTputKbps: 0, rxTputKbps: 0, TxTrafficHigh: false, RxTrafficHigh: false, Throughput Sufficient: true
11-24 18:53:46.415  1795  2424 D WifiScoreReport: Wifi scoring disabled - Don't check IP layer
11-24 18:53:46.415  2673  2739 V WifiManager: OnWifiUsabilityStatsListener: onWifiUsabilityStats: seqNum=57687
11-24 18:53:46.415  1795  2424 D WifiScoreCard: BSSID update SIGNAL_POLL ID: 1320464697 SSID: "ourhome", BSSID: f4:6d:2f:12:cc:88, MAC: b2:2f:ec:da:4a:0c, IP: /192.168.1.104, Security type: 2, Supplicant state: COMPLETED, Wi-Fi standard: 5, RSSI: -47, Link speed: 866Mbps, Tx Link speed: 866Mbps, Max Supported Tx Link speed: 866Mbps, Rx Link speed: 6Mbps, Max Supported Rx Link speed: 866Mbps, Frequency: 5240MHz, Net ID: 12, Metered hint: false, score: 60, isUsable: true, CarrierMerged: false, SubscriptionId: -1, IsPrimary: 1, Trusted: true, Restricted: false, Ephemeral: false, OEM paid: false, OEM private: false, OSU AP: false, FQDN: <none>, Provider friendly name: <none>, Requesting package name: <none>"ourhome"wpa2-pskMLO Information: , Is TID-To-Link negotiation supported by the AP: false, AP MLD Address: <none>, AP MLO Link Id: <none>, AP MLO Affiliated links: <none>
11-24 18:53:46.415  1795  2424 D WifiScoreCard: txRate: 1 txSpeed: 866
11-24 18:53:46.415  1795  2424 D WifiScoreCard: network update SIGNAL_POLL "ourhome" ID: 1499892569 RSSI -47 txSpeed -1
11-24 18:53:46.416  1795  2424 D WifiClientModeImpl[13802:wlan0]:  ClientModeImpl$L2ConnectedState screen=on 29 0 "ourhome" f4:6d:2f:12:cc:88 rssi=-47 f=5240 sc=60 link=866 tx=0.0, 0.0, 0.0 rx=0.0 bcn=1882084 [on:0 tx:0 rx:0 period:3015] from screen [on:1348089 period:43668407] score=60
11-24 18:53:46.416  1795  1854 I WifiService: updateWifiUsabilityScore uid=10180 seqNum=57687 score=100 predictionHorizonSec=1441795
11-24 18:53:46.417  1795  2424 D WifiScoreReport: Wifi scoring disabled - Notify that Wifi is usable
11-24 18:53:46.420  1795  2432 D ConnectivityService: NetReassign [no changes] [c 0] [a 0] [i 2]
11-24 18:53:46.447  1011  1189 I ASH     : @ 195278.635: tcs3701: stop power rail pending_off timer
11-24 18:53:46.447  1011  1189 D ASH     : @ 195278.635: tcs3701: start power rail timer, state:3
11-24 18:53:46.487  1011  1189 I ASH     : @ 195278.675: tcs3701: stop power rail pending_off timer
11-24 18:53:46.487  1011  1189 D ASH     : @ 195278.675: tcs3701: start power rail timer, state:3
11-24 18:53:46.497 29531 29575 I BatteryMgr:DataCollectionService: stats => 1700848426497,12512,4443,-2746,4169000,100
11-24 18:53:46.527  1011  1189 I ASH     : @ 195278.715: tcs3701: stop power rail pending_off timer
11-24 18:53:46.527  1011  1189 D ASH     : @ 195278.715: tcs3701: start power rail timer, state:3
11-24 18:53:46.567  1011  1189 I ASH     : @ 195278.755: tcs3701: stop power rail pending_off timer
11-24 18:53:46.567  1011  1189 D ASH     : @ 195278.755: tcs3701: start power rail timer, state:3
11-24 18:53:46.605 29531 29575 I BatteryMgr:DataCollectionService: stats => 1700848426605,12512,4443,-2746,4169000,100
11-24 18:53:46.607  1011  1189 I ASH     : @ 195278.795: tcs3701: stop power rail pending_off timer
11-24 18:53:46.607  1011  1189 D ASH     : @ 195278.795: tcs3701: start power rail timer, state:3
11-24 18:53:46.647  1011  1189 I ASH     : @ 195278.835: tcs3701: stop power rail pending_off timer
11-24 18:53:46.647  1011  1189 D ASH     : @ 195278.835: tcs3701: start power rail timer, state:3
11-24 18:53:46.687  1011  1189 I ASH     : @ 195278.875: tcs3701: stop power rail pending_off timer
11-24 18:53:46.687  1011  1189 D ASH     : @ 195278.875: tcs3701: start power rail timer, state:3
11-24 18:53:46.697  1795  3613 D ActivityManager: freezer override set to true
11-24 18:53:46.702  1795  3613 D ActivityManager: freezer override set to false
11-24 18:53:46.712 29531 29575 I BatteryMgr:DataCollectionService: stats => 1700848426712,12512,4443,-2746,4169000,100
11-24 18:53:46.727  1011  1189 I ASH     : @ 195278.915: tcs3701: stop power rail pending_off timer
11-24 18:53:46.727  1011  1189 D ASH     : @ 195278.915: tcs3701: start power rail timer, state:3
11-24 18:53:46.767  1011  1189 I ASH     : @ 195278.955: tcs3701: stop power rail pending_off timer
11-24 18:53:46.767  1011  1189 D ASH     : @ 195278.955: tcs3701: start power rail timer, state:3
11-24 18:53:46.807  1011  1189 I ASH     : @ 195278.995: tcs3701: stop power rail pending_off timer
11-24 18:53:46.807  1011  1189 D ASH     : @ 195278.995: tcs3701: start power rail timer, state:3
11-24 18:53:46.820 29531 29575 I BatteryMgr:DataCollectionService: stats => 1700848426820,12512,4443,-2746,4169000,100
11-24 18:53:46.847  1011  1189 I ASH     : @ 195279.035: tcs3701: stop power rail pending_off timer
11-24 18:53:46.848  1011  1189 D ASH     : @ 195279.035: tcs3701: start power rail timer, state:3
11-24 18:53:46.887  1011  1189 I ASH     : @ 195279.075: tcs3701: stop power rail pending_off timer
11-24 18:53:46.887  1011  1189 D ASH     : @ 195279.075: tcs3701: start power rail timer, state:3
11-24 18:53:46.927 29531 29575 I BatteryMgr:DataCollectionService: stats => 1700848426927,12512,4443,-2746,4169000,100
11-24 18:53:46.928  1011  1189 I ASH     : @ 195279.115: tcs3701: stop power rail pending_off timer
11-24 18:53:46.928  1011  1189 D ASH     : @ 195279.115: tcs3701: start power rail timer, state:3
11-24 18:53:46.968  1011  1189 I ASH     : @ 195279.155: tcs3701: stop power rail pending_off timer
11-24 18:53:46.968  1011  1189 D ASH     : @ 195279.155: tcs3701: start power rail timer, state:3
11-24 18:53:46.984  1795  3613 D ActivityManager: freezer override set to true
11-24 18:53:47.007  1011  1189 I ASH     : @ 195279.195: tcs3701: stop power rail pending_off timer
11-24 18:53:47.007  1011  1189 D ASH     : @ 195279.195: tcs3701: start power rail timer, state:3
11-24 18:53:47.034 29531 29575 I BatteryMgr:DataCollectionService: stats => 1700848427034,12512,4443,-2746,4169000,100
11-24 18:53:47.047  1011  1189 I ASH     : @ 195279.235: tcs3701: stop power rail pending_off timer
11-24 18:53:47.047  1011  1189 D ASH     : @ 195279.235: tcs3701: start power rail timer, state:3
11-24 18:53:47.072 27939 28367 I m.chrome.canary: Explicit concurrent copying GC freed 3803(191KB) AllocSpace objects, 4(80KB) LOS objects, 75% free, 12MB/50MB, paused 163us,20us total 51.309ms
11-24 18:53:47.087  1011  1189 I ASH     : @ 195279.275: tcs3701: stop power rail pending_off timer
11-24 18:53:47.087  1011  1189 D ASH     : @ 195279.275: tcs3701: start power rail timer, state:3
11-24 18:53:47.127  1011  1189 I ASH     : @ 195279.315: tcs3701: stop power rail pending_off timer
11-24 18:53:47.127  1011  1189 D ASH     : @ 195279.315: tcs3701: start power rail timer, state:3
11-24 18:53:47.130  1795  3613 D ActivityManager: freezer override set to false
11-24 18:53:47.139 29531 29575 I BatteryMgr:DataCollectionService: stats => 1700848427139,12512,4443,-2746,4169000,100
11-24 18:53:47.167  1011  1189 I ASH     : @ 195279.355: tcs3701: stop power rail pending_off timer
11-24 18:53:47.167  1011  1189 D ASH     : @ 195279.355: tcs3701: start power rail timer, state:3
11-24 18:53:47.173  1795  3613 D ActivityManager: freezer override set to true
11-24 18:53:47.176  1795  3613 D ActivityManager: freezer override set to false
11-24 18:53:47.207  1011  1189 I ASH     : @ 195279.395: tcs3701: stop power rail pending_off timer
11-24 18:53:47.207  1011  1189 D ASH     : @ 195279.395: tcs3701: start power rail timer, state:3
11-24 18:53:47.246 29531 29575 I BatteryMgr:DataCollectionService: stats => 1700848427246,12512,4443,-2746,4169000,100
11-24 18:53:47.247  1011  1189 I ASH     : @ 195279.435: tcs3701: stop power rail pending_off timer
11-24 18:53:47.247  1011  1189 D ASH     : @ 195279.435: tcs3701: start power rail timer, state:3
11-24 18:53:47.287  1011  1189 I ASH     : @ 195279.475: tcs3701: stop power rail pending_off timer
11-24 18:53:47.287  1011  1189 D ASH     : @ 195279.475: tcs3701: start power rail timer, state:3
11-24 18:53:47.327  1011  1189 I ASH     : @ 195279.515: tcs3701: stop power rail pending_off timer
11-24 18:53:47.328  1011  1189 D ASH     : @ 195279.515: tcs3701: start power rail timer, state:3
11-24 18:53:47.355 29531 29575 I BatteryMgr:DataCollectionService: stats => 1700848427355,12512,4443,-2746,4169000,100
11-24 18:53:47.367  1011  1189 I ASH     : @ 195279.555: tcs3701: stop power rail pending_off timer
11-24 18:53:47.367  1011  1189 D ASH     : @ 195279.555: tcs3701: start power rail timer, state:3
11-24 18:53:47.407  1011  1189 I ASH     : @ 195279.595: tcs3701: stop power rail pending_off timer
11-24 18:53:47.407  1011  1189 D ASH     : @ 195279.595: tcs3701: start power rail timer, state:3
11-24 18:53:47.447  1011  1189 I ASH     : @ 195279.635: tcs3701: stop power rail pending_off timer
11-24 18:53:47.447  1011  1189 D ASH     : @ 195279.635: tcs3701: start power rail timer, state:3
11-24 18:53:47.463 29531 29575 I BatteryMgr:DataCollectionService: stats => 1700848427463,12512,4443,-2746,4169000,100
11-24 18:53:47.487  1011  1189 I ASH     : @ 195279.675: tcs3701: stop power rail pending_off timer
11-24 18:53:47.487  1011  1189 D ASH     : @ 195279.675: tcs3701: start power rail timer, state:3
11-24 18:53:47.527  1011  1189 I ASH     : @ 195279.715: tcs3701: stop power rail pending_off timer
11-24 18:53:47.527  1011  1189 D ASH     : @ 195279.715: tcs3701: start power rail timer, state:3
11-24 18:53:47.567  1011  1189 I ASH     : @ 195279.755: tcs3701: stop power rail pending_off timer
11-24 18:53:47.567  1011  1189 D ASH     : @ 195279.755: tcs3701: start power rail timer, state:3
11-24 18:53:47.571 29531 29575 I BatteryMgr:DataCollectionService: stats => 1700848427571,12512,4443,-2746,4169000,100
11-24 18:53:47.608  1011  1189 I ASH     : @ 195279.795: tcs3701: stop power rail pending_off timer
11-24 18:53:47.608  1011  1189 D ASH     : @ 195279.795: tcs3701: start power rail timer, state:3
11-24 18:53:47.647  1011  1189 I ASH     : @ 195279.835: tcs3701: stop power rail pending_off timer
11-24 18:53:47.647  1011  1189 D ASH     : @ 195279.835: tcs3701: start power rail timer, state:3
11-24 18:53:47.680 29531 29575 I BatteryMgr:DataCollectionService: stats => 1700848427680,12512,4443,-2746,4169000,100
11-24 18:53:47.687  1795  3613 D ActivityManager: freezer override set to true
11-24 18:53:47.687  1011  1189 I ASH     : @ 195279.875: tcs3701: stop power rail pending_off timer
11-24 18:53:47.687  1011  1189 D ASH     : @ 195279.875: tcs3701: start power rail timer, state:3
11-24 18:53:47.692  1795  3613 D ActivityManager: freezer override set to false
11-24 18:53:47.727  1011  1189 I ASH     : @ 195279.915: tcs3701: stop power rail pending_off timer
11-24 18:53:47.727  1011  1189 D ASH     : @ 195279.915: tcs3701: start power rail timer, state:3
11-24 18:53:47.768  1011  1189 I ASH     : @ 195279.955: tcs3701: stop power rail pending_off timer
11-24 18:53:47.768  1011  1189 D ASH     : @ 195279.955: tcs3701: start power rail timer, state:3
11-24 18:53:47.791 29531 29575 I BatteryMgr:DataCollectionService: stats => 1700848427791,12512,4443,-2746,4169000,100
11-24 18:53:47.807  1011  1189 I ASH     : @ 195279.995: tcs3701: stop power rail pending_off timer
11-24 18:53:47.808  1011  1189 D ASH     : @ 195279.995: tcs3701: start power rail timer, state:3
11-24 18:53:47.847  1011  1189 I ASH     : @ 195280.035: tcs3701: stop power rail pending_off timer
11-24 18:53:47.848  1011  1189 D ASH     : @ 195280.035: tcs3701: start power rail timer, state:3
11-24 18:53:47.887  1011  1189 I ASH     : @ 195280.075: tcs3701: stop power rail pending_off timer
11-24 18:53:47.887  1011  1189 D ASH     : @ 195280.075: tcs3701: start power rail timer, state:3
11-24 18:53:47.900 29531 29575 I BatteryMgr:DataCollectionService: stats => 1700848427900,12512,4443,-2746,4169000,100
11-24 18:53:47.928  1011  1189 I ASH     : @ 195280.115: tcs3701: stop power rail pending_off timer
11-24 18:53:47.928  1011  1189 D ASH     : @ 195280.115: tcs3701: start power rail timer, state:3
11-24 18:53:47.967  1011  1189 I ASH     : @ 195280.155: tcs3701: stop power rail pending_off timer
11-24 18:53:47.967  1011  1189 D ASH     : @ 195280.155: tcs3701: start power rail timer, state:3
11-24 18:53:48.007  1011  1189 I ASH     : @ 195280.195: tcs3701: stop power rail pending_off timer
11-24 18:53:48.007  1011  1189 D ASH     : @ 195280.195: tcs3701: start power rail timer, state:3
11-24 18:53:48.008 29531 29575 I BatteryMgr:DataCollectionService: stats => 1700848428008,12512,4443,-2746,4169000,100
11-24 18:53:48.047  1011  1189 I ASH     : @ 195280.235: tcs3701: stop power rail pending_off timer
11-24 18:53:48.047  1011  1189 D ASH     : @ 195280.235: tcs3701: start power rail timer, state:3
11-24 18:53:48.087  1011  1189 I ASH     : @ 195280.275: tcs3701: stop power rail pending_off timer
11-24 18:53:48.087  1011  1189 D ASH     : @ 195280.275: tcs3701: start power rail timer, state:3
11-24 18:53:48.117 29531 29575 I BatteryMgr:DataCollectionService: stats => 1700848428117,12512,4443,-2746,4169000,100
11-24 18:53:48.127  1011  1189 I ASH     : @ 195280.315: tcs3701: stop power rail pending_off timer
11-24 18:53:48.127  1011  1189 D ASH     : @ 195280.315: tcs3701: start power rail timer, state:3
11-24 18:53:48.167  1011  1189 I ASH     : @ 195280.355: tcs3701: stop power rail pending_off timer
11-24 18:53:48.167  1011  1189 D ASH     : @ 195280.355: tcs3701: start power rail timer, state:3
11-24 18:53:48.207  1011  1189 I ASH     : @ 195280.395: tcs3701: stop power rail pending_off timer
11-24 18:53:48.207  1011  1189 D ASH     : @ 195280.395: tcs3701: start power rail timer, state:3
11-24 18:53:48.226 29531 29575 I BatteryMgr:DataCollectionService: stats => 1700848428226,12512,4443,-2746,4169000,100
11-24 18:53:48.247  1011  1189 I ASH     : @ 195280.435: tcs3701: stop power rail pending_off timer
11-24 18:53:48.247  1011  1189 D ASH     : @ 195280.435: tcs3701: start power rail timer, state:3
11-24 18:53:48.287  1011  1189 I ASH     : @ 195280.475: tcs3701: stop power rail pending_off timer
11-24 18:53:48.287  1011  1189 D ASH     : @ 195280.475: tcs3701: start power rail timer, state:3
11-24 18:53:48.309  1795  3613 D ActivityManager: freezer override set to true
11-24 18:53:48.327  1011  1189 I ASH     : @ 195280.515: tcs3701: stop power rail pending_off timer
11-24 18:53:48.327  1011  1189 D ASH     : @ 195280.515: tcs3701: start power rail timer, state:3
11-24 18:53:48.332 29531 29575 I BatteryMgr:DataCollectionService: stats => 1700848428332,12512,4443,-2746,4169000,100
11-24 18:53:48.367  1011  1189 I ASH     : @ 195280.555: tcs3701: stop power rail pending_off timer
11-24 18:53:48.367  1011  1189 D ASH     : @ 195280.555: tcs3701: start power rail timer, state:3
11-24 18:53:48.390 27939 28367 I m.chrome.canary: Explicit concurrent copying GC freed 3590(176KB) AllocSpace objects, 3(60KB) LOS objects, 75% free, 12MB/50MB, paused 28us,21us total 44.186ms
11-24 18:53:48.408  1011  1189 I ASH     : @ 195280.595: tcs3701: stop power rail pending_off timer
11-24 18:53:48.408  1011  1189 D ASH     : @ 195280.595: tcs3701: start power rail timer, state:3
11-24 18:53:48.439 29531 29575 I BatteryMgr:DataCollectionService: stats => 1700848428438,12512,4443,-2746,4169000,100
11-24 18:53:48.446  1795  3613 D ActivityManager: freezer override set to false
11-24 18:53:48.447  1011  1189 I ASH     : @ 195280.635: tcs3701: stop power rail pending_off timer
11-24 18:53:48.447  1011  1189 D ASH     : @ 195280.635: tcs3701: start power rail timer, state:3
11-24 18:53:48.487  1011  1189 I ASH     : @ 195280.675: tcs3701: stop power rail pending_off timer
11-24 18:53:48.487  1011  1189 D ASH     : @ 195280.675: tcs3701: start power rail timer, state:3
11-24 18:53:48.501  1795  3613 D ActivityManager: freezer override set to true
11-24 18:53:48.504  1795  3613 D ActivityManager: freezer override set to false
11-24 18:53:48.527  1011  1189 I ASH     : @ 195280.715: tcs3701: stop power rail pending_off timer
11-24 18:53:48.527  1011  1189 D ASH     : @ 195280.715: tcs3701: start power rail timer, state:3
11-24 18:53:48.544 29531 29575 I BatteryMgr:DataCollectionService: stats => 1700848428544,12512,4443,-2746,4169000,100
11-24 18:53:48.567  1011  1189 I ASH     : @ 195280.755: tcs3701: stop power rail pending_off timer
11-24 18:53:48.567  1011  1189 D ASH     : @ 195280.755: tcs3701: start power rail timer, state:3
11-24 18:53:48.607  1011  1189 I ASH     : @ 195280.795: tcs3701: stop power rail pending_off timer
11-24 18:53:48.607  1011  1189 D ASH     : @ 195280.795: tcs3701: start power rail timer, state:3
11-24 18:53:48.647  1011  1189 I ASH     : @ 195280.835: tcs3701: stop power rail pending_off timer
11-24 18:53:48.647  1011  1189 D ASH     : @ 195280.835: tcs3701: start power rail timer, state:3
11-24 18:53:48.651 29531 29575 I BatteryMgr:DataCollectionService: stats => 1700848428651,12512,4443,-2746,4169000,100
11-24 18:53:48.687  1011  1189 I ASH     : @ 195280.875: tcs3701: stop power rail pending_off timer
11-24 18:53:48.687  1011  1189 D ASH     : @ 195280.875: tcs3701: start power rail timer, state:3
11-24 18:53:48.688  1795  3613 D ActivityManager: freezer override set to true
11-24 18:53:48.697  1795  3613 D ActivityManager: freezer override set to false
11-24 18:53:48.727  1011  1189 I ASH     : @ 195280.915: tcs3701: stop power rail pending_off timer
11-24 18:53:48.727  1011  1189 D ASH     : @ 195280.915: tcs3701: start power rail timer, state:3
11-24 18:53:48.759 29531 29575 I BatteryMgr:DataCollectionService: stats => 1700848428759,12512,4443,-2746,4169000,100
11-24 18:53:48.767  1011  1189 I ASH     : @ 195280.955: tcs3701: stop power rail pending_off timer
11-24 18:53:48.767  1011  1189 D ASH     : @ 195280.955: tcs3701: start power rail timer, state:3
11-24 18:53:48.807  1011  1189 I ASH     : @ 195280.995: tcs3701: stop power rail pending_off timer
11-24 18:53:48.807  1011  1189 D ASH     : @ 195280.995: tcs3701: start power rail timer, state:3
11-24 18:53:48.847  1011  1189 I ASH     : @ 195281.035: tcs3701: stop power rail pending_off timer
11-24 18:53:48.847  1011  1189 D ASH     : @ 195281.035: tcs3701: start power rail timer, state:3
11-24 18:53:48.867 29531 29575 I BatteryMgr:DataCollectionService: stats => 1700848428867,12512,4443,-2746,4169000,100
11-24 18:53:48.888  1011  1189 I ASH     : @ 195281.075: tcs3701: stop power rail pending_off timer
11-24 18:53:48.888  1011  1189 D ASH     : @ 195281.075: tcs3701: start power rail timer, state:3
11-24 18:53:48.927  1011  1189 I ASH     : @ 195281.115: tcs3701: stop power rail pending_off timer
11-24 18:53:48.927  1011  1189 D ASH     : @ 195281.115: tcs3701: start power rail timer, state:3
11-24 18:53:48.967  1011  1189 I ASH     : @ 195281.155: tcs3701: stop power rail pending_off timer
