11-26 20:24:32.335  1011  1189 D ASH     : @ 373524.507: tcs3701: start power rail timer, state:3
11-26 20:24:32.350  8427  8469 I BatteryMgr:DataCollectionService: stats => 1701026672350,11291,4448,2136,4169000,100
11-26 20:24:32.376  1011  1189 I ASH     : @ 373524.547: tcs3701: stop power rail pending_off timer
11-26 20:24:32.376  1011  1189 D ASH     : @ 373524.547: tcs3701: start power rail timer, state:3
11-26 20:24:32.415  1011  1189 I ASH     : @ 373524.587: tcs3701: stop power rail pending_off timer
11-26 20:24:32.415  1011  1189 D ASH     : @ 373524.587: tcs3701: start power rail timer, state:3
11-26 20:24:32.454  8427  8469 I BatteryMgr:DataCollectionService: stats => 1701026672454,11291,4448,2136,4169000,100
11-26 20:24:32.455  1011  1189 I ASH     : @ 373524.627: tcs3701: stop power rail pending_off timer
11-26 20:24:32.455  1011  1189 D ASH     : @ 373524.627: tcs3701: start power rail timer, state:3
11-26 20:24:32.481 30370 30430 W chromium: [WARNING:ev_root_ca_metadata.cc(119)] Not implemented
11-26 20:24:32.481 30370 30430 W chromium: [WARNING:ev_root_ca_metadata.cc(119)] Not implemented
11-26 20:24:32.496  1011  1189 I ASH     : @ 373524.667: tcs3701: stop power rail pending_off timer
11-26 20:24:32.496  1011  1189 D ASH     : @ 373524.667: tcs3701: start power rail timer, state:3
11-26 20:24:32.535  1011  1189 I ASH     : @ 373524.707: tcs3701: stop power rail pending_off timer
11-26 20:24:32.535  1011  1189 D ASH     : @ 373524.707: tcs3701: start power rail timer, state:3
11-26 20:24:32.559  8427  8469 I BatteryMgr:DataCollectionService: stats => 1701026672559,11291,4448,2136,4169000,100
11-26 20:24:32.576  1011  1189 I ASH     : @ 373524.747: tcs3701: stop power rail pending_off timer
11-26 20:24:32.576  1011  1189 D ASH     : @ 373524.747: tcs3701: start power rail timer, state:3
11-26 20:24:32.593 30370 30379 W m.chrome.canary: Cleared Reference was only reachable from finalizer (only reported once)
11-26 20:24:32.616  1011  1189 I ASH     : @ 373524.787: tcs3701: stop power rail pending_off timer
11-26 20:24:32.616  1011  1189 D ASH     : @ 373524.788: tcs3701: start power rail timer, state:3
11-26 20:24:32.655  1011  1189 I ASH     : @ 373524.827: tcs3701: stop power rail pending_off timer
11-26 20:24:32.655  1011  1189 D ASH     : @ 373524.827: tcs3701: start power rail timer, state:3
11-26 20:24:32.665  8427  8469 I BatteryMgr:DataCollectionService: stats => 1701026672665,11291,4448,2136,4169000,100
11-26 20:24:32.672  1795  4165 D ActivityManager: freezer override set to true
11-26 20:24:32.695  1011  1189 I ASH     : @ 373524.867: tcs3701: stop power rail pending_off timer
11-26 20:24:32.696  1011  1189 D ASH     : @ 373524.867: tcs3701: start power rail timer, state:3
11-26 20:24:32.735  1011  1189 I ASH     : @ 373524.907: tcs3701: stop power rail pending_off timer
11-26 20:24:32.735  1011  1189 D ASH     : @ 373524.907: tcs3701: start power rail timer, state:3
11-26 20:24:32.769  8427  8469 I BatteryMgr:DataCollectionService: stats => 1701026672769,11291,4448,2136,4169000,100
11-26 20:24:32.773 26741 26741 E AbstractGmsTracer: Traced class shouldn't be obfuscated: GmsBoundBrokerChimeraService [CONTEXT service_id=259 ]
11-26 20:24:32.773 26741 26741 D BoundBrokerSvc: onBind: Intent { act=com.google.android.gms.common.BIND_SHARED_PREFS pkg=com.google.android.gms }
11-26 20:24:32.773 26741 26741 D BoundBrokerSvc: Loading bound service for intent: Intent { act=com.google.android.gms.common.BIND_SHARED_PREFS pkg=com.google.android.gms }
11-26 20:24:32.774 26741 26741 E AbstractGmsTracer: Traced class shouldn't be obfuscated: SharedPreferencesBoundService [CONTEXT service_id=259 ]
11-26 20:24:32.776  1011  1189 I ASH     : @ 373524.947: tcs3701: stop power rail pending_off timer
11-26 20:24:32.776  1011  1189 D ASH     : @ 373524.947: tcs3701: start power rail timer, state:3
11-26 20:24:32.777 26741 26741 D BoundBrokerSvc: onUnbind: Intent { act=com.google.android.gms.common.BIND_SHARED_PREFS pkg=com.google.android.gms }
11-26 20:24:32.815  1011  1189 I ASH     : @ 373524.987: tcs3701: stop power rail pending_off timer
11-26 20:24:32.815  1011  1189 D ASH     : @ 373524.987: tcs3701: start power rail timer, state:3
11-26 20:24:32.827 30370 30383 I m.chrome.canary: Explicit concurrent copying GC freed 523766(10MB) AllocSpace objects, 1(20KB) LOS objects, 75% free, 11MB/46MB, paused 89us,28us total 54.779ms
11-26 20:24:32.856  1011  1189 I ASH     : @ 373525.027: tcs3701: stop power rail pending_off timer
11-26 20:24:32.856  1011  1189 D ASH     : @ 373525.027: tcs3701: start power rail timer, state:3
11-26 20:24:32.877  8427  8469 I BatteryMgr:DataCollectionService: stats => 1701026672877,11291,4448,2136,4169000,100
11-26 20:24:32.894  1795  4165 D ActivityManager: freezer override set to false
11-26 20:24:32.895  1011  1189 I ASH     : @ 373525.067: tcs3701: stop power rail pending_off timer
11-26 20:24:32.895  1011  1189 D ASH     : @ 373525.067: tcs3701: start power rail timer, state:3
11-26 20:24:32.936  1011  1189 I ASH     : @ 373525.107: tcs3701: stop power rail pending_off timer
11-26 20:24:32.936  1011  1189 D ASH     : @ 373525.107: tcs3701: start power rail timer, state:3
11-26 20:24:32.948  1795  4165 D ActivityManager: freezer override set to true
11-26 20:24:32.950  1795  4165 D ActivityManager: freezer override set to false
11-26 20:24:32.975  1011  1189 I ASH     : @ 373525.147: tcs3701: stop power rail pending_off timer
11-26 20:24:32.975  1011  1189 D ASH     : @ 373525.147: tcs3701: start power rail timer, state:3
11-26 20:24:32.979  1795  4165 D ActivityManager: freezer override set to true
11-26 20:24:32.981  8427  8469 I BatteryMgr:DataCollectionService: stats => 1701026672981,11291,4448,2136,4169000,100
11-26 20:24:32.983  1795  4165 D ActivityManager: freezer override set to false
11-26 20:24:32.985  1795  4165 D ActivityManager: freezer override set to true
11-26 20:24:32.987  1795  4165 D ActivityManager: freezer override set to false
11-26 20:24:33.015  1011  1189 I ASH     : @ 373525.187: tcs3701: stop power rail pending_off timer
11-26 20:24:33.015  1011  1189 D ASH     : @ 373525.187: tcs3701: start power rail timer, state:3
11-26 20:24:33.055  1011  1189 I ASH     : @ 373525.227: tcs3701: stop power rail pending_off timer
11-26 20:24:33.055  1011  1189 D ASH     : @ 373525.227: tcs3701: start power rail timer, state:3
11-26 20:24:33.085  8427  8469 I BatteryMgr:DataCollectionService: stats => 1701026673085,11291,4448,2136,4169000,100
11-26 20:24:33.096  1011  1189 I ASH     : @ 373525.267: tcs3701: stop power rail pending_off timer
11-26 20:24:33.096  1011  1189 D ASH     : @ 373525.267: tcs3701: start power rail timer, state:3
11-26 20:24:33.136  1011  1189 I ASH     : @ 373525.307: tcs3701: stop power rail pending_off timer
11-26 20:24:33.136  1011  1189 D ASH     : @ 373525.307: tcs3701: start power rail timer, state:3
11-26 20:24:33.175  1011  1189 I ASH     : @ 373525.347: tcs3701: stop power rail pending_off timer
11-26 20:24:33.176  1011  1189 D ASH     : @ 373525.347: tcs3701: start power rail timer, state:3
11-26 20:24:33.189  8427  8469 I BatteryMgr:DataCollectionService: stats => 1701026673189,11291,4448,2136,4169000,100
11-26 20:24:33.215  1011  1189 I ASH     : @ 373525.387: tcs3701: stop power rail pending_off timer
11-26 20:24:33.215  1011  1189 D ASH     : @ 373525.387: tcs3701: start power rail timer, state:3
11-26 20:24:33.255  1011  1189 I ASH     : @ 373525.427: tcs3701: stop power rail pending_off timer
11-26 20:24:33.255  1011  1189 D ASH     : @ 373525.427: tcs3701: start power rail timer, state:3
11-26 20:24:33.294  8427  8469 I BatteryMgr:DataCollectionService: stats => 1701026673294,11291,4448,2136,4169000,100
11-26 20:24:33.295  1011  1189 I ASH     : @ 373525.467: tcs3701: stop power rail pending_off timer
11-26 20:24:33.295  1011  1189 D ASH     : @ 373525.467: tcs3701: start power rail timer, state:3
11-26 20:24:33.308  2113  2118 I pixel-thermal: skin-therm-monitor: 38.484
11-26 20:24:33.336  1011  1189 I ASH     : @ 373525.507: tcs3701: stop power rail pending_off timer
11-26 20:24:33.336  1011  1189 D ASH     : @ 373525.507: tcs3701: start power rail timer, state:3
11-26 20:24:33.375  1011  1189 I ASH     : @ 373525.547: tcs3701: stop power rail pending_off timer
11-26 20:24:33.375  1011  1189 D ASH     : @ 373525.547: tcs3701: start power rail timer, state:3
11-26 20:24:33.398  8427  8469 I BatteryMgr:DataCollectionService: stats => 1701026673398,11291,4448,2136,4169000,100
11-26 20:24:33.415  1011  1189 I ASH     : @ 373525.587: tcs3701: stop power rail pending_off timer
11-26 20:24:33.415  1011  1189 D ASH     : @ 373525.587: tcs3701: start power rail timer, state:3
11-26 20:24:33.431  8549  8575 I native  : I0000 00:00:1701026673.431459    8575 device_profile_database_helpers.cc:563] Found nothing for mTS_ld
11-26 20:24:33.431  8549  8575 I native  : I0000 00:00:1701026673.431603    8575 device_profile_database_helpers.cc:563] Found nothing for redfin/redfin
11-26 20:24:33.431  8549  8575 I native  : I0000 00:00:1701026673.431627    8575 device_profile_database_helpers.cc:550] Considering b4SrL5:11
11-26 20:24:33.431  8549  8575 I native  : I0000 00:00:1701026673.431646    8575 device_profile_database_helpers.cc:509] Device profile for google/redfin/redfin:13/TQ3A.230901.001/10750268:user/release-keys: b4SrL5:11
11-26 20:24:33.442  1011  1189 I VSC     : @ 373525.614: {Fusion} configure fusion 15 16666us 0us.
11-26 20:24:33.442  1011  1189 D VSC     : @ 373525.614: [Game Rotation Vector Sensor] Request accel, interval 16.6 ms, latency 0.0 ms
11-26 20:24:33.443  1011  1189 D VSC     : @ 373525.615: [Game Rotation Vector Sensor] Request gyro, interval 5.0 ms, latency 0.0 ms
11-26 20:24:33.456  1011  1189 I ASH     : @ 373525.627: tcs3701: stop power rail pending_off timer
11-26 20:24:33.456  1011  1189 D ASH     : @ 373525.627: tcs3701: start power rail timer, state:3
11-26 20:24:33.457  1011  1189 D ASH     : @ 373525.629: SensorType 1 resampler quality 3
11-26 20:24:33.462  1011  1189 D ASH     : @ 373525.633: SensorType 1 resampler quality 2
11-26 20:24:33.462  1011  1189 D ASH     : @ 373525.633: SensorType 195 resampler quality 1
11-26 20:24:33.495  1011  1189 I ASH     : @ 373525.667: tcs3701: stop power rail pending_off timer
11-26 20:24:33.495  1011  1189 D ASH     : @ 373525.667: tcs3701: start power rail timer, state:3
11-26 20:24:33.502  8427  8469 I BatteryMgr:DataCollectionService: stats => 1701026673502,11291,4448,2136,4169000,100
11-26 20:24:33.533 30456 30479 I AdrenoVK-0: QUALCOMM build          : 4783c89, I46ff5fc46f
11-26 20:24:33.533 30456 30479 I AdrenoVK-0: Build Date              : 11/30/20
11-26 20:24:33.533 30456 30479 I AdrenoVK-0: Shader Compiler Version : EV031.31.04.01
11-26 20:24:33.533 30456 30479 I AdrenoVK-0: Local Branch            : QPR2
11-26 20:24:33.533 30456 30479 I AdrenoVK-0: Remote Branch           : 
11-26 20:24:33.533 30456 30479 I AdrenoVK-0: Remote Branch           : 
11-26 20:24:33.533 30456 30479 I AdrenoVK-0: Reconstruct Branch      : 
11-26 20:24:33.533 30456 30479 I AdrenoVK-0: Build Config            : S P 10.0.4 AArch64
11-26 20:24:33.533 30456 30479 I AdrenoVK-0: Driver Path             : /vendor/lib64/hw/vulkan.adreno.so
11-26 20:24:33.536  1011  1189 I ASH     : @ 373525.707: tcs3701: stop power rail pending_off timer
11-26 20:24:33.536  1011  1189 D ASH     : @ 373525.707: tcs3701: start power rail timer, state:3
11-26 20:24:33.575  1011  1189 I ASH     : @ 373525.747: tcs3701: stop power rail pending_off timer
11-26 20:24:33.575  1011  1189 D ASH     : @ 373525.747: tcs3701: start power rail timer, state:3
11-26 20:24:33.607  8427  8469 I BatteryMgr:DataCollectionService: stats => 1701026673607,11291,4448,2136,4169000,100
11-26 20:24:33.616  1011  1189 I ASH     : @ 373525.787: tcs3701: stop power rail pending_off timer
11-26 20:24:33.616  1011  1189 D ASH     : @ 373525.788: tcs3701: start power rail timer, state:3
11-26 20:24:33.655  1011  1189 I ASH     : @ 373525.827: tcs3701: stop power rail pending_off timer
11-26 20:24:33.655  1011  1189 D ASH     : @ 373525.827: tcs3701: start power rail timer, state:3
11-26 20:24:33.678 30370 30429 W chromium: [WARNING:ev_root_ca_metadata.cc(119)] Not implemented
11-26 20:24:33.695 30370 30434 W chromium: [WARNING:ev_root_ca_metadata.cc(119)] Not implemented
11-26 20:24:33.695 30370 30430 W chromium: [WARNING:ev_root_ca_metadata.cc(119)] Not implemented
11-26 20:24:33.696 30370 30430 W chromium: [WARNING:ev_root_ca_metadata.cc(119)] Not implemented
11-26 20:24:33.696  1011  1189 I ASH     : @ 373525.867: tcs3701: stop power rail pending_off timer
11-26 20:24:33.696  1011  1189 D ASH     : @ 373525.868: tcs3701: start power rail timer, state:3
11-26 20:24:33.713 30370 30430 W chromium: [WARNING:ev_root_ca_metadata.cc(119)] Not implemented
11-26 20:24:33.713 30370 30430 W chromium: [WARNING:ev_root_ca_metadata.cc(119)] Not implemented
11-26 20:24:33.713 30370 30429 W chromium: [WARNING:ev_root_ca_metadata.cc(119)] Not implemented
11-26 20:24:33.715  8427  8469 I BatteryMgr:DataCollectionService: stats => 1701026673715,11291,4448,2136,4169000,100
11-26 20:24:33.736  1011  1189 I ASH     : @ 373525.907: tcs3701: stop power rail pending_off timer
11-26 20:24:33.737  1011  1189 D ASH     : @ 373525.907: tcs3701: start power rail timer, state:3
11-26 20:24:33.739 30370 30429 W chromium: [WARNING:ev_root_ca_metadata.cc(119)] Not implemented
11-26 20:24:33.761 30370 30430 W chromium: [WARNING:ev_root_ca_metadata.cc(119)] Not implemented
11-26 20:24:33.776  1011  1189 I ASH     : @ 373525.947: tcs3701: stop power rail pending_off timer
11-26 20:24:33.776  1011  1189 D ASH     : @ 373525.947: tcs3701: start power rail timer, state:3
11-26 20:24:33.815  1011  1189 I ASH     : @ 373525.987: tcs3701: stop power rail pending_off timer
11-26 20:24:33.815  1011  1189 D ASH     : @ 373525.987: tcs3701: start power rail timer, state:3
11-26 20:24:33.820  8427  8469 I BatteryMgr:DataCollectionService: stats => 1701026673820,11291,4448,2136,4169000,100
11-26 20:24:33.855  1011  1189 I ASH     : @ 373526.027: tcs3701: stop power rail pending_off timer
11-26 20:24:33.855  1011  1189 D ASH     : @ 373526.027: tcs3701: start power rail timer, state:3
11-26 20:24:33.895  1011  1189 I ASH     : @ 373526.067: tcs3701: stop power rail pending_off timer
11-26 20:24:33.895  1011  1189 D ASH     : @ 373526.067: tcs3701: start power rail timer, state:3
11-26 20:24:33.924  8427  8469 I BatteryMgr:DataCollectionService: stats => 1701026673924,11291,4448,2136,4169000,100
11-26 20:24:33.935  1011  1189 I ASH     : @ 373526.107: tcs3701: stop power rail pending_off timer
11-26 20:24:33.935  1011  1189 D ASH     : @ 373526.107: tcs3701: start power rail timer, state:3
11-26 20:24:33.975  1011  1189 I ASH     : @ 373526.147: tcs3701: stop power rail pending_off timer
11-26 20:24:33.975  1011  1189 D ASH     : @ 373526.147: tcs3701: start power rail timer, state:3
11-26 20:24:33.976  1795  4165 D ActivityManager: freezer override set to true
11-26 20:24:33.983  1795  4165 D ActivityManager: freezer override set to false
11-26 20:24:34.015  1011  1189 I ASH     : @ 373526.187: tcs3701: stop power rail pending_off timer
11-26 20:24:34.015  1011  1189 D ASH     : @ 373526.187: tcs3701: start power rail timer, state:3
11-26 20:24:34.029  8427  8469 I BatteryMgr:DataCollectionService: stats => 1701026674029,11291,4448,2136,4169000,100
11-26 20:24:34.055  1011  1189 I ASH     : @ 373526.227: tcs3701: stop power rail pending_off timer
11-26 20:24:34.055  1011  1189 D ASH     : @ 373526.227: tcs3701: start power rail timer, state:3
11-26 20:24:34.095  1011  1189 I ASH     : @ 373526.267: tcs3701: stop power rail pending_off timer
11-26 20:24:34.095  1011  1189 D ASH     : @ 373526.267: tcs3701: start power rail timer, state:3
11-26 20:24:34.135  1011  1189 I ASH     : @ 373526.307: tcs3701: stop power rail pending_off timer
11-26 20:24:34.135  1011  1189 D ASH     : @ 373526.307: tcs3701: start power rail timer, state:3
11-26 20:24:34.139  8427  8469 I BatteryMgr:DataCollectionService: stats => 1701026674138,11291,4448,2136,4169000,100
11-26 20:24:34.164  1795  2467 D ActivityManager: freezer override set to true
11-26 20:24:34.175  1011  1189 I ASH     : @ 373526.347: tcs3701: stop power rail pending_off timer
11-26 20:24:34.175  1011  1189 D ASH     : @ 373526.347: tcs3701: start power rail timer, state:3
11-26 20:24:34.215  1011  1189 I ASH     : @ 373526.387: tcs3701: stop power rail pending_off timer
11-26 20:24:34.215  1011  1189 D ASH     : @ 373526.387: tcs3701: start power rail timer, state:3
11-26 20:24:34.249  8427  8469 I BatteryMgr:DataCollectionService: stats => 1701026674249,11291,4448,2136,4169000,100
11-26 20:24:34.255  1011  1189 I ASH     : @ 373526.427: tcs3701: stop power rail pending_off timer
11-26 20:24:34.255  1011  1189 D ASH     : @ 373526.427: tcs3701: start power rail timer, state:3
11-26 20:24:34.287  1795  2424 D WifiClientModeImpl[13802:wlan0]: updateLinkLayerStatsRssiSpeedFrequencyCapabilities rssi=-47 TxLinkspeed=780 freq=5240 RxLinkSpeed=866
11-26 20:24:34.288  1795  2424 D WifiDataStall: tx tput in kbps: 523331
11-26 20:24:34.288  1795  2424 D WifiDataStall: rx tput in kbps: 764515
11-26 20:24:34.288  1795  2424 V WifiConfigManager: Updating scan detail cache freq=5240 BSSID=f4:6d:2f:12:cc:88 RSSI=-44 for "ourhome"WPA_PSK
11-26 20:24:34.288  1795  2424 D WifiChannelUtilization:  freq: 5240 onTime: 10285294 busyTime: 933910 onTimeDiff: 637438 busyTimeDiff: 77424 utilization: 30 utilization t0: 23
11-26 20:24:34.288  1795  2424 D WifiDataStall:  ccaLevel = 30
11-26 20:24:34.288  1795  2424 D WifiDataStall: L2 txTputKbps: 626620, rxTputKbps: 764515, L3 txTputKbps: 71, rxTputKbps: 198, TxTrafficHigh: true, RxTrafficHigh: true, Throughput Sufficient: true
11-26 20:24:34.288  1795  2424 D WifiScoreReport: Wifi scoring disabled - Don't check IP layer
11-26 20:24:34.288  2673  4313 V WifiManager: OnWifiUsabilityStatsListener: onWifiUsabilityStats: seqNum=95341
11-26 20:24:34.288  1795  2424 D WifiScoreCard: BSSID update SIGNAL_POLL ID: 1320464697 SSID: "ourhome", BSSID: f4:6d:2f:12:cc:88, MAC: b2:2f:ec:da:4a:0c, IP: /192.168.1.104, Security type: 2, Supplicant state: COMPLETED, Wi-Fi standard: 5, RSSI: -47, Link speed: 780Mbps, Tx Link speed: 780Mbps, Max Supported Tx Link speed: 866Mbps, Rx Link speed: 866Mbps, Max Supported Rx Link speed: 866Mbps, Frequency: 5240MHz, Net ID: 12, Metered hint: false, score: 60, isUsable: true, CarrierMerged: false, SubscriptionId: -1, IsPrimary: 1, Trusted: true, Restricted: false, Ephemeral: false, OEM paid: false, OEM private: false, OSU AP: false, FQDN: <none>, Provider friendly name: <none>, Requesting package name: <none>"ourhome"wpa2-pskMLO Information: , Is TID-To-Link negotiation supported by the AP: false, AP MLD Address: <none>, AP MLO Link Id: <none>, AP MLO Affiliated links: <none>
11-26 20:24:34.288  1795  2424 D WifiScoreCard: txRate: 33 txSpeed: 780
11-26 20:24:34.288  1795  2424 D WifiScoreCard: network update SIGNAL_POLL "ourhome" ID: 1499892569 RSSI -47 txSpeed 780
11-26 20:24:34.288  2782  5906 D QCNEJ/WlanStaInfoRelay: Received action: android.net.wifi.RSSI_CHANGED
11-26 20:24:34.289  1795  2424 D WifiClientModeImpl[13802:wlan0]:  ClientModeImpl$L2ConnectedState screen=on 37 0 "ourhome" f4:6d:2f:12:cc:88 rssi=-47 f=5240 sc=60 link=780 tx=28.2, 4.5, 0.0 rx=16.7 bcn=3533483 [on:1183 tx:16 rx:8 period:3013] from screen [on:649313 period:14239575] score=60
11-26 20:24:34.290  1795  3634 I WifiService: updateWifiUsabilityScore uid=10180 seqNum=95341 score=100 predictionHorizonSec=1441795
11-26 20:24:34.291  1795  2424 D WifiScoreReport: Wifi scoring disabled - Notify that Wifi is usable
11-26 20:24:34.293  1795  2432 D ConnectivityService: NetReassign [no changes] [c 0] [a 0] [i 2]
11-26 20:24:34.296  1011  1189 I ASH     : @ 373526.467: tcs3701: stop power rail pending_off timer
11-26 20:24:34.296  1011  1189 D ASH     : @ 373526.467: tcs3701: start power rail timer, state:3
11-26 20:24:34.335  1011  1189 I ASH     : @ 373526.507: tcs3701: stop power rail pending_off timer
11-26 20:24:34.335  1011  1189 D ASH     : @ 373526.507: tcs3701: start power rail timer, state:3
11-26 20:24:34.354  8427  8469 I BatteryMgr:DataCollectionService: stats => 1701026674354,9155,4448,2136,4169000,100
11-26 20:24:34.375  1011  1189 I ASH     : @ 373526.547: tcs3701: stop power rail pending_off timer
11-26 20:24:34.375  1011  1189 D ASH     : @ 373526.547: tcs3701: start power rail timer, state:3
11-26 20:24:34.403 30370 30383 I m.chrome.canary: Explicit concurrent copying GC freed 946356(17MB) AllocSpace objects, 2(40KB) LOS objects, 75% free, 14MB/57MB, paused 183us,105us total 119.793ms
11-26 20:24:34.416  1011  1189 I ASH     : @ 373526.587: tcs3701: stop power rail pending_off timer
11-26 20:24:34.416  1011  1189 D ASH     : @ 373526.587: tcs3701: start power rail timer, state:3
11-26 20:24:34.456  1011  1189 I ASH     : @ 373526.627: tcs3701: stop power rail pending_off timer
11-26 20:24:34.456  1011  1189 D ASH     : @ 373526.627: tcs3701: start power rail timer, state:3
11-26 20:24:34.463  8427  8469 I BatteryMgr:DataCollectionService: stats => 1701026674463,9155,4448,2136,4169000,100
11-26 20:24:34.495  1011  1189 I ASH     : @ 373526.667: tcs3701: stop power rail pending_off timer
11-26 20:24:34.495  1011  1189 D ASH     : @ 373526.667: tcs3701: start power rail timer, state:3
11-26 20:24:34.535  1011  1189 I ASH     : @ 373526.707: tcs3701: stop power rail pending_off timer
11-26 20:24:34.536  1011  1189 D ASH     : @ 373526.707: tcs3701: start power rail timer, state:3
11-26 20:24:34.569  8427  8469 I BatteryMgr:DataCollectionService: stats => 1701026674569,9155,4448,2136,4169000,100
11-26 20:24:34.575  1011  1189 I ASH     : @ 373526.747: tcs3701: stop power rail pending_off timer
11-26 20:24:34.575  1011  1189 D ASH     : @ 373526.747: tcs3701: start power rail timer, state:3
11-26 20:24:34.589  1795  2467 D ActivityManager: freezer override set to false
11-26 20:24:34.615  1011  1189 I ASH     : @ 373526.787: tcs3701: stop power rail pending_off timer
11-26 20:24:34.615  1011  1189 D ASH     : @ 373526.787: tcs3701: start power rail timer, state:3
11-26 20:24:34.655  1011  1189 I ASH     : @ 373526.827: tcs3701: stop power rail pending_off timer
11-26 20:24:34.655  1011  1189 D ASH     : @ 373526.827: tcs3701: start power rail timer, state:3
11-26 20:24:34.679  8427  8469 I BatteryMgr:DataCollectionService: stats => 1701026674679,9155,4448,2136,4169000,100
11-26 20:24:34.695  1011  1189 I ASH     : @ 373526.867: tcs3701: stop power rail pending_off timer
11-26 20:24:34.695  1011  1189 D ASH     : @ 373526.867: tcs3701: start power rail timer, state:3
11-26 20:24:34.697  1795  4165 D ActivityManager: freezer override set to true
11-26 20:24:34.702  1795  4165 D ActivityManager: freezer override set to false
11-26 20:24:34.735  1011  1189 I ASH     : @ 373526.907: tcs3701: stop power rail pending_off timer
11-26 20:24:34.735  1011  1189 D ASH     : @ 373526.907: tcs3701: start power rail timer, state:3
11-26 20:24:34.775  1011  1189 I ASH     : @ 373526.947: tcs3701: stop power rail pending_off timer
11-26 20:24:34.775  1011  1189 D ASH     : @ 373526.947: tcs3701: start power rail timer, state:3
11-26 20:24:34.787  8427  8469 I BatteryMgr:DataCollectionService: stats => 1701026674787,9155,4448,2136,4169000,100
11-26 20:24:34.797  1795  4165 D ActivityManager: freezer override set to true
11-26 20:24:34.809  1795  4165 D ActivityManager: freezer override set to false
11-26 20:24:34.816  1011  1189 I ASH     : @ 373526.987: tcs3701: stop power rail pending_off timer
11-26 20:24:34.816  1011  1189 D ASH     : @ 373526.987: tcs3701: start power rail timer, state:3
11-26 20:24:34.855  1011  1189 I ASH     : @ 373527.027: tcs3701: stop power rail pending_off timer
11-26 20:24:34.855  1011  1189 D ASH     : @ 373527.027: tcs3701: start power rail timer, state:3
11-26 20:24:34.894  8427  8469 I BatteryMgr:DataCollectionService: stats => 1701026674894,9155,4448,2136,4169000,100
11-26 20:24:34.895  1011  1189 I ASH     : @ 373527.067: tcs3701: stop power rail pending_off timer
11-26 20:24:34.895  1011  1189 D ASH     : @ 373527.067: tcs3701: start power rail timer, state:3
11-26 20:24:34.935  1011  1189 I ASH     : @ 373527.107: tcs3701: stop power rail pending_off timer
11-26 20:24:34.935  1011  1189 D ASH     : @ 373527.107: tcs3701: start power rail timer, state:3
11-26 20:24:34.975  1011  1189 I ASH     : @ 373527.147: tcs3701: stop power rail pending_off timer
11-26 20:24:34.975  1011  1189 D ASH     : @ 373527.147: tcs3701: start power rail timer, state:3
11-26 20:24:35.001  8427  8469 I BatteryMgr:DataCollectionService: stats => 1701026675001,9155,4448,2136,4169000,100
11-26 20:24:35.015  1011  1189 I ASH     : @ 373527.187: tcs3701: stop power rail pending_off timer
11-26 20:24:35.015  1011  1189 D ASH     : @ 373527.187: tcs3701: start power rail timer, state:3
11-26 20:24:35.049  1795  2467 D ActivityManager: freezer override set to true
11-26 20:24:35.058  1011  1189 I ASH     : @ 373527.227: tcs3701: stop power rail pending_off timer
11-26 20:24:35.058  1011  1189 D ASH     : @ 373527.227: tcs3701: start power rail timer, state:3
11-26 20:24:35.074  1795  2467 D ActivityManager: freezer override set to false
11-26 20:24:35.095  1011  1189 I ASH     : @ 373527.267: tcs3701: stop power rail pending_off timer
11-26 20:24:35.095  1011  1189 D ASH     : @ 373527.267: tcs3701: start power rail timer, state:3
11-26 20:24:35.104  8427  8469 I BatteryMgr:DataCollectionService: stats => 1701026675104,9155,4448,2136,4169000,100
11-26 20:24:35.137  1011  1189 I ASH     : @ 373527.307: tcs3701: stop power rail pending_off timer
11-26 20:24:35.137  1011  1189 D ASH     : @ 373527.307: tcs3701: start power rail timer, state:3
11-26 20:24:35.176  1011  1189 I ASH     : @ 373527.347: tcs3701: stop power rail pending_off timer
11-26 20:24:35.176  1011  1189 D ASH     : @ 373527.347: tcs3701: start power rail timer, state:3
11-26 20:24:35.215  8427  8469 I BatteryMgr:DataCollectionService: stats => 1701026675215,9155,4448,2136,4169000,100
11-26 20:24:35.215  1011  1189 I ASH     : @ 373527.387: tcs3701: stop power rail pending_off timer
11-26 20:24:35.215  1011  1189 D ASH     : @ 373527.387: tcs3701: start power rail timer, state:3
11-26 20:24:35.255  1011  1189 I ASH     : @ 373527.427: tcs3701: stop power rail pending_off timer
11-26 20:24:35.256  1011  1189 D ASH     : @ 373527.428: tcs3701: start power rail timer, state:3
11-26 20:24:35.295  1011  1189 I ASH     : @ 373527.467: tcs3701: stop power rail pending_off timer
11-26 20:24:35.295  1011  1189 D ASH     : @ 373527.467: tcs3701: start power rail timer, state:3
11-26 20:24:35.311  2113  2118 I pixel-thermal: skin-therm-monitor: 38.477
11-26 20:24:35.321  8427  8469 I BatteryMgr:DataCollectionService: stats => 1701026675321,9155,4448,2136,4169000,100
11-26 20:24:35.335  1011  1189 I ASH     : @ 373527.507: tcs3701: stop power rail pending_off timer
11-26 20:24:35.336  1011  1189 D ASH     : @ 373527.508: tcs3701: start power rail timer, state:3
11-26 20:24:35.376  1011  1189 I ASH     : @ 373527.547: tcs3701: stop power rail pending_off timer
11-26 20:24:35.376  1011  1189 D ASH     : @ 373527.547: tcs3701: start power rail timer, state:3
11-26 20:24:35.417  1011  1189 I ASH     : @ 373527.587: tcs3701: stop power rail pending_off timer
11-26 20:24:35.417  1011  1189 D ASH     : @ 373527.588: tcs3701: start power rail timer, state:3
11-26 20:24:35.424  8427  8469 I BatteryMgr:DataCollectionService: stats => 1701026675424,9155,4448,2136,4169000,100
11-26 20:24:35.455  1011  1189 I ASH     : @ 373527.627: tcs3701: stop power rail pending_off timer
11-26 20:24:35.455  1011  1189 D ASH     : @ 373527.627: tcs3701: start power rail timer, state:3
11-26 20:24:35.459 30370 30370 D CompatibilityChangeReporter: Compat change id reported: 194532703; UID 10010; state: ENABLED
11-26 20:24:35.460  1795  2467 D CompatibilityChangeReporter: Compat change id reported: 194532703; UID 10010; state: ENABLED
11-26 20:24:35.484 30370 30370 I cr_omaha: Scheduled using JobService
11-26 20:24:35.485 30370 30370 E cr_BkgrdTaskJS: Tried finishing non-current BackgroundTask.
11-26 20:24:35.496  1011  1189 I ASH     : @ 373527.667: tcs3701: stop power rail pending_off timer
11-26 20:24:35.496  1011  1189 D ASH     : @ 373527.667: tcs3701: start power rail timer, state:3
11-26 20:24:35.530  8427  8469 I BatteryMgr:DataCollectionService: stats => 1701026675529,9155,4448,2136,4169000,100
11-26 20:24:35.535  1011  1189 I ASH     : @ 373527.707: tcs3701: stop power rail pending_off timer
11-26 20:24:35.535  1011  1189 D ASH     : @ 373527.707: tcs3701: start power rail timer, state:3
11-26 20:24:35.575  1011  1189 I ASH     : @ 373527.747: tcs3701: stop power rail pending_off timer
11-26 20:24:35.575  1011  1189 D ASH     : @ 373527.747: tcs3701: start power rail timer, state:3
11-26 20:24:35.615  1011  1189 I ASH     : @ 373527.787: tcs3701: stop power rail pending_off timer
11-26 20:24:35.615  1011  1189 D ASH     : @ 373527.787: tcs3701: start power rail timer, state:3
11-26 20:24:35.635  8427  8469 I BatteryMgr:DataCollectionService: stats => 1701026675635,9155,4448,2136,4169000,100
11-26 20:24:35.655  1011  1189 I ASH     : @ 373527.827: tcs3701: stop power rail pending_off timer
11-26 20:24:35.655  1011  1189 D ASH     : @ 373527.827: tcs3701: start power rail timer, state:3
11-26 20:24:35.695  1011  1189 I ASH     : @ 373527.867: tcs3701: stop power rail pending_off timer
11-26 20:24:35.695  1011  1189 D ASH     : @ 373527.867: tcs3701: start power rail timer, state:3
11-26 20:24:35.735  1011  1189 I ASH     : @ 373527.907: tcs3701: stop power rail pending_off timer
11-26 20:24:35.735  1011  1189 D ASH     : @ 373527.907: tcs3701: start power rail timer, state:3
11-26 20:24:35.754  8427  8469 I BatteryMgr:DataCollectionService: stats => 1701026675754,9155,4448,2136,4169000,100
11-26 20:24:35.775  1011  1189 I ASH     : @ 373527.947: tcs3701: stop power rail pending_off timer
11-26 20:24:35.775  1011  1189 D ASH     : @ 373527.947: tcs3701: start power rail timer, state:3
11-26 20:24:35.815  1011  1189 I ASH     : @ 373527.987: tcs3701: stop power rail pending_off timer
11-26 20:24:35.815  1011  1189 D ASH     : @ 373527.987: tcs3701: start power rail timer, state:3
11-26 20:24:35.855  1011  1189 I ASH     : @ 373528.027: tcs3701: stop power rail pending_off timer
11-26 20:24:35.855  1011  1189 D ASH     : @ 373528.027: tcs3701: start power rail timer, state:3
11-26 20:24:35.858  8427  8469 I BatteryMgr:DataCollectionService: stats => 1701026675858,9155,4448,2136,4169000,100
11-26 20:24:35.896  1011  1189 I ASH     : @ 373528.067: tcs3701: stop power rail pending_off timer
11-26 20:24:35.896  1011  1189 D ASH     : @ 373528.067: tcs3701: start power rail timer, state:3
11-26 20:24:35.935  1011  1189 I ASH     : @ 373528.107: tcs3701: stop power rail pending_off timer
11-26 20:24:35.935  1011  1189 D ASH     : @ 373528.107: tcs3701: start power rail timer, state:3
11-26 20:24:35.963  8427  8469 I BatteryMgr:DataCollectionService: stats => 1701026675962,9155,4448,2136,4169000,100
11-26 20:24:35.975  1011  1189 I ASH     : @ 373528.147: tcs3701: stop power rail pending_off timer
11-26 20:24:35.976  1011  1189 D ASH     : @ 373528.147: tcs3701: start power rail timer, state:3
11-26 20:24:36.015  1011  1189 I ASH     : @ 373528.187: tcs3701: stop power rail pending_off timer
11-26 20:24:36.015  1011  1189 D ASH     : @ 373528.187: tcs3701: start power rail timer, state:3
11-26 20:24:36.055  1011  1189 I ASH     : @ 373528.227: tcs3701: stop power rail pending_off timer
11-26 20:24:36.055  1011  1189 D ASH     : @ 373528.227: tcs3701: start power rail timer, state:3
11-26 20:24:36.066  8427  8469 I BatteryMgr:DataCollectionService: stats => 1701026676066,9155,4448,2136,4169000,100
11-26 20:24:36.096  1011  1189 I ASH     : @ 373528.267: tcs3701: stop power rail pending_off timer
11-26 20:24:36.096  1011  1189 D ASH     : @ 373528.267: tcs3701: start power rail timer, state:3
11-26 20:24:36.098  1795  2467 D ActivityManager: freezer override set to true
11-26 20:24:36.106  1795  2467 D ActivityManager: freezer override set to false
11-26 20:24:36.135  1011  1189 I ASH     : @ 373528.307: tcs3701: stop power rail pending_off timer
11-26 20:24:36.135  1011  1189 D ASH     : @ 373528.307: tcs3701: start power rail timer, state:3
11-26 20:24:36.175  1011  1189 I ASH     : @ 373528.347: tcs3701: stop power rail pending_off timer
11-26 20:24:36.175  1011  1189 D ASH     : @ 373528.347: tcs3701: start power rail timer, state:3
11-26 20:24:36.181  8427  8469 I BatteryMgr:DataCollectionService: stats => 1701026676181,9155,4448,2136,4169000,100
11-26 20:24:36.207 30370 30379 I m.chrome.canary: Background young concurrent copying GC freed 2367837(43MB) AllocSpace objects, 7(268KB) LOS objects, 61% free, 22MB/57MB, paused 99us,52us total 270.285ms
11-26 20:24:36.215  1011  1189 I ASH     : @ 373528.387: tcs3701: stop power rail pending_off timer
11-26 20:24:36.215  1011  1189 D ASH     : @ 373528.387: tcs3701: start power rail timer, state:3
11-26 20:24:36.230  1795  4165 D ActivityManager: freezer override set to true
11-26 20:24:36.255  1011  1189 I ASH     : @ 373528.427: tcs3701: stop power rail pending_off timer
11-26 20:24:36.255  1011  1189 D ASH     : @ 373528.427: tcs3701: start power rail timer, state:3
11-26 20:24:36.287  8427  8469 I BatteryMgr:DataCollectionService: stats => 1701026676287,9155,4448,2136,4169000,100
11-26 20:24:36.296  1011  1189 I ASH     : @ 373528.467: tcs3701: stop power rail pending_off timer
11-26 20:24:36.296  1011  1189 D ASH     : @ 373528.467: tcs3701: start power rail timer, state:3
11-26 20:24:36.335  1011  1189 I ASH     : @ 373528.507: tcs3701: stop power rail pending_off timer
11-26 20:24:36.335  1011  1189 D ASH     : @ 373528.507: tcs3701: start power rail timer, state:3
11-26 20:24:36.375  1011  1189 I ASH     : @ 373528.547: tcs3701: stop power rail pending_off timer
11-26 20:24:36.375  1011  1189 D ASH     : @ 373528.547: tcs3701: start power rail timer, state:3
11-26 20:24:36.382  1039  1095 D rlsservice: MonitorDisplayStatus client num 0, display status 1, sensor status 0
11-26 20:24:36.392  8427  8469 I BatteryMgr:DataCollectionService: stats => 1701026676392,9155,4448,2136,4169000,100
11-26 20:24:36.415  1011  1189 I ASH     : @ 373528.587: tcs3701: stop power rail pending_off timer
11-26 20:24:36.415  1011  1189 D ASH     : @ 373528.587: tcs3701: start power rail timer, state:3
11-26 20:24:36.455  1011  1189 I ASH     : @ 373528.627: tcs3701: stop power rail pending_off timer
11-26 20:24:36.455  1011  1189 D ASH     : @ 373528.627: tcs3701: start power rail timer, state:3
11-26 20:24:36.476 30370 30383 I m.chrome.canary: Explicit concurrent copying GC freed 415842(8749KB) AllocSpace objects, 7(192KB) LOS objects, 75% free, 14MB/56MB, paused 32us,24us total 96.563ms
11-26 20:24:36.491  1795  2424 D WifiNetworkSelector: Current connected network: 12
11-26 20:24:36.491  1795  2424 V WifiConnectivityManager: No partial scan because firmware roaming is supported.
11-26 20:24:36.491  1795  2424 V WifiConnectivityManager: schedulePeriodicScanTimer intervalMs 20000
11-26 20:24:36.495  1011  1189 I ASH     : @ 373528.667: tcs3701: stop power rail pending_off timer
11-26 20:24:36.495  1011  1189 D ASH     : @ 373528.667: tcs3701: start power rail timer, state:3
11-26 20:24:36.500  8427  8469 I BatteryMgr:DataCollectionService: stats => 1701026676500,9155,4448,2136,4169000,100
11-26 20:24:36.535  1011  1189 I ASH     : @ 373528.707: tcs3701: stop power rail pending_off timer
11-26 20:24:36.535  1011  1189 D ASH     : @ 373528.707: tcs3701: start power rail timer, state:3
11-26 20:24:36.550  1795  4165 D ActivityManager: freezer override set to false
11-26 20:24:36.576  1011  1189 I ASH     : @ 373528.747: tcs3701: stop power rail pending_off timer
11-26 20:24:36.576  1011  1189 D ASH     : @ 373528.747: tcs3701: start power rail timer, state:3
11-26 20:24:36.605  8427  8469 I BatteryMgr:DataCollectionService: stats => 1701026676605,9155,4448,2136,4169000,100
11-26 20:24:36.615  1011  1189 I ASH     : @ 373528.787: tcs3701: stop power rail pending_off timer
11-26 20:24:36.615  1011  1189 D ASH     : @ 373528.787: tcs3701: start power rail timer, state:3
11-26 20:24:36.655  1011  1189 I ASH     : @ 373528.827: tcs3701: stop power rail pending_off timer
11-26 20:24:36.655  1011  1189 D ASH     : @ 373528.827: tcs3701: start power rail timer, state:3
11-26 20:24:36.656  1795  4165 D ActivityManager: freezer override set to true
11-26 20:24:36.665  1795  4165 D ActivityManager: freezer override set to false
11-26 20:24:36.695  1011  1189 I ASH     : @ 373528.867: tcs3701: stop power rail pending_off timer
11-26 20:24:36.695  1011  1189 D ASH     : @ 373528.867: tcs3701: start power rail timer, state:3
11-26 20:24:36.716  8427  8469 I BatteryMgr:DataCollectionService: stats => 1701026676716,9155,4448,2136,4169000,100
11-26 20:24:36.735  1011  1189 I ASH     : @ 373528.907: tcs3701: stop power rail pending_off timer
11-26 20:24:36.735  1011  1189 D ASH     : @ 373528.907: tcs3701: start power rail timer, state:3
11-26 20:24:36.762  1795  4165 D ActivityManager: freezer override set to true
11-26 20:24:36.771  1795  4165 D ActivityManager: freezer override set to false
11-26 20:24:36.775  1011  1189 I ASH     : @ 373528.947: tcs3701: stop power rail pending_off timer
11-26 20:24:36.775  1011  1189 D ASH     : @ 373528.947: tcs3701: start power rail timer, state:3
11-26 20:24:36.815  1011  1189 I ASH     : @ 373528.987: tcs3701: stop power rail pending_off timer
11-26 20:24:36.815  1011  1189 D ASH     : @ 373528.987: tcs3701: start power rail timer, state:3
11-26 20:24:36.823  8427  8469 I BatteryMgr:DataCollectionService: stats => 1701026676823,9155,4448,2136,4169000,100
11-26 20:24:36.855  1011  1189 I ASH     : @ 373529.027: tcs3701: stop power rail pending_off timer
11-26 20:24:36.855  1011  1189 D ASH     : @ 373529.027: tcs3701: start power rail timer, state:3
11-26 20:24:36.896  1011  1189 I ASH     : @ 373529.067: tcs3701: stop power rail pending_off timer
11-26 20:24:36.896  1011  1189 D ASH     : @ 373529.067: tcs3701: start power rail timer, state:3
11-26 20:24:36.927  8427  8469 I BatteryMgr:DataCollectionService: stats => 1701026676927,9155,4448,2136,4169000,100
11-26 20:24:36.935  1011  1189 I ASH     : @ 373529.107: tcs3701: stop power rail pending_off timer
11-26 20:24:36.935  1011  1189 D ASH     : @ 373529.107: tcs3701: start power rail timer, state:3
11-26 20:24:36.976  1011  1189 I ASH     : @ 373529.147: tcs3701: stop power rail pending_off timer
11-26 20:24:36.976  1011  1189 D ASH     : @ 373529.147: tcs3701: start power rail timer, state:3
11-26 20:24:36.987  1795  4165 D ActivityManager: freezer override set to true
11-26 20:24:36.998  1795  4165 D ActivityManager: freezer override set to false
11-26 20:24:37.015  1011  1189 I ASH     : @ 373529.187: tcs3701: stop power rail pending_off timer
11-26 20:24:37.015  1011  1189 D ASH     : @ 373529.187: tcs3701: start power rail timer, state:3
11-26 20:24:37.035  8427  8469 I BatteryMgr:DataCollectionService: stats => 1701026677035,9155,4448,2136,4169000,100
11-26 20:24:37.056  1011  1189 I ASH     : @ 373529.227: tcs3701: stop power rail pending_off timer
11-26 20:24:37.056  1011  1189 D ASH     : @ 373529.228: tcs3701: start power rail timer, state:3
11-26 20:24:37.095  1011  1189 I ASH     : @ 373529.267: tcs3701: stop power rail pending_off timer
11-26 20:24:37.095  1011  1189 D ASH     : @ 373529.267: tcs3701: start power rail timer, state:3
11-26 20:24:37.136  1011  1189 I ASH     : @ 373529.307: tcs3701: stop power rail pending_off timer
11-26 20:24:37.136  1011  1189 D ASH     : @ 373529.307: tcs3701: start power rail timer, state:3
11-26 20:24:37.140  8427  8469 I BatteryMgr:DataCollectionService: stats => 1701026677139,9155,4448,2136,4169000,100
11-26 20:24:37.175  1011  1189 I ASH     : @ 373529.347: tcs3701: stop power rail pending_off timer
11-26 20:24:37.175  1011  1189 D ASH     : @ 373529.347: tcs3701: start power rail timer, state:3
11-26 20:24:37.216  1011  1189 I ASH     : @ 373529.387: tcs3701: stop power rail pending_off timer
11-26 20:24:37.216  1011  1189 D ASH     : @ 373529.387: tcs3701: start power rail timer, state:3
11-26 20:24:37.247  8427  8469 I BatteryMgr:DataCollectionService: stats => 1701026677247,9155,4448,2136,4169000,100
11-26 20:24:37.257  1011  1189 I ASH     : @ 373529.427: tcs3701: stop power rail pending_off timer
11-26 20:24:37.257  1011  1189 D ASH     : @ 373529.427: tcs3701: start power rail timer, state:3
11-26 20:24:37.295  1011  1189 I ASH     : @ 373529.467: tcs3701: stop power rail pending_off timer
11-26 20:24:37.295  1011  1189 D ASH     : @ 373529.467: tcs3701: start power rail timer, state:3
11-26 20:24:37.302  1795  2424 D WifiClientModeImpl[13802:wlan0]: updateLinkLayerStatsRssiSpeedFrequencyCapabilities rssi=-48 TxLinkspeed=780 freq=5240 RxLinkSpeed=866
11-26 20:24:37.304  2782  5906 D QCNEJ/WlanStaInfoRelay: Received action: android.net.wifi.RSSI_CHANGED
11-26 20:24:37.306  1795  2424 D WifiDataStall: tx tput in kbps: 626620
11-26 20:24:37.306  1795  2424 D WifiDataStall: rx tput in kbps: 764515
11-26 20:24:37.306  1795  2424 V WifiConfigManager: Updating scan detail cache freq=5240 BSSID=f4:6d:2f:12:cc:88 RSSI=-46 for "ourhome"WPA_PSK
11-26 20:24:37.306  1795  2424 D WifiChannelUtilization:  freq: 5240 onTime: 10285350 busyTime: 933910 onTimeDiff: 637494 busyTimeDiff: 77424 utilization: 30 utilization t0: 23
11-26 20:24:37.306  1795  2424 D WifiDataStall:  ccaLevel = 30
11-26 20:24:37.306  1795  2424 D WifiDataStall: L2 txTputKbps: 654164, rxTputKbps: 764515, L3 txTputKbps: 0, rxTputKbps: 0, TxTrafficHigh: false, RxTrafficHigh: false, Throughput Sufficient: true
11-26 20:24:37.307  1795  2424 D WifiScoreReport: Wifi scoring disabled - Don't check IP layer
11-26 20:24:37.307  1795  2424 D WifiScoreCard: BSSID update SIGNAL_POLL ID: 1320464697 SSID: "ourhome", BSSID: f4:6d:2f:12:cc:88, MAC: b2:2f:ec:da:4a:0c, IP: /192.168.1.104, Security type: 2, Supplicant state: COMPLETED, Wi-Fi standard: 5, RSSI: -48, Link speed: 780Mbps, Tx Link speed: 780Mbps, Max Supported Tx Link speed: 866Mbps, Rx Link speed: 866Mbps, Max Supported Rx Link speed: 866Mbps, Frequency: 5240MHz, Net ID: 12, Metered hint: false, score: 60, isUsable: true, CarrierMerged: false, SubscriptionId: -1, IsPrimary: 1, Trusted: true, Restricted: false, Ephemeral: false, OEM paid: false, OEM private: false, OSU AP: false, FQDN: <none>, Provider friendly name: <none>, Requesting package name: <none>"ourhome"wpa2-pskMLO Information: , Is TID-To-Link negotiation supported by the AP: false, AP MLD Address: <none>, AP MLO Link Id: <none>, AP MLO Affiliated links: <none>
11-26 20:24:37.307  1795  2424 D WifiScoreCard: txRate: 13 txSpeed: 780
11-26 20:24:37.307  1795  2424 D WifiScoreCard: network update SIGNAL_POLL "ourhome" ID: 1499892569 RSSI -48 txSpeed 780
11-26 20:24:37.307  1795  2424 D WifiClientModeImpl[13802:wlan0]:  ClientModeImpl$L2ConnectedState screen=on 37 0 "ourhome" f4:6d:2f:12:cc:88 rssi=-48 f=5240 sc=60 link=780 tx=10.7, 1.6, 0.0 rx=6.5 bcn=3533512 [on:56 tx:0 rx:0 period:3018] from screen [on:649369 period:14242593] score=60
11-26 20:24:37.307  2673  4313 V WifiManager: OnWifiUsabilityStatsListener: onWifiUsabilityStats: seqNum=95342
11-26 20:24:37.308  1795  4165 I WifiService: updateWifiUsabilityScore uid=10180 seqNum=95342 score=100 predictionHorizonSec=1441795
11-26 20:24:37.311  1795  2424 D WifiScoreReport: Wifi scoring disabled - Notify that Wifi is usable
11-26 20:24:37.312  1795  2432 D ConnectivityService: NetReassign [no changes] [c 0] [a 0] [i 0]
11-26 20:24:37.314  2113  2118 I pixel-thermal: skin-therm-monitor: 38.477
11-26 20:24:37.335  1011  1189 I ASH     : @ 373529.507: tcs3701: stop power rail pending_off timer
11-26 20:24:37.335  1011  1189 D ASH     : @ 373529.507: tcs3701: start power rail timer, state:3
11-26 20:24:37.354  8427  8469 I BatteryMgr:DataCollectionService: stats => 1701026677354,9155,4448,2136,4169000,100
11-26 20:24:37.375  1011  1189 I ASH     : @ 373529.547: tcs3701: stop power rail pending_off timer
11-26 20:24:37.375  1011  1189 D ASH     : @ 373529.547: tcs3701: start power rail timer, state:3
11-26 20:24:37.415  1011  1189 I ASH     : @ 373529.587: tcs3701: stop power rail pending_off timer
11-26 20:24:37.415  1011  1189 D ASH     : @ 373529.587: tcs3701: start power rail timer, state:3
11-26 20:24:37.455  1011  1189 I ASH     : @ 373529.627: tcs3701: stop power rail pending_off timer
11-26 20:24:37.455  1011  1189 D ASH     : @ 373529.627: tcs3701: start power rail timer, state:3
11-26 20:24:37.460  8427  8469 I BatteryMgr:DataCollectionService: stats => 1701026677460,9155,4448,2136,4169000,100
11-26 20:24:37.495  1011  1189 I ASH     : @ 373529.667: tcs3701: stop power rail pending_off timer
11-26 20:24:37.495  1011  1189 D ASH     : @ 373529.667: tcs3701: start power rail timer, state:3
11-26 20:24:37.536  1011  1189 I ASH     : @ 373529.707: tcs3701: stop power rail pending_off timer
11-26 20:24:37.536  1011  1189 D ASH     : @ 373529.707: tcs3701: start power rail timer, state:3
11-26 20:24:37.565  8427  8469 I BatteryMgr:DataCollectionService: stats => 1701026677565,9155,4448,2136,4169000,100
11-26 20:24:37.575  1011  1189 I ASH     : @ 373529.747: tcs3701: stop power rail pending_off timer
11-26 20:24:37.575  1011  1189 D ASH     : @ 373529.747: tcs3701: start power rail timer, state:3
11-26 20:24:37.616  1011  1189 I ASH     : @ 373529.787: tcs3701: stop power rail pending_off timer
11-26 20:24:37.616  1011  1189 D ASH     : @ 373529.787: tcs3701: start power rail timer, state:3
11-26 20:24:37.637  1795  3634 W JobScheduler: Job didn't exist in JobStore: c1ce396 #u0a202/1034 com.google.android.apps.photos/com.google.android.libraries.social.mediamonitor.MediaMonitorJobSchedulerService
11-26 20:24:37.655  1011  1189 I ASH     : @ 373529.827: tcs3701: stop power rail pending_off timer
11-26 20:24:37.655  1011  1189 D ASH     : @ 373529.827: tcs3701: start power rail timer, state:3
11-26 20:24:37.671  8427  8469 I BatteryMgr:DataCollectionService: stats => 1701026677671,9155,4448,2136,4169000,100
11-26 20:24:37.695  1011  1189 I ASH     : @ 373529.867: tcs3701: stop power rail pending_off timer
11-26 20:24:37.695  1011  1189 D ASH     : @ 373529.867: tcs3701: start power rail timer, state:3
11-26 20:24:37.735  1011  1189 I ASH     : @ 373529.907: tcs3701: stop power rail pending_off timer
11-26 20:24:37.735  1011  1189 D ASH     : @ 373529.907: tcs3701: start power rail timer, state:3
11-26 20:24:37.775  1011  1189 I ASH     : @ 373529.947: tcs3701: stop power rail pending_off timer
11-26 20:24:37.775  1011  1189 D ASH     : @ 373529.947: tcs3701: start power rail timer, state:3
11-26 20:24:37.783  8427  8469 I BatteryMgr:DataCollectionService: stats => 1701026677783,9155,4448,2136,4169000,100
11-26 20:24:37.795  1795  3634 W UriGrantsManagerService: No permission grants found for com.google.android.apps.photos
11-26 20:24:37.796  1795  3634 W UriGrantsManagerService: No permission grants found for com.google.android.apps.photos
11-26 20:24:37.816  1011  1189 I ASH     : @ 373529.987: tcs3701: stop power rail pending_off timer
11-26 20:24:37.816  1011  1189 D ASH     : @ 373529.987: tcs3701: start power rail timer, state:3
11-26 20:24:37.855  1011  1189 I ASH     : @ 373530.027: tcs3701: stop power rail pending_off timer
11-26 20:24:37.856  1011  1189 D ASH     : @ 373530.027: tcs3701: start power rail timer, state:3
11-26 20:24:37.879  1795  4165 W UriGrantsManagerService: No permission grants found for com.google.android.apps.photos
11-26 20:24:37.880  1795  4165 W UriGrantsManagerService: No permission grants found for com.google.android.apps.photos
11-26 20:24:37.894  8427  8469 I BatteryMgr:DataCollectionService: stats => 1701026677894,9155,4448,2136,4169000,100
11-26 20:24:37.895  1011  1189 I ASH     : @ 373530.067: tcs3701: stop power rail pending_off timer
11-26 20:24:37.895  1011  1189 D ASH     : @ 373530.067: tcs3701: start power rail timer, state:3
11-26 20:24:37.936  1011  1189 I ASH     : @ 373530.107: tcs3701: stop power rail pending_off timer
11-26 20:24:37.936  1011  1189 D ASH     : @ 373530.107: tcs3701: start power rail timer, state:3
11-26 20:24:37.954  1795  3634 D ActivityManager: freezer override set to true
11-26 20:24:37.975  1011  1189 I ASH     : @ 373530.147: tcs3701: stop power rail pending_off timer
11-26 20:24:37.975  1011  1189 D ASH     : @ 373530.147: tcs3701: start power rail timer, state:3
11-26 20:24:37.984  1795  4165 W UriGrantsManagerService: No permission grants found for com.google.android.apps.photos
11-26 20:24:37.985  1795  4165 W UriGrantsManagerService: No permission grants found for com.google.android.apps.photos
11-26 20:24:38.008  8427  8469 I BatteryMgr:DataCollectionService: stats => 1701026678008,9155,4448,2136,4169000,100
11-26 20:24:38.015  1011  1189 I ASH     : @ 373530.187: tcs3701: stop power rail pending_off timer
11-26 20:24:38.015  1011  1189 D ASH     : @ 373530.187: tcs3701: start power rail timer, state:3
11-26 20:24:38.056  1011  1189 I ASH     : @ 373530.227: tcs3701: stop power rail pending_off timer
11-26 20:24:38.056  1011  1189 D ASH     : @ 373530.227: tcs3701: start power rail timer, state:3
11-26 20:24:38.095  1011  1189 I ASH     : @ 373530.267: tcs3701: stop power rail pending_off timer
11-26 20:24:38.095  1011  1189 D ASH     : @ 373530.267: tcs3701: start power rail timer, state:3
11-26 20:24:38.119  8427  8469 I BatteryMgr:DataCollectionService: stats => 1701026678119,9155,4448,2136,4169000,100
