11-24 19:19:05.333  1011  1189 D ASH     : @ 196797.521: tcs3701: start power rail timer, state:3
11-24 19:19:05.374  1011  1189 I ASH     : @ 196797.561: tcs3701: stop power rail pending_off timer
11-24 19:19:05.374  1011  1189 D ASH     : @ 196797.561: tcs3701: start power rail timer, state:3
11-24 19:19:05.394 29531 29575 I BatteryMgr:DataCollectionService: stats => 1700849945394,12512,4442,6713,4169000,100
11-24 19:19:05.409  1795  3659 D ActivityManager: freezer override set to true
11-24 19:19:05.413  1011  1189 I ASH     : @ 196797.601: tcs3701: stop power rail pending_off timer
11-24 19:19:05.413  1011  1189 D ASH     : @ 196797.601: tcs3701: start power rail timer, state:3
11-24 19:19:05.453  1011  1189 I ASH     : @ 196797.641: tcs3701: stop power rail pending_off timer
11-24 19:19:05.453  1011  1189 D ASH     : @ 196797.641: tcs3701: start power rail timer, state:3
11-24 19:19:05.493  1011  1189 I ASH     : @ 196797.681: tcs3701: stop power rail pending_off timer
11-24 19:19:05.493  1011  1189 D ASH     : @ 196797.681: tcs3701: start power rail timer, state:3
11-24 19:19:05.501 29531 29575 I BatteryMgr:DataCollectionService: stats => 1700849945501,12512,4442,6713,4169000,100
11-24 19:19:05.523  2113  2118 I pixel-thermal: skin-therm-monitor: 39.511
11-24 19:19:05.533  1011  1189 I ASH     : @ 196797.721: tcs3701: stop power rail pending_off timer
11-24 19:19:05.533  1011  1189 D ASH     : @ 196797.721: tcs3701: start power rail timer, state:3
11-24 19:19:05.566 26673 26687 I m.chrome.canary: Explicit concurrent copying GC freed 3659(192KB) AllocSpace objects, 3(60KB) LOS objects, 75% free, 12MB/51MB, paused 97us,21us total 67.559ms
11-24 19:19:05.573  1011  1189 I ASH     : @ 196797.761: tcs3701: stop power rail pending_off timer
11-24 19:19:05.573  1011  1189 D ASH     : @ 196797.761: tcs3701: start power rail timer, state:3
11-24 19:19:05.607 29531 29575 I BatteryMgr:DataCollectionService: stats => 1700849945607,12512,4442,6713,4169000,100
11-24 19:19:05.613  1011  1189 I ASH     : @ 196797.801: tcs3701: stop power rail pending_off timer
11-24 19:19:05.613  1011  1189 D ASH     : @ 196797.801: tcs3701: start power rail timer, state:3
11-24 19:19:05.626  1795  3659 D ActivityManager: freezer override set to false
11-24 19:19:05.653  1011  1189 I ASH     : @ 196797.841: tcs3701: stop power rail pending_off timer
11-24 19:19:05.653  1011  1189 D ASH     : @ 196797.841: tcs3701: start power rail timer, state:3
11-24 19:19:05.679  1795  3659 D ActivityManager: freezer override set to true
11-24 19:19:05.682  1795  3659 D ActivityManager: freezer override set to false
11-24 19:19:05.693  1011  1189 I ASH     : @ 196797.881: tcs3701: stop power rail pending_off timer
11-24 19:19:05.693  1011  1189 D ASH     : @ 196797.881: tcs3701: start power rail timer, state:3
11-24 19:19:05.713 29531 29575 I BatteryMgr:DataCollectionService: stats => 1700849945713,12512,4442,6713,4169000,100
11-24 19:19:05.733  1011  1189 I ASH     : @ 196797.921: tcs3701: stop power rail pending_off timer
11-24 19:19:05.733  1011  1189 D ASH     : @ 196797.921: tcs3701: start power rail timer, state:3
11-24 19:19:05.773  1011  1189 I ASH     : @ 196797.961: tcs3701: stop power rail pending_off timer
11-24 19:19:05.773  1011  1189 D ASH     : @ 196797.961: tcs3701: start power rail timer, state:3
11-24 19:19:05.810  1795  3659 D ActivityManager: freezer override set to true
11-24 19:19:05.813  1011  1189 I ASH     : @ 196798.001: tcs3701: stop power rail pending_off timer
11-24 19:19:05.813  1011  1189 D ASH     : @ 196798.001: tcs3701: start power rail timer, state:3
11-24 19:19:05.814  1795  3659 D ActivityManager: freezer override set to false
11-24 19:19:05.823 29531 29575 I BatteryMgr:DataCollectionService: stats => 1700849945823,12512,4442,6713,4169000,100
11-24 19:19:05.853  1011  1189 I ASH     : @ 196798.041: tcs3701: stop power rail pending_off timer
11-24 19:19:05.853  1011  1189 D ASH     : @ 196798.041: tcs3701: start power rail timer, state:3
11-24 19:19:05.893  1011  1189 I ASH     : @ 196798.081: tcs3701: stop power rail pending_off timer
11-24 19:19:05.893  1011  1189 D ASH     : @ 196798.081: tcs3701: start power rail timer, state:3
11-24 19:19:05.929 29531 29575 I BatteryMgr:DataCollectionService: stats => 1700849945929,12512,4442,6713,4169000,100
11-24 19:19:05.933  1011  1189 I ASH     : @ 196798.121: tcs3701: stop power rail pending_off timer
11-24 19:19:05.933  1011  1189 D ASH     : @ 196798.121: tcs3701: start power rail timer, state:3
11-24 19:19:05.973  1011  1189 I ASH     : @ 196798.161: tcs3701: stop power rail pending_off timer
11-24 19:19:05.973  1011  1189 D ASH     : @ 196798.161: tcs3701: start power rail timer, state:3
11-24 19:19:06.013  1011  1189 I ASH     : @ 196798.201: tcs3701: stop power rail pending_off timer
11-24 19:19:06.013  1011  1189 D ASH     : @ 196798.201: tcs3701: start power rail timer, state:3
11-24 19:19:06.036 29531 29575 I BatteryMgr:DataCollectionService: stats => 1700849946035,12512,4442,6713,4169000,100
11-24 19:19:06.053  1011  1189 I ASH     : @ 196798.241: tcs3701: stop power rail pending_off timer
11-24 19:19:06.053  1011  1189 D ASH     : @ 196798.241: tcs3701: start power rail timer, state:3
11-24 19:19:06.093  1011  1189 I ASH     : @ 196798.281: tcs3701: stop power rail pending_off timer
11-24 19:19:06.093  1011  1189 D ASH     : @ 196798.281: tcs3701: start power rail timer, state:3
11-24 19:19:06.133  1011  1189 I ASH     : @ 196798.321: tcs3701: stop power rail pending_off timer
11-24 19:19:06.133  1011  1189 D ASH     : @ 196798.321: tcs3701: start power rail timer, state:3
11-24 19:19:06.141 29531 29575 I BatteryMgr:DataCollectionService: stats => 1700849946140,12512,4442,6713,4169000,100
11-24 19:19:06.173  1011  1189 I ASH     : @ 196798.361: tcs3701: stop power rail pending_off timer
11-24 19:19:06.173  1011  1189 D ASH     : @ 196798.361: tcs3701: start power rail timer, state:3
11-24 19:19:06.213  1011  1189 I ASH     : @ 196798.401: tcs3701: stop power rail pending_off timer
11-24 19:19:06.213  1011  1189 D ASH     : @ 196798.401: tcs3701: start power rail timer, state:3
11-24 19:19:06.247 29531 29575 I BatteryMgr:DataCollectionService: stats => 1700849946247,12512,4442,6713,4169000,100
11-24 19:19:06.253  1011  1189 I ASH     : @ 196798.441: tcs3701: stop power rail pending_off timer
11-24 19:19:06.253  1011  1189 D ASH     : @ 196798.441: tcs3701: start power rail timer, state:3
11-24 19:19:06.293  1011  1189 I ASH     : @ 196798.481: tcs3701: stop power rail pending_off timer
11-24 19:19:06.293  1011  1189 D ASH     : @ 196798.481: tcs3701: start power rail timer, state:3
11-24 19:19:06.333  1011  1189 I ASH     : @ 196798.521: tcs3701: stop power rail pending_off timer
11-24 19:19:06.333  1011  1189 D ASH     : @ 196798.521: tcs3701: start power rail timer, state:3
11-24 19:19:06.355 29531 29575 I BatteryMgr:DataCollectionService: stats => 1700849946355,12512,4442,6713,4169000,100
11-24 19:19:06.373  1011  1189 I ASH     : @ 196798.561: tcs3701: stop power rail pending_off timer
11-24 19:19:06.373  1011  1189 D ASH     : @ 196798.561: tcs3701: start power rail timer, state:3
11-24 19:19:06.413  1011  1189 I ASH     : @ 196798.601: tcs3701: stop power rail pending_off timer
11-24 19:19:06.413  1011  1189 D ASH     : @ 196798.601: tcs3701: start power rail timer, state:3
11-24 19:19:06.454  1011  1189 I ASH     : @ 196798.641: tcs3701: stop power rail pending_off timer
11-24 19:19:06.454  1011  1189 D ASH     : @ 196798.641: tcs3701: start power rail timer, state:3
11-24 19:19:06.462 29531 29575 I BatteryMgr:DataCollectionService: stats => 1700849946461,12512,4442,6713,4169000,100
11-24 19:19:06.493  1011  1189 I ASH     : @ 196798.681: tcs3701: stop power rail pending_off timer
11-24 19:19:06.493  1011  1189 D ASH     : @ 196798.681: tcs3701: start power rail timer, state:3
11-24 19:19:06.533  1011  1189 I ASH     : @ 196798.721: tcs3701: stop power rail pending_off timer
11-24 19:19:06.534  1011  1189 D ASH     : @ 196798.721: tcs3701: start power rail timer, state:3
11-24 19:19:06.569 29531 29575 I BatteryMgr:DataCollectionService: stats => 1700849946568,12512,4442,6713,4169000,100
11-24 19:19:06.573  1011  1189 I ASH     : @ 196798.761: tcs3701: stop power rail pending_off timer
11-24 19:19:06.573  1011  1189 D ASH     : @ 196798.761: tcs3701: start power rail timer, state:3
11-24 19:19:06.613  1011  1189 I ASH     : @ 196798.801: tcs3701: stop power rail pending_off timer
11-24 19:19:06.613  1011  1189 D ASH     : @ 196798.801: tcs3701: start power rail timer, state:3
11-24 19:19:06.653  1011  1189 I ASH     : @ 196798.841: tcs3701: stop power rail pending_off timer
11-24 19:19:06.653  1011  1189 D ASH     : @ 196798.841: tcs3701: start power rail timer, state:3
11-24 19:19:06.676 29531 29575 I BatteryMgr:DataCollectionService: stats => 1700849946675,12512,4442,6713,4169000,100
11-24 19:19:06.693  1011  1189 I ASH     : @ 196798.881: tcs3701: stop power rail pending_off timer
11-24 19:19:06.693  1011  1189 D ASH     : @ 196798.881: tcs3701: start power rail timer, state:3
11-24 19:19:06.733  1011  1189 I ASH     : @ 196798.921: tcs3701: stop power rail pending_off timer
11-24 19:19:06.733  1011  1189 D ASH     : @ 196798.921: tcs3701: start power rail timer, state:3
11-24 19:19:06.773  1011  1189 I ASH     : @ 196798.961: tcs3701: stop power rail pending_off timer
11-24 19:19:06.773  1011  1189 D ASH     : @ 196798.961: tcs3701: start power rail timer, state:3
11-24 19:19:06.782 29531 29575 I BatteryMgr:DataCollectionService: stats => 1700849946782,12512,4442,6713,4169000,100
11-24 19:19:06.813  1011  1189 I ASH     : @ 196799.001: tcs3701: stop power rail pending_off timer
11-24 19:19:06.814  1011  1189 D ASH     : @ 196799.001: tcs3701: start power rail timer, state:3
11-24 19:19:06.818  1795  4166 D ActivityManager: freezer override set to true
11-24 19:19:06.823  1795  4166 D ActivityManager: freezer override set to false
11-24 19:19:06.829  1795  2424 D WifiClientModeImpl[13802:wlan0]: updateLinkLayerStatsRssiSpeedFrequencyCapabilities rssi=-47 TxLinkspeed=650 freq=5240 RxLinkSpeed=866
11-24 19:19:06.829  1795  2424 D WifiDataStall: tx tput in kbps: 571669
11-24 19:19:06.830  1795  2424 D WifiDataStall: rx tput in kbps: 801726
11-24 19:19:06.830  1795  2424 V WifiConfigManager: Updating scan detail cache freq=5240 BSSID=f4:6d:2f:12:cc:88 RSSI=-46 for "ourhome"WPA_PSK
11-24 19:19:06.830  1795  2424 D WifiChannelUtilization:  freq: 5240 onTime: 6013891 busyTime: 607704 onTimeDiff: 103932 busyTimeDiff: 7915 utilization: 19 utilization t0: 25
11-24 19:19:06.830  1795  2424 D WifiDataStall:  ccaLevel = 19
11-24 19:19:06.830  1795  2424 D WifiDataStall: L2 txTputKbps: 541582, rxTputKbps: 801726, L3 txTputKbps: 134, rxTputKbps: 3, TxTrafficHigh: true, RxTrafficHigh: true, Throughput Sufficient: true
11-24 19:19:06.830  2673  2739 V WifiManager: OnWifiUsabilityStatsListener: onWifiUsabilityStats: seqNum=58191
11-24 19:19:06.831  1795  2424 D WifiScoreReport: Wifi scoring disabled - Don't check IP layer
11-24 19:19:06.831  1795  2424 D WifiScoreCard: BSSID update SIGNAL_POLL ID: 1320464697 SSID: "ourhome", BSSID: f4:6d:2f:12:cc:88, MAC: b2:2f:ec:da:4a:0c, IP: /192.168.1.104, Security type: 2, Supplicant state: COMPLETED, Wi-Fi standard: 5, RSSI: -47, Link speed: 650Mbps, Tx Link speed: 650Mbps, Max Supported Tx Link speed: 866Mbps, Rx Link speed: 866Mbps, Max Supported Rx Link speed: 866Mbps, Frequency: 5240MHz, Net ID: 12, Metered hint: false, score: 60, isUsable: true, CarrierMerged: false, SubscriptionId: -1, IsPrimary: 1, Trusted: true, Restricted: false, Ephemeral: false, OEM paid: false, OEM private: false, OSU AP: false, FQDN: <none>, Provider friendly name: <none>, Requesting package name: <none>"ourhome"wpa2-pskMLO Information: , Is TID-To-Link negotiation supported by the AP: false, AP MLD Address: <none>, AP MLO Link Id: <none>, AP MLO Affiliated links: <none>
11-24 19:19:06.831  1795  2424 D WifiScoreCard: txRate: 5 txSpeed: 650
11-24 19:19:06.831  1795  2424 D WifiScoreCard: network update SIGNAL_POLL "ourhome" ID: 1499892569 RSSI -47 txSpeed 650
11-24 19:19:06.831  1795  4166 I WifiService: updateWifiUsabilityScore uid=10180 seqNum=58191 score=100 predictionHorizonSec=1441795
11-24 19:19:06.831  2513 14800 V WifiManager: TrafficStateCallbackProxy: onStateChanged state=3
11-24 19:19:06.831  1795  2424 D WifiClientModeImpl[13802:wlan0]:  ClientModeImpl$L2ConnectedState screen=on 29 0 "ourhome" f4:6d:2f:12:cc:88 rssi=-47 f=5240 sc=60 link=650 tx=3.9, 0.4, 0.0 rx=2.4 bcn=1896911 [on:132 tx:2 rx:1 period:3012] from screen [on:1404311 period:45188822] score=60
11-24 19:19:06.831  1795  2424 D WifiScoreReport: Wifi scoring disabled - Notify that Wifi is usable
11-24 19:19:06.834  1795  2432 D ConnectivityService: NetReassign [no changes] [c 1] [a 0] [i 2]
11-24 19:19:06.853  1011  1189 I ASH     : @ 196799.041: tcs3701: stop power rail pending_off timer
11-24 19:19:06.853  1011  1189 D ASH     : @ 196799.041: tcs3701: start power rail timer, state:3
11-24 19:19:06.859  1795  4166 D ActivityManager: freezer override set to true
11-24 19:19:06.887 29531 29575 I BatteryMgr:DataCollectionService: stats => 1700849946887,12512,4442,6713,4169000,100
11-24 19:19:06.893  1011  1189 I ASH     : @ 196799.081: tcs3701: stop power rail pending_off timer
11-24 19:19:06.893  1011  1189 D ASH     : @ 196799.081: tcs3701: start power rail timer, state:3
11-24 19:19:06.933  1011  1189 I ASH     : @ 196799.121: tcs3701: stop power rail pending_off timer
11-24 19:19:06.933  1011  1189 D ASH     : @ 196799.121: tcs3701: start power rail timer, state:3
11-24 19:19:06.973  1011  1189 I ASH     : @ 196799.161: tcs3701: stop power rail pending_off timer
11-24 19:19:06.973  1011  1189 D ASH     : @ 196799.161: tcs3701: start power rail timer, state:3
11-24 19:19:06.996 29531 29575 I BatteryMgr:DataCollectionService: stats => 1700849946996,12512,4442,6713,4169000,100
11-24 19:19:07.010 26673 26687 I m.chrome.canary: Explicit concurrent copying GC freed 3905(207KB) AllocSpace objects, 4(80KB) LOS objects, 75% free, 12MB/51MB, paused 91us,31us total 61.814ms
11-24 19:19:07.013  1011  1189 I ASH     : @ 196799.201: tcs3701: stop power rail pending_off timer
11-24 19:19:07.013  1011  1189 D ASH     : @ 196799.201: tcs3701: start power rail timer, state:3
11-24 19:19:07.053  1011  1189 I ASH     : @ 196799.241: tcs3701: stop power rail pending_off timer
11-24 19:19:07.053  1011  1189 D ASH     : @ 196799.241: tcs3701: start power rail timer, state:3
11-24 19:19:07.076  1795  4166 D ActivityManager: freezer override set to false
11-24 19:19:07.093  1011  1189 I ASH     : @ 196799.281: tcs3701: stop power rail pending_off timer
11-24 19:19:07.093  1011  1189 D ASH     : @ 196799.281: tcs3701: start power rail timer, state:3
11-24 19:19:07.102 29531 29575 I BatteryMgr:DataCollectionService: stats => 1700849947102,12512,4442,6713,4169000,100
11-24 19:19:07.121  1795  4166 D ActivityManager: freezer override set to true
11-24 19:19:07.124  1795  4166 D ActivityManager: freezer override set to false
11-24 19:19:07.133  1011  1189 I ASH     : @ 196799.321: tcs3701: stop power rail pending_off timer
11-24 19:19:07.133  1011  1189 D ASH     : @ 196799.321: tcs3701: start power rail timer, state:3
11-24 19:19:07.173  1011  1189 I ASH     : @ 196799.361: tcs3701: stop power rail pending_off timer
11-24 19:19:07.173  1011  1189 D ASH     : @ 196799.361: tcs3701: start power rail timer, state:3
11-24 19:19:07.208 29531 29575 I BatteryMgr:DataCollectionService: stats => 1700849947208,12512,4442,6713,4169000,100
11-24 19:19:07.213  1011  1189 I ASH     : @ 196799.401: tcs3701: stop power rail pending_off timer
11-24 19:19:07.213  1011  1189 D ASH     : @ 196799.401: tcs3701: start power rail timer, state:3
11-24 19:19:07.253  1011  1189 I ASH     : @ 196799.441: tcs3701: stop power rail pending_off timer
11-24 19:19:07.253  1011  1189 D ASH     : @ 196799.441: tcs3701: start power rail timer, state:3
11-24 19:19:07.293  1011  1189 I ASH     : @ 196799.481: tcs3701: stop power rail pending_off timer
11-24 19:19:07.293  1011  1189 D ASH     : @ 196799.481: tcs3701: start power rail timer, state:3
11-24 19:19:07.315 29531 29575 I BatteryMgr:DataCollectionService: stats => 1700849947315,12512,4442,6713,4169000,100
11-24 19:19:07.333  1011  1189 I ASH     : @ 196799.521: tcs3701: stop power rail pending_off timer
11-24 19:19:07.333  1011  1189 D ASH     : @ 196799.521: tcs3701: start power rail timer, state:3
11-24 19:19:07.373  1011  1189 I ASH     : @ 196799.561: tcs3701: stop power rail pending_off timer
11-24 19:19:07.373  1011  1189 D ASH     : @ 196799.561: tcs3701: start power rail timer, state:3
11-24 19:19:07.413  1011  1189 I ASH     : @ 196799.601: tcs3701: stop power rail pending_off timer
11-24 19:19:07.413  1011  1189 D ASH     : @ 196799.601: tcs3701: start power rail timer, state:3
11-24 19:19:07.420 29531 29575 I BatteryMgr:DataCollectionService: stats => 1700849947419,12512,4442,6713,4169000,100
11-24 19:19:07.453  1011  1189 I ASH     : @ 196799.641: tcs3701: stop power rail pending_off timer
11-24 19:19:07.453  1011  1189 D ASH     : @ 196799.641: tcs3701: start power rail timer, state:3
11-24 19:19:07.493  1011  1189 I ASH     : @ 196799.681: tcs3701: stop power rail pending_off timer
11-24 19:19:07.493  1011  1189 D ASH     : @ 196799.681: tcs3701: start power rail timer, state:3
11-24 19:19:07.525 29531 29575 I BatteryMgr:DataCollectionService: stats => 1700849947525,12512,4442,6713,4169000,100
11-24 19:19:07.527  2113  2118 I pixel-thermal: skin-therm-monitor: 39.538
11-24 19:19:07.533  1011  1189 I ASH     : @ 196799.721: tcs3701: stop power rail pending_off timer
11-24 19:19:07.533  1011  1189 D ASH     : @ 196799.721: tcs3701: start power rail timer, state:3
11-24 19:19:07.573  1011  1189 I ASH     : @ 196799.761: tcs3701: stop power rail pending_off timer
11-24 19:19:07.573  1011  1189 D ASH     : @ 196799.761: tcs3701: start power rail timer, state:3
11-24 19:19:07.613  1011  1189 I ASH     : @ 196799.801: tcs3701: stop power rail pending_off timer
11-24 19:19:07.613  1011  1189 D ASH     : @ 196799.801: tcs3701: start power rail timer, state:3
11-24 19:19:07.632 29531 29575 I BatteryMgr:DataCollectionService: stats => 1700849947632,12512,4442,6713,4169000,100
11-24 19:19:07.653  1011  1189 I ASH     : @ 196799.841: tcs3701: stop power rail pending_off timer
11-24 19:19:07.653  1011  1189 D ASH     : @ 196799.841: tcs3701: start power rail timer, state:3
11-24 19:19:07.693  1011  1189 I ASH     : @ 196799.881: tcs3701: stop power rail pending_off timer
11-24 19:19:07.693  1011  1189 D ASH     : @ 196799.881: tcs3701: start power rail timer, state:3
11-24 19:19:07.733  1011  1189 I ASH     : @ 196799.921: tcs3701: stop power rail pending_off timer
11-24 19:19:07.734  1011  1189 D ASH     : @ 196799.921: tcs3701: start power rail timer, state:3
11-24 19:19:07.739 29531 29575 I BatteryMgr:DataCollectionService: stats => 1700849947739,12512,4442,6713,4169000,100
11-24 19:19:07.773  1011  1189 I ASH     : @ 196799.961: tcs3701: stop power rail pending_off timer
11-24 19:19:07.773  1011  1189 D ASH     : @ 196799.961: tcs3701: start power rail timer, state:3
11-24 19:19:07.813  1011  1189 I ASH     : @ 196800.001: tcs3701: stop power rail pending_off timer
11-24 19:19:07.813  1011  1189 D ASH     : @ 196800.001: tcs3701: start power rail timer, state:3
11-24 19:19:07.845  1795  4166 D ActivityManager: freezer override set to true
11-24 19:19:07.847 29531 29575 I BatteryMgr:DataCollectionService: stats => 1700849947847,12512,4442,6713,4169000,100
11-24 19:19:07.850  1795  4166 D ActivityManager: freezer override set to false
11-24 19:19:07.853  1011  1189 I ASH     : @ 196800.041: tcs3701: stop power rail pending_off timer
11-24 19:19:07.853  1011  1189 D ASH     : @ 196800.041: tcs3701: start power rail timer, state:3
11-24 19:19:07.893  1011  1189 I ASH     : @ 196800.081: tcs3701: stop power rail pending_off timer
11-24 19:19:07.893  1011  1189 D ASH     : @ 196800.081: tcs3701: start power rail timer, state:3
11-24 19:19:07.933  1011  1189 I ASH     : @ 196800.121: tcs3701: stop power rail pending_off timer
11-24 19:19:07.933  1011  1189 D ASH     : @ 196800.121: tcs3701: start power rail timer, state:3
11-24 19:19:07.952 29531 29575 I BatteryMgr:DataCollectionService: stats => 1700849947951,12512,4442,6713,4169000,100
11-24 19:19:07.974  1011  1189 I ASH     : @ 196800.161: tcs3701: stop power rail pending_off timer
11-24 19:19:07.975  1011  1189 D ASH     : @ 196800.161: tcs3701: start power rail timer, state:3
11-24 19:19:08.014  1011  1189 I ASH     : @ 196800.201: tcs3701: stop power rail pending_off timer
11-24 19:19:08.014  1011  1189 D ASH     : @ 196800.201: tcs3701: start power rail timer, state:3
11-24 19:19:08.053  1011  1189 I ASH     : @ 196800.241: tcs3701: stop power rail pending_off timer
11-24 19:19:08.053  1011  1189 D ASH     : @ 196800.241: tcs3701: start power rail timer, state:3
11-24 19:19:08.060 29531 29575 I BatteryMgr:DataCollectionService: stats => 1700849948060,12512,4442,6713,4169000,100
11-24 19:19:08.094  1011  1189 I ASH     : @ 196800.281: tcs3701: stop power rail pending_off timer
11-24 19:19:08.094  1011  1189 D ASH     : @ 196800.281: tcs3701: start power rail timer, state:3
11-24 19:19:08.133  1011  1189 I ASH     : @ 196800.321: tcs3701: stop power rail pending_off timer
11-24 19:19:08.133  1011  1189 D ASH     : @ 196800.321: tcs3701: start power rail timer, state:3
11-24 19:19:08.167 29531 29575 I BatteryMgr:DataCollectionService: stats => 1700849948167,12512,4442,6713,4169000,100
11-24 19:19:08.173  1011  1189 I ASH     : @ 196800.361: tcs3701: stop power rail pending_off timer
11-24 19:19:08.173  1011  1189 D ASH     : @ 196800.361: tcs3701: start power rail timer, state:3
11-24 19:19:08.214  1011  1189 I ASH     : @ 196800.401: tcs3701: stop power rail pending_off timer
11-24 19:19:08.214  1011  1189 D ASH     : @ 196800.401: tcs3701: start power rail timer, state:3
11-24 19:19:08.253  1011  1189 I ASH     : @ 196800.441: tcs3701: stop power rail pending_off timer
11-24 19:19:08.254  1011  1189 D ASH     : @ 196800.441: tcs3701: start power rail timer, state:3
11-24 19:19:08.276 29531 29575 I BatteryMgr:DataCollectionService: stats => 1700849948276,12512,4442,6713,4169000,100
11-24 19:19:08.292  1795  4166 D ActivityManager: freezer override set to true
11-24 19:19:08.293  1011  1189 I ASH     : @ 196800.481: tcs3701: stop power rail pending_off timer
11-24 19:19:08.293  1011  1189 D ASH     : @ 196800.481: tcs3701: start power rail timer, state:3
11-24 19:19:08.333  1011  1189 I ASH     : @ 196800.521: tcs3701: stop power rail pending_off timer
11-24 19:19:08.333  1011  1189 D ASH     : @ 196800.521: tcs3701: start power rail timer, state:3
11-24 19:19:08.373  1011  1189 I ASH     : @ 196800.561: tcs3701: stop power rail pending_off timer
11-24 19:19:08.373  1011  1189 D ASH     : @ 196800.561: tcs3701: start power rail timer, state:3
11-24 19:19:08.383 29531 29575 I BatteryMgr:DataCollectionService: stats => 1700849948383,12512,4442,6713,4169000,100
11-24 19:19:08.413  1011  1189 I ASH     : @ 196800.601: tcs3701: stop power rail pending_off timer
11-24 19:19:08.413  1011  1189 D ASH     : @ 196800.601: tcs3701: start power rail timer, state:3
11-24 19:19:08.427 26673 26687 I m.chrome.canary: Explicit concurrent copying GC freed 3661(192KB) AllocSpace objects, 3(60KB) LOS objects, 75% free, 12MB/51MB, paused 91us,31us total 50.569ms
11-24 19:19:08.453  1011  1189 I ASH     : @ 196800.641: tcs3701: stop power rail pending_off timer
11-24 19:19:08.453  1011  1189 D ASH     : @ 196800.641: tcs3701: start power rail timer, state:3
11-24 19:19:08.487  1795  4166 D ActivityManager: freezer override set to false
11-24 19:19:08.491 29531 29575 I BatteryMgr:DataCollectionService: stats => 1700849948491,12512,4442,6713,4169000,100
11-24 19:19:08.493  1011  1189 I ASH     : @ 196800.681: tcs3701: stop power rail pending_off timer
11-24 19:19:08.493  1011  1189 D ASH     : @ 196800.681: tcs3701: start power rail timer, state:3
11-24 19:19:08.533  1011  1189 I ASH     : @ 196800.721: tcs3701: stop power rail pending_off timer
11-24 19:19:08.533  1011  1189 D ASH     : @ 196800.721: tcs3701: start power rail timer, state:3
11-24 19:19:08.545  1795  3659 D ActivityManager: freezer override set to true
11-24 19:19:08.548  1795  3659 D ActivityManager: freezer override set to false
11-24 19:19:08.573  1011  1189 I ASH     : @ 196800.761: tcs3701: stop power rail pending_off timer
11-24 19:19:08.573  1011  1189 D ASH     : @ 196800.761: tcs3701: start power rail timer, state:3
11-24 19:19:08.600 29531 29575 I BatteryMgr:DataCollectionService: stats => 1700849948600,12512,4442,6713,4169000,100
11-24 19:19:08.613  1011  1189 I ASH     : @ 196800.801: tcs3701: stop power rail pending_off timer
11-24 19:19:08.613  1011  1189 D ASH     : @ 196800.801: tcs3701: start power rail timer, state:3
11-24 19:19:08.653  1011  1189 I ASH     : @ 196800.841: tcs3701: stop power rail pending_off timer
11-24 19:19:08.653  1011  1189 D ASH     : @ 196800.841: tcs3701: start power rail timer, state:3
11-24 19:19:08.693  1011  1189 I ASH     : @ 196800.881: tcs3701: stop power rail pending_off timer
11-24 19:19:08.693  1011  1189 D ASH     : @ 196800.881: tcs3701: start power rail timer, state:3
11-24 19:19:08.707 29531 29575 I BatteryMgr:DataCollectionService: stats => 1700849948707,12512,4442,6713,4169000,100
11-24 19:19:08.733  1011  1189 I ASH     : @ 196800.921: tcs3701: stop power rail pending_off timer
11-24 19:19:08.733  1011  1189 D ASH     : @ 196800.921: tcs3701: start power rail timer, state:3
11-24 19:19:08.773  1011  1189 I ASH     : @ 196800.961: tcs3701: stop power rail pending_off timer
11-24 19:19:08.773  1011  1189 D ASH     : @ 196800.961: tcs3701: start power rail timer, state:3
11-24 19:19:08.813  1011  1189 I ASH     : @ 196801.001: tcs3701: stop power rail pending_off timer
11-24 19:19:08.813  1011  1189 D ASH     : @ 196801.001: tcs3701: start power rail timer, state:3
11-24 19:19:08.815 29531 29575 I BatteryMgr:DataCollectionService: stats => 1700849948815,12512,4442,6713,4169000,100
11-24 19:19:08.830  1795  3659 D ActivityManager: freezer override set to true
11-24 19:19:08.835  1795  3659 D ActivityManager: freezer override set to false
11-24 19:19:08.853  1011  1189 I ASH     : @ 196801.041: tcs3701: stop power rail pending_off timer
11-24 19:19:08.853  1011  1189 D ASH     : @ 196801.041: tcs3701: start power rail timer, state:3
11-24 19:19:08.893  1011  1189 I ASH     : @ 196801.081: tcs3701: stop power rail pending_off timer
11-24 19:19:08.893  1011  1189 D ASH     : @ 196801.081: tcs3701: start power rail timer, state:3
11-24 19:19:08.922 29531 29575 I BatteryMgr:DataCollectionService: stats => 1700849948922,12512,4442,6713,4169000,100
11-24 19:19:08.933  1011  1189 I ASH     : @ 196801.121: tcs3701: stop power rail pending_off timer
11-24 19:19:08.933  1011  1189 D ASH     : @ 196801.121: tcs3701: start power rail timer, state:3
11-24 19:19:08.973  1011  1189 I ASH     : @ 196801.161: tcs3701: stop power rail pending_off timer
11-24 19:19:08.973  1011  1189 D ASH     : @ 196801.161: tcs3701: start power rail timer, state:3
11-24 19:19:09.013  1011  1189 I ASH     : @ 196801.201: tcs3701: stop power rail pending_off timer
11-24 19:19:09.013  1011  1189 D ASH     : @ 196801.201: tcs3701: start power rail timer, state:3
11-24 19:19:09.031 29531 29575 I BatteryMgr:DataCollectionService: stats => 1700849949031,12512,4442,6713,4169000,100
11-24 19:19:09.053  1011  1189 I ASH     : @ 196801.241: tcs3701: stop power rail pending_off timer
11-24 19:19:09.053  1011  1189 D ASH     : @ 196801.241: tcs3701: start power rail timer, state:3
11-24 19:19:09.093  1011  1189 I ASH     : @ 196801.281: tcs3701: stop power rail pending_off timer
11-24 19:19:09.093  1011  1189 D ASH     : @ 196801.281: tcs3701: start power rail timer, state:3
11-24 19:19:09.133  1011  1189 I ASH     : @ 196801.321: tcs3701: stop power rail pending_off timer
11-24 19:19:09.133  1011  1189 D ASH     : @ 196801.321: tcs3701: start power rail timer, state:3
11-24 19:19:09.140 29531 29575 I BatteryMgr:DataCollectionService: stats => 1700849949140,12512,4442,6713,4169000,100
11-24 19:19:09.173  1011  1189 I ASH     : @ 196801.361: tcs3701: stop power rail pending_off timer
11-24 19:19:09.173  1011  1189 D ASH     : @ 196801.361: tcs3701: start power rail timer, state:3
11-24 19:19:09.213  1011  1189 I ASH     : @ 196801.401: tcs3701: stop power rail pending_off timer
11-24 19:19:09.213  1011  1189 D ASH     : @ 196801.401: tcs3701: start power rail timer, state:3
11-24 19:19:09.247 29531 29575 I BatteryMgr:DataCollectionService: stats => 1700849949247,12512,4442,6713,4169000,100
11-24 19:19:09.253  1011  1189 I ASH     : @ 196801.441: tcs3701: stop power rail pending_off timer
11-24 19:19:09.253  1011  1189 D ASH     : @ 196801.441: tcs3701: start power rail timer, state:3
11-24 19:19:09.293  1011  1189 I ASH     : @ 196801.481: tcs3701: stop power rail pending_off timer
11-24 19:19:09.293  1011  1189 D ASH     : @ 196801.481: tcs3701: start power rail timer, state:3
11-24 19:19:09.333  1011  1189 I ASH     : @ 196801.521: tcs3701: stop power rail pending_off timer
11-24 19:19:09.333  1011  1189 D ASH     : @ 196801.521: tcs3701: start power rail timer, state:3
11-24 19:19:09.357 29531 29575 I BatteryMgr:DataCollectionService: stats => 1700849949357,12512,4442,6713,4169000,100
11-24 19:19:09.373  1011  1189 I ASH     : @ 196801.561: tcs3701: stop power rail pending_off timer
11-24 19:19:09.373  1011  1189 D ASH     : @ 196801.561: tcs3701: start power rail timer, state:3
11-24 19:19:09.413  1011  1189 I ASH     : @ 196801.601: tcs3701: stop power rail pending_off timer
11-24 19:19:09.413  1011  1189 D ASH     : @ 196801.601: tcs3701: start power rail timer, state:3
11-24 19:19:09.453  1011  1189 I ASH     : @ 196801.641: tcs3701: stop power rail pending_off timer
11-24 19:19:09.453  1011  1189 D ASH     : @ 196801.641: tcs3701: start power rail timer, state:3
11-24 19:19:09.464 29531 29575 I BatteryMgr:DataCollectionService: stats => 1700849949464,12512,4442,6713,4169000,100
11-24 19:19:09.493  1011  1189 I ASH     : @ 196801.681: tcs3701: stop power rail pending_off timer
11-24 19:19:09.493  1011  1189 D ASH     : @ 196801.681: tcs3701: start power rail timer, state:3
11-24 19:19:09.530  2113  2118 I pixel-thermal: skin-therm-monitor: 39.579
11-24 19:19:09.533  1011  1189 I ASH     : @ 196801.721: tcs3701: stop power rail pending_off timer
11-24 19:19:09.533  1011  1189 D ASH     : @ 196801.721: tcs3701: start power rail timer, state:3
11-24 19:19:09.570 29531 29575 I BatteryMgr:DataCollectionService: stats => 1700849949570,12512,4442,6713,4169000,100
11-24 19:19:09.573  1011  1189 I ASH     : @ 196801.761: tcs3701: stop power rail pending_off timer
11-24 19:19:09.573  1011  1189 D ASH     : @ 196801.761: tcs3701: start power rail timer, state:3
11-24 19:19:09.613  1011  1189 I ASH     : @ 196801.801: tcs3701: stop power rail pending_off timer
11-24 19:19:09.613  1011  1189 D ASH     : @ 196801.801: tcs3701: start power rail timer, state:3
11-24 19:19:09.653  1011  1189 I ASH     : @ 196801.841: tcs3701: stop power rail pending_off timer
11-24 19:19:09.653  1011  1189 D ASH     : @ 196801.841: tcs3701: start power rail timer, state:3
11-24 19:19:09.678 29531 29575 I BatteryMgr:DataCollectionService: stats => 1700849949678,12512,4442,6713,4169000,100
11-24 19:19:09.693  1011  1189 I ASH     : @ 196801.881: tcs3701: stop power rail pending_off timer
11-24 19:19:09.693  1011  1189 D ASH     : @ 196801.881: tcs3701: start power rail timer, state:3
11-24 19:19:09.720  1795  3659 D ActivityManager: freezer override set to true
11-24 19:19:09.733  1011  1189 I ASH     : @ 196801.921: tcs3701: stop power rail pending_off timer
11-24 19:19:09.733  1011  1189 D ASH     : @ 196801.921: tcs3701: start power rail timer, state:3
11-24 19:19:09.773  1011  1189 I ASH     : @ 196801.961: tcs3701: stop power rail pending_off timer
11-24 19:19:09.773  1011  1189 D ASH     : @ 196801.961: tcs3701: start power rail timer, state:3
11-24 19:19:09.795 29531 29575 I BatteryMgr:DataCollectionService: stats => 1700849949795,12512,4442,6713,4169000,100
11-24 19:19:09.806  1795  1848 I system_server: Background concurrent copying GC freed 2114535(75MB) AllocSpace objects, 1068(20MB) LOS objects, 70% free, 40MB/136MB, paused 85us,140us total 151.740ms
11-24 19:19:09.813  1011  1189 I ASH     : @ 196802.001: tcs3701: stop power rail pending_off timer
11-24 19:19:09.813  1011  1189 D ASH     : @ 196802.001: tcs3701: start power rail timer, state:3
11-24 19:19:09.843  1795  2424 D WifiClientModeImpl[13802:wlan0]: updateLinkLayerStatsRssiSpeedFrequencyCapabilities rssi=-48 TxLinkspeed=650 freq=5240 RxLinkSpeed=866
11-24 19:19:09.844  2782  5906 D QCNEJ/WlanStaInfoRelay: Received action: android.net.wifi.RSSI_CHANGED
11-24 19:19:09.845  1795  2424 D WifiDataStall: tx tput in kbps: 541582
11-24 19:19:09.845  1795  2424 D WifiDataStall: rx tput in kbps: 801726
11-24 19:19:09.845  1795  2424 V WifiConfigManager: Updating scan detail cache freq=5240 BSSID=f4:6d:2f:12:cc:88 RSSI=-47 for "ourhome"WPA_PSK
11-24 19:19:09.845  1795  2424 D WifiChannelUtilization:  freq: 5240 onTime: 6013891 busyTime: 607704 onTimeDiff: 103932 busyTimeDiff: 7915 utilization: 19 utilization t0: 25
11-24 19:19:09.846  1795  2424 D WifiDataStall:  ccaLevel = 19
11-24 19:19:09.846  1795  2424 D WifiDataStall: L2 txTputKbps: 571669, rxTputKbps: 801726, L3 txTputKbps: 0, rxTputKbps: 0, TxTrafficHigh: false, RxTrafficHigh: false, Throughput Sufficient: true
11-24 19:19:09.846  2673  2692 V WifiManager: OnWifiUsabilityStatsListener: onWifiUsabilityStats: seqNum=58192
11-24 19:19:09.846  1795  2424 D WifiScoreReport: Wifi scoring disabled - Don't check IP layer
11-24 19:19:09.846  1795  2424 D WifiScoreCard: BSSID update SIGNAL_POLL ID: 1320464697 SSID: "ourhome", BSSID: f4:6d:2f:12:cc:88, MAC: b2:2f:ec:da:4a:0c, IP: /192.168.1.104, Security type: 2, Supplicant state: COMPLETED, Wi-Fi standard: 5, RSSI: -48, Link speed: 650Mbps, Tx Link speed: 650Mbps, Max Supported Tx Link speed: 866Mbps, Rx Link speed: 866Mbps, Max Supported Rx Link speed: 866Mbps, Frequency: 5240MHz, Net ID: 12, Metered hint: false, score: 60, isUsable: true, CarrierMerged: false, SubscriptionId: -1, IsPrimary: 1, Trusted: true, Restricted: false, Ephemeral: false, OEM paid: false, OEM private: false, OSU AP: false, FQDN: <none>, Provider friendly name: <none>, Requesting package name: <none>"ourhome"wpa2-pskMLO Information: , Is TID-To-Link negotiation supported by the AP: false, AP MLD Address: <none>, AP MLO Link Id: <none>, AP MLO Affiliated links: <none>
11-24 19:19:09.846  1795  2424 D WifiScoreCard: txRate: 2 txSpeed: 650
11-24 19:19:09.846  1795  2424 D WifiScoreCard: network update SIGNAL_POLL "ourhome" ID: 1499892569 RSSI -48 txSpeed -1
11-24 19:19:09.846  1795  2262 I WifiService: updateWifiUsabilityScore uid=10180 seqNum=58192 score=100 predictionHorizonSec=1441795
11-24 19:19:09.846  2513 14800 V WifiManager: TrafficStateCallbackProxy: onStateChanged state=0
11-24 19:19:09.847  1795  2424 D WifiClientModeImpl[13802:wlan0]:  ClientModeImpl$L2ConnectedState screen=on 29 0 "ourhome" f4:6d:2f:12:cc:88 rssi=-48 f=5240 sc=60 link=650 tx=1.4, 0.1, 0.0 rx=0.8 bcn=1896941 [on:0 tx:0 rx:0 period:3016] from screen [on:1404311 period:45191838] score=60
11-24 19:19:09.847  1795  2424 D WifiScoreReport: Wifi scoring disabled - Notify that Wifi is usable
11-24 19:19:09.850  1795  2432 D ConnectivityService: NetReassign [no changes] [c 0] [a 1] [i 2]
11-24 19:19:09.853  1011  1189 I ASH     : @ 196802.041: tcs3701: stop power rail pending_off timer
11-24 19:19:09.853  1011  1189 D ASH     : @ 196802.041: tcs3701: start power rail timer, state:3
11-24 19:19:09.874  1795  1850 W System  : A resource failed to call release. 
11-24 19:19:09.877  1795  1850 W System  : A resource failed to call release. 
11-24 19:19:09.880  1795  1850 W System  : A resource failed to call close. 
11-24 19:19:09.883 26673 26687 I m.chrome.canary: Explicit concurrent copying GC freed 3646(192KB) AllocSpace objects, 3(60KB) LOS objects, 75% free, 12MB/51MB, paused 32us,24us total 58.887ms
11-24 19:19:09.893  1011  1189 I ASH     : @ 196802.081: tcs3701: stop power rail pending_off timer
11-24 19:19:09.893  1011  1189 D ASH     : @ 196802.081: tcs3701: start power rail timer, state:3
11-24 19:19:09.901 29531 29575 I BatteryMgr:DataCollectionService: stats => 1700849949901,12512,4442,6713,4169000,100
11-24 19:19:09.933  1011  1189 I ASH     : @ 196802.121: tcs3701: stop power rail pending_off timer
11-24 19:19:09.933  1011  1189 D ASH     : @ 196802.121: tcs3701: start power rail timer, state:3
11-24 19:19:09.952  1795  4166 D ActivityManager: freezer override set to false
11-24 19:19:09.974  1011  1189 I ASH     : @ 196802.161: tcs3701: stop power rail pending_off timer
11-24 19:19:09.974  1011  1189 D ASH     : @ 196802.161: tcs3701: start power rail timer, state:3
11-24 19:19:10.002  1795  4166 D ActivityManager: freezer override set to true
11-24 19:19:10.005  1795  4166 D ActivityManager: freezer override set to false
11-24 19:19:10.007 29531 29575 I BatteryMgr:DataCollectionService: stats => 1700849950007,12512,4442,6713,4169000,100
11-24 19:19:10.013  1011  1189 I ASH     : @ 196802.201: tcs3701: stop power rail pending_off timer
11-24 19:19:10.013  1011  1189 D ASH     : @ 196802.201: tcs3701: start power rail timer, state:3
11-24 19:19:10.053  1011  1189 I ASH     : @ 196802.241: tcs3701: stop power rail pending_off timer
11-24 19:19:10.053  1011  1189 D ASH     : @ 196802.241: tcs3701: start power rail timer, state:3
11-24 19:19:10.093  1011  1189 I ASH     : @ 196802.281: tcs3701: stop power rail pending_off timer
11-24 19:19:10.093  1011  1189 D ASH     : @ 196802.281: tcs3701: start power rail timer, state:3
11-24 19:19:10.116 29531 29575 I BatteryMgr:DataCollectionService: stats => 1700849950116,12512,4442,6713,4169000,100
11-24 19:19:10.133  1011  1189 I ASH     : @ 196802.321: tcs3701: stop power rail pending_off timer
11-24 19:19:10.133  1011  1189 D ASH     : @ 196802.321: tcs3701: start power rail timer, state:3
11-24 19:19:10.173  1011  1189 I ASH     : @ 196802.361: tcs3701: stop power rail pending_off timer
11-24 19:19:10.173  1011  1189 D ASH     : @ 196802.361: tcs3701: start power rail timer, state:3
11-24 19:19:10.213  1011  1189 I ASH     : @ 196802.401: tcs3701: stop power rail pending_off timer
11-24 19:19:10.213  1011  1189 D ASH     : @ 196802.401: tcs3701: start power rail timer, state:3
11-24 19:19:10.222 29531 29575 I BatteryMgr:DataCollectionService: stats => 1700849950222,12512,4442,6713,4169000,100
11-24 19:19:10.253  1011  1189 I ASH     : @ 196802.441: tcs3701: stop power rail pending_off timer
11-24 19:19:10.253  1011  1189 D ASH     : @ 196802.441: tcs3701: start power rail timer, state:3
11-24 19:19:10.293  1011  1189 I ASH     : @ 196802.481: tcs3701: stop power rail pending_off timer
11-24 19:19:10.293  1011  1189 D ASH     : @ 196802.481: tcs3701: start power rail timer, state:3
11-24 19:19:10.329 29531 29575 I BatteryMgr:DataCollectionService: stats => 1700849950329,12512,4442,6713,4169000,100
11-24 19:19:10.333  1011  1189 I ASH     : @ 196802.521: tcs3701: stop power rail pending_off timer
11-24 19:19:10.333  1011  1189 D ASH     : @ 196802.521: tcs3701: start power rail timer, state:3
11-24 19:19:10.373  1011  1189 I ASH     : @ 196802.561: tcs3701: stop power rail pending_off timer
11-24 19:19:10.373  1011  1189 D ASH     : @ 196802.561: tcs3701: start power rail timer, state:3
11-24 19:19:10.413  1011  1189 I ASH     : @ 196802.601: tcs3701: stop power rail pending_off timer
11-24 19:19:10.413  1011  1189 D ASH     : @ 196802.601: tcs3701: start power rail timer, state:3
11-24 19:19:10.436 29531 29575 I BatteryMgr:DataCollectionService: stats => 1700849950436,12512,4442,6713,4169000,100
11-24 19:19:10.453  1011  1189 I ASH     : @ 196802.641: tcs3701: stop power rail pending_off timer
11-24 19:19:10.453  1011  1189 D ASH     : @ 196802.641: tcs3701: start power rail timer, state:3
11-24 19:19:10.493  1011  1189 I ASH     : @ 196802.681: tcs3701: stop power rail pending_off timer
11-24 19:19:10.493  1011  1189 D ASH     : @ 196802.681: tcs3701: start power rail timer, state:3
11-24 19:19:10.533  1011  1189 I ASH     : @ 196802.721: tcs3701: stop power rail pending_off timer
11-24 19:19:10.533  1011  1189 D ASH     : @ 196802.721: tcs3701: start power rail timer, state:3
11-24 19:19:10.542 29531 29575 I BatteryMgr:DataCollectionService: stats => 1700849950542,12512,4442,6713,4169000,100
11-24 19:19:10.573  1011  1189 I ASH     : @ 196802.761: tcs3701: stop power rail pending_off timer
11-24 19:19:10.573  1011  1189 D ASH     : @ 196802.761: tcs3701: start power rail timer, state:3
11-24 19:19:10.613  1011  1189 I ASH     : @ 196802.801: tcs3701: stop power rail pending_off timer
11-24 19:19:10.613  1011  1189 D ASH     : @ 196802.801: tcs3701: start power rail timer, state:3
11-24 19:19:10.649 29531 29575 I BatteryMgr:DataCollectionService: stats => 1700849950648,12512,4442,6713,4169000,100
11-24 19:19:10.653  1011  1189 I ASH     : @ 196802.841: tcs3701: stop power rail pending_off timer
11-24 19:19:10.653  1011  1189 D ASH     : @ 196802.841: tcs3701: start power rail timer, state:3
11-24 19:19:10.693  1011  1189 I ASH     : @ 196802.881: tcs3701: stop power rail pending_off timer
11-24 19:19:10.693  1011  1189 D ASH     : @ 196802.881: tcs3701: start power rail timer, state:3
11-24 19:19:10.733  1011  1189 I ASH     : @ 196802.921: tcs3701: stop power rail pending_off timer
11-24 19:19:10.733  1011  1189 D ASH     : @ 196802.921: tcs3701: start power rail timer, state:3
11-24 19:19:10.757 29531 29575 I BatteryMgr:DataCollectionService: stats => 1700849950757,12512,4442,6713,4169000,100
11-24 19:19:10.773  1011  1189 I ASH     : @ 196802.961: tcs3701: stop power rail pending_off timer
11-24 19:19:10.773  1011  1189 D ASH     : @ 196802.961: tcs3701: start power rail timer, state:3
11-24 19:19:10.813  1011  1189 I ASH     : @ 196803.001: tcs3701: stop power rail pending_off timer
11-24 19:19:10.813  1011  1189 D ASH     : @ 196803.001: tcs3701: start power rail timer, state:3
11-24 19:19:10.821  1795  3659 D ActivityManager: freezer override set to true
11-24 19:19:10.827  1795  3659 D ActivityManager: freezer override set to false
11-24 19:19:10.853  1011  1189 I ASH     : @ 196803.041: tcs3701: stop power rail pending_off timer
11-24 19:19:10.853  1011  1189 D ASH     : @ 196803.041: tcs3701: start power rail timer, state:3
11-24 19:19:10.864 29531 29575 I BatteryMgr:DataCollectionService: stats => 1700849950864,12512,4442,6713,4169000,100
11-24 19:19:10.893  1011  1189 I ASH     : @ 196803.081: tcs3701: stop power rail pending_off timer
11-24 19:19:10.893  1011  1189 D ASH     : @ 196803.081: tcs3701: start power rail timer, state:3
11-24 19:19:10.934  1011  1189 I ASH     : @ 196803.121: tcs3701: stop power rail pending_off timer
11-24 19:19:10.934  1011  1189 D ASH     : @ 196803.121: tcs3701: start power rail timer, state:3
11-24 19:19:10.973 29531 29575 I BatteryMgr:DataCollectionService: stats => 1700849950973,12512,4442,6713,4169000,100
11-24 19:19:10.973  1011  1189 I ASH     : @ 196803.161: tcs3701: stop power rail pending_off timer
11-24 19:19:10.973  1011  1189 D ASH     : @ 196803.161: tcs3701: start power rail timer, state:3
11-24 19:19:11.013  1011  1189 I ASH     : @ 196803.201: tcs3701: stop power rail pending_off timer
11-24 19:19:11.013  1011  1189 D ASH     : @ 196803.201: tcs3701: start power rail timer, state:3
11-24 19:19:11.053  1011  1189 I ASH     : @ 196803.241: tcs3701: stop power rail pending_off timer
11-24 19:19:11.053  1011  1189 D ASH     : @ 196803.241: tcs3701: start power rail timer, state:3
11-24 19:19:11.081 29531 29575 I BatteryMgr:DataCollectionService: stats => 1700849951081,12512,4442,6713,4169000,100
11-24 19:19:11.093  1011  1189 I ASH     : @ 196803.281: tcs3701: stop power rail pending_off timer
11-24 19:19:11.093  1011  1189 D ASH     : @ 196803.281: tcs3701: start power rail timer, state:3
11-24 19:19:11.133  1011  1189 I ASH     : @ 196803.321: tcs3701: stop power rail pending_off timer
11-24 19:19:11.133  1011  1189 D ASH     : @ 196803.321: tcs3701: start power rail timer, state:3
11-24 19:19:11.173  1011  1189 I ASH     : @ 196803.361: tcs3701: stop power rail pending_off timer
11-24 19:19:11.173  1011  1189 D ASH     : @ 196803.361: tcs3701: start power rail timer, state:3
11-24 19:19:11.190 29531 29575 I BatteryMgr:DataCollectionService: stats => 1700849951190,12512,4442,6713,4169000,100
11-24 19:19:11.200  1795  3659 D ActivityManager: freezer override set to true
11-24 19:19:11.213  1011  1189 I ASH     : @ 196803.401: tcs3701: stop power rail pending_off timer
11-24 19:19:11.213  1011  1189 D ASH     : @ 196803.401: tcs3701: start power rail timer, state:3
11-24 19:19:11.253  1011  1189 I ASH     : @ 196803.441: tcs3701: stop power rail pending_off timer
11-24 19:19:11.253  1011  1189 D ASH     : @ 196803.441: tcs3701: start power rail timer, state:3
11-24 19:19:11.294  1011  1189 I ASH     : @ 196803.481: tcs3701: stop power rail pending_off timer
11-24 19:19:11.294  1011  1189 D ASH     : @ 196803.481: tcs3701: start power rail timer, state:3
11-24 19:19:11.300 29531 29575 I BatteryMgr:DataCollectionService: stats => 1700849951300,12512,4442,6713,4169000,100
11-24 19:19:11.333  1011  1189 I ASH     : @ 196803.521: tcs3701: stop power rail pending_off timer
11-24 19:19:11.333  1011  1189 D ASH     : @ 196803.521: tcs3701: start power rail timer, state:3
11-24 19:19:11.368 26673 26687 I m.chrome.canary: Explicit concurrent copying GC freed 3940(224KB) AllocSpace objects, 4(80KB) LOS objects, 75% free, 12MB/51MB, paused 84us,23us total 77.667ms
11-24 19:19:11.373  1011  1189 I ASH     : @ 196803.561: tcs3701: stop power rail pending_off timer
11-24 19:19:11.373  1011  1189 D ASH     : @ 196803.561: tcs3701: start power rail timer, state:3
11-24 19:19:11.407 29531 29575 I BatteryMgr:DataCollectionService: stats => 1700849951407,12512,4442,6713,4169000,100
11-24 19:19:11.413  1011  1189 I ASH     : @ 196803.601: tcs3701: stop power rail pending_off timer
11-24 19:19:11.413  1011  1189 D ASH     : @ 196803.601: tcs3701: start power rail timer, state:3
11-24 19:19:11.428  1795  3659 D ActivityManager: freezer override set to false
11-24 19:19:11.454  1011  1189 I ASH     : @ 196803.641: tcs3701: stop power rail pending_off timer
11-24 19:19:11.454  1011  1189 D ASH     : @ 196803.641: tcs3701: start power rail timer, state:3
11-24 19:19:11.488  1795  3659 D ActivityManager: freezer override set to true
11-24 19:19:11.490  1795  3659 D ActivityManager: freezer override set to false
11-24 19:19:11.493  1011  1189 I ASH     : @ 196803.681: tcs3701: stop power rail pending_off timer
11-24 19:19:11.493  1011  1189 D ASH     : @ 196803.681: tcs3701: start power rail timer, state:3
11-24 19:19:11.510 29531 29575 I BatteryMgr:DataCollectionService: stats => 1700849951510,12512,4442,6713,4169000,100
11-24 19:19:11.533  2113  2118 I pixel-thermal: skin-therm-monitor: 39.609
11-24 19:19:11.534  1011  1189 I ASH     : @ 196803.721: tcs3701: stop power rail pending_off timer
11-24 19:19:11.534  1011  1189 D ASH     : @ 196803.721: tcs3701: start power rail timer, state:3
11-24 19:19:11.573  1011  1189 I ASH     : @ 196803.761: tcs3701: stop power rail pending_off timer
11-24 19:19:11.573  1011  1189 D ASH     : @ 196803.761: tcs3701: start power rail timer, state:3
11-24 19:19:11.613  1011  1189 I ASH     : @ 196803.801: tcs3701: stop power rail pending_off timer
11-24 19:19:11.613  1011  1189 D ASH     : @ 196803.801: tcs3701: start power rail timer, state:3
11-24 19:19:11.618 29531 29575 I BatteryMgr:DataCollectionService: stats => 1700849951618,12512,4442,6713,4169000,100
11-24 19:19:11.653  1011  1189 I ASH     : @ 196803.841: tcs3701: stop power rail pending_off timer
11-24 19:19:11.653  1011  1189 D ASH     : @ 196803.841: tcs3701: start power rail timer, state:3
11-24 19:19:11.693  1011  1189 I ASH     : @ 196803.881: tcs3701: stop power rail pending_off timer
11-24 19:19:11.693  1011  1189 D ASH     : @ 196803.881: tcs3701: start power rail timer, state:3
11-24 19:19:11.724 29531 29575 I BatteryMgr:DataCollectionService: stats => 1700849951724,12512,4442,6713,4169000,100
11-24 19:19:11.734  1011  1189 I ASH     : @ 196803.921: tcs3701: stop power rail pending_off timer
11-24 19:19:11.734  1011  1189 D ASH     : @ 196803.921: tcs3701: start power rail timer, state:3
11-24 19:19:11.773  1011  1189 I ASH     : @ 196803.961: tcs3701: stop power rail pending_off timer
11-24 19:19:11.773  1011  1189 D ASH     : @ 196803.961: tcs3701: start power rail timer, state:3
11-24 19:19:11.813  1011  1189 I ASH     : @ 196804.001: tcs3701: stop power rail pending_off timer
11-24 19:19:11.813  1011  1189 D ASH     : @ 196804.001: tcs3701: start power rail timer, state:3
11-24 19:19:11.827  1795  3659 D ActivityManager: freezer override set to true
11-24 19:19:11.832  1795  3659 D ActivityManager: freezer override set to false
11-24 19:19:11.832 29531 29575 I BatteryMgr:DataCollectionService: stats => 1700849951832,12512,4442,6713,4169000,100
11-24 19:19:11.853  1011  1189 I ASH     : @ 196804.041: tcs3701: stop power rail pending_off timer
11-24 19:19:11.853  1011  1189 D ASH     : @ 196804.041: tcs3701: start power rail timer, state:3
11-24 19:19:11.893  1011  1189 I ASH     : @ 196804.081: tcs3701: stop power rail pending_off timer
11-24 19:19:11.893  1011  1189 D ASH     : @ 196804.081: tcs3701: start power rail timer, state:3
11-24 19:19:11.933  1011  1189 I ASH     : @ 196804.121: tcs3701: stop power rail pending_off timer
