--------- beginning of main
11-24 19:35:48.374  1011  1189 I ASH     : @ 197800.561: tcs3701: stop power rail pending_off timer
11-24 19:35:48.374  1011  1189 D ASH     : @ 197800.561: tcs3701: start power rail timer, state:3
11-24 19:35:48.414  1011  1189 I ASH     : @ 197800.601: tcs3701: stop power rail pending_off timer
11-24 19:35:48.414  1011  1189 D ASH     : @ 197800.601: tcs3701: start power rail timer, state:3
11-24 19:35:48.417  1795  2424 D WifiClientModeImpl[13802:wlan0]: updateLinkLayerStatsRssiSpeedFrequencyCapabilities rssi=-47 TxLinkspeed=866 freq=5240 RxLinkSpeed=866
11-24 19:35:48.418  1795  2424 D WifiDataStall: tx tput in kbps: 761640
11-24 19:35:48.418  1795  2424 D WifiDataStall: rx tput in kbps: 801726
11-24 19:35:48.418  1795  2424 V WifiConfigManager: Updating scan detail cache freq=5240 BSSID=f4:6d:2f:12:cc:88 RSSI=-46 for "ourhome"WPA_PSK
11-24 19:35:48.418  2782  5906 D QCNEJ/WlanStaInfoRelay: Received action: android.net.wifi.RSSI_CHANGED
11-24 19:35:48.419  1795  2424 D WifiChannelUtilization:  freq: 5240 onTime: 6050991 busyTime: 610640 onTimeDiff: 141032 busyTimeDiff: 10851 utilization: 19 utilization t0: 25
11-24 19:35:48.419  1795  2424 D WifiDataStall:  ccaLevel = 19
11-24 19:35:48.419  1795  2424 D WifiDataStall: L2 txTputKbps: 761640, rxTputKbps: 801726, L3 txTputKbps: 0, rxTputKbps: 0, TxTrafficHigh: false, RxTrafficHigh: false, Throughput Sufficient: true
11-24 19:35:48.419  1795  2424 D WifiScoreReport: Wifi scoring disabled - Don't check IP layer
11-24 19:35:48.419  2673  2739 V WifiManager: OnWifiUsabilityStatsListener: onWifiUsabilityStats: seqNum=58523
11-24 19:35:48.420  1795  1853 I WifiService: updateWifiUsabilityScore uid=10180 seqNum=58523 score=100 predictionHorizonSec=1441795
11-24 19:35:48.420  1795  2424 D WifiScoreCard: BSSID update SIGNAL_POLL ID: 1320464697 SSID: "ourhome", BSSID: f4:6d:2f:12:cc:88, MAC: b2:2f:ec:da:4a:0c, IP: /192.168.1.104, Security type: 2, Supplicant state: COMPLETED, Wi-Fi standard: 5, RSSI: -47, Link speed: 866Mbps, Tx Link speed: 866Mbps, Max Supported Tx Link speed: 866Mbps, Rx Link speed: 866Mbps, Max Supported Rx Link speed: 866Mbps, Frequency: 5240MHz, Net ID: 12, Metered hint: false, score: 60, isUsable: true, CarrierMerged: false, SubscriptionId: -1, IsPrimary: 1, Trusted: true, Restricted: false, Ephemeral: false, OEM paid: false, OEM private: false, OSU AP: false, FQDN: <none>, Provider friendly name: <none>, Requesting package name: <none>"ourhome"wpa2-pskMLO Information: , Is TID-To-Link negotiation supported by the AP: false, AP MLD Address: <none>, AP MLO Link Id: <none>, AP MLO Affiliated links: <none>
11-24 19:35:48.420  1795  2424 D WifiScoreCard: txRate: 1 txSpeed: 866
11-24 19:35:48.420  1795  2424 D WifiScoreCard: network update SIGNAL_POLL "ourhome" ID: 1499892569 RSSI -47 txSpeed -1
11-24 19:35:48.421  2513  2539 V WifiManager: TrafficStateCallbackProxy: onStateChanged state=0
11-24 19:35:48.421  1795  2424 D WifiClientModeImpl[13802:wlan0]:  ClientModeImpl$L2ConnectedState screen=on 29 0 "ourhome" f4:6d:2f:12:cc:88 rssi=-47 f=5240 sc=60 link=866 tx=0.0, 0.0, 0.0 rx=0.0 bcn=1906666 [on:0 tx:0 rx:0 period:3023] from screen [on:1441411 period:46190412] score=60
11-24 19:35:48.421  1795  2424 D WifiScoreReport: Wifi scoring disabled - Notify that Wifi is usable
11-24 19:35:48.425  1795  2432 D ConnectivityService: NetReassign [no changes] [c 1] [a 0] [i 2]
11-24 19:35:48.454  1011  1189 I ASH     : @ 197800.641: tcs3701: stop power rail pending_off timer
11-24 19:35:48.454  1011  1189 D ASH     : @ 197800.641: tcs3701: start power rail timer, state:3
11-24 19:35:48.494  1011  1189 I ASH     : @ 197800.681: tcs3701: stop power rail pending_off timer
11-24 19:35:48.494  1011  1189 D ASH     : @ 197800.681: tcs3701: start power rail timer, state:3
11-24 19:35:48.519 18220 18220 D AndroidRuntime: >>>>>> START com.android.internal.os.RuntimeInit uid 2000 <<<<<<
11-24 19:35:48.523 18220 18220 I AndroidRuntime: Using default boot image
11-24 19:35:48.523 18220 18220 I AndroidRuntime: Leaving lock profiling enabled
11-24 19:35:48.527 18220 18220 I app_process: Using CollectorTypeCC GC.
11-24 19:35:48.534  1011  1189 I ASH     : @ 197800.721: tcs3701: stop power rail pending_off timer
11-24 19:35:48.534  1011  1189 D ASH     : @ 197800.721: tcs3701: start power rail timer, state:3
11-24 19:35:48.574  1011  1189 I ASH     : @ 197800.761: tcs3701: stop power rail pending_off timer
11-24 19:35:48.574  1011  1189 D ASH     : @ 197800.761: tcs3701: start power rail timer, state:3
11-24 19:35:48.614  1011  1189 I ASH     : @ 197800.801: tcs3701: stop power rail pending_off timer
11-24 19:35:48.614  1011  1189 D ASH     : @ 197800.801: tcs3701: start power rail timer, state:3
11-24 19:35:48.614 18220 18220 D nativeloader: InitDefaultPublicLibraries for_preload=1: libandroid.so:libaaudio.so:libamidi.so:libbinder_ndk.so:libc.so:libcamera2ndk.so:libdl.so:libEGL.so:libGLESv1_CM.so:libGLESv2.so:libGLESv3.so:libicu.so:libicui18n.so:libicuuc.so:libjnigraphics.so:liblog.so:libmediandk.so:libm.so:libnativehelper.so:libnativewindow.so:libOpenMAXAL.so:libOpenSLES.so:libRS.so:libstdc++.so:libsync.so:libvulkan.so:libwebviewchromium_plat_support.so:libz.so
11-24 19:35:48.632 18220 18220 D app_process: Time zone APEX ICU file found: /apex/com.android.tzdata/etc/icu/icu_tzdata.dat
11-24 19:35:48.632 18220 18220 D app_process: I18n APEX ICU file found: /apex/com.android.i18n/etc/icu/icudt70l.dat
11-24 19:35:48.654  1011  1189 I ASH     : @ 197800.841: tcs3701: stop power rail pending_off timer
11-24 19:35:48.654  1011  1189 D ASH     : @ 197800.841: tcs3701: start power rail timer, state:3
11-24 19:35:48.661 18220 18220 D AndroidRuntime: Calling main entry com.android.commands.monkey.Monkey
11-24 19:35:48.661 18220 18220 W Monkey  : args: [-p, com.chrome.canary, 1]
11-24 19:35:48.662 18220 18220 W Monkey  :  arg: "-p"
11-24 19:35:48.662 18220 18220 W Monkey  :  arg: "com.chrome.canary"
11-24 19:35:48.662 18220 18220 W Monkey  :  arg: "1"
11-24 19:35:48.662 18220 18220 W Monkey  : data="com.chrome.canary"
--------- beginning of system
11-24 19:35:48.673  1795  2119 W BroadcastQueue: Skipping deliver [background] BroadcastRecord{766b688 u-1 android.net.conn.CONNECTIVITY_CHANGE} to ReceiverList{7895821 18220 (unknown name)/2000/u-1 remote:bdf7a7a}: process gone or crashing
11-24 19:35:48.680  1795  1853 D CompatibilityChangeReporter: Compat change id reported: 161252188; UID 10010; state: DISABLED
11-24 19:35:48.680  1795  1853 I ActivityTaskManager: START u0 {act=android.intent.action.MAIN cat=[android.intent.category.LAUNCHER] flg=0x10200000 cmp=com.chrome.canary/com.google.android.apps.chrome.Main} from uid 2000
11-24 19:35:48.681  1795  1853 D CompatibilityChangeReporter: Compat change id reported: 265464455; UID 10010; state: DISABLED
11-24 19:35:48.681  1795  1853 D CompatibilityChangeReporter: Compat change id reported: 265452344; UID 10010; state: DISABLED
11-24 19:35:48.681  1795  1853 D CompatibilityChangeReporter: Compat change id reported: 266124927; UID 10010; state: DISABLED
11-24 19:35:48.681  1795  1853 D CompatibilityChangeReporter: Compat change id reported: 265451093; UID 10010; state: DISABLED
11-24 19:35:48.681  1795  1853 D CompatibilityChangeReporter: Compat change id reported: 265456536; UID 10010; state: DISABLED
11-24 19:35:48.681  1795  1853 D CompatibilityChangeReporter: Compat change id reported: 255940284; UID 10010; state: DISABLED
11-24 19:35:48.681  1795  1853 D CompatibilityChangeReporter: Compat change id reported: 236283604; UID 10010; state: DISABLED
11-24 19:35:48.681  1795  1853 D CompatibilityChangeReporter: Compat change id reported: 263959004; UID 10010; state: DISABLED
11-24 19:35:48.681  1795  1853 D CompatibilityChangeReporter: Compat change id reported: 264304459; UID 10010; state: DISABLED
11-24 19:35:48.681  1795  1853 D CompatibilityChangeReporter: Compat change id reported: 264301586; UID 10010; state: DISABLED
11-24 19:35:48.682  1795  1853 D CompatibilityChangeReporter: Compat change id reported: 254631730; UID 10010; state: DISABLED
11-24 19:35:48.682  1795  1853 D CompatibilityChangeReporter: Compat change id reported: 273509367; UID 10010; state: DISABLED
11-24 19:35:48.682  1795  1853 D CompatibilityChangeReporter: Compat change id reported: 263259275; UID 10010; state: DISABLED
11-24 19:35:48.682  1795  1853 D CompatibilityChangeReporter: Compat change id reported: 194480991; UID 10010; state: ENABLED
11-24 19:35:48.682  1795  1853 D CompatibilityChangeReporter: Compat change id reported: 174042980; UID 10010; state: DISABLED
11-24 19:35:48.684  1795  1853 D CompatibilityChangeReporter: Compat change id reported: 184838306; UID 10010; state: DISABLED
11-24 19:35:48.684  1795  1853 D CompatibilityChangeReporter: Compat change id reported: 185004937; UID 10010; state: DISABLED
11-24 19:35:48.684  1795  1853 D CompatibilityChangeReporter: Compat change id reported: 181136395; UID 10010; state: DISABLED
11-24 19:35:48.684  1795  1853 D CompatibilityChangeReporter: Compat change id reported: 174042936; UID 10010; state: DISABLED
11-24 19:35:48.685  1795  1853 D CompatibilityChangeReporter: Compat change id reported: 205907456; UID 10010; state: ENABLED
11-24 19:35:48.688  1795  1853 D CompatibilityChangeReporter: Compat change id reported: 194833441; UID 10010; state: ENABLED
11-24 19:35:48.688 18220 18220 I Monkey  : Events injected: 1
11-24 19:35:48.690  1795  2100 D CompatibilityChangeReporter: Compat change id reported: 135634846; UID 10010; state: DISABLED
11-24 19:35:48.690  2513  2550 W Parcel  : Expecting binder but got null!
11-24 19:35:48.690  1795  2149 E system_server: updateValue is called with a value {0, 0, 0, 0, 0, 0, 0, 0, 0, 0, 0, 0, 0, 0, 0, 0, 0, 0, 0, 0, 0, 0, 0, 0, 0}, which is lower than the previous value {0, 63, 46, 1463, 374, 66405, 0, 0, 0, 160, 1033, 3179, 31550, 0, 0, 0, 0, 452, 2437, 4706, 17597, 0, 0, 0, 0}
11-24 19:35:48.690  1795  2149 E system_server: updateValue is called with a value {0, 0, 0, 0, 0, 0, 0, 0, 0, 0, 0, 0, 0, 0, 0, 0, 0, 0, 0, 0, 0, 0, 0, 0, 0}, which is lower than the previous value {0, 0, 0, 9, 1, 66844, 0, 0, 0, 1, 2, 8, 374, 0, 0, 0, 0, 2, 3, 2, 682, 0, 0, 0, 0}
11-24 19:35:48.690  1795  2120 D CompatibilityChangeReporter: Compat change id reported: 143937733; UID 10010; state: ENABLED
11-24 19:35:48.694 18220 18220 I Monkey  : ## Network stats: elapsed time=11ms (0ms mobile, 0ms wifi, 11ms not connected)
11-24 19:35:48.694 18220 18220 I app_process: System.exit called, status: 0
11-24 19:35:48.694 18220 18220 I AndroidRuntime: VM exiting with result code 0.
11-24 19:35:48.694  1011  1189 I ASH     : @ 197800.881: tcs3701: stop power rail pending_off timer
11-24 19:35:48.694  1011  1189 D ASH     : @ 197800.881: tcs3701: start power rail timer, state:3
11-24 19:35:48.695   987   987 D Zygote  : Forked child process 18236
11-24 19:35:48.696  1795  2120 I ActivityManager: Start proc 18236:com.chrome.canary/u0a10 for next-top-activity {com.chrome.canary/com.google.android.apps.chrome.Main}
11-24 19:35:48.699  1795  1853 D CompatibilityChangeReporter: Compat change id reported: 168419799; UID 10010; state: DISABLED
11-24 19:35:48.699  1795  1853 D CompatibilityChangeReporter: Compat change id reported: 273564678; UID 10010; state: DISABLED
11-24 19:35:48.701 18236 18236 I m.chrome.canary: Using CollectorTypeCC GC.
11-24 19:35:48.705  3657  3683 D ForegroundUtils: Foreground UID status:
11-24 19:35:48.705  3657  3683 D ForegroundUtils: UID: 10128 is in foreground: true
11-24 19:35:48.705  3657  3683 D ForegroundUtils: UID: 10145 is in foreground: true
11-24 19:35:48.705  3657  3683 D ForegroundUtils: UID: 10158 is in foreground: true
11-24 19:35:48.705  3657  3683 D ForegroundUtils: UID: 10189 is in foreground: false
11-24 19:35:48.705  3657  3683 D ForegroundUtils: UID: 10194 is in foreground: true
11-24 19:35:48.705  3657  3683 D ForegroundUtils: UID: 10206 is in foreground: false
11-24 19:35:48.705  3657  3683 D ForegroundUtils: UID: 10233 is in foreground: true
11-24 19:35:48.705  3657  3683 D ForegroundUtils: UID: 10244 is in foreground: true
11-24 19:35:48.705  3657  3683 D ForegroundUtils: UID: 10319 is in foreground: true
11-24 19:35:48.707  1383  1442 I adbd    : jdwp connection from 18236
11-24 19:35:48.711  2513  2550 E OpenGLRenderer: Unable to match the desired swap behavior.
11-24 19:35:48.718 18236 18236 I ActivityThread: Relaunch all activities: onCoreSettingsChange
11-24 19:35:48.719 18236 18236 D CompatibilityChangeReporter: Compat change id reported: 171979766; UID 10010; state: ENABLED
11-24 19:35:48.724  3657  3683 D ForegroundUtils: Foreground UID status:
11-24 19:35:48.724  3657  3683 D ForegroundUtils: UID: 10010 is in foreground: true
11-24 19:35:48.724  3657  3683 D ForegroundUtils: UID: 10128 is in foreground: true
11-24 19:35:48.724  3657  3683 D ForegroundUtils: UID: 10145 is in foreground: true
11-24 19:35:48.724  3657  3683 D ForegroundUtils: UID: 10158 is in foreground: true
11-24 19:35:48.724  3657  3683 D ForegroundUtils: UID: 10189 is in foreground: false
11-24 19:35:48.724  3657  3683 D ForegroundUtils: UID: 10194 is in foreground: true
11-24 19:35:48.724  3657  3683 D ForegroundUtils: UID: 10206 is in foreground: false
11-24 19:35:48.724  3657  3683 D ForegroundUtils: UID: 10233 is in foreground: true
11-24 19:35:48.724  3657  3683 D ForegroundUtils: UID: 10244 is in foreground: true
11-24 19:35:48.724  3657  3683 D ForegroundUtils: UID: 10319 is in foreground: true
11-24 19:35:48.727 18236 18236 W ziparchive: Unable to open '/data/app/~~-FnXeb6__ecKd-dFZ4kZZA==/com.google.android.trichromelibrary.canary_613700033-7Q2vBiD9q0nCftKFg-pq8w==/base.dm': No such file or directory
11-24 19:35:48.727 18236 18236 W ziparchive: Unable to open '/data/app/~~-FnXeb6__ecKd-dFZ4kZZA==/com.google.android.trichromelibrary.canary_613700033-7Q2vBiD9q0nCftKFg-pq8w==/base.dm': No such file or directory
11-24 19:35:48.728 18236 18236 W m.chrome.canary: Entry not found
11-24 19:35:48.729 18236 18236 D nativeloader: Configuring clns-4 for other apk /data/app/~~-FnXeb6__ecKd-dFZ4kZZA==/com.google.android.trichromelibrary.canary_613700033-7Q2vBiD9q0nCftKFg-pq8w==/base.apk. target_sdk_version=34, uses_libraries=ALL, library_path=/data/app/~~dutrJzl_xJkEyCCvIkexCw==/com.chrome.canary-4jcd8srf2WXxld2NC1r69A==/lib/arm64:/data/app/~~dutrJzl_xJkEyCCvIkexCw==/com.chrome.canary-4jcd8srf2WXxld2NC1r69A==/base.apk!/lib/arm64-v8a:/data/app/~~-FnXeb6__ecKd-dFZ4kZZA==/com.google.android.trichromelibrary.canary_613700033-7Q2vBiD9q0nCftKFg-pq8w==/base.apk!/lib/arm64-v8a, permitted_path=/data:/mnt/expand:/data/user/0/com.chrome.canary
11-24 19:35:48.733  1011  1189 I ASH     : @ 197800.921: tcs3701: stop power rail pending_off timer
11-24 19:35:48.734  1011  1189 D ASH     : @ 197800.921: tcs3701: start power rail timer, state:3
11-24 19:35:48.734 18236 18236 D nativeloader: Configuring clns-5 for other apk /data/app/~~dutrJzl_xJkEyCCvIkexCw==/com.chrome.canary-4jcd8srf2WXxld2NC1r69A==/base.apk. target_sdk_version=34, uses_libraries=, library_path=/data/app/~~dutrJzl_xJkEyCCvIkexCw==/com.chrome.canary-4jcd8srf2WXxld2NC1r69A==/lib/arm64:/data/app/~~dutrJzl_xJkEyCCvIkexCw==/com.chrome.canary-4jcd8srf2WXxld2NC1r69A==/base.apk!/lib/arm64-v8a:/data/app/~~-FnXeb6__ecKd-dFZ4kZZA==/com.google.android.trichromelibrary.canary_613700033-7Q2vBiD9q0nCftKFg-pq8w==/base.apk!/lib/arm64-v8a, permitted_path=/data:/mnt/expand:/data/user/0/com.chrome.canary
11-24 19:35:48.744 18236 18236 V GraphicsEnvironment: ANGLE Developer option for 'com.chrome.canary' set to: 'default'
11-24 19:35:48.745 18236 18236 V GraphicsEnvironment: ANGLE GameManagerService for com.chrome.canary: false
11-24 19:35:48.745 18236 18236 V GraphicsEnvironment: Updatable production driver is not supported on the device.
11-24 19:35:48.747 18236 18236 I LoadedApk: No resource references to update in package com.google.android.trichromelibrary.canary
11-24 19:35:48.747 18236 18236 D NetworkSecurityConfig: Using Network Security Config from resource 0_resource_name_obfuscated debugBuild: false
11-24 19:35:48.747 18236 18236 D NetworkSecurityConfig: Using Network Security Config from resource 0_resource_name_obfuscated debugBuild: false
11-24 19:35:48.748 18236 18236 I cr_SplitCompatApp: Launched version=121.0.6137.0 minSdkVersion=29 isBundle=true processName=com.chrome.canary isIsolated=false
11-24 19:35:48.770 18236 18257 I cr_LibraryLoader: Loading monochrome_64 from within /data/app/~~dutrJzl_xJkEyCCvIkexCw==/com.chrome.canary-4jcd8srf2WXxld2NC1r69A==/base.apk
11-24 19:35:48.771  1795  2679 D CompatibilityChangeReporter: Compat change id reported: 161145287; UID 10010; state: DISABLED
11-24 19:35:48.772 18236 18257 I cr_Linker: loadLibraryImplLocked: monochrome_64, relroMode=1
11-24 19:35:48.773  1011  1189 I ASH     : @ 197800.961: tcs3701: stop power rail pending_off timer
11-24 19:35:48.773  1011  1189 D ASH     : @ 197800.961: tcs3701: start power rail timer, state:3
11-24 19:35:48.782 18236 18257 I cr_LibraryLoader: Successfully loaded native library
11-24 19:35:48.783 18236 18257 I cr_CachingUmaRecorder: Flushed 20 samples from 18 histograms, 0 samples were dropped.
11-24 19:35:48.792  3875  3875 I dzhj    : onPause
11-24 19:35:48.795  3604  3604 I hitl    : (REDACTED) received broadcast: %s
11-24 19:35:48.795  3604  4263 I hito    : (REDACTED) received broadcast: %s
11-24 19:35:48.795  3604  4263 I hioo    : (REDACTED) #onConfigUpdate. requester: %s
11-24 19:35:48.796  3604  4265 I hioo    : #onConfigUpdate inside sequencer
11-24 19:35:48.796  3604  4265 I hilg    : (REDACTED) Voice Match (Speaker-id) supported : %b 
11-24 19:35:48.796  3604  4265 I hilg    : (REDACTED) hotword enrollment state is enrolled:  %b, speakerId model exist: %b. Voice Match supported : %b 
11-24 19:35:48.796  3604  4265 I hilg    : (REDACTED) isHotwordAvailable():  %b, isHotwordEnabled() %b 
11-24 19:35:48.796  3604  4265 I hilg    : (REDACTED) isHotwordAvailable():  %b, isHotwordEnabled() %b 
11-24 19:35:48.796  3604  4265 I hilg    : (REDACTED) Hotword enrollment state : %s.
11-24 19:35:48.796  3604  4265 I hilg    : (REDACTED) Voice Match (Speaker-id) supported : %b 
11-24 19:35:48.796  3604  4265 I hilg    : (REDACTED) Voice Match (Speaker-id) supported : %b 
11-24 19:35:48.796  3604  4265 I hilg    : (REDACTED) hotword enrollment state is enrolled:  %b, speakerId model exist: %b, voice match supported : %b
11-24 19:35:48.796  3604  4265 I hilg    : (REDACTED) Hotword isNonVoiceMatchHotwordEnabled: %b, isHotwordAvailable: %b, isHotwordEnabled: %b, isVoiceMatchSupported: %b, isHotwordEnrolled: %b,
11-24 19:35:48.796  3604  4265 I hioo    : (REDACTED) Ignore the legacy hotword request. voice match enabled %b, isHotwordSupported %b, isIncompleteEnrollmentState %b, nonVoiceMatchHotwordEnabled %b
11-24 19:35:48.801 18236 18236 I cr_MultiInstance: Removed invalid instance data. Removed tasks-instance mappings: [Chrome.MultiInstance.TaskMap.0 - 1672] and shared prefs for instances: []
11-24 19:35:48.801 18236 18236 I cr_MultiInstance: Existing Instance - persisted and unmapped Id allocated: 0
11-24 19:35:48.802 18236 18262 W DynamiteModule: Local module descriptor class for com.google.android.gms.googlecertificates not found.
11-24 19:35:48.803 18236 18236 I cr_MultiInstance: Intent action: android.intent.action.MAIN
11-24 19:35:48.803 18236 18236 I cr_MultiInstance: Intent routed via ChromeLauncherActivity: false
11-24 19:35:48.803 18236 18236 I cr_MultiInstance: Referrer: android-app://com.android.shell
11-24 19:35:48.803 18236 18236 I cr_MultiInstance: Intent contains LAUNCHER category: true
11-24 19:35:48.803 18236 18236 I cr_MultiInstance: Intent contains FLAG_ACTIVITY_MULTIPLE_TASK: false
11-24 19:35:48.803 18236 18236 I cr_MultiInstance: Intent contains FLAG_ACTIVITY_NEW_TASK: true
11-24 19:35:48.803 18236 18236 I cr_MultiInstance: Intent component: com.google.android.apps.chrome.Main
11-24 19:35:48.803 18236 18236 I cr_MultiInstance: Intent sent by OS: false
11-24 19:35:48.803 18236 18236 I cr_MultiInstance: @ExternalAppId of intent source: 0
11-24 19:35:48.803 18236 18236 I cr_MultiInstance: Are all instances running: false
11-24 19:35:48.803 18236 18236 I cr_MultiInstance: Window allocation type: 6
11-24 19:35:48.803 18236 18236 I cr_MultiInstance: Window ID allocated: 0
11-24 19:35:48.803 18236 18236 W cr_ActivityDispatcher: CustomTabsIntent#shouldAlwaysUseBrowserUI() = false
11-24 19:35:48.803 18236 18236 D CompatibilityChangeReporter: Compat change id reported: 183155436; UID 10010; state: ENABLED
11-24 19:35:48.812 18236 18236 E m.chrome.canary: Invalid ID 0x00000000.
11-24 19:35:48.813 18236 18262 I DynamiteModule: Considering local module com.google.android.gms.googlecertificates:0 and remote module com.google.android.gms.googlecertificates:7
11-24 19:35:48.813 18236 18262 I DynamiteModule: Selected remote version of com.google.android.gms.googlecertificates, version >= 7
11-24 19:35:48.813  1011  1189 I ASH     : @ 197801.001: tcs3701: stop power rail pending_off timer
11-24 19:35:48.813  1011  1189 D ASH     : @ 197801.001: tcs3701: start power rail timer, state:3
11-24 19:35:48.815 18236 18236 I cr_SplitCompatClassLoader: Splits: null
11-24 19:35:48.818 18236 18262 W System  : ClassLoader referenced unknown path: 
11-24 19:35:48.818 18236 18262 D nativeloader: Configuring clns-6 for other apk . target_sdk_version=34, uses_libraries=, library_path=/data/app/~~kuQRvAzVZuE4Ro2oLuwWdQ==/com.google.android.gms-oAttmqgZrSU_NO_sHK9RSA==/lib/arm64:/data/app/~~kuQRvAzVZuE4Ro2oLuwWdQ==/com.google.android.gms-oAttmqgZrSU_NO_sHK9RSA==/base.apk!/lib/arm64-v8a, permitted_path=/data:/mnt/expand:/data/user/0/com.google.android.gms
11-24 19:35:48.834 13730 13730 E AbstractGmsTracer: Traced class shouldn't be obfuscated: GmsBoundBrokerChimeraService [CONTEXT service_id=259 ]
11-24 19:35:48.835 13730 13730 D BoundBrokerSvc: onBind: Intent { act=com.google.android.gms.safetynet.service.START pkg=com.google.android.gms }
11-24 19:35:48.835 13730 13730 D BoundBrokerSvc: Loading bound service for intent: Intent { act=com.google.android.gms.safetynet.service.START pkg=com.google.android.gms }
11-24 19:35:48.837 13730 13730 E AbstractGmsTracer: Traced class shouldn't be obfuscated: SafetyNetClientChimeraService [CONTEXT service_id=259 ]
11-24 19:35:48.837 18236 18236 W cr_ActivityDispatcher: CustomTabsIntent#shouldAlwaysUseBrowserUI() = false
11-24 19:35:48.846 18236 18236 I cr_CompositorSurfaceMgr: Transitioning to surface with format: -1
11-24 19:35:48.846 13502 13502 E AbstractGmsTracer: Traced class shouldn't be obfuscated: GmsApiChimeraService [CONTEXT service_id=259 ]
11-24 19:35:48.847 13502 13502 D BoundBrokerSvc: onBind: Intent { act=com.google.android.gms.phenotype.service.START pkg=com.google.android.gms }
11-24 19:35:48.847 13502 13502 D BoundBrokerSvc: Loading bound service for intent: Intent { act=com.google.android.gms.phenotype.service.START pkg=com.google.android.gms }
11-24 19:35:48.848 13502 13502 E AbstractGmsTracer: Traced class shouldn't be obfuscated: PhenotypeChimeraService [CONTEXT service_id=259 ]
11-24 19:35:48.853  1011  1189 I ASH     : @ 197801.041: tcs3701: stop power rail pending_off timer
11-24 19:35:48.853  1011  1189 D ASH     : @ 197801.041: tcs3701: start power rail timer, state:3
11-24 19:35:48.862 18236 18236 D CompatibilityChangeReporter: Compat change id reported: 210923482; UID 10010; state: ENABLED
11-24 19:35:48.892 18236 18236 D CompatibilityChangeReporter: Compat change id reported: 193247900; UID 10010; state: ENABLED
11-24 19:35:48.893  1011  1189 I ASH     : @ 197801.081: tcs3701: stop power rail pending_off timer
11-24 19:35:48.893  1011  1189 D ASH     : @ 197801.081: tcs3701: start power rail timer, state:3
11-24 19:35:48.914 18236 18236 W cr_ActivityDispatcher: CustomTabsIntent#shouldAlwaysUseBrowserUI() = false
11-24 19:35:48.921 18236 18236 D CompatibilityChangeReporter: Compat change id reported: 237531167; UID 10010; state: DISABLED
11-24 19:35:48.928 18236 18272 W Parcel  : Expecting binder but got null!
11-24 19:35:48.933  1011  1189 I ASH     : @ 197801.121: tcs3701: stop power rail pending_off timer
11-24 19:35:48.933  1011  1189 D ASH     : @ 197801.121: tcs3701: start power rail timer, state:3
11-24 19:35:48.935  1795  3057 D CoreBackPreview: Window{ddf02bf u0 com.chrome.canary/com.google.android.apps.chrome.Main}: Setting back callback OnBackInvokedCallbackInfo{mCallback=android.window.IOnBackInvokedCallback$Stub$Proxy@70b0bdb, mPriority=-1}
11-24 19:35:48.935  1795  3057 D CoreBackPreview: Window{ddf02bf u0 com.chrome.canary/com.google.android.apps.chrome.Main}: Setting back callback OnBackInvokedCallbackInfo{mCallback=android.window.IOnBackInvokedCallback$Stub$Proxy@3b2f678, mPriority=0}
11-24 19:35:48.937  1795  2120 D CompatibilityChangeReporter: Compat change id reported: 143937733; UID 10010; state: ENABLED
11-24 19:35:48.937  1795  2120 D CompatibilityChangeReporter: Compat change id reported: 135634846; UID 10010; state: DISABLED
11-24 19:35:48.937  1795  2120 D CompatibilityChangeReporter: Compat change id reported: 207557677; UID 10010; state: ENABLED
11-24 19:35:48.938   987   987 W Zygote  : forkRepeatedly terminated due to non-simple command
11-24 19:35:48.938   987   987 D Zygote  : mbuffer starts with 15, nice name is com.chrome.canary_zygote, mEnd = 410, mNext = 191, mLinesLeft = 6, mFd = 5
11-24 19:35:48.946   987   987 D Zygote  : Forked child process 18281
11-24 19:35:48.947  1795  2120 W ZygoteProcess: Got error connecting to zygote, retrying. msg= Connection refused
11-24 19:35:48.947 18236 18272 I AdrenoGLES-0: QUALCOMM build                   : 4783c89, I46ff5fc46f
11-24 19:35:48.947 18236 18272 I AdrenoGLES-0: Build Date                       : 11/30/20
11-24 19:35:48.947 18236 18272 I AdrenoGLES-0: OpenGL ES Shader Compiler Version: EV031.31.04.01
11-24 19:35:48.947 18236 18272 I AdrenoGLES-0: Local Branch                     : QPR2
11-24 19:35:48.947 18236 18272 I AdrenoGLES-0: Remote Branch                    : 
11-24 19:35:48.947 18236 18272 I AdrenoGLES-0: Remote Branch                    : 
11-24 19:35:48.947 18236 18272 I AdrenoGLES-0: Reconstruct Branch               : 
11-24 19:35:48.947 18236 18272 I AdrenoGLES-0: Build Config                     : S P 10.0.4 AArch64
11-24 19:35:48.947 18236 18272 I AdrenoGLES-0: Driver Path                      : /vendor/lib64/egl/libGLESv2_adreno.so
11-24 19:35:48.948 18236 18236 I cr_StartSurfaceConfig: Recorded Startup.Android.FirstDrawCompletedTime.NoInstant = 139 ms
11-24 19:35:48.951 18236 18272 I AdrenoGLES-0: PFP: 0x016dd093, ME: 0x00000000
11-24 19:35:48.953 18236 18272 W AdrenoUtils: <ReadGpuID_from_sysfs:197>: Failed to open /sys/class/kgsl/kgsl-3d0/gpu_model
11-24 19:35:48.953 18236 18272 W AdrenoUtils: <ReadGpuID:221>: Failed to read chip ID from gpu_model. Fallback to use the GSL path
11-24 19:35:48.953 18281 18281 I libc    : SetHeapTaggingLevel: tag level set to 0
11-24 19:35:48.959   648   711 I SDM     : HWCDisplay::GetColorModeCount: Supported color mode count = 3
11-24 19:35:48.959   648   711 I SDM     : HWCDisplay::GetColorModes: Color mode = 0 is supported
11-24 19:35:48.959   648   711 I SDM     : HWCDisplay::GetColorModes: Color mode = 7 is supported
11-24 19:35:48.959   648   711 I SDM     : HWCDisplay::GetColorModes: Color mode = 9 is supported
11-24 19:35:48.960 18281 18281 I e.canary_zygote: Using CollectorTypeCC GC.
11-24 19:35:48.960 18236 18272 E OpenGLRenderer: Unable to match the desired swap behavior.
11-24 19:35:48.964   595   595 I servicemanager: Could not find android.hardware.graphics.allocator.IAllocator/default in the VINTF manifest.
11-24 19:35:48.967 13502  6266 E ckqk    : Phenotype API error. Event # evhb@1d38725, EventCode: 7 [CONTEXT service_id=51 ]
11-24 19:35:48.967 13502  6266 E ckqk    : ckoo: 29505: No config packages for log source, or config package not registered
11-24 19:35:48.967 13502  6266 E ckqk    : 	at ckrk.b(:com.google.android.gms@234414038@23.44.14 (190400-580326705):79)
11-24 19:35:48.967 13502  6266 E ckqk    : 	at ckrh.h(:com.google.android.gms@234414038@23.44.14 (190400-580326705):3)
11-24 19:35:48.967 13502  6266 E ckqk    : 	at ckqk.g(:com.google.android.gms@234414038@23.44.14 (190400-580326705):18)
11-24 19:35:48.967 13502  6266 E ckqk    : 	at ckqk.f(:com.google.android.gms@234414038@23.44.14 (190400-580326705):11)
11-24 19:35:48.967 13502  6266 E ckqk    : 	at bfmo.fh(:com.google.android.gms@234414038@23.44.14 (190400-580326705):1)
11-24 19:35:48.967 13502  6266 E ckqk    : 	at bfmz.run(:com.google.android.gms@234414038@23.44.14 (190400-580326705):100)
11-24 19:35:48.967 13502  6266 E ckqk    : 	at dvlp.run(:com.google.android.gms@234414038@23.44.14 (190400-580326705):13)
11-24 19:35:48.967 13502  6266 E ckqk    : 	at ajls.c(:com.google.android.gms@234414038@23.44.14 (190400-580326705):50)
11-24 19:35:48.967 13502  6266 E ckqk    : 	at ajls.run(:com.google.android.gms@234414038@23.44.14 (190400-580326705):76)
11-24 19:35:48.967 13502  6266 E ckqk    : 	at java.util.concurrent.ThreadPoolExecutor.runWorker(ThreadPoolExecutor.java:1145)
11-24 19:35:48.967 13502  6266 E ckqk    : 	at java.util.concurrent.ThreadPoolExecutor$Worker.run(ThreadPoolExecutor.java:644)
11-24 19:35:48.967 13502  6266 E ckqk    : 	at ajqx.run(:com.google.android.gms@234414038@23.44.14 (190400-580326705):8)
11-24 19:35:48.967 13502  6266 E ckqk    : 	at java.lang.Thread.run(Thread.java:1012)
11-24 19:35:48.969 13502  6266 W AsyncOperation: operation=GetExperimentTokensOperationCall, opStatusCode=29505 [CONTEXT service_id=51 ]
11-24 19:35:48.969 13502  6266 W AsyncOperation: OperationException[Status{statusCode=No config packages for log source, or config package not registered, resolution=null}]
11-24 19:35:48.969 13502  6266 W AsyncOperation: 	at ckqk.g(:com.google.android.gms@234414038@23.44.14 (190400-580326705):48)
11-24 19:35:48.969 13502  6266 W AsyncOperation: 	at ckqk.f(:com.google.android.gms@234414038@23.44.14 (190400-580326705):11)
11-24 19:35:48.969 13502  6266 W AsyncOperation: 	at bfmo.fh(:com.google.android.gms@234414038@23.44.14 (190400-580326705):1)
11-24 19:35:48.969 13502  6266 W AsyncOperation: 	at bfmz.run(:com.google.android.gms@234414038@23.44.14 (190400-580326705):100)
11-24 19:35:48.969 13502  6266 W AsyncOperation: 	at dvlp.run(:com.google.android.gms@234414038@23.44.14 (190400-580326705):13)
11-24 19:35:48.969 13502  6266 W AsyncOperation: 	at ajls.c(:com.google.android.gms@234414038@23.44.14 (190400-580326705):50)
11-24 19:35:48.969 13502  6266 W AsyncOperation: 	at ajls.run(:com.google.android.gms@234414038@23.44.14 (190400-580326705):76)
11-24 19:35:48.969 13502  6266 W AsyncOperation: 	at java.util.concurrent.ThreadPoolExecutor.runWorker(ThreadPoolExecutor.java:1145)
11-24 19:35:48.969 13502  6266 W AsyncOperation: 	at java.util.concurrent.ThreadPoolExecutor$Worker.run(ThreadPoolExecutor.java:644)
11-24 19:35:48.969 13502  6266 W AsyncOperation: 	at ajqx.run(:com.google.android.gms@234414038@23.44.14 (190400-580326705):8)
11-24 19:35:48.969 13502  6266 W AsyncOperation: 	at java.lang.Thread.run(Thread.java:1012)
11-24 19:35:48.973  1011  1189 I ASH     : @ 197801.161: tcs3701: stop power rail pending_off timer
11-24 19:35:48.973  1011  1189 D ASH     : @ 197801.161: tcs3701: start power rail timer, state:3
11-24 19:35:48.983  1795  2096 I ActivityTaskManager: Displayed com.chrome.canary/com.google.android.apps.chrome.Main: +298ms
11-24 19:35:48.990 18236 18236 I cr_CombinedPProvider: #linkNativeInternal() 0
11-24 19:35:48.990 18236 18236 I cr_PolicyProvider: #setManagerAndSource() 0
11-24 19:35:48.991 18236 18236 I cr_PolicyCacheProvider: #refresh() true
11-24 19:35:48.999  1795  2120 I AppZygote: Starting application preload.
11-24 19:35:48.999  2588  2588 I WallpaperService: engine paused
11-24 19:35:49.003 18281 18281 I AppZygoteInit: Beginning application preload for com.chrome.canary
11-24 19:35:49.004  1011  1011 I sensors-hal: [hal]activate_physical_sensor:251, android.sensor.gyroscope/41 en=0
11-24 19:35:49.004 18281 18281 W ziparchive: Unable to open '/data/app/~~-FnXeb6__ecKd-dFZ4kZZA==/com.google.android.trichromelibrary.canary_613700033-7Q2vBiD9q0nCftKFg-pq8w==/base.dm': No such file or directory
11-24 19:35:49.004 18281 18281 W ziparchive: Unable to open '/data/app/~~-FnXeb6__ecKd-dFZ4kZZA==/com.google.android.trichromelibrary.canary_613700033-7Q2vBiD9q0nCftKFg-pq8w==/base.dm': No such file or directory
11-24 19:35:49.005 18281 18281 W e.canary_zygote: Entry not found
11-24 19:35:49.007 18281 18281 D nativeloader: Configuring clns-4 for other apk /data/app/~~-FnXeb6__ecKd-dFZ4kZZA==/com.google.android.trichromelibrary.canary_613700033-7Q2vBiD9q0nCftKFg-pq8w==/base.apk. target_sdk_version=34, uses_libraries=ALL, library_path=/data/app/~~dutrJzl_xJkEyCCvIkexCw==/com.chrome.canary-4jcd8srf2WXxld2NC1r69A==/lib/arm64:/data/app/~~dutrJzl_xJkEyCCvIkexCw==/com.chrome.canary-4jcd8srf2WXxld2NC1r69A==/base.apk!/lib/arm64-v8a:/data/app/~~-FnXeb6__ecKd-dFZ4kZZA==/com.google.android.trichromelibrary.canary_613700033-7Q2vBiD9q0nCftKFg-pq8w==/base.apk!/lib/arm64-v8a, permitted_path=/data:/mnt/expand
11-24 19:35:49.010  1011  1011 D Diag_Lib: diag: Diag_LSM_DeInit: invoked for pid: 1011
11-24 19:35:49.010  1011  1011 D Diag_Lib: diag: Diag_LSM_DeInit: done for pid: 1011
11-24 19:35:49.013  1011  1189 I ASH     : @ 197801.201: tcs3701: stop power rail pending_off timer
11-24 19:35:49.013  1011  1189 D ASH     : @ 197801.201: tcs3701: start power rail timer, state:3
11-24 19:35:49.014  1011  1011 D Diag_Lib: diag: Diag_LSM_DeInit: invoked for pid: 1011
11-24 19:35:49.014  1011  1011 D Diag_Lib: diag: Diag_LSM_DeInit: done for pid: 1011
11-24 19:35:49.014  1011  1011 I sensors-hal: [hal]activate_physical_sensor:262, android.sensor.gyroscope/41 en=0 completed
11-24 19:35:49.016 18281 18281 D nativeloader: Configuring clns-5 for other apk /data/app/~~dutrJzl_xJkEyCCvIkexCw==/com.chrome.canary-4jcd8srf2WXxld2NC1r69A==/base.apk. target_sdk_version=34, uses_libraries=, library_path=/data/app/~~dutrJzl_xJkEyCCvIkexCw==/com.chrome.canary-4jcd8srf2WXxld2NC1r69A==/lib/arm64:/data/app/~~dutrJzl_xJkEyCCvIkexCw==/com.chrome.canary-4jcd8srf2WXxld2NC1r69A==/base.apk!/lib/arm64-v8a:/data/app/~~-FnXeb6__ecKd-dFZ4kZZA==/com.google.android.trichromelibrary.canary_613700033-7Q2vBiD9q0nCftKFg-pq8w==/base.apk!/lib/arm64-v8a, permitted_path=/data:/mnt/expand
11-24 19:35:49.021 18281 18281 I cr_ZygotePreload: Loaded Zygote. version=121.0.6137.0 minSdkVersion=29 isBundle=true
11-24 19:35:49.022 18236 18265 I cr_PartnerCustUma: Partner Customization delegate: 0.
11-24 19:35:49.022 18236 18265 W cr_PartnerCustomize: Partner homepage must be HTTP(S) or NewTabPage. Got invalid URL ""
11-24 19:35:49.026 18281 18281 I cr_LibraryLoader: Loading monochrome_64 from within /data/app/~~dutrJzl_xJkEyCCvIkexCw==/com.chrome.canary-4jcd8srf2WXxld2NC1r69A==/base.apk
11-24 19:35:49.026 18281 18281 I cr_Linker: loadLibraryImplLocked: monochrome_64, relroMode=1
11-24 19:35:49.039  1795  2120 I AppZygote: Application preload done.
11-24 19:35:49.039 18281 18281 I AppZygoteInit: Application preload done
11-24 19:35:49.053 18281 18288 W e.canary_zygote: Reducing the number of considered missed Gc histogram windows from 19779 to 100
11-24 19:35:49.055  1011  1189 I ASH     : @ 197801.241: tcs3701: stop power rail pending_off timer
11-24 19:35:49.055  1011  1189 D ASH     : @ 197801.241: tcs3701: start power rail timer, state:3
11-24 19:35:49.057 18281 18281 I Zygote  : Entering forkRepeatedly native zygote loop
11-24 19:35:49.061 18281 18281 D Zygote  : Forked child process 18306
11-24 19:35:49.061  1795  2120 W ActivityManager: Slow operation: 125ms so far, now at startProcess: returned from zygote!
11-24 19:35:49.062  1795  2120 W ActivityManager: Slow operation: 125ms so far, now at startProcess: done updating battery stats
11-24 19:35:49.062  1795  2120 W ActivityManager: Slow operation: 125ms so far, now at startProcess: building log message
11-24 19:35:49.062  1795  2120 I ActivityManager: Start proc 18306:com.chrome.canary:sandboxed_process0:org.chromium.content.app.SandboxedProcessService0:0/u0ai0 for  {com.chrome.canary/org.chromium.content.app.SandboxedProcessService0:0}
11-24 19:35:49.062  1795  2120 W ActivityManager: Slow operation: 126ms so far, now at startProcess: starting to update pids map
11-24 19:35:49.062  1795  2120 W ActivityManager: Slow operation: 126ms so far, now at startProcess: done updating pids map
11-24 19:35:49.064 18306 18306 E libc    : SetHeapTaggingLevel: re-enabling tagging after it was disabled is not supported
11-24 19:35:49.071 18306 18306 I ocessService0:0: Using CollectorTypeCC GC.
11-24 19:35:49.079 18236 18236 I chromium: [INFO:policy_logger.cc(144)] :components/enterprise/browser/controller/chrome_browser_cloud_management_controller.cc(273) Deferring CBCM Controller Initialization until it is unblocked.
11-24 19:35:49.082  1383  1442 I adbd    : jdwp connection from 18306
11-24 19:35:49.085   987   987 I Zygote  : Entering forkRepeatedly native zygote loop
11-24 19:35:49.094  1011  1189 I ASH     : @ 197801.281: tcs3701: stop power rail pending_off timer
11-24 19:35:49.094  1011  1189 D ASH     : @ 197801.281: tcs3701: start power rail timer, state:3
11-24 19:35:49.098   987   987 D Zygote  : Forked child process 18323
11-24 19:35:49.099  1795  2120 I ActivityManager: Start proc 18323:com.chrome.canary:privileged_process0/u0a10 for service {com.chrome.canary/org.chromium.content.app.PrivilegedProcessService0}
11-24 19:35:49.105  3657  3683 D ForegroundUtils: Foreground UID status:
11-24 19:35:49.105  3657  3683 D ForegroundUtils: UID: 10010 is in foreground: true
11-24 19:35:49.105  3657  3683 D ForegroundUtils: UID: 10128 is in foreground: true
11-24 19:35:49.105  3657  3683 D ForegroundUtils: UID: 10145 is in foreground: true
11-24 19:35:49.105  3657  3683 D ForegroundUtils: UID: 10158 is in foreground: true
11-24 19:35:49.106  3657  3683 D ForegroundUtils: UID: 10189 is in foreground: false
11-24 19:35:49.106  3657  3683 D ForegroundUtils: UID: 10194 is in foreground: true
11-24 19:35:49.106  3657  3683 D ForegroundUtils: UID: 10206 is in foreground: false
11-24 19:35:49.106  3657  3683 D ForegroundUtils: UID: 10233 is in foreground: true
11-24 19:35:49.106  3657  3683 D ForegroundUtils: UID: 10244 is in foreground: true
11-24 19:35:49.106  3657  3683 D ForegroundUtils: UID: 10319 is in foreground: true
11-24 19:35:49.106  3657  3683 D ForegroundUtils: UID: 90000 is in foreground: true
11-24 19:35:49.108 18306 18306 I ActivityThread: Relaunch all activities: onCoreSettingsChange
11-24 19:35:49.108 18306 18306 D CompatibilityChangeReporter: Compat change id reported: 171979766; UID 90000; state: ENABLED
11-24 19:35:49.120 18323 18323 I ileged_process0: Using CollectorTypeCC GC.
11-24 19:35:49.126 18236 18236 I cr_SmsProviderGms: construction successfull AM3@f089d74, xM3@8847312
11-24 19:35:49.129 18306 18306 I LoadedApk: No resource references to update in package com.google.android.trichromelibrary.canary
11-24 19:35:49.129 18306 18306 D NetworkSecurityConfig: Using Network Security Config from resource 0_resource_name_obfuscated debugBuild: false
11-24 19:35:49.130  1383  1442 I adbd    : jdwp connection from 18323
11-24 19:35:49.131 18306 18306 D NetworkSecurityConfig: Using Network Security Config from resource 0_resource_name_obfuscated debugBuild: false
11-24 19:35:49.132 18306 18306 I cr_SplitCompatApp: Launched version=121.0.6137.0 minSdkVersion=29 isBundle=true processName=com.chrome.canary:sandboxed_process0:org.chromium.content.app.SandboxedProcessService0:0 isIsolated=true
11-24 19:35:49.133  1011  1189 I ASH     : @ 197801.321: tcs3701: stop power rail pending_off timer
11-24 19:35:49.133  1011  1189 D ASH     : @ 197801.321: tcs3701: start power rail timer, state:3
11-24 19:35:49.143 18306 18306 W SystemServiceRegistry: No service published for: uimode
11-24 19:35:49.150  1795  3057 D ConnectivityService: requestNetwork for uid/pid:10010/18236 activeRequest: null callbackRequest: 5507 [NetworkRequest [ REQUEST id=5508, [ Capabilities: INTERNET&NOT_RESTRICTED&TRUSTED&NOT_VCN_MANAGED Uid: 10010 RequestorUid: 10010 RequestorPkg: com.chrome.canary UnderlyingNetworks: Null] ]] callback flags: 0 order: 2147483647
11-24 19:35:49.151 18306 18306 I cr_ChildProcessService: Creating new ChildProcessService pid=18306
11-24 19:35:49.153  1795  2424 D WifiNetworkFactory: got request NetworkRequest [ REQUEST id=5508, [ Capabilities: INTERNET&NOT_RESTRICTED&TRUSTED&NOT_VCN_MANAGED Uid: 10010 RequestorUid: 10010 RequestorPkg: com.chrome.canary UnderlyingNetworks: Null] ]
11-24 19:35:49.153  1795  2424 V WifiNetworkFactory: Accepted network request NetworkRequest [ REQUEST id=5508, [ Capabilities: INTERNET&NOT_RESTRICTED&TRUSTED&NOT_VCN_MANAGED Uid: 10010 RequestorUid: 10010 RequestorPkg: com.chrome.canary UnderlyingNetworks: Null] ]
11-24 19:35:49.153  1795  2424 D UntrustedWifiNetworkFactory: got request NetworkRequest [ REQUEST id=5508, [ Capabilities: INTERNET&NOT_RESTRICTED&TRUSTED&NOT_VCN_MANAGED Uid: 10010 RequestorUid: 10010 RequestorPkg: com.chrome.canary UnderlyingNetworks: Null] ]
11-24 19:35:49.153  1795  2424 D OemPaidWifiNetworkFactory: got request NetworkRequest [ REQUEST id=5508, [ Capabilities: INTERNET&NOT_RESTRICTED&TRUSTED&NOT_VCN_MANAGED Uid: 10010 RequestorUid: 10010 RequestorPkg: com.chrome.canary UnderlyingNetworks: Null] ]
11-24 19:35:49.153  1795  2424 D MultiInternetWifiNetworkFactory: got request NetworkRequest [ REQUEST id=5508, [ Capabilities: INTERNET&NOT_RESTRICTED&TRUSTED&NOT_VCN_MANAGED Uid: 10010 RequestorUid: 10010 RequestorPkg: com.chrome.canary UnderlyingNetworks: Null] ]
11-24 19:35:49.153  1795  2432 D ConnectivityService: NetReassign [5508 : null → 100] [c 0] [a 0] [i 3]
11-24 19:35:49.156  1795  2432 D ConnectivityService: NetReassign [no changes] [c 0] [a 1] [i 2]
11-24 19:35:49.167 18323 18323 I ActivityThread: Relaunch all activities: onCoreSettingsChange
11-24 19:35:49.168 18323 18323 D CompatibilityChangeReporter: Compat change id reported: 171979766; UID 10010; state: ENABLED
11-24 19:35:49.171 18323 18323 W ziparchive: Unable to open '/data/app/~~-FnXeb6__ecKd-dFZ4kZZA==/com.google.android.trichromelibrary.canary_613700033-7Q2vBiD9q0nCftKFg-pq8w==/base.dm': No such file or directory
11-24 19:35:49.171 18323 18323 W ziparchive: Unable to open '/data/app/~~-FnXeb6__ecKd-dFZ4kZZA==/com.google.android.trichromelibrary.canary_613700033-7Q2vBiD9q0nCftKFg-pq8w==/base.dm': No such file or directory
11-24 19:35:49.172 18323 18323 W ileged_process0: Entry not found
11-24 19:35:49.172 18323 18323 D nativeloader: Configuring clns-4 for other apk /data/app/~~-FnXeb6__ecKd-dFZ4kZZA==/com.google.android.trichromelibrary.canary_613700033-7Q2vBiD9q0nCftKFg-pq8w==/base.apk. target_sdk_version=34, uses_libraries=ALL, library_path=/data/app/~~dutrJzl_xJkEyCCvIkexCw==/com.chrome.canary-4jcd8srf2WXxld2NC1r69A==/lib/arm64:/data/app/~~dutrJzl_xJkEyCCvIkexCw==/com.chrome.canary-4jcd8srf2WXxld2NC1r69A==/base.apk!/lib/arm64-v8a:/data/app/~~-FnXeb6__ecKd-dFZ4kZZA==/com.google.android.trichromelibrary.canary_613700033-7Q2vBiD9q0nCftKFg-pq8w==/base.apk!/lib/arm64-v8a, permitted_path=/data:/mnt/expand:/data/user/0/com.chrome.canary
11-24 19:35:49.177  1011  1189 I ASH     : @ 197801.361: tcs3701: stop power rail pending_off timer
11-24 19:35:49.177  1011  1189 D ASH     : @ 197801.361: tcs3701: start power rail timer, state:3
11-24 19:35:49.181 18323 18323 D nativeloader: Configuring clns-5 for other apk /data/app/~~dutrJzl_xJkEyCCvIkexCw==/com.chrome.canary-4jcd8srf2WXxld2NC1r69A==/base.apk. target_sdk_version=34, uses_libraries=, library_path=/data/app/~~dutrJzl_xJkEyCCvIkexCw==/com.chrome.canary-4jcd8srf2WXxld2NC1r69A==/lib/arm64:/data/app/~~dutrJzl_xJkEyCCvIkexCw==/com.chrome.canary-4jcd8srf2WXxld2NC1r69A==/base.apk!/lib/arm64-v8a:/data/app/~~-FnXeb6__ecKd-dFZ4kZZA==/com.google.android.trichromelibrary.canary_613700033-7Q2vBiD9q0nCftKFg-pq8w==/base.apk!/lib/arm64-v8a, permitted_path=/data:/mnt/expand:/data/user/0/com.chrome.canary
11-24 19:35:49.196 18323 18323 V GraphicsEnvironment: ANGLE Developer option for 'com.chrome.canary' set to: 'default'
11-24 19:35:49.197 18323 18323 V GraphicsEnvironment: ANGLE GameManagerService for com.chrome.canary: false
11-24 19:35:49.197 18323 18323 V GraphicsEnvironment: Updatable production driver is not supported on the device.
11-24 19:35:49.199 18323 18323 I LoadedApk: No resource references to update in package com.google.android.trichromelibrary.canary
11-24 19:35:49.199 18323 18323 D NetworkSecurityConfig: Using Network Security Config from resource 0_resource_name_obfuscated debugBuild: false
11-24 19:35:49.199 18323 18323 D NetworkSecurityConfig: Using Network Security Config from resource 0_resource_name_obfuscated debugBuild: false
11-24 19:35:49.199 18323 18323 I cr_SplitCompatApp: Launched version=121.0.6137.0 minSdkVersion=29 isBundle=true processName=com.chrome.canary:privileged_process0 isIsolated=false
11-24 19:35:49.202 18236 18303 W chromium: [WARNING:ev_root_ca_metadata.cc(119)] Not implemented
11-24 19:35:49.202 18236 18303 W chromium: [WARNING:ev_root_ca_metadata.cc(119)] Not implemented
11-24 19:35:49.203 18236 18296 I tflite  : Initialized TensorFlow Lite runtime.
11-24 19:35:49.204 18236 18296 W libc    : Access denied finding property "ro.mediatek.platform"
11-24 19:35:49.204 18236 18296 W libc    : Access denied finding property "ro.chipname"
11-24 19:35:49.204 18236 18296 W libc    : Access denied finding property "ro.hardware.chipname"
11-24 19:35:49.207 18323 18323 I cr_ChildProcessService: Creating new ChildProcessService pid=18323
11-24 19:35:49.208  1795  2679 D CompatibilityChangeReporter: Compat change id reported: 182734110; UID 10010; state: ENABLED
11-24 19:35:49.210  1795  2679 D CompatibilityChangeReporter: Compat change id reported: 149924527; UID 10010; state: ENABLED
11-24 19:35:49.210  1795  2679 D CompatibilityChangeReporter: Compat change id reported: 132649864; UID 10010; state: DISABLED
11-24 19:35:49.213  1011  1189 I ASH     : @ 197801.401: tcs3701: stop power rail pending_off timer
11-24 19:35:49.213  1011  1189 D ASH     : @ 197801.401: tcs3701: start power rail timer, state:3
11-24 19:35:49.218 18323 18346 I cr_LibraryLoader: Loading monochrome_64 from within /data/app/~~dutrJzl_xJkEyCCvIkexCw==/com.chrome.canary-4jcd8srf2WXxld2NC1r69A==/base.apk
11-24 19:35:49.218 18323 18346 I cr_Linker: loadLibraryImplLocked: monochrome_64, relroMode=2
11-24 19:35:49.220 18236 18236 I cr_EnterpriseInfoImpl: #setCacheResult() deviceOwned:false profileOwned:false
11-24 19:35:49.220 18236 18236 I cr_EnterpriseInfo: #getManagedStateForNative() CQ0@c0c931b
11-24 19:35:49.223  1795  2679 D ConnectivityService: requestNetwork for uid/pid:10010/18236 activeRequest: null callbackRequest: 5510 [NetworkRequest [ REQUEST id=5511, [ Capabilities: INTERNET&NOT_RESTRICTED&TRUSTED&NOT_VCN_MANAGED Uid: 10010 RequestorUid: 10010 RequestorPkg: com.chrome.canary UnderlyingNetworks: Null] ]] callback flags: 0 order: 2147483647
11-24 19:35:49.226 18236 18236 I cr_CombinedPProvider: #registerProvider() provider:gN2@298aa91 isPolicyCacheEnabled:true policyProvidersSize:0
11-24 19:35:49.226 18236 18236 I cr_PolicyProvider: #setManagerAndSource() 0
11-24 19:35:49.226  1795  2424 D WifiNetworkFactory: got request NetworkRequest [ REQUEST id=5511, [ Capabilities: INTERNET&NOT_RESTRICTED&TRUSTED&NOT_VCN_MANAGED Uid: 10010 RequestorUid: 10010 RequestorPkg: com.chrome.canary UnderlyingNetworks: Null] ]
11-24 19:35:49.226 18236 18236 I cr_CombinedPProvider: #registerProvider() provider:fj@c1efdf6 isPolicyCacheEnabled:false policyProvidersSize:1
11-24 19:35:49.226  1795  2424 V WifiNetworkFactory: Accepted network request NetworkRequest [ REQUEST id=5511, [ Capabilities: INTERNET&NOT_RESTRICTED&TRUSTED&NOT_VCN_MANAGED Uid: 10010 RequestorUid: 10010 RequestorPkg: com.chrome.canary UnderlyingNetworks: Null] ]
11-24 19:35:49.227  1795  2424 D UntrustedWifiNetworkFactory: got request NetworkRequest [ REQUEST id=5511, [ Capabilities: INTERNET&NOT_RESTRICTED&TRUSTED&NOT_VCN_MANAGED Uid: 10010 RequestorUid: 10010 RequestorPkg: com.chrome.canary UnderlyingNetworks: Null] ]
11-24 19:35:49.227  1795  2424 D OemPaidWifiNetworkFactory: got request NetworkRequest [ REQUEST id=5511, [ Capabilities: INTERNET&NOT_RESTRICTED&TRUSTED&NOT_VCN_MANAGED Uid: 10010 RequestorUid: 10010 RequestorPkg: com.chrome.canary UnderlyingNetworks: Null] ]
11-24 19:35:49.227  1795  2424 D MultiInternetWifiNetworkFactory: got request NetworkRequest [ REQUEST id=5511, [ Capabilities: INTERNET&NOT_RESTRICTED&TRUSTED&NOT_VCN_MANAGED Uid: 10010 RequestorUid: 10010 RequestorPkg: com.chrome.canary UnderlyingNetworks: Null] ]
11-24 19:35:49.227 18236 18236 I cr_PolicyProvider: #setManagerAndSource() 1
11-24 19:35:49.227  1795  2432 D ConnectivityService: NetReassign [5511 : null → 100] [c 0] [a 1] [i 3]
11-24 19:35:49.228 18236 18236 I cr_AppResProvider: #getApplicationRestrictionsFromUserManager() Bundle[EMPTY_PARCEL]
11-24 19:35:49.228 18236 18236 I cr_PolicyProvider: #notifySettingsAvailable() 1
11-24 19:35:49.228 18236 18236 I cr_CombinedPProvider: #onSettingsAvailable() 1
11-24 19:35:49.231 18236 18236 I cr_PolicyProvider: #notifySettingsAvailable() 0
11-24 19:35:49.231 18236 18236 I cr_CombinedPProvider: #onSettingsAvailable() 0
11-24 19:35:49.231 18236 18236 I cr_CombinedPProvider: #flushPolicies()
11-24 19:35:49.231 18236 18236 I cr_PolicyService: #onPolicyServiceInitialized()
11-24 19:35:49.232 18236 18236 I cr_PolicyProvider: #notifySettingsAvailable() 0
11-24 19:35:49.232 18236 18236 I cr_CombinedPProvider: #onSettingsAvailable() 0
11-24 19:35:49.232 18236 18236 I cr_CombinedPProvider: #flushPolicies()
11-24 19:35:49.233  1795  2432 D ConnectivityService: NetReassign [no changes] [c 1] [a 1] [i 4]
