11-23 10:28:23.817  1011  1189 D ASH     : @ 78556.016: tcs3701: start power rail timer, state:3
11-23 10:28:23.837  5238  5296 I BatteryMgr:DataCollectionService: stats => 1700731703837,11596,4448,13427,4169000,100
11-23 10:28:23.856  1011  1189 I ASH     : @ 78556.056: tcs3701: stop power rail pending_off timer
11-23 10:28:23.857  1011  1189 D ASH     : @ 78556.056: tcs3701: start power rail timer, state:3
11-23 10:28:23.897  1011  1189 I ASH     : @ 78556.096: tcs3701: stop power rail pending_off timer
11-23 10:28:23.897  1011  1189 D ASH     : @ 78556.096: tcs3701: start power rail timer, state:3
11-23 10:28:23.937  1011  1189 I ASH     : @ 78556.136: tcs3701: stop power rail pending_off timer
11-23 10:28:23.937  1011  1189 D ASH     : @ 78556.136: tcs3701: start power rail timer, state:3
11-23 10:28:23.943  5238  5296 I BatteryMgr:DataCollectionService: stats => 1700731703943,11596,4448,13427,4169000,100
11-23 10:28:23.976  1011  1189 I ASH     : @ 78556.176: tcs3701: stop power rail pending_off timer
11-23 10:28:23.977  1011  1189 D ASH     : @ 78556.176: tcs3701: start power rail timer, state:3
11-23 10:28:24.017  1011  1189 I ASH     : @ 78556.216: tcs3701: stop power rail pending_off timer
11-23 10:28:24.017  1011  1189 D ASH     : @ 78556.216: tcs3701: start power rail timer, state:3
11-23 10:28:24.052  5238  5296 I BatteryMgr:DataCollectionService: stats => 1700731704051,11596,4448,13427,4169000,100
11-23 10:28:24.056  1011  1189 I ASH     : @ 78556.256: tcs3701: stop power rail pending_off timer
11-23 10:28:24.057  1011  1189 D ASH     : @ 78556.256: tcs3701: start power rail timer, state:3
11-23 10:28:24.097  1011  1189 I ASH     : @ 78556.296: tcs3701: stop power rail pending_off timer
11-23 10:28:24.097  1011  1189 D ASH     : @ 78556.296: tcs3701: start power rail timer, state:3
11-23 10:28:24.136  1011  1189 I ASH     : @ 78556.336: tcs3701: stop power rail pending_off timer
11-23 10:28:24.137  1011  1189 D ASH     : @ 78556.336: tcs3701: start power rail timer, state:3
11-23 10:28:24.157  5238  5296 I BatteryMgr:DataCollectionService: stats => 1700731704157,11596,4448,13427,4169000,100
11-23 10:28:24.177  1011  1189 I ASH     : @ 78556.376: tcs3701: stop power rail pending_off timer
11-23 10:28:24.178  1011  1189 D ASH     : @ 78556.376: tcs3701: start power rail timer, state:3
11-23 10:28:24.217  1011  1189 I ASH     : @ 78556.416: tcs3701: stop power rail pending_off timer
11-23 10:28:24.217  1011  1189 D ASH     : @ 78556.416: tcs3701: start power rail timer, state:3
11-23 10:28:24.256  1011  1189 I ASH     : @ 78556.456: tcs3701: stop power rail pending_off timer
11-23 10:28:24.256  1011  1189 D ASH     : @ 78556.456: tcs3701: start power rail timer, state:3
11-23 10:28:24.260  1795  3057 D ActivityManager: freezer override set to true
11-23 10:28:24.263  5238  5296 I BatteryMgr:DataCollectionService: stats => 1700731704263,11596,4448,13427,4169000,100
11-23 10:28:24.297  1011  1189 I ASH     : @ 78556.496: tcs3701: stop power rail pending_off timer
11-23 10:28:24.297  1011  1189 D ASH     : @ 78556.496: tcs3701: start power rail timer, state:3
11-23 10:28:24.336  1011  1189 I ASH     : @ 78556.536: tcs3701: stop power rail pending_off timer
11-23 10:28:24.336  1011  1189 D ASH     : @ 78556.536: tcs3701: start power rail timer, state:3
11-23 10:28:24.368  5238  5296 I BatteryMgr:DataCollectionService: stats => 1700731704367,11596,4448,13427,4169000,100
11-23 10:28:24.377  1011  1189 I ASH     : @ 78556.576: tcs3701: stop power rail pending_off timer
11-23 10:28:24.377  1011  1189 D ASH     : @ 78556.576: tcs3701: start power rail timer, state:3
11-23 10:28:24.387  9968  9983 I m.chrome.canary: Explicit concurrent copying GC freed 3803(191KB) AllocSpace objects, 4(80KB) LOS objects, 75% free, 11MB/46MB, paused 35us,22us total 43.486ms
11-23 10:28:24.416  1011  1189 I ASH     : @ 78556.616: tcs3701: stop power rail pending_off timer
11-23 10:28:24.416  1011  1189 D ASH     : @ 78556.616: tcs3701: start power rail timer, state:3
11-23 10:28:24.440  2113  2118 I pixel-thermal: skin-therm-monitor: 37.186
11-23 10:28:24.442  1795  3057 D ActivityManager: freezer override set to false
11-23 10:28:24.456  1011  1189 I ASH     : @ 78556.656: tcs3701: stop power rail pending_off timer
11-23 10:28:24.457  1011  1189 D ASH     : @ 78556.656: tcs3701: start power rail timer, state:3
11-23 10:28:24.473  5238  5296 I BatteryMgr:DataCollectionService: stats => 1700731704473,11596,4448,13427,4169000,100
11-23 10:28:24.488  1795  3057 D ActivityManager: freezer override set to true
11-23 10:28:24.490  1795  3057 D ActivityManager: freezer override set to false
11-23 10:28:24.496  1011  1189 I ASH     : @ 78556.696: tcs3701: stop power rail pending_off timer
11-23 10:28:24.496  1011  1189 D ASH     : @ 78556.696: tcs3701: start power rail timer, state:3
11-23 10:28:24.537  1011  1189 I ASH     : @ 78556.736: tcs3701: stop power rail pending_off timer
11-23 10:28:24.537  1011  1189 D ASH     : @ 78556.736: tcs3701: start power rail timer, state:3
11-23 10:28:24.576  1011  1189 I ASH     : @ 78556.776: tcs3701: stop power rail pending_off timer
11-23 10:28:24.576  1011  1189 D ASH     : @ 78556.776: tcs3701: start power rail timer, state:3
11-23 10:28:24.580  5238  5296 I BatteryMgr:DataCollectionService: stats => 1700731704580,11596,4448,13427,4169000,100
11-23 10:28:24.617  1011  1189 I ASH     : @ 78556.816: tcs3701: stop power rail pending_off timer
11-23 10:28:24.617  1011  1189 D ASH     : @ 78556.816: tcs3701: start power rail timer, state:3
11-23 10:28:24.657  1011  1189 I ASH     : @ 78556.856: tcs3701: stop power rail pending_off timer
11-23 10:28:24.657  1011  1189 D ASH     : @ 78556.856: tcs3701: start power rail timer, state:3
11-23 10:28:24.687  5238  5296 I BatteryMgr:DataCollectionService: stats => 1700731704687,11596,4448,13427,4169000,100
11-23 10:28:24.697  1011  1189 I ASH     : @ 78556.896: tcs3701: stop power rail pending_off timer
11-23 10:28:24.697  1011  1189 D ASH     : @ 78556.896: tcs3701: start power rail timer, state:3
11-23 10:28:24.737  1011  1189 I ASH     : @ 78556.936: tcs3701: stop power rail pending_off timer
11-23 10:28:24.737  1011  1189 D ASH     : @ 78556.936: tcs3701: start power rail timer, state:3
11-23 10:28:24.777  1011  1189 I ASH     : @ 78556.976: tcs3701: stop power rail pending_off timer
11-23 10:28:24.777  1011  1189 D ASH     : @ 78556.976: tcs3701: start power rail timer, state:3
11-23 10:28:24.794  5238  5296 I BatteryMgr:DataCollectionService: stats => 1700731704794,11596,4448,13427,4169000,100
11-23 10:28:24.816  1011  1189 I ASH     : @ 78557.016: tcs3701: stop power rail pending_off timer
11-23 10:28:24.817  1011  1189 D ASH     : @ 78557.016: tcs3701: start power rail timer, state:3
11-23 10:28:24.857  1011  1189 I ASH     : @ 78557.056: tcs3701: stop power rail pending_off timer
11-23 10:28:24.858  1011  1189 D ASH     : @ 78557.056: tcs3701: start power rail timer, state:3
11-23 10:28:24.893  1795  2424 D WifiClientModeImpl[13802:wlan0]: updateLinkLayerStatsRssiSpeedFrequencyCapabilities rssi=-47 TxLinkspeed=866 freq=5240 RxLinkSpeed=866
11-23 10:28:24.895  1795  2424 D WifiDataStall: tx tput in kbps: 755212
11-23 10:28:24.895  1795  2424 D WifiDataStall: rx tput in kbps: 794960
11-23 10:28:24.895  1795  2424 V WifiConfigManager: Updating scan detail cache freq=5240 BSSID=f4:6d:2f:12:cc:88 RSSI=-46 for "ourhome"WPA_PSK
11-23 10:28:24.895  1795  2424 D WifiChannelUtilization:  freq: 5240 onTime: 2060455 busyTime: 171889 onTimeDiff: 2060160 busyTimeDiff: 171872 utilization: 21 utilization t0: 21
11-23 10:28:24.895  3213  8092 V WifiManager: OnWifiUsabilityStatsListener: onWifiUsabilityStats: seqNum=25983
11-23 10:28:24.896  2782  5906 D QCNEJ/WlanStaInfoRelay: Received action: android.net.wifi.RSSI_CHANGED
11-23 10:28:24.896  1795  2735 I WifiService: updateWifiUsabilityScore uid=10180 seqNum=25983 score=100 predictionHorizonSec=1441795
11-23 10:28:24.897  1011  1189 I ASH     : @ 78557.096: tcs3701: stop power rail pending_off timer
11-23 10:28:24.897  1011  1189 D ASH     : @ 78557.096: tcs3701: start power rail timer, state:3
11-23 10:28:24.897  1795  2424 D WifiDataStall:  ccaLevel = 21
11-23 10:28:24.897  1795  2424 D WifiDataStall: L2 txTputKbps: 755212, rxTputKbps: 794960, L3 txTputKbps: 0, rxTputKbps: 0, TxTrafficHigh: false, RxTrafficHigh: false, Throughput Sufficient: true
11-23 10:28:24.898  1795  2424 D WifiScoreReport: Wifi scoring disabled - Don't check IP layer
11-23 10:28:24.898  1795  2424 D WifiScoreCard: BSSID update SIGNAL_POLL ID: 1320464697 SSID: "ourhome", BSSID: f4:6d:2f:12:cc:88, MAC: b2:2f:ec:da:4a:0c, IP: /192.168.1.104, Security type: 2, Supplicant state: COMPLETED, Wi-Fi standard: 5, RSSI: -47, Link speed: 866Mbps, Tx Link speed: 866Mbps, Max Supported Tx Link speed: 866Mbps, Rx Link speed: 866Mbps, Max Supported Rx Link speed: 866Mbps, Frequency: 5240MHz, Net ID: 12, Metered hint: false, score: 60, isUsable: true, CarrierMerged: false, SubscriptionId: -1, IsPrimary: 1, Trusted: true, Restricted: false, Ephemeral: false, OEM paid: false, OEM private: false, OSU AP: false, FQDN: <none>, Provider friendly name: <none>, Requesting package name: <none>"ourhome"wpa2-pskMLO Information: , Is TID-To-Link negotiation supported by the AP: false, AP MLD Address: <none>, AP MLO Link Id: <none>, AP MLO Affiliated links: <none>
11-23 10:28:24.898  1795  2424 D WifiScoreCard: txRate: 1 txSpeed: 866
11-23 10:28:24.898  1795  2424 D WifiScoreCard: network update SIGNAL_POLL "ourhome" ID: 1499892569 RSSI -47 txSpeed -1
11-23 10:28:24.899  2513 20817 V WifiManager: TrafficStateCallbackProxy: onStateChanged state=0
11-23 10:28:24.899  1795  2424 D WifiClientModeImpl[13802:wlan0]:  ClientModeImpl$L2ConnectedState screen=on 11 0 "ourhome" f4:6d:2f:12:cc:88 rssi=-47 f=5240 sc=60 link=866 tx=0.0, 0.0, 0.0 rx=0.0 bcn=748393 [on:0 tx:0 rx:0 period:3021] from screen [on:5107 period:156991] score=60
11-23 10:28:24.900  5238  5296 I BatteryMgr:DataCollectionService: stats => 1700731704900,11596,4448,13427,4169000,100
11-23 10:28:24.900  1795  2424 D WifiScoreReport: Wifi scoring disabled - Notify that Wifi is usable
11-23 10:28:24.904  1795  2432 D ConnectivityService: NetReassign [no changes] [c 1] [a 0] [i 2]
11-23 10:28:24.937  1011  1189 I ASH     : @ 78557.136: tcs3701: stop power rail pending_off timer
11-23 10:28:24.937  1011  1189 D ASH     : @ 78557.136: tcs3701: start power rail timer, state:3
11-23 10:28:24.976  1011  1189 I ASH     : @ 78557.176: tcs3701: stop power rail pending_off timer
11-23 10:28:24.976  1011  1189 D ASH     : @ 78557.176: tcs3701: start power rail timer, state:3
11-23 10:28:25.006  5238  5296 I BatteryMgr:DataCollectionService: stats => 1700731705006,11596,4448,13427,4169000,100
11-23 10:28:25.017  1011  1189 I ASH     : @ 78557.216: tcs3701: stop power rail pending_off timer
11-23 10:28:25.017  1011  1189 D ASH     : @ 78557.216: tcs3701: start power rail timer, state:3
11-23 10:28:25.057  1011  1189 I ASH     : @ 78557.256: tcs3701: stop power rail pending_off timer
11-23 10:28:25.057  1011  1189 D ASH     : @ 78557.256: tcs3701: start power rail timer, state:3
11-23 10:28:25.097  1011  1189 I ASH     : @ 78557.296: tcs3701: stop power rail pending_off timer
11-23 10:28:25.097  1011  1189 D ASH     : @ 78557.296: tcs3701: start power rail timer, state:3
11-23 10:28:25.112  5238  5296 I BatteryMgr:DataCollectionService: stats => 1700731705112,11596,4448,13427,4169000,100
11-23 10:28:25.136  1011  1189 I ASH     : @ 78557.336: tcs3701: stop power rail pending_off timer
11-23 10:28:25.137  1011  1189 D ASH     : @ 78557.336: tcs3701: start power rail timer, state:3
11-23 10:28:25.177  1011  1189 I ASH     : @ 78557.376: tcs3701: stop power rail pending_off timer
11-23 10:28:25.177  1011  1189 D ASH     : @ 78557.376: tcs3701: start power rail timer, state:3
11-23 10:28:25.216  1011  1189 I ASH     : @ 78557.416: tcs3701: stop power rail pending_off timer
11-23 10:28:25.216  1011  1189 D ASH     : @ 78557.416: tcs3701: start power rail timer, state:3
11-23 10:28:25.219  5238  5296 I BatteryMgr:DataCollectionService: stats => 1700731705219,11596,4448,13427,4169000,100
11-23 10:28:25.256  1011  1189 I ASH     : @ 78557.456: tcs3701: stop power rail pending_off timer
11-23 10:28:25.257  1011  1189 D ASH     : @ 78557.456: tcs3701: start power rail timer, state:3
11-23 10:28:25.297  1011  1189 I ASH     : @ 78557.496: tcs3701: stop power rail pending_off timer
11-23 10:28:25.297  1011  1189 D ASH     : @ 78557.496: tcs3701: start power rail timer, state:3
11-23 10:28:25.330  5238  5296 I BatteryMgr:DataCollectionService: stats => 1700731705330,11596,4448,13427,4169000,100
11-23 10:28:25.332  1795  2735 D ActivityManager: freezer override set to true
11-23 10:28:25.337  1011  1189 I ASH     : @ 78557.536: tcs3701: stop power rail pending_off timer
11-23 10:28:25.337  1011  1189 D ASH     : @ 78557.536: tcs3701: start power rail timer, state:3
11-23 10:28:25.338  1795  2735 D ActivityManager: freezer override set to false
11-23 10:28:25.377  1011  1189 I ASH     : @ 78557.576: tcs3701: stop power rail pending_off timer
11-23 10:28:25.377  1011  1189 D ASH     : @ 78557.576: tcs3701: start power rail timer, state:3
11-23 10:28:25.417  1011  1189 I ASH     : @ 78557.616: tcs3701: stop power rail pending_off timer
11-23 10:28:25.417  1011  1189 D ASH     : @ 78557.616: tcs3701: start power rail timer, state:3
11-23 10:28:25.436  5238  5296 I BatteryMgr:DataCollectionService: stats => 1700731705436,11596,4448,13427,4169000,100
11-23 10:28:25.457  1011  1189 I ASH     : @ 78557.656: tcs3701: stop power rail pending_off timer
11-23 10:28:25.457  1011  1189 D ASH     : @ 78557.656: tcs3701: start power rail timer, state:3
11-23 10:28:25.497  1011  1189 I ASH     : @ 78557.696: tcs3701: stop power rail pending_off timer
11-23 10:28:25.497  1011  1189 D ASH     : @ 78557.696: tcs3701: start power rail timer, state:3
11-23 10:28:25.536  1011  1189 I ASH     : @ 78557.736: tcs3701: stop power rail pending_off timer
11-23 10:28:25.537  1011  1189 D ASH     : @ 78557.736: tcs3701: start power rail timer, state:3
11-23 10:28:25.543  5238  5296 I BatteryMgr:DataCollectionService: stats => 1700731705543,11596,4448,13427,4169000,100
11-23 10:28:25.577  1011  1189 I ASH     : @ 78557.776: tcs3701: stop power rail pending_off timer
11-23 10:28:25.577  1011  1189 D ASH     : @ 78557.776: tcs3701: start power rail timer, state:3
11-23 10:28:25.616  1011  1189 I ASH     : @ 78557.816: tcs3701: stop power rail pending_off timer
11-23 10:28:25.616  1011  1189 D ASH     : @ 78557.816: tcs3701: start power rail timer, state:3
11-23 10:28:25.649  5238  5296 I BatteryMgr:DataCollectionService: stats => 1700731705649,11596,4448,13427,4169000,100
11-23 10:28:25.656  1795  2735 D ActivityManager: freezer override set to true
11-23 10:28:25.656  1011  1189 I ASH     : @ 78557.856: tcs3701: stop power rail pending_off timer
11-23 10:28:25.656  1011  1189 D ASH     : @ 78557.856: tcs3701: start power rail timer, state:3
11-23 10:28:25.696  1011  1189 I ASH     : @ 78557.896: tcs3701: stop power rail pending_off timer
11-23 10:28:25.696  1011  1189 D ASH     : @ 78557.896: tcs3701: start power rail timer, state:3
11-23 10:28:25.734  9968  9983 I m.chrome.canary: Explicit concurrent copying GC freed 3591(176KB) AllocSpace objects, 3(60KB) LOS objects, 75% free, 11MB/46MB, paused 60us,24us total 43.729ms
11-23 10:28:25.736  1011  1189 I ASH     : @ 78557.936: tcs3701: stop power rail pending_off timer
11-23 10:28:25.736  1011  1189 D ASH     : @ 78557.936: tcs3701: start power rail timer, state:3
11-23 10:28:25.755  5238  5296 I BatteryMgr:DataCollectionService: stats => 1700731705755,11596,4448,13427,4169000,100
11-23 10:28:25.776  1011  1189 I ASH     : @ 78557.976: tcs3701: stop power rail pending_off timer
11-23 10:28:25.776  1011  1189 D ASH     : @ 78557.976: tcs3701: start power rail timer, state:3
11-23 10:28:25.790  1795  2735 D ActivityManager: freezer override set to false
11-23 10:28:25.816  1011  1189 I ASH     : @ 78558.016: tcs3701: stop power rail pending_off timer
11-23 10:28:25.816  1011  1189 D ASH     : @ 78558.016: tcs3701: start power rail timer, state:3
11-23 10:28:25.840  1795  2735 D ActivityManager: freezer override set to true
11-23 10:28:25.843  1795  2735 D ActivityManager: freezer override set to false
11-23 10:28:25.858  1011  1189 I ASH     : @ 78558.056: tcs3701: stop power rail pending_off timer
11-23 10:28:25.858  1011  1189 D ASH     : @ 78558.056: tcs3701: start power rail timer, state:3
11-23 10:28:25.863  5238  5296 I BatteryMgr:DataCollectionService: stats => 1700731705863,11596,4448,13427,4169000,100
11-23 10:28:25.896  1011  1189 I ASH     : @ 78558.096: tcs3701: stop power rail pending_off timer
11-23 10:28:25.897  1011  1189 D ASH     : @ 78558.096: tcs3701: start power rail timer, state:3
11-23 10:28:25.937  1011  1189 I ASH     : @ 78558.136: tcs3701: stop power rail pending_off timer
11-23 10:28:25.937  1011  1189 D ASH     : @ 78558.136: tcs3701: start power rail timer, state:3
11-23 10:28:25.969  5238  5296 I BatteryMgr:DataCollectionService: stats => 1700731705968,11596,4448,13427,4169000,100
11-23 10:28:25.977  1011  1189 I ASH     : @ 78558.176: tcs3701: stop power rail pending_off timer
11-23 10:28:25.977  1011  1189 D ASH     : @ 78558.176: tcs3701: start power rail timer, state:3
11-23 10:28:26.017  1011  1189 I ASH     : @ 78558.216: tcs3701: stop power rail pending_off timer
11-23 10:28:26.017  1011  1189 D ASH     : @ 78558.216: tcs3701: start power rail timer, state:3
11-23 10:28:26.057  1011  1189 I ASH     : @ 78558.256: tcs3701: stop power rail pending_off timer
11-23 10:28:26.057  1011  1189 D ASH     : @ 78558.256: tcs3701: start power rail timer, state:3
11-23 10:28:26.075  5238  5296 I BatteryMgr:DataCollectionService: stats => 1700731706075,11596,4448,13427,4169000,100
11-23 10:28:26.097  1011  1189 I ASH     : @ 78558.296: tcs3701: stop power rail pending_off timer
11-23 10:28:26.097  1011  1189 D ASH     : @ 78558.296: tcs3701: start power rail timer, state:3
11-23 10:28:26.137  1011  1189 I ASH     : @ 78558.336: tcs3701: stop power rail pending_off timer
11-23 10:28:26.137  1011  1189 D ASH     : @ 78558.336: tcs3701: start power rail timer, state:3
11-23 10:28:26.177  1011  1189 I ASH     : @ 78558.376: tcs3701: stop power rail pending_off timer
11-23 10:28:26.177  1011  1189 D ASH     : @ 78558.376: tcs3701: start power rail timer, state:3
11-23 10:28:26.181  5238  5296 I BatteryMgr:DataCollectionService: stats => 1700731706181,11596,4448,13427,4169000,100
11-23 10:28:26.217  1011  1189 I ASH     : @ 78558.416: tcs3701: stop power rail pending_off timer
11-23 10:28:26.217  1011  1189 D ASH     : @ 78558.416: tcs3701: start power rail timer, state:3
11-23 10:28:26.257  1011  1189 I ASH     : @ 78558.456: tcs3701: stop power rail pending_off timer
11-23 10:28:26.257  1011  1189 D ASH     : @ 78558.456: tcs3701: start power rail timer, state:3
11-23 10:28:26.290  5238  5296 I BatteryMgr:DataCollectionService: stats => 1700731706290,11596,4448,13427,4169000,100
11-23 10:28:26.296  1011  1189 I ASH     : @ 78558.496: tcs3701: stop power rail pending_off timer
11-23 10:28:26.297  1011  1189 D ASH     : @ 78558.496: tcs3701: start power rail timer, state:3
11-23 10:28:26.327  1795  2735 D ActivityManager: freezer override set to true
11-23 10:28:26.332  1795  2735 D ActivityManager: freezer override set to false
11-23 10:28:26.337  1011  1189 I ASH     : @ 78558.536: tcs3701: stop power rail pending_off timer
11-23 10:28:26.337  1011  1189 D ASH     : @ 78558.536: tcs3701: start power rail timer, state:3
11-23 10:28:26.377  1011  1189 I ASH     : @ 78558.576: tcs3701: stop power rail pending_off timer
11-23 10:28:26.377  1011  1189 D ASH     : @ 78558.576: tcs3701: start power rail timer, state:3
11-23 10:28:26.396  5238  5296 I BatteryMgr:DataCollectionService: stats => 1700731706396,11596,4448,13427,4169000,100
11-23 10:28:26.417  1011  1189 I ASH     : @ 78558.616: tcs3701: stop power rail pending_off timer
11-23 10:28:26.417  1011  1189 D ASH     : @ 78558.616: tcs3701: start power rail timer, state:3
11-23 10:28:26.443  2113  2118 I pixel-thermal: skin-therm-monitor: 37.179
11-23 10:28:26.456  1011  1189 I ASH     : @ 78558.656: tcs3701: stop power rail pending_off timer
11-23 10:28:26.457  1011  1189 D ASH     : @ 78558.656: tcs3701: start power rail timer, state:3
11-23 10:28:26.497  1011  1189 I ASH     : @ 78558.696: tcs3701: stop power rail pending_off timer
11-23 10:28:26.497  1011  1189 D ASH     : @ 78558.696: tcs3701: start power rail timer, state:3
11-23 10:28:26.502  5238  5296 I BatteryMgr:DataCollectionService: stats => 1700731706502,11596,4448,13427,4169000,100
11-23 10:28:26.538  1011  1189 I ASH     : @ 78558.736: tcs3701: stop power rail pending_off timer
11-23 10:28:26.539  1011  1189 D ASH     : @ 78558.736: tcs3701: start power rail timer, state:3
11-23 10:28:26.577  1011  1189 I ASH     : @ 78558.776: tcs3701: stop power rail pending_off timer
11-23 10:28:26.577  1011  1189 D ASH     : @ 78558.776: tcs3701: start power rail timer, state:3
11-23 10:28:26.610  5238  5296 I BatteryMgr:DataCollectionService: stats => 1700731706610,11596,4448,13427,4169000,100
11-23 10:28:26.616  1011  1189 I ASH     : @ 78558.816: tcs3701: stop power rail pending_off timer
11-23 10:28:26.617  1011  1189 D ASH     : @ 78558.816: tcs3701: start power rail timer, state:3
11-23 10:28:26.657  1011  1189 I ASH     : @ 78558.856: tcs3701: stop power rail pending_off timer
11-23 10:28:26.657  1011  1189 D ASH     : @ 78558.856: tcs3701: start power rail timer, state:3
11-23 10:28:26.697  1011  1189 I ASH     : @ 78558.896: tcs3701: stop power rail pending_off timer
11-23 10:28:26.697  1011  1189 D ASH     : @ 78558.896: tcs3701: start power rail timer, state:3
11-23 10:28:26.717  5238  5296 I BatteryMgr:DataCollectionService: stats => 1700731706717,11596,4448,13427,4169000,100
11-23 10:28:26.737  1011  1189 I ASH     : @ 78558.936: tcs3701: stop power rail pending_off timer
11-23 10:28:26.738  1011  1189 D ASH     : @ 78558.936: tcs3701: start power rail timer, state:3
11-23 10:28:26.777  1011  1189 I ASH     : @ 78558.976: tcs3701: stop power rail pending_off timer
11-23 10:28:26.777  1011  1189 D ASH     : @ 78558.976: tcs3701: start power rail timer, state:3
11-23 10:28:26.816  1011  1189 I ASH     : @ 78559.016: tcs3701: stop power rail pending_off timer
11-23 10:28:26.817  1011  1189 D ASH     : @ 78559.016: tcs3701: start power rail timer, state:3
11-23 10:28:26.825  5238  5296 I BatteryMgr:DataCollectionService: stats => 1700731706825,11596,4448,13427,4169000,100
11-23 10:28:26.856  1011  1189 I ASH     : @ 78559.056: tcs3701: stop power rail pending_off timer
11-23 10:28:26.857  1011  1189 D ASH     : @ 78559.056: tcs3701: start power rail timer, state:3
11-23 10:28:26.897  1011  1189 I ASH     : @ 78559.096: tcs3701: stop power rail pending_off timer
11-23 10:28:26.897  1011  1189 D ASH     : @ 78559.096: tcs3701: start power rail timer, state:3
11-23 10:28:26.932  5238  5296 I BatteryMgr:DataCollectionService: stats => 1700731706932,11596,4448,13427,4169000,100
11-23 10:28:26.938  1011  1189 I ASH     : @ 78559.136: tcs3701: stop power rail pending_off timer
11-23 10:28:26.938  1011  1189 D ASH     : @ 78559.136: tcs3701: start power rail timer, state:3
11-23 10:28:26.977  1011  1189 I ASH     : @ 78559.176: tcs3701: stop power rail pending_off timer
11-23 10:28:26.977  1011  1189 D ASH     : @ 78559.176: tcs3701: start power rail timer, state:3
11-23 10:28:27.016  1795  2735 D ActivityManager: freezer override set to true
11-23 10:28:27.016  1011  1189 I ASH     : @ 78559.216: tcs3701: stop power rail pending_off timer
11-23 10:28:27.016  1011  1189 D ASH     : @ 78559.216: tcs3701: start power rail timer, state:3
11-23 10:28:27.036  5238  5296 I BatteryMgr:DataCollectionService: stats => 1700731707036,11596,4448,13427,4169000,100
11-23 10:28:27.057  1011  1189 I ASH     : @ 78559.256: tcs3701: stop power rail pending_off timer
11-23 10:28:27.057  1011  1189 D ASH     : @ 78559.256: tcs3701: start power rail timer, state:3
11-23 10:28:27.096  9968  9983 I m.chrome.canary: Explicit concurrent copying GC freed 3575(176KB) AllocSpace objects, 3(60KB) LOS objects, 75% free, 11MB/46MB, paused 120us,20us total 45.383ms
11-23 10:28:27.096  1011  1189 I ASH     : @ 78559.296: tcs3701: stop power rail pending_off timer
11-23 10:28:27.096  1011  1189 D ASH     : @ 78559.296: tcs3701: start power rail timer, state:3
11-23 10:28:27.137  1011  1189 I ASH     : @ 78559.336: tcs3701: stop power rail pending_off timer
11-23 10:28:27.137  1011  1189 D ASH     : @ 78559.336: tcs3701: start power rail timer, state:3
11-23 10:28:27.142  5238  5296 I BatteryMgr:DataCollectionService: stats => 1700731707142,11596,4448,13427,4169000,100
11-23 10:28:27.144  1795  2735 D ActivityManager: freezer override set to false
11-23 10:28:27.176  1011  1189 I ASH     : @ 78559.376: tcs3701: stop power rail pending_off timer
11-23 10:28:27.176  1011  1189 D ASH     : @ 78559.376: tcs3701: start power rail timer, state:3
11-23 10:28:27.201  1795  2735 D ActivityManager: freezer override set to true
11-23 10:28:27.204  1795  2735 D ActivityManager: freezer override set to false
11-23 10:28:27.217  1011  1189 I ASH     : @ 78559.416: tcs3701: stop power rail pending_off timer
11-23 10:28:27.217  1011  1189 D ASH     : @ 78559.416: tcs3701: start power rail timer, state:3
11-23 10:28:27.246  5238  5296 I BatteryMgr:DataCollectionService: stats => 1700731707246,11596,4448,13427,4169000,100
11-23 10:28:27.257  1011  1189 I ASH     : @ 78559.456: tcs3701: stop power rail pending_off timer
11-23 10:28:27.257  1011  1189 D ASH     : @ 78559.456: tcs3701: start power rail timer, state:3
11-23 10:28:27.297  1011  1189 I ASH     : @ 78559.496: tcs3701: stop power rail pending_off timer
11-23 10:28:27.297  1011  1189 D ASH     : @ 78559.496: tcs3701: start power rail timer, state:3
11-23 10:28:27.324  1795  2735 D ActivityManager: freezer override set to true
11-23 10:28:27.329  1795  2735 D ActivityManager: freezer override set to false
11-23 10:28:27.336  1011  1189 I ASH     : @ 78559.536: tcs3701: stop power rail pending_off timer
11-23 10:28:27.336  1011  1189 D ASH     : @ 78559.536: tcs3701: start power rail timer, state:3
11-23 10:28:27.352  5238  5296 I BatteryMgr:DataCollectionService: stats => 1700731707352,11596,4448,13427,4169000,100
11-23 10:28:27.377  1011  1189 I ASH     : @ 78559.576: tcs3701: stop power rail pending_off timer
11-23 10:28:27.377  1011  1189 D ASH     : @ 78559.576: tcs3701: start power rail timer, state:3
11-23 10:28:27.417  1011  1189 I ASH     : @ 78559.616: tcs3701: stop power rail pending_off timer
11-23 10:28:27.417  1011  1189 D ASH     : @ 78559.616: tcs3701: start power rail timer, state:3
11-23 10:28:27.457  1011  1189 I ASH     : @ 78559.656: tcs3701: stop power rail pending_off timer
11-23 10:28:27.457  1011  1189 D ASH     : @ 78559.656: tcs3701: start power rail timer, state:3
11-23 10:28:27.458  5238  5296 I BatteryMgr:DataCollectionService: stats => 1700731707458,11596,4448,13427,4169000,100
11-23 10:28:27.497  1011  1189 I ASH     : @ 78559.696: tcs3701: stop power rail pending_off timer
11-23 10:28:27.497  1011  1189 D ASH     : @ 78559.696: tcs3701: start power rail timer, state:3
11-23 10:28:27.536  1011  1189 I ASH     : @ 78559.736: tcs3701: stop power rail pending_off timer
11-23 10:28:27.537  1011  1189 D ASH     : @ 78559.736: tcs3701: start power rail timer, state:3
11-23 10:28:27.566  5238  5296 I BatteryMgr:DataCollectionService: stats => 1700731707566,11596,4448,13427,4169000,100
11-23 10:28:27.576  1011  1189 I ASH     : @ 78559.776: tcs3701: stop power rail pending_off timer
11-23 10:28:27.576  1011  1189 D ASH     : @ 78559.776: tcs3701: start power rail timer, state:3
11-23 10:28:27.616  1011  1189 I ASH     : @ 78559.816: tcs3701: stop power rail pending_off timer
11-23 10:28:27.618  1011  1189 D ASH     : @ 78559.816: tcs3701: start power rail timer, state:3
11-23 10:28:27.656  1011  1189 I ASH     : @ 78559.856: tcs3701: stop power rail pending_off timer
11-23 10:28:27.657  1011  1189 D ASH     : @ 78559.856: tcs3701: start power rail timer, state:3
11-23 10:28:27.672  5238  5296 I BatteryMgr:DataCollectionService: stats => 1700731707672,11596,4448,13427,4169000,100
11-23 10:28:27.696  1011  1189 I ASH     : @ 78559.896: tcs3701: stop power rail pending_off timer
11-23 10:28:27.697  1011  1189 D ASH     : @ 78559.896: tcs3701: start power rail timer, state:3
11-23 10:28:27.737  1011  1189 I ASH     : @ 78559.936: tcs3701: stop power rail pending_off timer
11-23 10:28:27.737  1011  1189 D ASH     : @ 78559.936: tcs3701: start power rail timer, state:3
11-23 10:28:27.776  1011  1189 I ASH     : @ 78559.976: tcs3701: stop power rail pending_off timer
11-23 10:28:27.777  1011  1189 D ASH     : @ 78559.976: tcs3701: start power rail timer, state:3
11-23 10:28:27.779  5238  5296 I BatteryMgr:DataCollectionService: stats => 1700731707778,11596,4448,13427,4169000,100
11-23 10:28:27.816  1011  1189 I ASH     : @ 78560.016: tcs3701: stop power rail pending_off timer
11-23 10:28:27.816  1011  1189 D ASH     : @ 78560.016: tcs3701: start power rail timer, state:3
11-23 10:28:27.857  1011  1189 I ASH     : @ 78560.056: tcs3701: stop power rail pending_off timer
11-23 10:28:27.857  1011  1189 D ASH     : @ 78560.056: tcs3701: start power rail timer, state:3
11-23 10:28:27.888  5238  5296 I BatteryMgr:DataCollectionService: stats => 1700731707888,11596,4448,13427,4169000,100
11-23 10:28:27.897  1011  1189 I ASH     : @ 78560.096: tcs3701: stop power rail pending_off timer
11-23 10:28:27.897  1011  1189 D ASH     : @ 78560.096: tcs3701: start power rail timer, state:3
11-23 10:28:27.911  1795  2424 D WifiClientModeImpl[13802:wlan0]: updateLinkLayerStatsRssiSpeedFrequencyCapabilities rssi=-47 TxLinkspeed=866 freq=5240 RxLinkSpeed=6
11-23 10:28:27.911  1795  2424 D WifiDataStall: tx tput in kbps: 755212
11-23 10:28:27.911  1795  2424 D WifiDataStall: rx tput in kbps: 794960
11-23 10:28:27.911  1795  2424 V WifiConfigManager: Updating scan detail cache freq=5240 BSSID=f4:6d:2f:12:cc:88 RSSI=-46 for "ourhome"WPA_PSK
11-23 10:28:27.912  3213  8092 V WifiManager: OnWifiUsabilityStatsListener: onWifiUsabilityStats: seqNum=25984
11-23 10:28:27.912  1795  2424 D WifiChannelUtilization:  freq: 5240 onTime: 2060687 busyTime: 171903 onTimeDiff: 2060392 busyTimeDiff: 171886 utilization: 21 utilization t0: 21
11-23 10:28:27.912  1795  2424 D WifiDataStall:  ccaLevel = 21
11-23 10:28:27.912  1795  2424 D WifiDataStall: L2 txTputKbps: 755212, rxTputKbps: 794960, L3 txTputKbps: 0, rxTputKbps: 0, TxTrafficHigh: false, RxTrafficHigh: false, Throughput Sufficient: true
11-23 10:28:27.913  1795  2424 D WifiScoreReport: Wifi scoring disabled - Don't check IP layer
11-23 10:28:27.913  1795  2735 I WifiService: updateWifiUsabilityScore uid=10180 seqNum=25984 score=100 predictionHorizonSec=1441795
11-23 10:28:27.913  1795  2424 D WifiScoreCard: BSSID update SIGNAL_POLL ID: 1320464697 SSID: "ourhome", BSSID: f4:6d:2f:12:cc:88, MAC: b2:2f:ec:da:4a:0c, IP: /192.168.1.104, Security type: 2, Supplicant state: COMPLETED, Wi-Fi standard: 5, RSSI: -47, Link speed: 866Mbps, Tx Link speed: 866Mbps, Max Supported Tx Link speed: 866Mbps, Rx Link speed: 6Mbps, Max Supported Rx Link speed: 866Mbps, Frequency: 5240MHz, Net ID: 12, Metered hint: false, score: 60, isUsable: true, CarrierMerged: false, SubscriptionId: -1, IsPrimary: 1, Trusted: true, Restricted: false, Ephemeral: false, OEM paid: false, OEM private: false, OSU AP: false, FQDN: <none>, Provider friendly name: <none>, Requesting package name: <none>"ourhome"wpa2-pskMLO Information: , Is TID-To-Link negotiation supported by the AP: false, AP MLD Address: <none>, AP MLO Link Id: <none>, AP MLO Affiliated links: <none>
11-23 10:28:27.913  1795  2424 D WifiScoreCard: txRate: 1 txSpeed: 866
11-23 10:28:27.913  1795  2424 D WifiScoreCard: network update SIGNAL_POLL "ourhome" ID: 1499892569 RSSI -47 txSpeed -1
11-23 10:28:27.914  1795  2424 D WifiClientModeImpl[13802:wlan0]:  ClientModeImpl$L2ConnectedState screen=on 11 0 "ourhome" f4:6d:2f:12:cc:88 rssi=-47 f=5240 sc=60 link=866 tx=0.2, 0.0, 0.0 rx=0.2 bcn=748423 [on:232 tx:0 rx:2 period:3015] from screen [on:5339 period:160006] score=60
11-23 10:28:27.914  2513 20817 V WifiManager: TrafficStateCallbackProxy: onStateChanged state=3
11-23 10:28:27.914  1795  2424 D WifiScoreReport: Wifi scoring disabled - Notify that Wifi is usable
11-23 10:28:27.917  1795  2432 D ConnectivityService: NetReassign [no changes] [c 0] [a 1] [i 2]
11-23 10:28:27.924  1795  2424 D WifiNetworkSelector: Current connected network: 12
11-23 10:28:27.925  1795  2424 V WifiConnectivityManager: No partial scan because firmware roaming is supported.
11-23 10:28:27.925  1795  2424 V WifiConnectivityManager: schedulePeriodicScanTimer intervalMs 20000
11-23 10:28:27.936  1011  1189 I ASH     : @ 78560.136: tcs3701: stop power rail pending_off timer
11-23 10:28:27.937  1011  1189 D ASH     : @ 78560.136: tcs3701: start power rail timer, state:3
11-23 10:28:27.977  1011  1189 I ASH     : @ 78560.176: tcs3701: stop power rail pending_off timer
11-23 10:28:27.977  1011  1189 D ASH     : @ 78560.176: tcs3701: start power rail timer, state:3
11-23 10:28:27.994  5238  5296 I BatteryMgr:DataCollectionService: stats => 1700731707994,11596,4448,13427,4169000,100
11-23 10:28:28.017  1011  1189 I ASH     : @ 78560.216: tcs3701: stop power rail pending_off timer
11-23 10:28:28.017  1011  1189 D ASH     : @ 78560.216: tcs3701: start power rail timer, state:3
11-23 10:28:28.057  1011  1189 I ASH     : @ 78560.256: tcs3701: stop power rail pending_off timer
11-23 10:28:28.057  1011  1189 D ASH     : @ 78560.256: tcs3701: start power rail timer, state:3
11-23 10:28:28.096  1011  1189 I ASH     : @ 78560.296: tcs3701: stop power rail pending_off timer
11-23 10:28:28.097  1011  1189 D ASH     : @ 78560.296: tcs3701: start power rail timer, state:3
11-23 10:28:28.101  5238  5296 I BatteryMgr:DataCollectionService: stats => 1700731708101,11596,4448,13427,4169000,100
11-23 10:28:28.137  1011  1189 I ASH     : @ 78560.336: tcs3701: stop power rail pending_off timer
11-23 10:28:28.137  1011  1189 D ASH     : @ 78560.336: tcs3701: start power rail timer, state:3
11-23 10:28:28.176  1011  1189 I ASH     : @ 78560.376: tcs3701: stop power rail pending_off timer
11-23 10:28:28.177  1011  1189 D ASH     : @ 78560.376: tcs3701: start power rail timer, state:3
11-23 10:28:28.208  5238  5296 I BatteryMgr:DataCollectionService: stats => 1700731708208,11596,4448,13427,4169000,100
11-23 10:28:28.217  1011  1189 I ASH     : @ 78560.416: tcs3701: stop power rail pending_off timer
11-23 10:28:28.217  1011  1189 D ASH     : @ 78560.416: tcs3701: start power rail timer, state:3
11-23 10:28:28.257  1011  1189 I ASH     : @ 78560.456: tcs3701: stop power rail pending_off timer
11-23 10:28:28.257  1011  1189 D ASH     : @ 78560.456: tcs3701: start power rail timer, state:3
11-23 10:28:28.297  1011  1189 I ASH     : @ 78560.496: tcs3701: stop power rail pending_off timer
11-23 10:28:28.297  1011  1189 D ASH     : @ 78560.496: tcs3701: start power rail timer, state:3
11-23 10:28:28.315  5238  5296 I BatteryMgr:DataCollectionService: stats => 1700731708315,11596,4448,13427,4169000,100
11-23 10:28:28.334  1795  3057 D ActivityManager: freezer override set to true
11-23 10:28:28.336  1011  1189 I ASH     : @ 78560.536: tcs3701: stop power rail pending_off timer
11-23 10:28:28.336  1011  1189 D ASH     : @ 78560.536: tcs3701: start power rail timer, state:3
11-23 10:28:28.340  1795  3057 D ActivityManager: freezer override set to false
11-23 10:28:28.348  1795  3057 D ActivityManager: freezer override set to true
11-23 10:28:28.376  1011  1189 I ASH     : @ 78560.576: tcs3701: stop power rail pending_off timer
11-23 10:28:28.376  1011  1189 D ASH     : @ 78560.576: tcs3701: start power rail timer, state:3
11-23 10:28:28.416  1011  1189 I ASH     : @ 78560.616: tcs3701: stop power rail pending_off timer
11-23 10:28:28.416  1011  1189 D ASH     : @ 78560.616: tcs3701: start power rail timer, state:3
11-23 10:28:28.419  5238  5296 I BatteryMgr:DataCollectionService: stats => 1700731708419,11596,4448,13427,4169000,100
11-23 10:28:28.426  9968  9983 I m.chrome.canary: Explicit concurrent copying GC freed 3801(191KB) AllocSpace objects, 4(80KB) LOS objects, 75% free, 11MB/46MB, paused 28us,22us total 43.112ms
11-23 10:28:28.445  2113  2118 I pixel-thermal: skin-therm-monitor: 37.176
11-23 10:28:28.456  1011  1189 I ASH     : @ 78560.656: tcs3701: stop power rail pending_off timer
11-23 10:28:28.457  1011  1189 D ASH     : @ 78560.656: tcs3701: start power rail timer, state:3
11-23 10:28:28.479  1795  3057 D ActivityManager: freezer override set to false
11-23 10:28:28.496  1011  1189 I ASH     : @ 78560.696: tcs3701: stop power rail pending_off timer
11-23 10:28:28.497  1011  1189 D ASH     : @ 78560.696: tcs3701: start power rail timer, state:3
11-23 10:28:28.523  5238  5296 I BatteryMgr:DataCollectionService: stats => 1700731708523,11596,4448,13427,4169000,100
11-23 10:28:28.526  1795  3057 D ActivityManager: freezer override set to true
11-23 10:28:28.528  1795  3057 D ActivityManager: freezer override set to false
11-23 10:28:28.537  1011  1189 I ASH     : @ 78560.736: tcs3701: stop power rail pending_off timer
11-23 10:28:28.537  1011  1189 D ASH     : @ 78560.736: tcs3701: start power rail timer, state:3
11-23 10:28:28.576  1011  1189 I ASH     : @ 78560.776: tcs3701: stop power rail pending_off timer
11-23 10:28:28.576  1011  1189 D ASH     : @ 78560.776: tcs3701: start power rail timer, state:3
11-23 10:28:28.617  1011  1189 I ASH     : @ 78560.816: tcs3701: stop power rail pending_off timer
11-23 10:28:28.617  1011  1189 D ASH     : @ 78560.816: tcs3701: start power rail timer, state:3
11-23 10:28:28.628  5238  5296 I BatteryMgr:DataCollectionService: stats => 1700731708628,11596,4448,13427,4169000,100
11-23 10:28:28.657  1011  1189 I ASH     : @ 78560.856: tcs3701: stop power rail pending_off timer
11-23 10:28:28.657  1011  1189 D ASH     : @ 78560.856: tcs3701: start power rail timer, state:3
11-23 10:28:28.697  1011  1189 I ASH     : @ 78560.896: tcs3701: stop power rail pending_off timer
11-23 10:28:28.697  1011  1189 D ASH     : @ 78560.896: tcs3701: start power rail timer, state:3
11-23 10:28:28.735  5238  5296 I BatteryMgr:DataCollectionService: stats => 1700731708734,11596,4448,13427,4169000,100
11-23 10:28:28.737  1011  1189 I ASH     : @ 78560.936: tcs3701: stop power rail pending_off timer
11-23 10:28:28.737  1011  1189 D ASH     : @ 78560.936: tcs3701: start power rail timer, state:3
11-23 10:28:28.776  1011  1189 I ASH     : @ 78560.976: tcs3701: stop power rail pending_off timer
11-23 10:28:28.777  1011  1189 D ASH     : @ 78560.976: tcs3701: start power rail timer, state:3
11-23 10:28:28.817  1011  1189 I ASH     : @ 78561.016: tcs3701: stop power rail pending_off timer
11-23 10:28:28.817  1011  1189 D ASH     : @ 78561.016: tcs3701: start power rail timer, state:3
11-23 10:28:28.842  5238  5296 I BatteryMgr:DataCollectionService: stats => 1700731708841,11596,4448,13427,4169000,100
11-23 10:28:28.857  1011  1189 I ASH     : @ 78561.056: tcs3701: stop power rail pending_off timer
11-23 10:28:28.857  1011  1189 D ASH     : @ 78561.056: tcs3701: start power rail timer, state:3
11-23 10:28:28.897  1011  1189 I ASH     : @ 78561.096: tcs3701: stop power rail pending_off timer
11-23 10:28:28.897  1011  1189 D ASH     : @ 78561.096: tcs3701: start power rail timer, state:3
11-23 10:28:28.936  1011  1189 I ASH     : @ 78561.136: tcs3701: stop power rail pending_off timer
11-23 10:28:28.937  1011  1189 D ASH     : @ 78561.136: tcs3701: start power rail timer, state:3
11-23 10:28:28.950  5238  5296 I BatteryMgr:DataCollectionService: stats => 1700731708949,11596,4448,13427,4169000,100
11-23 10:28:28.977  1011  1189 I ASH     : @ 78561.176: tcs3701: stop power rail pending_off timer
11-23 10:28:28.977  1011  1189 D ASH     : @ 78561.176: tcs3701: start power rail timer, state:3
11-23 10:28:29.017  1011  1189 I ASH     : @ 78561.216: tcs3701: stop power rail pending_off timer
11-23 10:28:29.017  1011  1189 D ASH     : @ 78561.216: tcs3701: start power rail timer, state:3
11-23 10:28:29.055  5238  5296 I BatteryMgr:DataCollectionService: stats => 1700731709055,11596,4448,13427,4169000,100
11-23 10:28:29.057  1011  1189 I ASH     : @ 78561.256: tcs3701: stop power rail pending_off timer
11-23 10:28:29.057  1011  1189 D ASH     : @ 78561.256: tcs3701: start power rail timer, state:3
11-23 10:28:29.096  1011  1189 I ASH     : @ 78561.296: tcs3701: stop power rail pending_off timer
11-23 10:28:29.097  1011  1189 D ASH     : @ 78561.296: tcs3701: start power rail timer, state:3
11-23 10:28:29.137  1011  1189 I ASH     : @ 78561.336: tcs3701: stop power rail pending_off timer
11-23 10:28:29.137  1011  1189 D ASH     : @ 78561.336: tcs3701: start power rail timer, state:3
11-23 10:28:29.161  5238  5296 I BatteryMgr:DataCollectionService: stats => 1700731709161,11596,4448,13427,4169000,100
11-23 10:28:29.177  1011  1189 I ASH     : @ 78561.376: tcs3701: stop power rail pending_off timer
11-23 10:28:29.177  1011  1189 D ASH     : @ 78561.376: tcs3701: start power rail timer, state:3
11-23 10:28:29.216  1011  1189 I ASH     : @ 78561.416: tcs3701: stop power rail pending_off timer
11-23 10:28:29.216  1011  1189 D ASH     : @ 78561.416: tcs3701: start power rail timer, state:3
11-23 10:28:29.257  1011  1189 I ASH     : @ 78561.456: tcs3701: stop power rail pending_off timer
11-23 10:28:29.257  1011  1189 D ASH     : @ 78561.456: tcs3701: start power rail timer, state:3
11-23 10:28:29.267  5238  5296 I BatteryMgr:DataCollectionService: stats => 1700731709267,11596,4448,13427,4169000,100
11-23 10:28:29.297  1011  1189 I ASH     : @ 78561.496: tcs3701: stop power rail pending_off timer
11-23 10:28:29.298  1011  1189 D ASH     : @ 78561.496: tcs3701: start power rail timer, state:3
11-23 10:28:29.331  1795  3057 D ActivityManager: freezer override set to true
11-23 10:28:29.334  1795  3057 D ActivityManager: freezer override set to false
11-23 10:28:29.336  1011  1189 I ASH     : @ 78561.536: tcs3701: stop power rail pending_off timer
11-23 10:28:29.336  1011  1189 D ASH     : @ 78561.536: tcs3701: start power rail timer, state:3
11-23 10:28:29.373  5238  5296 I BatteryMgr:DataCollectionService: stats => 1700731709373,11596,4448,13427,4169000,100
11-23 10:28:29.376  1011  1189 I ASH     : @ 78561.576: tcs3701: stop power rail pending_off timer
11-23 10:28:29.376  1011  1189 D ASH     : @ 78561.576: tcs3701: start power rail timer, state:3
11-23 10:28:29.417  1011  1189 I ASH     : @ 78561.616: tcs3701: stop power rail pending_off timer
11-23 10:28:29.417  1011  1189 D ASH     : @ 78561.616: tcs3701: start power rail timer, state:3
11-23 10:28:29.457  1011  1189 I ASH     : @ 78561.656: tcs3701: stop power rail pending_off timer
11-23 10:28:29.457  1011  1189 D ASH     : @ 78561.656: tcs3701: start power rail timer, state:3
11-23 10:28:29.480  5238  5296 I BatteryMgr:DataCollectionService: stats => 1700731709480,11596,4448,13427,4169000,100
11-23 10:28:29.497  1011  1189 I ASH     : @ 78561.696: tcs3701: stop power rail pending_off timer
11-23 10:28:29.497  1011  1189 D ASH     : @ 78561.696: tcs3701: start power rail timer, state:3
11-23 10:28:29.536  1011  1189 I ASH     : @ 78561.736: tcs3701: stop power rail pending_off timer
11-23 10:28:29.537  1011  1189 D ASH     : @ 78561.736: tcs3701: start power rail timer, state:3
11-23 10:28:29.577  1011  1189 I ASH     : @ 78561.776: tcs3701: stop power rail pending_off timer
11-23 10:28:29.577  1011  1189 D ASH     : @ 78561.776: tcs3701: start power rail timer, state:3
11-23 10:28:29.586  5238  5296 I BatteryMgr:DataCollectionService: stats => 1700731709586,11596,4448,13427,4169000,100
11-23 10:28:29.617  1011  1189 I ASH     : @ 78561.816: tcs3701: stop power rail pending_off timer
11-23 10:28:29.617  1011  1189 D ASH     : @ 78561.816: tcs3701: start power rail timer, state:3
11-23 10:28:29.657  1011  1189 I ASH     : @ 78561.856: tcs3701: stop power rail pending_off timer
11-23 10:28:29.657  1011  1189 D ASH     : @ 78561.856: tcs3701: start power rail timer, state:3
11-23 10:28:29.685  1795  3057 D ActivityManager: freezer override set to true
11-23 10:28:29.690  5238  5296 I BatteryMgr:DataCollectionService: stats => 1700731709690,11596,4448,13427,4169000,100
11-23 10:28:29.697  1011  1189 I ASH     : @ 78561.896: tcs3701: stop power rail pending_off timer
11-23 10:28:29.697  1011  1189 D ASH     : @ 78561.896: tcs3701: start power rail timer, state:3
11-23 10:28:29.737  1011  1189 I ASH     : @ 78561.936: tcs3701: stop power rail pending_off timer
11-23 10:28:29.737  1011  1189 D ASH     : @ 78561.936: tcs3701: start power rail timer, state:3
11-23 10:28:29.777  1011  1189 I ASH     : @ 78561.976: tcs3701: stop power rail pending_off timer
11-23 10:28:29.777  1011  1189 D ASH     : @ 78561.976: tcs3701: start power rail timer, state:3
11-23 10:28:29.794  5238  5296 I BatteryMgr:DataCollectionService: stats => 1700731709794,11596,4448,13427,4169000,100
11-23 10:28:29.817  1011  1189 I ASH     : @ 78562.016: tcs3701: stop power rail pending_off timer
11-23 10:28:29.817  1011  1189 D ASH     : @ 78562.016: tcs3701: start power rail timer, state:3
11-23 10:28:29.818  9968  9983 I m.chrome.canary: Explicit concurrent copying GC freed 3593(176KB) AllocSpace objects, 3(60KB) LOS objects, 75% free, 11MB/46MB, paused 34us,23us total 43.417ms
11-23 10:28:29.857  1011  1189 I ASH     : @ 78562.056: tcs3701: stop power rail pending_off timer
11-23 10:28:29.857  1011  1189 D ASH     : @ 78562.056: tcs3701: start power rail timer, state:3
11-23 10:28:29.873  1795  3057 D ActivityManager: freezer override set to false
11-23 10:28:29.897  1011  1189 I ASH     : @ 78562.096: tcs3701: stop power rail pending_off timer
11-23 10:28:29.897  1011  1189 D ASH     : @ 78562.096: tcs3701: start power rail timer, state:3
11-23 10:28:29.898  5238  5296 I BatteryMgr:DataCollectionService: stats => 1700731709898,11596,4448,13427,4169000,100
11-23 10:28:29.916  1795  3057 D ActivityManager: freezer override set to true
11-23 10:28:29.918  1795  3057 D ActivityManager: freezer override set to false
11-23 10:28:29.937  1011  1189 I ASH     : @ 78562.136: tcs3701: stop power rail pending_off timer
11-23 10:28:29.937  1011  1189 D ASH     : @ 78562.136: tcs3701: start power rail timer, state:3
11-23 10:28:29.976  1011  1189 I ASH     : @ 78562.176: tcs3701: stop power rail pending_off timer
11-23 10:28:29.976  1011  1189 D ASH     : @ 78562.176: tcs3701: start power rail timer, state:3
11-23 10:28:30.004  5238  5296 I BatteryMgr:DataCollectionService: stats => 1700731710004,11596,4448,13427,4169000,100
11-23 10:28:30.017  1011  1189 I ASH     : @ 78562.216: tcs3701: stop power rail pending_off timer
11-23 10:28:30.018  1011  1189 D ASH     : @ 78562.216: tcs3701: start power rail timer, state:3
11-23 10:28:30.056  1011  1189 I ASH     : @ 78562.256: tcs3701: stop power rail pending_off timer
11-23 10:28:30.057  1011  1189 D ASH     : @ 78562.256: tcs3701: start power rail timer, state:3
11-23 10:28:30.097  1011  1189 I ASH     : @ 78562.296: tcs3701: stop power rail pending_off timer
11-23 10:28:30.097  1011  1189 D ASH     : @ 78562.296: tcs3701: start power rail timer, state:3
11-23 10:28:30.111  5238  5296 I BatteryMgr:DataCollectionService: stats => 1700731710111,11596,4448,13427,4169000,100
11-23 10:28:30.136  1011  1189 I ASH     : @ 78562.336: tcs3701: stop power rail pending_off timer
11-23 10:28:30.137  1011  1189 D ASH     : @ 78562.336: tcs3701: start power rail timer, state:3
11-23 10:28:30.177  1011  1189 I ASH     : @ 78562.376: tcs3701: stop power rail pending_off timer
11-23 10:28:30.177  1011  1189 D ASH     : @ 78562.376: tcs3701: start power rail timer, state:3
11-23 10:28:30.217  1011  1189 I ASH     : @ 78562.416: tcs3701: stop power rail pending_off timer
11-23 10:28:30.217  1011  1189 D ASH     : @ 78562.416: tcs3701: start power rail timer, state:3
11-23 10:28:30.219  5238  5296 I BatteryMgr:DataCollectionService: stats => 1700731710219,11596,4448,13427,4169000,100
11-23 10:28:30.257  1011  1189 I ASH     : @ 78562.456: tcs3701: stop power rail pending_off timer
11-23 10:28:30.257  1011  1189 D ASH     : @ 78562.456: tcs3701: start power rail timer, state:3
11-23 10:28:30.297  1011  1189 I ASH     : @ 78562.496: tcs3701: stop power rail pending_off timer
11-23 10:28:30.297  1011  1189 D ASH     : @ 78562.496: tcs3701: start power rail timer, state:3
11-23 10:28:30.330  5238  5296 I BatteryMgr:DataCollectionService: stats => 1700731710330,11596,4448,13427,4169000,100
11-23 10:28:30.336  1795  3057 D ActivityManager: freezer override set to true
11-23 10:28:30.336  1011  1189 I ASH     : @ 78562.536: tcs3701: stop power rail pending_off timer
11-23 10:28:30.336  1011  1189 D ASH     : @ 78562.536: tcs3701: start power rail timer, state:3
11-23 10:28:30.342  1795  3057 D ActivityManager: freezer override set to false
11-23 10:28:30.377  1011  1189 I ASH     : @ 78562.576: tcs3701: stop power rail pending_off timer
11-23 10:28:30.377  1011  1189 D ASH     : @ 78562.576: tcs3701: start power rail timer, state:3
11-23 10:28:30.416  1011  1189 I ASH     : @ 78562.616: tcs3701: stop power rail pending_off timer
11-23 10:28:30.417  1011  1189 D ASH     : @ 78562.616: tcs3701: start power rail timer, state:3
11-23 10:28:30.437  5238  5296 I BatteryMgr:DataCollectionService: stats => 1700731710437,11596,4448,13427,4169000,100
11-23 10:28:30.448  2113  2118 I pixel-thermal: skin-therm-monitor: 37.186
