11-23 10:39:23.213  1011  1189 D ASH     : @ 79215.413: tcs3701: start power rail timer, state:3
11-23 10:39:23.230  5238  5296 I BatteryMgr:DataCollectionService: stats => 1700732363230,8544,4448,13427,4169000,100
11-23 10:39:23.253  1011  1189 I ASH     : @ 79215.453: tcs3701: stop power rail pending_off timer
11-23 10:39:23.253  1011  1189 D ASH     : @ 79215.453: tcs3701: start power rail timer, state:3
11-23 10:39:23.293  1011  1189 I ASH     : @ 79215.493: tcs3701: stop power rail pending_off timer
11-23 10:39:23.293  1011  1189 D ASH     : @ 79215.493: tcs3701: start power rail timer, state:3
11-23 10:39:23.333  1011  1189 I ASH     : @ 79215.533: tcs3701: stop power rail pending_off timer
11-23 10:39:23.334  1011  1189 D ASH     : @ 79215.533: tcs3701: start power rail timer, state:3
11-23 10:39:23.346  5238  5296 I BatteryMgr:DataCollectionService: stats => 1700732363346,8544,4448,13427,4169000,100
11-23 10:39:23.374  1011  1189 I ASH     : @ 79215.573: tcs3701: stop power rail pending_off timer
11-23 10:39:23.374  1011  1189 D ASH     : @ 79215.573: tcs3701: start power rail timer, state:3
11-23 10:39:23.413  1011  1189 I ASH     : @ 79215.613: tcs3701: stop power rail pending_off timer
11-23 10:39:23.413  1011  1189 D ASH     : @ 79215.613: tcs3701: start power rail timer, state:3
11-23 10:39:23.452  5238  5296 I BatteryMgr:DataCollectionService: stats => 1700732363452,8544,4448,13427,4169000,100
11-23 10:39:23.454  1011  1189 I ASH     : @ 79215.653: tcs3701: stop power rail pending_off timer
11-23 10:39:23.454  1011  1189 D ASH     : @ 79215.653: tcs3701: start power rail timer, state:3
11-23 10:39:23.493  1011  1189 I ASH     : @ 79215.693: tcs3701: stop power rail pending_off timer
11-23 10:39:23.494  1011  1189 D ASH     : @ 79215.693: tcs3701: start power rail timer, state:3
11-23 10:39:23.534  1011  1189 I ASH     : @ 79215.733: tcs3701: stop power rail pending_off timer
11-23 10:39:23.534  1011  1189 D ASH     : @ 79215.733: tcs3701: start power rail timer, state:3
11-23 10:39:23.558  5238  5296 I BatteryMgr:DataCollectionService: stats => 1700732363558,8544,4448,13427,4169000,100
11-23 10:39:23.573  1011  1189 I ASH     : @ 79215.773: tcs3701: stop power rail pending_off timer
11-23 10:39:23.574  1011  1189 D ASH     : @ 79215.773: tcs3701: start power rail timer, state:3
11-23 10:39:23.613  1011  1189 I ASH     : @ 79215.813: tcs3701: stop power rail pending_off timer
11-23 10:39:23.613  1011  1189 D ASH     : @ 79215.813: tcs3701: start power rail timer, state:3
11-23 10:39:23.653  1011  1189 I ASH     : @ 79215.853: tcs3701: stop power rail pending_off timer
11-23 10:39:23.653  1011  1189 D ASH     : @ 79215.853: tcs3701: start power rail timer, state:3
11-23 10:39:23.664  5238  5296 I BatteryMgr:DataCollectionService: stats => 1700732363664,8544,4448,13427,4169000,100
11-23 10:39:23.693  1011  1189 I ASH     : @ 79215.893: tcs3701: stop power rail pending_off timer
11-23 10:39:23.693  1011  1189 D ASH     : @ 79215.893: tcs3701: start power rail timer, state:3
11-23 10:39:23.733  1011  1189 I ASH     : @ 79215.933: tcs3701: stop power rail pending_off timer
11-23 10:39:23.734  1011  1189 D ASH     : @ 79215.933: tcs3701: start power rail timer, state:3
11-23 10:39:23.770  5238  5296 I BatteryMgr:DataCollectionService: stats => 1700732363770,8544,4448,13427,4169000,100
11-23 10:39:23.774  1011  1189 I ASH     : @ 79215.973: tcs3701: stop power rail pending_off timer
11-23 10:39:23.774  1011  1189 D ASH     : @ 79215.973: tcs3701: start power rail timer, state:3
11-23 10:39:23.813  1011  1189 I ASH     : @ 79216.013: tcs3701: stop power rail pending_off timer
11-23 10:39:23.813  1011  1189 D ASH     : @ 79216.013: tcs3701: start power rail timer, state:3
11-23 10:39:23.854  1011  1189 I ASH     : @ 79216.053: tcs3701: stop power rail pending_off timer
11-23 10:39:23.854  1011  1189 D ASH     : @ 79216.053: tcs3701: start power rail timer, state:3
11-23 10:39:23.879  5238  5296 I BatteryMgr:DataCollectionService: stats => 1700732363878,8544,4448,13427,4169000,100
11-23 10:39:23.893  1011  1189 I ASH     : @ 79216.093: tcs3701: stop power rail pending_off timer
11-23 10:39:23.894  1011  1189 D ASH     : @ 79216.093: tcs3701: start power rail timer, state:3
11-23 10:39:23.934  1011  1189 I ASH     : @ 79216.133: tcs3701: stop power rail pending_off timer
11-23 10:39:23.934  1011  1189 D ASH     : @ 79216.133: tcs3701: start power rail timer, state:3
11-23 10:39:23.973  1011  1189 I ASH     : @ 79216.173: tcs3701: stop power rail pending_off timer
11-23 10:39:23.973  1011  1189 D ASH     : @ 79216.173: tcs3701: start power rail timer, state:3
11-23 10:39:23.991  5238  5296 I BatteryMgr:DataCollectionService: stats => 1700732363991,8544,4448,13427,4169000,100
11-23 10:39:24.012  2113  2118 I pixel-thermal: skin-therm-monitor: 36.906
11-23 10:39:24.013  1011  1189 I ASH     : @ 79216.213: tcs3701: stop power rail pending_off timer
11-23 10:39:24.013  1011  1189 D ASH     : @ 79216.213: tcs3701: start power rail timer, state:3
11-23 10:39:24.022  1795  3658 D ActivityManager: freezer override set to true
11-23 10:39:24.054  1011  1189 I ASH     : @ 79216.253: tcs3701: stop power rail pending_off timer
11-23 10:39:24.054  1011  1189 D ASH     : @ 79216.253: tcs3701: start power rail timer, state:3
11-23 10:39:24.093  1011  1189 I ASH     : @ 79216.293: tcs3701: stop power rail pending_off timer
11-23 10:39:24.093  1011  1189 D ASH     : @ 79216.293: tcs3701: start power rail timer, state:3
11-23 10:39:24.099  5238  5296 I BatteryMgr:DataCollectionService: stats => 1700732364099,8544,4448,13427,4169000,100
11-23 10:39:24.115 25263 25318 I m.chrome.canary: Explicit concurrent copying GC freed 3910(196KB) AllocSpace objects, 4(80KB) LOS objects, 75% free, 11MB/47MB, paused 31us,22us total 44.245ms
11-23 10:39:24.134  1011  1189 I ASH     : @ 79216.333: tcs3701: stop power rail pending_off timer
11-23 10:39:24.134  1011  1189 D ASH     : @ 79216.333: tcs3701: start power rail timer, state:3
11-23 10:39:24.174  1011  1189 I ASH     : @ 79216.373: tcs3701: stop power rail pending_off timer
11-23 10:39:24.174  1011  1189 D ASH     : @ 79216.373: tcs3701: start power rail timer, state:3
11-23 10:39:24.192  1795  3658 D ActivityManager: freezer override set to false
11-23 10:39:24.212  5238  5296 I BatteryMgr:DataCollectionService: stats => 1700732364212,8544,4448,13427,4169000,100
11-23 10:39:24.214  1011  1189 I ASH     : @ 79216.413: tcs3701: stop power rail pending_off timer
11-23 10:39:24.214  1011  1189 D ASH     : @ 79216.413: tcs3701: start power rail timer, state:3
11-23 10:39:24.254  1011  1189 I ASH     : @ 79216.453: tcs3701: stop power rail pending_off timer
11-23 10:39:24.254  1011  1189 D ASH     : @ 79216.453: tcs3701: start power rail timer, state:3
11-23 10:39:24.272  1795  2262 D ActivityManager: freezer override set to true
11-23 10:39:24.282  1795  2262 D ActivityManager: freezer override set to false
11-23 10:39:24.294  1011  1189 I ASH     : @ 79216.493: tcs3701: stop power rail pending_off timer
11-23 10:39:24.294  1011  1189 D ASH     : @ 79216.493: tcs3701: start power rail timer, state:3
11-23 10:39:24.323  5238  5296 I BatteryMgr:DataCollectionService: stats => 1700732364323,8544,4448,13427,4169000,100
11-23 10:39:24.334  1011  1189 I ASH     : @ 79216.533: tcs3701: stop power rail pending_off timer
11-23 10:39:24.334  1011  1189 D ASH     : @ 79216.533: tcs3701: start power rail timer, state:3
11-23 10:39:24.374  1011  1189 I ASH     : @ 79216.573: tcs3701: stop power rail pending_off timer
11-23 10:39:24.374  1011  1189 D ASH     : @ 79216.573: tcs3701: start power rail timer, state:3
11-23 10:39:24.413  1011  1189 I ASH     : @ 79216.613: tcs3701: stop power rail pending_off timer
11-23 10:39:24.413  1011  1189 D ASH     : @ 79216.613: tcs3701: start power rail timer, state:3
11-23 10:39:24.431  5238  5296 I BatteryMgr:DataCollectionService: stats => 1700732364431,8544,4448,13427,4169000,100
11-23 10:39:24.453  1011  1189 I ASH     : @ 79216.653: tcs3701: stop power rail pending_off timer
11-23 10:39:24.453  1011  1189 D ASH     : @ 79216.653: tcs3701: start power rail timer, state:3
11-23 10:39:24.496  1011  1189 I ASH     : @ 79216.693: tcs3701: stop power rail pending_off timer
11-23 10:39:24.497  1011  1189 D ASH     : @ 79216.693: tcs3701: start power rail timer, state:3
11-23 10:39:24.534  1011  1189 I ASH     : @ 79216.733: tcs3701: stop power rail pending_off timer
11-23 10:39:24.534  1011  1189 D ASH     : @ 79216.733: tcs3701: start power rail timer, state:3
11-23 10:39:24.540  5238  5296 I BatteryMgr:DataCollectionService: stats => 1700732364540,8544,4448,13427,4169000,100
11-23 10:39:24.574  1011  1189 I ASH     : @ 79216.773: tcs3701: stop power rail pending_off timer
11-23 10:39:24.574  1011  1189 D ASH     : @ 79216.773: tcs3701: start power rail timer, state:3
11-23 10:39:24.613  1011  1189 I ASH     : @ 79216.813: tcs3701: stop power rail pending_off timer
11-23 10:39:24.614  1011  1189 D ASH     : @ 79216.813: tcs3701: start power rail timer, state:3
11-23 10:39:24.647  5238  5296 I BatteryMgr:DataCollectionService: stats => 1700732364647,8544,4448,13427,4169000,100
11-23 10:39:24.653  1011  1189 I ASH     : @ 79216.853: tcs3701: stop power rail pending_off timer
11-23 10:39:24.653  1011  1189 D ASH     : @ 79216.853: tcs3701: start power rail timer, state:3
11-23 10:39:24.693  1011  1189 I ASH     : @ 79216.893: tcs3701: stop power rail pending_off timer
11-23 10:39:24.693  1011  1189 D ASH     : @ 79216.893: tcs3701: start power rail timer, state:3
11-23 10:39:24.734  1011  1189 I ASH     : @ 79216.933: tcs3701: stop power rail pending_off timer
11-23 10:39:24.734  1011  1189 D ASH     : @ 79216.933: tcs3701: start power rail timer, state:3
11-23 10:39:24.755  5238  5296 I BatteryMgr:DataCollectionService: stats => 1700732364755,8544,4448,13427,4169000,100
11-23 10:39:24.773  1011  1189 I ASH     : @ 79216.973: tcs3701: stop power rail pending_off timer
11-23 10:39:24.774  1011  1189 D ASH     : @ 79216.973: tcs3701: start power rail timer, state:3
11-23 10:39:24.814  1011  1189 I ASH     : @ 79217.013: tcs3701: stop power rail pending_off timer
11-23 10:39:24.814  1011  1189 D ASH     : @ 79217.013: tcs3701: start power rail timer, state:3
11-23 10:39:24.853  1011  1189 I ASH     : @ 79217.053: tcs3701: stop power rail pending_off timer
11-23 10:39:24.854  1011  1189 D ASH     : @ 79217.053: tcs3701: start power rail timer, state:3
11-23 10:39:24.863  5238  5296 I BatteryMgr:DataCollectionService: stats => 1700732364862,8544,4448,13427,4169000,100
11-23 10:39:24.893  1011  1189 I ASH     : @ 79217.093: tcs3701: stop power rail pending_off timer
11-23 10:39:24.893  1011  1189 D ASH     : @ 79217.093: tcs3701: start power rail timer, state:3
11-23 10:39:24.933  1011  1189 I ASH     : @ 79217.133: tcs3701: stop power rail pending_off timer
11-23 10:39:24.933  1011  1189 D ASH     : @ 79217.133: tcs3701: start power rail timer, state:3
11-23 10:39:24.968  5238  5296 I BatteryMgr:DataCollectionService: stats => 1700732364967,8544,4448,13427,4169000,100
11-23 10:39:24.973  1011  1189 I ASH     : @ 79217.173: tcs3701: stop power rail pending_off timer
11-23 10:39:24.974  1011  1189 D ASH     : @ 79217.173: tcs3701: start power rail timer, state:3
11-23 10:39:25.014  1011  1189 I ASH     : @ 79217.213: tcs3701: stop power rail pending_off timer
11-23 10:39:25.014  1011  1189 D ASH     : @ 79217.213: tcs3701: start power rail timer, state:3
11-23 10:39:25.053  1011  1189 I ASH     : @ 79217.253: tcs3701: stop power rail pending_off timer
11-23 10:39:25.053  1011  1189 D ASH     : @ 79217.253: tcs3701: start power rail timer, state:3
11-23 10:39:25.078  5238  5296 I BatteryMgr:DataCollectionService: stats => 1700732365078,8544,4448,13427,4169000,100
11-23 10:39:25.095  1011  1189 I ASH     : @ 79217.293: tcs3701: stop power rail pending_off timer
11-23 10:39:25.095  1011  1189 D ASH     : @ 79217.293: tcs3701: start power rail timer, state:3
11-23 10:39:25.105  1795  2262 D ActivityManager: freezer override set to true
11-23 10:39:25.123  1795  2262 D ActivityManager: freezer override set to false
11-23 10:39:25.133  1011  1189 I ASH     : @ 79217.333: tcs3701: stop power rail pending_off timer
11-23 10:39:25.133  1011  1189 D ASH     : @ 79217.333: tcs3701: start power rail timer, state:3
11-23 10:39:25.171 25263 25323 W chromium: [WARNING:ev_root_ca_metadata.cc(119)] Not implemented
11-23 10:39:25.171 25263 25323 W chromium: [WARNING:ev_root_ca_metadata.cc(119)] Not implemented
11-23 10:39:25.173  1011  1189 I ASH     : @ 79217.373: tcs3701: stop power rail pending_off timer
11-23 10:39:25.174  1011  1189 D ASH     : @ 79217.373: tcs3701: start power rail timer, state:3
11-23 10:39:25.187  5238  5296 I BatteryMgr:DataCollectionService: stats => 1700732365186,8544,4448,13427,4169000,100
11-23 10:39:25.214  1011  1189 I ASH     : @ 79217.413: tcs3701: stop power rail pending_off timer
11-23 10:39:25.214  1011  1189 D ASH     : @ 79217.413: tcs3701: start power rail timer, state:3
11-23 10:39:25.254  1011  1189 I ASH     : @ 79217.453: tcs3701: stop power rail pending_off timer
11-23 10:39:25.254  1011  1189 D ASH     : @ 79217.453: tcs3701: start power rail timer, state:3
11-23 10:39:25.294  1011  1189 I ASH     : @ 79217.493: tcs3701: stop power rail pending_off timer
11-23 10:39:25.294  1011  1189 D ASH     : @ 79217.493: tcs3701: start power rail timer, state:3
11-23 10:39:25.297  5238  5296 I BatteryMgr:DataCollectionService: stats => 1700732365297,8544,4448,13427,4169000,100
11-23 10:39:25.333  1011  1189 I ASH     : @ 79217.533: tcs3701: stop power rail pending_off timer
11-23 10:39:25.333  1011  1189 D ASH     : @ 79217.533: tcs3701: start power rail timer, state:3
11-23 10:39:25.374  1011  1189 I ASH     : @ 79217.573: tcs3701: stop power rail pending_off timer
11-23 10:39:25.374  1011  1189 D ASH     : @ 79217.573: tcs3701: start power rail timer, state:3
11-23 10:39:25.401  5238  5296 I BatteryMgr:DataCollectionService: stats => 1700732365401,8544,4448,13427,4169000,100
11-23 10:39:25.407  1795  2424 D WifiClientModeImpl[13802:wlan0]: updateLinkLayerStatsRssiSpeedFrequencyCapabilities rssi=-47 TxLinkspeed=866 freq=5240 RxLinkSpeed=866
11-23 10:39:25.408  1795  2424 D WifiDataStall: tx tput in kbps: 763162
11-23 10:39:25.408  1795  2424 D WifiDataStall: rx tput in kbps: 794960
11-23 10:39:25.408  1795  2424 V WifiConfigManager: Updating scan detail cache freq=5240 BSSID=f4:6d:2f:12:cc:88 RSSI=-47 for "ourhome"WPA_PSK
11-23 10:39:25.409  1795  2424 D WifiChannelUtilization:  freq: 5240 onTime: 2086159 busyTime: 173208 onTimeDiff: 2085864 busyTimeDiff: 173191 utilization: 21 utilization t0: 21
11-23 10:39:25.409  2782  5906 D QCNEJ/WlanStaInfoRelay: Received action: android.net.wifi.RSSI_CHANGED
11-23 10:39:25.409  1795  2424 D WifiDataStall:  ccaLevel = 21
11-23 10:39:25.409  3213  8092 V WifiManager: OnWifiUsabilityStatsListener: onWifiUsabilityStats: seqNum=26202
11-23 10:39:25.409  1795  2424 D WifiDataStall: L2 txTputKbps: 794960, rxTputKbps: 794960, L3 txTputKbps: 16, rxTputKbps: 42, TxTrafficHigh: true, RxTrafficHigh: true, Throughput Sufficient: true
11-23 10:39:25.409  1795  2424 D WifiScoreReport: Wifi scoring disabled - Don't check IP layer
11-23 10:39:25.409  1795  2424 D WifiScoreCard: BSSID update SIGNAL_POLL ID: 1320464697 SSID: "ourhome", BSSID: f4:6d:2f:12:cc:88, MAC: b2:2f:ec:da:4a:0c, IP: /192.168.1.104, Security type: 2, Supplicant state: COMPLETED, Wi-Fi standard: 5, RSSI: -47, Link speed: 866Mbps, Tx Link speed: 866Mbps, Max Supported Tx Link speed: 866Mbps, Rx Link speed: 866Mbps, Max Supported Rx Link speed: 866Mbps, Frequency: 5240MHz, Net ID: 12, Metered hint: false, score: 60, isUsable: true, CarrierMerged: false, SubscriptionId: -1, IsPrimary: 1, Trusted: true, Restricted: false, Ephemeral: false, OEM paid: false, OEM private: false, OSU AP: false, FQDN: <none>, Provider friendly name: <none>, Requesting package name: <none>"ourhome"wpa2-pskMLO Information: , Is TID-To-Link negotiation supported by the AP: false, AP MLD Address: <none>, AP MLO Link Id: <none>, AP MLO Affiliated links: <none>
11-23 10:39:25.409  1795  2424 D WifiScoreCard: txRate: 14 txSpeed: 866
11-23 10:39:25.410  1795  2262 I WifiService: updateWifiUsabilityScore uid=10180 seqNum=26202 score=100 predictionHorizonSec=1441795
11-23 10:39:25.410  1795  2424 D WifiScoreCard: network update SIGNAL_POLL "ourhome" ID: 1499892569 RSSI -47 txSpeed 866
11-23 10:39:25.411  1795  2424 D WifiClientModeImpl[13802:wlan0]:  ClientModeImpl$L2ConnectedState screen=on 11 0 "ourhome" f4:6d:2f:12:cc:88 rssi=-47 f=5240 sc=60 link=866 tx=13.3, 0.4, 0.0 rx=7.4 bcn=754835 [on:168 tx:3 rx:0 period:3015] from screen [on:30811 period:817503] score=60
11-23 10:39:25.411  1795  2424 D WifiScoreReport: Wifi scoring disabled - Notify that Wifi is usable
11-23 10:39:25.413  1011  1189 I ASH     : @ 79217.613: tcs3701: stop power rail pending_off timer
11-23 10:39:25.413  1011  1189 D ASH     : @ 79217.613: tcs3701: start power rail timer, state:3
11-23 10:39:25.414  1795  2432 D ConnectivityService: NetReassign [no changes] [c 0] [a 0] [i 2]
11-23 10:39:25.454  1011  1189 I ASH     : @ 79217.653: tcs3701: stop power rail pending_off timer
11-23 10:39:25.454  1011  1189 D ASH     : @ 79217.653: tcs3701: start power rail timer, state:3
11-23 10:39:25.488  1795  2262 D ActivityManager: freezer override set to true
11-23 10:39:25.493  1011  1189 I ASH     : @ 79217.693: tcs3701: stop power rail pending_off timer
11-23 10:39:25.493  1011  1189 D ASH     : @ 79217.693: tcs3701: start power rail timer, state:3
11-23 10:39:25.512  5238  5296 I BatteryMgr:DataCollectionService: stats => 1700732365512,8544,4448,13427,4169000,100
11-23 10:39:25.533  1011  1189 I ASH     : @ 79217.733: tcs3701: stop power rail pending_off timer
11-23 10:39:25.533  1011  1189 D ASH     : @ 79217.733: tcs3701: start power rail timer, state:3
11-23 10:39:25.574  1011  1189 I ASH     : @ 79217.773: tcs3701: stop power rail pending_off timer
11-23 10:39:25.574  1011  1189 D ASH     : @ 79217.773: tcs3701: start power rail timer, state:3
11-23 10:39:25.589 25263 25318 I m.chrome.canary: Explicit concurrent copying GC freed 3618(177KB) AllocSpace objects, 3(60KB) LOS objects, 75% free, 11MB/47MB, paused 158us,23us total 59.185ms
11-23 10:39:25.614  1011  1189 I ASH     : @ 79217.813: tcs3701: stop power rail pending_off timer
11-23 10:39:25.614  1011  1189 D ASH     : @ 79217.813: tcs3701: start power rail timer, state:3
11-23 10:39:25.621  5238  5296 I BatteryMgr:DataCollectionService: stats => 1700732365621,8544,4448,13427,4169000,100
11-23 10:39:25.641  1795  2262 D ActivityManager: freezer override set to false
11-23 10:39:25.654  1011  1189 I ASH     : @ 79217.853: tcs3701: stop power rail pending_off timer
11-23 10:39:25.654  1011  1189 D ASH     : @ 79217.853: tcs3701: start power rail timer, state:3
11-23 10:39:25.694  1011  1189 I ASH     : @ 79217.893: tcs3701: stop power rail pending_off timer
11-23 10:39:25.694  1011  1189 D ASH     : @ 79217.893: tcs3701: start power rail timer, state:3
11-23 10:39:25.696  1795  2262 D ActivityManager: freezer override set to true
11-23 10:39:25.699  1795  2262 D ActivityManager: freezer override set to false
11-23 10:39:25.729  5238  5296 I BatteryMgr:DataCollectionService: stats => 1700732365729,8544,4448,13427,4169000,100
11-23 10:39:25.734  1011  1189 I ASH     : @ 79217.933: tcs3701: stop power rail pending_off timer
11-23 10:39:25.734  1011  1189 D ASH     : @ 79217.933: tcs3701: start power rail timer, state:3
11-23 10:39:25.773  1011  1189 I ASH     : @ 79217.973: tcs3701: stop power rail pending_off timer
11-23 10:39:25.774  1011  1189 D ASH     : @ 79217.973: tcs3701: start power rail timer, state:3
11-23 10:39:25.813  1011  1189 I ASH     : @ 79218.013: tcs3701: stop power rail pending_off timer
11-23 10:39:25.814  1011  1189 D ASH     : @ 79218.013: tcs3701: start power rail timer, state:3
11-23 10:39:25.835  5238  5296 I BatteryMgr:DataCollectionService: stats => 1700732365835,8544,4448,13427,4169000,100
11-23 10:39:25.854  1011  1189 I ASH     : @ 79218.053: tcs3701: stop power rail pending_off timer
11-23 10:39:25.854  1011  1189 D ASH     : @ 79218.053: tcs3701: start power rail timer, state:3
11-23 10:39:25.894  1011  1189 I ASH     : @ 79218.093: tcs3701: stop power rail pending_off timer
11-23 10:39:25.894  1011  1189 D ASH     : @ 79218.093: tcs3701: start power rail timer, state:3
11-23 10:39:25.938  1011  1189 I ASH     : @ 79218.133: tcs3701: stop power rail pending_off timer
11-23 10:39:25.938  1011  1189 D ASH     : @ 79218.133: tcs3701: start power rail timer, state:3
11-23 10:39:25.942  5238  5296 I BatteryMgr:DataCollectionService: stats => 1700732365942,8544,4448,13427,4169000,100
11-23 10:39:25.973  1011  1189 I ASH     : @ 79218.173: tcs3701: stop power rail pending_off timer
11-23 10:39:25.973  1011  1189 D ASH     : @ 79218.173: tcs3701: start power rail timer, state:3
11-23 10:39:26.014  1011  1189 I ASH     : @ 79218.213: tcs3701: stop power rail pending_off timer
11-23 10:39:26.015  1011  1189 D ASH     : @ 79218.213: tcs3701: start power rail timer, state:3
11-23 10:39:26.015  2113  2118 I pixel-thermal: skin-therm-monitor: 36.889
11-23 10:39:26.047  5238  5296 I BatteryMgr:DataCollectionService: stats => 1700732366047,8544,4448,13427,4169000,100
11-23 10:39:26.054  1011  1189 I ASH     : @ 79218.253: tcs3701: stop power rail pending_off timer
11-23 10:39:26.054  1011  1189 D ASH     : @ 79218.253: tcs3701: start power rail timer, state:3
11-23 10:39:26.063  1795  2262 D ActivityManager: freezer override set to true
11-23 10:39:26.068  1795  2262 D ActivityManager: freezer override set to false
11-23 10:39:26.094  1011  1189 I ASH     : @ 79218.293: tcs3701: stop power rail pending_off timer
11-23 10:39:26.094  1011  1189 D ASH     : @ 79218.293: tcs3701: start power rail timer, state:3
11-23 10:39:26.134  1011  1189 I ASH     : @ 79218.333: tcs3701: stop power rail pending_off timer
11-23 10:39:26.134  1011  1189 D ASH     : @ 79218.333: tcs3701: start power rail timer, state:3
11-23 10:39:26.151  5238  5296 I BatteryMgr:DataCollectionService: stats => 1700732366151,8544,4448,13427,4169000,100
11-23 10:39:26.174  1011  1189 I ASH     : @ 79218.373: tcs3701: stop power rail pending_off timer
11-23 10:39:26.174  1011  1189 D ASH     : @ 79218.373: tcs3701: start power rail timer, state:3
11-23 10:39:26.215  1011  1189 I ASH     : @ 79218.413: tcs3701: stop power rail pending_off timer
11-23 10:39:26.215  1011  1189 D ASH     : @ 79218.413: tcs3701: start power rail timer, state:3
11-23 10:39:26.254  1011  1189 I ASH     : @ 79218.453: tcs3701: stop power rail pending_off timer
11-23 10:39:26.254  1011  1189 D ASH     : @ 79218.453: tcs3701: start power rail timer, state:3
11-23 10:39:26.257  5238  5296 I BatteryMgr:DataCollectionService: stats => 1700732366257,8544,4448,13427,4169000,100
11-23 10:39:26.294  1011  1189 I ASH     : @ 79218.493: tcs3701: stop power rail pending_off timer
11-23 10:39:26.294  1011  1189 D ASH     : @ 79218.493: tcs3701: start power rail timer, state:3
11-23 10:39:26.334  1011  1189 I ASH     : @ 79218.533: tcs3701: stop power rail pending_off timer
11-23 10:39:26.334  1011  1189 D ASH     : @ 79218.533: tcs3701: start power rail timer, state:3
11-23 10:39:26.362  5238  5296 I BatteryMgr:DataCollectionService: stats => 1700732366362,8544,4448,13427,4169000,100
11-23 10:39:26.373  1011  1189 I ASH     : @ 79218.573: tcs3701: stop power rail pending_off timer
11-23 10:39:26.373  1011  1189 D ASH     : @ 79218.573: tcs3701: start power rail timer, state:3
11-23 10:39:26.414  1011  1189 I ASH     : @ 79218.613: tcs3701: stop power rail pending_off timer
11-23 10:39:26.414  1011  1189 D ASH     : @ 79218.613: tcs3701: start power rail timer, state:3
11-23 10:39:26.454  1011  1189 I ASH     : @ 79218.653: tcs3701: stop power rail pending_off timer
11-23 10:39:26.454  1011  1189 D ASH     : @ 79218.653: tcs3701: start power rail timer, state:3
11-23 10:39:26.469  5238  5296 I BatteryMgr:DataCollectionService: stats => 1700732366468,8544,4448,13427,4169000,100
11-23 10:39:26.494  1011  1189 I ASH     : @ 79218.693: tcs3701: stop power rail pending_off timer
11-23 10:39:26.494  1011  1189 D ASH     : @ 79218.693: tcs3701: start power rail timer, state:3
11-23 10:39:26.533  1011  1189 I ASH     : @ 79218.733: tcs3701: stop power rail pending_off timer
11-23 10:39:26.534  1011  1189 D ASH     : @ 79218.733: tcs3701: start power rail timer, state:3
11-23 10:39:26.574  1011  1189 I ASH     : @ 79218.773: tcs3701: stop power rail pending_off timer
11-23 10:39:26.574  1011  1189 D ASH     : @ 79218.773: tcs3701: start power rail timer, state:3
11-23 10:39:26.574  5238  5296 I BatteryMgr:DataCollectionService: stats => 1700732366574,8544,4448,13427,4169000,100
11-23 10:39:26.614  1011  1189 I ASH     : @ 79218.813: tcs3701: stop power rail pending_off timer
11-23 10:39:26.614  1011  1189 D ASH     : @ 79218.813: tcs3701: start power rail timer, state:3
11-23 10:39:26.653  1011  1189 I ASH     : @ 79218.853: tcs3701: stop power rail pending_off timer
11-23 10:39:26.654  1011  1189 D ASH     : @ 79218.853: tcs3701: start power rail timer, state:3
11-23 10:39:26.680  5238  5296 I BatteryMgr:DataCollectionService: stats => 1700732366680,8544,4448,13427,4169000,100
11-23 10:39:26.693  1011  1189 I ASH     : @ 79218.893: tcs3701: stop power rail pending_off timer
11-23 10:39:26.693  1011  1189 D ASH     : @ 79218.893: tcs3701: start power rail timer, state:3
11-23 10:39:26.734  1011  1189 I ASH     : @ 79218.933: tcs3701: stop power rail pending_off timer
11-23 10:39:26.734  1011  1189 D ASH     : @ 79218.933: tcs3701: start power rail timer, state:3
11-23 10:39:26.774  1011  1189 I ASH     : @ 79218.973: tcs3701: stop power rail pending_off timer
11-23 10:39:26.774  1011  1189 D ASH     : @ 79218.973: tcs3701: start power rail timer, state:3
11-23 10:39:26.788  5238  5296 I BatteryMgr:DataCollectionService: stats => 1700732366788,8544,4448,13427,4169000,100
11-23 10:39:26.813  1011  1189 I ASH     : @ 79219.013: tcs3701: stop power rail pending_off timer
11-23 10:39:26.813  1011  1189 D ASH     : @ 79219.013: tcs3701: start power rail timer, state:3
11-23 10:39:26.855  1011  1189 I ASH     : @ 79219.053: tcs3701: stop power rail pending_off timer
11-23 10:39:26.855  1011  1189 D ASH     : @ 79219.053: tcs3701: start power rail timer, state:3
11-23 10:39:26.859  1795  2262 D ActivityManager: freezer override set to true
11-23 10:39:26.893  5238  5296 I BatteryMgr:DataCollectionService: stats => 1700732366893,8544,4448,13427,4169000,100
11-23 10:39:26.894  1011  1189 I ASH     : @ 79219.093: tcs3701: stop power rail pending_off timer
11-23 10:39:26.894  1011  1189 D ASH     : @ 79219.093: tcs3701: start power rail timer, state:3
11-23 10:39:26.933  1011  1189 I ASH     : @ 79219.133: tcs3701: stop power rail pending_off timer
11-23 10:39:26.934  1011  1189 D ASH     : @ 79219.133: tcs3701: start power rail timer, state:3
11-23 10:39:26.949 25263 25318 I m.chrome.canary: Explicit concurrent copying GC freed 3722(207KB) AllocSpace objects, 5(164KB) LOS objects, 75% free, 11MB/47MB, paused 93us,28us total 55.467ms
11-23 10:39:26.973  1011  1189 I ASH     : @ 79219.173: tcs3701: stop power rail pending_off timer
11-23 10:39:26.973  1011  1189 D ASH     : @ 79219.173: tcs3701: start power rail timer, state:3
11-23 10:39:27.001  5238  5296 I BatteryMgr:DataCollectionService: stats => 1700732367001,8544,4448,13427,4169000,100
11-23 10:39:27.010  1795  2262 D ActivityManager: freezer override set to false
11-23 10:39:27.013  1011  1189 I ASH     : @ 79219.213: tcs3701: stop power rail pending_off timer
11-23 10:39:27.013  1011  1189 D ASH     : @ 79219.213: tcs3701: start power rail timer, state:3
11-23 10:39:27.054  1011  1189 I ASH     : @ 79219.253: tcs3701: stop power rail pending_off timer
11-23 10:39:27.054  1011  1189 D ASH     : @ 79219.253: tcs3701: start power rail timer, state:3
11-23 10:39:27.065  1795  2262 D ActivityManager: freezer override set to true
11-23 10:39:27.067  1795  2262 D ActivityManager: freezer override set to false
11-23 10:39:27.074  1795  2262 D ActivityManager: freezer override set to true
11-23 10:39:27.079  1795  2262 D ActivityManager: freezer override set to false
11-23 10:39:27.094  1011  1189 I ASH     : @ 79219.293: tcs3701: stop power rail pending_off timer
11-23 10:39:27.094  1011  1189 D ASH     : @ 79219.293: tcs3701: start power rail timer, state:3
11-23 10:39:27.109  5238  5296 I BatteryMgr:DataCollectionService: stats => 1700732367109,8544,4448,13427,4169000,100
11-23 10:39:27.133  1011  1189 I ASH     : @ 79219.333: tcs3701: stop power rail pending_off timer
11-23 10:39:27.133  1011  1189 D ASH     : @ 79219.333: tcs3701: start power rail timer, state:3
11-23 10:39:27.171  2746  3170 E bluetooth: packages/modules/Bluetooth/system/gd/os/linux_generic/files.cc:202 FileCreatedTime: unable to read '/data/misc/bluetooth/logs/btsnooz_hci.log' file metadata, error: No such file or directory
11-23 10:39:27.174  1011  1189 I ASH     : @ 79219.373: tcs3701: stop power rail pending_off timer
11-23 10:39:27.174  1011  1189 D ASH     : @ 79219.373: tcs3701: start power rail timer, state:3
11-23 10:39:27.213  1011  1189 I ASH     : @ 79219.413: tcs3701: stop power rail pending_off timer
11-23 10:39:27.213  1011  1189 D ASH     : @ 79219.413: tcs3701: start power rail timer, state:3
11-23 10:39:27.215  5238  5296 I BatteryMgr:DataCollectionService: stats => 1700732367215,8544,4448,13427,4169000,100
11-23 10:39:27.253  1011  1189 I ASH     : @ 79219.453: tcs3701: stop power rail pending_off timer
11-23 10:39:27.253  1011  1189 D ASH     : @ 79219.453: tcs3701: start power rail timer, state:3
11-23 10:39:27.294  1011  1189 I ASH     : @ 79219.493: tcs3701: stop power rail pending_off timer
11-23 10:39:27.294  1011  1189 D ASH     : @ 79219.493: tcs3701: start power rail timer, state:3
11-23 10:39:27.321  5238  5296 I BatteryMgr:DataCollectionService: stats => 1700732367321,8544,4448,13427,4169000,100
11-23 10:39:27.334  1011  1189 I ASH     : @ 79219.533: tcs3701: stop power rail pending_off timer
11-23 10:39:27.334  1011  1189 D ASH     : @ 79219.533: tcs3701: start power rail timer, state:3
11-23 10:39:27.374  1011  1189 I ASH     : @ 79219.573: tcs3701: stop power rail pending_off timer
11-23 10:39:27.374  1011  1189 D ASH     : @ 79219.573: tcs3701: start power rail timer, state:3
11-23 10:39:27.414  1011  1189 I ASH     : @ 79219.613: tcs3701: stop power rail pending_off timer
11-23 10:39:27.414  1011  1189 D ASH     : @ 79219.613: tcs3701: start power rail timer, state:3
11-23 10:39:27.426  5238  5296 I BatteryMgr:DataCollectionService: stats => 1700732367426,8544,4448,13427,4169000,100
11-23 10:39:27.453  1011  1189 I ASH     : @ 79219.653: tcs3701: stop power rail pending_off timer
11-23 10:39:27.454  1011  1189 D ASH     : @ 79219.653: tcs3701: start power rail timer, state:3
11-23 10:39:27.494  1011  1189 I ASH     : @ 79219.693: tcs3701: stop power rail pending_off timer
11-23 10:39:27.494  1011  1189 D ASH     : @ 79219.693: tcs3701: start power rail timer, state:3
11-23 10:39:27.530  5238  5296 I BatteryMgr:DataCollectionService: stats => 1700732367530,8544,4448,13427,4169000,100
11-23 10:39:27.534  1011  1189 I ASH     : @ 79219.733: tcs3701: stop power rail pending_off timer
11-23 10:39:27.534  1011  1189 D ASH     : @ 79219.733: tcs3701: start power rail timer, state:3
11-23 10:39:27.574  1011  1189 I ASH     : @ 79219.773: tcs3701: stop power rail pending_off timer
11-23 10:39:27.574  1011  1189 D ASH     : @ 79219.773: tcs3701: start power rail timer, state:3
11-23 10:39:27.613  1011  1189 I ASH     : @ 79219.813: tcs3701: stop power rail pending_off timer
11-23 10:39:27.613  1011  1189 D ASH     : @ 79219.813: tcs3701: start power rail timer, state:3
11-23 10:39:27.636  5238  5296 I BatteryMgr:DataCollectionService: stats => 1700732367636,8544,4448,13427,4169000,100
11-23 10:39:27.654  1011  1189 I ASH     : @ 79219.853: tcs3701: stop power rail pending_off timer
11-23 10:39:27.654  1011  1189 D ASH     : @ 79219.853: tcs3701: start power rail timer, state:3
11-23 10:39:27.694  1011  1189 I ASH     : @ 79219.893: tcs3701: stop power rail pending_off timer
11-23 10:39:27.694  1011  1189 D ASH     : @ 79219.893: tcs3701: start power rail timer, state:3
11-23 10:39:27.734  1011  1189 I ASH     : @ 79219.933: tcs3701: stop power rail pending_off timer
11-23 10:39:27.734  1011  1189 D ASH     : @ 79219.933: tcs3701: start power rail timer, state:3
11-23 10:39:27.742  5238  5296 I BatteryMgr:DataCollectionService: stats => 1700732367742,8544,4448,13427,4169000,100
11-23 10:39:27.774  1011  1189 I ASH     : @ 79219.973: tcs3701: stop power rail pending_off timer
11-23 10:39:27.774  1011  1189 D ASH     : @ 79219.973: tcs3701: start power rail timer, state:3
11-23 10:39:27.814  1011  1189 I ASH     : @ 79220.013: tcs3701: stop power rail pending_off timer
11-23 10:39:27.814  1011  1189 D ASH     : @ 79220.013: tcs3701: start power rail timer, state:3
11-23 10:39:27.848  5238  5296 I BatteryMgr:DataCollectionService: stats => 1700732367848,8544,4448,13427,4169000,100
11-23 10:39:27.854  1011  1189 I ASH     : @ 79220.053: tcs3701: stop power rail pending_off timer
11-23 10:39:27.854  1011  1189 D ASH     : @ 79220.053: tcs3701: start power rail timer, state:3
11-23 10:39:27.895  1011  1189 I ASH     : @ 79220.093: tcs3701: stop power rail pending_off timer
11-23 10:39:27.895  1011  1189 D ASH     : @ 79220.093: tcs3701: start power rail timer, state:3
11-23 10:39:27.933  1011  1189 I ASH     : @ 79220.133: tcs3701: stop power rail pending_off timer
11-23 10:39:27.933  1011  1189 D ASH     : @ 79220.133: tcs3701: start power rail timer, state:3
11-23 10:39:27.952  5238  5296 I BatteryMgr:DataCollectionService: stats => 1700732367952,8544,4448,13427,4169000,100
11-23 10:39:27.974  1011  1189 I ASH     : @ 79220.173: tcs3701: stop power rail pending_off timer
11-23 10:39:27.974  1011  1189 D ASH     : @ 79220.173: tcs3701: start power rail timer, state:3
11-23 10:39:28.005  1795  2424 D WifiNetworkSelector: Current connected network: 12
11-23 10:39:28.006  1795  2424 V WifiConnectivityManager: No partial scan because firmware roaming is supported.
11-23 10:39:28.006  1795  2424 V WifiConnectivityManager: schedulePeriodicScanTimer intervalMs 20000
11-23 10:39:28.014  1011  1189 I ASH     : @ 79220.213: tcs3701: stop power rail pending_off timer
11-23 10:39:28.014  1011  1189 D ASH     : @ 79220.213: tcs3701: start power rail timer, state:3
11-23 10:39:28.017  2113  2118 I pixel-thermal: skin-therm-monitor: 36.889
11-23 10:39:28.053  1011  1189 I ASH     : @ 79220.253: tcs3701: stop power rail pending_off timer
11-23 10:39:28.053  1011  1189 D ASH     : @ 79220.253: tcs3701: start power rail timer, state:3
11-23 10:39:28.058  5238  5296 I BatteryMgr:DataCollectionService: stats => 1700732368058,8544,4448,13427,4169000,100
11-23 10:39:28.073  1795  2262 D ActivityManager: freezer override set to true
11-23 10:39:28.077  1795  2262 D ActivityManager: freezer override set to false
11-23 10:39:28.094  1011  1189 I ASH     : @ 79220.293: tcs3701: stop power rail pending_off timer
11-23 10:39:28.094  1011  1189 D ASH     : @ 79220.293: tcs3701: start power rail timer, state:3
11-23 10:39:28.134  1011  1189 I ASH     : @ 79220.333: tcs3701: stop power rail pending_off timer
11-23 10:39:28.134  1011  1189 D ASH     : @ 79220.333: tcs3701: start power rail timer, state:3
11-23 10:39:28.165  5238  5296 I BatteryMgr:DataCollectionService: stats => 1700732368165,8544,4448,13427,4169000,100
11-23 10:39:28.173  1011  1189 I ASH     : @ 79220.373: tcs3701: stop power rail pending_off timer
11-23 10:39:28.173  1011  1189 D ASH     : @ 79220.373: tcs3701: start power rail timer, state:3
11-23 10:39:28.213  1795  2262 D ActivityManager: freezer override set to true
11-23 10:39:28.213  1011  1189 I ASH     : @ 79220.413: tcs3701: stop power rail pending_off timer
11-23 10:39:28.213  1011  1189 D ASH     : @ 79220.413: tcs3701: start power rail timer, state:3
11-23 10:39:28.253  1011  1189 I ASH     : @ 79220.453: tcs3701: stop power rail pending_off timer
11-23 10:39:28.253  1011  1189 D ASH     : @ 79220.453: tcs3701: start power rail timer, state:3
11-23 10:39:28.270  5238  5296 I BatteryMgr:DataCollectionService: stats => 1700732368270,8544,4448,13427,4169000,100
11-23 10:39:28.294  1011  1189 I ASH     : @ 79220.493: tcs3701: stop power rail pending_off timer
11-23 10:39:28.294  1011  1189 D ASH     : @ 79220.493: tcs3701: start power rail timer, state:3
11-23 10:39:28.302 25263 25318 I m.chrome.canary: Explicit concurrent copying GC freed 3815(191KB) AllocSpace objects, 4(80KB) LOS objects, 75% free, 11MB/47MB, paused 150us,24us total 49.038ms
11-23 10:39:28.333  1011  1189 I ASH     : @ 79220.533: tcs3701: stop power rail pending_off timer
11-23 10:39:28.334  1011  1189 D ASH     : @ 79220.533: tcs3701: start power rail timer, state:3
11-23 10:39:28.354  1795  2262 D ActivityManager: freezer override set to false
11-23 10:39:28.374  1011  1189 I ASH     : @ 79220.573: tcs3701: stop power rail pending_off timer
11-23 10:39:28.374  1011  1189 D ASH     : @ 79220.573: tcs3701: start power rail timer, state:3
11-23 10:39:28.375  5238  5296 I BatteryMgr:DataCollectionService: stats => 1700732368375,8544,4448,13427,4169000,100
11-23 10:39:28.393  1795  2262 D ActivityManager: freezer override set to true
11-23 10:39:28.395  1795  2262 D ActivityManager: freezer override set to false
11-23 10:39:28.413  1011  1189 I ASH     : @ 79220.613: tcs3701: stop power rail pending_off timer
11-23 10:39:28.414  1011  1189 D ASH     : @ 79220.613: tcs3701: start power rail timer, state:3
11-23 10:39:28.421  1795  2424 D WifiClientModeImpl[13802:wlan0]: updateLinkLayerStatsRssiSpeedFrequencyCapabilities rssi=-47 TxLinkspeed=866 freq=5240 RxLinkSpeed=866
11-23 10:39:28.421  1795  2424 D WifiDataStall: tx tput in kbps: 794960
11-23 10:39:28.421  1795  2424 D WifiDataStall: rx tput in kbps: 794960
11-23 10:39:28.421  1795  2424 V WifiConfigManager: Updating scan detail cache freq=5240 BSSID=f4:6d:2f:12:cc:88 RSSI=-47 for "ourhome"WPA_PSK
11-23 10:39:28.422  1795  2424 D WifiChannelUtilization:  freq: 5240 onTime: 2086245 busyTime: 173210 onTimeDiff: 2085950 busyTimeDiff: 173193 utilization: 21 utilization t0: 21
11-23 10:39:28.422  1795  2424 D WifiDataStall:  ccaLevel = 21
11-23 10:39:28.422  3213  8092 V WifiManager: OnWifiUsabilityStatsListener: onWifiUsabilityStats: seqNum=26203
11-23 10:39:28.422  1795  2424 D WifiDataStall: L2 txTputKbps: 755212, rxTputKbps: 794960, L3 txTputKbps: 0, rxTputKbps: 1, TxTrafficHigh: false, RxTrafficHigh: false, Throughput Sufficient: true
11-23 10:39:28.423  1795  2424 D WifiScoreReport: Wifi scoring disabled - Don't check IP layer
11-23 10:39:28.423  1795  2424 D WifiScoreCard: BSSID update SIGNAL_POLL ID: 1320464697 SSID: "ourhome", BSSID: f4:6d:2f:12:cc:88, MAC: b2:2f:ec:da:4a:0c, IP: /192.168.1.104, Security type: 2, Supplicant state: COMPLETED, Wi-Fi standard: 5, RSSI: -47, Link speed: 866Mbps, Tx Link speed: 866Mbps, Max Supported Tx Link speed: 866Mbps, Rx Link speed: 866Mbps, Max Supported Rx Link speed: 866Mbps, Frequency: 5240MHz, Net ID: 12, Metered hint: false, score: 60, isUsable: true, CarrierMerged: false, SubscriptionId: -1, IsPrimary: 1, Trusted: true, Restricted: false, Ephemeral: false, OEM paid: false, OEM private: false, OSU AP: false, FQDN: <none>, Provider friendly name: <none>, Requesting package name: <none>"ourhome"wpa2-pskMLO Information: , Is TID-To-Link negotiation supported by the AP: false, AP MLD Address: <none>, AP MLO Link Id: <none>, AP MLO Affiliated links: <none>
11-23 10:39:28.423  1795  2424 D WifiScoreCard: txRate: 6 txSpeed: 866
11-23 10:39:28.423  1795  2424 D WifiScoreCard: network update SIGNAL_POLL "ourhome" ID: 1499892569 RSSI -47 txSpeed 866
11-23 10:39:28.423  1795  2262 I WifiService: updateWifiUsabilityScore uid=10180 seqNum=26203 score=100 predictionHorizonSec=1441795
11-23 10:39:28.424  1795  2424 D WifiClientModeImpl[13802:wlan0]:  ClientModeImpl$L2ConnectedState screen=on 11 0 "ourhome" f4:6d:2f:12:cc:88 rssi=-47 f=5240 sc=60 link=866 tx=5.3, 0.1, 0.0 rx=3.5 bcn=754864 [on:86 tx:0 rx:0 period:3013] from screen [on:30897 period:820516] score=60
11-23 10:39:28.424  1795  2424 D WifiScoreReport: Wifi scoring disabled - Notify that Wifi is usable
11-23 10:39:28.427  1795  2432 D ConnectivityService: NetReassign [no changes] [c 0] [a 0] [i 1]
11-23 10:39:28.454  1011  1189 I ASH     : @ 79220.653: tcs3701: stop power rail pending_off timer
11-23 10:39:28.454  1011  1189 D ASH     : @ 79220.653: tcs3701: start power rail timer, state:3
11-23 10:39:28.481  5238  5296 I BatteryMgr:DataCollectionService: stats => 1700732368481,8544,4448,13427,4169000,100
11-23 10:39:28.493  1011  1189 I ASH     : @ 79220.693: tcs3701: stop power rail pending_off timer
11-23 10:39:28.493  1011  1189 D ASH     : @ 79220.693: tcs3701: start power rail timer, state:3
11-23 10:39:28.533  1011  1189 I ASH     : @ 79220.733: tcs3701: stop power rail pending_off timer
11-23 10:39:28.534  1011  1189 D ASH     : @ 79220.733: tcs3701: start power rail timer, state:3
11-23 10:39:28.574  1011  1189 I ASH     : @ 79220.773: tcs3701: stop power rail pending_off timer
11-23 10:39:28.574  1011  1189 D ASH     : @ 79220.773: tcs3701: start power rail timer, state:3
11-23 10:39:28.586  5238  5296 I BatteryMgr:DataCollectionService: stats => 1700732368586,8544,4448,13427,4169000,100
11-23 10:39:28.613  1011  1189 I ASH     : @ 79220.813: tcs3701: stop power rail pending_off timer
11-23 10:39:28.614  1011  1189 D ASH     : @ 79220.813: tcs3701: start power rail timer, state:3
11-23 10:39:28.653  1011  1189 I ASH     : @ 79220.853: tcs3701: stop power rail pending_off timer
11-23 10:39:28.653  1011  1189 D ASH     : @ 79220.853: tcs3701: start power rail timer, state:3
11-23 10:39:28.691  5238  5296 I BatteryMgr:DataCollectionService: stats => 1700732368691,8544,4448,13427,4169000,100
11-23 10:39:28.694  1011  1189 I ASH     : @ 79220.893: tcs3701: stop power rail pending_off timer
11-23 10:39:28.694  1011  1189 D ASH     : @ 79220.893: tcs3701: start power rail timer, state:3
11-23 10:39:28.733  1011  1189 I ASH     : @ 79220.933: tcs3701: stop power rail pending_off timer
11-23 10:39:28.733  1011  1189 D ASH     : @ 79220.933: tcs3701: start power rail timer, state:3
11-23 10:39:28.773  1011  1189 I ASH     : @ 79220.973: tcs3701: stop power rail pending_off timer
11-23 10:39:28.773  1011  1189 D ASH     : @ 79220.973: tcs3701: start power rail timer, state:3
11-23 10:39:28.795  5238  5296 I BatteryMgr:DataCollectionService: stats => 1700732368795,8544,4448,13427,4169000,100
11-23 10:39:28.814  1011  1189 I ASH     : @ 79221.013: tcs3701: stop power rail pending_off timer
11-23 10:39:28.814  1011  1189 D ASH     : @ 79221.013: tcs3701: start power rail timer, state:3
11-23 10:39:28.854  1011  1189 I ASH     : @ 79221.053: tcs3701: stop power rail pending_off timer
11-23 10:39:28.854  1011  1189 D ASH     : @ 79221.053: tcs3701: start power rail timer, state:3
11-23 10:39:28.893  1011  1189 I ASH     : @ 79221.093: tcs3701: stop power rail pending_off timer
11-23 10:39:28.893  1011  1189 D ASH     : @ 79221.093: tcs3701: start power rail timer, state:3
11-23 10:39:28.900  5238  5296 I BatteryMgr:DataCollectionService: stats => 1700732368899,8544,4448,13427,4169000,100
11-23 10:39:28.910  1795  2282 D ActivityManager: freezing 29560 android.process.acore
11-23 10:39:28.934  1011  1189 I ASH     : @ 79221.133: tcs3701: stop power rail pending_off timer
11-23 10:39:28.934  1011  1189 D ASH     : @ 79221.133: tcs3701: start power rail timer, state:3
11-23 10:39:28.974  1011  1189 I ASH     : @ 79221.173: tcs3701: stop power rail pending_off timer
11-23 10:39:28.974  1011  1189 D ASH     : @ 79221.173: tcs3701: start power rail timer, state:3
11-23 10:39:29.004  5238  5296 I BatteryMgr:DataCollectionService: stats => 1700732369004,8544,4448,13427,4169000,100
11-23 10:39:29.014  1011  1189 I ASH     : @ 79221.213: tcs3701: stop power rail pending_off timer
11-23 10:39:29.014  1011  1189 D ASH     : @ 79221.213: tcs3701: start power rail timer, state:3
11-23 10:39:29.054  1011  1189 I ASH     : @ 79221.253: tcs3701: stop power rail pending_off timer
11-23 10:39:29.054  1011  1189 D ASH     : @ 79221.253: tcs3701: start power rail timer, state:3
11-23 10:39:29.064  1795  2116 I UsageStatsService: User[0] Flushing usage stats to disk
11-23 10:39:29.074  1795  2262 D ActivityManager: freezer override set to true
11-23 10:39:29.074  1795  2262 D ActivityManager: sync unfroze 29560 android.process.acore
11-23 10:39:29.080  1795  2262 D ActivityManager: freezer override set to false
11-23 10:39:29.094  1011  1189 I ASH     : @ 79221.293: tcs3701: stop power rail pending_off timer
11-23 10:39:29.094  1011  1189 D ASH     : @ 79221.293: tcs3701: start power rail timer, state:3
11-23 10:39:29.109  5238  5296 I BatteryMgr:DataCollectionService: stats => 1700732369109,8544,4448,13427,4169000,100
11-23 10:39:29.134  1011  1189 I ASH     : @ 79221.333: tcs3701: stop power rail pending_off timer
11-23 10:39:29.134  1011  1189 D ASH     : @ 79221.333: tcs3701: start power rail timer, state:3
11-23 10:39:29.174  1011  1189 I ASH     : @ 79221.373: tcs3701: stop power rail pending_off timer
11-23 10:39:29.174  1011  1189 D ASH     : @ 79221.373: tcs3701: start power rail timer, state:3
11-23 10:39:29.214  1011  1189 I ASH     : @ 79221.413: tcs3701: stop power rail pending_off timer
11-23 10:39:29.214  1011  1189 D ASH     : @ 79221.413: tcs3701: start power rail timer, state:3
11-23 10:39:29.215  5238  5296 I BatteryMgr:DataCollectionService: stats => 1700732369215,8544,4448,13427,4169000,100
11-23 10:39:29.254  1011  1189 I ASH     : @ 79221.453: tcs3701: stop power rail pending_off timer
11-23 10:39:29.254  1011  1189 D ASH     : @ 79221.453: tcs3701: start power rail timer, state:3
11-23 10:39:29.295  1011  1189 I ASH     : @ 79221.493: tcs3701: stop power rail pending_off timer
11-23 10:39:29.295  1011  1189 D ASH     : @ 79221.493: tcs3701: start power rail timer, state:3
11-23 10:39:29.319  5238  5296 I BatteryMgr:DataCollectionService: stats => 1700732369319,8544,4448,13427,4169000,100
11-23 10:39:29.333  1011  1189 I ASH     : @ 79221.533: tcs3701: stop power rail pending_off timer
11-23 10:39:29.333  1011  1189 D ASH     : @ 79221.533: tcs3701: start power rail timer, state:3
11-23 10:39:29.373  1011  1189 I ASH     : @ 79221.573: tcs3701: stop power rail pending_off timer
11-23 10:39:29.374  1011  1189 D ASH     : @ 79221.573: tcs3701: start power rail timer, state:3
11-23 10:39:29.413  1011  1189 I ASH     : @ 79221.613: tcs3701: stop power rail pending_off timer
11-23 10:39:29.413  1011  1189 D ASH     : @ 79221.613: tcs3701: start power rail timer, state:3
11-23 10:39:29.423  5238  5296 I BatteryMgr:DataCollectionService: stats => 1700732369423,8544,4448,13427,4169000,100
11-23 10:39:29.454  1011  1189 I ASH     : @ 79221.653: tcs3701: stop power rail pending_off timer
11-23 10:39:29.454  1011  1189 D ASH     : @ 79221.653: tcs3701: start power rail timer, state:3
11-23 10:39:29.494  1011  1189 I ASH     : @ 79221.693: tcs3701: stop power rail pending_off timer
11-23 10:39:29.494  1011  1189 D ASH     : @ 79221.693: tcs3701: start power rail timer, state:3
11-23 10:39:29.529  5238  5296 I BatteryMgr:DataCollectionService: stats => 1700732369529,8544,4448,13427,4169000,100
11-23 10:39:29.534  1011  1189 I ASH     : @ 79221.733: tcs3701: stop power rail pending_off timer
11-23 10:39:29.534  1011  1189 D ASH     : @ 79221.733: tcs3701: start power rail timer, state:3
11-23 10:39:29.548  1795  2262 D ActivityManager: freezer override set to true
11-23 10:39:29.573  1011  1189 I ASH     : @ 79221.773: tcs3701: stop power rail pending_off timer
11-23 10:39:29.573  1011  1189 D ASH     : @ 79221.773: tcs3701: start power rail timer, state:3
11-23 10:39:29.614  1011  1189 I ASH     : @ 79221.813: tcs3701: stop power rail pending_off timer
11-23 10:39:29.614  1011  1189 D ASH     : @ 79221.813: tcs3701: start power rail timer, state:3
11-23 10:39:29.633  5238  5296 I BatteryMgr:DataCollectionService: stats => 1700732369633,8544,4448,13427,4169000,100
11-23 10:39:29.643 25263 25318 I m.chrome.canary: Explicit concurrent copying GC freed 3591(176KB) AllocSpace objects, 3(60KB) LOS objects, 75% free, 11MB/47MB, paused 85us,24us total 54.543ms
11-23 10:39:29.654  1011  1189 I ASH     : @ 79221.853: tcs3701: stop power rail pending_off timer
11-23 10:39:29.654  1011  1189 D ASH     : @ 79221.853: tcs3701: start power rail timer, state:3
11-23 10:39:29.694  1011  1189 I ASH     : @ 79221.893: tcs3701: stop power rail pending_off timer
11-23 10:39:29.694  1011  1189 D ASH     : @ 79221.893: tcs3701: start power rail timer, state:3
11-23 10:39:29.700  1795  2262 D ActivityManager: freezer override set to false
11-23 10:39:29.733  1011  1189 I ASH     : @ 79221.933: tcs3701: stop power rail pending_off timer
11-23 10:39:29.734  1011  1189 D ASH     : @ 79221.933: tcs3701: start power rail timer, state:3
11-23 10:39:29.739  5238  5296 I BatteryMgr:DataCollectionService: stats => 1700732369739,8544,4448,13427,4169000,100
11-23 10:39:29.747  1795  2262 D ActivityManager: freezer override set to true
11-23 10:39:29.751  1795  2262 D ActivityManager: freezer override set to false
11-23 10:39:29.774  1011  1189 I ASH     : @ 79221.973: tcs3701: stop power rail pending_off timer
11-23 10:39:29.774  1011  1189 D ASH     : @ 79221.973: tcs3701: start power rail timer, state:3
11-23 10:39:29.813  1011  1189 I ASH     : @ 79222.013: tcs3701: stop power rail pending_off timer
