11-23 10:46:53.889  1795  3001 D ActivityManager: freezer override set to true
11-23 10:46:53.892  1795  3001 D ActivityManager: freezer override set to false
11-23 10:46:53.893  1011  1189 I ASH     : @ 79666.093: tcs3701: stop power rail pending_off timer
11-23 10:46:53.894  1011  1189 D ASH     : @ 79666.093: tcs3701: start power rail timer, state:3
11-23 10:46:53.899  5238  5296 I BatteryMgr:DataCollectionService: stats => 1700732813899,12207,4448,13427,4169000,100
11-23 10:46:53.933  1011  1189 I ASH     : @ 79666.133: tcs3701: stop power rail pending_off timer
11-23 10:46:53.933  1011  1189 D ASH     : @ 79666.133: tcs3701: start power rail timer, state:3
11-23 10:46:53.974  1011  1189 I ASH     : @ 79666.173: tcs3701: stop power rail pending_off timer
11-23 10:46:53.974  1011  1189 D ASH     : @ 79666.173: tcs3701: start power rail timer, state:3
11-23 10:46:54.004  5238  5296 I BatteryMgr:DataCollectionService: stats => 1700732814004,12207,4448,13427,4169000,100
11-23 10:46:54.014  1011  1189 I ASH     : @ 79666.213: tcs3701: stop power rail pending_off timer
11-23 10:46:54.014  1011  1189 D ASH     : @ 79666.213: tcs3701: start power rail timer, state:3
11-23 10:46:54.053  1011  1189 I ASH     : @ 79666.253: tcs3701: stop power rail pending_off timer
11-23 10:46:54.053  1011  1189 D ASH     : @ 79666.253: tcs3701: start power rail timer, state:3
11-23 10:46:54.094  1011  1189 I ASH     : @ 79666.293: tcs3701: stop power rail pending_off timer
11-23 10:46:54.094  1011  1189 D ASH     : @ 79666.293: tcs3701: start power rail timer, state:3
11-23 10:46:54.108  5238  5296 I BatteryMgr:DataCollectionService: stats => 1700732814107,12207,4448,13427,4169000,100
11-23 10:46:54.123  1795  3001 D ActivityManager: freezer override set to true
11-23 10:46:54.128  1795  3001 D ActivityManager: freezer override set to false
11-23 10:46:54.133  1011  1189 I ASH     : @ 79666.333: tcs3701: stop power rail pending_off timer
11-23 10:46:54.133  1011  1189 D ASH     : @ 79666.333: tcs3701: start power rail timer, state:3
11-23 10:46:54.174  1011  1189 I ASH     : @ 79666.373: tcs3701: stop power rail pending_off timer
11-23 10:46:54.174  1011  1189 D ASH     : @ 79666.373: tcs3701: start power rail timer, state:3
11-23 10:46:54.211  5238  5296 I BatteryMgr:DataCollectionService: stats => 1700732814211,12207,4448,13427,4169000,100
11-23 10:46:54.213  1011  1189 I ASH     : @ 79666.413: tcs3701: stop power rail pending_off timer
11-23 10:46:54.213  1011  1189 D ASH     : @ 79666.413: tcs3701: start power rail timer, state:3
11-23 10:46:54.254  1011  1189 I ASH     : @ 79666.453: tcs3701: stop power rail pending_off timer
11-23 10:46:54.254  1011  1189 D ASH     : @ 79666.453: tcs3701: start power rail timer, state:3
11-23 10:46:54.293  1011  1189 I ASH     : @ 79666.493: tcs3701: stop power rail pending_off timer
11-23 10:46:54.294  1011  1189 D ASH     : @ 79666.493: tcs3701: start power rail timer, state:3
11-23 10:46:54.315  5238  5296 I BatteryMgr:DataCollectionService: stats => 1700732814315,12207,4448,13427,4169000,100
11-23 10:46:54.334  1011  1189 I ASH     : @ 79666.533: tcs3701: stop power rail pending_off timer
11-23 10:46:54.334  1011  1189 D ASH     : @ 79666.533: tcs3701: start power rail timer, state:3
11-23 10:46:54.373  1011  1189 I ASH     : @ 79666.573: tcs3701: stop power rail pending_off timer
11-23 10:46:54.373  1011  1189 D ASH     : @ 79666.573: tcs3701: start power rail timer, state:3
11-23 10:46:54.414  1011  1189 I ASH     : @ 79666.613: tcs3701: stop power rail pending_off timer
11-23 10:46:54.414  1011  1189 D ASH     : @ 79666.613: tcs3701: start power rail timer, state:3
11-23 10:46:54.419  5238  5296 I BatteryMgr:DataCollectionService: stats => 1700732814419,12207,4448,13427,4169000,100
11-23 10:46:54.454  1011  1189 I ASH     : @ 79666.653: tcs3701: stop power rail pending_off timer
11-23 10:46:54.455  1011  1189 D ASH     : @ 79666.653: tcs3701: start power rail timer, state:3
11-23 10:46:54.494  1011  1189 I ASH     : @ 79666.693: tcs3701: stop power rail pending_off timer
11-23 10:46:54.494  1011  1189 D ASH     : @ 79666.693: tcs3701: start power rail timer, state:3
11-23 10:46:54.523  5238  5296 I BatteryMgr:DataCollectionService: stats => 1700732814523,12207,4448,13427,4169000,100
11-23 10:46:54.534  1011  1189 I ASH     : @ 79666.733: tcs3701: stop power rail pending_off timer
11-23 10:46:54.534  1011  1189 D ASH     : @ 79666.733: tcs3701: start power rail timer, state:3
11-23 10:46:54.573  1011  1189 I ASH     : @ 79666.773: tcs3701: stop power rail pending_off timer
11-23 10:46:54.574  1011  1189 D ASH     : @ 79666.773: tcs3701: start power rail timer, state:3
11-23 10:46:54.614  1011  1189 I ASH     : @ 79666.813: tcs3701: stop power rail pending_off timer
11-23 10:46:54.614  1011  1189 D ASH     : @ 79666.813: tcs3701: start power rail timer, state:3
11-23 10:46:54.628  5238  5296 I BatteryMgr:DataCollectionService: stats => 1700732814627,12207,4448,13427,4169000,100
11-23 10:46:54.654  1011  1189 I ASH     : @ 79666.853: tcs3701: stop power rail pending_off timer
11-23 10:46:54.654  1011  1189 D ASH     : @ 79666.853: tcs3701: start power rail timer, state:3
11-23 10:46:54.694  1011  1189 I ASH     : @ 79666.893: tcs3701: stop power rail pending_off timer
11-23 10:46:54.694  1011  1189 D ASH     : @ 79666.893: tcs3701: start power rail timer, state:3
11-23 10:46:54.733  5238  5296 I BatteryMgr:DataCollectionService: stats => 1700732814733,12207,4448,13427,4169000,100
11-23 10:46:54.734  1011  1189 I ASH     : @ 79666.933: tcs3701: stop power rail pending_off timer
11-23 10:46:54.734  1011  1189 D ASH     : @ 79666.933: tcs3701: start power rail timer, state:3
11-23 10:46:54.750  2113  2118 I pixel-thermal: skin-therm-monitor: 37.23
11-23 10:46:54.774  1011  1189 I ASH     : @ 79666.973: tcs3701: stop power rail pending_off timer
11-23 10:46:54.774  1011  1189 D ASH     : @ 79666.973: tcs3701: start power rail timer, state:3
11-23 10:46:54.814  1011  1189 I ASH     : @ 79667.013: tcs3701: stop power rail pending_off timer
11-23 10:46:54.814  1011  1189 D ASH     : @ 79667.013: tcs3701: start power rail timer, state:3
11-23 10:46:54.817  1795  2424 D WifiClientModeImpl[13802:wlan0]: updateLinkLayerStatsRssiSpeedFrequencyCapabilities rssi=-48 TxLinkspeed=866 freq=5240 RxLinkSpeed=866
11-23 10:46:54.817  1795  2424 D WifiDataStall: tx tput in kbps: 755212
11-23 10:46:54.817  1795  2424 D WifiDataStall: rx tput in kbps: 794960
11-23 10:46:54.817  1795  2424 V WifiConfigManager: Updating scan detail cache freq=5240 BSSID=f4:6d:2f:12:cc:88 RSSI=-48 for "ourhome"WPA_PSK
11-23 10:46:54.818  1795  2424 D WifiChannelUtilization:  freq: 5240 onTime: 2106848 busyTime: 174148 onTimeDiff: 2106553 busyTimeDiff: 174131 utilization: 21 utilization t0: 21
11-23 10:46:54.818  1795  2424 D WifiDataStall:  ccaLevel = 21
11-23 10:46:54.818  1795  2424 D WifiDataStall: L2 txTputKbps: 755212, rxTputKbps: 794960, L3 txTputKbps: 0, rxTputKbps: 0, TxTrafficHigh: false, RxTrafficHigh: false, Throughput Sufficient: true
11-23 10:46:54.818  3213  8092 V WifiManager: OnWifiUsabilityStatsListener: onWifiUsabilityStats: seqNum=26351
11-23 10:46:54.818  1795  2424 D WifiScoreReport: Wifi scoring disabled - Don't check IP layer
11-23 10:46:54.818  1795  2424 D WifiScoreCard: BSSID update SIGNAL_POLL ID: 1320464697 SSID: "ourhome", BSSID: f4:6d:2f:12:cc:88, MAC: b2:2f:ec:da:4a:0c, IP: /192.168.1.104, Security type: 2, Supplicant state: COMPLETED, Wi-Fi standard: 5, RSSI: -48, Link speed: 866Mbps, Tx Link speed: 866Mbps, Max Supported Tx Link speed: 866Mbps, Rx Link speed: 866Mbps, Max Supported Rx Link speed: 866Mbps, Frequency: 5240MHz, Net ID: 12, Metered hint: false, score: 60, isUsable: true, CarrierMerged: false, SubscriptionId: -1, IsPrimary: 1, Trusted: true, Restricted: false, Ephemeral: false, OEM paid: false, OEM private: false, OSU AP: false, FQDN: <none>, Provider friendly name: <none>, Requesting package name: <none>"ourhome"wpa2-pskMLO Information: , Is TID-To-Link negotiation supported by the AP: false, AP MLD Address: <none>, AP MLO Link Id: <none>, AP MLO Affiliated links: <none>
11-23 10:46:54.818  1795  2424 D WifiScoreCard: txRate: 1 txSpeed: 866
11-23 10:46:54.819  1795  2424 D WifiScoreCard: network update SIGNAL_POLL "ourhome" ID: 1499892569 RSSI -48 txSpeed -1
11-23 10:46:54.819  1795  3001 I WifiService: updateWifiUsabilityScore uid=10180 seqNum=26351 score=100 predictionHorizonSec=1441795
11-23 10:46:54.819  1795  2424 D WifiClientModeImpl[13802:wlan0]:  ClientModeImpl$L2ConnectedState screen=on 11 0 "ourhome" f4:6d:2f:12:cc:88 rssi=-48 f=5240 sc=60 link=866 tx=0.0, 0.0, 0.0 rx=0.1 bcn=759212 [on:0 tx:0 rx:1 period:3015] from screen [on:51500 period:1266911] score=60
11-23 10:46:54.820  1795  2424 D WifiScoreReport: Wifi scoring disabled - Notify that Wifi is usable
11-23 10:46:54.822  1795  2432 D ConnectivityService: NetReassign [no changes] [c 0] [a 0] [i 2]
11-23 10:46:54.838  5238  5296 I BatteryMgr:DataCollectionService: stats => 1700732814838,12207,4448,13427,4169000,100
11-23 10:46:54.854  1011  1189 I ASH     : @ 79667.053: tcs3701: stop power rail pending_off timer
11-23 10:46:54.854  1011  1189 D ASH     : @ 79667.053: tcs3701: start power rail timer, state:3
11-23 10:46:54.894  1011  1189 I ASH     : @ 79667.093: tcs3701: stop power rail pending_off timer
11-23 10:46:54.894  1011  1189 D ASH     : @ 79667.093: tcs3701: start power rail timer, state:3
11-23 10:46:54.935  1011  1189 I ASH     : @ 79667.133: tcs3701: stop power rail pending_off timer
11-23 10:46:54.935  1011  1189 D ASH     : @ 79667.133: tcs3701: start power rail timer, state:3
11-23 10:46:54.944  5238  5296 I BatteryMgr:DataCollectionService: stats => 1700732814944,12207,4448,13427,4169000,100
11-23 10:46:54.974  1011  1189 I ASH     : @ 79667.173: tcs3701: stop power rail pending_off timer
11-23 10:46:54.974  1011  1189 D ASH     : @ 79667.173: tcs3701: start power rail timer, state:3
11-23 10:46:55.013  1011  1189 I ASH     : @ 79667.213: tcs3701: stop power rail pending_off timer
11-23 10:46:55.013  1011  1189 D ASH     : @ 79667.213: tcs3701: start power rail timer, state:3
11-23 10:46:55.048  5238  5296 I BatteryMgr:DataCollectionService: stats => 1700732815048,12207,4448,13427,4169000,100
11-23 10:46:55.052  1795  3001 D ActivityManager: freezer override set to true
11-23 10:46:55.054  1011  1189 I ASH     : @ 79667.253: tcs3701: stop power rail pending_off timer
11-23 10:46:55.054  1011  1189 D ASH     : @ 79667.253: tcs3701: start power rail timer, state:3
11-23 10:46:55.094  1011  1189 I ASH     : @ 79667.293: tcs3701: stop power rail pending_off timer
11-23 10:46:55.094  1011  1189 D ASH     : @ 79667.293: tcs3701: start power rail timer, state:3
11-23 10:46:55.134  1011  1189 I ASH     : @ 79667.333: tcs3701: stop power rail pending_off timer
11-23 10:46:55.134  1011  1189 D ASH     : @ 79667.333: tcs3701: start power rail timer, state:3
11-23 10:46:55.152  5238  5296 I BatteryMgr:DataCollectionService: stats => 1700732815152,12207,4448,13427,4169000,100
11-23 10:46:55.171  3642  3680 I m.chrome.canary: Explicit concurrent copying GC freed 3803(191KB) AllocSpace objects, 4(80KB) LOS objects, 75% free, 11MB/47MB, paused 29us,23us total 38.106ms
11-23 10:46:55.174  1011  1189 I ASH     : @ 79667.373: tcs3701: stop power rail pending_off timer
11-23 10:46:55.174  1011  1189 D ASH     : @ 79667.373: tcs3701: start power rail timer, state:3
11-23 10:46:55.213  1011  1189 I ASH     : @ 79667.413: tcs3701: stop power rail pending_off timer
11-23 10:46:55.213  1011  1189 D ASH     : @ 79667.413: tcs3701: start power rail timer, state:3
11-23 10:46:55.219  1795  3001 D ActivityManager: freezer override set to false
11-23 10:46:55.253  1011  1189 I ASH     : @ 79667.453: tcs3701: stop power rail pending_off timer
11-23 10:46:55.254  1011  1189 D ASH     : @ 79667.453: tcs3701: start power rail timer, state:3
11-23 10:46:55.260  5238  5296 I BatteryMgr:DataCollectionService: stats => 1700732815260,12207,4448,13427,4169000,100
11-23 10:46:55.269  1795  3001 D ActivityManager: freezer override set to true
11-23 10:46:55.271  1795  3001 D ActivityManager: freezer override set to false
11-23 10:46:55.295  1011  1189 I ASH     : @ 79667.493: tcs3701: stop power rail pending_off timer
11-23 10:46:55.295  1011  1189 D ASH     : @ 79667.493: tcs3701: start power rail timer, state:3
11-23 10:46:55.334  1011  1189 I ASH     : @ 79667.533: tcs3701: stop power rail pending_off timer
11-23 10:46:55.334  1011  1189 D ASH     : @ 79667.533: tcs3701: start power rail timer, state:3
11-23 10:46:55.365  5238  5296 I BatteryMgr:DataCollectionService: stats => 1700732815365,12207,4448,13427,4169000,100
11-23 10:46:55.374  1011  1189 I ASH     : @ 79667.573: tcs3701: stop power rail pending_off timer
11-23 10:46:55.374  1011  1189 D ASH     : @ 79667.573: tcs3701: start power rail timer, state:3
11-23 10:46:55.414  1011  1189 I ASH     : @ 79667.613: tcs3701: stop power rail pending_off timer
11-23 10:46:55.414  1011  1189 D ASH     : @ 79667.613: tcs3701: start power rail timer, state:3
11-23 10:46:55.454  1011  1189 I ASH     : @ 79667.653: tcs3701: stop power rail pending_off timer
11-23 10:46:55.454  1011  1189 D ASH     : @ 79667.653: tcs3701: start power rail timer, state:3
11-23 10:46:55.473  5238  5296 I BatteryMgr:DataCollectionService: stats => 1700732815473,12207,4448,13427,4169000,100
11-23 10:46:55.494  1011  1189 I ASH     : @ 79667.693: tcs3701: stop power rail pending_off timer
11-23 10:46:55.494  1011  1189 D ASH     : @ 79667.693: tcs3701: start power rail timer, state:3
11-23 10:46:55.534  1011  1189 I ASH     : @ 79667.733: tcs3701: stop power rail pending_off timer
11-23 10:46:55.534  1011  1189 D ASH     : @ 79667.733: tcs3701: start power rail timer, state:3
11-23 10:46:55.574  1011  1189 I ASH     : @ 79667.773: tcs3701: stop power rail pending_off timer
11-23 10:46:55.574  1011  1189 D ASH     : @ 79667.773: tcs3701: start power rail timer, state:3
11-23 10:46:55.580  5238  5296 I BatteryMgr:DataCollectionService: stats => 1700732815579,12207,4448,13427,4169000,100
11-23 10:46:55.614  1011  1189 I ASH     : @ 79667.813: tcs3701: stop power rail pending_off timer
11-23 10:46:55.614  1011  1189 D ASH     : @ 79667.813: tcs3701: start power rail timer, state:3
11-23 10:46:55.654  1011  1189 I ASH     : @ 79667.853: tcs3701: stop power rail pending_off timer
11-23 10:46:55.654  1011  1189 D ASH     : @ 79667.853: tcs3701: start power rail timer, state:3
11-23 10:46:55.686  5238  5296 I BatteryMgr:DataCollectionService: stats => 1700732815686,12207,4448,13427,4169000,100
11-23 10:46:55.694  1011  1189 I ASH     : @ 79667.893: tcs3701: stop power rail pending_off timer
11-23 10:46:55.694  1011  1189 D ASH     : @ 79667.893: tcs3701: start power rail timer, state:3
11-23 10:46:55.734  1011  1189 I ASH     : @ 79667.933: tcs3701: stop power rail pending_off timer
11-23 10:46:55.736  1011  1189 D ASH     : @ 79667.933: tcs3701: start power rail timer, state:3
11-23 10:46:55.774  1011  1189 I ASH     : @ 79667.973: tcs3701: stop power rail pending_off timer
11-23 10:46:55.774  1011  1189 D ASH     : @ 79667.973: tcs3701: start power rail timer, state:3
11-23 10:46:55.795  5238  5296 I BatteryMgr:DataCollectionService: stats => 1700732815794,12207,4448,13427,4169000,100
11-23 10:46:55.814  1011  1189 I ASH     : @ 79668.013: tcs3701: stop power rail pending_off timer
11-23 10:46:55.814  1011  1189 D ASH     : @ 79668.013: tcs3701: start power rail timer, state:3
11-23 10:46:55.854  1011  1189 I ASH     : @ 79668.053: tcs3701: stop power rail pending_off timer
11-23 10:46:55.854  1011  1189 D ASH     : @ 79668.053: tcs3701: start power rail timer, state:3
11-23 10:46:55.894  1011  1189 I ASH     : @ 79668.093: tcs3701: stop power rail pending_off timer
11-23 10:46:55.894  1011  1189 D ASH     : @ 79668.093: tcs3701: start power rail timer, state:3
11-23 10:46:55.900  5238  5296 I BatteryMgr:DataCollectionService: stats => 1700732815900,12207,4448,13427,4169000,100
11-23 10:46:55.933  1011  1189 I ASH     : @ 79668.133: tcs3701: stop power rail pending_off timer
11-23 10:46:55.934  1011  1189 D ASH     : @ 79668.133: tcs3701: start power rail timer, state:3
11-23 10:46:55.974  1011  1189 I ASH     : @ 79668.173: tcs3701: stop power rail pending_off timer
11-23 10:46:55.974  1011  1189 D ASH     : @ 79668.173: tcs3701: start power rail timer, state:3
11-23 10:46:56.007  5238  5296 I BatteryMgr:DataCollectionService: stats => 1700732816006,12207,4448,13427,4169000,100
11-23 10:46:56.013  1011  1189 I ASH     : @ 79668.213: tcs3701: stop power rail pending_off timer
11-23 10:46:56.014  1011  1189 D ASH     : @ 79668.213: tcs3701: start power rail timer, state:3
11-23 10:46:56.055  1011  1189 I ASH     : @ 79668.253: tcs3701: stop power rail pending_off timer
11-23 10:46:56.055  1011  1189 D ASH     : @ 79668.253: tcs3701: start power rail timer, state:3
11-23 10:46:56.094  1011  1189 I ASH     : @ 79668.293: tcs3701: stop power rail pending_off timer
11-23 10:46:56.094  1011  1189 D ASH     : @ 79668.293: tcs3701: start power rail timer, state:3
11-23 10:46:56.112  5238  5296 I BatteryMgr:DataCollectionService: stats => 1700732816111,12207,4448,13427,4169000,100
11-23 10:46:56.134  1011  1189 I ASH     : @ 79668.333: tcs3701: stop power rail pending_off timer
11-23 10:46:56.134  1011  1189 D ASH     : @ 79668.333: tcs3701: start power rail timer, state:3
11-23 10:46:56.154  1795  3001 D ActivityManager: freezer override set to true
11-23 10:46:56.159  1795  3001 D ActivityManager: freezer override set to false
11-23 10:46:56.174  1011  1189 I ASH     : @ 79668.373: tcs3701: stop power rail pending_off timer
11-23 10:46:56.174  1011  1189 D ASH     : @ 79668.373: tcs3701: start power rail timer, state:3
11-23 10:46:56.214  1011  1189 I ASH     : @ 79668.413: tcs3701: stop power rail pending_off timer
11-23 10:46:56.214  1011  1189 D ASH     : @ 79668.413: tcs3701: start power rail timer, state:3
11-23 10:46:56.218  5238  5296 I BatteryMgr:DataCollectionService: stats => 1700732816218,12207,4448,13427,4169000,100
11-23 10:46:56.254  1011  1189 I ASH     : @ 79668.453: tcs3701: stop power rail pending_off timer
11-23 10:46:56.254  1011  1189 D ASH     : @ 79668.453: tcs3701: start power rail timer, state:3
11-23 10:46:56.293  1011  1189 I ASH     : @ 79668.493: tcs3701: stop power rail pending_off timer
11-23 10:46:56.293  1011  1189 D ASH     : @ 79668.493: tcs3701: start power rail timer, state:3
11-23 10:46:56.322  5238  5296 I BatteryMgr:DataCollectionService: stats => 1700732816322,12207,4448,13427,4169000,100
11-23 10:46:56.333  1011  1189 I ASH     : @ 79668.533: tcs3701: stop power rail pending_off timer
11-23 10:46:56.333  1011  1189 D ASH     : @ 79668.533: tcs3701: start power rail timer, state:3
11-23 10:46:56.373  1011  1189 I ASH     : @ 79668.573: tcs3701: stop power rail pending_off timer
11-23 10:46:56.374  1011  1189 D ASH     : @ 79668.573: tcs3701: start power rail timer, state:3
11-23 10:46:56.414  1011  1189 I ASH     : @ 79668.613: tcs3701: stop power rail pending_off timer
11-23 10:46:56.414  1011  1189 D ASH     : @ 79668.613: tcs3701: start power rail timer, state:3
11-23 10:46:56.421  1795  3001 D ActivityManager: freezer override set to true
11-23 10:46:56.426  5238  5296 I BatteryMgr:DataCollectionService: stats => 1700732816426,12207,4448,13427,4169000,100
11-23 10:46:56.454  1011  1189 I ASH     : @ 79668.653: tcs3701: stop power rail pending_off timer
11-23 10:46:56.454  1011  1189 D ASH     : @ 79668.653: tcs3701: start power rail timer, state:3
11-23 10:46:56.494  1011  1189 I ASH     : @ 79668.693: tcs3701: stop power rail pending_off timer
11-23 10:46:56.494  1011  1189 D ASH     : @ 79668.693: tcs3701: start power rail timer, state:3
11-23 10:46:56.531  5238  5296 I BatteryMgr:DataCollectionService: stats => 1700732816531,12207,4448,13427,4169000,100
11-23 10:46:56.534  1011  1189 I ASH     : @ 79668.733: tcs3701: stop power rail pending_off timer
11-23 10:46:56.534  1011  1189 D ASH     : @ 79668.733: tcs3701: start power rail timer, state:3
11-23 10:46:56.540  3642  3680 I m.chrome.canary: Explicit concurrent copying GC freed 3590(176KB) AllocSpace objects, 3(60KB) LOS objects, 75% free, 11MB/47MB, paused 30us,21us total 38.983ms
11-23 10:46:56.574  1011  1189 I ASH     : @ 79668.773: tcs3701: stop power rail pending_off timer
11-23 10:46:56.574  1011  1189 D ASH     : @ 79668.773: tcs3701: start power rail timer, state:3
11-23 10:46:56.589  1795  3001 D ActivityManager: freezer override set to false
11-23 10:46:56.615  1011  1189 I ASH     : @ 79668.813: tcs3701: stop power rail pending_off timer
11-23 10:46:56.615  1011  1189 D ASH     : @ 79668.813: tcs3701: start power rail timer, state:3
11-23 10:46:56.633  1795  4166 D ActivityManager: freezer override set to true
11-23 10:46:56.636  1795  4166 D ActivityManager: freezer override set to false
11-23 10:46:56.636  5238  5296 I BatteryMgr:DataCollectionService: stats => 1700732816636,12207,4448,13427,4169000,100
11-23 10:46:56.654  1011  1189 I ASH     : @ 79668.853: tcs3701: stop power rail pending_off timer
11-23 10:46:56.654  1011  1189 D ASH     : @ 79668.853: tcs3701: start power rail timer, state:3
11-23 10:46:56.693  1011  1189 I ASH     : @ 79668.893: tcs3701: stop power rail pending_off timer
11-23 10:46:56.694  1011  1189 D ASH     : @ 79668.893: tcs3701: start power rail timer, state:3
11-23 10:46:56.734  1011  1189 I ASH     : @ 79668.933: tcs3701: stop power rail pending_off timer
11-23 10:46:56.734  1011  1189 D ASH     : @ 79668.933: tcs3701: start power rail timer, state:3
11-23 10:46:56.743  5238  5296 I BatteryMgr:DataCollectionService: stats => 1700732816742,12207,4448,13427,4169000,100
11-23 10:46:56.754  2113  2118 I pixel-thermal: skin-therm-monitor: 37.237
11-23 10:46:56.774  1011  1189 I ASH     : @ 79668.973: tcs3701: stop power rail pending_off timer
11-23 10:46:56.774  1011  1189 D ASH     : @ 79668.973: tcs3701: start power rail timer, state:3
11-23 10:46:56.814  1011  1189 I ASH     : @ 79669.013: tcs3701: stop power rail pending_off timer
11-23 10:46:56.814  1011  1189 D ASH     : @ 79669.013: tcs3701: start power rail timer, state:3
11-23 10:46:56.849  5238  5296 I BatteryMgr:DataCollectionService: stats => 1700732816849,12207,4448,13427,4169000,100
11-23 10:46:56.854  1011  1189 I ASH     : @ 79669.053: tcs3701: stop power rail pending_off timer
11-23 10:46:56.854  1011  1189 D ASH     : @ 79669.053: tcs3701: start power rail timer, state:3
11-23 10:46:56.894  1011  1189 I ASH     : @ 79669.093: tcs3701: stop power rail pending_off timer
11-23 10:46:56.894  1011  1189 D ASH     : @ 79669.093: tcs3701: start power rail timer, state:3
11-23 10:46:56.934  1011  1189 I ASH     : @ 79669.133: tcs3701: stop power rail pending_off timer
11-23 10:46:56.934  1011  1189 D ASH     : @ 79669.133: tcs3701: start power rail timer, state:3
11-23 10:46:56.956  5238  5296 I BatteryMgr:DataCollectionService: stats => 1700732816956,12207,4448,13427,4169000,100
11-23 10:46:56.974  1011  1189 I ASH     : @ 79669.173: tcs3701: stop power rail pending_off timer
11-23 10:46:56.974  1011  1189 D ASH     : @ 79669.173: tcs3701: start power rail timer, state:3
11-23 10:46:57.014  1011  1189 I ASH     : @ 79669.213: tcs3701: stop power rail pending_off timer
11-23 10:46:57.014  1011  1189 D ASH     : @ 79669.213: tcs3701: start power rail timer, state:3
11-23 10:46:57.054  1011  1189 I ASH     : @ 79669.253: tcs3701: stop power rail pending_off timer
11-23 10:46:57.054  1011  1189 D ASH     : @ 79669.253: tcs3701: start power rail timer, state:3
11-23 10:46:57.061  5238  5296 I BatteryMgr:DataCollectionService: stats => 1700732817061,12207,4448,13427,4169000,100
11-23 10:46:57.094  1011  1189 I ASH     : @ 79669.293: tcs3701: stop power rail pending_off timer
11-23 10:46:57.094  1011  1189 D ASH     : @ 79669.293: tcs3701: start power rail timer, state:3
11-23 10:46:57.131  1795  4166 D ActivityManager: freezer override set to true
11-23 10:46:57.134  1011  1189 I ASH     : @ 79669.333: tcs3701: stop power rail pending_off timer
11-23 10:46:57.134  1011  1189 D ASH     : @ 79669.333: tcs3701: start power rail timer, state:3
11-23 10:46:57.136  1795  4166 D ActivityManager: freezer override set to false
11-23 10:46:57.167  5238  5296 I BatteryMgr:DataCollectionService: stats => 1700732817167,12207,4448,13427,4169000,100
11-23 10:46:57.174  1011  1189 I ASH     : @ 79669.373: tcs3701: stop power rail pending_off timer
11-23 10:46:57.174  1011  1189 D ASH     : @ 79669.373: tcs3701: start power rail timer, state:3
11-23 10:46:57.214  1011  1189 I ASH     : @ 79669.413: tcs3701: stop power rail pending_off timer
11-23 10:46:57.214  1011  1189 D ASH     : @ 79669.413: tcs3701: start power rail timer, state:3
11-23 10:46:57.254  1011  1189 I ASH     : @ 79669.453: tcs3701: stop power rail pending_off timer
11-23 10:46:57.254  1011  1189 D ASH     : @ 79669.453: tcs3701: start power rail timer, state:3
11-23 10:46:57.274  5238  5296 I BatteryMgr:DataCollectionService: stats => 1700732817274,12207,4448,13427,4169000,100
11-23 10:46:57.294  1011  1189 I ASH     : @ 79669.493: tcs3701: stop power rail pending_off timer
11-23 10:46:57.294  1011  1189 D ASH     : @ 79669.493: tcs3701: start power rail timer, state:3
11-23 10:46:57.334  1011  1189 I ASH     : @ 79669.533: tcs3701: stop power rail pending_off timer
11-23 10:46:57.334  1011  1189 D ASH     : @ 79669.533: tcs3701: start power rail timer, state:3
11-23 10:46:57.374  1011  1189 I ASH     : @ 79669.573: tcs3701: stop power rail pending_off timer
11-23 10:46:57.374  1011  1189 D ASH     : @ 79669.573: tcs3701: start power rail timer, state:3
11-23 10:46:57.380  5238  5296 I BatteryMgr:DataCollectionService: stats => 1700732817380,12207,4448,13427,4169000,100
11-23 10:46:57.414  1011  1189 I ASH     : @ 79669.613: tcs3701: stop power rail pending_off timer
11-23 10:46:57.414  1011  1189 D ASH     : @ 79669.613: tcs3701: start power rail timer, state:3
11-23 10:46:57.454  1011  1189 I ASH     : @ 79669.653: tcs3701: stop power rail pending_off timer
11-23 10:46:57.454  1011  1189 D ASH     : @ 79669.653: tcs3701: start power rail timer, state:3
11-23 10:46:57.487  5238  5296 I BatteryMgr:DataCollectionService: stats => 1700732817487,12207,4448,13427,4169000,100
11-23 10:46:57.494  1011  1189 I ASH     : @ 79669.693: tcs3701: stop power rail pending_off timer
11-23 10:46:57.495  1011  1189 D ASH     : @ 79669.693: tcs3701: start power rail timer, state:3
11-23 10:46:57.534  1011  1189 I ASH     : @ 79669.733: tcs3701: stop power rail pending_off timer
11-23 10:46:57.534  1011  1189 D ASH     : @ 79669.733: tcs3701: start power rail timer, state:3
11-23 10:46:57.574  1011  1189 I ASH     : @ 79669.773: tcs3701: stop power rail pending_off timer
11-23 10:46:57.574  1011  1189 D ASH     : @ 79669.773: tcs3701: start power rail timer, state:3
11-23 10:46:57.592  5238  5296 I BatteryMgr:DataCollectionService: stats => 1700732817592,12207,4448,13427,4169000,100
11-23 10:46:57.614  1011  1189 I ASH     : @ 79669.813: tcs3701: stop power rail pending_off timer
11-23 10:46:57.614  1011  1189 D ASH     : @ 79669.813: tcs3701: start power rail timer, state:3
11-23 10:46:57.654  1011  1189 I ASH     : @ 79669.853: tcs3701: stop power rail pending_off timer
11-23 10:46:57.654  1011  1189 D ASH     : @ 79669.853: tcs3701: start power rail timer, state:3
11-23 10:46:57.694  1011  1189 I ASH     : @ 79669.893: tcs3701: stop power rail pending_off timer
11-23 10:46:57.694  1011  1189 D ASH     : @ 79669.893: tcs3701: start power rail timer, state:3
11-23 10:46:57.698  5238  5296 I BatteryMgr:DataCollectionService: stats => 1700732817698,12207,4448,13427,4169000,100
11-23 10:46:57.733  1011  1189 I ASH     : @ 79669.933: tcs3701: stop power rail pending_off timer
11-23 10:46:57.734  1011  1189 D ASH     : @ 79669.933: tcs3701: start power rail timer, state:3
11-23 10:46:57.774  1011  1189 I ASH     : @ 79669.973: tcs3701: stop power rail pending_off timer
11-23 10:46:57.774  1011  1189 D ASH     : @ 79669.973: tcs3701: start power rail timer, state:3
11-23 10:46:57.802  1795  3001 D ActivityManager: freezer override set to true
11-23 10:46:57.802  5238  5296 I BatteryMgr:DataCollectionService: stats => 1700732817802,12207,4448,13427,4169000,100
11-23 10:46:57.814  1011  1189 I ASH     : @ 79670.013: tcs3701: stop power rail pending_off timer
11-23 10:46:57.814  1011  1189 D ASH     : @ 79670.013: tcs3701: start power rail timer, state:3
11-23 10:46:57.831  1795  2424 D WifiClientModeImpl[13802:wlan0]: updateLinkLayerStatsRssiSpeedFrequencyCapabilities rssi=-48 TxLinkspeed=866 freq=5240 RxLinkSpeed=866
11-23 10:46:57.832  1795  2424 D WifiDataStall: tx tput in kbps: 755212
11-23 10:46:57.832  1795  2424 D WifiDataStall: rx tput in kbps: 794960
11-23 10:46:57.832  1795  2424 V WifiConfigManager: Updating scan detail cache freq=5240 BSSID=f4:6d:2f:12:cc:88 RSSI=-48 for "ourhome"WPA_PSK
11-23 10:46:57.832  1795  2424 D WifiChannelUtilization:  freq: 5240 onTime: 2106904 busyTime: 174149 onTimeDiff: 2106609 busyTimeDiff: 174132 utilization: 21 utilization t0: 21
11-23 10:46:57.832  1795  2424 D WifiDataStall:  ccaLevel = 21
11-23 10:46:57.832  1795  2424 D WifiDataStall: L2 txTputKbps: 755212, rxTputKbps: 794960, L3 txTputKbps: 0, rxTputKbps: 0, TxTrafficHigh: false, RxTrafficHigh: false, Throughput Sufficient: true
11-23 10:46:57.832  3213  8092 V WifiManager: OnWifiUsabilityStatsListener: onWifiUsabilityStats: seqNum=26352
11-23 10:46:57.832  1795  2424 D WifiScoreReport: Wifi scoring disabled - Don't check IP layer
11-23 10:46:57.832  1795  2424 D WifiScoreCard: BSSID update SIGNAL_POLL ID: 1320464697 SSID: "ourhome", BSSID: f4:6d:2f:12:cc:88, MAC: b2:2f:ec:da:4a:0c, IP: /192.168.1.104, Security type: 2, Supplicant state: COMPLETED, Wi-Fi standard: 5, RSSI: -48, Link speed: 866Mbps, Tx Link speed: 866Mbps, Max Supported Tx Link speed: 866Mbps, Rx Link speed: 866Mbps, Max Supported Rx Link speed: 866Mbps, Frequency: 5240MHz, Net ID: 12, Metered hint: false, score: 60, isUsable: true, CarrierMerged: false, SubscriptionId: -1, IsPrimary: 1, Trusted: true, Restricted: false, Ephemeral: false, OEM paid: false, OEM private: false, OSU AP: false, FQDN: <none>, Provider friendly name: <none>, Requesting package name: <none>"ourhome"wpa2-pskMLO Information: , Is TID-To-Link negotiation supported by the AP: false, AP MLD Address: <none>, AP MLO Link Id: <none>, AP MLO Affiliated links: <none>
11-23 10:46:57.832  1795  2424 D WifiScoreCard: txRate: 1 txSpeed: 866
11-23 10:46:57.833  1795  2424 D WifiScoreCard: network update SIGNAL_POLL "ourhome" ID: 1499892569 RSSI -48 txSpeed -1
11-23 10:46:57.833  1795  4166 I WifiService: updateWifiUsabilityScore uid=10180 seqNum=26352 score=100 predictionHorizonSec=1441795
11-23 10:46:57.833  2513  3235 V WifiManager: TrafficStateCallbackProxy: onStateChanged state=3
11-23 10:46:57.833  1795  2424 D WifiClientModeImpl[13802:wlan0]:  ClientModeImpl$L2ConnectedState screen=on 11 0 "ourhome" f4:6d:2f:12:cc:88 rssi=-48 f=5240 sc=60 link=866 tx=0.2, 0.0, 0.0 rx=0.2 bcn=759242 [on:56 tx:0 rx:0 period:3014] from screen [on:51556 period:1269925] score=60
11-23 10:46:57.833  1795  2424 D WifiScoreReport: Wifi scoring disabled - Notify that Wifi is usable
11-23 10:46:57.835  1795  2432 D ConnectivityService: NetReassign [no changes] [c 0] [a 1] [i 1]
11-23 10:46:57.854  1011  1189 I ASH     : @ 79670.053: tcs3701: stop power rail pending_off timer
11-23 10:46:57.854  1011  1189 D ASH     : @ 79670.053: tcs3701: start power rail timer, state:3
11-23 10:46:57.894  1011  1189 I ASH     : @ 79670.093: tcs3701: stop power rail pending_off timer
11-23 10:46:57.894  1011  1189 D ASH     : @ 79670.093: tcs3701: start power rail timer, state:3
11-23 10:46:57.907  5238  5296 I BatteryMgr:DataCollectionService: stats => 1700732817907,12207,4448,13427,4169000,100
11-23 10:46:57.932  3642  3680 I m.chrome.canary: Explicit concurrent copying GC freed 3574(176KB) AllocSpace objects, 3(60KB) LOS objects, 75% free, 11MB/47MB, paused 37us,24us total 44.408ms
11-23 10:46:57.934  1011  1189 I ASH     : @ 79670.133: tcs3701: stop power rail pending_off timer
11-23 10:46:57.934  1011  1189 D ASH     : @ 79670.133: tcs3701: start power rail timer, state:3
11-23 10:46:57.974  1011  1189 I ASH     : @ 79670.173: tcs3701: stop power rail pending_off timer
11-23 10:46:57.974  1011  1189 D ASH     : @ 79670.173: tcs3701: start power rail timer, state:3
11-23 10:46:57.990  1795  3001 D ActivityManager: freezer override set to false
11-23 10:46:58.011  5238  5296 I BatteryMgr:DataCollectionService: stats => 1700732818011,12207,4448,13427,4169000,100
11-23 10:46:58.013  1011  1189 I ASH     : @ 79670.213: tcs3701: stop power rail pending_off timer
11-23 10:46:58.014  1011  1189 D ASH     : @ 79670.213: tcs3701: start power rail timer, state:3
11-23 10:46:58.034  1795  3001 D ActivityManager: freezer override set to true
11-23 10:46:58.037  1795  3001 D ActivityManager: freezer override set to false
11-23 10:46:58.053  1011  1189 I ASH     : @ 79670.253: tcs3701: stop power rail pending_off timer
11-23 10:46:58.053  1011  1189 D ASH     : @ 79670.253: tcs3701: start power rail timer, state:3
11-23 10:46:58.093  1011  1189 I ASH     : @ 79670.293: tcs3701: stop power rail pending_off timer
11-23 10:46:58.093  1011  1189 D ASH     : @ 79670.293: tcs3701: start power rail timer, state:3
11-23 10:46:58.116  5238  5296 I BatteryMgr:DataCollectionService: stats => 1700732818116,12207,4448,13427,4169000,100
11-23 10:46:58.134  1011  1189 I ASH     : @ 79670.333: tcs3701: stop power rail pending_off timer
11-23 10:46:58.134  1011  1189 D ASH     : @ 79670.333: tcs3701: start power rail timer, state:3
11-23 10:46:58.136  1795  3001 D ActivityManager: freezer override set to true
11-23 10:46:58.141  1795  3001 D ActivityManager: freezer override set to false
11-23 10:46:58.174  1011  1189 I ASH     : @ 79670.373: tcs3701: stop power rail pending_off timer
11-23 10:46:58.174  1011  1189 D ASH     : @ 79670.373: tcs3701: start power rail timer, state:3
11-23 10:46:58.214  1011  1189 I ASH     : @ 79670.413: tcs3701: stop power rail pending_off timer
11-23 10:46:58.214  1011  1189 D ASH     : @ 79670.413: tcs3701: start power rail timer, state:3
11-23 10:46:58.222  5238  5296 I BatteryMgr:DataCollectionService: stats => 1700732818222,12207,4448,13427,4169000,100
11-23 10:46:58.253  1011  1189 I ASH     : @ 79670.453: tcs3701: stop power rail pending_off timer
11-23 10:46:58.254  1011  1189 D ASH     : @ 79670.453: tcs3701: start power rail timer, state:3
11-23 10:46:58.294  1011  1189 I ASH     : @ 79670.493: tcs3701: stop power rail pending_off timer
11-23 10:46:58.294  1011  1189 D ASH     : @ 79670.493: tcs3701: start power rail timer, state:3
11-23 10:46:58.328  5238  5296 I BatteryMgr:DataCollectionService: stats => 1700732818328,12207,4448,13427,4169000,100
11-23 10:46:58.333  1011  1189 I ASH     : @ 79670.533: tcs3701: stop power rail pending_off timer
11-23 10:46:58.334  1011  1189 D ASH     : @ 79670.533: tcs3701: start power rail timer, state:3
11-23 10:46:58.374  1011  1189 I ASH     : @ 79670.573: tcs3701: stop power rail pending_off timer
11-23 10:46:58.374  1011  1189 D ASH     : @ 79670.573: tcs3701: start power rail timer, state:3
11-23 10:46:58.413  1011  1189 I ASH     : @ 79670.613: tcs3701: stop power rail pending_off timer
11-23 10:46:58.413  1011  1189 D ASH     : @ 79670.613: tcs3701: start power rail timer, state:3
11-23 10:46:58.434  5238  5296 I BatteryMgr:DataCollectionService: stats => 1700732818434,12207,4448,13427,4169000,100
11-23 10:46:58.454  1011  1189 I ASH     : @ 79670.653: tcs3701: stop power rail pending_off timer
11-23 10:46:58.454  1011  1189 D ASH     : @ 79670.653: tcs3701: start power rail timer, state:3
11-23 10:46:58.494  1011  1189 I ASH     : @ 79670.693: tcs3701: stop power rail pending_off timer
11-23 10:46:58.494  1011  1189 D ASH     : @ 79670.693: tcs3701: start power rail timer, state:3
11-23 10:46:58.534  1011  1189 I ASH     : @ 79670.733: tcs3701: stop power rail pending_off timer
11-23 10:46:58.534  1011  1189 D ASH     : @ 79670.733: tcs3701: start power rail timer, state:3
11-23 10:46:58.541  5238  5296 I BatteryMgr:DataCollectionService: stats => 1700732818541,12207,4448,13427,4169000,100
11-23 10:46:58.574  1011  1189 I ASH     : @ 79670.773: tcs3701: stop power rail pending_off timer
11-23 10:46:58.574  1011  1189 D ASH     : @ 79670.773: tcs3701: start power rail timer, state:3
11-23 10:46:58.614  1011  1189 I ASH     : @ 79670.813: tcs3701: stop power rail pending_off timer
11-23 10:46:58.614  1011  1189 D ASH     : @ 79670.813: tcs3701: start power rail timer, state:3
11-23 10:46:58.648  5238  5296 I BatteryMgr:DataCollectionService: stats => 1700732818648,12207,4448,13427,4169000,100
11-23 10:46:58.654  1011  1189 I ASH     : @ 79670.853: tcs3701: stop power rail pending_off timer
11-23 10:46:58.654  1011  1189 D ASH     : @ 79670.853: tcs3701: start power rail timer, state:3
11-23 10:46:58.693  1011  1189 I ASH     : @ 79670.893: tcs3701: stop power rail pending_off timer
11-23 10:46:58.694  1011  1189 D ASH     : @ 79670.893: tcs3701: start power rail timer, state:3
11-23 10:46:58.734  1011  1189 I ASH     : @ 79670.933: tcs3701: stop power rail pending_off timer
11-23 10:46:58.734  1011  1189 D ASH     : @ 79670.933: tcs3701: start power rail timer, state:3
11-23 10:46:58.756  5238  5296 I BatteryMgr:DataCollectionService: stats => 1700732818756,12207,4448,13427,4169000,100
11-23 10:46:58.757  2113  2118 I pixel-thermal: skin-therm-monitor: 37.24
11-23 10:46:58.774  1011  1189 I ASH     : @ 79670.973: tcs3701: stop power rail pending_off timer
11-23 10:46:58.774  1011  1189 D ASH     : @ 79670.973: tcs3701: start power rail timer, state:3
11-23 10:46:58.814  1011  1189 I ASH     : @ 79671.013: tcs3701: stop power rail pending_off timer
11-23 10:46:58.814  1011  1189 D ASH     : @ 79671.013: tcs3701: start power rail timer, state:3
11-23 10:46:58.854  1011  1189 I ASH     : @ 79671.053: tcs3701: stop power rail pending_off timer
11-23 10:46:58.854  1011  1189 D ASH     : @ 79671.053: tcs3701: start power rail timer, state:3
11-23 10:46:58.860  5238  5296 I BatteryMgr:DataCollectionService: stats => 1700732818860,12207,4448,13427,4169000,100
11-23 10:46:58.894  1011  1189 I ASH     : @ 79671.093: tcs3701: stop power rail pending_off timer
11-23 10:46:58.894  1011  1189 D ASH     : @ 79671.093: tcs3701: start power rail timer, state:3
11-23 10:46:58.934  1011  1189 I ASH     : @ 79671.133: tcs3701: stop power rail pending_off timer
11-23 10:46:58.934  1011  1189 D ASH     : @ 79671.133: tcs3701: start power rail timer, state:3
11-23 10:46:58.965  5238  5296 I BatteryMgr:DataCollectionService: stats => 1700732818965,12207,4448,13427,4169000,100
11-23 10:46:58.974  1011  1189 I ASH     : @ 79671.173: tcs3701: stop power rail pending_off timer
11-23 10:46:58.974  1011  1189 D ASH     : @ 79671.173: tcs3701: start power rail timer, state:3
11-23 10:46:59.014  1011  1189 I ASH     : @ 79671.213: tcs3701: stop power rail pending_off timer
11-23 10:46:59.014  1011  1189 D ASH     : @ 79671.213: tcs3701: start power rail timer, state:3
11-23 10:46:59.054  1011  1189 I ASH     : @ 79671.253: tcs3701: stop power rail pending_off timer
11-23 10:46:59.054  1011  1189 D ASH     : @ 79671.253: tcs3701: start power rail timer, state:3
11-23 10:46:59.070  5238  5296 I BatteryMgr:DataCollectionService: stats => 1700732819070,12207,4448,13427,4169000,100
11-23 10:46:59.094  1011  1189 I ASH     : @ 79671.293: tcs3701: stop power rail pending_off timer
11-23 10:46:59.094  1011  1189 D ASH     : @ 79671.293: tcs3701: start power rail timer, state:3
11-23 10:46:59.133  1011  1189 I ASH     : @ 79671.333: tcs3701: stop power rail pending_off timer
11-23 10:46:59.133  1011  1189 D ASH     : @ 79671.333: tcs3701: start power rail timer, state:3
11-23 10:46:59.153  1795  3001 D ActivityManager: freezer override set to true
11-23 10:46:59.157  1795  3001 D ActivityManager: freezer override set to false
11-23 10:46:59.175  1011  1189 I ASH     : @ 79671.373: tcs3701: stop power rail pending_off timer
11-23 10:46:59.175  1011  1189 D ASH     : @ 79671.373: tcs3701: start power rail timer, state:3
11-23 10:46:59.176  5238  5296 I BatteryMgr:DataCollectionService: stats => 1700732819176,12207,4448,13427,4169000,100
11-23 10:46:59.214  1011  1189 I ASH     : @ 79671.413: tcs3701: stop power rail pending_off timer
11-23 10:46:59.214  1011  1189 D ASH     : @ 79671.413: tcs3701: start power rail timer, state:3
11-23 10:46:59.223  1795  3001 D ActivityManager: freezer override set to true
11-23 10:46:59.253  1011  1189 I ASH     : @ 79671.453: tcs3701: stop power rail pending_off timer
11-23 10:46:59.253  1011  1189 D ASH     : @ 79671.453: tcs3701: start power rail timer, state:3
11-23 10:46:59.280  5238  5296 I BatteryMgr:DataCollectionService: stats => 1700732819280,12207,4448,13427,4169000,100
11-23 10:46:59.294  1011  1189 I ASH     : @ 79671.493: tcs3701: stop power rail pending_off timer
11-23 10:46:59.294  1011  1189 D ASH     : @ 79671.493: tcs3701: start power rail timer, state:3
11-23 10:46:59.334  1011  1189 I ASH     : @ 79671.533: tcs3701: stop power rail pending_off timer
11-23 10:46:59.334  1011  1189 D ASH     : @ 79671.533: tcs3701: start power rail timer, state:3
11-23 10:46:59.349  3642  3680 I m.chrome.canary: Explicit concurrent copying GC freed 3804(191KB) AllocSpace objects, 4(80KB) LOS objects, 75% free, 11MB/47MB, paused 32us,23us total 44.718ms
11-23 10:46:59.374  1011  1189 I ASH     : @ 79671.573: tcs3701: stop power rail pending_off timer
11-23 10:46:59.374  1011  1189 D ASH     : @ 79671.573: tcs3701: start power rail timer, state:3
11-23 10:46:59.384  5238  5296 I BatteryMgr:DataCollectionService: stats => 1700732819384,12207,4448,13427,4169000,100
11-23 10:46:59.407  1795  3001 D ActivityManager: freezer override set to false
11-23 10:46:59.414  1011  1189 I ASH     : @ 79671.613: tcs3701: stop power rail pending_off timer
11-23 10:46:59.414  1011  1189 D ASH     : @ 79671.613: tcs3701: start power rail timer, state:3
11-23 10:46:59.448  1795  3001 D ActivityManager: freezer override set to true
11-23 10:46:59.451  1795  3001 D ActivityManager: freezer override set to false
11-23 10:46:59.453  1011  1189 I ASH     : @ 79671.653: tcs3701: stop power rail pending_off timer
11-23 10:46:59.453  1011  1189 D ASH     : @ 79671.653: tcs3701: start power rail timer, state:3
11-23 10:46:59.489  5238  5296 I BatteryMgr:DataCollectionService: stats => 1700732819489,12207,4448,13427,4169000,100
11-23 10:46:59.494  1011  1189 I ASH     : @ 79671.693: tcs3701: stop power rail pending_off timer
11-23 10:46:59.494  1011  1189 D ASH     : @ 79671.693: tcs3701: start power rail timer, state:3
11-23 10:46:59.534  1011  1189 I ASH     : @ 79671.733: tcs3701: stop power rail pending_off timer
11-23 10:46:59.534  1011  1189 D ASH     : @ 79671.733: tcs3701: start power rail timer, state:3
11-23 10:46:59.574  1011  1189 I ASH     : @ 79671.773: tcs3701: stop power rail pending_off timer
11-23 10:46:59.574  1011  1189 D ASH     : @ 79671.773: tcs3701: start power rail timer, state:3
11-23 10:46:59.594  5238  5296 I BatteryMgr:DataCollectionService: stats => 1700732819594,12207,4448,13427,4169000,100
11-23 10:46:59.613  1011  1189 I ASH     : @ 79671.813: tcs3701: stop power rail pending_off timer
11-23 10:46:59.613  1011  1189 D ASH     : @ 79671.813: tcs3701: start power rail timer, state:3
11-23 10:46:59.654  1011  1189 I ASH     : @ 79671.853: tcs3701: stop power rail pending_off timer
11-23 10:46:59.654  1011  1189 D ASH     : @ 79671.853: tcs3701: start power rail timer, state:3
11-23 10:46:59.694  1011  1189 I ASH     : @ 79671.893: tcs3701: stop power rail pending_off timer
11-23 10:46:59.694  1011  1189 D ASH     : @ 79671.893: tcs3701: start power rail timer, state:3
11-23 10:46:59.699  5238  5296 I BatteryMgr:DataCollectionService: stats => 1700732819699,12207,4448,13427,4169000,100
11-23 10:46:59.734  1011  1189 I ASH     : @ 79671.933: tcs3701: stop power rail pending_off timer
11-23 10:46:59.734  1011  1189 D ASH     : @ 79671.933: tcs3701: start power rail timer, state:3
11-23 10:46:59.773  1011  1189 I ASH     : @ 79671.973: tcs3701: stop power rail pending_off timer
11-23 10:46:59.774  1011  1189 D ASH     : @ 79671.973: tcs3701: start power rail timer, state:3
11-23 10:46:59.804  5238  5296 I BatteryMgr:DataCollectionService: stats => 1700732819804,12207,4448,13427,4169000,100
11-23 10:46:59.814  1011  1189 I ASH     : @ 79672.013: tcs3701: stop power rail pending_off timer
11-23 10:46:59.814  1011  1189 D ASH     : @ 79672.013: tcs3701: start power rail timer, state:3
11-23 10:46:59.853  1011  1189 I ASH     : @ 79672.053: tcs3701: stop power rail pending_off timer
11-23 10:46:59.854  1011  1189 D ASH     : @ 79672.053: tcs3701: start power rail timer, state:3
11-23 10:46:59.886 11364 11364 I EuiccGoogle: [2] EuiccServiceImpl.onDestroy: onDestroy: EuiccService on destroy.
11-23 10:46:59.893  1011  1189 I ASH     : @ 79672.093: tcs3701: stop power rail pending_off timer
11-23 10:46:59.894  1011  1189 D ASH     : @ 79672.093: tcs3701: start power rail timer, state:3
11-23 10:46:59.910  5238  5296 I BatteryMgr:DataCollectionService: stats => 1700732819910,12207,4448,13427,4169000,100
11-23 10:46:59.934  1011  1189 I ASH     : @ 79672.133: tcs3701: stop power rail pending_off timer
11-23 10:46:59.934  1011  1189 D ASH     : @ 79672.133: tcs3701: start power rail timer, state:3
11-23 10:46:59.974  1011  1189 I ASH     : @ 79672.173: tcs3701: stop power rail pending_off timer
11-23 10:46:59.975  1011  1189 D ASH     : @ 79672.173: tcs3701: start power rail timer, state:3
11-23 10:47:00.005  3579  3877 I AiAiEcho: (REDACTED) Predicting[%d]: %s
11-23 10:47:00.006  3579  3877 I AiAiEcho: (REDACTED) EchoTargets: %s
11-23 10:47:00.006  3579  3877 I AiAiEcho: Filtered by AiAi flag check: %s
11-23 10:47:00.006  3579  3877 I AiAiEcho: (REDACTED) Ranked targets strategy: %s, count: %d, ranking metadata: %s
11-23 10:47:00.007  3579  3877 I AiAiEcho: (REDACTED) #weatherTwiddler: Weather removes SubtitleSupplementalItem in surface: %s
11-23 10:47:00.007  3579  3877 I AiAiEcho: (REDACTED) Predicting[%d]: %s
11-23 10:47:00.008  3579  3877 I AiAiEcho: (REDACTED) EchoTargets: %s
11-23 10:47:00.008  3579  3877 I AiAiEcho: Filtered by AiAi flag check: %s
11-23 10:47:00.009  3579  3877 I AiAiEcho: (REDACTED) Ranked targets strategy: %s, count: %d, ranking metadata: %s
11-23 10:47:00.009  3579  3877 I AiAiEcho: (REDACTED) #weatherTwiddler: Weather removes SubtitleSupplementalItem in surface: %s
11-23 10:47:00.013  3579  3877 I AiAiEcho: (REDACTED) #postPredictionTargets: Sending updates to UISurface %s with targets# %s (types=[%s])
11-23 10:47:00.013  1011  1189 I ASH     : @ 79672.213: tcs3701: stop power rail pending_off timer
11-23 10:47:00.014  1011  1189 D ASH     : @ 79672.213: tcs3701: start power rail timer, state:3
11-23 10:47:00.017  5238  5296 I BatteryMgr:DataCollectionService: stats => 1700732820017,12207,4448,13427,4169000,100
11-23 10:47:00.017  3579  3877 I AiAiEcho: (REDACTED) #postPredictionTargets: Sending updates to UISurface %s with targets# %s (types=[%s])
11-23 10:47:00.019  2940  2940 D SsBaseTemplateCard: No text view can be set up
11-23 10:47:00.021  2940  2940 D SsBaseTemplateCard: Passed-in item info is null
11-23 10:47:00.021  2940  2940 D SsBaseTemplateCard: Passed-in item info is null
11-23 10:47:00.021  2940  2940 I SsBaseTemplateCard: Secondary card pane is null
11-23 10:47:00.024  2513  2513 D SsBaseTemplateCard: No text view can be set up
11-23 10:47:00.024  2513  2513 D SsBaseTemplateCard: Passed-in item info is null
11-23 10:47:00.024  2513  2513 D SsBaseTemplateCard: Passed-in item info is null
11-23 10:47:00.024  2513  2513 I SsBaseTemplateCard: Secondary card pane is null
11-23 10:47:00.054  1011  1189 I ASH     : @ 79672.253: tcs3701: stop power rail pending_off timer
11-23 10:47:00.054  1011  1189 D ASH     : @ 79672.253: tcs3701: start power rail timer, state:3
11-23 10:47:00.094  1011  1189 I ASH     : @ 79672.293: tcs3701: stop power rail pending_off timer
11-23 10:47:00.094  1011  1189 D ASH     : @ 79672.293: tcs3701: start power rail timer, state:3
11-23 10:47:00.123  5238  5296 I BatteryMgr:DataCollectionService: stats => 1700732820123,12207,4448,13427,4169000,100
11-23 10:47:00.134  1011  1189 I ASH     : @ 79672.333: tcs3701: stop power rail pending_off timer
11-23 10:47:00.134  1011  1189 D ASH     : @ 79672.333: tcs3701: start power rail timer, state:3
11-23 10:47:00.161  1795  2679 D ActivityManager: freezer override set to true
11-23 10:47:00.165  1795  2679 D ActivityManager: freezer override set to false
11-23 10:47:00.174  1011  1189 I ASH     : @ 79672.373: tcs3701: stop power rail pending_off timer
11-23 10:47:00.174  1011  1189 D ASH     : @ 79672.373: tcs3701: start power rail timer, state:3
11-23 10:47:00.214  1011  1189 I ASH     : @ 79672.413: tcs3701: stop power rail pending_off timer
11-23 10:47:00.214  1011  1189 D ASH     : @ 79672.413: tcs3701: start power rail timer, state:3
11-23 10:47:00.228  5238  5296 I BatteryMgr:DataCollectionService: stats => 1700732820228,12207,4448,13427,4169000,100
11-23 10:47:00.254  1011  1189 I ASH     : @ 79672.453: tcs3701: stop power rail pending_off timer
11-23 10:47:00.254  1011  1189 D ASH     : @ 79672.453: tcs3701: start power rail timer, state:3
11-23 10:47:00.293  1011  1189 I ASH     : @ 79672.493: tcs3701: stop power rail pending_off timer
11-23 10:47:00.294  1011  1189 D ASH     : @ 79672.493: tcs3701: start power rail timer, state:3
11-23 10:47:00.333  1011  1189 I ASH     : @ 79672.533: tcs3701: stop power rail pending_off timer
