11-25 19:03:45.729  1011  1189 D ASH     : @ 282277.908: tcs3701: start power rail timer, state:3
11-25 19:03:45.768  1011  1189 I ASH     : @ 282277.948: tcs3701: stop power rail pending_off timer
11-25 19:03:45.768  1011  1189 D ASH     : @ 282277.948: tcs3701: start power rail timer, state:3
11-25 19:03:45.808  1011  1189 I ASH     : @ 282277.988: tcs3701: stop power rail pending_off timer
11-25 19:03:45.808  1011  1189 D ASH     : @ 282277.988: tcs3701: start power rail timer, state:3
11-25 19:03:45.820  9306  9346 I BatteryMgr:DataCollectionService: stats => 1700935425820,10681,4442,13427,4169000,100
11-25 19:03:45.848  1011  1189 I ASH     : @ 282278.028: tcs3701: stop power rail pending_off timer
11-25 19:03:45.848  1011  1189 D ASH     : @ 282278.028: tcs3701: start power rail timer, state:3
11-25 19:03:45.888  1011  1189 I ASH     : @ 282278.068: tcs3701: stop power rail pending_off timer
11-25 19:03:45.888  1011  1189 D ASH     : @ 282278.068: tcs3701: start power rail timer, state:3
11-25 19:03:45.927  9306  9346 I BatteryMgr:DataCollectionService: stats => 1700935425927,10681,4442,13427,4169000,100
11-25 19:03:45.928  1011  1189 I ASH     : @ 282278.108: tcs3701: stop power rail pending_off timer
11-25 19:03:45.928  1011  1189 D ASH     : @ 282278.108: tcs3701: start power rail timer, state:3
11-25 19:03:45.968  1011  1189 I ASH     : @ 282278.148: tcs3701: stop power rail pending_off timer
11-25 19:03:45.968  1011  1189 D ASH     : @ 282278.148: tcs3701: start power rail timer, state:3
11-25 19:03:46.008  1011  1189 I ASH     : @ 282278.188: tcs3701: stop power rail pending_off timer
11-25 19:03:46.008  1011  1189 D ASH     : @ 282278.188: tcs3701: start power rail timer, state:3
11-25 19:03:46.035  9306  9346 I BatteryMgr:DataCollectionService: stats => 1700935426035,10681,4442,13427,4169000,100
11-25 19:03:46.048  1011  1189 I ASH     : @ 282278.228: tcs3701: stop power rail pending_off timer
11-25 19:03:46.048  1011  1189 D ASH     : @ 282278.228: tcs3701: start power rail timer, state:3
11-25 19:03:46.088  1011  1189 I ASH     : @ 282278.268: tcs3701: stop power rail pending_off timer
11-25 19:03:46.088  1011  1189 D ASH     : @ 282278.268: tcs3701: start power rail timer, state:3
11-25 19:03:46.129  1011  1189 I ASH     : @ 282278.308: tcs3701: stop power rail pending_off timer
11-25 19:03:46.129  1011  1189 D ASH     : @ 282278.308: tcs3701: start power rail timer, state:3
11-25 19:03:46.142  9306  9346 I BatteryMgr:DataCollectionService: stats => 1700935426141,10681,4442,13427,4169000,100
11-25 19:03:46.168  1011  1189 I ASH     : @ 282278.348: tcs3701: stop power rail pending_off timer
11-25 19:03:46.168  1011  1189 D ASH     : @ 282278.348: tcs3701: start power rail timer, state:3
11-25 19:03:46.209  1011  1189 I ASH     : @ 282278.388: tcs3701: stop power rail pending_off timer
11-25 19:03:46.209  1011  1189 D ASH     : @ 282278.388: tcs3701: start power rail timer, state:3
11-25 19:03:46.249  1011  1189 I ASH     : @ 282278.428: tcs3701: stop power rail pending_off timer
11-25 19:03:46.249  1011  1189 D ASH     : @ 282278.428: tcs3701: start power rail timer, state:3
11-25 19:03:46.249  9306  9346 I BatteryMgr:DataCollectionService: stats => 1700935426249,10681,4442,13427,4169000,100
11-25 19:03:46.289  1011  1189 I ASH     : @ 282278.468: tcs3701: stop power rail pending_off timer
11-25 19:03:46.289  1011  1189 D ASH     : @ 282278.468: tcs3701: start power rail timer, state:3
11-25 19:03:46.329  1011  1189 I ASH     : @ 282278.508: tcs3701: stop power rail pending_off timer
11-25 19:03:46.329  1011  1189 D ASH     : @ 282278.508: tcs3701: start power rail timer, state:3
11-25 19:03:46.356  9306  9346 I BatteryMgr:DataCollectionService: stats => 1700935426356,10681,4442,13427,4169000,100
11-25 19:03:46.368  1011  1189 I ASH     : @ 282278.548: tcs3701: stop power rail pending_off timer
11-25 19:03:46.368  1011  1189 D ASH     : @ 282278.548: tcs3701: start power rail timer, state:3
11-25 19:03:46.409  1011  1189 I ASH     : @ 282278.588: tcs3701: stop power rail pending_off timer
11-25 19:03:46.409  1011  1189 D ASH     : @ 282278.588: tcs3701: start power rail timer, state:3
11-25 19:03:46.418  1795  2467 D ActivityManager: freezer override set to true
11-25 19:03:46.448  1011  1189 I ASH     : @ 282278.628: tcs3701: stop power rail pending_off timer
11-25 19:03:46.448  1011  1189 D ASH     : @ 282278.628: tcs3701: start power rail timer, state:3
11-25 19:03:46.466  9306  9346 I BatteryMgr:DataCollectionService: stats => 1700935426465,10681,4442,13427,4169000,100
11-25 19:03:46.488  1011  1189 I ASH     : @ 282278.668: tcs3701: stop power rail pending_off timer
11-25 19:03:46.488  1011  1189 D ASH     : @ 282278.668: tcs3701: start power rail timer, state:3
11-25 19:03:46.528  1011  1189 I ASH     : @ 282278.708: tcs3701: stop power rail pending_off timer
11-25 19:03:46.528  1011  1189 D ASH     : @ 282278.708: tcs3701: start power rail timer, state:3
11-25 19:03:46.537 16801 16867 W chromium: [WARNING:ev_root_ca_metadata.cc(119)] Not implemented
11-25 19:03:46.537 16801 16867 W chromium: [WARNING:ev_root_ca_metadata.cc(119)] Not implemented
11-25 19:03:46.554 16801 16819 I m.chrome.canary: Explicit concurrent copying GC freed 4072(208KB) AllocSpace objects, 5(100KB) LOS objects, 75% free, 13MB/52MB, paused 83us,21us total 59.178ms
11-25 19:03:46.569  1011  1189 I ASH     : @ 282278.748: tcs3701: stop power rail pending_off timer
11-25 19:03:46.569  1011  1189 D ASH     : @ 282278.748: tcs3701: start power rail timer, state:3
11-25 19:03:46.575  9306  9346 I BatteryMgr:DataCollectionService: stats => 1700935426575,10681,4442,13427,4169000,100
11-25 19:03:46.606  1795  2467 D ActivityManager: freezer override set to false
11-25 19:03:46.609  1011  1189 I ASH     : @ 282278.788: tcs3701: stop power rail pending_off timer
11-25 19:03:46.609  1011  1189 D ASH     : @ 282278.788: tcs3701: start power rail timer, state:3
11-25 19:03:46.642  1795  2467 D ActivityManager: freezer override set to true
11-25 19:03:46.644  1795  2467 D ActivityManager: freezer override set to false
11-25 19:03:46.648  1011  1189 I ASH     : @ 282278.828: tcs3701: stop power rail pending_off timer
11-25 19:03:46.648  1011  1189 D ASH     : @ 282278.828: tcs3701: start power rail timer, state:3
11-25 19:03:46.683  9306  9346 I BatteryMgr:DataCollectionService: stats => 1700935426683,10681,4442,13427,4169000,100
11-25 19:03:46.684  1795  2467 D ActivityManager: freezer override set to true
11-25 19:03:46.686  1795  2467 D ActivityManager: freezer override set to false
11-25 19:03:46.688  1011  1189 I ASH     : @ 282278.868: tcs3701: stop power rail pending_off timer
11-25 19:03:46.688  1011  1189 D ASH     : @ 282278.868: tcs3701: start power rail timer, state:3
11-25 19:03:46.729  1011  1189 I ASH     : @ 282278.908: tcs3701: stop power rail pending_off timer
11-25 19:03:46.729  1011  1189 D ASH     : @ 282278.908: tcs3701: start power rail timer, state:3
11-25 19:03:46.768  1011  1189 I ASH     : @ 282278.948: tcs3701: stop power rail pending_off timer
11-25 19:03:46.768  1011  1189 D ASH     : @ 282278.948: tcs3701: start power rail timer, state:3
11-25 19:03:46.789  9306  9346 I BatteryMgr:DataCollectionService: stats => 1700935426789,10681,4442,13427,4169000,100
11-25 19:03:46.808  1011  1189 I ASH     : @ 282278.988: tcs3701: stop power rail pending_off timer
11-25 19:03:46.808  1011  1189 D ASH     : @ 282278.988: tcs3701: start power rail timer, state:3
11-25 19:03:46.848  1011  1189 I ASH     : @ 282279.028: tcs3701: stop power rail pending_off timer
11-25 19:03:46.848  1011  1189 D ASH     : @ 282279.028: tcs3701: start power rail timer, state:3
11-25 19:03:46.889  1011  1189 I ASH     : @ 282279.068: tcs3701: stop power rail pending_off timer
11-25 19:03:46.889  1011  1189 D ASH     : @ 282279.068: tcs3701: start power rail timer, state:3
11-25 19:03:46.894  9306  9346 I BatteryMgr:DataCollectionService: stats => 1700935426894,10681,4442,13427,4169000,100
11-25 19:03:46.929  1011  1189 I ASH     : @ 282279.108: tcs3701: stop power rail pending_off timer
11-25 19:03:46.929  1011  1189 D ASH     : @ 282279.108: tcs3701: start power rail timer, state:3
11-25 19:03:46.968  1011  1189 I ASH     : @ 282279.148: tcs3701: stop power rail pending_off timer
11-25 19:03:46.968  1011  1189 D ASH     : @ 282279.148: tcs3701: start power rail timer, state:3
11-25 19:03:47.003  9306  9346 I BatteryMgr:DataCollectionService: stats => 1700935427002,10681,4442,13427,4169000,100
11-25 19:03:47.010  1011  1189 I ASH     : @ 282279.188: tcs3701: stop power rail pending_off timer
11-25 19:03:47.010  1011  1189 D ASH     : @ 282279.188: tcs3701: start power rail timer, state:3
11-25 19:03:47.048  1011  1189 I ASH     : @ 282279.228: tcs3701: stop power rail pending_off timer
11-25 19:03:47.048  1011  1189 D ASH     : @ 282279.228: tcs3701: start power rail timer, state:3
11-25 19:03:47.089  1011  1189 I ASH     : @ 282279.268: tcs3701: stop power rail pending_off timer
11-25 19:03:47.089  1011  1189 D ASH     : @ 282279.268: tcs3701: start power rail timer, state:3
11-25 19:03:47.108  9306  9346 I BatteryMgr:DataCollectionService: stats => 1700935427108,10681,4442,13427,4169000,100
11-25 19:03:47.130  1011  1189 I ASH     : @ 282279.308: tcs3701: stop power rail pending_off timer
11-25 19:03:47.130  1011  1189 D ASH     : @ 282279.308: tcs3701: start power rail timer, state:3
11-25 19:03:47.142  1795  2424 D WifiClientModeImpl[13802:wlan0]: updateLinkLayerStatsRssiSpeedFrequencyCapabilities rssi=-44 TxLinkspeed=866 freq=5240 RxLinkSpeed=866
11-25 19:03:47.142  1795  2424 D WifiDataStall: tx tput in kbps: 774494
11-25 19:03:47.142  1795  2424 D WifiDataStall: rx tput in kbps: 815257
11-25 19:03:47.142  1795  2424 V WifiConfigManager: Updating scan detail cache freq=5240 BSSID=f4:6d:2f:12:cc:88 RSSI=-43 for "ourhome"WPA_PSK
11-25 19:03:47.142  1795  2424 D WifiChannelUtilization:  freq: 5240 onTime: 7971752 busyTime: 737146 onTimeDiff: 381057 busyTimeDiff: 23173 utilization: 15 utilization t0: 23
11-25 19:03:47.142  1795  2424 D WifiDataStall:  ccaLevel = 15
11-25 19:03:47.142  1795  2424 D WifiDataStall: L2 txTputKbps: 758189, rxTputKbps: 815257, L3 txTputKbps: 25, rxTputKbps: 108, TxTrafficHigh: true, RxTrafficHigh: true, Throughput Sufficient: true
11-25 19:03:47.142  1795  2424 D WifiScoreReport: Wifi scoring disabled - Don't check IP layer
11-25 19:03:47.142  2673 18847 V WifiManager: OnWifiUsabilityStatsListener: onWifiUsabilityStats: seqNum=72640
11-25 19:03:47.143  1795  2424 D WifiScoreCard: BSSID update SIGNAL_POLL ID: 1320464697 SSID: "ourhome", BSSID: f4:6d:2f:12:cc:88, MAC: b2:2f:ec:da:4a:0c, IP: /192.168.1.104, Security type: 2, Supplicant state: COMPLETED, Wi-Fi standard: 5, RSSI: -44, Link speed: 866Mbps, Tx Link speed: 866Mbps, Max Supported Tx Link speed: 866Mbps, Rx Link speed: 866Mbps, Max Supported Rx Link speed: 866Mbps, Frequency: 5240MHz, Net ID: 12, Metered hint: false, score: 60, isUsable: true, CarrierMerged: false, SubscriptionId: -1, IsPrimary: 1, Trusted: true, Restricted: false, Ephemeral: false, OEM paid: false, OEM private: false, OSU AP: false, FQDN: <none>, Provider friendly name: <none>, Requesting package name: <none>"ourhome"wpa2-pskMLO Information: , Is TID-To-Link negotiation supported by the AP: false, AP MLD Address: <none>, AP MLO Link Id: <none>, AP MLO Affiliated links: <none>
11-25 19:03:47.143  1795  2424 D WifiScoreCard: txRate: 11 txSpeed: 866
11-25 19:03:47.143  1795  2424 D WifiScoreCard: network update SIGNAL_POLL "ourhome" ID: 1499892569 RSSI -44 txSpeed 866
11-25 19:03:47.143  1795  2424 D WifiClientModeImpl[13802:wlan0]:  ClientModeImpl$L2ConnectedState screen=on 33 0 "ourhome" f4:6d:2f:12:cc:88 rssi=-44 f=5240 sc=60 link=866 tx=9.4, 0.6, 0.0 rx=6.9 bcn=2730306 [on:176 tx:4 rx:2 period:3011] from screen [on:395353 period:14340649] score=60
11-25 19:03:47.143  1795  2467 I WifiService: updateWifiUsabilityScore uid=10180 seqNum=72640 score=100 predictionHorizonSec=1441795
11-25 19:03:47.144  1795  2424 D WifiScoreReport: Wifi scoring disabled - Notify that Wifi is usable
11-25 19:03:47.146  1795  2432 D ConnectivityService: NetReassign [no changes] [c 0] [a 1] [i 1]
11-25 19:03:47.168  1011  1189 I ASH     : @ 282279.348: tcs3701: stop power rail pending_off timer
11-25 19:03:47.168  1011  1189 D ASH     : @ 282279.348: tcs3701: start power rail timer, state:3
11-25 19:03:47.208  1011  1189 I ASH     : @ 282279.388: tcs3701: stop power rail pending_off timer
11-25 19:03:47.209  1011  1189 D ASH     : @ 282279.388: tcs3701: start power rail timer, state:3
11-25 19:03:47.215  9306  9346 I BatteryMgr:DataCollectionService: stats => 1700935427215,10681,4442,13427,4169000,100
11-25 19:03:47.249  1011  1189 I ASH     : @ 282279.428: tcs3701: stop power rail pending_off timer
11-25 19:03:47.249  1011  1189 D ASH     : @ 282279.428: tcs3701: start power rail timer, state:3
11-25 19:03:47.288  1011  1189 I ASH     : @ 282279.468: tcs3701: stop power rail pending_off timer
11-25 19:03:47.289  1011  1189 D ASH     : @ 282279.468: tcs3701: start power rail timer, state:3
11-25 19:03:47.322  9306  9346 I BatteryMgr:DataCollectionService: stats => 1700935427322,10681,4442,13427,4169000,100
11-25 19:03:47.328  1011  1189 I ASH     : @ 282279.508: tcs3701: stop power rail pending_off timer
11-25 19:03:47.330  1011  1189 D ASH     : @ 282279.508: tcs3701: start power rail timer, state:3
11-25 19:03:47.369  1011  1189 I ASH     : @ 282279.548: tcs3701: stop power rail pending_off timer
11-25 19:03:47.369  1011  1189 D ASH     : @ 282279.548: tcs3701: start power rail timer, state:3
11-25 19:03:47.409  1011  1189 I ASH     : @ 282279.588: tcs3701: stop power rail pending_off timer
11-25 19:03:47.409  1011  1189 D ASH     : @ 282279.588: tcs3701: start power rail timer, state:3
11-25 19:03:47.428  9306  9346 I BatteryMgr:DataCollectionService: stats => 1700935427428,10681,4442,13427,4169000,100
11-25 19:03:47.449  1011  1189 I ASH     : @ 282279.628: tcs3701: stop power rail pending_off timer
11-25 19:03:47.449  1011  1189 D ASH     : @ 282279.628: tcs3701: start power rail timer, state:3
11-25 19:03:47.484  1795  2467 D ActivityManager: freezer override set to true
11-25 19:03:47.489  1011  1189 I ASH     : @ 282279.668: tcs3701: stop power rail pending_off timer
11-25 19:03:47.489  1011  1189 D ASH     : @ 282279.668: tcs3701: start power rail timer, state:3
11-25 19:03:47.492  1795  2467 D ActivityManager: freezer override set to false
11-25 19:03:47.528  1011  1189 I ASH     : @ 282279.708: tcs3701: stop power rail pending_off timer
11-25 19:03:47.528  1011  1189 D ASH     : @ 282279.708: tcs3701: start power rail timer, state:3
11-25 19:03:47.537  9306  9346 I BatteryMgr:DataCollectionService: stats => 1700935427537,10681,4442,13427,4169000,100
11-25 19:03:47.569  1011  1189 I ASH     : @ 282279.748: tcs3701: stop power rail pending_off timer
11-25 19:03:47.569  1011  1189 D ASH     : @ 282279.748: tcs3701: start power rail timer, state:3
11-25 19:03:47.608  1011  1189 I ASH     : @ 282279.788: tcs3701: stop power rail pending_off timer
11-25 19:03:47.609  1011  1189 D ASH     : @ 282279.788: tcs3701: start power rail timer, state:3
11-25 19:03:47.643  9306  9346 I BatteryMgr:DataCollectionService: stats => 1700935427643,10681,4442,13427,4169000,100
11-25 19:03:47.649  1011  1189 I ASH     : @ 282279.828: tcs3701: stop power rail pending_off timer
11-25 19:03:47.649  1011  1189 D ASH     : @ 282279.828: tcs3701: start power rail timer, state:3
11-25 19:03:47.689  1011  1189 I ASH     : @ 282279.868: tcs3701: stop power rail pending_off timer
11-25 19:03:47.689  1011  1189 D ASH     : @ 282279.868: tcs3701: start power rail timer, state:3
11-25 19:03:47.728  1011  1189 I ASH     : @ 282279.908: tcs3701: stop power rail pending_off timer
11-25 19:03:47.728  1011  1189 D ASH     : @ 282279.908: tcs3701: start power rail timer, state:3
11-25 19:03:47.752  9306  9346 I BatteryMgr:DataCollectionService: stats => 1700935427751,10681,4442,13427,4169000,100
11-25 19:03:47.768  1011  1189 I ASH     : @ 282279.948: tcs3701: stop power rail pending_off timer
11-25 19:03:47.768  1011  1189 D ASH     : @ 282279.948: tcs3701: start power rail timer, state:3
11-25 19:03:47.809  1011  1189 I ASH     : @ 282279.988: tcs3701: stop power rail pending_off timer
11-25 19:03:47.809  1011  1189 D ASH     : @ 282279.988: tcs3701: start power rail timer, state:3
11-25 19:03:47.837  1795  2467 D ActivityManager: freezer override set to true
11-25 19:03:47.848  1011  1189 I ASH     : @ 282280.028: tcs3701: stop power rail pending_off timer
11-25 19:03:47.848  1011  1189 D ASH     : @ 282280.028: tcs3701: start power rail timer, state:3
11-25 19:03:47.858  9306  9346 I BatteryMgr:DataCollectionService: stats => 1700935427858,10681,4442,13427,4169000,100
11-25 19:03:47.888  1011  1189 I ASH     : @ 282280.068: tcs3701: stop power rail pending_off timer
11-25 19:03:47.888  1011  1189 D ASH     : @ 282280.068: tcs3701: start power rail timer, state:3
11-25 19:03:47.929  1011  1189 I ASH     : @ 282280.108: tcs3701: stop power rail pending_off timer
11-25 19:03:47.929  1011  1189 D ASH     : @ 282280.108: tcs3701: start power rail timer, state:3
11-25 19:03:47.932 16801 16819 I m.chrome.canary: Explicit concurrent copying GC freed 3891(192KB) AllocSpace objects, 4(80KB) LOS objects, 75% free, 13MB/52MB, paused 35us,23us total 44.628ms
11-25 19:03:47.964  9306  9346 I BatteryMgr:DataCollectionService: stats => 1700935427964,10681,4442,13427,4169000,100
11-25 19:03:47.968  1011  1189 I ASH     : @ 282280.148: tcs3701: stop power rail pending_off timer
11-25 19:03:47.968  1011  1189 D ASH     : @ 282280.148: tcs3701: start power rail timer, state:3
11-25 19:03:47.987  1795  2467 D ActivityManager: freezer override set to false
11-25 19:03:48.009  1011  1189 I ASH     : @ 282280.188: tcs3701: stop power rail pending_off timer
11-25 19:03:48.009  1011  1189 D ASH     : @ 282280.188: tcs3701: start power rail timer, state:3
11-25 19:03:48.021  1795  2467 D ActivityManager: freezer override set to true
11-25 19:03:48.024  1795  2467 D ActivityManager: freezer override set to false
11-25 19:03:48.048  1011  1189 I ASH     : @ 282280.228: tcs3701: stop power rail pending_off timer
11-25 19:03:48.048  1011  1189 D ASH     : @ 282280.228: tcs3701: start power rail timer, state:3
11-25 19:03:48.055  1795  2467 D ActivityManager: freezer override set to true
11-25 19:03:48.057  1795  2467 D ActivityManager: freezer override set to false
11-25 19:03:48.070  9306  9346 I BatteryMgr:DataCollectionService: stats => 1700935428069,10681,4442,13427,4169000,100
11-25 19:03:48.089  1011  1189 I ASH     : @ 282280.268: tcs3701: stop power rail pending_off timer
11-25 19:03:48.089  1011  1189 D ASH     : @ 282280.268: tcs3701: start power rail timer, state:3
11-25 19:03:48.129  1011  1189 I ASH     : @ 282280.308: tcs3701: stop power rail pending_off timer
11-25 19:03:48.129  1011  1189 D ASH     : @ 282280.308: tcs3701: start power rail timer, state:3
11-25 19:03:48.168  1011  1189 I ASH     : @ 282280.348: tcs3701: stop power rail pending_off timer
11-25 19:03:48.168  1011  1189 D ASH     : @ 282280.348: tcs3701: start power rail timer, state:3
11-25 19:03:48.177  9306  9346 I BatteryMgr:DataCollectionService: stats => 1700935428177,10681,4442,13427,4169000,100
11-25 19:03:48.208  1011  1189 I ASH     : @ 282280.388: tcs3701: stop power rail pending_off timer
11-25 19:03:48.208  1011  1189 D ASH     : @ 282280.388: tcs3701: start power rail timer, state:3
11-25 19:03:48.248  1011  1189 I ASH     : @ 282280.428: tcs3701: stop power rail pending_off timer
11-25 19:03:48.249  1011  1189 D ASH     : @ 282280.428: tcs3701: start power rail timer, state:3
11-25 19:03:48.284  9306  9346 I BatteryMgr:DataCollectionService: stats => 1700935428284,10681,4442,13427,4169000,100
11-25 19:03:48.289  1011  1189 I ASH     : @ 282280.468: tcs3701: stop power rail pending_off timer
11-25 19:03:48.289  1011  1189 D ASH     : @ 282280.468: tcs3701: start power rail timer, state:3
11-25 19:03:48.328  1011  1189 I ASH     : @ 282280.508: tcs3701: stop power rail pending_off timer
11-25 19:03:48.328  1011  1189 D ASH     : @ 282280.508: tcs3701: start power rail timer, state:3
11-25 19:03:48.369  1011  1189 I ASH     : @ 282280.548: tcs3701: stop power rail pending_off timer
11-25 19:03:48.369  1011  1189 D ASH     : @ 282280.548: tcs3701: start power rail timer, state:3
11-25 19:03:48.391  9306  9346 I BatteryMgr:DataCollectionService: stats => 1700935428390,10681,4442,13427,4169000,100
11-25 19:03:48.409  1011  1189 I ASH     : @ 282280.588: tcs3701: stop power rail pending_off timer
11-25 19:03:48.409  1011  1189 D ASH     : @ 282280.588: tcs3701: start power rail timer, state:3
11-25 19:03:48.448  1011  1189 I ASH     : @ 282280.628: tcs3701: stop power rail pending_off timer
11-25 19:03:48.448  1011  1189 D ASH     : @ 282280.628: tcs3701: start power rail timer, state:3
11-25 19:03:48.488  1011  1189 I ASH     : @ 282280.668: tcs3701: stop power rail pending_off timer
11-25 19:03:48.488  1011  1189 D ASH     : @ 282280.668: tcs3701: start power rail timer, state:3
11-25 19:03:48.493  1795  4167 D ActivityManager: freezer override set to true
11-25 19:03:48.499  1795  4167 D ActivityManager: freezer override set to false
11-25 19:03:48.501  9306  9346 I BatteryMgr:DataCollectionService: stats => 1700935428501,10681,4442,13427,4169000,100
11-25 19:03:48.528  1011  1189 I ASH     : @ 282280.708: tcs3701: stop power rail pending_off timer
11-25 19:03:48.529  1011  1189 D ASH     : @ 282280.708: tcs3701: start power rail timer, state:3
11-25 19:03:48.568  1011  1189 I ASH     : @ 282280.748: tcs3701: stop power rail pending_off timer
11-25 19:03:48.568  1011  1189 D ASH     : @ 282280.748: tcs3701: start power rail timer, state:3
11-25 19:03:48.607  9306  9346 I BatteryMgr:DataCollectionService: stats => 1700935428607,10681,4442,13427,4169000,100
11-25 19:03:48.608  1011  1189 I ASH     : @ 282280.788: tcs3701: stop power rail pending_off timer
11-25 19:03:48.608  1011  1189 D ASH     : @ 282280.788: tcs3701: start power rail timer, state:3
11-25 19:03:48.648  1011  1189 I ASH     : @ 282280.828: tcs3701: stop power rail pending_off timer
11-25 19:03:48.648  1011  1189 D ASH     : @ 282280.828: tcs3701: start power rail timer, state:3
11-25 19:03:48.689  1011  1189 I ASH     : @ 282280.868: tcs3701: stop power rail pending_off timer
11-25 19:03:48.689  1011  1189 D ASH     : @ 282280.868: tcs3701: start power rail timer, state:3
11-25 19:03:48.713  9306  9346 I BatteryMgr:DataCollectionService: stats => 1700935428713,10681,4442,13427,4169000,100
11-25 19:03:48.729  1011  1189 I ASH     : @ 282280.908: tcs3701: stop power rail pending_off timer
11-25 19:03:48.729  1011  1189 D ASH     : @ 282280.908: tcs3701: start power rail timer, state:3
11-25 19:03:48.768  1011  1189 I ASH     : @ 282280.948: tcs3701: stop power rail pending_off timer
11-25 19:03:48.768  1011  1189 D ASH     : @ 282280.948: tcs3701: start power rail timer, state:3
11-25 19:03:48.808  1011  1189 I ASH     : @ 282280.988: tcs3701: stop power rail pending_off timer
11-25 19:03:48.808  1011  1189 D ASH     : @ 282280.988: tcs3701: start power rail timer, state:3
11-25 19:03:48.819  9306  9346 I BatteryMgr:DataCollectionService: stats => 1700935428819,10681,4442,13427,4169000,100
11-25 19:03:48.848  1011  1189 I ASH     : @ 282281.028: tcs3701: stop power rail pending_off timer
11-25 19:03:48.848  1011  1189 D ASH     : @ 282281.028: tcs3701: start power rail timer, state:3
11-25 19:03:48.889  1011  1189 I ASH     : @ 282281.068: tcs3701: stop power rail pending_off timer
11-25 19:03:48.889  1011  1189 D ASH     : @ 282281.068: tcs3701: start power rail timer, state:3
11-25 19:03:48.904  1795  2424 D WifiNetworkSelector: Current connected network: 12
11-25 19:03:48.904  1795  2424 V WifiConnectivityManager: No partial scan because firmware roaming is supported.
11-25 19:03:48.904  1795  2424 V WifiConnectivityManager: schedulePeriodicScanTimer intervalMs 20000
11-25 19:03:48.927  9306  9346 I BatteryMgr:DataCollectionService: stats => 1700935428927,10681,4442,13427,4169000,100
11-25 19:03:48.928  1011  1189 I ASH     : @ 282281.108: tcs3701: stop power rail pending_off timer
11-25 19:03:48.929  1011  1189 D ASH     : @ 282281.108: tcs3701: start power rail timer, state:3
11-25 19:03:48.968  1011  1189 I ASH     : @ 282281.148: tcs3701: stop power rail pending_off timer
11-25 19:03:48.968  1011  1189 D ASH     : @ 282281.148: tcs3701: start power rail timer, state:3
11-25 19:03:49.008  1011  1189 I ASH     : @ 282281.188: tcs3701: stop power rail pending_off timer
11-25 19:03:49.008  1011  1189 D ASH     : @ 282281.188: tcs3701: start power rail timer, state:3
11-25 19:03:49.033  9306  9346 I BatteryMgr:DataCollectionService: stats => 1700935429033,10681,4442,13427,4169000,100
11-25 19:03:49.048  1011  1189 I ASH     : @ 282281.228: tcs3701: stop power rail pending_off timer
11-25 19:03:49.048  1011  1189 D ASH     : @ 282281.228: tcs3701: start power rail timer, state:3
11-25 19:03:49.089  1011  1189 I ASH     : @ 282281.268: tcs3701: stop power rail pending_off timer
11-25 19:03:49.089  1011  1189 D ASH     : @ 282281.268: tcs3701: start power rail timer, state:3
11-25 19:03:49.128  1011  1189 I ASH     : @ 282281.308: tcs3701: stop power rail pending_off timer
11-25 19:03:49.128  1011  1189 D ASH     : @ 282281.308: tcs3701: start power rail timer, state:3
11-25 19:03:49.139  9306  9346 I BatteryMgr:DataCollectionService: stats => 1700935429139,10681,4442,13427,4169000,100
11-25 19:03:49.169  1011  1189 I ASH     : @ 282281.348: tcs3701: stop power rail pending_off timer
11-25 19:03:49.169  1011  1189 D ASH     : @ 282281.348: tcs3701: start power rail timer, state:3
11-25 19:03:49.185  1795  2467 D ActivityManager: freezer override set to true
11-25 19:03:49.208  1011  1189 I ASH     : @ 282281.388: tcs3701: stop power rail pending_off timer
11-25 19:03:49.208  1011  1189 D ASH     : @ 282281.388: tcs3701: start power rail timer, state:3
11-25 19:03:49.244  9306  9346 I BatteryMgr:DataCollectionService: stats => 1700935429244,10681,4442,13427,4169000,100
11-25 19:03:49.249  1011  1189 I ASH     : @ 282281.428: tcs3701: stop power rail pending_off timer
11-25 19:03:49.249  1011  1189 D ASH     : @ 282281.428: tcs3701: start power rail timer, state:3
11-25 19:03:49.267 16801 16819 I m.chrome.canary: Explicit concurrent copying GC freed 3942(208KB) AllocSpace objects, 6(184KB) LOS objects, 75% free, 13MB/52MB, paused 25us,22us total 45.193ms
11-25 19:03:49.289  1011  1189 I ASH     : @ 282281.468: tcs3701: stop power rail pending_off timer
11-25 19:03:49.289  1011  1189 D ASH     : @ 282281.468: tcs3701: start power rail timer, state:3
11-25 19:03:49.322  1795  2467 D ActivityManager: freezer override set to false
11-25 19:03:49.329  1011  1189 I ASH     : @ 282281.508: tcs3701: stop power rail pending_off timer
11-25 19:03:49.329  1011  1189 D ASH     : @ 282281.508: tcs3701: start power rail timer, state:3
11-25 19:03:49.350  9306  9346 I BatteryMgr:DataCollectionService: stats => 1700935429350,10681,4442,13427,4169000,100
11-25 19:03:49.369  1011  1189 I ASH     : @ 282281.548: tcs3701: stop power rail pending_off timer
11-25 19:03:49.369  1011  1189 D ASH     : @ 282281.548: tcs3701: start power rail timer, state:3
11-25 19:03:49.377  1795  2467 D ActivityManager: freezer override set to true
11-25 19:03:49.379  1795  2467 D ActivityManager: freezer override set to false
11-25 19:03:49.409  1011  1189 I ASH     : @ 282281.588: tcs3701: stop power rail pending_off timer
11-25 19:03:49.409  1011  1189 D ASH     : @ 282281.588: tcs3701: start power rail timer, state:3
11-25 19:03:49.412  1795  2467 D ActivityManager: freezer override set to true
11-25 19:03:49.416  1795  2467 D ActivityManager: freezer override set to false
11-25 19:03:49.448  1011  1189 I ASH     : @ 282281.628: tcs3701: stop power rail pending_off timer
11-25 19:03:49.448  1011  1189 D ASH     : @ 282281.628: tcs3701: start power rail timer, state:3
11-25 19:03:49.459  9306  9346 I BatteryMgr:DataCollectionService: stats => 1700935429459,10681,4442,13427,4169000,100
11-25 19:03:49.461  1795  2467 D ActivityManager: freezer override set to true
11-25 19:03:49.465  1795  2467 D ActivityManager: freezer override set to false
11-25 19:03:49.489  1011  1189 I ASH     : @ 282281.668: tcs3701: stop power rail pending_off timer
11-25 19:03:49.489  1011  1189 D ASH     : @ 282281.668: tcs3701: start power rail timer, state:3
11-25 19:03:49.528  1011  1189 I ASH     : @ 282281.708: tcs3701: stop power rail pending_off timer
11-25 19:03:49.528  1011  1189 D ASH     : @ 282281.708: tcs3701: start power rail timer, state:3
11-25 19:03:49.565  9306  9346 I BatteryMgr:DataCollectionService: stats => 1700935429565,10681,4442,13427,4169000,100
11-25 19:03:49.569  1011  1189 I ASH     : @ 282281.748: tcs3701: stop power rail pending_off timer
11-25 19:03:49.569  1011  1189 D ASH     : @ 282281.748: tcs3701: start power rail timer, state:3
11-25 19:03:49.608  1011  1189 I ASH     : @ 282281.788: tcs3701: stop power rail pending_off timer
11-25 19:03:49.608  1011  1189 D ASH     : @ 282281.788: tcs3701: start power rail timer, state:3
11-25 19:03:49.648  1011  1189 I ASH     : @ 282281.828: tcs3701: stop power rail pending_off timer
11-25 19:03:49.648  1011  1189 D ASH     : @ 282281.828: tcs3701: start power rail timer, state:3
11-25 19:03:49.672  9306  9346 I BatteryMgr:DataCollectionService: stats => 1700935429672,10681,4442,13427,4169000,100
11-25 19:03:49.688  1011  1189 I ASH     : @ 282281.868: tcs3701: stop power rail pending_off timer
11-25 19:03:49.688  1011  1189 D ASH     : @ 282281.868: tcs3701: start power rail timer, state:3
11-25 19:03:49.729  1011  1189 I ASH     : @ 282281.908: tcs3701: stop power rail pending_off timer
11-25 19:03:49.729  1011  1189 D ASH     : @ 282281.908: tcs3701: start power rail timer, state:3
11-25 19:03:49.769  1011  1189 I ASH     : @ 282281.948: tcs3701: stop power rail pending_off timer
11-25 19:03:49.769  1011  1189 D ASH     : @ 282281.948: tcs3701: start power rail timer, state:3
11-25 19:03:49.778  9306  9346 I BatteryMgr:DataCollectionService: stats => 1700935429778,10681,4442,13427,4169000,100
11-25 19:03:49.809  1011  1189 I ASH     : @ 282281.988: tcs3701: stop power rail pending_off timer
11-25 19:03:49.809  1011  1189 D ASH     : @ 282281.988: tcs3701: start power rail timer, state:3
11-25 19:03:49.848  1011  1189 I ASH     : @ 282282.028: tcs3701: stop power rail pending_off timer
11-25 19:03:49.848  1011  1189 D ASH     : @ 282282.028: tcs3701: start power rail timer, state:3
11-25 19:03:49.884  9306  9346 I BatteryMgr:DataCollectionService: stats => 1700935429883,10681,4442,13427,4169000,100
11-25 19:03:49.888  1011  1189 I ASH     : @ 282282.068: tcs3701: stop power rail pending_off timer
11-25 19:03:49.888  1011  1189 D ASH     : @ 282282.068: tcs3701: start power rail timer, state:3
11-25 19:03:49.928  1011  1189 I ASH     : @ 282282.108: tcs3701: stop power rail pending_off timer
11-25 19:03:49.928  1011  1189 D ASH     : @ 282282.108: tcs3701: start power rail timer, state:3
11-25 19:03:49.969  1011  1189 I ASH     : @ 282282.148: tcs3701: stop power rail pending_off timer
11-25 19:03:49.969  1011  1189 D ASH     : @ 282282.148: tcs3701: start power rail timer, state:3
11-25 19:03:49.989  9306  9346 I BatteryMgr:DataCollectionService: stats => 1700935429989,10681,4442,13427,4169000,100
11-25 19:03:50.008  1011  1189 I ASH     : @ 282282.188: tcs3701: stop power rail pending_off timer
11-25 19:03:50.008  1011  1189 D ASH     : @ 282282.188: tcs3701: start power rail timer, state:3
11-25 19:03:50.048  1011  1189 I ASH     : @ 282282.228: tcs3701: stop power rail pending_off timer
11-25 19:03:50.048  1011  1189 D ASH     : @ 282282.228: tcs3701: start power rail timer, state:3
11-25 19:03:50.089  1011  1189 I ASH     : @ 282282.268: tcs3701: stop power rail pending_off timer
11-25 19:03:50.089  1011  1189 D ASH     : @ 282282.268: tcs3701: start power rail timer, state:3
11-25 19:03:50.095  9306  9346 I BatteryMgr:DataCollectionService: stats => 1700935430095,10681,4442,13427,4169000,100
11-25 19:03:50.129  1011  1189 I ASH     : @ 282282.308: tcs3701: stop power rail pending_off timer
11-25 19:03:50.129  1011  1189 D ASH     : @ 282282.308: tcs3701: start power rail timer, state:3
11-25 19:03:50.153  1795  2424 D WifiClientModeImpl[13802:wlan0]: updateLinkLayerStatsRssiSpeedFrequencyCapabilities rssi=-44 TxLinkspeed=866 freq=5240 RxLinkSpeed=866
11-25 19:03:50.153  1795  2424 D WifiDataStall: tx tput in kbps: 758189
11-25 19:03:50.153  1795  2424 D WifiDataStall: rx tput in kbps: 815257
11-25 19:03:50.154  1795  2424 V WifiConfigManager: Updating scan detail cache freq=5240 BSSID=f4:6d:2f:12:cc:88 RSSI=-43 for "ourhome"WPA_PSK
11-25 19:03:50.154  1795  2424 D WifiChannelUtilization:  freq: 5240 onTime: 7971918 busyTime: 737165 onTimeDiff: 381223 busyTimeDiff: 23192 utilization: 15 utilization t0: 23
11-25 19:03:50.154  1795  2424 D WifiDataStall:  ccaLevel = 15
11-25 19:03:50.154  1795  2424 D WifiDataStall: L2 txTputKbps: 774494, rxTputKbps: 815257, L3 txTputKbps: 0, rxTputKbps: 1, TxTrafficHigh: false, RxTrafficHigh: false, Throughput Sufficient: true
11-25 19:03:50.154  1795  2424 D WifiScoreReport: Wifi scoring disabled - Don't check IP layer
11-25 19:03:50.154  2673 18847 V WifiManager: OnWifiUsabilityStatsListener: onWifiUsabilityStats: seqNum=72641
11-25 19:03:50.154  1795  2424 D WifiScoreCard: BSSID update SIGNAL_POLL ID: 1320464697 SSID: "ourhome", BSSID: f4:6d:2f:12:cc:88, MAC: b2:2f:ec:da:4a:0c, IP: /192.168.1.104, Security type: 2, Supplicant state: COMPLETED, Wi-Fi standard: 5, RSSI: -44, Link speed: 866Mbps, Tx Link speed: 866Mbps, Max Supported Tx Link speed: 866Mbps, Rx Link speed: 866Mbps, Max Supported Rx Link speed: 866Mbps, Frequency: 5240MHz, Net ID: 12, Metered hint: false, score: 60, isUsable: true, CarrierMerged: false, SubscriptionId: -1, IsPrimary: 1, Trusted: true, Restricted: false, Ephemeral: false, OEM paid: false, OEM private: false, OSU AP: false, FQDN: <none>, Provider friendly name: <none>, Requesting package name: <none>"ourhome"wpa2-pskMLO Information: , Is TID-To-Link negotiation supported by the AP: false, AP MLD Address: <none>, AP MLO Link Id: <none>, AP MLO Affiliated links: <none>
11-25 19:03:50.154  1795  2424 D WifiScoreCard: txRate: 5 txSpeed: 866
11-25 19:03:50.154  1795  2424 D WifiScoreCard: network update SIGNAL_POLL "ourhome" ID: 1499892569 RSSI -44 txSpeed 866
11-25 19:03:50.154  1795  2424 D WifiClientModeImpl[13802:wlan0]:  ClientModeImpl$L2ConnectedState screen=on 33 0 "ourhome" f4:6d:2f:12:cc:88 rssi=-44 f=5240 sc=60 link=866 tx=4.5, 0.2, 0.0 rx=3.1 bcn=2730335 [on:166 tx:1 rx:2 period:3011] from screen [on:395519 period:14343660] score=60
11-25 19:03:50.154  1795  2467 I WifiService: updateWifiUsabilityScore uid=10180 seqNum=72641 score=100 predictionHorizonSec=1441795
11-25 19:03:50.155  1795  2424 D WifiScoreReport: Wifi scoring disabled - Notify that Wifi is usable
11-25 19:03:50.157  1795  2432 D ConnectivityService: NetReassign [no changes] [c 0] [a 0] [i 2]
11-25 19:03:50.169  1011  1189 I ASH     : @ 282282.348: tcs3701: stop power rail pending_off timer
11-25 19:03:50.169  1011  1189 D ASH     : @ 282282.348: tcs3701: start power rail timer, state:3
11-25 19:03:50.201  9306  9346 I BatteryMgr:DataCollectionService: stats => 1700935430201,10681,4442,13427,4169000,100
11-25 19:03:50.209  1011  1189 I ASH     : @ 282282.388: tcs3701: stop power rail pending_off timer
11-25 19:03:50.209  1011  1189 D ASH     : @ 282282.388: tcs3701: start power rail timer, state:3
11-25 19:03:50.249  1011  1189 I ASH     : @ 282282.428: tcs3701: stop power rail pending_off timer
11-25 19:03:50.249  1011  1189 D ASH     : @ 282282.428: tcs3701: start power rail timer, state:3
11-25 19:03:50.289  1011  1189 I ASH     : @ 282282.468: tcs3701: stop power rail pending_off timer
11-25 19:03:50.289  1011  1189 D ASH     : @ 282282.468: tcs3701: start power rail timer, state:3
11-25 19:03:50.307  9306  9346 I BatteryMgr:DataCollectionService: stats => 1700935430307,10681,4442,13427,4169000,100
11-25 19:03:50.329  1011  1189 I ASH     : @ 282282.508: tcs3701: stop power rail pending_off timer
11-25 19:03:50.329  1011  1189 D ASH     : @ 282282.508: tcs3701: start power rail timer, state:3
11-25 19:03:50.368  1011  1189 I ASH     : @ 282282.548: tcs3701: stop power rail pending_off timer
11-25 19:03:50.369  1011  1189 D ASH     : @ 282282.548: tcs3701: start power rail timer, state:3
11-25 19:03:50.408  1011  1189 I ASH     : @ 282282.588: tcs3701: stop power rail pending_off timer
11-25 19:03:50.408  1011  1189 D ASH     : @ 282282.588: tcs3701: start power rail timer, state:3
11-25 19:03:50.413  9306  9346 I BatteryMgr:DataCollectionService: stats => 1700935430413,10681,4442,13427,4169000,100
11-25 19:03:50.449  1011  1189 I ASH     : @ 282282.628: tcs3701: stop power rail pending_off timer
11-25 19:03:50.449  1011  1189 D ASH     : @ 282282.628: tcs3701: start power rail timer, state:3
11-25 19:03:50.464  1795  4167 D ActivityManager: freezer override set to true
11-25 19:03:50.470  1795  4167 D ActivityManager: freezer override set to false
11-25 19:03:50.489  1011  1189 I ASH     : @ 282282.668: tcs3701: stop power rail pending_off timer
11-25 19:03:50.489  1011  1189 D ASH     : @ 282282.668: tcs3701: start power rail timer, state:3
11-25 19:03:50.518  9306  9346 I BatteryMgr:DataCollectionService: stats => 1700935430518,10681,4442,13427,4169000,100
11-25 19:03:50.529  1011  1189 I ASH     : @ 282282.708: tcs3701: stop power rail pending_off timer
11-25 19:03:50.529  1011  1189 D ASH     : @ 282282.708: tcs3701: start power rail timer, state:3
11-25 19:03:50.543  1795  4167 D ActivityManager: freezer override set to true
11-25 19:03:50.569  1011  1189 I ASH     : @ 282282.748: tcs3701: stop power rail pending_off timer
11-25 19:03:50.569  1011  1189 D ASH     : @ 282282.748: tcs3701: start power rail timer, state:3
11-25 19:03:50.608  1011  1189 I ASH     : @ 282282.788: tcs3701: stop power rail pending_off timer
11-25 19:03:50.608  1011  1189 D ASH     : @ 282282.788: tcs3701: start power rail timer, state:3
11-25 19:03:50.622  9306  9346 I BatteryMgr:DataCollectionService: stats => 1700935430622,10681,4442,13427,4169000,100
11-25 19:03:50.648  1011  1189 I ASH     : @ 282282.828: tcs3701: stop power rail pending_off timer
11-25 19:03:50.648  1011  1189 D ASH     : @ 282282.828: tcs3701: start power rail timer, state:3
11-25 19:03:50.689  1011  1189 I ASH     : @ 282282.868: tcs3701: stop power rail pending_off timer
11-25 19:03:50.689  1011  1189 D ASH     : @ 282282.868: tcs3701: start power rail timer, state:3
11-25 19:03:50.699 16801 16819 I m.chrome.canary: Explicit concurrent copying GC freed 4060(207KB) AllocSpace objects, 5(100KB) LOS objects, 75% free, 13MB/52MB, paused 25us,23us total 44.858ms
11-25 19:03:50.729  1011  1189 I ASH     : @ 282282.908: tcs3701: stop power rail pending_off timer
11-25 19:03:50.729  1011  1189 D ASH     : @ 282282.908: tcs3701: start power rail timer, state:3
11-25 19:03:50.730  9306  9346 I BatteryMgr:DataCollectionService: stats => 1700935430730,10681,4442,13427,4169000,100
11-25 19:03:50.755  1795  4167 D ActivityManager: freezer override set to false
11-25 19:03:50.769  1011  1189 I ASH     : @ 282282.948: tcs3701: stop power rail pending_off timer
11-25 19:03:50.769  1011  1189 D ASH     : @ 282282.948: tcs3701: start power rail timer, state:3
11-25 19:03:50.809  1011  1189 I ASH     : @ 282282.988: tcs3701: stop power rail pending_off timer
11-25 19:03:50.809  1011  1189 D ASH     : @ 282282.988: tcs3701: start power rail timer, state:3
11-25 19:03:50.816  1795  4167 D ActivityManager: freezer override set to true
11-25 19:03:50.819  1795  4167 D ActivityManager: freezer override set to false
11-25 19:03:50.835  9306  9346 I BatteryMgr:DataCollectionService: stats => 1700935430835,10681,4442,13427,4169000,100
11-25 19:03:50.850  1011  1189 I ASH     : @ 282283.028: tcs3701: stop power rail pending_off timer
11-25 19:03:50.850  1011  1189 D ASH     : @ 282283.028: tcs3701: start power rail timer, state:3
11-25 19:03:50.857  1795  4167 D ActivityManager: freezer override set to true
11-25 19:03:50.860  1795  4167 D ActivityManager: freezer override set to false
11-25 19:03:50.889  1011  1189 I ASH     : @ 282283.068: tcs3701: stop power rail pending_off timer
11-25 19:03:50.889  1011  1189 D ASH     : @ 282283.068: tcs3701: start power rail timer, state:3
11-25 19:03:50.928  1011  1189 I ASH     : @ 282283.108: tcs3701: stop power rail pending_off timer
11-25 19:03:50.928  1011  1189 D ASH     : @ 282283.108: tcs3701: start power rail timer, state:3
11-25 19:03:50.943  9306  9346 I BatteryMgr:DataCollectionService: stats => 1700935430943,10681,4442,13427,4169000,100
11-25 19:03:50.969  1011  1189 I ASH     : @ 282283.148: tcs3701: stop power rail pending_off timer
11-25 19:03:50.969  1011  1189 D ASH     : @ 282283.148: tcs3701: start power rail timer, state:3
11-25 19:03:51.008  1011  1189 I ASH     : @ 282283.188: tcs3701: stop power rail pending_off timer
11-25 19:03:51.009  1011  1189 D ASH     : @ 282283.188: tcs3701: start power rail timer, state:3
11-25 19:03:51.048  9306  9346 I BatteryMgr:DataCollectionService: stats => 1700935431047,10681,4442,13427,4169000,100
11-25 19:03:51.048  1011  1189 I ASH     : @ 282283.228: tcs3701: stop power rail pending_off timer
11-25 19:03:51.048  1011  1189 D ASH     : @ 282283.228: tcs3701: start power rail timer, state:3
11-25 19:03:51.089  1011  1189 I ASH     : @ 282283.268: tcs3701: stop power rail pending_off timer
11-25 19:03:51.089  1011  1189 D ASH     : @ 282283.268: tcs3701: start power rail timer, state:3
11-25 19:03:51.129  1011  1189 I ASH     : @ 282283.308: tcs3701: stop power rail pending_off timer
11-25 19:03:51.129  1011  1189 D ASH     : @ 282283.308: tcs3701: start power rail timer, state:3
11-25 19:03:51.154  9306  9346 I BatteryMgr:DataCollectionService: stats => 1700935431154,10681,4442,13427,4169000,100
11-25 19:03:51.169  1011  1189 I ASH     : @ 282283.348: tcs3701: stop power rail pending_off timer
11-25 19:03:51.169  1011  1189 D ASH     : @ 282283.348: tcs3701: start power rail timer, state:3
11-25 19:03:51.209  1011  1189 I ASH     : @ 282283.388: tcs3701: stop power rail pending_off timer
11-25 19:03:51.209  1011  1189 D ASH     : @ 282283.388: tcs3701: start power rail timer, state:3
11-25 19:03:51.248  1011  1189 I ASH     : @ 282283.428: tcs3701: stop power rail pending_off timer
11-25 19:03:51.248  1011  1189 D ASH     : @ 282283.428: tcs3701: start power rail timer, state:3
11-25 19:03:51.260  9306  9346 I BatteryMgr:DataCollectionService: stats => 1700935431260,10681,4442,13427,4169000,100
11-25 19:03:51.289  1011  1189 I ASH     : @ 282283.468: tcs3701: stop power rail pending_off timer
11-25 19:03:51.289  1011  1189 D ASH     : @ 282283.468: tcs3701: start power rail timer, state:3
11-25 19:03:51.328  1011  1189 I ASH     : @ 282283.508: tcs3701: stop power rail pending_off timer
11-25 19:03:51.328  1011  1189 D ASH     : @ 282283.508: tcs3701: start power rail timer, state:3
11-25 19:03:51.369  1011  1189 I ASH     : @ 282283.548: tcs3701: stop power rail pending_off timer
11-25 19:03:51.369  1011  1189 D ASH     : @ 282283.548: tcs3701: start power rail timer, state:3
11-25 19:03:51.374  9306  9346 I BatteryMgr:DataCollectionService: stats => 1700935431374,10681,4442,13427,4169000,100
11-25 19:03:51.410  1011  1189 I ASH     : @ 282283.588: tcs3701: stop power rail pending_off timer
11-25 19:03:51.410  1011  1189 D ASH     : @ 282283.588: tcs3701: start power rail timer, state:3
11-25 19:03:51.448  1011  1189 I ASH     : @ 282283.628: tcs3701: stop power rail pending_off timer
11-25 19:03:51.448  1011  1189 D ASH     : @ 282283.628: tcs3701: start power rail timer, state:3
11-25 19:03:51.467  1795  4166 D ActivityManager: freezer override set to true
11-25 19:03:51.472  1795  4166 D ActivityManager: freezer override set to false
11-25 19:03:51.482  9306  9346 I BatteryMgr:DataCollectionService: stats => 1700935431482,10681,4442,13427,4169000,100
11-25 19:03:51.488  1011  1189 I ASH     : @ 282283.668: tcs3701: stop power rail pending_off timer
11-25 19:03:51.488  1011  1189 D ASH     : @ 282283.668: tcs3701: start power rail timer, state:3
11-25 19:03:51.514 16801 16868 W chromium: [WARNING:ev_root_ca_metadata.cc(119)] Not implemented
11-25 19:03:51.514 16801 16868 W chromium: [WARNING:ev_root_ca_metadata.cc(119)] Not implemented
11-25 19:03:51.528  1011  1189 I ASH     : @ 282283.708: tcs3701: stop power rail pending_off timer
11-25 19:03:51.528  1011  1189 D ASH     : @ 282283.708: tcs3701: start power rail timer, state:3
11-25 19:03:51.569  1011  1189 I ASH     : @ 282283.748: tcs3701: stop power rail pending_off timer
11-25 19:03:51.569  1011  1189 D ASH     : @ 282283.748: tcs3701: start power rail timer, state:3
11-25 19:03:51.589  9306  9346 I BatteryMgr:DataCollectionService: stats => 1700935431588,10681,4442,13427,4169000,100
11-25 19:03:51.608  1011  1189 I ASH     : @ 282283.788: tcs3701: stop power rail pending_off timer
11-25 19:03:51.608  1011  1189 D ASH     : @ 282283.788: tcs3701: start power rail timer, state:3
11-25 19:03:51.648  1011  1189 I ASH     : @ 282283.828: tcs3701: stop power rail pending_off timer
11-25 19:03:51.648  1011  1189 D ASH     : @ 282283.828: tcs3701: start power rail timer, state:3
11-25 19:03:51.688  1011  1189 I ASH     : @ 282283.868: tcs3701: stop power rail pending_off timer
11-25 19:03:51.688  1011  1189 D ASH     : @ 282283.868: tcs3701: start power rail timer, state:3
11-25 19:03:51.695  9306  9346 I BatteryMgr:DataCollectionService: stats => 1700935431695,10681,4442,13427,4169000,100
11-25 19:03:51.728  1011  1189 I ASH     : @ 282283.908: tcs3701: stop power rail pending_off timer
11-25 19:03:51.728  1011  1189 D ASH     : @ 282283.908: tcs3701: start power rail timer, state:3
11-25 19:03:51.769  1011  1189 I ASH     : @ 282283.948: tcs3701: stop power rail pending_off timer
11-25 19:03:51.769  1011  1189 D ASH     : @ 282283.948: tcs3701: start power rail timer, state:3
11-25 19:03:51.802  9306  9346 I BatteryMgr:DataCollectionService: stats => 1700935431802,10681,4442,13427,4169000,100
11-25 19:03:51.808  1011  1189 I ASH     : @ 282283.988: tcs3701: stop power rail pending_off timer
11-25 19:03:51.808  1011  1189 D ASH     : @ 282283.988: tcs3701: start power rail timer, state:3
11-25 19:03:51.849  1011  1189 I ASH     : @ 282284.028: tcs3701: stop power rail pending_off timer
11-25 19:03:51.849  1011  1189 D ASH     : @ 282284.028: tcs3701: start power rail timer, state:3
11-25 19:03:51.888  1011  1189 I ASH     : @ 282284.068: tcs3701: stop power rail pending_off timer
11-25 19:03:51.888  1011  1189 D ASH     : @ 282284.068: tcs3701: start power rail timer, state:3
11-25 19:03:51.909  9306  9346 I BatteryMgr:DataCollectionService: stats => 1700935431909,10681,4442,13427,4169000,100
11-25 19:03:51.928  1011  1189 I ASH     : @ 282284.108: tcs3701: stop power rail pending_off timer
11-25 19:03:51.928  1011  1189 D ASH     : @ 282284.108: tcs3701: start power rail timer, state:3
11-25 19:03:51.969  1011  1189 I ASH     : @ 282284.148: tcs3701: stop power rail pending_off timer
11-25 19:03:51.969  1011  1189 D ASH     : @ 282284.148: tcs3701: start power rail timer, state:3
11-25 19:03:51.994  1795  4166 D ActivityManager: freezer override set to true
11-25 19:03:52.008  1011  1189 I ASH     : @ 282284.188: tcs3701: stop power rail pending_off timer
11-25 19:03:52.008  1011  1189 D ASH     : @ 282284.188: tcs3701: start power rail timer, state:3
11-25 19:03:52.014  9306  9346 I BatteryMgr:DataCollectionService: stats => 1700935432014,10681,4442,13427,4169000,100
11-25 19:03:52.049  1011  1189 I ASH     : @ 282284.228: tcs3701: stop power rail pending_off timer
11-25 19:03:52.049  1011  1189 D ASH     : @ 282284.228: tcs3701: start power rail timer, state:3
11-25 19:03:52.089  1011  1189 I ASH     : @ 282284.268: tcs3701: stop power rail pending_off timer
11-25 19:03:52.089  1011  1189 D ASH     : @ 282284.268: tcs3701: start power rail timer, state:3
11-25 19:03:52.121  9306  9346 I BatteryMgr:DataCollectionService: stats => 1700935432121,10681,4442,13427,4169000,100
11-25 19:03:52.128  1011  1189 I ASH     : @ 282284.308: tcs3701: stop power rail pending_off timer
11-25 19:03:52.128  1011  1189 D ASH     : @ 282284.308: tcs3701: start power rail timer, state:3
11-25 19:03:52.169  1011  1189 I ASH     : @ 282284.348: tcs3701: stop power rail pending_off timer
11-25 19:03:52.169  1011  1189 D ASH     : @ 282284.348: tcs3701: start power rail timer, state:3
11-25 19:03:52.180 16801 16819 I m.chrome.canary: Explicit concurrent copying GC freed 3849(192KB) AllocSpace objects, 4(80KB) LOS objects, 75% free, 13MB/52MB, paused 76us,23us total 62.925ms
11-25 19:03:52.208  1011  1189 I ASH     : @ 282284.388: tcs3701: stop power rail pending_off timer
11-25 19:03:52.208  1011  1189 D ASH     : @ 282284.388: tcs3701: start power rail timer, state:3
11-25 19:03:52.228  9306  9346 I BatteryMgr:DataCollectionService: stats => 1700935432228,10681,4442,13427,4169000,100
11-25 19:03:52.238  1795  4166 D ActivityManager: freezer override set to false
11-25 19:03:52.249  1011  1189 I ASH     : @ 282284.428: tcs3701: stop power rail pending_off timer
11-25 19:03:52.249  1011  1189 D ASH     : @ 282284.428: tcs3701: start power rail timer, state:3
11-25 19:03:52.274  1795  4166 D ActivityManager: freezer override set to true
11-25 19:03:52.277  1795  4166 D ActivityManager: freezer override set to false
11-25 19:03:52.288  1011  1189 I ASH     : @ 282284.468: tcs3701: stop power rail pending_off timer
