11-25 18:59:18.778  1795  2424 V WifiConfigManager: Updating scan detail cache freq=5240 BSSID=f4:6d:2f:12:cc:88 RSSI=-44 for "ourhome"WPA_PSK
11-25 18:59:18.778  1795  2424 D WifiChannelUtilization:  freq: 5240 onTime: 7951290 busyTime: 735787 onTimeDiff: 360595 busyTimeDiff: 21814 utilization: 15 utilization t0: 23
11-25 18:59:18.778  1795  2424 D WifiDataStall:  ccaLevel = 15
11-25 18:59:18.778  1795  2424 D WifiDataStall: L2 txTputKbps: 774494, rxTputKbps: 815257, L3 txTputKbps: 0, rxTputKbps: 0, TxTrafficHigh: false, RxTrafficHigh: false, Throughput Sufficient: true
11-25 18:59:18.778  1795  2424 D WifiScoreReport: Wifi scoring disabled - Don't check IP layer
11-25 18:59:18.778  2673  4313 V WifiManager: OnWifiUsabilityStatsListener: onWifiUsabilityStats: seqNum=72551
11-25 18:59:18.779  1795  2424 D WifiScoreCard: BSSID update SIGNAL_POLL ID: 1320464697 SSID: "ourhome", BSSID: f4:6d:2f:12:cc:88, MAC: b2:2f:ec:da:4a:0c, IP: /192.168.1.104, Security type: 2, Supplicant state: COMPLETED, Wi-Fi standard: 5, RSSI: -45, Link speed: 866Mbps, Tx Link speed: 866Mbps, Max Supported Tx Link speed: 866Mbps, Rx Link speed: 6Mbps, Max Supported Rx Link speed: 866Mbps, Frequency: 5240MHz, Net ID: 12, Metered hint: false, score: 60, isUsable: true, CarrierMerged: false, SubscriptionId: -1, IsPrimary: 1, Trusted: true, Restricted: false, Ephemeral: false, OEM paid: false, OEM private: false, OSU AP: false, FQDN: <none>, Provider friendly name: <none>, Requesting package name: <none>"ourhome"wpa2-pskMLO Information: , Is TID-To-Link negotiation supported by the AP: false, AP MLD Address: <none>, AP MLO Link Id: <none>, AP MLO Affiliated links: <none>
11-25 18:59:18.779  1795  2424 D WifiScoreCard: txRate: 1 txSpeed: 866
11-25 18:59:18.779  1795  2424 D WifiScoreCard: network update SIGNAL_POLL "ourhome" ID: 1499892569 RSSI -45 txSpeed -1
11-25 18:59:18.779  2513 14800 V WifiManager: TrafficStateCallbackProxy: onStateChanged state=0
11-25 18:59:18.779  1795  2424 D WifiClientModeImpl[13802:wlan0]:  ClientModeImpl$L2ConnectedState screen=on 33 0 "ourhome" f4:6d:2f:12:cc:88 rssi=-45 f=5240 sc=60 link=866 tx=0.4, 0.0, 0.0 rx=0.3 bcn=2727694 [on:0 tx:0 rx:0 period:3016] from screen [on:374891 period:14072285] score=60
11-25 18:59:18.779  1795  2855 I WifiService: updateWifiUsabilityScore uid=10180 seqNum=72551 score=100 predictionHorizonSec=1441795
11-25 18:59:18.780  1795  2424 D WifiScoreReport: Wifi scoring disabled - Notify that Wifi is usable
11-25 18:59:18.782  1795  2432 D ConnectivityService: NetReassign [no changes] [c 0] [a 0] [i 2]
11-25 18:59:18.805  1011  1189 I ASH     : @ 282010.984: tcs3701: stop power rail pending_off timer
11-25 18:59:18.805  1011  1189 D ASH     : @ 282010.984: tcs3701: start power rail timer, state:3
11-25 18:59:18.840  9306  9346 I BatteryMgr:DataCollectionService: stats => 1700935158839,5798,4442,13427,4169000,100
11-25 18:59:18.846  1011  1189 I ASH     : @ 282011.024: tcs3701: stop power rail pending_off timer
11-25 18:59:18.846  1011  1189 D ASH     : @ 282011.024: tcs3701: start power rail timer, state:3
11-25 18:59:18.885  1011  1189 I ASH     : @ 282011.064: tcs3701: stop power rail pending_off timer
11-25 18:59:18.885  1011  1189 D ASH     : @ 282011.064: tcs3701: start power rail timer, state:3
11-25 18:59:18.925  1011  1189 I ASH     : @ 282011.104: tcs3701: stop power rail pending_off timer
11-25 18:59:18.925  1011  1189 D ASH     : @ 282011.104: tcs3701: start power rail timer, state:3
11-25 18:59:18.947  9306  9346 I BatteryMgr:DataCollectionService: stats => 1700935158946,5798,4442,13427,4169000,100
11-25 18:59:18.966  1011  1189 I ASH     : @ 282011.144: tcs3701: stop power rail pending_off timer
11-25 18:59:18.966  1011  1189 D ASH     : @ 282011.144: tcs3701: start power rail timer, state:3
11-25 18:59:19.005  1011  1189 I ASH     : @ 282011.184: tcs3701: stop power rail pending_off timer
11-25 18:59:19.005  1011  1189 D ASH     : @ 282011.184: tcs3701: start power rail timer, state:3
11-25 18:59:19.046  1011  1189 I ASH     : @ 282011.224: tcs3701: stop power rail pending_off timer
11-25 18:59:19.046  1011  1189 D ASH     : @ 282011.224: tcs3701: start power rail timer, state:3
11-25 18:59:19.055  9306  9346 I BatteryMgr:DataCollectionService: stats => 1700935159055,5798,4442,13427,4169000,100
11-25 18:59:19.086  1011  1189 I ASH     : @ 282011.264: tcs3701: stop power rail pending_off timer
11-25 18:59:19.086  1011  1189 D ASH     : @ 282011.264: tcs3701: start power rail timer, state:3
11-25 18:59:19.125  1011  1189 I ASH     : @ 282011.304: tcs3701: stop power rail pending_off timer
11-25 18:59:19.125  1011  1189 D ASH     : @ 282011.304: tcs3701: start power rail timer, state:3
11-25 18:59:19.163  9306  9346 I BatteryMgr:DataCollectionService: stats => 1700935159163,5798,4442,13427,4169000,100
11-25 18:59:19.166  1011  1189 I ASH     : @ 282011.344: tcs3701: stop power rail pending_off timer
11-25 18:59:19.166  1011  1189 D ASH     : @ 282011.344: tcs3701: start power rail timer, state:3
11-25 18:59:19.205  1011  1189 I ASH     : @ 282011.384: tcs3701: stop power rail pending_off timer
11-25 18:59:19.205  1011  1189 D ASH     : @ 282011.384: tcs3701: start power rail timer, state:3
11-25 18:59:19.246  1011  1189 I ASH     : @ 282011.424: tcs3701: stop power rail pending_off timer
11-25 18:59:19.246  1011  1189 D ASH     : @ 282011.424: tcs3701: start power rail timer, state:3
11-25 18:59:19.270  9306  9346 I BatteryMgr:DataCollectionService: stats => 1700935159270,5798,4442,13427,4169000,100
11-25 18:59:19.286  1011  1189 I ASH     : @ 282011.464: tcs3701: stop power rail pending_off timer
11-25 18:59:19.286  1011  1189 D ASH     : @ 282011.464: tcs3701: start power rail timer, state:3
11-25 18:59:19.326  1011  1189 I ASH     : @ 282011.504: tcs3701: stop power rail pending_off timer
11-25 18:59:19.326  1011  1189 D ASH     : @ 282011.504: tcs3701: start power rail timer, state:3
11-25 18:59:19.365  1011  1189 I ASH     : @ 282011.544: tcs3701: stop power rail pending_off timer
11-25 18:59:19.365  1011  1189 D ASH     : @ 282011.544: tcs3701: start power rail timer, state:3
11-25 18:59:19.381  9306  9346 I BatteryMgr:DataCollectionService: stats => 1700935159381,5798,4442,13427,4169000,100
11-25 18:59:19.405  1011  1189 I ASH     : @ 282011.584: tcs3701: stop power rail pending_off timer
11-25 18:59:19.406  1011  1189 D ASH     : @ 282011.584: tcs3701: start power rail timer, state:3
11-25 18:59:19.445  1011  1189 I ASH     : @ 282011.624: tcs3701: stop power rail pending_off timer
11-25 18:59:19.445  1011  1189 D ASH     : @ 282011.624: tcs3701: start power rail timer, state:3
11-25 18:59:19.485  1011  1189 I ASH     : @ 282011.664: tcs3701: stop power rail pending_off timer
11-25 18:59:19.485  1011  1189 D ASH     : @ 282011.664: tcs3701: start power rail timer, state:3
11-25 18:59:19.492  9306  9346 I BatteryMgr:DataCollectionService: stats => 1700935159491,5798,4442,13427,4169000,100
11-25 18:59:19.525  1011  1189 I ASH     : @ 282011.704: tcs3701: stop power rail pending_off timer
11-25 18:59:19.525  1011  1189 D ASH     : @ 282011.704: tcs3701: start power rail timer, state:3
11-25 18:59:19.565  1011  1189 I ASH     : @ 282011.744: tcs3701: stop power rail pending_off timer
11-25 18:59:19.566  1011  1189 D ASH     : @ 282011.744: tcs3701: start power rail timer, state:3
11-25 18:59:19.594  1795  2855 D ActivityManager: freezer override set to true
11-25 18:59:19.600  1795  2855 D ActivityManager: freezer override set to false
11-25 18:59:19.604  9306  9346 I BatteryMgr:DataCollectionService: stats => 1700935159604,5798,4442,13427,4169000,100
11-25 18:59:19.605  1011  1189 I ASH     : @ 282011.784: tcs3701: stop power rail pending_off timer
11-25 18:59:19.605  1011  1189 D ASH     : @ 282011.784: tcs3701: start power rail timer, state:3
11-25 18:59:19.605  1795  4167 D ActivityManager: freezer override set to true
11-25 18:59:19.645  1011  1189 I ASH     : @ 282011.824: tcs3701: stop power rail pending_off timer
11-25 18:59:19.645  1011  1189 D ASH     : @ 282011.824: tcs3701: start power rail timer, state:3
11-25 18:59:19.685  1011  1189 I ASH     : @ 282011.864: tcs3701: stop power rail pending_off timer
11-25 18:59:19.685  1011  1189 D ASH     : @ 282011.864: tcs3701: start power rail timer, state:3
11-25 18:59:19.711  9306  9346 I BatteryMgr:DataCollectionService: stats => 1700935159711,5798,4442,13427,4169000,100
11-25 18:59:19.725  1011  1189 I ASH     : @ 282011.904: tcs3701: stop power rail pending_off timer
11-25 18:59:19.725  1011  1189 D ASH     : @ 282011.904: tcs3701: start power rail timer, state:3
11-25 18:59:19.735  9047  9173 I m.chrome.canary: Explicit concurrent copying GC freed 4051(207KB) AllocSpace objects, 5(100KB) LOS objects, 75% free, 13MB/53MB, paused 26us,21us total 45.510ms
11-25 18:59:19.766  1011  1189 I ASH     : @ 282011.944: tcs3701: stop power rail pending_off timer
11-25 18:59:19.766  1011  1189 D ASH     : @ 282011.944: tcs3701: start power rail timer, state:3
11-25 18:59:19.789  1795  4167 D ActivityManager: freezer override set to false
11-25 18:59:19.805  1011  1189 I ASH     : @ 282011.984: tcs3701: stop power rail pending_off timer
11-25 18:59:19.805  1011  1189 D ASH     : @ 282011.984: tcs3701: start power rail timer, state:3
11-25 18:59:19.822  9306  9346 I BatteryMgr:DataCollectionService: stats => 1700935159822,5798,4442,13427,4169000,100
11-25 18:59:19.845  1011  1189 I ASH     : @ 282012.024: tcs3701: stop power rail pending_off timer
11-25 18:59:19.845  1011  1189 D ASH     : @ 282012.025: tcs3701: start power rail timer, state:3
11-25 18:59:19.847  1795  4167 D ActivityManager: freezer override set to true
11-25 18:59:19.850  1795  4167 D ActivityManager: freezer override set to false
11-25 18:59:19.885  1011  1189 I ASH     : @ 282012.064: tcs3701: stop power rail pending_off timer
11-25 18:59:19.885  1011  1189 D ASH     : @ 282012.064: tcs3701: start power rail timer, state:3
11-25 18:59:19.926  1011  1189 I ASH     : @ 282012.104: tcs3701: stop power rail pending_off timer
11-25 18:59:19.926  1011  1189 D ASH     : @ 282012.105: tcs3701: start power rail timer, state:3
11-25 18:59:19.931  1795  4167 D ActivityManager: freezer override set to true
11-25 18:59:19.931  9306  9346 I BatteryMgr:DataCollectionService: stats => 1700935159931,5798,4442,13427,4169000,100
11-25 18:59:19.933  1795  4167 D ActivityManager: freezer override set to false
11-25 18:59:19.965  1011  1189 I ASH     : @ 282012.144: tcs3701: stop power rail pending_off timer
11-25 18:59:19.965  1011  1189 D ASH     : @ 282012.144: tcs3701: start power rail timer, state:3
11-25 18:59:20.005  1011  1189 I ASH     : @ 282012.184: tcs3701: stop power rail pending_off timer
11-25 18:59:20.005  1011  1189 D ASH     : @ 282012.185: tcs3701: start power rail timer, state:3
11-25 18:59:20.041  9306  9346 I BatteryMgr:DataCollectionService: stats => 1700935160041,5798,4442,13427,4169000,100
11-25 18:59:20.046  1011  1189 I ASH     : @ 282012.224: tcs3701: stop power rail pending_off timer
11-25 18:59:20.046  1011  1189 D ASH     : @ 282012.224: tcs3701: start power rail timer, state:3
11-25 18:59:20.086  1011  1189 I ASH     : @ 282012.265: tcs3701: stop power rail pending_off timer
11-25 18:59:20.086  1011  1189 D ASH     : @ 282012.265: tcs3701: start power rail timer, state:3
11-25 18:59:20.126  1011  1189 I ASH     : @ 282012.304: tcs3701: stop power rail pending_off timer
11-25 18:59:20.126  1011  1189 D ASH     : @ 282012.304: tcs3701: start power rail timer, state:3
11-25 18:59:20.149  9306  9346 I BatteryMgr:DataCollectionService: stats => 1700935160149,5798,4442,13427,4169000,100
11-25 18:59:20.165  1011  1189 I ASH     : @ 282012.344: tcs3701: stop power rail pending_off timer
11-25 18:59:20.166  1011  1189 D ASH     : @ 282012.344: tcs3701: start power rail timer, state:3
11-25 18:59:20.205  1011  1189 I ASH     : @ 282012.384: tcs3701: stop power rail pending_off timer
11-25 18:59:20.205  1011  1189 D ASH     : @ 282012.384: tcs3701: start power rail timer, state:3
11-25 18:59:20.245  1011  1189 I ASH     : @ 282012.424: tcs3701: stop power rail pending_off timer
11-25 18:59:20.246  1011  1189 D ASH     : @ 282012.424: tcs3701: start power rail timer, state:3
11-25 18:59:20.258  9306  9346 I BatteryMgr:DataCollectionService: stats => 1700935160258,5798,4442,13427,4169000,100
11-25 18:59:20.285  1011  1189 I ASH     : @ 282012.464: tcs3701: stop power rail pending_off timer
11-25 18:59:20.285  1011  1189 D ASH     : @ 282012.464: tcs3701: start power rail timer, state:3
11-25 18:59:20.325  1011  1189 I ASH     : @ 282012.504: tcs3701: stop power rail pending_off timer
11-25 18:59:20.325  1011  1189 D ASH     : @ 282012.504: tcs3701: start power rail timer, state:3
11-25 18:59:20.365  1011  1189 I ASH     : @ 282012.544: tcs3701: stop power rail pending_off timer
11-25 18:59:20.365  1011  1189 D ASH     : @ 282012.544: tcs3701: start power rail timer, state:3
11-25 18:59:20.367  9306  9346 I BatteryMgr:DataCollectionService: stats => 1700935160367,5798,4442,13427,4169000,100
11-25 18:59:20.405  1011  1189 I ASH     : @ 282012.584: tcs3701: stop power rail pending_off timer
11-25 18:59:20.406  1011  1189 D ASH     : @ 282012.584: tcs3701: start power rail timer, state:3
11-25 18:59:20.445  1011  1189 I ASH     : @ 282012.624: tcs3701: stop power rail pending_off timer
11-25 18:59:20.446  1011  1189 D ASH     : @ 282012.624: tcs3701: start power rail timer, state:3
11-25 18:59:20.478  9306  9346 I BatteryMgr:DataCollectionService: stats => 1700935160478,5798,4442,13427,4169000,100
11-25 18:59:20.486  1011  1189 I ASH     : @ 282012.664: tcs3701: stop power rail pending_off timer
11-25 18:59:20.486  1011  1189 D ASH     : @ 282012.664: tcs3701: start power rail timer, state:3
11-25 18:59:20.525  1011  1189 I ASH     : @ 282012.704: tcs3701: stop power rail pending_off timer
11-25 18:59:20.525  1011  1189 D ASH     : @ 282012.704: tcs3701: start power rail timer, state:3
11-25 18:59:20.565  1011  1189 I ASH     : @ 282012.744: tcs3701: stop power rail pending_off timer
11-25 18:59:20.565  1011  1189 D ASH     : @ 282012.744: tcs3701: start power rail timer, state:3
11-25 18:59:20.573  1795  4167 D ActivityManager: freezer override set to true
11-25 18:59:20.578  1795  4167 D ActivityManager: freezer override set to false
11-25 18:59:20.589  9306  9346 I BatteryMgr:DataCollectionService: stats => 1700935160589,5798,4442,13427,4169000,100
11-25 18:59:20.605  1011  1189 I ASH     : @ 282012.784: tcs3701: stop power rail pending_off timer
11-25 18:59:20.605  1011  1189 D ASH     : @ 282012.784: tcs3701: start power rail timer, state:3
11-25 18:59:20.646  1011  1189 I ASH     : @ 282012.824: tcs3701: stop power rail pending_off timer
11-25 18:59:20.646  1011  1189 D ASH     : @ 282012.824: tcs3701: start power rail timer, state:3
11-25 18:59:20.685  1011  1189 I ASH     : @ 282012.864: tcs3701: stop power rail pending_off timer
11-25 18:59:20.685  1011  1189 D ASH     : @ 282012.864: tcs3701: start power rail timer, state:3
11-25 18:59:20.698  9306  9346 I BatteryMgr:DataCollectionService: stats => 1700935160698,5798,4442,13427,4169000,100
11-25 18:59:20.725  1011  1189 I ASH     : @ 282012.904: tcs3701: stop power rail pending_off timer
11-25 18:59:20.725  1011  1189 D ASH     : @ 282012.904: tcs3701: start power rail timer, state:3
11-25 18:59:20.766  1011  1189 I ASH     : @ 282012.944: tcs3701: stop power rail pending_off timer
11-25 18:59:20.766  1011  1189 D ASH     : @ 282012.944: tcs3701: start power rail timer, state:3
11-25 18:59:20.805  9306  9346 I BatteryMgr:DataCollectionService: stats => 1700935160805,5798,4442,13427,4169000,100
11-25 18:59:20.805  1011  1189 I ASH     : @ 282012.984: tcs3701: stop power rail pending_off timer
11-25 18:59:20.805  1011  1189 D ASH     : @ 282012.984: tcs3701: start power rail timer, state:3
11-25 18:59:20.846  1011  1189 I ASH     : @ 282013.024: tcs3701: stop power rail pending_off timer
11-25 18:59:20.846  1011  1189 D ASH     : @ 282013.024: tcs3701: start power rail timer, state:3
11-25 18:59:20.885  1011  1189 I ASH     : @ 282013.064: tcs3701: stop power rail pending_off timer
11-25 18:59:20.885  1011  1189 D ASH     : @ 282013.064: tcs3701: start power rail timer, state:3
11-25 18:59:20.915  9306  9346 I BatteryMgr:DataCollectionService: stats => 1700935160914,5798,4442,13427,4169000,100
11-25 18:59:20.925  1011  1189 I ASH     : @ 282013.104: tcs3701: stop power rail pending_off timer
11-25 18:59:20.925  1011  1189 D ASH     : @ 282013.104: tcs3701: start power rail timer, state:3
11-25 18:59:20.966  1011  1189 I ASH     : @ 282013.144: tcs3701: stop power rail pending_off timer
11-25 18:59:20.966  1011  1189 D ASH     : @ 282013.144: tcs3701: start power rail timer, state:3
11-25 18:59:21.005  1011  1189 I ASH     : @ 282013.184: tcs3701: stop power rail pending_off timer
11-25 18:59:21.005  1011  1189 D ASH     : @ 282013.184: tcs3701: start power rail timer, state:3
11-25 18:59:21.023  9306  9346 I BatteryMgr:DataCollectionService: stats => 1700935161023,5798,4442,13427,4169000,100
11-25 18:59:21.045  1011  1189 I ASH     : @ 282013.224: tcs3701: stop power rail pending_off timer
11-25 18:59:21.046  1011  1189 D ASH     : @ 282013.224: tcs3701: start power rail timer, state:3
11-25 18:59:21.085  1011  1189 I ASH     : @ 282013.264: tcs3701: stop power rail pending_off timer
11-25 18:59:21.085  1011  1189 D ASH     : @ 282013.264: tcs3701: start power rail timer, state:3
11-25 18:59:21.087  1795  4167 D ActivityManager: freezer override set to true
11-25 18:59:21.125  1011  1189 I ASH     : @ 282013.304: tcs3701: stop power rail pending_off timer
11-25 18:59:21.125  1011  1189 D ASH     : @ 282013.304: tcs3701: start power rail timer, state:3
11-25 18:59:21.131  9306  9346 I BatteryMgr:DataCollectionService: stats => 1700935161131,5798,4442,13427,4169000,100
11-25 18:59:21.165  1011  1189 I ASH     : @ 282013.344: tcs3701: stop power rail pending_off timer
11-25 18:59:21.165  1011  1189 D ASH     : @ 282013.344: tcs3701: start power rail timer, state:3
11-25 18:59:21.205  1011  1189 I ASH     : @ 282013.384: tcs3701: stop power rail pending_off timer
11-25 18:59:21.205  1011  1189 D ASH     : @ 282013.384: tcs3701: start power rail timer, state:3
11-25 18:59:21.231  9047  9173 I m.chrome.canary: Explicit concurrent copying GC freed 3842(192KB) AllocSpace objects, 4(80KB) LOS objects, 75% free, 13MB/53MB, paused 28us,28us total 50.421ms
11-25 18:59:21.239  9306  9346 I BatteryMgr:DataCollectionService: stats => 1700935161239,5798,4442,13427,4169000,100
11-25 18:59:21.245  1011  1189 I ASH     : @ 282013.424: tcs3701: stop power rail pending_off timer
11-25 18:59:21.245  1011  1189 D ASH     : @ 282013.424: tcs3701: start power rail timer, state:3
11-25 18:59:21.285  1011  1189 I ASH     : @ 282013.464: tcs3701: stop power rail pending_off timer
11-25 18:59:21.285  1011  1189 D ASH     : @ 282013.464: tcs3701: start power rail timer, state:3
11-25 18:59:21.290  1795  4167 D ActivityManager: freezer override set to false
11-25 18:59:21.325  1011  1189 I ASH     : @ 282013.504: tcs3701: stop power rail pending_off timer
11-25 18:59:21.325  1011  1189 D ASH     : @ 282013.504: tcs3701: start power rail timer, state:3
11-25 18:59:21.337  1795  4167 D ActivityManager: freezer override set to true
11-25 18:59:21.340  1795  4167 D ActivityManager: freezer override set to false
11-25 18:59:21.346  9306  9346 I BatteryMgr:DataCollectionService: stats => 1700935161346,5798,4442,13427,4169000,100
11-25 18:59:21.365  1011  1189 I ASH     : @ 282013.544: tcs3701: stop power rail pending_off timer
11-25 18:59:21.365  1011  1189 D ASH     : @ 282013.544: tcs3701: start power rail timer, state:3
11-25 18:59:21.381  1795  4167 D ActivityManager: freezer override set to true
11-25 18:59:21.385  1795  4167 D ActivityManager: freezer override set to false
11-25 18:59:21.405  1011  1189 I ASH     : @ 282013.584: tcs3701: stop power rail pending_off timer
11-25 18:59:21.405  1011  1189 D ASH     : @ 282013.584: tcs3701: start power rail timer, state:3
11-25 18:59:21.446  1011  1189 I ASH     : @ 282013.624: tcs3701: stop power rail pending_off timer
11-25 18:59:21.446  1011  1189 D ASH     : @ 282013.624: tcs3701: start power rail timer, state:3
11-25 18:59:21.454  9306  9346 I BatteryMgr:DataCollectionService: stats => 1700935161454,5798,4442,13427,4169000,100
11-25 18:59:21.485  1011  1189 I ASH     : @ 282013.664: tcs3701: stop power rail pending_off timer
11-25 18:59:21.485  1011  1189 D ASH     : @ 282013.664: tcs3701: start power rail timer, state:3
11-25 18:59:21.525  1011  1189 I ASH     : @ 282013.704: tcs3701: stop power rail pending_off timer
11-25 18:59:21.525  1011  1189 D ASH     : @ 282013.704: tcs3701: start power rail timer, state:3
11-25 18:59:21.565  1011  1189 I ASH     : @ 282013.744: tcs3701: stop power rail pending_off timer
11-25 18:59:21.565  1011  1189 D ASH     : @ 282013.744: tcs3701: start power rail timer, state:3
11-25 18:59:21.567  9306  9346 I BatteryMgr:DataCollectionService: stats => 1700935161567,5798,4442,13427,4169000,100
11-25 18:59:21.572  1795  4167 D ActivityManager: freezer override set to true
11-25 18:59:21.578  1795  4167 D ActivityManager: freezer override set to false
11-25 18:59:21.605  1011  1189 I ASH     : @ 282013.784: tcs3701: stop power rail pending_off timer
11-25 18:59:21.605  1011  1189 D ASH     : @ 282013.784: tcs3701: start power rail timer, state:3
11-25 18:59:21.645  1011  1189 I ASH     : @ 282013.824: tcs3701: stop power rail pending_off timer
11-25 18:59:21.646  1011  1189 D ASH     : @ 282013.824: tcs3701: start power rail timer, state:3
11-25 18:59:21.676  9306  9346 I BatteryMgr:DataCollectionService: stats => 1700935161676,5798,4442,13427,4169000,100
11-25 18:59:21.685  1011  1189 I ASH     : @ 282013.864: tcs3701: stop power rail pending_off timer
11-25 18:59:21.685  1011  1189 D ASH     : @ 282013.864: tcs3701: start power rail timer, state:3
11-25 18:59:21.726  1011  1189 I ASH     : @ 282013.904: tcs3701: stop power rail pending_off timer
11-25 18:59:21.726  1011  1189 D ASH     : @ 282013.904: tcs3701: start power rail timer, state:3
11-25 18:59:21.765  1011  1189 I ASH     : @ 282013.944: tcs3701: stop power rail pending_off timer
11-25 18:59:21.765  1011  1189 D ASH     : @ 282013.944: tcs3701: start power rail timer, state:3
11-25 18:59:21.783  9306  9346 I BatteryMgr:DataCollectionService: stats => 1700935161783,5798,4442,13427,4169000,100
11-25 18:59:21.792  1795  2424 D WifiClientModeImpl[13802:wlan0]: updateLinkLayerStatsRssiSpeedFrequencyCapabilities rssi=-47 TxLinkspeed=866 freq=5240 RxLinkSpeed=6
11-25 18:59:21.793  1795  2424 D WifiDataStall: tx tput in kbps: 774494
11-25 18:59:21.793  1795  2424 D WifiDataStall: rx tput in kbps: 815257
11-25 18:59:21.793  1795  2424 V WifiConfigManager: Updating scan detail cache freq=5240 BSSID=f4:6d:2f:12:cc:88 RSSI=-45 for "ourhome"WPA_PSK
11-25 18:59:21.793  2782  5906 D QCNEJ/WlanStaInfoRelay: Received action: android.net.wifi.RSSI_CHANGED
11-25 18:59:21.794  1795  2424 D WifiChannelUtilization:  freq: 5240 onTime: 7951290 busyTime: 735787 onTimeDiff: 360595 busyTimeDiff: 21814 utilization: 15 utilization t0: 23
11-25 18:59:21.794  1795  2424 D WifiDataStall:  ccaLevel = 15
11-25 18:59:21.794  1795  2424 D WifiDataStall: L2 txTputKbps: 774494, rxTputKbps: 815257, L3 txTputKbps: 0, rxTputKbps: 0, TxTrafficHigh: false, RxTrafficHigh: false, Throughput Sufficient: true
11-25 18:59:21.794  2673  4313 V WifiManager: OnWifiUsabilityStatsListener: onWifiUsabilityStats: seqNum=72552
11-25 18:59:21.794  1795  2424 D WifiScoreReport: Wifi scoring disabled - Don't check IP layer
11-25 18:59:21.794  1795  2424 D WifiScoreCard: BSSID update SIGNAL_POLL ID: 1320464697 SSID: "ourhome", BSSID: f4:6d:2f:12:cc:88, MAC: b2:2f:ec:da:4a:0c, IP: /192.168.1.104, Security type: 2, Supplicant state: COMPLETED, Wi-Fi standard: 5, RSSI: -47, Link speed: 866Mbps, Tx Link speed: 866Mbps, Max Supported Tx Link speed: 866Mbps, Rx Link speed: 6Mbps, Max Supported Rx Link speed: 866Mbps, Frequency: 5240MHz, Net ID: 12, Metered hint: false, score: 60, isUsable: true, CarrierMerged: false, SubscriptionId: -1, IsPrimary: 1, Trusted: true, Restricted: false, Ephemeral: false, OEM paid: false, OEM private: false, OSU AP: false, FQDN: <none>, Provider friendly name: <none>, Requesting package name: <none>"ourhome"wpa2-pskMLO Information: , Is TID-To-Link negotiation supported by the AP: false, AP MLD Address: <none>, AP MLO Link Id: <none>, AP MLO Affiliated links: <none>
11-25 18:59:21.794  1795  2424 D WifiScoreCard: txRate: 1 txSpeed: 866
11-25 18:59:21.794  1795  2424 D WifiScoreCard: network update SIGNAL_POLL "ourhome" ID: 1499892569 RSSI -47 txSpeed -1
11-25 18:59:21.794  1795  4167 I WifiService: updateWifiUsabilityScore uid=10180 seqNum=72552 score=100 predictionHorizonSec=1441795
11-25 18:59:21.795  1795  2424 D WifiClientModeImpl[13802:wlan0]:  ClientModeImpl$L2ConnectedState screen=on 33 0 "ourhome" f4:6d:2f:12:cc:88 rssi=-47 f=5240 sc=60 link=866 tx=0.1, 0.0, 0.0 rx=0.1 bcn=2727723 [on:0 tx:0 rx:0 period:3016] from screen [on:374891 period:14075301] score=60
11-25 18:59:21.796  1795  2424 D WifiScoreReport: Wifi scoring disabled - Notify that Wifi is usable
11-25 18:59:21.798  1795  2432 D ConnectivityService: NetReassign [no changes] [c 0] [a 0] [i 2]
11-25 18:59:21.805  1011  1189 I ASH     : @ 282013.984: tcs3701: stop power rail pending_off timer
11-25 18:59:21.805  1011  1189 D ASH     : @ 282013.984: tcs3701: start power rail timer, state:3
11-25 18:59:21.845  1011  1189 I ASH     : @ 282014.024: tcs3701: stop power rail pending_off timer
11-25 18:59:21.845  1011  1189 D ASH     : @ 282014.024: tcs3701: start power rail timer, state:3
11-25 18:59:21.885  1011  1189 I ASH     : @ 282014.064: tcs3701: stop power rail pending_off timer
11-25 18:59:21.885  1011  1189 D ASH     : @ 282014.064: tcs3701: start power rail timer, state:3
11-25 18:59:21.896  9306  9346 I BatteryMgr:DataCollectionService: stats => 1700935161896,5798,4442,13427,4169000,100
11-25 18:59:21.925  1011  1189 I ASH     : @ 282014.104: tcs3701: stop power rail pending_off timer
11-25 18:59:21.925  1011  1189 D ASH     : @ 282014.104: tcs3701: start power rail timer, state:3
11-25 18:59:21.965  1011  1189 I ASH     : @ 282014.144: tcs3701: stop power rail pending_off timer
11-25 18:59:21.965  1011  1189 D ASH     : @ 282014.144: tcs3701: start power rail timer, state:3
11-25 18:59:22.005  1011  1189 I ASH     : @ 282014.184: tcs3701: stop power rail pending_off timer
11-25 18:59:22.005  1011  1189 D ASH     : @ 282014.184: tcs3701: start power rail timer, state:3
11-25 18:59:22.006  9306  9346 I BatteryMgr:DataCollectionService: stats => 1700935162006,5798,4442,13427,4169000,100
11-25 18:59:22.045  1011  1189 I ASH     : @ 282014.224: tcs3701: stop power rail pending_off timer
11-25 18:59:22.045  1011  1189 D ASH     : @ 282014.225: tcs3701: start power rail timer, state:3
11-25 18:59:22.086  1011  1189 I ASH     : @ 282014.264: tcs3701: stop power rail pending_off timer
11-25 18:59:22.086  1011  1189 D ASH     : @ 282014.264: tcs3701: start power rail timer, state:3
11-25 18:59:22.114  9306  9346 I BatteryMgr:DataCollectionService: stats => 1700935162113,5798,4442,13427,4169000,100
11-25 18:59:22.126  1011  1189 I ASH     : @ 282014.305: tcs3701: stop power rail pending_off timer
11-25 18:59:22.126  1011  1189 D ASH     : @ 282014.305: tcs3701: start power rail timer, state:3
11-25 18:59:22.166  1011  1189 I ASH     : @ 282014.344: tcs3701: stop power rail pending_off timer
11-25 18:59:22.166  1011  1189 D ASH     : @ 282014.344: tcs3701: start power rail timer, state:3
11-25 18:59:22.205  1011  1189 I ASH     : @ 282014.384: tcs3701: stop power rail pending_off timer
11-25 18:59:22.205  1011  1189 D ASH     : @ 282014.385: tcs3701: start power rail timer, state:3
11-25 18:59:22.222  9306  9346 I BatteryMgr:DataCollectionService: stats => 1700935162222,5798,4442,13427,4169000,100
11-25 18:59:22.245  1011  1189 I ASH     : @ 282014.424: tcs3701: stop power rail pending_off timer
11-25 18:59:22.245  1011  1189 D ASH     : @ 282014.424: tcs3701: start power rail timer, state:3
11-25 18:59:22.286  1011  1189 I ASH     : @ 282014.464: tcs3701: stop power rail pending_off timer
11-25 18:59:22.286  1011  1189 D ASH     : @ 282014.464: tcs3701: start power rail timer, state:3
11-25 18:59:22.325  1011  1189 I ASH     : @ 282014.504: tcs3701: stop power rail pending_off timer
11-25 18:59:22.326  1011  1189 D ASH     : @ 282014.504: tcs3701: start power rail timer, state:3
11-25 18:59:22.333  9306  9346 I BatteryMgr:DataCollectionService: stats => 1700935162333,5798,4442,13427,4169000,100
11-25 18:59:22.365  1011  1189 I ASH     : @ 282014.544: tcs3701: stop power rail pending_off timer
11-25 18:59:22.366  1011  1189 D ASH     : @ 282014.544: tcs3701: start power rail timer, state:3
11-25 18:59:22.405  1011  1189 I ASH     : @ 282014.584: tcs3701: stop power rail pending_off timer
11-25 18:59:22.405  1011  1189 D ASH     : @ 282014.584: tcs3701: start power rail timer, state:3
11-25 18:59:22.440  9306  9346 I BatteryMgr:DataCollectionService: stats => 1700935162440,5798,4442,13427,4169000,100
11-25 18:59:22.445  1011  1189 I ASH     : @ 282014.624: tcs3701: stop power rail pending_off timer
11-25 18:59:22.445  1011  1189 D ASH     : @ 282014.624: tcs3701: start power rail timer, state:3
11-25 18:59:22.486  1011  1189 I ASH     : @ 282014.664: tcs3701: stop power rail pending_off timer
11-25 18:59:22.486  1011  1189 D ASH     : @ 282014.664: tcs3701: start power rail timer, state:3
11-25 18:59:22.526  1011  1189 I ASH     : @ 282014.704: tcs3701: stop power rail pending_off timer
11-25 18:59:22.526  1011  1189 D ASH     : @ 282014.704: tcs3701: start power rail timer, state:3
11-25 18:59:22.542  1795  4167 D ActivityManager: freezer override set to true
11-25 18:59:22.547  9306  9346 I BatteryMgr:DataCollectionService: stats => 1700935162547,5798,4442,13427,4169000,100
11-25 18:59:22.565  1011  1189 I ASH     : @ 282014.744: tcs3701: stop power rail pending_off timer
11-25 18:59:22.565  1011  1189 D ASH     : @ 282014.744: tcs3701: start power rail timer, state:3
11-25 18:59:22.605  1011  1189 I ASH     : @ 282014.784: tcs3701: stop power rail pending_off timer
11-25 18:59:22.605  1011  1189 D ASH     : @ 282014.784: tcs3701: start power rail timer, state:3
11-25 18:59:22.645  1011  1189 I ASH     : @ 282014.824: tcs3701: stop power rail pending_off timer
11-25 18:59:22.645  1011  1189 D ASH     : @ 282014.824: tcs3701: start power rail timer, state:3
11-25 18:59:22.655  9306  9346 I BatteryMgr:DataCollectionService: stats => 1700935162655,5798,4442,13427,4169000,100
11-25 18:59:22.685  1011  1189 I ASH     : @ 282014.864: tcs3701: stop power rail pending_off timer
11-25 18:59:22.685  1011  1189 D ASH     : @ 282014.864: tcs3701: start power rail timer, state:3
11-25 18:59:22.685  9047  9173 I m.chrome.canary: Explicit concurrent copying GC freed 4128(257KB) AllocSpace objects, 5(100KB) LOS objects, 75% free, 13MB/53MB, paused 78us,21us total 47.996ms
11-25 18:59:22.725  1011  1189 I ASH     : @ 282014.904: tcs3701: stop power rail pending_off timer
11-25 18:59:22.725  1011  1189 D ASH     : @ 282014.904: tcs3701: start power rail timer, state:3
11-25 18:59:22.739  1795  4167 D ActivityManager: freezer override set to false
11-25 18:59:22.762  9306  9346 I BatteryMgr:DataCollectionService: stats => 1700935162762,5798,4442,13427,4169000,100
11-25 18:59:22.765  1011  1189 I ASH     : @ 282014.944: tcs3701: stop power rail pending_off timer
11-25 18:59:22.765  1011  1189 D ASH     : @ 282014.944: tcs3701: start power rail timer, state:3
11-25 18:59:22.783  1795  4167 D ActivityManager: freezer override set to true
11-25 18:59:22.787  1795  4167 D ActivityManager: freezer override set to false
11-25 18:59:22.805  1011  1189 I ASH     : @ 282014.984: tcs3701: stop power rail pending_off timer
11-25 18:59:22.805  1011  1189 D ASH     : @ 282014.984: tcs3701: start power rail timer, state:3
11-25 18:59:22.834  1795  4167 D ActivityManager: freezer override set to true
11-25 18:59:22.837  1795  4167 D ActivityManager: freezer override set to false
11-25 18:59:22.846  1011  1189 I ASH     : @ 282015.024: tcs3701: stop power rail pending_off timer
11-25 18:59:22.846  1011  1189 D ASH     : @ 282015.024: tcs3701: start power rail timer, state:3
11-25 18:59:22.868  9306  9346 I BatteryMgr:DataCollectionService: stats => 1700935162868,5798,4442,13427,4169000,100
11-25 18:59:22.885  1011  1189 I ASH     : @ 282015.064: tcs3701: stop power rail pending_off timer
11-25 18:59:22.885  1011  1189 D ASH     : @ 282015.064: tcs3701: start power rail timer, state:3
11-25 18:59:22.926  1011  1189 I ASH     : @ 282015.104: tcs3701: stop power rail pending_off timer
11-25 18:59:22.926  1011  1189 D ASH     : @ 282015.104: tcs3701: start power rail timer, state:3
11-25 18:59:22.966  1011  1189 I ASH     : @ 282015.144: tcs3701: stop power rail pending_off timer
11-25 18:59:22.966  1011  1189 D ASH     : @ 282015.144: tcs3701: start power rail timer, state:3
11-25 18:59:22.978  9306  9346 I BatteryMgr:DataCollectionService: stats => 1700935162977,5798,4442,13427,4169000,100
11-25 18:59:23.005  1011  1189 I ASH     : @ 282015.184: tcs3701: stop power rail pending_off timer
11-25 18:59:23.005  1011  1189 D ASH     : @ 282015.184: tcs3701: start power rail timer, state:3
11-25 18:59:23.045  1011  1189 I ASH     : @ 282015.224: tcs3701: stop power rail pending_off timer
11-25 18:59:23.045  1011  1189 D ASH     : @ 282015.224: tcs3701: start power rail timer, state:3
11-25 18:59:23.085  1011  1189 I ASH     : @ 282015.264: tcs3701: stop power rail pending_off timer
11-25 18:59:23.085  1011  1189 D ASH     : @ 282015.264: tcs3701: start power rail timer, state:3
11-25 18:59:23.088  9306  9346 I BatteryMgr:DataCollectionService: stats => 1700935163088,5798,4442,13427,4169000,100
11-25 18:59:23.126  1011  1189 I ASH     : @ 282015.304: tcs3701: stop power rail pending_off timer
11-25 18:59:23.126  1011  1189 D ASH     : @ 282015.304: tcs3701: start power rail timer, state:3
11-25 18:59:23.165  1011  1189 I ASH     : @ 282015.344: tcs3701: stop power rail pending_off timer
11-25 18:59:23.165  1011  1189 D ASH     : @ 282015.344: tcs3701: start power rail timer, state:3
11-25 18:59:23.198  9306  9346 I BatteryMgr:DataCollectionService: stats => 1700935163198,5798,4442,13427,4169000,100
11-25 18:59:23.205  1011  1189 I ASH     : @ 282015.384: tcs3701: stop power rail pending_off timer
11-25 18:59:23.206  1011  1189 D ASH     : @ 282015.384: tcs3701: start power rail timer, state:3
11-25 18:59:23.245  1011  1189 I ASH     : @ 282015.424: tcs3701: stop power rail pending_off timer
11-25 18:59:23.245  1011  1189 D ASH     : @ 282015.424: tcs3701: start power rail timer, state:3
11-25 18:59:23.286  1011  1189 I ASH     : @ 282015.464: tcs3701: stop power rail pending_off timer
11-25 18:59:23.286  1011  1189 D ASH     : @ 282015.464: tcs3701: start power rail timer, state:3
11-25 18:59:23.306  9306  9346 I BatteryMgr:DataCollectionService: stats => 1700935163305,5798,4442,13427,4169000,100
11-25 18:59:23.326  1011  1189 I ASH     : @ 282015.504: tcs3701: stop power rail pending_off timer
11-25 18:59:23.326  1011  1189 D ASH     : @ 282015.504: tcs3701: start power rail timer, state:3
11-25 18:59:23.365  1011  1189 I ASH     : @ 282015.544: tcs3701: stop power rail pending_off timer
11-25 18:59:23.366  1011  1189 D ASH     : @ 282015.544: tcs3701: start power rail timer, state:3
11-25 18:59:23.405  1011  1189 I ASH     : @ 282015.584: tcs3701: stop power rail pending_off timer
11-25 18:59:23.405  1011  1189 D ASH     : @ 282015.584: tcs3701: start power rail timer, state:3
11-25 18:59:23.415  9306  9346 I BatteryMgr:DataCollectionService: stats => 1700935163415,5798,4442,13427,4169000,100
11-25 18:59:23.445  1011  1189 I ASH     : @ 282015.624: tcs3701: stop power rail pending_off timer
11-25 18:59:23.446  1011  1189 D ASH     : @ 282015.624: tcs3701: start power rail timer, state:3
11-25 18:59:23.485  1011  1189 I ASH     : @ 282015.664: tcs3701: stop power rail pending_off timer
11-25 18:59:23.485  1011  1189 D ASH     : @ 282015.664: tcs3701: start power rail timer, state:3
11-25 18:59:23.524  9306  9346 I BatteryMgr:DataCollectionService: stats => 1700935163524,5798,4442,13427,4169000,100
11-25 18:59:23.525  1011  1189 I ASH     : @ 282015.704: tcs3701: stop power rail pending_off timer
11-25 18:59:23.525  1011  1189 D ASH     : @ 282015.704: tcs3701: start power rail timer, state:3
11-25 18:59:23.565  1011  1189 I ASH     : @ 282015.744: tcs3701: stop power rail pending_off timer
11-25 18:59:23.565  1011  1189 D ASH     : @ 282015.744: tcs3701: start power rail timer, state:3
11-25 18:59:23.579  1795  4167 D ActivityManager: freezer override set to true
11-25 18:59:23.583  1795  4167 D ActivityManager: freezer override set to false
11-25 18:59:23.605  1011  1189 I ASH     : @ 282015.784: tcs3701: stop power rail pending_off timer
11-25 18:59:23.605  1011  1189 D ASH     : @ 282015.784: tcs3701: start power rail timer, state:3
11-25 18:59:23.632  9306  9346 I BatteryMgr:DataCollectionService: stats => 1700935163632,5798,4442,13427,4169000,100
11-25 18:59:23.645  1011  1189 I ASH     : @ 282015.824: tcs3701: stop power rail pending_off timer
11-25 18:59:23.645  1011  1189 D ASH     : @ 282015.824: tcs3701: start power rail timer, state:3
11-25 18:59:23.685  1011  1189 I ASH     : @ 282015.864: tcs3701: stop power rail pending_off timer
11-25 18:59:23.685  1011  1189 D ASH     : @ 282015.864: tcs3701: start power rail timer, state:3
11-25 18:59:23.726  1011  1189 I ASH     : @ 282015.904: tcs3701: stop power rail pending_off timer
11-25 18:59:23.726  1011  1189 D ASH     : @ 282015.904: tcs3701: start power rail timer, state:3
11-25 18:59:23.739  9306  9346 I BatteryMgr:DataCollectionService: stats => 1700935163739,5798,4442,13427,4169000,100
11-25 18:59:23.765  1011  1189 I ASH     : @ 282015.944: tcs3701: stop power rail pending_off timer
11-25 18:59:23.765  1011  1189 D ASH     : @ 282015.944: tcs3701: start power rail timer, state:3
11-25 18:59:23.805  1011  1189 I ASH     : @ 282015.984: tcs3701: stop power rail pending_off timer
11-25 18:59:23.805  1011  1189 D ASH     : @ 282015.984: tcs3701: start power rail timer, state:3
11-25 18:59:23.845  1011  1189 I ASH     : @ 282016.024: tcs3701: stop power rail pending_off timer
11-25 18:59:23.845  1011  1189 D ASH     : @ 282016.024: tcs3701: start power rail timer, state:3
11-25 18:59:23.848  9306  9346 I BatteryMgr:DataCollectionService: stats => 1700935163848,5798,4442,13427,4169000,100
11-25 18:59:23.885  1011  1189 I ASH     : @ 282016.064: tcs3701: stop power rail pending_off timer
11-25 18:59:23.885  1011  1189 D ASH     : @ 282016.064: tcs3701: start power rail timer, state:3
11-25 18:59:23.925  1011  1189 I ASH     : @ 282016.104: tcs3701: stop power rail pending_off timer
11-25 18:59:23.926  1011  1189 D ASH     : @ 282016.104: tcs3701: start power rail timer, state:3
11-25 18:59:23.956  9306  9346 I BatteryMgr:DataCollectionService: stats => 1700935163956,5798,4442,13427,4169000,100
11-25 18:59:23.965  1011  1189 I ASH     : @ 282016.144: tcs3701: stop power rail pending_off timer
11-25 18:59:23.965  1011  1189 D ASH     : @ 282016.144: tcs3701: start power rail timer, state:3
11-25 18:59:24.005  1011  1189 I ASH     : @ 282016.184: tcs3701: stop power rail pending_off timer
11-25 18:59:24.006  1011  1189 D ASH     : @ 282016.184: tcs3701: start power rail timer, state:3
11-25 18:59:24.012  1795  4167 D ActivityManager: freezer override set to true
11-25 18:59:24.045  1011  1189 I ASH     : @ 282016.224: tcs3701: stop power rail pending_off timer
11-25 18:59:24.045  1011  1189 D ASH     : @ 282016.224: tcs3701: start power rail timer, state:3
11-25 18:59:24.064  9306  9346 I BatteryMgr:DataCollectionService: stats => 1700935164064,5798,4442,13427,4169000,100
11-25 18:59:24.085  1011  1189 I ASH     : @ 282016.264: tcs3701: stop power rail pending_off timer
11-25 18:59:24.086  1011  1189 D ASH     : @ 282016.264: tcs3701: start power rail timer, state:3
11-25 18:59:24.126  1011  1189 I ASH     : @ 282016.304: tcs3701: stop power rail pending_off timer
11-25 18:59:24.126  1011  1189 D ASH     : @ 282016.304: tcs3701: start power rail timer, state:3
11-25 18:59:24.140  9047  9173 I m.chrome.canary: Explicit concurrent copying GC freed 3842(192KB) AllocSpace objects, 4(80KB) LOS objects, 75% free, 13MB/53MB, paused 27us,22us total 48.722ms
11-25 18:59:24.165  1011  1189 I ASH     : @ 282016.344: tcs3701: stop power rail pending_off timer
11-25 18:59:24.165  1011  1189 D ASH     : @ 282016.344: tcs3701: start power rail timer, state:3
11-25 18:59:24.173  9306  9346 I BatteryMgr:DataCollectionService: stats => 1700935164173,5798,4442,13427,4169000,100
11-25 18:59:24.201  1795  4167 D ActivityManager: freezer override set to false
11-25 18:59:24.205  1011  1189 I ASH     : @ 282016.384: tcs3701: stop power rail pending_off timer
11-25 18:59:24.205  1011  1189 D ASH     : @ 282016.384: tcs3701: start power rail timer, state:3
11-25 18:59:24.243  1795  4167 D ActivityManager: freezer override set to true
11-25 18:59:24.246  1011  1189 I ASH     : @ 282016.424: tcs3701: stop power rail pending_off timer
11-25 18:59:24.246  1011  1189 D ASH     : @ 282016.425: tcs3701: start power rail timer, state:3
11-25 18:59:24.246  1795  4167 D ActivityManager: freezer override set to false
11-25 18:59:24.283  9306  9346 I BatteryMgr:DataCollectionService: stats => 1700935164283,5798,4442,13427,4169000,100
11-25 18:59:24.285  1011  1189 I ASH     : @ 282016.464: tcs3701: stop power rail pending_off timer
11-25 18:59:24.285  1011  1189 D ASH     : @ 282016.464: tcs3701: start power rail timer, state:3
11-25 18:59:24.299  1795  4167 D ActivityManager: freezer override set to true
11-25 18:59:24.302  1795  4167 D ActivityManager: freezer override set to false
11-25 18:59:24.326  1011  1189 I ASH     : @ 282016.504: tcs3701: stop power rail pending_off timer
11-25 18:59:24.326  1011  1189 D ASH     : @ 282016.504: tcs3701: start power rail timer, state:3
11-25 18:59:24.365  1011  1189 I ASH     : @ 282016.544: tcs3701: stop power rail pending_off timer
11-25 18:59:24.365  1011  1189 D ASH     : @ 282016.544: tcs3701: start power rail timer, state:3
11-25 18:59:24.394  9306  9346 I BatteryMgr:DataCollectionService: stats => 1700935164393,5798,4442,13427,4169000,100
11-25 18:59:24.406  1011  1189 I ASH     : @ 282016.585: tcs3701: stop power rail pending_off timer
11-25 18:59:24.406  1011  1189 D ASH     : @ 282016.585: tcs3701: start power rail timer, state:3
11-25 18:59:24.445  1011  1189 I ASH     : @ 282016.624: tcs3701: stop power rail pending_off timer
11-25 18:59:24.445  1011  1189 D ASH     : @ 282016.624: tcs3701: start power rail timer, state:3
11-25 18:59:24.486  1011  1189 I ASH     : @ 282016.664: tcs3701: stop power rail pending_off timer
11-25 18:59:24.486  1011  1189 D ASH     : @ 282016.664: tcs3701: start power rail timer, state:3
11-25 18:59:24.504  9306  9346 I BatteryMgr:DataCollectionService: stats => 1700935164504,5798,4442,13427,4169000,100
11-25 18:59:24.525  1011  1189 I ASH     : @ 282016.704: tcs3701: stop power rail pending_off timer
11-25 18:59:24.525  1011  1189 D ASH     : @ 282016.704: tcs3701: start power rail timer, state:3
11-25 18:59:24.565  1011  1189 I ASH     : @ 282016.744: tcs3701: stop power rail pending_off timer
11-25 18:59:24.565  1011  1189 D ASH     : @ 282016.744: tcs3701: start power rail timer, state:3
11-25 18:59:24.566  1795  4167 D ActivityManager: freezer override set to true
11-25 18:59:24.570  1795  4167 D ActivityManager: freezer override set to false
11-25 18:59:24.605  1011  1189 I ASH     : @ 282016.784: tcs3701: stop power rail pending_off timer
11-25 18:59:24.605  1011  1189 D ASH     : @ 282016.784: tcs3701: start power rail timer, state:3
11-25 18:59:24.614  9306  9346 I BatteryMgr:DataCollectionService: stats => 1700935164614,5798,4442,13427,4169000,100
11-25 18:59:24.645  1011  1189 I ASH     : @ 282016.824: tcs3701: stop power rail pending_off timer
11-25 18:59:24.645  1011  1189 D ASH     : @ 282016.824: tcs3701: start power rail timer, state:3
11-25 18:59:24.685  1011  1189 I ASH     : @ 282016.864: tcs3701: stop power rail pending_off timer
11-25 18:59:24.685  1011  1189 D ASH     : @ 282016.864: tcs3701: start power rail timer, state:3
11-25 18:59:24.726  1011  1189 I ASH     : @ 282016.904: tcs3701: stop power rail pending_off timer
11-25 18:59:24.726  1011  1189 D ASH     : @ 282016.904: tcs3701: start power rail timer, state:3
11-25 18:59:24.759  1795  4167 D CompatibilityChangeReporter: Compat change id reported: 197654537; UID 10010; state: ENABLED
11-25 18:59:24.765  1011  1189 I ASH     : @ 282016.944: tcs3701: stop power rail pending_off timer
11-25 18:59:24.765  1011  1189 D ASH     : @ 282016.944: tcs3701: start power rail timer, state:3
11-25 18:59:24.803  1795  2424 D WifiClientModeImpl[13802:wlan0]: updateLinkLayerStatsRssiSpeedFrequencyCapabilities rssi=-46 TxLinkspeed=866 freq=5240 RxLinkSpeed=6
11-25 18:59:24.804  1795  2424 D WifiDataStall: tx tput in kbps: 774494
11-25 18:59:24.805  1795  2424 D WifiDataStall: rx tput in kbps: 815257
11-25 18:59:24.805  1795  2424 V WifiConfigManager: Updating scan detail cache freq=5240 BSSID=f4:6d:2f:12:cc:88 RSSI=-45 for "ourhome"WPA_PSK
11-25 18:59:24.805  2782  5906 D QCNEJ/WlanStaInfoRelay: Received action: android.net.wifi.RSSI_CHANGED
11-25 18:59:24.806  1795  2424 D WifiChannelUtilization:  freq: 5240 onTime: 7951290 busyTime: 735787 onTimeDiff: 360595 busyTimeDiff: 21814 utilization: 15 utilization t0: 23
11-25 18:59:24.806  1795  2424 D WifiDataStall:  ccaLevel = 15
11-25 18:59:24.806  1795  2424 D WifiDataStall: L2 txTputKbps: 774494, rxTputKbps: 815257, L3 txTputKbps: 0, rxTputKbps: 0, TxTrafficHigh: false, RxTrafficHigh: false, Throughput Sufficient: true
11-25 18:59:24.806  1795  2424 D WifiScoreReport: Wifi scoring disabled - Don't check IP layer
11-25 18:59:24.806  1011  1189 I ASH     : @ 282016.984: tcs3701: stop power rail pending_off timer
11-25 18:59:24.806  1011  1189 D ASH     : @ 282016.984: tcs3701: start power rail timer, state:3
11-25 18:59:24.806  1795  2424 D WifiScoreCard: BSSID update SIGNAL_POLL ID: 1320464697 SSID: "ourhome", BSSID: f4:6d:2f:12:cc:88, MAC: b2:2f:ec:da:4a:0c, IP: /192.168.1.104, Security type: 2, Supplicant state: COMPLETED, Wi-Fi standard: 5, RSSI: -46, Link speed: 866Mbps, Tx Link speed: 866Mbps, Max Supported Tx Link speed: 866Mbps, Rx Link speed: 6Mbps, Max Supported Rx Link speed: 866Mbps, Frequency: 5240MHz, Net ID: 12, Metered hint: false, score: 60, isUsable: true, CarrierMerged: false, SubscriptionId: -1, IsPrimary: 1, Trusted: true, Restricted: false, Ephemeral: false, OEM paid: false, OEM private: false, OSU AP: false, FQDN: <none>, Provider friendly name: <none>, Requesting package name: <none>"ourhome"wpa2-pskMLO Information: , Is TID-To-Link negotiation supported by the AP: false, AP MLD Address: <none>, AP MLO Link Id: <none>, AP MLO Affiliated links: <none>
11-25 18:59:24.806  1795  2424 D WifiScoreCard: txRate: 1 txSpeed: 866
11-25 18:59:24.806  2673  4313 V WifiManager: OnWifiUsabilityStatsListener: onWifiUsabilityStats: seqNum=72553
11-25 18:59:24.806  1795  2424 D WifiScoreCard: network update SIGNAL_POLL "ourhome" ID: 1499892569 RSSI -46 txSpeed -1
11-25 18:59:24.807  1795  2424 D WifiClientModeImpl[13802:wlan0]:  ClientModeImpl$L2ConnectedState screen=on 33 0 "ourhome" f4:6d:2f:12:cc:88 rssi=-46 f=5240 sc=60 link=866 tx=0.0, 0.0, 0.0 rx=0.0 bcn=2727753 [on:0 tx:0 rx:0 period:3012] from screen [on:374891 period:14078313] score=60
11-25 18:59:24.807  1795  4167 I WifiService: updateWifiUsabilityScore uid=10180 seqNum=72553 score=100 predictionHorizonSec=1441795
11-25 18:59:24.809  1795  2424 D WifiScoreReport: Wifi scoring disabled - Notify that Wifi is usable
11-25 18:59:24.812  1795  2432 D ConnectivityService: NetReassign [no changes] [c 0] [a 1] [i 2]
11-25 18:59:24.846  1011  1189 I ASH     : @ 282017.024: tcs3701: stop power rail pending_off timer
11-25 18:59:24.846  1011  1189 D ASH     : @ 282017.024: tcs3701: start power rail timer, state:3
11-25 18:59:24.885  1011  1189 I ASH     : @ 282017.064: tcs3701: stop power rail pending_off timer
11-25 18:59:24.885  1011  1189 D ASH     : @ 282017.064: tcs3701: start power rail timer, state:3
11-25 18:59:24.894  1795  4167 I ActivityManager: Force stopping com.chrome.canary appid=10010 user=0: from pid 10231
11-25 18:59:24.894  1795  4167 I ActivityManager: Killing 9132:com.chrome.canary:privileged_process0/u0a10 (adj 0): stop com.chrome.canary due to from pid 10231
11-25 18:59:24.896  9047  9091 W cr_ChildProcessConn: onServiceDisconnected (crash or killed by oom): pid=9132 bindings:W  S
11-25 18:59:24.896  1795  4167 I ActivityManager: Killing 9047:com.chrome.canary/u0a10 (adj 0): stop com.chrome.canary due to from pid 10231
11-25 18:59:24.898  1011  1189 D VSC     : @ 282017.077: [Game Rotation Vector Sensor] Stop accel
11-25 18:59:24.898  1011  1189 D VSC     : @ 282017.077: [Game Rotation Vector Sensor] Stop gyro
11-25 18:59:24.898 26741 26741 D BoundBrokerSvc: onUnbind: Intent { act=com.google.android.gms.languageprofile.service.START pkg=com.google.android.gms }
11-25 18:59:24.899  9130  9130 I cr_ChildProcessService: Destroying ChildProcessService pid=9130
11-25 18:59:24.899 26837 26837 D BoundBrokerSvc: onUnbind: Intent { act=com.google.android.gms.icing.LIGHTWEIGHT_INDEX_SERVICE pkg=com.google.android.gms }
11-25 18:59:24.899 26741 26741 D BoundBrokerSvc: onUnbind: Intent { act=com.google.android.gms.safetynet.service.START pkg=com.google.android.gms }
