11-25 19:05:11.968  1011  1189 D ASH     : @ 282364.148: tcs3701: start power rail timer, state:3
11-25 19:05:11.983  9306  9347 I BatteryMgr:DataCollectionService: stats => 1700935511983,10070,4442,13427,4169000,100
11-25 19:05:12.009  1011  1189 I ASH     : @ 282364.188: tcs3701: stop power rail pending_off timer
11-25 19:05:12.009  1011  1189 D ASH     : @ 282364.188: tcs3701: start power rail timer, state:3
11-25 19:05:12.049  1011  1189 I ASH     : @ 282364.228: tcs3701: stop power rail pending_off timer
11-25 19:05:12.049  1011  1189 D ASH     : @ 282364.228: tcs3701: start power rail timer, state:3
11-25 19:05:12.075  1795  4166 D ActivityManager: freezer override set to true
11-25 19:05:12.082  1795  4166 D ActivityManager: freezer override set to false
11-25 19:05:12.088  1011  1189 I ASH     : @ 282364.268: tcs3701: stop power rail pending_off timer
11-25 19:05:12.089  1011  1189 D ASH     : @ 282364.268: tcs3701: start power rail timer, state:3
11-25 19:05:12.095  9306  9347 I BatteryMgr:DataCollectionService: stats => 1700935512095,10070,4442,13427,4169000,100
11-25 19:05:12.128  1011  1189 I ASH     : @ 282364.308: tcs3701: stop power rail pending_off timer
11-25 19:05:12.128  1011  1189 D ASH     : @ 282364.308: tcs3701: start power rail timer, state:3
11-25 19:05:12.168  1011  1189 I ASH     : @ 282364.348: tcs3701: stop power rail pending_off timer
11-25 19:05:12.168  1011  1189 D ASH     : @ 282364.348: tcs3701: start power rail timer, state:3
11-25 19:05:12.194  3875  5490 I cr_CronetUrlRequestContext: destroyNativeStreamLocked org.chromium.net.impl.CronetBidirectionalStream@b8dba31
11-25 19:05:12.209  1011  1189 I ASH     : @ 282364.388: tcs3701: stop power rail pending_off timer
11-25 19:05:12.209  9306  9347 I BatteryMgr:DataCollectionService: stats => 1700935512208,10070,4442,13427,4169000,100
11-25 19:05:12.209  1011  1189 D ASH     : @ 282364.388: tcs3701: start power rail timer, state:3
11-25 19:05:12.220  1795  4166 W JobScheduler: Job didn't exist in JobStore: c62a4e3 #u0a202/1034 com.google.android.apps.photos/com.google.android.libraries.social.mediamonitor.MediaMonitorJobSchedulerService
11-25 19:05:12.249  1011  1189 I ASH     : @ 282364.428: tcs3701: stop power rail pending_off timer
11-25 19:05:12.249  1011  1189 D ASH     : @ 282364.428: tcs3701: start power rail timer, state:3
11-25 19:05:12.289  1011  1189 I ASH     : @ 282364.468: tcs3701: stop power rail pending_off timer
11-25 19:05:12.289  1011  1189 D ASH     : @ 282364.468: tcs3701: start power rail timer, state:3
11-25 19:05:12.303  1795  4166 W UriGrantsManagerService: No permission grants found for com.google.android.apps.photos
11-25 19:05:12.303  1795  4166 W UriGrantsManagerService: No permission grants found for com.google.android.apps.photos
11-25 19:05:12.311  3875  4149 W A       : (REDACTED) TikTokListenableWorker was cancelled while running client worker: %s
11-25 19:05:12.317  9306  9347 I BatteryMgr:DataCollectionService: stats => 1700935512317,10070,4442,13427,4169000,100
11-25 19:05:12.328  1011  1189 I ASH     : @ 282364.508: tcs3701: stop power rail pending_off timer
11-25 19:05:12.328  1011  1189 D ASH     : @ 282364.508: tcs3701: start power rail timer, state:3
11-25 19:05:12.369  1011  1189 I ASH     : @ 282364.548: tcs3701: stop power rail pending_off timer
11-25 19:05:12.369  1011  1189 D ASH     : @ 282364.548: tcs3701: start power rail timer, state:3
11-25 19:05:12.408  1011  1189 I ASH     : @ 282364.588: tcs3701: stop power rail pending_off timer
11-25 19:05:12.408  1011  1189 D ASH     : @ 282364.588: tcs3701: start power rail timer, state:3
11-25 19:05:12.436  9306  9347 I BatteryMgr:DataCollectionService: stats => 1700935512436,10070,4442,13427,4169000,100
11-25 19:05:12.449  1011  1189 I ASH     : @ 282364.628: tcs3701: stop power rail pending_off timer
11-25 19:05:12.449  1011  1189 D ASH     : @ 282364.628: tcs3701: start power rail timer, state:3
11-25 19:05:12.465  1795  3658 W UriGrantsManagerService: No permission grants found for com.google.android.apps.photos
11-25 19:05:12.487  1795  3658 W UriGrantsManagerService: No permission grants found for com.google.android.apps.photos
11-25 19:05:12.489  1011  1189 I ASH     : @ 282364.668: tcs3701: stop power rail pending_off timer
11-25 19:05:12.489  1011  1189 D ASH     : @ 282364.668: tcs3701: start power rail timer, state:3
11-25 19:05:12.529  1011  1189 I ASH     : @ 282364.708: tcs3701: stop power rail pending_off timer
11-25 19:05:12.529  1011  1189 D ASH     : @ 282364.708: tcs3701: start power rail timer, state:3
11-25 19:05:12.539  1795  4166 W UriGrantsManagerService: No permission grants found for com.google.android.apps.photos
11-25 19:05:12.542  3875  4149 I WM-WorkerWrapper: Work [ id=649d9b7d-c7da-4aba-8aa5-fdd5c09b79b9, tags={ com.google.apps.tiktok.contrib.work.TikTokListenableWorker,TikTokWorker#com.google.android.apps.search.googleapp.notifications.accountsettings.LocationReportWorker } ] was cancelled
11-25 19:05:12.542  3875  4149 I WM-WorkerWrapper: java.util.concurrent.CancellationException: Task was cancelled.
11-25 19:05:12.542  3875  4149 I WM-WorkerWrapper: 	at miu.i(PG:2)
11-25 19:05:12.542  3875  4149 I WM-WorkerWrapper: 	at miu.get(PG:3)
11-25 19:05:12.542  3875  4149 I WM-WorkerWrapper: 	at mbm.f(PG:1)
11-25 19:05:12.542  3875  4149 I WM-WorkerWrapper: 	at mbd.run(PG:1)
11-25 19:05:12.542  3875  4149 I WM-WorkerWrapper: 	at mhr.run(PG:1)
11-25 19:05:12.542  3875  4149 I WM-WorkerWrapper: 	at fkcx.run(PG:1)
11-25 19:05:12.542  3875  4149 I WM-WorkerWrapper: 	at java.util.concurrent.ThreadPoolExecutor.runWorker(ThreadPoolExecutor.java:1145)
11-25 19:05:12.542  3875  4149 I WM-WorkerWrapper: 	at java.util.concurrent.ThreadPoolExecutor$Worker.run(ThreadPoolExecutor.java:644)
11-25 19:05:12.542  3875  4149 I WM-WorkerWrapper: 	at fkcb.run(PG:2)
11-25 19:05:12.542  3875  4149 I WM-WorkerWrapper: 	at java.lang.Thread.run(Thread.java:1012)
11-25 19:05:12.542  3875  4149 I WM-WorkerWrapper: 	at fkde.run(PG:5)
11-25 19:05:12.560  9306  9347 I BatteryMgr:DataCollectionService: stats => 1700935512560,10070,4442,13427,4169000,100
11-25 19:05:12.567  1795  3658 W UriGrantsManagerService: No permission grants found for com.google.android.apps.photos
11-25 19:05:12.568  1011  1189 I ASH     : @ 282364.748: tcs3701: stop power rail pending_off timer
11-25 19:05:12.568  1011  1189 D ASH     : @ 282364.748: tcs3701: start power rail timer, state:3
11-25 19:05:12.609  1011  1189 I ASH     : @ 282364.788: tcs3701: stop power rail pending_off timer
11-25 19:05:12.609  1011  1189 D ASH     : @ 282364.788: tcs3701: start power rail timer, state:3
11-25 19:05:12.648  1011  1189 I ASH     : @ 282364.828: tcs3701: stop power rail pending_off timer
11-25 19:05:12.648  1011  1189 D ASH     : @ 282364.828: tcs3701: start power rail timer, state:3
11-25 19:05:12.670  9306  9347 I BatteryMgr:DataCollectionService: stats => 1700935512669,10070,4442,13427,4169000,100
11-25 19:05:12.688  1011  1189 I ASH     : @ 282364.868: tcs3701: stop power rail pending_off timer
11-25 19:05:12.689  1011  1189 D ASH     : @ 282364.868: tcs3701: start power rail timer, state:3
11-25 19:05:12.732  1011  1189 I ASH     : @ 282364.908: tcs3701: stop power rail pending_off timer
11-25 19:05:12.732  1011  1189 D ASH     : @ 282364.908: tcs3701: start power rail timer, state:3
11-25 19:05:12.768  1011  1189 I ASH     : @ 282364.948: tcs3701: stop power rail pending_off timer
11-25 19:05:12.768  1011  1189 D ASH     : @ 282364.948: tcs3701: start power rail timer, state:3
11-25 19:05:12.774  9306  9347 I BatteryMgr:DataCollectionService: stats => 1700935512774,10070,4442,13427,4169000,100
11-25 19:05:12.808  1011  1189 I ASH     : @ 282364.988: tcs3701: stop power rail pending_off timer
11-25 19:05:12.808  1011  1189 D ASH     : @ 282364.988: tcs3701: start power rail timer, state:3
11-25 19:05:12.848  1011  1189 I ASH     : @ 282365.028: tcs3701: stop power rail pending_off timer
11-25 19:05:12.848  1011  1189 D ASH     : @ 282365.028: tcs3701: start power rail timer, state:3
11-25 19:05:12.884  9306  9347 I BatteryMgr:DataCollectionService: stats => 1700935512884,10070,4442,13427,4169000,100
11-25 19:05:12.889  1011  1189 I ASH     : @ 282365.068: tcs3701: stop power rail pending_off timer
11-25 19:05:12.889  1011  1189 D ASH     : @ 282365.068: tcs3701: start power rail timer, state:3
11-25 19:05:12.928  1011  1189 I ASH     : @ 282365.108: tcs3701: stop power rail pending_off timer
11-25 19:05:12.929  1011  1189 D ASH     : @ 282365.108: tcs3701: start power rail timer, state:3
11-25 19:05:12.968  1011  1189 I ASH     : @ 282365.148: tcs3701: stop power rail pending_off timer
11-25 19:05:12.969  1011  1189 D ASH     : @ 282365.148: tcs3701: start power rail timer, state:3
11-25 19:05:13.006  9306  9347 I BatteryMgr:DataCollectionService: stats => 1700935513006,10070,4442,13427,4169000,100
11-25 19:05:13.009  1011  1189 I ASH     : @ 282365.188: tcs3701: stop power rail pending_off timer
11-25 19:05:13.009  1011  1189 D ASH     : @ 282365.188: tcs3701: start power rail timer, state:3
11-25 19:05:13.038  1795  3658 D ActivityManager: freezer override set to true
11-25 19:05:13.043  1795  3658 D ActivityManager: freezer override set to false
11-25 19:05:13.048  1011  1189 I ASH     : @ 282365.228: tcs3701: stop power rail pending_off timer
11-25 19:05:13.048  1011  1189 D ASH     : @ 282365.228: tcs3701: start power rail timer, state:3
11-25 19:05:13.088  1011  1189 I ASH     : @ 282365.268: tcs3701: stop power rail pending_off timer
11-25 19:05:13.089  1011  1189 D ASH     : @ 282365.268: tcs3701: start power rail timer, state:3
11-25 19:05:13.108  1795  3658 D ActivityManager: freezer override set to true
11-25 19:05:13.122  9306  9347 I BatteryMgr:DataCollectionService: stats => 1700935513121,10070,4442,13427,4169000,100
11-25 19:05:13.129  1011  1189 I ASH     : @ 282365.308: tcs3701: stop power rail pending_off timer
11-25 19:05:13.129  1011  1189 D ASH     : @ 282365.308: tcs3701: start power rail timer, state:3
11-25 19:05:13.168  1011  1189 I ASH     : @ 282365.348: tcs3701: stop power rail pending_off timer
11-25 19:05:13.168  1011  1189 D ASH     : @ 282365.348: tcs3701: start power rail timer, state:3
11-25 19:05:13.209  1011  1189 I ASH     : @ 282365.388: tcs3701: stop power rail pending_off timer
11-25 19:05:13.209  1011  1189 D ASH     : @ 282365.388: tcs3701: start power rail timer, state:3
11-25 19:05:13.226 19265 19279 I m.chrome.canary: Explicit concurrent copying GC freed 4092(208KB) AllocSpace objects, 5(100KB) LOS objects, 75% free, 13MB/52MB, paused 25us,22us total 49.672ms
11-25 19:05:13.230  9306  9347 I BatteryMgr:DataCollectionService: stats => 1700935513230,10070,4442,13427,4169000,100
11-25 19:05:13.249  1011  1189 I ASH     : @ 282365.428: tcs3701: stop power rail pending_off timer
11-25 19:05:13.249  1011  1189 D ASH     : @ 282365.428: tcs3701: start power rail timer, state:3
11-25 19:05:13.283  1795  3658 D ActivityManager: freezer override set to false
11-25 19:05:13.289  1011  1189 I ASH     : @ 282365.468: tcs3701: stop power rail pending_off timer
11-25 19:05:13.289  1011  1189 D ASH     : @ 282365.468: tcs3701: start power rail timer, state:3
11-25 19:05:13.328  1011  1189 I ASH     : @ 282365.508: tcs3701: stop power rail pending_off timer
11-25 19:05:13.328  1011  1189 D ASH     : @ 282365.508: tcs3701: start power rail timer, state:3
11-25 19:05:13.337  9306  9347 I BatteryMgr:DataCollectionService: stats => 1700935513337,10070,4442,13427,4169000,100
11-25 19:05:13.341  1795  3658 D ActivityManager: freezer override set to true
11-25 19:05:13.344  1795  3658 D ActivityManager: freezer override set to false
11-25 19:05:13.369  1011  1189 I ASH     : @ 282365.548: tcs3701: stop power rail pending_off timer
11-25 19:05:13.369  1011  1189 D ASH     : @ 282365.548: tcs3701: start power rail timer, state:3
11-25 19:05:13.377  1795  3658 D ActivityManager: freezer override set to true
11-25 19:05:13.379  1795  3658 D ActivityManager: freezer override set to false
11-25 19:05:13.409  1011  1189 I ASH     : @ 282365.588: tcs3701: stop power rail pending_off timer
11-25 19:05:13.409  1011  1189 D ASH     : @ 282365.588: tcs3701: start power rail timer, state:3
11-25 19:05:13.446  9306  9347 I BatteryMgr:DataCollectionService: stats => 1700935513446,10070,4442,13427,4169000,100
11-25 19:05:13.449  1011  1189 I ASH     : @ 282365.628: tcs3701: stop power rail pending_off timer
11-25 19:05:13.449  1011  1189 D ASH     : @ 282365.628: tcs3701: start power rail timer, state:3
11-25 19:05:13.489  1011  1189 I ASH     : @ 282365.668: tcs3701: stop power rail pending_off timer
11-25 19:05:13.489  1011  1189 D ASH     : @ 282365.668: tcs3701: start power rail timer, state:3
11-25 19:05:13.529  1011  1189 I ASH     : @ 282365.708: tcs3701: stop power rail pending_off timer
11-25 19:05:13.529  1011  1189 D ASH     : @ 282365.708: tcs3701: start power rail timer, state:3
11-25 19:05:13.553  9306  9347 I BatteryMgr:DataCollectionService: stats => 1700935513553,10070,4442,13427,4169000,100
11-25 19:05:13.568  1011  1189 I ASH     : @ 282365.748: tcs3701: stop power rail pending_off timer
11-25 19:05:13.568  1011  1189 D ASH     : @ 282365.748: tcs3701: start power rail timer, state:3
11-25 19:05:13.608  1011  1189 I ASH     : @ 282365.788: tcs3701: stop power rail pending_off timer
11-25 19:05:13.608  1011  1189 D ASH     : @ 282365.788: tcs3701: start power rail timer, state:3
11-25 19:05:13.648  1011  1189 I ASH     : @ 282365.828: tcs3701: stop power rail pending_off timer
11-25 19:05:13.649  1011  1189 D ASH     : @ 282365.828: tcs3701: start power rail timer, state:3
11-25 19:05:13.662  9306  9347 I BatteryMgr:DataCollectionService: stats => 1700935513661,10070,4442,13427,4169000,100
11-25 19:05:13.690  1011  1189 I ASH     : @ 282365.868: tcs3701: stop power rail pending_off timer
11-25 19:05:13.690  1011  1189 D ASH     : @ 282365.868: tcs3701: start power rail timer, state:3
11-25 19:05:13.729  1011  1189 I ASH     : @ 282365.908: tcs3701: stop power rail pending_off timer
11-25 19:05:13.729  1011  1189 D ASH     : @ 282365.908: tcs3701: start power rail timer, state:3
11-25 19:05:13.768  1011  1189 I ASH     : @ 282365.948: tcs3701: stop power rail pending_off timer
11-25 19:05:13.768  1011  1189 D ASH     : @ 282365.948: tcs3701: start power rail timer, state:3
11-25 19:05:13.773  9306  9347 I BatteryMgr:DataCollectionService: stats => 1700935513772,10070,4442,13427,4169000,100
11-25 19:05:13.808  1011  1189 I ASH     : @ 282365.988: tcs3701: stop power rail pending_off timer
11-25 19:05:13.808  1011  1189 D ASH     : @ 282365.988: tcs3701: start power rail timer, state:3
11-25 19:05:13.849  1011  1189 I ASH     : @ 282366.028: tcs3701: stop power rail pending_off timer
11-25 19:05:13.849  1011  1189 D ASH     : @ 282366.028: tcs3701: start power rail timer, state:3
11-25 19:05:13.881  9306  9347 I BatteryMgr:DataCollectionService: stats => 1700935513880,10070,4442,13427,4169000,100
11-25 19:05:13.889  1011  1189 I ASH     : @ 282366.068: tcs3701: stop power rail pending_off timer
11-25 19:05:13.889  1011  1189 D ASH     : @ 282366.068: tcs3701: start power rail timer, state:3
11-25 19:05:13.929  1011  1189 I ASH     : @ 282366.108: tcs3701: stop power rail pending_off timer
11-25 19:05:13.929  1011  1189 D ASH     : @ 282366.108: tcs3701: start power rail timer, state:3
11-25 19:05:13.968  1011  1189 I ASH     : @ 282366.148: tcs3701: stop power rail pending_off timer
11-25 19:05:13.969  1011  1189 D ASH     : @ 282366.148: tcs3701: start power rail timer, state:3
11-25 19:05:13.997  9306  9347 I BatteryMgr:DataCollectionService: stats => 1700935513996,10070,4442,13427,4169000,100
11-25 19:05:14.009  1011  1189 I ASH     : @ 282366.188: tcs3701: stop power rail pending_off timer
11-25 19:05:14.009  1011  1189 D ASH     : @ 282366.188: tcs3701: start power rail timer, state:3
11-25 19:05:14.048  1011  1189 I ASH     : @ 282366.228: tcs3701: stop power rail pending_off timer
11-25 19:05:14.048  1011  1189 D ASH     : @ 282366.228: tcs3701: start power rail timer, state:3
11-25 19:05:14.076 19265 19326 W chromium: [WARNING:ev_root_ca_metadata.cc(119)] Not implemented
11-25 19:05:14.076 19265 19326 W chromium: [WARNING:ev_root_ca_metadata.cc(119)] Not implemented
11-25 19:05:14.085  1795  3658 D ActivityManager: freezer override set to true
11-25 19:05:14.088  1795  3658 D ActivityManager: freezer override set to false
11-25 19:05:14.089  1011  1189 I ASH     : @ 282366.268: tcs3701: stop power rail pending_off timer
11-25 19:05:14.089  1011  1189 D ASH     : @ 282366.268: tcs3701: start power rail timer, state:3
11-25 19:05:14.106  9306  9347 I BatteryMgr:DataCollectionService: stats => 1700935514106,10070,4442,13427,4169000,100
11-25 19:05:14.128  1011  1189 I ASH     : @ 282366.308: tcs3701: stop power rail pending_off timer
11-25 19:05:14.128  1011  1189 D ASH     : @ 282366.308: tcs3701: start power rail timer, state:3
11-25 19:05:14.169  1011  1189 I ASH     : @ 282366.348: tcs3701: stop power rail pending_off timer
11-25 19:05:14.169  1011  1189 D ASH     : @ 282366.348: tcs3701: start power rail timer, state:3
11-25 19:05:14.209  1011  1189 I ASH     : @ 282366.388: tcs3701: stop power rail pending_off timer
11-25 19:05:14.209  1011  1189 D ASH     : @ 282366.388: tcs3701: start power rail timer, state:3
11-25 19:05:14.218  9306  9347 I BatteryMgr:DataCollectionService: stats => 1700935514218,10070,4442,13427,4169000,100
11-25 19:05:14.248  1011  1189 I ASH     : @ 282366.428: tcs3701: stop power rail pending_off timer
11-25 19:05:14.248  1011  1189 D ASH     : @ 282366.428: tcs3701: start power rail timer, state:3
11-25 19:05:14.289  1011  1189 I ASH     : @ 282366.468: tcs3701: stop power rail pending_off timer
11-25 19:05:14.289  1011  1189 D ASH     : @ 282366.468: tcs3701: start power rail timer, state:3
11-25 19:05:14.328  9306  9347 I BatteryMgr:DataCollectionService: stats => 1700935514327,10070,4442,13427,4169000,100
11-25 19:05:14.328  1011  1189 I ASH     : @ 282366.508: tcs3701: stop power rail pending_off timer
11-25 19:05:14.328  1011  1189 D ASH     : @ 282366.508: tcs3701: start power rail timer, state:3
11-25 19:05:14.369  1011  1189 I ASH     : @ 282366.548: tcs3701: stop power rail pending_off timer
11-25 19:05:14.369  1011  1189 D ASH     : @ 282366.548: tcs3701: start power rail timer, state:3
11-25 19:05:14.409  1011  1189 I ASH     : @ 282366.588: tcs3701: stop power rail pending_off timer
11-25 19:05:14.409  1011  1189 D ASH     : @ 282366.588: tcs3701: start power rail timer, state:3
11-25 19:05:14.434  9306  9347 I BatteryMgr:DataCollectionService: stats => 1700935514434,10070,4442,13427,4169000,100
11-25 19:05:14.448  1011  1189 I ASH     : @ 282366.628: tcs3701: stop power rail pending_off timer
11-25 19:05:14.448  1011  1189 D ASH     : @ 282366.628: tcs3701: start power rail timer, state:3
11-25 19:05:14.489  1011  1189 I ASH     : @ 282366.668: tcs3701: stop power rail pending_off timer
11-25 19:05:14.489  1011  1189 D ASH     : @ 282366.668: tcs3701: start power rail timer, state:3
11-25 19:05:14.528  1011  1189 I ASH     : @ 282366.708: tcs3701: stop power rail pending_off timer
11-25 19:05:14.528  1011  1189 D ASH     : @ 282366.708: tcs3701: start power rail timer, state:3
11-25 19:05:14.543  9306  9347 I BatteryMgr:DataCollectionService: stats => 1700935514543,10070,4442,13427,4169000,100
11-25 19:05:14.568  1011  1189 I ASH     : @ 282366.748: tcs3701: stop power rail pending_off timer
11-25 19:05:14.568  1011  1189 D ASH     : @ 282366.748: tcs3701: start power rail timer, state:3
11-25 19:05:14.589  1795  3658 D ActivityManager: freezer override set to true
11-25 19:05:14.595  1795  2424 D WifiClientModeImpl[13802:wlan0]: updateLinkLayerStatsRssiSpeedFrequencyCapabilities rssi=-46 TxLinkspeed=780 freq=5240 RxLinkSpeed=866
11-25 19:05:14.596  1795  2424 D WifiDataStall: tx tput in kbps: 520126
11-25 19:05:14.596  1795  2424 D WifiDataStall: rx tput in kbps: 5648
11-25 19:05:14.596  1795  2424 V WifiConfigManager: Updating scan detail cache freq=5240 BSSID=f4:6d:2f:12:cc:88 RSSI=-45 for "ourhome"WPA_PSK
11-25 19:05:14.596  1795  2424 D WifiChannelUtilization:  freq: 5240 onTime: 7981476 busyTime: 737853 onTimeDiff: 390781 busyTimeDiff: 23880 utilization: 15 utilization t0: 23
11-25 19:05:14.596  1795  2424 D WifiDataStall:  ccaLevel = 15
11-25 19:05:14.596  1795  2424 D WifiDataStall: L2 txTputKbps: 719610, rxTputKbps: 815257, L3 txTputKbps: 46, rxTputKbps: 64, TxTrafficHigh: true, RxTrafficHigh: true, Throughput Sufficient: true
11-25 19:05:14.596  2673  4031 V WifiManager: OnWifiUsabilityStatsListener: onWifiUsabilityStats: seqNum=72669
11-25 19:05:14.597  1795  2424 D WifiScoreReport: Wifi scoring disabled - Don't check IP layer
11-25 19:05:14.597  1795  2424 D WifiScoreCard: BSSID update SIGNAL_POLL ID: 1320464697 SSID: "ourhome", BSSID: f4:6d:2f:12:cc:88, MAC: b2:2f:ec:da:4a:0c, IP: /192.168.1.104, Security type: 2, Supplicant state: COMPLETED, Wi-Fi standard: 5, RSSI: -46, Link speed: 780Mbps, Tx Link speed: 780Mbps, Max Supported Tx Link speed: 866Mbps, Rx Link speed: 866Mbps, Max Supported Rx Link speed: 866Mbps, Frequency: 5240MHz, Net ID: 12, Metered hint: false, score: 60, isUsable: true, CarrierMerged: false, SubscriptionId: -1, IsPrimary: 1, Trusted: true, Restricted: false, Ephemeral: false, OEM paid: false, OEM private: false, OSU AP: false, FQDN: <none>, Provider friendly name: <none>, Requesting package name: <none>"ourhome"wpa2-pskMLO Information: , Is TID-To-Link negotiation supported by the AP: false, AP MLD Address: <none>, AP MLO Link Id: <none>, AP MLO Affiliated links: <none>
11-25 19:05:14.597  1795  2424 D WifiScoreCard: txRate: 106 txSpeed: 780
11-25 19:05:14.597  1795  2424 D WifiScoreCard: network update SIGNAL_POLL "ourhome" ID: 1499892569 RSSI -46 txSpeed 780
11-25 19:05:14.597  1795  2424 D WifiClientModeImpl[13802:wlan0]:  ClientModeImpl$L2ConnectedState screen=on 33 0 "ourhome" f4:6d:2f:12:cc:88 rssi=-46 f=5240 sc=60 link=780 tx=91.7, 13.4, 0.0 rx=354.1 bcn=2731156 [on:958 tx:6 rx:5 period:3019] from screen [on:405077 period:14428103] score=60
11-25 19:05:14.598  1795  3716 I WifiService: updateWifiUsabilityScore uid=10180 seqNum=72669 score=100 predictionHorizonSec=1441795
11-25 19:05:14.599  1795  2424 D WifiScoreReport: Wifi scoring disabled - Notify that Wifi is usable
11-25 19:05:14.601  1795  2432 D ConnectivityService: NetReassign [no changes] [c 0] [a 0] [i 2]
11-25 19:05:14.608  1011  1189 I ASH     : @ 282366.788: tcs3701: stop power rail pending_off timer
11-25 19:05:14.608  1011  1189 D ASH     : @ 282366.788: tcs3701: start power rail timer, state:3
11-25 19:05:14.647  9306  9347 I BatteryMgr:DataCollectionService: stats => 1700935514647,10070,4442,13427,4169000,100
11-25 19:05:14.648  1011  1189 I ASH     : @ 282366.828: tcs3701: stop power rail pending_off timer
11-25 19:05:14.648  1011  1189 D ASH     : @ 282366.828: tcs3701: start power rail timer, state:3
11-25 19:05:14.688  1011  1189 I ASH     : @ 282366.868: tcs3701: stop power rail pending_off timer
11-25 19:05:14.688  1011  1189 D ASH     : @ 282366.868: tcs3701: start power rail timer, state:3
11-25 19:05:14.729 19265 19279 I m.chrome.canary: Explicit concurrent copying GC freed 3867(193KB) AllocSpace objects, 4(80KB) LOS objects, 75% free, 13MB/52MB, paused 27us,22us total 78.494ms
11-25 19:05:14.729  1011  1189 I ASH     : @ 282366.908: tcs3701: stop power rail pending_off timer
11-25 19:05:14.729  1011  1189 D ASH     : @ 282366.908: tcs3701: start power rail timer, state:3
11-25 19:05:14.749  9306  9347 I BatteryMgr:DataCollectionService: stats => 1700935514749,10070,4442,13427,4169000,100
11-25 19:05:14.769  1011  1189 I ASH     : @ 282366.948: tcs3701: stop power rail pending_off timer
11-25 19:05:14.769  1011  1189 D ASH     : @ 282366.948: tcs3701: start power rail timer, state:3
11-25 19:05:14.808  1011  1189 I ASH     : @ 282366.988: tcs3701: stop power rail pending_off timer
11-25 19:05:14.809  1011  1189 D ASH     : @ 282366.988: tcs3701: start power rail timer, state:3
11-25 19:05:14.833  1795  3658 D ActivityManager: freezer override set to false
11-25 19:05:14.849  1011  1189 I ASH     : @ 282367.028: tcs3701: stop power rail pending_off timer
11-25 19:05:14.849  1011  1189 D ASH     : @ 282367.028: tcs3701: start power rail timer, state:3
11-25 19:05:14.860  9306  9347 I BatteryMgr:DataCollectionService: stats => 1700935514860,10070,4442,13427,4169000,100
11-25 19:05:14.889  1011  1189 I ASH     : @ 282367.068: tcs3701: stop power rail pending_off timer
11-25 19:05:14.889  1795  3658 D ActivityManager: freezer override set to true
11-25 19:05:14.889  1011  1189 D ASH     : @ 282367.068: tcs3701: start power rail timer, state:3
11-25 19:05:14.892  1795  3658 D ActivityManager: freezer override set to false
11-25 19:05:14.929  1011  1189 I ASH     : @ 282367.108: tcs3701: stop power rail pending_off timer
11-25 19:05:14.929  1011  1189 D ASH     : @ 282367.108: tcs3701: start power rail timer, state:3
11-25 19:05:14.943  1795  3658 D ActivityManager: freezer override set to true
11-25 19:05:14.949  1795  3658 D ActivityManager: freezer override set to false
11-25 19:05:14.968  9306  9347 I BatteryMgr:DataCollectionService: stats => 1700935514968,10070,4442,13427,4169000,100
11-25 19:05:14.968  1011  1189 I ASH     : @ 282367.148: tcs3701: stop power rail pending_off timer
11-25 19:05:14.968  1011  1189 D ASH     : @ 282367.148: tcs3701: start power rail timer, state:3
11-25 19:05:15.009  1011  1189 I ASH     : @ 282367.188: tcs3701: stop power rail pending_off timer
11-25 19:05:15.009  1011  1189 D ASH     : @ 282367.188: tcs3701: start power rail timer, state:3
11-25 19:05:15.034  1795  3658 D ActivityManager: freezer override set to true
11-25 19:05:15.043  1795  3658 D ActivityManager: freezer override set to false
11-25 19:05:15.048  1011  1189 I ASH     : @ 282367.228: tcs3701: stop power rail pending_off timer
11-25 19:05:15.048  1011  1189 D ASH     : @ 282367.228: tcs3701: start power rail timer, state:3
11-25 19:05:15.077  9306  9347 I BatteryMgr:DataCollectionService: stats => 1700935515077,10070,4442,13427,4169000,100
11-25 19:05:15.088  1011  1189 I ASH     : @ 282367.268: tcs3701: stop power rail pending_off timer
11-25 19:05:15.088  1011  1189 D ASH     : @ 282367.268: tcs3701: start power rail timer, state:3
11-25 19:05:15.128  1011  1189 I ASH     : @ 282367.308: tcs3701: stop power rail pending_off timer
11-25 19:05:15.129  1011  1189 D ASH     : @ 282367.308: tcs3701: start power rail timer, state:3
11-25 19:05:15.169  1011  1189 I ASH     : @ 282367.348: tcs3701: stop power rail pending_off timer
11-25 19:05:15.169  1011  1189 D ASH     : @ 282367.348: tcs3701: start power rail timer, state:3
11-25 19:05:15.186  9306  9347 I BatteryMgr:DataCollectionService: stats => 1700935515186,10070,4442,13427,4169000,100
11-25 19:05:15.208  1011  1189 I ASH     : @ 282367.388: tcs3701: stop power rail pending_off timer
11-25 19:05:15.209  1011  1189 D ASH     : @ 282367.388: tcs3701: start power rail timer, state:3
11-25 19:05:15.249  1011  1189 I ASH     : @ 282367.428: tcs3701: stop power rail pending_off timer
11-25 19:05:15.249  1011  1189 D ASH     : @ 282367.428: tcs3701: start power rail timer, state:3
11-25 19:05:15.288  1011  1189 I ASH     : @ 282367.468: tcs3701: stop power rail pending_off timer
11-25 19:05:15.288  1011  1189 D ASH     : @ 282367.468: tcs3701: start power rail timer, state:3
11-25 19:05:15.293  9306  9347 I BatteryMgr:DataCollectionService: stats => 1700935515293,10070,4442,13427,4169000,100
11-25 19:05:15.329  1011  1189 I ASH     : @ 282367.508: tcs3701: stop power rail pending_off timer
11-25 19:05:15.329  1011  1189 D ASH     : @ 282367.508: tcs3701: start power rail timer, state:3
11-25 19:05:15.369  1011  1189 I ASH     : @ 282367.548: tcs3701: stop power rail pending_off timer
11-25 19:05:15.369  1011  1189 D ASH     : @ 282367.548: tcs3701: start power rail timer, state:3
11-25 19:05:15.401  9306  9347 I BatteryMgr:DataCollectionService: stats => 1700935515401,10070,4442,13427,4169000,100
11-25 19:05:15.409  1011  1189 I ASH     : @ 282367.588: tcs3701: stop power rail pending_off timer
11-25 19:05:15.409  1011  1189 D ASH     : @ 282367.588: tcs3701: start power rail timer, state:3
11-25 19:05:15.449  1011  1189 I ASH     : @ 282367.628: tcs3701: stop power rail pending_off timer
11-25 19:05:15.449  1011  1189 D ASH     : @ 282367.628: tcs3701: start power rail timer, state:3
11-25 19:05:15.488  1011  1189 I ASH     : @ 282367.668: tcs3701: stop power rail pending_off timer
11-25 19:05:15.489  1011  1189 D ASH     : @ 282367.668: tcs3701: start power rail timer, state:3
11-25 19:05:15.510  9306  9347 I BatteryMgr:DataCollectionService: stats => 1700935515510,10070,4442,13427,4169000,100
11-25 19:05:15.528  1011  1189 I ASH     : @ 282367.708: tcs3701: stop power rail pending_off timer
11-25 19:05:15.529  1011  1189 D ASH     : @ 282367.708: tcs3701: start power rail timer, state:3
11-25 19:05:15.569  1011  1189 I ASH     : @ 282367.748: tcs3701: stop power rail pending_off timer
11-25 19:05:15.569  1011  1189 D ASH     : @ 282367.748: tcs3701: start power rail timer, state:3
11-25 19:05:15.609  1011  1189 I ASH     : @ 282367.788: tcs3701: stop power rail pending_off timer
11-25 19:05:15.609  1011  1189 D ASH     : @ 282367.788: tcs3701: start power rail timer, state:3
11-25 19:05:15.616  9306  9347 I BatteryMgr:DataCollectionService: stats => 1700935515615,10070,4442,13427,4169000,100
11-25 19:05:15.648  1011  1189 I ASH     : @ 282367.828: tcs3701: stop power rail pending_off timer
11-25 19:05:15.648  1011  1189 D ASH     : @ 282367.828: tcs3701: start power rail timer, state:3
11-25 19:05:15.689  1011  1189 I ASH     : @ 282367.868: tcs3701: stop power rail pending_off timer
11-25 19:05:15.689  1011  1189 D ASH     : @ 282367.868: tcs3701: start power rail timer, state:3
11-25 19:05:15.723  9306  9347 I BatteryMgr:DataCollectionService: stats => 1700935515723,10070,4442,13427,4169000,100
11-25 19:05:15.728  1011  1189 I ASH     : @ 282367.908: tcs3701: stop power rail pending_off timer
11-25 19:05:15.728  1011  1189 D ASH     : @ 282367.908: tcs3701: start power rail timer, state:3
11-25 19:05:15.768  1011  1189 I ASH     : @ 282367.948: tcs3701: stop power rail pending_off timer
11-25 19:05:15.768  1011  1189 D ASH     : @ 282367.948: tcs3701: start power rail timer, state:3
11-25 19:05:15.809  1011  1189 I ASH     : @ 282367.988: tcs3701: stop power rail pending_off timer
11-25 19:05:15.809  1011  1189 D ASH     : @ 282367.988: tcs3701: start power rail timer, state:3
11-25 19:05:15.828  9306  9347 I BatteryMgr:DataCollectionService: stats => 1700935515828,10070,4442,13427,4169000,100
11-25 19:05:15.848  1011  1189 I ASH     : @ 282368.028: tcs3701: stop power rail pending_off timer
11-25 19:05:15.848  1011  1189 D ASH     : @ 282368.028: tcs3701: start power rail timer, state:3
11-25 19:05:15.888  1011  1189 I ASH     : @ 282368.068: tcs3701: stop power rail pending_off timer
11-25 19:05:15.888  1011  1189 D ASH     : @ 282368.068: tcs3701: start power rail timer, state:3
11-25 19:05:15.928  1011  1189 I ASH     : @ 282368.108: tcs3701: stop power rail pending_off timer
11-25 19:05:15.929  1011  1189 D ASH     : @ 282368.108: tcs3701: start power rail timer, state:3
11-25 19:05:15.938  9306  9347 I BatteryMgr:DataCollectionService: stats => 1700935515938,10070,4442,13427,4169000,100
11-25 19:05:15.969  1011  1189 I ASH     : @ 282368.148: tcs3701: stop power rail pending_off timer
11-25 19:05:15.970  1011  1189 D ASH     : @ 282368.148: tcs3701: start power rail timer, state:3
11-25 19:05:16.008  1011  1189 I ASH     : @ 282368.188: tcs3701: stop power rail pending_off timer
11-25 19:05:16.008  1011  1189 D ASH     : @ 282368.188: tcs3701: start power rail timer, state:3
11-25 19:05:16.024  1795  3658 D ActivityManager: freezer override set to true
11-25 19:05:16.026  1795  3658 D ActivityManager: freezer override set to false
11-25 19:05:16.047  9306  9347 I BatteryMgr:DataCollectionService: stats => 1700935516047,10070,4442,13427,4169000,100
11-25 19:05:16.048  1011  1189 I ASH     : @ 282368.228: tcs3701: stop power rail pending_off timer
11-25 19:05:16.048  1011  1189 D ASH     : @ 282368.228: tcs3701: start power rail timer, state:3
11-25 19:05:16.089  1011  1189 I ASH     : @ 282368.268: tcs3701: stop power rail pending_off timer
11-25 19:05:16.089  1011  1189 D ASH     : @ 282368.268: tcs3701: start power rail timer, state:3
11-25 19:05:16.128  1011  1189 I ASH     : @ 282368.308: tcs3701: stop power rail pending_off timer
11-25 19:05:16.128  1011  1189 D ASH     : @ 282368.308: tcs3701: start power rail timer, state:3
11-25 19:05:16.140  1795  3658 D ActivityManager: freezer override set to true
11-25 19:05:16.160  9306  9347 I BatteryMgr:DataCollectionService: stats => 1700935516160,10070,4442,13427,4169000,100
11-25 19:05:16.168  1011  1189 I ASH     : @ 282368.348: tcs3701: stop power rail pending_off timer
11-25 19:05:16.168  1011  1189 D ASH     : @ 282368.348: tcs3701: start power rail timer, state:3
11-25 19:05:16.209  1011  1189 I ASH     : @ 282368.388: tcs3701: stop power rail pending_off timer
11-25 19:05:16.209  1011  1189 D ASH     : @ 282368.388: tcs3701: start power rail timer, state:3
11-25 19:05:16.247 19265 19279 I m.chrome.canary: Explicit concurrent copying GC freed 4291(222KB) AllocSpace objects, 7(204KB) LOS objects, 75% free, 13MB/52MB, paused 28us,66us total 49.388ms
11-25 19:05:16.248  1011  1189 I ASH     : @ 282368.428: tcs3701: stop power rail pending_off timer
11-25 19:05:16.249  1011  1189 D ASH     : @ 282368.428: tcs3701: start power rail timer, state:3
11-25 19:05:16.268  9306  9347 I BatteryMgr:DataCollectionService: stats => 1700935516267,10070,4442,13427,4169000,100
11-25 19:05:16.288  1011  1189 I ASH     : @ 282368.468: tcs3701: stop power rail pending_off timer
11-25 19:05:16.289  1011  1189 D ASH     : @ 282368.468: tcs3701: start power rail timer, state:3
11-25 19:05:16.308  1795  3658 D ActivityManager: freezer override set to false
11-25 19:05:16.329  1011  1189 I ASH     : @ 282368.508: tcs3701: stop power rail pending_off timer
11-25 19:05:16.329  1011  1189 D ASH     : @ 282368.508: tcs3701: start power rail timer, state:3
11-25 19:05:16.353  1795  3716 D ActivityManager: freezer override set to true
11-25 19:05:16.356  1795  3716 D ActivityManager: freezer override set to false
11-25 19:05:16.368  1011  1189 I ASH     : @ 282368.548: tcs3701: stop power rail pending_off timer
11-25 19:05:16.369  1011  1189 D ASH     : @ 282368.548: tcs3701: start power rail timer, state:3
11-25 19:05:16.375  9306  9347 I BatteryMgr:DataCollectionService: stats => 1700935516375,10070,4442,13427,4169000,100
11-25 19:05:16.399  1795  3716 D ActivityManager: freezer override set to true
11-25 19:05:16.403  1795  3716 D ActivityManager: freezer override set to false
11-25 19:05:16.408  1011  1189 I ASH     : @ 282368.588: tcs3701: stop power rail pending_off timer
11-25 19:05:16.408  1011  1189 D ASH     : @ 282368.588: tcs3701: start power rail timer, state:3
11-25 19:05:16.448  1011  1189 I ASH     : @ 282368.628: tcs3701: stop power rail pending_off timer
11-25 19:05:16.448  1011  1189 D ASH     : @ 282368.628: tcs3701: start power rail timer, state:3
11-25 19:05:16.484  9306  9347 I BatteryMgr:DataCollectionService: stats => 1700935516484,10070,4442,13427,4169000,100
11-25 19:05:16.489  1011  1189 I ASH     : @ 282368.668: tcs3701: stop power rail pending_off timer
11-25 19:05:16.489  1011  1189 D ASH     : @ 282368.668: tcs3701: start power rail timer, state:3
11-25 19:05:16.528  1011  1189 I ASH     : @ 282368.708: tcs3701: stop power rail pending_off timer
11-25 19:05:16.528  1011  1189 D ASH     : @ 282368.708: tcs3701: start power rail timer, state:3
11-25 19:05:16.569  1011  1189 I ASH     : @ 282368.748: tcs3701: stop power rail pending_off timer
11-25 19:05:16.570  1011  1189 D ASH     : @ 282368.748: tcs3701: start power rail timer, state:3
11-25 19:05:16.593  9306  9347 I BatteryMgr:DataCollectionService: stats => 1700935516592,10070,4442,13427,4169000,100
11-25 19:05:16.608  1011  1189 I ASH     : @ 282368.788: tcs3701: stop power rail pending_off timer
11-25 19:05:16.608  1011  1189 D ASH     : @ 282368.788: tcs3701: start power rail timer, state:3
11-25 19:05:16.648  1011  1189 I ASH     : @ 282368.828: tcs3701: stop power rail pending_off timer
11-25 19:05:16.648  1011  1189 D ASH     : @ 282368.828: tcs3701: start power rail timer, state:3
11-25 19:05:16.688  1011  1189 I ASH     : @ 282368.868: tcs3701: stop power rail pending_off timer
11-25 19:05:16.688  1011  1189 D ASH     : @ 282368.868: tcs3701: start power rail timer, state:3
11-25 19:05:16.700  9306  9347 I BatteryMgr:DataCollectionService: stats => 1700935516700,10070,4442,13427,4169000,100
11-25 19:05:16.728  1011  1189 I ASH     : @ 282368.908: tcs3701: stop power rail pending_off timer
11-25 19:05:16.728  1011  1189 D ASH     : @ 282368.908: tcs3701: start power rail timer, state:3
11-25 19:05:16.769  1011  1189 I ASH     : @ 282368.948: tcs3701: stop power rail pending_off timer
11-25 19:05:16.769  1011  1189 D ASH     : @ 282368.948: tcs3701: start power rail timer, state:3
11-25 19:05:16.809  9306  9347 I BatteryMgr:DataCollectionService: stats => 1700935516809,10070,4442,13427,4169000,100
11-25 19:05:16.809  1011  1189 I ASH     : @ 282368.988: tcs3701: stop power rail pending_off timer
11-25 19:05:16.809  1011  1189 D ASH     : @ 282368.988: tcs3701: start power rail timer, state:3
11-25 19:05:16.848  1011  1189 I ASH     : @ 282369.028: tcs3701: stop power rail pending_off timer
11-25 19:05:16.849  1011  1189 D ASH     : @ 282369.028: tcs3701: start power rail timer, state:3
11-25 19:05:16.889  1011  1189 I ASH     : @ 282369.068: tcs3701: stop power rail pending_off timer
11-25 19:05:16.889  1011  1189 D ASH     : @ 282369.068: tcs3701: start power rail timer, state:3
11-25 19:05:16.918  9306  9347 I BatteryMgr:DataCollectionService: stats => 1700935516918,10070,4442,13427,4169000,100
11-25 19:05:16.928  1011  1189 I ASH     : @ 282369.108: tcs3701: stop power rail pending_off timer
11-25 19:05:16.928  1011  1189 D ASH     : @ 282369.108: tcs3701: start power rail timer, state:3
11-25 19:05:16.969  1011  1189 I ASH     : @ 282369.148: tcs3701: stop power rail pending_off timer
11-25 19:05:16.969  1011  1189 D ASH     : @ 282369.148: tcs3701: start power rail timer, state:3
11-25 19:05:17.008  1011  1189 I ASH     : @ 282369.188: tcs3701: stop power rail pending_off timer
11-25 19:05:17.008  1011  1189 D ASH     : @ 282369.188: tcs3701: start power rail timer, state:3
11-25 19:05:17.027  9306  9347 I BatteryMgr:DataCollectionService: stats => 1700935517027,10070,4442,13427,4169000,100
11-25 19:05:17.042  1795  3716 D ActivityManager: freezer override set to true
11-25 19:05:17.047  1795  3716 D ActivityManager: freezer override set to false
11-25 19:05:17.049  1011  1189 I ASH     : @ 282369.228: tcs3701: stop power rail pending_off timer
11-25 19:05:17.049  1011  1189 D ASH     : @ 282369.228: tcs3701: start power rail timer, state:3
11-25 19:05:17.088  1011  1189 I ASH     : @ 282369.268: tcs3701: stop power rail pending_off timer
11-25 19:05:17.089  1011  1189 D ASH     : @ 282369.268: tcs3701: start power rail timer, state:3
11-25 19:05:17.130  1011  1189 I ASH     : @ 282369.308: tcs3701: stop power rail pending_off timer
11-25 19:05:17.130  1011  1189 D ASH     : @ 282369.308: tcs3701: start power rail timer, state:3
11-25 19:05:17.134  9306  9347 I BatteryMgr:DataCollectionService: stats => 1700935517134,10070,4442,13427,4169000,100
11-25 19:05:17.169  1011  1189 I ASH     : @ 282369.348: tcs3701: stop power rail pending_off timer
11-25 19:05:17.169  1011  1189 D ASH     : @ 282369.348: tcs3701: start power rail timer, state:3
11-25 19:05:17.209  1011  1189 I ASH     : @ 282369.388: tcs3701: stop power rail pending_off timer
11-25 19:05:17.209  1011  1189 D ASH     : @ 282369.388: tcs3701: start power rail timer, state:3
11-25 19:05:17.241  9306  9347 I BatteryMgr:DataCollectionService: stats => 1700935517241,10070,4442,13427,4169000,100
11-25 19:05:17.248  1011  1189 I ASH     : @ 282369.428: tcs3701: stop power rail pending_off timer
11-25 19:05:17.249  1011  1189 D ASH     : @ 282369.428: tcs3701: start power rail timer, state:3
11-25 19:05:17.289  1011  1189 I ASH     : @ 282369.468: tcs3701: stop power rail pending_off timer
11-25 19:05:17.289  1011  1189 D ASH     : @ 282369.468: tcs3701: start power rail timer, state:3
11-25 19:05:17.328  1011  1189 I ASH     : @ 282369.508: tcs3701: stop power rail pending_off timer
11-25 19:05:17.328  1011  1189 D ASH     : @ 282369.508: tcs3701: start power rail timer, state:3
11-25 19:05:17.348  9306  9347 I BatteryMgr:DataCollectionService: stats => 1700935517347,10070,4442,13427,4169000,100
11-25 19:05:17.369  1011  1189 I ASH     : @ 282369.548: tcs3701: stop power rail pending_off timer
11-25 19:05:17.369  1011  1189 D ASH     : @ 282369.548: tcs3701: start power rail timer, state:3
11-25 19:05:17.408  1011  1189 I ASH     : @ 282369.588: tcs3701: stop power rail pending_off timer
11-25 19:05:17.409  1011  1189 D ASH     : @ 282369.588: tcs3701: start power rail timer, state:3
11-25 19:05:17.449  1011  1189 I ASH     : @ 282369.628: tcs3701: stop power rail pending_off timer
11-25 19:05:17.449  1011  1189 D ASH     : @ 282369.628: tcs3701: start power rail timer, state:3
11-25 19:05:17.455  9306  9347 I BatteryMgr:DataCollectionService: stats => 1700935517455,13427,4442,13427,4169000,100
11-25 19:05:17.488  1011  1189 I ASH     : @ 282369.668: tcs3701: stop power rail pending_off timer
11-25 19:05:17.488  1011  1189 D ASH     : @ 282369.668: tcs3701: start power rail timer, state:3
11-25 19:05:17.528  1011  1189 I ASH     : @ 282369.708: tcs3701: stop power rail pending_off timer
11-25 19:05:17.528  1011  1189 D ASH     : @ 282369.708: tcs3701: start power rail timer, state:3
11-25 19:05:17.566  9306  9347 I BatteryMgr:DataCollectionService: stats => 1700935517566,13427,4442,13427,4169000,100
11-25 19:05:17.568  1011  1189 I ASH     : @ 282369.748: tcs3701: stop power rail pending_off timer
11-25 19:05:17.568  1011  1189 D ASH     : @ 282369.748: tcs3701: start power rail timer, state:3
11-25 19:05:17.609  1011  1189 I ASH     : @ 282369.788: tcs3701: stop power rail pending_off timer
11-25 19:05:17.609  1011  1189 D ASH     : @ 282369.788: tcs3701: start power rail timer, state:3
11-25 19:05:17.611  1795  2424 D WifiClientModeImpl[13802:wlan0]: updateLinkLayerStatsRssiSpeedFrequencyCapabilities rssi=-47 TxLinkspeed=780 freq=5240 RxLinkSpeed=866
11-25 19:05:17.612  1795  2424 D WifiDataStall: tx tput in kbps: 719610
11-25 19:05:17.612  1795  2424 D WifiDataStall: rx tput in kbps: 815257
11-25 19:05:17.612  1795  2424 V WifiConfigManager: Updating scan detail cache freq=5240 BSSID=f4:6d:2f:12:cc:88 RSSI=-46 for "ourhome"WPA_PSK
11-25 19:05:17.613  2782  5906 D QCNEJ/WlanStaInfoRelay: Received action: android.net.wifi.RSSI_CHANGED
11-25 19:05:17.615  1795  2424 D WifiChannelUtilization:  freq: 5240 onTime: 7981531 busyTime: 737854 onTimeDiff: 390836 busyTimeDiff: 23881 utilization: 15 utilization t0: 23
11-25 19:05:17.615  1795  2424 D WifiDataStall:  ccaLevel = 15
11-25 19:05:17.615  2673  4031 V WifiManager: OnWifiUsabilityStatsListener: onWifiUsabilityStats: seqNum=72670
11-25 19:05:17.615  1795  2424 D WifiDataStall: L2 txTputKbps: 697582, rxTputKbps: 815257, L3 txTputKbps: 0, rxTputKbps: 0, TxTrafficHigh: false, RxTrafficHigh: false, Throughput Sufficient: true
11-25 19:05:17.616  1795  3658 I WifiService: updateWifiUsabilityScore uid=10180 seqNum=72670 score=100 predictionHorizonSec=1441795
11-25 19:05:17.617  1795  2424 D WifiScoreReport: Wifi scoring disabled - Don't check IP layer
11-25 19:05:17.617  1795  2424 D WifiScoreCard: BSSID update SIGNAL_POLL ID: 1320464697 SSID: "ourhome", BSSID: f4:6d:2f:12:cc:88, MAC: b2:2f:ec:da:4a:0c, IP: /192.168.1.104, Security type: 2, Supplicant state: COMPLETED, Wi-Fi standard: 5, RSSI: -47, Link speed: 780Mbps, Tx Link speed: 780Mbps, Max Supported Tx Link speed: 866Mbps, Rx Link speed: 866Mbps, Max Supported Rx Link speed: 866Mbps, Frequency: 5240MHz, Net ID: 12, Metered hint: false, score: 60, isUsable: true, CarrierMerged: false, SubscriptionId: -1, IsPrimary: 1, Trusted: true, Restricted: false, Ephemeral: false, OEM paid: false, OEM private: false, OSU AP: false, FQDN: <none>, Provider friendly name: <none>, Requesting package name: <none>"ourhome"wpa2-pskMLO Information: , Is TID-To-Link negotiation supported by the AP: false, AP MLD Address: <none>, AP MLO Link Id: <none>, AP MLO Affiliated links: <none>
11-25 19:05:17.617  1795  2424 D WifiScoreCard: txRate: 39 txSpeed: 780
11-25 19:05:17.617  1795  2424 D WifiScoreCard: network update SIGNAL_POLL "ourhome" ID: 1499892569 RSSI -47 txSpeed 780
11-25 19:05:17.618  1795  2424 D WifiClientModeImpl[13802:wlan0]:  ClientModeImpl$L2ConnectedState screen=on 33 0 "ourhome" f4:6d:2f:12:cc:88 rssi=-47 f=5240 sc=60 link=780 tx=33.7, 4.9, 0.0 rx=129.4 bcn=2731186 [on:55 tx:1 rx:0 period:3021] from screen [on:405132 period:14431124] score=60
11-25 19:05:17.618  2513 14800 V WifiManager: TrafficStateCallbackProxy: onStateChanged state=2
11-25 19:05:17.618  1795  2424 D WifiScoreReport: Wifi scoring disabled - Notify that Wifi is usable
11-25 19:05:17.621  1795  2432 D ConnectivityService: NetReassign [no changes] [c 0] [a 0] [i 2]
11-25 19:05:17.623  1795  3658 D ActivityManager: freezer override set to true
11-25 19:05:17.648  1011  1189 I ASH     : @ 282369.828: tcs3701: stop power rail pending_off timer
11-25 19:05:17.649  1011  1189 D ASH     : @ 282369.828: tcs3701: start power rail timer, state:3
11-25 19:05:17.673  9306  9347 I BatteryMgr:DataCollectionService: stats => 1700935517672,13427,4442,13427,4169000,100
11-25 19:05:17.689  1011  1189 I ASH     : @ 282369.868: tcs3701: stop power rail pending_off timer
11-25 19:05:17.689  1011  1189 D ASH     : @ 282369.868: tcs3701: start power rail timer, state:3
11-25 19:05:17.728  1011  1189 I ASH     : @ 282369.908: tcs3701: stop power rail pending_off timer
11-25 19:05:17.728  1011  1189 D ASH     : @ 282369.908: tcs3701: start power rail timer, state:3
11-25 19:05:17.750 19265 19279 I m.chrome.canary: Explicit concurrent copying GC freed 3857(208KB) AllocSpace objects, 4(80KB) LOS objects, 75% free, 13MB/52MB, paused 40us,23us total 48.823ms
11-25 19:05:17.769  1011  1189 I ASH     : @ 282369.948: tcs3701: stop power rail pending_off timer
11-25 19:05:17.769  1011  1189 D ASH     : @ 282369.948: tcs3701: start power rail timer, state:3
11-25 19:05:17.780  9306  9347 I BatteryMgr:DataCollectionService: stats => 1700935517780,13427,4442,13427,4169000,100
11-25 19:05:17.808  1011  1189 I ASH     : @ 282369.988: tcs3701: stop power rail pending_off timer
11-25 19:05:17.808  1011  1189 D ASH     : @ 282369.988: tcs3701: start power rail timer, state:3
11-25 19:05:17.810  1795  3658 D ActivityManager: freezer override set to false
11-25 19:05:17.848  1011  1189 I ASH     : @ 282370.028: tcs3701: stop power rail pending_off timer
11-25 19:05:17.849  1011  1189 D ASH     : @ 282370.028: tcs3701: start power rail timer, state:3
11-25 19:05:17.888  1011  1189 I ASH     : @ 282370.068: tcs3701: stop power rail pending_off timer
11-25 19:05:17.888  1011  1189 D ASH     : @ 282370.068: tcs3701: start power rail timer, state:3
11-25 19:05:17.890  9306  9347 I BatteryMgr:DataCollectionService: stats => 1700935517890,13427,4442,13427,4169000,100
11-25 19:05:17.898  1795  3658 D ActivityManager: freezer override set to true
11-25 19:05:17.901  1795  3658 D ActivityManager: freezer override set to false
11-25 19:05:17.928  1011  1189 I ASH     : @ 282370.108: tcs3701: stop power rail pending_off timer
11-25 19:05:17.928  1011  1189 D ASH     : @ 282370.108: tcs3701: start power rail timer, state:3
11-25 19:05:17.968  1795  3658 D ActivityManager: freezer override set to true
11-25 19:05:17.968  1011  1189 I ASH     : @ 282370.148: tcs3701: stop power rail pending_off timer
11-25 19:05:17.968  1011  1189 D ASH     : @ 282370.148: tcs3701: start power rail timer, state:3
11-25 19:05:17.973  1795  3658 D ActivityManager: freezer override set to false
11-25 19:05:17.999  9306  9347 I BatteryMgr:DataCollectionService: stats => 1700935517998,13427,4442,13427,4169000,100
11-25 19:05:18.008  1011  1189 I ASH     : @ 282370.188: tcs3701: stop power rail pending_off timer
11-25 19:05:18.008  1011  1189 D ASH     : @ 282370.188: tcs3701: start power rail timer, state:3
11-25 19:05:18.048  1795  3658 D ActivityManager: freezer override set to true
11-25 19:05:18.048  1011  1189 I ASH     : @ 282370.228: tcs3701: stop power rail pending_off timer
11-25 19:05:18.048  1011  1189 D ASH     : @ 282370.228: tcs3701: start power rail timer, state:3
11-25 19:05:18.051  1795  3658 D ActivityManager: freezer override set to false
11-25 19:05:18.089  1011  1189 I ASH     : @ 282370.268: tcs3701: stop power rail pending_off timer
11-25 19:05:18.089  1011  1189 D ASH     : @ 282370.268: tcs3701: start power rail timer, state:3
11-25 19:05:18.103  9306  9347 I BatteryMgr:DataCollectionService: stats => 1700935518103,13427,4442,13427,4169000,100
11-25 19:05:18.128  1011  1189 I ASH     : @ 282370.308: tcs3701: stop power rail pending_off timer
11-25 19:05:18.128  1011  1189 D ASH     : @ 282370.308: tcs3701: start power rail timer, state:3
11-25 19:05:18.168  1011  1189 I ASH     : @ 282370.348: tcs3701: stop power rail pending_off timer
11-25 19:05:18.168  1011  1189 D ASH     : @ 282370.348: tcs3701: start power rail timer, state:3
11-25 19:05:18.208  9306  9347 I BatteryMgr:DataCollectionService: stats => 1700935518208,13427,4442,13427,4169000,100
