11-27 00:21:39.722  8427  8467 I BatteryMgr:DataCollectionService: stats => 1701040899722,10681,4442,2136,4169000,100
11-27 00:21:39.755  1011  1189 I ASH     : @ 387751.926: tcs3701: stop power rail pending_off timer
11-27 00:21:39.755  1011  1189 D ASH     : @ 387751.926: tcs3701: start power rail timer, state:3
11-27 00:21:39.756  8427  8467 I BatteryMgr:DataCollectionService: stats => 1701040899756,10681,4442,2136,4169000,100
11-27 00:21:39.795  1011  1189 I ASH     : @ 387751.966: tcs3701: stop power rail pending_off timer
11-27 00:21:39.795  1011  1189 D ASH     : @ 387751.966: tcs3701: start power rail timer, state:3
11-27 00:21:39.827  8427  8467 I BatteryMgr:DataCollectionService: stats => 1701040899827,10681,4442,2136,4169000,100
11-27 00:21:39.835  1011  1189 I ASH     : @ 387752.006: tcs3701: stop power rail pending_off timer
11-27 00:21:39.835  1011  1189 D ASH     : @ 387752.006: tcs3701: start power rail timer, state:3
11-27 00:21:39.861  8427  8467 I BatteryMgr:DataCollectionService: stats => 1701040899861,10681,4442,2136,4169000,100
11-27 00:21:39.875  1011  1189 I ASH     : @ 387752.046: tcs3701: stop power rail pending_off timer
11-27 00:21:39.875  1011  1189 D ASH     : @ 387752.046: tcs3701: start power rail timer, state:3
11-27 00:21:39.916  1011  1189 I ASH     : @ 387752.086: tcs3701: stop power rail pending_off timer
11-27 00:21:39.916  1011  1189 D ASH     : @ 387752.086: tcs3701: start power rail timer, state:3
11-27 00:21:39.933  8427  8467 I BatteryMgr:DataCollectionService: stats => 1701040899933,10681,4442,2136,4169000,100
11-27 00:21:39.955  1011  1189 I ASH     : @ 387752.126: tcs3701: stop power rail pending_off timer
11-27 00:21:39.956  1011  1189 D ASH     : @ 387752.126: tcs3701: start power rail timer, state:3
11-27 00:21:39.968  8427  8467 I BatteryMgr:DataCollectionService: stats => 1701040899968,10681,4442,2136,4169000,100
11-27 00:21:39.995  1011  1189 I ASH     : @ 387752.166: tcs3701: stop power rail pending_off timer
11-27 00:21:39.996  1011  1189 D ASH     : @ 387752.166: tcs3701: start power rail timer, state:3
11-27 00:21:40.035  1011  1189 I ASH     : @ 387752.206: tcs3701: stop power rail pending_off timer
11-27 00:21:40.036  1011  1189 D ASH     : @ 387752.206: tcs3701: start power rail timer, state:3
11-27 00:21:40.041  8427  8467 I BatteryMgr:DataCollectionService: stats => 1701040900041,10681,4442,2136,4169000,100
11-27 00:21:40.074  8427  8467 I BatteryMgr:DataCollectionService: stats => 1701040900074,10681,4442,2136,4169000,100
11-27 00:21:40.075  1011  1189 I ASH     : @ 387752.246: tcs3701: stop power rail pending_off timer
11-27 00:21:40.075  1011  1189 D ASH     : @ 387752.246: tcs3701: start power rail timer, state:3
11-27 00:21:40.081  2113  2118 I pixel-thermal: skin-therm-monitor: 40.672
11-27 00:21:40.083  2113  2118 I pixel-thermal: panel-audio-therm: 40.676
11-27 00:21:40.115  1011  1189 I ASH     : @ 387752.286: tcs3701: stop power rail pending_off timer
11-27 00:21:40.116  1011  1189 D ASH     : @ 387752.286: tcs3701: start power rail timer, state:3
11-27 00:21:40.148  8427  8467 I BatteryMgr:DataCollectionService: stats => 1701040900148,10681,4442,2136,4169000,100
11-27 00:21:40.156  1011  1189 I ASH     : @ 387752.326: tcs3701: stop power rail pending_off timer
11-27 00:21:40.156  1011  1189 D ASH     : @ 387752.326: tcs3701: start power rail timer, state:3
11-27 00:21:40.180  8427  8467 I BatteryMgr:DataCollectionService: stats => 1701040900180,10681,4442,2136,4169000,100
11-27 00:21:40.196  1011  1189 I ASH     : @ 387752.366: tcs3701: stop power rail pending_off timer
11-27 00:21:40.196  1011  1189 D ASH     : @ 387752.366: tcs3701: start power rail timer, state:3
11-27 00:21:40.235  1011  1189 I ASH     : @ 387752.406: tcs3701: stop power rail pending_off timer
11-27 00:21:40.235  1011  1189 D ASH     : @ 387752.406: tcs3701: start power rail timer, state:3
11-27 00:21:40.253  8427  8467 I BatteryMgr:DataCollectionService: stats => 1701040900253,10681,4442,2136,4169000,100
11-27 00:21:40.275  1011  1189 I ASH     : @ 387752.446: tcs3701: stop power rail pending_off timer
11-27 00:21:40.275  1011  1189 D ASH     : @ 387752.446: tcs3701: start power rail timer, state:3
11-27 00:21:40.285  8427  8467 I BatteryMgr:DataCollectionService: stats => 1701040900285,10681,4442,2136,4169000,100
11-27 00:21:40.315  1011  1189 I ASH     : @ 387752.486: tcs3701: stop power rail pending_off timer
11-27 00:21:40.315  1011  1189 D ASH     : @ 387752.486: tcs3701: start power rail timer, state:3
11-27 00:21:40.355  1011  1189 I ASH     : @ 387752.526: tcs3701: stop power rail pending_off timer
11-27 00:21:40.355  1011  1189 D ASH     : @ 387752.526: tcs3701: start power rail timer, state:3
11-27 00:21:40.360  8427  8467 I BatteryMgr:DataCollectionService: stats => 1701040900360,10681,4442,2136,4169000,100
11-27 00:21:40.391  8427  8467 I BatteryMgr:DataCollectionService: stats => 1701040900391,10681,4442,2136,4169000,100
11-27 00:21:40.396  1011  1189 I ASH     : @ 387752.566: tcs3701: stop power rail pending_off timer
11-27 00:21:40.396  1011  1189 D ASH     : @ 387752.566: tcs3701: start power rail timer, state:3
11-27 00:21:40.435  1011  1189 I ASH     : @ 387752.606: tcs3701: stop power rail pending_off timer
11-27 00:21:40.436  1011  1189 D ASH     : @ 387752.606: tcs3701: start power rail timer, state:3
11-27 00:21:40.441  1795  2679 D ActivityManager: freezer override set to true
11-27 00:21:40.445  1795  2679 D ActivityManager: freezer override set to false
11-27 00:21:40.465  8427  8467 I BatteryMgr:DataCollectionService: stats => 1701040900465,10681,4442,2136,4169000,100
11-27 00:21:40.475  1011  1189 I ASH     : @ 387752.646: tcs3701: stop power rail pending_off timer
11-27 00:21:40.475  1011  1189 D ASH     : @ 387752.646: tcs3701: start power rail timer, state:3
11-27 00:21:40.496  8427  8467 I BatteryMgr:DataCollectionService: stats => 1701040900496,10681,4442,2136,4169000,100
11-27 00:21:40.515  1011  1189 I ASH     : @ 387752.686: tcs3701: stop power rail pending_off timer
11-27 00:21:40.515  1011  1189 D ASH     : @ 387752.686: tcs3701: start power rail timer, state:3
11-27 00:21:40.556  1011  1189 I ASH     : @ 387752.726: tcs3701: stop power rail pending_off timer
11-27 00:21:40.556  1011  1189 D ASH     : @ 387752.726: tcs3701: start power rail timer, state:3
11-27 00:21:40.572  8427  8467 I BatteryMgr:DataCollectionService: stats => 1701040900572,10681,4442,2136,4169000,100
11-27 00:21:40.596  1011  1189 I ASH     : @ 387752.766: tcs3701: stop power rail pending_off timer
11-27 00:21:40.596  1011  1189 D ASH     : @ 387752.766: tcs3701: start power rail timer, state:3
11-27 00:21:40.603  8427  8467 I BatteryMgr:DataCollectionService: stats => 1701040900603,10681,4442,2136,4169000,100
11-27 00:21:40.636  1011  1189 I ASH     : @ 387752.806: tcs3701: stop power rail pending_off timer
11-27 00:21:40.636  1011  1189 D ASH     : @ 387752.806: tcs3701: start power rail timer, state:3
11-27 00:21:40.675  1011  1189 I ASH     : @ 387752.846: tcs3701: stop power rail pending_off timer
11-27 00:21:40.675  1011  1189 D ASH     : @ 387752.846: tcs3701: start power rail timer, state:3
11-27 00:21:40.680  8427  8467 I BatteryMgr:DataCollectionService: stats => 1701040900680,10681,4442,2136,4169000,100
11-27 00:21:40.711  8427  8467 I BatteryMgr:DataCollectionService: stats => 1701040900711,10681,4442,2136,4169000,100
11-27 00:21:40.716  1011  1189 I ASH     : @ 387752.886: tcs3701: stop power rail pending_off timer
11-27 00:21:40.716  1011  1189 D ASH     : @ 387752.886: tcs3701: start power rail timer, state:3
11-27 00:21:40.755  1011  1189 I ASH     : @ 387752.926: tcs3701: stop power rail pending_off timer
11-27 00:21:40.755  1011  1189 D ASH     : @ 387752.926: tcs3701: start power rail timer, state:3
11-27 00:21:40.789  8427  8467 I BatteryMgr:DataCollectionService: stats => 1701040900789,10681,4442,2136,4169000,100
11-27 00:21:40.796  1011  1189 I ASH     : @ 387752.966: tcs3701: stop power rail pending_off timer
11-27 00:21:40.796  1011  1189 D ASH     : @ 387752.966: tcs3701: start power rail timer, state:3
11-27 00:21:40.817  8427  8467 I BatteryMgr:DataCollectionService: stats => 1701040900817,10681,4442,2136,4169000,100
11-27 00:21:40.835  1011  1189 I ASH     : @ 387753.006: tcs3701: stop power rail pending_off timer
11-27 00:21:40.835  1011  1189 D ASH     : @ 387753.006: tcs3701: start power rail timer, state:3
11-27 00:21:40.855  1795  2679 D ActivityManager: freezer override set to true
11-27 00:21:40.876  1011  1189 I ASH     : @ 387753.046: tcs3701: stop power rail pending_off timer
11-27 00:21:40.876  1011  1189 D ASH     : @ 387753.046: tcs3701: start power rail timer, state:3
11-27 00:21:40.894  8427  8467 I BatteryMgr:DataCollectionService: stats => 1701040900894,10681,4442,2136,4169000,100
11-27 00:21:40.916  1011  1189 I ASH     : @ 387753.086: tcs3701: stop power rail pending_off timer
11-27 00:21:40.916  1011  1189 D ASH     : @ 387753.086: tcs3701: start power rail timer, state:3
11-27 00:21:40.924  8427  8467 I BatteryMgr:DataCollectionService: stats => 1701040900924,10681,4442,2136,4169000,100
11-27 00:21:40.955  1011  1189 I ASH     : @ 387753.126: tcs3701: stop power rail pending_off timer
11-27 00:21:40.955  1011  1189 D ASH     : @ 387753.126: tcs3701: start power rail timer, state:3
11-27 00:21:40.995  1011  1189 I ASH     : @ 387753.166: tcs3701: stop power rail pending_off timer
11-27 00:21:40.995  1011  1189 D ASH     : @ 387753.166: tcs3701: start power rail timer, state:3
11-27 00:21:41.000  8427  8467 I BatteryMgr:DataCollectionService: stats => 1701040901000,10681,4442,2136,4169000,100
11-27 00:21:41.029  8427  8467 I BatteryMgr:DataCollectionService: stats => 1701040901029,10681,4442,2136,4169000,100
11-27 00:21:41.036  1011  1189 I ASH     : @ 387753.206: tcs3701: stop power rail pending_off timer
11-27 00:21:41.036  1011  1189 D ASH     : @ 387753.206: tcs3701: start power rail timer, state:3
11-27 00:21:41.065 29802 29815 I m.chrome.canary: Explicit concurrent copying GC freed 4055(207KB) AllocSpace objects, 5(100KB) LOS objects, 75% free, 14MB/58MB, paused 89us,24us total 77.875ms
11-27 00:21:41.075  1011  1189 I ASH     : @ 387753.246: tcs3701: stop power rail pending_off timer
11-27 00:21:41.075  1011  1189 D ASH     : @ 387753.246: tcs3701: start power rail timer, state:3
11-27 00:21:41.107  8427  8467 I BatteryMgr:DataCollectionService: stats => 1701040901107,10681,4442,2136,4169000,100
11-27 00:21:41.115  1011  1189 I ASH     : @ 387753.286: tcs3701: stop power rail pending_off timer
11-27 00:21:41.116  1011  1189 D ASH     : @ 387753.286: tcs3701: start power rail timer, state:3
11-27 00:21:41.136  8427  8467 I BatteryMgr:DataCollectionService: stats => 1701040901136,10681,4442,2136,4169000,100
11-27 00:21:41.151  1795  2679 D ActivityManager: freezer override set to false
11-27 00:21:41.155  1011  1189 I ASH     : @ 387753.326: tcs3701: stop power rail pending_off timer
11-27 00:21:41.155  1011  1189 D ASH     : @ 387753.326: tcs3701: start power rail timer, state:3
11-27 00:21:41.191  1795  2679 D ActivityManager: freezer override set to true
11-27 00:21:41.194  1795  2679 D ActivityManager: freezer override set to false
11-27 00:21:41.195  1011  1189 I ASH     : @ 387753.366: tcs3701: stop power rail pending_off timer
11-27 00:21:41.195  1011  1189 D ASH     : @ 387753.366: tcs3701: start power rail timer, state:3
11-27 00:21:41.213  8427  8467 I BatteryMgr:DataCollectionService: stats => 1701040901213,10681,4442,2136,4169000,100
11-27 00:21:41.227  1795  2679 D ActivityManager: freezer override set to true
11-27 00:21:41.230  1795  2679 D ActivityManager: freezer override set to false
11-27 00:21:41.235  1011  1189 I ASH     : @ 387753.406: tcs3701: stop power rail pending_off timer
11-27 00:21:41.235  1011  1189 D ASH     : @ 387753.406: tcs3701: start power rail timer, state:3
11-27 00:21:41.242  8427  8467 I BatteryMgr:DataCollectionService: stats => 1701040901242,10681,4442,2136,4169000,100
11-27 00:21:41.276  1011  1189 I ASH     : @ 387753.446: tcs3701: stop power rail pending_off timer
11-27 00:21:41.276  1011  1189 D ASH     : @ 387753.446: tcs3701: start power rail timer, state:3
11-27 00:21:41.316  1011  1189 I ASH     : @ 387753.486: tcs3701: stop power rail pending_off timer
11-27 00:21:41.316  1011  1189 D ASH     : @ 387753.486: tcs3701: start power rail timer, state:3
11-27 00:21:41.318  8427  8467 I BatteryMgr:DataCollectionService: stats => 1701040901318,10681,4442,2136,4169000,100
11-27 00:21:41.349  8427  8467 I BatteryMgr:DataCollectionService: stats => 1701040901349,10681,4442,2136,4169000,100
11-27 00:21:41.355  1011  1189 I ASH     : @ 387753.526: tcs3701: stop power rail pending_off timer
11-27 00:21:41.355  1011  1189 D ASH     : @ 387753.526: tcs3701: start power rail timer, state:3
11-27 00:21:41.396  1011  1189 I ASH     : @ 387753.566: tcs3701: stop power rail pending_off timer
11-27 00:21:41.396  1011  1189 D ASH     : @ 387753.566: tcs3701: start power rail timer, state:3
11-27 00:21:41.424  8427  8467 I BatteryMgr:DataCollectionService: stats => 1701040901424,10681,4442,2136,4169000,100
11-27 00:21:41.435  1011  1189 I ASH     : @ 387753.606: tcs3701: stop power rail pending_off timer
11-27 00:21:41.435  1011  1189 D ASH     : @ 387753.606: tcs3701: start power rail timer, state:3
11-27 00:21:41.443  1795  2679 D ActivityManager: freezer override set to true
11-27 00:21:41.448  1795  2679 D ActivityManager: freezer override set to false
11-27 00:21:41.455  8427  8467 I BatteryMgr:DataCollectionService: stats => 1701040901455,10681,4442,2136,4169000,100
11-27 00:21:41.476  1011  1189 I ASH     : @ 387753.646: tcs3701: stop power rail pending_off timer
11-27 00:21:41.476  1011  1189 D ASH     : @ 387753.646: tcs3701: start power rail timer, state:3
11-27 00:21:41.516  1011  1189 I ASH     : @ 387753.686: tcs3701: stop power rail pending_off timer
11-27 00:21:41.516  1011  1189 D ASH     : @ 387753.686: tcs3701: start power rail timer, state:3
11-27 00:21:41.529  8427  8467 I BatteryMgr:DataCollectionService: stats => 1701040901529,10681,4442,2136,4169000,100
11-27 00:21:41.555  1011  1189 I ASH     : @ 387753.726: tcs3701: stop power rail pending_off timer
11-27 00:21:41.555  1011  1189 D ASH     : @ 387753.726: tcs3701: start power rail timer, state:3
11-27 00:21:41.560  8427  8467 I BatteryMgr:DataCollectionService: stats => 1701040901560,10681,4442,2136,4169000,100
11-27 00:21:41.596  1011  1189 I ASH     : @ 387753.766: tcs3701: stop power rail pending_off timer
11-27 00:21:41.596  1011  1189 D ASH     : @ 387753.766: tcs3701: start power rail timer, state:3
11-27 00:21:41.634  8427  8467 I BatteryMgr:DataCollectionService: stats => 1701040901634,10681,4442,2136,4169000,100
11-27 00:21:41.635  1011  1189 I ASH     : @ 387753.806: tcs3701: stop power rail pending_off timer
11-27 00:21:41.635  1011  1189 D ASH     : @ 387753.806: tcs3701: start power rail timer, state:3
11-27 00:21:41.665  8427  8467 I BatteryMgr:DataCollectionService: stats => 1701040901665,10681,4442,2136,4169000,100
11-27 00:21:41.676  1011  1189 I ASH     : @ 387753.846: tcs3701: stop power rail pending_off timer
11-27 00:21:41.676  1011  1189 D ASH     : @ 387753.846: tcs3701: start power rail timer, state:3
11-27 00:21:41.716  1011  1189 I ASH     : @ 387753.886: tcs3701: stop power rail pending_off timer
11-27 00:21:41.716  1011  1189 D ASH     : @ 387753.886: tcs3701: start power rail timer, state:3
11-27 00:21:41.740  8427  8467 I BatteryMgr:DataCollectionService: stats => 1701040901740,10681,4442,2136,4169000,100
11-27 00:21:41.756  1011  1189 I ASH     : @ 387753.926: tcs3701: stop power rail pending_off timer
11-27 00:21:41.756  1011  1189 D ASH     : @ 387753.926: tcs3701: start power rail timer, state:3
11-27 00:21:41.771  8427  8467 I BatteryMgr:DataCollectionService: stats => 1701040901771,10681,4442,2136,4169000,100
11-27 00:21:41.796  1011  1189 I ASH     : @ 387753.966: tcs3701: stop power rail pending_off timer
11-27 00:21:41.796  1011  1189 D ASH     : @ 387753.966: tcs3701: start power rail timer, state:3
11-27 00:21:41.835  1011  1189 I ASH     : @ 387754.006: tcs3701: stop power rail pending_off timer
11-27 00:21:41.835  1011  1189 D ASH     : @ 387754.006: tcs3701: start power rail timer, state:3
11-27 00:21:41.844  8427  8467 I BatteryMgr:DataCollectionService: stats => 1701040901844,10681,4442,2136,4169000,100
11-27 00:21:41.876  8427  8467 I BatteryMgr:DataCollectionService: stats => 1701040901876,10681,4442,2136,4169000,100
11-27 00:21:41.876  1011  1189 I ASH     : @ 387754.046: tcs3701: stop power rail pending_off timer
11-27 00:21:41.876  1011  1189 D ASH     : @ 387754.046: tcs3701: start power rail timer, state:3
11-27 00:21:41.915  1011  1189 I ASH     : @ 387754.086: tcs3701: stop power rail pending_off timer
11-27 00:21:41.916  1011  1189 D ASH     : @ 387754.086: tcs3701: start power rail timer, state:3
11-27 00:21:41.950  8427  8467 I BatteryMgr:DataCollectionService: stats => 1701040901950,10681,4442,2136,4169000,100
11-27 00:21:41.955  1011  1189 I ASH     : @ 387754.126: tcs3701: stop power rail pending_off timer
11-27 00:21:41.955  1011  1189 D ASH     : @ 387754.126: tcs3701: start power rail timer, state:3
11-27 00:21:41.982  8427  8467 I BatteryMgr:DataCollectionService: stats => 1701040901982,10681,4442,2136,4169000,100
11-27 00:21:41.995  1011  1189 I ASH     : @ 387754.166: tcs3701: stop power rail pending_off timer
11-27 00:21:41.996  1011  1189 D ASH     : @ 387754.166: tcs3701: start power rail timer, state:3
11-27 00:21:42.035  1011  1189 I ASH     : @ 387754.206: tcs3701: stop power rail pending_off timer
11-27 00:21:42.035  1011  1189 D ASH     : @ 387754.206: tcs3701: start power rail timer, state:3
11-27 00:21:42.055  8427  8467 I BatteryMgr:DataCollectionService: stats => 1701040902055,10681,4442,2136,4169000,100
11-27 00:21:42.062 26741 26741 E AbstractGmsTracer: Traced class shouldn't be obfuscated: GmsIntentOperationChimeraService [CONTEXT service_id=259 ]
11-27 00:21:42.070 26741 30723 E AbstractGmsTracer: Traced class shouldn't be obfuscated: InstantIndexingIntentOperation [CONTEXT service_id=259 ]
11-27 00:21:42.071 26741 30723 I GmscoreIpa: Starting mediastore instant index [CONTEXT service_id=255 ]
11-27 00:21:42.076  1011  1189 I ASH     : @ 387754.246: tcs3701: stop power rail pending_off timer
11-27 00:21:42.076  1011  1189 D ASH     : @ 387754.246: tcs3701: start power rail timer, state:3
11-27 00:21:42.086  2113  2118 I pixel-thermal: skin-therm-monitor: 40.691
11-27 00:21:42.088  2113  2118 I pixel-thermal: panel-audio-therm: 40.688
11-27 00:21:42.089  8427  8467 I BatteryMgr:DataCollectionService: stats => 1701040902088,10681,4442,2136,4169000,100
11-27 00:21:42.115  1011  1189 I ASH     : @ 387754.286: tcs3701: stop power rail pending_off timer
11-27 00:21:42.116  1011  1189 D ASH     : @ 387754.286: tcs3701: start power rail timer, state:3
11-27 00:21:42.155  1011  1189 I ASH     : @ 387754.326: tcs3701: stop power rail pending_off timer
11-27 00:21:42.155  1011  1189 D ASH     : @ 387754.326: tcs3701: start power rail timer, state:3
11-27 00:21:42.161  8427  8467 I BatteryMgr:DataCollectionService: stats => 1701040902161,10681,4442,2136,4169000,100
11-27 00:21:42.194  8427  8467 I BatteryMgr:DataCollectionService: stats => 1701040902194,10681,4442,2136,4169000,100
11-27 00:21:42.195  1011  1189 I ASH     : @ 387754.366: tcs3701: stop power rail pending_off timer
11-27 00:21:42.195  1011  1189 D ASH     : @ 387754.366: tcs3701: start power rail timer, state:3
11-27 00:21:42.235  1011  1189 I ASH     : @ 387754.406: tcs3701: stop power rail pending_off timer
11-27 00:21:42.235  1011  1189 D ASH     : @ 387754.406: tcs3701: start power rail timer, state:3
11-27 00:21:42.267  8427  8467 I BatteryMgr:DataCollectionService: stats => 1701040902266,10681,4442,2136,4169000,100
11-27 00:21:42.276  1011  1189 I ASH     : @ 387754.446: tcs3701: stop power rail pending_off timer
11-27 00:21:42.276  1011  1189 D ASH     : @ 387754.446: tcs3701: start power rail timer, state:3
11-27 00:21:42.301  8427  8467 I BatteryMgr:DataCollectionService: stats => 1701040902301,10681,4442,2136,4169000,100
11-27 00:21:42.304  1795  2424 D WifiClientModeImpl[13802:wlan0]: updateLinkLayerStatsRssiSpeedFrequencyCapabilities rssi=-46 TxLinkspeed=866 freq=5240 RxLinkSpeed=866
11-27 00:21:42.305  1795  2424 D WifiDataStall: tx tput in kbps: 726289
11-27 00:21:42.305  1795  2424 D WifiDataStall: rx tput in kbps: 764515
11-27 00:21:42.305  1795  2424 V WifiConfigManager: Updating scan detail cache freq=5240 BSSID=f4:6d:2f:12:cc:88 RSSI=-46 for "ourhome"WPA_PSK
11-27 00:21:42.306  2782  5906 D QCNEJ/WlanStaInfoRelay: Received action: android.net.wifi.RSSI_CHANGED
11-27 00:21:42.306  1795  2424 D WifiChannelUtilization:  freq: 5240 onTime: 11118785 busyTime: 1031138 onTimeDiff: 1470929 busyTimeDiff: 174652 utilization: 30 utilization t0: 23
11-27 00:21:42.306  1795  2424 D WifiDataStall:  ccaLevel = 30
11-27 00:21:42.306  1795  2424 D WifiDataStall: L2 txTputKbps: 726289, rxTputKbps: 764515, L3 txTputKbps: 0, rxTputKbps: 0, TxTrafficHigh: false, RxTrafficHigh: false, Throughput Sufficient: true
11-27 00:21:42.306  2673  4031 V WifiManager: OnWifiUsabilityStatsListener: onWifiUsabilityStats: seqNum=100058
11-27 00:21:42.306  1795  2424 D WifiScoreReport: Wifi scoring disabled - Don't check IP layer
11-27 00:21:42.306  1795  2424 D WifiScoreCard: BSSID update SIGNAL_POLL ID: 1320464697 SSID: "ourhome", BSSID: f4:6d:2f:12:cc:88, MAC: b2:2f:ec:da:4a:0c, IP: /192.168.1.104, Security type: 2, Supplicant state: COMPLETED, Wi-Fi standard: 5, RSSI: -46, Link speed: 866Mbps, Tx Link speed: 866Mbps, Max Supported Tx Link speed: 866Mbps, Rx Link speed: 866Mbps, Max Supported Rx Link speed: 866Mbps, Frequency: 5240MHz, Net ID: 12, Metered hint: false, score: 60, isUsable: true, CarrierMerged: false, SubscriptionId: -1, IsPrimary: 1, Trusted: true, Restricted: false, Ephemeral: false, OEM paid: false, OEM private: false, OSU AP: false, FQDN: <none>, Provider friendly name: <none>, Requesting package name: <none>"ourhome"wpa2-pskMLO Information: , Is TID-To-Link negotiation supported by the AP: false, AP MLD Address: <none>, AP MLO Link Id: <none>, AP MLO Affiliated links: <none>
11-27 00:21:42.306  1795  2424 D WifiScoreCard: txRate: 1 txSpeed: 866
11-27 00:21:42.307  1795  2424 D WifiScoreCard: network update SIGNAL_POLL "ourhome" ID: 1499892569 RSSI -46 txSpeed -1
11-27 00:21:42.307  1795  1854 I WifiService: updateWifiUsabilityScore uid=10180 seqNum=100058 score=100 predictionHorizonSec=1441795
11-27 00:21:42.307  1795  2424 D WifiClientModeImpl[13802:wlan0]:  ClientModeImpl$L2ConnectedState screen=on 37 0 "ourhome" f4:6d:2f:12:cc:88 rssi=-46 f=5240 sc=60 link=866 tx=0.3, 0.0, 0.0 rx=0.3 bcn=3672024 [on:0 tx:0 rx:0 period:3016] from screen [on:1482804 period:28467593] score=60
11-27 00:21:42.307  1795  2424 D WifiScoreReport: Wifi scoring disabled - Notify that Wifi is usable
11-27 00:21:42.311  1795  2432 D ConnectivityService: NetReassign [no changes] [c 1] [a 0] [i 2]
11-27 00:21:42.315  1011  1189 I ASH     : @ 387754.486: tcs3701: stop power rail pending_off timer
11-27 00:21:42.315  1011  1189 D ASH     : @ 387754.486: tcs3701: start power rail timer, state:3
11-27 00:21:42.356  1011  1189 I ASH     : @ 387754.526: tcs3701: stop power rail pending_off timer
11-27 00:21:42.356  1011  1189 D ASH     : @ 387754.526: tcs3701: start power rail timer, state:3
11-27 00:21:42.363  1795  1854 D ActivityManager: freezer override set to true
11-27 00:21:42.372  8427  8467 I BatteryMgr:DataCollectionService: stats => 1701040902372,10681,4442,2136,4169000,100
11-27 00:21:42.395  1011  1189 I ASH     : @ 387754.566: tcs3701: stop power rail pending_off timer
11-27 00:21:42.395  1011  1189 D ASH     : @ 387754.566: tcs3701: start power rail timer, state:3
11-27 00:21:42.407  8427  8467 I BatteryMgr:DataCollectionService: stats => 1701040902407,10681,4442,2136,4169000,100
11-27 00:21:42.436  1011  1189 I ASH     : @ 387754.606: tcs3701: stop power rail pending_off timer
11-27 00:21:42.436  1011  1189 D ASH     : @ 387754.606: tcs3701: start power rail timer, state:3
11-27 00:21:42.476  1011  1189 I ASH     : @ 387754.646: tcs3701: stop power rail pending_off timer
11-27 00:21:42.476  1011  1189 D ASH     : @ 387754.646: tcs3701: start power rail timer, state:3
11-27 00:21:42.480  8427  8467 I BatteryMgr:DataCollectionService: stats => 1701040902480,10681,4442,2136,4169000,100
11-27 00:21:42.488 29802 29815 I m.chrome.canary: Explicit concurrent copying GC freed 3837(192KB) AllocSpace objects, 4(80KB) LOS objects, 75% free, 14MB/58MB, paused 54us,27us total 71.895ms
11-27 00:21:42.514  8427  8467 I BatteryMgr:DataCollectionService: stats => 1701040902514,10681,4442,2136,4169000,100
11-27 00:21:42.516  1011  1189 I ASH     : @ 387754.686: tcs3701: stop power rail pending_off timer
11-27 00:21:42.516  1011  1189 D ASH     : @ 387754.686: tcs3701: start power rail timer, state:3
11-27 00:21:42.556  1011  1189 I ASH     : @ 387754.726: tcs3701: stop power rail pending_off timer
11-27 00:21:42.556  1011  1189 D ASH     : @ 387754.726: tcs3701: start power rail timer, state:3
11-27 00:21:42.565  1795  2679 D ActivityManager: freezer override set to false
11-27 00:21:42.586  8427  8467 I BatteryMgr:DataCollectionService: stats => 1701040902586,10681,4442,2136,4169000,100
11-27 00:21:42.595  1011  1189 I ASH     : @ 387754.766: tcs3701: stop power rail pending_off timer
11-27 00:21:42.595  1011  1189 D ASH     : @ 387754.766: tcs3701: start power rail timer, state:3
11-27 00:21:42.623  8427  8467 I BatteryMgr:DataCollectionService: stats => 1701040902623,10681,4442,2136,4169000,100
11-27 00:21:42.636  1011  1189 I ASH     : @ 387754.806: tcs3701: stop power rail pending_off timer
11-27 00:21:42.636  1011  1189 D ASH     : @ 387754.806: tcs3701: start power rail timer, state:3
11-27 00:21:42.639  1795  2679 D ActivityManager: freezer override set to true
11-27 00:21:42.642  1795  2679 D ActivityManager: freezer override set to false
11-27 00:21:42.676  1011  1189 I ASH     : @ 387754.846: tcs3701: stop power rail pending_off timer
11-27 00:21:42.676  1011  1189 D ASH     : @ 387754.846: tcs3701: start power rail timer, state:3
11-27 00:21:42.680  1795  2679 D ActivityManager: freezer override set to true
11-27 00:21:42.682  1795  2679 D ActivityManager: freezer override set to false
11-27 00:21:42.691  8427  8467 I BatteryMgr:DataCollectionService: stats => 1701040902691,10681,4442,2136,4169000,100
11-27 00:21:42.715  1011  1189 I ASH     : @ 387754.886: tcs3701: stop power rail pending_off timer
11-27 00:21:42.715  1011  1189 D ASH     : @ 387754.886: tcs3701: start power rail timer, state:3
11-27 00:21:42.730  8427  8467 I BatteryMgr:DataCollectionService: stats => 1701040902730,10681,4442,2136,4169000,100
11-27 00:21:42.756  1011  1189 I ASH     : @ 387754.926: tcs3701: stop power rail pending_off timer
11-27 00:21:42.756  1011  1189 D ASH     : @ 387754.926: tcs3701: start power rail timer, state:3
11-27 00:21:42.795  1011  1189 I ASH     : @ 387754.966: tcs3701: stop power rail pending_off timer
11-27 00:21:42.796  1011  1189 D ASH     : @ 387754.966: tcs3701: start power rail timer, state:3
11-27 00:21:42.798  8427  8467 I BatteryMgr:DataCollectionService: stats => 1701040902798,10681,4442,2136,4169000,100
11-27 00:21:42.836  1011  1189 I ASH     : @ 387755.006: tcs3701: stop power rail pending_off timer
11-27 00:21:42.836  1011  1189 D ASH     : @ 387755.006: tcs3701: start power rail timer, state:3
11-27 00:21:42.837  8427  8467 I BatteryMgr:DataCollectionService: stats => 1701040902837,10681,4442,2136,4169000,100
11-27 00:21:42.876  1011  1189 I ASH     : @ 387755.046: tcs3701: stop power rail pending_off timer
11-27 00:21:42.876  1011  1189 D ASH     : @ 387755.046: tcs3701: start power rail timer, state:3
11-27 00:21:42.902  8427  8467 I BatteryMgr:DataCollectionService: stats => 1701040902902,10681,4442,2136,4169000,100
11-27 00:21:42.915  1011  1189 I ASH     : @ 387755.086: tcs3701: stop power rail pending_off timer
11-27 00:21:42.915  1011  1189 D ASH     : @ 387755.086: tcs3701: start power rail timer, state:3
11-27 00:21:42.944  8427  8467 I BatteryMgr:DataCollectionService: stats => 1701040902944,10681,4442,2136,4169000,100
11-27 00:21:42.955  1011  1189 I ASH     : @ 387755.126: tcs3701: stop power rail pending_off timer
11-27 00:21:42.955  1011  1189 D ASH     : @ 387755.126: tcs3701: start power rail timer, state:3
11-27 00:21:42.995  1011  1189 I ASH     : @ 387755.166: tcs3701: stop power rail pending_off timer
11-27 00:21:42.995  1011  1189 D ASH     : @ 387755.166: tcs3701: start power rail timer, state:3
11-27 00:21:43.008  8427  8467 I BatteryMgr:DataCollectionService: stats => 1701040903008,10681,4442,2136,4169000,100
11-27 00:21:43.036  1011  1189 I ASH     : @ 387755.206: tcs3701: stop power rail pending_off timer
11-27 00:21:43.036  1011  1189 D ASH     : @ 387755.206: tcs3701: start power rail timer, state:3
11-27 00:21:43.049  8427  8467 I BatteryMgr:DataCollectionService: stats => 1701040903048,10681,4442,2136,4169000,100
11-27 00:21:43.075  1011  1189 I ASH     : @ 387755.246: tcs3701: stop power rail pending_off timer
11-27 00:21:43.075  1011  1189 D ASH     : @ 387755.246: tcs3701: start power rail timer, state:3
11-27 00:21:43.114  8427  8467 I BatteryMgr:DataCollectionService: stats => 1701040903114,10681,4442,2136,4169000,100
11-27 00:21:43.116  1011  1189 I ASH     : @ 387755.286: tcs3701: stop power rail pending_off timer
11-27 00:21:43.116  1011  1189 D ASH     : @ 387755.286: tcs3701: start power rail timer, state:3
11-27 00:21:43.155  8427  8467 I BatteryMgr:DataCollectionService: stats => 1701040903155,10681,4442,2136,4169000,100
11-27 00:21:43.156  1011  1189 I ASH     : @ 387755.326: tcs3701: stop power rail pending_off timer
11-27 00:21:43.156  1011  1189 D ASH     : @ 387755.326: tcs3701: start power rail timer, state:3
11-27 00:21:43.195  1011  1189 I ASH     : @ 387755.366: tcs3701: stop power rail pending_off timer
11-27 00:21:43.195  1011  1189 D ASH     : @ 387755.366: tcs3701: start power rail timer, state:3
11-27 00:21:43.221  8427  8467 I BatteryMgr:DataCollectionService: stats => 1701040903221,10681,4442,2136,4169000,100
11-27 00:21:43.235  1011  1189 I ASH     : @ 387755.406: tcs3701: stop power rail pending_off timer
11-27 00:21:43.235  1011  1189 D ASH     : @ 387755.406: tcs3701: start power rail timer, state:3
11-27 00:21:43.260  8427  8467 I BatteryMgr:DataCollectionService: stats => 1701040903260,10681,4442,2136,4169000,100
11-27 00:21:43.275  1011  1189 I ASH     : @ 387755.446: tcs3701: stop power rail pending_off timer
11-27 00:21:43.275  1011  1189 D ASH     : @ 387755.446: tcs3701: start power rail timer, state:3
11-27 00:21:43.315  1011  1189 I ASH     : @ 387755.486: tcs3701: stop power rail pending_off timer
11-27 00:21:43.315  1011  1189 D ASH     : @ 387755.486: tcs3701: start power rail timer, state:3
11-27 00:21:43.326  8427  8467 I BatteryMgr:DataCollectionService: stats => 1701040903326,10681,4442,2136,4169000,100
11-27 00:21:43.356  1011  1189 I ASH     : @ 387755.526: tcs3701: stop power rail pending_off timer
11-27 00:21:43.356  1011  1189 D ASH     : @ 387755.526: tcs3701: start power rail timer, state:3
11-27 00:21:43.366  8427  8467 I BatteryMgr:DataCollectionService: stats => 1701040903366,10681,4442,2136,4169000,100
11-27 00:21:43.395  1011  1189 I ASH     : @ 387755.566: tcs3701: stop power rail pending_off timer
11-27 00:21:43.395  1011  1189 D ASH     : @ 387755.566: tcs3701: start power rail timer, state:3
11-27 00:21:43.436  1011  1189 I ASH     : @ 387755.606: tcs3701: stop power rail pending_off timer
11-27 00:21:43.436  1011  1189 D ASH     : @ 387755.606: tcs3701: start power rail timer, state:3
11-27 00:21:43.438  8427  8467 I BatteryMgr:DataCollectionService: stats => 1701040903438,10681,4442,2136,4169000,100
11-27 00:21:43.448  1795  2679 D ActivityManager: freezer override set to true
11-27 00:21:43.451  1795  2679 D ActivityManager: freezer override set to false
11-27 00:21:43.473  8427  8467 I BatteryMgr:DataCollectionService: stats => 1701040903473,10681,4442,2136,4169000,100
11-27 00:21:43.476  1011  1189 I ASH     : @ 387755.646: tcs3701: stop power rail pending_off timer
11-27 00:21:43.476  1011  1189 D ASH     : @ 387755.646: tcs3701: start power rail timer, state:3
11-27 00:21:43.515  1011  1189 I ASH     : @ 387755.686: tcs3701: stop power rail pending_off timer
11-27 00:21:43.515  1011  1189 D ASH     : @ 387755.686: tcs3701: start power rail timer, state:3
11-27 00:21:43.545  8427  8467 I BatteryMgr:DataCollectionService: stats => 1701040903544,10681,4442,2136,4169000,100
11-27 00:21:43.556  1011  1189 I ASH     : @ 387755.726: tcs3701: stop power rail pending_off timer
11-27 00:21:43.556  1011  1189 D ASH     : @ 387755.726: tcs3701: start power rail timer, state:3
11-27 00:21:43.578  8427  8467 I BatteryMgr:DataCollectionService: stats => 1701040903578,10681,4442,2136,4169000,100
11-27 00:21:43.595  1011  1189 I ASH     : @ 387755.766: tcs3701: stop power rail pending_off timer
11-27 00:21:43.595  1011  1189 D ASH     : @ 387755.766: tcs3701: start power rail timer, state:3
11-27 00:21:43.635  1011  1189 I ASH     : @ 387755.806: tcs3701: stop power rail pending_off timer
11-27 00:21:43.636  1011  1189 D ASH     : @ 387755.806: tcs3701: start power rail timer, state:3
11-27 00:21:43.650  8427  8467 I BatteryMgr:DataCollectionService: stats => 1701040903650,10681,4442,2136,4169000,100
11-27 00:21:43.675  1011  1189 I ASH     : @ 387755.846: tcs3701: stop power rail pending_off timer
11-27 00:21:43.676  1011  1189 D ASH     : @ 387755.846: tcs3701: start power rail timer, state:3
11-27 00:21:43.684  8427  8467 I BatteryMgr:DataCollectionService: stats => 1701040903684,10681,4442,2136,4169000,100
11-27 00:21:43.716  1011  1189 I ASH     : @ 387755.886: tcs3701: stop power rail pending_off timer
11-27 00:21:43.716  1011  1189 D ASH     : @ 387755.886: tcs3701: start power rail timer, state:3
11-27 00:21:43.755  8427  8467 I BatteryMgr:DataCollectionService: stats => 1701040903755,10681,4442,2136,4169000,100
11-27 00:21:43.755  1011  1189 I ASH     : @ 387755.926: tcs3701: stop power rail pending_off timer
11-27 00:21:43.755  1011  1189 D ASH     : @ 387755.926: tcs3701: start power rail timer, state:3
11-27 00:21:43.790  8427  8467 I BatteryMgr:DataCollectionService: stats => 1701040903790,10681,4442,2136,4169000,100
11-27 00:21:43.795  1011  1189 I ASH     : @ 387755.966: tcs3701: stop power rail pending_off timer
11-27 00:21:43.795  1011  1189 D ASH     : @ 387755.966: tcs3701: start power rail timer, state:3
11-27 00:21:43.821  1795  2679 D ActivityManager: freezer override set to true
11-27 00:21:43.835  1011  1189 I ASH     : @ 387756.006: tcs3701: stop power rail pending_off timer
11-27 00:21:43.836  1011  1189 D ASH     : @ 387756.006: tcs3701: start power rail timer, state:3
11-27 00:21:43.861  8427  8467 I BatteryMgr:DataCollectionService: stats => 1701040903861,14953,4442,2136,4169000,100
11-27 00:21:43.875  1011  1189 I ASH     : @ 387756.046: tcs3701: stop power rail pending_off timer
11-27 00:21:43.875  1011  1189 D ASH     : @ 387756.046: tcs3701: start power rail timer, state:3
11-27 00:21:43.895  8427  8467 I BatteryMgr:DataCollectionService: stats => 1701040903895,14953,4442,2136,4169000,100
11-27 00:21:43.916  1011  1189 I ASH     : @ 387756.086: tcs3701: stop power rail pending_off timer
11-27 00:21:43.916  1011  1189 D ASH     : @ 387756.086: tcs3701: start power rail timer, state:3
11-27 00:21:43.945 29802 29815 I m.chrome.canary: Explicit concurrent copying GC freed 4051(207KB) AllocSpace objects, 5(100KB) LOS objects, 75% free, 14MB/58MB, paused 33us,34us total 73.311ms
11-27 00:21:43.956  1011  1189 I ASH     : @ 387756.126: tcs3701: stop power rail pending_off timer
11-27 00:21:43.956  1011  1189 D ASH     : @ 387756.126: tcs3701: start power rail timer, state:3
11-27 00:21:43.968  8427  8467 I BatteryMgr:DataCollectionService: stats => 1701040903968,14953,4442,2136,4169000,100
11-27 00:21:43.996  1011  1189 I ASH     : @ 387756.166: tcs3701: stop power rail pending_off timer
11-27 00:21:43.996  1011  1189 D ASH     : @ 387756.166: tcs3701: start power rail timer, state:3
11-27 00:21:44.001  8427  8467 I BatteryMgr:DataCollectionService: stats => 1701040904001,14953,4442,2136,4169000,100
11-27 00:21:44.031  1795  2679 D ActivityManager: freezer override set to false
11-27 00:21:44.035  1011  1189 I ASH     : @ 387756.206: tcs3701: stop power rail pending_off timer
11-27 00:21:44.035  1011  1189 D ASH     : @ 387756.206: tcs3701: start power rail timer, state:3
11-27 00:21:44.076  1011  1189 I ASH     : @ 387756.246: tcs3701: stop power rail pending_off timer
11-27 00:21:44.076  1011  1189 D ASH     : @ 387756.246: tcs3701: start power rail timer, state:3
11-27 00:21:44.076  8427  8467 I BatteryMgr:DataCollectionService: stats => 1701040904076,14953,4442,2136,4169000,100
11-27 00:21:44.085  1795  2679 D ActivityManager: freezer override set to true
11-27 00:21:44.087  1795  2679 D ActivityManager: freezer override set to false
11-27 00:21:44.091  2113  2118 I pixel-thermal: skin-therm-monitor: 40.699
11-27 00:21:44.093  2113  2118 I pixel-thermal: panel-audio-therm: 40.71
11-27 00:21:44.109  8427  8467 I BatteryMgr:DataCollectionService: stats => 1701040904109,14953,4442,2136,4169000,100
11-27 00:21:44.116  1011  1189 I ASH     : @ 387756.286: tcs3701: stop power rail pending_off timer
11-27 00:21:44.116  1011  1189 D ASH     : @ 387756.286: tcs3701: start power rail timer, state:3
11-27 00:21:44.135  1795  2679 D ActivityManager: freezer override set to true
11-27 00:21:44.139  1795  2679 D ActivityManager: freezer override set to false
11-27 00:21:44.156  1011  1189 I ASH     : @ 387756.326: tcs3701: stop power rail pending_off timer
11-27 00:21:44.156  1011  1189 D ASH     : @ 387756.326: tcs3701: start power rail timer, state:3
11-27 00:21:44.182  8427  8467 I BatteryMgr:DataCollectionService: stats => 1701040904182,14953,4442,2136,4169000,100
11-27 00:21:44.195  1011  1189 I ASH     : @ 387756.366: tcs3701: stop power rail pending_off timer
11-27 00:21:44.195  1011  1189 D ASH     : @ 387756.366: tcs3701: start power rail timer, state:3
11-27 00:21:44.215  8427  8467 I BatteryMgr:DataCollectionService: stats => 1701040904215,14953,4442,2136,4169000,100
11-27 00:21:44.235  1011  1189 I ASH     : @ 387756.406: tcs3701: stop power rail pending_off timer
11-27 00:21:44.235  1011  1189 D ASH     : @ 387756.406: tcs3701: start power rail timer, state:3
11-27 00:21:44.275  1011  1189 I ASH     : @ 387756.446: tcs3701: stop power rail pending_off timer
11-27 00:21:44.275  1011  1189 D ASH     : @ 387756.446: tcs3701: start power rail timer, state:3
11-27 00:21:44.287  8427  8467 I BatteryMgr:DataCollectionService: stats => 1701040904287,14953,4442,2136,4169000,100
11-27 00:21:44.315  1011  1189 I ASH     : @ 387756.486: tcs3701: stop power rail pending_off timer
11-27 00:21:44.315  1011  1189 D ASH     : @ 387756.486: tcs3701: start power rail timer, state:3
11-27 00:21:44.320  8427  8467 I BatteryMgr:DataCollectionService: stats => 1701040904320,14953,4442,2136,4169000,100
11-27 00:21:44.356  1011  1189 I ASH     : @ 387756.526: tcs3701: stop power rail pending_off timer
11-27 00:21:44.356  1011  1189 D ASH     : @ 387756.526: tcs3701: start power rail timer, state:3
11-27 00:21:44.392  8427  8467 I BatteryMgr:DataCollectionService: stats => 1701040904392,14953,4442,2136,4169000,100
11-27 00:21:44.395  1011  1189 I ASH     : @ 387756.566: tcs3701: stop power rail pending_off timer
11-27 00:21:44.395  1011  1189 D ASH     : @ 387756.566: tcs3701: start power rail timer, state:3
11-27 00:21:44.426  8427  8467 I BatteryMgr:DataCollectionService: stats => 1701040904426,14953,4442,2136,4169000,100
11-27 00:21:44.435  1011  1189 I ASH     : @ 387756.606: tcs3701: stop power rail pending_off timer
11-27 00:21:44.435  1011  1189 D ASH     : @ 387756.606: tcs3701: start power rail timer, state:3
11-27 00:21:44.446  1795  1854 D ActivityManager: freezer override set to true
11-27 00:21:44.451  1795  1854 D ActivityManager: freezer override set to false
11-27 00:21:44.475  1011  1189 I ASH     : @ 387756.646: tcs3701: stop power rail pending_off timer
11-27 00:21:44.475  1011  1189 D ASH     : @ 387756.646: tcs3701: start power rail timer, state:3
11-27 00:21:44.497  8427  8467 I BatteryMgr:DataCollectionService: stats => 1701040904497,14953,4442,2136,4169000,100
11-27 00:21:44.515  1011  1189 I ASH     : @ 387756.686: tcs3701: stop power rail pending_off timer
11-27 00:21:44.515  1011  1189 D ASH     : @ 387756.686: tcs3701: start power rail timer, state:3
11-27 00:21:44.531  8427  8467 I BatteryMgr:DataCollectionService: stats => 1701040904531,14953,4442,2136,4169000,100
11-27 00:21:44.555  1011  1189 I ASH     : @ 387756.726: tcs3701: stop power rail pending_off timer
11-27 00:21:44.556  1011  1189 D ASH     : @ 387756.726: tcs3701: start power rail timer, state:3
11-27 00:21:44.595  1011  1189 I ASH     : @ 387756.766: tcs3701: stop power rail pending_off timer
11-27 00:21:44.595  1011  1189 D ASH     : @ 387756.766: tcs3701: start power rail timer, state:3
11-27 00:21:44.603  8427  8467 I BatteryMgr:DataCollectionService: stats => 1701040904603,14953,4442,2136,4169000,100
11-27 00:21:44.636  1011  1189 I ASH     : @ 387756.806: tcs3701: stop power rail pending_off timer
11-27 00:21:44.636  1011  1189 D ASH     : @ 387756.806: tcs3701: start power rail timer, state:3
11-27 00:21:44.637  8427  8467 I BatteryMgr:DataCollectionService: stats => 1701040904637,14953,4442,2136,4169000,100
11-27 00:21:44.675  1011  1189 I ASH     : @ 387756.846: tcs3701: stop power rail pending_off timer
11-27 00:21:44.675  1011  1189 D ASH     : @ 387756.846: tcs3701: start power rail timer, state:3
11-27 00:21:44.708  8427  8467 I BatteryMgr:DataCollectionService: stats => 1701040904708,14953,4442,2136,4169000,100
11-27 00:21:44.717  1011  1189 I ASH     : @ 387756.886: tcs3701: stop power rail pending_off timer
11-27 00:21:44.717  1011  1189 D ASH     : @ 387756.886: tcs3701: start power rail timer, state:3
11-27 00:21:44.745  8427  8467 I BatteryMgr:DataCollectionService: stats => 1701040904744,14953,4442,2136,4169000,100
11-27 00:21:44.755  1011  1189 I ASH     : @ 387756.926: tcs3701: stop power rail pending_off timer
11-27 00:21:44.756  1011  1189 D ASH     : @ 387756.926: tcs3701: start power rail timer, state:3
11-27 00:21:44.796  1011  1189 I ASH     : @ 387756.966: tcs3701: stop power rail pending_off timer
11-27 00:21:44.796  1011  1189 D ASH     : @ 387756.966: tcs3701: start power rail timer, state:3
11-27 00:21:44.814  8427  8467 I BatteryMgr:DataCollectionService: stats => 1701040904814,14953,4442,2136,4169000,100
11-27 00:21:44.835  1011  1189 I ASH     : @ 387757.006: tcs3701: stop power rail pending_off timer
11-27 00:21:44.836  1011  1189 D ASH     : @ 387757.006: tcs3701: start power rail timer, state:3
11-27 00:21:44.851  8427  8467 I BatteryMgr:DataCollectionService: stats => 1701040904850,14953,4442,2136,4169000,100
11-27 00:21:44.876  1011  1189 I ASH     : @ 387757.046: tcs3701: stop power rail pending_off timer
11-27 00:21:44.876  1011  1189 D ASH     : @ 387757.046: tcs3701: start power rail timer, state:3
11-27 00:21:44.915  1011  1189 I ASH     : @ 387757.086: tcs3701: stop power rail pending_off timer
11-27 00:21:44.915  1011  1189 D ASH     : @ 387757.086: tcs3701: start power rail timer, state:3
11-27 00:21:44.921  8427  8467 I BatteryMgr:DataCollectionService: stats => 1701040904921,14953,4442,2136,4169000,100
11-27 00:21:44.955  1011  1189 I ASH     : @ 387757.126: tcs3701: stop power rail pending_off timer
11-27 00:21:44.955  1011  1189 D ASH     : @ 387757.126: tcs3701: start power rail timer, state:3
11-27 00:21:44.956  8427  8467 I BatteryMgr:DataCollectionService: stats => 1701040904956,14953,4442,2136,4169000,100
11-27 00:21:44.996  1011  1189 I ASH     : @ 387757.166: tcs3701: stop power rail pending_off timer
11-27 00:21:44.996  1011  1189 D ASH     : @ 387757.166: tcs3701: start power rail timer, state:3
11-27 00:21:45.028  8427  8467 I BatteryMgr:DataCollectionService: stats => 1701040905027,14953,4442,2136,4169000,100
11-27 00:21:45.035  1011  1189 I ASH     : @ 387757.206: tcs3701: stop power rail pending_off timer
11-27 00:21:45.035  1011  1189 D ASH     : @ 387757.206: tcs3701: start power rail timer, state:3
11-27 00:21:45.062  8427  8467 I BatteryMgr:DataCollectionService: stats => 1701040905062,14953,4442,2136,4169000,100
11-27 00:21:45.075  1011  1189 I ASH     : @ 387757.246: tcs3701: stop power rail pending_off timer
11-27 00:21:45.075  1011  1189 D ASH     : @ 387757.246: tcs3701: start power rail timer, state:3
11-27 00:21:45.116  1011  1189 I ASH     : @ 387757.286: tcs3701: stop power rail pending_off timer
11-27 00:21:45.116  1011  1189 D ASH     : @ 387757.286: tcs3701: start power rail timer, state:3
11-27 00:21:45.133  8427  8467 I BatteryMgr:DataCollectionService: stats => 1701040905133,14953,4442,2136,4169000,100
11-27 00:21:45.156  1011  1189 I ASH     : @ 387757.326: tcs3701: stop power rail pending_off timer
11-27 00:21:45.156  1011  1189 D ASH     : @ 387757.326: tcs3701: start power rail timer, state:3
11-27 00:21:45.167  8427  8467 I BatteryMgr:DataCollectionService: stats => 1701040905167,14953,4442,2136,4169000,100
11-27 00:21:45.196  1011  1189 I ASH     : @ 387757.366: tcs3701: stop power rail pending_off timer
11-27 00:21:45.196  1011  1189 D ASH     : @ 387757.366: tcs3701: start power rail timer, state:3
11-27 00:21:45.235  1011  1189 I ASH     : @ 387757.406: tcs3701: stop power rail pending_off timer
11-27 00:21:45.235  1011  1189 D ASH     : @ 387757.406: tcs3701: start power rail timer, state:3
11-27 00:21:45.240  8427  8467 I BatteryMgr:DataCollectionService: stats => 1701040905240,14953,4442,2136,4169000,100
11-27 00:21:45.275  8427  8467 I BatteryMgr:DataCollectionService: stats => 1701040905275,14953,4442,2136,4169000,100
11-27 00:21:45.276  1011  1189 I ASH     : @ 387757.446: tcs3701: stop power rail pending_off timer
11-27 00:21:45.276  1011  1189 D ASH     : @ 387757.446: tcs3701: start power rail timer, state:3
11-27 00:21:45.278  1795  1854 D ActivityManager: freezer override set to true
11-27 00:21:45.316  1011  1189 I ASH     : @ 387757.486: tcs3701: stop power rail pending_off timer
11-27 00:21:45.316  1011  1189 D ASH     : @ 387757.486: tcs3701: start power rail timer, state:3
11-27 00:21:45.320  1795  2424 D WifiClientModeImpl[13802:wlan0]: updateLinkLayerStatsRssiSpeedFrequencyCapabilities rssi=-45 TxLinkspeed=866 freq=5240 RxLinkSpeed=866
11-27 00:21:45.321  1795  2424 D WifiDataStall: tx tput in kbps: 726289
11-27 00:21:45.321  1795  2424 D WifiDataStall: rx tput in kbps: 764515
11-27 00:21:45.321  1795  2424 V WifiConfigManager: Updating scan detail cache freq=5240 BSSID=f4:6d:2f:12:cc:88 RSSI=-45 for "ourhome"WPA_PSK
11-27 00:21:45.322  1795  2424 D WifiChannelUtilization:  freq: 5240 onTime: 11118785 busyTime: 1031138 onTimeDiff: 1470929 busyTimeDiff: 174652 utilization: 30 utilization t0: 23
11-27 00:21:45.322  1795  2424 D WifiDataStall:  ccaLevel = 30
11-27 00:21:45.322  1795  2424 D WifiDataStall: L2 txTputKbps: 726289, rxTputKbps: 764515, L3 txTputKbps: 0, rxTputKbps: 0, TxTrafficHigh: false, RxTrafficHigh: false, Throughput Sufficient: true
11-27 00:21:45.322  2782  5906 D QCNEJ/WlanStaInfoRelay: Received action: android.net.wifi.RSSI_CHANGED
11-27 00:21:45.322  1795  2424 D WifiScoreReport: Wifi scoring disabled - Don't check IP layer
11-27 00:21:45.323  1795  2424 D WifiScoreCard: BSSID update SIGNAL_POLL ID: 1320464697 SSID: "ourhome", BSSID: f4:6d:2f:12:cc:88, MAC: b2:2f:ec:da:4a:0c, IP: /192.168.1.104, Security type: 2, Supplicant state: COMPLETED, Wi-Fi standard: 5, RSSI: -45, Link speed: 866Mbps, Tx Link speed: 866Mbps, Max Supported Tx Link speed: 866Mbps, Rx Link speed: 866Mbps, Max Supported Rx Link speed: 866Mbps, Frequency: 5240MHz, Net ID: 12, Metered hint: false, score: 60, isUsable: true, CarrierMerged: false, SubscriptionId: -1, IsPrimary: 1, Trusted: true, Restricted: false, Ephemeral: false, OEM paid: false, OEM private: false, OSU AP: false, FQDN: <none>, Provider friendly name: <none>, Requesting package name: <none>"ourhome"wpa2-pskMLO Information: , Is TID-To-Link negotiation supported by the AP: false, AP MLD Address: <none>, AP MLO Link Id: <none>, AP MLO Affiliated links: <none>
11-27 00:21:45.323  1795  2424 D WifiScoreCard: txRate: 1 txSpeed: 866
11-27 00:21:45.323  1795  2424 D WifiScoreCard: network update SIGNAL_POLL "ourhome" ID: 1499892569 RSSI -45 txSpeed -1
11-27 00:21:45.323  1795  2424 D WifiClientModeImpl[13802:wlan0]:  ClientModeImpl$L2ConnectedState screen=on 37 0 "ourhome" f4:6d:2f:12:cc:88 rssi=-45 f=5240 sc=60 link=866 tx=0.1, 0.0, 0.0 rx=0.1 bcn=3672054 [on:0 tx:0 rx:0 period:3016] from screen [on:1482804 period:28470609] score=60
11-27 00:21:45.325  2673  4031 V WifiManager: OnWifiUsabilityStatsListener: onWifiUsabilityStats: seqNum=100059
11-27 00:21:45.325  1795  2679 I WifiService: updateWifiUsabilityScore uid=10180 seqNum=100059 score=100 predictionHorizonSec=1441795
11-27 00:21:45.327  1795  2424 D WifiScoreReport: Wifi scoring disabled - Notify that Wifi is usable
11-27 00:21:45.330  1795  2432 D ConnectivityService: NetReassign [no changes] [c 0] [a 0] [i 2]
11-27 00:21:45.347  8427  8467 I BatteryMgr:DataCollectionService: stats => 1701040905347,14953,4442,2136,4169000,100
11-27 00:21:45.355  1011  1189 I ASH     : @ 387757.526: tcs3701: stop power rail pending_off timer
11-27 00:21:45.355  1011  1189 D ASH     : @ 387757.526: tcs3701: start power rail timer, state:3
