--------- beginning of main
11-23 14:38:51.333  1011  1189 I ASH     : @ 93583.531: tcs3701: stop power rail pending_off timer
11-23 14:38:51.334  1011  1189 D ASH     : @ 93583.531: tcs3701: start power rail timer, state:3
11-23 14:38:51.374  1011  1189 I ASH     : @ 93583.571: tcs3701: stop power rail pending_off timer
11-23 14:38:51.374  1011  1189 D ASH     : @ 93583.571: tcs3701: start power rail timer, state:3
11-23 14:38:51.413  1011  1189 I ASH     : @ 93583.611: tcs3701: stop power rail pending_off timer
11-23 14:38:51.414  1011  1189 D ASH     : @ 93583.611: tcs3701: start power rail timer, state:3
11-23 14:38:51.454  1011  1189 I ASH     : @ 93583.651: tcs3701: stop power rail pending_off timer
11-23 14:38:51.454  1011  1189 D ASH     : @ 93583.651: tcs3701: start power rail timer, state:3
11-23 14:38:51.493  1011  1189 I ASH     : @ 93583.691: tcs3701: stop power rail pending_off timer
11-23 14:38:51.493  1011  1189 D ASH     : @ 93583.691: tcs3701: start power rail timer, state:3
11-23 14:38:51.532  5423  5423 D AndroidRuntime: >>>>>> START com.android.internal.os.RuntimeInit uid 2000 <<<<<<
11-23 14:38:51.534  1011  1189 I ASH     : @ 93583.731: tcs3701: stop power rail pending_off timer
11-23 14:38:51.534  1011  1189 D ASH     : @ 93583.731: tcs3701: start power rail timer, state:3
11-23 14:38:51.535  5423  5423 I AndroidRuntime: Using default boot image
11-23 14:38:51.535  5423  5423 I AndroidRuntime: Leaving lock profiling enabled
11-23 14:38:51.538  5423  5423 I app_process: Using CollectorTypeCC GC.
11-23 14:38:51.574  1011  1189 I ASH     : @ 93583.771: tcs3701: stop power rail pending_off timer
11-23 14:38:51.574  1011  1189 D ASH     : @ 93583.771: tcs3701: start power rail timer, state:3
11-23 14:38:51.611  5423  5423 D nativeloader: InitDefaultPublicLibraries for_preload=1: libandroid.so:libaaudio.so:libamidi.so:libbinder_ndk.so:libc.so:libcamera2ndk.so:libdl.so:libEGL.so:libGLESv1_CM.so:libGLESv2.so:libGLESv3.so:libicu.so:libicui18n.so:libicuuc.so:libjnigraphics.so:liblog.so:libmediandk.so:libm.so:libnativehelper.so:libnativewindow.so:libOpenMAXAL.so:libOpenSLES.so:libRS.so:libstdc++.so:libsync.so:libvulkan.so:libwebviewchromium_plat_support.so:libz.so
11-23 14:38:51.614  1011  1189 I ASH     : @ 93583.811: tcs3701: stop power rail pending_off timer
11-23 14:38:51.614  1011  1189 D ASH     : @ 93583.811: tcs3701: start power rail timer, state:3
11-23 14:38:51.624  5423  5423 D app_process: Time zone APEX ICU file found: /apex/com.android.tzdata/etc/icu/icu_tzdata.dat
11-23 14:38:51.624  5423  5423 D app_process: I18n APEX ICU file found: /apex/com.android.i18n/etc/icu/icudt70l.dat
11-23 14:38:51.649  5423  5423 D AndroidRuntime: Calling main entry com.android.commands.monkey.Monkey
11-23 14:38:51.650  5423  5423 W Monkey  : args: [-p, com.chrome.canary, 1]
11-23 14:38:51.650  5423  5423 W Monkey  :  arg: "-p"
11-23 14:38:51.650  5423  5423 W Monkey  :  arg: "com.chrome.canary"
11-23 14:38:51.650  5423  5423 W Monkey  :  arg: "1"
11-23 14:38:51.650  5423  5423 W Monkey  : data="com.chrome.canary"
11-23 14:38:51.653  1011  1189 I ASH     : @ 93583.851: tcs3701: stop power rail pending_off timer
11-23 14:38:51.653  1011  1189 D ASH     : @ 93583.851: tcs3701: start power rail timer, state:3
--------- beginning of system
11-23 14:38:51.659  1795  2119 W BroadcastQueue: Skipping deliver [background] BroadcastRecord{4250a5c u-1 android.net.conn.CONNECTIVITY_CHANGE} to ReceiverList{c15a165 5423 (unknown name)/2000/u-1 remote:d6eed2e}: process gone or crashing
11-23 14:38:51.665  1795  4158 D CompatibilityChangeReporter: Compat change id reported: 161252188; UID 10010; state: DISABLED
11-23 14:38:51.665  1795  4158 I ActivityTaskManager: START u0 {act=android.intent.action.MAIN cat=[android.intent.category.LAUNCHER] flg=0x10200000 cmp=com.chrome.canary/com.google.android.apps.chrome.Main} from uid 2000
11-23 14:38:51.665  1795  4158 D CompatibilityChangeReporter: Compat change id reported: 265464455; UID 10010; state: DISABLED
11-23 14:38:51.665  1795  4158 D CompatibilityChangeReporter: Compat change id reported: 265452344; UID 10010; state: DISABLED
11-23 14:38:51.665  1795  4158 D CompatibilityChangeReporter: Compat change id reported: 266124927; UID 10010; state: DISABLED
11-23 14:38:51.665  1795  4158 D CompatibilityChangeReporter: Compat change id reported: 265451093; UID 10010; state: DISABLED
11-23 14:38:51.666  1795  4158 D CompatibilityChangeReporter: Compat change id reported: 265456536; UID 10010; state: DISABLED
11-23 14:38:51.666  1795  4158 D CompatibilityChangeReporter: Compat change id reported: 255940284; UID 10010; state: DISABLED
11-23 14:38:51.666  1795  4158 D CompatibilityChangeReporter: Compat change id reported: 236283604; UID 10010; state: DISABLED
11-23 14:38:51.666  1795  4158 D CompatibilityChangeReporter: Compat change id reported: 263959004; UID 10010; state: DISABLED
11-23 14:38:51.666  1795  4158 D CompatibilityChangeReporter: Compat change id reported: 264304459; UID 10010; state: DISABLED
11-23 14:38:51.666  1795  4158 D CompatibilityChangeReporter: Compat change id reported: 264301586; UID 10010; state: DISABLED
11-23 14:38:51.666  1795  4158 D CompatibilityChangeReporter: Compat change id reported: 254631730; UID 10010; state: DISABLED
11-23 14:38:51.666  1795  4158 D CompatibilityChangeReporter: Compat change id reported: 273509367; UID 10010; state: DISABLED
11-23 14:38:51.666  1795  4158 D CompatibilityChangeReporter: Compat change id reported: 263259275; UID 10010; state: DISABLED
11-23 14:38:51.666  1795  4158 D CompatibilityChangeReporter: Compat change id reported: 194480991; UID 10010; state: ENABLED
11-23 14:38:51.666  1795  4158 D CompatibilityChangeReporter: Compat change id reported: 174042980; UID 10010; state: DISABLED
11-23 14:38:51.667  1795  4158 D CompatibilityChangeReporter: Compat change id reported: 184838306; UID 10010; state: DISABLED
11-23 14:38:51.668  1795  4158 D CompatibilityChangeReporter: Compat change id reported: 185004937; UID 10010; state: DISABLED
11-23 14:38:51.668  1795  4158 D CompatibilityChangeReporter: Compat change id reported: 181136395; UID 10010; state: DISABLED
11-23 14:38:51.668  1795  4158 D CompatibilityChangeReporter: Compat change id reported: 174042936; UID 10010; state: DISABLED
11-23 14:38:51.669  1795  4158 D CompatibilityChangeReporter: Compat change id reported: 205907456; UID 10010; state: ENABLED
11-23 14:38:51.671  1795  4158 D CompatibilityChangeReporter: Compat change id reported: 194833441; UID 10010; state: ENABLED
11-23 14:38:51.672  5423  5423 I Monkey  : Events injected: 1
11-23 14:38:51.673  2513  2550 W Parcel  : Expecting binder but got null!
11-23 14:38:51.674  1795  2149 E system_server: updateValue is called with a value {0, 0, 0, 0, 0, 0, 0, 0, 24, 0, 0, 0, 0, 0, 0, 0, 0, 0, 0, 0, 0, 0, 0, 0, 0}, which is lower than the previous value {0, 190, 150, 2312, 1331, 17088, 3708, 2470, 31175, 423, 3301, 2683, 3332, 975, 6890, 0, 0, 1861, 7753, 4612, 1055, 556, 518, 6157, 0}
11-23 14:38:51.674  1795  2149 E system_server: updateValue is called with a value {0, 0, 0, 0, 0, 0, 0, 0, 0, 0, 0, 0, 0, 0, 0, 0, 0, 0, 0, 0, 0, 0, 0, 0, 0}, which is lower than the previous value {0, 1, 0, 8, 1, 51, 23, 18, 50471, 0, 1, 3, 9, 9, 335, 0, 0, 0, 0, 3, 1, 7, 24, 731, 0}
11-23 14:38:51.680  1795  3057 D CompatibilityChangeReporter: Compat change id reported: 168419799; UID 10010; state: DISABLED
11-23 14:38:51.680  1795  3057 D CompatibilityChangeReporter: Compat change id reported: 273564678; UID 10010; state: DISABLED
11-23 14:38:51.682  1795  2100 D CompatibilityChangeReporter: Compat change id reported: 135634846; UID 10010; state: DISABLED
11-23 14:38:51.683  1795  2120 D CompatibilityChangeReporter: Compat change id reported: 143937733; UID 10010; state: ENABLED
11-23 14:38:51.688   987   987 D Zygote  : Forked child process 5438
11-23 14:38:51.688  1795  2120 I ActivityManager: Start proc 5438:com.chrome.canary/u0a10 for next-top-activity {com.chrome.canary/com.google.android.apps.chrome.Main}
11-23 14:38:51.689  2513  2550 E OpenGLRenderer: Unable to match the desired swap behavior.
11-23 14:38:51.691  3657  4525 D ForegroundUtils: Foreground UID status:
11-23 14:38:51.691  3657  4525 D ForegroundUtils: UID: 10128 is in foreground: true
11-23 14:38:51.691  3657  4525 D ForegroundUtils: UID: 10158 is in foreground: true
11-23 14:38:51.691  3657  4525 D ForegroundUtils: UID: 10189 is in foreground: false
11-23 14:38:51.691  3657  4525 D ForegroundUtils: UID: 10194 is in foreground: true
11-23 14:38:51.691  3657  4525 D ForegroundUtils: UID: 10206 is in foreground: false
11-23 14:38:51.691  3657  4525 D ForegroundUtils: UID: 10233 is in foreground: true
11-23 14:38:51.691  3657  4525 D ForegroundUtils: UID: 10244 is in foreground: true
11-23 14:38:51.691  3657  4525 D ForegroundUtils: UID: 10304 is in foreground: true
11-23 14:38:51.691  3657  4525 D ForegroundUtils: UID: 10319 is in foreground: true
11-23 14:38:51.692  5423  5423 I Monkey  : ## Network stats: elapsed time=27ms (0ms mobile, 0ms wifi, 27ms not connected)
11-23 14:38:51.694  1011  1189 I ASH     : @ 93583.891: tcs3701: stop power rail pending_off timer
11-23 14:38:51.694  5438  5438 I m.chrome.canary: Using CollectorTypeCC GC.
11-23 14:38:51.694  1011  1189 D ASH     : @ 93583.891: tcs3701: start power rail timer, state:3
11-23 14:38:51.695  5423  5423 I app_process: System.exit called, status: 0
11-23 14:38:51.695  5423  5423 I AndroidRuntime: VM exiting with result code 0.
11-23 14:38:51.704  1383  1442 I adbd    : jdwp connection from 5438
11-23 14:38:51.714  5438  5438 I ActivityThread: Relaunch all activities: onCoreSettingsChange
11-23 14:38:51.714  5438  5438 D CompatibilityChangeReporter: Compat change id reported: 171979766; UID 10010; state: ENABLED
11-23 14:38:51.715  3657  4525 D ForegroundUtils: Foreground UID status:
11-23 14:38:51.715  3657  4525 D ForegroundUtils: UID: 10010 is in foreground: true
11-23 14:38:51.715  3657  4525 D ForegroundUtils: UID: 10128 is in foreground: true
11-23 14:38:51.715  3657  4525 D ForegroundUtils: UID: 10158 is in foreground: true
11-23 14:38:51.715  3657  4525 D ForegroundUtils: UID: 10189 is in foreground: false
11-23 14:38:51.715  3657  4525 D ForegroundUtils: UID: 10194 is in foreground: true
11-23 14:38:51.715  3657  4525 D ForegroundUtils: UID: 10206 is in foreground: false
11-23 14:38:51.715  3657  4525 D ForegroundUtils: UID: 10233 is in foreground: true
11-23 14:38:51.715  3657  4525 D ForegroundUtils: UID: 10244 is in foreground: true
11-23 14:38:51.715  3657  4525 D ForegroundUtils: UID: 10304 is in foreground: true
11-23 14:38:51.715  3657  4525 D ForegroundUtils: UID: 10319 is in foreground: true
11-23 14:38:51.716  5438  5438 W ziparchive: Unable to open '/data/app/~~-FnXeb6__ecKd-dFZ4kZZA==/com.google.android.trichromelibrary.canary_613700033-7Q2vBiD9q0nCftKFg-pq8w==/base.dm': No such file or directory
11-23 14:38:51.716  5438  5438 W ziparchive: Unable to open '/data/app/~~-FnXeb6__ecKd-dFZ4kZZA==/com.google.android.trichromelibrary.canary_613700033-7Q2vBiD9q0nCftKFg-pq8w==/base.dm': No such file or directory
11-23 14:38:51.717  5438  5438 W m.chrome.canary: Entry not found
11-23 14:38:51.717  5438  5438 D nativeloader: Configuring clns-4 for other apk /data/app/~~-FnXeb6__ecKd-dFZ4kZZA==/com.google.android.trichromelibrary.canary_613700033-7Q2vBiD9q0nCftKFg-pq8w==/base.apk. target_sdk_version=34, uses_libraries=ALL, library_path=/data/app/~~dutrJzl_xJkEyCCvIkexCw==/com.chrome.canary-4jcd8srf2WXxld2NC1r69A==/lib/arm64:/data/app/~~dutrJzl_xJkEyCCvIkexCw==/com.chrome.canary-4jcd8srf2WXxld2NC1r69A==/base.apk!/lib/arm64-v8a:/data/app/~~-FnXeb6__ecKd-dFZ4kZZA==/com.google.android.trichromelibrary.canary_613700033-7Q2vBiD9q0nCftKFg-pq8w==/base.apk!/lib/arm64-v8a, permitted_path=/data:/mnt/expand:/data/user/0/com.chrome.canary
11-23 14:38:51.721  5438  5438 D nativeloader: Configuring clns-5 for other apk /data/app/~~dutrJzl_xJkEyCCvIkexCw==/com.chrome.canary-4jcd8srf2WXxld2NC1r69A==/base.apk. target_sdk_version=34, uses_libraries=, library_path=/data/app/~~dutrJzl_xJkEyCCvIkexCw==/com.chrome.canary-4jcd8srf2WXxld2NC1r69A==/lib/arm64:/data/app/~~dutrJzl_xJkEyCCvIkexCw==/com.chrome.canary-4jcd8srf2WXxld2NC1r69A==/base.apk!/lib/arm64-v8a:/data/app/~~-FnXeb6__ecKd-dFZ4kZZA==/com.google.android.trichromelibrary.canary_613700033-7Q2vBiD9q0nCftKFg-pq8w==/base.apk!/lib/arm64-v8a, permitted_path=/data:/mnt/expand:/data/user/0/com.chrome.canary
11-23 14:38:51.729  5438  5438 V GraphicsEnvironment: ANGLE Developer option for 'com.chrome.canary' set to: 'default'
11-23 14:38:51.730  5438  5438 V GraphicsEnvironment: ANGLE GameManagerService for com.chrome.canary: false
11-23 14:38:51.730  5438  5438 V GraphicsEnvironment: Updatable production driver is not supported on the device.
11-23 14:38:51.731  5438  5438 I LoadedApk: No resource references to update in package com.google.android.trichromelibrary.canary
11-23 14:38:51.731  5438  5438 D NetworkSecurityConfig: Using Network Security Config from resource 0_resource_name_obfuscated debugBuild: false
11-23 14:38:51.732  5438  5438 D NetworkSecurityConfig: Using Network Security Config from resource 0_resource_name_obfuscated debugBuild: false
11-23 14:38:51.732  5438  5438 I cr_SplitCompatApp: Launched version=121.0.6137.0 minSdkVersion=29 isBundle=true processName=com.chrome.canary isIsolated=false
11-23 14:38:51.733  1011  1189 I ASH     : @ 93583.931: tcs3701: stop power rail pending_off timer
11-23 14:38:51.733  1011  1189 D ASH     : @ 93583.931: tcs3701: start power rail timer, state:3
11-23 14:38:51.756  5438  5460 I cr_LibraryLoader: Loading monochrome_64 from within /data/app/~~dutrJzl_xJkEyCCvIkexCw==/com.chrome.canary-4jcd8srf2WXxld2NC1r69A==/base.apk
11-23 14:38:51.756  1795  3057 D CompatibilityChangeReporter: Compat change id reported: 161145287; UID 10010; state: DISABLED
11-23 14:38:51.759  5438  5460 I cr_Linker: loadLibraryImplLocked: monochrome_64, relroMode=1
11-23 14:38:51.770  5438  5460 I cr_LibraryLoader: Successfully loaded native library
11-23 14:38:51.771  5438  5460 I cr_CachingUmaRecorder: Flushed 21 samples from 19 histograms, 0 samples were dropped.
11-23 14:38:51.773  3875  3875 I dzhj    : onPause
11-23 14:38:51.773  1011  1189 I ASH     : @ 93583.971: tcs3701: stop power rail pending_off timer
11-23 14:38:51.773  1011  1189 D ASH     : @ 93583.971: tcs3701: start power rail timer, state:3
11-23 14:38:51.776  3604  3604 I hitl    : (REDACTED) received broadcast: %s
11-23 14:38:51.776  3604  4264 I hito    : (REDACTED) received broadcast: %s
11-23 14:38:51.776  3604  4264 I hioo    : (REDACTED) #onConfigUpdate. requester: %s
11-23 14:38:51.777  3604  4197 I hioo    : #onConfigUpdate inside sequencer
11-23 14:38:51.777  3604  4197 I hilg    : (REDACTED) Voice Match (Speaker-id) supported : %b 
11-23 14:38:51.777  3604  4197 I hilg    : (REDACTED) hotword enrollment state is enrolled:  %b, speakerId model exist: %b. Voice Match supported : %b 
11-23 14:38:51.777  3604  4197 I hilg    : (REDACTED) isHotwordAvailable():  %b, isHotwordEnabled() %b 
11-23 14:38:51.777  3604  4197 I hilg    : (REDACTED) isHotwordAvailable():  %b, isHotwordEnabled() %b 
11-23 14:38:51.777  3604  4197 I hilg    : (REDACTED) Hotword enrollment state : %s.
11-23 14:38:51.777  3604  4197 I hilg    : (REDACTED) Voice Match (Speaker-id) supported : %b 
11-23 14:38:51.777  3604  4197 I hilg    : (REDACTED) Voice Match (Speaker-id) supported : %b 
11-23 14:38:51.777  3604  4197 I hilg    : (REDACTED) hotword enrollment state is enrolled:  %b, speakerId model exist: %b, voice match supported : %b
11-23 14:38:51.777  3604  4197 I hilg    : (REDACTED) Hotword isNonVoiceMatchHotwordEnabled: %b, isHotwordAvailable: %b, isHotwordEnabled: %b, isVoiceMatchSupported: %b, isHotwordEnrolled: %b,
11-23 14:38:51.777  3604  4197 I hioo    : (REDACTED) Ignore the legacy hotword request. voice match enabled %b, isHotwordSupported %b, isIncompleteEnrollmentState %b, nonVoiceMatchHotwordEnabled %b
11-23 14:38:51.781  5438  5465 W DynamiteModule: Local module descriptor class for com.google.android.gms.googlecertificates not found.
11-23 14:38:51.782  5438  5438 I cr_MultiInstance: Removed invalid instance data. Removed tasks-instance mappings: [Chrome.MultiInstance.TaskMap.0 - 1423] and shared prefs for instances: []
11-23 14:38:51.782  5438  5438 I cr_MultiInstance: Existing Instance - persisted and unmapped Id allocated: 0
11-23 14:38:51.784  5438  5438 I cr_MultiInstance: Intent action: android.intent.action.MAIN
11-23 14:38:51.784  5438  5438 I cr_MultiInstance: Intent routed via ChromeLauncherActivity: false
11-23 14:38:51.784  5438  5438 I cr_MultiInstance: Referrer: android-app://com.android.shell
11-23 14:38:51.784  5438  5438 I cr_MultiInstance: Intent contains LAUNCHER category: true
11-23 14:38:51.784  5438  5438 I cr_MultiInstance: Intent contains FLAG_ACTIVITY_MULTIPLE_TASK: false
11-23 14:38:51.784  5438  5438 I cr_MultiInstance: Intent contains FLAG_ACTIVITY_NEW_TASK: true
11-23 14:38:51.784  5438  5438 I cr_MultiInstance: Intent component: com.google.android.apps.chrome.Main
11-23 14:38:51.784  5438  5438 I cr_MultiInstance: Intent sent by OS: false
11-23 14:38:51.784  5438  5438 I cr_MultiInstance: @ExternalAppId of intent source: 0
11-23 14:38:51.784  5438  5438 I cr_MultiInstance: Are all instances running: false
11-23 14:38:51.784  5438  5438 I cr_MultiInstance: Window allocation type: 6
11-23 14:38:51.784  5438  5438 I cr_MultiInstance: Window ID allocated: 0
11-23 14:38:51.784  5438  5438 W cr_ActivityDispatcher: CustomTabsIntent#shouldAlwaysUseBrowserUI() = false
11-23 14:38:51.784  5438  5438 D CompatibilityChangeReporter: Compat change id reported: 183155436; UID 10010; state: ENABLED
11-23 14:38:51.789  5438  5465 I DynamiteModule: Considering local module com.google.android.gms.googlecertificates:0 and remote module com.google.android.gms.googlecertificates:7
11-23 14:38:51.789  5438  5465 I DynamiteModule: Selected remote version of com.google.android.gms.googlecertificates, version >= 7
11-23 14:38:51.792  5438  5438 E m.chrome.canary: Invalid ID 0x00000000.
11-23 14:38:51.794  5438  5438 I cr_SplitCompatClassLoader: Splits: null
11-23 14:38:51.794  5438  5465 W System  : ClassLoader referenced unknown path: 
11-23 14:38:51.794  5438  5465 D nativeloader: Configuring clns-6 for other apk . target_sdk_version=34, uses_libraries=, library_path=/data/app/~~kuQRvAzVZuE4Ro2oLuwWdQ==/com.google.android.gms-oAttmqgZrSU_NO_sHK9RSA==/lib/arm64:/data/app/~~kuQRvAzVZuE4Ro2oLuwWdQ==/com.google.android.gms-oAttmqgZrSU_NO_sHK9RSA==/base.apk!/lib/arm64-v8a, permitted_path=/data:/mnt/expand:/data/user/0/com.google.android.gms
11-23 14:38:51.812  5438  5438 W cr_ActivityDispatcher: CustomTabsIntent#shouldAlwaysUseBrowserUI() = false
11-23 14:38:51.813  1011  1189 I ASH     : @ 93584.011: tcs3701: stop power rail pending_off timer
11-23 14:38:51.814  1011  1189 D ASH     : @ 93584.011: tcs3701: start power rail timer, state:3
11-23 14:38:51.814  3845  3845 E AbstractGmsTracer: Traced class shouldn't be obfuscated: GmsBoundBrokerChimeraService [CONTEXT service_id=259 ]
11-23 14:38:51.814  3845  3845 D BoundBrokerSvc: onBind: Intent { act=com.google.android.gms.safetynet.service.START pkg=com.google.android.gms }
11-23 14:38:51.814  3845  3845 D BoundBrokerSvc: Loading bound service for intent: Intent { act=com.google.android.gms.safetynet.service.START pkg=com.google.android.gms }
11-23 14:38:51.815  3845  3845 E AbstractGmsTracer: Traced class shouldn't be obfuscated: SafetyNetClientChimeraService [CONTEXT service_id=259 ]
11-23 14:38:51.819  5438  5438 I cr_CompositorSurfaceMgr: Transitioning to surface with format: -1
11-23 14:38:51.820  3074  3074 E AbstractGmsTracer: Traced class shouldn't be obfuscated: GmsApiChimeraService [CONTEXT service_id=259 ]
11-23 14:38:51.820  3074  3074 D BoundBrokerSvc: onBind: Intent { act=com.google.android.gms.phenotype.service.START pkg=com.google.android.gms }
11-23 14:38:51.820  3074  3074 D BoundBrokerSvc: Loading bound service for intent: Intent { act=com.google.android.gms.phenotype.service.START pkg=com.google.android.gms }
11-23 14:38:51.822  3074  3074 E AbstractGmsTracer: Traced class shouldn't be obfuscated: PhenotypeChimeraService [CONTEXT service_id=259 ]
11-23 14:38:51.831  5438  5438 D CompatibilityChangeReporter: Compat change id reported: 210923482; UID 10010; state: ENABLED
11-23 14:38:51.853  1011  1189 I ASH     : @ 93584.051: tcs3701: stop power rail pending_off timer
11-23 14:38:51.853  1011  1189 D ASH     : @ 93584.051: tcs3701: start power rail timer, state:3
11-23 14:38:51.856  5438  5438 D CompatibilityChangeReporter: Compat change id reported: 193247900; UID 10010; state: ENABLED
11-23 14:38:51.875  5438  5438 W cr_ActivityDispatcher: CustomTabsIntent#shouldAlwaysUseBrowserUI() = false
11-23 14:38:51.880  5438  5438 D CompatibilityChangeReporter: Compat change id reported: 237531167; UID 10010; state: DISABLED
11-23 14:38:51.886  5438  5475 W Parcel  : Expecting binder but got null!
11-23 14:38:51.892  1795  3716 D CoreBackPreview: Window{73386d9 u0 com.chrome.canary/com.google.android.apps.chrome.Main}: Setting back callback OnBackInvokedCallbackInfo{mCallback=android.window.IOnBackInvokedCallback$Stub$Proxy@5546038, mPriority=-1}
11-23 14:38:51.893  1011  1189 I ASH     : @ 93584.091: tcs3701: stop power rail pending_off timer
11-23 14:38:51.893  1011  1189 D ASH     : @ 93584.091: tcs3701: start power rail timer, state:3
11-23 14:38:51.895  1795  2120 D CompatibilityChangeReporter: Compat change id reported: 143937733; UID 10010; state: ENABLED
11-23 14:38:51.896  1795  2120 D CompatibilityChangeReporter: Compat change id reported: 135634846; UID 10010; state: DISABLED
11-23 14:38:51.896  1795  2120 D CompatibilityChangeReporter: Compat change id reported: 207557677; UID 10010; state: ENABLED
11-23 14:38:51.896   987   987 W Zygote  : forkRepeatedly terminated due to non-simple command
11-23 14:38:51.896   987   987 D Zygote  : mbuffer starts with 15, nice name is com.chrome.canary_zygote, mEnd = 410, mNext = 191, mLinesLeft = 6, mFd = 5
11-23 14:38:51.902  5438  5475 I AdrenoGLES-0: QUALCOMM build                   : 4783c89, I46ff5fc46f
11-23 14:38:51.902  5438  5475 I AdrenoGLES-0: Build Date                       : 11/30/20
11-23 14:38:51.902  5438  5475 I AdrenoGLES-0: OpenGL ES Shader Compiler Version: EV031.31.04.01
11-23 14:38:51.902  5438  5475 I AdrenoGLES-0: Local Branch                     : QPR2
11-23 14:38:51.902  5438  5475 I AdrenoGLES-0: Remote Branch                    : 
11-23 14:38:51.902  5438  5475 I AdrenoGLES-0: Remote Branch                    : 
11-23 14:38:51.902  5438  5475 I AdrenoGLES-0: Reconstruct Branch               : 
11-23 14:38:51.902  5438  5475 I AdrenoGLES-0: Build Config                     : S P 10.0.4 AArch64
11-23 14:38:51.902  5438  5475 I AdrenoGLES-0: Driver Path                      : /vendor/lib64/egl/libGLESv2_adreno.so
11-23 14:38:51.904  3074  2593 E ckqk    : Phenotype API error. Event # evhb@23d61a60, EventCode: 7 [CONTEXT service_id=51 ]
11-23 14:38:51.904  3074  2593 E ckqk    : ckoo: 29505: No config packages for log source, or config package not registered
11-23 14:38:51.904  3074  2593 E ckqk    : 	at ckrk.b(:com.google.android.gms@234414038@23.44.14 (190400-580326705):79)
11-23 14:38:51.904  3074  2593 E ckqk    : 	at ckrh.h(:com.google.android.gms@234414038@23.44.14 (190400-580326705):3)
11-23 14:38:51.904  3074  2593 E ckqk    : 	at ckqk.g(:com.google.android.gms@234414038@23.44.14 (190400-580326705):18)
11-23 14:38:51.904  3074  2593 E ckqk    : 	at ckqk.f(:com.google.android.gms@234414038@23.44.14 (190400-580326705):11)
11-23 14:38:51.904  3074  2593 E ckqk    : 	at bfmo.fh(:com.google.android.gms@234414038@23.44.14 (190400-580326705):1)
11-23 14:38:51.904  3074  2593 E ckqk    : 	at bfmz.run(:com.google.android.gms@234414038@23.44.14 (190400-580326705):100)
11-23 14:38:51.904  3074  2593 E ckqk    : 	at dvlp.run(:com.google.android.gms@234414038@23.44.14 (190400-580326705):13)
11-23 14:38:51.904  3074  2593 E ckqk    : 	at ajls.c(:com.google.android.gms@234414038@23.44.14 (190400-580326705):50)
11-23 14:38:51.904  3074  2593 E ckqk    : 	at ajls.run(:com.google.android.gms@234414038@23.44.14 (190400-580326705):76)
11-23 14:38:51.904  3074  2593 E ckqk    : 	at java.util.concurrent.ThreadPoolExecutor.runWorker(ThreadPoolExecutor.java:1145)
11-23 14:38:51.904  3074  2593 E ckqk    : 	at java.util.concurrent.ThreadPoolExecutor$Worker.run(ThreadPoolExecutor.java:644)
11-23 14:38:51.904  3074  2593 E ckqk    : 	at ajqx.run(:com.google.android.gms@234414038@23.44.14 (190400-580326705):8)
11-23 14:38:51.904  3074  2593 E ckqk    : 	at java.lang.Thread.run(Thread.java:1012)
11-23 14:38:51.904  5438  5438 I cr_StartSurfaceConfig: Recorded Startup.Android.FirstDrawCompletedTime.NoInstant = 115 ms
11-23 14:38:51.905  5438  5475 I AdrenoGLES-0: PFP: 0x016dd093, ME: 0x00000000
11-23 14:38:51.905  3074  2593 W AsyncOperation: operation=GetExperimentTokensOperationCall, opStatusCode=29505 [CONTEXT service_id=51 ]
11-23 14:38:51.905  3074  2593 W AsyncOperation: OperationException[Status{statusCode=No config packages for log source, or config package not registered, resolution=null}]
11-23 14:38:51.905  3074  2593 W AsyncOperation: 	at ckqk.g(:com.google.android.gms@234414038@23.44.14 (190400-580326705):48)
11-23 14:38:51.905  3074  2593 W AsyncOperation: 	at ckqk.f(:com.google.android.gms@234414038@23.44.14 (190400-580326705):11)
11-23 14:38:51.905  3074  2593 W AsyncOperation: 	at bfmo.fh(:com.google.android.gms@234414038@23.44.14 (190400-580326705):1)
11-23 14:38:51.905  3074  2593 W AsyncOperation: 	at bfmz.run(:com.google.android.gms@234414038@23.44.14 (190400-580326705):100)
11-23 14:38:51.905  3074  2593 W AsyncOperation: 	at dvlp.run(:com.google.android.gms@234414038@23.44.14 (190400-580326705):13)
11-23 14:38:51.905  3074  2593 W AsyncOperation: 	at ajls.c(:com.google.android.gms@234414038@23.44.14 (190400-580326705):50)
11-23 14:38:51.905  3074  2593 W AsyncOperation: 	at ajls.run(:com.google.android.gms@234414038@23.44.14 (190400-580326705):76)
11-23 14:38:51.905  3074  2593 W AsyncOperation: 	at java.util.concurrent.ThreadPoolExecutor.runWorker(ThreadPoolExecutor.java:1145)
11-23 14:38:51.905  3074  2593 W AsyncOperation: 	at java.util.concurrent.ThreadPoolExecutor$Worker.run(ThreadPoolExecutor.java:644)
11-23 14:38:51.905  3074  2593 W AsyncOperation: 	at ajqx.run(:com.google.android.gms@234414038@23.44.14 (190400-580326705):8)
11-23 14:38:51.905  3074  2593 W AsyncOperation: 	at java.lang.Thread.run(Thread.java:1012)
11-23 14:38:51.906  5438  5475 W AdrenoUtils: <ReadGpuID_from_sysfs:197>: Failed to open /sys/class/kgsl/kgsl-3d0/gpu_model
11-23 14:38:51.906  5438  5475 W AdrenoUtils: <ReadGpuID:221>: Failed to read chip ID from gpu_model. Fallback to use the GSL path
11-23 14:38:51.912   648   711 I SDM     : HWCDisplay::GetColorModeCount: Supported color mode count = 3
11-23 14:38:51.912   648   711 I SDM     : HWCDisplay::GetColorModes: Color mode = 0 is supported
11-23 14:38:51.912   648   711 I SDM     : HWCDisplay::GetColorModes: Color mode = 7 is supported
11-23 14:38:51.912   648   711 I SDM     : HWCDisplay::GetColorModes: Color mode = 9 is supported
11-23 14:38:51.912   987   987 D Zygote  : Forked child process 5485
11-23 14:38:51.913  5438  5475 E OpenGLRenderer: Unable to match the desired swap behavior.
11-23 14:38:51.915  1795  2120 W ZygoteProcess: Got error connecting to zygote, retrying. msg= Connection refused
11-23 14:38:51.917  5485  5485 I libc    : SetHeapTaggingLevel: tag level set to 0
11-23 14:38:51.918   595   595 I servicemanager: Could not find android.hardware.graphics.allocator.IAllocator/default in the VINTF manifest.
11-23 14:38:51.922  5485  5485 I e.canary_zygote: Using CollectorTypeCC GC.
11-23 14:38:51.933  1011  1189 I ASH     : @ 93584.131: tcs3701: stop power rail pending_off timer
11-23 14:38:51.933  1011  1189 D ASH     : @ 93584.131: tcs3701: start power rail timer, state:3
11-23 14:38:51.934  1795  2096 I ActivityTaskManager: Displayed com.chrome.canary/com.google.android.apps.chrome.Main: +264ms
11-23 14:38:51.938  5438  5438 I cr_CombinedPProvider: #linkNativeInternal() 0
11-23 14:38:51.938  5438  5438 I cr_PolicyProvider: #setManagerAndSource() 0
11-23 14:38:51.940  5438  5438 I cr_PolicyCacheProvider: #refresh() true
11-23 14:38:51.952  5438  5459 I cr_PartnerCustUma: Partner Customization delegate: 0.
11-23 14:38:51.952  5438  5459 W cr_PartnerCustomize: Partner homepage must be HTTP(S) or NewTabPage. Got invalid URL ""
11-23 14:38:51.967  1795  2120 I AppZygote: Starting application preload.
11-23 14:38:51.969  5485  5485 I AppZygoteInit: Beginning application preload for com.chrome.canary
11-23 14:38:51.970  5485  5485 W ziparchive: Unable to open '/data/app/~~-FnXeb6__ecKd-dFZ4kZZA==/com.google.android.trichromelibrary.canary_613700033-7Q2vBiD9q0nCftKFg-pq8w==/base.dm': No such file or directory
11-23 14:38:51.970  5485  5485 W ziparchive: Unable to open '/data/app/~~-FnXeb6__ecKd-dFZ4kZZA==/com.google.android.trichromelibrary.canary_613700033-7Q2vBiD9q0nCftKFg-pq8w==/base.dm': No such file or directory
11-23 14:38:51.971  5485  5485 W e.canary_zygote: Entry not found
11-23 14:38:51.973  5485  5485 D nativeloader: Configuring clns-4 for other apk /data/app/~~-FnXeb6__ecKd-dFZ4kZZA==/com.google.android.trichromelibrary.canary_613700033-7Q2vBiD9q0nCftKFg-pq8w==/base.apk. target_sdk_version=34, uses_libraries=ALL, library_path=/data/app/~~dutrJzl_xJkEyCCvIkexCw==/com.chrome.canary-4jcd8srf2WXxld2NC1r69A==/lib/arm64:/data/app/~~dutrJzl_xJkEyCCvIkexCw==/com.chrome.canary-4jcd8srf2WXxld2NC1r69A==/base.apk!/lib/arm64-v8a:/data/app/~~-FnXeb6__ecKd-dFZ4kZZA==/com.google.android.trichromelibrary.canary_613700033-7Q2vBiD9q0nCftKFg-pq8w==/base.apk!/lib/arm64-v8a, permitted_path=/data:/mnt/expand
11-23 14:38:51.973  2588  2588 I WallpaperService: engine paused
11-23 14:38:51.973  1011  1189 I ASH     : @ 93584.171: tcs3701: stop power rail pending_off timer
11-23 14:38:51.973  1011  1189 D ASH     : @ 93584.171: tcs3701: start power rail timer, state:3
11-23 14:38:51.974  1011  1011 I sensors-hal: [hal]activate_physical_sensor:251, android.sensor.gyroscope/41 en=0
11-23 14:38:51.975  1011  1011 D Diag_Lib: diag: Diag_LSM_DeInit: invoked for pid: 1011
11-23 14:38:51.975  1011  1011 D Diag_Lib: diag: Diag_LSM_DeInit: done for pid: 1011
11-23 14:38:51.977  1011  1011 D Diag_Lib: diag: Diag_LSM_DeInit: invoked for pid: 1011
11-23 14:38:51.977  1011  1011 D Diag_Lib: diag: Diag_LSM_DeInit: done for pid: 1011
11-23 14:38:51.977  1011  1011 I sensors-hal: [hal]activate_physical_sensor:262, android.sensor.gyroscope/41 en=0 completed
11-23 14:38:51.980  5485  5485 D nativeloader: Configuring clns-5 for other apk /data/app/~~dutrJzl_xJkEyCCvIkexCw==/com.chrome.canary-4jcd8srf2WXxld2NC1r69A==/base.apk. target_sdk_version=34, uses_libraries=, library_path=/data/app/~~dutrJzl_xJkEyCCvIkexCw==/com.chrome.canary-4jcd8srf2WXxld2NC1r69A==/lib/arm64:/data/app/~~dutrJzl_xJkEyCCvIkexCw==/com.chrome.canary-4jcd8srf2WXxld2NC1r69A==/base.apk!/lib/arm64-v8a:/data/app/~~-FnXeb6__ecKd-dFZ4kZZA==/com.google.android.trichromelibrary.canary_613700033-7Q2vBiD9q0nCftKFg-pq8w==/base.apk!/lib/arm64-v8a, permitted_path=/data:/mnt/expand
11-23 14:38:51.987  5485  5485 I cr_ZygotePreload: Loaded Zygote. version=121.0.6137.0 minSdkVersion=29 isBundle=true
11-23 14:38:51.992  5485  5485 I cr_LibraryLoader: Loading monochrome_64 from within /data/app/~~dutrJzl_xJkEyCCvIkexCw==/com.chrome.canary-4jcd8srf2WXxld2NC1r69A==/base.apk
11-23 14:38:51.992  5485  5485 I cr_Linker: loadLibraryImplLocked: monochrome_64, relroMode=1
11-23 14:38:52.004  5438  5438 I chromium: [INFO:policy_logger.cc(144)] :components/enterprise/browser/controller/chrome_browser_cloud_management_controller.cc(273) Deferring CBCM Controller Initialization until it is unblocked.
11-23 14:38:52.010  1795  2120 I AppZygote: Application preload done.
11-23 14:38:52.010  5485  5485 I AppZygoteInit: Application preload done
11-23 14:38:52.013  1011  1189 I ASH     : @ 93584.211: tcs3701: stop power rail pending_off timer
11-23 14:38:52.013  1011  1189 D ASH     : @ 93584.211: tcs3701: start power rail timer, state:3
11-23 14:38:52.019  5485  5492 W e.canary_zygote: Reducing the number of considered missed Gc histogram windows from 9358 to 100
11-23 14:38:52.022  5485  5485 I Zygote  : Entering forkRepeatedly native zygote loop
11-23 14:38:52.031  5485  5485 D Zygote  : Forked child process 5514
11-23 14:38:52.033  1795  2120 W ActivityManager: Slow operation: 138ms so far, now at startProcess: returned from zygote!
11-23 14:38:52.033  1795  2120 W ActivityManager: Slow operation: 139ms so far, now at startProcess: done updating battery stats
11-23 14:38:52.033  1795  2120 W ActivityManager: Slow operation: 139ms so far, now at startProcess: building log message
11-23 14:38:52.033  1795  2120 I ActivityManager: Start proc 5514:com.chrome.canary:sandboxed_process0:org.chromium.content.app.SandboxedProcessService0:0/u0ai0 for  {com.chrome.canary/org.chromium.content.app.SandboxedProcessService0:0}
11-23 14:38:52.033  1795  2120 W ActivityManager: Slow operation: 139ms so far, now at startProcess: starting to update pids map
11-23 14:38:52.033  1795  2120 W ActivityManager: Slow operation: 139ms so far, now at startProcess: done updating pids map
11-23 14:38:52.034  5514  5514 E libc    : SetHeapTaggingLevel: re-enabling tagging after it was disabled is not supported
11-23 14:38:52.037  5438  5438 I cr_SmsProviderGms: construction successfull AM3@37c32ee, xM3@f0c261c
11-23 14:38:52.038   987   987 I Zygote  : Entering forkRepeatedly native zygote loop
11-23 14:38:52.039  5514  5514 I ocessService0:0: Using CollectorTypeCC GC.
11-23 14:38:52.043   987   987 D Zygote  : Forked child process 5523
11-23 14:38:52.043  1795  2120 I ActivityManager: Start proc 5523:com.chrome.canary:privileged_process0/u0a10 for service {com.chrome.canary/org.chromium.content.app.PrivilegedProcessService0}
11-23 14:38:52.052  1383  1442 I adbd    : jdwp connection from 5514
11-23 14:38:52.053  1011  1189 I ASH     : @ 93584.251: tcs3701: stop power rail pending_off timer
11-23 14:38:52.053  1011  1189 D ASH     : @ 93584.251: tcs3701: start power rail timer, state:3
11-23 14:38:52.056  1795  3057 D ConnectivityService: requestNetwork for uid/pid:10010/5438 activeRequest: null callbackRequest: 2567 [NetworkRequest [ REQUEST id=2568, [ Capabilities: INTERNET&NOT_RESTRICTED&TRUSTED&NOT_VCN_MANAGED Uid: 10010 RequestorUid: 10010 RequestorPkg: com.chrome.canary UnderlyingNetworks: Null] ]] callback flags: 0 order: 2147483647
11-23 14:38:52.059  1795  2424 D WifiNetworkFactory: got request NetworkRequest [ REQUEST id=2568, [ Capabilities: INTERNET&NOT_RESTRICTED&TRUSTED&NOT_VCN_MANAGED Uid: 10010 RequestorUid: 10010 RequestorPkg: com.chrome.canary UnderlyingNetworks: Null] ]
11-23 14:38:52.059  1795  2424 V WifiNetworkFactory: Accepted network request NetworkRequest [ REQUEST id=2568, [ Capabilities: INTERNET&NOT_RESTRICTED&TRUSTED&NOT_VCN_MANAGED Uid: 10010 RequestorUid: 10010 RequestorPkg: com.chrome.canary UnderlyingNetworks: Null] ]
11-23 14:38:52.059  1795  2424 D UntrustedWifiNetworkFactory: got request NetworkRequest [ REQUEST id=2568, [ Capabilities: INTERNET&NOT_RESTRICTED&TRUSTED&NOT_VCN_MANAGED Uid: 10010 RequestorUid: 10010 RequestorPkg: com.chrome.canary UnderlyingNetworks: Null] ]
11-23 14:38:52.060  1795  2424 D OemPaidWifiNetworkFactory: got request NetworkRequest [ REQUEST id=2568, [ Capabilities: INTERNET&NOT_RESTRICTED&TRUSTED&NOT_VCN_MANAGED Uid: 10010 RequestorUid: 10010 RequestorPkg: com.chrome.canary UnderlyingNetworks: Null] ]
11-23 14:38:52.060  1795  2424 D MultiInternetWifiNetworkFactory: got request NetworkRequest [ REQUEST id=2568, [ Capabilities: INTERNET&NOT_RESTRICTED&TRUSTED&NOT_VCN_MANAGED Uid: 10010 RequestorUid: 10010 RequestorPkg: com.chrome.canary UnderlyingNetworks: Null] ]
11-23 14:38:52.060  1795  2432 D ConnectivityService: NetReassign [2568 : null → 100] [c 0] [a 1] [i 3]
11-23 14:38:52.061  5523  5523 I ileged_process0: Using CollectorTypeCC GC.
11-23 14:38:52.066  1795  2432 D ConnectivityService: NetReassign [no changes] [c 0] [a 3] [i 3]
11-23 14:38:52.072  1383  1442 I adbd    : jdwp connection from 5523
11-23 14:38:52.083  3657  4525 D ForegroundUtils: Foreground UID status:
11-23 14:38:52.083  3657  4525 D ForegroundUtils: UID: 10010 is in foreground: true
11-23 14:38:52.083  3657  4525 D ForegroundUtils: UID: 10128 is in foreground: true
11-23 14:38:52.083  3657  4525 D ForegroundUtils: UID: 10158 is in foreground: true
11-23 14:38:52.083  3657  4525 D ForegroundUtils: UID: 10189 is in foreground: false
11-23 14:38:52.083  3657  4525 D ForegroundUtils: UID: 10194 is in foreground: true
11-23 14:38:52.084  3657  4525 D ForegroundUtils: UID: 10206 is in foreground: false
11-23 14:38:52.084  3657  4525 D ForegroundUtils: UID: 10233 is in foreground: true
11-23 14:38:52.084  3657  4525 D ForegroundUtils: UID: 10244 is in foreground: true
11-23 14:38:52.084  3657  4525 D ForegroundUtils: UID: 10304 is in foreground: true
11-23 14:38:52.084  3657  4525 D ForegroundUtils: UID: 10319 is in foreground: true
11-23 14:38:52.084  3657  4525 D ForegroundUtils: UID: 90000 is in foreground: true
11-23 14:38:52.087  5438  5438 I cr_EnterpriseInfoImpl: #setCacheResult() deviceOwned:false profileOwned:false
11-23 14:38:52.087  5438  5438 I cr_EnterpriseInfo: #getManagedStateForNative() CQ0@b139486
11-23 14:38:52.089  1795  4167 D ConnectivityService: requestNetwork for uid/pid:10010/5438 activeRequest: null callbackRequest: 2570 [NetworkRequest [ REQUEST id=2571, [ Capabilities: INTERNET&NOT_RESTRICTED&TRUSTED&NOT_VCN_MANAGED Uid: 10010 RequestorUid: 10010 RequestorPkg: com.chrome.canary UnderlyingNetworks: Null] ]] callback flags: 0 order: 2147483647
11-23 14:38:52.090  5523  5523 I ActivityThread: Relaunch all activities: onCoreSettingsChange
11-23 14:38:52.091  5514  5514 I ActivityThread: Relaunch all activities: onCoreSettingsChange
11-23 14:38:52.091  5523  5523 D CompatibilityChangeReporter: Compat change id reported: 171979766; UID 10010; state: ENABLED
11-23 14:38:52.092  1795  2432 D ConnectivityService: NetReassign [2571 : null → 100] [c 0] [a 1] [i 1]
11-23 14:38:52.092  5514  5514 D CompatibilityChangeReporter: Compat change id reported: 171979766; UID 90000; state: ENABLED
11-23 14:38:52.093  1795  2424 D WifiNetworkFactory: got request NetworkRequest [ REQUEST id=2571, [ Capabilities: INTERNET&NOT_RESTRICTED&TRUSTED&NOT_VCN_MANAGED Uid: 10010 RequestorUid: 10010 RequestorPkg: com.chrome.canary UnderlyingNetworks: Null] ]
11-23 14:38:52.093  1795  2424 V WifiNetworkFactory: Accepted network request NetworkRequest [ REQUEST id=2571, [ Capabilities: INTERNET&NOT_RESTRICTED&TRUSTED&NOT_VCN_MANAGED Uid: 10010 RequestorUid: 10010 RequestorPkg: com.chrome.canary UnderlyingNetworks: Null] ]
11-23 14:38:52.093  1795  2424 D UntrustedWifiNetworkFactory: got request NetworkRequest [ REQUEST id=2571, [ Capabilities: INTERNET&NOT_RESTRICTED&TRUSTED&NOT_VCN_MANAGED Uid: 10010 RequestorUid: 10010 RequestorPkg: com.chrome.canary UnderlyingNetworks: Null] ]
11-23 14:38:52.093  1795  2424 D OemPaidWifiNetworkFactory: got request NetworkRequest [ REQUEST id=2571, [ Capabilities: INTERNET&NOT_RESTRICTED&TRUSTED&NOT_VCN_MANAGED Uid: 10010 RequestorUid: 10010 RequestorPkg: com.chrome.canary UnderlyingNetworks: Null] ]
11-23 14:38:52.093  1795  2424 D MultiInternetWifiNetworkFactory: got request NetworkRequest [ REQUEST id=2571, [ Capabilities: INTERNET&NOT_RESTRICTED&TRUSTED&NOT_VCN_MANAGED Uid: 10010 RequestorUid: 10010 RequestorPkg: com.chrome.canary UnderlyingNetworks: Null] ]
11-23 14:38:52.094  1011  1189 I ASH     : @ 93584.291: tcs3701: stop power rail pending_off timer
11-23 14:38:52.094  1011  1189 D ASH     : @ 93584.291: tcs3701: start power rail timer, state:3
11-23 14:38:52.094  1795  2432 D ConnectivityService: NetReassign [no changes] [c 0] [a 0] [i 2]
11-23 14:38:52.097  5523  5523 W ziparchive: Unable to open '/data/app/~~-FnXeb6__ecKd-dFZ4kZZA==/com.google.android.trichromelibrary.canary_613700033-7Q2vBiD9q0nCftKFg-pq8w==/base.dm': No such file or directory
11-23 14:38:52.097  5523  5523 W ziparchive: Unable to open '/data/app/~~-FnXeb6__ecKd-dFZ4kZZA==/com.google.android.trichromelibrary.canary_613700033-7Q2vBiD9q0nCftKFg-pq8w==/base.dm': No such file or directory
11-23 14:38:52.097  5523  5523 W ileged_process0: Entry not found
11-23 14:38:52.098  5523  5523 D nativeloader: Configuring clns-4 for other apk /data/app/~~-FnXeb6__ecKd-dFZ4kZZA==/com.google.android.trichromelibrary.canary_613700033-7Q2vBiD9q0nCftKFg-pq8w==/base.apk. target_sdk_version=34, uses_libraries=ALL, library_path=/data/app/~~dutrJzl_xJkEyCCvIkexCw==/com.chrome.canary-4jcd8srf2WXxld2NC1r69A==/lib/arm64:/data/app/~~dutrJzl_xJkEyCCvIkexCw==/com.chrome.canary-4jcd8srf2WXxld2NC1r69A==/base.apk!/lib/arm64-v8a:/data/app/~~-FnXeb6__ecKd-dFZ4kZZA==/com.google.android.trichromelibrary.canary_613700033-7Q2vBiD9q0nCftKFg-pq8w==/base.apk!/lib/arm64-v8a, permitted_path=/data:/mnt/expand:/data/user/0/com.chrome.canary
11-23 14:38:52.099  5438  5509 W chromium: [WARNING:ev_root_ca_metadata.cc(119)] Not implemented
11-23 14:38:52.099  5438  5509 W chromium: [WARNING:ev_root_ca_metadata.cc(119)] Not implemented
11-23 14:38:52.104  5438  5438 I cr_CombinedPProvider: #registerProvider() provider:gN2@62944d1 isPolicyCacheEnabled:true policyProvidersSize:0
11-23 14:38:52.104  5438  5438 I cr_PolicyProvider: #setManagerAndSource() 0
11-23 14:38:52.104  5438  5438 I cr_CombinedPProvider: #registerProvider() provider:fj@c710a37 isPolicyCacheEnabled:false policyProvidersSize:1
11-23 14:38:52.104  5523  5523 D nativeloader: Configuring clns-5 for other apk /data/app/~~dutrJzl_xJkEyCCvIkexCw==/com.chrome.canary-4jcd8srf2WXxld2NC1r69A==/base.apk. target_sdk_version=34, uses_libraries=, library_path=/data/app/~~dutrJzl_xJkEyCCvIkexCw==/com.chrome.canary-4jcd8srf2WXxld2NC1r69A==/lib/arm64:/data/app/~~dutrJzl_xJkEyCCvIkexCw==/com.chrome.canary-4jcd8srf2WXxld2NC1r69A==/base.apk!/lib/arm64-v8a:/data/app/~~-FnXeb6__ecKd-dFZ4kZZA==/com.google.android.trichromelibrary.canary_613700033-7Q2vBiD9q0nCftKFg-pq8w==/base.apk!/lib/arm64-v8a, permitted_path=/data:/mnt/expand:/data/user/0/com.chrome.canary
11-23 14:38:52.105  5438  5438 I cr_PolicyProvider: #setManagerAndSource() 1
11-23 14:38:52.106  5438  5438 I cr_AppResProvider: #getApplicationRestrictionsFromUserManager() Bundle[EMPTY_PARCEL]
11-23 14:38:52.106  5438  5438 I cr_PolicyProvider: #notifySettingsAvailable() 1
11-23 14:38:52.106  5438  5438 I cr_CombinedPProvider: #onSettingsAvailable() 1
11-23 14:38:52.109  5514  5514 I LoadedApk: No resource references to update in package com.google.android.trichromelibrary.canary
11-23 14:38:52.110  5514  5514 D NetworkSecurityConfig: Using Network Security Config from resource 0_resource_name_obfuscated debugBuild: false
11-23 14:38:52.110  2113  2118 I pixel-thermal: skin-therm-monitor: 36.916
11-23 14:38:52.111  5438  5438 I cr_CompositorSurfaceMgr: Transitioning to surface with format: -1
11-23 14:38:52.111  5514  5514 D NetworkSecurityConfig: Using Network Security Config from resource 0_resource_name_obfuscated debugBuild: false
11-23 14:38:52.112  5523  5523 V GraphicsEnvironment: ANGLE Developer option for 'com.chrome.canary' set to: 'default'
11-23 14:38:52.113  5514  5514 I cr_SplitCompatApp: Launched version=121.0.6137.0 minSdkVersion=29 isBundle=true processName=com.chrome.canary:sandboxed_process0:org.chromium.content.app.SandboxedProcessService0:0 isIsolated=true
11-23 14:38:52.113  5523  5523 V GraphicsEnvironment: ANGLE GameManagerService for com.chrome.canary: false
11-23 14:38:52.113  5523  5523 V GraphicsEnvironment: Updatable production driver is not supported on the device.
11-23 14:38:52.113  5438  5438 I cr_CompositorSurfaceMgr: surfaceCreated format: 0
11-23 14:38:52.114  1795  3057 D CompatibilityChangeReporter: Compat change id reported: 182734110; UID 10010; state: ENABLED
11-23 14:38:52.116  1795  3784 D CompatibilityChangeReporter: Compat change id reported: 149924527; UID 10010; state: ENABLED
11-23 14:38:52.117  1795  3784 D CompatibilityChangeReporter: Compat change id reported: 132649864; UID 10010; state: DISABLED
11-23 14:38:52.118  5438  5438 W m.chrome.canary: Accessing hidden method Landroid/telephony/TelephonyManager;->getSubscriberInfoService()Lcom/android/internal/telephony/IPhoneSubInfo; (blocked, reflection, denied)
11-23 14:38:52.118  5438  5438 W m.chrome.canary: Accessing hidden method Landroid/telephony/TelephonyManager;->getSubscriberInfoService()Lcom/android/internal/telephony/IPhoneSubInfo; (blocked, reflection, denied)
11-23 14:38:52.118  5438  5438 W m.chrome.canary: Accessing hidden method Landroid/telephony/TelephonyManager;->getSubscriptionService()Lcom/android/internal/telephony/ISub; (blocked, reflection, denied)
11-23 14:38:52.118  5438  5438 W m.chrome.canary: Accessing hidden method Landroid/telephony/TelephonyManager;->getSubscriptionService()Lcom/android/internal/telephony/ISub; (blocked, reflection, denied)
11-23 14:38:52.118  5438  5438 W m.chrome.canary: Accessing hidden method Landroid/telephony/TelephonyManager;->getSmsService()Lcom/android/internal/telephony/ISms; (blocked, reflection, denied)
11-23 14:38:52.119  5438  5438 W m.chrome.canary: Accessing hidden method Landroid/telephony/TelephonyManager;->getSmsService()Lcom/android/internal/telephony/ISms; (blocked, reflection, denied)
11-23 14:38:52.119  5438  5438 W m.chrome.canary: Accessing hidden method Landroid/telephony/TelephonyManager;->getITelephony()Lcom/android/internal/telephony/ITelephony; (max-target-p, reflection, denied)
11-23 14:38:52.119  5438  5438 W m.chrome.canary: Accessing hidden method Landroid/telephony/TelephonyManager;->getITelephony()Lcom/android/internal/telephony/ITelephony; (max-target-p, reflection, denied)
11-23 14:38:52.119  5514  5514 W SystemServiceRegistry: No service published for: uimode
11-23 14:38:52.121  5523  5523 I LoadedApk: No resource references to update in package com.google.android.trichromelibrary.canary
11-23 14:38:52.122  5523  5523 D NetworkSecurityConfig: Using Network Security Config from resource 0_resource_name_obfuscated debugBuild: false
11-23 14:38:52.122  5523  5523 D NetworkSecurityConfig: Using Network Security Config from resource 0_resource_name_obfuscated debugBuild: false
11-23 14:38:52.123  5523  5523 I cr_SplitCompatApp: Launched version=121.0.6137.0 minSdkVersion=29 isBundle=true processName=com.chrome.canary:privileged_process0 isIsolated=false
11-23 14:38:52.125  5514  5514 I cr_ChildProcessService: Creating new ChildProcessService pid=5514
11-23 14:38:52.133  5523  5523 I cr_ChildProcessService: Creating new ChildProcessService pid=5523
11-23 14:38:52.134  5438  5503 W chromium: [WARNING:ev_root_ca_metadata.cc(119)] Not implemented
11-23 14:38:52.134  5438  5503 W chromium: [WARNING:ev_root_ca_metadata.cc(119)] Not implemented
11-23 14:38:52.134  5438  5438 I cr_PolicyProvider: #notifySettingsAvailable() 0
11-23 14:38:52.134  5438  5438 I cr_CombinedPProvider: #onSettingsAvailable() 0
11-23 14:38:52.134  5438  5438 I cr_CombinedPProvider: #flushPolicies()
11-23 14:38:52.134  1011  1189 I ASH     : @ 93584.331: tcs3701: stop power rail pending_off timer
11-23 14:38:52.134  1011  1189 D ASH     : @ 93584.331: tcs3701: start power rail timer, state:3
11-23 14:38:52.134  5438  5438 I cr_PolicyService: #onPolicyServiceInitialized()
11-23 14:38:52.138  5438  5438 I cr_PolicyProvider: #notifySettingsAvailable() 0
11-23 14:38:52.138  5438  5438 I cr_CombinedPProvider: #onSettingsAvailable() 0
11-23 14:38:52.138  5438  5438 I cr_CombinedPProvider: #flushPolicies()
11-23 14:38:52.138  5438  5438 I cr_ChromeTabbedActivity: #initializeState
11-23 14:38:52.143  5523  5553 I cr_LibraryLoader: Loading monochrome_64 from within /data/app/~~dutrJzl_xJkEyCCvIkexCw==/com.chrome.canary-4jcd8srf2WXxld2NC1r69A==/base.apk
11-23 14:38:52.143  5523  5553 I cr_Linker: loadLibraryImplLocked: monochrome_64, relroMode=2
11-23 14:38:52.160  5523  5553 I cr_LibraryLoader: Successfully loaded native library
11-23 14:38:52.160  5523  5553 I cr_CachingUmaRecorder: Flushed 4 samples from 4 histograms, 0 samples were dropped.
11-23 14:38:52.164  5523  5553 I AdrenoGLES-0: QUALCOMM build                   : 4783c89, I46ff5fc46f
11-23 14:38:52.164  5523  5553 I AdrenoGLES-0: Build Date                       : 11/30/20
11-23 14:38:52.164  5523  5553 I AdrenoGLES-0: OpenGL ES Shader Compiler Version: EV031.31.04.01
11-23 14:38:52.164  5523  5553 I AdrenoGLES-0: Local Branch                     : QPR2
11-23 14:38:52.164  5523  5553 I AdrenoGLES-0: Remote Branch                    : 
11-23 14:38:52.164  5523  5553 I AdrenoGLES-0: Remote Branch                    : 
11-23 14:38:52.164  5523  5553 I AdrenoGLES-0: Reconstruct Branch               : 
11-23 14:38:52.165  5523  5553 I AdrenoGLES-0: Build Config                     : S P 10.0.4 AArch64
11-23 14:38:52.165  5523  5553 I AdrenoGLES-0: Driver Path                      : /vendor/lib64/egl/libGLESv2_adreno.so
11-23 14:38:52.169  5523  5553 I AdrenoGLES-0: PFP: 0x016dd093, ME: 0x00000000
11-23 14:38:52.171  5523  5553 W AdrenoUtils: <ReadGpuID_from_sysfs:197>: Failed to open /sys/class/kgsl/kgsl-3d0/gpu_model
11-23 14:38:52.171  5523  5553 W AdrenoUtils: <ReadGpuID:221>: Failed to read chip ID from gpu_model. Fallback to use the GSL path
11-23 14:38:52.174  1011  1189 I ASH     : @ 93584.371: tcs3701: stop power rail pending_off timer
11-23 14:38:52.174  1011  1189 D ASH     : @ 93584.371: tcs3701: start power rail timer, state:3
11-23 14:38:52.176  5438  5438 E m.chrome.canary: Invalid ID 0x00000000.
