11-23 14:36:20.630 32555 32620 W chromium: [WARNING:ev_root_ca_metadata.cc(119)] Not implemented
11-23 14:36:20.649  1795  3658 D CompatibilityChangeReporter: Compat change id reported: 214016041; UID 10010; state: ENABLED
11-23 14:36:20.650  3375  3375 I GoogleInputMethodService: GoogleInputMethodService.onFinishInput():3154 
11-23 14:36:20.651  3375  3375 I GoogleInputMethodService: GoogleInputMethodService.updateDeviceLockedStatus():2088 repeatCheckTimes = 0, locked = false
11-23 14:36:20.651  3375  3375 I GoogleInputMethodService: GoogleInputMethodService.onStartInput():1883 onStartInput(EditorInfo{EditorInfo{packageName=com.chrome.canary, inputType=0, inputTypeString=NULL, enableLearning=false, autoCorrection=false, autoComplete=false, imeOptions=12000000, privateImeOptions=null, actionName=UNSPECIFIED, actionLabel=null, initialSelStart=-1, initialSelEnd=-1, initialCapsMode=0, label=null, fieldId=-1, fieldName=null, extras=null, hintText=null, hintLocales=[]}}, false)
11-23 14:36:20.652  3375  3375 I GoogleInputMethodService: GoogleInputMethodService.updateDeviceLockedStatus():2088 repeatCheckTimes = 1, locked = false
11-23 14:36:20.653  1011  1189 I ASH     : @ 93432.851: tcs3701: stop power rail pending_off timer
11-23 14:36:20.653  1011  1189 D ASH     : @ 93432.851: tcs3701: start power rail timer, state:3
11-23 14:36:20.656 32555 32620 W chromium: [WARNING:ev_root_ca_metadata.cc(119)] Not implemented
11-23 14:36:20.656 32555 32620 W chromium: [WARNING:ev_root_ca_metadata.cc(119)] Not implemented
11-23 14:36:20.662 32555 32620 W chromium: [WARNING:ev_root_ca_metadata.cc(119)] Not implemented
11-23 14:36:20.662 32555 32620 W chromium: [WARNING:ev_root_ca_metadata.cc(119)] Not implemented
11-23 14:36:20.668 32555 32619 W chromium: [WARNING:ev_root_ca_metadata.cc(119)] Not implemented
11-23 14:36:20.682  5238  5296 I BatteryMgr:DataCollectionService: stats => 1700746580682,10375,4445,13427,4169000,100
11-23 14:36:20.683 32555 32620 W chromium: [WARNING:ev_root_ca_metadata.cc(119)] Not implemented
11-23 14:36:20.693  1011  1189 I ASH     : @ 93432.891: tcs3701: stop power rail pending_off timer
11-23 14:36:20.693  1011  1189 D ASH     : @ 93432.891: tcs3701: start power rail timer, state:3
11-23 14:36:20.710 32555 32619 W chromium: [WARNING:ev_root_ca_metadata.cc(119)] Not implemented
11-23 14:36:20.717   362   469 I tflite  : Initialized TensorFlow Lite runtime.
11-23 14:36:20.717   362   469 W libc    : Access denied finding property "ro.mediatek.platform"
11-23 14:36:20.718   362   469 W libc    : Access denied finding property "ro.chipname"
11-23 14:36:20.718   362   469 W libc    : Access denied finding property "ro.hardware.chipname"
11-23 14:36:20.733  1011  1189 I ASH     : @ 93432.931: tcs3701: stop power rail pending_off timer
11-23 14:36:20.733  1011  1189 D ASH     : @ 93432.931: tcs3701: start power rail timer, state:3
11-23 14:36:20.773  1011  1189 I ASH     : @ 93432.971: tcs3701: stop power rail pending_off timer
11-23 14:36:20.773  1011  1189 D ASH     : @ 93432.971: tcs3701: start power rail timer, state:3
11-23 14:36:20.788  5238  5296 I BatteryMgr:DataCollectionService: stats => 1700746580788,10375,4445,13427,4169000,100
11-23 14:36:20.813  1011  1189 I ASH     : @ 93433.011: tcs3701: stop power rail pending_off timer
11-23 14:36:20.813  1011  1189 D ASH     : @ 93433.011: tcs3701: start power rail timer, state:3
11-23 14:36:20.853  1011  1189 I ASH     : @ 93433.051: tcs3701: stop power rail pending_off timer
11-23 14:36:20.853  1011  1189 D ASH     : @ 93433.051: tcs3701: start power rail timer, state:3
11-23 14:36:20.891  5238  5296 I BatteryMgr:DataCollectionService: stats => 1700746580891,10375,4445,13427,4169000,100
11-23 14:36:20.893  1011  1189 I ASH     : @ 93433.091: tcs3701: stop power rail pending_off timer
11-23 14:36:20.893  1011  1189 D ASH     : @ 93433.091: tcs3701: start power rail timer, state:3
11-23 14:36:20.933  1011  1189 I ASH     : @ 93433.131: tcs3701: stop power rail pending_off timer
11-23 14:36:20.933  1011  1189 D ASH     : @ 93433.131: tcs3701: start power rail timer, state:3
11-23 14:36:20.973  1011  1189 I ASH     : @ 93433.171: tcs3701: stop power rail pending_off timer
11-23 14:36:20.973  1011  1189 D ASH     : @ 93433.171: tcs3701: start power rail timer, state:3
11-23 14:36:20.995  5238  5296 I BatteryMgr:DataCollectionService: stats => 1700746580995,10375,4445,13427,4169000,100
11-23 14:36:21.013  1011  1189 I ASH     : @ 93433.211: tcs3701: stop power rail pending_off timer
11-23 14:36:21.013  1011  1189 D ASH     : @ 93433.211: tcs3701: start power rail timer, state:3
11-23 14:36:21.053  1011  1189 I ASH     : @ 93433.251: tcs3701: stop power rail pending_off timer
11-23 14:36:21.053  1011  1189 D ASH     : @ 93433.251: tcs3701: start power rail timer, state:3
11-23 14:36:21.093  1011  1189 I ASH     : @ 93433.291: tcs3701: stop power rail pending_off timer
11-23 14:36:21.093  1011  1189 D ASH     : @ 93433.291: tcs3701: start power rail timer, state:3
11-23 14:36:21.099  5238  5296 I BatteryMgr:DataCollectionService: stats => 1700746581099,10375,4445,13427,4169000,100
11-23 14:36:21.133  1011  1189 I ASH     : @ 93433.331: tcs3701: stop power rail pending_off timer
11-23 14:36:21.133  1011  1189 D ASH     : @ 93433.331: tcs3701: start power rail timer, state:3
11-23 14:36:21.173  1011  1189 I ASH     : @ 93433.371: tcs3701: stop power rail pending_off timer
11-23 14:36:21.173  1011  1189 D ASH     : @ 93433.371: tcs3701: start power rail timer, state:3
11-23 14:36:21.200  1795  3759 D ActivityManager: freezer override set to true
11-23 14:36:21.203  5238  5296 I BatteryMgr:DataCollectionService: stats => 1700746581203,10375,4445,13427,4169000,100
11-23 14:36:21.213  1011  1189 I ASH     : @ 93433.411: tcs3701: stop power rail pending_off timer
11-23 14:36:21.213  1011  1189 D ASH     : @ 93433.411: tcs3701: start power rail timer, state:3
11-23 14:36:21.253  1011  1189 I ASH     : @ 93433.451: tcs3701: stop power rail pending_off timer
11-23 14:36:21.253  1011  1189 D ASH     : @ 93433.451: tcs3701: start power rail timer, state:3
11-23 14:36:21.259 32555 32565 W m.chrome.canary: Cleared Reference was only reachable from finalizer (only reported once)
11-23 14:36:21.293  1011  1189 I ASH     : @ 93433.491: tcs3701: stop power rail pending_off timer
11-23 14:36:21.293  1011  1189 D ASH     : @ 93433.491: tcs3701: start power rail timer, state:3
11-23 14:36:21.307  5238  5296 I BatteryMgr:DataCollectionService: stats => 1700746581307,10375,4445,13427,4169000,100
11-23 14:36:21.334  3845  3845 E AbstractGmsTracer: Traced class shouldn't be obfuscated: GmsBoundBrokerChimeraService [CONTEXT service_id=259 ]
11-23 14:36:21.334  3845  3845 D BoundBrokerSvc: onBind: Intent { act=com.google.android.gms.common.BIND_SHARED_PREFS pkg=com.google.android.gms }
11-23 14:36:21.335  3845  3845 D BoundBrokerSvc: Loading bound service for intent: Intent { act=com.google.android.gms.common.BIND_SHARED_PREFS pkg=com.google.android.gms }
11-23 14:36:21.335  3845  3845 E AbstractGmsTracer: Traced class shouldn't be obfuscated: SharedPreferencesBoundService [CONTEXT service_id=259 ]
11-23 14:36:21.336  1011  1189 I ASH     : @ 93433.531: tcs3701: stop power rail pending_off timer
11-23 14:36:21.336  1011  1189 D ASH     : @ 93433.531: tcs3701: start power rail timer, state:3
11-23 14:36:21.340  3845  3845 D BoundBrokerSvc: onUnbind: Intent { act=com.google.android.gms.common.BIND_SHARED_PREFS pkg=com.google.android.gms }
11-23 14:36:21.359 32555 32611 I m.chrome.canary: Explicit concurrent copying GC freed 245906(5019KB) AllocSpace objects, 1(20KB) LOS objects, 75% free, 10MB/41MB, paused 164us,30us total 47.733ms
11-23 14:36:21.373  1011  1189 I ASH     : @ 93433.571: tcs3701: stop power rail pending_off timer
11-23 14:36:21.373  1011  1189 D ASH     : @ 93433.571: tcs3701: start power rail timer, state:3
11-23 14:36:21.412  1795  3759 D ActivityManager: freezer override set to false
11-23 14:36:21.413  5238  5296 I BatteryMgr:DataCollectionService: stats => 1700746581413,10375,4445,13427,4169000,100
11-23 14:36:21.413  1011  1189 I ASH     : @ 93433.611: tcs3701: stop power rail pending_off timer
11-23 14:36:21.413  1011  1189 D ASH     : @ 93433.611: tcs3701: start power rail timer, state:3
11-23 14:36:21.453  1011  1189 I ASH     : @ 93433.651: tcs3701: stop power rail pending_off timer
11-23 14:36:21.453  1011  1189 D ASH     : @ 93433.651: tcs3701: start power rail timer, state:3
11-23 14:36:21.458  1795  3784 D ActivityManager: freezer override set to true
11-23 14:36:21.467  1795  3759 D ActivityManager: freezer override set to false
11-23 14:36:21.493  1011  1189 I ASH     : @ 93433.691: tcs3701: stop power rail pending_off timer
11-23 14:36:21.493  1011  1189 D ASH     : @ 93433.691: tcs3701: start power rail timer, state:3
11-23 14:36:21.516  5238  5296 I BatteryMgr:DataCollectionService: stats => 1700746581516,10375,4445,13427,4169000,100
11-23 14:36:21.533  1011  1189 I ASH     : @ 93433.731: tcs3701: stop power rail pending_off timer
11-23 14:36:21.533  1011  1189 D ASH     : @ 93433.731: tcs3701: start power rail timer, state:3
11-23 14:36:21.573  1011  1189 I ASH     : @ 93433.771: tcs3701: stop power rail pending_off timer
11-23 14:36:21.573  1011  1189 D ASH     : @ 93433.771: tcs3701: start power rail timer, state:3
11-23 14:36:21.613  1011  1189 I ASH     : @ 93433.811: tcs3701: stop power rail pending_off timer
11-23 14:36:21.613  1011  1189 D ASH     : @ 93433.811: tcs3701: start power rail timer, state:3
11-23 14:36:21.620  5238  5296 I BatteryMgr:DataCollectionService: stats => 1700746581620,10375,4445,13427,4169000,100
11-23 14:36:21.653  1011  1189 I ASH     : @ 93433.851: tcs3701: stop power rail pending_off timer
11-23 14:36:21.653  1011  1189 D ASH     : @ 93433.851: tcs3701: start power rail timer, state:3
11-23 14:36:21.693  1011  1189 I ASH     : @ 93433.891: tcs3701: stop power rail pending_off timer
11-23 14:36:21.693  1011  1189 D ASH     : @ 93433.891: tcs3701: start power rail timer, state:3
11-23 14:36:21.725  5238  5296 I BatteryMgr:DataCollectionService: stats => 1700746581724,10375,4445,13427,4169000,100
11-23 14:36:21.733  1011  1189 I ASH     : @ 93433.931: tcs3701: stop power rail pending_off timer
11-23 14:36:21.733  1011  1189 D ASH     : @ 93433.931: tcs3701: start power rail timer, state:3
11-23 14:36:21.773  1011  1189 I ASH     : @ 93433.971: tcs3701: stop power rail pending_off timer
11-23 14:36:21.773  1011  1189 D ASH     : @ 93433.971: tcs3701: start power rail timer, state:3
11-23 14:36:21.803  2113  2118 I pixel-thermal: skin-therm-monitor: 36.909
11-23 14:36:21.813  1011  1189 I ASH     : @ 93434.011: tcs3701: stop power rail pending_off timer
11-23 14:36:21.813  1011  1189 D ASH     : @ 93434.011: tcs3701: start power rail timer, state:3
11-23 14:36:21.832  5238  5296 I BatteryMgr:DataCollectionService: stats => 1700746581832,10375,4445,13427,4169000,100
11-23 14:36:21.853  1011  1189 I ASH     : @ 93434.051: tcs3701: stop power rail pending_off timer
11-23 14:36:21.853  1011  1189 D ASH     : @ 93434.051: tcs3701: start power rail timer, state:3
11-23 14:36:21.893  1011  1189 I ASH     : @ 93434.091: tcs3701: stop power rail pending_off timer
11-23 14:36:21.893  1011  1189 D ASH     : @ 93434.091: tcs3701: start power rail timer, state:3
11-23 14:36:21.933  1011  1189 I ASH     : @ 93434.131: tcs3701: stop power rail pending_off timer
11-23 14:36:21.933  1011  1189 D ASH     : @ 93434.131: tcs3701: start power rail timer, state:3
11-23 14:36:21.936  5238  5296 I BatteryMgr:DataCollectionService: stats => 1700746581935,10375,4445,13427,4169000,100
11-23 14:36:21.973  1011  1189 I ASH     : @ 93434.171: tcs3701: stop power rail pending_off timer
11-23 14:36:21.973  1011  1189 D ASH     : @ 93434.171: tcs3701: start power rail timer, state:3
11-23 14:36:22.013  1011  1189 I ASH     : @ 93434.211: tcs3701: stop power rail pending_off timer
11-23 14:36:22.013  1011  1189 D ASH     : @ 93434.211: tcs3701: start power rail timer, state:3
11-23 14:36:22.035 32645 32667 I AdrenoVK-0: QUALCOMM build          : 4783c89, I46ff5fc46f
11-23 14:36:22.035 32645 32667 I AdrenoVK-0: Build Date              : 11/30/20
11-23 14:36:22.035 32645 32667 I AdrenoVK-0: Shader Compiler Version : EV031.31.04.01
11-23 14:36:22.035 32645 32667 I AdrenoVK-0: Local Branch            : QPR2
11-23 14:36:22.035 32645 32667 I AdrenoVK-0: Remote Branch           : 
11-23 14:36:22.035 32645 32667 I AdrenoVK-0: Remote Branch           : 
11-23 14:36:22.035 32645 32667 I AdrenoVK-0: Reconstruct Branch      : 
11-23 14:36:22.035 32645 32667 I AdrenoVK-0: Build Config            : S P 10.0.4 AArch64
11-23 14:36:22.036 32645 32667 I AdrenoVK-0: Driver Path             : /vendor/lib64/hw/vulkan.adreno.so
11-23 14:36:22.040  5238  5296 I BatteryMgr:DataCollectionService: stats => 1700746582040,10375,4445,13427,4169000,100
11-23 14:36:22.053  1011  1189 I ASH     : @ 93434.251: tcs3701: stop power rail pending_off timer
11-23 14:36:22.053  1011  1189 D ASH     : @ 93434.251: tcs3701: start power rail timer, state:3
11-23 14:36:22.093  1011  1189 I ASH     : @ 93434.291: tcs3701: stop power rail pending_off timer
11-23 14:36:22.093  1011  1189 D ASH     : @ 93434.291: tcs3701: start power rail timer, state:3
11-23 14:36:22.134  1011  1189 I ASH     : @ 93434.331: tcs3701: stop power rail pending_off timer
11-23 14:36:22.134  1011  1189 D ASH     : @ 93434.331: tcs3701: start power rail timer, state:3
11-23 14:36:22.148  5238  5296 I BatteryMgr:DataCollectionService: stats => 1700746582148,10375,4445,13427,4169000,100
11-23 14:36:22.173  1011  1189 I ASH     : @ 93434.371: tcs3701: stop power rail pending_off timer
11-23 14:36:22.173  1011  1189 D ASH     : @ 93434.371: tcs3701: start power rail timer, state:3
11-23 14:36:22.213  1011  1189 I ASH     : @ 93434.411: tcs3701: stop power rail pending_off timer
11-23 14:36:22.213  1011  1189 D ASH     : @ 93434.411: tcs3701: start power rail timer, state:3
11-23 14:36:22.253  1011  1189 I ASH     : @ 93434.451: tcs3701: stop power rail pending_off timer
11-23 14:36:22.253  1011  1189 D ASH     : @ 93434.451: tcs3701: start power rail timer, state:3
11-23 14:36:22.254  5238  5296 I BatteryMgr:DataCollectionService: stats => 1700746582254,10375,4445,13427,4169000,100
11-23 14:36:22.293  1011  1189 I ASH     : @ 93434.491: tcs3701: stop power rail pending_off timer
11-23 14:36:22.293  1011  1189 D ASH     : @ 93434.491: tcs3701: start power rail timer, state:3
11-23 14:36:22.333  1011  1189 I ASH     : @ 93434.531: tcs3701: stop power rail pending_off timer
11-23 14:36:22.334  1011  1189 D ASH     : @ 93434.531: tcs3701: start power rail timer, state:3
11-23 14:36:22.358  5238  5296 I BatteryMgr:DataCollectionService: stats => 1700746582358,10375,4445,13427,4169000,100
11-23 14:36:22.373  1011  1189 I ASH     : @ 93434.571: tcs3701: stop power rail pending_off timer
11-23 14:36:22.373  1011  1189 D ASH     : @ 93434.571: tcs3701: start power rail timer, state:3
11-23 14:36:22.413  1011  1189 I ASH     : @ 93434.611: tcs3701: stop power rail pending_off timer
11-23 14:36:22.413  1011  1189 D ASH     : @ 93434.612: tcs3701: start power rail timer, state:3
11-23 14:36:22.453  1011  1189 I ASH     : @ 93434.651: tcs3701: stop power rail pending_off timer
11-23 14:36:22.453  1011  1189 D ASH     : @ 93434.651: tcs3701: start power rail timer, state:3
11-23 14:36:22.462  1795  3759 D ActivityManager: freezer override set to true
11-23 14:36:22.464  5238  5296 I BatteryMgr:DataCollectionService: stats => 1700746582464,10375,4445,13427,4169000,100
11-23 14:36:22.471  1795  3759 D ActivityManager: freezer override set to false
11-23 14:36:22.493  1011  1189 I ASH     : @ 93434.691: tcs3701: stop power rail pending_off timer
11-23 14:36:22.493  1011  1189 D ASH     : @ 93434.691: tcs3701: start power rail timer, state:3
11-23 14:36:22.533  1011  1189 I ASH     : @ 93434.731: tcs3701: stop power rail pending_off timer
11-23 14:36:22.533  1011  1189 D ASH     : @ 93434.731: tcs3701: start power rail timer, state:3
11-23 14:36:22.569  5238  5296 I BatteryMgr:DataCollectionService: stats => 1700746582569,10375,4445,13427,4169000,100
11-23 14:36:22.573  1011  1189 I ASH     : @ 93434.771: tcs3701: stop power rail pending_off timer
11-23 14:36:22.573  1011  1189 D ASH     : @ 93434.771: tcs3701: start power rail timer, state:3
11-23 14:36:22.613  1011  1189 I ASH     : @ 93434.811: tcs3701: stop power rail pending_off timer
11-23 14:36:22.613  1011  1189 D ASH     : @ 93434.811: tcs3701: start power rail timer, state:3
11-23 14:36:22.653  1011  1189 I ASH     : @ 93434.851: tcs3701: stop power rail pending_off timer
11-23 14:36:22.653  1011  1189 D ASH     : @ 93434.851: tcs3701: start power rail timer, state:3
11-23 14:36:22.658  1795  3784 D ActivityManager: freezer override set to true
11-23 14:36:22.674  5238  5296 I BatteryMgr:DataCollectionService: stats => 1700746582674,10375,4445,13427,4169000,100
11-23 14:36:22.693  1011  1189 I ASH     : @ 93434.891: tcs3701: stop power rail pending_off timer
11-23 14:36:22.693  1011  1189 D ASH     : @ 93434.891: tcs3701: start power rail timer, state:3
11-23 14:36:22.733  1011  1189 I ASH     : @ 93434.931: tcs3701: stop power rail pending_off timer
11-23 14:36:22.733  1011  1189 D ASH     : @ 93434.931: tcs3701: start power rail timer, state:3
11-23 14:36:22.773  1011  1189 I ASH     : @ 93434.971: tcs3701: stop power rail pending_off timer
11-23 14:36:22.773  1011  1189 D ASH     : @ 93434.971: tcs3701: start power rail timer, state:3
11-23 14:36:22.791  5238  5296 I BatteryMgr:DataCollectionService: stats => 1700746582791,10375,4445,13427,4169000,100
11-23 14:36:22.813  1011  1189 I ASH     : @ 93435.011: tcs3701: stop power rail pending_off timer
11-23 14:36:22.813  1011  1189 D ASH     : @ 93435.011: tcs3701: start power rail timer, state:3
11-23 14:36:22.854  1011  1189 I ASH     : @ 93435.051: tcs3701: stop power rail pending_off timer
11-23 14:36:22.854  1011  1189 D ASH     : @ 93435.051: tcs3701: start power rail timer, state:3
11-23 14:36:22.893  1011  1189 I ASH     : @ 93435.091: tcs3701: stop power rail pending_off timer
11-23 14:36:22.893  1011  1189 D ASH     : @ 93435.091: tcs3701: start power rail timer, state:3
11-23 14:36:22.899  5238  5296 I BatteryMgr:DataCollectionService: stats => 1700746582899,10375,4445,13427,4169000,100
11-23 14:36:22.925 32555 32611 I m.chrome.canary: Explicit concurrent copying GC freed 556108(10MB) AllocSpace objects, 3(116KB) LOS objects, 75% free, 14MB/59MB, paused 122us,25us total 149.708ms
11-23 14:36:22.934  1011  1189 I ASH     : @ 93435.131: tcs3701: stop power rail pending_off timer
11-23 14:36:22.934  1011  1189 D ASH     : @ 93435.131: tcs3701: start power rail timer, state:3
11-23 14:36:22.973  1011  1189 I ASH     : @ 93435.171: tcs3701: stop power rail pending_off timer
11-23 14:36:22.973  1011  1189 D ASH     : @ 93435.171: tcs3701: start power rail timer, state:3
11-23 14:36:22.994  1795  3784 D ActivityManager: freezer override set to false
11-23 14:36:23.014  1011  1189 I ASH     : @ 93435.211: tcs3701: stop power rail pending_off timer
11-23 14:36:23.014  1011  1189 D ASH     : @ 93435.211: tcs3701: start power rail timer, state:3
11-23 14:36:23.020  5238  5296 I BatteryMgr:DataCollectionService: stats => 1700746583019,10375,4445,13427,4169000,100
11-23 14:36:23.046  1795  3759 D ActivityManager: freezer override set to true
11-23 14:36:23.053  1011  1189 I ASH     : @ 93435.251: tcs3701: stop power rail pending_off timer
11-23 14:36:23.053  1011  1189 D ASH     : @ 93435.251: tcs3701: start power rail timer, state:3
11-23 14:36:23.093  1011  1189 I ASH     : @ 93435.291: tcs3701: stop power rail pending_off timer
11-23 14:36:23.093  1011  1189 D ASH     : @ 93435.291: tcs3701: start power rail timer, state:3
11-23 14:36:23.097  1795  3759 D ActivityManager: freezer override set to false
11-23 14:36:23.127  5238  5296 I BatteryMgr:DataCollectionService: stats => 1700746583127,10375,4445,13427,4169000,100
11-23 14:36:23.133  1011  1189 I ASH     : @ 93435.331: tcs3701: stop power rail pending_off timer
11-23 14:36:23.133  1011  1189 D ASH     : @ 93435.331: tcs3701: start power rail timer, state:3
11-23 14:36:23.173  1011  1189 I ASH     : @ 93435.371: tcs3701: stop power rail pending_off timer
11-23 14:36:23.173  1011  1189 D ASH     : @ 93435.371: tcs3701: start power rail timer, state:3
11-23 14:36:23.213  1011  1189 I ASH     : @ 93435.411: tcs3701: stop power rail pending_off timer
11-23 14:36:23.213  1011  1189 D ASH     : @ 93435.411: tcs3701: start power rail timer, state:3
11-23 14:36:23.218  1795  2424 D WifiClientModeImpl[13802:wlan0]: updateLinkLayerStatsRssiSpeedFrequencyCapabilities rssi=-48 TxLinkspeed=866 freq=5240 RxLinkSpeed=866
11-23 14:36:23.218  1795  2424 D WifiDataStall: tx tput in kbps: 648801
11-23 14:36:23.218  1795  2424 D WifiDataStall: rx tput in kbps: 791578
11-23 14:36:23.218  1795  2424 V WifiConfigManager: Updating scan detail cache freq=5240 BSSID=f4:6d:2f:12:cc:88 RSSI=-48 for "ourhome"WPA_PSK
11-23 14:36:23.219  1795  2424 D WifiChannelUtilization:  freq: 5240 onTime: 2780513 busyTime: 248121 onTimeDiff: 2780218 busyTimeDiff: 248104 utilization: 22 utilization t0: 22
11-23 14:36:23.219  1795  2424 D WifiDataStall:  ccaLevel = 22
11-23 14:36:23.219  1795  2424 D WifiDataStall: L2 txTputKbps: 783662, rxTputKbps: 791578, L3 txTputKbps: 56, rxTputKbps: 185, TxTrafficHigh: true, RxTrafficHigh: true, Throughput Sufficient: true
11-23 14:36:23.219  3213  3232 V WifiManager: OnWifiUsabilityStatsListener: onWifiUsabilityStats: seqNum=30837
11-23 14:36:23.219  1795  2424 D WifiScoreReport: Wifi scoring disabled - Don't check IP layer
11-23 14:36:23.219  1795  2424 D WifiScoreCard: BSSID update SIGNAL_POLL ID: 1320464697 SSID: "ourhome", BSSID: f4:6d:2f:12:cc:88, MAC: b2:2f:ec:da:4a:0c, IP: /192.168.1.104, Security type: 2, Supplicant state: COMPLETED, Wi-Fi standard: 5, RSSI: -48, Link speed: 866Mbps, Tx Link speed: 866Mbps, Max Supported Tx Link speed: 866Mbps, Rx Link speed: 866Mbps, Max Supported Rx Link speed: 866Mbps, Frequency: 5240MHz, Net ID: 12, Metered hint: false, score: 60, isUsable: true, CarrierMerged: false, SubscriptionId: -1, IsPrimary: 1, Trusted: true, Restricted: false, Ephemeral: false, OEM paid: false, OEM private: false, OSU AP: false, FQDN: <none>, Provider friendly name: <none>, Requesting package name: <none>"ourhome"wpa2-pskMLO Information: , Is TID-To-Link negotiation supported by the AP: false, AP MLD Address: <none>, AP MLO Link Id: <none>, AP MLO Affiliated links: <none>
11-23 14:36:23.219  1795  2424 D WifiScoreCard: txRate: 27 txSpeed: 866
11-23 14:36:23.219  1795  2424 D WifiScoreCard: network update SIGNAL_POLL "ourhome" ID: 1499892569 RSSI -48 txSpeed 866
11-23 14:36:23.219  1795  3784 I WifiService: updateWifiUsabilityScore uid=10180 seqNum=30837 score=100 predictionHorizonSec=1441795
11-23 14:36:23.219  1795  2424 D WifiClientModeImpl[13802:wlan0]:  ClientModeImpl$L2ConnectedState screen=on 17 0 "ourhome" f4:6d:2f:12:cc:88 rssi=-48 f=5240 sc=60 link=866 tx=25.7, 0.9, 0.0 rx=14.9 bcn=893374 [on:1169 tx:11 rx:5 period:3013] from screen [on:112328 period:3216713] score=60
11-23 14:36:23.220  1795  2424 D WifiScoreReport: Wifi scoring disabled - Notify that Wifi is usable
11-23 14:36:23.223  1795  2432 D ConnectivityService: NetReassign [no changes] [c 0] [a 0] [i 2]
11-23 14:36:23.232  5238  5296 I BatteryMgr:DataCollectionService: stats => 1700746583232,10375,4445,13427,4169000,100
11-23 14:36:23.253  1011  1189 I ASH     : @ 93435.451: tcs3701: stop power rail pending_off timer
11-23 14:36:23.253  1011  1189 D ASH     : @ 93435.451: tcs3701: start power rail timer, state:3
11-23 14:36:23.294  1011  1189 I ASH     : @ 93435.491: tcs3701: stop power rail pending_off timer
11-23 14:36:23.294  1011  1189 D ASH     : @ 93435.491: tcs3701: start power rail timer, state:3
11-23 14:36:23.333  1011  1189 I ASH     : @ 93435.531: tcs3701: stop power rail pending_off timer
11-23 14:36:23.333  1011  1189 D ASH     : @ 93435.531: tcs3701: start power rail timer, state:3
11-23 14:36:23.341  5238  5296 I BatteryMgr:DataCollectionService: stats => 1700746583341,10375,4445,13427,4169000,100
11-23 14:36:23.373  1011  1189 I ASH     : @ 93435.571: tcs3701: stop power rail pending_off timer
11-23 14:36:23.373  1011  1189 D ASH     : @ 93435.571: tcs3701: start power rail timer, state:3
11-23 14:36:23.413  1011  1189 I ASH     : @ 93435.611: tcs3701: stop power rail pending_off timer
11-23 14:36:23.413  1011  1189 D ASH     : @ 93435.611: tcs3701: start power rail timer, state:3
11-23 14:36:23.443  5238  5296 I BatteryMgr:DataCollectionService: stats => 1700746583443,10375,4445,13427,4169000,100
11-23 14:36:23.453  1011  1189 I ASH     : @ 93435.651: tcs3701: stop power rail pending_off timer
11-23 14:36:23.453  1011  1189 D ASH     : @ 93435.651: tcs3701: start power rail timer, state:3
11-23 14:36:23.491  1795  3759 D ActivityManager: freezer override set to true
11-23 14:36:23.496  1011  1189 I ASH     : @ 93435.691: tcs3701: stop power rail pending_off timer
11-23 14:36:23.496  1011  1189 D ASH     : @ 93435.691: tcs3701: start power rail timer, state:3
11-23 14:36:23.500  1795  3759 D ActivityManager: freezer override set to false
11-23 14:36:23.533  1011  1189 I ASH     : @ 93435.731: tcs3701: stop power rail pending_off timer
11-23 14:36:23.533  1011  1189 D ASH     : @ 93435.731: tcs3701: start power rail timer, state:3
11-23 14:36:23.546  5238  5296 I BatteryMgr:DataCollectionService: stats => 1700746583546,10375,4445,13427,4169000,100
11-23 14:36:23.573  1011  1189 I ASH     : @ 93435.771: tcs3701: stop power rail pending_off timer
11-23 14:36:23.573  1011  1189 D ASH     : @ 93435.771: tcs3701: start power rail timer, state:3
11-23 14:36:23.614  1011  1189 I ASH     : @ 93435.811: tcs3701: stop power rail pending_off timer
11-23 14:36:23.614  1011  1189 D ASH     : @ 93435.811: tcs3701: start power rail timer, state:3
11-23 14:36:23.651  5238  5296 I BatteryMgr:DataCollectionService: stats => 1700746583651,10375,4445,13427,4169000,100
11-23 14:36:23.653  1011  1189 I ASH     : @ 93435.851: tcs3701: stop power rail pending_off timer
11-23 14:36:23.653  1011  1189 D ASH     : @ 93435.851: tcs3701: start power rail timer, state:3
11-23 14:36:23.693  1011  1189 I ASH     : @ 93435.891: tcs3701: stop power rail pending_off timer
11-23 14:36:23.693  1011  1189 D ASH     : @ 93435.891: tcs3701: start power rail timer, state:3
11-23 14:36:23.733  1011  1189 I ASH     : @ 93435.931: tcs3701: stop power rail pending_off timer
11-23 14:36:23.733  1011  1189 D ASH     : @ 93435.931: tcs3701: start power rail timer, state:3
11-23 14:36:23.762  5238  5296 I BatteryMgr:DataCollectionService: stats => 1700746583761,10375,4445,13427,4169000,100
11-23 14:36:23.773  1011  1189 I ASH     : @ 93435.971: tcs3701: stop power rail pending_off timer
11-23 14:36:23.773  1011  1189 D ASH     : @ 93435.971: tcs3701: start power rail timer, state:3
11-23 14:36:23.807  2113  2118 I pixel-thermal: skin-therm-monitor: 36.895
11-23 14:36:23.813  1011  1189 I ASH     : @ 93436.011: tcs3701: stop power rail pending_off timer
11-23 14:36:23.813  1011  1189 D ASH     : @ 93436.011: tcs3701: start power rail timer, state:3
11-23 14:36:23.855  1011  1189 I ASH     : @ 93436.051: tcs3701: stop power rail pending_off timer
11-23 14:36:23.855  1011  1189 D ASH     : @ 93436.051: tcs3701: start power rail timer, state:3
11-23 14:36:23.870  5238  5296 I BatteryMgr:DataCollectionService: stats => 1700746583870,10375,4445,13427,4169000,100
11-23 14:36:23.878 32555 32555 D CompatibilityChangeReporter: Compat change id reported: 194532703; UID 10010; state: ENABLED
11-23 14:36:23.880  1795  3759 D CompatibilityChangeReporter: Compat change id reported: 194532703; UID 10010; state: ENABLED
11-23 14:36:23.893  1011  1189 I ASH     : @ 93436.091: tcs3701: stop power rail pending_off timer
11-23 14:36:23.893  1011  1189 D ASH     : @ 93436.091: tcs3701: start power rail timer, state:3
11-23 14:36:23.900 32555 32555 I cr_omaha: Scheduled using JobService
11-23 14:36:23.900 32555 32555 E cr_BkgrdTaskJS: Tried finishing non-current BackgroundTask.
11-23 14:36:23.933  1011  1189 I ASH     : @ 93436.131: tcs3701: stop power rail pending_off timer
11-23 14:36:23.933  1011  1189 D ASH     : @ 93436.131: tcs3701: start power rail timer, state:3
11-23 14:36:23.973  1011  1189 I ASH     : @ 93436.171: tcs3701: stop power rail pending_off timer
11-23 14:36:23.973  1011  1189 D ASH     : @ 93436.171: tcs3701: start power rail timer, state:3
11-23 14:36:23.976  5238  5296 I BatteryMgr:DataCollectionService: stats => 1700746583976,10375,4445,13427,4169000,100
11-23 14:36:24.013  1011  1189 I ASH     : @ 93436.211: tcs3701: stop power rail pending_off timer
11-23 14:36:24.013  1011  1189 D ASH     : @ 93436.211: tcs3701: start power rail timer, state:3
11-23 14:36:24.055  1011  1189 I ASH     : @ 93436.251: tcs3701: stop power rail pending_off timer
11-23 14:36:24.055  1011  1189 D ASH     : @ 93436.251: tcs3701: start power rail timer, state:3
11-23 14:36:24.084  5238  5296 I BatteryMgr:DataCollectionService: stats => 1700746584084,10375,4445,13427,4169000,100
11-23 14:36:24.093  1011  1189 I ASH     : @ 93436.291: tcs3701: stop power rail pending_off timer
11-23 14:36:24.093  1011  1189 D ASH     : @ 93436.291: tcs3701: start power rail timer, state:3
11-23 14:36:24.133  1011  1189 I ASH     : @ 93436.331: tcs3701: stop power rail pending_off timer
11-23 14:36:24.133  1011  1189 D ASH     : @ 93436.332: tcs3701: start power rail timer, state:3
11-23 14:36:24.173  1011  1189 I ASH     : @ 93436.371: tcs3701: stop power rail pending_off timer
11-23 14:36:24.173  1011  1189 D ASH     : @ 93436.371: tcs3701: start power rail timer, state:3
11-23 14:36:24.198  5238  5296 I BatteryMgr:DataCollectionService: stats => 1700746584198,10375,4445,13427,4169000,100
11-23 14:36:24.213  1011  1189 I ASH     : @ 93436.411: tcs3701: stop power rail pending_off timer
11-23 14:36:24.213  1011  1189 D ASH     : @ 93436.412: tcs3701: start power rail timer, state:3
11-23 14:36:24.253  1011  1189 I ASH     : @ 93436.451: tcs3701: stop power rail pending_off timer
11-23 14:36:24.253  1011  1189 D ASH     : @ 93436.451: tcs3701: start power rail timer, state:3
11-23 14:36:24.294  1011  1189 I ASH     : @ 93436.491: tcs3701: stop power rail pending_off timer
11-23 14:36:24.294  1011  1189 D ASH     : @ 93436.491: tcs3701: start power rail timer, state:3
11-23 14:36:24.307  5238  5296 I BatteryMgr:DataCollectionService: stats => 1700746584307,10375,4445,13427,4169000,100
11-23 14:36:24.334  1011  1189 I ASH     : @ 93436.531: tcs3701: stop power rail pending_off timer
11-23 14:36:24.334  1011  1189 D ASH     : @ 93436.531: tcs3701: start power rail timer, state:3
11-23 14:36:24.376  1011  1189 I ASH     : @ 93436.571: tcs3701: stop power rail pending_off timer
11-23 14:36:24.376  1011  1189 D ASH     : @ 93436.571: tcs3701: start power rail timer, state:3
11-23 14:36:24.384  1795  3759 D ActivityManager: freezer override set to true
11-23 14:36:24.412  5238  5296 I BatteryMgr:DataCollectionService: stats => 1700746584412,10375,4445,13427,4169000,100
11-23 14:36:24.414  1011  1189 I ASH     : @ 93436.611: tcs3701: stop power rail pending_off timer
11-23 14:36:24.414  1011  1189 D ASH     : @ 93436.611: tcs3701: start power rail timer, state:3
11-23 14:36:24.453  1011  1189 I ASH     : @ 93436.651: tcs3701: stop power rail pending_off timer
11-23 14:36:24.453  1011  1189 D ASH     : @ 93436.651: tcs3701: start power rail timer, state:3
11-23 14:36:24.493  1011  1189 I ASH     : @ 93436.691: tcs3701: stop power rail pending_off timer
11-23 14:36:24.493  1011  1189 D ASH     : @ 93436.691: tcs3701: start power rail timer, state:3
11-23 14:36:24.527  5238  5296 I BatteryMgr:DataCollectionService: stats => 1700746584527,10375,4445,13427,4169000,100
11-23 14:36:24.533  1011  1189 I ASH     : @ 93436.731: tcs3701: stop power rail pending_off timer
11-23 14:36:24.533  1011  1189 D ASH     : @ 93436.731: tcs3701: start power rail timer, state:3
11-23 14:36:24.573  1011  1189 I ASH     : @ 93436.771: tcs3701: stop power rail pending_off timer
11-23 14:36:24.573  1011  1189 D ASH     : @ 93436.771: tcs3701: start power rail timer, state:3
11-23 14:36:24.575 32555 32569 I m.chrome.canary: Explicit concurrent copying GC freed 296931(6903KB) AllocSpace objects, 10(316KB) LOS objects, 75% free, 11MB/47MB, paused 189us,23us total 45.528ms
11-23 14:36:24.613  1011  1189 I ASH     : @ 93436.811: tcs3701: stop power rail pending_off timer
11-23 14:36:24.613  1011  1189 D ASH     : @ 93436.811: tcs3701: start power rail timer, state:3
11-23 14:36:24.636  1795  3784 D ActivityManager: freezer override set to false
11-23 14:36:24.638  5238  5296 I BatteryMgr:DataCollectionService: stats => 1700746584638,10375,4445,13427,4169000,100
11-23 14:36:24.654  1011  1189 I ASH     : @ 93436.851: tcs3701: stop power rail pending_off timer
11-23 14:36:24.654  1011  1189 D ASH     : @ 93436.851: tcs3701: start power rail timer, state:3
11-23 14:36:24.697  1011  1189 I ASH     : @ 93436.891: tcs3701: stop power rail pending_off timer
11-23 14:36:24.697  1011  1189 D ASH     : @ 93436.891: tcs3701: start power rail timer, state:3
11-23 14:36:24.733  1011  1189 I ASH     : @ 93436.931: tcs3701: stop power rail pending_off timer
11-23 14:36:24.733  1011  1189 D ASH     : @ 93436.931: tcs3701: start power rail timer, state:3
11-23 14:36:24.743  1795  3784 D ActivityManager: freezer override set to true
11-23 14:36:24.746  1795  3784 D ActivityManager: freezer override set to false
11-23 14:36:24.748  5238  5296 I BatteryMgr:DataCollectionService: stats => 1700746584748,10375,4445,13427,4169000,100
11-23 14:36:24.773  1011  1189 I ASH     : @ 93436.971: tcs3701: stop power rail pending_off timer
11-23 14:36:24.773  1011  1189 D ASH     : @ 93436.971: tcs3701: start power rail timer, state:3
11-23 14:36:24.813  1011  1189 I ASH     : @ 93437.011: tcs3701: stop power rail pending_off timer
11-23 14:36:24.813  1011  1189 D ASH     : @ 93437.011: tcs3701: start power rail timer, state:3
11-23 14:36:24.853  1011  1189 I ASH     : @ 93437.051: tcs3701: stop power rail pending_off timer
11-23 14:36:24.853  1011  1189 D ASH     : @ 93437.051: tcs3701: start power rail timer, state:3
11-23 14:36:24.856  5238  5296 I BatteryMgr:DataCollectionService: stats => 1700746584856,10375,4445,13427,4169000,100
11-23 14:36:24.893  1011  1189 I ASH     : @ 93437.091: tcs3701: stop power rail pending_off timer
11-23 14:36:24.893  1011  1189 D ASH     : @ 93437.091: tcs3701: start power rail timer, state:3
11-23 14:36:24.933  1011  1189 I ASH     : @ 93437.131: tcs3701: stop power rail pending_off timer
11-23 14:36:24.933  1011  1189 D ASH     : @ 93437.131: tcs3701: start power rail timer, state:3
11-23 14:36:24.965  5238  5296 I BatteryMgr:DataCollectionService: stats => 1700746584965,10375,4445,13427,4169000,100
11-23 14:36:24.973  1011  1189 I ASH     : @ 93437.171: tcs3701: stop power rail pending_off timer
11-23 14:36:24.973  1011  1189 D ASH     : @ 93437.171: tcs3701: start power rail timer, state:3
11-23 14:36:25.013  1011  1189 I ASH     : @ 93437.211: tcs3701: stop power rail pending_off timer
11-23 14:36:25.013  1011  1189 D ASH     : @ 93437.211: tcs3701: start power rail timer, state:3
11-23 14:36:25.053  1011  1189 I ASH     : @ 93437.251: tcs3701: stop power rail pending_off timer
11-23 14:36:25.053  1011  1189 D ASH     : @ 93437.251: tcs3701: start power rail timer, state:3
11-23 14:36:25.077  5238  5296 I BatteryMgr:DataCollectionService: stats => 1700746585077,10375,4445,13427,4169000,100
11-23 14:36:25.093  1011  1189 I ASH     : @ 93437.291: tcs3701: stop power rail pending_off timer
11-23 14:36:25.093  1011  1189 D ASH     : @ 93437.291: tcs3701: start power rail timer, state:3
11-23 14:36:25.133  1011  1189 I ASH     : @ 93437.331: tcs3701: stop power rail pending_off timer
11-23 14:36:25.133  1011  1189 D ASH     : @ 93437.331: tcs3701: start power rail timer, state:3
11-23 14:36:25.174  1011  1189 I ASH     : @ 93437.371: tcs3701: stop power rail pending_off timer
11-23 14:36:25.174  1011  1189 D ASH     : @ 93437.371: tcs3701: start power rail timer, state:3
11-23 14:36:25.186  5238  5296 I BatteryMgr:DataCollectionService: stats => 1700746585186,10375,4445,13427,4169000,100
11-23 14:36:25.213  1011  1189 I ASH     : @ 93437.411: tcs3701: stop power rail pending_off timer
11-23 14:36:25.213  1011  1189 D ASH     : @ 93437.411: tcs3701: start power rail timer, state:3
11-23 14:36:25.253  1011  1189 I ASH     : @ 93437.451: tcs3701: stop power rail pending_off timer
11-23 14:36:25.253  1011  1189 D ASH     : @ 93437.451: tcs3701: start power rail timer, state:3
11-23 14:36:25.294  1011  1189 I ASH     : @ 93437.491: tcs3701: stop power rail pending_off timer
11-23 14:36:25.294  1011  1189 D ASH     : @ 93437.491: tcs3701: start power rail timer, state:3
11-23 14:36:25.298  5238  5296 I BatteryMgr:DataCollectionService: stats => 1700746585298,10375,4445,13427,4169000,100
11-23 14:36:25.333  1011  1189 I ASH     : @ 93437.531: tcs3701: stop power rail pending_off timer
11-23 14:36:25.333  1011  1189 D ASH     : @ 93437.531: tcs3701: start power rail timer, state:3
11-23 14:36:25.373  1011  1189 I ASH     : @ 93437.571: tcs3701: stop power rail pending_off timer
11-23 14:36:25.373  1011  1189 D ASH     : @ 93437.571: tcs3701: start power rail timer, state:3
11-23 14:36:25.402  5238  5296 I BatteryMgr:DataCollectionService: stats => 1700746585402,10375,4445,13427,4169000,100
11-23 14:36:25.413  1011  1189 I ASH     : @ 93437.611: tcs3701: stop power rail pending_off timer
11-23 14:36:25.413  1011  1189 D ASH     : @ 93437.611: tcs3701: start power rail timer, state:3
11-23 14:36:25.453  1011  1189 I ASH     : @ 93437.651: tcs3701: stop power rail pending_off timer
11-23 14:36:25.453  1011  1189 D ASH     : @ 93437.651: tcs3701: start power rail timer, state:3
11-23 14:36:25.490  1795  3658 D ActivityManager: freezer override set to true
11-23 14:36:25.494  1011  1189 I ASH     : @ 93437.691: tcs3701: stop power rail pending_off timer
11-23 14:36:25.494  1011  1189 D ASH     : @ 93437.691: tcs3701: start power rail timer, state:3
11-23 14:36:25.496  1795  3658 D ActivityManager: freezer override set to false
11-23 14:36:25.506  5238  5296 I BatteryMgr:DataCollectionService: stats => 1700746585506,10375,4445,13427,4169000,100
11-23 14:36:25.533  1011  1189 I ASH     : @ 93437.731: tcs3701: stop power rail pending_off timer
11-23 14:36:25.533  1011  1189 D ASH     : @ 93437.731: tcs3701: start power rail timer, state:3
11-23 14:36:25.573  1011  1189 I ASH     : @ 93437.771: tcs3701: stop power rail pending_off timer
11-23 14:36:25.573  1011  1189 D ASH     : @ 93437.771: tcs3701: start power rail timer, state:3
11-23 14:36:25.609  5238  5296 I BatteryMgr:DataCollectionService: stats => 1700746585609,10375,4445,13427,4169000,100
11-23 14:36:25.614  1011  1189 I ASH     : @ 93437.811: tcs3701: stop power rail pending_off timer
11-23 14:36:25.614  1011  1189 D ASH     : @ 93437.811: tcs3701: start power rail timer, state:3
11-23 14:36:25.653  1011  1189 I ASH     : @ 93437.851: tcs3701: stop power rail pending_off timer
11-23 14:36:25.653  1011  1189 D ASH     : @ 93437.851: tcs3701: start power rail timer, state:3
11-23 14:36:25.694  1011  1189 I ASH     : @ 93437.891: tcs3701: stop power rail pending_off timer
11-23 14:36:25.694  1011  1189 D ASH     : @ 93437.891: tcs3701: start power rail timer, state:3
11-23 14:36:25.714  5238  5296 I BatteryMgr:DataCollectionService: stats => 1700746585714,10375,4445,13427,4169000,100
11-23 14:36:25.733  1011  1189 I ASH     : @ 93437.931: tcs3701: stop power rail pending_off timer
11-23 14:36:25.734  1011  1189 D ASH     : @ 93437.931: tcs3701: start power rail timer, state:3
11-23 14:36:25.773  1011  1189 I ASH     : @ 93437.971: tcs3701: stop power rail pending_off timer
11-23 14:36:25.773  1011  1189 D ASH     : @ 93437.971: tcs3701: start power rail timer, state:3
11-23 14:36:25.810  2113  2118 I pixel-thermal: skin-therm-monitor: 36.879
11-23 14:36:25.813  1011  1189 I ASH     : @ 93438.011: tcs3701: stop power rail pending_off timer
11-23 14:36:25.813  1011  1189 D ASH     : @ 93438.011: tcs3701: start power rail timer, state:3
11-23 14:36:25.821  5238  5296 I BatteryMgr:DataCollectionService: stats => 1700746585820,10375,4445,13427,4169000,100
11-23 14:36:25.853  1011  1189 I ASH     : @ 93438.051: tcs3701: stop power rail pending_off timer
11-23 14:36:25.853  1011  1189 D ASH     : @ 93438.051: tcs3701: start power rail timer, state:3
11-23 14:36:25.893  1011  1189 I ASH     : @ 93438.091: tcs3701: stop power rail pending_off timer
11-23 14:36:25.893  1011  1189 D ASH     : @ 93438.091: tcs3701: start power rail timer, state:3
11-23 14:36:25.926  5238  5296 I BatteryMgr:DataCollectionService: stats => 1700746585926,10375,4445,13427,4169000,100
11-23 14:36:25.934  1011  1189 I ASH     : @ 93438.131: tcs3701: stop power rail pending_off timer
11-23 14:36:25.934  1011  1189 D ASH     : @ 93438.132: tcs3701: start power rail timer, state:3
11-23 14:36:25.973  1011  1189 I ASH     : @ 93438.171: tcs3701: stop power rail pending_off timer
11-23 14:36:25.973  1011  1189 D ASH     : @ 93438.171: tcs3701: start power rail timer, state:3
11-23 14:36:26.008  1795  3784 D ActivityManager: freezer override set to true
11-23 14:36:26.013  1011  1189 I ASH     : @ 93438.211: tcs3701: stop power rail pending_off timer
11-23 14:36:26.013  1011  1189 D ASH     : @ 93438.212: tcs3701: start power rail timer, state:3
11-23 14:36:26.032  5238  5296 I BatteryMgr:DataCollectionService: stats => 1700746586032,10375,4445,13427,4169000,100
11-23 14:36:26.053  1011  1189 I ASH     : @ 93438.251: tcs3701: stop power rail pending_off timer
11-23 14:36:26.053  1011  1189 D ASH     : @ 93438.251: tcs3701: start power rail timer, state:3
11-23 14:36:26.090 32555 32569 I m.chrome.canary: Explicit concurrent copying GC freed 4536(212KB) AllocSpace objects, 4(80KB) LOS objects, 75% free, 11MB/47MB, paused 135us,32us total 46.689ms
11-23 14:36:26.095  1011  1189 I ASH     : @ 93438.291: tcs3701: stop power rail pending_off timer
11-23 14:36:26.095  1011  1189 D ASH     : @ 93438.291: tcs3701: start power rail timer, state:3
11-23 14:36:26.134  1011  1189 I ASH     : @ 93438.331: tcs3701: stop power rail pending_off timer
11-23 14:36:26.134  1011  1189 D ASH     : @ 93438.331: tcs3701: start power rail timer, state:3
11-23 14:36:26.142  5238  5296 I BatteryMgr:DataCollectionService: stats => 1700746586142,10375,4445,13427,4169000,100
11-23 14:36:26.148  1795  3784 D ActivityManager: freezer override set to false
11-23 14:36:26.173  1011  1189 I ASH     : @ 93438.371: tcs3701: stop power rail pending_off timer
11-23 14:36:26.173  1011  1189 D ASH     : @ 93438.371: tcs3701: start power rail timer, state:3
11-23 14:36:26.208  1795  3784 D ActivityManager: freezer override set to true
11-23 14:36:26.212  1795  3784 D ActivityManager: freezer override set to false
11-23 14:36:26.213  1011  1189 I ASH     : @ 93438.411: tcs3701: stop power rail pending_off timer
11-23 14:36:26.213  1011  1189 D ASH     : @ 93438.411: tcs3701: start power rail timer, state:3
11-23 14:36:26.231  1795  2424 D WifiClientModeImpl[13802:wlan0]: updateLinkLayerStatsRssiSpeedFrequencyCapabilities rssi=-48 TxLinkspeed=866 freq=5240 RxLinkSpeed=866
11-23 14:36:26.231  1795  2424 D WifiDataStall: tx tput in kbps: 783662
11-23 14:36:26.231  1795  2424 D WifiDataStall: rx tput in kbps: 791578
11-23 14:36:26.231  1795  2424 V WifiConfigManager: Updating scan detail cache freq=5240 BSSID=f4:6d:2f:12:cc:88 RSSI=-48 for "ourhome"WPA_PSK
11-23 14:36:26.231  1795  2424 D WifiChannelUtilization:  freq: 5240 onTime: 2780623 busyTime: 248121 onTimeDiff: 2780328 busyTimeDiff: 248104 utilization: 22 utilization t0: 22
11-23 14:36:26.231  1795  2424 D WifiDataStall:  ccaLevel = 22
11-23 14:36:26.231  1795  2424 D WifiDataStall: L2 txTputKbps: 751999, rxTputKbps: 791578, L3 txTputKbps: 0, rxTputKbps: 1, TxTrafficHigh: false, RxTrafficHigh: false, Throughput Sufficient: true
11-23 14:36:26.231  3213  3232 V WifiManager: OnWifiUsabilityStatsListener: onWifiUsabilityStats: seqNum=30838
11-23 14:36:26.231  1795  2424 D WifiScoreReport: Wifi scoring disabled - Don't check IP layer
11-23 14:36:26.232  1795  2424 D WifiScoreCard: BSSID update SIGNAL_POLL ID: 1320464697 SSID: "ourhome", BSSID: f4:6d:2f:12:cc:88, MAC: b2:2f:ec:da:4a:0c, IP: /192.168.1.104, Security type: 2, Supplicant state: COMPLETED, Wi-Fi standard: 5, RSSI: -48, Link speed: 866Mbps, Tx Link speed: 866Mbps, Max Supported Tx Link speed: 866Mbps, Rx Link speed: 866Mbps, Max Supported Rx Link speed: 866Mbps, Frequency: 5240MHz, Net ID: 12, Metered hint: false, score: 60, isUsable: true, CarrierMerged: false, SubscriptionId: -1, IsPrimary: 1, Trusted: true, Restricted: false, Ephemeral: false, OEM paid: false, OEM private: false, OSU AP: false, FQDN: <none>, Provider friendly name: <none>, Requesting package name: <none>"ourhome"wpa2-pskMLO Information: , Is TID-To-Link negotiation supported by the AP: false, AP MLD Address: <none>, AP MLO Link Id: <none>, AP MLO Affiliated links: <none>
11-23 14:36:26.232  1795  2424 D WifiScoreCard: txRate: 11 txSpeed: 866
11-23 14:36:26.232  1795  2424 D WifiScoreCard: network update SIGNAL_POLL "ourhome" ID: 1499892569 RSSI -48 txSpeed 866
11-23 14:36:26.232  1795  2424 D WifiClientModeImpl[13802:wlan0]:  ClientModeImpl$L2ConnectedState screen=on 17 0 "ourhome" f4:6d:2f:12:cc:88 rssi=-48 f=5240 sc=60 link=866 tx=9.8, 0.3, 0.0 rx=6.3 bcn=893404 [on:110 tx:2 rx:0 period:3013] from screen [on:112438 period:3219726] score=60
11-23 14:36:26.232  1795  3784 I WifiService: updateWifiUsabilityScore uid=10180 seqNum=30838 score=100 predictionHorizonSec=1441795
11-23 14:36:26.233  1795  2424 D WifiScoreReport: Wifi scoring disabled - Notify that Wifi is usable
11-23 14:36:26.235  1795  2432 D ConnectivityService: NetReassign [no changes] [c 0] [a 0] [i 1]
11-23 14:36:26.248  5238  5296 I BatteryMgr:DataCollectionService: stats => 1700746586248,10681,4445,13427,4169000,100
11-23 14:36:26.253  1011  1189 I ASH     : @ 93438.451: tcs3701: stop power rail pending_off timer
11-23 14:36:26.253  1011  1189 D ASH     : @ 93438.451: tcs3701: start power rail timer, state:3
11-23 14:36:26.293  1011  1189 I ASH     : @ 93438.491: tcs3701: stop power rail pending_off timer
11-23 14:36:26.293  1011  1189 D ASH     : @ 93438.491: tcs3701: start power rail timer, state:3
11-23 14:36:26.333  1011  1189 I ASH     : @ 93438.531: tcs3701: stop power rail pending_off timer
11-23 14:36:26.333  1011  1189 D ASH     : @ 93438.531: tcs3701: start power rail timer, state:3
11-23 14:36:26.353  5238  5296 I BatteryMgr:DataCollectionService: stats => 1700746586353,10681,4445,13427,4169000,100
11-23 14:36:26.373  1011  1189 I ASH     : @ 93438.571: tcs3701: stop power rail pending_off timer
11-23 14:36:26.373  1011  1189 D ASH     : @ 93438.571: tcs3701: start power rail timer, state:3
11-23 14:36:26.413  1011  1189 I ASH     : @ 93438.611: tcs3701: stop power rail pending_off timer
11-23 14:36:26.413  1011  1189 D ASH     : @ 93438.611: tcs3701: start power rail timer, state:3
11-23 14:36:26.453  1011  1189 I ASH     : @ 93438.651: tcs3701: stop power rail pending_off timer
11-23 14:36:26.453  1011  1189 D ASH     : @ 93438.651: tcs3701: start power rail timer, state:3
11-23 14:36:26.459  5238  5296 I BatteryMgr:DataCollectionService: stats => 1700746586459,10681,4445,13427,4169000,100
11-23 14:36:26.470  1795  3784 D ActivityManager: freezer override set to true
11-23 14:36:26.477  1795  3784 D ActivityManager: freezer override set to false
11-23 14:36:26.493  1011  1189 I ASH     : @ 93438.691: tcs3701: stop power rail pending_off timer
11-23 14:36:26.493  1011  1189 D ASH     : @ 93438.691: tcs3701: start power rail timer, state:3
11-23 14:36:26.533  1011  1189 I ASH     : @ 93438.731: tcs3701: stop power rail pending_off timer
11-23 14:36:26.533  1011  1189 D ASH     : @ 93438.731: tcs3701: start power rail timer, state:3
11-23 14:36:26.563  5238  5296 I BatteryMgr:DataCollectionService: stats => 1700746586563,10681,4445,13427,4169000,100
11-23 14:36:26.573  1011  1189 I ASH     : @ 93438.771: tcs3701: stop power rail pending_off timer
11-23 14:36:26.573  1011  1189 D ASH     : @ 93438.771: tcs3701: start power rail timer, state:3
11-23 14:36:26.613  1011  1189 I ASH     : @ 93438.811: tcs3701: stop power rail pending_off timer
11-23 14:36:26.613  1011  1189 D ASH     : @ 93438.811: tcs3701: start power rail timer, state:3
11-23 14:36:26.653  1011  1189 I ASH     : @ 93438.851: tcs3701: stop power rail pending_off timer
11-23 14:36:26.653  1011  1189 D ASH     : @ 93438.851: tcs3701: start power rail timer, state:3
11-23 14:36:26.672  5238  5296 I BatteryMgr:DataCollectionService: stats => 1700746586672,10681,4445,13427,4169000,100
11-23 14:36:26.693  1011  1189 I ASH     : @ 93438.891: tcs3701: stop power rail pending_off timer
11-23 14:36:26.693  1011  1189 D ASH     : @ 93438.891: tcs3701: start power rail timer, state:3
11-23 14:36:26.734  1011  1189 I ASH     : @ 93438.931: tcs3701: stop power rail pending_off timer
11-23 14:36:26.734  1011  1189 D ASH     : @ 93438.931: tcs3701: start power rail timer, state:3
11-23 14:36:26.774  1011  1189 I ASH     : @ 93438.971: tcs3701: stop power rail pending_off timer
11-23 14:36:26.774  1011  1189 D ASH     : @ 93438.971: tcs3701: start power rail timer, state:3
11-23 14:36:26.782  5238  5296 I BatteryMgr:DataCollectionService: stats => 1700746586782,10681,4445,13427,4169000,100
11-23 14:36:26.813  1011  1189 I ASH     : @ 93439.011: tcs3701: stop power rail pending_off timer
