11-25 19:15:43.746  1011  1189 D ASH     : @ 282995.925: tcs3701: start power rail timer, state:3
11-25 19:15:43.777  9306  9347 I BatteryMgr:DataCollectionService: stats => 1700936143777,13427,4441,13427,4169000,100
11-25 19:15:43.786  1011  1189 I ASH     : @ 282995.965: tcs3701: stop power rail pending_off timer
11-25 19:15:43.786  1011  1189 D ASH     : @ 282995.965: tcs3701: start power rail timer, state:3
11-25 19:15:43.826  1011  1189 I ASH     : @ 282996.005: tcs3701: stop power rail pending_off timer
11-25 19:15:43.826  1011  1189 D ASH     : @ 282996.005: tcs3701: start power rail timer, state:3
11-25 19:15:43.850  1795  4165 D ActivityManager: freezer override set to true
11-25 19:15:43.856  1795  4165 D ActivityManager: freezer override set to false
11-25 19:15:43.866  1011  1189 I ASH     : @ 282996.045: tcs3701: stop power rail pending_off timer
11-25 19:15:43.866  1011  1189 D ASH     : @ 282996.045: tcs3701: start power rail timer, state:3
11-25 19:15:43.883  9306  9347 I BatteryMgr:DataCollectionService: stats => 1700936143883,13427,4441,13427,4169000,100
11-25 19:15:43.906  1011  1189 I ASH     : @ 282996.085: tcs3701: stop power rail pending_off timer
11-25 19:15:43.906  1011  1189 D ASH     : @ 282996.085: tcs3701: start power rail timer, state:3
11-25 19:15:43.926  1795  4165 D ActivityManager: freezer override set to true
11-25 19:15:43.946  1011  1189 I ASH     : @ 282996.125: tcs3701: stop power rail pending_off timer
11-25 19:15:43.946  1011  1189 D ASH     : @ 282996.125: tcs3701: start power rail timer, state:3
11-25 19:15:43.986  1011  1189 I ASH     : @ 282996.165: tcs3701: stop power rail pending_off timer
11-25 19:15:43.986  1011  1189 D ASH     : @ 282996.165: tcs3701: start power rail timer, state:3
11-25 19:15:43.988  9306  9347 I BatteryMgr:DataCollectionService: stats => 1700936143988,13427,4441,13427,4169000,100
11-25 19:15:44.027  1011  1189 I ASH     : @ 282996.205: tcs3701: stop power rail pending_off timer
11-25 19:15:44.027  1011  1189 D ASH     : @ 282996.205: tcs3701: start power rail timer, state:3
11-25 19:15:44.066  1011  1189 I ASH     : @ 282996.245: tcs3701: stop power rail pending_off timer
11-25 19:15:44.066  1011  1189 D ASH     : @ 282996.245: tcs3701: start power rail timer, state:3
11-25 19:15:44.091 30584 30942 I m.chrome.canary: Explicit concurrent copying GC freed 4057(222KB) AllocSpace objects, 5(100KB) LOS objects, 75% free, 13MB/53MB, paused 29us,22us total 45.952ms
11-25 19:15:44.094  9306  9347 I BatteryMgr:DataCollectionService: stats => 1700936144094,13427,4441,13427,4169000,100
11-25 19:15:44.106  1011  1189 I ASH     : @ 282996.285: tcs3701: stop power rail pending_off timer
11-25 19:15:44.106  1011  1189 D ASH     : @ 282996.285: tcs3701: start power rail timer, state:3
11-25 19:15:44.146  1795  4165 D ActivityManager: freezer override set to false
11-25 19:15:44.146  1011  1189 I ASH     : @ 282996.325: tcs3701: stop power rail pending_off timer
11-25 19:15:44.146  1011  1189 D ASH     : @ 282996.325: tcs3701: start power rail timer, state:3
11-25 19:15:44.186  1011  1189 I ASH     : @ 282996.365: tcs3701: stop power rail pending_off timer
11-25 19:15:44.186  1011  1189 D ASH     : @ 282996.365: tcs3701: start power rail timer, state:3
11-25 19:15:44.192  1795  4165 D ActivityManager: freezer override set to true
11-25 19:15:44.195  1795  4165 D ActivityManager: freezer override set to false
11-25 19:15:44.200  9306  9347 I BatteryMgr:DataCollectionService: stats => 1700936144200,13427,4441,13427,4169000,100
11-25 19:15:44.227  1011  1189 I ASH     : @ 282996.405: tcs3701: stop power rail pending_off timer
11-25 19:15:44.227  1011  1189 D ASH     : @ 282996.405: tcs3701: start power rail timer, state:3
11-25 19:15:44.266  1011  1189 I ASH     : @ 282996.445: tcs3701: stop power rail pending_off timer
11-25 19:15:44.266  1011  1189 D ASH     : @ 282996.445: tcs3701: start power rail timer, state:3
11-25 19:15:44.277  1795  3784 D ActivityManager: freezer override set to true
11-25 19:15:44.281  1795  3784 D ActivityManager: freezer override set to false
11-25 19:15:44.305  9306  9347 I BatteryMgr:DataCollectionService: stats => 1700936144305,13427,4441,13427,4169000,100
11-25 19:15:44.306  1011  1189 I ASH     : @ 282996.485: tcs3701: stop power rail pending_off timer
11-25 19:15:44.306  1011  1189 D ASH     : @ 282996.485: tcs3701: start power rail timer, state:3
11-25 19:15:44.347  1011  1189 I ASH     : @ 282996.525: tcs3701: stop power rail pending_off timer
11-25 19:15:44.347  1011  1189 D ASH     : @ 282996.525: tcs3701: start power rail timer, state:3
11-25 19:15:44.386  1011  1189 I ASH     : @ 282996.565: tcs3701: stop power rail pending_off timer
11-25 19:15:44.386  1011  1189 D ASH     : @ 282996.565: tcs3701: start power rail timer, state:3
11-25 19:15:44.412  9306  9347 I BatteryMgr:DataCollectionService: stats => 1700936144412,13427,4441,13427,4169000,100
11-25 19:15:44.427  1011  1189 I ASH     : @ 282996.605: tcs3701: stop power rail pending_off timer
11-25 19:15:44.427  1011  1189 D ASH     : @ 282996.606: tcs3701: start power rail timer, state:3
11-25 19:15:44.466  1011  1189 I ASH     : @ 282996.645: tcs3701: stop power rail pending_off timer
11-25 19:15:44.466  1011  1189 D ASH     : @ 282996.645: tcs3701: start power rail timer, state:3
11-25 19:15:44.507  1011  1189 I ASH     : @ 282996.685: tcs3701: stop power rail pending_off timer
11-25 19:15:44.507  1011  1189 D ASH     : @ 282996.685: tcs3701: start power rail timer, state:3
11-25 19:15:44.519  9306  9347 I BatteryMgr:DataCollectionService: stats => 1700936144519,13427,4441,13427,4169000,100
11-25 19:15:44.547  1011  1189 I ASH     : @ 282996.725: tcs3701: stop power rail pending_off timer
11-25 19:15:44.547  1011  1189 D ASH     : @ 282996.725: tcs3701: start power rail timer, state:3
11-25 19:15:44.587  1011  1189 I ASH     : @ 282996.765: tcs3701: stop power rail pending_off timer
11-25 19:15:44.587  1011  1189 D ASH     : @ 282996.765: tcs3701: start power rail timer, state:3
11-25 19:15:44.624  9306  9347 I BatteryMgr:DataCollectionService: stats => 1700936144624,13427,4441,13427,4169000,100
11-25 19:15:44.626  1011  1189 I ASH     : @ 282996.805: tcs3701: stop power rail pending_off timer
11-25 19:15:44.626  1011  1189 D ASH     : @ 282996.805: tcs3701: start power rail timer, state:3
11-25 19:15:44.667  1011  1189 I ASH     : @ 282996.845: tcs3701: stop power rail pending_off timer
11-25 19:15:44.667  1011  1189 D ASH     : @ 282996.845: tcs3701: start power rail timer, state:3
11-25 19:15:44.706  1011  1189 I ASH     : @ 282996.885: tcs3701: stop power rail pending_off timer
11-25 19:15:44.706  1011  1189 D ASH     : @ 282996.885: tcs3701: start power rail timer, state:3
11-25 19:15:44.729  9306  9347 I BatteryMgr:DataCollectionService: stats => 1700936144729,13427,4441,13427,4169000,100
11-25 19:15:44.746  1011  1189 I ASH     : @ 282996.925: tcs3701: stop power rail pending_off timer
11-25 19:15:44.746  1011  1189 D ASH     : @ 282996.925: tcs3701: start power rail timer, state:3
11-25 19:15:44.786  1011  1189 I ASH     : @ 282996.965: tcs3701: stop power rail pending_off timer
11-25 19:15:44.786  1011  1189 D ASH     : @ 282996.965: tcs3701: start power rail timer, state:3
11-25 19:15:44.826  1011  1189 I ASH     : @ 282997.005: tcs3701: stop power rail pending_off timer
11-25 19:15:44.826  1011  1189 D ASH     : @ 282997.005: tcs3701: start power rail timer, state:3
11-25 19:15:44.835  9306  9347 I BatteryMgr:DataCollectionService: stats => 1700936144835,13427,4441,13427,4169000,100
11-25 19:15:44.843  1795  3784 D ActivityManager: freezer override set to true
11-25 19:15:44.848  1795  3784 D ActivityManager: freezer override set to false
11-25 19:15:44.866  1011  1189 I ASH     : @ 282997.045: tcs3701: stop power rail pending_off timer
11-25 19:15:44.866  1011  1189 D ASH     : @ 282997.045: tcs3701: start power rail timer, state:3
11-25 19:15:44.906  1011  1189 I ASH     : @ 282997.085: tcs3701: stop power rail pending_off timer
11-25 19:15:44.906  1011  1189 D ASH     : @ 282997.085: tcs3701: start power rail timer, state:3
11-25 19:15:44.941  9306  9347 I BatteryMgr:DataCollectionService: stats => 1700936144941,13427,4441,13427,4169000,100
11-25 19:15:44.946  1011  1189 I ASH     : @ 282997.125: tcs3701: stop power rail pending_off timer
11-25 19:15:44.946  1011  1189 D ASH     : @ 282997.125: tcs3701: start power rail timer, state:3
11-25 19:15:44.986  1011  1189 I ASH     : @ 282997.165: tcs3701: stop power rail pending_off timer
11-25 19:15:44.986  1011  1189 D ASH     : @ 282997.165: tcs3701: start power rail timer, state:3
11-25 19:15:45.026  1011  1189 I ASH     : @ 282997.205: tcs3701: stop power rail pending_off timer
11-25 19:15:45.026  1011  1189 D ASH     : @ 282997.205: tcs3701: start power rail timer, state:3
11-25 19:15:45.046  9306  9347 I BatteryMgr:DataCollectionService: stats => 1700936145046,13427,4441,13427,4169000,100
11-25 19:15:45.066  1011  1189 I ASH     : @ 282997.245: tcs3701: stop power rail pending_off timer
11-25 19:15:45.066  1011  1189 D ASH     : @ 282997.245: tcs3701: start power rail timer, state:3
11-25 19:15:45.106  1011  1189 I ASH     : @ 282997.285: tcs3701: stop power rail pending_off timer
11-25 19:15:45.106  1011  1189 D ASH     : @ 282997.285: tcs3701: start power rail timer, state:3
11-25 19:15:45.146  1011  1189 I ASH     : @ 282997.325: tcs3701: stop power rail pending_off timer
11-25 19:15:45.146  1011  1189 D ASH     : @ 282997.325: tcs3701: start power rail timer, state:3
11-25 19:15:45.150  9306  9347 I BatteryMgr:DataCollectionService: stats => 1700936145150,13427,4441,13427,4169000,100
11-25 19:15:45.186  1011  1189 I ASH     : @ 282997.365: tcs3701: stop power rail pending_off timer
11-25 19:15:45.186  1011  1189 D ASH     : @ 282997.365: tcs3701: start power rail timer, state:3
11-25 19:15:45.226  1011  1189 I ASH     : @ 282997.405: tcs3701: stop power rail pending_off timer
11-25 19:15:45.226  1011  1189 D ASH     : @ 282997.405: tcs3701: start power rail timer, state:3
11-25 19:15:45.255  9306  9347 I BatteryMgr:DataCollectionService: stats => 1700936145255,13427,4441,13427,4169000,100
11-25 19:15:45.266  1011  1189 I ASH     : @ 282997.445: tcs3701: stop power rail pending_off timer
11-25 19:15:45.266  1011  1189 D ASH     : @ 282997.445: tcs3701: start power rail timer, state:3
11-25 19:15:45.306  1011  1189 I ASH     : @ 282997.485: tcs3701: stop power rail pending_off timer
11-25 19:15:45.306  1011  1189 D ASH     : @ 282997.485: tcs3701: start power rail timer, state:3
11-25 19:15:45.346  1011  1189 I ASH     : @ 282997.525: tcs3701: stop power rail pending_off timer
11-25 19:15:45.346  1011  1189 D ASH     : @ 282997.525: tcs3701: start power rail timer, state:3
11-25 19:15:45.360  9306  9347 I BatteryMgr:DataCollectionService: stats => 1700936145360,13427,4441,13427,4169000,100
11-25 19:15:45.387  1011  1189 I ASH     : @ 282997.565: tcs3701: stop power rail pending_off timer
11-25 19:15:45.387  1011  1189 D ASH     : @ 282997.565: tcs3701: start power rail timer, state:3
11-25 19:15:45.426  1011  1189 I ASH     : @ 282997.605: tcs3701: stop power rail pending_off timer
11-25 19:15:45.426  1011  1189 D ASH     : @ 282997.605: tcs3701: start power rail timer, state:3
11-25 19:15:45.430  1795  3784 D ActivityManager: freezer override set to true
11-25 19:15:45.445  1795  2424 D WifiClientModeImpl[13802:wlan0]: updateLinkLayerStatsRssiSpeedFrequencyCapabilities rssi=-45 TxLinkspeed=866 freq=5240 RxLinkSpeed=866
11-25 19:15:45.445  1795  2424 D WifiDataStall: tx tput in kbps: 771281
11-25 19:15:45.445  1795  2424 D WifiDataStall: rx tput in kbps: 811875
11-25 19:15:45.446  1795  2424 V WifiConfigManager: Updating scan detail cache freq=5240 BSSID=f4:6d:2f:12:cc:88 RSSI=-44 for "ourhome"WPA_PSK
11-25 19:15:45.446  1795  2424 D WifiChannelUtilization:  freq: 5240 onTime: 8012299 busyTime: 741475 onTimeDiff: 421604 busyTimeDiff: 27502 utilization: 16 utilization t0: 23
11-25 19:15:45.446  1795  2424 D WifiDataStall:  ccaLevel = 16
11-25 19:15:45.446  1795  2424 D WifiDataStall: L2 txTputKbps: 771281, rxTputKbps: 811875, L3 txTputKbps: 0, rxTputKbps: 0, TxTrafficHigh: false, RxTrafficHigh: false, Throughput Sufficient: true
11-25 19:15:45.446  1795  2424 D WifiScoreReport: Wifi scoring disabled - Don't check IP layer
11-25 19:15:45.446  2673 18847 V WifiManager: OnWifiUsabilityStatsListener: onWifiUsabilityStats: seqNum=72878
11-25 19:15:45.446  1795  2424 D WifiScoreCard: BSSID update SIGNAL_POLL ID: 1320464697 SSID: "ourhome", BSSID: f4:6d:2f:12:cc:88, MAC: b2:2f:ec:da:4a:0c, IP: /192.168.1.104, Security type: 2, Supplicant state: COMPLETED, Wi-Fi standard: 5, RSSI: -45, Link speed: 866Mbps, Tx Link speed: 866Mbps, Max Supported Tx Link speed: 866Mbps, Rx Link speed: 866Mbps, Max Supported Rx Link speed: 866Mbps, Frequency: 5240MHz, Net ID: 12, Metered hint: false, score: 60, isUsable: true, CarrierMerged: false, SubscriptionId: -1, IsPrimary: 1, Trusted: true, Restricted: false, Ephemeral: false, OEM paid: false, OEM private: false, OSU AP: false, FQDN: <none>, Provider friendly name: <none>, Requesting package name: <none>"ourhome"wpa2-pskMLO Information: , Is TID-To-Link negotiation supported by the AP: false, AP MLD Address: <none>, AP MLO Link Id: <none>, AP MLO Affiliated links: <none>
11-25 19:15:45.446  1795  2424 D WifiScoreCard: txRate: 2 txSpeed: 866
11-25 19:15:45.446  1795  2424 D WifiScoreCard: network update SIGNAL_POLL "ourhome" ID: 1499892569 RSSI -45 txSpeed -1
11-25 19:15:45.446  1795  2424 D WifiClientModeImpl[13802:wlan0]:  ClientModeImpl$L2ConnectedState screen=on 33 0 "ourhome" f4:6d:2f:12:cc:88 rssi=-45 f=5240 sc=60 link=866 tx=1.0, 0.0, 0.0 rx=0.9 bcn=2737299 [on:0 tx:0 rx:0 period:3012] from screen [on:435900 period:15058952] score=60
11-25 19:15:45.446  2513  4457 V WifiManager: TrafficStateCallbackProxy: onStateChanged state=0
11-25 19:15:45.447  1795  4165 I WifiService: updateWifiUsabilityScore uid=10180 seqNum=72878 score=100 predictionHorizonSec=1441795
11-25 19:15:45.447  1795  2424 D WifiScoreReport: Wifi scoring disabled - Notify that Wifi is usable
11-25 19:15:45.449  1795  2432 D ConnectivityService: NetReassign [no changes] [c 0] [a 1] [i 1]
11-25 19:15:45.465  9306  9347 I BatteryMgr:DataCollectionService: stats => 1700936145465,13427,4441,13427,4169000,100
11-25 19:15:45.466  1011  1189 I ASH     : @ 282997.645: tcs3701: stop power rail pending_off timer
11-25 19:15:45.466  1011  1189 D ASH     : @ 282997.645: tcs3701: start power rail timer, state:3
11-25 19:15:45.507  1011  1189 I ASH     : @ 282997.685: tcs3701: stop power rail pending_off timer
11-25 19:15:45.507  1011  1189 D ASH     : @ 282997.685: tcs3701: start power rail timer, state:3
11-25 19:15:45.547  1011  1189 I ASH     : @ 282997.725: tcs3701: stop power rail pending_off timer
11-25 19:15:45.547  1011  1189 D ASH     : @ 282997.725: tcs3701: start power rail timer, state:3
11-25 19:15:45.572  9306  9347 I BatteryMgr:DataCollectionService: stats => 1700936145572,13427,4441,13427,4169000,100
11-25 19:15:45.586  1011  1189 I ASH     : @ 282997.765: tcs3701: stop power rail pending_off timer
11-25 19:15:45.586  1011  1189 D ASH     : @ 282997.765: tcs3701: start power rail timer, state:3
11-25 19:15:45.618 30584 30942 I m.chrome.canary: Explicit concurrent copying GC freed 3845(192KB) AllocSpace objects, 4(80KB) LOS objects, 75% free, 13MB/53MB, paused 36us,25us total 62.791ms
11-25 19:15:45.626  1011  1189 I ASH     : @ 282997.805: tcs3701: stop power rail pending_off timer
11-25 19:15:45.626  1011  1189 D ASH     : @ 282997.805: tcs3701: start power rail timer, state:3
11-25 19:15:45.666  1011  1189 I ASH     : @ 282997.845: tcs3701: stop power rail pending_off timer
11-25 19:15:45.666  1011  1189 D ASH     : @ 282997.845: tcs3701: start power rail timer, state:3
11-25 19:15:45.674  1795  3784 D ActivityManager: freezer override set to false
11-25 19:15:45.678  9306  9347 I BatteryMgr:DataCollectionService: stats => 1700936145678,13427,4441,13427,4169000,100
11-25 19:15:45.706  1011  1189 I ASH     : @ 282997.885: tcs3701: stop power rail pending_off timer
11-25 19:15:45.706  1011  1189 D ASH     : @ 282997.885: tcs3701: start power rail timer, state:3
11-25 19:15:45.726  1795  4165 D ActivityManager: freezer override set to true
11-25 19:15:45.729  1795  4165 D ActivityManager: freezer override set to false
11-25 19:15:45.746  1011  1189 I ASH     : @ 282997.925: tcs3701: stop power rail pending_off timer
11-25 19:15:45.746  1011  1189 D ASH     : @ 282997.925: tcs3701: start power rail timer, state:3
11-25 19:15:45.769  1795  4165 D ActivityManager: freezer override set to true
11-25 19:15:45.771  1795  4165 D ActivityManager: freezer override set to false
11-25 19:15:45.783  9306  9347 I BatteryMgr:DataCollectionService: stats => 1700936145782,13427,4441,13427,4169000,100
11-25 19:15:45.786  1011  1189 I ASH     : @ 282997.965: tcs3701: stop power rail pending_off timer
11-25 19:15:45.786  1011  1189 D ASH     : @ 282997.965: tcs3701: start power rail timer, state:3
11-25 19:15:45.826  1011  1189 I ASH     : @ 282998.005: tcs3701: stop power rail pending_off timer
11-25 19:15:45.826  1011  1189 D ASH     : @ 282998.005: tcs3701: start power rail timer, state:3
11-25 19:15:45.835  1795  4165 D ActivityManager: freezer override set to true
11-25 19:15:45.840  1795  4165 D ActivityManager: freezer override set to false
11-25 19:15:45.866  1011  1189 I ASH     : @ 282998.045: tcs3701: stop power rail pending_off timer
11-25 19:15:45.866  1011  1189 D ASH     : @ 282998.045: tcs3701: start power rail timer, state:3
11-25 19:15:45.888  9306  9347 I BatteryMgr:DataCollectionService: stats => 1700936145888,13427,4441,13427,4169000,100
11-25 19:15:45.906  1011  1189 I ASH     : @ 282998.085: tcs3701: stop power rail pending_off timer
11-25 19:15:45.906  1011  1189 D ASH     : @ 282998.085: tcs3701: start power rail timer, state:3
11-25 19:15:45.946  1011  1189 I ASH     : @ 282998.125: tcs3701: stop power rail pending_off timer
11-25 19:15:45.946  1011  1189 D ASH     : @ 282998.125: tcs3701: start power rail timer, state:3
11-25 19:15:45.986  1011  1189 I ASH     : @ 282998.165: tcs3701: stop power rail pending_off timer
11-25 19:15:45.986  1011  1189 D ASH     : @ 282998.165: tcs3701: start power rail timer, state:3
11-25 19:15:45.992  9306  9347 I BatteryMgr:DataCollectionService: stats => 1700936145992,13427,4441,13427,4169000,100
11-25 19:15:46.027  1011  1189 I ASH     : @ 282998.205: tcs3701: stop power rail pending_off timer
11-25 19:15:46.027  1011  1189 D ASH     : @ 282998.205: tcs3701: start power rail timer, state:3
11-25 19:15:46.066  1011  1189 I ASH     : @ 282998.245: tcs3701: stop power rail pending_off timer
11-25 19:15:46.066  1011  1189 D ASH     : @ 282998.245: tcs3701: start power rail timer, state:3
11-25 19:15:46.098  9306  9347 I BatteryMgr:DataCollectionService: stats => 1700936146097,13427,4441,13427,4169000,100
11-25 19:15:46.106  1011  1189 I ASH     : @ 282998.285: tcs3701: stop power rail pending_off timer
11-25 19:15:46.106  1011  1189 D ASH     : @ 282998.285: tcs3701: start power rail timer, state:3
11-25 19:15:46.146  1011  1189 I ASH     : @ 282998.325: tcs3701: stop power rail pending_off timer
11-25 19:15:46.146  1011  1189 D ASH     : @ 282998.325: tcs3701: start power rail timer, state:3
11-25 19:15:46.186  1011  1189 I ASH     : @ 282998.365: tcs3701: stop power rail pending_off timer
11-25 19:15:46.186  1011  1189 D ASH     : @ 282998.365: tcs3701: start power rail timer, state:3
11-25 19:15:46.202  9306  9347 I BatteryMgr:DataCollectionService: stats => 1700936146202,13427,4441,13427,4169000,100
11-25 19:15:46.227  1011  1189 I ASH     : @ 282998.405: tcs3701: stop power rail pending_off timer
11-25 19:15:46.227  1011  1189 D ASH     : @ 282998.405: tcs3701: start power rail timer, state:3
11-25 19:15:46.266  1011  1189 I ASH     : @ 282998.445: tcs3701: stop power rail pending_off timer
11-25 19:15:46.266  1011  1189 D ASH     : @ 282998.445: tcs3701: start power rail timer, state:3
11-25 19:15:46.307  1011  1189 I ASH     : @ 282998.485: tcs3701: stop power rail pending_off timer
11-25 19:15:46.307  1011  1189 D ASH     : @ 282998.486: tcs3701: start power rail timer, state:3
11-25 19:15:46.307  9306  9347 I BatteryMgr:DataCollectionService: stats => 1700936146307,13427,4441,13427,4169000,100
11-25 19:15:46.346  1011  1189 I ASH     : @ 282998.525: tcs3701: stop power rail pending_off timer
11-25 19:15:46.346  1011  1189 D ASH     : @ 282998.525: tcs3701: start power rail timer, state:3
11-25 19:15:46.386  1011  1189 I ASH     : @ 282998.565: tcs3701: stop power rail pending_off timer
11-25 19:15:46.387  1011  1189 D ASH     : @ 282998.566: tcs3701: start power rail timer, state:3
11-25 19:15:46.413  9306  9347 I BatteryMgr:DataCollectionService: stats => 1700936146413,13427,4441,13427,4169000,100
11-25 19:15:46.426  1011  1189 I ASH     : @ 282998.605: tcs3701: stop power rail pending_off timer
11-25 19:15:46.426  1011  1189 D ASH     : @ 282998.605: tcs3701: start power rail timer, state:3
11-25 19:15:46.466  1011  1189 I ASH     : @ 282998.645: tcs3701: stop power rail pending_off timer
11-25 19:15:46.466  1011  1189 D ASH     : @ 282998.645: tcs3701: start power rail timer, state:3
11-25 19:15:46.506  1011  1189 I ASH     : @ 282998.685: tcs3701: stop power rail pending_off timer
11-25 19:15:46.506  1011  1189 D ASH     : @ 282998.685: tcs3701: start power rail timer, state:3
11-25 19:15:46.518  9306  9347 I BatteryMgr:DataCollectionService: stats => 1700936146518,13427,4441,13427,4169000,100
11-25 19:15:46.546  1011  1189 I ASH     : @ 282998.725: tcs3701: stop power rail pending_off timer
11-25 19:15:46.546  1011  1189 D ASH     : @ 282998.725: tcs3701: start power rail timer, state:3
11-25 19:15:46.586  1011  1189 I ASH     : @ 282998.765: tcs3701: stop power rail pending_off timer
11-25 19:15:46.586  1011  1189 D ASH     : @ 282998.765: tcs3701: start power rail timer, state:3
11-25 19:15:46.624  9306  9347 I BatteryMgr:DataCollectionService: stats => 1700936146624,13427,4441,13427,4169000,100
11-25 19:15:46.626  1011  1189 I ASH     : @ 282998.805: tcs3701: stop power rail pending_off timer
11-25 19:15:46.626  1011  1189 D ASH     : @ 282998.805: tcs3701: start power rail timer, state:3
11-25 19:15:46.666  1011  1189 I ASH     : @ 282998.845: tcs3701: stop power rail pending_off timer
11-25 19:15:46.666  1011  1189 D ASH     : @ 282998.845: tcs3701: start power rail timer, state:3
11-25 19:15:46.706  1011  1189 I ASH     : @ 282998.885: tcs3701: stop power rail pending_off timer
11-25 19:15:46.706  1011  1189 D ASH     : @ 282998.885: tcs3701: start power rail timer, state:3
11-25 19:15:46.729  9306  9347 I BatteryMgr:DataCollectionService: stats => 1700936146729,13427,4441,13427,4169000,100
11-25 19:15:46.746  1011  1189 I ASH     : @ 282998.925: tcs3701: stop power rail pending_off timer
11-25 19:15:46.746  1011  1189 D ASH     : @ 282998.925: tcs3701: start power rail timer, state:3
11-25 19:15:46.786  1011  1189 I ASH     : @ 282998.965: tcs3701: stop power rail pending_off timer
11-25 19:15:46.786  1011  1189 D ASH     : @ 282998.965: tcs3701: start power rail timer, state:3
11-25 19:15:46.826  1011  1189 I ASH     : @ 282999.005: tcs3701: stop power rail pending_off timer
11-25 19:15:46.826  1011  1189 D ASH     : @ 282999.005: tcs3701: start power rail timer, state:3
11-25 19:15:46.833  1795  4165 D ActivityManager: freezer override set to true
11-25 19:15:46.835  9306  9347 I BatteryMgr:DataCollectionService: stats => 1700936146835,13427,4441,13427,4169000,100
11-25 19:15:46.837  1795  4165 D ActivityManager: freezer override set to false
11-25 19:15:46.866  1011  1189 I ASH     : @ 282999.045: tcs3701: stop power rail pending_off timer
11-25 19:15:46.866  1011  1189 D ASH     : @ 282999.045: tcs3701: start power rail timer, state:3
11-25 19:15:46.906  1011  1189 I ASH     : @ 282999.085: tcs3701: stop power rail pending_off timer
11-25 19:15:46.906  1011  1189 D ASH     : @ 282999.085: tcs3701: start power rail timer, state:3
11-25 19:15:46.930  1795  4165 D ActivityManager: freezer override set to true
11-25 19:15:46.941  9306  9347 I BatteryMgr:DataCollectionService: stats => 1700936146941,13427,4441,13427,4169000,100
11-25 19:15:46.947  1011  1189 I ASH     : @ 282999.125: tcs3701: stop power rail pending_off timer
11-25 19:15:46.947  1011  1189 D ASH     : @ 282999.125: tcs3701: start power rail timer, state:3
11-25 19:15:46.986  1011  1189 I ASH     : @ 282999.165: tcs3701: stop power rail pending_off timer
11-25 19:15:46.986  1011  1189 D ASH     : @ 282999.165: tcs3701: start power rail timer, state:3
11-25 19:15:47.027  1011  1189 I ASH     : @ 282999.205: tcs3701: stop power rail pending_off timer
11-25 19:15:47.027  1011  1189 D ASH     : @ 282999.205: tcs3701: start power rail timer, state:3
11-25 19:15:47.045  9306  9347 I BatteryMgr:DataCollectionService: stats => 1700936147045,13427,4441,13427,4169000,100
11-25 19:15:47.066  1011  1189 I ASH     : @ 282999.245: tcs3701: stop power rail pending_off timer
11-25 19:15:47.066  1011  1189 D ASH     : @ 282999.245: tcs3701: start power rail timer, state:3
11-25 19:15:47.108  1011  1189 I ASH     : @ 282999.285: tcs3701: stop power rail pending_off timer
11-25 19:15:47.109  1011  1189 D ASH     : @ 282999.285: tcs3701: start power rail timer, state:3
11-25 19:15:47.116 30584 30942 I m.chrome.canary: Explicit concurrent copying GC freed 4054(207KB) AllocSpace objects, 5(100KB) LOS objects, 75% free, 13MB/53MB, paused 40us,24us total 68.697ms
11-25 19:15:47.146  1011  1189 I ASH     : @ 282999.325: tcs3701: stop power rail pending_off timer
11-25 19:15:47.146  1011  1189 D ASH     : @ 282999.325: tcs3701: start power rail timer, state:3
11-25 19:15:47.150  9306  9347 I BatteryMgr:DataCollectionService: stats => 1700936147150,13427,4441,13427,4169000,100
11-25 19:15:47.177  1795  4165 D ActivityManager: freezer override set to false
11-25 19:15:47.186  1011  1189 I ASH     : @ 282999.365: tcs3701: stop power rail pending_off timer
11-25 19:15:47.186  1011  1189 D ASH     : @ 282999.365: tcs3701: start power rail timer, state:3
11-25 19:15:47.225  1795  4165 D ActivityManager: freezer override set to true
11-25 19:15:47.226  1011  1189 I ASH     : @ 282999.405: tcs3701: stop power rail pending_off timer
11-25 19:15:47.226  1011  1189 D ASH     : @ 282999.405: tcs3701: start power rail timer, state:3
11-25 19:15:47.228  1795  4165 D ActivityManager: freezer override set to false
11-25 19:15:47.256  9306  9347 I BatteryMgr:DataCollectionService: stats => 1700936147256,13427,4441,13427,4169000,100
11-25 19:15:47.267  1011  1189 I ASH     : @ 282999.445: tcs3701: stop power rail pending_off timer
11-25 19:15:47.267  1011  1189 D ASH     : @ 282999.445: tcs3701: start power rail timer, state:3
11-25 19:15:47.273  1795  4165 D ActivityManager: freezer override set to true
11-25 19:15:47.275  1795  4165 D ActivityManager: freezer override set to false
11-25 19:15:47.306  1011  1189 I ASH     : @ 282999.485: tcs3701: stop power rail pending_off timer
11-25 19:15:47.306  1011  1189 D ASH     : @ 282999.485: tcs3701: start power rail timer, state:3
11-25 19:15:47.346  1011  1189 I ASH     : @ 282999.525: tcs3701: stop power rail pending_off timer
11-25 19:15:47.346  1011  1189 D ASH     : @ 282999.525: tcs3701: start power rail timer, state:3
11-25 19:15:47.361  9306  9347 I BatteryMgr:DataCollectionService: stats => 1700936147361,13427,4441,13427,4169000,100
11-25 19:15:47.386  1011  1189 I ASH     : @ 282999.565: tcs3701: stop power rail pending_off timer
11-25 19:15:47.386  1011  1189 D ASH     : @ 282999.565: tcs3701: start power rail timer, state:3
11-25 19:15:47.426  1011  1189 I ASH     : @ 282999.605: tcs3701: stop power rail pending_off timer
11-25 19:15:47.426  1011  1189 D ASH     : @ 282999.605: tcs3701: start power rail timer, state:3
11-25 19:15:47.466  1011  1189 I ASH     : @ 282999.645: tcs3701: stop power rail pending_off timer
11-25 19:15:47.466  1011  1189 D ASH     : @ 282999.645: tcs3701: start power rail timer, state:3
11-25 19:15:47.467  9306  9347 I BatteryMgr:DataCollectionService: stats => 1700936147467,13427,4441,13427,4169000,100
11-25 19:15:47.506  1011  1189 I ASH     : @ 282999.685: tcs3701: stop power rail pending_off timer
11-25 19:15:47.506  1011  1189 D ASH     : @ 282999.685: tcs3701: start power rail timer, state:3
11-25 19:15:47.546  1011  1189 I ASH     : @ 282999.725: tcs3701: stop power rail pending_off timer
11-25 19:15:47.546  1011  1189 D ASH     : @ 282999.725: tcs3701: start power rail timer, state:3
11-25 19:15:47.572  9306  9347 I BatteryMgr:DataCollectionService: stats => 1700936147572,13427,4441,13427,4169000,100
11-25 19:15:47.587  1011  1189 I ASH     : @ 282999.765: tcs3701: stop power rail pending_off timer
11-25 19:15:47.587  1011  1189 D ASH     : @ 282999.765: tcs3701: start power rail timer, state:3
11-25 19:15:47.626  1011  1189 I ASH     : @ 282999.805: tcs3701: stop power rail pending_off timer
11-25 19:15:47.626  1011  1189 D ASH     : @ 282999.805: tcs3701: start power rail timer, state:3
11-25 19:15:47.666  1011  1189 I ASH     : @ 282999.845: tcs3701: stop power rail pending_off timer
11-25 19:15:47.666  1011  1189 D ASH     : @ 282999.845: tcs3701: start power rail timer, state:3
11-25 19:15:47.677  9306  9347 I BatteryMgr:DataCollectionService: stats => 1700936147677,13427,4441,13427,4169000,100
11-25 19:15:47.706  1011  1189 I ASH     : @ 282999.885: tcs3701: stop power rail pending_off timer
11-25 19:15:47.706  1011  1189 D ASH     : @ 282999.885: tcs3701: start power rail timer, state:3
11-25 19:15:47.746  1011  1189 I ASH     : @ 282999.925: tcs3701: stop power rail pending_off timer
11-25 19:15:47.746  1011  1189 D ASH     : @ 282999.925: tcs3701: start power rail timer, state:3
11-25 19:15:47.782  9306  9347 I BatteryMgr:DataCollectionService: stats => 1700936147782,13427,4441,13427,4169000,100
11-25 19:15:47.786  1011  1189 I ASH     : @ 282999.965: tcs3701: stop power rail pending_off timer
11-25 19:15:47.786  1011  1189 D ASH     : @ 282999.965: tcs3701: start power rail timer, state:3
11-25 19:15:47.826  1011  1189 I ASH     : @ 283000.005: tcs3701: stop power rail pending_off timer
11-25 19:15:47.826  1011  1189 D ASH     : @ 283000.005: tcs3701: start power rail timer, state:3
11-25 19:15:47.836  1795  4165 D ActivityManager: freezer override set to true
11-25 19:15:47.841  1795  4165 D ActivityManager: freezer override set to false
11-25 19:15:47.866  1011  1189 I ASH     : @ 283000.045: tcs3701: stop power rail pending_off timer
11-25 19:15:47.866  1011  1189 D ASH     : @ 283000.045: tcs3701: start power rail timer, state:3
11-25 19:15:47.888  9306  9347 I BatteryMgr:DataCollectionService: stats => 1700936147888,13427,4441,13427,4169000,100
11-25 19:15:47.906  1011  1189 I ASH     : @ 283000.085: tcs3701: stop power rail pending_off timer
11-25 19:15:47.906  1011  1189 D ASH     : @ 283000.085: tcs3701: start power rail timer, state:3
11-25 19:15:47.946  1011  1189 I ASH     : @ 283000.125: tcs3701: stop power rail pending_off timer
11-25 19:15:47.946  1011  1189 D ASH     : @ 283000.125: tcs3701: start power rail timer, state:3
11-25 19:15:47.986  1011  1189 I ASH     : @ 283000.165: tcs3701: stop power rail pending_off timer
11-25 19:15:47.986  1011  1189 D ASH     : @ 283000.165: tcs3701: start power rail timer, state:3
11-25 19:15:47.993  9306  9347 I BatteryMgr:DataCollectionService: stats => 1700936147993,13427,4441,13427,4169000,100
11-25 19:15:48.026  1011  1189 I ASH     : @ 283000.205: tcs3701: stop power rail pending_off timer
11-25 19:15:48.026  1011  1189 D ASH     : @ 283000.205: tcs3701: start power rail timer, state:3
11-25 19:15:48.066  1011  1189 I ASH     : @ 283000.245: tcs3701: stop power rail pending_off timer
11-25 19:15:48.068  1011  1189 D ASH     : @ 283000.245: tcs3701: start power rail timer, state:3
11-25 19:15:48.098  9306  9347 I BatteryMgr:DataCollectionService: stats => 1700936148098,13427,4441,13427,4169000,100
11-25 19:15:48.106  1011  1189 I ASH     : @ 283000.285: tcs3701: stop power rail pending_off timer
11-25 19:15:48.106  1011  1189 D ASH     : @ 283000.285: tcs3701: start power rail timer, state:3
11-25 19:15:48.146  1011  1189 I ASH     : @ 283000.325: tcs3701: stop power rail pending_off timer
11-25 19:15:48.146  1011  1189 D ASH     : @ 283000.325: tcs3701: start power rail timer, state:3
11-25 19:15:48.187  1011  1189 I ASH     : @ 283000.365: tcs3701: stop power rail pending_off timer
11-25 19:15:48.187  1011  1189 D ASH     : @ 283000.365: tcs3701: start power rail timer, state:3
11-25 19:15:48.203  9306  9347 I BatteryMgr:DataCollectionService: stats => 1700936148203,13427,4441,13427,4169000,100
11-25 19:15:48.226  1011  1189 I ASH     : @ 283000.405: tcs3701: stop power rail pending_off timer
11-25 19:15:48.226  1011  1189 D ASH     : @ 283000.405: tcs3701: start power rail timer, state:3
11-25 19:15:48.266  1011  1189 I ASH     : @ 283000.445: tcs3701: stop power rail pending_off timer
11-25 19:15:48.266  1011  1189 D ASH     : @ 283000.445: tcs3701: start power rail timer, state:3
11-25 19:15:48.306  1011  1189 I ASH     : @ 283000.485: tcs3701: stop power rail pending_off timer
11-25 19:15:48.307  1011  1189 D ASH     : @ 283000.485: tcs3701: start power rail timer, state:3
11-25 19:15:48.307  9306  9347 I BatteryMgr:DataCollectionService: stats => 1700936148307,13427,4441,13427,4169000,100
11-25 19:15:48.346  1011  1189 I ASH     : @ 283000.525: tcs3701: stop power rail pending_off timer
11-25 19:15:48.346  1011  1189 D ASH     : @ 283000.525: tcs3701: start power rail timer, state:3
11-25 19:15:48.386  1011  1189 I ASH     : @ 283000.565: tcs3701: stop power rail pending_off timer
11-25 19:15:48.386  1011  1189 D ASH     : @ 283000.565: tcs3701: start power rail timer, state:3
11-25 19:15:48.412  9306  9347 I BatteryMgr:DataCollectionService: stats => 1700936148412,13427,4441,13427,4169000,100
11-25 19:15:48.426  1011  1189 I ASH     : @ 283000.605: tcs3701: stop power rail pending_off timer
11-25 19:15:48.426  1011  1189 D ASH     : @ 283000.605: tcs3701: start power rail timer, state:3
11-25 19:15:48.437  1795  4165 D ActivityManager: freezer override set to true
11-25 19:15:48.453  1795  2424 D WifiClientModeImpl[13802:wlan0]: updateLinkLayerStatsRssiSpeedFrequencyCapabilities rssi=-44 TxLinkspeed=866 freq=5240 RxLinkSpeed=866
11-25 19:15:48.454  1795  2424 D WifiDataStall: tx tput in kbps: 771281
11-25 19:15:48.454  1795  2424 D WifiDataStall: rx tput in kbps: 811875
11-25 19:15:48.454  1795  2424 V WifiConfigManager: Updating scan detail cache freq=5240 BSSID=f4:6d:2f:12:cc:88 RSSI=-44 for "ourhome"WPA_PSK
11-25 19:15:48.454  2782  5906 D QCNEJ/WlanStaInfoRelay: Received action: android.net.wifi.RSSI_CHANGED
11-25 19:15:48.454  1795  2424 D WifiChannelUtilization:  freq: 5240 onTime: 8012299 busyTime: 741475 onTimeDiff: 421604 busyTimeDiff: 27502 utilization: 16 utilization t0: 23
11-25 19:15:48.454  1795  2424 D WifiDataStall:  ccaLevel = 16
11-25 19:15:48.454  1795  2424 D WifiDataStall: L2 txTputKbps: 771281, rxTputKbps: 811875, L3 txTputKbps: 0, rxTputKbps: 0, TxTrafficHigh: false, RxTrafficHigh: false, Throughput Sufficient: true
11-25 19:15:48.454  2673 18847 V WifiManager: OnWifiUsabilityStatsListener: onWifiUsabilityStats: seqNum=72879
11-25 19:15:48.454  1795  2424 D WifiScoreReport: Wifi scoring disabled - Don't check IP layer
11-25 19:15:48.455  1795  2424 D WifiScoreCard: BSSID update SIGNAL_POLL ID: 1320464697 SSID: "ourhome", BSSID: f4:6d:2f:12:cc:88, MAC: b2:2f:ec:da:4a:0c, IP: /192.168.1.104, Security type: 2, Supplicant state: COMPLETED, Wi-Fi standard: 5, RSSI: -44, Link speed: 866Mbps, Tx Link speed: 866Mbps, Max Supported Tx Link speed: 866Mbps, Rx Link speed: 866Mbps, Max Supported Rx Link speed: 866Mbps, Frequency: 5240MHz, Net ID: 12, Metered hint: false, score: 60, isUsable: true, CarrierMerged: false, SubscriptionId: -1, IsPrimary: 1, Trusted: true, Restricted: false, Ephemeral: false, OEM paid: false, OEM private: false, OSU AP: false, FQDN: <none>, Provider friendly name: <none>, Requesting package name: <none>"ourhome"wpa2-pskMLO Information: , Is TID-To-Link negotiation supported by the AP: false, AP MLD Address: <none>, AP MLO Link Id: <none>, AP MLO Affiliated links: <none>
11-25 19:15:48.455  1795  2424 D WifiScoreCard: txRate: 1 txSpeed: 866
11-25 19:15:48.455  1795  2424 D WifiScoreCard: network update SIGNAL_POLL "ourhome" ID: 1499892569 RSSI -44 txSpeed -1
11-25 19:15:48.455  1795  3784 I WifiService: updateWifiUsabilityScore uid=10180 seqNum=72879 score=100 predictionHorizonSec=1441795
11-25 19:15:48.455  1795  2424 D WifiClientModeImpl[13802:wlan0]:  ClientModeImpl$L2ConnectedState screen=on 33 0 "ourhome" f4:6d:2f:12:cc:88 rssi=-44 f=5240 sc=60 link=866 tx=0.3, 0.0, 0.0 rx=0.3 bcn=2737329 [on:0 tx:0 rx:0 period:3009] from screen [on:435900 period:15061961] score=60
11-25 19:15:48.456  1795  2424 D WifiScoreReport: Wifi scoring disabled - Notify that Wifi is usable
11-25 19:15:48.458  1795  2432 D ConnectivityService: NetReassign [no changes] [c 0] [a 0] [i 1]
11-25 19:15:48.466  1011  1189 I ASH     : @ 283000.645: tcs3701: stop power rail pending_off timer
11-25 19:15:48.466  1011  1189 D ASH     : @ 283000.645: tcs3701: start power rail timer, state:3
11-25 19:15:48.506  1011  1189 I ASH     : @ 283000.685: tcs3701: stop power rail pending_off timer
11-25 19:15:48.506  1011  1189 D ASH     : @ 283000.685: tcs3701: start power rail timer, state:3
11-25 19:15:48.517  9306  9347 I BatteryMgr:DataCollectionService: stats => 1700936148517,13427,4441,13427,4169000,100
11-25 19:15:48.546  1011  1189 I ASH     : @ 283000.725: tcs3701: stop power rail pending_off timer
11-25 19:15:48.546  1011  1189 D ASH     : @ 283000.725: tcs3701: start power rail timer, state:3
11-25 19:15:48.586  1011  1189 I ASH     : @ 283000.765: tcs3701: stop power rail pending_off timer
11-25 19:15:48.586  1011  1189 D ASH     : @ 283000.765: tcs3701: start power rail timer, state:3
11-25 19:15:48.611 30584 30942 I m.chrome.canary: Explicit concurrent copying GC freed 3845(192KB) AllocSpace objects, 4(80KB) LOS objects, 75% free, 13MB/53MB, paused 41us,25us total 55.438ms
11-25 19:15:48.622  9306  9347 I BatteryMgr:DataCollectionService: stats => 1700936148622,13427,4441,13427,4169000,100
11-25 19:15:48.626  1011  1189 I ASH     : @ 283000.805: tcs3701: stop power rail pending_off timer
11-25 19:15:48.626  1011  1189 D ASH     : @ 283000.805: tcs3701: start power rail timer, state:3
11-25 19:15:48.666  1011  1189 I ASH     : @ 283000.845: tcs3701: stop power rail pending_off timer
11-25 19:15:48.666  1011  1189 D ASH     : @ 283000.845: tcs3701: start power rail timer, state:3
11-25 19:15:48.667  1795  4165 D ActivityManager: freezer override set to false
11-25 19:15:48.686 26741 26741 E AbstractGmsTracer: Traced class shouldn't be obfuscated: GmsIntentOperationChimeraService [CONTEXT service_id=259 ]
11-25 19:15:48.691 26741 31506 E AbstractGmsTracer: Traced class shouldn't be obfuscated: InstantIndexingIntentOperation [CONTEXT service_id=259 ]
11-25 19:15:48.692 26741 31506 I GmscoreIpa: Starting mediastore instant index [CONTEXT service_id=255 ]
11-25 19:15:48.706  1011  1189 I ASH     : @ 283000.885: tcs3701: stop power rail pending_off timer
11-25 19:15:48.706  1011  1189 D ASH     : @ 283000.885: tcs3701: start power rail timer, state:3
11-25 19:15:48.721  1795  3784 D ActivityManager: freezer override set to true
11-25 19:15:48.724  1795  3784 D ActivityManager: freezer override set to false
11-25 19:15:48.728  9306  9347 I BatteryMgr:DataCollectionService: stats => 1700936148728,13427,4441,13427,4169000,100
11-25 19:15:48.746  1011  1189 I ASH     : @ 283000.925: tcs3701: stop power rail pending_off timer
11-25 19:15:48.747  1011  1189 D ASH     : @ 283000.925: tcs3701: start power rail timer, state:3
11-25 19:15:48.769  1795  4158 D ActivityManager: freezer override set to true
11-25 19:15:48.772  1795  4158 D ActivityManager: freezer override set to false
11-25 19:15:48.786  1011  1189 I ASH     : @ 283000.965: tcs3701: stop power rail pending_off timer
11-25 19:15:48.786  1011  1189 D ASH     : @ 283000.965: tcs3701: start power rail timer, state:3
11-25 19:15:48.826  1011  1189 I ASH     : @ 283001.005: tcs3701: stop power rail pending_off timer
11-25 19:15:48.826  1011  1189 D ASH     : @ 283001.005: tcs3701: start power rail timer, state:3
11-25 19:15:48.833  9306  9347 I BatteryMgr:DataCollectionService: stats => 1700936148833,13427,4441,13427,4169000,100
11-25 19:15:48.851  1795  4158 D ActivityManager: freezer override set to true
11-25 19:15:48.856  1795  4158 D ActivityManager: freezer override set to false
11-25 19:15:48.866  1011  1189 I ASH     : @ 283001.045: tcs3701: stop power rail pending_off timer
11-25 19:15:48.866  1011  1189 D ASH     : @ 283001.045: tcs3701: start power rail timer, state:3
11-25 19:15:48.906  1011  1189 I ASH     : @ 283001.085: tcs3701: stop power rail pending_off timer
11-25 19:15:48.906  1011  1189 D ASH     : @ 283001.085: tcs3701: start power rail timer, state:3
11-25 19:15:48.938  9306  9347 I BatteryMgr:DataCollectionService: stats => 1700936148938,13427,4441,13427,4169000,100
11-25 19:15:48.946  1011  1189 I ASH     : @ 283001.125: tcs3701: stop power rail pending_off timer
11-25 19:15:48.946  1011  1189 D ASH     : @ 283001.125: tcs3701: start power rail timer, state:3
11-25 19:15:48.986  1011  1189 I ASH     : @ 283001.165: tcs3701: stop power rail pending_off timer
11-25 19:15:48.986  1011  1189 D ASH     : @ 283001.165: tcs3701: start power rail timer, state:3
11-25 19:15:48.996  1795  2424 D WifiNetworkSelector: Current connected network: 12
11-25 19:15:48.996  1795  2424 V WifiConnectivityManager: No partial scan because firmware roaming is supported.
11-25 19:15:48.996  1795  2424 V WifiConnectivityManager: schedulePeriodicScanTimer intervalMs 20000
11-25 19:15:49.026  1011  1189 I ASH     : @ 283001.205: tcs3701: stop power rail pending_off timer
11-25 19:15:49.027  1011  1189 D ASH     : @ 283001.205: tcs3701: start power rail timer, state:3
11-25 19:15:49.044  9306  9347 I BatteryMgr:DataCollectionService: stats => 1700936149044,13427,4441,13427,4169000,100
11-25 19:15:49.066  1011  1189 I ASH     : @ 283001.245: tcs3701: stop power rail pending_off timer
11-25 19:15:49.066  1011  1189 D ASH     : @ 283001.245: tcs3701: start power rail timer, state:3
11-25 19:15:49.106  1011  1189 I ASH     : @ 283001.285: tcs3701: stop power rail pending_off timer
11-25 19:15:49.106  1011  1189 D ASH     : @ 283001.285: tcs3701: start power rail timer, state:3
11-25 19:15:49.146  1011  1189 I ASH     : @ 283001.325: tcs3701: stop power rail pending_off timer
11-25 19:15:49.146  1011  1189 D ASH     : @ 283001.325: tcs3701: start power rail timer, state:3
11-25 19:15:49.149  9306  9347 I BatteryMgr:DataCollectionService: stats => 1700936149149,13427,4441,13427,4169000,100
11-25 19:15:49.186  1011  1189 I ASH     : @ 283001.365: tcs3701: stop power rail pending_off timer
11-25 19:15:49.186  1011  1189 D ASH     : @ 283001.365: tcs3701: start power rail timer, state:3
11-25 19:15:49.226  1011  1189 I ASH     : @ 283001.405: tcs3701: stop power rail pending_off timer
11-25 19:15:49.226  1011  1189 D ASH     : @ 283001.405: tcs3701: start power rail timer, state:3
11-25 19:15:49.253  9306  9347 I BatteryMgr:DataCollectionService: stats => 1700936149253,13427,4441,13427,4169000,100
11-25 19:15:49.266  1011  1189 I ASH     : @ 283001.445: tcs3701: stop power rail pending_off timer
11-25 19:15:49.266  1011  1189 D ASH     : @ 283001.445: tcs3701: start power rail timer, state:3
11-25 19:15:49.306  1011  1189 I ASH     : @ 283001.485: tcs3701: stop power rail pending_off timer
11-25 19:15:49.306  1011  1189 D ASH     : @ 283001.485: tcs3701: start power rail timer, state:3
11-25 19:15:49.347  1011  1189 I ASH     : @ 283001.525: tcs3701: stop power rail pending_off timer
11-25 19:15:49.347  1011  1189 D ASH     : @ 283001.525: tcs3701: start power rail timer, state:3
11-25 19:15:49.359  9306  9347 I BatteryMgr:DataCollectionService: stats => 1700936149359,13427,4441,13427,4169000,100
11-25 19:15:49.386  1011  1189 I ASH     : @ 283001.565: tcs3701: stop power rail pending_off timer
11-25 19:15:49.386  1011  1189 D ASH     : @ 283001.565: tcs3701: start power rail timer, state:3
11-25 19:15:49.426  1011  1189 I ASH     : @ 283001.605: tcs3701: stop power rail pending_off timer
11-25 19:15:49.426  1011  1189 D ASH     : @ 283001.605: tcs3701: start power rail timer, state:3
11-25 19:15:49.465  9306  9347 I BatteryMgr:DataCollectionService: stats => 1700936149465,13427,4441,13427,4169000,100
11-25 19:15:49.466  1011  1189 I ASH     : @ 283001.645: tcs3701: stop power rail pending_off timer
11-25 19:15:49.466  1011  1189 D ASH     : @ 283001.645: tcs3701: start power rail timer, state:3
11-25 19:15:49.506  1011  1189 I ASH     : @ 283001.685: tcs3701: stop power rail pending_off timer
11-25 19:15:49.507  1011  1189 D ASH     : @ 283001.685: tcs3701: start power rail timer, state:3
11-25 19:15:49.546  1011  1189 I ASH     : @ 283001.725: tcs3701: stop power rail pending_off timer
11-25 19:15:49.546  1011  1189 D ASH     : @ 283001.725: tcs3701: start power rail timer, state:3
11-25 19:15:49.571  9306  9347 I BatteryMgr:DataCollectionService: stats => 1700936149570,13427,4441,13427,4169000,100
11-25 19:15:49.586  1011  1189 I ASH     : @ 283001.765: tcs3701: stop power rail pending_off timer
11-25 19:15:49.586  1011  1189 D ASH     : @ 283001.765: tcs3701: start power rail timer, state:3
11-25 19:15:49.626  1011  1189 I ASH     : @ 283001.805: tcs3701: stop power rail pending_off timer
11-25 19:15:49.626  1011  1189 D ASH     : @ 283001.805: tcs3701: start power rail timer, state:3
11-25 19:15:49.666  1011  1189 I ASH     : @ 283001.845: tcs3701: stop power rail pending_off timer
11-25 19:15:49.666  1011  1189 D ASH     : @ 283001.845: tcs3701: start power rail timer, state:3
11-25 19:15:49.675  9306  9347 I BatteryMgr:DataCollectionService: stats => 1700936149675,13427,4441,13427,4169000,100
11-25 19:15:49.706  1011  1189 I ASH     : @ 283001.885: tcs3701: stop power rail pending_off timer
11-25 19:15:49.706  1011  1189 D ASH     : @ 283001.885: tcs3701: start power rail timer, state:3
11-25 19:15:49.746  1011  1189 I ASH     : @ 283001.925: tcs3701: stop power rail pending_off timer
11-25 19:15:49.746  1011  1189 D ASH     : @ 283001.925: tcs3701: start power rail timer, state:3
11-25 19:15:49.780  9306  9347 I BatteryMgr:DataCollectionService: stats => 1700936149780,13427,4441,13427,4169000,100
11-25 19:15:49.786  1011  1189 I ASH     : @ 283001.965: tcs3701: stop power rail pending_off timer
11-25 19:15:49.786  1011  1189 D ASH     : @ 283001.965: tcs3701: start power rail timer, state:3
11-25 19:15:49.826  1011  1189 I ASH     : @ 283002.005: tcs3701: stop power rail pending_off timer
11-25 19:15:49.826  1011  1189 D ASH     : @ 283002.005: tcs3701: start power rail timer, state:3
11-25 19:15:49.861  1795  4158 D ActivityManager: freezer override set to true
11-25 19:15:49.864  1795  4158 D ActivityManager: freezer override set to false
11-25 19:15:49.866  1011  1189 I ASH     : @ 283002.045: tcs3701: stop power rail pending_off timer
11-25 19:15:49.866  1011  1189 D ASH     : @ 283002.045: tcs3701: start power rail timer, state:3
11-25 19:15:49.885  9306  9347 I BatteryMgr:DataCollectionService: stats => 1700936149885,13427,4441,13427,4169000,100
11-25 19:15:49.906  1011  1189 I ASH     : @ 283002.085: tcs3701: stop power rail pending_off timer
11-25 19:15:49.906  1011  1189 D ASH     : @ 283002.085: tcs3701: start power rail timer, state:3
11-25 19:15:49.946  1011  1189 I ASH     : @ 283002.125: tcs3701: stop power rail pending_off timer
11-25 19:15:49.946  1011  1189 D ASH     : @ 283002.125: tcs3701: start power rail timer, state:3
11-25 19:15:49.986  1011  1189 I ASH     : @ 283002.165: tcs3701: stop power rail pending_off timer
11-25 19:15:49.986  1011  1189 D ASH     : @ 283002.166: tcs3701: start power rail timer, state:3
11-25 19:15:49.992  9306  9347 I BatteryMgr:DataCollectionService: stats => 1700936149992,13427,4441,13427,4169000,100
11-25 19:15:50.003  1795  4158 D ActivityManager: freezer override set to true
11-25 19:15:50.026  1011  1189 I ASH     : @ 283002.205: tcs3701: stop power rail pending_off timer
11-25 19:15:50.027  1011  1189 D ASH     : @ 283002.205: tcs3701: start power rail timer, state:3
11-25 19:15:50.067  1011  1189 I ASH     : @ 283002.245: tcs3701: stop power rail pending_off timer
11-25 19:15:50.067  1011  1189 D ASH     : @ 283002.245: tcs3701: start power rail timer, state:3
11-25 19:15:50.096  9306  9347 I BatteryMgr:DataCollectionService: stats => 1700936150096,13427,4441,13427,4169000,100
11-25 19:15:50.106  1011  1189 I ASH     : @ 283002.285: tcs3701: stop power rail pending_off timer
11-25 19:15:50.106  1011  1189 D ASH     : @ 283002.285: tcs3701: start power rail timer, state:3
11-25 19:15:50.146  1011  1189 I ASH     : @ 283002.325: tcs3701: stop power rail pending_off timer
11-25 19:15:50.146  1011  1189 D ASH     : @ 283002.325: tcs3701: start power rail timer, state:3
11-25 19:15:50.182 30584 30942 I m.chrome.canary: Explicit concurrent copying GC freed 4057(207KB) AllocSpace objects, 5(100KB) LOS objects, 75% free, 13MB/53MB, paused 63us,25us total 61.562ms
11-25 19:15:50.186  1011  1189 I ASH     : @ 283002.365: tcs3701: stop power rail pending_off timer
11-25 19:15:50.186  1011  1189 D ASH     : @ 283002.365: tcs3701: start power rail timer, state:3
11-25 19:15:50.201  9306  9347 I BatteryMgr:DataCollectionService: stats => 1700936150201,13427,4441,13427,4169000,100
