11-23 11:58:15.157  1795  2424 D WifiClientModeImpl[13802:wlan0]:  ClientModeImpl$L2ConnectedState screen=on 13 0 "ourhome" f4:6d:2f:12:cc:88 rssi=-49 f=5240 sc=60 link=866 tx=0.3, 0.0, 0.0 rx=0.5 bcn=800937 [on:55 tx:1 rx:0 period:3013] from screen [on:159890 period:3583269] score=60
11-23 11:58:15.158  1795  2424 D WifiScoreReport: Wifi scoring disabled - Notify that Wifi is usable
11-23 11:58:15.161  1795  2432 D ConnectivityService: NetReassign [no changes] [c 1] [a 0] [i 2]
11-23 11:58:15.180  1011  1189 I ASH     : @ 83947.379: tcs3701: stop power rail pending_off timer
11-23 11:58:15.180  1011  1189 D ASH     : @ 83947.379: tcs3701: start power rail timer, state:3
11-23 11:58:15.220  1011  1189 I ASH     : @ 83947.419: tcs3701: stop power rail pending_off timer
11-23 11:58:15.220  1011  1189 D ASH     : @ 83947.419: tcs3701: start power rail timer, state:3
11-23 11:58:15.240  5238  5296 I BatteryMgr:DataCollectionService: stats => 1700737095240,12207,4447,13427,4169000,100
11-23 11:58:15.260  1011  1189 I ASH     : @ 83947.459: tcs3701: stop power rail pending_off timer
11-23 11:58:15.260  1011  1189 D ASH     : @ 83947.459: tcs3701: start power rail timer, state:3
11-23 11:58:15.300  1011  1189 I ASH     : @ 83947.499: tcs3701: stop power rail pending_off timer
11-23 11:58:15.300  1011  1189 D ASH     : @ 83947.499: tcs3701: start power rail timer, state:3
11-23 11:58:15.340  1011  1189 I ASH     : @ 83947.539: tcs3701: stop power rail pending_off timer
11-23 11:58:15.341  1011  1189 D ASH     : @ 83947.539: tcs3701: start power rail timer, state:3
11-23 11:58:15.345  5238  5296 I BatteryMgr:DataCollectionService: stats => 1700737095345,12207,4447,13427,4169000,100
11-23 11:58:15.381  1011  1189 I ASH     : @ 83947.579: tcs3701: stop power rail pending_off timer
11-23 11:58:15.381  1011  1189 D ASH     : @ 83947.579: tcs3701: start power rail timer, state:3
11-23 11:58:15.420  1011  1189 I ASH     : @ 83947.619: tcs3701: stop power rail pending_off timer
11-23 11:58:15.420  1011  1189 D ASH     : @ 83947.619: tcs3701: start power rail timer, state:3
11-23 11:58:15.450  5238  5296 I BatteryMgr:DataCollectionService: stats => 1700737095450,12207,4447,13427,4169000,100
11-23 11:58:15.460  1011  1189 I ASH     : @ 83947.659: tcs3701: stop power rail pending_off timer
11-23 11:58:15.460  1011  1189 D ASH     : @ 83947.659: tcs3701: start power rail timer, state:3
11-23 11:58:15.500  1011  1189 I ASH     : @ 83947.699: tcs3701: stop power rail pending_off timer
11-23 11:58:15.500  1011  1189 D ASH     : @ 83947.699: tcs3701: start power rail timer, state:3
11-23 11:58:15.540  1011  1189 I ASH     : @ 83947.739: tcs3701: stop power rail pending_off timer
11-23 11:58:15.540  1011  1189 D ASH     : @ 83947.739: tcs3701: start power rail timer, state:3
11-23 11:58:15.555  5238  5296 I BatteryMgr:DataCollectionService: stats => 1700737095555,12207,4447,13427,4169000,100
11-23 11:58:15.581  1011  1189 I ASH     : @ 83947.779: tcs3701: stop power rail pending_off timer
11-23 11:58:15.581  1011  1189 D ASH     : @ 83947.779: tcs3701: start power rail timer, state:3
11-23 11:58:15.582  1795  4169 D ActivityManager: freezer override set to true
11-23 11:58:15.620  1011  1189 I ASH     : @ 83947.819: tcs3701: stop power rail pending_off timer
11-23 11:58:15.620  1011  1189 D ASH     : @ 83947.819: tcs3701: start power rail timer, state:3
11-23 11:58:15.660  1011  1189 I ASH     : @ 83947.859: tcs3701: stop power rail pending_off timer
11-23 11:58:15.661  1011  1189 D ASH     : @ 83947.859: tcs3701: start power rail timer, state:3
11-23 11:58:15.661  5238  5296 I BatteryMgr:DataCollectionService: stats => 1700737095661,12207,4447,13427,4169000,100
11-23 11:58:15.661 28923 28954 I m.chrome.canary: Explicit concurrent copying GC freed 3573(176KB) AllocSpace objects, 3(60KB) LOS objects, 75% free, 11MB/46MB, paused 31us,24us total 44.274ms
11-23 11:58:15.700  1011  1189 I ASH     : @ 83947.899: tcs3701: stop power rail pending_off timer
11-23 11:58:15.700  1011  1189 D ASH     : @ 83947.899: tcs3701: start power rail timer, state:3
11-23 11:58:15.718  1795  4169 D ActivityManager: freezer override set to false
11-23 11:58:15.741  1011  1189 I ASH     : @ 83947.939: tcs3701: stop power rail pending_off timer
11-23 11:58:15.741  1011  1189 D ASH     : @ 83947.939: tcs3701: start power rail timer, state:3
11-23 11:58:15.765  1795  4157 D ActivityManager: freezer override set to true
11-23 11:58:15.766  5238  5296 I BatteryMgr:DataCollectionService: stats => 1700737095766,12207,4447,13427,4169000,100
11-23 11:58:15.768  1795  4157 D ActivityManager: freezer override set to false
11-23 11:58:15.778  1795  4157 D ActivityManager: freezer override set to true
11-23 11:58:15.780  1011  1189 I ASH     : @ 83947.979: tcs3701: stop power rail pending_off timer
11-23 11:58:15.780  1011  1189 D ASH     : @ 83947.979: tcs3701: start power rail timer, state:3
11-23 11:58:15.781  1795  4157 D ActivityManager: freezer override set to false
11-23 11:58:15.821  1011  1189 I ASH     : @ 83948.019: tcs3701: stop power rail pending_off timer
11-23 11:58:15.821  1011  1189 D ASH     : @ 83948.019: tcs3701: start power rail timer, state:3
11-23 11:58:15.860  1011  1189 I ASH     : @ 83948.059: tcs3701: stop power rail pending_off timer
11-23 11:58:15.860  1011  1189 D ASH     : @ 83948.059: tcs3701: start power rail timer, state:3
11-23 11:58:15.870  5238  5296 I BatteryMgr:DataCollectionService: stats => 1700737095870,12207,4447,13427,4169000,100
11-23 11:58:15.901  1011  1189 I ASH     : @ 83948.099: tcs3701: stop power rail pending_off timer
11-23 11:58:15.901  1011  1189 D ASH     : @ 83948.099: tcs3701: start power rail timer, state:3
11-23 11:58:15.940  1011  1189 I ASH     : @ 83948.139: tcs3701: stop power rail pending_off timer
11-23 11:58:15.940  1011  1189 D ASH     : @ 83948.139: tcs3701: start power rail timer, state:3
11-23 11:58:15.974  5238  5296 I BatteryMgr:DataCollectionService: stats => 1700737095974,12207,4447,13427,4169000,100
11-23 11:58:15.981  1011  1189 I ASH     : @ 83948.179: tcs3701: stop power rail pending_off timer
11-23 11:58:15.981  1011  1189 D ASH     : @ 83948.179: tcs3701: start power rail timer, state:3
11-23 11:58:16.020  1011  1189 I ASH     : @ 83948.219: tcs3701: stop power rail pending_off timer
11-23 11:58:16.020  1011  1189 D ASH     : @ 83948.219: tcs3701: start power rail timer, state:3
11-23 11:58:16.060  1011  1189 I ASH     : @ 83948.259: tcs3701: stop power rail pending_off timer
11-23 11:58:16.060  1011  1189 D ASH     : @ 83948.259: tcs3701: start power rail timer, state:3
11-23 11:58:16.078  5238  5296 I BatteryMgr:DataCollectionService: stats => 1700737096078,12207,4447,13427,4169000,100
11-23 11:58:16.100  1011  1189 I ASH     : @ 83948.299: tcs3701: stop power rail pending_off timer
11-23 11:58:16.100  1011  1189 D ASH     : @ 83948.299: tcs3701: start power rail timer, state:3
11-23 11:58:16.141  1011  1189 I ASH     : @ 83948.339: tcs3701: stop power rail pending_off timer
11-23 11:58:16.141  1011  1189 D ASH     : @ 83948.339: tcs3701: start power rail timer, state:3
11-23 11:58:16.181  1011  1189 I ASH     : @ 83948.379: tcs3701: stop power rail pending_off timer
11-23 11:58:16.181  1011  1189 D ASH     : @ 83948.379: tcs3701: start power rail timer, state:3
11-23 11:58:16.183  5238  5296 I BatteryMgr:DataCollectionService: stats => 1700737096183,12207,4447,13427,4169000,100
11-23 11:58:16.220  1011  1189 I ASH     : @ 83948.419: tcs3701: stop power rail pending_off timer
11-23 11:58:16.220  1011  1189 D ASH     : @ 83948.419: tcs3701: start power rail timer, state:3
11-23 11:58:16.260  1011  1189 I ASH     : @ 83948.459: tcs3701: stop power rail pending_off timer
11-23 11:58:16.260  1011  1189 D ASH     : @ 83948.459: tcs3701: start power rail timer, state:3
11-23 11:58:16.288  5238  5296 I BatteryMgr:DataCollectionService: stats => 1700737096288,12207,4447,13427,4169000,100
11-23 11:58:16.300  1011  1189 I ASH     : @ 83948.499: tcs3701: stop power rail pending_off timer
11-23 11:58:16.300  1011  1189 D ASH     : @ 83948.499: tcs3701: start power rail timer, state:3
11-23 11:58:16.340  1011  1189 I ASH     : @ 83948.539: tcs3701: stop power rail pending_off timer
11-23 11:58:16.340  1011  1189 D ASH     : @ 83948.539: tcs3701: start power rail timer, state:3
11-23 11:58:16.373  2113  2118 I pixel-thermal: skin-therm-monitor: 38.125
11-23 11:58:16.380  1011  1189 I ASH     : @ 83948.579: tcs3701: stop power rail pending_off timer
11-23 11:58:16.380  1011  1189 D ASH     : @ 83948.579: tcs3701: start power rail timer, state:3
11-23 11:58:16.392  5238  5296 I BatteryMgr:DataCollectionService: stats => 1700737096392,12207,4447,13427,4169000,100
11-23 11:58:16.420  1011  1189 I ASH     : @ 83948.619: tcs3701: stop power rail pending_off timer
11-23 11:58:16.420  1011  1189 D ASH     : @ 83948.619: tcs3701: start power rail timer, state:3
11-23 11:58:16.460  1011  1189 I ASH     : @ 83948.659: tcs3701: stop power rail pending_off timer
11-23 11:58:16.460  1011  1189 D ASH     : @ 83948.659: tcs3701: start power rail timer, state:3
11-23 11:58:16.498  5238  5296 I BatteryMgr:DataCollectionService: stats => 1700737096498,12207,4447,13427,4169000,100
11-23 11:58:16.500  1011  1189 I ASH     : @ 83948.699: tcs3701: stop power rail pending_off timer
11-23 11:58:16.500  1011  1189 D ASH     : @ 83948.699: tcs3701: start power rail timer, state:3
11-23 11:58:16.540  1011  1189 I ASH     : @ 83948.739: tcs3701: stop power rail pending_off timer
11-23 11:58:16.540  1011  1189 D ASH     : @ 83948.739: tcs3701: start power rail timer, state:3
11-23 11:58:16.580  1011  1189 I ASH     : @ 83948.779: tcs3701: stop power rail pending_off timer
11-23 11:58:16.580  1011  1189 D ASH     : @ 83948.779: tcs3701: start power rail timer, state:3
11-23 11:58:16.602  5238  5296 I BatteryMgr:DataCollectionService: stats => 1700737096602,12207,4447,13427,4169000,100
11-23 11:58:16.620  1011  1189 I ASH     : @ 83948.819: tcs3701: stop power rail pending_off timer
11-23 11:58:16.620  1011  1189 D ASH     : @ 83948.819: tcs3701: start power rail timer, state:3
11-23 11:58:16.660  1011  1189 I ASH     : @ 83948.859: tcs3701: stop power rail pending_off timer
11-23 11:58:16.660  1011  1189 D ASH     : @ 83948.859: tcs3701: start power rail timer, state:3
11-23 11:58:16.701  1011  1189 I ASH     : @ 83948.899: tcs3701: stop power rail pending_off timer
11-23 11:58:16.701  1011  1189 D ASH     : @ 83948.899: tcs3701: start power rail timer, state:3
11-23 11:58:16.707  5238  5296 I BatteryMgr:DataCollectionService: stats => 1700737096707,12207,4447,13427,4169000,100
11-23 11:58:16.740  1011  1189 I ASH     : @ 83948.939: tcs3701: stop power rail pending_off timer
11-23 11:58:16.740  1011  1189 D ASH     : @ 83948.939: tcs3701: start power rail timer, state:3
11-23 11:58:16.766  1795  4157 D ActivityManager: freezer override set to true
11-23 11:58:16.771  1795  4157 D ActivityManager: freezer override set to false
11-23 11:58:16.780  1011  1189 I ASH     : @ 83948.979: tcs3701: stop power rail pending_off timer
11-23 11:58:16.780  1011  1189 D ASH     : @ 83948.979: tcs3701: start power rail timer, state:3
11-23 11:58:16.812  5238  5296 I BatteryMgr:DataCollectionService: stats => 1700737096812,12207,4447,13427,4169000,100
11-23 11:58:16.820  1011  1189 I ASH     : @ 83949.019: tcs3701: stop power rail pending_off timer
11-23 11:58:16.820  1011  1189 D ASH     : @ 83949.019: tcs3701: start power rail timer, state:3
11-23 11:58:16.860  1011  1189 I ASH     : @ 83949.059: tcs3701: stop power rail pending_off timer
11-23 11:58:16.860  1011  1189 D ASH     : @ 83949.059: tcs3701: start power rail timer, state:3
11-23 11:58:16.900  1011  1189 I ASH     : @ 83949.099: tcs3701: stop power rail pending_off timer
11-23 11:58:16.900  1011  1189 D ASH     : @ 83949.099: tcs3701: start power rail timer, state:3
11-23 11:58:16.917  5238  5296 I BatteryMgr:DataCollectionService: stats => 1700737096917,12207,4447,13427,4169000,100
11-23 11:58:16.926  1795  4157 D ActivityManager: freezer override set to true
11-23 11:58:16.940  1011  1189 I ASH     : @ 83949.139: tcs3701: stop power rail pending_off timer
11-23 11:58:16.940  1011  1189 D ASH     : @ 83949.139: tcs3701: start power rail timer, state:3
11-23 11:58:16.980  1011  1189 I ASH     : @ 83949.179: tcs3701: stop power rail pending_off timer
11-23 11:58:16.980  1011  1189 D ASH     : @ 83949.179: tcs3701: start power rail timer, state:3
11-23 11:58:17.020  1011  1189 I ASH     : @ 83949.219: tcs3701: stop power rail pending_off timer
11-23 11:58:17.020  1011  1189 D ASH     : @ 83949.219: tcs3701: start power rail timer, state:3
11-23 11:58:17.022  5238  5296 I BatteryMgr:DataCollectionService: stats => 1700737097022,12207,4447,13427,4169000,100
11-23 11:58:17.037 28923 28954 I m.chrome.canary: Explicit concurrent copying GC freed 3804(191KB) AllocSpace objects, 4(80KB) LOS objects, 75% free, 11MB/46MB, paused 32us,24us total 48.177ms
11-23 11:58:17.061  1011  1189 I ASH     : @ 83949.259: tcs3701: stop power rail pending_off timer
11-23 11:58:17.061  1011  1189 D ASH     : @ 83949.259: tcs3701: start power rail timer, state:3
11-23 11:58:17.093  1795  4157 D ActivityManager: freezer override set to false
11-23 11:58:17.100  1011  1189 I ASH     : @ 83949.299: tcs3701: stop power rail pending_off timer
11-23 11:58:17.100  1011  1189 D ASH     : @ 83949.299: tcs3701: start power rail timer, state:3
11-23 11:58:17.128  5238  5296 I BatteryMgr:DataCollectionService: stats => 1700737097128,12207,4447,13427,4169000,100
11-23 11:58:17.129  1795  4157 D ActivityManager: freezer override set to true
11-23 11:58:17.131  1795  4157 D ActivityManager: freezer override set to false
11-23 11:58:17.141  1011  1189 I ASH     : @ 83949.339: tcs3701: stop power rail pending_off timer
11-23 11:58:17.141  1011  1189 D ASH     : @ 83949.339: tcs3701: start power rail timer, state:3
11-23 11:58:17.180  1011  1189 I ASH     : @ 83949.379: tcs3701: stop power rail pending_off timer
11-23 11:58:17.180  1011  1189 D ASH     : @ 83949.379: tcs3701: start power rail timer, state:3
11-23 11:58:17.220  1011  1189 I ASH     : @ 83949.419: tcs3701: stop power rail pending_off timer
11-23 11:58:17.220  1011  1189 D ASH     : @ 83949.419: tcs3701: start power rail timer, state:3
11-23 11:58:17.233  5238  5296 I BatteryMgr:DataCollectionService: stats => 1700737097233,12207,4447,13427,4169000,100
11-23 11:58:17.260  1011  1189 I ASH     : @ 83949.459: tcs3701: stop power rail pending_off timer
11-23 11:58:17.260  1011  1189 D ASH     : @ 83949.459: tcs3701: start power rail timer, state:3
11-23 11:58:17.300  1011  1189 I ASH     : @ 83949.499: tcs3701: stop power rail pending_off timer
11-23 11:58:17.300  1011  1189 D ASH     : @ 83949.499: tcs3701: start power rail timer, state:3
11-23 11:58:17.337  5238  5296 I BatteryMgr:DataCollectionService: stats => 1700737097337,12207,4447,13427,4169000,100
11-23 11:58:17.340  1011  1189 I ASH     : @ 83949.539: tcs3701: stop power rail pending_off timer
11-23 11:58:17.340  1011  1189 D ASH     : @ 83949.539: tcs3701: start power rail timer, state:3
11-23 11:58:17.380  1011  1189 I ASH     : @ 83949.579: tcs3701: stop power rail pending_off timer
11-23 11:58:17.380  1011  1189 D ASH     : @ 83949.579: tcs3701: start power rail timer, state:3
11-23 11:58:17.420  1011  1189 I ASH     : @ 83949.619: tcs3701: stop power rail pending_off timer
11-23 11:58:17.420  1011  1189 D ASH     : @ 83949.619: tcs3701: start power rail timer, state:3
11-23 11:58:17.442  5238  5296 I BatteryMgr:DataCollectionService: stats => 1700737097442,12207,4447,13427,4169000,100
11-23 11:58:17.461  1011  1189 I ASH     : @ 83949.659: tcs3701: stop power rail pending_off timer
11-23 11:58:17.461  1011  1189 D ASH     : @ 83949.660: tcs3701: start power rail timer, state:3
11-23 11:58:17.500  1011  1189 I ASH     : @ 83949.699: tcs3701: stop power rail pending_off timer
11-23 11:58:17.500  1011  1189 D ASH     : @ 83949.699: tcs3701: start power rail timer, state:3
11-23 11:58:17.540  1011  1189 I ASH     : @ 83949.739: tcs3701: stop power rail pending_off timer
11-23 11:58:17.541  1011  1189 D ASH     : @ 83949.739: tcs3701: start power rail timer, state:3
11-23 11:58:17.546  5238  5296 I BatteryMgr:DataCollectionService: stats => 1700737097546,12207,4447,13427,4169000,100
11-23 11:58:17.580  1011  1189 I ASH     : @ 83949.779: tcs3701: stop power rail pending_off timer
11-23 11:58:17.580  1011  1189 D ASH     : @ 83949.779: tcs3701: start power rail timer, state:3
11-23 11:58:17.620  1011  1189 I ASH     : @ 83949.819: tcs3701: stop power rail pending_off timer
11-23 11:58:17.620  1011  1189 D ASH     : @ 83949.819: tcs3701: start power rail timer, state:3
11-23 11:58:17.650  5238  5296 I BatteryMgr:DataCollectionService: stats => 1700737097650,12207,4447,13427,4169000,100
11-23 11:58:17.661  1011  1189 I ASH     : @ 83949.859: tcs3701: stop power rail pending_off timer
11-23 11:58:17.661  1011  1189 D ASH     : @ 83949.859: tcs3701: start power rail timer, state:3
11-23 11:58:17.700  1011  1189 I ASH     : @ 83949.899: tcs3701: stop power rail pending_off timer
11-23 11:58:17.700  1011  1189 D ASH     : @ 83949.899: tcs3701: start power rail timer, state:3
11-23 11:58:17.740  1011  1189 I ASH     : @ 83949.939: tcs3701: stop power rail pending_off timer
11-23 11:58:17.740  1011  1189 D ASH     : @ 83949.939: tcs3701: start power rail timer, state:3
11-23 11:58:17.754  5238  5296 I BatteryMgr:DataCollectionService: stats => 1700737097754,12207,4447,13427,4169000,100
11-23 11:58:17.766  1039  1095 D rlsservice: MonitorDisplayStatus client num 0, display status 1, sensor status 0
11-23 11:58:17.768  1795  4157 D ActivityManager: freezer override set to true
11-23 11:58:17.773  1795  4157 D ActivityManager: freezer override set to false
11-23 11:58:17.780  1011  1189 I ASH     : @ 83949.979: tcs3701: stop power rail pending_off timer
11-23 11:58:17.780  1011  1189 D ASH     : @ 83949.979: tcs3701: start power rail timer, state:3
11-23 11:58:17.820  1011  1189 I ASH     : @ 83950.019: tcs3701: stop power rail pending_off timer
11-23 11:58:17.820  1011  1189 D ASH     : @ 83950.019: tcs3701: start power rail timer, state:3
11-23 11:58:17.859  5238  5296 I BatteryMgr:DataCollectionService: stats => 1700737097859,12207,4447,13427,4169000,100
11-23 11:58:17.861  1011  1189 I ASH     : @ 83950.059: tcs3701: stop power rail pending_off timer
11-23 11:58:17.861  1011  1189 D ASH     : @ 83950.059: tcs3701: start power rail timer, state:3
11-23 11:58:17.900  1011  1189 I ASH     : @ 83950.099: tcs3701: stop power rail pending_off timer
11-23 11:58:17.900  1011  1189 D ASH     : @ 83950.099: tcs3701: start power rail timer, state:3
11-23 11:58:17.940  1011  1189 I ASH     : @ 83950.139: tcs3701: stop power rail pending_off timer
11-23 11:58:17.940  1011  1189 D ASH     : @ 83950.139: tcs3701: start power rail timer, state:3
11-23 11:58:17.963  5238  5296 I BatteryMgr:DataCollectionService: stats => 1700737097963,12207,4447,13427,4169000,100
11-23 11:58:17.980  1011  1189 I ASH     : @ 83950.179: tcs3701: stop power rail pending_off timer
11-23 11:58:17.980  1011  1189 D ASH     : @ 83950.179: tcs3701: start power rail timer, state:3
11-23 11:58:18.020  1011  1189 I ASH     : @ 83950.219: tcs3701: stop power rail pending_off timer
11-23 11:58:18.020  1011  1189 D ASH     : @ 83950.219: tcs3701: start power rail timer, state:3
11-23 11:58:18.060  1011  1189 I ASH     : @ 83950.259: tcs3701: stop power rail pending_off timer
11-23 11:58:18.060  1011  1189 D ASH     : @ 83950.259: tcs3701: start power rail timer, state:3
11-23 11:58:18.067  5238  5296 I BatteryMgr:DataCollectionService: stats => 1700737098067,12207,4447,13427,4169000,100
11-23 11:58:18.100  1011  1189 I ASH     : @ 83950.299: tcs3701: stop power rail pending_off timer
11-23 11:58:18.100  1011  1189 D ASH     : @ 83950.299: tcs3701: start power rail timer, state:3
11-23 11:58:18.140  1011  1189 I ASH     : @ 83950.339: tcs3701: stop power rail pending_off timer
11-23 11:58:18.141  1011  1189 D ASH     : @ 83950.339: tcs3701: start power rail timer, state:3
11-23 11:58:18.169  1795  2424 D WifiClientModeImpl[13802:wlan0]: updateLinkLayerStatsRssiSpeedFrequencyCapabilities rssi=-49 TxLinkspeed=866 freq=5240 RxLinkSpeed=6
11-23 11:58:18.170  1795  2424 D WifiDataStall: tx tput in kbps: 758426
11-23 11:58:18.170  1795  2424 D WifiDataStall: rx tput in kbps: 798343
11-23 11:58:18.170  1795  2424 V WifiConfigManager: Updating scan detail cache freq=5240 BSSID=f4:6d:2f:12:cc:88 RSSI=-48 for "ourhome"WPA_PSK
11-23 11:58:18.170  1795  2424 D WifiChannelUtilization:  freq: 5240 onTime: 2290250 busyTime: 188579 onTimeDiff: 2289955 busyTimeDiff: 188562 utilization: 20 utilization t0: 20
11-23 11:58:18.170  1795  2424 D WifiDataStall:  ccaLevel = 20
11-23 11:58:18.170  1795  2424 D WifiDataStall: L2 txTputKbps: 758426, rxTputKbps: 798343, L3 txTputKbps: 0, rxTputKbps: 0, TxTrafficHigh: false, RxTrafficHigh: false, Throughput Sufficient: true
11-23 11:58:18.170  3213  8092 V WifiManager: OnWifiUsabilityStatsListener: onWifiUsabilityStats: seqNum=27753
11-23 11:58:18.170  1795  2424 D WifiScoreReport: Wifi scoring disabled - Don't check IP layer
11-23 11:58:18.170  1795  2424 D WifiScoreCard: BSSID update SIGNAL_POLL ID: 1320464697 SSID: "ourhome", BSSID: f4:6d:2f:12:cc:88, MAC: b2:2f:ec:da:4a:0c, IP: /192.168.1.104, Security type: 2, Supplicant state: COMPLETED, Wi-Fi standard: 5, RSSI: -49, Link speed: 866Mbps, Tx Link speed: 866Mbps, Max Supported Tx Link speed: 866Mbps, Rx Link speed: 6Mbps, Max Supported Rx Link speed: 866Mbps, Frequency: 5240MHz, Net ID: 12, Metered hint: false, score: 60, isUsable: true, CarrierMerged: false, SubscriptionId: -1, IsPrimary: 1, Trusted: true, Restricted: false, Ephemeral: false, OEM paid: false, OEM private: false, OSU AP: false, FQDN: <none>, Provider friendly name: <none>, Requesting package name: <none>"ourhome"wpa2-pskMLO Information: , Is TID-To-Link negotiation supported by the AP: false, AP MLD Address: <none>, AP MLO Link Id: <none>, AP MLO Affiliated links: <none>
11-23 11:58:18.170  1795  2424 D WifiScoreCard: txRate: 1 txSpeed: 866
11-23 11:58:18.171  1795  2424 D WifiScoreCard: network update SIGNAL_POLL "ourhome" ID: 1499892569 RSSI -49 txSpeed -1
11-23 11:58:18.171  1795  4169 I WifiService: updateWifiUsabilityScore uid=10180 seqNum=27753 score=100 predictionHorizonSec=1441795
11-23 11:58:18.171  2513  5404 V WifiManager: TrafficStateCallbackProxy: onStateChanged state=0
11-23 11:58:18.171  1795  2424 D WifiClientModeImpl[13802:wlan0]:  ClientModeImpl$L2ConnectedState screen=on 13 0 "ourhome" f4:6d:2f:12:cc:88 rssi=-49 f=5240 sc=60 link=866 tx=0.1, 0.0, 0.0 rx=0.2 bcn=800967 [on:0 tx:0 rx:1 period:3014] from screen [on:159890 period:3586283] score=60
11-23 11:58:18.171  1795  2424 D WifiScoreReport: Wifi scoring disabled - Notify that Wifi is usable
11-23 11:58:18.172  5238  5296 I BatteryMgr:DataCollectionService: stats => 1700737098172,12207,4447,13427,4169000,100
11-23 11:58:18.173  1795  2432 D ConnectivityService: NetReassign [no changes] [c 0] [a 0] [i 2]
11-23 11:58:18.180  1011  1189 I ASH     : @ 83950.379: tcs3701: stop power rail pending_off timer
11-23 11:58:18.180  1011  1189 D ASH     : @ 83950.379: tcs3701: start power rail timer, state:3
11-23 11:58:18.220  1011  1189 I ASH     : @ 83950.419: tcs3701: stop power rail pending_off timer
11-23 11:58:18.220  1011  1189 D ASH     : @ 83950.419: tcs3701: start power rail timer, state:3
11-23 11:58:18.260  1011  1189 I ASH     : @ 83950.459: tcs3701: stop power rail pending_off timer
11-23 11:58:18.261  1011  1189 D ASH     : @ 83950.459: tcs3701: start power rail timer, state:3
11-23 11:58:18.276  5238  5296 I BatteryMgr:DataCollectionService: stats => 1700737098276,12207,4447,13427,4169000,100
11-23 11:58:18.285  1795  4169 D ActivityManager: freezer override set to true
11-23 11:58:18.301  1011  1189 I ASH     : @ 83950.499: tcs3701: stop power rail pending_off timer
11-23 11:58:18.301  1011  1189 D ASH     : @ 83950.499: tcs3701: start power rail timer, state:3
11-23 11:58:18.340  1011  1189 I ASH     : @ 83950.539: tcs3701: stop power rail pending_off timer
11-23 11:58:18.341  1011  1189 D ASH     : @ 83950.539: tcs3701: start power rail timer, state:3
11-23 11:58:18.363 28923 28954 I m.chrome.canary: Explicit concurrent copying GC freed 3665(226KB) AllocSpace objects, 3(60KB) LOS objects, 75% free, 11MB/46MB, paused 34us,23us total 43.871ms
11-23 11:58:18.376  2113  2118 I pixel-thermal: skin-therm-monitor: 38.156
11-23 11:58:18.380  1011  1189 I ASH     : @ 83950.579: tcs3701: stop power rail pending_off timer
11-23 11:58:18.380  1011  1189 D ASH     : @ 83950.579: tcs3701: start power rail timer, state:3
11-23 11:58:18.381  5238  5296 I BatteryMgr:DataCollectionService: stats => 1700737098381,12207,4447,13427,4169000,100
11-23 11:58:18.420  1011  1189 I ASH     : @ 83950.619: tcs3701: stop power rail pending_off timer
11-23 11:58:18.420  1011  1189 D ASH     : @ 83950.619: tcs3701: start power rail timer, state:3
11-23 11:58:18.420  1795  4169 D ActivityManager: freezer override set to false
11-23 11:58:18.460  1795  4169 D ActivityManager: freezer override set to true
11-23 11:58:18.460  1011  1189 I ASH     : @ 83950.659: tcs3701: stop power rail pending_off timer
11-23 11:58:18.460  1011  1189 D ASH     : @ 83950.659: tcs3701: start power rail timer, state:3
11-23 11:58:18.462  1795  4169 D ActivityManager: freezer override set to false
11-23 11:58:18.484  5238  5296 I BatteryMgr:DataCollectionService: stats => 1700737098484,12207,4447,13427,4169000,100
11-23 11:58:18.500  1011  1189 I ASH     : @ 83950.699: tcs3701: stop power rail pending_off timer
11-23 11:58:18.500  1011  1189 D ASH     : @ 83950.699: tcs3701: start power rail timer, state:3
11-23 11:58:18.540  1011  1189 I ASH     : @ 83950.739: tcs3701: stop power rail pending_off timer
11-23 11:58:18.540  1011  1189 D ASH     : @ 83950.739: tcs3701: start power rail timer, state:3
11-23 11:58:18.580  1011  1189 I ASH     : @ 83950.779: tcs3701: stop power rail pending_off timer
11-23 11:58:18.580  1011  1189 D ASH     : @ 83950.779: tcs3701: start power rail timer, state:3
11-23 11:58:18.588  5238  5296 I BatteryMgr:DataCollectionService: stats => 1700737098588,12207,4447,13427,4169000,100
11-23 11:58:18.621  1011  1189 I ASH     : @ 83950.819: tcs3701: stop power rail pending_off timer
11-23 11:58:18.621  1011  1189 D ASH     : @ 83950.819: tcs3701: start power rail timer, state:3
11-23 11:58:18.660  1011  1189 I ASH     : @ 83950.859: tcs3701: stop power rail pending_off timer
11-23 11:58:18.660  1011  1189 D ASH     : @ 83950.859: tcs3701: start power rail timer, state:3
11-23 11:58:18.694  5238  5296 I BatteryMgr:DataCollectionService: stats => 1700737098694,12207,4447,13427,4169000,100
11-23 11:58:18.700  1011  1189 I ASH     : @ 83950.899: tcs3701: stop power rail pending_off timer
11-23 11:58:18.700  1011  1189 D ASH     : @ 83950.899: tcs3701: start power rail timer, state:3
11-23 11:58:18.740  1011  1189 I ASH     : @ 83950.939: tcs3701: stop power rail pending_off timer
11-23 11:58:18.740  1011  1189 D ASH     : @ 83950.939: tcs3701: start power rail timer, state:3
11-23 11:58:18.770  1795  4169 D ActivityManager: freezer override set to true
11-23 11:58:18.774  1795  4169 D ActivityManager: freezer override set to false
11-23 11:58:18.780  1011  1189 I ASH     : @ 83950.979: tcs3701: stop power rail pending_off timer
11-23 11:58:18.780  1011  1189 D ASH     : @ 83950.979: tcs3701: start power rail timer, state:3
11-23 11:58:18.798  5238  5296 I BatteryMgr:DataCollectionService: stats => 1700737098798,12207,4447,13427,4169000,100
11-23 11:58:18.820  1011  1189 I ASH     : @ 83951.019: tcs3701: stop power rail pending_off timer
11-23 11:58:18.820  1011  1189 D ASH     : @ 83951.019: tcs3701: start power rail timer, state:3
11-23 11:58:18.860  1011  1189 I ASH     : @ 83951.059: tcs3701: stop power rail pending_off timer
11-23 11:58:18.860  1011  1189 D ASH     : @ 83951.059: tcs3701: start power rail timer, state:3
11-23 11:58:18.900  1011  1189 I ASH     : @ 83951.099: tcs3701: stop power rail pending_off timer
11-23 11:58:18.900  1011  1189 D ASH     : @ 83951.099: tcs3701: start power rail timer, state:3
11-23 11:58:18.903  5238  5296 I BatteryMgr:DataCollectionService: stats => 1700737098903,12207,4447,13427,4169000,100
11-23 11:58:18.940  1011  1189 I ASH     : @ 83951.139: tcs3701: stop power rail pending_off timer
11-23 11:58:18.941  1011  1189 D ASH     : @ 83951.139: tcs3701: start power rail timer, state:3
11-23 11:58:18.980  1011  1189 I ASH     : @ 83951.179: tcs3701: stop power rail pending_off timer
11-23 11:58:18.980  1011  1189 D ASH     : @ 83951.179: tcs3701: start power rail timer, state:3
11-23 11:58:19.007  5238  5296 I BatteryMgr:DataCollectionService: stats => 1700737099007,12207,4447,13427,4169000,100
11-23 11:58:19.020  1011  1189 I ASH     : @ 83951.219: tcs3701: stop power rail pending_off timer
11-23 11:58:19.020  1011  1189 D ASH     : @ 83951.219: tcs3701: start power rail timer, state:3
11-23 11:58:19.060  1011  1189 I ASH     : @ 83951.259: tcs3701: stop power rail pending_off timer
11-23 11:58:19.060  1011  1189 D ASH     : @ 83951.259: tcs3701: start power rail timer, state:3
11-23 11:58:19.100  1011  1189 I ASH     : @ 83951.299: tcs3701: stop power rail pending_off timer
11-23 11:58:19.100  1011  1189 D ASH     : @ 83951.299: tcs3701: start power rail timer, state:3
11-23 11:58:19.111  5238  5296 I BatteryMgr:DataCollectionService: stats => 1700737099110,12207,4447,13427,4169000,100
11-23 11:58:19.140  1011  1189 I ASH     : @ 83951.339: tcs3701: stop power rail pending_off timer
11-23 11:58:19.140  1011  1189 D ASH     : @ 83951.339: tcs3701: start power rail timer, state:3
11-23 11:58:19.180  1011  1189 I ASH     : @ 83951.379: tcs3701: stop power rail pending_off timer
11-23 11:58:19.181  1011  1189 D ASH     : @ 83951.379: tcs3701: start power rail timer, state:3
11-23 11:58:19.216  5238  5296 I BatteryMgr:DataCollectionService: stats => 1700737099216,12207,4447,13427,4169000,100
11-23 11:58:19.220  1011  1189 I ASH     : @ 83951.419: tcs3701: stop power rail pending_off timer
11-23 11:58:19.220  1011  1189 D ASH     : @ 83951.419: tcs3701: start power rail timer, state:3
11-23 11:58:19.261  1011  1189 I ASH     : @ 83951.459: tcs3701: stop power rail pending_off timer
11-23 11:58:19.261  1011  1189 D ASH     : @ 83951.460: tcs3701: start power rail timer, state:3
11-23 11:58:19.300  1011  1189 I ASH     : @ 83951.499: tcs3701: stop power rail pending_off timer
11-23 11:58:19.300  1011  1189 D ASH     : @ 83951.499: tcs3701: start power rail timer, state:3
11-23 11:58:19.320  5238  5296 I BatteryMgr:DataCollectionService: stats => 1700737099320,12207,4447,13427,4169000,100
11-23 11:58:19.340  1011  1189 I ASH     : @ 83951.539: tcs3701: stop power rail pending_off timer
11-23 11:58:19.340  1011  1189 D ASH     : @ 83951.539: tcs3701: start power rail timer, state:3
11-23 11:58:19.380  1011  1189 I ASH     : @ 83951.579: tcs3701: stop power rail pending_off timer
11-23 11:58:19.381  1011  1189 D ASH     : @ 83951.579: tcs3701: start power rail timer, state:3
11-23 11:58:19.420  1011  1189 I ASH     : @ 83951.619: tcs3701: stop power rail pending_off timer
11-23 11:58:19.420  1011  1189 D ASH     : @ 83951.619: tcs3701: start power rail timer, state:3
11-23 11:58:19.424  5238  5296 I BatteryMgr:DataCollectionService: stats => 1700737099424,12207,4447,13427,4169000,100
11-23 11:58:19.460  1011  1189 I ASH     : @ 83951.659: tcs3701: stop power rail pending_off timer
11-23 11:58:19.460  1011  1189 D ASH     : @ 83951.659: tcs3701: start power rail timer, state:3
11-23 11:58:19.500  1011  1189 I ASH     : @ 83951.699: tcs3701: stop power rail pending_off timer
11-23 11:58:19.500  1011  1189 D ASH     : @ 83951.699: tcs3701: start power rail timer, state:3
11-23 11:58:19.530  5238  5296 I BatteryMgr:DataCollectionService: stats => 1700737099530,12207,4447,13427,4169000,100
11-23 11:58:19.540  1011  1189 I ASH     : @ 83951.739: tcs3701: stop power rail pending_off timer
11-23 11:58:19.540  1011  1189 D ASH     : @ 83951.739: tcs3701: start power rail timer, state:3
11-23 11:58:19.580  1011  1189 I ASH     : @ 83951.779: tcs3701: stop power rail pending_off timer
11-23 11:58:19.580  1011  1189 D ASH     : @ 83951.779: tcs3701: start power rail timer, state:3
11-23 11:58:19.613  1795  4169 D ActivityManager: freezer override set to true
11-23 11:58:19.620  1011  1189 I ASH     : @ 83951.819: tcs3701: stop power rail pending_off timer
11-23 11:58:19.620  1011  1189 D ASH     : @ 83951.819: tcs3701: start power rail timer, state:3
11-23 11:58:19.635  5238  5296 I BatteryMgr:DataCollectionService: stats => 1700737099635,12207,4447,13427,4169000,100
11-23 11:58:19.660  1011  1189 I ASH     : @ 83951.859: tcs3701: stop power rail pending_off timer
11-23 11:58:19.660  1011  1189 D ASH     : @ 83951.859: tcs3701: start power rail timer, state:3
11-23 11:58:19.700  1011  1189 I ASH     : @ 83951.899: tcs3701: stop power rail pending_off timer
11-23 11:58:19.700  1011  1189 D ASH     : @ 83951.899: tcs3701: start power rail timer, state:3
11-23 11:58:19.704 28923 28954 I m.chrome.canary: Explicit concurrent copying GC freed 3574(176KB) AllocSpace objects, 3(60KB) LOS objects, 75% free, 11MB/46MB, paused 87us,23us total 56.516ms
11-23 11:58:19.740  5238  5296 I BatteryMgr:DataCollectionService: stats => 1700737099740,12207,4447,13427,4169000,100
11-23 11:58:19.740  1011  1189 I ASH     : @ 83951.939: tcs3701: stop power rail pending_off timer
11-23 11:58:19.740  1011  1189 D ASH     : @ 83951.939: tcs3701: start power rail timer, state:3
11-23 11:58:19.761  1795  4169 D ActivityManager: freezer override set to false
11-23 11:58:19.774  1795  4169 D ActivityManager: freezer override set to true
11-23 11:58:19.780  1011  1189 I ASH     : @ 83951.979: tcs3701: stop power rail pending_off timer
11-23 11:58:19.780  1011  1189 D ASH     : @ 83951.979: tcs3701: start power rail timer, state:3
11-23 11:58:19.782  1795  4169 D ActivityManager: freezer override set to false
11-23 11:58:19.802  1795  4169 D ActivityManager: freezer override set to true
11-23 11:58:19.804  1795  4169 D ActivityManager: freezer override set to false
11-23 11:58:19.820  1011  1189 I ASH     : @ 83952.019: tcs3701: stop power rail pending_off timer
11-23 11:58:19.820  1011  1189 D ASH     : @ 83952.019: tcs3701: start power rail timer, state:3
11-23 11:58:19.844  5238  5296 I BatteryMgr:DataCollectionService: stats => 1700737099844,12207,4447,13427,4169000,100
11-23 11:58:19.860  1011  1189 I ASH     : @ 83952.059: tcs3701: stop power rail pending_off timer
11-23 11:58:19.860  1011  1189 D ASH     : @ 83952.059: tcs3701: start power rail timer, state:3
11-23 11:58:19.901  1011  1189 I ASH     : @ 83952.099: tcs3701: stop power rail pending_off timer
11-23 11:58:19.901  1011  1189 D ASH     : @ 83952.099: tcs3701: start power rail timer, state:3
11-23 11:58:19.940  1011  1189 I ASH     : @ 83952.139: tcs3701: stop power rail pending_off timer
11-23 11:58:19.940  1011  1189 D ASH     : @ 83952.139: tcs3701: start power rail timer, state:3
11-23 11:58:19.948  5238  5296 I BatteryMgr:DataCollectionService: stats => 1700737099948,12207,4447,13427,4169000,100
11-23 11:58:19.980  1011  1189 I ASH     : @ 83952.179: tcs3701: stop power rail pending_off timer
11-23 11:58:19.980  1011  1189 D ASH     : @ 83952.179: tcs3701: start power rail timer, state:3
11-23 11:58:20.020  1011  1189 I ASH     : @ 83952.219: tcs3701: stop power rail pending_off timer
11-23 11:58:20.020  1011  1189 D ASH     : @ 83952.219: tcs3701: start power rail timer, state:3
11-23 11:58:20.052  5238  5296 I BatteryMgr:DataCollectionService: stats => 1700737100052,12207,4447,13427,4169000,100
11-23 11:58:20.060  1011  1189 I ASH     : @ 83952.259: tcs3701: stop power rail pending_off timer
11-23 11:58:20.060  1011  1189 D ASH     : @ 83952.259: tcs3701: start power rail timer, state:3
11-23 11:58:20.101  1011  1189 I ASH     : @ 83952.299: tcs3701: stop power rail pending_off timer
11-23 11:58:20.101  1011  1189 D ASH     : @ 83952.299: tcs3701: start power rail timer, state:3
11-23 11:58:20.140  1011  1189 I ASH     : @ 83952.339: tcs3701: stop power rail pending_off timer
11-23 11:58:20.140  1011  1189 D ASH     : @ 83952.339: tcs3701: start power rail timer, state:3
11-23 11:58:20.156  5238  5296 I BatteryMgr:DataCollectionService: stats => 1700737100156,12207,4447,13427,4169000,100
11-23 11:58:20.181  1011  1189 I ASH     : @ 83952.379: tcs3701: stop power rail pending_off timer
11-23 11:58:20.181  1011  1189 D ASH     : @ 83952.379: tcs3701: start power rail timer, state:3
11-23 11:58:20.220  1011  1189 I ASH     : @ 83952.419: tcs3701: stop power rail pending_off timer
11-23 11:58:20.220  1011  1189 D ASH     : @ 83952.419: tcs3701: start power rail timer, state:3
11-23 11:58:20.260  1011  1189 I ASH     : @ 83952.459: tcs3701: stop power rail pending_off timer
11-23 11:58:20.260  1011  1189 D ASH     : @ 83952.459: tcs3701: start power rail timer, state:3
11-23 11:58:20.262  5238  5296 I BatteryMgr:DataCollectionService: stats => 1700737100262,12207,4447,13427,4169000,100
11-23 11:58:20.300  1011  1189 I ASH     : @ 83952.499: tcs3701: stop power rail pending_off timer
11-23 11:58:20.300  1011  1189 D ASH     : @ 83952.499: tcs3701: start power rail timer, state:3
11-23 11:58:20.340  1011  1189 I ASH     : @ 83952.539: tcs3701: stop power rail pending_off timer
11-23 11:58:20.340  1011  1189 D ASH     : @ 83952.539: tcs3701: start power rail timer, state:3
11-23 11:58:20.365  5238  5296 I BatteryMgr:DataCollectionService: stats => 1700737100365,12207,4447,13427,4169000,100
11-23 11:58:20.379  2113  2118 I pixel-thermal: skin-therm-monitor: 38.163
11-23 11:58:20.380  1011  1189 I ASH     : @ 83952.579: tcs3701: stop power rail pending_off timer
11-23 11:58:20.380  1011  1189 D ASH     : @ 83952.579: tcs3701: start power rail timer, state:3
11-23 11:58:20.420  1011  1189 I ASH     : @ 83952.619: tcs3701: stop power rail pending_off timer
11-23 11:58:20.420  1011  1189 D ASH     : @ 83952.619: tcs3701: start power rail timer, state:3
11-23 11:58:20.460  1011  1189 I ASH     : @ 83952.659: tcs3701: stop power rail pending_off timer
11-23 11:58:20.460  1011  1189 D ASH     : @ 83952.659: tcs3701: start power rail timer, state:3
11-23 11:58:20.470  5238  5296 I BatteryMgr:DataCollectionService: stats => 1700737100470,12207,4447,13427,4169000,100
11-23 11:58:20.500  1011  1189 I ASH     : @ 83952.699: tcs3701: stop power rail pending_off timer
11-23 11:58:20.501  1011  1189 D ASH     : @ 83952.699: tcs3701: start power rail timer, state:3
11-23 11:58:20.540  1011  1189 I ASH     : @ 83952.739: tcs3701: stop power rail pending_off timer
11-23 11:58:20.540  1011  1189 D ASH     : @ 83952.739: tcs3701: start power rail timer, state:3
11-23 11:58:20.574  5238  5296 I BatteryMgr:DataCollectionService: stats => 1700737100574,12207,4447,13427,4169000,100
11-23 11:58:20.580  1011  1189 I ASH     : @ 83952.779: tcs3701: stop power rail pending_off timer
11-23 11:58:20.580  1011  1189 D ASH     : @ 83952.779: tcs3701: start power rail timer, state:3
11-23 11:58:20.620  1011  1189 I ASH     : @ 83952.819: tcs3701: stop power rail pending_off timer
11-23 11:58:20.620  1011  1189 D ASH     : @ 83952.819: tcs3701: start power rail timer, state:3
11-23 11:58:20.660  1011  1189 I ASH     : @ 83952.859: tcs3701: stop power rail pending_off timer
11-23 11:58:20.661  1011  1189 D ASH     : @ 83952.859: tcs3701: start power rail timer, state:3
11-23 11:58:20.678  5238  5296 I BatteryMgr:DataCollectionService: stats => 1700737100678,12207,4447,13427,4169000,100
11-23 11:58:20.700  1011  1189 I ASH     : @ 83952.899: tcs3701: stop power rail pending_off timer
11-23 11:58:20.700  1011  1189 D ASH     : @ 83952.899: tcs3701: start power rail timer, state:3
11-23 11:58:20.740  1011  1189 I ASH     : @ 83952.939: tcs3701: stop power rail pending_off timer
11-23 11:58:20.741  1011  1189 D ASH     : @ 83952.939: tcs3701: start power rail timer, state:3
11-23 11:58:20.773  1795  4169 D ActivityManager: freezer override set to true
11-23 11:58:20.778  1795  4169 D ActivityManager: freezer override set to false
11-23 11:58:20.781  1011  1189 I ASH     : @ 83952.979: tcs3701: stop power rail pending_off timer
11-23 11:58:20.781  1011  1189 D ASH     : @ 83952.979: tcs3701: start power rail timer, state:3
11-23 11:58:20.785  5238  5296 I BatteryMgr:DataCollectionService: stats => 1700737100785,12207,4447,13427,4169000,100
11-23 11:58:20.820  1011  1189 I ASH     : @ 83953.019: tcs3701: stop power rail pending_off timer
11-23 11:58:20.821  1011  1189 D ASH     : @ 83953.019: tcs3701: start power rail timer, state:3
11-23 11:58:20.860  1011  1189 I ASH     : @ 83953.059: tcs3701: stop power rail pending_off timer
11-23 11:58:20.860  1011  1189 D ASH     : @ 83953.059: tcs3701: start power rail timer, state:3
11-23 11:58:20.893  5238  5296 I BatteryMgr:DataCollectionService: stats => 1700737100893,12207,4447,13427,4169000,100
11-23 11:58:20.901  1011  1189 I ASH     : @ 83953.099: tcs3701: stop power rail pending_off timer
11-23 11:58:20.901  1011  1189 D ASH     : @ 83953.099: tcs3701: start power rail timer, state:3
11-23 11:58:20.940  1011  1189 I ASH     : @ 83953.139: tcs3701: stop power rail pending_off timer
11-23 11:58:20.940  1011  1189 D ASH     : @ 83953.139: tcs3701: start power rail timer, state:3
11-23 11:58:20.961  1795  4169 D ActivityManager: freezer override set to true
11-23 11:58:20.981  1011  1189 I ASH     : @ 83953.179: tcs3701: stop power rail pending_off timer
11-23 11:58:20.981  1011  1189 D ASH     : @ 83953.179: tcs3701: start power rail timer, state:3
11-23 11:58:20.997  5238  5296 I BatteryMgr:DataCollectionService: stats => 1700737100997,12207,4447,13427,4169000,100
11-23 11:58:21.021  1011  1189 I ASH     : @ 83953.219: tcs3701: stop power rail pending_off timer
11-23 11:58:21.021  1011  1189 D ASH     : @ 83953.219: tcs3701: start power rail timer, state:3
11-23 11:58:21.060  1011  1189 I ASH     : @ 83953.259: tcs3701: stop power rail pending_off timer
11-23 11:58:21.060  1011  1189 D ASH     : @ 83953.259: tcs3701: start power rail timer, state:3
11-23 11:58:21.079 28923 28954 I m.chrome.canary: Explicit concurrent copying GC freed 3805(191KB) AllocSpace objects, 4(80KB) LOS objects, 75% free, 11MB/46MB, paused 33us,20us total 37.852ms
11-23 11:58:21.101  1011  1189 I ASH     : @ 83953.299: tcs3701: stop power rail pending_off timer
11-23 11:58:21.101  1011  1189 D ASH     : @ 83953.299: tcs3701: start power rail timer, state:3
11-23 11:58:21.102  5238  5296 I BatteryMgr:DataCollectionService: stats => 1700737101102,12207,4447,13427,4169000,100
11-23 11:58:21.129  1795  4169 D ActivityManager: freezer override set to false
11-23 11:58:21.140  1011  1189 I ASH     : @ 83953.339: tcs3701: stop power rail pending_off timer
11-23 11:58:21.140  1011  1189 D ASH     : @ 83953.339: tcs3701: start power rail timer, state:3
11-23 11:58:21.169  1795  4169 D ActivityManager: freezer override set to true
11-23 11:58:21.172  1795  4169 D ActivityManager: freezer override set to false
11-23 11:58:21.180  1011  1189 I ASH     : @ 83953.379: tcs3701: stop power rail pending_off timer
11-23 11:58:21.180  1011  1189 D ASH     : @ 83953.379: tcs3701: start power rail timer, state:3
11-23 11:58:21.184  1795  2424 D WifiClientModeImpl[13802:wlan0]: updateLinkLayerStatsRssiSpeedFrequencyCapabilities rssi=-48 TxLinkspeed=866 freq=5240 RxLinkSpeed=6
11-23 11:58:21.185  1795  2424 D WifiDataStall: tx tput in kbps: 758426
11-23 11:58:21.185  1795  2424 D WifiDataStall: rx tput in kbps: 798343
11-23 11:58:21.185  1795  2424 V WifiConfigManager: Updating scan detail cache freq=5240 BSSID=f4:6d:2f:12:cc:88 RSSI=-48 for "ourhome"WPA_PSK
11-23 11:58:21.185  2782  5906 D QCNEJ/WlanStaInfoRelay: Received action: android.net.wifi.RSSI_CHANGED
11-23 11:58:21.185  1795  2424 D WifiChannelUtilization:  freq: 5240 onTime: 2290250 busyTime: 188579 onTimeDiff: 2289955 busyTimeDiff: 188562 utilization: 20 utilization t0: 20
11-23 11:58:21.185  1795  2424 D WifiDataStall:  ccaLevel = 20
11-23 11:58:21.185  1795  2424 D WifiDataStall: L2 txTputKbps: 758426, rxTputKbps: 798343, L3 txTputKbps: 0, rxTputKbps: 0, TxTrafficHigh: false, RxTrafficHigh: false, Throughput Sufficient: true
11-23 11:58:21.185  1795  2424 D WifiScoreReport: Wifi scoring disabled - Don't check IP layer
11-23 11:58:21.186  1795  2424 D WifiScoreCard: BSSID update SIGNAL_POLL ID: 1320464697 SSID: "ourhome", BSSID: f4:6d:2f:12:cc:88, MAC: b2:2f:ec:da:4a:0c, IP: /192.168.1.104, Security type: 2, Supplicant state: COMPLETED, Wi-Fi standard: 5, RSSI: -48, Link speed: 866Mbps, Tx Link speed: 866Mbps, Max Supported Tx Link speed: 866Mbps, Rx Link speed: 6Mbps, Max Supported Rx Link speed: 866Mbps, Frequency: 5240MHz, Net ID: 12, Metered hint: false, score: 60, isUsable: true, CarrierMerged: false, SubscriptionId: -1, IsPrimary: 1, Trusted: true, Restricted: false, Ephemeral: false, OEM paid: false, OEM private: false, OSU AP: false, FQDN: <none>, Provider friendly name: <none>, Requesting package name: <none>"ourhome"wpa2-pskMLO Information: , Is TID-To-Link negotiation supported by the AP: false, AP MLD Address: <none>, AP MLO Link Id: <none>, AP MLO Affiliated links: <none>
11-23 11:58:21.186  1795  2424 D WifiScoreCard: txRate: 1 txSpeed: 866
11-23 11:58:21.186  1795  2424 D WifiScoreCard: network update SIGNAL_POLL "ourhome" ID: 1499892569 RSSI -48 txSpeed -1
11-23 11:58:21.186  1795  2424 D WifiClientModeImpl[13802:wlan0]:  ClientModeImpl$L2ConnectedState screen=on 13 0 "ourhome" f4:6d:2f:12:cc:88 rssi=-48 f=5240 sc=60 link=866 tx=0.0, 0.0, 0.0 rx=0.0 bcn=800996 [on:0 tx:0 rx:0 period:3015] from screen [on:159890 period:3589298] score=60
11-23 11:58:21.188  3213  8092 V WifiManager: OnWifiUsabilityStatsListener: onWifiUsabilityStats: seqNum=27754
11-23 11:58:21.188  1795  4169 I WifiService: updateWifiUsabilityScore uid=10180 seqNum=27754 score=100 predictionHorizonSec=1441795
11-23 11:58:21.189  1795  2424 D WifiScoreReport: Wifi scoring disabled - Notify that Wifi is usable
11-23 11:58:21.192  1795  2432 D ConnectivityService: NetReassign [no changes] [c 1] [a 0] [i 1]
11-23 11:58:21.206  5238  5296 I BatteryMgr:DataCollectionService: stats => 1700737101206,12207,4447,13427,4169000,100
11-23 11:58:21.221  1011  1189 I ASH     : @ 83953.419: tcs3701: stop power rail pending_off timer
11-23 11:58:21.221  1011  1189 D ASH     : @ 83953.419: tcs3701: start power rail timer, state:3
11-23 11:58:21.260  1011  1189 I ASH     : @ 83953.459: tcs3701: stop power rail pending_off timer
11-23 11:58:21.260  1011  1189 D ASH     : @ 83953.459: tcs3701: start power rail timer, state:3
11-23 11:58:21.300  1011  1189 I ASH     : @ 83953.499: tcs3701: stop power rail pending_off timer
11-23 11:58:21.300  1011  1189 D ASH     : @ 83953.499: tcs3701: start power rail timer, state:3
11-23 11:58:21.312  5238  5296 I BatteryMgr:DataCollectionService: stats => 1700737101312,12207,4447,13427,4169000,100
11-23 11:58:21.340  1011  1189 I ASH     : @ 83953.539: tcs3701: stop power rail pending_off timer
11-23 11:58:21.340  1011  1189 D ASH     : @ 83953.539: tcs3701: start power rail timer, state:3
11-23 11:58:21.380  1011  1189 I ASH     : @ 83953.579: tcs3701: stop power rail pending_off timer
11-23 11:58:21.380  1011  1189 D ASH     : @ 83953.579: tcs3701: start power rail timer, state:3
11-23 11:58:21.419  5238  5296 I BatteryMgr:DataCollectionService: stats => 1700737101419,12207,4447,13427,4169000,100
11-23 11:58:21.420  1011  1189 I ASH     : @ 83953.619: tcs3701: stop power rail pending_off timer
11-23 11:58:21.420  1011  1189 D ASH     : @ 83953.619: tcs3701: start power rail timer, state:3
11-23 11:58:21.461  1011  1189 I ASH     : @ 83953.659: tcs3701: stop power rail pending_off timer
11-23 11:58:21.461  1011  1189 D ASH     : @ 83953.659: tcs3701: start power rail timer, state:3
11-23 11:58:21.501  1011  1189 I ASH     : @ 83953.699: tcs3701: stop power rail pending_off timer
11-23 11:58:21.501  1011  1189 D ASH     : @ 83953.699: tcs3701: start power rail timer, state:3
11-23 11:58:21.525  5238  5296 I BatteryMgr:DataCollectionService: stats => 1700737101525,12207,4447,13427,4169000,100
11-23 11:58:21.540  1011  1189 I ASH     : @ 83953.739: tcs3701: stop power rail pending_off timer
11-23 11:58:21.541  1011  1189 D ASH     : @ 83953.739: tcs3701: start power rail timer, state:3
11-23 11:58:21.580  1011  1189 I ASH     : @ 83953.779: tcs3701: stop power rail pending_off timer
11-23 11:58:21.580  1011  1189 D ASH     : @ 83953.779: tcs3701: start power rail timer, state:3
11-23 11:58:21.620  1011  1189 I ASH     : @ 83953.819: tcs3701: stop power rail pending_off timer
11-23 11:58:21.620  1011  1189 D ASH     : @ 83953.819: tcs3701: start power rail timer, state:3
11-23 11:58:21.633  5238  5296 I BatteryMgr:DataCollectionService: stats => 1700737101632,12207,4447,13427,4169000,100
11-23 11:58:21.660  1011  1189 I ASH     : @ 83953.859: tcs3701: stop power rail pending_off timer
11-23 11:58:21.660  1011  1189 D ASH     : @ 83953.859: tcs3701: start power rail timer, state:3
11-23 11:58:21.700  1011  1189 I ASH     : @ 83953.899: tcs3701: stop power rail pending_off timer
11-23 11:58:21.700  1011  1189 D ASH     : @ 83953.899: tcs3701: start power rail timer, state:3
11-23 11:58:21.738  5238  5296 I BatteryMgr:DataCollectionService: stats => 1700737101738,12207,4447,13427,4169000,100
11-23 11:58:21.740  1011  1189 I ASH     : @ 83953.939: tcs3701: stop power rail pending_off timer
11-23 11:58:21.740  1011  1189 D ASH     : @ 83953.939: tcs3701: start power rail timer, state:3
