11-23 12:05:34.791  1011  1189 D ASH     : @ 84386.990: tcs3701: start power rail timer, state:3
11-23 12:05:34.819  1795  3658 D ActivityManager: freezer override set to false
11-23 12:05:34.831  1011  1189 I ASH     : @ 84387.029: tcs3701: stop power rail pending_off timer
11-23 12:05:34.831  1011  1189 D ASH     : @ 84387.030: tcs3701: start power rail timer, state:3
11-23 12:05:34.861  5238  5296 I BatteryMgr:DataCollectionService: stats => 1700737534861,10070,4447,13427,4169000,100
11-23 12:05:34.867  1795  3658 D ActivityManager: freezer override set to true
11-23 12:05:34.870  1011  1189 I ASH     : @ 84387.069: tcs3701: stop power rail pending_off timer
11-23 12:05:34.871  1011  1189 D ASH     : @ 84387.070: tcs3701: start power rail timer, state:3
11-23 12:05:34.871  1795  3658 D ActivityManager: freezer override set to false
11-23 12:05:34.910  1011  1189 I ASH     : @ 84387.109: tcs3701: stop power rail pending_off timer
11-23 12:05:34.910  1011  1189 D ASH     : @ 84387.110: tcs3701: start power rail timer, state:3
11-23 12:05:34.951  1011  1189 I ASH     : @ 84387.149: tcs3701: stop power rail pending_off timer
11-23 12:05:34.951  1011  1189 D ASH     : @ 84387.150: tcs3701: start power rail timer, state:3
11-23 12:05:34.967  5238  5296 I BatteryMgr:DataCollectionService: stats => 1700737534966,10070,4447,13427,4169000,100
11-23 12:05:34.990  1011  1189 I ASH     : @ 84387.189: tcs3701: stop power rail pending_off timer
11-23 12:05:34.991  1011  1189 D ASH     : @ 84387.190: tcs3701: start power rail timer, state:3
11-23 12:05:35.031  1011  1189 I ASH     : @ 84387.229: tcs3701: stop power rail pending_off timer
11-23 12:05:35.032  1011  1189 D ASH     : @ 84387.230: tcs3701: start power rail timer, state:3
11-23 12:05:35.071  1011  1189 I ASH     : @ 84387.269: tcs3701: stop power rail pending_off timer
11-23 12:05:35.071  1011  1189 D ASH     : @ 84387.270: tcs3701: start power rail timer, state:3
11-23 12:05:35.074  5238  5296 I BatteryMgr:DataCollectionService: stats => 1700737535074,10070,4447,13427,4169000,100
11-23 12:05:35.111  1011  1189 I ASH     : @ 84387.309: tcs3701: stop power rail pending_off timer
11-23 12:05:35.111  1011  1189 D ASH     : @ 84387.310: tcs3701: start power rail timer, state:3
11-23 12:05:35.123  1795  3658 D ActivityManager: freezer override set to true
11-23 12:05:35.131  1795  3658 D ActivityManager: freezer override set to false
11-23 12:05:35.150  1011  1189 I ASH     : @ 84387.349: tcs3701: stop power rail pending_off timer
11-23 12:05:35.150  1011  1189 D ASH     : @ 84387.350: tcs3701: start power rail timer, state:3
11-23 12:05:35.180  5238  5296 I BatteryMgr:DataCollectionService: stats => 1700737535180,10070,4447,13427,4169000,100
11-23 12:05:35.191  1011  1189 I ASH     : @ 84387.389: tcs3701: stop power rail pending_off timer
11-23 12:05:35.191  1011  1189 D ASH     : @ 84387.390: tcs3701: start power rail timer, state:3
11-23 12:05:35.230  1011  1189 I ASH     : @ 84387.429: tcs3701: stop power rail pending_off timer
11-23 12:05:35.230  1011  1189 D ASH     : @ 84387.430: tcs3701: start power rail timer, state:3
11-23 12:05:35.271  1011  1189 I ASH     : @ 84387.469: tcs3701: stop power rail pending_off timer
11-23 12:05:35.271  1011  1189 D ASH     : @ 84387.470: tcs3701: start power rail timer, state:3
11-23 12:05:35.286  5238  5296 I BatteryMgr:DataCollectionService: stats => 1700737535286,10070,4447,13427,4169000,100
11-23 12:05:35.311  1011  1189 I ASH     : @ 84387.509: tcs3701: stop power rail pending_off timer
11-23 12:05:35.311  1011  1189 D ASH     : @ 84387.510: tcs3701: start power rail timer, state:3
11-23 12:05:35.351  1011  1189 I ASH     : @ 84387.549: tcs3701: stop power rail pending_off timer
11-23 12:05:35.351  1011  1189 D ASH     : @ 84387.550: tcs3701: start power rail timer, state:3
11-23 12:05:35.391  1011  1189 I ASH     : @ 84387.589: tcs3701: stop power rail pending_off timer
11-23 12:05:35.391  1011  1189 D ASH     : @ 84387.590: tcs3701: start power rail timer, state:3
11-23 12:05:35.392  5238  5296 I BatteryMgr:DataCollectionService: stats => 1700737535392,10070,4447,13427,4169000,100
11-23 12:05:35.430  1011  1189 I ASH     : @ 84387.629: tcs3701: stop power rail pending_off timer
11-23 12:05:35.431  1011  1189 D ASH     : @ 84387.630: tcs3701: start power rail timer, state:3
11-23 12:05:35.471  1011  1189 I ASH     : @ 84387.669: tcs3701: stop power rail pending_off timer
11-23 12:05:35.471  1011  1189 D ASH     : @ 84387.670: tcs3701: start power rail timer, state:3
11-23 12:05:35.500  5238  5296 I BatteryMgr:DataCollectionService: stats => 1700737535500,10070,4447,13427,4169000,100
11-23 12:05:35.511  1011  1189 I ASH     : @ 84387.709: tcs3701: stop power rail pending_off timer
11-23 12:05:35.511  1011  1189 D ASH     : @ 84387.710: tcs3701: start power rail timer, state:3
11-23 12:05:35.549  1795  2424 D WifiClientModeImpl[13802:wlan0]: updateLinkLayerStatsRssiSpeedFrequencyCapabilities rssi=-48 TxLinkspeed=780 freq=5240 RxLinkSpeed=866
11-23 12:05:35.550  1795  2424 D WifiDataStall: tx tput in kbps: 551332
11-23 12:05:35.550  1795  2424 D WifiDataStall: rx tput in kbps: 794960
11-23 12:05:35.550  1795  2424 V WifiConfigManager: Updating scan detail cache freq=5240 BSSID=f4:6d:2f:12:cc:88 RSSI=-47 for "ourhome"WPA_PSK
11-23 12:05:35.551  2782  5906 D QCNEJ/WlanStaInfoRelay: Received action: android.net.wifi.RSSI_CHANGED
11-23 12:05:35.551  1011  1189 I ASH     : @ 84387.749: tcs3701: stop power rail pending_off timer
11-23 12:05:35.551  1011  1189 D ASH     : @ 84387.750: tcs3701: start power rail timer, state:3
11-23 12:05:35.551  1795  2424 D WifiChannelUtilization:  freq: 5240 onTime: 2311315 busyTime: 191304 onTimeDiff: 2311020 busyTimeDiff: 191287 utilization: 21 utilization t0: 21
11-23 12:05:35.551  1795  2424 D WifiDataStall:  ccaLevel = 21
11-23 12:05:35.551  1795  2424 D WifiDataStall: L2 txTputKbps: 680214, rxTputKbps: 794960, L3 txTputKbps: 0, rxTputKbps: 0, TxTrafficHigh: false, RxTrafficHigh: false, Throughput Sufficient: true
11-23 12:05:35.551  3213  8092 V WifiManager: OnWifiUsabilityStatsListener: onWifiUsabilityStats: seqNum=27898
11-23 12:05:35.551  1795  2424 D WifiScoreReport: Wifi scoring disabled - Don't check IP layer
11-23 12:05:35.551  1795  2424 D WifiScoreCard: BSSID update SIGNAL_POLL ID: 1320464697 SSID: "ourhome", BSSID: f4:6d:2f:12:cc:88, MAC: b2:2f:ec:da:4a:0c, IP: /192.168.1.104, Security type: 2, Supplicant state: COMPLETED, Wi-Fi standard: 5, RSSI: -48, Link speed: 780Mbps, Tx Link speed: 780Mbps, Max Supported Tx Link speed: 866Mbps, Rx Link speed: 866Mbps, Max Supported Rx Link speed: 866Mbps, Frequency: 5240MHz, Net ID: 12, Metered hint: false, score: 60, isUsable: true, CarrierMerged: false, SubscriptionId: -1, IsPrimary: 1, Trusted: true, Restricted: false, Ephemeral: false, OEM paid: false, OEM private: false, OSU AP: false, FQDN: <none>, Provider friendly name: <none>, Requesting package name: <none>"ourhome"wpa2-pskMLO Information: , Is TID-To-Link negotiation supported by the AP: false, AP MLD Address: <none>, AP MLO Link Id: <none>, AP MLO Affiliated links: <none>
11-23 12:05:35.551  1795  2424 D WifiScoreCard: txRate: 16 txSpeed: 780
11-23 12:05:35.551  1795  2424 D WifiScoreCard: network update SIGNAL_POLL "ourhome" ID: 1499892569 RSSI -48 txSpeed 780
11-23 12:05:35.551  1795  3658 I WifiService: updateWifiUsabilityScore uid=10180 seqNum=27898 score=100 predictionHorizonSec=1441795
11-23 12:05:35.552  2513  3235 V WifiManager: TrafficStateCallbackProxy: onStateChanged state=0
11-23 12:05:35.552  1795  2424 D WifiClientModeImpl[13802:wlan0]:  ClientModeImpl$L2ConnectedState screen=on 13 0 "ourhome" f4:6d:2f:12:cc:88 rssi=-48 f=5240 sc=60 link=780 tx=11.7, 3.2, 0.0 rx=8.5 bcn=805230 [on:0 tx:0 rx:0 period:3014] from screen [on:180955 period:4023664] score=60
11-23 12:05:35.552  1795  2424 D WifiScoreReport: Wifi scoring disabled - Notify that Wifi is usable
11-23 12:05:35.553  1795  2432 D ConnectivityService: NetReassign [no changes] [c 0] [a 0] [i 1]
11-23 12:05:35.591  1011  1189 I ASH     : @ 84387.789: tcs3701: stop power rail pending_off timer
11-23 12:05:35.591  1011  1189 D ASH     : @ 84387.790: tcs3701: start power rail timer, state:3
11-23 12:05:35.606  5238  5296 I BatteryMgr:DataCollectionService: stats => 1700737535606,10070,4447,13427,4169000,100
11-23 12:05:35.630  1011  1189 I ASH     : @ 84387.829: tcs3701: stop power rail pending_off timer
11-23 12:05:35.630  1011  1189 D ASH     : @ 84387.830: tcs3701: start power rail timer, state:3
11-23 12:05:35.671  1011  1189 I ASH     : @ 84387.869: tcs3701: stop power rail pending_off timer
11-23 12:05:35.671  1011  1189 D ASH     : @ 84387.870: tcs3701: start power rail timer, state:3
11-23 12:05:35.710  1011  1189 I ASH     : @ 84387.909: tcs3701: stop power rail pending_off timer
11-23 12:05:35.710  1011  1189 D ASH     : @ 84387.910: tcs3701: start power rail timer, state:3
11-23 12:05:35.717  5238  5296 I BatteryMgr:DataCollectionService: stats => 1700737535717,10070,4447,13427,4169000,100
11-23 12:05:35.750  1011  1189 I ASH     : @ 84387.949: tcs3701: stop power rail pending_off timer
11-23 12:05:35.751  1011  1189 D ASH     : @ 84387.950: tcs3701: start power rail timer, state:3
11-23 12:05:35.790  1011  1189 I ASH     : @ 84387.989: tcs3701: stop power rail pending_off timer
11-23 12:05:35.791  1011  1189 D ASH     : @ 84387.990: tcs3701: start power rail timer, state:3
11-23 12:05:35.823  5238  5296 I BatteryMgr:DataCollectionService: stats => 1700737535823,10070,4447,13427,4169000,100
11-23 12:05:35.830  1011  1189 I ASH     : @ 84388.029: tcs3701: stop power rail pending_off timer
11-23 12:05:35.830  1011  1189 D ASH     : @ 84388.030: tcs3701: start power rail timer, state:3
11-23 12:05:35.870  1011  1189 I ASH     : @ 84388.069: tcs3701: stop power rail pending_off timer
11-23 12:05:35.870  1011  1189 D ASH     : @ 84388.070: tcs3701: start power rail timer, state:3
11-23 12:05:35.911  1011  1189 I ASH     : @ 84388.109: tcs3701: stop power rail pending_off timer
11-23 12:05:35.911  1011  1189 D ASH     : @ 84388.110: tcs3701: start power rail timer, state:3
11-23 12:05:35.931  5238  5296 I BatteryMgr:DataCollectionService: stats => 1700737535931,10070,4447,13427,4169000,100
11-23 12:05:35.950  1011  1189 I ASH     : @ 84388.149: tcs3701: stop power rail pending_off timer
11-23 12:05:35.950  1011  1189 D ASH     : @ 84388.150: tcs3701: start power rail timer, state:3
11-23 12:05:35.991  1011  1189 I ASH     : @ 84388.189: tcs3701: stop power rail pending_off timer
11-23 12:05:35.991  1011  1189 D ASH     : @ 84388.190: tcs3701: start power rail timer, state:3
11-23 12:05:36.030  1011  1189 I ASH     : @ 84388.229: tcs3701: stop power rail pending_off timer
11-23 12:05:36.031  1011  1189 D ASH     : @ 84388.230: tcs3701: start power rail timer, state:3
11-23 12:05:36.041  5238  5296 I BatteryMgr:DataCollectionService: stats => 1700737536041,10070,4447,13427,4169000,100
11-23 12:05:36.065  1795  3658 D ActivityManager: freezer override set to true
11-23 12:05:36.071  1011  1189 I ASH     : @ 84388.269: tcs3701: stop power rail pending_off timer
11-23 12:05:36.071  1011  1189 D ASH     : @ 84388.270: tcs3701: start power rail timer, state:3
11-23 12:05:36.110  1011  1189 I ASH     : @ 84388.309: tcs3701: stop power rail pending_off timer
11-23 12:05:36.111  1011  1189 D ASH     : @ 84388.310: tcs3701: start power rail timer, state:3
11-23 12:05:36.148  5238  5296 I BatteryMgr:DataCollectionService: stats => 1700737536148,10070,4447,13427,4169000,100
11-23 12:05:36.151  1011  1189 I ASH     : @ 84388.349: tcs3701: stop power rail pending_off timer
11-23 12:05:36.151  1011  1189 D ASH     : @ 84388.350: tcs3701: start power rail timer, state:3
11-23 12:05:36.191  1011  1189 I ASH     : @ 84388.389: tcs3701: stop power rail pending_off timer
11-23 12:05:36.191  1011  1189 D ASH     : @ 84388.390: tcs3701: start power rail timer, state:3
11-23 12:05:36.216  8917  8962 I m.chrome.canary: Explicit concurrent copying GC freed 3602(176KB) AllocSpace objects, 3(60KB) LOS objects, 75% free, 11MB/47MB, paused 174us,26us total 100.380ms
11-23 12:05:36.231  1011  1189 I ASH     : @ 84388.429: tcs3701: stop power rail pending_off timer
11-23 12:05:36.231  1011  1189 D ASH     : @ 84388.430: tcs3701: start power rail timer, state:3
11-23 12:05:36.256  5238  5296 I BatteryMgr:DataCollectionService: stats => 1700737536252,10070,4447,13427,4169000,100
11-23 12:05:36.270  1011  1189 I ASH     : @ 84388.469: tcs3701: stop power rail pending_off timer
11-23 12:05:36.270  1011  1189 D ASH     : @ 84388.470: tcs3701: start power rail timer, state:3
11-23 12:05:36.275  1795  4172 D ActivityManager: freezer override set to false
11-23 12:05:36.311  1011  1189 I ASH     : @ 84388.509: tcs3701: stop power rail pending_off timer
11-23 12:05:36.311  1011  1189 D ASH     : @ 84388.510: tcs3701: start power rail timer, state:3
11-23 12:05:36.347  1795  4172 D ActivityManager: freezer override set to true
11-23 12:05:36.350  1011  1189 I ASH     : @ 84388.549: tcs3701: stop power rail pending_off timer
11-23 12:05:36.351  1011  1189 D ASH     : @ 84388.550: tcs3701: start power rail timer, state:3
11-23 12:05:36.352  1795  4172 D ActivityManager: freezer override set to false
11-23 12:05:36.372  5238  5296 I BatteryMgr:DataCollectionService: stats => 1700737536372,10070,4447,13427,4169000,100
11-23 12:05:36.391  1011  1189 I ASH     : @ 84388.589: tcs3701: stop power rail pending_off timer
11-23 12:05:36.391  1011  1189 D ASH     : @ 84388.590: tcs3701: start power rail timer, state:3
11-23 12:05:36.430  1011  1189 I ASH     : @ 84388.629: tcs3701: stop power rail pending_off timer
11-23 12:05:36.430  1011  1189 D ASH     : @ 84388.630: tcs3701: start power rail timer, state:3
11-23 12:05:36.471  1011  1189 I ASH     : @ 84388.670: tcs3701: stop power rail pending_off timer
11-23 12:05:36.471  1011  1189 D ASH     : @ 84388.670: tcs3701: start power rail timer, state:3
11-23 12:05:36.485  5238  5296 I BatteryMgr:DataCollectionService: stats => 1700737536485,10070,4447,13427,4169000,100
11-23 12:05:36.510  1011  1189 I ASH     : @ 84388.709: tcs3701: stop power rail pending_off timer
11-23 12:05:36.510  1011  1189 D ASH     : @ 84388.710: tcs3701: start power rail timer, state:3
11-23 12:05:36.551  1011  1189 I ASH     : @ 84388.750: tcs3701: stop power rail pending_off timer
11-23 12:05:36.551  1011  1189 D ASH     : @ 84388.750: tcs3701: start power rail timer, state:3
11-23 12:05:36.590  5238  5296 I BatteryMgr:DataCollectionService: stats => 1700737536590,10070,4447,13427,4169000,100
11-23 12:05:36.591  1011  1189 I ASH     : @ 84388.789: tcs3701: stop power rail pending_off timer
11-23 12:05:36.591  1011  1189 D ASH     : @ 84388.790: tcs3701: start power rail timer, state:3
11-23 12:05:36.631  1011  1189 I ASH     : @ 84388.829: tcs3701: stop power rail pending_off timer
11-23 12:05:36.631  1011  1189 D ASH     : @ 84388.830: tcs3701: start power rail timer, state:3
11-23 12:05:36.641  2113  2118 I pixel-thermal: skin-therm-monitor: 38.23
11-23 12:05:36.670  1011  1189 I ASH     : @ 84388.869: tcs3701: stop power rail pending_off timer
11-23 12:05:36.670  1011  1189 D ASH     : @ 84388.870: tcs3701: start power rail timer, state:3
11-23 12:05:36.696  5238  5296 I BatteryMgr:DataCollectionService: stats => 1700737536696,10070,4447,13427,4169000,100
11-23 12:05:36.710  1011  1189 I ASH     : @ 84388.909: tcs3701: stop power rail pending_off timer
11-23 12:05:36.711  1011  1189 D ASH     : @ 84388.910: tcs3701: start power rail timer, state:3
11-23 12:05:36.751  1011  1189 I ASH     : @ 84388.949: tcs3701: stop power rail pending_off timer
11-23 12:05:36.751  1011  1189 D ASH     : @ 84388.950: tcs3701: start power rail timer, state:3
11-23 12:05:36.791  1011  1189 I ASH     : @ 84388.989: tcs3701: stop power rail pending_off timer
11-23 12:05:36.791  1011  1189 D ASH     : @ 84388.990: tcs3701: start power rail timer, state:3
11-23 12:05:36.808  5238  5296 I BatteryMgr:DataCollectionService: stats => 1700737536808,10070,4447,13427,4169000,100
11-23 12:05:36.830  1011  1189 I ASH     : @ 84389.029: tcs3701: stop power rail pending_off timer
11-23 12:05:36.831  1011  1189 D ASH     : @ 84389.030: tcs3701: start power rail timer, state:3
11-23 12:05:36.870  1011  1189 I ASH     : @ 84389.069: tcs3701: stop power rail pending_off timer
11-23 12:05:36.870  1011  1189 D ASH     : @ 84389.070: tcs3701: start power rail timer, state:3
11-23 12:05:36.911  1011  1189 I ASH     : @ 84389.109: tcs3701: stop power rail pending_off timer
11-23 12:05:36.911  1011  1189 D ASH     : @ 84389.110: tcs3701: start power rail timer, state:3
11-23 12:05:36.912  5238  5296 I BatteryMgr:DataCollectionService: stats => 1700737536912,10070,4447,13427,4169000,100
11-23 12:05:36.951  1011  1189 I ASH     : @ 84389.149: tcs3701: stop power rail pending_off timer
11-23 12:05:36.951  1011  1189 D ASH     : @ 84389.150: tcs3701: start power rail timer, state:3
11-23 12:05:36.990  1011  1189 I ASH     : @ 84389.189: tcs3701: stop power rail pending_off timer
11-23 12:05:36.990  1011  1189 D ASH     : @ 84389.190: tcs3701: start power rail timer, state:3
11-23 12:05:37.022  5238  5296 I BatteryMgr:DataCollectionService: stats => 1700737537022,10070,4447,13427,4169000,100
11-23 12:05:37.030  1011  1189 I ASH     : @ 84389.229: tcs3701: stop power rail pending_off timer
11-23 12:05:37.031  1011  1189 D ASH     : @ 84389.230: tcs3701: start power rail timer, state:3
11-23 12:05:37.070  1011  1189 I ASH     : @ 84389.269: tcs3701: stop power rail pending_off timer
11-23 12:05:37.070  1011  1189 D ASH     : @ 84389.270: tcs3701: start power rail timer, state:3
11-23 12:05:37.110  1011  1189 I ASH     : @ 84389.309: tcs3701: stop power rail pending_off timer
11-23 12:05:37.110  1011  1189 D ASH     : @ 84389.310: tcs3701: start power rail timer, state:3
11-23 12:05:37.122  1795  4172 D ActivityManager: freezer override set to true
11-23 12:05:37.126  1795  4172 D ActivityManager: freezer override set to false
11-23 12:05:37.131  5238  5296 I BatteryMgr:DataCollectionService: stats => 1700737537131,10070,4447,13427,4169000,100
11-23 12:05:37.142  8917  8978 W chromium: [WARNING:ev_root_ca_metadata.cc(119)] Not implemented
11-23 12:05:37.142  8917  8978 W chromium: [WARNING:ev_root_ca_metadata.cc(119)] Not implemented
11-23 12:05:37.150  1011  1189 I ASH     : @ 84389.349: tcs3701: stop power rail pending_off timer
11-23 12:05:37.150  1011  1189 D ASH     : @ 84389.350: tcs3701: start power rail timer, state:3
11-23 12:05:37.190  1011  1189 I ASH     : @ 84389.389: tcs3701: stop power rail pending_off timer
11-23 12:05:37.190  1011  1189 D ASH     : @ 84389.390: tcs3701: start power rail timer, state:3
11-23 12:05:37.231  1011  1189 I ASH     : @ 84389.429: tcs3701: stop power rail pending_off timer
11-23 12:05:37.231  1011  1189 D ASH     : @ 84389.430: tcs3701: start power rail timer, state:3
11-23 12:05:37.243  5238  5296 I BatteryMgr:DataCollectionService: stats => 1700737537243,10070,4447,13427,4169000,100
11-23 12:05:37.271  1011  1189 I ASH     : @ 84389.469: tcs3701: stop power rail pending_off timer
11-23 12:05:37.271  1011  1189 D ASH     : @ 84389.470: tcs3701: start power rail timer, state:3
11-23 12:05:37.310  1011  1189 I ASH     : @ 84389.509: tcs3701: stop power rail pending_off timer
11-23 12:05:37.311  1011  1189 D ASH     : @ 84389.510: tcs3701: start power rail timer, state:3
11-23 12:05:37.350  5238  5296 I BatteryMgr:DataCollectionService: stats => 1700737537350,10070,4447,13427,4169000,100
11-23 12:05:37.350  1011  1189 I ASH     : @ 84389.549: tcs3701: stop power rail pending_off timer
11-23 12:05:37.350  1011  1189 D ASH     : @ 84389.550: tcs3701: start power rail timer, state:3
11-23 12:05:37.390  1011  1189 I ASH     : @ 84389.589: tcs3701: stop power rail pending_off timer
11-23 12:05:37.390  1011  1189 D ASH     : @ 84389.590: tcs3701: start power rail timer, state:3
11-23 12:05:37.430  1011  1189 I ASH     : @ 84389.629: tcs3701: stop power rail pending_off timer
11-23 12:05:37.431  1011  1189 D ASH     : @ 84389.630: tcs3701: start power rail timer, state:3
11-23 12:05:37.469  5238  5296 I BatteryMgr:DataCollectionService: stats => 1700737537469,10070,4447,13427,4169000,100
11-23 12:05:37.471  1011  1189 I ASH     : @ 84389.669: tcs3701: stop power rail pending_off timer
11-23 12:05:37.471  1011  1189 D ASH     : @ 84389.670: tcs3701: start power rail timer, state:3
11-23 12:05:37.510  1011  1189 I ASH     : @ 84389.709: tcs3701: stop power rail pending_off timer
11-23 12:05:37.511  1011  1189 D ASH     : @ 84389.710: tcs3701: start power rail timer, state:3
11-23 12:05:37.550  1011  1189 I ASH     : @ 84389.749: tcs3701: stop power rail pending_off timer
11-23 12:05:37.550  1011  1189 D ASH     : @ 84389.750: tcs3701: start power rail timer, state:3
11-23 12:05:37.572  5238  5296 I BatteryMgr:DataCollectionService: stats => 1700737537572,10681,4447,13427,4169000,100
11-23 12:05:37.591  1011  1189 I ASH     : @ 84389.789: tcs3701: stop power rail pending_off timer
11-23 12:05:37.591  1011  1189 D ASH     : @ 84389.790: tcs3701: start power rail timer, state:3
11-23 12:05:37.595  1795  4172 D ActivityManager: freezer override set to true
11-23 12:05:37.632  1011  1189 I ASH     : @ 84389.829: tcs3701: stop power rail pending_off timer
11-23 12:05:37.632  1011  1189 D ASH     : @ 84389.830: tcs3701: start power rail timer, state:3
11-23 12:05:37.671  1011  1189 I ASH     : @ 84389.869: tcs3701: stop power rail pending_off timer
11-23 12:05:37.671  1011  1189 D ASH     : @ 84389.870: tcs3701: start power rail timer, state:3
11-23 12:05:37.679  5238  5296 I BatteryMgr:DataCollectionService: stats => 1700737537679,10681,4447,13427,4169000,100
11-23 12:05:37.702  8917  8962 I m.chrome.canary: Explicit concurrent copying GC freed 3834(192KB) AllocSpace objects, 4(80KB) LOS objects, 75% free, 11MB/47MB, paused 102us,23us total 55.617ms
11-23 12:05:37.711  1011  1189 I ASH     : @ 84389.909: tcs3701: stop power rail pending_off timer
11-23 12:05:37.711  1011  1189 D ASH     : @ 84389.910: tcs3701: start power rail timer, state:3
11-23 12:05:37.751  1011  1189 I ASH     : @ 84389.949: tcs3701: stop power rail pending_off timer
11-23 12:05:37.751  1011  1189 D ASH     : @ 84389.950: tcs3701: start power rail timer, state:3
11-23 12:05:37.758  1795  4172 D ActivityManager: freezer override set to false
11-23 12:05:37.786  5238  5296 I BatteryMgr:DataCollectionService: stats => 1700737537786,10681,4447,13427,4169000,100
11-23 12:05:37.791  1011  1189 I ASH     : @ 84389.989: tcs3701: stop power rail pending_off timer
11-23 12:05:37.791  1011  1189 D ASH     : @ 84389.990: tcs3701: start power rail timer, state:3
11-23 12:05:37.803  1795  4172 D ActivityManager: freezer override set to true
11-23 12:05:37.805  1795  4172 D ActivityManager: freezer override set to false
11-23 12:05:37.830  1011  1189 I ASH     : @ 84390.029: tcs3701: stop power rail pending_off timer
11-23 12:05:37.831  1011  1189 D ASH     : @ 84390.030: tcs3701: start power rail timer, state:3
11-23 12:05:37.871  1011  1189 I ASH     : @ 84390.069: tcs3701: stop power rail pending_off timer
11-23 12:05:37.872  1011  1189 D ASH     : @ 84390.070: tcs3701: start power rail timer, state:3
11-23 12:05:37.893  5238  5296 I BatteryMgr:DataCollectionService: stats => 1700737537893,10681,4447,13427,4169000,100
11-23 12:05:37.911  1011  1189 I ASH     : @ 84390.109: tcs3701: stop power rail pending_off timer
11-23 12:05:37.911  1011  1189 D ASH     : @ 84390.110: tcs3701: start power rail timer, state:3
11-23 12:05:37.950  1011  1189 I ASH     : @ 84390.149: tcs3701: stop power rail pending_off timer
11-23 12:05:37.950  1011  1189 D ASH     : @ 84390.150: tcs3701: start power rail timer, state:3
11-23 12:05:37.991  1011  1189 I ASH     : @ 84390.189: tcs3701: stop power rail pending_off timer
11-23 12:05:37.991  1011  1189 D ASH     : @ 84390.190: tcs3701: start power rail timer, state:3
11-23 12:05:37.998  5238  5296 I BatteryMgr:DataCollectionService: stats => 1700737537998,10681,4447,13427,4169000,100
11-23 12:05:38.031  1011  1189 I ASH     : @ 84390.229: tcs3701: stop power rail pending_off timer
11-23 12:05:38.031  1011  1189 D ASH     : @ 84390.230: tcs3701: start power rail timer, state:3
11-23 12:05:38.070  1011  1189 I ASH     : @ 84390.269: tcs3701: stop power rail pending_off timer
11-23 12:05:38.070  1011  1189 D ASH     : @ 84390.270: tcs3701: start power rail timer, state:3
11-23 12:05:38.106  5238  5296 I BatteryMgr:DataCollectionService: stats => 1700737538106,10681,4447,13427,4169000,100
11-23 12:05:38.111  1011  1189 I ASH     : @ 84390.310: tcs3701: stop power rail pending_off timer
11-23 12:05:38.111  1011  1189 D ASH     : @ 84390.310: tcs3701: start power rail timer, state:3
11-23 12:05:38.118  1795  4172 D ActivityManager: freezer override set to true
11-23 12:05:38.122  1795  4172 D ActivityManager: freezer override set to false
11-23 12:05:38.151  1011  1189 I ASH     : @ 84390.349: tcs3701: stop power rail pending_off timer
11-23 12:05:38.151  1011  1189 D ASH     : @ 84390.350: tcs3701: start power rail timer, state:3
11-23 12:05:38.191  1011  1189 I ASH     : @ 84390.390: tcs3701: stop power rail pending_off timer
11-23 12:05:38.191  1011  1189 D ASH     : @ 84390.390: tcs3701: start power rail timer, state:3
11-23 12:05:38.212  5238  5296 I BatteryMgr:DataCollectionService: stats => 1700737538212,10681,4447,13427,4169000,100
11-23 12:05:38.230  1011  1189 I ASH     : @ 84390.429: tcs3701: stop power rail pending_off timer
11-23 12:05:38.230  1011  1189 D ASH     : @ 84390.430: tcs3701: start power rail timer, state:3
11-23 12:05:38.271  1011  1189 I ASH     : @ 84390.470: tcs3701: stop power rail pending_off timer
11-23 12:05:38.271  1011  1189 D ASH     : @ 84390.470: tcs3701: start power rail timer, state:3
11-23 12:05:38.310  1011  1189 I ASH     : @ 84390.509: tcs3701: stop power rail pending_off timer
11-23 12:05:38.311  1011  1189 D ASH     : @ 84390.510: tcs3701: start power rail timer, state:3
11-23 12:05:38.316  5238  5296 I BatteryMgr:DataCollectionService: stats => 1700737538316,10681,4447,13427,4169000,100
11-23 12:05:38.351  1011  1189 I ASH     : @ 84390.549: tcs3701: stop power rail pending_off timer
11-23 12:05:38.351  1011  1189 D ASH     : @ 84390.550: tcs3701: start power rail timer, state:3
11-23 12:05:38.391  1011  1189 I ASH     : @ 84390.589: tcs3701: stop power rail pending_off timer
11-23 12:05:38.391  1011  1189 D ASH     : @ 84390.590: tcs3701: start power rail timer, state:3
11-23 12:05:38.423  5238  5296 I BatteryMgr:DataCollectionService: stats => 1700737538423,10681,4447,13427,4169000,100
11-23 12:05:38.430  1011  1189 I ASH     : @ 84390.629: tcs3701: stop power rail pending_off timer
11-23 12:05:38.431  1011  1189 D ASH     : @ 84390.630: tcs3701: start power rail timer, state:3
11-23 12:05:38.470  1011  1189 I ASH     : @ 84390.669: tcs3701: stop power rail pending_off timer
11-23 12:05:38.470  1011  1189 D ASH     : @ 84390.670: tcs3701: start power rail timer, state:3
11-23 12:05:38.510  1011  1189 I ASH     : @ 84390.709: tcs3701: stop power rail pending_off timer
11-23 12:05:38.511  1011  1189 D ASH     : @ 84390.710: tcs3701: start power rail timer, state:3
11-23 12:05:38.530  5238  5296 I BatteryMgr:DataCollectionService: stats => 1700737538529,10681,4447,13427,4169000,100
11-23 12:05:38.550  1011  1189 I ASH     : @ 84390.749: tcs3701: stop power rail pending_off timer
11-23 12:05:38.550  1011  1189 D ASH     : @ 84390.750: tcs3701: start power rail timer, state:3
11-23 12:05:38.561  1795  2424 D WifiClientModeImpl[13802:wlan0]: updateLinkLayerStatsRssiSpeedFrequencyCapabilities rssi=-49 TxLinkspeed=650 freq=5240 RxLinkSpeed=866
11-23 12:05:38.562  1795  2424 D WifiDataStall: tx tput in kbps: 680214
11-23 12:05:38.562  1795  2424 D WifiDataStall: rx tput in kbps: 794960
11-23 12:05:38.562  1795  2424 V WifiConfigManager: Updating scan detail cache freq=5240 BSSID=f4:6d:2f:12:cc:88 RSSI=-48 for "ourhome"WPA_PSK
11-23 12:05:38.562  1795  2424 D WifiChannelUtilization:  freq: 5240 onTime: 2311484 busyTime: 191320 onTimeDiff: 2311189 busyTimeDiff: 191303 utilization: 21 utilization t0: 21
11-23 12:05:38.562  1795  2424 D WifiDataStall:  ccaLevel = 21
11-23 12:05:38.562  1795  2424 D WifiDataStall: L2 txTputKbps: 519111, rxTputKbps: 794960, L3 txTputKbps: 16, rxTputKbps: 42, TxTrafficHigh: true, RxTrafficHigh: true, Throughput Sufficient: true
11-23 12:05:38.562  1795  2424 D WifiScoreReport: Wifi scoring disabled - Don't check IP layer
11-23 12:05:38.562  3213  8092 V WifiManager: OnWifiUsabilityStatsListener: onWifiUsabilityStats: seqNum=27899
11-23 12:05:38.562  1795  2424 D WifiScoreCard: BSSID update SIGNAL_POLL ID: 1320464697 SSID: "ourhome", BSSID: f4:6d:2f:12:cc:88, MAC: b2:2f:ec:da:4a:0c, IP: /192.168.1.104, Security type: 2, Supplicant state: COMPLETED, Wi-Fi standard: 5, RSSI: -49, Link speed: 650Mbps, Tx Link speed: 650Mbps, Max Supported Tx Link speed: 866Mbps, Rx Link speed: 866Mbps, Max Supported Rx Link speed: 866Mbps, Frequency: 5240MHz, Net ID: 12, Metered hint: false, score: 60, isUsable: true, CarrierMerged: false, SubscriptionId: -1, IsPrimary: 1, Trusted: true, Restricted: false, Ephemeral: false, OEM paid: false, OEM private: false, OSU AP: false, FQDN: <none>, Provider friendly name: <none>, Requesting package name: <none>"ourhome"wpa2-pskMLO Information: , Is TID-To-Link negotiation supported by the AP: false, AP MLD Address: <none>, AP MLO Link Id: <none>, AP MLO Affiliated links: <none>
11-23 12:05:38.562  1795  2424 D WifiScoreCard: txRate: 11 txSpeed: 650
11-23 12:05:38.562  1795  2424 D WifiScoreCard: network update SIGNAL_POLL "ourhome" ID: 1499892569 RSSI -49 txSpeed 650
11-23 12:05:38.562  1795  2424 D WifiClientModeImpl[13802:wlan0]:  ClientModeImpl$L2ConnectedState screen=on 13 0 "ourhome" f4:6d:2f:12:cc:88 rssi=-49 f=5240 sc=60 link=650 tx=8.5, 1.8, 0.0 rx=5.8 bcn=805259 [on:169 tx:3 rx:2 period:3010] from screen [on:181124 period:4026674] score=60
11-23 12:05:38.562  2513  3235 V WifiManager: TrafficStateCallbackProxy: onStateChanged state=3
11-23 12:05:38.563  1795  4172 I WifiService: updateWifiUsabilityScore uid=10180 seqNum=27899 score=100 predictionHorizonSec=1441795
11-23 12:05:38.563  2782  5906 D QCNEJ/WlanStaInfoRelay: Received action: android.net.wifi.RSSI_CHANGED
11-23 12:05:38.564  1795  2424 D WifiScoreReport: Wifi scoring disabled - Notify that Wifi is usable
11-23 12:05:38.564  1795  2432 D ConnectivityService: NetReassign [no changes] [c 1] [a 0] [i 0]
11-23 12:05:38.591  1011  1189 I ASH     : @ 84390.789: tcs3701: stop power rail pending_off timer
11-23 12:05:38.591  1011  1189 D ASH     : @ 84390.790: tcs3701: start power rail timer, state:3
11-23 12:05:38.631  1011  1189 I ASH     : @ 84390.829: tcs3701: stop power rail pending_off timer
11-23 12:05:38.631  1011  1189 D ASH     : @ 84390.830: tcs3701: start power rail timer, state:3
11-23 12:05:38.634  5238  5296 I BatteryMgr:DataCollectionService: stats => 1700737538634,10681,4447,13427,4169000,100
11-23 12:05:38.645  2113  2118 I pixel-thermal: skin-therm-monitor: 38.217
11-23 12:05:38.671  1011  1189 I ASH     : @ 84390.869: tcs3701: stop power rail pending_off timer
11-23 12:05:38.671  1011  1189 D ASH     : @ 84390.870: tcs3701: start power rail timer, state:3
11-23 12:05:38.711  1011  1189 I ASH     : @ 84390.909: tcs3701: stop power rail pending_off timer
11-23 12:05:38.711  1011  1189 D ASH     : @ 84390.910: tcs3701: start power rail timer, state:3
11-23 12:05:38.742  5238  5296 I BatteryMgr:DataCollectionService: stats => 1700737538742,10681,4447,13427,4169000,100
11-23 12:05:38.751  1011  1189 I ASH     : @ 84390.949: tcs3701: stop power rail pending_off timer
11-23 12:05:38.751  1011  1189 D ASH     : @ 84390.950: tcs3701: start power rail timer, state:3
11-23 12:05:38.790  1011  1189 I ASH     : @ 84390.989: tcs3701: stop power rail pending_off timer
11-23 12:05:38.790  1011  1189 D ASH     : @ 84390.990: tcs3701: start power rail timer, state:3
11-23 12:05:38.830  1011  1189 I ASH     : @ 84391.029: tcs3701: stop power rail pending_off timer
11-23 12:05:38.830  1011  1189 D ASH     : @ 84391.030: tcs3701: start power rail timer, state:3
11-23 12:05:38.848  5238  5296 I BatteryMgr:DataCollectionService: stats => 1700737538847,10681,4447,13427,4169000,100
11-23 12:05:38.870  1011  1189 I ASH     : @ 84391.069: tcs3701: stop power rail pending_off timer
11-23 12:05:38.870  1011  1189 D ASH     : @ 84391.070: tcs3701: start power rail timer, state:3
11-23 12:05:38.910  1011  1189 I ASH     : @ 84391.109: tcs3701: stop power rail pending_off timer
11-23 12:05:38.910  1011  1189 D ASH     : @ 84391.110: tcs3701: start power rail timer, state:3
11-23 12:05:38.951  1011  1189 I ASH     : @ 84391.149: tcs3701: stop power rail pending_off timer
11-23 12:05:38.952  1011  1189 D ASH     : @ 84391.150: tcs3701: start power rail timer, state:3
11-23 12:05:38.954  5238  5296 I BatteryMgr:DataCollectionService: stats => 1700737538954,10681,4447,13427,4169000,100
11-23 12:05:38.991  1011  1189 I ASH     : @ 84391.189: tcs3701: stop power rail pending_off timer
11-23 12:05:38.991  1011  1189 D ASH     : @ 84391.190: tcs3701: start power rail timer, state:3
11-23 12:05:38.995  1795  4172 D ActivityManager: freezer override set to true
11-23 12:05:39.030  1011  1189 I ASH     : @ 84391.229: tcs3701: stop power rail pending_off timer
11-23 12:05:39.030  1011  1189 D ASH     : @ 84391.230: tcs3701: start power rail timer, state:3
11-23 12:05:39.059  5238  5296 I BatteryMgr:DataCollectionService: stats => 1700737539059,10681,4447,13427,4169000,100
11-23 12:05:39.070  1011  1189 I ASH     : @ 84391.269: tcs3701: stop power rail pending_off timer
11-23 12:05:39.070  1011  1189 D ASH     : @ 84391.270: tcs3701: start power rail timer, state:3
11-23 12:05:39.085  8917  8962 I m.chrome.canary: Explicit concurrent copying GC freed 3748(192KB) AllocSpace objects, 5(164KB) LOS objects, 75% free, 11MB/47MB, paused 83us,23us total 48.444ms
11-23 12:05:39.110  1011  1189 I ASH     : @ 84391.309: tcs3701: stop power rail pending_off timer
11-23 12:05:39.110  1011  1189 D ASH     : @ 84391.310: tcs3701: start power rail timer, state:3
11-23 12:05:39.142  1795  3658 D ActivityManager: freezer override set to false
11-23 12:05:39.151  1011  1189 I ASH     : @ 84391.349: tcs3701: stop power rail pending_off timer
11-23 12:05:39.151  1011  1189 D ASH     : @ 84391.350: tcs3701: start power rail timer, state:3
11-23 12:05:39.164  5238  5296 I BatteryMgr:DataCollectionService: stats => 1700737539164,10681,4447,13427,4169000,100
11-23 12:05:39.190  1011  1189 I ASH     : @ 84391.389: tcs3701: stop power rail pending_off timer
11-23 12:05:39.190  1011  1189 D ASH     : @ 84391.390: tcs3701: start power rail timer, state:3
11-23 12:05:39.214  1795  3658 D ActivityManager: freezer override set to true
11-23 12:05:39.217  1795  3658 D ActivityManager: freezer override set to false
11-23 12:05:39.231  1011  1189 I ASH     : @ 84391.429: tcs3701: stop power rail pending_off timer
11-23 12:05:39.231  1011  1189 D ASH     : @ 84391.430: tcs3701: start power rail timer, state:3
11-23 12:05:39.266  5238  5296 I BatteryMgr:DataCollectionService: stats => 1700737539266,10681,4447,13427,4169000,100
11-23 12:05:39.270  1011  1189 I ASH     : @ 84391.469: tcs3701: stop power rail pending_off timer
11-23 12:05:39.270  1011  1189 D ASH     : @ 84391.470: tcs3701: start power rail timer, state:3
11-23 12:05:39.311  1011  1189 I ASH     : @ 84391.509: tcs3701: stop power rail pending_off timer
11-23 12:05:39.311  1011  1189 D ASH     : @ 84391.510: tcs3701: start power rail timer, state:3
11-23 12:05:39.351  1011  1189 I ASH     : @ 84391.549: tcs3701: stop power rail pending_off timer
11-23 12:05:39.351  1011  1189 D ASH     : @ 84391.550: tcs3701: start power rail timer, state:3
11-23 12:05:39.371  5238  5296 I BatteryMgr:DataCollectionService: stats => 1700737539371,10681,4447,13427,4169000,100
11-23 12:05:39.391  1011  1189 I ASH     : @ 84391.589: tcs3701: stop power rail pending_off timer
11-23 12:05:39.391  1011  1189 D ASH     : @ 84391.590: tcs3701: start power rail timer, state:3
11-23 12:05:39.431  1011  1189 I ASH     : @ 84391.629: tcs3701: stop power rail pending_off timer
11-23 12:05:39.431  1011  1189 D ASH     : @ 84391.630: tcs3701: start power rail timer, state:3
11-23 12:05:39.470  1011  1189 I ASH     : @ 84391.669: tcs3701: stop power rail pending_off timer
11-23 12:05:39.471  1011  1189 D ASH     : @ 84391.670: tcs3701: start power rail timer, state:3
11-23 12:05:39.477  5238  5296 I BatteryMgr:DataCollectionService: stats => 1700737539477,10681,4447,13427,4169000,100
11-23 12:05:39.510  1011  1189 I ASH     : @ 84391.709: tcs3701: stop power rail pending_off timer
11-23 12:05:39.510  1011  1189 D ASH     : @ 84391.710: tcs3701: start power rail timer, state:3
11-23 12:05:39.551  1011  1189 I ASH     : @ 84391.749: tcs3701: stop power rail pending_off timer
11-23 12:05:39.552  1011  1189 D ASH     : @ 84391.750: tcs3701: start power rail timer, state:3
11-23 12:05:39.582  5238  5296 I BatteryMgr:DataCollectionService: stats => 1700737539582,10681,4447,13427,4169000,100
11-23 12:05:39.590  1011  1189 I ASH     : @ 84391.789: tcs3701: stop power rail pending_off timer
11-23 12:05:39.591  1011  1189 D ASH     : @ 84391.790: tcs3701: start power rail timer, state:3
11-23 12:05:39.631  1011  1189 I ASH     : @ 84391.829: tcs3701: stop power rail pending_off timer
11-23 12:05:39.631  1011  1189 D ASH     : @ 84391.830: tcs3701: start power rail timer, state:3
11-23 12:05:39.670  1011  1189 I ASH     : @ 84391.869: tcs3701: stop power rail pending_off timer
11-23 12:05:39.671  1011  1189 D ASH     : @ 84391.870: tcs3701: start power rail timer, state:3
11-23 12:05:39.686  5238  5296 I BatteryMgr:DataCollectionService: stats => 1700737539686,10681,4447,13427,4169000,100
11-23 12:05:39.711  1011  1189 I ASH     : @ 84391.909: tcs3701: stop power rail pending_off timer
11-23 12:05:39.711  1011  1189 D ASH     : @ 84391.910: tcs3701: start power rail timer, state:3
11-23 12:05:39.751  1011  1189 I ASH     : @ 84391.949: tcs3701: stop power rail pending_off timer
11-23 12:05:39.751  1011  1189 D ASH     : @ 84391.950: tcs3701: start power rail timer, state:3
11-23 12:05:39.789  5238  5296 I BatteryMgr:DataCollectionService: stats => 1700737539789,10681,4447,13427,4169000,100
11-23 12:05:39.790  1011  1189 I ASH     : @ 84391.989: tcs3701: stop power rail pending_off timer
11-23 12:05:39.791  1011  1189 D ASH     : @ 84391.990: tcs3701: start power rail timer, state:3
11-23 12:05:39.831  1011  1189 I ASH     : @ 84392.030: tcs3701: stop power rail pending_off timer
11-23 12:05:39.831  1011  1189 D ASH     : @ 84392.030: tcs3701: start power rail timer, state:3
11-23 12:05:39.870  1011  1189 I ASH     : @ 84392.069: tcs3701: stop power rail pending_off timer
11-23 12:05:39.871  1011  1189 D ASH     : @ 84392.070: tcs3701: start power rail timer, state:3
11-23 12:05:39.891  5238  5296 I BatteryMgr:DataCollectionService: stats => 1700737539891,10681,4447,13427,4169000,100
11-23 12:05:39.911  1011  1189 I ASH     : @ 84392.110: tcs3701: stop power rail pending_off timer
11-23 12:05:39.911  1011  1189 D ASH     : @ 84392.110: tcs3701: start power rail timer, state:3
11-23 12:05:39.951  1011  1189 I ASH     : @ 84392.149: tcs3701: stop power rail pending_off timer
11-23 12:05:39.951  1011  1189 D ASH     : @ 84392.150: tcs3701: start power rail timer, state:3
11-23 12:05:39.991  1011  1189 I ASH     : @ 84392.190: tcs3701: stop power rail pending_off timer
11-23 12:05:39.991  1011  1189 D ASH     : @ 84392.190: tcs3701: start power rail timer, state:3
11-23 12:05:39.996  5238  5296 I BatteryMgr:DataCollectionService: stats => 1700737539995,10681,4447,13427,4169000,100
11-23 12:05:40.031  1011  1189 I ASH     : @ 84392.229: tcs3701: stop power rail pending_off timer
11-23 12:05:40.031  1011  1189 D ASH     : @ 84392.230: tcs3701: start power rail timer, state:3
11-23 12:05:40.071  1011  1189 I ASH     : @ 84392.269: tcs3701: stop power rail pending_off timer
11-23 12:05:40.071  1011  1189 D ASH     : @ 84392.270: tcs3701: start power rail timer, state:3
11-23 12:05:40.102  5238  5296 I BatteryMgr:DataCollectionService: stats => 1700737540102,10681,4447,13427,4169000,100
11-23 12:05:40.110  1011  1189 I ASH     : @ 84392.309: tcs3701: stop power rail pending_off timer
11-23 12:05:40.111  1011  1189 D ASH     : @ 84392.310: tcs3701: start power rail timer, state:3
11-23 12:05:40.118  1795  3658 D ActivityManager: freezer override set to true
11-23 12:05:40.122  1795  3658 D ActivityManager: freezer override set to false
11-23 12:05:40.150  1011  1189 I ASH     : @ 84392.349: tcs3701: stop power rail pending_off timer
11-23 12:05:40.151  1011  1189 D ASH     : @ 84392.350: tcs3701: start power rail timer, state:3
11-23 12:05:40.190  1011  1189 I ASH     : @ 84392.389: tcs3701: stop power rail pending_off timer
11-23 12:05:40.191  1011  1189 D ASH     : @ 84392.390: tcs3701: start power rail timer, state:3
11-23 12:05:40.207  5238  5296 I BatteryMgr:DataCollectionService: stats => 1700737540207,10681,4447,13427,4169000,100
11-23 12:05:40.230  1011  1189 I ASH     : @ 84392.429: tcs3701: stop power rail pending_off timer
11-23 12:05:40.231  1011  1189 D ASH     : @ 84392.430: tcs3701: start power rail timer, state:3
11-23 12:05:40.271  1011  1189 I ASH     : @ 84392.469: tcs3701: stop power rail pending_off timer
11-23 12:05:40.271  1011  1189 D ASH     : @ 84392.470: tcs3701: start power rail timer, state:3
11-23 12:05:40.311  1011  1189 I ASH     : @ 84392.509: tcs3701: stop power rail pending_off timer
11-23 12:05:40.311  1011  1189 D ASH     : @ 84392.510: tcs3701: start power rail timer, state:3
11-23 12:05:40.315  5238  5296 I BatteryMgr:DataCollectionService: stats => 1700737540315,10681,4447,13427,4169000,100
11-23 12:05:40.351  1011  1189 I ASH     : @ 84392.549: tcs3701: stop power rail pending_off timer
11-23 12:05:40.351  1011  1189 D ASH     : @ 84392.550: tcs3701: start power rail timer, state:3
11-23 12:05:40.367  1795  3658 D ActivityManager: freezer override set to true
11-23 12:05:40.390  1011  1189 I ASH     : @ 84392.589: tcs3701: stop power rail pending_off timer
11-23 12:05:40.390  1011  1189 D ASH     : @ 84392.590: tcs3701: start power rail timer, state:3
11-23 12:05:40.423  5238  5296 I BatteryMgr:DataCollectionService: stats => 1700737540422,10681,4447,13427,4169000,100
11-23 12:05:40.430  1011  1189 I ASH     : @ 84392.629: tcs3701: stop power rail pending_off timer
11-23 12:05:40.430  1011  1189 D ASH     : @ 84392.630: tcs3701: start power rail timer, state:3
11-23 12:05:40.470  1011  1189 I ASH     : @ 84392.669: tcs3701: stop power rail pending_off timer
11-23 12:05:40.470  1011  1189 D ASH     : @ 84392.670: tcs3701: start power rail timer, state:3
11-23 12:05:40.475  8917  8962 I m.chrome.canary: Explicit concurrent copying GC freed 3817(191KB) AllocSpace objects, 4(80KB) LOS objects, 75% free, 11MB/47MB, paused 34us,47us total 50.010ms
11-23 12:05:40.511  1011  1189 I ASH     : @ 84392.709: tcs3701: stop power rail pending_off timer
11-23 12:05:40.511  1011  1189 D ASH     : @ 84392.710: tcs3701: start power rail timer, state:3
11-23 12:05:40.530  5238  5296 I BatteryMgr:DataCollectionService: stats => 1700737540530,10681,4447,13427,4169000,100
11-23 12:05:40.537  1795  3658 D ActivityManager: freezer override set to false
11-23 12:05:40.550  1011  1189 I ASH     : @ 84392.749: tcs3701: stop power rail pending_off timer
11-23 12:05:40.551  1011  1189 D ASH     : @ 84392.750: tcs3701: start power rail timer, state:3
11-23 12:05:40.586  1795  3658 D ActivityManager: freezer override set to true
11-23 12:05:40.589  1795  3658 D ActivityManager: freezer override set to false
11-23 12:05:40.591  1011  1189 I ASH     : @ 84392.789: tcs3701: stop power rail pending_off timer
11-23 12:05:40.591  1011  1189 D ASH     : @ 84392.790: tcs3701: start power rail timer, state:3
11-23 12:05:40.631  1011  1189 I ASH     : @ 84392.829: tcs3701: stop power rail pending_off timer
11-23 12:05:40.631  1011  1189 D ASH     : @ 84392.830: tcs3701: start power rail timer, state:3
11-23 12:05:40.638  5238  5296 I BatteryMgr:DataCollectionService: stats => 1700737540638,10681,4447,13427,4169000,100
11-23 12:05:40.648  2113  2118 I pixel-thermal: skin-therm-monitor: 38.217
11-23 12:05:40.670  1011  1189 I ASH     : @ 84392.869: tcs3701: stop power rail pending_off timer
11-23 12:05:40.670  1011  1189 D ASH     : @ 84392.870: tcs3701: start power rail timer, state:3
11-23 12:05:40.711  1011  1189 I ASH     : @ 84392.909: tcs3701: stop power rail pending_off timer
11-23 12:05:40.711  1011  1189 D ASH     : @ 84392.910: tcs3701: start power rail timer, state:3
11-23 12:05:40.743  5238  5296 I BatteryMgr:DataCollectionService: stats => 1700737540743,10681,4447,13427,4169000,100
11-23 12:05:40.751  1011  1189 I ASH     : @ 84392.949: tcs3701: stop power rail pending_off timer
11-23 12:05:40.752  1011  1189 D ASH     : @ 84392.950: tcs3701: start power rail timer, state:3
11-23 12:05:40.790  1011  1189 I ASH     : @ 84392.989: tcs3701: stop power rail pending_off timer
11-23 12:05:40.790  1011  1189 D ASH     : @ 84392.990: tcs3701: start power rail timer, state:3
11-23 12:05:40.830  1011  1189 I ASH     : @ 84393.029: tcs3701: stop power rail pending_off timer
11-23 12:05:40.831  1011  1189 D ASH     : @ 84393.030: tcs3701: start power rail timer, state:3
11-23 12:05:40.850  5238  5296 I BatteryMgr:DataCollectionService: stats => 1700737540849,10681,4447,13427,4169000,100
11-23 12:05:40.871  1011  1189 I ASH     : @ 84393.069: tcs3701: stop power rail pending_off timer
11-23 12:05:40.871  1011  1189 D ASH     : @ 84393.070: tcs3701: start power rail timer, state:3
11-23 12:05:40.911  1011  1189 I ASH     : @ 84393.109: tcs3701: stop power rail pending_off timer
11-23 12:05:40.911  1011  1189 D ASH     : @ 84393.110: tcs3701: start power rail timer, state:3
11-23 12:05:40.951  1011  1189 I ASH     : @ 84393.149: tcs3701: stop power rail pending_off timer
11-23 12:05:40.951  1011  1189 D ASH     : @ 84393.150: tcs3701: start power rail timer, state:3
11-23 12:05:40.955  5238  5296 I BatteryMgr:DataCollectionService: stats => 1700737540955,10681,4447,13427,4169000,100
11-23 12:05:40.990  1011  1189 I ASH     : @ 84393.189: tcs3701: stop power rail pending_off timer
11-23 12:05:40.990  1011  1189 D ASH     : @ 84393.190: tcs3701: start power rail timer, state:3
11-23 12:05:41.030  1011  1189 I ASH     : @ 84393.229: tcs3701: stop power rail pending_off timer
11-23 12:05:41.030  1011  1189 D ASH     : @ 84393.230: tcs3701: start power rail timer, state:3
11-23 12:05:41.062  5238  5296 I BatteryMgr:DataCollectionService: stats => 1700737541062,10681,4447,13427,4169000,100
11-23 12:05:41.070  1011  1189 I ASH     : @ 84393.269: tcs3701: stop power rail pending_off timer
11-23 12:05:41.070  1011  1189 D ASH     : @ 84393.270: tcs3701: start power rail timer, state:3
11-23 12:05:41.111  1011  1189 I ASH     : @ 84393.309: tcs3701: stop power rail pending_off timer
11-23 12:05:41.112  1011  1189 D ASH     : @ 84393.310: tcs3701: start power rail timer, state:3
11-23 12:05:41.119  1795  3658 D ActivityManager: freezer override set to true
11-23 12:05:41.124  1795  3658 D ActivityManager: freezer override set to false
11-23 12:05:41.150  1011  1189 I ASH     : @ 84393.349: tcs3701: stop power rail pending_off timer
11-23 12:05:41.151  1011  1189 D ASH     : @ 84393.350: tcs3701: start power rail timer, state:3
11-23 12:05:41.168  5238  5296 I BatteryMgr:DataCollectionService: stats => 1700737541168,10681,4447,13427,4169000,100
11-23 12:05:41.191  1011  1189 I ASH     : @ 84393.389: tcs3701: stop power rail pending_off timer
11-23 12:05:41.191  1011  1189 D ASH     : @ 84393.390: tcs3701: start power rail timer, state:3
11-23 12:05:41.231  1011  1189 I ASH     : @ 84393.429: tcs3701: stop power rail pending_off timer
11-23 12:05:41.231  1011  1189 D ASH     : @ 84393.430: tcs3701: start power rail timer, state:3
11-23 12:05:41.271  1011  1189 I ASH     : @ 84393.469: tcs3701: stop power rail pending_off timer
11-23 12:05:41.271  1011  1189 D ASH     : @ 84393.470: tcs3701: start power rail timer, state:3
11-23 12:05:41.273  5238  5296 I BatteryMgr:DataCollectionService: stats => 1700737541273,10681,4447,13427,4169000,100
11-23 12:05:41.311  1011  1189 I ASH     : @ 84393.509: tcs3701: stop power rail pending_off timer
11-23 12:05:41.312  1011  1189 D ASH     : @ 84393.510: tcs3701: start power rail timer, state:3
11-23 12:05:41.350  1011  1189 I ASH     : @ 84393.549: tcs3701: stop power rail pending_off timer
11-23 12:05:41.350  1011  1189 D ASH     : @ 84393.550: tcs3701: start power rail timer, state:3
11-23 12:05:41.378  5238  5296 I BatteryMgr:DataCollectionService: stats => 1700737541377,10681,4447,13427,4169000,100
11-23 12:05:41.391  1011  1189 I ASH     : @ 84393.589: tcs3701: stop power rail pending_off timer
11-23 12:05:41.391  1011  1189 D ASH     : @ 84393.590: tcs3701: start power rail timer, state:3
11-23 12:05:41.430  1011  1189 I ASH     : @ 84393.629: tcs3701: stop power rail pending_off timer
11-23 12:05:41.431  1011  1189 D ASH     : @ 84393.630: tcs3701: start power rail timer, state:3
11-23 12:05:41.471  1011  1189 I ASH     : @ 84393.669: tcs3701: stop power rail pending_off timer
11-23 12:05:41.471  1011  1189 D ASH     : @ 84393.670: tcs3701: start power rail timer, state:3
11-23 12:05:41.483  5238  5296 I BatteryMgr:DataCollectionService: stats => 1700737541483,10681,4447,13427,4169000,100
11-23 12:05:41.510  1011  1189 I ASH     : @ 84393.709: tcs3701: stop power rail pending_off timer
