11-23 12:01:08.020  1011  1189 D ASH     : @ 84120.219: tcs3701: start power rail timer, state:3
11-23 12:01:08.060  1011  1189 I ASH     : @ 84120.259: tcs3701: stop power rail pending_off timer
11-23 12:01:08.060  1011  1189 D ASH     : @ 84120.259: tcs3701: start power rail timer, state:3
11-23 12:01:08.064  5238  5295 I BatteryMgr:DataCollectionService: stats => 1700737268064,13427,4447,13427,4169000,100
11-23 12:01:08.100  1011  1189 I ASH     : @ 84120.299: tcs3701: stop power rail pending_off timer
11-23 12:01:08.100  1011  1189 D ASH     : @ 84120.299: tcs3701: start power rail timer, state:3
11-23 12:01:08.140  1011  1189 I ASH     : @ 84120.339: tcs3701: stop power rail pending_off timer
11-23 12:01:08.140  1011  1189 D ASH     : @ 84120.339: tcs3701: start power rail timer, state:3
11-23 12:01:08.166  1795  3634 D ActivityManager: freezer override set to true
11-23 12:01:08.171  5238  5295 I BatteryMgr:DataCollectionService: stats => 1700737268171,13427,4447,13427,4169000,100
11-23 12:01:08.172  1795  3634 D ActivityManager: freezer override set to false
11-23 12:01:08.180  1011  1189 I ASH     : @ 84120.379: tcs3701: stop power rail pending_off timer
11-23 12:01:08.180  1011  1189 D ASH     : @ 84120.379: tcs3701: start power rail timer, state:3
11-23 12:01:08.220  1795  3634 D ActivityManager: freezer override set to true
11-23 12:01:08.220  1011  1189 I ASH     : @ 84120.419: tcs3701: stop power rail pending_off timer
11-23 12:01:08.220  1011  1189 D ASH     : @ 84120.419: tcs3701: start power rail timer, state:3
11-23 12:01:08.261  1011  1189 I ASH     : @ 84120.459: tcs3701: stop power rail pending_off timer
11-23 12:01:08.261  1011  1189 D ASH     : @ 84120.459: tcs3701: start power rail timer, state:3
11-23 12:01:08.275  5238  5295 I BatteryMgr:DataCollectionService: stats => 1700737268274,13427,4447,13427,4169000,100
11-23 12:01:08.300  1011  1189 I ASH     : @ 84120.499: tcs3701: stop power rail pending_off timer
11-23 12:01:08.300  1011  1189 D ASH     : @ 84120.499: tcs3701: start power rail timer, state:3
11-23 12:01:08.340  1011  1189 I ASH     : @ 84120.539: tcs3701: stop power rail pending_off timer
11-23 12:01:08.340  1011  1189 D ASH     : @ 84120.539: tcs3701: start power rail timer, state:3
11-23 12:01:08.344 32508 32522 I m.chrome.canary: Explicit concurrent copying GC freed 3802(191KB) AllocSpace objects, 4(80KB) LOS objects, 75% free, 11MB/47MB, paused 93us,52us total 42.638ms
11-23 12:01:08.380  1011  1189 I ASH     : @ 84120.579: tcs3701: stop power rail pending_off timer
11-23 12:01:08.380  1011  1189 D ASH     : @ 84120.579: tcs3701: start power rail timer, state:3
11-23 12:01:08.381  5238  5295 I BatteryMgr:DataCollectionService: stats => 1700737268381,13427,4447,13427,4169000,100
11-23 12:01:08.394  1795  3634 D ActivityManager: freezer override set to false
11-23 12:01:08.420  1011  1189 I ASH     : @ 84120.619: tcs3701: stop power rail pending_off timer
11-23 12:01:08.420  1011  1189 D ASH     : @ 84120.619: tcs3701: start power rail timer, state:3
11-23 12:01:08.452  1795  3634 D ActivityManager: freezer override set to true
11-23 12:01:08.454  1795  3634 D ActivityManager: freezer override set to false
11-23 12:01:08.461  1011  1189 I ASH     : @ 84120.659: tcs3701: stop power rail pending_off timer
11-23 12:01:08.461  1011  1189 D ASH     : @ 84120.659: tcs3701: start power rail timer, state:3
11-23 12:01:08.488  5238  5295 I BatteryMgr:DataCollectionService: stats => 1700737268488,13427,4447,13427,4169000,100
11-23 12:01:08.500  1011  1189 I ASH     : @ 84120.699: tcs3701: stop power rail pending_off timer
11-23 12:01:08.500  1011  1189 D ASH     : @ 84120.699: tcs3701: start power rail timer, state:3
11-23 12:01:08.540  1011  1189 I ASH     : @ 84120.739: tcs3701: stop power rail pending_off timer
11-23 12:01:08.540  1011  1189 D ASH     : @ 84120.739: tcs3701: start power rail timer, state:3
11-23 12:01:08.580  1011  1189 I ASH     : @ 84120.779: tcs3701: stop power rail pending_off timer
11-23 12:01:08.580  1011  1189 D ASH     : @ 84120.779: tcs3701: start power rail timer, state:3
11-23 12:01:08.596  5238  5295 I BatteryMgr:DataCollectionService: stats => 1700737268596,13427,4447,13427,4169000,100
11-23 12:01:08.620  1011  1189 I ASH     : @ 84120.819: tcs3701: stop power rail pending_off timer
11-23 12:01:08.620  1011  1189 D ASH     : @ 84120.819: tcs3701: start power rail timer, state:3
11-23 12:01:08.660  1011  1189 I ASH     : @ 84120.859: tcs3701: stop power rail pending_off timer
11-23 12:01:08.660  1011  1189 D ASH     : @ 84120.859: tcs3701: start power rail timer, state:3
11-23 12:01:08.700  1011  1189 I ASH     : @ 84120.899: tcs3701: stop power rail pending_off timer
11-23 12:01:08.700  1011  1189 D ASH     : @ 84120.899: tcs3701: start power rail timer, state:3
11-23 12:01:08.702  5238  5295 I BatteryMgr:DataCollectionService: stats => 1700737268702,13427,4447,13427,4169000,100
11-23 12:01:08.741  1011  1189 I ASH     : @ 84120.939: tcs3701: stop power rail pending_off timer
11-23 12:01:08.741  1011  1189 D ASH     : @ 84120.939: tcs3701: start power rail timer, state:3
11-23 12:01:08.780  1011  1189 I ASH     : @ 84120.979: tcs3701: stop power rail pending_off timer
11-23 12:01:08.780  1011  1189 D ASH     : @ 84120.979: tcs3701: start power rail timer, state:3
11-23 12:01:08.811  5238  5295 I BatteryMgr:DataCollectionService: stats => 1700737268811,13427,4447,13427,4169000,100
11-23 12:01:08.820  1011  1189 I ASH     : @ 84121.019: tcs3701: stop power rail pending_off timer
11-23 12:01:08.820  1011  1189 D ASH     : @ 84121.019: tcs3701: start power rail timer, state:3
11-23 12:01:08.860  1011  1189 I ASH     : @ 84121.059: tcs3701: stop power rail pending_off timer
11-23 12:01:08.860  1011  1189 D ASH     : @ 84121.059: tcs3701: start power rail timer, state:3
11-23 12:01:08.900  1011  1189 I ASH     : @ 84121.099: tcs3701: stop power rail pending_off timer
11-23 12:01:08.901  1011  1189 D ASH     : @ 84121.099: tcs3701: start power rail timer, state:3
11-23 12:01:08.916  5238  5295 I BatteryMgr:DataCollectionService: stats => 1700737268916,13427,4447,13427,4169000,100
11-23 12:01:08.941  1011  1189 I ASH     : @ 84121.139: tcs3701: stop power rail pending_off timer
11-23 12:01:08.941  1011  1189 D ASH     : @ 84121.139: tcs3701: start power rail timer, state:3
11-23 12:01:08.981  1011  1189 I ASH     : @ 84121.179: tcs3701: stop power rail pending_off timer
11-23 12:01:08.981  1011  1189 D ASH     : @ 84121.179: tcs3701: start power rail timer, state:3
11-23 12:01:09.020  1011  1189 I ASH     : @ 84121.219: tcs3701: stop power rail pending_off timer
11-23 12:01:09.020  1011  1189 D ASH     : @ 84121.219: tcs3701: start power rail timer, state:3
11-23 12:01:09.024  5238  5295 I BatteryMgr:DataCollectionService: stats => 1700737269024,13427,4447,13427,4169000,100
11-23 12:01:09.060  1011  1189 I ASH     : @ 84121.259: tcs3701: stop power rail pending_off timer
11-23 12:01:09.060  1011  1189 D ASH     : @ 84121.259: tcs3701: start power rail timer, state:3
11-23 12:01:09.100  1011  1189 I ASH     : @ 84121.299: tcs3701: stop power rail pending_off timer
11-23 12:01:09.101  1011  1189 D ASH     : @ 84121.299: tcs3701: start power rail timer, state:3
11-23 12:01:09.130  5238  5295 I BatteryMgr:DataCollectionService: stats => 1700737269130,13427,4447,13427,4169000,100
11-23 12:01:09.140  1011  1189 I ASH     : @ 84121.339: tcs3701: stop power rail pending_off timer
11-23 12:01:09.140  1011  1189 D ASH     : @ 84121.339: tcs3701: start power rail timer, state:3
11-23 12:01:09.180  1011  1189 I ASH     : @ 84121.379: tcs3701: stop power rail pending_off timer
11-23 12:01:09.181  1011  1189 D ASH     : @ 84121.379: tcs3701: start power rail timer, state:3
11-23 12:01:09.198  1795  3634 D ActivityManager: freezer override set to true
11-23 12:01:09.203  1795  3634 D ActivityManager: freezer override set to false
11-23 12:01:09.220  1011  1189 I ASH     : @ 84121.419: tcs3701: stop power rail pending_off timer
11-23 12:01:09.220  1011  1189 D ASH     : @ 84121.419: tcs3701: start power rail timer, state:3
11-23 12:01:09.237  5238  5295 I BatteryMgr:DataCollectionService: stats => 1700737269237,13427,4447,13427,4169000,100
11-23 12:01:09.260  1011  1189 I ASH     : @ 84121.459: tcs3701: stop power rail pending_off timer
11-23 12:01:09.260  1011  1189 D ASH     : @ 84121.459: tcs3701: start power rail timer, state:3
11-23 12:01:09.300  1011  1189 I ASH     : @ 84121.499: tcs3701: stop power rail pending_off timer
11-23 12:01:09.300  1011  1189 D ASH     : @ 84121.499: tcs3701: start power rail timer, state:3
11-23 12:01:09.340  1011  1189 I ASH     : @ 84121.539: tcs3701: stop power rail pending_off timer
11-23 12:01:09.340  1011  1189 D ASH     : @ 84121.539: tcs3701: start power rail timer, state:3
11-23 12:01:09.344  5238  5295 I BatteryMgr:DataCollectionService: stats => 1700737269344,13427,4447,13427,4169000,100
11-23 12:01:09.380  1011  1189 I ASH     : @ 84121.579: tcs3701: stop power rail pending_off timer
11-23 12:01:09.380  1011  1189 D ASH     : @ 84121.579: tcs3701: start power rail timer, state:3
11-23 12:01:09.420  1011  1189 I ASH     : @ 84121.619: tcs3701: stop power rail pending_off timer
11-23 12:01:09.420  1011  1189 D ASH     : @ 84121.619: tcs3701: start power rail timer, state:3
11-23 12:01:09.449  5238  5295 I BatteryMgr:DataCollectionService: stats => 1700737269449,13427,4447,13427,4169000,100
11-23 12:01:09.460  1011  1189 I ASH     : @ 84121.659: tcs3701: stop power rail pending_off timer
11-23 12:01:09.460  1011  1189 D ASH     : @ 84121.659: tcs3701: start power rail timer, state:3
11-23 12:01:09.500  1011  1189 I ASH     : @ 84121.699: tcs3701: stop power rail pending_off timer
11-23 12:01:09.500  1011  1189 D ASH     : @ 84121.699: tcs3701: start power rail timer, state:3
11-23 12:01:09.542  1011  1189 I ASH     : @ 84121.739: tcs3701: stop power rail pending_off timer
11-23 12:01:09.542  1011  1189 D ASH     : @ 84121.740: tcs3701: start power rail timer, state:3
11-23 12:01:09.558  5238  5295 I BatteryMgr:DataCollectionService: stats => 1700737269558,13427,4447,13427,4169000,100
11-23 12:01:09.580  1011  1189 I ASH     : @ 84121.779: tcs3701: stop power rail pending_off timer
11-23 12:01:09.580  1011  1189 D ASH     : @ 84121.779: tcs3701: start power rail timer, state:3
11-23 12:01:09.615  1795  3634 D ActivityManager: freezer override set to true
11-23 12:01:09.620  1011  1189 I ASH     : @ 84121.819: tcs3701: stop power rail pending_off timer
11-23 12:01:09.621  1011  1189 D ASH     : @ 84121.819: tcs3701: start power rail timer, state:3
11-23 12:01:09.660  1011  1189 I ASH     : @ 84121.859: tcs3701: stop power rail pending_off timer
11-23 12:01:09.660  1011  1189 D ASH     : @ 84121.859: tcs3701: start power rail timer, state:3
11-23 12:01:09.662  5238  5295 I BatteryMgr:DataCollectionService: stats => 1700737269662,13427,4447,13427,4169000,100
11-23 12:01:09.700  1011  1189 I ASH     : @ 84121.899: tcs3701: stop power rail pending_off timer
11-23 12:01:09.701  1011  1189 D ASH     : @ 84121.899: tcs3701: start power rail timer, state:3
11-23 12:01:09.702  2113  2118 I pixel-thermal: skin-therm-monitor: 38.156
11-23 12:01:09.740 32508 32522 I m.chrome.canary: Explicit concurrent copying GC freed 3592(176KB) AllocSpace objects, 3(60KB) LOS objects, 75% free, 11MB/47MB, paused 33us,21us total 44.702ms
11-23 12:01:09.740  1011  1189 I ASH     : @ 84121.939: tcs3701: stop power rail pending_off timer
11-23 12:01:09.740  1011  1189 D ASH     : @ 84121.939: tcs3701: start power rail timer, state:3
11-23 12:01:09.769  5238  5295 I BatteryMgr:DataCollectionService: stats => 1700737269769,13427,4447,13427,4169000,100
11-23 12:01:09.780  1011  1189 I ASH     : @ 84121.979: tcs3701: stop power rail pending_off timer
11-23 12:01:09.780  1011  1189 D ASH     : @ 84121.979: tcs3701: start power rail timer, state:3
11-23 12:01:09.797  1795  3634 D ActivityManager: freezer override set to false
11-23 12:01:09.821  1011  1189 I ASH     : @ 84122.019: tcs3701: stop power rail pending_off timer
11-23 12:01:09.821  1011  1189 D ASH     : @ 84122.019: tcs3701: start power rail timer, state:3
11-23 12:01:09.840  1795  3634 D ActivityManager: freezer override set to true
11-23 12:01:09.843  1795  3634 D ActivityManager: freezer override set to false
11-23 12:01:09.861  1011  1189 I ASH     : @ 84122.059: tcs3701: stop power rail pending_off timer
11-23 12:01:09.861  1011  1189 D ASH     : @ 84122.059: tcs3701: start power rail timer, state:3
11-23 12:01:09.874  5238  5295 I BatteryMgr:DataCollectionService: stats => 1700737269874,13427,4447,13427,4169000,100
11-23 12:01:09.900  1011  1189 I ASH     : @ 84122.099: tcs3701: stop power rail pending_off timer
11-23 12:01:09.900  1011  1189 D ASH     : @ 84122.099: tcs3701: start power rail timer, state:3
11-23 12:01:09.940  1011  1189 I ASH     : @ 84122.139: tcs3701: stop power rail pending_off timer
11-23 12:01:09.940  1011  1189 D ASH     : @ 84122.139: tcs3701: start power rail timer, state:3
11-23 12:01:09.980  1011  1189 I ASH     : @ 84122.179: tcs3701: stop power rail pending_off timer
11-23 12:01:09.980  1011  1189 D ASH     : @ 84122.179: tcs3701: start power rail timer, state:3
11-23 12:01:09.981  5238  5295 I BatteryMgr:DataCollectionService: stats => 1700737269981,13427,4447,13427,4169000,100
11-23 12:01:10.022  1011  1189 I ASH     : @ 84122.219: tcs3701: stop power rail pending_off timer
11-23 12:01:10.022  1011  1189 D ASH     : @ 84122.219: tcs3701: start power rail timer, state:3
11-23 12:01:10.052  1795  2424 D WifiClientModeImpl[13802:wlan0]: updateLinkLayerStatsRssiSpeedFrequencyCapabilities rssi=-47 TxLinkspeed=866 freq=5240 RxLinkSpeed=6
11-23 12:01:10.052  1795  2424 D WifiDataStall: tx tput in kbps: 755212
11-23 12:01:10.052  1795  2424 D WifiDataStall: rx tput in kbps: 794960
11-23 12:01:10.052  1795  2424 V WifiConfigManager: Updating scan detail cache freq=5240 BSSID=f4:6d:2f:12:cc:88 RSSI=-46 for "ourhome"WPA_PSK
11-23 12:01:10.052  1795  2424 D WifiChannelUtilization:  freq: 5240 onTime: 2296963 busyTime: 189920 onTimeDiff: 2296668 busyTimeDiff: 189903 utilization: 21 utilization t0: 21
11-23 12:01:10.052  3213  8092 V WifiManager: OnWifiUsabilityStatsListener: onWifiUsabilityStats: seqNum=27810
11-23 12:01:10.052  1795  2424 D WifiDataStall:  ccaLevel = 21
11-23 12:01:10.053  1795  2424 D WifiDataStall: L2 txTputKbps: 755212, rxTputKbps: 794960, L3 txTputKbps: 0, rxTputKbps: 0, TxTrafficHigh: false, RxTrafficHigh: false, Throughput Sufficient: true
11-23 12:01:10.053  1795  2424 D WifiScoreReport: Wifi scoring disabled - Don't check IP layer
11-23 12:01:10.053  1795  2424 D WifiScoreCard: BSSID update SIGNAL_POLL ID: 1320464697 SSID: "ourhome", BSSID: f4:6d:2f:12:cc:88, MAC: b2:2f:ec:da:4a:0c, IP: /192.168.1.104, Security type: 2, Supplicant state: COMPLETED, Wi-Fi standard: 5, RSSI: -47, Link speed: 866Mbps, Tx Link speed: 866Mbps, Max Supported Tx Link speed: 866Mbps, Rx Link speed: 6Mbps, Max Supported Rx Link speed: 866Mbps, Frequency: 5240MHz, Net ID: 12, Metered hint: false, score: 60, isUsable: true, CarrierMerged: false, SubscriptionId: -1, IsPrimary: 1, Trusted: true, Restricted: false, Ephemeral: false, OEM paid: false, OEM private: false, OSU AP: false, FQDN: <none>, Provider friendly name: <none>, Requesting package name: <none>"ourhome"wpa2-pskMLO Information: , Is TID-To-Link negotiation supported by the AP: false, AP MLD Address: <none>, AP MLO Link Id: <none>, AP MLO Affiliated links: <none>
11-23 12:01:10.053  1795  3634 I WifiService: updateWifiUsabilityScore uid=10180 seqNum=27810 score=100 predictionHorizonSec=1441795
11-23 12:01:10.053  1795  2424 D WifiScoreCard: txRate: 1 txSpeed: 866
11-23 12:01:10.053  1795  2424 D WifiScoreCard: network update SIGNAL_POLL "ourhome" ID: 1499892569 RSSI -47 txSpeed -1
11-23 12:01:10.055  1795  2424 D WifiClientModeImpl[13802:wlan0]:  ClientModeImpl$L2ConnectedState screen=on 13 0 "ourhome" f4:6d:2f:12:cc:88 rssi=-47 f=5240 sc=60 link=866 tx=0.0, 0.0, 0.0 rx=0.0 bcn=802638 [on:0 tx:0 rx:0 period:3017] from screen [on:166603 period:3758167] score=60
11-23 12:01:10.055  1795  2424 D WifiScoreReport: Wifi scoring disabled - Notify that Wifi is usable
11-23 12:01:10.058  1795  2432 D ConnectivityService: NetReassign [no changes] [c 0] [a 0] [i 2]
11-23 12:01:10.060  1011  1189 I ASH     : @ 84122.259: tcs3701: stop power rail pending_off timer
11-23 12:01:10.060  1011  1189 D ASH     : @ 84122.259: tcs3701: start power rail timer, state:3
11-23 12:01:10.088  5238  5295 I BatteryMgr:DataCollectionService: stats => 1700737270087,13427,4447,13427,4169000,100
11-23 12:01:10.100  1011  1189 I ASH     : @ 84122.299: tcs3701: stop power rail pending_off timer
11-23 12:01:10.100  1011  1189 D ASH     : @ 84122.299: tcs3701: start power rail timer, state:3
11-23 12:01:10.140  1011  1189 I ASH     : @ 84122.339: tcs3701: stop power rail pending_off timer
11-23 12:01:10.141  1011  1189 D ASH     : @ 84122.339: tcs3701: start power rail timer, state:3
11-23 12:01:10.180  1011  1189 I ASH     : @ 84122.379: tcs3701: stop power rail pending_off timer
11-23 12:01:10.180  1011  1189 D ASH     : @ 84122.379: tcs3701: start power rail timer, state:3
11-23 12:01:10.189  1795  3634 D ActivityManager: freezer override set to true
11-23 12:01:10.193  5238  5295 I BatteryMgr:DataCollectionService: stats => 1700737270193,13427,4447,13427,4169000,100
11-23 12:01:10.194  1795  3634 D ActivityManager: freezer override set to false
11-23 12:01:10.220  1011  1189 I ASH     : @ 84122.419: tcs3701: stop power rail pending_off timer
11-23 12:01:10.221  1011  1189 D ASH     : @ 84122.419: tcs3701: start power rail timer, state:3
11-23 12:01:10.260  1011  1189 I ASH     : @ 84122.459: tcs3701: stop power rail pending_off timer
11-23 12:01:10.260  1011  1189 D ASH     : @ 84122.459: tcs3701: start power rail timer, state:3
11-23 12:01:10.298  5238  5295 I BatteryMgr:DataCollectionService: stats => 1700737270298,13427,4447,13427,4169000,100
11-23 12:01:10.300  1011  1189 I ASH     : @ 84122.499: tcs3701: stop power rail pending_off timer
11-23 12:01:10.300  1011  1189 D ASH     : @ 84122.499: tcs3701: start power rail timer, state:3
11-23 12:01:10.340  1011  1189 I ASH     : @ 84122.539: tcs3701: stop power rail pending_off timer
11-23 12:01:10.341  1011  1189 D ASH     : @ 84122.539: tcs3701: start power rail timer, state:3
11-23 12:01:10.380  1011  1189 I ASH     : @ 84122.579: tcs3701: stop power rail pending_off timer
11-23 12:01:10.380  1011  1189 D ASH     : @ 84122.579: tcs3701: start power rail timer, state:3
11-23 12:01:10.405  5238  5295 I BatteryMgr:DataCollectionService: stats => 1700737270405,13427,4447,13427,4169000,100
11-23 12:01:10.420  1011  1189 I ASH     : @ 84122.619: tcs3701: stop power rail pending_off timer
11-23 12:01:10.420  1011  1189 D ASH     : @ 84122.619: tcs3701: start power rail timer, state:3
11-23 12:01:10.460  1011  1189 I ASH     : @ 84122.659: tcs3701: stop power rail pending_off timer
11-23 12:01:10.460  1011  1189 D ASH     : @ 84122.659: tcs3701: start power rail timer, state:3
11-23 12:01:10.500  1011  1189 I ASH     : @ 84122.699: tcs3701: stop power rail pending_off timer
11-23 12:01:10.500  1011  1189 D ASH     : @ 84122.699: tcs3701: start power rail timer, state:3
11-23 12:01:10.511  5238  5295 I BatteryMgr:DataCollectionService: stats => 1700737270511,13427,4447,13427,4169000,100
11-23 12:01:10.541  1011  1189 I ASH     : @ 84122.739: tcs3701: stop power rail pending_off timer
11-23 12:01:10.541  1011  1189 D ASH     : @ 84122.739: tcs3701: start power rail timer, state:3
11-23 12:01:10.580  1011  1189 I ASH     : @ 84122.779: tcs3701: stop power rail pending_off timer
11-23 12:01:10.580  1011  1189 D ASH     : @ 84122.779: tcs3701: start power rail timer, state:3
11-23 12:01:10.619  5238  5295 I BatteryMgr:DataCollectionService: stats => 1700737270619,13427,4447,13427,4169000,100
11-23 12:01:10.620  1011  1189 I ASH     : @ 84122.819: tcs3701: stop power rail pending_off timer
11-23 12:01:10.620  1011  1189 D ASH     : @ 84122.819: tcs3701: start power rail timer, state:3
11-23 12:01:10.660  1011  1189 I ASH     : @ 84122.859: tcs3701: stop power rail pending_off timer
11-23 12:01:10.660  1011  1189 D ASH     : @ 84122.859: tcs3701: start power rail timer, state:3
11-23 12:01:10.700  1011  1189 I ASH     : @ 84122.899: tcs3701: stop power rail pending_off timer
11-23 12:01:10.701  1011  1189 D ASH     : @ 84122.899: tcs3701: start power rail timer, state:3
11-23 12:01:10.726  5238  5295 I BatteryMgr:DataCollectionService: stats => 1700737270726,13427,4447,13427,4169000,100
11-23 12:01:10.741  1011  1189 I ASH     : @ 84122.939: tcs3701: stop power rail pending_off timer
11-23 12:01:10.741  1011  1189 D ASH     : @ 84122.939: tcs3701: start power rail timer, state:3
11-23 12:01:10.780  1011  1189 I ASH     : @ 84122.979: tcs3701: stop power rail pending_off timer
11-23 12:01:10.780  1011  1189 D ASH     : @ 84122.979: tcs3701: start power rail timer, state:3
11-23 12:01:10.821  1011  1189 I ASH     : @ 84123.019: tcs3701: stop power rail pending_off timer
11-23 12:01:10.821  1011  1189 D ASH     : @ 84123.019: tcs3701: start power rail timer, state:3
11-23 12:01:10.833  5238  5295 I BatteryMgr:DataCollectionService: stats => 1700737270833,13427,4447,13427,4169000,100
11-23 12:01:10.860  1011  1189 I ASH     : @ 84123.059: tcs3701: stop power rail pending_off timer
11-23 12:01:10.860  1011  1189 D ASH     : @ 84123.059: tcs3701: start power rail timer, state:3
11-23 12:01:10.900  1011  1189 I ASH     : @ 84123.099: tcs3701: stop power rail pending_off timer
11-23 12:01:10.900  1011  1189 D ASH     : @ 84123.099: tcs3701: start power rail timer, state:3
11-23 12:01:10.939  5238  5295 I BatteryMgr:DataCollectionService: stats => 1700737270938,13427,4447,13427,4169000,100
11-23 12:01:10.941  1011  1189 I ASH     : @ 84123.139: tcs3701: stop power rail pending_off timer
11-23 12:01:10.941  1011  1189 D ASH     : @ 84123.139: tcs3701: start power rail timer, state:3
11-23 12:01:10.980  1011  1189 I ASH     : @ 84123.179: tcs3701: stop power rail pending_off timer
11-23 12:01:10.981  1011  1189 D ASH     : @ 84123.179: tcs3701: start power rail timer, state:3
11-23 12:01:11.020  1011  1189 I ASH     : @ 84123.219: tcs3701: stop power rail pending_off timer
11-23 12:01:11.020  1011  1189 D ASH     : @ 84123.219: tcs3701: start power rail timer, state:3
11-23 12:01:11.042  1795  3057 D ActivityManager: freezer override set to true
11-23 12:01:11.043  5238  5295 I BatteryMgr:DataCollectionService: stats => 1700737271043,13427,4447,13427,4169000,100
11-23 12:01:11.060  1011  1189 I ASH     : @ 84123.259: tcs3701: stop power rail pending_off timer
11-23 12:01:11.060  1011  1189 D ASH     : @ 84123.259: tcs3701: start power rail timer, state:3
11-23 12:01:11.100  1011  1189 I ASH     : @ 84123.299: tcs3701: stop power rail pending_off timer
11-23 12:01:11.101  1011  1189 D ASH     : @ 84123.299: tcs3701: start power rail timer, state:3
11-23 12:01:11.140  1011  1189 I ASH     : @ 84123.339: tcs3701: stop power rail pending_off timer
11-23 12:01:11.140  1011  1189 D ASH     : @ 84123.339: tcs3701: start power rail timer, state:3
11-23 12:01:11.146  5238  5295 I BatteryMgr:DataCollectionService: stats => 1700737271146,13427,4447,13427,4169000,100
11-23 12:01:11.169 32508 32522 I m.chrome.canary: Explicit concurrent copying GC freed 3579(176KB) AllocSpace objects, 3(60KB) LOS objects, 75% free, 11MB/47MB, paused 34us,20us total 38.938ms
11-23 12:01:11.181  1011  1189 I ASH     : @ 84123.379: tcs3701: stop power rail pending_off timer
11-23 12:01:11.181  1011  1189 D ASH     : @ 84123.379: tcs3701: start power rail timer, state:3
11-23 12:01:11.220  1011  1189 I ASH     : @ 84123.419: tcs3701: stop power rail pending_off timer
11-23 12:01:11.220  1011  1189 D ASH     : @ 84123.419: tcs3701: start power rail timer, state:3
11-23 12:01:11.221  1795  3634 D ActivityManager: freezer override set to false
11-23 12:01:11.251  5238  5295 I BatteryMgr:DataCollectionService: stats => 1700737271251,13427,4447,13427,4169000,100
11-23 12:01:11.255  1795  3634 D ActivityManager: freezer override set to true
11-23 12:01:11.258  1795  3634 D ActivityManager: freezer override set to false
11-23 12:01:11.260  1011  1189 I ASH     : @ 84123.459: tcs3701: stop power rail pending_off timer
11-23 12:01:11.260  1011  1189 D ASH     : @ 84123.460: tcs3701: start power rail timer, state:3
11-23 12:01:11.300  1011  1189 I ASH     : @ 84123.499: tcs3701: stop power rail pending_off timer
11-23 12:01:11.300  1011  1189 D ASH     : @ 84123.499: tcs3701: start power rail timer, state:3
11-23 12:01:11.341  1011  1189 I ASH     : @ 84123.539: tcs3701: stop power rail pending_off timer
11-23 12:01:11.341  1011  1189 D ASH     : @ 84123.539: tcs3701: start power rail timer, state:3
11-23 12:01:11.358  5238  5295 I BatteryMgr:DataCollectionService: stats => 1700737271358,13427,4447,13427,4169000,100
11-23 12:01:11.380  1011  1189 I ASH     : @ 84123.579: tcs3701: stop power rail pending_off timer
11-23 12:01:11.380  1011  1189 D ASH     : @ 84123.579: tcs3701: start power rail timer, state:3
11-23 12:01:11.421  1011  1189 I ASH     : @ 84123.619: tcs3701: stop power rail pending_off timer
11-23 12:01:11.421  1011  1189 D ASH     : @ 84123.619: tcs3701: start power rail timer, state:3
11-23 12:01:11.460  1011  1189 I ASH     : @ 84123.659: tcs3701: stop power rail pending_off timer
11-23 12:01:11.460  1011  1189 D ASH     : @ 84123.659: tcs3701: start power rail timer, state:3
11-23 12:01:11.465  5238  5295 I BatteryMgr:DataCollectionService: stats => 1700737271465,13427,4447,13427,4169000,100
11-23 12:01:11.500  1011  1189 I ASH     : @ 84123.699: tcs3701: stop power rail pending_off timer
11-23 12:01:11.500  1011  1189 D ASH     : @ 84123.699: tcs3701: start power rail timer, state:3
11-23 12:01:11.540  1011  1189 I ASH     : @ 84123.739: tcs3701: stop power rail pending_off timer
11-23 12:01:11.540  1011  1189 D ASH     : @ 84123.739: tcs3701: start power rail timer, state:3
11-23 12:01:11.570  5238  5295 I BatteryMgr:DataCollectionService: stats => 1700737271570,13427,4447,13427,4169000,100
11-23 12:01:11.580  1011  1189 I ASH     : @ 84123.779: tcs3701: stop power rail pending_off timer
11-23 12:01:11.580  1011  1189 D ASH     : @ 84123.779: tcs3701: start power rail timer, state:3
11-23 12:01:11.620  1011  1189 I ASH     : @ 84123.819: tcs3701: stop power rail pending_off timer
11-23 12:01:11.620  1011  1189 D ASH     : @ 84123.819: tcs3701: start power rail timer, state:3
11-23 12:01:11.660  1011  1189 I ASH     : @ 84123.859: tcs3701: stop power rail pending_off timer
11-23 12:01:11.660  1011  1189 D ASH     : @ 84123.859: tcs3701: start power rail timer, state:3
11-23 12:01:11.676  5238  5295 I BatteryMgr:DataCollectionService: stats => 1700737271676,13427,4447,13427,4169000,100
11-23 12:01:11.700  1011  1189 I ASH     : @ 84123.899: tcs3701: stop power rail pending_off timer
11-23 12:01:11.700  1011  1189 D ASH     : @ 84123.899: tcs3701: start power rail timer, state:3
11-23 12:01:11.705  2113  2118 I pixel-thermal: skin-therm-monitor: 38.163
11-23 12:01:11.740  1011  1189 I ASH     : @ 84123.939: tcs3701: stop power rail pending_off timer
11-23 12:01:11.740  1011  1189 D ASH     : @ 84123.939: tcs3701: start power rail timer, state:3
11-23 12:01:11.781  1011  1189 I ASH     : @ 84123.979: tcs3701: stop power rail pending_off timer
11-23 12:01:11.781  1011  1189 D ASH     : @ 84123.979: tcs3701: start power rail timer, state:3
11-23 12:01:11.781  5238  5295 I BatteryMgr:DataCollectionService: stats => 1700737271781,13427,4447,13427,4169000,100
11-23 12:01:11.820  1011  1189 I ASH     : @ 84124.019: tcs3701: stop power rail pending_off timer
11-23 12:01:11.820  1011  1189 D ASH     : @ 84124.019: tcs3701: start power rail timer, state:3
11-23 12:01:11.860  1011  1189 I ASH     : @ 84124.059: tcs3701: stop power rail pending_off timer
11-23 12:01:11.860  1011  1189 D ASH     : @ 84124.059: tcs3701: start power rail timer, state:3
11-23 12:01:11.888  5238  5295 I BatteryMgr:DataCollectionService: stats => 1700737271888,13427,4447,13427,4169000,100
11-23 12:01:11.900  1011  1189 I ASH     : @ 84124.099: tcs3701: stop power rail pending_off timer
11-23 12:01:11.900  1011  1189 D ASH     : @ 84124.099: tcs3701: start power rail timer, state:3
11-23 12:01:11.940  1011  1189 I ASH     : @ 84124.139: tcs3701: stop power rail pending_off timer
11-23 12:01:11.940  1011  1189 D ASH     : @ 84124.139: tcs3701: start power rail timer, state:3
11-23 12:01:11.981  1011  1189 I ASH     : @ 84124.179: tcs3701: stop power rail pending_off timer
11-23 12:01:11.981  1011  1189 D ASH     : @ 84124.179: tcs3701: start power rail timer, state:3
11-23 12:01:11.995  5238  5295 I BatteryMgr:DataCollectionService: stats => 1700737271995,13427,4447,13427,4169000,100
11-23 12:01:12.020  1011  1189 I ASH     : @ 84124.219: tcs3701: stop power rail pending_off timer
11-23 12:01:12.020  1011  1189 D ASH     : @ 84124.219: tcs3701: start power rail timer, state:3
11-23 12:01:12.060  1011  1189 I ASH     : @ 84124.259: tcs3701: stop power rail pending_off timer
11-23 12:01:12.060  1011  1189 D ASH     : @ 84124.259: tcs3701: start power rail timer, state:3
11-23 12:01:12.100  1011  1189 I ASH     : @ 84124.299: tcs3701: stop power rail pending_off timer
11-23 12:01:12.100  1011  1189 D ASH     : @ 84124.299: tcs3701: start power rail timer, state:3
11-23 12:01:12.101  5238  5295 I BatteryMgr:DataCollectionService: stats => 1700737272101,13427,4447,13427,4169000,100
11-23 12:01:12.140  1011  1189 I ASH     : @ 84124.339: tcs3701: stop power rail pending_off timer
11-23 12:01:12.140  1011  1189 D ASH     : @ 84124.339: tcs3701: start power rail timer, state:3
11-23 12:01:12.178  1795  3634 D ActivityManager: freezer override set to true
11-23 12:01:12.180  1011  1189 I ASH     : @ 84124.379: tcs3701: stop power rail pending_off timer
11-23 12:01:12.180  1011  1189 D ASH     : @ 84124.379: tcs3701: start power rail timer, state:3
11-23 12:01:12.184  1795  3634 D ActivityManager: freezer override set to false
11-23 12:01:12.207  5238  5295 I BatteryMgr:DataCollectionService: stats => 1700737272206,13427,4447,13427,4169000,100
11-23 12:01:12.221  1011  1189 I ASH     : @ 84124.419: tcs3701: stop power rail pending_off timer
11-23 12:01:12.221  1011  1189 D ASH     : @ 84124.419: tcs3701: start power rail timer, state:3
11-23 12:01:12.260  1011  1189 I ASH     : @ 84124.459: tcs3701: stop power rail pending_off timer
11-23 12:01:12.260  1011  1189 D ASH     : @ 84124.459: tcs3701: start power rail timer, state:3
11-23 12:01:12.300  1011  1189 I ASH     : @ 84124.499: tcs3701: stop power rail pending_off timer
11-23 12:01:12.300  1011  1189 D ASH     : @ 84124.499: tcs3701: start power rail timer, state:3
11-23 12:01:12.312  5238  5295 I BatteryMgr:DataCollectionService: stats => 1700737272312,13427,4447,13427,4169000,100
11-23 12:01:12.340  1011  1189 I ASH     : @ 84124.539: tcs3701: stop power rail pending_off timer
11-23 12:01:12.340  1011  1189 D ASH     : @ 84124.539: tcs3701: start power rail timer, state:3
11-23 12:01:12.346  1795  2424 D WifiNetworkSelector: Current connected network: 12
11-23 12:01:12.346  1795  2424 V WifiConnectivityManager: No partial scan because firmware roaming is supported.
11-23 12:01:12.346  1795  2424 V WifiConnectivityManager: schedulePeriodicScanTimer intervalMs 20000
11-23 12:01:12.380  1011  1189 I ASH     : @ 84124.579: tcs3701: stop power rail pending_off timer
11-23 12:01:12.380  1011  1189 D ASH     : @ 84124.579: tcs3701: start power rail timer, state:3
11-23 12:01:12.404  1795  2150 I WifiService: getSupportedFeatures uid=1000 returns 1d81defca995fd
11-23 12:01:12.404  1795  2150 I WifiService: getWifiActivityEnergyInfoAsync uid=1000
11-23 12:01:12.419  5238  5295 I BatteryMgr:DataCollectionService: stats => 1700737272419,13427,4447,13427,4169000,100
11-23 12:01:12.420  1011  1189 I ASH     : @ 84124.619: tcs3701: stop power rail pending_off timer
11-23 12:01:12.420  1011  1189 D ASH     : @ 84124.619: tcs3701: start power rail timer, state:3
11-23 12:01:12.433  1795  1854 D ActivityManager: freezer override set to true
11-23 12:01:12.460  1011  1189 I ASH     : @ 84124.659: tcs3701: stop power rail pending_off timer
11-23 12:01:12.460  1011  1189 D ASH     : @ 84124.659: tcs3701: start power rail timer, state:3
11-23 12:01:12.500  1011  1189 I ASH     : @ 84124.699: tcs3701: stop power rail pending_off timer
11-23 12:01:12.500  1011  1189 D ASH     : @ 84124.699: tcs3701: start power rail timer, state:3
11-23 12:01:12.523  5238  5295 I BatteryMgr:DataCollectionService: stats => 1700737272523,13427,4447,13427,4169000,100
11-23 12:01:12.540  1011  1189 I ASH     : @ 84124.739: tcs3701: stop power rail pending_off timer
11-23 12:01:12.540  1011  1189 D ASH     : @ 84124.739: tcs3701: start power rail timer, state:3
11-23 12:01:12.559 32508 32522 I m.chrome.canary: Explicit concurrent copying GC freed 3804(191KB) AllocSpace objects, 4(80KB) LOS objects, 75% free, 11MB/47MB, paused 89us,19us total 40.542ms
11-23 12:01:12.580  1011  1189 I ASH     : @ 84124.779: tcs3701: stop power rail pending_off timer
11-23 12:01:12.580  1011  1189 D ASH     : @ 84124.779: tcs3701: start power rail timer, state:3
11-23 12:01:12.613  1795  1854 D ActivityManager: freezer override set to false
11-23 12:01:12.620  1011  1189 I ASH     : @ 84124.819: tcs3701: stop power rail pending_off timer
11-23 12:01:12.620  1011  1189 D ASH     : @ 84124.819: tcs3701: start power rail timer, state:3
11-23 12:01:12.628  5238  5295 I BatteryMgr:DataCollectionService: stats => 1700737272627,13427,4447,13427,4169000,100
11-23 12:01:12.649  1795  1854 D ActivityManager: freezer override set to true
11-23 12:01:12.653  1795  1854 D ActivityManager: freezer override set to false
11-23 12:01:12.660  1011  1189 I ASH     : @ 84124.859: tcs3701: stop power rail pending_off timer
11-23 12:01:12.660  1011  1189 D ASH     : @ 84124.859: tcs3701: start power rail timer, state:3
11-23 12:01:12.701  1011  1189 I ASH     : @ 84124.899: tcs3701: stop power rail pending_off timer
11-23 12:01:12.701  1011  1189 D ASH     : @ 84124.899: tcs3701: start power rail timer, state:3
11-23 12:01:12.734  5238  5295 I BatteryMgr:DataCollectionService: stats => 1700737272734,13427,4447,13427,4169000,100
11-23 12:01:12.740  1011  1189 I ASH     : @ 84124.939: tcs3701: stop power rail pending_off timer
11-23 12:01:12.740  1011  1189 D ASH     : @ 84124.939: tcs3701: start power rail timer, state:3
11-23 12:01:12.780  1011  1189 I ASH     : @ 84124.979: tcs3701: stop power rail pending_off timer
11-23 12:01:12.780  1011  1189 D ASH     : @ 84124.979: tcs3701: start power rail timer, state:3
11-23 12:01:12.821  1011  1189 I ASH     : @ 84125.019: tcs3701: stop power rail pending_off timer
11-23 12:01:12.821  1011  1189 D ASH     : @ 84125.019: tcs3701: start power rail timer, state:3
11-23 12:01:12.841  5238  5295 I BatteryMgr:DataCollectionService: stats => 1700737272841,13427,4447,13427,4169000,100
11-23 12:01:12.860  1011  1189 I ASH     : @ 84125.059: tcs3701: stop power rail pending_off timer
11-23 12:01:12.860  1011  1189 D ASH     : @ 84125.059: tcs3701: start power rail timer, state:3
11-23 12:01:12.901  1011  1189 I ASH     : @ 84125.099: tcs3701: stop power rail pending_off timer
11-23 12:01:12.901  1011  1189 D ASH     : @ 84125.099: tcs3701: start power rail timer, state:3
11-23 12:01:12.940  1011  1189 I ASH     : @ 84125.139: tcs3701: stop power rail pending_off timer
11-23 12:01:12.940  1011  1189 D ASH     : @ 84125.139: tcs3701: start power rail timer, state:3
11-23 12:01:12.947  5238  5295 I BatteryMgr:DataCollectionService: stats => 1700737272947,13427,4447,13427,4169000,100
11-23 12:01:12.981  1011  1189 I ASH     : @ 84125.179: tcs3701: stop power rail pending_off timer
11-23 12:01:12.981  1011  1189 D ASH     : @ 84125.179: tcs3701: start power rail timer, state:3
11-23 12:01:13.020  1011  1189 I ASH     : @ 84125.219: tcs3701: stop power rail pending_off timer
11-23 12:01:13.020  1011  1189 D ASH     : @ 84125.219: tcs3701: start power rail timer, state:3
11-23 12:01:13.053  5238  5295 I BatteryMgr:DataCollectionService: stats => 1700737273053,13427,4447,13427,4169000,100
11-23 12:01:13.061  1011  1189 I ASH     : @ 84125.259: tcs3701: stop power rail pending_off timer
11-23 12:01:13.061  1011  1189 D ASH     : @ 84125.260: tcs3701: start power rail timer, state:3
11-23 12:01:13.065  1795  2424 D WifiClientModeImpl[13802:wlan0]: updateLinkLayerStatsRssiSpeedFrequencyCapabilities rssi=-47 TxLinkspeed=866 freq=5240 RxLinkSpeed=6
11-23 12:01:13.065  1795  2424 D WifiDataStall: tx tput in kbps: 755212
11-23 12:01:13.065  1795  2424 D WifiDataStall: rx tput in kbps: 794960
11-23 12:01:13.065  1795  2424 V WifiConfigManager: Updating scan detail cache freq=5240 BSSID=f4:6d:2f:12:cc:88 RSSI=-46 for "ourhome"WPA_PSK
11-23 12:01:13.066  1795  2424 D WifiChannelUtilization:  freq: 5240 onTime: 2296963 busyTime: 189920 onTimeDiff: 2296668 busyTimeDiff: 189903 utilization: 21 utilization t0: 21
11-23 12:01:13.066  1795  2424 D WifiDataStall:  ccaLevel = 21
11-23 12:01:13.066  1795  2424 D WifiDataStall: L2 txTputKbps: 755212, rxTputKbps: 794960, L3 txTputKbps: 0, rxTputKbps: 0, TxTrafficHigh: false, RxTrafficHigh: false, Throughput Sufficient: true
11-23 12:01:13.066  3213  8092 V WifiManager: OnWifiUsabilityStatsListener: onWifiUsabilityStats: seqNum=27811
11-23 12:01:13.066  1795  2424 D WifiScoreReport: Wifi scoring disabled - Don't check IP layer
11-23 12:01:13.066  1795  2424 D WifiScoreCard: BSSID update SIGNAL_POLL ID: 1320464697 SSID: "ourhome", BSSID: f4:6d:2f:12:cc:88, MAC: b2:2f:ec:da:4a:0c, IP: /192.168.1.104, Security type: 2, Supplicant state: COMPLETED, Wi-Fi standard: 5, RSSI: -47, Link speed: 866Mbps, Tx Link speed: 866Mbps, Max Supported Tx Link speed: 866Mbps, Rx Link speed: 6Mbps, Max Supported Rx Link speed: 866Mbps, Frequency: 5240MHz, Net ID: 12, Metered hint: false, score: 60, isUsable: true, CarrierMerged: false, SubscriptionId: -1, IsPrimary: 1, Trusted: true, Restricted: false, Ephemeral: false, OEM paid: false, OEM private: false, OSU AP: false, FQDN: <none>, Provider friendly name: <none>, Requesting package name: <none>"ourhome"wpa2-pskMLO Information: , Is TID-To-Link negotiation supported by the AP: false, AP MLD Address: <none>, AP MLO Link Id: <none>, AP MLO Affiliated links: <none>
11-23 12:01:13.066  1795  2424 D WifiScoreCard: txRate: 1 txSpeed: 866
11-23 12:01:13.067  1795  2424 D WifiScoreCard: network update SIGNAL_POLL "ourhome" ID: 1499892569 RSSI -47 txSpeed -1
11-23 12:01:13.067  1795  2424 D WifiClientModeImpl[13802:wlan0]:  ClientModeImpl$L2ConnectedState screen=on 13 0 "ourhome" f4:6d:2f:12:cc:88 rssi=-47 f=5240 sc=60 link=866 tx=0.0, 0.0, 0.0 rx=0.0 bcn=802667 [on:0 tx:0 rx:0 period:3012] from screen [on:166603 period:3761179] score=60
11-23 12:01:13.067  1795  1854 I WifiService: updateWifiUsabilityScore uid=10180 seqNum=27811 score=100 predictionHorizonSec=1441795
11-23 12:01:13.069  1795  2424 D WifiScoreReport: Wifi scoring disabled - Notify that Wifi is usable
11-23 12:01:13.074  1795  2432 D ConnectivityService: NetReassign [no changes] [c 1] [a 0] [i 3]
11-23 12:01:13.101  1011  1189 I ASH     : @ 84125.299: tcs3701: stop power rail pending_off timer
11-23 12:01:13.101  1011  1189 D ASH     : @ 84125.299: tcs3701: start power rail timer, state:3
11-23 12:01:13.141  1011  1189 I ASH     : @ 84125.339: tcs3701: stop power rail pending_off timer
11-23 12:01:13.141  1011  1189 D ASH     : @ 84125.339: tcs3701: start power rail timer, state:3
11-23 12:01:13.159  5238  5295 I BatteryMgr:DataCollectionService: stats => 1700737273159,13427,4447,13427,4169000,100
11-23 12:01:13.180  1011  1189 I ASH     : @ 84125.379: tcs3701: stop power rail pending_off timer
11-23 12:01:13.180  1011  1189 D ASH     : @ 84125.379: tcs3701: start power rail timer, state:3
11-23 12:01:13.192  1795  1854 D ActivityManager: freezer override set to true
11-23 12:01:13.196  1795  1854 D ActivityManager: freezer override set to false
11-23 12:01:13.220  1011  1189 I ASH     : @ 84125.419: tcs3701: stop power rail pending_off timer
11-23 12:01:13.220  1011  1189 D ASH     : @ 84125.419: tcs3701: start power rail timer, state:3
11-23 12:01:13.261  1011  1189 I ASH     : @ 84125.459: tcs3701: stop power rail pending_off timer
11-23 12:01:13.261  1011  1189 D ASH     : @ 84125.459: tcs3701: start power rail timer, state:3
11-23 12:01:13.266  5238  5295 I BatteryMgr:DataCollectionService: stats => 1700737273266,13427,4447,13427,4169000,100
11-23 12:01:13.300  1011  1189 I ASH     : @ 84125.499: tcs3701: stop power rail pending_off timer
11-23 12:01:13.300  1011  1189 D ASH     : @ 84125.499: tcs3701: start power rail timer, state:3
11-23 12:01:13.340  1011  1189 I ASH     : @ 84125.539: tcs3701: stop power rail pending_off timer
11-23 12:01:13.340  1011  1189 D ASH     : @ 84125.539: tcs3701: start power rail timer, state:3
11-23 12:01:13.373  5238  5295 I BatteryMgr:DataCollectionService: stats => 1700737273373,13427,4447,13427,4169000,100
11-23 12:01:13.380  1011  1189 I ASH     : @ 84125.579: tcs3701: stop power rail pending_off timer
11-23 12:01:13.380  1011  1189 D ASH     : @ 84125.579: tcs3701: start power rail timer, state:3
11-23 12:01:13.420  1011  1189 I ASH     : @ 84125.619: tcs3701: stop power rail pending_off timer
11-23 12:01:13.420  1011  1189 D ASH     : @ 84125.619: tcs3701: start power rail timer, state:3
11-23 12:01:13.460  1011  1189 I ASH     : @ 84125.659: tcs3701: stop power rail pending_off timer
11-23 12:01:13.461  1011  1189 D ASH     : @ 84125.659: tcs3701: start power rail timer, state:3
11-23 12:01:13.482  5238  5295 I BatteryMgr:DataCollectionService: stats => 1700737273482,13427,4447,13427,4169000,100
11-23 12:01:13.500  1011  1189 I ASH     : @ 84125.699: tcs3701: stop power rail pending_off timer
11-23 12:01:13.501  1011  1189 D ASH     : @ 84125.699: tcs3701: start power rail timer, state:3
11-23 12:01:13.540  1011  1189 I ASH     : @ 84125.739: tcs3701: stop power rail pending_off timer
11-23 12:01:13.540  1011  1189 D ASH     : @ 84125.739: tcs3701: start power rail timer, state:3
11-23 12:01:13.580  1011  1189 I ASH     : @ 84125.779: tcs3701: stop power rail pending_off timer
11-23 12:01:13.580  1011  1189 D ASH     : @ 84125.779: tcs3701: start power rail timer, state:3
11-23 12:01:13.590  5238  5295 I BatteryMgr:DataCollectionService: stats => 1700737273590,13427,4447,13427,4169000,100
11-23 12:01:13.620  1011  1189 I ASH     : @ 84125.819: tcs3701: stop power rail pending_off timer
11-23 12:01:13.620  1011  1189 D ASH     : @ 84125.819: tcs3701: start power rail timer, state:3
11-23 12:01:13.661  1011  1189 I ASH     : @ 84125.859: tcs3701: stop power rail pending_off timer
11-23 12:01:13.661  1011  1189 D ASH     : @ 84125.859: tcs3701: start power rail timer, state:3
11-23 12:01:13.698  5238  5295 I BatteryMgr:DataCollectionService: stats => 1700737273698,13427,4447,13427,4169000,100
11-23 12:01:13.700  1011  1189 I ASH     : @ 84125.899: tcs3701: stop power rail pending_off timer
11-23 12:01:13.700  1011  1189 D ASH     : @ 84125.899: tcs3701: start power rail timer, state:3
11-23 12:01:13.740  1011  1189 I ASH     : @ 84125.939: tcs3701: stop power rail pending_off timer
11-23 12:01:13.742  1011  1189 D ASH     : @ 84125.939: tcs3701: start power rail timer, state:3
11-23 12:01:13.780  1011  1189 I ASH     : @ 84125.979: tcs3701: stop power rail pending_off timer
11-23 12:01:13.780  1011  1189 D ASH     : @ 84125.979: tcs3701: start power rail timer, state:3
11-23 12:01:13.802  5238  5295 I BatteryMgr:DataCollectionService: stats => 1700737273802,13427,4447,13427,4169000,100
11-23 12:01:13.820  1011  1189 I ASH     : @ 84126.019: tcs3701: stop power rail pending_off timer
11-23 12:01:13.820  1011  1189 D ASH     : @ 84126.019: tcs3701: start power rail timer, state:3
11-23 12:01:13.841  1795  1854 D ActivityManager: freezer override set to true
11-23 12:01:13.860  1011  1189 I ASH     : @ 84126.059: tcs3701: stop power rail pending_off timer
11-23 12:01:13.860  1011  1189 D ASH     : @ 84126.059: tcs3701: start power rail timer, state:3
11-23 12:01:13.900  1011  1189 I ASH     : @ 84126.099: tcs3701: stop power rail pending_off timer
11-23 12:01:13.900  1011  1189 D ASH     : @ 84126.099: tcs3701: start power rail timer, state:3
11-23 12:01:13.906  5238  5295 I BatteryMgr:DataCollectionService: stats => 1700737273906,13427,4447,13427,4169000,100
11-23 12:01:13.940  1011  1189 I ASH     : @ 84126.139: tcs3701: stop power rail pending_off timer
11-23 12:01:13.940  1011  1189 D ASH     : @ 84126.139: tcs3701: start power rail timer, state:3
11-23 12:01:13.967 32508 32522 I m.chrome.canary: Explicit concurrent copying GC freed 3595(176KB) AllocSpace objects, 3(60KB) LOS objects, 75% free, 11MB/47MB, paused 68us,20us total 43.251ms
11-23 12:01:13.980  1011  1189 I ASH     : @ 84126.179: tcs3701: stop power rail pending_off timer
11-23 12:01:13.980  1011  1189 D ASH     : @ 84126.179: tcs3701: start power rail timer, state:3
11-23 12:01:14.013  5238  5295 I BatteryMgr:DataCollectionService: stats => 1700737274012,13427,4447,13427,4169000,100
11-23 12:01:14.017  1795  1854 D ActivityManager: freezer override set to false
11-23 12:01:14.020  1011  1189 I ASH     : @ 84126.219: tcs3701: stop power rail pending_off timer
11-23 12:01:14.020  1011  1189 D ASH     : @ 84126.219: tcs3701: start power rail timer, state:3
11-23 12:01:14.060  1011  1189 I ASH     : @ 84126.259: tcs3701: stop power rail pending_off timer
11-23 12:01:14.060  1011  1189 D ASH     : @ 84126.259: tcs3701: start power rail timer, state:3
11-23 12:01:14.069  1795  1854 D ActivityManager: freezer override set to true
11-23 12:01:14.071  1795  1854 D ActivityManager: freezer override set to false
11-23 12:01:14.100  1011  1189 I ASH     : @ 84126.299: tcs3701: stop power rail pending_off timer
11-23 12:01:14.100  1011  1189 D ASH     : @ 84126.299: tcs3701: start power rail timer, state:3
11-23 12:01:14.117  5238  5295 I BatteryMgr:DataCollectionService: stats => 1700737274117,13427,4447,13427,4169000,100
11-23 12:01:14.141  1011  1189 I ASH     : @ 84126.339: tcs3701: stop power rail pending_off timer
11-23 12:01:14.141  1011  1189 D ASH     : @ 84126.339: tcs3701: start power rail timer, state:3
11-23 12:01:14.180  1011  1189 I ASH     : @ 84126.379: tcs3701: stop power rail pending_off timer
11-23 12:01:14.180  1011  1189 D ASH     : @ 84126.379: tcs3701: start power rail timer, state:3
11-23 12:01:14.183  1795  1854 D ActivityManager: freezer override set to true
11-23 12:01:14.188  1795  1854 D ActivityManager: freezer override set to false
11-23 12:01:14.220  1011  1189 I ASH     : @ 84126.419: tcs3701: stop power rail pending_off timer
11-23 12:01:14.220  1011  1189 D ASH     : @ 84126.419: tcs3701: start power rail timer, state:3
11-23 12:01:14.222  5238  5295 I BatteryMgr:DataCollectionService: stats => 1700737274222,13427,4447,13427,4169000,100
11-23 12:01:14.260  1011  1189 I ASH     : @ 84126.459: tcs3701: stop power rail pending_off timer
11-23 12:01:14.260  1011  1189 D ASH     : @ 84126.459: tcs3701: start power rail timer, state:3
11-23 12:01:14.300  1011  1189 I ASH     : @ 84126.499: tcs3701: stop power rail pending_off timer
11-23 12:01:14.300  1011  1189 D ASH     : @ 84126.499: tcs3701: start power rail timer, state:3
11-23 12:01:14.328  5238  5295 I BatteryMgr:DataCollectionService: stats => 1700737274328,13427,4447,13427,4169000,100
11-23 12:01:14.340  1011  1189 I ASH     : @ 84126.539: tcs3701: stop power rail pending_off timer
11-23 12:01:14.340  1011  1189 D ASH     : @ 84126.539: tcs3701: start power rail timer, state:3
11-23 12:01:14.380  1011  1189 I ASH     : @ 84126.579: tcs3701: stop power rail pending_off timer
11-23 12:01:14.380  1011  1189 D ASH     : @ 84126.579: tcs3701: start power rail timer, state:3
11-23 12:01:14.407  2113  2118 I pixel-thermal: skin-therm-monitor: 38.169
11-23 12:01:14.421  1011  1189 I ASH     : @ 84126.619: tcs3701: stop power rail pending_off timer
11-23 12:01:14.421  1011  1189 D ASH     : @ 84126.619: tcs3701: start power rail timer, state:3
11-23 12:01:14.434  5238  5295 I BatteryMgr:DataCollectionService: stats => 1700737274434,13427,4447,13427,4169000,100
11-23 12:01:14.460  1011  1189 I ASH     : @ 84126.659: tcs3701: stop power rail pending_off timer
11-23 12:01:14.460  1011  1189 D ASH     : @ 84126.659: tcs3701: start power rail timer, state:3
11-23 12:01:14.500  1011  1189 I ASH     : @ 84126.699: tcs3701: stop power rail pending_off timer
11-23 12:01:14.500  1011  1189 D ASH     : @ 84126.699: tcs3701: start power rail timer, state:3
11-23 12:01:14.541  1011  1189 I ASH     : @ 84126.739: tcs3701: stop power rail pending_off timer
11-23 12:01:14.541  1011  1189 D ASH     : @ 84126.739: tcs3701: start power rail timer, state:3
11-23 12:01:14.542  5238  5295 I BatteryMgr:DataCollectionService: stats => 1700737274542,13427,4447,13427,4169000,100
11-23 12:01:14.580  1011  1189 I ASH     : @ 84126.779: tcs3701: stop power rail pending_off timer
11-23 12:01:14.580  1011  1189 D ASH     : @ 84126.779: tcs3701: start power rail timer, state:3
11-23 12:01:14.621  1011  1189 I ASH     : @ 84126.819: tcs3701: stop power rail pending_off timer
11-23 12:01:14.621  1011  1189 D ASH     : @ 84126.819: tcs3701: start power rail timer, state:3
11-23 12:01:14.649  5238  5295 I BatteryMgr:DataCollectionService: stats => 1700737274649,13427,4447,13427,4169000,100
11-23 12:01:14.660  1011  1189 I ASH     : @ 84126.859: tcs3701: stop power rail pending_off timer
11-23 12:01:14.660  1011  1189 D ASH     : @ 84126.859: tcs3701: start power rail timer, state:3
