11-26 19:39:43.780  1011  1189 I ASH     : @ 370835.952: tcs3701: stop power rail pending_off timer
11-26 19:39:43.780  1011  1189 D ASH     : @ 370835.952: tcs3701: start power rail timer, state:3
11-26 19:39:43.820  1011  1189 I ASH     : @ 370835.992: tcs3701: stop power rail pending_off timer
11-26 19:39:43.820  1011  1189 D ASH     : @ 370835.992: tcs3701: start power rail timer, state:3
11-26 19:39:43.860  1011  1189 I ASH     : @ 370836.032: tcs3701: stop power rail pending_off timer
11-26 19:39:43.860  1011  1189 D ASH     : @ 370836.032: tcs3701: start power rail timer, state:3
11-26 19:39:43.875  8427  8467 I BatteryMgr:DataCollectionService: stats => 1701023983875,9155,4448,2136,4169000,100
11-26 19:39:43.901  1011  1189 I ASH     : @ 370836.072: tcs3701: stop power rail pending_off timer
11-26 19:39:43.901  1011  1189 D ASH     : @ 370836.072: tcs3701: start power rail timer, state:3
11-26 19:39:43.940  1011  1189 I ASH     : @ 370836.112: tcs3701: stop power rail pending_off timer
11-26 19:39:43.940  1011  1189 D ASH     : @ 370836.112: tcs3701: start power rail timer, state:3
11-26 19:39:43.979  8427  8467 I BatteryMgr:DataCollectionService: stats => 1701023983979,9155,4448,2136,4169000,100
11-26 19:39:43.980  1011  1189 I ASH     : @ 370836.152: tcs3701: stop power rail pending_off timer
11-26 19:39:43.980  1011  1189 D ASH     : @ 370836.152: tcs3701: start power rail timer, state:3
11-26 19:39:44.020  1011  1189 I ASH     : @ 370836.192: tcs3701: stop power rail pending_off timer
11-26 19:39:44.020  1011  1189 D ASH     : @ 370836.192: tcs3701: start power rail timer, state:3
11-26 19:39:44.030  1795  4162 D ActivityManager: freezer override set to true
11-26 19:39:44.037  1795  4162 D ActivityManager: freezer override set to false
11-26 19:39:44.060  1011  1189 I ASH     : @ 370836.232: tcs3701: stop power rail pending_off timer
11-26 19:39:44.060  1011  1189 D ASH     : @ 370836.232: tcs3701: start power rail timer, state:3
11-26 19:39:44.062  1795  2424 D WifiClientModeImpl[13802:wlan0]: updateLinkLayerStatsRssiSpeedFrequencyCapabilities rssi=-42 TxLinkspeed=650 freq=5240 RxLinkSpeed=866
11-26 19:39:44.063  1795  2424 D WifiDataStall: tx tput in kbps: 491064
11-26 19:39:44.063  1795  2424 D WifiDataStall: rx tput in kbps: 767898
11-26 19:39:44.063  1795  2424 V WifiConfigManager: Updating scan detail cache freq=5240 BSSID=f4:6d:2f:12:cc:88 RSSI=-42 for "ourhome"WPA_PSK
11-26 19:39:44.063  1795  2424 D WifiChannelUtilization:  freq: 5240 onTime: 10160088 busyTime: 915282 onTimeDiff: 512232 busyTimeDiff: 58796 utilization: 29 utilization t0: 22
11-26 19:39:44.063  1795  2424 D WifiDataStall:  ccaLevel = 29
11-26 19:39:44.063  1795  2424 D WifiDataStall: L2 txTputKbps: 449566, rxTputKbps: 767898, L3 txTputKbps: 55, rxTputKbps: 217, TxTrafficHigh: true, RxTrafficHigh: true, Throughput Sufficient: true
11-26 19:39:44.063  2673  2739 V WifiManager: OnWifiUsabilityStatsListener: onWifiUsabilityStats: seqNum=94449
11-26 19:39:44.063  1795  2424 D WifiScoreReport: Wifi scoring disabled - Don't check IP layer
11-26 19:39:44.063  1795  2424 D WifiScoreCard: BSSID update SIGNAL_POLL ID: 1320464697 SSID: "ourhome", BSSID: f4:6d:2f:12:cc:88, MAC: b2:2f:ec:da:4a:0c, IP: /192.168.1.104, Security type: 2, Supplicant state: COMPLETED, Wi-Fi standard: 5, RSSI: -42, Link speed: 650Mbps, Tx Link speed: 650Mbps, Max Supported Tx Link speed: 866Mbps, Rx Link speed: 866Mbps, Max Supported Rx Link speed: 866Mbps, Frequency: 5240MHz, Net ID: 12, Metered hint: false, score: 60, isUsable: true, CarrierMerged: false, SubscriptionId: -1, IsPrimary: 1, Trusted: true, Restricted: false, Ephemeral: false, OEM paid: false, OEM private: false, OSU AP: false, FQDN: <none>, Provider friendly name: <none>, Requesting package name: <none>"ourhome"wpa2-pskMLO Information: , Is TID-To-Link negotiation supported by the AP: false, AP MLD Address: <none>, AP MLO Link Id: <none>, AP MLO Affiliated links: <none>
11-26 19:39:44.064  1795  2424 D WifiScoreCard: txRate: 39 txSpeed: 650
11-26 19:39:44.064  1795  2424 D WifiScoreCard: network update SIGNAL_POLL "ourhome" ID: 1499892569 RSSI -42 txSpeed 650
11-26 19:39:44.064  1795  4162 I WifiService: updateWifiUsabilityScore uid=10180 seqNum=94449 score=100 predictionHorizonSec=1441795
11-26 19:39:44.064  1795  2424 D WifiClientModeImpl[13802:wlan0]:  ClientModeImpl$L2ConnectedState screen=on 37 0 "ourhome" f4:6d:2f:12:cc:88 rssi=-42 f=5240 sc=60 link=650 tx=29.7, 9.1, 0.0 rx=17.5 bcn=3507280 [on:1386 tx:20 rx:10 period:3013] from screen [on:524107 period:11549350] score=60
11-26 19:39:44.065  1795  2424 D WifiScoreReport: Wifi scoring disabled - Notify that Wifi is usable
11-26 19:39:44.067  1795  2432 D ConnectivityService: NetReassign [no changes] [c 0] [a 0] [i 2]
11-26 19:39:44.084  8427  8467 I BatteryMgr:DataCollectionService: stats => 1701023984084,9155,4448,2136,4169000,100
11-26 19:39:44.100  1011  1189 I ASH     : @ 370836.272: tcs3701: stop power rail pending_off timer
11-26 19:39:44.100  1011  1189 D ASH     : @ 370836.272: tcs3701: start power rail timer, state:3
11-26 19:39:44.140  1011  1189 I ASH     : @ 370836.312: tcs3701: stop power rail pending_off timer
11-26 19:39:44.140  1011  1189 D ASH     : @ 370836.312: tcs3701: start power rail timer, state:3
11-26 19:39:44.180  1011  1189 I ASH     : @ 370836.352: tcs3701: stop power rail pending_off timer
11-26 19:39:44.180  1011  1189 D ASH     : @ 370836.352: tcs3701: start power rail timer, state:3
11-26 19:39:44.191  8427  8467 I BatteryMgr:DataCollectionService: stats => 1701023984191,9155,4448,2136,4169000,100
11-26 19:39:44.220  1011  1189 I ASH     : @ 370836.392: tcs3701: stop power rail pending_off timer
11-26 19:39:44.220  1011  1189 D ASH     : @ 370836.392: tcs3701: start power rail timer, state:3
11-26 19:39:44.260  1011  1189 I ASH     : @ 370836.432: tcs3701: stop power rail pending_off timer
11-26 19:39:44.260  1011  1189 D ASH     : @ 370836.432: tcs3701: start power rail timer, state:3
11-26 19:39:44.281  1795  4162 D ActivityManager: freezer override set to true
11-26 19:39:44.297  8427  8467 I BatteryMgr:DataCollectionService: stats => 1701023984297,9155,4448,2136,4169000,100
11-26 19:39:44.300  1011  1189 I ASH     : @ 370836.472: tcs3701: stop power rail pending_off timer
11-26 19:39:44.300  1011  1189 D ASH     : @ 370836.472: tcs3701: start power rail timer, state:3
11-26 19:39:44.340  1011  1189 I ASH     : @ 370836.512: tcs3701: stop power rail pending_off timer
11-26 19:39:44.340  1011  1189 D ASH     : @ 370836.512: tcs3701: start power rail timer, state:3
11-26 19:39:44.381  1011  1189 I ASH     : @ 370836.552: tcs3701: stop power rail pending_off timer
11-26 19:39:44.381  1011  1189 D ASH     : @ 370836.552: tcs3701: start power rail timer, state:3
11-26 19:39:44.406  8427  8467 I BatteryMgr:DataCollectionService: stats => 1701023984406,9155,4448,2136,4169000,100
11-26 19:39:44.420  1011  1189 I ASH     : @ 370836.592: tcs3701: stop power rail pending_off timer
11-26 19:39:44.420  1011  1189 D ASH     : @ 370836.592: tcs3701: start power rail timer, state:3
11-26 19:39:44.460  1011  1189 I ASH     : @ 370836.632: tcs3701: stop power rail pending_off timer
11-26 19:39:44.460  1011  1189 D ASH     : @ 370836.632: tcs3701: start power rail timer, state:3
11-26 19:39:44.500  1011  1189 I ASH     : @ 370836.672: tcs3701: stop power rail pending_off timer
11-26 19:39:44.501  1011  1189 D ASH     : @ 370836.672: tcs3701: start power rail timer, state:3
11-26 19:39:44.519  8427  8467 I BatteryMgr:DataCollectionService: stats => 1701023984519,9155,4448,2136,4169000,100
11-26 19:39:44.540  1011  1189 I ASH     : @ 370836.712: tcs3701: stop power rail pending_off timer
11-26 19:39:44.540  1011  1189 D ASH     : @ 370836.712: tcs3701: start power rail timer, state:3
11-26 19:39:44.580  1011  1189 I ASH     : @ 370836.752: tcs3701: stop power rail pending_off timer
11-26 19:39:44.580  1011  1189 D ASH     : @ 370836.752: tcs3701: start power rail timer, state:3
11-26 19:39:44.595 21872 21887 I m.chrome.canary: Explicit concurrent copying GC freed 229219(4735KB) AllocSpace objects, 5(280KB) LOS objects, 75% free, 15MB/60MB, paused 119us,47us total 172.989ms
11-26 19:39:44.620  1011  1189 I ASH     : @ 370836.792: tcs3701: stop power rail pending_off timer
11-26 19:39:44.620  1011  1189 D ASH     : @ 370836.792: tcs3701: start power rail timer, state:3
11-26 19:39:44.621  8427  8467 I BatteryMgr:DataCollectionService: stats => 1701023984621,9155,4448,2136,4169000,100
11-26 19:39:44.661  1011  1189 I ASH     : @ 370836.832: tcs3701: stop power rail pending_off timer
11-26 19:39:44.661  1011  1189 D ASH     : @ 370836.832: tcs3701: start power rail timer, state:3
11-26 19:39:44.701  1011  1189 I ASH     : @ 370836.872: tcs3701: stop power rail pending_off timer
11-26 19:39:44.701  1011  1189 D ASH     : @ 370836.872: tcs3701: start power rail timer, state:3
11-26 19:39:44.712  1795  4162 D ActivityManager: freezer override set to false
11-26 19:39:44.732  8427  8467 I BatteryMgr:DataCollectionService: stats => 1701023984732,9155,4448,2136,4169000,100
11-26 19:39:44.742  1011  1189 I ASH     : @ 370836.912: tcs3701: stop power rail pending_off timer
11-26 19:39:44.742  1011  1189 D ASH     : @ 370836.912: tcs3701: start power rail timer, state:3
11-26 19:39:44.781  1011  1189 I ASH     : @ 370836.952: tcs3701: stop power rail pending_off timer
11-26 19:39:44.781  1011  1189 D ASH     : @ 370836.952: tcs3701: start power rail timer, state:3
11-26 19:39:44.820  1011  1189 I ASH     : @ 370836.992: tcs3701: stop power rail pending_off timer
11-26 19:39:44.820  1011  1189 D ASH     : @ 370836.992: tcs3701: start power rail timer, state:3
11-26 19:39:44.841  8427  8467 I BatteryMgr:DataCollectionService: stats => 1701023984841,9155,4448,2136,4169000,100
11-26 19:39:44.856  1795  4162 D ActivityManager: freezer override set to true
11-26 19:39:44.860  1011  1189 I ASH     : @ 370837.032: tcs3701: stop power rail pending_off timer
11-26 19:39:44.860  1011  1189 D ASH     : @ 370837.032: tcs3701: start power rail timer, state:3
11-26 19:39:44.868  1795  4162 D ActivityManager: freezer override set to false
11-26 19:39:44.900  1011  1189 I ASH     : @ 370837.072: tcs3701: stop power rail pending_off timer
11-26 19:39:44.900  1011  1189 D ASH     : @ 370837.072: tcs3701: start power rail timer, state:3
11-26 19:39:44.940  1795  4162 D ActivityManager: freezer override set to true
11-26 19:39:44.940  1011  1189 I ASH     : @ 370837.112: tcs3701: stop power rail pending_off timer
11-26 19:39:44.940  1011  1189 D ASH     : @ 370837.112: tcs3701: start power rail timer, state:3
11-26 19:39:44.947  1795  4162 D ActivityManager: freezer override set to false
11-26 19:39:44.954  8427  8467 I BatteryMgr:DataCollectionService: stats => 1701023984954,9155,4448,2136,4169000,100
11-26 19:39:44.980  1011  1189 I ASH     : @ 370837.152: tcs3701: stop power rail pending_off timer
11-26 19:39:44.980  1011  1189 D ASH     : @ 370837.152: tcs3701: start power rail timer, state:3
11-26 19:39:45.020  1011  1189 I ASH     : @ 370837.192: tcs3701: stop power rail pending_off timer
11-26 19:39:45.020  1011  1189 D ASH     : @ 370837.192: tcs3701: start power rail timer, state:3
11-26 19:39:45.060  1011  1189 I ASH     : @ 370837.232: tcs3701: stop power rail pending_off timer
11-26 19:39:45.060  1011  1189 D ASH     : @ 370837.232: tcs3701: start power rail timer, state:3
11-26 19:39:45.069  8427  8467 I BatteryMgr:DataCollectionService: stats => 1701023985067,9155,4448,2136,4169000,100
11-26 19:39:45.100  1011  1189 I ASH     : @ 370837.272: tcs3701: stop power rail pending_off timer
11-26 19:39:45.100  1011  1189 D ASH     : @ 370837.272: tcs3701: start power rail timer, state:3
11-26 19:39:45.121  1795  2679 D ActivityManager: freezer override set to true
11-26 19:39:45.127  1795  2679 D ActivityManager: freezer override set to false
11-26 19:39:45.140  1011  1189 I ASH     : @ 370837.312: tcs3701: stop power rail pending_off timer
11-26 19:39:45.140  1011  1189 D ASH     : @ 370837.312: tcs3701: start power rail timer, state:3
11-26 19:39:45.180  1011  1189 I ASH     : @ 370837.352: tcs3701: stop power rail pending_off timer
11-26 19:39:45.180  1011  1189 D ASH     : @ 370837.352: tcs3701: start power rail timer, state:3
11-26 19:39:45.184  8427  8467 I BatteryMgr:DataCollectionService: stats => 1701023985184,9155,4448,2136,4169000,100
11-26 19:39:45.220  1011  1189 I ASH     : @ 370837.392: tcs3701: stop power rail pending_off timer
11-26 19:39:45.221  1011  1189 D ASH     : @ 370837.392: tcs3701: start power rail timer, state:3
11-26 19:39:45.260  1011  1189 I ASH     : @ 370837.432: tcs3701: stop power rail pending_off timer
11-26 19:39:45.260  1011  1189 D ASH     : @ 370837.432: tcs3701: start power rail timer, state:3
11-26 19:39:45.301  1011  1189 I ASH     : @ 370837.472: tcs3701: stop power rail pending_off timer
11-26 19:39:45.301  1011  1189 D ASH     : @ 370837.472: tcs3701: start power rail timer, state:3
11-26 19:39:45.302  8427  8467 I BatteryMgr:DataCollectionService: stats => 1701023985302,9155,4448,2136,4169000,100
11-26 19:39:45.340  1011  1189 I ASH     : @ 370837.512: tcs3701: stop power rail pending_off timer
11-26 19:39:45.340  1011  1189 D ASH     : @ 370837.512: tcs3701: start power rail timer, state:3
11-26 19:39:45.365  2113  2118 I pixel-thermal: skin-therm-monitor: 36.889
11-26 19:39:45.381  1011  1189 I ASH     : @ 370837.552: tcs3701: stop power rail pending_off timer
11-26 19:39:45.381  1011  1189 D ASH     : @ 370837.552: tcs3701: start power rail timer, state:3
11-26 19:39:45.410  8427  8467 I BatteryMgr:DataCollectionService: stats => 1701023985410,9155,4448,2136,4169000,100
11-26 19:39:45.420  1011  1189 I ASH     : @ 370837.592: tcs3701: stop power rail pending_off timer
11-26 19:39:45.420  1011  1189 D ASH     : @ 370837.592: tcs3701: start power rail timer, state:3
11-26 19:39:45.461  1011  1189 I ASH     : @ 370837.632: tcs3701: stop power rail pending_off timer
11-26 19:39:45.461  1011  1189 D ASH     : @ 370837.632: tcs3701: start power rail timer, state:3
11-26 19:39:45.500  1011  1189 I ASH     : @ 370837.672: tcs3701: stop power rail pending_off timer
11-26 19:39:45.500  1011  1189 D ASH     : @ 370837.672: tcs3701: start power rail timer, state:3
11-26 19:39:45.521 21872 21872 D CompatibilityChangeReporter: Compat change id reported: 194532703; UID 10010; state: ENABLED
11-26 19:39:45.522  8427  8467 I BatteryMgr:DataCollectionService: stats => 1701023985521,9155,4448,2136,4169000,100
11-26 19:39:45.523  1795  2679 D CompatibilityChangeReporter: Compat change id reported: 194532703; UID 10010; state: ENABLED
11-26 19:39:45.539 21872 21872 I cr_omaha: Scheduled using JobService
11-26 19:39:45.539 21872 21872 E cr_BkgrdTaskJS: Tried finishing non-current BackgroundTask.
11-26 19:39:45.540  1011  1189 I ASH     : @ 370837.712: tcs3701: stop power rail pending_off timer
11-26 19:39:45.540  1011  1189 D ASH     : @ 370837.712: tcs3701: start power rail timer, state:3
11-26 19:39:45.580  1011  1189 I ASH     : @ 370837.752: tcs3701: stop power rail pending_off timer
11-26 19:39:45.580  1011  1189 D ASH     : @ 370837.752: tcs3701: start power rail timer, state:3
11-26 19:39:45.620  1011  1189 I ASH     : @ 370837.792: tcs3701: stop power rail pending_off timer
11-26 19:39:45.620  1011  1189 D ASH     : @ 370837.792: tcs3701: start power rail timer, state:3
11-26 19:39:45.628  8427  8467 I BatteryMgr:DataCollectionService: stats => 1701023985628,9155,4448,2136,4169000,100
11-26 19:39:45.660  1011  1189 I ASH     : @ 370837.832: tcs3701: stop power rail pending_off timer
11-26 19:39:45.660  1011  1189 D ASH     : @ 370837.832: tcs3701: start power rail timer, state:3
11-26 19:39:45.700  1011  1189 I ASH     : @ 370837.872: tcs3701: stop power rail pending_off timer
11-26 19:39:45.700  1011  1189 D ASH     : @ 370837.872: tcs3701: start power rail timer, state:3
11-26 19:39:45.734  8427  8467 I BatteryMgr:DataCollectionService: stats => 1701023985734,9155,4448,2136,4169000,100
11-26 19:39:45.740  1011  1189 I ASH     : @ 370837.912: tcs3701: stop power rail pending_off timer
11-26 19:39:45.740  1011  1189 D ASH     : @ 370837.912: tcs3701: start power rail timer, state:3
11-26 19:39:45.780  1011  1189 I ASH     : @ 370837.952: tcs3701: stop power rail pending_off timer
11-26 19:39:45.780  1011  1189 D ASH     : @ 370837.952: tcs3701: start power rail timer, state:3
11-26 19:39:45.820  1011  1189 I ASH     : @ 370837.992: tcs3701: stop power rail pending_off timer
11-26 19:39:45.820  1011  1189 D ASH     : @ 370837.992: tcs3701: start power rail timer, state:3
11-26 19:39:45.852  8427  8467 I BatteryMgr:DataCollectionService: stats => 1701023985852,9155,4448,2136,4169000,100
11-26 19:39:45.860  1011  1189 I ASH     : @ 370838.032: tcs3701: stop power rail pending_off timer
11-26 19:39:45.860  1011  1189 D ASH     : @ 370838.032: tcs3701: start power rail timer, state:3
11-26 19:39:45.900  1011  1189 I ASH     : @ 370838.072: tcs3701: stop power rail pending_off timer
11-26 19:39:45.900  1011  1189 D ASH     : @ 370838.072: tcs3701: start power rail timer, state:3
11-26 19:39:45.940  1011  1189 I ASH     : @ 370838.112: tcs3701: stop power rail pending_off timer
11-26 19:39:45.940  1011  1189 D ASH     : @ 370838.112: tcs3701: start power rail timer, state:3
11-26 19:39:45.964  8427  8467 I BatteryMgr:DataCollectionService: stats => 1701023985963,9155,4448,2136,4169000,100
11-26 19:39:45.980  1011  1189 I ASH     : @ 370838.152: tcs3701: stop power rail pending_off timer
11-26 19:39:45.980  1011  1189 D ASH     : @ 370838.152: tcs3701: start power rail timer, state:3
11-26 19:39:46.020  1011  1189 I ASH     : @ 370838.192: tcs3701: stop power rail pending_off timer
11-26 19:39:46.020  1011  1189 D ASH     : @ 370838.192: tcs3701: start power rail timer, state:3
11-26 19:39:46.060  1011  1189 I ASH     : @ 370838.232: tcs3701: stop power rail pending_off timer
11-26 19:39:46.060  1011  1189 D ASH     : @ 370838.232: tcs3701: start power rail timer, state:3
11-26 19:39:46.075  8427  8467 I BatteryMgr:DataCollectionService: stats => 1701023986075,9155,4448,2136,4169000,100
11-26 19:39:46.099  1795  2679 D ActivityManager: freezer override set to true
11-26 19:39:46.100  1011  1189 I ASH     : @ 370838.272: tcs3701: stop power rail pending_off timer
11-26 19:39:46.100  1011  1189 D ASH     : @ 370838.272: tcs3701: start power rail timer, state:3
11-26 19:39:46.116  1795  2679 D ActivityManager: freezer override set to false
11-26 19:39:46.140  1011  1189 I ASH     : @ 370838.312: tcs3701: stop power rail pending_off timer
11-26 19:39:46.140  1011  1189 D ASH     : @ 370838.312: tcs3701: start power rail timer, state:3
11-26 19:39:46.181  1011  1189 I ASH     : @ 370838.352: tcs3701: stop power rail pending_off timer
11-26 19:39:46.181  1011  1189 D ASH     : @ 370838.352: tcs3701: start power rail timer, state:3
11-26 19:39:46.198  8427  8467 I BatteryMgr:DataCollectionService: stats => 1701023986198,9155,4448,2136,4169000,100
11-26 19:39:46.220  1011  1189 I ASH     : @ 370838.392: tcs3701: stop power rail pending_off timer
11-26 19:39:46.220  1011  1189 D ASH     : @ 370838.392: tcs3701: start power rail timer, state:3
11-26 19:39:46.261  1011  1189 I ASH     : @ 370838.432: tcs3701: stop power rail pending_off timer
11-26 19:39:46.261  1011  1189 D ASH     : @ 370838.432: tcs3701: start power rail timer, state:3
11-26 19:39:46.300  1011  1189 I ASH     : @ 370838.472: tcs3701: stop power rail pending_off timer
11-26 19:39:46.300  1011  1189 D ASH     : @ 370838.472: tcs3701: start power rail timer, state:3
11-26 19:39:46.311  8427  8467 I BatteryMgr:DataCollectionService: stats => 1701023986311,9155,4448,2136,4169000,100
11-26 19:39:46.313  1795  4165 D ActivityManager: freezer override set to true
11-26 19:39:46.340  1011  1189 I ASH     : @ 370838.512: tcs3701: stop power rail pending_off timer
11-26 19:39:46.340  1011  1189 D ASH     : @ 370838.512: tcs3701: start power rail timer, state:3
11-26 19:39:46.381  1011  1189 I ASH     : @ 370838.552: tcs3701: stop power rail pending_off timer
11-26 19:39:46.381  1011  1189 D ASH     : @ 370838.552: tcs3701: start power rail timer, state:3
11-26 19:39:46.419  8427  8467 I BatteryMgr:DataCollectionService: stats => 1701023986419,9155,4448,2136,4169000,100
11-26 19:39:46.420  1011  1189 I ASH     : @ 370838.592: tcs3701: stop power rail pending_off timer
11-26 19:39:46.420  1011  1189 D ASH     : @ 370838.592: tcs3701: start power rail timer, state:3
11-26 19:39:46.460  1011  1189 I ASH     : @ 370838.632: tcs3701: stop power rail pending_off timer
11-26 19:39:46.460  1011  1189 D ASH     : @ 370838.632: tcs3701: start power rail timer, state:3
11-26 19:39:46.501  1011  1189 I ASH     : @ 370838.672: tcs3701: stop power rail pending_off timer
11-26 19:39:46.501  1011  1189 D ASH     : @ 370838.672: tcs3701: start power rail timer, state:3
11-26 19:39:46.530  8427  8467 I BatteryMgr:DataCollectionService: stats => 1701023986530,9155,4448,2136,4169000,100
11-26 19:39:46.541  1011  1189 I ASH     : @ 370838.712: tcs3701: stop power rail pending_off timer
11-26 19:39:46.542  1011  1189 D ASH     : @ 370838.712: tcs3701: start power rail timer, state:3
11-26 19:39:46.581  1011  1189 I ASH     : @ 370838.752: tcs3701: stop power rail pending_off timer
11-26 19:39:46.581  1011  1189 D ASH     : @ 370838.752: tcs3701: start power rail timer, state:3
11-26 19:39:46.620  1011  1189 I ASH     : @ 370838.792: tcs3701: stop power rail pending_off timer
11-26 19:39:46.620  1011  1189 D ASH     : @ 370838.792: tcs3701: start power rail timer, state:3
11-26 19:39:46.637  8427  8467 I BatteryMgr:DataCollectionService: stats => 1701023986637,9155,4448,2136,4169000,100
11-26 19:39:46.660  1011  1189 I ASH     : @ 370838.832: tcs3701: stop power rail pending_off timer
11-26 19:39:46.660  1011  1189 D ASH     : @ 370838.832: tcs3701: start power rail timer, state:3
11-26 19:39:46.700  1011  1189 I ASH     : @ 370838.872: tcs3701: stop power rail pending_off timer
11-26 19:39:46.700  1011  1189 D ASH     : @ 370838.872: tcs3701: start power rail timer, state:3
11-26 19:39:46.740  1011  1189 I ASH     : @ 370838.912: tcs3701: stop power rail pending_off timer
11-26 19:39:46.740  1011  1189 D ASH     : @ 370838.912: tcs3701: start power rail timer, state:3
11-26 19:39:46.745  8427  8467 I BatteryMgr:DataCollectionService: stats => 1701023986745,9155,4448,2136,4169000,100
11-26 19:39:46.778 21872 22256 I m.chrome.canary: Explicit concurrent copying GC freed 2178076(39MB) AllocSpace objects, 9(308KB) LOS objects, 75% free, 18MB/72MB, paused 134us,81us total 223.132ms
11-26 19:39:46.780  1011  1189 I ASH     : @ 370838.952: tcs3701: stop power rail pending_off timer
11-26 19:39:46.780  1011  1189 D ASH     : @ 370838.952: tcs3701: start power rail timer, state:3
11-26 19:39:46.820  1011  1189 I ASH     : @ 370838.992: tcs3701: stop power rail pending_off timer
11-26 19:39:46.820  1011  1189 D ASH     : @ 370838.992: tcs3701: start power rail timer, state:3
11-26 19:39:46.860  1011  1189 I ASH     : @ 370839.032: tcs3701: stop power rail pending_off timer
11-26 19:39:46.860  1011  1189 D ASH     : @ 370839.032: tcs3701: start power rail timer, state:3
11-26 19:39:46.864  8427  8467 I BatteryMgr:DataCollectionService: stats => 1701023986864,9155,4448,2136,4169000,100
11-26 19:39:46.900  1011  1189 I ASH     : @ 370839.072: tcs3701: stop power rail pending_off timer
11-26 19:39:46.900  1011  1189 D ASH     : @ 370839.072: tcs3701: start power rail timer, state:3
11-26 19:39:46.940  1011  1189 I ASH     : @ 370839.112: tcs3701: stop power rail pending_off timer
11-26 19:39:46.940  1011  1189 D ASH     : @ 370839.112: tcs3701: start power rail timer, state:3
11-26 19:39:46.971  8427  8467 I BatteryMgr:DataCollectionService: stats => 1701023986971,9155,4448,2136,4169000,100
11-26 19:39:46.980  1011  1189 I ASH     : @ 370839.152: tcs3701: stop power rail pending_off timer
11-26 19:39:46.980  1011  1189 D ASH     : @ 370839.152: tcs3701: start power rail timer, state:3
11-26 19:39:46.992  1795  4165 D ActivityManager: freezer override set to false
11-26 19:39:47.020  1011  1189 I ASH     : @ 370839.192: tcs3701: stop power rail pending_off timer
11-26 19:39:47.020  1011  1189 D ASH     : @ 370839.192: tcs3701: start power rail timer, state:3
11-26 19:39:47.060  1011  1189 I ASH     : @ 370839.232: tcs3701: stop power rail pending_off timer
11-26 19:39:47.060  1011  1189 D ASH     : @ 370839.232: tcs3701: start power rail timer, state:3
11-26 19:39:47.077  1795  2424 D WifiClientModeImpl[13802:wlan0]: updateLinkLayerStatsRssiSpeedFrequencyCapabilities rssi=-43 TxLinkspeed=650 freq=5240 RxLinkSpeed=866
11-26 19:39:47.077  1795  4162 D ActivityManager: freezer override set to true
11-26 19:39:47.078  1795  2424 D WifiDataStall: tx tput in kbps: 449566
11-26 19:39:47.078  1795  2424 D WifiDataStall: rx tput in kbps: 767898
11-26 19:39:47.078  1795  2424 V WifiConfigManager: Updating scan detail cache freq=5240 BSSID=f4:6d:2f:12:cc:88 RSSI=-42 for "ourhome"WPA_PSK
11-26 19:39:47.078  2782  5906 D QCNEJ/WlanStaInfoRelay: Received action: android.net.wifi.RSSI_CHANGED
11-26 19:39:47.078  2673  2739 V WifiManager: OnWifiUsabilityStatsListener: onWifiUsabilityStats: seqNum=94450
11-26 19:39:47.079  1795  2679 I WifiService: updateWifiUsabilityScore uid=10180 seqNum=94450 score=100 predictionHorizonSec=1441795
11-26 19:39:47.079  1795  2424 D WifiChannelUtilization:  freq: 5240 onTime: 10160088 busyTime: 915282 onTimeDiff: 512232 busyTimeDiff: 58796 utilization: 29 utilization t0: 22
11-26 19:39:47.080  1795  2424 D WifiDataStall:  ccaLevel = 29
11-26 19:39:47.080  1795  2424 D WifiDataStall: L2 txTputKbps: 547548, rxTputKbps: 767898, L3 txTputKbps: 0, rxTputKbps: 0, TxTrafficHigh: false, RxTrafficHigh: false, Throughput Sufficient: true
11-26 19:39:47.080  1795  2424 D WifiScoreReport: Wifi scoring disabled - Don't check IP layer
11-26 19:39:47.080  1795  2424 D WifiScoreCard: BSSID update SIGNAL_POLL ID: 1320464697 SSID: "ourhome", BSSID: f4:6d:2f:12:cc:88, MAC: b2:2f:ec:da:4a:0c, IP: /192.168.1.104, Security type: 2, Supplicant state: COMPLETED, Wi-Fi standard: 5, RSSI: -43, Link speed: 650Mbps, Tx Link speed: 650Mbps, Max Supported Tx Link speed: 866Mbps, Rx Link speed: 866Mbps, Max Supported Rx Link speed: 866Mbps, Frequency: 5240MHz, Net ID: 12, Metered hint: false, score: 60, isUsable: true, CarrierMerged: false, SubscriptionId: -1, IsPrimary: 1, Trusted: true, Restricted: false, Ephemeral: false, OEM paid: false, OEM private: false, OSU AP: false, FQDN: <none>, Provider friendly name: <none>, Requesting package name: <none>"ourhome"wpa2-pskMLO Information: , Is TID-To-Link negotiation supported by the AP: false, AP MLD Address: <none>, AP MLO Link Id: <none>, AP MLO Affiliated links: <none>
11-26 19:39:47.080  1795  2424 D WifiScoreCard: txRate: 15 txSpeed: 650
11-26 19:39:47.080  1795  2424 D WifiScoreCard: network update SIGNAL_POLL "ourhome" ID: 1499892569 RSSI -43 txSpeed 650
11-26 19:39:47.080  2513  3235 V WifiManager: TrafficStateCallbackProxy: onStateChanged state=0
11-26 19:39:47.080  1795  2424 D WifiClientModeImpl[13802:wlan0]:  ClientModeImpl$L2ConnectedState screen=on 37 0 "ourhome" f4:6d:2f:12:cc:88 rssi=-43 f=5240 sc=60 link=650 tx=10.8, 3.3, 0.0 rx=6.4 bcn=3507310 [on:0 tx:0 rx:0 period:3016] from screen [on:524107 period:11552366] score=60
11-26 19:39:47.081  1795  2424 D WifiScoreReport: Wifi scoring disabled - Notify that Wifi is usable
11-26 19:39:47.087  8427  8467 I BatteryMgr:DataCollectionService: stats => 1701023987086,9155,4448,2136,4169000,100
11-26 19:39:47.087  1795  2432 D ConnectivityService: NetReassign [no changes] [c 0] [a 0] [i 4]
11-26 19:39:47.095  1795  4165 D ActivityManager: freezer override set to false
11-26 19:39:47.100  1011  1189 I ASH     : @ 370839.272: tcs3701: stop power rail pending_off timer
11-26 19:39:47.100  1011  1189 D ASH     : @ 370839.272: tcs3701: start power rail timer, state:3
11-26 19:39:47.140  1011  1189 I ASH     : @ 370839.312: tcs3701: stop power rail pending_off timer
11-26 19:39:47.140  1011  1189 D ASH     : @ 370839.312: tcs3701: start power rail timer, state:3
11-26 19:39:47.180  1011  1189 I ASH     : @ 370839.352: tcs3701: stop power rail pending_off timer
11-26 19:39:47.180  1011  1189 D ASH     : @ 370839.352: tcs3701: start power rail timer, state:3
11-26 19:39:47.193  8427  8467 I BatteryMgr:DataCollectionService: stats => 1701023987193,9155,4448,2136,4169000,100
11-26 19:39:47.208  1795  4162 D ActivityManager: freezer override set to true
11-26 19:39:47.218  1795  4162 D ActivityManager: freezer override set to false
11-26 19:39:47.220  1011  1189 I ASH     : @ 370839.392: tcs3701: stop power rail pending_off timer
11-26 19:39:47.221  1011  1189 D ASH     : @ 370839.392: tcs3701: start power rail timer, state:3
11-26 19:39:47.260  1011  1189 I ASH     : @ 370839.432: tcs3701: stop power rail pending_off timer
11-26 19:39:47.260  1011  1189 D ASH     : @ 370839.432: tcs3701: start power rail timer, state:3
11-26 19:39:47.295  8427  8467 I BatteryMgr:DataCollectionService: stats => 1701023987295,9155,4448,2136,4169000,100
11-26 19:39:47.301  1011  1189 I ASH     : @ 370839.472: tcs3701: stop power rail pending_off timer
11-26 19:39:47.301  1011  1189 D ASH     : @ 370839.472: tcs3701: start power rail timer, state:3
11-26 19:39:47.340  1011  1189 I ASH     : @ 370839.512: tcs3701: stop power rail pending_off timer
11-26 19:39:47.340  1011  1189 D ASH     : @ 370839.512: tcs3701: start power rail timer, state:3
11-26 19:39:47.368  2113  2118 I pixel-thermal: skin-therm-monitor: 36.909
11-26 19:39:47.382  1011  1189 I ASH     : @ 370839.552: tcs3701: stop power rail pending_off timer
11-26 19:39:47.382  1011  1189 D ASH     : @ 370839.552: tcs3701: start power rail timer, state:3
11-26 19:39:47.403  8427  8467 I BatteryMgr:DataCollectionService: stats => 1701023987403,9155,4448,2136,4169000,100
11-26 19:39:47.420  1011  1189 I ASH     : @ 370839.592: tcs3701: stop power rail pending_off timer
11-26 19:39:47.420  1011  1189 D ASH     : @ 370839.592: tcs3701: start power rail timer, state:3
11-26 19:39:47.460  1011  1189 I ASH     : @ 370839.632: tcs3701: stop power rail pending_off timer
11-26 19:39:47.460  1011  1189 D ASH     : @ 370839.632: tcs3701: start power rail timer, state:3
11-26 19:39:47.500  1011  1189 I ASH     : @ 370839.672: tcs3701: stop power rail pending_off timer
11-26 19:39:47.500  1011  1189 D ASH     : @ 370839.672: tcs3701: start power rail timer, state:3
11-26 19:39:47.514  8427  8467 I BatteryMgr:DataCollectionService: stats => 1701023987514,9155,4448,2136,4169000,100
11-26 19:39:47.540  1011  1189 I ASH     : @ 370839.712: tcs3701: stop power rail pending_off timer
11-26 19:39:47.540  1011  1189 D ASH     : @ 370839.712: tcs3701: start power rail timer, state:3
11-26 19:39:47.580  1011  1189 I ASH     : @ 370839.752: tcs3701: stop power rail pending_off timer
11-26 19:39:47.580  1011  1189 D ASH     : @ 370839.752: tcs3701: start power rail timer, state:3
11-26 19:39:47.607  1795  4162 D ActivityManager: freezer override set to true
11-26 19:39:47.620  1011  1189 I ASH     : @ 370839.792: tcs3701: stop power rail pending_off timer
11-26 19:39:47.620  1011  1189 D ASH     : @ 370839.792: tcs3701: start power rail timer, state:3
11-26 19:39:47.624  8427  8467 I BatteryMgr:DataCollectionService: stats => 1701023987624,9155,4448,2136,4169000,100
11-26 19:39:47.661  1011  1189 I ASH     : @ 370839.832: tcs3701: stop power rail pending_off timer
11-26 19:39:47.661  1011  1189 D ASH     : @ 370839.832: tcs3701: start power rail timer, state:3
11-26 19:39:47.701  1011  1189 I ASH     : @ 370839.872: tcs3701: stop power rail pending_off timer
11-26 19:39:47.701  1011  1189 D ASH     : @ 370839.872: tcs3701: start power rail timer, state:3
11-26 19:39:47.736  8427  8467 I BatteryMgr:DataCollectionService: stats => 1701023987735,9155,4448,2136,4169000,100
11-26 19:39:47.740  1011  1189 I ASH     : @ 370839.912: tcs3701: stop power rail pending_off timer
11-26 19:39:47.740  1011  1189 D ASH     : @ 370839.912: tcs3701: start power rail timer, state:3
11-26 19:39:47.780  1011  1189 I ASH     : @ 370839.952: tcs3701: stop power rail pending_off timer
11-26 19:39:47.780  1011  1189 D ASH     : @ 370839.952: tcs3701: start power rail timer, state:3
11-26 19:39:47.790  1795  4165 W JobScheduler: Job didn't exist in JobStore: 7cf58dd #u0a202/1034 com.google.android.apps.photos/com.google.android.libraries.social.mediamonitor.MediaMonitorJobSchedulerService
11-26 19:39:47.822  1011  1189 I ASH     : @ 370839.992: tcs3701: stop power rail pending_off timer
11-26 19:39:47.822  1011  1189 D ASH     : @ 370839.992: tcs3701: start power rail timer, state:3
11-26 19:39:47.843  8427  8467 I BatteryMgr:DataCollectionService: stats => 1701023987843,9155,4448,2136,4169000,100
11-26 19:39:47.855  1795  2679 W UriGrantsManagerService: No permission grants found for com.google.android.apps.photos
11-26 19:39:47.855  1795  2679 W UriGrantsManagerService: No permission grants found for com.google.android.apps.photos
11-26 19:39:47.862  1011  1189 I ASH     : @ 370840.032: tcs3701: stop power rail pending_off timer
11-26 19:39:47.862  1011  1189 D ASH     : @ 370840.032: tcs3701: start power rail timer, state:3
11-26 19:39:47.900  1011  1189 I ASH     : @ 370840.072: tcs3701: stop power rail pending_off timer
11-26 19:39:47.900  1011  1189 D ASH     : @ 370840.072: tcs3701: start power rail timer, state:3
11-26 19:39:47.941  1011  1189 I ASH     : @ 370840.112: tcs3701: stop power rail pending_off timer
11-26 19:39:47.941  1011  1189 D ASH     : @ 370840.112: tcs3701: start power rail timer, state:3
11-26 19:39:47.954  8427  8467 I BatteryMgr:DataCollectionService: stats => 1701023987954,9155,4448,2136,4169000,100
11-26 19:39:47.980  1011  1189 I ASH     : @ 370840.152: tcs3701: stop power rail pending_off timer
11-26 19:39:47.980  1011  1189 D ASH     : @ 370840.152: tcs3701: start power rail timer, state:3
11-26 19:39:47.989  1795  2679 W UriGrantsManagerService: No permission grants found for com.google.android.apps.photos
11-26 19:39:48.001  1795  2679 W UriGrantsManagerService: No permission grants found for com.google.android.apps.photos
11-26 19:39:48.015 21872 22256 I m.chrome.canary: Explicit concurrent copying GC freed 1312817(24MB) AllocSpace objects, 9(232KB) LOS objects, 75% free, 14MB/58MB, paused 947us,751us total 112.229ms
11-26 19:39:48.020  1011  1189 I ASH     : @ 370840.192: tcs3701: stop power rail pending_off timer
11-26 19:39:48.020  1011  1189 D ASH     : @ 370840.192: tcs3701: start power rail timer, state:3
11-26 19:39:48.044  1795  2679 W UriGrantsManagerService: No permission grants found for com.google.android.apps.photos
11-26 19:39:48.045  1795  2679 W UriGrantsManagerService: No permission grants found for com.google.android.apps.photos
11-26 19:39:48.060  1011  1189 I ASH     : @ 370840.232: tcs3701: stop power rail pending_off timer
11-26 19:39:48.061  1011  1189 D ASH     : @ 370840.232: tcs3701: start power rail timer, state:3
11-26 19:39:48.065  8427  8467 I BatteryMgr:DataCollectionService: stats => 1701023988065,9155,4448,2136,4169000,100
11-26 19:39:48.100  1011  1189 I ASH     : @ 370840.272: tcs3701: stop power rail pending_off timer
11-26 19:39:48.100  1011  1189 D ASH     : @ 370840.272: tcs3701: start power rail timer, state:3
11-26 19:39:48.128  1795  4165 D ActivityManager: freezer override set to false
11-26 19:39:48.140  1011  1189 I ASH     : @ 370840.312: tcs3701: stop power rail pending_off timer
11-26 19:39:48.140  1011  1189 D ASH     : @ 370840.312: tcs3701: start power rail timer, state:3
11-26 19:39:48.169  1795  4165 D ActivityManager: freezer override set to true
11-26 19:39:48.177  8427  8467 I BatteryMgr:DataCollectionService: stats => 1701023988176,9155,4448,2136,4169000,100
11-26 19:39:48.178  1795  4165 D ActivityManager: freezer override set to false
11-26 19:39:48.180  1011  1189 I ASH     : @ 370840.352: tcs3701: stop power rail pending_off timer
11-26 19:39:48.180  1011  1189 D ASH     : @ 370840.352: tcs3701: start power rail timer, state:3
11-26 19:39:48.220  1011  1189 I ASH     : @ 370840.392: tcs3701: stop power rail pending_off timer
11-26 19:39:48.220  1011  1189 D ASH     : @ 370840.392: tcs3701: start power rail timer, state:3
11-26 19:39:48.230  1795  4165 D ActivityManager: freezer override set to true
11-26 19:39:48.233  1795  4165 D ActivityManager: freezer override set to false
11-26 19:39:48.260  1011  1189 I ASH     : @ 370840.432: tcs3701: stop power rail pending_off timer
11-26 19:39:48.260  1011  1189 D ASH     : @ 370840.432: tcs3701: start power rail timer, state:3
11-26 19:39:48.282  8427  8467 I BatteryMgr:DataCollectionService: stats => 1701023988281,7019,4448,2136,4169000,100
11-26 19:39:48.301  1011  1189 I ASH     : @ 370840.472: tcs3701: stop power rail pending_off timer
11-26 19:39:48.301  1011  1189 D ASH     : @ 370840.472: tcs3701: start power rail timer, state:3
11-26 19:39:48.340  1011  1189 I ASH     : @ 370840.512: tcs3701: stop power rail pending_off timer
11-26 19:39:48.340  1011  1189 D ASH     : @ 370840.512: tcs3701: start power rail timer, state:3
11-26 19:39:48.380  1011  1189 I ASH     : @ 370840.552: tcs3701: stop power rail pending_off timer
11-26 19:39:48.381  1011  1189 D ASH     : @ 370840.552: tcs3701: start power rail timer, state:3
11-26 19:39:48.389  8427  8467 I BatteryMgr:DataCollectionService: stats => 1701023988389,7019,4448,2136,4169000,100
11-26 19:39:48.420  1011  1189 I ASH     : @ 370840.592: tcs3701: stop power rail pending_off timer
11-26 19:39:48.420  1011  1189 D ASH     : @ 370840.592: tcs3701: start power rail timer, state:3
11-26 19:39:48.460  1011  1189 I ASH     : @ 370840.632: tcs3701: stop power rail pending_off timer
11-26 19:39:48.460  1011  1189 D ASH     : @ 370840.632: tcs3701: start power rail timer, state:3
11-26 19:39:48.498  8427  8467 I BatteryMgr:DataCollectionService: stats => 1701023988498,7019,4448,2136,4169000,100
11-26 19:39:48.500  1011  1189 I ASH     : @ 370840.672: tcs3701: stop power rail pending_off timer
11-26 19:39:48.500  1011  1189 D ASH     : @ 370840.672: tcs3701: start power rail timer, state:3
11-26 19:39:48.540  1011  1189 I ASH     : @ 370840.712: tcs3701: stop power rail pending_off timer
11-26 19:39:48.540  1011  1189 D ASH     : @ 370840.712: tcs3701: start power rail timer, state:3
11-26 19:39:48.580  1011  1189 I ASH     : @ 370840.752: tcs3701: stop power rail pending_off timer
11-26 19:39:48.580  1011  1189 D ASH     : @ 370840.752: tcs3701: start power rail timer, state:3
11-26 19:39:48.605  8427  8467 I BatteryMgr:DataCollectionService: stats => 1701023988605,7019,4448,2136,4169000,100
11-26 19:39:48.620  1011  1189 I ASH     : @ 370840.792: tcs3701: stop power rail pending_off timer
11-26 19:39:48.620  1011  1189 D ASH     : @ 370840.792: tcs3701: start power rail timer, state:3
11-26 19:39:48.660  1011  1189 I ASH     : @ 370840.832: tcs3701: stop power rail pending_off timer
11-26 19:39:48.660  1011  1189 D ASH     : @ 370840.832: tcs3701: start power rail timer, state:3
11-26 19:39:48.700  1011  1189 I ASH     : @ 370840.872: tcs3701: stop power rail pending_off timer
11-26 19:39:48.700  1011  1189 D ASH     : @ 370840.872: tcs3701: start power rail timer, state:3
11-26 19:39:48.711  8427  8467 I BatteryMgr:DataCollectionService: stats => 1701023988710,7019,4448,2136,4169000,100
11-26 19:39:48.740  1011  1189 I ASH     : @ 370840.912: tcs3701: stop power rail pending_off timer
11-26 19:39:48.740  1011  1189 D ASH     : @ 370840.912: tcs3701: start power rail timer, state:3
11-26 19:39:48.780  1011  1189 I ASH     : @ 370840.952: tcs3701: stop power rail pending_off timer
11-26 19:39:48.780  1011  1189 D ASH     : @ 370840.952: tcs3701: start power rail timer, state:3
11-26 19:39:48.820  1011  1189 I ASH     : @ 370840.992: tcs3701: stop power rail pending_off timer
11-26 19:39:48.820  1011  1189 D ASH     : @ 370840.992: tcs3701: start power rail timer, state:3
11-26 19:39:48.822  8427  8467 I BatteryMgr:DataCollectionService: stats => 1701023988821,7019,4448,2136,4169000,100
11-26 19:39:48.860  1011  1189 I ASH     : @ 370841.032: tcs3701: stop power rail pending_off timer
11-26 19:39:48.860  1011  1189 D ASH     : @ 370841.032: tcs3701: start power rail timer, state:3
11-26 19:39:48.890  2503  2503 D wpa_supplicant: wpa_driver_nl80211_driver_cmd BTCOEXMODE 1 len = 0, 4096
11-26 19:39:48.891  1795  2424 D WifiClientModeImpl[13802:wlan0]: setSuspendOptimizationsNative: 1 false -want true stack:setSuspendOptimizationsNative - handlePreDhcpSetup - processMessageImpl - processMessage
11-26 19:39:48.891  2503  2503 D wpa_supplicant: wpa_driver_nl80211_driver_cmd SETSUSPENDMODE 0 len = 0, 4096
11-26 19:39:48.891  1795  2424 D WifiClientModeImpl[13802:wlan0]: Request to set power save for: wlan0 to: false requested by: 1, mPowerSaveDisableRequests = 0
11-26 19:39:48.891  1795  2424 D WifiClientModeImpl[13802:wlan0]: Setting power save to: false, mPowerSaveDisableRequests = 1
11-26 19:39:48.891  2503  2503 D wpa_supplicant: nl80211: set_p2p_powersave (legacy_ps=0 opp_ps=-1 ctwindow=-1)
11-26 19:39:48.900  1011  1189 I ASH     : @ 370841.072: tcs3701: stop power rail pending_off timer
11-26 19:39:48.900  1011  1189 D ASH     : @ 370841.072: tcs3701: start power rail timer, state:3
11-26 19:39:48.909  1795  2424 D WifiClientModeImpl[13802:wlan0]:  ClientModeImpl$L2ConnectedState screen=on 1 0 txpkts=974417,0,142228
11-26 19:39:48.909  1795  2426 D WifiP2pService: P2pDisabledState cmd = BLOCK_DISCOVERY { when=-1ms what=143375 arg1=1 arg2=131328 target=com.android.wifi.x.com.android.internal.util.StateMachine$SmHandler }
11-26 19:39:48.909  1795  2426 D WifiP2pService: DefaultState cmd = BLOCK_DISCOVERY { when=-1ms what=143375 arg1=1 arg2=131328 target=com.android.wifi.x.com.android.internal.util.StateMachine$SmHandler }
11-26 19:39:48.909  1795  2424 D WifiClientModeImpl[13802:wlan0]:  ClientModeImpl$L2ConnectedState screen=on uid=1000 0 0
11-26 19:39:48.911  2632  2994 D DhcpClient: Unicasting DHCPREQUEST ciaddr=192.168.1.104 request=0.0.0.0 serverid=null to /192.168.1.1:67
11-26 19:39:48.928  8427  8467 I BatteryMgr:DataCollectionService: stats => 1701023988928,7019,4448,2136,4169000,100
11-26 19:39:48.940  1011  1189 I ASH     : @ 370841.112: tcs3701: stop power rail pending_off timer
11-26 19:39:48.940  1011  1189 D ASH     : @ 370841.112: tcs3701: start power rail timer, state:3
11-26 19:39:48.980  1011  1189 I ASH     : @ 370841.152: tcs3701: stop power rail pending_off timer
11-26 19:39:48.980  1011  1189 D ASH     : @ 370841.152: tcs3701: start power rail timer, state:3
11-26 19:39:48.989  2632  2994 D DhcpClient: Received packet: b2:2f:ec:da:4a:0c ACK: your new IP /192.168.1.104, netmask /255.255.255.0, gateways [/192.168.1.1] DNS servers: /213.160.212.3 /213.160.223.35 , lease time 7200
11-26 19:39:48.990  2632  2994 D DhcpClient: Renewed lease: com.android.networkstack.android.net.DhcpResults@385fb94f DHCP server /192.168.1.1 Vendor info null lease 7200 seconds Servername 
11-26 19:39:48.999  2632  2994 D DhcpClient: Scheduling renewal in 3599s
11-26 19:39:48.999  2632  2994 D DhcpClient: Scheduling rebind in 6299s
11-26 19:39:48.999  2632  2994 D DhcpClient: Scheduling expiry in 7199s
11-26 19:39:49.001  1795  2424 D WifiClientModeImpl[13802:wlan0]: setSuspendOptimizationsNative: 1 true -want true stack:setSuspendOptimizationsNative - handlePostDhcpSetup - processMessageImpl - processMessage
11-26 19:39:49.001  1795  2424 D WifiClientModeImpl[13802:wlan0]: Request to set power save for: wlan0 to: true requested by: 1, mPowerSaveDisableRequests = 1
11-26 19:39:49.001  1795  2424 D WifiClientModeImpl[13802:wlan0]: Setting power save to: true, mPowerSaveDisableRequests = 0
11-26 19:39:49.001  2503  2503 D wpa_supplicant: nl80211: set_p2p_powersave (legacy_ps=1 opp_ps=-1 ctwindow=-1)
11-26 19:39:49.003  1795  2426 D WifiP2pService: P2pDisabledState cmd = BLOCK_DISCOVERY { when=0 what=143375 target=com.android.wifi.x.com.android.internal.util.StateMachine$SmHandler }
11-26 19:39:49.003  1795  2426 D WifiP2pService: DefaultState cmd = BLOCK_DISCOVERY { when=0 what=143375 target=com.android.wifi.x.com.android.internal.util.StateMachine$SmHandler }
11-26 19:39:49.003  2503  2503 D wpa_supplicant: wpa_driver_nl80211_driver_cmd BTCOEXMODE 2 len = 0, 4096
11-26 19:39:49.003  1795  2424 D WifiClientModeImpl[13802:wlan0]:  ClientModeImpl$L2ConnectedState screen=on v4 v4r v4dns
11-26 19:39:49.006  1795  2424 D WifiClientModeImpl[13802:wlan0]: handleIPv4Success <com.android.wifi.x.android.net.DhcpResultsParcelable{baseConfiguration: IP address 192.168.1.104/24 Gateway 192.168.1.1  DNS servers: [ 213.160.212.3 213.160.223.35 ] Domains , leaseDuration: 7200, mtu: 0, serverAddress: 192.168.1.1, vendorInfo: null, serverHostName: , captivePortalApiUrl: null}>
11-26 19:39:49.006  1795  2424 D WifiClientModeImpl[13802:wlan0]: link address 192.168.1.104/24
11-26 19:39:49.007  1795  2424 I WifiClientModeImpl[13802:wlan0]: Update current security type to 2
11-26 19:39:49.009  1795  2424 D WifiClientModeImpl[13802:wlan0]: reported txKbps 4485 rxKbps 58565
11-26 19:39:49.009  1795  2424 D WifiClientModeImpl[13802:wlan0]: Queueing broadcast=NETWORK_STATE_CHANGED_ACTION networkAgentState=CONNECTED
11-26 19:39:49.010  1795  2424 I WifiActiveModeWarden: Sending onWifiNetworkStateChanged cmmRole=1 state=6
11-26 19:39:49.010  1795  2424 D WifiClientModeImpl: Sending broadcast=NETWORK_STATE_CHANGED_ACTION networkAgentState=CONNECTED
11-26 19:39:49.013  1795  2424 D WifiClientModeImpl[13802:wlan0]:  ClientModeImpl$L2ConnectedState screen=on com.android.wifi.x.android.net.DhcpResultsParcelable{baseConfiguration: IP address 192.168.1.104/24 Gateway 192.168.1.1  DNS servers: [ 213.160.212.3 213.160.223.35 ] Domains , leaseDuration: 7200, mtu: 0, serverAddress: 192.168.1.1, vendorInfo: null, serverHostName: , captivePortalApiUrl: null}
11-26 19:39:49.014  2782  5906 D QCNEJ/WlanStaInfoRelay: Received action: android.net.wifi.STATE_CHANGE
11-26 19:39:49.015  1795  4165 I WifiService: getConnectionInfo uid=10291
11-26 19:39:49.016  1795  2424 D WifiClientModeImpl[13802:wlan0]: Link configuration changed for netId: 12 old: {InterfaceName: wlan0 LinkAddresses: [ fe80::b02f:ecff:feda:4a0c/64,192.168.1.104/24,fdd5:1a5b:57e4:4afd:b02f:ecff:feda:4a0c/64,fdd5:1a5b:57e4:4afd:a1e7:939e:154e:e10f/64,fdd5:1a5b:57e4:4afd:c5c3:c7fd:8a8e:fb62/64,fdd5:1a5b:57e4:4afd:4765:ae2b:ed49:c635/64,fdd5:1a5b:57e4:4afd:b55f:b8d:e1bf:37d6/64,fdd5:1a5b:57e4:4afd:1051:4e35:82b8:b787/64 ] DnsAddresses: [ /213.160.212.3,/213.160.223.35 ] Domains: null MTU: 0 ServerAddress: /192.168.1.1 TcpBufferSizes: 524288,2097152,8388608,262144,524288,4194304 Routes: [ fe80::/64 -> :: wlan0 mtu 0,fdb3:2d18:2e07::/64 -> fe80::b5:be29:2d9a:a24f wlan0 mtu 0,fdd5:1a5b:57e4:4afd::/64 -> :: wlan0 mtu 0,192.168.1.0/24 -> 0.0.0.0 wlan0 mtu 0,0.0.0.0/0 -> 192.168.1.1 wlan0 mtu 0 ]} new: {InterfaceName: wlan0 LinkAddresses: [ fe80::b02f:ecff:feda:4a0c/64,192.168.1.104/24,fdd5:1a5b:57e4:4afd:b02f:ecff:feda:4a0c/64,fdd5:1a5b:57e4:4afd:a1e7:939e:154e:e10f/64,fdd5:1a5b:57e4:4afd:c5c3:c7fd:8a8e:fb62/64,fdd5:1a5b:57e4:4afd:4765:ae2b:ed49:c635/64,fdd5:1a5b:57e4:4afd:b55f:b8d:e1bf:37d6/64,fdd5:1a5b:57e4:4afd:1051:4e35:82b8:b787/64 ] DnsAddresses: [ /213.160.212.3,/213.160.223.35 ] Domains: null MTU: 0 ServerAddress: /192.168.1.1 TcpBufferSizes: 524288,2097152,8388608,262144,524288,4194304 Routes: [ fe80::/64 -> :: wlan0 mtu 0,fdb3:2d18:2e07::/64 -> fe80::b5:be29:2d9a:a24f wlan0 mtu 0,fdd5:1a5b:57e4:4afd::/64 -> :: wlan0 mtu 0,192.168.1.0/24 -> 0.0.0.0 wlan0 mtu 0,0.0.0.0/0 -> 192.168.1.1 wlan0 mtu 0 ]}
11-26 19:39:49.016  1795  4162 I WifiService: getWifiEnabledState uid=10233 state=3
11-26 19:39:49.016  1795  2424 D WifiClientModeImpl[13802:wlan0]: Queuing broadcast=ACTION_LINK_CONFIGURATION_CHANGED
11-26 19:39:49.016  1795  2679 I WifiService: getConnectionInfo uid=10158
11-26 19:39:49.016  1795  2424 D WifiClientModeImpl[13802:wlan0]: Sending broadcast=ACTION_LINK_CONFIGURATION_CHANGED
11-26 19:39:49.016  1795  2424 D WifiClientModeImpl[13802:wlan0]: updateLinkProperties nid: 12 state: CONNECTED v4 v4r v4dns
11-26 19:39:49.016  1795  2424 D WifiClientModeImpl[13802:wlan0]:  ClientModeImpl$ConnectableState screen=on 1 0 v4 v4r v4dns
11-26 19:39:49.017  1795  4165 V WifiService: Clearing REDACT_FOR_ACCESS_FINE_LOCATION for com.qualcomm.qti.cne(uid=10291)
11-26 19:39:49.017  1795  2679 V WifiService: Clearing REDACT_FOR_LOCAL_MAC_ADDRESS for com.google.android.gms(uid=10158)
11-26 19:39:49.018  1795  2679 V WifiPermissionsUtil: enforceCanAccessScanResults(pkg=com.google.android.gms, uid=10158): location is disabled
11-26 19:39:49.018  1795  2679 V WifiService: Keeping REDACT_FOR_ACCESS_FINE_LOCATION:java.lang.SecurityException: Location mode is disabled for the device
11-26 19:39:49.018  2782  5906 D QCNEJ/WlanStaInfoRelay: Received action: android.net.wifi.LINK_CONFIGURATION_CHANGED
11-26 19:39:49.018  2782  5906 E QCNEJ/WlanStaInfoRelay: update link properties given null lp
11-26 19:39:49.019 26837 27082 I NearbyDiscovery: (REDACTED) FastPairHandler: Received action %s
11-26 19:39:49.020  1011  1189 I ASH     : @ 370841.192: tcs3701: stop power rail pending_off timer
11-26 19:39:49.020  1011  1189 D ASH     : @ 370841.192: tcs3701: start power rail timer, state:3
11-26 19:39:49.025  2673  2720 D DeviceStateHelper: Wifi freq: 5240
11-26 19:39:49.027  3473  4683 I CarrierServices: [49] ekm.handleMessage: RcsEngineImpl[DUAL_REG]:[deae450f-f3f3]>Handler: handleMessage processing message:[NOTIFY_UPTIME_IGNORE_STATE_CHANGED] with [non-null]:RcsEngineImpl reference
11-26 19:39:49.028  3473  4697 I CarrierServices: [50] eam.c: Connected state: [1], networkType: [WIFI]
