11-26 19:29:22.314  1011  1189 D ASH     : @ 370214.486: tcs3701: start power rail timer, state:3
11-26 19:29:22.354  1011  1189 I ASH     : @ 370214.526: tcs3701: stop power rail pending_off timer
11-26 19:29:22.354  1011  1189 D ASH     : @ 370214.526: tcs3701: start power rail timer, state:3
11-26 19:29:22.360  8427  8467 I BatteryMgr:DataCollectionService: stats => 1701023362360,8239,4448,2136,4169000,100
11-26 19:29:22.394  1011  1189 I ASH     : @ 370214.566: tcs3701: stop power rail pending_off timer
11-26 19:29:22.394  1011  1189 D ASH     : @ 370214.566: tcs3701: start power rail timer, state:3
11-26 19:29:22.434  1011  1189 I ASH     : @ 370214.606: tcs3701: stop power rail pending_off timer
11-26 19:29:22.434  1011  1189 D ASH     : @ 370214.606: tcs3701: start power rail timer, state:3
11-26 19:29:22.465  8427  8467 I BatteryMgr:DataCollectionService: stats => 1701023362465,8239,4448,2136,4169000,100
11-26 19:29:22.474  1011  1189 I ASH     : @ 370214.646: tcs3701: stop power rail pending_off timer
11-26 19:29:22.474  1011  1189 D ASH     : @ 370214.646: tcs3701: start power rail timer, state:3
11-26 19:29:22.482  1795  3613 D ActivityManager: freezer override set to true
11-26 19:29:22.487  1795  3613 D ActivityManager: freezer override set to false
11-26 19:29:22.514  1011  1189 I ASH     : @ 370214.686: tcs3701: stop power rail pending_off timer
11-26 19:29:22.514  1011  1189 D ASH     : @ 370214.686: tcs3701: start power rail timer, state:3
11-26 19:29:22.533  1795  2424 D WifiClientModeImpl[13802:wlan0]: updateLinkLayerStatsRssiSpeedFrequencyCapabilities rssi=-47 TxLinkspeed=866 freq=5240 RxLinkSpeed=866
11-26 19:29:22.534  1795  2424 D WifiDataStall: tx tput in kbps: 663301
11-26 19:29:22.534  1795  2424 D WifiDataStall: rx tput in kbps: 771281
11-26 19:29:22.534  1795  2424 V WifiConfigManager: Updating scan detail cache freq=5240 BSSID=f4:6d:2f:12:cc:88 RSSI=-46 for "ourhome"WPA_PSK
11-26 19:29:22.534  1795  2424 D WifiChannelUtilization:  freq: 5240 onTime: 10138826 busyTime: 911730 onTimeDiff: 490970 busyTimeDiff: 55244 utilization: 28 utilization t0: 22
11-26 19:29:22.534  1795  2424 D WifiDataStall:  ccaLevel = 28
11-26 19:29:22.534  1795  2424 D WifiDataStall: L2 txTputKbps: 385640, rxTputKbps: 771281, L3 txTputKbps: 20, rxTputKbps: 1, TxTrafficHigh: true, RxTrafficHigh: false, Throughput Sufficient: true
11-26 19:29:22.534  1795  2424 D WifiScoreReport: Wifi scoring disabled - Don't check IP layer
11-26 19:29:22.534  2673  2726 V WifiManager: OnWifiUsabilityStatsListener: onWifiUsabilityStats: seqNum=94243
11-26 19:29:22.534  1795  2424 D WifiScoreCard: BSSID update SIGNAL_POLL ID: 1320464697 SSID: "ourhome", BSSID: f4:6d:2f:12:cc:88, MAC: b2:2f:ec:da:4a:0c, IP: /192.168.1.104, Security type: 2, Supplicant state: COMPLETED, Wi-Fi standard: 5, RSSI: -47, Link speed: 866Mbps, Tx Link speed: 866Mbps, Max Supported Tx Link speed: 866Mbps, Rx Link speed: 866Mbps, Max Supported Rx Link speed: 866Mbps, Frequency: 5240MHz, Net ID: 12, Metered hint: false, score: 60, isUsable: true, CarrierMerged: false, SubscriptionId: -1, IsPrimary: 1, Trusted: true, Restricted: false, Ephemeral: false, OEM paid: false, OEM private: false, OSU AP: false, FQDN: <none>, Provider friendly name: <none>, Requesting package name: <none>"ourhome"wpa2-pskMLO Information: , Is TID-To-Link negotiation supported by the AP: false, AP MLD Address: <none>, AP MLO Link Id: <none>, AP MLO Affiliated links: <none>
11-26 19:29:22.534  2782  5906 D QCNEJ/WlanStaInfoRelay: Received action: android.net.wifi.RSSI_CHANGED
11-26 19:29:22.534  1795  2424 D WifiScoreCard: txRate: 11 txSpeed: 866
11-26 19:29:22.534  1795  2424 D WifiScoreCard: network update SIGNAL_POLL "ourhome" ID: 1499892569 RSSI -47 txSpeed 866
11-26 19:29:22.535  1795  2424 D WifiClientModeImpl[13802:wlan0]:  ClientModeImpl$L2ConnectedState screen=on 37 0 "ourhome" f4:6d:2f:12:cc:88 rssi=-47 f=5240 sc=60 link=866 tx=8.0, 2.1, 0.0 rx=19.5 bcn=3501222 [on:145 tx:2 rx:1 period:3015] from screen [on:502845 period:10927821] score=60
11-26 19:29:22.535  1795  3613 I WifiService: updateWifiUsabilityScore uid=10180 seqNum=94243 score=100 predictionHorizonSec=1441795
11-26 19:29:22.536  1795  2424 D WifiScoreReport: Wifi scoring disabled - Notify that Wifi is usable
11-26 19:29:22.538  1795  2432 D ConnectivityService: NetReassign [no changes] [c 0] [a 0] [i 2]
11-26 19:29:22.554  1011  1189 I ASH     : @ 370214.726: tcs3701: stop power rail pending_off timer
11-26 19:29:22.554  1011  1189 D ASH     : @ 370214.726: tcs3701: start power rail timer, state:3
11-26 19:29:22.570  8427  8467 I BatteryMgr:DataCollectionService: stats => 1701023362570,8239,4448,2136,4169000,100
11-26 19:29:22.594  1011  1189 I ASH     : @ 370214.766: tcs3701: stop power rail pending_off timer
11-26 19:29:22.594  1011  1189 D ASH     : @ 370214.766: tcs3701: start power rail timer, state:3
11-26 19:29:22.634  1011  1189 I ASH     : @ 370214.806: tcs3701: stop power rail pending_off timer
11-26 19:29:22.634  1011  1189 D ASH     : @ 370214.806: tcs3701: start power rail timer, state:3
11-26 19:29:22.674  1011  1189 I ASH     : @ 370214.846: tcs3701: stop power rail pending_off timer
11-26 19:29:22.674  1011  1189 D ASH     : @ 370214.846: tcs3701: start power rail timer, state:3
11-26 19:29:22.675  8427  8467 I BatteryMgr:DataCollectionService: stats => 1701023362675,8239,4448,2136,4169000,100
11-26 19:29:22.707  2113  2118 I pixel-thermal: skin-therm-monitor: 38.088
11-26 19:29:22.714  1011  1189 I ASH     : @ 370214.886: tcs3701: stop power rail pending_off timer
11-26 19:29:22.714  1011  1189 D ASH     : @ 370214.886: tcs3701: start power rail timer, state:3
11-26 19:29:22.754  1011  1189 I ASH     : @ 370214.926: tcs3701: stop power rail pending_off timer
11-26 19:29:22.754  1011  1189 D ASH     : @ 370214.926: tcs3701: start power rail timer, state:3
11-26 19:29:22.779  8427  8467 I BatteryMgr:DataCollectionService: stats => 1701023362779,8239,4448,2136,4169000,100
11-26 19:29:22.795  1011  1189 I ASH     : @ 370214.966: tcs3701: stop power rail pending_off timer
11-26 19:29:22.795  1011  1189 D ASH     : @ 370214.966: tcs3701: start power rail timer, state:3
11-26 19:29:22.834  1011  1189 I ASH     : @ 370215.006: tcs3701: stop power rail pending_off timer
11-26 19:29:22.834  1011  1189 D ASH     : @ 370215.006: tcs3701: start power rail timer, state:3
11-26 19:29:22.874  1011  1189 I ASH     : @ 370215.046: tcs3701: stop power rail pending_off timer
11-26 19:29:22.874  1011  1189 D ASH     : @ 370215.046: tcs3701: start power rail timer, state:3
11-26 19:29:22.887  8427  8467 I BatteryMgr:DataCollectionService: stats => 1701023362886,8239,4448,2136,4169000,100
11-26 19:29:22.914  1011  1189 I ASH     : @ 370215.086: tcs3701: stop power rail pending_off timer
11-26 19:29:22.914  1011  1189 D ASH     : @ 370215.086: tcs3701: start power rail timer, state:3
11-26 19:29:22.954  1011  1189 I ASH     : @ 370215.126: tcs3701: stop power rail pending_off timer
11-26 19:29:22.954  1011  1189 D ASH     : @ 370215.126: tcs3701: start power rail timer, state:3
11-26 19:29:22.992  8427  8467 I BatteryMgr:DataCollectionService: stats => 1701023362992,8239,4448,2136,4169000,100
11-26 19:29:22.995  1011  1189 I ASH     : @ 370215.166: tcs3701: stop power rail pending_off timer
11-26 19:29:22.995  1011  1189 D ASH     : @ 370215.166: tcs3701: start power rail timer, state:3
11-26 19:29:23.034  1011  1189 I ASH     : @ 370215.206: tcs3701: stop power rail pending_off timer
11-26 19:29:23.034  1011  1189 D ASH     : @ 370215.206: tcs3701: start power rail timer, state:3
11-26 19:29:23.074  1011  1189 I ASH     : @ 370215.246: tcs3701: stop power rail pending_off timer
11-26 19:29:23.074  1011  1189 D ASH     : @ 370215.246: tcs3701: start power rail timer, state:3
11-26 19:29:23.097  8427  8467 I BatteryMgr:DataCollectionService: stats => 1701023363097,8239,4448,2136,4169000,100
11-26 19:29:23.114  1011  1189 I ASH     : @ 370215.286: tcs3701: stop power rail pending_off timer
11-26 19:29:23.114  1011  1189 D ASH     : @ 370215.286: tcs3701: start power rail timer, state:3
11-26 19:29:23.154  1011  1189 I ASH     : @ 370215.326: tcs3701: stop power rail pending_off timer
11-26 19:29:23.154  1011  1189 D ASH     : @ 370215.326: tcs3701: start power rail timer, state:3
11-26 19:29:23.194  1011  1189 I ASH     : @ 370215.366: tcs3701: stop power rail pending_off timer
11-26 19:29:23.194  1011  1189 D ASH     : @ 370215.366: tcs3701: start power rail timer, state:3
11-26 19:29:23.203  8427  8467 I BatteryMgr:DataCollectionService: stats => 1701023363203,8239,4448,2136,4169000,100
11-26 19:29:23.234  1011  1189 I ASH     : @ 370215.406: tcs3701: stop power rail pending_off timer
11-26 19:29:23.234  1011  1189 D ASH     : @ 370215.406: tcs3701: start power rail timer, state:3
11-26 19:29:23.274  1011  1189 I ASH     : @ 370215.446: tcs3701: stop power rail pending_off timer
11-26 19:29:23.274  1011  1189 D ASH     : @ 370215.446: tcs3701: start power rail timer, state:3
11-26 19:29:23.295  1795  3613 D ActivityManager: freezer override set to true
11-26 19:29:23.312  8427  8467 I BatteryMgr:DataCollectionService: stats => 1701023363312,8239,4448,2136,4169000,100
11-26 19:29:23.314  1011  1189 I ASH     : @ 370215.486: tcs3701: stop power rail pending_off timer
11-26 19:29:23.314  1011  1189 D ASH     : @ 370215.486: tcs3701: start power rail timer, state:3
11-26 19:29:23.354  1011  1189 I ASH     : @ 370215.526: tcs3701: stop power rail pending_off timer
11-26 19:29:23.354  1011  1189 D ASH     : @ 370215.526: tcs3701: start power rail timer, state:3
11-26 19:29:23.395  1011  1189 I ASH     : @ 370215.566: tcs3701: stop power rail pending_off timer
11-26 19:29:23.395  1011  1189 D ASH     : @ 370215.566: tcs3701: start power rail timer, state:3
11-26 19:29:23.418  8427  8467 I BatteryMgr:DataCollectionService: stats => 1701023363418,8239,4448,2136,4169000,100
11-26 19:29:23.420  5269  5325 I m.chrome.canary: Explicit concurrent copying GC freed 3824(192KB) AllocSpace objects, 4(80KB) LOS objects, 75% free, 13MB/55MB, paused 76us,24us total 66.402ms
11-26 19:29:23.434  1011  1189 I ASH     : @ 370215.606: tcs3701: stop power rail pending_off timer
11-26 19:29:23.434  1011  1189 D ASH     : @ 370215.606: tcs3701: start power rail timer, state:3
11-26 19:29:23.474  1011  1189 I ASH     : @ 370215.646: tcs3701: stop power rail pending_off timer
11-26 19:29:23.474  1011  1189 D ASH     : @ 370215.646: tcs3701: start power rail timer, state:3
11-26 19:29:23.513  1795  4168 D ActivityManager: freezer override set to false
11-26 19:29:23.514  1011  1189 I ASH     : @ 370215.686: tcs3701: stop power rail pending_off timer
11-26 19:29:23.514  1011  1189 D ASH     : @ 370215.686: tcs3701: start power rail timer, state:3
11-26 19:29:23.523  8427  8467 I BatteryMgr:DataCollectionService: stats => 1701023363523,8239,4448,2136,4169000,100
11-26 19:29:23.551  1795  4168 D ActivityManager: freezer override set to true
11-26 19:29:23.553  1795  4168 D ActivityManager: freezer override set to false
11-26 19:29:23.554  1011  1189 I ASH     : @ 370215.726: tcs3701: stop power rail pending_off timer
11-26 19:29:23.554  1011  1189 D ASH     : @ 370215.726: tcs3701: start power rail timer, state:3
11-26 19:29:23.586  1795  4168 D ActivityManager: freezer override set to true
11-26 19:29:23.589  1795  4168 D ActivityManager: freezer override set to false
11-26 19:29:23.594  1011  1189 I ASH     : @ 370215.766: tcs3701: stop power rail pending_off timer
11-26 19:29:23.594  1011  1189 D ASH     : @ 370215.766: tcs3701: start power rail timer, state:3
11-26 19:29:23.628  8427  8467 I BatteryMgr:DataCollectionService: stats => 1701023363628,8239,4448,2136,4169000,100
11-26 19:29:23.634  1011  1189 I ASH     : @ 370215.806: tcs3701: stop power rail pending_off timer
11-26 19:29:23.634  1011  1189 D ASH     : @ 370215.806: tcs3701: start power rail timer, state:3
11-26 19:29:23.675  1011  1189 I ASH     : @ 370215.846: tcs3701: stop power rail pending_off timer
11-26 19:29:23.675  1011  1189 D ASH     : @ 370215.846: tcs3701: start power rail timer, state:3
11-26 19:29:23.714  1011  1189 I ASH     : @ 370215.886: tcs3701: stop power rail pending_off timer
11-26 19:29:23.714  1011  1189 D ASH     : @ 370215.886: tcs3701: start power rail timer, state:3
11-26 19:29:23.731  8427  8467 I BatteryMgr:DataCollectionService: stats => 1701023363731,8239,4448,2136,4169000,100
11-26 19:29:23.754  1011  1189 I ASH     : @ 370215.926: tcs3701: stop power rail pending_off timer
11-26 19:29:23.754  1011  1189 D ASH     : @ 370215.926: tcs3701: start power rail timer, state:3
11-26 19:29:23.794  1011  1189 I ASH     : @ 370215.966: tcs3701: stop power rail pending_off timer
11-26 19:29:23.794  1011  1189 D ASH     : @ 370215.966: tcs3701: start power rail timer, state:3
11-26 19:29:23.834  1011  1189 I ASH     : @ 370216.006: tcs3701: stop power rail pending_off timer
11-26 19:29:23.834  1011  1189 D ASH     : @ 370216.006: tcs3701: start power rail timer, state:3
11-26 19:29:23.838  8427  8467 I BatteryMgr:DataCollectionService: stats => 1701023363838,8239,4448,2136,4169000,100
11-26 19:29:23.874  1011  1189 I ASH     : @ 370216.046: tcs3701: stop power rail pending_off timer
11-26 19:29:23.874  1011  1189 D ASH     : @ 370216.046: tcs3701: start power rail timer, state:3
11-26 19:29:23.914  1011  1189 I ASH     : @ 370216.086: tcs3701: stop power rail pending_off timer
11-26 19:29:23.914  1011  1189 D ASH     : @ 370216.086: tcs3701: start power rail timer, state:3
11-26 19:29:23.943  8427  8467 I BatteryMgr:DataCollectionService: stats => 1701023363943,8239,4448,2136,4169000,100
11-26 19:29:23.954  1011  1189 I ASH     : @ 370216.126: tcs3701: stop power rail pending_off timer
11-26 19:29:23.954  1011  1189 D ASH     : @ 370216.126: tcs3701: start power rail timer, state:3
11-26 19:29:23.994  1011  1189 I ASH     : @ 370216.166: tcs3701: stop power rail pending_off timer
11-26 19:29:23.994  1011  1189 D ASH     : @ 370216.166: tcs3701: start power rail timer, state:3
11-26 19:29:24.034  1011  1189 I ASH     : @ 370216.206: tcs3701: stop power rail pending_off timer
11-26 19:29:24.034  1011  1189 D ASH     : @ 370216.206: tcs3701: start power rail timer, state:3
11-26 19:29:24.048  8427  8467 I BatteryMgr:DataCollectionService: stats => 1701023364048,8239,4448,2136,4169000,100
11-26 19:29:24.074  1011  1189 I ASH     : @ 370216.246: tcs3701: stop power rail pending_off timer
11-26 19:29:24.074  1011  1189 D ASH     : @ 370216.246: tcs3701: start power rail timer, state:3
11-26 19:29:24.114  1011  1189 I ASH     : @ 370216.286: tcs3701: stop power rail pending_off timer
11-26 19:29:24.114  1011  1189 D ASH     : @ 370216.286: tcs3701: start power rail timer, state:3
11-26 19:29:24.153  8427  8467 I BatteryMgr:DataCollectionService: stats => 1701023364153,8239,4448,2136,4169000,100
11-26 19:29:24.154  1011  1189 I ASH     : @ 370216.326: tcs3701: stop power rail pending_off timer
11-26 19:29:24.154  1011  1189 D ASH     : @ 370216.326: tcs3701: start power rail timer, state:3
11-26 19:29:24.194  1011  1189 I ASH     : @ 370216.366: tcs3701: stop power rail pending_off timer
11-26 19:29:24.194  1011  1189 D ASH     : @ 370216.366: tcs3701: start power rail timer, state:3
11-26 19:29:24.234  1011  1189 I ASH     : @ 370216.406: tcs3701: stop power rail pending_off timer
11-26 19:29:24.234  1011  1189 D ASH     : @ 370216.406: tcs3701: start power rail timer, state:3
11-26 19:29:24.258  8427  8467 I BatteryMgr:DataCollectionService: stats => 1701023364258,8239,4448,2136,4169000,100
11-26 19:29:24.274  1011  1189 I ASH     : @ 370216.446: tcs3701: stop power rail pending_off timer
11-26 19:29:24.274  1011  1189 D ASH     : @ 370216.446: tcs3701: start power rail timer, state:3
11-26 19:29:24.314  1011  1189 I ASH     : @ 370216.486: tcs3701: stop power rail pending_off timer
11-26 19:29:24.314  1011  1189 D ASH     : @ 370216.486: tcs3701: start power rail timer, state:3
11-26 19:29:24.354  1011  1189 I ASH     : @ 370216.526: tcs3701: stop power rail pending_off timer
11-26 19:29:24.354  1011  1189 D ASH     : @ 370216.526: tcs3701: start power rail timer, state:3
11-26 19:29:24.363  8427  8467 I BatteryMgr:DataCollectionService: stats => 1701023364363,8239,4448,2136,4169000,100
11-26 19:29:24.394  1011  1189 I ASH     : @ 370216.566: tcs3701: stop power rail pending_off timer
11-26 19:29:24.394  1011  1189 D ASH     : @ 370216.566: tcs3701: start power rail timer, state:3
11-26 19:29:24.434  1011  1189 I ASH     : @ 370216.606: tcs3701: stop power rail pending_off timer
11-26 19:29:24.434  1011  1189 D ASH     : @ 370216.606: tcs3701: start power rail timer, state:3
11-26 19:29:24.471  8427  8467 I BatteryMgr:DataCollectionService: stats => 1701023364471,8239,4448,2136,4169000,100
11-26 19:29:24.474  1011  1189 I ASH     : @ 370216.646: tcs3701: stop power rail pending_off timer
11-26 19:29:24.474  1011  1189 D ASH     : @ 370216.646: tcs3701: start power rail timer, state:3
11-26 19:29:24.476  1795  4168 D ActivityManager: freezer override set to true
11-26 19:29:24.481  1795  4168 D ActivityManager: freezer override set to false
11-26 19:29:24.514  1011  1189 I ASH     : @ 370216.686: tcs3701: stop power rail pending_off timer
11-26 19:29:24.514  1011  1189 D ASH     : @ 370216.686: tcs3701: start power rail timer, state:3
11-26 19:29:24.554  1011  1189 I ASH     : @ 370216.726: tcs3701: stop power rail pending_off timer
11-26 19:29:24.554  1011  1189 D ASH     : @ 370216.726: tcs3701: start power rail timer, state:3
11-26 19:29:24.575  8427  8467 I BatteryMgr:DataCollectionService: stats => 1701023364575,8239,4448,2136,4169000,100
11-26 19:29:24.594  1011  1189 I ASH     : @ 370216.766: tcs3701: stop power rail pending_off timer
11-26 19:29:24.594  1011  1189 D ASH     : @ 370216.766: tcs3701: start power rail timer, state:3
11-26 19:29:24.634  1011  1189 I ASH     : @ 370216.806: tcs3701: stop power rail pending_off timer
11-26 19:29:24.634  1011  1189 D ASH     : @ 370216.806: tcs3701: start power rail timer, state:3
11-26 19:29:24.674  1011  1189 I ASH     : @ 370216.846: tcs3701: stop power rail pending_off timer
11-26 19:29:24.674  1011  1189 D ASH     : @ 370216.846: tcs3701: start power rail timer, state:3
11-26 19:29:24.681  8427  8467 I BatteryMgr:DataCollectionService: stats => 1701023364681,8239,4448,2136,4169000,100
11-26 19:29:24.707  1795  4168 D ActivityManager: freezer override set to true
11-26 19:29:24.711  2113  2118 I pixel-thermal: skin-therm-monitor: 38.119
11-26 19:29:24.714  1011  1189 I ASH     : @ 370216.886: tcs3701: stop power rail pending_off timer
11-26 19:29:24.714  1011  1189 D ASH     : @ 370216.886: tcs3701: start power rail timer, state:3
11-26 19:29:24.754  1011  1189 I ASH     : @ 370216.926: tcs3701: stop power rail pending_off timer
11-26 19:29:24.755  1011  1189 D ASH     : @ 370216.926: tcs3701: start power rail timer, state:3
11-26 19:29:24.786  8427  8467 I BatteryMgr:DataCollectionService: stats => 1701023364786,11596,4448,2136,4169000,100
11-26 19:29:24.794  1011  1189 I ASH     : @ 370216.966: tcs3701: stop power rail pending_off timer
11-26 19:29:24.795  1011  1189 D ASH     : @ 370216.966: tcs3701: start power rail timer, state:3
11-26 19:29:24.811  5269  5325 I m.chrome.canary: Explicit concurrent copying GC freed 4050(207KB) AllocSpace objects, 5(100KB) LOS objects, 75% free, 13MB/55MB, paused 99us,22us total 63.831ms
11-26 19:29:24.834  1011  1189 I ASH     : @ 370217.006: tcs3701: stop power rail pending_off timer
11-26 19:29:24.834  1011  1189 D ASH     : @ 370217.006: tcs3701: start power rail timer, state:3
11-26 19:29:24.874  1011  1189 I ASH     : @ 370217.046: tcs3701: stop power rail pending_off timer
11-26 19:29:24.874  1011  1189 D ASH     : @ 370217.046: tcs3701: start power rail timer, state:3
11-26 19:29:24.880  1795  4168 D ActivityManager: freezer override set to false
11-26 19:29:24.891  8427  8467 I BatteryMgr:DataCollectionService: stats => 1701023364891,11596,4448,2136,4169000,100
11-26 19:29:24.914  1011  1189 I ASH     : @ 370217.086: tcs3701: stop power rail pending_off timer
11-26 19:29:24.914  1011  1189 D ASH     : @ 370217.086: tcs3701: start power rail timer, state:3
11-26 19:29:24.940  1795  4168 D ActivityManager: freezer override set to true
11-26 19:29:24.943  1795  4168 D ActivityManager: freezer override set to false
11-26 19:29:24.954  1011  1189 I ASH     : @ 370217.126: tcs3701: stop power rail pending_off timer
11-26 19:29:24.954  1011  1189 D ASH     : @ 370217.126: tcs3701: start power rail timer, state:3
11-26 19:29:24.976  1795  4168 D ActivityManager: freezer override set to true
11-26 19:29:24.979  1795  4168 D ActivityManager: freezer override set to false
11-26 19:29:24.994  1011  1189 I ASH     : @ 370217.166: tcs3701: stop power rail pending_off timer
11-26 19:29:24.994  1011  1189 D ASH     : @ 370217.166: tcs3701: start power rail timer, state:3
11-26 19:29:24.996  8427  8467 I BatteryMgr:DataCollectionService: stats => 1701023364996,11596,4448,2136,4169000,100
11-26 19:29:25.034  1011  1189 I ASH     : @ 370217.206: tcs3701: stop power rail pending_off timer
11-26 19:29:25.035  1011  1189 D ASH     : @ 370217.206: tcs3701: start power rail timer, state:3
11-26 19:29:25.074  1011  1189 I ASH     : @ 370217.246: tcs3701: stop power rail pending_off timer
11-26 19:29:25.074  1011  1189 D ASH     : @ 370217.246: tcs3701: start power rail timer, state:3
11-26 19:29:25.101  8427  8467 I BatteryMgr:DataCollectionService: stats => 1701023365101,11596,4448,2136,4169000,100
11-26 19:29:25.114  1011  1189 I ASH     : @ 370217.286: tcs3701: stop power rail pending_off timer
11-26 19:29:25.114  1011  1189 D ASH     : @ 370217.286: tcs3701: start power rail timer, state:3
11-26 19:29:25.154  1011  1189 I ASH     : @ 370217.326: tcs3701: stop power rail pending_off timer
11-26 19:29:25.154  1011  1189 D ASH     : @ 370217.326: tcs3701: start power rail timer, state:3
11-26 19:29:25.194  1011  1189 I ASH     : @ 370217.366: tcs3701: stop power rail pending_off timer
11-26 19:29:25.194  1011  1189 D ASH     : @ 370217.366: tcs3701: start power rail timer, state:3
11-26 19:29:25.207  8427  8467 I BatteryMgr:DataCollectionService: stats => 1701023365207,11596,4448,2136,4169000,100
11-26 19:29:25.234  1011  1189 I ASH     : @ 370217.406: tcs3701: stop power rail pending_off timer
11-26 19:29:25.234  1011  1189 D ASH     : @ 370217.406: tcs3701: start power rail timer, state:3
11-26 19:29:25.274  1011  1189 I ASH     : @ 370217.446: tcs3701: stop power rail pending_off timer
11-26 19:29:25.274  1011  1189 D ASH     : @ 370217.446: tcs3701: start power rail timer, state:3
11-26 19:29:25.311  8427  8467 I BatteryMgr:DataCollectionService: stats => 1701023365311,11596,4448,2136,4169000,100
11-26 19:29:25.314  1011  1189 I ASH     : @ 370217.486: tcs3701: stop power rail pending_off timer
11-26 19:29:25.314  1011  1189 D ASH     : @ 370217.486: tcs3701: start power rail timer, state:3
11-26 19:29:25.354  1011  1189 I ASH     : @ 370217.526: tcs3701: stop power rail pending_off timer
11-26 19:29:25.354  1011  1189 D ASH     : @ 370217.526: tcs3701: start power rail timer, state:3
11-26 19:29:25.394  1011  1189 I ASH     : @ 370217.566: tcs3701: stop power rail pending_off timer
11-26 19:29:25.394  1011  1189 D ASH     : @ 370217.566: tcs3701: start power rail timer, state:3
11-26 19:29:25.418  8427  8467 I BatteryMgr:DataCollectionService: stats => 1701023365417,11596,4448,2136,4169000,100
11-26 19:29:25.434  1011  1189 I ASH     : @ 370217.606: tcs3701: stop power rail pending_off timer
11-26 19:29:25.434  1011  1189 D ASH     : @ 370217.606: tcs3701: start power rail timer, state:3
11-26 19:29:25.469  1795  4168 D ActivityManager: freezer override set to true
11-26 19:29:25.474  1011  1189 I ASH     : @ 370217.646: tcs3701: stop power rail pending_off timer
11-26 19:29:25.474  1011  1189 D ASH     : @ 370217.646: tcs3701: start power rail timer, state:3
11-26 19:29:25.474  1795  4168 D ActivityManager: freezer override set to false
11-26 19:29:25.514  1011  1189 I ASH     : @ 370217.686: tcs3701: stop power rail pending_off timer
11-26 19:29:25.514  1011  1189 D ASH     : @ 370217.686: tcs3701: start power rail timer, state:3
11-26 19:29:25.522  8427  8467 I BatteryMgr:DataCollectionService: stats => 1701023365522,11596,4448,2136,4169000,100
11-26 19:29:25.548  1795  2424 D WifiClientModeImpl[13802:wlan0]: updateLinkLayerStatsRssiSpeedFrequencyCapabilities rssi=-46 TxLinkspeed=866 freq=5240 RxLinkSpeed=866
11-26 19:29:25.548  1795  2424 D WifiDataStall: tx tput in kbps: 385640
11-26 19:29:25.548  1795  2424 D WifiDataStall: rx tput in kbps: 771281
11-26 19:29:25.548  1795  2424 V WifiConfigManager: Updating scan detail cache freq=5240 BSSID=f4:6d:2f:12:cc:88 RSSI=-46 for "ourhome"WPA_PSK
11-26 19:29:25.549  1795  2424 D WifiChannelUtilization:  freq: 5240 onTime: 10138826 busyTime: 911730 onTimeDiff: 490970 busyTimeDiff: 55244 utilization: 28 utilization t0: 22
11-26 19:29:25.549  1795  2424 D WifiDataStall:  ccaLevel = 28
11-26 19:29:25.549  1795  2424 D WifiDataStall: L2 txTputKbps: 732717, rxTputKbps: 771281, L3 txTputKbps: 0, rxTputKbps: 0, TxTrafficHigh: false, RxTrafficHigh: false, Throughput Sufficient: true
11-26 19:29:25.549  1795  2424 D WifiScoreReport: Wifi scoring disabled - Don't check IP layer
11-26 19:29:25.549  2782  5906 D QCNEJ/WlanStaInfoRelay: Received action: android.net.wifi.RSSI_CHANGED
11-26 19:29:25.549  1795  2424 D WifiScoreCard: BSSID update SIGNAL_POLL ID: 1320464697 SSID: "ourhome", BSSID: f4:6d:2f:12:cc:88, MAC: b2:2f:ec:da:4a:0c, IP: /192.168.1.104, Security type: 2, Supplicant state: COMPLETED, Wi-Fi standard: 5, RSSI: -46, Link speed: 866Mbps, Tx Link speed: 866Mbps, Max Supported Tx Link speed: 866Mbps, Rx Link speed: 866Mbps, Max Supported Rx Link speed: 866Mbps, Frequency: 5240MHz, Net ID: 12, Metered hint: false, score: 60, isUsable: true, CarrierMerged: false, SubscriptionId: -1, IsPrimary: 1, Trusted: true, Restricted: false, Ephemeral: false, OEM paid: false, OEM private: false, OSU AP: false, FQDN: <none>, Provider friendly name: <none>, Requesting package name: <none>"ourhome"wpa2-pskMLO Information: , Is TID-To-Link negotiation supported by the AP: false, AP MLD Address: <none>, AP MLO Link Id: <none>, AP MLO Affiliated links: <none>
11-26 19:29:25.549  1795  2424 D WifiScoreCard: txRate: 4 txSpeed: 866
11-26 19:29:25.549  1795  2424 D WifiScoreCard: network update SIGNAL_POLL "ourhome" ID: 1499892569 RSSI -46 txSpeed 866
11-26 19:29:25.549  2673  2726 V WifiManager: OnWifiUsabilityStatsListener: onWifiUsabilityStats: seqNum=94244
11-26 19:29:25.549  1795  2424 D WifiClientModeImpl[13802:wlan0]:  ClientModeImpl$L2ConnectedState screen=on 37 0 "ourhome" f4:6d:2f:12:cc:88 rssi=-46 f=5240 sc=60 link=866 tx=2.9, 0.7, 0.0 rx=7.1 bcn=3501251 [on:0 tx:0 rx:0 period:3014] from screen [on:502845 period:10930835] score=60
11-26 19:29:25.549  2513  2533 V WifiManager: TrafficStateCallbackProxy: onStateChanged state=0
11-26 19:29:25.550  1795  4168 I WifiService: updateWifiUsabilityScore uid=10180 seqNum=94244 score=100 predictionHorizonSec=1441795
11-26 19:29:25.551  1795  2424 D WifiScoreReport: Wifi scoring disabled - Notify that Wifi is usable
11-26 19:29:25.553  1795  2432 D ConnectivityService: NetReassign [no changes] [c 0] [a 0] [i 2]
11-26 19:29:25.554  1011  1189 I ASH     : @ 370217.726: tcs3701: stop power rail pending_off timer
11-26 19:29:25.554  1011  1189 D ASH     : @ 370217.726: tcs3701: start power rail timer, state:3
11-26 19:29:25.594  1011  1189 I ASH     : @ 370217.766: tcs3701: stop power rail pending_off timer
11-26 19:29:25.594  1011  1189 D ASH     : @ 370217.766: tcs3701: start power rail timer, state:3
11-26 19:29:25.626  8427  8467 I BatteryMgr:DataCollectionService: stats => 1701023365626,11596,4448,2136,4169000,100
11-26 19:29:25.634  1011  1189 I ASH     : @ 370217.806: tcs3701: stop power rail pending_off timer
11-26 19:29:25.635  1011  1189 D ASH     : @ 370217.806: tcs3701: start power rail timer, state:3
11-26 19:29:25.674  1011  1189 I ASH     : @ 370217.846: tcs3701: stop power rail pending_off timer
11-26 19:29:25.674  1011  1189 D ASH     : @ 370217.846: tcs3701: start power rail timer, state:3
11-26 19:29:25.714  1011  1189 I ASH     : @ 370217.886: tcs3701: stop power rail pending_off timer
11-26 19:29:25.714  1011  1189 D ASH     : @ 370217.886: tcs3701: start power rail timer, state:3
11-26 19:29:25.731  8427  8467 I BatteryMgr:DataCollectionService: stats => 1701023365731,11596,4448,2136,4169000,100
11-26 19:29:25.754  1011  1189 I ASH     : @ 370217.926: tcs3701: stop power rail pending_off timer
11-26 19:29:25.754  1011  1189 D ASH     : @ 370217.926: tcs3701: start power rail timer, state:3
11-26 19:29:25.794  1011  1189 I ASH     : @ 370217.966: tcs3701: stop power rail pending_off timer
11-26 19:29:25.794  1011  1189 D ASH     : @ 370217.966: tcs3701: start power rail timer, state:3
11-26 19:29:25.834  1011  1189 I ASH     : @ 370218.006: tcs3701: stop power rail pending_off timer
11-26 19:29:25.835  1011  1189 D ASH     : @ 370218.006: tcs3701: start power rail timer, state:3
11-26 19:29:25.836  8427  8467 I BatteryMgr:DataCollectionService: stats => 1701023365836,11596,4448,2136,4169000,100
11-26 19:29:25.874  1011  1189 I ASH     : @ 370218.046: tcs3701: stop power rail pending_off timer
11-26 19:29:25.874  1011  1189 D ASH     : @ 370218.046: tcs3701: start power rail timer, state:3
11-26 19:29:25.914  1011  1189 I ASH     : @ 370218.086: tcs3701: stop power rail pending_off timer
11-26 19:29:25.914  1011  1189 D ASH     : @ 370218.086: tcs3701: start power rail timer, state:3
11-26 19:29:25.942  8427  8467 I BatteryMgr:DataCollectionService: stats => 1701023365942,11596,4448,2136,4169000,100
11-26 19:29:25.954  1011  1189 I ASH     : @ 370218.126: tcs3701: stop power rail pending_off timer
11-26 19:29:25.954  1011  1189 D ASH     : @ 370218.126: tcs3701: start power rail timer, state:3
11-26 19:29:25.994  1011  1189 I ASH     : @ 370218.166: tcs3701: stop power rail pending_off timer
11-26 19:29:25.994  1011  1189 D ASH     : @ 370218.166: tcs3701: start power rail timer, state:3
11-26 19:29:26.034  1011  1189 I ASH     : @ 370218.206: tcs3701: stop power rail pending_off timer
11-26 19:29:26.034  1011  1189 D ASH     : @ 370218.206: tcs3701: start power rail timer, state:3
11-26 19:29:26.048  8427  8467 I BatteryMgr:DataCollectionService: stats => 1701023366048,11596,4448,2136,4169000,100
11-26 19:29:26.075  1011  1189 I ASH     : @ 370218.246: tcs3701: stop power rail pending_off timer
11-26 19:29:26.075  1011  1189 D ASH     : @ 370218.246: tcs3701: start power rail timer, state:3
11-26 19:29:26.109  1795  4168 D ActivityManager: freezer override set to true
11-26 19:29:26.114  1011  1189 I ASH     : @ 370218.286: tcs3701: stop power rail pending_off timer
11-26 19:29:26.114  1011  1189 D ASH     : @ 370218.286: tcs3701: start power rail timer, state:3
11-26 19:29:26.154  1011  1189 I ASH     : @ 370218.326: tcs3701: stop power rail pending_off timer
11-26 19:29:26.154  8427  8467 I BatteryMgr:DataCollectionService: stats => 1701023366154,11596,4448,2136,4169000,100
11-26 19:29:26.154  1011  1189 D ASH     : @ 370218.326: tcs3701: start power rail timer, state:3
11-26 19:29:26.194  1011  1189 I ASH     : @ 370218.366: tcs3701: stop power rail pending_off timer
11-26 19:29:26.194  1011  1189 D ASH     : @ 370218.366: tcs3701: start power rail timer, state:3
11-26 19:29:26.234  1011  1189 I ASH     : @ 370218.406: tcs3701: stop power rail pending_off timer
11-26 19:29:26.234  1011  1189 D ASH     : @ 370218.406: tcs3701: start power rail timer, state:3
11-26 19:29:26.239  5269  5325 I m.chrome.canary: Explicit concurrent copying GC freed 3840(192KB) AllocSpace objects, 4(80KB) LOS objects, 75% free, 13MB/55MB, paused 29us,24us total 58.107ms
11-26 19:29:26.258  8427  8467 I BatteryMgr:DataCollectionService: stats => 1701023366258,11596,4448,2136,4169000,100
11-26 19:29:26.274  1011  1189 I ASH     : @ 370218.446: tcs3701: stop power rail pending_off timer
11-26 19:29:26.274  1011  1189 D ASH     : @ 370218.446: tcs3701: start power rail timer, state:3
11-26 19:29:26.309  1795  4168 D ActivityManager: freezer override set to false
11-26 19:29:26.314  1011  1189 I ASH     : @ 370218.486: tcs3701: stop power rail pending_off timer
11-26 19:29:26.314  1011  1189 D ASH     : @ 370218.486: tcs3701: start power rail timer, state:3
11-26 19:29:26.353  1795  4168 D ActivityManager: freezer override set to true
11-26 19:29:26.354  1011  1189 I ASH     : @ 370218.526: tcs3701: stop power rail pending_off timer
11-26 19:29:26.354  1011  1189 D ASH     : @ 370218.526: tcs3701: start power rail timer, state:3
11-26 19:29:26.356  1795  4168 D ActivityManager: freezer override set to false
11-26 19:29:26.364  8427  8467 I BatteryMgr:DataCollectionService: stats => 1701023366364,11596,4448,2136,4169000,100
11-26 19:29:26.391  1795  4168 D ActivityManager: freezer override set to true
11-26 19:29:26.394  1011  1189 I ASH     : @ 370218.566: tcs3701: stop power rail pending_off timer
11-26 19:29:26.394  1011  1189 D ASH     : @ 370218.566: tcs3701: start power rail timer, state:3
11-26 19:29:26.395  1795  4168 D ActivityManager: freezer override set to false
11-26 19:29:26.434  1011  1189 I ASH     : @ 370218.606: tcs3701: stop power rail pending_off timer
11-26 19:29:26.434  1011  1189 D ASH     : @ 370218.606: tcs3701: start power rail timer, state:3
11-26 19:29:26.471  8427  8467 I BatteryMgr:DataCollectionService: stats => 1701023366471,11596,4448,2136,4169000,100
11-26 19:29:26.474  1011  1189 I ASH     : @ 370218.646: tcs3701: stop power rail pending_off timer
11-26 19:29:26.474  1011  1189 D ASH     : @ 370218.646: tcs3701: start power rail timer, state:3
11-26 19:29:26.477  1795  4168 D ActivityManager: freezer override set to true
11-26 19:29:26.481  1795  4168 D ActivityManager: freezer override set to false
11-26 19:29:26.515  1011  1189 I ASH     : @ 370218.686: tcs3701: stop power rail pending_off timer
11-26 19:29:26.515  1011  1189 D ASH     : @ 370218.686: tcs3701: start power rail timer, state:3
11-26 19:29:26.554  1011  1189 I ASH     : @ 370218.726: tcs3701: stop power rail pending_off timer
11-26 19:29:26.554  1011  1189 D ASH     : @ 370218.726: tcs3701: start power rail timer, state:3
11-26 19:29:26.577  8427  8467 I BatteryMgr:DataCollectionService: stats => 1701023366576,11596,4448,2136,4169000,100
11-26 19:29:26.594  1011  1189 I ASH     : @ 370218.766: tcs3701: stop power rail pending_off timer
11-26 19:29:26.594  1011  1189 D ASH     : @ 370218.766: tcs3701: start power rail timer, state:3
11-26 19:29:26.634  1011  1189 I ASH     : @ 370218.806: tcs3701: stop power rail pending_off timer
11-26 19:29:26.634  1011  1189 D ASH     : @ 370218.806: tcs3701: start power rail timer, state:3
11-26 19:29:26.674  1011  1189 I ASH     : @ 370218.846: tcs3701: stop power rail pending_off timer
11-26 19:29:26.674  1011  1189 D ASH     : @ 370218.846: tcs3701: start power rail timer, state:3
11-26 19:29:26.682  8427  8467 I BatteryMgr:DataCollectionService: stats => 1701023366682,11596,4448,2136,4169000,100
11-26 19:29:26.714  1011  1189 I ASH     : @ 370218.886: tcs3701: stop power rail pending_off timer
11-26 19:29:26.714  1011  1189 D ASH     : @ 370218.886: tcs3701: start power rail timer, state:3
11-26 19:29:26.715  2113  2118 I pixel-thermal: skin-therm-monitor: 38.156
11-26 19:29:26.754  1011  1189 I ASH     : @ 370218.926: tcs3701: stop power rail pending_off timer
11-26 19:29:26.754  1011  1189 D ASH     : @ 370218.926: tcs3701: start power rail timer, state:3
11-26 19:29:26.788  8427  8467 I BatteryMgr:DataCollectionService: stats => 1701023366788,11596,4448,2136,4169000,100
11-26 19:29:26.794  1011  1189 I ASH     : @ 370218.966: tcs3701: stop power rail pending_off timer
11-26 19:29:26.794  1011  1189 D ASH     : @ 370218.966: tcs3701: start power rail timer, state:3
11-26 19:29:26.834  1011  1189 I ASH     : @ 370219.006: tcs3701: stop power rail pending_off timer
11-26 19:29:26.834  1011  1189 D ASH     : @ 370219.006: tcs3701: start power rail timer, state:3
11-26 19:29:26.874  1011  1189 I ASH     : @ 370219.046: tcs3701: stop power rail pending_off timer
11-26 19:29:26.874  1011  1189 D ASH     : @ 370219.046: tcs3701: start power rail timer, state:3
11-26 19:29:26.892  8427  8467 I BatteryMgr:DataCollectionService: stats => 1701023366892,11596,4448,2136,4169000,100
11-26 19:29:26.914  1011  1189 I ASH     : @ 370219.086: tcs3701: stop power rail pending_off timer
11-26 19:29:26.914  1011  1189 D ASH     : @ 370219.086: tcs3701: start power rail timer, state:3
11-26 19:29:26.954  1011  1189 I ASH     : @ 370219.126: tcs3701: stop power rail pending_off timer
11-26 19:29:26.954  1011  1189 D ASH     : @ 370219.126: tcs3701: start power rail timer, state:3
11-26 19:29:26.994  1011  1189 I ASH     : @ 370219.166: tcs3701: stop power rail pending_off timer
11-26 19:29:26.994  1011  1189 D ASH     : @ 370219.166: tcs3701: start power rail timer, state:3
11-26 19:29:26.998  8427  8467 I BatteryMgr:DataCollectionService: stats => 1701023366998,11596,4448,2136,4169000,100
11-26 19:29:27.034  1011  1189 I ASH     : @ 370219.206: tcs3701: stop power rail pending_off timer
11-26 19:29:27.034  1011  1189 D ASH     : @ 370219.206: tcs3701: start power rail timer, state:3
11-26 19:29:27.074  1011  1189 I ASH     : @ 370219.246: tcs3701: stop power rail pending_off timer
11-26 19:29:27.074  1011  1189 D ASH     : @ 370219.246: tcs3701: start power rail timer, state:3
11-26 19:29:27.103  8427  8467 I BatteryMgr:DataCollectionService: stats => 1701023367103,11596,4448,2136,4169000,100
11-26 19:29:27.114  1011  1189 I ASH     : @ 370219.286: tcs3701: stop power rail pending_off timer
11-26 19:29:27.114  1011  1189 D ASH     : @ 370219.286: tcs3701: start power rail timer, state:3
11-26 19:29:27.154  1011  1189 I ASH     : @ 370219.326: tcs3701: stop power rail pending_off timer
11-26 19:29:27.154  1011  1189 D ASH     : @ 370219.326: tcs3701: start power rail timer, state:3
11-26 19:29:27.194  1011  1189 I ASH     : @ 370219.366: tcs3701: stop power rail pending_off timer
11-26 19:29:27.194  1011  1189 D ASH     : @ 370219.366: tcs3701: start power rail timer, state:3
11-26 19:29:27.208  8427  8467 I BatteryMgr:DataCollectionService: stats => 1701023367208,11596,4448,2136,4169000,100
11-26 19:29:27.234  1011  1189 I ASH     : @ 370219.406: tcs3701: stop power rail pending_off timer
11-26 19:29:27.234  1011  1189 D ASH     : @ 370219.406: tcs3701: start power rail timer, state:3
11-26 19:29:27.274  1011  1189 I ASH     : @ 370219.446: tcs3701: stop power rail pending_off timer
11-26 19:29:27.274  1011  1189 D ASH     : @ 370219.446: tcs3701: start power rail timer, state:3
11-26 19:29:27.314  1011  1189 I ASH     : @ 370219.486: tcs3701: stop power rail pending_off timer
11-26 19:29:27.314  1011  1189 D ASH     : @ 370219.486: tcs3701: start power rail timer, state:3
11-26 19:29:27.316  8427  8467 I BatteryMgr:DataCollectionService: stats => 1701023367316,11596,4448,2136,4169000,100
11-26 19:29:27.354  1011  1189 I ASH     : @ 370219.526: tcs3701: stop power rail pending_off timer
11-26 19:29:27.354  1011  1189 D ASH     : @ 370219.526: tcs3701: start power rail timer, state:3
11-26 19:29:27.394  1011  1189 I ASH     : @ 370219.566: tcs3701: stop power rail pending_off timer
11-26 19:29:27.394  1011  1189 D ASH     : @ 370219.566: tcs3701: start power rail timer, state:3
11-26 19:29:27.421  8427  8467 I BatteryMgr:DataCollectionService: stats => 1701023367421,11596,4448,2136,4169000,100
11-26 19:29:27.434  1011  1189 I ASH     : @ 370219.606: tcs3701: stop power rail pending_off timer
11-26 19:29:27.434  1011  1189 D ASH     : @ 370219.606: tcs3701: start power rail timer, state:3
11-26 19:29:27.474  1011  1189 I ASH     : @ 370219.646: tcs3701: stop power rail pending_off timer
11-26 19:29:27.474  1011  1189 D ASH     : @ 370219.646: tcs3701: start power rail timer, state:3
11-26 19:29:27.475  1795  4168 D ActivityManager: freezer override set to true
11-26 19:29:27.481  1795  4168 D ActivityManager: freezer override set to false
11-26 19:29:27.514  1011  1189 I ASH     : @ 370219.686: tcs3701: stop power rail pending_off timer
11-26 19:29:27.514  1011  1189 D ASH     : @ 370219.686: tcs3701: start power rail timer, state:3
11-26 19:29:27.528  8427  8467 I BatteryMgr:DataCollectionService: stats => 1701023367528,11596,4448,2136,4169000,100
11-26 19:29:27.544  1795  4168 D ActivityManager: freezer override set to true
11-26 19:29:27.554  1011  1189 I ASH     : @ 370219.726: tcs3701: stop power rail pending_off timer
11-26 19:29:27.554  1011  1189 D ASH     : @ 370219.726: tcs3701: start power rail timer, state:3
11-26 19:29:27.595  1011  1189 I ASH     : @ 370219.766: tcs3701: stop power rail pending_off timer
11-26 19:29:27.595  1011  1189 D ASH     : @ 370219.766: tcs3701: start power rail timer, state:3
11-26 19:29:27.634  1011  1189 I ASH     : @ 370219.806: tcs3701: stop power rail pending_off timer
11-26 19:29:27.634  1011  1189 D ASH     : @ 370219.806: tcs3701: start power rail timer, state:3
11-26 19:29:27.635  8427  8467 I BatteryMgr:DataCollectionService: stats => 1701023367635,11596,4448,2136,4169000,100
11-26 19:29:27.674  1011  1189 I ASH     : @ 370219.846: tcs3701: stop power rail pending_off timer
11-26 19:29:27.674  1011  1189 D ASH     : @ 370219.846: tcs3701: start power rail timer, state:3
11-26 19:29:27.686  5269  5325 I m.chrome.canary: Explicit concurrent copying GC freed 4053(207KB) AllocSpace objects, 5(100KB) LOS objects, 75% free, 13MB/55MB, paused 32us,24us total 57.632ms
11-26 19:29:27.714  1011  1189 I ASH     : @ 370219.886: tcs3701: stop power rail pending_off timer
11-26 19:29:27.715  1011  1189 D ASH     : @ 370219.886: tcs3701: start power rail timer, state:3
11-26 19:29:27.740  8427  8467 I BatteryMgr:DataCollectionService: stats => 1701023367740,11596,4448,2136,4169000,100
11-26 19:29:27.754  1011  1189 I ASH     : @ 370219.926: tcs3701: stop power rail pending_off timer
11-26 19:29:27.754  1011  1189 D ASH     : @ 370219.926: tcs3701: start power rail timer, state:3
11-26 19:29:27.755  1795  4168 D ActivityManager: freezer override set to false
11-26 19:29:27.791  1795  4168 D ActivityManager: freezer override set to true
11-26 19:29:27.795  1011  1189 I ASH     : @ 370219.966: tcs3701: stop power rail pending_off timer
11-26 19:29:27.795  1011  1189 D ASH     : @ 370219.966: tcs3701: start power rail timer, state:3
11-26 19:29:27.795  1795  4168 D ActivityManager: freezer override set to false
11-26 19:29:27.828  1795  4168 D ActivityManager: freezer override set to true
11-26 19:29:27.830  1795  4168 D ActivityManager: freezer override set to false
11-26 19:29:27.834  1011  1189 I ASH     : @ 370220.006: tcs3701: stop power rail pending_off timer
11-26 19:29:27.834  1011  1189 D ASH     : @ 370220.006: tcs3701: start power rail timer, state:3
11-26 19:29:27.844  8427  8467 I BatteryMgr:DataCollectionService: stats => 1701023367844,11596,4448,2136,4169000,100
11-26 19:29:27.874  1011  1189 I ASH     : @ 370220.046: tcs3701: stop power rail pending_off timer
11-26 19:29:27.874  1011  1189 D ASH     : @ 370220.046: tcs3701: start power rail timer, state:3
11-26 19:29:27.914  1011  1189 I ASH     : @ 370220.086: tcs3701: stop power rail pending_off timer
11-26 19:29:27.914  1011  1189 D ASH     : @ 370220.086: tcs3701: start power rail timer, state:3
11-26 19:29:27.949  8427  8467 I BatteryMgr:DataCollectionService: stats => 1701023367949,11596,4448,2136,4169000,100
11-26 19:29:27.954  1011  1189 I ASH     : @ 370220.126: tcs3701: stop power rail pending_off timer
11-26 19:29:27.954  1011  1189 D ASH     : @ 370220.126: tcs3701: start power rail timer, state:3
11-26 19:29:27.994  1011  1189 I ASH     : @ 370220.166: tcs3701: stop power rail pending_off timer
11-26 19:29:27.994  1011  1189 D ASH     : @ 370220.166: tcs3701: start power rail timer, state:3
11-26 19:29:28.034  1011  1189 I ASH     : @ 370220.206: tcs3701: stop power rail pending_off timer
11-26 19:29:28.034  1011  1189 D ASH     : @ 370220.206: tcs3701: start power rail timer, state:3
11-26 19:29:28.053  8427  8467 I BatteryMgr:DataCollectionService: stats => 1701023368053,11596,4448,2136,4169000,100
11-26 19:29:28.074  1011  1189 I ASH     : @ 370220.246: tcs3701: stop power rail pending_off timer
11-26 19:29:28.074  1011  1189 D ASH     : @ 370220.246: tcs3701: start power rail timer, state:3
11-26 19:29:28.114  1011  1189 I ASH     : @ 370220.286: tcs3701: stop power rail pending_off timer
11-26 19:29:28.114  1011  1189 D ASH     : @ 370220.286: tcs3701: start power rail timer, state:3
11-26 19:29:28.154  1011  1189 I ASH     : @ 370220.326: tcs3701: stop power rail pending_off timer
11-26 19:29:28.154  1011  1189 D ASH     : @ 370220.326: tcs3701: start power rail timer, state:3
11-26 19:29:28.158  8427  8467 I BatteryMgr:DataCollectionService: stats => 1701023368158,11596,4448,2136,4169000,100
11-26 19:29:28.194  1011  1189 I ASH     : @ 370220.366: tcs3701: stop power rail pending_off timer
11-26 19:29:28.194  1011  1189 D ASH     : @ 370220.366: tcs3701: start power rail timer, state:3
11-26 19:29:28.234  1011  1189 I ASH     : @ 370220.406: tcs3701: stop power rail pending_off timer
11-26 19:29:28.234  1011  1189 D ASH     : @ 370220.406: tcs3701: start power rail timer, state:3
11-26 19:29:28.263  8427  8467 I BatteryMgr:DataCollectionService: stats => 1701023368263,11596,4448,2136,4169000,100
11-26 19:29:28.274  1011  1189 I ASH     : @ 370220.446: tcs3701: stop power rail pending_off timer
11-26 19:29:28.274  1011  1189 D ASH     : @ 370220.446: tcs3701: start power rail timer, state:3
11-26 19:29:28.314  1011  1189 I ASH     : @ 370220.486: tcs3701: stop power rail pending_off timer
11-26 19:29:28.314  1011  1189 D ASH     : @ 370220.486: tcs3701: start power rail timer, state:3
11-26 19:29:28.354  1011  1189 I ASH     : @ 370220.526: tcs3701: stop power rail pending_off timer
11-26 19:29:28.354  1011  1189 D ASH     : @ 370220.526: tcs3701: start power rail timer, state:3
11-26 19:29:28.367  8427  8467 I BatteryMgr:DataCollectionService: stats => 1701023368367,11596,4448,2136,4169000,100
11-26 19:29:28.394  1011  1189 I ASH     : @ 370220.566: tcs3701: stop power rail pending_off timer
11-26 19:29:28.394  1011  1189 D ASH     : @ 370220.566: tcs3701: start power rail timer, state:3
11-26 19:29:28.434  1011  1189 I ASH     : @ 370220.606: tcs3701: stop power rail pending_off timer
11-26 19:29:28.434  1011  1189 D ASH     : @ 370220.606: tcs3701: start power rail timer, state:3
11-26 19:29:28.475  1795  4168 D ActivityManager: freezer override set to true
11-26 19:29:28.475  1011  1189 I ASH     : @ 370220.646: tcs3701: stop power rail pending_off timer
11-26 19:29:28.475  1011  1189 D ASH     : @ 370220.646: tcs3701: start power rail timer, state:3
11-26 19:29:28.475  8427  8467 I BatteryMgr:DataCollectionService: stats => 1701023368475,11596,4448,2136,4169000,100
11-26 19:29:28.478  1795  4168 D ActivityManager: freezer override set to false
11-26 19:29:28.514  1011  1189 I ASH     : @ 370220.686: tcs3701: stop power rail pending_off timer
11-26 19:29:28.514  1011  1189 D ASH     : @ 370220.686: tcs3701: start power rail timer, state:3
11-26 19:29:28.554  1011  1189 I ASH     : @ 370220.726: tcs3701: stop power rail pending_off timer
11-26 19:29:28.554  1011  1189 D ASH     : @ 370220.726: tcs3701: start power rail timer, state:3
11-26 19:29:28.562  1795  2424 D WifiClientModeImpl[13802:wlan0]: updateLinkLayerStatsRssiSpeedFrequencyCapabilities rssi=-47 TxLinkspeed=866 freq=5240 RxLinkSpeed=866
11-26 19:29:28.562  1795  2424 D WifiDataStall: tx tput in kbps: 732717
11-26 19:29:28.562  1795  2424 D WifiDataStall: rx tput in kbps: 771281
11-26 19:29:28.562  1795  2424 V WifiConfigManager: Updating scan detail cache freq=5240 BSSID=f4:6d:2f:12:cc:88 RSSI=-46 for "ourhome"WPA_PSK
11-26 19:29:28.563  1795  2424 D WifiChannelUtilization:  freq: 5240 onTime: 10138826 busyTime: 911730 onTimeDiff: 490970 busyTimeDiff: 55244 utilization: 28 utilization t0: 22
11-26 19:29:28.563  1795  2424 D WifiDataStall:  ccaLevel = 28
11-26 19:29:28.563  1795  2424 D WifiDataStall: L2 txTputKbps: 732717, rxTputKbps: 771281, L3 txTputKbps: 0, rxTputKbps: 0, TxTrafficHigh: false, RxTrafficHigh: false, Throughput Sufficient: true
11-26 19:29:28.563  1795  2424 D WifiScoreReport: Wifi scoring disabled - Don't check IP layer
11-26 19:29:28.563  2673  2726 V WifiManager: OnWifiUsabilityStatsListener: onWifiUsabilityStats: seqNum=94245
11-26 19:29:28.563  1795  2424 D WifiScoreCard: BSSID update SIGNAL_POLL ID: 1320464697 SSID: "ourhome", BSSID: f4:6d:2f:12:cc:88, MAC: b2:2f:ec:da:4a:0c, IP: /192.168.1.104, Security type: 2, Supplicant state: COMPLETED, Wi-Fi standard: 5, RSSI: -47, Link speed: 866Mbps, Tx Link speed: 866Mbps, Max Supported Tx Link speed: 866Mbps, Rx Link speed: 866Mbps, Max Supported Rx Link speed: 866Mbps, Frequency: 5240MHz, Net ID: 12, Metered hint: false, score: 60, isUsable: true, CarrierMerged: false, SubscriptionId: -1, IsPrimary: 1, Trusted: true, Restricted: false, Ephemeral: false, OEM paid: false, OEM private: false, OSU AP: false, FQDN: <none>, Provider friendly name: <none>, Requesting package name: <none>"ourhome"wpa2-pskMLO Information: , Is TID-To-Link negotiation supported by the AP: false, AP MLD Address: <none>, AP MLO Link Id: <none>, AP MLO Affiliated links: <none>
11-26 19:29:28.563  1795  2424 D WifiScoreCard: txRate: 2 txSpeed: 866
11-26 19:29:28.563  1795  2424 D WifiScoreCard: network update SIGNAL_POLL "ourhome" ID: 1499892569 RSSI -47 txSpeed -1
