11-26 19:52:48.295  3657  4525 D ForegroundUtils: UID: 10010 is in foreground: true
11-26 19:52:48.295  3657  4525 D ForegroundUtils: UID: 10128 is in foreground: true
11-26 19:52:48.295  3657  4525 D ForegroundUtils: UID: 10158 is in foreground: true
11-26 19:52:48.295  3657  4525 D ForegroundUtils: UID: 10189 is in foreground: false
11-26 19:52:48.295 12831 12831 I ActivityThread: Relaunch all activities: onCoreSettingsChange
11-26 19:52:48.295  3657  4525 D ForegroundUtils: UID: 10194 is in foreground: true
11-26 19:52:48.295  3657  4525 D ForegroundUtils: UID: 10206 is in foreground: false
11-26 19:52:48.295  3657  4525 D ForegroundUtils: UID: 10233 is in foreground: true
11-26 19:52:48.295  3657  4525 D ForegroundUtils: UID: 10244 is in foreground: false
11-26 19:52:48.295  3657  4525 D ForegroundUtils: UID: 10319 is in foreground: true
11-26 19:52:48.295  3657  4525 D ForegroundUtils: UID: 90000 is in foreground: true
11-26 19:52:48.295  3657  4525 D ForegroundUtils: UID: 90001 is in foreground: true
11-26 19:52:48.295 12831 12831 D CompatibilityChangeReporter: Compat change id reported: 171979766; UID 90001; state: ENABLED
11-26 19:52:48.309 12831 12831 I LoadedApk: No resource references to update in package com.google.android.trichromelibrary.canary
11-26 19:52:48.309 12831 12831 D NetworkSecurityConfig: Using Network Security Config from resource 0_resource_name_obfuscated debugBuild: false
11-26 19:52:48.310 12831 12831 D NetworkSecurityConfig: Using Network Security Config from resource 0_resource_name_obfuscated debugBuild: false
11-26 19:52:48.312 12831 12831 I cr_SplitCompatApp: Launched version=121.0.6145.0 minSdkVersion=29 isBundle=true processName=com.chrome.canary:sandboxed_process0:org.chromium.content.app.SandboxedProcessService0:1 isIsolated=true
11-26 19:52:48.319 12831 12831 W SystemServiceRegistry: No service published for: uimode
11-26 19:52:48.324 12831 12831 I cr_ChildProcessService: Creating new ChildProcessService pid=12831
11-26 19:52:48.328  1011  1189 I ASH     : @ 371620.500: tcs3701: stop power rail pending_off timer
11-26 19:52:48.328  1011  1189 D ASH     : @ 371620.500: tcs3701: start power rail timer, state:3
11-26 19:52:48.333 12831 12850 I cr_LibraryLoader: Successfully loaded native library
11-26 19:52:48.333 12831 12850 I cr_CachingUmaRecorder: Flushed 3 samples from 3 histograms, 0 samples were dropped.
11-26 19:52:48.353 12831 12850 I chromium: [INFO:child_process_service.cc(69)] ChildProcessService: Exiting child process.
11-26 19:52:48.355  1795  2467 I ActivityManager: Killing 12831:com.chrome.canary:sandboxed_process0:org.chromium.content.app.SandboxedProcessService0:1/u0a10i-8999 (adj 0): isolated not needed
11-26 19:52:48.356  1795  2145 I libprocessgroup: Successfully killed process cgroup uid 90001 pid 12831 in 0ms
11-26 19:52:48.358  1795  2467 D ActivityManager: freezer override set to true
11-26 19:52:48.368  1011  1189 I ASH     : @ 371620.540: tcs3701: stop power rail pending_off timer
11-26 19:52:48.368  1011  1189 D ASH     : @ 371620.540: tcs3701: start power rail timer, state:3
11-26 19:52:48.369  1000  1009 D ContextHubHal: Got message from nanoapp: ID 0x476f6f676c001016
11-26 19:52:48.369   995  2335 I CapoDetector: handleNanoappMessage, Id 5147455389092024342, type 32771, size 1
11-26 19:52:48.372 12659 12659 W chromium: [WARNING:compositor_view.cc(339)] Child process died (type=6) pid=12831)
11-26 19:52:48.372 12704 12704 I Zygote  : Process 12831 exited cleanly (0)
11-26 19:52:48.373  1045  1045 I vendor.google.wifi_ext@1.0-service-vendor: Wifi: Reseting SAR Scenario to default
11-26 19:52:48.374  2826  2826 D GRIL-S  : [0992]> UPDATE_DEVICE_STATE DeviceState: Usb:1, Wifi: 1, Wifi AP: 0, Earpiece: 0, Bluetooth: 1, Wireless charging: 0, Screen: 1, Camera: 0, 0, -, -, Motion: 0, Bluetooth tethering: 0, Voice: 0, Wifi 2.4G: 0, Radio: 0, Bluetooth connected: 0, Bluetooth media: 0, Wifi Band: 2, Wifi AP Band: 0, Wifi call: 0, mmWave: 0, mCellBackhaul: 0, mHallSensor: 0
11-26 19:52:48.374  3657  4525 D ForegroundUtils: UID: 90001 deleted.
11-26 19:52:48.375  2826  3551 D GRIL-S  : [0992]< UPDATE_DEVICE_STATE 
11-26 19:52:48.379  2673  2720 I SconeBluetoothSarContro: No config
11-26 19:52:48.389  1795  2150 E system_server: updateValue is called with a value 34528607, which is lower than the previous value 34554143
11-26 19:52:48.409  1011  1189 I ASH     : @ 371620.580: tcs3701: stop power rail pending_off timer
11-26 19:52:48.409  1011  1189 D ASH     : @ 371620.580: tcs3701: start power rail timer, state:3
11-26 19:52:48.448  1011  1189 I ASH     : @ 371620.620: tcs3701: stop power rail pending_off timer
11-26 19:52:48.449  1011  1189 D ASH     : @ 371620.620: tcs3701: start power rail timer, state:3
11-26 19:52:48.488  1011  1189 I ASH     : @ 371620.660: tcs3701: stop power rail pending_off timer
11-26 19:52:48.488  1011  1189 D ASH     : @ 371620.660: tcs3701: start power rail timer, state:3
11-26 19:52:48.501 12659 12767 I m.chrome.canary: Explicit concurrent copying GC freed 773880(26MB) AllocSpace objects, 27(924KB) LOS objects, 75% free, 9106KB/35MB, paused 55us,27us total 45.711ms
11-26 19:52:48.528  1011  1189 I ASH     : @ 371620.700: tcs3701: stop power rail pending_off timer
11-26 19:52:48.528  1011  1189 D ASH     : @ 371620.700: tcs3701: start power rail timer, state:3
11-26 19:52:48.549  1795  2467 D ActivityManager: freezer override set to false
11-26 19:52:48.568  1011  1189 I ASH     : @ 371620.740: tcs3701: stop power rail pending_off timer
11-26 19:52:48.568  1011  1189 D ASH     : @ 371620.741: tcs3701: start power rail timer, state:3
11-26 19:52:48.603  1795  3716 D ActivityManager: freezer override set to true
11-26 19:52:48.608  1795  3716 D ActivityManager: freezer override set to false
11-26 19:52:48.608  1011  1189 I ASH     : @ 371620.780: tcs3701: stop power rail pending_off timer
11-26 19:52:48.608  1011  1189 D ASH     : @ 371620.780: tcs3701: start power rail timer, state:3
11-26 19:52:48.640  1795  3716 D ActivityManager: freezer override set to true
11-26 19:52:48.644  1795  3716 D ActivityManager: freezer override set to false
11-26 19:52:48.648  1011  1189 I ASH     : @ 371620.820: tcs3701: stop power rail pending_off timer
11-26 19:52:48.649  1011  1189 D ASH     : @ 371620.820: tcs3701: start power rail timer, state:3
11-26 19:52:48.688  1011  1189 I ASH     : @ 371620.860: tcs3701: stop power rail pending_off timer
11-26 19:52:48.689  1011  1189 D ASH     : @ 371620.861: tcs3701: start power rail timer, state:3
11-26 19:52:48.728  1011  1189 I ASH     : @ 371620.900: tcs3701: stop power rail pending_off timer
11-26 19:52:48.728  1011  1189 D ASH     : @ 371620.900: tcs3701: start power rail timer, state:3
11-26 19:52:48.761  1011  1189 I CHRE    : @ 371620.933: [GYRO_RPS] (s0, c0) Offset | Temp [C] | Quality: 0.002173, 0.000459, 0.000403 | 37.17 | 4
11-26 19:52:48.761  1011  1189 I CHRE    : @ 371620.933: [GYRO_RPS] (s0) Temp Sensitivity: -0.000035, 0.000008, -0.000022
11-26 19:52:48.761  1011  1189 I CHRE    : @ 371620.933: [GYRO_RPS] (s0) Temp Intercept: 0.003546, 0.000131, 0.001232
11-26 19:52:48.768  1011  1189 I ASH     : @ 371620.940: tcs3701: stop power rail pending_off timer
11-26 19:52:48.768  1011  1189 D ASH     : @ 371620.940: tcs3701: start power rail timer, state:3
11-26 19:52:48.802  1795  2467 I ActivityManager: Background started FGS: Allowed [callingPackage: com.android.shell; callingUid: 2000; uidState: NONE; intent: Intent { cmp=com.example.batterymanager_utility/.DataCollectionService (has extras) }; code:SYSTEM_UID; tempAllowListReason:<,reasonCode:SYSTEM_ALLOW_LISTED,duration:9223372036854775807,callingUid:-1>; targetSdkVersion:33; callerTargetSdkVersion:33; startForegroundCount:0; bindFromPackage:null]
11-26 19:52:48.809  1011  1189 I ASH     : @ 371620.980: tcs3701: stop power rail pending_off timer
11-26 19:52:48.809  1011  1189 D ASH     : @ 371620.980: tcs3701: start power rail timer, state:3
11-26 19:52:48.809  8427  8427 I BatteryMgr:DataCollectionService: onStartCommand: begin
11-26 19:52:48.809  8427  8427 I BatteryMgr:DataCollectionService: onStartCommand: sampleRate => 100
11-26 19:52:48.809  8427  8427 I BatteryMgr:DataCollectionService: onStartCommand: rawFields => Timestamp,BATTERY_PROPERTY_CURRENT_NOW,EXTRA_VOLTAGE,BATTERY_PROPERTY_CURRENT_AVERAGE,BATTERY_PROPERTY_CHARGE_COUNTER,BATTERY_PROPERTY_CAPACITY
11-26 19:52:48.810  8427  8427 I BatteryMgr:DataCollectionService: onStartCommand: notification done
11-26 19:52:48.813  8427  8427 I BatteryMgr:DataCollectionService: started foreground
11-26 19:52:48.816  8427  8469 I BatteryMgr:DataCollectionService: collectData: begin
11-26 19:52:48.822  8427  8469 I BatteryMgr:DataCollectionService: stats => 1701024768822,10681,4448,2136,4169000,100
11-26 19:52:48.848  1011  1189 I ASH     : @ 371621.020: tcs3701: stop power rail pending_off timer
11-26 19:52:48.848  1011  1189 D ASH     : @ 371621.020: tcs3701: start power rail timer, state:3
11-26 19:52:48.888  1011  1189 I ASH     : @ 371621.060: tcs3701: stop power rail pending_off timer
11-26 19:52:48.888  1011  1189 D ASH     : @ 371621.060: tcs3701: start power rail timer, state:3
11-26 19:52:48.928  1011  1189 I ASH     : @ 371621.101: tcs3701: stop power rail pending_off timer
11-26 19:52:48.929  1011  1189 D ASH     : @ 371621.101: tcs3701: start power rail timer, state:3
11-26 19:52:48.929  8427  8469 I BatteryMgr:DataCollectionService: stats => 1701024768929,10681,4448,2136,4169000,100
11-26 19:52:48.968  1011  1189 I ASH     : @ 371621.140: tcs3701: stop power rail pending_off timer
11-26 19:52:48.968  1011  1189 D ASH     : @ 371621.140: tcs3701: start power rail timer, state:3
11-26 19:52:49.009  1011  1189 I ASH     : @ 371621.180: tcs3701: stop power rail pending_off timer
11-26 19:52:49.009  1011  1189 D ASH     : @ 371621.180: tcs3701: start power rail timer, state:3
11-26 19:52:49.017  1795  2467 D ActivityManager: freezer override set to true
11-26 19:52:49.023  1795  2467 D ActivityManager: freezer override set to false
11-26 19:52:49.035  8427  8469 I BatteryMgr:DataCollectionService: stats => 1701024769035,10681,4448,2136,4169000,100
11-26 19:52:49.048  1011  1189 I ASH     : @ 371621.220: tcs3701: stop power rail pending_off timer
11-26 19:52:49.048  1011  1189 D ASH     : @ 371621.220: tcs3701: start power rail timer, state:3
11-26 19:52:49.055  1795  2467 D CompatibilityChangeReporter: Compat change id reported: 161252188; UID 10010; state: DISABLED
11-26 19:52:49.055  1795  2467 I ActivityTaskManager: START u0 {act=android.intent.action.VIEW dat=https://playground.babylonjs.com/... flg=0x10000000 cmp=com.chrome.canary/com.google.android.apps.chrome.Main} from uid 2000
11-26 19:52:49.056  1795  2467 D CompatibilityChangeReporter: Compat change id reported: 265464455; UID 10010; state: DISABLED
11-26 19:52:49.056  1795  2467 D CompatibilityChangeReporter: Compat change id reported: 265452344; UID 10010; state: DISABLED
11-26 19:52:49.056  1795  2467 D CompatibilityChangeReporter: Compat change id reported: 266124927; UID 10010; state: DISABLED
11-26 19:52:49.057  1795  2467 D CompatibilityChangeReporter: Compat change id reported: 265451093; UID 10010; state: DISABLED
11-26 19:52:49.057  1795  2467 D CompatibilityChangeReporter: Compat change id reported: 265456536; UID 10010; state: DISABLED
11-26 19:52:49.057  1795  2467 D CompatibilityChangeReporter: Compat change id reported: 255940284; UID 10010; state: DISABLED
11-26 19:52:49.057  1795  2467 D CompatibilityChangeReporter: Compat change id reported: 236283604; UID 10010; state: DISABLED
11-26 19:52:49.057  1795  2467 D CompatibilityChangeReporter: Compat change id reported: 263959004; UID 10010; state: DISABLED
11-26 19:52:49.057  1795  2467 D CompatibilityChangeReporter: Compat change id reported: 264304459; UID 10010; state: DISABLED
11-26 19:52:49.057  1795  2467 D CompatibilityChangeReporter: Compat change id reported: 264301586; UID 10010; state: DISABLED
11-26 19:52:49.057  1795  2467 D CompatibilityChangeReporter: Compat change id reported: 254631730; UID 10010; state: DISABLED
11-26 19:52:49.057  1795  2467 D CompatibilityChangeReporter: Compat change id reported: 273509367; UID 10010; state: DISABLED
11-26 19:52:49.058  1795  2467 D CompatibilityChangeReporter: Compat change id reported: 263259275; UID 10010; state: DISABLED
11-26 19:52:49.058  1795  2467 D CompatibilityChangeReporter: Compat change id reported: 194480991; UID 10010; state: ENABLED
11-26 19:52:49.058  1795  2467 D CompatibilityChangeReporter: Compat change id reported: 174042980; UID 10010; state: DISABLED
11-26 19:52:49.060  1795  2467 D CompatibilityChangeReporter: Compat change id reported: 181136395; UID 10010; state: DISABLED
11-26 19:52:49.060  1795  2467 D CompatibilityChangeReporter: Compat change id reported: 174042936; UID 10010; state: DISABLED
11-26 19:52:49.063  1795  2467 D CompatibilityChangeReporter: Compat change id reported: 194833441; UID 10010; state: ENABLED
11-26 19:52:49.075 12659 12659 W cr_ActivityDispatcher: CustomTabsIntent#shouldAlwaysUseBrowserUI() = false
11-26 19:52:49.075 12659 12659 I cr_VideoPersist: Exited picture in picture with reason: 0
11-26 19:52:49.077 12659 12659 E cr_IntentUtils: getInt failed on bundle null
11-26 19:52:49.088  1011  1189 I ASH     : @ 371621.260: tcs3701: stop power rail pending_off timer
11-26 19:52:49.088  1011  1189 D ASH     : @ 371621.260: tcs3701: start power rail timer, state:3
11-26 19:52:49.092  1795  2120 D CompatibilityChangeReporter: Compat change id reported: 143937733; UID 10010; state: ENABLED
11-26 19:52:49.097 12659 12659 W cr_ActivityDispatcher: CustomTabsIntent#shouldAlwaysUseBrowserUI() = false
11-26 19:52:49.102 12704 12704 D Zygote  : Forked child process 12918
11-26 19:52:49.104  1795  2120 I ActivityManager: Start proc 12918:com.chrome.canary:sandboxed_process0:org.chromium.content.app.SandboxedProcessService0:2/u0ai2 for  {com.chrome.canary/org.chromium.content.app.SandboxedProcessService0:2}
11-26 19:52:49.105 12918 12918 E libc    : SetHeapTaggingLevel: re-enabling tagging after it was disabled is not supported
11-26 19:52:49.112 12918 12918 I ocessService0:2: Using CollectorTypeCC GC.
11-26 19:52:49.114  1795  3784 D CoreBackPreview: Window{d7becec u0 com.chrome.canary/com.google.android.apps.chrome.Main}: Setting back callback OnBackInvokedCallbackInfo{mCallback=android.window.IOnBackInvokedCallback$Stub$Proxy@32920e5, mPriority=0}
11-26 19:52:49.118 12659 12659 I cr_OfflineDetector: Running updateState mConnectivityDetectorInitialized: true, mTimeWhenLastForegrounded: 371617932, getElapsedTime: 371617932, mTimeWhenLastOfflineNotificationReceived: 0, mTimeWhenLastOnline: 371616312, mTimeWhenAirplaneModeToggledOff: 0 mApplicationState: 1, mIsOfflineLastReportedByConnectivityDetector: false, mInAirplaneMode: false mIsEffectivelyOffline: false
11-26 19:52:49.118 12659 12659 I cr_OfflineDetector: updateState(): timeSinceLastForeground: 0, timeSinceOfflineNotificationReceived: 371617932, timeSinceLastOnline: 1620, timeNeededForForeground: 2000, timeNeededForOffline: -371615932 timeSinceAirplaneModeToggledOff: 371617932 timeNeededAfterConnectionChangeFromOnlineToOffline: 8380 timeNeededAfterConnectionChangeFromAirplaneToOffline: 0
11-26 19:52:49.118 12659 12659 I cr_OfflineDetector: Running mUpdateOfflineStatusIndicatorDelayedRunnable start. mConnectivityDetectorInitialized: true, mTimeWhenLastForegrounded: 371617932, getElapsedTime: 371617933, mTimeWhenLastOfflineNotificationReceived: 0, mTimeWhenLastOnline: 371616312, mTimeWhenAirplaneModeToggledOff: 0 mApplicationState: 1, mIsOfflineLastReportedByConnectivityDetector: false, mInAirplaneMode: false mIsEffectivelyOffline: false
11-26 19:52:49.121  1383  1442 I adbd    : jdwp connection from 12918
11-26 19:52:49.121 12659 12659 I cr_InactivityTracker: Last background time read from the SharedPreference is:1701024769062.
11-26 19:52:49.123 12659 12659 I cr_VideoPersist: Exited picture in picture with reason: 0
11-26 19:52:49.124  1795  3716 D CompatibilityChangeReporter: Compat change id reported: 161145287; UID 10010; state: DISABLED
11-26 19:52:49.125 12659 12659 I cr_InactivityTracker: Last visible time read from the SharedPreference is:1701024767589.
11-26 19:52:49.128  1011  1189 I ASH     : @ 371621.300: tcs3701: stop power rail pending_off timer
11-26 19:52:49.128  1011  1189 D ASH     : @ 371621.300: tcs3701: start power rail timer, state:3
11-26 19:52:49.130  1795  2467 D CompatibilityChangeReporter: Compat change id reported: 168419799; UID 10010; state: DISABLED
11-26 19:52:49.130  1795  2467 D CompatibilityChangeReporter: Compat change id reported: 273564678; UID 10010; state: DISABLED
11-26 19:52:49.132 12918 12918 I ActivityThread: Relaunch all activities: onCoreSettingsChange
11-26 19:52:49.132  3657  4525 D ForegroundUtils: Foreground UID status:
11-26 19:52:49.133  3657  4525 D ForegroundUtils: UID: 10010 is in foreground: true
11-26 19:52:49.133  3657  4525 D ForegroundUtils: UID: 10128 is in foreground: true
11-26 19:52:49.133  3657  4525 D ForegroundUtils: UID: 10158 is in foreground: true
11-26 19:52:49.133  3657  4525 D ForegroundUtils: UID: 10189 is in foreground: false
11-26 19:52:49.133  3657  4525 D ForegroundUtils: UID: 10194 is in foreground: true
11-26 19:52:49.133  3657  4525 D ForegroundUtils: UID: 10206 is in foreground: false
11-26 19:52:49.133  3657  4525 D ForegroundUtils: UID: 10233 is in foreground: true
11-26 19:52:49.133  3657  4525 D ForegroundUtils: UID: 10244 is in foreground: false
11-26 19:52:49.133 12918 12918 D CompatibilityChangeReporter: Compat change id reported: 171979766; UID 90002; state: ENABLED
11-26 19:52:49.133  3657  4525 D ForegroundUtils: UID: 10319 is in foreground: true
11-26 19:52:49.133  3657  4525 D ForegroundUtils: UID: 90000 is in foreground: true
11-26 19:52:49.133  3657  4525 D ForegroundUtils: UID: 90002 is in foreground: true
11-26 19:52:49.139  8427  8469 I BatteryMgr:DataCollectionService: stats => 1701024769139,10681,4448,2136,4169000,100
11-26 19:52:49.146 12918 12918 I LoadedApk: No resource references to update in package com.google.android.trichromelibrary.canary
11-26 19:52:49.146 12918 12918 D NetworkSecurityConfig: Using Network Security Config from resource 0_resource_name_obfuscated debugBuild: false
11-26 19:52:49.147  1795  4169 D CompatibilityChangeReporter: Compat change id reported: 214016041; UID 10010; state: ENABLED
11-26 19:52:49.147 12918 12918 D NetworkSecurityConfig: Using Network Security Config from resource 0_resource_name_obfuscated debugBuild: false
11-26 19:52:49.148 12918 12918 I cr_SplitCompatApp: Launched version=121.0.6145.0 minSdkVersion=29 isBundle=true processName=com.chrome.canary:sandboxed_process0:org.chromium.content.app.SandboxedProcessService0:2 isIsolated=true
11-26 19:52:49.148  3375  3375 I GoogleInputMethodService: GoogleInputMethodService.onFinishInput():3154 
11-26 19:52:49.149  3375  3375 I GoogleInputMethodService: GoogleInputMethodService.updateDeviceLockedStatus():2088 repeatCheckTimes = 0, locked = false
11-26 19:52:49.150  3375  3375 I GoogleInputMethodService: GoogleInputMethodService.onStartInput():1883 onStartInput(EditorInfo{EditorInfo{packageName=com.chrome.canary, inputType=0, inputTypeString=NULL, enableLearning=false, autoCorrection=false, autoComplete=false, imeOptions=12000000, privateImeOptions=null, actionName=UNSPECIFIED, actionLabel=null, initialSelStart=-1, initialSelEnd=-1, initialCapsMode=0, label=null, fieldId=-1, fieldName=null, extras=null, hintText=null, hintLocales=[]}}, false)
11-26 19:52:49.150  3375  3375 I GoogleInputMethodService: GoogleInputMethodService.updateDeviceLockedStatus():2088 repeatCheckTimes = 1, locked = false
11-26 19:52:49.155 12918 12918 W SystemServiceRegistry: No service published for: uimode
11-26 19:52:49.158 12918 12918 I cr_ChildProcessService: Creating new ChildProcessService pid=12918
11-26 19:52:49.169  1011  1189 I ASH     : @ 371621.340: tcs3701: stop power rail pending_off timer
11-26 19:52:49.169  1011  1189 D ASH     : @ 371621.340: tcs3701: start power rail timer, state:3
11-26 19:52:49.169 12918 12932 I cr_LibraryLoader: Successfully loaded native library
11-26 19:52:49.170 12918 12932 I cr_CachingUmaRecorder: Flushed 3 samples from 3 histograms, 0 samples were dropped.
11-26 19:52:49.208  1011  1189 I ASH     : @ 371621.380: tcs3701: stop power rail pending_off timer
11-26 19:52:49.208  1011  1189 D ASH     : @ 371621.380: tcs3701: start power rail timer, state:3
11-26 19:52:49.220 12737 12772 I AdrenoVK-0: QUALCOMM build          : 4783c89, I46ff5fc46f
11-26 19:52:49.220 12737 12772 I AdrenoVK-0: Build Date              : 11/30/20
11-26 19:52:49.220 12737 12772 I AdrenoVK-0: Shader Compiler Version : EV031.31.04.01
11-26 19:52:49.220 12737 12772 I AdrenoVK-0: Local Branch            : QPR2
11-26 19:52:49.220 12737 12772 I AdrenoVK-0: Remote Branch           : 
11-26 19:52:49.220 12737 12772 I AdrenoVK-0: Remote Branch           : 
11-26 19:52:49.220 12737 12772 I AdrenoVK-0: Reconstruct Branch      : 
11-26 19:52:49.221 12737 12772 I AdrenoVK-0: Build Config            : S P 10.0.4 AArch64
11-26 19:52:49.221 12737 12772 I AdrenoVK-0: Driver Path             : /vendor/lib64/hw/vulkan.adreno.so
11-26 19:52:49.237 12918 12932 I tflite  : Initialized TensorFlow Lite runtime.
11-26 19:52:49.237 12918 12932 W libc    : Access denied finding property "ro.mediatek.platform"
11-26 19:52:49.237 12918 12932 W libc    : Access denied finding property "ro.chipname"
11-26 19:52:49.237 12918 12932 W libc    : Access denied finding property "ro.hardware.chipname"
11-26 19:52:49.245  8427  8469 I BatteryMgr:DataCollectionService: stats => 1701024769245,10681,4448,2136,4169000,100
11-26 19:52:49.248  1011  1189 I ASH     : @ 371621.420: tcs3701: stop power rail pending_off timer
11-26 19:52:49.248  1011  1189 D ASH     : @ 371621.421: tcs3701: start power rail timer, state:3
11-26 19:52:49.288  1011  1189 I ASH     : @ 371621.460: tcs3701: stop power rail pending_off timer
11-26 19:52:49.288  1011  1189 D ASH     : @ 371621.460: tcs3701: start power rail timer, state:3
11-26 19:52:49.328  1011  1189 I ASH     : @ 371621.500: tcs3701: stop power rail pending_off timer
11-26 19:52:49.328  1011  1189 D ASH     : @ 371621.500: tcs3701: start power rail timer, state:3
11-26 19:52:49.350  8427  8469 I BatteryMgr:DataCollectionService: stats => 1701024769350,10681,4448,2136,4169000,100
11-26 19:52:49.368  1011  1189 I ASH     : @ 371621.540: tcs3701: stop power rail pending_off timer
11-26 19:52:49.368  1011  1189 D ASH     : @ 371621.540: tcs3701: start power rail timer, state:3
11-26 19:52:49.408  1011  1189 I ASH     : @ 371621.580: tcs3701: stop power rail pending_off timer
11-26 19:52:49.408  1011  1189 D ASH     : @ 371621.580: tcs3701: start power rail timer, state:3
11-26 19:52:49.448  1011  1189 I ASH     : @ 371621.620: tcs3701: stop power rail pending_off timer
11-26 19:52:49.449  1011  1189 D ASH     : @ 371621.621: tcs3701: start power rail timer, state:3
11-26 19:52:49.454  8427  8469 I BatteryMgr:DataCollectionService: stats => 1701024769454,10681,4448,2136,4169000,100
11-26 19:52:49.488  1011  1189 I ASH     : @ 371621.660: tcs3701: stop power rail pending_off timer
11-26 19:52:49.489  1011  1189 D ASH     : @ 371621.661: tcs3701: start power rail timer, state:3
11-26 19:52:49.528  1011  1189 I ASH     : @ 371621.700: tcs3701: stop power rail pending_off timer
11-26 19:52:49.529  1011  1189 D ASH     : @ 371621.700: tcs3701: start power rail timer, state:3
11-26 19:52:49.558  8427  8469 I BatteryMgr:DataCollectionService: stats => 1701024769558,10681,4448,2136,4169000,100
11-26 19:52:49.568  1011  1189 I ASH     : @ 371621.740: tcs3701: stop power rail pending_off timer
11-26 19:52:49.568  1011  1189 D ASH     : @ 371621.740: tcs3701: start power rail timer, state:3
11-26 19:52:49.609  1011  1189 I ASH     : @ 371621.781: tcs3701: stop power rail pending_off timer
11-26 19:52:49.609  1011  1189 D ASH     : @ 371621.781: tcs3701: start power rail timer, state:3
11-26 19:52:49.648  1011  1189 I ASH     : @ 371621.820: tcs3701: stop power rail pending_off timer
11-26 19:52:49.648  1011  1189 D ASH     : @ 371621.820: tcs3701: start power rail timer, state:3
11-26 19:52:49.663  8427  8469 I BatteryMgr:DataCollectionService: stats => 1701024769663,10681,4448,2136,4169000,100
11-26 19:52:49.688  1011  1189 I ASH     : @ 371621.860: tcs3701: stop power rail pending_off timer
11-26 19:52:49.688  1011  1189 D ASH     : @ 371621.861: tcs3701: start power rail timer, state:3
11-26 19:52:49.728  1011  1189 I ASH     : @ 371621.900: tcs3701: stop power rail pending_off timer
11-26 19:52:49.728  1011  1189 D ASH     : @ 371621.900: tcs3701: start power rail timer, state:3
11-26 19:52:49.767  8427  8469 I BatteryMgr:DataCollectionService: stats => 1701024769767,10681,4448,2136,4169000,100
11-26 19:52:49.768  1011  1189 I ASH     : @ 371621.940: tcs3701: stop power rail pending_off timer
11-26 19:52:49.768  1011  1189 D ASH     : @ 371621.940: tcs3701: start power rail timer, state:3
11-26 19:52:49.806  1795  4169 D ActivityManager: freezer override set to true
11-26 19:52:49.808  1011  1189 I ASH     : @ 371621.980: tcs3701: stop power rail pending_off timer
11-26 19:52:49.808  1011  1189 D ASH     : @ 371621.980: tcs3701: start power rail timer, state:3
11-26 19:52:49.812 12659 12719 W chromium: [WARNING:ev_root_ca_metadata.cc(119)] Not implemented
11-26 19:52:49.812 12659 12719 W chromium: [WARNING:ev_root_ca_metadata.cc(119)] Not implemented
11-26 19:52:49.827  3875  3875 I VISHotwordAdapter: Not connected and not waiting for connection.
11-26 19:52:49.831  3875  3875 I VISHotwordAdapter: Still waiting for connection; add the callback to callback list
11-26 19:52:49.834  3875  3875 W VISHotwordAdapter: gsaVis null binding. HDM in use.
11-26 19:52:49.842 12659 12698 I cr_BindingManager: Visible binding enabled: maxSize=-1
11-26 19:52:49.849  1011  1189 I ASH     : @ 371622.020: tcs3701: stop power rail pending_off timer
11-26 19:52:49.849  1011  1189 D ASH     : @ 371622.020: tcs3701: start power rail timer, state:3
11-26 19:52:49.856 26837 26837 E AbstractGmsTracer: Traced class shouldn't be obfuscated: GoogleAccountAuthenticatorChimeraService [CONTEXT service_id=259 ]
11-26 19:52:49.862 26837  5817 W GmsStrictMode: DISK_READ [CONTEXT service_id=256 ]
11-26 19:52:49.862 26837  5817 W GmsStrictMode: android.os.strictmode.DiskReadViolation
11-26 19:52:49.862 26837  5817 W GmsStrictMode: 	at android.os.StrictMode$AndroidBlockGuardPolicy.onReadFromDisk(StrictMode.java:1658)
11-26 19:52:49.862 26837  5817 W GmsStrictMode: 	at libcore.io.BlockGuardOs.access(BlockGuardOs.java:74)
11-26 19:52:49.862 26837  5817 W GmsStrictMode: 	at libcore.io.ForwardingOs.access(ForwardingOs.java:128)
11-26 19:52:49.862 26837  5817 W GmsStrictMode: 	at android.app.ActivityThread$AndroidOs.access(ActivityThread.java:7795)
11-26 19:52:49.862 26837  5817 W GmsStrictMode: 	at java.io.UnixFileSystem.checkAccess(UnixFileSystem.java:313)
11-26 19:52:49.862 26837  5817 W GmsStrictMode: 	at java.io.File.exists(File.java:813)
11-26 19:52:49.862 26837  5817 W GmsStrictMode: 	at android.app.ContextImpl.getDataDir(ContextImpl.java:2962)
11-26 19:52:49.862 26837  5817 W GmsStrictMode: 	at android.app.ContextImpl.getFilesDir(ContextImpl.java:793)
11-26 19:52:49.862 26837  5817 W GmsStrictMode: 	at android.content.ContextWrapper.getFilesDir(ContextWrapper.java:282)
11-26 19:52:49.862 26837  5817 W GmsStrictMode: 	at android.content.ContextWrapper.getFilesDir(ContextWrapper.java:282)
11-26 19:52:49.862 26837  5817 W GmsStrictMode: 	at android.content.ContextWrapper.getFilesDir(ContextWrapper.java:282)
11-26 19:52:49.862 26837  5817 W GmsStrictMode: 	at android.content.ContextWrapper.getFilesDir(ContextWrapper.java:282)
11-26 19:52:49.862 26837  5817 W GmsStrictMode: 	at yux.<init>(:com.google.android.gms@234414038@23.44.14 (190400-580326705):6)
11-26 19:52:49.862 26837  5817 W GmsStrictMode: 	at ngy.<init>(:com.google.android.gms@234414038@23.44.14 (190400-580326705):3)
11-26 19:52:49.862 26837  5817 W GmsStrictMode: 	at spz.<init>(:com.google.android.gms@234414038@23.44.14 (190400-580326705):44)
11-26 19:52:49.862 26837  5817 W GmsStrictMode: 	at sqa.onCreate(:com.google.android.gms@234414038@23.44.14 (190400-580326705):6)
11-26 19:52:49.862 26837  5817 W GmsStrictMode: 	at nnb.onCreate(:com.google.android.gms@234414038@23.44.14 (190400-580326705):18)
11-26 19:52:49.862 26837  5817 W GmsStrictMode: 	at ages.onCreate(:com.google.android.gms@234414038@23.44.14 (190400-580326705):16)
11-26 19:52:49.862 26837  5817 W GmsStrictMode: 	at android.app.ActivityThread.handleCreateService(ActivityThread.java:4485)
11-26 19:52:49.862 26837  5817 W GmsStrictMode: 	at android.app.ActivityThread.-$$Nest$mhandleCreateService(Unknown Source:0)
11-26 19:52:49.862 26837  5817 W GmsStrictMode: 	at android.app.ActivityThread$H.handleMessage(ActivityThread.java:2160)
11-26 19:52:49.862 26837  5817 W GmsStrictMode: 	at android.os.Handler.dispatchMessage(Handler.java:106)
11-26 19:52:49.862 26837  5817 W GmsStrictMode: 	at android.os.Looper.loopOnce(Looper.java:201)
11-26 19:52:49.862 26837  5817 W GmsStrictMode: 	at android.os.Looper.loop(Looper.java:288)
11-26 19:52:49.862 26837  5817 W GmsStrictMode: 	at android.app.ActivityThread.main(ActivityThread.java:7918)
11-26 19:52:49.862 26837  5817 W GmsStrictMode: 	at java.lang.reflect.Method.invoke(Native Method)
11-26 19:52:49.862 26837  5817 W GmsStrictMode: 	at com.android.internal.os.RuntimeInit$MethodAndArgsCaller.run(RuntimeInit.java:548)
11-26 19:52:49.862 26837  5817 W GmsStrictMode: 	at com.android.internal.os.ZygoteInit.main(ZygoteInit.java:936)
11-26 19:52:49.863 26837  5817 W GmsStrictMode: DISK_READ [CONTEXT service_id=256 ]
11-26 19:52:49.863 26837  5817 W GmsStrictMode: android.os.strictmode.DiskReadViolation
11-26 19:52:49.863 26837  5817 W GmsStrictMode: 	at android.os.StrictMode$AndroidBlockGuardPolicy.onReadFromDisk(StrictMode.java:1658)
11-26 19:52:49.863 26837  5817 W GmsStrictMode: 	at libcore.io.BlockGuardOs.access(BlockGuardOs.java:74)
11-26 19:52:49.863 26837  5817 W GmsStrictMode: 	at libcore.io.ForwardingOs.access(ForwardingOs.java:128)
11-26 19:52:49.863 26837  5817 W GmsStrictMode: 	at android.app.ActivityThread$AndroidOs.access(ActivityThread.java:7795)
11-26 19:52:49.863 26837  5817 W GmsStrictMode: 	at java.io.UnixFileSystem.checkAccess(UnixFileSystem.java:313)
11-26 19:52:49.863 26837  5817 W GmsStrictMode: 	at java.io.File.exists(File.java:813)
11-26 19:52:49.863 26837  5817 W GmsStrictMode: 	at android.app.ContextImpl.ensurePrivateDirExists(ContextImpl.java:759)
11-26 19:52:49.863 26837  5817 W GmsStrictMode: 	at android.app.ContextImpl.ensurePrivateDirExists(ContextImpl.java:750)
11-26 19:52:49.863 26837  5817 W GmsStrictMode: 	at android.app.ContextImpl.getFilesDir(ContextImpl.java:795)
11-26 19:52:49.863 26837  5817 W GmsStrictMode: 	at android.content.ContextWrapper.getFilesDir(ContextWrapper.java:282)
11-26 19:52:49.863 26837  5817 W GmsStrictMode: 	at android.content.ContextWrapper.getFilesDir(ContextWrapper.java:282)
11-26 19:52:49.863 26837  5817 W GmsStrictMode: 	at android.content.ContextWrapper.getFilesDir(ContextWrapper.java:282)
11-26 19:52:49.863 26837  5817 W GmsStrictMode: 	at android.content.ContextWrapper.getFilesDir(ContextWrapper.java:282)
11-26 19:52:49.863 26837  5817 W GmsStrictMode: 	at yux.<init>(:com.google.android.gms@234414038@23.44.14 (190400-580326705):6)
11-26 19:52:49.863 26837  5817 W GmsStrictMode: 	at ngy.<init>(:com.google.android.gms@234414038@23.44.14 (190400-580326705):3)
11-26 19:52:49.863 26837  5817 W GmsStrictMode: 	at spz.<init>(:com.google.android.gms@234414038@23.44.14 (190400-580326705):44)
11-26 19:52:49.863 26837  5817 W GmsStrictMode: 	at sqa.onCreate(:com.google.android.gms@234414038@23.44.14 (190400-580326705):6)
11-26 19:52:49.863 26837  5817 W GmsStrictMode: 	at nnb.onCreate(:com.google.android.gms@234414038@23.44.14 (190400-580326705):18)
11-26 19:52:49.863 26837  5817 W GmsStrictMode: 	at ages.onCreate(:com.google.android.gms@234414038@23.44.14 (190400-580326705):16)
11-26 19:52:49.863 26837  5817 W GmsStrictMode: 	at android.app.ActivityThread.handleCreateService(ActivityThread.java:4485)
11-26 19:52:49.863 26837  5817 W GmsStrictMode: 	at android.app.ActivityThread.-$$Nest$mhandleCreateService(Unknown Source:0)
11-26 19:52:49.863 26837  5817 W GmsStrictMode: 	at android.app.ActivityThread$H.handleMessage(ActivityThread.java:2160)
11-26 19:52:49.863 26837  5817 W GmsStrictMode: 	at android.os.Handler.dispatchMessage(Handler.java:106)
11-26 19:52:49.863 26837  5817 W GmsStrictMode: 	at android.os.Looper.loopOnce(Looper.java:201)
11-26 19:52:49.863 26837  5817 W GmsStrictMode: 	at android.os.Looper.loop(Looper.java:288)
11-26 19:52:49.863 26837  5817 W GmsStrictMode: 	at android.app.ActivityThread.main(ActivityThread.java:7918)
11-26 19:52:49.863 26837  5817 W GmsStrictMode: 	at java.lang.reflect.Method.invoke(Native Method)
11-26 19:52:49.863 26837  5817 W GmsStrictMode: 	at com.android.internal.os.RuntimeInit$MethodAndArgsCaller.run(RuntimeInit.java:548)
11-26 19:52:49.863 26837  5817 W GmsStrictMode: 	at com.android.internal.os.ZygoteInit.main(ZygoteInit.java:936)
11-26 19:52:49.863 26837  5817 W GmsStrictMode: DISK_READ [CONTEXT service_id=256 ]
11-26 19:52:49.863 26837  5817 W GmsStrictMode: android.os.strictmode.DiskReadViolation
11-26 19:52:49.863 26837  5817 W GmsStrictMode: 	at android.os.StrictMode$AndroidBlockGuardPolicy.onReadFromDisk(StrictMode.java:1658)
11-26 19:52:49.863 26837  5817 W GmsStrictMode: 	at libcore.io.BlockGuardOs.access(BlockGuardOs.java:74)
11-26 19:52:49.863 26837  5817 W GmsStrictMode: 	at libcore.io.ForwardingOs.access(ForwardingOs.java:128)
11-26 19:52:49.863 26837  5817 W GmsStrictMode: 	at android.app.ActivityThread$AndroidOs.access(ActivityThread.java:7795)
11-26 19:52:49.863 26837  5817 W GmsStrictMode: 	at java.io.UnixFileSystem.checkAccess(UnixFileSystem.java:313)
11-26 19:52:49.863 26837  5817 W GmsStrictMode: 	at java.io.File.exists(File.java:813)
11-26 19:52:49.863 26837  5817 W GmsStrictMode: 	at android.app.ContextImpl.ensurePrivateDirExists(ContextImpl.java:759)
11-26 19:52:49.863 26837  5817 W GmsStrictMode: 	at android.app.ContextImpl.ensurePrivateDirExists(ContextImpl.java:750)
11-26 19:52:49.863 26837  5817 W GmsStrictMode: 	at android.app.ContextImpl.getFilesDir(ContextImpl.java:795)
11-26 19:52:49.863 26837  5817 W GmsStrictMode: 	at android.content.ContextWrapper.getFilesDir(ContextWrapper.java:282)
11-26 19:52:49.863 26837  5817 W GmsStrictMode: 	at android.content.ContextWrapper.getFilesDir(ContextWrapper.java:282)
11-26 19:52:49.863 26837  5817 W GmsStrictMode: 	at android.content.ContextWrapper.getFilesDir(ContextWrapper.java:282)
11-26 19:52:49.863 26837  5817 W GmsStrictMode: 	at yux.<init>(:com.google.android.gms@234414038@23.44.14 (190400-580326705):6)
11-26 19:52:49.863 26837  5817 W GmsStrictMode: 	at srw.<init>(:com.google.android.gms@234414038@23.44.14 (190400-580326705):33)
11-26 19:52:49.863 26837  5817 W GmsStrictMode: 	at sru.<init>(:com.google.android.gms@234414038@23.44.14 (190400-580326705):31)
11-26 19:52:49.863 26837  5817 W GmsStrictMode: 	at ngy.<init>(:com.google.android.gms@234414038@23.44.14 (190400-580326705):6)
11-26 19:52:49.863 26837  5817 W GmsStrictMode: 	at spz.<init>(:com.google.android.gms@234414038@23.44.14 (190400-580326705):44)
11-26 19:52:49.863 26837  5817 W GmsStrictMode: 	at sqa.onCreate(:com.google.android.gms@234414038@23.44.14 (190400-580326705):6)
11-26 19:52:49.863 26837  5817 W GmsStrictMode: 	at nnb.onCreate(:com.google.android.gms@234414038@23.44.14 (190400-580326705):18)
11-26 19:52:49.863 26837  5817 W GmsStrictMode: 	at ages.onCreate(:com.google.android.gms@234414038@23.44.14 (190400-580326705):16)
11-26 19:52:49.863 26837  5817 W GmsStrictMode: 	at android.app.ActivityThread.handleCreateService(ActivityThread.java:4485)
11-26 19:52:49.863 26837  5817 W GmsStrictMode: 	at android.app.ActivityThread.-$$Nest$mhandleCreateService(Unknown Source:0)
11-26 19:52:49.863 26837  5817 W GmsStrictMode: 	at android.app.ActivityThread$H.handleMessage(ActivityThread.java:2160)
11-26 19:52:49.863 26837  5817 W GmsStrictMode: 	at android.os.Handler.dispatchMessage(Handler.java:106)
11-26 19:52:49.863 26837  5817 W GmsStrictMode: 	at android.os.Looper.loopOnce(Looper.java:201)
11-26 19:52:49.863 26837  5817 W GmsStrictMode: 	at android.os.Looper.loop(Looper.java:288)
11-26 19:52:49.863 26837  5817 W GmsStrictMode: 	at android.app.ActivityThread.main(ActivityThread.java:7918)
11-26 19:52:49.863 26837  5817 W GmsStrictMode: 	at java.lang.reflect.Method.invoke(Native Method)
11-26 19:52:49.863 26837  5817 W GmsStrictMode: 	at com.android.internal.os.RuntimeInit$MethodAndArgsCaller.run(RuntimeInit.java:548)
11-26 19:52:49.863 26837  5817 W GmsStrictMode: 	at com.android.internal.os.ZygoteInit.main(ZygoteInit.java:936)
11-26 19:52:49.864 26837  5817 W GmsStrictMode: DISK_READ [CONTEXT service_id=256 ]
11-26 19:52:49.864 26837  5817 W GmsStrictMode: android.os.strictmode.DiskReadViolation
11-26 19:52:49.864 26837  5817 W GmsStrictMode: 	at android.os.StrictMode$AndroidBlockGuardPolicy.onReadFromDisk(StrictMode.java:1658)
11-26 19:52:49.864 26837  5817 W GmsStrictMode: 	at libcore.io.BlockGuardOs.access(BlockGuardOs.java:74)
11-26 19:52:49.864 26837  5817 W GmsStrictMode: 	at libcore.io.ForwardingOs.access(ForwardingOs.java:128)
11-26 19:52:49.864 26837  5817 W GmsStrictMode: 	at android.app.ActivityThread$AndroidOs.access(ActivityThread.java:7795)
11-26 19:52:49.864 26837  5817 W GmsStrictMode: 	at java.io.UnixFileSystem.checkAccess(UnixFileSystem.java:313)
11-26 19:52:49.864 26837  5817 W GmsStrictMode: 	at java.io.File.exists(File.java:813)
11-26 19:52:49.864 26837  5817 W GmsStrictMode: 	at android.app.ContextImpl.ensurePrivateDirExists(ContextImpl.java:759)
11-26 19:52:49.864 26837  5817 W GmsStrictMode: 	at android.app.ContextImpl.ensurePrivateDirExists(ContextImpl.java:750)
11-26 19:52:49.864 26837  5817 W GmsStrictMode: 	at android.app.ContextImpl.getFilesDir(ContextImpl.java:795)
11-26 19:52:49.864 26837  5817 W GmsStrictMode: 	at android.content.ContextWrapper.getFilesDir(ContextWrapper.java:282)
11-26 19:52:49.864 26837  5817 W GmsStrictMode: 	at android.content.ContextWrapper.getFilesDir(ContextWrapper.java:282)
11-26 19:52:49.864 26837  5817 W GmsStrictMode: 	at android.content.ContextWrapper.getFilesDir(ContextWrapper.java:282)
11-26 19:52:49.864 26837  5817 W GmsStrictMode: 	at yux.<init>(:com.google.android.gms@234414038@23.44.14 (190400-580326705):6)
11-26 19:52:49.864 26837  5817 W GmsStrictMode: 	at sru.<init>(:com.google.android.gms@234414038@23.44.14 (190400-580326705):139)
11-26 19:52:49.864 26837  5817 W GmsStrictMode: 	at ngy.<init>(:com.google.android.gms@234414038@23.44.14 (190400-580326705):6)
11-26 19:52:49.864 26837  5817 W GmsStrictMode: 	at spz.<init>(:com.google.android.gms@234414038@23.44.14 (190400-580326705):44)
11-26 19:52:49.864 26837  5817 W GmsStrictMode: 	at sqa.onCreate(:com.google.android.gms@234414038@23.44.14 (190400-580326705):6)
11-26 19:52:49.864 26837  5817 W GmsStrictMode: 	at nnb.onCreate(:com.google.android.gms@234414038@23.44.14 (190400-580326705):18)
11-26 19:52:49.864 26837  5817 W GmsStrictMode: 	at ages.onCreate(:com.google.android.gms@234414038@23.44.14 (190400-580326705):16)
11-26 19:52:49.864 26837  5817 W GmsStrictMode: 	at android.app.ActivityThread.handleCreateService(ActivityThread.java:4485)
11-26 19:52:49.864 26837  5817 W GmsStrictMode: 	at android.app.ActivityThread.-$$Nest$mhandleCreateService(Unknown Source:0)
11-26 19:52:49.864 26837  5817 W GmsStrictMode: 	at android.app.ActivityThread$H.handleMessage(ActivityThread.java:2160)
11-26 19:52:49.864 26837  5817 W GmsStrictMode: 	at android.os.Handler.dispatchMessage(Handler.java:106)
11-26 19:52:49.864 26837  5817 W GmsStrictMode: 	at android.os.Looper.loopOnce(Looper.java:201)
11-26 19:52:49.864 26837  5817 W GmsStrictMode: 	at android.os.Looper.loop(Looper.java:288)
11-26 19:52:49.864 26837  5817 W GmsStrictMode: 	at android.app.ActivityThread.main(ActivityThread.java:7918)
11-26 19:52:49.864 26837  5817 W GmsStrictMode: 	at java.lang.reflect.Method.invoke(Native Method)
11-26 19:52:49.864 26837  5817 W GmsStrictMode: 	at com.android.internal.os.RuntimeInit$MethodAndArgsCaller.run(RuntimeInit.java:548)
11-26 19:52:49.864 26837  5817 W GmsStrictMode: 	at com.android.internal.os.ZygoteInit.main(ZygoteInit.java:936)
11-26 19:52:49.867  1795  2467 W PackageConfigPersister: App-specific configuration not found for packageName: com.chrome.canary and userId: 0
11-26 19:52:49.870 12659 12659 I cr_A11yState: Enabled accessibility services list updated.
11-26 19:52:49.871 12659 12659 I cr_A11yState: Informing listeners of changes.
11-26 19:52:49.871 12659 12659 I cr_A11yState: New AccessibilityState: State{isScreenReaderEnabled=false, isTouchExplorationEnabled=false, isPerformGesturesEnabled=false, isAnyAccessibilityServiceEnabled=false, isAccessibilityToolPresent=false, isSpokenFeedbackServicePresent=false, isTextShowPasswordEnabled=true, isOnlyPasswordManagersEnabled=false}
11-26 19:52:49.876 26741 26741 E AbstractGmsTracer: Traced class shouldn't be obfuscated: GmsBoundBrokerChimeraService [CONTEXT service_id=259 ]
11-26 19:52:49.878 26741 26741 D BoundBrokerSvc: onBind: Intent { act=com.google.android.gms.common.BIND_SHARED_PREFS pkg=com.google.android.gms }
11-26 19:52:49.878 26741 26741 D BoundBrokerSvc: Loading bound service for intent: Intent { act=com.google.android.gms.common.BIND_SHARED_PREFS pkg=com.google.android.gms }
11-26 19:52:49.879 26741 26741 E AbstractGmsTracer: Traced class shouldn't be obfuscated: SharedPreferencesBoundService [CONTEXT service_id=259 ]
11-26 19:52:49.882  8427  8469 I BatteryMgr:DataCollectionService: stats => 1701024769882,10681,4448,2136,4169000,100
11-26 19:52:49.885 26741 26741 D BoundBrokerSvc: onUnbind: Intent { act=com.google.android.gms.common.BIND_SHARED_PREFS pkg=com.google.android.gms }
11-26 19:52:49.889  1011  1189 I ASH     : @ 371622.060: tcs3701: stop power rail pending_off timer
11-26 19:52:49.889  1011  1189 D ASH     : @ 371622.060: tcs3701: start power rail timer, state:3
11-26 19:52:49.928  1011  1189 I ASH     : @ 371622.100: tcs3701: stop power rail pending_off timer
11-26 19:52:49.929  1011  1189 D ASH     : @ 371622.101: tcs3701: start power rail timer, state:3
11-26 19:52:49.968  1011  1189 I ASH     : @ 371622.140: tcs3701: stop power rail pending_off timer
11-26 19:52:49.969  1011  1189 D ASH     : @ 371622.140: tcs3701: start power rail timer, state:3
11-26 19:52:49.977 12659 12767 W m.chrome.canary: Cleared Reference was only reachable from finalizer (only reported once)
11-26 19:52:49.981 12659 12767 I m.chrome.canary: Explicit concurrent copying GC freed 934014(17MB) AllocSpace objects, 3(124KB) LOS objects, 75% free, 13MB/53MB, paused 101us,23us total 53.996ms
11-26 19:52:49.986  8427  8469 I BatteryMgr:DataCollectionService: stats => 1701024769986,10681,4448,2136,4169000,100
11-26 19:52:50.009  1011  1189 I ASH     : @ 371622.180: tcs3701: stop power rail pending_off timer
11-26 19:52:50.009  1011  1189 D ASH     : @ 371622.181: tcs3701: start power rail timer, state:3
11-26 19:52:50.048  1011  1189 I ASH     : @ 371622.220: tcs3701: stop power rail pending_off timer
11-26 19:52:50.048  1011  1189 D ASH     : @ 371622.221: tcs3701: start power rail timer, state:3
11-26 19:52:50.050  1795  2467 D ActivityManager: freezer override set to false
11-26 19:52:50.088  1011  1189 I ASH     : @ 371622.260: tcs3701: stop power rail pending_off timer
11-26 19:52:50.088  1011  1189 D ASH     : @ 371622.260: tcs3701: start power rail timer, state:3
11-26 19:52:50.092  8427  8469 I BatteryMgr:DataCollectionService: stats => 1701024770092,10681,4448,2136,4169000,100
11-26 19:52:50.095  1795  4169 D ActivityManager: freezer override set to true
11-26 19:52:50.101  1795  4169 D ActivityManager: freezer override set to false
11-26 19:52:50.128  1011  1189 I ASH     : @ 371622.300: tcs3701: stop power rail pending_off timer
11-26 19:52:50.128  1011  1189 D ASH     : @ 371622.301: tcs3701: start power rail timer, state:3
11-26 19:52:50.160  1795  4169 D ActivityManager: freezer override set to true
11-26 19:52:50.161  1795  4169 D ActivityManager: freezer override set to false
11-26 19:52:50.168  1011  1189 I ASH     : @ 371622.340: tcs3701: stop power rail pending_off timer
11-26 19:52:50.169  1011  1189 D ASH     : @ 371622.340: tcs3701: start power rail timer, state:3
11-26 19:52:50.196  8427  8469 I BatteryMgr:DataCollectionService: stats => 1701024770196,10681,4448,2136,4169000,100
11-26 19:52:50.208  1011  1189 I ASH     : @ 371622.380: tcs3701: stop power rail pending_off timer
11-26 19:52:50.209  1011  1189 D ASH     : @ 371622.381: tcs3701: start power rail timer, state:3
11-26 19:52:50.248  1011  1189 I ASH     : @ 371622.421: tcs3701: stop power rail pending_off timer
11-26 19:52:50.249  1011  1189 D ASH     : @ 371622.421: tcs3701: start power rail timer, state:3
11-26 19:52:50.288  1011  1189 I ASH     : @ 371622.460: tcs3701: stop power rail pending_off timer
11-26 19:52:50.288  1011  1189 D ASH     : @ 371622.460: tcs3701: start power rail timer, state:3
11-26 19:52:50.302  8427  8469 I BatteryMgr:DataCollectionService: stats => 1701024770302,10681,4448,2136,4169000,100
11-26 19:52:50.312  1011  1189 I CHRE    : @ 371622.484: [AR] send to host, reason=4, sampleSize=112, transitionSize=0, lastAccelTime = 371619103, lastAudioTime = 0 
11-26 19:52:50.313  1000  1009 D ContextHubHal: Got message from nanoapp: ID 0x476f6f676c00100b
11-26 19:52:50.313   995  2335 I CapoDetector: handleNanoappMessage, Id 5147455389092024331, type 1025, size 1722
11-26 19:52:50.313  1011  1189 I CHRE    : @ 371622.485: [NanoMinion] sent MSG Type 0x72, Version 0, 1714 bytes, MessageId 56
11-26 19:52:50.321  1011  1189 D CHRE    : @ 371622.494: Nanoapp list request from client ID 2
11-26 19:52:50.322  1000  1009 D ContextHubHal: Got nanoapp list response with 15 apps
11-26 19:52:50.325  1011  1189 D CHRE    : @ 371622.497: Nanoapp list request from client ID 2
11-26 19:52:50.325  1000  1009 D ContextHubHal: Got nanoapp list response with 15 apps
11-26 19:52:50.328  1011  1189 I ASH     : @ 371622.500: tcs3701: stop power rail pending_off timer
11-26 19:52:50.328  1011  1189 D ASH     : @ 371622.500: tcs3701: start power rail timer, state:3
11-26 19:52:50.333  1011  1189 D CHRE    : @ 371622.505: Nanoapp list request from client ID 2
11-26 19:52:50.333  1000  1009 D ContextHubHal: Got nanoapp list response with 15 apps
11-26 19:52:50.336  1011  1189 D CHRE    : @ 371622.508: Nanoapp list request from client ID 2
11-26 19:52:50.336  1000  1009 D ContextHubHal: Got nanoapp list response with 15 apps
11-26 19:52:50.368  1011  1189 I ASH     : @ 371622.540: tcs3701: stop power rail pending_off timer
11-26 19:52:50.368  1011  1189 D ASH     : @ 371622.540: tcs3701: start power rail timer, state:3
11-26 19:52:50.401  2113  2118 I pixel-thermal: skin-therm-monitor: 38.656
11-26 19:52:50.406  8427  8469 I BatteryMgr:DataCollectionService: stats => 1701024770406,10681,4448,2136,4169000,100
11-26 19:52:50.408  1011  1189 I ASH     : @ 371622.580: tcs3701: stop power rail pending_off timer
11-26 19:52:50.408  1011  1189 D ASH     : @ 371622.580: tcs3701: start power rail timer, state:3
11-26 19:52:50.448  1011  1189 I ASH     : @ 371622.620: tcs3701: stop power rail pending_off timer
11-26 19:52:50.448  1011  1189 D ASH     : @ 371622.620: tcs3701: start power rail timer, state:3
11-26 19:52:50.489  1011  1189 I ASH     : @ 371622.660: tcs3701: stop power rail pending_off timer
11-26 19:52:50.489  1011  1189 D ASH     : @ 371622.661: tcs3701: start power rail timer, state:3
11-26 19:52:50.510  8427  8469 I BatteryMgr:DataCollectionService: stats => 1701024770510,10681,4448,2136,4169000,100
11-26 19:52:50.529  1011  1189 I ASH     : @ 371622.700: tcs3701: stop power rail pending_off timer
11-26 19:52:50.529  1011  1189 D ASH     : @ 371622.700: tcs3701: start power rail timer, state:3
11-26 19:52:50.568  1011  1189 I ASH     : @ 371622.740: tcs3701: stop power rail pending_off timer
11-26 19:52:50.568  1011  1189 D ASH     : @ 371622.740: tcs3701: start power rail timer, state:3
11-26 19:52:50.608  1011  1189 I ASH     : @ 371622.780: tcs3701: stop power rail pending_off timer
11-26 19:52:50.608  1011  1189 D ASH     : @ 371622.781: tcs3701: start power rail timer, state:3
11-26 19:52:50.615  8427  8469 I BatteryMgr:DataCollectionService: stats => 1701024770615,10681,4448,2136,4169000,100
11-26 19:52:50.648  1011  1189 I ASH     : @ 371622.820: tcs3701: stop power rail pending_off timer
11-26 19:52:50.648  1011  1189 D ASH     : @ 371622.820: tcs3701: start power rail timer, state:3
11-26 19:52:50.688  1011  1189 I ASH     : @ 371622.860: tcs3701: stop power rail pending_off timer
11-26 19:52:50.688  1011  1189 D ASH     : @ 371622.860: tcs3701: start power rail timer, state:3
11-26 19:52:50.702 12737 12772 I AdrenoVK-0: QUALCOMM build          : 4783c89, I46ff5fc46f
11-26 19:52:50.702 12737 12772 I AdrenoVK-0: Build Date              : 11/30/20
11-26 19:52:50.702 12737 12772 I AdrenoVK-0: Shader Compiler Version : EV031.31.04.01
11-26 19:52:50.702 12737 12772 I AdrenoVK-0: Local Branch            : QPR2
11-26 19:52:50.702 12737 12772 I AdrenoVK-0: Remote Branch           : 
11-26 19:52:50.702 12737 12772 I AdrenoVK-0: Remote Branch           : 
11-26 19:52:50.702 12737 12772 I AdrenoVK-0: Reconstruct Branch      : 
11-26 19:52:50.702 12737 12772 I AdrenoVK-0: Build Config            : S P 10.0.4 AArch64
11-26 19:52:50.702 12737 12772 I AdrenoVK-0: Driver Path             : /vendor/lib64/hw/vulkan.adreno.so
