11-26 19:39:41.170 22042 22042 I cr_SplitCompatApp: Launched version=121.0.6145.0 minSdkVersion=29 isBundle=true processName=com.chrome.canary:sandboxed_process0:org.chromium.content.app.SandboxedProcessService0:1 isIsolated=true
11-26 19:39:41.177 22042 22042 W SystemServiceRegistry: No service published for: uimode
11-26 19:39:41.179 26837 26837 D BoundBrokerSvc: onBind: Intent { act=com.google.android.gms.icing.LIGHTWEIGHT_INDEX_SERVICE dat=chimera-action:/... cmp=com.google.android.gms/.chimera.PersistentApiService }
11-26 19:39:41.179 26837 26837 D BoundBrokerSvc: Loading bound service for intent: Intent { act=com.google.android.gms.icing.LIGHTWEIGHT_INDEX_SERVICE dat=chimera-action:/... cmp=com.google.android.gms/.chimera.PersistentApiService }
11-26 19:39:41.180 26741 26741 D BoundBrokerSvc: onUnbind: Intent { act=com.google.android.gms.common.BIND_SHARED_PREFS pkg=com.google.android.gms }
11-26 19:39:41.180  1011  1189 I ASH     : @ 370833.352: tcs3701: stop power rail pending_off timer
11-26 19:39:41.180  1011  1189 D ASH     : @ 370833.352: tcs3701: start power rail timer, state:3
11-26 19:39:41.183 22042 22042 I cr_ChildProcessService: Creating new ChildProcessService pid=22042
11-26 19:39:41.194 22042 22063 I cr_LibraryLoader: Successfully loaded native library
11-26 19:39:41.195 22042 22063 I cr_CachingUmaRecorder: Flushed 3 samples from 3 histograms, 0 samples were dropped.
11-26 19:39:41.207  1795  4165 D ActivityManager: freezer override set to true
11-26 19:39:41.215 22042 22063 I chromium: [INFO:child_process_service.cc(69)] ChildProcessService: Exiting child process.
11-26 19:39:41.218  1795  4162 I ActivityManager: Killing 22042:com.chrome.canary:sandboxed_process0:org.chromium.content.app.SandboxedProcessService0:1/u0a10i-8999 (adj 0): isolated not needed
11-26 19:39:41.218  1795  2145 I libprocessgroup: Successfully killed process cgroup uid 90001 pid 22042 in 0ms
11-26 19:39:41.220  1011  1189 I ASH     : @ 370833.392: tcs3701: stop power rail pending_off timer
11-26 19:39:41.220  1011  1189 D ASH     : @ 370833.392: tcs3701: start power rail timer, state:3
11-26 19:39:41.225 21919 21919 I Zygote  : Process 22042 exited cleanly (0)
11-26 19:39:41.226 21872 21872 W chromium: [WARNING:compositor_view.cc(339)] Child process died (type=6) pid=22042)
11-26 19:39:41.227  3657  3683 D ForegroundUtils: UID: 90001 deleted.
11-26 19:39:41.235  1795  2679 D CompatibilityChangeReporter: Compat change id reported: 161252188; UID 10010; state: DISABLED
11-26 19:39:41.238 26741 17964 I Icing   : Usage reports ok 4, Failed Usage reports 0, indexed 3, rejected 0
11-26 19:39:41.242  1795  2150 E system_server: updateValue is called with a value 15, which is lower than the previous value 19
11-26 19:39:41.260  1011  1189 I ASH     : @ 370833.432: tcs3701: stop power rail pending_off timer
11-26 19:39:41.260  1011  1189 D ASH     : @ 370833.432: tcs3701: start power rail timer, state:3
11-26 19:39:41.300  1011  1189 I ASH     : @ 370833.472: tcs3701: stop power rail pending_off timer
11-26 19:39:41.300  1011  1189 D ASH     : @ 370833.472: tcs3701: start power rail timer, state:3
11-26 19:39:41.340  1011  1189 I ASH     : @ 370833.512: tcs3701: stop power rail pending_off timer
11-26 19:39:41.340  1011  1189 D ASH     : @ 370833.512: tcs3701: start power rail timer, state:3
11-26 19:39:41.359 21872 21925 I m.chrome.canary: Explicit concurrent copying GC freed 558176(22MB) AllocSpace objects, 27(924KB) LOS objects, 75% free, 8504KB/33MB, paused 53us,58us total 58.611ms
11-26 19:39:41.380  1011  1189 I ASH     : @ 370833.552: tcs3701: stop power rail pending_off timer
11-26 19:39:41.380  1011  1189 D ASH     : @ 370833.552: tcs3701: start power rail timer, state:3
11-26 19:39:41.403  1795  4165 D ActivityManager: freezer override set to false
11-26 19:39:41.420  1011  1189 I ASH     : @ 370833.592: tcs3701: stop power rail pending_off timer
11-26 19:39:41.420  1011  1189 D ASH     : @ 370833.592: tcs3701: start power rail timer, state:3
11-26 19:39:41.460  1011  1189 I ASH     : @ 370833.632: tcs3701: stop power rail pending_off timer
11-26 19:39:41.460  1011  1189 D ASH     : @ 370833.632: tcs3701: start power rail timer, state:3
11-26 19:39:41.477  1795  2679 D ActivityManager: freezer override set to true
11-26 19:39:41.485  1795  2679 D ActivityManager: freezer override set to false
11-26 19:39:41.500  1011  1189 I ASH     : @ 370833.672: tcs3701: stop power rail pending_off timer
11-26 19:39:41.500  1011  1189 D ASH     : @ 370833.672: tcs3701: start power rail timer, state:3
11-26 19:39:41.536  1795  2679 D ActivityManager: freezer override set to true
11-26 19:39:41.540  1011  1189 I ASH     : @ 370833.712: tcs3701: stop power rail pending_off timer
11-26 19:39:41.541  1011  1189 D ASH     : @ 370833.712: tcs3701: start power rail timer, state:3
11-26 19:39:41.544  1795  2679 D ActivityManager: freezer override set to false
11-26 19:39:41.580  1011  1189 I ASH     : @ 370833.752: tcs3701: stop power rail pending_off timer
11-26 19:39:41.580  1011  1189 D ASH     : @ 370833.752: tcs3701: start power rail timer, state:3
11-26 19:39:41.620  1011  1189 I ASH     : @ 370833.792: tcs3701: stop power rail pending_off timer
11-26 19:39:41.620  1011  1189 D ASH     : @ 370833.792: tcs3701: start power rail timer, state:3
11-26 19:39:41.636 21872 21935 W chromium: [WARNING:ev_root_ca_metadata.cc(119)] Not implemented
11-26 19:39:41.636 21872 21935 W chromium: [WARNING:ev_root_ca_metadata.cc(119)] Not implemented
11-26 19:39:41.661  1011  1189 I ASH     : @ 370833.832: tcs3701: stop power rail pending_off timer
11-26 19:39:41.661  1011  1189 D ASH     : @ 370833.832: tcs3701: start power rail timer, state:3
11-26 19:39:41.700  1011  1189 I ASH     : @ 370833.872: tcs3701: stop power rail pending_off timer
11-26 19:39:41.700  1011  1189 D ASH     : @ 370833.872: tcs3701: start power rail timer, state:3
11-26 19:39:41.733  1795  2679 I ActivityManager: Background started FGS: Allowed [callingPackage: com.android.shell; callingUid: 2000; uidState: NONE; intent: Intent { cmp=com.example.batterymanager_utility/.DataCollectionService (has extras) }; code:SYSTEM_UID; tempAllowListReason:<,reasonCode:SYSTEM_ALLOW_LISTED,duration:9223372036854775807,callingUid:-1>; targetSdkVersion:33; callerTargetSdkVersion:33; startForegroundCount:0; bindFromPackage:null]
11-26 19:39:41.740  8427  8427 I BatteryMgr:DataCollectionService: onStartCommand: begin
11-26 19:39:41.740  8427  8427 I BatteryMgr:DataCollectionService: onStartCommand: sampleRate => 100
11-26 19:39:41.740  8427  8427 I BatteryMgr:DataCollectionService: onStartCommand: rawFields => Timestamp,BATTERY_PROPERTY_CURRENT_NOW,EXTRA_VOLTAGE,BATTERY_PROPERTY_CURRENT_AVERAGE,BATTERY_PROPERTY_CHARGE_COUNTER,BATTERY_PROPERTY_CAPACITY
11-26 19:39:41.740  1011  1189 I ASH     : @ 370833.912: tcs3701: stop power rail pending_off timer
11-26 19:39:41.740  1011  1189 D ASH     : @ 370833.912: tcs3701: start power rail timer, state:3
11-26 19:39:41.741  8427  8427 I BatteryMgr:DataCollectionService: onStartCommand: notification done
11-26 19:39:41.744  8427  8427 I BatteryMgr:DataCollectionService: started foreground
11-26 19:39:41.746  8427  8467 I BatteryMgr:DataCollectionService: collectData: begin
11-26 19:39:41.750  8427  8467 I BatteryMgr:DataCollectionService: stats => 1701023981750,9155,4448,2136,4169000,100
11-26 19:39:41.780  1011  1189 I ASH     : @ 370833.952: tcs3701: stop power rail pending_off timer
11-26 19:39:41.780  1011  1189 D ASH     : @ 370833.952: tcs3701: start power rail timer, state:3
11-26 19:39:41.799 21955 21984 I AdrenoVK-0: QUALCOMM build          : 4783c89, I46ff5fc46f
11-26 19:39:41.799 21955 21984 I AdrenoVK-0: Build Date              : 11/30/20
11-26 19:39:41.799 21955 21984 I AdrenoVK-0: Shader Compiler Version : EV031.31.04.01
11-26 19:39:41.799 21955 21984 I AdrenoVK-0: Local Branch            : QPR2
11-26 19:39:41.799 21955 21984 I AdrenoVK-0: Remote Branch           : 
11-26 19:39:41.799 21955 21984 I AdrenoVK-0: Remote Branch           : 
11-26 19:39:41.799 21955 21984 I AdrenoVK-0: Reconstruct Branch      : 
11-26 19:39:41.799 21955 21984 I AdrenoVK-0: Build Config            : S P 10.0.4 AArch64
11-26 19:39:41.800 21955 21984 I AdrenoVK-0: Driver Path             : /vendor/lib64/hw/vulkan.adreno.so
11-26 19:39:41.821  1011  1189 I ASH     : @ 370833.992: tcs3701: stop power rail pending_off timer
11-26 19:39:41.821  1011  1189 D ASH     : @ 370833.992: tcs3701: start power rail timer, state:3
11-26 19:39:41.856  8427  8467 I BatteryMgr:DataCollectionService: stats => 1701023981855,9155,4448,2136,4169000,100
11-26 19:39:41.860  1011  1189 I ASH     : @ 370834.032: tcs3701: stop power rail pending_off timer
11-26 19:39:41.860  1011  1189 D ASH     : @ 370834.032: tcs3701: start power rail timer, state:3
11-26 19:39:41.900  1011  1189 I ASH     : @ 370834.072: tcs3701: stop power rail pending_off timer
11-26 19:39:41.900  1011  1189 D ASH     : @ 370834.072: tcs3701: start power rail timer, state:3
11-26 19:39:41.940  1011  1189 I ASH     : @ 370834.112: tcs3701: stop power rail pending_off timer
11-26 19:39:41.940  1011  1189 D ASH     : @ 370834.112: tcs3701: start power rail timer, state:3
11-26 19:39:41.951  1795  4162 I ActivityTaskManager: START u0 {act=android.intent.action.VIEW dat=https://playground.babylonjs.com/... flg=0x10000000 cmp=com.chrome.canary/com.google.android.apps.chrome.Main} from uid 2000
11-26 19:39:41.955  1795  4162 D CompatibilityChangeReporter: Compat change id reported: 265464455; UID 10010; state: DISABLED
11-26 19:39:41.955  1795  4162 D CompatibilityChangeReporter: Compat change id reported: 265452344; UID 10010; state: DISABLED
11-26 19:39:41.955  1795  4162 D CompatibilityChangeReporter: Compat change id reported: 266124927; UID 10010; state: DISABLED
11-26 19:39:41.956  1795  4162 D CompatibilityChangeReporter: Compat change id reported: 265451093; UID 10010; state: DISABLED
11-26 19:39:41.956  1795  4162 D CompatibilityChangeReporter: Compat change id reported: 265456536; UID 10010; state: DISABLED
11-26 19:39:41.956  1795  4162 D CompatibilityChangeReporter: Compat change id reported: 255940284; UID 10010; state: DISABLED
11-26 19:39:41.956  1795  4162 D CompatibilityChangeReporter: Compat change id reported: 236283604; UID 10010; state: DISABLED
11-26 19:39:41.956  1795  4162 D CompatibilityChangeReporter: Compat change id reported: 263959004; UID 10010; state: DISABLED
11-26 19:39:41.956  1795  4162 D CompatibilityChangeReporter: Compat change id reported: 264304459; UID 10010; state: DISABLED
11-26 19:39:41.957  1795  4162 D CompatibilityChangeReporter: Compat change id reported: 264301586; UID 10010; state: DISABLED
11-26 19:39:41.957  1795  4162 D CompatibilityChangeReporter: Compat change id reported: 254631730; UID 10010; state: DISABLED
11-26 19:39:41.957  1795  4162 D CompatibilityChangeReporter: Compat change id reported: 273509367; UID 10010; state: DISABLED
11-26 19:39:41.957  1795  4162 D CompatibilityChangeReporter: Compat change id reported: 263259275; UID 10010; state: DISABLED
11-26 19:39:41.958  1795  4162 D CompatibilityChangeReporter: Compat change id reported: 194480991; UID 10010; state: ENABLED
11-26 19:39:41.958  1795  4162 D CompatibilityChangeReporter: Compat change id reported: 174042980; UID 10010; state: DISABLED
11-26 19:39:41.960  1795  4162 D CompatibilityChangeReporter: Compat change id reported: 181136395; UID 10010; state: DISABLED
11-26 19:39:41.961  1795  4162 D CompatibilityChangeReporter: Compat change id reported: 174042936; UID 10010; state: DISABLED
11-26 19:39:41.966  1795  4162 D CompatibilityChangeReporter: Compat change id reported: 194833441; UID 10010; state: ENABLED
11-26 19:39:41.969  8427  8467 I BatteryMgr:DataCollectionService: stats => 1701023981969,9155,4448,2136,4169000,100
11-26 19:39:41.976 21872 21872 W cr_ActivityDispatcher: CustomTabsIntent#shouldAlwaysUseBrowserUI() = false
11-26 19:39:41.976 21872 21872 I cr_VideoPersist: Exited picture in picture with reason: 0
11-26 19:39:41.977 21872 21872 E cr_IntentUtils: getInt failed on bundle null
11-26 19:39:41.980  1011  1189 I ASH     : @ 370834.152: tcs3701: stop power rail pending_off timer
11-26 19:39:41.980  1011  1189 D ASH     : @ 370834.152: tcs3701: start power rail timer, state:3
11-26 19:39:41.996  1795  2120 D CompatibilityChangeReporter: Compat change id reported: 143937733; UID 10010; state: ENABLED
11-26 19:39:41.999 21872 21872 W cr_ActivityDispatcher: CustomTabsIntent#shouldAlwaysUseBrowserUI() = false
11-26 19:39:42.006 21919 21919 D Zygote  : Forked child process 22126
11-26 19:39:42.008  1795  2120 I ActivityManager: Start proc 22126:com.chrome.canary:sandboxed_process0:org.chromium.content.app.SandboxedProcessService0:2/u0ai2 for  {com.chrome.canary/org.chromium.content.app.SandboxedProcessService0:2}
11-26 19:39:42.010 22126 22126 E libc    : SetHeapTaggingLevel: re-enabling tagging after it was disabled is not supported
11-26 19:39:42.017 22126 22126 I ocessService0:2: Using CollectorTypeCC GC.
11-26 19:39:42.019 21872 21872 I cr_OfflineDetector: Running updateState mConnectivityDetectorInitialized: true, mTimeWhenLastForegrounded: 370830834, getElapsedTime: 370830834, mTimeWhenLastOfflineNotificationReceived: 0, mTimeWhenLastOnline: 370829263, mTimeWhenAirplaneModeToggledOff: 0 mApplicationState: 1, mIsOfflineLastReportedByConnectivityDetector: false, mInAirplaneMode: false mIsEffectivelyOffline: false
11-26 19:39:42.019 21872 21872 I cr_OfflineDetector: updateState(): timeSinceLastForeground: 0, timeSinceOfflineNotificationReceived: 370830834, timeSinceLastOnline: 1571, timeNeededForForeground: 2000, timeNeededForOffline: -370828834 timeSinceAirplaneModeToggledOff: 370830834 timeNeededAfterConnectionChangeFromOnlineToOffline: 8429 timeNeededAfterConnectionChangeFromAirplaneToOffline: 0
11-26 19:39:42.019 21872 21872 I cr_OfflineDetector: Running mUpdateOfflineStatusIndicatorDelayedRunnable start. mConnectivityDetectorInitialized: true, mTimeWhenLastForegrounded: 370830834, getElapsedTime: 370830834, mTimeWhenLastOfflineNotificationReceived: 0, mTimeWhenLastOnline: 370829263, mTimeWhenAirplaneModeToggledOff: 0 mApplicationState: 1, mIsOfflineLastReportedByConnectivityDetector: false, mInAirplaneMode: false mIsEffectivelyOffline: false
11-26 19:39:42.020  1011  1189 I ASH     : @ 370834.192: tcs3701: stop power rail pending_off timer
11-26 19:39:42.020  1011  1189 D ASH     : @ 370834.192: tcs3701: start power rail timer, state:3
11-26 19:39:42.024 21872 21872 I cr_InactivityTracker: Last background time read from the SharedPreference is:1701023981961.
11-26 19:39:42.025  1383  1442 I adbd    : jdwp connection from 22126
11-26 19:39:42.026 21872 21872 I cr_VideoPersist: Exited picture in picture with reason: 0
11-26 19:39:42.027  1795  4162 D CompatibilityChangeReporter: Compat change id reported: 161145287; UID 10010; state: DISABLED
11-26 19:39:42.027 21872 21872 I cr_InactivityTracker: Last visible time read from the SharedPreference is:1701023980556.
11-26 19:39:42.034  1795  2679 D ActivityManager: freezer override set to true
11-26 19:39:42.036  1795  3784 D CompatibilityChangeReporter: Compat change id reported: 168419799; UID 10010; state: DISABLED
11-26 19:39:42.036  1795  3784 D CompatibilityChangeReporter: Compat change id reported: 273564678; UID 10010; state: DISABLED
11-26 19:39:42.039  3657  3683 D ForegroundUtils: Foreground UID status:
11-26 19:39:42.039  3657  3683 D ForegroundUtils: UID: 10010 is in foreground: true
11-26 19:39:42.039  3657  3683 D ForegroundUtils: UID: 10128 is in foreground: true
11-26 19:39:42.039  3657  3683 D ForegroundUtils: UID: 10158 is in foreground: true
11-26 19:39:42.039  3657  3683 D ForegroundUtils: UID: 10189 is in foreground: false
11-26 19:39:42.039  3657  3683 D ForegroundUtils: UID: 10194 is in foreground: true
11-26 19:39:42.039  3657  3683 D ForegroundUtils: UID: 10206 is in foreground: false
11-26 19:39:42.039  3657  3683 D ForegroundUtils: UID: 10233 is in foreground: true
11-26 19:39:42.039  3657  3683 D ForegroundUtils: UID: 10244 is in foreground: false
11-26 19:39:42.039  3657  3683 D ForegroundUtils: UID: 10319 is in foreground: true
11-26 19:39:42.039  3657  3683 D ForegroundUtils: UID: 90000 is in foreground: true
11-26 19:39:42.039  3657  3683 D ForegroundUtils: UID: 90002 is in foreground: true
11-26 19:39:42.039 22126 22126 I ActivityThread: Relaunch all activities: onCoreSettingsChange
11-26 19:39:42.040 22126 22126 D CompatibilityChangeReporter: Compat change id reported: 171979766; UID 90002; state: ENABLED
11-26 19:39:42.044  1795  4162 D CompatibilityChangeReporter: Compat change id reported: 214016041; UID 10010; state: ENABLED
11-26 19:39:42.046  3375  3375 I GoogleInputMethodService: GoogleInputMethodService.onFinishInput():3154 
11-26 19:39:42.050  3375  3375 I GoogleInputMethodService: GoogleInputMethodService.updateDeviceLockedStatus():2088 repeatCheckTimes = 0, locked = false
11-26 19:39:42.050  3375  3375 I GoogleInputMethodService: GoogleInputMethodService.onStartInput():1883 onStartInput(EditorInfo{EditorInfo{packageName=com.chrome.canary, inputType=0, inputTypeString=NULL, enableLearning=false, autoCorrection=false, autoComplete=false, imeOptions=12000000, privateImeOptions=null, actionName=UNSPECIFIED, actionLabel=null, initialSelStart=-1, initialSelEnd=-1, initialCapsMode=0, label=null, fieldId=-1, fieldName=null, extras=null, hintText=null, hintLocales=[]}}, false)
11-26 19:39:42.051  3375  3375 I GoogleInputMethodService: GoogleInputMethodService.updateDeviceLockedStatus():2088 repeatCheckTimes = 1, locked = false
11-26 19:39:42.053 22126 22126 I LoadedApk: No resource references to update in package com.google.android.trichromelibrary.canary
11-26 19:39:42.053 22126 22126 D NetworkSecurityConfig: Using Network Security Config from resource 0_resource_name_obfuscated debugBuild: false
11-26 19:39:42.055 22126 22126 D NetworkSecurityConfig: Using Network Security Config from resource 0_resource_name_obfuscated debugBuild: false
11-26 19:39:42.056 22126 22126 I cr_SplitCompatApp: Launched version=121.0.6145.0 minSdkVersion=29 isBundle=true processName=com.chrome.canary:sandboxed_process0:org.chromium.content.app.SandboxedProcessService0:2 isIsolated=true
11-26 19:39:42.060  1011  1189 I ASH     : @ 370834.232: tcs3701: stop power rail pending_off timer
11-26 19:39:42.060  1011  1189 D ASH     : @ 370834.232: tcs3701: start power rail timer, state:3
11-26 19:39:42.061  1795  2679 D ActivityManager: freezer override set to false
11-26 19:39:42.064 22126 22126 W SystemServiceRegistry: No service published for: uimode
11-26 19:39:42.073 22126 22126 I cr_ChildProcessService: Creating new ChildProcessService pid=22126
11-26 19:39:42.079 21872 21934 W chromium: [WARNING:ev_root_ca_metadata.cc(119)] Not implemented
11-26 19:39:42.083  3875  3875 I VISHotwordAdapter: Not connected and not waiting for connection.
11-26 19:39:42.086  3875  3875 I VISHotwordAdapter: Still waiting for connection; add the callback to callback list
11-26 19:39:42.088  3875  3875 W VISHotwordAdapter: gsaVis null binding. HDM in use.
11-26 19:39:42.089  8427  8467 I BatteryMgr:DataCollectionService: stats => 1701023982089,9155,4448,2136,4169000,100
11-26 19:39:42.093 22126 22147 I cr_LibraryLoader: Successfully loaded native library
11-26 19:39:42.094 22126 22147 I cr_CachingUmaRecorder: Flushed 3 samples from 3 histograms, 0 samples were dropped.
11-26 19:39:42.100  1011  1189 I ASH     : @ 370834.272: tcs3701: stop power rail pending_off timer
11-26 19:39:42.100  1011  1189 D ASH     : @ 370834.272: tcs3701: start power rail timer, state:3
11-26 19:39:42.102 21872 21934 W chromium: [WARNING:ev_root_ca_metadata.cc(119)] Not implemented
11-26 19:39:42.112 21872 21872 I cr_StartSurface: Recorded Startup.Android.StartSurfaceShownAtStartup = false
11-26 19:39:42.114 21872 21934 W chromium: [WARNING:ev_root_ca_metadata.cc(119)] Not implemented
11-26 19:39:42.114 21872 21934 W chromium: [WARNING:ev_root_ca_metadata.cc(119)] Not implemented
11-26 19:39:42.119 21872 21936 W chromium: [WARNING:ev_root_ca_metadata.cc(119)] Not implemented
11-26 19:39:42.119 21872 21936 W chromium: [WARNING:ev_root_ca_metadata.cc(119)] Not implemented
11-26 19:39:42.131 21872 21913 I cr_BindingManager: Visible binding enabled: maxSize=-1
11-26 19:39:42.140  1011  1189 I ASH     : @ 370834.312: tcs3701: stop power rail pending_off timer
11-26 19:39:42.140  1011  1189 D ASH     : @ 370834.312: tcs3701: start power rail timer, state:3
11-26 19:39:42.141 21872 21942 W chromium: [WARNING:ev_root_ca_metadata.cc(119)] Not implemented
11-26 19:39:42.156 26837 26837 E AbstractGmsTracer: Traced class shouldn't be obfuscated: GoogleAccountAuthenticatorChimeraService [CONTEXT service_id=259 ]
11-26 19:39:42.156 21872 21942 W chromium: [WARNING:ev_root_ca_metadata.cc(119)] Not implemented
11-26 19:39:42.158 26837 18176 W GmsStrictMode: DISK_READ [CONTEXT service_id=256 ]
11-26 19:39:42.158 26837 18176 W GmsStrictMode: android.os.strictmode.DiskReadViolation
11-26 19:39:42.158 26837 18176 W GmsStrictMode: 	at android.os.StrictMode$AndroidBlockGuardPolicy.onReadFromDisk(StrictMode.java:1658)
11-26 19:39:42.158 26837 18176 W GmsStrictMode: 	at libcore.io.BlockGuardOs.access(BlockGuardOs.java:74)
11-26 19:39:42.158 26837 18176 W GmsStrictMode: 	at libcore.io.ForwardingOs.access(ForwardingOs.java:128)
11-26 19:39:42.158 26837 18176 W GmsStrictMode: 	at android.app.ActivityThread$AndroidOs.access(ActivityThread.java:7795)
11-26 19:39:42.158 26837 18176 W GmsStrictMode: 	at java.io.UnixFileSystem.checkAccess(UnixFileSystem.java:313)
11-26 19:39:42.158 26837 18176 W GmsStrictMode: 	at java.io.File.exists(File.java:813)
11-26 19:39:42.158 26837 18176 W GmsStrictMode: 	at android.app.ContextImpl.getDataDir(ContextImpl.java:2962)
11-26 19:39:42.158 26837 18176 W GmsStrictMode: 	at android.app.ContextImpl.getFilesDir(ContextImpl.java:793)
11-26 19:39:42.158 26837 18176 W GmsStrictMode: 	at android.content.ContextWrapper.getFilesDir(ContextWrapper.java:282)
11-26 19:39:42.158 26837 18176 W GmsStrictMode: 	at android.content.ContextWrapper.getFilesDir(ContextWrapper.java:282)
11-26 19:39:42.158 26837 18176 W GmsStrictMode: 	at android.content.ContextWrapper.getFilesDir(ContextWrapper.java:282)
11-26 19:39:42.158 26837 18176 W GmsStrictMode: 	at android.content.ContextWrapper.getFilesDir(ContextWrapper.java:282)
11-26 19:39:42.158 26837 18176 W GmsStrictMode: 	at yux.<init>(:com.google.android.gms@234414038@23.44.14 (190400-580326705):6)
11-26 19:39:42.158 26837 18176 W GmsStrictMode: 	at ngy.<init>(:com.google.android.gms@234414038@23.44.14 (190400-580326705):3)
11-26 19:39:42.158 26837 18176 W GmsStrictMode: 	at spz.<init>(:com.google.android.gms@234414038@23.44.14 (190400-580326705):44)
11-26 19:39:42.158 26837 18176 W GmsStrictMode: 	at sqa.onCreate(:com.google.android.gms@234414038@23.44.14 (190400-580326705):6)
11-26 19:39:42.158 26837 18176 W GmsStrictMode: 	at nnb.onCreate(:com.google.android.gms@234414038@23.44.14 (190400-580326705):18)
11-26 19:39:42.158 26837 18176 W GmsStrictMode: 	at ages.onCreate(:com.google.android.gms@234414038@23.44.14 (190400-580326705):16)
11-26 19:39:42.158 26837 18176 W GmsStrictMode: 	at android.app.ActivityThread.handleCreateService(ActivityThread.java:4485)
11-26 19:39:42.158 26837 18176 W GmsStrictMode: 	at android.app.ActivityThread.-$$Nest$mhandleCreateService(Unknown Source:0)
11-26 19:39:42.158 26837 18176 W GmsStrictMode: 	at android.app.ActivityThread$H.handleMessage(ActivityThread.java:2160)
11-26 19:39:42.158 26837 18176 W GmsStrictMode: 	at android.os.Handler.dispatchMessage(Handler.java:106)
11-26 19:39:42.158 26837 18176 W GmsStrictMode: 	at android.os.Looper.loopOnce(Looper.java:201)
11-26 19:39:42.158 26837 18176 W GmsStrictMode: 	at android.os.Looper.loop(Looper.java:288)
11-26 19:39:42.158 26837 18176 W GmsStrictMode: 	at android.app.ActivityThread.main(ActivityThread.java:7918)
11-26 19:39:42.158 26837 18176 W GmsStrictMode: 	at java.lang.reflect.Method.invoke(Native Method)
11-26 19:39:42.158 26837 18176 W GmsStrictMode: 	at com.android.internal.os.RuntimeInit$MethodAndArgsCaller.run(RuntimeInit.java:548)
11-26 19:39:42.158 26837 18176 W GmsStrictMode: 	at com.android.internal.os.ZygoteInit.main(ZygoteInit.java:936)
11-26 19:39:42.159 26837 18176 W GmsStrictMode: DISK_READ [CONTEXT service_id=256 ]
11-26 19:39:42.159 26837 18176 W GmsStrictMode: android.os.strictmode.DiskReadViolation
11-26 19:39:42.159 26837 18176 W GmsStrictMode: 	at android.os.StrictMode$AndroidBlockGuardPolicy.onReadFromDisk(StrictMode.java:1658)
11-26 19:39:42.159 26837 18176 W GmsStrictMode: 	at libcore.io.BlockGuardOs.access(BlockGuardOs.java:74)
11-26 19:39:42.159 26837 18176 W GmsStrictMode: 	at libcore.io.ForwardingOs.access(ForwardingOs.java:128)
11-26 19:39:42.159 26837 18176 W GmsStrictMode: 	at android.app.ActivityThread$AndroidOs.access(ActivityThread.java:7795)
11-26 19:39:42.159 26837 18176 W GmsStrictMode: 	at java.io.UnixFileSystem.checkAccess(UnixFileSystem.java:313)
11-26 19:39:42.159 26837 18176 W GmsStrictMode: 	at java.io.File.exists(File.java:813)
11-26 19:39:42.159 26837 18176 W GmsStrictMode: 	at android.app.ContextImpl.ensurePrivateDirExists(ContextImpl.java:759)
11-26 19:39:42.159 26837 18176 W GmsStrictMode: 	at android.app.ContextImpl.ensurePrivateDirExists(ContextImpl.java:750)
11-26 19:39:42.159 26837 18176 W GmsStrictMode: 	at android.app.ContextImpl.getFilesDir(ContextImpl.java:795)
11-26 19:39:42.159 26837 18176 W GmsStrictMode: 	at android.content.ContextWrapper.getFilesDir(ContextWrapper.java:282)
11-26 19:39:42.159 26837 18176 W GmsStrictMode: 	at android.content.ContextWrapper.getFilesDir(ContextWrapper.java:282)
11-26 19:39:42.159 26837 18176 W GmsStrictMode: 	at android.content.ContextWrapper.getFilesDir(ContextWrapper.java:282)
11-26 19:39:42.159 26837 18176 W GmsStrictMode: 	at android.content.ContextWrapper.getFilesDir(ContextWrapper.java:282)
11-26 19:39:42.159 26837 18176 W GmsStrictMode: 	at yux.<init>(:com.google.android.gms@234414038@23.44.14 (190400-580326705):6)
11-26 19:39:42.159 26837 18176 W GmsStrictMode: 	at ngy.<init>(:com.google.android.gms@234414038@23.44.14 (190400-580326705):3)
11-26 19:39:42.159 26837 18176 W GmsStrictMode: 	at spz.<init>(:com.google.android.gms@234414038@23.44.14 (190400-580326705):44)
11-26 19:39:42.159 26837 18176 W GmsStrictMode: 	at sqa.onCreate(:com.google.android.gms@234414038@23.44.14 (190400-580326705):6)
11-26 19:39:42.159 26837 18176 W GmsStrictMode: 	at nnb.onCreate(:com.google.android.gms@234414038@23.44.14 (190400-580326705):18)
11-26 19:39:42.159 26837 18176 W GmsStrictMode: 	at ages.onCreate(:com.google.android.gms@234414038@23.44.14 (190400-580326705):16)
11-26 19:39:42.159 26837 18176 W GmsStrictMode: 	at android.app.ActivityThread.handleCreateService(ActivityThread.java:4485)
11-26 19:39:42.159 26837 18176 W GmsStrictMode: 	at android.app.ActivityThread.-$$Nest$mhandleCreateService(Unknown Source:0)
11-26 19:39:42.159 26837 18176 W GmsStrictMode: 	at android.app.ActivityThread$H.handleMessage(ActivityThread.java:2160)
11-26 19:39:42.159 26837 18176 W GmsStrictMode: 	at android.os.Handler.dispatchMessage(Handler.java:106)
11-26 19:39:42.159 26837 18176 W GmsStrictMode: 	at android.os.Looper.loopOnce(Looper.java:201)
11-26 19:39:42.159 26837 18176 W GmsStrictMode: 	at android.os.Looper.loop(Looper.java:288)
11-26 19:39:42.159 26837 18176 W GmsStrictMode: 	at android.app.ActivityThread.main(ActivityThread.java:7918)
11-26 19:39:42.159 26837 18176 W GmsStrictMode: 	at java.lang.reflect.Method.invoke(Native Method)
11-26 19:39:42.159 26837 18176 W GmsStrictMode: 	at com.android.internal.os.RuntimeInit$MethodAndArgsCaller.run(RuntimeInit.java:548)
11-26 19:39:42.159 26837 18176 W GmsStrictMode: 	at com.android.internal.os.ZygoteInit.main(ZygoteInit.java:936)
11-26 19:39:42.159 26837 18176 W GmsStrictMode: DISK_READ [CONTEXT service_id=256 ]
11-26 19:39:42.159 26837 18176 W GmsStrictMode: android.os.strictmode.DiskReadViolation
11-26 19:39:42.159 26837 18176 W GmsStrictMode: 	at android.os.StrictMode$AndroidBlockGuardPolicy.onReadFromDisk(StrictMode.java:1658)
11-26 19:39:42.159 26837 18176 W GmsStrictMode: 	at libcore.io.BlockGuardOs.access(BlockGuardOs.java:74)
11-26 19:39:42.159 26837 18176 W GmsStrictMode: 	at libcore.io.ForwardingOs.access(ForwardingOs.java:128)
11-26 19:39:42.159 26837 18176 W GmsStrictMode: 	at android.app.ActivityThread$AndroidOs.access(ActivityThread.java:7795)
11-26 19:39:42.159 26837 18176 W GmsStrictMode: 	at java.io.UnixFileSystem.checkAccess(UnixFileSystem.java:313)
11-26 19:39:42.159 26837 18176 W GmsStrictMode: 	at java.io.File.exists(File.java:813)
11-26 19:39:42.159 26837 18176 W GmsStrictMode: 	at android.app.ContextImpl.ensurePrivateDirExists(ContextImpl.java:759)
11-26 19:39:42.159 26837 18176 W GmsStrictMode: 	at android.app.ContextImpl.ensurePrivateDirExists(ContextImpl.java:750)
11-26 19:39:42.159 26837 18176 W GmsStrictMode: 	at android.app.ContextImpl.getFilesDir(ContextImpl.java:795)
11-26 19:39:42.159 26837 18176 W GmsStrictMode: 	at android.content.ContextWrapper.getFilesDir(ContextWrapper.java:282)
11-26 19:39:42.159 26837 18176 W GmsStrictMode: 	at android.content.ContextWrapper.getFilesDir(ContextWrapper.java:282)
11-26 19:39:42.159 26837 18176 W GmsStrictMode: 	at android.content.ContextWrapper.getFilesDir(ContextWrapper.java:282)
11-26 19:39:42.159 26837 18176 W GmsStrictMode: 	at yux.<init>(:com.google.android.gms@234414038@23.44.14 (190400-580326705):6)
11-26 19:39:42.159 26837 18176 W GmsStrictMode: 	at srw.<init>(:com.google.android.gms@234414038@23.44.14 (190400-580326705):33)
11-26 19:39:42.159 26837 18176 W GmsStrictMode: 	at sru.<init>(:com.google.android.gms@234414038@23.44.14 (190400-580326705):31)
11-26 19:39:42.159 26837 18176 W GmsStrictMode: 	at ngy.<init>(:com.google.android.gms@234414038@23.44.14 (190400-580326705):6)
11-26 19:39:42.159 26837 18176 W GmsStrictMode: 	at spz.<init>(:com.google.android.gms@234414038@23.44.14 (190400-580326705):44)
11-26 19:39:42.159 26837 18176 W GmsStrictMode: 	at sqa.onCreate(:com.google.android.gms@234414038@23.44.14 (190400-580326705):6)
11-26 19:39:42.159 26837 18176 W GmsStrictMode: 	at nnb.onCreate(:com.google.android.gms@234414038@23.44.14 (190400-580326705):18)
11-26 19:39:42.159 26837 18176 W GmsStrictMode: 	at ages.onCreate(:com.google.android.gms@234414038@23.44.14 (190400-580326705):16)
11-26 19:39:42.159 26837 18176 W GmsStrictMode: 	at android.app.ActivityThread.handleCreateService(ActivityThread.java:4485)
11-26 19:39:42.159 26837 18176 W GmsStrictMode: 	at android.app.ActivityThread.-$$Nest$mhandleCreateService(Unknown Source:0)
11-26 19:39:42.159 26837 18176 W GmsStrictMode: 	at android.app.ActivityThread$H.handleMessage(ActivityThread.java:2160)
11-26 19:39:42.159 26837 18176 W GmsStrictMode: 	at android.os.Handler.dispatchMessage(Handler.java:106)
11-26 19:39:42.159 26837 18176 W GmsStrictMode: 	at android.os.Looper.loopOnce(Looper.java:201)
11-26 19:39:42.159 26837 18176 W GmsStrictMode: 	at android.os.Looper.loop(Looper.java:288)
11-26 19:39:42.159 26837 18176 W GmsStrictMode: 	at android.app.ActivityThread.main(ActivityThread.java:7918)
11-26 19:39:42.159 26837 18176 W GmsStrictMode: 	at java.lang.reflect.Method.invoke(Native Method)
11-26 19:39:42.159 26837 18176 W GmsStrictMode: 	at com.android.internal.os.RuntimeInit$MethodAndArgsCaller.run(RuntimeInit.java:548)
11-26 19:39:42.159 26837 18176 W GmsStrictMode: 	at com.android.internal.os.ZygoteInit.main(ZygoteInit.java:936)
11-26 19:39:42.160 26837 18176 W GmsStrictMode: DISK_READ [CONTEXT service_id=256 ]
11-26 19:39:42.160 26837 18176 W GmsStrictMode: android.os.strictmode.DiskReadViolation
11-26 19:39:42.160 26837 18176 W GmsStrictMode: 	at android.os.StrictMode$AndroidBlockGuardPolicy.onReadFromDisk(StrictMode.java:1658)
11-26 19:39:42.160 26837 18176 W GmsStrictMode: 	at libcore.io.BlockGuardOs.access(BlockGuardOs.java:74)
11-26 19:39:42.160 26837 18176 W GmsStrictMode: 	at libcore.io.ForwardingOs.access(ForwardingOs.java:128)
11-26 19:39:42.160 26837 18176 W GmsStrictMode: 	at android.app.ActivityThread$AndroidOs.access(ActivityThread.java:7795)
11-26 19:39:42.160 26837 18176 W GmsStrictMode: 	at java.io.UnixFileSystem.checkAccess(UnixFileSystem.java:313)
11-26 19:39:42.160 26837 18176 W GmsStrictMode: 	at java.io.File.exists(File.java:813)
11-26 19:39:42.160 26837 18176 W GmsStrictMode: 	at android.app.ContextImpl.ensurePrivateDirExists(ContextImpl.java:759)
11-26 19:39:42.160 26837 18176 W GmsStrictMode: 	at android.app.ContextImpl.ensurePrivateDirExists(ContextImpl.java:750)
11-26 19:39:42.160 26837 18176 W GmsStrictMode: 	at android.app.ContextImpl.getFilesDir(ContextImpl.java:795)
11-26 19:39:42.160 26837 18176 W GmsStrictMode: 	at android.content.ContextWrapper.getFilesDir(ContextWrapper.java:282)
11-26 19:39:42.160 26837 18176 W GmsStrictMode: 	at android.content.ContextWrapper.getFilesDir(ContextWrapper.java:282)
11-26 19:39:42.160 26837 18176 W GmsStrictMode: 	at android.content.ContextWrapper.getFilesDir(ContextWrapper.java:282)
11-26 19:39:42.160 26837 18176 W GmsStrictMode: 	at yux.<init>(:com.google.android.gms@234414038@23.44.14 (190400-580326705):6)
11-26 19:39:42.160 26837 18176 W GmsStrictMode: 	at sru.<init>(:com.google.android.gms@234414038@23.44.14 (190400-580326705):139)
11-26 19:39:42.160 26837 18176 W GmsStrictMode: 	at ngy.<init>(:com.google.android.gms@234414038@23.44.14 (190400-580326705):6)
11-26 19:39:42.160 26837 18176 W GmsStrictMode: 	at spz.<init>(:com.google.android.gms@234414038@23.44.14 (190400-580326705):44)
11-26 19:39:42.160 26837 18176 W GmsStrictMode: 	at sqa.onCreate(:com.google.android.gms@234414038@23.44.14 (190400-580326705):6)
11-26 19:39:42.160 26837 18176 W GmsStrictMode: 	at nnb.onCreate(:com.google.android.gms@234414038@23.44.14 (190400-580326705):18)
11-26 19:39:42.160 26837 18176 W GmsStrictMode: 	at ages.onCreate(:com.google.android.gms@234414038@23.44.14 (190400-580326705):16)
11-26 19:39:42.160 26837 18176 W GmsStrictMode: 	at android.app.ActivityThread.handleCreateService(ActivityThread.java:4485)
11-26 19:39:42.160 26837 18176 W GmsStrictMode: 	at android.app.ActivityThread.-$$Nest$mhandleCreateService(Unknown Source:0)
11-26 19:39:42.160 26837 18176 W GmsStrictMode: 	at android.app.ActivityThread$H.handleMessage(ActivityThread.java:2160)
11-26 19:39:42.160 26837 18176 W GmsStrictMode: 	at android.os.Handler.dispatchMessage(Handler.java:106)
11-26 19:39:42.160 26837 18176 W GmsStrictMode: 	at android.os.Looper.loopOnce(Looper.java:201)
11-26 19:39:42.160 26837 18176 W GmsStrictMode: 	at android.os.Looper.loop(Looper.java:288)
11-26 19:39:42.160 26837 18176 W GmsStrictMode: 	at android.app.ActivityThread.main(ActivityThread.java:7918)
11-26 19:39:42.160 26837 18176 W GmsStrictMode: 	at java.lang.reflect.Method.invoke(Native Method)
11-26 19:39:42.160 26837 18176 W GmsStrictMode: 	at com.android.internal.os.RuntimeInit$MethodAndArgsCaller.run(RuntimeInit.java:548)
11-26 19:39:42.160 26837 18176 W GmsStrictMode: 	at com.android.internal.os.ZygoteInit.main(ZygoteInit.java:936)
11-26 19:39:42.162  1795  3784 W PackageConfigPersister: App-specific configuration not found for packageName: com.chrome.canary and userId: 0
11-26 19:39:42.179 22126 22147 I tflite  : Initialized TensorFlow Lite runtime.
11-26 19:39:42.180  1011  1189 I ASH     : @ 370834.352: tcs3701: stop power rail pending_off timer
11-26 19:39:42.180  1011  1189 D ASH     : @ 370834.352: tcs3701: start power rail timer, state:3
11-26 19:39:42.180 22126 22147 W libc    : Access denied finding property "ro.mediatek.platform"
11-26 19:39:42.180 22126 22147 W libc    : Access denied finding property "ro.chipname"
11-26 19:39:42.180 22126 22147 W libc    : Access denied finding property "ro.hardware.chipname"
11-26 19:39:42.196  8427  8467 I BatteryMgr:DataCollectionService: stats => 1701023982196,9155,4448,2136,4169000,100
11-26 19:39:42.204 21872 21872 I cr_A11yState: Enabled accessibility services list updated.
11-26 19:39:42.205 21872 21872 I cr_A11yState: Informing listeners of changes.
11-26 19:39:42.205 21872 21872 I cr_A11yState: New AccessibilityState: State{isScreenReaderEnabled=false, isTouchExplorationEnabled=false, isPerformGesturesEnabled=false, isAnyAccessibilityServiceEnabled=false, isAccessibilityToolPresent=false, isSpokenFeedbackServicePresent=false, isTextShowPasswordEnabled=true, isOnlyPasswordManagersEnabled=false}
11-26 19:39:42.220  1011  1189 I ASH     : @ 370834.392: tcs3701: stop power rail pending_off timer
11-26 19:39:42.220  1011  1189 D ASH     : @ 370834.392: tcs3701: start power rail timer, state:3
11-26 19:39:42.260  1011  1189 I ASH     : @ 370834.432: tcs3701: stop power rail pending_off timer
11-26 19:39:42.260  1011  1189 D ASH     : @ 370834.432: tcs3701: start power rail timer, state:3
11-26 19:39:42.300  1011  1189 I ASH     : @ 370834.472: tcs3701: stop power rail pending_off timer
11-26 19:39:42.300  1011  1189 D ASH     : @ 370834.472: tcs3701: start power rail timer, state:3
11-26 19:39:42.302  8427  8467 I BatteryMgr:DataCollectionService: stats => 1701023982302,9155,4448,2136,4169000,100
11-26 19:39:42.340  1011  1189 I ASH     : @ 370834.512: tcs3701: stop power rail pending_off timer
11-26 19:39:42.340  1011  1189 D ASH     : @ 370834.512: tcs3701: start power rail timer, state:3
11-26 19:39:42.350 21872 21936 W chromium: [WARNING:ev_root_ca_metadata.cc(119)] Not implemented
11-26 19:39:42.350 21872 21936 W chromium: [WARNING:ev_root_ca_metadata.cc(119)] Not implemented
11-26 19:39:42.380  1011  1189 I ASH     : @ 370834.552: tcs3701: stop power rail pending_off timer
11-26 19:39:42.380  1011  1189 D ASH     : @ 370834.552: tcs3701: start power rail timer, state:3
11-26 19:39:42.407  8427  8467 I BatteryMgr:DataCollectionService: stats => 1701023982407,9155,4448,2136,4169000,100
11-26 19:39:42.420  1011  1189 I ASH     : @ 370834.592: tcs3701: stop power rail pending_off timer
11-26 19:39:42.420  1011  1189 D ASH     : @ 370834.592: tcs3701: start power rail timer, state:3
11-26 19:39:42.460  1011  1189 I ASH     : @ 370834.632: tcs3701: stop power rail pending_off timer
11-26 19:39:42.460  1011  1189 D ASH     : @ 370834.632: tcs3701: start power rail timer, state:3
11-26 19:39:42.500  1011  1189 I ASH     : @ 370834.672: tcs3701: stop power rail pending_off timer
11-26 19:39:42.500  1011  1189 D ASH     : @ 370834.672: tcs3701: start power rail timer, state:3
11-26 19:39:42.511  8427  8467 I BatteryMgr:DataCollectionService: stats => 1701023982511,9155,4448,2136,4169000,100
11-26 19:39:42.512  8549  8575 I native  : I0000 00:00:1701023982.511976    8575 device_profile_database_helpers.cc:563] Found nothing for mTS_ld
11-26 19:39:42.512  8549  8575 I native  : I0000 00:00:1701023982.512206    8575 device_profile_database_helpers.cc:563] Found nothing for redfin/redfin
11-26 19:39:42.512  8549  8575 I native  : I0000 00:00:1701023982.512257    8575 device_profile_database_helpers.cc:550] Considering b4SrL5:11
11-26 19:39:42.512  8549  8575 I native  : I0000 00:00:1701023982.512308    8575 device_profile_database_helpers.cc:509] Device profile for google/redfin/redfin:13/TQ3A.230901.001/10750268:user/release-keys: b4SrL5:11
11-26 19:39:42.523  1011  1189 I VSC     : @ 370834.694: {Fusion} configure fusion 15 16666us 0us.
11-26 19:39:42.523  1011  1189 D VSC     : @ 370834.694: [Game Rotation Vector Sensor] Request accel, interval 16.6 ms, latency 0.0 ms
11-26 19:39:42.523  1011  1189 D VSC     : @ 370834.694: [Game Rotation Vector Sensor] Request gyro, interval 5.0 ms, latency 0.0 ms
11-26 19:39:42.540  1011  1189 I ASH     : @ 370834.712: tcs3701: stop power rail pending_off timer
11-26 19:39:42.540  1011  1189 D ASH     : @ 370834.712: tcs3701: start power rail timer, state:3
11-26 19:39:42.542  1011  1189 D ASH     : @ 370834.715: SensorType 1 resampler quality 2
11-26 19:39:42.580  1011  1189 I ASH     : @ 370834.752: tcs3701: stop power rail pending_off timer
11-26 19:39:42.580  1011  1189 D ASH     : @ 370834.752: tcs3701: start power rail timer, state:3
11-26 19:39:42.580  1011  1189 D ASH     : @ 370834.753: SensorType 195 resampler quality 1
11-26 19:39:42.615  8427  8467 I BatteryMgr:DataCollectionService: stats => 1701023982615,9155,4448,2136,4169000,100
11-26 19:39:42.620  1011  1189 I ASH     : @ 370834.792: tcs3701: stop power rail pending_off timer
11-26 19:39:42.620  1011  1189 D ASH     : @ 370834.792: tcs3701: start power rail timer, state:3
11-26 19:39:42.660  1011  1189 I ASH     : @ 370834.832: tcs3701: stop power rail pending_off timer
11-26 19:39:42.660  1011  1189 D ASH     : @ 370834.832: tcs3701: start power rail timer, state:3
11-26 19:39:42.701  1011  1189 I ASH     : @ 370834.872: tcs3701: stop power rail pending_off timer
11-26 19:39:42.701  1011  1189 D ASH     : @ 370834.872: tcs3701: start power rail timer, state:3
11-26 19:39:42.709 21872 21883 W m.chrome.canary: Cleared Reference was only reachable from finalizer (only reported once)
11-26 19:39:42.719  8427  8467 I BatteryMgr:DataCollectionService: stats => 1701023982719,9155,4448,2136,4169000,100
11-26 19:39:42.730  1795  4162 D ActivityManager: freezer override set to true
11-26 19:39:42.740  1011  1189 I ASH     : @ 370834.912: tcs3701: stop power rail pending_off timer
11-26 19:39:42.740  1011  1189 D ASH     : @ 370834.912: tcs3701: start power rail timer, state:3
11-26 19:39:42.780  1011  1189 I ASH     : @ 370834.952: tcs3701: stop power rail pending_off timer
11-26 19:39:42.780  1011  1189 D ASH     : @ 370834.952: tcs3701: start power rail timer, state:3
11-26 19:39:42.801 26741 26741 E AbstractGmsTracer: Traced class shouldn't be obfuscated: GmsBoundBrokerChimeraService [CONTEXT service_id=259 ]
11-26 19:39:42.802 26741 26741 D BoundBrokerSvc: onBind: Intent { act=com.google.android.gms.common.BIND_SHARED_PREFS pkg=com.google.android.gms }
11-26 19:39:42.802 26741 26741 D BoundBrokerSvc: Loading bound service for intent: Intent { act=com.google.android.gms.common.BIND_SHARED_PREFS pkg=com.google.android.gms }
11-26 19:39:42.803 26741 26741 E AbstractGmsTracer: Traced class shouldn't be obfuscated: SharedPreferencesBoundService [CONTEXT service_id=259 ]
11-26 19:39:42.807 26741 26741 D BoundBrokerSvc: onUnbind: Intent { act=com.google.android.gms.common.BIND_SHARED_PREFS pkg=com.google.android.gms }
11-26 19:39:42.820  1011  1189 I ASH     : @ 370834.992: tcs3701: stop power rail pending_off timer
11-26 19:39:42.821  1011  1189 D ASH     : @ 370834.992: tcs3701: start power rail timer, state:3
11-26 19:39:42.823  8427  8467 I BatteryMgr:DataCollectionService: stats => 1701023982823,9155,4448,2136,4169000,100
11-26 19:39:42.860  1011  1189 I ASH     : @ 370835.032: tcs3701: stop power rail pending_off timer
11-26 19:39:42.860  1011  1189 D ASH     : @ 370835.032: tcs3701: start power rail timer, state:3
11-26 19:39:42.884 21872 21887 I m.chrome.canary: Explicit concurrent copying GC freed 397562(7972KB) AllocSpace objects, 1(20KB) LOS objects, 75% free, 11MB/45MB, paused 100us,26us total 50.440ms
11-26 19:39:42.901  1011  1189 I ASH     : @ 370835.072: tcs3701: stop power rail pending_off timer
11-26 19:39:42.901  1011  1189 D ASH     : @ 370835.072: tcs3701: start power rail timer, state:3
11-26 19:39:42.928  8427  8467 I BatteryMgr:DataCollectionService: stats => 1701023982928,9155,4448,2136,4169000,100
11-26 19:39:42.940  1011  1189 I ASH     : @ 370835.112: tcs3701: stop power rail pending_off timer
11-26 19:39:42.940  1011  1189 D ASH     : @ 370835.112: tcs3701: start power rail timer, state:3
11-26 19:39:42.972  1795  4162 D ActivityManager: freezer override set to false
11-26 19:39:42.980  1011  1189 I ASH     : @ 370835.152: tcs3701: stop power rail pending_off timer
11-26 19:39:42.980  1011  1189 D ASH     : @ 370835.152: tcs3701: start power rail timer, state:3
11-26 19:39:43.019  1795  4162 D ActivityManager: freezer override set to true
11-26 19:39:43.020  1011  1189 I ASH     : @ 370835.192: tcs3701: stop power rail pending_off timer
11-26 19:39:43.020  1011  1189 D ASH     : @ 370835.192: tcs3701: start power rail timer, state:3
11-26 19:39:43.025  1795  4162 D ActivityManager: freezer override set to false
11-26 19:39:43.028  1795  2679 D ActivityManager: freezer override set to true
11-26 19:39:43.032  8427  8467 I BatteryMgr:DataCollectionService: stats => 1701023983032,9155,4448,2136,4169000,100
11-26 19:39:43.035  1795  2679 D ActivityManager: freezer override set to false
11-26 19:39:43.060  1795  4162 D ActivityManager: freezer override set to true
11-26 19:39:43.060  1011  1189 I ASH     : @ 370835.232: tcs3701: stop power rail pending_off timer
11-26 19:39:43.060  1011  1189 D ASH     : @ 370835.232: tcs3701: start power rail timer, state:3
11-26 19:39:43.063  1795  4162 D ActivityManager: freezer override set to false
11-26 19:39:43.100  1011  1189 I ASH     : @ 370835.272: tcs3701: stop power rail pending_off timer
11-26 19:39:43.100  1011  1189 D ASH     : @ 370835.272: tcs3701: start power rail timer, state:3
11-26 19:39:43.137  8427  8467 I BatteryMgr:DataCollectionService: stats => 1701023983137,9155,4448,2136,4169000,100
11-26 19:39:43.140  1011  1189 I ASH     : @ 370835.312: tcs3701: stop power rail pending_off timer
11-26 19:39:43.140  1011  1189 D ASH     : @ 370835.312: tcs3701: start power rail timer, state:3
11-26 19:39:43.180  1011  1189 I ASH     : @ 370835.352: tcs3701: stop power rail pending_off timer
11-26 19:39:43.180  1011  1189 D ASH     : @ 370835.352: tcs3701: start power rail timer, state:3
11-26 19:39:43.220  1011  1189 I ASH     : @ 370835.392: tcs3701: stop power rail pending_off timer
11-26 19:39:43.220  1011  1189 D ASH     : @ 370835.392: tcs3701: start power rail timer, state:3
11-26 19:39:43.241  8427  8467 I BatteryMgr:DataCollectionService: stats => 1701023983241,9155,4448,2136,4169000,100
11-26 19:39:43.260  1011  1189 I ASH     : @ 370835.432: tcs3701: stop power rail pending_off timer
11-26 19:39:43.260  1011  1189 D ASH     : @ 370835.432: tcs3701: start power rail timer, state:3
11-26 19:39:43.300  1011  1189 I ASH     : @ 370835.472: tcs3701: stop power rail pending_off timer
11-26 19:39:43.300  1011  1189 D ASH     : @ 370835.472: tcs3701: start power rail timer, state:3
11-26 19:39:43.340  1011  1189 I ASH     : @ 370835.512: tcs3701: stop power rail pending_off timer
11-26 19:39:43.340  1011  1189 D ASH     : @ 370835.512: tcs3701: start power rail timer, state:3
11-26 19:39:43.346  8427  8467 I BatteryMgr:DataCollectionService: stats => 1701023983346,9155,4448,2136,4169000,100
11-26 19:39:43.361  2113  2118 I pixel-thermal: skin-therm-monitor: 36.862
11-26 19:39:43.380  1011  1189 I ASH     : @ 370835.552: tcs3701: stop power rail pending_off timer
11-26 19:39:43.380  1011  1189 D ASH     : @ 370835.552: tcs3701: start power rail timer, state:3
11-26 19:39:43.420  1011  1189 I ASH     : @ 370835.592: tcs3701: stop power rail pending_off timer
11-26 19:39:43.420  1011  1189 D ASH     : @ 370835.592: tcs3701: start power rail timer, state:3
11-26 19:39:43.450  8427  8467 I BatteryMgr:DataCollectionService: stats => 1701023983450,9155,4448,2136,4169000,100
11-26 19:39:43.460  1011  1189 I ASH     : @ 370835.632: tcs3701: stop power rail pending_off timer
11-26 19:39:43.460  1011  1189 D ASH     : @ 370835.632: tcs3701: start power rail timer, state:3
11-26 19:39:43.471 21955 21984 I AdrenoVK-0: QUALCOMM build          : 4783c89, I46ff5fc46f
11-26 19:39:43.471 21955 21984 I AdrenoVK-0: Build Date              : 11/30/20
11-26 19:39:43.471 21955 21984 I AdrenoVK-0: Shader Compiler Version : EV031.31.04.01
11-26 19:39:43.471 21955 21984 I AdrenoVK-0: Local Branch            : QPR2
11-26 19:39:43.471 21955 21984 I AdrenoVK-0: Remote Branch           : 
11-26 19:39:43.471 21955 21984 I AdrenoVK-0: Remote Branch           : 
11-26 19:39:43.471 21955 21984 I AdrenoVK-0: Reconstruct Branch      : 
11-26 19:39:43.471 21955 21984 I AdrenoVK-0: Build Config            : S P 10.0.4 AArch64
11-26 19:39:43.471 21955 21984 I AdrenoVK-0: Driver Path             : /vendor/lib64/hw/vulkan.adreno.so
11-26 19:39:43.500  1011  1189 I ASH     : @ 370835.672: tcs3701: stop power rail pending_off timer
11-26 19:39:43.500  1011  1189 D ASH     : @ 370835.672: tcs3701: start power rail timer, state:3
11-26 19:39:43.540  1011  1189 I ASH     : @ 370835.712: tcs3701: stop power rail pending_off timer
11-26 19:39:43.540  1011  1189 D ASH     : @ 370835.712: tcs3701: start power rail timer, state:3
11-26 19:39:43.557  8427  8467 I BatteryMgr:DataCollectionService: stats => 1701023983556,9155,4448,2136,4169000,100
11-26 19:39:43.580  1011  1189 I ASH     : @ 370835.752: tcs3701: stop power rail pending_off timer
11-26 19:39:43.580  1011  1189 D ASH     : @ 370835.752: tcs3701: start power rail timer, state:3
11-26 19:39:43.620  1011  1189 I ASH     : @ 370835.792: tcs3701: stop power rail pending_off timer
11-26 19:39:43.620  1011  1189 D ASH     : @ 370835.792: tcs3701: start power rail timer, state:3
11-26 19:39:43.660  1011  1189 I ASH     : @ 370835.832: tcs3701: stop power rail pending_off timer
11-26 19:39:43.660  1011  1189 D ASH     : @ 370835.832: tcs3701: start power rail timer, state:3
11-26 19:39:43.665  8427  8467 I BatteryMgr:DataCollectionService: stats => 1701023983665,9155,4448,2136,4169000,100
11-26 19:39:43.700  1011  1189 I ASH     : @ 370835.872: tcs3701: stop power rail pending_off timer
11-26 19:39:43.700  1011  1189 D ASH     : @ 370835.872: tcs3701: start power rail timer, state:3
11-26 19:39:43.740  1011  1189 I ASH     : @ 370835.912: tcs3701: stop power rail pending_off timer
11-26 19:39:43.740  1011  1189 D ASH     : @ 370835.912: tcs3701: start power rail timer, state:3
11-26 19:39:43.771  8427  8467 I BatteryMgr:DataCollectionService: stats => 1701023983771,9155,4448,2136,4169000,100
