11-23 08:25:42.229  1011  1189 I ASH     : @ 71194.429: tcs3701: stop power rail pending_off timer
11-23 08:25:42.229  1011  1189 D ASH     : @ 71194.429: tcs3701: start power rail timer, state:3
11-23 08:25:42.269  1011  1189 I ASH     : @ 71194.469: tcs3701: stop power rail pending_off timer
11-23 08:25:42.269  1011  1189 D ASH     : @ 71194.469: tcs3701: start power rail timer, state:3
11-23 08:25:42.279  5238  5295 I BatteryMgr:DataCollectionService: stats => 1700724342279,9765,4450,13427,4169000,100
11-23 08:25:42.309  1011  1189 I ASH     : @ 71194.509: tcs3701: stop power rail pending_off timer
11-23 08:25:42.309  1011  1189 D ASH     : @ 71194.509: tcs3701: start power rail timer, state:3
11-23 08:25:42.349  1011  1189 I ASH     : @ 71194.549: tcs3701: stop power rail pending_off timer
11-23 08:25:42.349  1011  1189 D ASH     : @ 71194.549: tcs3701: start power rail timer, state:3
11-23 08:25:42.355  1795  3001 D ActivityManager: freezer override set to true
11-23 08:25:42.384  5238  5295 I BatteryMgr:DataCollectionService: stats => 1700724342384,9765,4450,13427,4169000,100
11-23 08:25:42.389  1011  1189 I ASH     : @ 71194.589: tcs3701: stop power rail pending_off timer
11-23 08:25:42.389  1011  1189 D ASH     : @ 71194.589: tcs3701: start power rail timer, state:3
11-23 08:25:42.426  2113  2118 I pixel-thermal: skin-therm-monitor: 37.872
11-23 08:25:42.429  1011  1189 I ASH     : @ 71194.629: tcs3701: stop power rail pending_off timer
11-23 08:25:42.429  1011  1189 D ASH     : @ 71194.629: tcs3701: start power rail timer, state:3
11-23 08:25:42.437  7235  7250 I m.chrome.canary: Explicit concurrent copying GC freed 3613(192KB) AllocSpace objects, 3(60KB) LOS objects, 75% free, 11MB/45MB, paused 46us,46us total 45.142ms
11-23 08:25:42.469  1011  1189 I ASH     : @ 71194.669: tcs3701: stop power rail pending_off timer
11-23 08:25:42.469  1011  1189 D ASH     : @ 71194.669: tcs3701: start power rail timer, state:3
11-23 08:25:42.491  5238  5295 I BatteryMgr:DataCollectionService: stats => 1700724342491,9765,4450,13427,4169000,100
11-23 08:25:42.496  1795  3001 D ActivityManager: freezer override set to false
11-23 08:25:42.509  1011  1189 I ASH     : @ 71194.709: tcs3701: stop power rail pending_off timer
11-23 08:25:42.509  1011  1189 D ASH     : @ 71194.709: tcs3701: start power rail timer, state:3
11-23 08:25:42.540  1795  3001 D ActivityManager: freezer override set to true
11-23 08:25:42.542  1795  3001 D ActivityManager: freezer override set to false
11-23 08:25:42.549  1011  1189 I ASH     : @ 71194.749: tcs3701: stop power rail pending_off timer
11-23 08:25:42.549  1011  1189 D ASH     : @ 71194.749: tcs3701: start power rail timer, state:3
11-23 08:25:42.589  1011  1189 I ASH     : @ 71194.789: tcs3701: stop power rail pending_off timer
11-23 08:25:42.589  1011  1189 D ASH     : @ 71194.789: tcs3701: start power rail timer, state:3
11-23 08:25:42.596  5238  5295 I BatteryMgr:DataCollectionService: stats => 1700724342596,9765,4450,13427,4169000,100
11-23 08:25:42.629  1011  1189 I ASH     : @ 71194.829: tcs3701: stop power rail pending_off timer
11-23 08:25:42.629  1011  1189 D ASH     : @ 71194.829: tcs3701: start power rail timer, state:3
11-23 08:25:42.669  1011  1189 I ASH     : @ 71194.869: tcs3701: stop power rail pending_off timer
11-23 08:25:42.669  1011  1189 D ASH     : @ 71194.869: tcs3701: start power rail timer, state:3
11-23 08:25:42.703  5238  5295 I BatteryMgr:DataCollectionService: stats => 1700724342702,9765,4450,13427,4169000,100
11-23 08:25:42.709  1011  1189 I ASH     : @ 71194.909: tcs3701: stop power rail pending_off timer
11-23 08:25:42.709  1011  1189 D ASH     : @ 71194.909: tcs3701: start power rail timer, state:3
11-23 08:25:42.749  1011  1189 I ASH     : @ 71194.949: tcs3701: stop power rail pending_off timer
11-23 08:25:42.749  1011  1189 D ASH     : @ 71194.949: tcs3701: start power rail timer, state:3
11-23 08:25:42.761  1795  3001 D ActivityManager: freezer override set to true
11-23 08:25:42.764  1795  3001 D ActivityManager: freezer override set to false
11-23 08:25:42.789  1011  1189 I ASH     : @ 71194.989: tcs3701: stop power rail pending_off timer
11-23 08:25:42.789  1011  1189 D ASH     : @ 71194.989: tcs3701: start power rail timer, state:3
11-23 08:25:42.811  5238  5295 I BatteryMgr:DataCollectionService: stats => 1700724342811,9765,4450,13427,4169000,100
11-23 08:25:42.828  7235  7299 W chromium: [WARNING:ev_root_ca_metadata.cc(119)] Not implemented
11-23 08:25:42.828  7235  7299 W chromium: [WARNING:ev_root_ca_metadata.cc(119)] Not implemented
11-23 08:25:42.829  1011  1189 I ASH     : @ 71195.029: tcs3701: stop power rail pending_off timer
11-23 08:25:42.829  1011  1189 D ASH     : @ 71195.029: tcs3701: start power rail timer, state:3
11-23 08:25:42.869  1011  1189 I ASH     : @ 71195.069: tcs3701: stop power rail pending_off timer
11-23 08:25:42.869  1011  1189 D ASH     : @ 71195.069: tcs3701: start power rail timer, state:3
11-23 08:25:42.909  1011  1189 I ASH     : @ 71195.109: tcs3701: stop power rail pending_off timer
11-23 08:25:42.909  1011  1189 D ASH     : @ 71195.109: tcs3701: start power rail timer, state:3
11-23 08:25:42.917  5238  5295 I BatteryMgr:DataCollectionService: stats => 1700724342917,9765,4450,13427,4169000,100
11-23 08:25:42.949  1011  1189 I ASH     : @ 71195.149: tcs3701: stop power rail pending_off timer
11-23 08:25:42.949  1011  1189 D ASH     : @ 71195.149: tcs3701: start power rail timer, state:3
11-23 08:25:42.989  1011  1189 I ASH     : @ 71195.189: tcs3701: stop power rail pending_off timer
11-23 08:25:42.989  1011  1189 D ASH     : @ 71195.189: tcs3701: start power rail timer, state:3
11-23 08:25:43.024  5238  5295 I BatteryMgr:DataCollectionService: stats => 1700724343024,9765,4450,13427,4169000,100
11-23 08:25:43.029  1011  1189 I ASH     : @ 71195.229: tcs3701: stop power rail pending_off timer
11-23 08:25:43.029  1011  1189 D ASH     : @ 71195.229: tcs3701: start power rail timer, state:3
11-23 08:25:43.069  1011  1189 I ASH     : @ 71195.269: tcs3701: stop power rail pending_off timer
11-23 08:25:43.069  1011  1189 D ASH     : @ 71195.269: tcs3701: start power rail timer, state:3
11-23 08:25:43.109  1011  1189 I ASH     : @ 71195.309: tcs3701: stop power rail pending_off timer
11-23 08:25:43.109  1011  1189 D ASH     : @ 71195.309: tcs3701: start power rail timer, state:3
11-23 08:25:43.129  5238  5295 I BatteryMgr:DataCollectionService: stats => 1700724343129,9765,4450,13427,4169000,100
11-23 08:25:43.149  1011  1189 I ASH     : @ 71195.349: tcs3701: stop power rail pending_off timer
11-23 08:25:43.149  1011  1189 D ASH     : @ 71195.349: tcs3701: start power rail timer, state:3
11-23 08:25:43.189  1011  1189 I ASH     : @ 71195.389: tcs3701: stop power rail pending_off timer
11-23 08:25:43.190  1011  1189 D ASH     : @ 71195.389: tcs3701: start power rail timer, state:3
11-23 08:25:43.229  1011  1189 I ASH     : @ 71195.429: tcs3701: stop power rail pending_off timer
11-23 08:25:43.229  1011  1189 D ASH     : @ 71195.429: tcs3701: start power rail timer, state:3
11-23 08:25:43.235  5238  5295 I BatteryMgr:DataCollectionService: stats => 1700724343235,9765,4450,13427,4169000,100
11-23 08:25:43.269  1011  1189 I ASH     : @ 71195.469: tcs3701: stop power rail pending_off timer
11-23 08:25:43.269  1011  1189 D ASH     : @ 71195.469: tcs3701: start power rail timer, state:3
11-23 08:25:43.309  1011  1189 I ASH     : @ 71195.509: tcs3701: stop power rail pending_off timer
11-23 08:25:43.309  1011  1189 D ASH     : @ 71195.509: tcs3701: start power rail timer, state:3
11-23 08:25:43.341  5238  5295 I BatteryMgr:DataCollectionService: stats => 1700724343340,9765,4450,13427,4169000,100
11-23 08:25:43.349  1011  1189 I ASH     : @ 71195.549: tcs3701: stop power rail pending_off timer
11-23 08:25:43.349  1011  1189 D ASH     : @ 71195.549: tcs3701: start power rail timer, state:3
11-23 08:25:43.389  1011  1189 I ASH     : @ 71195.589: tcs3701: stop power rail pending_off timer
11-23 08:25:43.389  1011  1189 D ASH     : @ 71195.589: tcs3701: start power rail timer, state:3
11-23 08:25:43.429  1011  1189 I ASH     : @ 71195.629: tcs3701: stop power rail pending_off timer
11-23 08:25:43.429  1011  1189 D ASH     : @ 71195.629: tcs3701: start power rail timer, state:3
11-23 08:25:43.447  5238  5295 I BatteryMgr:DataCollectionService: stats => 1700724343447,9765,4450,13427,4169000,100
11-23 08:25:43.469  1011  1189 I ASH     : @ 71195.669: tcs3701: stop power rail pending_off timer
11-23 08:25:43.469  1011  1189 D ASH     : @ 71195.669: tcs3701: start power rail timer, state:3
11-23 08:25:43.509  1011  1189 I ASH     : @ 71195.709: tcs3701: stop power rail pending_off timer
11-23 08:25:43.509  1011  1189 D ASH     : @ 71195.709: tcs3701: start power rail timer, state:3
11-23 08:25:43.549  1011  1189 I ASH     : @ 71195.749: tcs3701: stop power rail pending_off timer
11-23 08:25:43.549  1011  1189 D ASH     : @ 71195.749: tcs3701: start power rail timer, state:3
11-23 08:25:43.554  1795  2424 D WifiClientModeImpl[13802:wlan0]: updateLinkLayerStatsRssiSpeedFrequencyCapabilities rssi=-44 TxLinkspeed=866 freq=5240 RxLinkSpeed=866
11-23 08:25:43.555  1795  2424 D WifiScoreCard: 1 lastSampleWeight=28/128 filterInKbps=55666 avgKbps=55666 filterOutKbps=54635
11-23 08:25:43.555  1795  2424 D WifiDataStall: tx tput in kbps: 691616
11-23 08:25:43.555  1795  2424 D WifiDataStall: rx tput in kbps: 794960
11-23 08:25:43.555  1795  2424 V WifiConfigManager: Updating scan detail cache freq=5240 BSSID=f4:6d:2f:12:cc:88 RSSI=-44 for "ourhome"WPA_PSK
11-23 08:25:43.555  1795  2424 D WifiChannelUtilization:  freq: 5240 onTime: 1776719 busyTime: 152439 onTimeDiff: 1776424 busyTimeDiff: 152422 utilization: 21 utilization t0: 21
11-23 08:25:43.555  2782  5906 D QCNEJ/WlanStaInfoRelay: Received action: android.net.wifi.RSSI_CHANGED
11-23 08:25:43.555  1795  2424 D WifiDataStall:  ccaLevel = 21
11-23 08:25:43.556  1795  2424 D WifiDataStall: L2 txTputKbps: 755212, rxTputKbps: 794960, L3 txTputKbps: 13, rxTputKbps: 19, TxTrafficHigh: true, RxTrafficHigh: true, Throughput Sufficient: true
11-23 08:25:43.556  3213  6173 V WifiManager: OnWifiUsabilityStatsListener: onWifiUsabilityStats: seqNum=23558
11-23 08:25:43.556  1795  2424 D WifiScoreReport: Wifi scoring disabled - Don't check IP layer
11-23 08:25:43.556  1795  3001 I WifiService: updateWifiUsabilityScore uid=10180 seqNum=23558 score=100 predictionHorizonSec=1441795
11-23 08:25:43.557  1795  2424 D WifiScoreCard: BSSID update SIGNAL_POLL ID: 1320464697 SSID: "ourhome", BSSID: f4:6d:2f:12:cc:88, MAC: b2:2f:ec:da:4a:0c, IP: /192.168.1.104, Security type: 2, Supplicant state: COMPLETED, Wi-Fi standard: 5, RSSI: -44, Link speed: 866Mbps, Tx Link speed: 866Mbps, Max Supported Tx Link speed: 866Mbps, Rx Link speed: 866Mbps, Max Supported Rx Link speed: 866Mbps, Frequency: 5240MHz, Net ID: 12, Metered hint: false, score: 60, isUsable: true, CarrierMerged: false, SubscriptionId: -1, IsPrimary: 1, Trusted: true, Restricted: false, Ephemeral: false, OEM paid: false, OEM private: false, OSU AP: false, FQDN: <none>, Provider friendly name: <none>, Requesting package name: <none>"ourhome"wpa2-pskMLO Information: , Is TID-To-Link negotiation supported by the AP: false, AP MLD Address: <none>, AP MLO Link Id: <none>, AP MLO Affiliated links: <none>
11-23 08:25:43.557  1795  2424 D WifiScoreCard: txRate: 21 txSpeed: 866
11-23 08:25:43.557  1795  2424 D WifiScoreCard: network update SIGNAL_POLL "ourhome" ID: 1499892569 RSSI -44 txSpeed 866
11-23 08:25:43.557  1795  2424 D WifiClientModeImpl[13802:wlan0]:  ClientModeImpl$L2ConnectedState screen=on 5 0 "ourhome" f4:6d:2f:12:cc:88 rssi=-44 f=5240 sc=60 link=866 tx=18.5, 2.3, 0.0 rx=53.0 bcn=676607 [on:133 tx:3 rx:2 period:3012] from screen [on:677500 period:29748905] score=60
11-23 08:25:43.557  1795  2424 D WifiScoreReport: Wifi scoring disabled - Notify that Wifi is usable
11-23 08:25:43.559  1795  2432 D ConnectivityService: NetReassign [no changes] [c 0] [a 0] [i 2]
11-23 08:25:43.559  5238  5295 I BatteryMgr:DataCollectionService: stats => 1700724343559,9765,4450,13427,4169000,100
11-23 08:25:43.589  1011  1189 I ASH     : @ 71195.789: tcs3701: stop power rail pending_off timer
11-23 08:25:43.589  1011  1189 D ASH     : @ 71195.789: tcs3701: start power rail timer, state:3
11-23 08:25:43.630  1011  1189 I ASH     : @ 71195.829: tcs3701: stop power rail pending_off timer
11-23 08:25:43.630  1011  1189 D ASH     : @ 71195.829: tcs3701: start power rail timer, state:3
11-23 08:25:43.664  5238  5295 I BatteryMgr:DataCollectionService: stats => 1700724343664,9765,4450,13427,4169000,100
11-23 08:25:43.669  1011  1189 I ASH     : @ 71195.869: tcs3701: stop power rail pending_off timer
11-23 08:25:43.669  1011  1189 D ASH     : @ 71195.869: tcs3701: start power rail timer, state:3
11-23 08:25:43.689  1795  1853 D ActivityManager: freezer override set to true
11-23 08:25:43.709  1011  1189 I ASH     : @ 71195.909: tcs3701: stop power rail pending_off timer
11-23 08:25:43.709  1011  1189 D ASH     : @ 71195.909: tcs3701: start power rail timer, state:3
11-23 08:25:43.749  1011  1189 I ASH     : @ 71195.949: tcs3701: stop power rail pending_off timer
11-23 08:25:43.749  1011  1189 D ASH     : @ 71195.949: tcs3701: start power rail timer, state:3
11-23 08:25:43.772  5238  5295 I BatteryMgr:DataCollectionService: stats => 1700724343772,9765,4450,13427,4169000,100
11-23 08:25:43.774  7235  7250 I m.chrome.canary: Explicit concurrent copying GC freed 3580(175KB) AllocSpace objects, 3(60KB) LOS objects, 75% free, 11MB/45MB, paused 43us,23us total 46.485ms
11-23 08:25:43.789  1011  1189 I ASH     : @ 71195.989: tcs3701: stop power rail pending_off timer
11-23 08:25:43.789  1011  1189 D ASH     : @ 71195.989: tcs3701: start power rail timer, state:3
11-23 08:25:43.829  1011  1189 I ASH     : @ 71196.029: tcs3701: stop power rail pending_off timer
11-23 08:25:43.829  1011  1189 D ASH     : @ 71196.029: tcs3701: start power rail timer, state:3
11-23 08:25:43.836  1795  3001 D ActivityManager: freezer override set to false
11-23 08:25:43.869  1011  1189 I ASH     : @ 71196.069: tcs3701: stop power rail pending_off timer
11-23 08:25:43.869  1011  1189 D ASH     : @ 71196.069: tcs3701: start power rail timer, state:3
11-23 08:25:43.877  1795  1853 D ActivityManager: freezer override set to true
11-23 08:25:43.879  1795  1853 D ActivityManager: freezer override set to false
11-23 08:25:43.882  5238  5295 I BatteryMgr:DataCollectionService: stats => 1700724343882,9765,4450,13427,4169000,100
11-23 08:25:43.909  1011  1189 I ASH     : @ 71196.109: tcs3701: stop power rail pending_off timer
11-23 08:25:43.909  1011  1189 D ASH     : @ 71196.109: tcs3701: start power rail timer, state:3
11-23 08:25:43.949  1011  1189 I ASH     : @ 71196.149: tcs3701: stop power rail pending_off timer
11-23 08:25:43.949  1011  1189 D ASH     : @ 71196.149: tcs3701: start power rail timer, state:3
11-23 08:25:43.949  3074  3074 D BoundBrokerSvc: onUnbind: Intent { act=com.google.android.gms.icing.LIGHTWEIGHT_INDEX_SERVICE dat=chimera-action:/... cmp=com.google.android.gms/.chimera.PersistentApiService }
11-23 08:25:43.951  3845  3845 D BoundBrokerSvc: onUnbind: Intent { act=com.google.android.gms.feedback.internal.IFeedbackService dat=chimera-action:/... cmp=com.google.android.gms/.chimera.GmsBoundBrokerService }
11-23 08:25:43.988  5238  5295 I BatteryMgr:DataCollectionService: stats => 1700724343988,9765,4450,13427,4169000,100
11-23 08:25:43.989  1011  1189 I ASH     : @ 71196.189: tcs3701: stop power rail pending_off timer
11-23 08:25:43.989  1011  1189 D ASH     : @ 71196.189: tcs3701: start power rail timer, state:3
11-23 08:25:44.029  1011  1189 I ASH     : @ 71196.229: tcs3701: stop power rail pending_off timer
11-23 08:25:44.029  1011  1189 D ASH     : @ 71196.229: tcs3701: start power rail timer, state:3
11-23 08:25:44.069  1011  1189 I ASH     : @ 71196.269: tcs3701: stop power rail pending_off timer
11-23 08:25:44.069  1011  1189 D ASH     : @ 71196.269: tcs3701: start power rail timer, state:3
11-23 08:25:44.094  5238  5295 I BatteryMgr:DataCollectionService: stats => 1700724344094,9765,4450,13427,4169000,100
11-23 08:25:44.109  1011  1189 I ASH     : @ 71196.309: tcs3701: stop power rail pending_off timer
11-23 08:25:44.109  1011  1189 D ASH     : @ 71196.309: tcs3701: start power rail timer, state:3
11-23 08:25:44.149  1011  1189 I ASH     : @ 71196.349: tcs3701: stop power rail pending_off timer
11-23 08:25:44.149  1011  1189 D ASH     : @ 71196.349: tcs3701: start power rail timer, state:3
11-23 08:25:44.189  1011  1189 I ASH     : @ 71196.389: tcs3701: stop power rail pending_off timer
11-23 08:25:44.189  1011  1189 D ASH     : @ 71196.389: tcs3701: start power rail timer, state:3
11-23 08:25:44.200  5238  5295 I BatteryMgr:DataCollectionService: stats => 1700724344200,9765,4450,13427,4169000,100
11-23 08:25:44.229  1011  1189 I ASH     : @ 71196.429: tcs3701: stop power rail pending_off timer
11-23 08:25:44.229  1011  1189 D ASH     : @ 71196.429: tcs3701: start power rail timer, state:3
11-23 08:25:44.269  1011  1189 I ASH     : @ 71196.469: tcs3701: stop power rail pending_off timer
11-23 08:25:44.270  1011  1189 D ASH     : @ 71196.469: tcs3701: start power rail timer, state:3
11-23 08:25:44.306  5238  5295 I BatteryMgr:DataCollectionService: stats => 1700724344305,9765,4450,13427,4169000,100
11-23 08:25:44.309  1011  1189 I ASH     : @ 71196.509: tcs3701: stop power rail pending_off timer
11-23 08:25:44.309  1011  1189 D ASH     : @ 71196.509: tcs3701: start power rail timer, state:3
11-23 08:25:44.349  1011  1189 I ASH     : @ 71196.549: tcs3701: stop power rail pending_off timer
11-23 08:25:44.349  1011  1189 D ASH     : @ 71196.549: tcs3701: start power rail timer, state:3
11-23 08:25:44.389  1011  1189 I ASH     : @ 71196.589: tcs3701: stop power rail pending_off timer
11-23 08:25:44.389  1011  1189 D ASH     : @ 71196.589: tcs3701: start power rail timer, state:3
11-23 08:25:44.410  5238  5295 I BatteryMgr:DataCollectionService: stats => 1700724344410,9765,4450,13427,4169000,100
11-23 08:25:44.429  1011  1189 I ASH     : @ 71196.629: tcs3701: stop power rail pending_off timer
11-23 08:25:44.429  1011  1189 D ASH     : @ 71196.629: tcs3701: start power rail timer, state:3
11-23 08:25:44.430  2113  2118 I pixel-thermal: skin-therm-monitor: 37.892
11-23 08:25:44.469  1011  1189 I ASH     : @ 71196.669: tcs3701: stop power rail pending_off timer
11-23 08:25:44.469  1011  1189 D ASH     : @ 71196.669: tcs3701: start power rail timer, state:3
11-23 08:25:44.509  1011  1189 I ASH     : @ 71196.709: tcs3701: stop power rail pending_off timer
11-23 08:25:44.509  1011  1189 D ASH     : @ 71196.709: tcs3701: start power rail timer, state:3
11-23 08:25:44.517  5238  5295 I BatteryMgr:DataCollectionService: stats => 1700724344517,9765,4450,13427,4169000,100
11-23 08:25:44.549  1011  1189 I ASH     : @ 71196.749: tcs3701: stop power rail pending_off timer
11-23 08:25:44.549  1011  1189 D ASH     : @ 71196.749: tcs3701: start power rail timer, state:3
11-23 08:25:44.589  1011  1189 I ASH     : @ 71196.789: tcs3701: stop power rail pending_off timer
11-23 08:25:44.589  1011  1189 D ASH     : @ 71196.789: tcs3701: start power rail timer, state:3
11-23 08:25:44.623  5238  5295 I BatteryMgr:DataCollectionService: stats => 1700724344623,9765,4450,13427,4169000,100
11-23 08:25:44.629  1011  1189 I ASH     : @ 71196.829: tcs3701: stop power rail pending_off timer
11-23 08:25:44.629  1011  1189 D ASH     : @ 71196.829: tcs3701: start power rail timer, state:3
11-23 08:25:44.669  1011  1189 I ASH     : @ 71196.869: tcs3701: stop power rail pending_off timer
11-23 08:25:44.669  1011  1189 D ASH     : @ 71196.869: tcs3701: start power rail timer, state:3
11-23 08:25:44.709  1011  1189 I ASH     : @ 71196.909: tcs3701: stop power rail pending_off timer
11-23 08:25:44.709  1011  1189 D ASH     : @ 71196.909: tcs3701: start power rail timer, state:3
11-23 08:25:44.729  5238  5295 I BatteryMgr:DataCollectionService: stats => 1700724344728,9765,4450,13427,4169000,100
11-23 08:25:44.749  1011  1189 I ASH     : @ 71196.949: tcs3701: stop power rail pending_off timer
11-23 08:25:44.749  1011  1189 D ASH     : @ 71196.949: tcs3701: start power rail timer, state:3
11-23 08:25:44.764  1795  3001 D ActivityManager: freezer override set to true
11-23 08:25:44.769  1795  3001 D ActivityManager: freezer override set to false
11-23 08:25:44.789  1011  1189 I ASH     : @ 71196.989: tcs3701: stop power rail pending_off timer
11-23 08:25:44.789  1011  1189 D ASH     : @ 71196.989: tcs3701: start power rail timer, state:3
11-23 08:25:44.829  1011  1189 I ASH     : @ 71197.029: tcs3701: stop power rail pending_off timer
11-23 08:25:44.829  1011  1189 D ASH     : @ 71197.029: tcs3701: start power rail timer, state:3
11-23 08:25:44.834  5238  5295 I BatteryMgr:DataCollectionService: stats => 1700724344834,9765,4450,13427,4169000,100
11-23 08:25:44.869  1011  1189 I ASH     : @ 71197.069: tcs3701: stop power rail pending_off timer
11-23 08:25:44.869  1011  1189 D ASH     : @ 71197.069: tcs3701: start power rail timer, state:3
11-23 08:25:44.909  1011  1189 I ASH     : @ 71197.109: tcs3701: stop power rail pending_off timer
11-23 08:25:44.909  1011  1189 D ASH     : @ 71197.109: tcs3701: start power rail timer, state:3
11-23 08:25:44.944  5238  5295 I BatteryMgr:DataCollectionService: stats => 1700724344944,9765,4450,13427,4169000,100
11-23 08:25:44.949  1011  1189 I ASH     : @ 71197.149: tcs3701: stop power rail pending_off timer
11-23 08:25:44.949  1011  1189 D ASH     : @ 71197.149: tcs3701: start power rail timer, state:3
11-23 08:25:44.989  1011  1189 I ASH     : @ 71197.189: tcs3701: stop power rail pending_off timer
11-23 08:25:44.989  1011  1189 D ASH     : @ 71197.189: tcs3701: start power rail timer, state:3
11-23 08:25:45.029  1011  1189 I ASH     : @ 71197.229: tcs3701: stop power rail pending_off timer
11-23 08:25:45.029  1011  1189 D ASH     : @ 71197.229: tcs3701: start power rail timer, state:3
11-23 08:25:45.039  1795  3001 D ActivityManager: freezer override set to true
11-23 08:25:45.050  5238  5295 I BatteryMgr:DataCollectionService: stats => 1700724345050,9765,4450,13427,4169000,100
11-23 08:25:45.069  1011  1189 I ASH     : @ 71197.269: tcs3701: stop power rail pending_off timer
11-23 08:25:45.069  1011  1189 D ASH     : @ 71197.269: tcs3701: start power rail timer, state:3
11-23 08:25:45.109  1011  1189 I ASH     : @ 71197.309: tcs3701: stop power rail pending_off timer
11-23 08:25:45.109  1011  1189 D ASH     : @ 71197.309: tcs3701: start power rail timer, state:3
11-23 08:25:45.149  1011  1189 I ASH     : @ 71197.349: tcs3701: stop power rail pending_off timer
11-23 08:25:45.149  1011  1189 D ASH     : @ 71197.349: tcs3701: start power rail timer, state:3
11-23 08:25:45.158  5238  5295 I BatteryMgr:DataCollectionService: stats => 1700724345157,9765,4450,13427,4169000,100
11-23 08:25:45.166  7235  7250 I m.chrome.canary: Explicit concurrent copying GC freed 3806(191KB) AllocSpace objects, 4(80KB) LOS objects, 75% free, 11MB/45MB, paused 33us,23us total 44.020ms
11-23 08:25:45.189  1011  1189 I ASH     : @ 71197.389: tcs3701: stop power rail pending_off timer
11-23 08:25:45.189  1011  1189 D ASH     : @ 71197.389: tcs3701: start power rail timer, state:3
11-23 08:25:45.224  1795  3001 D ActivityManager: freezer override set to false
11-23 08:25:45.229  1011  1189 I ASH     : @ 71197.429: tcs3701: stop power rail pending_off timer
11-23 08:25:45.229  1011  1189 D ASH     : @ 71197.429: tcs3701: start power rail timer, state:3
11-23 08:25:45.256   996   996 D vendor.qti.bluetooth@1.0-uart_transport: SocRxDWakeup: Flow off->Change UART baudrate to 38.4kbs->send 0x00->Change UART baudrate to max->Flow on
11-23 08:25:45.256   996   996 I vendor.qti.bluetooth@1.0-uart_transport: ## userial_vendor_ioctl: UART Flow Off 
11-23 08:25:45.267  5238  5295 I BatteryMgr:DataCollectionService: stats => 1700724345267,9765,4450,13427,4169000,100
11-23 08:25:45.268   996   996 I vendor.qti.bluetooth@1.0-uart_transport: ## userial_vendor_set_baud: 17
11-23 08:25:45.270  1011  1189 I ASH     : @ 71197.469: tcs3701: stop power rail pending_off timer
11-23 08:25:45.270  1011  1189 D ASH     : @ 71197.469: tcs3701: start power rail timer, state:3
11-23 08:25:45.272  1795  3001 D ActivityManager: freezer override set to true
11-23 08:25:45.276  1795  3001 D ActivityManager: freezer override set to false
11-23 08:25:45.279   996   996 I vendor.qti.bluetooth@1.0-uart_transport: SetBaudRate: in BOTHER
11-23 08:25:45.279   996   996 I vendor.qti.bluetooth@1.0-uart_transport: ## userial_vendor_ioctl: UART Flow On 
11-23 08:25:45.279   996  3425 I vendor.qti.bluetooth@1.0-ibs_handler: ProcessIbsCmd: Received IBS_WAKE_ACK: 0xFC
11-23 08:25:45.279   996  3425 I vendor.qti.bluetooth@1.0-ibs_handler: ProcessIbsCmd: Signal wack_cond_
11-23 08:25:45.279   996  3425 I vendor.qti.bluetooth@1.0-ibs_handler: ProcessIbsCmd: Received IBS_WAKE_ACK: 0xFC
11-23 08:25:45.279   996  3425 I vendor.qti.bluetooth@1.0-ibs_handler: ProcessIbsCmd: Signal wack_cond_
11-23 08:25:45.279   996   996 D vendor.qti.bluetooth@1.0-ibs_handler: DeviceWakeUp: Unblocked from waiting for FC
11-23 08:25:45.280  2746  3170 I bluetooth: packages/modules/Bluetooth/system/gd/hci/le_address_manager.cc:257 ack_pause: Client already in paused state
11-23 08:25:45.280  2746  3170 I bluetooth: packages/modules/Bluetooth/system/gd/hci/le_address_manager.cc:257 ack_pause: Client already in paused state
11-23 08:25:45.280  2746  3170 I bluetooth: packages/modules/Bluetooth/system/gd/hci/le_address_manager.cc:257 ack_pause: Client already in paused state
11-23 08:25:45.280  2746  3170 I bluetooth: packages/modules/Bluetooth/system/gd/hci/le_address_manager.cc:257 ack_pause: Client already in paused state
11-23 08:25:45.280  2746  3170 I bluetooth: packages/modules/Bluetooth/system/gd/hci/le_address_manager.cc:257 ack_pause: Client already in paused state
11-23 08:25:45.280  2746  3170 I bluetooth: packages/modules/Bluetooth/system/gd/hci/le_address_manager.cc:257 ack_pause: Client already in paused state
11-23 08:25:45.283  2746  3170 I bluetooth: packages/modules/Bluetooth/system/gd/hci/le_address_manager.cc:576 OnCommandComplete: Received command complete with op_code LE_SET_RANDOM_ADDRESS
11-23 08:25:45.283  2746  3170 I bluetooth: packages/modules/Bluetooth/system/gd/hci/le_address_manager.cc:595 OnCommandComplete: update random address : 65:c7:4d:6f:27:9d
11-23 08:25:45.283  2746  3170 I bluetooth: packages/modules/Bluetooth/system/gd/hci/le_address_manager.cc:286 resume_registered_clients: Resuming registered clients
11-23 08:25:45.309  1011  1189 I ASH     : @ 71197.509: tcs3701: stop power rail pending_off timer
11-23 08:25:45.309  1011  1189 D ASH     : @ 71197.509: tcs3701: start power rail timer, state:3
11-23 08:25:45.349  1011  1189 I ASH     : @ 71197.549: tcs3701: stop power rail pending_off timer
11-23 08:25:45.349  1011  1189 D ASH     : @ 71197.549: tcs3701: start power rail timer, state:3
11-23 08:25:45.373  5238  5295 I BatteryMgr:DataCollectionService: stats => 1700724345373,9765,4450,13427,4169000,100
11-23 08:25:45.389  1011  1189 I ASH     : @ 71197.589: tcs3701: stop power rail pending_off timer
11-23 08:25:45.389  1011  1189 D ASH     : @ 71197.589: tcs3701: start power rail timer, state:3
11-23 08:25:45.429  1011  1189 I ASH     : @ 71197.629: tcs3701: stop power rail pending_off timer
11-23 08:25:45.429  1011  1189 D ASH     : @ 71197.629: tcs3701: start power rail timer, state:3
11-23 08:25:45.469  1011  1189 I ASH     : @ 71197.669: tcs3701: stop power rail pending_off timer
11-23 08:25:45.469  1011  1189 D ASH     : @ 71197.669: tcs3701: start power rail timer, state:3
11-23 08:25:45.479  5238  5295 I BatteryMgr:DataCollectionService: stats => 1700724345479,9765,4450,13427,4169000,100
11-23 08:25:45.509  1011  1189 I ASH     : @ 71197.709: tcs3701: stop power rail pending_off timer
11-23 08:25:45.509  1011  1189 D ASH     : @ 71197.709: tcs3701: start power rail timer, state:3
11-23 08:25:45.550  1011  1189 I ASH     : @ 71197.749: tcs3701: stop power rail pending_off timer
11-23 08:25:45.550  1011  1189 D ASH     : @ 71197.749: tcs3701: start power rail timer, state:3
11-23 08:25:45.586  5238  5295 I BatteryMgr:DataCollectionService: stats => 1700724345585,9765,4450,13427,4169000,100
11-23 08:25:45.589  1011  1189 I ASH     : @ 71197.789: tcs3701: stop power rail pending_off timer
11-23 08:25:45.589  1011  1189 D ASH     : @ 71197.789: tcs3701: start power rail timer, state:3
11-23 08:25:45.629  1011  1189 I ASH     : @ 71197.829: tcs3701: stop power rail pending_off timer
11-23 08:25:45.629  1011  1189 D ASH     : @ 71197.829: tcs3701: start power rail timer, state:3
11-23 08:25:45.669  1011  1189 I ASH     : @ 71197.869: tcs3701: stop power rail pending_off timer
11-23 08:25:45.669  1011  1189 D ASH     : @ 71197.869: tcs3701: start power rail timer, state:3
11-23 08:25:45.691  5238  5295 I BatteryMgr:DataCollectionService: stats => 1700724345690,9765,4450,13427,4169000,100
11-23 08:25:45.709  1011  1189 I ASH     : @ 71197.909: tcs3701: stop power rail pending_off timer
11-23 08:25:45.709  1011  1189 D ASH     : @ 71197.909: tcs3701: start power rail timer, state:3
11-23 08:25:45.749  1011  1189 I ASH     : @ 71197.949: tcs3701: stop power rail pending_off timer
11-23 08:25:45.749  1011  1189 D ASH     : @ 71197.949: tcs3701: start power rail timer, state:3
11-23 08:25:45.767  1795  1853 D ActivityManager: freezer override set to true
11-23 08:25:45.771  1795  1853 D ActivityManager: freezer override set to false
11-23 08:25:45.789  1011  1189 I ASH     : @ 71197.989: tcs3701: stop power rail pending_off timer
11-23 08:25:45.789  1011  1189 D ASH     : @ 71197.989: tcs3701: start power rail timer, state:3
11-23 08:25:45.798  5238  5295 I BatteryMgr:DataCollectionService: stats => 1700724345798,9765,4450,13427,4169000,100
11-23 08:25:45.829  1011  1189 I ASH     : @ 71198.029: tcs3701: stop power rail pending_off timer
11-23 08:25:45.830  1011  1189 D ASH     : @ 71198.030: tcs3701: start power rail timer, state:3
11-23 08:25:45.869  1011  1189 I ASH     : @ 71198.069: tcs3701: stop power rail pending_off timer
11-23 08:25:45.869  1011  1189 D ASH     : @ 71198.069: tcs3701: start power rail timer, state:3
11-23 08:25:45.903  5238  5295 I BatteryMgr:DataCollectionService: stats => 1700724345903,9765,4450,13427,4169000,100
11-23 08:25:45.910  1011  1189 I ASH     : @ 71198.109: tcs3701: stop power rail pending_off timer
11-23 08:25:45.910  1011  1189 D ASH     : @ 71198.110: tcs3701: start power rail timer, state:3
11-23 08:25:45.949  1011  1189 I ASH     : @ 71198.149: tcs3701: stop power rail pending_off timer
11-23 08:25:45.949  1011  1189 D ASH     : @ 71198.149: tcs3701: start power rail timer, state:3
11-23 08:25:45.990  1011  1189 I ASH     : @ 71198.189: tcs3701: stop power rail pending_off timer
11-23 08:25:45.990  1011  1189 D ASH     : @ 71198.189: tcs3701: start power rail timer, state:3
11-23 08:25:46.009  5238  5295 I BatteryMgr:DataCollectionService: stats => 1700724346009,9765,4450,13427,4169000,100
11-23 08:25:46.029  1011  1189 I ASH     : @ 71198.229: tcs3701: stop power rail pending_off timer
11-23 08:25:46.029  1011  1189 D ASH     : @ 71198.229: tcs3701: start power rail timer, state:3
11-23 08:25:46.069  1011  1189 I ASH     : @ 71198.269: tcs3701: stop power rail pending_off timer
11-23 08:25:46.069  1011  1189 D ASH     : @ 71198.269: tcs3701: start power rail timer, state:3
11-23 08:25:46.109  1011  1189 I ASH     : @ 71198.309: tcs3701: stop power rail pending_off timer
11-23 08:25:46.109  1011  1189 D ASH     : @ 71198.309: tcs3701: start power rail timer, state:3
11-23 08:25:46.116  5238  5295 I BatteryMgr:DataCollectionService: stats => 1700724346116,9765,4450,13427,4169000,100
11-23 08:25:46.149  1011  1189 I ASH     : @ 71198.349: tcs3701: stop power rail pending_off timer
11-23 08:25:46.149  1011  1189 D ASH     : @ 71198.349: tcs3701: start power rail timer, state:3
11-23 08:25:46.190  1011  1189 I ASH     : @ 71198.389: tcs3701: stop power rail pending_off timer
11-23 08:25:46.190  1011  1189 D ASH     : @ 71198.389: tcs3701: start power rail timer, state:3
11-23 08:25:46.222  5238  5295 I BatteryMgr:DataCollectionService: stats => 1700724346222,9765,4450,13427,4169000,100
11-23 08:25:46.229  1011  1189 I ASH     : @ 71198.429: tcs3701: stop power rail pending_off timer
11-23 08:25:46.229  1011  1189 D ASH     : @ 71198.429: tcs3701: start power rail timer, state:3
11-23 08:25:46.269  1011  1189 I ASH     : @ 71198.469: tcs3701: stop power rail pending_off timer
11-23 08:25:46.269  1011  1189 D ASH     : @ 71198.469: tcs3701: start power rail timer, state:3
11-23 08:25:46.309  1011  1189 I ASH     : @ 71198.509: tcs3701: stop power rail pending_off timer
11-23 08:25:46.309  1011  1189 D ASH     : @ 71198.509: tcs3701: start power rail timer, state:3
11-23 08:25:46.328  5238  5295 I BatteryMgr:DataCollectionService: stats => 1700724346328,9765,4450,13427,4169000,100
11-23 08:25:46.349  1011  1189 I ASH     : @ 71198.549: tcs3701: stop power rail pending_off timer
11-23 08:25:46.349  1011  1189 D ASH     : @ 71198.549: tcs3701: start power rail timer, state:3
11-23 08:25:46.389  1011  1189 I ASH     : @ 71198.589: tcs3701: stop power rail pending_off timer
11-23 08:25:46.389  1011  1189 D ASH     : @ 71198.589: tcs3701: start power rail timer, state:3
11-23 08:25:46.421  1795  1853 D ActivityManager: freezer override set to true
11-23 08:25:46.429  1011  1189 I ASH     : @ 71198.629: tcs3701: stop power rail pending_off timer
11-23 08:25:46.429  1011  1189 D ASH     : @ 71198.629: tcs3701: start power rail timer, state:3
11-23 08:25:46.432  2113  2118 I pixel-thermal: skin-therm-monitor: 37.909
11-23 08:25:46.434  5238  5295 I BatteryMgr:DataCollectionService: stats => 1700724346434,9765,4450,13427,4169000,100
11-23 08:25:46.469  1011  1189 I ASH     : @ 71198.669: tcs3701: stop power rail pending_off timer
11-23 08:25:46.469  1011  1189 D ASH     : @ 71198.669: tcs3701: start power rail timer, state:3
11-23 08:25:46.490  3845  3845 E AbstractGmsTracer: Traced class shouldn't be obfuscated: GmsIntentOperationChimeraService [CONTEXT service_id=259 ]
11-23 08:25:46.499  3845  7878 E AbstractGmsTracer: Traced class shouldn't be obfuscated: InstantIndexingIntentOperation [CONTEXT service_id=259 ]
11-23 08:25:46.500  3845  7878 I GmscoreIpa: Starting mediastore instant index [CONTEXT service_id=255 ]
11-23 08:25:46.502  7235  7250 I m.chrome.canary: Explicit concurrent copying GC freed 3591(176KB) AllocSpace objects, 3(60KB) LOS objects, 75% free, 11MB/45MB, paused 32us,24us total 44.680ms
11-23 08:25:46.509  1011  1189 I ASH     : @ 71198.709: tcs3701: stop power rail pending_off timer
11-23 08:25:46.509  1011  1189 D ASH     : @ 71198.709: tcs3701: start power rail timer, state:3
11-23 08:25:46.539  5238  5295 I BatteryMgr:DataCollectionService: stats => 1700724346539,9765,4450,13427,4169000,100
11-23 08:25:46.549  1011  1189 I ASH     : @ 71198.749: tcs3701: stop power rail pending_off timer
11-23 08:25:46.549  1011  1189 D ASH     : @ 71198.749: tcs3701: start power rail timer, state:3
11-23 08:25:46.561  1795  1853 D ActivityManager: freezer override set to false
11-23 08:25:46.567  1795  2424 D WifiClientModeImpl[13802:wlan0]: updateLinkLayerStatsRssiSpeedFrequencyCapabilities rssi=-45 TxLinkspeed=866 freq=5240 RxLinkSpeed=866
11-23 08:25:46.568  1795  2424 D WifiScoreCard: 1 lastSampleWeight=17/128 filterInKbps=55666 avgKbps=55666 filterOutKbps=55529
11-23 08:25:46.568  1795  2424 D WifiDataStall: tx tput in kbps: 755212
11-23 08:25:46.568  1795  2424 D WifiDataStall: rx tput in kbps: 794960
11-23 08:25:46.568  1795  2424 V WifiConfigManager: Updating scan detail cache freq=5240 BSSID=f4:6d:2f:12:cc:88 RSSI=-44 for "ourhome"WPA_PSK
11-23 08:25:46.568  1795  2424 D WifiChannelUtilization:  freq: 5240 onTime: 1776851 busyTime: 152456 onTimeDiff: 1776556 busyTimeDiff: 152439 utilization: 21 utilization t0: 21
11-23 08:25:46.568  1795  2424 D WifiDataStall:  ccaLevel = 21
11-23 08:25:46.568  1795  2424 D WifiDataStall: L2 txTputKbps: 715464, rxTputKbps: 794960, L3 txTputKbps: 113, rxTputKbps: 23, TxTrafficHigh: true, RxTrafficHigh: true, Throughput Sufficient: true
11-23 08:25:46.568  3213  6173 V WifiManager: OnWifiUsabilityStatsListener: onWifiUsabilityStats: seqNum=23559
11-23 08:25:46.569  1795  1853 I WifiService: updateWifiUsabilityScore uid=10180 seqNum=23559 score=100 predictionHorizonSec=1441795
11-23 08:25:46.569  2782  5906 D QCNEJ/WlanStaInfoRelay: Received action: android.net.wifi.RSSI_CHANGED
11-23 08:25:46.569  1795  2424 D WifiScoreReport: Wifi scoring disabled - Don't check IP layer
11-23 08:25:46.569  1795  2424 D WifiScoreCard: BSSID update SIGNAL_POLL ID: 1320464697 SSID: "ourhome", BSSID: f4:6d:2f:12:cc:88, MAC: b2:2f:ec:da:4a:0c, IP: /192.168.1.104, Security type: 2, Supplicant state: COMPLETED, Wi-Fi standard: 5, RSSI: -45, Link speed: 866Mbps, Tx Link speed: 866Mbps, Max Supported Tx Link speed: 866Mbps, Rx Link speed: 866Mbps, Max Supported Rx Link speed: 866Mbps, Frequency: 5240MHz, Net ID: 12, Metered hint: false, score: 60, isUsable: true, CarrierMerged: false, SubscriptionId: -1, IsPrimary: 1, Trusted: true, Restricted: false, Ephemeral: false, OEM paid: false, OEM private: false, OSU AP: false, FQDN: <none>, Provider friendly name: <none>, Requesting package name: <none>"ourhome"wpa2-pskMLO Information: , Is TID-To-Link negotiation supported by the AP: false, AP MLD Address: <none>, AP MLO Link Id: <none>, AP MLO Affiliated links: <none>
11-23 08:25:46.569  1795  2424 D WifiScoreCard: txRate: 12 txSpeed: 866
11-23 08:25:46.569  1795  2424 D WifiScoreCard: network update SIGNAL_POLL "ourhome" ID: 1499892569 RSSI -45 txSpeed 866
11-23 08:25:46.569  1795  2424 D WifiClientModeImpl[13802:wlan0]:  ClientModeImpl$L2ConnectedState screen=on 5 0 "ourhome" f4:6d:2f:12:cc:88 rssi=-45 f=5240 sc=60 link=866 tx=10.3, 1.2, 0.0 rx=23.4 bcn=676636 [on:132 tx:2 rx:1 period:3012] from screen [on:677632 period:29751917] score=60
11-23 08:25:46.569  1795  2424 D WifiScoreReport: Wifi scoring disabled - Notify that Wifi is usable
11-23 08:25:46.571  1795  2432 D ConnectivityService: NetReassign [no changes] [c 1] [a 0] [i 1]
11-23 08:25:46.590  1011  1189 I ASH     : @ 71198.789: tcs3701: stop power rail pending_off timer
11-23 08:25:46.590  1011  1189 D ASH     : @ 71198.789: tcs3701: start power rail timer, state:3
11-23 08:25:46.603  1795  3001 D ActivityManager: freezer override set to true
11-23 08:25:46.607  1795  3001 D ActivityManager: freezer override set to false
11-23 08:25:46.629  1011  1189 I ASH     : @ 71198.829: tcs3701: stop power rail pending_off timer
11-23 08:25:46.629  1011  1189 D ASH     : @ 71198.829: tcs3701: start power rail timer, state:3
11-23 08:25:46.645  5238  5295 I BatteryMgr:DataCollectionService: stats => 1700724346645,9765,4450,13427,4169000,100
11-23 08:25:46.670  1011  1189 I ASH     : @ 71198.869: tcs3701: stop power rail pending_off timer
11-23 08:25:46.670  1011  1189 D ASH     : @ 71198.869: tcs3701: start power rail timer, state:3
11-23 08:25:46.709  1011  1189 I ASH     : @ 71198.909: tcs3701: stop power rail pending_off timer
11-23 08:25:46.709  1011  1189 D ASH     : @ 71198.909: tcs3701: start power rail timer, state:3
11-23 08:25:46.749  1011  1189 I ASH     : @ 71198.949: tcs3701: stop power rail pending_off timer
11-23 08:25:46.749  1011  1189 D ASH     : @ 71198.949: tcs3701: start power rail timer, state:3
11-23 08:25:46.749  5238  5295 I BatteryMgr:DataCollectionService: stats => 1700724346749,9765,4450,13427,4169000,100
11-23 08:25:46.766  1795  3001 D ActivityManager: freezer override set to true
11-23 08:25:46.770  1795  3001 D ActivityManager: freezer override set to false
11-23 08:25:46.789  1011  1189 I ASH     : @ 71198.989: tcs3701: stop power rail pending_off timer
11-23 08:25:46.789  1011  1189 D ASH     : @ 71198.989: tcs3701: start power rail timer, state:3
11-23 08:25:46.829  1011  1189 I ASH     : @ 71199.029: tcs3701: stop power rail pending_off timer
11-23 08:25:46.829  1011  1189 D ASH     : @ 71199.029: tcs3701: start power rail timer, state:3
11-23 08:25:46.853  5238  5295 I BatteryMgr:DataCollectionService: stats => 1700724346853,9765,4450,13427,4169000,100
11-23 08:25:46.869  1011  1189 I ASH     : @ 71199.069: tcs3701: stop power rail pending_off timer
11-23 08:25:46.870  1011  1189 D ASH     : @ 71199.069: tcs3701: start power rail timer, state:3
11-23 08:25:46.909  1011  1189 I ASH     : @ 71199.109: tcs3701: stop power rail pending_off timer
11-23 08:25:46.909  1011  1189 D ASH     : @ 71199.109: tcs3701: start power rail timer, state:3
11-23 08:25:46.949  1011  1189 I ASH     : @ 71199.149: tcs3701: stop power rail pending_off timer
11-23 08:25:46.949  1011  1189 D ASH     : @ 71199.149: tcs3701: start power rail timer, state:3
11-23 08:25:46.958  5238  5295 I BatteryMgr:DataCollectionService: stats => 1700724346958,9765,4450,13427,4169000,100
11-23 08:25:46.989  1011  1189 I ASH     : @ 71199.189: tcs3701: stop power rail pending_off timer
11-23 08:25:46.989  1011  1189 D ASH     : @ 71199.189: tcs3701: start power rail timer, state:3
11-23 08:25:47.029  1011  1189 I ASH     : @ 71199.229: tcs3701: stop power rail pending_off timer
11-23 08:25:47.029  1011  1189 D ASH     : @ 71199.229: tcs3701: start power rail timer, state:3
11-23 08:25:47.064  5238  5295 I BatteryMgr:DataCollectionService: stats => 1700724347064,9765,4450,13427,4169000,100
11-23 08:25:47.069  1011  1189 I ASH     : @ 71199.269: tcs3701: stop power rail pending_off timer
11-23 08:25:47.069  1011  1189 D ASH     : @ 71199.269: tcs3701: start power rail timer, state:3
11-23 08:25:47.109  1011  1189 I ASH     : @ 71199.309: tcs3701: stop power rail pending_off timer
11-23 08:25:47.109  1011  1189 D ASH     : @ 71199.309: tcs3701: start power rail timer, state:3
11-23 08:25:47.150  1011  1189 I ASH     : @ 71199.349: tcs3701: stop power rail pending_off timer
11-23 08:25:47.151  1011  1189 D ASH     : @ 71199.349: tcs3701: start power rail timer, state:3
11-23 08:25:47.169  5238  5295 I BatteryMgr:DataCollectionService: stats => 1700724347169,9765,4450,13427,4169000,100
11-23 08:25:47.189  1011  1189 I ASH     : @ 71199.389: tcs3701: stop power rail pending_off timer
11-23 08:25:47.189  1011  1189 D ASH     : @ 71199.389: tcs3701: start power rail timer, state:3
11-23 08:25:47.229  1011  1189 I ASH     : @ 71199.429: tcs3701: stop power rail pending_off timer
11-23 08:25:47.229  1011  1189 D ASH     : @ 71199.429: tcs3701: start power rail timer, state:3
11-23 08:25:47.270  1011  1189 I ASH     : @ 71199.469: tcs3701: stop power rail pending_off timer
11-23 08:25:47.270  1011  1189 D ASH     : @ 71199.469: tcs3701: start power rail timer, state:3
11-23 08:25:47.274  5238  5295 I BatteryMgr:DataCollectionService: stats => 1700724347274,9765,4450,13427,4169000,100
11-23 08:25:47.309  1011  1189 I ASH     : @ 71199.509: tcs3701: stop power rail pending_off timer
11-23 08:25:47.309  1011  1189 D ASH     : @ 71199.509: tcs3701: start power rail timer, state:3
11-23 08:25:47.349  1011  1189 I ASH     : @ 71199.549: tcs3701: stop power rail pending_off timer
11-23 08:25:47.349  1011  1189 D ASH     : @ 71199.549: tcs3701: start power rail timer, state:3
11-23 08:25:47.381  5238  5295 I BatteryMgr:DataCollectionService: stats => 1700724347381,9765,4450,13427,4169000,100
11-23 08:25:47.389  1011  1189 I ASH     : @ 71199.589: tcs3701: stop power rail pending_off timer
11-23 08:25:47.389  1011  1189 D ASH     : @ 71199.589: tcs3701: start power rail timer, state:3
11-23 08:25:47.429  1011  1189 I ASH     : @ 71199.629: tcs3701: stop power rail pending_off timer
11-23 08:25:47.429  1011  1189 D ASH     : @ 71199.629: tcs3701: start power rail timer, state:3
11-23 08:25:47.469  1011  1189 I ASH     : @ 71199.669: tcs3701: stop power rail pending_off timer
11-23 08:25:47.469  1011  1189 D ASH     : @ 71199.669: tcs3701: start power rail timer, state:3
11-23 08:25:47.476  1039  1095 D rlsservice: MonitorDisplayStatus client num 0, display status 1, sensor status 0
11-23 08:25:47.487  5238  5295 I BatteryMgr:DataCollectionService: stats => 1700724347486,9765,4450,13427,4169000,100
11-23 08:25:47.509  1011  1189 I ASH     : @ 71199.709: tcs3701: stop power rail pending_off timer
11-23 08:25:47.509  1011  1189 D ASH     : @ 71199.709: tcs3701: start power rail timer, state:3
11-23 08:25:47.549  1011  1189 I ASH     : @ 71199.749: tcs3701: stop power rail pending_off timer
11-23 08:25:47.549  1011  1189 D ASH     : @ 71199.749: tcs3701: start power rail timer, state:3
11-23 08:25:47.589  1011  1189 I ASH     : @ 71199.789: tcs3701: stop power rail pending_off timer
11-23 08:25:47.589  1011  1189 D ASH     : @ 71199.789: tcs3701: start power rail timer, state:3
11-23 08:25:47.593  5238  5295 I BatteryMgr:DataCollectionService: stats => 1700724347593,9765,4450,13427,4169000,100
11-23 08:25:47.629  1011  1189 I ASH     : @ 71199.829: tcs3701: stop power rail pending_off timer
11-23 08:25:47.629  1011  1189 D ASH     : @ 71199.829: tcs3701: start power rail timer, state:3
11-23 08:25:47.669  1011  1189 I ASH     : @ 71199.869: tcs3701: stop power rail pending_off timer
11-23 08:25:47.669  1011  1189 D ASH     : @ 71199.869: tcs3701: start power rail timer, state:3
11-23 08:25:47.700  5238  5295 I BatteryMgr:DataCollectionService: stats => 1700724347700,9765,4450,13427,4169000,100
11-23 08:25:47.709  1011  1189 I ASH     : @ 71199.909: tcs3701: stop power rail pending_off timer
11-23 08:25:47.709  1011  1189 D ASH     : @ 71199.909: tcs3701: start power rail timer, state:3
11-23 08:25:47.749  1011  1189 I ASH     : @ 71199.949: tcs3701: stop power rail pending_off timer
11-23 08:25:47.749  1011  1189 D ASH     : @ 71199.949: tcs3701: start power rail timer, state:3
11-23 08:25:47.776  1795  3001 D ActivityManager: freezer override set to true
11-23 08:25:47.782  1795  3001 D ActivityManager: freezer override set to false
11-23 08:25:47.783  1795  3001 D ActivityManager: freezer override set to true
11-23 08:25:47.789  1011  1189 I ASH     : @ 71199.989: tcs3701: stop power rail pending_off timer
11-23 08:25:47.789  1011  1189 D ASH     : @ 71199.989: tcs3701: start power rail timer, state:3
11-23 08:25:47.805  5238  5295 I BatteryMgr:DataCollectionService: stats => 1700724347805,9765,4450,13427,4169000,100
11-23 08:25:47.829  1011  1189 I ASH     : @ 71200.029: tcs3701: stop power rail pending_off timer
11-23 08:25:47.829  1011  1189 D ASH     : @ 71200.029: tcs3701: start power rail timer, state:3
11-23 08:25:47.869  1011  1189 I ASH     : @ 71200.069: tcs3701: stop power rail pending_off timer
11-23 08:25:47.869  1011  1189 D ASH     : @ 71200.069: tcs3701: start power rail timer, state:3
11-23 08:25:47.909  1011  1189 I ASH     : @ 71200.109: tcs3701: stop power rail pending_off timer
11-23 08:25:47.909  1011  1189 D ASH     : @ 71200.109: tcs3701: start power rail timer, state:3
11-23 08:25:47.913  5238  5295 I BatteryMgr:DataCollectionService: stats => 1700724347913,9765,4450,13427,4169000,100
11-23 08:25:47.934  7235  7250 I m.chrome.canary: Explicit concurrent copying GC freed 3808(191KB) AllocSpace objects, 4(80KB) LOS objects, 75% free, 11MB/45MB, paused 132us,53us total 50.828ms
11-23 08:25:47.950  1011  1189 I ASH     : @ 71200.149: tcs3701: stop power rail pending_off timer
11-23 08:25:47.950  1011  1189 D ASH     : @ 71200.149: tcs3701: start power rail timer, state:3
11-23 08:25:47.989  1011  1189 I ASH     : @ 71200.189: tcs3701: stop power rail pending_off timer
11-23 08:25:47.989  1011  1189 D ASH     : @ 71200.189: tcs3701: start power rail timer, state:3
11-23 08:25:47.993  1795  3001 D ActivityManager: freezer override set to false
11-23 08:25:48.019  5238  5295 I BatteryMgr:DataCollectionService: stats => 1700724348019,9765,4450,13427,4169000,100
11-23 08:25:48.029  1011  1189 I ASH     : @ 71200.229: tcs3701: stop power rail pending_off timer
11-23 08:25:48.029  1011  1189 D ASH     : @ 71200.229: tcs3701: start power rail timer, state:3
11-23 08:25:48.030  1795  3001 D ActivityManager: freezer override set to true
11-23 08:25:48.034  1795  3001 D ActivityManager: freezer override set to false
11-23 08:25:48.069  1011  1189 I ASH     : @ 71200.269: tcs3701: stop power rail pending_off timer
11-23 08:25:48.069  1011  1189 D ASH     : @ 71200.269: tcs3701: start power rail timer, state:3
11-23 08:25:48.109  1011  1189 I ASH     : @ 71200.309: tcs3701: stop power rail pending_off timer
11-23 08:25:48.109  1011  1189 D ASH     : @ 71200.309: tcs3701: start power rail timer, state:3
11-23 08:25:48.126  5238  5295 I BatteryMgr:DataCollectionService: stats => 1700724348126,9765,4450,13427,4169000,100
11-23 08:25:48.149  1011  1189 I ASH     : @ 71200.349: tcs3701: stop power rail pending_off timer
11-23 08:25:48.149  1011  1189 D ASH     : @ 71200.349: tcs3701: start power rail timer, state:3
11-23 08:25:48.189  1011  1189 I ASH     : @ 71200.389: tcs3701: stop power rail pending_off timer
11-23 08:25:48.189  1011  1189 D ASH     : @ 71200.389: tcs3701: start power rail timer, state:3
11-23 08:25:48.229  1011  1189 I ASH     : @ 71200.429: tcs3701: stop power rail pending_off timer
11-23 08:25:48.229  1011  1189 D ASH     : @ 71200.429: tcs3701: start power rail timer, state:3
11-23 08:25:48.231  5238  5295 I BatteryMgr:DataCollectionService: stats => 1700724348231,13122,4450,13427,4169000,100
11-23 08:25:48.269  1011  1189 I ASH     : @ 71200.469: tcs3701: stop power rail pending_off timer
11-23 08:25:48.269  1011  1189 D ASH     : @ 71200.469: tcs3701: start power rail timer, state:3
11-23 08:25:48.309  1011  1189 I ASH     : @ 71200.509: tcs3701: stop power rail pending_off timer
