11-23 08:20:25.629  1011  1189 I ASH     : @ 70877.829: tcs3701: stop power rail pending_off timer
11-23 08:20:25.629  1011  1189 D ASH     : @ 70877.829: tcs3701: start power rail timer, state:3
11-23 08:20:25.669  1011  1189 I ASH     : @ 70877.869: tcs3701: stop power rail pending_off timer
11-23 08:20:25.669  1011  1189 D ASH     : @ 70877.869: tcs3701: start power rail timer, state:3
11-23 08:20:25.709  1011  1189 I ASH     : @ 70877.909: tcs3701: stop power rail pending_off timer
11-23 08:20:25.709  1011  1189 D ASH     : @ 70877.909: tcs3701: start power rail timer, state:3
11-23 08:20:25.723  5238  5296 I BatteryMgr:DataCollectionService: stats => 1700724025723,10681,4450,13427,4169000,100
11-23 08:20:25.749  1011  1189 I ASH     : @ 70877.949: tcs3701: stop power rail pending_off timer
11-23 08:20:25.749  1011  1189 D ASH     : @ 70877.949: tcs3701: start power rail timer, state:3
11-23 08:20:25.783 30869 30932 W chromium: [WARNING:ev_root_ca_metadata.cc(119)] Not implemented
11-23 08:20:25.783 30869 30932 W chromium: [WARNING:ev_root_ca_metadata.cc(119)] Not implemented
11-23 08:20:25.789  1011  1189 I ASH     : @ 70877.989: tcs3701: stop power rail pending_off timer
11-23 08:20:25.789  1011  1189 D ASH     : @ 70877.989: tcs3701: start power rail timer, state:3
11-23 08:20:25.807 30869 30879 W m.chrome.canary: Cleared Reference was only reachable from finalizer (only reported once)
11-23 08:20:25.829  1011  1189 I ASH     : @ 70878.029: tcs3701: stop power rail pending_off timer
11-23 08:20:25.829  1011  1189 D ASH     : @ 70878.029: tcs3701: start power rail timer, state:3
11-23 08:20:25.830  5238  5296 I BatteryMgr:DataCollectionService: stats => 1700724025829,10681,4450,13427,4169000,100
11-23 08:20:25.869  1011  1189 I ASH     : @ 70878.069: tcs3701: stop power rail pending_off timer
11-23 08:20:25.869  1011  1189 D ASH     : @ 70878.069: tcs3701: start power rail timer, state:3
11-23 08:20:25.909  1011  1189 I ASH     : @ 70878.109: tcs3701: stop power rail pending_off timer
11-23 08:20:25.909  1011  1189 D ASH     : @ 70878.109: tcs3701: start power rail timer, state:3
11-23 08:20:25.932  1795  4165 D ActivityManager: freezer override set to true
11-23 08:20:25.936  5238  5296 I BatteryMgr:DataCollectionService: stats => 1700724025935,10681,4450,13427,4169000,100
11-23 08:20:25.949  1011  1189 I ASH     : @ 70878.149: tcs3701: stop power rail pending_off timer
11-23 08:20:25.949  1011  1189 D ASH     : @ 70878.149: tcs3701: start power rail timer, state:3
11-23 08:20:25.981  3845  3845 E AbstractGmsTracer: Traced class shouldn't be obfuscated: GmsBoundBrokerChimeraService [CONTEXT service_id=259 ]
11-23 08:20:25.982  3845  3845 D BoundBrokerSvc: onBind: Intent { act=com.google.android.gms.common.BIND_SHARED_PREFS pkg=com.google.android.gms }
11-23 08:20:25.982  3845  3845 D BoundBrokerSvc: Loading bound service for intent: Intent { act=com.google.android.gms.common.BIND_SHARED_PREFS pkg=com.google.android.gms }
11-23 08:20:25.983  3845  3845 E AbstractGmsTracer: Traced class shouldn't be obfuscated: SharedPreferencesBoundService [CONTEXT service_id=259 ]
11-23 08:20:25.986  3845  3845 D BoundBrokerSvc: onUnbind: Intent { act=com.google.android.gms.common.BIND_SHARED_PREFS pkg=com.google.android.gms }
11-23 08:20:25.989  1011  1189 I ASH     : @ 70878.189: tcs3701: stop power rail pending_off timer
11-23 08:20:25.989  1011  1189 D ASH     : @ 70878.189: tcs3701: start power rail timer, state:3
11-23 08:20:26.029  1011  1189 I ASH     : @ 70878.229: tcs3701: stop power rail pending_off timer
11-23 08:20:26.029  1011  1189 D ASH     : @ 70878.229: tcs3701: start power rail timer, state:3
11-23 08:20:26.041  5238  5296 I BatteryMgr:DataCollectionService: stats => 1700724026041,10681,4450,13427,4169000,100
11-23 08:20:26.069  1011  1189 I ASH     : @ 70878.269: tcs3701: stop power rail pending_off timer
11-23 08:20:26.069  1011  1189 D ASH     : @ 70878.269: tcs3701: start power rail timer, state:3
11-23 08:20:26.099 30869 30922 I m.chrome.canary: Explicit concurrent copying GC freed 666018(12MB) AllocSpace objects, 1(20KB) LOS objects, 75% free, 11MB/47MB, paused 116us,30us total 60.815ms
11-23 08:20:26.109  1011  1189 I ASH     : @ 70878.309: tcs3701: stop power rail pending_off timer
11-23 08:20:26.109  1011  1189 D ASH     : @ 70878.309: tcs3701: start power rail timer, state:3
11-23 08:20:26.146  5238  5296 I BatteryMgr:DataCollectionService: stats => 1700724026146,10681,4450,13427,4169000,100
11-23 08:20:26.149  1011  1189 I ASH     : @ 70878.349: tcs3701: stop power rail pending_off timer
11-23 08:20:26.149  1011  1189 D ASH     : @ 70878.349: tcs3701: start power rail timer, state:3
11-23 08:20:26.167  1795  4165 D ActivityManager: freezer override set to false
11-23 08:20:26.185 11810 11826 I native  : I0000 00:00:1700724026.185718   11826 device_profile_database_helpers.cc:563] Found nothing for mTS_ld
11-23 08:20:26.186 11810 11826 I native  : I0000 00:00:1700724026.186019   11826 device_profile_database_helpers.cc:563] Found nothing for redfin/redfin
11-23 08:20:26.186 11810 11826 I native  : I0000 00:00:1700724026.186058   11826 device_profile_database_helpers.cc:550] Considering b4SrL5:11
11-23 08:20:26.186 11810 11826 I native  : I0000 00:00:1700724026.186080   11826 device_profile_database_helpers.cc:509] Device profile for google/redfin/redfin:13/TQ3A.230901.001/10750268:user/release-keys: b4SrL5:11
11-23 08:20:26.189  1011  1189 I ASH     : @ 70878.389: tcs3701: stop power rail pending_off timer
11-23 08:20:26.189  1011  1189 D ASH     : @ 70878.389: tcs3701: start power rail timer, state:3
11-23 08:20:26.195  1011  1189 I VSC     : @ 70878.396: {Fusion} configure fusion 15 16666us 0us.
11-23 08:20:26.195  1011  1189 D VSC     : @ 70878.396: [Game Rotation Vector Sensor] Request accel, interval 16.6 ms, latency 0.0 ms
11-23 08:20:26.196  1011  1189 D VSC     : @ 70878.396: [Game Rotation Vector Sensor] Request gyro, interval 5.0 ms, latency 0.0 ms
11-23 08:20:26.217  1011  1189 D ASH     : @ 70878.417: SensorType 1 resampler quality 3
11-23 08:20:26.218  1011  1189 D ASH     : @ 70878.418: SensorType 1 resampler quality 2
11-23 08:20:26.222  1795  2735 D ActivityManager: freezer override set to true
11-23 08:20:26.226  1795  2735 D ActivityManager: freezer override set to false
11-23 08:20:26.229  1011  1189 I ASH     : @ 70878.429: tcs3701: stop power rail pending_off timer
11-23 08:20:26.229  1011  1189 D ASH     : @ 70878.429: tcs3701: start power rail timer, state:3
11-23 08:20:26.229  1011  1189 D ASH     : @ 70878.430: SensorType 195 resampler quality 1
11-23 08:20:26.253  5238  5296 I BatteryMgr:DataCollectionService: stats => 1700724026253,10681,4450,13427,4169000,100
11-23 08:20:26.261  1795  2735 D ActivityManager: freezer override set to true
11-23 08:20:26.266  1795  2735 D ActivityManager: freezer override set to false
11-23 08:20:26.269  1011  1189 I ASH     : @ 70878.469: tcs3701: stop power rail pending_off timer
11-23 08:20:26.269  1011  1189 D ASH     : @ 70878.469: tcs3701: start power rail timer, state:3
11-23 08:20:26.309  1011  1189 I ASH     : @ 70878.509: tcs3701: stop power rail pending_off timer
11-23 08:20:26.309  1011  1189 D ASH     : @ 70878.509: tcs3701: start power rail timer, state:3
11-23 08:20:26.349  1011  1189 I ASH     : @ 70878.549: tcs3701: stop power rail pending_off timer
11-23 08:20:26.349  1011  1189 D ASH     : @ 70878.549: tcs3701: start power rail timer, state:3
11-23 08:20:26.359  5238  5296 I BatteryMgr:DataCollectionService: stats => 1700724026359,10681,4450,13427,4169000,100
11-23 08:20:26.389  1011  1189 I ASH     : @ 70878.589: tcs3701: stop power rail pending_off timer
11-23 08:20:26.389  1011  1189 D ASH     : @ 70878.589: tcs3701: start power rail timer, state:3
11-23 08:20:26.429  1011  1189 I ASH     : @ 70878.629: tcs3701: stop power rail pending_off timer
11-23 08:20:26.429  1011  1189 D ASH     : @ 70878.629: tcs3701: start power rail timer, state:3
11-23 08:20:26.465  5238  5296 I BatteryMgr:DataCollectionService: stats => 1700724026465,10681,4450,13427,4169000,100
11-23 08:20:26.469  1011  1189 I ASH     : @ 70878.669: tcs3701: stop power rail pending_off timer
11-23 08:20:26.469  1011  1189 D ASH     : @ 70878.669: tcs3701: start power rail timer, state:3
11-23 08:20:26.509  1011  1189 I ASH     : @ 70878.709: tcs3701: stop power rail pending_off timer
11-23 08:20:26.509  1011  1189 D ASH     : @ 70878.709: tcs3701: start power rail timer, state:3
11-23 08:20:26.549  1011  1189 I ASH     : @ 70878.749: tcs3701: stop power rail pending_off timer
11-23 08:20:26.549  1011  1189 D ASH     : @ 70878.749: tcs3701: start power rail timer, state:3
11-23 08:20:26.571  5238  5296 I BatteryMgr:DataCollectionService: stats => 1700724026570,10681,4450,13427,4169000,100
11-23 08:20:26.589  1011  1189 I ASH     : @ 70878.789: tcs3701: stop power rail pending_off timer
11-23 08:20:26.589  1011  1189 D ASH     : @ 70878.789: tcs3701: start power rail timer, state:3
11-23 08:20:26.629  1011  1189 I ASH     : @ 70878.829: tcs3701: stop power rail pending_off timer
11-23 08:20:26.629  1011  1189 D ASH     : @ 70878.829: tcs3701: start power rail timer, state:3
11-23 08:20:26.669  1011  1189 I ASH     : @ 70878.869: tcs3701: stop power rail pending_off timer
11-23 08:20:26.669  1011  1189 D ASH     : @ 70878.869: tcs3701: start power rail timer, state:3
11-23 08:20:26.676  5238  5296 I BatteryMgr:DataCollectionService: stats => 1700724026676,10681,4450,13427,4169000,100
11-23 08:20:26.709  1011  1189 I ASH     : @ 70878.909: tcs3701: stop power rail pending_off timer
11-23 08:20:26.709  1011  1189 D ASH     : @ 70878.909: tcs3701: start power rail timer, state:3
11-23 08:20:26.744 30952 30988 I AdrenoVK-0: QUALCOMM build          : 4783c89, I46ff5fc46f
11-23 08:20:26.744 30952 30988 I AdrenoVK-0: Build Date              : 11/30/20
11-23 08:20:26.744 30952 30988 I AdrenoVK-0: Shader Compiler Version : EV031.31.04.01
11-23 08:20:26.744 30952 30988 I AdrenoVK-0: Local Branch            : QPR2
11-23 08:20:26.744 30952 30988 I AdrenoVK-0: Remote Branch           : 
11-23 08:20:26.744 30952 30988 I AdrenoVK-0: Remote Branch           : 
11-23 08:20:26.744 30952 30988 I AdrenoVK-0: Reconstruct Branch      : 
11-23 08:20:26.744 30952 30988 I AdrenoVK-0: Build Config            : S P 10.0.4 AArch64
11-23 08:20:26.745 30952 30988 I AdrenoVK-0: Driver Path             : /vendor/lib64/hw/vulkan.adreno.so
11-23 08:20:26.749  1011  1189 I ASH     : @ 70878.949: tcs3701: stop power rail pending_off timer
11-23 08:20:26.749  1011  1189 D ASH     : @ 70878.949: tcs3701: start power rail timer, state:3
11-23 08:20:26.782  5238  5296 I BatteryMgr:DataCollectionService: stats => 1700724026781,10681,4450,13427,4169000,100
11-23 08:20:26.789  1011  1189 I ASH     : @ 70878.989: tcs3701: stop power rail pending_off timer
11-23 08:20:26.789  1011  1189 D ASH     : @ 70878.989: tcs3701: start power rail timer, state:3
11-23 08:20:26.829  1011  1189 I ASH     : @ 70879.029: tcs3701: stop power rail pending_off timer
11-23 08:20:26.829  1011  1189 D ASH     : @ 70879.029: tcs3701: start power rail timer, state:3
11-23 08:20:26.869  1011  1189 I ASH     : @ 70879.069: tcs3701: stop power rail pending_off timer
11-23 08:20:26.869 30869 30931 W chromium: [WARNING:ev_root_ca_metadata.cc(119)] Not implemented
11-23 08:20:26.869  1011  1189 D ASH     : @ 70879.069: tcs3701: start power rail timer, state:3
11-23 08:20:26.879 30869 30931 W chromium: [WARNING:ev_root_ca_metadata.cc(119)] Not implemented
11-23 08:20:26.879 30869 30931 W chromium: [WARNING:ev_root_ca_metadata.cc(119)] Not implemented
11-23 08:20:26.886  5238  5296 I BatteryMgr:DataCollectionService: stats => 1700724026886,10681,4450,13427,4169000,100
11-23 08:20:26.890 30869 30931 W chromium: [WARNING:ev_root_ca_metadata.cc(119)] Not implemented
11-23 08:20:26.904 30869 30931 W chromium: [WARNING:ev_root_ca_metadata.cc(119)] Not implemented
11-23 08:20:26.904 30869 30931 W chromium: [WARNING:ev_root_ca_metadata.cc(119)] Not implemented
11-23 08:20:26.907 30869 30932 W chromium: [WARNING:ev_root_ca_metadata.cc(119)] Not implemented
11-23 08:20:26.909  1011  1189 I ASH     : @ 70879.109: tcs3701: stop power rail pending_off timer
11-23 08:20:26.909  1011  1189 D ASH     : @ 70879.109: tcs3701: start power rail timer, state:3
11-23 08:20:26.912 30869 30931 W chromium: [WARNING:ev_root_ca_metadata.cc(119)] Not implemented
11-23 08:20:26.924 30869 30931 W chromium: [WARNING:ev_root_ca_metadata.cc(119)] Not implemented
11-23 08:20:26.940  1795  2424 D WifiClientModeImpl[13802:wlan0]: updateLinkLayerStatsRssiSpeedFrequencyCapabilities rssi=-43 TxLinkspeed=192 freq=5240 RxLinkSpeed=866
11-23 08:20:26.940  1795  2424 D WifiDataStall: tx tput in kbps: 747263
11-23 08:20:26.941  1795  2424 D WifiDataStall: rx tput in kbps: 794960
11-23 08:20:26.941  1795  2424 V WifiConfigManager: Updating scan detail cache freq=5240 BSSID=f4:6d:2f:12:cc:88 RSSI=-43 for "ourhome"WPA_PSK
11-23 08:20:26.941  3213  6173 V WifiManager: OnWifiUsabilityStatsListener: onWifiUsabilityStats: seqNum=23453
11-23 08:20:26.941  1795  2424 D WifiChannelUtilization:  freq: 5240 onTime: 1763328 busyTime: 150885 onTimeDiff: 1763033 busyTimeDiff: 150868 utilization: 21 utilization t0: 21
11-23 08:20:26.941  1795  2424 D WifiDataStall:  ccaLevel = 21
11-23 08:20:26.941  1795  2424 D WifiDataStall: L2 txTputKbps: 167437, rxTputKbps: 794960, L3 txTputKbps: 71, rxTputKbps: 202, TxTrafficHigh: true, RxTrafficHigh: true, Throughput Sufficient: true
11-23 08:20:26.942  1795  2424 D WifiScoreReport: Wifi scoring disabled - Don't check IP layer
11-23 08:20:26.942  1795  2735 I WifiService: updateWifiUsabilityScore uid=10180 seqNum=23453 score=100 predictionHorizonSec=1441795
11-23 08:20:26.942  1795  2424 D WifiScoreCard: BSSID update SIGNAL_POLL ID: 1320464697 SSID: "ourhome", BSSID: f4:6d:2f:12:cc:88, MAC: b2:2f:ec:da:4a:0c, IP: /192.168.1.104, Security type: 2, Supplicant state: COMPLETED, Wi-Fi standard: 5, RSSI: -43, Link speed: 192Mbps, Tx Link speed: 192Mbps, Max Supported Tx Link speed: 866Mbps, Rx Link speed: 866Mbps, Max Supported Rx Link speed: 866Mbps, Frequency: 5240MHz, Net ID: 12, Metered hint: false, score: 60, isUsable: true, CarrierMerged: false, SubscriptionId: -1, IsPrimary: 1, Trusted: true, Restricted: false, Ephemeral: false, OEM paid: false, OEM private: false, OSU AP: false, FQDN: <none>, Provider friendly name: <none>, Requesting package name: <none>"ourhome"wpa2-pskMLO Information: , Is TID-To-Link negotiation supported by the AP: false, AP MLD Address: <none>, AP MLO Link Id: <none>, AP MLO Affiliated links: <none>
11-23 08:20:26.942  1795  2424 D WifiScoreCard: txRate: 27 txSpeed: 192
11-23 08:20:26.942  1795  2424 D WifiScoreCard: network update SIGNAL_POLL "ourhome" ID: 1499892569 RSSI -43 txSpeed 192
11-23 08:20:26.942  1795  2424 D WifiClientModeImpl[13802:wlan0]:  ClientModeImpl$L2ConnectedState screen=on 5 0 "ourhome" f4:6d:2f:12:cc:88 rssi=-43 f=5240 sc=60 link=192 tx=24.5, 1.5, 0.0 rx=14.2 bcn=673518 [on:890 tx:16 rx:7 period:3008] from screen [on:664109 period:29432290] score=60
11-23 08:20:26.942  1795  2424 D WifiScoreReport: Wifi scoring disabled - Notify that Wifi is usable
11-23 08:20:26.945  1795  2432 D ConnectivityService: NetReassign [no changes] [c 1] [a 0] [i 1]
11-23 08:20:26.949  1011  1189 I ASH     : @ 70879.149: tcs3701: stop power rail pending_off timer
11-23 08:20:26.949  1011  1189 D ASH     : @ 70879.149: tcs3701: start power rail timer, state:3
11-23 08:20:26.989  1011  1189 I ASH     : @ 70879.189: tcs3701: stop power rail pending_off timer
11-23 08:20:26.989  1011  1189 D ASH     : @ 70879.189: tcs3701: start power rail timer, state:3
11-23 08:20:26.993  5238  5296 I BatteryMgr:DataCollectionService: stats => 1700724026992,10681,4450,13427,4169000,100
11-23 08:20:27.012  2113  2118 I pixel-thermal: skin-therm-monitor: 38.595
11-23 08:20:27.029  1011  1189 I ASH     : @ 70879.229: tcs3701: stop power rail pending_off timer
11-23 08:20:27.029  1011  1189 D ASH     : @ 70879.229: tcs3701: start power rail timer, state:3
11-23 08:20:27.069  1011  1189 I ASH     : @ 70879.269: tcs3701: stop power rail pending_off timer
11-23 08:20:27.069  1011  1189 D ASH     : @ 70879.269: tcs3701: start power rail timer, state:3
11-23 08:20:27.098  5238  5296 I BatteryMgr:DataCollectionService: stats => 1700724027098,10681,4450,13427,4169000,100
11-23 08:20:27.109  1011  1189 I ASH     : @ 70879.309: tcs3701: stop power rail pending_off timer
11-23 08:20:27.109  1011  1189 D ASH     : @ 70879.309: tcs3701: start power rail timer, state:3
11-23 08:20:27.150  1011  1189 I ASH     : @ 70879.349: tcs3701: stop power rail pending_off timer
11-23 08:20:27.150  1011  1189 D ASH     : @ 70879.349: tcs3701: start power rail timer, state:3
11-23 08:20:27.189  1011  1189 I ASH     : @ 70879.389: tcs3701: stop power rail pending_off timer
11-23 08:20:27.189  1011  1189 D ASH     : @ 70879.389: tcs3701: start power rail timer, state:3
11-23 08:20:27.203  5238  5296 I BatteryMgr:DataCollectionService: stats => 1700724027203,10681,4450,13427,4169000,100
11-23 08:20:27.229  1011  1189 I ASH     : @ 70879.429: tcs3701: stop power rail pending_off timer
11-23 08:20:27.230  1011  1189 D ASH     : @ 70879.429: tcs3701: start power rail timer, state:3
11-23 08:20:27.258  1795  2735 D ActivityManager: freezer override set to true
11-23 08:20:27.262  1795  2735 D ActivityManager: freezer override set to false
11-23 08:20:27.269  1011  1189 I ASH     : @ 70879.469: tcs3701: stop power rail pending_off timer
11-23 08:20:27.269  1011  1189 D ASH     : @ 70879.469: tcs3701: start power rail timer, state:3
11-23 08:20:27.309  1011  1189 I ASH     : @ 70879.509: tcs3701: stop power rail pending_off timer
11-23 08:20:27.309  1011  1189 D ASH     : @ 70879.509: tcs3701: start power rail timer, state:3
11-23 08:20:27.311  5238  5296 I BatteryMgr:DataCollectionService: stats => 1700724027310,10681,4450,13427,4169000,100
11-23 08:20:27.349  1011  1189 I ASH     : @ 70879.549: tcs3701: stop power rail pending_off timer
11-23 08:20:27.349  1011  1189 D ASH     : @ 70879.549: tcs3701: start power rail timer, state:3
11-23 08:20:27.389  1011  1189 I ASH     : @ 70879.589: tcs3701: stop power rail pending_off timer
11-23 08:20:27.389  1011  1189 D ASH     : @ 70879.589: tcs3701: start power rail timer, state:3
11-23 08:20:27.417  1795  2735 D ActivityManager: freezer override set to true
11-23 08:20:27.423  5238  5296 I BatteryMgr:DataCollectionService: stats => 1700724027423,10681,4450,13427,4169000,100
11-23 08:20:27.429  1011  1189 I ASH     : @ 70879.629: tcs3701: stop power rail pending_off timer
11-23 08:20:27.429  1011  1189 D ASH     : @ 70879.629: tcs3701: start power rail timer, state:3
11-23 08:20:27.470  1011  1189 I ASH     : @ 70879.669: tcs3701: stop power rail pending_off timer
11-23 08:20:27.470  1011  1189 D ASH     : @ 70879.669: tcs3701: start power rail timer, state:3
11-23 08:20:27.509  1011  1189 I ASH     : @ 70879.709: tcs3701: stop power rail pending_off timer
11-23 08:20:27.509  1011  1189 D ASH     : @ 70879.709: tcs3701: start power rail timer, state:3
11-23 08:20:27.536  5238  5296 I BatteryMgr:DataCollectionService: stats => 1700724027535,10681,4450,13427,4169000,100
11-23 08:20:27.549  1011  1189 I ASH     : @ 70879.749: tcs3701: stop power rail pending_off timer
11-23 08:20:27.549  1011  1189 D ASH     : @ 70879.749: tcs3701: start power rail timer, state:3
11-23 08:20:27.589  1011  1189 I ASH     : @ 70879.789: tcs3701: stop power rail pending_off timer
11-23 08:20:27.589  1011  1189 D ASH     : @ 70879.789: tcs3701: start power rail timer, state:3
11-23 08:20:27.594 30869 30922 I m.chrome.canary: Explicit concurrent copying GC freed 1257435(24MB) AllocSpace objects, 12(548KB) LOS objects, 75% free, 11MB/45MB, paused 35us,27us total 58.490ms
11-23 08:20:27.630  1011  1189 I ASH     : @ 70879.829: tcs3701: stop power rail pending_off timer
11-23 08:20:27.630  1011  1189 D ASH     : @ 70879.829: tcs3701: start power rail timer, state:3
11-23 08:20:27.643  5238  5296 I BatteryMgr:DataCollectionService: stats => 1700724027643,10681,4450,13427,4169000,100
11-23 08:20:27.650  1795  2735 D ActivityManager: freezer override set to false
11-23 08:20:27.669  1011  1189 I ASH     : @ 70879.869: tcs3701: stop power rail pending_off timer
11-23 08:20:27.669  1011  1189 D ASH     : @ 70879.869: tcs3701: start power rail timer, state:3
11-23 08:20:27.709  1011  1189 I ASH     : @ 70879.909: tcs3701: stop power rail pending_off timer
11-23 08:20:27.709  1011  1189 D ASH     : @ 70879.909: tcs3701: start power rail timer, state:3
11-23 08:20:27.715  1795  2735 D ActivityManager: freezer override set to true
11-23 08:20:27.717  1795  2735 D ActivityManager: freezer override set to false
11-23 08:20:27.750  1011  1189 I ASH     : @ 70879.949: tcs3701: stop power rail pending_off timer
11-23 08:20:27.750  1011  1189 D ASH     : @ 70879.949: tcs3701: start power rail timer, state:3
11-23 08:20:27.774  5238  5296 I BatteryMgr:DataCollectionService: stats => 1700724027773,10681,4450,13427,4169000,100
11-23 08:20:27.789  1011  1189 I ASH     : @ 70879.989: tcs3701: stop power rail pending_off timer
11-23 08:20:27.789  1011  1189 D ASH     : @ 70879.989: tcs3701: start power rail timer, state:3
11-23 08:20:27.829  1011  1189 I ASH     : @ 70880.029: tcs3701: stop power rail pending_off timer
11-23 08:20:27.829  1011  1189 D ASH     : @ 70880.029: tcs3701: start power rail timer, state:3
11-23 08:20:27.869  1011  1189 I ASH     : @ 70880.069: tcs3701: stop power rail pending_off timer
11-23 08:20:27.870  1011  1189 D ASH     : @ 70880.069: tcs3701: start power rail timer, state:3
11-23 08:20:27.887  5238  5296 I BatteryMgr:DataCollectionService: stats => 1700724027887,10681,4450,13427,4169000,100
11-23 08:20:27.909  1011  1189 I ASH     : @ 70880.109: tcs3701: stop power rail pending_off timer
11-23 08:20:27.909  1011  1189 D ASH     : @ 70880.109: tcs3701: start power rail timer, state:3
11-23 08:20:27.949  1011  1189 I ASH     : @ 70880.149: tcs3701: stop power rail pending_off timer
11-23 08:20:27.949  1011  1189 D ASH     : @ 70880.149: tcs3701: start power rail timer, state:3
11-23 08:20:27.989  1011  1189 I ASH     : @ 70880.189: tcs3701: stop power rail pending_off timer
11-23 08:20:27.989  1011  1189 D ASH     : @ 70880.189: tcs3701: start power rail timer, state:3
11-23 08:20:28.007  5238  5296 I BatteryMgr:DataCollectionService: stats => 1700724028007,10681,4450,13427,4169000,100
11-23 08:20:28.029  1011  1189 I ASH     : @ 70880.229: tcs3701: stop power rail pending_off timer
11-23 08:20:28.029  1011  1189 D ASH     : @ 70880.229: tcs3701: start power rail timer, state:3
11-23 08:20:28.069  1011  1189 I ASH     : @ 70880.269: tcs3701: stop power rail pending_off timer
11-23 08:20:28.069  1011  1189 D ASH     : @ 70880.269: tcs3701: start power rail timer, state:3
11-23 08:20:28.109  1011  1189 I ASH     : @ 70880.309: tcs3701: stop power rail pending_off timer
11-23 08:20:28.109  1011  1189 D ASH     : @ 70880.309: tcs3701: start power rail timer, state:3
11-23 08:20:28.116  5238  5296 I BatteryMgr:DataCollectionService: stats => 1700724028116,10681,4450,13427,4169000,100
11-23 08:20:28.149  1011  1189 I ASH     : @ 70880.349: tcs3701: stop power rail pending_off timer
11-23 08:20:28.149  1011  1189 D ASH     : @ 70880.349: tcs3701: start power rail timer, state:3
11-23 08:20:28.189  1011  1189 I ASH     : @ 70880.389: tcs3701: stop power rail pending_off timer
11-23 08:20:28.189  1011  1189 D ASH     : @ 70880.389: tcs3701: start power rail timer, state:3
11-23 08:20:28.229  1011  1189 I ASH     : @ 70880.429: tcs3701: stop power rail pending_off timer
11-23 08:20:28.229  1011  1189 D ASH     : @ 70880.429: tcs3701: start power rail timer, state:3
11-23 08:20:28.230  5238  5296 I BatteryMgr:DataCollectionService: stats => 1700724028230,10681,4450,13427,4169000,100
11-23 08:20:28.269  1011  1189 I ASH     : @ 70880.469: tcs3701: stop power rail pending_off timer
11-23 08:20:28.269  1011  1189 D ASH     : @ 70880.469: tcs3701: start power rail timer, state:3
11-23 08:20:28.285  1795  2735 D ActivityManager: freezer override set to true
11-23 08:20:28.294  1795  2735 D ActivityManager: freezer override set to false
11-23 08:20:28.309  1011  1189 I ASH     : @ 70880.509: tcs3701: stop power rail pending_off timer
11-23 08:20:28.309  1011  1189 D ASH     : @ 70880.509: tcs3701: start power rail timer, state:3
11-23 08:20:28.339  5238  5296 I BatteryMgr:DataCollectionService: stats => 1700724028339,10681,4450,13427,4169000,100
11-23 08:20:28.349  1011  1189 I ASH     : @ 70880.549: tcs3701: stop power rail pending_off timer
11-23 08:20:28.349  1011  1189 D ASH     : @ 70880.549: tcs3701: start power rail timer, state:3
11-23 08:20:28.389  1011  1189 I ASH     : @ 70880.589: tcs3701: stop power rail pending_off timer
11-23 08:20:28.389  1011  1189 D ASH     : @ 70880.589: tcs3701: start power rail timer, state:3
11-23 08:20:28.429  1011  1189 I ASH     : @ 70880.629: tcs3701: stop power rail pending_off timer
11-23 08:20:28.429  1011  1189 D ASH     : @ 70880.629: tcs3701: start power rail timer, state:3
11-23 08:20:28.450  5238  5296 I BatteryMgr:DataCollectionService: stats => 1700724028450,10070,4450,13427,4169000,100
11-23 08:20:28.469  1011  1189 I ASH     : @ 70880.669: tcs3701: stop power rail pending_off timer
11-23 08:20:28.469  1011  1189 D ASH     : @ 70880.669: tcs3701: start power rail timer, state:3
11-23 08:20:28.509  1011  1189 I ASH     : @ 70880.709: tcs3701: stop power rail pending_off timer
11-23 08:20:28.509  1011  1189 D ASH     : @ 70880.709: tcs3701: start power rail timer, state:3
11-23 08:20:28.549  1011  1189 I ASH     : @ 70880.749: tcs3701: stop power rail pending_off timer
11-23 08:20:28.549  1011  1189 D ASH     : @ 70880.749: tcs3701: start power rail timer, state:3
11-23 08:20:28.558  5238  5296 I BatteryMgr:DataCollectionService: stats => 1700724028557,10070,4450,13427,4169000,100
11-23 08:20:28.589  1011  1189 I ASH     : @ 70880.789: tcs3701: stop power rail pending_off timer
11-23 08:20:28.589  1011  1189 D ASH     : @ 70880.789: tcs3701: start power rail timer, state:3
11-23 08:20:28.629  1011  1189 I ASH     : @ 70880.829: tcs3701: stop power rail pending_off timer
11-23 08:20:28.629  1011  1189 D ASH     : @ 70880.829: tcs3701: start power rail timer, state:3
11-23 08:20:28.667  5238  5296 I BatteryMgr:DataCollectionService: stats => 1700724028666,10070,4450,13427,4169000,100
11-23 08:20:28.669  1011  1189 I ASH     : @ 70880.869: tcs3701: stop power rail pending_off timer
11-23 08:20:28.669  1011  1189 D ASH     : @ 70880.869: tcs3701: start power rail timer, state:3
11-23 08:20:28.702 30869 30869 D CompatibilityChangeReporter: Compat change id reported: 194532703; UID 10010; state: ENABLED
11-23 08:20:28.703  1795  3784 D CompatibilityChangeReporter: Compat change id reported: 194532703; UID 10010; state: ENABLED
11-23 08:20:28.710  1011  1189 I ASH     : @ 70880.909: tcs3701: stop power rail pending_off timer
11-23 08:20:28.710  1011  1189 D ASH     : @ 70880.909: tcs3701: start power rail timer, state:3
11-23 08:20:28.730 30869 30869 I cr_omaha: Scheduled using JobService
11-23 08:20:28.731 30869 30869 E cr_BkgrdTaskJS: Tried finishing non-current BackgroundTask.
11-23 08:20:28.749  1011  1189 I ASH     : @ 70880.949: tcs3701: stop power rail pending_off timer
11-23 08:20:28.749  1011  1189 D ASH     : @ 70880.949: tcs3701: start power rail timer, state:3
11-23 08:20:28.775  5238  5296 I BatteryMgr:DataCollectionService: stats => 1700724028775,10070,4450,13427,4169000,100
11-23 08:20:28.791  1011  1189 I ASH     : @ 70880.989: tcs3701: stop power rail pending_off timer
11-23 08:20:28.791  1011  1189 D ASH     : @ 70880.989: tcs3701: start power rail timer, state:3
11-23 08:20:28.829  1011  1189 I ASH     : @ 70881.029: tcs3701: stop power rail pending_off timer
11-23 08:20:28.829  1011  1189 D ASH     : @ 70881.029: tcs3701: start power rail timer, state:3
11-23 08:20:28.869  1011  1189 I ASH     : @ 70881.069: tcs3701: stop power rail pending_off timer
11-23 08:20:28.870  1011  1189 D ASH     : @ 70881.069: tcs3701: start power rail timer, state:3
11-23 08:20:28.884  5238  5296 I BatteryMgr:DataCollectionService: stats => 1700724028884,10070,4450,13427,4169000,100
11-23 08:20:28.909  1011  1189 I ASH     : @ 70881.109: tcs3701: stop power rail pending_off timer
11-23 08:20:28.909  1011  1189 D ASH     : @ 70881.109: tcs3701: start power rail timer, state:3
11-23 08:20:28.951  1011  1189 I ASH     : @ 70881.149: tcs3701: stop power rail pending_off timer
11-23 08:20:28.951  1011  1189 D ASH     : @ 70881.150: tcs3701: start power rail timer, state:3
11-23 08:20:28.989  5238  5296 I BatteryMgr:DataCollectionService: stats => 1700724028989,10070,4450,13427,4169000,100
11-23 08:20:28.989  1011  1189 I ASH     : @ 70881.189: tcs3701: stop power rail pending_off timer
11-23 08:20:28.989  1011  1189 D ASH     : @ 70881.189: tcs3701: start power rail timer, state:3
11-23 08:20:29.015  2113  2118 I pixel-thermal: skin-therm-monitor: 38.575
11-23 08:20:29.024  1795  2735 D ActivityManager: freezer override set to true
11-23 08:20:29.030  1011  1189 I ASH     : @ 70881.229: tcs3701: stop power rail pending_off timer
11-23 08:20:29.030  1011  1189 D ASH     : @ 70881.229: tcs3701: start power rail timer, state:3
11-23 08:20:29.069  1011  1189 I ASH     : @ 70881.269: tcs3701: stop power rail pending_off timer
11-23 08:20:29.069  1011  1189 D ASH     : @ 70881.269: tcs3701: start power rail timer, state:3
11-23 08:20:29.097  5238  5296 I BatteryMgr:DataCollectionService: stats => 1700724029097,10070,4450,13427,4169000,100
11-23 08:20:29.109  1011  1189 I ASH     : @ 70881.309: tcs3701: stop power rail pending_off timer
11-23 08:20:29.110  1011  1189 D ASH     : @ 70881.309: tcs3701: start power rail timer, state:3
11-23 08:20:29.149  1011  1189 I ASH     : @ 70881.349: tcs3701: stop power rail pending_off timer
11-23 08:20:29.149  1011  1189 D ASH     : @ 70881.349: tcs3701: start power rail timer, state:3
11-23 08:20:29.185 30869 30883 I m.chrome.canary: Explicit concurrent copying GC freed 10536(419KB) AllocSpace objects, 7(268KB) LOS objects, 75% free, 11MB/45MB, paused 35us,23us total 78.590ms
11-23 08:20:29.190  1011  1189 I ASH     : @ 70881.389: tcs3701: stop power rail pending_off timer
11-23 08:20:29.190  1011  1189 D ASH     : @ 70881.389: tcs3701: start power rail timer, state:3
11-23 08:20:29.204  5238  5296 I BatteryMgr:DataCollectionService: stats => 1700724029203,10070,4450,13427,4169000,100
11-23 08:20:29.229  1011  1189 I ASH     : @ 70881.429: tcs3701: stop power rail pending_off timer
11-23 08:20:29.229  1011  1189 D ASH     : @ 70881.429: tcs3701: start power rail timer, state:3
11-23 08:20:29.246  1795  2735 D ActivityManager: freezer override set to false
11-23 08:20:29.269  1011  1189 I ASH     : @ 70881.469: tcs3701: stop power rail pending_off timer
11-23 08:20:29.269  1011  1189 D ASH     : @ 70881.469: tcs3701: start power rail timer, state:3
11-23 08:20:29.309  1011  1189 I ASH     : @ 70881.509: tcs3701: stop power rail pending_off timer
11-23 08:20:29.309  1011  1189 D ASH     : @ 70881.509: tcs3701: start power rail timer, state:3
11-23 08:20:29.320  5238  5296 I BatteryMgr:DataCollectionService: stats => 1700724029319,10070,4450,13427,4169000,100
11-23 08:20:29.321  1795  2735 D ActivityManager: freezer override set to true
11-23 08:20:29.332  1795  2735 D ActivityManager: freezer override set to false
11-23 08:20:29.335  1795  2735 D ActivityManager: freezer override set to true
11-23 08:20:29.338  1795  2735 D ActivityManager: freezer override set to false
11-23 08:20:29.349  1011  1189 I ASH     : @ 70881.549: tcs3701: stop power rail pending_off timer
11-23 08:20:29.349  1011  1189 D ASH     : @ 70881.549: tcs3701: start power rail timer, state:3
11-23 08:20:29.389  1011  1189 I ASH     : @ 70881.589: tcs3701: stop power rail pending_off timer
11-23 08:20:29.389  1011  1189 D ASH     : @ 70881.589: tcs3701: start power rail timer, state:3
11-23 08:20:29.428  5238  5296 I BatteryMgr:DataCollectionService: stats => 1700724029428,10070,4450,13427,4169000,100
11-23 08:20:29.429  1011  1189 I ASH     : @ 70881.629: tcs3701: stop power rail pending_off timer
11-23 08:20:29.429  1011  1189 D ASH     : @ 70881.629: tcs3701: start power rail timer, state:3
11-23 08:20:29.469  1011  1189 I ASH     : @ 70881.669: tcs3701: stop power rail pending_off timer
11-23 08:20:29.469  1011  1189 D ASH     : @ 70881.669: tcs3701: start power rail timer, state:3
11-23 08:20:29.509  1011  1189 I ASH     : @ 70881.709: tcs3701: stop power rail pending_off timer
11-23 08:20:29.509  1011  1189 D ASH     : @ 70881.709: tcs3701: start power rail timer, state:3
11-23 08:20:29.534  5238  5296 I BatteryMgr:DataCollectionService: stats => 1700724029534,10070,4450,13427,4169000,100
11-23 08:20:29.549  1011  1189 I ASH     : @ 70881.749: tcs3701: stop power rail pending_off timer
11-23 08:20:29.549  1011  1189 D ASH     : @ 70881.749: tcs3701: start power rail timer, state:3
11-23 08:20:29.590  1011  1189 I ASH     : @ 70881.789: tcs3701: stop power rail pending_off timer
11-23 08:20:29.590  1011  1189 D ASH     : @ 70881.789: tcs3701: start power rail timer, state:3
11-23 08:20:29.629  1011  1189 I ASH     : @ 70881.829: tcs3701: stop power rail pending_off timer
11-23 08:20:29.629  1011  1189 D ASH     : @ 70881.829: tcs3701: start power rail timer, state:3
11-23 08:20:29.650  5238  5296 I BatteryMgr:DataCollectionService: stats => 1700724029650,10070,4450,13427,4169000,100
11-23 08:20:29.670  1011  1189 I ASH     : @ 70881.869: tcs3701: stop power rail pending_off timer
11-23 08:20:29.670  1011  1189 D ASH     : @ 70881.869: tcs3701: start power rail timer, state:3
11-23 08:20:29.709  1011  1189 I ASH     : @ 70881.909: tcs3701: stop power rail pending_off timer
11-23 08:20:29.709  1011  1189 D ASH     : @ 70881.909: tcs3701: start power rail timer, state:3
11-23 08:20:29.749  1011  1189 I ASH     : @ 70881.949: tcs3701: stop power rail pending_off timer
11-23 08:20:29.750  1011  1189 D ASH     : @ 70881.949: tcs3701: start power rail timer, state:3
11-23 08:20:29.763  5238  5296 I BatteryMgr:DataCollectionService: stats => 1700724029763,10070,4450,13427,4169000,100
11-23 08:20:29.789  1011  1189 I ASH     : @ 70881.989: tcs3701: stop power rail pending_off timer
11-23 08:20:29.789  1011  1189 D ASH     : @ 70881.989: tcs3701: start power rail timer, state:3
11-23 08:20:29.829  1011  1189 I ASH     : @ 70882.029: tcs3701: stop power rail pending_off timer
11-23 08:20:29.829  1011  1189 D ASH     : @ 70882.029: tcs3701: start power rail timer, state:3
11-23 08:20:29.869  1011  1189 I ASH     : @ 70882.069: tcs3701: stop power rail pending_off timer
11-23 08:20:29.869  1011  1189 D ASH     : @ 70882.069: tcs3701: start power rail timer, state:3
11-23 08:20:29.875  5238  5296 I BatteryMgr:DataCollectionService: stats => 1700724029875,10070,4450,13427,4169000,100
11-23 08:20:29.909  1011  1189 I ASH     : @ 70882.109: tcs3701: stop power rail pending_off timer
11-23 08:20:29.909  1011  1189 D ASH     : @ 70882.109: tcs3701: start power rail timer, state:3
11-23 08:20:29.949  1011  1189 I ASH     : @ 70882.149: tcs3701: stop power rail pending_off timer
11-23 08:20:29.949  1011  1189 D ASH     : @ 70882.149: tcs3701: start power rail timer, state:3
11-23 08:20:29.954  1795  2424 D WifiClientModeImpl[13802:wlan0]: updateLinkLayerStatsRssiSpeedFrequencyCapabilities rssi=-45 TxLinkspeed=866 freq=5240 RxLinkSpeed=866
11-23 08:20:29.955  1795  2424 D WifiDataStall: tx tput in kbps: 167437
11-23 08:20:29.955  1795  2424 D WifiDataStall: rx tput in kbps: 794960
11-23 08:20:29.955  1795  2424 V WifiConfigManager: Updating scan detail cache freq=5240 BSSID=f4:6d:2f:12:cc:88 RSSI=-44 for "ourhome"WPA_PSK
11-23 08:20:29.955  2782  5906 D QCNEJ/WlanStaInfoRelay: Received action: android.net.wifi.RSSI_CHANGED
11-23 08:20:29.955  1795  2424 D WifiChannelUtilization:  freq: 5240 onTime: 1763551 busyTime: 150900 onTimeDiff: 1763256 busyTimeDiff: 150883 utilization: 21 utilization t0: 21
11-23 08:20:29.955  1795  2424 D WifiDataStall:  ccaLevel = 21
11-23 08:20:29.955  1795  2424 D WifiDataStall: L2 txTputKbps: 755212, rxTputKbps: 794960, L3 txTputKbps: 0, rxTputKbps: 0, TxTrafficHigh: false, RxTrafficHigh: false, Throughput Sufficient: true
11-23 08:20:29.956  3213  6173 V WifiManager: OnWifiUsabilityStatsListener: onWifiUsabilityStats: seqNum=23454
11-23 08:20:29.956  1795  2424 D WifiScoreReport: Wifi scoring disabled - Don't check IP layer
11-23 08:20:29.956  1795  2424 D WifiScoreCard: BSSID update SIGNAL_POLL ID: 1320464697 SSID: "ourhome", BSSID: f4:6d:2f:12:cc:88, MAC: b2:2f:ec:da:4a:0c, IP: /192.168.1.104, Security type: 2, Supplicant state: COMPLETED, Wi-Fi standard: 5, RSSI: -45, Link speed: 866Mbps, Tx Link speed: 866Mbps, Max Supported Tx Link speed: 866Mbps, Rx Link speed: 866Mbps, Max Supported Rx Link speed: 866Mbps, Frequency: 5240MHz, Net ID: 12, Metered hint: false, score: 60, isUsable: true, CarrierMerged: false, SubscriptionId: -1, IsPrimary: 1, Trusted: true, Restricted: false, Ephemeral: false, OEM paid: false, OEM private: false, OSU AP: false, FQDN: <none>, Provider friendly name: <none>, Requesting package name: <none>"ourhome"wpa2-pskMLO Information: , Is TID-To-Link negotiation supported by the AP: false, AP MLD Address: <none>, AP MLO Link Id: <none>, AP MLO Affiliated links: <none>
11-23 08:20:29.956  1795  2424 D WifiScoreCard: txRate: 11 txSpeed: 866
11-23 08:20:29.956  1795  2424 D WifiScoreCard: network update SIGNAL_POLL "ourhome" ID: 1499892569 RSSI -45 txSpeed 866
11-23 08:20:29.956  1795  2735 I WifiService: updateWifiUsabilityScore uid=10180 seqNum=23454 score=100 predictionHorizonSec=1441795
11-23 08:20:29.956  1795  2424 D WifiClientModeImpl[13802:wlan0]:  ClientModeImpl$L2ConnectedState screen=on 5 0 "ourhome" f4:6d:2f:12:cc:88 rssi=-45 f=5240 sc=60 link=866 tx=9.4, 0.5, 0.0 rx=5.8 bcn=673547 [on:223 tx:1 rx:0 period:3014] from screen [on:664332 period:29435304] score=60
11-23 08:20:29.958  1795  2424 D WifiScoreReport: Wifi scoring disabled - Notify that Wifi is usable
11-23 08:20:29.962  1795  2432 D ConnectivityService: NetReassign [no changes] [c 1] [a 0] [i 1]
11-23 08:20:29.985  5238  5296 I BatteryMgr:DataCollectionService: stats => 1700724029985,10070,4450,13427,4169000,100
11-23 08:20:29.989  1011  1189 I ASH     : @ 70882.189: tcs3701: stop power rail pending_off timer
11-23 08:20:29.989  1011  1189 D ASH     : @ 70882.189: tcs3701: start power rail timer, state:3
11-23 08:20:30.029  1011  1189 I ASH     : @ 70882.229: tcs3701: stop power rail pending_off timer
11-23 08:20:30.029  1011  1189 D ASH     : @ 70882.229: tcs3701: start power rail timer, state:3
11-23 08:20:30.069  1011  1189 I ASH     : @ 70882.269: tcs3701: stop power rail pending_off timer
11-23 08:20:30.069  1011  1189 D ASH     : @ 70882.269: tcs3701: start power rail timer, state:3
11-23 08:20:30.099  5238  5296 I BatteryMgr:DataCollectionService: stats => 1700724030098,10070,4450,13427,4169000,100
11-23 08:20:30.110  1011  1189 I ASH     : @ 70882.309: tcs3701: stop power rail pending_off timer
11-23 08:20:30.110  1011  1189 D ASH     : @ 70882.309: tcs3701: start power rail timer, state:3
11-23 08:20:30.149  1011  1189 I ASH     : @ 70882.349: tcs3701: stop power rail pending_off timer
11-23 08:20:30.149  1011  1189 D ASH     : @ 70882.349: tcs3701: start power rail timer, state:3
11-23 08:20:30.189  1011  1189 I ASH     : @ 70882.389: tcs3701: stop power rail pending_off timer
11-23 08:20:30.189  1011  1189 D ASH     : @ 70882.389: tcs3701: start power rail timer, state:3
11-23 08:20:30.208  5238  5296 I BatteryMgr:DataCollectionService: stats => 1700724030208,10070,4450,13427,4169000,100
11-23 08:20:30.229  1011  1189 I ASH     : @ 70882.429: tcs3701: stop power rail pending_off timer
11-23 08:20:30.229  1011  1189 D ASH     : @ 70882.429: tcs3701: start power rail timer, state:3
11-23 08:20:30.269  1011  1189 I ASH     : @ 70882.469: tcs3701: stop power rail pending_off timer
11-23 08:20:30.269  1011  1189 D ASH     : @ 70882.469: tcs3701: start power rail timer, state:3
11-23 08:20:30.297  1795  4165 D ActivityManager: freezer override set to true
11-23 08:20:30.302  1795  4165 D ActivityManager: freezer override set to false
11-23 08:20:30.309  1011  1189 I ASH     : @ 70882.509: tcs3701: stop power rail pending_off timer
11-23 08:20:30.309  1011  1189 D ASH     : @ 70882.509: tcs3701: start power rail timer, state:3
11-23 08:20:30.316  5238  5296 I BatteryMgr:DataCollectionService: stats => 1700724030315,10070,4450,13427,4169000,100
11-23 08:20:30.349  1011  1189 I ASH     : @ 70882.549: tcs3701: stop power rail pending_off timer
11-23 08:20:30.349  1011  1189 D ASH     : @ 70882.549: tcs3701: start power rail timer, state:3
11-23 08:20:30.389  1011  1189 I ASH     : @ 70882.589: tcs3701: stop power rail pending_off timer
11-23 08:20:30.389  1011  1189 D ASH     : @ 70882.589: tcs3701: start power rail timer, state:3
11-23 08:20:30.421  5238  5296 I BatteryMgr:DataCollectionService: stats => 1700724030421,10070,4450,13427,4169000,100
11-23 08:20:30.429  1011  1189 I ASH     : @ 70882.629: tcs3701: stop power rail pending_off timer
11-23 08:20:30.429  1011  1189 D ASH     : @ 70882.629: tcs3701: start power rail timer, state:3
11-23 08:20:30.469  1011  1189 I ASH     : @ 70882.669: tcs3701: stop power rail pending_off timer
11-23 08:20:30.469  1011  1189 D ASH     : @ 70882.669: tcs3701: start power rail timer, state:3
11-23 08:20:30.509  1011  1189 I ASH     : @ 70882.709: tcs3701: stop power rail pending_off timer
11-23 08:20:30.509  1011  1189 D ASH     : @ 70882.709: tcs3701: start power rail timer, state:3
11-23 08:20:30.527  5238  5296 I BatteryMgr:DataCollectionService: stats => 1700724030527,10070,4450,13427,4169000,100
11-23 08:20:30.533  1795  4165 D ActivityManager: freezer override set to true
11-23 08:20:30.549  1011  1189 I ASH     : @ 70882.749: tcs3701: stop power rail pending_off timer
11-23 08:20:30.549  1011  1189 D ASH     : @ 70882.749: tcs3701: start power rail timer, state:3
11-23 08:20:30.589  1011  1189 I ASH     : @ 70882.789: tcs3701: stop power rail pending_off timer
11-23 08:20:30.589  1011  1189 D ASH     : @ 70882.790: tcs3701: start power rail timer, state:3
11-23 08:20:30.629  1011  1189 I ASH     : @ 70882.829: tcs3701: stop power rail pending_off timer
11-23 08:20:30.629  1011  1189 D ASH     : @ 70882.829: tcs3701: start power rail timer, state:3
11-23 08:20:30.643 30869 30883 I m.chrome.canary: Explicit concurrent copying GC freed 3884(196KB) AllocSpace objects, 4(80KB) LOS objects, 75% free, 11MB/45MB, paused 93us,474us total 66.441ms
11-23 08:20:30.645  5238  5296 I BatteryMgr:DataCollectionService: stats => 1700724030645,10070,4450,13427,4169000,100
11-23 08:20:30.670  1011  1189 I ASH     : @ 70882.869: tcs3701: stop power rail pending_off timer
11-23 08:20:30.670  1011  1189 D ASH     : @ 70882.870: tcs3701: start power rail timer, state:3
11-23 08:20:30.699  1795  4165 D ActivityManager: freezer override set to false
11-23 08:20:30.709  1011  1189 I ASH     : @ 70882.909: tcs3701: stop power rail pending_off timer
11-23 08:20:30.709  1011  1189 D ASH     : @ 70882.909: tcs3701: start power rail timer, state:3
11-23 08:20:30.749  1011  1189 I ASH     : @ 70882.949: tcs3701: stop power rail pending_off timer
11-23 08:20:30.749  1011  1189 D ASH     : @ 70882.949: tcs3701: start power rail timer, state:3
11-23 08:20:30.753  1795  3784 D ActivityManager: freezer override set to true
11-23 08:20:30.755  5238  5296 I BatteryMgr:DataCollectionService: stats => 1700724030755,10070,4450,13427,4169000,100
11-23 08:20:30.756  1795  3784 D ActivityManager: freezer override set to false
11-23 08:20:30.789  1011  1189 I ASH     : @ 70882.989: tcs3701: stop power rail pending_off timer
11-23 08:20:30.789  1011  1189 D ASH     : @ 70882.989: tcs3701: start power rail timer, state:3
11-23 08:20:30.829  1011  1189 I ASH     : @ 70883.029: tcs3701: stop power rail pending_off timer
11-23 08:20:30.829  1011  1189 D ASH     : @ 70883.029: tcs3701: start power rail timer, state:3
11-23 08:20:30.861  5238  5296 I BatteryMgr:DataCollectionService: stats => 1700724030860,10070,4450,13427,4169000,100
11-23 08:20:30.869  1011  1189 I ASH     : @ 70883.069: tcs3701: stop power rail pending_off timer
11-23 08:20:30.869  1011  1189 D ASH     : @ 70883.069: tcs3701: start power rail timer, state:3
11-23 08:20:30.909  1011  1189 I ASH     : @ 70883.109: tcs3701: stop power rail pending_off timer
11-23 08:20:30.909  1011  1189 D ASH     : @ 70883.109: tcs3701: start power rail timer, state:3
11-23 08:20:30.949  1011  1189 I ASH     : @ 70883.149: tcs3701: stop power rail pending_off timer
11-23 08:20:30.949  1011  1189 D ASH     : @ 70883.149: tcs3701: start power rail timer, state:3
11-23 08:20:30.967  5238  5296 I BatteryMgr:DataCollectionService: stats => 1700724030967,10070,4450,13427,4169000,100
11-23 08:20:30.989  1011  1189 I ASH     : @ 70883.189: tcs3701: stop power rail pending_off timer
11-23 08:20:30.989  1011  1189 D ASH     : @ 70883.189: tcs3701: start power rail timer, state:3
11-23 08:20:31.020  2113  2118 I pixel-thermal: skin-therm-monitor: 38.548
11-23 08:20:31.029  1011  1189 I ASH     : @ 70883.229: tcs3701: stop power rail pending_off timer
11-23 08:20:31.029  1011  1189 D ASH     : @ 70883.229: tcs3701: start power rail timer, state:3
11-23 08:20:31.069  1011  1189 I ASH     : @ 70883.269: tcs3701: stop power rail pending_off timer
11-23 08:20:31.069  1011  1189 D ASH     : @ 70883.269: tcs3701: start power rail timer, state:3
11-23 08:20:31.074  5238  5296 I BatteryMgr:DataCollectionService: stats => 1700724031074,10070,4450,13427,4169000,100
11-23 08:20:31.109  1011  1189 I ASH     : @ 70883.309: tcs3701: stop power rail pending_off timer
11-23 08:20:31.109  1011  1189 D ASH     : @ 70883.309: tcs3701: start power rail timer, state:3
11-23 08:20:31.149  1011  1189 I ASH     : @ 70883.349: tcs3701: stop power rail pending_off timer
11-23 08:20:31.149  1011  1189 D ASH     : @ 70883.349: tcs3701: start power rail timer, state:3
11-23 08:20:31.179  5238  5296 I BatteryMgr:DataCollectionService: stats => 1700724031179,10070,4450,13427,4169000,100
11-23 08:20:31.189  1011  1189 I ASH     : @ 70883.389: tcs3701: stop power rail pending_off timer
11-23 08:20:31.189  1011  1189 D ASH     : @ 70883.389: tcs3701: start power rail timer, state:3
11-23 08:20:31.229  1011  1189 I ASH     : @ 70883.429: tcs3701: stop power rail pending_off timer
11-23 08:20:31.229  1011  1189 D ASH     : @ 70883.429: tcs3701: start power rail timer, state:3
11-23 08:20:31.243  3604  4020 I bbqr    : (REDACTED) getHotwordActive::active query: %s, watch: %s, devices connected: %s
11-23 08:20:31.269  1011  1189 I ASH     : @ 70883.469: tcs3701: stop power rail pending_off timer
11-23 08:20:31.269  1011  1189 D ASH     : @ 70883.469: tcs3701: start power rail timer, state:3
11-23 08:20:31.286  5238  5296 I BatteryMgr:DataCollectionService: stats => 1700724031286,10070,4450,13427,4169000,100
11-23 08:20:31.309  1011  1189 I ASH     : @ 70883.509: tcs3701: stop power rail pending_off timer
11-23 08:20:31.309  1011  1189 D ASH     : @ 70883.509: tcs3701: start power rail timer, state:3
11-23 08:20:31.316  1795  3784 D ActivityManager: freezer override set to true
11-23 08:20:31.320  1795  3784 D ActivityManager: freezer override set to false
11-23 08:20:31.349  1011  1189 I ASH     : @ 70883.549: tcs3701: stop power rail pending_off timer
11-23 08:20:31.349  1011  1189 D ASH     : @ 70883.549: tcs3701: start power rail timer, state:3
11-23 08:20:31.389  1011  1189 I ASH     : @ 70883.589: tcs3701: stop power rail pending_off timer
11-23 08:20:31.389  1011  1189 D ASH     : @ 70883.589: tcs3701: start power rail timer, state:3
11-23 08:20:31.395  5238  5296 I BatteryMgr:DataCollectionService: stats => 1700724031395,10070,4450,13427,4169000,100
11-23 08:20:31.429  1011  1189 I ASH     : @ 70883.629: tcs3701: stop power rail pending_off timer
11-23 08:20:31.429  1011  1189 D ASH     : @ 70883.629: tcs3701: start power rail timer, state:3
11-23 08:20:31.469  1011  1189 I ASH     : @ 70883.669: tcs3701: stop power rail pending_off timer
11-23 08:20:31.469  1011  1189 D ASH     : @ 70883.669: tcs3701: start power rail timer, state:3
11-23 08:20:31.507  5238  5296 I BatteryMgr:DataCollectionService: stats => 1700724031507,10070,4450,13427,4169000,100
11-23 08:20:31.509  1011  1189 I ASH     : @ 70883.709: tcs3701: stop power rail pending_off timer
11-23 08:20:31.509  1011  1189 D ASH     : @ 70883.709: tcs3701: start power rail timer, state:3
11-23 08:20:31.549  1011  1189 I ASH     : @ 70883.749: tcs3701: stop power rail pending_off timer
11-23 08:20:31.549  1011  1189 D ASH     : @ 70883.749: tcs3701: start power rail timer, state:3
11-23 08:20:31.589  1011  1189 I ASH     : @ 70883.789: tcs3701: stop power rail pending_off timer
11-23 08:20:31.589  1011  1189 D ASH     : @ 70883.789: tcs3701: start power rail timer, state:3
11-23 08:20:31.613  5238  5296 I BatteryMgr:DataCollectionService: stats => 1700724031613,10070,4450,13427,4169000,100
11-23 08:20:31.629  1011  1189 I ASH     : @ 70883.829: tcs3701: stop power rail pending_off timer
11-23 08:20:31.629  1011  1189 D ASH     : @ 70883.829: tcs3701: start power rail timer, state:3
11-23 08:20:31.669  1011  1189 I ASH     : @ 70883.869: tcs3701: stop power rail pending_off timer
11-23 08:20:31.669  1011  1189 D ASH     : @ 70883.869: tcs3701: start power rail timer, state:3
11-23 08:20:31.709  1011  1189 I ASH     : @ 70883.909: tcs3701: stop power rail pending_off timer
11-23 08:20:31.709  1011  1189 D ASH     : @ 70883.909: tcs3701: start power rail timer, state:3
