11-23 08:23:10.549  1795  2735 D ActivityManager: freezer override set to false
11-23 08:23:10.549  1011  1189 D ASH     : @ 71042.749: tcs3701: start power rail timer, state:3
11-23 08:23:10.589  1011  1189 I ASH     : @ 71042.789: tcs3701: stop power rail pending_off timer
11-23 08:23:10.589  1011  1189 D ASH     : @ 71042.789: tcs3701: start power rail timer, state:3
11-23 08:23:10.594  5238  5296 I BatteryMgr:DataCollectionService: stats => 1700724190594,10375,4450,13427,4169000,100
11-23 08:23:10.622  3041  3180 W chromium: [WARNING:ev_root_ca_metadata.cc(119)] Not implemented
11-23 08:23:10.622  3041  3180 W chromium: [WARNING:ev_root_ca_metadata.cc(119)] Not implemented
11-23 08:23:10.629  1011  1189 I ASH     : @ 71042.829: tcs3701: stop power rail pending_off timer
11-23 08:23:10.630  1011  1189 D ASH     : @ 71042.829: tcs3701: start power rail timer, state:3
11-23 08:23:10.669  1011  1189 I ASH     : @ 71042.869: tcs3701: stop power rail pending_off timer
11-23 08:23:10.669  1011  1189 D ASH     : @ 71042.869: tcs3701: start power rail timer, state:3
11-23 08:23:10.700  5238  5296 I BatteryMgr:DataCollectionService: stats => 1700724190700,10375,4450,13427,4169000,100
11-23 08:23:10.709  1011  1189 I ASH     : @ 71042.909: tcs3701: stop power rail pending_off timer
11-23 08:23:10.709  1011  1189 D ASH     : @ 71042.909: tcs3701: start power rail timer, state:3
11-23 08:23:10.749  1011  1189 I ASH     : @ 71042.949: tcs3701: stop power rail pending_off timer
11-23 08:23:10.749  1011  1189 D ASH     : @ 71042.949: tcs3701: start power rail timer, state:3
11-23 08:23:10.789  1011  1189 I ASH     : @ 71042.989: tcs3701: stop power rail pending_off timer
11-23 08:23:10.789  1011  1189 D ASH     : @ 71042.989: tcs3701: start power rail timer, state:3
11-23 08:23:10.805  5238  5296 I BatteryMgr:DataCollectionService: stats => 1700724190805,10375,4450,13427,4169000,100
11-23 08:23:10.829  1011  1189 I ASH     : @ 71043.029: tcs3701: stop power rail pending_off timer
11-23 08:23:10.829  1011  1189 D ASH     : @ 71043.029: tcs3701: start power rail timer, state:3
11-23 08:23:10.869  1011  1189 I ASH     : @ 71043.069: tcs3701: stop power rail pending_off timer
11-23 08:23:10.869  1011  1189 D ASH     : @ 71043.069: tcs3701: start power rail timer, state:3
11-23 08:23:10.909  1011  1189 I ASH     : @ 71043.109: tcs3701: stop power rail pending_off timer
11-23 08:23:10.909  1011  1189 D ASH     : @ 71043.109: tcs3701: start power rail timer, state:3
11-23 08:23:10.911  5238  5296 I BatteryMgr:DataCollectionService: stats => 1700724190911,10375,4450,13427,4169000,100
11-23 08:23:10.949  1011  1189 I ASH     : @ 71043.149: tcs3701: stop power rail pending_off timer
11-23 08:23:10.949  1011  1189 D ASH     : @ 71043.149: tcs3701: start power rail timer, state:3
11-23 08:23:10.989  1011  1189 I ASH     : @ 71043.189: tcs3701: stop power rail pending_off timer
11-23 08:23:10.989  1011  1189 D ASH     : @ 71043.189: tcs3701: start power rail timer, state:3
11-23 08:23:11.016  5238  5296 I BatteryMgr:DataCollectionService: stats => 1700724191016,10375,4450,13427,4169000,100
11-23 08:23:11.029  1011  1189 I ASH     : @ 71043.229: tcs3701: stop power rail pending_off timer
11-23 08:23:11.029  1011  1189 D ASH     : @ 71043.229: tcs3701: start power rail timer, state:3
11-23 08:23:11.069  1011  1189 I ASH     : @ 71043.269: tcs3701: stop power rail pending_off timer
11-23 08:23:11.069  1011  1189 D ASH     : @ 71043.269: tcs3701: start power rail timer, state:3
11-23 08:23:11.109  1011  1189 I ASH     : @ 71043.309: tcs3701: stop power rail pending_off timer
11-23 08:23:11.110  1011  1189 D ASH     : @ 71043.309: tcs3701: start power rail timer, state:3
11-23 08:23:11.122  5238  5296 I BatteryMgr:DataCollectionService: stats => 1700724191122,10375,4450,13427,4169000,100
11-23 08:23:11.149  1011  1189 I ASH     : @ 71043.349: tcs3701: stop power rail pending_off timer
11-23 08:23:11.149  1011  1189 D ASH     : @ 71043.349: tcs3701: start power rail timer, state:3
11-23 08:23:11.189  1011  1189 I ASH     : @ 71043.389: tcs3701: stop power rail pending_off timer
11-23 08:23:11.189  1011  1189 D ASH     : @ 71043.389: tcs3701: start power rail timer, state:3
11-23 08:23:11.228  5238  5296 I BatteryMgr:DataCollectionService: stats => 1700724191228,10375,4450,13427,4169000,100
11-23 08:23:11.229  1011  1189 I ASH     : @ 71043.429: tcs3701: stop power rail pending_off timer
11-23 08:23:11.229  1011  1189 D ASH     : @ 71043.429: tcs3701: start power rail timer, state:3
11-23 08:23:11.269  1011  1189 I ASH     : @ 71043.469: tcs3701: stop power rail pending_off timer
11-23 08:23:11.269  1011  1189 D ASH     : @ 71043.469: tcs3701: start power rail timer, state:3
11-23 08:23:11.270  1795  2735 D ActivityManager: freezer override set to true
11-23 08:23:11.309  1011  1189 I ASH     : @ 71043.509: tcs3701: stop power rail pending_off timer
11-23 08:23:11.309  1011  1189 D ASH     : @ 71043.509: tcs3701: start power rail timer, state:3
11-23 08:23:11.334  5238  5296 I BatteryMgr:DataCollectionService: stats => 1700724191334,10375,4450,13427,4169000,100
11-23 08:23:11.349  1011  1189 I ASH     : @ 71043.549: tcs3701: stop power rail pending_off timer
11-23 08:23:11.349  1011  1189 D ASH     : @ 71043.549: tcs3701: start power rail timer, state:3
11-23 08:23:11.389  1011  1189 I ASH     : @ 71043.589: tcs3701: stop power rail pending_off timer
11-23 08:23:11.389  1011  1189 D ASH     : @ 71043.589: tcs3701: start power rail timer, state:3
11-23 08:23:11.420  3041  3154 I m.chrome.canary: Explicit concurrent copying GC freed 3584(175KB) AllocSpace objects, 3(60KB) LOS objects, 75% free, 11MB/45MB, paused 39us,23us total 41.087ms
11-23 08:23:11.429  1011  1189 I ASH     : @ 71043.629: tcs3701: stop power rail pending_off timer
11-23 08:23:11.429  1011  1189 D ASH     : @ 71043.629: tcs3701: start power rail timer, state:3
11-23 08:23:11.441  5238  5296 I BatteryMgr:DataCollectionService: stats => 1700724191441,10375,4450,13427,4169000,100
11-23 08:23:11.469  1011  1189 I ASH     : @ 71043.669: tcs3701: stop power rail pending_off timer
11-23 08:23:11.469  1011  1189 D ASH     : @ 71043.669: tcs3701: start power rail timer, state:3
11-23 08:23:11.474  1795  2735 D ActivityManager: freezer override set to false
11-23 08:23:11.509  1011  1189 I ASH     : @ 71043.709: tcs3701: stop power rail pending_off timer
11-23 08:23:11.509  1011  1189 D ASH     : @ 71043.709: tcs3701: start power rail timer, state:3
11-23 08:23:11.515  1795  2735 D ActivityManager: freezer override set to true
11-23 08:23:11.518  1795  2735 D ActivityManager: freezer override set to false
11-23 08:23:11.549  1011  1189 I ASH     : @ 71043.749: tcs3701: stop power rail pending_off timer
11-23 08:23:11.549  1011  1189 D ASH     : @ 71043.749: tcs3701: start power rail timer, state:3
11-23 08:23:11.551  5238  5296 I BatteryMgr:DataCollectionService: stats => 1700724191551,10375,4450,13427,4169000,100
11-23 08:23:11.563  1795  2735 D ActivityManager: freezer override set to true
11-23 08:23:11.568  1795  2735 D ActivityManager: freezer override set to false
11-23 08:23:11.589  1011  1189 I ASH     : @ 71043.789: tcs3701: stop power rail pending_off timer
11-23 08:23:11.589  1011  1189 D ASH     : @ 71043.789: tcs3701: start power rail timer, state:3
11-23 08:23:11.629  1011  1189 I ASH     : @ 71043.829: tcs3701: stop power rail pending_off timer
11-23 08:23:11.629  1011  1189 D ASH     : @ 71043.829: tcs3701: start power rail timer, state:3
11-23 08:23:11.630  3074  3074 D BoundBrokerSvc: onUnbind: Intent { act=com.google.android.gms.icing.LIGHTWEIGHT_INDEX_SERVICE dat=chimera-action:/... cmp=com.google.android.gms/.chimera.PersistentApiService }
11-23 08:23:11.630  3845  3845 D BoundBrokerSvc: onUnbind: Intent { act=com.google.android.gms.feedback.internal.IFeedbackService dat=chimera-action:/... cmp=com.google.android.gms/.chimera.GmsBoundBrokerService }
11-23 08:23:11.656  5238  5296 I BatteryMgr:DataCollectionService: stats => 1700724191656,10375,4450,13427,4169000,100
11-23 08:23:11.667  2113  2118 I pixel-thermal: skin-therm-monitor: 38.095
11-23 08:23:11.669  1011  1189 I ASH     : @ 71043.869: tcs3701: stop power rail pending_off timer
11-23 08:23:11.669  1011  1189 D ASH     : @ 71043.869: tcs3701: start power rail timer, state:3
11-23 08:23:11.709  1011  1189 I ASH     : @ 71043.909: tcs3701: stop power rail pending_off timer
11-23 08:23:11.709  1011  1189 D ASH     : @ 71043.909: tcs3701: start power rail timer, state:3
11-23 08:23:11.749  1011  1189 I ASH     : @ 71043.949: tcs3701: stop power rail pending_off timer
11-23 08:23:11.749  1011  1189 D ASH     : @ 71043.949: tcs3701: start power rail timer, state:3
11-23 08:23:11.761  5238  5296 I BatteryMgr:DataCollectionService: stats => 1700724191761,10375,4450,13427,4169000,100
11-23 08:23:11.789  1011  1189 I ASH     : @ 71043.989: tcs3701: stop power rail pending_off timer
11-23 08:23:11.789  1011  1189 D ASH     : @ 71043.989: tcs3701: start power rail timer, state:3
11-23 08:23:11.829  1011  1189 I ASH     : @ 71044.029: tcs3701: stop power rail pending_off timer
11-23 08:23:11.829  1011  1189 D ASH     : @ 71044.029: tcs3701: start power rail timer, state:3
11-23 08:23:11.866  5238  5296 I BatteryMgr:DataCollectionService: stats => 1700724191866,10375,4450,13427,4169000,100
11-23 08:23:11.869  1011  1189 I ASH     : @ 71044.069: tcs3701: stop power rail pending_off timer
11-23 08:23:11.869  1011  1189 D ASH     : @ 71044.069: tcs3701: start power rail timer, state:3
11-23 08:23:11.909  1011  1189 I ASH     : @ 71044.109: tcs3701: stop power rail pending_off timer
11-23 08:23:11.909  1011  1189 D ASH     : @ 71044.109: tcs3701: start power rail timer, state:3
11-23 08:23:11.949  1011  1189 I ASH     : @ 71044.149: tcs3701: stop power rail pending_off timer
11-23 08:23:11.949  1011  1189 D ASH     : @ 71044.150: tcs3701: start power rail timer, state:3
11-23 08:23:11.972  5238  5296 I BatteryMgr:DataCollectionService: stats => 1700724191972,10375,4450,13427,4169000,100
11-23 08:23:11.989  1011  1189 I ASH     : @ 71044.189: tcs3701: stop power rail pending_off timer
11-23 08:23:11.989  1011  1189 D ASH     : @ 71044.189: tcs3701: start power rail timer, state:3
11-23 08:23:12.030  1011  1189 I ASH     : @ 71044.229: tcs3701: stop power rail pending_off timer
11-23 08:23:12.030  1011  1189 D ASH     : @ 71044.229: tcs3701: start power rail timer, state:3
11-23 08:23:12.069  1011  1189 I ASH     : @ 71044.269: tcs3701: stop power rail pending_off timer
11-23 08:23:12.069  1011  1189 D ASH     : @ 71044.269: tcs3701: start power rail timer, state:3
11-23 08:23:12.077  5238  5296 I BatteryMgr:DataCollectionService: stats => 1700724192077,10375,4450,13427,4169000,100
11-23 08:23:12.109  1011  1189 I ASH     : @ 71044.309: tcs3701: stop power rail pending_off timer
11-23 08:23:12.109  1011  1189 D ASH     : @ 71044.309: tcs3701: start power rail timer, state:3
11-23 08:23:12.149  1011  1189 I ASH     : @ 71044.349: tcs3701: stop power rail pending_off timer
11-23 08:23:12.149  1011  1189 D ASH     : @ 71044.349: tcs3701: start power rail timer, state:3
11-23 08:23:12.185  5238  5296 I BatteryMgr:DataCollectionService: stats => 1700724192185,10375,4450,13427,4169000,100
11-23 08:23:12.189  1011  1189 I ASH     : @ 71044.389: tcs3701: stop power rail pending_off timer
11-23 08:23:12.189  1011  1189 D ASH     : @ 71044.389: tcs3701: start power rail timer, state:3
11-23 08:23:12.229  1011  1189 I ASH     : @ 71044.429: tcs3701: stop power rail pending_off timer
11-23 08:23:12.229  1011  1189 D ASH     : @ 71044.429: tcs3701: start power rail timer, state:3
11-23 08:23:12.269  1011  1189 I ASH     : @ 71044.469: tcs3701: stop power rail pending_off timer
11-23 08:23:12.269  1011  1189 D ASH     : @ 71044.469: tcs3701: start power rail timer, state:3
11-23 08:23:12.290  5238  5296 I BatteryMgr:DataCollectionService: stats => 1700724192290,10375,4450,13427,4169000,100
11-23 08:23:12.309  1011  1189 I ASH     : @ 71044.509: tcs3701: stop power rail pending_off timer
11-23 08:23:12.309  1011  1189 D ASH     : @ 71044.509: tcs3701: start power rail timer, state:3
11-23 08:23:12.349  1011  1189 I ASH     : @ 71044.549: tcs3701: stop power rail pending_off timer
11-23 08:23:12.349  1011  1189 D ASH     : @ 71044.549: tcs3701: start power rail timer, state:3
11-23 08:23:12.390  1011  1189 I ASH     : @ 71044.589: tcs3701: stop power rail pending_off timer
11-23 08:23:12.390  1011  1189 D ASH     : @ 71044.589: tcs3701: start power rail timer, state:3
11-23 08:23:12.397  5238  5296 I BatteryMgr:DataCollectionService: stats => 1700724192397,10375,4450,13427,4169000,100
11-23 08:23:12.429  1011  1189 I ASH     : @ 71044.629: tcs3701: stop power rail pending_off timer
11-23 08:23:12.429  1011  1189 D ASH     : @ 71044.629: tcs3701: start power rail timer, state:3
11-23 08:23:12.469  1011  1189 I ASH     : @ 71044.669: tcs3701: stop power rail pending_off timer
11-23 08:23:12.469  1011  1189 D ASH     : @ 71044.669: tcs3701: start power rail timer, state:3
11-23 08:23:12.502  5238  5296 I BatteryMgr:DataCollectionService: stats => 1700724192502,10375,4450,13427,4169000,100
11-23 08:23:12.509  1011  1189 I ASH     : @ 71044.709: tcs3701: stop power rail pending_off timer
11-23 08:23:12.509  1011  1189 D ASH     : @ 71044.709: tcs3701: start power rail timer, state:3
11-23 08:23:12.548  1795  3784 D ActivityManager: freezer override set to true
11-23 08:23:12.549  1011  1189 I ASH     : @ 71044.749: tcs3701: stop power rail pending_off timer
11-23 08:23:12.549  1011  1189 D ASH     : @ 71044.749: tcs3701: start power rail timer, state:3
11-23 08:23:12.553  1795  3784 D ActivityManager: freezer override set to false
11-23 08:23:12.589  1011  1189 I ASH     : @ 71044.789: tcs3701: stop power rail pending_off timer
11-23 08:23:12.589  1011  1189 D ASH     : @ 71044.789: tcs3701: start power rail timer, state:3
11-23 08:23:12.607  5238  5296 I BatteryMgr:DataCollectionService: stats => 1700724192607,10375,4450,13427,4169000,100
11-23 08:23:12.629  1011  1189 I ASH     : @ 71044.829: tcs3701: stop power rail pending_off timer
11-23 08:23:12.629  1011  1189 D ASH     : @ 71044.829: tcs3701: start power rail timer, state:3
11-23 08:23:12.669  1011  1189 I ASH     : @ 71044.869: tcs3701: stop power rail pending_off timer
11-23 08:23:12.669  1011  1189 D ASH     : @ 71044.869: tcs3701: start power rail timer, state:3
11-23 08:23:12.678  1795  3784 D ActivityManager: freezer override set to true
11-23 08:23:12.709  1011  1189 I ASH     : @ 71044.909: tcs3701: stop power rail pending_off timer
11-23 08:23:12.709  1011  1189 D ASH     : @ 71044.909: tcs3701: start power rail timer, state:3
11-23 08:23:12.713  5238  5296 I BatteryMgr:DataCollectionService: stats => 1700724192713,10375,4450,13427,4169000,100
11-23 08:23:12.749  1011  1189 I ASH     : @ 71044.949: tcs3701: stop power rail pending_off timer
11-23 08:23:12.749  1011  1189 D ASH     : @ 71044.949: tcs3701: start power rail timer, state:3
11-23 08:23:12.769  3041  3154 I m.chrome.canary: Explicit concurrent copying GC freed 3803(191KB) AllocSpace objects, 4(80KB) LOS objects, 75% free, 11MB/45MB, paused 36us,25us total 46.106ms
11-23 08:23:12.789  1011  1189 I ASH     : @ 71044.989: tcs3701: stop power rail pending_off timer
11-23 08:23:12.790  1011  1189 D ASH     : @ 71044.989: tcs3701: start power rail timer, state:3
11-23 08:23:12.791  1795  2424 D WifiClientModeImpl[13802:wlan0]: updateLinkLayerStatsRssiSpeedFrequencyCapabilities rssi=-44 TxLinkspeed=866 freq=5240 RxLinkSpeed=866
11-23 08:23:12.792  1795  2424 D WifiDataStall: tx tput in kbps: 755212
11-23 08:23:12.792  1795  2424 D WifiDataStall: rx tput in kbps: 794960
11-23 08:23:12.792  1795  2424 V WifiConfigManager: Updating scan detail cache freq=5240 BSSID=f4:6d:2f:12:cc:88 RSSI=-44 for "ourhome"WPA_PSK
11-23 08:23:12.792  2782  5906 D QCNEJ/WlanStaInfoRelay: Received action: android.net.wifi.RSSI_CHANGED
11-23 08:23:12.793  1795  2424 D WifiChannelUtilization:  freq: 5240 onTime: 1768961 busyTime: 151497 onTimeDiff: 1768666 busyTimeDiff: 151480 utilization: 21 utilization t0: 21
11-23 08:23:12.793  1795  2424 D WifiDataStall:  ccaLevel = 21
11-23 08:23:12.793  1795  2424 D WifiDataStall: L2 txTputKbps: 675716, rxTputKbps: 794960, L3 txTputKbps: 16, rxTputKbps: 22, TxTrafficHigh: true, RxTrafficHigh: true, Throughput Sufficient: true
11-23 08:23:12.793  3213  6173 V WifiManager: OnWifiUsabilityStatsListener: onWifiUsabilityStats: seqNum=23508
11-23 08:23:12.794  1795  2424 D WifiScoreReport: Wifi scoring disabled - Don't check IP layer
11-23 08:23:12.794  1795  2424 D WifiScoreCard: BSSID update SIGNAL_POLL ID: 1320464697 SSID: "ourhome", BSSID: f4:6d:2f:12:cc:88, MAC: b2:2f:ec:da:4a:0c, IP: /192.168.1.104, Security type: 2, Supplicant state: COMPLETED, Wi-Fi standard: 5, RSSI: -44, Link speed: 866Mbps, Tx Link speed: 866Mbps, Max Supported Tx Link speed: 866Mbps, Rx Link speed: 866Mbps, Max Supported Rx Link speed: 866Mbps, Frequency: 5240MHz, Net ID: 12, Metered hint: false, score: 60, isUsable: true, CarrierMerged: false, SubscriptionId: -1, IsPrimary: 1, Trusted: true, Restricted: false, Ephemeral: false, OEM paid: false, OEM private: false, OSU AP: false, FQDN: <none>, Provider friendly name: <none>, Requesting package name: <none>"ourhome"wpa2-pskMLO Information: , Is TID-To-Link negotiation supported by the AP: false, AP MLD Address: <none>, AP MLO Link Id: <none>, AP MLO Affiliated links: <none>
11-23 08:23:12.794  1795  2735 I WifiService: updateWifiUsabilityScore uid=10180 seqNum=23508 score=100 predictionHorizonSec=1441795
11-23 08:23:12.794  1795  2424 D WifiScoreCard: txRate: 6 txSpeed: 866
11-23 08:23:12.794  1795  2424 D WifiScoreCard: network update SIGNAL_POLL "ourhome" ID: 1499892569 RSSI -44 txSpeed 866
11-23 08:23:12.794  2513  2533 V WifiManager: TrafficStateCallbackProxy: onStateChanged state=3
11-23 08:23:12.795  1795  2424 D WifiClientModeImpl[13802:wlan0]:  ClientModeImpl$L2ConnectedState screen=on 5 0 "ourhome" f4:6d:2f:12:cc:88 rssi=-44 f=5240 sc=60 link=866 tx=4.3, 0.7, 0.0 rx=3.0 bcn=675138 [on:138 tx:3 rx:0 period:3015] from screen [on:669742 period:29598143] score=60
11-23 08:23:12.795  1795  2424 D WifiScoreReport: Wifi scoring disabled - Notify that Wifi is usable
11-23 08:23:12.797  1795  2432 D ConnectivityService: NetReassign [no changes] [c 0] [a 0] [i 2]
11-23 08:23:12.820  5238  5296 I BatteryMgr:DataCollectionService: stats => 1700724192820,10375,4450,13427,4169000,100
11-23 08:23:12.823  1795  3784 D ActivityManager: freezer override set to false
11-23 08:23:12.829  1011  1189 I ASH     : @ 71045.029: tcs3701: stop power rail pending_off timer
11-23 08:23:12.829  1011  1189 D ASH     : @ 71045.029: tcs3701: start power rail timer, state:3
11-23 08:23:12.865  1795  3784 D ActivityManager: freezer override set to true
11-23 08:23:12.867  1795  3784 D ActivityManager: freezer override set to false
11-23 08:23:12.869  1011  1189 I ASH     : @ 71045.069: tcs3701: stop power rail pending_off timer
11-23 08:23:12.869  1011  1189 D ASH     : @ 71045.069: tcs3701: start power rail timer, state:3
11-23 08:23:12.909  1011  1189 I ASH     : @ 71045.109: tcs3701: stop power rail pending_off timer
11-23 08:23:12.909  1011  1189 D ASH     : @ 71045.109: tcs3701: start power rail timer, state:3
11-23 08:23:12.926  5238  5296 I BatteryMgr:DataCollectionService: stats => 1700724192926,10375,4450,13427,4169000,100
11-23 08:23:12.949  1011  1189 I ASH     : @ 71045.149: tcs3701: stop power rail pending_off timer
11-23 08:23:12.949  1011  1189 D ASH     : @ 71045.149: tcs3701: start power rail timer, state:3
11-23 08:23:12.989  1011  1189 I ASH     : @ 71045.189: tcs3701: stop power rail pending_off timer
11-23 08:23:12.989  1011  1189 D ASH     : @ 71045.189: tcs3701: start power rail timer, state:3
11-23 08:23:13.029  1011  1189 I ASH     : @ 71045.229: tcs3701: stop power rail pending_off timer
11-23 08:23:13.029  1011  1189 D ASH     : @ 71045.229: tcs3701: start power rail timer, state:3
11-23 08:23:13.031  5238  5296 I BatteryMgr:DataCollectionService: stats => 1700724193031,10375,4450,13427,4169000,100
11-23 08:23:13.069  1011  1189 I ASH     : @ 71045.269: tcs3701: stop power rail pending_off timer
11-23 08:23:13.069  1011  1189 D ASH     : @ 71045.269: tcs3701: start power rail timer, state:3
11-23 08:23:13.109  1011  1189 I ASH     : @ 71045.309: tcs3701: stop power rail pending_off timer
11-23 08:23:13.109  1011  1189 D ASH     : @ 71045.309: tcs3701: start power rail timer, state:3
11-23 08:23:13.138  5238  5296 I BatteryMgr:DataCollectionService: stats => 1700724193137,10375,4450,13427,4169000,100
11-23 08:23:13.149  1011  1189 I ASH     : @ 71045.349: tcs3701: stop power rail pending_off timer
11-23 08:23:13.149  1011  1189 D ASH     : @ 71045.349: tcs3701: start power rail timer, state:3
11-23 08:23:13.189  1011  1189 I ASH     : @ 71045.389: tcs3701: stop power rail pending_off timer
11-23 08:23:13.189  1011  1189 D ASH     : @ 71045.389: tcs3701: start power rail timer, state:3
11-23 08:23:13.229  1011  1189 I ASH     : @ 71045.429: tcs3701: stop power rail pending_off timer
11-23 08:23:13.229  1011  1189 D ASH     : @ 71045.429: tcs3701: start power rail timer, state:3
11-23 08:23:13.242  5238  5296 I BatteryMgr:DataCollectionService: stats => 1700724193242,10375,4450,13427,4169000,100
11-23 08:23:13.269  1011  1189 I ASH     : @ 71045.469: tcs3701: stop power rail pending_off timer
11-23 08:23:13.269  1011  1189 D ASH     : @ 71045.469: tcs3701: start power rail timer, state:3
11-23 08:23:13.309  1011  1189 I ASH     : @ 71045.509: tcs3701: stop power rail pending_off timer
11-23 08:23:13.309  1011  1189 D ASH     : @ 71045.509: tcs3701: start power rail timer, state:3
11-23 08:23:13.347  5238  5296 I BatteryMgr:DataCollectionService: stats => 1700724193347,10375,4450,13427,4169000,100
11-23 08:23:13.349  1011  1189 I ASH     : @ 71045.549: tcs3701: stop power rail pending_off timer
11-23 08:23:13.349  1011  1189 D ASH     : @ 71045.549: tcs3701: start power rail timer, state:3
11-23 08:23:13.389  1011  1189 I ASH     : @ 71045.589: tcs3701: stop power rail pending_off timer
11-23 08:23:13.389  1011  1189 D ASH     : @ 71045.589: tcs3701: start power rail timer, state:3
11-23 08:23:13.429  1011  1189 I ASH     : @ 71045.629: tcs3701: stop power rail pending_off timer
11-23 08:23:13.429  1011  1189 D ASH     : @ 71045.629: tcs3701: start power rail timer, state:3
11-23 08:23:13.452  5238  5296 I BatteryMgr:DataCollectionService: stats => 1700724193452,10375,4450,13427,4169000,100
11-23 08:23:13.469  1011  1189 I ASH     : @ 71045.669: tcs3701: stop power rail pending_off timer
11-23 08:23:13.469  1011  1189 D ASH     : @ 71045.669: tcs3701: start power rail timer, state:3
11-23 08:23:13.509  1011  1189 I ASH     : @ 71045.709: tcs3701: stop power rail pending_off timer
11-23 08:23:13.509  1011  1189 D ASH     : @ 71045.709: tcs3701: start power rail timer, state:3
11-23 08:23:13.548  1795  3784 D ActivityManager: freezer override set to true
11-23 08:23:13.549  1011  1189 I ASH     : @ 71045.749: tcs3701: stop power rail pending_off timer
11-23 08:23:13.549  1011  1189 D ASH     : @ 71045.749: tcs3701: start power rail timer, state:3
11-23 08:23:13.553  1795  3784 D ActivityManager: freezer override set to false
11-23 08:23:13.557  5238  5296 I BatteryMgr:DataCollectionService: stats => 1700724193557,10375,4450,13427,4169000,100
11-23 08:23:13.589  1011  1189 I ASH     : @ 71045.789: tcs3701: stop power rail pending_off timer
11-23 08:23:13.589  1011  1189 D ASH     : @ 71045.789: tcs3701: start power rail timer, state:3
11-23 08:23:13.629  1011  1189 I ASH     : @ 71045.829: tcs3701: stop power rail pending_off timer
11-23 08:23:13.629  1011  1189 D ASH     : @ 71045.829: tcs3701: start power rail timer, state:3
11-23 08:23:13.663  5238  5296 I BatteryMgr:DataCollectionService: stats => 1700724193663,10375,4450,13427,4169000,100
11-23 08:23:13.670  1011  1189 I ASH     : @ 71045.869: tcs3701: stop power rail pending_off timer
11-23 08:23:13.670  1011  1189 D ASH     : @ 71045.869: tcs3701: start power rail timer, state:3
11-23 08:23:13.671  2113  2118 I pixel-thermal: skin-therm-monitor: 38.112
11-23 08:23:13.709  1011  1189 I ASH     : @ 71045.909: tcs3701: stop power rail pending_off timer
11-23 08:23:13.709  1011  1189 D ASH     : @ 71045.909: tcs3701: start power rail timer, state:3
11-23 08:23:13.749  1011  1189 I ASH     : @ 71045.949: tcs3701: stop power rail pending_off timer
11-23 08:23:13.749  1011  1189 D ASH     : @ 71045.949: tcs3701: start power rail timer, state:3
11-23 08:23:13.768  5238  5296 I BatteryMgr:DataCollectionService: stats => 1700724193768,10375,4450,13427,4169000,100
11-23 08:23:13.789  1011  1189 I ASH     : @ 71045.989: tcs3701: stop power rail pending_off timer
11-23 08:23:13.789  1011  1189 D ASH     : @ 71045.989: tcs3701: start power rail timer, state:3
11-23 08:23:13.829  1011  1189 I ASH     : @ 71046.029: tcs3701: stop power rail pending_off timer
11-23 08:23:13.829  1011  1189 D ASH     : @ 71046.029: tcs3701: start power rail timer, state:3
11-23 08:23:13.869  1011  1189 I ASH     : @ 71046.069: tcs3701: stop power rail pending_off timer
11-23 08:23:13.869  1011  1189 D ASH     : @ 71046.069: tcs3701: start power rail timer, state:3
11-23 08:23:13.873  5238  5296 I BatteryMgr:DataCollectionService: stats => 1700724193873,10375,4450,13427,4169000,100
11-23 08:23:13.909  1011  1189 I ASH     : @ 71046.109: tcs3701: stop power rail pending_off timer
11-23 08:23:13.909  1011  1189 D ASH     : @ 71046.109: tcs3701: start power rail timer, state:3
11-23 08:23:13.949  1011  1189 I ASH     : @ 71046.149: tcs3701: stop power rail pending_off timer
11-23 08:23:13.949  1011  1189 D ASH     : @ 71046.149: tcs3701: start power rail timer, state:3
11-23 08:23:13.977  5238  5296 I BatteryMgr:DataCollectionService: stats => 1700724193977,10375,4450,13427,4169000,100
11-23 08:23:13.989  1011  1189 I ASH     : @ 71046.189: tcs3701: stop power rail pending_off timer
11-23 08:23:13.989  1011  1189 D ASH     : @ 71046.189: tcs3701: start power rail timer, state:3
11-23 08:23:14.007  1795  3784 D ActivityManager: freezer override set to true
11-23 08:23:14.029  1011  1189 I ASH     : @ 71046.229: tcs3701: stop power rail pending_off timer
11-23 08:23:14.029  1011  1189 D ASH     : @ 71046.229: tcs3701: start power rail timer, state:3
11-23 08:23:14.069  1011  1189 I ASH     : @ 71046.269: tcs3701: stop power rail pending_off timer
11-23 08:23:14.069  1011  1189 D ASH     : @ 71046.269: tcs3701: start power rail timer, state:3
11-23 08:23:14.083  5238  5296 I BatteryMgr:DataCollectionService: stats => 1700724194082,10375,4450,13427,4169000,100
11-23 08:23:14.089  3041  3154 I m.chrome.canary: Explicit concurrent copying GC freed 3590(176KB) AllocSpace objects, 3(60KB) LOS objects, 75% free, 11MB/45MB, paused 32us,24us total 45.010ms
11-23 08:23:14.109  1011  1189 I ASH     : @ 71046.309: tcs3701: stop power rail pending_off timer
11-23 08:23:14.109  1011  1189 D ASH     : @ 71046.309: tcs3701: start power rail timer, state:3
11-23 08:23:14.149  1011  1189 I ASH     : @ 71046.349: tcs3701: stop power rail pending_off timer
11-23 08:23:14.149  1011  1189 D ASH     : @ 71046.349: tcs3701: start power rail timer, state:3
11-23 08:23:14.150  1795  3784 D ActivityManager: freezer override set to false
11-23 08:23:14.189  1011  1189 I ASH     : @ 71046.389: tcs3701: stop power rail pending_off timer
11-23 08:23:14.189  1011  1189 D ASH     : @ 71046.389: tcs3701: start power rail timer, state:3
11-23 08:23:14.189  5238  5296 I BatteryMgr:DataCollectionService: stats => 1700724194189,10375,4450,13427,4169000,100
11-23 08:23:14.189  1795  3784 D ActivityManager: freezer override set to true
11-23 08:23:14.191  1795  3784 D ActivityManager: freezer override set to false
11-23 08:23:14.209  3845  3845 E AbstractGmsTracer: Traced class shouldn't be obfuscated: GmsIntentOperationChimeraService [CONTEXT service_id=259 ]
11-23 08:23:14.214  3845  4232 E AbstractGmsTracer: Traced class shouldn't be obfuscated: InstantIndexingIntentOperation [CONTEXT service_id=259 ]
11-23 08:23:14.214  3845  4232 I GmscoreIpa: Starting mediastore instant index [CONTEXT service_id=255 ]
11-23 08:23:14.229  1011  1189 I ASH     : @ 71046.429: tcs3701: stop power rail pending_off timer
11-23 08:23:14.229  1011  1189 D ASH     : @ 71046.429: tcs3701: start power rail timer, state:3
11-23 08:23:14.269  1011  1189 I ASH     : @ 71046.469: tcs3701: stop power rail pending_off timer
11-23 08:23:14.269  1011  1189 D ASH     : @ 71046.469: tcs3701: start power rail timer, state:3
11-23 08:23:14.294  5238  5296 I BatteryMgr:DataCollectionService: stats => 1700724194294,10375,4450,13427,4169000,100
11-23 08:23:14.309  1011  1189 I ASH     : @ 71046.509: tcs3701: stop power rail pending_off timer
11-23 08:23:14.309  1011  1189 D ASH     : @ 71046.509: tcs3701: start power rail timer, state:3
11-23 08:23:14.349  1011  1189 I ASH     : @ 71046.549: tcs3701: stop power rail pending_off timer
11-23 08:23:14.349  1011  1189 D ASH     : @ 71046.549: tcs3701: start power rail timer, state:3
11-23 08:23:14.389  1011  1189 I ASH     : @ 71046.589: tcs3701: stop power rail pending_off timer
11-23 08:23:14.389  1011  1189 D ASH     : @ 71046.589: tcs3701: start power rail timer, state:3
11-23 08:23:14.400  5238  5296 I BatteryMgr:DataCollectionService: stats => 1700724194400,10375,4450,13427,4169000,100
11-23 08:23:14.429  1011  1189 I ASH     : @ 71046.629: tcs3701: stop power rail pending_off timer
11-23 08:23:14.429  1011  1189 D ASH     : @ 71046.629: tcs3701: start power rail timer, state:3
11-23 08:23:14.469  1011  1189 I ASH     : @ 71046.669: tcs3701: stop power rail pending_off timer
11-23 08:23:14.469  1011  1189 D ASH     : @ 71046.669: tcs3701: start power rail timer, state:3
11-23 08:23:14.505  5238  5296 I BatteryMgr:DataCollectionService: stats => 1700724194505,10375,4450,13427,4169000,100
11-23 08:23:14.509  1011  1189 I ASH     : @ 71046.709: tcs3701: stop power rail pending_off timer
11-23 08:23:14.509  1011  1189 D ASH     : @ 71046.709: tcs3701: start power rail timer, state:3
11-23 08:23:14.549  1011  1189 I ASH     : @ 71046.749: tcs3701: stop power rail pending_off timer
11-23 08:23:14.549  1011  1189 D ASH     : @ 71046.749: tcs3701: start power rail timer, state:3
11-23 08:23:14.562  1795  3784 D ActivityManager: freezer override set to true
11-23 08:23:14.566  1795  3784 D ActivityManager: freezer override set to false
11-23 08:23:14.589  1011  1189 I ASH     : @ 71046.789: tcs3701: stop power rail pending_off timer
11-23 08:23:14.589  1011  1189 D ASH     : @ 71046.789: tcs3701: start power rail timer, state:3
11-23 08:23:14.611  5238  5296 I BatteryMgr:DataCollectionService: stats => 1700724194610,10375,4450,13427,4169000,100
11-23 08:23:14.629  1011  1189 I ASH     : @ 71046.829: tcs3701: stop power rail pending_off timer
11-23 08:23:14.629  1011  1189 D ASH     : @ 71046.829: tcs3701: start power rail timer, state:3
11-23 08:23:14.669  1011  1189 I ASH     : @ 71046.869: tcs3701: stop power rail pending_off timer
11-23 08:23:14.669  1011  1189 D ASH     : @ 71046.869: tcs3701: start power rail timer, state:3
11-23 08:23:14.709  1011  1189 I ASH     : @ 71046.909: tcs3701: stop power rail pending_off timer
11-23 08:23:14.709  1011  1189 D ASH     : @ 71046.909: tcs3701: start power rail timer, state:3
11-23 08:23:14.715  5238  5296 I BatteryMgr:DataCollectionService: stats => 1700724194715,10375,4450,13427,4169000,100
11-23 08:23:14.749  1011  1189 I ASH     : @ 71046.949: tcs3701: stop power rail pending_off timer
11-23 08:23:14.749  1011  1189 D ASH     : @ 71046.949: tcs3701: start power rail timer, state:3
11-23 08:23:14.789  1011  1189 I ASH     : @ 71046.989: tcs3701: stop power rail pending_off timer
11-23 08:23:14.789  1011  1189 D ASH     : @ 71046.989: tcs3701: start power rail timer, state:3
11-23 08:23:14.821  5238  5296 I BatteryMgr:DataCollectionService: stats => 1700724194821,10375,4450,13427,4169000,100
11-23 08:23:14.829  1011  1189 I ASH     : @ 71047.029: tcs3701: stop power rail pending_off timer
11-23 08:23:14.829  1011  1189 D ASH     : @ 71047.029: tcs3701: start power rail timer, state:3
11-23 08:23:14.869  1011  1189 I ASH     : @ 71047.069: tcs3701: stop power rail pending_off timer
11-23 08:23:14.869  1011  1189 D ASH     : @ 71047.069: tcs3701: start power rail timer, state:3
11-23 08:23:14.909  1011  1189 I ASH     : @ 71047.109: tcs3701: stop power rail pending_off timer
11-23 08:23:14.909  1011  1189 D ASH     : @ 71047.109: tcs3701: start power rail timer, state:3
11-23 08:23:14.927  5238  5296 I BatteryMgr:DataCollectionService: stats => 1700724194927,10375,4450,13427,4169000,100
11-23 08:23:14.949  1011  1189 I ASH     : @ 71047.149: tcs3701: stop power rail pending_off timer
11-23 08:23:14.950  1011  1189 D ASH     : @ 71047.149: tcs3701: start power rail timer, state:3
11-23 08:23:14.989  1011  1189 I ASH     : @ 71047.189: tcs3701: stop power rail pending_off timer
11-23 08:23:14.989  1011  1189 D ASH     : @ 71047.189: tcs3701: start power rail timer, state:3
11-23 08:23:15.029  1011  1189 I ASH     : @ 71047.229: tcs3701: stop power rail pending_off timer
11-23 08:23:15.029  1011  1189 D ASH     : @ 71047.229: tcs3701: start power rail timer, state:3
11-23 08:23:15.033  5238  5296 I BatteryMgr:DataCollectionService: stats => 1700724195033,10375,4450,13427,4169000,100
11-23 08:23:15.069  1011  1189 I ASH     : @ 71047.269: tcs3701: stop power rail pending_off timer
11-23 08:23:15.069  1011  1189 D ASH     : @ 71047.269: tcs3701: start power rail timer, state:3
11-23 08:23:15.109  1011  1189 I ASH     : @ 71047.309: tcs3701: stop power rail pending_off timer
11-23 08:23:15.109  1011  1189 D ASH     : @ 71047.309: tcs3701: start power rail timer, state:3
11-23 08:23:15.138  5238  5296 I BatteryMgr:DataCollectionService: stats => 1700724195138,10375,4450,13427,4169000,100
11-23 08:23:15.149  1011  1189 I ASH     : @ 71047.349: tcs3701: stop power rail pending_off timer
11-23 08:23:15.149  1011  1189 D ASH     : @ 71047.349: tcs3701: start power rail timer, state:3
11-23 08:23:15.189  1011  1189 I ASH     : @ 71047.389: tcs3701: stop power rail pending_off timer
11-23 08:23:15.189  1011  1189 D ASH     : @ 71047.389: tcs3701: start power rail timer, state:3
11-23 08:23:15.229  1011  1189 I ASH     : @ 71047.429: tcs3701: stop power rail pending_off timer
11-23 08:23:15.229  1011  1189 D ASH     : @ 71047.429: tcs3701: start power rail timer, state:3
11-23 08:23:15.245  5238  5296 I BatteryMgr:DataCollectionService: stats => 1700724195244,10375,4450,13427,4169000,100
11-23 08:23:15.269  1011  1189 I ASH     : @ 71047.469: tcs3701: stop power rail pending_off timer
11-23 08:23:15.269  1011  1189 D ASH     : @ 71047.469: tcs3701: start power rail timer, state:3
11-23 08:23:15.309  1011  1189 I ASH     : @ 71047.509: tcs3701: stop power rail pending_off timer
11-23 08:23:15.309  1011  1189 D ASH     : @ 71047.510: tcs3701: start power rail timer, state:3
11-23 08:23:15.349  1011  1189 I ASH     : @ 71047.549: tcs3701: stop power rail pending_off timer
11-23 08:23:15.349  1011  1189 D ASH     : @ 71047.549: tcs3701: start power rail timer, state:3
11-23 08:23:15.350  5238  5296 I BatteryMgr:DataCollectionService: stats => 1700724195350,10375,4450,13427,4169000,100
11-23 08:23:15.355  1795  3784 D ActivityManager: freezer override set to true
11-23 08:23:15.389  1011  1189 I ASH     : @ 71047.589: tcs3701: stop power rail pending_off timer
11-23 08:23:15.389  1011  1189 D ASH     : @ 71047.589: tcs3701: start power rail timer, state:3
11-23 08:23:15.429  1011  1189 I ASH     : @ 71047.629: tcs3701: stop power rail pending_off timer
11-23 08:23:15.429  1011  1189 D ASH     : @ 71047.629: tcs3701: start power rail timer, state:3
11-23 08:23:15.456  5238  5296 I BatteryMgr:DataCollectionService: stats => 1700724195456,10375,4450,13427,4169000,100
11-23 08:23:15.469  1011  1189 I ASH     : @ 71047.669: tcs3701: stop power rail pending_off timer
11-23 08:23:15.469  1011  1189 D ASH     : @ 71047.669: tcs3701: start power rail timer, state:3
11-23 08:23:15.483  3041  3154 I m.chrome.canary: Explicit concurrent copying GC freed 3578(176KB) AllocSpace objects, 3(60KB) LOS objects, 75% free, 11MB/45MB, paused 37us,24us total 45.221ms
11-23 08:23:15.509  1011  1189 I ASH     : @ 71047.709: tcs3701: stop power rail pending_off timer
11-23 08:23:15.509  1011  1189 D ASH     : @ 71047.709: tcs3701: start power rail timer, state:3
11-23 08:23:15.538  1795  3784 D ActivityManager: freezer override set to false
11-23 08:23:15.549  1011  1189 I ASH     : @ 71047.749: tcs3701: stop power rail pending_off timer
11-23 08:23:15.550  1011  1189 D ASH     : @ 71047.749: tcs3701: start power rail timer, state:3
11-23 08:23:15.559  1795  2735 D ActivityManager: freezer override set to true
11-23 08:23:15.561  5238  5296 I BatteryMgr:DataCollectionService: stats => 1700724195561,10375,4450,13427,4169000,100
11-23 08:23:15.563  1795  2735 D ActivityManager: freezer override set to false
11-23 08:23:15.586  1795  2735 D ActivityManager: freezer override set to true
11-23 08:23:15.589  1011  1189 I ASH     : @ 71047.789: tcs3701: stop power rail pending_off timer
11-23 08:23:15.589  1011  1189 D ASH     : @ 71047.789: tcs3701: start power rail timer, state:3
11-23 08:23:15.589  1795  2735 D ActivityManager: freezer override set to false
11-23 08:23:15.629  1011  1189 I ASH     : @ 71047.829: tcs3701: stop power rail pending_off timer
11-23 08:23:15.629  1011  1189 D ASH     : @ 71047.829: tcs3701: start power rail timer, state:3
11-23 08:23:15.667  5238  5296 I BatteryMgr:DataCollectionService: stats => 1700724195666,10375,4450,13427,4169000,100
11-23 08:23:15.669  1011  1189 I ASH     : @ 71047.869: tcs3701: stop power rail pending_off timer
11-23 08:23:15.669  1011  1189 D ASH     : @ 71047.869: tcs3701: start power rail timer, state:3
11-23 08:23:15.675  2113  2118 I pixel-thermal: skin-therm-monitor: 38.132
11-23 08:23:15.709  1011  1189 I ASH     : @ 71047.909: tcs3701: stop power rail pending_off timer
11-23 08:23:15.709  1011  1189 D ASH     : @ 71047.909: tcs3701: start power rail timer, state:3
11-23 08:23:15.749  1011  1189 I ASH     : @ 71047.949: tcs3701: stop power rail pending_off timer
11-23 08:23:15.749  1011  1189 D ASH     : @ 71047.949: tcs3701: start power rail timer, state:3
11-23 08:23:15.771  5238  5296 I BatteryMgr:DataCollectionService: stats => 1700724195771,10375,4450,13427,4169000,100
11-23 08:23:15.789  1011  1189 I ASH     : @ 71047.989: tcs3701: stop power rail pending_off timer
11-23 08:23:15.789  1011  1189 D ASH     : @ 71047.989: tcs3701: start power rail timer, state:3
11-23 08:23:15.806  1795  2424 D WifiClientModeImpl[13802:wlan0]: updateLinkLayerStatsRssiSpeedFrequencyCapabilities rssi=-45 TxLinkspeed=866 freq=5240 RxLinkSpeed=866
11-23 08:23:15.808  1795  2424 D WifiDataStall: tx tput in kbps: 675716
11-23 08:23:15.808  1795  2424 D WifiDataStall: rx tput in kbps: 794960
11-23 08:23:15.808  1795  2424 V WifiConfigManager: Updating scan detail cache freq=5240 BSSID=f4:6d:2f:12:cc:88 RSSI=-44 for "ourhome"WPA_PSK
11-23 08:23:15.808  2782  5906 D QCNEJ/WlanStaInfoRelay: Received action: android.net.wifi.RSSI_CHANGED
11-23 08:23:15.809  1795  2424 D WifiChannelUtilization:  freq: 5240 onTime: 1769095 busyTime: 151516 onTimeDiff: 1768800 busyTimeDiff: 151499 utilization: 21 utilization t0: 21
11-23 08:23:15.809  1795  2424 D WifiDataStall:  ccaLevel = 21
11-23 08:23:15.809  1795  2424 D WifiDataStall: L2 txTputKbps: 794960, rxTputKbps: 794960, L3 txTputKbps: 115, rxTputKbps: 30, TxTrafficHigh: true, RxTrafficHigh: true, Throughput Sufficient: true
11-23 08:23:15.809  3213  6173 V WifiManager: OnWifiUsabilityStatsListener: onWifiUsabilityStats: seqNum=23509
11-23 08:23:15.809  1795  2424 D WifiScoreReport: Wifi scoring disabled - Don't check IP layer
11-23 08:23:15.809  1795  2424 D WifiScoreCard: BSSID update SIGNAL_POLL ID: 1320464697 SSID: "ourhome", BSSID: f4:6d:2f:12:cc:88, MAC: b2:2f:ec:da:4a:0c, IP: /192.168.1.104, Security type: 2, Supplicant state: COMPLETED, Wi-Fi standard: 5, RSSI: -45, Link speed: 866Mbps, Tx Link speed: 866Mbps, Max Supported Tx Link speed: 866Mbps, Rx Link speed: 866Mbps, Max Supported Rx Link speed: 866Mbps, Frequency: 5240MHz, Net ID: 12, Metered hint: false, score: 60, isUsable: true, CarrierMerged: false, SubscriptionId: -1, IsPrimary: 1, Trusted: true, Restricted: false, Ephemeral: false, OEM paid: false, OEM private: false, OSU AP: false, FQDN: <none>, Provider friendly name: <none>, Requesting package name: <none>"ourhome"wpa2-pskMLO Information: , Is TID-To-Link negotiation supported by the AP: false, AP MLD Address: <none>, AP MLO Link Id: <none>, AP MLO Affiliated links: <none>
11-23 08:23:15.809  1795  2424 D WifiScoreCard: txRate: 6 txSpeed: 866
11-23 08:23:15.809  1795  2424 D WifiScoreCard: network update SIGNAL_POLL "ourhome" ID: 1499892569 RSSI -45 txSpeed 866
11-23 08:23:15.809  1795  2735 I WifiService: updateWifiUsabilityScore uid=10180 seqNum=23509 score=100 predictionHorizonSec=1441795
11-23 08:23:15.809  1795  2424 D WifiClientModeImpl[13802:wlan0]:  ClientModeImpl$L2ConnectedState screen=on 5 0 "ourhome" f4:6d:2f:12:cc:88 rssi=-45 f=5240 sc=60 link=866 tx=5.3, 0.2, 0.0 rx=5.3 bcn=675167 [on:134 tx:2 rx:1 period:3014] from screen [on:669876 period:29601157] score=60
11-23 08:23:15.810  1795  2424 D WifiScoreReport: Wifi scoring disabled - Notify that Wifi is usable
11-23 08:23:15.813  1795  2432 D ConnectivityService: NetReassign [no changes] [c 0] [a 0] [i 2]
11-23 08:23:15.829  1011  1189 I ASH     : @ 71048.029: tcs3701: stop power rail pending_off timer
11-23 08:23:15.829  1011  1189 D ASH     : @ 71048.029: tcs3701: start power rail timer, state:3
11-23 08:23:15.869  1011  1189 I ASH     : @ 71048.069: tcs3701: stop power rail pending_off timer
11-23 08:23:15.869  1011  1189 D ASH     : @ 71048.069: tcs3701: start power rail timer, state:3
11-23 08:23:15.875  5238  5296 I BatteryMgr:DataCollectionService: stats => 1700724195875,10375,4450,13427,4169000,100
11-23 08:23:15.909  1011  1189 I ASH     : @ 71048.109: tcs3701: stop power rail pending_off timer
11-23 08:23:15.909  1011  1189 D ASH     : @ 71048.109: tcs3701: start power rail timer, state:3
11-23 08:23:15.949  1011  1189 I ASH     : @ 71048.149: tcs3701: stop power rail pending_off timer
11-23 08:23:15.949  1011  1189 D ASH     : @ 71048.149: tcs3701: start power rail timer, state:3
11-23 08:23:15.981  5238  5296 I BatteryMgr:DataCollectionService: stats => 1700724195980,10375,4450,13427,4169000,100
11-23 08:23:15.989  1011  1189 I ASH     : @ 71048.189: tcs3701: stop power rail pending_off timer
11-23 08:23:15.989  1011  1189 D ASH     : @ 71048.189: tcs3701: start power rail timer, state:3
11-23 08:23:16.029  1011  1189 I ASH     : @ 71048.229: tcs3701: stop power rail pending_off timer
11-23 08:23:16.029  1011  1189 D ASH     : @ 71048.229: tcs3701: start power rail timer, state:3
11-23 08:23:16.069  1011  1189 I ASH     : @ 71048.269: tcs3701: stop power rail pending_off timer
11-23 08:23:16.069  1011  1189 D ASH     : @ 71048.269: tcs3701: start power rail timer, state:3
11-23 08:23:16.087  5238  5296 I BatteryMgr:DataCollectionService: stats => 1700724196087,10375,4450,13427,4169000,100
11-23 08:23:16.109  1011  1189 I ASH     : @ 71048.309: tcs3701: stop power rail pending_off timer
11-23 08:23:16.109  1011  1189 D ASH     : @ 71048.309: tcs3701: start power rail timer, state:3
11-23 08:23:16.149  1011  1189 I ASH     : @ 71048.349: tcs3701: stop power rail pending_off timer
11-23 08:23:16.149  1011  1189 D ASH     : @ 71048.349: tcs3701: start power rail timer, state:3
11-23 08:23:16.189  1011  1189 I ASH     : @ 71048.389: tcs3701: stop power rail pending_off timer
11-23 08:23:16.189  1011  1189 D ASH     : @ 71048.389: tcs3701: start power rail timer, state:3
11-23 08:23:16.192  5238  5296 I BatteryMgr:DataCollectionService: stats => 1700724196192,10375,4450,13427,4169000,100
11-23 08:23:16.229  1011  1189 I ASH     : @ 71048.429: tcs3701: stop power rail pending_off timer
11-23 08:23:16.229  1011  1189 D ASH     : @ 71048.429: tcs3701: start power rail timer, state:3
11-23 08:23:16.269  1011  1189 I ASH     : @ 71048.469: tcs3701: stop power rail pending_off timer
11-23 08:23:16.269  1011  1189 D ASH     : @ 71048.469: tcs3701: start power rail timer, state:3
11-23 08:23:16.296  5238  5296 I BatteryMgr:DataCollectionService: stats => 1700724196296,10375,4450,13427,4169000,100
11-23 08:23:16.309  1011  1189 I ASH     : @ 71048.509: tcs3701: stop power rail pending_off timer
11-23 08:23:16.309  1011  1189 D ASH     : @ 71048.509: tcs3701: start power rail timer, state:3
11-23 08:23:16.349  1011  1189 I ASH     : @ 71048.549: tcs3701: stop power rail pending_off timer
11-23 08:23:16.349  1011  1189 D ASH     : @ 71048.549: tcs3701: start power rail timer, state:3
11-23 08:23:16.389  1011  1189 I ASH     : @ 71048.589: tcs3701: stop power rail pending_off timer
11-23 08:23:16.389  1011  1189 D ASH     : @ 71048.589: tcs3701: start power rail timer, state:3
11-23 08:23:16.401  5238  5296 I BatteryMgr:DataCollectionService: stats => 1700724196401,10375,4450,13427,4169000,100
11-23 08:23:16.429  1011  1189 I ASH     : @ 71048.629: tcs3701: stop power rail pending_off timer
11-23 08:23:16.429  1011  1189 D ASH     : @ 71048.629: tcs3701: start power rail timer, state:3
11-23 08:23:16.469  1011  1189 I ASH     : @ 71048.669: tcs3701: stop power rail pending_off timer
11-23 08:23:16.469  1011  1189 D ASH     : @ 71048.669: tcs3701: start power rail timer, state:3
11-23 08:23:16.506  5238  5296 I BatteryMgr:DataCollectionService: stats => 1700724196506,10375,4450,13427,4169000,100
11-23 08:23:16.509  1011  1189 I ASH     : @ 71048.709: tcs3701: stop power rail pending_off timer
11-23 08:23:16.509  1011  1189 D ASH     : @ 71048.709: tcs3701: start power rail timer, state:3
11-23 08:23:16.549  1011  1189 I ASH     : @ 71048.749: tcs3701: stop power rail pending_off timer
11-23 08:23:16.549  1011  1189 D ASH     : @ 71048.749: tcs3701: start power rail timer, state:3
11-23 08:23:16.555  1795  2735 D ActivityManager: freezer override set to true
11-23 08:23:16.559  1795  2735 D ActivityManager: freezer override set to false
11-23 08:23:16.589  1011  1189 I ASH     : @ 71048.789: tcs3701: stop power rail pending_off timer
11-23 08:23:16.589  1011  1189 D ASH     : @ 71048.789: tcs3701: start power rail timer, state:3
11-23 08:23:16.613  5238  5296 I BatteryMgr:DataCollectionService: stats => 1700724196613,10375,4450,13427,4169000,100
11-23 08:23:16.629  1011  1189 I ASH     : @ 71048.829: tcs3701: stop power rail pending_off timer
11-23 08:23:16.629  1011  1189 D ASH     : @ 71048.829: tcs3701: start power rail timer, state:3
11-23 08:23:16.669  1011  1189 I ASH     : @ 71048.869: tcs3701: stop power rail pending_off timer
11-23 08:23:16.669  1011  1189 D ASH     : @ 71048.869: tcs3701: start power rail timer, state:3
11-23 08:23:16.709  1011  1189 I ASH     : @ 71048.909: tcs3701: stop power rail pending_off timer
11-23 08:23:16.709  1011  1189 D ASH     : @ 71048.909: tcs3701: start power rail timer, state:3
11-23 08:23:16.718  5238  5296 I BatteryMgr:DataCollectionService: stats => 1700724196718,10375,4450,13427,4169000,100
11-23 08:23:16.740  1795  2735 D ActivityManager: freezer override set to true
11-23 08:23:16.749  1011  1189 I ASH     : @ 71048.949: tcs3701: stop power rail pending_off timer
11-23 08:23:16.749  1011  1189 D ASH     : @ 71048.949: tcs3701: start power rail timer, state:3
11-23 08:23:16.789  1011  1189 I ASH     : @ 71048.989: tcs3701: stop power rail pending_off timer
11-23 08:23:16.789  1011  1189 D ASH     : @ 71048.989: tcs3701: start power rail timer, state:3
11-23 08:23:16.823  5238  5296 I BatteryMgr:DataCollectionService: stats => 1700724196823,10375,4450,13427,4169000,100
11-23 08:23:16.829  1011  1189 I ASH     : @ 71049.029: tcs3701: stop power rail pending_off timer
11-23 08:23:16.829  1011  1189 D ASH     : @ 71049.029: tcs3701: start power rail timer, state:3
11-23 08:23:16.836  3041  3154 I m.chrome.canary: Explicit concurrent copying GC freed 3802(191KB) AllocSpace objects, 4(80KB) LOS objects, 75% free, 11MB/45MB, paused 98us,23us total 57.338ms
11-23 08:23:16.869  1011  1189 I ASH     : @ 71049.069: tcs3701: stop power rail pending_off timer
11-23 08:23:16.869  1011  1189 D ASH     : @ 71049.069: tcs3701: start power rail timer, state:3
11-23 08:23:16.896  1795  2735 D ActivityManager: freezer override set to false
11-23 08:23:16.910  1011  1189 I ASH     : @ 71049.109: tcs3701: stop power rail pending_off timer
11-23 08:23:16.910  1011  1189 D ASH     : @ 71049.109: tcs3701: start power rail timer, state:3
11-23 08:23:16.928  5238  5296 I BatteryMgr:DataCollectionService: stats => 1700724196928,10375,4450,13427,4169000,100
11-23 08:23:16.940  1795  2735 D ActivityManager: freezer override set to true
11-23 08:23:16.942  1795  2735 D ActivityManager: freezer override set to false
11-23 08:23:16.949  1011  1189 I ASH     : @ 71049.149: tcs3701: stop power rail pending_off timer
11-23 08:23:16.949  1011  1189 D ASH     : @ 71049.149: tcs3701: start power rail timer, state:3
11-23 08:23:16.989  1011  1189 I ASH     : @ 71049.189: tcs3701: stop power rail pending_off timer
11-23 08:23:16.989  1011  1189 D ASH     : @ 71049.189: tcs3701: start power rail timer, state:3
11-23 08:23:17.030  1011  1189 I ASH     : @ 71049.229: tcs3701: stop power rail pending_off timer
11-23 08:23:17.030  1011  1189 D ASH     : @ 71049.230: tcs3701: start power rail timer, state:3
11-23 08:23:17.034  5238  5296 I BatteryMgr:DataCollectionService: stats => 1700724197033,10375,4450,13427,4169000,100
