11-24 13:39:12.298  1011  1189 I ASH     : @ 176404.488: tcs3701: stop power rail pending_off timer
11-24 13:39:12.298  1011  1189 D ASH     : @ 176404.488: tcs3701: start power rail timer, state:3
11-24 13:39:12.314  1795  2424 D WifiClientModeImpl[13802:wlan0]: updateLinkLayerStatsRssiSpeedFrequencyCapabilities rssi=-44 TxLinkspeed=866 freq=5240 RxLinkSpeed=866
11-24 13:39:12.315  1795  2424 D WifiDataStall: tx tput in kbps: 751424
11-24 13:39:12.315  1795  2424 D WifiDataStall: rx tput in kbps: 774664
11-24 13:39:12.315  2782  5906 D QCNEJ/WlanStaInfoRelay: Received action: android.net.wifi.RSSI_CHANGED
11-24 13:39:12.316  1795  2424 V WifiConfigManager: Updating scan detail cache freq=5240 BSSID=f4:6d:2f:12:cc:88 RSSI=-43 for "ourhome"WPA_PSK
11-24 13:39:12.316  1795  2424 D WifiChannelUtilization:  freq: 5240 onTime: 5091349 busyTime: 500634 onTimeDiff: 1716557 busyTimeDiff: 184935 utilization: 27 utilization t0: 25
11-24 13:39:12.316  1795  2424 D WifiDataStall:  ccaLevel = 27
11-24 13:39:12.316  1795  2424 D WifiDataStall: L2 txTputKbps: 735930, rxTputKbps: 774664, L3 txTputKbps: 0, rxTputKbps: 0, TxTrafficHigh: false, RxTrafficHigh: false, Throughput Sufficient: true
11-24 13:39:12.316  2673  4313 V WifiManager: OnWifiUsabilityStatsListener: onWifiUsabilityStats: seqNum=51432
11-24 13:39:12.316  1795  2424 D WifiScoreReport: Wifi scoring disabled - Don't check IP layer
11-24 13:39:12.317  1795  2262 I WifiService: updateWifiUsabilityScore uid=10180 seqNum=51432 score=100 predictionHorizonSec=1441795
11-24 13:39:12.317  1795  2424 D WifiScoreCard: BSSID update SIGNAL_POLL ID: 1320464697 SSID: "ourhome", BSSID: f4:6d:2f:12:cc:88, MAC: b2:2f:ec:da:4a:0c, IP: /192.168.1.104, Security type: 2, Supplicant state: COMPLETED, Wi-Fi standard: 5, RSSI: -44, Link speed: 866Mbps, Tx Link speed: 866Mbps, Max Supported Tx Link speed: 866Mbps, Rx Link speed: 866Mbps, Max Supported Rx Link speed: 866Mbps, Frequency: 5240MHz, Net ID: 12, Metered hint: false, score: 60, isUsable: true, CarrierMerged: false, SubscriptionId: -1, IsPrimary: 1, Trusted: true, Restricted: false, Ephemeral: false, OEM paid: false, OEM private: false, OSU AP: false, FQDN: <none>, Provider friendly name: <none>, Requesting package name: <none>"ourhome"wpa2-pskMLO Information: , Is TID-To-Link negotiation supported by the AP: false, AP MLD Address: <none>, AP MLO Link Id: <none>, AP MLO Affiliated links: <none>
11-24 13:39:12.317  1795  2424 D WifiScoreCard: txRate: 11 txSpeed: 866
11-24 13:39:12.317  1795  2424 D WifiScoreCard: network update SIGNAL_POLL "ourhome" ID: 1499892569 RSSI -44 txSpeed 866
11-24 13:39:12.317  1795  2424 D WifiClientModeImpl[13802:wlan0]:  ClientModeImpl$L2ConnectedState screen=on 29 0 "ourhome" f4:6d:2f:12:cc:88 rssi=-44 f=5240 sc=60 link=866 tx=9.6, 0.3, 0.0 rx=5.8 bcn=1698325 [on:1 tx:0 rx:0 period:3016] from screen [on:481769 period:24794308] score=60
11-24 13:39:12.317  2513  8309 V WifiManager: TrafficStateCallbackProxy: onStateChanged state=0
11-24 13:39:12.318  1795  2424 D WifiScoreReport: Wifi scoring disabled - Notify that Wifi is usable
11-24 13:39:12.319  1795  2432 D ConnectivityService: NetReassign [no changes] [c 0] [a 0] [i 1]
11-24 13:39:12.338  1011  1189 I ASH     : @ 176404.528: tcs3701: stop power rail pending_off timer
11-24 13:39:12.338  1011  1189 D ASH     : @ 176404.528: tcs3701: start power rail timer, state:3
11-24 13:39:12.374 10476 10510 I BatteryMgr:DataCollectionService: stats => 1700829552374,9155,4453,11901,4169000,100
11-24 13:39:12.379  1011  1189 I ASH     : @ 176404.568: tcs3701: stop power rail pending_off timer
11-24 13:39:12.379  1011  1189 D ASH     : @ 176404.568: tcs3701: start power rail timer, state:3
11-24 13:39:12.418  1011  1189 I ASH     : @ 176404.608: tcs3701: stop power rail pending_off timer
11-24 13:39:12.418  1011  1189 D ASH     : @ 176404.608: tcs3701: start power rail timer, state:3
11-24 13:39:12.459  1011  1189 I ASH     : @ 176404.648: tcs3701: stop power rail pending_off timer
11-24 13:39:12.459  1011  1189 D ASH     : @ 176404.648: tcs3701: start power rail timer, state:3
11-24 13:39:12.484 10476 10510 I BatteryMgr:DataCollectionService: stats => 1700829552484,9155,4453,11901,4169000,100
11-24 13:39:12.498  1011  1189 I ASH     : @ 176404.688: tcs3701: stop power rail pending_off timer
11-24 13:39:12.498  1011  1189 D ASH     : @ 176404.688: tcs3701: start power rail timer, state:3
11-24 13:39:12.538  1011  1189 I ASH     : @ 176404.728: tcs3701: stop power rail pending_off timer
11-24 13:39:12.539  1011  1189 D ASH     : @ 176404.728: tcs3701: start power rail timer, state:3
11-24 13:39:12.579  1011  1189 I ASH     : @ 176404.768: tcs3701: stop power rail pending_off timer
11-24 13:39:12.579  1011  1189 D ASH     : @ 176404.768: tcs3701: start power rail timer, state:3
11-24 13:39:12.588 10476 10510 I BatteryMgr:DataCollectionService: stats => 1700829552587,9155,4453,11901,4169000,100
11-24 13:39:12.619  1011  1189 I ASH     : @ 176404.808: tcs3701: stop power rail pending_off timer
11-24 13:39:12.619  1011  1189 D ASH     : @ 176404.808: tcs3701: start power rail timer, state:3
11-24 13:39:12.658  1011  1189 I ASH     : @ 176404.848: tcs3701: stop power rail pending_off timer
11-24 13:39:12.658  1011  1189 D ASH     : @ 176404.848: tcs3701: start power rail timer, state:3
11-24 13:39:12.695 10476 10510 I BatteryMgr:DataCollectionService: stats => 1700829552695,9155,4453,11901,4169000,100
11-24 13:39:12.698  1011  1189 I ASH     : @ 176404.888: tcs3701: stop power rail pending_off timer
11-24 13:39:12.698  1011  1189 D ASH     : @ 176404.888: tcs3701: start power rail timer, state:3
11-24 13:39:12.717  1795  4166 D ActivityManager: freezer override set to true
11-24 13:39:12.738  1011  1189 I ASH     : @ 176404.928: tcs3701: stop power rail pending_off timer
11-24 13:39:12.738  1011  1189 D ASH     : @ 176404.928: tcs3701: start power rail timer, state:3
11-24 13:39:12.778  1011  1189 I ASH     : @ 176404.968: tcs3701: stop power rail pending_off timer
11-24 13:39:12.778  1011  1189 D ASH     : @ 176404.968: tcs3701: start power rail timer, state:3
11-24 13:39:12.799 10476 10510 I BatteryMgr:DataCollectionService: stats => 1700829552799,9155,4453,11901,4169000,100
11-24 13:39:12.819  1011  1189 I ASH     : @ 176405.008: tcs3701: stop power rail pending_off timer
11-24 13:39:12.819  1011  1189 D ASH     : @ 176405.008: tcs3701: start power rail timer, state:3
11-24 13:39:12.819 29275 29328 I m.chrome.canary: Explicit concurrent copying GC freed 3606(176KB) AllocSpace objects, 3(60KB) LOS objects, 75% free, 12MB/49MB, paused 958us,22us total 51.480ms
11-24 13:39:12.858  1011  1189 I ASH     : @ 176405.048: tcs3701: stop power rail pending_off timer
11-24 13:39:12.858  1011  1189 D ASH     : @ 176405.048: tcs3701: start power rail timer, state:3
11-24 13:39:12.868  1795  4166 D ActivityManager: freezer override set to false
11-24 13:39:12.898  1011  1189 I ASH     : @ 176405.088: tcs3701: stop power rail pending_off timer
11-24 13:39:12.898  1011  1189 D ASH     : @ 176405.088: tcs3701: start power rail timer, state:3
11-24 13:39:12.909 10476 10510 I BatteryMgr:DataCollectionService: stats => 1700829552909,9155,4453,11901,4169000,100
11-24 13:39:12.933  1795  4166 D ActivityManager: freezer override set to true
11-24 13:39:12.938  1795  4166 D ActivityManager: freezer override set to false
11-24 13:39:12.938  1011  1189 I ASH     : @ 176405.128: tcs3701: stop power rail pending_off timer
11-24 13:39:12.938  1011  1189 D ASH     : @ 176405.128: tcs3701: start power rail timer, state:3
11-24 13:39:12.940  1795  2150 I WifiService: getSupportedFeatures uid=1000 returns 1d81defca995fd
11-24 13:39:12.941  1795  2150 I WifiService: getWifiActivityEnergyInfoAsync uid=1000
11-24 13:39:12.944   996   996 D vendor.qti.bluetooth@1.0-uart_transport: SocRxDWakeup: Flow off->Change UART baudrate to 38.4kbs->send 0x00->Change UART baudrate to max->Flow on
11-24 13:39:12.944   996   996 I vendor.qti.bluetooth@1.0-uart_transport: ## userial_vendor_ioctl: UART Flow Off 
11-24 13:39:12.954  1795  4166 D TelephonyManager: requestModemActivityInfo: Sending result to app: ModemActivityInfo{ mTimestamp=176401768 mSleepTimeMs=167118381 mIdleTimeMs=8606282 mActivityStatsTechSpecificInfo=[{mRat=UNKNOWN,mFrequencyRange=UNKNOWN,mTxTimeMs[]=[0, 0, 0, 0, 0],mRxTimeMs=658966}]}
11-24 13:39:12.955   996   996 I vendor.qti.bluetooth@1.0-uart_transport: ## userial_vendor_set_baud: 17
11-24 13:39:12.966   996   996 I vendor.qti.bluetooth@1.0-uart_transport: SetBaudRate: in BOTHER
11-24 13:39:12.966   996   996 I vendor.qti.bluetooth@1.0-uart_transport: ## userial_vendor_ioctl: UART Flow On 
11-24 13:39:12.966   996  3425 I vendor.qti.bluetooth@1.0-ibs_handler: ProcessIbsCmd: Received IBS_WAKE_ACK: 0xFC
11-24 13:39:12.966   996  3425 I vendor.qti.bluetooth@1.0-ibs_handler: ProcessIbsCmd: Signal wack_cond_
11-24 13:39:12.967   996  3425 I vendor.qti.bluetooth@1.0-ibs_handler: ProcessIbsCmd: Received IBS_WAKE_ACK: 0xFC
11-24 13:39:12.967   996  3425 I vendor.qti.bluetooth@1.0-ibs_handler: ProcessIbsCmd: Signal wack_cond_
11-24 13:39:12.967   996   996 D vendor.qti.bluetooth@1.0-ibs_handler: DeviceWakeUp: Unblocked from waiting for FC
11-24 13:39:12.979  1011  1189 I ASH     : @ 176405.168: tcs3701: stop power rail pending_off timer
11-24 13:39:12.979  1011  1189 D ASH     : @ 176405.168: tcs3701: start power rail timer, state:3
11-24 13:39:13.002  1795  2150 D KernelCpuUidUserSysTimeReader: Removing uids 90000-90000
11-24 13:39:13.002  1795  2150 D KernelCpuUidUserSysTimeReader: Removing uids 90001-90001
11-24 13:39:13.016 10476 10510 I BatteryMgr:DataCollectionService: stats => 1700829553016,9155,4453,11901,4169000,100
11-24 13:39:13.018  1011  1189 I ASH     : @ 176405.208: tcs3701: stop power rail pending_off timer
11-24 13:39:13.018  1011  1189 D ASH     : @ 176405.208: tcs3701: start power rail timer, state:3
11-24 13:39:13.058  1011  1189 I ASH     : @ 176405.248: tcs3701: stop power rail pending_off timer
11-24 13:39:13.058  1011  1189 D ASH     : @ 176405.248: tcs3701: start power rail timer, state:3
11-24 13:39:13.098  1011  1189 I ASH     : @ 176405.288: tcs3701: stop power rail pending_off timer
11-24 13:39:13.099  1011  1189 D ASH     : @ 176405.288: tcs3701: start power rail timer, state:3
11-24 13:39:13.122 10476 10510 I BatteryMgr:DataCollectionService: stats => 1700829553122,9155,4453,11901,4169000,100
11-24 13:39:13.138  1011  1189 I ASH     : @ 176405.328: tcs3701: stop power rail pending_off timer
11-24 13:39:13.138  1011  1189 D ASH     : @ 176405.328: tcs3701: start power rail timer, state:3
11-24 13:39:13.179  1011  1189 I ASH     : @ 176405.368: tcs3701: stop power rail pending_off timer
11-24 13:39:13.179  1011  1189 D ASH     : @ 176405.368: tcs3701: start power rail timer, state:3
11-24 13:39:13.219  1011  1189 I ASH     : @ 176405.408: tcs3701: stop power rail pending_off timer
11-24 13:39:13.219  1011  1189 D ASH     : @ 176405.408: tcs3701: start power rail timer, state:3
11-24 13:39:13.227 10476 10510 I BatteryMgr:DataCollectionService: stats => 1700829553227,9155,4453,11901,4169000,100
11-24 13:39:13.258  1011  1189 I ASH     : @ 176405.448: tcs3701: stop power rail pending_off timer
11-24 13:39:13.258  1011  1189 D ASH     : @ 176405.448: tcs3701: start power rail timer, state:3
11-24 13:39:13.299  1011  1189 I ASH     : @ 176405.488: tcs3701: stop power rail pending_off timer
11-24 13:39:13.299  1011  1189 D ASH     : @ 176405.488: tcs3701: start power rail timer, state:3
11-24 13:39:13.334 10476 10510 I BatteryMgr:DataCollectionService: stats => 1700829553333,9155,4453,11901,4169000,100
11-24 13:39:13.340  1011  1189 I ASH     : @ 176405.528: tcs3701: stop power rail pending_off timer
11-24 13:39:13.340  1011  1189 D ASH     : @ 176405.528: tcs3701: start power rail timer, state:3
11-24 13:39:13.378  1011  1189 I ASH     : @ 176405.568: tcs3701: stop power rail pending_off timer
11-24 13:39:13.378  1011  1189 D ASH     : @ 176405.568: tcs3701: start power rail timer, state:3
11-24 13:39:13.418  1011  1189 I ASH     : @ 176405.608: tcs3701: stop power rail pending_off timer
11-24 13:39:13.418  1011  1189 D ASH     : @ 176405.608: tcs3701: start power rail timer, state:3
11-24 13:39:13.439 10476 10510 I BatteryMgr:DataCollectionService: stats => 1700829553439,9155,4453,11901,4169000,100
11-24 13:39:13.458  1011  1189 I ASH     : @ 176405.648: tcs3701: stop power rail pending_off timer
11-24 13:39:13.458  1011  1189 D ASH     : @ 176405.648: tcs3701: start power rail timer, state:3
11-24 13:39:13.499  1011  1189 I ASH     : @ 176405.688: tcs3701: stop power rail pending_off timer
11-24 13:39:13.499  1011  1189 D ASH     : @ 176405.688: tcs3701: start power rail timer, state:3
11-24 13:39:13.538  1011  1189 I ASH     : @ 176405.728: tcs3701: stop power rail pending_off timer
11-24 13:39:13.538  1011  1189 D ASH     : @ 176405.728: tcs3701: start power rail timer, state:3
11-24 13:39:13.545 10476 10510 I BatteryMgr:DataCollectionService: stats => 1700829553545,9155,4453,11901,4169000,100
11-24 13:39:13.578  1011  1189 I ASH     : @ 176405.768: tcs3701: stop power rail pending_off timer
11-24 13:39:13.579  1011  1189 D ASH     : @ 176405.768: tcs3701: start power rail timer, state:3
11-24 13:39:13.618  1011  1189 I ASH     : @ 176405.808: tcs3701: stop power rail pending_off timer
11-24 13:39:13.618  1011  1189 D ASH     : @ 176405.808: tcs3701: start power rail timer, state:3
11-24 13:39:13.653 10476 10510 I BatteryMgr:DataCollectionService: stats => 1700829553653,9155,4453,11901,4169000,100
11-24 13:39:13.658  1011  1189 I ASH     : @ 176405.848: tcs3701: stop power rail pending_off timer
11-24 13:39:13.658  1011  1189 D ASH     : @ 176405.848: tcs3701: start power rail timer, state:3
11-24 13:39:13.699  1011  1189 I ASH     : @ 176405.888: tcs3701: stop power rail pending_off timer
11-24 13:39:13.699  1011  1189 D ASH     : @ 176405.888: tcs3701: start power rail timer, state:3
11-24 13:39:13.738  1011  1189 I ASH     : @ 176405.928: tcs3701: stop power rail pending_off timer
11-24 13:39:13.738  1011  1189 D ASH     : @ 176405.928: tcs3701: start power rail timer, state:3
11-24 13:39:13.758 10476 10510 I BatteryMgr:DataCollectionService: stats => 1700829553758,9155,4453,11901,4169000,100
11-24 13:39:13.778  1011  1189 I ASH     : @ 176405.968: tcs3701: stop power rail pending_off timer
11-24 13:39:13.778  1011  1189 D ASH     : @ 176405.968: tcs3701: start power rail timer, state:3
11-24 13:39:13.818  1011  1189 I ASH     : @ 176406.008: tcs3701: stop power rail pending_off timer
11-24 13:39:13.818  1011  1189 D ASH     : @ 176406.008: tcs3701: start power rail timer, state:3
11-24 13:39:13.859  1011  1189 I ASH     : @ 176406.048: tcs3701: stop power rail pending_off timer
11-24 13:39:13.859  1011  1189 D ASH     : @ 176406.048: tcs3701: start power rail timer, state:3
11-24 13:39:13.863 10476 10510 I BatteryMgr:DataCollectionService: stats => 1700829553863,9155,4453,11901,4169000,100
11-24 13:39:13.899  1011  1189 I ASH     : @ 176406.088: tcs3701: stop power rail pending_off timer
11-24 13:39:13.899  1011  1189 D ASH     : @ 176406.088: tcs3701: start power rail timer, state:3
11-24 13:39:13.916  1795  2262 D ActivityManager: freezer override set to true
11-24 13:39:13.920  1795  2262 D ActivityManager: freezer override set to false
11-24 13:39:13.939  1011  1189 I ASH     : @ 176406.128: tcs3701: stop power rail pending_off timer
11-24 13:39:13.939  1011  1189 D ASH     : @ 176406.128: tcs3701: start power rail timer, state:3
11-24 13:39:13.971 10476 10510 I BatteryMgr:DataCollectionService: stats => 1700829553971,9155,4453,11901,4169000,100
11-24 13:39:13.972 29275 29337 W chromium: [WARNING:ev_root_ca_metadata.cc(119)] Not implemented
11-24 13:39:13.973 29275 29337 W chromium: [WARNING:ev_root_ca_metadata.cc(119)] Not implemented
11-24 13:39:13.979  1011  1189 I ASH     : @ 176406.168: tcs3701: stop power rail pending_off timer
11-24 13:39:13.979  1011  1189 D ASH     : @ 176406.168: tcs3701: start power rail timer, state:3
11-24 13:39:14.019  1011  1189 I ASH     : @ 176406.208: tcs3701: stop power rail pending_off timer
11-24 13:39:14.019  1011  1189 D ASH     : @ 176406.208: tcs3701: start power rail timer, state:3
11-24 13:39:14.058  1011  1189 I ASH     : @ 176406.248: tcs3701: stop power rail pending_off timer
11-24 13:39:14.058  1011  1189 D ASH     : @ 176406.248: tcs3701: start power rail timer, state:3
11-24 13:39:14.076  1795  4166 D ActivityManager: freezer override set to true
11-24 13:39:14.079 10476 10510 I BatteryMgr:DataCollectionService: stats => 1700829554079,9155,4453,11901,4169000,100
11-24 13:39:14.098  1011  1189 I ASH     : @ 176406.288: tcs3701: stop power rail pending_off timer
11-24 13:39:14.098  1011  1189 D ASH     : @ 176406.288: tcs3701: start power rail timer, state:3
11-24 13:39:14.138  1011  1189 I ASH     : @ 176406.328: tcs3701: stop power rail pending_off timer
11-24 13:39:14.138  1011  1189 D ASH     : @ 176406.328: tcs3701: start power rail timer, state:3
11-24 13:39:14.171 29275 29328 I m.chrome.canary: Explicit concurrent copying GC freed 3824(192KB) AllocSpace objects, 4(80KB) LOS objects, 75% free, 12MB/49MB, paused 40us,22us total 42.494ms
11-24 13:39:14.178  1011  1189 I ASH     : @ 176406.368: tcs3701: stop power rail pending_off timer
11-24 13:39:14.178  1011  1189 D ASH     : @ 176406.368: tcs3701: start power rail timer, state:3
11-24 13:39:14.185 10476 10510 I BatteryMgr:DataCollectionService: stats => 1700829554184,9155,4453,11901,4169000,100
11-24 13:39:14.218  1011  1189 I ASH     : @ 176406.408: tcs3701: stop power rail pending_off timer
11-24 13:39:14.218  1011  1189 D ASH     : @ 176406.408: tcs3701: start power rail timer, state:3
11-24 13:39:14.224  1795  4166 D ActivityManager: freezer override set to false
11-24 13:39:14.258  1011  1189 I ASH     : @ 176406.448: tcs3701: stop power rail pending_off timer
11-24 13:39:14.258  1011  1189 D ASH     : @ 176406.448: tcs3701: start power rail timer, state:3
11-24 13:39:14.266  1795  4166 D ActivityManager: freezer override set to true
11-24 13:39:14.269  1795  4166 D ActivityManager: freezer override set to false
11-24 13:39:14.291 10476 10510 I BatteryMgr:DataCollectionService: stats => 1700829554290,9155,4453,11901,4169000,100
11-24 13:39:14.299  1011  1189 I ASH     : @ 176406.488: tcs3701: stop power rail pending_off timer
11-24 13:39:14.299  1011  1189 D ASH     : @ 176406.488: tcs3701: start power rail timer, state:3
11-24 13:39:14.339  1011  1189 I ASH     : @ 176406.528: tcs3701: stop power rail pending_off timer
11-24 13:39:14.339  1011  1189 D ASH     : @ 176406.528: tcs3701: start power rail timer, state:3
11-24 13:39:14.378  1011  1189 I ASH     : @ 176406.568: tcs3701: stop power rail pending_off timer
11-24 13:39:14.378  1011  1189 D ASH     : @ 176406.568: tcs3701: start power rail timer, state:3
11-24 13:39:14.397 10476 10510 I BatteryMgr:DataCollectionService: stats => 1700829554397,9155,4453,11901,4169000,100
11-24 13:39:14.418  1011  1189 I ASH     : @ 176406.608: tcs3701: stop power rail pending_off timer
11-24 13:39:14.418  1011  1189 D ASH     : @ 176406.608: tcs3701: start power rail timer, state:3
11-24 13:39:14.459  1011  1189 I ASH     : @ 176406.648: tcs3701: stop power rail pending_off timer
11-24 13:39:14.459  1011  1189 D ASH     : @ 176406.648: tcs3701: start power rail timer, state:3
11-24 13:39:14.499  1011  1189 I ASH     : @ 176406.688: tcs3701: stop power rail pending_off timer
11-24 13:39:14.499  1011  1189 D ASH     : @ 176406.688: tcs3701: start power rail timer, state:3
11-24 13:39:14.504 10476 10510 I BatteryMgr:DataCollectionService: stats => 1700829554504,9155,4453,11901,4169000,100
11-24 13:39:14.538  1011  1189 I ASH     : @ 176406.728: tcs3701: stop power rail pending_off timer
11-24 13:39:14.538  1011  1189 D ASH     : @ 176406.728: tcs3701: start power rail timer, state:3
11-24 13:39:14.579  1011  1189 I ASH     : @ 176406.768: tcs3701: stop power rail pending_off timer
11-24 13:39:14.579  1011  1189 D ASH     : @ 176406.768: tcs3701: start power rail timer, state:3
11-24 13:39:14.610 10476 10510 I BatteryMgr:DataCollectionService: stats => 1700829554609,9155,4453,11901,4169000,100
11-24 13:39:14.618  1011  1189 I ASH     : @ 176406.808: tcs3701: stop power rail pending_off timer
11-24 13:39:14.618  1011  1189 D ASH     : @ 176406.808: tcs3701: start power rail timer, state:3
11-24 13:39:14.658  1011  1189 I ASH     : @ 176406.848: tcs3701: stop power rail pending_off timer
11-24 13:39:14.658  1011  1189 D ASH     : @ 176406.848: tcs3701: start power rail timer, state:3
11-24 13:39:14.698  1011  1189 I ASH     : @ 176406.888: tcs3701: stop power rail pending_off timer
11-24 13:39:14.698  1011  1189 D ASH     : @ 176406.888: tcs3701: start power rail timer, state:3
11-24 13:39:14.716 10476 10510 I BatteryMgr:DataCollectionService: stats => 1700829554716,9155,4453,11901,4169000,100
11-24 13:39:14.738  1011  1189 I ASH     : @ 176406.928: tcs3701: stop power rail pending_off timer
11-24 13:39:14.738  1011  1189 D ASH     : @ 176406.928: tcs3701: start power rail timer, state:3
11-24 13:39:14.778  1011  1189 I ASH     : @ 176406.968: tcs3701: stop power rail pending_off timer
11-24 13:39:14.778  1011  1189 D ASH     : @ 176406.968: tcs3701: start power rail timer, state:3
11-24 13:39:14.818  1011  1189 I ASH     : @ 176407.008: tcs3701: stop power rail pending_off timer
11-24 13:39:14.818  1011  1189 D ASH     : @ 176407.008: tcs3701: start power rail timer, state:3
11-24 13:39:14.823 10476 10510 I BatteryMgr:DataCollectionService: stats => 1700829554823,9155,4453,11901,4169000,100
11-24 13:39:14.858  1011  1189 I ASH     : @ 176407.048: tcs3701: stop power rail pending_off timer
11-24 13:39:14.858  1011  1189 D ASH     : @ 176407.048: tcs3701: start power rail timer, state:3
11-24 13:39:14.898  1011  1189 I ASH     : @ 176407.088: tcs3701: stop power rail pending_off timer
11-24 13:39:14.899  1011  1189 D ASH     : @ 176407.088: tcs3701: start power rail timer, state:3
11-24 13:39:14.916  1795  4166 D ActivityManager: freezer override set to true
11-24 13:39:14.920  1795  4166 D ActivityManager: freezer override set to false
11-24 13:39:14.931 10476 10510 I BatteryMgr:DataCollectionService: stats => 1700829554930,9155,4453,11901,4169000,100
11-24 13:39:14.938  1011  1189 I ASH     : @ 176407.128: tcs3701: stop power rail pending_off timer
11-24 13:39:14.938  1011  1189 D ASH     : @ 176407.128: tcs3701: start power rail timer, state:3
11-24 13:39:14.979  1011  1189 I ASH     : @ 176407.168: tcs3701: stop power rail pending_off timer
11-24 13:39:14.979  1011  1189 D ASH     : @ 176407.168: tcs3701: start power rail timer, state:3
11-24 13:39:15.018  1011  1189 I ASH     : @ 176407.208: tcs3701: stop power rail pending_off timer
11-24 13:39:15.018  1011  1189 D ASH     : @ 176407.208: tcs3701: start power rail timer, state:3
11-24 13:39:15.035 10476 10510 I BatteryMgr:DataCollectionService: stats => 1700829555035,9155,4453,11901,4169000,100
11-24 13:39:15.058  1011  1189 I ASH     : @ 176407.248: tcs3701: stop power rail pending_off timer
11-24 13:39:15.058  1011  1189 D ASH     : @ 176407.248: tcs3701: start power rail timer, state:3
11-24 13:39:15.098  1011  1189 I ASH     : @ 176407.288: tcs3701: stop power rail pending_off timer
11-24 13:39:15.098  1011  1189 D ASH     : @ 176407.288: tcs3701: start power rail timer, state:3
11-24 13:39:15.138  1011  1189 I ASH     : @ 176407.328: tcs3701: stop power rail pending_off timer
11-24 13:39:15.138  1011  1189 D ASH     : @ 176407.328: tcs3701: start power rail timer, state:3
11-24 13:39:15.142 10476 10510 I BatteryMgr:DataCollectionService: stats => 1700829555142,9155,4453,11901,4169000,100
11-24 13:39:15.178  1011  1189 I ASH     : @ 176407.368: tcs3701: stop power rail pending_off timer
11-24 13:39:15.178  1011  1189 D ASH     : @ 176407.368: tcs3701: start power rail timer, state:3
11-24 13:39:15.218  1011  1189 I ASH     : @ 176407.408: tcs3701: stop power rail pending_off timer
11-24 13:39:15.218  1011  1189 D ASH     : @ 176407.408: tcs3701: start power rail timer, state:3
11-24 13:39:15.248 10476 10510 I BatteryMgr:DataCollectionService: stats => 1700829555248,9155,4453,11901,4169000,100
11-24 13:39:15.258  1011  1189 I ASH     : @ 176407.448: tcs3701: stop power rail pending_off timer
11-24 13:39:15.258  1011  1189 D ASH     : @ 176407.448: tcs3701: start power rail timer, state:3
11-24 13:39:15.299  1011  1189 I ASH     : @ 176407.488: tcs3701: stop power rail pending_off timer
11-24 13:39:15.299  1011  1189 D ASH     : @ 176407.488: tcs3701: start power rail timer, state:3
11-24 13:39:15.330  1795  2424 D WifiClientModeImpl[13802:wlan0]: updateLinkLayerStatsRssiSpeedFrequencyCapabilities rssi=-44 TxLinkspeed=866 freq=5240 RxLinkSpeed=866
11-24 13:39:15.330  1795  2424 D WifiDataStall: tx tput in kbps: 735930
11-24 13:39:15.330  1795  2424 D WifiDataStall: rx tput in kbps: 774664
11-24 13:39:15.330  1795  2424 V WifiConfigManager: Updating scan detail cache freq=5240 BSSID=f4:6d:2f:12:cc:88 RSSI=-43 for "ourhome"WPA_PSK
11-24 13:39:15.331  1795  2424 D WifiChannelUtilization:  freq: 5240 onTime: 5091572 busyTime: 500651 onTimeDiff: 1716780 busyTimeDiff: 184952 utilization: 27 utilization t0: 25
11-24 13:39:15.331  1795  2424 D WifiDataStall:  ccaLevel = 27
11-24 13:39:15.331  1795  2424 D WifiDataStall: L2 txTputKbps: 728184, rxTputKbps: 774664, L3 txTputKbps: 25, rxTputKbps: 108, TxTrafficHigh: true, RxTrafficHigh: true, Throughput Sufficient: true
11-24 13:39:15.331  2673  4313 V WifiManager: OnWifiUsabilityStatsListener: onWifiUsabilityStats: seqNum=51433
11-24 13:39:15.331  1795  2424 D WifiScoreReport: Wifi scoring disabled - Don't check IP layer
11-24 13:39:15.331  1795  2424 D WifiScoreCard: BSSID update SIGNAL_POLL ID: 1320464697 SSID: "ourhome", BSSID: f4:6d:2f:12:cc:88, MAC: b2:2f:ec:da:4a:0c, IP: /192.168.1.104, Security type: 2, Supplicant state: COMPLETED, Wi-Fi standard: 5, RSSI: -44, Link speed: 866Mbps, Tx Link speed: 866Mbps, Max Supported Tx Link speed: 866Mbps, Rx Link speed: 866Mbps, Max Supported Rx Link speed: 866Mbps, Frequency: 5240MHz, Net ID: 12, Metered hint: false, score: 60, isUsable: true, CarrierMerged: false, SubscriptionId: -1, IsPrimary: 1, Trusted: true, Restricted: false, Ephemeral: false, OEM paid: false, OEM private: false, OSU AP: false, FQDN: <none>, Provider friendly name: <none>, Requesting package name: <none>"ourhome"wpa2-pskMLO Information: , Is TID-To-Link negotiation supported by the AP: false, AP MLD Address: <none>, AP MLO Link Id: <none>, AP MLO Affiliated links: <none>
11-24 13:39:15.331  1795  2424 D WifiScoreCard: txRate: 11 txSpeed: 866
11-24 13:39:15.331  1795  2424 D WifiScoreCard: network update SIGNAL_POLL "ourhome" ID: 1499892569 RSSI -44 txSpeed 866
11-24 13:39:15.331  1795  2424 D WifiClientModeImpl[13802:wlan0]:  ClientModeImpl$L2ConnectedState screen=on 29 0 "ourhome" f4:6d:2f:12:cc:88 rssi=-44 f=5240 sc=60 link=866 tx=10.1, 0.5, 0.0 rx=7.0 bcn=1698354 [on:223 tx:3 rx:1 period:3014] from screen [on:481992 period:24797322] score=60
11-24 13:39:15.331  2513  8309 V WifiManager: TrafficStateCallbackProxy: onStateChanged state=3
11-24 13:39:15.331  1795  4166 I WifiService: updateWifiUsabilityScore uid=10180 seqNum=51433 score=100 predictionHorizonSec=1441795
11-24 13:39:15.332  1795  2424 D WifiScoreReport: Wifi scoring disabled - Notify that Wifi is usable
11-24 13:39:15.335  1795  2432 D ConnectivityService: NetReassign [no changes] [c 0] [a 0] [i 2]
11-24 13:39:15.338  1011  1189 I ASH     : @ 176407.528: tcs3701: stop power rail pending_off timer
11-24 13:39:15.338  1011  1189 D ASH     : @ 176407.528: tcs3701: start power rail timer, state:3
11-24 13:39:15.355 10476 10510 I BatteryMgr:DataCollectionService: stats => 1700829555355,9155,4453,11901,4169000,100
11-24 13:39:15.378  1011  1189 I ASH     : @ 176407.568: tcs3701: stop power rail pending_off timer
11-24 13:39:15.378  1011  1189 D ASH     : @ 176407.568: tcs3701: start power rail timer, state:3
11-24 13:39:15.409  1795  4166 D ActivityManager: freezer override set to true
11-24 13:39:15.418  1011  1189 I ASH     : @ 176407.608: tcs3701: stop power rail pending_off timer
11-24 13:39:15.418  1011  1189 D ASH     : @ 176407.608: tcs3701: start power rail timer, state:3
11-24 13:39:15.458  1011  1189 I ASH     : @ 176407.648: tcs3701: stop power rail pending_off timer
11-24 13:39:15.458  1011  1189 D ASH     : @ 176407.648: tcs3701: start power rail timer, state:3
11-24 13:39:15.464 10476 10510 I BatteryMgr:DataCollectionService: stats => 1700829555464,9155,4453,11901,4169000,100
11-24 13:39:15.487 29275 29328 I m.chrome.canary: Explicit concurrent copying GC freed 3743(192KB) AllocSpace objects, 5(164KB) LOS objects, 75% free, 12MB/49MB, paused 31us,26us total 43.004ms
11-24 13:39:15.498  1011  1189 I ASH     : @ 176407.688: tcs3701: stop power rail pending_off timer
11-24 13:39:15.498  1011  1189 D ASH     : @ 176407.688: tcs3701: start power rail timer, state:3
11-24 13:39:15.538  1011  1189 I ASH     : @ 176407.728: tcs3701: stop power rail pending_off timer
11-24 13:39:15.538  1011  1189 D ASH     : @ 176407.728: tcs3701: start power rail timer, state:3
11-24 13:39:15.540  1795  4166 D ActivityManager: freezer override set to false
11-24 13:39:15.570 10476 10510 I BatteryMgr:DataCollectionService: stats => 1700829555570,9155,4453,11901,4169000,100
11-24 13:39:15.578  1011  1189 I ASH     : @ 176407.768: tcs3701: stop power rail pending_off timer
11-24 13:39:15.578  1011  1189 D ASH     : @ 176407.768: tcs3701: start power rail timer, state:3
11-24 13:39:15.588  1795  4166 D ActivityManager: freezer override set to true
11-24 13:39:15.591  1795  4166 D ActivityManager: freezer override set to false
11-24 13:39:15.618  1011  1189 I ASH     : @ 176407.808: tcs3701: stop power rail pending_off timer
11-24 13:39:15.618  1011  1189 D ASH     : @ 176407.808: tcs3701: start power rail timer, state:3
11-24 13:39:15.659  1011  1189 I ASH     : @ 176407.848: tcs3701: stop power rail pending_off timer
11-24 13:39:15.659  1011  1189 D ASH     : @ 176407.848: tcs3701: start power rail timer, state:3
11-24 13:39:15.675 10476 10510 I BatteryMgr:DataCollectionService: stats => 1700829555675,9155,4453,11901,4169000,100
11-24 13:39:15.698  1011  1189 I ASH     : @ 176407.888: tcs3701: stop power rail pending_off timer
11-24 13:39:15.698  1011  1189 D ASH     : @ 176407.888: tcs3701: start power rail timer, state:3
11-24 13:39:15.738  1011  1189 I ASH     : @ 176407.928: tcs3701: stop power rail pending_off timer
11-24 13:39:15.738  1011  1189 D ASH     : @ 176407.928: tcs3701: start power rail timer, state:3
11-24 13:39:15.779  1011  1189 I ASH     : @ 176407.968: tcs3701: stop power rail pending_off timer
11-24 13:39:15.779  1011  1189 D ASH     : @ 176407.968: tcs3701: start power rail timer, state:3
11-24 13:39:15.780 10476 10510 I BatteryMgr:DataCollectionService: stats => 1700829555780,9155,4453,11901,4169000,100
11-24 13:39:15.818  1011  1189 I ASH     : @ 176408.008: tcs3701: stop power rail pending_off timer
11-24 13:39:15.818  1011  1189 D ASH     : @ 176408.008: tcs3701: start power rail timer, state:3
11-24 13:39:15.859  1011  1189 I ASH     : @ 176408.048: tcs3701: stop power rail pending_off timer
11-24 13:39:15.859  1011  1189 D ASH     : @ 176408.048: tcs3701: start power rail timer, state:3
11-24 13:39:15.886 10476 10510 I BatteryMgr:DataCollectionService: stats => 1700829555886,9155,4453,11901,4169000,100
11-24 13:39:15.898  1011  1189 I ASH     : @ 176408.088: tcs3701: stop power rail pending_off timer
11-24 13:39:15.899  1011  1189 D ASH     : @ 176408.088: tcs3701: start power rail timer, state:3
11-24 13:39:15.916  1795  4166 D ActivityManager: freezer override set to true
11-24 13:39:15.919  1795  4166 D ActivityManager: freezer override set to false
11-24 13:39:15.938  1011  1189 I ASH     : @ 176408.128: tcs3701: stop power rail pending_off timer
11-24 13:39:15.938  1011  1189 D ASH     : @ 176408.128: tcs3701: start power rail timer, state:3
11-24 13:39:15.978  1011  1189 I ASH     : @ 176408.168: tcs3701: stop power rail pending_off timer
11-24 13:39:15.978  1011  1189 D ASH     : @ 176408.168: tcs3701: start power rail timer, state:3
11-24 13:39:15.993 10476 10510 I BatteryMgr:DataCollectionService: stats => 1700829555993,9155,4453,11901,4169000,100
11-24 13:39:16.018  1011  1189 I ASH     : @ 176408.208: tcs3701: stop power rail pending_off timer
11-24 13:39:16.018  1011  1189 D ASH     : @ 176408.208: tcs3701: start power rail timer, state:3
11-24 13:39:16.059  1011  1189 I ASH     : @ 176408.248: tcs3701: stop power rail pending_off timer
11-24 13:39:16.059  1011  1189 D ASH     : @ 176408.248: tcs3701: start power rail timer, state:3
11-24 13:39:16.098 10476 10510 I BatteryMgr:DataCollectionService: stats => 1700829556098,9155,4453,11901,4169000,100
11-24 13:39:16.098  1011  1189 I ASH     : @ 176408.288: tcs3701: stop power rail pending_off timer
11-24 13:39:16.098  1011  1189 D ASH     : @ 176408.288: tcs3701: start power rail timer, state:3
11-24 13:39:16.138  1011  1189 I ASH     : @ 176408.328: tcs3701: stop power rail pending_off timer
11-24 13:39:16.138  1011  1189 D ASH     : @ 176408.328: tcs3701: start power rail timer, state:3
11-24 13:39:16.178  1011  1189 I ASH     : @ 176408.368: tcs3701: stop power rail pending_off timer
11-24 13:39:16.178  1011  1189 D ASH     : @ 176408.368: tcs3701: start power rail timer, state:3
11-24 13:39:16.201 10476 10510 I BatteryMgr:DataCollectionService: stats => 1700829556201,9155,4453,11901,4169000,100
11-24 13:39:16.218  1011  1189 I ASH     : @ 176408.408: tcs3701: stop power rail pending_off timer
11-24 13:39:16.218  1011  1189 D ASH     : @ 176408.408: tcs3701: start power rail timer, state:3
11-24 13:39:16.259  1011  1189 I ASH     : @ 176408.448: tcs3701: stop power rail pending_off timer
11-24 13:39:16.259  1011  1189 D ASH     : @ 176408.448: tcs3701: start power rail timer, state:3
11-24 13:39:16.298  1011  1189 I ASH     : @ 176408.488: tcs3701: stop power rail pending_off timer
11-24 13:39:16.298  1011  1189 D ASH     : @ 176408.488: tcs3701: start power rail timer, state:3
11-24 13:39:16.308 10476 10510 I BatteryMgr:DataCollectionService: stats => 1700829556308,9155,4453,11901,4169000,100
11-24 13:39:16.338  1011  1189 I ASH     : @ 176408.528: tcs3701: stop power rail pending_off timer
11-24 13:39:16.338  1011  1189 D ASH     : @ 176408.528: tcs3701: start power rail timer, state:3
11-24 13:39:16.378  1011  1189 I ASH     : @ 176408.568: tcs3701: stop power rail pending_off timer
11-24 13:39:16.379  1011  1189 D ASH     : @ 176408.568: tcs3701: start power rail timer, state:3
11-24 13:39:16.413 10476 10510 I BatteryMgr:DataCollectionService: stats => 1700829556413,11901,4453,11901,4169000,100
11-24 13:39:16.419  1011  1189 I ASH     : @ 176408.608: tcs3701: stop power rail pending_off timer
11-24 13:39:16.419  1011  1189 D ASH     : @ 176408.608: tcs3701: start power rail timer, state:3
11-24 13:39:16.459  1011  1189 I ASH     : @ 176408.648: tcs3701: stop power rail pending_off timer
11-24 13:39:16.459  1011  1189 D ASH     : @ 176408.648: tcs3701: start power rail timer, state:3
11-24 13:39:16.499  1011  1189 I ASH     : @ 176408.688: tcs3701: stop power rail pending_off timer
11-24 13:39:16.499  1011  1189 D ASH     : @ 176408.688: tcs3701: start power rail timer, state:3
11-24 13:39:16.520 10476 10510 I BatteryMgr:DataCollectionService: stats => 1700829556520,11901,4453,11901,4169000,100
11-24 13:39:16.538  1011  1189 I ASH     : @ 176408.728: tcs3701: stop power rail pending_off timer
11-24 13:39:16.538  1011  1189 D ASH     : @ 176408.728: tcs3701: start power rail timer, state:3
11-24 13:39:16.578  1011  1189 I ASH     : @ 176408.768: tcs3701: stop power rail pending_off timer
11-24 13:39:16.578  1011  1189 D ASH     : @ 176408.768: tcs3701: start power rail timer, state:3
11-24 13:39:16.618  1011  1189 I ASH     : @ 176408.808: tcs3701: stop power rail pending_off timer
11-24 13:39:16.618  1011  1189 D ASH     : @ 176408.808: tcs3701: start power rail timer, state:3
11-24 13:39:16.625 10476 10510 I BatteryMgr:DataCollectionService: stats => 1700829556625,11901,4453,11901,4169000,100
11-24 13:39:16.659  1011  1189 I ASH     : @ 176408.848: tcs3701: stop power rail pending_off timer
11-24 13:39:16.659  1011  1189 D ASH     : @ 176408.848: tcs3701: start power rail timer, state:3
11-24 13:39:16.699  1011  1189 I ASH     : @ 176408.888: tcs3701: stop power rail pending_off timer
11-24 13:39:16.699  1011  1189 D ASH     : @ 176408.888: tcs3701: start power rail timer, state:3
11-24 13:39:16.733 10476 10510 I BatteryMgr:DataCollectionService: stats => 1700829556733,11901,4453,11901,4169000,100
11-24 13:39:16.736  1795  4166 D ActivityManager: freezer override set to true
11-24 13:39:16.739  1011  1189 I ASH     : @ 176408.928: tcs3701: stop power rail pending_off timer
11-24 13:39:16.739  1011  1189 D ASH     : @ 176408.928: tcs3701: start power rail timer, state:3
11-24 13:39:16.778  1011  1189 I ASH     : @ 176408.968: tcs3701: stop power rail pending_off timer
11-24 13:39:16.778  1011  1189 D ASH     : @ 176408.968: tcs3701: start power rail timer, state:3
11-24 13:39:16.818  1011  1189 I ASH     : @ 176409.008: tcs3701: stop power rail pending_off timer
11-24 13:39:16.818  1011  1189 D ASH     : @ 176409.008: tcs3701: start power rail timer, state:3
11-24 13:39:16.840 10476 10510 I BatteryMgr:DataCollectionService: stats => 1700829556840,11901,4453,11901,4169000,100
11-24 13:39:16.842 29275 29328 I m.chrome.canary: Explicit concurrent copying GC freed 3585(176KB) AllocSpace objects, 3(60KB) LOS objects, 75% free, 12MB/49MB, paused 71us,23us total 64.954ms
11-24 13:39:16.859  1011  1189 I ASH     : @ 176409.048: tcs3701: stop power rail pending_off timer
11-24 13:39:16.859  1011  1189 D ASH     : @ 176409.048: tcs3701: start power rail timer, state:3
11-24 13:39:16.894  1795  4166 D ActivityManager: freezer override set to false
11-24 13:39:16.898  1011  1189 I ASH     : @ 176409.088: tcs3701: stop power rail pending_off timer
11-24 13:39:16.898  1011  1189 D ASH     : @ 176409.088: tcs3701: start power rail timer, state:3
11-24 13:39:16.934  1795  4166 D ActivityManager: freezer override set to true
11-24 13:39:16.938  1795  2262 D ActivityManager: freezer override set to false
11-24 13:39:16.938  1011  1189 I ASH     : @ 176409.128: tcs3701: stop power rail pending_off timer
11-24 13:39:16.938  1011  1189 D ASH     : @ 176409.128: tcs3701: start power rail timer, state:3
11-24 13:39:16.947 10476 10510 I BatteryMgr:DataCollectionService: stats => 1700829556947,11901,4453,11901,4169000,100
11-24 13:39:16.978  1011  1189 I ASH     : @ 176409.168: tcs3701: stop power rail pending_off timer
11-24 13:39:16.978  1011  1189 D ASH     : @ 176409.168: tcs3701: start power rail timer, state:3
11-24 13:39:17.018  1011  1189 I ASH     : @ 176409.208: tcs3701: stop power rail pending_off timer
11-24 13:39:17.018  1011  1189 D ASH     : @ 176409.208: tcs3701: start power rail timer, state:3
11-24 13:39:17.054 10476 10510 I BatteryMgr:DataCollectionService: stats => 1700829557053,11901,4453,11901,4169000,100
11-24 13:39:17.058  1011  1189 I ASH     : @ 176409.248: tcs3701: stop power rail pending_off timer
11-24 13:39:17.059  1011  1189 D ASH     : @ 176409.248: tcs3701: start power rail timer, state:3
11-24 13:39:17.098  1011  1189 I ASH     : @ 176409.288: tcs3701: stop power rail pending_off timer
11-24 13:39:17.099  1011  1189 D ASH     : @ 176409.288: tcs3701: start power rail timer, state:3
11-24 13:39:17.139  1011  1189 I ASH     : @ 176409.328: tcs3701: stop power rail pending_off timer
11-24 13:39:17.139  1011  1189 D ASH     : @ 176409.328: tcs3701: start power rail timer, state:3
11-24 13:39:17.159 10476 10510 I BatteryMgr:DataCollectionService: stats => 1700829557159,11901,4453,11901,4169000,100
11-24 13:39:17.178  1011  1189 I ASH     : @ 176409.368: tcs3701: stop power rail pending_off timer
11-24 13:39:17.178  1011  1189 D ASH     : @ 176409.368: tcs3701: start power rail timer, state:3
11-24 13:39:17.218  1011  1189 I ASH     : @ 176409.408: tcs3701: stop power rail pending_off timer
11-24 13:39:17.218  1011  1189 D ASH     : @ 176409.408: tcs3701: start power rail timer, state:3
11-24 13:39:17.259  1011  1189 I ASH     : @ 176409.448: tcs3701: stop power rail pending_off timer
11-24 13:39:17.259  1011  1189 D ASH     : @ 176409.448: tcs3701: start power rail timer, state:3
11-24 13:39:17.266 10476 10510 I BatteryMgr:DataCollectionService: stats => 1700829557266,11901,4453,11901,4169000,100
11-24 13:39:17.298  1011  1189 I ASH     : @ 176409.488: tcs3701: stop power rail pending_off timer
11-24 13:39:17.298  1011  1189 D ASH     : @ 176409.488: tcs3701: start power rail timer, state:3
11-24 13:39:17.338  1011  1189 I ASH     : @ 176409.528: tcs3701: stop power rail pending_off timer
11-24 13:39:17.338  1011  1189 D ASH     : @ 176409.528: tcs3701: start power rail timer, state:3
11-24 13:39:17.372 10476 10510 I BatteryMgr:DataCollectionService: stats => 1700829557372,11901,4453,11901,4169000,100
11-24 13:39:17.378  1011  1189 I ASH     : @ 176409.568: tcs3701: stop power rail pending_off timer
11-24 13:39:17.378  1011  1189 D ASH     : @ 176409.568: tcs3701: start power rail timer, state:3
11-24 13:39:17.418  1011  1189 I ASH     : @ 176409.608: tcs3701: stop power rail pending_off timer
11-24 13:39:17.418  1011  1189 D ASH     : @ 176409.608: tcs3701: start power rail timer, state:3
11-24 13:39:17.459  1011  1189 I ASH     : @ 176409.648: tcs3701: stop power rail pending_off timer
11-24 13:39:17.459  1011  1189 D ASH     : @ 176409.648: tcs3701: start power rail timer, state:3
11-24 13:39:17.478 10476 10510 I BatteryMgr:DataCollectionService: stats => 1700829557478,11901,4453,11901,4169000,100
11-24 13:39:17.498  1011  1189 I ASH     : @ 176409.688: tcs3701: stop power rail pending_off timer
11-24 13:39:17.498  1011  1189 D ASH     : @ 176409.688: tcs3701: start power rail timer, state:3
11-24 13:39:17.538  1011  1189 I ASH     : @ 176409.728: tcs3701: stop power rail pending_off timer
11-24 13:39:17.538  1011  1189 D ASH     : @ 176409.728: tcs3701: start power rail timer, state:3
11-24 13:39:17.579  1011  1189 I ASH     : @ 176409.768: tcs3701: stop power rail pending_off timer
11-24 13:39:17.579  1011  1189 D ASH     : @ 176409.768: tcs3701: start power rail timer, state:3
11-24 13:39:17.583 10476 10510 I BatteryMgr:DataCollectionService: stats => 1700829557583,11901,4453,11901,4169000,100
11-24 13:39:17.618  1011  1189 I ASH     : @ 176409.808: tcs3701: stop power rail pending_off timer
11-24 13:39:17.618  1011  1189 D ASH     : @ 176409.808: tcs3701: start power rail timer, state:3
11-24 13:39:17.659  1011  1189 I ASH     : @ 176409.848: tcs3701: stop power rail pending_off timer
11-24 13:39:17.659  1011  1189 D ASH     : @ 176409.848: tcs3701: start power rail timer, state:3
11-24 13:39:17.689 10476 10510 I BatteryMgr:DataCollectionService: stats => 1700829557689,11901,4453,11901,4169000,100
11-24 13:39:17.698  1011  1189 I ASH     : @ 176409.888: tcs3701: stop power rail pending_off timer
11-24 13:39:17.698  1011  1189 D ASH     : @ 176409.888: tcs3701: start power rail timer, state:3
11-24 13:39:17.738  1011  1189 I ASH     : @ 176409.928: tcs3701: stop power rail pending_off timer
11-24 13:39:17.738  1011  1189 D ASH     : @ 176409.928: tcs3701: start power rail timer, state:3
11-24 13:39:17.778  1011  1189 I ASH     : @ 176409.968: tcs3701: stop power rail pending_off timer
11-24 13:39:17.778  1011  1189 D ASH     : @ 176409.968: tcs3701: start power rail timer, state:3
11-24 13:39:17.794 10476 10510 I BatteryMgr:DataCollectionService: stats => 1700829557794,11901,4453,11901,4169000,100
11-24 13:39:17.819  1011  1189 I ASH     : @ 176410.008: tcs3701: stop power rail pending_off timer
11-24 13:39:17.819  1011  1189 D ASH     : @ 176410.008: tcs3701: start power rail timer, state:3
11-24 13:39:17.859  1011  1189 I ASH     : @ 176410.048: tcs3701: stop power rail pending_off timer
11-24 13:39:17.859  1011  1189 D ASH     : @ 176410.048: tcs3701: start power rail timer, state:3
11-24 13:39:17.898  1011  1189 I ASH     : @ 176410.088: tcs3701: stop power rail pending_off timer
11-24 13:39:17.898  1011  1189 D ASH     : @ 176410.088: tcs3701: start power rail timer, state:3
11-24 13:39:17.899 10476 10510 I BatteryMgr:DataCollectionService: stats => 1700829557899,11901,4453,11901,4169000,100
11-24 13:39:17.921  1795  2262 D ActivityManager: freezer override set to true
11-24 13:39:17.925  1795  2262 D ActivityManager: freezer override set to false
11-24 13:39:17.938  1011  1189 I ASH     : @ 176410.128: tcs3701: stop power rail pending_off timer
11-24 13:39:17.938  1011  1189 D ASH     : @ 176410.128: tcs3701: start power rail timer, state:3
11-24 13:39:17.978  1011  1189 I ASH     : @ 176410.168: tcs3701: stop power rail pending_off timer
11-24 13:39:17.979  1011  1189 D ASH     : @ 176410.168: tcs3701: start power rail timer, state:3
11-24 13:39:18.006 10476 10510 I BatteryMgr:DataCollectionService: stats => 1700829558006,11901,4453,11901,4169000,100
11-24 13:39:18.018  1011  1189 I ASH     : @ 176410.208: tcs3701: stop power rail pending_off timer
11-24 13:39:18.018  1011  1189 D ASH     : @ 176410.208: tcs3701: start power rail timer, state:3
11-24 13:39:18.058  1011  1189 I ASH     : @ 176410.248: tcs3701: stop power rail pending_off timer
11-24 13:39:18.058  1011  1189 D ASH     : @ 176410.248: tcs3701: start power rail timer, state:3
11-24 13:39:18.070  1795  2262 D ActivityManager: freezer override set to true
11-24 13:39:18.098  1011  1189 I ASH     : @ 176410.288: tcs3701: stop power rail pending_off timer
11-24 13:39:18.098  1011  1189 D ASH     : @ 176410.288: tcs3701: start power rail timer, state:3
11-24 13:39:18.112 10476 10510 I BatteryMgr:DataCollectionService: stats => 1700829558112,11901,4453,11901,4169000,100
11-24 13:39:18.138  1011  1189 I ASH     : @ 176410.328: tcs3701: stop power rail pending_off timer
11-24 13:39:18.138  1011  1189 D ASH     : @ 176410.328: tcs3701: start power rail timer, state:3
11-24 13:39:18.178  1011  1189 I ASH     : @ 176410.368: tcs3701: stop power rail pending_off timer
11-24 13:39:18.178  1011  1189 D ASH     : @ 176410.368: tcs3701: start power rail timer, state:3
11-24 13:39:18.182 29275 29328 I m.chrome.canary: Explicit concurrent copying GC freed 3804(191KB) AllocSpace objects, 4(80KB) LOS objects, 75% free, 12MB/49MB, paused 90us,21us total 53.986ms
11-24 13:39:18.218  1011  1189 I ASH     : @ 176410.408: tcs3701: stop power rail pending_off timer
11-24 13:39:18.218  1011  1189 D ASH     : @ 176410.408: tcs3701: start power rail timer, state:3
11-24 13:39:18.220 10476 10510 I BatteryMgr:DataCollectionService: stats => 1700829558220,11901,4453,11901,4169000,100
11-24 13:39:18.235  1795  2262 D ActivityManager: freezer override set to false
11-24 13:39:18.259  1011  1189 I ASH     : @ 176410.448: tcs3701: stop power rail pending_off timer
11-24 13:39:18.259  1011  1189 D ASH     : @ 176410.448: tcs3701: start power rail timer, state:3
11-24 13:39:18.279  1795  2262 D ActivityManager: freezer override set to true
11-24 13:39:18.282  1795  2262 D ActivityManager: freezer override set to false
11-24 13:39:18.298  1011  1189 I ASH     : @ 176410.488: tcs3701: stop power rail pending_off timer
11-24 13:39:18.298  1011  1189 D ASH     : @ 176410.488: tcs3701: start power rail timer, state:3
11-24 13:39:18.325 10476 10510 I BatteryMgr:DataCollectionService: stats => 1700829558325,11901,4453,11901,4169000,100
11-24 13:39:18.338  1011  1189 I ASH     : @ 176410.528: tcs3701: stop power rail pending_off timer
11-24 13:39:18.338  1011  1189 D ASH     : @ 176410.528: tcs3701: start power rail timer, state:3
11-24 13:39:18.343  1795  2424 D WifiClientModeImpl[13802:wlan0]: updateLinkLayerStatsRssiSpeedFrequencyCapabilities rssi=-44 TxLinkspeed=866 freq=5240 RxLinkSpeed=866
11-24 13:39:18.344  1795  2424 D WifiDataStall: tx tput in kbps: 728184
11-24 13:39:18.344  1795  2424 D WifiDataStall: rx tput in kbps: 774664
11-24 13:39:18.344  1795  2424 V WifiConfigManager: Updating scan detail cache freq=5240 BSSID=f4:6d:2f:12:cc:88 RSSI=-43 for "ourhome"WPA_PSK
11-24 13:39:18.344  1795  2424 D WifiChannelUtilization:  freq: 5240 onTime: 5091627 busyTime: 500652 onTimeDiff: 1716835 busyTimeDiff: 184953 utilization: 27 utilization t0: 25
11-24 13:39:18.344  1795  2424 D WifiDataStall:  ccaLevel = 27
11-24 13:39:18.344  1795  2424 D WifiDataStall: L2 txTputKbps: 735930, rxTputKbps: 774664, L3 txTputKbps: 0, rxTputKbps: 0, TxTrafficHigh: false, RxTrafficHigh: false, Throughput Sufficient: true
11-24 13:39:18.344  1795  2424 D WifiScoreReport: Wifi scoring disabled - Don't check IP layer
11-24 13:39:18.344  2673  4313 V WifiManager: OnWifiUsabilityStatsListener: onWifiUsabilityStats: seqNum=51434
11-24 13:39:18.344  1795  2424 D WifiScoreCard: BSSID update SIGNAL_POLL ID: 1320464697 SSID: "ourhome", BSSID: f4:6d:2f:12:cc:88, MAC: b2:2f:ec:da:4a:0c, IP: /192.168.1.104, Security type: 2, Supplicant state: COMPLETED, Wi-Fi standard: 5, RSSI: -44, Link speed: 866Mbps, Tx Link speed: 866Mbps, Max Supported Tx Link speed: 866Mbps, Rx Link speed: 866Mbps, Max Supported Rx Link speed: 866Mbps, Frequency: 5240MHz, Net ID: 12, Metered hint: false, score: 60, isUsable: true, CarrierMerged: false, SubscriptionId: -1, IsPrimary: 1, Trusted: true, Restricted: false, Ephemeral: false, OEM paid: false, OEM private: false, OSU AP: false, FQDN: <none>, Provider friendly name: <none>, Requesting package name: <none>"ourhome"wpa2-pskMLO Information: , Is TID-To-Link negotiation supported by the AP: false, AP MLD Address: <none>, AP MLO Link Id: <none>, AP MLO Affiliated links: <none>
11-24 13:39:18.344  1795  2424 D WifiScoreCard: txRate: 5 txSpeed: 866
