11-24 13:41:38.419  1011  1189 I ASH     : @ 176550.608: tcs3701: stop power rail pending_off timer
11-24 13:41:38.419  1011  1189 D ASH     : @ 176550.608: tcs3701: start power rail timer, state:3
11-24 13:41:38.437 10476 10512 I BatteryMgr:DataCollectionService: stats => 1700829698437,10070,4453,11901,4169000,100
11-24 13:41:38.456  1795  4165 D ActivityManager: freezer override set to true
11-24 13:41:38.457 13730 13730 E AbstractGmsTracer: Traced class shouldn't be obfuscated: GmsBoundBrokerChimeraService [CONTEXT service_id=259 ]
11-24 13:41:38.457 13730 13730 D BoundBrokerSvc: onBind: Intent { act=com.google.android.gms.common.BIND_SHARED_PREFS pkg=com.google.android.gms }
11-24 13:41:38.458 13730 13730 D BoundBrokerSvc: Loading bound service for intent: Intent { act=com.google.android.gms.common.BIND_SHARED_PREFS pkg=com.google.android.gms }
11-24 13:41:38.458  1011  1189 I ASH     : @ 176550.648: tcs3701: stop power rail pending_off timer
11-24 13:41:38.458  1011  1189 D ASH     : @ 176550.648: tcs3701: start power rail timer, state:3
11-24 13:41:38.458 13730 13730 E AbstractGmsTracer: Traced class shouldn't be obfuscated: SharedPreferencesBoundService [CONTEXT service_id=259 ]
11-24 13:41:38.462 13730 13730 D BoundBrokerSvc: onUnbind: Intent { act=com.google.android.gms.common.BIND_SHARED_PREFS pkg=com.google.android.gms }
11-24 13:41:38.499  1011  1189 I ASH     : @ 176550.688: tcs3701: stop power rail pending_off timer
11-24 13:41:38.499  1011  1189 D ASH     : @ 176550.688: tcs3701: start power rail timer, state:3
11-24 13:41:38.539  1011  1189 I ASH     : @ 176550.728: tcs3701: stop power rail pending_off timer
11-24 13:41:38.539  1011  1189 D ASH     : @ 176550.728: tcs3701: start power rail timer, state:3
11-24 13:41:38.542 10476 10512 I BatteryMgr:DataCollectionService: stats => 1700829698542,10070,4453,11901,4169000,100
11-24 13:41:38.579  1011  1189 I ASH     : @ 176550.768: tcs3701: stop power rail pending_off timer
11-24 13:41:38.579  1011  1189 D ASH     : @ 176550.768: tcs3701: start power rail timer, state:3
11-24 13:41:38.610 32489 32646 I m.chrome.canary: Explicit concurrent copying GC freed 1139362(21MB) AllocSpace objects, 1(20KB) LOS objects, 75% free, 12MB/51MB, paused 34us,56us total 52.808ms
11-24 13:41:38.619  1011  1189 I ASH     : @ 176550.808: tcs3701: stop power rail pending_off timer
11-24 13:41:38.619  1011  1189 D ASH     : @ 176550.808: tcs3701: start power rail timer, state:3
11-24 13:41:38.647 10476 10512 I BatteryMgr:DataCollectionService: stats => 1700829698647,10070,4453,11901,4169000,100
11-24 13:41:38.658  1011  1189 I ASH     : @ 176550.848: tcs3701: stop power rail pending_off timer
11-24 13:41:38.658  1011  1189 D ASH     : @ 176550.848: tcs3701: start power rail timer, state:3
11-24 13:41:38.672  1795  4165 D ActivityManager: freezer override set to false
11-24 13:41:38.687 10642 10656 I native  : I0000 00:00:1700829698.687681   10656 device_profile_database_helpers.cc:563] Found nothing for mTS_ld
11-24 13:41:38.688 10642 10656 I native  : I0000 00:00:1700829698.688083   10656 device_profile_database_helpers.cc:563] Found nothing for redfin/redfin
11-24 13:41:38.688 10642 10656 I native  : I0000 00:00:1700829698.688189   10656 device_profile_database_helpers.cc:550] Considering b4SrL5:11
11-24 13:41:38.688 10642 10656 I native  : I0000 00:00:1700829698.688248   10656 device_profile_database_helpers.cc:509] Device profile for google/redfin/redfin:13/TQ3A.230901.001/10750268:user/release-keys: b4SrL5:11
11-24 13:41:38.698  1011  1189 I ASH     : @ 176550.888: tcs3701: stop power rail pending_off timer
11-24 13:41:38.698  1011  1189 D ASH     : @ 176550.888: tcs3701: start power rail timer, state:3
11-24 13:41:38.699  1011  1189 I VSC     : @ 176550.889: {Fusion} configure fusion 15 16666us 0us.
11-24 13:41:38.699  1011  1189 D VSC     : @ 176550.889: [Game Rotation Vector Sensor] Request accel, interval 16.6 ms, latency 0.0 ms
11-24 13:41:38.700  1011  1189 D VSC     : @ 176550.890: [Game Rotation Vector Sensor] Request gyro, interval 5.0 ms, latency 0.0 ms
11-24 13:41:38.719  1011  1189 D ASH     : @ 176550.909: SensorType 1 resampler quality 3
11-24 13:41:38.719  1011  1189 D ASH     : @ 176550.909: SensorType 1 resampler quality 2
11-24 13:41:38.720  1795  2262 D ActivityManager: freezer override set to true
11-24 13:41:38.728  1795  2262 D ActivityManager: freezer override set to false
11-24 13:41:38.739  1011  1189 I ASH     : @ 176550.928: tcs3701: stop power rail pending_off timer
11-24 13:41:38.739  1011  1189 D ASH     : @ 176550.928: tcs3701: start power rail timer, state:3
11-24 13:41:38.739  1011  1189 D ASH     : @ 176550.929: SensorType 195 resampler quality 1
11-24 13:41:38.752 10476 10512 I BatteryMgr:DataCollectionService: stats => 1700829698752,10070,4453,11901,4169000,100
11-24 13:41:38.778  1011  1189 I ASH     : @ 176550.968: tcs3701: stop power rail pending_off timer
11-24 13:41:38.778  1011  1189 D ASH     : @ 176550.968: tcs3701: start power rail timer, state:3
11-24 13:41:38.818  1011  1189 I ASH     : @ 176551.008: tcs3701: stop power rail pending_off timer
11-24 13:41:38.818  1011  1189 D ASH     : @ 176551.008: tcs3701: start power rail timer, state:3
11-24 13:41:38.843  1795  2262 D ActivityManager: freezer override set to true
11-24 13:41:38.846  1795  2262 D ActivityManager: freezer override set to false
11-24 13:41:38.858  1011  1189 I ASH     : @ 176551.048: tcs3701: stop power rail pending_off timer
11-24 13:41:38.858  1011  1189 D ASH     : @ 176551.048: tcs3701: start power rail timer, state:3
11-24 13:41:38.860 10476 10512 I BatteryMgr:DataCollectionService: stats => 1700829698859,10070,4453,11901,4169000,100
11-24 13:41:38.898  1011  1189 I ASH     : @ 176551.088: tcs3701: stop power rail pending_off timer
11-24 13:41:38.898  1011  1189 D ASH     : @ 176551.088: tcs3701: start power rail timer, state:3
11-24 13:41:38.938  1011  1189 I ASH     : @ 176551.128: tcs3701: stop power rail pending_off timer
11-24 13:41:38.938  1011  1189 D ASH     : @ 176551.128: tcs3701: start power rail timer, state:3
11-24 13:41:38.965 10476 10512 I BatteryMgr:DataCollectionService: stats => 1700829698965,10070,4453,11901,4169000,100
11-24 13:41:38.978  1011  1189 I ASH     : @ 176551.168: tcs3701: stop power rail pending_off timer
11-24 13:41:38.978  1011  1189 D ASH     : @ 176551.168: tcs3701: start power rail timer, state:3
11-24 13:41:39.018  1011  1189 I ASH     : @ 176551.208: tcs3701: stop power rail pending_off timer
11-24 13:41:39.018  1011  1189 D ASH     : @ 176551.208: tcs3701: start power rail timer, state:3
11-24 13:41:39.058  1011  1189 I ASH     : @ 176551.248: tcs3701: stop power rail pending_off timer
11-24 13:41:39.058  1011  1189 D ASH     : @ 176551.248: tcs3701: start power rail timer, state:3
11-24 13:41:39.071 10476 10512 I BatteryMgr:DataCollectionService: stats => 1700829699071,10070,4453,11901,4169000,100
11-24 13:41:39.099  1011  1189 I ASH     : @ 176551.288: tcs3701: stop power rail pending_off timer
11-24 13:41:39.099  1011  1189 D ASH     : @ 176551.288: tcs3701: start power rail timer, state:3
11-24 13:41:39.138  1011  1189 I ASH     : @ 176551.328: tcs3701: stop power rail pending_off timer
11-24 13:41:39.138  1011  1189 D ASH     : @ 176551.328: tcs3701: start power rail timer, state:3
11-24 13:41:39.145 32569 32602 I AdrenoVK-0: QUALCOMM build          : 4783c89, I46ff5fc46f
11-24 13:41:39.145 32569 32602 I AdrenoVK-0: Build Date              : 11/30/20
11-24 13:41:39.145 32569 32602 I AdrenoVK-0: Shader Compiler Version : EV031.31.04.01
11-24 13:41:39.145 32569 32602 I AdrenoVK-0: Local Branch            : QPR2
11-24 13:41:39.145 32569 32602 I AdrenoVK-0: Remote Branch           : 
11-24 13:41:39.145 32569 32602 I AdrenoVK-0: Remote Branch           : 
11-24 13:41:39.145 32569 32602 I AdrenoVK-0: Reconstruct Branch      : 
11-24 13:41:39.145 32569 32602 I AdrenoVK-0: Build Config            : S P 10.0.4 AArch64
11-24 13:41:39.146 32569 32602 I AdrenoVK-0: Driver Path             : /vendor/lib64/hw/vulkan.adreno.so
11-24 13:41:39.178  1011  1189 I ASH     : @ 176551.368: tcs3701: stop power rail pending_off timer
11-24 13:41:39.178  1011  1189 D ASH     : @ 176551.368: tcs3701: start power rail timer, state:3
11-24 13:41:39.182 10476 10512 I BatteryMgr:DataCollectionService: stats => 1700829699182,10070,4453,11901,4169000,100
11-24 13:41:39.218  1011  1189 I ASH     : @ 176551.408: tcs3701: stop power rail pending_off timer
11-24 13:41:39.218  1011  1189 D ASH     : @ 176551.408: tcs3701: start power rail timer, state:3
11-24 13:41:39.258  1011  1189 I ASH     : @ 176551.448: tcs3701: stop power rail pending_off timer
11-24 13:41:39.258  1011  1189 D ASH     : @ 176551.448: tcs3701: start power rail timer, state:3
11-24 13:41:39.287 10476 10512 I BatteryMgr:DataCollectionService: stats => 1700829699287,10070,4453,11901,4169000,100
11-24 13:41:39.298  1011  1189 I ASH     : @ 176551.488: tcs3701: stop power rail pending_off timer
11-24 13:41:39.298  1011  1189 D ASH     : @ 176551.488: tcs3701: start power rail timer, state:3
11-24 13:41:39.338  1011  1189 I ASH     : @ 176551.528: tcs3701: stop power rail pending_off timer
11-24 13:41:39.338  1011  1189 D ASH     : @ 176551.528: tcs3701: start power rail timer, state:3
11-24 13:41:39.352 32489 32550 W chromium: [WARNING:ev_root_ca_metadata.cc(119)] Not implemented
11-24 13:41:39.352 32489 32550 W chromium: [WARNING:ev_root_ca_metadata.cc(119)] Not implemented
11-24 13:41:39.355 32489 32550 W chromium: [WARNING:ev_root_ca_metadata.cc(119)] Not implemented
11-24 13:41:39.373 32489 32550 W chromium: [WARNING:ev_root_ca_metadata.cc(119)] Not implemented
11-24 13:41:39.379  1011  1189 I ASH     : @ 176551.568: tcs3701: stop power rail pending_off timer
11-24 13:41:39.379  1011  1189 D ASH     : @ 176551.568: tcs3701: start power rail timer, state:3
11-24 13:41:39.385 32489 32550 W chromium: [WARNING:ev_root_ca_metadata.cc(119)] Not implemented
11-24 13:41:39.385 32489 32550 W chromium: [WARNING:ev_root_ca_metadata.cc(119)] Not implemented
11-24 13:41:39.396 32489 32550 W chromium: [WARNING:ev_root_ca_metadata.cc(119)] Not implemented
11-24 13:41:39.401 32489 32550 W chromium: [WARNING:ev_root_ca_metadata.cc(119)] Not implemented
11-24 13:41:39.402 10476 10512 I BatteryMgr:DataCollectionService: stats => 1700829699401,10070,4453,11901,4169000,100
11-24 13:41:39.418  1011  1189 I ASH     : @ 176551.608: tcs3701: stop power rail pending_off timer
11-24 13:41:39.418  1011  1189 D ASH     : @ 176551.608: tcs3701: start power rail timer, state:3
11-24 13:41:39.429 32561 32629 I tflite  : Initialized TensorFlow Lite runtime.
11-24 13:41:39.430 32561 32629 W libc    : Access denied finding property "ro.mediatek.platform"
11-24 13:41:39.430 32561 32629 W libc    : Access denied finding property "ro.chipname"
11-24 13:41:39.430 32561 32629 W libc    : Access denied finding property "ro.hardware.chipname"
11-24 13:41:39.456 32489 32549 W chromium: [WARNING:ev_root_ca_metadata.cc(119)] Not implemented
11-24 13:41:39.458  1011  1189 I ASH     : @ 176551.648: tcs3701: stop power rail pending_off timer
11-24 13:41:39.458  1011  1189 D ASH     : @ 176551.648: tcs3701: start power rail timer, state:3
11-24 13:41:39.499  1011  1189 I ASH     : @ 176551.688: tcs3701: stop power rail pending_off timer
11-24 13:41:39.499  1011  1189 D ASH     : @ 176551.688: tcs3701: start power rail timer, state:3
11-24 13:41:39.509 10476 10512 I BatteryMgr:DataCollectionService: stats => 1700829699509,10070,4453,11901,4169000,100
11-24 13:41:39.538  1011  1189 I ASH     : @ 176551.728: tcs3701: stop power rail pending_off timer
11-24 13:41:39.538  1011  1189 D ASH     : @ 176551.728: tcs3701: start power rail timer, state:3
11-24 13:41:39.579  1011  1189 I ASH     : @ 176551.768: tcs3701: stop power rail pending_off timer
11-24 13:41:39.579  1011  1189 D ASH     : @ 176551.768: tcs3701: start power rail timer, state:3
11-24 13:41:39.615 10476 10512 I BatteryMgr:DataCollectionService: stats => 1700829699615,10070,4453,11901,4169000,100
11-24 13:41:39.618  1011  1189 I ASH     : @ 176551.808: tcs3701: stop power rail pending_off timer
11-24 13:41:39.619  1011  1189 D ASH     : @ 176551.808: tcs3701: start power rail timer, state:3
11-24 13:41:39.636 13502 13502 D BoundBrokerSvc: onUnbind: Intent { act=com.google.android.gms.phenotype.service.START dat=chimera-action:/... cmp=com.google.android.gms/.chimera.PersistentApiService }
11-24 13:41:39.658  1011  1189 I ASH     : @ 176551.848: tcs3701: stop power rail pending_off timer
11-24 13:41:39.658  1011  1189 D ASH     : @ 176551.848: tcs3701: start power rail timer, state:3
11-24 13:41:39.698  1011  1189 I ASH     : @ 176551.888: tcs3701: stop power rail pending_off timer
11-24 13:41:39.698  1011  1189 D ASH     : @ 176551.888: tcs3701: start power rail timer, state:3
11-24 13:41:39.722 10476 10512 I BatteryMgr:DataCollectionService: stats => 1700829699722,10070,4453,11901,4169000,100
11-24 13:41:39.738  1011  1189 I ASH     : @ 176551.928: tcs3701: stop power rail pending_off timer
11-24 13:41:39.738  1011  1189 D ASH     : @ 176551.928: tcs3701: start power rail timer, state:3
11-24 13:41:39.779  1011  1189 I ASH     : @ 176551.968: tcs3701: stop power rail pending_off timer
11-24 13:41:39.779  1011  1189 D ASH     : @ 176551.968: tcs3701: start power rail timer, state:3
11-24 13:41:39.819  1011  1189 I ASH     : @ 176552.008: tcs3701: stop power rail pending_off timer
11-24 13:41:39.819  1011  1189 D ASH     : @ 176552.008: tcs3701: start power rail timer, state:3
11-24 13:41:39.832 10476 10512 I BatteryMgr:DataCollectionService: stats => 1700829699831,10070,4453,11901,4169000,100
11-24 13:41:39.858  1011  1189 I ASH     : @ 176552.048: tcs3701: stop power rail pending_off timer
11-24 13:41:39.858  1011  1189 D ASH     : @ 176552.048: tcs3701: start power rail timer, state:3
11-24 13:41:39.859  1795  4165 D ActivityManager: freezer override set to true
11-24 13:41:39.861  1795  4165 D ActivityManager: freezer override set to false
11-24 13:41:39.898  1011  1189 I ASH     : @ 176552.088: tcs3701: stop power rail pending_off timer
11-24 13:41:39.898  1011  1189 D ASH     : @ 176552.088: tcs3701: start power rail timer, state:3
11-24 13:41:39.912  1795  4165 D ActivityManager: freezer override set to true
11-24 13:41:39.938  1011  1189 I ASH     : @ 176552.128: tcs3701: stop power rail pending_off timer
11-24 13:41:39.938  1011  1189 D ASH     : @ 176552.128: tcs3701: start power rail timer, state:3
11-24 13:41:39.942 10476 10512 I BatteryMgr:DataCollectionService: stats => 1700829699942,10070,4453,11901,4169000,100
11-24 13:41:39.978  1011  1189 I ASH     : @ 176552.168: tcs3701: stop power rail pending_off timer
11-24 13:41:39.978  1011  1189 D ASH     : @ 176552.168: tcs3701: start power rail timer, state:3
11-24 13:41:40.018  1011  1189 I ASH     : @ 176552.208: tcs3701: stop power rail pending_off timer
11-24 13:41:40.018  1011  1189 D ASH     : @ 176552.208: tcs3701: start power rail timer, state:3
11-24 13:41:40.023 32489 32646 I m.chrome.canary: Explicit concurrent copying GC freed 1849396(35MB) AllocSpace objects, 15(596KB) LOS objects, 75% free, 12MB/50MB, paused 76us,25us total 69.269ms
11-24 13:41:40.049 10476 10512 I BatteryMgr:DataCollectionService: stats => 1700829700049,10070,4453,11901,4169000,100
11-24 13:41:40.059  1011  1189 I ASH     : @ 176552.248: tcs3701: stop power rail pending_off timer
11-24 13:41:40.059  1011  1189 D ASH     : @ 176552.248: tcs3701: start power rail timer, state:3
11-24 13:41:40.077  1795  4165 D ActivityManager: freezer override set to false
11-24 13:41:40.080  1795  2424 D WifiClientModeImpl[13802:wlan0]: updateLinkLayerStatsRssiSpeedFrequencyCapabilities rssi=-44 TxLinkspeed=780 freq=5240 RxLinkSpeed=866
11-24 13:41:40.081  1795  2424 D WifiDataStall: tx tput in kbps: 689451
11-24 13:41:40.081  1795  2424 D WifiDataStall: rx tput in kbps: 774664
11-24 13:41:40.081  1795  2424 V WifiConfigManager: Updating scan detail cache freq=5240 BSSID=f4:6d:2f:12:cc:88 RSSI=-43 for "ourhome"WPA_PSK
11-24 13:41:40.082  2782  5906 D QCNEJ/WlanStaInfoRelay: Received action: android.net.wifi.RSSI_CHANGED
11-24 13:41:40.082  1795  2424 D WifiChannelUtilization:  freq: 5240 onTime: 5097255 busyTime: 500858 onTimeDiff: 1722463 busyTimeDiff: 185159 utilization: 27 utilization t0: 25
11-24 13:41:40.082  1795  2424 D WifiDataStall:  ccaLevel = 27
11-24 13:41:40.082  1795  2424 D WifiDataStall: L2 txTputKbps: 648892, rxTputKbps: 774664, L3 txTputKbps: 71, rxTputKbps: 201, TxTrafficHigh: true, RxTrafficHigh: true, Throughput Sufficient: true
11-24 13:41:40.082  2673  4313 V WifiManager: OnWifiUsabilityStatsListener: onWifiUsabilityStats: seqNum=51481
11-24 13:41:40.082  1795  2424 D WifiScoreReport: Wifi scoring disabled - Don't check IP layer
11-24 13:41:40.082  1795  2262 I WifiService: updateWifiUsabilityScore uid=10180 seqNum=51481 score=100 predictionHorizonSec=1441795
11-24 13:41:40.083  1795  2424 D WifiScoreCard: BSSID update SIGNAL_POLL ID: 1320464697 SSID: "ourhome", BSSID: f4:6d:2f:12:cc:88, MAC: b2:2f:ec:da:4a:0c, IP: /192.168.1.104, Security type: 2, Supplicant state: COMPLETED, Wi-Fi standard: 5, RSSI: -44, Link speed: 780Mbps, Tx Link speed: 780Mbps, Max Supported Tx Link speed: 866Mbps, Rx Link speed: 866Mbps, Max Supported Rx Link speed: 866Mbps, Frequency: 5240MHz, Net ID: 12, Metered hint: false, score: 60, isUsable: true, CarrierMerged: false, SubscriptionId: -1, IsPrimary: 1, Trusted: true, Restricted: false, Ephemeral: false, OEM paid: false, OEM private: false, OSU AP: false, FQDN: <none>, Provider friendly name: <none>, Requesting package name: <none>"ourhome"wpa2-pskMLO Information: , Is TID-To-Link negotiation supported by the AP: false, AP MLD Address: <none>, AP MLO Link Id: <none>, AP MLO Affiliated links: <none>
11-24 13:41:40.083  1795  2424 D WifiScoreCard: txRate: 29 txSpeed: 780
11-24 13:41:40.083  1795  2424 D WifiScoreCard: network update SIGNAL_POLL "ourhome" ID: 1499892569 RSSI -44 txSpeed 780
11-24 13:41:40.084  1795  2424 D WifiClientModeImpl[13802:wlan0]:  ClientModeImpl$L2ConnectedState screen=on 29 0 "ourhome" f4:6d:2f:12:cc:88 rssi=-44 f=5240 sc=60 link=780 tx=26.4, 2.3, 0.0 rx=15.1 bcn=1699765 [on:971 tx:16 rx:5 period:3023] from screen [on:487675 period:24942075] score=60
11-24 13:41:40.084  1795  2424 D WifiScoreReport: Wifi scoring disabled - Notify that Wifi is usable
11-24 13:41:40.087  1795  2432 D ConnectivityService: NetReassign [no changes] [c 0] [a 1] [i 2]
11-24 13:41:40.098  1011  1189 I ASH     : @ 176552.288: tcs3701: stop power rail pending_off timer
11-24 13:41:40.098  1011  1189 D ASH     : @ 176552.288: tcs3701: start power rail timer, state:3
11-24 13:41:40.134  1795  2262 D ActivityManager: freezer override set to true
11-24 13:41:40.137  1795  2262 D ActivityManager: freezer override set to false
11-24 13:41:40.139  1011  1189 I ASH     : @ 176552.328: tcs3701: stop power rail pending_off timer
11-24 13:41:40.139  1011  1189 D ASH     : @ 176552.328: tcs3701: start power rail timer, state:3
11-24 13:41:40.155 10476 10512 I BatteryMgr:DataCollectionService: stats => 1700829700155,10070,4453,11901,4169000,100
11-24 13:41:40.179  1011  1189 I ASH     : @ 176552.368: tcs3701: stop power rail pending_off timer
11-24 13:41:40.180  1011  1189 D ASH     : @ 176552.368: tcs3701: start power rail timer, state:3
11-24 13:41:40.218  1011  1189 I ASH     : @ 176552.408: tcs3701: stop power rail pending_off timer
11-24 13:41:40.218  1011  1189 D ASH     : @ 176552.408: tcs3701: start power rail timer, state:3
11-24 13:41:40.258  1011  1189 I ASH     : @ 176552.448: tcs3701: stop power rail pending_off timer
11-24 13:41:40.258  1011  1189 D ASH     : @ 176552.448: tcs3701: start power rail timer, state:3
11-24 13:41:40.263 10476 10512 I BatteryMgr:DataCollectionService: stats => 1700829700262,7629,4453,11901,4169000,100
11-24 13:41:40.298  1011  1189 I ASH     : @ 176552.488: tcs3701: stop power rail pending_off timer
11-24 13:41:40.299  1011  1189 D ASH     : @ 176552.488: tcs3701: start power rail timer, state:3
11-24 13:41:40.339  1011  1189 I ASH     : @ 176552.528: tcs3701: stop power rail pending_off timer
11-24 13:41:40.339  1011  1189 D ASH     : @ 176552.528: tcs3701: start power rail timer, state:3
11-24 13:41:40.374 10476 10512 I BatteryMgr:DataCollectionService: stats => 1700829700374,7629,4453,11901,4169000,100
11-24 13:41:40.378  1011  1189 I ASH     : @ 176552.568: tcs3701: stop power rail pending_off timer
11-24 13:41:40.378  1011  1189 D ASH     : @ 176552.568: tcs3701: start power rail timer, state:3
11-24 13:41:40.418  1011  1189 I ASH     : @ 176552.608: tcs3701: stop power rail pending_off timer
11-24 13:41:40.419  1011  1189 D ASH     : @ 176552.608: tcs3701: start power rail timer, state:3
11-24 13:41:40.458  1011  1189 I ASH     : @ 176552.648: tcs3701: stop power rail pending_off timer
11-24 13:41:40.458  1011  1189 D ASH     : @ 176552.648: tcs3701: start power rail timer, state:3
11-24 13:41:40.482 10476 10512 I BatteryMgr:DataCollectionService: stats => 1700829700482,7629,4453,11901,4169000,100
11-24 13:41:40.499  1011  1189 I ASH     : @ 176552.688: tcs3701: stop power rail pending_off timer
11-24 13:41:40.499  1011  1189 D ASH     : @ 176552.688: tcs3701: start power rail timer, state:3
11-24 13:41:40.538  1011  1189 I ASH     : @ 176552.728: tcs3701: stop power rail pending_off timer
11-24 13:41:40.539  1011  1189 D ASH     : @ 176552.728: tcs3701: start power rail timer, state:3
11-24 13:41:40.579  1011  1189 I ASH     : @ 176552.768: tcs3701: stop power rail pending_off timer
11-24 13:41:40.579  1011  1189 D ASH     : @ 176552.768: tcs3701: start power rail timer, state:3
11-24 13:41:40.590 10476 10512 I BatteryMgr:DataCollectionService: stats => 1700829700590,7629,4453,11901,4169000,100
11-24 13:41:40.619  1011  1189 I ASH     : @ 176552.808: tcs3701: stop power rail pending_off timer
11-24 13:41:40.619  1011  1189 D ASH     : @ 176552.808: tcs3701: start power rail timer, state:3
11-24 13:41:40.659  1011  1189 I ASH     : @ 176552.848: tcs3701: stop power rail pending_off timer
11-24 13:41:40.659  1011  1189 D ASH     : @ 176552.848: tcs3701: start power rail timer, state:3
11-24 13:41:40.698  1011  1189 I ASH     : @ 176552.888: tcs3701: stop power rail pending_off timer
11-24 13:41:40.698  1011  1189 D ASH     : @ 176552.888: tcs3701: start power rail timer, state:3
11-24 13:41:40.701 10476 10512 I BatteryMgr:DataCollectionService: stats => 1700829700700,7629,4453,11901,4169000,100
11-24 13:41:40.738  1011  1189 I ASH     : @ 176552.928: tcs3701: stop power rail pending_off timer
11-24 13:41:40.738  1011  1189 D ASH     : @ 176552.928: tcs3701: start power rail timer, state:3
11-24 13:41:40.778  1011  1189 I ASH     : @ 176552.968: tcs3701: stop power rail pending_off timer
11-24 13:41:40.778  1011  1189 D ASH     : @ 176552.968: tcs3701: start power rail timer, state:3
11-24 13:41:40.811 10476 10512 I BatteryMgr:DataCollectionService: stats => 1700829700811,7629,4453,11901,4169000,100
11-24 13:41:40.818  1011  1189 I ASH     : @ 176553.008: tcs3701: stop power rail pending_off timer
11-24 13:41:40.818  1011  1189 D ASH     : @ 176553.008: tcs3701: start power rail timer, state:3
11-24 13:41:40.859  1011  1189 I ASH     : @ 176553.048: tcs3701: stop power rail pending_off timer
11-24 13:41:40.859  1011  1189 D ASH     : @ 176553.048: tcs3701: start power rail timer, state:3
11-24 13:41:40.887  1795  2262 D ActivityManager: freezer override set to true
11-24 13:41:40.893  1795  2262 D ActivityManager: freezer override set to false
11-24 13:41:40.898  1011  1189 I ASH     : @ 176553.088: tcs3701: stop power rail pending_off timer
11-24 13:41:40.899  1011  1189 D ASH     : @ 176553.088: tcs3701: start power rail timer, state:3
11-24 13:41:40.920 10476 10512 I BatteryMgr:DataCollectionService: stats => 1700829700920,7629,4453,11901,4169000,100
11-24 13:41:40.938  1011  1189 I ASH     : @ 176553.128: tcs3701: stop power rail pending_off timer
11-24 13:41:40.938  1011  1189 D ASH     : @ 176553.128: tcs3701: start power rail timer, state:3
11-24 13:41:40.978  1011  1189 I ASH     : @ 176553.168: tcs3701: stop power rail pending_off timer
11-24 13:41:40.978  1011  1189 D ASH     : @ 176553.168: tcs3701: start power rail timer, state:3
11-24 13:41:41.018  1011  1189 I ASH     : @ 176553.208: tcs3701: stop power rail pending_off timer
11-24 13:41:41.018  1011  1189 D ASH     : @ 176553.208: tcs3701: start power rail timer, state:3
11-24 13:41:41.030 10476 10512 I BatteryMgr:DataCollectionService: stats => 1700829701030,7629,4453,11901,4169000,100
11-24 13:41:41.058  1011  1189 I ASH     : @ 176553.248: tcs3701: stop power rail pending_off timer
11-24 13:41:41.058  1011  1189 D ASH     : @ 176553.248: tcs3701: start power rail timer, state:3
11-24 13:41:41.098  1011  1189 I ASH     : @ 176553.288: tcs3701: stop power rail pending_off timer
11-24 13:41:41.098  1011  1189 D ASH     : @ 176553.288: tcs3701: start power rail timer, state:3
11-24 13:41:41.138 10476 10512 I BatteryMgr:DataCollectionService: stats => 1700829701138,7629,4453,11901,4169000,100
11-24 13:41:41.138  1011  1189 I ASH     : @ 176553.328: tcs3701: stop power rail pending_off timer
11-24 13:41:41.138  1011  1189 D ASH     : @ 176553.328: tcs3701: start power rail timer, state:3
11-24 13:41:41.178  1011  1189 I ASH     : @ 176553.368: tcs3701: stop power rail pending_off timer
11-24 13:41:41.178  1011  1189 D ASH     : @ 176553.368: tcs3701: start power rail timer, state:3
11-24 13:41:41.218  1011  1189 I ASH     : @ 176553.408: tcs3701: stop power rail pending_off timer
11-24 13:41:41.218  1011  1189 D ASH     : @ 176553.408: tcs3701: start power rail timer, state:3
11-24 13:41:41.237 32489 32489 D CompatibilityChangeReporter: Compat change id reported: 194532703; UID 10010; state: ENABLED
11-24 13:41:41.238  1795  4165 D CompatibilityChangeReporter: Compat change id reported: 194532703; UID 10010; state: ENABLED
11-24 13:41:41.241 10476 10512 I BatteryMgr:DataCollectionService: stats => 1700829701241,7629,4453,11901,4169000,100
11-24 13:41:41.260  1011  1189 I ASH     : @ 176553.448: tcs3701: stop power rail pending_off timer
11-24 13:41:41.260  1011  1189 D ASH     : @ 176553.448: tcs3701: start power rail timer, state:3
11-24 13:41:41.264 32489 32489 I cr_omaha: Scheduled using JobService
11-24 13:41:41.264 32489 32489 E cr_BkgrdTaskJS: Tried finishing non-current BackgroundTask.
11-24 13:41:41.298  1011  1189 I ASH     : @ 176553.488: tcs3701: stop power rail pending_off timer
11-24 13:41:41.298  1011  1189 D ASH     : @ 176553.488: tcs3701: start power rail timer, state:3
11-24 13:41:41.338  1011  1189 I ASH     : @ 176553.528: tcs3701: stop power rail pending_off timer
11-24 13:41:41.338  1011  1189 D ASH     : @ 176553.528: tcs3701: start power rail timer, state:3
11-24 13:41:41.354 10476 10512 I BatteryMgr:DataCollectionService: stats => 1700829701354,7629,4453,11901,4169000,100
11-24 13:41:41.366  1795  4158 D ActivityManager: freezer override set to true
11-24 13:41:41.378  1011  1189 I ASH     : @ 176553.568: tcs3701: stop power rail pending_off timer
11-24 13:41:41.378  1011  1189 D ASH     : @ 176553.568: tcs3701: start power rail timer, state:3
11-24 13:41:41.419  1011  1189 I ASH     : @ 176553.608: tcs3701: stop power rail pending_off timer
11-24 13:41:41.419  1011  1189 D ASH     : @ 176553.608: tcs3701: start power rail timer, state:3
11-24 13:41:41.460  1011  1189 I ASH     : @ 176553.648: tcs3701: stop power rail pending_off timer
11-24 13:41:41.460  1011  1189 D ASH     : @ 176553.648: tcs3701: start power rail timer, state:3
11-24 13:41:41.472 10476 10512 I BatteryMgr:DataCollectionService: stats => 1700829701472,7629,4453,11901,4169000,100
11-24 13:41:41.498  1011  1189 I ASH     : @ 176553.688: tcs3701: stop power rail pending_off timer
11-24 13:41:41.498  1011  1189 D ASH     : @ 176553.688: tcs3701: start power rail timer, state:3
11-24 13:41:41.538  1011  1189 I ASH     : @ 176553.728: tcs3701: stop power rail pending_off timer
11-24 13:41:41.538  1011  1189 D ASH     : @ 176553.728: tcs3701: start power rail timer, state:3
11-24 13:41:41.578  1011  1189 I ASH     : @ 176553.768: tcs3701: stop power rail pending_off timer
11-24 13:41:41.578  1011  1189 D ASH     : @ 176553.768: tcs3701: start power rail timer, state:3
11-24 13:41:41.585 10476 10512 I BatteryMgr:DataCollectionService: stats => 1700829701585,7629,4453,11901,4169000,100
11-24 13:41:41.618  1011  1189 I ASH     : @ 176553.808: tcs3701: stop power rail pending_off timer
11-24 13:41:41.618  1011  1189 D ASH     : @ 176553.808: tcs3701: start power rail timer, state:3
11-24 13:41:41.656 32489 32502 I m.chrome.canary: Explicit concurrent copying GC freed 11881(453KB) AllocSpace objects, 7(268KB) LOS objects, 75% free, 12MB/49MB, paused 103us,23us total 155.887ms
11-24 13:41:41.658  1011  1189 I ASH     : @ 176553.848: tcs3701: stop power rail pending_off timer
11-24 13:41:41.658  1011  1189 D ASH     : @ 176553.848: tcs3701: start power rail timer, state:3
11-24 13:41:41.692 10476 10512 I BatteryMgr:DataCollectionService: stats => 1700829701692,7629,4453,11901,4169000,100
11-24 13:41:41.698  1011  1189 I ASH     : @ 176553.888: tcs3701: stop power rail pending_off timer
11-24 13:41:41.698  1011  1189 D ASH     : @ 176553.888: tcs3701: start power rail timer, state:3
11-24 13:41:41.710  1795  4158 D ActivityManager: freezer override set to false
11-24 13:41:41.738  1011  1189 I ASH     : @ 176553.928: tcs3701: stop power rail pending_off timer
11-24 13:41:41.738  1011  1189 D ASH     : @ 176553.928: tcs3701: start power rail timer, state:3
11-24 13:41:41.764  1795  4158 D ActivityManager: freezer override set to true
11-24 13:41:41.778  1795  4158 D ActivityManager: freezer override set to false
11-24 13:41:41.778  1011  1189 I ASH     : @ 176553.968: tcs3701: stop power rail pending_off timer
11-24 13:41:41.778  1011  1189 D ASH     : @ 176553.968: tcs3701: start power rail timer, state:3
11-24 13:41:41.801 10476 10512 I BatteryMgr:DataCollectionService: stats => 1700829701801,7629,4453,11901,4169000,100
11-24 13:41:41.818  1011  1189 I ASH     : @ 176554.008: tcs3701: stop power rail pending_off timer
11-24 13:41:41.818  1011  1189 D ASH     : @ 176554.008: tcs3701: start power rail timer, state:3
11-24 13:41:41.858  1011  1189 I ASH     : @ 176554.048: tcs3701: stop power rail pending_off timer
11-24 13:41:41.858  1011  1189 D ASH     : @ 176554.048: tcs3701: start power rail timer, state:3
11-24 13:41:41.874  1795  4158 D ActivityManager: freezer override set to true
11-24 13:41:41.881  1795  4158 D ActivityManager: freezer override set to false
11-24 13:41:41.898  1011  1189 I ASH     : @ 176554.088: tcs3701: stop power rail pending_off timer
11-24 13:41:41.898  1011  1189 D ASH     : @ 176554.088: tcs3701: start power rail timer, state:3
11-24 13:41:41.910 10476 10512 I BatteryMgr:DataCollectionService: stats => 1700829701910,7629,4453,11901,4169000,100
11-24 13:41:41.938  1011  1189 I ASH     : @ 176554.128: tcs3701: stop power rail pending_off timer
11-24 13:41:41.938  1011  1189 D ASH     : @ 176554.128: tcs3701: start power rail timer, state:3
11-24 13:41:41.979  1011  1189 I ASH     : @ 176554.168: tcs3701: stop power rail pending_off timer
11-24 13:41:41.979  1011  1189 D ASH     : @ 176554.168: tcs3701: start power rail timer, state:3
11-24 13:41:42.017 10476 10512 I BatteryMgr:DataCollectionService: stats => 1700829702017,7629,4453,11901,4169000,100
11-24 13:41:42.018  1011  1189 I ASH     : @ 176554.208: tcs3701: stop power rail pending_off timer
11-24 13:41:42.018  1011  1189 D ASH     : @ 176554.208: tcs3701: start power rail timer, state:3
11-24 13:41:42.058  1011  1189 I ASH     : @ 176554.248: tcs3701: stop power rail pending_off timer
11-24 13:41:42.058  1011  1189 D ASH     : @ 176554.248: tcs3701: start power rail timer, state:3
11-24 13:41:42.098  1011  1189 I ASH     : @ 176554.288: tcs3701: stop power rail pending_off timer
11-24 13:41:42.098  1011  1189 D ASH     : @ 176554.288: tcs3701: start power rail timer, state:3
11-24 13:41:42.128 10476 10512 I BatteryMgr:DataCollectionService: stats => 1700829702128,7629,4453,11901,4169000,100
11-24 13:41:42.138  1011  1189 I ASH     : @ 176554.328: tcs3701: stop power rail pending_off timer
11-24 13:41:42.138  1011  1189 D ASH     : @ 176554.328: tcs3701: start power rail timer, state:3
11-24 13:41:42.178  1011  1189 I ASH     : @ 176554.368: tcs3701: stop power rail pending_off timer
11-24 13:41:42.178  1011  1189 D ASH     : @ 176554.368: tcs3701: start power rail timer, state:3
11-24 13:41:42.219  1011  1189 I ASH     : @ 176554.408: tcs3701: stop power rail pending_off timer
11-24 13:41:42.219  1011  1189 D ASH     : @ 176554.408: tcs3701: start power rail timer, state:3
11-24 13:41:42.237 10476 10512 I BatteryMgr:DataCollectionService: stats => 1700829702237,7629,4453,11901,4169000,100
11-24 13:41:42.258  1011  1189 I ASH     : @ 176554.448: tcs3701: stop power rail pending_off timer
11-24 13:41:42.258  1011  1189 D ASH     : @ 176554.448: tcs3701: start power rail timer, state:3
11-24 13:41:42.298  1011  1189 I ASH     : @ 176554.488: tcs3701: stop power rail pending_off timer
11-24 13:41:42.298  1011  1189 D ASH     : @ 176554.488: tcs3701: start power rail timer, state:3
11-24 13:41:42.314  1795  2424 D WifiNetworkSelector: Current connected network: 12
11-24 13:41:42.315  1795  2424 V WifiConnectivityManager: No partial scan because firmware roaming is supported.
11-24 13:41:42.315  1795  2424 V WifiConnectivityManager: schedulePeriodicScanTimer intervalMs 20000
11-24 13:41:42.338  1011  1189 I ASH     : @ 176554.528: tcs3701: stop power rail pending_off timer
11-24 13:41:42.338  1011  1189 D ASH     : @ 176554.528: tcs3701: start power rail timer, state:3
11-24 13:41:42.361 10476 10512 I BatteryMgr:DataCollectionService: stats => 1700829702360,7629,4453,11901,4169000,100
11-24 13:41:42.378  1011  1189 I ASH     : @ 176554.568: tcs3701: stop power rail pending_off timer
11-24 13:41:42.378  1011  1189 D ASH     : @ 176554.568: tcs3701: start power rail timer, state:3
11-24 13:41:42.420  1011  1189 I ASH     : @ 176554.608: tcs3701: stop power rail pending_off timer
11-24 13:41:42.420  1011  1189 D ASH     : @ 176554.608: tcs3701: start power rail timer, state:3
11-24 13:41:42.458  1011  1189 I ASH     : @ 176554.648: tcs3701: stop power rail pending_off timer
11-24 13:41:42.458  1011  1189 D ASH     : @ 176554.648: tcs3701: start power rail timer, state:3
11-24 13:41:42.475 10476 10512 I BatteryMgr:DataCollectionService: stats => 1700829702475,7629,4453,11901,4169000,100
11-24 13:41:42.499  1011  1189 I ASH     : @ 176554.688: tcs3701: stop power rail pending_off timer
11-24 13:41:42.499  1011  1189 D ASH     : @ 176554.688: tcs3701: start power rail timer, state:3
11-24 13:41:42.539  1011  1189 I ASH     : @ 176554.728: tcs3701: stop power rail pending_off timer
11-24 13:41:42.539  1011  1189 D ASH     : @ 176554.728: tcs3701: start power rail timer, state:3
11-24 13:41:42.579  1011  1189 I ASH     : @ 176554.768: tcs3701: stop power rail pending_off timer
11-24 13:41:42.579  1011  1189 D ASH     : @ 176554.768: tcs3701: start power rail timer, state:3
11-24 13:41:42.583 10476 10512 I BatteryMgr:DataCollectionService: stats => 1700829702583,7629,4453,11901,4169000,100
11-24 13:41:42.618  1011  1189 I ASH     : @ 176554.808: tcs3701: stop power rail pending_off timer
11-24 13:41:42.619  1011  1189 D ASH     : @ 176554.808: tcs3701: start power rail timer, state:3
11-24 13:41:42.659  1011  1189 I ASH     : @ 176554.848: tcs3701: stop power rail pending_off timer
11-24 13:41:42.659  1011  1189 D ASH     : @ 176554.848: tcs3701: start power rail timer, state:3
11-24 13:41:42.688 10476 10512 I BatteryMgr:DataCollectionService: stats => 1700829702688,7629,4453,11901,4169000,100
11-24 13:41:42.699  1011  1189 I ASH     : @ 176554.888: tcs3701: stop power rail pending_off timer
11-24 13:41:42.699  1011  1189 D ASH     : @ 176554.888: tcs3701: start power rail timer, state:3
11-24 13:41:42.738  1011  1189 I ASH     : @ 176554.928: tcs3701: stop power rail pending_off timer
11-24 13:41:42.738  1011  1189 D ASH     : @ 176554.928: tcs3701: start power rail timer, state:3
11-24 13:41:42.778  1011  1189 I ASH     : @ 176554.968: tcs3701: stop power rail pending_off timer
11-24 13:41:42.778  1011  1189 D ASH     : @ 176554.968: tcs3701: start power rail timer, state:3
11-24 13:41:42.798 10476 10512 I BatteryMgr:DataCollectionService: stats => 1700829702798,7629,4453,11901,4169000,100
11-24 13:41:42.819  1011  1189 I ASH     : @ 176555.008: tcs3701: stop power rail pending_off timer
11-24 13:41:42.819  1011  1189 D ASH     : @ 176555.008: tcs3701: start power rail timer, state:3
11-24 13:41:42.859  1011  1189 I ASH     : @ 176555.048: tcs3701: stop power rail pending_off timer
11-24 13:41:42.859  1011  1189 D ASH     : @ 176555.048: tcs3701: start power rail timer, state:3
11-24 13:41:42.865  1795  4158 D ActivityManager: freezer override set to true
11-24 13:41:42.871  1795  4158 D ActivityManager: freezer override set to false
11-24 13:41:42.898  1011  1189 I ASH     : @ 176555.088: tcs3701: stop power rail pending_off timer
11-24 13:41:42.898  1011  1189 D ASH     : @ 176555.088: tcs3701: start power rail timer, state:3
11-24 13:41:42.917 10476 10512 I BatteryMgr:DataCollectionService: stats => 1700829702917,7629,4453,11901,4169000,100
11-24 13:41:42.939  1011  1189 I ASH     : @ 176555.128: tcs3701: stop power rail pending_off timer
11-24 13:41:42.939  1011  1189 D ASH     : @ 176555.128: tcs3701: start power rail timer, state:3
11-24 13:41:42.978  1011  1189 I ASH     : @ 176555.168: tcs3701: stop power rail pending_off timer
11-24 13:41:42.978  1011  1189 D ASH     : @ 176555.168: tcs3701: start power rail timer, state:3
11-24 13:41:42.991  1795  4158 D ActivityManager: freezer override set to true
11-24 13:41:43.019  1011  1189 I ASH     : @ 176555.208: tcs3701: stop power rail pending_off timer
11-24 13:41:43.019  1011  1189 D ASH     : @ 176555.208: tcs3701: start power rail timer, state:3
11-24 13:41:43.023 10476 10512 I BatteryMgr:DataCollectionService: stats => 1700829703023,7629,4453,11901,4169000,100
11-24 13:41:43.059  1011  1189 I ASH     : @ 176555.248: tcs3701: stop power rail pending_off timer
11-24 13:41:43.059  1011  1189 D ASH     : @ 176555.248: tcs3701: start power rail timer, state:3
11-24 13:41:43.083 32489 32502 I m.chrome.canary: Explicit concurrent copying GC freed 3888(196KB) AllocSpace objects, 4(80KB) LOS objects, 75% free, 12MB/49MB, paused 100us,22us total 41.706ms
11-24 13:41:43.096  1795  2424 D WifiClientModeImpl[13802:wlan0]: updateLinkLayerStatsRssiSpeedFrequencyCapabilities rssi=-44 TxLinkspeed=780 freq=5240 RxLinkSpeed=866
11-24 13:41:43.096  1795  2424 D WifiDataStall: tx tput in kbps: 648892
11-24 13:41:43.096  1795  2424 D WifiDataStall: rx tput in kbps: 774664
11-24 13:41:43.096  1795  2424 V WifiConfigManager: Updating scan detail cache freq=5240 BSSID=f4:6d:2f:12:cc:88 RSSI=-43 for "ourhome"WPA_PSK
11-24 13:41:43.096  1795  2424 D WifiChannelUtilization:  freq: 5240 onTime: 5097255 busyTime: 500858 onTimeDiff: 1722463 busyTimeDiff: 185159 utilization: 27 utilization t0: 25
11-24 13:41:43.096  2673  4313 V WifiManager: OnWifiUsabilityStatsListener: onWifiUsabilityStats: seqNum=51482
11-24 13:41:43.096  1795  2424 D WifiDataStall:  ccaLevel = 27
11-24 13:41:43.096  1795  2424 D WifiDataStall: L2 txTputKbps: 662847, rxTputKbps: 774664, L3 txTputKbps: 0, rxTputKbps: 0, TxTrafficHigh: false, RxTrafficHigh: false, Throughput Sufficient: true
11-24 13:41:43.097  1795  2424 D WifiScoreReport: Wifi scoring disabled - Don't check IP layer
11-24 13:41:43.097  1795  2262 I WifiService: updateWifiUsabilityScore uid=10180 seqNum=51482 score=100 predictionHorizonSec=1441795
11-24 13:41:43.097  1795  2424 D WifiScoreCard: BSSID update SIGNAL_POLL ID: 1320464697 SSID: "ourhome", BSSID: f4:6d:2f:12:cc:88, MAC: b2:2f:ec:da:4a:0c, IP: /192.168.1.104, Security type: 2, Supplicant state: COMPLETED, Wi-Fi standard: 5, RSSI: -44, Link speed: 780Mbps, Tx Link speed: 780Mbps, Max Supported Tx Link speed: 866Mbps, Rx Link speed: 866Mbps, Max Supported Rx Link speed: 866Mbps, Frequency: 5240MHz, Net ID: 12, Metered hint: false, score: 60, isUsable: true, CarrierMerged: false, SubscriptionId: -1, IsPrimary: 1, Trusted: true, Restricted: false, Ephemeral: false, OEM paid: false, OEM private: false, OSU AP: false, FQDN: <none>, Provider friendly name: <none>, Requesting package name: <none>"ourhome"wpa2-pskMLO Information: , Is TID-To-Link negotiation supported by the AP: false, AP MLD Address: <none>, AP MLO Link Id: <none>, AP MLO Affiliated links: <none>
11-24 13:41:43.097  1795  2424 D WifiScoreCard: txRate: 11 txSpeed: 780
11-24 13:41:43.097  1795  2424 D WifiScoreCard: network update SIGNAL_POLL "ourhome" ID: 1499892569 RSSI -44 txSpeed 780
11-24 13:41:43.097  1795  2424 D WifiClientModeImpl[13802:wlan0]:  ClientModeImpl$L2ConnectedState screen=on 29 0 "ourhome" f4:6d:2f:12:cc:88 rssi=-44 f=5240 sc=60 link=780 tx=9.6, 0.8, 0.0 rx=5.5 bcn=1699794 [on:0 tx:0 rx:0 period:3013] from screen [on:487675 period:24945088] score=60
11-24 13:41:43.097  2513  8309 V WifiManager: TrafficStateCallbackProxy: onStateChanged state=0
11-24 13:41:43.098  1011  1189 I ASH     : @ 176555.288: tcs3701: stop power rail pending_off timer
11-24 13:41:43.098  1011  1189 D ASH     : @ 176555.288: tcs3701: start power rail timer, state:3
11-24 13:41:43.099  1795  2424 D WifiScoreReport: Wifi scoring disabled - Notify that Wifi is usable
11-24 13:41:43.101  1795  2432 D ConnectivityService: NetReassign [no changes] [c 1] [a 0] [i 1]
11-24 13:41:43.131 10476 10512 I BatteryMgr:DataCollectionService: stats => 1700829703131,7629,4453,11901,4169000,100
11-24 13:41:43.134  1795  4158 D ActivityManager: freezer override set to false
11-24 13:41:43.138  1011  1189 I ASH     : @ 176555.328: tcs3701: stop power rail pending_off timer
11-24 13:41:43.138  1011  1189 D ASH     : @ 176555.328: tcs3701: start power rail timer, state:3
11-24 13:41:43.178  1011  1189 I ASH     : @ 176555.368: tcs3701: stop power rail pending_off timer
11-24 13:41:43.178  1011  1189 D ASH     : @ 176555.368: tcs3701: start power rail timer, state:3
11-24 13:41:43.179  1795  4158 D ActivityManager: freezer override set to true
11-24 13:41:43.185  1795  4158 D ActivityManager: freezer override set to false
11-24 13:41:43.218  1011  1189 I ASH     : @ 176555.408: tcs3701: stop power rail pending_off timer
11-24 13:41:43.218  1011  1189 D ASH     : @ 176555.408: tcs3701: start power rail timer, state:3
11-24 13:41:43.242 10476 10512 I BatteryMgr:DataCollectionService: stats => 1700829703242,7629,4453,11901,4169000,100
11-24 13:41:43.258  1011  1189 I ASH     : @ 176555.448: tcs3701: stop power rail pending_off timer
11-24 13:41:43.258  1011  1189 D ASH     : @ 176555.448: tcs3701: start power rail timer, state:3
11-24 13:41:43.298  1011  1189 I ASH     : @ 176555.488: tcs3701: stop power rail pending_off timer
11-24 13:41:43.298  1011  1189 D ASH     : @ 176555.488: tcs3701: start power rail timer, state:3
11-24 13:41:43.338  1011  1189 I ASH     : @ 176555.528: tcs3701: stop power rail pending_off timer
11-24 13:41:43.338  1011  1189 D ASH     : @ 176555.528: tcs3701: start power rail timer, state:3
11-24 13:41:43.348 10476 10512 I BatteryMgr:DataCollectionService: stats => 1700829703348,7629,4453,11901,4169000,100
11-24 13:41:43.379  1011  1189 I ASH     : @ 176555.568: tcs3701: stop power rail pending_off timer
11-24 13:41:43.379  1011  1189 D ASH     : @ 176555.568: tcs3701: start power rail timer, state:3
11-24 13:41:43.418  1011  1189 I ASH     : @ 176555.608: tcs3701: stop power rail pending_off timer
11-24 13:41:43.418  1011  1189 D ASH     : @ 176555.608: tcs3701: start power rail timer, state:3
11-24 13:41:43.454 10476 10512 I BatteryMgr:DataCollectionService: stats => 1700829703454,7629,4453,11901,4169000,100
11-24 13:41:43.459  1011  1189 I ASH     : @ 176555.648: tcs3701: stop power rail pending_off timer
11-24 13:41:43.459  1011  1189 D ASH     : @ 176555.648: tcs3701: start power rail timer, state:3
11-24 13:41:43.498  1011  1189 I ASH     : @ 176555.688: tcs3701: stop power rail pending_off timer
11-24 13:41:43.498  1011  1189 D ASH     : @ 176555.688: tcs3701: start power rail timer, state:3
11-24 13:41:43.539  1011  1189 I ASH     : @ 176555.728: tcs3701: stop power rail pending_off timer
11-24 13:41:43.539  1011  1189 D ASH     : @ 176555.728: tcs3701: start power rail timer, state:3
11-24 13:41:43.562 10476 10512 I BatteryMgr:DataCollectionService: stats => 1700829703562,7629,4453,11901,4169000,100
11-24 13:41:43.578  1011  1189 I ASH     : @ 176555.768: tcs3701: stop power rail pending_off timer
11-24 13:41:43.578  1011  1189 D ASH     : @ 176555.768: tcs3701: start power rail timer, state:3
11-24 13:41:43.619  1011  1189 I ASH     : @ 176555.808: tcs3701: stop power rail pending_off timer
11-24 13:41:43.619  1011  1189 D ASH     : @ 176555.808: tcs3701: start power rail timer, state:3
11-24 13:41:43.658  1011  1189 I ASH     : @ 176555.848: tcs3701: stop power rail pending_off timer
11-24 13:41:43.658  1011  1189 D ASH     : @ 176555.848: tcs3701: start power rail timer, state:3
11-24 13:41:43.670 10476 10512 I BatteryMgr:DataCollectionService: stats => 1700829703670,7629,4453,11901,4169000,100
11-24 13:41:43.698  1011  1189 I ASH     : @ 176555.888: tcs3701: stop power rail pending_off timer
11-24 13:41:43.698  1011  1189 D ASH     : @ 176555.888: tcs3701: start power rail timer, state:3
11-24 13:41:43.738  1011  1189 I ASH     : @ 176555.928: tcs3701: stop power rail pending_off timer
11-24 13:41:43.738  1011  1189 D ASH     : @ 176555.928: tcs3701: start power rail timer, state:3
11-24 13:41:43.777 10476 10512 I BatteryMgr:DataCollectionService: stats => 1700829703777,7629,4453,11901,4169000,100
11-24 13:41:43.779  1011  1189 I ASH     : @ 176555.968: tcs3701: stop power rail pending_off timer
11-24 13:41:43.779  1011  1189 D ASH     : @ 176555.968: tcs3701: start power rail timer, state:3
11-24 13:41:43.819  1011  1189 I ASH     : @ 176556.008: tcs3701: stop power rail pending_off timer
11-24 13:41:43.819  1011  1189 D ASH     : @ 176556.008: tcs3701: start power rail timer, state:3
11-24 13:41:43.858  1011  1189 I ASH     : @ 176556.048: tcs3701: stop power rail pending_off timer
11-24 13:41:43.858  1011  1189 D ASH     : @ 176556.048: tcs3701: start power rail timer, state:3
11-24 13:41:43.860  1795  4158 D ActivityManager: freezer override set to true
11-24 13:41:43.863  1795  4158 D ActivityManager: freezer override set to false
11-24 13:41:43.886 10476 10512 I BatteryMgr:DataCollectionService: stats => 1700829703885,7629,4453,11901,4169000,100
11-24 13:41:43.898  1011  1189 I ASH     : @ 176556.088: tcs3701: stop power rail pending_off timer
11-24 13:41:43.898  1011  1189 D ASH     : @ 176556.088: tcs3701: start power rail timer, state:3
11-24 13:41:43.938  1011  1189 I ASH     : @ 176556.128: tcs3701: stop power rail pending_off timer
11-24 13:41:43.938  1011  1189 D ASH     : @ 176556.128: tcs3701: start power rail timer, state:3
11-24 13:41:43.978  1011  1189 I ASH     : @ 176556.168: tcs3701: stop power rail pending_off timer
11-24 13:41:43.978  1011  1189 D ASH     : @ 176556.168: tcs3701: start power rail timer, state:3
11-24 13:41:43.993 10476 10512 I BatteryMgr:DataCollectionService: stats => 1700829703993,7629,4453,11901,4169000,100
11-24 13:41:44.018  1011  1189 I ASH     : @ 176556.208: tcs3701: stop power rail pending_off timer
11-24 13:41:44.019  1011  1189 D ASH     : @ 176556.208: tcs3701: start power rail timer, state:3
11-24 13:41:44.058  1011  1189 I ASH     : @ 176556.248: tcs3701: stop power rail pending_off timer
11-24 13:41:44.058  1011  1189 D ASH     : @ 176556.248: tcs3701: start power rail timer, state:3
11-24 13:41:44.098  1011  1189 I ASH     : @ 176556.288: tcs3701: stop power rail pending_off timer
11-24 13:41:44.098  1011  1189 D ASH     : @ 176556.288: tcs3701: start power rail timer, state:3
11-24 13:41:44.100 10476 10512 I BatteryMgr:DataCollectionService: stats => 1700829704099,7629,4453,11901,4169000,100
11-24 13:41:44.140  1011  1189 I ASH     : @ 176556.328: tcs3701: stop power rail pending_off timer
11-24 13:41:44.140  1011  1189 D ASH     : @ 176556.328: tcs3701: start power rail timer, state:3
11-24 13:41:44.178  1011  1189 I ASH     : @ 176556.368: tcs3701: stop power rail pending_off timer
11-24 13:41:44.178  1011  1189 D ASH     : @ 176556.368: tcs3701: start power rail timer, state:3
11-24 13:41:44.206 10476 10512 I BatteryMgr:DataCollectionService: stats => 1700829704206,7629,4453,11901,4169000,100
11-24 13:41:44.218  1011  1189 I ASH     : @ 176556.408: tcs3701: stop power rail pending_off timer
11-24 13:41:44.218  1011  1189 D ASH     : @ 176556.408: tcs3701: start power rail timer, state:3
11-24 13:41:44.259  1011  1189 I ASH     : @ 176556.448: tcs3701: stop power rail pending_off timer
11-24 13:41:44.259  1011  1189 D ASH     : @ 176556.448: tcs3701: start power rail timer, state:3
11-24 13:41:44.298  1011  1189 I ASH     : @ 176556.488: tcs3701: stop power rail pending_off timer
11-24 13:41:44.298  1011  1189 D ASH     : @ 176556.488: tcs3701: start power rail timer, state:3
11-24 13:41:44.319 10476 10512 I BatteryMgr:DataCollectionService: stats => 1700829704319,7629,4453,11901,4169000,100
11-24 13:41:44.338  1011  1189 I ASH     : @ 176556.528: tcs3701: stop power rail pending_off timer
11-24 13:41:44.339  1011  1189 D ASH     : @ 176556.528: tcs3701: start power rail timer, state:3
11-24 13:41:44.378  1011  1189 I ASH     : @ 176556.568: tcs3701: stop power rail pending_off timer
11-24 13:41:44.378  1011  1189 D ASH     : @ 176556.568: tcs3701: start power rail timer, state:3
