11-24 13:34:15.286 23042 23073 I AdrenoVK-0: ===== BEGIN DUMP OF OVERRIDDEN SETTINGS =====
11-24 13:34:15.286 23042 23073 I AdrenoVK-0: ===== END DUMP OF OVERRIDDEN SETTINGS =====
11-24 13:34:15.286 23042 23073 I AdrenoVK-0: QUALCOMM build          : 4783c89, I46ff5fc46f
11-24 13:34:15.286 23042 23073 I AdrenoVK-0: Build Date              : 11/30/20
11-24 13:34:15.286 23042 23073 I AdrenoVK-0: Shader Compiler Version : EV031.31.04.01
11-24 13:34:15.286 23042 23073 I AdrenoVK-0: Local Branch            : QPR2
11-24 13:34:15.286 23042 23073 I AdrenoVK-0: Remote Branch           : 
11-24 13:34:15.286 23042 23073 I AdrenoVK-0: Remote Branch           : 
11-24 13:34:15.286 23042 23073 I AdrenoVK-0: Reconstruct Branch      : 
11-24 13:34:15.286 23042 23073 I AdrenoVK-0: Build Config            : S P 10.0.4 AArch64
11-24 13:34:15.286 23042 23073 I AdrenoVK-0: Driver Path             : /vendor/lib64/hw/vulkan.adreno.so
11-24 13:34:15.294 23042 23082 W Parcel  : Expecting binder but got null!
11-24 13:34:15.298  1011  1189 I ASH     : @ 176107.488: tcs3701: stop power rail pending_off timer
11-24 13:34:15.298  1011  1189 D ASH     : @ 176107.488: tcs3701: start power rail timer, state:3
11-24 13:34:15.299 22964 22964 E m.chrome.canary: Invalid ID 0x00000000.
11-24 13:34:15.308 13730 13730 D BoundBrokerSvc: onBind: Intent { act=com.google.android.gms.languageprofile.service.START pkg=com.google.android.gms }
11-24 13:34:15.309 13730 13730 D BoundBrokerSvc: Loading bound service for intent: Intent { act=com.google.android.gms.languageprofile.service.START pkg=com.google.android.gms }
11-24 13:34:15.309 13730 13730 E AbstractGmsTracer: Traced class shouldn't be obfuscated: LanguageProfileChimeraService [CONTEXT service_id=259 ]
11-24 13:34:15.314 13730 13730 E AbstractGmsTracer: Traced class shouldn't be obfuscated: GmsIntentOperationChimeraService [CONTEXT service_id=259 ]
11-24 13:34:15.316 22964 22964 V MediaRouter: Selecting route: RouteInfo{ name=Phone, description=null, status=null, category=RouteCategory{ name=System types=ROUTE_TYPE_LIVE_AUDIO ROUTE_TYPE_LIVE_VIDEO  groupable=false }, supportedTypes=ROUTE_TYPE_LIVE_AUDIO ROUTE_TYPE_LIVE_VIDEO , presentationDisplay=null }
11-24 13:34:15.316 22964 22964 I MediaRouter: Skip setBluetoothA2dpOn(): types=8388615, isPlaybackActive()=false, BT route=null
11-24 13:34:15.316 22964 22964 W m.chrome.canary: Accessing hidden field Landroid/media/MediaRouter;->sStatic:Landroid/media/MediaRouter$Static; (max-target-o, reflection, denied)
11-24 13:34:15.317 22964 22964 I GlobalMediaRouter: Found default route: MediaRouter.RouteInfo{ uniqueId=DEFAULT_ROUTE, name=Phone, description=null, iconUri=null, enabled=true, isSystemRoute=true, connectionState=0, canDisconnect=false, playbackType=0, playbackStream=3, deviceType=0, volumeHandling=1, volume=0, volumeMax=25, presentationDisplayId=-1, extras=null, settingsIntent=null, providerPackageName=android }
11-24 13:34:15.317 22964 22964 I GlobalMediaRouter: Unselecting the current route because it is no longer selectable: null
11-24 13:34:15.321 13730 23085 E AbstractGmsTracer: Traced class shouldn't be obfuscated: AccountsChangedIntentOperation [CONTEXT service_id=259 ]
11-24 13:34:15.325 22964 23033 W cr_media: BLUETOOTH_CONNECT permission is missing.
11-24 13:34:15.325 22964 23033 W cr_media: registerBluetoothIntentsIfNeeded: Requires BLUETOOTH permission
11-24 13:34:15.329 23035 23071 I cr_LibraryLoader: Successfully loaded native library
11-24 13:34:15.329 23035 23071 I cr_CachingUmaRecorder: Flushed 3 samples from 3 histograms, 0 samples were dropped.
11-24 13:34:15.338  1011  1189 I ASH     : @ 176107.528: tcs3701: stop power rail pending_off timer
11-24 13:34:15.338  1011  1189 D ASH     : @ 176107.528: tcs3701: start power rail timer, state:3
11-24 13:34:15.356  3563  4325 D MediaProvider: Open with FUSE. FilePath: /storage/emulated/0/Download/batterymanager-companion-1.0.0.zip. Uid: 10010. Media Capabilities Uid: 0. ShouldRedact: false. ShouldTranscode: false
11-24 13:34:15.358 13502 13514 I FontLog : (REDACTED) Received query %s, URI %s
11-24 13:34:15.358 13502 13514 I FontLog : (REDACTED) Query [%s] resolved to %s
11-24 13:34:15.358 13502 13514 I FontLog : (REDACTED) Font PFD returned from cache for %s
11-24 13:34:15.359 13502 13514 I FontLog : (REDACTED) Fetch %s end status %s
11-24 13:34:15.361 13502 13514 I FontLog : (REDACTED) Pulling font file for id = %d, cache size = %d
11-24 13:34:15.366 13502 13514 I FontLog : (REDACTED) Received query %s, URI %s
11-24 13:34:15.366 13502 13514 I FontLog : (REDACTED) Query [%s] resolved to %s
11-24 13:34:15.367  3563  4325 D MediaProvider: Open with FUSE. FilePath: /storage/emulated/0/Download/com.example.batterymanager_utility (1).apk. Uid: 10010. Media Capabilities Uid: 0. ShouldRedact: false. ShouldTranscode: false
11-24 13:34:15.368 13502 13514 I FontLog : (REDACTED) Fetch %s end status %s
11-24 13:34:15.371  3563  4325 D MediaProvider: Open with FUSE. FilePath: /storage/emulated/0/Download/com.example.batterymanager_utility.apk. Uid: 10010. Media Capabilities Uid: 0. ShouldRedact: false. ShouldTranscode: false
11-24 13:34:15.372 13502 16112 I FontLog : (REDACTED) Pulling font file for id = %d, cache size = %d
11-24 13:34:15.375 13502 13514 I FontLog : (REDACTED) Received query %s, URI %s
11-24 13:34:15.375 13502 13514 I FontLog : (REDACTED) Query [%s] resolved to %s
11-24 13:34:15.376 13502 13514 I FontLog : (REDACTED) Font PFD returned from cache for %s
11-24 13:34:15.376 13502 13514 I FontLog : (REDACTED) Fetch %s end status %s
11-24 13:34:15.378  1011  1189 I ASH     : @ 176107.568: tcs3701: stop power rail pending_off timer
11-24 13:34:15.378  1011  1189 D ASH     : @ 176107.568: tcs3701: start power rail timer, state:3
11-24 13:34:15.379 22964 23023 W chromium: [WARNING:ev_root_ca_metadata.cc(119)] Not implemented
11-24 13:34:15.379 13502 13514 I FontLog : (REDACTED) Pulling font file for id = %d, cache size = %d
11-24 13:34:15.381 13502 13514 I FontLog : (REDACTED) Received query %s, URI %s
11-24 13:34:15.382 13502 13514 I FontLog : (REDACTED) Query [%s] resolved to %s
11-24 13:34:15.382 13502 13514 I FontLog : (REDACTED) Font PFD returned from cache for %s
11-24 13:34:15.382 13502 13514 I FontLog : (REDACTED) Fetch %s end status %s
11-24 13:34:15.383 13502 13514 I FontLog : (REDACTED) Pulling font file for id = %d, cache size = %d
11-24 13:34:15.383 22964 22964 I cr_OfflineIndicator: onConnectionTypeChanged 2
11-24 13:34:15.385 22964 22964 I cr_OfflineIndicator: Reported by system: [ Transports: WIFI Capabilities: NOT_METERED&INTERNET&NOT_RESTRICTED&TRUSTED&NOT_VPN&VALIDATED&NOT_ROAMING&FOREGROUND&NOT_CONGESTED&NOT_SUSPENDED&NOT_VCN_MANAGED LinkUpBandwidth>=12000Kbps LinkDnBandwidth>=58264Kbps TransportInfo: <SSID: <unknown ssid>, BSSID: 02:00:00:00:00:00, MAC: 02:00:00:00:00:00, IP: /192.168.1.104, Security type: 2, Supplicant state: COMPLETED, Wi-Fi standard: 5, RSSI: -44, Link speed: 866Mbps, Tx Link speed: 866Mbps, Max Supported Tx Link speed: 866Mbps, Rx Link speed: 866Mbps, Max Supported Rx Link speed: 866Mbps, Frequency: 5240MHz, Net ID: -1, Metered hint: false, score: 60, isUsable: true, CarrierMerged: false, SubscriptionId: -1, IsPrimary: -1, Trusted: true, Restricted: false, Ephemeral: false, OEM paid: false, OEM private: false, OSU AP: false, FQDN: <none>, Provider friendly name: <none>, Requesting package name: <none><none>MLO Information: , Is TID-To-Link negotiation supported by the AP: false, AP MLD Address: <none>, AP MLO Link Id: <none>, AP MLO Affiliated links: <none>> SignalStrength: -44 UnderlyingNetworks: Null]
11-24 13:34:15.385 22964 22964 I cr_OfflineIndicator: setConnectionState connectionState=4
11-24 13:34:15.385 22964 22964 W Settings: Setting airplane_mode_on has moved from android.provider.Settings.System to android.provider.Settings.Global, returning read-only value.
11-24 13:34:15.387 22964 22964 I cr_OfflineDetector: Received connection change state message. mConnectivityDetectorInitialized: true, mTimeWhenLastForegrounded: 176104198, getElapsedTime: 176104201, mTimeWhenLastOfflineNotificationReceived: 0, mTimeWhenLastOnline: 176104201, mTimeWhenAirplaneModeToggledOff: 0 mApplicationState: 1, mIsOfflineLastReportedByConnectivityDetector: false, mInAirplaneMode: false mIsEffectivelyOffline: false
11-24 13:34:15.387 22964 22964 I cr_OfflineDetector: onConnectionStateChanged(): previousLastReportedStateByOfflineDetector: false
11-24 13:34:15.387 22964 22964 I cr_OfflineDetector: Running updateState mConnectivityDetectorInitialized: true, mTimeWhenLastForegrounded: 176104198, getElapsedTime: 176104201, mTimeWhenLastOfflineNotificationReceived: 0, mTimeWhenLastOnline: 176104201, mTimeWhenAirplaneModeToggledOff: 0 mApplicationState: 1, mIsOfflineLastReportedByConnectivityDetector: false, mInAirplaneMode: false mIsEffectivelyOffline: false
11-24 13:34:15.387 22964 22964 I cr_OfflineDetector: updateState(): timeSinceLastForeground: 3, timeSinceOfflineNotificationReceived: 176104201, timeSinceLastOnline: 0, timeNeededForForeground: 1997, timeNeededForOffline: -176102201 timeSinceAirplaneModeToggledOff: 176104201 timeNeededAfterConnectionChangeFromOnlineToOffline: 10000 timeNeededAfterConnectionChangeFromAirplaneToOffline: 0
11-24 13:34:15.387 22964 22964 I cr_OfflineDetector: Running mUpdateOfflineStatusIndicatorDelayedRunnable start. mConnectivityDetectorInitialized: true, mTimeWhenLastForegrounded: 176104198, getElapsedTime: 176104202, mTimeWhenLastOfflineNotificationReceived: 0, mTimeWhenLastOnline: 176104201, mTimeWhenAirplaneModeToggledOff: 0 mApplicationState: 1, mIsOfflineLastReportedByConnectivityDetector: false, mInAirplaneMode: false mIsEffectivelyOffline: false
11-24 13:34:15.387 22964 22964 I cr_OfflineDetector: Running mUpdateOfflineStatusIndicatorDelayedRunnable end. mConnectivityDetectorInitialized: true, mTimeWhenLastForegrounded: 176104198, getElapsedTime: 176104202, mTimeWhenLastOfflineNotificationReceived: 0, mTimeWhenLastOnline: 176104201, mTimeWhenAirplaneModeToggledOff: 0 mApplicationState: 1, mIsOfflineLastReportedByConnectivityDetector: false, mInAirplaneMode: false mIsEffectivelyOffline: false
11-24 13:34:15.387 22964 22964 I cr_OfflineIndicator: processConnectivityCheckResult mConnectionState=4 mConnectivityCheckingStage=1
11-24 13:34:15.401  1795  3324 W InputManager-JNI: Input channel object 'ef7c12 Splash Screen com.chrome.canary (client)' was disposed without first being removed with the input manager!
11-24 13:34:15.407  3875  3875 I dzhj    : onStop
11-24 13:34:15.409  2940  3994 D OneSearchSuggestProvider: Shut down the binder channel
11-24 13:34:15.409  2940 32579 I s.nexuslauncher: oneway function results for code 2 on binder at 0xb40000709521c890 will be dropped but finished with status UNKNOWN_TRANSACTION
11-24 13:34:15.411  3657  4525 D ForegroundUtils: Foreground UID status:
11-24 13:34:15.412  3657  4525 D ForegroundUtils: UID: 10010 is in foreground: true
11-24 13:34:15.412  3657  4525 D ForegroundUtils: UID: 10128 is in foreground: true
11-24 13:34:15.412  3657  4525 D ForegroundUtils: UID: 10145 is in foreground: true
11-24 13:34:15.412  3657  4525 D ForegroundUtils: UID: 10158 is in foreground: true
11-24 13:34:15.412  3657  4525 D ForegroundUtils: UID: 10189 is in foreground: false
11-24 13:34:15.412  3657  4525 D ForegroundUtils: UID: 10194 is in foreground: true
11-24 13:34:15.412  3657  4525 D ForegroundUtils: UID: 10206 is in foreground: false
11-24 13:34:15.412  3657  4525 D ForegroundUtils: UID: 10233 is in foreground: true
11-24 13:34:15.412  3657  4525 D ForegroundUtils: UID: 10244 is in foreground: false
11-24 13:34:15.412  3657  4525 D ForegroundUtils: UID: 10319 is in foreground: true
11-24 13:34:15.412  3657  4525 D ForegroundUtils: UID: 90000 is in foreground: true
11-24 13:34:15.419  1011  1189 I ASH     : @ 176107.608: tcs3701: stop power rail pending_off timer
11-24 13:34:15.419  1011  1189 D ASH     : @ 176107.608: tcs3701: start power rail timer, state:3
11-24 13:34:15.433   595   595 I servicemanager: Could not find android.hardware.graphics.allocator.IAllocator/default in the VINTF manifest.
11-24 13:34:15.444 13730 13730 E AbstractGmsTracer: Traced class shouldn't be obfuscated: LanguageProfileGcmTaskChimeraService [CONTEXT service_id=259 ]
11-24 13:34:15.445 13730 13730 E AbstractGmsTracer: Traced class shouldn't be obfuscated: LanguageProfileGcmTaskChimeraService [CONTEXT service_id=259 ]
11-24 13:34:15.448 23042 23096 W VideoCapabilities: Unrecognized level 1879048707 for video/x-vnd.on2.vp8
11-24 13:34:15.448 23042 23096 W VideoCapabilities: Unrecognized profile 1879048704 for video/x-vnd.on2.vp8
11-24 13:34:15.448 23042 23096 W VideoCapabilities: Unrecognized level 1879048707 for video/x-vnd.on2.vp8
11-24 13:34:15.448 23042 23096 W VideoCapabilities: Unrecognized profile 1879048704 for video/x-vnd.on2.vp8
11-24 13:34:15.449 23042 23096 W VideoCapabilities: Unsupported mime image/vnd.android.heic
11-24 13:34:15.449 23042 23096 W VideoCapabilities: Unrecognized level 1879048707 for video/x-vnd.on2.vp8
11-24 13:34:15.449 23042 23096 W VideoCapabilities: Unrecognized profile 1879048704 for video/x-vnd.on2.vp8
11-24 13:34:15.449 23042 23096 W VideoCapabilities: Unrecognized level 1879048707 for video/x-vnd.on2.vp8
11-24 13:34:15.449 23042 23096 W VideoCapabilities: Unrecognized profile 1879048704 for video/x-vnd.on2.vp8
11-24 13:34:15.451 13502 12058 I NetworkScheduler.Stats: (REDACTED) Task %s/%s started execution. cause:%s exec_start_elapsed_seconds: %s
11-24 13:34:15.451 23042 23096 W cr_VAUtil: Unknown profile: 1879048704 for codec video/x-vnd.on2.vp8
11-24 13:34:15.458  1011  1189 I ASH     : @ 176107.648: tcs3701: stop power rail pending_off timer
11-24 13:34:15.458  1011  1189 D ASH     : @ 176107.648: tcs3701: start power rail timer, state:3
11-24 13:34:15.469 22964 23024 I tflite  : Initialized TensorFlow Lite runtime.
11-24 13:34:15.469 22964 23024 W libc    : Access denied finding property "ro.mediatek.platform"
11-24 13:34:15.470 22964 23024 W libc    : Access denied finding property "ro.chipname"
11-24 13:34:15.470 22964 23024 W libc    : Access denied finding property "ro.hardware.chipname"
11-24 13:34:15.492  3563  4325 D MediaProvider: Open with FUSE. FilePath: /storage/emulated/0/Download/batterymanager-companion-1.0.0.zip. Uid: 10010. Media Capabilities Uid: 0. ShouldRedact: false. ShouldTranscode: false
11-24 13:34:15.493  1795  3324 D ConnectivityService: requestNetwork for uid/pid:10010/22964 activeRequest: null callbackRequest: 4513 [NetworkRequest [ REQUEST id=4514, [ Capabilities: INTERNET&NOT_RESTRICTED&TRUSTED&NOT_VCN_MANAGED Uid: 10010 RequestorUid: 10010 RequestorPkg: com.chrome.canary UnderlyingNetworks: Null] ]] callback flags: 0 order: 2147483647
11-24 13:34:15.493  1795  2424 D WifiNetworkFactory: got request NetworkRequest [ REQUEST id=4514, [ Capabilities: INTERNET&NOT_RESTRICTED&TRUSTED&NOT_VCN_MANAGED Uid: 10010 RequestorUid: 10010 RequestorPkg: com.chrome.canary UnderlyingNetworks: Null] ]
11-24 13:34:15.494  1795  2424 V WifiNetworkFactory: Accepted network request NetworkRequest [ REQUEST id=4514, [ Capabilities: INTERNET&NOT_RESTRICTED&TRUSTED&NOT_VCN_MANAGED Uid: 10010 RequestorUid: 10010 RequestorPkg: com.chrome.canary UnderlyingNetworks: Null] ]
11-24 13:34:15.494  1795  2432 D ConnectivityService: NetReassign [4514 : null → 100] [c 0] [a 0] [i 0]
11-24 13:34:15.494  1795  2424 D UntrustedWifiNetworkFactory: got request NetworkRequest [ REQUEST id=4514, [ Capabilities: INTERNET&NOT_RESTRICTED&TRUSTED&NOT_VCN_MANAGED Uid: 10010 RequestorUid: 10010 RequestorPkg: com.chrome.canary UnderlyingNetworks: Null] ]
11-24 13:34:15.494  1795  2424 D OemPaidWifiNetworkFactory: got request NetworkRequest [ REQUEST id=4514, [ Capabilities: INTERNET&NOT_RESTRICTED&TRUSTED&NOT_VCN_MANAGED Uid: 10010 RequestorUid: 10010 RequestorPkg: com.chrome.canary UnderlyingNetworks: Null] ]
11-24 13:34:15.494  1795  2424 D MultiInternetWifiNetworkFactory: got request NetworkRequest [ REQUEST id=4514, [ Capabilities: INTERNET&NOT_RESTRICTED&TRUSTED&NOT_VCN_MANAGED Uid: 10010 RequestorUid: 10010 RequestorPkg: com.chrome.canary UnderlyingNetworks: Null] ]
11-24 13:34:15.498  1011  1189 I ASH     : @ 176107.688: tcs3701: stop power rail pending_off timer
11-24 13:34:15.498  1011  1189 D ASH     : @ 176107.688: tcs3701: start power rail timer, state:3
11-24 13:34:15.501  1795  2432 D ConnectivityService: NetReassign [no changes] [c 0] [a 0] [i 2]
11-24 13:34:15.502  3563  4325 D MediaProvider: Open with FUSE. FilePath: /storage/emulated/0/Download/com.example.batterymanager_utility (1).apk. Uid: 10010. Media Capabilities Uid: 0. ShouldRedact: false. ShouldTranscode: false
11-24 13:34:15.503 13502 12059 I NetworkScheduler.Stats: (REDACTED) Task %s/%s finished executing. cause:%s result: %s elapsed_millis: %s uptime_millis: %s exec_start_elapsed_seconds: %s
11-24 13:34:15.507  3563  4325 D MediaProvider: Open with FUSE. FilePath: /storage/emulated/0/Download/com.example.batterymanager_utility.apk. Uid: 10010. Media Capabilities Uid: 0. ShouldRedact: false. ShouldTranscode: false
11-24 13:34:15.522 22964 22964 I cr_InactivityTracker: Last background time read from the SharedPreference is:-1.
11-24 13:34:15.523 22964 22964 I cr_VideoPersist: Exited picture in picture with reason: 0
11-24 13:34:15.525 22964 22964 I cr_InactivityTracker: Last visible time read from the SharedPreference is:1700828968110.
11-24 13:34:15.538  1011  1189 I ASH     : @ 176107.728: tcs3701: stop power rail pending_off timer
11-24 13:34:15.538  1011  1189 D ASH     : @ 176107.728: tcs3701: start power rail timer, state:3
11-24 13:34:15.543 22964 22964 I cr_InactivityTracker: Last visible time read from the SharedPreference is:1700829255525.
11-24 13:34:15.578  1011  1189 I ASH     : @ 176107.768: tcs3701: stop power rail pending_off timer
11-24 13:34:15.578  1011  1189 D ASH     : @ 176107.768: tcs3701: start power rail timer, state:3
11-24 13:34:15.608 22964 23024 W chromium: [WARNING:ev_root_ca_metadata.cc(119)] Not implemented
11-24 13:34:15.608 22964 23024 W chromium: [WARNING:ev_root_ca_metadata.cc(119)] Not implemented
11-24 13:34:15.615 22964 23024 W chromium: [WARNING:ev_root_ca_metadata.cc(119)] Not implemented
11-24 13:34:15.618  1011  1189 I ASH     : @ 176107.808: tcs3701: stop power rail pending_off timer
11-24 13:34:15.618  1011  1189 D ASH     : @ 176107.808: tcs3701: start power rail timer, state:3
11-24 13:34:15.621 22964 22964 I Choreographer: Skipped 53 frames!  The application may be doing too much work on its main thread.
11-24 13:34:15.658  1011  1189 I ASH     : @ 176107.848: tcs3701: stop power rail pending_off timer
11-24 13:34:15.658  1011  1189 D ASH     : @ 176107.848: tcs3701: start power rail timer, state:3
11-24 13:34:15.698  1011  1189 I ASH     : @ 176107.888: tcs3701: stop power rail pending_off timer
11-24 13:34:15.698  1011  1189 D ASH     : @ 176107.888: tcs3701: start power rail timer, state:3
11-24 13:34:15.738  1011  1189 I ASH     : @ 176107.928: tcs3701: stop power rail pending_off timer
11-24 13:34:15.738  1011  1189 D ASH     : @ 176107.928: tcs3701: start power rail timer, state:3
11-24 13:34:15.747 22964 22964 V MediaRouter: Selecting route: RouteInfo{ name=Phone, description=null, status=null, category=RouteCategory{ name=System types=ROUTE_TYPE_LIVE_AUDIO ROUTE_TYPE_LIVE_VIDEO  groupable=false }, supportedTypes=ROUTE_TYPE_LIVE_AUDIO ROUTE_TYPE_LIVE_VIDEO , presentationDisplay=null }
11-24 13:34:15.778  1011  1189 I ASH     : @ 176107.968: tcs3701: stop power rail pending_off timer
11-24 13:34:15.778  1011  1189 D ASH     : @ 176107.968: tcs3701: start power rail timer, state:3
11-24 13:34:15.804 22964 22964 I cr_PwaRestore: Not showing PWA Restore promo, feature flag is disabled
11-24 13:34:15.818  1011  1189 I ASH     : @ 176108.008: tcs3701: stop power rail pending_off timer
11-24 13:34:15.818  1011  1189 D ASH     : @ 176108.008: tcs3701: start power rail timer, state:3
11-24 13:34:15.842  1795  2679 D CompatibilityChangeReporter: Compat change id reported: 214016041; UID 10010; state: ENABLED
11-24 13:34:15.844  3375  3375 I GoogleInputMethodService: GoogleInputMethodService.onFinishInput():3154 
11-24 13:34:15.846  3375  3375 I GoogleInputMethodService: GoogleInputMethodService.updateDeviceLockedStatus():2088 repeatCheckTimes = 0, locked = false
11-24 13:34:15.846  3375  3375 I GoogleInputMethodService: GoogleInputMethodService.onStartInput():1883 onStartInput(EditorInfo{EditorInfo{packageName=com.chrome.canary, inputType=0, inputTypeString=NULL, enableLearning=false, autoCorrection=false, autoComplete=false, imeOptions=12000000, privateImeOptions=null, actionName=UNSPECIFIED, actionLabel=null, initialSelStart=-1, initialSelEnd=-1, initialCapsMode=0, label=null, fieldId=-1, fieldName=null, extras=null, hintText=null, hintLocales=[]}}, false)
11-24 13:34:15.847  3375  3375 I GoogleInputMethodService: GoogleInputMethodService.updateDeviceLockedStatus():2088 repeatCheckTimes = 1, locked = false
11-24 13:34:15.858  1011  1189 I ASH     : @ 176108.048: tcs3701: stop power rail pending_off timer
11-24 13:34:15.858  1011  1189 D ASH     : @ 176108.048: tcs3701: start power rail timer, state:3
11-24 13:34:15.898  1011  1189 I ASH     : @ 176108.088: tcs3701: stop power rail pending_off timer
11-24 13:34:15.898  1011  1189 D ASH     : @ 176108.088: tcs3701: start power rail timer, state:3
11-24 13:34:15.938  1011  1189 I ASH     : @ 176108.128: tcs3701: stop power rail pending_off timer
11-24 13:34:15.938  1011  1189 D ASH     : @ 176108.128: tcs3701: start power rail timer, state:3
11-24 13:34:15.978  1011  1189 I ASH     : @ 176108.168: tcs3701: stop power rail pending_off timer
11-24 13:34:15.978  1011  1189 D ASH     : @ 176108.168: tcs3701: start power rail timer, state:3
11-24 13:34:16.018  1011  1189 I ASH     : @ 176108.208: tcs3701: stop power rail pending_off timer
11-24 13:34:16.018  1011  1189 D ASH     : @ 176108.208: tcs3701: start power rail timer, state:3
11-24 13:34:16.031  1795  3324 D ActivityManager: freezer override set to true
11-24 13:34:16.031  1795  3324 D ActivityManager: sync unfroze 10120 com.google.android.cellbroadcastreceiver
11-24 13:34:16.032 22964 23023 I cr_ADCP : No customization source found
11-24 13:34:16.035 13502 13502 D BoundBrokerSvc: onBind: Intent { act=com.google.android.gms.icing.LIGHTWEIGHT_INDEX_SERVICE pkg=com.google.android.gms }
11-24 13:34:16.035 13502 13502 D BoundBrokerSvc: Loading bound service for intent: Intent { act=com.google.android.gms.icing.LIGHTWEIGHT_INDEX_SERVICE pkg=com.google.android.gms }
11-24 13:34:16.035 13502 13502 E AbstractGmsTracer: Traced class shouldn't be obfuscated: LightweightIndexChimeraService [CONTEXT service_id=259 ]
11-24 13:34:16.039 22964 23023 E cr_PartnerBMReader: ATTENTION: not using partner bookmarks as none were provided
11-24 13:34:16.056  1795  3324 D ActivityManager: freezer override set to false
11-24 13:34:16.058  1011  1189 I ASH     : @ 176108.248: tcs3701: stop power rail pending_off timer
11-24 13:34:16.058  1011  1189 D ASH     : @ 176108.248: tcs3701: start power rail timer, state:3
11-24 13:34:16.067 13730 13730 D BoundBrokerSvc: onBind: Intent { act=com.google.android.gms.feedback.internal.IFeedbackService dat=chimera-action:/... cmp=com.google.android.gms/.chimera.GmsBoundBrokerService }
11-24 13:34:16.067 13730 13730 D BoundBrokerSvc: Loading bound service for intent: Intent { act=com.google.android.gms.feedback.internal.IFeedbackService dat=chimera-action:/... cmp=com.google.android.gms/.chimera.GmsBoundBrokerService }
11-24 13:34:16.068 13730 13730 E AbstractGmsTracer: Traced class shouldn't be obfuscated: FeedbackBoundService [CONTEXT service_id=259 ]
11-24 13:34:16.071 13502 13502 E AbstractGmsTracer: Traced class shouldn't be obfuscated: LockboxBrokerChimeraService [CONTEXT service_id=259 ]
11-24 13:34:16.079 13730 13730 E AbstractGmsTracer: Traced class shouldn't be obfuscated: AppIndexingChimeraService [CONTEXT service_id=259 ]
11-24 13:34:16.089 13730 13730 E AbstractGmsTracer: Traced class shouldn't be obfuscated: IndexChimeraService [CONTEXT service_id=259 ]
11-24 13:34:16.098  1011  1189 I ASH     : @ 176108.288: tcs3701: stop power rail pending_off timer
11-24 13:34:16.098 13730 13730 E AbstractGmsTracer: Traced class shouldn't be obfuscated: IndexWorkerChimeraService [CONTEXT service_id=259 ]
11-24 13:34:16.099  1011  1189 D ASH     : @ 176108.288: tcs3701: start power rail timer, state:3
11-24 13:34:16.103 13730 13764 I Icing   : IndexChimeraService.getServiceInterface callingPackage=com.google.android.gms componentName=null serviceId=30
11-24 13:34:16.108 13730 13730 E AbstractGmsTracer: Traced class shouldn't be obfuscated: GmsBoundBrokerChimeraService [CONTEXT service_id=259 ]
11-24 13:34:16.108 13730 13730 D BoundBrokerSvc: onBind: Intent { act=com.google.android.gms.common.BIND_SHARED_PREFS pkg=com.google.android.gms }
11-24 13:34:16.108 13730 13730 D BoundBrokerSvc: Loading bound service for intent: Intent { act=com.google.android.gms.common.BIND_SHARED_PREFS pkg=com.google.android.gms }
11-24 13:34:16.109 13730 13730 E AbstractGmsTracer: Traced class shouldn't be obfuscated: SharedPreferencesBoundService [CONTEXT service_id=259 ]
11-24 13:34:16.111 13502 13502 D BoundBrokerSvc: onBind: Intent { act=com.google.android.gms.icing.LIGHTWEIGHT_INDEX_SERVICE dat=chimera-action:/... cmp=com.google.android.gms/.chimera.PersistentApiService }
11-24 13:34:16.111 13502 13502 D BoundBrokerSvc: Loading bound service for intent: Intent { act=com.google.android.gms.icing.LIGHTWEIGHT_INDEX_SERVICE dat=chimera-action:/... cmp=com.google.android.gms/.chimera.PersistentApiService }
11-24 13:34:16.115 13730 13730 D BoundBrokerSvc: onUnbind: Intent { act=com.google.android.gms.common.BIND_SHARED_PREFS pkg=com.google.android.gms }
11-24 13:34:16.138  1011  1189 I ASH     : @ 176108.328: tcs3701: stop power rail pending_off timer
11-24 13:34:16.138  1011  1189 D ASH     : @ 176108.328: tcs3701: start power rail timer, state:3
11-24 13:34:16.175  1795  2735 D CompatibilityChangeReporter: Compat change id reported: 161252188; UID 10010; state: DISABLED
11-24 13:34:16.178  1011  1189 I ASH     : @ 176108.368: tcs3701: stop power rail pending_off timer
11-24 13:34:16.178  1011  1189 D ASH     : @ 176108.368: tcs3701: start power rail timer, state:3
11-24 13:34:16.180 13730  9590 I Icing   : Usage reports ok 4, Failed Usage reports 0, indexed 3, rejected 0
11-24 13:34:16.218  1011  1189 I ASH     : @ 176108.408: tcs3701: stop power rail pending_off timer
11-24 13:34:16.218  1011  1189 D ASH     : @ 176108.408: tcs3701: start power rail timer, state:3
11-24 13:34:16.222 22964 23024 W chromium: [WARNING:ev_root_ca_metadata.cc(119)] Not implemented
11-24 13:34:16.222 22964 23024 W chromium: [WARNING:ev_root_ca_metadata.cc(119)] Not implemented
11-24 13:34:16.237  1795  2679 D ActivityManager: freezer override set to true
11-24 13:34:16.242 22964 23024 W chromium: [WARNING:ev_root_ca_metadata.cc(119)] Not implemented
11-24 13:34:16.242 22964 23024 W chromium: [WARNING:ev_root_ca_metadata.cc(119)] Not implemented
11-24 13:34:16.258  1011  1189 I ASH     : @ 176108.448: tcs3701: stop power rail pending_off timer
11-24 13:34:16.259  1011  1189 D ASH     : @ 176108.448: tcs3701: start power rail timer, state:3
11-24 13:34:16.298  1011  1189 I ASH     : @ 176108.488: tcs3701: stop power rail pending_off timer
11-24 13:34:16.298  1011  1189 D ASH     : @ 176108.488: tcs3701: start power rail timer, state:3
11-24 13:34:16.338  1011  1189 I ASH     : @ 176108.528: tcs3701: stop power rail pending_off timer
11-24 13:34:16.338  1011  1189 D ASH     : @ 176108.528: tcs3701: start power rail timer, state:3
11-24 13:34:16.369 22964 23008 I m.chrome.canary: Explicit concurrent copying GC freed 589861(20MB) AllocSpace objects, 25(820KB) LOS objects, 75% free, 8354KB/32MB, paused 67us,21us total 35.744ms
11-24 13:34:16.379  1011  1189 I ASH     : @ 176108.568: tcs3701: stop power rail pending_off timer
11-24 13:34:16.379  1011  1189 D ASH     : @ 176108.568: tcs3701: start power rail timer, state:3
11-24 13:34:16.407  1795  2679 D ActivityManager: freezer override set to false
11-24 13:34:16.418  1011  1189 I ASH     : @ 176108.608: tcs3701: stop power rail pending_off timer
11-24 13:34:16.418  1011  1189 D ASH     : @ 176108.608: tcs3701: start power rail timer, state:3
11-24 13:34:16.453  1795  3324 D ActivityManager: freezer override set to true
11-24 13:34:16.458  1011  1189 I ASH     : @ 176108.648: tcs3701: stop power rail pending_off timer
11-24 13:34:16.458  1011  1189 D ASH     : @ 176108.648: tcs3701: start power rail timer, state:3
11-24 13:34:16.465  1795  3324 D ActivityManager: freezer override set to false
11-24 13:34:16.498  1011  1189 I ASH     : @ 176108.688: tcs3701: stop power rail pending_off timer
11-24 13:34:16.498  1011  1189 D ASH     : @ 176108.688: tcs3701: start power rail timer, state:3
11-24 13:34:16.539  1011  1189 I ASH     : @ 176108.728: tcs3701: stop power rail pending_off timer
11-24 13:34:16.539  1011  1189 D ASH     : @ 176108.728: tcs3701: start power rail timer, state:3
11-24 13:34:16.579  1011  1189 I ASH     : @ 176108.768: tcs3701: stop power rail pending_off timer
11-24 13:34:16.579  1011  1189 D ASH     : @ 176108.768: tcs3701: start power rail timer, state:3
11-24 13:34:16.618  1011  1189 I ASH     : @ 176108.808: tcs3701: stop power rail pending_off timer
11-24 13:34:16.618  1011  1189 D ASH     : @ 176108.808: tcs3701: start power rail timer, state:3
11-24 13:34:16.637  1795  2735 I ActivityManager: Background started FGS: Allowed [callingPackage: com.android.shell; callingUid: 2000; uidState: NONE; intent: Intent { cmp=com.example.batterymanager_utility/.DataCollectionService (has extras) }; code:SYSTEM_UID; tempAllowListReason:<,reasonCode:SYSTEM_ALLOW_LISTED,duration:9223372036854775807,callingUid:-1>; targetSdkVersion:33; callerTargetSdkVersion:33; startForegroundCount:0; bindFromPackage:null]
11-24 13:34:16.643 10476 10476 I BatteryMgr:DataCollectionService: onStartCommand: begin
11-24 13:34:16.643 10476 10476 I BatteryMgr:DataCollectionService: onStartCommand: sampleRate => 100
11-24 13:34:16.643 10476 10476 I BatteryMgr:DataCollectionService: onStartCommand: rawFields => Timestamp,BATTERY_PROPERTY_CURRENT_NOW,EXTRA_VOLTAGE,BATTERY_PROPERTY_CURRENT_AVERAGE,BATTERY_PROPERTY_CHARGE_COUNTER,BATTERY_PROPERTY_CAPACITY
11-24 13:34:16.645 10476 10476 I BatteryMgr:DataCollectionService: onStartCommand: notification done
11-24 13:34:16.648 10476 10476 I BatteryMgr:DataCollectionService: started foreground
11-24 13:34:16.651 10476 10510 I BatteryMgr:DataCollectionService: collectData: begin
11-24 13:34:16.656 10476 10510 I BatteryMgr:DataCollectionService: stats => 1700829256655,8239,4453,11901,4169000,100
11-24 13:34:16.658  1011  1189 I ASH     : @ 176108.848: tcs3701: stop power rail pending_off timer
11-24 13:34:16.658  1011  1189 D ASH     : @ 176108.848: tcs3701: start power rail timer, state:3
11-24 13:34:16.698  1011  1189 I ASH     : @ 176108.888: tcs3701: stop power rail pending_off timer
11-24 13:34:16.698  1011  1189 D ASH     : @ 176108.888: tcs3701: start power rail timer, state:3
11-24 13:34:16.738  1011  1189 I ASH     : @ 176108.928: tcs3701: stop power rail pending_off timer
11-24 13:34:16.738  1011  1189 D ASH     : @ 176108.928: tcs3701: start power rail timer, state:3
11-24 13:34:16.761 10476 10510 I BatteryMgr:DataCollectionService: stats => 1700829256761,8239,4453,11901,4169000,100
11-24 13:34:16.778  1011  1189 I ASH     : @ 176108.968: tcs3701: stop power rail pending_off timer
11-24 13:34:16.778  1011  1189 D ASH     : @ 176108.968: tcs3701: start power rail timer, state:3
11-24 13:34:16.791  1795  2424 D WifiClientModeImpl[13802:wlan0]: updateLinkLayerStatsRssiSpeedFrequencyCapabilities rssi=-44 TxLinkspeed=866 freq=5240 RxLinkSpeed=866
11-24 13:34:16.792  1795  2424 D WifiDataStall: tx tput in kbps: 735930
11-24 13:34:16.792  1795  2424 D WifiDataStall: rx tput in kbps: 774664
11-24 13:34:16.792  1795  2424 V WifiConfigManager: Updating scan detail cache freq=5240 BSSID=f4:6d:2f:12:cc:88 RSSI=-43 for "ourhome"WPA_PSK
11-24 13:34:16.792  1795  2424 D WifiChannelUtilization:  freq: 5240 onTime: 5080362 busyTime: 499795 onTimeDiff: 1705570 busyTimeDiff: 184096 utilization: 27 utilization t0: 25
11-24 13:34:16.793  2782  5906 D QCNEJ/WlanStaInfoRelay: Received action: android.net.wifi.RSSI_CHANGED
11-24 13:34:16.793  1795  2424 D WifiDataStall:  ccaLevel = 27
11-24 13:34:16.793  1795  2424 D WifiDataStall: L2 txTputKbps: 735930, rxTputKbps: 774664, L3 txTputKbps: 54, rxTputKbps: 131, TxTrafficHigh: true, RxTrafficHigh: true, Throughput Sufficient: true
11-24 13:34:16.793  1795  2424 D WifiScoreReport: Wifi scoring disabled - Don't check IP layer
11-24 13:34:16.793  2673  4313 V WifiManager: OnWifiUsabilityStatsListener: onWifiUsabilityStats: seqNum=51334
11-24 13:34:16.793  1795  2424 D WifiScoreCard: BSSID update SIGNAL_POLL ID: 1320464697 SSID: "ourhome", BSSID: f4:6d:2f:12:cc:88, MAC: b2:2f:ec:da:4a:0c, IP: /192.168.1.104, Security type: 2, Supplicant state: COMPLETED, Wi-Fi standard: 5, RSSI: -44, Link speed: 866Mbps, Tx Link speed: 866Mbps, Max Supported Tx Link speed: 866Mbps, Rx Link speed: 866Mbps, Max Supported Rx Link speed: 866Mbps, Frequency: 5240MHz, Net ID: 12, Metered hint: false, score: 60, isUsable: true, CarrierMerged: false, SubscriptionId: -1, IsPrimary: 1, Trusted: true, Restricted: false, Ephemeral: false, OEM paid: false, OEM private: false, OSU AP: false, FQDN: <none>, Provider friendly name: <none>, Requesting package name: <none>"ourhome"wpa2-pskMLO Information: , Is TID-To-Link negotiation supported by the AP: false, AP MLD Address: <none>, AP MLO Link Id: <none>, AP MLO Affiliated links: <none>
11-24 13:34:16.793  1795  2424 D WifiScoreCard: txRate: 16 txSpeed: 866
11-24 13:34:16.793  1795  2424 D WifiScoreCard: network update SIGNAL_POLL "ourhome" ID: 1499892569 RSSI -44 txSpeed 866
11-24 13:34:16.793  2513  8969 V WifiManager: TrafficStateCallbackProxy: onStateChanged state=3
11-24 13:34:16.793  1795  2424 D WifiClientModeImpl[13802:wlan0]:  ClientModeImpl$L2ConnectedState screen=on 29 0 "ourhome" f4:6d:2f:12:cc:88 rssi=-44 f=5240 sc=60 link=866 tx=14.5, 0.8, 0.0 rx=8.6 bcn=1695443 [on:657 tx:10 rx:4 period:3009] from screen [on:470782 period:24498784] score=60
11-24 13:34:16.793  1795  3324 I WifiService: updateWifiUsabilityScore uid=10180 seqNum=51334 score=100 predictionHorizonSec=1441795
11-24 13:34:16.795  1795  2424 D WifiScoreReport: Wifi scoring disabled - Notify that Wifi is usable
11-24 13:34:16.797  1795  2432 D ConnectivityService: NetReassign [no changes] [c 0] [a 0] [i 2]
11-24 13:34:16.806 23042 23073 I AdrenoVK-0: QUALCOMM build          : 4783c89, I46ff5fc46f
11-24 13:34:16.806 23042 23073 I AdrenoVK-0: Build Date              : 11/30/20
11-24 13:34:16.806 23042 23073 I AdrenoVK-0: Shader Compiler Version : EV031.31.04.01
11-24 13:34:16.806 23042 23073 I AdrenoVK-0: Local Branch            : QPR2
11-24 13:34:16.806 23042 23073 I AdrenoVK-0: Remote Branch           : 
11-24 13:34:16.806 23042 23073 I AdrenoVK-0: Remote Branch           : 
11-24 13:34:16.806 23042 23073 I AdrenoVK-0: Reconstruct Branch      : 
11-24 13:34:16.806 23042 23073 I AdrenoVK-0: Build Config            : S P 10.0.4 AArch64
11-24 13:34:16.807 23042 23073 I AdrenoVK-0: Driver Path             : /vendor/lib64/hw/vulkan.adreno.so
11-24 13:34:16.818  1011  1189 I ASH     : @ 176109.008: tcs3701: stop power rail pending_off timer
11-24 13:34:16.818  1011  1189 D ASH     : @ 176109.008: tcs3701: start power rail timer, state:3
11-24 13:34:16.826  1795  3324 I ActivityTaskManager: START u0 {act=android.intent.action.VIEW dat=https://playground.babylonjs.com/... flg=0x10000000 cmp=com.chrome.canary/com.google.android.apps.chrome.Main} from uid 2000
11-24 13:34:16.827  1795  3324 D CompatibilityChangeReporter: Compat change id reported: 265464455; UID 10010; state: DISABLED
11-24 13:34:16.827  1795  3324 D CompatibilityChangeReporter: Compat change id reported: 265452344; UID 10010; state: DISABLED
11-24 13:34:16.827  1795  3324 D CompatibilityChangeReporter: Compat change id reported: 266124927; UID 10010; state: DISABLED
11-24 13:34:16.827  1795  3324 D CompatibilityChangeReporter: Compat change id reported: 265451093; UID 10010; state: DISABLED
11-24 13:34:16.828  1795  3324 D CompatibilityChangeReporter: Compat change id reported: 265456536; UID 10010; state: DISABLED
11-24 13:34:16.828  1795  3324 D CompatibilityChangeReporter: Compat change id reported: 255940284; UID 10010; state: DISABLED
11-24 13:34:16.828  1795  3324 D CompatibilityChangeReporter: Compat change id reported: 236283604; UID 10010; state: DISABLED
11-24 13:34:16.828  1795  3324 D CompatibilityChangeReporter: Compat change id reported: 263959004; UID 10010; state: DISABLED
11-24 13:34:16.828  1795  3324 D CompatibilityChangeReporter: Compat change id reported: 264304459; UID 10010; state: DISABLED
11-24 13:34:16.828  1795  3324 D CompatibilityChangeReporter: Compat change id reported: 264301586; UID 10010; state: DISABLED
11-24 13:34:16.828  1795  3324 D CompatibilityChangeReporter: Compat change id reported: 254631730; UID 10010; state: DISABLED
11-24 13:34:16.828  1795  3324 D CompatibilityChangeReporter: Compat change id reported: 273509367; UID 10010; state: DISABLED
11-24 13:34:16.828  1795  3324 D CompatibilityChangeReporter: Compat change id reported: 263259275; UID 10010; state: DISABLED
11-24 13:34:16.829  1795  3324 D CompatibilityChangeReporter: Compat change id reported: 194480991; UID 10010; state: ENABLED
11-24 13:34:16.829  1795  3324 D CompatibilityChangeReporter: Compat change id reported: 174042980; UID 10010; state: DISABLED
11-24 13:34:16.831  1795  3324 D CompatibilityChangeReporter: Compat change id reported: 181136395; UID 10010; state: DISABLED
11-24 13:34:16.831  1795  3324 D CompatibilityChangeReporter: Compat change id reported: 174042936; UID 10010; state: DISABLED
11-24 13:34:16.835  1795  3324 D CompatibilityChangeReporter: Compat change id reported: 194833441; UID 10010; state: ENABLED
11-24 13:34:16.844 22964 22964 W cr_ActivityDispatcher: CustomTabsIntent#shouldAlwaysUseBrowserUI() = false
11-24 13:34:16.844 22964 22964 I cr_VideoPersist: Exited picture in picture with reason: 0
11-24 13:34:16.845 22964 22964 E cr_IntentUtils: getInt failed on bundle null
11-24 13:34:16.858  1795  2120 D CompatibilityChangeReporter: Compat change id reported: 143937733; UID 10010; state: ENABLED
11-24 13:34:16.858  1011  1189 I ASH     : @ 176109.048: tcs3701: stop power rail pending_off timer
11-24 13:34:16.858  1011  1189 D ASH     : @ 176109.048: tcs3701: start power rail timer, state:3
11-24 13:34:16.866 10476 10510 I BatteryMgr:DataCollectionService: stats => 1700829256865,8239,4453,11901,4169000,100
11-24 13:34:16.867 23009 23009 D Zygote  : Forked child process 23187
11-24 13:34:16.868 23187 23187 E libc    : SetHeapTaggingLevel: re-enabling tagging after it was disabled is not supported
11-24 13:34:16.869  1795  2120 I ActivityManager: Start proc 23187:com.chrome.canary:sandboxed_process0:org.chromium.content.app.SandboxedProcessService0:1/u0ai1 for  {com.chrome.canary/org.chromium.content.app.SandboxedProcessService0:1}
11-24 13:34:16.870 22964 22964 W cr_ActivityDispatcher: CustomTabsIntent#shouldAlwaysUseBrowserUI() = false
11-24 13:34:16.870 23187 23187 I ocessService0:1: Using CollectorTypeCC GC.
11-24 13:34:16.876  1383  1442 I adbd    : jdwp connection from 23187
11-24 13:34:16.884  1795  2679 D CompatibilityChangeReporter: Compat change id reported: 168419799; UID 10010; state: DISABLED
11-24 13:34:16.884  1795  2679 D CompatibilityChangeReporter: Compat change id reported: 273564678; UID 10010; state: DISABLED
11-24 13:34:16.886  3657  4525 D ForegroundUtils: Foreground UID status:
11-24 13:34:16.886  3657  4525 D ForegroundUtils: UID: 10010 is in foreground: true
11-24 13:34:16.886  3657  4525 D ForegroundUtils: UID: 10128 is in foreground: true
11-24 13:34:16.886  3657  4525 D ForegroundUtils: UID: 10145 is in foreground: true
11-24 13:34:16.886  3657  4525 D ForegroundUtils: UID: 10158 is in foreground: true
11-24 13:34:16.886  3657  4525 D ForegroundUtils: UID: 10189 is in foreground: false
11-24 13:34:16.886  3657  4525 D ForegroundUtils: UID: 10194 is in foreground: true
11-24 13:34:16.886  3657  4525 D ForegroundUtils: UID: 10206 is in foreground: false
11-24 13:34:16.886  3657  4525 D ForegroundUtils: UID: 10233 is in foreground: true
11-24 13:34:16.886  3657  4525 D ForegroundUtils: UID: 10244 is in foreground: false
11-24 13:34:16.886  3657  4525 D ForegroundUtils: UID: 10319 is in foreground: true
11-24 13:34:16.886  3657  4525 D ForegroundUtils: UID: 90000 is in foreground: true
11-24 13:34:16.886  3657  4525 D ForegroundUtils: UID: 90001 is in foreground: true
11-24 13:34:16.887 23187 23187 I ActivityThread: Relaunch all activities: onCoreSettingsChange
11-24 13:34:16.887 23187 23187 D CompatibilityChangeReporter: Compat change id reported: 171979766; UID 90001; state: ENABLED
11-24 13:34:16.898  1795  2679 D CoreBackPreview: Window{b8a8659 u0 com.chrome.canary/com.google.android.apps.chrome.Main}: Setting back callback OnBackInvokedCallbackInfo{mCallback=android.window.IOnBackInvokedCallback$Stub$Proxy@4a2a3c4, mPriority=0}
11-24 13:34:16.898  1011  1189 I ASH     : @ 176109.088: tcs3701: stop power rail pending_off timer
11-24 13:34:16.898  1011  1189 D ASH     : @ 176109.088: tcs3701: start power rail timer, state:3
11-24 13:34:16.900 23187 23187 I LoadedApk: No resource references to update in package com.google.android.trichromelibrary.canary
11-24 13:34:16.900 23187 23187 D NetworkSecurityConfig: Using Network Security Config from resource 0_resource_name_obfuscated debugBuild: false
11-24 13:34:16.901 23187 23187 D NetworkSecurityConfig: Using Network Security Config from resource 0_resource_name_obfuscated debugBuild: false
11-24 13:34:16.901 22964 22964 I cr_OfflineDetector: Running updateState mConnectivityDetectorInitialized: true, mTimeWhenLastForegrounded: 176105716, getElapsedTime: 176105716, mTimeWhenLastOfflineNotificationReceived: 0, mTimeWhenLastOnline: 176104201, mTimeWhenAirplaneModeToggledOff: 0 mApplicationState: 1, mIsOfflineLastReportedByConnectivityDetector: false, mInAirplaneMode: false mIsEffectivelyOffline: false
11-24 13:34:16.902 22964 22964 I cr_OfflineDetector: updateState(): timeSinceLastForeground: 0, timeSinceOfflineNotificationReceived: 176105716, timeSinceLastOnline: 1515, timeNeededForForeground: 2000, timeNeededForOffline: -176103716 timeSinceAirplaneModeToggledOff: 176105716 timeNeededAfterConnectionChangeFromOnlineToOffline: 8485 timeNeededAfterConnectionChangeFromAirplaneToOffline: 0
11-24 13:34:16.902 22964 22964 I cr_OfflineDetector: Running mUpdateOfflineStatusIndicatorDelayedRunnable start. mConnectivityDetectorInitialized: true, mTimeWhenLastForegrounded: 176105716, getElapsedTime: 176105716, mTimeWhenLastOfflineNotificationReceived: 0, mTimeWhenLastOnline: 176104201, mTimeWhenAirplaneModeToggledOff: 0 mApplicationState: 1, mIsOfflineLastReportedByConnectivityDetector: false, mInAirplaneMode: false mIsEffectivelyOffline: false
11-24 13:34:16.903 23187 23187 I cr_SplitCompatApp: Launched version=121.0.6137.0 minSdkVersion=29 isBundle=true processName=com.chrome.canary:sandboxed_process0:org.chromium.content.app.SandboxedProcessService0:1 isIsolated=true
11-24 13:34:16.904 22964 22964 I cr_InactivityTracker: Last background time read from the SharedPreference is:1700829256836.
11-24 13:34:16.906 22964 22964 I cr_VideoPersist: Exited picture in picture with reason: 0
11-24 13:34:16.908  1795  3324 D CompatibilityChangeReporter: Compat change id reported: 161145287; UID 10010; state: DISABLED
11-24 13:34:16.908 22964 22964 I cr_InactivityTracker: Last visible time read from the SharedPreference is:1700829255543.
11-24 13:34:16.909 23187 23187 W SystemServiceRegistry: No service published for: uimode
11-24 13:34:16.916 23187 23187 I cr_ChildProcessService: Creating new ChildProcessService pid=23187
11-24 13:34:16.925 23187 23202 I cr_LibraryLoader: Successfully loaded native library
11-24 13:34:16.928 23187 23202 I cr_CachingUmaRecorder: Flushed 3 samples from 3 histograms, 0 samples were dropped.
11-24 13:34:16.938  1011  1189 I ASH     : @ 176109.128: tcs3701: stop power rail pending_off timer
11-24 13:34:16.938  1011  1189 D ASH     : @ 176109.128: tcs3701: start power rail timer, state:3
11-24 13:34:16.946  1795  3324 D CompatibilityChangeReporter: Compat change id reported: 214016041; UID 10010; state: ENABLED
11-24 13:34:16.947  3375  3375 I GoogleInputMethodService: GoogleInputMethodService.onFinishInput():3154 
11-24 13:34:16.949  3375  3375 I GoogleInputMethodService: GoogleInputMethodService.updateDeviceLockedStatus():2088 repeatCheckTimes = 0, locked = false
11-24 13:34:16.949  3375  3375 I GoogleInputMethodService: GoogleInputMethodService.onStartInput():1883 onStartInput(EditorInfo{EditorInfo{packageName=com.chrome.canary, inputType=0, inputTypeString=NULL, enableLearning=false, autoCorrection=false, autoComplete=false, imeOptions=12000000, privateImeOptions=null, actionName=UNSPECIFIED, actionLabel=null, initialSelStart=-1, initialSelEnd=-1, initialCapsMode=0, label=null, fieldId=-1, fieldName=null, extras=null, hintText=null, hintLocales=[]}}, false)
11-24 13:34:16.949  3375  3375 I GoogleInputMethodService: GoogleInputMethodService.updateDeviceLockedStatus():2088 repeatCheckTimes = 1, locked = false
11-24 13:34:16.974 10476 10510 I BatteryMgr:DataCollectionService: stats => 1700829256974,8239,4453,11901,4169000,100
11-24 13:34:16.976  3875  3875 I VISHotwordAdapter: Not connected and not waiting for connection.
11-24 13:34:16.978  1011  1189 I ASH     : @ 176109.168: tcs3701: stop power rail pending_off timer
11-24 13:34:16.978  1011  1189 D ASH     : @ 176109.168: tcs3701: start power rail timer, state:3
11-24 13:34:16.979  3875  3875 I VISHotwordAdapter: Still waiting for connection; add the callback to callback list
11-24 13:34:16.983  3875  3875 W VISHotwordAdapter: gsaVis null binding. HDM in use.
11-24 13:34:17.007 23187 23202 I tflite  : Initialized TensorFlow Lite runtime.
11-24 13:34:17.009 23187 23202 W libc    : Access denied finding property "ro.mediatek.platform"
11-24 13:34:17.009 23187 23202 W libc    : Access denied finding property "ro.chipname"
11-24 13:34:17.009 23187 23202 W libc    : Access denied finding property "ro.hardware.chipname"
11-24 13:34:17.009 22964 23002 I cr_BindingManager: Visible binding enabled: maxSize=-1
11-24 13:34:17.019  1011  1189 I ASH     : @ 176109.208: tcs3701: stop power rail pending_off timer
11-24 13:34:17.019  1011  1189 D ASH     : @ 176109.208: tcs3701: start power rail timer, state:3
11-24 13:34:17.039  1795  2679 D ActivityManager: freezer override set to true
11-24 13:34:17.048  1795  2679 D ActivityManager: freezer override set to false
11-24 13:34:17.056  1795  2679 W PackageConfigPersister: App-specific configuration not found for packageName: com.chrome.canary and userId: 0
11-24 13:34:17.058  1011  1189 I ASH     : @ 176109.248: tcs3701: stop power rail pending_off timer
11-24 13:34:17.058  1011  1189 D ASH     : @ 176109.248: tcs3701: start power rail timer, state:3
11-24 13:34:17.060 22964 22964 I cr_A11yState: Enabled accessibility services list updated.
11-24 13:34:17.061 22964 22964 I cr_A11yState: Informing listeners of changes.
11-24 13:34:17.061 22964 22964 I cr_A11yState: New AccessibilityState: State{isScreenReaderEnabled=false, isTouchExplorationEnabled=false, isPerformGesturesEnabled=false, isAnyAccessibilityServiceEnabled=false, isAccessibilityToolPresent=false, isSpokenFeedbackServicePresent=false, isTextShowPasswordEnabled=true, isOnlyPasswordManagersEnabled=false}
11-24 13:34:17.082 10476 10510 I BatteryMgr:DataCollectionService: stats => 1700829257082,8239,4453,11901,4169000,100
11-24 13:34:17.099  1011  1189 I ASH     : @ 176109.288: tcs3701: stop power rail pending_off timer
11-24 13:34:17.099  1011  1189 D ASH     : @ 176109.288: tcs3701: start power rail timer, state:3
11-24 13:34:17.140  1011  1189 I ASH     : @ 176109.328: tcs3701: stop power rail pending_off timer
11-24 13:34:17.140  1011  1189 D ASH     : @ 176109.328: tcs3701: start power rail timer, state:3
11-24 13:34:17.179  1011  1189 I ASH     : @ 176109.368: tcs3701: stop power rail pending_off timer
11-24 13:34:17.179  1011  1189 D ASH     : @ 176109.368: tcs3701: start power rail timer, state:3
11-24 13:34:17.188 10476 10510 I BatteryMgr:DataCollectionService: stats => 1700829257188,8239,4453,11901,4169000,100
11-24 13:34:17.218  1011  1189 I ASH     : @ 176109.408: tcs3701: stop power rail pending_off timer
11-24 13:34:17.218  1011  1189 D ASH     : @ 176109.408: tcs3701: start power rail timer, state:3
11-24 13:34:17.258  1011  1189 I ASH     : @ 176109.448: tcs3701: stop power rail pending_off timer
11-24 13:34:17.258  1011  1189 D ASH     : @ 176109.448: tcs3701: start power rail timer, state:3
11-24 13:34:17.293 10476 10510 I BatteryMgr:DataCollectionService: stats => 1700829257293,8239,4453,11901,4169000,100
11-24 13:34:17.298  1011  1189 I ASH     : @ 176109.488: tcs3701: stop power rail pending_off timer
11-24 13:34:17.298  1011  1189 D ASH     : @ 176109.488: tcs3701: start power rail timer, state:3
11-24 13:34:17.339  1011  1189 I ASH     : @ 176109.528: tcs3701: stop power rail pending_off timer
11-24 13:34:17.339  1011  1189 D ASH     : @ 176109.528: tcs3701: start power rail timer, state:3
11-24 13:34:17.378  1011  1189 I ASH     : @ 176109.568: tcs3701: stop power rail pending_off timer
11-24 13:34:17.378  1011  1189 D ASH     : @ 176109.568: tcs3701: start power rail timer, state:3
