11-24 13:51:50.760 10476 10510 I BatteryMgr:DataCollectionService: stats => 1700830310760,12817,4453,11901,4169000,100
11-24 13:51:50.774  1011  1189 I ASH     : @ 177162.964: tcs3701: stop power rail pending_off timer
11-24 13:51:50.774  1011  1189 D ASH     : @ 177162.964: tcs3701: start power rail timer, state:3
11-24 13:51:50.815  1011  1189 I ASH     : @ 177163.004: tcs3701: stop power rail pending_off timer
11-24 13:51:50.815  1011  1189 D ASH     : @ 177163.004: tcs3701: start power rail timer, state:3
11-24 13:51:50.822  1039  1095 D rlsservice: MonitorDisplayStatus client num 0, display status 1, sensor status 0
11-24 13:51:50.841 15463 15478 I m.chrome.canary: Explicit concurrent copying GC freed 3591(176KB) AllocSpace objects, 3(60KB) LOS objects, 75% free, 12MB/50MB, paused 94us,24us total 48.314ms
11-24 13:51:50.854  1011  1189 I ASH     : @ 177163.044: tcs3701: stop power rail pending_off timer
11-24 13:51:50.854  1011  1189 D ASH     : @ 177163.044: tcs3701: start power rail timer, state:3
11-24 13:51:50.867 10476 10510 I BatteryMgr:DataCollectionService: stats => 1700830310867,12817,4453,11901,4169000,100
11-24 13:51:50.894  1011  1189 I ASH     : @ 177163.084: tcs3701: stop power rail pending_off timer
11-24 13:51:50.894  1011  1189 D ASH     : @ 177163.084: tcs3701: start power rail timer, state:3
11-24 13:51:50.897  1795  3716 D ActivityManager: freezer override set to false
11-24 13:51:50.934  1011  1189 I ASH     : @ 177163.124: tcs3701: stop power rail pending_off timer
11-24 13:51:50.934  1011  1189 D ASH     : @ 177163.124: tcs3701: start power rail timer, state:3
11-24 13:51:50.941  1795  3716 D ActivityManager: freezer override set to true
11-24 13:51:50.944  1795  3716 D ActivityManager: freezer override set to false
11-24 13:51:50.973 10476 10510 I BatteryMgr:DataCollectionService: stats => 1700830310973,12817,4453,11901,4169000,100
11-24 13:51:50.974  1011  1189 I ASH     : @ 177163.164: tcs3701: stop power rail pending_off timer
11-24 13:51:50.974  1011  1189 D ASH     : @ 177163.164: tcs3701: start power rail timer, state:3
11-24 13:51:51.014  1011  1189 I ASH     : @ 177163.204: tcs3701: stop power rail pending_off timer
11-24 13:51:51.014  1011  1189 D ASH     : @ 177163.204: tcs3701: start power rail timer, state:3
11-24 13:51:51.054  1011  1189 I ASH     : @ 177163.244: tcs3701: stop power rail pending_off timer
11-24 13:51:51.054  1011  1189 D ASH     : @ 177163.244: tcs3701: start power rail timer, state:3
11-24 13:51:51.080 10476 10510 I BatteryMgr:DataCollectionService: stats => 1700830311080,12817,4453,11901,4169000,100
11-24 13:51:51.094  1011  1189 I ASH     : @ 177163.284: tcs3701: stop power rail pending_off timer
11-24 13:51:51.094  1011  1189 D ASH     : @ 177163.284: tcs3701: start power rail timer, state:3
11-24 13:51:51.134  1011  1189 I ASH     : @ 177163.324: tcs3701: stop power rail pending_off timer
11-24 13:51:51.134  1011  1189 D ASH     : @ 177163.324: tcs3701: start power rail timer, state:3
11-24 13:51:51.172  1795  3716 D ActivityManager: freezer override set to true
11-24 13:51:51.174  1011  1189 I ASH     : @ 177163.364: tcs3701: stop power rail pending_off timer
11-24 13:51:51.174  1011  1189 D ASH     : @ 177163.364: tcs3701: start power rail timer, state:3
11-24 13:51:51.176  1795  3716 D ActivityManager: freezer override set to false
11-24 13:51:51.187 10476 10510 I BatteryMgr:DataCollectionService: stats => 1700830311187,12817,4453,11901,4169000,100
11-24 13:51:51.215  1011  1189 I ASH     : @ 177163.404: tcs3701: stop power rail pending_off timer
11-24 13:51:51.215  1011  1189 D ASH     : @ 177163.404: tcs3701: start power rail timer, state:3
11-24 13:51:51.254  1011  1189 I ASH     : @ 177163.444: tcs3701: stop power rail pending_off timer
11-24 13:51:51.254  1011  1189 D ASH     : @ 177163.444: tcs3701: start power rail timer, state:3
11-24 13:51:51.293 10476 10510 I BatteryMgr:DataCollectionService: stats => 1700830311293,12817,4453,11901,4169000,100
11-24 13:51:51.294  1011  1189 I ASH     : @ 177163.484: tcs3701: stop power rail pending_off timer
11-24 13:51:51.294  1011  1189 D ASH     : @ 177163.484: tcs3701: start power rail timer, state:3
11-24 13:51:51.334  1011  1189 I ASH     : @ 177163.524: tcs3701: stop power rail pending_off timer
11-24 13:51:51.334  1011  1189 D ASH     : @ 177163.524: tcs3701: start power rail timer, state:3
11-24 13:51:51.374  1011  1189 I ASH     : @ 177163.564: tcs3701: stop power rail pending_off timer
11-24 13:51:51.374  1011  1189 D ASH     : @ 177163.564: tcs3701: start power rail timer, state:3
11-24 13:51:51.400 10476 10510 I BatteryMgr:DataCollectionService: stats => 1700830311400,12817,4453,11901,4169000,100
11-24 13:51:51.414  1011  1189 I ASH     : @ 177163.604: tcs3701: stop power rail pending_off timer
11-24 13:51:51.414  1011  1189 D ASH     : @ 177163.604: tcs3701: start power rail timer, state:3
11-24 13:51:51.454  1011  1189 I ASH     : @ 177163.644: tcs3701: stop power rail pending_off timer
11-24 13:51:51.454  1011  1189 D ASH     : @ 177163.644: tcs3701: start power rail timer, state:3
11-24 13:51:51.494  1011  1189 I ASH     : @ 177163.684: tcs3701: stop power rail pending_off timer
11-24 13:51:51.494  1011  1189 D ASH     : @ 177163.684: tcs3701: start power rail timer, state:3
11-24 13:51:51.505 10476 10510 I BatteryMgr:DataCollectionService: stats => 1700830311505,12817,4453,11901,4169000,100
11-24 13:51:51.534  1011  1189 I ASH     : @ 177163.724: tcs3701: stop power rail pending_off timer
11-24 13:51:51.534  1011  1189 D ASH     : @ 177163.724: tcs3701: start power rail timer, state:3
11-24 13:51:51.574  1011  1189 I ASH     : @ 177163.764: tcs3701: stop power rail pending_off timer
11-24 13:51:51.574  1011  1189 D ASH     : @ 177163.764: tcs3701: start power rail timer, state:3
11-24 13:51:51.611 10476 10510 I BatteryMgr:DataCollectionService: stats => 1700830311611,12817,4453,11901,4169000,100
11-24 13:51:51.614  1011  1189 I ASH     : @ 177163.804: tcs3701: stop power rail pending_off timer
11-24 13:51:51.614  1011  1189 D ASH     : @ 177163.804: tcs3701: start power rail timer, state:3
11-24 13:51:51.654  1011  1189 I ASH     : @ 177163.844: tcs3701: stop power rail pending_off timer
11-24 13:51:51.654  1011  1189 D ASH     : @ 177163.844: tcs3701: start power rail timer, state:3
11-24 13:51:51.694  1011  1189 I ASH     : @ 177163.884: tcs3701: stop power rail pending_off timer
11-24 13:51:51.694  1011  1189 D ASH     : @ 177163.884: tcs3701: start power rail timer, state:3
11-24 13:51:51.716 10476 10510 I BatteryMgr:DataCollectionService: stats => 1700830311716,12817,4453,11901,4169000,100
11-24 13:51:51.734  1011  1189 I ASH     : @ 177163.924: tcs3701: stop power rail pending_off timer
11-24 13:51:51.734  1011  1189 D ASH     : @ 177163.924: tcs3701: start power rail timer, state:3
11-24 13:51:51.774  1011  1189 I ASH     : @ 177163.964: tcs3701: stop power rail pending_off timer
11-24 13:51:51.774  1011  1189 D ASH     : @ 177163.964: tcs3701: start power rail timer, state:3
11-24 13:51:51.814  1011  1189 I ASH     : @ 177164.004: tcs3701: stop power rail pending_off timer
11-24 13:51:51.814  1011  1189 D ASH     : @ 177164.004: tcs3701: start power rail timer, state:3
11-24 13:51:51.822 10476 10510 I BatteryMgr:DataCollectionService: stats => 1700830311822,12817,4453,11901,4169000,100
11-24 13:51:51.854  1011  1189 I ASH     : @ 177164.044: tcs3701: stop power rail pending_off timer
11-24 13:51:51.854  1011  1189 D ASH     : @ 177164.044: tcs3701: start power rail timer, state:3
11-24 13:51:51.894  1011  1189 I ASH     : @ 177164.084: tcs3701: stop power rail pending_off timer
11-24 13:51:51.894  1011  1189 D ASH     : @ 177164.084: tcs3701: start power rail timer, state:3
11-24 13:51:51.927 10476 10510 I BatteryMgr:DataCollectionService: stats => 1700830311927,12817,4453,11901,4169000,100
11-24 13:51:51.934  1011  1189 I ASH     : @ 177164.124: tcs3701: stop power rail pending_off timer
11-24 13:51:51.934  1011  1189 D ASH     : @ 177164.124: tcs3701: start power rail timer, state:3
11-24 13:51:51.974  1011  1189 I ASH     : @ 177164.164: tcs3701: stop power rail pending_off timer
11-24 13:51:51.974  1011  1189 D ASH     : @ 177164.164: tcs3701: start power rail timer, state:3
11-24 13:51:52.014  1011  1189 I ASH     : @ 177164.204: tcs3701: stop power rail pending_off timer
11-24 13:51:52.014  1011  1189 D ASH     : @ 177164.204: tcs3701: start power rail timer, state:3
11-24 13:51:52.033 10476 10510 I BatteryMgr:DataCollectionService: stats => 1700830312033,12817,4453,11901,4169000,100
11-24 13:51:52.054  1011  1189 I ASH     : @ 177164.244: tcs3701: stop power rail pending_off timer
11-24 13:51:52.054  1011  1189 D ASH     : @ 177164.244: tcs3701: start power rail timer, state:3
11-24 13:51:52.082  1795  3716 D ActivityManager: freezer override set to true
11-24 13:51:52.094  1011  1189 I ASH     : @ 177164.284: tcs3701: stop power rail pending_off timer
11-24 13:51:52.094  1011  1189 D ASH     : @ 177164.284: tcs3701: start power rail timer, state:3
11-24 13:51:52.134  1011  1189 I ASH     : @ 177164.324: tcs3701: stop power rail pending_off timer
11-24 13:51:52.134  1011  1189 D ASH     : @ 177164.324: tcs3701: start power rail timer, state:3
11-24 13:51:52.141 10476 10510 I BatteryMgr:DataCollectionService: stats => 1700830312141,12817,4453,11901,4169000,100
11-24 13:51:52.175  1011  1189 I ASH     : @ 177164.364: tcs3701: stop power rail pending_off timer
11-24 13:51:52.175  1011  1189 D ASH     : @ 177164.364: tcs3701: start power rail timer, state:3
11-24 13:51:52.196 15463 15478 I m.chrome.canary: Explicit concurrent copying GC freed 3575(176KB) AllocSpace objects, 3(60KB) LOS objects, 75% free, 12MB/50MB, paused 30us,23us total 53.454ms
11-24 13:51:52.215  1011  1189 I ASH     : @ 177164.404: tcs3701: stop power rail pending_off timer
11-24 13:51:52.215  1011  1189 D ASH     : @ 177164.404: tcs3701: start power rail timer, state:3
11-24 13:51:52.251 10476 10510 I BatteryMgr:DataCollectionService: stats => 1700830312250,12817,4453,11901,4169000,100
11-24 13:51:52.254  1795  2424 D WifiClientModeImpl[13802:wlan0]: updateLinkLayerStatsRssiSpeedFrequencyCapabilities rssi=-45 TxLinkspeed=866 freq=5240 RxLinkSpeed=866
11-24 13:51:52.254  1011  1189 I ASH     : @ 177164.444: tcs3701: stop power rail pending_off timer
11-24 13:51:52.254  1011  1189 D ASH     : @ 177164.444: tcs3701: start power rail timer, state:3
11-24 13:51:52.254  1795  2424 D WifiDataStall: tx tput in kbps: 596491
11-24 13:51:52.254  1795  2424 D WifiDataStall: rx tput in kbps: 774664
11-24 13:51:52.254  1795  2424 V WifiConfigManager: Updating scan detail cache freq=5240 BSSID=f4:6d:2f:12:cc:88 RSSI=-44 for "ourhome"WPA_PSK
11-24 13:51:52.255  1795  4166 D ActivityManager: freezer override set to false
11-24 13:51:52.255  1795  2424 D WifiChannelUtilization:  freq: 5240 onTime: 5120279 busyTime: 502646 onTimeDiff: 1745487 busyTimeDiff: 186947 utilization: 27 utilization t0: 25
11-24 13:51:52.256  1795  2424 D WifiDataStall:  ccaLevel = 27
11-24 13:51:52.256  1795  2424 D WifiDataStall: L2 txTputKbps: 735930, rxTputKbps: 774664, L3 txTputKbps: 26, rxTputKbps: 1, TxTrafficHigh: false, RxTrafficHigh: false, Throughput Sufficient: true
11-24 13:51:52.256  2673  2692 V WifiManager: OnWifiUsabilityStatsListener: onWifiUsabilityStats: seqNum=51684
11-24 13:51:52.256  1795  2424 D WifiScoreReport: Wifi scoring disabled - Don't check IP layer
11-24 13:51:52.256  1795  2424 D WifiScoreCard: BSSID update SIGNAL_POLL ID: 1320464697 SSID: "ourhome", BSSID: f4:6d:2f:12:cc:88, MAC: b2:2f:ec:da:4a:0c, IP: /192.168.1.104, Security type: 2, Supplicant state: COMPLETED, Wi-Fi standard: 5, RSSI: -45, Link speed: 866Mbps, Tx Link speed: 866Mbps, Max Supported Tx Link speed: 866Mbps, Rx Link speed: 866Mbps, Max Supported Rx Link speed: 866Mbps, Frequency: 5240MHz, Net ID: 12, Metered hint: false, score: 60, isUsable: true, CarrierMerged: false, SubscriptionId: -1, IsPrimary: 1, Trusted: true, Restricted: false, Ephemeral: false, OEM paid: false, OEM private: false, OSU AP: false, FQDN: <none>, Provider friendly name: <none>, Requesting package name: <none>"ourhome"wpa2-pskMLO Information: , Is TID-To-Link negotiation supported by the AP: false, AP MLD Address: <none>, AP MLO Link Id: <none>, AP MLO Affiliated links: <none>
11-24 13:51:52.256  1795  2424 D WifiScoreCard: txRate: 4 txSpeed: 866
11-24 13:51:52.256  1795  2424 D WifiScoreCard: network update SIGNAL_POLL "ourhome" ID: 1499892569 RSSI -45 txSpeed 866
11-24 13:51:52.256  1795  4166 I WifiService: updateWifiUsabilityScore uid=10180 seqNum=51684 score=100 predictionHorizonSec=1441795
11-24 13:51:52.256  1795  2424 D WifiClientModeImpl[13802:wlan0]:  ClientModeImpl$L2ConnectedState screen=on 29 0 "ourhome" f4:6d:2f:12:cc:88 rssi=-45 f=5240 sc=60 link=866 tx=2.6, 0.4, 0.0 rx=2.5 bcn=1705733 [on:126 tx:0 rx:1 period:3013] from screen [on:510699 period:25554247] score=60
11-24 13:51:52.257  1795  2424 D WifiScoreReport: Wifi scoring disabled - Notify that Wifi is usable
11-24 13:51:52.260  1795  2432 D ConnectivityService: NetReassign [no changes] [c 0] [a 0] [i 2]
11-24 13:51:52.294  1011  1189 I ASH     : @ 177164.484: tcs3701: stop power rail pending_off timer
11-24 13:51:52.294  1011  1189 D ASH     : @ 177164.484: tcs3701: start power rail timer, state:3
11-24 13:51:52.314  1795  4166 D ActivityManager: freezer override set to true
11-24 13:51:52.317  1795  4166 D ActivityManager: freezer override set to false
11-24 13:51:52.334  1011  1189 I ASH     : @ 177164.524: tcs3701: stop power rail pending_off timer
11-24 13:51:52.334  1011  1189 D ASH     : @ 177164.524: tcs3701: start power rail timer, state:3
11-24 13:51:52.357 10476 10510 I BatteryMgr:DataCollectionService: stats => 1700830312357,12817,4453,11901,4169000,100
11-24 13:51:52.374  1011  1189 I ASH     : @ 177164.564: tcs3701: stop power rail pending_off timer
11-24 13:51:52.374  1011  1189 D ASH     : @ 177164.564: tcs3701: start power rail timer, state:3
11-24 13:51:52.414  1011  1189 I ASH     : @ 177164.604: tcs3701: stop power rail pending_off timer
11-24 13:51:52.414  1011  1189 D ASH     : @ 177164.604: tcs3701: start power rail timer, state:3
11-24 13:51:52.454  1011  1189 I ASH     : @ 177164.644: tcs3701: stop power rail pending_off timer
11-24 13:51:52.454  1011  1189 D ASH     : @ 177164.644: tcs3701: start power rail timer, state:3
11-24 13:51:52.464 10476 10510 I BatteryMgr:DataCollectionService: stats => 1700830312464,12817,4453,11901,4169000,100
11-24 13:51:52.494  1011  1189 I ASH     : @ 177164.684: tcs3701: stop power rail pending_off timer
11-24 13:51:52.494  1011  1189 D ASH     : @ 177164.684: tcs3701: start power rail timer, state:3
11-24 13:51:52.534  1011  1189 I ASH     : @ 177164.724: tcs3701: stop power rail pending_off timer
11-24 13:51:52.534  1011  1189 D ASH     : @ 177164.724: tcs3701: start power rail timer, state:3
11-24 13:51:52.569 10476 10510 I BatteryMgr:DataCollectionService: stats => 1700830312569,12817,4453,11901,4169000,100
11-24 13:51:52.574  1011  1189 I ASH     : @ 177164.764: tcs3701: stop power rail pending_off timer
11-24 13:51:52.574  1011  1189 D ASH     : @ 177164.764: tcs3701: start power rail timer, state:3
11-24 13:51:52.615  1011  1189 I ASH     : @ 177164.804: tcs3701: stop power rail pending_off timer
11-24 13:51:52.615  1011  1189 D ASH     : @ 177164.804: tcs3701: start power rail timer, state:3
11-24 13:51:52.654  1011  1189 I ASH     : @ 177164.844: tcs3701: stop power rail pending_off timer
11-24 13:51:52.654  1011  1189 D ASH     : @ 177164.844: tcs3701: start power rail timer, state:3
11-24 13:51:52.676 10476 10510 I BatteryMgr:DataCollectionService: stats => 1700830312676,12817,4453,11901,4169000,100
11-24 13:51:52.694  1011  1189 I ASH     : @ 177164.884: tcs3701: stop power rail pending_off timer
11-24 13:51:52.694  1011  1189 D ASH     : @ 177164.884: tcs3701: start power rail timer, state:3
11-24 13:51:52.734  1011  1189 I ASH     : @ 177164.924: tcs3701: stop power rail pending_off timer
11-24 13:51:52.734  1011  1189 D ASH     : @ 177164.924: tcs3701: start power rail timer, state:3
11-24 13:51:52.774  1011  1189 I ASH     : @ 177164.964: tcs3701: stop power rail pending_off timer
11-24 13:51:52.774  1011  1189 D ASH     : @ 177164.964: tcs3701: start power rail timer, state:3
11-24 13:51:52.781 10476 10510 I BatteryMgr:DataCollectionService: stats => 1700830312781,12817,4453,11901,4169000,100
11-24 13:51:52.814  1011  1189 I ASH     : @ 177165.004: tcs3701: stop power rail pending_off timer
11-24 13:51:52.814  1011  1189 D ASH     : @ 177165.004: tcs3701: start power rail timer, state:3
11-24 13:51:52.854  1011  1189 I ASH     : @ 177165.044: tcs3701: stop power rail pending_off timer
11-24 13:51:52.854  1011  1189 D ASH     : @ 177165.044: tcs3701: start power rail timer, state:3
11-24 13:51:52.887 10476 10510 I BatteryMgr:DataCollectionService: stats => 1700830312887,12817,4453,11901,4169000,100
11-24 13:51:52.894  1011  1189 I ASH     : @ 177165.084: tcs3701: stop power rail pending_off timer
11-24 13:51:52.894  1011  1189 D ASH     : @ 177165.084: tcs3701: start power rail timer, state:3
11-24 13:51:52.934  1011  1189 I ASH     : @ 177165.124: tcs3701: stop power rail pending_off timer
11-24 13:51:52.934  1011  1189 D ASH     : @ 177165.124: tcs3701: start power rail timer, state:3
11-24 13:51:52.974  1011  1189 I ASH     : @ 177165.164: tcs3701: stop power rail pending_off timer
11-24 13:51:52.974  1011  1189 D ASH     : @ 177165.164: tcs3701: start power rail timer, state:3
11-24 13:51:52.992 10476 10510 I BatteryMgr:DataCollectionService: stats => 1700830312992,12817,4453,11901,4169000,100
11-24 13:51:53.014  1011  1189 I ASH     : @ 177165.204: tcs3701: stop power rail pending_off timer
11-24 13:51:53.014  1011  1189 D ASH     : @ 177165.204: tcs3701: start power rail timer, state:3
11-24 13:51:53.054  1011  1189 I ASH     : @ 177165.244: tcs3701: stop power rail pending_off timer
11-24 13:51:53.054  1011  1189 D ASH     : @ 177165.244: tcs3701: start power rail timer, state:3
11-24 13:51:53.094  1011  1189 I ASH     : @ 177165.284: tcs3701: stop power rail pending_off timer
11-24 13:51:53.094  1011  1189 D ASH     : @ 177165.284: tcs3701: start power rail timer, state:3
11-24 13:51:53.099 10476 10510 I BatteryMgr:DataCollectionService: stats => 1700830313099,12817,4453,11901,4169000,100
11-24 13:51:53.134  1011  1189 I ASH     : @ 177165.324: tcs3701: stop power rail pending_off timer
11-24 13:51:53.134  1011  1189 D ASH     : @ 177165.324: tcs3701: start power rail timer, state:3
11-24 13:51:53.174  1011  1189 I ASH     : @ 177165.364: tcs3701: stop power rail pending_off timer
11-24 13:51:53.174  1011  1189 D ASH     : @ 177165.364: tcs3701: start power rail timer, state:3
11-24 13:51:53.189  1795  4166 D ActivityManager: freezer override set to true
11-24 13:51:53.192  1795  4166 D ActivityManager: freezer override set to false
11-24 13:51:53.206 10476 10510 I BatteryMgr:DataCollectionService: stats => 1700830313206,12817,4453,11901,4169000,100
11-24 13:51:53.214  1011  1189 I ASH     : @ 177165.404: tcs3701: stop power rail pending_off timer
11-24 13:51:53.214  1011  1189 D ASH     : @ 177165.404: tcs3701: start power rail timer, state:3
11-24 13:51:53.254  1011  1189 I ASH     : @ 177165.444: tcs3701: stop power rail pending_off timer
11-24 13:51:53.254  1011  1189 D ASH     : @ 177165.444: tcs3701: start power rail timer, state:3
11-24 13:51:53.294  1011  1189 I ASH     : @ 177165.484: tcs3701: stop power rail pending_off timer
11-24 13:51:53.294  1011  1189 D ASH     : @ 177165.484: tcs3701: start power rail timer, state:3
11-24 13:51:53.313 10476 10510 I BatteryMgr:DataCollectionService: stats => 1700830313313,12817,4453,11901,4169000,100
11-24 13:51:53.334  1011  1189 I ASH     : @ 177165.524: tcs3701: stop power rail pending_off timer
11-24 13:51:53.334  1011  1189 D ASH     : @ 177165.524: tcs3701: start power rail timer, state:3
11-24 13:51:53.374  1011  1189 I ASH     : @ 177165.564: tcs3701: stop power rail pending_off timer
11-24 13:51:53.374  1011  1189 D ASH     : @ 177165.564: tcs3701: start power rail timer, state:3
11-24 13:51:53.414  1011  1189 I ASH     : @ 177165.604: tcs3701: stop power rail pending_off timer
11-24 13:51:53.414  1011  1189 D ASH     : @ 177165.604: tcs3701: start power rail timer, state:3
11-24 13:51:53.427 10476 10510 I BatteryMgr:DataCollectionService: stats => 1700830313426,12817,4453,11901,4169000,100
11-24 13:51:53.454  1011  1189 I ASH     : @ 177165.644: tcs3701: stop power rail pending_off timer
11-24 13:51:53.454  1011  1189 D ASH     : @ 177165.644: tcs3701: start power rail timer, state:3
11-24 13:51:53.463  1795  4166 D ActivityManager: freezer override set to true
11-24 13:51:53.494  1011  1189 I ASH     : @ 177165.684: tcs3701: stop power rail pending_off timer
11-24 13:51:53.494  1011  1189 D ASH     : @ 177165.684: tcs3701: start power rail timer, state:3
11-24 13:51:53.534  1011  1189 I ASH     : @ 177165.724: tcs3701: stop power rail pending_off timer
11-24 13:51:53.534  1011  1189 D ASH     : @ 177165.724: tcs3701: start power rail timer, state:3
11-24 13:51:53.534 10476 10510 I BatteryMgr:DataCollectionService: stats => 1700830313534,12817,4453,11901,4169000,100
11-24 13:51:53.574  1011  1189 I ASH     : @ 177165.764: tcs3701: stop power rail pending_off timer
11-24 13:51:53.574  1011  1189 D ASH     : @ 177165.764: tcs3701: start power rail timer, state:3
11-24 13:51:53.613 15463 15520 I m.chrome.canary: Explicit concurrent copying GC freed 3807(191KB) AllocSpace objects, 4(80KB) LOS objects, 75% free, 12MB/50MB, paused 38us,31us total 58.166ms
11-24 13:51:53.614  1011  1189 I ASH     : @ 177165.804: tcs3701: stop power rail pending_off timer
11-24 13:51:53.614  1011  1189 D ASH     : @ 177165.804: tcs3701: start power rail timer, state:3
11-24 13:51:53.641 10476 10510 I BatteryMgr:DataCollectionService: stats => 1700830313641,12817,4453,11901,4169000,100
11-24 13:51:53.654  1011  1189 I ASH     : @ 177165.844: tcs3701: stop power rail pending_off timer
11-24 13:51:53.654  1011  1189 D ASH     : @ 177165.844: tcs3701: start power rail timer, state:3
11-24 13:51:53.673  1795  4166 D ActivityManager: freezer override set to false
11-24 13:51:53.694  1011  1189 I ASH     : @ 177165.884: tcs3701: stop power rail pending_off timer
11-24 13:51:53.694  1011  1189 D ASH     : @ 177165.884: tcs3701: start power rail timer, state:3
11-24 13:51:53.714  1795  4166 D ActivityManager: freezer override set to true
11-24 13:51:53.717  1795  4166 D ActivityManager: freezer override set to false
11-24 13:51:53.734  1011  1189 I ASH     : @ 177165.924: tcs3701: stop power rail pending_off timer
11-24 13:51:53.734  1011  1189 D ASH     : @ 177165.924: tcs3701: start power rail timer, state:3
11-24 13:51:53.749 10476 10510 I BatteryMgr:DataCollectionService: stats => 1700830313749,12817,4453,11901,4169000,100
11-24 13:51:53.774  1011  1189 I ASH     : @ 177165.964: tcs3701: stop power rail pending_off timer
11-24 13:51:53.774  1011  1189 D ASH     : @ 177165.964: tcs3701: start power rail timer, state:3
11-24 13:51:53.814  1011  1189 I ASH     : @ 177166.004: tcs3701: stop power rail pending_off timer
11-24 13:51:53.814  1011  1189 D ASH     : @ 177166.004: tcs3701: start power rail timer, state:3
11-24 13:51:53.854  1011  1189 I ASH     : @ 177166.044: tcs3701: stop power rail pending_off timer
11-24 13:51:53.854  1011  1189 D ASH     : @ 177166.044: tcs3701: start power rail timer, state:3
11-24 13:51:53.855 10476 10510 I BatteryMgr:DataCollectionService: stats => 1700830313855,12817,4453,11901,4169000,100
11-24 13:51:53.894  1011  1189 I ASH     : @ 177166.084: tcs3701: stop power rail pending_off timer
11-24 13:51:53.894  1011  1189 D ASH     : @ 177166.084: tcs3701: start power rail timer, state:3
11-24 13:51:53.934  1011  1189 I ASH     : @ 177166.124: tcs3701: stop power rail pending_off timer
11-24 13:51:53.934  1011  1189 D ASH     : @ 177166.124: tcs3701: start power rail timer, state:3
11-24 13:51:53.961 10476 10510 I BatteryMgr:DataCollectionService: stats => 1700830313960,12817,4453,11901,4169000,100
11-24 13:51:53.974  1011  1189 I ASH     : @ 177166.164: tcs3701: stop power rail pending_off timer
11-24 13:51:53.974  1011  1189 D ASH     : @ 177166.164: tcs3701: start power rail timer, state:3
11-24 13:51:54.014  1011  1189 I ASH     : @ 177166.204: tcs3701: stop power rail pending_off timer
11-24 13:51:54.014  1011  1189 D ASH     : @ 177166.204: tcs3701: start power rail timer, state:3
11-24 13:51:54.054  1011  1189 I ASH     : @ 177166.244: tcs3701: stop power rail pending_off timer
11-24 13:51:54.054  1011  1189 D ASH     : @ 177166.244: tcs3701: start power rail timer, state:3
11-24 13:51:54.066 10476 10510 I BatteryMgr:DataCollectionService: stats => 1700830314066,12817,4453,11901,4169000,100
11-24 13:51:54.094  1011  1189 I ASH     : @ 177166.284: tcs3701: stop power rail pending_off timer
11-24 13:51:54.094  1011  1189 D ASH     : @ 177166.284: tcs3701: start power rail timer, state:3
11-24 13:51:54.134  1011  1189 I ASH     : @ 177166.324: tcs3701: stop power rail pending_off timer
11-24 13:51:54.134  1011  1189 D ASH     : @ 177166.324: tcs3701: start power rail timer, state:3
11-24 13:51:54.171  1795  3716 D ActivityManager: freezer override set to true
11-24 13:51:54.171 10476 10510 I BatteryMgr:DataCollectionService: stats => 1700830314171,12817,4453,11901,4169000,100
11-24 13:51:54.174  1011  1189 I ASH     : @ 177166.364: tcs3701: stop power rail pending_off timer
11-24 13:51:54.174  1011  1189 D ASH     : @ 177166.364: tcs3701: start power rail timer, state:3
11-24 13:51:54.176  1795  3716 D ActivityManager: freezer override set to false
11-24 13:51:54.214  1011  1189 I ASH     : @ 177166.404: tcs3701: stop power rail pending_off timer
11-24 13:51:54.214  1011  1189 D ASH     : @ 177166.404: tcs3701: start power rail timer, state:3
11-24 13:51:54.254  1011  1189 I ASH     : @ 177166.444: tcs3701: stop power rail pending_off timer
11-24 13:51:54.254  1011  1189 D ASH     : @ 177166.444: tcs3701: start power rail timer, state:3
11-24 13:51:54.277 10476 10510 I BatteryMgr:DataCollectionService: stats => 1700830314277,12817,4453,11901,4169000,100
11-24 13:51:54.294  1011  1189 I ASH     : @ 177166.484: tcs3701: stop power rail pending_off timer
11-24 13:51:54.294  1011  1189 D ASH     : @ 177166.484: tcs3701: start power rail timer, state:3
11-24 13:51:54.334  1011  1189 I ASH     : @ 177166.524: tcs3701: stop power rail pending_off timer
11-24 13:51:54.334  1011  1189 D ASH     : @ 177166.524: tcs3701: start power rail timer, state:3
11-24 13:51:54.374  1011  1189 I ASH     : @ 177166.564: tcs3701: stop power rail pending_off timer
11-24 13:51:54.374  1011  1189 D ASH     : @ 177166.564: tcs3701: start power rail timer, state:3
11-24 13:51:54.383 10476 10510 I BatteryMgr:DataCollectionService: stats => 1700830314383,12817,4453,11901,4169000,100
11-24 13:51:54.415  1011  1189 I ASH     : @ 177166.604: tcs3701: stop power rail pending_off timer
11-24 13:51:54.415  1011  1189 D ASH     : @ 177166.604: tcs3701: start power rail timer, state:3
11-24 13:51:54.454  1011  1189 I ASH     : @ 177166.644: tcs3701: stop power rail pending_off timer
11-24 13:51:54.454  1011  1189 D ASH     : @ 177166.644: tcs3701: start power rail timer, state:3
11-24 13:51:54.490 10476 10510 I BatteryMgr:DataCollectionService: stats => 1700830314489,12817,4453,11901,4169000,100
11-24 13:51:54.495  1011  1189 I ASH     : @ 177166.684: tcs3701: stop power rail pending_off timer
11-24 13:51:54.495  1011  1189 D ASH     : @ 177166.684: tcs3701: start power rail timer, state:3
11-24 13:51:54.534  1011  1189 I ASH     : @ 177166.724: tcs3701: stop power rail pending_off timer
11-24 13:51:54.534  1011  1189 D ASH     : @ 177166.724: tcs3701: start power rail timer, state:3
11-24 13:51:54.574  1011  1189 I ASH     : @ 177166.764: tcs3701: stop power rail pending_off timer
11-24 13:51:54.574  1011  1189 D ASH     : @ 177166.764: tcs3701: start power rail timer, state:3
11-24 13:51:54.595 10476 10510 I BatteryMgr:DataCollectionService: stats => 1700830314595,12817,4453,11901,4169000,100
11-24 13:51:54.614  1011  1189 I ASH     : @ 177166.804: tcs3701: stop power rail pending_off timer
11-24 13:51:54.614  1011  1189 D ASH     : @ 177166.804: tcs3701: start power rail timer, state:3
11-24 13:51:54.654  1011  1189 I ASH     : @ 177166.844: tcs3701: stop power rail pending_off timer
11-24 13:51:54.654  1011  1189 D ASH     : @ 177166.844: tcs3701: start power rail timer, state:3
11-24 13:51:54.694  1011  1189 I ASH     : @ 177166.884: tcs3701: stop power rail pending_off timer
11-24 13:51:54.694  1011  1189 D ASH     : @ 177166.884: tcs3701: start power rail timer, state:3
11-24 13:51:54.701 10476 10510 I BatteryMgr:DataCollectionService: stats => 1700830314701,12817,4453,11901,4169000,100
11-24 13:51:54.734  1011  1189 I ASH     : @ 177166.924: tcs3701: stop power rail pending_off timer
11-24 13:51:54.734  1011  1189 D ASH     : @ 177166.924: tcs3701: start power rail timer, state:3
11-24 13:51:54.774  1011  1189 I ASH     : @ 177166.964: tcs3701: stop power rail pending_off timer
11-24 13:51:54.774  1011  1189 D ASH     : @ 177166.964: tcs3701: start power rail timer, state:3
11-24 13:51:54.807 10476 10510 I BatteryMgr:DataCollectionService: stats => 1700830314807,12817,4453,11901,4169000,100
11-24 13:51:54.814  1011  1189 I ASH     : @ 177167.004: tcs3701: stop power rail pending_off timer
11-24 13:51:54.815  1011  1189 D ASH     : @ 177167.004: tcs3701: start power rail timer, state:3
11-24 13:51:54.854  1011  1189 I ASH     : @ 177167.044: tcs3701: stop power rail pending_off timer
11-24 13:51:54.854  1011  1189 D ASH     : @ 177167.044: tcs3701: start power rail timer, state:3
11-24 13:51:54.881  1795  3716 D ActivityManager: freezer override set to true
11-24 13:51:54.894  1011  1189 I ASH     : @ 177167.084: tcs3701: stop power rail pending_off timer
11-24 13:51:54.894  1011  1189 D ASH     : @ 177167.084: tcs3701: start power rail timer, state:3
11-24 13:51:54.915 10476 10510 I BatteryMgr:DataCollectionService: stats => 1700830314915,12817,4453,11901,4169000,100
11-24 13:51:54.934  1011  1189 I ASH     : @ 177167.124: tcs3701: stop power rail pending_off timer
11-24 13:51:54.934  1011  1189 D ASH     : @ 177167.124: tcs3701: start power rail timer, state:3
11-24 13:51:54.962 15463 15520 I m.chrome.canary: Explicit concurrent copying GC freed 3593(176KB) AllocSpace objects, 3(60KB) LOS objects, 75% free, 12MB/50MB, paused 28us,22us total 44.757ms
11-24 13:51:54.974  1011  1189 I ASH     : @ 177167.164: tcs3701: stop power rail pending_off timer
11-24 13:51:54.974  1011  1189 D ASH     : @ 177167.164: tcs3701: start power rail timer, state:3
11-24 13:51:55.014  1011  1189 I ASH     : @ 177167.204: tcs3701: stop power rail pending_off timer
11-24 13:51:55.014  1011  1189 D ASH     : @ 177167.204: tcs3701: start power rail timer, state:3
11-24 13:51:55.018  1795  3716 D ActivityManager: freezer override set to false
11-24 13:51:55.025 10476 10510 I BatteryMgr:DataCollectionService: stats => 1700830315025,12817,4453,11901,4169000,100
11-24 13:51:55.054  1011  1189 I ASH     : @ 177167.244: tcs3701: stop power rail pending_off timer
11-24 13:51:55.054  1011  1189 D ASH     : @ 177167.244: tcs3701: start power rail timer, state:3
11-24 13:51:55.057  1795  3613 D ActivityManager: freezer override set to true
11-24 13:51:55.060  1795  3613 D ActivityManager: freezer override set to false
11-24 13:51:55.094  1011  1189 I ASH     : @ 177167.284: tcs3701: stop power rail pending_off timer
11-24 13:51:55.094  1011  1189 D ASH     : @ 177167.284: tcs3701: start power rail timer, state:3
11-24 13:51:55.131 10476 10510 I BatteryMgr:DataCollectionService: stats => 1700830315131,12817,4453,11901,4169000,100
11-24 13:51:55.134  1011  1189 I ASH     : @ 177167.324: tcs3701: stop power rail pending_off timer
11-24 13:51:55.134  1011  1189 D ASH     : @ 177167.324: tcs3701: start power rail timer, state:3
11-24 13:51:55.166  1795  3613 D ActivityManager: freezer override set to true
11-24 13:51:55.170  1795  3613 D ActivityManager: freezer override set to false
11-24 13:51:55.174  1011  1189 I ASH     : @ 177167.364: tcs3701: stop power rail pending_off timer
11-24 13:51:55.174  1011  1189 D ASH     : @ 177167.364: tcs3701: start power rail timer, state:3
11-24 13:51:55.214  1011  1189 I ASH     : @ 177167.404: tcs3701: stop power rail pending_off timer
11-24 13:51:55.214  1011  1189 D ASH     : @ 177167.404: tcs3701: start power rail timer, state:3
11-24 13:51:55.237 10476 10510 I BatteryMgr:DataCollectionService: stats => 1700830315237,12817,4453,11901,4169000,100
11-24 13:51:55.254  1011  1189 I ASH     : @ 177167.444: tcs3701: stop power rail pending_off timer
11-24 13:51:55.254  1011  1189 D ASH     : @ 177167.444: tcs3701: start power rail timer, state:3
11-24 13:51:55.266  1795  2424 D WifiClientModeImpl[13802:wlan0]: updateLinkLayerStatsRssiSpeedFrequencyCapabilities rssi=-46 TxLinkspeed=866 freq=5240 RxLinkSpeed=866
11-24 13:51:55.267  1795  2424 D WifiDataStall: tx tput in kbps: 735930
11-24 13:51:55.267  1795  2424 D WifiDataStall: rx tput in kbps: 774664
11-24 13:51:55.267  1795  2424 V WifiConfigManager: Updating scan detail cache freq=5240 BSSID=f4:6d:2f:12:cc:88 RSSI=-45 for "ourhome"WPA_PSK
11-24 13:51:55.268  1795  2424 D WifiChannelUtilization:  freq: 5240 onTime: 5120279 busyTime: 502646 onTimeDiff: 1745487 busyTimeDiff: 186947 utilization: 27 utilization t0: 25
11-24 13:51:55.268  1795  2424 D WifiDataStall:  ccaLevel = 27
11-24 13:51:55.268  1795  2424 D WifiDataStall: L2 txTputKbps: 735930, rxTputKbps: 774664, L3 txTputKbps: 0, rxTputKbps: 0, TxTrafficHigh: false, RxTrafficHigh: false, Throughput Sufficient: true
11-24 13:51:55.268  1795  2424 D WifiScoreReport: Wifi scoring disabled - Don't check IP layer
11-24 13:51:55.268  2782  5906 D QCNEJ/WlanStaInfoRelay: Received action: android.net.wifi.RSSI_CHANGED
11-24 13:51:55.268  2673  2692 V WifiManager: OnWifiUsabilityStatsListener: onWifiUsabilityStats: seqNum=51685
11-24 13:51:55.268  1795  2424 D WifiScoreCard: BSSID update SIGNAL_POLL ID: 1320464697 SSID: "ourhome", BSSID: f4:6d:2f:12:cc:88, MAC: b2:2f:ec:da:4a:0c, IP: /192.168.1.104, Security type: 2, Supplicant state: COMPLETED, Wi-Fi standard: 5, RSSI: -46, Link speed: 866Mbps, Tx Link speed: 866Mbps, Max Supported Tx Link speed: 866Mbps, Rx Link speed: 866Mbps, Max Supported Rx Link speed: 866Mbps, Frequency: 5240MHz, Net ID: 12, Metered hint: false, score: 60, isUsable: true, CarrierMerged: false, SubscriptionId: -1, IsPrimary: 1, Trusted: true, Restricted: false, Ephemeral: false, OEM paid: false, OEM private: false, OSU AP: false, FQDN: <none>, Provider friendly name: <none>, Requesting package name: <none>"ourhome"wpa2-pskMLO Information: , Is TID-To-Link negotiation supported by the AP: false, AP MLD Address: <none>, AP MLO Link Id: <none>, AP MLO Affiliated links: <none>
11-24 13:51:55.268  1795  2424 D WifiScoreCard: txRate: 2 txSpeed: 866
11-24 13:51:55.268  1795  2424 D WifiScoreCard: network update SIGNAL_POLL "ourhome" ID: 1499892569 RSSI -46 txSpeed -1
11-24 13:51:55.268  1795  3613 I WifiService: updateWifiUsabilityScore uid=10180 seqNum=51685 score=100 predictionHorizonSec=1441795
11-24 13:51:55.268  2513  8309 V WifiManager: TrafficStateCallbackProxy: onStateChanged state=0
11-24 13:51:55.269  1795  2424 D WifiClientModeImpl[13802:wlan0]:  ClientModeImpl$L2ConnectedState screen=on 29 0 "ourhome" f4:6d:2f:12:cc:88 rssi=-46 f=5240 sc=60 link=866 tx=0.9, 0.1, 0.0 rx=0.9 bcn=1705762 [on:0 tx:0 rx:0 period:3012] from screen [on:510699 period:25557259] score=60
11-24 13:51:55.270  1795  2424 D WifiScoreReport: Wifi scoring disabled - Notify that Wifi is usable
11-24 13:51:55.272  1795  2432 D ConnectivityService: NetReassign [no changes] [c 0] [a 0] [i 2]
11-24 13:51:55.294  1011  1189 I ASH     : @ 177167.484: tcs3701: stop power rail pending_off timer
11-24 13:51:55.294  1011  1189 D ASH     : @ 177167.484: tcs3701: start power rail timer, state:3
11-24 13:51:55.334  1011  1189 I ASH     : @ 177167.524: tcs3701: stop power rail pending_off timer
11-24 13:51:55.334  1011  1189 D ASH     : @ 177167.524: tcs3701: start power rail timer, state:3
11-24 13:51:55.343 10476 10510 I BatteryMgr:DataCollectionService: stats => 1700830315343,12817,4453,11901,4169000,100
11-24 13:51:55.374  1011  1189 I ASH     : @ 177167.564: tcs3701: stop power rail pending_off timer
11-24 13:51:55.374  1011  1189 D ASH     : @ 177167.564: tcs3701: start power rail timer, state:3
11-24 13:51:55.414  1011  1189 I ASH     : @ 177167.604: tcs3701: stop power rail pending_off timer
11-24 13:51:55.414  1011  1189 D ASH     : @ 177167.604: tcs3701: start power rail timer, state:3
11-24 13:51:55.449 10476 10510 I BatteryMgr:DataCollectionService: stats => 1700830315449,12817,4453,11901,4169000,100
11-24 13:51:55.454  1011  1189 I ASH     : @ 177167.644: tcs3701: stop power rail pending_off timer
11-24 13:51:55.454  1011  1189 D ASH     : @ 177167.644: tcs3701: start power rail timer, state:3
11-24 13:51:55.494  1011  1189 I ASH     : @ 177167.684: tcs3701: stop power rail pending_off timer
11-24 13:51:55.494  1011  1189 D ASH     : @ 177167.684: tcs3701: start power rail timer, state:3
11-24 13:51:55.535  1011  1189 I ASH     : @ 177167.724: tcs3701: stop power rail pending_off timer
11-24 13:51:55.535  1011  1189 D ASH     : @ 177167.724: tcs3701: start power rail timer, state:3
11-24 13:51:55.554 10476 10510 I BatteryMgr:DataCollectionService: stats => 1700830315554,12817,4453,11901,4169000,100
11-24 13:51:55.575  1011  1189 I ASH     : @ 177167.764: tcs3701: stop power rail pending_off timer
11-24 13:51:55.575  1011  1189 D ASH     : @ 177167.764: tcs3701: start power rail timer, state:3
11-24 13:51:55.614  1011  1189 I ASH     : @ 177167.804: tcs3701: stop power rail pending_off timer
11-24 13:51:55.614  1011  1189 D ASH     : @ 177167.804: tcs3701: start power rail timer, state:3
11-24 13:51:55.654  1011  1189 I ASH     : @ 177167.844: tcs3701: stop power rail pending_off timer
11-24 13:51:55.654  1011  1189 D ASH     : @ 177167.844: tcs3701: start power rail timer, state:3
11-24 13:51:55.661 10476 10510 I BatteryMgr:DataCollectionService: stats => 1700830315661,12817,4453,11901,4169000,100
11-24 13:51:55.694  1011  1189 I ASH     : @ 177167.884: tcs3701: stop power rail pending_off timer
11-24 13:51:55.694  1011  1189 D ASH     : @ 177167.884: tcs3701: start power rail timer, state:3
11-24 13:51:55.734  1011  1189 I ASH     : @ 177167.924: tcs3701: stop power rail pending_off timer
11-24 13:51:55.734  1011  1189 D ASH     : @ 177167.924: tcs3701: start power rail timer, state:3
11-24 13:51:55.767 10476 10510 I BatteryMgr:DataCollectionService: stats => 1700830315767,12817,4453,11901,4169000,100
11-24 13:51:55.774  1011  1189 I ASH     : @ 177167.964: tcs3701: stop power rail pending_off timer
11-24 13:51:55.774  1011  1189 D ASH     : @ 177167.964: tcs3701: start power rail timer, state:3
11-24 13:51:55.814  1011  1189 I ASH     : @ 177168.004: tcs3701: stop power rail pending_off timer
11-24 13:51:55.815  1011  1189 D ASH     : @ 177168.004: tcs3701: start power rail timer, state:3
11-24 13:51:55.854  1011  1189 I ASH     : @ 177168.044: tcs3701: stop power rail pending_off timer
11-24 13:51:55.854  1011  1189 D ASH     : @ 177168.044: tcs3701: start power rail timer, state:3
11-24 13:51:55.873 10476 10510 I BatteryMgr:DataCollectionService: stats => 1700830315873,12817,4453,11901,4169000,100
11-24 13:51:55.894  1011  1189 I ASH     : @ 177168.084: tcs3701: stop power rail pending_off timer
11-24 13:51:55.894  1011  1189 D ASH     : @ 177168.084: tcs3701: start power rail timer, state:3
11-24 13:51:55.934  1011  1189 I ASH     : @ 177168.124: tcs3701: stop power rail pending_off timer
11-24 13:51:55.934  1011  1189 D ASH     : @ 177168.124: tcs3701: start power rail timer, state:3
11-24 13:51:55.974  1011  1189 I ASH     : @ 177168.164: tcs3701: stop power rail pending_off timer
11-24 13:51:55.974  1011  1189 D ASH     : @ 177168.164: tcs3701: start power rail timer, state:3
11-24 13:51:55.981 10476 10510 I BatteryMgr:DataCollectionService: stats => 1700830315980,12817,4453,11901,4169000,100
11-24 13:51:56.014  1011  1189 I ASH     : @ 177168.204: tcs3701: stop power rail pending_off timer
11-24 13:51:56.014  1011  1189 D ASH     : @ 177168.204: tcs3701: start power rail timer, state:3
11-24 13:51:56.054  1011  1189 I ASH     : @ 177168.244: tcs3701: stop power rail pending_off timer
11-24 13:51:56.054  1011  1189 D ASH     : @ 177168.244: tcs3701: start power rail timer, state:3
11-24 13:51:56.087 10476 10510 I BatteryMgr:DataCollectionService: stats => 1700830316087,12817,4453,11901,4169000,100
11-24 13:51:56.094  1011  1189 I ASH     : @ 177168.284: tcs3701: stop power rail pending_off timer
11-24 13:51:56.094  1011  1189 D ASH     : @ 177168.284: tcs3701: start power rail timer, state:3
11-24 13:51:56.134  1011  1189 I ASH     : @ 177168.324: tcs3701: stop power rail pending_off timer
11-24 13:51:56.134  1011  1189 D ASH     : @ 177168.324: tcs3701: start power rail timer, state:3
11-24 13:51:56.169  1795  3613 D ActivityManager: freezer override set to true
11-24 13:51:56.174  1795  3613 D ActivityManager: freezer override set to false
11-24 13:51:56.174  1011  1189 I ASH     : @ 177168.364: tcs3701: stop power rail pending_off timer
11-24 13:51:56.174  1011  1189 D ASH     : @ 177168.364: tcs3701: start power rail timer, state:3
11-24 13:51:56.195 10476 10510 I BatteryMgr:DataCollectionService: stats => 1700830316194,12817,4453,11901,4169000,100
11-24 13:51:56.214  1011  1189 I ASH     : @ 177168.404: tcs3701: stop power rail pending_off timer
11-24 13:51:56.214  1011  1189 D ASH     : @ 177168.404: tcs3701: start power rail timer, state:3
11-24 13:51:56.227  1795  3716 D ActivityManager: freezer override set to true
11-24 13:51:56.254  1011  1189 I ASH     : @ 177168.444: tcs3701: stop power rail pending_off timer
11-24 13:51:56.254  1011  1189 D ASH     : @ 177168.444: tcs3701: start power rail timer, state:3
11-24 13:51:56.294  1011  1189 I ASH     : @ 177168.484: tcs3701: stop power rail pending_off timer
11-24 13:51:56.294  1011  1189 D ASH     : @ 177168.484: tcs3701: start power rail timer, state:3
11-24 13:51:56.301 10476 10510 I BatteryMgr:DataCollectionService: stats => 1700830316300,12817,4453,11901,4169000,100
11-24 13:51:56.307 15463 15520 I m.chrome.canary: Explicit concurrent copying GC freed 3803(191KB) AllocSpace objects, 4(80KB) LOS objects, 75% free, 12MB/50MB, paused 26us,24us total 44.499ms
11-24 13:51:56.334  1011  1189 I ASH     : @ 177168.524: tcs3701: stop power rail pending_off timer
11-24 13:51:56.334  1011  1189 D ASH     : @ 177168.524: tcs3701: start power rail timer, state:3
11-24 13:51:56.364  1795  3716 D ActivityManager: freezer override set to false
11-24 13:51:56.375  1011  1189 I ASH     : @ 177168.564: tcs3701: stop power rail pending_off timer
11-24 13:51:56.375  1011  1189 D ASH     : @ 177168.564: tcs3701: start power rail timer, state:3
11-24 13:51:56.401  1795  3716 D ActivityManager: freezer override set to true
11-24 13:51:56.403  1795  3716 D ActivityManager: freezer override set to false
11-24 13:51:56.408 10476 10510 I BatteryMgr:DataCollectionService: stats => 1700830316407,12817,4453,11901,4169000,100
11-24 13:51:56.414  1011  1189 I ASH     : @ 177168.604: tcs3701: stop power rail pending_off timer
11-24 13:51:56.414  1011  1189 D ASH     : @ 177168.604: tcs3701: start power rail timer, state:3
11-24 13:51:56.454  1011  1189 I ASH     : @ 177168.644: tcs3701: stop power rail pending_off timer
11-24 13:51:56.454  1011  1189 D ASH     : @ 177168.644: tcs3701: start power rail timer, state:3
11-24 13:51:56.494  1011  1189 I ASH     : @ 177168.684: tcs3701: stop power rail pending_off timer
11-24 13:51:56.494  1011  1189 D ASH     : @ 177168.684: tcs3701: start power rail timer, state:3
11-24 13:51:56.515 10476 10510 I BatteryMgr:DataCollectionService: stats => 1700830316515,12817,4453,11901,4169000,100
11-24 13:51:56.534  1011  1189 I ASH     : @ 177168.724: tcs3701: stop power rail pending_off timer
11-24 13:51:56.534  1011  1189 D ASH     : @ 177168.724: tcs3701: start power rail timer, state:3
11-24 13:51:56.574  1011  1189 I ASH     : @ 177168.764: tcs3701: stop power rail pending_off timer
11-24 13:51:56.574  1011  1189 D ASH     : @ 177168.764: tcs3701: start power rail timer, state:3
11-24 13:51:56.614  1011  1189 I ASH     : @ 177168.804: tcs3701: stop power rail pending_off timer
11-24 13:51:56.614  1011  1189 D ASH     : @ 177168.804: tcs3701: start power rail timer, state:3
11-24 13:51:56.620 10476 10510 I BatteryMgr:DataCollectionService: stats => 1700830316620,12817,4453,11901,4169000,100
11-24 13:51:56.654  1011  1189 I ASH     : @ 177168.844: tcs3701: stop power rail pending_off timer
11-24 13:51:56.654  1011  1189 D ASH     : @ 177168.844: tcs3701: start power rail timer, state:3
11-24 13:51:56.694  1011  1189 I ASH     : @ 177168.884: tcs3701: stop power rail pending_off timer
11-24 13:51:56.694  1011  1189 D ASH     : @ 177168.884: tcs3701: start power rail timer, state:3
11-24 13:51:56.726 10476 10510 I BatteryMgr:DataCollectionService: stats => 1700830316726,12817,4453,11901,4169000,100
11-24 13:51:56.734  1011  1189 I ASH     : @ 177168.924: tcs3701: stop power rail pending_off timer
11-24 13:51:56.734  1011  1189 D ASH     : @ 177168.924: tcs3701: start power rail timer, state:3
11-24 13:51:56.774  1011  1189 I ASH     : @ 177168.964: tcs3701: stop power rail pending_off timer
11-24 13:51:56.775  1011  1189 D ASH     : @ 177168.964: tcs3701: start power rail timer, state:3
11-24 13:51:56.814  1011  1189 I ASH     : @ 177169.004: tcs3701: stop power rail pending_off timer
11-24 13:51:56.814  1011  1189 D ASH     : @ 177169.004: tcs3701: start power rail timer, state:3
11-24 13:51:56.831 10476 10510 I BatteryMgr:DataCollectionService: stats => 1700830316831,12817,4453,11901,4169000,100
11-24 13:51:56.854  1011  1189 I ASH     : @ 177169.044: tcs3701: stop power rail pending_off timer
11-24 13:51:56.854  1011  1189 D ASH     : @ 177169.044: tcs3701: start power rail timer, state:3
11-24 13:51:56.894  1011  1189 I ASH     : @ 177169.084: tcs3701: stop power rail pending_off timer
11-24 13:51:56.894  1011  1189 D ASH     : @ 177169.084: tcs3701: start power rail timer, state:3
11-24 13:51:56.934  1011  1189 I ASH     : @ 177169.124: tcs3701: stop power rail pending_off timer
11-24 13:51:56.934  1011  1189 D ASH     : @ 177169.124: tcs3701: start power rail timer, state:3
11-24 13:51:56.937 10476 10510 I BatteryMgr:DataCollectionService: stats => 1700830316937,12817,4453,11901,4169000,100
11-24 13:51:56.974  1011  1189 I ASH     : @ 177169.164: tcs3701: stop power rail pending_off timer
11-24 13:51:56.974  1011  1189 D ASH     : @ 177169.164: tcs3701: start power rail timer, state:3
11-24 13:51:57.014  1011  1189 I ASH     : @ 177169.204: tcs3701: stop power rail pending_off timer
11-24 13:51:57.014  1011  1189 D ASH     : @ 177169.204: tcs3701: start power rail timer, state:3
11-24 13:51:57.042 10476 10510 I BatteryMgr:DataCollectionService: stats => 1700830317042,12817,4453,11901,4169000,100
11-24 13:51:57.054  1011  1189 I ASH     : @ 177169.244: tcs3701: stop power rail pending_off timer
11-24 13:51:57.054  1011  1189 D ASH     : @ 177169.244: tcs3701: start power rail timer, state:3
11-24 13:51:57.094  1011  1189 I ASH     : @ 177169.284: tcs3701: stop power rail pending_off timer
11-24 13:51:57.094  1011  1189 D ASH     : @ 177169.284: tcs3701: start power rail timer, state:3
11-24 13:51:57.134  1011  1189 I ASH     : @ 177169.324: tcs3701: stop power rail pending_off timer
11-24 13:51:57.134  1011  1189 D ASH     : @ 177169.324: tcs3701: start power rail timer, state:3
11-24 13:51:57.148 10476 10510 I BatteryMgr:DataCollectionService: stats => 1700830317148,12817,4453,11901,4169000,100
11-24 13:51:57.171  1795  3613 D ActivityManager: freezer override set to true
11-24 13:51:57.174  1011  1189 I ASH     : @ 177169.364: tcs3701: stop power rail pending_off timer
11-24 13:51:57.174  1011  1189 D ASH     : @ 177169.364: tcs3701: start power rail timer, state:3
11-24 13:51:57.175  1795  3613 D ActivityManager: freezer override set to false
11-24 13:51:57.214  1011  1189 I ASH     : @ 177169.404: tcs3701: stop power rail pending_off timer
11-24 13:51:57.214  1011  1189 D ASH     : @ 177169.404: tcs3701: start power rail timer, state:3
11-24 13:51:57.254  1011  1189 I ASH     : @ 177169.444: tcs3701: stop power rail pending_off timer
11-24 13:51:57.254  1011  1189 D ASH     : @ 177169.444: tcs3701: start power rail timer, state:3
11-24 13:51:57.254 10476 10510 I BatteryMgr:DataCollectionService: stats => 1700830317254,12817,4453,11901,4169000,100
11-24 13:51:57.294  1011  1189 I ASH     : @ 177169.484: tcs3701: stop power rail pending_off timer
11-24 13:51:57.294  1011  1189 D ASH     : @ 177169.484: tcs3701: start power rail timer, state:3
11-24 13:51:57.334  1011  1189 I ASH     : @ 177169.524: tcs3701: stop power rail pending_off timer
11-24 13:51:57.334  1011  1189 D ASH     : @ 177169.524: tcs3701: start power rail timer, state:3
11-24 13:51:57.361 10476 10510 I BatteryMgr:DataCollectionService: stats => 1700830317361,12817,4453,11901,4169000,100
11-24 13:51:57.374  1011  1189 I ASH     : @ 177169.564: tcs3701: stop power rail pending_off timer
11-24 13:51:57.374  1011  1189 D ASH     : @ 177169.564: tcs3701: start power rail timer, state:3
11-24 13:51:57.414  1011  1189 I ASH     : @ 177169.604: tcs3701: stop power rail pending_off timer
11-24 13:51:57.414  1011  1189 D ASH     : @ 177169.604: tcs3701: start power rail timer, state:3
11-24 13:51:57.454  1011  1189 I ASH     : @ 177169.644: tcs3701: stop power rail pending_off timer
