11-24 13:39:38.014 10476 10510 I BatteryMgr:DataCollectionService: stats => 1700829578014,10681,4453,11901,4169000,100
11-24 13:39:38.018  1011  1189 I ASH     : @ 176430.208: tcs3701: stop power rail pending_off timer
11-24 13:39:38.018  1011  1189 D ASH     : @ 176430.208: tcs3701: start power rail timer, state:3
11-24 13:39:38.058  1011  1189 I ASH     : @ 176430.248: tcs3701: stop power rail pending_off timer
11-24 13:39:38.058  1011  1189 D ASH     : @ 176430.248: tcs3701: start power rail timer, state:3
11-24 13:39:38.099  1011  1189 I ASH     : @ 176430.288: tcs3701: stop power rail pending_off timer
11-24 13:39:38.099  1011  1189 D ASH     : @ 176430.288: tcs3701: start power rail timer, state:3
11-24 13:39:38.118 10476 10510 I BatteryMgr:DataCollectionService: stats => 1700829578118,10681,4453,11901,4169000,100
11-24 13:39:38.139  1011  1189 I ASH     : @ 176430.328: tcs3701: stop power rail pending_off timer
11-24 13:39:38.139  1011  1189 D ASH     : @ 176430.328: tcs3701: start power rail timer, state:3
11-24 13:39:38.178  1011  1189 I ASH     : @ 176430.368: tcs3701: stop power rail pending_off timer
11-24 13:39:38.178  1011  1189 D ASH     : @ 176430.368: tcs3701: start power rail timer, state:3
11-24 13:39:38.218  1011  1189 I ASH     : @ 176430.408: tcs3701: stop power rail pending_off timer
11-24 13:39:38.218  1011  1189 D ASH     : @ 176430.408: tcs3701: start power rail timer, state:3
11-24 13:39:38.224 10476 10510 I BatteryMgr:DataCollectionService: stats => 1700829578223,10681,4453,11901,4169000,100
11-24 13:39:38.258  1011  1189 I ASH     : @ 176430.448: tcs3701: stop power rail pending_off timer
11-24 13:39:38.258  1011  1189 D ASH     : @ 176430.448: tcs3701: start power rail timer, state:3
11-24 13:39:38.298  1011  1189 I ASH     : @ 176430.488: tcs3701: stop power rail pending_off timer
11-24 13:39:38.298  1011  1189 D ASH     : @ 176430.488: tcs3701: start power rail timer, state:3
11-24 13:39:38.328 10476 10510 I BatteryMgr:DataCollectionService: stats => 1700829578328,10681,4453,11901,4169000,100
11-24 13:39:38.339  1011  1189 I ASH     : @ 176430.528: tcs3701: stop power rail pending_off timer
11-24 13:39:38.339  1011  1189 D ASH     : @ 176430.528: tcs3701: start power rail timer, state:3
11-24 13:39:38.378  1011  1189 I ASH     : @ 176430.568: tcs3701: stop power rail pending_off timer
11-24 13:39:38.378  1011  1189 D ASH     : @ 176430.568: tcs3701: start power rail timer, state:3
11-24 13:39:38.419  1011  1189 I ASH     : @ 176430.608: tcs3701: stop power rail pending_off timer
11-24 13:39:38.419  1011  1189 D ASH     : @ 176430.608: tcs3701: start power rail timer, state:3
11-24 13:39:38.426  1795  3057 D ActivityManager: freezer override set to true
11-24 13:39:38.434 10476 10510 I BatteryMgr:DataCollectionService: stats => 1700829578434,10681,4453,11901,4169000,100
11-24 13:39:38.458  1011  1189 I ASH     : @ 176430.648: tcs3701: stop power rail pending_off timer
11-24 13:39:38.459  1011  1189 D ASH     : @ 176430.648: tcs3701: start power rail timer, state:3
11-24 13:39:38.498  1011  1189 I ASH     : @ 176430.688: tcs3701: stop power rail pending_off timer
11-24 13:39:38.499  1011  1189 D ASH     : @ 176430.688: tcs3701: start power rail timer, state:3
11-24 13:39:38.514 29275 29328 I m.chrome.canary: Explicit concurrent copying GC freed 3589(176KB) AllocSpace objects, 3(60KB) LOS objects, 75% free, 12MB/49MB, paused 30us,21us total 41.056ms
11-24 13:39:38.539  1011  1189 I ASH     : @ 176430.728: tcs3701: stop power rail pending_off timer
11-24 13:39:38.539  1011  1189 D ASH     : @ 176430.728: tcs3701: start power rail timer, state:3
11-24 13:39:38.539 10476 10510 I BatteryMgr:DataCollectionService: stats => 1700829578539,10681,4453,11901,4169000,100
11-24 13:39:38.567  1795  3057 D ActivityManager: freezer override set to false
11-24 13:39:38.578  1011  1189 I ASH     : @ 176430.768: tcs3701: stop power rail pending_off timer
11-24 13:39:38.579  1011  1189 D ASH     : @ 176430.768: tcs3701: start power rail timer, state:3
11-24 13:39:38.615  1795  3057 D ActivityManager: freezer override set to true
11-24 13:39:38.618  1795  3057 D ActivityManager: freezer override set to false
11-24 13:39:38.619  1011  1189 I ASH     : @ 176430.808: tcs3701: stop power rail pending_off timer
11-24 13:39:38.619  1011  1189 D ASH     : @ 176430.808: tcs3701: start power rail timer, state:3
11-24 13:39:38.645 10476 10510 I BatteryMgr:DataCollectionService: stats => 1700829578645,10681,4453,11901,4169000,100
11-24 13:39:38.659  1011  1189 I ASH     : @ 176430.848: tcs3701: stop power rail pending_off timer
11-24 13:39:38.659  1011  1189 D ASH     : @ 176430.848: tcs3701: start power rail timer, state:3
11-24 13:39:38.699  1011  1189 I ASH     : @ 176430.888: tcs3701: stop power rail pending_off timer
11-24 13:39:38.699  1011  1189 D ASH     : @ 176430.888: tcs3701: start power rail timer, state:3
11-24 13:39:38.738  1011  1189 I ASH     : @ 176430.928: tcs3701: stop power rail pending_off timer
11-24 13:39:38.738  1011  1189 D ASH     : @ 176430.928: tcs3701: start power rail timer, state:3
11-24 13:39:38.750 10476 10510 I BatteryMgr:DataCollectionService: stats => 1700829578750,10681,4453,11901,4169000,100
11-24 13:39:38.778  1011  1189 I ASH     : @ 176430.968: tcs3701: stop power rail pending_off timer
11-24 13:39:38.778  1011  1189 D ASH     : @ 176430.968: tcs3701: start power rail timer, state:3
11-24 13:39:38.801  2503  2503 D wpa_supplicant: wpa_driver_nl80211_driver_cmd BTCOEXMODE 1 len = 0, 4096
11-24 13:39:38.802  1795  2424 D WifiClientModeImpl[13802:wlan0]: setSuspendOptimizationsNative: 1 false -want true stack:setSuspendOptimizationsNative - handlePreDhcpSetup - processMessageImpl - processMessage
11-24 13:39:38.802  2503  2503 D wpa_supplicant: wpa_driver_nl80211_driver_cmd SETSUSPENDMODE 0 len = 0, 4096
11-24 13:39:38.802  1795  2424 D WifiClientModeImpl[13802:wlan0]: Request to set power save for: wlan0 to: false requested by: 1, mPowerSaveDisableRequests = 0
11-24 13:39:38.802  1795  2424 D WifiClientModeImpl[13802:wlan0]: Setting power save to: false, mPowerSaveDisableRequests = 1
11-24 13:39:38.802  2503  2503 D wpa_supplicant: nl80211: set_p2p_powersave (legacy_ps=0 opp_ps=-1 ctwindow=-1)
11-24 13:39:38.818  1011  1189 I ASH     : @ 176431.008: tcs3701: stop power rail pending_off timer
11-24 13:39:38.818  1011  1189 D ASH     : @ 176431.008: tcs3701: start power rail timer, state:3
11-24 13:39:38.824  1795  2424 D WifiClientModeImpl[13802:wlan0]:  ClientModeImpl$L2ConnectedState screen=on 1 0 txpkts=496754,0,66335
11-24 13:39:38.824  1795  2426 D WifiP2pService: P2pDisabledState cmd = BLOCK_DISCOVERY { when=-1ms what=143375 arg1=1 arg2=131328 target=com.android.wifi.x.com.android.internal.util.StateMachine$SmHandler }
11-24 13:39:38.824  1795  2426 D WifiP2pService: DefaultState cmd = BLOCK_DISCOVERY { when=-1ms what=143375 arg1=1 arg2=131328 target=com.android.wifi.x.com.android.internal.util.StateMachine$SmHandler }
11-24 13:39:38.824  1795  2424 D WifiClientModeImpl[13802:wlan0]:  ClientModeImpl$L2ConnectedState screen=on uid=1000 0 0
11-24 13:39:38.826  2632  2994 D DhcpClient: Unicasting DHCPREQUEST ciaddr=192.168.1.104 request=0.0.0.0 serverid=null to /192.168.1.1:67
11-24 13:39:38.857 10476 10510 I BatteryMgr:DataCollectionService: stats => 1700829578857,10681,4453,11901,4169000,100
11-24 13:39:38.859  1011  1189 I ASH     : @ 176431.048: tcs3701: stop power rail pending_off timer
11-24 13:39:38.859  1011  1189 D ASH     : @ 176431.048: tcs3701: start power rail timer, state:3
11-24 13:39:38.899  1011  1189 I ASH     : @ 176431.088: tcs3701: stop power rail pending_off timer
11-24 13:39:38.899  1011  1189 D ASH     : @ 176431.088: tcs3701: start power rail timer, state:3
11-24 13:39:38.916  2632  2994 D DhcpClient: Received packet: b2:2f:ec:da:4a:0c ACK: your new IP /192.168.1.104, netmask /255.255.255.0, gateways [/192.168.1.1] DNS servers: /213.160.212.3 /213.160.223.35 , lease time 7200
11-24 13:39:38.916  2632  2994 D DhcpClient: Renewed lease: com.android.networkstack.android.net.DhcpResults@385fb94f DHCP server /192.168.1.1 Vendor info null lease 7200 seconds Servername 
11-24 13:39:38.922  2632  2994 D DhcpClient: Scheduling renewal in 3599s
11-24 13:39:38.922  2632  2994 D DhcpClient: Scheduling rebind in 6299s
11-24 13:39:38.922  2632  2994 D DhcpClient: Scheduling expiry in 7199s
11-24 13:39:38.923  1795  2424 D WifiClientModeImpl[13802:wlan0]: setSuspendOptimizationsNative: 1 true -want true stack:setSuspendOptimizationsNative - handlePostDhcpSetup - processMessageImpl - processMessage
11-24 13:39:38.923  1795  2424 D WifiClientModeImpl[13802:wlan0]: Request to set power save for: wlan0 to: true requested by: 1, mPowerSaveDisableRequests = 1
11-24 13:39:38.923  1795  2424 D WifiClientModeImpl[13802:wlan0]: Setting power save to: true, mPowerSaveDisableRequests = 0
11-24 13:39:38.923  2503  2503 D wpa_supplicant: nl80211: set_p2p_powersave (legacy_ps=1 opp_ps=-1 ctwindow=-1)
11-24 13:39:38.924  1795  2426 D WifiP2pService: P2pDisabledState cmd = BLOCK_DISCOVERY { when=0 what=143375 target=com.android.wifi.x.com.android.internal.util.StateMachine$SmHandler }
11-24 13:39:38.924  1795  2426 D WifiP2pService: DefaultState cmd = BLOCK_DISCOVERY { when=0 what=143375 target=com.android.wifi.x.com.android.internal.util.StateMachine$SmHandler }
11-24 13:39:38.924  2503  2503 D wpa_supplicant: wpa_driver_nl80211_driver_cmd BTCOEXMODE 2 len = 0, 4096
11-24 13:39:38.924  1795  2424 D WifiClientModeImpl[13802:wlan0]:  ClientModeImpl$L2ConnectedState screen=on v4 v4r v4dns
11-24 13:39:38.925  1795  2424 D WifiClientModeImpl[13802:wlan0]: handleIPv4Success <com.android.wifi.x.android.net.DhcpResultsParcelable{baseConfiguration: IP address 192.168.1.104/24 Gateway 192.168.1.1  DNS servers: [ 213.160.212.3 213.160.223.35 ] Domains , leaseDuration: 7200, mtu: 0, serverAddress: 192.168.1.1, vendorInfo: null, serverHostName: , captivePortalApiUrl: null}>
11-24 13:39:38.925  1795  2424 D WifiClientModeImpl[13802:wlan0]: link address 192.168.1.104/24
11-24 13:39:38.925  1795  2424 I WifiClientModeImpl[13802:wlan0]: Update current security type to 2
11-24 13:39:38.925  1795  2424 D WifiClientModeImpl[13802:wlan0]: reported txKbps 12000 rxKbps 58264
11-24 13:39:38.925  1795  2424 D WifiClientModeImpl[13802:wlan0]: Queueing broadcast=NETWORK_STATE_CHANGED_ACTION networkAgentState=CONNECTED
11-24 13:39:38.925  1795  2424 I WifiActiveModeWarden: Sending onWifiNetworkStateChanged cmmRole=1 state=6
11-24 13:39:38.925  1795  2424 D WifiClientModeImpl: Sending broadcast=NETWORK_STATE_CHANGED_ACTION networkAgentState=CONNECTED
11-24 13:39:38.926  1795  2424 D WifiClientModeImpl[13802:wlan0]:  ClientModeImpl$L2ConnectedState screen=on com.android.wifi.x.android.net.DhcpResultsParcelable{baseConfiguration: IP address 192.168.1.104/24 Gateway 192.168.1.1  DNS servers: [ 213.160.212.3 213.160.223.35 ] Domains , leaseDuration: 7200, mtu: 0, serverAddress: 192.168.1.1, vendorInfo: null, serverHostName: , captivePortalApiUrl: null}
11-24 13:39:38.927  1795  2424 D WifiClientModeImpl[13802:wlan0]: Link configuration changed for netId: 12 old: {InterfaceName: wlan0 LinkAddresses: [ fe80::b02f:ecff:feda:4a0c/64,192.168.1.104/24,fdd5:1a5b:57e4:4afd:b02f:ecff:feda:4a0c/64,fdd5:1a5b:57e4:4afd:a1e7:939e:154e:e10f/64,fdd5:1a5b:57e4:4afd:c5c3:c7fd:8a8e:fb62/64,fdd5:1a5b:57e4:4afd:4765:ae2b:ed49:c635/64 ] DnsAddresses: [ /213.160.212.3,/213.160.223.35 ] Domains: null MTU: 0 ServerAddress: /192.168.1.1 TcpBufferSizes: 524288,2097152,8388608,262144,524288,4194304 Routes: [ fe80::/64 -> :: wlan0 mtu 0,fdb3:2d18:2e07::/64 -> fe80::b5:be29:2d9a:a24f wlan0 mtu 0,fdd5:1a5b:57e4:4afd::/64 -> :: wlan0 mtu 0,192.168.1.0/24 -> 0.0.0.0 wlan0 mtu 0,0.0.0.0/0 -> 192.168.1.1 wlan0 mtu 0 ]} new: {InterfaceName: wlan0 LinkAddresses: [ fe80::b02f:ecff:feda:4a0c/64,192.168.1.104/24,fdd5:1a5b:57e4:4afd:b02f:ecff:feda:4a0c/64,fdd5:1a5b:57e4:4afd:a1e7:939e:154e:e10f/64,fdd5:1a5b:57e4:4afd:c5c3:c7fd:8a8e:fb62/64,fdd5:1a5b:57e4:4afd:4765:ae2b:ed49:c635/64 ] DnsAddresses: [ /213.160.212.3,/213.160.223.35 ] Domains: null MTU: 0 ServerAddress: /192.168.1.1 TcpBufferSizes: 524288,2097152,8388608,262144,524288,4194304 Routes: [ fe80::/64 -> :: wlan0 mtu 0,fdb3:2d18:2e07::/64 -> fe80::b5:be29:2d9a:a24f wlan0 mtu 0,fdd5:1a5b:57e4:4afd::/64 -> :: wlan0 mtu 0,192.168.1.0/24 -> 0.0.0.0 wlan0 mtu 0,0.0.0.0/0 -> 192.168.1.1 wlan0 mtu 0 ]}
11-24 13:39:38.927  1795  2424 D WifiClientModeImpl[13802:wlan0]: Queuing broadcast=ACTION_LINK_CONFIGURATION_CHANGED
11-24 13:39:38.927  1795  2424 D WifiClientModeImpl[13802:wlan0]: Sending broadcast=ACTION_LINK_CONFIGURATION_CHANGED
11-24 13:39:38.928  2782  5906 D QCNEJ/WlanStaInfoRelay: Received action: android.net.wifi.STATE_CHANGE
11-24 13:39:38.928  1795  3057 I WifiService: getConnectionInfo uid=10291
11-24 13:39:38.929  1795  2424 D WifiClientModeImpl[13802:wlan0]: updateLinkProperties nid: 12 state: CONNECTED v4 v4r v4dns
11-24 13:39:38.929  1795  2424 D WifiClientModeImpl[13802:wlan0]:  ClientModeImpl$ConnectableState screen=on 1 0 v4 v4r v4dns
11-24 13:39:38.929  1795  3057 V WifiService: Clearing REDACT_FOR_ACCESS_FINE_LOCATION for com.qualcomm.qti.cne(uid=10291)
11-24 13:39:38.930  1795  4166 I WifiService: getConnectionInfo uid=10158
11-24 13:39:38.930  2782  5906 D QCNEJ/WlanStaInfoRelay: Received action: android.net.wifi.LINK_CONFIGURATION_CHANGED
11-24 13:39:38.930  2782  5906 E QCNEJ/WlanStaInfoRelay: update link properties given null lp
11-24 13:39:38.931  1795  4166 V WifiService: Clearing REDACT_FOR_LOCAL_MAC_ADDRESS for com.google.android.gms(uid=10158)
11-24 13:39:38.931  1795  4166 V WifiPermissionsUtil: enforceCanAccessScanResults(pkg=com.google.android.gms, uid=10158): location is disabled
11-24 13:39:38.931  1795  4166 V WifiService: Keeping REDACT_FOR_ACCESS_FINE_LOCATION:java.lang.SecurityException: Location mode is disabled for the device
11-24 13:39:38.933 13502 13607 I NearbyDiscovery: (REDACTED) FastPairHandler: Received action %s
11-24 13:39:38.934  1795  4166 I WifiService: getWifiEnabledState uid=10233 state=3
11-24 13:39:38.939  1011  1189 I ASH     : @ 176431.128: tcs3701: stop power rail pending_off timer
11-24 13:39:38.939  1011  1189 D ASH     : @ 176431.128: tcs3701: start power rail timer, state:3
11-24 13:39:38.946  2673  2720 D DeviceStateHelper: Wifi freq: 5240
11-24 13:39:38.948  3473  4683 I CarrierServices: [49] ekm.handleMessage: RcsEngineImpl[DUAL_REG]:[deae450f-f3f3]>Handler: handleMessage processing message:[NOTIFY_UPTIME_IGNORE_STATE_CHANGED] with [non-null]:RcsEngineImpl reference
11-24 13:39:38.948  3473  4697 I CarrierServices: [50] eam.c: Connected state: [1], networkType: [WIFI]
11-24 13:39:38.951  1795  3789 I WifiService: getSoftApConfiguration uid=10180
11-24 13:39:38.952  2895  2952 E PhoneInterfaceManager: [PhoneIntfMgr] getCarrierPrivilegeStatusForUid: Invalid subId
11-24 13:39:38.953  1795  2262 I WifiService: getConnectionInfo uid=10219
11-24 13:39:38.954  1795  2262 V WifiPermissionsUtil: enforceCanAccessScanResults(pkg=com.google.android.apps.youtube.music, uid=10219): location is disabled
11-24 13:39:38.954  1795  2262 V WifiService: Keeping REDACT_FOR_ACCESS_FINE_LOCATION:java.lang.SecurityException: Location mode is disabled for the device
11-24 13:39:38.954  3473  4683 I CarrierServices: [49] ejf.b: ProvisioningEngineDataRetriever: RCS Configuration storage in Bugle is disabled by p/h flag, using ProvisioningEngineStateCacheUtil.getProvisioningConfigurationForGivenSimIfExist()
11-24 13:39:38.956  1795  2262 I WifiService: getConnectionInfo uid=10219
11-24 13:39:38.956  1795  2262 V WifiPermissionsUtil: enforceCanAccessScanResults(pkg=com.google.android.apps.youtube.music, uid=10219): location is disabled
11-24 13:39:38.956  1795  2262 V WifiService: Keeping REDACT_FOR_ACCESS_FINE_LOCATION:java.lang.SecurityException: Location mode is disabled for the device
11-24 13:39:38.959  1795  3789 I WifiService: getConnectionInfo uid=10219
11-24 13:39:38.959  1795  3789 V WifiPermissionsUtil: enforceCanAccessScanResults(pkg=com.google.android.apps.youtube.music, uid=10219): location is disabled
11-24 13:39:38.959  1795  3789 V WifiService: Keeping REDACT_FOR_ACCESS_FINE_LOCATION:java.lang.SecurityException: Location mode is disabled for the device
11-24 13:39:38.962 10476 10510 I BatteryMgr:DataCollectionService: stats => 1700829578962,10681,4453,11901,4169000,100
11-24 13:39:38.978  1795  3057 D ActivityManager: freezer override set to true
11-24 13:39:38.979  1011  1189 I ASH     : @ 176431.168: tcs3701: stop power rail pending_off timer
11-24 13:39:38.979  1011  1189 D ASH     : @ 176431.168: tcs3701: start power rail timer, state:3
11-24 13:39:38.984  1795  3057 D ActivityManager: freezer override set to false
11-24 13:39:39.018  1011  1189 I ASH     : @ 176431.208: tcs3701: stop power rail pending_off timer
11-24 13:39:39.018  1011  1189 D ASH     : @ 176431.208: tcs3701: start power rail timer, state:3
11-24 13:39:39.059  1011  1189 I ASH     : @ 176431.248: tcs3701: stop power rail pending_off timer
11-24 13:39:39.059  1011  1189 D ASH     : @ 176431.248: tcs3701: start power rail timer, state:3
11-24 13:39:39.069 10476 10510 I BatteryMgr:DataCollectionService: stats => 1700829579069,10681,4453,11901,4169000,100
11-24 13:39:39.098  1011  1189 I ASH     : @ 176431.288: tcs3701: stop power rail pending_off timer
11-24 13:39:39.098  1011  1189 D ASH     : @ 176431.288: tcs3701: start power rail timer, state:3
11-24 13:39:39.139  1011  1189 I ASH     : @ 176431.328: tcs3701: stop power rail pending_off timer
11-24 13:39:39.139  1011  1189 D ASH     : @ 176431.328: tcs3701: start power rail timer, state:3
11-24 13:39:39.174 10476 10510 I BatteryMgr:DataCollectionService: stats => 1700829579174,10681,4453,11901,4169000,100
11-24 13:39:39.178  1011  1189 I ASH     : @ 176431.368: tcs3701: stop power rail pending_off timer
11-24 13:39:39.179  1011  1189 D ASH     : @ 176431.368: tcs3701: start power rail timer, state:3
11-24 13:39:39.218  1011  1189 I ASH     : @ 176431.408: tcs3701: stop power rail pending_off timer
11-24 13:39:39.218  1011  1189 D ASH     : @ 176431.408: tcs3701: start power rail timer, state:3
11-24 13:39:39.258  1011  1189 I ASH     : @ 176431.448: tcs3701: stop power rail pending_off timer
11-24 13:39:39.258  1011  1189 D ASH     : @ 176431.448: tcs3701: start power rail timer, state:3
11-24 13:39:39.280 10476 10510 I BatteryMgr:DataCollectionService: stats => 1700829579280,10681,4453,11901,4169000,100
11-24 13:39:39.298  1011  1189 I ASH     : @ 176431.488: tcs3701: stop power rail pending_off timer
11-24 13:39:39.298  1011  1189 D ASH     : @ 176431.488: tcs3701: start power rail timer, state:3
11-24 13:39:39.339  1011  1189 I ASH     : @ 176431.528: tcs3701: stop power rail pending_off timer
11-24 13:39:39.339  1011  1189 D ASH     : @ 176431.528: tcs3701: start power rail timer, state:3
11-24 13:39:39.379  1011  1189 I ASH     : @ 176431.568: tcs3701: stop power rail pending_off timer
11-24 13:39:39.379  1011  1189 D ASH     : @ 176431.568: tcs3701: start power rail timer, state:3
11-24 13:39:39.386 10476 10510 I BatteryMgr:DataCollectionService: stats => 1700829579386,10681,4453,11901,4169000,100
11-24 13:39:39.418  1011  1189 I ASH     : @ 176431.608: tcs3701: stop power rail pending_off timer
11-24 13:39:39.418  1011  1189 D ASH     : @ 176431.608: tcs3701: start power rail timer, state:3
11-24 13:39:39.434  1795  2424 D WifiClientModeImpl[13802:wlan0]: updateLinkLayerStatsRssiSpeedFrequencyCapabilities rssi=-44 TxLinkspeed=780 freq=5240 RxLinkSpeed=6
11-24 13:39:39.434  1795  2424 D WifiDataStall: tx tput in kbps: 662847
11-24 13:39:39.434  1795  2424 D WifiDataStall: rx tput in kbps: 774664
11-24 13:39:39.434  1795  2424 V WifiConfigManager: Updating scan detail cache freq=5240 BSSID=f4:6d:2f:12:cc:88 RSSI=-44 for "ourhome"WPA_PSK
11-24 13:39:39.435  1795  2424 D WifiChannelUtilization:  freq: 5240 onTime: 5092458 busyTime: 500681 onTimeDiff: 1717666 busyTimeDiff: 184982 utilization: 27 utilization t0: 25
11-24 13:39:39.435  1795  2424 D WifiDataStall:  ccaLevel = 27
11-24 13:39:39.435  1795  2424 D WifiDataStall: L2 txTputKbps: 662847, rxTputKbps: 774664, L3 txTputKbps: 0, rxTputKbps: 0, TxTrafficHigh: false, RxTrafficHigh: false, Throughput Sufficient: true
11-24 13:39:39.435  1795  2424 D WifiScoreReport: Wifi scoring disabled - Don't check IP layer
11-24 13:39:39.435  1795  2424 D WifiScoreCard: BSSID update SIGNAL_POLL ID: 1320464697 SSID: "ourhome", BSSID: f4:6d:2f:12:cc:88, MAC: b2:2f:ec:da:4a:0c, IP: /192.168.1.104, Security type: 2, Supplicant state: COMPLETED, Wi-Fi standard: 5, RSSI: -44, Link speed: 780Mbps, Tx Link speed: 780Mbps, Max Supported Tx Link speed: 866Mbps, Rx Link speed: 6Mbps, Max Supported Rx Link speed: 866Mbps, Frequency: 5240MHz, Net ID: 12, Metered hint: false, score: 60, isUsable: true, CarrierMerged: false, SubscriptionId: -1, IsPrimary: 1, Trusted: true, Restricted: false, Ephemeral: false, OEM paid: false, OEM private: false, OSU AP: false, FQDN: <none>, Provider friendly name: <none>, Requesting package name: <none>"ourhome"wpa2-pskMLO Information: , Is TID-To-Link negotiation supported by the AP: false, AP MLD Address: <none>, AP MLO Link Id: <none>, AP MLO Affiliated links: <none>
11-24 13:39:39.435  1795  2424 D WifiScoreCard: txRate: 1 txSpeed: 780
11-24 13:39:39.435  1795  2424 D WifiScoreCard: network update SIGNAL_POLL "ourhome" ID: 1499892569 RSSI -44 txSpeed -1
11-24 13:39:39.435  2673  4313 V WifiManager: OnWifiUsabilityStatsListener: onWifiUsabilityStats: seqNum=51441
11-24 13:39:39.435  1795  2424 D WifiClientModeImpl[13802:wlan0]:  ClientModeImpl$L2ConnectedState screen=on 29 0 "ourhome" f4:6d:2f:12:cc:88 rssi=-44 f=5240 sc=60 link=780 tx=0.3, 0.0, 0.0 rx=0.0 bcn=1698590 [on:191 tx:0 rx:1 period:3011] from screen [on:482878 period:24821426] score=60
11-24 13:39:39.435  2513  8309 V WifiManager: TrafficStateCallbackProxy: onStateChanged state=2
11-24 13:39:39.435  1795  3057 I WifiService: updateWifiUsabilityScore uid=10180 seqNum=51441 score=100 predictionHorizonSec=1441795
11-24 13:39:39.436  1795  2424 D WifiScoreReport: Wifi scoring disabled - Notify that Wifi is usable
11-24 13:39:39.438  1795  2432 D ConnectivityService: NetReassign [no changes] [c 0] [a 0] [i 2]
11-24 13:39:39.459  1011  1189 I ASH     : @ 176431.648: tcs3701: stop power rail pending_off timer
11-24 13:39:39.459  1011  1189 D ASH     : @ 176431.648: tcs3701: start power rail timer, state:3
11-24 13:39:39.492 10476 10510 I BatteryMgr:DataCollectionService: stats => 1700829579492,10681,4453,11901,4169000,100
11-24 13:39:39.498  1011  1189 I ASH     : @ 176431.688: tcs3701: stop power rail pending_off timer
11-24 13:39:39.498  1011  1189 D ASH     : @ 176431.688: tcs3701: start power rail timer, state:3
11-24 13:39:39.539  1011  1189 I ASH     : @ 176431.728: tcs3701: stop power rail pending_off timer
11-24 13:39:39.539  1011  1189 D ASH     : @ 176431.728: tcs3701: start power rail timer, state:3
11-24 13:39:39.579  1011  1189 I ASH     : @ 176431.768: tcs3701: stop power rail pending_off timer
11-24 13:39:39.579  1011  1189 D ASH     : @ 176431.768: tcs3701: start power rail timer, state:3
11-24 13:39:39.599 10476 10510 I BatteryMgr:DataCollectionService: stats => 1700829579599,10681,4453,11901,4169000,100
11-24 13:39:39.619  1011  1189 I ASH     : @ 176431.808: tcs3701: stop power rail pending_off timer
11-24 13:39:39.619  1011  1189 D ASH     : @ 176431.808: tcs3701: start power rail timer, state:3
11-24 13:39:39.659  1011  1189 I ASH     : @ 176431.848: tcs3701: stop power rail pending_off timer
11-24 13:39:39.659  1011  1189 D ASH     : @ 176431.848: tcs3701: start power rail timer, state:3
11-24 13:39:39.698  1011  1189 I ASH     : @ 176431.888: tcs3701: stop power rail pending_off timer
11-24 13:39:39.698  1011  1189 D ASH     : @ 176431.888: tcs3701: start power rail timer, state:3
11-24 13:39:39.706 10476 10510 I BatteryMgr:DataCollectionService: stats => 1700829579706,10681,4453,11901,4169000,100
11-24 13:39:39.739  1011  1189 I ASH     : @ 176431.928: tcs3701: stop power rail pending_off timer
11-24 13:39:39.739  1011  1189 D ASH     : @ 176431.928: tcs3701: start power rail timer, state:3
11-24 13:39:39.753  1795  3057 D ActivityManager: freezer override set to true
11-24 13:39:39.778  1011  1189 I ASH     : @ 176431.968: tcs3701: stop power rail pending_off timer
11-24 13:39:39.778  1011  1189 D ASH     : @ 176431.968: tcs3701: start power rail timer, state:3
11-24 13:39:39.812 10476 10510 I BatteryMgr:DataCollectionService: stats => 1700829579812,10681,4453,11901,4169000,100
11-24 13:39:39.818  1011  1189 I ASH     : @ 176432.008: tcs3701: stop power rail pending_off timer
11-24 13:39:39.818  1011  1189 D ASH     : @ 176432.008: tcs3701: start power rail timer, state:3
11-24 13:39:39.837 29275 30266 I m.chrome.canary: Explicit concurrent copying GC freed 4039(239KB) AllocSpace objects, 3(60KB) LOS objects, 75% free, 12MB/49MB, paused 29us,22us total 47.899ms
11-24 13:39:39.858  1011  1189 I ASH     : @ 176432.048: tcs3701: stop power rail pending_off timer
11-24 13:39:39.858  1011  1189 D ASH     : @ 176432.048: tcs3701: start power rail timer, state:3
11-24 13:39:39.892  1795  3057 D ActivityManager: freezer override set to false
11-24 13:39:39.898  1011  1189 I ASH     : @ 176432.088: tcs3701: stop power rail pending_off timer
11-24 13:39:39.898  1011  1189 D ASH     : @ 176432.088: tcs3701: start power rail timer, state:3
11-24 13:39:39.920 10476 10510 I BatteryMgr:DataCollectionService: stats => 1700829579920,10681,4453,11901,4169000,100
11-24 13:39:39.933  1795  3057 D ActivityManager: freezer override set to true
11-24 13:39:39.935  1795  3057 D ActivityManager: freezer override set to false
11-24 13:39:39.940  1011  1189 I ASH     : @ 176432.128: tcs3701: stop power rail pending_off timer
11-24 13:39:39.940  1011  1189 D ASH     : @ 176432.128: tcs3701: start power rail timer, state:3
11-24 13:39:39.978  1011  1189 I ASH     : @ 176432.168: tcs3701: stop power rail pending_off timer
11-24 13:39:39.978  1011  1189 D ASH     : @ 176432.168: tcs3701: start power rail timer, state:3
11-24 13:39:39.981  1795  3057 D ActivityManager: freezer override set to true
11-24 13:39:39.985  1795  3057 D ActivityManager: freezer override set to false
11-24 13:39:40.019  1011  1189 I ASH     : @ 176432.208: tcs3701: stop power rail pending_off timer
11-24 13:39:40.020  1011  1189 D ASH     : @ 176432.208: tcs3701: start power rail timer, state:3
11-24 13:39:40.027 10476 10510 I BatteryMgr:DataCollectionService: stats => 1700829580027,10681,4453,11901,4169000,100
11-24 13:39:40.058  1011  1189 I ASH     : @ 176432.248: tcs3701: stop power rail pending_off timer
11-24 13:39:40.058  1011  1189 D ASH     : @ 176432.248: tcs3701: start power rail timer, state:3
11-24 13:39:40.098  1011  1189 I ASH     : @ 176432.288: tcs3701: stop power rail pending_off timer
11-24 13:39:40.098  1011  1189 D ASH     : @ 176432.288: tcs3701: start power rail timer, state:3
11-24 13:39:40.135 10476 10510 I BatteryMgr:DataCollectionService: stats => 1700829580135,10681,4453,11901,4169000,100
11-24 13:39:40.138  1011  1189 I ASH     : @ 176432.328: tcs3701: stop power rail pending_off timer
11-24 13:39:40.138  1011  1189 D ASH     : @ 176432.328: tcs3701: start power rail timer, state:3
11-24 13:39:40.178  1011  1189 I ASH     : @ 176432.368: tcs3701: stop power rail pending_off timer
11-24 13:39:40.178  1011  1189 D ASH     : @ 176432.368: tcs3701: start power rail timer, state:3
11-24 13:39:40.218  1011  1189 I ASH     : @ 176432.408: tcs3701: stop power rail pending_off timer
11-24 13:39:40.218  1011  1189 D ASH     : @ 176432.408: tcs3701: start power rail timer, state:3
11-24 13:39:40.241 10476 10510 I BatteryMgr:DataCollectionService: stats => 1700829580241,10681,4453,11901,4169000,100
11-24 13:39:40.259  1011  1189 I ASH     : @ 176432.448: tcs3701: stop power rail pending_off timer
11-24 13:39:40.259  1011  1189 D ASH     : @ 176432.448: tcs3701: start power rail timer, state:3
11-24 13:39:40.298  1011  1189 I ASH     : @ 176432.488: tcs3701: stop power rail pending_off timer
11-24 13:39:40.298  1011  1189 D ASH     : @ 176432.488: tcs3701: start power rail timer, state:3
11-24 13:39:40.339  1011  1189 I ASH     : @ 176432.528: tcs3701: stop power rail pending_off timer
11-24 13:39:40.339  1011  1189 D ASH     : @ 176432.528: tcs3701: start power rail timer, state:3
11-24 13:39:40.349 10476 10510 I BatteryMgr:DataCollectionService: stats => 1700829580348,10681,4453,11901,4169000,100
11-24 13:39:40.379  1011  1189 I ASH     : @ 176432.568: tcs3701: stop power rail pending_off timer
11-24 13:39:40.379  1011  1189 D ASH     : @ 176432.568: tcs3701: start power rail timer, state:3
11-24 13:39:40.419  1011  1189 I ASH     : @ 176432.608: tcs3701: stop power rail pending_off timer
11-24 13:39:40.419  1011  1189 D ASH     : @ 176432.608: tcs3701: start power rail timer, state:3
11-24 13:39:40.456 10476 10510 I BatteryMgr:DataCollectionService: stats => 1700829580456,10681,4453,11901,4169000,100
11-24 13:39:40.459  1011  1189 I ASH     : @ 176432.648: tcs3701: stop power rail pending_off timer
11-24 13:39:40.459  1011  1189 D ASH     : @ 176432.648: tcs3701: start power rail timer, state:3
11-24 13:39:40.498  1011  1189 I ASH     : @ 176432.688: tcs3701: stop power rail pending_off timer
11-24 13:39:40.498  1011  1189 D ASH     : @ 176432.688: tcs3701: start power rail timer, state:3
11-24 13:39:40.539  1011  1189 I ASH     : @ 176432.728: tcs3701: stop power rail pending_off timer
11-24 13:39:40.539  1011  1189 D ASH     : @ 176432.728: tcs3701: start power rail timer, state:3
11-24 13:39:40.563 10476 10510 I BatteryMgr:DataCollectionService: stats => 1700829580563,10681,4453,11901,4169000,100
11-24 13:39:40.578  1011  1189 I ASH     : @ 176432.768: tcs3701: stop power rail pending_off timer
11-24 13:39:40.578  1011  1189 D ASH     : @ 176432.768: tcs3701: start power rail timer, state:3
11-24 13:39:40.618  1011  1189 I ASH     : @ 176432.808: tcs3701: stop power rail pending_off timer
11-24 13:39:40.618  1011  1189 D ASH     : @ 176432.808: tcs3701: start power rail timer, state:3
11-24 13:39:40.658  1011  1189 I ASH     : @ 176432.848: tcs3701: stop power rail pending_off timer
11-24 13:39:40.658  1011  1189 D ASH     : @ 176432.848: tcs3701: start power rail timer, state:3
11-24 13:39:40.671 10476 10510 I BatteryMgr:DataCollectionService: stats => 1700829580671,10681,4453,11901,4169000,100
11-24 13:39:40.699  1011  1189 I ASH     : @ 176432.888: tcs3701: stop power rail pending_off timer
11-24 13:39:40.699  1011  1189 D ASH     : @ 176432.888: tcs3701: start power rail timer, state:3
11-24 13:39:40.738  1011  1189 I ASH     : @ 176432.928: tcs3701: stop power rail pending_off timer
11-24 13:39:40.738  1011  1189 D ASH     : @ 176432.928: tcs3701: start power rail timer, state:3
11-24 13:39:40.779  1011  1189 I ASH     : @ 176432.968: tcs3701: stop power rail pending_off timer
11-24 13:39:40.779  1011  1189 D ASH     : @ 176432.968: tcs3701: start power rail timer, state:3
11-24 13:39:40.782 10476 10510 I BatteryMgr:DataCollectionService: stats => 1700829580782,10681,4453,11901,4169000,100
11-24 13:39:40.818  1011  1189 I ASH     : @ 176433.008: tcs3701: stop power rail pending_off timer
11-24 13:39:40.819  1011  1189 D ASH     : @ 176433.008: tcs3701: start power rail timer, state:3
11-24 13:39:40.859  1011  1189 I ASH     : @ 176433.048: tcs3701: stop power rail pending_off timer
11-24 13:39:40.859  1011  1189 D ASH     : @ 176433.048: tcs3701: start power rail timer, state:3
11-24 13:39:40.892 10476 10510 I BatteryMgr:DataCollectionService: stats => 1700829580892,10681,4453,11901,4169000,100
11-24 13:39:40.899  1011  1189 I ASH     : @ 176433.088: tcs3701: stop power rail pending_off timer
11-24 13:39:40.899  1011  1189 D ASH     : @ 176433.088: tcs3701: start power rail timer, state:3
11-24 13:39:40.939  1011  1189 I ASH     : @ 176433.128: tcs3701: stop power rail pending_off timer
11-24 13:39:40.939  1011  1189 D ASH     : @ 176433.128: tcs3701: start power rail timer, state:3
11-24 13:39:40.969  1795  3057 D ActivityManager: freezer override set to true
11-24 13:39:40.973  1795  3057 D ActivityManager: freezer override set to false
11-24 13:39:40.978  1011  1189 I ASH     : @ 176433.168: tcs3701: stop power rail pending_off timer
11-24 13:39:40.978  1011  1189 D ASH     : @ 176433.168: tcs3701: start power rail timer, state:3
11-24 13:39:40.999 10476 10510 I BatteryMgr:DataCollectionService: stats => 1700829580999,10681,4453,11901,4169000,100
11-24 13:39:41.019  1011  1189 I ASH     : @ 176433.208: tcs3701: stop power rail pending_off timer
11-24 13:39:41.019  1011  1189 D ASH     : @ 176433.208: tcs3701: start power rail timer, state:3
11-24 13:39:41.059  1011  1189 I ASH     : @ 176433.248: tcs3701: stop power rail pending_off timer
11-24 13:39:41.059  1011  1189 D ASH     : @ 176433.248: tcs3701: start power rail timer, state:3
11-24 13:39:41.082  1795  2262 D ActivityManager: freezer override set to true
11-24 13:39:41.098  1011  1189 I ASH     : @ 176433.288: tcs3701: stop power rail pending_off timer
11-24 13:39:41.098  1011  1189 D ASH     : @ 176433.288: tcs3701: start power rail timer, state:3
11-24 13:39:41.104 10476 10510 I BatteryMgr:DataCollectionService: stats => 1700829581103,10681,4453,11901,4169000,100
11-24 13:39:41.138  1011  1189 I ASH     : @ 176433.328: tcs3701: stop power rail pending_off timer
11-24 13:39:41.138  1011  1189 D ASH     : @ 176433.328: tcs3701: start power rail timer, state:3
11-24 13:39:41.178  1011  1189 I ASH     : @ 176433.368: tcs3701: stop power rail pending_off timer
11-24 13:39:41.178  1011  1189 D ASH     : @ 176433.368: tcs3701: start power rail timer, state:3
11-24 13:39:41.202 29275 30266 I m.chrome.canary: Explicit concurrent copying GC freed 3814(192KB) AllocSpace objects, 4(80KB) LOS objects, 75% free, 12MB/49MB, paused 72us,21us total 41.117ms
11-24 13:39:41.212 10476 10510 I BatteryMgr:DataCollectionService: stats => 1700829581212,10681,4453,11901,4169000,100
11-24 13:39:41.219  1011  1189 I ASH     : @ 176433.408: tcs3701: stop power rail pending_off timer
11-24 13:39:41.219  1011  1189 D ASH     : @ 176433.408: tcs3701: start power rail timer, state:3
11-24 13:39:41.251  1795  2262 D ActivityManager: freezer override set to false
11-24 13:39:41.258  1011  1189 I ASH     : @ 176433.448: tcs3701: stop power rail pending_off timer
11-24 13:39:41.259  1011  1189 D ASH     : @ 176433.448: tcs3701: start power rail timer, state:3
11-24 13:39:41.293  1795  2262 D ActivityManager: freezer override set to true
11-24 13:39:41.296  1795  2262 D ActivityManager: freezer override set to false
11-24 13:39:41.299  1011  1189 I ASH     : @ 176433.488: tcs3701: stop power rail pending_off timer
11-24 13:39:41.299  1011  1189 D ASH     : @ 176433.488: tcs3701: start power rail timer, state:3
11-24 13:39:41.317 10476 10510 I BatteryMgr:DataCollectionService: stats => 1700829581317,10681,4453,11901,4169000,100
11-24 13:39:41.339  1011  1189 I ASH     : @ 176433.528: tcs3701: stop power rail pending_off timer
11-24 13:39:41.339  1011  1189 D ASH     : @ 176433.528: tcs3701: start power rail timer, state:3
11-24 13:39:41.378  1011  1189 I ASH     : @ 176433.568: tcs3701: stop power rail pending_off timer
11-24 13:39:41.378  1011  1189 D ASH     : @ 176433.568: tcs3701: start power rail timer, state:3
11-24 13:39:41.419  1011  1189 I ASH     : @ 176433.608: tcs3701: stop power rail pending_off timer
11-24 13:39:41.419  1011  1189 D ASH     : @ 176433.608: tcs3701: start power rail timer, state:3
11-24 13:39:41.424 10476 10510 I BatteryMgr:DataCollectionService: stats => 1700829581424,10681,4453,11901,4169000,100
11-24 13:39:41.458  1011  1189 I ASH     : @ 176433.648: tcs3701: stop power rail pending_off timer
11-24 13:39:41.458  1011  1189 D ASH     : @ 176433.648: tcs3701: start power rail timer, state:3
11-24 13:39:41.498  1011  1189 I ASH     : @ 176433.688: tcs3701: stop power rail pending_off timer
11-24 13:39:41.498  1011  1189 D ASH     : @ 176433.688: tcs3701: start power rail timer, state:3
11-24 13:39:41.530 10476 10510 I BatteryMgr:DataCollectionService: stats => 1700829581529,10681,4453,11901,4169000,100
11-24 13:39:41.538  1011  1189 I ASH     : @ 176433.728: tcs3701: stop power rail pending_off timer
11-24 13:39:41.539  1011  1189 D ASH     : @ 176433.728: tcs3701: start power rail timer, state:3
11-24 13:39:41.578  1011  1189 I ASH     : @ 176433.768: tcs3701: stop power rail pending_off timer
11-24 13:39:41.578  1011  1189 D ASH     : @ 176433.768: tcs3701: start power rail timer, state:3
11-24 13:39:41.618  1011  1189 I ASH     : @ 176433.808: tcs3701: stop power rail pending_off timer
11-24 13:39:41.618  1011  1189 D ASH     : @ 176433.808: tcs3701: start power rail timer, state:3
11-24 13:39:41.636 10476 10510 I BatteryMgr:DataCollectionService: stats => 1700829581635,10681,4453,11901,4169000,100
11-24 13:39:41.658  1011  1189 I ASH     : @ 176433.848: tcs3701: stop power rail pending_off timer
11-24 13:39:41.659  1011  1189 D ASH     : @ 176433.848: tcs3701: start power rail timer, state:3
11-24 13:39:41.698  1011  1189 I ASH     : @ 176433.888: tcs3701: stop power rail pending_off timer
11-24 13:39:41.698  1011  1189 D ASH     : @ 176433.888: tcs3701: start power rail timer, state:3
11-24 13:39:41.738  1011  1189 I ASH     : @ 176433.928: tcs3701: stop power rail pending_off timer
11-24 13:39:41.738  1011  1189 D ASH     : @ 176433.928: tcs3701: start power rail timer, state:3
11-24 13:39:41.742 10476 10510 I BatteryMgr:DataCollectionService: stats => 1700829581741,10681,4453,11901,4169000,100
11-24 13:39:41.778  1011  1189 I ASH     : @ 176433.968: tcs3701: stop power rail pending_off timer
11-24 13:39:41.779  1011  1189 D ASH     : @ 176433.968: tcs3701: start power rail timer, state:3
11-24 13:39:41.819  1011  1189 I ASH     : @ 176434.008: tcs3701: stop power rail pending_off timer
11-24 13:39:41.819  1011  1189 D ASH     : @ 176434.008: tcs3701: start power rail timer, state:3
11-24 13:39:41.848 10476 10510 I BatteryMgr:DataCollectionService: stats => 1700829581848,10681,4453,11901,4169000,100
11-24 13:39:41.858  1011  1189 I ASH     : @ 176434.048: tcs3701: stop power rail pending_off timer
11-24 13:39:41.858  1011  1189 D ASH     : @ 176434.048: tcs3701: start power rail timer, state:3
11-24 13:39:41.898  1011  1189 I ASH     : @ 176434.088: tcs3701: stop power rail pending_off timer
11-24 13:39:41.898  1011  1189 D ASH     : @ 176434.088: tcs3701: start power rail timer, state:3
11-24 13:39:41.939  1011  1189 I ASH     : @ 176434.128: tcs3701: stop power rail pending_off timer
11-24 13:39:41.939  1011  1189 D ASH     : @ 176434.128: tcs3701: start power rail timer, state:3
11-24 13:39:41.954 10476 10510 I BatteryMgr:DataCollectionService: stats => 1700829581954,10681,4453,11901,4169000,100
11-24 13:39:41.977  1795  2262 D ActivityManager: freezer override set to true
11-24 13:39:41.978  1011  1189 I ASH     : @ 176434.168: tcs3701: stop power rail pending_off timer
11-24 13:39:41.978  1011  1189 D ASH     : @ 176434.168: tcs3701: start power rail timer, state:3
11-24 13:39:41.981  1795  2262 D ActivityManager: freezer override set to false
11-24 13:39:42.019  1011  1189 I ASH     : @ 176434.208: tcs3701: stop power rail pending_off timer
11-24 13:39:42.019  1011  1189 D ASH     : @ 176434.208: tcs3701: start power rail timer, state:3
11-24 13:39:42.058 10476 10510 I BatteryMgr:DataCollectionService: stats => 1700829582058,10681,4453,11901,4169000,100
11-24 13:39:42.058  1011  1189 I ASH     : @ 176434.248: tcs3701: stop power rail pending_off timer
11-24 13:39:42.058  1011  1189 D ASH     : @ 176434.248: tcs3701: start power rail timer, state:3
11-24 13:39:42.098  1011  1189 I ASH     : @ 176434.288: tcs3701: stop power rail pending_off timer
11-24 13:39:42.098  1011  1189 D ASH     : @ 176434.288: tcs3701: start power rail timer, state:3
11-24 13:39:42.138  1011  1189 I ASH     : @ 176434.328: tcs3701: stop power rail pending_off timer
11-24 13:39:42.138  1011  1189 D ASH     : @ 176434.328: tcs3701: start power rail timer, state:3
11-24 13:39:42.163 10476 10510 I BatteryMgr:DataCollectionService: stats => 1700829582163,10681,4453,11901,4169000,100
11-24 13:39:42.178  1011  1189 I ASH     : @ 176434.368: tcs3701: stop power rail pending_off timer
11-24 13:39:42.178  1011  1189 D ASH     : @ 176434.368: tcs3701: start power rail timer, state:3
11-24 13:39:42.218  1011  1189 I ASH     : @ 176434.408: tcs3701: stop power rail pending_off timer
11-24 13:39:42.218  1011  1189 D ASH     : @ 176434.408: tcs3701: start power rail timer, state:3
11-24 13:39:42.258  1011  1189 I ASH     : @ 176434.448: tcs3701: stop power rail pending_off timer
11-24 13:39:42.258  1011  1189 D ASH     : @ 176434.448: tcs3701: start power rail timer, state:3
11-24 13:39:42.269 10476 10510 I BatteryMgr:DataCollectionService: stats => 1700829582269,10681,4453,11901,4169000,100
11-24 13:39:42.298  1011  1189 I ASH     : @ 176434.488: tcs3701: stop power rail pending_off timer
11-24 13:39:42.298  1011  1189 D ASH     : @ 176434.488: tcs3701: start power rail timer, state:3
11-24 13:39:42.301  1795  2424 D WifiNetworkSelector: Current connected network: 12
11-24 13:39:42.301  1795  2424 V WifiConnectivityManager: No partial scan because firmware roaming is supported.
11-24 13:39:42.301  1795  2424 V WifiConnectivityManager: schedulePeriodicScanTimer intervalMs 20000
11-24 13:39:42.338  1011  1189 I ASH     : @ 176434.528: tcs3701: stop power rail pending_off timer
11-24 13:39:42.339  1011  1189 D ASH     : @ 176434.528: tcs3701: start power rail timer, state:3
11-24 13:39:42.373 10476 10510 I BatteryMgr:DataCollectionService: stats => 1700829582373,10681,4453,11901,4169000,100
11-24 13:39:42.378  1011  1189 I ASH     : @ 176434.568: tcs3701: stop power rail pending_off timer
11-24 13:39:42.378  1011  1189 D ASH     : @ 176434.568: tcs3701: start power rail timer, state:3
11-24 13:39:42.419  1011  1189 I ASH     : @ 176434.608: tcs3701: stop power rail pending_off timer
11-24 13:39:42.419  1011  1189 D ASH     : @ 176434.608: tcs3701: start power rail timer, state:3
11-24 13:39:42.446  1795  2424 D WifiClientModeImpl[13802:wlan0]: updateLinkLayerStatsRssiSpeedFrequencyCapabilities rssi=-45 TxLinkspeed=780 freq=5240 RxLinkSpeed=6
11-24 13:39:42.447  1795  2424 D WifiDataStall: tx tput in kbps: 662847
11-24 13:39:42.447  1795  2424 D WifiDataStall: rx tput in kbps: 774664
11-24 13:39:42.447  1795  2424 V WifiConfigManager: Updating scan detail cache freq=5240 BSSID=f4:6d:2f:12:cc:88 RSSI=-44 for "ourhome"WPA_PSK
11-24 13:39:42.447  1795  2262 D ActivityManager: freezer override set to true
11-24 13:39:42.447  2782  5906 D QCNEJ/WlanStaInfoRelay: Received action: android.net.wifi.RSSI_CHANGED
11-24 13:39:42.448  2673  4313 V WifiManager: OnWifiUsabilityStatsListener: onWifiUsabilityStats: seqNum=51442
11-24 13:39:42.448  1795  3057 I WifiService: updateWifiUsabilityScore uid=10180 seqNum=51442 score=100 predictionHorizonSec=1441795
11-24 13:39:42.449  1795  2424 D WifiChannelUtilization:  freq: 5240 onTime: 5092458 busyTime: 500681 onTimeDiff: 1717666 busyTimeDiff: 184982 utilization: 27 utilization t0: 25
11-24 13:39:42.449  1795  2424 D WifiDataStall:  ccaLevel = 27
11-24 13:39:42.449  1795  2424 D WifiDataStall: L2 txTputKbps: 662847, rxTputKbps: 774664, L3 txTputKbps: 0, rxTputKbps: 0, TxTrafficHigh: false, RxTrafficHigh: false, Throughput Sufficient: true
11-24 13:39:42.449  1795  2424 D WifiScoreReport: Wifi scoring disabled - Don't check IP layer
11-24 13:39:42.449  1795  2424 D WifiScoreCard: BSSID update SIGNAL_POLL ID: 1320464697 SSID: "ourhome", BSSID: f4:6d:2f:12:cc:88, MAC: b2:2f:ec:da:4a:0c, IP: /192.168.1.104, Security type: 2, Supplicant state: COMPLETED, Wi-Fi standard: 5, RSSI: -45, Link speed: 780Mbps, Tx Link speed: 780Mbps, Max Supported Tx Link speed: 866Mbps, Rx Link speed: 6Mbps, Max Supported Rx Link speed: 866Mbps, Frequency: 5240MHz, Net ID: 12, Metered hint: false, score: 60, isUsable: true, CarrierMerged: false, SubscriptionId: -1, IsPrimary: 1, Trusted: true, Restricted: false, Ephemeral: false, OEM paid: false, OEM private: false, OSU AP: false, FQDN: <none>, Provider friendly name: <none>, Requesting package name: <none>"ourhome"wpa2-pskMLO Information: , Is TID-To-Link negotiation supported by the AP: false, AP MLD Address: <none>, AP MLO Link Id: <none>, AP MLO Affiliated links: <none>
11-24 13:39:42.449  1795  2424 D WifiScoreCard: txRate: 1 txSpeed: 780
11-24 13:39:42.449  1795  2424 D WifiScoreCard: network update SIGNAL_POLL "ourhome" ID: 1499892569 RSSI -45 txSpeed -1
11-24 13:39:42.450  2513  8309 V WifiManager: TrafficStateCallbackProxy: onStateChanged state=0
11-24 13:39:42.450  1795  2424 D WifiClientModeImpl[13802:wlan0]:  ClientModeImpl$L2ConnectedState screen=on 29 0 "ourhome" f4:6d:2f:12:cc:88 rssi=-45 f=5240 sc=60 link=780 tx=0.1, 0.0, 0.0 rx=0.0 bcn=1698619 [on:0 tx:0 rx:0 period:3015] from screen [on:482878 period:24824441] score=60
11-24 13:39:42.450  1795  2424 D WifiScoreReport: Wifi scoring disabled - Notify that Wifi is usable
11-24 13:39:42.453  1795  2432 D ConnectivityService: NetReassign [no changes] [c 0] [a 1] [i 1]
11-24 13:39:42.458  1011  1189 I ASH     : @ 176434.648: tcs3701: stop power rail pending_off timer
11-24 13:39:42.458  1011  1189 D ASH     : @ 176434.648: tcs3701: start power rail timer, state:3
11-24 13:39:42.480 10476 10510 I BatteryMgr:DataCollectionService: stats => 1700829582480,10681,4453,11901,4169000,100
11-24 13:39:42.498  1011  1189 I ASH     : @ 176434.688: tcs3701: stop power rail pending_off timer
11-24 13:39:42.498  1011  1189 D ASH     : @ 176434.688: tcs3701: start power rail timer, state:3
11-24 13:39:42.523 29275 30266 I m.chrome.canary: Explicit concurrent copying GC freed 3587(176KB) AllocSpace objects, 3(60KB) LOS objects, 75% free, 12MB/49MB, paused 26us,22us total 41.418ms
11-24 13:39:42.539  1011  1189 I ASH     : @ 176434.728: tcs3701: stop power rail pending_off timer
11-24 13:39:42.539  1011  1189 D ASH     : @ 176434.728: tcs3701: start power rail timer, state:3
11-24 13:39:42.576  1795  2262 D ActivityManager: freezer override set to false
11-24 13:39:42.578  1011  1189 I ASH     : @ 176434.768: tcs3701: stop power rail pending_off timer
11-24 13:39:42.579  1011  1189 D ASH     : @ 176434.768: tcs3701: start power rail timer, state:3
11-24 13:39:42.586 10476 10510 I BatteryMgr:DataCollectionService: stats => 1700829582585,10681,4453,11901,4169000,100
11-24 13:39:42.610  1795  2262 D ActivityManager: freezer override set to true
11-24 13:39:42.615  1795  2262 D ActivityManager: freezer override set to false
11-24 13:39:42.618  1011  1189 I ASH     : @ 176434.808: tcs3701: stop power rail pending_off timer
11-24 13:39:42.618  1011  1189 D ASH     : @ 176434.808: tcs3701: start power rail timer, state:3
11-24 13:39:42.660  1011  1189 I ASH     : @ 176434.848: tcs3701: stop power rail pending_off timer
11-24 13:39:42.660  1011  1189 D ASH     : @ 176434.848: tcs3701: start power rail timer, state:3
11-24 13:39:42.692 10476 10510 I BatteryMgr:DataCollectionService: stats => 1700829582692,10681,4453,11901,4169000,100
11-24 13:39:42.698  1011  1189 I ASH     : @ 176434.888: tcs3701: stop power rail pending_off timer
11-24 13:39:42.699  1011  1189 D ASH     : @ 176434.888: tcs3701: start power rail timer, state:3
11-24 13:39:42.738  1011  1189 I ASH     : @ 176434.928: tcs3701: stop power rail pending_off timer
11-24 13:39:42.738  1011  1189 D ASH     : @ 176434.928: tcs3701: start power rail timer, state:3
11-24 13:39:42.779  1011  1189 I ASH     : @ 176434.968: tcs3701: stop power rail pending_off timer
11-24 13:39:42.779  1011  1189 D ASH     : @ 176434.968: tcs3701: start power rail timer, state:3
11-24 13:39:42.799 10476 10510 I BatteryMgr:DataCollectionService: stats => 1700829582799,10681,4453,11901,4169000,100
11-24 13:39:42.819  1011  1189 I ASH     : @ 176435.008: tcs3701: stop power rail pending_off timer
11-24 13:39:42.819  1011  1189 D ASH     : @ 176435.008: tcs3701: start power rail timer, state:3
11-24 13:39:42.859  1011  1189 I ASH     : @ 176435.048: tcs3701: stop power rail pending_off timer
11-24 13:39:42.859  1011  1189 D ASH     : @ 176435.048: tcs3701: start power rail timer, state:3
11-24 13:39:42.898  1011  1189 I ASH     : @ 176435.088: tcs3701: stop power rail pending_off timer
11-24 13:39:42.899  1011  1189 D ASH     : @ 176435.088: tcs3701: start power rail timer, state:3
11-24 13:39:42.905 10476 10510 I BatteryMgr:DataCollectionService: stats => 1700829582905,10681,4453,11901,4169000,100
11-24 13:39:42.938  1011  1189 I ASH     : @ 176435.128: tcs3701: stop power rail pending_off timer
11-24 13:39:42.938  1011  1189 D ASH     : @ 176435.128: tcs3701: start power rail timer, state:3
11-24 13:39:42.979  1011  1189 I ASH     : @ 176435.168: tcs3701: stop power rail pending_off timer
11-24 13:39:42.979  1011  1189 D ASH     : @ 176435.168: tcs3701: start power rail timer, state:3
11-24 13:39:42.998  1795  2262 D ActivityManager: freezer override set to true
11-24 13:39:43.003  1795  2262 D ActivityManager: freezer override set to false
11-24 13:39:43.011 10476 10510 I BatteryMgr:DataCollectionService: stats => 1700829583011,10681,4453,11901,4169000,100
11-24 13:39:43.019  1011  1189 I ASH     : @ 176435.208: tcs3701: stop power rail pending_off timer
11-24 13:39:43.019  1011  1189 D ASH     : @ 176435.208: tcs3701: start power rail timer, state:3
11-24 13:39:43.059  1011  1189 I ASH     : @ 176435.248: tcs3701: stop power rail pending_off timer
11-24 13:39:43.059  1011  1189 D ASH     : @ 176435.248: tcs3701: start power rail timer, state:3
11-24 13:39:43.098  1011  1189 I ASH     : @ 176435.288: tcs3701: stop power rail pending_off timer
