11-24 20:29:43.134  1011  1189 I ASH     : @ 201035.321: tcs3701: stop power rail pending_off timer
11-24 20:29:43.134  1011  1189 D ASH     : @ 201035.321: tcs3701: start power rail timer, state:3
11-24 20:29:43.174  1011  1189 I ASH     : @ 201035.361: tcs3701: stop power rail pending_off timer
11-24 20:29:43.174  1011  1189 D ASH     : @ 201035.361: tcs3701: start power rail timer, state:3
11-24 20:29:43.202 29531 29576 I BatteryMgr:DataCollectionService: stats => 1700854183202,9460,4440,14648,4169000,100
11-24 20:29:43.214  1011  1189 I ASH     : @ 201035.401: tcs3701: stop power rail pending_off timer
11-24 20:29:43.214  1011  1189 D ASH     : @ 201035.401: tcs3701: start power rail timer, state:3
11-24 20:29:43.254  1011  1189 I ASH     : @ 201035.441: tcs3701: stop power rail pending_off timer
11-24 20:29:43.254  1011  1189 D ASH     : @ 201035.441: tcs3701: start power rail timer, state:3
11-24 20:29:43.294  1011  1189 I ASH     : @ 201035.481: tcs3701: stop power rail pending_off timer
11-24 20:29:43.294  1011  1189 D ASH     : @ 201035.481: tcs3701: start power rail timer, state:3
11-24 20:29:43.306 29531 29576 I BatteryMgr:DataCollectionService: stats => 1700854183306,9460,4440,14648,4169000,100
11-24 20:29:43.334  1011  1189 I ASH     : @ 201035.521: tcs3701: stop power rail pending_off timer
11-24 20:29:43.334  1011  1189 D ASH     : @ 201035.521: tcs3701: start power rail timer, state:3
11-24 20:29:43.374  1011  1189 I ASH     : @ 201035.561: tcs3701: stop power rail pending_off timer
11-24 20:29:43.374  1011  1189 D ASH     : @ 201035.561: tcs3701: start power rail timer, state:3
11-24 20:29:43.384  2113  2118 I pixel-thermal: skin-therm-monitor: 39.105
11-24 20:29:43.410 29531 29576 I BatteryMgr:DataCollectionService: stats => 1700854183410,9460,4440,14648,4169000,100
11-24 20:29:43.414  1011  1189 I ASH     : @ 201035.601: tcs3701: stop power rail pending_off timer
11-24 20:29:43.414  1011  1189 D ASH     : @ 201035.601: tcs3701: start power rail timer, state:3
11-24 20:29:43.454  1011  1189 I ASH     : @ 201035.641: tcs3701: stop power rail pending_off timer
11-24 20:29:43.454  1011  1189 D ASH     : @ 201035.641: tcs3701: start power rail timer, state:3
11-24 20:29:43.494  1011  1189 I ASH     : @ 201035.681: tcs3701: stop power rail pending_off timer
11-24 20:29:43.494  1011  1189 D ASH     : @ 201035.681: tcs3701: start power rail timer, state:3
11-24 20:29:43.516 29531 29576 I BatteryMgr:DataCollectionService: stats => 1700854183516,9460,4440,14648,4169000,100
11-24 20:29:43.534  1011  1189 I ASH     : @ 201035.721: tcs3701: stop power rail pending_off timer
11-24 20:29:43.534  1011  1189 D ASH     : @ 201035.721: tcs3701: start power rail timer, state:3
11-24 20:29:43.574  1011  1189 I ASH     : @ 201035.761: tcs3701: stop power rail pending_off timer
11-24 20:29:43.574  1011  1189 D ASH     : @ 201035.761: tcs3701: start power rail timer, state:3
11-24 20:29:43.614  1011  1189 I ASH     : @ 201035.801: tcs3701: stop power rail pending_off timer
11-24 20:29:43.614  1011  1189 D ASH     : @ 201035.801: tcs3701: start power rail timer, state:3
11-24 20:29:43.627 29531 29576 I BatteryMgr:DataCollectionService: stats => 1700854183627,9460,4440,14648,4169000,100
11-24 20:29:43.654  1011  1189 I ASH     : @ 201035.841: tcs3701: stop power rail pending_off timer
11-24 20:29:43.654  1011  1189 D ASH     : @ 201035.841: tcs3701: start power rail timer, state:3
11-24 20:29:43.657  1795  2735 D ActivityManager: freezer override set to true
11-24 20:29:43.662  1795  2735 D ActivityManager: freezer override set to false
11-24 20:29:43.694  1011  1189 I ASH     : @ 201035.881: tcs3701: stop power rail pending_off timer
11-24 20:29:43.694  1011  1189 D ASH     : @ 201035.881: tcs3701: start power rail timer, state:3
11-24 20:29:43.727  1795  2424 D WifiClientModeImpl[13802:wlan0]: updateLinkLayerStatsRssiSpeedFrequencyCapabilities rssi=-46 TxLinkspeed=866 freq=5240 RxLinkSpeed=866
11-24 20:29:43.730  2782  5906 D QCNEJ/WlanStaInfoRelay: Received action: android.net.wifi.RSSI_CHANGED
11-24 20:29:43.731  1795  2424 D WifiDataStall: tx tput in kbps: 687375
11-24 20:29:43.731  1795  2424 D WifiDataStall: rx tput in kbps: 794960
11-24 20:29:43.731  1795  2424 V WifiConfigManager: Updating scan detail cache freq=5240 BSSID=f4:6d:2f:12:cc:88 RSSI=-44 for "ourhome"WPA_PSK
11-24 20:29:43.731  1795  2424 D WifiChannelUtilization:  freq: 5240 onTime: 6186120 busyTime: 622688 onTimeDiff: 276161 busyTimeDiff: 22899 utilization: 21 utilization t0: 25
11-24 20:29:43.731  1795  2424 D WifiDataStall:  ccaLevel = 21
11-24 20:29:43.731  1795  2424 D WifiDataStall: L2 txTputKbps: 755212, rxTputKbps: 794960, L3 txTputKbps: 0, rxTputKbps: 1, TxTrafficHigh: false, RxTrafficHigh: false, Throughput Sufficient: true
11-24 20:29:43.731  1795  2424 D WifiScoreReport: Wifi scoring disabled - Don't check IP layer
11-24 20:29:43.732  1795  2424 D WifiScoreCard: BSSID update SIGNAL_POLL ID: 1320464697 SSID: "ourhome", BSSID: f4:6d:2f:12:cc:88, MAC: b2:2f:ec:da:4a:0c, IP: /192.168.1.104, Security type: 2, Supplicant state: COMPLETED, Wi-Fi standard: 5, RSSI: -46, Link speed: 866Mbps, Tx Link speed: 866Mbps, Max Supported Tx Link speed: 866Mbps, Rx Link speed: 866Mbps, Max Supported Rx Link speed: 866Mbps, Frequency: 5240MHz, Net ID: 12, Metered hint: false, score: 60, isUsable: true, CarrierMerged: false, SubscriptionId: -1, IsPrimary: 1, Trusted: true, Restricted: false, Ephemeral: false, OEM paid: false, OEM private: false, OSU AP: false, FQDN: <none>, Provider friendly name: <none>, Requesting package name: <none>"ourhome"wpa2-pskMLO Information: , Is TID-To-Link negotiation supported by the AP: false, AP MLD Address: <none>, AP MLO Link Id: <none>, AP MLO Affiliated links: <none>
11-24 20:29:43.732  1795  2424 D WifiScoreCard: txRate: 11 txSpeed: 866
11-24 20:29:43.732  1795  2424 D WifiScoreCard: network update SIGNAL_POLL "ourhome" ID: 1499892569 RSSI -46 txSpeed 866
11-24 20:29:43.732  1795  2424 D WifiClientModeImpl[13802:wlan0]:  ClientModeImpl$L2ConnectedState screen=on 29 0 "ourhome" f4:6d:2f:12:cc:88 rssi=-46 f=5240 sc=60 link=866 tx=9.1, 1.0, 0.0 rx=5.9 bcn=1938199 [on:56 tx:0 rx:0 period:3028] from screen [on:1576540 period:49425723] score=60
11-24 20:29:43.734  1011  1189 I ASH     : @ 201035.921: tcs3701: stop power rail pending_off timer
11-24 20:29:43.734  1011  1189 D ASH     : @ 201035.921: tcs3701: start power rail timer, state:3
11-24 20:29:43.735  2673  2691 V WifiManager: OnWifiUsabilityStatsListener: onWifiUsabilityStats: seqNum=59595
11-24 20:29:43.735  1795  2735 I WifiService: updateWifiUsabilityScore uid=10180 seqNum=59595 score=100 predictionHorizonSec=1441795
11-24 20:29:43.737  1795  2424 D WifiScoreReport: Wifi scoring disabled - Notify that Wifi is usable
11-24 20:29:43.740  1795  2432 D ConnectivityService: NetReassign [no changes] [c 1] [a 0] [i 2]
11-24 20:29:43.740 29531 29576 I BatteryMgr:DataCollectionService: stats => 1700854183740,9460,4440,14648,4169000,100
11-24 20:29:43.774  1795  3057 D ActivityManager: freezer override set to true
11-24 20:29:43.774  1011  1189 I ASH     : @ 201035.961: tcs3701: stop power rail pending_off timer
11-24 20:29:43.774  1011  1189 D ASH     : @ 201035.961: tcs3701: start power rail timer, state:3
11-24 20:29:43.814  1011  1189 I ASH     : @ 201036.001: tcs3701: stop power rail pending_off timer
11-24 20:29:43.814  1011  1189 D ASH     : @ 201036.001: tcs3701: start power rail timer, state:3
11-24 20:29:43.844 29531 29576 I BatteryMgr:DataCollectionService: stats => 1700854183844,9460,4440,14648,4169000,100
11-24 20:29:43.854  1011  1189 I ASH     : @ 201036.041: tcs3701: stop power rail pending_off timer
11-24 20:29:43.854  1011  1189 D ASH     : @ 201036.041: tcs3701: start power rail timer, state:3
11-24 20:29:43.894  1011  1189 I ASH     : @ 201036.081: tcs3701: stop power rail pending_off timer
11-24 20:29:43.894  1011  1189 D ASH     : @ 201036.081: tcs3701: start power rail timer, state:3
11-24 20:29:43.915 10434 10448 I m.chrome.canary: Explicit concurrent copying GC freed 3838(192KB) AllocSpace objects, 4(80KB) LOS objects, 75% free, 13MB/52MB, paused 71us,24us total 48.505ms
11-24 20:29:43.934  1011  1189 I ASH     : @ 201036.121: tcs3701: stop power rail pending_off timer
11-24 20:29:43.934  1011  1189 D ASH     : @ 201036.121: tcs3701: start power rail timer, state:3
11-24 20:29:43.949 29531 29576 I BatteryMgr:DataCollectionService: stats => 1700854183949,9460,4440,14648,4169000,100
11-24 20:29:43.974  1011  1189 I ASH     : @ 201036.161: tcs3701: stop power rail pending_off timer
11-24 20:29:43.974  1011  1189 D ASH     : @ 201036.161: tcs3701: start power rail timer, state:3
11-24 20:29:43.975  1795  3057 D ActivityManager: freezer override set to false
11-24 20:29:44.014  1011  1189 I ASH     : @ 201036.201: tcs3701: stop power rail pending_off timer
11-24 20:29:44.014  1011  1189 D ASH     : @ 201036.201: tcs3701: start power rail timer, state:3
11-24 20:29:44.048  1795  3057 D ActivityManager: freezer override set to true
11-24 20:29:44.054  1011  1189 I ASH     : @ 201036.241: tcs3701: stop power rail pending_off timer
11-24 20:29:44.054  1011  1189 D ASH     : @ 201036.241: tcs3701: start power rail timer, state:3
11-24 20:29:44.055  1795  3057 D ActivityManager: freezer override set to false
11-24 20:29:44.057 29531 29576 I BatteryMgr:DataCollectionService: stats => 1700854184057,9460,4440,14648,4169000,100
11-24 20:29:44.094  1011  1189 I ASH     : @ 201036.281: tcs3701: stop power rail pending_off timer
11-24 20:29:44.094  1011  1189 D ASH     : @ 201036.281: tcs3701: start power rail timer, state:3
11-24 20:29:44.134  1011  1189 I ASH     : @ 201036.321: tcs3701: stop power rail pending_off timer
11-24 20:29:44.134  1011  1189 D ASH     : @ 201036.321: tcs3701: start power rail timer, state:3
11-24 20:29:44.163 29531 29576 I BatteryMgr:DataCollectionService: stats => 1700854184163,9460,4440,14648,4169000,100
11-24 20:29:44.174  1011  1189 I ASH     : @ 201036.361: tcs3701: stop power rail pending_off timer
11-24 20:29:44.174  1011  1189 D ASH     : @ 201036.361: tcs3701: start power rail timer, state:3
11-24 20:29:44.214  1011  1189 I ASH     : @ 201036.401: tcs3701: stop power rail pending_off timer
11-24 20:29:44.214  1011  1189 D ASH     : @ 201036.401: tcs3701: start power rail timer, state:3
11-24 20:29:44.254  1011  1189 I ASH     : @ 201036.441: tcs3701: stop power rail pending_off timer
11-24 20:29:44.254  1011  1189 D ASH     : @ 201036.441: tcs3701: start power rail timer, state:3
11-24 20:29:44.267 29531 29576 I BatteryMgr:DataCollectionService: stats => 1700854184267,9460,4440,14648,4169000,100
11-24 20:29:44.294  1011  1189 I ASH     : @ 201036.481: tcs3701: stop power rail pending_off timer
11-24 20:29:44.294  1011  1189 D ASH     : @ 201036.481: tcs3701: start power rail timer, state:3
11-24 20:29:44.334  1011  1189 I ASH     : @ 201036.521: tcs3701: stop power rail pending_off timer
11-24 20:29:44.334  1011  1189 D ASH     : @ 201036.521: tcs3701: start power rail timer, state:3
11-24 20:29:44.374  1011  1189 I ASH     : @ 201036.561: tcs3701: stop power rail pending_off timer
11-24 20:29:44.374  1011  1189 D ASH     : @ 201036.561: tcs3701: start power rail timer, state:3
11-24 20:29:44.376 29531 29576 I BatteryMgr:DataCollectionService: stats => 1700854184376,9460,4440,14648,4169000,100
11-24 20:29:44.414  1011  1189 I ASH     : @ 201036.601: tcs3701: stop power rail pending_off timer
11-24 20:29:44.414  1011  1189 D ASH     : @ 201036.601: tcs3701: start power rail timer, state:3
11-24 20:29:44.454  1011  1189 I ASH     : @ 201036.641: tcs3701: stop power rail pending_off timer
11-24 20:29:44.454  1011  1189 D ASH     : @ 201036.641: tcs3701: start power rail timer, state:3
11-24 20:29:44.485 29531 29576 I BatteryMgr:DataCollectionService: stats => 1700854184485,9460,4440,14648,4169000,100
11-24 20:29:44.494  1011  1189 I ASH     : @ 201036.681: tcs3701: stop power rail pending_off timer
11-24 20:29:44.494  1011  1189 D ASH     : @ 201036.681: tcs3701: start power rail timer, state:3
11-24 20:29:44.534  1011  1189 I ASH     : @ 201036.721: tcs3701: stop power rail pending_off timer
11-24 20:29:44.534  1011  1189 D ASH     : @ 201036.721: tcs3701: start power rail timer, state:3
11-24 20:29:44.574  1011  1189 I ASH     : @ 201036.761: tcs3701: stop power rail pending_off timer
11-24 20:29:44.574  1011  1189 D ASH     : @ 201036.761: tcs3701: start power rail timer, state:3
11-24 20:29:44.591 29531 29576 I BatteryMgr:DataCollectionService: stats => 1700854184591,9460,4440,14648,4169000,100
11-24 20:29:44.614  1011  1189 I ASH     : @ 201036.801: tcs3701: stop power rail pending_off timer
11-24 20:29:44.614  1011  1189 D ASH     : @ 201036.801: tcs3701: start power rail timer, state:3
11-24 20:29:44.654  1011  1189 I ASH     : @ 201036.841: tcs3701: stop power rail pending_off timer
11-24 20:29:44.654  1011  1189 D ASH     : @ 201036.841: tcs3701: start power rail timer, state:3
11-24 20:29:44.661  1795  2735 D ActivityManager: freezer override set to true
11-24 20:29:44.684  1795  2735 D ActivityManager: freezer override set to false
11-24 20:29:44.694  1011  1189 I ASH     : @ 201036.881: tcs3701: stop power rail pending_off timer
11-24 20:29:44.694  1011  1189 D ASH     : @ 201036.881: tcs3701: start power rail timer, state:3
11-24 20:29:44.703 29531 29576 I BatteryMgr:DataCollectionService: stats => 1700854184703,9460,4440,14648,4169000,100
11-24 20:29:44.730 10434 10495 W chromium: [WARNING:ev_root_ca_metadata.cc(119)] Not implemented
11-24 20:29:44.730 10434 10495 W chromium: [WARNING:ev_root_ca_metadata.cc(119)] Not implemented
11-24 20:29:44.734  1011  1189 I ASH     : @ 201036.921: tcs3701: stop power rail pending_off timer
11-24 20:29:44.734  1011  1189 D ASH     : @ 201036.921: tcs3701: start power rail timer, state:3
11-24 20:29:44.774  1011  1189 I ASH     : @ 201036.961: tcs3701: stop power rail pending_off timer
11-24 20:29:44.774  1011  1189 D ASH     : @ 201036.961: tcs3701: start power rail timer, state:3
11-24 20:29:44.808 29531 29576 I BatteryMgr:DataCollectionService: stats => 1700854184808,9460,4440,14648,4169000,100
11-24 20:29:44.814  1011  1189 I ASH     : @ 201037.001: tcs3701: stop power rail pending_off timer
11-24 20:29:44.814  1011  1189 D ASH     : @ 201037.001: tcs3701: start power rail timer, state:3
11-24 20:29:44.854  1011  1189 I ASH     : @ 201037.041: tcs3701: stop power rail pending_off timer
11-24 20:29:44.854  1011  1189 D ASH     : @ 201037.041: tcs3701: start power rail timer, state:3
11-24 20:29:44.894  1011  1189 I ASH     : @ 201037.081: tcs3701: stop power rail pending_off timer
11-24 20:29:44.894  1011  1189 D ASH     : @ 201037.081: tcs3701: start power rail timer, state:3
11-24 20:29:44.917 29531 29576 I BatteryMgr:DataCollectionService: stats => 1700854184917,9460,4440,14648,4169000,100
11-24 20:29:44.934  1011  1189 I ASH     : @ 201037.121: tcs3701: stop power rail pending_off timer
11-24 20:29:44.934  1011  1189 D ASH     : @ 201037.121: tcs3701: start power rail timer, state:3
11-24 20:29:44.975  1011  1189 I ASH     : @ 201037.161: tcs3701: stop power rail pending_off timer
11-24 20:29:44.975  1011  1189 D ASH     : @ 201037.161: tcs3701: start power rail timer, state:3
11-24 20:29:45.014  1011  1189 I ASH     : @ 201037.201: tcs3701: stop power rail pending_off timer
11-24 20:29:45.014  1011  1189 D ASH     : @ 201037.201: tcs3701: start power rail timer, state:3
11-24 20:29:45.027 29531 29576 I BatteryMgr:DataCollectionService: stats => 1700854185027,9460,4440,14648,4169000,100
11-24 20:29:45.054  1011  1189 I ASH     : @ 201037.241: tcs3701: stop power rail pending_off timer
11-24 20:29:45.054  1011  1189 D ASH     : @ 201037.241: tcs3701: start power rail timer, state:3
11-24 20:29:45.094  1011  1189 I ASH     : @ 201037.281: tcs3701: stop power rail pending_off timer
11-24 20:29:45.094  1011  1189 D ASH     : @ 201037.281: tcs3701: start power rail timer, state:3
11-24 20:29:45.132 29531 29576 I BatteryMgr:DataCollectionService: stats => 1700854185132,9460,4440,14648,4169000,100
11-24 20:29:45.134  1011  1189 I ASH     : @ 201037.321: tcs3701: stop power rail pending_off timer
11-24 20:29:45.134  1011  1189 D ASH     : @ 201037.321: tcs3701: start power rail timer, state:3
11-24 20:29:45.174  1011  1189 I ASH     : @ 201037.361: tcs3701: stop power rail pending_off timer
11-24 20:29:45.174  1011  1189 D ASH     : @ 201037.361: tcs3701: start power rail timer, state:3
11-24 20:29:45.214  1011  1189 I ASH     : @ 201037.401: tcs3701: stop power rail pending_off timer
11-24 20:29:45.214  1011  1189 D ASH     : @ 201037.401: tcs3701: start power rail timer, state:3
11-24 20:29:45.238 29531 29576 I BatteryMgr:DataCollectionService: stats => 1700854185238,9460,4440,14648,4169000,100
11-24 20:29:45.254  1011  1189 I ASH     : @ 201037.441: tcs3701: stop power rail pending_off timer
11-24 20:29:45.254  1011  1189 D ASH     : @ 201037.441: tcs3701: start power rail timer, state:3
11-24 20:29:45.294  1011  1189 I ASH     : @ 201037.481: tcs3701: stop power rail pending_off timer
11-24 20:29:45.294  1011  1189 D ASH     : @ 201037.481: tcs3701: start power rail timer, state:3
11-24 20:29:45.334  1011  1189 I ASH     : @ 201037.521: tcs3701: stop power rail pending_off timer
11-24 20:29:45.334  1011  1189 D ASH     : @ 201037.521: tcs3701: start power rail timer, state:3
11-24 20:29:45.338  1795  2735 D ActivityManager: freezer override set to true
11-24 20:29:45.343 29531 29576 I BatteryMgr:DataCollectionService: stats => 1700854185343,9460,4440,14648,4169000,100
11-24 20:29:45.374  1011  1189 I ASH     : @ 201037.561: tcs3701: stop power rail pending_off timer
11-24 20:29:45.374  1011  1189 D ASH     : @ 201037.561: tcs3701: start power rail timer, state:3
11-24 20:29:45.386  2113  2118 I pixel-thermal: skin-therm-monitor: 39.095
11-24 20:29:45.414  1011  1189 I ASH     : @ 201037.601: tcs3701: stop power rail pending_off timer
11-24 20:29:45.414  1011  1189 D ASH     : @ 201037.601: tcs3701: start power rail timer, state:3
11-24 20:29:45.452 29531 29576 I BatteryMgr:DataCollectionService: stats => 1700854185452,9460,4440,14648,4169000,100
11-24 20:29:45.454  1011  1189 I ASH     : @ 201037.641: tcs3701: stop power rail pending_off timer
11-24 20:29:45.454  1011  1189 D ASH     : @ 201037.641: tcs3701: start power rail timer, state:3
11-24 20:29:45.494  1011  1189 I ASH     : @ 201037.681: tcs3701: stop power rail pending_off timer
11-24 20:29:45.494  1011  1189 D ASH     : @ 201037.681: tcs3701: start power rail timer, state:3
11-24 20:29:45.531  1795  2424 D WifiNetworkSelector: Current connected network: 12
11-24 20:29:45.531  1795  2424 V WifiConnectivityManager: No partial scan because firmware roaming is supported.
11-24 20:29:45.531  1795  2424 V WifiConnectivityManager: schedulePeriodicScanTimer intervalMs 20000
11-24 20:29:45.534  1011  1189 I ASH     : @ 201037.721: tcs3701: stop power rail pending_off timer
11-24 20:29:45.534  1011  1189 D ASH     : @ 201037.721: tcs3701: start power rail timer, state:3
11-24 20:29:45.551 10434 10448 I m.chrome.canary: Explicit concurrent copying GC freed 3625(177KB) AllocSpace objects, 3(60KB) LOS objects, 75% free, 13MB/52MB, paused 69us,25us total 115.276ms
11-24 20:29:45.557 29531 29576 I BatteryMgr:DataCollectionService: stats => 1700854185557,10070,4440,14648,4169000,100
11-24 20:29:45.574  1011  1189 I ASH     : @ 201037.761: tcs3701: stop power rail pending_off timer
11-24 20:29:45.574  1011  1189 D ASH     : @ 201037.761: tcs3701: start power rail timer, state:3
11-24 20:29:45.614  1011  1189 I ASH     : @ 201037.801: tcs3701: stop power rail pending_off timer
11-24 20:29:45.614  1011  1189 D ASH     : @ 201037.801: tcs3701: start power rail timer, state:3
11-24 20:29:45.617  1795  2735 D ActivityManager: freezer override set to false
11-24 20:29:45.645  1795  2735 D ActivityManager: freezer override set to true
11-24 20:29:45.650  1795  2735 D ActivityManager: freezer override set to false
11-24 20:29:45.655  1011  1189 I ASH     : @ 201037.841: tcs3701: stop power rail pending_off timer
11-24 20:29:45.655  1011  1189 D ASH     : @ 201037.841: tcs3701: start power rail timer, state:3
11-24 20:29:45.664 29531 29576 I BatteryMgr:DataCollectionService: stats => 1700854185664,10070,4440,14648,4169000,100
11-24 20:29:45.684  1795  2735 D ActivityManager: freezer override set to true
11-24 20:29:45.694  1011  1189 I ASH     : @ 201037.881: tcs3701: stop power rail pending_off timer
11-24 20:29:45.694  1011  1189 D ASH     : @ 201037.881: tcs3701: start power rail timer, state:3
11-24 20:29:45.711  1795  2735 D ActivityManager: freezer override set to false
11-24 20:29:45.734  1011  1189 I ASH     : @ 201037.921: tcs3701: stop power rail pending_off timer
11-24 20:29:45.734  1011  1189 D ASH     : @ 201037.921: tcs3701: start power rail timer, state:3
11-24 20:29:45.774  1011  1189 I ASH     : @ 201037.961: tcs3701: stop power rail pending_off timer
11-24 20:29:45.774  1011  1189 D ASH     : @ 201037.961: tcs3701: start power rail timer, state:3
11-24 20:29:45.776 29531 29576 I BatteryMgr:DataCollectionService: stats => 1700854185776,10070,4440,14648,4169000,100
11-24 20:29:45.814  1011  1189 I ASH     : @ 201038.001: tcs3701: stop power rail pending_off timer
11-24 20:29:45.814  1011  1189 D ASH     : @ 201038.001: tcs3701: start power rail timer, state:3
11-24 20:29:45.854  1011  1189 I ASH     : @ 201038.041: tcs3701: stop power rail pending_off timer
11-24 20:29:45.854  1011  1189 D ASH     : @ 201038.041: tcs3701: start power rail timer, state:3
11-24 20:29:45.880 29531 29576 I BatteryMgr:DataCollectionService: stats => 1700854185880,10070,4440,14648,4169000,100
11-24 20:29:45.894  1011  1189 I ASH     : @ 201038.081: tcs3701: stop power rail pending_off timer
11-24 20:29:45.894  1011  1189 D ASH     : @ 201038.081: tcs3701: start power rail timer, state:3
11-24 20:29:45.934  1011  1189 I ASH     : @ 201038.121: tcs3701: stop power rail pending_off timer
11-24 20:29:45.934  1011  1189 D ASH     : @ 201038.121: tcs3701: start power rail timer, state:3
11-24 20:29:45.974  1011  1189 I ASH     : @ 201038.161: tcs3701: stop power rail pending_off timer
11-24 20:29:45.974  1011  1189 D ASH     : @ 201038.161: tcs3701: start power rail timer, state:3
11-24 20:29:45.984 29531 29576 I BatteryMgr:DataCollectionService: stats => 1700854185984,10070,4440,14648,4169000,100
11-24 20:29:46.014  1011  1189 I ASH     : @ 201038.201: tcs3701: stop power rail pending_off timer
11-24 20:29:46.014  1011  1189 D ASH     : @ 201038.201: tcs3701: start power rail timer, state:3
11-24 20:29:46.054  1011  1189 I ASH     : @ 201038.241: tcs3701: stop power rail pending_off timer
11-24 20:29:46.054  1011  1189 D ASH     : @ 201038.241: tcs3701: start power rail timer, state:3
11-24 20:29:46.088 29531 29576 I BatteryMgr:DataCollectionService: stats => 1700854186088,10070,4440,14648,4169000,100
11-24 20:29:46.094  1011  1189 I ASH     : @ 201038.281: tcs3701: stop power rail pending_off timer
11-24 20:29:46.094  1011  1189 D ASH     : @ 201038.281: tcs3701: start power rail timer, state:3
11-24 20:29:46.134  1011  1189 I ASH     : @ 201038.321: tcs3701: stop power rail pending_off timer
11-24 20:29:46.134  1011  1189 D ASH     : @ 201038.321: tcs3701: start power rail timer, state:3
11-24 20:29:46.174  1011  1189 I ASH     : @ 201038.361: tcs3701: stop power rail pending_off timer
11-24 20:29:46.174  1011  1189 D ASH     : @ 201038.361: tcs3701: start power rail timer, state:3
11-24 20:29:46.192 29531 29576 I BatteryMgr:DataCollectionService: stats => 1700854186192,10070,4440,14648,4169000,100
11-24 20:29:46.214  1011  1189 I ASH     : @ 201038.401: tcs3701: stop power rail pending_off timer
11-24 20:29:46.214  1011  1189 D ASH     : @ 201038.401: tcs3701: start power rail timer, state:3
11-24 20:29:46.254  1011  1189 I ASH     : @ 201038.441: tcs3701: stop power rail pending_off timer
11-24 20:29:46.254  1011  1189 D ASH     : @ 201038.441: tcs3701: start power rail timer, state:3
11-24 20:29:46.294  1011  1189 I ASH     : @ 201038.481: tcs3701: stop power rail pending_off timer
11-24 20:29:46.294  1011  1189 D ASH     : @ 201038.481: tcs3701: start power rail timer, state:3
11-24 20:29:46.297 29531 29576 I BatteryMgr:DataCollectionService: stats => 1700854186297,10070,4440,14648,4169000,100
11-24 20:29:46.334  1011  1189 I ASH     : @ 201038.521: tcs3701: stop power rail pending_off timer
11-24 20:29:46.334  1011  1189 D ASH     : @ 201038.521: tcs3701: start power rail timer, state:3
11-24 20:29:46.374  1011  1189 I ASH     : @ 201038.561: tcs3701: stop power rail pending_off timer
11-24 20:29:46.374  1011  1189 D ASH     : @ 201038.561: tcs3701: start power rail timer, state:3
11-24 20:29:46.403 29531 29576 I BatteryMgr:DataCollectionService: stats => 1700854186403,10070,4440,14648,4169000,100
11-24 20:29:46.414  1011  1189 I ASH     : @ 201038.601: tcs3701: stop power rail pending_off timer
11-24 20:29:46.414  1011  1189 D ASH     : @ 201038.601: tcs3701: start power rail timer, state:3
11-24 20:29:46.454  1011  1189 I ASH     : @ 201038.641: tcs3701: stop power rail pending_off timer
11-24 20:29:46.454  1011  1189 D ASH     : @ 201038.641: tcs3701: start power rail timer, state:3
11-24 20:29:46.494  1011  1189 I ASH     : @ 201038.681: tcs3701: stop power rail pending_off timer
11-24 20:29:46.494  1011  1189 D ASH     : @ 201038.681: tcs3701: start power rail timer, state:3
11-24 20:29:46.508 29531 29576 I BatteryMgr:DataCollectionService: stats => 1700854186508,10070,4440,14648,4169000,100
11-24 20:29:46.534  1011  1189 I ASH     : @ 201038.721: tcs3701: stop power rail pending_off timer
11-24 20:29:46.534  1011  1189 D ASH     : @ 201038.721: tcs3701: start power rail timer, state:3
11-24 20:29:46.574  1011  1189 I ASH     : @ 201038.761: tcs3701: stop power rail pending_off timer
11-24 20:29:46.574  1011  1189 D ASH     : @ 201038.761: tcs3701: start power rail timer, state:3
11-24 20:29:46.613 29531 29576 I BatteryMgr:DataCollectionService: stats => 1700854186613,10070,4440,14648,4169000,100
11-24 20:29:46.614  1011  1189 I ASH     : @ 201038.801: tcs3701: stop power rail pending_off timer
11-24 20:29:46.614  1011  1189 D ASH     : @ 201038.801: tcs3701: start power rail timer, state:3
11-24 20:29:46.648  1795  2735 D ActivityManager: freezer override set to true
11-24 20:29:46.652  1795  2735 D ActivityManager: freezer override set to false
11-24 20:29:46.654  1011  1189 I ASH     : @ 201038.841: tcs3701: stop power rail pending_off timer
11-24 20:29:46.654  1011  1189 D ASH     : @ 201038.841: tcs3701: start power rail timer, state:3
11-24 20:29:46.694  1011  1189 I ASH     : @ 201038.881: tcs3701: stop power rail pending_off timer
11-24 20:29:46.694  1011  1189 D ASH     : @ 201038.881: tcs3701: start power rail timer, state:3
11-24 20:29:46.717 29531 29576 I BatteryMgr:DataCollectionService: stats => 1700854186717,10070,4440,14648,4169000,100
11-24 20:29:46.734  1011  1189 I ASH     : @ 201038.921: tcs3701: stop power rail pending_off timer
11-24 20:29:46.734  1011  1189 D ASH     : @ 201038.921: tcs3701: start power rail timer, state:3
11-24 20:29:46.742  1795  2424 D WifiClientModeImpl[13802:wlan0]: updateLinkLayerStatsRssiSpeedFrequencyCapabilities rssi=-44 TxLinkspeed=780 freq=5240 RxLinkSpeed=866
11-24 20:29:46.742  1795  2424 D WifiDataStall: tx tput in kbps: 755212
11-24 20:29:46.742  1795  2424 D WifiDataStall: rx tput in kbps: 794960
11-24 20:29:46.742  1795  2424 V WifiConfigManager: Updating scan detail cache freq=5240 BSSID=f4:6d:2f:12:cc:88 RSSI=-44 for "ourhome"WPA_PSK
11-24 20:29:46.743  1795  2424 D WifiChannelUtilization:  freq: 5240 onTime: 6186299 busyTime: 622704 onTimeDiff: 276340 busyTimeDiff: 22915 utilization: 21 utilization t0: 25
11-24 20:29:46.743  2782  5906 D QCNEJ/WlanStaInfoRelay: Received action: android.net.wifi.RSSI_CHANGED
11-24 20:29:46.743  1795  2424 D WifiDataStall:  ccaLevel = 21
11-24 20:29:46.743  1795  2424 D WifiDataStall: L2 txTputKbps: 615773, rxTputKbps: 794960, L3 txTputKbps: 17, rxTputKbps: 46, TxTrafficHigh: true, RxTrafficHigh: true, Throughput Sufficient: true
11-24 20:29:46.743  2673  2691 V WifiManager: OnWifiUsabilityStatsListener: onWifiUsabilityStats: seqNum=59596
11-24 20:29:46.743  1795  2424 D WifiScoreReport: Wifi scoring disabled - Don't check IP layer
11-24 20:29:46.743  1795  2424 D WifiScoreCard: BSSID update SIGNAL_POLL ID: 1320464697 SSID: "ourhome", BSSID: f4:6d:2f:12:cc:88, MAC: b2:2f:ec:da:4a:0c, IP: /192.168.1.104, Security type: 2, Supplicant state: COMPLETED, Wi-Fi standard: 5, RSSI: -44, Link speed: 780Mbps, Tx Link speed: 780Mbps, Max Supported Tx Link speed: 866Mbps, Rx Link speed: 866Mbps, Max Supported Rx Link speed: 866Mbps, Frequency: 5240MHz, Net ID: 12, Metered hint: false, score: 60, isUsable: true, CarrierMerged: false, SubscriptionId: -1, IsPrimary: 1, Trusted: true, Restricted: false, Ephemeral: false, OEM paid: false, OEM private: false, OSU AP: false, FQDN: <none>, Provider friendly name: <none>, Requesting package name: <none>"ourhome"wpa2-pskMLO Information: , Is TID-To-Link negotiation supported by the AP: false, AP MLD Address: <none>, AP MLO Link Id: <none>, AP MLO Affiliated links: <none>
11-24 20:29:46.743  1795  2424 D WifiScoreCard: txRate: 10 txSpeed: 780
11-24 20:29:46.743  1795  2424 D WifiScoreCard: network update SIGNAL_POLL "ourhome" ID: 1499892569 RSSI -44 txSpeed 780
11-24 20:29:46.743  1795  2424 D WifiClientModeImpl[13802:wlan0]:  ClientModeImpl$L2ConnectedState screen=on 29 0 "ourhome" f4:6d:2f:12:cc:88 rssi=-44 f=5240 sc=60 link=780 tx=8.3, 1.2, 0.0 rx=5.3 bcn=1938228 [on:179 tx:4 rx:2 period:3011] from screen [on:1576719 period:49428734] score=60
11-24 20:29:46.743  1795  2735 I WifiService: updateWifiUsabilityScore uid=10180 seqNum=59596 score=100 predictionHorizonSec=1441795
11-24 20:29:46.744  1795  2424 D WifiScoreReport: Wifi scoring disabled - Notify that Wifi is usable
11-24 20:29:46.746  1795  2432 D ConnectivityService: NetReassign [no changes] [c 0] [a 0] [i 2]
11-24 20:29:46.774  1011  1189 I ASH     : @ 201038.961: tcs3701: stop power rail pending_off timer
11-24 20:29:46.774  1011  1189 D ASH     : @ 201038.961: tcs3701: start power rail timer, state:3
11-24 20:29:46.814  1011  1189 I ASH     : @ 201039.001: tcs3701: stop power rail pending_off timer
11-24 20:29:46.814  1011  1189 D ASH     : @ 201039.001: tcs3701: start power rail timer, state:3
11-24 20:29:46.824 29531 29576 I BatteryMgr:DataCollectionService: stats => 1700854186824,10070,4440,14648,4169000,100
11-24 20:29:46.854  1011  1189 I ASH     : @ 201039.041: tcs3701: stop power rail pending_off timer
11-24 20:29:46.854  1011  1189 D ASH     : @ 201039.041: tcs3701: start power rail timer, state:3
11-24 20:29:46.887  1795  2735 D ActivityManager: freezer override set to true
11-24 20:29:46.894  1011  1189 I ASH     : @ 201039.081: tcs3701: stop power rail pending_off timer
11-24 20:29:46.894  1011  1189 D ASH     : @ 201039.081: tcs3701: start power rail timer, state:3
11-24 20:29:46.928 29531 29576 I BatteryMgr:DataCollectionService: stats => 1700854186928,10070,4440,14648,4169000,100
11-24 20:29:46.934  1011  1189 I ASH     : @ 201039.121: tcs3701: stop power rail pending_off timer
11-24 20:29:46.934  1011  1189 D ASH     : @ 201039.121: tcs3701: start power rail timer, state:3
11-24 20:29:46.974  1011  1189 I ASH     : @ 201039.161: tcs3701: stop power rail pending_off timer
11-24 20:29:46.974  1011  1189 D ASH     : @ 201039.161: tcs3701: start power rail timer, state:3
11-24 20:29:47.014  1011  1189 I ASH     : @ 201039.201: tcs3701: stop power rail pending_off timer
11-24 20:29:47.014  1011  1189 D ASH     : @ 201039.201: tcs3701: start power rail timer, state:3
11-24 20:29:47.033 29531 29576 I BatteryMgr:DataCollectionService: stats => 1700854187033,10070,4440,14648,4169000,100
11-24 20:29:47.053 10434 10448 I m.chrome.canary: Explicit concurrent copying GC freed 3973(207KB) AllocSpace objects, 6(184KB) LOS objects, 75% free, 13MB/52MB, paused 71us,24us total 58.907ms
11-24 20:29:47.054  1011  1189 I ASH     : @ 201039.241: tcs3701: stop power rail pending_off timer
11-24 20:29:47.054  1011  1189 D ASH     : @ 201039.241: tcs3701: start power rail timer, state:3
11-24 20:29:47.094  1011  1189 I ASH     : @ 201039.281: tcs3701: stop power rail pending_off timer
11-24 20:29:47.094  1011  1189 D ASH     : @ 201039.281: tcs3701: start power rail timer, state:3
11-24 20:29:47.111  1795  2735 D ActivityManager: freezer override set to false
11-24 20:29:47.134  1011  1189 I ASH     : @ 201039.321: tcs3701: stop power rail pending_off timer
11-24 20:29:47.134  1011  1189 D ASH     : @ 201039.321: tcs3701: start power rail timer, state:3
11-24 20:29:47.140 29531 29576 I BatteryMgr:DataCollectionService: stats => 1700854187140,10070,4440,14648,4169000,100
11-24 20:29:47.165  1795  2735 D ActivityManager: freezer override set to true
11-24 20:29:47.168  1795  2735 D ActivityManager: freezer override set to false
11-24 20:29:47.174  1011  1189 I ASH     : @ 201039.361: tcs3701: stop power rail pending_off timer
11-24 20:29:47.174  1011  1189 D ASH     : @ 201039.361: tcs3701: start power rail timer, state:3
11-24 20:29:47.214  1011  1189 I ASH     : @ 201039.401: tcs3701: stop power rail pending_off timer
11-24 20:29:47.214  1011  1189 D ASH     : @ 201039.401: tcs3701: start power rail timer, state:3
11-24 20:29:47.245 29531 29576 I BatteryMgr:DataCollectionService: stats => 1700854187245,10070,4440,14648,4169000,100
11-24 20:29:47.254  1011  1189 I ASH     : @ 201039.441: tcs3701: stop power rail pending_off timer
11-24 20:29:47.254  1011  1189 D ASH     : @ 201039.441: tcs3701: start power rail timer, state:3
11-24 20:29:47.294  1011  1189 I ASH     : @ 201039.481: tcs3701: stop power rail pending_off timer
11-24 20:29:47.294  1011  1189 D ASH     : @ 201039.481: tcs3701: start power rail timer, state:3
11-24 20:29:47.334  1011  1189 I ASH     : @ 201039.521: tcs3701: stop power rail pending_off timer
11-24 20:29:47.334  1011  1189 D ASH     : @ 201039.521: tcs3701: start power rail timer, state:3
11-24 20:29:47.349 29531 29576 I BatteryMgr:DataCollectionService: stats => 1700854187349,10070,4440,14648,4169000,100
11-24 20:29:47.374  1011  1189 I ASH     : @ 201039.561: tcs3701: stop power rail pending_off timer
11-24 20:29:47.374  1011  1189 D ASH     : @ 201039.561: tcs3701: start power rail timer, state:3
11-24 20:29:47.414  1011  1189 I ASH     : @ 201039.601: tcs3701: stop power rail pending_off timer
11-24 20:29:47.414  1011  1189 D ASH     : @ 201039.601: tcs3701: start power rail timer, state:3
11-24 20:29:47.452 29531 29576 I BatteryMgr:DataCollectionService: stats => 1700854187452,10070,4440,14648,4169000,100
11-24 20:29:47.454  1011  1189 I ASH     : @ 201039.641: tcs3701: stop power rail pending_off timer
11-24 20:29:47.454  1011  1189 D ASH     : @ 201039.641: tcs3701: start power rail timer, state:3
11-24 20:29:47.494  1011  1189 I ASH     : @ 201039.681: tcs3701: stop power rail pending_off timer
11-24 20:29:47.494  1011  1189 D ASH     : @ 201039.681: tcs3701: start power rail timer, state:3
11-24 20:29:47.534  1011  1189 I ASH     : @ 201039.721: tcs3701: stop power rail pending_off timer
11-24 20:29:47.534  1011  1189 D ASH     : @ 201039.721: tcs3701: start power rail timer, state:3
11-24 20:29:47.557 29531 29576 I BatteryMgr:DataCollectionService: stats => 1700854187557,10070,4440,14648,4169000,100
11-24 20:29:47.574  1011  1189 I ASH     : @ 201039.761: tcs3701: stop power rail pending_off timer
11-24 20:29:47.574  1011  1189 D ASH     : @ 201039.761: tcs3701: start power rail timer, state:3
11-24 20:29:47.614  1011  1189 I ASH     : @ 201039.801: tcs3701: stop power rail pending_off timer
11-24 20:29:47.614  1011  1189 D ASH     : @ 201039.801: tcs3701: start power rail timer, state:3
11-24 20:29:47.647  1795  2735 D ActivityManager: freezer override set to true
11-24 20:29:47.651  1795  2735 D ActivityManager: freezer override set to false
11-24 20:29:47.654  1011  1189 I ASH     : @ 201039.841: tcs3701: stop power rail pending_off timer
11-24 20:29:47.654  1011  1189 D ASH     : @ 201039.841: tcs3701: start power rail timer, state:3
11-24 20:29:47.661 29531 29576 I BatteryMgr:DataCollectionService: stats => 1700854187661,10070,4440,14648,4169000,100
11-24 20:29:47.694  1011  1189 I ASH     : @ 201039.881: tcs3701: stop power rail pending_off timer
11-24 20:29:47.694  1011  1189 D ASH     : @ 201039.881: tcs3701: start power rail timer, state:3
11-24 20:29:47.734  1011  1189 I ASH     : @ 201039.921: tcs3701: stop power rail pending_off timer
11-24 20:29:47.734  1011  1189 D ASH     : @ 201039.921: tcs3701: start power rail timer, state:3
11-24 20:29:47.765 29531 29576 I BatteryMgr:DataCollectionService: stats => 1700854187765,10070,4440,14648,4169000,100
11-24 20:29:47.774  1011  1189 I ASH     : @ 201039.961: tcs3701: stop power rail pending_off timer
11-24 20:29:47.774  1011  1189 D ASH     : @ 201039.961: tcs3701: start power rail timer, state:3
11-24 20:29:47.814  1011  1189 I ASH     : @ 201040.001: tcs3701: stop power rail pending_off timer
11-24 20:29:47.814  1011  1189 D ASH     : @ 201040.001: tcs3701: start power rail timer, state:3
11-24 20:29:47.835  2113  2118 I pixel-thermal: skin-therm-monitor: 39.072
11-24 20:29:47.854  1011  1189 I ASH     : @ 201040.041: tcs3701: stop power rail pending_off timer
11-24 20:29:47.854  1011  1189 D ASH     : @ 201040.041: tcs3701: start power rail timer, state:3
11-24 20:29:47.870 29531 29576 I BatteryMgr:DataCollectionService: stats => 1700854187870,10070,4440,14648,4169000,100
11-24 20:29:47.894  1011  1189 I ASH     : @ 201040.081: tcs3701: stop power rail pending_off timer
11-24 20:29:47.894  1011  1189 D ASH     : @ 201040.081: tcs3701: start power rail timer, state:3
11-24 20:29:47.934  1011  1189 I ASH     : @ 201040.121: tcs3701: stop power rail pending_off timer
11-24 20:29:47.934  1011  1189 D ASH     : @ 201040.121: tcs3701: start power rail timer, state:3
11-24 20:29:47.974  1011  1189 I ASH     : @ 201040.161: tcs3701: stop power rail pending_off timer
11-24 20:29:47.974  1011  1189 D ASH     : @ 201040.161: tcs3701: start power rail timer, state:3
11-24 20:29:47.975 29531 29576 I BatteryMgr:DataCollectionService: stats => 1700854187975,10070,4440,14648,4169000,100
11-24 20:29:48.014  1011  1189 I ASH     : @ 201040.201: tcs3701: stop power rail pending_off timer
11-24 20:29:48.014  1011  1189 D ASH     : @ 201040.201: tcs3701: start power rail timer, state:3
11-24 20:29:48.054  1011  1189 I ASH     : @ 201040.241: tcs3701: stop power rail pending_off timer
11-24 20:29:48.054  1011  1189 D ASH     : @ 201040.241: tcs3701: start power rail timer, state:3
11-24 20:29:48.079 29531 29576 I BatteryMgr:DataCollectionService: stats => 1700854188079,10070,4440,14648,4169000,100
11-24 20:29:48.094  1011  1189 I ASH     : @ 201040.281: tcs3701: stop power rail pending_off timer
11-24 20:29:48.094  1011  1189 D ASH     : @ 201040.281: tcs3701: start power rail timer, state:3
11-24 20:29:48.134  1011  1189 I ASH     : @ 201040.321: tcs3701: stop power rail pending_off timer
11-24 20:29:48.134  1011  1189 D ASH     : @ 201040.321: tcs3701: start power rail timer, state:3
11-24 20:29:48.174  1011  1189 I ASH     : @ 201040.361: tcs3701: stop power rail pending_off timer
11-24 20:29:48.174  1011  1189 D ASH     : @ 201040.361: tcs3701: start power rail timer, state:3
11-24 20:29:48.183 29531 29576 I BatteryMgr:DataCollectionService: stats => 1700854188183,10070,4440,14648,4169000,100
11-24 20:29:48.214  1011  1189 I ASH     : @ 201040.401: tcs3701: stop power rail pending_off timer
11-24 20:29:48.214  1011  1189 D ASH     : @ 201040.401: tcs3701: start power rail timer, state:3
11-24 20:29:48.254  1011  1189 I ASH     : @ 201040.441: tcs3701: stop power rail pending_off timer
11-24 20:29:48.254  1011  1189 D ASH     : @ 201040.441: tcs3701: start power rail timer, state:3
11-24 20:29:48.288 29531 29576 I BatteryMgr:DataCollectionService: stats => 1700854188288,10070,4440,14648,4169000,100
11-24 20:29:48.294  1011  1189 I ASH     : @ 201040.481: tcs3701: stop power rail pending_off timer
11-24 20:29:48.294  1011  1189 D ASH     : @ 201040.481: tcs3701: start power rail timer, state:3
11-24 20:29:48.334  1011  1189 I ASH     : @ 201040.521: tcs3701: stop power rail pending_off timer
11-24 20:29:48.334  1011  1189 D ASH     : @ 201040.521: tcs3701: start power rail timer, state:3
11-24 20:29:48.348  1795  2735 D ActivityManager: freezer override set to true
11-24 20:29:48.374  1011  1189 I ASH     : @ 201040.561: tcs3701: stop power rail pending_off timer
11-24 20:29:48.374  1011  1189 D ASH     : @ 201040.561: tcs3701: start power rail timer, state:3
11-24 20:29:48.393 29531 29576 I BatteryMgr:DataCollectionService: stats => 1700854188393,10070,4440,14648,4169000,100
11-24 20:29:48.414  1011  1189 I ASH     : @ 201040.601: tcs3701: stop power rail pending_off timer
11-24 20:29:48.414  1011  1189 D ASH     : @ 201040.601: tcs3701: start power rail timer, state:3
11-24 20:29:48.446 10434 10448 I m.chrome.canary: Explicit concurrent copying GC freed 3604(176KB) AllocSpace objects, 3(60KB) LOS objects, 75% free, 13MB/52MB, paused 31us,26us total 52.794ms
11-24 20:29:48.454  1011  1189 I ASH     : @ 201040.641: tcs3701: stop power rail pending_off timer
11-24 20:29:48.454  1011  1189 D ASH     : @ 201040.641: tcs3701: start power rail timer, state:3
11-24 20:29:48.494  1011  1189 I ASH     : @ 201040.681: tcs3701: stop power rail pending_off timer
11-24 20:29:48.494  1011  1189 D ASH     : @ 201040.681: tcs3701: start power rail timer, state:3
11-24 20:29:48.498 29531 29576 I BatteryMgr:DataCollectionService: stats => 1700854188498,10070,4440,14648,4169000,100
11-24 20:29:48.513  1795  2735 D ActivityManager: freezer override set to false
11-24 20:29:48.534  1011  1189 I ASH     : @ 201040.721: tcs3701: stop power rail pending_off timer
11-24 20:29:48.534  1011  1189 D ASH     : @ 201040.721: tcs3701: start power rail timer, state:3
11-24 20:29:48.553  1795  2735 D ActivityManager: freezer override set to true
11-24 20:29:48.556  1795  2735 D ActivityManager: freezer override set to false
11-24 20:29:48.574  1011  1189 I ASH     : @ 201040.761: tcs3701: stop power rail pending_off timer
11-24 20:29:48.574  1011  1189 D ASH     : @ 201040.761: tcs3701: start power rail timer, state:3
11-24 20:29:48.603 29531 29576 I BatteryMgr:DataCollectionService: stats => 1700854188603,10070,4440,14648,4169000,100
11-24 20:29:48.614  1011  1189 I ASH     : @ 201040.801: tcs3701: stop power rail pending_off timer
11-24 20:29:48.614  1011  1189 D ASH     : @ 201040.801: tcs3701: start power rail timer, state:3
11-24 20:29:48.646  1795  2735 D ActivityManager: freezer override set to true
11-24 20:29:48.651  1795  2735 D ActivityManager: freezer override set to false
11-24 20:29:48.654  1011  1189 I ASH     : @ 201040.841: tcs3701: stop power rail pending_off timer
11-24 20:29:48.654  1011  1189 D ASH     : @ 201040.841: tcs3701: start power rail timer, state:3
11-24 20:29:48.694  1011  1189 I ASH     : @ 201040.881: tcs3701: stop power rail pending_off timer
11-24 20:29:48.694  1011  1189 D ASH     : @ 201040.881: tcs3701: start power rail timer, state:3
11-24 20:29:48.707 29531 29576 I BatteryMgr:DataCollectionService: stats => 1700854188707,10070,4440,14648,4169000,100
11-24 20:29:48.734  1011  1189 I ASH     : @ 201040.921: tcs3701: stop power rail pending_off timer
11-24 20:29:48.734  1011  1189 D ASH     : @ 201040.921: tcs3701: start power rail timer, state:3
11-24 20:29:48.774  1011  1189 I ASH     : @ 201040.961: tcs3701: stop power rail pending_off timer
11-24 20:29:48.774  1011  1189 D ASH     : @ 201040.961: tcs3701: start power rail timer, state:3
11-24 20:29:48.811 29531 29576 I BatteryMgr:DataCollectionService: stats => 1700854188811,10070,4440,14648,4169000,100
11-24 20:29:48.814  1011  1189 I ASH     : @ 201041.001: tcs3701: stop power rail pending_off timer
11-24 20:29:48.814  1011  1189 D ASH     : @ 201041.001: tcs3701: start power rail timer, state:3
11-24 20:29:48.854  1011  1189 I ASH     : @ 201041.041: tcs3701: stop power rail pending_off timer
11-24 20:29:48.854  1011  1189 D ASH     : @ 201041.041: tcs3701: start power rail timer, state:3
11-24 20:29:48.894  1011  1189 I ASH     : @ 201041.081: tcs3701: stop power rail pending_off timer
11-24 20:29:48.894  1011  1189 D ASH     : @ 201041.081: tcs3701: start power rail timer, state:3
11-24 20:29:48.916 29531 29576 I BatteryMgr:DataCollectionService: stats => 1700854188916,10070,4440,14648,4169000,100
11-24 20:29:48.934  1011  1189 I ASH     : @ 201041.121: tcs3701: stop power rail pending_off timer
11-24 20:29:48.934  1011  1189 D ASH     : @ 201041.121: tcs3701: start power rail timer, state:3
11-24 20:29:48.974  1011  1189 I ASH     : @ 201041.161: tcs3701: stop power rail pending_off timer
11-24 20:29:48.974  1011  1189 D ASH     : @ 201041.161: tcs3701: start power rail timer, state:3
11-24 20:29:49.014  1011  1189 I ASH     : @ 201041.201: tcs3701: stop power rail pending_off timer
11-24 20:29:49.014  1011  1189 D ASH     : @ 201041.201: tcs3701: start power rail timer, state:3
11-24 20:29:49.020 29531 29576 I BatteryMgr:DataCollectionService: stats => 1700854189020,10070,4440,14648,4169000,100
11-24 20:29:49.054  1011  1189 I ASH     : @ 201041.241: tcs3701: stop power rail pending_off timer
11-24 20:29:49.054  1011  1189 D ASH     : @ 201041.241: tcs3701: start power rail timer, state:3
11-24 20:29:49.094  1011  1189 I ASH     : @ 201041.281: tcs3701: stop power rail pending_off timer
11-24 20:29:49.094  1011  1189 D ASH     : @ 201041.281: tcs3701: start power rail timer, state:3
11-24 20:29:49.125 29531 29576 I BatteryMgr:DataCollectionService: stats => 1700854189125,10070,4440,14648,4169000,100
11-24 20:29:49.134  1011  1189 I ASH     : @ 201041.321: tcs3701: stop power rail pending_off timer
11-24 20:29:49.134  1011  1189 D ASH     : @ 201041.321: tcs3701: start power rail timer, state:3
11-24 20:29:49.174  1011  1189 I ASH     : @ 201041.361: tcs3701: stop power rail pending_off timer
11-24 20:29:49.174  1011  1189 D ASH     : @ 201041.361: tcs3701: start power rail timer, state:3
11-24 20:29:49.214  1011  1189 I ASH     : @ 201041.401: tcs3701: stop power rail pending_off timer
11-24 20:29:49.214  1011  1189 D ASH     : @ 201041.401: tcs3701: start power rail timer, state:3
11-24 20:29:49.229 29531 29576 I BatteryMgr:DataCollectionService: stats => 1700854189228,10070,4440,14648,4169000,100
11-24 20:29:49.254  1011  1189 I ASH     : @ 201041.441: tcs3701: stop power rail pending_off timer
11-24 20:29:49.254  1011  1189 D ASH     : @ 201041.441: tcs3701: start power rail timer, state:3
11-24 20:29:49.294  1011  1189 I ASH     : @ 201041.481: tcs3701: stop power rail pending_off timer
11-24 20:29:49.294  1011  1189 D ASH     : @ 201041.481: tcs3701: start power rail timer, state:3
11-24 20:29:49.334  1011  1189 I ASH     : @ 201041.521: tcs3701: stop power rail pending_off timer
11-24 20:29:49.334  1011  1189 D ASH     : @ 201041.521: tcs3701: start power rail timer, state:3
11-24 20:29:49.334 29531 29576 I BatteryMgr:DataCollectionService: stats => 1700854189334,10070,4440,14648,4169000,100
11-24 20:29:49.374  1011  1189 I ASH     : @ 201041.561: tcs3701: stop power rail pending_off timer
11-24 20:29:49.374  1011  1189 D ASH     : @ 201041.561: tcs3701: start power rail timer, state:3
11-24 20:29:49.414  1011  1189 I ASH     : @ 201041.601: tcs3701: stop power rail pending_off timer
11-24 20:29:49.414  1011  1189 D ASH     : @ 201041.601: tcs3701: start power rail timer, state:3
11-24 20:29:49.439 29531 29576 I BatteryMgr:DataCollectionService: stats => 1700854189439,10070,4440,14648,4169000,100
11-24 20:29:49.454  1011  1189 I ASH     : @ 201041.641: tcs3701: stop power rail pending_off timer
11-24 20:29:49.454  1011  1189 D ASH     : @ 201041.641: tcs3701: start power rail timer, state:3
11-24 20:29:49.494  1011  1189 I ASH     : @ 201041.681: tcs3701: stop power rail pending_off timer
11-24 20:29:49.494  1011  1189 D ASH     : @ 201041.681: tcs3701: start power rail timer, state:3
11-24 20:29:49.534  1011  1189 I ASH     : @ 201041.721: tcs3701: stop power rail pending_off timer
11-24 20:29:49.534  1011  1189 D ASH     : @ 201041.721: tcs3701: start power rail timer, state:3
11-24 20:29:49.543 29531 29576 I BatteryMgr:DataCollectionService: stats => 1700854189543,10070,4440,14648,4169000,100
11-24 20:29:49.574  1011  1189 I ASH     : @ 201041.761: tcs3701: stop power rail pending_off timer
11-24 20:29:49.574  1011  1189 D ASH     : @ 201041.761: tcs3701: start power rail timer, state:3
11-24 20:29:49.614  1011  1189 I ASH     : @ 201041.801: tcs3701: stop power rail pending_off timer
11-24 20:29:49.614  1011  1189 D ASH     : @ 201041.801: tcs3701: start power rail timer, state:3
11-24 20:29:49.649 29531 29576 I BatteryMgr:DataCollectionService: stats => 1700854189649,10070,4440,14648,4169000,100
11-24 20:29:49.654  1011  1189 I ASH     : @ 201041.841: tcs3701: stop power rail pending_off timer
11-24 20:29:49.654  1011  1189 D ASH     : @ 201041.841: tcs3701: start power rail timer, state:3
11-24 20:29:49.666  1795  2735 D ActivityManager: freezer override set to true
11-24 20:29:49.671  1795  2735 D ActivityManager: freezer override set to false
11-24 20:29:49.694  1011  1189 I ASH     : @ 201041.881: tcs3701: stop power rail pending_off timer
11-24 20:29:49.694  1011  1189 D ASH     : @ 201041.881: tcs3701: start power rail timer, state:3
11-24 20:29:49.698 10434 10495 W chromium: [WARNING:ev_root_ca_metadata.cc(119)] Not implemented
11-24 20:29:49.698 10434 10495 W chromium: [WARNING:ev_root_ca_metadata.cc(119)] Not implemented
11-24 20:29:49.722  1795  2735 D ActivityManager: freezer override set to true
