11-24 20:32:21.802 29531 29576 I BatteryMgr:DataCollectionService: stats => 1700854341802,7019,4440,14648,4169000,100
11-24 20:32:21.811  1011  1189 I ASH     : @ 201193.998: tcs3701: stop power rail pending_off timer
11-24 20:32:21.811  1011  1189 D ASH     : @ 201193.998: tcs3701: start power rail timer, state:3
11-24 20:32:21.851  1011  1189 I ASH     : @ 201194.038: tcs3701: stop power rail pending_off timer
11-24 20:32:21.851  1011  1189 D ASH     : @ 201194.038: tcs3701: start power rail timer, state:3
11-24 20:32:21.891  1011  1189 I ASH     : @ 201194.078: tcs3701: stop power rail pending_off timer
11-24 20:32:21.891  1011  1189 D ASH     : @ 201194.078: tcs3701: start power rail timer, state:3
11-24 20:32:21.906 29531 29576 I BatteryMgr:DataCollectionService: stats => 1700854341906,7019,4440,14648,4169000,100
11-24 20:32:21.931  1011  1189 I ASH     : @ 201194.118: tcs3701: stop power rail pending_off timer
11-24 20:32:21.931  1011  1189 D ASH     : @ 201194.118: tcs3701: start power rail timer, state:3
11-24 20:32:21.971  1011  1189 I ASH     : @ 201194.158: tcs3701: stop power rail pending_off timer
11-24 20:32:21.971  1011  1189 D ASH     : @ 201194.158: tcs3701: start power rail timer, state:3
11-24 20:32:22.010 29531 29576 I BatteryMgr:DataCollectionService: stats => 1700854342010,7019,4440,14648,4169000,100
11-24 20:32:22.011  1011  1189 I ASH     : @ 201194.198: tcs3701: stop power rail pending_off timer
11-24 20:32:22.011  1011  1189 D ASH     : @ 201194.198: tcs3701: start power rail timer, state:3
11-24 20:32:22.025  1795  4144 D ActivityManager: freezer override set to true
11-24 20:32:22.051  1011  1189 I ASH     : @ 201194.238: tcs3701: stop power rail pending_off timer
11-24 20:32:22.051  1011  1189 D ASH     : @ 201194.238: tcs3701: start power rail timer, state:3
11-24 20:32:22.091  1011  1189 I ASH     : @ 201194.278: tcs3701: stop power rail pending_off timer
11-24 20:32:22.091  1011  1189 D ASH     : @ 201194.278: tcs3701: start power rail timer, state:3
11-24 20:32:22.100 13605 13669 W chromium: [WARNING:ev_root_ca_metadata.cc(119)] Not implemented
11-24 20:32:22.100 13605 13669 W chromium: [WARNING:ev_root_ca_metadata.cc(119)] Not implemented
11-24 20:32:22.116 29531 29576 I BatteryMgr:DataCollectionService: stats => 1700854342116,7019,4440,14648,4169000,100
11-24 20:32:22.120  2113  2118 I pixel-thermal: skin-therm-monitor: 39.214
11-24 20:32:22.131  1011  1189 I ASH     : @ 201194.318: tcs3701: stop power rail pending_off timer
11-24 20:32:22.131  1011  1189 D ASH     : @ 201194.318: tcs3701: start power rail timer, state:3
11-24 20:32:22.132 13605 13653 I m.chrome.canary: Explicit concurrent copying GC freed 3805(191KB) AllocSpace objects, 4(80KB) LOS objects, 75% free, 13MB/52MB, paused 116us,25us total 62.356ms
11-24 20:32:22.171  1011  1189 I ASH     : @ 201194.358: tcs3701: stop power rail pending_off timer
11-24 20:32:22.171  1011  1189 D ASH     : @ 201194.358: tcs3701: start power rail timer, state:3
11-24 20:32:22.200  1795  4144 D ActivityManager: freezer override set to false
11-24 20:32:22.211  1011  1189 I ASH     : @ 201194.398: tcs3701: stop power rail pending_off timer
11-24 20:32:22.211  1011  1189 D ASH     : @ 201194.398: tcs3701: start power rail timer, state:3
11-24 20:32:22.220 29531 29576 I BatteryMgr:DataCollectionService: stats => 1700854342220,7019,4440,14648,4169000,100
11-24 20:32:22.246  1795  4144 D ActivityManager: freezer override set to true
11-24 20:32:22.249  1795  4144 D ActivityManager: freezer override set to false
11-24 20:32:22.251  1011  1189 I ASH     : @ 201194.438: tcs3701: stop power rail pending_off timer
11-24 20:32:22.251  1011  1189 D ASH     : @ 201194.438: tcs3701: start power rail timer, state:3
11-24 20:32:22.291  1011  1189 I ASH     : @ 201194.478: tcs3701: stop power rail pending_off timer
11-24 20:32:22.291  1011  1189 D ASH     : @ 201194.478: tcs3701: start power rail timer, state:3
11-24 20:32:22.325 29531 29576 I BatteryMgr:DataCollectionService: stats => 1700854342324,7019,4440,14648,4169000,100
11-24 20:32:22.331  1011  1189 I ASH     : @ 201194.518: tcs3701: stop power rail pending_off timer
11-24 20:32:22.331  1011  1189 D ASH     : @ 201194.518: tcs3701: start power rail timer, state:3
11-24 20:32:22.371  1011  1189 I ASH     : @ 201194.558: tcs3701: stop power rail pending_off timer
11-24 20:32:22.371  1011  1189 D ASH     : @ 201194.558: tcs3701: start power rail timer, state:3
11-24 20:32:22.411  1011  1189 I ASH     : @ 201194.598: tcs3701: stop power rail pending_off timer
11-24 20:32:22.411  1011  1189 D ASH     : @ 201194.598: tcs3701: start power rail timer, state:3
11-24 20:32:22.429 29531 29576 I BatteryMgr:DataCollectionService: stats => 1700854342429,7019,4440,14648,4169000,100
11-24 20:32:22.451  1011  1189 I ASH     : @ 201194.638: tcs3701: stop power rail pending_off timer
11-24 20:32:22.451  1011  1189 D ASH     : @ 201194.638: tcs3701: start power rail timer, state:3
11-24 20:32:22.491  1011  1189 I ASH     : @ 201194.678: tcs3701: stop power rail pending_off timer
11-24 20:32:22.491  1011  1189 D ASH     : @ 201194.678: tcs3701: start power rail timer, state:3
11-24 20:32:22.531  1011  1189 I ASH     : @ 201194.718: tcs3701: stop power rail pending_off timer
11-24 20:32:22.531  1011  1189 D ASH     : @ 201194.718: tcs3701: start power rail timer, state:3
11-24 20:32:22.534 29531 29576 I BatteryMgr:DataCollectionService: stats => 1700854342533,7019,4440,14648,4169000,100
11-24 20:32:22.571  1011  1189 I ASH     : @ 201194.758: tcs3701: stop power rail pending_off timer
11-24 20:32:22.571  1011  1189 D ASH     : @ 201194.758: tcs3701: start power rail timer, state:3
11-24 20:32:22.611  1011  1189 I ASH     : @ 201194.798: tcs3701: stop power rail pending_off timer
11-24 20:32:22.611  1011  1189 D ASH     : @ 201194.798: tcs3701: start power rail timer, state:3
11-24 20:32:22.637 29531 29576 I BatteryMgr:DataCollectionService: stats => 1700854342637,7019,4440,14648,4169000,100
11-24 20:32:22.651  1011  1189 I ASH     : @ 201194.838: tcs3701: stop power rail pending_off timer
11-24 20:32:22.651  1011  1189 D ASH     : @ 201194.838: tcs3701: start power rail timer, state:3
11-24 20:32:22.691  1011  1189 I ASH     : @ 201194.878: tcs3701: stop power rail pending_off timer
11-24 20:32:22.691  1011  1189 D ASH     : @ 201194.878: tcs3701: start power rail timer, state:3
11-24 20:32:22.731  1011  1189 I ASH     : @ 201194.918: tcs3701: stop power rail pending_off timer
11-24 20:32:22.731  1011  1189 D ASH     : @ 201194.918: tcs3701: start power rail timer, state:3
11-24 20:32:22.743 29531 29576 I BatteryMgr:DataCollectionService: stats => 1700854342743,7019,4440,14648,4169000,100
11-24 20:32:22.771  1011  1189 I ASH     : @ 201194.958: tcs3701: stop power rail pending_off timer
11-24 20:32:22.771  1011  1189 D ASH     : @ 201194.958: tcs3701: start power rail timer, state:3
11-24 20:32:22.811  1011  1189 I ASH     : @ 201194.998: tcs3701: stop power rail pending_off timer
11-24 20:32:22.811  1011  1189 D ASH     : @ 201194.998: tcs3701: start power rail timer, state:3
11-24 20:32:22.849 29531 29576 I BatteryMgr:DataCollectionService: stats => 1700854342848,7019,4440,14648,4169000,100
11-24 20:32:22.851  1011  1189 I ASH     : @ 201195.038: tcs3701: stop power rail pending_off timer
11-24 20:32:22.851  1011  1189 D ASH     : @ 201195.038: tcs3701: start power rail timer, state:3
11-24 20:32:22.891  1011  1189 I ASH     : @ 201195.078: tcs3701: stop power rail pending_off timer
11-24 20:32:22.891  1011  1189 D ASH     : @ 201195.078: tcs3701: start power rail timer, state:3
11-24 20:32:22.931  1011  1189 I ASH     : @ 201195.118: tcs3701: stop power rail pending_off timer
11-24 20:32:22.931  1011  1189 D ASH     : @ 201195.118: tcs3701: start power rail timer, state:3
11-24 20:32:22.953 29531 29576 I BatteryMgr:DataCollectionService: stats => 1700854342952,7019,4440,14648,4169000,100
11-24 20:32:22.971  1011  1189 I ASH     : @ 201195.158: tcs3701: stop power rail pending_off timer
11-24 20:32:22.971  1011  1189 D ASH     : @ 201195.158: tcs3701: start power rail timer, state:3
11-24 20:32:23.011  1011  1189 I ASH     : @ 201195.198: tcs3701: stop power rail pending_off timer
11-24 20:32:23.011  1011  1189 D ASH     : @ 201195.198: tcs3701: start power rail timer, state:3
11-24 20:32:23.051  1011  1189 I ASH     : @ 201195.238: tcs3701: stop power rail pending_off timer
11-24 20:32:23.051  1011  1189 D ASH     : @ 201195.238: tcs3701: start power rail timer, state:3
11-24 20:32:23.059 29531 29576 I BatteryMgr:DataCollectionService: stats => 1700854343059,7019,4440,14648,4169000,100
11-24 20:32:23.073  1795  4144 D ActivityManager: freezer override set to true
11-24 20:32:23.078  1795  4144 D ActivityManager: freezer override set to false
11-24 20:32:23.091  1011  1189 I ASH     : @ 201195.278: tcs3701: stop power rail pending_off timer
11-24 20:32:23.091  1011  1189 D ASH     : @ 201195.278: tcs3701: start power rail timer, state:3
11-24 20:32:23.132  1011  1189 I ASH     : @ 201195.318: tcs3701: stop power rail pending_off timer
11-24 20:32:23.132  1011  1189 D ASH     : @ 201195.318: tcs3701: start power rail timer, state:3
11-24 20:32:23.163 29531 29576 I BatteryMgr:DataCollectionService: stats => 1700854343163,7019,4440,14648,4169000,100
11-24 20:32:23.171  1011  1189 I ASH     : @ 201195.358: tcs3701: stop power rail pending_off timer
11-24 20:32:23.171  1011  1189 D ASH     : @ 201195.358: tcs3701: start power rail timer, state:3
11-24 20:32:23.211  1011  1189 I ASH     : @ 201195.398: tcs3701: stop power rail pending_off timer
11-24 20:32:23.211  1011  1189 D ASH     : @ 201195.398: tcs3701: start power rail timer, state:3
11-24 20:32:23.240 13730 13730 D BoundBrokerSvc: onUnbind: Intent { act=com.google.android.gms.feedback.internal.IFeedbackService dat=chimera-action:/... cmp=com.google.android.gms/.chimera.GmsBoundBrokerService }
11-24 20:32:23.242 13502 13502 D BoundBrokerSvc: onUnbind: Intent { act=com.google.android.gms.icing.LIGHTWEIGHT_INDEX_SERVICE dat=chimera-action:/... cmp=com.google.android.gms/.chimera.PersistentApiService }
11-24 20:32:23.251  1011  1189 I ASH     : @ 201195.438: tcs3701: stop power rail pending_off timer
11-24 20:32:23.251  1011  1189 D ASH     : @ 201195.438: tcs3701: start power rail timer, state:3
11-24 20:32:23.267 29531 29576 I BatteryMgr:DataCollectionService: stats => 1700854343267,7019,4440,14648,4169000,100
11-24 20:32:23.291  1011  1189 I ASH     : @ 201195.478: tcs3701: stop power rail pending_off timer
11-24 20:32:23.291  1011  1189 D ASH     : @ 201195.478: tcs3701: start power rail timer, state:3
11-24 20:32:23.331  1011  1189 I ASH     : @ 201195.518: tcs3701: stop power rail pending_off timer
11-24 20:32:23.331  1011  1189 D ASH     : @ 201195.518: tcs3701: start power rail timer, state:3
11-24 20:32:23.371  1011  1189 I ASH     : @ 201195.558: tcs3701: stop power rail pending_off timer
11-24 20:32:23.371  1011  1189 D ASH     : @ 201195.558: tcs3701: start power rail timer, state:3
11-24 20:32:23.372 29531 29576 I BatteryMgr:DataCollectionService: stats => 1700854343372,7019,4440,14648,4169000,100
11-24 20:32:23.402  1795  4144 D ActivityManager: freezer override set to true
11-24 20:32:23.411  1011  1189 I ASH     : @ 201195.598: tcs3701: stop power rail pending_off timer
11-24 20:32:23.411  1011  1189 D ASH     : @ 201195.598: tcs3701: start power rail timer, state:3
11-24 20:32:23.451  1011  1189 I ASH     : @ 201195.638: tcs3701: stop power rail pending_off timer
11-24 20:32:23.451  1011  1189 D ASH     : @ 201195.638: tcs3701: start power rail timer, state:3
11-24 20:32:23.476 29531 29576 I BatteryMgr:DataCollectionService: stats => 1700854343476,7019,4440,14648,4169000,100
11-24 20:32:23.491  1011  1189 I ASH     : @ 201195.678: tcs3701: stop power rail pending_off timer
11-24 20:32:23.491  1011  1189 D ASH     : @ 201195.678: tcs3701: start power rail timer, state:3
11-24 20:32:23.513 13605 13653 I m.chrome.canary: Explicit concurrent copying GC freed 3599(176KB) AllocSpace objects, 3(60KB) LOS objects, 75% free, 13MB/52MB, paused 78us,24us total 70.919ms
11-24 20:32:23.520  1795  2424 D WifiClientModeImpl[13802:wlan0]: updateLinkLayerStatsRssiSpeedFrequencyCapabilities rssi=-45 TxLinkspeed=780 freq=5240 RxLinkSpeed=866
11-24 20:32:23.521  1795  2424 D WifiDataStall: tx tput in kbps: 680214
11-24 20:32:23.521  1795  2424 D WifiDataStall: rx tput in kbps: 794960
11-24 20:32:23.521  1795  2424 V WifiConfigManager: Updating scan detail cache freq=5240 BSSID=f4:6d:2f:12:cc:88 RSSI=-44 for "ourhome"WPA_PSK
11-24 20:32:23.521  1795  2424 D WifiChannelUtilization:  freq: 5240 onTime: 6192637 busyTime: 623346 onTimeDiff: 282678 busyTimeDiff: 23557 utilization: 21 utilization t0: 25
11-24 20:32:23.521  1795  2424 D WifiDataStall:  ccaLevel = 21
11-24 20:32:23.521  1795  2424 D WifiDataStall: L2 txTputKbps: 673054, rxTputKbps: 794960, L3 txTputKbps: 8, rxTputKbps: 19, TxTrafficHigh: true, RxTrafficHigh: true, Throughput Sufficient: true
11-24 20:32:23.521  2673  4313 V WifiManager: OnWifiUsabilityStatsListener: onWifiUsabilityStats: seqNum=59648
11-24 20:32:23.521  1795  2424 D WifiScoreReport: Wifi scoring disabled - Don't check IP layer
11-24 20:32:23.522  1795  2424 D WifiScoreCard: BSSID update SIGNAL_POLL ID: 1320464697 SSID: "ourhome", BSSID: f4:6d:2f:12:cc:88, MAC: b2:2f:ec:da:4a:0c, IP: /192.168.1.104, Security type: 2, Supplicant state: COMPLETED, Wi-Fi standard: 5, RSSI: -45, Link speed: 780Mbps, Tx Link speed: 780Mbps, Max Supported Tx Link speed: 866Mbps, Rx Link speed: 866Mbps, Max Supported Rx Link speed: 866Mbps, Frequency: 5240MHz, Net ID: 12, Metered hint: false, score: 60, isUsable: true, CarrierMerged: false, SubscriptionId: -1, IsPrimary: 1, Trusted: true, Restricted: false, Ephemeral: false, OEM paid: false, OEM private: false, OSU AP: false, FQDN: <none>, Provider friendly name: <none>, Requesting package name: <none>"ourhome"wpa2-pskMLO Information: , Is TID-To-Link negotiation supported by the AP: false, AP MLD Address: <none>, AP MLO Link Id: <none>, AP MLO Affiliated links: <none>
11-24 20:32:23.522  1795  2424 D WifiScoreCard: txRate: 5 txSpeed: 780
11-24 20:32:23.522  1795  2424 D WifiScoreCard: network update SIGNAL_POLL "ourhome" ID: 1499892569 RSSI -45 txSpeed 780
11-24 20:32:23.522  1795  3613 I WifiService: updateWifiUsabilityScore uid=10180 seqNum=59648 score=100 predictionHorizonSec=1441795
11-24 20:32:23.522  1795  2424 D WifiClientModeImpl[13802:wlan0]:  ClientModeImpl$L2ConnectedState screen=on 29 0 "ourhome" f4:6d:2f:12:cc:88 rssi=-45 f=5240 sc=60 link=780 tx=4.4, 0.4, 0.0 rx=3.1 bcn=1939757 [on:138 tx:3 rx:1 period:3014] from screen [on:1583057 period:49585513] score=60
11-24 20:32:23.522  1795  2424 D WifiScoreReport: Wifi scoring disabled - Notify that Wifi is usable
11-24 20:32:23.524  1795  2432 D ConnectivityService: NetReassign [no changes] [c 0] [a 1] [i 1]
11-24 20:32:23.531  1011  1189 I ASH     : @ 201195.718: tcs3701: stop power rail pending_off timer
11-24 20:32:23.531  1011  1189 D ASH     : @ 201195.718: tcs3701: start power rail timer, state:3
11-24 20:32:23.571  1011  1189 I ASH     : @ 201195.758: tcs3701: stop power rail pending_off timer
11-24 20:32:23.571  1011  1189 D ASH     : @ 201195.758: tcs3701: start power rail timer, state:3
11-24 20:32:23.581 29531 29576 I BatteryMgr:DataCollectionService: stats => 1700854343581,7019,4440,14648,4169000,100
11-24 20:32:23.583  1795  4144 D ActivityManager: freezer override set to false
11-24 20:32:23.611  1011  1189 I ASH     : @ 201195.798: tcs3701: stop power rail pending_off timer
11-24 20:32:23.611  1011  1189 D ASH     : @ 201195.798: tcs3701: start power rail timer, state:3
11-24 20:32:23.632  1795  4144 D ActivityManager: freezer override set to true
11-24 20:32:23.635  1795  4144 D ActivityManager: freezer override set to false
11-24 20:32:23.651  1011  1189 I ASH     : @ 201195.838: tcs3701: stop power rail pending_off timer
11-24 20:32:23.651  1011  1189 D ASH     : @ 201195.838: tcs3701: start power rail timer, state:3
11-24 20:32:23.685 29531 29576 I BatteryMgr:DataCollectionService: stats => 1700854343685,7019,4440,14648,4169000,100
11-24 20:32:23.691  1011  1189 I ASH     : @ 201195.878: tcs3701: stop power rail pending_off timer
11-24 20:32:23.691  1011  1189 D ASH     : @ 201195.878: tcs3701: start power rail timer, state:3
11-24 20:32:23.731  1011  1189 I ASH     : @ 201195.918: tcs3701: stop power rail pending_off timer
11-24 20:32:23.731  1011  1189 D ASH     : @ 201195.918: tcs3701: start power rail timer, state:3
11-24 20:32:23.771  1011  1189 I ASH     : @ 201195.958: tcs3701: stop power rail pending_off timer
11-24 20:32:23.771  1011  1189 D ASH     : @ 201195.958: tcs3701: start power rail timer, state:3
11-24 20:32:23.790 29531 29576 I BatteryMgr:DataCollectionService: stats => 1700854343789,7019,4440,14648,4169000,100
11-24 20:32:23.811  1011  1189 I ASH     : @ 201195.998: tcs3701: stop power rail pending_off timer
11-24 20:32:23.811  1011  1189 D ASH     : @ 201195.998: tcs3701: start power rail timer, state:3
11-24 20:32:23.851  1011  1189 I ASH     : @ 201196.038: tcs3701: stop power rail pending_off timer
11-24 20:32:23.851  1011  1189 D ASH     : @ 201196.038: tcs3701: start power rail timer, state:3
11-24 20:32:23.891  1011  1189 I ASH     : @ 201196.078: tcs3701: stop power rail pending_off timer
11-24 20:32:23.891  1011  1189 D ASH     : @ 201196.078: tcs3701: start power rail timer, state:3
11-24 20:32:23.894 29531 29576 I BatteryMgr:DataCollectionService: stats => 1700854343893,7019,4440,14648,4169000,100
11-24 20:32:23.931  1011  1189 I ASH     : @ 201196.118: tcs3701: stop power rail pending_off timer
11-24 20:32:23.931  1011  1189 D ASH     : @ 201196.118: tcs3701: start power rail timer, state:3
11-24 20:32:23.971  1011  1189 I ASH     : @ 201196.158: tcs3701: stop power rail pending_off timer
11-24 20:32:23.971  1011  1189 D ASH     : @ 201196.158: tcs3701: start power rail timer, state:3
11-24 20:32:23.999 29531 29576 I BatteryMgr:DataCollectionService: stats => 1700854343999,7019,4440,14648,4169000,100
11-24 20:32:24.011  1011  1189 I ASH     : @ 201196.198: tcs3701: stop power rail pending_off timer
11-24 20:32:24.011  1011  1189 D ASH     : @ 201196.198: tcs3701: start power rail timer, state:3
11-24 20:32:24.051  1011  1189 I ASH     : @ 201196.238: tcs3701: stop power rail pending_off timer
11-24 20:32:24.051  1011  1189 D ASH     : @ 201196.238: tcs3701: start power rail timer, state:3
11-24 20:32:24.061  1795  4144 D ActivityManager: freezer override set to true
11-24 20:32:24.067  1795  4144 D ActivityManager: freezer override set to false
11-24 20:32:24.091  1011  1189 I ASH     : @ 201196.278: tcs3701: stop power rail pending_off timer
11-24 20:32:24.091  1011  1189 D ASH     : @ 201196.278: tcs3701: start power rail timer, state:3
11-24 20:32:24.103 29531 29576 I BatteryMgr:DataCollectionService: stats => 1700854344103,7019,4440,14648,4169000,100
11-24 20:32:24.123  2113  2118 I pixel-thermal: skin-therm-monitor: 39.217
11-24 20:32:24.131  1011  1189 I ASH     : @ 201196.318: tcs3701: stop power rail pending_off timer
11-24 20:32:24.131  1011  1189 D ASH     : @ 201196.318: tcs3701: start power rail timer, state:3
11-24 20:32:24.171  1011  1189 I ASH     : @ 201196.358: tcs3701: stop power rail pending_off timer
11-24 20:32:24.171  1011  1189 D ASH     : @ 201196.358: tcs3701: start power rail timer, state:3
11-24 20:32:24.207 29531 29576 I BatteryMgr:DataCollectionService: stats => 1700854344207,7019,4440,14648,4169000,100
11-24 20:32:24.211  1011  1189 I ASH     : @ 201196.398: tcs3701: stop power rail pending_off timer
11-24 20:32:24.211  1011  1189 D ASH     : @ 201196.398: tcs3701: start power rail timer, state:3
11-24 20:32:24.251  1011  1189 I ASH     : @ 201196.438: tcs3701: stop power rail pending_off timer
11-24 20:32:24.251  1011  1189 D ASH     : @ 201196.438: tcs3701: start power rail timer, state:3
11-24 20:32:24.291  1011  1189 I ASH     : @ 201196.478: tcs3701: stop power rail pending_off timer
11-24 20:32:24.291  1011  1189 D ASH     : @ 201196.478: tcs3701: start power rail timer, state:3
11-24 20:32:24.312 29531 29576 I BatteryMgr:DataCollectionService: stats => 1700854344312,7019,4440,14648,4169000,100
11-24 20:32:24.331  1011  1189 I ASH     : @ 201196.518: tcs3701: stop power rail pending_off timer
11-24 20:32:24.331  1011  1189 D ASH     : @ 201196.518: tcs3701: start power rail timer, state:3
11-24 20:32:24.371  1011  1189 I ASH     : @ 201196.558: tcs3701: stop power rail pending_off timer
11-24 20:32:24.371  1011  1189 D ASH     : @ 201196.558: tcs3701: start power rail timer, state:3
11-24 20:32:24.411  1011  1189 I ASH     : @ 201196.598: tcs3701: stop power rail pending_off timer
11-24 20:32:24.411  1011  1189 D ASH     : @ 201196.598: tcs3701: start power rail timer, state:3
11-24 20:32:24.416 29531 29576 I BatteryMgr:DataCollectionService: stats => 1700854344416,7019,4440,14648,4169000,100
11-24 20:32:24.451  1011  1189 I ASH     : @ 201196.638: tcs3701: stop power rail pending_off timer
11-24 20:32:24.451  1011  1189 D ASH     : @ 201196.638: tcs3701: start power rail timer, state:3
11-24 20:32:24.491  1011  1189 I ASH     : @ 201196.678: tcs3701: stop power rail pending_off timer
11-24 20:32:24.491  1011  1189 D ASH     : @ 201196.678: tcs3701: start power rail timer, state:3
11-24 20:32:24.520 29531 29576 I BatteryMgr:DataCollectionService: stats => 1700854344520,7019,4440,14648,4169000,100
11-24 20:32:24.531  1011  1189 I ASH     : @ 201196.718: tcs3701: stop power rail pending_off timer
11-24 20:32:24.531  1011  1189 D ASH     : @ 201196.718: tcs3701: start power rail timer, state:3
11-24 20:32:24.571  1011  1189 I ASH     : @ 201196.758: tcs3701: stop power rail pending_off timer
11-24 20:32:24.571  1011  1189 D ASH     : @ 201196.758: tcs3701: start power rail timer, state:3
11-24 20:32:24.611  1011  1189 I ASH     : @ 201196.798: tcs3701: stop power rail pending_off timer
11-24 20:32:24.611  1011  1189 D ASH     : @ 201196.798: tcs3701: start power rail timer, state:3
11-24 20:32:24.625 29531 29576 I BatteryMgr:DataCollectionService: stats => 1700854344625,7019,4440,14648,4169000,100
11-24 20:32:24.651  1011  1189 I ASH     : @ 201196.838: tcs3701: stop power rail pending_off timer
11-24 20:32:24.651  1011  1189 D ASH     : @ 201196.838: tcs3701: start power rail timer, state:3
11-24 20:32:24.691  1011  1189 I ASH     : @ 201196.878: tcs3701: stop power rail pending_off timer
11-24 20:32:24.691  1011  1189 D ASH     : @ 201196.878: tcs3701: start power rail timer, state:3
11-24 20:32:24.731  1011  1189 I ASH     : @ 201196.918: tcs3701: stop power rail pending_off timer
11-24 20:32:24.731  1011  1189 D ASH     : @ 201196.918: tcs3701: start power rail timer, state:3
11-24 20:32:24.732 29531 29576 I BatteryMgr:DataCollectionService: stats => 1700854344732,7019,4440,14648,4169000,100
11-24 20:32:24.771  1011  1189 I ASH     : @ 201196.958: tcs3701: stop power rail pending_off timer
11-24 20:32:24.771  1011  1189 D ASH     : @ 201196.958: tcs3701: start power rail timer, state:3
11-24 20:32:24.785  1795  4144 D ActivityManager: freezer override set to true
11-24 20:32:24.811  1011  1189 I ASH     : @ 201196.998: tcs3701: stop power rail pending_off timer
11-24 20:32:24.811  1011  1189 D ASH     : @ 201196.998: tcs3701: start power rail timer, state:3
11-24 20:32:24.836 29531 29576 I BatteryMgr:DataCollectionService: stats => 1700854344836,7019,4440,14648,4169000,100
11-24 20:32:24.852  1011  1189 I ASH     : @ 201197.038: tcs3701: stop power rail pending_off timer
11-24 20:32:24.852  1011  1189 D ASH     : @ 201197.038: tcs3701: start power rail timer, state:3
11-24 20:32:24.892  1011  1189 I ASH     : @ 201197.078: tcs3701: stop power rail pending_off timer
11-24 20:32:24.892  1011  1189 D ASH     : @ 201197.078: tcs3701: start power rail timer, state:3
11-24 20:32:24.931  1011  1189 I ASH     : @ 201197.118: tcs3701: stop power rail pending_off timer
11-24 20:32:24.931  1011  1189 D ASH     : @ 201197.118: tcs3701: start power rail timer, state:3
11-24 20:32:24.940 29531 29576 I BatteryMgr:DataCollectionService: stats => 1700854344940,7019,4440,14648,4169000,100
11-24 20:32:24.955 13605 13653 I m.chrome.canary: Explicit concurrent copying GC freed 3582(176KB) AllocSpace objects, 3(60KB) LOS objects, 75% free, 13MB/52MB, paused 31us,25us total 54.452ms
11-24 20:32:24.971  1011  1189 I ASH     : @ 201197.158: tcs3701: stop power rail pending_off timer
11-24 20:32:24.971  1011  1189 D ASH     : @ 201197.158: tcs3701: start power rail timer, state:3
11-24 20:32:25.011  1011  1189 I ASH     : @ 201197.198: tcs3701: stop power rail pending_off timer
11-24 20:32:25.011  1011  1189 D ASH     : @ 201197.198: tcs3701: start power rail timer, state:3
11-24 20:32:25.038  1795  4144 D ActivityManager: freezer override set to false
11-24 20:32:25.046 29531 29576 I BatteryMgr:DataCollectionService: stats => 1700854345046,7019,4440,14648,4169000,100
11-24 20:32:25.051  1011  1189 I ASH     : @ 201197.238: tcs3701: stop power rail pending_off timer
11-24 20:32:25.051  1011  1189 D ASH     : @ 201197.238: tcs3701: start power rail timer, state:3
11-24 20:32:25.066  1795  4144 D ActivityManager: freezer override set to true
11-24 20:32:25.071  1795  4144 D ActivityManager: freezer override set to false
11-24 20:32:25.081  1795  4144 D ActivityManager: freezer override set to true
11-24 20:32:25.084  1795  4144 D ActivityManager: freezer override set to false
11-24 20:32:25.091  1011  1189 I ASH     : @ 201197.278: tcs3701: stop power rail pending_off timer
11-24 20:32:25.091  1011  1189 D ASH     : @ 201197.278: tcs3701: start power rail timer, state:3
11-24 20:32:25.131  1011  1189 I ASH     : @ 201197.318: tcs3701: stop power rail pending_off timer
11-24 20:32:25.131  1011  1189 D ASH     : @ 201197.318: tcs3701: start power rail timer, state:3
11-24 20:32:25.152 29531 29576 I BatteryMgr:DataCollectionService: stats => 1700854345152,7019,4440,14648,4169000,100
11-24 20:32:25.171  1011  1189 I ASH     : @ 201197.358: tcs3701: stop power rail pending_off timer
11-24 20:32:25.171  1011  1189 D ASH     : @ 201197.358: tcs3701: start power rail timer, state:3
11-24 20:32:25.211  1011  1189 I ASH     : @ 201197.398: tcs3701: stop power rail pending_off timer
11-24 20:32:25.211  1011  1189 D ASH     : @ 201197.398: tcs3701: start power rail timer, state:3
11-24 20:32:25.251  1011  1189 I ASH     : @ 201197.438: tcs3701: stop power rail pending_off timer
11-24 20:32:25.251  1011  1189 D ASH     : @ 201197.438: tcs3701: start power rail timer, state:3
11-24 20:32:25.256 29531 29576 I BatteryMgr:DataCollectionService: stats => 1700854345256,7019,4440,14648,4169000,100
11-24 20:32:25.291  1011  1189 I ASH     : @ 201197.478: tcs3701: stop power rail pending_off timer
11-24 20:32:25.291  1011  1189 D ASH     : @ 201197.478: tcs3701: start power rail timer, state:3
11-24 20:32:25.331  1011  1189 I ASH     : @ 201197.518: tcs3701: stop power rail pending_off timer
11-24 20:32:25.331  1011  1189 D ASH     : @ 201197.518: tcs3701: start power rail timer, state:3
11-24 20:32:25.361 29531 29576 I BatteryMgr:DataCollectionService: stats => 1700854345361,7019,4440,14648,4169000,100
11-24 20:32:25.371  1011  1189 I ASH     : @ 201197.558: tcs3701: stop power rail pending_off timer
11-24 20:32:25.371  1011  1189 D ASH     : @ 201197.558: tcs3701: start power rail timer, state:3
11-24 20:32:25.411  1011  1189 I ASH     : @ 201197.598: tcs3701: stop power rail pending_off timer
11-24 20:32:25.411  1011  1189 D ASH     : @ 201197.598: tcs3701: start power rail timer, state:3
11-24 20:32:25.451  1011  1189 I ASH     : @ 201197.638: tcs3701: stop power rail pending_off timer
11-24 20:32:25.451  1011  1189 D ASH     : @ 201197.638: tcs3701: start power rail timer, state:3
11-24 20:32:25.465 29531 29576 I BatteryMgr:DataCollectionService: stats => 1700854345465,9765,4440,14648,4169000,100
11-24 20:32:25.491  1011  1189 I ASH     : @ 201197.678: tcs3701: stop power rail pending_off timer
11-24 20:32:25.491  1011  1189 D ASH     : @ 201197.678: tcs3701: start power rail timer, state:3
11-24 20:32:25.531  1011  1189 I ASH     : @ 201197.718: tcs3701: stop power rail pending_off timer
11-24 20:32:25.531  1011  1189 D ASH     : @ 201197.718: tcs3701: start power rail timer, state:3
11-24 20:32:25.545  1795  2424 D WifiNetworkSelector: Current connected network: 12
11-24 20:32:25.545  1795  2424 V WifiConnectivityManager: No partial scan because firmware roaming is supported.
11-24 20:32:25.545  1795  2424 V WifiConnectivityManager: schedulePeriodicScanTimer intervalMs 20000
11-24 20:32:25.569 29531 29576 I BatteryMgr:DataCollectionService: stats => 1700854345569,9765,4440,14648,4169000,100
11-24 20:32:25.571  1011  1189 I ASH     : @ 201197.758: tcs3701: stop power rail pending_off timer
11-24 20:32:25.571  1011  1189 D ASH     : @ 201197.758: tcs3701: start power rail timer, state:3
11-24 20:32:25.611  1011  1189 I ASH     : @ 201197.798: tcs3701: stop power rail pending_off timer
11-24 20:32:25.611  1011  1189 D ASH     : @ 201197.798: tcs3701: start power rail timer, state:3
11-24 20:32:25.651  1011  1189 I ASH     : @ 201197.838: tcs3701: stop power rail pending_off timer
11-24 20:32:25.651  1011  1189 D ASH     : @ 201197.838: tcs3701: start power rail timer, state:3
11-24 20:32:25.674 29531 29576 I BatteryMgr:DataCollectionService: stats => 1700854345674,9765,4440,14648,4169000,100
11-24 20:32:25.691  1011  1189 I ASH     : @ 201197.878: tcs3701: stop power rail pending_off timer
11-24 20:32:25.691  1011  1189 D ASH     : @ 201197.878: tcs3701: start power rail timer, state:3
11-24 20:32:25.698 13730 13730 E AbstractGmsTracer: Traced class shouldn't be obfuscated: GmsIntentOperationChimeraService [CONTEXT service_id=259 ]
11-24 20:32:25.703 13730 14265 E AbstractGmsTracer: Traced class shouldn't be obfuscated: InstantIndexingIntentOperation [CONTEXT service_id=259 ]
11-24 20:32:25.704 13730 14265 I GmscoreIpa: Starting mediastore instant index [CONTEXT service_id=255 ]
11-24 20:32:25.732  1011  1189 I ASH     : @ 201197.918: tcs3701: stop power rail pending_off timer
11-24 20:32:25.732  1011  1189 D ASH     : @ 201197.918: tcs3701: start power rail timer, state:3
11-24 20:32:25.771  1011  1189 I ASH     : @ 201197.958: tcs3701: stop power rail pending_off timer
11-24 20:32:25.771  1011  1189 D ASH     : @ 201197.958: tcs3701: start power rail timer, state:3
11-24 20:32:25.778 29531 29576 I BatteryMgr:DataCollectionService: stats => 1700854345778,9765,4440,14648,4169000,100
11-24 20:32:25.811  1011  1189 I ASH     : @ 201197.998: tcs3701: stop power rail pending_off timer
11-24 20:32:25.811  1011  1189 D ASH     : @ 201197.998: tcs3701: start power rail timer, state:3
11-24 20:32:25.851  1011  1189 I ASH     : @ 201198.038: tcs3701: stop power rail pending_off timer
11-24 20:32:25.851  1011  1189 D ASH     : @ 201198.038: tcs3701: start power rail timer, state:3
11-24 20:32:25.883 29531 29576 I BatteryMgr:DataCollectionService: stats => 1700854345883,9765,4440,14648,4169000,100
11-24 20:32:25.891  1011  1189 I ASH     : @ 201198.078: tcs3701: stop power rail pending_off timer
11-24 20:32:25.891  1011  1189 D ASH     : @ 201198.078: tcs3701: start power rail timer, state:3
11-24 20:32:25.931  1011  1189 I ASH     : @ 201198.118: tcs3701: stop power rail pending_off timer
11-24 20:32:25.931  1011  1189 D ASH     : @ 201198.118: tcs3701: start power rail timer, state:3
11-24 20:32:25.971  1011  1189 I ASH     : @ 201198.158: tcs3701: stop power rail pending_off timer
11-24 20:32:25.971  1011  1189 D ASH     : @ 201198.158: tcs3701: start power rail timer, state:3
11-24 20:32:25.987 29531 29576 I BatteryMgr:DataCollectionService: stats => 1700854345987,9765,4440,14648,4169000,100
11-24 20:32:26.011  1011  1189 I ASH     : @ 201198.198: tcs3701: stop power rail pending_off timer
11-24 20:32:26.011  1011  1189 D ASH     : @ 201198.198: tcs3701: start power rail timer, state:3
11-24 20:32:26.051  1011  1189 I ASH     : @ 201198.238: tcs3701: stop power rail pending_off timer
11-24 20:32:26.051  1011  1189 D ASH     : @ 201198.238: tcs3701: start power rail timer, state:3
11-24 20:32:26.064  1795  4144 D ActivityManager: freezer override set to true
11-24 20:32:26.068  1795  4144 D ActivityManager: freezer override set to false
11-24 20:32:26.091  1011  1189 I ASH     : @ 201198.278: tcs3701: stop power rail pending_off timer
11-24 20:32:26.091  1011  1189 D ASH     : @ 201198.278: tcs3701: start power rail timer, state:3
11-24 20:32:26.092 29531 29576 I BatteryMgr:DataCollectionService: stats => 1700854346092,9765,4440,14648,4169000,100
11-24 20:32:26.127  2113  2118 I pixel-thermal: skin-therm-monitor: 39.227
11-24 20:32:26.131  1011  1189 I ASH     : @ 201198.318: tcs3701: stop power rail pending_off timer
11-24 20:32:26.131  1011  1189 D ASH     : @ 201198.318: tcs3701: start power rail timer, state:3
11-24 20:32:26.171  1011  1189 I ASH     : @ 201198.358: tcs3701: stop power rail pending_off timer
11-24 20:32:26.171  1011  1189 D ASH     : @ 201198.358: tcs3701: start power rail timer, state:3
11-24 20:32:26.197 29531 29576 I BatteryMgr:DataCollectionService: stats => 1700854346197,9765,4440,14648,4169000,100
11-24 20:32:26.211  1011  1189 I ASH     : @ 201198.398: tcs3701: stop power rail pending_off timer
11-24 20:32:26.211  1011  1189 D ASH     : @ 201198.398: tcs3701: start power rail timer, state:3
11-24 20:32:26.229  1795  4144 D ActivityManager: freezer override set to true
11-24 20:32:26.251  1011  1189 I ASH     : @ 201198.438: tcs3701: stop power rail pending_off timer
11-24 20:32:26.251  1011  1189 D ASH     : @ 201198.438: tcs3701: start power rail timer, state:3
11-24 20:32:26.291  1011  1189 I ASH     : @ 201198.478: tcs3701: stop power rail pending_off timer
11-24 20:32:26.291  1011  1189 D ASH     : @ 201198.478: tcs3701: start power rail timer, state:3
11-24 20:32:26.301 29531 29576 I BatteryMgr:DataCollectionService: stats => 1700854346301,9765,4440,14648,4169000,100
11-24 20:32:26.321 13605 13653 I m.chrome.canary: Explicit concurrent copying GC freed 3804(191KB) AllocSpace objects, 4(80KB) LOS objects, 75% free, 13MB/52MB, paused 72us,24us total 52.052ms
11-24 20:32:26.331  1011  1189 I ASH     : @ 201198.518: tcs3701: stop power rail pending_off timer
11-24 20:32:26.331  1011  1189 D ASH     : @ 201198.518: tcs3701: start power rail timer, state:3
11-24 20:32:26.371  1011  1189 I ASH     : @ 201198.558: tcs3701: stop power rail pending_off timer
11-24 20:32:26.371  1011  1189 D ASH     : @ 201198.558: tcs3701: start power rail timer, state:3
11-24 20:32:26.381  1795  4144 D ActivityManager: freezer override set to false
11-24 20:32:26.405 29531 29576 I BatteryMgr:DataCollectionService: stats => 1700854346405,9765,4440,14648,4169000,100
11-24 20:32:26.411  1011  1189 I ASH     : @ 201198.598: tcs3701: stop power rail pending_off timer
11-24 20:32:26.411  1011  1189 D ASH     : @ 201198.599: tcs3701: start power rail timer, state:3
11-24 20:32:26.431  1795  4144 D ActivityManager: freezer override set to true
11-24 20:32:26.433  1795  4144 D ActivityManager: freezer override set to false
11-24 20:32:26.451  1011  1189 I ASH     : @ 201198.638: tcs3701: stop power rail pending_off timer
11-24 20:32:26.451  1011  1189 D ASH     : @ 201198.638: tcs3701: start power rail timer, state:3
11-24 20:32:26.491  1011  1189 I ASH     : @ 201198.678: tcs3701: stop power rail pending_off timer
11-24 20:32:26.491  1011  1189 D ASH     : @ 201198.678: tcs3701: start power rail timer, state:3
11-24 20:32:26.509 29531 29576 I BatteryMgr:DataCollectionService: stats => 1700854346509,9765,4440,14648,4169000,100
11-24 20:32:26.531  1011  1189 I ASH     : @ 201198.718: tcs3701: stop power rail pending_off timer
11-24 20:32:26.531  1011  1189 D ASH     : @ 201198.718: tcs3701: start power rail timer, state:3
11-24 20:32:26.532  1795  2424 D WifiClientModeImpl[13802:wlan0]: updateLinkLayerStatsRssiSpeedFrequencyCapabilities rssi=-46 TxLinkspeed=866 freq=5240 RxLinkSpeed=866
11-24 20:32:26.533  1795  2424 D WifiDataStall: tx tput in kbps: 673054
11-24 20:32:26.533  1795  2424 D WifiDataStall: rx tput in kbps: 794960
11-24 20:32:26.533  1795  2424 V WifiConfigManager: Updating scan detail cache freq=5240 BSSID=f4:6d:2f:12:cc:88 RSSI=-45 for "ourhome"WPA_PSK
11-24 20:32:26.533  1795  2424 D WifiChannelUtilization:  freq: 5240 onTime: 6192771 busyTime: 623361 onTimeDiff: 282812 busyTimeDiff: 23572 utilization: 21 utilization t0: 25
11-24 20:32:26.533  2782  5906 D QCNEJ/WlanStaInfoRelay: Received action: android.net.wifi.RSSI_CHANGED
11-24 20:32:26.533  1795  2424 D WifiDataStall:  ccaLevel = 21
11-24 20:32:26.533  1795  2424 D WifiDataStall: L2 txTputKbps: 675716, rxTputKbps: 794960, L3 txTputKbps: 111, rxTputKbps: 22, TxTrafficHigh: true, RxTrafficHigh: true, Throughput Sufficient: true
11-24 20:32:26.533  2673  4313 V WifiManager: OnWifiUsabilityStatsListener: onWifiUsabilityStats: seqNum=59649
11-24 20:32:26.533  1795  2424 D WifiScoreReport: Wifi scoring disabled - Don't check IP layer
11-24 20:32:26.533  1795  2424 D WifiScoreCard: BSSID update SIGNAL_POLL ID: 1320464697 SSID: "ourhome", BSSID: f4:6d:2f:12:cc:88, MAC: b2:2f:ec:da:4a:0c, IP: /192.168.1.104, Security type: 2, Supplicant state: COMPLETED, Wi-Fi standard: 5, RSSI: -46, Link speed: 866Mbps, Tx Link speed: 866Mbps, Max Supported Tx Link speed: 866Mbps, Rx Link speed: 866Mbps, Max Supported Rx Link speed: 866Mbps, Frequency: 5240MHz, Net ID: 12, Metered hint: false, score: 60, isUsable: true, CarrierMerged: false, SubscriptionId: -1, IsPrimary: 1, Trusted: true, Restricted: false, Ephemeral: false, OEM paid: false, OEM private: false, OSU AP: false, FQDN: <none>, Provider friendly name: <none>, Requesting package name: <none>"ourhome"wpa2-pskMLO Information: , Is TID-To-Link negotiation supported by the AP: false, AP MLD Address: <none>, AP MLO Link Id: <none>, AP MLO Affiliated links: <none>
11-24 20:32:26.533  1795  2424 D WifiScoreCard: txRate: 6 txSpeed: 866
11-24 20:32:26.533  1795  2424 D WifiScoreCard: network update SIGNAL_POLL "ourhome" ID: 1499892569 RSSI -46 txSpeed 866
11-24 20:32:26.533  1795  4144 I WifiService: updateWifiUsabilityScore uid=10180 seqNum=59649 score=100 predictionHorizonSec=1441795
11-24 20:32:26.533  1795  2424 D WifiClientModeImpl[13802:wlan0]:  ClientModeImpl$L2ConnectedState screen=on 29 0 "ourhome" f4:6d:2f:12:cc:88 rssi=-46 f=5240 sc=60 link=866 tx=5.1, 0.7, 0.0 rx=5.1 bcn=1939787 [on:134 tx:2 rx:0 period:3011] from screen [on:1583191 period:49588524] score=60
11-24 20:32:26.534  1795  2424 D WifiScoreReport: Wifi scoring disabled - Notify that Wifi is usable
11-24 20:32:26.536  1795  2432 D ConnectivityService: NetReassign [no changes] [c 0] [a 0] [i 2]
11-24 20:32:26.571  1011  1189 I ASH     : @ 201198.758: tcs3701: stop power rail pending_off timer
11-24 20:32:26.571  1011  1189 D ASH     : @ 201198.758: tcs3701: start power rail timer, state:3
11-24 20:32:26.611  1011  1189 I ASH     : @ 201198.798: tcs3701: stop power rail pending_off timer
11-24 20:32:26.611  1011  1189 D ASH     : @ 201198.798: tcs3701: start power rail timer, state:3
11-24 20:32:26.614 29531 29576 I BatteryMgr:DataCollectionService: stats => 1700854346614,9765,4440,14648,4169000,100
11-24 20:32:26.651  1011  1189 I ASH     : @ 201198.838: tcs3701: stop power rail pending_off timer
11-24 20:32:26.651  1011  1189 D ASH     : @ 201198.838: tcs3701: start power rail timer, state:3
11-24 20:32:26.691  1011  1189 I ASH     : @ 201198.878: tcs3701: stop power rail pending_off timer
11-24 20:32:26.691  1011  1189 D ASH     : @ 201198.878: tcs3701: start power rail timer, state:3
11-24 20:32:26.718 29531 29576 I BatteryMgr:DataCollectionService: stats => 1700854346718,9765,4440,14648,4169000,100
11-24 20:32:26.731  1011  1189 I ASH     : @ 201198.918: tcs3701: stop power rail pending_off timer
11-24 20:32:26.731  1011  1189 D ASH     : @ 201198.918: tcs3701: start power rail timer, state:3
11-24 20:32:26.771  1011  1189 I ASH     : @ 201198.958: tcs3701: stop power rail pending_off timer
11-24 20:32:26.771  1011  1189 D ASH     : @ 201198.958: tcs3701: start power rail timer, state:3
11-24 20:32:26.811  1011  1189 I ASH     : @ 201198.998: tcs3701: stop power rail pending_off timer
11-24 20:32:26.811  1011  1189 D ASH     : @ 201198.998: tcs3701: start power rail timer, state:3
11-24 20:32:26.822 29531 29576 I BatteryMgr:DataCollectionService: stats => 1700854346822,9765,4440,14648,4169000,100
11-24 20:32:26.851  1011  1189 I ASH     : @ 201199.038: tcs3701: stop power rail pending_off timer
11-24 20:32:26.851  1011  1189 D ASH     : @ 201199.038: tcs3701: start power rail timer, state:3
11-24 20:32:26.891  1011  1189 I ASH     : @ 201199.078: tcs3701: stop power rail pending_off timer
11-24 20:32:26.891  1011  1189 D ASH     : @ 201199.078: tcs3701: start power rail timer, state:3
11-24 20:32:26.927 29531 29576 I BatteryMgr:DataCollectionService: stats => 1700854346927,9765,4440,14648,4169000,100
11-24 20:32:26.931  1011  1189 I ASH     : @ 201199.118: tcs3701: stop power rail pending_off timer
11-24 20:32:26.931  1011  1189 D ASH     : @ 201199.118: tcs3701: start power rail timer, state:3
11-24 20:32:26.971  1011  1189 I ASH     : @ 201199.158: tcs3701: stop power rail pending_off timer
11-24 20:32:26.971  1011  1189 D ASH     : @ 201199.158: tcs3701: start power rail timer, state:3
11-24 20:32:27.011  1011  1189 I ASH     : @ 201199.198: tcs3701: stop power rail pending_off timer
11-24 20:32:27.011  1011  1189 D ASH     : @ 201199.198: tcs3701: start power rail timer, state:3
11-24 20:32:27.031 29531 29576 I BatteryMgr:DataCollectionService: stats => 1700854347031,9765,4440,14648,4169000,100
11-24 20:32:27.051  1011  1189 I ASH     : @ 201199.238: tcs3701: stop power rail pending_off timer
11-24 20:32:27.051  1011  1189 D ASH     : @ 201199.238: tcs3701: start power rail timer, state:3
11-24 20:32:27.066  1795  4144 D ActivityManager: freezer override set to true
11-24 20:32:27.071  1795  4144 D ActivityManager: freezer override set to false
11-24 20:32:27.091  1011  1189 I ASH     : @ 201199.278: tcs3701: stop power rail pending_off timer
11-24 20:32:27.091  1011  1189 D ASH     : @ 201199.278: tcs3701: start power rail timer, state:3
11-24 20:32:27.131  1011  1189 I ASH     : @ 201199.318: tcs3701: stop power rail pending_off timer
11-24 20:32:27.131  1011  1189 D ASH     : @ 201199.318: tcs3701: start power rail timer, state:3
11-24 20:32:27.135 29531 29576 I BatteryMgr:DataCollectionService: stats => 1700854347135,9765,4440,14648,4169000,100
11-24 20:32:27.171  1011  1189 I ASH     : @ 201199.358: tcs3701: stop power rail pending_off timer
11-24 20:32:27.171  1011  1189 D ASH     : @ 201199.358: tcs3701: start power rail timer, state:3
11-24 20:32:27.211  1011  1189 I ASH     : @ 201199.398: tcs3701: stop power rail pending_off timer
11-24 20:32:27.211  1011  1189 D ASH     : @ 201199.398: tcs3701: start power rail timer, state:3
11-24 20:32:27.239 29531 29576 I BatteryMgr:DataCollectionService: stats => 1700854347239,9765,4440,14648,4169000,100
11-24 20:32:27.251  1011  1189 I ASH     : @ 201199.438: tcs3701: stop power rail pending_off timer
11-24 20:32:27.251  1011  1189 D ASH     : @ 201199.438: tcs3701: start power rail timer, state:3
11-24 20:32:27.291  1011  1189 I ASH     : @ 201199.478: tcs3701: stop power rail pending_off timer
11-24 20:32:27.291  1011  1189 D ASH     : @ 201199.478: tcs3701: start power rail timer, state:3
11-24 20:32:27.331  1011  1189 I ASH     : @ 201199.518: tcs3701: stop power rail pending_off timer
11-24 20:32:27.331  1011  1189 D ASH     : @ 201199.518: tcs3701: start power rail timer, state:3
11-24 20:32:27.344 29531 29576 I BatteryMgr:DataCollectionService: stats => 1700854347344,9765,4440,14648,4169000,100
11-24 20:32:27.371  1011  1189 I ASH     : @ 201199.558: tcs3701: stop power rail pending_off timer
11-24 20:32:27.371  1011  1189 D ASH     : @ 201199.558: tcs3701: start power rail timer, state:3
11-24 20:32:27.411  1011  1189 I ASH     : @ 201199.598: tcs3701: stop power rail pending_off timer
11-24 20:32:27.411  1011  1189 D ASH     : @ 201199.598: tcs3701: start power rail timer, state:3
11-24 20:32:27.448 29531 29576 I BatteryMgr:DataCollectionService: stats => 1700854347448,9765,4440,14648,4169000,100
11-24 20:32:27.451  1011  1189 I ASH     : @ 201199.638: tcs3701: stop power rail pending_off timer
11-24 20:32:27.451  1011  1189 D ASH     : @ 201199.638: tcs3701: start power rail timer, state:3
11-24 20:32:27.491  1011  1189 I ASH     : @ 201199.678: tcs3701: stop power rail pending_off timer
11-24 20:32:27.491  1011  1189 D ASH     : @ 201199.678: tcs3701: start power rail timer, state:3
11-24 20:32:27.531  1011  1189 I ASH     : @ 201199.718: tcs3701: stop power rail pending_off timer
11-24 20:32:27.531  1011  1189 D ASH     : @ 201199.718: tcs3701: start power rail timer, state:3
11-24 20:32:27.552 29531 29576 I BatteryMgr:DataCollectionService: stats => 1700854347552,9765,4440,14648,4169000,100
11-24 20:32:27.571  1011  1189 I ASH     : @ 201199.758: tcs3701: stop power rail pending_off timer
11-24 20:32:27.571  1011  1189 D ASH     : @ 201199.758: tcs3701: start power rail timer, state:3
11-24 20:32:27.584  1795  4144 D ActivityManager: freezer override set to true
11-24 20:32:27.611  1011  1189 I ASH     : @ 201199.798: tcs3701: stop power rail pending_off timer
11-24 20:32:27.611  1011  1189 D ASH     : @ 201199.798: tcs3701: start power rail timer, state:3
11-24 20:32:27.651  1011  1189 I ASH     : @ 201199.838: tcs3701: stop power rail pending_off timer
11-24 20:32:27.651  1011  1189 D ASH     : @ 201199.838: tcs3701: start power rail timer, state:3
11-24 20:32:27.656 29531 29576 I BatteryMgr:DataCollectionService: stats => 1700854347656,9765,4440,14648,4169000,100
11-24 20:32:27.692  1011  1189 I ASH     : @ 201199.878: tcs3701: stop power rail pending_off timer
11-24 20:32:27.692  1011  1189 D ASH     : @ 201199.878: tcs3701: start power rail timer, state:3
11-24 20:32:27.731  1011  1189 I ASH     : @ 201199.918: tcs3701: stop power rail pending_off timer
11-24 20:32:27.731  1011  1189 D ASH     : @ 201199.918: tcs3701: start power rail timer, state:3
11-24 20:32:27.753 13605 13653 I m.chrome.canary: Explicit concurrent copying GC freed 3597(176KB) AllocSpace objects, 3(60KB) LOS objects, 75% free, 13MB/52MB, paused 33us,25us total 53.135ms
11-24 20:32:27.760 29531 29576 I BatteryMgr:DataCollectionService: stats => 1700854347760,9765,4440,14648,4169000,100
11-24 20:32:27.771  1011  1189 I ASH     : @ 201199.958: tcs3701: stop power rail pending_off timer
11-24 20:32:27.771  1011  1189 D ASH     : @ 201199.958: tcs3701: start power rail timer, state:3
11-24 20:32:27.811  1011  1189 I ASH     : @ 201199.998: tcs3701: stop power rail pending_off timer
11-24 20:32:27.811  1011  1189 D ASH     : @ 201199.998: tcs3701: start power rail timer, state:3
11-24 20:32:27.820  1795  4144 D ActivityManager: freezer override set to false
11-24 20:32:27.851  1011  1189 I ASH     : @ 201200.038: tcs3701: stop power rail pending_off timer
11-24 20:32:27.851  1011  1189 D ASH     : @ 201200.038: tcs3701: start power rail timer, state:3
11-24 20:32:27.868 29531 29576 I BatteryMgr:DataCollectionService: stats => 1700854347868,9765,4440,14648,4169000,100
11-24 20:32:27.878  1795  4144 D ActivityManager: freezer override set to true
11-24 20:32:27.881  1795  4144 D ActivityManager: freezer override set to false
11-24 20:32:27.891  1011  1189 I ASH     : @ 201200.078: tcs3701: stop power rail pending_off timer
11-24 20:32:27.891  1011  1189 D ASH     : @ 201200.078: tcs3701: start power rail timer, state:3
11-24 20:32:27.931  1011  1189 I ASH     : @ 201200.118: tcs3701: stop power rail pending_off timer
11-24 20:32:27.931  1011  1189 D ASH     : @ 201200.118: tcs3701: start power rail timer, state:3
11-24 20:32:27.971  1011  1189 I ASH     : @ 201200.158: tcs3701: stop power rail pending_off timer
11-24 20:32:27.971  1011  1189 D ASH     : @ 201200.158: tcs3701: start power rail timer, state:3
11-24 20:32:27.973 29531 29576 I BatteryMgr:DataCollectionService: stats => 1700854347972,9765,4440,14648,4169000,100
11-24 20:32:28.011  1011  1189 I ASH     : @ 201200.198: tcs3701: stop power rail pending_off timer
11-24 20:32:28.011  1011  1189 D ASH     : @ 201200.198: tcs3701: start power rail timer, state:3
11-24 20:32:28.051  1011  1189 I ASH     : @ 201200.238: tcs3701: stop power rail pending_off timer
11-24 20:32:28.051  1011  1189 D ASH     : @ 201200.238: tcs3701: start power rail timer, state:3
11-24 20:32:28.068  1795  4144 D ActivityManager: freezer override set to true
11-24 20:32:28.073  1795  4144 D ActivityManager: freezer override set to false
11-24 20:32:28.077 29531 29576 I BatteryMgr:DataCollectionService: stats => 1700854348077,9765,4440,14648,4169000,100
11-24 20:32:28.091  1011  1189 I ASH     : @ 201200.278: tcs3701: stop power rail pending_off timer
11-24 20:32:28.091  1011  1189 D ASH     : @ 201200.278: tcs3701: start power rail timer, state:3
11-24 20:32:28.130  2113  2118 I pixel-thermal: skin-therm-monitor: 39.244
11-24 20:32:28.131  1011  1189 I ASH     : @ 201200.318: tcs3701: stop power rail pending_off timer
11-24 20:32:28.131  1011  1189 D ASH     : @ 201200.318: tcs3701: start power rail timer, state:3
11-24 20:32:28.171  1011  1189 I ASH     : @ 201200.358: tcs3701: stop power rail pending_off timer
11-24 20:32:28.171  1011  1189 D ASH     : @ 201200.358: tcs3701: start power rail timer, state:3
11-24 20:32:28.181 29531 29576 I BatteryMgr:DataCollectionService: stats => 1700854348181,9765,4440,14648,4169000,100
11-24 20:32:28.211  1011  1189 I ASH     : @ 201200.398: tcs3701: stop power rail pending_off timer
