11-26 21:43:17.568  1011  1189 D ASH     : @ 378249.740: tcs3701: start power rail timer, state:3
11-26 21:43:17.608  1011  1189 I ASH     : @ 378249.780: tcs3701: stop power rail pending_off timer
11-26 21:43:17.608  1011  1189 D ASH     : @ 378249.780: tcs3701: start power rail timer, state:3
11-26 21:43:17.628  8427  8467 I BatteryMgr:DataCollectionService: stats => 1701031397628,10681,4445,2136,4169000,100
11-26 21:43:17.648  1011  1189 I ASH     : @ 378249.820: tcs3701: stop power rail pending_off timer
11-26 21:43:17.648  1011  1189 D ASH     : @ 378249.820: tcs3701: start power rail timer, state:3
11-26 21:43:17.689  1011  1189 I ASH     : @ 378249.860: tcs3701: stop power rail pending_off timer
11-26 21:43:17.689  1011  1189 D ASH     : @ 378249.860: tcs3701: start power rail timer, state:3
11-26 21:43:17.729  1011  1189 I ASH     : @ 378249.900: tcs3701: stop power rail pending_off timer
11-26 21:43:17.729  1011  1189 D ASH     : @ 378249.900: tcs3701: start power rail timer, state:3
11-26 21:43:17.733  8427  8467 I BatteryMgr:DataCollectionService: stats => 1701031397733,10681,4445,2136,4169000,100
11-26 21:43:17.769  1011  1189 I ASH     : @ 378249.940: tcs3701: stop power rail pending_off timer
11-26 21:43:17.769  1011  1189 D ASH     : @ 378249.940: tcs3701: start power rail timer, state:3
11-26 21:43:17.808  1011  1189 I ASH     : @ 378249.980: tcs3701: stop power rail pending_off timer
11-26 21:43:17.808  1011  1189 D ASH     : @ 378249.980: tcs3701: start power rail timer, state:3
11-26 21:43:17.837  8427  8467 I BatteryMgr:DataCollectionService: stats => 1701031397837,10681,4445,2136,4169000,100
11-26 21:43:17.849  1011  1189 I ASH     : @ 378250.020: tcs3701: stop power rail pending_off timer
11-26 21:43:17.849  1011  1189 D ASH     : @ 378250.020: tcs3701: start power rail timer, state:3
11-26 21:43:17.888  1011  1189 I ASH     : @ 378250.060: tcs3701: stop power rail pending_off timer
11-26 21:43:17.888  1011  1189 D ASH     : @ 378250.060: tcs3701: start power rail timer, state:3
11-26 21:43:17.923 31341 31379 I AdrenoVK-0: QUALCOMM build          : 4783c89, I46ff5fc46f
11-26 21:43:17.923 31341 31379 I AdrenoVK-0: Build Date              : 11/30/20
11-26 21:43:17.923 31341 31379 I AdrenoVK-0: Shader Compiler Version : EV031.31.04.01
11-26 21:43:17.923 31341 31379 I AdrenoVK-0: Local Branch            : QPR2
11-26 21:43:17.923 31341 31379 I AdrenoVK-0: Remote Branch           : 
11-26 21:43:17.923 31341 31379 I AdrenoVK-0: Remote Branch           : 
11-26 21:43:17.923 31341 31379 I AdrenoVK-0: Reconstruct Branch      : 
11-26 21:43:17.923 31341 31379 I AdrenoVK-0: Build Config            : S P 10.0.4 AArch64
11-26 21:43:17.923 31341 31379 I AdrenoVK-0: Driver Path             : /vendor/lib64/hw/vulkan.adreno.so
11-26 21:43:17.929  1011  1189 I ASH     : @ 378250.100: tcs3701: stop power rail pending_off timer
11-26 21:43:17.929  1011  1189 D ASH     : @ 378250.100: tcs3701: start power rail timer, state:3
11-26 21:43:17.947  8427  8467 I BatteryMgr:DataCollectionService: stats => 1701031397947,10681,4445,2136,4169000,100
11-26 21:43:17.968  1011  1189 I ASH     : @ 378250.140: tcs3701: stop power rail pending_off timer
11-26 21:43:17.969  1011  1189 D ASH     : @ 378250.140: tcs3701: start power rail timer, state:3
11-26 21:43:18.009  1011  1189 I ASH     : @ 378250.180: tcs3701: stop power rail pending_off timer
11-26 21:43:18.009  1011  1189 D ASH     : @ 378250.180: tcs3701: start power rail timer, state:3
11-26 21:43:18.048  1011  1189 I ASH     : @ 378250.220: tcs3701: stop power rail pending_off timer
11-26 21:43:18.048  1011  1189 D ASH     : @ 378250.220: tcs3701: start power rail timer, state:3
11-26 21:43:18.058  8427  8467 I BatteryMgr:DataCollectionService: stats => 1701031398058,10681,4445,2136,4169000,100
11-26 21:43:18.082  1795  4165 D ActivityManager: freezer override set to true
11-26 21:43:18.087  1795  4165 D ActivityManager: freezer override set to false
11-26 21:43:18.089  1011  1189 I ASH     : @ 378250.260: tcs3701: stop power rail pending_off timer
11-26 21:43:18.089  1011  1189 D ASH     : @ 378250.260: tcs3701: start power rail timer, state:3
11-26 21:43:18.128  1011  1189 I ASH     : @ 378250.300: tcs3701: stop power rail pending_off timer
11-26 21:43:18.128  1011  1189 D ASH     : @ 378250.300: tcs3701: start power rail timer, state:3
11-26 21:43:18.139 31267 31327 W chromium: [WARNING:ev_root_ca_metadata.cc(119)] Not implemented
11-26 21:43:18.144 31267 31327 W chromium: [WARNING:ev_root_ca_metadata.cc(119)] Not implemented
11-26 21:43:18.169  1011  1189 I ASH     : @ 378250.340: tcs3701: stop power rail pending_off timer
11-26 21:43:18.169  1011  1189 D ASH     : @ 378250.340: tcs3701: start power rail timer, state:3
11-26 21:43:18.170  8427  8467 I BatteryMgr:DataCollectionService: stats => 1701031398170,10681,4445,2136,4169000,100
11-26 21:43:18.208  1011  1189 I ASH     : @ 378250.380: tcs3701: stop power rail pending_off timer
11-26 21:43:18.208  1011  1189 D ASH     : @ 378250.380: tcs3701: start power rail timer, state:3
11-26 21:43:18.248  1011  1189 I ASH     : @ 378250.420: tcs3701: stop power rail pending_off timer
11-26 21:43:18.248  1011  1189 D ASH     : @ 378250.420: tcs3701: start power rail timer, state:3
11-26 21:43:18.274  8427  8467 I BatteryMgr:DataCollectionService: stats => 1701031398274,10681,4445,2136,4169000,100
11-26 21:43:18.289  1011  1189 I ASH     : @ 378250.460: tcs3701: stop power rail pending_off timer
11-26 21:43:18.290  1011  1189 D ASH     : @ 378250.460: tcs3701: start power rail timer, state:3
11-26 21:43:18.328  1011  1189 I ASH     : @ 378250.500: tcs3701: stop power rail pending_off timer
11-26 21:43:18.329  1011  1189 D ASH     : @ 378250.500: tcs3701: start power rail timer, state:3
11-26 21:43:18.368  1011  1189 I ASH     : @ 378250.540: tcs3701: stop power rail pending_off timer
11-26 21:43:18.369  1011  1189 D ASH     : @ 378250.540: tcs3701: start power rail timer, state:3
11-26 21:43:18.381  1795  4144 D ActivityManager: freezer override set to true
11-26 21:43:18.386  8427  8467 I BatteryMgr:DataCollectionService: stats => 1701031398385,10681,4445,2136,4169000,100
11-26 21:43:18.408  1011  1189 I ASH     : @ 378250.580: tcs3701: stop power rail pending_off timer
11-26 21:43:18.409  1011  1189 D ASH     : @ 378250.580: tcs3701: start power rail timer, state:3
11-26 21:43:18.448  1011  1189 I ASH     : @ 378250.620: tcs3701: stop power rail pending_off timer
11-26 21:43:18.448  1011  1189 D ASH     : @ 378250.620: tcs3701: start power rail timer, state:3
11-26 21:43:18.490  1011  1189 I ASH     : @ 378250.660: tcs3701: stop power rail pending_off timer
11-26 21:43:18.491  1011  1189 D ASH     : @ 378250.660: tcs3701: start power rail timer, state:3
11-26 21:43:18.494  8427  8467 I BatteryMgr:DataCollectionService: stats => 1701031398494,10681,4445,2136,4169000,100
11-26 21:43:18.528  1011  1189 I ASH     : @ 378250.700: tcs3701: stop power rail pending_off timer
11-26 21:43:18.528  1011  1189 D ASH     : @ 378250.700: tcs3701: start power rail timer, state:3
11-26 21:43:18.568  1011  1189 I ASH     : @ 378250.740: tcs3701: stop power rail pending_off timer
11-26 21:43:18.568  1011  1189 D ASH     : @ 378250.740: tcs3701: start power rail timer, state:3
11-26 21:43:18.590 31267 31610 I m.chrome.canary: Explicit concurrent copying GC freed 854531(16MB) AllocSpace objects, 10(508KB) LOS objects, 75% free, 14MB/59MB, paused 98us,29us total 83.377ms
11-26 21:43:18.598  8427  8467 I BatteryMgr:DataCollectionService: stats => 1701031398598,10681,4445,2136,4169000,100
11-26 21:43:18.608  1011  1189 I ASH     : @ 378250.780: tcs3701: stop power rail pending_off timer
11-26 21:43:18.608  1011  1189 D ASH     : @ 378250.780: tcs3701: start power rail timer, state:3
11-26 21:43:18.648  1011  1189 I ASH     : @ 378250.820: tcs3701: stop power rail pending_off timer
11-26 21:43:18.648  1011  1189 D ASH     : @ 378250.820: tcs3701: start power rail timer, state:3
11-26 21:43:18.674  1795  4144 D ActivityManager: freezer override set to false
11-26 21:43:18.689  1011  1189 I ASH     : @ 378250.860: tcs3701: stop power rail pending_off timer
11-26 21:43:18.689  1011  1189 D ASH     : @ 378250.860: tcs3701: start power rail timer, state:3
11-26 21:43:18.705  8427  8467 I BatteryMgr:DataCollectionService: stats => 1701031398705,10681,4445,2136,4169000,100
11-26 21:43:18.716  1795  4165 D ActivityManager: freezer override set to true
11-26 21:43:18.720  1795  4165 D ActivityManager: freezer override set to false
11-26 21:43:18.728  1011  1189 I ASH     : @ 378250.900: tcs3701: stop power rail pending_off timer
11-26 21:43:18.728  1011  1189 D ASH     : @ 378250.900: tcs3701: start power rail timer, state:3
11-26 21:43:18.768  1011  1189 I ASH     : @ 378250.940: tcs3701: stop power rail pending_off timer
11-26 21:43:18.768  1011  1189 D ASH     : @ 378250.940: tcs3701: start power rail timer, state:3
11-26 21:43:18.771  1795  4165 D ActivityManager: freezer override set to true
11-26 21:43:18.784  1795  4165 D ActivityManager: freezer override set to false
11-26 21:43:18.808  1011  1189 I ASH     : @ 378250.980: tcs3701: stop power rail pending_off timer
11-26 21:43:18.809  1011  1189 D ASH     : @ 378250.980: tcs3701: start power rail timer, state:3
11-26 21:43:18.814  8427  8467 I BatteryMgr:DataCollectionService: stats => 1701031398814,10681,4445,2136,4169000,100
11-26 21:43:18.848  1011  1189 I ASH     : @ 378251.020: tcs3701: stop power rail pending_off timer
11-26 21:43:18.848  1011  1189 D ASH     : @ 378251.020: tcs3701: start power rail timer, state:3
11-26 21:43:18.889  1011  1189 I ASH     : @ 378251.060: tcs3701: stop power rail pending_off timer
11-26 21:43:18.889  1011  1189 D ASH     : @ 378251.060: tcs3701: start power rail timer, state:3
11-26 21:43:18.921  8427  8467 I BatteryMgr:DataCollectionService: stats => 1701031398921,10681,4445,2136,4169000,100
11-26 21:43:18.928  1011  1189 I ASH     : @ 378251.100: tcs3701: stop power rail pending_off timer
11-26 21:43:18.928  1011  1189 D ASH     : @ 378251.100: tcs3701: start power rail timer, state:3
11-26 21:43:18.968  1011  1189 I ASH     : @ 378251.140: tcs3701: stop power rail pending_off timer
11-26 21:43:18.968  1011  1189 D ASH     : @ 378251.140: tcs3701: start power rail timer, state:3
11-26 21:43:19.009  1011  1189 I ASH     : @ 378251.180: tcs3701: stop power rail pending_off timer
11-26 21:43:19.009  1011  1189 D ASH     : @ 378251.180: tcs3701: start power rail timer, state:3
11-26 21:43:19.027  8427  8467 I BatteryMgr:DataCollectionService: stats => 1701031399027,10681,4445,2136,4169000,100
11-26 21:43:19.048  1011  1189 I ASH     : @ 378251.220: tcs3701: stop power rail pending_off timer
11-26 21:43:19.049  1011  1189 D ASH     : @ 378251.220: tcs3701: start power rail timer, state:3
11-26 21:43:19.078  1795  4165 D ActivityManager: freezer override set to true
11-26 21:43:19.088  1011  1189 I ASH     : @ 378251.260: tcs3701: stop power rail pending_off timer
11-26 21:43:19.088  1011  1189 D ASH     : @ 378251.260: tcs3701: start power rail timer, state:3
11-26 21:43:19.090  1795  4165 D ActivityManager: freezer override set to false
11-26 21:43:19.128  1011  1189 I ASH     : @ 378251.300: tcs3701: stop power rail pending_off timer
11-26 21:43:19.128  1011  1189 D ASH     : @ 378251.300: tcs3701: start power rail timer, state:3
11-26 21:43:19.133  8427  8467 I BatteryMgr:DataCollectionService: stats => 1701031399133,10681,4445,2136,4169000,100
11-26 21:43:19.168  1011  1189 I ASH     : @ 378251.340: tcs3701: stop power rail pending_off timer
11-26 21:43:19.168  1011  1189 D ASH     : @ 378251.340: tcs3701: start power rail timer, state:3
11-26 21:43:19.208  1011  1189 I ASH     : @ 378251.380: tcs3701: stop power rail pending_off timer
11-26 21:43:19.209  1011  1189 D ASH     : @ 378251.380: tcs3701: start power rail timer, state:3
11-26 21:43:19.238  8427  8467 I BatteryMgr:DataCollectionService: stats => 1701031399238,10681,4445,2136,4169000,100
11-26 21:43:19.249  1011  1189 I ASH     : @ 378251.420: tcs3701: stop power rail pending_off timer
11-26 21:43:19.249  1011  1189 D ASH     : @ 378251.420: tcs3701: start power rail timer, state:3
11-26 21:43:19.288  1011  1189 I ASH     : @ 378251.460: tcs3701: stop power rail pending_off timer
11-26 21:43:19.288  1011  1189 D ASH     : @ 378251.460: tcs3701: start power rail timer, state:3
11-26 21:43:19.329  1011  1189 I ASH     : @ 378251.500: tcs3701: stop power rail pending_off timer
11-26 21:43:19.329  1011  1189 D ASH     : @ 378251.500: tcs3701: start power rail timer, state:3
11-26 21:43:19.343  8427  8467 I BatteryMgr:DataCollectionService: stats => 1701031399343,10681,4445,2136,4169000,100
11-26 21:43:19.369  1011  1189 I ASH     : @ 378251.540: tcs3701: stop power rail pending_off timer
11-26 21:43:19.369  1011  1189 D ASH     : @ 378251.540: tcs3701: start power rail timer, state:3
11-26 21:43:19.409  1011  1189 I ASH     : @ 378251.580: tcs3701: stop power rail pending_off timer
11-26 21:43:19.409  1011  1189 D ASH     : @ 378251.580: tcs3701: start power rail timer, state:3
11-26 21:43:19.417  2113  2118 I pixel-thermal: skin-therm-monitor: 39.109
11-26 21:43:19.446  8427  8467 I BatteryMgr:DataCollectionService: stats => 1701031399446,10681,4445,2136,4169000,100
11-26 21:43:19.448  1011  1189 I ASH     : @ 378251.620: tcs3701: stop power rail pending_off timer
11-26 21:43:19.448  1011  1189 D ASH     : @ 378251.620: tcs3701: start power rail timer, state:3
11-26 21:43:19.489  1011  1189 I ASH     : @ 378251.660: tcs3701: stop power rail pending_off timer
11-26 21:43:19.489  1011  1189 D ASH     : @ 378251.660: tcs3701: start power rail timer, state:3
11-26 21:43:19.529  1011  1189 I ASH     : @ 378251.700: tcs3701: stop power rail pending_off timer
11-26 21:43:19.529  1011  1189 D ASH     : @ 378251.700: tcs3701: start power rail timer, state:3
11-26 21:43:19.551  8427  8467 I BatteryMgr:DataCollectionService: stats => 1701031399551,10681,4445,2136,4169000,100
11-26 21:43:19.561 31267 31267 D CompatibilityChangeReporter: Compat change id reported: 194532703; UID 10010; state: ENABLED
11-26 21:43:19.561  1795  4157 D CompatibilityChangeReporter: Compat change id reported: 194532703; UID 10010; state: ENABLED
11-26 21:43:19.569  1011  1189 I ASH     : @ 378251.740: tcs3701: stop power rail pending_off timer
11-26 21:43:19.569  1011  1189 D ASH     : @ 378251.740: tcs3701: start power rail timer, state:3
11-26 21:43:19.580 31267 31267 I cr_omaha: Scheduled using JobService
11-26 21:43:19.580 31267 31267 E cr_BkgrdTaskJS: Tried finishing non-current BackgroundTask.
11-26 21:43:19.609  1011  1189 I ASH     : @ 378251.780: tcs3701: stop power rail pending_off timer
11-26 21:43:19.609  1011  1189 D ASH     : @ 378251.780: tcs3701: start power rail timer, state:3
11-26 21:43:19.649  1011  1189 I ASH     : @ 378251.820: tcs3701: stop power rail pending_off timer
11-26 21:43:19.649  1011  1189 D ASH     : @ 378251.820: tcs3701: start power rail timer, state:3
11-26 21:43:19.655  8427  8467 I BatteryMgr:DataCollectionService: stats => 1701031399655,10681,4445,2136,4169000,100
11-26 21:43:19.689  1011  1189 I ASH     : @ 378251.860: tcs3701: stop power rail pending_off timer
11-26 21:43:19.689  1011  1189 D ASH     : @ 378251.860: tcs3701: start power rail timer, state:3
11-26 21:43:19.729  1011  1189 I ASH     : @ 378251.900: tcs3701: stop power rail pending_off timer
11-26 21:43:19.729  1011  1189 D ASH     : @ 378251.900: tcs3701: start power rail timer, state:3
11-26 21:43:19.760  8427  8467 I BatteryMgr:DataCollectionService: stats => 1701031399760,10681,4445,2136,4169000,100
11-26 21:43:19.769  1011  1189 I ASH     : @ 378251.940: tcs3701: stop power rail pending_off timer
11-26 21:43:19.769  1011  1189 D ASH     : @ 378251.940: tcs3701: start power rail timer, state:3
11-26 21:43:19.809  1011  1189 I ASH     : @ 378251.980: tcs3701: stop power rail pending_off timer
11-26 21:43:19.809  1011  1189 D ASH     : @ 378251.980: tcs3701: start power rail timer, state:3
11-26 21:43:19.849  1011  1189 I ASH     : @ 378252.020: tcs3701: stop power rail pending_off timer
11-26 21:43:19.849  1011  1189 D ASH     : @ 378252.020: tcs3701: start power rail timer, state:3
11-26 21:43:19.864  8427  8467 I BatteryMgr:DataCollectionService: stats => 1701031399864,10681,4445,2136,4169000,100
11-26 21:43:19.889  1011  1189 I ASH     : @ 378252.060: tcs3701: stop power rail pending_off timer
11-26 21:43:19.889  1011  1189 D ASH     : @ 378252.060: tcs3701: start power rail timer, state:3
11-26 21:43:19.928  1011  1189 I ASH     : @ 378252.100: tcs3701: stop power rail pending_off timer
11-26 21:43:19.928  1011  1189 D ASH     : @ 378252.100: tcs3701: start power rail timer, state:3
11-26 21:43:19.969  1011  1189 I ASH     : @ 378252.140: tcs3701: stop power rail pending_off timer
11-26 21:43:19.969  1011  1189 D ASH     : @ 378252.140: tcs3701: start power rail timer, state:3
11-26 21:43:19.969  8427  8467 I BatteryMgr:DataCollectionService: stats => 1701031399969,10681,4445,2136,4169000,100
11-26 21:43:19.977  1795  4165 D ActivityManager: freezer override set to true
11-26 21:43:20.002  1795  2424 D WifiClientModeImpl[13802:wlan0]: updateLinkLayerStatsRssiSpeedFrequencyCapabilities rssi=-43 TxLinkspeed=650 freq=5240 RxLinkSpeed=6
11-26 21:43:20.002  1795  2424 D WifiDataStall: tx tput in kbps: 110109
11-26 21:43:20.002  1795  2424 D WifiDataStall: rx tput in kbps: 761132
11-26 21:43:20.002  1795  2424 V WifiConfigManager: Updating scan detail cache freq=5240 BSSID=f4:6d:2f:12:cc:88 RSSI=-43 for "ourhome"WPA_PSK
11-26 21:43:20.003  2673  2692 V WifiManager: OnWifiUsabilityStatsListener: onWifiUsabilityStats: seqNum=96908
11-26 21:43:20.003  1795  2424 D WifiChannelUtilization:  freq: 5240 onTime: 10584327 busyTime: 972839 onTimeDiff: 936471 busyTimeDiff: 116353 utilization: 31 utilization t0: 23
11-26 21:43:20.003  1795  2424 D WifiDataStall:  ccaLevel = 31
11-26 21:43:20.003  1795  2424 D WifiDataStall: L2 txTputKbps: 417041, rxTputKbps: 5273, L3 txTputKbps: 8, rxTputKbps: 58, TxTrafficHigh: true, RxTrafficHigh: true, Throughput Sufficient: true
11-26 21:43:20.004  1795  2424 D WifiScoreReport: Wifi scoring disabled - Don't check IP layer
11-26 21:43:20.004  1795  4157 I WifiService: updateWifiUsabilityScore uid=10180 seqNum=96908 score=100 predictionHorizonSec=1441795
11-26 21:43:20.004  1795  2424 D WifiScoreCard: BSSID update SIGNAL_POLL ID: 1320464697 SSID: "ourhome", BSSID: f4:6d:2f:12:cc:88, MAC: b2:2f:ec:da:4a:0c, IP: /192.168.1.104, Security type: 2, Supplicant state: COMPLETED, Wi-Fi standard: 5, RSSI: -43, Link speed: 650Mbps, Tx Link speed: 650Mbps, Max Supported Tx Link speed: 866Mbps, Rx Link speed: 6Mbps, Max Supported Rx Link speed: 866Mbps, Frequency: 5240MHz, Net ID: 12, Metered hint: false, score: 60, isUsable: true, CarrierMerged: false, SubscriptionId: -1, IsPrimary: 1, Trusted: true, Restricted: false, Ephemeral: false, OEM paid: false, OEM private: false, OSU AP: false, FQDN: <none>, Provider friendly name: <none>, Requesting package name: <none>"ourhome"wpa2-pskMLO Information: , Is TID-To-Link negotiation supported by the AP: false, AP MLD Address: <none>, AP MLO Link Id: <none>, AP MLO Affiliated links: <none>
11-26 21:43:20.004  1795  2424 D WifiScoreCard: txRate: 22 txSpeed: 650
11-26 21:43:20.004  1795  2424 D WifiScoreCard: network update SIGNAL_POLL "ourhome" ID: 1499892569 RSSI -43 txSpeed 650
11-26 21:43:20.004  1795  2424 D WifiClientModeImpl[13802:wlan0]:  ClientModeImpl$L2ConnectedState screen=on 37 0 "ourhome" f4:6d:2f:12:cc:88 rssi=-43 f=5240 sc=60 link=650 tx=17.4, 4.0, 0.0 rx=10.8 bcn=3579484 [on:728 tx:6 rx:5 period:3012] from screen [on:948346 period:18965290] score=60
11-26 21:43:20.004  1795  2424 D WifiScoreReport: Wifi scoring disabled - Notify that Wifi is usable
11-26 21:43:20.006  1795  2432 D ConnectivityService: NetReassign [no changes] [c 1] [a 0] [i 1]
11-26 21:43:20.009  1011  1189 I ASH     : @ 378252.180: tcs3701: stop power rail pending_off timer
11-26 21:43:20.009  1011  1189 D ASH     : @ 378252.180: tcs3701: start power rail timer, state:3
11-26 21:43:20.048  1011  1189 I ASH     : @ 378252.220: tcs3701: stop power rail pending_off timer
11-26 21:43:20.049  1011  1189 D ASH     : @ 378252.220: tcs3701: start power rail timer, state:3
11-26 21:43:20.075  8427  8467 I BatteryMgr:DataCollectionService: stats => 1701031400075,10681,4445,2136,4169000,100
11-26 21:43:20.088  1011  1189 I ASH     : @ 378252.260: tcs3701: stop power rail pending_off timer
11-26 21:43:20.088  1011  1189 D ASH     : @ 378252.260: tcs3701: start power rail timer, state:3
11-26 21:43:20.129  1011  1189 I ASH     : @ 378252.300: tcs3701: stop power rail pending_off timer
11-26 21:43:20.129  1011  1189 D ASH     : @ 378252.300: tcs3701: start power rail timer, state:3
11-26 21:43:20.169  1011  1189 I ASH     : @ 378252.340: tcs3701: stop power rail pending_off timer
11-26 21:43:20.169  1011  1189 D ASH     : @ 378252.340: tcs3701: start power rail timer, state:3
11-26 21:43:20.180  8427  8467 I BatteryMgr:DataCollectionService: stats => 1701031400180,10681,4445,2136,4169000,100
11-26 21:43:20.205 31267 31610 I m.chrome.canary: Explicit concurrent copying GC freed 617237(11MB) AllocSpace objects, 3(52KB) LOS objects, 75% free, 15MB/61MB, paused 145us,26us total 99.482ms
11-26 21:43:20.208  1011  1189 I ASH     : @ 378252.380: tcs3701: stop power rail pending_off timer
11-26 21:43:20.208  1011  1189 D ASH     : @ 378252.380: tcs3701: start power rail timer, state:3
11-26 21:43:20.249  1011  1189 I ASH     : @ 378252.420: tcs3701: stop power rail pending_off timer
11-26 21:43:20.249  1011  1189 D ASH     : @ 378252.420: tcs3701: start power rail timer, state:3
11-26 21:43:20.284  1795  4165 D ActivityManager: freezer override set to false
11-26 21:43:20.285  8427  8467 I BatteryMgr:DataCollectionService: stats => 1701031400285,10681,4445,2136,4169000,100
11-26 21:43:20.289  1011  1189 I ASH     : @ 378252.460: tcs3701: stop power rail pending_off timer
11-26 21:43:20.289  1011  1189 D ASH     : @ 378252.460: tcs3701: start power rail timer, state:3
11-26 21:43:20.324  1795  4157 D ActivityManager: freezer override set to true
11-26 21:43:20.326  1795  4157 D ActivityManager: freezer override set to false
11-26 21:43:20.328  1011  1189 I ASH     : @ 378252.500: tcs3701: stop power rail pending_off timer
11-26 21:43:20.328  1011  1189 D ASH     : @ 378252.500: tcs3701: start power rail timer, state:3
11-26 21:43:20.360  1795  4157 D ActivityManager: freezer override set to true
11-26 21:43:20.367  1795  4157 D ActivityManager: freezer override set to false
11-26 21:43:20.368  1011  1189 I ASH     : @ 378252.540: tcs3701: stop power rail pending_off timer
11-26 21:43:20.368  1011  1189 D ASH     : @ 378252.540: tcs3701: start power rail timer, state:3
11-26 21:43:20.389  8427  8467 I BatteryMgr:DataCollectionService: stats => 1701031400389,10681,4445,2136,4169000,100
11-26 21:43:20.409  1011  1189 I ASH     : @ 378252.580: tcs3701: stop power rail pending_off timer
11-26 21:43:20.409  1011  1189 D ASH     : @ 378252.580: tcs3701: start power rail timer, state:3
11-26 21:43:20.448  1011  1189 I ASH     : @ 378252.620: tcs3701: stop power rail pending_off timer
11-26 21:43:20.448  1011  1189 D ASH     : @ 378252.620: tcs3701: start power rail timer, state:3
11-26 21:43:20.488  1011  1189 I ASH     : @ 378252.660: tcs3701: stop power rail pending_off timer
11-26 21:43:20.488  1011  1189 D ASH     : @ 378252.660: tcs3701: start power rail timer, state:3
11-26 21:43:20.493  8427  8467 I BatteryMgr:DataCollectionService: stats => 1701031400493,10681,4445,2136,4169000,100
11-26 21:43:20.528  1011  1189 I ASH     : @ 378252.700: tcs3701: stop power rail pending_off timer
11-26 21:43:20.529  1011  1189 D ASH     : @ 378252.700: tcs3701: start power rail timer, state:3
11-26 21:43:20.569  1011  1189 I ASH     : @ 378252.740: tcs3701: stop power rail pending_off timer
11-26 21:43:20.569  1011  1189 D ASH     : @ 378252.740: tcs3701: start power rail timer, state:3
11-26 21:43:20.596  8427  8467 I BatteryMgr:DataCollectionService: stats => 1701031400596,10681,4445,2136,4169000,100
11-26 21:43:20.609  1011  1189 I ASH     : @ 378252.780: tcs3701: stop power rail pending_off timer
11-26 21:43:20.609  1011  1189 D ASH     : @ 378252.780: tcs3701: start power rail timer, state:3
11-26 21:43:20.649  1011  1189 I ASH     : @ 378252.820: tcs3701: stop power rail pending_off timer
11-26 21:43:20.649  1011  1189 D ASH     : @ 378252.820: tcs3701: start power rail timer, state:3
11-26 21:43:20.689  1011  1189 I ASH     : @ 378252.860: tcs3701: stop power rail pending_off timer
11-26 21:43:20.689  1011  1189 D ASH     : @ 378252.860: tcs3701: start power rail timer, state:3
11-26 21:43:20.701  8427  8467 I BatteryMgr:DataCollectionService: stats => 1701031400700,10681,4445,2136,4169000,100
11-26 21:43:20.729  1011  1189 I ASH     : @ 378252.900: tcs3701: stop power rail pending_off timer
11-26 21:43:20.729  1011  1189 D ASH     : @ 378252.900: tcs3701: start power rail timer, state:3
11-26 21:43:20.769  1011  1189 I ASH     : @ 378252.940: tcs3701: stop power rail pending_off timer
11-26 21:43:20.769  1011  1189 D ASH     : @ 378252.940: tcs3701: start power rail timer, state:3
11-26 21:43:20.805  8427  8467 I BatteryMgr:DataCollectionService: stats => 1701031400805,10681,4445,2136,4169000,100
11-26 21:43:20.809  1011  1189 I ASH     : @ 378252.980: tcs3701: stop power rail pending_off timer
11-26 21:43:20.809  1011  1189 D ASH     : @ 378252.980: tcs3701: start power rail timer, state:3
11-26 21:43:20.848  1011  1189 I ASH     : @ 378253.020: tcs3701: stop power rail pending_off timer
11-26 21:43:20.849  1011  1189 D ASH     : @ 378253.020: tcs3701: start power rail timer, state:3
11-26 21:43:20.888  1011  1189 I ASH     : @ 378253.060: tcs3701: stop power rail pending_off timer
11-26 21:43:20.888  1011  1189 D ASH     : @ 378253.060: tcs3701: start power rail timer, state:3
11-26 21:43:20.909  8427  8467 I BatteryMgr:DataCollectionService: stats => 1701031400909,10681,4445,2136,4169000,100
11-26 21:43:20.929  1011  1189 I ASH     : @ 378253.100: tcs3701: stop power rail pending_off timer
11-26 21:43:20.929  1011  1189 D ASH     : @ 378253.100: tcs3701: start power rail timer, state:3
11-26 21:43:20.968  1011  1189 I ASH     : @ 378253.140: tcs3701: stop power rail pending_off timer
11-26 21:43:20.969  1011  1189 D ASH     : @ 378253.140: tcs3701: start power rail timer, state:3
11-26 21:43:21.009  1011  1189 I ASH     : @ 378253.180: tcs3701: stop power rail pending_off timer
11-26 21:43:21.009  1011  1189 D ASH     : @ 378253.180: tcs3701: start power rail timer, state:3
11-26 21:43:21.013  8427  8467 I BatteryMgr:DataCollectionService: stats => 1701031401013,10681,4445,2136,4169000,100
11-26 21:43:21.049  1011  1189 I ASH     : @ 378253.220: tcs3701: stop power rail pending_off timer
11-26 21:43:21.049  1011  1189 D ASH     : @ 378253.220: tcs3701: start power rail timer, state:3
11-26 21:43:21.066  1795  4157 D ActivityManager: freezer override set to true
11-26 21:43:21.070  1795  4157 D ActivityManager: freezer override set to false
11-26 21:43:21.089  1011  1189 I ASH     : @ 378253.260: tcs3701: stop power rail pending_off timer
11-26 21:43:21.089  1011  1189 D ASH     : @ 378253.260: tcs3701: start power rail timer, state:3
11-26 21:43:21.117  8427  8467 I BatteryMgr:DataCollectionService: stats => 1701031401117,10681,4445,2136,4169000,100
11-26 21:43:21.129  1011  1189 I ASH     : @ 378253.300: tcs3701: stop power rail pending_off timer
11-26 21:43:21.129  1011  1189 D ASH     : @ 378253.300: tcs3701: start power rail timer, state:3
11-26 21:43:21.169  1011  1189 I ASH     : @ 378253.340: tcs3701: stop power rail pending_off timer
11-26 21:43:21.170  1011  1189 D ASH     : @ 378253.340: tcs3701: start power rail timer, state:3
11-26 21:43:21.209  1011  1189 I ASH     : @ 378253.380: tcs3701: stop power rail pending_off timer
11-26 21:43:21.209  1011  1189 D ASH     : @ 378253.380: tcs3701: start power rail timer, state:3
11-26 21:43:21.222  8427  8467 I BatteryMgr:DataCollectionService: stats => 1701031401222,10681,4445,2136,4169000,100
11-26 21:43:21.249  1011  1189 I ASH     : @ 378253.420: tcs3701: stop power rail pending_off timer
11-26 21:43:21.249  1011  1189 D ASH     : @ 378253.420: tcs3701: start power rail timer, state:3
11-26 21:43:21.290  1011  1189 I ASH     : @ 378253.460: tcs3701: stop power rail pending_off timer
11-26 21:43:21.290  1011  1189 D ASH     : @ 378253.460: tcs3701: start power rail timer, state:3
11-26 21:43:21.328  1011  1189 I ASH     : @ 378253.500: tcs3701: stop power rail pending_off timer
11-26 21:43:21.328  1011  1189 D ASH     : @ 378253.500: tcs3701: start power rail timer, state:3
11-26 21:43:21.330  8427  8467 I BatteryMgr:DataCollectionService: stats => 1701031401330,10681,4445,2136,4169000,100
11-26 21:43:21.369  1011  1189 I ASH     : @ 378253.540: tcs3701: stop power rail pending_off timer
11-26 21:43:21.369  1011  1189 D ASH     : @ 378253.540: tcs3701: start power rail timer, state:3
11-26 21:43:21.408  1011  1189 I ASH     : @ 378253.580: tcs3701: stop power rail pending_off timer
11-26 21:43:21.408  1011  1189 D ASH     : @ 378253.580: tcs3701: start power rail timer, state:3
11-26 21:43:21.421  2113  2118 I pixel-thermal: skin-therm-monitor: 39.105
11-26 21:43:21.444  8427  8467 I BatteryMgr:DataCollectionService: stats => 1701031401443,10681,4445,2136,4169000,100
11-26 21:43:21.449  1011  1189 I ASH     : @ 378253.620: tcs3701: stop power rail pending_off timer
11-26 21:43:21.449  1011  1189 D ASH     : @ 378253.620: tcs3701: start power rail timer, state:3
11-26 21:43:21.488  1011  1189 I ASH     : @ 378253.660: tcs3701: stop power rail pending_off timer
11-26 21:43:21.489  1011  1189 D ASH     : @ 378253.660: tcs3701: start power rail timer, state:3
11-26 21:43:21.528  1011  1189 I ASH     : @ 378253.700: tcs3701: stop power rail pending_off timer
11-26 21:43:21.528  1011  1189 D ASH     : @ 378253.700: tcs3701: start power rail timer, state:3
11-26 21:43:21.556  8427  8467 I BatteryMgr:DataCollectionService: stats => 1701031401556,10681,4445,2136,4169000,100
11-26 21:43:21.568  1011  1189 I ASH     : @ 378253.740: tcs3701: stop power rail pending_off timer
11-26 21:43:21.568  1011  1189 D ASH     : @ 378253.740: tcs3701: start power rail timer, state:3
11-26 21:43:21.577  1795  4157 D ActivityManager: freezer override set to true
11-26 21:43:21.608  1011  1189 I ASH     : @ 378253.780: tcs3701: stop power rail pending_off timer
11-26 21:43:21.609  1011  1189 D ASH     : @ 378253.780: tcs3701: start power rail timer, state:3
11-26 21:43:21.649  1011  1189 I ASH     : @ 378253.820: tcs3701: stop power rail pending_off timer
11-26 21:43:21.649  1011  1189 D ASH     : @ 378253.820: tcs3701: start power rail timer, state:3
11-26 21:43:21.661  8427  8467 I BatteryMgr:DataCollectionService: stats => 1701031401661,10681,4445,2136,4169000,100
11-26 21:43:21.688  1011  1189 I ASH     : @ 378253.860: tcs3701: stop power rail pending_off timer
11-26 21:43:21.688  1011  1189 D ASH     : @ 378253.860: tcs3701: start power rail timer, state:3
11-26 21:43:21.728 31267 31610 I m.chrome.canary: Explicit concurrent copying GC freed 34021(1087KB) AllocSpace objects, 8(220KB) LOS objects, 75% free, 14MB/57MB, paused 41us,28us total 93.229ms
11-26 21:43:21.729  1011  1189 I ASH     : @ 378253.900: tcs3701: stop power rail pending_off timer
11-26 21:43:21.729  1011  1189 D ASH     : @ 378253.900: tcs3701: start power rail timer, state:3
11-26 21:43:21.769  1011  1189 I ASH     : @ 378253.940: tcs3701: stop power rail pending_off timer
11-26 21:43:21.769  1011  1189 D ASH     : @ 378253.940: tcs3701: start power rail timer, state:3
11-26 21:43:21.770  8427  8467 I BatteryMgr:DataCollectionService: stats => 1701031401770,10681,4445,2136,4169000,100
11-26 21:43:21.808  1011  1189 I ASH     : @ 378253.980: tcs3701: stop power rail pending_off timer
11-26 21:43:21.808  1011  1189 D ASH     : @ 378253.980: tcs3701: start power rail timer, state:3
11-26 21:43:21.810  1795  4157 D ActivityManager: freezer override set to false
11-26 21:43:21.849  1011  1189 I ASH     : @ 378254.020: tcs3701: stop power rail pending_off timer
11-26 21:43:21.849  1011  1189 D ASH     : @ 378254.020: tcs3701: start power rail timer, state:3
11-26 21:43:21.880  8427  8467 I BatteryMgr:DataCollectionService: stats => 1701031401880,10681,4445,2136,4169000,100
11-26 21:43:21.888  1011  1189 I ASH     : @ 378254.060: tcs3701: stop power rail pending_off timer
11-26 21:43:21.888  1011  1189 D ASH     : @ 378254.060: tcs3701: start power rail timer, state:3
11-26 21:43:21.917  1795  4157 D ActivityManager: freezer override set to true
11-26 21:43:21.929  1011  1189 I ASH     : @ 378254.100: tcs3701: stop power rail pending_off timer
11-26 21:43:21.929  1011  1189 D ASH     : @ 378254.100: tcs3701: start power rail timer, state:3
11-26 21:43:21.932  1795  4157 D ActivityManager: freezer override set to false
11-26 21:43:21.969  1011  1189 I ASH     : @ 378254.140: tcs3701: stop power rail pending_off timer
11-26 21:43:21.970  1011  1189 D ASH     : @ 378254.140: tcs3701: start power rail timer, state:3
11-26 21:43:21.972  1795  4157 D ActivityManager: freezer override set to true
11-26 21:43:21.977  1795  4157 D ActivityManager: freezer override set to false
11-26 21:43:21.989  8427  8467 I BatteryMgr:DataCollectionService: stats => 1701031401989,10681,4445,2136,4169000,100
11-26 21:43:22.008  1011  1189 I ASH     : @ 378254.180: tcs3701: stop power rail pending_off timer
11-26 21:43:22.008  1011  1189 D ASH     : @ 378254.180: tcs3701: start power rail timer, state:3
11-26 21:43:22.048  1011  1189 I ASH     : @ 378254.220: tcs3701: stop power rail pending_off timer
11-26 21:43:22.048  1011  1189 D ASH     : @ 378254.220: tcs3701: start power rail timer, state:3
11-26 21:43:22.088  1011  1189 I ASH     : @ 378254.260: tcs3701: stop power rail pending_off timer
11-26 21:43:22.088  1011  1189 D ASH     : @ 378254.260: tcs3701: start power rail timer, state:3
11-26 21:43:22.090  1795  4157 W JobScheduler: Job didn't exist in JobStore: c674d05 #u0a202/1034 com.google.android.apps.photos/com.google.android.libraries.social.mediamonitor.MediaMonitorJobSchedulerService
11-26 21:43:22.098  8427  8467 I BatteryMgr:DataCollectionService: stats => 1701031402098,10681,4445,2136,4169000,100
11-26 21:43:22.110  1795  4165 D ActivityManager: freezer override set to true
11-26 21:43:22.128  1011  1189 I ASH     : @ 378254.300: tcs3701: stop power rail pending_off timer
11-26 21:43:22.128  1011  1189 D ASH     : @ 378254.300: tcs3701: start power rail timer, state:3
11-26 21:43:22.129  1795  4165 D ActivityManager: freezer override set to false
11-26 21:43:22.169  1011  1189 I ASH     : @ 378254.340: tcs3701: stop power rail pending_off timer
11-26 21:43:22.169  1011  1189 D ASH     : @ 378254.340: tcs3701: start power rail timer, state:3
11-26 21:43:22.209  1011  1189 I ASH     : @ 378254.380: tcs3701: stop power rail pending_off timer
11-26 21:43:22.209  1011  1189 D ASH     : @ 378254.380: tcs3701: start power rail timer, state:3
11-26 21:43:22.209  8427  8467 I BatteryMgr:DataCollectionService: stats => 1701031402209,10681,4445,2136,4169000,100
11-26 21:43:22.231  1795  4165 W UriGrantsManagerService: No permission grants found for com.google.android.apps.photos
11-26 21:43:22.248  1011  1189 I ASH     : @ 378254.420: tcs3701: stop power rail pending_off timer
11-26 21:43:22.249  1011  1189 D ASH     : @ 378254.420: tcs3701: start power rail timer, state:3
11-26 21:43:22.253  1795  4165 W UriGrantsManagerService: No permission grants found for com.google.android.apps.photos
11-26 21:43:22.288  1011  1189 I ASH     : @ 378254.460: tcs3701: stop power rail pending_off timer
11-26 21:43:22.288  1011  1189 D ASH     : @ 378254.460: tcs3701: start power rail timer, state:3
11-26 21:43:22.315  8427  8467 I BatteryMgr:DataCollectionService: stats => 1701031402315,10681,4445,2136,4169000,100
11-26 21:43:22.328  1011  1189 I ASH     : @ 378254.500: tcs3701: stop power rail pending_off timer
11-26 21:43:22.329  1011  1189 D ASH     : @ 378254.500: tcs3701: start power rail timer, state:3
11-26 21:43:22.368  1011  1189 I ASH     : @ 378254.540: tcs3701: stop power rail pending_off timer
11-26 21:43:22.369  1011  1189 D ASH     : @ 378254.540: tcs3701: start power rail timer, state:3
11-26 21:43:22.409  1011  1189 I ASH     : @ 378254.580: tcs3701: stop power rail pending_off timer
11-26 21:43:22.409  1011  1189 D ASH     : @ 378254.580: tcs3701: start power rail timer, state:3
11-26 21:43:22.423  8427  8467 I BatteryMgr:DataCollectionService: stats => 1701031402423,10681,4445,2136,4169000,100
11-26 21:43:22.448  1011  1189 I ASH     : @ 378254.620: tcs3701: stop power rail pending_off timer
11-26 21:43:22.449  1011  1189 D ASH     : @ 378254.620: tcs3701: start power rail timer, state:3
11-26 21:43:22.485  1795  4165 W UriGrantsManagerService: No permission grants found for com.google.android.apps.photos
11-26 21:43:22.486  1795  4165 W UriGrantsManagerService: No permission grants found for com.google.android.apps.photos
11-26 21:43:22.488  1011  1189 I ASH     : @ 378254.660: tcs3701: stop power rail pending_off timer
11-26 21:43:22.488  1011  1189 D ASH     : @ 378254.660: tcs3701: start power rail timer, state:3
11-26 21:43:22.529  1011  1189 I ASH     : @ 378254.700: tcs3701: stop power rail pending_off timer
11-26 21:43:22.529  1011  1189 D ASH     : @ 378254.700: tcs3701: start power rail timer, state:3
11-26 21:43:22.531  8427  8467 I BatteryMgr:DataCollectionService: stats => 1701031402531,10681,4445,2136,4169000,100
11-26 21:43:22.568  1011  1189 I ASH     : @ 378254.740: tcs3701: stop power rail pending_off timer
11-26 21:43:22.569  1011  1189 D ASH     : @ 378254.740: tcs3701: start power rail timer, state:3
11-26 21:43:22.596  1795  4165 W UriGrantsManagerService: No permission grants found for com.google.android.apps.photos
11-26 21:43:22.608  1011  1189 I ASH     : @ 378254.780: tcs3701: stop power rail pending_off timer
11-26 21:43:22.608  1011  1189 D ASH     : @ 378254.780: tcs3701: start power rail timer, state:3
11-26 21:43:22.610  1795  4165 W UriGrantsManagerService: No permission grants found for com.google.android.apps.photos
11-26 21:43:22.644  8427  8467 I BatteryMgr:DataCollectionService: stats => 1701031402644,10681,4445,2136,4169000,100
11-26 21:43:22.649  1011  1189 I ASH     : @ 378254.820: tcs3701: stop power rail pending_off timer
11-26 21:43:22.649  1011  1189 D ASH     : @ 378254.820: tcs3701: start power rail timer, state:3
11-26 21:43:22.690  1011  1189 I ASH     : @ 378254.860: tcs3701: stop power rail pending_off timer
11-26 21:43:22.691  1011  1189 D ASH     : @ 378254.860: tcs3701: start power rail timer, state:3
11-26 21:43:22.729  1011  1189 I ASH     : @ 378254.900: tcs3701: stop power rail pending_off timer
11-26 21:43:22.729  1011  1189 D ASH     : @ 378254.900: tcs3701: start power rail timer, state:3
11-26 21:43:22.754  8427  8467 I BatteryMgr:DataCollectionService: stats => 1701031402754,10681,4445,2136,4169000,100
11-26 21:43:22.769  1011  1189 I ASH     : @ 378254.940: tcs3701: stop power rail pending_off timer
11-26 21:43:22.769  1011  1189 D ASH     : @ 378254.940: tcs3701: start power rail timer, state:3
11-26 21:43:22.808  1011  1189 I ASH     : @ 378254.980: tcs3701: stop power rail pending_off timer
11-26 21:43:22.808  1011  1189 D ASH     : @ 378254.980: tcs3701: start power rail timer, state:3
11-26 21:43:22.850  1011  1189 I ASH     : @ 378255.020: tcs3701: stop power rail pending_off timer
11-26 21:43:22.851  1011  1189 D ASH     : @ 378255.020: tcs3701: start power rail timer, state:3
11-26 21:43:22.860  8427  8467 I BatteryMgr:DataCollectionService: stats => 1701031402860,10681,4445,2136,4169000,100
11-26 21:43:22.888  1011  1189 I ASH     : @ 378255.060: tcs3701: stop power rail pending_off timer
11-26 21:43:22.889  1011  1189 D ASH     : @ 378255.060: tcs3701: start power rail timer, state:3
11-26 21:43:22.929  1011  1189 I ASH     : @ 378255.100: tcs3701: stop power rail pending_off timer
11-26 21:43:22.929  1011  1189 D ASH     : @ 378255.100: tcs3701: start power rail timer, state:3
11-26 21:43:22.967  8427  8467 I BatteryMgr:DataCollectionService: stats => 1701031402967,10681,4445,2136,4169000,100
11-26 21:43:22.968  1011  1189 I ASH     : @ 378255.140: tcs3701: stop power rail pending_off timer
11-26 21:43:22.968  1011  1189 D ASH     : @ 378255.140: tcs3701: start power rail timer, state:3
11-26 21:43:23.009  1011  1189 I ASH     : @ 378255.180: tcs3701: stop power rail pending_off timer
11-26 21:43:23.009  1011  1189 D ASH     : @ 378255.180: tcs3701: start power rail timer, state:3
11-26 21:43:23.015  1795  2424 D WifiClientModeImpl[13802:wlan0]: updateLinkLayerStatsRssiSpeedFrequencyCapabilities rssi=-43 TxLinkspeed=650 freq=5240 RxLinkSpeed=6
11-26 21:43:23.015  1795  2424 D WifiDataStall: tx tput in kbps: 417041
11-26 21:43:23.015  1795  2424 D WifiDataStall: rx tput in kbps: 5273
11-26 21:43:23.015  1795  2424 V WifiConfigManager: Updating scan detail cache freq=5240 BSSID=f4:6d:2f:12:cc:88 RSSI=-43 for "ourhome"WPA_PSK
11-26 21:43:23.015  1795  2424 D WifiChannelUtilization:  freq: 5240 onTime: 10584327 busyTime: 972839 onTimeDiff: 936471 busyTimeDiff: 116353 utilization: 31 utilization t0: 23
11-26 21:43:23.015  1795  2424 D WifiDataStall:  ccaLevel = 31
11-26 21:43:23.015  1795  2424 D WifiDataStall: L2 txTputKbps: 542724, rxTputKbps: 5273, L3 txTputKbps: 0, rxTputKbps: 0, TxTrafficHigh: false, RxTrafficHigh: false, Throughput Sufficient: true
11-26 21:43:23.015  2673  2692 V WifiManager: OnWifiUsabilityStatsListener: onWifiUsabilityStats: seqNum=96909
11-26 21:43:23.015  1795  2424 D WifiScoreReport: Wifi scoring disabled - Don't check IP layer
11-26 21:43:23.016  1795  2424 D WifiScoreCard: BSSID update SIGNAL_POLL ID: 1320464697 SSID: "ourhome", BSSID: f4:6d:2f:12:cc:88, MAC: b2:2f:ec:da:4a:0c, IP: /192.168.1.104, Security type: 2, Supplicant state: COMPLETED, Wi-Fi standard: 5, RSSI: -43, Link speed: 650Mbps, Tx Link speed: 650Mbps, Max Supported Tx Link speed: 866Mbps, Rx Link speed: 6Mbps, Max Supported Rx Link speed: 866Mbps, Frequency: 5240MHz, Net ID: 12, Metered hint: false, score: 60, isUsable: true, CarrierMerged: false, SubscriptionId: -1, IsPrimary: 1, Trusted: true, Restricted: false, Ephemeral: false, OEM paid: false, OEM private: false, OSU AP: false, FQDN: <none>, Provider friendly name: <none>, Requesting package name: <none>"ourhome"wpa2-pskMLO Information: , Is TID-To-Link negotiation supported by the AP: false, AP MLD Address: <none>, AP MLO Link Id: <none>, AP MLO Affiliated links: <none>
11-26 21:43:23.016  1795  2424 D WifiScoreCard: txRate: 8 txSpeed: 650
11-26 21:43:23.016  1795  2424 D WifiScoreCard: network update SIGNAL_POLL "ourhome" ID: 1499892569 RSSI -43 txSpeed 650
11-26 21:43:23.016  1795  2424 D WifiClientModeImpl[13802:wlan0]:  ClientModeImpl$L2ConnectedState screen=on 37 0 "ourhome" f4:6d:2f:12:cc:88 rssi=-43 f=5240 sc=60 link=650 tx=6.3, 1.4, 0.0 rx=3.9 bcn=3579513 [on:0 tx:0 rx:1 period:3012] from screen [on:948346 period:18968302] score=60
11-26 21:43:23.016  1795  2855 I WifiService: updateWifiUsabilityScore uid=10180 seqNum=96909 score=100 predictionHorizonSec=1441795
11-26 21:43:23.016  2513 14800 V WifiManager: TrafficStateCallbackProxy: onStateChanged state=0
11-26 21:43:23.017  1795  2424 D WifiScoreReport: Wifi scoring disabled - Notify that Wifi is usable
11-26 21:43:23.023  1795  2432 D ConnectivityService: NetReassign [no changes] [c 0] [a 0] [i 5]
11-26 21:43:23.048  1011  1189 I ASH     : @ 378255.220: tcs3701: stop power rail pending_off timer
11-26 21:43:23.048  1011  1189 D ASH     : @ 378255.220: tcs3701: start power rail timer, state:3
11-26 21:43:23.080  8427  8467 I BatteryMgr:DataCollectionService: stats => 1701031403078,10681,4445,2136,4169000,100
11-26 21:43:23.089  1011  1189 I ASH     : @ 378255.260: tcs3701: stop power rail pending_off timer
11-26 21:43:23.089  1011  1189 D ASH     : @ 378255.260: tcs3701: start power rail timer, state:3
11-26 21:43:23.114  1795  2855 D ActivityManager: freezer override set to true
11-26 21:43:23.123  1795  2855 D ActivityManager: freezer override set to false
11-26 21:43:23.128  1011  1189 I ASH     : @ 378255.300: tcs3701: stop power rail pending_off timer
11-26 21:43:23.128  1011  1189 D ASH     : @ 378255.300: tcs3701: start power rail timer, state:3
11-26 21:43:23.169  1011  1189 I ASH     : @ 378255.340: tcs3701: stop power rail pending_off timer
11-26 21:43:23.169  1011  1189 D ASH     : @ 378255.340: tcs3701: start power rail timer, state:3
11-26 21:43:23.185  8427  8467 I BatteryMgr:DataCollectionService: stats => 1701031403185,10681,4445,2136,4169000,100
11-26 21:43:23.210  1011  1189 I ASH     : @ 378255.380: tcs3701: stop power rail pending_off timer
11-26 21:43:23.210  1011  1189 D ASH     : @ 378255.380: tcs3701: start power rail timer, state:3
11-26 21:43:23.249  1011  1189 I ASH     : @ 378255.420: tcs3701: stop power rail pending_off timer
11-26 21:43:23.249  1011  1189 D ASH     : @ 378255.420: tcs3701: start power rail timer, state:3
11-26 21:43:23.288  1011  1189 I ASH     : @ 378255.460: tcs3701: stop power rail pending_off timer
11-26 21:43:23.289  1011  1189 D ASH     : @ 378255.460: tcs3701: start power rail timer, state:3
11-26 21:43:23.301  8427  8467 I BatteryMgr:DataCollectionService: stats => 1701031403300,10681,4445,2136,4169000,100
11-26 21:43:23.301  1795  2855 D ActivityManager: freezer override set to true
11-26 21:43:23.329  1011  1189 I ASH     : @ 378255.500: tcs3701: stop power rail pending_off timer
11-26 21:43:23.329  1011  1189 D ASH     : @ 378255.500: tcs3701: start power rail timer, state:3
11-26 21:43:23.368  1011  1189 I ASH     : @ 378255.540: tcs3701: stop power rail pending_off timer
11-26 21:43:23.368  1011  1189 D ASH     : @ 378255.540: tcs3701: start power rail timer, state:3
11-26 21:43:23.409  1011  1189 I ASH     : @ 378255.580: tcs3701: stop power rail pending_off timer
11-26 21:43:23.409  1011  1189 D ASH     : @ 378255.580: tcs3701: start power rail timer, state:3
11-26 21:43:23.418  8427  8467 I BatteryMgr:DataCollectionService: stats => 1701031403418,10681,4445,2136,4169000,100
11-26 21:43:23.424  2113  2118 I pixel-thermal: skin-therm-monitor: 39.092
11-26 21:43:23.449  1011  1189 I ASH     : @ 378255.620: tcs3701: stop power rail pending_off timer
11-26 21:43:23.449  1011  1189 D ASH     : @ 378255.620: tcs3701: start power rail timer, state:3
11-26 21:43:23.489  1011  1189 I ASH     : @ 378255.660: tcs3701: stop power rail pending_off timer
11-26 21:43:23.489  1011  1189 D ASH     : @ 378255.660: tcs3701: start power rail timer, state:3
11-26 21:43:23.524  8427  8467 I BatteryMgr:DataCollectionService: stats => 1701031403524,10681,4445,2136,4169000,100
11-26 21:43:23.529  1011  1189 I ASH     : @ 378255.700: tcs3701: stop power rail pending_off timer
11-26 21:43:23.529  1011  1189 D ASH     : @ 378255.700: tcs3701: start power rail timer, state:3
11-26 21:43:23.532 31267 31610 I m.chrome.canary: Explicit concurrent copying GC freed 4097(208KB) AllocSpace objects, 5(100KB) LOS objects, 75% free, 14MB/57MB, paused 201us,37us total 130.120ms
11-26 21:43:23.568  1011  1189 I ASH     : @ 378255.740: tcs3701: stop power rail pending_off timer
11-26 21:43:23.568  1011  1189 D ASH     : @ 378255.740: tcs3701: start power rail timer, state:3
11-26 21:43:23.609  1011  1189 I ASH     : @ 378255.780: tcs3701: stop power rail pending_off timer
11-26 21:43:23.609  1011  1189 D ASH     : @ 378255.780: tcs3701: start power rail timer, state:3
11-26 21:43:23.633  8427  8467 I BatteryMgr:DataCollectionService: stats => 1701031403633,10681,4445,2136,4169000,100
11-26 21:43:23.636  1795  2855 D ActivityManager: freezer override set to false
11-26 21:43:23.649  1011  1189 I ASH     : @ 378255.820: tcs3701: stop power rail pending_off timer
11-26 21:43:23.649  1011  1189 D ASH     : @ 378255.820: tcs3701: start power rail timer, state:3
11-26 21:43:23.688  1011  1189 I ASH     : @ 378255.860: tcs3701: stop power rail pending_off timer
11-26 21:43:23.689  1011  1189 D ASH     : @ 378255.860: tcs3701: start power rail timer, state:3
11-26 21:43:23.714  1795  2855 D ActivityManager: freezer override set to true
11-26 21:43:23.721  1795  2855 D ActivityManager: freezer override set to false
11-26 21:43:23.729  1011  1189 I ASH     : @ 378255.900: tcs3701: stop power rail pending_off timer
11-26 21:43:23.729  1011  1189 D ASH     : @ 378255.900: tcs3701: start power rail timer, state:3
11-26 21:43:23.744  8427  8467 I BatteryMgr:DataCollectionService: stats => 1701031403744,10681,4445,2136,4169000,100
11-26 21:43:23.769  1011  1189 I ASH     : @ 378255.940: tcs3701: stop power rail pending_off timer
11-26 21:43:23.769  1011  1189 D ASH     : @ 378255.940: tcs3701: start power rail timer, state:3
11-26 21:43:23.777  1795  2855 D ActivityManager: freezer override set to true
11-26 21:43:23.782  1795  2855 D ActivityManager: freezer override set to false
11-26 21:43:23.809  1011  1189 I ASH     : @ 378255.980: tcs3701: stop power rail pending_off timer
11-26 21:43:23.809  1011  1189 D ASH     : @ 378255.980: tcs3701: start power rail timer, state:3
11-26 21:43:23.848  1011  1189 I ASH     : @ 378256.020: tcs3701: stop power rail pending_off timer
11-26 21:43:23.849  1011  1189 D ASH     : @ 378256.020: tcs3701: start power rail timer, state:3
11-26 21:43:23.855  8427  8467 I BatteryMgr:DataCollectionService: stats => 1701031403855,10681,4445,2136,4169000,100
11-26 21:43:23.888  1011  1189 I ASH     : @ 378256.060: tcs3701: stop power rail pending_off timer
