11-26 21:36:40.001 26837 28269 W GmsStrictMode: android.os.strictmode.DiskReadViolation
11-26 21:36:40.001 26837 28269 W GmsStrictMode: 	at android.os.StrictMode$AndroidBlockGuardPolicy.onReadFromDisk(StrictMode.java:1658)
11-26 21:36:40.001 26837 28269 W GmsStrictMode: 	at libcore.io.BlockGuardOs.access(BlockGuardOs.java:74)
11-26 21:36:40.001 26837 28269 W GmsStrictMode: 	at libcore.io.ForwardingOs.access(ForwardingOs.java:128)
11-26 21:36:40.001 26837 28269 W GmsStrictMode: 	at android.app.ActivityThread$AndroidOs.access(ActivityThread.java:7795)
11-26 21:36:40.001 26837 28269 W GmsStrictMode: 	at java.io.UnixFileSystem.checkAccess(UnixFileSystem.java:313)
11-26 21:36:40.001 26837 28269 W GmsStrictMode: 	at java.io.File.exists(File.java:813)
11-26 21:36:40.001 26837 28269 W GmsStrictMode: 	at android.app.ContextImpl.getDataDir(ContextImpl.java:2962)
11-26 21:36:40.001 26837 28269 W GmsStrictMode: 	at android.app.ContextImpl.getFilesDir(ContextImpl.java:793)
11-26 21:36:40.001 26837 28269 W GmsStrictMode: 	at android.content.ContextWrapper.getFilesDir(ContextWrapper.java:282)
11-26 21:36:40.001 26837 28269 W GmsStrictMode: 	at android.content.ContextWrapper.getFilesDir(ContextWrapper.java:282)
11-26 21:36:40.001 26837 28269 W GmsStrictMode: 	at android.content.ContextWrapper.getFilesDir(ContextWrapper.java:282)
11-26 21:36:40.001 26837 28269 W GmsStrictMode: 	at android.content.ContextWrapper.getFilesDir(ContextWrapper.java:282)
11-26 21:36:40.001 26837 28269 W GmsStrictMode: 	at yux.<init>(:com.google.android.gms@234414038@23.44.14 (190400-580326705):6)
11-26 21:36:40.001 26837 28269 W GmsStrictMode: 	at ngy.<init>(:com.google.android.gms@234414038@23.44.14 (190400-580326705):3)
11-26 21:36:40.001 26837 28269 W GmsStrictMode: 	at com.google.android.gms.auth.ChimeraGetToken.onCreate(:com.google.android.gms@234414038@23.44.14 (190400-580326705):3)
11-26 21:36:40.001 26837 28269 W GmsStrictMode: 	at nnb.onCreate(:com.google.android.gms@234414038@23.44.14 (190400-580326705):18)
11-26 21:36:40.001 26837 28269 W GmsStrictMode: 	at ages.onCreate(:com.google.android.gms@234414038@23.44.14 (190400-580326705):16)
11-26 21:36:40.001 26837 28269 W GmsStrictMode: 	at android.app.ActivityThread.handleCreateService(ActivityThread.java:4485)
11-26 21:36:40.001 26837 28269 W GmsStrictMode: 	at android.app.ActivityThread.-$$Nest$mhandleCreateService(Unknown Source:0)
11-26 21:36:40.001 26837 28269 W GmsStrictMode: 	at android.app.ActivityThread$H.handleMessage(ActivityThread.java:2160)
11-26 21:36:40.001 26837 28269 W GmsStrictMode: 	at android.os.Handler.dispatchMessage(Handler.java:106)
11-26 21:36:40.001 26837 28269 W GmsStrictMode: 	at android.os.Looper.loopOnce(Looper.java:201)
11-26 21:36:40.001 26837 28269 W GmsStrictMode: 	at android.os.Looper.loop(Looper.java:288)
11-26 21:36:40.001 26837 28269 W GmsStrictMode: 	at android.app.ActivityThread.main(ActivityThread.java:7918)
11-26 21:36:40.001 26837 28269 W GmsStrictMode: 	at java.lang.reflect.Method.invoke(Native Method)
11-26 21:36:40.001 26837 28269 W GmsStrictMode: 	at com.android.internal.os.RuntimeInit$MethodAndArgsCaller.run(RuntimeInit.java:548)
11-26 21:36:40.001 26837 28269 W GmsStrictMode: 	at com.android.internal.os.ZygoteInit.main(ZygoteInit.java:936)
11-26 21:36:40.001 26837 28269 W GmsStrictMode: DISK_READ [CONTEXT service_id=256 ]
11-26 21:36:40.001 26837 28269 W GmsStrictMode: android.os.strictmode.DiskReadViolation
11-26 21:36:40.001 26837 28269 W GmsStrictMode: 	at android.os.StrictMode$AndroidBlockGuardPolicy.onReadFromDisk(StrictMode.java:1658)
11-26 21:36:40.001 26837 28269 W GmsStrictMode: 	at libcore.io.BlockGuardOs.access(BlockGuardOs.java:74)
11-26 21:36:40.001 26837 28269 W GmsStrictMode: 	at libcore.io.ForwardingOs.access(ForwardingOs.java:128)
11-26 21:36:40.001 26837 28269 W GmsStrictMode: 	at android.app.ActivityThread$AndroidOs.access(ActivityThread.java:7795)
11-26 21:36:40.001 26837 28269 W GmsStrictMode: 	at java.io.UnixFileSystem.checkAccess(UnixFileSystem.java:313)
11-26 21:36:40.001 26837 28269 W GmsStrictMode: 	at java.io.File.exists(File.java:813)
11-26 21:36:40.001 26837 28269 W GmsStrictMode: 	at android.app.ContextImpl.ensurePrivateDirExists(ContextImpl.java:759)
11-26 21:36:40.001 26837 28269 W GmsStrictMode: 	at android.app.ContextImpl.ensurePrivateDirExists(ContextImpl.java:750)
11-26 21:36:40.001 26837 28269 W GmsStrictMode: 	at android.app.ContextImpl.getFilesDir(ContextImpl.java:795)
11-26 21:36:40.001 26837 28269 W GmsStrictMode: 	at android.content.ContextWrapper.getFilesDir(ContextWrapper.java:282)
11-26 21:36:40.001 26837 28269 W GmsStrictMode: 	at android.content.ContextWrapper.getFilesDir(ContextWrapper.java:282)
11-26 21:36:40.001 26837 28269 W GmsStrictMode: 	at android.content.ContextWrapper.getFilesDir(ContextWrapper.java:282)
11-26 21:36:40.001 26837 28269 W GmsStrictMode: 	at android.content.ContextWrapper.getFilesDir(ContextWrapper.java:282)
11-26 21:36:40.001 26837 28269 W GmsStrictMode: 	at yux.<init>(:com.google.android.gms@234414038@23.44.14 (190400-580326705):6)
11-26 21:36:40.001 26837 28269 W GmsStrictMode: 	at ngy.<init>(:com.google.android.gms@234414038@23.44.14 (190400-580326705):3)
11-26 21:36:40.001 26837 28269 W GmsStrictMode: 	at com.google.android.gms.auth.ChimeraGetToken.onCreate(:com.google.android.gms@234414038@23.44.14 (190400-580326705):3)
11-26 21:36:40.001 26837 28269 W GmsStrictMode: 	at nnb.onCreate(:com.google.android.gms@234414038@23.44.14 (190400-580326705):18)
11-26 21:36:40.001 26837 28269 W GmsStrictMode: 	at ages.onCreate(:com.google.android.gms@234414038@23.44.14 (190400-580326705):16)
11-26 21:36:40.001 26837 28269 W GmsStrictMode: 	at android.app.ActivityThread.handleCreateService(ActivityThread.java:4485)
11-26 21:36:40.001 26837 28269 W GmsStrictMode: 	at android.app.ActivityThread.-$$Nest$mhandleCreateService(Unknown Source:0)
11-26 21:36:40.001 26837 28269 W GmsStrictMode: 	at android.app.ActivityThread$H.handleMessage(ActivityThread.java:2160)
11-26 21:36:40.001 26837 28269 W GmsStrictMode: 	at android.os.Handler.dispatchMessage(Handler.java:106)
11-26 21:36:40.001 26837 28269 W GmsStrictMode: 	at android.os.Looper.loopOnce(Looper.java:201)
11-26 21:36:40.001 26837 28269 W GmsStrictMode: 	at android.os.Looper.loop(Looper.java:288)
11-26 21:36:40.001 26837 28269 W GmsStrictMode: 	at android.app.ActivityThread.main(ActivityThread.java:7918)
11-26 21:36:40.001 26837 28269 W GmsStrictMode: 	at java.lang.reflect.Method.invoke(Native Method)
11-26 21:36:40.001 26837 28269 W GmsStrictMode: 	at com.android.internal.os.RuntimeInit$MethodAndArgsCaller.run(RuntimeInit.java:548)
11-26 21:36:40.001 26837 28269 W GmsStrictMode: 	at com.android.internal.os.ZygoteInit.main(ZygoteInit.java:936)
11-26 21:36:40.005 26837 28269 W GmsStrictMode: DISK_READ [CONTEXT service_id=256 ]
11-26 21:36:40.005 26837 28269 W GmsStrictMode: android.os.strictmode.DiskReadViolation
11-26 21:36:40.005 26837 28269 W GmsStrictMode: 	at android.os.StrictMode$AndroidBlockGuardPolicy.onReadFromDisk(StrictMode.java:1658)
11-26 21:36:40.005 26837 28269 W GmsStrictMode: 	at libcore.io.BlockGuardOs.access(BlockGuardOs.java:74)
11-26 21:36:40.005 26837 28269 W GmsStrictMode: 	at libcore.io.ForwardingOs.access(ForwardingOs.java:128)
11-26 21:36:40.005 26837 28269 W GmsStrictMode: 	at android.app.ActivityThread$AndroidOs.access(ActivityThread.java:7795)
11-26 21:36:40.005 26837 28269 W GmsStrictMode: 	at java.io.UnixFileSystem.checkAccess(UnixFileSystem.java:313)
11-26 21:36:40.005 26837 28269 W GmsStrictMode: 	at java.io.File.exists(File.java:813)
11-26 21:36:40.005 26837 28269 W GmsStrictMode: 	at android.app.ContextImpl.ensurePrivateDirExists(ContextImpl.java:759)
11-26 21:36:40.005 26837 28269 W GmsStrictMode: 	at android.app.ContextImpl.ensurePrivateDirExists(ContextImpl.java:750)
11-26 21:36:40.005 26837 28269 W GmsStrictMode: 	at android.app.ContextImpl.getFilesDir(ContextImpl.java:795)
11-26 21:36:40.005 26837 28269 W GmsStrictMode: 	at android.content.ContextWrapper.getFilesDir(ContextWrapper.java:282)
11-26 21:36:40.005 26837 28269 W GmsStrictMode: 	at android.content.ContextWrapper.getFilesDir(ContextWrapper.java:282)
11-26 21:36:40.005 26837 28269 W GmsStrictMode: 	at android.content.ContextWrapper.getFilesDir(ContextWrapper.java:282)
11-26 21:36:40.005 26837 28269 W GmsStrictMode: 	at yux.<init>(:com.google.android.gms@234414038@23.44.14 (190400-580326705):6)
11-26 21:36:40.005 26837 28269 W GmsStrictMode: 	at srw.<init>(:com.google.android.gms@234414038@23.44.14 (190400-580326705):33)
11-26 21:36:40.005 26837 28269 W GmsStrictMode: 	at sru.<init>(:com.google.android.gms@234414038@23.44.14 (190400-580326705):31)
11-26 21:36:40.005 26837 28269 W GmsStrictMode: 	at ngy.<init>(:com.google.android.gms@234414038@23.44.14 (190400-580326705):6)
11-26 21:36:40.005 26837 28269 W GmsStrictMode: 	at com.google.android.gms.auth.ChimeraGetToken.onCreate(:com.google.android.gms@234414038@23.44.14 (190400-580326705):3)
11-26 21:36:40.005 26837 28269 W GmsStrictMode: 	at nnb.onCreate(:com.google.android.gms@234414038@23.44.14 (190400-580326705):18)
11-26 21:36:40.005 26837 28269 W GmsStrictMode: 	at ages.onCreate(:com.google.android.gms@234414038@23.44.14 (190400-580326705):16)
11-26 21:36:40.005 26837 28269 W GmsStrictMode: 	at android.app.ActivityThread.handleCreateService(ActivityThread.java:4485)
11-26 21:36:40.005 26837 28269 W GmsStrictMode: 	at android.app.ActivityThread.-$$Nest$mhandleCreateService(Unknown Source:0)
11-26 21:36:40.005 26837 28269 W GmsStrictMode: 	at android.app.ActivityThread$H.handleMessage(ActivityThread.java:2160)
11-26 21:36:40.005 26837 28269 W GmsStrictMode: 	at android.os.Handler.dispatchMessage(Handler.java:106)
11-26 21:36:40.005 26837 28269 W GmsStrictMode: 	at android.os.Looper.loopOnce(Looper.java:201)
11-26 21:36:40.005 26837 28269 W GmsStrictMode: 	at android.os.Looper.loop(Looper.java:288)
11-26 21:36:40.005 26837 28269 W GmsStrictMode: 	at android.app.ActivityThread.main(ActivityThread.java:7918)
11-26 21:36:40.005 26837 28269 W GmsStrictMode: 	at java.lang.reflect.Method.invoke(Native Method)
11-26 21:36:40.005 26837 28269 W GmsStrictMode: 	at com.android.internal.os.RuntimeInit$MethodAndArgsCaller.run(RuntimeInit.java:548)
11-26 21:36:40.005 26837 28269 W GmsStrictMode: 	at com.android.internal.os.ZygoteInit.main(ZygoteInit.java:936)
11-26 21:36:40.006 26837 28269 W GmsStrictMode: DISK_READ [CONTEXT service_id=256 ]
11-26 21:36:40.006 26837 28269 W GmsStrictMode: android.os.strictmode.DiskReadViolation
11-26 21:36:40.006 26837 28269 W GmsStrictMode: 	at android.os.StrictMode$AndroidBlockGuardPolicy.onReadFromDisk(StrictMode.java:1658)
11-26 21:36:40.006 26837 28269 W GmsStrictMode: 	at libcore.io.BlockGuardOs.access(BlockGuardOs.java:74)
11-26 21:36:40.006 26837 28269 W GmsStrictMode: 	at libcore.io.ForwardingOs.access(ForwardingOs.java:128)
11-26 21:36:40.006 26837 28269 W GmsStrictMode: 	at android.app.ActivityThread$AndroidOs.access(ActivityThread.java:7795)
11-26 21:36:40.006 26837 28269 W GmsStrictMode: 	at java.io.UnixFileSystem.checkAccess(UnixFileSystem.java:313)
11-26 21:36:40.006 26837 28269 W GmsStrictMode: 	at java.io.File.exists(File.java:813)
11-26 21:36:40.006 26837 28269 W GmsStrictMode: 	at android.app.ContextImpl.ensurePrivateDirExists(ContextImpl.java:759)
11-26 21:36:40.006 26837 28269 W GmsStrictMode: 	at android.app.ContextImpl.ensurePrivateDirExists(ContextImpl.java:750)
11-26 21:36:40.006 26837 28269 W GmsStrictMode: 	at android.app.ContextImpl.getFilesDir(ContextImpl.java:795)
11-26 21:36:40.006 26837 28269 W GmsStrictMode: 	at android.content.ContextWrapper.getFilesDir(ContextWrapper.java:282)
11-26 21:36:40.006 26837 28269 W GmsStrictMode: 	at android.content.ContextWrapper.getFilesDir(ContextWrapper.java:282)
11-26 21:36:40.006 26837 28269 W GmsStrictMode: 	at android.content.ContextWrapper.getFilesDir(ContextWrapper.java:282)
11-26 21:36:40.006 26837 28269 W GmsStrictMode: 	at yux.<init>(:com.google.android.gms@234414038@23.44.14 (190400-580326705):6)
11-26 21:36:40.006 26837 28269 W GmsStrictMode: 	at sru.<init>(:com.google.android.gms@234414038@23.44.14 (190400-580326705):139)
11-26 21:36:40.006 26837 28269 W GmsStrictMode: 	at ngy.<init>(:com.google.android.gms@234414038@23.44.14 (190400-580326705):6)
11-26 21:36:40.006 26837 28269 W GmsStrictMode: 	at com.google.android.gms.auth.ChimeraGetToken.onCreate(:com.google.android.gms@234414038@23.44.14 (190400-580326705):3)
11-26 21:36:40.006 26837 28269 W GmsStrictMode: 	at nnb.onCreate(:com.google.android.gms@234414038@23.44.14 (190400-580326705):18)
11-26 21:36:40.006 26837 28269 W GmsStrictMode: 	at ages.onCreate(:com.google.android.gms@234414038@23.44.14 (190400-580326705):16)
11-26 21:36:40.006 26837 28269 W GmsStrictMode: 	at android.app.ActivityThread.handleCreateService(ActivityThread.java:4485)
11-26 21:36:40.006 26837 28269 W GmsStrictMode: 	at android.app.ActivityThread.-$$Nest$mhandleCreateService(Unknown Source:0)
11-26 21:36:40.006 26837 28269 W GmsStrictMode: 	at android.app.ActivityThread$H.handleMessage(ActivityThread.java:2160)
11-26 21:36:40.006 26837 28269 W GmsStrictMode: 	at android.os.Handler.dispatchMessage(Handler.java:106)
11-26 21:36:40.006 26837 28269 W GmsStrictMode: 	at android.os.Looper.loopOnce(Looper.java:201)
11-26 21:36:40.006 26837 28269 W GmsStrictMode: 	at android.os.Looper.loop(Looper.java:288)
11-26 21:36:40.006 26837 28269 W GmsStrictMode: 	at android.app.ActivityThread.main(ActivityThread.java:7918)
11-26 21:36:40.006 26837 28269 W GmsStrictMode: 	at java.lang.reflect.Method.invoke(Native Method)
11-26 21:36:40.006 26837 28269 W GmsStrictMode: 	at com.android.internal.os.RuntimeInit$MethodAndArgsCaller.run(RuntimeInit.java:548)
11-26 21:36:40.006 26837 28269 W GmsStrictMode: 	at com.android.internal.os.ZygoteInit.main(ZygoteInit.java:936)
11-26 21:36:40.010 26837 26837 E AbstractGmsTracer: Traced class shouldn't be obfuscated: GoogleAccountAuthenticatorChimeraService [CONTEXT service_id=259 ]
11-26 21:36:40.018 26837 28269 W GmsStrictMode: DISK_READ [CONTEXT service_id=256 ]
11-26 21:36:40.018 26837 28269 W GmsStrictMode: android.os.strictmode.DiskReadViolation
11-26 21:36:40.018 26837 28269 W GmsStrictMode: 	at android.os.StrictMode$AndroidBlockGuardPolicy.onReadFromDisk(StrictMode.java:1658)
11-26 21:36:40.018 26837 28269 W GmsStrictMode: 	at libcore.io.BlockGuardOs.access(BlockGuardOs.java:74)
11-26 21:36:40.018 26837 28269 W GmsStrictMode: 	at libcore.io.ForwardingOs.access(ForwardingOs.java:128)
11-26 21:36:40.018 26837 28269 W GmsStrictMode: 	at android.app.ActivityThread$AndroidOs.access(ActivityThread.java:7795)
11-26 21:36:40.018 26837 28269 W GmsStrictMode: 	at java.io.UnixFileSystem.checkAccess(UnixFileSystem.java:313)
11-26 21:36:40.018 26837 28269 W GmsStrictMode: 	at java.io.File.exists(File.java:813)
11-26 21:36:40.018 26837 28269 W GmsStrictMode: 	at android.app.ContextImpl.getDataDir(ContextImpl.java:2962)
11-26 21:36:40.018 26837 28269 W GmsStrictMode: 	at android.app.ContextImpl.getFilesDir(ContextImpl.java:793)
11-26 21:36:40.018 26837 28269 W GmsStrictMode: 	at android.content.ContextWrapper.getFilesDir(ContextWrapper.java:282)
11-26 21:36:40.018 26837 28269 W GmsStrictMode: 	at android.content.ContextWrapper.getFilesDir(ContextWrapper.java:282)
11-26 21:36:40.018 26837 28269 W GmsStrictMode: 	at android.content.ContextWrapper.getFilesDir(ContextWrapper.java:282)
11-26 21:36:40.018 26837 28269 W GmsStrictMode: 	at android.content.ContextWrapper.getFilesDir(ContextWrapper.java:282)
11-26 21:36:40.018 26837 28269 W GmsStrictMode: 	at yux.<init>(:com.google.android.gms@234414038@23.44.14 (190400-580326705):6)
11-26 21:36:40.018 26837 28269 W GmsStrictMode: 	at ngy.<init>(:com.google.android.gms@234414038@23.44.14 (190400-580326705):3)
11-26 21:36:40.018 26837 28269 W GmsStrictMode: 	at spz.<init>(:com.google.android.gms@234414038@23.44.14 (190400-580326705):44)
11-26 21:36:40.018 26837 28269 W GmsStrictMode: 	at sqa.onCreate(:com.google.android.gms@234414038@23.44.14 (190400-580326705):6)
11-26 21:36:40.018 26837 28269 W GmsStrictMode: 	at nnb.onCreate(:com.google.android.gms@234414038@23.44.14 (190400-580326705):18)
11-26 21:36:40.018 26837 28269 W GmsStrictMode: 	at ages.onCreate(:com.google.android.gms@234414038@23.44.14 (190400-580326705):16)
11-26 21:36:40.018 26837 28269 W GmsStrictMode: 	at android.app.ActivityThread.handleCreateService(ActivityThread.java:4485)
11-26 21:36:40.018 26837 28269 W GmsStrictMode: 	at android.app.ActivityThread.-$$Nest$mhandleCreateService(Unknown Source:0)
11-26 21:36:40.018 26837 28269 W GmsStrictMode: 	at android.app.ActivityThread$H.handleMessage(ActivityThread.java:2160)
11-26 21:36:40.018 26837 28269 W GmsStrictMode: 	at android.os.Handler.dispatchMessage(Handler.java:106)
11-26 21:36:40.018 26837 28269 W GmsStrictMode: 	at android.os.Looper.loopOnce(Looper.java:201)
11-26 21:36:40.018 26837 28269 W GmsStrictMode: 	at android.os.Looper.loop(Looper.java:288)
11-26 21:36:40.018 26837 28269 W GmsStrictMode: 	at android.app.ActivityThread.main(ActivityThread.java:7918)
11-26 21:36:40.018 26837 28269 W GmsStrictMode: 	at java.lang.reflect.Method.invoke(Native Method)
11-26 21:36:40.018 26837 28269 W GmsStrictMode: 	at com.android.internal.os.RuntimeInit$MethodAndArgsCaller.run(RuntimeInit.java:548)
11-26 21:36:40.018 26837 28269 W GmsStrictMode: 	at com.android.internal.os.ZygoteInit.main(ZygoteInit.java:936)
11-26 21:36:40.019 26837 28269 W GmsStrictMode: DISK_READ [CONTEXT service_id=256 ]
11-26 21:36:40.019 26837 28269 W GmsStrictMode: android.os.strictmode.DiskReadViolation
11-26 21:36:40.019 26837 28269 W GmsStrictMode: 	at android.os.StrictMode$AndroidBlockGuardPolicy.onReadFromDisk(StrictMode.java:1658)
11-26 21:36:40.019 26837 28269 W GmsStrictMode: 	at libcore.io.BlockGuardOs.access(BlockGuardOs.java:74)
11-26 21:36:40.019 26837 28269 W GmsStrictMode: 	at libcore.io.ForwardingOs.access(ForwardingOs.java:128)
11-26 21:36:40.019 26837 28269 W GmsStrictMode: 	at android.app.ActivityThread$AndroidOs.access(ActivityThread.java:7795)
11-26 21:36:40.019 26837 28269 W GmsStrictMode: 	at java.io.UnixFileSystem.checkAccess(UnixFileSystem.java:313)
11-26 21:36:40.019 26837 28269 W GmsStrictMode: 	at java.io.File.exists(File.java:813)
11-26 21:36:40.019 26837 28269 W GmsStrictMode: 	at android.app.ContextImpl.ensurePrivateDirExists(ContextImpl.java:759)
11-26 21:36:40.019 26837 28269 W GmsStrictMode: 	at android.app.ContextImpl.ensurePrivateDirExists(ContextImpl.java:750)
11-26 21:36:40.019 26837 28269 W GmsStrictMode: 	at android.app.ContextImpl.getFilesDir(ContextImpl.java:795)
11-26 21:36:40.019 26837 28269 W GmsStrictMode: 	at android.content.ContextWrapper.getFilesDir(ContextWrapper.java:282)
11-26 21:36:40.019 26837 28269 W GmsStrictMode: 	at android.content.ContextWrapper.getFilesDir(ContextWrapper.java:282)
11-26 21:36:40.019 26837 28269 W GmsStrictMode: 	at android.content.ContextWrapper.getFilesDir(ContextWrapper.java:282)
11-26 21:36:40.019 26837 28269 W GmsStrictMode: 	at android.content.ContextWrapper.getFilesDir(ContextWrapper.java:282)
11-26 21:36:40.019 26837 28269 W GmsStrictMode: 	at yux.<init>(:com.google.android.gms@234414038@23.44.14 (190400-580326705):6)
11-26 21:36:40.019 26837 28269 W GmsStrictMode: 	at ngy.<init>(:com.google.android.gms@234414038@23.44.14 (190400-580326705):3)
11-26 21:36:40.019 26837 28269 W GmsStrictMode: 	at spz.<init>(:com.google.android.gms@234414038@23.44.14 (190400-580326705):44)
11-26 21:36:40.019 26837 28269 W GmsStrictMode: 	at sqa.onCreate(:com.google.android.gms@234414038@23.44.14 (190400-580326705):6)
11-26 21:36:40.019 26837 28269 W GmsStrictMode: 	at nnb.onCreate(:com.google.android.gms@234414038@23.44.14 (190400-580326705):18)
11-26 21:36:40.019 26837 28269 W GmsStrictMode: 	at ages.onCreate(:com.google.android.gms@234414038@23.44.14 (190400-580326705):16)
11-26 21:36:40.019 26837 28269 W GmsStrictMode: 	at android.app.ActivityThread.handleCreateService(ActivityThread.java:4485)
11-26 21:36:40.019 26837 28269 W GmsStrictMode: 	at android.app.ActivityThread.-$$Nest$mhandleCreateService(Unknown Source:0)
11-26 21:36:40.019 26837 28269 W GmsStrictMode: 	at android.app.ActivityThread$H.handleMessage(ActivityThread.java:2160)
11-26 21:36:40.019 26837 28269 W GmsStrictMode: 	at android.os.Handler.dispatchMessage(Handler.java:106)
11-26 21:36:40.019 26837 28269 W GmsStrictMode: 	at android.os.Looper.loopOnce(Looper.java:201)
11-26 21:36:40.019 26837 28269 W GmsStrictMode: 	at android.os.Looper.loop(Looper.java:288)
11-26 21:36:40.019 26837 28269 W GmsStrictMode: 	at android.app.ActivityThread.main(ActivityThread.java:7918)
11-26 21:36:40.019 26837 28269 W GmsStrictMode: 	at java.lang.reflect.Method.invoke(Native Method)
11-26 21:36:40.019 26837 28269 W GmsStrictMode: 	at com.android.internal.os.RuntimeInit$MethodAndArgsCaller.run(RuntimeInit.java:548)
11-26 21:36:40.019 26837 28269 W GmsStrictMode: 	at com.android.internal.os.ZygoteInit.main(ZygoteInit.java:936)
11-26 21:36:40.019 26837 28269 W GmsStrictMode: DISK_READ [CONTEXT service_id=256 ]
11-26 21:36:40.019 26837 28269 W GmsStrictMode: android.os.strictmode.DiskReadViolation
11-26 21:36:40.019 26837 28269 W GmsStrictMode: 	at android.os.StrictMode$AndroidBlockGuardPolicy.onReadFromDisk(StrictMode.java:1658)
11-26 21:36:40.019 26837 28269 W GmsStrictMode: 	at libcore.io.BlockGuardOs.access(BlockGuardOs.java:74)
11-26 21:36:40.019 26837 28269 W GmsStrictMode: 	at libcore.io.ForwardingOs.access(ForwardingOs.java:128)
11-26 21:36:40.019 26837 28269 W GmsStrictMode: 	at android.app.ActivityThread$AndroidOs.access(ActivityThread.java:7795)
11-26 21:36:40.019 26837 28269 W GmsStrictMode: 	at java.io.UnixFileSystem.checkAccess(UnixFileSystem.java:313)
11-26 21:36:40.019 26837 28269 W GmsStrictMode: 	at java.io.File.exists(File.java:813)
11-26 21:36:40.019 26837 28269 W GmsStrictMode: 	at android.app.ContextImpl.ensurePrivateDirExists(ContextImpl.java:759)
11-26 21:36:40.019 26837 28269 W GmsStrictMode: 	at android.app.ContextImpl.ensurePrivateDirExists(ContextImpl.java:750)
11-26 21:36:40.019 26837 28269 W GmsStrictMode: 	at android.app.ContextImpl.getFilesDir(ContextImpl.java:795)
11-26 21:36:40.019 26837 28269 W GmsStrictMode: 	at android.content.ContextWrapper.getFilesDir(ContextWrapper.java:282)
11-26 21:36:40.019 26837 28269 W GmsStrictMode: 	at android.content.ContextWrapper.getFilesDir(ContextWrapper.java:282)
11-26 21:36:40.019 26837 28269 W GmsStrictMode: 	at android.content.ContextWrapper.getFilesDir(ContextWrapper.java:282)
11-26 21:36:40.019 26837 28269 W GmsStrictMode: 	at yux.<init>(:com.google.android.gms@234414038@23.44.14 (190400-580326705):6)
11-26 21:36:40.019 26837 28269 W GmsStrictMode: 	at srw.<init>(:com.google.android.gms@234414038@23.44.14 (190400-580326705):33)
11-26 21:36:40.019 26837 28269 W GmsStrictMode: 	at sru.<init>(:com.google.android.gms@234414038@23.44.14 (190400-580326705):31)
11-26 21:36:40.019 26837 28269 W GmsStrictMode: 	at ngy.<init>(:com.google.android.gms@234414038@23.44.14 (190400-580326705):6)
11-26 21:36:40.019 26837 28269 W GmsStrictMode: 	at spz.<init>(:com.google.android.gms@234414038@23.44.14 (190400-580326705):44)
11-26 21:36:40.019 26837 28269 W GmsStrictMode: 	at sqa.onCreate(:com.google.android.gms@234414038@23.44.14 (190400-580326705):6)
11-26 21:36:40.019 26837 28269 W GmsStrictMode: 	at nnb.onCreate(:com.google.android.gms@234414038@23.44.14 (190400-580326705):18)
11-26 21:36:40.019 26837 28269 W GmsStrictMode: 	at ages.onCreate(:com.google.android.gms@234414038@23.44.14 (190400-580326705):16)
11-26 21:36:40.019 26837 28269 W GmsStrictMode: 	at android.app.ActivityThread.handleCreateService(ActivityThread.java:4485)
11-26 21:36:40.019 26837 28269 W GmsStrictMode: 	at android.app.ActivityThread.-$$Nest$mhandleCreateService(Unknown Source:0)
11-26 21:36:40.019 26837 28269 W GmsStrictMode: 	at android.app.ActivityThread$H.handleMessage(ActivityThread.java:2160)
11-26 21:36:40.019 26837 28269 W GmsStrictMode: 	at android.os.Handler.dispatchMessage(Handler.java:106)
11-26 21:36:40.019 26837 28269 W GmsStrictMode: 	at android.os.Looper.loopOnce(Looper.java:201)
11-26 21:36:40.019 26837 28269 W GmsStrictMode: 	at android.os.Looper.loop(Looper.java:288)
11-26 21:36:40.019 26837 28269 W GmsStrictMode: 	at android.app.ActivityThread.main(ActivityThread.java:7918)
11-26 21:36:40.019 26837 28269 W GmsStrictMode: 	at java.lang.reflect.Method.invoke(Native Method)
11-26 21:36:40.019 26837 28269 W GmsStrictMode: 	at com.android.internal.os.RuntimeInit$MethodAndArgsCaller.run(RuntimeInit.java:548)
11-26 21:36:40.019 26837 28269 W GmsStrictMode: 	at com.android.internal.os.ZygoteInit.main(ZygoteInit.java:936)
11-26 21:36:40.019 26837 28269 W GmsStrictMode: DISK_READ [CONTEXT service_id=256 ]
11-26 21:36:40.019 26837 28269 W GmsStrictMode: android.os.strictmode.DiskReadViolation
11-26 21:36:40.019 26837 28269 W GmsStrictMode: 	at android.os.StrictMode$AndroidBlockGuardPolicy.onReadFromDisk(StrictMode.java:1658)
11-26 21:36:40.019 26837 28269 W GmsStrictMode: 	at libcore.io.BlockGuardOs.access(BlockGuardOs.java:74)
11-26 21:36:40.019 26837 28269 W GmsStrictMode: 	at libcore.io.ForwardingOs.access(ForwardingOs.java:128)
11-26 21:36:40.019 26837 28269 W GmsStrictMode: 	at android.app.ActivityThread$AndroidOs.access(ActivityThread.java:7795)
11-26 21:36:40.019 26837 28269 W GmsStrictMode: 	at java.io.UnixFileSystem.checkAccess(UnixFileSystem.java:313)
11-26 21:36:40.019 26837 28269 W GmsStrictMode: 	at java.io.File.exists(File.java:813)
11-26 21:36:40.019 26837 28269 W GmsStrictMode: 	at android.app.ContextImpl.ensurePrivateDirExists(ContextImpl.java:759)
11-26 21:36:40.019 26837 28269 W GmsStrictMode: 	at android.app.ContextImpl.ensurePrivateDirExists(ContextImpl.java:750)
11-26 21:36:40.019 26837 28269 W GmsStrictMode: 	at android.app.ContextImpl.getFilesDir(ContextImpl.java:795)
11-26 21:36:40.019 26837 28269 W GmsStrictMode: 	at android.content.ContextWrapper.getFilesDir(ContextWrapper.java:282)
11-26 21:36:40.019 26837 28269 W GmsStrictMode: 	at android.content.ContextWrapper.getFilesDir(ContextWrapper.java:282)
11-26 21:36:40.019 26837 28269 W GmsStrictMode: 	at android.content.ContextWrapper.getFilesDir(ContextWrapper.java:282)
11-26 21:36:40.019 26837 28269 W GmsStrictMode: 	at yux.<init>(:com.google.android.gms@234414038@23.44.14 (190400-580326705):6)
11-26 21:36:40.019 26837 28269 W GmsStrictMode: 	at sru.<init>(:com.google.android.gms@234414038@23.44.14 (190400-580326705):139)
11-26 21:36:40.019 26837 28269 W GmsStrictMode: 	at ngy.<init>(:com.google.android.gms@234414038@23.44.14 (190400-580326705):6)
11-26 21:36:40.019 26837 28269 W GmsStrictMode: 	at spz.<init>(:com.google.android.gms@234414038@23.44.14 (190400-580326705):44)
11-26 21:36:40.019 26837 28269 W GmsStrictMode: 	at sqa.onCreate(:com.google.android.gms@234414038@23.44.14 (190400-580326705):6)
11-26 21:36:40.019 26837 28269 W GmsStrictMode: 	at nnb.onCreate(:com.google.android.gms@234414038@23.44.14 (190400-580326705):18)
11-26 21:36:40.019 26837 28269 W GmsStrictMode: 	at ages.onCreate(:com.google.android.gms@234414038@23.44.14 (190400-580326705):16)
11-26 21:36:40.019 26837 28269 W GmsStrictMode: 	at android.app.ActivityThread.handleCreateService(ActivityThread.java:4485)
11-26 21:36:40.019 26837 28269 W GmsStrictMode: 	at android.app.ActivityThread.-$$Nest$mhandleCreateService(Unknown Source:0)
11-26 21:36:40.019 26837 28269 W GmsStrictMode: 	at android.app.ActivityThread$H.handleMessage(ActivityThread.java:2160)
11-26 21:36:40.019 26837 28269 W GmsStrictMode: 	at android.os.Handler.dispatchMessage(Handler.java:106)
11-26 21:36:40.019 26837 28269 W GmsStrictMode: 	at android.os.Looper.loopOnce(Looper.java:201)
11-26 21:36:40.019 26837 28269 W GmsStrictMode: 	at android.os.Looper.loop(Looper.java:288)
11-26 21:36:40.019 26837 28269 W GmsStrictMode: 	at android.app.ActivityThread.main(ActivityThread.java:7918)
11-26 21:36:40.019 26837 28269 W GmsStrictMode: 	at java.lang.reflect.Method.invoke(Native Method)
11-26 21:36:40.019 26837 28269 W GmsStrictMode: 	at com.android.internal.os.RuntimeInit$MethodAndArgsCaller.run(RuntimeInit.java:548)
11-26 21:36:40.019 26837 28269 W GmsStrictMode: 	at com.android.internal.os.ZygoteInit.main(ZygoteInit.java:936)
11-26 21:36:40.022  1011  1189 I ASH     : @ 377852.193: tcs3701: stop power rail pending_off timer
11-26 21:36:40.022  1011  1189 D ASH     : @ 377852.193: tcs3701: start power rail timer, state:3
11-26 21:36:40.062  1011  1189 I ASH     : @ 377852.233: tcs3701: stop power rail pending_off timer
11-26 21:36:40.062  1011  1189 D ASH     : @ 377852.233: tcs3701: start power rail timer, state:3
11-26 21:36:40.067  8427  8469 I BatteryMgr:DataCollectionService: stats => 1701031000067,10681,4445,2136,4169000,100
11-26 21:36:40.102  1011  1189 I ASH     : @ 377852.273: tcs3701: stop power rail pending_off timer
11-26 21:36:40.102  1011  1189 D ASH     : @ 377852.273: tcs3701: start power rail timer, state:3
11-26 21:36:40.114  1795  2679 D ActivityManager: freezer override set to true
11-26 21:36:40.142  1011  1189 I ASH     : @ 377852.313: tcs3701: stop power rail pending_off timer
11-26 21:36:40.142  1011  1189 D ASH     : @ 377852.313: tcs3701: start power rail timer, state:3
11-26 21:36:40.173  8427  8469 I BatteryMgr:DataCollectionService: stats => 1701031000173,10681,4445,2136,4169000,100
11-26 21:36:40.182  1011  1189 I ASH     : @ 377852.353: tcs3701: stop power rail pending_off timer
11-26 21:36:40.182  1011  1189 D ASH     : @ 377852.353: tcs3701: start power rail timer, state:3
11-26 21:36:40.221  1011  1189 I ASH     : @ 377852.393: tcs3701: stop power rail pending_off timer
11-26 21:36:40.222  1011  1189 D ASH     : @ 377852.393: tcs3701: start power rail timer, state:3
11-26 21:36:40.262  1011  1189 I ASH     : @ 377852.433: tcs3701: stop power rail pending_off timer
11-26 21:36:40.262  1011  1189 D ASH     : @ 377852.433: tcs3701: start power rail timer, state:3
11-26 21:36:40.278  8427  8469 I BatteryMgr:DataCollectionService: stats => 1701031000278,10681,4445,2136,4169000,100
11-26 21:36:40.299 20880 20894 W m.chrome.canary: Cleared Reference was only reachable from finalizer (only reported once)
11-26 21:36:40.302  1011  1189 I ASH     : @ 377852.473: tcs3701: stop power rail pending_off timer
11-26 21:36:40.302  1011  1189 D ASH     : @ 377852.473: tcs3701: start power rail timer, state:3
11-26 21:36:40.303 20880 20894 I m.chrome.canary: Explicit concurrent copying GC freed 819779(16MB) AllocSpace objects, 21(908KB) LOS objects, 75% free, 14MB/56MB, paused 98us,26us total 91.718ms
11-26 21:36:40.341  1011  1189 I ASH     : @ 377852.513: tcs3701: stop power rail pending_off timer
11-26 21:36:40.342  1011  1189 D ASH     : @ 377852.513: tcs3701: start power rail timer, state:3
11-26 21:36:40.374  1795  2679 D ActivityManager: freezer override set to false
11-26 21:36:40.382  1011  1189 I ASH     : @ 377852.553: tcs3701: stop power rail pending_off timer
11-26 21:36:40.382  1011  1189 D ASH     : @ 377852.553: tcs3701: start power rail timer, state:3
11-26 21:36:40.383  8427  8469 I BatteryMgr:DataCollectionService: stats => 1701031000383,10681,4445,2136,4169000,100
11-26 21:36:40.422  1011  1189 I ASH     : @ 377852.593: tcs3701: stop power rail pending_off timer
11-26 21:36:40.422  1011  1189 D ASH     : @ 377852.593: tcs3701: start power rail timer, state:3
11-26 21:36:40.426  1795  2679 D ActivityManager: freezer override set to true
11-26 21:36:40.432  1795  4165 D ActivityManager: freezer override set to false
11-26 21:36:40.462  1011  1189 I ASH     : @ 377852.633: tcs3701: stop power rail pending_off timer
11-26 21:36:40.462  1011  1189 D ASH     : @ 377852.633: tcs3701: start power rail timer, state:3
11-26 21:36:40.462  1795  4165 D ActivityManager: freezer override set to true
11-26 21:36:40.465  1795  4165 D ActivityManager: freezer override set to false
11-26 21:36:40.488  8427  8469 I BatteryMgr:DataCollectionService: stats => 1701031000488,10681,4445,2136,4169000,100
11-26 21:36:40.502  1011  1189 I ASH     : @ 377852.673: tcs3701: stop power rail pending_off timer
11-26 21:36:40.503  1011  1189 D ASH     : @ 377852.673: tcs3701: start power rail timer, state:3
11-26 21:36:40.541  1011  1189 I ASH     : @ 377852.713: tcs3701: stop power rail pending_off timer
11-26 21:36:40.542  1011  1189 D ASH     : @ 377852.713: tcs3701: start power rail timer, state:3
11-26 21:36:40.581  1011  1189 I ASH     : @ 377852.753: tcs3701: stop power rail pending_off timer
11-26 21:36:40.582  1011  1189 D ASH     : @ 377852.753: tcs3701: start power rail timer, state:3
11-26 21:36:40.594  8427  8469 I BatteryMgr:DataCollectionService: stats => 1701031000594,10681,4445,2136,4169000,100
11-26 21:36:40.622  1011  1189 I ASH     : @ 377852.793: tcs3701: stop power rail pending_off timer
11-26 21:36:40.622  1011  1189 D ASH     : @ 377852.793: tcs3701: start power rail timer, state:3
11-26 21:36:40.662  1011  1189 I ASH     : @ 377852.833: tcs3701: stop power rail pending_off timer
11-26 21:36:40.662  1011  1189 D ASH     : @ 377852.833: tcs3701: start power rail timer, state:3
11-26 21:36:40.698  8427  8469 I BatteryMgr:DataCollectionService: stats => 1701031000698,10681,4445,2136,4169000,100
11-26 21:36:40.701  1011  1189 I ASH     : @ 377852.873: tcs3701: stop power rail pending_off timer
11-26 21:36:40.702  1011  1189 D ASH     : @ 377852.873: tcs3701: start power rail timer, state:3
11-26 21:36:40.742  1011  1189 I ASH     : @ 377852.913: tcs3701: stop power rail pending_off timer
11-26 21:36:40.742  1011  1189 D ASH     : @ 377852.913: tcs3701: start power rail timer, state:3
11-26 21:36:40.781  2113  2118 I pixel-thermal: skin-therm-monitor: 38.734
11-26 21:36:40.782  1011  1189 I ASH     : @ 377852.953: tcs3701: stop power rail pending_off timer
11-26 21:36:40.782  1011  1189 D ASH     : @ 377852.953: tcs3701: start power rail timer, state:3
11-26 21:36:40.802  8427  8469 I BatteryMgr:DataCollectionService: stats => 1701031000802,10681,4445,2136,4169000,100
11-26 21:36:40.822  1011  1189 I ASH     : @ 377852.993: tcs3701: stop power rail pending_off timer
11-26 21:36:40.822  1011  1189 D ASH     : @ 377852.993: tcs3701: start power rail timer, state:3
11-26 21:36:40.862  1011  1189 I ASH     : @ 377853.033: tcs3701: stop power rail pending_off timer
11-26 21:36:40.862  1011  1189 D ASH     : @ 377853.033: tcs3701: start power rail timer, state:3
11-26 21:36:40.878  8549  8575 I native  : I0000 00:00:1701031000.878010    8575 device_profile_database_helpers.cc:563] Found nothing for mTS_ld
11-26 21:36:40.878  8549  8575 I native  : I0000 00:00:1701031000.878149    8575 device_profile_database_helpers.cc:563] Found nothing for redfin/redfin
11-26 21:36:40.878  8549  8575 I native  : I0000 00:00:1701031000.878171    8575 device_profile_database_helpers.cc:550] Considering b4SrL5:11
11-26 21:36:40.878  8549  8575 I native  : I0000 00:00:1701031000.878192    8575 device_profile_database_helpers.cc:509] Device profile for google/redfin/redfin:13/TQ3A.230901.001/10750268:user/release-keys: b4SrL5:11
11-26 21:36:40.887  1011  1189 I VSC     : @ 377853.058: {Fusion} configure fusion 15 16666us 0us.
11-26 21:36:40.887  1011  1189 D VSC     : @ 377853.058: [Game Rotation Vector Sensor] Request accel, interval 16.6 ms, latency 0.0 ms
11-26 21:36:40.887  1011  1189 D VSC     : @ 377853.059: [Game Rotation Vector Sensor] Request gyro, interval 5.0 ms, latency 0.0 ms
11-26 21:36:40.902  1011  1189 I ASH     : @ 377853.073: tcs3701: stop power rail pending_off timer
11-26 21:36:40.902  1011  1189 D ASH     : @ 377853.073: tcs3701: start power rail timer, state:3
11-26 21:36:40.906  1011  1189 D ASH     : @ 377853.077: SensorType 1 resampler quality 3
11-26 21:36:40.906  1011  1189 D ASH     : @ 377853.077: SensorType 195 resampler quality 1
11-26 21:36:40.906  1011  1189 D ASH     : @ 377853.078: SensorType 1 resampler quality 2
11-26 21:36:40.907  8427  8469 I BatteryMgr:DataCollectionService: stats => 1701031000907,10681,4445,2136,4169000,100
11-26 21:36:40.942  1011  1189 I ASH     : @ 377853.113: tcs3701: stop power rail pending_off timer
11-26 21:36:40.942  1011  1189 D ASH     : @ 377853.113: tcs3701: start power rail timer, state:3
11-26 21:36:40.982  1011  1189 I ASH     : @ 377853.153: tcs3701: stop power rail pending_off timer
11-26 21:36:40.982  1011  1189 D ASH     : @ 377853.153: tcs3701: start power rail timer, state:3
11-26 21:36:41.011  8427  8469 I BatteryMgr:DataCollectionService: stats => 1701031001011,10681,4445,2136,4169000,100
11-26 21:36:41.022  1011  1189 I ASH     : @ 377853.193: tcs3701: stop power rail pending_off timer
11-26 21:36:41.022  1011  1189 D ASH     : @ 377853.193: tcs3701: start power rail timer, state:3
11-26 21:36:41.061  1011  1189 I ASH     : @ 377853.233: tcs3701: stop power rail pending_off timer
11-26 21:36:41.062  1011  1189 D ASH     : @ 377853.233: tcs3701: start power rail timer, state:3
11-26 21:36:41.102  1011  1189 I ASH     : @ 377853.273: tcs3701: stop power rail pending_off timer
11-26 21:36:41.102  1011  1189 D ASH     : @ 377853.273: tcs3701: start power rail timer, state:3
11-26 21:36:41.117  8427  8469 I BatteryMgr:DataCollectionService: stats => 1701031001117,10681,4445,2136,4169000,100
11-26 21:36:41.134 20880 20939 W chromium: [WARNING:ev_root_ca_metadata.cc(119)] Not implemented
11-26 21:36:41.141  1011  1189 I ASH     : @ 377853.313: tcs3701: stop power rail pending_off timer
11-26 21:36:41.141  1011  1189 D ASH     : @ 377853.313: tcs3701: start power rail timer, state:3
11-26 21:36:41.182  1011  1189 I ASH     : @ 377853.353: tcs3701: stop power rail pending_off timer
11-26 21:36:41.182  1011  1189 D ASH     : @ 377853.353: tcs3701: start power rail timer, state:3
11-26 21:36:41.222  1011  1189 I ASH     : @ 377853.393: tcs3701: stop power rail pending_off timer
11-26 21:36:41.222  1011  1189 D ASH     : @ 377853.393: tcs3701: start power rail timer, state:3
11-26 21:36:41.223  8427  8469 I BatteryMgr:DataCollectionService: stats => 1701031001223,10681,4445,2136,4169000,100
11-26 21:36:41.261  1011  1189 I ASH     : @ 377853.433: tcs3701: stop power rail pending_off timer
11-26 21:36:41.262  1011  1189 D ASH     : @ 377853.433: tcs3701: start power rail timer, state:3
11-26 21:36:41.301  1011  1189 I ASH     : @ 377853.473: tcs3701: stop power rail pending_off timer
11-26 21:36:41.302  1011  1189 D ASH     : @ 377853.473: tcs3701: start power rail timer, state:3
11-26 21:36:41.329  8427  8469 I BatteryMgr:DataCollectionService: stats => 1701031001329,10681,4445,2136,4169000,100
11-26 21:36:41.342  1011  1189 I ASH     : @ 377853.513: tcs3701: stop power rail pending_off timer
11-26 21:36:41.342  1011  1189 D ASH     : @ 377853.513: tcs3701: start power rail timer, state:3
11-26 21:36:41.382  1011  1189 I ASH     : @ 377853.553: tcs3701: stop power rail pending_off timer
11-26 21:36:41.382  1011  1189 D ASH     : @ 377853.553: tcs3701: start power rail timer, state:3
11-26 21:36:41.422  1011  1189 I ASH     : @ 377853.593: tcs3701: stop power rail pending_off timer
11-26 21:36:41.422  1011  1189 D ASH     : @ 377853.593: tcs3701: start power rail timer, state:3
11-26 21:36:41.436  1795  4165 D ActivityManager: freezer override set to true
11-26 21:36:41.439  8427  8469 I BatteryMgr:DataCollectionService: stats => 1701031001439,10681,4445,2136,4169000,100
11-26 21:36:41.441  1795  4165 D ActivityManager: freezer override set to false
11-26 21:36:41.461  1011  1189 I ASH     : @ 377853.633: tcs3701: stop power rail pending_off timer
11-26 21:36:41.461  1011  1189 D ASH     : @ 377853.633: tcs3701: start power rail timer, state:3
11-26 21:36:41.502  1011  1189 I ASH     : @ 377853.673: tcs3701: stop power rail pending_off timer
11-26 21:36:41.502  1011  1189 D ASH     : @ 377853.673: tcs3701: start power rail timer, state:3
11-26 21:36:41.542  1011  1189 I ASH     : @ 377853.713: tcs3701: stop power rail pending_off timer
11-26 21:36:41.542  1011  1189 D ASH     : @ 377853.713: tcs3701: start power rail timer, state:3
11-26 21:36:41.547  8427  8469 I BatteryMgr:DataCollectionService: stats => 1701031001547,10681,4445,2136,4169000,100
11-26 21:36:41.582  1011  1189 I ASH     : @ 377853.753: tcs3701: stop power rail pending_off timer
11-26 21:36:41.582  1011  1189 D ASH     : @ 377853.753: tcs3701: start power rail timer, state:3
11-26 21:36:41.621  1011  1189 I ASH     : @ 377853.793: tcs3701: stop power rail pending_off timer
11-26 21:36:41.622  1011  1189 D ASH     : @ 377853.793: tcs3701: start power rail timer, state:3
11-26 21:36:41.642  1795  3659 D ActivityManager: freezer override set to true
11-26 21:36:41.654  8427  8469 I BatteryMgr:DataCollectionService: stats => 1701031001654,10681,4445,2136,4169000,100
11-26 21:36:41.661  1011  1189 I ASH     : @ 377853.833: tcs3701: stop power rail pending_off timer
11-26 21:36:41.662  1011  1189 D ASH     : @ 377853.833: tcs3701: start power rail timer, state:3
11-26 21:36:41.702  1011  1189 I ASH     : @ 377853.873: tcs3701: stop power rail pending_off timer
11-26 21:36:41.702  1011  1189 D ASH     : @ 377853.873: tcs3701: start power rail timer, state:3
11-26 21:36:41.742  1011  1189 I ASH     : @ 377853.913: tcs3701: stop power rail pending_off timer
11-26 21:36:41.742  1011  1189 D ASH     : @ 377853.913: tcs3701: start power rail timer, state:3
11-26 21:36:41.760  8427  8469 I BatteryMgr:DataCollectionService: stats => 1701031001760,10681,4445,2136,4169000,100
11-26 21:36:41.782  1011  1189 I ASH     : @ 377853.953: tcs3701: stop power rail pending_off timer
11-26 21:36:41.782  1011  1189 D ASH     : @ 377853.953: tcs3701: start power rail timer, state:3
11-26 21:36:41.822  1011  1189 I ASH     : @ 377853.993: tcs3701: stop power rail pending_off timer
11-26 21:36:41.822  1011  1189 D ASH     : @ 377853.993: tcs3701: start power rail timer, state:3
11-26 21:36:41.862  1011  1189 I ASH     : @ 377854.033: tcs3701: stop power rail pending_off timer
11-26 21:36:41.862  1011  1189 D ASH     : @ 377854.033: tcs3701: start power rail timer, state:3
11-26 21:36:41.874  8427  8469 I BatteryMgr:DataCollectionService: stats => 1701031001874,10681,4445,2136,4169000,100
11-26 21:36:41.903  1011  1189 I ASH     : @ 377854.073: tcs3701: stop power rail pending_off timer
11-26 21:36:41.903  1011  1189 D ASH     : @ 377854.073: tcs3701: start power rail timer, state:3
11-26 21:36:41.941  1011  1189 I ASH     : @ 377854.113: tcs3701: stop power rail pending_off timer
11-26 21:36:41.942  1011  1189 D ASH     : @ 377854.113: tcs3701: start power rail timer, state:3
11-26 21:36:41.957  1795  4165 W JobScheduler: Job didn't exist in JobStore: d8476f1 #u0a202/1034 com.google.android.apps.photos/com.google.android.libraries.social.mediamonitor.MediaMonitorJobSchedulerService
11-26 21:36:41.976  1795  2679 W UriGrantsManagerService: No permission grants found for com.google.android.apps.photos
11-26 21:36:41.977  1795  2679 W UriGrantsManagerService: No permission grants found for com.google.android.apps.photos
11-26 21:36:41.982  1011  1189 I ASH     : @ 377854.153: tcs3701: stop power rail pending_off timer
11-26 21:36:41.982  1011  1189 D ASH     : @ 377854.153: tcs3701: start power rail timer, state:3
11-26 21:36:41.982  8427  8469 I BatteryMgr:DataCollectionService: stats => 1701031001982,10681,4445,2136,4169000,100
11-26 21:36:41.983 20880 20894 I m.chrome.canary: Explicit concurrent copying GC freed 6507(315KB) AllocSpace objects, 5(100KB) LOS objects, 75% free, 14MB/56MB, paused 156us,54us total 192.121ms
11-26 21:36:41.992  1795  2424 D WifiClientModeImpl[13802:wlan0]: updateLinkLayerStatsRssiSpeedFrequencyCapabilities rssi=-41 TxLinkspeed=866 freq=5240 RxLinkSpeed=866
11-26 21:36:41.992  1795  2424 V WifiScoreCard:  rssi -41 level 4 bssid f4:6d:2f:12:cc:88 freq 5240 onTimeMs 2935 txKB 119 rxKB 9108 txKBThr 1243 rxKBThr 8000
11-26 21:36:41.992  1795  2424 D WifiClientModeImpl[13802:wlan0]: reported txKbps 4532 rxKbps 25416
11-26 21:36:41.992  1795  2424 D WifiDataStall: tx tput in kbps: 562148
11-26 21:36:41.992  1795  2424 D WifiDataStall: rx tput in kbps: 761132
11-26 21:36:41.993  1795  2424 V WifiScoreCard: 1 sampKbps 25416 filtKbps 25416 reportedKbps 25416 avgUsedKbps 58426 l2Kbps 761132 intErrPercent 0 extErrPercent 0 l2ErrPercent 2894
11-26 21:36:41.993  1795  2424 V WifiConfigManager: Updating scan detail cache freq=5240 BSSID=f4:6d:2f:12:cc:88 RSSI=-41 for "ourhome"WPA_PSK
11-26 21:36:41.993  1795  2424 D WifiChannelUtilization:  freq: 5240 onTime: 10542564 busyTime: 968897 onTimeDiff: 894708 busyTimeDiff: 112411 utilization: 32 utilization t0: 23
11-26 21:36:41.993  1795  2424 D WifiDataStall:  ccaLevel = 32
11-26 21:36:41.993  1795  2424 D WifiDataStall: L2 txTputKbps: 621355, rxTputKbps: 757750, L3 txTputKbps: 325, rxTputKbps: 24822, TxTrafficHigh: true, RxTrafficHigh: true, Throughput Sufficient: true
11-26 21:36:41.993  1795  2424 D WifiScoreReport: Wifi scoring disabled - Don't check IP layer
11-26 21:36:41.993  1795  2424 D WifiScoreCard: BSSID update SIGNAL_POLL ID: 1320464697 SSID: "ourhome", BSSID: f4:6d:2f:12:cc:88, MAC: b2:2f:ec:da:4a:0c, IP: /192.168.1.104, Security type: 2, Supplicant state: COMPLETED, Wi-Fi standard: 5, RSSI: -41, Link speed: 866Mbps, Tx Link speed: 866Mbps, Max Supported Tx Link speed: 866Mbps, Rx Link speed: 866Mbps, Max Supported Rx Link speed: 866Mbps, Frequency: 5240MHz, Net ID: 12, Metered hint: false, score: 60, isUsable: true, CarrierMerged: false, SubscriptionId: -1, IsPrimary: 1, Trusted: true, Restricted: false, Ephemeral: false, OEM paid: false, OEM private: false, OSU AP: false, FQDN: <none>, Provider friendly name: <none>, Requesting package name: <none>"ourhome"wpa2-pskMLO Information: , Is TID-To-Link negotiation supported by the AP: false, AP MLD Address: <none>, AP MLO Link Id: <none>, AP MLO Affiliated links: <none>
11-26 21:36:41.993  1795  2424 D WifiScoreCard: txRate: 403 txSpeed: 866
11-26 21:36:41.993  1795  2424 D WifiScoreCard: network update SIGNAL_POLL "ourhome" ID: 1499892569 RSSI -41 txSpeed 866
11-26 21:36:41.994  1795  2424 D WifiClientModeImpl[13802:wlan0]:  ClientModeImpl$L2ConnectedState screen=on 37 0 "ourhome" f4:6d:2f:12:cc:88 rssi=-41 f=5240 sc=60 link=866 tx=329.8, 72.4, 0.0 rx=1033.5 bcn=3575602 [on:2935 tx:137 rx:108 period:3008] from screen [on:906583 period:18567280] score=60
11-26 21:36:41.995  2673 18847 V WifiManager: OnWifiUsabilityStatsListener: onWifiUsabilityStats: seqNum=96776
11-26 21:36:41.999  1795  4165 I WifiService: updateWifiUsabilityScore uid=10180 seqNum=96776 score=100 predictionHorizonSec=1441795
11-26 21:36:42.003  1795  3057 I WifiService: getWifiEnabledState uid=10233 state=3
11-26 21:36:42.010  1795  2424 D WifiScoreReport: Wifi scoring disabled - Notify that Wifi is usable
11-26 21:36:42.010  3473  4683 I CarrierServices: [49] ekm.handleMessage: RcsEngineImpl[DUAL_REG]:[deae450f-f3f3]>Handler: handleMessage processing message:[NOTIFY_UPTIME_IGNORE_STATE_CHANGED] with [non-null]:RcsEngineImpl reference
11-26 21:36:42.013  2895  2969 E PhoneInterfaceManager: [PhoneIntfMgr] getCarrierPrivilegeStatusForUid: Invalid subId
11-26 21:36:42.014  3473  4683 I CarrierServices: [49] ejf.b: ProvisioningEngineDataRetriever: RCS Configuration storage in Bugle is disabled by p/h flag, using ProvisioningEngineStateCacheUtil.getProvisioningConfigurationForGivenSimIfExist()
11-26 21:36:42.015  3473  4697 I CarrierServices: [50] eam.c: Connected state: [1], networkType: [WIFI]
11-26 21:36:42.021  1011  1189 I ASH     : @ 377854.193: tcs3701: stop power rail pending_off timer
11-26 21:36:42.021  1011  1189 D ASH     : @ 377854.193: tcs3701: start power rail timer, state:3
11-26 21:36:42.028  2673  2720 D DeviceStateHelper: Wifi freq: 5240
11-26 21:36:42.029  1795  2679 I WifiService: getSoftApConfiguration uid=10180
11-26 21:36:42.048  1795  2432 D ConnectivityService: NetReassign [no changes] [c 0] [a 0] [i 9]
11-26 21:36:42.060  1795  2679 W UriGrantsManagerService: No permission grants found for com.google.android.apps.photos
11-26 21:36:42.061  1795  2679 W UriGrantsManagerService: No permission grants found for com.google.android.apps.photos
11-26 21:36:42.062  1011  1189 I ASH     : @ 377854.233: tcs3701: stop power rail pending_off timer
11-26 21:36:42.062  1011  1189 D ASH     : @ 377854.233: tcs3701: start power rail timer, state:3
11-26 21:36:42.097  8427  8469 I BatteryMgr:DataCollectionService: stats => 1701031002095,10681,4445,2136,4169000,100
11-26 21:36:42.102  1011  1189 I ASH     : @ 377854.273: tcs3701: stop power rail pending_off timer
11-26 21:36:42.102  1011  1189 D ASH     : @ 377854.273: tcs3701: start power rail timer, state:3
11-26 21:36:42.113  1795  2679 W UriGrantsManagerService: No permission grants found for com.google.android.apps.photos
11-26 21:36:42.113  1795  2679 W UriGrantsManagerService: No permission grants found for com.google.android.apps.photos
11-26 21:36:42.141  1011  1189 I ASH     : @ 377854.313: tcs3701: stop power rail pending_off timer
11-26 21:36:42.142  1011  1189 D ASH     : @ 377854.313: tcs3701: start power rail timer, state:3
11-26 21:36:42.182  1011  1189 I ASH     : @ 377854.353: tcs3701: stop power rail pending_off timer
11-26 21:36:42.182  1011  1189 D ASH     : @ 377854.353: tcs3701: start power rail timer, state:3
11-26 21:36:42.202  1795  3659 D ActivityManager: freezer override set to false
11-26 21:36:42.211  8427  8469 I BatteryMgr:DataCollectionService: stats => 1701031002211,10681,4445,2136,4169000,100
11-26 21:36:42.222  1011  1189 I ASH     : @ 377854.393: tcs3701: stop power rail pending_off timer
11-26 21:36:42.222  1011  1189 D ASH     : @ 377854.393: tcs3701: start power rail timer, state:3
11-26 21:36:42.262  1011  1189 I ASH     : @ 377854.433: tcs3701: stop power rail pending_off timer
11-26 21:36:42.262  1011  1189 D ASH     : @ 377854.433: tcs3701: start power rail timer, state:3
