11-26 21:36:35.851 26837 26837 D BoundBrokerSvc: onBind: Intent { act=com.google.android.gms.icing.LIGHTWEIGHT_INDEX_SERVICE dat=chimera-action:/... cmp=com.google.android.gms/.chimera.PersistentApiService }
11-26 21:36:35.851 26837 26837 D BoundBrokerSvc: Loading bound service for intent: Intent { act=com.google.android.gms.icing.LIGHTWEIGHT_INDEX_SERVICE dat=chimera-action:/... cmp=com.google.android.gms/.chimera.PersistentApiService }
11-26 21:36:35.851  1795  3659 D ActivityManager: freezer override set to false
11-26 21:36:35.857 26741 26741 D BoundBrokerSvc: onUnbind: Intent { act=com.google.android.gms.common.BIND_SHARED_PREFS pkg=com.google.android.gms }
11-26 21:36:35.862  1011  1189 I ASH     : @ 377848.033: tcs3701: stop power rail pending_off timer
11-26 21:36:35.862  1011  1189 D ASH     : @ 377848.033: tcs3701: start power rail timer, state:3
11-26 21:36:35.898  1795  3659 D ActivityManager: freezer override set to true
11-26 21:36:35.900  1795  3659 D ActivityManager: freezer override set to false
11-26 21:36:35.902  1011  1189 I ASH     : @ 377848.073: tcs3701: stop power rail pending_off timer
11-26 21:36:35.902  1011  1189 D ASH     : @ 377848.073: tcs3701: start power rail timer, state:3
11-26 21:36:35.911  1795  3057 D CompatibilityChangeReporter: Compat change id reported: 161252188; UID 10010; state: DISABLED
11-26 21:36:35.915 26741 17964 I Icing   : Usage reports ok 6, Failed Usage reports 0, indexed 5, rejected 0
11-26 21:36:35.942  1011  1189 I ASH     : @ 377848.113: tcs3701: stop power rail pending_off timer
11-26 21:36:35.942  1011  1189 D ASH     : @ 377848.113: tcs3701: start power rail timer, state:3
11-26 21:36:35.977  1795  2424 D WifiClientModeImpl[13802:wlan0]: updateLinkLayerStatsRssiSpeedFrequencyCapabilities rssi=-42 TxLinkspeed=866 freq=5240 RxLinkSpeed=866
11-26 21:36:35.977  1795  2424 D WifiDataStall: tx tput in kbps: 723076
11-26 21:36:35.978  1795  2424 D WifiDataStall: rx tput in kbps: 761132
11-26 21:36:35.978  1795  2424 V WifiConfigManager: Updating scan detail cache freq=5240 BSSID=f4:6d:2f:12:cc:88 RSSI=-42 for "ourhome"WPA_PSK
11-26 21:36:35.978  1795  2424 D WifiChannelUtilization:  freq: 5240 onTime: 10536854 busyTime: 967841 onTimeDiff: 888998 busyTimeDiff: 111355 utilization: 31 utilization t0: 23
11-26 21:36:35.978  1795  2424 D WifiDataStall:  ccaLevel = 31
11-26 21:36:35.978  2782  5906 D QCNEJ/WlanStaInfoRelay: Received action: android.net.wifi.RSSI_CHANGED
11-26 21:36:35.978  1795  2424 D WifiDataStall: L2 txTputKbps: 700242, rxTputKbps: 761132, L3 txTputKbps: 132, rxTputKbps: 2588, TxTrafficHigh: true, RxTrafficHigh: true, Throughput Sufficient: true
11-26 21:36:35.978  1795  2424 D WifiScoreReport: Wifi scoring disabled - Don't check IP layer
11-26 21:36:35.978  1795  2424 D WifiScoreCard: BSSID update SIGNAL_POLL ID: 1320464697 SSID: "ourhome", BSSID: f4:6d:2f:12:cc:88, MAC: b2:2f:ec:da:4a:0c, IP: /192.168.1.104, Security type: 2, Supplicant state: COMPLETED, Wi-Fi standard: 5, RSSI: -42, Link speed: 866Mbps, Tx Link speed: 866Mbps, Max Supported Tx Link speed: 866Mbps, Rx Link speed: 866Mbps, Max Supported Rx Link speed: 866Mbps, Frequency: 5240MHz, Net ID: 12, Metered hint: false, score: 60, isUsable: true, CarrierMerged: false, SubscriptionId: -1, IsPrimary: 1, Trusted: true, Restricted: false, Ephemeral: false, OEM paid: false, OEM private: false, OSU AP: false, FQDN: <none>, Provider friendly name: <none>, Requesting package name: <none>"ourhome"wpa2-pskMLO Information: , Is TID-To-Link negotiation supported by the AP: false, AP MLD Address: <none>, AP MLO Link Id: <none>, AP MLO Affiliated links: <none>
11-26 21:36:35.978  1795  2424 D WifiScoreCard: txRate: 69 txSpeed: 866
11-26 21:36:35.979  1795  2424 D WifiScoreCard: network update SIGNAL_POLL "ourhome" ID: 1499892569 RSSI -42 txSpeed 866
11-26 21:36:35.979  2673 18847 V WifiManager: OnWifiUsabilityStatsListener: onWifiUsabilityStats: seqNum=96774
11-26 21:36:35.979  2513 14800 V WifiManager: TrafficStateCallbackProxy: onStateChanged state=3
11-26 21:36:35.979  1795  2424 D WifiClientModeImpl[13802:wlan0]:  ClientModeImpl$L2ConnectedState screen=on 37 0 "ourhome" f4:6d:2f:12:cc:88 rssi=-42 f=5240 sc=60 link=866 tx=62.6, 5.6, 0.0 rx=99.3 bcn=3575543 [on:1180 tx:34 rx:16 period:3012] from screen [on:900873 period:18561265] score=60
11-26 21:36:35.980  1795  3659 I WifiService: updateWifiUsabilityScore uid=10180 seqNum=96774 score=100 predictionHorizonSec=1441795
11-26 21:36:35.981  1795  2424 D WifiScoreReport: Wifi scoring disabled - Notify that Wifi is usable
11-26 21:36:35.984  1795  2432 D ConnectivityService: NetReassign [no changes] [c 0] [a 0] [i 2]
11-26 21:36:35.984  1011  1189 I ASH     : @ 377848.153: tcs3701: stop power rail pending_off timer
11-26 21:36:35.984  1011  1189 D ASH     : @ 377848.153: tcs3701: start power rail timer, state:3
11-26 21:36:36.022  1011  1189 I ASH     : @ 377848.193: tcs3701: stop power rail pending_off timer
11-26 21:36:36.022  1011  1189 D ASH     : @ 377848.193: tcs3701: start power rail timer, state:3
11-26 21:36:36.040  1795  3659 I ActivityManager: Background started FGS: Allowed [callingPackage: com.android.shell; callingUid: 2000; uidState: NONE; intent: Intent { cmp=com.example.batterymanager_utility/.DataCollectionService (has extras) }; code:SYSTEM_UID; tempAllowListReason:<,reasonCode:SYSTEM_ALLOW_LISTED,duration:9223372036854775807,callingUid:-1>; targetSdkVersion:33; callerTargetSdkVersion:33; startForegroundCount:0; bindFromPackage:null]
11-26 21:36:36.047  8427  8427 I BatteryMgr:DataCollectionService: onStartCommand: begin
11-26 21:36:36.047  8427  8427 I BatteryMgr:DataCollectionService: onStartCommand: sampleRate => 100
11-26 21:36:36.047  8427  8427 I BatteryMgr:DataCollectionService: onStartCommand: rawFields => Timestamp,BATTERY_PROPERTY_CURRENT_NOW,EXTRA_VOLTAGE,BATTERY_PROPERTY_CURRENT_AVERAGE,BATTERY_PROPERTY_CHARGE_COUNTER,BATTERY_PROPERTY_CAPACITY
11-26 21:36:36.048  8427  8427 I BatteryMgr:DataCollectionService: onStartCommand: notification done
11-26 21:36:36.051  8427  8427 I BatteryMgr:DataCollectionService: started foreground
11-26 21:36:36.053  8427  8469 I BatteryMgr:DataCollectionService: collectData: begin
11-26 21:36:36.056  8427  8469 I BatteryMgr:DataCollectionService: stats => 1701030996056,10681,4445,2136,4169000,100
11-26 21:36:36.062  1011  1189 I ASH     : @ 377848.233: tcs3701: stop power rail pending_off timer
11-26 21:36:36.062  1011  1189 D ASH     : @ 377848.233: tcs3701: start power rail timer, state:3
11-26 21:36:36.102  1011  1189 I ASH     : @ 377848.273: tcs3701: stop power rail pending_off timer
11-26 21:36:36.102  1011  1189 D ASH     : @ 377848.273: tcs3701: start power rail timer, state:3
11-26 21:36:36.142  1011  1189 I ASH     : @ 377848.313: tcs3701: stop power rail pending_off timer
11-26 21:36:36.142  1011  1189 D ASH     : @ 377848.313: tcs3701: start power rail timer, state:3
11-26 21:36:36.160  8427  8469 I BatteryMgr:DataCollectionService: stats => 1701030996160,10681,4445,2136,4169000,100
11-26 21:36:36.182  1011  1189 I ASH     : @ 377848.353: tcs3701: stop power rail pending_off timer
11-26 21:36:36.182  1011  1189 D ASH     : @ 377848.353: tcs3701: start power rail timer, state:3
11-26 21:36:36.222  1011  1189 I ASH     : @ 377848.393: tcs3701: stop power rail pending_off timer
11-26 21:36:36.222  1011  1189 D ASH     : @ 377848.393: tcs3701: start power rail timer, state:3
11-26 21:36:36.248  1795  2679 I ActivityTaskManager: START u0 {act=android.intent.action.VIEW dat=https://playground.babylonjs.com/... flg=0x10000000 cmp=com.chrome.canary/com.google.android.apps.chrome.Main} from uid 2000
11-26 21:36:36.250  1795  2679 D CompatibilityChangeReporter: Compat change id reported: 265464455; UID 10010; state: DISABLED
11-26 21:36:36.250  1795  2679 D CompatibilityChangeReporter: Compat change id reported: 265452344; UID 10010; state: DISABLED
11-26 21:36:36.250  1795  2679 D CompatibilityChangeReporter: Compat change id reported: 266124927; UID 10010; state: DISABLED
11-26 21:36:36.250  1795  2679 D CompatibilityChangeReporter: Compat change id reported: 265451093; UID 10010; state: DISABLED
11-26 21:36:36.250  1795  2679 D CompatibilityChangeReporter: Compat change id reported: 265456536; UID 10010; state: DISABLED
11-26 21:36:36.250  1795  2679 D CompatibilityChangeReporter: Compat change id reported: 255940284; UID 10010; state: DISABLED
11-26 21:36:36.251  1795  2679 D CompatibilityChangeReporter: Compat change id reported: 236283604; UID 10010; state: DISABLED
11-26 21:36:36.251  1795  2679 D CompatibilityChangeReporter: Compat change id reported: 263959004; UID 10010; state: DISABLED
11-26 21:36:36.251  1795  2679 D CompatibilityChangeReporter: Compat change id reported: 264304459; UID 10010; state: DISABLED
11-26 21:36:36.251  1795  2679 D CompatibilityChangeReporter: Compat change id reported: 264301586; UID 10010; state: DISABLED
11-26 21:36:36.251  1795  2679 D CompatibilityChangeReporter: Compat change id reported: 254631730; UID 10010; state: DISABLED
11-26 21:36:36.251  1795  2679 D CompatibilityChangeReporter: Compat change id reported: 273509367; UID 10010; state: DISABLED
11-26 21:36:36.251  1795  2679 D CompatibilityChangeReporter: Compat change id reported: 263259275; UID 10010; state: DISABLED
11-26 21:36:36.252  1795  2679 D CompatibilityChangeReporter: Compat change id reported: 194480991; UID 10010; state: ENABLED
11-26 21:36:36.252  1795  2679 D CompatibilityChangeReporter: Compat change id reported: 174042980; UID 10010; state: DISABLED
11-26 21:36:36.254  1795  2679 D CompatibilityChangeReporter: Compat change id reported: 181136395; UID 10010; state: DISABLED
11-26 21:36:36.254  1795  2679 D CompatibilityChangeReporter: Compat change id reported: 174042936; UID 10010; state: DISABLED
11-26 21:36:36.256  1795  2679 D CompatibilityChangeReporter: Compat change id reported: 194833441; UID 10010; state: ENABLED
11-26 21:36:36.264 20880 20880 W cr_ActivityDispatcher: CustomTabsIntent#shouldAlwaysUseBrowserUI() = false
11-26 21:36:36.264 20880 20880 I cr_VideoPersist: Exited picture in picture with reason: 0
11-26 21:36:36.264  8427  8469 I BatteryMgr:DataCollectionService: stats => 1701030996264,10681,4445,2136,4169000,100
11-26 21:36:36.265 20880 20880 E cr_IntentUtils: getInt failed on bundle null
11-26 21:36:36.267  1011  1189 I ASH     : @ 377848.433: tcs3701: stop power rail pending_off timer
11-26 21:36:36.267  1011  1189 D ASH     : @ 377848.433: tcs3701: start power rail timer, state:3
11-26 21:36:36.280  1795  2120 D CompatibilityChangeReporter: Compat change id reported: 143937733; UID 10010; state: ENABLED
11-26 21:36:36.283 20880 20880 W cr_ActivityDispatcher: CustomTabsIntent#shouldAlwaysUseBrowserUI() = false
11-26 21:36:36.288 20924 20924 D Zygote  : Forked child process 21133
11-26 21:36:36.290  1795  2120 I ActivityManager: Start proc 21133:com.chrome.canary:sandboxed_process0:org.chromium.content.app.SandboxedProcessService0:2/u0ai2 for  {com.chrome.canary/org.chromium.content.app.SandboxedProcessService0:2}
11-26 21:36:36.293 21133 21133 E libc    : SetHeapTaggingLevel: re-enabling tagging after it was disabled is not supported
11-26 21:36:36.298  1795  4165 D CoreBackPreview: Window{75488f5 u0 com.chrome.canary/com.google.android.apps.chrome.Main}: Setting back callback OnBackInvokedCallbackInfo{mCallback=android.window.IOnBackInvokedCallback$Stub$Proxy@cee911c, mPriority=0}
11-26 21:36:36.298 21133 21133 I ocessService0:2: Using CollectorTypeCC GC.
11-26 21:36:36.302  1011  1189 I ASH     : @ 377848.473: tcs3701: stop power rail pending_off timer
11-26 21:36:36.302  1011  1189 D ASH     : @ 377848.473: tcs3701: start power rail timer, state:3
11-26 21:36:36.302 20880 20880 I cr_OfflineDetector: Running updateState mConnectivityDetectorInitialized: true, mTimeWhenLastForegrounded: 377845116, getElapsedTime: 377845117, mTimeWhenLastOfflineNotificationReceived: 0, mTimeWhenLastOnline: 377843503, mTimeWhenAirplaneModeToggledOff: 0 mApplicationState: 1, mIsOfflineLastReportedByConnectivityDetector: false, mInAirplaneMode: false mIsEffectivelyOffline: false
11-26 21:36:36.302 20880 20880 I cr_OfflineDetector: updateState(): timeSinceLastForeground: 0, timeSinceOfflineNotificationReceived: 377845116, timeSinceLastOnline: 1613, timeNeededForForeground: 2000, timeNeededForOffline: -377843116 timeSinceAirplaneModeToggledOff: 377845116 timeNeededAfterConnectionChangeFromOnlineToOffline: 8387 timeNeededAfterConnectionChangeFromAirplaneToOffline: 0
11-26 21:36:36.302 20880 20880 I cr_OfflineDetector: Running mUpdateOfflineStatusIndicatorDelayedRunnable start. mConnectivityDetectorInitialized: true, mTimeWhenLastForegrounded: 377845116, getElapsedTime: 377845117, mTimeWhenLastOfflineNotificationReceived: 0, mTimeWhenLastOnline: 377843503, mTimeWhenAirplaneModeToggledOff: 0 mApplicationState: 1, mIsOfflineLastReportedByConnectivityDetector: false, mInAirplaneMode: false mIsEffectivelyOffline: false
11-26 21:36:36.306 20880 20880 I cr_InactivityTracker: Last background time read from the SharedPreference is:1701030996254.
11-26 21:36:36.307  1383  1442 I adbd    : jdwp connection from 21133
11-26 21:36:36.308 20880 20880 I cr_VideoPersist: Exited picture in picture with reason: 0
11-26 21:36:36.309  1795  4165 D CompatibilityChangeReporter: Compat change id reported: 161145287; UID 10010; state: DISABLED
11-26 21:36:36.310 20880 20880 I cr_InactivityTracker: Last visible time read from the SharedPreference is:1701030994768.
11-26 21:36:36.318  1795  3659 D CompatibilityChangeReporter: Compat change id reported: 168419799; UID 10010; state: DISABLED
11-26 21:36:36.318  1795  3659 D CompatibilityChangeReporter: Compat change id reported: 273564678; UID 10010; state: DISABLED
11-26 21:36:36.322 21133 21133 I ActivityThread: Relaunch all activities: onCoreSettingsChange
11-26 21:36:36.322  3657  4441 D ForegroundUtils: Foreground UID status:
11-26 21:36:36.322  3657  4441 D ForegroundUtils: UID: 10010 is in foreground: true
11-26 21:36:36.322  3657  4441 D ForegroundUtils: UID: 10128 is in foreground: true
11-26 21:36:36.322  3657  4441 D ForegroundUtils: UID: 10158 is in foreground: true
11-26 21:36:36.322  3657  4441 D ForegroundUtils: UID: 10189 is in foreground: false
11-26 21:36:36.322  3657  4441 D ForegroundUtils: UID: 10194 is in foreground: true
11-26 21:36:36.322  3657  4441 D ForegroundUtils: UID: 10206 is in foreground: false
11-26 21:36:36.322  3657  4441 D ForegroundUtils: UID: 10233 is in foreground: true
11-26 21:36:36.322  3657  4441 D ForegroundUtils: UID: 10244 is in foreground: false
11-26 21:36:36.322  3657  4441 D ForegroundUtils: UID: 10319 is in foreground: true
11-26 21:36:36.322  3657  4441 D ForegroundUtils: UID: 90000 is in foreground: true
11-26 21:36:36.322  3657  4441 D ForegroundUtils: UID: 90002 is in foreground: true
11-26 21:36:36.322 21133 21133 D CompatibilityChangeReporter: Compat change id reported: 171979766; UID 90002; state: ENABLED
11-26 21:36:36.336 21133 21133 I LoadedApk: No resource references to update in package com.google.android.trichromelibrary.canary
11-26 21:36:36.336 21133 21133 D NetworkSecurityConfig: Using Network Security Config from resource 0_resource_name_obfuscated debugBuild: false
11-26 21:36:36.337 21133 21133 D NetworkSecurityConfig: Using Network Security Config from resource 0_resource_name_obfuscated debugBuild: false
11-26 21:36:36.338 21133 21133 I cr_SplitCompatApp: Launched version=121.0.6145.0 minSdkVersion=29 isBundle=true processName=com.chrome.canary:sandboxed_process0:org.chromium.content.app.SandboxedProcessService0:2 isIsolated=true
11-26 21:36:36.338  1795  3659 D CompatibilityChangeReporter: Compat change id reported: 214016041; UID 10010; state: ENABLED
11-26 21:36:36.340  3375  3375 I GoogleInputMethodService: GoogleInputMethodService.onFinishInput():3154 
11-26 21:36:36.341  3375  3375 I GoogleInputMethodService: GoogleInputMethodService.updateDeviceLockedStatus():2088 repeatCheckTimes = 0, locked = false
11-26 21:36:36.341  3375  3375 I GoogleInputMethodService: GoogleInputMethodService.onStartInput():1883 onStartInput(EditorInfo{EditorInfo{packageName=com.chrome.canary, inputType=0, inputTypeString=NULL, enableLearning=false, autoCorrection=false, autoComplete=false, imeOptions=12000000, privateImeOptions=null, actionName=UNSPECIFIED, actionLabel=null, initialSelStart=-1, initialSelEnd=-1, initialCapsMode=0, label=null, fieldId=-1, fieldName=null, extras=null, hintText=null, hintLocales=[]}}, false)
11-26 21:36:36.341  3375  3375 I GoogleInputMethodService: GoogleInputMethodService.updateDeviceLockedStatus():2088 repeatCheckTimes = 1, locked = false
11-26 21:36:36.342  1011  1189 I ASH     : @ 377848.513: tcs3701: stop power rail pending_off timer
11-26 21:36:36.342  1011  1189 D ASH     : @ 377848.513: tcs3701: start power rail timer, state:3
11-26 21:36:36.345 21133 21133 W SystemServiceRegistry: No service published for: uimode
11-26 21:36:36.350 21133 21133 I cr_ChildProcessService: Creating new ChildProcessService pid=21133
11-26 21:36:36.361 21133 21148 I cr_LibraryLoader: Successfully loaded native library
11-26 21:36:36.362 21133 21148 I cr_CachingUmaRecorder: Flushed 3 samples from 3 histograms, 0 samples were dropped.
11-26 21:36:36.368  8427  8469 I BatteryMgr:DataCollectionService: stats => 1701030996368,10681,4445,2136,4169000,100
11-26 21:36:36.382  1011  1189 I ASH     : @ 377848.553: tcs3701: stop power rail pending_off timer
11-26 21:36:36.382  1011  1189 D ASH     : @ 377848.553: tcs3701: start power rail timer, state:3
11-26 21:36:36.422  1011  1189 I ASH     : @ 377848.593: tcs3701: stop power rail pending_off timer
11-26 21:36:36.422  1011  1189 D ASH     : @ 377848.593: tcs3701: start power rail timer, state:3
11-26 21:36:36.428 21133 21148 I tflite  : Initialized TensorFlow Lite runtime.
11-26 21:36:36.429 21133 21148 W libc    : Access denied finding property "ro.mediatek.platform"
11-26 21:36:36.429 21133 21148 W libc    : Access denied finding property "ro.chipname"
11-26 21:36:36.429 21133 21148 W libc    : Access denied finding property "ro.hardware.chipname"
11-26 21:36:36.450  1795  4165 D ActivityManager: freezer override set to true
11-26 21:36:36.455  1795  4165 D ActivityManager: freezer override set to false
11-26 21:36:36.462  1011  1189 I ASH     : @ 377848.633: tcs3701: stop power rail pending_off timer
11-26 21:36:36.462  1011  1189 D ASH     : @ 377848.633: tcs3701: start power rail timer, state:3
11-26 21:36:36.474  8427  8469 I BatteryMgr:DataCollectionService: stats => 1701030996474,10681,4445,2136,4169000,100
11-26 21:36:36.477  1039  1095 D rlsservice: MonitorDisplayStatus client num 0, display status 1, sensor status 0
11-26 21:36:36.501  1011  1189 I ASH     : @ 377848.673: tcs3701: stop power rail pending_off timer
11-26 21:36:36.502  1011  1189 D ASH     : @ 377848.673: tcs3701: start power rail timer, state:3
11-26 21:36:36.542  1011  1189 I ASH     : @ 377848.713: tcs3701: stop power rail pending_off timer
11-26 21:36:36.542  1011  1189 D ASH     : @ 377848.713: tcs3701: start power rail timer, state:3
11-26 21:36:36.580  8427  8469 I BatteryMgr:DataCollectionService: stats => 1701030996580,10681,4445,2136,4169000,100
11-26 21:36:36.582  1011  1189 I ASH     : @ 377848.753: tcs3701: stop power rail pending_off timer
11-26 21:36:36.582  1011  1189 D ASH     : @ 377848.753: tcs3701: start power rail timer, state:3
11-26 21:36:36.622  1011  1189 I ASH     : @ 377848.793: tcs3701: stop power rail pending_off timer
11-26 21:36:36.622  1011  1189 D ASH     : @ 377848.793: tcs3701: start power rail timer, state:3
11-26 21:36:36.662  1011  1189 I ASH     : @ 377848.833: tcs3701: stop power rail pending_off timer
11-26 21:36:36.662  1011  1189 D ASH     : @ 377848.833: tcs3701: start power rail timer, state:3
11-26 21:36:36.684  8427  8469 I BatteryMgr:DataCollectionService: stats => 1701030996684,10681,4445,2136,4169000,100
11-26 21:36:36.701  1011  1189 I ASH     : @ 377848.873: tcs3701: stop power rail pending_off timer
11-26 21:36:36.702  1011  1189 D ASH     : @ 377848.873: tcs3701: start power rail timer, state:3
11-26 21:36:36.742  1011  1189 I ASH     : @ 377848.913: tcs3701: stop power rail pending_off timer
11-26 21:36:36.742  1011  1189 D ASH     : @ 377848.913: tcs3701: start power rail timer, state:3
11-26 21:36:36.776  2113  2118 I pixel-thermal: skin-therm-monitor: 38.751
11-26 21:36:36.782  1011  1189 I ASH     : @ 377848.953: tcs3701: stop power rail pending_off timer
11-26 21:36:36.782  1011  1189 D ASH     : @ 377848.953: tcs3701: start power rail timer, state:3
11-26 21:36:36.789  8427  8469 I BatteryMgr:DataCollectionService: stats => 1701030996789,10681,4445,2136,4169000,100
11-26 21:36:36.822  1011  1189 I ASH     : @ 377848.993: tcs3701: stop power rail pending_off timer
11-26 21:36:36.822  1011  1189 D ASH     : @ 377848.993: tcs3701: start power rail timer, state:3
11-26 21:36:36.862  1011  1189 I ASH     : @ 377849.033: tcs3701: stop power rail pending_off timer
11-26 21:36:36.862  1011  1189 D ASH     : @ 377849.033: tcs3701: start power rail timer, state:3
11-26 21:36:36.895  8427  8469 I BatteryMgr:DataCollectionService: stats => 1701030996895,10681,4445,2136,4169000,100
11-26 21:36:36.902  1011  1189 I ASH     : @ 377849.073: tcs3701: stop power rail pending_off timer
11-26 21:36:36.902  1011  1189 D ASH     : @ 377849.073: tcs3701: start power rail timer, state:3
11-26 21:36:36.942  1011  1189 I ASH     : @ 377849.113: tcs3701: stop power rail pending_off timer
11-26 21:36:36.942  1011  1189 D ASH     : @ 377849.113: tcs3701: start power rail timer, state:3
11-26 21:36:36.982  1011  1189 I ASH     : @ 377849.153: tcs3701: stop power rail pending_off timer
11-26 21:36:36.982  1011  1189 D ASH     : @ 377849.153: tcs3701: start power rail timer, state:3
11-26 21:36:37.002  8427  8469 I BatteryMgr:DataCollectionService: stats => 1701030997002,10681,4445,2136,4169000,100
11-26 21:36:37.020  1795  2424 D WifiNetworkSelector: Current connected network: 12
11-26 21:36:37.020  1795  2424 V WifiConnectivityManager: No partial scan because firmware roaming is supported.
11-26 21:36:37.020  1795  2424 V WifiConnectivityManager: schedulePeriodicScanTimer intervalMs 20000
11-26 21:36:37.022  1011  1189 I ASH     : @ 377849.193: tcs3701: stop power rail pending_off timer
11-26 21:36:37.022  1011  1189 D ASH     : @ 377849.193: tcs3701: start power rail timer, state:3
11-26 21:36:37.048 26741 26741 E AbstractGmsTracer: Traced class shouldn't be obfuscated: GmsBoundBrokerChimeraService [CONTEXT service_id=259 ]
11-26 21:36:37.049 26741 26741 D BoundBrokerSvc: onBind: Intent { act=com.google.android.gms.common.BIND_SHARED_PREFS pkg=com.google.android.gms }
11-26 21:36:37.049 26741 26741 D BoundBrokerSvc: Loading bound service for intent: Intent { act=com.google.android.gms.common.BIND_SHARED_PREFS pkg=com.google.android.gms }
11-26 21:36:37.049 26741 26741 E AbstractGmsTracer: Traced class shouldn't be obfuscated: SharedPreferencesBoundService [CONTEXT service_id=259 ]
11-26 21:36:37.053 26741 26741 D BoundBrokerSvc: onUnbind: Intent { act=com.google.android.gms.common.BIND_SHARED_PREFS pkg=com.google.android.gms }
11-26 21:36:37.061  1795  2679 D ActivityManager: freezer override set to true
11-26 21:36:37.062  1011  1189 I ASH     : @ 377849.233: tcs3701: stop power rail pending_off timer
11-26 21:36:37.062  1011  1189 D ASH     : @ 377849.233: tcs3701: start power rail timer, state:3
11-26 21:36:37.102  1011  1189 I ASH     : @ 377849.273: tcs3701: stop power rail pending_off timer
11-26 21:36:37.102  1011  1189 D ASH     : @ 377849.273: tcs3701: start power rail timer, state:3
11-26 21:36:37.108  8427  8469 I BatteryMgr:DataCollectionService: stats => 1701030997108,10681,4445,2136,4169000,100
11-26 21:36:37.142  1011  1189 I ASH     : @ 377849.313: tcs3701: stop power rail pending_off timer
11-26 21:36:37.142  1011  1189 D ASH     : @ 377849.313: tcs3701: start power rail timer, state:3
11-26 21:36:37.182  1011  1189 I ASH     : @ 377849.353: tcs3701: stop power rail pending_off timer
11-26 21:36:37.182  1011  1189 D ASH     : @ 377849.353: tcs3701: start power rail timer, state:3
11-26 21:36:37.214  8427  8469 I BatteryMgr:DataCollectionService: stats => 1701030997214,10681,4445,2136,4169000,100
11-26 21:36:37.227  1011  1189 I ASH     : @ 377849.393: tcs3701: stop power rail pending_off timer
11-26 21:36:37.227  1011  1189 D ASH     : @ 377849.393: tcs3701: start power rail timer, state:3
11-26 21:36:37.240 20880 20935 I m.chrome.canary: Explicit concurrent copying GC freed 1068856(20MB) AllocSpace objects, 1(20KB) LOS objects, 75% free, 12MB/50MB, paused 91us,29us total 72.815ms
11-26 21:36:37.240 20880 20889 I m.chrome.canary: WaitForGcToComplete blocked Background on Explicit for 50.570ms
11-26 21:36:37.262  1011  1189 I ASH     : @ 377849.433: tcs3701: stop power rail pending_off timer
11-26 21:36:37.262  1011  1189 D ASH     : @ 377849.433: tcs3701: start power rail timer, state:3
11-26 21:36:37.302  1011  1189 I ASH     : @ 377849.473: tcs3701: stop power rail pending_off timer
11-26 21:36:37.302  1011  1189 D ASH     : @ 377849.473: tcs3701: start power rail timer, state:3
11-26 21:36:37.311  1795  2679 D ActivityManager: freezer override set to false
11-26 21:36:37.318  8427  8469 I BatteryMgr:DataCollectionService: stats => 1701030997317,10681,4445,2136,4169000,100
11-26 21:36:37.342  1011  1189 I ASH     : @ 377849.513: tcs3701: stop power rail pending_off timer
11-26 21:36:37.342  1011  1189 D ASH     : @ 377849.513: tcs3701: start power rail timer, state:3
11-26 21:36:37.359  1795  2679 D ActivityManager: freezer override set to true
11-26 21:36:37.361  1795  2679 D ActivityManager: freezer override set to false
11-26 21:36:37.382  1011  1189 I ASH     : @ 377849.553: tcs3701: stop power rail pending_off timer
11-26 21:36:37.382  1011  1189 D ASH     : @ 377849.553: tcs3701: start power rail timer, state:3
11-26 21:36:37.408  1795  2679 D ActivityManager: freezer override set to true
11-26 21:36:37.416  1795  3659 D ActivityManager: freezer override set to false
11-26 21:36:37.422  1011  1189 I ASH     : @ 377849.593: tcs3701: stop power rail pending_off timer
11-26 21:36:37.422  1011  1189 D ASH     : @ 377849.593: tcs3701: start power rail timer, state:3
11-26 21:36:37.424  8427  8469 I BatteryMgr:DataCollectionService: stats => 1701030997424,10681,4445,2136,4169000,100
11-26 21:36:37.461  1011  1189 I ASH     : @ 377849.633: tcs3701: stop power rail pending_off timer
11-26 21:36:37.462  1011  1189 D ASH     : @ 377849.633: tcs3701: start power rail timer, state:3
11-26 21:36:37.502  1011  1189 I ASH     : @ 377849.673: tcs3701: stop power rail pending_off timer
11-26 21:36:37.502  1011  1189 D ASH     : @ 377849.673: tcs3701: start power rail timer, state:3
11-26 21:36:37.530  8427  8469 I BatteryMgr:DataCollectionService: stats => 1701030997530,10681,4445,2136,4169000,100
11-26 21:36:37.542  1011  1189 I ASH     : @ 377849.713: tcs3701: stop power rail pending_off timer
11-26 21:36:37.542  1011  1189 D ASH     : @ 377849.713: tcs3701: start power rail timer, state:3
11-26 21:36:37.582  1011  1189 I ASH     : @ 377849.753: tcs3701: stop power rail pending_off timer
11-26 21:36:37.582  1011  1189 D ASH     : @ 377849.753: tcs3701: start power rail timer, state:3
11-26 21:36:37.588  1795  1848 I system_server: Background concurrent copying GC freed 1935966(73MB) AllocSpace objects, 1134(22MB) LOS objects, 69% free, 42MB/138MB, paused 86us,142us total 179.300ms
11-26 21:36:37.622  1011  1189 I ASH     : @ 377849.793: tcs3701: stop power rail pending_off timer
11-26 21:36:37.622  1011  1189 D ASH     : @ 377849.793: tcs3701: start power rail timer, state:3
11-26 21:36:37.634  8427  8469 I BatteryMgr:DataCollectionService: stats => 1701030997634,10681,4445,2136,4169000,100
11-26 21:36:37.636  1795  1850 W System  : A resource failed to call release. 
11-26 21:36:37.652  1795  1850 W System  : A resource failed to call close. 
11-26 21:36:37.662  1011  1189 I ASH     : @ 377849.833: tcs3701: stop power rail pending_off timer
11-26 21:36:37.662  1011  1189 D ASH     : @ 377849.833: tcs3701: start power rail timer, state:3
11-26 21:36:37.702  1011  1189 I ASH     : @ 377849.873: tcs3701: stop power rail pending_off timer
11-26 21:36:37.702  1011  1189 D ASH     : @ 377849.873: tcs3701: start power rail timer, state:3
11-26 21:36:37.739  8427  8469 I BatteryMgr:DataCollectionService: stats => 1701030997739,10681,4445,2136,4169000,100
11-26 21:36:37.742  1011  1189 I ASH     : @ 377849.913: tcs3701: stop power rail pending_off timer
11-26 21:36:37.742  1011  1189 D ASH     : @ 377849.913: tcs3701: start power rail timer, state:3
11-26 21:36:37.782  1011  1189 I ASH     : @ 377849.953: tcs3701: stop power rail pending_off timer
11-26 21:36:37.782  1011  1189 D ASH     : @ 377849.953: tcs3701: start power rail timer, state:3
11-26 21:36:37.822  1011  1189 I ASH     : @ 377849.993: tcs3701: stop power rail pending_off timer
11-26 21:36:37.822  1011  1189 D ASH     : @ 377849.993: tcs3701: start power rail timer, state:3
11-26 21:36:37.843  8427  8469 I BatteryMgr:DataCollectionService: stats => 1701030997843,10681,4445,2136,4169000,100
11-26 21:36:37.862  1011  1189 I ASH     : @ 377850.033: tcs3701: stop power rail pending_off timer
11-26 21:36:37.862  1011  1189 D ASH     : @ 377850.033: tcs3701: start power rail timer, state:3
11-26 21:36:37.902  1011  1189 I ASH     : @ 377850.073: tcs3701: stop power rail pending_off timer
11-26 21:36:37.902  1011  1189 D ASH     : @ 377850.073: tcs3701: start power rail timer, state:3
11-26 21:36:37.942  1011  1189 I ASH     : @ 377850.113: tcs3701: stop power rail pending_off timer
11-26 21:36:37.942  1011  1189 D ASH     : @ 377850.113: tcs3701: start power rail timer, state:3
11-26 21:36:37.947  8427  8469 I BatteryMgr:DataCollectionService: stats => 1701030997947,10681,4445,2136,4169000,100
11-26 21:36:37.982  1011  1189 I ASH     : @ 377850.153: tcs3701: stop power rail pending_off timer
11-26 21:36:37.982  1011  1189 D ASH     : @ 377850.153: tcs3701: start power rail timer, state:3
11-26 21:36:38.022  1011  1189 I ASH     : @ 377850.193: tcs3701: stop power rail pending_off timer
11-26 21:36:38.022  1011  1189 D ASH     : @ 377850.193: tcs3701: start power rail timer, state:3
11-26 21:36:38.051  8427  8469 I BatteryMgr:DataCollectionService: stats => 1701030998051,10681,4445,2136,4169000,100
11-26 21:36:38.062  1011  1189 I ASH     : @ 377850.233: tcs3701: stop power rail pending_off timer
11-26 21:36:38.062  1011  1189 D ASH     : @ 377850.233: tcs3701: start power rail timer, state:3
11-26 21:36:38.102  1011  1189 I ASH     : @ 377850.273: tcs3701: stop power rail pending_off timer
11-26 21:36:38.102  1011  1189 D ASH     : @ 377850.273: tcs3701: start power rail timer, state:3
11-26 21:36:38.142  1011  1189 I ASH     : @ 377850.313: tcs3701: stop power rail pending_off timer
11-26 21:36:38.142  1011  1189 D ASH     : @ 377850.313: tcs3701: start power rail timer, state:3
11-26 21:36:38.156  8427  8469 I BatteryMgr:DataCollectionService: stats => 1701030998156,10681,4445,2136,4169000,100
11-26 21:36:38.182  1011  1189 I ASH     : @ 377850.353: tcs3701: stop power rail pending_off timer
11-26 21:36:38.182  1011  1189 D ASH     : @ 377850.353: tcs3701: start power rail timer, state:3
11-26 21:36:38.222  1011  1189 I ASH     : @ 377850.393: tcs3701: stop power rail pending_off timer
11-26 21:36:38.222  1011  1189 D ASH     : @ 377850.393: tcs3701: start power rail timer, state:3
11-26 21:36:38.261  8427  8469 I BatteryMgr:DataCollectionService: stats => 1701030998260,10681,4445,2136,4169000,100
11-26 21:36:38.262  1011  1189 I ASH     : @ 377850.433: tcs3701: stop power rail pending_off timer
11-26 21:36:38.262  1011  1189 D ASH     : @ 377850.433: tcs3701: start power rail timer, state:3
11-26 21:36:38.302  1011  1189 I ASH     : @ 377850.473: tcs3701: stop power rail pending_off timer
11-26 21:36:38.302  1011  1189 D ASH     : @ 377850.473: tcs3701: start power rail timer, state:3
11-26 21:36:38.342  1011  1189 I ASH     : @ 377850.513: tcs3701: stop power rail pending_off timer
11-26 21:36:38.342  1011  1189 D ASH     : @ 377850.513: tcs3701: start power rail timer, state:3
11-26 21:36:38.365  8427  8469 I BatteryMgr:DataCollectionService: stats => 1701030998365,10681,4445,2136,4169000,100
11-26 21:36:38.382  1011  1189 I ASH     : @ 377850.553: tcs3701: stop power rail pending_off timer
11-26 21:36:38.382  1011  1189 D ASH     : @ 377850.553: tcs3701: start power rail timer, state:3
11-26 21:36:38.421  1011  1189 I ASH     : @ 377850.593: tcs3701: stop power rail pending_off timer
11-26 21:36:38.422  1011  1189 D ASH     : @ 377850.593: tcs3701: start power rail timer, state:3
11-26 21:36:38.432  1795  2679 D ActivityManager: freezer override set to true
11-26 21:36:38.435  1795  2679 D ActivityManager: freezer override set to false
11-26 21:36:38.462  1011  1189 I ASH     : @ 377850.633: tcs3701: stop power rail pending_off timer
11-26 21:36:38.462  1011  1189 D ASH     : @ 377850.633: tcs3701: start power rail timer, state:3
11-26 21:36:38.469  8427  8469 I BatteryMgr:DataCollectionService: stats => 1701030998469,10681,4445,2136,4169000,100
11-26 21:36:38.502  1011  1189 I ASH     : @ 377850.673: tcs3701: stop power rail pending_off timer
11-26 21:36:38.502  1011  1189 D ASH     : @ 377850.673: tcs3701: start power rail timer, state:3
11-26 21:36:38.542  1011  1189 I ASH     : @ 377850.713: tcs3701: stop power rail pending_off timer
11-26 21:36:38.542  1011  1189 D ASH     : @ 377850.713: tcs3701: start power rail timer, state:3
11-26 21:36:38.564  1795  2679 D ActivityManager: freezer override set to true
11-26 21:36:38.575  8427  8469 I BatteryMgr:DataCollectionService: stats => 1701030998575,10681,4445,2136,4169000,100
11-26 21:36:38.582  1011  1189 I ASH     : @ 377850.753: tcs3701: stop power rail pending_off timer
11-26 21:36:38.582  1011  1189 D ASH     : @ 377850.753: tcs3701: start power rail timer, state:3
11-26 21:36:38.622  1011  1189 I ASH     : @ 377850.793: tcs3701: stop power rail pending_off timer
11-26 21:36:38.622  1011  1189 D ASH     : @ 377850.793: tcs3701: start power rail timer, state:3
11-26 21:36:38.662  1011  1189 I ASH     : @ 377850.833: tcs3701: stop power rail pending_off timer
11-26 21:36:38.662  1011  1189 D ASH     : @ 377850.833: tcs3701: start power rail timer, state:3
11-26 21:36:38.681  8427  8469 I BatteryMgr:DataCollectionService: stats => 1701030998681,10681,4445,2136,4169000,100
11-26 21:36:38.686 20880 20935 I m.chrome.canary: Waiting for a blocking GC Explicit
11-26 21:36:38.702  1011  1189 I ASH     : @ 377850.873: tcs3701: stop power rail pending_off timer
11-26 21:36:38.702  1011  1189 D ASH     : @ 377850.873: tcs3701: start power rail timer, state:3
11-26 21:36:38.712 20880 20889 I m.chrome.canary: Background concurrent copying GC freed 2180246(39MB) AllocSpace objects, 2(40KB) LOS objects, 75% free, 14MB/59MB, paused 114us,52us total 136.221ms
11-26 21:36:38.712 20880 20935 I m.chrome.canary: WaitForGcToComplete blocked Explicit on Background for 26.011ms
11-26 21:36:38.742  1011  1189 I ASH     : @ 377850.913: tcs3701: stop power rail pending_off timer
11-26 21:36:38.742  1011  1189 D ASH     : @ 377850.913: tcs3701: start power rail timer, state:3
11-26 21:36:38.772 20880 20935 I m.chrome.canary: Explicit concurrent copying GC freed 78616(1651KB) AllocSpace objects, 0(0B) LOS objects, 75% free, 14MB/59MB, paused 140us,55us total 60.197ms
11-26 21:36:38.778  2113  2118 I pixel-thermal: skin-therm-monitor: 38.74
11-26 21:36:38.782  1011  1189 I ASH     : @ 377850.953: tcs3701: stop power rail pending_off timer
11-26 21:36:38.782  1011  1189 D ASH     : @ 377850.953: tcs3701: start power rail timer, state:3
11-26 21:36:38.786  8427  8469 I BatteryMgr:DataCollectionService: stats => 1701030998785,10681,4445,2136,4169000,100
11-26 21:36:38.822  1011  1189 I ASH     : @ 377850.993: tcs3701: stop power rail pending_off timer
11-26 21:36:38.822  1011  1189 D ASH     : @ 377850.993: tcs3701: start power rail timer, state:3
11-26 21:36:38.842  1795  2679 D ActivityManager: freezer override set to false
11-26 21:36:38.862  1011  1189 I ASH     : @ 377851.033: tcs3701: stop power rail pending_off timer
11-26 21:36:38.862  1011  1189 D ASH     : @ 377851.033: tcs3701: start power rail timer, state:3
11-26 21:36:38.884  1795  2679 D ActivityManager: freezer override set to true
11-26 21:36:38.886  1795  2679 D ActivityManager: freezer override set to false
11-26 21:36:38.891  8427  8469 I BatteryMgr:DataCollectionService: stats => 1701030998891,10681,4445,2136,4169000,100
11-26 21:36:38.902  1011  1189 I ASH     : @ 377851.073: tcs3701: stop power rail pending_off timer
11-26 21:36:38.902  1011  1189 D ASH     : @ 377851.073: tcs3701: start power rail timer, state:3
11-26 21:36:38.937  1795  2679 D ActivityManager: freezer override set to true
11-26 21:36:38.942  1011  1189 I ASH     : @ 377851.113: tcs3701: stop power rail pending_off timer
11-26 21:36:38.942  1011  1189 D ASH     : @ 377851.113: tcs3701: start power rail timer, state:3
11-26 21:36:38.942  1795  2679 D ActivityManager: freezer override set to false
11-26 21:36:38.982  1011  1189 I ASH     : @ 377851.153: tcs3701: stop power rail pending_off timer
11-26 21:36:38.982  1011  1189 D ASH     : @ 377851.153: tcs3701: start power rail timer, state:3
11-26 21:36:38.985  1795  2424 D WifiClientModeImpl[13802:wlan0]: updateLinkLayerStatsRssiSpeedFrequencyCapabilities rssi=-41 TxLinkspeed=780 freq=5240 RxLinkSpeed=866
11-26 21:36:38.985  1795  2424 D WifiDataStall: tx tput in kbps: 700242
11-26 21:36:38.985  1795  2424 D WifiDataStall: rx tput in kbps: 761132
11-26 21:36:38.985  1795  2424 V WifiConfigManager: Updating scan detail cache freq=5240 BSSID=f4:6d:2f:12:cc:88 RSSI=-41 for "ourhome"WPA_PSK
11-26 21:36:38.986  1795  2424 D WifiChannelUtilization:  freq: 5240 onTime: 10539629 busyTime: 968370 onTimeDiff: 891773 busyTimeDiff: 111884 utilization: 31 utilization t0: 23
11-26 21:36:38.986  1795  2424 D WifiDataStall:  ccaLevel = 31
11-26 21:36:38.986  1795  2424 D WifiDataStall: L2 txTputKbps: 562148, rxTputKbps: 761132, L3 txTputKbps: 139, rxTputKbps: 7860, TxTrafficHigh: true, RxTrafficHigh: true, Throughput Sufficient: true
11-26 21:36:38.986  1795  2424 D WifiScoreReport: Wifi scoring disabled - Don't check IP layer
11-26 21:36:38.986  1795  2424 D WifiScoreCard: BSSID update SIGNAL_POLL ID: 1320464697 SSID: "ourhome", BSSID: f4:6d:2f:12:cc:88, MAC: b2:2f:ec:da:4a:0c, IP: /192.168.1.104, Security type: 2, Supplicant state: COMPLETED, Wi-Fi standard: 5, RSSI: -41, Link speed: 780Mbps, Tx Link speed: 780Mbps, Max Supported Tx Link speed: 866Mbps, Rx Link speed: 866Mbps, Max Supported Rx Link speed: 866Mbps, Frequency: 5240MHz, Net ID: 12, Metered hint: false, score: 60, isUsable: true, CarrierMerged: false, SubscriptionId: -1, IsPrimary: 1, Trusted: true, Restricted: false, Ephemeral: false, OEM paid: false, OEM private: false, OSU AP: false, FQDN: <none>, Provider friendly name: <none>, Requesting package name: <none>"ourhome"wpa2-pskMLO Information: , Is TID-To-Link negotiation supported by the AP: false, AP MLD Address: <none>, AP MLO Link Id: <none>, AP MLO Affiliated links: <none>
11-26 21:36:38.986  1795  2424 D WifiScoreCard: txRate: 217 txSpeed: 780
11-26 21:36:38.986  1795  2424 D WifiScoreCard: network update SIGNAL_POLL "ourhome" ID: 1499892569 RSSI -41 txSpeed 780
11-26 21:36:38.986  1795  2424 D WifiClientModeImpl[13802:wlan0]:  ClientModeImpl$L2ConnectedState screen=on 37 0 "ourhome" f4:6d:2f:12:cc:88 rssi=-41 f=5240 sc=60 link=780 tx=179.8, 36.7, 0.0 rx=347.0 bcn=3575573 [on:2775 tx:89 rx:45 period:3006] from screen [on:903648 period:18564272] score=60
11-26 21:36:38.987  2782  5906 D QCNEJ/WlanStaInfoRelay: Received action: android.net.wifi.RSSI_CHANGED
11-26 21:36:38.988  2673 18847 V WifiManager: OnWifiUsabilityStatsListener: onWifiUsabilityStats: seqNum=96775
11-26 21:36:38.991  1795  2679 I WifiService: updateWifiUsabilityScore uid=10180 seqNum=96775 score=100 predictionHorizonSec=1441795
11-26 21:36:38.992  1795  2424 D WifiScoreReport: Wifi scoring disabled - Notify that Wifi is usable
11-26 21:36:38.994  1795  2432 D ConnectivityService: NetReassign [no changes] [c 0] [a 0] [i 1]
11-26 21:36:38.996  8427  8469 I BatteryMgr:DataCollectionService: stats => 1701030998996,10681,4445,2136,4169000,100
11-26 21:36:39.022  1011  1189 I ASH     : @ 377851.193: tcs3701: stop power rail pending_off timer
11-26 21:36:39.022  1011  1189 D ASH     : @ 377851.193: tcs3701: start power rail timer, state:3
11-26 21:36:39.024  1795  2172 W ProcessCpuTracker: Failed to stat(/proc/21236): android.system.ErrnoException: stat failed: ENOENT (No such file or directory)
11-26 21:36:39.024  1795  2172 W ProcessCpuTracker: Skipping unknown process pid 21236
11-26 21:36:39.058 20958 20991 I AdrenoVK-0: QUALCOMM build          : 4783c89, I46ff5fc46f
11-26 21:36:39.058 20958 20991 I AdrenoVK-0: Build Date              : 11/30/20
11-26 21:36:39.058 20958 20991 I AdrenoVK-0: Shader Compiler Version : EV031.31.04.01
11-26 21:36:39.058 20958 20991 I AdrenoVK-0: Local Branch            : QPR2
11-26 21:36:39.058 20958 20991 I AdrenoVK-0: Remote Branch           : 
11-26 21:36:39.058 20958 20991 I AdrenoVK-0: Remote Branch           : 
11-26 21:36:39.058 20958 20991 I AdrenoVK-0: Reconstruct Branch      : 
11-26 21:36:39.058 20958 20991 I AdrenoVK-0: Build Config            : S P 10.0.4 AArch64
11-26 21:36:39.059 20958 20991 I AdrenoVK-0: Driver Path             : /vendor/lib64/hw/vulkan.adreno.so
11-26 21:36:39.062  1011  1189 I ASH     : @ 377851.233: tcs3701: stop power rail pending_off timer
11-26 21:36:39.062  1011  1189 D ASH     : @ 377851.233: tcs3701: start power rail timer, state:3
11-26 21:36:39.069 20880 20944 W chromium: [WARNING:ev_root_ca_metadata.cc(119)] Not implemented
11-26 21:36:39.102  1011  1189 I ASH     : @ 377851.273: tcs3701: stop power rail pending_off timer
11-26 21:36:39.102  1011  1189 D ASH     : @ 377851.273: tcs3701: start power rail timer, state:3
11-26 21:36:39.111  8427  8469 I BatteryMgr:DataCollectionService: stats => 1701030999111,10681,4445,2136,4169000,100
11-26 21:36:39.124 20880 20940 W chromium: [WARNING:ev_root_ca_metadata.cc(119)] Not implemented
11-26 21:36:39.142  1011  1189 I ASH     : @ 377851.313: tcs3701: stop power rail pending_off timer
11-26 21:36:39.142  1011  1189 D ASH     : @ 377851.313: tcs3701: start power rail timer, state:3
11-26 21:36:39.182  1011  1189 I ASH     : @ 377851.353: tcs3701: stop power rail pending_off timer
11-26 21:36:39.182  1011  1189 D ASH     : @ 377851.353: tcs3701: start power rail timer, state:3
11-26 21:36:39.217  8427  8469 I BatteryMgr:DataCollectionService: stats => 1701030999217,10681,4445,2136,4169000,100
11-26 21:36:39.222  1011  1189 I ASH     : @ 377851.393: tcs3701: stop power rail pending_off timer
11-26 21:36:39.222  1011  1189 D ASH     : @ 377851.393: tcs3701: start power rail timer, state:3
11-26 21:36:39.257 20880 20939 W chromium: [WARNING:ev_root_ca_metadata.cc(119)] Not implemented
11-26 21:36:39.257 20880 20939 W chromium: [WARNING:ev_root_ca_metadata.cc(119)] Not implemented
11-26 21:36:39.262  1011  1189 I ASH     : @ 377851.433: tcs3701: stop power rail pending_off timer
11-26 21:36:39.262  1011  1189 D ASH     : @ 377851.433: tcs3701: start power rail timer, state:3
11-26 21:36:39.302  1011  1189 I ASH     : @ 377851.473: tcs3701: stop power rail pending_off timer
11-26 21:36:39.302  1011  1189 D ASH     : @ 377851.473: tcs3701: start power rail timer, state:3
11-26 21:36:39.323  8427  8469 I BatteryMgr:DataCollectionService: stats => 1701030999322,10681,4445,2136,4169000,100
11-26 21:36:39.342  1011  1189 I ASH     : @ 377851.513: tcs3701: stop power rail pending_off timer
11-26 21:36:39.342  1011  1189 D ASH     : @ 377851.513: tcs3701: start power rail timer, state:3
11-26 21:36:39.382  1011  1189 I ASH     : @ 377851.553: tcs3701: stop power rail pending_off timer
11-26 21:36:39.382  1011  1189 D ASH     : @ 377851.553: tcs3701: start power rail timer, state:3
11-26 21:36:39.422  1011  1189 I ASH     : @ 377851.593: tcs3701: stop power rail pending_off timer
11-26 21:36:39.422  1011  1189 D ASH     : @ 377851.593: tcs3701: start power rail timer, state:3
11-26 21:36:39.429  8427  8469 I BatteryMgr:DataCollectionService: stats => 1701030999429,10681,4445,2136,4169000,100
11-26 21:36:39.430  1795  2679 D ActivityManager: freezer override set to true
11-26 21:36:39.436  1795  2679 D ActivityManager: freezer override set to false
11-26 21:36:39.462  1011  1189 I ASH     : @ 377851.633: tcs3701: stop power rail pending_off timer
11-26 21:36:39.462  1011  1189 D ASH     : @ 377851.633: tcs3701: start power rail timer, state:3
11-26 21:36:39.501  1011  1189 I ASH     : @ 377851.673: tcs3701: stop power rail pending_off timer
11-26 21:36:39.502  1011  1189 D ASH     : @ 377851.673: tcs3701: start power rail timer, state:3
11-26 21:36:39.535  8427  8469 I BatteryMgr:DataCollectionService: stats => 1701030999535,10681,4445,2136,4169000,100
11-26 21:36:39.542  1011  1189 I ASH     : @ 377851.713: tcs3701: stop power rail pending_off timer
11-26 21:36:39.542  1011  1189 D ASH     : @ 377851.713: tcs3701: start power rail timer, state:3
11-26 21:36:39.581 20880 20939 W chromium: [WARNING:ev_root_ca_metadata.cc(119)] Not implemented
11-26 21:36:39.581 20880 20939 W chromium: [WARNING:ev_root_ca_metadata.cc(119)] Not implemented
11-26 21:36:39.582  1011  1189 I ASH     : @ 377851.753: tcs3701: stop power rail pending_off timer
11-26 21:36:39.582  1011  1189 D ASH     : @ 377851.753: tcs3701: start power rail timer, state:3
11-26 21:36:39.622  1011  1189 I ASH     : @ 377851.793: tcs3701: stop power rail pending_off timer
11-26 21:36:39.622  1011  1189 D ASH     : @ 377851.793: tcs3701: start power rail timer, state:3
11-26 21:36:39.639  8427  8469 I BatteryMgr:DataCollectionService: stats => 1701030999639,10681,4445,2136,4169000,100
11-26 21:36:39.662  1011  1189 I ASH     : @ 377851.833: tcs3701: stop power rail pending_off timer
11-26 21:36:39.662  1011  1189 D ASH     : @ 377851.833: tcs3701: start power rail timer, state:3
11-26 21:36:39.702  1011  1189 I ASH     : @ 377851.873: tcs3701: stop power rail pending_off timer
11-26 21:36:39.702  1011  1189 D ASH     : @ 377851.873: tcs3701: start power rail timer, state:3
11-26 21:36:39.730 20880 20880 D CompatibilityChangeReporter: Compat change id reported: 194532703; UID 10010; state: ENABLED
11-26 21:36:39.732  1795  4165 D CompatibilityChangeReporter: Compat change id reported: 194532703; UID 10010; state: ENABLED
11-26 21:36:39.742  1011  1189 I ASH     : @ 377851.913: tcs3701: stop power rail pending_off timer
11-26 21:36:39.742  1011  1189 D ASH     : @ 377851.913: tcs3701: start power rail timer, state:3
11-26 21:36:39.749  8427  8469 I BatteryMgr:DataCollectionService: stats => 1701030999748,10681,4445,2136,4169000,100
11-26 21:36:39.751 20880 20880 I cr_omaha: Scheduled using JobService
11-26 21:36:39.751 20880 20880 E cr_BkgrdTaskJS: Tried finishing non-current BackgroundTask.
11-26 21:36:39.782  1011  1189 I ASH     : @ 377851.953: tcs3701: stop power rail pending_off timer
11-26 21:36:39.782  1011  1189 D ASH     : @ 377851.953: tcs3701: start power rail timer, state:3
11-26 21:36:39.821  1011  1189 I ASH     : @ 377851.993: tcs3701: stop power rail pending_off timer
11-26 21:36:39.822  1011  1189 D ASH     : @ 377851.993: tcs3701: start power rail timer, state:3
11-26 21:36:39.854  8427  8469 I BatteryMgr:DataCollectionService: stats => 1701030999854,10681,4445,2136,4169000,100
11-26 21:36:39.862  1011  1189 I ASH     : @ 377852.033: tcs3701: stop power rail pending_off timer
11-26 21:36:39.862  1011  1189 D ASH     : @ 377852.033: tcs3701: start power rail timer, state:3
11-26 21:36:39.902  1011  1189 I ASH     : @ 377852.073: tcs3701: stop power rail pending_off timer
11-26 21:36:39.902  1011  1189 D ASH     : @ 377852.073: tcs3701: start power rail timer, state:3
11-26 21:36:39.941  1011  1189 I ASH     : @ 377852.113: tcs3701: stop power rail pending_off timer
11-26 21:36:39.942  1011  1189 D ASH     : @ 377852.113: tcs3701: start power rail timer, state:3
11-26 21:36:39.961  8427  8469 I BatteryMgr:DataCollectionService: stats => 1701030999961,10681,4445,2136,4169000,100
11-26 21:36:39.961  3875  3875 I VISHotwordAdapter: Not connected and not waiting for connection.
11-26 21:36:39.966  3875  3875 I VISHotwordAdapter: Still waiting for connection; add the callback to callback list
11-26 21:36:39.968 20880 20918 I cr_BindingManager: Visible binding enabled: maxSize=-1
11-26 21:36:39.972  3875  3875 W VISHotwordAdapter: gsaVis null binding. HDM in use.
11-26 21:36:39.982  1011  1189 I ASH     : @ 377852.153: tcs3701: stop power rail pending_off timer
11-26 21:36:39.982  1011  1189 D ASH     : @ 377852.153: tcs3701: start power rail timer, state:3
11-26 21:36:39.984  1795  3659 W PackageConfigPersister: App-specific configuration not found for packageName: com.chrome.canary and userId: 0
11-26 21:36:39.985 26837 26837 E AbstractGmsTracer: Traced class shouldn't be obfuscated: ChimeraGetToken [CONTEXT service_id=259 ]
11-26 21:36:39.987 20880 20880 I cr_A11yState: Enabled accessibility services list updated.
11-26 21:36:39.988 20880 20880 I cr_A11yState: Informing listeners of changes.
11-26 21:36:39.988 20880 20880 I cr_A11yState: New AccessibilityState: State{isScreenReaderEnabled=false, isTouchExplorationEnabled=false, isPerformGesturesEnabled=false, isAnyAccessibilityServiceEnabled=false, isAccessibilityToolPresent=false, isSpokenFeedbackServicePresent=false, isTextShowPasswordEnabled=true, isOnlyPasswordManagersEnabled=false}
11-26 21:36:40.001 26837 28269 W GmsStrictMode: DISK_READ [CONTEXT service_id=256 ]
