--------- beginning of main
11-26 18:11:06.460  1011  1189 I ASH     : @ 365518.633: tcs3701: stop power rail pending_off timer
11-26 18:11:06.460  1011  1189 D ASH     : @ 365518.633: tcs3701: start power rail timer, state:3
11-26 18:11:06.501  1011  1189 I ASH     : @ 365518.673: tcs3701: stop power rail pending_off timer
11-26 18:11:06.501  1011  1189 D ASH     : @ 365518.673: tcs3701: start power rail timer, state:3
11-26 18:11:06.540  1011  1189 I ASH     : @ 365518.713: tcs3701: stop power rail pending_off timer
11-26 18:11:06.540  1011  1189 D ASH     : @ 365518.713: tcs3701: start power rail timer, state:3
11-26 18:11:06.581  1011  1189 I ASH     : @ 365518.753: tcs3701: stop power rail pending_off timer
11-26 18:11:06.581  1011  1189 D ASH     : @ 365518.753: tcs3701: start power rail timer, state:3
11-26 18:11:06.620  1011  1189 I ASH     : @ 365518.793: tcs3701: stop power rail pending_off timer
11-26 18:11:06.620  1011  1189 D ASH     : @ 365518.793: tcs3701: start power rail timer, state:3
11-26 18:11:06.660  1011  1189 I ASH     : @ 365518.833: tcs3701: stop power rail pending_off timer
11-26 18:11:06.660  1011  1189 D ASH     : @ 365518.833: tcs3701: start power rail timer, state:3
11-26 18:11:06.700  1011  1189 I ASH     : @ 365518.873: tcs3701: stop power rail pending_off timer
11-26 18:11:06.700  1011  1189 D ASH     : @ 365518.873: tcs3701: start power rail timer, state:3
11-26 18:11:06.740  1011  1189 I ASH     : @ 365518.913: tcs3701: stop power rail pending_off timer
11-26 18:11:06.740  1011  1189 D ASH     : @ 365518.913: tcs3701: start power rail timer, state:3
11-26 18:11:06.774  9763  9763 D AndroidRuntime: >>>>>> START com.android.internal.os.RuntimeInit uid 2000 <<<<<<
11-26 18:11:06.780  1011  1189 I ASH     : @ 365518.953: tcs3701: stop power rail pending_off timer
11-26 18:11:06.780  1011  1189 D ASH     : @ 365518.953: tcs3701: start power rail timer, state:3
11-26 18:11:06.785  9763  9763 I AndroidRuntime: Using default boot image
11-26 18:11:06.785  9763  9763 I AndroidRuntime: Leaving lock profiling enabled
11-26 18:11:06.794  9763  9763 I app_process: Using CollectorTypeCC GC.
11-26 18:11:06.820  1011  1189 I ASH     : @ 365518.993: tcs3701: stop power rail pending_off timer
11-26 18:11:06.820  1011  1189 D ASH     : @ 365518.993: tcs3701: start power rail timer, state:3
11-26 18:11:06.861  1011  1189 I ASH     : @ 365519.033: tcs3701: stop power rail pending_off timer
11-26 18:11:06.861  1011  1189 D ASH     : @ 365519.033: tcs3701: start power rail timer, state:3
11-26 18:11:06.900  1011  1189 I ASH     : @ 365519.073: tcs3701: stop power rail pending_off timer
11-26 18:11:06.900  1011  1189 D ASH     : @ 365519.073: tcs3701: start power rail timer, state:3
11-26 18:11:06.940  1011  1189 I ASH     : @ 365519.113: tcs3701: stop power rail pending_off timer
11-26 18:11:06.940  1011  1189 D ASH     : @ 365519.113: tcs3701: start power rail timer, state:3
11-26 18:11:06.978  9763  9763 D nativeloader: InitDefaultPublicLibraries for_preload=1: libandroid.so:libaaudio.so:libamidi.so:libbinder_ndk.so:libc.so:libcamera2ndk.so:libdl.so:libEGL.so:libGLESv1_CM.so:libGLESv2.so:libGLESv3.so:libicu.so:libicui18n.so:libicuuc.so:libjnigraphics.so:liblog.so:libmediandk.so:libm.so:libnativehelper.so:libnativewindow.so:libOpenMAXAL.so:libOpenSLES.so:libRS.so:libstdc++.so:libsync.so:libvulkan.so:libwebviewchromium_plat_support.so:libz.so
11-26 18:11:06.980  1011  1189 I ASH     : @ 365519.153: tcs3701: stop power rail pending_off timer
11-26 18:11:06.980  1011  1189 D ASH     : @ 365519.153: tcs3701: start power rail timer, state:3
11-26 18:11:06.999  2113  2118 I pixel-thermal: skin-therm-monitor: 38.977
11-26 18:11:07.004  9763  9763 D app_process: Time zone APEX ICU file found: /apex/com.android.tzdata/etc/icu/icu_tzdata.dat
11-26 18:11:07.004  9763  9763 D app_process: I18n APEX ICU file found: /apex/com.android.i18n/etc/icu/icudt70l.dat
11-26 18:11:07.020  1011  1189 I ASH     : @ 365519.193: tcs3701: stop power rail pending_off timer
11-26 18:11:07.020  1011  1189 D ASH     : @ 365519.193: tcs3701: start power rail timer, state:3
11-26 18:11:07.050  9763  9763 D AndroidRuntime: Calling main entry com.android.commands.monkey.Monkey
11-26 18:11:07.052  9763  9763 W Monkey  : args: [-p, com.chrome.canary, 1]
11-26 18:11:07.052  9763  9763 W Monkey  :  arg: "-p"
11-26 18:11:07.052  9763  9763 W Monkey  :  arg: "com.chrome.canary"
11-26 18:11:07.052  9763  9763 W Monkey  :  arg: "1"
11-26 18:11:07.052  9763  9763 W Monkey  : data="com.chrome.canary"
11-26 18:11:07.061  1011  1189 I ASH     : @ 365519.233: tcs3701: stop power rail pending_off timer
11-26 18:11:07.061  1011  1189 D ASH     : @ 365519.233: tcs3701: start power rail timer, state:3
--------- beginning of system
11-26 18:11:07.073  1795  2119 W BroadcastQueue: Skipping deliver [background] BroadcastRecord{ec9f694 u-1 android.net.conn.CONNECTIVITY_CHANGE} to ReceiverList{f97453d 9763 (unknown name)/2000/u-1 remote:857c0a6}: process gone or crashing
11-26 18:11:07.082  1795  4144 D CompatibilityChangeReporter: Compat change id reported: 161252188; UID 10010; state: DISABLED
11-26 18:11:07.083  1795  4144 I ActivityTaskManager: START u0 {act=android.intent.action.MAIN cat=[android.intent.category.LAUNCHER] flg=0x10200000 cmp=com.chrome.canary/com.google.android.apps.chrome.Main} from uid 2000
11-26 18:11:07.083  1795  4144 D CompatibilityChangeReporter: Compat change id reported: 265464455; UID 10010; state: DISABLED
11-26 18:11:07.083  1795  4144 D CompatibilityChangeReporter: Compat change id reported: 265452344; UID 10010; state: DISABLED
11-26 18:11:07.083  1795  4144 D CompatibilityChangeReporter: Compat change id reported: 266124927; UID 10010; state: DISABLED
11-26 18:11:07.083  1795  4144 D CompatibilityChangeReporter: Compat change id reported: 265451093; UID 10010; state: DISABLED
11-26 18:11:07.083  1795  4144 D CompatibilityChangeReporter: Compat change id reported: 265456536; UID 10010; state: DISABLED
11-26 18:11:07.084  1795  4144 D CompatibilityChangeReporter: Compat change id reported: 255940284; UID 10010; state: DISABLED
11-26 18:11:07.084  1795  4144 D CompatibilityChangeReporter: Compat change id reported: 236283604; UID 10010; state: DISABLED
11-26 18:11:07.084  1795  4144 D CompatibilityChangeReporter: Compat change id reported: 263959004; UID 10010; state: DISABLED
11-26 18:11:07.084  1795  4144 D CompatibilityChangeReporter: Compat change id reported: 264304459; UID 10010; state: DISABLED
11-26 18:11:07.084  1795  4144 D CompatibilityChangeReporter: Compat change id reported: 264301586; UID 10010; state: DISABLED
11-26 18:11:07.084  1795  4144 D CompatibilityChangeReporter: Compat change id reported: 254631730; UID 10010; state: DISABLED
11-26 18:11:07.084  1795  4144 D CompatibilityChangeReporter: Compat change id reported: 273509367; UID 10010; state: DISABLED
11-26 18:11:07.084  1795  4144 D CompatibilityChangeReporter: Compat change id reported: 263259275; UID 10010; state: DISABLED
11-26 18:11:07.084  1795  4144 D CompatibilityChangeReporter: Compat change id reported: 194480991; UID 10010; state: ENABLED
11-26 18:11:07.085  1795  4144 D CompatibilityChangeReporter: Compat change id reported: 174042980; UID 10010; state: DISABLED
11-26 18:11:07.086  1795  4144 D CompatibilityChangeReporter: Compat change id reported: 184838306; UID 10010; state: DISABLED
11-26 18:11:07.086  1795  4144 D CompatibilityChangeReporter: Compat change id reported: 185004937; UID 10010; state: DISABLED
11-26 18:11:07.086  1795  4144 D CompatibilityChangeReporter: Compat change id reported: 181136395; UID 10010; state: DISABLED
11-26 18:11:07.086  1795  4144 D CompatibilityChangeReporter: Compat change id reported: 174042936; UID 10010; state: DISABLED
11-26 18:11:07.087  1795  4144 D CompatibilityChangeReporter: Compat change id reported: 205907456; UID 10010; state: ENABLED
11-26 18:11:07.090  1795  4144 D CompatibilityChangeReporter: Compat change id reported: 194833441; UID 10010; state: ENABLED
11-26 18:11:07.092  9763  9763 I Monkey  : Events injected: 1
11-26 18:11:07.093  1795  2100 D CompatibilityChangeReporter: Compat change id reported: 135634846; UID 10010; state: DISABLED
11-26 18:11:07.093  2513  2550 W Parcel  : Expecting binder but got null!
11-26 18:11:07.094  1795  2120 D CompatibilityChangeReporter: Compat change id reported: 143937733; UID 10010; state: ENABLED
11-26 18:11:07.099   987   987 D Zygote  : Forked child process 9778
11-26 18:11:07.099  1795  2120 I ActivityManager: Start proc 9778:com.chrome.canary/u0a10 for next-top-activity {com.chrome.canary/com.google.android.apps.chrome.Main}
11-26 18:11:07.100  1011  1189 I ASH     : @ 365519.273: tcs3701: stop power rail pending_off timer
11-26 18:11:07.100  1011  1189 D ASH     : @ 365519.273: tcs3701: start power rail timer, state:3
11-26 18:11:07.101  1795  3759 D CompatibilityChangeReporter: Compat change id reported: 168419799; UID 10010; state: DISABLED
11-26 18:11:07.101  1795  3759 D CompatibilityChangeReporter: Compat change id reported: 273564678; UID 10010; state: DISABLED
11-26 18:11:07.104  9763  9763 I Monkey  : ## Network stats: elapsed time=18ms (0ms mobile, 0ms wifi, 18ms not connected)
11-26 18:11:07.104  3657  4441 D ForegroundUtils: Foreground UID status:
11-26 18:11:07.104  3657  4441 D ForegroundUtils: UID: 10128 is in foreground: true
11-26 18:11:07.104  3657  4441 D ForegroundUtils: UID: 10158 is in foreground: true
11-26 18:11:07.104  3657  4441 D ForegroundUtils: UID: 10189 is in foreground: false
11-26 18:11:07.104  3657  4441 D ForegroundUtils: UID: 10194 is in foreground: true
11-26 18:11:07.104  3657  4441 D ForegroundUtils: UID: 10206 is in foreground: false
11-26 18:11:07.104  3657  4441 D ForegroundUtils: UID: 10233 is in foreground: true
11-26 18:11:07.104  3657  4441 D ForegroundUtils: UID: 10244 is in foreground: true
11-26 18:11:07.104  3657  4441 D ForegroundUtils: UID: 10319 is in foreground: true
11-26 18:11:07.104  9763  9763 I app_process: System.exit called, status: 0
11-26 18:11:07.104  9763  9763 I AndroidRuntime: VM exiting with result code 0.
11-26 18:11:07.107  9778  9778 I m.chrome.canary: Using CollectorTypeCC GC.
11-26 18:11:07.111  1383  1442 I adbd    : jdwp connection from 9778
11-26 18:11:07.113  2513  2550 E OpenGLRenderer: Unable to match the desired swap behavior.
11-26 18:11:07.124  9778  9778 I ActivityThread: Relaunch all activities: onCoreSettingsChange
11-26 18:11:07.124  9778  9778 D CompatibilityChangeReporter: Compat change id reported: 171979766; UID 10010; state: ENABLED
11-26 18:11:07.127  9778  9778 W ziparchive: Unable to open '/data/app/~~xK2KNYhs7Vn18sxJkcMggA==/com.google.android.trichromelibrary.canary_614500033-17M9CAQF6V59_-2q0N8dYA==/base.dm': No such file or directory
11-26 18:11:07.127  9778  9778 W ziparchive: Unable to open '/data/app/~~xK2KNYhs7Vn18sxJkcMggA==/com.google.android.trichromelibrary.canary_614500033-17M9CAQF6V59_-2q0N8dYA==/base.dm': No such file or directory
11-26 18:11:07.128  3657  4441 D ForegroundUtils: Foreground UID status:
11-26 18:11:07.128  9778  9778 W m.chrome.canary: Entry not found
11-26 18:11:07.128  3657  4441 D ForegroundUtils: UID: 10010 is in foreground: true
11-26 18:11:07.128  3657  4441 D ForegroundUtils: UID: 10128 is in foreground: true
11-26 18:11:07.128  3657  4441 D ForegroundUtils: UID: 10158 is in foreground: true
11-26 18:11:07.128  3657  4441 D ForegroundUtils: UID: 10189 is in foreground: false
11-26 18:11:07.128  3657  4441 D ForegroundUtils: UID: 10194 is in foreground: true
11-26 18:11:07.128  3657  4441 D ForegroundUtils: UID: 10206 is in foreground: false
11-26 18:11:07.128  3657  4441 D ForegroundUtils: UID: 10233 is in foreground: true
11-26 18:11:07.128  3657  4441 D ForegroundUtils: UID: 10244 is in foreground: true
11-26 18:11:07.128  3657  4441 D ForegroundUtils: UID: 10319 is in foreground: true
11-26 18:11:07.128  9778  9778 D nativeloader: Configuring clns-4 for other apk /data/app/~~xK2KNYhs7Vn18sxJkcMggA==/com.google.android.trichromelibrary.canary_614500033-17M9CAQF6V59_-2q0N8dYA==/base.apk. target_sdk_version=34, uses_libraries=ALL, library_path=/data/app/~~z5-dMYmQLvS-4mWZ9yqnFA==/com.chrome.canary-7Pcck9f8OWCuqG0lIoq4tg==/lib/arm64:/data/app/~~z5-dMYmQLvS-4mWZ9yqnFA==/com.chrome.canary-7Pcck9f8OWCuqG0lIoq4tg==/base.apk!/lib/arm64-v8a:/data/app/~~xK2KNYhs7Vn18sxJkcMggA==/com.google.android.trichromelibrary.canary_614500033-17M9CAQF6V59_-2q0N8dYA==/base.apk!/lib/arm64-v8a, permitted_path=/data:/mnt/expand:/data/user/0/com.chrome.canary
11-26 18:11:07.131  9778  9778 D nativeloader: Configuring clns-5 for other apk /data/app/~~z5-dMYmQLvS-4mWZ9yqnFA==/com.chrome.canary-7Pcck9f8OWCuqG0lIoq4tg==/base.apk. target_sdk_version=34, uses_libraries=, library_path=/data/app/~~z5-dMYmQLvS-4mWZ9yqnFA==/com.chrome.canary-7Pcck9f8OWCuqG0lIoq4tg==/lib/arm64:/data/app/~~z5-dMYmQLvS-4mWZ9yqnFA==/com.chrome.canary-7Pcck9f8OWCuqG0lIoq4tg==/base.apk!/lib/arm64-v8a:/data/app/~~xK2KNYhs7Vn18sxJkcMggA==/com.google.android.trichromelibrary.canary_614500033-17M9CAQF6V59_-2q0N8dYA==/base.apk!/lib/arm64-v8a, permitted_path=/data:/mnt/expand:/data/user/0/com.chrome.canary
11-26 18:11:07.140  9778  9778 V GraphicsEnvironment: ANGLE Developer option for 'com.chrome.canary' set to: 'default'
11-26 18:11:07.140  9778  9778 V GraphicsEnvironment: ANGLE GameManagerService for com.chrome.canary: false
11-26 18:11:07.140  9778  9778 V GraphicsEnvironment: Updatable production driver is not supported on the device.
11-26 18:11:07.140  1011  1189 I ASH     : @ 365519.313: tcs3701: stop power rail pending_off timer
11-26 18:11:07.140  1011  1189 D ASH     : @ 365519.313: tcs3701: start power rail timer, state:3
11-26 18:11:07.142  9778  9778 I LoadedApk: No resource references to update in package com.google.android.trichromelibrary.canary
11-26 18:11:07.142  9778  9778 D NetworkSecurityConfig: Using Network Security Config from resource 0_resource_name_obfuscated debugBuild: false
11-26 18:11:07.143  9778  9778 D NetworkSecurityConfig: Using Network Security Config from resource 0_resource_name_obfuscated debugBuild: false
11-26 18:11:07.143  9778  9778 I cr_SplitCompatApp: Launched version=121.0.6145.0 minSdkVersion=29 isBundle=true processName=com.chrome.canary isIsolated=false
11-26 18:11:07.147  9778  9796 I m.chrome.canary: Failed to add image file: Failed to find OatDexFile for DexFile /data/app/~~dutrJzl_xJkEyCCvIkexCw==/com.chrome.canary-4jcd8srf2WXxld2NC1r69A==/split_chrome.apk (canonical path /data/app/~~dutrJzl_xJkEyCCvIkexCw==/com.chrome.canary-4jcd8srf2WXxld2NC1r69A==/split_chrome.apk) in OatFile /data/app/~~z5-dMYmQLvS-4mWZ9yqnFA==/com.chrome.canary-7Pcck9f8OWCuqG0lIoq4tg==/oat/arm64/split_chrome.odex
11-26 18:11:07.165  9778  9800 I cr_LibraryLoader: Loading monochrome_64 from within /data/app/~~z5-dMYmQLvS-4mWZ9yqnFA==/com.chrome.canary-7Pcck9f8OWCuqG0lIoq4tg==/base.apk
11-26 18:11:07.166  1795  2679 D CompatibilityChangeReporter: Compat change id reported: 161145287; UID 10010; state: DISABLED
11-26 18:11:07.167  9778  9800 I cr_Linker: loadLibraryImplLocked: monochrome_64, relroMode=1
11-26 18:11:07.176  9778  9800 I cr_LibraryLoader: Successfully loaded native library
11-26 18:11:07.177  9778  9800 I cr_CachingUmaRecorder: Flushed 20 samples from 18 histograms, 0 samples were dropped.
11-26 18:11:07.180  1011  1189 I ASH     : @ 365519.353: tcs3701: stop power rail pending_off timer
11-26 18:11:07.180  1011  1189 D ASH     : @ 365519.353: tcs3701: start power rail timer, state:3
11-26 18:11:07.192  3875  3875 I dzhj    : onPause
11-26 18:11:07.194  9778  9778 I cr_MultiInstance: Removed invalid instance data. Removed tasks-instance mappings: [Chrome.MultiInstance.TaskMap.0 - 1998] and shared prefs for instances: []
11-26 18:11:07.194  9778  9778 I cr_MultiInstance: Existing Instance - persisted and unmapped Id allocated: 0
11-26 18:11:07.194  9778  9778 I cr_MultiInstance: Intent action: android.intent.action.MAIN
11-26 18:11:07.194  9778  9778 I cr_MultiInstance: Intent routed via ChromeLauncherActivity: false
11-26 18:11:07.194  9778  9778 I cr_MultiInstance: Activity referrer: android-app://com.android.shell
11-26 18:11:07.194  9778  9778 I cr_MultiInstance: Intent referrer extra: null
11-26 18:11:07.194  9778  9778 I cr_MultiInstance: Intent contains LAUNCHER category: true
11-26 18:11:07.194  9778  9778 I cr_MultiInstance: Intent contains FLAG_ACTIVITY_MULTIPLE_TASK: false
11-26 18:11:07.194  9778  9778 I cr_MultiInstance: Intent contains FLAG_ACTIVITY_NEW_TASK: true
11-26 18:11:07.194  9778  9778 I cr_MultiInstance: Intent component: com.google.android.apps.chrome.Main
11-26 18:11:07.194  9778  9778 I cr_MultiInstance: Window allocation type: 6
11-26 18:11:07.194  9778  9778 I cr_MultiInstance: Window ID allocated: 0
11-26 18:11:07.194  9778  9778 W cr_ActivityDispatcher: CustomTabsIntent#shouldAlwaysUseBrowserUI() = false
11-26 18:11:07.194  9778  9778 D CompatibilityChangeReporter: Compat change id reported: 183155436; UID 10010; state: ENABLED
11-26 18:11:07.195  9778  9805 W DynamiteModule: Local module descriptor class for com.google.android.gms.googlecertificates not found.
11-26 18:11:07.197  3604  3604 I hitl    : (REDACTED) received broadcast: %s
11-26 18:11:07.198  3604  4248 I hito    : (REDACTED) received broadcast: %s
11-26 18:11:07.198  3604  4248 I hioo    : (REDACTED) #onConfigUpdate. requester: %s
11-26 18:11:07.198  3604  4197 I hioo    : #onConfigUpdate inside sequencer
11-26 18:11:07.199  3604  4197 I hilg    : (REDACTED) Voice Match (Speaker-id) supported : %b 
11-26 18:11:07.199  3604  4197 I hilg    : (REDACTED) hotword enrollment state is enrolled:  %b, speakerId model exist: %b. Voice Match supported : %b 
11-26 18:11:07.199  3604  4197 I hilg    : (REDACTED) isHotwordAvailable():  %b, isHotwordEnabled() %b 
11-26 18:11:07.199  3604  4197 I hilg    : (REDACTED) isHotwordAvailable():  %b, isHotwordEnabled() %b 
11-26 18:11:07.199  3604  4197 I hilg    : (REDACTED) Hotword enrollment state : %s.
11-26 18:11:07.199  3604  4197 I hilg    : (REDACTED) Voice Match (Speaker-id) supported : %b 
11-26 18:11:07.199  3604  4197 I hilg    : (REDACTED) Voice Match (Speaker-id) supported : %b 
11-26 18:11:07.199  3604  4197 I hilg    : (REDACTED) hotword enrollment state is enrolled:  %b, speakerId model exist: %b, voice match supported : %b
11-26 18:11:07.199  3604  4197 I hilg    : (REDACTED) Hotword isNonVoiceMatchHotwordEnabled: %b, isHotwordAvailable: %b, isHotwordEnabled: %b, isVoiceMatchSupported: %b, isHotwordEnrolled: %b,
11-26 18:11:07.199  3604  4197 I hioo    : (REDACTED) Ignore the legacy hotword request. voice match enabled %b, isHotwordSupported %b, isIncompleteEnrollmentState %b, nonVoiceMatchHotwordEnabled %b
11-26 18:11:07.203  9778  9805 I DynamiteModule: Considering local module com.google.android.gms.googlecertificates:0 and remote module com.google.android.gms.googlecertificates:7
11-26 18:11:07.203  9778  9805 I DynamiteModule: Selected remote version of com.google.android.gms.googlecertificates, version >= 7
11-26 18:11:07.207  9778  9805 W System  : ClassLoader referenced unknown path: 
11-26 18:11:07.207  9778  9805 D nativeloader: Configuring clns-6 for other apk . target_sdk_version=34, uses_libraries=, library_path=/data/app/~~kuQRvAzVZuE4Ro2oLuwWdQ==/com.google.android.gms-oAttmqgZrSU_NO_sHK9RSA==/lib/arm64:/data/app/~~kuQRvAzVZuE4Ro2oLuwWdQ==/com.google.android.gms-oAttmqgZrSU_NO_sHK9RSA==/base.apk!/lib/arm64-v8a, permitted_path=/data:/mnt/expand:/data/user/0/com.google.android.gms
11-26 18:11:07.210  9778  9778 E m.chrome.canary: Invalid ID 0x00000000.
11-26 18:11:07.212  9778  9805 W m.chrome.canary: ClassLoaderContext classpath size mismatch. expected=11, found=1 (DLC[];PCL[base.apk*1384061089:base.apk!classes2.dex*331505968:base.apk!classes3.dex*3320764351:base.apk!classes4.dex*3880308672:base.apk!classes5.dex*1836478514:base.apk!classes6.dex*848257671:base.apk!classes7.dex*3473867681:base.apk!classes8.dex*749029414:base.apk!classes9.dex*840096026:base.apk!classes10.dex*4182674386:base.apk!classes11.dex*2847591234]{PCL[/system/framework/org.apache.http.legacy.jar*1601893743]#PCL[/system/framework/com.android.media.remotedisplay.jar*373201995]#PCL[/system/framework/com.android.location.provider.jar*989331188]#PCL[/system/framework/org.apache.http.legacy.jar*1601893743]} | DLC[];PCL[/data/app/~~z5-dMYmQLvS-4mWZ9yqnFA==/com.chrome.canary-7Pcck9f8OWCuqG0lIoq4tg==/split_chrome.apk*961600888];PCL[/data/app/~~z5-dMYmQLvS-4mWZ9yqnFA==/com.chrome.canary-7Pcck9f8OWCuqG0lIoq4tg==/base.apk*878541191]{PCL[]})
11-26 18:11:07.213  9778  9778 I cr_SplitCompatClassLoader: Splits: null
11-26 18:11:07.220  1011  1189 I ASH     : @ 365519.393: tcs3701: stop power rail pending_off timer
11-26 18:11:07.220  1011  1189 D ASH     : @ 365519.393: tcs3701: start power rail timer, state:3
11-26 18:11:07.229 26837 26837 E AbstractGmsTracer: Traced class shouldn't be obfuscated: GmsApiChimeraService [CONTEXT service_id=259 ]
11-26 18:11:07.229 26837 26837 D BoundBrokerSvc: onBind: Intent { act=com.google.android.gms.phenotype.service.START pkg=com.google.android.gms }
11-26 18:11:07.229 26837 26837 D BoundBrokerSvc: Loading bound service for intent: Intent { act=com.google.android.gms.phenotype.service.START pkg=com.google.android.gms }
11-26 18:11:07.230  9778  9778 W cr_ActivityDispatcher: CustomTabsIntent#shouldAlwaysUseBrowserUI() = false
11-26 18:11:07.230 26837 26837 E AbstractGmsTracer: Traced class shouldn't be obfuscated: PhenotypeChimeraService [CONTEXT service_id=259 ]
11-26 18:11:07.239  9778  9778 I cr_CompositorSurfaceMgr: Transitioning to surface with format: -1
11-26 18:11:07.240 26741 26741 E AbstractGmsTracer: Traced class shouldn't be obfuscated: GmsBoundBrokerChimeraService [CONTEXT service_id=259 ]
11-26 18:11:07.241 26741 26741 D BoundBrokerSvc: onBind: Intent { act=com.google.android.gms.safetynet.service.START pkg=com.google.android.gms }
11-26 18:11:07.241 26741 26741 D BoundBrokerSvc: Loading bound service for intent: Intent { act=com.google.android.gms.safetynet.service.START pkg=com.google.android.gms }
11-26 18:11:07.242 26741 26741 E AbstractGmsTracer: Traced class shouldn't be obfuscated: SafetyNetClientChimeraService [CONTEXT service_id=259 ]
11-26 18:11:07.251  9778  9778 D CompatibilityChangeReporter: Compat change id reported: 210923482; UID 10010; state: ENABLED
11-26 18:11:07.260  1011  1189 I ASH     : @ 365519.433: tcs3701: stop power rail pending_off timer
11-26 18:11:07.260  1011  1189 D ASH     : @ 365519.433: tcs3701: start power rail timer, state:3
11-26 18:11:07.277  9778  9778 D CompatibilityChangeReporter: Compat change id reported: 193247900; UID 10010; state: ENABLED
11-26 18:11:07.296  9778  9778 W cr_ActivityDispatcher: CustomTabsIntent#shouldAlwaysUseBrowserUI() = false
11-26 18:11:07.300  1011  1189 I ASH     : @ 365519.473: tcs3701: stop power rail pending_off timer
11-26 18:11:07.300  1011  1189 D ASH     : @ 365519.473: tcs3701: start power rail timer, state:3
11-26 18:11:07.302  9778  9778 D CompatibilityChangeReporter: Compat change id reported: 237531167; UID 10010; state: DISABLED
11-26 18:11:07.308  9778  9815 W Parcel  : Expecting binder but got null!
11-26 18:11:07.315  1795  2679 D CoreBackPreview: Window{c949633 u0 com.chrome.canary/com.google.android.apps.chrome.Main}: Setting back callback OnBackInvokedCallbackInfo{mCallback=android.window.IOnBackInvokedCallback$Stub$Proxy@146cdee, mPriority=-1}
11-26 18:11:07.316  1795  2679 D CoreBackPreview: Window{c949633 u0 com.chrome.canary/com.google.android.apps.chrome.Main}: Setting back callback OnBackInvokedCallbackInfo{mCallback=android.window.IOnBackInvokedCallback$Stub$Proxy@1f8628f, mPriority=0}
11-26 18:11:07.317  1795  2120 D CompatibilityChangeReporter: Compat change id reported: 143937733; UID 10010; state: ENABLED
11-26 18:11:07.318  1795  2120 D CompatibilityChangeReporter: Compat change id reported: 135634846; UID 10010; state: DISABLED
11-26 18:11:07.318  1795  2120 D CompatibilityChangeReporter: Compat change id reported: 207557677; UID 10010; state: ENABLED
11-26 18:11:07.318   987   987 W Zygote  : forkRepeatedly terminated due to non-simple command
11-26 18:11:07.319   987   987 D Zygote  : mbuffer starts with 15, nice name is com.chrome.canary_zygote, mEnd = 410, mNext = 191, mLinesLeft = 6, mFd = 5
11-26 18:11:07.324  9778  9815 I AdrenoGLES-0: QUALCOMM build                   : 4783c89, I46ff5fc46f
11-26 18:11:07.324  9778  9815 I AdrenoGLES-0: Build Date                       : 11/30/20
11-26 18:11:07.324  9778  9815 I AdrenoGLES-0: OpenGL ES Shader Compiler Version: EV031.31.04.01
11-26 18:11:07.324  9778  9815 I AdrenoGLES-0: Local Branch                     : QPR2
11-26 18:11:07.324  9778  9815 I AdrenoGLES-0: Remote Branch                    : 
11-26 18:11:07.324  9778  9815 I AdrenoGLES-0: Remote Branch                    : 
11-26 18:11:07.324  9778  9815 I AdrenoGLES-0: Reconstruct Branch               : 
11-26 18:11:07.324  9778  9815 I AdrenoGLES-0: Build Config                     : S P 10.0.4 AArch64
11-26 18:11:07.324  9778  9815 I AdrenoGLES-0: Driver Path                      : /vendor/lib64/egl/libGLESv2_adreno.so
11-26 18:11:07.326 26837 25662 E ckqk    : Phenotype API error. Event # evhb@77620948, EventCode: 7 [CONTEXT service_id=51 ]
11-26 18:11:07.326 26837 25662 E ckqk    : ckoo: 29505: No config packages for log source, or config package not registered
11-26 18:11:07.326 26837 25662 E ckqk    : 	at ckrk.b(:com.google.android.gms@234414038@23.44.14 (190400-580326705):79)
11-26 18:11:07.326 26837 25662 E ckqk    : 	at ckrh.h(:com.google.android.gms@234414038@23.44.14 (190400-580326705):3)
11-26 18:11:07.326 26837 25662 E ckqk    : 	at ckqk.g(:com.google.android.gms@234414038@23.44.14 (190400-580326705):18)
11-26 18:11:07.326 26837 25662 E ckqk    : 	at ckqk.f(:com.google.android.gms@234414038@23.44.14 (190400-580326705):11)
11-26 18:11:07.326 26837 25662 E ckqk    : 	at bfmo.fh(:com.google.android.gms@234414038@23.44.14 (190400-580326705):1)
11-26 18:11:07.326 26837 25662 E ckqk    : 	at bfmz.run(:com.google.android.gms@234414038@23.44.14 (190400-580326705):100)
11-26 18:11:07.326 26837 25662 E ckqk    : 	at dvlp.run(:com.google.android.gms@234414038@23.44.14 (190400-580326705):13)
11-26 18:11:07.326 26837 25662 E ckqk    : 	at ajls.c(:com.google.android.gms@234414038@23.44.14 (190400-580326705):50)
11-26 18:11:07.326 26837 25662 E ckqk    : 	at ajls.run(:com.google.android.gms@234414038@23.44.14 (190400-580326705):76)
11-26 18:11:07.326 26837 25662 E ckqk    : 	at java.util.concurrent.ThreadPoolExecutor.runWorker(ThreadPoolExecutor.java:1145)
11-26 18:11:07.326 26837 25662 E ckqk    : 	at java.util.concurrent.ThreadPoolExecutor$Worker.run(ThreadPoolExecutor.java:644)
11-26 18:11:07.326 26837 25662 E ckqk    : 	at ajqx.run(:com.google.android.gms@234414038@23.44.14 (190400-580326705):8)
11-26 18:11:07.326 26837 25662 E ckqk    : 	at java.lang.Thread.run(Thread.java:1012)
11-26 18:11:07.327 26837 25662 W AsyncOperation: operation=GetExperimentTokensOperationCall, opStatusCode=29505 [CONTEXT service_id=51 ]
11-26 18:11:07.327 26837 25662 W AsyncOperation: OperationException[Status{statusCode=No config packages for log source, or config package not registered, resolution=null}]
11-26 18:11:07.327 26837 25662 W AsyncOperation: 	at ckqk.g(:com.google.android.gms@234414038@23.44.14 (190400-580326705):48)
11-26 18:11:07.327 26837 25662 W AsyncOperation: 	at ckqk.f(:com.google.android.gms@234414038@23.44.14 (190400-580326705):11)
11-26 18:11:07.327 26837 25662 W AsyncOperation: 	at bfmo.fh(:com.google.android.gms@234414038@23.44.14 (190400-580326705):1)
11-26 18:11:07.327 26837 25662 W AsyncOperation: 	at bfmz.run(:com.google.android.gms@234414038@23.44.14 (190400-580326705):100)
11-26 18:11:07.327 26837 25662 W AsyncOperation: 	at dvlp.run(:com.google.android.gms@234414038@23.44.14 (190400-580326705):13)
11-26 18:11:07.327 26837 25662 W AsyncOperation: 	at ajls.c(:com.google.android.gms@234414038@23.44.14 (190400-580326705):50)
11-26 18:11:07.327 26837 25662 W AsyncOperation: 	at ajls.run(:com.google.android.gms@234414038@23.44.14 (190400-580326705):76)
11-26 18:11:07.327 26837 25662 W AsyncOperation: 	at java.util.concurrent.ThreadPoolExecutor.runWorker(ThreadPoolExecutor.java:1145)
11-26 18:11:07.327 26837 25662 W AsyncOperation: 	at java.util.concurrent.ThreadPoolExecutor$Worker.run(ThreadPoolExecutor.java:644)
11-26 18:11:07.327 26837 25662 W AsyncOperation: 	at ajqx.run(:com.google.android.gms@234414038@23.44.14 (190400-580326705):8)
11-26 18:11:07.327 26837 25662 W AsyncOperation: 	at java.lang.Thread.run(Thread.java:1012)
11-26 18:11:07.328  9778  9815 I AdrenoGLES-0: PFP: 0x016dd093, ME: 0x00000000
11-26 18:11:07.329  9778  9778 I cr_StartSurfaceConfig: Recorded Startup.Android.FirstDrawCompletedTime.NoInstant = 123 ms
11-26 18:11:07.330  9778  9815 W AdrenoUtils: <ReadGpuID_from_sysfs:197>: Failed to open /sys/class/kgsl/kgsl-3d0/gpu_model
11-26 18:11:07.330  9778  9815 W AdrenoUtils: <ReadGpuID:221>: Failed to read chip ID from gpu_model. Fallback to use the GSL path
11-26 18:11:07.332   987   987 D Zygote  : Forked child process 9825
11-26 18:11:07.334  1795  2120 W ZygoteProcess: Got error connecting to zygote, retrying. msg= Connection refused
11-26 18:11:07.336   648  3370 I SDM     : HWCDisplay::GetColorModeCount: Supported color mode count = 3
11-26 18:11:07.336   648  3370 I SDM     : HWCDisplay::GetColorModes: Color mode = 0 is supported
11-26 18:11:07.336   648  3370 I SDM     : HWCDisplay::GetColorModes: Color mode = 7 is supported
11-26 18:11:07.336   648  3370 I SDM     : HWCDisplay::GetColorModes: Color mode = 9 is supported
11-26 18:11:07.337  9778  9815 E OpenGLRenderer: Unable to match the desired swap behavior.
11-26 18:11:07.340  1011  1189 I ASH     : @ 365519.513: tcs3701: stop power rail pending_off timer
11-26 18:11:07.340  9825  9825 I libc    : SetHeapTaggingLevel: tag level set to 0
11-26 18:11:07.340  1011  1189 D ASH     : @ 365519.513: tcs3701: start power rail timer, state:3
11-26 18:11:07.340   595   595 I servicemanager: Could not find android.hardware.graphics.allocator.IAllocator/default in the VINTF manifest.
11-26 18:11:07.345  9825  9825 I e.canary_zygote: Using CollectorTypeCC GC.
11-26 18:11:07.357  1795  2096 I ActivityTaskManager: Displayed com.chrome.canary/com.google.android.apps.chrome.Main: +270ms
11-26 18:11:07.364  9778  9778 I cr_CombinedPProvider: #linkNativeInternal() 0
11-26 18:11:07.364  9778  9778 I cr_PolicyProvider: #setManagerAndSource() 0
11-26 18:11:07.366  9778  9778 I cr_PolicyCacheProvider: #refresh() true
11-26 18:11:07.375  9778  9798 I cr_PartnerCustUma: Partner Customization delegate: 0.
11-26 18:11:07.375  9778  9798 W cr_PartnerCustomize: Partner homepage must be HTTP(S) or NewTabPage. Got invalid URL ""
11-26 18:11:07.377 26837 26837 E AbstractGmsTracer: Traced class shouldn't be obfuscated: ChimeraGetToken [CONTEXT service_id=259 ]
11-26 18:11:07.380  1011  1189 I ASH     : @ 365519.553: tcs3701: stop power rail pending_off timer
11-26 18:11:07.380  1011  1189 D ASH     : @ 365519.553: tcs3701: start power rail timer, state:3
11-26 18:11:07.383 26837 25516 W GmsStrictMode: DISK_READ [CONTEXT service_id=256 ]
11-26 18:11:07.383 26837 25516 W GmsStrictMode: android.os.strictmode.DiskReadViolation
11-26 18:11:07.383 26837 25516 W GmsStrictMode: 	at android.os.StrictMode$AndroidBlockGuardPolicy.onReadFromDisk(StrictMode.java:1658)
11-26 18:11:07.383 26837 25516 W GmsStrictMode: 	at libcore.io.BlockGuardOs.access(BlockGuardOs.java:74)
11-26 18:11:07.383 26837 25516 W GmsStrictMode: 	at libcore.io.ForwardingOs.access(ForwardingOs.java:128)
11-26 18:11:07.383 26837 25516 W GmsStrictMode: 	at android.app.ActivityThread$AndroidOs.access(ActivityThread.java:7795)
11-26 18:11:07.383 26837 25516 W GmsStrictMode: 	at java.io.UnixFileSystem.checkAccess(UnixFileSystem.java:313)
11-26 18:11:07.383 26837 25516 W GmsStrictMode: 	at java.io.File.exists(File.java:813)
11-26 18:11:07.383 26837 25516 W GmsStrictMode: 	at android.app.ContextImpl.getDataDir(ContextImpl.java:2962)
11-26 18:11:07.383 26837 25516 W GmsStrictMode: 	at android.app.ContextImpl.getFilesDir(ContextImpl.java:793)
11-26 18:11:07.383 26837 25516 W GmsStrictMode: 	at android.content.ContextWrapper.getFilesDir(ContextWrapper.java:282)
11-26 18:11:07.383 26837 25516 W GmsStrictMode: 	at android.content.ContextWrapper.getFilesDir(ContextWrapper.java:282)
11-26 18:11:07.383 26837 25516 W GmsStrictMode: 	at android.content.ContextWrapper.getFilesDir(ContextWrapper.java:282)
11-26 18:11:07.383 26837 25516 W GmsStrictMode: 	at android.content.ContextWrapper.getFilesDir(ContextWrapper.java:282)
11-26 18:11:07.383 26837 25516 W GmsStrictMode: 	at yux.<init>(:com.google.android.gms@234414038@23.44.14 (190400-580326705):6)
11-26 18:11:07.383 26837 25516 W GmsStrictMode: 	at ngy.<init>(:com.google.android.gms@234414038@23.44.14 (190400-580326705):3)
11-26 18:11:07.383 26837 25516 W GmsStrictMode: 	at com.google.android.gms.auth.ChimeraGetToken.onCreate(:com.google.android.gms@234414038@23.44.14 (190400-580326705):3)
11-26 18:11:07.383 26837 25516 W GmsStrictMode: 	at nnb.onCreate(:com.google.android.gms@234414038@23.44.14 (190400-580326705):18)
11-26 18:11:07.383 26837 25516 W GmsStrictMode: 	at ages.onCreate(:com.google.android.gms@234414038@23.44.14 (190400-580326705):16)
11-26 18:11:07.383 26837 25516 W GmsStrictMode: 	at android.app.ActivityThread.handleCreateService(ActivityThread.java:4485)
11-26 18:11:07.383 26837 25516 W GmsStrictMode: 	at android.app.ActivityThread.-$$Nest$mhandleCreateService(Unknown Source:0)
11-26 18:11:07.383 26837 25516 W GmsStrictMode: 	at android.app.ActivityThread$H.handleMessage(ActivityThread.java:2160)
11-26 18:11:07.383 26837 25516 W GmsStrictMode: 	at android.os.Handler.dispatchMessage(Handler.java:106)
11-26 18:11:07.383 26837 25516 W GmsStrictMode: 	at android.os.Looper.loopOnce(Looper.java:201)
11-26 18:11:07.383 26837 25516 W GmsStrictMode: 	at android.os.Looper.loop(Looper.java:288)
11-26 18:11:07.383 26837 25516 W GmsStrictMode: 	at android.app.ActivityThread.main(ActivityThread.java:7918)
11-26 18:11:07.383 26837 25516 W GmsStrictMode: 	at java.lang.reflect.Method.invoke(Native Method)
11-26 18:11:07.383 26837 25516 W GmsStrictMode: 	at com.android.internal.os.RuntimeInit$MethodAndArgsCaller.run(RuntimeInit.java:548)
11-26 18:11:07.383 26837 25516 W GmsStrictMode: 	at com.android.internal.os.ZygoteInit.main(ZygoteInit.java:936)
11-26 18:11:07.384 26837 25516 W GmsStrictMode: DISK_READ [CONTEXT service_id=256 ]
11-26 18:11:07.384 26837 25516 W GmsStrictMode: android.os.strictmode.DiskReadViolation
11-26 18:11:07.384 26837 25516 W GmsStrictMode: 	at android.os.StrictMode$AndroidBlockGuardPolicy.onReadFromDisk(StrictMode.java:1658)
11-26 18:11:07.384 26837 25516 W GmsStrictMode: 	at libcore.io.BlockGuardOs.access(BlockGuardOs.java:74)
11-26 18:11:07.384 26837 25516 W GmsStrictMode: 	at libcore.io.ForwardingOs.access(ForwardingOs.java:128)
11-26 18:11:07.384 26837 25516 W GmsStrictMode: 	at android.app.ActivityThread$AndroidOs.access(ActivityThread.java:7795)
11-26 18:11:07.384 26837 25516 W GmsStrictMode: 	at java.io.UnixFileSystem.checkAccess(UnixFileSystem.java:313)
11-26 18:11:07.384 26837 25516 W GmsStrictMode: 	at java.io.File.exists(File.java:813)
11-26 18:11:07.384 26837 25516 W GmsStrictMode: 	at android.app.ContextImpl.ensurePrivateDirExists(ContextImpl.java:759)
11-26 18:11:07.384 26837 25516 W GmsStrictMode: 	at android.app.ContextImpl.ensurePrivateDirExists(ContextImpl.java:750)
11-26 18:11:07.384 26837 25516 W GmsStrictMode: 	at android.app.ContextImpl.getFilesDir(ContextImpl.java:795)
11-26 18:11:07.384 26837 25516 W GmsStrictMode: 	at android.content.ContextWrapper.getFilesDir(ContextWrapper.java:282)
11-26 18:11:07.384 26837 25516 W GmsStrictMode: 	at android.content.ContextWrapper.getFilesDir(ContextWrapper.java:282)
11-26 18:11:07.384 26837 25516 W GmsStrictMode: 	at android.content.ContextWrapper.getFilesDir(ContextWrapper.java:282)
11-26 18:11:07.384 26837 25516 W GmsStrictMode: 	at android.content.ContextWrapper.getFilesDir(ContextWrapper.java:282)
11-26 18:11:07.384 26837 25516 W GmsStrictMode: 	at yux.<init>(:com.google.android.gms@234414038@23.44.14 (190400-580326705):6)
11-26 18:11:07.384 26837 25516 W GmsStrictMode: 	at ngy.<init>(:com.google.android.gms@234414038@23.44.14 (190400-580326705):3)
11-26 18:11:07.384 26837 25516 W GmsStrictMode: 	at com.google.android.gms.auth.ChimeraGetToken.onCreate(:com.google.android.gms@234414038@23.44.14 (190400-580326705):3)
11-26 18:11:07.384 26837 25516 W GmsStrictMode: 	at nnb.onCreate(:com.google.android.gms@234414038@23.44.14 (190400-580326705):18)
11-26 18:11:07.384 26837 25516 W GmsStrictMode: 	at ages.onCreate(:com.google.android.gms@234414038@23.44.14 (190400-580326705):16)
11-26 18:11:07.384 26837 25516 W GmsStrictMode: 	at android.app.ActivityThread.handleCreateService(ActivityThread.java:4485)
11-26 18:11:07.384 26837 25516 W GmsStrictMode: 	at android.app.ActivityThread.-$$Nest$mhandleCreateService(Unknown Source:0)
11-26 18:11:07.384 26837 25516 W GmsStrictMode: 	at android.app.ActivityThread$H.handleMessage(ActivityThread.java:2160)
11-26 18:11:07.384 26837 25516 W GmsStrictMode: 	at android.os.Handler.dispatchMessage(Handler.java:106)
11-26 18:11:07.384 26837 25516 W GmsStrictMode: 	at android.os.Looper.loopOnce(Looper.java:201)
11-26 18:11:07.384 26837 25516 W GmsStrictMode: 	at android.os.Looper.loop(Looper.java:288)
11-26 18:11:07.384 26837 25516 W GmsStrictMode: 	at android.app.ActivityThread.main(ActivityThread.java:7918)
11-26 18:11:07.384 26837 25516 W GmsStrictMode: 	at java.lang.reflect.Method.invoke(Native Method)
11-26 18:11:07.384 26837 25516 W GmsStrictMode: 	at com.android.internal.os.RuntimeInit$MethodAndArgsCaller.run(RuntimeInit.java:548)
11-26 18:11:07.384 26837 25516 W GmsStrictMode: 	at com.android.internal.os.ZygoteInit.main(ZygoteInit.java:936)
11-26 18:11:07.384 26837 25516 W GmsStrictMode: DISK_READ [CONTEXT service_id=256 ]
11-26 18:11:07.384 26837 25516 W GmsStrictMode: android.os.strictmode.DiskReadViolation
11-26 18:11:07.384 26837 25516 W GmsStrictMode: 	at android.os.StrictMode$AndroidBlockGuardPolicy.onReadFromDisk(StrictMode.java:1658)
11-26 18:11:07.384 26837 25516 W GmsStrictMode: 	at libcore.io.BlockGuardOs.access(BlockGuardOs.java:74)
11-26 18:11:07.384 26837 25516 W GmsStrictMode: 	at libcore.io.ForwardingOs.access(ForwardingOs.java:128)
11-26 18:11:07.384 26837 25516 W GmsStrictMode: 	at android.app.ActivityThread$AndroidOs.access(ActivityThread.java:7795)
11-26 18:11:07.384 26837 25516 W GmsStrictMode: 	at java.io.UnixFileSystem.checkAccess(UnixFileSystem.java:313)
11-26 18:11:07.384 26837 25516 W GmsStrictMode: 	at java.io.File.exists(File.java:813)
11-26 18:11:07.384 26837 25516 W GmsStrictMode: 	at android.app.ContextImpl.ensurePrivateDirExists(ContextImpl.java:759)
11-26 18:11:07.384 26837 25516 W GmsStrictMode: 	at android.app.ContextImpl.ensurePrivateDirExists(ContextImpl.java:750)
11-26 18:11:07.384 26837 25516 W GmsStrictMode: 	at android.app.ContextImpl.getFilesDir(ContextImpl.java:795)
11-26 18:11:07.384 26837 25516 W GmsStrictMode: 	at android.content.ContextWrapper.getFilesDir(ContextWrapper.java:282)
11-26 18:11:07.384 26837 25516 W GmsStrictMode: 	at android.content.ContextWrapper.getFilesDir(ContextWrapper.java:282)
11-26 18:11:07.384 26837 25516 W GmsStrictMode: 	at android.content.ContextWrapper.getFilesDir(ContextWrapper.java:282)
11-26 18:11:07.384 26837 25516 W GmsStrictMode: 	at yux.<init>(:com.google.android.gms@234414038@23.44.14 (190400-580326705):6)
11-26 18:11:07.384 26837 25516 W GmsStrictMode: 	at srw.<init>(:com.google.android.gms@234414038@23.44.14 (190400-580326705):33)
11-26 18:11:07.384 26837 25516 W GmsStrictMode: 	at sru.<init>(:com.google.android.gms@234414038@23.44.14 (190400-580326705):31)
11-26 18:11:07.384 26837 25516 W GmsStrictMode: 	at ngy.<init>(:com.google.android.gms@234414038@23.44.14 (190400-580326705):6)
11-26 18:11:07.384 26837 25516 W GmsStrictMode: 	at com.google.android.gms.auth.ChimeraGetToken.onCreate(:com.google.android.gms@234414038@23.44.14 (190400-580326705):3)
11-26 18:11:07.384 26837 25516 W GmsStrictMode: 	at nnb.onCreate(:com.google.android.gms@234414038@23.44.14 (190400-580326705):18)
11-26 18:11:07.384 26837 25516 W GmsStrictMode: 	at ages.onCreate(:com.google.android.gms@234414038@23.44.14 (190400-580326705):16)
11-26 18:11:07.384 26837 25516 W GmsStrictMode: 	at android.app.ActivityThread.handleCreateService(ActivityThread.java:4485)
11-26 18:11:07.384 26837 25516 W GmsStrictMode: 	at android.app.ActivityThread.-$$Nest$mhandleCreateService(Unknown Source:0)
11-26 18:11:07.384 26837 25516 W GmsStrictMode: 	at android.app.ActivityThread$H.handleMessage(ActivityThread.java:2160)
11-26 18:11:07.384 26837 25516 W GmsStrictMode: 	at android.os.Handler.dispatchMessage(Handler.java:106)
11-26 18:11:07.384 26837 25516 W GmsStrictMode: 	at android.os.Looper.loopOnce(Looper.java:201)
11-26 18:11:07.384 26837 25516 W GmsStrictMode: 	at android.os.Looper.loop(Looper.java:288)
11-26 18:11:07.384 26837 25516 W GmsStrictMode: 	at android.app.ActivityThread.main(ActivityThread.java:7918)
11-26 18:11:07.384 26837 25516 W GmsStrictMode: 	at java.lang.reflect.Method.invoke(Native Method)
11-26 18:11:07.384 26837 25516 W GmsStrictMode: 	at com.android.internal.os.RuntimeInit$MethodAndArgsCaller.run(RuntimeInit.java:548)
11-26 18:11:07.384 26837 25516 W GmsStrictMode: 	at com.android.internal.os.ZygoteInit.main(ZygoteInit.java:936)
11-26 18:11:07.384 26837 25516 W GmsStrictMode: DISK_READ [CONTEXT service_id=256 ]
11-26 18:11:07.384 26837 25516 W GmsStrictMode: android.os.strictmode.DiskReadViolation
11-26 18:11:07.384 26837 25516 W GmsStrictMode: 	at android.os.StrictMode$AndroidBlockGuardPolicy.onReadFromDisk(StrictMode.java:1658)
11-26 18:11:07.384 26837 25516 W GmsStrictMode: 	at libcore.io.BlockGuardOs.access(BlockGuardOs.java:74)
11-26 18:11:07.384 26837 25516 W GmsStrictMode: 	at libcore.io.ForwardingOs.access(ForwardingOs.java:128)
11-26 18:11:07.384 26837 25516 W GmsStrictMode: 	at android.app.ActivityThread$AndroidOs.access(ActivityThread.java:7795)
11-26 18:11:07.384 26837 25516 W GmsStrictMode: 	at java.io.UnixFileSystem.checkAccess(UnixFileSystem.java:313)
11-26 18:11:07.384 26837 25516 W GmsStrictMode: 	at java.io.File.exists(File.java:813)
11-26 18:11:07.384 26837 25516 W GmsStrictMode: 	at android.app.ContextImpl.ensurePrivateDirExists(ContextImpl.java:759)
11-26 18:11:07.384 26837 25516 W GmsStrictMode: 	at android.app.ContextImpl.ensurePrivateDirExists(ContextImpl.java:750)
11-26 18:11:07.384 26837 25516 W GmsStrictMode: 	at android.app.ContextImpl.getFilesDir(ContextImpl.java:795)
11-26 18:11:07.384 26837 25516 W GmsStrictMode: 	at android.content.ContextWrapper.getFilesDir(ContextWrapper.java:282)
11-26 18:11:07.384 26837 25516 W GmsStrictMode: 	at android.content.ContextWrapper.getFilesDir(ContextWrapper.java:282)
11-26 18:11:07.384 26837 25516 W GmsStrictMode: 	at android.content.ContextWrapper.getFilesDir(ContextWrapper.java:282)
11-26 18:11:07.384 26837 25516 W GmsStrictMode: 	at yux.<init>(:com.google.android.gms@234414038@23.44.14 (190400-580326705):6)
11-26 18:11:07.384 26837 25516 W GmsStrictMode: 	at sru.<init>(:com.google.android.gms@234414038@23.44.14 (190400-580326705):139)
11-26 18:11:07.384 26837 25516 W GmsStrictMode: 	at ngy.<init>(:com.google.android.gms@234414038@23.44.14 (190400-580326705):6)
11-26 18:11:07.384 26837 25516 W GmsStrictMode: 	at com.google.android.gms.auth.ChimeraGetToken.onCreate(:com.google.android.gms@234414038@23.44.14 (190400-580326705):3)
11-26 18:11:07.384 26837 25516 W GmsStrictMode: 	at nnb.onCreate(:com.google.android.gms@234414038@23.44.14 (190400-580326705):18)
11-26 18:11:07.384 26837 25516 W GmsStrictMode: 	at ages.onCreate(:com.google.android.gms@234414038@23.44.14 (190400-580326705):16)
11-26 18:11:07.384 26837 25516 W GmsStrictMode: 	at android.app.ActivityThread.handleCreateService(ActivityThread.java:4485)
11-26 18:11:07.384 26837 25516 W GmsStrictMode: 	at android.app.ActivityThread.-$$Nest$mhandleCreateService(Unknown Source:0)
11-26 18:11:07.384 26837 25516 W GmsStrictMode: 	at android.app.ActivityThread$H.handleMessage(ActivityThread.java:2160)
11-26 18:11:07.384 26837 25516 W GmsStrictMode: 	at android.os.Handler.dispatchMessage(Handler.java:106)
11-26 18:11:07.384 26837 25516 W GmsStrictMode: 	at android.os.Looper.loopOnce(Looper.java:201)
11-26 18:11:07.384 26837 25516 W GmsStrictMode: 	at android.os.Looper.loop(Looper.java:288)
11-26 18:11:07.384 26837 25516 W GmsStrictMode: 	at android.app.ActivityThread.main(ActivityThread.java:7918)
11-26 18:11:07.384 26837 25516 W GmsStrictMode: 	at java.lang.reflect.Method.invoke(Native Method)
11-26 18:11:07.384 26837 25516 W GmsStrictMode: 	at com.android.internal.os.RuntimeInit$MethodAndArgsCaller.run(RuntimeInit.java:548)
11-26 18:11:07.384 26837 25516 W GmsStrictMode: 	at com.android.internal.os.ZygoteInit.main(ZygoteInit.java:936)
11-26 18:11:07.385  1795  2120 I AppZygote: Starting application preload.
11-26 18:11:07.388  9825  9825 I AppZygoteInit: Beginning application preload for com.chrome.canary
11-26 18:11:07.389  9825  9825 W ziparchive: Unable to open '/data/app/~~xK2KNYhs7Vn18sxJkcMggA==/com.google.android.trichromelibrary.canary_614500033-17M9CAQF6V59_-2q0N8dYA==/base.dm': No such file or directory
11-26 18:11:07.389  9825  9825 W ziparchive: Unable to open '/data/app/~~xK2KNYhs7Vn18sxJkcMggA==/com.google.android.trichromelibrary.canary_614500033-17M9CAQF6V59_-2q0N8dYA==/base.dm': No such file or directory
11-26 18:11:07.389  9825  9825 W e.canary_zygote: Entry not found
11-26 18:11:07.391  9825  9825 D nativeloader: Configuring clns-4 for other apk /data/app/~~xK2KNYhs7Vn18sxJkcMggA==/com.google.android.trichromelibrary.canary_614500033-17M9CAQF6V59_-2q0N8dYA==/base.apk. target_sdk_version=34, uses_libraries=ALL, library_path=/data/app/~~z5-dMYmQLvS-4mWZ9yqnFA==/com.chrome.canary-7Pcck9f8OWCuqG0lIoq4tg==/lib/arm64:/data/app/~~z5-dMYmQLvS-4mWZ9yqnFA==/com.chrome.canary-7Pcck9f8OWCuqG0lIoq4tg==/base.apk!/lib/arm64-v8a:/data/app/~~xK2KNYhs7Vn18sxJkcMggA==/com.google.android.trichromelibrary.canary_614500033-17M9CAQF6V59_-2q0N8dYA==/base.apk!/lib/arm64-v8a, permitted_path=/data:/mnt/expand
11-26 18:11:07.394  2588  2588 I WallpaperService: engine paused
11-26 18:11:07.395  1011  1011 I sensors-hal: [hal]activate_physical_sensor:251, android.sensor.gyroscope/41 en=0
11-26 18:11:07.397  9825  9825 D nativeloader: Configuring clns-5 for other apk /data/app/~~z5-dMYmQLvS-4mWZ9yqnFA==/com.chrome.canary-7Pcck9f8OWCuqG0lIoq4tg==/base.apk. target_sdk_version=34, uses_libraries=, library_path=/data/app/~~z5-dMYmQLvS-4mWZ9yqnFA==/com.chrome.canary-7Pcck9f8OWCuqG0lIoq4tg==/lib/arm64:/data/app/~~z5-dMYmQLvS-4mWZ9yqnFA==/com.chrome.canary-7Pcck9f8OWCuqG0lIoq4tg==/base.apk!/lib/arm64-v8a:/data/app/~~xK2KNYhs7Vn18sxJkcMggA==/com.google.android.trichromelibrary.canary_614500033-17M9CAQF6V59_-2q0N8dYA==/base.apk!/lib/arm64-v8a, permitted_path=/data:/mnt/expand
11-26 18:11:07.401  1011  1011 D Diag_Lib: diag: Diag_LSM_DeInit: invoked for pid: 1011
11-26 18:11:07.402  9825  9825 I cr_ZygotePreload: Loaded Zygote. version=121.0.6145.0 minSdkVersion=29 isBundle=true
11-26 18:11:07.402  1011  1011 D Diag_Lib: diag: Diag_LSM_DeInit: done for pid: 1011
11-26 18:11:07.402  1011  1011 D Diag_Lib: diag: Diag_LSM_DeInit: invoked for pid: 1011
11-26 18:11:07.402  1011  1011 D Diag_Lib: diag: Diag_LSM_DeInit: done for pid: 1011
11-26 18:11:07.402  1011  1011 I sensors-hal: [hal]activate_physical_sensor:262, android.sensor.gyroscope/41 en=0 completed
11-26 18:11:07.408  9825  9825 I cr_LibraryLoader: Loading monochrome_64 from within /data/app/~~z5-dMYmQLvS-4mWZ9yqnFA==/com.chrome.canary-7Pcck9f8OWCuqG0lIoq4tg==/base.apk
11-26 18:11:07.408  9825  9825 I cr_Linker: loadLibraryImplLocked: monochrome_64, relroMode=1
11-26 18:11:07.420  1011  1189 I ASH     : @ 365519.593: tcs3701: stop power rail pending_off timer
11-26 18:11:07.420  1011  1189 D ASH     : @ 365519.593: tcs3701: start power rail timer, state:3
11-26 18:11:07.425  1795  2120 I AppZygote: Application preload done.
11-26 18:11:07.425  9825  9825 I AppZygoteInit: Application preload done
11-26 18:11:07.439  9825  9831 W e.canary_zygote: Reducing the number of considered missed Gc histogram windows from 34769 to 100
11-26 18:11:07.442  9825  9825 I Zygote  : Entering forkRepeatedly native zygote loop
11-26 18:11:07.445  9778  9778 I chromium: [INFO:policy_logger.cc(144)] :components/enterprise/browser/controller/chrome_browser_cloud_management_controller.cc(273) Deferring CBCM Controller Initialization until it is unblocked.
11-26 18:11:07.451  9825  9825 D Zygote  : Forked child process 9851
11-26 18:11:07.452  1795  2120 W ActivityManager: Slow operation: 136ms so far, now at startProcess: returned from zygote!
11-26 18:11:07.453  1795  2120 W ActivityManager: Slow operation: 136ms so far, now at startProcess: done updating battery stats
11-26 18:11:07.453  1795  2120 W ActivityManager: Slow operation: 136ms so far, now at startProcess: building log message
11-26 18:11:07.453  1795  2120 I ActivityManager: Start proc 9851:com.chrome.canary:sandboxed_process0:org.chromium.content.app.SandboxedProcessService0:0/u0ai0 for  {com.chrome.canary/org.chromium.content.app.SandboxedProcessService0:0}
11-26 18:11:07.453  1795  2120 W ActivityManager: Slow operation: 136ms so far, now at startProcess: starting to update pids map
11-26 18:11:07.453  1795  2120 W ActivityManager: Slow operation: 136ms so far, now at startProcess: done updating pids map
11-26 18:11:07.460  1011  1189 I ASH     : @ 365519.633: tcs3701: stop power rail pending_off timer
