11-26 18:24:25.409  1011  1189 D ASH     : @ 366317.582: tcs3701: start power rail timer, state:3
11-26 18:24:25.449  1011  1189 I ASH     : @ 366317.622: tcs3701: stop power rail pending_off timer
11-26 18:24:25.449  1011  1189 D ASH     : @ 366317.622: tcs3701: start power rail timer, state:3
11-26 18:24:25.485  8427  8467 I BatteryMgr:DataCollectionService: stats => 1701019465484,5187,4450,2136,4169000,100
11-26 18:24:25.489  1011  1189 I ASH     : @ 366317.662: tcs3701: stop power rail pending_off timer
11-26 18:24:25.489  1011  1189 D ASH     : @ 366317.662: tcs3701: start power rail timer, state:3
11-26 18:24:25.529  1011  1189 I ASH     : @ 366317.702: tcs3701: stop power rail pending_off timer
11-26 18:24:25.529  1011  1189 D ASH     : @ 366317.702: tcs3701: start power rail timer, state:3
11-26 18:24:25.569  1011  1189 I ASH     : @ 366317.742: tcs3701: stop power rail pending_off timer
11-26 18:24:25.569  1011  1189 D ASH     : @ 366317.742: tcs3701: start power rail timer, state:3
11-26 18:24:25.599  8427  8467 I BatteryMgr:DataCollectionService: stats => 1701019465598,5187,4450,2136,4169000,100
11-26 18:24:25.609  1011  1189 I ASH     : @ 366317.782: tcs3701: stop power rail pending_off timer
11-26 18:24:25.609  1011  1189 D ASH     : @ 366317.782: tcs3701: start power rail timer, state:3
11-26 18:24:25.649  1011  1189 I ASH     : @ 366317.822: tcs3701: stop power rail pending_off timer
11-26 18:24:25.650  1011  1189 D ASH     : @ 366317.822: tcs3701: start power rail timer, state:3
11-26 18:24:25.689  1011  1189 I ASH     : @ 366317.862: tcs3701: stop power rail pending_off timer
11-26 18:24:25.689  1011  1189 D ASH     : @ 366317.862: tcs3701: start power rail timer, state:3
11-26 18:24:25.712  8427  8467 I BatteryMgr:DataCollectionService: stats => 1701019465712,5187,4450,2136,4169000,100
11-26 18:24:25.729  1011  1189 I ASH     : @ 366317.902: tcs3701: stop power rail pending_off timer
11-26 18:24:25.729  1011  1189 D ASH     : @ 366317.902: tcs3701: start power rail timer, state:3
11-26 18:24:25.754  1795  3324 D ActivityManager: freezer override set to true
11-26 18:24:25.769  1011  1189 I ASH     : @ 366317.942: tcs3701: stop power rail pending_off timer
11-26 18:24:25.769  1011  1189 D ASH     : @ 366317.942: tcs3701: start power rail timer, state:3
11-26 18:24:25.772  1795  3324 D ActivityManager: freezer override set to false
11-26 18:24:25.808 30554 30614 W chromium: [WARNING:ev_root_ca_metadata.cc(119)] Not implemented
11-26 18:24:25.808 30554 30614 W chromium: [WARNING:ev_root_ca_metadata.cc(119)] Not implemented
11-26 18:24:25.809  1011  1189 I ASH     : @ 366317.982: tcs3701: stop power rail pending_off timer
11-26 18:24:25.809  1011  1189 D ASH     : @ 366317.982: tcs3701: start power rail timer, state:3
11-26 18:24:25.820  8427  8467 I BatteryMgr:DataCollectionService: stats => 1701019465820,5187,4450,2136,4169000,100
11-26 18:24:25.849  1011  1189 I ASH     : @ 366318.022: tcs3701: stop power rail pending_off timer
11-26 18:24:25.849  1011  1189 D ASH     : @ 366318.022: tcs3701: start power rail timer, state:3
11-26 18:24:25.889  1011  1189 I ASH     : @ 366318.062: tcs3701: stop power rail pending_off timer
11-26 18:24:25.889  1011  1189 D ASH     : @ 366318.062: tcs3701: start power rail timer, state:3
11-26 18:24:25.929  8427  8467 I BatteryMgr:DataCollectionService: stats => 1701019465929,5187,4450,2136,4169000,100
11-26 18:24:25.929  1011  1189 I ASH     : @ 366318.102: tcs3701: stop power rail pending_off timer
11-26 18:24:25.930  1011  1189 D ASH     : @ 366318.102: tcs3701: start power rail timer, state:3
11-26 18:24:25.969  1011  1189 I ASH     : @ 366318.142: tcs3701: stop power rail pending_off timer
11-26 18:24:25.969  1011  1189 D ASH     : @ 366318.142: tcs3701: start power rail timer, state:3
11-26 18:24:26.009  1011  1189 I ASH     : @ 366318.181: tcs3701: stop power rail pending_off timer
11-26 18:24:26.009  1011  1189 D ASH     : @ 366318.182: tcs3701: start power rail timer, state:3
11-26 18:24:26.041  8427  8467 I BatteryMgr:DataCollectionService: stats => 1701019466041,5187,4450,2136,4169000,100
11-26 18:24:26.049  1011  1189 I ASH     : @ 366318.222: tcs3701: stop power rail pending_off timer
11-26 18:24:26.049  1011  1189 D ASH     : @ 366318.222: tcs3701: start power rail timer, state:3
11-26 18:24:26.089  1011  1189 I ASH     : @ 366318.261: tcs3701: stop power rail pending_off timer
11-26 18:24:26.089  1011  1189 D ASH     : @ 366318.262: tcs3701: start power rail timer, state:3
11-26 18:24:26.129  1011  1189 I ASH     : @ 366318.302: tcs3701: stop power rail pending_off timer
11-26 18:24:26.129  1011  1189 D ASH     : @ 366318.302: tcs3701: start power rail timer, state:3
11-26 18:24:26.159  8427  8467 I BatteryMgr:DataCollectionService: stats => 1701019466159,5187,4450,2136,4169000,100
11-26 18:24:26.169  1011  1189 I ASH     : @ 366318.341: tcs3701: stop power rail pending_off timer
11-26 18:24:26.169  1011  1189 D ASH     : @ 366318.342: tcs3701: start power rail timer, state:3
11-26 18:24:26.209  1011  1189 I ASH     : @ 366318.382: tcs3701: stop power rail pending_off timer
11-26 18:24:26.209  1011  1189 D ASH     : @ 366318.382: tcs3701: start power rail timer, state:3
11-26 18:24:26.252  1011  1189 I ASH     : @ 366318.421: tcs3701: stop power rail pending_off timer
11-26 18:24:26.252  1011  1189 D ASH     : @ 366318.422: tcs3701: start power rail timer, state:3
11-26 18:24:26.268  8427  8467 I BatteryMgr:DataCollectionService: stats => 1701019466268,5187,4450,2136,4169000,100
11-26 18:24:26.283  1795  3324 D ActivityManager: freezer override set to true
11-26 18:24:26.289  1011  1189 I ASH     : @ 366318.462: tcs3701: stop power rail pending_off timer
11-26 18:24:26.289  1011  1189 D ASH     : @ 366318.462: tcs3701: start power rail timer, state:3
11-26 18:24:26.329  1011  1189 I ASH     : @ 366318.501: tcs3701: stop power rail pending_off timer
11-26 18:24:26.329  1011  1189 D ASH     : @ 366318.502: tcs3701: start power rail timer, state:3
11-26 18:24:26.369  1011  1189 I ASH     : @ 366318.542: tcs3701: stop power rail pending_off timer
11-26 18:24:26.369  1011  1189 D ASH     : @ 366318.542: tcs3701: start power rail timer, state:3
11-26 18:24:26.379  8427  8467 I BatteryMgr:DataCollectionService: stats => 1701019466379,5187,4450,2136,4169000,100
11-26 18:24:26.409  1011  1189 I ASH     : @ 366318.581: tcs3701: stop power rail pending_off timer
11-26 18:24:26.409  1011  1189 D ASH     : @ 366318.582: tcs3701: start power rail timer, state:3
11-26 18:24:26.449  1011  1189 I ASH     : @ 366318.622: tcs3701: stop power rail pending_off timer
11-26 18:24:26.449  1011  1189 D ASH     : @ 366318.622: tcs3701: start power rail timer, state:3
11-26 18:24:26.464 30554 30568 I m.chrome.canary: Explicit concurrent copying GC freed 4107(208KB) AllocSpace objects, 5(100KB) LOS objects, 75% free, 13MB/55MB, paused 102us,23us total 91.389ms
11-26 18:24:26.486  8427  8467 I BatteryMgr:DataCollectionService: stats => 1701019466485,5187,4450,2136,4169000,100
11-26 18:24:26.491  1011  1189 I ASH     : @ 366318.661: tcs3701: stop power rail pending_off timer
11-26 18:24:26.491  1011  1189 D ASH     : @ 366318.662: tcs3701: start power rail timer, state:3
11-26 18:24:26.529  1011  1189 I ASH     : @ 366318.702: tcs3701: stop power rail pending_off timer
11-26 18:24:26.529  1011  1189 D ASH     : @ 366318.702: tcs3701: start power rail timer, state:3
11-26 18:24:26.569  1011  1189 I ASH     : @ 366318.741: tcs3701: stop power rail pending_off timer
11-26 18:24:26.571  1011  1189 D ASH     : @ 366318.742: tcs3701: start power rail timer, state:3
11-26 18:24:26.579  1795  3324 D ActivityManager: freezer override set to false
11-26 18:24:26.601  8427  8467 I BatteryMgr:DataCollectionService: stats => 1701019466601,5187,4450,2136,4169000,100
11-26 18:24:26.609  1011  1189 I ASH     : @ 366318.782: tcs3701: stop power rail pending_off timer
11-26 18:24:26.609  1011  1189 D ASH     : @ 366318.782: tcs3701: start power rail timer, state:3
11-26 18:24:26.636  1795  3324 D ActivityManager: freezer override set to true
11-26 18:24:26.645  1795  3324 D ActivityManager: freezer override set to false
11-26 18:24:26.649  1011  1189 I ASH     : @ 366318.821: tcs3701: stop power rail pending_off timer
11-26 18:24:26.649  1011  1189 D ASH     : @ 366318.822: tcs3701: start power rail timer, state:3
11-26 18:24:26.689  1011  1189 I ASH     : @ 366318.862: tcs3701: stop power rail pending_off timer
11-26 18:24:26.689  1011  1189 D ASH     : @ 366318.862: tcs3701: start power rail timer, state:3
11-26 18:24:26.709  8427  8467 I BatteryMgr:DataCollectionService: stats => 1701019466708,5187,4450,2136,4169000,100
11-26 18:24:26.729  1011  1189 I ASH     : @ 366318.901: tcs3701: stop power rail pending_off timer
11-26 18:24:26.729  1011  1189 D ASH     : @ 366318.902: tcs3701: start power rail timer, state:3
11-26 18:24:26.733  1795  3324 D ActivityManager: freezer override set to true
11-26 18:24:26.738  1795  3324 D ActivityManager: freezer override set to false
11-26 18:24:26.757  1795  3324 D ActivityManager: freezer override set to true
11-26 18:24:26.768  1795  3324 D ActivityManager: freezer override set to false
11-26 18:24:26.770  1011  1189 I ASH     : @ 366318.942: tcs3701: stop power rail pending_off timer
11-26 18:24:26.770  1011  1189 D ASH     : @ 366318.942: tcs3701: start power rail timer, state:3
11-26 18:24:26.809  1011  1189 I ASH     : @ 366318.982: tcs3701: stop power rail pending_off timer
11-26 18:24:26.809  1011  1189 D ASH     : @ 366318.982: tcs3701: start power rail timer, state:3
11-26 18:24:26.816  8427  8467 I BatteryMgr:DataCollectionService: stats => 1701019466815,5187,4450,2136,4169000,100
11-26 18:24:26.816  2113  2118 I pixel-thermal: skin-therm-monitor: 38.561
11-26 18:24:26.849  1011  1189 I ASH     : @ 366319.022: tcs3701: stop power rail pending_off timer
11-26 18:24:26.849  1011  1189 D ASH     : @ 366319.022: tcs3701: start power rail timer, state:3
11-26 18:24:26.889  1011  1189 I ASH     : @ 366319.062: tcs3701: stop power rail pending_off timer
11-26 18:24:26.889  1011  1189 D ASH     : @ 366319.062: tcs3701: start power rail timer, state:3
11-26 18:24:26.929  1011  1189 I ASH     : @ 366319.102: tcs3701: stop power rail pending_off timer
11-26 18:24:26.929  1011  1189 D ASH     : @ 366319.102: tcs3701: start power rail timer, state:3
11-26 18:24:26.931  8427  8467 I BatteryMgr:DataCollectionService: stats => 1701019466931,5187,4450,2136,4169000,100
11-26 18:24:26.969  1011  1189 I ASH     : @ 366319.142: tcs3701: stop power rail pending_off timer
11-26 18:24:26.969  1011  1189 D ASH     : @ 366319.142: tcs3701: start power rail timer, state:3
11-26 18:24:27.011  1011  1189 I ASH     : @ 366319.182: tcs3701: stop power rail pending_off timer
11-26 18:24:27.012  1011  1189 D ASH     : @ 366319.182: tcs3701: start power rail timer, state:3
11-26 18:24:27.042  8427  8467 I BatteryMgr:DataCollectionService: stats => 1701019467041,5187,4450,2136,4169000,100
11-26 18:24:27.049  1011  1189 I ASH     : @ 366319.222: tcs3701: stop power rail pending_off timer
11-26 18:24:27.049  1011  1189 D ASH     : @ 366319.222: tcs3701: start power rail timer, state:3
11-26 18:24:27.090  1011  1189 I ASH     : @ 366319.262: tcs3701: stop power rail pending_off timer
11-26 18:24:27.090  1011  1189 D ASH     : @ 366319.262: tcs3701: start power rail timer, state:3
11-26 18:24:27.130  1011  1189 I ASH     : @ 366319.302: tcs3701: stop power rail pending_off timer
11-26 18:24:27.130  1011  1189 D ASH     : @ 366319.302: tcs3701: start power rail timer, state:3
11-26 18:24:27.157  8427  8467 I BatteryMgr:DataCollectionService: stats => 1701019467157,5187,4450,2136,4169000,100
11-26 18:24:27.169  1011  1189 I ASH     : @ 366319.342: tcs3701: stop power rail pending_off timer
11-26 18:24:27.169  1011  1189 D ASH     : @ 366319.342: tcs3701: start power rail timer, state:3
11-26 18:24:27.209  1011  1189 I ASH     : @ 366319.382: tcs3701: stop power rail pending_off timer
11-26 18:24:27.209  1011  1189 D ASH     : @ 366319.382: tcs3701: start power rail timer, state:3
11-26 18:24:27.250  1011  1189 I ASH     : @ 366319.422: tcs3701: stop power rail pending_off timer
11-26 18:24:27.250  1011  1189 D ASH     : @ 366319.422: tcs3701: start power rail timer, state:3
11-26 18:24:27.268  8427  8467 I BatteryMgr:DataCollectionService: stats => 1701019467267,5187,4450,2136,4169000,100
11-26 18:24:27.289  1011  1189 I ASH     : @ 366319.462: tcs3701: stop power rail pending_off timer
11-26 18:24:27.289  1011  1189 D ASH     : @ 366319.462: tcs3701: start power rail timer, state:3
11-26 18:24:27.329  1011  1189 I ASH     : @ 366319.502: tcs3701: stop power rail pending_off timer
11-26 18:24:27.329  1011  1189 D ASH     : @ 366319.502: tcs3701: start power rail timer, state:3
11-26 18:24:27.369  1011  1189 I ASH     : @ 366319.542: tcs3701: stop power rail pending_off timer
11-26 18:24:27.369  1011  1189 D ASH     : @ 366319.542: tcs3701: start power rail timer, state:3
11-26 18:24:27.384  8427  8467 I BatteryMgr:DataCollectionService: stats => 1701019467384,5187,4450,2136,4169000,100
11-26 18:24:27.409  1011  1189 I ASH     : @ 366319.582: tcs3701: stop power rail pending_off timer
11-26 18:24:27.409  1011  1189 D ASH     : @ 366319.582: tcs3701: start power rail timer, state:3
11-26 18:24:27.449  1011  1189 I ASH     : @ 366319.622: tcs3701: stop power rail pending_off timer
11-26 18:24:27.449  1011  1189 D ASH     : @ 366319.622: tcs3701: start power rail timer, state:3
11-26 18:24:27.489  1011  1189 I ASH     : @ 366319.662: tcs3701: stop power rail pending_off timer
11-26 18:24:27.489  1011  1189 D ASH     : @ 366319.662: tcs3701: start power rail timer, state:3
11-26 18:24:27.490  8427  8467 I BatteryMgr:DataCollectionService: stats => 1701019467490,5187,4450,2136,4169000,100
11-26 18:24:27.529  1011  1189 I ASH     : @ 366319.702: tcs3701: stop power rail pending_off timer
11-26 18:24:27.529  1011  1189 D ASH     : @ 366319.702: tcs3701: start power rail timer, state:3
11-26 18:24:27.569  1011  1189 I ASH     : @ 366319.742: tcs3701: stop power rail pending_off timer
11-26 18:24:27.569  1011  1189 D ASH     : @ 366319.742: tcs3701: start power rail timer, state:3
11-26 18:24:27.595  8427  8467 I BatteryMgr:DataCollectionService: stats => 1701019467595,5187,4450,2136,4169000,100
11-26 18:24:27.609  1011  1189 I ASH     : @ 366319.782: tcs3701: stop power rail pending_off timer
11-26 18:24:27.609  1011  1189 D ASH     : @ 366319.782: tcs3701: start power rail timer, state:3
11-26 18:24:27.649  1011  1189 I ASH     : @ 366319.822: tcs3701: stop power rail pending_off timer
11-26 18:24:27.649  1011  1189 D ASH     : @ 366319.822: tcs3701: start power rail timer, state:3
11-26 18:24:27.689  1011  1189 I ASH     : @ 366319.862: tcs3701: stop power rail pending_off timer
11-26 18:24:27.689  1011  1189 D ASH     : @ 366319.862: tcs3701: start power rail timer, state:3
11-26 18:24:27.703  8427  8467 I BatteryMgr:DataCollectionService: stats => 1701019467702,5187,4450,2136,4169000,100
11-26 18:24:27.725  1795  3324 D ActivityManager: freezer override set to true
11-26 18:24:27.729  1011  1189 I ASH     : @ 366319.902: tcs3701: stop power rail pending_off timer
11-26 18:24:27.729  1011  1189 D ASH     : @ 366319.902: tcs3701: start power rail timer, state:3
11-26 18:24:27.737  1795  3324 D ActivityManager: freezer override set to false
11-26 18:24:27.769  1011  1189 I ASH     : @ 366319.942: tcs3701: stop power rail pending_off timer
11-26 18:24:27.769  1011  1189 D ASH     : @ 366319.942: tcs3701: start power rail timer, state:3
11-26 18:24:27.809  1011  1189 I ASH     : @ 366319.981: tcs3701: stop power rail pending_off timer
11-26 18:24:27.809  1011  1189 D ASH     : @ 366319.982: tcs3701: start power rail timer, state:3
11-26 18:24:27.810  8427  8467 I BatteryMgr:DataCollectionService: stats => 1701019467810,5187,4450,2136,4169000,100
11-26 18:24:27.849  1011  1189 I ASH     : @ 366320.022: tcs3701: stop power rail pending_off timer
11-26 18:24:27.850  1011  1189 D ASH     : @ 366320.022: tcs3701: start power rail timer, state:3
11-26 18:24:27.889  1011  1189 I ASH     : @ 366320.061: tcs3701: stop power rail pending_off timer
11-26 18:24:27.889  1011  1189 D ASH     : @ 366320.062: tcs3701: start power rail timer, state:3
11-26 18:24:27.915  8427  8467 I BatteryMgr:DataCollectionService: stats => 1701019467915,5187,4450,2136,4169000,100
11-26 18:24:27.929  1011  1189 I ASH     : @ 366320.102: tcs3701: stop power rail pending_off timer
11-26 18:24:27.929  1011  1189 D ASH     : @ 366320.102: tcs3701: start power rail timer, state:3
11-26 18:24:27.967  1795  3324 D ActivityManager: freezer override set to true
11-26 18:24:27.969  1011  1189 I ASH     : @ 366320.141: tcs3701: stop power rail pending_off timer
11-26 18:24:27.969  1011  1189 D ASH     : @ 366320.142: tcs3701: start power rail timer, state:3
11-26 18:24:28.009  1011  1189 I ASH     : @ 366320.182: tcs3701: stop power rail pending_off timer
11-26 18:24:28.009  1011  1189 D ASH     : @ 366320.182: tcs3701: start power rail timer, state:3
11-26 18:24:28.022  8427  8467 I BatteryMgr:DataCollectionService: stats => 1701019468022,5187,4450,2136,4169000,100
11-26 18:24:28.049  1011  1189 I ASH     : @ 366320.221: tcs3701: stop power rail pending_off timer
11-26 18:24:28.050  1011  1189 D ASH     : @ 366320.222: tcs3701: start power rail timer, state:3
11-26 18:24:28.089  1011  1189 I ASH     : @ 366320.262: tcs3701: stop power rail pending_off timer
11-26 18:24:28.089  1011  1189 D ASH     : @ 366320.262: tcs3701: start power rail timer, state:3
11-26 18:24:28.129  1011  1189 I ASH     : @ 366320.301: tcs3701: stop power rail pending_off timer
11-26 18:24:28.129  1011  1189 D ASH     : @ 366320.302: tcs3701: start power rail timer, state:3
11-26 18:24:28.139  8427  8467 I BatteryMgr:DataCollectionService: stats => 1701019468139,5187,4450,2136,4169000,100
11-26 18:24:28.171  1011  1189 I ASH     : @ 366320.342: tcs3701: stop power rail pending_off timer
11-26 18:24:28.171  1011  1189 D ASH     : @ 366320.342: tcs3701: start power rail timer, state:3
11-26 18:24:28.194  1795  2424 D WifiClientModeImpl[13802:wlan0]: updateLinkLayerStatsRssiSpeedFrequencyCapabilities rssi=-45 TxLinkspeed=866 freq=5240 RxLinkSpeed=866
11-26 18:24:28.194  1795  2424 D WifiDataStall: tx tput in kbps: 619257
11-26 18:24:28.194  1795  2424 D WifiDataStall: rx tput in kbps: 764515
11-26 18:24:28.194  1795  2424 V WifiConfigManager: Updating scan detail cache freq=5240 BSSID=f4:6d:2f:12:cc:88 RSSI=-44 for "ourhome"WPA_PSK
11-26 18:24:28.195  1795  2424 D WifiChannelUtilization:  freq: 5240 onTime: 9948446 busyTime: 892564 onTimeDiff: 300590 busyTimeDiff: 36078 utilization: 30 utilization t0: 22
11-26 18:24:28.195  1795  2424 D WifiDataStall:  ccaLevel = 30
11-26 18:24:28.195  1795  2424 D WifiDataStall: L2 txTputKbps: 733935, rxTputKbps: 764515, L3 txTputKbps: 17, rxTputKbps: 44, TxTrafficHigh: true, RxTrafficHigh: true, Throughput Sufficient: true
11-26 18:24:28.195  1795  2424 D WifiScoreReport: Wifi scoring disabled - Don't check IP layer
11-26 18:24:28.195  1795  2424 D WifiScoreCard: BSSID update SIGNAL_POLL ID: 1320464697 SSID: "ourhome", BSSID: f4:6d:2f:12:cc:88, MAC: b2:2f:ec:da:4a:0c, IP: /192.168.1.104, Security type: 2, Supplicant state: COMPLETED, Wi-Fi standard: 5, RSSI: -45, Link speed: 866Mbps, Tx Link speed: 866Mbps, Max Supported Tx Link speed: 866Mbps, Rx Link speed: 866Mbps, Max Supported Rx Link speed: 866Mbps, Frequency: 5240MHz, Net ID: 12, Metered hint: false, score: 60, isUsable: true, CarrierMerged: false, SubscriptionId: -1, IsPrimary: 1, Trusted: true, Restricted: false, Ephemeral: false, OEM paid: false, OEM private: false, OSU AP: false, FQDN: <none>, Provider friendly name: <none>, Requesting package name: <none>"ourhome"wpa2-pskMLO Information: , Is TID-To-Link negotiation supported by the AP: false, AP MLD Address: <none>, AP MLO Link Id: <none>, AP MLO Affiliated links: <none>
11-26 18:24:28.195  1795  2424 D WifiScoreCard: txRate: 120 txSpeed: 866
11-26 18:24:28.195  1795  2424 D WifiScoreCard: network update SIGNAL_POLL "ourhome" ID: 1499892569 RSSI -45 txSpeed 866
11-26 18:24:28.195  2673  2692 V WifiManager: OnWifiUsabilityStatsListener: onWifiUsabilityStats: seqNum=92952
11-26 18:24:28.195  1795  2424 D WifiClientModeImpl[13802:wlan0]:  ClientModeImpl$L2ConnectedState screen=on 37 0 "ourhome" f4:6d:2f:12:cc:88 rssi=-45 f=5240 sc=60 link=866 tx=99.6, 20.1, 0.0 rx=294.8 bcn=3463275 [on:565 tx:3 rx:4 period:3013] from screen [on:312465 period:7033481] score=60
11-26 18:24:28.196  2782  5906 D QCNEJ/WlanStaInfoRelay: Received action: android.net.wifi.RSSI_CHANGED
11-26 18:24:28.197  1795  1854 I WifiService: updateWifiUsabilityScore uid=10180 seqNum=92952 score=100 predictionHorizonSec=1441795
11-26 18:24:28.198  1795  2424 D WifiScoreReport: Wifi scoring disabled - Notify that Wifi is usable
11-26 18:24:28.201  1795  2432 D ConnectivityService: NetReassign [no changes] [c 1] [a 0] [i 2]
11-26 18:24:28.209  1011  1189 I ASH     : @ 366320.381: tcs3701: stop power rail pending_off timer
11-26 18:24:28.209  1011  1189 D ASH     : @ 366320.382: tcs3701: start power rail timer, state:3
11-26 18:24:28.248 30554 30568 I m.chrome.canary: Explicit concurrent copying GC freed 4250(224KB) AllocSpace objects, 7(204KB) LOS objects, 75% free, 13MB/55MB, paused 96us,88us total 232.200ms
11-26 18:24:28.248  8427  8467 I BatteryMgr:DataCollectionService: stats => 1701019468248,5187,4450,2136,4169000,100
11-26 18:24:28.250  1011  1189 I ASH     : @ 366320.422: tcs3701: stop power rail pending_off timer
11-26 18:24:28.250  1011  1189 D ASH     : @ 366320.422: tcs3701: start power rail timer, state:3
11-26 18:24:28.291  1011  1189 I ASH     : @ 366320.461: tcs3701: stop power rail pending_off timer
11-26 18:24:28.291  1011  1189 D ASH     : @ 366320.462: tcs3701: start power rail timer, state:3
11-26 18:24:28.329  1011  1189 I ASH     : @ 366320.502: tcs3701: stop power rail pending_off timer
11-26 18:24:28.329  1011  1189 D ASH     : @ 366320.502: tcs3701: start power rail timer, state:3
11-26 18:24:28.368  8427  8467 I BatteryMgr:DataCollectionService: stats => 1701019468368,5187,4450,2136,4169000,100
11-26 18:24:28.369  1011  1189 I ASH     : @ 366320.541: tcs3701: stop power rail pending_off timer
11-26 18:24:28.369  1011  1189 D ASH     : @ 366320.542: tcs3701: start power rail timer, state:3
11-26 18:24:28.409  1011  1189 I ASH     : @ 366320.582: tcs3701: stop power rail pending_off timer
11-26 18:24:28.409  1011  1189 D ASH     : @ 366320.582: tcs3701: start power rail timer, state:3
11-26 18:24:28.449  1011  1189 I ASH     : @ 366320.621: tcs3701: stop power rail pending_off timer
11-26 18:24:28.449  1011  1189 D ASH     : @ 366320.622: tcs3701: start power rail timer, state:3
11-26 18:24:28.461  1795  3324 D ActivityManager: freezer override set to false
11-26 18:24:28.474  8427  8467 I BatteryMgr:DataCollectionService: stats => 1701019468474,5187,4450,2136,4169000,100
11-26 18:24:28.489  1011  1189 I ASH     : @ 366320.662: tcs3701: stop power rail pending_off timer
11-26 18:24:28.489  1011  1189 D ASH     : @ 366320.662: tcs3701: start power rail timer, state:3
11-26 18:24:28.506  1795  3324 D ActivityManager: freezer override set to true
11-26 18:24:28.508  1795  3324 D ActivityManager: freezer override set to false
11-26 18:24:28.529  1011  1189 I ASH     : @ 366320.702: tcs3701: stop power rail pending_off timer
11-26 18:24:28.529  1011  1189 D ASH     : @ 366320.702: tcs3701: start power rail timer, state:3
11-26 18:24:28.551  1795  3324 D ActivityManager: freezer override set to true
11-26 18:24:28.565  1795  3324 D ActivityManager: freezer override set to false
11-26 18:24:28.569  1011  1189 I ASH     : @ 366320.742: tcs3701: stop power rail pending_off timer
11-26 18:24:28.569  1011  1189 D ASH     : @ 366320.742: tcs3701: start power rail timer, state:3
11-26 18:24:28.580  8427  8467 I BatteryMgr:DataCollectionService: stats => 1701019468579,5187,4450,2136,4169000,100
11-26 18:24:28.609  1011  1189 I ASH     : @ 366320.782: tcs3701: stop power rail pending_off timer
11-26 18:24:28.609  1011  1189 D ASH     : @ 366320.782: tcs3701: start power rail timer, state:3
11-26 18:24:28.649  1011  1189 I ASH     : @ 366320.822: tcs3701: stop power rail pending_off timer
11-26 18:24:28.649  1011  1189 D ASH     : @ 366320.822: tcs3701: start power rail timer, state:3
11-26 18:24:28.688  8427  8467 I BatteryMgr:DataCollectionService: stats => 1701019468688,5187,4450,2136,4169000,100
11-26 18:24:28.689  1011  1189 I ASH     : @ 366320.862: tcs3701: stop power rail pending_off timer
11-26 18:24:28.689  1011  1189 D ASH     : @ 366320.862: tcs3701: start power rail timer, state:3
11-26 18:24:28.717  1795  3324 D ActivityManager: freezer override set to true
11-26 18:24:28.723  1795  3324 D ActivityManager: freezer override set to false
11-26 18:24:28.729  1011  1189 I ASH     : @ 366320.902: tcs3701: stop power rail pending_off timer
11-26 18:24:28.729  1011  1189 D ASH     : @ 366320.902: tcs3701: start power rail timer, state:3
11-26 18:24:28.769  1011  1189 I ASH     : @ 366320.942: tcs3701: stop power rail pending_off timer
11-26 18:24:28.769  1011  1189 D ASH     : @ 366320.942: tcs3701: start power rail timer, state:3
11-26 18:24:28.794  8427  8467 I BatteryMgr:DataCollectionService: stats => 1701019468794,5187,4450,2136,4169000,100
11-26 18:24:28.810  1011  1189 I ASH     : @ 366320.982: tcs3701: stop power rail pending_off timer
11-26 18:24:28.810  1011  1189 D ASH     : @ 366320.982: tcs3701: start power rail timer, state:3
11-26 18:24:28.820  2113  2118 I pixel-thermal: skin-therm-monitor: 38.568
11-26 18:24:28.849  1011  1189 I ASH     : @ 366321.022: tcs3701: stop power rail pending_off timer
11-26 18:24:28.849  1011  1189 D ASH     : @ 366321.022: tcs3701: start power rail timer, state:3
11-26 18:24:28.889  1011  1189 I ASH     : @ 366321.062: tcs3701: stop power rail pending_off timer
11-26 18:24:28.889  1011  1189 D ASH     : @ 366321.062: tcs3701: start power rail timer, state:3
11-26 18:24:28.904  8427  8467 I BatteryMgr:DataCollectionService: stats => 1701019468904,5187,4450,2136,4169000,100
11-26 18:24:28.929  1011  1189 I ASH     : @ 366321.102: tcs3701: stop power rail pending_off timer
11-26 18:24:28.929  1011  1189 D ASH     : @ 366321.102: tcs3701: start power rail timer, state:3
11-26 18:24:28.969  1011  1189 I ASH     : @ 366321.142: tcs3701: stop power rail pending_off timer
11-26 18:24:28.969  1011  1189 D ASH     : @ 366321.142: tcs3701: start power rail timer, state:3
11-26 18:24:29.009  1011  1189 I ASH     : @ 366321.182: tcs3701: stop power rail pending_off timer
11-26 18:24:29.009  1011  1189 D ASH     : @ 366321.182: tcs3701: start power rail timer, state:3
11-26 18:24:29.009  8427  8467 I BatteryMgr:DataCollectionService: stats => 1701019469009,5187,4450,2136,4169000,100
11-26 18:24:29.049  1011  1189 I ASH     : @ 366321.222: tcs3701: stop power rail pending_off timer
11-26 18:24:29.049  1011  1189 D ASH     : @ 366321.222: tcs3701: start power rail timer, state:3
11-26 18:24:29.089  1011  1189 I ASH     : @ 366321.262: tcs3701: stop power rail pending_off timer
11-26 18:24:29.089  1011  1189 D ASH     : @ 366321.262: tcs3701: start power rail timer, state:3
11-26 18:24:29.117  8427  8467 I BatteryMgr:DataCollectionService: stats => 1701019469117,5187,4450,2136,4169000,100
11-26 18:24:29.129  1011  1189 I ASH     : @ 366321.302: tcs3701: stop power rail pending_off timer
11-26 18:24:29.129  1011  1189 D ASH     : @ 366321.302: tcs3701: start power rail timer, state:3
11-26 18:24:29.169  1011  1189 I ASH     : @ 366321.342: tcs3701: stop power rail pending_off timer
11-26 18:24:29.169  1011  1189 D ASH     : @ 366321.342: tcs3701: start power rail timer, state:3
11-26 18:24:29.209  1011  1189 I ASH     : @ 366321.382: tcs3701: stop power rail pending_off timer
11-26 18:24:29.209  1011  1189 D ASH     : @ 366321.382: tcs3701: start power rail timer, state:3
11-26 18:24:29.223  8427  8467 I BatteryMgr:DataCollectionService: stats => 1701019469223,5187,4450,2136,4169000,100
11-26 18:24:29.249  1011  1189 I ASH     : @ 366321.422: tcs3701: stop power rail pending_off timer
11-26 18:24:29.249  1011  1189 D ASH     : @ 366321.422: tcs3701: start power rail timer, state:3
11-26 18:24:29.289  1011  1189 I ASH     : @ 366321.462: tcs3701: stop power rail pending_off timer
11-26 18:24:29.289  1011  1189 D ASH     : @ 366321.462: tcs3701: start power rail timer, state:3
11-26 18:24:29.330  1011  1189 I ASH     : @ 366321.502: tcs3701: stop power rail pending_off timer
11-26 18:24:29.330  1011  1189 D ASH     : @ 366321.502: tcs3701: start power rail timer, state:3
11-26 18:24:29.334  8427  8467 I BatteryMgr:DataCollectionService: stats => 1701019469334,5187,4450,2136,4169000,100
11-26 18:24:29.370  1011  1189 I ASH     : @ 366321.542: tcs3701: stop power rail pending_off timer
11-26 18:24:29.370  1011  1189 D ASH     : @ 366321.542: tcs3701: start power rail timer, state:3
11-26 18:24:29.409  1011  1189 I ASH     : @ 366321.582: tcs3701: stop power rail pending_off timer
11-26 18:24:29.409  1011  1189 D ASH     : @ 366321.582: tcs3701: start power rail timer, state:3
11-26 18:24:29.427  8549  8557 W .google.ar.core: Reducing the number of considered missed Gc histogram windows from 662 to 100
11-26 18:24:29.441  8427  8467 I BatteryMgr:DataCollectionService: stats => 1701019469441,5187,4450,2136,4169000,100
11-26 18:24:29.449  1011  1189 I ASH     : @ 366321.621: tcs3701: stop power rail pending_off timer
11-26 18:24:29.449  1011  1189 D ASH     : @ 366321.622: tcs3701: start power rail timer, state:3
11-26 18:24:29.489  1011  1189 I ASH     : @ 366321.662: tcs3701: stop power rail pending_off timer
11-26 18:24:29.489  1011  1189 D ASH     : @ 366321.662: tcs3701: start power rail timer, state:3
11-26 18:24:29.530  1011  1189 I ASH     : @ 366321.701: tcs3701: stop power rail pending_off timer
11-26 18:24:29.530  1011  1189 D ASH     : @ 366321.702: tcs3701: start power rail timer, state:3
11-26 18:24:29.548  8427  8467 I BatteryMgr:DataCollectionService: stats => 1701019469548,5187,4450,2136,4169000,100
11-26 18:24:29.569  1011  1189 I ASH     : @ 366321.742: tcs3701: stop power rail pending_off timer
11-26 18:24:29.569  1011  1189 D ASH     : @ 366321.742: tcs3701: start power rail timer, state:3
11-26 18:24:29.609  1011  1189 I ASH     : @ 366321.781: tcs3701: stop power rail pending_off timer
11-26 18:24:29.609  1011  1189 D ASH     : @ 366321.782: tcs3701: start power rail timer, state:3
11-26 18:24:29.649  1011  1189 I ASH     : @ 366321.822: tcs3701: stop power rail pending_off timer
11-26 18:24:29.649  1011  1189 D ASH     : @ 366321.822: tcs3701: start power rail timer, state:3
11-26 18:24:29.657  8427  8467 I BatteryMgr:DataCollectionService: stats => 1701019469657,5187,4450,2136,4169000,100
11-26 18:24:29.689  1011  1189 I ASH     : @ 366321.861: tcs3701: stop power rail pending_off timer
11-26 18:24:29.689  1011  1189 D ASH     : @ 366321.862: tcs3701: start power rail timer, state:3
11-26 18:24:29.723  1795  3324 D ActivityManager: freezer override set to true
11-26 18:24:29.729  1795  3324 D ActivityManager: freezer override set to false
11-26 18:24:29.729  1011  1189 I ASH     : @ 366321.902: tcs3701: stop power rail pending_off timer
11-26 18:24:29.729  1011  1189 D ASH     : @ 366321.902: tcs3701: start power rail timer, state:3
11-26 18:24:29.737  1795  3324 D ActivityManager: freezer override set to true
11-26 18:24:29.765  8427  8467 I BatteryMgr:DataCollectionService: stats => 1701019469765,5187,4450,2136,4169000,100
11-26 18:24:29.770  1011  1189 I ASH     : @ 366321.941: tcs3701: stop power rail pending_off timer
11-26 18:24:29.770  1011  1189 D ASH     : @ 366321.942: tcs3701: start power rail timer, state:3
11-26 18:24:29.809  1011  1189 I ASH     : @ 366321.982: tcs3701: stop power rail pending_off timer
11-26 18:24:29.809  1011  1189 D ASH     : @ 366321.982: tcs3701: start power rail timer, state:3
11-26 18:24:29.849  1011  1189 I ASH     : @ 366322.021: tcs3701: stop power rail pending_off timer
11-26 18:24:29.849  1011  1189 D ASH     : @ 366322.022: tcs3701: start power rail timer, state:3
11-26 18:24:29.863 30554 30568 I m.chrome.canary: Explicit concurrent copying GC freed 4098(208KB) AllocSpace objects, 5(100KB) LOS objects, 74% free, 13MB/55MB, paused 93us,24us total 68.555ms
11-26 18:24:29.872  8427  8467 I BatteryMgr:DataCollectionService: stats => 1701019469872,5187,4450,2136,4169000,100
11-26 18:24:29.889  1011  1189 I ASH     : @ 366322.062: tcs3701: stop power rail pending_off timer
11-26 18:24:29.889  1011  1189 D ASH     : @ 366322.062: tcs3701: start power rail timer, state:3
11-26 18:24:29.929  1011  1189 I ASH     : @ 366322.101: tcs3701: stop power rail pending_off timer
11-26 18:24:29.929  1011  1189 D ASH     : @ 366322.102: tcs3701: start power rail timer, state:3
11-26 18:24:29.929  1795  3324 D ActivityManager: freezer override set to false
11-26 18:24:29.969  1011  1189 I ASH     : @ 366322.142: tcs3701: stop power rail pending_off timer
11-26 18:24:29.969  1011  1189 D ASH     : @ 366322.142: tcs3701: start power rail timer, state:3
11-26 18:24:29.974  1795  4169 D ActivityManager: freezer override set to true
11-26 18:24:29.976  1795  4169 D ActivityManager: freezer override set to false
11-26 18:24:29.977  8427  8467 I BatteryMgr:DataCollectionService: stats => 1701019469976,5187,4450,2136,4169000,100
11-26 18:24:30.009  1011  1189 I ASH     : @ 366322.181: tcs3701: stop power rail pending_off timer
11-26 18:24:30.009  1011  1189 D ASH     : @ 366322.182: tcs3701: start power rail timer, state:3
11-26 18:24:30.009  1795  4169 D ActivityManager: freezer override set to true
11-26 18:24:30.012  1795  4169 D ActivityManager: freezer override set to false
11-26 18:24:30.049  1011  1189 I ASH     : @ 366322.222: tcs3701: stop power rail pending_off timer
11-26 18:24:30.049  1011  1189 D ASH     : @ 366322.222: tcs3701: start power rail timer, state:3
11-26 18:24:30.083  8427  8467 I BatteryMgr:DataCollectionService: stats => 1701019470083,5187,4450,2136,4169000,100
11-26 18:24:30.089  1011  1189 I ASH     : @ 366322.261: tcs3701: stop power rail pending_off timer
11-26 18:24:30.089  1011  1189 D ASH     : @ 366322.262: tcs3701: start power rail timer, state:3
11-26 18:24:30.129  1011  1189 I ASH     : @ 366322.302: tcs3701: stop power rail pending_off timer
11-26 18:24:30.129  1011  1189 D ASH     : @ 366322.302: tcs3701: start power rail timer, state:3
11-26 18:24:30.169  1011  1189 I ASH     : @ 366322.341: tcs3701: stop power rail pending_off timer
11-26 18:24:30.169  1011  1189 D ASH     : @ 366322.342: tcs3701: start power rail timer, state:3
11-26 18:24:30.188  8427  8467 I BatteryMgr:DataCollectionService: stats => 1701019470188,5187,4450,2136,4169000,100
11-26 18:24:30.210  1011  1189 I ASH     : @ 366322.382: tcs3701: stop power rail pending_off timer
11-26 18:24:30.210  1011  1189 D ASH     : @ 366322.382: tcs3701: start power rail timer, state:3
11-26 18:24:30.249  1011  1189 I ASH     : @ 366322.422: tcs3701: stop power rail pending_off timer
11-26 18:24:30.249  1011  1189 D ASH     : @ 366322.422: tcs3701: start power rail timer, state:3
11-26 18:24:30.289  1011  1189 I ASH     : @ 366322.462: tcs3701: stop power rail pending_off timer
11-26 18:24:30.289  1011  1189 D ASH     : @ 366322.462: tcs3701: start power rail timer, state:3
11-26 18:24:30.295  8427  8467 I BatteryMgr:DataCollectionService: stats => 1701019470295,5187,4450,2136,4169000,100
11-26 18:24:30.329  1011  1189 I ASH     : @ 366322.502: tcs3701: stop power rail pending_off timer
11-26 18:24:30.329  1011  1189 D ASH     : @ 366322.502: tcs3701: start power rail timer, state:3
11-26 18:24:30.369  1011  1189 I ASH     : @ 366322.542: tcs3701: stop power rail pending_off timer
11-26 18:24:30.369  1011  1189 D ASH     : @ 366322.542: tcs3701: start power rail timer, state:3
11-26 18:24:30.402  8427  8467 I BatteryMgr:DataCollectionService: stats => 1701019470402,5187,4450,2136,4169000,100
11-26 18:24:30.409  1011  1189 I ASH     : @ 366322.582: tcs3701: stop power rail pending_off timer
11-26 18:24:30.409  1011  1189 D ASH     : @ 366322.582: tcs3701: start power rail timer, state:3
11-26 18:24:30.449  1011  1189 I ASH     : @ 366322.622: tcs3701: stop power rail pending_off timer
11-26 18:24:30.449  1011  1189 D ASH     : @ 366322.622: tcs3701: start power rail timer, state:3
11-26 18:24:30.489  1011  1189 I ASH     : @ 366322.662: tcs3701: stop power rail pending_off timer
11-26 18:24:30.489  1011  1189 D ASH     : @ 366322.662: tcs3701: start power rail timer, state:3
11-26 18:24:30.507  8427  8467 I BatteryMgr:DataCollectionService: stats => 1701019470506,5187,4450,2136,4169000,100
11-26 18:24:30.529  1011  1189 I ASH     : @ 366322.702: tcs3701: stop power rail pending_off timer
11-26 18:24:30.529  1011  1189 D ASH     : @ 366322.702: tcs3701: start power rail timer, state:3
11-26 18:24:30.569  1011  1189 I ASH     : @ 366322.742: tcs3701: stop power rail pending_off timer
11-26 18:24:30.569  1011  1189 D ASH     : @ 366322.742: tcs3701: start power rail timer, state:3
11-26 18:24:30.609  1011  1189 I ASH     : @ 366322.782: tcs3701: stop power rail pending_off timer
11-26 18:24:30.609  1011  1189 D ASH     : @ 366322.782: tcs3701: start power rail timer, state:3
11-26 18:24:30.613  8427  8467 I BatteryMgr:DataCollectionService: stats => 1701019470613,5187,4450,2136,4169000,100
11-26 18:24:30.649  1011  1189 I ASH     : @ 366322.822: tcs3701: stop power rail pending_off timer
11-26 18:24:30.649  1011  1189 D ASH     : @ 366322.822: tcs3701: start power rail timer, state:3
11-26 18:24:30.689  1011  1189 I ASH     : @ 366322.862: tcs3701: stop power rail pending_off timer
11-26 18:24:30.689  1011  1189 D ASH     : @ 366322.862: tcs3701: start power rail timer, state:3
11-26 18:24:30.721  1795  4169 D ActivityManager: freezer override set to true
11-26 18:24:30.723  8427  8467 I BatteryMgr:DataCollectionService: stats => 1701019470723,5187,4450,2136,4169000,100
11-26 18:24:30.727  1795  4169 D ActivityManager: freezer override set to false
11-26 18:24:30.729  1011  1189 I ASH     : @ 366322.902: tcs3701: stop power rail pending_off timer
11-26 18:24:30.729  1011  1189 D ASH     : @ 366322.902: tcs3701: start power rail timer, state:3
11-26 18:24:30.764 30554 30616 W chromium: [WARNING:ev_root_ca_metadata.cc(119)] Not implemented
11-26 18:24:30.764 30554 30616 W chromium: [WARNING:ev_root_ca_metadata.cc(119)] Not implemented
11-26 18:24:30.769  1011  1189 I ASH     : @ 366322.942: tcs3701: stop power rail pending_off timer
11-26 18:24:30.769  1011  1189 D ASH     : @ 366322.942: tcs3701: start power rail timer, state:3
11-26 18:24:30.809  1011  1189 I ASH     : @ 366322.982: tcs3701: stop power rail pending_off timer
11-26 18:24:30.809  1011  1189 D ASH     : @ 366322.982: tcs3701: start power rail timer, state:3
11-26 18:24:30.823  2113  2118 I pixel-thermal: skin-therm-monitor: 38.582
11-26 18:24:30.829  8427  8467 I BatteryMgr:DataCollectionService: stats => 1701019470829,5187,4450,2136,4169000,100
11-26 18:24:30.849  1011  1189 I ASH     : @ 366323.022: tcs3701: stop power rail pending_off timer
11-26 18:24:30.849  1011  1189 D ASH     : @ 366323.022: tcs3701: start power rail timer, state:3
11-26 18:24:30.889  1011  1189 I ASH     : @ 366323.062: tcs3701: stop power rail pending_off timer
11-26 18:24:30.889  1011  1189 D ASH     : @ 366323.062: tcs3701: start power rail timer, state:3
11-26 18:24:30.929  1011  1189 I ASH     : @ 366323.102: tcs3701: stop power rail pending_off timer
11-26 18:24:30.929  1011  1189 D ASH     : @ 366323.102: tcs3701: start power rail timer, state:3
11-26 18:24:30.934  8427  8467 I BatteryMgr:DataCollectionService: stats => 1701019470934,5187,4450,2136,4169000,100
11-26 18:24:30.969  1011  1189 I ASH     : @ 366323.142: tcs3701: stop power rail pending_off timer
11-26 18:24:30.969  1011  1189 D ASH     : @ 366323.142: tcs3701: start power rail timer, state:3
11-26 18:24:31.009  1011  1189 I ASH     : @ 366323.182: tcs3701: stop power rail pending_off timer
11-26 18:24:31.010  1011  1189 D ASH     : @ 366323.182: tcs3701: start power rail timer, state:3
11-26 18:24:31.042  8427  8467 I BatteryMgr:DataCollectionService: stats => 1701019471041,5187,4450,2136,4169000,100
11-26 18:24:31.049  1011  1189 I ASH     : @ 366323.222: tcs3701: stop power rail pending_off timer
11-26 18:24:31.049  1011  1189 D ASH     : @ 366323.222: tcs3701: start power rail timer, state:3
11-26 18:24:31.089  1011  1189 I ASH     : @ 366323.262: tcs3701: stop power rail pending_off timer
11-26 18:24:31.089  1011  1189 D ASH     : @ 366323.262: tcs3701: start power rail timer, state:3
11-26 18:24:31.129  1011  1189 I ASH     : @ 366323.302: tcs3701: stop power rail pending_off timer
11-26 18:24:31.129  1011  1189 D ASH     : @ 366323.302: tcs3701: start power rail timer, state:3
11-26 18:24:31.140  1795  4169 D ActivityManager: freezer override set to true
11-26 18:24:31.148  8427  8467 I BatteryMgr:DataCollectionService: stats => 1701019471148,5187,4450,2136,4169000,100
11-26 18:24:31.169  1011  1189 I ASH     : @ 366323.341: tcs3701: stop power rail pending_off timer
11-26 18:24:31.169  1011  1189 D ASH     : @ 366323.342: tcs3701: start power rail timer, state:3
11-26 18:24:31.206  1795  2424 D WifiClientModeImpl[13802:wlan0]: updateLinkLayerStatsRssiSpeedFrequencyCapabilities rssi=-45 TxLinkspeed=866 freq=5240 RxLinkSpeed=866
11-26 18:24:31.206  1795  2424 D WifiDataStall: tx tput in kbps: 733935
11-26 18:24:31.206  1795  2424 D WifiDataStall: rx tput in kbps: 764515
11-26 18:24:31.207  1795  2424 V WifiConfigManager: Updating scan detail cache freq=5240 BSSID=f4:6d:2f:12:cc:88 RSSI=-44 for "ourhome"WPA_PSK
11-26 18:24:31.207  1795  2424 D WifiChannelUtilization:  freq: 5240 onTime: 9948601 busyTime: 892569 onTimeDiff: 300745 busyTimeDiff: 36083 utilization: 30 utilization t0: 22
11-26 18:24:31.207  1795  2424 D WifiDataStall:  ccaLevel = 30
11-26 18:24:31.208  1795  2424 D WifiDataStall: L2 txTputKbps: 726289, rxTputKbps: 764515, L3 txTputKbps: 13, rxTputKbps: 20, TxTrafficHigh: true, RxTrafficHigh: true, Throughput Sufficient: true
11-26 18:24:31.208  2673  2692 V WifiManager: OnWifiUsabilityStatsListener: onWifiUsabilityStats: seqNum=92953
11-26 18:24:31.208  1795  2424 D WifiScoreReport: Wifi scoring disabled - Don't check IP layer
11-26 18:24:31.208  1795  2424 D WifiScoreCard: BSSID update SIGNAL_POLL ID: 1320464697 SSID: "ourhome", BSSID: f4:6d:2f:12:cc:88, MAC: b2:2f:ec:da:4a:0c, IP: /192.168.1.104, Security type: 2, Supplicant state: COMPLETED, Wi-Fi standard: 5, RSSI: -45, Link speed: 866Mbps, Tx Link speed: 866Mbps, Max Supported Tx Link speed: 866Mbps, Rx Link speed: 866Mbps, Max Supported Rx Link speed: 866Mbps, Frequency: 5240MHz, Net ID: 12, Metered hint: false, score: 60, isUsable: true, CarrierMerged: false, SubscriptionId: -1, IsPrimary: 1, Trusted: true, Restricted: false, Ephemeral: false, OEM paid: false, OEM private: false, OSU AP: false, FQDN: <none>, Provider friendly name: <none>, Requesting package name: <none>"ourhome"wpa2-pskMLO Information: , Is TID-To-Link negotiation supported by the AP: false, AP MLD Address: <none>, AP MLO Link Id: <none>, AP MLO Affiliated links: <none>
11-26 18:24:31.208  1795  2424 D WifiScoreCard: txRate: 48 txSpeed: 866
11-26 18:24:31.208  1795  2424 D WifiScoreCard: network update SIGNAL_POLL "ourhome" ID: 1499892569 RSSI -45 txSpeed 866
11-26 18:24:31.208  1795  2424 D WifiClientModeImpl[13802:wlan0]:  ClientModeImpl$L2ConnectedState screen=on 37 0 "ourhome" f4:6d:2f:12:cc:88 rssi=-45 f=5240 sc=60 link=866 tx=40.3, 7.5, 0.0 rx=110.3 bcn=3463304 [on:155 tx:3 rx:1 period:3013] from screen [on:312620 period:7036494] score=60
11-26 18:24:31.208  1795  3324 I WifiService: updateWifiUsabilityScore uid=10180 seqNum=92953 score=100 predictionHorizonSec=1441795
11-26 18:24:31.209  1011  1189 I ASH     : @ 366323.382: tcs3701: stop power rail pending_off timer
11-26 18:24:31.209  1011  1189 D ASH     : @ 366323.382: tcs3701: start power rail timer, state:3
11-26 18:24:31.210  1795  2424 D WifiScoreReport: Wifi scoring disabled - Notify that Wifi is usable
11-26 18:24:31.211  1795  2432 D ConnectivityService: NetReassign [no changes] [c 0] [a 0] [i 0]
11-26 18:24:31.243  3604  4020 I bbqr    : (REDACTED) getHotwordActive::active query: %s, watch: %s, devices connected: %s
11-26 18:24:31.249  1011  1189 I ASH     : @ 366323.421: tcs3701: stop power rail pending_off timer
11-26 18:24:31.250  1011  1189 D ASH     : @ 366323.422: tcs3701: start power rail timer, state:3
11-26 18:24:31.255 30554 30568 I m.chrome.canary: Explicit concurrent copying GC freed 3842(192KB) AllocSpace objects, 4(80KB) LOS objects, 75% free, 13MB/55MB, paused 91us,34us total 65.668ms
11-26 18:24:31.257  8427  8467 I BatteryMgr:DataCollectionService: stats => 1701019471257,5187,4450,2136,4169000,100
11-26 18:24:31.289  1011  1189 I ASH     : @ 366323.462: tcs3701: stop power rail pending_off timer
11-26 18:24:31.289  1011  1189 D ASH     : @ 366323.462: tcs3701: start power rail timer, state:3
11-26 18:24:31.320  1795  4169 D ActivityManager: freezer override set to false
11-26 18:24:31.329  1011  1189 I ASH     : @ 366323.501: tcs3701: stop power rail pending_off timer
11-26 18:24:31.329  1011  1189 D ASH     : @ 366323.502: tcs3701: start power rail timer, state:3
11-26 18:24:31.360  1795  4169 D ActivityManager: freezer override set to true
11-26 18:24:31.363  1795  4169 D ActivityManager: freezer override set to false
11-26 18:24:31.363  8427  8467 I BatteryMgr:DataCollectionService: stats => 1701019471363,5187,4450,2136,4169000,100
11-26 18:24:31.369  1011  1189 I ASH     : @ 366323.542: tcs3701: stop power rail pending_off timer
11-26 18:24:31.369  1011  1189 D ASH     : @ 366323.542: tcs3701: start power rail timer, state:3
11-26 18:24:31.403  1795  4169 D ActivityManager: freezer override set to true
11-26 18:24:31.405  1795  4169 D ActivityManager: freezer override set to false
11-26 18:24:31.410  1011  1189 I ASH     : @ 366323.581: tcs3701: stop power rail pending_off timer
11-26 18:24:31.410  1011  1189 D ASH     : @ 366323.582: tcs3701: start power rail timer, state:3
11-26 18:24:31.449  1011  1189 I ASH     : @ 366323.622: tcs3701: stop power rail pending_off timer
11-26 18:24:31.449  1011  1189 D ASH     : @ 366323.622: tcs3701: start power rail timer, state:3
11-26 18:24:31.473  8427  8467 I BatteryMgr:DataCollectionService: stats => 1701019471473,5187,4450,2136,4169000,100
11-26 18:24:31.489  1011  1189 I ASH     : @ 366323.661: tcs3701: stop power rail pending_off timer
11-26 18:24:31.489  1011  1189 D ASH     : @ 366323.662: tcs3701: start power rail timer, state:3
11-26 18:24:31.498 26837 26837 D BoundBrokerSvc: onUnbind: Intent { act=com.google.android.gms.auth.account.workaccount.START dat=chimera-action:/... cmp=com.google.android.gms/.chimera.PersistentApiService }
11-26 18:24:31.529  1011  1189 I ASH     : @ 366323.702: tcs3701: stop power rail pending_off timer
11-26 18:24:31.529  1011  1189 D ASH     : @ 366323.702: tcs3701: start power rail timer, state:3
11-26 18:24:31.569  1011  1189 I ASH     : @ 366323.741: tcs3701: stop power rail pending_off timer
11-26 18:24:31.569  1011  1189 D ASH     : @ 366323.742: tcs3701: start power rail timer, state:3
11-26 18:24:31.580  8427  8467 I BatteryMgr:DataCollectionService: stats => 1701019471580,5187,4450,2136,4169000,100
11-26 18:24:31.609  1011  1189 I ASH     : @ 366323.782: tcs3701: stop power rail pending_off timer
11-26 18:24:31.609  1011  1189 D ASH     : @ 366323.782: tcs3701: start power rail timer, state:3
11-26 18:24:31.650  1011  1189 I ASH     : @ 366323.821: tcs3701: stop power rail pending_off timer
11-26 18:24:31.650  1011  1189 D ASH     : @ 366323.822: tcs3701: start power rail timer, state:3
11-26 18:24:31.687  8427  8467 I BatteryMgr:DataCollectionService: stats => 1701019471687,5187,4450,2136,4169000,100
11-26 18:24:31.689  1011  1189 I ASH     : @ 366323.862: tcs3701: stop power rail pending_off timer
11-26 18:24:31.689  1011  1189 D ASH     : @ 366323.862: tcs3701: start power rail timer, state:3
11-26 18:24:31.720  1795  3324 D ActivityManager: freezer override set to true
11-26 18:24:31.725  1795  3324 D ActivityManager: freezer override set to false
11-26 18:24:31.729  1011  1189 I ASH     : @ 366323.901: tcs3701: stop power rail pending_off timer
11-26 18:24:31.729  1011  1189 D ASH     : @ 366323.902: tcs3701: start power rail timer, state:3
11-26 18:24:31.769  1011  1189 I ASH     : @ 366323.942: tcs3701: stop power rail pending_off timer
11-26 18:24:31.769  1011  1189 D ASH     : @ 366323.942: tcs3701: start power rail timer, state:3
11-26 18:24:31.791  8427  8467 I BatteryMgr:DataCollectionService: stats => 1701019471791,5187,4450,2136,4169000,100
11-26 18:24:31.809  1011  1189 I ASH     : @ 366323.981: tcs3701: stop power rail pending_off timer
11-26 18:24:31.809  1011  1189 D ASH     : @ 366323.982: tcs3701: start power rail timer, state:3
11-26 18:24:31.849  1011  1189 I ASH     : @ 366324.022: tcs3701: stop power rail pending_off timer
11-26 18:24:31.849  1011  1189 D ASH     : @ 366324.022: tcs3701: start power rail timer, state:3
11-26 18:24:31.889  1011  1189 I ASH     : @ 366324.061: tcs3701: stop power rail pending_off timer
11-26 18:24:31.889  1011  1189 D ASH     : @ 366324.062: tcs3701: start power rail timer, state:3
11-26 18:24:31.892 26741 26741 D BoundBrokerSvc: onUnbind: Intent { act=com.google.android.gms.feedback.internal.IFeedbackService dat=chimera-action:/... cmp=com.google.android.gms/.chimera.GmsBoundBrokerService }
11-26 18:24:31.898  8427  8467 I BatteryMgr:DataCollectionService: stats => 1701019471898,5187,4450,2136,4169000,100
