11-24 03:23:47.827  1011  1189 I ASH     : @ 139480.021: tcs3701: stop power rail pending_off timer
11-24 03:23:47.827  1011  1189 D ASH     : @ 139480.021: tcs3701: start power rail timer, state:3
11-24 03:23:47.868  1011  1189 I ASH     : @ 139480.061: tcs3701: stop power rail pending_off timer
11-24 03:23:47.868  1011  1189 D ASH     : @ 139480.061: tcs3701: start power rail timer, state:3
11-24 03:23:47.880  9398  9436 I BatteryMgr:DataCollectionService: stats => 1700792627880,8239,4444,9765,4169000,100
11-24 03:23:47.880  9398  7861 I BatteryMgr:DataCollectionService: stats => 1700792627880,8239,4444,9765,4169000,100
11-24 03:23:47.881  9398 20344 I BatteryMgr:DataCollectionService: stats => 1700792627881,8239,4444,9765,4169000,100
11-24 03:23:47.895  9398 20344 I BatteryMgr:DataCollectionService: stats => 1700792627895,8239,4444,9765,4169000,100
11-24 03:23:47.907  1011  1189 I ASH     : @ 139480.101: tcs3701: stop power rail pending_off timer
11-24 03:23:47.907  1011  1189 D ASH     : @ 139480.101: tcs3701: start power rail timer, state:3
11-24 03:23:47.948  1011  1189 I ASH     : @ 139480.141: tcs3701: stop power rail pending_off timer
11-24 03:23:47.948  1011  1189 D ASH     : @ 139480.141: tcs3701: start power rail timer, state:3
11-24 03:23:47.984  9398  9433 I BatteryMgr:DataCollectionService: stats => 1700792627984,8239,4444,9765,4169000,100
11-24 03:23:47.985  9398  7861 I BatteryMgr:DataCollectionService: stats => 1700792627985,8239,4444,9765,4169000,100
11-24 03:23:47.987  9398 20344 I BatteryMgr:DataCollectionService: stats => 1700792627987,8239,4444,9765,4169000,100
11-24 03:23:47.987  1011  1189 I ASH     : @ 139480.181: tcs3701: stop power rail pending_off timer
11-24 03:23:47.987  1011  1189 D ASH     : @ 139480.181: tcs3701: start power rail timer, state:3
11-24 03:23:47.998  9398 20344 I BatteryMgr:DataCollectionService: stats => 1700792627998,8239,4444,9765,4169000,100
11-24 03:23:48.027  1011  1189 I ASH     : @ 139480.221: tcs3701: stop power rail pending_off timer
11-24 03:23:48.027  1011  1189 D ASH     : @ 139480.221: tcs3701: start power rail timer, state:3
11-24 03:23:48.068  1011  1189 I ASH     : @ 139480.261: tcs3701: stop power rail pending_off timer
11-24 03:23:48.068  1011  1189 D ASH     : @ 139480.261: tcs3701: start power rail timer, state:3
11-24 03:23:48.088  9398  7861 I BatteryMgr:DataCollectionService: stats => 1700792628088,8239,4444,9765,4169000,100
11-24 03:23:48.089  9398 20344 I BatteryMgr:DataCollectionService: stats => 1700792628089,8239,4444,9765,4169000,100
11-24 03:23:48.091  9398  9433 I BatteryMgr:DataCollectionService: stats => 1700792628091,8239,4444,9765,4169000,100
11-24 03:23:48.102  9398  9433 I BatteryMgr:DataCollectionService: stats => 1700792628102,8239,4444,9765,4169000,100
11-24 03:23:48.107  1011  1189 I ASH     : @ 139480.301: tcs3701: stop power rail pending_off timer
11-24 03:23:48.107  1011  1189 D ASH     : @ 139480.301: tcs3701: start power rail timer, state:3
11-24 03:23:48.148  1011  1189 I ASH     : @ 139480.341: tcs3701: stop power rail pending_off timer
11-24 03:23:48.148  1011  1189 D ASH     : @ 139480.341: tcs3701: start power rail timer, state:3
11-24 03:23:48.187  1011  1189 I ASH     : @ 139480.381: tcs3701: stop power rail pending_off timer
11-24 03:23:48.187  1011  1189 D ASH     : @ 139480.381: tcs3701: start power rail timer, state:3
11-24 03:23:48.195  9398  7861 I BatteryMgr:DataCollectionService: stats => 1700792628195,8239,4444,9765,4169000,100
11-24 03:23:48.195  9398  9433 I BatteryMgr:DataCollectionService: stats => 1700792628195,8239,4444,9765,4169000,100
11-24 03:23:48.196  9398 20344 I BatteryMgr:DataCollectionService: stats => 1700792628196,8239,4444,9765,4169000,100
11-24 03:23:48.207  9398 20344 I BatteryMgr:DataCollectionService: stats => 1700792628207,8239,4444,9765,4169000,100
11-24 03:23:48.227  1011  1189 I ASH     : @ 139480.421: tcs3701: stop power rail pending_off timer
11-24 03:23:48.228  1011  1189 D ASH     : @ 139480.421: tcs3701: start power rail timer, state:3
11-24 03:23:48.247  1795  3789 D ActivityManager: freezer override set to true
11-24 03:23:48.251  1795  3789 D ActivityManager: freezer override set to false
11-24 03:23:48.267  1011  1189 I ASH     : @ 139480.461: tcs3701: stop power rail pending_off timer
11-24 03:23:48.267  1011  1189 D ASH     : @ 139480.461: tcs3701: start power rail timer, state:3
11-24 03:23:48.303  9398  9433 I BatteryMgr:DataCollectionService: stats => 1700792628303,8239,4444,9765,4169000,100
11-24 03:23:48.303  9398 20344 I BatteryMgr:DataCollectionService: stats => 1700792628303,8239,4444,9765,4169000,100
11-24 03:23:48.304  9398  7861 I BatteryMgr:DataCollectionService: stats => 1700792628304,8239,4444,9765,4169000,100
11-24 03:23:48.307  1011  1189 I ASH     : @ 139480.501: tcs3701: stop power rail pending_off timer
11-24 03:23:48.307  1011  1189 D ASH     : @ 139480.501: tcs3701: start power rail timer, state:3
11-24 03:23:48.311  9398  7861 I BatteryMgr:DataCollectionService: stats => 1700792628311,8239,4444,9765,4169000,100
11-24 03:23:48.338  1795  4170 D ActivityManager: freezer override set to true
11-24 03:23:48.345 29390 29448 W chromium: [WARNING:ev_root_ca_metadata.cc(119)] Not implemented
11-24 03:23:48.345 29390 29448 W chromium: [WARNING:ev_root_ca_metadata.cc(119)] Not implemented
11-24 03:23:48.347  1011  1189 I ASH     : @ 139480.541: tcs3701: stop power rail pending_off timer
11-24 03:23:48.347  1011  1189 D ASH     : @ 139480.541: tcs3701: start power rail timer, state:3
11-24 03:23:48.388  1011  1189 I ASH     : @ 139480.581: tcs3701: stop power rail pending_off timer
11-24 03:23:48.388  1011  1189 D ASH     : @ 139480.581: tcs3701: start power rail timer, state:3
11-24 03:23:48.406  9398 20344 I BatteryMgr:DataCollectionService: stats => 1700792628406,8239,4444,9765,4169000,100
11-24 03:23:48.407  9398  7861 I BatteryMgr:DataCollectionService: stats => 1700792628407,8239,4444,9765,4169000,100
11-24 03:23:48.407  9398  9433 I BatteryMgr:DataCollectionService: stats => 1700792628407,8239,4444,9765,4169000,100
11-24 03:23:48.414  9398  9433 I BatteryMgr:DataCollectionService: stats => 1700792628414,8239,4444,9765,4169000,100
11-24 03:23:48.427  1011  1189 I ASH     : @ 139480.621: tcs3701: stop power rail pending_off timer
11-24 03:23:48.427  1011  1189 D ASH     : @ 139480.621: tcs3701: start power rail timer, state:3
11-24 03:23:48.467  1011  1189 I ASH     : @ 139480.661: tcs3701: stop power rail pending_off timer
11-24 03:23:48.467  1011  1189 D ASH     : @ 139480.661: tcs3701: start power rail timer, state:3
11-24 03:23:48.473 29390 29634 I m.chrome.canary: Explicit concurrent copying GC freed 3810(191KB) AllocSpace objects, 4(80KB) LOS objects, 75% free, 12MB/49MB, paused 97us,48us total 45.690ms
11-24 03:23:48.507  1011  1189 I ASH     : @ 139480.701: tcs3701: stop power rail pending_off timer
11-24 03:23:48.507  1011  1189 D ASH     : @ 139480.701: tcs3701: start power rail timer, state:3
11-24 03:23:48.515  9398 20344 I BatteryMgr:DataCollectionService: stats => 1700792628515,8239,4444,9765,4169000,100
11-24 03:23:48.517  9398  7861 I BatteryMgr:DataCollectionService: stats => 1700792628517,8239,4444,9765,4169000,100
11-24 03:23:48.518  9398  9433 I BatteryMgr:DataCollectionService: stats => 1700792628517,8239,4444,9765,4169000,100
11-24 03:23:48.520  9398  9436 I BatteryMgr:DataCollectionService: stats => 1700792628520,8239,4444,9765,4169000,100
11-24 03:23:48.527  1795  4170 D ActivityManager: freezer override set to false
11-24 03:23:48.547  1011  1189 I ASH     : @ 139480.741: tcs3701: stop power rail pending_off timer
11-24 03:23:48.547  1011  1189 D ASH     : @ 139480.741: tcs3701: start power rail timer, state:3
11-24 03:23:48.565  1795  4170 D ActivityManager: freezer override set to true
11-24 03:23:48.567  1795  4170 D ActivityManager: freezer override set to false
11-24 03:23:48.587  1011  1189 I ASH     : @ 139480.781: tcs3701: stop power rail pending_off timer
11-24 03:23:48.588  1011  1189 D ASH     : @ 139480.781: tcs3701: start power rail timer, state:3
11-24 03:23:48.619  9398  9436 I BatteryMgr:DataCollectionService: stats => 1700792628619,8239,4444,9765,4169000,100
11-24 03:23:48.621  9398  7861 I BatteryMgr:DataCollectionService: stats => 1700792628621,8239,4444,9765,4169000,100
11-24 03:23:48.622  9398  9433 I BatteryMgr:DataCollectionService: stats => 1700792628622,8239,4444,9765,4169000,100
11-24 03:23:48.624  9398  9436 I BatteryMgr:DataCollectionService: stats => 1700792628624,8239,4444,9765,4169000,100
11-24 03:23:48.628  1011  1189 I ASH     : @ 139480.821: tcs3701: stop power rail pending_off timer
11-24 03:23:48.628  1011  1189 D ASH     : @ 139480.821: tcs3701: start power rail timer, state:3
11-24 03:23:48.668  1011  1189 I ASH     : @ 139480.861: tcs3701: stop power rail pending_off timer
11-24 03:23:48.668  1011  1189 D ASH     : @ 139480.861: tcs3701: start power rail timer, state:3
11-24 03:23:48.707  1011  1189 I ASH     : @ 139480.901: tcs3701: stop power rail pending_off timer
11-24 03:23:48.707  1011  1189 D ASH     : @ 139480.901: tcs3701: start power rail timer, state:3
11-24 03:23:48.725  9398  9436 I BatteryMgr:DataCollectionService: stats => 1700792628725,8239,4444,9765,4169000,100
11-24 03:23:48.726  9398  9433 I BatteryMgr:DataCollectionService: stats => 1700792628726,8239,4444,9765,4169000,100
11-24 03:23:48.727  9398  7861 I BatteryMgr:DataCollectionService: stats => 1700792628727,8239,4444,9765,4169000,100
11-24 03:23:48.728  9398 20344 I BatteryMgr:DataCollectionService: stats => 1700792628728,8239,4444,9765,4169000,100
11-24 03:23:48.747  1011  1189 I ASH     : @ 139480.941: tcs3701: stop power rail pending_off timer
11-24 03:23:48.747  1011  1189 D ASH     : @ 139480.941: tcs3701: start power rail timer, state:3
11-24 03:23:48.787  1011  1189 I ASH     : @ 139480.981: tcs3701: stop power rail pending_off timer
11-24 03:23:48.787  1011  1189 D ASH     : @ 139480.981: tcs3701: start power rail timer, state:3
11-24 03:23:48.827  1011  1189 I ASH     : @ 139481.021: tcs3701: stop power rail pending_off timer
11-24 03:23:48.827  1011  1189 D ASH     : @ 139481.021: tcs3701: start power rail timer, state:3
11-24 03:23:48.831  9398  7861 I BatteryMgr:DataCollectionService: stats => 1700792628831,8239,4444,9765,4169000,100
11-24 03:23:48.831  9398  9436 I BatteryMgr:DataCollectionService: stats => 1700792628831,8239,4444,9765,4169000,100
11-24 03:23:48.831  9398 20344 I BatteryMgr:DataCollectionService: stats => 1700792628831,8239,4444,9765,4169000,100
11-24 03:23:48.832  9398  9433 I BatteryMgr:DataCollectionService: stats => 1700792628832,8239,4444,9765,4169000,100
11-24 03:23:48.868  1011  1189 I ASH     : @ 139481.061: tcs3701: stop power rail pending_off timer
11-24 03:23:48.868  1011  1189 D ASH     : @ 139481.061: tcs3701: start power rail timer, state:3
11-24 03:23:48.908  1011  1189 I ASH     : @ 139481.101: tcs3701: stop power rail pending_off timer
11-24 03:23:48.908  1011  1189 D ASH     : @ 139481.101: tcs3701: start power rail timer, state:3
11-24 03:23:48.935  9398 20344 I BatteryMgr:DataCollectionService: stats => 1700792628935,8239,4444,9765,4169000,100
11-24 03:23:48.935  9398  9433 I BatteryMgr:DataCollectionService: stats => 1700792628935,8239,4444,9765,4169000,100
11-24 03:23:48.935  9398  7861 I BatteryMgr:DataCollectionService: stats => 1700792628935,8239,4444,9765,4169000,100
11-24 03:23:48.936  9398  9436 I BatteryMgr:DataCollectionService: stats => 1700792628936,8239,4444,9765,4169000,100
11-24 03:23:48.947  1011  1189 I ASH     : @ 139481.141: tcs3701: stop power rail pending_off timer
11-24 03:23:48.947  1011  1189 D ASH     : @ 139481.141: tcs3701: start power rail timer, state:3
11-24 03:23:48.988  1011  1189 I ASH     : @ 139481.181: tcs3701: stop power rail pending_off timer
11-24 03:23:48.988  1011  1189 D ASH     : @ 139481.181: tcs3701: start power rail timer, state:3
11-24 03:23:49.027  1011  1189 I ASH     : @ 139481.221: tcs3701: stop power rail pending_off timer
11-24 03:23:49.027  1011  1189 D ASH     : @ 139481.221: tcs3701: start power rail timer, state:3
11-24 03:23:49.039  9398 20344 I BatteryMgr:DataCollectionService: stats => 1700792629039,8239,4444,9765,4169000,100
11-24 03:23:49.039  9398 19000 I BatteryMgr:DataCollectionService: stats => 1700792629039,8239,4444,9765,4169000,100
11-24 03:23:49.039  9398  9436 I BatteryMgr:DataCollectionService: stats => 1700792629039,8239,4444,9765,4169000,100
11-24 03:23:49.039  9398  5999 I BatteryMgr:DataCollectionService: stats => 1700792629039,8239,4444,9765,4169000,100
11-24 03:23:49.068  1011  1189 I ASH     : @ 139481.261: tcs3701: stop power rail pending_off timer
11-24 03:23:49.068  1011  1189 D ASH     : @ 139481.261: tcs3701: start power rail timer, state:3
11-24 03:23:49.107  1011  1189 I ASH     : @ 139481.301: tcs3701: stop power rail pending_off timer
11-24 03:23:49.107  1011  1189 D ASH     : @ 139481.301: tcs3701: start power rail timer, state:3
11-24 03:23:49.142  9398 20344 I BatteryMgr:DataCollectionService: stats => 1700792629142,8239,4444,9765,4169000,100
11-24 03:23:49.142  9398  5999 I BatteryMgr:DataCollectionService: stats => 1700792629142,8239,4444,9765,4169000,100
11-24 03:23:49.143  9398  9436 I BatteryMgr:DataCollectionService: stats => 1700792629143,8239,4444,9765,4169000,100
11-24 03:23:49.143  9398  7808 I BatteryMgr:DataCollectionService: stats => 1700792629143,8239,4444,9765,4169000,100
11-24 03:23:49.147  1011  1189 I ASH     : @ 139481.341: tcs3701: stop power rail pending_off timer
11-24 03:23:49.147  1011  1189 D ASH     : @ 139481.341: tcs3701: start power rail timer, state:3
11-24 03:23:49.188  1011  1189 I ASH     : @ 139481.381: tcs3701: stop power rail pending_off timer
11-24 03:23:49.188  1011  1189 D ASH     : @ 139481.381: tcs3701: start power rail timer, state:3
11-24 03:23:49.221  1795  2424 D WifiClientModeImpl[13802:wlan0]: updateLinkLayerStatsRssiSpeedFrequencyCapabilities rssi=-45 TxLinkspeed=780 freq=5240 RxLinkSpeed=866
11-24 03:23:49.221  1795  2424 D WifiDataStall: tx tput in kbps: 73732
11-24 03:23:49.221  1795  2424 D WifiDataStall: rx tput in kbps: 5179
11-24 03:23:49.221  1795  2424 V WifiConfigManager: Updating scan detail cache freq=5240 BSSID=f4:6d:2f:12:cc:88 RSSI=-44 for "ourhome"WPA_PSK
11-24 03:23:49.221  1795  2424 D WifiChannelUtilization:  freq: 5240 onTime: 4408499 busyTime: 461063 onTimeDiff: 1033707 busyTimeDiff: 145364 utilization: 35 utilization t0: 26
11-24 03:23:49.221  1795  2424 D WifiDataStall:  ccaLevel = 35
11-24 03:23:49.221  1795  2424 D WifiDataStall: L2 txTputKbps: 558888, rxTputKbps: 747601, L3 txTputKbps: 17, rxTputKbps: 24, TxTrafficHigh: true, RxTrafficHigh: true, Throughput Sufficient: true
11-24 03:23:49.221  3213  6173 V WifiManager: OnWifiUsabilityStatsListener: onWifiUsabilityStats: seqNum=42235
11-24 03:23:49.221  1795  2424 D WifiScoreReport: Wifi scoring disabled - Don't check IP layer
11-24 03:23:49.222  1795  2424 D WifiScoreCard: BSSID update SIGNAL_POLL ID: 1320464697 SSID: "ourhome", BSSID: f4:6d:2f:12:cc:88, MAC: b2:2f:ec:da:4a:0c, IP: /192.168.1.104, Security type: 2, Supplicant state: COMPLETED, Wi-Fi standard: 5, RSSI: -45, Link speed: 780Mbps, Tx Link speed: 780Mbps, Max Supported Tx Link speed: 866Mbps, Rx Link speed: 866Mbps, Max Supported Rx Link speed: 866Mbps, Frequency: 5240MHz, Net ID: 12, Metered hint: false, score: 60, isUsable: true, CarrierMerged: false, SubscriptionId: -1, IsPrimary: 1, Trusted: true, Restricted: false, Ephemeral: false, OEM paid: false, OEM private: false, OSU AP: false, FQDN: <none>, Provider friendly name: <none>, Requesting package name: <none>"ourhome"wpa2-pskMLO Information: , Is TID-To-Link negotiation supported by the AP: false, AP MLD Address: <none>, AP MLO Link Id: <none>, AP MLO Affiliated links: <none>
11-24 03:23:49.222  1795  2424 D WifiScoreCard: txRate: 9 txSpeed: 780
11-24 03:23:49.222  1795  2424 D WifiScoreCard: network update SIGNAL_POLL "ourhome" ID: 1499892569 RSSI -45 txSpeed 780
11-24 03:23:49.222  1795  2424 D WifiClientModeImpl[13802:wlan0]:  ClientModeImpl$L2ConnectedState screen=on 27 0 "ourhome" f4:6d:2f:12:cc:88 rssi=-45 f=5240 sc=60 link=780 tx=6.5, 1.6, 0.0 rx=5.0 bcn=1341949 [on:261 tx:3 rx:2 period:3014] from screen [on:32654 period:962621] score=60
11-24 03:23:49.222  1795  1853 I WifiService: updateWifiUsabilityScore uid=10180 seqNum=42235 score=100 predictionHorizonSec=1441795
11-24 03:23:49.223  1795  2424 D WifiScoreReport: Wifi scoring disabled - Notify that Wifi is usable
11-24 03:23:49.226  1795  2432 D ConnectivityService: NetReassign [no changes] [c 0] [a 0] [i 2]
11-24 03:23:49.227  1011  1189 I ASH     : @ 139481.421: tcs3701: stop power rail pending_off timer
11-24 03:23:49.227  1011  1189 D ASH     : @ 139481.421: tcs3701: start power rail timer, state:3
11-24 03:23:49.242  1795  1853 D ActivityManager: freezer override set to true
11-24 03:23:49.247  1795  1853 D ActivityManager: freezer override set to false
11-24 03:23:49.249  9398  9436 I BatteryMgr:DataCollectionService: stats => 1700792629249,8239,4444,9765,4169000,100
11-24 03:23:49.252  9398  7808 I BatteryMgr:DataCollectionService: stats => 1700792629252,8239,4444,9765,4169000,100
11-24 03:23:49.253  9398  5999 I BatteryMgr:DataCollectionService: stats => 1700792629253,8239,4444,9765,4169000,100
11-24 03:23:49.253  9398 20344 I BatteryMgr:DataCollectionService: stats => 1700792629253,8239,4444,9765,4169000,100
11-24 03:23:49.268  1011  1189 I ASH     : @ 139481.461: tcs3701: stop power rail pending_off timer
11-24 03:23:49.268  1011  1189 D ASH     : @ 139481.461: tcs3701: start power rail timer, state:3
11-24 03:23:49.307  1011  1189 I ASH     : @ 139481.501: tcs3701: stop power rail pending_off timer
11-24 03:23:49.307  1011  1189 D ASH     : @ 139481.501: tcs3701: start power rail timer, state:3
11-24 03:23:49.348  1011  1189 I ASH     : @ 139481.541: tcs3701: stop power rail pending_off timer
11-24 03:23:49.348  1011  1189 D ASH     : @ 139481.541: tcs3701: start power rail timer, state:3
11-24 03:23:49.353  9398 20344 I BatteryMgr:DataCollectionService: stats => 1700792629353,8239,4444,9765,4169000,100
11-24 03:23:49.355 13730 13730 D BoundBrokerSvc: onUnbind: Intent { act=com.google.android.gms.feedback.internal.IFeedbackService dat=chimera-action:/... cmp=com.google.android.gms/.chimera.GmsBoundBrokerService }
11-24 03:23:49.358  9398  5999 I BatteryMgr:DataCollectionService: stats => 1700792629358,8239,4444,9765,4169000,100
11-24 03:23:49.358  9398 20344 I BatteryMgr:DataCollectionService: stats => 1700792629358,8239,4444,9765,4169000,100
11-24 03:23:49.359  9398  7808 I BatteryMgr:DataCollectionService: stats => 1700792629359,8239,4444,9765,4169000,100
11-24 03:23:49.363 13502 13502 D BoundBrokerSvc: onUnbind: Intent { act=com.google.android.gms.icing.LIGHTWEIGHT_INDEX_SERVICE dat=chimera-action:/... cmp=com.google.android.gms/.chimera.PersistentApiService }
11-24 03:23:49.387  1011  1189 I ASH     : @ 139481.581: tcs3701: stop power rail pending_off timer
11-24 03:23:49.387  1011  1189 D ASH     : @ 139481.581: tcs3701: start power rail timer, state:3
11-24 03:23:49.427  1011  1189 I ASH     : @ 139481.621: tcs3701: stop power rail pending_off timer
11-24 03:23:49.427  1011  1189 D ASH     : @ 139481.621: tcs3701: start power rail timer, state:3
11-24 03:23:49.439  1039  1095 D rlsservice: MonitorDisplayStatus client num 0, display status 1, sensor status 0
11-24 03:23:49.457  9398  7808 I BatteryMgr:DataCollectionService: stats => 1700792629457,8239,4444,9765,4169000,100
11-24 03:23:49.462  9398 19000 I BatteryMgr:DataCollectionService: stats => 1700792629462,8239,4444,9765,4169000,100
11-24 03:23:49.464  9398 20344 I BatteryMgr:DataCollectionService: stats => 1700792629464,8239,4444,9765,4169000,100
11-24 03:23:49.466  9398  7808 I BatteryMgr:DataCollectionService: stats => 1700792629466,8239,4444,9765,4169000,100
11-24 03:23:49.468  1011  1189 I ASH     : @ 139481.661: tcs3701: stop power rail pending_off timer
11-24 03:23:49.468  1011  1189 D ASH     : @ 139481.661: tcs3701: start power rail timer, state:3
11-24 03:23:49.507  1011  1189 I ASH     : @ 139481.701: tcs3701: stop power rail pending_off timer
11-24 03:23:49.508  1011  1189 D ASH     : @ 139481.701: tcs3701: start power rail timer, state:3
11-24 03:23:49.547  1011  1189 I ASH     : @ 139481.741: tcs3701: stop power rail pending_off timer
11-24 03:23:49.547  1011  1189 D ASH     : @ 139481.741: tcs3701: start power rail timer, state:3
11-24 03:23:49.561  9398  7808 I BatteryMgr:DataCollectionService: stats => 1700792629561,8239,4444,9765,4169000,100
11-24 03:23:49.566  9398  7808 I BatteryMgr:DataCollectionService: stats => 1700792629566,8239,4444,9765,4169000,100
11-24 03:23:49.568  9398 20344 I BatteryMgr:DataCollectionService: stats => 1700792629568,8239,4444,9765,4169000,100
11-24 03:23:49.570  9398  7808 I BatteryMgr:DataCollectionService: stats => 1700792629570,8239,4444,9765,4169000,100
11-24 03:23:49.588  1011  1189 I ASH     : @ 139481.781: tcs3701: stop power rail pending_off timer
11-24 03:23:49.588  1011  1189 D ASH     : @ 139481.781: tcs3701: start power rail timer, state:3
11-24 03:23:49.627  1011  1189 I ASH     : @ 139481.821: tcs3701: stop power rail pending_off timer
11-24 03:23:49.627  1011  1189 D ASH     : @ 139481.821: tcs3701: start power rail timer, state:3
11-24 03:23:49.664  9398  7808 I BatteryMgr:DataCollectionService: stats => 1700792629664,8239,4444,9765,4169000,100
11-24 03:23:49.668  1011  1189 I ASH     : @ 139481.861: tcs3701: stop power rail pending_off timer
11-24 03:23:49.668  1011  1189 D ASH     : @ 139481.861: tcs3701: start power rail timer, state:3
11-24 03:23:49.670  9398 20344 I BatteryMgr:DataCollectionService: stats => 1700792629670,8239,4444,9765,4169000,100
11-24 03:23:49.671  9398  7808 I BatteryMgr:DataCollectionService: stats => 1700792629671,8239,4444,9765,4169000,100
11-24 03:23:49.674  9398 19000 I BatteryMgr:DataCollectionService: stats => 1700792629674,8239,4444,9765,4169000,100
11-24 03:23:49.685  1795  4165 D ActivityManager: freezer override set to true
11-24 03:23:49.707  1011  1189 I ASH     : @ 139481.901: tcs3701: stop power rail pending_off timer
11-24 03:23:49.707  1011  1189 D ASH     : @ 139481.901: tcs3701: start power rail timer, state:3
11-24 03:23:49.748  1011  1189 I ASH     : @ 139481.941: tcs3701: stop power rail pending_off timer
11-24 03:23:49.748  1011  1189 D ASH     : @ 139481.941: tcs3701: start power rail timer, state:3
11-24 03:23:49.761 29390 29634 I m.chrome.canary: Explicit concurrent copying GC freed 3588(176KB) AllocSpace objects, 3(60KB) LOS objects, 75% free, 12MB/49MB, paused 26us,23us total 40.502ms
11-24 03:23:49.768  9398 19000 I BatteryMgr:DataCollectionService: stats => 1700792629768,8239,4444,9765,4169000,100
11-24 03:23:49.777  9398  7808 I BatteryMgr:DataCollectionService: stats => 1700792629777,8239,4444,9765,4169000,100
11-24 03:23:49.778  9398  9434 I BatteryMgr:DataCollectionService: stats => 1700792629778,8239,4444,9765,4169000,100
11-24 03:23:49.779  9398 19000 I BatteryMgr:DataCollectionService: stats => 1700792629779,8239,4444,9765,4169000,100
11-24 03:23:49.787  1011  1189 I ASH     : @ 139481.981: tcs3701: stop power rail pending_off timer
11-24 03:23:49.787  1011  1189 D ASH     : @ 139481.981: tcs3701: start power rail timer, state:3
11-24 03:23:49.813  1795  4165 D ActivityManager: freezer override set to false
11-24 03:23:49.828  1011  1189 I ASH     : @ 139482.021: tcs3701: stop power rail pending_off timer
11-24 03:23:49.828  1011  1189 D ASH     : @ 139482.021: tcs3701: start power rail timer, state:3
11-24 03:23:49.847  1795  4165 D ActivityManager: freezer override set to true
11-24 03:23:49.850  1795  4165 D ActivityManager: freezer override set to false
11-24 03:23:49.868  1011  1189 I ASH     : @ 139482.061: tcs3701: stop power rail pending_off timer
11-24 03:23:49.868  1011  1189 D ASH     : @ 139482.061: tcs3701: start power rail timer, state:3
11-24 03:23:49.874  9398 19000 I BatteryMgr:DataCollectionService: stats => 1700792629874,8239,4444,9765,4169000,100
11-24 03:23:49.881  9398  7808 I BatteryMgr:DataCollectionService: stats => 1700792629881,8239,4444,9765,4169000,100
11-24 03:23:49.883  9398  9434 I BatteryMgr:DataCollectionService: stats => 1700792629883,8239,4444,9765,4169000,100
11-24 03:23:49.883  9398 19000 I BatteryMgr:DataCollectionService: stats => 1700792629883,8239,4444,9765,4169000,100
11-24 03:23:49.907  1011  1189 I ASH     : @ 139482.101: tcs3701: stop power rail pending_off timer
11-24 03:23:49.908  1011  1189 D ASH     : @ 139482.101: tcs3701: start power rail timer, state:3
11-24 03:23:49.948  1011  1189 I ASH     : @ 139482.141: tcs3701: stop power rail pending_off timer
11-24 03:23:49.948  1011  1189 D ASH     : @ 139482.141: tcs3701: start power rail timer, state:3
11-24 03:23:49.977  9398 19000 I BatteryMgr:DataCollectionService: stats => 1700792629977,8239,4444,9765,4169000,100
11-24 03:23:49.987  9398  9434 I BatteryMgr:DataCollectionService: stats => 1700792629987,8239,4444,9765,4169000,100
11-24 03:23:49.987  9398  7808 I BatteryMgr:DataCollectionService: stats => 1700792629987,8239,4444,9765,4169000,100
11-24 03:23:49.988  1011  1189 I ASH     : @ 139482.181: tcs3701: stop power rail pending_off timer
11-24 03:23:49.988  1011  1189 D ASH     : @ 139482.181: tcs3701: start power rail timer, state:3
11-24 03:23:49.988  9398 19000 I BatteryMgr:DataCollectionService: stats => 1700792629988,8239,4444,9765,4169000,100
11-24 03:23:50.027  1011  1189 I ASH     : @ 139482.221: tcs3701: stop power rail pending_off timer
11-24 03:23:50.027  1011  1189 D ASH     : @ 139482.221: tcs3701: start power rail timer, state:3
11-24 03:23:50.068  1011  1189 I ASH     : @ 139482.261: tcs3701: stop power rail pending_off timer
11-24 03:23:50.068  1011  1189 D ASH     : @ 139482.261: tcs3701: start power rail timer, state:3
11-24 03:23:50.081  9398 19000 I BatteryMgr:DataCollectionService: stats => 1700792630081,8239,4444,9765,4169000,100
11-24 03:23:50.091  9398  7808 I BatteryMgr:DataCollectionService: stats => 1700792630091,8239,4444,9765,4169000,100
11-24 03:23:50.092  9398 19000 I BatteryMgr:DataCollectionService: stats => 1700792630092,8239,4444,9765,4169000,100
11-24 03:23:50.093  9398  9434 I BatteryMgr:DataCollectionService: stats => 1700792630092,8239,4444,9765,4169000,100
11-24 03:23:50.107  1011  1189 I ASH     : @ 139482.301: tcs3701: stop power rail pending_off timer
11-24 03:23:50.107  1011  1189 D ASH     : @ 139482.301: tcs3701: start power rail timer, state:3
11-24 03:23:50.148  1011  1189 I ASH     : @ 139482.341: tcs3701: stop power rail pending_off timer
11-24 03:23:50.148  1011  1189 D ASH     : @ 139482.341: tcs3701: start power rail timer, state:3
11-24 03:23:50.185  9398  9434 I BatteryMgr:DataCollectionService: stats => 1700792630185,8239,4444,9765,4169000,100
11-24 03:23:50.187  1011  1189 I ASH     : @ 139482.381: tcs3701: stop power rail pending_off timer
11-24 03:23:50.187  1011  1189 D ASH     : @ 139482.381: tcs3701: start power rail timer, state:3
11-24 03:23:50.196  9398  9434 I BatteryMgr:DataCollectionService: stats => 1700792630196,8239,4444,9765,4169000,100
11-24 03:23:50.196  9398 19000 I BatteryMgr:DataCollectionService: stats => 1700792630196,8239,4444,9765,4169000,100
11-24 03:23:50.197  9398  7808 I BatteryMgr:DataCollectionService: stats => 1700792630197,8239,4444,9765,4169000,100
11-24 03:23:50.227  1011  1189 I ASH     : @ 139482.421: tcs3701: stop power rail pending_off timer
11-24 03:23:50.227  1011  1189 D ASH     : @ 139482.421: tcs3701: start power rail timer, state:3
11-24 03:23:50.246  1795  1853 D ActivityManager: freezer override set to true
11-24 03:23:50.250  1795  1853 D ActivityManager: freezer override set to false
11-24 03:23:50.268  1011  1189 I ASH     : @ 139482.461: tcs3701: stop power rail pending_off timer
11-24 03:23:50.268  1011  1189 D ASH     : @ 139482.461: tcs3701: start power rail timer, state:3
11-24 03:23:50.289  9398  7808 I BatteryMgr:DataCollectionService: stats => 1700792630289,8239,4444,9765,4169000,100
11-24 03:23:50.300  9398 19000 I BatteryMgr:DataCollectionService: stats => 1700792630300,8239,4444,9765,4169000,100
11-24 03:23:50.301  9398  9434 I BatteryMgr:DataCollectionService: stats => 1700792630301,8239,4444,9765,4169000,100
11-24 03:23:50.302  9398  7808 I BatteryMgr:DataCollectionService: stats => 1700792630302,8239,4444,9765,4169000,100
11-24 03:23:50.307  1011  1189 I ASH     : @ 139482.501: tcs3701: stop power rail pending_off timer
11-24 03:23:50.307  1011  1189 D ASH     : @ 139482.501: tcs3701: start power rail timer, state:3
11-24 03:23:50.348  1011  1189 I ASH     : @ 139482.541: tcs3701: stop power rail pending_off timer
11-24 03:23:50.348  1011  1189 D ASH     : @ 139482.541: tcs3701: start power rail timer, state:3
11-24 03:23:50.388  1011  1189 I ASH     : @ 139482.581: tcs3701: stop power rail pending_off timer
11-24 03:23:50.388  1011  1189 D ASH     : @ 139482.581: tcs3701: start power rail timer, state:3
11-24 03:23:50.392  9398  7808 I BatteryMgr:DataCollectionService: stats => 1700792630392,8239,4444,9765,4169000,100
11-24 03:23:50.406  9398  9434 I BatteryMgr:DataCollectionService: stats => 1700792630406,8239,4444,9765,4169000,100
11-24 03:23:50.406  9398 19000 I BatteryMgr:DataCollectionService: stats => 1700792630406,8239,4444,9765,4169000,100
11-24 03:23:50.408  9398  7808 I BatteryMgr:DataCollectionService: stats => 1700792630408,8239,4444,9765,4169000,100
11-24 03:23:50.428  1011  1189 I ASH     : @ 139482.621: tcs3701: stop power rail pending_off timer
11-24 03:23:50.428  1011  1189 D ASH     : @ 139482.621: tcs3701: start power rail timer, state:3
11-24 03:23:50.467  1011  1189 I ASH     : @ 139482.661: tcs3701: stop power rail pending_off timer
11-24 03:23:50.467  1011  1189 D ASH     : @ 139482.661: tcs3701: start power rail timer, state:3
11-24 03:23:50.497  9398  7808 I BatteryMgr:DataCollectionService: stats => 1700792630497,8239,4444,9765,4169000,100
11-24 03:23:50.507  1011  1189 I ASH     : @ 139482.701: tcs3701: stop power rail pending_off timer
11-24 03:23:50.507  1011  1189 D ASH     : @ 139482.701: tcs3701: start power rail timer, state:3
11-24 03:23:50.511  9398  9434 I BatteryMgr:DataCollectionService: stats => 1700792630511,8239,4444,9765,4169000,100
11-24 03:23:50.511  9398 19000 I BatteryMgr:DataCollectionService: stats => 1700792630511,8239,4444,9765,4169000,100
11-24 03:23:50.513  9398  7808 I BatteryMgr:DataCollectionService: stats => 1700792630513,8239,4444,9765,4169000,100
11-24 03:23:50.547  1011  1189 I ASH     : @ 139482.741: tcs3701: stop power rail pending_off timer
11-24 03:23:50.547  1011  1189 D ASH     : @ 139482.741: tcs3701: start power rail timer, state:3
11-24 03:23:50.587  1011  1189 I ASH     : @ 139482.781: tcs3701: stop power rail pending_off timer
11-24 03:23:50.587  1011  1189 D ASH     : @ 139482.781: tcs3701: start power rail timer, state:3
11-24 03:23:50.601  9398  7808 I BatteryMgr:DataCollectionService: stats => 1700792630601,8239,4444,9765,4169000,100
11-24 03:23:50.615  9398 19000 I BatteryMgr:DataCollectionService: stats => 1700792630615,8239,4444,9765,4169000,100
11-24 03:23:50.618  9398  9434 I BatteryMgr:DataCollectionService: stats => 1700792630618,8239,4444,9765,4169000,100
11-24 03:23:50.619  9398  7808 I BatteryMgr:DataCollectionService: stats => 1700792630619,8239,4444,9765,4169000,100
11-24 03:23:50.627  1011  1189 I ASH     : @ 139482.821: tcs3701: stop power rail pending_off timer
11-24 03:23:50.627  1011  1189 D ASH     : @ 139482.821: tcs3701: start power rail timer, state:3
11-24 03:23:50.668  1011  1189 I ASH     : @ 139482.861: tcs3701: stop power rail pending_off timer
11-24 03:23:50.668  1011  1189 D ASH     : @ 139482.861: tcs3701: start power rail timer, state:3
11-24 03:23:50.705  9398  7808 I BatteryMgr:DataCollectionService: stats => 1700792630705,8239,4444,9765,4169000,100
11-24 03:23:50.707  1011  1189 I ASH     : @ 139482.901: tcs3701: stop power rail pending_off timer
11-24 03:23:50.707  1011  1189 D ASH     : @ 139482.901: tcs3701: start power rail timer, state:3
11-24 03:23:50.719  9398  7808 I BatteryMgr:DataCollectionService: stats => 1700792630719,8239,4444,9765,4169000,100
11-24 03:23:50.721  9398  9434 I BatteryMgr:DataCollectionService: stats => 1700792630721,8239,4444,9765,4169000,100
11-24 03:23:50.723  9398  7808 I BatteryMgr:DataCollectionService: stats => 1700792630723,8239,4444,9765,4169000,100
11-24 03:23:50.748  1011  1189 I ASH     : @ 139482.941: tcs3701: stop power rail pending_off timer
11-24 03:23:50.748  1011  1189 D ASH     : @ 139482.941: tcs3701: start power rail timer, state:3
11-24 03:23:50.788  1011  1189 I ASH     : @ 139482.981: tcs3701: stop power rail pending_off timer
11-24 03:23:50.788  1011  1189 D ASH     : @ 139482.981: tcs3701: start power rail timer, state:3
11-24 03:23:50.796 13730 13730 E AbstractGmsTracer: Traced class shouldn't be obfuscated: GmsIntentOperationChimeraService [CONTEXT service_id=259 ]
11-24 03:23:50.803 13730 30002 E AbstractGmsTracer: Traced class shouldn't be obfuscated: InstantIndexingIntentOperation [CONTEXT service_id=259 ]
11-24 03:23:50.804 13730 30002 I GmscoreIpa: Starting mediastore instant index [CONTEXT service_id=255 ]
11-24 03:23:50.809  9398  7808 I BatteryMgr:DataCollectionService: stats => 1700792630809,8239,4444,9765,4169000,100
11-24 03:23:50.823  9398  9434 I BatteryMgr:DataCollectionService: stats => 1700792630823,8239,4444,9765,4169000,100
11-24 03:23:50.826  9398  9434 I BatteryMgr:DataCollectionService: stats => 1700792630826,8239,4444,9765,4169000,100
11-24 03:23:50.827  9398  7808 I BatteryMgr:DataCollectionService: stats => 1700792630827,8239,4444,9765,4169000,100
11-24 03:23:50.827  1011  1189 I ASH     : @ 139483.021: tcs3701: stop power rail pending_off timer
11-24 03:23:50.828  1011  1189 D ASH     : @ 139483.021: tcs3701: start power rail timer, state:3
11-24 03:23:50.867  1011  1189 I ASH     : @ 139483.061: tcs3701: stop power rail pending_off timer
11-24 03:23:50.867  1011  1189 D ASH     : @ 139483.061: tcs3701: start power rail timer, state:3
11-24 03:23:50.908  1011  1189 I ASH     : @ 139483.101: tcs3701: stop power rail pending_off timer
11-24 03:23:50.908  1011  1189 D ASH     : @ 139483.101: tcs3701: start power rail timer, state:3
11-24 03:23:50.913  9398  7808 I BatteryMgr:DataCollectionService: stats => 1700792630913,8239,4444,9765,4169000,100
11-24 03:23:50.934  9398  9434 I BatteryMgr:DataCollectionService: stats => 1700792630934,8239,4444,9765,4169000,100
11-24 03:23:50.935  9398 19000 I BatteryMgr:DataCollectionService: stats => 1700792630935,8239,4444,9765,4169000,100
11-24 03:23:50.935  9398  7808 I BatteryMgr:DataCollectionService: stats => 1700792630935,8239,4444,9765,4169000,100
11-24 03:23:50.948  1011  1189 I ASH     : @ 139483.141: tcs3701: stop power rail pending_off timer
11-24 03:23:50.948  1011  1189 D ASH     : @ 139483.141: tcs3701: start power rail timer, state:3
11-24 03:23:50.965  1795  3789 D ActivityManager: freezer override set to true
11-24 03:23:50.987  1011  1189 I ASH     : @ 139483.181: tcs3701: stop power rail pending_off timer
11-24 03:23:50.987  1011  1189 D ASH     : @ 139483.181: tcs3701: start power rail timer, state:3
11-24 03:23:51.016  9398  7808 I BatteryMgr:DataCollectionService: stats => 1700792631016,8239,4444,9765,4169000,100
11-24 03:23:51.027  1011  1189 I ASH     : @ 139483.221: tcs3701: stop power rail pending_off timer
11-24 03:23:51.027  1011  1189 D ASH     : @ 139483.221: tcs3701: start power rail timer, state:3
11-24 03:23:51.039  9398 19000 I BatteryMgr:DataCollectionService: stats => 1700792631039,8239,4444,9765,4169000,100
11-24 03:23:51.040  9398  9434 I BatteryMgr:DataCollectionService: stats => 1700792631040,8239,4444,9765,4169000,100
11-24 03:23:51.042  9398  7808 I BatteryMgr:DataCollectionService: stats => 1700792631042,8239,4444,9765,4169000,100
11-24 03:23:51.068  1011  1189 I ASH     : @ 139483.261: tcs3701: stop power rail pending_off timer
11-24 03:23:51.068  1011  1189 D ASH     : @ 139483.261: tcs3701: start power rail timer, state:3
11-24 03:23:51.107  1011  1189 I ASH     : @ 139483.301: tcs3701: stop power rail pending_off timer
11-24 03:23:51.107  1011  1189 D ASH     : @ 139483.301: tcs3701: start power rail timer, state:3
11-24 03:23:51.120  9398  7808 I BatteryMgr:DataCollectionService: stats => 1700792631120,8239,4444,9765,4169000,100
11-24 03:23:51.144  9398  9434 I BatteryMgr:DataCollectionService: stats => 1700792631144,8239,4444,9765,4169000,100
11-24 03:23:51.145 29390 29634 I m.chrome.canary: Explicit concurrent copying GC freed 3576(176KB) AllocSpace objects, 3(60KB) LOS objects, 75% free, 12MB/49MB, paused 74us,22us total 59.411ms
11-24 03:23:51.146  9398 19000 I BatteryMgr:DataCollectionService: stats => 1700792631146,8239,4444,9765,4169000,100
11-24 03:23:51.147  9398  7808 I BatteryMgr:DataCollectionService: stats => 1700792631147,8239,4444,9765,4169000,100
11-24 03:23:51.148  1011  1189 I ASH     : @ 139483.341: tcs3701: stop power rail pending_off timer
11-24 03:23:51.148  1011  1189 D ASH     : @ 139483.341: tcs3701: start power rail timer, state:3
11-24 03:23:51.187  1011  1189 I ASH     : @ 139483.381: tcs3701: stop power rail pending_off timer
11-24 03:23:51.187  1011  1189 D ASH     : @ 139483.381: tcs3701: start power rail timer, state:3
11-24 03:23:51.193  1795  3789 D ActivityManager: freezer override set to false
11-24 03:23:51.224  9398  7808 I BatteryMgr:DataCollectionService: stats => 1700792631224,8239,4444,9765,4169000,100
11-24 03:23:51.227  1011  1189 I ASH     : @ 139483.421: tcs3701: stop power rail pending_off timer
11-24 03:23:51.227  1011  1189 D ASH     : @ 139483.421: tcs3701: start power rail timer, state:3
11-24 03:23:51.250  1795  3789 D ActivityManager: freezer override set to true
11-24 03:23:51.252  1795  3789 D ActivityManager: freezer override set to false
11-24 03:23:51.255  9398  9434 I BatteryMgr:DataCollectionService: stats => 1700792631255,8239,4444,9765,4169000,100
11-24 03:23:51.255  1795  4165 D ActivityManager: freezer override set to true
11-24 03:23:51.255  9398  7808 I BatteryMgr:DataCollectionService: stats => 1700792631254,8239,4444,9765,4169000,100
11-24 03:23:51.255  9398 19000 I BatteryMgr:DataCollectionService: stats => 1700792631255,8239,4444,9765,4169000,100
11-24 03:23:51.257  1795  4165 D ActivityManager: freezer override set to false
11-24 03:23:51.268  1011  1189 I ASH     : @ 139483.461: tcs3701: stop power rail pending_off timer
11-24 03:23:51.268  1011  1189 D ASH     : @ 139483.461: tcs3701: start power rail timer, state:3
11-24 03:23:51.307  1011  1189 I ASH     : @ 139483.501: tcs3701: stop power rail pending_off timer
11-24 03:23:51.307  1011  1189 D ASH     : @ 139483.501: tcs3701: start power rail timer, state:3
11-24 03:23:51.328  9398 19000 I BatteryMgr:DataCollectionService: stats => 1700792631328,8239,4444,9765,4169000,100
11-24 03:23:51.349  1011  1189 I ASH     : @ 139483.541: tcs3701: stop power rail pending_off timer
11-24 03:23:51.349  1011  1189 D ASH     : @ 139483.541: tcs3701: start power rail timer, state:3
11-24 03:23:51.359  9398 20344 I BatteryMgr:DataCollectionService: stats => 1700792631359,8239,4444,9765,4169000,100
11-24 03:23:51.360  9398  7808 I BatteryMgr:DataCollectionService: stats => 1700792631360,8239,4444,9765,4169000,100
11-24 03:23:51.361  9398 19000 I BatteryMgr:DataCollectionService: stats => 1700792631361,8239,4444,9765,4169000,100
11-24 03:23:51.388  1011  1189 I ASH     : @ 139483.581: tcs3701: stop power rail pending_off timer
11-24 03:23:51.388  1011  1189 D ASH     : @ 139483.581: tcs3701: start power rail timer, state:3
11-24 03:23:51.428  1011  1189 I ASH     : @ 139483.621: tcs3701: stop power rail pending_off timer
11-24 03:23:51.428  1011  1189 D ASH     : @ 139483.621: tcs3701: start power rail timer, state:3
11-24 03:23:51.433  9398 19000 I BatteryMgr:DataCollectionService: stats => 1700792631433,8239,4444,9765,4169000,100
11-24 03:23:51.466  9398 20344 I BatteryMgr:DataCollectionService: stats => 1700792631466,8239,4444,9765,4169000,100
11-24 03:23:51.467  9398  7808 I BatteryMgr:DataCollectionService: stats => 1700792631467,8239,4444,9765,4169000,100
11-24 03:23:51.468  1011  1189 I ASH     : @ 139483.661: tcs3701: stop power rail pending_off timer
11-24 03:23:51.468  1011  1189 D ASH     : @ 139483.661: tcs3701: start power rail timer, state:3
11-24 03:23:51.469  9398 19000 I BatteryMgr:DataCollectionService: stats => 1700792631469,8239,4444,9765,4169000,100
11-24 03:23:51.507  1011  1189 I ASH     : @ 139483.701: tcs3701: stop power rail pending_off timer
11-24 03:23:51.507  1011  1189 D ASH     : @ 139483.701: tcs3701: start power rail timer, state:3
11-24 03:23:51.537  9398 19000 I BatteryMgr:DataCollectionService: stats => 1700792631537,8239,4444,9765,4169000,100
11-24 03:23:51.548  1011  1189 I ASH     : @ 139483.741: tcs3701: stop power rail pending_off timer
11-24 03:23:51.549  1011  1189 D ASH     : @ 139483.741: tcs3701: start power rail timer, state:3
11-24 03:23:51.570  9398 19000 I BatteryMgr:DataCollectionService: stats => 1700792631570,8239,4444,9765,4169000,100
11-24 03:23:51.570  9398  7808 I BatteryMgr:DataCollectionService: stats => 1700792631570,8239,4444,9765,4169000,100
11-24 03:23:51.572  9398 20344 I BatteryMgr:DataCollectionService: stats => 1700792631571,8239,4444,9765,4169000,100
11-24 03:23:51.588  1011  1189 I ASH     : @ 139483.781: tcs3701: stop power rail pending_off timer
11-24 03:23:51.588  1011  1189 D ASH     : @ 139483.781: tcs3701: start power rail timer, state:3
11-24 03:23:51.628  1011  1189 I ASH     : @ 139483.821: tcs3701: stop power rail pending_off timer
11-24 03:23:51.628  1011  1189 D ASH     : @ 139483.821: tcs3701: start power rail timer, state:3
11-24 03:23:51.640  9398 20344 I BatteryMgr:DataCollectionService: stats => 1700792631640,8239,4444,9765,4169000,100
11-24 03:23:51.668  1011  1189 I ASH     : @ 139483.861: tcs3701: stop power rail pending_off timer
11-24 03:23:51.668  1011  1189 D ASH     : @ 139483.861: tcs3701: start power rail timer, state:3
11-24 03:23:51.673  9398 19000 I BatteryMgr:DataCollectionService: stats => 1700792631673,8239,4444,9765,4169000,100
11-24 03:23:51.673  9398 20344 I BatteryMgr:DataCollectionService: stats => 1700792631673,8239,4444,9765,4169000,100
11-24 03:23:51.674  9398  7808 I BatteryMgr:DataCollectionService: stats => 1700792631674,8239,4444,9765,4169000,100
11-24 03:23:51.708  1011  1189 I ASH     : @ 139483.901: tcs3701: stop power rail pending_off timer
11-24 03:23:51.708  1011  1189 D ASH     : @ 139483.901: tcs3701: start power rail timer, state:3
11-24 03:23:51.744  9398  7808 I BatteryMgr:DataCollectionService: stats => 1700792631744,8239,4444,9765,4169000,100
11-24 03:23:51.748  1011  1189 I ASH     : @ 139483.941: tcs3701: stop power rail pending_off timer
11-24 03:23:51.748  1011  1189 D ASH     : @ 139483.941: tcs3701: start power rail timer, state:3
11-24 03:23:51.778  9398  9434 I BatteryMgr:DataCollectionService: stats => 1700792631778,8239,4444,9765,4169000,100
11-24 03:23:51.779  9398 20344 I BatteryMgr:DataCollectionService: stats => 1700792631779,8239,4444,9765,4169000,100
11-24 03:23:51.780  9398  7808 I BatteryMgr:DataCollectionService: stats => 1700792631780,8239,4444,9765,4169000,100
11-24 03:23:51.788  1011  1189 I ASH     : @ 139483.981: tcs3701: stop power rail pending_off timer
11-24 03:23:51.788  1011  1189 D ASH     : @ 139483.981: tcs3701: start power rail timer, state:3
11-24 03:23:51.828  1011  1189 I ASH     : @ 139484.021: tcs3701: stop power rail pending_off timer
11-24 03:23:51.828  1011  1189 D ASH     : @ 139484.021: tcs3701: start power rail timer, state:3
11-24 03:23:51.849  9398  7808 I BatteryMgr:DataCollectionService: stats => 1700792631849,8239,4444,9765,4169000,100
11-24 03:23:51.868  1011  1189 I ASH     : @ 139484.061: tcs3701: stop power rail pending_off timer
11-24 03:23:51.868  1011  1189 D ASH     : @ 139484.061: tcs3701: start power rail timer, state:3
11-24 03:23:51.882  9398 20344 I BatteryMgr:DataCollectionService: stats => 1700792631882,8239,4444,9765,4169000,100
11-24 03:23:51.884  9398  9434 I BatteryMgr:DataCollectionService: stats => 1700792631884,8239,4444,9765,4169000,100
11-24 03:23:51.885  9398  7808 I BatteryMgr:DataCollectionService: stats => 1700792631885,8239,4444,9765,4169000,100
11-24 03:23:51.907  1011  1189 I ASH     : @ 139484.101: tcs3701: stop power rail pending_off timer
11-24 03:23:51.908  1011  1189 D ASH     : @ 139484.101: tcs3701: start power rail timer, state:3
11-24 03:23:51.948  1011  1189 I ASH     : @ 139484.141: tcs3701: stop power rail pending_off timer
11-24 03:23:51.948  1011  1189 D ASH     : @ 139484.141: tcs3701: start power rail timer, state:3
11-24 03:23:51.953  9398  7808 I BatteryMgr:DataCollectionService: stats => 1700792631953,8239,4444,9765,4169000,100
11-24 03:23:51.987  1011  1189 I ASH     : @ 139484.181: tcs3701: stop power rail pending_off timer
11-24 03:23:51.987  9398 20344 I BatteryMgr:DataCollectionService: stats => 1700792631987,8239,4444,9765,4169000,100
11-24 03:23:51.987  1011  1189 D ASH     : @ 139484.181: tcs3701: start power rail timer, state:3
11-24 03:23:51.988  9398  9434 I BatteryMgr:DataCollectionService: stats => 1700792631988,8239,4444,9765,4169000,100
11-24 03:23:51.989  9398  7808 I BatteryMgr:DataCollectionService: stats => 1700792631989,8239,4444,9765,4169000,100
11-24 03:23:52.028  1011  1189 I ASH     : @ 139484.221: tcs3701: stop power rail pending_off timer
11-24 03:23:52.028  1011  1189 D ASH     : @ 139484.221: tcs3701: start power rail timer, state:3
11-24 03:23:52.056  9398  7808 I BatteryMgr:DataCollectionService: stats => 1700792632056,8239,4444,9765,4169000,100
11-24 03:23:52.067  1011  1189 I ASH     : @ 139484.261: tcs3701: stop power rail pending_off timer
11-24 03:23:52.067  1011  1189 D ASH     : @ 139484.261: tcs3701: start power rail timer, state:3
11-24 03:23:52.092  9398  9434 I BatteryMgr:DataCollectionService: stats => 1700792632092,8239,4444,9765,4169000,100
11-24 03:23:52.093  9398 20344 I BatteryMgr:DataCollectionService: stats => 1700792632093,8239,4444,9765,4169000,100
11-24 03:23:52.095  9398  7808 I BatteryMgr:DataCollectionService: stats => 1700792632095,8239,4444,9765,4169000,100
11-24 03:23:52.107  1011  1189 I ASH     : @ 139484.301: tcs3701: stop power rail pending_off timer
11-24 03:23:52.107  1011  1189 D ASH     : @ 139484.301: tcs3701: start power rail timer, state:3
11-24 03:23:52.148  1011  1189 I ASH     : @ 139484.341: tcs3701: stop power rail pending_off timer
11-24 03:23:52.148  1011  1189 D ASH     : @ 139484.341: tcs3701: start power rail timer, state:3
11-24 03:23:52.160  9398  7808 I BatteryMgr:DataCollectionService: stats => 1700792632160,8239,4444,9765,4169000,100
11-24 03:23:52.187  1011  1189 I ASH     : @ 139484.381: tcs3701: stop power rail pending_off timer
11-24 03:23:52.187  1011  1189 D ASH     : @ 139484.381: tcs3701: start power rail timer, state:3
11-24 03:23:52.197  9398 20344 I BatteryMgr:DataCollectionService: stats => 1700792632197,8239,4444,9765,4169000,100
11-24 03:23:52.198  9398  7808 I BatteryMgr:DataCollectionService: stats => 1700792632198,8239,4444,9765,4169000,100
11-24 03:23:52.200  9398  9434 I BatteryMgr:DataCollectionService: stats => 1700792632200,8239,4444,9765,4169000,100
11-24 03:23:52.228  1011  1189 I ASH     : @ 139484.421: tcs3701: stop power rail pending_off timer
11-24 03:23:52.228  1011  1189 D ASH     : @ 139484.421: tcs3701: start power rail timer, state:3
11-24 03:23:52.236  1795  2424 D WifiClientModeImpl[13802:wlan0]: updateLinkLayerStatsRssiSpeedFrequencyCapabilities rssi=-45 TxLinkspeed=780 freq=5240 RxLinkSpeed=866
11-24 03:23:52.236  1795  2424 D WifiDataStall: tx tput in kbps: 558888
11-24 03:23:52.236  1795  2424 D WifiDataStall: rx tput in kbps: 747601
11-24 03:23:52.236  1795  2424 V WifiConfigManager: Updating scan detail cache freq=5240 BSSID=f4:6d:2f:12:cc:88 RSSI=-44 for "ourhome"WPA_PSK
11-24 03:23:52.237  1795  2424 D WifiChannelUtilization:  freq: 5240 onTime: 4408627 busyTime: 461073 onTimeDiff: 1033835 busyTimeDiff: 145374 utilization: 35 utilization t0: 26
11-24 03:23:52.237  1795  2424 D WifiDataStall:  ccaLevel = 35
11-24 03:23:52.237  1795  2424 D WifiDataStall: L2 txTputKbps: 646425, rxTputKbps: 747601, L3 txTputKbps: 117, rxTputKbps: 29, TxTrafficHigh: true, RxTrafficHigh: true, Throughput Sufficient: true
11-24 03:23:52.237  1795  2424 D WifiScoreReport: Wifi scoring disabled - Don't check IP layer
11-24 03:23:52.237  3213  6173 V WifiManager: OnWifiUsabilityStatsListener: onWifiUsabilityStats: seqNum=42236
11-24 03:23:52.237  1795  2424 D WifiScoreCard: BSSID update SIGNAL_POLL ID: 1320464697 SSID: "ourhome", BSSID: f4:6d:2f:12:cc:88, MAC: b2:2f:ec:da:4a:0c, IP: /192.168.1.104, Security type: 2, Supplicant state: COMPLETED, Wi-Fi standard: 5, RSSI: -45, Link speed: 780Mbps, Tx Link speed: 780Mbps, Max Supported Tx Link speed: 866Mbps, Rx Link speed: 866Mbps, Max Supported Rx Link speed: 866Mbps, Frequency: 5240MHz, Net ID: 12, Metered hint: false, score: 60, isUsable: true, CarrierMerged: false, SubscriptionId: -1, IsPrimary: 1, Trusted: true, Restricted: false, Ephemeral: false, OEM paid: false, OEM private: false, OSU AP: false, FQDN: <none>, Provider friendly name: <none>, Requesting package name: <none>"ourhome"wpa2-pskMLO Information: , Is TID-To-Link negotiation supported by the AP: false, AP MLD Address: <none>, AP MLO Link Id: <none>, AP MLO Affiliated links: <none>
11-24 03:23:52.238  1795  4165 I WifiService: updateWifiUsabilityScore uid=10180 seqNum=42236 score=100 predictionHorizonSec=1441795
11-24 03:23:52.238  1795  2424 D WifiScoreCard: txRate: 8 txSpeed: 780
