11-25 15:43:12.313 26837  9494 W GmsStrictMode: 	at com.android.internal.os.ZygoteInit.main(ZygoteInit.java:936)
11-25 15:43:12.313 26837  9494 W GmsStrictMode: DISK_READ [CONTEXT service_id=256 ]
11-25 15:43:12.313 26837  9494 W GmsStrictMode: android.os.strictmode.DiskReadViolation
11-25 15:43:12.313 26837  9494 W GmsStrictMode: 	at android.os.StrictMode$AndroidBlockGuardPolicy.onReadFromDisk(StrictMode.java:1658)
11-25 15:43:12.313 26837  9494 W GmsStrictMode: 	at libcore.io.BlockGuardOs.access(BlockGuardOs.java:74)
11-25 15:43:12.313 26837  9494 W GmsStrictMode: 	at libcore.io.ForwardingOs.access(ForwardingOs.java:128)
11-25 15:43:12.313 26837  9494 W GmsStrictMode: 	at android.app.ActivityThread$AndroidOs.access(ActivityThread.java:7795)
11-25 15:43:12.313 26837  9494 W GmsStrictMode: 	at java.io.UnixFileSystem.checkAccess(UnixFileSystem.java:313)
11-25 15:43:12.313 26837  9494 W GmsStrictMode: 	at java.io.File.exists(File.java:813)
11-25 15:43:12.313 26837  9494 W GmsStrictMode: 	at android.app.ContextImpl.ensurePrivateDirExists(ContextImpl.java:759)
11-25 15:43:12.313 26837  9494 W GmsStrictMode: 	at android.app.ContextImpl.ensurePrivateDirExists(ContextImpl.java:750)
11-25 15:43:12.313 26837  9494 W GmsStrictMode: 	at android.app.ContextImpl.getFilesDir(ContextImpl.java:795)
11-25 15:43:12.313 26837  9494 W GmsStrictMode: 	at android.content.ContextWrapper.getFilesDir(ContextWrapper.java:282)
11-25 15:43:12.313 26837  9494 W GmsStrictMode: 	at android.content.ContextWrapper.getFilesDir(ContextWrapper.java:282)
11-25 15:43:12.313 26837  9494 W GmsStrictMode: 	at android.content.ContextWrapper.getFilesDir(ContextWrapper.java:282)
11-25 15:43:12.313 26837  9494 W GmsStrictMode: 	at android.content.ContextWrapper.getFilesDir(ContextWrapper.java:282)
11-25 15:43:12.313 26837  9494 W GmsStrictMode: 	at yux.<init>(:com.google.android.gms@234414038@23.44.14 (190400-580326705):6)
11-25 15:43:12.313 26837  9494 W GmsStrictMode: 	at ngy.<init>(:com.google.android.gms@234414038@23.44.14 (190400-580326705):3)
11-25 15:43:12.313 26837  9494 W GmsStrictMode: 	at spz.<init>(:com.google.android.gms@234414038@23.44.14 (190400-580326705):44)
11-25 15:43:12.313 26837  9494 W GmsStrictMode: 	at sqa.onCreate(:com.google.android.gms@234414038@23.44.14 (190400-580326705):6)
11-25 15:43:12.313 26837  9494 W GmsStrictMode: 	at nnb.onCreate(:com.google.android.gms@234414038@23.44.14 (190400-580326705):18)
11-25 15:43:12.313 26837  9494 W GmsStrictMode: 	at ages.onCreate(:com.google.android.gms@234414038@23.44.14 (190400-580326705):16)
11-25 15:43:12.313 26837  9494 W GmsStrictMode: 	at android.app.ActivityThread.handleCreateService(ActivityThread.java:4485)
11-25 15:43:12.313 26837  9494 W GmsStrictMode: 	at android.app.ActivityThread.-$$Nest$mhandleCreateService(Unknown Source:0)
11-25 15:43:12.313 26837  9494 W GmsStrictMode: 	at android.app.ActivityThread$H.handleMessage(ActivityThread.java:2160)
11-25 15:43:12.313 26837  9494 W GmsStrictMode: 	at android.os.Handler.dispatchMessage(Handler.java:106)
11-25 15:43:12.313 26837  9494 W GmsStrictMode: 	at android.os.Looper.loopOnce(Looper.java:201)
11-25 15:43:12.313 26837  9494 W GmsStrictMode: 	at android.os.Looper.loop(Looper.java:288)
11-25 15:43:12.313 26837  9494 W GmsStrictMode: 	at android.app.ActivityThread.main(ActivityThread.java:7918)
11-25 15:43:12.313 26837  9494 W GmsStrictMode: 	at java.lang.reflect.Method.invoke(Native Method)
11-25 15:43:12.313 26837  9494 W GmsStrictMode: 	at com.android.internal.os.RuntimeInit$MethodAndArgsCaller.run(RuntimeInit.java:548)
11-25 15:43:12.313 26837  9494 W GmsStrictMode: 	at com.android.internal.os.ZygoteInit.main(ZygoteInit.java:936)
11-25 15:43:12.315 26837  9494 W GmsStrictMode: DISK_READ [CONTEXT service_id=256 ]
11-25 15:43:12.315 26837  9494 W GmsStrictMode: android.os.strictmode.DiskReadViolation
11-25 15:43:12.315 26837  9494 W GmsStrictMode: 	at android.os.StrictMode$AndroidBlockGuardPolicy.onReadFromDisk(StrictMode.java:1658)
11-25 15:43:12.315 26837  9494 W GmsStrictMode: 	at libcore.io.BlockGuardOs.access(BlockGuardOs.java:74)
11-25 15:43:12.315 26837  9494 W GmsStrictMode: 	at libcore.io.ForwardingOs.access(ForwardingOs.java:128)
11-25 15:43:12.315 26837  9494 W GmsStrictMode: 	at android.app.ActivityThread$AndroidOs.access(ActivityThread.java:7795)
11-25 15:43:12.315 26837  9494 W GmsStrictMode: 	at java.io.UnixFileSystem.checkAccess(UnixFileSystem.java:313)
11-25 15:43:12.315 26837  9494 W GmsStrictMode: 	at java.io.File.exists(File.java:813)
11-25 15:43:12.315 26837  9494 W GmsStrictMode: 	at android.app.ContextImpl.ensurePrivateDirExists(ContextImpl.java:759)
11-25 15:43:12.315 26837  9494 W GmsStrictMode: 	at android.app.ContextImpl.ensurePrivateDirExists(ContextImpl.java:750)
11-25 15:43:12.315 26837  9494 W GmsStrictMode: 	at android.app.ContextImpl.getFilesDir(ContextImpl.java:795)
11-25 15:43:12.315 26837  9494 W GmsStrictMode: 	at android.content.ContextWrapper.getFilesDir(ContextWrapper.java:282)
11-25 15:43:12.315 26837  9494 W GmsStrictMode: 	at android.content.ContextWrapper.getFilesDir(ContextWrapper.java:282)
11-25 15:43:12.315 26837  9494 W GmsStrictMode: 	at android.content.ContextWrapper.getFilesDir(ContextWrapper.java:282)
11-25 15:43:12.315 26837  9494 W GmsStrictMode: 	at yux.<init>(:com.google.android.gms@234414038@23.44.14 (190400-580326705):6)
11-25 15:43:12.315 26837  9494 W GmsStrictMode: 	at srw.<init>(:com.google.android.gms@234414038@23.44.14 (190400-580326705):33)
11-25 15:43:12.315 26837  9494 W GmsStrictMode: 	at sru.<init>(:com.google.android.gms@234414038@23.44.14 (190400-580326705):31)
11-25 15:43:12.315 26837  9494 W GmsStrictMode: 	at ngy.<init>(:com.google.android.gms@234414038@23.44.14 (190400-580326705):6)
11-25 15:43:12.315 26837  9494 W GmsStrictMode: 	at spz.<init>(:com.google.android.gms@234414038@23.44.14 (190400-580326705):44)
11-25 15:43:12.315 26837  9494 W GmsStrictMode: 	at sqa.onCreate(:com.google.android.gms@234414038@23.44.14 (190400-580326705):6)
11-25 15:43:12.315 26837  9494 W GmsStrictMode: 	at nnb.onCreate(:com.google.android.gms@234414038@23.44.14 (190400-580326705):18)
11-25 15:43:12.315 26837  9494 W GmsStrictMode: 	at ages.onCreate(:com.google.android.gms@234414038@23.44.14 (190400-580326705):16)
11-25 15:43:12.315 26837  9494 W GmsStrictMode: 	at android.app.ActivityThread.handleCreateService(ActivityThread.java:4485)
11-25 15:43:12.315 26837  9494 W GmsStrictMode: 	at android.app.ActivityThread.-$$Nest$mhandleCreateService(Unknown Source:0)
11-25 15:43:12.315 26837  9494 W GmsStrictMode: 	at android.app.ActivityThread$H.handleMessage(ActivityThread.java:2160)
11-25 15:43:12.315 26837  9494 W GmsStrictMode: 	at android.os.Handler.dispatchMessage(Handler.java:106)
11-25 15:43:12.315 26837  9494 W GmsStrictMode: 	at android.os.Looper.loopOnce(Looper.java:201)
11-25 15:43:12.315 26837  9494 W GmsStrictMode: 	at android.os.Looper.loop(Looper.java:288)
11-25 15:43:12.315 26837  9494 W GmsStrictMode: 	at android.app.ActivityThread.main(ActivityThread.java:7918)
11-25 15:43:12.315 26837  9494 W GmsStrictMode: 	at java.lang.reflect.Method.invoke(Native Method)
11-25 15:43:12.315 26837  9494 W GmsStrictMode: 	at com.android.internal.os.RuntimeInit$MethodAndArgsCaller.run(RuntimeInit.java:548)
11-25 15:43:12.315 26837  9494 W GmsStrictMode: 	at com.android.internal.os.ZygoteInit.main(ZygoteInit.java:936)
11-25 15:43:12.315 26837  9494 W GmsStrictMode: DISK_READ [CONTEXT service_id=256 ]
11-25 15:43:12.315 26837  9494 W GmsStrictMode: android.os.strictmode.DiskReadViolation
11-25 15:43:12.315 26837  9494 W GmsStrictMode: 	at android.os.StrictMode$AndroidBlockGuardPolicy.onReadFromDisk(StrictMode.java:1658)
11-25 15:43:12.315 26837  9494 W GmsStrictMode: 	at libcore.io.BlockGuardOs.access(BlockGuardOs.java:74)
11-25 15:43:12.315 26837  9494 W GmsStrictMode: 	at libcore.io.ForwardingOs.access(ForwardingOs.java:128)
11-25 15:43:12.315 26837  9494 W GmsStrictMode: 	at android.app.ActivityThread$AndroidOs.access(ActivityThread.java:7795)
11-25 15:43:12.315 26837  9494 W GmsStrictMode: 	at java.io.UnixFileSystem.checkAccess(UnixFileSystem.java:313)
11-25 15:43:12.315 26837  9494 W GmsStrictMode: 	at java.io.File.exists(File.java:813)
11-25 15:43:12.315 26837  9494 W GmsStrictMode: 	at android.app.ContextImpl.ensurePrivateDirExists(ContextImpl.java:759)
11-25 15:43:12.315 26837  9494 W GmsStrictMode: 	at android.app.ContextImpl.ensurePrivateDirExists(ContextImpl.java:750)
11-25 15:43:12.315 26837  9494 W GmsStrictMode: 	at android.app.ContextImpl.getFilesDir(ContextImpl.java:795)
11-25 15:43:12.315 26837  9494 W GmsStrictMode: 	at android.content.ContextWrapper.getFilesDir(ContextWrapper.java:282)
11-25 15:43:12.315 26837  9494 W GmsStrictMode: 	at android.content.ContextWrapper.getFilesDir(ContextWrapper.java:282)
11-25 15:43:12.315 26837  9494 W GmsStrictMode: 	at android.content.ContextWrapper.getFilesDir(ContextWrapper.java:282)
11-25 15:43:12.315 26837  9494 W GmsStrictMode: 	at yux.<init>(:com.google.android.gms@234414038@23.44.14 (190400-580326705):6)
11-25 15:43:12.315 26837  9494 W GmsStrictMode: 	at sru.<init>(:com.google.android.gms@234414038@23.44.14 (190400-580326705):139)
11-25 15:43:12.315 26837  9494 W GmsStrictMode: 	at ngy.<init>(:com.google.android.gms@234414038@23.44.14 (190400-580326705):6)
11-25 15:43:12.315 26837  9494 W GmsStrictMode: 	at spz.<init>(:com.google.android.gms@234414038@23.44.14 (190400-580326705):44)
11-25 15:43:12.315 26837  9494 W GmsStrictMode: 	at sqa.onCreate(:com.google.android.gms@234414038@23.44.14 (190400-580326705):6)
11-25 15:43:12.315 26837  9494 W GmsStrictMode: 	at nnb.onCreate(:com.google.android.gms@234414038@23.44.14 (190400-580326705):18)
11-25 15:43:12.315 26837  9494 W GmsStrictMode: 	at ages.onCreate(:com.google.android.gms@234414038@23.44.14 (190400-580326705):16)
11-25 15:43:12.315 26837  9494 W GmsStrictMode: 	at android.app.ActivityThread.handleCreateService(ActivityThread.java:4485)
11-25 15:43:12.315 26837  9494 W GmsStrictMode: 	at android.app.ActivityThread.-$$Nest$mhandleCreateService(Unknown Source:0)
11-25 15:43:12.315 26837  9494 W GmsStrictMode: 	at android.app.ActivityThread$H.handleMessage(ActivityThread.java:2160)
11-25 15:43:12.315 26837  9494 W GmsStrictMode: 	at android.os.Handler.dispatchMessage(Handler.java:106)
11-25 15:43:12.315 26837  9494 W GmsStrictMode: 	at android.os.Looper.loopOnce(Looper.java:201)
11-25 15:43:12.315 26837  9494 W GmsStrictMode: 	at android.os.Looper.loop(Looper.java:288)
11-25 15:43:12.315 26837  9494 W GmsStrictMode: 	at android.app.ActivityThread.main(ActivityThread.java:7918)
11-25 15:43:12.315 26837  9494 W GmsStrictMode: 	at java.lang.reflect.Method.invoke(Native Method)
11-25 15:43:12.315 26837  9494 W GmsStrictMode: 	at com.android.internal.os.RuntimeInit$MethodAndArgsCaller.run(RuntimeInit.java:548)
11-25 15:43:12.315 26837  9494 W GmsStrictMode: 	at com.android.internal.os.ZygoteInit.main(ZygoteInit.java:936)
11-25 15:43:12.320  1011  1189 I ASH     : @ 270244.501: tcs3701: stop power rail pending_off timer
11-25 15:43:12.320  1011  1189 D ASH     : @ 270244.501: tcs3701: start power rail timer, state:3
11-25 15:43:12.361  1011  1189 I ASH     : @ 270244.541: tcs3701: stop power rail pending_off timer
11-25 15:43:12.361  1011  1189 D ASH     : @ 270244.541: tcs3701: start power rail timer, state:3
11-25 15:43:12.367  1795  4158 D ActivityManager: freezer override set to true
11-25 15:43:12.371  1795  4158 D ActivityManager: freezer override set to false
11-25 15:43:12.378 20107 20143 I BatteryMgr:DataCollectionService: stats => 1700923392378,8850,4442,13427,4169000,100
11-25 15:43:12.401  1011  1189 I ASH     : @ 270244.581: tcs3701: stop power rail pending_off timer
11-25 15:43:12.401  1011  1189 D ASH     : @ 270244.581: tcs3701: start power rail timer, state:3
11-25 15:43:12.441  1011  1189 I ASH     : @ 270244.621: tcs3701: stop power rail pending_off timer
11-25 15:43:12.441  1011  1189 D ASH     : @ 270244.621: tcs3701: start power rail timer, state:3
11-25 15:43:12.481  1011  1189 I ASH     : @ 270244.661: tcs3701: stop power rail pending_off timer
11-25 15:43:12.481  1011  1189 D ASH     : @ 270244.661: tcs3701: start power rail timer, state:3
11-25 15:43:12.484 20107 20143 I BatteryMgr:DataCollectionService: stats => 1700923392484,8850,4442,13427,4169000,100
11-25 15:43:12.520  1011  1189 I ASH     : @ 270244.701: tcs3701: stop power rail pending_off timer
11-25 15:43:12.520  1011  1189 D ASH     : @ 270244.701: tcs3701: start power rail timer, state:3
11-25 15:43:12.561  1011  1189 I ASH     : @ 270244.741: tcs3701: stop power rail pending_off timer
11-25 15:43:12.561  1011  1189 D ASH     : @ 270244.741: tcs3701: start power rail timer, state:3
11-25 15:43:12.568 10036 10098 W chromium: [WARNING:ev_root_ca_metadata.cc(119)] Not implemented
11-25 15:43:12.568 10036 10098 W chromium: [WARNING:ev_root_ca_metadata.cc(119)] Not implemented
11-25 15:43:12.590 20107 20143 I BatteryMgr:DataCollectionService: stats => 1700923392589,8850,4442,13427,4169000,100
11-25 15:43:12.601  1011  1189 I ASH     : @ 270244.781: tcs3701: stop power rail pending_off timer
11-25 15:43:12.601  1011  1189 D ASH     : @ 270244.781: tcs3701: start power rail timer, state:3
11-25 15:43:12.641  1011  1189 I ASH     : @ 270244.821: tcs3701: stop power rail pending_off timer
11-25 15:43:12.641  1011  1189 D ASH     : @ 270244.821: tcs3701: start power rail timer, state:3
11-25 15:43:12.681  1011  1189 I ASH     : @ 270244.861: tcs3701: stop power rail pending_off timer
11-25 15:43:12.681  1011  1189 D ASH     : @ 270244.861: tcs3701: start power rail timer, state:3
11-25 15:43:12.694 10036 10036 D CompatibilityChangeReporter: Compat change id reported: 194532703; UID 10010; state: ENABLED
11-25 15:43:12.695  1795  4165 D CompatibilityChangeReporter: Compat change id reported: 194532703; UID 10010; state: ENABLED
11-25 15:43:12.700 20107 20143 I BatteryMgr:DataCollectionService: stats => 1700923392700,8850,4442,13427,4169000,100
11-25 15:43:12.708 10036 10036 I cr_omaha: Scheduled using JobService
11-25 15:43:12.708 10036 10036 E cr_BkgrdTaskJS: Tried finishing non-current BackgroundTask.
11-25 15:43:12.720  1011  1189 I ASH     : @ 270244.901: tcs3701: stop power rail pending_off timer
11-25 15:43:12.721  1011  1189 D ASH     : @ 270244.901: tcs3701: start power rail timer, state:3
11-25 15:43:12.761  1011  1189 I ASH     : @ 270244.941: tcs3701: stop power rail pending_off timer
11-25 15:43:12.761  1011  1189 D ASH     : @ 270244.941: tcs3701: start power rail timer, state:3
11-25 15:43:12.801  1011  1189 I ASH     : @ 270244.981: tcs3701: stop power rail pending_off timer
11-25 15:43:12.801  1011  1189 D ASH     : @ 270244.981: tcs3701: start power rail timer, state:3
11-25 15:43:12.807 20107 20143 I BatteryMgr:DataCollectionService: stats => 1700923392807,8850,4442,13427,4169000,100
11-25 15:43:12.841  1011  1189 I ASH     : @ 270245.021: tcs3701: stop power rail pending_off timer
11-25 15:43:12.841  1011  1189 D ASH     : @ 270245.021: tcs3701: start power rail timer, state:3
11-25 15:43:12.882  1011  1189 I ASH     : @ 270245.061: tcs3701: stop power rail pending_off timer
11-25 15:43:12.882  1011  1189 D ASH     : @ 270245.061: tcs3701: start power rail timer, state:3
11-25 15:43:12.918 20107 20143 I BatteryMgr:DataCollectionService: stats => 1700923392918,8850,4442,13427,4169000,100
11-25 15:43:12.920  1011  1189 I ASH     : @ 270245.101: tcs3701: stop power rail pending_off timer
11-25 15:43:12.921  1011  1189 D ASH     : @ 270245.101: tcs3701: start power rail timer, state:3
11-25 15:43:12.961  1011  1189 I ASH     : @ 270245.141: tcs3701: stop power rail pending_off timer
11-25 15:43:12.961  1011  1189 D ASH     : @ 270245.141: tcs3701: start power rail timer, state:3
11-25 15:43:13.001  1011  1189 I ASH     : @ 270245.181: tcs3701: stop power rail pending_off timer
11-25 15:43:13.001  1011  1189 D ASH     : @ 270245.181: tcs3701: start power rail timer, state:3
11-25 15:43:13.026 20107 20143 I BatteryMgr:DataCollectionService: stats => 1700923393026,8850,4442,13427,4169000,100
11-25 15:43:13.040  1011  1189 I ASH     : @ 270245.221: tcs3701: stop power rail pending_off timer
11-25 15:43:13.041  1011  1189 D ASH     : @ 270245.221: tcs3701: start power rail timer, state:3
11-25 15:43:13.081  1011  1189 I ASH     : @ 270245.261: tcs3701: stop power rail pending_off timer
11-25 15:43:13.082  1011  1189 D ASH     : @ 270245.261: tcs3701: start power rail timer, state:3
11-25 15:43:13.120  1011  1189 I ASH     : @ 270245.301: tcs3701: stop power rail pending_off timer
11-25 15:43:13.120  1011  1189 D ASH     : @ 270245.301: tcs3701: start power rail timer, state:3
11-25 15:43:13.134 20107 20143 I BatteryMgr:DataCollectionService: stats => 1700923393134,8850,4442,13427,4169000,100
11-25 15:43:13.161  1011  1189 I ASH     : @ 270245.341: tcs3701: stop power rail pending_off timer
11-25 15:43:13.161  1011  1189 D ASH     : @ 270245.341: tcs3701: start power rail timer, state:3
11-25 15:43:13.193  1795  4165 D ActivityManager: freezer override set to true
11-25 15:43:13.200  1011  1189 I ASH     : @ 270245.381: tcs3701: stop power rail pending_off timer
11-25 15:43:13.201  1011  1189 D ASH     : @ 270245.381: tcs3701: start power rail timer, state:3
11-25 15:43:13.241 20107 20143 I BatteryMgr:DataCollectionService: stats => 1700923393241,8850,4442,13427,4169000,100
11-25 15:43:13.241  1011  1189 I ASH     : @ 270245.421: tcs3701: stop power rail pending_off timer
11-25 15:43:13.241  1011  1189 D ASH     : @ 270245.421: tcs3701: start power rail timer, state:3
11-25 15:43:13.281  1011  1189 I ASH     : @ 270245.461: tcs3701: stop power rail pending_off timer
11-25 15:43:13.281  1011  1189 D ASH     : @ 270245.461: tcs3701: start power rail timer, state:3
11-25 15:43:13.298 10036 10083 W m.chrome.canary: Cleared Reference was only reachable from finalizer (only reported once)
11-25 15:43:13.301 10036 10083 I m.chrome.canary: Explicit concurrent copying GC freed 27476(1184KB) AllocSpace objects, 14(652KB) LOS objects, 75% free, 13MB/52MB, paused 39us,24us total 64.959ms
11-25 15:43:13.320  1011  1189 I ASH     : @ 270245.501: tcs3701: stop power rail pending_off timer
11-25 15:43:13.320  1011  1189 D ASH     : @ 270245.501: tcs3701: start power rail timer, state:3
11-25 15:43:13.353 20107 20143 I BatteryMgr:DataCollectionService: stats => 1700923393353,8850,4442,13427,4169000,100
11-25 15:43:13.361  1011  1189 I ASH     : @ 270245.541: tcs3701: stop power rail pending_off timer
11-25 15:43:13.361  1011  1189 D ASH     : @ 270245.541: tcs3701: start power rail timer, state:3
11-25 15:43:13.372  1795  4165 D ActivityManager: freezer override set to false
11-25 15:43:13.397  1795  4165 D ActivityManager: freezer override set to true
11-25 15:43:13.401  1011  1189 I ASH     : @ 270245.581: tcs3701: stop power rail pending_off timer
11-25 15:43:13.401  1011  1189 D ASH     : @ 270245.581: tcs3701: start power rail timer, state:3
11-25 15:43:13.403  1795  4165 D ActivityManager: freezer override set to false
11-25 15:43:13.417 20352 20378 I native  : I0000 00:00:1700923393.417674   20378 device_profile_database_helpers.cc:563] Found nothing for mTS_ld
11-25 15:43:13.417 20352 20378 I native  : I0000 00:00:1700923393.417828   20378 device_profile_database_helpers.cc:563] Found nothing for redfin/redfin
11-25 15:43:13.417 20352 20378 I native  : I0000 00:00:1700923393.417842   20378 device_profile_database_helpers.cc:550] Considering b4SrL5:11
11-25 15:43:13.417 20352 20378 I native  : I0000 00:00:1700923393.417869   20378 device_profile_database_helpers.cc:509] Device profile for google/redfin/redfin:13/TQ3A.230901.001/10750268:user/release-keys: b4SrL5:11
11-25 15:43:13.419  1795  4165 D ActivityManager: freezer override set to true
11-25 15:43:13.425  1795  4165 D ActivityManager: freezer override set to false
11-25 15:43:13.426  1011  1189 I VSC     : @ 270245.606: {Fusion} configure fusion 15 16666us 0us.
11-25 15:43:13.426  1011  1189 D VSC     : @ 270245.606: [Game Rotation Vector Sensor] Request accel, interval 16.6 ms, latency 0.0 ms
11-25 15:43:13.426  1011  1189 D VSC     : @ 270245.607: [Game Rotation Vector Sensor] Request gyro, interval 5.0 ms, latency 0.0 ms
11-25 15:43:13.441  1011  1189 I ASH     : @ 270245.621: tcs3701: stop power rail pending_off timer
11-25 15:43:13.441  1011  1189 D ASH     : @ 270245.621: tcs3701: start power rail timer, state:3
11-25 15:43:13.446  1011  1189 D ASH     : @ 270245.626: SensorType 1 resampler quality 3
11-25 15:43:13.446  1011  1189 D ASH     : @ 270245.626: SensorType 1 resampler quality 2
11-25 15:43:13.459 20107 20143 I BatteryMgr:DataCollectionService: stats => 1700923393459,8850,4442,13427,4169000,100
11-25 15:43:13.461  1795  4158 D ActivityManager: freezer override set to true
11-25 15:43:13.463  1795  4158 D ActivityManager: freezer override set to false
11-25 15:43:13.480  1011  1189 I ASH     : @ 270245.661: tcs3701: stop power rail pending_off timer
11-25 15:43:13.480  1011  1189 D ASH     : @ 270245.661: tcs3701: start power rail timer, state:3
11-25 15:43:13.481  1011  1189 D ASH     : @ 270245.662: SensorType 195 resampler quality 1
11-25 15:43:13.520  1011  1189 I ASH     : @ 270245.701: tcs3701: stop power rail pending_off timer
11-25 15:43:13.521  1011  1189 D ASH     : @ 270245.701: tcs3701: start power rail timer, state:3
11-25 15:43:13.561  1011  1189 I ASH     : @ 270245.741: tcs3701: stop power rail pending_off timer
11-25 15:43:13.561  1011  1189 D ASH     : @ 270245.741: tcs3701: start power rail timer, state:3
11-25 15:43:13.568 20107 20143 I BatteryMgr:DataCollectionService: stats => 1700923393568,8850,4442,13427,4169000,100
11-25 15:43:13.601  1011  1189 I ASH     : @ 270245.781: tcs3701: stop power rail pending_off timer
11-25 15:43:13.601  1011  1189 D ASH     : @ 270245.781: tcs3701: start power rail timer, state:3
11-25 15:43:13.641  1011  1189 I ASH     : @ 270245.821: tcs3701: stop power rail pending_off timer
11-25 15:43:13.641  1011  1189 D ASH     : @ 270245.821: tcs3701: start power rail timer, state:3
11-25 15:43:13.673 20107 20143 I BatteryMgr:DataCollectionService: stats => 1700923393673,8850,4442,13427,4169000,100
11-25 15:43:13.681  1011  1189 I ASH     : @ 270245.861: tcs3701: stop power rail pending_off timer
11-25 15:43:13.681  1011  1189 D ASH     : @ 270245.861: tcs3701: start power rail timer, state:3
11-25 15:43:13.721  1011  1189 I ASH     : @ 270245.901: tcs3701: stop power rail pending_off timer
11-25 15:43:13.721  1011  1189 D ASH     : @ 270245.901: tcs3701: start power rail timer, state:3
11-25 15:43:13.761  1011  1189 I ASH     : @ 270245.941: tcs3701: stop power rail pending_off timer
11-25 15:43:13.761  1011  1189 D ASH     : @ 270245.941: tcs3701: start power rail timer, state:3
11-25 15:43:13.789 20107 20143 I BatteryMgr:DataCollectionService: stats => 1700923393789,8850,4442,13427,4169000,100
11-25 15:43:13.800  1011  1189 I ASH     : @ 270245.981: tcs3701: stop power rail pending_off timer
11-25 15:43:13.801  1011  1189 D ASH     : @ 270245.981: tcs3701: start power rail timer, state:3
11-25 15:43:13.813 10036 10098 W chromium: [WARNING:ev_root_ca_metadata.cc(119)] Not implemented
11-25 15:43:13.841  1011  1189 I ASH     : @ 270246.021: tcs3701: stop power rail pending_off timer
11-25 15:43:13.841  1011  1189 D ASH     : @ 270246.021: tcs3701: start power rail timer, state:3
11-25 15:43:13.863 26837 26837 D BoundBrokerSvc: onUnbind: Intent { act=com.google.android.gms.udc.service.START dat=chimera-action:/... cmp=com.google.android.gms/.chimera.PersistentApiService }
11-25 15:43:13.880  1011  1189 I ASH     : @ 270246.061: tcs3701: stop power rail pending_off timer
11-25 15:43:13.880  1011  1189 D ASH     : @ 270246.061: tcs3701: start power rail timer, state:3
11-25 15:43:13.900 20107 20143 I BatteryMgr:DataCollectionService: stats => 1700923393899,8850,4442,13427,4169000,100
11-25 15:43:13.921  1011  1189 I ASH     : @ 270246.101: tcs3701: stop power rail pending_off timer
11-25 15:43:13.921  1011  1189 D ASH     : @ 270246.101: tcs3701: start power rail timer, state:3
11-25 15:43:13.960  1011  1189 I ASH     : @ 270246.141: tcs3701: stop power rail pending_off timer
11-25 15:43:13.961  1011  1189 D ASH     : @ 270246.141: tcs3701: start power rail timer, state:3
11-25 15:43:14.001  1011  1189 I ASH     : @ 270246.181: tcs3701: stop power rail pending_off timer
11-25 15:43:14.001  1011  1189 D ASH     : @ 270246.181: tcs3701: start power rail timer, state:3
11-25 15:43:14.009 20107 20143 I BatteryMgr:DataCollectionService: stats => 1700923394009,8850,4442,13427,4169000,100
11-25 15:43:14.040  1011  1189 I ASH     : @ 270246.221: tcs3701: stop power rail pending_off timer
11-25 15:43:14.040  1011  1189 D ASH     : @ 270246.221: tcs3701: start power rail timer, state:3
11-25 15:43:14.056  2113  2118 I pixel-thermal: skin-therm-monitor: 38.213
11-25 15:43:14.081  1011  1189 I ASH     : @ 270246.261: tcs3701: stop power rail pending_off timer
11-25 15:43:14.081  1011  1189 D ASH     : @ 270246.261: tcs3701: start power rail timer, state:3
11-25 15:43:14.117 20107 20143 I BatteryMgr:DataCollectionService: stats => 1700923394117,8850,4442,13427,4169000,100
11-25 15:43:14.121  1011  1189 I ASH     : @ 270246.301: tcs3701: stop power rail pending_off timer
11-25 15:43:14.121  1011  1189 D ASH     : @ 270246.301: tcs3701: start power rail timer, state:3
11-25 15:43:14.161  1011  1189 I ASH     : @ 270246.341: tcs3701: stop power rail pending_off timer
11-25 15:43:14.161  1011  1189 D ASH     : @ 270246.341: tcs3701: start power rail timer, state:3
11-25 15:43:14.200  1011  1189 I ASH     : @ 270246.381: tcs3701: stop power rail pending_off timer
11-25 15:43:14.200  1011  1189 D ASH     : @ 270246.381: tcs3701: start power rail timer, state:3
11-25 15:43:14.227 20107 20143 I BatteryMgr:DataCollectionService: stats => 1700923394227,8850,4442,13427,4169000,100
11-25 15:43:14.241  1011  1189 I ASH     : @ 270246.421: tcs3701: stop power rail pending_off timer
11-25 15:43:14.241  1011  1189 D ASH     : @ 270246.421: tcs3701: start power rail timer, state:3
11-25 15:43:14.280  1011  1189 I ASH     : @ 270246.461: tcs3701: stop power rail pending_off timer
11-25 15:43:14.280  1011  1189 D ASH     : @ 270246.461: tcs3701: start power rail timer, state:3
11-25 15:43:14.321  1011  1189 I ASH     : @ 270246.501: tcs3701: stop power rail pending_off timer
11-25 15:43:14.321  1011  1189 D ASH     : @ 270246.501: tcs3701: start power rail timer, state:3
11-25 15:43:14.337 20107 20143 I BatteryMgr:DataCollectionService: stats => 1700923394337,8850,4442,13427,4169000,100
11-25 15:43:14.362  1011  1189 I ASH     : @ 270246.541: tcs3701: stop power rail pending_off timer
11-25 15:43:14.362  1011  1189 D ASH     : @ 270246.541: tcs3701: start power rail timer, state:3
11-25 15:43:14.400  1011  1189 I ASH     : @ 270246.581: tcs3701: stop power rail pending_off timer
11-25 15:43:14.400  1011  1189 D ASH     : @ 270246.581: tcs3701: start power rail timer, state:3
11-25 15:43:14.422  1795  1853 D ActivityManager: freezer override set to true
11-25 15:43:14.440  1795  1853 D ActivityManager: freezer override set to false
11-25 15:43:14.440  1011  1189 I ASH     : @ 270246.621: tcs3701: stop power rail pending_off timer
11-25 15:43:14.441  1011  1189 D ASH     : @ 270246.621: tcs3701: start power rail timer, state:3
11-25 15:43:14.453 20107 20143 I BatteryMgr:DataCollectionService: stats => 1700923394453,8850,4442,13427,4169000,100
11-25 15:43:14.481  1011  1189 I ASH     : @ 270246.661: tcs3701: stop power rail pending_off timer
11-25 15:43:14.481  1011  1189 D ASH     : @ 270246.661: tcs3701: start power rail timer, state:3
11-25 15:43:14.520  1011  1189 I ASH     : @ 270246.701: tcs3701: stop power rail pending_off timer
11-25 15:43:14.521  1011  1189 D ASH     : @ 270246.701: tcs3701: start power rail timer, state:3
11-25 15:43:14.561  1011  1189 I ASH     : @ 270246.741: tcs3701: stop power rail pending_off timer
11-25 15:43:14.561  1011  1189 D ASH     : @ 270246.741: tcs3701: start power rail timer, state:3
11-25 15:43:14.564 20107 20143 I BatteryMgr:DataCollectionService: stats => 1700923394564,8850,4442,13427,4169000,100
11-25 15:43:14.601  1011  1189 I ASH     : @ 270246.781: tcs3701: stop power rail pending_off timer
11-25 15:43:14.601  1011  1189 D ASH     : @ 270246.781: tcs3701: start power rail timer, state:3
11-25 15:43:14.642  1011  1189 I ASH     : @ 270246.821: tcs3701: stop power rail pending_off timer
11-25 15:43:14.642  1011  1189 D ASH     : @ 270246.821: tcs3701: start power rail timer, state:3
11-25 15:43:14.677 20107 20143 I BatteryMgr:DataCollectionService: stats => 1700923394677,8850,4442,13427,4169000,100
11-25 15:43:14.680  1011  1189 I ASH     : @ 270246.861: tcs3701: stop power rail pending_off timer
11-25 15:43:14.680  1011  1189 D ASH     : @ 270246.861: tcs3701: start power rail timer, state:3
11-25 15:43:14.698  1795  1853 D ActivityManager: freezer override set to true
11-25 15:43:14.721  1011  1189 I ASH     : @ 270246.901: tcs3701: stop power rail pending_off timer
11-25 15:43:14.721  1011  1189 D ASH     : @ 270246.901: tcs3701: start power rail timer, state:3
11-25 15:43:14.760  1011  1189 I ASH     : @ 270246.941: tcs3701: stop power rail pending_off timer
11-25 15:43:14.761  1011  1189 D ASH     : @ 270246.941: tcs3701: start power rail timer, state:3
11-25 15:43:14.787 20107 20143 I BatteryMgr:DataCollectionService: stats => 1700923394787,8850,4442,13427,4169000,100
11-25 15:43:14.801  1011  1189 I ASH     : @ 270246.981: tcs3701: stop power rail pending_off timer
11-25 15:43:14.801  1011  1189 D ASH     : @ 270246.981: tcs3701: start power rail timer, state:3
11-25 15:43:14.841  1011  1189 I ASH     : @ 270247.021: tcs3701: stop power rail pending_off timer
11-25 15:43:14.841  1011  1189 D ASH     : @ 270247.021: tcs3701: start power rail timer, state:3
11-25 15:43:14.881  1011  1189 I ASH     : @ 270247.061: tcs3701: stop power rail pending_off timer
11-25 15:43:14.881  1011  1189 D ASH     : @ 270247.061: tcs3701: start power rail timer, state:3
11-25 15:43:14.886  1795  2424 D WifiClientModeImpl[13802:wlan0]: updateLinkLayerStatsRssiSpeedFrequencyCapabilities rssi=-46 TxLinkspeed=650 freq=5240 RxLinkSpeed=866
11-25 15:43:14.890 10036 10083 I m.chrome.canary: Explicit concurrent copying GC freed 4614(269KB) AllocSpace objects, 5(100KB) LOS objects, 75% free, 13MB/52MB, paused 85us,29us total 103.139ms
11-25 15:43:14.890  1795  2424 V WifiScoreCard:  rssi -46 level 4 bssid f4:6d:2f:12:cc:88 freq 5240 onTimeMs 2408 txKB 113 rxKB 8924 txKBThr 1122 rxKBThr 8000
11-25 15:43:14.890  2782  5906 D QCNEJ/WlanStaInfoRelay: Received action: android.net.wifi.RSSI_CHANGED
11-25 15:43:14.890  1795  2424 D WifiClientModeImpl[13802:wlan0]: reported txKbps 4090 rxKbps 30360
11-25 15:43:14.890  1795  2424 D WifiDataStall: tx tput in kbps: 706331
11-25 15:43:14.890  1795  2424 D WifiDataStall: rx tput in kbps: 811875
11-25 15:43:14.890  1795  2424 V WifiScoreCard: 1 sampKbps 30360 filtKbps 30360 reportedKbps 30360 avgUsedKbps 60237 l2Kbps 811875 intErrPercent 0 extErrPercent 0 l2ErrPercent 2574
11-25 15:43:14.890  1795  2424 V WifiConfigManager: Updating scan detail cache freq=5240 BSSID=f4:6d:2f:12:cc:88 RSSI=-45 for "ourhome"WPA_PSK
11-25 15:43:14.891  1795  2424 D WifiChannelUtilization:  freq: 5240 onTime: 7736299 busyTime: 723709 onTimeDiff: 145604 busyTimeDiff: 9736 utilization: 17 utilization t0: 23
11-25 15:43:14.891  1795  2424 D WifiDataStall:  ccaLevel = 17
11-25 15:43:14.891  1795  2424 D WifiDataStall: L2 txTputKbps: 503673, rxTputKbps: 808492, L3 txTputKbps: 307, rxTputKbps: 24263, TxTrafficHigh: true, RxTrafficHigh: true, Throughput Sufficient: true
11-25 15:43:14.891  2673  3056 V WifiManager: OnWifiUsabilityStatsListener: onWifiUsabilityStats: seqNum=68660
11-25 15:43:14.891  1795  2424 D WifiScoreReport: Wifi scoring disabled - Don't check IP layer
11-25 15:43:14.891  1795  2424 D WifiScoreCard: BSSID update SIGNAL_POLL ID: 1320464697 SSID: "ourhome", BSSID: f4:6d:2f:12:cc:88, MAC: b2:2f:ec:da:4a:0c, IP: /192.168.1.104, Security type: 2, Supplicant state: COMPLETED, Wi-Fi standard: 5, RSSI: -46, Link speed: 650Mbps, Tx Link speed: 650Mbps, Max Supported Tx Link speed: 866Mbps, Rx Link speed: 866Mbps, Max Supported Rx Link speed: 866Mbps, Frequency: 5240MHz, Net ID: 12, Metered hint: false, score: 60, isUsable: true, CarrierMerged: false, SubscriptionId: -1, IsPrimary: 1, Trusted: true, Restricted: false, Ephemeral: false, OEM paid: false, OEM private: false, OSU AP: false, FQDN: <none>, Provider friendly name: <none>, Requesting package name: <none>"ourhome"wpa2-pskMLO Information: , Is TID-To-Link negotiation supported by the AP: false, AP MLD Address: <none>, AP MLO Link Id: <none>, AP MLO Affiliated links: <none>
11-25 15:43:14.891  1795  2424 D WifiScoreCard: txRate: 343 txSpeed: 650
11-25 15:43:14.891  1795  2424 D WifiScoreCard: network update SIGNAL_POLL "ourhome" ID: 1499892569 RSSI -46 txSpeed 650
11-25 15:43:14.891  1795  4158 I WifiService: updateWifiUsabilityScore uid=10180 seqNum=68660 score=100 predictionHorizonSec=1441795
11-25 15:43:14.891  1795  2424 D WifiClientModeImpl[13802:wlan0]:  ClientModeImpl$L2ConnectedState screen=on 33 0 "ourhome" f4:6d:2f:12:cc:88 rssi=-46 f=5240 sc=60 link=650 tx=284.2, 58.6, 0.0 rx=924.7 bcn=2612944 [on:2408 tx:133 rx:104 period:3020] from screen [on:159900 period:2308397] score=60
11-25 15:43:14.892  1795  2424 D WifiScoreReport: Wifi scoring disabled - Notify that Wifi is usable
11-25 15:43:14.896  1795  3324 I WifiService: getWifiEnabledState uid=10233 state=3
11-25 15:43:14.901 20107 20143 I BatteryMgr:DataCollectionService: stats => 1700923394901,8850,4442,13427,4169000,100
11-25 15:43:14.910  3473  4683 I CarrierServices: [49] ekm.handleMessage: RcsEngineImpl[DUAL_REG]:[deae450f-f3f3]>Handler: handleMessage processing message:[NOTIFY_UPTIME_IGNORE_STATE_CHANGED] with [non-null]:RcsEngineImpl reference
11-25 15:43:14.911  2895  3238 E PhoneInterfaceManager: [PhoneIntfMgr] getCarrierPrivilegeStatusForUid: Invalid subId
11-25 15:43:14.912  3473  4683 I CarrierServices: [49] ejf.b: ProvisioningEngineDataRetriever: RCS Configuration storage in Bugle is disabled by p/h flag, using ProvisioningEngineStateCacheUtil.getProvisioningConfigurationForGivenSimIfExist()
11-25 15:43:14.912  3473  4697 I CarrierServices: [50] eam.c: Connected state: [1], networkType: [WIFI]
11-25 15:43:14.920  1011  1189 I ASH     : @ 270247.101: tcs3701: stop power rail pending_off timer
11-25 15:43:14.920  1011  1189 D ASH     : @ 270247.101: tcs3701: start power rail timer, state:3
11-25 15:43:14.922  2673  2720 D DeviceStateHelper: Wifi freq: 5240
11-25 15:43:14.924  1795  3324 I WifiService: getSoftApConfiguration uid=10180
11-25 15:43:14.940  1795  2432 D ConnectivityService: NetReassign [no changes] [c 0] [a 0] [i 2]
11-25 15:43:14.962  1011  1189 I ASH     : @ 270247.141: tcs3701: stop power rail pending_off timer
11-25 15:43:14.962  1011  1189 D ASH     : @ 270247.141: tcs3701: start power rail timer, state:3
11-25 15:43:15.000  1011  1189 I ASH     : @ 270247.181: tcs3701: stop power rail pending_off timer
11-25 15:43:15.001  1011  1189 D ASH     : @ 270247.181: tcs3701: start power rail timer, state:3
11-25 15:43:15.015 20107 20143 I BatteryMgr:DataCollectionService: stats => 1700923395015,8850,4442,13427,4169000,100
11-25 15:43:15.035  1795  1853 D ActivityManager: freezer override set to false
11-25 15:43:15.041  1011  1189 I ASH     : @ 270247.221: tcs3701: stop power rail pending_off timer
11-25 15:43:15.041  1011  1189 D ASH     : @ 270247.221: tcs3701: start power rail timer, state:3
11-25 15:43:15.080  1011  1189 I ASH     : @ 270247.261: tcs3701: stop power rail pending_off timer
11-25 15:43:15.081  1011  1189 D ASH     : @ 270247.261: tcs3701: start power rail timer, state:3
11-25 15:43:15.121  1011  1189 I ASH     : @ 270247.301: tcs3701: stop power rail pending_off timer
11-25 15:43:15.121  1011  1189 D ASH     : @ 270247.301: tcs3701: start power rail timer, state:3
11-25 15:43:15.125 20107 20143 I BatteryMgr:DataCollectionService: stats => 1700923395125,8850,4442,13427,4169000,100
11-25 15:43:15.142  1795  1853 D ActivityManager: freezer override set to true
11-25 15:43:15.150  1795  1853 D ActivityManager: freezer override set to false
11-25 15:43:15.160  1011  1189 I ASH     : @ 270247.341: tcs3701: stop power rail pending_off timer
11-25 15:43:15.161  1011  1189 D ASH     : @ 270247.341: tcs3701: start power rail timer, state:3
11-25 15:43:15.201  1011  1189 I ASH     : @ 270247.381: tcs3701: stop power rail pending_off timer
11-25 15:43:15.201  1011  1189 D ASH     : @ 270247.381: tcs3701: start power rail timer, state:3
11-25 15:43:15.241  1011  1189 I ASH     : @ 270247.421: tcs3701: stop power rail pending_off timer
11-25 15:43:15.241  1011  1189 D ASH     : @ 270247.421: tcs3701: start power rail timer, state:3
11-25 15:43:15.242 20107 20143 I BatteryMgr:DataCollectionService: stats => 1700923395242,8850,4442,13427,4169000,100
11-25 15:43:15.248  1795  1853 D ActivityManager: freezer override set to true
11-25 15:43:15.272  1795  1853 D ActivityManager: freezer override set to false
11-25 15:43:15.281  1011  1189 I ASH     : @ 270247.461: tcs3701: stop power rail pending_off timer
11-25 15:43:15.281  1011  1189 D ASH     : @ 270247.461: tcs3701: start power rail timer, state:3
11-25 15:43:15.320  1011  1189 I ASH     : @ 270247.501: tcs3701: stop power rail pending_off timer
11-25 15:43:15.321  1011  1189 D ASH     : @ 270247.501: tcs3701: start power rail timer, state:3
11-25 15:43:15.322  1795  4165 W JobScheduler: Job didn't exist in JobStore: 4415a51 #u0a202/1034 com.google.android.apps.photos/com.google.android.libraries.social.mediamonitor.MediaMonitorJobSchedulerService
11-25 15:43:15.351 20107 20143 I BatteryMgr:DataCollectionService: stats => 1700923395351,8850,4442,13427,4169000,100
11-25 15:43:15.360  1011  1189 I ASH     : @ 270247.541: tcs3701: stop power rail pending_off timer
11-25 15:43:15.361  1011  1189 D ASH     : @ 270247.541: tcs3701: start power rail timer, state:3
11-25 15:43:15.401  1011  1189 I ASH     : @ 270247.581: tcs3701: stop power rail pending_off timer
11-25 15:43:15.401  1011  1189 D ASH     : @ 270247.581: tcs3701: start power rail timer, state:3
11-25 15:43:15.409  1795  3324 D ActivityManager: freezer override set to true
11-25 15:43:15.420  1795  3324 D ActivityManager: freezer override set to false
11-25 15:43:15.423  1795  3324 W UriGrantsManagerService: No permission grants found for com.google.android.apps.photos
11-25 15:43:15.440  1011  1189 I ASH     : @ 270247.621: tcs3701: stop power rail pending_off timer
11-25 15:43:15.441  1011  1189 D ASH     : @ 270247.621: tcs3701: start power rail timer, state:3
11-25 15:43:15.445  1795  3324 W UriGrantsManagerService: No permission grants found for com.google.android.apps.photos
11-25 15:43:15.462 20107 20143 I BatteryMgr:DataCollectionService: stats => 1700923395462,8850,4442,13427,4169000,100
11-25 15:43:15.481  1011  1189 I ASH     : @ 270247.661: tcs3701: stop power rail pending_off timer
11-25 15:43:15.481  1011  1189 D ASH     : @ 270247.661: tcs3701: start power rail timer, state:3
11-25 15:43:15.521  1011  1189 I ASH     : @ 270247.701: tcs3701: stop power rail pending_off timer
11-25 15:43:15.521  1011  1189 D ASH     : @ 270247.701: tcs3701: start power rail timer, state:3
11-25 15:43:15.561  1011  1189 I ASH     : @ 270247.741: tcs3701: stop power rail pending_off timer
11-25 15:43:15.561  1011  1189 D ASH     : @ 270247.741: tcs3701: start power rail timer, state:3
11-25 15:43:15.571 20107 20143 I BatteryMgr:DataCollectionService: stats => 1700923395571,8850,4442,13427,4169000,100
11-25 15:43:15.601  1011  1189 I ASH     : @ 270247.781: tcs3701: stop power rail pending_off timer
11-25 15:43:15.601  1011  1189 D ASH     : @ 270247.781: tcs3701: start power rail timer, state:3
11-25 15:43:15.641  1011  1189 I ASH     : @ 270247.821: tcs3701: stop power rail pending_off timer
11-25 15:43:15.641  1011  1189 D ASH     : @ 270247.821: tcs3701: start power rail timer, state:3
11-25 15:43:15.681  1011  1189 I ASH     : @ 270247.861: tcs3701: stop power rail pending_off timer
11-25 15:43:15.681  1011  1189 D ASH     : @ 270247.861: tcs3701: start power rail timer, state:3
11-25 15:43:15.693 20107 20143 I BatteryMgr:DataCollectionService: stats => 1700923395689,8850,4442,13427,4169000,100
11-25 15:43:15.721  1011  1189 I ASH     : @ 270247.901: tcs3701: stop power rail pending_off timer
11-25 15:43:15.721  1011  1189 D ASH     : @ 270247.901: tcs3701: start power rail timer, state:3
11-25 15:43:15.733  1795  4165 W UriGrantsManagerService: No permission grants found for com.google.android.apps.photos
11-25 15:43:15.744  1795  4165 W UriGrantsManagerService: No permission grants found for com.google.android.apps.photos
11-25 15:43:15.761  1011  1189 I ASH     : @ 270247.941: tcs3701: stop power rail pending_off timer
11-25 15:43:15.761  1011  1189 D ASH     : @ 270247.941: tcs3701: start power rail timer, state:3
11-25 15:43:15.802  1011  1189 I ASH     : @ 270247.981: tcs3701: stop power rail pending_off timer
11-25 15:43:15.802  1011  1189 D ASH     : @ 270247.981: tcs3701: start power rail timer, state:3
11-25 15:43:15.804 20107 20143 I BatteryMgr:DataCollectionService: stats => 1700923395804,8850,4442,13427,4169000,100
11-25 15:43:15.840  1011  1189 I ASH     : @ 270248.021: tcs3701: stop power rail pending_off timer
11-25 15:43:15.841  1011  1189 D ASH     : @ 270248.021: tcs3701: start power rail timer, state:3
11-25 15:43:15.857  1795  4165 W UriGrantsManagerService: No permission grants found for com.google.android.apps.photos
11-25 15:43:15.868  1795  4165 W UriGrantsManagerService: No permission grants found for com.google.android.apps.photos
11-25 15:43:15.881  1011  1189 I ASH     : @ 270248.061: tcs3701: stop power rail pending_off timer
11-25 15:43:15.881  1011  1189 D ASH     : @ 270248.061: tcs3701: start power rail timer, state:3
11-25 15:43:15.909 20107 20143 I BatteryMgr:DataCollectionService: stats => 1700923395909,8850,4442,13427,4169000,100
11-25 15:43:15.921  1011  1189 I ASH     : @ 270248.101: tcs3701: stop power rail pending_off timer
11-25 15:43:15.921  1011  1189 D ASH     : @ 270248.101: tcs3701: start power rail timer, state:3
11-25 15:43:15.961  1011  1189 I ASH     : @ 270248.141: tcs3701: stop power rail pending_off timer
11-25 15:43:15.961  1011  1189 D ASH     : @ 270248.141: tcs3701: start power rail timer, state:3
11-25 15:43:16.001  1011  1189 I ASH     : @ 270248.181: tcs3701: stop power rail pending_off timer
11-25 15:43:16.001  1011  1189 D ASH     : @ 270248.181: tcs3701: start power rail timer, state:3
11-25 15:43:16.020 20107 20143 I BatteryMgr:DataCollectionService: stats => 1700923396020,8850,4442,13427,4169000,100
11-25 15:43:16.041  1011  1189 I ASH     : @ 270248.221: tcs3701: stop power rail pending_off timer
11-25 15:43:16.041  1011  1189 D ASH     : @ 270248.221: tcs3701: start power rail timer, state:3
11-25 15:43:16.060  2113  2118 I pixel-thermal: skin-therm-monitor: 38.21
11-25 15:43:16.081  1011  1189 I ASH     : @ 270248.261: tcs3701: stop power rail pending_off timer
11-25 15:43:16.081  1011  1189 D ASH     : @ 270248.261: tcs3701: start power rail timer, state:3
11-25 15:43:16.121  1011  1189 I ASH     : @ 270248.301: tcs3701: stop power rail pending_off timer
11-25 15:43:16.121  1011  1189 D ASH     : @ 270248.301: tcs3701: start power rail timer, state:3
11-25 15:43:16.134 20107 20143 I BatteryMgr:DataCollectionService: stats => 1700923396134,8850,4442,13427,4169000,100
11-25 15:43:16.160  1011  1189 I ASH     : @ 270248.341: tcs3701: stop power rail pending_off timer
11-25 15:43:16.161  1011  1189 D ASH     : @ 270248.341: tcs3701: start power rail timer, state:3
11-25 15:43:16.201  1011  1189 I ASH     : @ 270248.381: tcs3701: stop power rail pending_off timer
11-25 15:43:16.201  1011  1189 D ASH     : @ 270248.381: tcs3701: start power rail timer, state:3
11-25 15:43:16.240  1011  1189 I ASH     : @ 270248.421: tcs3701: stop power rail pending_off timer
11-25 15:43:16.241  1011  1189 D ASH     : @ 270248.421: tcs3701: start power rail timer, state:3
11-25 15:43:16.244 20107 20143 I BatteryMgr:DataCollectionService: stats => 1700923396243,8850,4442,13427,4169000,100
11-25 15:43:16.281  1011  1189 I ASH     : @ 270248.461: tcs3701: stop power rail pending_off timer
11-25 15:43:16.281  1011  1189 D ASH     : @ 270248.461: tcs3701: start power rail timer, state:3
11-25 15:43:16.320  1011  1189 I ASH     : @ 270248.501: tcs3701: stop power rail pending_off timer
11-25 15:43:16.321  1011  1189 D ASH     : @ 270248.501: tcs3701: start power rail timer, state:3
11-25 15:43:16.358 20107 20143 I BatteryMgr:DataCollectionService: stats => 1700923396358,8850,4442,13427,4169000,100
11-25 15:43:16.361  1011  1189 I ASH     : @ 270248.541: tcs3701: stop power rail pending_off timer
11-25 15:43:16.361  1011  1189 D ASH     : @ 270248.541: tcs3701: start power rail timer, state:3
11-25 15:43:16.396  1795  4165 D ActivityManager: freezer override set to true
11-25 15:43:16.400  1011  1189 I ASH     : @ 270248.581: tcs3701: stop power rail pending_off timer
11-25 15:43:16.400  1011  1189 D ASH     : @ 270248.581: tcs3701: start power rail timer, state:3
11-25 15:43:16.409  1795  4165 D ActivityManager: freezer override set to false
11-25 15:43:16.441  1011  1189 I ASH     : @ 270248.621: tcs3701: stop power rail pending_off timer
11-25 15:43:16.441  1011  1189 D ASH     : @ 270248.621: tcs3701: start power rail timer, state:3
11-25 15:43:16.468 20107 20143 I BatteryMgr:DataCollectionService: stats => 1700923396468,8850,4442,13427,4169000,100
11-25 15:43:16.481  1011  1189 I ASH     : @ 270248.661: tcs3701: stop power rail pending_off timer
11-25 15:43:16.481  1011  1189 D ASH     : @ 270248.661: tcs3701: start power rail timer, state:3
11-25 15:43:16.521  1011  1189 I ASH     : @ 270248.701: tcs3701: stop power rail pending_off timer
11-25 15:43:16.521  1011  1189 D ASH     : @ 270248.701: tcs3701: start power rail timer, state:3
11-25 15:43:16.561  1011  1189 I ASH     : @ 270248.741: tcs3701: stop power rail pending_off timer
11-25 15:43:16.561  1011  1189 D ASH     : @ 270248.741: tcs3701: start power rail timer, state:3
11-25 15:43:16.583 20107 20143 I BatteryMgr:DataCollectionService: stats => 1700923396583,8850,4442,13427,4169000,100
11-25 15:43:16.600  1011  1189 I ASH     : @ 270248.781: tcs3701: stop power rail pending_off timer
11-25 15:43:16.601  1011  1189 D ASH     : @ 270248.781: tcs3701: start power rail timer, state:3
11-25 15:43:16.603  1795  4165 D ActivityManager: freezer override set to true
11-25 15:43:16.642  1011  1189 I ASH     : @ 270248.821: tcs3701: stop power rail pending_off timer
11-25 15:43:16.642  1011  1189 D ASH     : @ 270248.821: tcs3701: start power rail timer, state:3
11-25 15:43:16.681  1011  1189 I ASH     : @ 270248.861: tcs3701: stop power rail pending_off timer
11-25 15:43:16.681  1011  1189 D ASH     : @ 270248.861: tcs3701: start power rail timer, state:3
11-25 15:43:16.692 20107 20143 I BatteryMgr:DataCollectionService: stats => 1700923396692,10986,4442,13427,4169000,100
11-25 15:43:16.721  1011  1189 I ASH     : @ 270248.901: tcs3701: stop power rail pending_off timer
11-25 15:43:16.721  1011  1189 D ASH     : @ 270248.901: tcs3701: start power rail timer, state:3
11-25 15:43:16.762  1011  1189 I ASH     : @ 270248.941: tcs3701: stop power rail pending_off timer
11-25 15:43:16.762  1011  1189 D ASH     : @ 270248.941: tcs3701: start power rail timer, state:3
11-25 15:43:16.799 20107 20143 I BatteryMgr:DataCollectionService: stats => 1700923396799,10986,4442,13427,4169000,100
11-25 15:43:16.801  1011  1189 I ASH     : @ 270248.981: tcs3701: stop power rail pending_off timer
11-25 15:43:16.801  1011  1189 D ASH     : @ 270248.981: tcs3701: start power rail timer, state:3
11-25 15:43:16.840  1011  1189 I ASH     : @ 270249.021: tcs3701: stop power rail pending_off timer
11-25 15:43:16.841  1011  1189 D ASH     : @ 270249.021: tcs3701: start power rail timer, state:3
11-25 15:43:16.881  1011  1189 I ASH     : @ 270249.061: tcs3701: stop power rail pending_off timer
11-25 15:43:16.881  1011  1189 D ASH     : @ 270249.061: tcs3701: start power rail timer, state:3
11-25 15:43:16.916 20107 20143 I BatteryMgr:DataCollectionService: stats => 1700923396916,10986,4442,13427,4169000,100
11-25 15:43:16.920  1011  1189 I ASH     : @ 270249.101: tcs3701: stop power rail pending_off timer
11-25 15:43:16.920  1011  1189 D ASH     : @ 270249.101: tcs3701: start power rail timer, state:3
11-25 15:43:16.927 10036 10083 I m.chrome.canary: Explicit concurrent copying GC freed 4573(303KB) AllocSpace objects, 5(100KB) LOS objects, 75% free, 13MB/52MB, paused 143us,30us total 163.223ms
11-25 15:43:16.960  1011  1189 I ASH     : @ 270249.141: tcs3701: stop power rail pending_off timer
11-25 15:43:16.961  1011  1189 D ASH     : @ 270249.141: tcs3701: start power rail timer, state:3
11-25 15:43:17.000  1011  1189 I ASH     : @ 270249.181: tcs3701: stop power rail pending_off timer
11-25 15:43:17.001  1011  1189 D ASH     : @ 270249.181: tcs3701: start power rail timer, state:3
11-25 15:43:17.010  1795  4165 D ActivityManager: freezer override set to false
11-25 15:43:17.033 20107 20143 I BatteryMgr:DataCollectionService: stats => 1700923397033,10986,4442,13427,4169000,100
11-25 15:43:17.041  1011  1189 I ASH     : @ 270249.221: tcs3701: stop power rail pending_off timer
11-25 15:43:17.041  1011  1189 D ASH     : @ 270249.221: tcs3701: start power rail timer, state:3
11-25 15:43:17.065  1795  4165 D ActivityManager: freezer override set to true
11-25 15:43:17.079  1795  4165 D ActivityManager: freezer override set to false
