11-25 15:35:14.625  1011  1189 D ASH     : @ 269766.805: tcs3701: start power rail timer, state:3
11-25 15:35:14.664  1011  1189 I ASH     : @ 269766.845: tcs3701: stop power rail pending_off timer
11-25 15:35:14.664  1011  1189 D ASH     : @ 269766.845: tcs3701: start power rail timer, state:3
11-25 15:35:14.704  1011  1189 I ASH     : @ 269766.885: tcs3701: stop power rail pending_off timer
11-25 15:35:14.704  1011  1189 D ASH     : @ 269766.885: tcs3701: start power rail timer, state:3
11-25 15:35:14.721 20107 20141 I BatteryMgr:DataCollectionService: stats => 1700922914721,7324,4442,13427,4169000,100
11-25 15:35:14.744  1011  1189 I ASH     : @ 269766.925: tcs3701: stop power rail pending_off timer
11-25 15:35:14.744  1011  1189 D ASH     : @ 269766.925: tcs3701: start power rail timer, state:3
11-25 15:35:14.784  1011  1189 I ASH     : @ 269766.965: tcs3701: stop power rail pending_off timer
11-25 15:35:14.784  1011  1189 D ASH     : @ 269766.965: tcs3701: start power rail timer, state:3
11-25 15:35:14.825  1011  1189 I ASH     : @ 269767.005: tcs3701: stop power rail pending_off timer
11-25 15:35:14.825  1011  1189 D ASH     : @ 269767.005: tcs3701: start power rail timer, state:3
11-25 15:35:14.826 20107 20141 I BatteryMgr:DataCollectionService: stats => 1700922914826,7324,4442,13427,4169000,100
11-25 15:35:14.831  1795  3613 D ActivityManager: freezer override set to true
11-25 15:35:14.864  1011  1189 I ASH     : @ 269767.045: tcs3701: stop power rail pending_off timer
11-25 15:35:14.864  1011  1189 D ASH     : @ 269767.045: tcs3701: start power rail timer, state:3
11-25 15:35:14.904  1011  1189 I ASH     : @ 269767.085: tcs3701: stop power rail pending_off timer
11-25 15:35:14.904  1011  1189 D ASH     : @ 269767.085: tcs3701: start power rail timer, state:3
11-25 15:35:14.933 20107 20141 I BatteryMgr:DataCollectionService: stats => 1700922914933,7324,4442,13427,4169000,100
11-25 15:35:14.944  1011  1189 I ASH     : @ 269767.125: tcs3701: stop power rail pending_off timer
11-25 15:35:14.944  1011  1189 D ASH     : @ 269767.125: tcs3701: start power rail timer, state:3
11-25 15:35:14.985  1011  1189 I ASH     : @ 269767.165: tcs3701: stop power rail pending_off timer
11-25 15:35:14.985  1011  1189 D ASH     : @ 269767.165: tcs3701: start power rail timer, state:3
11-25 15:35:15.024  1011  1189 I ASH     : @ 269767.205: tcs3701: stop power rail pending_off timer
11-25 15:35:15.024  1011  1189 D ASH     : @ 269767.205: tcs3701: start power rail timer, state:3
11-25 15:35:15.044 20107 20141 I BatteryMgr:DataCollectionService: stats => 1700922915044,7324,4442,13427,4169000,100
11-25 15:35:15.065  1011  1189 I ASH     : @ 269767.245: tcs3701: stop power rail pending_off timer
11-25 15:35:15.065  1011  1189 D ASH     : @ 269767.245: tcs3701: start power rail timer, state:3
11-25 15:35:15.081 27058 27120 I m.chrome.canary: Explicit concurrent copying GC freed 7988(464KB) AllocSpace objects, 12(560KB) LOS objects, 75% free, 13MB/53MB, paused 66us,24us total 127.833ms
11-25 15:35:15.104  1011  1189 I ASH     : @ 269767.285: tcs3701: stop power rail pending_off timer
11-25 15:35:15.105  1011  1189 D ASH     : @ 269767.285: tcs3701: start power rail timer, state:3
11-25 15:35:15.142  1795  3613 D ActivityManager: freezer override set to false
11-25 15:35:15.145  1011  1189 I ASH     : @ 269767.325: tcs3701: stop power rail pending_off timer
11-25 15:35:15.145  1011  1189 D ASH     : @ 269767.325: tcs3701: start power rail timer, state:3
11-25 15:35:15.149 20107 20141 I BatteryMgr:DataCollectionService: stats => 1700922915149,7324,4442,13427,4169000,100
11-25 15:35:15.184  1011  1189 I ASH     : @ 269767.365: tcs3701: stop power rail pending_off timer
11-25 15:35:15.184  1011  1189 D ASH     : @ 269767.365: tcs3701: start power rail timer, state:3
11-25 15:35:15.194  1795  3613 D ActivityManager: freezer override set to true
11-25 15:35:15.197  1795  3613 D ActivityManager: freezer override set to false
11-25 15:35:15.224  1011  1189 I ASH     : @ 269767.405: tcs3701: stop power rail pending_off timer
11-25 15:35:15.225  1011  1189 D ASH     : @ 269767.405: tcs3701: start power rail timer, state:3
11-25 15:35:15.243  1795  3613 D ActivityManager: freezer override set to true
11-25 15:35:15.245  1795  3613 D ActivityManager: freezer override set to false
11-25 15:35:15.255 20107 20141 I BatteryMgr:DataCollectionService: stats => 1700922915254,7324,4442,13427,4169000,100
11-25 15:35:15.264  1011  1189 I ASH     : @ 269767.445: tcs3701: stop power rail pending_off timer
11-25 15:35:15.264  1011  1189 D ASH     : @ 269767.445: tcs3701: start power rail timer, state:3
11-25 15:35:15.304  1011  1189 I ASH     : @ 269767.485: tcs3701: stop power rail pending_off timer
11-25 15:35:15.304  1011  1189 D ASH     : @ 269767.485: tcs3701: start power rail timer, state:3
11-25 15:35:15.344  1011  1189 I ASH     : @ 269767.525: tcs3701: stop power rail pending_off timer
11-25 15:35:15.344  1011  1189 D ASH     : @ 269767.525: tcs3701: start power rail timer, state:3
11-25 15:35:15.360 20107 20141 I BatteryMgr:DataCollectionService: stats => 1700922915360,7324,4442,13427,4169000,100
11-25 15:35:15.384  1011  1189 I ASH     : @ 269767.565: tcs3701: stop power rail pending_off timer
11-25 15:35:15.384  1011  1189 D ASH     : @ 269767.565: tcs3701: start power rail timer, state:3
11-25 15:35:15.424  1011  1189 I ASH     : @ 269767.605: tcs3701: stop power rail pending_off timer
11-25 15:35:15.424  1011  1189 D ASH     : @ 269767.605: tcs3701: start power rail timer, state:3
11-25 15:35:15.434  1795  2424 D WifiClientModeImpl[13802:wlan0]: updateLinkLayerStatsRssiSpeedFrequencyCapabilities rssi=-45 TxLinkspeed=866 freq=5240 RxLinkSpeed=866
11-25 15:35:15.435  1795  2424 D WifiDataStall: tx tput in kbps: 654878
11-25 15:35:15.435  1795  2424 D WifiDataStall: rx tput in kbps: 808492
11-25 15:35:15.435  1795  2424 V WifiConfigManager: Updating scan detail cache freq=5240 BSSID=f4:6d:2f:12:cc:88 RSSI=-45 for "ourhome"WPA_PSK
11-25 15:35:15.435  2782  5906 D QCNEJ/WlanStaInfoRelay: Received action: android.net.wifi.RSSI_CHANGED
11-25 15:35:15.435  1795  2424 D WifiChannelUtilization:  freq: 5240 onTime: 7697554 busyTime: 721124 onTimeDiff: 106859 busyTimeDiff: 7151 utilization: 17 utilization t0: 23
11-25 15:35:15.435  1795  2424 D WifiDataStall:  ccaLevel = 17
11-25 15:35:15.435  1795  2424 D WifiDataStall: L2 txTputKbps: 727642, rxTputKbps: 808492, L3 txTputKbps: 132, rxTputKbps: 73, TxTrafficHigh: true, RxTrafficHigh: true, Throughput Sufficient: true
11-25 15:35:15.435  2673  4031 V WifiManager: OnWifiUsabilityStatsListener: onWifiUsabilityStats: seqNum=68501
11-25 15:35:15.435  1795  2424 D WifiScoreReport: Wifi scoring disabled - Don't check IP layer
11-25 15:35:15.435  1795  2424 D WifiScoreCard: BSSID update SIGNAL_POLL ID: 1320464697 SSID: "ourhome", BSSID: f4:6d:2f:12:cc:88, MAC: b2:2f:ec:da:4a:0c, IP: /192.168.1.104, Security type: 2, Supplicant state: COMPLETED, Wi-Fi standard: 5, RSSI: -45, Link speed: 866Mbps, Tx Link speed: 866Mbps, Max Supported Tx Link speed: 866Mbps, Rx Link speed: 866Mbps, Max Supported Rx Link speed: 866Mbps, Frequency: 5240MHz, Net ID: 12, Metered hint: false, score: 60, isUsable: true, CarrierMerged: false, SubscriptionId: -1, IsPrimary: 1, Trusted: true, Restricted: false, Ephemeral: false, OEM paid: false, OEM private: false, OSU AP: false, FQDN: <none>, Provider friendly name: <none>, Requesting package name: <none>"ourhome"wpa2-pskMLO Information: , Is TID-To-Link negotiation supported by the AP: false, AP MLD Address: <none>, AP MLO Link Id: <none>, AP MLO Affiliated links: <none>
11-25 15:35:15.435  1795  2424 D WifiScoreCard: txRate: 16 txSpeed: 866
11-25 15:35:15.435  1795  2424 D WifiScoreCard: network update SIGNAL_POLL "ourhome" ID: 1499892569 RSSI -45 txSpeed 866
11-25 15:35:15.436  1795  3613 I WifiService: updateWifiUsabilityScore uid=10180 seqNum=68501 score=100 predictionHorizonSec=1441795
11-25 15:35:15.436  1795  2424 D WifiClientModeImpl[13802:wlan0]:  ClientModeImpl$L2ConnectedState screen=on 33 0 "ourhome" f4:6d:2f:12:cc:88 rssi=-45 f=5240 sc=60 link=866 tx=13.2, 1.7, 0.0 rx=10.9 bcn=2608279 [on:843 tx:9 rx:5 period:3010] from screen [on:121155 period:1828942] score=60
11-25 15:35:15.436  1795  2424 D WifiScoreReport: Wifi scoring disabled - Notify that Wifi is usable
11-25 15:35:15.439  1795  2432 D ConnectivityService: NetReassign [no changes] [c 0] [a 1] [i 1]
11-25 15:35:15.464  1011  1189 I ASH     : @ 269767.645: tcs3701: stop power rail pending_off timer
11-25 15:35:15.464  1011  1189 D ASH     : @ 269767.645: tcs3701: start power rail timer, state:3
11-25 15:35:15.466 20107 20141 I BatteryMgr:DataCollectionService: stats => 1700922915466,7324,4442,13427,4169000,100
11-25 15:35:15.505  1011  1189 I ASH     : @ 269767.685: tcs3701: stop power rail pending_off timer
11-25 15:35:15.505  1011  1189 D ASH     : @ 269767.685: tcs3701: start power rail timer, state:3
11-25 15:35:15.545  1011  1189 I ASH     : @ 269767.725: tcs3701: stop power rail pending_off timer
11-25 15:35:15.545  1011  1189 D ASH     : @ 269767.725: tcs3701: start power rail timer, state:3
11-25 15:35:15.571 20107 20141 I BatteryMgr:DataCollectionService: stats => 1700922915571,7324,4442,13427,4169000,100
11-25 15:35:15.584  1011  1189 I ASH     : @ 269767.765: tcs3701: stop power rail pending_off timer
11-25 15:35:15.584  1011  1189 D ASH     : @ 269767.765: tcs3701: start power rail timer, state:3
11-25 15:35:15.624  1011  1189 I ASH     : @ 269767.805: tcs3701: stop power rail pending_off timer
11-25 15:35:15.624  1011  1189 D ASH     : @ 269767.805: tcs3701: start power rail timer, state:3
11-25 15:35:15.664  1011  1189 I ASH     : @ 269767.845: tcs3701: stop power rail pending_off timer
11-25 15:35:15.664  1011  1189 D ASH     : @ 269767.845: tcs3701: start power rail timer, state:3
11-25 15:35:15.676 20107 20141 I BatteryMgr:DataCollectionService: stats => 1700922915676,7324,4442,13427,4169000,100
11-25 15:35:15.704  1011  1189 I ASH     : @ 269767.885: tcs3701: stop power rail pending_off timer
11-25 15:35:15.704  1011  1189 D ASH     : @ 269767.885: tcs3701: start power rail timer, state:3
11-25 15:35:15.744  1011  1189 I ASH     : @ 269767.925: tcs3701: stop power rail pending_off timer
11-25 15:35:15.744  1011  1189 D ASH     : @ 269767.925: tcs3701: start power rail timer, state:3
11-25 15:35:15.782 20107 20141 I BatteryMgr:DataCollectionService: stats => 1700922915782,7324,4442,13427,4169000,100
11-25 15:35:15.784  1011  1189 I ASH     : @ 269767.965: tcs3701: stop power rail pending_off timer
11-25 15:35:15.784  1011  1189 D ASH     : @ 269767.965: tcs3701: start power rail timer, state:3
11-25 15:35:15.824  1011  1189 I ASH     : @ 269768.005: tcs3701: stop power rail pending_off timer
11-25 15:35:15.824  1011  1189 D ASH     : @ 269768.005: tcs3701: start power rail timer, state:3
11-25 15:35:15.859  1795  3613 D ActivityManager: freezer override set to true
11-25 15:35:15.865  1011  1189 I ASH     : @ 269768.045: tcs3701: stop power rail pending_off timer
11-25 15:35:15.865  1011  1189 D ASH     : @ 269768.045: tcs3701: start power rail timer, state:3
11-25 15:35:15.874  1795  3613 D ActivityManager: freezer override set to false
11-25 15:35:15.889 20107 20141 I BatteryMgr:DataCollectionService: stats => 1700922915889,7324,4442,13427,4169000,100
11-25 15:35:15.905  1011  1189 I ASH     : @ 269768.085: tcs3701: stop power rail pending_off timer
11-25 15:35:15.905  1011  1189 D ASH     : @ 269768.085: tcs3701: start power rail timer, state:3
11-25 15:35:15.944  1011  1189 I ASH     : @ 269768.125: tcs3701: stop power rail pending_off timer
11-25 15:35:15.944  1011  1189 D ASH     : @ 269768.125: tcs3701: start power rail timer, state:3
11-25 15:35:15.984  1011  1189 I ASH     : @ 269768.165: tcs3701: stop power rail pending_off timer
11-25 15:35:15.984  1011  1189 D ASH     : @ 269768.165: tcs3701: start power rail timer, state:3
11-25 15:35:15.994 20107 20141 I BatteryMgr:DataCollectionService: stats => 1700922915994,7324,4442,13427,4169000,100
11-25 15:35:16.024  1011  1189 I ASH     : @ 269768.205: tcs3701: stop power rail pending_off timer
11-25 15:35:16.024  1011  1189 D ASH     : @ 269768.205: tcs3701: start power rail timer, state:3
11-25 15:35:16.064  1011  1189 I ASH     : @ 269768.245: tcs3701: stop power rail pending_off timer
11-25 15:35:16.064  1011  1189 D ASH     : @ 269768.245: tcs3701: start power rail timer, state:3
11-25 15:35:16.101 20107 20141 I BatteryMgr:DataCollectionService: stats => 1700922916101,7324,4442,13427,4169000,100
11-25 15:35:16.104  1011  1189 I ASH     : @ 269768.285: tcs3701: stop power rail pending_off timer
11-25 15:35:16.104  1011  1189 D ASH     : @ 269768.285: tcs3701: start power rail timer, state:3
11-25 15:35:16.144  1011  1189 I ASH     : @ 269768.325: tcs3701: stop power rail pending_off timer
11-25 15:35:16.144  1011  1189 D ASH     : @ 269768.325: tcs3701: start power rail timer, state:3
11-25 15:35:16.184  1011  1189 I ASH     : @ 269768.365: tcs3701: stop power rail pending_off timer
11-25 15:35:16.184  1011  1189 D ASH     : @ 269768.365: tcs3701: start power rail timer, state:3
11-25 15:35:16.202  2113  2118 I pixel-thermal: skin-therm-monitor: 36.338
11-25 15:35:16.216 20107 20141 I BatteryMgr:DataCollectionService: stats => 1700922916216,7324,4442,13427,4169000,100
11-25 15:35:16.224  1011  1189 I ASH     : @ 269768.405: tcs3701: stop power rail pending_off timer
11-25 15:35:16.224  1011  1189 D ASH     : @ 269768.405: tcs3701: start power rail timer, state:3
11-25 15:35:16.264  1011  1189 I ASH     : @ 269768.445: tcs3701: stop power rail pending_off timer
11-25 15:35:16.265  1011  1189 D ASH     : @ 269768.445: tcs3701: start power rail timer, state:3
11-25 15:35:16.304  1011  1189 I ASH     : @ 269768.485: tcs3701: stop power rail pending_off timer
11-25 15:35:16.304  1011  1189 D ASH     : @ 269768.485: tcs3701: start power rail timer, state:3
11-25 15:35:16.330 20107 20141 I BatteryMgr:DataCollectionService: stats => 1700922916330,7324,4442,13427,4169000,100
11-25 15:35:16.344  1011  1189 I ASH     : @ 269768.525: tcs3701: stop power rail pending_off timer
11-25 15:35:16.344  1011  1189 D ASH     : @ 269768.525: tcs3701: start power rail timer, state:3
11-25 15:35:16.384  1011  1189 I ASH     : @ 269768.565: tcs3701: stop power rail pending_off timer
11-25 15:35:16.385  1011  1189 D ASH     : @ 269768.565: tcs3701: start power rail timer, state:3
11-25 15:35:16.424  1011  1189 I ASH     : @ 269768.605: tcs3701: stop power rail pending_off timer
11-25 15:35:16.424  1011  1189 D ASH     : @ 269768.605: tcs3701: start power rail timer, state:3
11-25 15:35:16.444 20107 20141 I BatteryMgr:DataCollectionService: stats => 1700922916444,7324,4442,13427,4169000,100
11-25 15:35:16.464  1011  1189 I ASH     : @ 269768.645: tcs3701: stop power rail pending_off timer
11-25 15:35:16.464  1011  1189 D ASH     : @ 269768.645: tcs3701: start power rail timer, state:3
11-25 15:35:16.504  1011  1189 I ASH     : @ 269768.685: tcs3701: stop power rail pending_off timer
11-25 15:35:16.504  1011  1189 D ASH     : @ 269768.685: tcs3701: start power rail timer, state:3
11-25 15:35:16.515  1795  3613 D ActivityManager: freezer override set to true
11-25 15:35:16.544  1011  1189 I ASH     : @ 269768.725: tcs3701: stop power rail pending_off timer
11-25 15:35:16.544  1011  1189 D ASH     : @ 269768.725: tcs3701: start power rail timer, state:3
11-25 15:35:16.558 20107 20141 I BatteryMgr:DataCollectionService: stats => 1700922916558,7324,4442,13427,4169000,100
11-25 15:35:16.584  1011  1189 I ASH     : @ 269768.765: tcs3701: stop power rail pending_off timer
11-25 15:35:16.584  1011  1189 D ASH     : @ 269768.765: tcs3701: start power rail timer, state:3
11-25 15:35:16.624  1011  1189 I ASH     : @ 269768.805: tcs3701: stop power rail pending_off timer
11-25 15:35:16.624  1011  1189 D ASH     : @ 269768.805: tcs3701: start power rail timer, state:3
11-25 15:35:16.664  1011  1189 I ASH     : @ 269768.845: tcs3701: stop power rail pending_off timer
11-25 15:35:16.664  1011  1189 D ASH     : @ 269768.845: tcs3701: start power rail timer, state:3
11-25 15:35:16.665 20107 20141 I BatteryMgr:DataCollectionService: stats => 1700922916665,7324,4442,13427,4169000,100
11-25 15:35:16.704  1011  1189 I ASH     : @ 269768.885: tcs3701: stop power rail pending_off timer
11-25 15:35:16.705  1011  1189 D ASH     : @ 269768.885: tcs3701: start power rail timer, state:3
11-25 15:35:16.744  1011  1189 I ASH     : @ 269768.925: tcs3701: stop power rail pending_off timer
11-25 15:35:16.744  1011  1189 D ASH     : @ 269768.925: tcs3701: start power rail timer, state:3
11-25 15:35:16.772 20107 20141 I BatteryMgr:DataCollectionService: stats => 1700922916772,7324,4442,13427,4169000,100
11-25 15:35:16.788  1011  1189 I ASH     : @ 269768.965: tcs3701: stop power rail pending_off timer
11-25 15:35:16.788  1011  1189 D ASH     : @ 269768.965: tcs3701: start power rail timer, state:3
11-25 15:35:16.823 27058 27120 I m.chrome.canary: Explicit concurrent copying GC freed 3914(208KB) AllocSpace objects, 4(80KB) LOS objects, 75% free, 13MB/53MB, paused 79us,24us total 121.406ms
11-25 15:35:16.825  1011  1189 I ASH     : @ 269769.005: tcs3701: stop power rail pending_off timer
11-25 15:35:16.825  1011  1189 D ASH     : @ 269769.005: tcs3701: start power rail timer, state:3
11-25 15:35:16.864  1011  1189 I ASH     : @ 269769.045: tcs3701: stop power rail pending_off timer
11-25 15:35:16.864  1011  1189 D ASH     : @ 269769.045: tcs3701: start power rail timer, state:3
11-25 15:35:16.885 20107 20141 I BatteryMgr:DataCollectionService: stats => 1700922916885,7324,4442,13427,4169000,100
11-25 15:35:16.904  1011  1189 I ASH     : @ 269769.085: tcs3701: stop power rail pending_off timer
11-25 15:35:16.904  1011  1189 D ASH     : @ 269769.085: tcs3701: start power rail timer, state:3
11-25 15:35:16.944  1011  1189 I ASH     : @ 269769.125: tcs3701: stop power rail pending_off timer
11-25 15:35:16.945  1011  1189 D ASH     : @ 269769.125: tcs3701: start power rail timer, state:3
11-25 15:35:16.966  1795  3324 D ActivityManager: freezer override set to false
11-25 15:35:16.984  1011  1189 I ASH     : @ 269769.165: tcs3701: stop power rail pending_off timer
11-25 15:35:16.984  1011  1189 D ASH     : @ 269769.165: tcs3701: start power rail timer, state:3
11-25 15:35:17.003 20107 20141 I BatteryMgr:DataCollectionService: stats => 1700922917003,7324,4442,13427,4169000,100
11-25 15:35:17.024  1011  1189 I ASH     : @ 269769.205: tcs3701: stop power rail pending_off timer
11-25 15:35:17.024  1011  1189 D ASH     : @ 269769.205: tcs3701: start power rail timer, state:3
11-25 15:35:17.063  1795  3324 D ActivityManager: freezer override set to true
11-25 15:35:17.064  1011  1189 I ASH     : @ 269769.245: tcs3701: stop power rail pending_off timer
11-25 15:35:17.064  1011  1189 D ASH     : @ 269769.245: tcs3701: start power rail timer, state:3
11-25 15:35:17.077  1795  3324 D ActivityManager: freezer override set to false
11-25 15:35:17.104  1011  1189 I ASH     : @ 269769.285: tcs3701: stop power rail pending_off timer
11-25 15:35:17.104  1011  1189 D ASH     : @ 269769.285: tcs3701: start power rail timer, state:3
11-25 15:35:17.118 20107 20141 I BatteryMgr:DataCollectionService: stats => 1700922917117,12512,4442,13427,4169000,100
11-25 15:35:17.144  1011  1189 I ASH     : @ 269769.325: tcs3701: stop power rail pending_off timer
11-25 15:35:17.144  1011  1189 D ASH     : @ 269769.325: tcs3701: start power rail timer, state:3
11-25 15:35:17.184  1795  3324 D ActivityManager: freezer override set to true
11-25 15:35:17.184  1011  1189 I ASH     : @ 269769.365: tcs3701: stop power rail pending_off timer
11-25 15:35:17.184  1011  1189 D ASH     : @ 269769.365: tcs3701: start power rail timer, state:3
11-25 15:35:17.188  1795  3324 D ActivityManager: freezer override set to false
11-25 15:35:17.224  1011  1189 I ASH     : @ 269769.405: tcs3701: stop power rail pending_off timer
11-25 15:35:17.224  1011  1189 D ASH     : @ 269769.405: tcs3701: start power rail timer, state:3
11-25 15:35:17.230 20107 20141 I BatteryMgr:DataCollectionService: stats => 1700922917230,12512,4442,13427,4169000,100
11-25 15:35:17.264  1011  1189 I ASH     : @ 269769.445: tcs3701: stop power rail pending_off timer
11-25 15:35:17.264  1011  1189 D ASH     : @ 269769.445: tcs3701: start power rail timer, state:3
11-25 15:35:17.304  1011  1189 I ASH     : @ 269769.485: tcs3701: stop power rail pending_off timer
11-25 15:35:17.304  1011  1189 D ASH     : @ 269769.485: tcs3701: start power rail timer, state:3
11-25 15:35:17.337 20107 20141 I BatteryMgr:DataCollectionService: stats => 1700922917337,12512,4442,13427,4169000,100
11-25 15:35:17.344  1011  1189 I ASH     : @ 269769.525: tcs3701: stop power rail pending_off timer
11-25 15:35:17.344  1011  1189 D ASH     : @ 269769.525: tcs3701: start power rail timer, state:3
11-25 15:35:17.384  1011  1189 I ASH     : @ 269769.565: tcs3701: stop power rail pending_off timer
11-25 15:35:17.384  1011  1189 D ASH     : @ 269769.565: tcs3701: start power rail timer, state:3
11-25 15:35:17.424  1011  1189 I ASH     : @ 269769.605: tcs3701: stop power rail pending_off timer
11-25 15:35:17.424  1011  1189 D ASH     : @ 269769.605: tcs3701: start power rail timer, state:3
11-25 15:35:17.443 20107 20141 I BatteryMgr:DataCollectionService: stats => 1700922917442,12512,4442,13427,4169000,100
11-25 15:35:17.464  1011  1189 I ASH     : @ 269769.645: tcs3701: stop power rail pending_off timer
11-25 15:35:17.464  1011  1189 D ASH     : @ 269769.645: tcs3701: start power rail timer, state:3
11-25 15:35:17.504  1011  1189 I ASH     : @ 269769.685: tcs3701: stop power rail pending_off timer
11-25 15:35:17.504  1011  1189 D ASH     : @ 269769.685: tcs3701: start power rail timer, state:3
11-25 15:35:17.532  1795  3324 D ActivityManager: freezer override set to true
11-25 15:35:17.544  1011  1189 I ASH     : @ 269769.725: tcs3701: stop power rail pending_off timer
11-25 15:35:17.544  1011  1189 D ASH     : @ 269769.725: tcs3701: start power rail timer, state:3
11-25 15:35:17.576 20107 20141 I BatteryMgr:DataCollectionService: stats => 1700922917554,12512,4442,13427,4169000,100
11-25 15:35:17.584  1011  1189 I ASH     : @ 269769.765: tcs3701: stop power rail pending_off timer
11-25 15:35:17.584  1011  1189 D ASH     : @ 269769.765: tcs3701: start power rail timer, state:3
11-25 15:35:17.624  1011  1189 I ASH     : @ 269769.805: tcs3701: stop power rail pending_off timer
11-25 15:35:17.624  1011  1189 D ASH     : @ 269769.805: tcs3701: start power rail timer, state:3
11-25 15:35:17.664  1011  1189 I ASH     : @ 269769.845: tcs3701: stop power rail pending_off timer
11-25 15:35:17.664  1011  1189 D ASH     : @ 269769.845: tcs3701: start power rail timer, state:3
11-25 15:35:17.693 20107 20141 I BatteryMgr:DataCollectionService: stats => 1700922917692,12512,4442,13427,4169000,100
11-25 15:35:17.704  1011  1189 I ASH     : @ 269769.885: tcs3701: stop power rail pending_off timer
11-25 15:35:17.704  1011  1189 D ASH     : @ 269769.885: tcs3701: start power rail timer, state:3
11-25 15:35:17.745  1011  1189 I ASH     : @ 269769.925: tcs3701: stop power rail pending_off timer
11-25 15:35:17.745  1011  1189 D ASH     : @ 269769.925: tcs3701: start power rail timer, state:3
11-25 15:35:17.784  1011  1189 I ASH     : @ 269769.965: tcs3701: stop power rail pending_off timer
11-25 15:35:17.784  1011  1189 D ASH     : @ 269769.965: tcs3701: start power rail timer, state:3
11-25 15:35:17.801 20107 20141 I BatteryMgr:DataCollectionService: stats => 1700922917801,12512,4442,13427,4169000,100
11-25 15:35:17.801 27058 27120 I m.chrome.canary: Explicit concurrent copying GC freed 3804(192KB) AllocSpace objects, 4(80KB) LOS objects, 75% free, 13MB/53MB, paused 34us,28us total 80.088ms
11-25 15:35:17.824  1011  1189 I ASH     : @ 269770.005: tcs3701: stop power rail pending_off timer
11-25 15:35:17.824  1011  1189 D ASH     : @ 269770.005: tcs3701: start power rail timer, state:3
11-25 15:35:17.864  1011  1189 I ASH     : @ 269770.045: tcs3701: stop power rail pending_off timer
11-25 15:35:17.864  1011  1189 D ASH     : @ 269770.045: tcs3701: start power rail timer, state:3
11-25 15:35:17.904  1011  1189 I ASH     : @ 269770.085: tcs3701: stop power rail pending_off timer
11-25 15:35:17.904  1011  1189 D ASH     : @ 269770.085: tcs3701: start power rail timer, state:3
11-25 15:35:17.915  1795  3613 D ActivityManager: freezer override set to false
11-25 15:35:17.919 20107 20141 I BatteryMgr:DataCollectionService: stats => 1700922917918,12512,4442,13427,4169000,100
11-25 15:35:17.944  1011  1189 I ASH     : @ 269770.125: tcs3701: stop power rail pending_off timer
11-25 15:35:17.944  1011  1189 D ASH     : @ 269770.125: tcs3701: start power rail timer, state:3
11-25 15:35:17.984  1011  1189 I ASH     : @ 269770.165: tcs3701: stop power rail pending_off timer
11-25 15:35:17.985  1011  1189 D ASH     : @ 269770.165: tcs3701: start power rail timer, state:3
11-25 15:35:18.008  1795  3613 D ActivityManager: freezer override set to true
11-25 15:35:18.019  1795  3613 D ActivityManager: freezer override set to false
11-25 15:35:18.024  1011  1189 I ASH     : @ 269770.205: tcs3701: stop power rail pending_off timer
11-25 15:35:18.024  1011  1189 D ASH     : @ 269770.205: tcs3701: start power rail timer, state:3
11-25 15:35:18.030 20107 20141 I BatteryMgr:DataCollectionService: stats => 1700922918030,12512,4442,13427,4169000,100
11-25 15:35:18.064  1011  1189 I ASH     : @ 269770.245: tcs3701: stop power rail pending_off timer
11-25 15:35:18.064  1011  1189 D ASH     : @ 269770.245: tcs3701: start power rail timer, state:3
11-25 15:35:18.096  1795  3613 D ActivityManager: freezer override set to true
11-25 15:35:18.104  1011  1189 I ASH     : @ 269770.285: tcs3701: stop power rail pending_off timer
11-25 15:35:18.104  1011  1189 D ASH     : @ 269770.285: tcs3701: start power rail timer, state:3
11-25 15:35:18.104  1795  3613 D ActivityManager: freezer override set to false
11-25 15:35:18.144  1011  1189 I ASH     : @ 269770.325: tcs3701: stop power rail pending_off timer
11-25 15:35:18.144  1011  1189 D ASH     : @ 269770.325: tcs3701: start power rail timer, state:3
11-25 15:35:18.173 20107 20141 I BatteryMgr:DataCollectionService: stats => 1700922918172,12512,4442,13427,4169000,100
11-25 15:35:18.184  1011  1189 I ASH     : @ 269770.365: tcs3701: stop power rail pending_off timer
11-25 15:35:18.184  1011  1189 D ASH     : @ 269770.365: tcs3701: start power rail timer, state:3
11-25 15:35:18.206  2113  2118 I pixel-thermal: skin-therm-monitor: 36.395
11-25 15:35:18.224  1011  1189 I ASH     : @ 269770.405: tcs3701: stop power rail pending_off timer
11-25 15:35:18.224  1011  1189 D ASH     : @ 269770.405: tcs3701: start power rail timer, state:3
11-25 15:35:18.264  1011  1189 I ASH     : @ 269770.445: tcs3701: stop power rail pending_off timer
11-25 15:35:18.264  1011  1189 D ASH     : @ 269770.445: tcs3701: start power rail timer, state:3
11-25 15:35:18.279 20107 20141 I BatteryMgr:DataCollectionService: stats => 1700922918278,12512,4442,13427,4169000,100
11-25 15:35:18.305  1011  1189 I ASH     : @ 269770.485: tcs3701: stop power rail pending_off timer
11-25 15:35:18.305  1011  1189 D ASH     : @ 269770.485: tcs3701: start power rail timer, state:3
11-25 15:35:18.345  1011  1189 I ASH     : @ 269770.525: tcs3701: stop power rail pending_off timer
11-25 15:35:18.345  1011  1189 D ASH     : @ 269770.525: tcs3701: start power rail timer, state:3
11-25 15:35:18.384  1011  1189 I ASH     : @ 269770.565: tcs3701: stop power rail pending_off timer
11-25 15:35:18.385  1011  1189 D ASH     : @ 269770.565: tcs3701: start power rail timer, state:3
11-25 15:35:18.392 20107 20141 I BatteryMgr:DataCollectionService: stats => 1700922918392,12512,4442,13427,4169000,100
11-25 15:35:18.425  1011  1189 I ASH     : @ 269770.605: tcs3701: stop power rail pending_off timer
11-25 15:35:18.425  1011  1189 D ASH     : @ 269770.605: tcs3701: start power rail timer, state:3
11-25 15:35:18.447  1795  2424 D WifiClientModeImpl[13802:wlan0]: updateLinkLayerStatsRssiSpeedFrequencyCapabilities rssi=-44 TxLinkspeed=866 freq=5240 RxLinkSpeed=866
11-25 15:35:18.452  2782  5906 D QCNEJ/WlanStaInfoRelay: Received action: android.net.wifi.RSSI_CHANGED
11-25 15:35:18.453  1795  2424 D WifiDataStall: tx tput in kbps: 727642
11-25 15:35:18.453  1795  2424 D WifiDataStall: rx tput in kbps: 808492
11-25 15:35:18.453  1795  2424 V WifiConfigManager: Updating scan detail cache freq=5240 BSSID=f4:6d:2f:12:cc:88 RSSI=-44 for "ourhome"WPA_PSK
11-25 15:35:18.453  1795  2424 D WifiChannelUtilization:  freq: 5240 onTime: 7697857 busyTime: 721142 onTimeDiff: 107162 busyTimeDiff: 7169 utilization: 17 utilization t0: 23
11-25 15:35:18.453  1795  2424 D WifiDataStall:  ccaLevel = 17
11-25 15:35:18.453  1795  2424 D WifiDataStall: L2 txTputKbps: 768067, rxTputKbps: 808492, L3 txTputKbps: 11, rxTputKbps: 1, TxTrafficHigh: false, RxTrafficHigh: false, Throughput Sufficient: true
11-25 15:35:18.453  2673  4031 V WifiManager: OnWifiUsabilityStatsListener: onWifiUsabilityStats: seqNum=68502
11-25 15:35:18.453  1795  2424 D WifiScoreReport: Wifi scoring disabled - Don't check IP layer
11-25 15:35:18.454  1795  2424 D WifiScoreCard: BSSID update SIGNAL_POLL ID: 1320464697 SSID: "ourhome", BSSID: f4:6d:2f:12:cc:88, MAC: b2:2f:ec:da:4a:0c, IP: /192.168.1.104, Security type: 2, Supplicant state: COMPLETED, Wi-Fi standard: 5, RSSI: -44, Link speed: 866Mbps, Tx Link speed: 866Mbps, Max Supported Tx Link speed: 866Mbps, Rx Link speed: 866Mbps, Max Supported Rx Link speed: 866Mbps, Frequency: 5240MHz, Net ID: 12, Metered hint: false, score: 60, isUsable: true, CarrierMerged: false, SubscriptionId: -1, IsPrimary: 1, Trusted: true, Restricted: false, Ephemeral: false, OEM paid: false, OEM private: false, OSU AP: false, FQDN: <none>, Provider friendly name: <none>, Requesting package name: <none>"ourhome"wpa2-pskMLO Information: , Is TID-To-Link negotiation supported by the AP: false, AP MLD Address: <none>, AP MLO Link Id: <none>, AP MLO Affiliated links: <none>
11-25 15:35:18.454  1795  2424 D WifiScoreCard: txRate: 7 txSpeed: 866
11-25 15:35:18.454  1795  2424 D WifiScoreCard: network update SIGNAL_POLL "ourhome" ID: 1499892569 RSSI -44 txSpeed 866
11-25 15:35:18.454  1795  2735 I WifiService: updateWifiUsabilityScore uid=10180 seqNum=68502 score=100 predictionHorizonSec=1441795
11-25 15:35:18.454  1795  2424 D WifiClientModeImpl[13802:wlan0]:  ClientModeImpl$L2ConnectedState screen=on 33 0 "ourhome" f4:6d:2f:12:cc:88 rssi=-44 f=5240 sc=60 link=866 tx=5.7, 0.6, 0.0 rx=4.8 bcn=2608309 [on:303 tx:1 rx:3 period:3018] from screen [on:121458 period:1831960] score=60
11-25 15:35:18.460  1795  2424 D WifiScoreReport: Wifi scoring disabled - Notify that Wifi is usable
11-25 15:35:18.462  1795  2432 D ConnectivityService: NetReassign [no changes] [c 0] [a 0] [i 2]
11-25 15:35:18.464  1011  1189 I ASH     : @ 269770.645: tcs3701: stop power rail pending_off timer
11-25 15:35:18.464  1011  1189 D ASH     : @ 269770.645: tcs3701: start power rail timer, state:3
11-25 15:35:18.501 20107 20141 I BatteryMgr:DataCollectionService: stats => 1700922918501,12512,4442,13427,4169000,100
11-25 15:35:18.504  1011  1189 I ASH     : @ 269770.685: tcs3701: stop power rail pending_off timer
11-25 15:35:18.504  1011  1189 D ASH     : @ 269770.685: tcs3701: start power rail timer, state:3
11-25 15:35:18.544  1011  1189 I ASH     : @ 269770.725: tcs3701: stop power rail pending_off timer
11-25 15:35:18.544  1011  1189 D ASH     : @ 269770.725: tcs3701: start power rail timer, state:3
11-25 15:35:18.585  1011  1189 I ASH     : @ 269770.765: tcs3701: stop power rail pending_off timer
11-25 15:35:18.585  1011  1189 D ASH     : @ 269770.765: tcs3701: start power rail timer, state:3
11-25 15:35:18.609 20107 20141 I BatteryMgr:DataCollectionService: stats => 1700922918609,12512,4442,13427,4169000,100
11-25 15:35:18.625  1011  1189 I ASH     : @ 269770.805: tcs3701: stop power rail pending_off timer
11-25 15:35:18.625  1011  1189 D ASH     : @ 269770.805: tcs3701: start power rail timer, state:3
11-25 15:35:18.664  1011  1189 I ASH     : @ 269770.845: tcs3701: stop power rail pending_off timer
11-25 15:35:18.664  1011  1189 D ASH     : @ 269770.845: tcs3701: start power rail timer, state:3
11-25 15:35:18.704  1011  1189 I ASH     : @ 269770.885: tcs3701: stop power rail pending_off timer
11-25 15:35:18.704  1011  1189 D ASH     : @ 269770.885: tcs3701: start power rail timer, state:3
11-25 15:35:18.723 20107 20141 I BatteryMgr:DataCollectionService: stats => 1700922918723,12512,4442,13427,4169000,100
11-25 15:35:18.746  1011  1189 I ASH     : @ 269770.925: tcs3701: stop power rail pending_off timer
11-25 15:35:18.746  1011  1189 D ASH     : @ 269770.925: tcs3701: start power rail timer, state:3
11-25 15:35:18.784  1011  1189 I ASH     : @ 269770.965: tcs3701: stop power rail pending_off timer
11-25 15:35:18.784  1011  1189 D ASH     : @ 269770.965: tcs3701: start power rail timer, state:3
11-25 15:35:18.825  1011  1189 I ASH     : @ 269771.005: tcs3701: stop power rail pending_off timer
11-25 15:35:18.825  1011  1189 D ASH     : @ 269771.005: tcs3701: start power rail timer, state:3
11-25 15:35:18.841 20107 20141 I BatteryMgr:DataCollectionService: stats => 1700922918840,12512,4442,13427,4169000,100
11-25 15:35:18.864  1011  1189 I ASH     : @ 269771.045: tcs3701: stop power rail pending_off timer
11-25 15:35:18.864  1011  1189 D ASH     : @ 269771.045: tcs3701: start power rail timer, state:3
11-25 15:35:18.895  1795  2735 D ActivityManager: freezer override set to true
11-25 15:35:18.903  1795  2735 D ActivityManager: freezer override set to false
11-25 15:35:18.905  1011  1189 I ASH     : @ 269771.085: tcs3701: stop power rail pending_off timer
11-25 15:35:18.905  1011  1189 D ASH     : @ 269771.085: tcs3701: start power rail timer, state:3
11-25 15:35:18.944  1011  1189 I ASH     : @ 269771.125: tcs3701: stop power rail pending_off timer
11-25 15:35:18.944  1011  1189 D ASH     : @ 269771.125: tcs3701: start power rail timer, state:3
11-25 15:35:18.952 20107 20141 I BatteryMgr:DataCollectionService: stats => 1700922918952,12512,4442,13427,4169000,100
11-25 15:35:18.984  1011  1189 I ASH     : @ 269771.165: tcs3701: stop power rail pending_off timer
11-25 15:35:18.984  1011  1189 D ASH     : @ 269771.165: tcs3701: start power rail timer, state:3
11-25 15:35:19.024  1011  1189 I ASH     : @ 269771.205: tcs3701: stop power rail pending_off timer
11-25 15:35:19.024  1011  1189 D ASH     : @ 269771.205: tcs3701: start power rail timer, state:3
11-25 15:35:19.063 20107 20141 I BatteryMgr:DataCollectionService: stats => 1700922919063,12512,4442,13427,4169000,100
11-25 15:35:19.065  1011  1189 I ASH     : @ 269771.245: tcs3701: stop power rail pending_off timer
11-25 15:35:19.065  1011  1189 D ASH     : @ 269771.245: tcs3701: start power rail timer, state:3
11-25 15:35:19.104  1011  1189 I ASH     : @ 269771.285: tcs3701: stop power rail pending_off timer
11-25 15:35:19.104  1011  1189 D ASH     : @ 269771.285: tcs3701: start power rail timer, state:3
11-25 15:35:19.150  1011  1189 I ASH     : @ 269771.325: tcs3701: stop power rail pending_off timer
11-25 15:35:19.150  1011  1189 D ASH     : @ 269771.325: tcs3701: start power rail timer, state:3
11-25 15:35:19.174 20107 20141 I BatteryMgr:DataCollectionService: stats => 1700922919174,12512,4442,13427,4169000,100
11-25 15:35:19.184  1011  1189 I ASH     : @ 269771.365: tcs3701: stop power rail pending_off timer
11-25 15:35:19.184  1011  1189 D ASH     : @ 269771.365: tcs3701: start power rail timer, state:3
11-25 15:35:19.224  1011  1189 I ASH     : @ 269771.405: tcs3701: stop power rail pending_off timer
11-25 15:35:19.225  1011  1189 D ASH     : @ 269771.405: tcs3701: start power rail timer, state:3
11-25 15:35:19.264  1011  1189 I ASH     : @ 269771.445: tcs3701: stop power rail pending_off timer
11-25 15:35:19.264  1011  1189 D ASH     : @ 269771.445: tcs3701: start power rail timer, state:3
11-25 15:35:19.291 20107 20141 I BatteryMgr:DataCollectionService: stats => 1700922919291,12512,4442,13427,4169000,100
11-25 15:35:19.304  1011  1189 I ASH     : @ 269771.485: tcs3701: stop power rail pending_off timer
11-25 15:35:19.304  1011  1189 D ASH     : @ 269771.485: tcs3701: start power rail timer, state:3
11-25 15:35:19.344  1011  1189 I ASH     : @ 269771.525: tcs3701: stop power rail pending_off timer
11-25 15:35:19.344  1011  1189 D ASH     : @ 269771.525: tcs3701: start power rail timer, state:3
11-25 15:35:19.351  1795  3324 D ActivityManager: freezer override set to true
11-25 15:35:19.384  1011  1189 I ASH     : @ 269771.565: tcs3701: stop power rail pending_off timer
11-25 15:35:19.384  1011  1189 D ASH     : @ 269771.565: tcs3701: start power rail timer, state:3
11-25 15:35:19.401 20107 20141 I BatteryMgr:DataCollectionService: stats => 1700922919401,12512,4442,13427,4169000,100
11-25 15:35:19.424  1011  1189 I ASH     : @ 269771.605: tcs3701: stop power rail pending_off timer
11-25 15:35:19.424  1011  1189 D ASH     : @ 269771.605: tcs3701: start power rail timer, state:3
11-25 15:35:19.464  1011  1189 I ASH     : @ 269771.645: tcs3701: stop power rail pending_off timer
11-25 15:35:19.464  1011  1189 D ASH     : @ 269771.645: tcs3701: start power rail timer, state:3
11-25 15:35:19.504  1011  1189 I ASH     : @ 269771.685: tcs3701: stop power rail pending_off timer
11-25 15:35:19.504  1011  1189 D ASH     : @ 269771.685: tcs3701: start power rail timer, state:3
11-25 15:35:19.520 20107 20141 I BatteryMgr:DataCollectionService: stats => 1700922919520,12512,4442,13427,4169000,100
11-25 15:35:19.528 27058 27120 I m.chrome.canary: Explicit concurrent copying GC freed 4069(207KB) AllocSpace objects, 5(100KB) LOS objects, 75% free, 13MB/53MB, paused 142us,24us total 103.704ms
11-25 15:35:19.544  1011  1189 I ASH     : @ 269771.725: tcs3701: stop power rail pending_off timer
11-25 15:35:19.544  1011  1189 D ASH     : @ 269771.725: tcs3701: start power rail timer, state:3
11-25 15:35:19.585  1011  1189 I ASH     : @ 269771.765: tcs3701: stop power rail pending_off timer
11-25 15:35:19.585  1011  1189 D ASH     : @ 269771.765: tcs3701: start power rail timer, state:3
11-25 15:35:19.597  1795  3324 D ActivityManager: freezer override set to false
11-25 15:35:19.624  1011  1189 I ASH     : @ 269771.805: tcs3701: stop power rail pending_off timer
11-25 15:35:19.624  1011  1189 D ASH     : @ 269771.805: tcs3701: start power rail timer, state:3
11-25 15:35:19.626 20107 20141 I BatteryMgr:DataCollectionService: stats => 1700922919626,12512,4442,13427,4169000,100
11-25 15:35:19.660  1795  2735 D ActivityManager: freezer override set to true
11-25 15:35:19.664  1011  1189 I ASH     : @ 269771.845: tcs3701: stop power rail pending_off timer
11-25 15:35:19.664  1011  1189 D ASH     : @ 269771.845: tcs3701: start power rail timer, state:3
11-25 15:35:19.662 27914 27914 W linker64: type=1400 audit(0.0:5951): avc: denied { search } for name="tests" dev="dm-40" ino=74197 scontext=u:r:untrusted_app:s0:c10,c256,c512,c768 tcontext=u:object_r:shell_test_data_file:s0 tclass=dir permissive=0 app=com.chrome.canary
11-25 15:35:19.662 27914 27914 W linker64: type=1400 audit(0.0:5952): avc: denied { search } for name="tests" dev="dm-40" ino=74197 scontext=u:r:untrusted_app:s0:c10,c256,c512,c768 tcontext=u:object_r:shell_test_data_file:s0 tclass=dir permissive=0 app=com.chrome.canary
11-25 15:35:19.662 27914 27914 W linker64: type=1400 audit(0.0:5953): avc: denied { search } for name="tests" dev="dm-40" ino=74197 scontext=u:r:untrusted_app:s0:c10,c256,c512,c768 tcontext=u:object_r:shell_test_data_file:s0 tclass=dir permissive=0 app=com.chrome.canary
11-25 15:35:19.662 27914 27914 W linker64: type=1400 audit(0.0:5954): avc: denied { search } for name="tests" dev="dm-40" ino=74197 scontext=u:r:untrusted_app:s0:c10,c256,c512,c768 tcontext=u:object_r:shell_test_data_file:s0 tclass=dir permissive=0 app=com.chrome.canary
11-25 15:35:19.671  1795  2735 D ActivityManager: freezer override set to false
11-25 15:35:19.704  1011  1189 I ASH     : @ 269771.885: tcs3701: stop power rail pending_off timer
11-25 15:35:19.704  1011  1189 D ASH     : @ 269771.885: tcs3701: start power rail timer, state:3
11-25 15:35:19.731  1795  3324 D ActivityManager: freezer override set to true
11-25 15:35:19.736 20107 20141 I BatteryMgr:DataCollectionService: stats => 1700922919735,12512,4442,13427,4169000,100
11-25 15:35:19.737  1795  3324 D ActivityManager: freezer override set to false
11-25 15:35:19.744  1011  1189 I ASH     : @ 269771.925: tcs3701: stop power rail pending_off timer
11-25 15:35:19.744  1011  1189 D ASH     : @ 269771.925: tcs3701: start power rail timer, state:3
11-25 15:35:19.784  1011  1189 I ASH     : @ 269771.965: tcs3701: stop power rail pending_off timer
11-25 15:35:19.785  1011  1189 D ASH     : @ 269771.965: tcs3701: start power rail timer, state:3
11-25 15:35:19.824  1011  1189 I ASH     : @ 269772.005: tcs3701: stop power rail pending_off timer
11-25 15:35:19.824  1011  1189 D ASH     : @ 269772.005: tcs3701: start power rail timer, state:3
11-25 15:35:19.844 20107 20141 I BatteryMgr:DataCollectionService: stats => 1700922919844,12512,4442,13427,4169000,100
11-25 15:35:19.864  1011  1189 I ASH     : @ 269772.045: tcs3701: stop power rail pending_off timer
11-25 15:35:19.864  1011  1189 D ASH     : @ 269772.045: tcs3701: start power rail timer, state:3
11-25 15:35:19.872  1795  3324 D ActivityManager: freezer override set to true
11-25 15:35:19.878  1795  3324 D ActivityManager: freezer override set to false
11-25 15:35:19.904  1011  1189 I ASH     : @ 269772.085: tcs3701: stop power rail pending_off timer
11-25 15:35:19.904  1011  1189 D ASH     : @ 269772.085: tcs3701: start power rail timer, state:3
11-25 15:35:19.944  1011  1189 I ASH     : @ 269772.125: tcs3701: stop power rail pending_off timer
11-25 15:35:19.944  1011  1189 D ASH     : @ 269772.125: tcs3701: start power rail timer, state:3
11-25 15:35:19.950 20107 20141 I BatteryMgr:DataCollectionService: stats => 1700922919950,12512,4442,13427,4169000,100
11-25 15:35:19.984  1011  1189 I ASH     : @ 269772.165: tcs3701: stop power rail pending_off timer
11-25 15:35:19.984  1011  1189 D ASH     : @ 269772.165: tcs3701: start power rail timer, state:3
11-25 15:35:20.024  1011  1189 I ASH     : @ 269772.205: tcs3701: stop power rail pending_off timer
11-25 15:35:20.024  1011  1189 D ASH     : @ 269772.205: tcs3701: start power rail timer, state:3
11-25 15:35:20.058 20107 20141 I BatteryMgr:DataCollectionService: stats => 1700922920057,12512,4442,13427,4169000,100
11-25 15:35:20.064  1011  1189 I ASH     : @ 269772.245: tcs3701: stop power rail pending_off timer
11-25 15:35:20.064  1011  1189 D ASH     : @ 269772.245: tcs3701: start power rail timer, state:3
11-25 15:35:20.104  1011  1189 I ASH     : @ 269772.285: tcs3701: stop power rail pending_off timer
11-25 15:35:20.104  1011  1189 D ASH     : @ 269772.285: tcs3701: start power rail timer, state:3
11-25 15:35:20.144  1011  1189 I ASH     : @ 269772.325: tcs3701: stop power rail pending_off timer
11-25 15:35:20.144  1011  1189 D ASH     : @ 269772.325: tcs3701: start power rail timer, state:3
11-25 15:35:20.163 20107 20141 I BatteryMgr:DataCollectionService: stats => 1700922920163,12512,4442,13427,4169000,100
11-25 15:35:20.184  1011  1189 I ASH     : @ 269772.365: tcs3701: stop power rail pending_off timer
11-25 15:35:20.184  1011  1189 D ASH     : @ 269772.365: tcs3701: start power rail timer, state:3
11-25 15:35:20.224  1011  1189 I ASH     : @ 269772.405: tcs3701: stop power rail pending_off timer
11-25 15:35:20.225  1011  1189 D ASH     : @ 269772.405: tcs3701: start power rail timer, state:3
11-25 15:35:20.264  1011  1189 I ASH     : @ 269772.445: tcs3701: stop power rail pending_off timer
11-25 15:35:20.264  1011  1189 D ASH     : @ 269772.445: tcs3701: start power rail timer, state:3
11-25 15:35:20.270 20107 20141 I BatteryMgr:DataCollectionService: stats => 1700922920270,12512,4442,13427,4169000,100
11-25 15:35:20.304  1011  1189 I ASH     : @ 269772.485: tcs3701: stop power rail pending_off timer
11-25 15:35:20.304  1011  1189 D ASH     : @ 269772.485: tcs3701: start power rail timer, state:3
11-25 15:35:20.344  1011  1189 I ASH     : @ 269772.525: tcs3701: stop power rail pending_off timer
11-25 15:35:20.344  1011  1189 D ASH     : @ 269772.525: tcs3701: start power rail timer, state:3
11-25 15:35:20.376 20107 20141 I BatteryMgr:DataCollectionService: stats => 1700922920376,12512,4442,13427,4169000,100
11-25 15:35:20.385  1011  1189 I ASH     : @ 269772.565: tcs3701: stop power rail pending_off timer
11-25 15:35:20.385  1011  1189 D ASH     : @ 269772.565: tcs3701: start power rail timer, state:3
11-25 15:35:20.424  1011  1189 I ASH     : @ 269772.605: tcs3701: stop power rail pending_off timer
11-25 15:35:20.424  1011  1189 D ASH     : @ 269772.605: tcs3701: start power rail timer, state:3
11-25 15:35:20.464  1011  1189 I ASH     : @ 269772.645: tcs3701: stop power rail pending_off timer
11-25 15:35:20.465  1011  1189 D ASH     : @ 269772.645: tcs3701: start power rail timer, state:3
11-25 15:35:20.484 20107 20141 I BatteryMgr:DataCollectionService: stats => 1700922920483,12512,4442,13427,4169000,100
11-25 15:35:20.504  1011  1189 I ASH     : @ 269772.685: tcs3701: stop power rail pending_off timer
11-25 15:35:20.505  1011  1189 D ASH     : @ 269772.685: tcs3701: start power rail timer, state:3
11-25 15:35:20.544  1011  1189 I ASH     : @ 269772.725: tcs3701: stop power rail pending_off timer
11-25 15:35:20.544  1011  1189 D ASH     : @ 269772.725: tcs3701: start power rail timer, state:3
11-25 15:35:20.558 27914 27914 W linker64: type=1400 audit(0.0:5955): avc: denied { getsched } for scontext=u:r:untrusted_app:s0:c10,c256,c512,c768 tcontext=u:r:isolated_app:s0:c512,c768 tclass=process permissive=0 app=com.chrome.canary
11-25 15:35:20.564 27914 27914 W chromium: [1125/153520.564109:WARNING:process_reader_linux.cc(95)] sched_getscheduler: Permission denied (13)
11-25 15:35:20.565 27914 27914 W chromium: [1125/153520.565294:WARNING:process_reader_linux.cc(95)] sched_getscheduler: Permission denied (13)
11-25 15:35:20.562 27914 27914 W linker64: type=1400 audit(0.0:5956): avc: denied { getsched } for scontext=u:r:untrusted_app:s0:c10,c256,c512,c768 tcontext=u:r:isolated_app:s0:c512,c768 tclass=process permissive=0 app=com.chrome.canary
11-25 15:35:20.565 27914 27914 W chromium: [1125/153520.565773:WARNING:process_reader_linux.cc(95)] sched_getscheduler: Permission denied (13)
11-25 15:35:20.566 27914 27914 W chromium: [1125/153520.566181:WARNING:process_reader_linux.cc(95)] sched_getscheduler: Permission denied (13)
11-25 15:35:20.566 27914 27914 W chromium: [1125/153520.566551:WARNING:process_reader_linux.cc(95)] sched_getscheduler: Permission denied (13)
11-25 15:35:20.566 27914 27914 W chromium: [1125/153520.566945:WARNING:process_reader_linux.cc(95)] sched_getscheduler: Permission denied (13)
11-25 15:35:20.567 27914 27914 W chromium: [1125/153520.567300:WARNING:process_reader_linux.cc(95)] sched_getscheduler: Permission denied (13)
11-25 15:35:20.567 27914 27914 W chromium: [1125/153520.567619:WARNING:process_reader_linux.cc(95)] sched_getscheduler: Permission denied (13)
11-25 15:35:20.567 27914 27914 W chromium: [1125/153520.567944:WARNING:process_reader_linux.cc(95)] sched_getscheduler: Permission denied (13)
11-25 15:35:20.568 27914 27914 W chromium: [1125/153520.568404:WARNING:process_reader_linux.cc(95)] sched_getscheduler: Permission denied (13)
11-25 15:35:20.568 27914 27914 W chromium: [1125/153520.568730:WARNING:process_reader_linux.cc(95)] sched_getscheduler: Permission denied (13)
11-25 15:35:20.569 27914 27914 W chromium: [1125/153520.569046:WARNING:process_reader_linux.cc(95)] sched_getscheduler: Permission denied (13)
11-25 15:35:20.569 27914 27914 W chromium: [1125/153520.569317:WARNING:process_reader_linux.cc(95)] sched_getscheduler: Permission denied (13)
11-25 15:35:20.569 27914 27914 W chromium: [1125/153520.569601:WARNING:process_reader_linux.cc(95)] sched_getscheduler: Permission denied (13)
11-25 15:35:20.569 27914 27914 W chromium: [1125/153520.569870:WARNING:process_reader_linux.cc(95)] sched_getscheduler: Permission denied (13)
11-25 15:35:20.570 27914 27914 W chromium: [1125/153520.570155:WARNING:process_reader_linux.cc(95)] sched_getscheduler: Permission denied (13)
11-25 15:35:20.570 27914 27914 W chromium: [1125/153520.570426:WARNING:process_reader_linux.cc(95)] sched_getscheduler: Permission denied (13)
11-25 15:35:20.570 27914 27914 W chromium: [1125/153520.570738:WARNING:process_reader_linux.cc(95)] sched_getscheduler: Permission denied (13)
11-25 15:35:20.571 27914 27914 W chromium: [1125/153520.571046:WARNING:process_reader_linux.cc(95)] sched_getscheduler: Permission denied (13)
11-25 15:35:20.571 27914 27914 W chromium: [1125/153520.571327:WARNING:process_reader_linux.cc(95)] sched_getscheduler: Permission denied (13)
11-25 15:35:20.571 27914 27914 W chromium: [1125/153520.571632:WARNING:process_reader_linux.cc(95)] sched_getscheduler: Permission denied (13)
11-25 15:35:20.572 27914 27914 W chromium: [1125/153520.571994:WARNING:process_reader_linux.cc(95)] sched_getscheduler: Permission denied (13)
11-25 15:35:20.572 27914 27914 W chromium: [1125/153520.572338:WARNING:process_reader_linux.cc(95)] sched_getscheduler: Permission denied (13)
11-25 15:35:20.572 27914 27914 W chromium: [1125/153520.572612:WARNING:process_reader_linux.cc(95)] sched_getscheduler: Permission denied (13)
11-25 15:35:20.572 27914 27914 W chromium: [1125/153520.572893:WARNING:process_reader_linux.cc(95)] sched_getscheduler: Permission denied (13)
