11-25 15:37:49.308  1795  2424 D WifiScoreCard: BSSID update SIGNAL_POLL ID: 1320464697 SSID: "ourhome", BSSID: f4:6d:2f:12:cc:88, MAC: b2:2f:ec:da:4a:0c, IP: /192.168.1.104, Security type: 2, Supplicant state: COMPLETED, Wi-Fi standard: 5, RSSI: -46, Link speed: 866Mbps, Tx Link speed: 866Mbps, Max Supported Tx Link speed: 866Mbps, Rx Link speed: 866Mbps, Max Supported Rx Link speed: 866Mbps, Frequency: 5240MHz, Net ID: 12, Metered hint: false, score: 60, isUsable: true, CarrierMerged: false, SubscriptionId: -1, IsPrimary: 1, Trusted: true, Restricted: false, Ephemeral: false, OEM paid: false, OEM private: false, OSU AP: false, FQDN: <none>, Provider friendly name: <none>, Requesting package name: <none>"ourhome"wpa2-pskMLO Information: , Is TID-To-Link negotiation supported by the AP: false, AP MLD Address: <none>, AP MLO Link Id: <none>, AP MLO Affiliated links: <none>
11-25 15:37:49.308  1795  2424 D WifiScoreCard: txRate: 31 txSpeed: 866
11-25 15:37:49.308  1795  2424 D WifiScoreCard: network update SIGNAL_POLL "ourhome" ID: 1499892569 RSSI -46 txSpeed 866
11-25 15:37:49.309  1795  2424 D WifiClientModeImpl[13802:wlan0]:  ClientModeImpl$L2ConnectedState screen=on 33 0 "ourhome" f4:6d:2f:12:cc:88 rssi=-46 f=5240 sc=60 link=866 tx=26.2, 3.9, 0.0 rx=16.3 bcn=2609775 [on:1013 tx:16 rx:7 period:3009] from screen [on:134507 period:1982815] score=60
11-25 15:37:49.309  1795  3784 I WifiService: updateWifiUsabilityScore uid=10180 seqNum=68552 score=100 predictionHorizonSec=1441795
11-25 15:37:49.311  1795  2424 D WifiScoreReport: Wifi scoring disabled - Notify that Wifi is usable
11-25 15:37:49.313 31613 31675 W chromium: [WARNING:ev_root_ca_metadata.cc(119)] Not implemented
11-25 15:37:49.313  1795  2432 D ConnectivityService: NetReassign [no changes] [c 0] [a 0] [i 2]
11-25 15:37:49.343 20107 20143 I BatteryMgr:DataCollectionService: stats => 1700923069343,13122,4442,13427,4169000,100
11-25 15:37:49.344  1011  1189 I ASH     : @ 269921.525: tcs3701: stop power rail pending_off timer
11-25 15:37:49.344  1011  1189 D ASH     : @ 269921.525: tcs3701: start power rail timer, state:3
11-25 15:37:49.384  1011  1189 I ASH     : @ 269921.565: tcs3701: stop power rail pending_off timer
11-25 15:37:49.384  1011  1189 D ASH     : @ 269921.565: tcs3701: start power rail timer, state:3
11-25 15:37:49.399 31613 31624 W m.chrome.canary: Cleared Reference was only reachable from finalizer (only reported once)
11-25 15:37:49.424  1011  1189 I ASH     : @ 269921.605: tcs3701: stop power rail pending_off timer
11-25 15:37:49.424  1011  1189 D ASH     : @ 269921.605: tcs3701: start power rail timer, state:3
11-25 15:37:49.443  1795  3057 D ActivityManager: freezer override set to true
11-25 15:37:49.447  1795  3057 D ActivityManager: freezer override set to false
11-25 15:37:49.449 20107 20143 I BatteryMgr:DataCollectionService: stats => 1700923069449,13122,4442,13427,4169000,100
11-25 15:37:49.464  1011  1189 I ASH     : @ 269921.645: tcs3701: stop power rail pending_off timer
11-25 15:37:49.464  1011  1189 D ASH     : @ 269921.645: tcs3701: start power rail timer, state:3
11-25 15:37:49.505  1011  1189 I ASH     : @ 269921.685: tcs3701: stop power rail pending_off timer
11-25 15:37:49.505  1011  1189 D ASH     : @ 269921.685: tcs3701: start power rail timer, state:3
11-25 15:37:49.545  1011  1189 I ASH     : @ 269921.725: tcs3701: stop power rail pending_off timer
11-25 15:37:49.545  1011  1189 D ASH     : @ 269921.725: tcs3701: start power rail timer, state:3
11-25 15:37:49.555 20107 20143 I BatteryMgr:DataCollectionService: stats => 1700923069555,13122,4442,13427,4169000,100
11-25 15:37:49.584  1011  1189 I ASH     : @ 269921.765: tcs3701: stop power rail pending_off timer
11-25 15:37:49.585  1011  1189 D ASH     : @ 269921.765: tcs3701: start power rail timer, state:3
11-25 15:37:49.599 20352 20378 I native  : I0000 00:00:1700923069.599616   20378 device_profile_database_helpers.cc:563] Found nothing for mTS_ld
11-25 15:37:49.599 20352 20378 I native  : I0000 00:00:1700923069.599838   20378 device_profile_database_helpers.cc:563] Found nothing for redfin/redfin
11-25 15:37:49.599 20352 20378 I native  : I0000 00:00:1700923069.599894   20378 device_profile_database_helpers.cc:550] Considering b4SrL5:11
11-25 15:37:49.599 20352 20378 I native  : I0000 00:00:1700923069.599943   20378 device_profile_database_helpers.cc:509] Device profile for google/redfin/redfin:13/TQ3A.230901.001/10750268:user/release-keys: b4SrL5:11
11-25 15:37:49.612  1011  1189 I VSC     : @ 269921.792: {Fusion} configure fusion 15 16666us 0us.
11-25 15:37:49.612  1011  1189 D VSC     : @ 269921.792: [Game Rotation Vector Sensor] Request accel, interval 16.6 ms, latency 0.0 ms
11-25 15:37:49.612  1011  1189 D VSC     : @ 269921.792: [Game Rotation Vector Sensor] Request gyro, interval 5.0 ms, latency 0.0 ms
11-25 15:37:49.625  1011  1189 D ASH     : @ 269921.805: SensorType 1 resampler quality 3
11-25 15:37:49.626  1011  1189 I ASH     : @ 269921.806: tcs3701: stop power rail pending_off timer
11-25 15:37:49.626  1011  1189 D ASH     : @ 269921.806: tcs3701: start power rail timer, state:3
11-25 15:37:49.627  1011  1189 D ASH     : @ 269921.807: SensorType 195 resampler quality 1
11-25 15:37:49.633  1011  1189 D ASH     : @ 269921.813: SensorType 1 resampler quality 2
11-25 15:37:49.661 20107 20143 I BatteryMgr:DataCollectionService: stats => 1700923069661,13122,4442,13427,4169000,100
11-25 15:37:49.664  1011  1189 I ASH     : @ 269921.845: tcs3701: stop power rail pending_off timer
11-25 15:37:49.664  1011  1189 D ASH     : @ 269921.845: tcs3701: start power rail timer, state:3
11-25 15:37:49.704  1011  1189 I ASH     : @ 269921.885: tcs3701: stop power rail pending_off timer
11-25 15:37:49.704  1011  1189 D ASH     : @ 269921.885: tcs3701: start power rail timer, state:3
11-25 15:37:49.720  1795  3784 D ActivityManager: freezer override set to true
11-25 15:37:49.744  1011  1189 I ASH     : @ 269921.925: tcs3701: stop power rail pending_off timer
11-25 15:37:49.744  1011  1189 D ASH     : @ 269921.925: tcs3701: start power rail timer, state:3
11-25 15:37:49.767 20107 20143 I BatteryMgr:DataCollectionService: stats => 1700923069767,13122,4442,13427,4169000,100
11-25 15:37:49.784  1011  1189 I ASH     : @ 269921.965: tcs3701: stop power rail pending_off timer
11-25 15:37:49.784  1011  1189 D ASH     : @ 269921.965: tcs3701: start power rail timer, state:3
11-25 15:37:49.825  1011  1189 I ASH     : @ 269922.005: tcs3701: stop power rail pending_off timer
11-25 15:37:49.825  1011  1189 D ASH     : @ 269922.005: tcs3701: start power rail timer, state:3
11-25 15:37:49.864  1011  1189 I ASH     : @ 269922.045: tcs3701: stop power rail pending_off timer
11-25 15:37:49.864  1011  1189 D ASH     : @ 269922.045: tcs3701: start power rail timer, state:3
11-25 15:37:49.871 20107 20143 I BatteryMgr:DataCollectionService: stats => 1700923069871,13122,4442,13427,4169000,100
11-25 15:37:49.903 31613 31947 I m.chrome.canary: Explicit concurrent copying GC freed 158757(4205KB) AllocSpace objects, 9(296KB) LOS objects, 75% free, 13MB/52MB, paused 40us,27us total 54.506ms
11-25 15:37:49.904  1011  1189 I ASH     : @ 269922.085: tcs3701: stop power rail pending_off timer
11-25 15:37:49.905  1011  1189 D ASH     : @ 269922.085: tcs3701: start power rail timer, state:3
11-25 15:37:49.945  1011  1189 I ASH     : @ 269922.125: tcs3701: stop power rail pending_off timer
11-25 15:37:49.945  1011  1189 D ASH     : @ 269922.125: tcs3701: start power rail timer, state:3
11-25 15:37:49.965  1795  3784 D ActivityManager: freezer override set to false
11-25 15:37:49.977 20107 20143 I BatteryMgr:DataCollectionService: stats => 1700923069977,13122,4442,13427,4169000,100
11-25 15:37:49.984  1011  1189 I ASH     : @ 269922.165: tcs3701: stop power rail pending_off timer
11-25 15:37:49.985  1011  1189 D ASH     : @ 269922.165: tcs3701: start power rail timer, state:3
11-25 15:37:50.022  1795  3057 D ActivityManager: freezer override set to true
11-25 15:37:50.024  1011  1189 I ASH     : @ 269922.205: tcs3701: stop power rail pending_off timer
11-25 15:37:50.024  1011  1189 D ASH     : @ 269922.205: tcs3701: start power rail timer, state:3
11-25 15:37:50.025  1795  3057 D ActivityManager: freezer override set to false
11-25 15:37:50.065  1011  1189 I ASH     : @ 269922.245: tcs3701: stop power rail pending_off timer
11-25 15:37:50.065  1011  1189 D ASH     : @ 269922.245: tcs3701: start power rail timer, state:3
11-25 15:37:50.066  1795  3057 D ActivityManager: freezer override set to true
11-25 15:37:50.068  1795  3057 D ActivityManager: freezer override set to false
11-25 15:37:50.083 20107 20143 I BatteryMgr:DataCollectionService: stats => 1700923070082,13122,4442,13427,4169000,100
11-25 15:37:50.104  1011  1189 I ASH     : @ 269922.285: tcs3701: stop power rail pending_off timer
11-25 15:37:50.104  1011  1189 D ASH     : @ 269922.285: tcs3701: start power rail timer, state:3
11-25 15:37:50.144  1011  1189 I ASH     : @ 269922.325: tcs3701: stop power rail pending_off timer
11-25 15:37:50.145  1011  1189 D ASH     : @ 269922.325: tcs3701: start power rail timer, state:3
11-25 15:37:50.184  1011  1189 I ASH     : @ 269922.365: tcs3701: stop power rail pending_off timer
11-25 15:37:50.185  1011  1189 D ASH     : @ 269922.365: tcs3701: start power rail timer, state:3
11-25 15:37:50.192 20107 20143 I BatteryMgr:DataCollectionService: stats => 1700923070192,13122,4442,13427,4169000,100
11-25 15:37:50.224  1011  1189 I ASH     : @ 269922.405: tcs3701: stop power rail pending_off timer
11-25 15:37:50.225  1011  1189 D ASH     : @ 269922.405: tcs3701: start power rail timer, state:3
11-25 15:37:50.264  1011  1189 I ASH     : @ 269922.445: tcs3701: stop power rail pending_off timer
11-25 15:37:50.264  1011  1189 D ASH     : @ 269922.445: tcs3701: start power rail timer, state:3
11-25 15:37:50.300 20107 20143 I BatteryMgr:DataCollectionService: stats => 1700923070300,13122,4442,13427,4169000,100
11-25 15:37:50.304  1011  1189 I ASH     : @ 269922.485: tcs3701: stop power rail pending_off timer
11-25 15:37:50.304  1011  1189 D ASH     : @ 269922.485: tcs3701: start power rail timer, state:3
11-25 15:37:50.345  1011  1189 I ASH     : @ 269922.525: tcs3701: stop power rail pending_off timer
11-25 15:37:50.345  1011  1189 D ASH     : @ 269922.525: tcs3701: start power rail timer, state:3
11-25 15:37:50.384  1011  1189 I ASH     : @ 269922.565: tcs3701: stop power rail pending_off timer
11-25 15:37:50.384  1011  1189 D ASH     : @ 269922.565: tcs3701: start power rail timer, state:3
11-25 15:37:50.408 20107 20143 I BatteryMgr:DataCollectionService: stats => 1700923070408,13122,4442,13427,4169000,100
11-25 15:37:50.424  1011  1189 I ASH     : @ 269922.605: tcs3701: stop power rail pending_off timer
11-25 15:37:50.424  1011  1189 D ASH     : @ 269922.605: tcs3701: start power rail timer, state:3
11-25 15:37:50.438  1795  3057 D ActivityManager: freezer override set to true
11-25 15:37:50.443  1795  3057 D ActivityManager: freezer override set to false
11-25 15:37:50.464  1011  1189 I ASH     : @ 269922.645: tcs3701: stop power rail pending_off timer
11-25 15:37:50.464  1011  1189 D ASH     : @ 269922.645: tcs3701: start power rail timer, state:3
11-25 15:37:50.504  1011  1189 I ASH     : @ 269922.685: tcs3701: stop power rail pending_off timer
11-25 15:37:50.504  1011  1189 D ASH     : @ 269922.685: tcs3701: start power rail timer, state:3
11-25 15:37:50.526 20107 20143 I BatteryMgr:DataCollectionService: stats => 1700923070525,13122,4442,13427,4169000,100
11-25 15:37:50.544  1011  1189 I ASH     : @ 269922.725: tcs3701: stop power rail pending_off timer
11-25 15:37:50.544  1011  1189 D ASH     : @ 269922.725: tcs3701: start power rail timer, state:3
11-25 15:37:50.584  1011  1189 I ASH     : @ 269922.765: tcs3701: stop power rail pending_off timer
11-25 15:37:50.584  1011  1189 D ASH     : @ 269922.765: tcs3701: start power rail timer, state:3
11-25 15:37:50.625  1011  1189 I ASH     : @ 269922.805: tcs3701: stop power rail pending_off timer
11-25 15:37:50.625  1011  1189 D ASH     : @ 269922.805: tcs3701: start power rail timer, state:3
11-25 15:37:50.640 20107 20143 I BatteryMgr:DataCollectionService: stats => 1700923070640,13122,4442,13427,4169000,100
11-25 15:37:50.665  1011  1189 I ASH     : @ 269922.845: tcs3701: stop power rail pending_off timer
11-25 15:37:50.665  1011  1189 D ASH     : @ 269922.845: tcs3701: start power rail timer, state:3
11-25 15:37:50.704  1011  1189 I ASH     : @ 269922.885: tcs3701: stop power rail pending_off timer
11-25 15:37:50.704  1011  1189 D ASH     : @ 269922.885: tcs3701: start power rail timer, state:3
11-25 15:37:50.739  2113  2118 I pixel-thermal: skin-therm-monitor: 37.598
11-25 15:37:50.744  1011  1189 I ASH     : @ 269922.925: tcs3701: stop power rail pending_off timer
11-25 15:37:50.744  1011  1189 D ASH     : @ 269922.925: tcs3701: start power rail timer, state:3
11-25 15:37:50.748 20107 20143 I BatteryMgr:DataCollectionService: stats => 1700923070747,13122,4442,13427,4169000,100
11-25 15:37:50.784  1011  1189 I ASH     : @ 269922.965: tcs3701: stop power rail pending_off timer
11-25 15:37:50.784  1011  1189 D ASH     : @ 269922.965: tcs3701: start power rail timer, state:3
11-25 15:37:50.824  1011  1189 I ASH     : @ 269923.005: tcs3701: stop power rail pending_off timer
11-25 15:37:50.824  1011  1189 D ASH     : @ 269923.005: tcs3701: start power rail timer, state:3
11-25 15:37:50.850 31613 31613 D CompatibilityChangeReporter: Compat change id reported: 194532703; UID 10010; state: ENABLED
11-25 15:37:50.851  1795  3784 D CompatibilityChangeReporter: Compat change id reported: 194532703; UID 10010; state: ENABLED
11-25 15:37:50.857 31613 31613 I cr_omaha: Scheduled using JobService
11-25 15:37:50.858 31613 31613 E cr_BkgrdTaskJS: Tried finishing non-current BackgroundTask.
11-25 15:37:50.859 20107 20143 I BatteryMgr:DataCollectionService: stats => 1700923070859,13122,4442,13427,4169000,100
11-25 15:37:50.866  1011  1189 I ASH     : @ 269923.045: tcs3701: stop power rail pending_off timer
11-25 15:37:50.866  1011  1189 D ASH     : @ 269923.045: tcs3701: start power rail timer, state:3
11-25 15:37:50.904  1011  1189 I ASH     : @ 269923.085: tcs3701: stop power rail pending_off timer
11-25 15:37:50.904  1011  1189 D ASH     : @ 269923.085: tcs3701: start power rail timer, state:3
11-25 15:37:50.944  1011  1189 I ASH     : @ 269923.125: tcs3701: stop power rail pending_off timer
11-25 15:37:50.944  1011  1189 D ASH     : @ 269923.125: tcs3701: start power rail timer, state:3
11-25 15:37:50.971 20107 20143 I BatteryMgr:DataCollectionService: stats => 1700923070971,13122,4442,13427,4169000,100
11-25 15:37:50.985  1011  1189 I ASH     : @ 269923.165: tcs3701: stop power rail pending_off timer
11-25 15:37:50.985  1011  1189 D ASH     : @ 269923.165: tcs3701: start power rail timer, state:3
11-25 15:37:51.024  1011  1189 I ASH     : @ 269923.205: tcs3701: stop power rail pending_off timer
11-25 15:37:51.024  1011  1189 D ASH     : @ 269923.205: tcs3701: start power rail timer, state:3
11-25 15:37:51.064  1011  1189 I ASH     : @ 269923.245: tcs3701: stop power rail pending_off timer
11-25 15:37:51.065  1011  1189 D ASH     : @ 269923.245: tcs3701: start power rail timer, state:3
11-25 15:37:51.084 20107 20143 I BatteryMgr:DataCollectionService: stats => 1700923071083,13122,4442,13427,4169000,100
11-25 15:37:51.104  1011  1189 I ASH     : @ 269923.285: tcs3701: stop power rail pending_off timer
11-25 15:37:51.104  1011  1189 D ASH     : @ 269923.285: tcs3701: start power rail timer, state:3
11-25 15:37:51.147  1011  1189 I ASH     : @ 269923.325: tcs3701: stop power rail pending_off timer
11-25 15:37:51.147  1011  1189 D ASH     : @ 269923.325: tcs3701: start power rail timer, state:3
11-25 15:37:51.186  1011  1189 I ASH     : @ 269923.365: tcs3701: stop power rail pending_off timer
11-25 15:37:51.186  1011  1189 D ASH     : @ 269923.365: tcs3701: start power rail timer, state:3
11-25 15:37:51.193 20107 20143 I BatteryMgr:DataCollectionService: stats => 1700923071193,13122,4442,13427,4169000,100
11-25 15:37:51.225  1011  1189 I ASH     : @ 269923.405: tcs3701: stop power rail pending_off timer
11-25 15:37:51.225  1011  1189 D ASH     : @ 269923.405: tcs3701: start power rail timer, state:3
11-25 15:37:51.265  1011  1189 I ASH     : @ 269923.445: tcs3701: stop power rail pending_off timer
11-25 15:37:51.265  1011  1189 D ASH     : @ 269923.445: tcs3701: start power rail timer, state:3
11-25 15:37:51.304  1011  1189 I ASH     : @ 269923.485: tcs3701: stop power rail pending_off timer
11-25 15:37:51.304  1011  1189 D ASH     : @ 269923.485: tcs3701: start power rail timer, state:3
11-25 15:37:51.305 20107 20143 I BatteryMgr:DataCollectionService: stats => 1700923071305,13122,4442,13427,4169000,100
11-25 15:37:51.337  1795  3784 D ActivityManager: freezer override set to true
11-25 15:37:51.344  1011  1189 I ASH     : @ 269923.525: tcs3701: stop power rail pending_off timer
11-25 15:37:51.344  1011  1189 D ASH     : @ 269923.525: tcs3701: start power rail timer, state:3
11-25 15:37:51.384  1011  1189 I ASH     : @ 269923.565: tcs3701: stop power rail pending_off timer
11-25 15:37:51.384  1011  1189 D ASH     : @ 269923.565: tcs3701: start power rail timer, state:3
11-25 15:37:51.413 20107 20143 I BatteryMgr:DataCollectionService: stats => 1700923071413,13122,4442,13427,4169000,100
11-25 15:37:51.424  1011  1189 I ASH     : @ 269923.605: tcs3701: stop power rail pending_off timer
11-25 15:37:51.424  1011  1189 D ASH     : @ 269923.605: tcs3701: start power rail timer, state:3
11-25 15:37:51.465  1011  1189 I ASH     : @ 269923.645: tcs3701: stop power rail pending_off timer
11-25 15:37:51.465  1011  1189 D ASH     : @ 269923.645: tcs3701: start power rail timer, state:3
11-25 15:37:51.504  1011  1189 I ASH     : @ 269923.685: tcs3701: stop power rail pending_off timer
11-25 15:37:51.504  1011  1189 D ASH     : @ 269923.685: tcs3701: start power rail timer, state:3
11-25 15:37:51.516 20107 20143 I BatteryMgr:DataCollectionService: stats => 1700923071516,13122,4442,13427,4169000,100
11-25 15:37:51.544  1011  1189 I ASH     : @ 269923.725: tcs3701: stop power rail pending_off timer
11-25 15:37:51.544  1011  1189 D ASH     : @ 269923.725: tcs3701: start power rail timer, state:3
11-25 15:37:51.584  1011  1189 I ASH     : @ 269923.765: tcs3701: stop power rail pending_off timer
11-25 15:37:51.584  1011  1189 D ASH     : @ 269923.765: tcs3701: start power rail timer, state:3
11-25 15:37:51.622 20107 20143 I BatteryMgr:DataCollectionService: stats => 1700923071621,13122,4442,13427,4169000,100
11-25 15:37:51.628  1011  1189 I ASH     : @ 269923.805: tcs3701: stop power rail pending_off timer
11-25 15:37:51.628  1011  1189 D ASH     : @ 269923.805: tcs3701: start power rail timer, state:3
11-25 15:37:51.655 31613 31628 I m.chrome.canary: Explicit concurrent copying GC freed 6209(313KB) AllocSpace objects, 6(184KB) LOS objects, 75% free, 13MB/52MB, paused 90us,51us total 183.668ms
11-25 15:37:51.665  1011  1189 I ASH     : @ 269923.845: tcs3701: stop power rail pending_off timer
11-25 15:37:51.665  1011  1189 D ASH     : @ 269923.845: tcs3701: start power rail timer, state:3
11-25 15:37:51.704  1011  1189 I ASH     : @ 269923.885: tcs3701: stop power rail pending_off timer
11-25 15:37:51.704  1011  1189 D ASH     : @ 269923.885: tcs3701: start power rail timer, state:3
11-25 15:37:51.727 20107 20143 I BatteryMgr:DataCollectionService: stats => 1700923071727,13122,4442,13427,4169000,100
11-25 15:37:51.745  1011  1189 I ASH     : @ 269923.925: tcs3701: stop power rail pending_off timer
11-25 15:37:51.745  1011  1189 D ASH     : @ 269923.925: tcs3701: start power rail timer, state:3
11-25 15:37:51.785  1011  1189 I ASH     : @ 269923.965: tcs3701: stop power rail pending_off timer
11-25 15:37:51.785  1011  1189 D ASH     : @ 269923.965: tcs3701: start power rail timer, state:3
11-25 15:37:51.807  1795  3613 D ActivityManager: freezer override set to false
11-25 15:37:51.824  1011  1189 I ASH     : @ 269924.005: tcs3701: stop power rail pending_off timer
11-25 15:37:51.824  1011  1189 D ASH     : @ 269924.005: tcs3701: start power rail timer, state:3
11-25 15:37:51.846 20107 20143 I BatteryMgr:DataCollectionService: stats => 1700923071846,13122,4442,13427,4169000,100
11-25 15:37:51.864  1011  1189 I ASH     : @ 269924.045: tcs3701: stop power rail pending_off timer
11-25 15:37:51.864  1011  1189 D ASH     : @ 269924.045: tcs3701: start power rail timer, state:3
11-25 15:37:51.868  1795  3613 D ActivityManager: freezer override set to true
11-25 15:37:51.877  1795  3613 D ActivityManager: freezer override set to false
11-25 15:37:51.904  1011  1189 I ASH     : @ 269924.085: tcs3701: stop power rail pending_off timer
11-25 15:37:51.904  1011  1189 D ASH     : @ 269924.085: tcs3701: start power rail timer, state:3
11-25 15:37:51.926  1795  2282 D ActivityManager: freezing 9443 com.google.android.tts
11-25 15:37:51.944  1795  3613 D ActivityManager: freezer override set to true
11-25 15:37:51.944  1795  3613 D ActivityManager: sync unfroze 9443 com.google.android.tts
11-25 15:37:51.945  1011  1189 I ASH     : @ 269924.125: tcs3701: stop power rail pending_off timer
11-25 15:37:51.945  1011  1189 D ASH     : @ 269924.125: tcs3701: start power rail timer, state:3
11-25 15:37:51.951  1795  3613 D ActivityManager: freezer override set to false
11-25 15:37:51.957 20107 20143 I BatteryMgr:DataCollectionService: stats => 1700923071957,13122,4442,13427,4169000,100
11-25 15:37:51.984  1011  1189 I ASH     : @ 269924.165: tcs3701: stop power rail pending_off timer
11-25 15:37:51.984  1011  1189 D ASH     : @ 269924.165: tcs3701: start power rail timer, state:3
11-25 15:37:52.024  1011  1189 I ASH     : @ 269924.205: tcs3701: stop power rail pending_off timer
11-25 15:37:52.024  1011  1189 D ASH     : @ 269924.205: tcs3701: start power rail timer, state:3
11-25 15:37:52.064  1011  1189 I ASH     : @ 269924.245: tcs3701: stop power rail pending_off timer
11-25 15:37:52.064  1011  1189 D ASH     : @ 269924.245: tcs3701: start power rail timer, state:3
11-25 15:37:52.067 20107 20143 I BatteryMgr:DataCollectionService: stats => 1700923072066,13122,4442,13427,4169000,100
11-25 15:37:52.105  1011  1189 I ASH     : @ 269924.285: tcs3701: stop power rail pending_off timer
11-25 15:37:52.105  1011  1189 D ASH     : @ 269924.285: tcs3701: start power rail timer, state:3
11-25 15:37:52.144  1011  1189 I ASH     : @ 269924.325: tcs3701: stop power rail pending_off timer
11-25 15:37:52.144  1011  1189 D ASH     : @ 269924.325: tcs3701: start power rail timer, state:3
11-25 15:37:52.184  1011  1189 I ASH     : @ 269924.365: tcs3701: stop power rail pending_off timer
11-25 15:37:52.184  1011  1189 D ASH     : @ 269924.365: tcs3701: start power rail timer, state:3
11-25 15:37:52.184 20107 20143 I BatteryMgr:DataCollectionService: stats => 1700923072184,13122,4442,13427,4169000,100
11-25 15:37:52.226  1011  1189 I ASH     : @ 269924.405: tcs3701: stop power rail pending_off timer
11-25 15:37:52.226  1011  1189 D ASH     : @ 269924.405: tcs3701: start power rail timer, state:3
11-25 15:37:52.264  1011  1189 I ASH     : @ 269924.445: tcs3701: stop power rail pending_off timer
11-25 15:37:52.264  1011  1189 D ASH     : @ 269924.445: tcs3701: start power rail timer, state:3
11-25 15:37:52.299 20107 20143 I BatteryMgr:DataCollectionService: stats => 1700923072299,13122,4442,13427,4169000,100
11-25 15:37:52.304  1011  1189 I ASH     : @ 269924.485: tcs3701: stop power rail pending_off timer
11-25 15:37:52.304  1011  1189 D ASH     : @ 269924.485: tcs3701: start power rail timer, state:3
11-25 15:37:52.323  1795  2424 D WifiClientModeImpl[13802:wlan0]: updateLinkLayerStatsRssiSpeedFrequencyCapabilities rssi=-47 TxLinkspeed=866 freq=5240 RxLinkSpeed=866
11-25 15:37:52.324  1795  2424 D WifiDataStall: tx tput in kbps: 706331
11-25 15:37:52.324  1795  2424 D WifiDataStall: rx tput in kbps: 811875
11-25 15:37:52.324  1795  2424 V WifiConfigManager: Updating scan detail cache freq=5240 BSSID=f4:6d:2f:12:cc:88 RSSI=-46 for "ourhome"WPA_PSK
11-25 15:37:52.324  2782  5906 D QCNEJ/WlanStaInfoRelay: Received action: android.net.wifi.RSSI_CHANGED
11-25 15:37:52.325  1795  2424 D WifiChannelUtilization:  freq: 5240 onTime: 7711501 busyTime: 721935 onTimeDiff: 120806 busyTimeDiff: 7962 utilization: 16 utilization t0: 23
11-25 15:37:52.325  1795  2424 D WifiDataStall:  ccaLevel = 16
11-25 15:37:52.325  1795  2424 D WifiDataStall: L2 txTputKbps: 755043, rxTputKbps: 811875, L3 txTputKbps: 2, rxTputKbps: 15, TxTrafficHigh: true, RxTrafficHigh: true, Throughput Sufficient: true
11-25 15:37:52.325  1795  2424 D WifiScoreReport: Wifi scoring disabled - Don't check IP layer
11-25 15:37:52.325  1795  2424 D WifiScoreCard: BSSID update SIGNAL_POLL ID: 1320464697 SSID: "ourhome", BSSID: f4:6d:2f:12:cc:88, MAC: b2:2f:ec:da:4a:0c, IP: /192.168.1.104, Security type: 2, Supplicant state: COMPLETED, Wi-Fi standard: 5, RSSI: -47, Link speed: 866Mbps, Tx Link speed: 866Mbps, Max Supported Tx Link speed: 866Mbps, Rx Link speed: 866Mbps, Max Supported Rx Link speed: 866Mbps, Frequency: 5240MHz, Net ID: 12, Metered hint: false, score: 60, isUsable: true, CarrierMerged: false, SubscriptionId: -1, IsPrimary: 1, Trusted: true, Restricted: false, Ephemeral: false, OEM paid: false, OEM private: false, OSU AP: false, FQDN: <none>, Provider friendly name: <none>, Requesting package name: <none>"ourhome"wpa2-pskMLO Information: , Is TID-To-Link negotiation supported by the AP: false, AP MLD Address: <none>, AP MLO Link Id: <none>, AP MLO Affiliated links: <none>
11-25 15:37:52.325  1795  2424 D WifiScoreCard: txRate: 14 txSpeed: 866
11-25 15:37:52.325  1795  2424 D WifiScoreCard: network update SIGNAL_POLL "ourhome" ID: 1499892569 RSSI -47 txSpeed 866
11-25 15:37:52.325  2673 18847 V WifiManager: OnWifiUsabilityStatsListener: onWifiUsabilityStats: seqNum=68553
11-25 15:37:52.325  1795  2424 D WifiClientModeImpl[13802:wlan0]:  ClientModeImpl$L2ConnectedState screen=on 33 0 "ourhome" f4:6d:2f:12:cc:88 rssi=-47 f=5240 sc=60 link=866 tx=12.1, 1.6, 0.0 rx=7.8 bcn=2609804 [on:595 tx:3 rx:4 period:3016] from screen [on:135102 period:1985831] score=60
11-25 15:37:52.326  1795  3613 I WifiService: updateWifiUsabilityScore uid=10180 seqNum=68553 score=100 predictionHorizonSec=1441795
11-25 15:37:52.329  1795  2424 D WifiScoreReport: Wifi scoring disabled - Notify that Wifi is usable
11-25 15:37:52.335  1795  2432 D ConnectivityService: NetReassign [no changes] [c 0] [a 0] [i 4]
11-25 15:37:52.344  1011  1189 I ASH     : @ 269924.525: tcs3701: stop power rail pending_off timer
11-25 15:37:52.346  1011  1189 D ASH     : @ 269924.525: tcs3701: start power rail timer, state:3
11-25 15:37:52.384  1011  1189 I ASH     : @ 269924.565: tcs3701: stop power rail pending_off timer
11-25 15:37:52.385  1011  1189 D ASH     : @ 269924.565: tcs3701: start power rail timer, state:3
11-25 15:37:52.411 20107 20143 I BatteryMgr:DataCollectionService: stats => 1700923072411,13122,4442,13427,4169000,100
11-25 15:37:52.424  1011  1189 I ASH     : @ 269924.605: tcs3701: stop power rail pending_off timer
11-25 15:37:52.424  1011  1189 D ASH     : @ 269924.605: tcs3701: start power rail timer, state:3
11-25 15:37:52.454  1795  3784 D ActivityManager: freezer override set to true
11-25 15:37:52.458  1795  3784 D ActivityManager: freezer override set to false
11-25 15:37:52.464  1011  1189 I ASH     : @ 269924.645: tcs3701: stop power rail pending_off timer
11-25 15:37:52.464  1011  1189 D ASH     : @ 269924.645: tcs3701: start power rail timer, state:3
11-25 15:37:52.504  1011  1189 I ASH     : @ 269924.685: tcs3701: stop power rail pending_off timer
11-25 15:37:52.504  1011  1189 D ASH     : @ 269924.685: tcs3701: start power rail timer, state:3
11-25 15:37:52.529 20107 20143 I BatteryMgr:DataCollectionService: stats => 1700923072529,13122,4442,13427,4169000,100
11-25 15:37:52.544  1011  1189 I ASH     : @ 269924.725: tcs3701: stop power rail pending_off timer
11-25 15:37:52.544  1011  1189 D ASH     : @ 269924.725: tcs3701: start power rail timer, state:3
11-25 15:37:52.584  1011  1189 I ASH     : @ 269924.765: tcs3701: stop power rail pending_off timer
11-25 15:37:52.584  1011  1189 D ASH     : @ 269924.765: tcs3701: start power rail timer, state:3
11-25 15:37:52.625  1011  1189 I ASH     : @ 269924.805: tcs3701: stop power rail pending_off timer
11-25 15:37:52.625  1011  1189 D ASH     : @ 269924.805: tcs3701: start power rail timer, state:3
11-25 15:37:52.638 20107 20143 I BatteryMgr:DataCollectionService: stats => 1700923072638,13122,4442,13427,4169000,100
11-25 15:37:52.664  1011  1189 I ASH     : @ 269924.845: tcs3701: stop power rail pending_off timer
11-25 15:37:52.664  1011  1189 D ASH     : @ 269924.845: tcs3701: start power rail timer, state:3
11-25 15:37:52.704  1011  1189 I ASH     : @ 269924.885: tcs3701: stop power rail pending_off timer
11-25 15:37:52.705  1011  1189 D ASH     : @ 269924.885: tcs3701: start power rail timer, state:3
11-25 15:37:52.742  2113  2118 I pixel-thermal: skin-therm-monitor: 37.592
11-25 15:37:52.744  1011  1189 I ASH     : @ 269924.925: tcs3701: stop power rail pending_off timer
11-25 15:37:52.744  1011  1189 D ASH     : @ 269924.925: tcs3701: start power rail timer, state:3
11-25 15:37:52.745 20107 20143 I BatteryMgr:DataCollectionService: stats => 1700923072744,13122,4442,13427,4169000,100
11-25 15:37:52.785  1011  1189 I ASH     : @ 269924.965: tcs3701: stop power rail pending_off timer
11-25 15:37:52.785  1011  1189 D ASH     : @ 269924.965: tcs3701: start power rail timer, state:3
11-25 15:37:52.824  1011  1189 I ASH     : @ 269925.005: tcs3701: stop power rail pending_off timer
11-25 15:37:52.824  1011  1189 D ASH     : @ 269925.005: tcs3701: start power rail timer, state:3
11-25 15:37:52.852 20107 20143 I BatteryMgr:DataCollectionService: stats => 1700923072852,13122,4442,13427,4169000,100
11-25 15:37:52.865  1011  1189 I ASH     : @ 269925.045: tcs3701: stop power rail pending_off timer
11-25 15:37:52.865  1011  1189 D ASH     : @ 269925.045: tcs3701: start power rail timer, state:3
11-25 15:37:52.904  1011  1189 I ASH     : @ 269925.085: tcs3701: stop power rail pending_off timer
11-25 15:37:52.904  1011  1189 D ASH     : @ 269925.085: tcs3701: start power rail timer, state:3
11-25 15:37:52.944  1011  1189 I ASH     : @ 269925.125: tcs3701: stop power rail pending_off timer
11-25 15:37:52.944  1011  1189 D ASH     : @ 269925.125: tcs3701: start power rail timer, state:3
11-25 15:37:52.960 20107 20143 I BatteryMgr:DataCollectionService: stats => 1700923072960,13122,4442,13427,4169000,100
11-25 15:37:52.984  1011  1189 I ASH     : @ 269925.165: tcs3701: stop power rail pending_off timer
11-25 15:37:52.984  1011  1189 D ASH     : @ 269925.165: tcs3701: start power rail timer, state:3
11-25 15:37:53.024  1011  1189 I ASH     : @ 269925.205: tcs3701: stop power rail pending_off timer
11-25 15:37:53.024  1011  1189 D ASH     : @ 269925.205: tcs3701: start power rail timer, state:3
11-25 15:37:53.064  1011  1189 I ASH     : @ 269925.245: tcs3701: stop power rail pending_off timer
11-25 15:37:53.064  1011  1189 D ASH     : @ 269925.245: tcs3701: start power rail timer, state:3
11-25 15:37:53.067 20107 20143 I BatteryMgr:DataCollectionService: stats => 1700923073067,13122,4442,13427,4169000,100
11-25 15:37:53.104  1011  1189 I ASH     : @ 269925.285: tcs3701: stop power rail pending_off timer
11-25 15:37:53.104  1011  1189 D ASH     : @ 269925.285: tcs3701: start power rail timer, state:3
11-25 15:37:53.146  1011  1189 I ASH     : @ 269925.325: tcs3701: stop power rail pending_off timer
11-25 15:37:53.146  1011  1189 D ASH     : @ 269925.325: tcs3701: start power rail timer, state:3
11-25 15:37:53.152  1795  3613 D ActivityManager: freezer override set to true
11-25 15:37:53.184  1011  1189 I ASH     : @ 269925.365: tcs3701: stop power rail pending_off timer
11-25 15:37:53.184  1011  1189 D ASH     : @ 269925.365: tcs3701: start power rail timer, state:3
11-25 15:37:53.187 20107 20143 I BatteryMgr:DataCollectionService: stats => 1700923073187,13122,4442,13427,4169000,100
11-25 15:37:53.224  1011  1189 I ASH     : @ 269925.405: tcs3701: stop power rail pending_off timer
11-25 15:37:53.225  1011  1189 D ASH     : @ 269925.405: tcs3701: start power rail timer, state:3
11-25 15:37:53.265  1011  1189 I ASH     : @ 269925.445: tcs3701: stop power rail pending_off timer
11-25 15:37:53.266  1011  1189 D ASH     : @ 269925.445: tcs3701: start power rail timer, state:3
11-25 15:37:53.294 20107 20143 I BatteryMgr:DataCollectionService: stats => 1700923073294,13122,4442,13427,4169000,100
11-25 15:37:53.304  1011  1189 I ASH     : @ 269925.485: tcs3701: stop power rail pending_off timer
11-25 15:37:53.305  1011  1189 D ASH     : @ 269925.485: tcs3701: start power rail timer, state:3
11-25 15:37:53.344 31613 31628 I m.chrome.canary: Explicit concurrent copying GC freed 4145(228KB) AllocSpace objects, 5(100KB) LOS objects, 75% free, 13MB/52MB, paused 26us,29us total 50.720ms
11-25 15:37:53.344  1011  1189 I ASH     : @ 269925.525: tcs3701: stop power rail pending_off timer
11-25 15:37:53.344  1011  1189 D ASH     : @ 269925.525: tcs3701: start power rail timer, state:3
11-25 15:37:53.385  1011  1189 I ASH     : @ 269925.565: tcs3701: stop power rail pending_off timer
11-25 15:37:53.385  1011  1189 D ASH     : @ 269925.565: tcs3701: start power rail timer, state:3
11-25 15:37:53.405  1795  3613 D ActivityManager: freezer override set to false
11-25 15:37:53.409 20107 20143 I BatteryMgr:DataCollectionService: stats => 1700923073409,13122,4442,13427,4169000,100
11-25 15:37:53.425  1011  1189 I ASH     : @ 269925.605: tcs3701: stop power rail pending_off timer
11-25 15:37:53.425  1011  1189 D ASH     : @ 269925.605: tcs3701: start power rail timer, state:3
11-25 15:37:53.455  1795  3613 D ActivityManager: freezer override set to true
11-25 15:37:53.462  1795  3613 D ActivityManager: freezer override set to false
11-25 15:37:53.464  1011  1189 I ASH     : @ 269925.645: tcs3701: stop power rail pending_off timer
11-25 15:37:53.464  1011  1189 D ASH     : @ 269925.645: tcs3701: start power rail timer, state:3
11-25 15:37:53.469  1795  3613 D ActivityManager: freezer override set to true
11-25 15:37:53.474  1795  3613 D ActivityManager: freezer override set to false
11-25 15:37:53.505  1011  1189 I ASH     : @ 269925.685: tcs3701: stop power rail pending_off timer
11-25 15:37:53.505  1011  1189 D ASH     : @ 269925.685: tcs3701: start power rail timer, state:3
11-25 15:37:53.522 20107 20143 I BatteryMgr:DataCollectionService: stats => 1700923073522,13122,4442,13427,4169000,100
11-25 15:37:53.544  1011  1189 I ASH     : @ 269925.725: tcs3701: stop power rail pending_off timer
11-25 15:37:53.544  1011  1189 D ASH     : @ 269925.725: tcs3701: start power rail timer, state:3
11-25 15:37:53.577  1795  3613 D ActivityManager: freezer override set to true
11-25 15:37:53.580  1795  3613 D ActivityManager: freezer override set to false
11-25 15:37:53.584  1011  1189 I ASH     : @ 269925.765: tcs3701: stop power rail pending_off timer
11-25 15:37:53.584  1011  1189 D ASH     : @ 269925.765: tcs3701: start power rail timer, state:3
11-25 15:37:53.625  1011  1189 I ASH     : @ 269925.805: tcs3701: stop power rail pending_off timer
11-25 15:37:53.626  1011  1189 D ASH     : @ 269925.805: tcs3701: start power rail timer, state:3
11-25 15:37:53.629  1795  3784 W JobScheduler: Job didn't exist in JobStore: be00b19 #u0a202/1034 com.google.android.apps.photos/com.google.android.libraries.social.mediamonitor.MediaMonitorJobSchedulerService
11-25 15:37:53.633 20107 20143 I BatteryMgr:DataCollectionService: stats => 1700923073633,13122,4442,13427,4169000,100
11-25 15:37:53.664  1011  1189 I ASH     : @ 269925.845: tcs3701: stop power rail pending_off timer
11-25 15:37:53.664  1011  1189 D ASH     : @ 269925.845: tcs3701: start power rail timer, state:3
11-25 15:37:53.704  1011  1189 I ASH     : @ 269925.885: tcs3701: stop power rail pending_off timer
11-25 15:37:53.704  1011  1189 D ASH     : @ 269925.885: tcs3701: start power rail timer, state:3
11-25 15:37:53.742 20107 20143 I BatteryMgr:DataCollectionService: stats => 1700923073741,13122,4442,13427,4169000,100
11-25 15:37:53.744  1011  1189 I ASH     : @ 269925.925: tcs3701: stop power rail pending_off timer
11-25 15:37:53.744  1011  1189 D ASH     : @ 269925.925: tcs3701: start power rail timer, state:3
11-25 15:37:53.768  1795  3613 W UriGrantsManagerService: No permission grants found for com.google.android.apps.photos
11-25 15:37:53.771  1795  3613 W UriGrantsManagerService: No permission grants found for com.google.android.apps.photos
11-25 15:37:53.784  1011  1189 I ASH     : @ 269925.965: tcs3701: stop power rail pending_off timer
11-25 15:37:53.784  1011  1189 D ASH     : @ 269925.965: tcs3701: start power rail timer, state:3
11-25 15:37:53.824  1011  1189 I ASH     : @ 269926.005: tcs3701: stop power rail pending_off timer
11-25 15:37:53.824  1011  1189 D ASH     : @ 269926.005: tcs3701: start power rail timer, state:3
11-25 15:37:53.851 20107 20143 I BatteryMgr:DataCollectionService: stats => 1700923073850,13122,4442,13427,4169000,100
11-25 15:37:53.864  1011  1189 I ASH     : @ 269926.045: tcs3701: stop power rail pending_off timer
11-25 15:37:53.864  1011  1189 D ASH     : @ 269926.045: tcs3701: start power rail timer, state:3
11-25 15:37:53.904  1011  1189 I ASH     : @ 269926.085: tcs3701: stop power rail pending_off timer
11-25 15:37:53.904  1011  1189 D ASH     : @ 269926.085: tcs3701: start power rail timer, state:3
11-25 15:37:53.944  1011  1189 I ASH     : @ 269926.125: tcs3701: stop power rail pending_off timer
11-25 15:37:53.944  1011  1189 D ASH     : @ 269926.125: tcs3701: start power rail timer, state:3
11-25 15:37:53.958  1795  3613 W UriGrantsManagerService: No permission grants found for com.google.android.apps.photos
11-25 15:37:53.959 20107 20143 I BatteryMgr:DataCollectionService: stats => 1700923073959,13122,4442,13427,4169000,100
11-25 15:37:53.977  1795  3784 W UriGrantsManagerService: No permission grants found for com.google.android.apps.photos
11-25 15:37:53.984  1011  1189 I ASH     : @ 269926.165: tcs3701: stop power rail pending_off timer
11-25 15:37:53.984  1011  1189 D ASH     : @ 269926.165: tcs3701: start power rail timer, state:3
11-25 15:37:54.025  1011  1189 I ASH     : @ 269926.205: tcs3701: stop power rail pending_off timer
11-25 15:37:54.025  1011  1189 D ASH     : @ 269926.205: tcs3701: start power rail timer, state:3
11-25 15:37:54.064  1011  1189 I ASH     : @ 269926.245: tcs3701: stop power rail pending_off timer
11-25 15:37:54.064  1011  1189 D ASH     : @ 269926.245: tcs3701: start power rail timer, state:3
11-25 15:37:54.067 20107 20143 I BatteryMgr:DataCollectionService: stats => 1700923074067,13122,4442,13427,4169000,100
11-25 15:37:54.073  1795  3784 W UriGrantsManagerService: No permission grants found for com.google.android.apps.photos
11-25 15:37:54.093  1795  3784 W UriGrantsManagerService: No permission grants found for com.google.android.apps.photos
11-25 15:37:54.104  1011  1189 I ASH     : @ 269926.285: tcs3701: stop power rail pending_off timer
11-25 15:37:54.104  1011  1189 D ASH     : @ 269926.285: tcs3701: start power rail timer, state:3
11-25 15:37:54.144  1011  1189 I ASH     : @ 269926.325: tcs3701: stop power rail pending_off timer
11-25 15:37:54.144  1011  1189 D ASH     : @ 269926.325: tcs3701: start power rail timer, state:3
11-25 15:37:54.180 20107 20143 I BatteryMgr:DataCollectionService: stats => 1700923074180,13122,4442,13427,4169000,100
11-25 15:37:54.185  1011  1189 I ASH     : @ 269926.365: tcs3701: stop power rail pending_off timer
11-25 15:37:54.185  1011  1189 D ASH     : @ 269926.365: tcs3701: start power rail timer, state:3
11-25 15:37:54.225  1011  1189 I ASH     : @ 269926.405: tcs3701: stop power rail pending_off timer
11-25 15:37:54.225  1011  1189 D ASH     : @ 269926.405: tcs3701: start power rail timer, state:3
11-25 15:37:54.264  1011  1189 I ASH     : @ 269926.445: tcs3701: stop power rail pending_off timer
11-25 15:37:54.264  1011  1189 D ASH     : @ 269926.445: tcs3701: start power rail timer, state:3
11-25 15:37:54.286 20107 20143 I BatteryMgr:DataCollectionService: stats => 1700923074286,13122,4442,13427,4169000,100
11-25 15:37:54.304  1011  1189 I ASH     : @ 269926.485: tcs3701: stop power rail pending_off timer
11-25 15:37:54.304  1011  1189 D ASH     : @ 269926.485: tcs3701: start power rail timer, state:3
11-25 15:37:54.345  1011  1189 I ASH     : @ 269926.525: tcs3701: stop power rail pending_off timer
11-25 15:37:54.345  1011  1189 D ASH     : @ 269926.525: tcs3701: start power rail timer, state:3
11-25 15:37:54.384  1011  1189 I ASH     : @ 269926.565: tcs3701: stop power rail pending_off timer
11-25 15:37:54.384  1011  1189 D ASH     : @ 269926.565: tcs3701: start power rail timer, state:3
11-25 15:37:54.392 20107 20143 I BatteryMgr:DataCollectionService: stats => 1700923074392,13122,4442,13427,4169000,100
11-25 15:37:54.425  1011  1189 I ASH     : @ 269926.605: tcs3701: stop power rail pending_off timer
11-25 15:37:54.425  1011  1189 D ASH     : @ 269926.605: tcs3701: start power rail timer, state:3
11-25 15:37:54.450  1795  3784 D ActivityManager: freezer override set to true
11-25 15:37:54.456  1795  3784 D ActivityManager: freezer override set to false
11-25 15:37:54.464  1011  1189 I ASH     : @ 269926.645: tcs3701: stop power rail pending_off timer
11-25 15:37:54.464  1011  1189 D ASH     : @ 269926.645: tcs3701: start power rail timer, state:3
11-25 15:37:54.504 20107 20143 I BatteryMgr:DataCollectionService: stats => 1700923074503,13122,4442,13427,4169000,100
11-25 15:37:54.505  1011  1189 I ASH     : @ 269926.685: tcs3701: stop power rail pending_off timer
11-25 15:37:54.505  1011  1189 D ASH     : @ 269926.685: tcs3701: start power rail timer, state:3
11-25 15:37:54.544  1011  1189 I ASH     : @ 269926.725: tcs3701: stop power rail pending_off timer
11-25 15:37:54.544  1011  1189 D ASH     : @ 269926.725: tcs3701: start power rail timer, state:3
11-25 15:37:54.585  1011  1189 I ASH     : @ 269926.765: tcs3701: stop power rail pending_off timer
11-25 15:37:54.585  1011  1189 D ASH     : @ 269926.765: tcs3701: start power rail timer, state:3
11-25 15:37:54.612 20107 20143 I BatteryMgr:DataCollectionService: stats => 1700923074611,13122,4442,13427,4169000,100
11-25 15:37:54.624  1011  1189 I ASH     : @ 269926.805: tcs3701: stop power rail pending_off timer
11-25 15:37:54.624  1011  1189 D ASH     : @ 269926.805: tcs3701: start power rail timer, state:3
11-25 15:37:54.664  1011  1189 I ASH     : @ 269926.845: tcs3701: stop power rail pending_off timer
11-25 15:37:54.664  1011  1189 D ASH     : @ 269926.845: tcs3701: start power rail timer, state:3
11-25 15:37:54.705  1011  1189 I ASH     : @ 269926.885: tcs3701: stop power rail pending_off timer
11-25 15:37:54.705  1011  1189 D ASH     : @ 269926.885: tcs3701: start power rail timer, state:3
11-25 15:37:54.728 20107 20143 I BatteryMgr:DataCollectionService: stats => 1700923074727,13122,4442,13427,4169000,100
11-25 15:37:54.744  1011  1189 I ASH     : @ 269926.925: tcs3701: stop power rail pending_off timer
11-25 15:37:54.744  1011  1189 D ASH     : @ 269926.925: tcs3701: start power rail timer, state:3
11-25 15:37:54.746  2113  2118 I pixel-thermal: skin-therm-monitor: 37.585
11-25 15:37:54.778  1795  3784 D ActivityManager: freezer override set to true
11-25 15:37:54.785  1011  1189 I ASH     : @ 269926.965: tcs3701: stop power rail pending_off timer
11-25 15:37:54.785  1011  1189 D ASH     : @ 269926.965: tcs3701: start power rail timer, state:3
11-25 15:37:54.824  1011  1189 I ASH     : @ 269927.005: tcs3701: stop power rail pending_off timer
11-25 15:37:54.824  1011  1189 D ASH     : @ 269927.005: tcs3701: start power rail timer, state:3
11-25 15:37:54.835 20107 20143 I BatteryMgr:DataCollectionService: stats => 1700923074835,13122,4442,13427,4169000,100
11-25 15:37:54.864  1011  1189 I ASH     : @ 269927.045: tcs3701: stop power rail pending_off timer
11-25 15:37:54.864  1011  1189 D ASH     : @ 269927.045: tcs3701: start power rail timer, state:3
11-25 15:37:54.904  1011  1189 I ASH     : @ 269927.085: tcs3701: stop power rail pending_off timer
11-25 15:37:54.904  1011  1189 D ASH     : @ 269927.085: tcs3701: start power rail timer, state:3
11-25 15:37:54.912 31613 31628 I m.chrome.canary: Explicit concurrent copying GC freed 4082(208KB) AllocSpace objects, 5(100KB) LOS objects, 75% free, 13MB/52MB, paused 76us,29us total 69.674ms
11-25 15:37:54.944  1011  1189 I ASH     : @ 269927.125: tcs3701: stop power rail pending_off timer
11-25 15:37:54.944  1011  1189 D ASH     : @ 269927.125: tcs3701: start power rail timer, state:3
11-25 15:37:54.947 20107 20143 I BatteryMgr:DataCollectionService: stats => 1700923074947,13122,4442,13427,4169000,100
11-25 15:37:54.967  1795  3784 D ActivityManager: freezer override set to false
11-25 15:37:54.984  1011  1189 I ASH     : @ 269927.165: tcs3701: stop power rail pending_off timer
11-25 15:37:54.984  1011  1189 D ASH     : @ 269927.165: tcs3701: start power rail timer, state:3
11-25 15:37:55.006  1795  3784 D ActivityManager: freezer override set to true
11-25 15:37:55.009  1795  3784 D ActivityManager: freezer override set to false
11-25 15:37:55.025  1011  1189 I ASH     : @ 269927.205: tcs3701: stop power rail pending_off timer
11-25 15:37:55.025  1011  1189 D ASH     : @ 269927.205: tcs3701: start power rail timer, state:3
11-25 15:37:55.051  1795  3613 D ActivityManager: freezer override set to true
11-25 15:37:55.056 20107 20143 I BatteryMgr:DataCollectionService: stats => 1700923075056,13122,4442,13427,4169000,100
11-25 15:37:55.058  1795  3613 D ActivityManager: freezer override set to false
11-25 15:37:55.064  1011  1189 I ASH     : @ 269927.245: tcs3701: stop power rail pending_off timer
11-25 15:37:55.064  1011  1189 D ASH     : @ 269927.245: tcs3701: start power rail timer, state:3
11-25 15:37:55.105  1011  1189 I ASH     : @ 269927.285: tcs3701: stop power rail pending_off timer
11-25 15:37:55.105  1011  1189 D ASH     : @ 269927.285: tcs3701: start power rail timer, state:3
11-25 15:37:55.144  1011  1189 I ASH     : @ 269927.325: tcs3701: stop power rail pending_off timer
11-25 15:37:55.144  1011  1189 D ASH     : @ 269927.325: tcs3701: start power rail timer, state:3
11-25 15:37:55.164 20107 20143 I BatteryMgr:DataCollectionService: stats => 1700923075164,13122,4442,13427,4169000,100
11-25 15:37:55.184  1011  1189 I ASH     : @ 269927.365: tcs3701: stop power rail pending_off timer
11-25 15:37:55.185  1011  1189 D ASH     : @ 269927.365: tcs3701: start power rail timer, state:3
11-25 15:37:55.225  1011  1189 I ASH     : @ 269927.405: tcs3701: stop power rail pending_off timer
11-25 15:37:55.225  1011  1189 D ASH     : @ 269927.405: tcs3701: start power rail timer, state:3
11-25 15:37:55.264  1011  1189 I ASH     : @ 269927.445: tcs3701: stop power rail pending_off timer
11-25 15:37:55.264  1011  1189 D ASH     : @ 269927.445: tcs3701: start power rail timer, state:3
11-25 15:37:55.272 20107 20143 I BatteryMgr:DataCollectionService: stats => 1700923075272,13122,4442,13427,4169000,100
11-25 15:37:55.304  1011  1189 I ASH     : @ 269927.485: tcs3701: stop power rail pending_off timer
11-25 15:37:55.304  1011  1189 D ASH     : @ 269927.485: tcs3701: start power rail timer, state:3
11-25 15:37:55.338  1795  2424 D WifiClientModeImpl[13802:wlan0]: updateLinkLayerStatsRssiSpeedFrequencyCapabilities rssi=-48 TxLinkspeed=866 freq=5240 RxLinkSpeed=866
11-25 15:37:55.338  1795  2424 D WifiDataStall: tx tput in kbps: 755043
11-25 15:37:55.338  1795  2424 D WifiDataStall: rx tput in kbps: 811875
11-25 15:37:55.338  1795  2424 V WifiConfigManager: Updating scan detail cache freq=5240 BSSID=f4:6d:2f:12:cc:88 RSSI=-47 for "ourhome"WPA_PSK
11-25 15:37:55.339  2782  5906 D QCNEJ/WlanStaInfoRelay: Received action: android.net.wifi.RSSI_CHANGED
11-25 15:37:55.339  1795  2424 D WifiChannelUtilization:  freq: 5240 onTime: 7711556 busyTime: 721936 onTimeDiff: 120861 busyTimeDiff: 7963 utilization: 16 utilization t0: 23
11-25 15:37:55.339  1795  2424 D WifiDataStall:  ccaLevel = 16
11-25 15:37:55.339  1795  2424 D WifiDataStall: L2 txTputKbps: 771281, rxTputKbps: 811875, L3 txTputKbps: 0, rxTputKbps: 0, TxTrafficHigh: false, RxTrafficHigh: false, Throughput Sufficient: true
11-25 15:37:55.339  2673 18847 V WifiManager: OnWifiUsabilityStatsListener: onWifiUsabilityStats: seqNum=68554
11-25 15:37:55.339  1795  2424 D WifiScoreReport: Wifi scoring disabled - Don't check IP layer
11-25 15:37:55.339  1795  2424 D WifiScoreCard: BSSID update SIGNAL_POLL ID: 1320464697 SSID: "ourhome", BSSID: f4:6d:2f:12:cc:88, MAC: b2:2f:ec:da:4a:0c, IP: /192.168.1.104, Security type: 2, Supplicant state: COMPLETED, Wi-Fi standard: 5, RSSI: -48, Link speed: 866Mbps, Tx Link speed: 866Mbps, Max Supported Tx Link speed: 866Mbps, Rx Link speed: 866Mbps, Max Supported Rx Link speed: 866Mbps, Frequency: 5240MHz, Net ID: 12, Metered hint: false, score: 60, isUsable: true, CarrierMerged: false, SubscriptionId: -1, IsPrimary: 1, Trusted: true, Restricted: false, Ephemeral: false, OEM paid: false, OEM private: false, OSU AP: false, FQDN: <none>, Provider friendly name: <none>, Requesting package name: <none>"ourhome"wpa2-pskMLO Information: , Is TID-To-Link negotiation supported by the AP: false, AP MLD Address: <none>, AP MLO Link Id: <none>, AP MLO Affiliated links: <none>
11-25 15:37:55.339  1795  2424 D WifiScoreCard: txRate: 6 txSpeed: 866
11-25 15:37:55.339  1795  2424 D WifiScoreCard: network update SIGNAL_POLL "ourhome" ID: 1499892569 RSSI -48 txSpeed 866
