11-25 15:34:57.626  1795  2735 D CompatibilityChangeReporter: Compat change id reported: 214016041; UID 10010; state: ENABLED
11-25 15:34:57.629  3375  3375 I GoogleInputMethodService: GoogleInputMethodService.onFinishInput():3154 
11-25 15:34:57.630  3375  3375 I GoogleInputMethodService: GoogleInputMethodService.updateDeviceLockedStatus():2088 repeatCheckTimes = 0, locked = false
11-25 15:34:57.631  3375  3375 I GoogleInputMethodService: GoogleInputMethodService.onStartInput():1883 onStartInput(EditorInfo{EditorInfo{packageName=com.chrome.canary, inputType=0, inputTypeString=NULL, enableLearning=false, autoCorrection=false, autoComplete=false, imeOptions=12000000, privateImeOptions=null, actionName=UNSPECIFIED, actionLabel=null, initialSelStart=-1, initialSelEnd=-1, initialCapsMode=0, label=null, fieldId=-1, fieldName=null, extras=null, hintText=null, hintLocales=[]}}, false)
11-25 15:34:57.632  3375  3375 I GoogleInputMethodService: GoogleInputMethodService.updateDeviceLockedStatus():2088 repeatCheckTimes = 1, locked = false
11-25 15:34:57.664  1011  1189 I ASH     : @ 269749.844: tcs3701: stop power rail pending_off timer
11-25 15:34:57.664  1011  1189 D ASH     : @ 269749.845: tcs3701: start power rail timer, state:3
11-25 15:34:57.704  1011  1189 I ASH     : @ 269749.885: tcs3701: stop power rail pending_off timer
11-25 15:34:57.704  1011  1189 D ASH     : @ 269749.885: tcs3701: start power rail timer, state:3
11-25 15:34:57.719  3875  3888 W earchbox:search: Reducing the number of considered missed Gc histogram windows from 176 to 100
11-25 15:34:57.745  1011  1189 I ASH     : @ 269749.924: tcs3701: stop power rail pending_off timer
11-25 15:34:57.745  1011  1189 D ASH     : @ 269749.925: tcs3701: start power rail timer, state:3
11-25 15:34:57.765 26837 27259 I Auth    : [RequestTokenOperation] Facet event logged for AUTH_ACCOUNT_BASE_TOKEN_RETURNED [CONTEXT service_id=343 ]
11-25 15:34:57.767 26837 26837 D BoundBrokerSvc: onBind: Intent { act=com.google.android.gms.auth.account.workaccount.START dat=chimera-action:/... cmp=com.google.android.gms/.chimera.PersistentApiService }
11-25 15:34:57.768 26837 26837 D BoundBrokerSvc: Loading bound service for intent: Intent { act=com.google.android.gms.auth.account.workaccount.START dat=chimera-action:/... cmp=com.google.android.gms/.chimera.PersistentApiService }
11-25 15:34:57.772 26837 26837 E AbstractGmsTracer: Traced class shouldn't be obfuscated: WorkAccountApiService [CONTEXT service_id=259 ]
11-25 15:34:57.775  2113  2118 I pixel-thermal: skin-therm-monitor: 36.213
11-25 15:34:57.784  1011  1189 I ASH     : @ 269749.964: tcs3701: stop power rail pending_off timer
11-25 15:34:57.784  1011  1189 D ASH     : @ 269749.965: tcs3701: start power rail timer, state:3
11-25 15:34:57.799 27058 27124 W chromium: [WARNING:ev_root_ca_metadata.cc(119)] Not implemented
11-25 15:34:57.799 27058 27124 W chromium: [WARNING:ev_root_ca_metadata.cc(119)] Not implemented
11-25 15:34:57.814 27058 27124 I cr_ADCP : No customization source found
11-25 15:34:57.817 26837 26837 D BoundBrokerSvc: onBind: Intent { act=com.google.android.gms.icing.LIGHTWEIGHT_INDEX_SERVICE pkg=com.google.android.gms }
11-25 15:34:57.817 26837 26837 D BoundBrokerSvc: Loading bound service for intent: Intent { act=com.google.android.gms.icing.LIGHTWEIGHT_INDEX_SERVICE pkg=com.google.android.gms }
11-25 15:34:57.817 26837 26837 E AbstractGmsTracer: Traced class shouldn't be obfuscated: LightweightIndexChimeraService [CONTEXT service_id=259 ]
11-25 15:34:57.822 27058 27124 E cr_PartnerBMReader: ATTENTION: not using partner bookmarks as none were provided
11-25 15:34:57.826  1011  1189 I ASH     : @ 269750.004: tcs3701: stop power rail pending_off timer
11-25 15:34:57.826  1011  1189 D ASH     : @ 269750.005: tcs3701: start power rail timer, state:3
11-25 15:34:57.830 26741 26741 D BoundBrokerSvc: onBind: Intent { act=com.google.android.gms.feedback.internal.IFeedbackService dat=chimera-action:/... cmp=com.google.android.gms/.chimera.GmsBoundBrokerService }
11-25 15:34:57.830 26741 26741 D BoundBrokerSvc: Loading bound service for intent: Intent { act=com.google.android.gms.feedback.internal.IFeedbackService dat=chimera-action:/... cmp=com.google.android.gms/.chimera.GmsBoundBrokerService }
11-25 15:34:57.840 26837 26837 E AbstractGmsTracer: Traced class shouldn't be obfuscated: LockboxBrokerChimeraService [CONTEXT service_id=259 ]
11-25 15:34:57.845 26741 26741 E AbstractGmsTracer: Traced class shouldn't be obfuscated: AppIndexingChimeraService [CONTEXT service_id=259 ]
11-25 15:34:57.846  1795  3613 D ActivityManager: freezer override set to true
11-25 15:34:57.846  1795  3613 D ActivityManager: sync unfroze 16695 com.google.android.setupwizard
11-25 15:34:57.850 26741 26741 E AbstractGmsTracer: Traced class shouldn't be obfuscated: IndexChimeraService [CONTEXT service_id=259 ]
11-25 15:34:57.851  1795  2120 D CompatibilityChangeReporter: Compat change id reported: 143937733; UID 10010; state: ENABLED
11-25 15:34:57.854 26741 26741 E AbstractGmsTracer: Traced class shouldn't be obfuscated: IndexWorkerChimeraService [CONTEXT service_id=259 ]
11-25 15:34:57.855 26741 26767 I Icing   : IndexChimeraService.getServiceInterface callingPackage=com.google.android.gms componentName=null serviceId=30
11-25 15:34:57.859 26741 26741 E AbstractGmsTracer: Traced class shouldn't be obfuscated: GmsBoundBrokerChimeraService [CONTEXT service_id=259 ]
11-25 15:34:57.859 26741 26741 D BoundBrokerSvc: onBind: Intent { act=com.google.android.gms.common.BIND_SHARED_PREFS pkg=com.google.android.gms }
11-25 15:34:57.859 26741 26741 D BoundBrokerSvc: Loading bound service for intent: Intent { act=com.google.android.gms.common.BIND_SHARED_PREFS pkg=com.google.android.gms }
11-25 15:34:57.860 26741 26741 E AbstractGmsTracer: Traced class shouldn't be obfuscated: SharedPreferencesBoundService [CONTEXT service_id=259 ]
11-25 15:34:57.861 27105 27105 D Zygote  : Forked child process 27237
11-25 15:34:57.863  1795  2120 I ActivityManager: Start proc 27237:com.chrome.canary:sandboxed_process0:org.chromium.content.app.SandboxedProcessService0:1/u0ai1 for  {com.chrome.canary/org.chromium.content.app.SandboxedProcessService0:1}
11-25 15:34:57.864 27237 27237 E libc    : SetHeapTaggingLevel: re-enabling tagging after it was disabled is not supported
11-25 15:34:57.864  1011  1189 I ASH     : @ 269750.044: tcs3701: stop power rail pending_off timer
11-25 15:34:57.864  1011  1189 D ASH     : @ 269750.045: tcs3701: start power rail timer, state:3
11-25 15:34:57.864 26741 26741 D BoundBrokerSvc: onUnbind: Intent { act=com.google.android.gms.common.BIND_SHARED_PREFS pkg=com.google.android.gms }
11-25 15:34:57.868 26837 26837 D BoundBrokerSvc: onBind: Intent { act=com.google.android.gms.icing.LIGHTWEIGHT_INDEX_SERVICE dat=chimera-action:/... cmp=com.google.android.gms/.chimera.PersistentApiService }
11-25 15:34:57.868 26837 26837 D BoundBrokerSvc: Loading bound service for intent: Intent { act=com.google.android.gms.icing.LIGHTWEIGHT_INDEX_SERVICE dat=chimera-action:/... cmp=com.google.android.gms/.chimera.PersistentApiService }
11-25 15:34:57.868  1795  3613 D ActivityManager: freezer override set to false
11-25 15:34:57.870 27237 27237 I ocessService0:1: Using CollectorTypeCC GC.
11-25 15:34:57.876  1383  1442 I adbd    : jdwp connection from 27237
11-25 15:34:57.890  3657  4525 D ForegroundUtils: Foreground UID status:
11-25 15:34:57.890  3657  4525 D ForegroundUtils: UID: 10010 is in foreground: true
11-25 15:34:57.890  3657  4525 D ForegroundUtils: UID: 10128 is in foreground: true
11-25 15:34:57.890  3657  4525 D ForegroundUtils: UID: 10158 is in foreground: true
11-25 15:34:57.890  3657  4525 D ForegroundUtils: UID: 10189 is in foreground: false
11-25 15:34:57.890  3657  4525 D ForegroundUtils: UID: 10194 is in foreground: true
11-25 15:34:57.890  3657  4525 D ForegroundUtils: UID: 10206 is in foreground: false
11-25 15:34:57.890  3657  4525 D ForegroundUtils: UID: 10233 is in foreground: true
11-25 15:34:57.890  3657  4525 D ForegroundUtils: UID: 10244 is in foreground: false
11-25 15:34:57.890  3657  4525 D ForegroundUtils: UID: 90000 is in foreground: true
11-25 15:34:57.890  3657  4525 D ForegroundUtils: UID: 90001 is in foreground: true
11-25 15:34:57.890 27237 27237 I ActivityThread: Relaunch all activities: onCoreSettingsChange
11-25 15:34:57.892 27237 27237 D CompatibilityChangeReporter: Compat change id reported: 171979766; UID 90001; state: ENABLED
11-25 15:34:57.905  1011  1189 I ASH     : @ 269750.084: tcs3701: stop power rail pending_off timer
11-25 15:34:57.905  1011  1189 D ASH     : @ 269750.085: tcs3701: start power rail timer, state:3
11-25 15:34:57.908 27237 27237 I LoadedApk: No resource references to update in package com.google.android.trichromelibrary.canary
11-25 15:34:57.909 27237 27237 D NetworkSecurityConfig: Using Network Security Config from resource 0_resource_name_obfuscated debugBuild: false
11-25 15:34:57.910 27237 27237 D NetworkSecurityConfig: Using Network Security Config from resource 0_resource_name_obfuscated debugBuild: false
11-25 15:34:57.911 27237 27237 I cr_SplitCompatApp: Launched version=121.0.6145.0 minSdkVersion=29 isBundle=true processName=com.chrome.canary:sandboxed_process0:org.chromium.content.app.SandboxedProcessService0:1 isIsolated=true
11-25 15:34:57.917 27237 27237 W SystemServiceRegistry: No service published for: uimode
11-25 15:34:57.921  1795  2735 D CompatibilityChangeReporter: Compat change id reported: 161252188; UID 10010; state: DISABLED
11-25 15:34:57.922 27237 27237 I cr_ChildProcessService: Creating new ChildProcessService pid=27237
11-25 15:34:57.926 26741 16488 I Icing   : Usage reports ok 3, Failed Usage reports 0, indexed 2, rejected 0
11-25 15:34:57.931 27237 27254 I cr_LibraryLoader: Successfully loaded native library
11-25 15:34:57.931 27237 27254 I cr_CachingUmaRecorder: Flushed 3 samples from 3 histograms, 0 samples were dropped.
11-25 15:34:57.944  1011  1189 I ASH     : @ 269750.124: tcs3701: stop power rail pending_off timer
11-25 15:34:57.944  1011  1189 D ASH     : @ 269750.125: tcs3701: start power rail timer, state:3
11-25 15:34:57.950 27237 27254 I chromium: [INFO:child_process_service.cc(69)] ChildProcessService: Exiting child process.
11-25 15:34:57.953  1795  2735 I ActivityManager: Killing 27237:com.chrome.canary:sandboxed_process0:org.chromium.content.app.SandboxedProcessService0:1/u0a10i-8999 (adj 0): isolated not needed
11-25 15:34:57.953  1795  2145 I libprocessgroup: Successfully killed process cgroup uid 90001 pid 27237 in 0ms
11-25 15:34:57.968 27058 27058 W chromium: [WARNING:compositor_view.cc(339)] Child process died (type=6) pid=27237)
11-25 15:34:57.968 27105 27105 I Zygote  : Process 27237 exited cleanly (0)
11-25 15:34:57.969  3657  4525 D ForegroundUtils: UID: 90001 deleted.
11-25 15:34:57.984  1011  1189 I ASH     : @ 269750.164: tcs3701: stop power rail pending_off timer
11-25 15:34:57.984  1011  1189 D ASH     : @ 269750.165: tcs3701: start power rail timer, state:3
11-25 15:34:58.024  1011  1189 I ASH     : @ 269750.204: tcs3701: stop power rail pending_off timer
11-25 15:34:58.024  1011  1189 D ASH     : @ 269750.205: tcs3701: start power rail timer, state:3
11-25 15:34:58.062  1795  3613 D ActivityManager: freezer override set to true
11-25 15:34:58.064  1011  1189 I ASH     : @ 269750.244: tcs3701: stop power rail pending_off timer
11-25 15:34:58.064  1011  1189 D ASH     : @ 269750.245: tcs3701: start power rail timer, state:3
11-25 15:34:58.104  1011  1189 I ASH     : @ 269750.284: tcs3701: stop power rail pending_off timer
11-25 15:34:58.104  1011  1189 D ASH     : @ 269750.285: tcs3701: start power rail timer, state:3
11-25 15:34:58.144  1011  1189 I ASH     : @ 269750.324: tcs3701: stop power rail pending_off timer
11-25 15:34:58.144  1011  1189 D ASH     : @ 269750.325: tcs3701: start power rail timer, state:3
11-25 15:34:58.184  1011  1189 I ASH     : @ 269750.364: tcs3701: stop power rail pending_off timer
11-25 15:34:58.184  1011  1189 D ASH     : @ 269750.365: tcs3701: start power rail timer, state:3
11-25 15:34:58.203 27058 27120 I m.chrome.canary: Explicit concurrent copying GC freed 574953(21MB) AllocSpace objects, 25(820KB) LOS objects, 75% free, 8577KB/33MB, paused 117us,21us total 51.409ms
11-25 15:34:58.224  1011  1189 I ASH     : @ 269750.404: tcs3701: stop power rail pending_off timer
11-25 15:34:58.225  1011  1189 D ASH     : @ 269750.405: tcs3701: start power rail timer, state:3
11-25 15:34:58.241  1795  3613 D ActivityManager: freezer override set to false
11-25 15:34:58.264  1011  1189 I ASH     : @ 269750.444: tcs3701: stop power rail pending_off timer
11-25 15:34:58.264  1011  1189 D ASH     : @ 269750.445: tcs3701: start power rail timer, state:3
11-25 15:34:58.299  1795  3613 D ActivityManager: freezer override set to true
11-25 15:34:58.304  1795  3613 D ActivityManager: freezer override set to false
11-25 15:34:58.304  1011  1189 I ASH     : @ 269750.484: tcs3701: stop power rail pending_off timer
11-25 15:34:58.304  1011  1189 D ASH     : @ 269750.485: tcs3701: start power rail timer, state:3
11-25 15:34:58.344  1011  1189 I ASH     : @ 269750.524: tcs3701: stop power rail pending_off timer
11-25 15:34:58.344  1011  1189 D ASH     : @ 269750.525: tcs3701: start power rail timer, state:3
11-25 15:34:58.347  1795  2282 D ActivityManager: freezing 19139 com.google.process.gapps
11-25 15:34:58.359  1795  3613 D ActivityManager: freezer override set to true
11-25 15:34:58.359  1795  3613 D ActivityManager: sync unfroze 19139 com.google.process.gapps
11-25 15:34:58.363  1795  3613 D ActivityManager: freezer override set to false
11-25 15:34:58.384  1011  1189 I ASH     : @ 269750.565: tcs3701: stop power rail pending_off timer
11-25 15:34:58.384  1011  1189 D ASH     : @ 269750.565: tcs3701: start power rail timer, state:3
11-25 15:34:58.424  1011  1189 I ASH     : @ 269750.604: tcs3701: stop power rail pending_off timer
11-25 15:34:58.424  1011  1189 D ASH     : @ 269750.605: tcs3701: start power rail timer, state:3
11-25 15:34:58.464  1011  1189 I ASH     : @ 269750.644: tcs3701: stop power rail pending_off timer
11-25 15:34:58.464  1011  1189 D ASH     : @ 269750.645: tcs3701: start power rail timer, state:3
11-25 15:34:58.504  1011  1189 I ASH     : @ 269750.684: tcs3701: stop power rail pending_off timer
11-25 15:34:58.504  1011  1189 D ASH     : @ 269750.685: tcs3701: start power rail timer, state:3
11-25 15:34:58.543  1795  3613 I ActivityManager: Background started FGS: Allowed [callingPackage: com.android.shell; callingUid: 2000; uidState: NONE; intent: Intent { cmp=com.example.batterymanager_utility/.DataCollectionService (has extras) }; code:SYSTEM_UID; tempAllowListReason:<,reasonCode:SYSTEM_ALLOW_LISTED,duration:9223372036854775807,callingUid:-1>; targetSdkVersion:33; callerTargetSdkVersion:33; startForegroundCount:0; bindFromPackage:null]
11-25 15:34:58.544  1011  1189 I ASH     : @ 269750.724: tcs3701: stop power rail pending_off timer
11-25 15:34:58.544  1011  1189 D ASH     : @ 269750.725: tcs3701: start power rail timer, state:3
11-25 15:34:58.548 20107 20107 I BatteryMgr:DataCollectionService: onStartCommand: begin
11-25 15:34:58.548 20107 20107 I BatteryMgr:DataCollectionService: onStartCommand: sampleRate => 100
11-25 15:34:58.548 20107 20107 I BatteryMgr:DataCollectionService: onStartCommand: rawFields => Timestamp,BATTERY_PROPERTY_CURRENT_NOW,EXTRA_VOLTAGE,BATTERY_PROPERTY_CURRENT_AVERAGE,BATTERY_PROPERTY_CHARGE_COUNTER,BATTERY_PROPERTY_CAPACITY
11-25 15:34:58.549 20107 20107 I BatteryMgr:DataCollectionService: onStartCommand: notification done
11-25 15:34:58.552 20107 20107 I BatteryMgr:DataCollectionService: started foreground
11-25 15:34:58.555 20107 20141 I BatteryMgr:DataCollectionService: collectData: begin
11-25 15:34:58.561 20107 20141 I BatteryMgr:DataCollectionService: stats => 1700922898560,8239,4442,13427,4169000,100
11-25 15:34:58.584  1011  1189 I ASH     : @ 269750.764: tcs3701: stop power rail pending_off timer
11-25 15:34:58.584  1011  1189 D ASH     : @ 269750.765: tcs3701: start power rail timer, state:3
11-25 15:34:58.624  1011  1189 I ASH     : @ 269750.804: tcs3701: stop power rail pending_off timer
11-25 15:34:58.625  1011  1189 D ASH     : @ 269750.805: tcs3701: start power rail timer, state:3
11-25 15:34:58.639 27140 27183 I AdrenoVK-0: QUALCOMM build          : 4783c89, I46ff5fc46f
11-25 15:34:58.639 27140 27183 I AdrenoVK-0: Build Date              : 11/30/20
11-25 15:34:58.639 27140 27183 I AdrenoVK-0: Shader Compiler Version : EV031.31.04.01
11-25 15:34:58.639 27140 27183 I AdrenoVK-0: Local Branch            : QPR2
11-25 15:34:58.639 27140 27183 I AdrenoVK-0: Remote Branch           : 
11-25 15:34:58.639 27140 27183 I AdrenoVK-0: Remote Branch           : 
11-25 15:34:58.639 27140 27183 I AdrenoVK-0: Reconstruct Branch      : 
11-25 15:34:58.639 27140 27183 I AdrenoVK-0: Build Config            : S P 10.0.4 AArch64
11-25 15:34:58.639 27140 27183 I AdrenoVK-0: Driver Path             : /vendor/lib64/hw/vulkan.adreno.so
11-25 15:34:58.664  1011  1189 I ASH     : @ 269750.844: tcs3701: stop power rail pending_off timer
11-25 15:34:58.664  1011  1189 D ASH     : @ 269750.845: tcs3701: start power rail timer, state:3
11-25 15:34:58.668 20107 20141 I BatteryMgr:DataCollectionService: stats => 1700922898668,8239,4442,13427,4169000,100
11-25 15:34:58.704  1011  1189 I ASH     : @ 269750.884: tcs3701: stop power rail pending_off timer
11-25 15:34:58.704  1011  1189 D ASH     : @ 269750.885: tcs3701: start power rail timer, state:3
11-25 15:34:58.744  1011  1189 I ASH     : @ 269750.924: tcs3701: stop power rail pending_off timer
11-25 15:34:58.744  1011  1189 D ASH     : @ 269750.925: tcs3701: start power rail timer, state:3
11-25 15:34:58.752  1795  3324 I ActivityTaskManager: START u0 {act=android.intent.action.VIEW dat=https://playground.babylonjs.com/... flg=0x10000000 cmp=com.chrome.canary/com.google.android.apps.chrome.Main} from uid 2000
11-25 15:34:58.754  1795  3324 D CompatibilityChangeReporter: Compat change id reported: 265464455; UID 10010; state: DISABLED
11-25 15:34:58.754  1795  3324 D CompatibilityChangeReporter: Compat change id reported: 265452344; UID 10010; state: DISABLED
11-25 15:34:58.755  1795  3324 D CompatibilityChangeReporter: Compat change id reported: 266124927; UID 10010; state: DISABLED
11-25 15:34:58.755  1795  3324 D CompatibilityChangeReporter: Compat change id reported: 265451093; UID 10010; state: DISABLED
11-25 15:34:58.755  1795  3324 D CompatibilityChangeReporter: Compat change id reported: 265456536; UID 10010; state: DISABLED
11-25 15:34:58.755  1795  3324 D CompatibilityChangeReporter: Compat change id reported: 255940284; UID 10010; state: DISABLED
11-25 15:34:58.755  1795  3324 D CompatibilityChangeReporter: Compat change id reported: 236283604; UID 10010; state: DISABLED
11-25 15:34:58.756  1795  3324 D CompatibilityChangeReporter: Compat change id reported: 263959004; UID 10010; state: DISABLED
11-25 15:34:58.756  1795  3324 D CompatibilityChangeReporter: Compat change id reported: 264304459; UID 10010; state: DISABLED
11-25 15:34:58.756  1795  3324 D CompatibilityChangeReporter: Compat change id reported: 264301586; UID 10010; state: DISABLED
11-25 15:34:58.756  1795  3324 D CompatibilityChangeReporter: Compat change id reported: 254631730; UID 10010; state: DISABLED
11-25 15:34:58.757  1795  3324 D CompatibilityChangeReporter: Compat change id reported: 273509367; UID 10010; state: DISABLED
11-25 15:34:58.757  1795  3324 D CompatibilityChangeReporter: Compat change id reported: 263259275; UID 10010; state: DISABLED
11-25 15:34:58.757  1795  3324 D CompatibilityChangeReporter: Compat change id reported: 194480991; UID 10010; state: ENABLED
11-25 15:34:58.758  1795  3324 D CompatibilityChangeReporter: Compat change id reported: 174042980; UID 10010; state: DISABLED
11-25 15:34:58.760  1795  3324 D CompatibilityChangeReporter: Compat change id reported: 181136395; UID 10010; state: DISABLED
11-25 15:34:58.761  1795  3324 D CompatibilityChangeReporter: Compat change id reported: 174042936; UID 10010; state: DISABLED
11-25 15:34:58.765  1795  3324 D CompatibilityChangeReporter: Compat change id reported: 194833441; UID 10010; state: ENABLED
11-25 15:34:58.776 20107 20141 I BatteryMgr:DataCollectionService: stats => 1700922898776,8239,4442,13427,4169000,100
11-25 15:34:58.776 27058 27058 W cr_ActivityDispatcher: CustomTabsIntent#shouldAlwaysUseBrowserUI() = false
11-25 15:34:58.777 27058 27058 I cr_VideoPersist: Exited picture in picture with reason: 0
11-25 15:34:58.779 27058 27058 E cr_IntentUtils: getInt failed on bundle null
11-25 15:34:58.784  1011  1189 I ASH     : @ 269750.964: tcs3701: stop power rail pending_off timer
11-25 15:34:58.784  1011  1189 D ASH     : @ 269750.965: tcs3701: start power rail timer, state:3
11-25 15:34:58.803  1795  2120 D CompatibilityChangeReporter: Compat change id reported: 143937733; UID 10010; state: ENABLED
11-25 15:34:58.808 27058 27058 W cr_ActivityDispatcher: CustomTabsIntent#shouldAlwaysUseBrowserUI() = false
11-25 15:34:58.818 27105 27105 D Zygote  : Forked child process 27342
11-25 15:34:58.824  1011  1189 I ASH     : @ 269751.004: tcs3701: stop power rail pending_off timer
11-25 15:34:58.826  1011  1189 D ASH     : @ 269751.005: tcs3701: start power rail timer, state:3
11-25 15:34:58.826 27342 27342 E libc    : SetHeapTaggingLevel: re-enabling tagging after it was disabled is not supported
11-25 15:34:58.827  1795  2120 I ActivityManager: Start proc 27342:com.chrome.canary:sandboxed_process0:org.chromium.content.app.SandboxedProcessService0:2/u0ai2 for  {com.chrome.canary/org.chromium.content.app.SandboxedProcessService0:2}
11-25 15:34:58.832 27058 27058 I cr_OfflineDetector: Running updateState mConnectivityDetectorInitialized: true, mTimeWhenLastForegrounded: 269747647, getElapsedTime: 269747647, mTimeWhenLastOfflineNotificationReceived: 0, mTimeWhenLastOnline: 269746081, mTimeWhenAirplaneModeToggledOff: 0 mApplicationState: 1, mIsOfflineLastReportedByConnectivityDetector: false, mInAirplaneMode: false mIsEffectivelyOffline: false
11-25 15:34:58.832 27058 27058 I cr_OfflineDetector: updateState(): timeSinceLastForeground: 0, timeSinceOfflineNotificationReceived: 269747647, timeSinceLastOnline: 1566, timeNeededForForeground: 2000, timeNeededForOffline: -269745647 timeSinceAirplaneModeToggledOff: 269747647 timeNeededAfterConnectionChangeFromOnlineToOffline: 8434 timeNeededAfterConnectionChangeFromAirplaneToOffline: 0
11-25 15:34:58.832 27058 27058 I cr_OfflineDetector: Running mUpdateOfflineStatusIndicatorDelayedRunnable start. mConnectivityDetectorInitialized: true, mTimeWhenLastForegrounded: 269747647, getElapsedTime: 269747647, mTimeWhenLastOfflineNotificationReceived: 0, mTimeWhenLastOnline: 269746081, mTimeWhenAirplaneModeToggledOff: 0 mApplicationState: 1, mIsOfflineLastReportedByConnectivityDetector: false, mInAirplaneMode: false mIsEffectivelyOffline: false
11-25 15:34:58.836 27058 27058 I cr_InactivityTracker: Last background time read from the SharedPreference is:1700922898765.
11-25 15:34:58.840 27058 27058 I cr_VideoPersist: Exited picture in picture with reason: 0
11-25 15:34:58.843  1795  2735 D CompatibilityChangeReporter: Compat change id reported: 161145287; UID 10010; state: DISABLED
11-25 15:34:58.843 27058 27058 I cr_InactivityTracker: Last visible time read from the SharedPreference is:1700922897356.
11-25 15:34:58.836 27342 27342 I ocessService0:2: Using CollectorTypeCC GC.
11-25 15:34:58.860  1383  1442 I adbd    : jdwp connection from 27342
11-25 15:34:58.865  1011  1189 I ASH     : @ 269751.044: tcs3701: stop power rail pending_off timer
11-25 15:34:58.865  1011  1189 D ASH     : @ 269751.045: tcs3701: start power rail timer, state:3
11-25 15:34:58.866  1795  2735 D ActivityManager: freezer override set to true
11-25 15:34:58.869  1795  4144 D CompatibilityChangeReporter: Compat change id reported: 168419799; UID 10010; state: DISABLED
11-25 15:34:58.869  1795  4144 D CompatibilityChangeReporter: Compat change id reported: 273564678; UID 10010; state: DISABLED
11-25 15:34:58.871 27342 27342 I ActivityThread: Relaunch all activities: onCoreSettingsChange
11-25 15:34:58.872 27342 27342 D CompatibilityChangeReporter: Compat change id reported: 171979766; UID 90002; state: ENABLED
11-25 15:34:58.872  3657  4525 D ForegroundUtils: Foreground UID status:
11-25 15:34:58.872  3657  4525 D ForegroundUtils: UID: 10010 is in foreground: true
11-25 15:34:58.872  3657  4525 D ForegroundUtils: UID: 10128 is in foreground: true
11-25 15:34:58.872  3657  4525 D ForegroundUtils: UID: 10158 is in foreground: true
11-25 15:34:58.872  3657  4525 D ForegroundUtils: UID: 10189 is in foreground: false
11-25 15:34:58.872  3657  4525 D ForegroundUtils: UID: 10194 is in foreground: true
11-25 15:34:58.872  3657  4525 D ForegroundUtils: UID: 10206 is in foreground: false
11-25 15:34:58.872  3657  4525 D ForegroundUtils: UID: 10233 is in foreground: true
11-25 15:34:58.872  3657  4525 D ForegroundUtils: UID: 10244 is in foreground: false
11-25 15:34:58.872  3657  4525 D ForegroundUtils: UID: 90000 is in foreground: true
11-25 15:34:58.872  3657  4525 D ForegroundUtils: UID: 90002 is in foreground: true
11-25 15:34:58.882 27342 27342 I LoadedApk: No resource references to update in package com.google.android.trichromelibrary.canary
11-25 15:34:58.882 27342 27342 D NetworkSecurityConfig: Using Network Security Config from resource 0_resource_name_obfuscated debugBuild: false
11-25 15:34:58.883 27342 27342 D NetworkSecurityConfig: Using Network Security Config from resource 0_resource_name_obfuscated debugBuild: false
11-25 15:34:58.885 27342 27342 I cr_SplitCompatApp: Launched version=121.0.6145.0 minSdkVersion=29 isBundle=true processName=com.chrome.canary:sandboxed_process0:org.chromium.content.app.SandboxedProcessService0:2 isIsolated=true
11-25 15:34:58.888 20107 20141 I BatteryMgr:DataCollectionService: stats => 1700922898887,8239,4442,13427,4169000,100
11-25 15:34:58.890 27342 27342 W SystemServiceRegistry: No service published for: uimode
11-25 15:34:58.892  1795  4144 D CompatibilityChangeReporter: Compat change id reported: 214016041; UID 10010; state: ENABLED
11-25 15:34:58.893 27342 27342 I cr_ChildProcessService: Creating new ChildProcessService pid=27342
11-25 15:34:58.894  3375  3375 I GoogleInputMethodService: GoogleInputMethodService.onFinishInput():3154 
11-25 15:34:58.894  3375  3375 I GoogleInputMethodService: GoogleInputMethodService.updateDeviceLockedStatus():2088 repeatCheckTimes = 0, locked = false
11-25 15:34:58.895  3375  3375 I GoogleInputMethodService: GoogleInputMethodService.onStartInput():1883 onStartInput(EditorInfo{EditorInfo{packageName=com.chrome.canary, inputType=0, inputTypeString=NULL, enableLearning=false, autoCorrection=false, autoComplete=false, imeOptions=12000000, privateImeOptions=null, actionName=UNSPECIFIED, actionLabel=null, initialSelStart=-1, initialSelEnd=-1, initialCapsMode=0, label=null, fieldId=-1, fieldName=null, extras=null, hintText=null, hintLocales=[]}}, false)
11-25 15:34:58.895  3375  3375 I GoogleInputMethodService: GoogleInputMethodService.updateDeviceLockedStatus():2088 repeatCheckTimes = 1, locked = false
11-25 15:34:58.899 27342 27361 I cr_LibraryLoader: Successfully loaded native library
11-25 15:34:58.899 27342 27361 I cr_CachingUmaRecorder: Flushed 3 samples from 3 histograms, 0 samples were dropped.
11-25 15:34:58.904  1011  1189 I ASH     : @ 269751.084: tcs3701: stop power rail pending_off timer
11-25 15:34:58.904  1011  1189 D ASH     : @ 269751.085: tcs3701: start power rail timer, state:3
11-25 15:34:58.916  1795  2735 D ActivityManager: freezer override set to false
11-25 15:34:58.944  1011  1189 I ASH     : @ 269751.124: tcs3701: stop power rail pending_off timer
11-25 15:34:58.944  1011  1189 D ASH     : @ 269751.125: tcs3701: start power rail timer, state:3
11-25 15:34:58.947  3875  3875 I VISHotwordAdapter: Not connected and not waiting for connection.
11-25 15:34:58.952  3875  3875 I VISHotwordAdapter: Still waiting for connection; add the callback to callback list
11-25 15:34:58.959  3875  3875 W VISHotwordAdapter: gsaVis null binding. HDM in use.
11-25 15:34:58.971 27342 27361 I tflite  : Initialized TensorFlow Lite runtime.
11-25 15:34:58.971 27342 27361 W libc    : Access denied finding property "ro.mediatek.platform"
11-25 15:34:58.971 27342 27361 W libc    : Access denied finding property "ro.chipname"
11-25 15:34:58.971 27342 27361 W libc    : Access denied finding property "ro.hardware.chipname"
11-25 15:34:58.984  1011  1189 I ASH     : @ 269751.164: tcs3701: stop power rail pending_off timer
11-25 15:34:58.984  1011  1189 D ASH     : @ 269751.165: tcs3701: start power rail timer, state:3
11-25 15:34:58.995 20107 20141 I BatteryMgr:DataCollectionService: stats => 1700922898995,8239,4442,13427,4169000,100
11-25 15:34:59.016 27058 27058 I cr_StartSurface: Recorded Startup.Android.StartSurfaceShownAtStartup = false
11-25 15:34:59.026  1011  1189 I ASH     : @ 269751.205: tcs3701: stop power rail pending_off timer
11-25 15:34:59.026  1011  1189 D ASH     : @ 269751.205: tcs3701: start power rail timer, state:3
11-25 15:34:59.064  1011  1189 I ASH     : @ 269751.244: tcs3701: stop power rail pending_off timer
11-25 15:34:59.064  1011  1189 D ASH     : @ 269751.245: tcs3701: start power rail timer, state:3
11-25 15:34:59.072 27058 27099 I cr_BindingManager: Visible binding enabled: maxSize=-1
11-25 15:34:59.084 26837 26837 E AbstractGmsTracer: Traced class shouldn't be obfuscated: GoogleAccountAuthenticatorChimeraService [CONTEXT service_id=259 ]
11-25 15:34:59.085  1795  2735 W PackageConfigPersister: App-specific configuration not found for packageName: com.chrome.canary and userId: 0
11-25 15:34:59.088 27058 27058 I cr_A11yState: Enabled accessibility services list updated.
11-25 15:34:59.088 27058 27058 I cr_A11yState: Informing listeners of changes.
11-25 15:34:59.089 27058 27058 I cr_A11yState: New AccessibilityState: State{isScreenReaderEnabled=false, isTouchExplorationEnabled=false, isPerformGesturesEnabled=false, isAnyAccessibilityServiceEnabled=false, isAccessibilityToolPresent=false, isSpokenFeedbackServicePresent=false, isTextShowPasswordEnabled=true, isOnlyPasswordManagersEnabled=false}
11-25 15:34:59.090 26837 19095 W GmsStrictMode: DISK_READ [CONTEXT service_id=256 ]
11-25 15:34:59.090 26837 19095 W GmsStrictMode: android.os.strictmode.DiskReadViolation
11-25 15:34:59.090 26837 19095 W GmsStrictMode: 	at android.os.StrictMode$AndroidBlockGuardPolicy.onReadFromDisk(StrictMode.java:1658)
11-25 15:34:59.090 26837 19095 W GmsStrictMode: 	at libcore.io.BlockGuardOs.access(BlockGuardOs.java:74)
11-25 15:34:59.090 26837 19095 W GmsStrictMode: 	at libcore.io.ForwardingOs.access(ForwardingOs.java:128)
11-25 15:34:59.090 26837 19095 W GmsStrictMode: 	at android.app.ActivityThread$AndroidOs.access(ActivityThread.java:7795)
11-25 15:34:59.090 26837 19095 W GmsStrictMode: 	at java.io.UnixFileSystem.checkAccess(UnixFileSystem.java:313)
11-25 15:34:59.090 26837 19095 W GmsStrictMode: 	at java.io.File.exists(File.java:813)
11-25 15:34:59.090 26837 19095 W GmsStrictMode: 	at android.app.ContextImpl.getDataDir(ContextImpl.java:2962)
11-25 15:34:59.090 26837 19095 W GmsStrictMode: 	at android.app.ContextImpl.getFilesDir(ContextImpl.java:793)
11-25 15:34:59.090 26837 19095 W GmsStrictMode: 	at android.content.ContextWrapper.getFilesDir(ContextWrapper.java:282)
11-25 15:34:59.090 26837 19095 W GmsStrictMode: 	at android.content.ContextWrapper.getFilesDir(ContextWrapper.java:282)
11-25 15:34:59.090 26837 19095 W GmsStrictMode: 	at android.content.ContextWrapper.getFilesDir(ContextWrapper.java:282)
11-25 15:34:59.090 26837 19095 W GmsStrictMode: 	at android.content.ContextWrapper.getFilesDir(ContextWrapper.java:282)
11-25 15:34:59.090 26837 19095 W GmsStrictMode: 	at yux.<init>(:com.google.android.gms@234414038@23.44.14 (190400-580326705):6)
11-25 15:34:59.090 26837 19095 W GmsStrictMode: 	at ngy.<init>(:com.google.android.gms@234414038@23.44.14 (190400-580326705):3)
11-25 15:34:59.090 26837 19095 W GmsStrictMode: 	at spz.<init>(:com.google.android.gms@234414038@23.44.14 (190400-580326705):44)
11-25 15:34:59.090 26837 19095 W GmsStrictMode: 	at sqa.onCreate(:com.google.android.gms@234414038@23.44.14 (190400-580326705):6)
11-25 15:34:59.090 26837 19095 W GmsStrictMode: 	at nnb.onCreate(:com.google.android.gms@234414038@23.44.14 (190400-580326705):18)
11-25 15:34:59.090 26837 19095 W GmsStrictMode: 	at ages.onCreate(:com.google.android.gms@234414038@23.44.14 (190400-580326705):16)
11-25 15:34:59.090 26837 19095 W GmsStrictMode: 	at android.app.ActivityThread.handleCreateService(ActivityThread.java:4485)
11-25 15:34:59.090 26837 19095 W GmsStrictMode: 	at android.app.ActivityThread.-$$Nest$mhandleCreateService(Unknown Source:0)
11-25 15:34:59.090 26837 19095 W GmsStrictMode: 	at android.app.ActivityThread$H.handleMessage(ActivityThread.java:2160)
11-25 15:34:59.090 26837 19095 W GmsStrictMode: 	at android.os.Handler.dispatchMessage(Handler.java:106)
11-25 15:34:59.090 26837 19095 W GmsStrictMode: 	at android.os.Looper.loopOnce(Looper.java:201)
11-25 15:34:59.090 26837 19095 W GmsStrictMode: 	at android.os.Looper.loop(Looper.java:288)
11-25 15:34:59.090 26837 19095 W GmsStrictMode: 	at android.app.ActivityThread.main(ActivityThread.java:7918)
11-25 15:34:59.090 26837 19095 W GmsStrictMode: 	at java.lang.reflect.Method.invoke(Native Method)
11-25 15:34:59.090 26837 19095 W GmsStrictMode: 	at com.android.internal.os.RuntimeInit$MethodAndArgsCaller.run(RuntimeInit.java:548)
11-25 15:34:59.090 26837 19095 W GmsStrictMode: 	at com.android.internal.os.ZygoteInit.main(ZygoteInit.java:936)
11-25 15:34:59.090 26837 19095 W GmsStrictMode: DISK_READ [CONTEXT service_id=256 ]
11-25 15:34:59.090 26837 19095 W GmsStrictMode: android.os.strictmode.DiskReadViolation
11-25 15:34:59.090 26837 19095 W GmsStrictMode: 	at android.os.StrictMode$AndroidBlockGuardPolicy.onReadFromDisk(StrictMode.java:1658)
11-25 15:34:59.090 26837 19095 W GmsStrictMode: 	at libcore.io.BlockGuardOs.access(BlockGuardOs.java:74)
11-25 15:34:59.090 26837 19095 W GmsStrictMode: 	at libcore.io.ForwardingOs.access(ForwardingOs.java:128)
11-25 15:34:59.090 26837 19095 W GmsStrictMode: 	at android.app.ActivityThread$AndroidOs.access(ActivityThread.java:7795)
11-25 15:34:59.090 26837 19095 W GmsStrictMode: 	at java.io.UnixFileSystem.checkAccess(UnixFileSystem.java:313)
11-25 15:34:59.090 26837 19095 W GmsStrictMode: 	at java.io.File.exists(File.java:813)
11-25 15:34:59.090 26837 19095 W GmsStrictMode: 	at android.app.ContextImpl.ensurePrivateDirExists(ContextImpl.java:759)
11-25 15:34:59.090 26837 19095 W GmsStrictMode: 	at android.app.ContextImpl.ensurePrivateDirExists(ContextImpl.java:750)
11-25 15:34:59.090 26837 19095 W GmsStrictMode: 	at android.app.ContextImpl.getFilesDir(ContextImpl.java:795)
11-25 15:34:59.090 26837 19095 W GmsStrictMode: 	at android.content.ContextWrapper.getFilesDir(ContextWrapper.java:282)
11-25 15:34:59.090 26837 19095 W GmsStrictMode: 	at android.content.ContextWrapper.getFilesDir(ContextWrapper.java:282)
11-25 15:34:59.090 26837 19095 W GmsStrictMode: 	at android.content.ContextWrapper.getFilesDir(ContextWrapper.java:282)
11-25 15:34:59.090 26837 19095 W GmsStrictMode: 	at android.content.ContextWrapper.getFilesDir(ContextWrapper.java:282)
11-25 15:34:59.090 26837 19095 W GmsStrictMode: 	at yux.<init>(:com.google.android.gms@234414038@23.44.14 (190400-580326705):6)
11-25 15:34:59.090 26837 19095 W GmsStrictMode: 	at ngy.<init>(:com.google.android.gms@234414038@23.44.14 (190400-580326705):3)
11-25 15:34:59.090 26837 19095 W GmsStrictMode: 	at spz.<init>(:com.google.android.gms@234414038@23.44.14 (190400-580326705):44)
11-25 15:34:59.090 26837 19095 W GmsStrictMode: 	at sqa.onCreate(:com.google.android.gms@234414038@23.44.14 (190400-580326705):6)
11-25 15:34:59.090 26837 19095 W GmsStrictMode: 	at nnb.onCreate(:com.google.android.gms@234414038@23.44.14 (190400-580326705):18)
11-25 15:34:59.090 26837 19095 W GmsStrictMode: 	at ages.onCreate(:com.google.android.gms@234414038@23.44.14 (190400-580326705):16)
11-25 15:34:59.090 26837 19095 W GmsStrictMode: 	at android.app.ActivityThread.handleCreateService(ActivityThread.java:4485)
11-25 15:34:59.090 26837 19095 W GmsStrictMode: 	at android.app.ActivityThread.-$$Nest$mhandleCreateService(Unknown Source:0)
11-25 15:34:59.090 26837 19095 W GmsStrictMode: 	at android.app.ActivityThread$H.handleMessage(ActivityThread.java:2160)
11-25 15:34:59.090 26837 19095 W GmsStrictMode: 	at android.os.Handler.dispatchMessage(Handler.java:106)
11-25 15:34:59.090 26837 19095 W GmsStrictMode: 	at android.os.Looper.loopOnce(Looper.java:201)
11-25 15:34:59.090 26837 19095 W GmsStrictMode: 	at android.os.Looper.loop(Looper.java:288)
11-25 15:34:59.090 26837 19095 W GmsStrictMode: 	at android.app.ActivityThread.main(ActivityThread.java:7918)
11-25 15:34:59.090 26837 19095 W GmsStrictMode: 	at java.lang.reflect.Method.invoke(Native Method)
11-25 15:34:59.090 26837 19095 W GmsStrictMode: 	at com.android.internal.os.RuntimeInit$MethodAndArgsCaller.run(RuntimeInit.java:548)
11-25 15:34:59.090 26837 19095 W GmsStrictMode: 	at com.android.internal.os.ZygoteInit.main(ZygoteInit.java:936)
11-25 15:34:59.091 26837 19095 W GmsStrictMode: DISK_READ [CONTEXT service_id=256 ]
11-25 15:34:59.091 26837 19095 W GmsStrictMode: android.os.strictmode.DiskReadViolation
11-25 15:34:59.091 26837 19095 W GmsStrictMode: 	at android.os.StrictMode$AndroidBlockGuardPolicy.onReadFromDisk(StrictMode.java:1658)
11-25 15:34:59.091 26837 19095 W GmsStrictMode: 	at libcore.io.BlockGuardOs.access(BlockGuardOs.java:74)
11-25 15:34:59.091 26837 19095 W GmsStrictMode: 	at libcore.io.ForwardingOs.access(ForwardingOs.java:128)
11-25 15:34:59.091 26837 19095 W GmsStrictMode: 	at android.app.ActivityThread$AndroidOs.access(ActivityThread.java:7795)
11-25 15:34:59.091 26837 19095 W GmsStrictMode: 	at java.io.UnixFileSystem.checkAccess(UnixFileSystem.java:313)
11-25 15:34:59.091 26837 19095 W GmsStrictMode: 	at java.io.File.exists(File.java:813)
11-25 15:34:59.091 26837 19095 W GmsStrictMode: 	at android.app.ContextImpl.ensurePrivateDirExists(ContextImpl.java:759)
11-25 15:34:59.091 26837 19095 W GmsStrictMode: 	at android.app.ContextImpl.ensurePrivateDirExists(ContextImpl.java:750)
11-25 15:34:59.091 26837 19095 W GmsStrictMode: 	at android.app.ContextImpl.getFilesDir(ContextImpl.java:795)
11-25 15:34:59.091 26837 19095 W GmsStrictMode: 	at android.content.ContextWrapper.getFilesDir(ContextWrapper.java:282)
11-25 15:34:59.091 26837 19095 W GmsStrictMode: 	at android.content.ContextWrapper.getFilesDir(ContextWrapper.java:282)
11-25 15:34:59.091 26837 19095 W GmsStrictMode: 	at android.content.ContextWrapper.getFilesDir(ContextWrapper.java:282)
11-25 15:34:59.091 26837 19095 W GmsStrictMode: 	at yux.<init>(:com.google.android.gms@234414038@23.44.14 (190400-580326705):6)
11-25 15:34:59.091 26837 19095 W GmsStrictMode: 	at srw.<init>(:com.google.android.gms@234414038@23.44.14 (190400-580326705):33)
11-25 15:34:59.091 26837 19095 W GmsStrictMode: 	at sru.<init>(:com.google.android.gms@234414038@23.44.14 (190400-580326705):31)
11-25 15:34:59.091 26837 19095 W GmsStrictMode: 	at ngy.<init>(:com.google.android.gms@234414038@23.44.14 (190400-580326705):6)
11-25 15:34:59.091 26837 19095 W GmsStrictMode: 	at spz.<init>(:com.google.android.gms@234414038@23.44.14 (190400-580326705):44)
11-25 15:34:59.091 26837 19095 W GmsStrictMode: 	at sqa.onCreate(:com.google.android.gms@234414038@23.44.14 (190400-580326705):6)
11-25 15:34:59.091 26837 19095 W GmsStrictMode: 	at nnb.onCreate(:com.google.android.gms@234414038@23.44.14 (190400-580326705):18)
11-25 15:34:59.091 26837 19095 W GmsStrictMode: 	at ages.onCreate(:com.google.android.gms@234414038@23.44.14 (190400-580326705):16)
11-25 15:34:59.091 26837 19095 W GmsStrictMode: 	at android.app.ActivityThread.handleCreateService(ActivityThread.java:4485)
11-25 15:34:59.091 26837 19095 W GmsStrictMode: 	at android.app.ActivityThread.-$$Nest$mhandleCreateService(Unknown Source:0)
11-25 15:34:59.091 26837 19095 W GmsStrictMode: 	at android.app.ActivityThread$H.handleMessage(ActivityThread.java:2160)
11-25 15:34:59.091 26837 19095 W GmsStrictMode: 	at android.os.Handler.dispatchMessage(Handler.java:106)
11-25 15:34:59.091 26837 19095 W GmsStrictMode: 	at android.os.Looper.loopOnce(Looper.java:201)
11-25 15:34:59.091 26837 19095 W GmsStrictMode: 	at android.os.Looper.loop(Looper.java:288)
11-25 15:34:59.091 26837 19095 W GmsStrictMode: 	at android.app.ActivityThread.main(ActivityThread.java:7918)
11-25 15:34:59.091 26837 19095 W GmsStrictMode: 	at java.lang.reflect.Method.invoke(Native Method)
11-25 15:34:59.091 26837 19095 W GmsStrictMode: 	at com.android.internal.os.RuntimeInit$MethodAndArgsCaller.run(RuntimeInit.java:548)
11-25 15:34:59.091 26837 19095 W GmsStrictMode: 	at com.android.internal.os.ZygoteInit.main(ZygoteInit.java:936)
11-25 15:34:59.091 26837 19095 W GmsStrictMode: DISK_READ [CONTEXT service_id=256 ]
11-25 15:34:59.091 26837 19095 W GmsStrictMode: android.os.strictmode.DiskReadViolation
11-25 15:34:59.091 26837 19095 W GmsStrictMode: 	at android.os.StrictMode$AndroidBlockGuardPolicy.onReadFromDisk(StrictMode.java:1658)
11-25 15:34:59.091 26837 19095 W GmsStrictMode: 	at libcore.io.BlockGuardOs.access(BlockGuardOs.java:74)
11-25 15:34:59.091 26837 19095 W GmsStrictMode: 	at libcore.io.ForwardingOs.access(ForwardingOs.java:128)
11-25 15:34:59.091 26837 19095 W GmsStrictMode: 	at android.app.ActivityThread$AndroidOs.access(ActivityThread.java:7795)
11-25 15:34:59.091 26837 19095 W GmsStrictMode: 	at java.io.UnixFileSystem.checkAccess(UnixFileSystem.java:313)
11-25 15:34:59.091 26837 19095 W GmsStrictMode: 	at java.io.File.exists(File.java:813)
11-25 15:34:59.091 26837 19095 W GmsStrictMode: 	at android.app.ContextImpl.ensurePrivateDirExists(ContextImpl.java:759)
11-25 15:34:59.091 26837 19095 W GmsStrictMode: 	at android.app.ContextImpl.ensurePrivateDirExists(ContextImpl.java:750)
11-25 15:34:59.091 26837 19095 W GmsStrictMode: 	at android.app.ContextImpl.getFilesDir(ContextImpl.java:795)
11-25 15:34:59.091 26837 19095 W GmsStrictMode: 	at android.content.ContextWrapper.getFilesDir(ContextWrapper.java:282)
11-25 15:34:59.091 26837 19095 W GmsStrictMode: 	at android.content.ContextWrapper.getFilesDir(ContextWrapper.java:282)
11-25 15:34:59.091 26837 19095 W GmsStrictMode: 	at android.content.ContextWrapper.getFilesDir(ContextWrapper.java:282)
11-25 15:34:59.091 26837 19095 W GmsStrictMode: 	at yux.<init>(:com.google.android.gms@234414038@23.44.14 (190400-580326705):6)
11-25 15:34:59.091 26837 19095 W GmsStrictMode: 	at sru.<init>(:com.google.android.gms@234414038@23.44.14 (190400-580326705):139)
11-25 15:34:59.091 26837 19095 W GmsStrictMode: 	at ngy.<init>(:com.google.android.gms@234414038@23.44.14 (190400-580326705):6)
11-25 15:34:59.091 26837 19095 W GmsStrictMode: 	at spz.<init>(:com.google.android.gms@234414038@23.44.14 (190400-580326705):44)
11-25 15:34:59.091 26837 19095 W GmsStrictMode: 	at sqa.onCreate(:com.google.android.gms@234414038@23.44.14 (190400-580326705):6)
11-25 15:34:59.091 26837 19095 W GmsStrictMode: 	at nnb.onCreate(:com.google.android.gms@234414038@23.44.14 (190400-580326705):18)
11-25 15:34:59.091 26837 19095 W GmsStrictMode: 	at ages.onCreate(:com.google.android.gms@234414038@23.44.14 (190400-580326705):16)
11-25 15:34:59.091 26837 19095 W GmsStrictMode: 	at android.app.ActivityThread.handleCreateService(ActivityThread.java:4485)
11-25 15:34:59.091 26837 19095 W GmsStrictMode: 	at android.app.ActivityThread.-$$Nest$mhandleCreateService(Unknown Source:0)
11-25 15:34:59.091 26837 19095 W GmsStrictMode: 	at android.app.ActivityThread$H.handleMessage(ActivityThread.java:2160)
11-25 15:34:59.091 26837 19095 W GmsStrictMode: 	at android.os.Handler.dispatchMessage(Handler.java:106)
11-25 15:34:59.091 26837 19095 W GmsStrictMode: 	at android.os.Looper.loopOnce(Looper.java:201)
11-25 15:34:59.091 26837 19095 W GmsStrictMode: 	at android.os.Looper.loop(Looper.java:288)
11-25 15:34:59.091 26837 19095 W GmsStrictMode: 	at android.app.ActivityThread.main(ActivityThread.java:7918)
11-25 15:34:59.091 26837 19095 W GmsStrictMode: 	at java.lang.reflect.Method.invoke(Native Method)
11-25 15:34:59.091 26837 19095 W GmsStrictMode: 	at com.android.internal.os.RuntimeInit$MethodAndArgsCaller.run(RuntimeInit.java:548)
11-25 15:34:59.091 26837 19095 W GmsStrictMode: 	at com.android.internal.os.ZygoteInit.main(ZygoteInit.java:936)
11-25 15:34:59.101 20107 20141 I BatteryMgr:DataCollectionService: stats => 1700922899100,8239,4442,13427,4169000,100
11-25 15:34:59.104  1011  1189 I ASH     : @ 269751.284: tcs3701: stop power rail pending_off timer
11-25 15:34:59.104  1011  1189 D ASH     : @ 269751.285: tcs3701: start power rail timer, state:3
11-25 15:34:59.144  1011  1189 I ASH     : @ 269751.324: tcs3701: stop power rail pending_off timer
11-25 15:34:59.144  1011  1189 D ASH     : @ 269751.325: tcs3701: start power rail timer, state:3
11-25 15:34:59.184  1011  1189 I ASH     : @ 269751.364: tcs3701: stop power rail pending_off timer
11-25 15:34:59.184  1011  1189 D ASH     : @ 269751.365: tcs3701: start power rail timer, state:3
11-25 15:34:59.207 20107 20141 I BatteryMgr:DataCollectionService: stats => 1700922899207,8239,4442,13427,4169000,100
11-25 15:34:59.224  1011  1189 I ASH     : @ 269751.404: tcs3701: stop power rail pending_off timer
11-25 15:34:59.224  1011  1189 D ASH     : @ 269751.405: tcs3701: start power rail timer, state:3
11-25 15:34:59.264  1011  1189 I ASH     : @ 269751.444: tcs3701: stop power rail pending_off timer
11-25 15:34:59.264  1011  1189 D ASH     : @ 269751.445: tcs3701: start power rail timer, state:3
11-25 15:34:59.294 27058 27124 W chromium: [WARNING:ev_root_ca_metadata.cc(119)] Not implemented
11-25 15:34:59.295 27058 27124 W chromium: [WARNING:ev_root_ca_metadata.cc(119)] Not implemented
11-25 15:34:59.304  1011  1189 I ASH     : @ 269751.484: tcs3701: stop power rail pending_off timer
11-25 15:34:59.304  1011  1189 D ASH     : @ 269751.485: tcs3701: start power rail timer, state:3
11-25 15:34:59.317 20107 20141 I BatteryMgr:DataCollectionService: stats => 1700922899317,8239,4442,13427,4169000,100
11-25 15:34:59.343 20352 20365 I native  : I0000 00:00:1700922899.342993   20365 device_profile_database_helpers.cc:563] Found nothing for mTS_ld
11-25 15:34:59.343 20352 20365 I native  : I0000 00:00:1700922899.343275   20365 device_profile_database_helpers.cc:563] Found nothing for redfin/redfin
11-25 15:34:59.343 20352 20365 I native  : I0000 00:00:1700922899.343319   20365 device_profile_database_helpers.cc:550] Considering b4SrL5:11
11-25 15:34:59.343 20352 20365 I native  : I0000 00:00:1700922899.343381   20365 device_profile_database_helpers.cc:509] Device profile for google/redfin/redfin:13/TQ3A.230901.001/10750268:user/release-keys: b4SrL5:11
11-25 15:34:59.345  1011  1189 I ASH     : @ 269751.524: tcs3701: stop power rail pending_off timer
11-25 15:34:59.345  1011  1189 D ASH     : @ 269751.525: tcs3701: start power rail timer, state:3
11-25 15:34:59.354  1011  1189 I VSC     : @ 269751.535: {Fusion} configure fusion 15 16666us 0us.
11-25 15:34:59.354  1011  1189 D VSC     : @ 269751.535: [Game Rotation Vector Sensor] Request accel, interval 16.6 ms, latency 0.0 ms
11-25 15:34:59.354  1011  1189 D VSC     : @ 269751.535: [Game Rotation Vector Sensor] Request gyro, interval 5.0 ms, latency 0.0 ms
11-25 15:34:59.375  1011  1189 D ASH     : @ 269751.555: SensorType 1 resampler quality 3
11-25 15:34:59.375  1011  1189 D ASH     : @ 269751.556: SensorType 1 resampler quality 2
11-25 15:34:59.384  1011  1189 I ASH     : @ 269751.564: tcs3701: stop power rail pending_off timer
11-25 15:34:59.384  1011  1189 D ASH     : @ 269751.565: tcs3701: start power rail timer, state:3
11-25 15:34:59.384  1011  1189 D ASH     : @ 269751.565: SensorType 195 resampler quality 1
11-25 15:34:59.422 20107 20141 I BatteryMgr:DataCollectionService: stats => 1700922899422,8239,4442,13427,4169000,100
11-25 15:34:59.424  1011  1189 I ASH     : @ 269751.604: tcs3701: stop power rail pending_off timer
11-25 15:34:59.424  1011  1189 D ASH     : @ 269751.605: tcs3701: start power rail timer, state:3
11-25 15:34:59.464  1011  1189 I ASH     : @ 269751.644: tcs3701: stop power rail pending_off timer
11-25 15:34:59.464  1011  1189 D ASH     : @ 269751.645: tcs3701: start power rail timer, state:3
11-25 15:34:59.504  1011  1189 I ASH     : @ 269751.684: tcs3701: stop power rail pending_off timer
11-25 15:34:59.504  1011  1189 D ASH     : @ 269751.685: tcs3701: start power rail timer, state:3
11-25 15:34:59.526  1795  3324 D ActivityManager: freezer override set to true
11-25 15:34:59.528 20107 20141 I BatteryMgr:DataCollectionService: stats => 1700922899528,8239,4442,13427,4169000,100
11-25 15:34:59.544  1011  1189 I ASH     : @ 269751.724: tcs3701: stop power rail pending_off timer
11-25 15:34:59.544  1011  1189 D ASH     : @ 269751.725: tcs3701: start power rail timer, state:3
11-25 15:34:59.568 26741 26741 E AbstractGmsTracer: Traced class shouldn't be obfuscated: GmsBoundBrokerChimeraService [CONTEXT service_id=259 ]
11-25 15:34:59.569 26741 26741 D BoundBrokerSvc: onBind: Intent { act=com.google.android.gms.common.BIND_SHARED_PREFS pkg=com.google.android.gms }
11-25 15:34:59.569 26741 26741 D BoundBrokerSvc: Loading bound service for intent: Intent { act=com.google.android.gms.common.BIND_SHARED_PREFS pkg=com.google.android.gms }
11-25 15:34:59.569 26741 26741 E AbstractGmsTracer: Traced class shouldn't be obfuscated: SharedPreferencesBoundService [CONTEXT service_id=259 ]
11-25 15:34:59.573 26741 26741 D BoundBrokerSvc: onUnbind: Intent { act=com.google.android.gms.common.BIND_SHARED_PREFS pkg=com.google.android.gms }
