11-26 18:47:33.020  1795  2120 W ActivityManager: Slow operation: 145ms so far, now at startProcess: returned from zygote!
11-26 18:47:33.021  1795  2120 W ActivityManager: Slow operation: 145ms so far, now at startProcess: done updating battery stats
11-26 18:47:33.021  1795  2120 W ActivityManager: Slow operation: 145ms so far, now at startProcess: building log message
11-26 18:47:33.021  1795  2120 I ActivityManager: Start proc 4212:com.chrome.canary:sandboxed_process0:org.chromium.content.app.SandboxedProcessService0:0/u0ai0 for  {com.chrome.canary/org.chromium.content.app.SandboxedProcessService0:0}
11-26 18:47:33.021  1795  2120 W ActivityManager: Slow operation: 146ms so far, now at startProcess: starting to update pids map
11-26 18:47:33.021  1795  2120 W ActivityManager: Slow operation: 146ms so far, now at startProcess: done updating pids map
11-26 18:47:33.022  4212  4212 E libc    : SetHeapTaggingLevel: re-enabling tagging after it was disabled is not supported
11-26 18:47:33.023   987   987 I Zygote  : Entering forkRepeatedly native zygote loop
11-26 18:47:33.028  4212  4212 I ocessService0:0: Using CollectorTypeCC GC.
11-26 18:47:33.032  2113  2118 I pixel-thermal: skin-therm-monitor: 41.653
11-26 18:47:33.037  1383  1442 I adbd    : jdwp connection from 4212
11-26 18:47:33.037  4089  4089 I chromium: [INFO:primary_account_manager.cc(681)] Removed account from account tracker service: 100083609849983621492
11-26 18:47:33.038   987   987 D Zygote  : Forked child process 4228
11-26 18:47:33.039  1795  2120 I ActivityManager: Start proc 4228:com.chrome.canary:privileged_process0/u0a10 for service {com.chrome.canary/org.chromium.content.app.PrivilegedProcessService0}
11-26 18:47:33.050  1011  1189 I ASH     : @ 367705.221: tcs3701: stop power rail pending_off timer
11-26 18:47:33.050  1011  1189 D ASH     : @ 367705.221: tcs3701: start power rail timer, state:3
11-26 18:47:33.056  3657  3683 D ForegroundUtils: Foreground UID status:
11-26 18:47:33.056  3657  3683 D ForegroundUtils: UID: 10010 is in foreground: true
11-26 18:47:33.056  3657  3683 D ForegroundUtils: UID: 10128 is in foreground: true
11-26 18:47:33.056  3657  3683 D ForegroundUtils: UID: 10158 is in foreground: true
11-26 18:47:33.056  3657  3683 D ForegroundUtils: UID: 10189 is in foreground: false
11-26 18:47:33.056  3657  3683 D ForegroundUtils: UID: 10194 is in foreground: true
11-26 18:47:33.056  3657  3683 D ForegroundUtils: UID: 10206 is in foreground: false
11-26 18:47:33.056  3657  3683 D ForegroundUtils: UID: 10233 is in foreground: true
11-26 18:47:33.056  3657  3683 D ForegroundUtils: UID: 10244 is in foreground: true
11-26 18:47:33.056  3657  3683 D ForegroundUtils: UID: 10319 is in foreground: true
11-26 18:47:33.056  3657  3683 D ForegroundUtils: UID: 90000 is in foreground: true
11-26 18:47:33.062  4228  4228 I ileged_process0: Using CollectorTypeCC GC.
11-26 18:47:33.064  4089  4089 I cr_SmsProviderGms: construction successfull TM3@24709d6, QM3@455db44
11-26 18:47:33.065  4212  4212 I ActivityThread: Relaunch all activities: onCoreSettingsChange
11-26 18:47:33.066  4212  4212 D CompatibilityChangeReporter: Compat change id reported: 171979766; UID 90000; state: ENABLED
11-26 18:47:33.077  1383  1442 I adbd    : jdwp connection from 4228
11-26 18:47:33.084  4212  4212 I LoadedApk: No resource references to update in package com.google.android.trichromelibrary.canary
11-26 18:47:33.085  4212  4212 D NetworkSecurityConfig: Using Network Security Config from resource 0_resource_name_obfuscated debugBuild: false
11-26 18:47:33.086  4212  4212 D NetworkSecurityConfig: Using Network Security Config from resource 0_resource_name_obfuscated debugBuild: false
11-26 18:47:33.087  4212  4212 I cr_SplitCompatApp: Launched version=121.0.6145.0 minSdkVersion=29 isBundle=true processName=com.chrome.canary:sandboxed_process0:org.chromium.content.app.SandboxedProcessService0:0 isIsolated=true
11-26 18:47:33.088  1011  1189 I ASH     : @ 367705.261: tcs3701: stop power rail pending_off timer
11-26 18:47:33.088  1011  1189 D ASH     : @ 367705.261: tcs3701: start power rail timer, state:3
11-26 18:47:33.096  4212  4212 W SystemServiceRegistry: No service published for: uimode
11-26 18:47:33.098  1795  1854 D ConnectivityService: requestNetwork for uid/pid:10010/4089 activeRequest: null callbackRequest: 9699 [NetworkRequest [ REQUEST id=9700, [ Capabilities: INTERNET&NOT_RESTRICTED&TRUSTED&NOT_VCN_MANAGED Uid: 10010 RequestorUid: 10010 RequestorPkg: com.chrome.canary UnderlyingNetworks: Null] ]] callback flags: 0 order: 2147483647
11-26 18:47:33.101  1795  2424 D WifiNetworkFactory: got request NetworkRequest [ REQUEST id=9700, [ Capabilities: INTERNET&NOT_RESTRICTED&TRUSTED&NOT_VCN_MANAGED Uid: 10010 RequestorUid: 10010 RequestorPkg: com.chrome.canary UnderlyingNetworks: Null] ]
11-26 18:47:33.102  1795  2424 V WifiNetworkFactory: Accepted network request NetworkRequest [ REQUEST id=9700, [ Capabilities: INTERNET&NOT_RESTRICTED&TRUSTED&NOT_VCN_MANAGED Uid: 10010 RequestorUid: 10010 RequestorPkg: com.chrome.canary UnderlyingNetworks: Null] ]
11-26 18:47:33.102  1795  2424 D UntrustedWifiNetworkFactory: got request NetworkRequest [ REQUEST id=9700, [ Capabilities: INTERNET&NOT_RESTRICTED&TRUSTED&NOT_VCN_MANAGED Uid: 10010 RequestorUid: 10010 RequestorPkg: com.chrome.canary UnderlyingNetworks: Null] ]
11-26 18:47:33.102  1795  2432 D ConnectivityService: NetReassign [9700 : null  100] [c 0] [a 1] [i 3]
11-26 18:47:33.102  4228  4228 I ActivityThread: Relaunch all activities: onCoreSettingsChange
11-26 18:47:33.102  1795  2424 D OemPaidWifiNetworkFactory: got request NetworkRequest [ REQUEST id=9700, [ Capabilities: INTERNET&NOT_RESTRICTED&TRUSTED&NOT_VCN_MANAGED Uid: 10010 RequestorUid: 10010 RequestorPkg: com.chrome.canary UnderlyingNetworks: Null] ]
11-26 18:47:33.102  1795  2424 D MultiInternetWifiNetworkFactory: got request NetworkRequest [ REQUEST id=9700, [ Capabilities: INTERNET&NOT_RESTRICTED&TRUSTED&NOT_VCN_MANAGED Uid: 10010 RequestorUid: 10010 RequestorPkg: com.chrome.canary UnderlyingNetworks: Null] ]
11-26 18:47:33.103  4228  4228 D CompatibilityChangeReporter: Compat change id reported: 171979766; UID 10010; state: ENABLED
11-26 18:47:33.104  4212  4212 I cr_ChildProcessService: Creating new ChildProcessService pid=4212
11-26 18:47:33.106  4228  4228 W ziparchive: Unable to open '/data/app/~~xK2KNYhs7Vn18sxJkcMggA==/com.google.android.trichromelibrary.canary_614500033-17M9CAQF6V59_-2q0N8dYA==/base.dm': No such file or directory
11-26 18:47:33.106  4228  4228 W ziparchive: Unable to open '/data/app/~~xK2KNYhs7Vn18sxJkcMggA==/com.google.android.trichromelibrary.canary_614500033-17M9CAQF6V59_-2q0N8dYA==/base.dm': No such file or directory
11-26 18:47:33.106  1795  2432 D ConnectivityService: NetReassign [no changes] [c 0] [a 1] [i 3]
11-26 18:47:33.106  4228  4228 W ileged_process0: Entry not found
11-26 18:47:33.107  4228  4228 D nativeloader: Configuring clns-4 for other apk /data/app/~~xK2KNYhs7Vn18sxJkcMggA==/com.google.android.trichromelibrary.canary_614500033-17M9CAQF6V59_-2q0N8dYA==/base.apk. target_sdk_version=34, uses_libraries=ALL, library_path=/data/app/~~z5-dMYmQLvS-4mWZ9yqnFA==/com.chrome.canary-7Pcck9f8OWCuqG0lIoq4tg==/lib/arm64:/data/app/~~z5-dMYmQLvS-4mWZ9yqnFA==/com.chrome.canary-7Pcck9f8OWCuqG0lIoq4tg==/base.apk!/lib/arm64-v8a:/data/app/~~xK2KNYhs7Vn18sxJkcMggA==/com.google.android.trichromelibrary.canary_614500033-17M9CAQF6V59_-2q0N8dYA==/base.apk!/lib/arm64-v8a, permitted_path=/data:/mnt/expand:/data/user/0/com.chrome.canary
11-26 18:47:33.111  4228  4228 D nativeloader: Configuring clns-5 for other apk /data/app/~~z5-dMYmQLvS-4mWZ9yqnFA==/com.chrome.canary-7Pcck9f8OWCuqG0lIoq4tg==/base.apk. target_sdk_version=34, uses_libraries=, library_path=/data/app/~~z5-dMYmQLvS-4mWZ9yqnFA==/com.chrome.canary-7Pcck9f8OWCuqG0lIoq4tg==/lib/arm64:/data/app/~~z5-dMYmQLvS-4mWZ9yqnFA==/com.chrome.canary-7Pcck9f8OWCuqG0lIoq4tg==/base.apk!/lib/arm64-v8a:/data/app/~~xK2KNYhs7Vn18sxJkcMggA==/com.google.android.trichromelibrary.canary_614500033-17M9CAQF6V59_-2q0N8dYA==/base.apk!/lib/arm64-v8a, permitted_path=/data:/mnt/expand:/data/user/0/com.chrome.canary
11-26 18:47:33.124  4228  4228 V GraphicsEnvironment: ANGLE Developer option for 'com.chrome.canary' set to: 'default'
11-26 18:47:33.124  4228  4228 V GraphicsEnvironment: ANGLE GameManagerService for com.chrome.canary: false
11-26 18:47:33.124  4228  4228 V GraphicsEnvironment: Updatable production driver is not supported on the device.
11-26 18:47:33.126  4228  4228 I LoadedApk: No resource references to update in package com.google.android.trichromelibrary.canary
11-26 18:47:33.126  4228  4228 D NetworkSecurityConfig: Using Network Security Config from resource 0_resource_name_obfuscated debugBuild: false
11-26 18:47:33.128  4228  4228 D NetworkSecurityConfig: Using Network Security Config from resource 0_resource_name_obfuscated debugBuild: false
11-26 18:47:33.128  1011  1189 I ASH     : @ 367705.301: tcs3701: stop power rail pending_off timer
11-26 18:47:33.128  1011  1189 D ASH     : @ 367705.301: tcs3701: start power rail timer, state:3
11-26 18:47:33.129  4228  4228 I cr_SplitCompatApp: Launched version=121.0.6145.0 minSdkVersion=29 isBundle=true processName=com.chrome.canary:privileged_process0 isIsolated=false
11-26 18:47:33.140  4089  4089 I cr_EnterpriseInfoImpl: #setCacheResult() deviceOwned:false profileOwned:false
11-26 18:47:33.140  4089  4089 I cr_EnterpriseInfo: #getManagedStateForNative() FQ0@f57886e
11-26 18:47:33.145  4228  4228 I cr_ChildProcessService: Creating new ChildProcessService pid=4228
11-26 18:47:33.153  4228  4268 I cr_LibraryLoader: Loading monochrome_64 from within /data/app/~~z5-dMYmQLvS-4mWZ9yqnFA==/com.chrome.canary-7Pcck9f8OWCuqG0lIoq4tg==/base.apk
11-26 18:47:33.153  4228  4268 I cr_Linker: loadLibraryImplLocked: monochrome_64, relroMode=2
11-26 18:47:33.163  4228  4268 I cr_LibraryLoader: Successfully loaded native library
11-26 18:47:33.164  4228  4268 I cr_CachingUmaRecorder: Flushed 4 samples from 4 histograms, 0 samples were dropped.
11-26 18:47:33.166  4089  4180 I tflite  : Initialized TensorFlow Lite runtime.
11-26 18:47:33.166  4089  4182 W chromium: [WARNING:ev_root_ca_metadata.cc(119)] Not implemented
11-26 18:47:33.166  4089  4182 W chromium: [WARNING:ev_root_ca_metadata.cc(119)] Not implemented
11-26 18:47:33.168  4089  4180 W libc    : Access denied finding property "ro.mediatek.platform"
11-26 18:47:33.168  4089  4180 W libc    : Access denied finding property "ro.chipname"
11-26 18:47:33.168  4089  4180 W libc    : Access denied finding property "ro.hardware.chipname"
11-26 18:47:33.168  1011  1189 I ASH     : @ 367705.341: tcs3701: stop power rail pending_off timer
11-26 18:47:33.168  1011  1189 D ASH     : @ 367705.341: tcs3701: start power rail timer, state:3
11-26 18:47:33.176  4228  4268 I AdrenoGLES-0: QUALCOMM build                   : 4783c89, I46ff5fc46f
11-26 18:47:33.176  4228  4268 I AdrenoGLES-0: Build Date                       : 11/30/20
11-26 18:47:33.176  4228  4268 I AdrenoGLES-0: OpenGL ES Shader Compiler Version: EV031.31.04.01
11-26 18:47:33.176  4228  4268 I AdrenoGLES-0: Local Branch                     : QPR2
11-26 18:47:33.176  4228  4268 I AdrenoGLES-0: Remote Branch                    : 
11-26 18:47:33.176  4228  4268 I AdrenoGLES-0: Remote Branch                    : 
11-26 18:47:33.176  4228  4268 I AdrenoGLES-0: Reconstruct Branch               : 
11-26 18:47:33.176  4228  4268 I AdrenoGLES-0: Build Config                     : S P 10.0.4 AArch64
11-26 18:47:33.176  4228  4268 I AdrenoGLES-0: Driver Path                      : /vendor/lib64/egl/libGLESv2_adreno.so
11-26 18:47:33.179  4228  4268 I AdrenoGLES-0: PFP: 0x016dd093, ME: 0x00000000
11-26 18:47:33.181  4228  4268 W AdrenoUtils: <ReadGpuID_from_sysfs:197>: Failed to open /sys/class/kgsl/kgsl-3d0/gpu_model
11-26 18:47:33.181  4228  4268 W AdrenoUtils: <ReadGpuID:221>: Failed to read chip ID from gpu_model. Fallback to use the GSL path
11-26 18:47:33.192  4089  4182 W chromium: [WARNING:ev_root_ca_metadata.cc(119)] Not implemented
11-26 18:47:33.192  4089  4182 W chromium: [WARNING:ev_root_ca_metadata.cc(119)] Not implemented
11-26 18:47:33.194  1795  4144 D ConnectivityService: requestNetwork for uid/pid:10010/4089 activeRequest: null callbackRequest: 9702 [NetworkRequest [ REQUEST id=9703, [ Capabilities: INTERNET&NOT_RESTRICTED&TRUSTED&NOT_VCN_MANAGED Uid: 10010 RequestorUid: 10010 RequestorPkg: com.chrome.canary UnderlyingNetworks: Null] ]] callback flags: 0 order: 2147483647
11-26 18:47:33.197  1795  3745 D CompatibilityChangeReporter: Compat change id reported: 182734110; UID 10010; state: ENABLED
11-26 18:47:33.198  4089  4089 I cr_CombinedPProvider: #registerProvider() provider:qN2@343746 isPolicyCacheEnabled:true policyProvidersSize:0
11-26 18:47:33.198  4089  4089 I cr_PolicyProvider: #setManagerAndSource() 0
11-26 18:47:33.198  4089  4089 I cr_CombinedPProvider: #registerProvider() provider:fj@5370d07 isPolicyCacheEnabled:false policyProvidersSize:1
11-26 18:47:33.199  1795  2424 D WifiNetworkFactory: got request NetworkRequest [ REQUEST id=9703, [ Capabilities: INTERNET&NOT_RESTRICTED&TRUSTED&NOT_VCN_MANAGED Uid: 10010 RequestorUid: 10010 RequestorPkg: com.chrome.canary UnderlyingNetworks: Null] ]
11-26 18:47:33.199  1795  2424 V WifiNetworkFactory: Accepted network request NetworkRequest [ REQUEST id=9703, [ Capabilities: INTERNET&NOT_RESTRICTED&TRUSTED&NOT_VCN_MANAGED Uid: 10010 RequestorUid: 10010 RequestorPkg: com.chrome.canary UnderlyingNetworks: Null] ]
11-26 18:47:33.199  1795  2424 D UntrustedWifiNetworkFactory: got request NetworkRequest [ REQUEST id=9703, [ Capabilities: INTERNET&NOT_RESTRICTED&TRUSTED&NOT_VCN_MANAGED Uid: 10010 RequestorUid: 10010 RequestorPkg: com.chrome.canary UnderlyingNetworks: Null] ]
11-26 18:47:33.199  1795  2424 D OemPaidWifiNetworkFactory: got request NetworkRequest [ REQUEST id=9703, [ Capabilities: INTERNET&NOT_RESTRICTED&TRUSTED&NOT_VCN_MANAGED Uid: 10010 RequestorUid: 10010 RequestorPkg: com.chrome.canary UnderlyingNetworks: Null] ]
11-26 18:47:33.199  4089  4089 I cr_PolicyProvider: #setManagerAndSource() 1
11-26 18:47:33.199  1795  3745 D CompatibilityChangeReporter: Compat change id reported: 149924527; UID 10010; state: ENABLED
11-26 18:47:33.199  1795  2424 D MultiInternetWifiNetworkFactory: got request NetworkRequest [ REQUEST id=9703, [ Capabilities: INTERNET&NOT_RESTRICTED&TRUSTED&NOT_VCN_MANAGED Uid: 10010 RequestorUid: 10010 RequestorPkg: com.chrome.canary UnderlyingNetworks: Null] ]
11-26 18:47:33.199  1795  2432 D ConnectivityService: NetReassign [9703 : null  100] [c 0] [a 0] [i 4]
11-26 18:47:33.200  4089  4089 I cr_AppResProvider: #getApplicationRestrictionsFromUserManager() Bundle[EMPTY_PARCEL]
11-26 18:47:33.200  4089  4089 I cr_PolicyProvider: #notifySettingsAvailable() 1
11-26 18:47:33.200  4089  4089 I cr_CombinedPProvider: #onSettingsAvailable() 1
11-26 18:47:33.200  1795  3745 D CompatibilityChangeReporter: Compat change id reported: 132649864; UID 10010; state: DISABLED
11-26 18:47:33.202  4089  4089 I cr_CompositorSurfaceMgr: Transitioning to surface with format: -1
11-26 18:47:33.205  4089  4089 I cr_CompositorSurfaceMgr: surfaceCreated format: 0
11-26 18:47:33.206  4228  4268 D vulkan  : searching for layers in '/data/app/~~z5-dMYmQLvS-4mWZ9yqnFA==/com.chrome.canary-7Pcck9f8OWCuqG0lIoq4tg==/lib/arm64'
11-26 18:47:33.206  4228  4268 D vulkan  : searching for layers in '/data/app/~~z5-dMYmQLvS-4mWZ9yqnFA==/com.chrome.canary-7Pcck9f8OWCuqG0lIoq4tg==/base.apk!/lib/arm64-v8a'
11-26 18:47:33.206  4228  4268 D vulkan  : searching for layers in '/data/app/~~xK2KNYhs7Vn18sxJkcMggA==/com.google.android.trichromelibrary.canary_614500033-17M9CAQF6V59_-2q0N8dYA==/base.apk!/lib/arm64-v8a'
11-26 18:47:33.207  1795  2432 D ConnectivityService: NetReassign [no changes] [c 0] [a 0] [i 6]
11-26 18:47:33.208  1011  1189 I ASH     : @ 367705.381: tcs3701: stop power rail pending_off timer
11-26 18:47:33.208  1011  1189 D ASH     : @ 367705.381: tcs3701: start power rail timer, state:3
11-26 18:47:33.209  4089  4089 W m.chrome.canary: Accessing hidden method Landroid/telephony/TelephonyManager;->getSubscriberInfoService()Lcom/android/internal/telephony/IPhoneSubInfo; (blocked, reflection, denied)
11-26 18:47:33.209  4089  4089 W m.chrome.canary: Accessing hidden method Landroid/telephony/TelephonyManager;->getSubscriberInfoService()Lcom/android/internal/telephony/IPhoneSubInfo; (blocked, reflection, denied)
11-26 18:47:33.209  4228  4268 I AdrenoVK-0: ===== BEGIN DUMP OF OVERRIDDEN SETTINGS =====
11-26 18:47:33.209  4228  4268 I AdrenoVK-0: ===== END DUMP OF OVERRIDDEN SETTINGS =====
11-26 18:47:33.209  4089  4089 W m.chrome.canary: Accessing hidden method Landroid/telephony/TelephonyManager;->getSubscriptionService()Lcom/android/internal/telephony/ISub; (blocked, reflection, denied)
11-26 18:47:33.209  4089  4089 W m.chrome.canary: Accessing hidden method Landroid/telephony/TelephonyManager;->getSubscriptionService()Lcom/android/internal/telephony/ISub; (blocked, reflection, denied)
11-26 18:47:33.209  4228  4268 I AdrenoVK-0: QUALCOMM build          : 4783c89, I46ff5fc46f
11-26 18:47:33.209  4228  4268 I AdrenoVK-0: Build Date              : 11/30/20
11-26 18:47:33.209  4228  4268 I AdrenoVK-0: Shader Compiler Version : EV031.31.04.01
11-26 18:47:33.209  4228  4268 I AdrenoVK-0: Local Branch            : QPR2
11-26 18:47:33.209  4228  4268 I AdrenoVK-0: Remote Branch           : 
11-26 18:47:33.209  4228  4268 I AdrenoVK-0: Remote Branch           : 
11-26 18:47:33.209  4228  4268 I AdrenoVK-0: Reconstruct Branch      : 
11-26 18:47:33.209  4228  4268 I AdrenoVK-0: Build Config            : S P 10.0.4 AArch64
11-26 18:47:33.209  4228  4268 I AdrenoVK-0: Driver Path             : /vendor/lib64/hw/vulkan.adreno.so
11-26 18:47:33.209  4089  4089 W m.chrome.canary: Accessing hidden method Landroid/telephony/TelephonyManager;->getSmsService()Lcom/android/internal/telephony/ISms; (blocked, reflection, denied)
11-26 18:47:33.209  4089  4089 W m.chrome.canary: Accessing hidden method Landroid/telephony/TelephonyManager;->getSmsService()Lcom/android/internal/telephony/ISms; (blocked, reflection, denied)
11-26 18:47:33.209  4089  4089 W m.chrome.canary: Accessing hidden method Landroid/telephony/TelephonyManager;->getITelephony()Lcom/android/internal/telephony/ITelephony; (max-target-p, reflection, denied)
11-26 18:47:33.209  4089  4089 W m.chrome.canary: Accessing hidden method Landroid/telephony/TelephonyManager;->getITelephony()Lcom/android/internal/telephony/ITelephony; (max-target-p, reflection, denied)
11-26 18:47:33.221  4089  4089 I cr_ChromeTabbedActivity: #initializeState
11-26 18:47:33.229  4228  4284 W Parcel  : Expecting binder but got null!
11-26 18:47:33.249  1011  1189 I ASH     : @ 367705.421: tcs3701: stop power rail pending_off timer
11-26 18:47:33.250  1011  1189 D ASH     : @ 367705.421: tcs3701: start power rail timer, state:3
11-26 18:47:33.257  4089  4089 E m.chrome.canary: Invalid ID 0x00000000.
11-26 18:47:33.267 26741 26741 D BoundBrokerSvc: onBind: Intent { act=com.google.android.gms.languageprofile.service.START pkg=com.google.android.gms }
11-26 18:47:33.267 26741 26741 D BoundBrokerSvc: Loading bound service for intent: Intent { act=com.google.android.gms.languageprofile.service.START pkg=com.google.android.gms }
11-26 18:47:33.268 26741 26741 E AbstractGmsTracer: Traced class shouldn't be obfuscated: LanguageProfileChimeraService [CONTEXT service_id=259 ]
11-26 18:47:33.274 26741 26741 E AbstractGmsTracer: Traced class shouldn't be obfuscated: GmsIntentOperationChimeraService [CONTEXT service_id=259 ]
11-26 18:47:33.280  4089  4089 V MediaRouter: Selecting route: RouteInfo{ name=Phone, description=null, status=null, category=RouteCategory{ name=System types=ROUTE_TYPE_LIVE_AUDIO ROUTE_TYPE_LIVE_VIDEO  groupable=false }, supportedTypes=ROUTE_TYPE_LIVE_AUDIO ROUTE_TYPE_LIVE_VIDEO , presentationDisplay=null }
11-26 18:47:33.280  4089  4089 I MediaRouter: Skip setBluetoothA2dpOn(): types=8388615, isPlaybackActive()=false, BT route=null
11-26 18:47:33.281  4089  4089 W m.chrome.canary: Accessing hidden field Landroid/media/MediaRouter;->sStatic:Landroid/media/MediaRouter$Static; (max-target-o, reflection, denied)
11-26 18:47:33.282  4089  4089 I GlobalMediaRouter: Found default route: MediaRouter.RouteInfo{ uniqueId=DEFAULT_ROUTE, name=Phone, description=null, iconUri=null, enabled=true, isSystemRoute=true, connectionState=0, canDisconnect=false, playbackType=0, playbackStream=3, deviceType=0, volumeHandling=1, volume=0, volumeMax=25, presentationDisplayId=-1, extras=null, settingsIntent=null, providerPackageName=android }
11-26 18:47:33.282  4089  4089 I GlobalMediaRouter: Unselecting the current route because it is no longer selectable: null
11-26 18:47:33.284 26741  4291 E AbstractGmsTracer: Traced class shouldn't be obfuscated: AccountsChangedIntentOperation [CONTEXT service_id=259 ]
11-26 18:47:33.288  1011  1189 I ASH     : @ 367705.461: tcs3701: stop power rail pending_off timer
11-26 18:47:33.288  1011  1189 D ASH     : @ 367705.461: tcs3701: start power rail timer, state:3
11-26 18:47:33.298  4089  4210 W cr_media: BLUETOOTH_CONNECT permission is missing.
11-26 18:47:33.300  4089  4210 W cr_media: registerBluetoothIntentsIfNeeded: Requires BLUETOOTH permission
11-26 18:47:33.305  4212  4257 I cr_LibraryLoader: Successfully loaded native library
11-26 18:47:33.306  4212  4257 I cr_CachingUmaRecorder: Flushed 3 samples from 3 histograms, 0 samples were dropped.
11-26 18:47:33.319  1795  3745 W InputManager-JNI: Input channel object '7fbf86 Splash Screen com.chrome.canary (client)' was disposed without first being removed with the input manager!
11-26 18:47:33.323  2940  3994 D OneSearchSuggestProvider: Shut down the binder channel
11-26 18:47:33.323  3875  3875 I dzhj    : onStop
11-26 18:47:33.326  3657  3683 D ForegroundUtils: Foreground UID status:
11-26 18:47:33.327  3657  3683 D ForegroundUtils: UID: 10010 is in foreground: true
11-26 18:47:33.327  3657  3683 D ForegroundUtils: UID: 10128 is in foreground: true
11-26 18:47:33.327  3657  3683 D ForegroundUtils: UID: 10158 is in foreground: true
11-26 18:47:33.327  3657  3683 D ForegroundUtils: UID: 10189 is in foreground: false
11-26 18:47:33.327  3657  3683 D ForegroundUtils: UID: 10194 is in foreground: true
11-26 18:47:33.327  3657  3683 D ForegroundUtils: UID: 10206 is in foreground: false
11-26 18:47:33.327  3657  3683 D ForegroundUtils: UID: 10233 is in foreground: true
11-26 18:47:33.327  3657  3683 D ForegroundUtils: UID: 10244 is in foreground: false
11-26 18:47:33.327  3657  3683 D ForegroundUtils: UID: 10319 is in foreground: true
11-26 18:47:33.327  3657  3683 D ForegroundUtils: UID: 90000 is in foreground: true
11-26 18:47:33.328  2940 32579 I s.nexuslauncher: oneway function results for code 2 on binder at 0xb4000070952115e0 will be dropped but finished with status UNKNOWN_TRANSACTION
11-26 18:47:33.329  3875  9107 I earchbox:search: oneway function results for code 2 on binder at 0xb4000070955dd130 will be dropped but finished with status UNKNOWN_TRANSACTION
11-26 18:47:33.330  1011  1189 I ASH     : @ 367705.501: tcs3701: stop power rail pending_off timer
11-26 18:47:33.330  1011  1189 D ASH     : @ 367705.501: tcs3701: start power rail timer, state:3
11-26 18:47:33.342  4212  4296 E ocessService0:0: Unable to resolve path '/data/app/~~z5-dMYmQLvS-4mWZ9yqnFA==/com.chrome.canary-7Pcck9f8OWCuqG0lIoq4tg==/base.apk': Operation not permitted
11-26 18:47:33.342  4212  4296 E ocessService0:0: Failed to madvise file /data/app/~~z5-dMYmQLvS-4mWZ9yqnFA==/com.chrome.canary-7Pcck9f8OWCuqG0lIoq4tg==/oat/arm64/split_stack_unwinder.odex for size:4096: Operation not permitted
11-26 18:47:33.342  4212  4296 E ocessService0:0: Failed to madvise file /data/app/~~z5-dMYmQLvS-4mWZ9yqnFA==/com.chrome.canary-7Pcck9f8OWCuqG0lIoq4tg==/split_stack_unwinder.apk for size:4096: Operation not permitted
11-26 18:47:33.346  4212  4296 E linker  : readlink("/proc/self/fd/99") failed: Operation not permitted [fd=99]
11-26 18:47:33.347  4212  4296 E linker  : warning: unable to get realpath for the library "/data/app/~~z5-dMYmQLvS-4mWZ9yqnFA==/com.chrome.canary-7Pcck9f8OWCuqG0lIoq4tg==/split_stack_unwinder.apk!/lib/arm64-v8a/libmonochrome_64_stack_unwinder_partition.so". Will use given path.
11-26 18:47:33.368  1011  1189 I ASH     : @ 367705.541: tcs3701: stop power rail pending_off timer
11-26 18:47:33.368  1011  1189 D ASH     : @ 367705.541: tcs3701: start power rail timer, state:3
11-26 18:47:33.378 26837   576 I FontLog : (REDACTED) Received query %s, URI %s
11-26 18:47:33.378 26837   576 I FontLog : (REDACTED) Query [%s] resolved to %s
11-26 18:47:33.378  4089  4182 W chromium: [WARNING:ev_root_ca_metadata.cc(119)] Not implemented
11-26 18:47:33.379 26837   576 I FontLog : (REDACTED) Font PFD returned from cache for %s
11-26 18:47:33.380 26837   576 I FontLog : (REDACTED) Fetch %s end status %s
11-26 18:47:33.381  3563 12061 D MediaProvider: Open with FUSE. FilePath: /storage/emulated/0/Download/batterymanager-companion-1.0.0.zip. Uid: 10010. Media Capabilities Uid: 0. ShouldRedact: false. ShouldTranscode: false
11-26 18:47:33.383 26837   576 I FontLog : (REDACTED) Pulling font file for id = %d, cache size = %d
11-26 18:47:33.387 26837   576 I FontLog : (REDACTED) Received query %s, URI %s
11-26 18:47:33.388 26837   576 I FontLog : (REDACTED) Query [%s] resolved to %s
11-26 18:47:33.389 26837   576 I FontLog : (REDACTED) Fetch %s end status %s
11-26 18:47:33.392 26837   576 I FontLog : (REDACTED) Pulling font file for id = %d, cache size = %d
11-26 18:47:33.394  3563 12061 D MediaProvider: Open with FUSE. FilePath: /storage/emulated/0/Download/com.example.batterymanager_utility (1).apk. Uid: 10010. Media Capabilities Uid: 0. ShouldRedact: false. ShouldTranscode: false
11-26 18:47:33.394  4228  4285 I AdrenoVK-0: QUALCOMM build          : 4783c89, I46ff5fc46f
11-26 18:47:33.394  4228  4285 I AdrenoVK-0: Build Date              : 11/30/20
11-26 18:47:33.394  4228  4285 I AdrenoVK-0: Shader Compiler Version : EV031.31.04.01
11-26 18:47:33.394  4228  4285 I AdrenoVK-0: Local Branch            : QPR2
11-26 18:47:33.394  4228  4285 I AdrenoVK-0: Remote Branch           : 
11-26 18:47:33.394  4228  4285 I AdrenoVK-0: Remote Branch           : 
11-26 18:47:33.394  4228  4285 I AdrenoVK-0: Reconstruct Branch      : 
11-26 18:47:33.394  4228  4285 I AdrenoVK-0: Build Config            : S P 10.0.4 AArch64
11-26 18:47:33.394  4228  4285 I AdrenoVK-0: Driver Path             : /vendor/lib64/hw/vulkan.adreno.so
11-26 18:47:33.403 26837   576 I FontLog : (REDACTED) Received query %s, URI %s
11-26 18:47:33.403 26837   576 I FontLog : (REDACTED) Query [%s] resolved to %s
11-26 18:47:33.405 26837   576 I FontLog : (REDACTED) Font PFD returned from cache for %s
11-26 18:47:33.405 26837   576 I FontLog : (REDACTED) Fetch %s end status %s
11-26 18:47:33.408 26741 26741 E AbstractGmsTracer: Traced class shouldn't be obfuscated: LanguageProfileGcmTaskChimeraService [CONTEXT service_id=259 ]
11-26 18:47:33.408  1011  1189 I ASH     : @ 367705.581: tcs3701: stop power rail pending_off timer
11-26 18:47:33.408  3563 12061 D MediaProvider: Open with FUSE. FilePath: /storage/emulated/0/Download/com.example.batterymanager_utility.apk. Uid: 10010. Media Capabilities Uid: 0. ShouldRedact: false. ShouldTranscode: false
11-26 18:47:33.408  1011  1189 D ASH     : @ 367705.581: tcs3701: start power rail timer, state:3
11-26 18:47:33.409 26741 26741 E AbstractGmsTracer: Traced class shouldn't be obfuscated: LanguageProfileGcmTaskChimeraService [CONTEXT service_id=259 ]
11-26 18:47:33.415 26837 27260 I FontLog : (REDACTED) Pulling font file for id = %d, cache size = %d
11-26 18:47:33.416  4089  4089 I cr_OfflineIndicator: onConnectionTypeChanged 2
11-26 18:47:33.416  4089  4089 I cr_OfflineIndicator: Reported by system: [ Transports: WIFI Capabilities: NOT_METERED&INTERNET&NOT_RESTRICTED&TRUSTED&NOT_VPN&VALIDATED&NOT_ROAMING&FOREGROUND&NOT_CONGESTED&NOT_SUSPENDED&NOT_VCN_MANAGED LinkUpBandwidth>=4485Kbps LinkDnBandwidth>=58636Kbps TransportInfo: <SSID: <unknown ssid>, BSSID: 02:00:00:00:00:00, MAC: 02:00:00:00:00:00, IP: /192.168.1.104, Security type: 2, Supplicant state: COMPLETED, Wi-Fi standard: 5, RSSI: -48, Link speed: 650Mbps, Tx Link speed: 650Mbps, Max Supported Tx Link speed: 866Mbps, Rx Link speed: 866Mbps, Max Supported Rx Link speed: 866Mbps, Frequency: 5240MHz, Net ID: -1, Metered hint: false, score: 60, isUsable: true, CarrierMerged: false, SubscriptionId: -1, IsPrimary: -1, Trusted: true, Restricted: false, Ephemeral: false, OEM paid: false, OEM private: false, OSU AP: false, FQDN: <none>, Provider friendly name: <none>, Requesting package name: <none><none>MLO Information: , Is TID-To-Link negotiation supported by the AP: false, AP MLD Address: <none>, AP MLO Link Id: <none>, AP MLO Affiliated links: <none>> SignalStrength: -48 UnderlyingNetworks: Null]
11-26 18:47:33.416  4089  4089 I cr_OfflineIndicator: setConnectionState connectionState=4
11-26 18:47:33.416  4089  4089 W Settings: Setting airplane_mode_on has moved from android.provider.Settings.System to android.provider.Settings.Global, returning read-only value.
11-26 18:47:33.417  4089  4089 I cr_OfflineDetector: Received connection change state message. mConnectivityDetectorInitialized: true, mTimeWhenLastForegrounded: 367702230, getElapsedTime: 367702232, mTimeWhenLastOfflineNotificationReceived: 0, mTimeWhenLastOnline: 367702232, mTimeWhenAirplaneModeToggledOff: 0 mApplicationState: 1, mIsOfflineLastReportedByConnectivityDetector: false, mInAirplaneMode: false mIsEffectivelyOffline: false
11-26 18:47:33.417  4089  4089 I cr_OfflineDetector: onConnectionStateChanged(): previousLastReportedStateByOfflineDetector: false
11-26 18:47:33.417  4089  4089 I cr_OfflineDetector: Running updateState mConnectivityDetectorInitialized: true, mTimeWhenLastForegrounded: 367702230, getElapsedTime: 367702232, mTimeWhenLastOfflineNotificationReceived: 0, mTimeWhenLastOnline: 367702232, mTimeWhenAirplaneModeToggledOff: 0 mApplicationState: 1, mIsOfflineLastReportedByConnectivityDetector: false, mInAirplaneMode: false mIsEffectivelyOffline: false
11-26 18:47:33.417  4089  4089 I cr_OfflineDetector: updateState(): timeSinceLastForeground: 2, timeSinceOfflineNotificationReceived: 367702232, timeSinceLastOnline: 0, timeNeededForForeground: 1998, timeNeededForOffline: -367700232 timeSinceAirplaneModeToggledOff: 367702232 timeNeededAfterConnectionChangeFromOnlineToOffline: 10000 timeNeededAfterConnectionChangeFromAirplaneToOffline: 0
11-26 18:47:33.417  4089  4089 I cr_OfflineDetector: Running mUpdateOfflineStatusIndicatorDelayedRunnable start. mConnectivityDetectorInitialized: true, mTimeWhenLastForegrounded: 367702230, getElapsedTime: 367702232, mTimeWhenLastOfflineNotificationReceived: 0, mTimeWhenLastOnline: 367702232, mTimeWhenAirplaneModeToggledOff: 0 mApplicationState: 1, mIsOfflineLastReportedByConnectivityDetector: false, mInAirplaneMode: false mIsEffectivelyOffline: false
11-26 18:47:33.417  4089  4089 I cr_OfflineDetector: Running mUpdateOfflineStatusIndicatorDelayedRunnable end. mConnectivityDetectorInitialized: true, mTimeWhenLastForegrounded: 367702230, getElapsedTime: 367702232, mTimeWhenLastOfflineNotificationReceived: 0, mTimeWhenLastOnline: 367702232, mTimeWhenAirplaneModeToggledOff: 0 mApplicationState: 1, mIsOfflineLastReportedByConnectivityDetector: false, mInAirplaneMode: false mIsEffectivelyOffline: false
11-26 18:47:33.417  4089  4089 I cr_OfflineIndicator: processConnectivityCheckResult mConnectionState=4 mConnectivityCheckingStage=1
11-26 18:47:33.419 26837 27382 I NetworkScheduler.Stats: (REDACTED) Task %s/%s started execution. cause:%s exec_start_elapsed_seconds: %s
11-26 18:47:33.422 26837 27260 I FontLog : (REDACTED) Received query %s, URI %s
11-26 18:47:33.423 26837 27260 I FontLog : (REDACTED) Query [%s] resolved to %s
11-26 18:47:33.425 26837 27260 I FontLog : (REDACTED) Font PFD returned from cache for %s
11-26 18:47:33.425 26837 27260 I FontLog : (REDACTED) Fetch %s end status %s
11-26 18:47:33.429 26837 27260 I FontLog : (REDACTED) Pulling font file for id = %d, cache size = %d
11-26 18:47:33.449  1011  1189 I ASH     : @ 367705.621: tcs3701: stop power rail pending_off timer
11-26 18:47:33.449  1011  1189 D ASH     : @ 367705.621: tcs3701: start power rail timer, state:3
11-26 18:47:33.451   595   595 I servicemanager: Could not find android.hardware.graphics.allocator.IAllocator/default in the VINTF manifest.
11-26 18:47:33.464  1795  3057 D ConnectivityService: requestNetwork for uid/pid:10010/4089 activeRequest: null callbackRequest: 9705 [NetworkRequest [ REQUEST id=9706, [ Capabilities: INTERNET&NOT_RESTRICTED&TRUSTED&NOT_VCN_MANAGED Uid: 10010 RequestorUid: 10010 RequestorPkg: com.chrome.canary UnderlyingNetworks: Null] ]] callback flags: 0 order: 2147483647
11-26 18:47:33.469  1795  2424 D WifiNetworkFactory: got request NetworkRequest [ REQUEST id=9706, [ Capabilities: INTERNET&NOT_RESTRICTED&TRUSTED&NOT_VCN_MANAGED Uid: 10010 RequestorUid: 10010 RequestorPkg: com.chrome.canary UnderlyingNetworks: Null] ]
11-26 18:47:33.469  1795  2424 V WifiNetworkFactory: Accepted network request NetworkRequest [ REQUEST id=9706, [ Capabilities: INTERNET&NOT_RESTRICTED&TRUSTED&NOT_VCN_MANAGED Uid: 10010 RequestorUid: 10010 RequestorPkg: com.chrome.canary UnderlyingNetworks: Null] ]
11-26 18:47:33.469  1795  2424 D UntrustedWifiNetworkFactory: got request NetworkRequest [ REQUEST id=9706, [ Capabilities: INTERNET&NOT_RESTRICTED&TRUSTED&NOT_VCN_MANAGED Uid: 10010 RequestorUid: 10010 RequestorPkg: com.chrome.canary UnderlyingNetworks: Null] ]
11-26 18:47:33.470  1795  2424 D OemPaidWifiNetworkFactory: got request NetworkRequest [ REQUEST id=9706, [ Capabilities: INTERNET&NOT_RESTRICTED&TRUSTED&NOT_VCN_MANAGED Uid: 10010 RequestorUid: 10010 RequestorPkg: com.chrome.canary UnderlyingNetworks: Null] ]
11-26 18:47:33.470  3563 12061 D MediaProvider: Open with FUSE. FilePath: /storage/emulated/0/Download/batterymanager-companion-1.0.0.zip. Uid: 10010. Media Capabilities Uid: 0. ShouldRedact: false. ShouldTranscode: false
11-26 18:47:33.470  1795  2424 D MultiInternetWifiNetworkFactory: got request NetworkRequest [ REQUEST id=9706, [ Capabilities: INTERNET&NOT_RESTRICTED&TRUSTED&NOT_VCN_MANAGED Uid: 10010 RequestorUid: 10010 RequestorPkg: com.chrome.canary UnderlyingNetworks: Null] ]
11-26 18:47:33.471  1795  2432 D ConnectivityService: NetReassign [9706 : null  100] [c 1] [a 0] [i 6]
11-26 18:47:33.474  1795  2432 D ConnectivityService: NetReassign [no changes] [c 0] [a 1] [i 2]
11-26 18:47:33.482 26837 27382 I NetworkScheduler.Stats: (REDACTED) Task %s/%s finished executing. cause:%s result: %s elapsed_millis: %s uptime_millis: %s exec_start_elapsed_seconds: %s
11-26 18:47:33.482  4212  4257 I tflite  : Initialized TensorFlow Lite runtime.
11-26 18:47:33.482  4212  4257 W libc    : Access denied finding property "ro.mediatek.platform"
11-26 18:47:33.482  4212  4257 W libc    : Access denied finding property "ro.chipname"
11-26 18:47:33.482  4212  4257 W libc    : Access denied finding property "ro.hardware.chipname"
11-26 18:47:33.483  4089  4089 I cr_InactivityTracker: Last background time read from the SharedPreference is:-1.
11-26 18:47:33.487  4089  4089 I cr_VideoPersist: Exited picture in picture with reason: 0
11-26 18:47:33.489  1011  1189 I ASH     : @ 367705.661: tcs3701: stop power rail pending_off timer
11-26 18:47:33.489  1011  1189 D ASH     : @ 367705.661: tcs3701: start power rail timer, state:3
11-26 18:47:33.492  4089  4089 I cr_InactivityTracker: Last visible time read from the SharedPreference is:1701020721800.
11-26 18:47:33.500  3563 12061 D MediaProvider: Open with FUSE. FilePath: /storage/emulated/0/Download/com.example.batterymanager_utility (1).apk. Uid: 10010. Media Capabilities Uid: 0. ShouldRedact: false. ShouldTranscode: false
11-26 18:47:33.508  3563 12061 D MediaProvider: Open with FUSE. FilePath: /storage/emulated/0/Download/com.example.batterymanager_utility.apk. Uid: 10010. Media Capabilities Uid: 0. ShouldRedact: false. ShouldTranscode: false
11-26 18:47:33.513  4228  4312 W VideoCapabilities: Unrecognized level 1879048707 for video/x-vnd.on2.vp8
11-26 18:47:33.513  4228  4312 W VideoCapabilities: Unrecognized profile 1879048704 for video/x-vnd.on2.vp8
11-26 18:47:33.513  4228  4312 W VideoCapabilities: Unrecognized level 1879048707 for video/x-vnd.on2.vp8
11-26 18:47:33.513  4228  4312 W VideoCapabilities: Unrecognized profile 1879048704 for video/x-vnd.on2.vp8
11-26 18:47:33.518  4228  4312 W VideoCapabilities: Unsupported mime image/vnd.android.heic
11-26 18:47:33.519  4228  4312 W VideoCapabilities: Unrecognized level 1879048707 for video/x-vnd.on2.vp8
11-26 18:47:33.519  4228  4312 W VideoCapabilities: Unrecognized profile 1879048704 for video/x-vnd.on2.vp8
11-26 18:47:33.519  4228  4312 W VideoCapabilities: Unrecognized level 1879048707 for video/x-vnd.on2.vp8
11-26 18:47:33.519  4228  4312 W VideoCapabilities: Unrecognized profile 1879048704 for video/x-vnd.on2.vp8
11-26 18:47:33.521  4228  4312 W cr_VAUtil: Unknown profile: 1879048704 for codec video/x-vnd.on2.vp8
11-26 18:47:33.528  1011  1189 I ASH     : @ 367705.701: tcs3701: stop power rail pending_off timer
11-26 18:47:33.528  1011  1189 D ASH     : @ 367705.701: tcs3701: start power rail timer, state:3
11-26 18:47:33.531  4089  4089 I cr_PwaRestore: Not showing PWA Restore promo, feature flag is disabled
11-26 18:47:33.547  4089  4089 I cr_InactivityTracker: Last visible time read from the SharedPreference is:1701020853491.
11-26 18:47:33.568  1011  1189 I ASH     : @ 367705.741: tcs3701: stop power rail pending_off timer
11-26 18:47:33.568  1011  1189 D ASH     : @ 367705.741: tcs3701: start power rail timer, state:3
11-26 18:47:33.607  4089  4180 I tflite  : Initialized TensorFlow Lite runtime.
11-26 18:47:33.608  4089  4180 W libc    : Access denied finding property "ro.mediatek.platform"
11-26 18:47:33.608  4089  4180 W libc    : Access denied finding property "ro.chipname"
11-26 18:47:33.608  4089  4180 W libc    : Access denied finding property "ro.hardware.chipname"
11-26 18:47:33.608  1011  1189 I ASH     : @ 367705.781: tcs3701: stop power rail pending_off timer
11-26 18:47:33.608  1011  1189 D ASH     : @ 367705.781: tcs3701: start power rail timer, state:3
11-26 18:47:33.644  4089  4182 W chromium: [WARNING:ev_root_ca_metadata.cc(119)] Not implemented
11-26 18:47:33.644  4089  4182 W chromium: [WARNING:ev_root_ca_metadata.cc(119)] Not implemented
11-26 18:47:33.648  1011  1189 I ASH     : @ 367705.821: tcs3701: stop power rail pending_off timer
11-26 18:47:33.649  1011  1189 D ASH     : @ 367705.821: tcs3701: start power rail timer, state:3
11-26 18:47:33.688  1011  1189 I ASH     : @ 367705.861: tcs3701: stop power rail pending_off timer
11-26 18:47:33.688  1011  1189 D ASH     : @ 367705.861: tcs3701: start power rail timer, state:3
11-26 18:47:33.709  4089  4181 W chromium: [WARNING:ev_root_ca_metadata.cc(119)] Not implemented
11-26 18:47:33.728  1011  1189 I ASH     : @ 367705.901: tcs3701: stop power rail pending_off timer
11-26 18:47:33.728  1011  1189 D ASH     : @ 367705.901: tcs3701: start power rail timer, state:3
11-26 18:47:33.768  1011  1189 I ASH     : @ 367705.941: tcs3701: stop power rail pending_off timer
11-26 18:47:33.768  1011  1189 D ASH     : @ 367705.941: tcs3701: start power rail timer, state:3
11-26 18:47:33.808  1011  1189 I ASH     : @ 367705.981: tcs3701: stop power rail pending_off timer
11-26 18:47:33.808  1011  1189 D ASH     : @ 367705.981: tcs3701: start power rail timer, state:3
11-26 18:47:33.848  1011  1189 I ASH     : @ 367706.021: tcs3701: stop power rail pending_off timer
11-26 18:47:33.848  1011  1189 D ASH     : @ 367706.021: tcs3701: start power rail timer, state:3
11-26 18:47:33.849  4089  4089 I Choreographer: Skipped 83 frames!  The application may be doing too much work on its main thread.
11-26 18:47:33.876  4089  4175 I OpenGLRenderer: Davey! duration=935ms; Flags=0, FrameTimelineVsyncId=188628397, IntendedVsync=349875584536938, Vsync=349876508904867, InputEventId=0, HandleInputStart=349876509823950, AnimationStart=349876509826086, PerformTraversalsStart=349876510159836, DrawStart=349876515725201, FrameDeadline=349875612138755, FrameInterval=349876509775513, FrameStartTime=11136963, SyncQueued=349876516761816, SyncStart=349876516800149, IssueDrawCommandsStart=349876516928482, SwapBuffers=349876518196972, FrameCompleted=349876520467597, DequeueBufferDuration=12969, QueueBufferDuration=263073, GpuCompleted=349876520467597, SwapBuffersCompleted=349876518815462, DisplayPresentTime=0, CommandSubmissionCompleted=349876518196972, 
11-26 18:47:33.888  1011  1189 I ASH     : @ 367706.061: tcs3701: stop power rail pending_off timer
11-26 18:47:33.888  1011  1189 D ASH     : @ 367706.061: tcs3701: start power rail timer, state:3
11-26 18:47:33.895  1795  3057 D ActivityManager: freezer override set to true
11-26 18:47:33.896  1795  3057 D ActivityManager: sync unfroze 14191 com.google.process.gapps
11-26 18:47:33.896  4089  4089 I cr_PolicyProvider: #notifySettingsAvailable() 0
11-26 18:47:33.896  4089  4089 I cr_CombinedPProvider: #onSettingsAvailable() 0
11-26 18:47:33.896  4089  4089 I cr_CombinedPProvider: #flushPolicies()
11-26 18:47:33.896  4089  4089 I cr_PolicyService: #onPolicyServiceInitialized()
11-26 18:47:33.896  1795  3057 D ActivityManager: sync unfroze 5487 com.opera.browser
11-26 18:47:33.897  4089  4089 I cr_PolicyProvider: #notifySettingsAvailable() 0
11-26 18:47:33.897  4089  4089 I cr_CombinedPProvider: #onSettingsAvailable() 0
11-26 18:47:33.897  4089  4089 I cr_CombinedPProvider: #flushPolicies()
11-26 18:47:33.928  1011  1189 I ASH     : @ 367706.101: tcs3701: stop power rail pending_off timer
11-26 18:47:33.928  1011  1189 D ASH     : @ 367706.101: tcs3701: start power rail timer, state:3
11-26 18:47:33.929  4089  4089 V MediaRouter: Selecting route: RouteInfo{ name=Phone, description=null, status=null, category=RouteCategory{ name=System types=ROUTE_TYPE_LIVE_AUDIO ROUTE_TYPE_LIVE_VIDEO  groupable=false }, supportedTypes=ROUTE_TYPE_LIVE_AUDIO ROUTE_TYPE_LIVE_VIDEO , presentationDisplay=null }
11-26 18:47:33.968  1011  1189 I ASH     : @ 367706.141: tcs3701: stop power rail pending_off timer
11-26 18:47:33.968  1011  1189 D ASH     : @ 367706.141: tcs3701: start power rail timer, state:3
11-26 18:47:34.008  1011  1189 I ASH     : @ 367706.181: tcs3701: stop power rail pending_off timer
11-26 18:47:34.008  1011  1189 D ASH     : @ 367706.181: tcs3701: start power rail timer, state:3
11-26 18:47:34.048  1011  1189 I ASH     : @ 367706.221: tcs3701: stop power rail pending_off timer
11-26 18:47:34.048  1011  1189 D ASH     : @ 367706.221: tcs3701: start power rail timer, state:3
11-26 18:47:34.088  1011  1189 I ASH     : @ 367706.261: tcs3701: stop power rail pending_off timer
11-26 18:47:34.088  1011  1189 D ASH     : @ 367706.261: tcs3701: start power rail timer, state:3
11-26 18:47:34.128  1011  1189 I ASH     : @ 367706.301: tcs3701: stop power rail pending_off timer
11-26 18:47:34.128  1011  1189 D ASH     : @ 367706.301: tcs3701: start power rail timer, state:3
11-26 18:47:34.143  4089  4181 I cr_ADCP : No customization source found
11-26 18:47:34.146 26837 26837 D BoundBrokerSvc: onBind: Intent { act=com.google.android.gms.icing.LIGHTWEIGHT_INDEX_SERVICE pkg=com.google.android.gms }
11-26 18:47:34.146 26837 26837 D BoundBrokerSvc: Loading bound service for intent: Intent { act=com.google.android.gms.icing.LIGHTWEIGHT_INDEX_SERVICE pkg=com.google.android.gms }
11-26 18:47:34.148 26837 26837 E AbstractGmsTracer: Traced class shouldn't be obfuscated: LightweightIndexChimeraService [CONTEXT service_id=259 ]
11-26 18:47:34.153  4089  4181 E cr_PartnerBMReader: ATTENTION: not using partner bookmarks as none were provided
11-26 18:47:34.168  1011  1189 I ASH     : @ 367706.341: tcs3701: stop power rail pending_off timer
11-26 18:47:34.168  1011  1189 D ASH     : @ 367706.341: tcs3701: start power rail timer, state:3
11-26 18:47:34.173  1795  4144 D CompatibilityChangeReporter: Compat change id reported: 214016041; UID 10010; state: ENABLED
11-26 18:47:34.176  3375  3375 I GoogleInputMethodService: GoogleInputMethodService.onFinishInput():3154 
11-26 18:47:34.177  3375  3375 I GoogleInputMethodService: GoogleInputMethodService.updateDeviceLockedStatus():2088 repeatCheckTimes = 0, locked = false
11-26 18:47:34.177  3375  3375 I GoogleInputMethodService: GoogleInputMethodService.onStartInput():1883 onStartInput(EditorInfo{EditorInfo{packageName=com.chrome.canary, inputType=0, inputTypeString=NULL, enableLearning=false, autoCorrection=false, autoComplete=false, imeOptions=12000000, privateImeOptions=null, actionName=UNSPECIFIED, actionLabel=null, initialSelStart=-1, initialSelEnd=-1, initialCapsMode=0, label=null, fieldId=-1, fieldName=null, extras=null, hintText=null, hintLocales=[]}}, false)
11-26 18:47:34.178  3375  3375 I GoogleInputMethodService: GoogleInputMethodService.updateDeviceLockedStatus():2088 repeatCheckTimes = 1, locked = false
11-26 18:47:34.208  1011  1189 I ASH     : @ 367706.381: tcs3701: stop power rail pending_off timer
11-26 18:47:34.208  1011  1189 D ASH     : @ 367706.381: tcs3701: start power rail timer, state:3
11-26 18:47:34.248  1011  1189 I ASH     : @ 367706.421: tcs3701: stop power rail pending_off timer
11-26 18:47:34.248  1011  1189 D ASH     : @ 367706.421: tcs3701: start power rail timer, state:3
11-26 18:47:34.288  1011  1189 I ASH     : @ 367706.461: tcs3701: stop power rail pending_off timer
11-26 18:47:34.288  1011  1189 D ASH     : @ 367706.461: tcs3701: start power rail timer, state:3
11-26 18:47:34.329  1011  1189 I ASH     : @ 367706.501: tcs3701: stop power rail pending_off timer
11-26 18:47:34.329  1011  1189 D ASH     : @ 367706.501: tcs3701: start power rail timer, state:3
11-26 18:47:34.357  4089  4089 I Choreographer: Skipped 45 frames!  The application may be doing too much work on its main thread.
11-26 18:47:34.368  1011  1189 I ASH     : @ 367706.541: tcs3701: stop power rail pending_off timer
11-26 18:47:34.368  1011  1189 D ASH     : @ 367706.541: tcs3701: start power rail timer, state:3
11-26 18:47:34.382  1795  3057 D ActivityManager: freezer override set to false
11-26 18:47:34.408  1011  1189 I ASH     : @ 367706.581: tcs3701: stop power rail pending_off timer
11-26 18:47:34.408  1011  1189 D ASH     : @ 367706.581: tcs3701: start power rail timer, state:3
11-26 18:47:34.448  1011  1189 I ASH     : @ 367706.621: tcs3701: stop power rail pending_off timer
11-26 18:47:34.448  1011  1189 D ASH     : @ 367706.621: tcs3701: start power rail timer, state:3
11-26 18:47:34.478 26741 26741 D BoundBrokerSvc: onBind: Intent { act=com.google.android.gms.feedback.internal.IFeedbackService dat=chimera-action:/... cmp=com.google.android.gms/.chimera.GmsBoundBrokerService }
11-26 18:47:34.478 26741 26741 D BoundBrokerSvc: Loading bound service for intent: Intent { act=com.google.android.gms.feedback.internal.IFeedbackService dat=chimera-action:/... cmp=com.google.android.gms/.chimera.GmsBoundBrokerService }
11-26 18:47:34.478 26741 26741 E AbstractGmsTracer: Traced class shouldn't be obfuscated: FeedbackBoundService [CONTEXT service_id=259 ]
11-26 18:47:34.483 26837 26837 E AbstractGmsTracer: Traced class shouldn't be obfuscated: LockboxBrokerChimeraService [CONTEXT service_id=259 ]
11-26 18:47:34.488  1011  1189 I ASH     : @ 367706.661: tcs3701: stop power rail pending_off timer
11-26 18:47:34.488  1011  1189 D ASH     : @ 367706.661: tcs3701: start power rail timer, state:3
11-26 18:47:34.492 26741 26741 E AbstractGmsTracer: Traced class shouldn't be obfuscated: AppIndexingChimeraService [CONTEXT service_id=259 ]
11-26 18:47:34.502 26741 26741 E AbstractGmsTracer: Traced class shouldn't be obfuscated: IndexChimeraService [CONTEXT service_id=259 ]
11-26 18:47:34.508 26741 26741 E AbstractGmsTracer: Traced class shouldn't be obfuscated: IndexWorkerChimeraService [CONTEXT service_id=259 ]
11-26 18:47:34.511 26741 26781 I Icing   : IndexChimeraService.getServiceInterface callingPackage=com.google.android.gms componentName=null serviceId=30
11-26 18:47:34.516 26741 26741 E AbstractGmsTracer: Traced class shouldn't be obfuscated: GmsBoundBrokerChimeraService [CONTEXT service_id=259 ]
11-26 18:47:34.517 26741 26741 D BoundBrokerSvc: onBind: Intent { act=com.google.android.gms.common.BIND_SHARED_PREFS pkg=com.google.android.gms }
11-26 18:47:34.517 26741 26741 D BoundBrokerSvc: Loading bound service for intent: Intent { act=com.google.android.gms.common.BIND_SHARED_PREFS pkg=com.google.android.gms }
11-26 18:47:34.518 26741 26741 E AbstractGmsTracer: Traced class shouldn't be obfuscated: SharedPreferencesBoundService [CONTEXT service_id=259 ]
11-26 18:47:34.519 26837 26837 D BoundBrokerSvc: onBind: Intent { act=com.google.android.gms.icing.LIGHTWEIGHT_INDEX_SERVICE dat=chimera-action:/... cmp=com.google.android.gms/.chimera.PersistentApiService }
11-26 18:47:34.519 26837 26837 D BoundBrokerSvc: Loading bound service for intent: Intent { act=com.google.android.gms.icing.LIGHTWEIGHT_INDEX_SERVICE dat=chimera-action:/... cmp=com.google.android.gms/.chimera.PersistentApiService }
11-26 18:47:34.524 26741 26741 D BoundBrokerSvc: onUnbind: Intent { act=com.google.android.gms.common.BIND_SHARED_PREFS pkg=com.google.android.gms }
11-26 18:47:34.528  1011  1189 I ASH     : @ 367706.701: tcs3701: stop power rail pending_off timer
11-26 18:47:34.528  1011  1189 D ASH     : @ 367706.701: tcs3701: start power rail timer, state:3
11-26 18:47:34.565  1795  3057 D CompatibilityChangeReporter: Compat change id reported: 161252188; UID 10010; state: DISABLED
