11-23 20:58:09.361  1011  1189 I ASH     : @ 116341.557: tcs3701: stop power rail pending_off timer
11-23 20:58:09.361  1011  1189 D ASH     : @ 116341.557: tcs3701: start power rail timer, state:3
11-23 20:58:09.371  9398  5999 I BatteryMgr:DataCollectionService: stats => 1700769489371,7934,4447,9765,4169000,100
11-23 20:58:09.372  9398  9433 I BatteryMgr:DataCollectionService: stats => 1700769489372,7934,4447,9765,4169000,100
11-23 20:58:09.399  9398  9433 I BatteryMgr:DataCollectionService: stats => 1700769489399,7934,4447,9765,4169000,100
11-23 20:58:09.402  1011  1189 I ASH     : @ 116341.597: tcs3701: stop power rail pending_off timer
11-23 20:58:09.402  1011  1189 D ASH     : @ 116341.597: tcs3701: start power rail timer, state:3
11-23 20:58:09.441  1011  1189 I ASH     : @ 116341.637: tcs3701: stop power rail pending_off timer
11-23 20:58:09.441  1011  1189 D ASH     : @ 116341.637: tcs3701: start power rail timer, state:3
11-23 20:58:09.476  9398  5999 I BatteryMgr:DataCollectionService: stats => 1700769489476,7934,4447,9765,4169000,100
11-23 20:58:09.478  9398  9433 I BatteryMgr:DataCollectionService: stats => 1700769489478,7934,4447,9765,4169000,100
11-23 20:58:09.481  1011  1189 I ASH     : @ 116341.677: tcs3701: stop power rail pending_off timer
11-23 20:58:09.481  1011  1189 D ASH     : @ 116341.677: tcs3701: start power rail timer, state:3
11-23 20:58:09.502  9398  9433 I BatteryMgr:DataCollectionService: stats => 1700769489502,7934,4447,9765,4169000,100
11-23 20:58:09.521  1011  1189 I ASH     : @ 116341.717: tcs3701: stop power rail pending_off timer
11-23 20:58:09.521  1011  1189 D ASH     : @ 116341.717: tcs3701: start power rail timer, state:3
11-23 20:58:09.561  1011  1189 I ASH     : @ 116341.757: tcs3701: stop power rail pending_off timer
11-23 20:58:09.561  1011  1189 D ASH     : @ 116341.757: tcs3701: start power rail timer, state:3
11-23 20:58:09.579  9398  9433 I BatteryMgr:DataCollectionService: stats => 1700769489579,7934,4447,9765,4169000,100
11-23 20:58:09.581  9398  5999 I BatteryMgr:DataCollectionService: stats => 1700769489581,7934,4447,9765,4169000,100
11-23 20:58:09.601  1011  1189 I ASH     : @ 116341.797: tcs3701: stop power rail pending_off timer
11-23 20:58:09.601  1011  1189 D ASH     : @ 116341.797: tcs3701: start power rail timer, state:3
11-23 20:58:09.607  9398  5999 I BatteryMgr:DataCollectionService: stats => 1700769489607,7934,4447,9765,4169000,100
11-23 20:58:09.642  1011  1189 I ASH     : @ 116341.837: tcs3701: stop power rail pending_off timer
11-23 20:58:09.642  1011  1189 D ASH     : @ 116341.837: tcs3701: start power rail timer, state:3
11-23 20:58:09.671  1795  1854 D ActivityManager: freezer override set to true
11-23 20:58:09.681  1011  1189 I ASH     : @ 116341.877: tcs3701: stop power rail pending_off timer
11-23 20:58:09.681  1011  1189 D ASH     : @ 116341.877: tcs3701: start power rail timer, state:3
11-23 20:58:09.684  9398  9433 I BatteryMgr:DataCollectionService: stats => 1700769489684,7934,4447,9765,4169000,100
11-23 20:58:09.685  9398  5999 I BatteryMgr:DataCollectionService: stats => 1700769489685,7934,4447,9765,4169000,100
11-23 20:58:09.713  9398  5999 I BatteryMgr:DataCollectionService: stats => 1700769489713,7934,4447,9765,4169000,100
11-23 20:58:09.721  1011  1189 I ASH     : @ 116341.917: tcs3701: stop power rail pending_off timer
11-23 20:58:09.721  1011  1189 D ASH     : @ 116341.917: tcs3701: start power rail timer, state:3
11-23 20:58:09.761  1011  1189 I ASH     : @ 116341.957: tcs3701: stop power rail pending_off timer
11-23 20:58:09.761  1011  1189 D ASH     : @ 116341.957: tcs3701: start power rail timer, state:3
11-23 20:58:09.774 29359 29411 I m.chrome.canary: Explicit concurrent copying GC freed 3591(176KB) AllocSpace objects, 3(60KB) LOS objects, 75% free, 12MB/49MB, paused 43us,25us total 47.147ms
11-23 20:58:09.793  9398  9433 I BatteryMgr:DataCollectionService: stats => 1700769489792,7934,4447,9765,4169000,100
11-23 20:58:09.793  9398  5999 I BatteryMgr:DataCollectionService: stats => 1700769489793,7934,4447,9765,4169000,100
11-23 20:58:09.801  1011  1189 I ASH     : @ 116341.997: tcs3701: stop power rail pending_off timer
11-23 20:58:09.801  1011  1189 D ASH     : @ 116341.997: tcs3701: start power rail timer, state:3
11-23 20:58:09.818  9398  5999 I BatteryMgr:DataCollectionService: stats => 1700769489818,7934,4447,9765,4169000,100
11-23 20:58:09.832  1795  1854 D ActivityManager: freezer override set to false
11-23 20:58:09.841  1011  1189 I ASH     : @ 116342.037: tcs3701: stop power rail pending_off timer
11-23 20:58:09.841  1011  1189 D ASH     : @ 116342.037: tcs3701: start power rail timer, state:3
11-23 20:58:09.881  1011  1189 I ASH     : @ 116342.077: tcs3701: stop power rail pending_off timer
11-23 20:58:09.881  1011  1189 D ASH     : @ 116342.077: tcs3701: start power rail timer, state:3
11-23 20:58:09.882  1795  1854 D ActivityManager: freezer override set to true
11-23 20:58:09.884  1795  1854 D ActivityManager: freezer override set to false
11-23 20:58:09.897  9398  9433 I BatteryMgr:DataCollectionService: stats => 1700769489897,7934,4447,9765,4169000,100
11-23 20:58:09.897  9398  5999 I BatteryMgr:DataCollectionService: stats => 1700769489897,7934,4447,9765,4169000,100
11-23 20:58:09.921  1011  1189 I ASH     : @ 116342.117: tcs3701: stop power rail pending_off timer
11-23 20:58:09.921  1011  1189 D ASH     : @ 116342.117: tcs3701: start power rail timer, state:3
11-23 20:58:09.924  9398  5999 I BatteryMgr:DataCollectionService: stats => 1700769489924,7934,4447,9765,4169000,100
11-23 20:58:09.961  1011  1189 I ASH     : @ 116342.157: tcs3701: stop power rail pending_off timer
11-23 20:58:09.961  1011  1189 D ASH     : @ 116342.157: tcs3701: start power rail timer, state:3
11-23 20:58:10.001  1011  1189 I ASH     : @ 116342.197: tcs3701: stop power rail pending_off timer
11-23 20:58:10.001  1011  1189 D ASH     : @ 116342.197: tcs3701: start power rail timer, state:3
11-23 20:58:10.001  9398  9433 I BatteryMgr:DataCollectionService: stats => 1700769490001,7934,4447,9765,4169000,100
11-23 20:58:10.002  9398  5999 I BatteryMgr:DataCollectionService: stats => 1700769490002,7934,4447,9765,4169000,100
11-23 20:58:10.028  9398  5999 I BatteryMgr:DataCollectionService: stats => 1700769490028,7934,4447,9765,4169000,100
11-23 20:58:10.041  1011  1189 I ASH     : @ 116342.237: tcs3701: stop power rail pending_off timer
11-23 20:58:10.041  1011  1189 D ASH     : @ 116342.237: tcs3701: start power rail timer, state:3
11-23 20:58:10.081  1011  1189 I ASH     : @ 116342.277: tcs3701: stop power rail pending_off timer
11-23 20:58:10.081  1011  1189 D ASH     : @ 116342.277: tcs3701: start power rail timer, state:3
11-23 20:58:10.106  9398  9433 I BatteryMgr:DataCollectionService: stats => 1700769490106,7934,4447,9765,4169000,100
11-23 20:58:10.107  9398  5999 I BatteryMgr:DataCollectionService: stats => 1700769490107,7934,4447,9765,4169000,100
11-23 20:58:10.121  1011  1189 I ASH     : @ 116342.317: tcs3701: stop power rail pending_off timer
11-23 20:58:10.121  1011  1189 D ASH     : @ 116342.317: tcs3701: start power rail timer, state:3
11-23 20:58:10.132  9398  5999 I BatteryMgr:DataCollectionService: stats => 1700769490132,7934,4447,9765,4169000,100
11-23 20:58:10.150  1795  3658 D ActivityManager: freezer override set to true
11-23 20:58:10.154  1795  3658 D ActivityManager: freezer override set to false
11-23 20:58:10.161  1011  1189 I ASH     : @ 116342.357: tcs3701: stop power rail pending_off timer
11-23 20:58:10.161  1011  1189 D ASH     : @ 116342.357: tcs3701: start power rail timer, state:3
11-23 20:58:10.201  1011  1189 I ASH     : @ 116342.397: tcs3701: stop power rail pending_off timer
11-23 20:58:10.201  1011  1189 D ASH     : @ 116342.397: tcs3701: start power rail timer, state:3
11-23 20:58:10.212  9398  9433 I BatteryMgr:DataCollectionService: stats => 1700769490212,7934,4447,9765,4169000,100
11-23 20:58:10.212  9398  5999 I BatteryMgr:DataCollectionService: stats => 1700769490212,7934,4447,9765,4169000,100
11-23 20:58:10.236  9398  5999 I BatteryMgr:DataCollectionService: stats => 1700769490236,7934,4447,9765,4169000,100
11-23 20:58:10.241  1011  1189 I ASH     : @ 116342.437: tcs3701: stop power rail pending_off timer
11-23 20:58:10.241  1011  1189 D ASH     : @ 116342.437: tcs3701: start power rail timer, state:3
11-23 20:58:10.281  1011  1189 I ASH     : @ 116342.477: tcs3701: stop power rail pending_off timer
11-23 20:58:10.281  1011  1189 D ASH     : @ 116342.477: tcs3701: start power rail timer, state:3
11-23 20:58:10.316  9398  9434 I BatteryMgr:DataCollectionService: stats => 1700769490316,7934,4447,9765,4169000,100
11-23 20:58:10.317  9398  5999 I BatteryMgr:DataCollectionService: stats => 1700769490317,7934,4447,9765,4169000,100
11-23 20:58:10.321  1011  1189 I ASH     : @ 116342.517: tcs3701: stop power rail pending_off timer
11-23 20:58:10.321  1011  1189 D ASH     : @ 116342.517: tcs3701: start power rail timer, state:3
11-23 20:58:10.340  9398  5999 I BatteryMgr:DataCollectionService: stats => 1700769490340,7934,4447,9765,4169000,100
11-23 20:58:10.361  1011  1189 I ASH     : @ 116342.557: tcs3701: stop power rail pending_off timer
11-23 20:58:10.361  1011  1189 D ASH     : @ 116342.557: tcs3701: start power rail timer, state:3
11-23 20:58:10.401  1011  1189 I ASH     : @ 116342.597: tcs3701: stop power rail pending_off timer
11-23 20:58:10.401  1011  1189 D ASH     : @ 116342.597: tcs3701: start power rail timer, state:3
11-23 20:58:10.420  9398  9434 I BatteryMgr:DataCollectionService: stats => 1700769490420,7934,4447,9765,4169000,100
11-23 20:58:10.422  9398  5999 I BatteryMgr:DataCollectionService: stats => 1700769490422,7934,4447,9765,4169000,100
11-23 20:58:10.441  1011  1189 I ASH     : @ 116342.637: tcs3701: stop power rail pending_off timer
11-23 20:58:10.441  1011  1189 D ASH     : @ 116342.637: tcs3701: start power rail timer, state:3
11-23 20:58:10.445  9398  5999 I BatteryMgr:DataCollectionService: stats => 1700769490444,7934,4447,9765,4169000,100
11-23 20:58:10.481  1011  1189 I ASH     : @ 116342.677: tcs3701: stop power rail pending_off timer
11-23 20:58:10.481  1011  1189 D ASH     : @ 116342.677: tcs3701: start power rail timer, state:3
11-23 20:58:10.521  1011  1189 I ASH     : @ 116342.717: tcs3701: stop power rail pending_off timer
11-23 20:58:10.521  1011  1189 D ASH     : @ 116342.717: tcs3701: start power rail timer, state:3
11-23 20:58:10.526  9398  9434 I BatteryMgr:DataCollectionService: stats => 1700769490526,7934,4447,9765,4169000,100
11-23 20:58:10.527  9398  5999 I BatteryMgr:DataCollectionService: stats => 1700769490527,7934,4447,9765,4169000,100
11-23 20:58:10.549  9398  5999 I BatteryMgr:DataCollectionService: stats => 1700769490549,7934,4447,9765,4169000,100
11-23 20:58:10.561  1011  1189 I ASH     : @ 116342.757: tcs3701: stop power rail pending_off timer
11-23 20:58:10.561  1011  1189 D ASH     : @ 116342.757: tcs3701: start power rail timer, state:3
11-23 20:58:10.601  1011  1189 I ASH     : @ 116342.797: tcs3701: stop power rail pending_off timer
11-23 20:58:10.601  1011  1189 D ASH     : @ 116342.797: tcs3701: start power rail timer, state:3
11-23 20:58:10.631  9398  9434 I BatteryMgr:DataCollectionService: stats => 1700769490631,7934,4447,9765,4169000,100
11-23 20:58:10.632  9398  5999 I BatteryMgr:DataCollectionService: stats => 1700769490632,7934,4447,9765,4169000,100
11-23 20:58:10.641  1011  1189 I ASH     : @ 116342.837: tcs3701: stop power rail pending_off timer
11-23 20:58:10.642  1011  1189 D ASH     : @ 116342.837: tcs3701: start power rail timer, state:3
11-23 20:58:10.652  9398  5999 I BatteryMgr:DataCollectionService: stats => 1700769490652,7934,4447,9765,4169000,100
11-23 20:58:10.681  1011  1189 I ASH     : @ 116342.877: tcs3701: stop power rail pending_off timer
11-23 20:58:10.681  1011  1189 D ASH     : @ 116342.877: tcs3701: start power rail timer, state:3
11-23 20:58:10.721  1011  1189 I ASH     : @ 116342.917: tcs3701: stop power rail pending_off timer
11-23 20:58:10.721  1011  1189 D ASH     : @ 116342.917: tcs3701: start power rail timer, state:3
11-23 20:58:10.736  9398  9434 I BatteryMgr:DataCollectionService: stats => 1700769490736,7934,4447,9765,4169000,100
11-23 20:58:10.737  9398  5999 I BatteryMgr:DataCollectionService: stats => 1700769490737,7934,4447,9765,4169000,100
11-23 20:58:10.756  9398  5999 I BatteryMgr:DataCollectionService: stats => 1700769490756,7934,4447,9765,4169000,100
11-23 20:58:10.761  1011  1189 I ASH     : @ 116342.957: tcs3701: stop power rail pending_off timer
11-23 20:58:10.761  1011  1189 D ASH     : @ 116342.957: tcs3701: start power rail timer, state:3
11-23 20:58:10.801  1011  1189 I ASH     : @ 116342.997: tcs3701: stop power rail pending_off timer
11-23 20:58:10.801  1011  1189 D ASH     : @ 116342.997: tcs3701: start power rail timer, state:3
11-23 20:58:10.840  9398  9434 I BatteryMgr:DataCollectionService: stats => 1700769490840,7934,4447,9765,4169000,100
11-23 20:58:10.841  1011  1189 I ASH     : @ 116343.037: tcs3701: stop power rail pending_off timer
11-23 20:58:10.841  1011  1189 D ASH     : @ 116343.037: tcs3701: start power rail timer, state:3
11-23 20:58:10.841  9398  5999 I BatteryMgr:DataCollectionService: stats => 1700769490841,7934,4447,9765,4169000,100
11-23 20:58:10.861  9398  5999 I BatteryMgr:DataCollectionService: stats => 1700769490861,7934,4447,9765,4169000,100
11-23 20:58:10.881  1011  1189 I ASH     : @ 116343.077: tcs3701: stop power rail pending_off timer
11-23 20:58:10.881  1011  1189 D ASH     : @ 116343.077: tcs3701: start power rail timer, state:3
11-23 20:58:10.921  1011  1189 I ASH     : @ 116343.117: tcs3701: stop power rail pending_off timer
11-23 20:58:10.921  1011  1189 D ASH     : @ 116343.117: tcs3701: start power rail timer, state:3
11-23 20:58:10.945  9398  9434 I BatteryMgr:DataCollectionService: stats => 1700769490945,7934,4447,9765,4169000,100
11-23 20:58:10.949  9398  5999 I BatteryMgr:DataCollectionService: stats => 1700769490949,7934,4447,9765,4169000,100
11-23 20:58:10.962  1011  1189 I ASH     : @ 116343.157: tcs3701: stop power rail pending_off timer
11-23 20:58:10.962  1011  1189 D ASH     : @ 116343.157: tcs3701: start power rail timer, state:3
11-23 20:58:10.964  9398  5999 I BatteryMgr:DataCollectionService: stats => 1700769490964,7934,4447,9765,4169000,100
11-23 20:58:10.993  2113  2118 I pixel-thermal: skin-therm-monitor: 38.413
11-23 20:58:11.001  1011  1189 I ASH     : @ 116343.197: tcs3701: stop power rail pending_off timer
11-23 20:58:11.001  1011  1189 D ASH     : @ 116343.197: tcs3701: start power rail timer, state:3
11-23 20:58:11.023  1795  3658 D ActivityManager: freezer override set to true
11-23 20:58:11.041  1011  1189 I ASH     : @ 116343.237: tcs3701: stop power rail pending_off timer
11-23 20:58:11.042  1011  1189 D ASH     : @ 116343.237: tcs3701: start power rail timer, state:3
11-23 20:58:11.050  9398  5999 I BatteryMgr:DataCollectionService: stats => 1700769491050,7934,4447,9765,4169000,100
11-23 20:58:11.053  9398  9434 I BatteryMgr:DataCollectionService: stats => 1700769491053,7934,4447,9765,4169000,100
11-23 20:58:11.071  9398  9434 I BatteryMgr:DataCollectionService: stats => 1700769491071,7934,4447,9765,4169000,100
11-23 20:58:11.081  1011  1189 I ASH     : @ 116343.277: tcs3701: stop power rail pending_off timer
11-23 20:58:11.081  1011  1189 D ASH     : @ 116343.277: tcs3701: start power rail timer, state:3
11-23 20:58:11.104 29359 29411 I m.chrome.canary: Explicit concurrent copying GC freed 3574(176KB) AllocSpace objects, 3(60KB) LOS objects, 75% free, 12MB/49MB, paused 34us,24us total 46.351ms
11-23 20:58:11.122  1011  1189 I ASH     : @ 116343.317: tcs3701: stop power rail pending_off timer
11-23 20:58:11.122  1011  1189 D ASH     : @ 116343.317: tcs3701: start power rail timer, state:3
11-23 20:58:11.157  9398  9434 I BatteryMgr:DataCollectionService: stats => 1700769491157,7934,4447,9765,4169000,100
11-23 20:58:11.158  9398  5999 I BatteryMgr:DataCollectionService: stats => 1700769491158,7934,4447,9765,4169000,100
11-23 20:58:11.161  1011  1189 I ASH     : @ 116343.357: tcs3701: stop power rail pending_off timer
11-23 20:58:11.161  1011  1189 D ASH     : @ 116343.357: tcs3701: start power rail timer, state:3
11-23 20:58:11.169  1795  4170 D ActivityManager: freezer override set to false
11-23 20:58:11.176  9398  5999 I BatteryMgr:DataCollectionService: stats => 1700769491176,7934,4447,9765,4169000,100
11-23 20:58:11.201  1011  1189 I ASH     : @ 116343.397: tcs3701: stop power rail pending_off timer
11-23 20:58:11.201  1011  1189 D ASH     : @ 116343.397: tcs3701: start power rail timer, state:3
11-23 20:58:11.232  1795  4170 D ActivityManager: freezer override set to true
11-23 20:58:11.234  1795  4170 D ActivityManager: freezer override set to false
11-23 20:58:11.241  1011  1189 I ASH     : @ 116343.437: tcs3701: stop power rail pending_off timer
11-23 20:58:11.241  1011  1189 D ASH     : @ 116343.437: tcs3701: start power rail timer, state:3
11-23 20:58:11.263  9398  9434 I BatteryMgr:DataCollectionService: stats => 1700769491263,7934,4447,9765,4169000,100
11-23 20:58:11.264  9398  5999 I BatteryMgr:DataCollectionService: stats => 1700769491264,7934,4447,9765,4169000,100
11-23 20:58:11.280  9398  5999 I BatteryMgr:DataCollectionService: stats => 1700769491280,7934,4447,9765,4169000,100
11-23 20:58:11.281  1011  1189 I ASH     : @ 116343.477: tcs3701: stop power rail pending_off timer
11-23 20:58:11.281  1011  1189 D ASH     : @ 116343.477: tcs3701: start power rail timer, state:3
11-23 20:58:11.321  1011  1189 I ASH     : @ 116343.517: tcs3701: stop power rail pending_off timer
11-23 20:58:11.321  1011  1189 D ASH     : @ 116343.517: tcs3701: start power rail timer, state:3
11-23 20:58:11.361  1011  1189 I ASH     : @ 116343.557: tcs3701: stop power rail pending_off timer
11-23 20:58:11.361  1011  1189 D ASH     : @ 116343.557: tcs3701: start power rail timer, state:3
11-23 20:58:11.368  9398  9434 I BatteryMgr:DataCollectionService: stats => 1700769491368,7934,4447,9765,4169000,100
11-23 20:58:11.370  9398  5999 I BatteryMgr:DataCollectionService: stats => 1700769491370,7934,4447,9765,4169000,100
11-23 20:58:11.384  9398  5999 I BatteryMgr:DataCollectionService: stats => 1700769491384,7934,4447,9765,4169000,100
11-23 20:58:11.401  1011  1189 I ASH     : @ 116343.597: tcs3701: stop power rail pending_off timer
11-23 20:58:11.401  1011  1189 D ASH     : @ 116343.597: tcs3701: start power rail timer, state:3
11-23 20:58:11.441  1011  1189 I ASH     : @ 116343.637: tcs3701: stop power rail pending_off timer
11-23 20:58:11.441  1011  1189 D ASH     : @ 116343.637: tcs3701: start power rail timer, state:3
11-23 20:58:11.473  9398  5999 I BatteryMgr:DataCollectionService: stats => 1700769491473,7934,4447,9765,4169000,100
11-23 20:58:11.474  9398  9434 I BatteryMgr:DataCollectionService: stats => 1700769491474,7934,4447,9765,4169000,100
11-23 20:58:11.482  1011  1189 I ASH     : @ 116343.677: tcs3701: stop power rail pending_off timer
11-23 20:58:11.482  1011  1189 D ASH     : @ 116343.677: tcs3701: start power rail timer, state:3
11-23 20:58:11.488  9398  9434 I BatteryMgr:DataCollectionService: stats => 1700769491488,7934,4447,9765,4169000,100
11-23 20:58:11.521  1011  1189 I ASH     : @ 116343.717: tcs3701: stop power rail pending_off timer
11-23 20:58:11.521  1011  1189 D ASH     : @ 116343.717: tcs3701: start power rail timer, state:3
11-23 20:58:11.561  1011  1189 I ASH     : @ 116343.757: tcs3701: stop power rail pending_off timer
11-23 20:58:11.561  1011  1189 D ASH     : @ 116343.757: tcs3701: start power rail timer, state:3
11-23 20:58:11.578  9398  5999 I BatteryMgr:DataCollectionService: stats => 1700769491578,7934,4447,9765,4169000,100
11-23 20:58:11.579  9398  9434 I BatteryMgr:DataCollectionService: stats => 1700769491578,7934,4447,9765,4169000,100
11-23 20:58:11.593  9398  9434 I BatteryMgr:DataCollectionService: stats => 1700769491593,7934,4447,9765,4169000,100
11-23 20:58:11.601  1011  1189 I ASH     : @ 116343.797: tcs3701: stop power rail pending_off timer
11-23 20:58:11.601  1011  1189 D ASH     : @ 116343.797: tcs3701: start power rail timer, state:3
11-23 20:58:11.641  1011  1189 I ASH     : @ 116343.837: tcs3701: stop power rail pending_off timer
11-23 20:58:11.641  1011  1189 D ASH     : @ 116343.837: tcs3701: start power rail timer, state:3
11-23 20:58:11.681  1011  1189 I ASH     : @ 116343.877: tcs3701: stop power rail pending_off timer
11-23 20:58:11.681  1011  1189 D ASH     : @ 116343.877: tcs3701: start power rail timer, state:3
11-23 20:58:11.684  9398  5999 I BatteryMgr:DataCollectionService: stats => 1700769491684,7934,4447,9765,4169000,100
11-23 20:58:11.685  9398  9434 I BatteryMgr:DataCollectionService: stats => 1700769491685,7934,4447,9765,4169000,100
11-23 20:58:11.698  9398  9434 I BatteryMgr:DataCollectionService: stats => 1700769491697,7934,4447,9765,4169000,100
11-23 20:58:11.721  1011  1189 I ASH     : @ 116343.917: tcs3701: stop power rail pending_off timer
11-23 20:58:11.721  1011  1189 D ASH     : @ 116343.917: tcs3701: start power rail timer, state:3
11-23 20:58:11.761  1011  1189 I ASH     : @ 116343.957: tcs3701: stop power rail pending_off timer
11-23 20:58:11.761  1011  1189 D ASH     : @ 116343.957: tcs3701: start power rail timer, state:3
11-23 20:58:11.789  9398  5999 I BatteryMgr:DataCollectionService: stats => 1700769491789,7934,4447,9765,4169000,100
11-23 20:58:11.790  9398  9434 I BatteryMgr:DataCollectionService: stats => 1700769491790,7934,4447,9765,4169000,100
11-23 20:58:11.801  1011  1189 I ASH     : @ 116343.997: tcs3701: stop power rail pending_off timer
11-23 20:58:11.801  1011  1189 D ASH     : @ 116343.997: tcs3701: start power rail timer, state:3
11-23 20:58:11.802  9398  9434 I BatteryMgr:DataCollectionService: stats => 1700769491802,7934,4447,9765,4169000,100
11-23 20:58:11.841  1011  1189 I ASH     : @ 116344.037: tcs3701: stop power rail pending_off timer
11-23 20:58:11.841  1011  1189 D ASH     : @ 116344.037: tcs3701: start power rail timer, state:3
11-23 20:58:11.881  1011  1189 I ASH     : @ 116344.077: tcs3701: stop power rail pending_off timer
11-23 20:58:11.881  1011  1189 D ASH     : @ 116344.077: tcs3701: start power rail timer, state:3
11-23 20:58:11.893  9398  9434 I BatteryMgr:DataCollectionService: stats => 1700769491893,7934,4447,9765,4169000,100
11-23 20:58:11.894  9398  5999 I BatteryMgr:DataCollectionService: stats => 1700769491894,7934,4447,9765,4169000,100
11-23 20:58:11.906  9398  5999 I BatteryMgr:DataCollectionService: stats => 1700769491906,7934,4447,9765,4169000,100
11-23 20:58:11.922  1011  1189 I ASH     : @ 116344.117: tcs3701: stop power rail pending_off timer
11-23 20:58:11.923  1011  1189 D ASH     : @ 116344.117: tcs3701: start power rail timer, state:3
11-23 20:58:11.961  1011  1189 I ASH     : @ 116344.157: tcs3701: stop power rail pending_off timer
11-23 20:58:11.961  1011  1189 D ASH     : @ 116344.157: tcs3701: start power rail timer, state:3
11-23 20:58:11.991  1795  2424 D WifiClientModeImpl[13802:wlan0]: updateLinkLayerStatsRssiSpeedFrequencyCapabilities rssi=-47 TxLinkspeed=866 freq=5240 RxLinkSpeed=866
11-23 20:58:11.991  1795  2424 D WifiDataStall: tx tput in kbps: 642734
11-23 20:58:11.991  1795  2424 D WifiDataStall: rx tput in kbps: 676562
11-23 20:58:11.991  1795  2424 V WifiConfigManager: Updating scan detail cache freq=5240 BSSID=f4:6d:2f:12:cc:88 RSSI=-46 for "ourhome"WPA_PSK
11-23 20:58:11.991  1795  2424 D WifiChannelUtilization:  freq: 5240 onTime: 3541659 busyTime: 352841 onTimeDiff: 166867 busyTimeDiff: 37142 utilization: 56 utilization t0: 25
11-23 20:58:11.991  1795  2424 D WifiDataStall:  ccaLevel = 56
11-23 20:58:11.991  1795  2424 D WifiDataStall: L2 txTputKbps: 642734, rxTputKbps: 676562, L3 txTputKbps: 0, rxTputKbps: 0, TxTrafficHigh: false, RxTrafficHigh: false, Throughput Sufficient: true
11-23 20:58:11.991  3213  3232 V WifiManager: OnWifiUsabilityStatsListener: onWifiUsabilityStats: seqNum=38375
11-23 20:58:11.992  1795  2424 D WifiScoreReport: Wifi scoring disabled - Don't check IP layer
11-23 20:58:11.992  1795  2424 D WifiScoreCard: BSSID update SIGNAL_POLL ID: 1320464697 SSID: "ourhome", BSSID: f4:6d:2f:12:cc:88, MAC: b2:2f:ec:da:4a:0c, IP: /192.168.1.104, Security type: 2, Supplicant state: COMPLETED, Wi-Fi standard: 5, RSSI: -47, Link speed: 866Mbps, Tx Link speed: 866Mbps, Max Supported Tx Link speed: 866Mbps, Rx Link speed: 866Mbps, Max Supported Rx Link speed: 866Mbps, Frequency: 5240MHz, Net ID: 12, Metered hint: false, score: 60, isUsable: true, CarrierMerged: false, SubscriptionId: -1, IsPrimary: 1, Trusted: true, Restricted: false, Ephemeral: false, OEM paid: false, OEM private: false, OSU AP: false, FQDN: <none>, Provider friendly name: <none>, Requesting package name: <none>"ourhome"wpa2-pskMLO Information: , Is TID-To-Link negotiation supported by the AP: false, AP MLD Address: <none>, AP MLO Link Id: <none>, AP MLO Affiliated links: <none>
11-23 20:58:11.992  1795  2424 D WifiScoreCard: txRate: 6 txSpeed: 866
11-23 20:58:11.992  1795  2424 D WifiScoreCard: network update SIGNAL_POLL "ourhome" ID: 1499892569 RSSI -47 txSpeed 866
11-23 20:58:11.992  1795  4170 I WifiService: updateWifiUsabilityScore uid=10180 seqNum=38375 score=100 predictionHorizonSec=1441795
11-23 20:58:11.992  1795  2424 D WifiClientModeImpl[13802:wlan0]:  ClientModeImpl$L2ConnectedState screen=on 25 0 "ourhome" f4:6d:2f:12:cc:88 rssi=-47 f=5240 sc=60 link=866 tx=4.9, 0.6, 0.0 rx=10.1 bcn=1116455 [on:56 tx:0 rx:1 period:3014] from screen [on:181008 period:3339357] score=60
11-23 20:58:11.993  1795  2424 D WifiScoreReport: Wifi scoring disabled - Notify that Wifi is usable
11-23 20:58:11.995  1795  2432 D ConnectivityService: NetReassign [no changes] [c 0] [a 0] [i 2]
11-23 20:58:11.997  9398  5999 I BatteryMgr:DataCollectionService: stats => 1700769491996,7934,4447,9765,4169000,100
11-23 20:58:11.998  9398  9434 I BatteryMgr:DataCollectionService: stats => 1700769491998,7934,4447,9765,4169000,100
11-23 20:58:12.002  1011  1189 I ASH     : @ 116344.197: tcs3701: stop power rail pending_off timer
11-23 20:58:12.002  1011  1189 D ASH     : @ 116344.197: tcs3701: start power rail timer, state:3
11-23 20:58:12.009  9398  9434 I BatteryMgr:DataCollectionService: stats => 1700769492009,7934,4447,9765,4169000,100
11-23 20:58:12.041  1011  1189 I ASH     : @ 116344.237: tcs3701: stop power rail pending_off timer
11-23 20:58:12.041  1011  1189 D ASH     : @ 116344.237: tcs3701: start power rail timer, state:3
11-23 20:58:12.081  1011  1189 I ASH     : @ 116344.277: tcs3701: stop power rail pending_off timer
11-23 20:58:12.081  1011  1189 D ASH     : @ 116344.277: tcs3701: start power rail timer, state:3
11-23 20:58:12.101  9398  5999 I BatteryMgr:DataCollectionService: stats => 1700769492101,7934,4447,9765,4169000,100
11-23 20:58:12.102  9398  9434 I BatteryMgr:DataCollectionService: stats => 1700769492102,7934,4447,9765,4169000,100
11-23 20:58:12.113  9398  9434 I BatteryMgr:DataCollectionService: stats => 1700769492113,7934,4447,9765,4169000,100
11-23 20:58:12.121  1011  1189 I ASH     : @ 116344.317: tcs3701: stop power rail pending_off timer
11-23 20:58:12.121  1011  1189 D ASH     : @ 116344.317: tcs3701: start power rail timer, state:3
11-23 20:58:12.150  1795  4170 D ActivityManager: freezer override set to true
11-23 20:58:12.158  1795  4170 D ActivityManager: freezer override set to false
11-23 20:58:12.161  1011  1189 I ASH     : @ 116344.357: tcs3701: stop power rail pending_off timer
11-23 20:58:12.161  1011  1189 D ASH     : @ 116344.357: tcs3701: start power rail timer, state:3
11-23 20:58:12.201  1011  1189 I ASH     : @ 116344.397: tcs3701: stop power rail pending_off timer
11-23 20:58:12.201  1011  1189 D ASH     : @ 116344.397: tcs3701: start power rail timer, state:3
11-23 20:58:12.208  9398  5999 I BatteryMgr:DataCollectionService: stats => 1700769492208,7934,4447,9765,4169000,100
11-23 20:58:12.209  9398  9434 I BatteryMgr:DataCollectionService: stats => 1700769492209,7934,4447,9765,4169000,100
11-23 20:58:12.218  9398  9434 I BatteryMgr:DataCollectionService: stats => 1700769492218,7934,4447,9765,4169000,100
11-23 20:58:12.241  1011  1189 I ASH     : @ 116344.437: tcs3701: stop power rail pending_off timer
11-23 20:58:12.241  1011  1189 D ASH     : @ 116344.437: tcs3701: start power rail timer, state:3
11-23 20:58:12.281  1011  1189 I ASH     : @ 116344.477: tcs3701: stop power rail pending_off timer
11-23 20:58:12.281  1011  1189 D ASH     : @ 116344.477: tcs3701: start power rail timer, state:3
11-23 20:58:12.312  9398  5999 I BatteryMgr:DataCollectionService: stats => 1700769492312,7934,4447,9765,4169000,100
11-23 20:58:12.314  9398  9434 I BatteryMgr:DataCollectionService: stats => 1700769492314,7934,4447,9765,4169000,100
11-23 20:58:12.321  1011  1189 I ASH     : @ 116344.517: tcs3701: stop power rail pending_off timer
11-23 20:58:12.321  1011  1189 D ASH     : @ 116344.517: tcs3701: start power rail timer, state:3
11-23 20:58:12.326  9398  9434 I BatteryMgr:DataCollectionService: stats => 1700769492325,7934,4447,9765,4169000,100
11-23 20:58:12.363  1011  1189 I ASH     : @ 116344.557: tcs3701: stop power rail pending_off timer
11-23 20:58:12.363  1011  1189 D ASH     : @ 116344.557: tcs3701: start power rail timer, state:3
11-23 20:58:12.365  1795  4170 D ActivityManager: freezer override set to true
11-23 20:58:12.401  1011  1189 I ASH     : @ 116344.597: tcs3701: stop power rail pending_off timer
11-23 20:58:12.401  1011  1189 D ASH     : @ 116344.597: tcs3701: start power rail timer, state:3
11-23 20:58:12.419  9398  9434 I BatteryMgr:DataCollectionService: stats => 1700769492419,7934,4447,9765,4169000,100
11-23 20:58:12.419  9398  5999 I BatteryMgr:DataCollectionService: stats => 1700769492419,7934,4447,9765,4169000,100
11-23 20:58:12.432  9398  5999 I BatteryMgr:DataCollectionService: stats => 1700769492432,7934,4447,9765,4169000,100
11-23 20:58:12.441  1011  1189 I ASH     : @ 116344.637: tcs3701: stop power rail pending_off timer
11-23 20:58:12.441  1011  1189 D ASH     : @ 116344.637: tcs3701: start power rail timer, state:3
11-23 20:58:12.453 29359 29411 I m.chrome.canary: Explicit concurrent copying GC freed 3803(191KB) AllocSpace objects, 4(80KB) LOS objects, 75% free, 12MB/49MB, paused 103us,25us total 46.125ms
11-23 20:58:12.481  1011  1189 I ASH     : @ 116344.677: tcs3701: stop power rail pending_off timer
11-23 20:58:12.481  1011  1189 D ASH     : @ 116344.677: tcs3701: start power rail timer, state:3
11-23 20:58:12.510  1795  4170 D ActivityManager: freezer override set to false
11-23 20:58:12.521  1011  1189 I ASH     : @ 116344.717: tcs3701: stop power rail pending_off timer
11-23 20:58:12.521  1011  1189 D ASH     : @ 116344.717: tcs3701: start power rail timer, state:3
11-23 20:58:12.523  9398  9434 I BatteryMgr:DataCollectionService: stats => 1700769492523,7934,4447,9765,4169000,100
11-23 20:58:12.524  9398  5999 I BatteryMgr:DataCollectionService: stats => 1700769492524,7934,4447,9765,4169000,100
11-23 20:58:12.537  9398  5999 I BatteryMgr:DataCollectionService: stats => 1700769492536,7934,4447,9765,4169000,100
11-23 20:58:12.558  1795  4170 D ActivityManager: freezer override set to true
11-23 20:58:12.561  1795  4170 D ActivityManager: freezer override set to false
11-23 20:58:12.561  1011  1189 I ASH     : @ 116344.757: tcs3701: stop power rail pending_off timer
11-23 20:58:12.561  1011  1189 D ASH     : @ 116344.757: tcs3701: start power rail timer, state:3
11-23 20:58:12.601  1011  1189 I ASH     : @ 116344.797: tcs3701: stop power rail pending_off timer
11-23 20:58:12.601  1011  1189 D ASH     : @ 116344.797: tcs3701: start power rail timer, state:3
11-23 20:58:12.628  9398  9434 I BatteryMgr:DataCollectionService: stats => 1700769492628,7934,4447,9765,4169000,100
11-23 20:58:12.628  9398  5999 I BatteryMgr:DataCollectionService: stats => 1700769492628,7934,4447,9765,4169000,100
11-23 20:58:12.641  1011  1189 I ASH     : @ 116344.837: tcs3701: stop power rail pending_off timer
11-23 20:58:12.641  9398  5999 I BatteryMgr:DataCollectionService: stats => 1700769492641,7934,4447,9765,4169000,100
11-23 20:58:12.641  1011  1189 D ASH     : @ 116344.837: tcs3701: start power rail timer, state:3
11-23 20:58:12.681  1011  1189 I ASH     : @ 116344.877: tcs3701: stop power rail pending_off timer
11-23 20:58:12.681  1011  1189 D ASH     : @ 116344.877: tcs3701: start power rail timer, state:3
11-23 20:58:12.721  1011  1189 I ASH     : @ 116344.917: tcs3701: stop power rail pending_off timer
11-23 20:58:12.721  1011  1189 D ASH     : @ 116344.917: tcs3701: start power rail timer, state:3
11-23 20:58:12.733  9398  9434 I BatteryMgr:DataCollectionService: stats => 1700769492733,7934,4447,9765,4169000,100
11-23 20:58:12.733  9398  5999 I BatteryMgr:DataCollectionService: stats => 1700769492733,7934,4447,9765,4169000,100
11-23 20:58:12.745  9398  5999 I BatteryMgr:DataCollectionService: stats => 1700769492745,7934,4447,9765,4169000,100
11-23 20:58:12.762  1011  1189 I ASH     : @ 116344.957: tcs3701: stop power rail pending_off timer
11-23 20:58:12.762  1011  1189 D ASH     : @ 116344.957: tcs3701: start power rail timer, state:3
11-23 20:58:12.801  1011  1189 I ASH     : @ 116344.997: tcs3701: stop power rail pending_off timer
11-23 20:58:12.801  1011  1189 D ASH     : @ 116344.997: tcs3701: start power rail timer, state:3
11-23 20:58:12.838  9398  9434 I BatteryMgr:DataCollectionService: stats => 1700769492838,7934,4447,9765,4169000,100
11-23 20:58:12.839  9398  5999 I BatteryMgr:DataCollectionService: stats => 1700769492839,7934,4447,9765,4169000,100
11-23 20:58:12.841  1011  1189 I ASH     : @ 116345.037: tcs3701: stop power rail pending_off timer
11-23 20:58:12.842  1011  1189 D ASH     : @ 116345.037: tcs3701: start power rail timer, state:3
11-23 20:58:12.848  9398  5999 I BatteryMgr:DataCollectionService: stats => 1700769492848,7934,4447,9765,4169000,100
11-23 20:58:12.881  1011  1189 I ASH     : @ 116345.077: tcs3701: stop power rail pending_off timer
11-23 20:58:12.881  1011  1189 D ASH     : @ 116345.077: tcs3701: start power rail timer, state:3
11-23 20:58:12.921  1011  1189 I ASH     : @ 116345.117: tcs3701: stop power rail pending_off timer
11-23 20:58:12.921  1011  1189 D ASH     : @ 116345.117: tcs3701: start power rail timer, state:3
11-23 20:58:12.943  9398  9434 I BatteryMgr:DataCollectionService: stats => 1700769492943,7934,4447,9765,4169000,100
11-23 20:58:12.944  9398  5999 I BatteryMgr:DataCollectionService: stats => 1700769492944,7934,4447,9765,4169000,100
11-23 20:58:12.953  9398  5999 I BatteryMgr:DataCollectionService: stats => 1700769492953,7934,4447,9765,4169000,100
11-23 20:58:12.961  1011  1189 I ASH     : @ 116345.157: tcs3701: stop power rail pending_off timer
11-23 20:58:12.961  1011  1189 D ASH     : @ 116345.157: tcs3701: start power rail timer, state:3
11-23 20:58:12.988  1795  2424 D WifiNetworkSelector: Current connected network: 12
11-23 20:58:12.988  1795  2424 V WifiConnectivityManager: No partial scan because firmware roaming is supported.
11-23 20:58:12.988  1795  2424 V WifiConnectivityManager: schedulePeriodicScanTimer intervalMs 20000
11-23 20:58:12.997  2113  2118 I pixel-thermal: skin-therm-monitor: 38.433
11-23 20:58:13.002  1011  1189 I ASH     : @ 116345.197: tcs3701: stop power rail pending_off timer
11-23 20:58:13.003  1011  1189 D ASH     : @ 116345.197: tcs3701: start power rail timer, state:3
11-23 20:58:13.041  1011  1189 I ASH     : @ 116345.237: tcs3701: stop power rail pending_off timer
11-23 20:58:13.041  1011  1189 D ASH     : @ 116345.237: tcs3701: start power rail timer, state:3
11-23 20:58:13.047  9398  9434 I BatteryMgr:DataCollectionService: stats => 1700769493047,7934,4447,9765,4169000,100
11-23 20:58:13.048  9398  5999 I BatteryMgr:DataCollectionService: stats => 1700769493048,7934,4447,9765,4169000,100
11-23 20:58:13.057  9398  5999 I BatteryMgr:DataCollectionService: stats => 1700769493057,7934,4447,9765,4169000,100
11-23 20:58:13.081  1011  1189 I ASH     : @ 116345.277: tcs3701: stop power rail pending_off timer
11-23 20:58:13.081  1011  1189 D ASH     : @ 116345.277: tcs3701: start power rail timer, state:3
11-23 20:58:13.121  1011  1189 I ASH     : @ 116345.317: tcs3701: stop power rail pending_off timer
11-23 20:58:13.121  1011  1189 D ASH     : @ 116345.317: tcs3701: start power rail timer, state:3
11-23 20:58:13.152  9398  9434 I BatteryMgr:DataCollectionService: stats => 1700769493152,7934,4447,9765,4169000,100
11-23 20:58:13.154  9398  5999 I BatteryMgr:DataCollectionService: stats => 1700769493154,7934,4447,9765,4169000,100
11-23 20:58:13.161  1011  1189 I ASH     : @ 116345.357: tcs3701: stop power rail pending_off timer
11-23 20:58:13.161  1011  1189 D ASH     : @ 116345.357: tcs3701: start power rail timer, state:3
11-23 20:58:13.161  1795  1854 D ActivityManager: freezer override set to true
11-23 20:58:13.163  9398  5999 I BatteryMgr:DataCollectionService: stats => 1700769493163,7934,4447,9765,4169000,100
11-23 20:58:13.171  1795  1854 D ActivityManager: freezer override set to false
11-23 20:58:13.201  1011  1189 I ASH     : @ 116345.397: tcs3701: stop power rail pending_off timer
11-23 20:58:13.201  1011  1189 D ASH     : @ 116345.397: tcs3701: start power rail timer, state:3
11-23 20:58:13.241  1011  1189 I ASH     : @ 116345.437: tcs3701: stop power rail pending_off timer
11-23 20:58:13.241  1011  1189 D ASH     : @ 116345.437: tcs3701: start power rail timer, state:3
11-23 20:58:13.258  9398  9434 I BatteryMgr:DataCollectionService: stats => 1700769493258,7934,4447,9765,4169000,100
11-23 20:58:13.258  9398  5999 I BatteryMgr:DataCollectionService: stats => 1700769493258,7934,4447,9765,4169000,100
11-23 20:58:13.267  9398  5999 I BatteryMgr:DataCollectionService: stats => 1700769493267,7934,4447,9765,4169000,100
11-23 20:58:13.281  1011  1189 I ASH     : @ 116345.477: tcs3701: stop power rail pending_off timer
11-23 20:58:13.281  1011  1189 D ASH     : @ 116345.477: tcs3701: start power rail timer, state:3
11-23 20:58:13.321  1011  1189 I ASH     : @ 116345.517: tcs3701: stop power rail pending_off timer
11-23 20:58:13.321  1011  1189 D ASH     : @ 116345.517: tcs3701: start power rail timer, state:3
11-23 20:58:13.361  1011  1189 I ASH     : @ 116345.557: tcs3701: stop power rail pending_off timer
11-23 20:58:13.361  1011  1189 D ASH     : @ 116345.557: tcs3701: start power rail timer, state:3
11-23 20:58:13.362  9398  9434 I BatteryMgr:DataCollectionService: stats => 1700769493362,7934,4447,9765,4169000,100
11-23 20:58:13.364  9398  5999 I BatteryMgr:DataCollectionService: stats => 1700769493364,7934,4447,9765,4169000,100
11-23 20:58:13.370  9398  5999 I BatteryMgr:DataCollectionService: stats => 1700769493370,7934,4447,9765,4169000,100
11-23 20:58:13.401  1011  1189 I ASH     : @ 116345.597: tcs3701: stop power rail pending_off timer
11-23 20:58:13.401  1011  1189 D ASH     : @ 116345.597: tcs3701: start power rail timer, state:3
11-23 20:58:13.441  1011  1189 I ASH     : @ 116345.637: tcs3701: stop power rail pending_off timer
11-23 20:58:13.441  1011  1189 D ASH     : @ 116345.637: tcs3701: start power rail timer, state:3
11-23 20:58:13.468  9398  9434 I BatteryMgr:DataCollectionService: stats => 1700769493468,7934,4447,9765,4169000,100
11-23 20:58:13.469  9398  5999 I BatteryMgr:DataCollectionService: stats => 1700769493469,7934,4447,9765,4169000,100
11-23 20:58:13.475  9398  5999 I BatteryMgr:DataCollectionService: stats => 1700769493475,7934,4447,9765,4169000,100
11-23 20:58:13.482  1011  1189 I ASH     : @ 116345.677: tcs3701: stop power rail pending_off timer
11-23 20:58:13.482  1011  1189 D ASH     : @ 116345.677: tcs3701: start power rail timer, state:3
11-23 20:58:13.521  1011  1189 I ASH     : @ 116345.717: tcs3701: stop power rail pending_off timer
11-23 20:58:13.521  1011  1189 D ASH     : @ 116345.717: tcs3701: start power rail timer, state:3
11-23 20:58:13.561  1011  1189 I ASH     : @ 116345.757: tcs3701: stop power rail pending_off timer
11-23 20:58:13.561  1011  1189 D ASH     : @ 116345.757: tcs3701: start power rail timer, state:3
11-23 20:58:13.574  9398  9434 I BatteryMgr:DataCollectionService: stats => 1700769493574,7934,4447,9765,4169000,100
11-23 20:58:13.574  9398  5999 I BatteryMgr:DataCollectionService: stats => 1700769493574,7934,4447,9765,4169000,100
11-23 20:58:13.579  9398  5999 I BatteryMgr:DataCollectionService: stats => 1700769493579,7934,4447,9765,4169000,100
11-23 20:58:13.601  1011  1189 I ASH     : @ 116345.797: tcs3701: stop power rail pending_off timer
11-23 20:58:13.601  1011  1189 D ASH     : @ 116345.797: tcs3701: start power rail timer, state:3
11-23 20:58:13.641  1011  1189 I ASH     : @ 116345.837: tcs3701: stop power rail pending_off timer
11-23 20:58:13.641  1011  1189 D ASH     : @ 116345.837: tcs3701: start power rail timer, state:3
11-23 20:58:13.678  9398  9434 I BatteryMgr:DataCollectionService: stats => 1700769493678,7934,4447,9765,4169000,100
11-23 20:58:13.680  9398  5999 I BatteryMgr:DataCollectionService: stats => 1700769493680,7934,4447,9765,4169000,100
11-23 20:58:13.681  1011  1189 I ASH     : @ 116345.877: tcs3701: stop power rail pending_off timer
11-23 20:58:13.681  1011  1189 D ASH     : @ 116345.877: tcs3701: start power rail timer, state:3
11-23 20:58:13.682  9398  9434 I BatteryMgr:DataCollectionService: stats => 1700769493682,7934,4447,9765,4169000,100
11-23 20:58:13.703  1795  1854 D ActivityManager: freezer override set to true
11-23 20:58:13.721  1011  1189 I ASH     : @ 116345.917: tcs3701: stop power rail pending_off timer
11-23 20:58:13.721  1011  1189 D ASH     : @ 116345.917: tcs3701: start power rail timer, state:3
11-23 20:58:13.761  1011  1189 I ASH     : @ 116345.957: tcs3701: stop power rail pending_off timer
11-23 20:58:13.761  1011  1189 D ASH     : @ 116345.957: tcs3701: start power rail timer, state:3
11-23 20:58:13.782  9398  9434 I BatteryMgr:DataCollectionService: stats => 1700769493782,7934,4447,9765,4169000,100
11-23 20:58:13.783  9398  5999 I BatteryMgr:DataCollectionService: stats => 1700769493783,7934,4447,9765,4169000,100
11-23 20:58:13.786  9398  9434 I BatteryMgr:DataCollectionService: stats => 1700769493786,7934,4447,9765,4169000,100
11-23 20:58:13.801  1011  1189 I ASH     : @ 116345.997: tcs3701: stop power rail pending_off timer
11-23 20:58:13.801  1011  1189 D ASH     : @ 116345.997: tcs3701: start power rail timer, state:3
11-23 20:58:13.819 29359 29411 I m.chrome.canary: Explicit concurrent copying GC freed 3652(225KB) AllocSpace objects, 3(60KB) LOS objects, 75% free, 12MB/49MB, paused 32us,25us total 50.251ms
11-23 20:58:13.841  1011  1189 I ASH     : @ 116346.037: tcs3701: stop power rail pending_off timer
11-23 20:58:13.841  1011  1189 D ASH     : @ 116346.037: tcs3701: start power rail timer, state:3
11-23 20:58:13.879  1795  1854 D ActivityManager: freezer override set to false
11-23 20:58:13.881  1011  1189 I ASH     : @ 116346.077: tcs3701: stop power rail pending_off timer
11-23 20:58:13.881  1011  1189 D ASH     : @ 116346.077: tcs3701: start power rail timer, state:3
11-23 20:58:13.889  9398  5999 I BatteryMgr:DataCollectionService: stats => 1700769493889,7934,4447,9765,4169000,100
11-23 20:58:13.889  9398  9434 I BatteryMgr:DataCollectionService: stats => 1700769493889,7934,4447,9765,4169000,100
11-23 20:58:13.890  9398  9436 I BatteryMgr:DataCollectionService: stats => 1700769493890,7934,4447,9765,4169000,100
11-23 20:58:13.921  1011  1189 I ASH     : @ 116346.117: tcs3701: stop power rail pending_off timer
11-23 20:58:13.921  1011  1189 D ASH     : @ 116346.117: tcs3701: start power rail timer, state:3
11-23 20:58:13.929  1795  1854 D ActivityManager: freezer override set to true
11-23 20:58:13.932  1795  1854 D ActivityManager: freezer override set to false
11-23 20:58:13.961  1011  1189 I ASH     : @ 116346.157: tcs3701: stop power rail pending_off timer
11-23 20:58:13.961  1011  1189 D ASH     : @ 116346.157: tcs3701: start power rail timer, state:3
11-23 20:58:13.993  9398  9434 I BatteryMgr:DataCollectionService: stats => 1700769493993,7934,4447,9765,4169000,100
11-23 20:58:13.994  9398  9436 I BatteryMgr:DataCollectionService: stats => 1700769493994,7934,4447,9765,4169000,100
11-23 20:58:13.994  9398  5999 I BatteryMgr:DataCollectionService: stats => 1700769493994,7934,4447,9765,4169000,100
11-23 20:58:14.001  1011  1189 I ASH     : @ 116346.197: tcs3701: stop power rail pending_off timer
11-23 20:58:14.001  1011  1189 D ASH     : @ 116346.197: tcs3701: start power rail timer, state:3
11-23 20:58:14.041  1011  1189 I ASH     : @ 116346.237: tcs3701: stop power rail pending_off timer
11-23 20:58:14.041  1011  1189 D ASH     : @ 116346.237: tcs3701: start power rail timer, state:3
11-23 20:58:14.081  1011  1189 I ASH     : @ 116346.277: tcs3701: stop power rail pending_off timer
11-23 20:58:14.081  1011  1189 D ASH     : @ 116346.277: tcs3701: start power rail timer, state:3
11-23 20:58:14.101  9398  9436 I BatteryMgr:DataCollectionService: stats => 1700769494101,7934,4447,9765,4169000,100
11-23 20:58:14.102  9398  9434 I BatteryMgr:DataCollectionService: stats => 1700769494102,7934,4447,9765,4169000,100
11-23 20:58:14.102  9398  5999 I BatteryMgr:DataCollectionService: stats => 1700769494102,7934,4447,9765,4169000,100
11-23 20:58:14.121  1011  1189 I ASH     : @ 116346.317: tcs3701: stop power rail pending_off timer
11-23 20:58:14.121  1011  1189 D ASH     : @ 116346.317: tcs3701: start power rail timer, state:3
11-23 20:58:14.156  1795  4170 D ActivityManager: freezer override set to true
11-23 20:58:14.160  1795  4170 D ActivityManager: freezer override set to false
11-23 20:58:14.161  1011  1189 I ASH     : @ 116346.357: tcs3701: stop power rail pending_off timer
11-23 20:58:14.161  1011  1189 D ASH     : @ 116346.357: tcs3701: start power rail timer, state:3
11-23 20:58:14.201  1011  1189 I ASH     : @ 116346.397: tcs3701: stop power rail pending_off timer
11-23 20:58:14.201  1011  1189 D ASH     : @ 116346.397: tcs3701: start power rail timer, state:3
11-23 20:58:14.207  9398  9434 I BatteryMgr:DataCollectionService: stats => 1700769494207,7934,4447,9765,4169000,100
11-23 20:58:14.208  9398  5999 I BatteryMgr:DataCollectionService: stats => 1700769494208,7934,4447,9765,4169000,100
11-23 20:58:14.211  9398  9436 I BatteryMgr:DataCollectionService: stats => 1700769494211,7934,4447,9765,4169000,100
11-23 20:58:14.241  1011  1189 I ASH     : @ 116346.437: tcs3701: stop power rail pending_off timer
11-23 20:58:14.241  1011  1189 D ASH     : @ 116346.437: tcs3701: start power rail timer, state:3
11-23 20:58:14.281  1011  1189 I ASH     : @ 116346.477: tcs3701: stop power rail pending_off timer
11-23 20:58:14.281  1011  1189 D ASH     : @ 116346.477: tcs3701: start power rail timer, state:3
11-23 20:58:14.311  9398  9436 I BatteryMgr:DataCollectionService: stats => 1700769494311,7934,4447,9765,4169000,100
11-23 20:58:14.314  9398  5999 I BatteryMgr:DataCollectionService: stats => 1700769494314,7934,4447,9765,4169000,100
11-23 20:58:14.317  9398  9436 I BatteryMgr:DataCollectionService: stats => 1700769494316,7934,4447,9765,4169000,100
11-23 20:58:14.321  1011  1189 I ASH     : @ 116346.517: tcs3701: stop power rail pending_off timer
11-23 20:58:14.321  1011  1189 D ASH     : @ 116346.517: tcs3701: start power rail timer, state:3
11-23 20:58:14.361  1011  1189 I ASH     : @ 116346.557: tcs3701: stop power rail pending_off timer
11-23 20:58:14.361  1011  1189 D ASH     : @ 116346.557: tcs3701: start power rail timer, state:3
11-23 20:58:14.402  1011  1189 I ASH     : @ 116346.597: tcs3701: stop power rail pending_off timer
11-23 20:58:14.402  1011  1189 D ASH     : @ 116346.597: tcs3701: start power rail timer, state:3
11-23 20:58:14.418  9398  9436 I BatteryMgr:DataCollectionService: stats => 1700769494417,7934,4447,9765,4169000,100
11-23 20:58:14.418  9398  5999 I BatteryMgr:DataCollectionService: stats => 1700769494418,7934,4447,9765,4169000,100
11-23 20:58:14.420  9398  9434 I BatteryMgr:DataCollectionService: stats => 1700769494420,7934,4447,9765,4169000,100
11-23 20:58:14.441  1011  1189 I ASH     : @ 116346.637: tcs3701: stop power rail pending_off timer
11-23 20:58:14.441  1011  1189 D ASH     : @ 116346.637: tcs3701: start power rail timer, state:3
11-23 20:58:14.481  1011  1189 I ASH     : @ 116346.677: tcs3701: stop power rail pending_off timer
11-23 20:58:14.481  1011  1189 D ASH     : @ 116346.677: tcs3701: start power rail timer, state:3
11-23 20:58:14.521  1011  1189 I ASH     : @ 116346.717: tcs3701: stop power rail pending_off timer
11-23 20:58:14.521  1011  1189 D ASH     : @ 116346.717: tcs3701: start power rail timer, state:3
11-23 20:58:14.523  9398  9434 I BatteryMgr:DataCollectionService: stats => 1700769494523,7934,4447,9765,4169000,100
11-23 20:58:14.523  9398  5999 I BatteryMgr:DataCollectionService: stats => 1700769494523,7934,4447,9765,4169000,100
11-23 20:58:14.524  9398  9433 I BatteryMgr:DataCollectionService: stats => 1700769494524,7934,4447,9765,4169000,100
11-23 20:58:14.562  1011  1189 I ASH     : @ 116346.757: tcs3701: stop power rail pending_off timer
11-23 20:58:14.562  1011  1189 D ASH     : @ 116346.757: tcs3701: start power rail timer, state:3
11-23 20:58:14.601  1011  1189 I ASH     : @ 116346.797: tcs3701: stop power rail pending_off timer
11-23 20:58:14.601  1011  1189 D ASH     : @ 116346.797: tcs3701: start power rail timer, state:3
11-23 20:58:14.629  9398  9436 I BatteryMgr:DataCollectionService: stats => 1700769494629,7934,4447,9765,4169000,100
11-23 20:58:14.629  9398  9433 I BatteryMgr:DataCollectionService: stats => 1700769494629,7934,4447,9765,4169000,100
11-23 20:58:14.630  9398  5999 I BatteryMgr:DataCollectionService: stats => 1700769494630,7934,4447,9765,4169000,100
