--------- beginning of main
11-23 21:10:10.081  1011  1189 I ASH     : @ 117062.277: tcs3701: stop power rail pending_off timer
11-23 21:10:10.082  1011  1189 D ASH     : @ 117062.277: tcs3701: start power rail timer, state:3
11-23 21:10:10.112  9398  7861 I BatteryMgr:DataCollectionService: stats => 1700770210112,10375,4447,9765,4169000,100
11-23 21:10:10.112  9398  5999 I BatteryMgr:DataCollectionService: stats => 1700770210112,10375,4447,9765,4169000,100
11-23 21:10:10.121  1011  1189 I ASH     : @ 117062.317: tcs3701: stop power rail pending_off timer
11-23 21:10:10.121  1011  1189 D ASH     : @ 117062.317: tcs3701: start power rail timer, state:3
11-23 21:10:10.162  1011  1189 I ASH     : @ 117062.357: tcs3701: stop power rail pending_off timer
11-23 21:10:10.162  1011  1189 D ASH     : @ 117062.357: tcs3701: start power rail timer, state:3
11-23 21:10:10.202  1011  1189 I ASH     : @ 117062.397: tcs3701: stop power rail pending_off timer
11-23 21:10:10.202  1011  1189 D ASH     : @ 117062.397: tcs3701: start power rail timer, state:3
11-23 21:10:10.217  9398  7861 I BatteryMgr:DataCollectionService: stats => 1700770210217,10375,4447,9765,4169000,100
11-23 21:10:10.217  9398  5999 I BatteryMgr:DataCollectionService: stats => 1700770210217,10375,4447,9765,4169000,100
11-23 21:10:10.238 15427 15427 D AndroidRuntime: >>>>>> START com.android.internal.os.RuntimeInit uid 2000 <<<<<<
11-23 21:10:10.241  1011  1189 I ASH     : @ 117062.437: tcs3701: stop power rail pending_off timer
11-23 21:10:10.241  1011  1189 D ASH     : @ 117062.437: tcs3701: start power rail timer, state:3
11-23 21:10:10.242 15427 15427 I AndroidRuntime: Using default boot image
11-23 21:10:10.242 15427 15427 I AndroidRuntime: Leaving lock profiling enabled
11-23 21:10:10.245 15427 15427 I app_process: Using CollectorTypeCC GC.
11-23 21:10:10.281  1011  1189 I ASH     : @ 117062.477: tcs3701: stop power rail pending_off timer
11-23 21:10:10.281  1011  1189 D ASH     : @ 117062.477: tcs3701: start power rail timer, state:3
11-23 21:10:10.317 15427 15427 D nativeloader: InitDefaultPublicLibraries for_preload=1: libandroid.so:libaaudio.so:libamidi.so:libbinder_ndk.so:libc.so:libcamera2ndk.so:libdl.so:libEGL.so:libGLESv1_CM.so:libGLESv2.so:libGLESv3.so:libicu.so:libicui18n.so:libicuuc.so:libjnigraphics.so:liblog.so:libmediandk.so:libm.so:libnativehelper.so:libnativewindow.so:libOpenMAXAL.so:libOpenSLES.so:libRS.so:libstdc++.so:libsync.so:libvulkan.so:libwebviewchromium_plat_support.so:libz.so
11-23 21:10:10.322  1011  1189 I ASH     : @ 117062.517: tcs3701: stop power rail pending_off timer
11-23 21:10:10.322  1011  1189 D ASH     : @ 117062.517: tcs3701: start power rail timer, state:3
11-23 21:10:10.336 15427 15427 D app_process: Time zone APEX ICU file found: /apex/com.android.tzdata/etc/icu/icu_tzdata.dat
11-23 21:10:10.336 15427 15427 D app_process: I18n APEX ICU file found: /apex/com.android.i18n/etc/icu/icudt70l.dat
11-23 21:10:10.339  9398  9434 I BatteryMgr:DataCollectionService: stats => 1700770210339,10375,4447,9765,4169000,100
11-23 21:10:10.344  9398  7861 I BatteryMgr:DataCollectionService: stats => 1700770210344,10375,4447,9765,4169000,100
11-23 21:10:10.361 15427 15427 D AndroidRuntime: Calling main entry com.android.commands.monkey.Monkey
11-23 21:10:10.361  1011  1189 I ASH     : @ 117062.557: tcs3701: stop power rail pending_off timer
11-23 21:10:10.361 15427 15427 W Monkey  : args: [-p, com.chrome.canary, 1]
11-23 21:10:10.361  1011  1189 D ASH     : @ 117062.557: tcs3701: start power rail timer, state:3
11-23 21:10:10.362 15427 15427 W Monkey  :  arg: "-p"
11-23 21:10:10.362 15427 15427 W Monkey  :  arg: "com.chrome.canary"
11-23 21:10:10.362 15427 15427 W Monkey  :  arg: "1"
11-23 21:10:10.362 15427 15427 W Monkey  : data="com.chrome.canary"
--------- beginning of system
11-23 21:10:10.371  1795  2119 W BroadcastQueue: Skipping deliver [background] BroadcastRecord{6b86b14 u-1 android.net.conn.CONNECTIVITY_CHANGE} to ReceiverList{29ddfbd 15427 (unknown name)/2000/u-1 remote:1470126}: process gone or crashing
11-23 21:10:10.377  1795  2262 D CompatibilityChangeReporter: Compat change id reported: 161252188; UID 10010; state: DISABLED
11-23 21:10:10.377  1795  2262 I ActivityTaskManager: START u0 {act=android.intent.action.MAIN cat=[android.intent.category.LAUNCHER] flg=0x10200000 cmp=com.chrome.canary/com.google.android.apps.chrome.Main} from uid 2000
11-23 21:10:10.378  1795  2262 D CompatibilityChangeReporter: Compat change id reported: 265464455; UID 10010; state: DISABLED
11-23 21:10:10.378  1795  2262 D CompatibilityChangeReporter: Compat change id reported: 265452344; UID 10010; state: DISABLED
11-23 21:10:10.378  1795  2262 D CompatibilityChangeReporter: Compat change id reported: 266124927; UID 10010; state: DISABLED
11-23 21:10:10.378  1795  2262 D CompatibilityChangeReporter: Compat change id reported: 265451093; UID 10010; state: DISABLED
11-23 21:10:10.378  1795  2262 D CompatibilityChangeReporter: Compat change id reported: 265456536; UID 10010; state: DISABLED
11-23 21:10:10.378  1795  2262 D CompatibilityChangeReporter: Compat change id reported: 255940284; UID 10010; state: DISABLED
11-23 21:10:10.378  1795  2262 D CompatibilityChangeReporter: Compat change id reported: 236283604; UID 10010; state: DISABLED
11-23 21:10:10.378  1795  2262 D CompatibilityChangeReporter: Compat change id reported: 263959004; UID 10010; state: DISABLED
11-23 21:10:10.378  1795  2262 D CompatibilityChangeReporter: Compat change id reported: 264304459; UID 10010; state: DISABLED
11-23 21:10:10.378  1795  2262 D CompatibilityChangeReporter: Compat change id reported: 264301586; UID 10010; state: DISABLED
11-23 21:10:10.379  1795  2262 D CompatibilityChangeReporter: Compat change id reported: 254631730; UID 10010; state: DISABLED
11-23 21:10:10.379  1795  2262 D CompatibilityChangeReporter: Compat change id reported: 273509367; UID 10010; state: DISABLED
11-23 21:10:10.379  1795  2262 D CompatibilityChangeReporter: Compat change id reported: 263259275; UID 10010; state: DISABLED
11-23 21:10:10.379  1795  2262 D CompatibilityChangeReporter: Compat change id reported: 194480991; UID 10010; state: ENABLED
11-23 21:10:10.379  1795  2262 D CompatibilityChangeReporter: Compat change id reported: 174042980; UID 10010; state: DISABLED
11-23 21:10:10.381  1795  2262 D CompatibilityChangeReporter: Compat change id reported: 184838306; UID 10010; state: DISABLED
11-23 21:10:10.381  1795  2262 D CompatibilityChangeReporter: Compat change id reported: 185004937; UID 10010; state: DISABLED
11-23 21:10:10.381  1795  2262 D CompatibilityChangeReporter: Compat change id reported: 181136395; UID 10010; state: DISABLED
11-23 21:10:10.381  1795  2262 D CompatibilityChangeReporter: Compat change id reported: 174042936; UID 10010; state: DISABLED
11-23 21:10:10.383  1795  2262 D CompatibilityChangeReporter: Compat change id reported: 205907456; UID 10010; state: ENABLED
11-23 21:10:10.386  1795  2262 D CompatibilityChangeReporter: Compat change id reported: 194833441; UID 10010; state: ENABLED
11-23 21:10:10.388 15427 15427 I Monkey  : Events injected: 1
11-23 21:10:10.392  1795  2100 D CompatibilityChangeReporter: Compat change id reported: 135634846; UID 10010; state: DISABLED
11-23 21:10:10.393  1795  2120 D CompatibilityChangeReporter: Compat change id reported: 143937733; UID 10010; state: ENABLED
11-23 21:10:10.398  2513  2550 W Parcel  : Expecting binder but got null!
11-23 21:10:10.399  1795  4169 D CompatibilityChangeReporter: Compat change id reported: 168419799; UID 10010; state: DISABLED
11-23 21:10:10.399  1795  4169 D CompatibilityChangeReporter: Compat change id reported: 273564678; UID 10010; state: DISABLED
11-23 21:10:10.401  3657  4461 D ForegroundUtils: Foreground UID status:
11-23 21:10:10.401  3657  4461 D ForegroundUtils: UID: 10128 is in foreground: true
11-23 21:10:10.401  3657  4461 D ForegroundUtils: UID: 10145 is in foreground: true
11-23 21:10:10.401  3657  4461 D ForegroundUtils: UID: 10158 is in foreground: true
11-23 21:10:10.401  3657  4461 D ForegroundUtils: UID: 10189 is in foreground: false
11-23 21:10:10.401  3657  4461 D ForegroundUtils: UID: 10194 is in foreground: true
11-23 21:10:10.401  3657  4461 D ForegroundUtils: UID: 10206 is in foreground: false
11-23 21:10:10.401  3657  4461 D ForegroundUtils: UID: 10233 is in foreground: true
11-23 21:10:10.401  3657  4461 D ForegroundUtils: UID: 10244 is in foreground: true
11-23 21:10:10.401  3657  4461 D ForegroundUtils: UID: 10319 is in foreground: true
11-23 21:10:10.401  1011  1189 I ASH     : @ 117062.597: tcs3701: stop power rail pending_off timer
11-23 21:10:10.401  1011  1189 D ASH     : @ 117062.597: tcs3701: start power rail timer, state:3
11-23 21:10:10.402 15427 15427 I Monkey  : ## Network stats: elapsed time=21ms (0ms mobile, 0ms wifi, 21ms not connected)
11-23 21:10:10.402 15427 15427 I app_process: System.exit called, status: 0
11-23 21:10:10.402 15427 15427 I AndroidRuntime: VM exiting with result code 0.
11-23 21:10:10.403   987   987 D Zygote  : Forked child process 15443
11-23 21:10:10.405  1795  2120 I ActivityManager: Start proc 15443:com.chrome.canary/u0a10 for next-top-activity {com.chrome.canary/com.google.android.apps.chrome.Main}
11-23 21:10:10.409 15443 15443 I m.chrome.canary: Using CollectorTypeCC GC.
11-23 21:10:10.410  2513  2550 E OpenGLRenderer: Unable to match the desired swap behavior.
11-23 21:10:10.415  1383  1442 I adbd    : jdwp connection from 15443
11-23 21:10:10.425 15443 15443 I ActivityThread: Relaunch all activities: onCoreSettingsChange
11-23 21:10:10.426 15443 15443 D CompatibilityChangeReporter: Compat change id reported: 171979766; UID 10010; state: ENABLED
11-23 21:10:10.427  3657  4461 D ForegroundUtils: Foreground UID status:
11-23 21:10:10.427  3657  4461 D ForegroundUtils: UID: 10010 is in foreground: true
11-23 21:10:10.427  3657  4461 D ForegroundUtils: UID: 10128 is in foreground: true
11-23 21:10:10.427  3657  4461 D ForegroundUtils: UID: 10145 is in foreground: true
11-23 21:10:10.427  3657  4461 D ForegroundUtils: UID: 10158 is in foreground: true
11-23 21:10:10.427  3657  4461 D ForegroundUtils: UID: 10189 is in foreground: false
11-23 21:10:10.427  3657  4461 D ForegroundUtils: UID: 10194 is in foreground: true
11-23 21:10:10.427  3657  4461 D ForegroundUtils: UID: 10206 is in foreground: false
11-23 21:10:10.427  3657  4461 D ForegroundUtils: UID: 10233 is in foreground: true
11-23 21:10:10.427  3657  4461 D ForegroundUtils: UID: 10244 is in foreground: true
11-23 21:10:10.427  3657  4461 D ForegroundUtils: UID: 10319 is in foreground: true
11-23 21:10:10.431 15443 15443 W ziparchive: Unable to open '/data/app/~~-FnXeb6__ecKd-dFZ4kZZA==/com.google.android.trichromelibrary.canary_613700033-7Q2vBiD9q0nCftKFg-pq8w==/base.dm': No such file or directory
11-23 21:10:10.431 15443 15443 W ziparchive: Unable to open '/data/app/~~-FnXeb6__ecKd-dFZ4kZZA==/com.google.android.trichromelibrary.canary_613700033-7Q2vBiD9q0nCftKFg-pq8w==/base.dm': No such file or directory
11-23 21:10:10.432 15443 15443 W m.chrome.canary: Entry not found
11-23 21:10:10.432 15443 15443 D nativeloader: Configuring clns-4 for other apk /data/app/~~-FnXeb6__ecKd-dFZ4kZZA==/com.google.android.trichromelibrary.canary_613700033-7Q2vBiD9q0nCftKFg-pq8w==/base.apk. target_sdk_version=34, uses_libraries=ALL, library_path=/data/app/~~dutrJzl_xJkEyCCvIkexCw==/com.chrome.canary-4jcd8srf2WXxld2NC1r69A==/lib/arm64:/data/app/~~dutrJzl_xJkEyCCvIkexCw==/com.chrome.canary-4jcd8srf2WXxld2NC1r69A==/base.apk!/lib/arm64-v8a:/data/app/~~-FnXeb6__ecKd-dFZ4kZZA==/com.google.android.trichromelibrary.canary_613700033-7Q2vBiD9q0nCftKFg-pq8w==/base.apk!/lib/arm64-v8a, permitted_path=/data:/mnt/expand:/data/user/0/com.chrome.canary
11-23 21:10:10.437 15443 15443 D nativeloader: Configuring clns-5 for other apk /data/app/~~dutrJzl_xJkEyCCvIkexCw==/com.chrome.canary-4jcd8srf2WXxld2NC1r69A==/base.apk. target_sdk_version=34, uses_libraries=, library_path=/data/app/~~dutrJzl_xJkEyCCvIkexCw==/com.chrome.canary-4jcd8srf2WXxld2NC1r69A==/lib/arm64:/data/app/~~dutrJzl_xJkEyCCvIkexCw==/com.chrome.canary-4jcd8srf2WXxld2NC1r69A==/base.apk!/lib/arm64-v8a:/data/app/~~-FnXeb6__ecKd-dFZ4kZZA==/com.google.android.trichromelibrary.canary_613700033-7Q2vBiD9q0nCftKFg-pq8w==/base.apk!/lib/arm64-v8a, permitted_path=/data:/mnt/expand:/data/user/0/com.chrome.canary
11-23 21:10:10.441  1011  1189 I ASH     : @ 117062.637: tcs3701: stop power rail pending_off timer
11-23 21:10:10.441  1011  1189 D ASH     : @ 117062.637: tcs3701: start power rail timer, state:3
11-23 21:10:10.444  9398  7861 I BatteryMgr:DataCollectionService: stats => 1700770210444,10375,4447,9765,4169000,100
11-23 21:10:10.446 15443 15443 V GraphicsEnvironment: ANGLE Developer option for 'com.chrome.canary' set to: 'default'
11-23 21:10:10.446 15443 15443 V GraphicsEnvironment: ANGLE GameManagerService for com.chrome.canary: false
11-23 21:10:10.446 15443 15443 V GraphicsEnvironment: Updatable production driver is not supported on the device.
11-23 21:10:10.448 15443 15443 I LoadedApk: No resource references to update in package com.google.android.trichromelibrary.canary
11-23 21:10:10.448 15443 15443 D NetworkSecurityConfig: Using Network Security Config from resource 0_resource_name_obfuscated debugBuild: false
11-23 21:10:10.448 15443 15443 D NetworkSecurityConfig: Using Network Security Config from resource 0_resource_name_obfuscated debugBuild: false
11-23 21:10:10.448  9398  7861 I BatteryMgr:DataCollectionService: stats => 1700770210448,10375,4447,9765,4169000,100
11-23 21:10:10.448 15443 15443 I cr_SplitCompatApp: Launched version=121.0.6137.0 minSdkVersion=29 isBundle=true processName=com.chrome.canary isIsolated=false
11-23 21:10:10.467 15443 15465 I cr_LibraryLoader: Loading monochrome_64 from within /data/app/~~dutrJzl_xJkEyCCvIkexCw==/com.chrome.canary-4jcd8srf2WXxld2NC1r69A==/base.apk
11-23 21:10:10.468  1795  4169 D CompatibilityChangeReporter: Compat change id reported: 161145287; UID 10010; state: DISABLED
11-23 21:10:10.470 15443 15465 I cr_Linker: loadLibraryImplLocked: monochrome_64, relroMode=1
11-23 21:10:10.478 15443 15465 I cr_LibraryLoader: Successfully loaded native library
11-23 21:10:10.479 15443 15465 I cr_CachingUmaRecorder: Flushed 20 samples from 18 histograms, 0 samples were dropped.
11-23 21:10:10.481  1011  1189 I ASH     : @ 117062.677: tcs3701: stop power rail pending_off timer
11-23 21:10:10.481  1011  1189 D ASH     : @ 117062.677: tcs3701: start power rail timer, state:3
11-23 21:10:10.488  3875  3875 I dzhj    : onPause
11-23 21:10:10.491  3604  3604 I hitl    : (REDACTED) received broadcast: %s
11-23 21:10:10.492  3604  4264 I hito    : (REDACTED) received broadcast: %s
11-23 21:10:10.492  3604  4264 I hioo    : (REDACTED) #onConfigUpdate. requester: %s
11-23 21:10:10.492  3604  4273 I hioo    : #onConfigUpdate inside sequencer
11-23 21:10:10.493  3604  4273 I hilg    : (REDACTED) Voice Match (Speaker-id) supported : %b 
11-23 21:10:10.493  3604  4273 I hilg    : (REDACTED) hotword enrollment state is enrolled:  %b, speakerId model exist: %b. Voice Match supported : %b 
11-23 21:10:10.494  3604  4273 I hilg    : (REDACTED) isHotwordAvailable():  %b, isHotwordEnabled() %b 
11-23 21:10:10.494  3604  4273 I hilg    : (REDACTED) isHotwordAvailable():  %b, isHotwordEnabled() %b 
11-23 21:10:10.494  3604  4273 I hilg    : (REDACTED) Hotword enrollment state : %s.
11-23 21:10:10.494  3604  4273 I hilg    : (REDACTED) Voice Match (Speaker-id) supported : %b 
11-23 21:10:10.494  3604  4273 I hilg    : (REDACTED) Voice Match (Speaker-id) supported : %b 
11-23 21:10:10.494  3604  4273 I hilg    : (REDACTED) hotword enrollment state is enrolled:  %b, speakerId model exist: %b, voice match supported : %b
11-23 21:10:10.494  3604  4273 I hilg    : (REDACTED) Hotword isNonVoiceMatchHotwordEnabled: %b, isHotwordAvailable: %b, isHotwordEnabled: %b, isVoiceMatchSupported: %b, isHotwordEnrolled: %b,
11-23 21:10:10.494  3604  4273 I hioo    : (REDACTED) Ignore the legacy hotword request. voice match enabled %b, isHotwordSupported %b, isIncompleteEnrollmentState %b, nonVoiceMatchHotwordEnabled %b
11-23 21:10:10.497 15443 15470 W DynamiteModule: Local module descriptor class for com.google.android.gms.googlecertificates not found.
11-23 21:10:10.497 15443 15443 I cr_MultiInstance: Removed invalid instance data. Removed tasks-instance mappings: [Chrome.MultiInstance.TaskMap.0 - 1500] and shared prefs for instances: []
11-23 21:10:10.497 15443 15443 I cr_MultiInstance: Existing Instance - persisted and unmapped Id allocated: 0
11-23 21:10:10.499 15443 15443 I cr_MultiInstance: Intent action: android.intent.action.MAIN
11-23 21:10:10.499 15443 15443 I cr_MultiInstance: Intent routed via ChromeLauncherActivity: false
11-23 21:10:10.499 15443 15443 I cr_MultiInstance: Referrer: android-app://com.android.shell
11-23 21:10:10.499 15443 15443 I cr_MultiInstance: Intent contains LAUNCHER category: true
11-23 21:10:10.499 15443 15443 I cr_MultiInstance: Intent contains FLAG_ACTIVITY_MULTIPLE_TASK: false
11-23 21:10:10.499 15443 15443 I cr_MultiInstance: Intent contains FLAG_ACTIVITY_NEW_TASK: true
11-23 21:10:10.499 15443 15443 I cr_MultiInstance: Intent component: com.google.android.apps.chrome.Main
11-23 21:10:10.499 15443 15443 I cr_MultiInstance: Intent sent by OS: false
11-23 21:10:10.499 15443 15443 I cr_MultiInstance: @ExternalAppId of intent source: 0
11-23 21:10:10.499 15443 15443 I cr_MultiInstance: Are all instances running: false
11-23 21:10:10.499 15443 15443 I cr_MultiInstance: Window allocation type: 6
11-23 21:10:10.499 15443 15443 I cr_MultiInstance: Window ID allocated: 0
11-23 21:10:10.499 15443 15443 W cr_ActivityDispatcher: CustomTabsIntent#shouldAlwaysUseBrowserUI() = false
11-23 21:10:10.499 15443 15443 D CompatibilityChangeReporter: Compat change id reported: 183155436; UID 10010; state: ENABLED
11-23 21:10:10.504 15443 15470 I DynamiteModule: Considering local module com.google.android.gms.googlecertificates:0 and remote module com.google.android.gms.googlecertificates:7
11-23 21:10:10.504 15443 15470 I DynamiteModule: Selected remote version of com.google.android.gms.googlecertificates, version >= 7
11-23 21:10:10.508 15443 15470 W System  : ClassLoader referenced unknown path: 
11-23 21:10:10.508 15443 15470 D nativeloader: Configuring clns-6 for other apk . target_sdk_version=34, uses_libraries=, library_path=/data/app/~~kuQRvAzVZuE4Ro2oLuwWdQ==/com.google.android.gms-oAttmqgZrSU_NO_sHK9RSA==/lib/arm64:/data/app/~~kuQRvAzVZuE4Ro2oLuwWdQ==/com.google.android.gms-oAttmqgZrSU_NO_sHK9RSA==/base.apk!/lib/arm64-v8a, permitted_path=/data:/mnt/expand:/data/user/0/com.google.android.gms
11-23 21:10:10.509 15443 15443 E m.chrome.canary: Invalid ID 0x00000000.
11-23 21:10:10.511 15443 15443 I cr_SplitCompatClassLoader: Splits: null
11-23 21:10:10.521  1011  1189 I ASH     : @ 117062.717: tcs3701: stop power rail pending_off timer
11-23 21:10:10.521  1011  1189 D ASH     : @ 117062.717: tcs3701: start power rail timer, state:3
11-23 21:10:10.530 15443 15443 W cr_ActivityDispatcher: CustomTabsIntent#shouldAlwaysUseBrowserUI() = false
11-23 21:10:10.531  3845  3845 E AbstractGmsTracer: Traced class shouldn't be obfuscated: GmsBoundBrokerChimeraService [CONTEXT service_id=259 ]
11-23 21:10:10.532  3845  3845 D BoundBrokerSvc: onBind: Intent { act=com.google.android.gms.safetynet.service.START pkg=com.google.android.gms }
11-23 21:10:10.532  3845  3845 D BoundBrokerSvc: Loading bound service for intent: Intent { act=com.google.android.gms.safetynet.service.START pkg=com.google.android.gms }
11-23 21:10:10.533  3845  3845 E AbstractGmsTracer: Traced class shouldn't be obfuscated: SafetyNetClientChimeraService [CONTEXT service_id=259 ]
11-23 21:10:10.536  3074  3074 E AbstractGmsTracer: Traced class shouldn't be obfuscated: GmsApiChimeraService [CONTEXT service_id=259 ]
11-23 21:10:10.536 15443 15443 I cr_CompositorSurfaceMgr: Transitioning to surface with format: -1
11-23 21:10:10.537  3074  3074 D BoundBrokerSvc: onBind: Intent { act=com.google.android.gms.phenotype.service.START pkg=com.google.android.gms }
11-23 21:10:10.537  3074  3074 D BoundBrokerSvc: Loading bound service for intent: Intent { act=com.google.android.gms.phenotype.service.START pkg=com.google.android.gms }
11-23 21:10:10.538  3074  3074 E AbstractGmsTracer: Traced class shouldn't be obfuscated: PhenotypeChimeraService [CONTEXT service_id=259 ]
11-23 21:10:10.548 15443 15443 D CompatibilityChangeReporter: Compat change id reported: 210923482; UID 10010; state: ENABLED
11-23 21:10:10.551  9398  7861 I BatteryMgr:DataCollectionService: stats => 1700770210551,10375,4447,9765,4169000,100
11-23 21:10:10.552  9398  9434 I BatteryMgr:DataCollectionService: stats => 1700770210552,10375,4447,9765,4169000,100
11-23 21:10:10.561  1011  1189 I ASH     : @ 117062.757: tcs3701: stop power rail pending_off timer
11-23 21:10:10.561  1011  1189 D ASH     : @ 117062.757: tcs3701: start power rail timer, state:3
11-23 21:10:10.572 15443 15443 D CompatibilityChangeReporter: Compat change id reported: 193247900; UID 10010; state: ENABLED
11-23 21:10:10.591 15443 15443 W cr_ActivityDispatcher: CustomTabsIntent#shouldAlwaysUseBrowserUI() = false
11-23 21:10:10.597 15443 15443 D CompatibilityChangeReporter: Compat change id reported: 237531167; UID 10010; state: DISABLED
11-23 21:10:10.601  1011  1189 I ASH     : @ 117062.797: tcs3701: stop power rail pending_off timer
11-23 21:10:10.601  1011  1189 D ASH     : @ 117062.797: tcs3701: start power rail timer, state:3
11-23 21:10:10.603 15443 15480 W Parcel  : Expecting binder but got null!
11-23 21:10:10.609  1795  4169 D CoreBackPreview: Window{7d15204 u0 com.chrome.canary/com.google.android.apps.chrome.Main}: Setting back callback OnBackInvokedCallbackInfo{mCallback=android.window.IOnBackInvokedCallback$Stub$Proxy@7138a70, mPriority=-1}
11-23 21:10:10.612  1795  2120 D CompatibilityChangeReporter: Compat change id reported: 143937733; UID 10010; state: ENABLED
11-23 21:10:10.612  1795  2120 D CompatibilityChangeReporter: Compat change id reported: 135634846; UID 10010; state: DISABLED
11-23 21:10:10.612  1795  2120 D CompatibilityChangeReporter: Compat change id reported: 207557677; UID 10010; state: ENABLED
11-23 21:10:10.613   987   987 W Zygote  : forkRepeatedly terminated due to non-simple command
11-23 21:10:10.613   987   987 D Zygote  : mbuffer starts with 15, nice name is com.chrome.canary_zygote, mEnd = 410, mNext = 191, mLinesLeft = 6, mFd = 5
11-23 21:10:10.619   987   987 D Zygote  : Forked child process 15489
11-23 21:10:10.620 15443 15480 I AdrenoGLES-0: QUALCOMM build                   : 4783c89, I46ff5fc46f
11-23 21:10:10.620 15443 15480 I AdrenoGLES-0: Build Date                       : 11/30/20
11-23 21:10:10.620 15443 15480 I AdrenoGLES-0: OpenGL ES Shader Compiler Version: EV031.31.04.01
11-23 21:10:10.620 15443 15480 I AdrenoGLES-0: Local Branch                     : QPR2
11-23 21:10:10.620 15443 15480 I AdrenoGLES-0: Remote Branch                    : 
11-23 21:10:10.620 15443 15480 I AdrenoGLES-0: Remote Branch                    : 
11-23 21:10:10.620 15443 15480 I AdrenoGLES-0: Reconstruct Branch               : 
11-23 21:10:10.620 15443 15480 I AdrenoGLES-0: Build Config                     : S P 10.0.4 AArch64
11-23 21:10:10.620 15443 15480 I AdrenoGLES-0: Driver Path                      : /vendor/lib64/egl/libGLESv2_adreno.so
11-23 21:10:10.620  1795  2120 W ZygoteProcess: Got error connecting to zygote, retrying. msg= Connection refused
11-23 21:10:10.621 15443 15443 I cr_StartSurfaceConfig: Recorded Startup.Android.FirstDrawCompletedTime.NoInstant = 115 ms
11-23 21:10:10.625 15489 15489 I libc    : SetHeapTaggingLevel: tag level set to 0
11-23 21:10:10.625 15443 15480 I AdrenoGLES-0: PFP: 0x016dd093, ME: 0x00000000
11-23 21:10:10.627 15443 15480 W AdrenoUtils: <ReadGpuID_from_sysfs:197>: Failed to open /sys/class/kgsl/kgsl-3d0/gpu_model
11-23 21:10:10.627 15443 15480 W AdrenoUtils: <ReadGpuID:221>: Failed to read chip ID from gpu_model. Fallback to use the GSL path
11-23 21:10:10.631 15489 15489 I e.canary_zygote: Using CollectorTypeCC GC.
11-23 21:10:10.633   648  3370 I SDM     : HWCDisplay::GetColorModeCount: Supported color mode count = 3
11-23 21:10:10.633   648  3370 I SDM     : HWCDisplay::GetColorModes: Color mode = 0 is supported
11-23 21:10:10.633   648  3370 I SDM     : HWCDisplay::GetColorModes: Color mode = 7 is supported
11-23 21:10:10.633   648  3370 I SDM     : HWCDisplay::GetColorModes: Color mode = 9 is supported
11-23 21:10:10.633  3074 12104 E ckqk    : Phenotype API error. Event # evhb@c32a93f7, EventCode: 7 [CONTEXT service_id=51 ]
11-23 21:10:10.633  3074 12104 E ckqk    : ckoo: 29505: No config packages for log source, or config package not registered
11-23 21:10:10.633  3074 12104 E ckqk    : 	at ckrk.b(:com.google.android.gms@234414038@23.44.14 (190400-580326705):79)
11-23 21:10:10.633  3074 12104 E ckqk    : 	at ckrh.h(:com.google.android.gms@234414038@23.44.14 (190400-580326705):3)
11-23 21:10:10.633  3074 12104 E ckqk    : 	at ckqk.g(:com.google.android.gms@234414038@23.44.14 (190400-580326705):18)
11-23 21:10:10.633  3074 12104 E ckqk    : 	at ckqk.f(:com.google.android.gms@234414038@23.44.14 (190400-580326705):11)
11-23 21:10:10.633  3074 12104 E ckqk    : 	at bfmo.fh(:com.google.android.gms@234414038@23.44.14 (190400-580326705):1)
11-23 21:10:10.633  3074 12104 E ckqk    : 	at bfmz.run(:com.google.android.gms@234414038@23.44.14 (190400-580326705):100)
11-23 21:10:10.633  3074 12104 E ckqk    : 	at dvlp.run(:com.google.android.gms@234414038@23.44.14 (190400-580326705):13)
11-23 21:10:10.633  3074 12104 E ckqk    : 	at ajls.c(:com.google.android.gms@234414038@23.44.14 (190400-580326705):50)
11-23 21:10:10.633  3074 12104 E ckqk    : 	at ajls.run(:com.google.android.gms@234414038@23.44.14 (190400-580326705):76)
11-23 21:10:10.633  3074 12104 E ckqk    : 	at java.util.concurrent.ThreadPoolExecutor.runWorker(ThreadPoolExecutor.java:1145)
11-23 21:10:10.633  3074 12104 E ckqk    : 	at java.util.concurrent.ThreadPoolExecutor$Worker.run(ThreadPoolExecutor.java:644)
11-23 21:10:10.633  3074 12104 E ckqk    : 	at ajqx.run(:com.google.android.gms@234414038@23.44.14 (190400-580326705):8)
11-23 21:10:10.633  3074 12104 E ckqk    : 	at java.lang.Thread.run(Thread.java:1012)
11-23 21:10:10.634 15443 15480 E OpenGLRenderer: Unable to match the desired swap behavior.
11-23 21:10:10.634  3074 12104 W AsyncOperation: operation=GetExperimentTokensOperationCall, opStatusCode=29505 [CONTEXT service_id=51 ]
11-23 21:10:10.634  3074 12104 W AsyncOperation: OperationException[Status{statusCode=No config packages for log source, or config package not registered, resolution=null}]
11-23 21:10:10.634  3074 12104 W AsyncOperation: 	at ckqk.g(:com.google.android.gms@234414038@23.44.14 (190400-580326705):48)
11-23 21:10:10.634  3074 12104 W AsyncOperation: 	at ckqk.f(:com.google.android.gms@234414038@23.44.14 (190400-580326705):11)
11-23 21:10:10.634  3074 12104 W AsyncOperation: 	at bfmo.fh(:com.google.android.gms@234414038@23.44.14 (190400-580326705):1)
11-23 21:10:10.634  3074 12104 W AsyncOperation: 	at bfmz.run(:com.google.android.gms@234414038@23.44.14 (190400-580326705):100)
11-23 21:10:10.634  3074 12104 W AsyncOperation: 	at dvlp.run(:com.google.android.gms@234414038@23.44.14 (190400-580326705):13)
11-23 21:10:10.634  3074 12104 W AsyncOperation: 	at ajls.c(:com.google.android.gms@234414038@23.44.14 (190400-580326705):50)
11-23 21:10:10.634  3074 12104 W AsyncOperation: 	at ajls.run(:com.google.android.gms@234414038@23.44.14 (190400-580326705):76)
11-23 21:10:10.634  3074 12104 W AsyncOperation: 	at java.util.concurrent.ThreadPoolExecutor.runWorker(ThreadPoolExecutor.java:1145)
11-23 21:10:10.634  3074 12104 W AsyncOperation: 	at java.util.concurrent.ThreadPoolExecutor$Worker.run(ThreadPoolExecutor.java:644)
11-23 21:10:10.634  3074 12104 W AsyncOperation: 	at ajqx.run(:com.google.android.gms@234414038@23.44.14 (190400-580326705):8)
11-23 21:10:10.634  3074 12104 W AsyncOperation: 	at java.lang.Thread.run(Thread.java:1012)
11-23 21:10:10.638   595   595 I servicemanager: Could not find android.hardware.graphics.allocator.IAllocator/default in the VINTF manifest.
11-23 21:10:10.641  1011  1189 I ASH     : @ 117062.837: tcs3701: stop power rail pending_off timer
11-23 21:10:10.641  1011  1189 D ASH     : @ 117062.837: tcs3701: start power rail timer, state:3
11-23 21:10:10.653  1795  2096 I ActivityTaskManager: Displayed com.chrome.canary/com.google.android.apps.chrome.Main: +270ms
11-23 21:10:10.655 15443 15443 I cr_CombinedPProvider: #linkNativeInternal() 0
11-23 21:10:10.655 15443 15443 I cr_PolicyProvider: #setManagerAndSource() 0
11-23 21:10:10.657 15443 15443 I cr_PolicyCacheProvider: #refresh() true
11-23 21:10:10.658  9398  9434 I BatteryMgr:DataCollectionService: stats => 1700770210658,10375,4447,9765,4169000,100
11-23 21:10:10.658  9398  7861 I BatteryMgr:DataCollectionService: stats => 1700770210658,10375,4447,9765,4169000,100
11-23 21:10:10.665 15443 15463 I cr_PartnerCustUma: Partner Customization delegate: 0.
11-23 21:10:10.665 15443 15463 W cr_PartnerCustomize: Partner homepage must be HTTP(S) or NewTabPage. Got invalid URL ""
11-23 21:10:10.672  1795  2120 I AppZygote: Starting application preload.
11-23 21:10:10.675 15489 15489 I AppZygoteInit: Beginning application preload for com.chrome.canary
11-23 21:10:10.676 15489 15489 W ziparchive: Unable to open '/data/app/~~-FnXeb6__ecKd-dFZ4kZZA==/com.google.android.trichromelibrary.canary_613700033-7Q2vBiD9q0nCftKFg-pq8w==/base.dm': No such file or directory
11-23 21:10:10.676 15489 15489 W ziparchive: Unable to open '/data/app/~~-FnXeb6__ecKd-dFZ4kZZA==/com.google.android.trichromelibrary.canary_613700033-7Q2vBiD9q0nCftKFg-pq8w==/base.dm': No such file or directory
11-23 21:10:10.677 15489 15489 W e.canary_zygote: Entry not found
11-23 21:10:10.678 15489 15489 D nativeloader: Configuring clns-4 for other apk /data/app/~~-FnXeb6__ecKd-dFZ4kZZA==/com.google.android.trichromelibrary.canary_613700033-7Q2vBiD9q0nCftKFg-pq8w==/base.apk. target_sdk_version=34, uses_libraries=ALL, library_path=/data/app/~~dutrJzl_xJkEyCCvIkexCw==/com.chrome.canary-4jcd8srf2WXxld2NC1r69A==/lib/arm64:/data/app/~~dutrJzl_xJkEyCCvIkexCw==/com.chrome.canary-4jcd8srf2WXxld2NC1r69A==/base.apk!/lib/arm64-v8a:/data/app/~~-FnXeb6__ecKd-dFZ4kZZA==/com.google.android.trichromelibrary.canary_613700033-7Q2vBiD9q0nCftKFg-pq8w==/base.apk!/lib/arm64-v8a, permitted_path=/data:/mnt/expand
11-23 21:10:10.681  1011  1189 I ASH     : @ 117062.877: tcs3701: stop power rail pending_off timer
11-23 21:10:10.681  1011  1189 D ASH     : @ 117062.877: tcs3701: start power rail timer, state:3
11-23 21:10:10.686 15489 15489 D nativeloader: Configuring clns-5 for other apk /data/app/~~dutrJzl_xJkEyCCvIkexCw==/com.chrome.canary-4jcd8srf2WXxld2NC1r69A==/base.apk. target_sdk_version=34, uses_libraries=, library_path=/data/app/~~dutrJzl_xJkEyCCvIkexCw==/com.chrome.canary-4jcd8srf2WXxld2NC1r69A==/lib/arm64:/data/app/~~dutrJzl_xJkEyCCvIkexCw==/com.chrome.canary-4jcd8srf2WXxld2NC1r69A==/base.apk!/lib/arm64-v8a:/data/app/~~-FnXeb6__ecKd-dFZ4kZZA==/com.google.android.trichromelibrary.canary_613700033-7Q2vBiD9q0nCftKFg-pq8w==/base.apk!/lib/arm64-v8a, permitted_path=/data:/mnt/expand
11-23 21:10:10.690 15489 15489 I cr_ZygotePreload: Loaded Zygote. version=121.0.6137.0 minSdkVersion=29 isBundle=true
11-23 21:10:10.692  2588  2588 I WallpaperService: engine paused
11-23 21:10:10.693  1011  1011 I sensors-hal: [hal]activate_physical_sensor:251, android.sensor.gyroscope/41 en=0
11-23 21:10:10.695 15489 15489 I cr_LibraryLoader: Loading monochrome_64 from within /data/app/~~dutrJzl_xJkEyCCvIkexCw==/com.chrome.canary-4jcd8srf2WXxld2NC1r69A==/base.apk
11-23 21:10:10.695 15489 15489 I cr_Linker: loadLibraryImplLocked: monochrome_64, relroMode=1
11-23 21:10:10.696  1011  1011 D Diag_Lib: diag: Diag_LSM_DeInit: invoked for pid: 1011
11-23 21:10:10.696  1011  1011 D Diag_Lib: diag: Diag_LSM_DeInit: done for pid: 1011
11-23 21:10:10.702  1011  1011 D Diag_Lib: diag: Diag_LSM_DeInit: invoked for pid: 1011
11-23 21:10:10.702  1011  1011 D Diag_Lib: diag: Diag_LSM_DeInit: done for pid: 1011
11-23 21:10:10.702  1011  1011 I sensors-hal: [hal]activate_physical_sensor:262, android.sensor.gyroscope/41 en=0 completed
11-23 21:10:10.713  1795  2120 I AppZygote: Application preload done.
11-23 21:10:10.713 15489 15489 I AppZygoteInit: Application preload done
11-23 21:10:10.723  1011  1189 I ASH     : @ 117062.917: tcs3701: stop power rail pending_off timer
11-23 21:10:10.723  1011  1189 D ASH     : @ 117062.917: tcs3701: start power rail timer, state:3
11-23 21:10:10.727 15489 15496 W e.canary_zygote: Reducing the number of considered missed Gc histogram windows from 11705 to 100
11-23 21:10:10.728 15489 15489 I Zygote  : Entering forkRepeatedly native zygote loop
11-23 21:10:10.729 15443 15443 I chromium: [INFO:policy_logger.cc(144)] :components/enterprise/browser/controller/chrome_browser_cloud_management_controller.cc(273) Deferring CBCM Controller Initialization until it is unblocked.
11-23 21:10:10.737 15489 15489 D Zygote  : Forked child process 15516
11-23 21:10:10.739  1795  2120 W ActivityManager: Slow operation: 128ms so far, now at startProcess: returned from zygote!
11-23 21:10:10.739  1795  2120 W ActivityManager: Slow operation: 128ms so far, now at startProcess: done updating battery stats
11-23 21:10:10.740  1795  2120 W ActivityManager: Slow operation: 129ms so far, now at startProcess: building log message
11-23 21:10:10.740  1795  2120 I ActivityManager: Start proc 15516:com.chrome.canary:sandboxed_process0:org.chromium.content.app.SandboxedProcessService0:0/u0ai0 for  {com.chrome.canary/org.chromium.content.app.SandboxedProcessService0:0}
11-23 21:10:10.740  1795  2120 W ActivityManager: Slow operation: 129ms so far, now at startProcess: starting to update pids map
11-23 21:10:10.740  1795  2120 W ActivityManager: Slow operation: 129ms so far, now at startProcess: done updating pids map
11-23 21:10:10.742   987   987 I Zygote  : Entering forkRepeatedly native zygote loop
11-23 21:10:10.745 15516 15516 E libc    : SetHeapTaggingLevel: re-enabling tagging after it was disabled is not supported
11-23 21:10:10.747   987   987 D Zygote  : Forked child process 15518
11-23 21:10:10.747  1795  2120 I ActivityManager: Start proc 15518:com.chrome.canary:privileged_process0/u0a10 for service {com.chrome.canary/org.chromium.content.app.PrivilegedProcessService0}
11-23 21:10:10.752 15516 15516 I ocessService0:0: Using CollectorTypeCC GC.
11-23 21:10:10.761  1011  1189 I ASH     : @ 117062.957: tcs3701: stop power rail pending_off timer
11-23 21:10:10.761  1011  1189 D ASH     : @ 117062.957: tcs3701: start power rail timer, state:3
11-23 21:10:10.763 15443 15443 I cr_SmsProviderGms: construction successfull AM3@a488733, xM3@e854af0
11-23 21:10:10.765 15518 15518 I ileged_process0: Using CollectorTypeCC GC.
11-23 21:10:10.766  1383  1442 I adbd    : jdwp connection from 15516
11-23 21:10:10.767  9398  9434 I BatteryMgr:DataCollectionService: stats => 1700770210767,10375,4447,9765,4169000,100
11-23 21:10:10.768  9398  7861 I BatteryMgr:DataCollectionService: stats => 1700770210768,10375,4447,9765,4169000,100
11-23 21:10:10.776  1383  1442 I adbd    : jdwp connection from 15518
11-23 21:10:10.786  3657  4461 D ForegroundUtils: Foreground UID status:
11-23 21:10:10.786  3657  4461 D ForegroundUtils: UID: 10010 is in foreground: true
11-23 21:10:10.786  3657  4461 D ForegroundUtils: UID: 10128 is in foreground: true
11-23 21:10:10.786  3657  4461 D ForegroundUtils: UID: 10145 is in foreground: true
11-23 21:10:10.786  3657  4461 D ForegroundUtils: UID: 10158 is in foreground: true
11-23 21:10:10.786  3657  4461 D ForegroundUtils: UID: 10189 is in foreground: false
11-23 21:10:10.786  3657  4461 D ForegroundUtils: UID: 10194 is in foreground: true
11-23 21:10:10.786  3657  4461 D ForegroundUtils: UID: 10206 is in foreground: false
11-23 21:10:10.786  3657  4461 D ForegroundUtils: UID: 10233 is in foreground: true
11-23 21:10:10.786  3657  4461 D ForegroundUtils: UID: 10244 is in foreground: true
11-23 21:10:10.786  3657  4461 D ForegroundUtils: UID: 10319 is in foreground: true
11-23 21:10:10.786  3657  4461 D ForegroundUtils: UID: 90000 is in foreground: true
11-23 21:10:10.788  1795  4169 D ConnectivityService: requestNetwork for uid/pid:10010/15443 activeRequest: null callbackRequest: 3436 [NetworkRequest [ REQUEST id=3437, [ Capabilities: INTERNET&NOT_RESTRICTED&TRUSTED&NOT_VCN_MANAGED Uid: 10010 RequestorUid: 10010 RequestorPkg: com.chrome.canary UnderlyingNetworks: Null] ]] callback flags: 0 order: 2147483647
11-23 21:10:10.790  1795  2424 D WifiNetworkFactory: got request NetworkRequest [ REQUEST id=3437, [ Capabilities: INTERNET&NOT_RESTRICTED&TRUSTED&NOT_VCN_MANAGED Uid: 10010 RequestorUid: 10010 RequestorPkg: com.chrome.canary UnderlyingNetworks: Null] ]
11-23 21:10:10.790  1795  2424 V WifiNetworkFactory: Accepted network request NetworkRequest [ REQUEST id=3437, [ Capabilities: INTERNET&NOT_RESTRICTED&TRUSTED&NOT_VCN_MANAGED Uid: 10010 RequestorUid: 10010 RequestorPkg: com.chrome.canary UnderlyingNetworks: Null] ]
11-23 21:10:10.790  1795  2424 D UntrustedWifiNetworkFactory: got request NetworkRequest [ REQUEST id=3437, [ Capabilities: INTERNET&NOT_RESTRICTED&TRUSTED&NOT_VCN_MANAGED Uid: 10010 RequestorUid: 10010 RequestorPkg: com.chrome.canary UnderlyingNetworks: Null] ]
11-23 21:10:10.790  1795  2424 D OemPaidWifiNetworkFactory: got request NetworkRequest [ REQUEST id=3437, [ Capabilities: INTERNET&NOT_RESTRICTED&TRUSTED&NOT_VCN_MANAGED Uid: 10010 RequestorUid: 10010 RequestorPkg: com.chrome.canary UnderlyingNetworks: Null] ]
11-23 21:10:10.790  1795  2424 D MultiInternetWifiNetworkFactory: got request NetworkRequest [ REQUEST id=3437, [ Capabilities: INTERNET&NOT_RESTRICTED&TRUSTED&NOT_VCN_MANAGED Uid: 10010 RequestorUid: 10010 RequestorPkg: com.chrome.canary UnderlyingNetworks: Null] ]
11-23 21:10:10.790  1795  2432 D ConnectivityService: NetReassign [3437 : null → 100] [c 0] [a 1] [i 1]
11-23 21:10:10.793  1795  2432 D ConnectivityService: NetReassign [no changes] [c 1] [a 0] [i 2]
11-23 21:10:10.794 15516 15516 I ActivityThread: Relaunch all activities: onCoreSettingsChange
11-23 21:10:10.798 15516 15516 D CompatibilityChangeReporter: Compat change id reported: 171979766; UID 90000; state: ENABLED
11-23 21:10:10.801  1011  1189 I ASH     : @ 117062.997: tcs3701: stop power rail pending_off timer
11-23 21:10:10.801  1011  1189 D ASH     : @ 117062.997: tcs3701: start power rail timer, state:3
11-23 21:10:10.804 15518 15518 I ActivityThread: Relaunch all activities: onCoreSettingsChange
11-23 21:10:10.805 15518 15518 D CompatibilityChangeReporter: Compat change id reported: 171979766; UID 10010; state: ENABLED
11-23 21:10:10.811 15443 15443 I cr_EnterpriseInfoImpl: #setCacheResult() deviceOwned:false profileOwned:false
11-23 21:10:10.811 15443 15443 I cr_EnterpriseInfo: #getManagedStateForNative() CQ0@1957dae
11-23 21:10:10.812 15518 15518 W ziparchive: Unable to open '/data/app/~~-FnXeb6__ecKd-dFZ4kZZA==/com.google.android.trichromelibrary.canary_613700033-7Q2vBiD9q0nCftKFg-pq8w==/base.dm': No such file or directory
11-23 21:10:10.812 15518 15518 W ziparchive: Unable to open '/data/app/~~-FnXeb6__ecKd-dFZ4kZZA==/com.google.android.trichromelibrary.canary_613700033-7Q2vBiD9q0nCftKFg-pq8w==/base.dm': No such file or directory
11-23 21:10:10.813 15518 15518 W ileged_process0: Entry not found
11-23 21:10:10.814 15518 15518 D nativeloader: Configuring clns-4 for other apk /data/app/~~-FnXeb6__ecKd-dFZ4kZZA==/com.google.android.trichromelibrary.canary_613700033-7Q2vBiD9q0nCftKFg-pq8w==/base.apk. target_sdk_version=34, uses_libraries=ALL, library_path=/data/app/~~dutrJzl_xJkEyCCvIkexCw==/com.chrome.canary-4jcd8srf2WXxld2NC1r69A==/lib/arm64:/data/app/~~dutrJzl_xJkEyCCvIkexCw==/com.chrome.canary-4jcd8srf2WXxld2NC1r69A==/base.apk!/lib/arm64-v8a:/data/app/~~-FnXeb6__ecKd-dFZ4kZZA==/com.google.android.trichromelibrary.canary_613700033-7Q2vBiD9q0nCftKFg-pq8w==/base.apk!/lib/arm64-v8a, permitted_path=/data:/mnt/expand:/data/user/0/com.chrome.canary
11-23 21:10:10.816 15516 15516 I LoadedApk: No resource references to update in package com.google.android.trichromelibrary.canary
11-23 21:10:10.816 15516 15516 D NetworkSecurityConfig: Using Network Security Config from resource 0_resource_name_obfuscated debugBuild: false
11-23 21:10:10.818 15516 15516 D NetworkSecurityConfig: Using Network Security Config from resource 0_resource_name_obfuscated debugBuild: false
11-23 21:10:10.822 15516 15516 I cr_SplitCompatApp: Launched version=121.0.6137.0 minSdkVersion=29 isBundle=true processName=com.chrome.canary:sandboxed_process0:org.chromium.content.app.SandboxedProcessService0:0 isIsolated=true
11-23 21:10:10.824 15518 15518 D nativeloader: Configuring clns-5 for other apk /data/app/~~dutrJzl_xJkEyCCvIkexCw==/com.chrome.canary-4jcd8srf2WXxld2NC1r69A==/base.apk. target_sdk_version=34, uses_libraries=, library_path=/data/app/~~dutrJzl_xJkEyCCvIkexCw==/com.chrome.canary-4jcd8srf2WXxld2NC1r69A==/lib/arm64:/data/app/~~dutrJzl_xJkEyCCvIkexCw==/com.chrome.canary-4jcd8srf2WXxld2NC1r69A==/base.apk!/lib/arm64-v8a:/data/app/~~-FnXeb6__ecKd-dFZ4kZZA==/com.google.android.trichromelibrary.canary_613700033-7Q2vBiD9q0nCftKFg-pq8w==/base.apk!/lib/arm64-v8a, permitted_path=/data:/mnt/expand:/data/user/0/com.chrome.canary
11-23 21:10:10.828 15443 15505 I tflite  : Initialized TensorFlow Lite runtime.
11-23 21:10:10.830 15443 15505 W libc    : Access denied finding property "ro.mediatek.platform"
11-23 21:10:10.830 15443 15505 W libc    : Access denied finding property "ro.chipname"
11-23 21:10:10.830 15443 15505 W libc    : Access denied finding property "ro.hardware.chipname"
11-23 21:10:10.831 15516 15516 W SystemServiceRegistry: No service published for: uimode
11-23 21:10:10.833 15518 15518 V GraphicsEnvironment: ANGLE Developer option for 'com.chrome.canary' set to: 'default'
11-23 21:10:10.833 15518 15518 V GraphicsEnvironment: ANGLE GameManagerService for com.chrome.canary: false
11-23 21:10:10.834 15518 15518 V GraphicsEnvironment: Updatable production driver is not supported on the device.
11-23 21:10:10.835 15518 15518 I LoadedApk: No resource references to update in package com.google.android.trichromelibrary.canary
11-23 21:10:10.835 15518 15518 D NetworkSecurityConfig: Using Network Security Config from resource 0_resource_name_obfuscated debugBuild: false
11-23 21:10:10.836 15518 15518 D NetworkSecurityConfig: Using Network Security Config from resource 0_resource_name_obfuscated debugBuild: false
11-23 21:10:10.837 15518 15518 I cr_SplitCompatApp: Launched version=121.0.6137.0 minSdkVersion=29 isBundle=true processName=com.chrome.canary:privileged_process0 isIsolated=false
11-23 21:10:10.837 15516 15516 I cr_ChildProcessService: Creating new ChildProcessService pid=15516
11-23 21:10:10.839  1795  4170 D CompatibilityChangeReporter: Compat change id reported: 182734110; UID 10010; state: ENABLED
11-23 21:10:10.840  1795  2262 D CompatibilityChangeReporter: Compat change id reported: 149924527; UID 10010; state: ENABLED
11-23 21:10:10.840  1795  2262 D CompatibilityChangeReporter: Compat change id reported: 132649864; UID 10010; state: DISABLED
11-23 21:10:10.842  1011  1189 I ASH     : @ 117063.037: tcs3701: stop power rail pending_off timer
11-23 21:10:10.842  1011  1189 D ASH     : @ 117063.037: tcs3701: start power rail timer, state:3
11-23 21:10:10.842 15518 15518 I cr_ChildProcessService: Creating new ChildProcessService pid=15518
11-23 21:10:10.847 15443 15505 W chromium: [WARNING:ev_root_ca_metadata.cc(119)] Not implemented
11-23 21:10:10.847 15443 15505 W chromium: [WARNING:ev_root_ca_metadata.cc(119)] Not implemented
11-23 21:10:10.849 15518 15556 I cr_LibraryLoader: Loading monochrome_64 from within /data/app/~~dutrJzl_xJkEyCCvIkexCw==/com.chrome.canary-4jcd8srf2WXxld2NC1r69A==/base.apk
11-23 21:10:10.850 15518 15556 I cr_Linker: loadLibraryImplLocked: monochrome_64, relroMode=2
11-23 21:10:10.853  1795  2262 D ConnectivityService: requestNetwork for uid/pid:10010/15443 activeRequest: null callbackRequest: 3439 [NetworkRequest [ REQUEST id=3440, [ Capabilities: INTERNET&NOT_RESTRICTED&TRUSTED&NOT_VCN_MANAGED Uid: 10010 RequestorUid: 10010 RequestorPkg: com.chrome.canary UnderlyingNetworks: Null] ]] callback flags: 0 order: 2147483647
11-23 21:10:10.855  1795  2424 D WifiNetworkFactory: got request NetworkRequest [ REQUEST id=3440, [ Capabilities: INTERNET&NOT_RESTRICTED&TRUSTED&NOT_VCN_MANAGED Uid: 10010 RequestorUid: 10010 RequestorPkg: com.chrome.canary UnderlyingNetworks: Null] ]
11-23 21:10:10.855  1795  2424 V WifiNetworkFactory: Accepted network request NetworkRequest [ REQUEST id=3440, [ Capabilities: INTERNET&NOT_RESTRICTED&TRUSTED&NOT_VCN_MANAGED Uid: 10010 RequestorUid: 10010 RequestorPkg: com.chrome.canary UnderlyingNetworks: Null] ]
11-23 21:10:10.856 15443 15443 I cr_CombinedPProvider: #registerProvider() provider:gN2@f57886e isPolicyCacheEnabled:true policyProvidersSize:0
11-23 21:10:10.856 15443 15443 I cr_PolicyProvider: #setManagerAndSource() 0
11-23 21:10:10.856 15443 15443 I cr_CombinedPProvider: #registerProvider() provider:fj@6eacb0f isPolicyCacheEnabled:false policyProvidersSize:1
11-23 21:10:10.856  1795  2424 D UntrustedWifiNetworkFactory: got request NetworkRequest [ REQUEST id=3440, [ Capabilities: INTERNET&NOT_RESTRICTED&TRUSTED&NOT_VCN_MANAGED Uid: 10010 RequestorUid: 10010 RequestorPkg: com.chrome.canary UnderlyingNetworks: Null] ]
11-23 21:10:10.857 15443 15443 I cr_PolicyProvider: #setManagerAndSource() 1
11-23 21:10:10.857  1795  2424 D OemPaidWifiNetworkFactory: got request NetworkRequest [ REQUEST id=3440, [ Capabilities: INTERNET&NOT_RESTRICTED&TRUSTED&NOT_VCN_MANAGED Uid: 10010 RequestorUid: 10010 RequestorPkg: com.chrome.canary UnderlyingNetworks: Null] ]
11-23 21:10:10.857 15443 15443 I cr_AppResProvider: #getApplicationRestrictionsFromUserManager() Bundle[EMPTY_PARCEL]
11-23 21:10:10.857 15443 15443 I cr_PolicyProvider: #notifySettingsAvailable() 1
11-23 21:10:10.857 15443 15443 I cr_CombinedPProvider: #onSettingsAvailable() 1
11-23 21:10:10.857  1795  2424 D MultiInternetWifiNetworkFactory: got request NetworkRequest [ REQUEST id=3440, [ Capabilities: INTERNET&NOT_RESTRICTED&TRUSTED&NOT_VCN_MANAGED Uid: 10010 RequestorUid: 10010 RequestorPkg: com.chrome.canary UnderlyingNetworks: Null] ]
11-23 21:10:10.857  1795  2432 D ConnectivityService: NetReassign [3440 : null → 100] [c 0] [a 1] [i 3]
11-23 21:10:10.858 15443 15443 I cr_PolicyProvider: #notifySettingsAvailable() 0
11-23 21:10:10.858 15443 15443 I cr_CombinedPProvider: #onSettingsAvailable() 0
11-23 21:10:10.858 15443 15443 I cr_CombinedPProvider: #flushPolicies()
11-23 21:10:10.858 15443 15443 I cr_PolicyService: #onPolicyServiceInitialized()
11-23 21:10:10.858 15443 15443 I cr_PolicyProvider: #notifySettingsAvailable() 0
11-23 21:10:10.858 15443 15443 I cr_CombinedPProvider: #onSettingsAvailable() 0
11-23 21:10:10.858 15443 15443 I cr_CombinedPProvider: #flushPolicies()
11-23 21:10:10.860 15443 15443 I cr_CompositorSurfaceMgr: Transitioning to surface with format: -1
11-23 21:10:10.861 15443 15443 I cr_CompositorSurfaceMgr: surfaceCreated format: 0
11-23 21:10:10.861  1795  2432 D ConnectivityService: NetReassign [no changes] [c 0] [a 1] [i 3]
11-23 21:10:10.864 15443 15443 W m.chrome.canary: Accessing hidden method Landroid/telephony/TelephonyManager;->getSubscriberInfoService()Lcom/android/internal/telephony/IPhoneSubInfo; (blocked, reflection, denied)
11-23 21:10:10.865 15443 15443 W m.chrome.canary: Accessing hidden method Landroid/telephony/TelephonyManager;->getSubscriberInfoService()Lcom/android/internal/telephony/IPhoneSubInfo; (blocked, reflection, denied)
11-23 21:10:10.865 15443 15443 W m.chrome.canary: Accessing hidden method Landroid/telephony/TelephonyManager;->getSubscriptionService()Lcom/android/internal/telephony/ISub; (blocked, reflection, denied)
11-23 21:10:10.865 15443 15443 W m.chrome.canary: Accessing hidden method Landroid/telephony/TelephonyManager;->getSubscriptionService()Lcom/android/internal/telephony/ISub; (blocked, reflection, denied)
11-23 21:10:10.865 15443 15443 W m.chrome.canary: Accessing hidden method Landroid/telephony/TelephonyManager;->getSmsService()Lcom/android/internal/telephony/ISms; (blocked, reflection, denied)
11-23 21:10:10.865 15443 15443 W m.chrome.canary: Accessing hidden method Landroid/telephony/TelephonyManager;->getSmsService()Lcom/android/internal/telephony/ISms; (blocked, reflection, denied)
11-23 21:10:10.865 15443 15443 W m.chrome.canary: Accessing hidden method Landroid/telephony/TelephonyManager;->getITelephony()Lcom/android/internal/telephony/ITelephony; (max-target-p, reflection, denied)
11-23 21:10:10.865 15443 15443 W m.chrome.canary: Accessing hidden method Landroid/telephony/TelephonyManager;->getITelephony()Lcom/android/internal/telephony/ITelephony; (max-target-p, reflection, denied)
11-23 21:10:10.866 15518 15556 I cr_LibraryLoader: Successfully loaded native library
11-23 21:10:10.867 15518 15556 I cr_CachingUmaRecorder: Flushed 4 samples from 4 histograms, 0 samples were dropped.
11-23 21:10:10.873 15443 15443 I cr_ChromeTabbedActivity: #initializeState
11-23 21:10:10.877  9398  9434 I BatteryMgr:DataCollectionService: stats => 1700770210877,10375,4447,9765,4169000,100
11-23 21:10:10.878  9398  7861 I BatteryMgr:DataCollectionService: stats => 1700770210878,10375,4447,9765,4169000,100
11-23 21:10:10.881  1011  1189 I ASH     : @ 117063.077: tcs3701: stop power rail pending_off timer
11-23 21:10:10.881  1011  1189 D ASH     : @ 117063.077: tcs3701: start power rail timer, state:3
