--------- beginning of main
11-23 20:30:44.901  1011  1189 I ASH     : @ 114697.096: tcs3701: stop power rail pending_off timer
11-23 20:30:44.902  1011  1189 D ASH     : @ 114697.097: tcs3701: start power rail timer, state:3
11-23 20:30:44.942  1011  1189 I ASH     : @ 114697.136: tcs3701: stop power rail pending_off timer
11-23 20:30:44.942  1011  1189 D ASH     : @ 114697.137: tcs3701: start power rail timer, state:3
11-23 20:30:44.981  1011  1189 I ASH     : @ 114697.176: tcs3701: stop power rail pending_off timer
11-23 20:30:44.981  1011  1189 D ASH     : @ 114697.177: tcs3701: start power rail timer, state:3
11-23 20:30:44.995  1795  2424 D WifiClientModeImpl[13802:wlan0]: updateLinkLayerStatsRssiSpeedFrequencyCapabilities rssi=-47 TxLinkspeed=780 freq=5240 RxLinkSpeed=866
11-23 20:30:44.996  1795  2424 D WifiDataStall: tx tput in kbps: 576011
11-23 20:30:44.996  1795  2424 D WifiDataStall: rx tput in kbps: 673179
11-23 20:30:44.996  1795  2424 V WifiConfigManager: Updating scan detail cache freq=5240 BSSID=f4:6d:2f:12:cc:88 RSSI=-47 for "ourhome"WPA_PSK
11-23 20:30:44.997  1795  2424 D WifiChannelUtilization:  freq: 5240 onTime: 3448501 busyTime: 332368 onTimeDiff: 73709 busyTimeDiff: 16669 utilization: 57 utilization t0: 24
11-23 20:30:44.997  2782  5906 D QCNEJ/WlanStaInfoRelay: Received action: android.net.wifi.RSSI_CHANGED
11-23 20:30:44.997  3213  3231 V WifiManager: OnWifiUsabilityStatsListener: onWifiUsabilityStats: seqNum=37829
11-23 20:30:44.997  1795  2424 D WifiDataStall:  ccaLevel = 57
11-23 20:30:44.997  1795  2424 D WifiDataStall: L2 txTputKbps: 576011, rxTputKbps: 673179, L3 txTputKbps: 0, rxTputKbps: 0, TxTrafficHigh: false, RxTrafficHigh: false, Throughput Sufficient: true
11-23 20:30:44.997  1795  2424 D WifiScoreReport: Wifi scoring disabled - Don't check IP layer
11-23 20:30:44.997  1795  2735 I WifiService: updateWifiUsabilityScore uid=10180 seqNum=37829 score=100 predictionHorizonSec=1441795
11-23 20:30:44.997  1795  2424 D WifiScoreCard: BSSID update SIGNAL_POLL ID: 1320464697 SSID: "ourhome", BSSID: f4:6d:2f:12:cc:88, MAC: b2:2f:ec:da:4a:0c, IP: /192.168.1.104, Security type: 2, Supplicant state: COMPLETED, Wi-Fi standard: 5, RSSI: -47, Link speed: 780Mbps, Tx Link speed: 780Mbps, Max Supported Tx Link speed: 866Mbps, Rx Link speed: 866Mbps, Max Supported Rx Link speed: 866Mbps, Frequency: 5240MHz, Net ID: 12, Metered hint: false, score: 60, isUsable: true, CarrierMerged: false, SubscriptionId: -1, IsPrimary: 1, Trusted: true, Restricted: false, Ephemeral: false, OEM paid: false, OEM private: false, OSU AP: false, FQDN: <none>, Provider friendly name: <none>, Requesting package name: <none>"ourhome"wpa2-pskMLO Information: , Is TID-To-Link negotiation supported by the AP: false, AP MLD Address: <none>, AP MLO Link Id: <none>, AP MLO Affiliated links: <none>
11-23 20:30:44.998  1795  2424 D WifiScoreCard: txRate: 1 txSpeed: 780
11-23 20:30:44.998  1795  2424 D WifiScoreCard: network update SIGNAL_POLL "ourhome" ID: 1499892569 RSSI -47 txSpeed -1
11-23 20:30:44.998  2513  5404 V WifiManager: TrafficStateCallbackProxy: onStateChanged state=0
11-23 20:30:44.998  1795  2424 D WifiClientModeImpl[13802:wlan0]:  ClientModeImpl$L2ConnectedState screen=on 25 0 "ourhome" f4:6d:2f:12:cc:88 rssi=-47 f=5240 sc=60 link=780 tx=0.1, 0.0, 0.0 rx=0.1 bcn=1100424 [on:0 tx:0 rx:0 period:3021] from screen [on:87850 period:1692363] score=60
11-23 20:30:44.998  1795  2424 D WifiScoreReport: Wifi scoring disabled - Notify that Wifi is usable
11-23 20:30:45.000  1795  2432 D ConnectivityService: NetReassign [no changes] [c 0] [a 0] [i 2]
11-23 20:30:45.020  1011  1189 I ASH     : @ 114697.216: tcs3701: stop power rail pending_off timer
11-23 20:30:45.021  1011  1189 D ASH     : @ 114697.217: tcs3701: start power rail timer, state:3
11-23 20:30:45.044 28957 28957 D AndroidRuntime: >>>>>> START com.android.internal.os.RuntimeInit uid 2000 <<<<<<
11-23 20:30:45.047 28957 28957 I AndroidRuntime: Using default boot image
11-23 20:30:45.047 28957 28957 I AndroidRuntime: Leaving lock profiling enabled
11-23 20:30:45.050 28957 28957 I app_process: Using CollectorTypeCC GC.
11-23 20:30:45.060  1011  1189 I ASH     : @ 114697.256: tcs3701: stop power rail pending_off timer
11-23 20:30:45.061  1011  1189 D ASH     : @ 114697.257: tcs3701: start power rail timer, state:3
11-23 20:30:45.101  1011  1189 I ASH     : @ 114697.296: tcs3701: stop power rail pending_off timer
11-23 20:30:45.101  1011  1189 D ASH     : @ 114697.297: tcs3701: start power rail timer, state:3
11-23 20:30:45.121 28957 28957 D nativeloader: InitDefaultPublicLibraries for_preload=1: libandroid.so:libaaudio.so:libamidi.so:libbinder_ndk.so:libc.so:libcamera2ndk.so:libdl.so:libEGL.so:libGLESv1_CM.so:libGLESv2.so:libGLESv3.so:libicu.so:libicui18n.so:libicuuc.so:libjnigraphics.so:liblog.so:libmediandk.so:libm.so:libnativehelper.so:libnativewindow.so:libOpenMAXAL.so:libOpenSLES.so:libRS.so:libstdc++.so:libsync.so:libvulkan.so:libwebviewchromium_plat_support.so:libz.so
11-23 20:30:45.134 28957 28957 D app_process: Time zone APEX ICU file found: /apex/com.android.tzdata/etc/icu/icu_tzdata.dat
11-23 20:30:45.134 28957 28957 D app_process: I18n APEX ICU file found: /apex/com.android.i18n/etc/icu/icudt70l.dat
11-23 20:30:45.141  1011  1189 I ASH     : @ 114697.336: tcs3701: stop power rail pending_off timer
11-23 20:30:45.141  1011  1189 D ASH     : @ 114697.337: tcs3701: start power rail timer, state:3
11-23 20:30:45.156 28957 28957 D AndroidRuntime: Calling main entry com.android.commands.monkey.Monkey
11-23 20:30:45.157 28957 28957 W Monkey  : args: [-p, com.chrome.canary, 1]
11-23 20:30:45.157 28957 28957 W Monkey  :  arg: "-p"
11-23 20:30:45.157 28957 28957 W Monkey  :  arg: "com.chrome.canary"
11-23 20:30:45.157 28957 28957 W Monkey  :  arg: "1"
11-23 20:30:45.158 28957 28957 W Monkey  : data="com.chrome.canary"
--------- beginning of system
11-23 20:30:45.166  1795  2119 W BroadcastQueue: Skipping deliver [background] BroadcastRecord{50756bc u-1 android.net.conn.CONNECTIVITY_CHANGE} to ReceiverList{1f56645 28957 (unknown name)/2000/u-1 remote:c358a8e}: process gone or crashing
11-23 20:30:45.172  1795  2735 D CompatibilityChangeReporter: Compat change id reported: 161252188; UID 10010; state: DISABLED
11-23 20:30:45.172  1795  2735 I ActivityTaskManager: START u0 {act=android.intent.action.MAIN cat=[android.intent.category.LAUNCHER] flg=0x10200000 cmp=com.chrome.canary/com.google.android.apps.chrome.Main} from uid 2000
11-23 20:30:45.172  1795  2735 D CompatibilityChangeReporter: Compat change id reported: 265464455; UID 10010; state: DISABLED
11-23 20:30:45.172  1795  2735 D CompatibilityChangeReporter: Compat change id reported: 265452344; UID 10010; state: DISABLED
11-23 20:30:45.172  1795  2735 D CompatibilityChangeReporter: Compat change id reported: 266124927; UID 10010; state: DISABLED
11-23 20:30:45.172  1795  2735 D CompatibilityChangeReporter: Compat change id reported: 265451093; UID 10010; state: DISABLED
11-23 20:30:45.173  1795  2735 D CompatibilityChangeReporter: Compat change id reported: 265456536; UID 10010; state: DISABLED
11-23 20:30:45.173  1795  2735 D CompatibilityChangeReporter: Compat change id reported: 255940284; UID 10010; state: DISABLED
11-23 20:30:45.173  1795  2735 D CompatibilityChangeReporter: Compat change id reported: 236283604; UID 10010; state: DISABLED
11-23 20:30:45.173  1795  2735 D CompatibilityChangeReporter: Compat change id reported: 263959004; UID 10010; state: DISABLED
11-23 20:30:45.173  1795  2735 D CompatibilityChangeReporter: Compat change id reported: 264304459; UID 10010; state: DISABLED
11-23 20:30:45.173  1795  2735 D CompatibilityChangeReporter: Compat change id reported: 264301586; UID 10010; state: DISABLED
11-23 20:30:45.173  1795  2735 D CompatibilityChangeReporter: Compat change id reported: 254631730; UID 10010; state: DISABLED
11-23 20:30:45.173  1795  2735 D CompatibilityChangeReporter: Compat change id reported: 273509367; UID 10010; state: DISABLED
11-23 20:30:45.173  1795  2735 D CompatibilityChangeReporter: Compat change id reported: 263259275; UID 10010; state: DISABLED
11-23 20:30:45.173  1795  2735 D CompatibilityChangeReporter: Compat change id reported: 194480991; UID 10010; state: ENABLED
11-23 20:30:45.173  1795  2735 D CompatibilityChangeReporter: Compat change id reported: 174042980; UID 10010; state: DISABLED
11-23 20:30:45.174  1795  2735 D CompatibilityChangeReporter: Compat change id reported: 184838306; UID 10010; state: DISABLED
11-23 20:30:45.175  1795  2735 D CompatibilityChangeReporter: Compat change id reported: 185004937; UID 10010; state: DISABLED
11-23 20:30:45.175  1795  2735 D CompatibilityChangeReporter: Compat change id reported: 181136395; UID 10010; state: DISABLED
11-23 20:30:45.175  1795  2735 D CompatibilityChangeReporter: Compat change id reported: 174042936; UID 10010; state: DISABLED
11-23 20:30:45.175  1795  2735 D CompatibilityChangeReporter: Compat change id reported: 205907456; UID 10010; state: ENABLED
11-23 20:30:45.178  1795  2735 D CompatibilityChangeReporter: Compat change id reported: 194833441; UID 10010; state: ENABLED
11-23 20:30:45.179  2513  2550 W Parcel  : Expecting binder but got null!
11-23 20:30:45.180 28957 28957 I Monkey  : Events injected: 1
11-23 20:30:45.183  1795  2387 D CompatibilityChangeReporter: Compat change id reported: 168419799; UID 10010; state: DISABLED
11-23 20:30:45.183  1795  2387 D CompatibilityChangeReporter: Compat change id reported: 273564678; UID 10010; state: DISABLED
11-23 20:30:45.184  1011  1189 I ASH     : @ 114697.376: tcs3701: stop power rail pending_off timer
11-23 20:30:45.184  1011  1189 D ASH     : @ 114697.377: tcs3701: start power rail timer, state:3
11-23 20:30:45.185  1795  2100 D CompatibilityChangeReporter: Compat change id reported: 135634846; UID 10010; state: DISABLED
11-23 20:30:45.185  1795  2149 E system_server: updateValue is called with a value {0, 0, 0, 0, 0, 0, 0, 0, 0, 0, 0, 0, 0, 0, 0, 0, 0, 0, 0, 0, 0, 0, 0, 0, 0}, which is lower than the previous value {0, 200, 147, 2190, 1222, 17720, 3396, 1768, 30185, 386, 3636, 3234, 3749, 824, 6822, 0, 0, 2203, 8142, 4529, 803, 477, 433, 6259, 0}
11-23 20:30:45.185  1795  2149 E system_server: updateValue is called with a value {0, 0, 0, 0, 0, 0, 0, 0, 0, 0, 0, 0, 0, 0, 0, 0, 0, 0, 0, 0, 0, 0, 0, 0, 0}, which is lower than the previous value {0, 0, 0, 9, 0, 46, 76, 19, 52460, 0, 0, 1, 8, 5, 159, 0, 0, 0, 0, 0, 0, 0, 0, 432, 0}
11-23 20:30:45.186 28957 28957 I Monkey  : ## Network stats: elapsed time=15ms (0ms mobile, 0ms wifi, 15ms not connected)
11-23 20:30:45.187  1795  2120 D CompatibilityChangeReporter: Compat change id reported: 143937733; UID 10010; state: ENABLED
11-23 20:30:45.187 28957 28957 I app_process: System.exit called, status: 0
11-23 20:30:45.187 28957 28957 I AndroidRuntime: VM exiting with result code 0.
11-23 20:30:45.188  3657  4461 D ForegroundUtils: Foreground UID status:
11-23 20:30:45.188  3657  4461 D ForegroundUtils: UID: 10128 is in foreground: true
11-23 20:30:45.188  3657  4461 D ForegroundUtils: UID: 10145 is in foreground: true
11-23 20:30:45.188  3657  4461 D ForegroundUtils: UID: 10158 is in foreground: true
11-23 20:30:45.188  3657  4461 D ForegroundUtils: UID: 10189 is in foreground: false
11-23 20:30:45.188  3657  4461 D ForegroundUtils: UID: 10194 is in foreground: true
11-23 20:30:45.188  3657  4461 D ForegroundUtils: UID: 10206 is in foreground: false
11-23 20:30:45.188  3657  4461 D ForegroundUtils: UID: 10233 is in foreground: true
11-23 20:30:45.188  3657  4461 D ForegroundUtils: UID: 10244 is in foreground: true
11-23 20:30:45.188  3657  4461 D ForegroundUtils: UID: 10319 is in foreground: true
11-23 20:30:45.192   987   987 D Zygote  : Forked child process 28973
11-23 20:30:45.192  1795  2120 I ActivityManager: Start proc 28973:com.chrome.canary/u0a10 for next-top-activity {com.chrome.canary/com.google.android.apps.chrome.Main}
11-23 20:30:45.194  2513  2550 E OpenGLRenderer: Unable to match the desired swap behavior.
11-23 20:30:45.197 28973 28973 I m.chrome.canary: Using CollectorTypeCC GC.
11-23 20:30:45.204  1383  1442 I adbd    : jdwp connection from 28973
11-23 20:30:45.214 28973 28973 I ActivityThread: Relaunch all activities: onCoreSettingsChange
11-23 20:30:45.214 28973 28973 D CompatibilityChangeReporter: Compat change id reported: 171979766; UID 10010; state: ENABLED
11-23 20:30:45.216  3657  4461 D ForegroundUtils: Foreground UID status:
11-23 20:30:45.216  3657  4461 D ForegroundUtils: UID: 10010 is in foreground: true
11-23 20:30:45.216  3657  4461 D ForegroundUtils: UID: 10128 is in foreground: true
11-23 20:30:45.216  3657  4461 D ForegroundUtils: UID: 10145 is in foreground: true
11-23 20:30:45.216  3657  4461 D ForegroundUtils: UID: 10158 is in foreground: true
11-23 20:30:45.216  3657  4461 D ForegroundUtils: UID: 10189 is in foreground: false
11-23 20:30:45.216  3657  4461 D ForegroundUtils: UID: 10194 is in foreground: true
11-23 20:30:45.216  3657  4461 D ForegroundUtils: UID: 10206 is in foreground: false
11-23 20:30:45.216  3657  4461 D ForegroundUtils: UID: 10233 is in foreground: true
11-23 20:30:45.216  3657  4461 D ForegroundUtils: UID: 10244 is in foreground: true
11-23 20:30:45.216  3657  4461 D ForegroundUtils: UID: 10319 is in foreground: true
11-23 20:30:45.216 28973 28973 W ziparchive: Unable to open '/data/app/~~-FnXeb6__ecKd-dFZ4kZZA==/com.google.android.trichromelibrary.canary_613700033-7Q2vBiD9q0nCftKFg-pq8w==/base.dm': No such file or directory
11-23 20:30:45.216 28973 28973 W ziparchive: Unable to open '/data/app/~~-FnXeb6__ecKd-dFZ4kZZA==/com.google.android.trichromelibrary.canary_613700033-7Q2vBiD9q0nCftKFg-pq8w==/base.dm': No such file or directory
11-23 20:30:45.217 28973 28973 W m.chrome.canary: Entry not found
11-23 20:30:45.217 28973 28973 D nativeloader: Configuring clns-4 for other apk /data/app/~~-FnXeb6__ecKd-dFZ4kZZA==/com.google.android.trichromelibrary.canary_613700033-7Q2vBiD9q0nCftKFg-pq8w==/base.apk. target_sdk_version=34, uses_libraries=ALL, library_path=/data/app/~~dutrJzl_xJkEyCCvIkexCw==/com.chrome.canary-4jcd8srf2WXxld2NC1r69A==/lib/arm64:/data/app/~~dutrJzl_xJkEyCCvIkexCw==/com.chrome.canary-4jcd8srf2WXxld2NC1r69A==/base.apk!/lib/arm64-v8a:/data/app/~~-FnXeb6__ecKd-dFZ4kZZA==/com.google.android.trichromelibrary.canary_613700033-7Q2vBiD9q0nCftKFg-pq8w==/base.apk!/lib/arm64-v8a, permitted_path=/data:/mnt/expand:/data/user/0/com.chrome.canary
11-23 20:30:45.221  1011  1189 I ASH     : @ 114697.416: tcs3701: stop power rail pending_off timer
11-23 20:30:45.221  1011  1189 D ASH     : @ 114697.417: tcs3701: start power rail timer, state:3
11-23 20:30:45.221 28973 28973 D nativeloader: Configuring clns-5 for other apk /data/app/~~dutrJzl_xJkEyCCvIkexCw==/com.chrome.canary-4jcd8srf2WXxld2NC1r69A==/base.apk. target_sdk_version=34, uses_libraries=, library_path=/data/app/~~dutrJzl_xJkEyCCvIkexCw==/com.chrome.canary-4jcd8srf2WXxld2NC1r69A==/lib/arm64:/data/app/~~dutrJzl_xJkEyCCvIkexCw==/com.chrome.canary-4jcd8srf2WXxld2NC1r69A==/base.apk!/lib/arm64-v8a:/data/app/~~-FnXeb6__ecKd-dFZ4kZZA==/com.google.android.trichromelibrary.canary_613700033-7Q2vBiD9q0nCftKFg-pq8w==/base.apk!/lib/arm64-v8a, permitted_path=/data:/mnt/expand:/data/user/0/com.chrome.canary
11-23 20:30:45.229 28973 28973 V GraphicsEnvironment: ANGLE Developer option for 'com.chrome.canary' set to: 'default'
11-23 20:30:45.229 28973 28973 V GraphicsEnvironment: ANGLE GameManagerService for com.chrome.canary: false
11-23 20:30:45.229 28973 28973 V GraphicsEnvironment: Updatable production driver is not supported on the device.
11-23 20:30:45.231 28973 28973 I LoadedApk: No resource references to update in package com.google.android.trichromelibrary.canary
11-23 20:30:45.231 28973 28973 D NetworkSecurityConfig: Using Network Security Config from resource 0_resource_name_obfuscated debugBuild: false
11-23 20:30:45.232 28973 28973 D NetworkSecurityConfig: Using Network Security Config from resource 0_resource_name_obfuscated debugBuild: false
11-23 20:30:45.232 28973 28973 I cr_SplitCompatApp: Launched version=121.0.6137.0 minSdkVersion=29 isBundle=true processName=com.chrome.canary isIsolated=false
11-23 20:30:45.250 28973 28994 I cr_LibraryLoader: Loading monochrome_64 from within /data/app/~~dutrJzl_xJkEyCCvIkexCw==/com.chrome.canary-4jcd8srf2WXxld2NC1r69A==/base.apk
11-23 20:30:45.252  1795  2387 D CompatibilityChangeReporter: Compat change id reported: 161145287; UID 10010; state: DISABLED
11-23 20:30:45.252 28973 28994 I cr_Linker: loadLibraryImplLocked: monochrome_64, relroMode=1
11-23 20:30:45.260  1011  1189 I ASH     : @ 114697.456: tcs3701: stop power rail pending_off timer
11-23 20:30:45.261  1011  1189 D ASH     : @ 114697.457: tcs3701: start power rail timer, state:3
11-23 20:30:45.261 28973 28994 I cr_LibraryLoader: Successfully loaded native library
11-23 20:30:45.261 28973 28994 I cr_CachingUmaRecorder: Flushed 20 samples from 18 histograms, 0 samples were dropped.
11-23 20:30:45.280  3875  3875 I dzhj    : onPause
11-23 20:30:45.282 28973 28973 I cr_MultiInstance: Removed invalid instance data. Removed tasks-instance mappings: [Chrome.MultiInstance.TaskMap.0 - 1488] and shared prefs for instances: []
11-23 20:30:45.282  3604  3604 I hitl    : (REDACTED) received broadcast: %s
11-23 20:30:45.283 28973 28973 I cr_MultiInstance: Existing Instance - persisted and unmapped Id allocated: 0
11-23 20:30:45.283  3604  4197 I hito    : (REDACTED) received broadcast: %s
11-23 20:30:45.283 28973 29000 W DynamiteModule: Local module descriptor class for com.google.android.gms.googlecertificates not found.
11-23 20:30:45.283  3604  4197 I hioo    : (REDACTED) #onConfigUpdate. requester: %s
11-23 20:30:45.284  3604  4248 I hioo    : #onConfigUpdate inside sequencer
11-23 20:30:45.284  3604  4248 I hilg    : (REDACTED) Voice Match (Speaker-id) supported : %b 
11-23 20:30:45.284  3604  4248 I hilg    : (REDACTED) hotword enrollment state is enrolled:  %b, speakerId model exist: %b. Voice Match supported : %b 
11-23 20:30:45.284  3604  4248 I hilg    : (REDACTED) isHotwordAvailable():  %b, isHotwordEnabled() %b 
11-23 20:30:45.284  3604  4248 I hilg    : (REDACTED) isHotwordAvailable():  %b, isHotwordEnabled() %b 
11-23 20:30:45.284  3604  4248 I hilg    : (REDACTED) Hotword enrollment state : %s.
11-23 20:30:45.284  3604  4248 I hilg    : (REDACTED) Voice Match (Speaker-id) supported : %b 
11-23 20:30:45.284  3604  4248 I hilg    : (REDACTED) Voice Match (Speaker-id) supported : %b 
11-23 20:30:45.284  3604  4248 I hilg    : (REDACTED) hotword enrollment state is enrolled:  %b, speakerId model exist: %b, voice match supported : %b
11-23 20:30:45.284  3604  4248 I hilg    : (REDACTED) Hotword isNonVoiceMatchHotwordEnabled: %b, isHotwordAvailable: %b, isHotwordEnabled: %b, isVoiceMatchSupported: %b, isHotwordEnrolled: %b,
11-23 20:30:45.284  3604  4248 I hioo    : (REDACTED) Ignore the legacy hotword request. voice match enabled %b, isHotwordSupported %b, isIncompleteEnrollmentState %b, nonVoiceMatchHotwordEnabled %b
11-23 20:30:45.285 28973 28973 I cr_MultiInstance: Intent action: android.intent.action.MAIN
11-23 20:30:45.285 28973 28973 I cr_MultiInstance: Intent routed via ChromeLauncherActivity: false
11-23 20:30:45.285 28973 28973 I cr_MultiInstance: Referrer: android-app://com.android.shell
11-23 20:30:45.285 28973 28973 I cr_MultiInstance: Intent contains LAUNCHER category: true
11-23 20:30:45.285 28973 28973 I cr_MultiInstance: Intent contains FLAG_ACTIVITY_MULTIPLE_TASK: false
11-23 20:30:45.285 28973 28973 I cr_MultiInstance: Intent contains FLAG_ACTIVITY_NEW_TASK: true
11-23 20:30:45.285 28973 28973 I cr_MultiInstance: Intent component: com.google.android.apps.chrome.Main
11-23 20:30:45.285 28973 28973 I cr_MultiInstance: Intent sent by OS: false
11-23 20:30:45.285 28973 28973 I cr_MultiInstance: @ExternalAppId of intent source: 0
11-23 20:30:45.285 28973 28973 I cr_MultiInstance: Are all instances running: false
11-23 20:30:45.285 28973 28973 I cr_MultiInstance: Window allocation type: 6
11-23 20:30:45.285 28973 28973 I cr_MultiInstance: Window ID allocated: 0
11-23 20:30:45.286 28973 28973 W cr_ActivityDispatcher: CustomTabsIntent#shouldAlwaysUseBrowserUI() = false
11-23 20:30:45.286 28973 28973 D CompatibilityChangeReporter: Compat change id reported: 183155436; UID 10010; state: ENABLED
11-23 20:30:45.292 28973 29000 I DynamiteModule: Considering local module com.google.android.gms.googlecertificates:0 and remote module com.google.android.gms.googlecertificates:7
11-23 20:30:45.292 28973 29000 I DynamiteModule: Selected remote version of com.google.android.gms.googlecertificates, version >= 7
11-23 20:30:45.293 28973 28973 E m.chrome.canary: Invalid ID 0x00000000.
11-23 20:30:45.295 28973 28973 I cr_SplitCompatClassLoader: Splits: null
11-23 20:30:45.297 28973 29000 W System  : ClassLoader referenced unknown path: 
11-23 20:30:45.298 28973 29000 D nativeloader: Configuring clns-6 for other apk . target_sdk_version=34, uses_libraries=, library_path=/data/app/~~kuQRvAzVZuE4Ro2oLuwWdQ==/com.google.android.gms-oAttmqgZrSU_NO_sHK9RSA==/lib/arm64:/data/app/~~kuQRvAzVZuE4Ro2oLuwWdQ==/com.google.android.gms-oAttmqgZrSU_NO_sHK9RSA==/base.apk!/lib/arm64-v8a, permitted_path=/data:/mnt/expand:/data/user/0/com.google.android.gms
11-23 20:30:45.300  1011  1189 I ASH     : @ 114697.496: tcs3701: stop power rail pending_off timer
11-23 20:30:45.301  1011  1189 D ASH     : @ 114697.497: tcs3701: start power rail timer, state:3
11-23 20:30:45.313 28973 28973 W cr_ActivityDispatcher: CustomTabsIntent#shouldAlwaysUseBrowserUI() = false
11-23 20:30:45.315  3845  3845 E AbstractGmsTracer: Traced class shouldn't be obfuscated: GmsBoundBrokerChimeraService [CONTEXT service_id=259 ]
11-23 20:30:45.316  3845  3845 D BoundBrokerSvc: onBind: Intent { act=com.google.android.gms.safetynet.service.START pkg=com.google.android.gms }
11-23 20:30:45.316  3845  3845 D BoundBrokerSvc: Loading bound service for intent: Intent { act=com.google.android.gms.safetynet.service.START pkg=com.google.android.gms }
11-23 20:30:45.317  3845  3845 E AbstractGmsTracer: Traced class shouldn't be obfuscated: SafetyNetClientChimeraService [CONTEXT service_id=259 ]
11-23 20:30:45.320 28973 28973 I cr_CompositorSurfaceMgr: Transitioning to surface with format: -1
11-23 20:30:45.320  3074  3074 E AbstractGmsTracer: Traced class shouldn't be obfuscated: GmsApiChimeraService [CONTEXT service_id=259 ]
11-23 20:30:45.320  3074  3074 D BoundBrokerSvc: onBind: Intent { act=com.google.android.gms.phenotype.service.START pkg=com.google.android.gms }
11-23 20:30:45.320  3074  3074 D BoundBrokerSvc: Loading bound service for intent: Intent { act=com.google.android.gms.phenotype.service.START pkg=com.google.android.gms }
11-23 20:30:45.321  3074  3074 E AbstractGmsTracer: Traced class shouldn't be obfuscated: PhenotypeChimeraService [CONTEXT service_id=259 ]
11-23 20:30:45.332 28973 28973 D CompatibilityChangeReporter: Compat change id reported: 210923482; UID 10010; state: ENABLED
11-23 20:30:45.341  1011  1189 I ASH     : @ 114697.537: tcs3701: stop power rail pending_off timer
11-23 20:30:45.341  1011  1189 D ASH     : @ 114697.537: tcs3701: start power rail timer, state:3
11-23 20:30:45.358 28973 28973 D CompatibilityChangeReporter: Compat change id reported: 193247900; UID 10010; state: ENABLED
11-23 20:30:45.377 28973 28973 W cr_ActivityDispatcher: CustomTabsIntent#shouldAlwaysUseBrowserUI() = false
11-23 20:30:45.381  1011  1189 I ASH     : @ 114697.576: tcs3701: stop power rail pending_off timer
11-23 20:30:45.381  1011  1189 D ASH     : @ 114697.577: tcs3701: start power rail timer, state:3
11-23 20:30:45.382 28973 28973 D CompatibilityChangeReporter: Compat change id reported: 237531167; UID 10010; state: DISABLED
11-23 20:30:45.387 28973 29010 W Parcel  : Expecting binder but got null!
11-23 20:30:45.394  1795  2735 D CoreBackPreview: Window{95ad8b2 u0 com.chrome.canary/com.google.android.apps.chrome.Main}: Setting back callback OnBackInvokedCallbackInfo{mCallback=android.window.IOnBackInvokedCallback$Stub$Proxy@a185fac, mPriority=-1}
11-23 20:30:45.396  1795  2120 D CompatibilityChangeReporter: Compat change id reported: 143937733; UID 10010; state: ENABLED
11-23 20:30:45.397  1795  2120 D CompatibilityChangeReporter: Compat change id reported: 135634846; UID 10010; state: DISABLED
11-23 20:30:45.397  1795  2120 D CompatibilityChangeReporter: Compat change id reported: 207557677; UID 10010; state: ENABLED
11-23 20:30:45.397   987   987 W Zygote  : forkRepeatedly terminated due to non-simple command
11-23 20:30:45.397   987   987 D Zygote  : mbuffer starts with 15, nice name is com.chrome.canary_zygote, mEnd = 410, mNext = 191, mLinesLeft = 6, mFd = 5
11-23 20:30:45.402 28973 29010 I AdrenoGLES-0: QUALCOMM build                   : 4783c89, I46ff5fc46f
11-23 20:30:45.402 28973 29010 I AdrenoGLES-0: Build Date                       : 11/30/20
11-23 20:30:45.402 28973 29010 I AdrenoGLES-0: OpenGL ES Shader Compiler Version: EV031.31.04.01
11-23 20:30:45.402 28973 29010 I AdrenoGLES-0: Local Branch                     : QPR2
11-23 20:30:45.402 28973 29010 I AdrenoGLES-0: Remote Branch                    : 
11-23 20:30:45.402 28973 29010 I AdrenoGLES-0: Remote Branch                    : 
11-23 20:30:45.402 28973 29010 I AdrenoGLES-0: Reconstruct Branch               : 
11-23 20:30:45.402 28973 29010 I AdrenoGLES-0: Build Config                     : S P 10.0.4 AArch64
11-23 20:30:45.402 28973 29010 I AdrenoGLES-0: Driver Path                      : /vendor/lib64/egl/libGLESv2_adreno.so
11-23 20:30:45.405 28973 29010 I AdrenoGLES-0: PFP: 0x016dd093, ME: 0x00000000
11-23 20:30:45.406 28973 28973 I cr_StartSurfaceConfig: Recorded Startup.Android.FirstDrawCompletedTime.NoInstant = 115 ms
11-23 20:30:45.406 28973 29010 W AdrenoUtils: <ReadGpuID_from_sysfs:197>: Failed to open /sys/class/kgsl/kgsl-3d0/gpu_model
11-23 20:30:45.406 28973 29010 W AdrenoUtils: <ReadGpuID:221>: Failed to read chip ID from gpu_model. Fallback to use the GSL path
11-23 20:30:45.413   648  3370 I SDM     : HWCDisplay::GetColorModeCount: Supported color mode count = 3
11-23 20:30:45.413   648  3370 I SDM     : HWCDisplay::GetColorModes: Color mode = 0 is supported
11-23 20:30:45.413   648  3370 I SDM     : HWCDisplay::GetColorModes: Color mode = 7 is supported
11-23 20:30:45.413   648  3370 I SDM     : HWCDisplay::GetColorModes: Color mode = 9 is supported
11-23 20:30:45.414 28973 29010 E OpenGLRenderer: Unable to match the desired swap behavior.
11-23 20:30:45.415   987   987 D Zygote  : Forked child process 29020
11-23 20:30:45.417  1795  2120 W ZygoteProcess: Got error connecting to zygote, retrying. msg= Connection refused
11-23 20:30:45.418   595   595 I servicemanager: Could not find android.hardware.graphics.allocator.IAllocator/default in the VINTF manifest.
11-23 20:30:45.419 29020 29020 I libc    : SetHeapTaggingLevel: tag level set to 0
11-23 20:30:45.419  3074 24046 E ckqk    : Phenotype API error. Event # evhb@d80d8fb1, EventCode: 7 [CONTEXT service_id=51 ]
11-23 20:30:45.419  3074 24046 E ckqk    : ckoo: 29505: No config packages for log source, or config package not registered
11-23 20:30:45.419  3074 24046 E ckqk    : 	at ckrk.b(:com.google.android.gms@234414038@23.44.14 (190400-580326705):79)
11-23 20:30:45.419  3074 24046 E ckqk    : 	at ckrh.h(:com.google.android.gms@234414038@23.44.14 (190400-580326705):3)
11-23 20:30:45.419  3074 24046 E ckqk    : 	at ckqk.g(:com.google.android.gms@234414038@23.44.14 (190400-580326705):18)
11-23 20:30:45.419  3074 24046 E ckqk    : 	at ckqk.f(:com.google.android.gms@234414038@23.44.14 (190400-580326705):11)
11-23 20:30:45.419  3074 24046 E ckqk    : 	at bfmo.fh(:com.google.android.gms@234414038@23.44.14 (190400-580326705):1)
11-23 20:30:45.419  3074 24046 E ckqk    : 	at bfmz.run(:com.google.android.gms@234414038@23.44.14 (190400-580326705):100)
11-23 20:30:45.419  3074 24046 E ckqk    : 	at dvlp.run(:com.google.android.gms@234414038@23.44.14 (190400-580326705):13)
11-23 20:30:45.419  3074 24046 E ckqk    : 	at ajls.c(:com.google.android.gms@234414038@23.44.14 (190400-580326705):50)
11-23 20:30:45.419  3074 24046 E ckqk    : 	at ajls.run(:com.google.android.gms@234414038@23.44.14 (190400-580326705):76)
11-23 20:30:45.419  3074 24046 E ckqk    : 	at java.util.concurrent.ThreadPoolExecutor.runWorker(ThreadPoolExecutor.java:1145)
11-23 20:30:45.419  3074 24046 E ckqk    : 	at java.util.concurrent.ThreadPoolExecutor$Worker.run(ThreadPoolExecutor.java:644)
11-23 20:30:45.419  3074 24046 E ckqk    : 	at ajqx.run(:com.google.android.gms@234414038@23.44.14 (190400-580326705):8)
11-23 20:30:45.419  3074 24046 E ckqk    : 	at java.lang.Thread.run(Thread.java:1012)
11-23 20:30:45.420 29020 29020 I e.canary_zygote: Using CollectorTypeCC GC.
11-23 20:30:45.420  3074 24046 W AsyncOperation: operation=GetExperimentTokensOperationCall, opStatusCode=29505 [CONTEXT service_id=51 ]
11-23 20:30:45.420  3074 24046 W AsyncOperation: OperationException[Status{statusCode=No config packages for log source, or config package not registered, resolution=null}]
11-23 20:30:45.420  3074 24046 W AsyncOperation: 	at ckqk.g(:com.google.android.gms@234414038@23.44.14 (190400-580326705):48)
11-23 20:30:45.420  3074 24046 W AsyncOperation: 	at ckqk.f(:com.google.android.gms@234414038@23.44.14 (190400-580326705):11)
11-23 20:30:45.420  3074 24046 W AsyncOperation: 	at bfmo.fh(:com.google.android.gms@234414038@23.44.14 (190400-580326705):1)
11-23 20:30:45.420  3074 24046 W AsyncOperation: 	at bfmz.run(:com.google.android.gms@234414038@23.44.14 (190400-580326705):100)
11-23 20:30:45.420  3074 24046 W AsyncOperation: 	at dvlp.run(:com.google.android.gms@234414038@23.44.14 (190400-580326705):13)
11-23 20:30:45.420  3074 24046 W AsyncOperation: 	at ajls.c(:com.google.android.gms@234414038@23.44.14 (190400-580326705):50)
11-23 20:30:45.420  3074 24046 W AsyncOperation: 	at ajls.run(:com.google.android.gms@234414038@23.44.14 (190400-580326705):76)
11-23 20:30:45.420  3074 24046 W AsyncOperation: 	at java.util.concurrent.ThreadPoolExecutor.runWorker(ThreadPoolExecutor.java:1145)
11-23 20:30:45.420  3074 24046 W AsyncOperation: 	at java.util.concurrent.ThreadPoolExecutor$Worker.run(ThreadPoolExecutor.java:644)
11-23 20:30:45.420  3074 24046 W AsyncOperation: 	at ajqx.run(:com.google.android.gms@234414038@23.44.14 (190400-580326705):8)
11-23 20:30:45.420  3074 24046 W AsyncOperation: 	at java.lang.Thread.run(Thread.java:1012)
11-23 20:30:45.420  1011  1189 I ASH     : @ 114697.616: tcs3701: stop power rail pending_off timer
11-23 20:30:45.421  1011  1189 D ASH     : @ 114697.617: tcs3701: start power rail timer, state:3
11-23 20:30:45.435  1795  2096 I ActivityTaskManager: Displayed com.chrome.canary/com.google.android.apps.chrome.Main: +259ms
11-23 20:30:45.441 28973 28973 I cr_CombinedPProvider: #linkNativeInternal() 0
11-23 20:30:45.441 28973 28973 I cr_PolicyProvider: #setManagerAndSource() 0
11-23 20:30:45.442 28973 28973 I cr_PolicyCacheProvider: #refresh() true
11-23 20:30:45.460  1011  1189 I ASH     : @ 114697.656: tcs3701: stop power rail pending_off timer
11-23 20:30:45.461  1011  1189 D ASH     : @ 114697.657: tcs3701: start power rail timer, state:3
11-23 20:30:45.462 28973 28990 I cr_PartnerCustUma: Partner Customization delegate: 0.
11-23 20:30:45.462 28973 28990 W cr_PartnerCustomize: Partner homepage must be HTTP(S) or NewTabPage. Got invalid URL ""
11-23 20:30:45.470  1795  2120 I AppZygote: Starting application preload.
11-23 20:30:45.470  2588  2588 I WallpaperService: engine paused
11-23 20:30:45.471  1011  1011 I sensors-hal: [hal]activate_physical_sensor:251, android.sensor.gyroscope/41 en=0
11-23 20:30:45.473 29020 29020 I AppZygoteInit: Beginning application preload for com.chrome.canary
11-23 20:30:45.473  1011  1011 D Diag_Lib: diag: Diag_LSM_DeInit: invoked for pid: 1011
11-23 20:30:45.473  1011  1011 D Diag_Lib: diag: Diag_LSM_DeInit: done for pid: 1011
11-23 20:30:45.474 29020 29020 W ziparchive: Unable to open '/data/app/~~-FnXeb6__ecKd-dFZ4kZZA==/com.google.android.trichromelibrary.canary_613700033-7Q2vBiD9q0nCftKFg-pq8w==/base.dm': No such file or directory
11-23 20:30:45.475 29020 29020 W ziparchive: Unable to open '/data/app/~~-FnXeb6__ecKd-dFZ4kZZA==/com.google.android.trichromelibrary.canary_613700033-7Q2vBiD9q0nCftKFg-pq8w==/base.dm': No such file or directory
11-23 20:30:45.475 29020 29020 W e.canary_zygote: Entry not found
11-23 20:30:45.477 29020 29020 D nativeloader: Configuring clns-4 for other apk /data/app/~~-FnXeb6__ecKd-dFZ4kZZA==/com.google.android.trichromelibrary.canary_613700033-7Q2vBiD9q0nCftKFg-pq8w==/base.apk. target_sdk_version=34, uses_libraries=ALL, library_path=/data/app/~~dutrJzl_xJkEyCCvIkexCw==/com.chrome.canary-4jcd8srf2WXxld2NC1r69A==/lib/arm64:/data/app/~~dutrJzl_xJkEyCCvIkexCw==/com.chrome.canary-4jcd8srf2WXxld2NC1r69A==/base.apk!/lib/arm64-v8a:/data/app/~~-FnXeb6__ecKd-dFZ4kZZA==/com.google.android.trichromelibrary.canary_613700033-7Q2vBiD9q0nCftKFg-pq8w==/base.apk!/lib/arm64-v8a, permitted_path=/data:/mnt/expand
11-23 20:30:45.478  1011  1011 D Diag_Lib: diag: Diag_LSM_DeInit: invoked for pid: 1011
11-23 20:30:45.478  1011  1011 D Diag_Lib: diag: Diag_LSM_DeInit: done for pid: 1011
11-23 20:30:45.478  1011  1011 I sensors-hal: [hal]activate_physical_sensor:262, android.sensor.gyroscope/41 en=0 completed
11-23 20:30:45.483 29020 29020 D nativeloader: Configuring clns-5 for other apk /data/app/~~dutrJzl_xJkEyCCvIkexCw==/com.chrome.canary-4jcd8srf2WXxld2NC1r69A==/base.apk. target_sdk_version=34, uses_libraries=, library_path=/data/app/~~dutrJzl_xJkEyCCvIkexCw==/com.chrome.canary-4jcd8srf2WXxld2NC1r69A==/lib/arm64:/data/app/~~dutrJzl_xJkEyCCvIkexCw==/com.chrome.canary-4jcd8srf2WXxld2NC1r69A==/base.apk!/lib/arm64-v8a:/data/app/~~-FnXeb6__ecKd-dFZ4kZZA==/com.google.android.trichromelibrary.canary_613700033-7Q2vBiD9q0nCftKFg-pq8w==/base.apk!/lib/arm64-v8a, permitted_path=/data:/mnt/expand
11-23 20:30:45.486 29020 29020 I cr_ZygotePreload: Loaded Zygote. version=121.0.6137.0 minSdkVersion=29 isBundle=true
11-23 20:30:45.489 29020 29020 I cr_LibraryLoader: Loading monochrome_64 from within /data/app/~~dutrJzl_xJkEyCCvIkexCw==/com.chrome.canary-4jcd8srf2WXxld2NC1r69A==/base.apk
11-23 20:30:45.489 29020 29020 I cr_Linker: loadLibraryImplLocked: monochrome_64, relroMode=1
11-23 20:30:45.499  1795  2120 I AppZygote: Application preload done.
11-23 20:30:45.499 29020 29020 I AppZygoteInit: Application preload done
11-23 20:30:45.500  1011  1189 I ASH     : @ 114697.696: tcs3701: stop power rail pending_off timer
11-23 20:30:45.500  1011  1189 D ASH     : @ 114697.697: tcs3701: start power rail timer, state:3
11-23 20:30:45.509 29020 29026 W e.canary_zygote: Reducing the number of considered missed Gc histogram windows from 11469 to 100
11-23 20:30:45.511 29020 29020 I Zygote  : Entering forkRepeatedly native zygote loop
11-23 20:30:45.520 29020 29020 D Zygote  : Forked child process 29048
11-23 20:30:45.521  1795  2120 W ActivityManager: Slow operation: 126ms so far, now at startProcess: returned from zygote!
11-23 20:30:45.522  1795  2120 W ActivityManager: Slow operation: 126ms so far, now at startProcess: done updating battery stats
11-23 20:30:45.522  1795  2120 W ActivityManager: Slow operation: 126ms so far, now at startProcess: building log message
11-23 20:30:45.522  1795  2120 I ActivityManager: Start proc 29048:com.chrome.canary:sandboxed_process0:org.chromium.content.app.SandboxedProcessService0:0/u0ai0 for  {com.chrome.canary/org.chromium.content.app.SandboxedProcessService0:0}
11-23 20:30:45.522  1795  2120 W ActivityManager: Slow operation: 126ms so far, now at startProcess: starting to update pids map
11-23 20:30:45.522  1795  2120 W ActivityManager: Slow operation: 127ms so far, now at startProcess: done updating pids map
11-23 20:30:45.523 29048 29048 E libc    : SetHeapTaggingLevel: re-enabling tagging after it was disabled is not supported
11-23 20:30:45.526 28973 28973 I chromium: [INFO:policy_logger.cc(144)] :components/enterprise/browser/controller/chrome_browser_cloud_management_controller.cc(273) Deferring CBCM Controller Initialization until it is unblocked.
11-23 20:30:45.527   987   987 I Zygote  : Entering forkRepeatedly native zygote loop
11-23 20:30:45.530 29048 29048 I ocessService0:0: Using CollectorTypeCC GC.
11-23 20:30:45.538   987   987 D Zygote  : Forked child process 29059
11-23 20:30:45.538  1795  2120 I ActivityManager: Start proc 29059:com.chrome.canary:privileged_process0/u0a10 for service {com.chrome.canary/org.chromium.content.app.PrivilegedProcessService0}
11-23 20:30:45.540  1383  1442 I adbd    : jdwp connection from 29048
11-23 20:30:45.541  1011  1189 I ASH     : @ 114697.737: tcs3701: stop power rail pending_off timer
11-23 20:30:45.541  1011  1189 D ASH     : @ 114697.737: tcs3701: start power rail timer, state:3
11-23 20:30:45.550  3657  4461 D ForegroundUtils: Foreground UID status:
11-23 20:30:45.551  3657  4461 D ForegroundUtils: UID: 10010 is in foreground: true
11-23 20:30:45.551  3657  4461 D ForegroundUtils: UID: 10128 is in foreground: true
11-23 20:30:45.551  3657  4461 D ForegroundUtils: UID: 10145 is in foreground: true
11-23 20:30:45.551  3657  4461 D ForegroundUtils: UID: 10158 is in foreground: true
11-23 20:30:45.551  3657  4461 D ForegroundUtils: UID: 10189 is in foreground: false
11-23 20:30:45.551  3657  4461 D ForegroundUtils: UID: 10194 is in foreground: true
11-23 20:30:45.551  3657  4461 D ForegroundUtils: UID: 10206 is in foreground: false
11-23 20:30:45.551  3657  4461 D ForegroundUtils: UID: 10233 is in foreground: true
11-23 20:30:45.551  3657  4461 D ForegroundUtils: UID: 10244 is in foreground: true
11-23 20:30:45.551  3657  4461 D ForegroundUtils: UID: 10319 is in foreground: true
11-23 20:30:45.551  3657  4461 D ForegroundUtils: UID: 90000 is in foreground: true
11-23 20:30:45.553 29059 29059 I ileged_process0: Using CollectorTypeCC GC.
11-23 20:30:45.559 28973 28973 I cr_SmsProviderGms: construction successfull AM3@47c8ffa, xM3@243a9ab
11-23 20:30:45.560 29048 29048 I ActivityThread: Relaunch all activities: onCoreSettingsChange
11-23 20:30:45.561 29048 29048 D CompatibilityChangeReporter: Compat change id reported: 171979766; UID 90000; state: ENABLED
11-23 20:30:45.567  1383  1442 I adbd    : jdwp connection from 29059
11-23 20:30:45.577 29048 29048 I LoadedApk: No resource references to update in package com.google.android.trichromelibrary.canary
11-23 20:30:45.577 29048 29048 D NetworkSecurityConfig: Using Network Security Config from resource 0_resource_name_obfuscated debugBuild: false
11-23 20:30:45.578 29048 29048 D NetworkSecurityConfig: Using Network Security Config from resource 0_resource_name_obfuscated debugBuild: false
11-23 20:30:45.580 29048 29048 I cr_SplitCompatApp: Launched version=121.0.6137.0 minSdkVersion=29 isBundle=true processName=com.chrome.canary:sandboxed_process0:org.chromium.content.app.SandboxedProcessService0:0 isIsolated=true
11-23 20:30:45.580  1795  2735 D ConnectivityService: requestNetwork for uid/pid:10010/28973 activeRequest: null callbackRequest: 3321 [NetworkRequest [ REQUEST id=3322, [ Capabilities: INTERNET&NOT_RESTRICTED&TRUSTED&NOT_VCN_MANAGED Uid: 10010 RequestorUid: 10010 RequestorPkg: com.chrome.canary UnderlyingNetworks: Null] ]] callback flags: 0 order: 2147483647
11-23 20:30:45.581  1011  1189 I ASH     : @ 114697.776: tcs3701: stop power rail pending_off timer
11-23 20:30:45.581  1011  1189 D ASH     : @ 114697.777: tcs3701: start power rail timer, state:3
11-23 20:30:45.583  1795  2424 D WifiNetworkFactory: got request NetworkRequest [ REQUEST id=3322, [ Capabilities: INTERNET&NOT_RESTRICTED&TRUSTED&NOT_VCN_MANAGED Uid: 10010 RequestorUid: 10010 RequestorPkg: com.chrome.canary UnderlyingNetworks: Null] ]
11-23 20:30:45.583  1795  2424 V WifiNetworkFactory: Accepted network request NetworkRequest [ REQUEST id=3322, [ Capabilities: INTERNET&NOT_RESTRICTED&TRUSTED&NOT_VCN_MANAGED Uid: 10010 RequestorUid: 10010 RequestorPkg: com.chrome.canary UnderlyingNetworks: Null] ]
11-23 20:30:45.583  1795  2424 D UntrustedWifiNetworkFactory: got request NetworkRequest [ REQUEST id=3322, [ Capabilities: INTERNET&NOT_RESTRICTED&TRUSTED&NOT_VCN_MANAGED Uid: 10010 RequestorUid: 10010 RequestorPkg: com.chrome.canary UnderlyingNetworks: Null] ]
11-23 20:30:45.583  1795  2424 D OemPaidWifiNetworkFactory: got request NetworkRequest [ REQUEST id=3322, [ Capabilities: INTERNET&NOT_RESTRICTED&TRUSTED&NOT_VCN_MANAGED Uid: 10010 RequestorUid: 10010 RequestorPkg: com.chrome.canary UnderlyingNetworks: Null] ]
11-23 20:30:45.583  1795  2432 D ConnectivityService: NetReassign [3322 : null → 100] [c 1] [a 0] [i 2]
11-23 20:30:45.584  1795  2424 D MultiInternetWifiNetworkFactory: got request NetworkRequest [ REQUEST id=3322, [ Capabilities: INTERNET&NOT_RESTRICTED&TRUSTED&NOT_VCN_MANAGED Uid: 10010 RequestorUid: 10010 RequestorPkg: com.chrome.canary UnderlyingNetworks: Null] ]
11-23 20:30:45.584 29059 29059 I ActivityThread: Relaunch all activities: onCoreSettingsChange
11-23 20:30:45.585 29059 29059 D CompatibilityChangeReporter: Compat change id reported: 171979766; UID 10010; state: ENABLED
11-23 20:30:45.586  1795  2432 D ConnectivityService: NetReassign [no changes] [c 0] [a 0] [i 2]
11-23 20:30:45.588 29059 29059 W ziparchive: Unable to open '/data/app/~~-FnXeb6__ecKd-dFZ4kZZA==/com.google.android.trichromelibrary.canary_613700033-7Q2vBiD9q0nCftKFg-pq8w==/base.dm': No such file or directory
11-23 20:30:45.588 29059 29059 W ziparchive: Unable to open '/data/app/~~-FnXeb6__ecKd-dFZ4kZZA==/com.google.android.trichromelibrary.canary_613700033-7Q2vBiD9q0nCftKFg-pq8w==/base.dm': No such file or directory
11-23 20:30:45.588 29059 29059 W ileged_process0: Entry not found
11-23 20:30:45.589 29048 29048 W SystemServiceRegistry: No service published for: uimode
11-23 20:30:45.589 29059 29059 D nativeloader: Configuring clns-4 for other apk /data/app/~~-FnXeb6__ecKd-dFZ4kZZA==/com.google.android.trichromelibrary.canary_613700033-7Q2vBiD9q0nCftKFg-pq8w==/base.apk. target_sdk_version=34, uses_libraries=ALL, library_path=/data/app/~~dutrJzl_xJkEyCCvIkexCw==/com.chrome.canary-4jcd8srf2WXxld2NC1r69A==/lib/arm64:/data/app/~~dutrJzl_xJkEyCCvIkexCw==/com.chrome.canary-4jcd8srf2WXxld2NC1r69A==/base.apk!/lib/arm64-v8a:/data/app/~~-FnXeb6__ecKd-dFZ4kZZA==/com.google.android.trichromelibrary.canary_613700033-7Q2vBiD9q0nCftKFg-pq8w==/base.apk!/lib/arm64-v8a, permitted_path=/data:/mnt/expand:/data/user/0/com.chrome.canary
11-23 20:30:45.594 29059 29059 D nativeloader: Configuring clns-5 for other apk /data/app/~~dutrJzl_xJkEyCCvIkexCw==/com.chrome.canary-4jcd8srf2WXxld2NC1r69A==/base.apk. target_sdk_version=34, uses_libraries=, library_path=/data/app/~~dutrJzl_xJkEyCCvIkexCw==/com.chrome.canary-4jcd8srf2WXxld2NC1r69A==/lib/arm64:/data/app/~~dutrJzl_xJkEyCCvIkexCw==/com.chrome.canary-4jcd8srf2WXxld2NC1r69A==/base.apk!/lib/arm64-v8a:/data/app/~~-FnXeb6__ecKd-dFZ4kZZA==/com.google.android.trichromelibrary.canary_613700033-7Q2vBiD9q0nCftKFg-pq8w==/base.apk!/lib/arm64-v8a, permitted_path=/data:/mnt/expand:/data/user/0/com.chrome.canary
11-23 20:30:45.596 29048 29048 I cr_ChildProcessService: Creating new ChildProcessService pid=29048
11-23 20:30:45.600 28973 28973 I cr_EnterpriseInfoImpl: #setCacheResult() deviceOwned:false profileOwned:false
11-23 20:30:45.600 28973 28973 I cr_EnterpriseInfo: #getManagedStateForNative() CQ0@37767b0
11-23 20:30:45.608 29059 29059 V GraphicsEnvironment: ANGLE Developer option for 'com.chrome.canary' set to: 'default'
11-23 20:30:45.609 29059 29059 V GraphicsEnvironment: ANGLE GameManagerService for com.chrome.canary: false
11-23 20:30:45.609 29059 29059 V GraphicsEnvironment: Updatable production driver is not supported on the device.
11-23 20:30:45.616 29059 29059 I LoadedApk: No resource references to update in package com.google.android.trichromelibrary.canary
11-23 20:30:45.616 29059 29059 D NetworkSecurityConfig: Using Network Security Config from resource 0_resource_name_obfuscated debugBuild: false
11-23 20:30:45.618 29059 29059 D NetworkSecurityConfig: Using Network Security Config from resource 0_resource_name_obfuscated debugBuild: false
11-23 20:30:45.618 29059 29059 I cr_SplitCompatApp: Launched version=121.0.6137.0 minSdkVersion=29 isBundle=true processName=com.chrome.canary:privileged_process0 isIsolated=false
11-23 20:30:45.620  1011  1189 I ASH     : @ 114697.816: tcs3701: stop power rail pending_off timer
11-23 20:30:45.620  1011  1189 D ASH     : @ 114697.817: tcs3701: start power rail timer, state:3
11-23 20:30:45.628 29059 29059 I cr_ChildProcessService: Creating new ChildProcessService pid=29059
11-23 20:30:45.633  1795  2735 D CompatibilityChangeReporter: Compat change id reported: 182734110; UID 10010; state: ENABLED
11-23 20:30:45.634 28973 29044 I tflite  : Initialized TensorFlow Lite runtime.
11-23 20:30:45.635  1795  4162 D CompatibilityChangeReporter: Compat change id reported: 149924527; UID 10010; state: ENABLED
11-23 20:30:45.635  1795  4162 D CompatibilityChangeReporter: Compat change id reported: 132649864; UID 10010; state: DISABLED
11-23 20:30:45.636 28973 29044 W libc    : Access denied finding property "ro.mediatek.platform"
11-23 20:30:45.636 28973 29044 W libc    : Access denied finding property "ro.chipname"
11-23 20:30:45.636 28973 29044 W libc    : Access denied finding property "ro.hardware.chipname"
11-23 20:30:45.636  1795  2387 D ConnectivityService: requestNetwork for uid/pid:10010/28973 activeRequest: null callbackRequest: 3324 [NetworkRequest [ REQUEST id=3325, [ Capabilities: INTERNET&NOT_RESTRICTED&TRUSTED&NOT_VCN_MANAGED Uid: 10010 RequestorUid: 10010 RequestorPkg: com.chrome.canary UnderlyingNetworks: Null] ]] callback flags: 0 order: 2147483647
11-23 20:30:45.637 29059 29091 I cr_LibraryLoader: Loading monochrome_64 from within /data/app/~~dutrJzl_xJkEyCCvIkexCw==/com.chrome.canary-4jcd8srf2WXxld2NC1r69A==/base.apk
11-23 20:30:45.637 29059 29091 I cr_Linker: loadLibraryImplLocked: monochrome_64, relroMode=2
11-23 20:30:45.638  1795  2424 D WifiNetworkFactory: got request NetworkRequest [ REQUEST id=3325, [ Capabilities: INTERNET&NOT_RESTRICTED&TRUSTED&NOT_VCN_MANAGED Uid: 10010 RequestorUid: 10010 RequestorPkg: com.chrome.canary UnderlyingNetworks: Null] ]
11-23 20:30:45.639  1795  2424 V WifiNetworkFactory: Accepted network request NetworkRequest [ REQUEST id=3325, [ Capabilities: INTERNET&NOT_RESTRICTED&TRUSTED&NOT_VCN_MANAGED Uid: 10010 RequestorUid: 10010 RequestorPkg: com.chrome.canary UnderlyingNetworks: Null] ]
11-23 20:30:45.639  1795  2424 D UntrustedWifiNetworkFactory: got request NetworkRequest [ REQUEST id=3325, [ Capabilities: INTERNET&NOT_RESTRICTED&TRUSTED&NOT_VCN_MANAGED Uid: 10010 RequestorUid: 10010 RequestorPkg: com.chrome.canary UnderlyingNetworks: Null] ]
11-23 20:30:45.639  1795  2424 D OemPaidWifiNetworkFactory: got request NetworkRequest [ REQUEST id=3325, [ Capabilities: INTERNET&NOT_RESTRICTED&TRUSTED&NOT_VCN_MANAGED Uid: 10010 RequestorUid: 10010 RequestorPkg: com.chrome.canary UnderlyingNetworks: Null] ]
11-23 20:30:45.639 28973 28973 I cr_CombinedPProvider: #registerProvider() provider:gN2@b22e272 isPolicyCacheEnabled:true policyProvidersSize:0
11-23 20:30:45.639 28973 28973 I cr_PolicyProvider: #setManagerAndSource() 0
11-23 20:30:45.639  1795  2424 D MultiInternetWifiNetworkFactory: got request NetworkRequest [ REQUEST id=3325, [ Capabilities: INTERNET&NOT_RESTRICTED&TRUSTED&NOT_VCN_MANAGED Uid: 10010 RequestorUid: 10010 RequestorPkg: com.chrome.canary UnderlyingNetworks: Null] ]
11-23 20:30:45.639 28973 28973 I cr_CombinedPProvider: #registerProvider() provider:fj@50556c3 isPolicyCacheEnabled:false policyProvidersSize:1
11-23 20:30:45.639  1795  2432 D ConnectivityService: NetReassign [3325 : null → 100] [c 0] [a 1] [i 2]
11-23 20:30:45.640 28973 28973 I cr_PolicyProvider: #setManagerAndSource() 1
11-23 20:30:45.640 28973 28973 I cr_AppResProvider: #getApplicationRestrictionsFromUserManager() Bundle[EMPTY_PARCEL]
11-23 20:30:45.640 28973 28973 I cr_PolicyProvider: #notifySettingsAvailable() 1
11-23 20:30:45.640 28973 28973 I cr_CombinedPProvider: #onSettingsAvailable() 1
11-23 20:30:45.643 28973 28973 I cr_CompositorSurfaceMgr: Transitioning to surface with format: -1
11-23 20:30:45.644 28973 28973 I cr_CompositorSurfaceMgr: surfaceCreated format: 0
11-23 20:30:45.645  1795  2432 D ConnectivityService: NetReassign [no changes] [c 0] [a 1] [i 5]
11-23 20:30:45.649 29059 29091 I cr_LibraryLoader: Successfully loaded native library
11-23 20:30:45.649 29059 29091 I cr_CachingUmaRecorder: Flushed 4 samples from 4 histograms, 0 samples were dropped.
11-23 20:30:45.654 28973 28973 W m.chrome.canary: Accessing hidden method Landroid/telephony/TelephonyManager;->getSubscriberInfoService()Lcom/android/internal/telephony/IPhoneSubInfo; (blocked, reflection, denied)
11-23 20:30:45.654 28973 28973 W m.chrome.canary: Accessing hidden method Landroid/telephony/TelephonyManager;->getSubscriberInfoService()Lcom/android/internal/telephony/IPhoneSubInfo; (blocked, reflection, denied)
11-23 20:30:45.654 28973 28973 W m.chrome.canary: Accessing hidden method Landroid/telephony/TelephonyManager;->getSubscriptionService()Lcom/android/internal/telephony/ISub; (blocked, reflection, denied)
11-23 20:30:45.655 28973 28973 W m.chrome.canary: Accessing hidden method Landroid/telephony/TelephonyManager;->getSubscriptionService()Lcom/android/internal/telephony/ISub; (blocked, reflection, denied)
11-23 20:30:45.655 28973 28973 W m.chrome.canary: Accessing hidden method Landroid/telephony/TelephonyManager;->getSmsService()Lcom/android/internal/telephony/ISms; (blocked, reflection, denied)
