11-26 21:48:15.108  1795  2120 W ActivityManager: Slow operation: 52ms so far, now at startProcess: returned from zygote!
11-26 21:48:15.109  1795  2120 W ActivityManager: Slow operation: 52ms so far, now at startProcess: done updating battery stats
11-26 21:48:15.109  1795  2120 W ActivityManager: Slow operation: 52ms so far, now at startProcess: building log message
11-26 21:48:15.109  1795  2120 I ActivityManager: Start proc 8248:com.chrome.canary:privileged_process0/u0a10 for service {com.chrome.canary/org.chromium.content.app.PrivilegedProcessService0}
11-26 21:48:15.109  1795  2120 W ActivityManager: Slow operation: 52ms so far, now at startProcess: starting to update pids map
11-26 21:48:15.109  1795  2120 W ActivityManager: Slow operation: 52ms so far, now at startProcess: done updating pids map
11-26 21:48:15.112  1383  1442 I adbd    : jdwp connection from 8238
11-26 21:48:15.113  1795  1853 D ConnectivityService: requestNetwork for uid/pid:10010/8163 activeRequest: null callbackRequest: 10346 [NetworkRequest [ REQUEST id=10347, [ Capabilities: INTERNET&NOT_RESTRICTED&TRUSTED&NOT_VCN_MANAGED Uid: 10010 RequestorUid: 10010 RequestorPkg: com.chrome.canary UnderlyingNetworks: Null] ]] callback flags: 0 order: 2147483647
11-26 21:48:15.114  1795  2432 D ConnectivityService: NetReassign [10347 : null  100] [c 0] [a 0] [i 1]
11-26 21:48:15.114  1795  2424 D WifiNetworkFactory: got request NetworkRequest [ REQUEST id=10347, [ Capabilities: INTERNET&NOT_RESTRICTED&TRUSTED&NOT_VCN_MANAGED Uid: 10010 RequestorUid: 10010 RequestorPkg: com.chrome.canary UnderlyingNetworks: Null] ]
11-26 21:48:15.114  1795  2424 V WifiNetworkFactory: Accepted network request NetworkRequest [ REQUEST id=10347, [ Capabilities: INTERNET&NOT_RESTRICTED&TRUSTED&NOT_VCN_MANAGED Uid: 10010 RequestorUid: 10010 RequestorPkg: com.chrome.canary UnderlyingNetworks: Null] ]
11-26 21:48:15.114  1795  2424 D UntrustedWifiNetworkFactory: got request NetworkRequest [ REQUEST id=10347, [ Capabilities: INTERNET&NOT_RESTRICTED&TRUSTED&NOT_VCN_MANAGED Uid: 10010 RequestorUid: 10010 RequestorPkg: com.chrome.canary UnderlyingNetworks: Null] ]
11-26 21:48:15.114  1795  2424 D OemPaidWifiNetworkFactory: got request NetworkRequest [ REQUEST id=10347, [ Capabilities: INTERNET&NOT_RESTRICTED&TRUSTED&NOT_VCN_MANAGED Uid: 10010 RequestorUid: 10010 RequestorPkg: com.chrome.canary UnderlyingNetworks: Null] ]
11-26 21:48:15.114  1795  2424 D MultiInternetWifiNetworkFactory: got request NetworkRequest [ REQUEST id=10347, [ Capabilities: INTERNET&NOT_RESTRICTED&TRUSTED&NOT_VCN_MANAGED Uid: 10010 RequestorUid: 10010 RequestorPkg: com.chrome.canary UnderlyingNetworks: Null] ]
11-26 21:48:15.117  1795  2432 D ConnectivityService: NetReassign [no changes] [c 0] [a 1] [i 0]
11-26 21:48:15.118  1795  2150 I WifiService: getSupportedFeatures uid=1000 returns 1d81defca995fd
11-26 21:48:15.118  1795  2150 I WifiService: getWifiActivityEnergyInfoAsync uid=1000
11-26 21:48:15.118  2113  2118 I pixel-thermal: skin-therm-monitor: 38.507
11-26 21:48:15.120  8248  8248 I ileged_process0: Using CollectorTypeCC GC.
11-26 21:48:15.127  3657  4525 D ForegroundUtils: Foreground UID status:
11-26 21:48:15.127  3657  4525 D ForegroundUtils: UID: 10010 is in foreground: true
11-26 21:48:15.127  3657  4525 D ForegroundUtils: UID: 10128 is in foreground: true
11-26 21:48:15.127  3657  4525 D ForegroundUtils: UID: 10158 is in foreground: true
11-26 21:48:15.127  3657  4525 D ForegroundUtils: UID: 10189 is in foreground: false
11-26 21:48:15.127  3657  4525 D ForegroundUtils: UID: 10194 is in foreground: true
11-26 21:48:15.127  3657  4525 D ForegroundUtils: UID: 10206 is in foreground: false
11-26 21:48:15.127  3657  4525 D ForegroundUtils: UID: 10233 is in foreground: true
11-26 21:48:15.127  3657  4525 D ForegroundUtils: UID: 10244 is in foreground: true
11-26 21:48:15.127  3657  4525 D ForegroundUtils: UID: 10319 is in foreground: true
11-26 21:48:15.127  3657  4525 D ForegroundUtils: UID: 90000 is in foreground: true
11-26 21:48:15.128  1011  1189 I ASH     : @ 378547.300: tcs3701: stop power rail pending_off timer
11-26 21:48:15.129  1011  1189 D ASH     : @ 378547.300: tcs3701: start power rail timer, state:3
11-26 21:48:15.139  1383  1442 I adbd    : jdwp connection from 8248
11-26 21:48:15.142  8238  8238 I ActivityThread: Relaunch all activities: onCoreSettingsChange
11-26 21:48:15.142  8238  8238 D CompatibilityChangeReporter: Compat change id reported: 171979766; UID 90000; state: ENABLED
11-26 21:48:15.157  8238  8238 I LoadedApk: No resource references to update in package com.google.android.trichromelibrary.canary
11-26 21:48:15.158  8238  8238 D NetworkSecurityConfig: Using Network Security Config from resource 0_resource_name_obfuscated debugBuild: false
11-26 21:48:15.159  8238  8238 D NetworkSecurityConfig: Using Network Security Config from resource 0_resource_name_obfuscated debugBuild: false
11-26 21:48:15.161  8238  8238 I cr_SplitCompatApp: Launched version=121.0.6145.0 minSdkVersion=29 isBundle=true processName=com.chrome.canary:sandboxed_process0:org.chromium.content.app.SandboxedProcessService0:0 isIsolated=true
11-26 21:48:15.161  8248  8248 I ActivityThread: Relaunch all activities: onCoreSettingsChange
11-26 21:48:15.161  8248  8248 D CompatibilityChangeReporter: Compat change id reported: 171979766; UID 10010; state: ENABLED
11-26 21:48:15.167  8248  8248 W ziparchive: Unable to open '/data/app/~~xK2KNYhs7Vn18sxJkcMggA==/com.google.android.trichromelibrary.canary_614500033-17M9CAQF6V59_-2q0N8dYA==/base.dm': No such file or directory
11-26 21:48:15.167  8248  8248 W ziparchive: Unable to open '/data/app/~~xK2KNYhs7Vn18sxJkcMggA==/com.google.android.trichromelibrary.canary_614500033-17M9CAQF6V59_-2q0N8dYA==/base.dm': No such file or directory
11-26 21:48:15.167  8238  8238 W SystemServiceRegistry: No service published for: uimode
11-26 21:48:15.168  8248  8248 W ileged_process0: Entry not found
11-26 21:48:15.168  8248  8248 D nativeloader: Configuring clns-4 for other apk /data/app/~~xK2KNYhs7Vn18sxJkcMggA==/com.google.android.trichromelibrary.canary_614500033-17M9CAQF6V59_-2q0N8dYA==/base.apk. target_sdk_version=34, uses_libraries=ALL, library_path=/data/app/~~z5-dMYmQLvS-4mWZ9yqnFA==/com.chrome.canary-7Pcck9f8OWCuqG0lIoq4tg==/lib/arm64:/data/app/~~z5-dMYmQLvS-4mWZ9yqnFA==/com.chrome.canary-7Pcck9f8OWCuqG0lIoq4tg==/base.apk!/lib/arm64-v8a:/data/app/~~xK2KNYhs7Vn18sxJkcMggA==/com.google.android.trichromelibrary.canary_614500033-17M9CAQF6V59_-2q0N8dYA==/base.apk!/lib/arm64-v8a, permitted_path=/data:/mnt/expand:/data/user/0/com.chrome.canary
11-26 21:48:15.169  1011  1189 I ASH     : @ 378547.340: tcs3701: stop power rail pending_off timer
11-26 21:48:15.169  1011  1189 D ASH     : @ 378547.340: tcs3701: start power rail timer, state:3
11-26 21:48:15.172  8248  8248 D nativeloader: Configuring clns-5 for other apk /data/app/~~z5-dMYmQLvS-4mWZ9yqnFA==/com.chrome.canary-7Pcck9f8OWCuqG0lIoq4tg==/base.apk. target_sdk_version=34, uses_libraries=, library_path=/data/app/~~z5-dMYmQLvS-4mWZ9yqnFA==/com.chrome.canary-7Pcck9f8OWCuqG0lIoq4tg==/lib/arm64:/data/app/~~z5-dMYmQLvS-4mWZ9yqnFA==/com.chrome.canary-7Pcck9f8OWCuqG0lIoq4tg==/base.apk!/lib/arm64-v8a:/data/app/~~xK2KNYhs7Vn18sxJkcMggA==/com.google.android.trichromelibrary.canary_614500033-17M9CAQF6V59_-2q0N8dYA==/base.apk!/lib/arm64-v8a, permitted_path=/data:/mnt/expand:/data/user/0/com.chrome.canary
11-26 21:48:15.173  8163  8226 W chromium: [WARNING:ev_root_ca_metadata.cc(119)] Not implemented
11-26 21:48:15.173  8163  8163 I cr_EnterpriseInfoImpl: #setCacheResult() deviceOwned:false profileOwned:false
11-26 21:48:15.173  8163  8226 W chromium: [WARNING:ev_root_ca_metadata.cc(119)] Not implemented
11-26 21:48:15.173  8163  8163 I cr_EnterpriseInfo: #getManagedStateForNative() FQ0@298aa91
11-26 21:48:15.175  8238  8238 I cr_ChildProcessService: Creating new ChildProcessService pid=8238
11-26 21:48:15.175  1795  3659 D CompatibilityChangeReporter: Compat change id reported: 182734110; UID 10010; state: ENABLED
11-26 21:48:15.176  1795  3659 D ConnectivityService: requestNetwork for uid/pid:10010/8163 activeRequest: null callbackRequest: 10349 [NetworkRequest [ REQUEST id=10350, [ Capabilities: INTERNET&NOT_RESTRICTED&TRUSTED&NOT_VCN_MANAGED Uid: 10010 RequestorUid: 10010 RequestorPkg: com.chrome.canary UnderlyingNetworks: Null] ]] callback flags: 0 order: 2147483647
11-26 21:48:15.176  1795  4172 D CompatibilityChangeReporter: Compat change id reported: 149924527; UID 10010; state: ENABLED
11-26 21:48:15.176  1795  3659 D CompatibilityChangeReporter: Compat change id reported: 132649864; UID 10010; state: DISABLED
11-26 21:48:15.180  8163  8163 I cr_CombinedPProvider: #registerProvider() provider:qN2@3043c64 isPolicyCacheEnabled:true policyProvidersSize:0
11-26 21:48:15.180  8163  8163 I cr_PolicyProvider: #setManagerAndSource() 0
11-26 21:48:15.180  8163  8163 I cr_CombinedPProvider: #registerProvider() provider:fj@c8c5ecd isPolicyCacheEnabled:false policyProvidersSize:1
11-26 21:48:15.180  1795  2424 D WifiNetworkFactory: got request NetworkRequest [ REQUEST id=10350, [ Capabilities: INTERNET&NOT_RESTRICTED&TRUSTED&NOT_VCN_MANAGED Uid: 10010 RequestorUid: 10010 RequestorPkg: com.chrome.canary UnderlyingNetworks: Null] ]
11-26 21:48:15.180  1795  2424 V WifiNetworkFactory: Accepted network request NetworkRequest [ REQUEST id=10350, [ Capabilities: INTERNET&NOT_RESTRICTED&TRUSTED&NOT_VCN_MANAGED Uid: 10010 RequestorUid: 10010 RequestorPkg: com.chrome.canary UnderlyingNetworks: Null] ]
11-26 21:48:15.181  8163  8163 I cr_PolicyProvider: #setManagerAndSource() 1
11-26 21:48:15.181  8163  8163 I cr_AppResProvider: #getApplicationRestrictionsFromUserManager() Bundle[EMPTY_PARCEL]
11-26 21:48:15.181  8163  8163 I cr_PolicyProvider: #notifySettingsAvailable() 1
11-26 21:48:15.181  8163  8163 I cr_CombinedPProvider: #onSettingsAvailable() 1
11-26 21:48:15.182  1795  2424 D UntrustedWifiNetworkFactory: got request NetworkRequest [ REQUEST id=10350, [ Capabilities: INTERNET&NOT_RESTRICTED&TRUSTED&NOT_VCN_MANAGED Uid: 10010 RequestorUid: 10010 RequestorPkg: com.chrome.canary UnderlyingNetworks: Null] ]
11-26 21:48:15.182  1795  2424 D OemPaidWifiNetworkFactory: got request NetworkRequest [ REQUEST id=10350, [ Capabilities: INTERNET&NOT_RESTRICTED&TRUSTED&NOT_VCN_MANAGED Uid: 10010 RequestorUid: 10010 RequestorPkg: com.chrome.canary UnderlyingNetworks: Null] ]
11-26 21:48:15.182  1795  2424 D MultiInternetWifiNetworkFactory: got request NetworkRequest [ REQUEST id=10350, [ Capabilities: INTERNET&NOT_RESTRICTED&TRUSTED&NOT_VCN_MANAGED Uid: 10010 RequestorUid: 10010 RequestorPkg: com.chrome.canary UnderlyingNetworks: Null] ]
11-26 21:48:15.182  1795  2432 D ConnectivityService: NetReassign [10350 : null  100] [c 0] [a 0] [i 6]
11-26 21:48:15.184  8163  8163 I cr_CompositorSurfaceMgr: Transitioning to surface with format: -1
11-26 21:48:15.185  1795  2432 D ConnectivityService: NetReassign [no changes] [c 0] [a 1] [i 1]
11-26 21:48:15.185  8163  8163 I cr_CompositorSurfaceMgr: surfaceCreated format: 0
11-26 21:48:15.188  8248  8248 V GraphicsEnvironment: ANGLE Developer option for 'com.chrome.canary' set to: 'default'
11-26 21:48:15.188  8248  8248 V GraphicsEnvironment: ANGLE GameManagerService for com.chrome.canary: false
11-26 21:48:15.188  8248  8248 V GraphicsEnvironment: Updatable production driver is not supported on the device.
11-26 21:48:15.189  8163  8163 W m.chrome.canary: Accessing hidden method Landroid/telephony/TelephonyManager;->getSubscriberInfoService()Lcom/android/internal/telephony/IPhoneSubInfo; (blocked, reflection, denied)
11-26 21:48:15.189  8163  8163 W m.chrome.canary: Accessing hidden method Landroid/telephony/TelephonyManager;->getSubscriberInfoService()Lcom/android/internal/telephony/IPhoneSubInfo; (blocked, reflection, denied)
11-26 21:48:15.189  8163  8163 W m.chrome.canary: Accessing hidden method Landroid/telephony/TelephonyManager;->getSubscriptionService()Lcom/android/internal/telephony/ISub; (blocked, reflection, denied)
11-26 21:48:15.189  8163  8163 W m.chrome.canary: Accessing hidden method Landroid/telephony/TelephonyManager;->getSubscriptionService()Lcom/android/internal/telephony/ISub; (blocked, reflection, denied)
11-26 21:48:15.189  8248  8248 I LoadedApk: No resource references to update in package com.google.android.trichromelibrary.canary
11-26 21:48:15.189  8163  8163 W m.chrome.canary: Accessing hidden method Landroid/telephony/TelephonyManager;->getSmsService()Lcom/android/internal/telephony/ISms; (blocked, reflection, denied)
11-26 21:48:15.189  8248  8248 D NetworkSecurityConfig: Using Network Security Config from resource 0_resource_name_obfuscated debugBuild: false
11-26 21:48:15.189  8163  8163 W m.chrome.canary: Accessing hidden method Landroid/telephony/TelephonyManager;->getSmsService()Lcom/android/internal/telephony/ISms; (blocked, reflection, denied)
11-26 21:48:15.189  8163  8163 W m.chrome.canary: Accessing hidden method Landroid/telephony/TelephonyManager;->getITelephony()Lcom/android/internal/telephony/ITelephony; (max-target-p, reflection, denied)
11-26 21:48:15.189  8163  8163 W m.chrome.canary: Accessing hidden method Landroid/telephony/TelephonyManager;->getITelephony()Lcom/android/internal/telephony/ITelephony; (max-target-p, reflection, denied)
11-26 21:48:15.189  8248  8248 D NetworkSecurityConfig: Using Network Security Config from resource 0_resource_name_obfuscated debugBuild: false
11-26 21:48:15.190  8248  8248 I cr_SplitCompatApp: Launched version=121.0.6145.0 minSdkVersion=29 isBundle=true processName=com.chrome.canary:privileged_process0 isIsolated=false
11-26 21:48:15.196  8248  8248 I cr_ChildProcessService: Creating new ChildProcessService pid=8248
11-26 21:48:15.197  8163  8163 I cr_ChromeTabbedActivity: #initializeState
11-26 21:48:15.205  8248  8280 E cr_ChromiumAndroidLinker: ReserveAddressWithHint: Address range starting at 0x6fec04d000 was not free to use
11-26 21:48:15.205  8248  8280 I cr_LibraryLoader: Loading monochrome_64 from within /data/app/~~z5-dMYmQLvS-4mWZ9yqnFA==/com.chrome.canary-7Pcck9f8OWCuqG0lIoq4tg==/base.apk
11-26 21:48:15.205  8248  8280 I cr_Linker: loadLibraryImplLocked: monochrome_64, relroMode=2
11-26 21:48:15.209  1011  1189 I ASH     : @ 378547.380: tcs3701: stop power rail pending_off timer
11-26 21:48:15.209  1011  1189 D ASH     : @ 378547.380: tcs3701: start power rail timer, state:3
11-26 21:48:15.212  8163  8163 E m.chrome.canary: Invalid ID 0x00000000.
11-26 21:48:15.217  8248  8280 E cr_ChromiumAndroidLinker: RelroIsIdentical: Incoming RELRO size does not match RELRO of the loaded library
11-26 21:48:15.217  8248  8280 E cr_ChromiumAndroidLinker: CompareRelroAndReplaceItBy: RELRO is not identical
11-26 21:48:15.220 26741 26741 D BoundBrokerSvc: onBind: Intent { act=com.google.android.gms.languageprofile.service.START pkg=com.google.android.gms }
11-26 21:48:15.220 26741 26741 D BoundBrokerSvc: Loading bound service for intent: Intent { act=com.google.android.gms.languageprofile.service.START pkg=com.google.android.gms }
11-26 21:48:15.221 26741 26741 E AbstractGmsTracer: Traced class shouldn't be obfuscated: LanguageProfileChimeraService [CONTEXT service_id=259 ]
11-26 21:48:15.221  8248  8280 I cr_LibraryLoader: Successfully loaded native library
11-26 21:48:15.222  8248  8280 I cr_CachingUmaRecorder: Flushed 4 samples from 4 histograms, 0 samples were dropped.
11-26 21:48:15.229 26741  8102 E AbstractGmsTracer: Traced class shouldn't be obfuscated: AccountsChangedIntentOperation [CONTEXT service_id=259 ]
11-26 21:48:15.231  8248  8280 I AdrenoGLES-0: QUALCOMM build                   : 4783c89, I46ff5fc46f
11-26 21:48:15.231  8248  8280 I AdrenoGLES-0: Build Date                       : 11/30/20
11-26 21:48:15.231  8248  8280 I AdrenoGLES-0: OpenGL ES Shader Compiler Version: EV031.31.04.01
11-26 21:48:15.231  8248  8280 I AdrenoGLES-0: Local Branch                     : QPR2
11-26 21:48:15.231  8248  8280 I AdrenoGLES-0: Remote Branch                    : 
11-26 21:48:15.231  8248  8280 I AdrenoGLES-0: Remote Branch                    : 
11-26 21:48:15.231  8248  8280 I AdrenoGLES-0: Reconstruct Branch               : 
11-26 21:48:15.231  8248  8280 I AdrenoGLES-0: Build Config                     : S P 10.0.4 AArch64
11-26 21:48:15.231  8248  8280 I AdrenoGLES-0: Driver Path                      : /vendor/lib64/egl/libGLESv2_adreno.so
11-26 21:48:15.232  8163  8163 V MediaRouter: Selecting route: RouteInfo{ name=Phone, description=null, status=null, category=RouteCategory{ name=System types=ROUTE_TYPE_LIVE_AUDIO ROUTE_TYPE_LIVE_VIDEO  groupable=false }, supportedTypes=ROUTE_TYPE_LIVE_AUDIO ROUTE_TYPE_LIVE_VIDEO , presentationDisplay=null }
11-26 21:48:15.233  8163  8163 I MediaRouter: Skip setBluetoothA2dpOn(): types=8388615, isPlaybackActive()=false, BT route=null
11-26 21:48:15.233  8163  8163 W m.chrome.canary: Accessing hidden field Landroid/media/MediaRouter;->sStatic:Landroid/media/MediaRouter$Static; (max-target-o, reflection, denied)
11-26 21:48:15.234  8163  8163 I GlobalMediaRouter: Found default route: MediaRouter.RouteInfo{ uniqueId=DEFAULT_ROUTE, name=Phone, description=null, iconUri=null, enabled=true, isSystemRoute=true, connectionState=0, canDisconnect=false, playbackType=0, playbackStream=3, deviceType=0, volumeHandling=1, volume=0, volumeMax=25, presentationDisplayId=-1, extras=null, settingsIntent=null, providerPackageName=android }
11-26 21:48:15.234  8163  8163 I GlobalMediaRouter: Unselecting the current route because it is no longer selectable: null
11-26 21:48:15.235  8248  8280 I AdrenoGLES-0: PFP: 0x016dd093, ME: 0x00000000
11-26 21:48:15.237  8248  8280 W AdrenoUtils: <ReadGpuID_from_sysfs:197>: Failed to open /sys/class/kgsl/kgsl-3d0/gpu_model
11-26 21:48:15.237  8248  8280 W AdrenoUtils: <ReadGpuID:221>: Failed to read chip ID from gpu_model. Fallback to use the GSL path
11-26 21:48:15.241  8163  8235 W cr_media: BLUETOOTH_CONNECT permission is missing.
11-26 21:48:15.242  8163  8235 W cr_media: registerBluetoothIntentsIfNeeded: Requires BLUETOOTH permission
11-26 21:48:15.248  8238  8278 I cr_LibraryLoader: Successfully loaded native library
11-26 21:48:15.248  1011  1189 I ASH     : @ 378547.420: tcs3701: stop power rail pending_off timer
11-26 21:48:15.248  1011  1189 D ASH     : @ 378547.420: tcs3701: start power rail timer, state:3
11-26 21:48:15.249  8238  8278 I cr_CachingUmaRecorder: Flushed 3 samples from 3 histograms, 0 samples were dropped.
11-26 21:48:15.265 26741  8102 E AbstractGmsTracer: Traced class shouldn't be obfuscated: SafeBrowsingUpdateIntentOperation [CONTEXT service_id=259 ]
11-26 21:48:15.274  8248  8280 D vulkan  : searching for layers in '/data/app/~~z5-dMYmQLvS-4mWZ9yqnFA==/com.chrome.canary-7Pcck9f8OWCuqG0lIoq4tg==/lib/arm64'
11-26 21:48:15.274  8248  8280 D vulkan  : searching for layers in '/data/app/~~z5-dMYmQLvS-4mWZ9yqnFA==/com.chrome.canary-7Pcck9f8OWCuqG0lIoq4tg==/base.apk!/lib/arm64-v8a'
11-26 21:48:15.274  8248  8280 D vulkan  : searching for layers in '/data/app/~~xK2KNYhs7Vn18sxJkcMggA==/com.google.android.trichromelibrary.canary_614500033-17M9CAQF6V59_-2q0N8dYA==/base.apk!/lib/arm64-v8a'
11-26 21:48:15.277  8248  8280 I AdrenoVK-0: ===== BEGIN DUMP OF OVERRIDDEN SETTINGS =====
11-26 21:48:15.277  8248  8280 I AdrenoVK-0: ===== END DUMP OF OVERRIDDEN SETTINGS =====
11-26 21:48:15.278  8248  8280 I AdrenoVK-0: QUALCOMM build          : 4783c89, I46ff5fc46f
11-26 21:48:15.278  8248  8280 I AdrenoVK-0: Build Date              : 11/30/20
11-26 21:48:15.278  8248  8280 I AdrenoVK-0: Shader Compiler Version : EV031.31.04.01
11-26 21:48:15.278  8248  8280 I AdrenoVK-0: Local Branch            : QPR2
11-26 21:48:15.278  8248  8280 I AdrenoVK-0: Remote Branch           : 
11-26 21:48:15.278  8248  8280 I AdrenoVK-0: Remote Branch           : 
11-26 21:48:15.278  8248  8280 I AdrenoVK-0: Reconstruct Branch      : 
11-26 21:48:15.278  8248  8280 I AdrenoVK-0: Build Config            : S P 10.0.4 AArch64
11-26 21:48:15.278  8248  8280 I AdrenoVK-0: Driver Path             : /vendor/lib64/hw/vulkan.adreno.so
11-26 21:48:15.280 26837 31207 I FontLog : (REDACTED) Received query %s, URI %s
11-26 21:48:15.281 26837 31207 I FontLog : (REDACTED) Query [%s] resolved to %s
11-26 21:48:15.282 26837 31207 I FontLog : (REDACTED) Font PFD returned from cache for %s
11-26 21:48:15.283 26837 31207 I FontLog : (REDACTED) Fetch %s end status %s
11-26 21:48:15.286 26837 31207 I FontLog : (REDACTED) Pulling font file for id = %d, cache size = %d
11-26 21:48:15.288 26741 10645 D TrafficStats: tagSocket(127) with statsTag=0x8001804, statsUid=10010
11-26 21:48:15.288 26837 26849 I FontLog : (REDACTED) Received query %s, URI %s
11-26 21:48:15.289 26837 26849 I FontLog : (REDACTED) Query [%s] resolved to %s
11-26 21:48:15.289  1011  1189 I ASH     : @ 378547.460: tcs3701: stop power rail pending_off timer
11-26 21:48:15.289  1011  1189 D ASH     : @ 378547.460: tcs3701: start power rail timer, state:3
11-26 21:48:15.289 26837 26849 I FontLog : (REDACTED) Fetch %s end status %s
11-26 21:48:15.290 26837 31207 I FontLog : (REDACTED) Pulling font file for id = %d, cache size = %d
11-26 21:48:15.292 26837 31207 I FontLog : (REDACTED) Received query %s, URI %s
11-26 21:48:15.292 26837 31207 I FontLog : (REDACTED) Query [%s] resolved to %s
11-26 21:48:15.292 26837 31207 I FontLog : (REDACTED) Font PFD returned from cache for %s
11-26 21:48:15.293 26837 31207 I FontLog : (REDACTED) Fetch %s end status %s
11-26 21:48:15.295 26837 31207 I FontLog : (REDACTED) Pulling font file for id = %d, cache size = %d
11-26 21:48:15.298 26837 26849 I FontLog : (REDACTED) Received query %s, URI %s
11-26 21:48:15.298 26837 26849 I FontLog : (REDACTED) Query [%s] resolved to %s
11-26 21:48:15.299 26837 26849 I FontLog : (REDACTED) Font PFD returned from cache for %s
11-26 21:48:15.299 26837 26849 I FontLog : (REDACTED) Fetch %s end status %s
11-26 21:48:15.299  8163  8234 W chromium: [WARNING:ev_root_ca_metadata.cc(119)] Not implemented
11-26 21:48:15.300 26837 26849 I FontLog : (REDACTED) Pulling font file for id = %d, cache size = %d
11-26 21:48:15.304  3563  4325 D MediaProvider: Open with FUSE. FilePath: /storage/emulated/0/Download/batterymanager-companion-1.0.0.zip. Uid: 10010. Media Capabilities Uid: 0. ShouldRedact: false. ShouldTranscode: false
11-26 21:48:15.315  8248  8296 W Parcel  : Expecting binder but got null!
11-26 21:48:15.317  3563  4325 D MediaProvider: Open with FUSE. FilePath: /storage/emulated/0/Download/com.example.batterymanager_utility (1).apk. Uid: 10010. Media Capabilities Uid: 0. ShouldRedact: false. ShouldTranscode: false
11-26 21:48:15.318 26837 31238 I SQLiteConnectionPool: The connection pool for /data/user/0/com.google.android.gms/databases/metadata.db has been closed but there are still 1 connections in use.  They will be closed as they are released back to the pool.
11-26 21:48:15.319 26837  8299 W FontLog : Error updating last accessed time for {Google Sans, wdth 100.0, wght 500, ital 0.0, bestEffort false}. [CONTEXT service_id=132 ]
11-26 21:48:15.319 26837  8299 W FontLog : java.lang.IllegalStateException: Cannot perform this operation because the connection pool has been closed.
11-26 21:48:15.319 26837  8299 W FontLog : 	at android.database.sqlite.SQLiteConnectionPool.throwIfClosedLocked(SQLiteConnectionPool.java:1078)
11-26 21:48:15.319 26837  8299 W FontLog : 	at android.database.sqlite.SQLiteConnectionPool.waitForConnection(SQLiteConnectionPool.java:771)
11-26 21:48:15.319 26837  8299 W FontLog : 	at android.database.sqlite.SQLiteConnectionPool.acquireConnection(SQLiteConnectionPool.java:387)
11-26 21:48:15.319 26837  8299 W FontLog : 	at android.database.sqlite.SQLiteSession.acquireConnection(SQLiteSession.java:896)
11-26 21:48:15.319 26837  8299 W FontLog : 	at android.database.sqlite.SQLiteSession.executeForChangedRowCount(SQLiteSession.java:754)
11-26 21:48:15.319 26837  8299 W FontLog : 	at android.database.sqlite.SQLiteStatement.executeUpdateDelete(SQLiteStatement.java:67)
11-26 21:48:15.319 26837  8299 W FontLog : 	at android.database.sqlite.SQLiteDatabase.executeSql(SQLiteDatabase.java:2087)
11-26 21:48:15.319 26837  8299 W FontLog : 	at android.database.sqlite.SQLiteDatabase.execSQL(SQLiteDatabase.java:2064)
11-26 21:48:15.319 26837  8299 W FontLog : 	at avsh.run(:com.google.android.gms@234414038@23.44.14 (190400-580326705):68)
11-26 21:48:15.319 26837  8299 W FontLog : 	at ajls.c(:com.google.android.gms@234414038@23.44.14 (190400-580326705):50)
11-26 21:48:15.319 26837  8299 W FontLog : 	at ajls.run(:com.google.android.gms@234414038@23.44.14 (190400-580326705):76)
11-26 21:48:15.319 26837  8299 W FontLog : 	at java.util.concurrent.ThreadPoolExecutor.runWorker(ThreadPoolExecutor.java:1145)
11-26 21:48:15.319 26837  8299 W FontLog : 	at java.util.concurrent.ThreadPoolExecutor$Worker.run(ThreadPoolExecutor.java:644)
11-26 21:48:15.319 26837  8299 W FontLog : 	at ajqx.run(:com.google.android.gms@234414038@23.44.14 (190400-580326705):8)
11-26 21:48:15.319 26837  8299 W FontLog : 	at java.lang.Thread.run(Thread.java:1012)
11-26 21:48:15.328  1011  1189 I ASH     : @ 378547.500: tcs3701: stop power rail pending_off timer
11-26 21:48:15.329  1011  1189 D ASH     : @ 378547.500: tcs3701: start power rail timer, state:3
11-26 21:48:15.337 26741 26741 E AbstractGmsTracer: Traced class shouldn't be obfuscated: LanguageProfileGcmTaskChimeraService [CONTEXT service_id=259 ]
11-26 21:48:15.338 26741 26741 E AbstractGmsTracer: Traced class shouldn't be obfuscated: LanguageProfileGcmTaskChimeraService [CONTEXT service_id=259 ]
11-26 21:48:15.342  3563  4325 D MediaProvider: Open with FUSE. FilePath: /storage/emulated/0/Download/com.example.batterymanager_utility.apk. Uid: 10010. Media Capabilities Uid: 0. ShouldRedact: false. ShouldTranscode: false
11-26 21:48:15.343 26837 31238 I NetworkScheduler.Stats: (REDACTED) Task %s/%s started execution. cause:%s exec_start_elapsed_seconds: %s
11-26 21:48:15.350  8248  8303 W VideoCapabilities: Unrecognized level 1879048707 for video/x-vnd.on2.vp8
11-26 21:48:15.350  8248  8303 W VideoCapabilities: Unrecognized profile 1879048704 for video/x-vnd.on2.vp8
11-26 21:48:15.350  8248  8303 W VideoCapabilities: Unrecognized level 1879048707 for video/x-vnd.on2.vp8
11-26 21:48:15.350  8248  8303 W VideoCapabilities: Unrecognized profile 1879048704 for video/x-vnd.on2.vp8
11-26 21:48:15.364  8238  8278 I tflite  : Initialized TensorFlow Lite runtime.
11-26 21:48:15.365  8238  8278 W libc    : Access denied finding property "ro.mediatek.platform"
11-26 21:48:15.365  8238  8278 W libc    : Access denied finding property "ro.chipname"
11-26 21:48:15.365  8238  8278 W libc    : Access denied finding property "ro.hardware.chipname"
11-26 21:48:15.366  8248  8303 W VideoCapabilities: Unsupported mime image/vnd.android.heic
11-26 21:48:15.366  8248  8303 W VideoCapabilities: Unrecognized level 1879048707 for video/x-vnd.on2.vp8
11-26 21:48:15.366  8248  8303 W VideoCapabilities: Unrecognized profile 1879048704 for video/x-vnd.on2.vp8
11-26 21:48:15.367  8248  8303 W VideoCapabilities: Unrecognized level 1879048707 for video/x-vnd.on2.vp8
11-26 21:48:15.367  8248  8303 W VideoCapabilities: Unrecognized profile 1879048704 for video/x-vnd.on2.vp8
11-26 21:48:15.368  1011  1189 I ASH     : @ 378547.540: tcs3701: stop power rail pending_off timer
11-26 21:48:15.368  1011  1189 D ASH     : @ 378547.540: tcs3701: start power rail timer, state:3
11-26 21:48:15.369  1795  2387 W InputManager-JNI: Input channel object '361f770 Splash Screen com.chrome.canary (client)' was disposed without first being removed with the input manager!
11-26 21:48:15.372  3875  3875 I dzhj    : onStop
11-26 21:48:15.373  2940  3994 D OneSearchSuggestProvider: Shut down the binder channel
11-26 21:48:15.376  2940  3280 I s.nexuslauncher: oneway function results for code 2 on binder at 0xb4000070951f6df0 will be dropped but finished with status UNKNOWN_TRANSACTION
11-26 21:48:15.378  8248  8301 I AdrenoVK-0: QUALCOMM build          : 4783c89, I46ff5fc46f
11-26 21:48:15.378  8248  8301 I AdrenoVK-0: Build Date              : 11/30/20
11-26 21:48:15.378  8248  8301 I AdrenoVK-0: Shader Compiler Version : EV031.31.04.01
11-26 21:48:15.378  8248  8301 I AdrenoVK-0: Local Branch            : QPR2
11-26 21:48:15.378  8248  8301 I AdrenoVK-0: Remote Branch           : 
11-26 21:48:15.378  8248  8301 I AdrenoVK-0: Remote Branch           : 
11-26 21:48:15.378  8248  8301 I AdrenoVK-0: Reconstruct Branch      : 
11-26 21:48:15.378  8248  8301 I AdrenoVK-0: Build Config            : S P 10.0.4 AArch64
11-26 21:48:15.378  8248  8301 I AdrenoVK-0: Driver Path             : /vendor/lib64/hw/vulkan.adreno.so
11-26 21:48:15.378  3657  4525 D ForegroundUtils: Foreground UID status:
11-26 21:48:15.378  3657  4525 D ForegroundUtils: UID: 10010 is in foreground: true
11-26 21:48:15.378  3657  4525 D ForegroundUtils: UID: 10128 is in foreground: true
11-26 21:48:15.378  3657  4525 D ForegroundUtils: UID: 10158 is in foreground: true
11-26 21:48:15.378  3657  4525 D ForegroundUtils: UID: 10189 is in foreground: false
11-26 21:48:15.378  3657  4525 D ForegroundUtils: UID: 10194 is in foreground: true
11-26 21:48:15.378  3657  4525 D ForegroundUtils: UID: 10206 is in foreground: false
11-26 21:48:15.378  3657  4525 D ForegroundUtils: UID: 10233 is in foreground: true
11-26 21:48:15.378  3657  4525 D ForegroundUtils: UID: 10244 is in foreground: false
11-26 21:48:15.378  3657  4525 D ForegroundUtils: UID: 10319 is in foreground: true
11-26 21:48:15.378  3657  4525 D ForegroundUtils: UID: 90000 is in foreground: true
11-26 21:48:15.379  8248  8303 W cr_VAUtil: Unknown profile: 1879048704 for codec video/x-vnd.on2.vp8
11-26 21:48:15.405 26837  8299 I NetworkScheduler.Stats: (REDACTED) Task %s/%s finished executing. cause:%s result: %s elapsed_millis: %s uptime_millis: %s exec_start_elapsed_seconds: %s
11-26 21:48:15.409  1011  1189 I ASH     : @ 378547.580: tcs3701: stop power rail pending_off timer
11-26 21:48:15.409  1011  1189 D ASH     : @ 378547.580: tcs3701: start power rail timer, state:3
11-26 21:48:15.413  8163  8163 D CompatibilityChangeReporter: Compat change id reported: 171228096; UID 10010; state: ENABLED
11-26 21:48:15.423  8163  8163 I cr_OfflineIndicator: onConnectionTypeChanged 2
11-26 21:48:15.425  8163  8163 I cr_OfflineIndicator: Reported by system: [ Transports: WIFI Capabilities: NOT_METERED&INTERNET&NOT_RESTRICTED&TRUSTED&NOT_VPN&VALIDATED&NOT_ROAMING&FOREGROUND&NOT_CONGESTED&NOT_SUSPENDED&NOT_VCN_MANAGED LinkUpBandwidth>=4532Kbps LinkDnBandwidth>=58426Kbps TransportInfo: <SSID: <unknown ssid>, BSSID: 02:00:00:00:00:00, MAC: 02:00:00:00:00:00, IP: /192.168.1.104, Security type: 2, Supplicant state: COMPLETED, Wi-Fi standard: 5, RSSI: -45, Link speed: 866Mbps, Tx Link speed: 866Mbps, Max Supported Tx Link speed: 866Mbps, Rx Link speed: 6Mbps, Max Supported Rx Link speed: 866Mbps, Frequency: 5240MHz, Net ID: -1, Metered hint: false, score: 60, isUsable: true, CarrierMerged: false, SubscriptionId: -1, IsPrimary: -1, Trusted: true, Restricted: false, Ephemeral: false, OEM paid: false, OEM private: false, OSU AP: false, FQDN: <none>, Provider friendly name: <none>, Requesting package name: <none><none>MLO Information: , Is TID-To-Link negotiation supported by the AP: false, AP MLD Address: <none>, AP MLO Link Id: <none>, AP MLO Affiliated links: <none>> SignalStrength: -45 UnderlyingNetworks: Null]
11-26 21:48:15.425  8163  8163 I cr_OfflineIndicator: setConnectionState connectionState=4
11-26 21:48:15.425  8163  8163 W Settings: Setting airplane_mode_on has moved from android.provider.Settings.System to android.provider.Settings.Global, returning read-only value.
11-26 21:48:15.426  8163  8163 I cr_OfflineDetector: Received connection change state message. mConnectivityDetectorInitialized: true, mTimeWhenLastForegrounded: 378544237, getElapsedTime: 378544241, mTimeWhenLastOfflineNotificationReceived: 0, mTimeWhenLastOnline: 378544241, mTimeWhenAirplaneModeToggledOff: 0 mApplicationState: 1, mIsOfflineLastReportedByConnectivityDetector: false, mInAirplaneMode: false mIsEffectivelyOffline: false
11-26 21:48:15.426  8163  8163 I cr_OfflineDetector: onConnectionStateChanged(): previousLastReportedStateByOfflineDetector: false
11-26 21:48:15.426  8163  8163 I cr_OfflineDetector: Running updateState mConnectivityDetectorInitialized: true, mTimeWhenLastForegrounded: 378544237, getElapsedTime: 378544241, mTimeWhenLastOfflineNotificationReceived: 0, mTimeWhenLastOnline: 378544241, mTimeWhenAirplaneModeToggledOff: 0 mApplicationState: 1, mIsOfflineLastReportedByConnectivityDetector: false, mInAirplaneMode: false mIsEffectivelyOffline: false
11-26 21:48:15.426  8163  8163 I cr_OfflineDetector: updateState(): timeSinceLastForeground: 4, timeSinceOfflineNotificationReceived: 378544241, timeSinceLastOnline: 0, timeNeededForForeground: 1996, timeNeededForOffline: -378542241 timeSinceAirplaneModeToggledOff: 378544241 timeNeededAfterConnectionChangeFromOnlineToOffline: 10000 timeNeededAfterConnectionChangeFromAirplaneToOffline: 0
11-26 21:48:15.426  8163  8163 I cr_OfflineDetector: Running mUpdateOfflineStatusIndicatorDelayedRunnable start. mConnectivityDetectorInitialized: true, mTimeWhenLastForegrounded: 378544237, getElapsedTime: 378544241, mTimeWhenLastOfflineNotificationReceived: 0, mTimeWhenLastOnline: 378544241, mTimeWhenAirplaneModeToggledOff: 0 mApplicationState: 1, mIsOfflineLastReportedByConnectivityDetector: false, mInAirplaneMode: false mIsEffectivelyOffline: false
11-26 21:48:15.426  8163  8163 I cr_OfflineDetector: Running mUpdateOfflineStatusIndicatorDelayedRunnable end. mConnectivityDetectorInitialized: true, mTimeWhenLastForegrounded: 378544237, getElapsedTime: 378544241, mTimeWhenLastOfflineNotificationReceived: 0, mTimeWhenLastOnline: 378544241, mTimeWhenAirplaneModeToggledOff: 0 mApplicationState: 1, mIsOfflineLastReportedByConnectivityDetector: false, mInAirplaneMode: false mIsEffectivelyOffline: false
11-26 21:48:15.426  8163  8163 I cr_OfflineIndicator: processConnectivityCheckResult mConnectionState=4 mConnectivityCheckingStage=1
11-26 21:48:15.449  1011  1189 I ASH     : @ 378547.620: tcs3701: stop power rail pending_off timer
11-26 21:48:15.449  1011  1189 D ASH     : @ 378547.620: tcs3701: start power rail timer, state:3
11-26 21:48:15.456   595   595 I servicemanager: Could not find android.hardware.graphics.allocator.IAllocator/default in the VINTF manifest.
11-26 21:48:15.478  1795  4172 D ConnectivityService: requestNetwork for uid/pid:10010/8163 activeRequest: null callbackRequest: 10352 [NetworkRequest [ REQUEST id=10353, [ Capabilities: INTERNET&NOT_RESTRICTED&TRUSTED&NOT_VCN_MANAGED Uid: 10010 RequestorUid: 10010 RequestorPkg: com.chrome.canary UnderlyingNetworks: Null] ]] callback flags: 0 order: 2147483647
11-26 21:48:15.480  1795  2432 D ConnectivityService: NetReassign [10353 : null  100] [c 0] [a 0] [i 2]
11-26 21:48:15.481  1795  2424 D WifiNetworkFactory: got request NetworkRequest [ REQUEST id=10353, [ Capabilities: INTERNET&NOT_RESTRICTED&TRUSTED&NOT_VCN_MANAGED Uid: 10010 RequestorUid: 10010 RequestorPkg: com.chrome.canary UnderlyingNetworks: Null] ]
11-26 21:48:15.481  1795  2424 V WifiNetworkFactory: Accepted network request NetworkRequest [ REQUEST id=10353, [ Capabilities: INTERNET&NOT_RESTRICTED&TRUSTED&NOT_VCN_MANAGED Uid: 10010 RequestorUid: 10010 RequestorPkg: com.chrome.canary UnderlyingNetworks: Null] ]
11-26 21:48:15.481  1795  2424 D UntrustedWifiNetworkFactory: got request NetworkRequest [ REQUEST id=10353, [ Capabilities: INTERNET&NOT_RESTRICTED&TRUSTED&NOT_VCN_MANAGED Uid: 10010 RequestorUid: 10010 RequestorPkg: com.chrome.canary UnderlyingNetworks: Null] ]
11-26 21:48:15.482  1795  2424 D OemPaidWifiNetworkFactory: got request NetworkRequest [ REQUEST id=10353, [ Capabilities: INTERNET&NOT_RESTRICTED&TRUSTED&NOT_VCN_MANAGED Uid: 10010 RequestorUid: 10010 RequestorPkg: com.chrome.canary UnderlyingNetworks: Null] ]
11-26 21:48:15.482  1795  2424 D MultiInternetWifiNetworkFactory: got request NetworkRequest [ REQUEST id=10353, [ Capabilities: INTERNET&NOT_RESTRICTED&TRUSTED&NOT_VCN_MANAGED Uid: 10010 RequestorUid: 10010 RequestorPkg: com.chrome.canary UnderlyingNetworks: Null] ]
11-26 21:48:15.482  3563  4325 D MediaProvider: Open with FUSE. FilePath: /storage/emulated/0/Download/batterymanager-companion-1.0.0.zip. Uid: 10010. Media Capabilities Uid: 0. ShouldRedact: false. ShouldTranscode: false
11-26 21:48:15.485  1795  2432 D ConnectivityService: NetReassign [no changes] [c 0] [a 1] [i 2]
11-26 21:48:15.487  3563  4325 D MediaProvider: Open with FUSE. FilePath: /storage/emulated/0/Download/com.example.batterymanager_utility (1).apk. Uid: 10010. Media Capabilities Uid: 0. ShouldRedact: false. ShouldTranscode: false
11-26 21:48:15.488  1011  1189 I ASH     : @ 378547.660: tcs3701: stop power rail pending_off timer
11-26 21:48:15.488  1011  1189 D ASH     : @ 378547.660: tcs3701: start power rail timer, state:3
11-26 21:48:15.496  3563  4325 D MediaProvider: Open with FUSE. FilePath: /storage/emulated/0/Download/com.example.batterymanager_utility.apk. Uid: 10010. Media Capabilities Uid: 0. ShouldRedact: false. ShouldTranscode: false
11-26 21:48:15.500  8163  8163 I cr_InactivityTracker: Last background time read from the SharedPreference is:-1.
11-26 21:48:15.501  8163  8163 I cr_VideoPersist: Exited picture in picture with reason: 0
11-26 21:48:15.503  8163  8163 I cr_InactivityTracker: Last visible time read from the SharedPreference is:1701031529520.
11-26 21:48:15.516  8163  8163 I cr_PwaRestore: Not showing PWA Restore promo, feature flag is disabled
11-26 21:48:15.523  8163  8163 I cr_InactivityTracker: Last visible time read from the SharedPreference is:1701031695503.
11-26 21:48:15.528  1011  1189 I ASH     : @ 378547.700: tcs3701: stop power rail pending_off timer
11-26 21:48:15.528  1011  1189 D ASH     : @ 378547.700: tcs3701: start power rail timer, state:3
11-26 21:48:15.548  8163  8225 W chromium: [WARNING:ev_root_ca_metadata.cc(119)] Not implemented
11-26 21:48:15.559  8163  8225 W chromium: [WARNING:ev_root_ca_metadata.cc(119)] Not implemented
11-26 21:48:15.569  1011  1189 I ASH     : @ 378547.740: tcs3701: stop power rail pending_off timer
11-26 21:48:15.569  1011  1189 D ASH     : @ 378547.740: tcs3701: start power rail timer, state:3
11-26 21:48:15.601  8163  8226 W chromium: [WARNING:ev_root_ca_metadata.cc(119)] Not implemented
11-26 21:48:15.601  8163  8226 W chromium: [WARNING:ev_root_ca_metadata.cc(119)] Not implemented
11-26 21:48:15.608  1011  1189 I ASH     : @ 378547.780: tcs3701: stop power rail pending_off timer
11-26 21:48:15.608  1011  1189 D ASH     : @ 378547.780: tcs3701: start power rail timer, state:3
11-26 21:48:15.648  1011  1189 I ASH     : @ 378547.820: tcs3701: stop power rail pending_off timer
11-26 21:48:15.648  1011  1189 D ASH     : @ 378547.820: tcs3701: start power rail timer, state:3
11-26 21:48:15.689  1011  1189 I ASH     : @ 378547.860: tcs3701: stop power rail pending_off timer
11-26 21:48:15.689  1011  1189 D ASH     : @ 378547.860: tcs3701: start power rail timer, state:3
11-26 21:48:15.704  1795  2424 D WifiClientModeImpl[13802:wlan0]: updateLinkLayerStatsRssiSpeedFrequencyCapabilities rssi=-44 TxLinkspeed=780 freq=5240 RxLinkSpeed=866
11-26 21:48:15.704  1795  2424 D WifiDataStall: tx tput in kbps: 723076
11-26 21:48:15.704  1795  2424 D WifiDataStall: rx tput in kbps: 685546
11-26 21:48:15.704  1795  2424 V WifiConfigManager: Updating scan detail cache freq=5240 BSSID=f4:6d:2f:12:cc:88 RSSI=-45 for "ourhome"WPA_PSK
11-26 21:48:15.705  1795  2424 D WifiChannelUtilization:  freq: 5240 onTime: 10594475 busyTime: 973563 onTimeDiff: 946619 busyTimeDiff: 117077 utilization: 31 utilization t0: 23
11-26 21:48:15.705  2782  5906 D QCNEJ/WlanStaInfoRelay: Received action: android.net.wifi.RSSI_CHANGED
11-26 21:48:15.705  1795  2424 D WifiDataStall:  ccaLevel = 31
11-26 21:48:15.705  1795  2424 D WifiDataStall: L2 txTputKbps: 527871, rxTputKbps: 761132, L3 txTputKbps: 37, rxTputKbps: 109, TxTrafficHigh: true, RxTrafficHigh: true, Throughput Sufficient: true
11-26 21:48:15.705  2673  2740 V WifiManager: OnWifiUsabilityStatsListener: onWifiUsabilityStats: seqNum=97006
11-26 21:48:15.705  1795  2424 D WifiScoreReport: Wifi scoring disabled - Don't check IP layer
11-26 21:48:15.705  1795  2424 D WifiScoreCard: BSSID update SIGNAL_POLL ID: 1320464697 SSID: "ourhome", BSSID: f4:6d:2f:12:cc:88, MAC: b2:2f:ec:da:4a:0c, IP: /192.168.1.104, Security type: 2, Supplicant state: COMPLETED, Wi-Fi standard: 5, RSSI: -44, Link speed: 780Mbps, Tx Link speed: 780Mbps, Max Supported Tx Link speed: 866Mbps, Rx Link speed: 866Mbps, Max Supported Rx Link speed: 866Mbps, Frequency: 5240MHz, Net ID: 12, Metered hint: false, score: 60, isUsable: true, CarrierMerged: false, SubscriptionId: -1, IsPrimary: 1, Trusted: true, Restricted: false, Ephemeral: false, OEM paid: false, OEM private: false, OSU AP: false, FQDN: <none>, Provider friendly name: <none>, Requesting package name: <none>"ourhome"wpa2-pskMLO Information: , Is TID-To-Link negotiation supported by the AP: false, AP MLD Address: <none>, AP MLO Link Id: <none>, AP MLO Affiliated links: <none>
11-26 21:48:15.705  1795  2424 D WifiScoreCard: txRate: 29 txSpeed: 780
11-26 21:48:15.705  1795  2424 D WifiScoreCard: network update SIGNAL_POLL "ourhome" ID: 1499892569 RSSI -44 txSpeed 780
11-26 21:48:15.705  1795  2424 D WifiClientModeImpl[13802:wlan0]:  ClientModeImpl$L2ConnectedState screen=on 37 0 "ourhome" f4:6d:2f:12:cc:88 rssi=-44 f=5240 sc=60 link=780 tx=22.1, 6.6, 0.0 rx=14.5 bcn=3582370 [on:525 tx:10 rx:4 period:3007] from screen [on:958494 period:19260991] score=60
11-26 21:48:15.705  2513 28998 V WifiManager: TrafficStateCallbackProxy: onStateChanged state=3
11-26 21:48:15.705  1795  2387 I WifiService: updateWifiUsabilityScore uid=10180 seqNum=97006 score=100 predictionHorizonSec=1441795
11-26 21:48:15.706  1795  2424 D WifiScoreReport: Wifi scoring disabled - Notify that Wifi is usable
11-26 21:48:15.707  8163  8163 I Choreographer: Skipped 63 frames!  The application may be doing too much work on its main thread.
11-26 21:48:15.708  1795  2432 D ConnectivityService: NetReassign [no changes] [c 0] [a 0] [i 2]
11-26 21:48:15.727  8163  8179 I OpenGLRenderer: Davey! duration=720ms; Flags=0, FrameTimelineVsyncId=195905195, IntendedVsync=360717659399452, Vsync=360718360654972, InputEventId=0, HandleInputStart=360718368118020, AnimationStart=360718368119791, PerformTraversalsStart=360718368484686, DrawStart=360718373265208, FrameDeadline=360717687048910, FrameInterval=360718368073541, FrameStartTime=11131040, SyncQueued=360718374357552, SyncStart=360718374405260, IssueDrawCommandsStart=360718374705312, SwapBuffers=360718377196667, FrameCompleted=360718379612969, DequeueBufferDuration=21927, QueueBufferDuration=465469, GpuCompleted=360718379612969, SwapBuffersCompleted=360718378312656, DisplayPresentTime=0, CommandSubmissionCompleted=360718377196667, 
11-26 21:48:15.729  1011  1189 I ASH     : @ 378547.900: tcs3701: stop power rail pending_off timer
11-26 21:48:15.729  1011  1189 D ASH     : @ 378547.900: tcs3701: start power rail timer, state:3
11-26 21:48:15.746  8163  8163 I cr_PolicyProvider: #notifySettingsAvailable() 0
11-26 21:48:15.746  8163  8163 I cr_CombinedPProvider: #onSettingsAvailable() 0
11-26 21:48:15.746  8163  8163 I cr_CombinedPProvider: #flushPolicies()
11-26 21:48:15.746  8163  8163 I cr_PolicyService: #onPolicyServiceInitialized()
11-26 21:48:15.746  8163  8163 I cr_PolicyProvider: #notifySettingsAvailable() 0
11-26 21:48:15.746  8163  8163 I cr_CombinedPProvider: #onSettingsAvailable() 0
11-26 21:48:15.746  8163  8163 I cr_CombinedPProvider: #flushPolicies()
11-26 21:48:15.768  1011  1189 I ASH     : @ 378547.940: tcs3701: stop power rail pending_off timer
11-26 21:48:15.769  1011  1189 D ASH     : @ 378547.940: tcs3701: start power rail timer, state:3
11-26 21:48:15.780  8163  8163 V MediaRouter: Selecting route: RouteInfo{ name=Phone, description=null, status=null, category=RouteCategory{ name=System types=ROUTE_TYPE_LIVE_AUDIO ROUTE_TYPE_LIVE_VIDEO  groupable=false }, supportedTypes=ROUTE_TYPE_LIVE_AUDIO ROUTE_TYPE_LIVE_VIDEO , presentationDisplay=null }
11-26 21:48:15.808  1011  1189 I ASH     : @ 378547.980: tcs3701: stop power rail pending_off timer
11-26 21:48:15.809  1011  1189 D ASH     : @ 378547.980: tcs3701: start power rail timer, state:3
11-26 21:48:15.849  1011  1189 I ASH     : @ 378548.020: tcs3701: stop power rail pending_off timer
11-26 21:48:15.849  1011  1189 D ASH     : @ 378548.020: tcs3701: start power rail timer, state:3
11-26 21:48:15.860  1795  3659 D CompatibilityChangeReporter: Compat change id reported: 214016041; UID 10010; state: ENABLED
11-26 21:48:15.863  3375  3375 I GoogleInputMethodService: GoogleInputMethodService.onFinishInput():3154 
11-26 21:48:15.864  3375  3375 I GoogleInputMethodService: GoogleInputMethodService.updateDeviceLockedStatus():2088 repeatCheckTimes = 0, locked = false
11-26 21:48:15.864  3375  3375 I GoogleInputMethodService: GoogleInputMethodService.onStartInput():1883 onStartInput(EditorInfo{EditorInfo{packageName=com.chrome.canary, inputType=0, inputTypeString=NULL, enableLearning=false, autoCorrection=false, autoComplete=false, imeOptions=12000000, privateImeOptions=null, actionName=UNSPECIFIED, actionLabel=null, initialSelStart=-1, initialSelEnd=-1, initialCapsMode=0, label=null, fieldId=-1, fieldName=null, extras=null, hintText=null, hintLocales=[]}}, false)
11-26 21:48:15.864  3375  3375 I GoogleInputMethodService: GoogleInputMethodService.updateDeviceLockedStatus():2088 repeatCheckTimes = 1, locked = false
11-26 21:48:15.888  1011  1189 I ASH     : @ 378548.060: tcs3701: stop power rail pending_off timer
11-26 21:48:15.888  1011  1189 D ASH     : @ 378548.060: tcs3701: start power rail timer, state:3
11-26 21:48:15.929  1011  1189 I ASH     : @ 378548.100: tcs3701: stop power rail pending_off timer
11-26 21:48:15.929  1011  1189 D ASH     : @ 378548.100: tcs3701: start power rail timer, state:3
11-26 21:48:15.968  1011  1189 I ASH     : @ 378548.140: tcs3701: stop power rail pending_off timer
11-26 21:48:15.969  1011  1189 D ASH     : @ 378548.140: tcs3701: start power rail timer, state:3
11-26 21:48:15.976  8163  8232 I cr_ADCP : No customization source found
11-26 21:48:15.979 26837 26837 D BoundBrokerSvc: onBind: Intent { act=com.google.android.gms.icing.LIGHTWEIGHT_INDEX_SERVICE pkg=com.google.android.gms }
11-26 21:48:15.979 26837 26837 D BoundBrokerSvc: Loading bound service for intent: Intent { act=com.google.android.gms.icing.LIGHTWEIGHT_INDEX_SERVICE pkg=com.google.android.gms }
11-26 21:48:15.981  1795  1853 D ActivityManager: freezer override set to true
11-26 21:48:15.981  1795  1853 D ActivityManager: sync unfroze 7185 com.google.android.partnersetup
11-26 21:48:15.983  8163  8232 E cr_PartnerBMReader: ATTENTION: not using partner bookmarks as none were provided
11-26 21:48:15.983 26837 26837 E AbstractGmsTracer: Traced class shouldn't be obfuscated: LightweightIndexChimeraService [CONTEXT service_id=259 ]
11-26 21:48:16.008  1011  1189 I ASH     : @ 378548.180: tcs3701: stop power rail pending_off timer
11-26 21:48:16.008  1011  1189 D ASH     : @ 378548.180: tcs3701: start power rail timer, state:3
11-26 21:48:16.048  1011  1189 I ASH     : @ 378548.220: tcs3701: stop power rail pending_off timer
11-26 21:48:16.048  1011  1189 D ASH     : @ 378548.220: tcs3701: start power rail timer, state:3
11-26 21:48:16.088  1011  1189 I ASH     : @ 378548.260: tcs3701: stop power rail pending_off timer
11-26 21:48:16.088  1011  1189 D ASH     : @ 378548.260: tcs3701: start power rail timer, state:3
11-26 21:48:16.128  1011  1189 I ASH     : @ 378548.300: tcs3701: stop power rail pending_off timer
11-26 21:48:16.128  1011  1189 D ASH     : @ 378548.300: tcs3701: start power rail timer, state:3
11-26 21:48:16.142 26837 31207 I Auth    : [RequestTokenOperation] Facet event logged for AUTH_ACCOUNT_BASE_TOKEN_RETURNED [CONTEXT service_id=343 ]
11-26 21:48:16.145 26837 26837 D BoundBrokerSvc: onBind: Intent { act=com.google.android.gms.auth.account.workaccount.START dat=chimera-action:/... cmp=com.google.android.gms/.chimera.PersistentApiService }
11-26 21:48:16.145 26837 26837 D BoundBrokerSvc: Loading bound service for intent: Intent { act=com.google.android.gms.auth.account.workaccount.START dat=chimera-action:/... cmp=com.google.android.gms/.chimera.PersistentApiService }
11-26 21:48:16.146 26837 26837 E AbstractGmsTracer: Traced class shouldn't be obfuscated: WorkAccountApiService [CONTEXT service_id=259 ]
11-26 21:48:16.146  1795  1853 D ActivityManager: freezer override set to false
11-26 21:48:16.154 26741 26741 D BoundBrokerSvc: onBind: Intent { act=com.google.android.gms.feedback.internal.IFeedbackService dat=chimera-action:/... cmp=com.google.android.gms/.chimera.GmsBoundBrokerService }
11-26 21:48:16.154 26741 26741 D BoundBrokerSvc: Loading bound service for intent: Intent { act=com.google.android.gms.feedback.internal.IFeedbackService dat=chimera-action:/... cmp=com.google.android.gms/.chimera.GmsBoundBrokerService }
11-26 21:48:16.155 26741 26741 E AbstractGmsTracer: Traced class shouldn't be obfuscated: FeedbackBoundService [CONTEXT service_id=259 ]
11-26 21:48:16.159 26837 26837 E AbstractGmsTracer: Traced class shouldn't be obfuscated: LockboxBrokerChimeraService [CONTEXT service_id=259 ]
11-26 21:48:16.165 26741 26741 E AbstractGmsTracer: Traced class shouldn't be obfuscated: AppIndexingChimeraService [CONTEXT service_id=259 ]
11-26 21:48:16.169  1011  1189 I ASH     : @ 378548.340: tcs3701: stop power rail pending_off timer
11-26 21:48:16.169  1011  1189 D ASH     : @ 378548.340: tcs3701: start power rail timer, state:3
