11-26 21:48:50.467  8427  8467 I BatteryMgr:DataCollectionService: stats => 1701031730467,13427,4445,2136,4169000,100
11-26 21:48:50.489  1011  1189 I ASH     : @ 378582.660: tcs3701: stop power rail pending_off timer
11-26 21:48:50.490  1011  1189 D ASH     : @ 378582.660: tcs3701: start power rail timer, state:3
11-26 21:48:50.529  1011  1189 I ASH     : @ 378582.700: tcs3701: stop power rail pending_off timer
11-26 21:48:50.529  1011  1189 D ASH     : @ 378582.700: tcs3701: start power rail timer, state:3
11-26 21:48:50.569  1011  1189 I ASH     : @ 378582.740: tcs3701: stop power rail pending_off timer
11-26 21:48:50.569  1011  1189 D ASH     : @ 378582.740: tcs3701: start power rail timer, state:3
11-26 21:48:50.574  8427  8467 I BatteryMgr:DataCollectionService: stats => 1701031730573,13427,4445,2136,4169000,100
11-26 21:48:50.608  1011  1189 I ASH     : @ 378582.780: tcs3701: stop power rail pending_off timer
11-26 21:48:50.609  1011  1189 D ASH     : @ 378582.780: tcs3701: start power rail timer, state:3
11-26 21:48:50.649  1011  1189 I ASH     : @ 378582.820: tcs3701: stop power rail pending_off timer
11-26 21:48:50.650  1011  1189 D ASH     : @ 378582.820: tcs3701: start power rail timer, state:3
11-26 21:48:50.682  8427  8467 I BatteryMgr:DataCollectionService: stats => 1701031730682,13427,4445,2136,4169000,100
11-26 21:48:50.688  1011  1189 I ASH     : @ 378582.860: tcs3701: stop power rail pending_off timer
11-26 21:48:50.689  1011  1189 D ASH     : @ 378582.860: tcs3701: start power rail timer, state:3
11-26 21:48:50.729  1011  1189 I ASH     : @ 378582.900: tcs3701: stop power rail pending_off timer
11-26 21:48:50.730  1011  1189 D ASH     : @ 378582.900: tcs3701: start power rail timer, state:3
11-26 21:48:50.769  1011  1189 I ASH     : @ 378582.940: tcs3701: stop power rail pending_off timer
11-26 21:48:50.769  1011  1189 D ASH     : @ 378582.940: tcs3701: start power rail timer, state:3
11-26 21:48:50.789  8427  8467 I BatteryMgr:DataCollectionService: stats => 1701031730789,13427,4445,2136,4169000,100
11-26 21:48:50.809  1011  1189 I ASH     : @ 378582.980: tcs3701: stop power rail pending_off timer
11-26 21:48:50.809  1011  1189 D ASH     : @ 378582.980: tcs3701: start power rail timer, state:3
11-26 21:48:50.849  1011  1189 I ASH     : @ 378583.020: tcs3701: stop power rail pending_off timer
11-26 21:48:50.849  1011  1189 D ASH     : @ 378583.020: tcs3701: start power rail timer, state:3
11-26 21:48:50.889  1011  1189 I ASH     : @ 378583.060: tcs3701: stop power rail pending_off timer
11-26 21:48:50.889  1011  1189 D ASH     : @ 378583.060: tcs3701: start power rail timer, state:3
11-26 21:48:50.896  8427  8467 I BatteryMgr:DataCollectionService: stats => 1701031730896,13427,4445,2136,4169000,100
11-26 21:48:50.929  1011  1189 I ASH     : @ 378583.100: tcs3701: stop power rail pending_off timer
11-26 21:48:50.929  1011  1189 D ASH     : @ 378583.100: tcs3701: start power rail timer, state:3
11-26 21:48:50.969  1011  1189 I ASH     : @ 378583.140: tcs3701: stop power rail pending_off timer
11-26 21:48:50.969  1011  1189 D ASH     : @ 378583.140: tcs3701: start power rail timer, state:3
11-26 21:48:51.007  8427  8467 I BatteryMgr:DataCollectionService: stats => 1701031731007,13427,4445,2136,4169000,100
11-26 21:48:51.009  1011  1189 I ASH     : @ 378583.180: tcs3701: stop power rail pending_off timer
11-26 21:48:51.009  1011  1189 D ASH     : @ 378583.180: tcs3701: start power rail timer, state:3
11-26 21:48:51.048  1011  1189 I ASH     : @ 378583.220: tcs3701: stop power rail pending_off timer
11-26 21:48:51.049  1011  1189 D ASH     : @ 378583.220: tcs3701: start power rail timer, state:3
11-26 21:48:51.052  1795  4165 D ActivityManager: freezer override set to true
11-26 21:48:51.058  1795  4165 D ActivityManager: freezer override set to false
11-26 21:48:51.088  1011  1189 I ASH     : @ 378583.260: tcs3701: stop power rail pending_off timer
11-26 21:48:51.089  1011  1189 D ASH     : @ 378583.260: tcs3701: start power rail timer, state:3
11-26 21:48:51.115  8427  8467 I BatteryMgr:DataCollectionService: stats => 1701031731114,13427,4445,2136,4169000,100
11-26 21:48:51.129  1011  1189 I ASH     : @ 378583.300: tcs3701: stop power rail pending_off timer
11-26 21:48:51.129  1011  1189 D ASH     : @ 378583.300: tcs3701: start power rail timer, state:3
11-26 21:48:51.169  1011  1189 I ASH     : @ 378583.340: tcs3701: stop power rail pending_off timer
11-26 21:48:51.169  1011  1189 D ASH     : @ 378583.340: tcs3701: start power rail timer, state:3
11-26 21:48:51.175  2113  2118 I pixel-thermal: skin-therm-monitor: 38.67
11-26 21:48:51.210  1011  1189 I ASH     : @ 378583.380: tcs3701: stop power rail pending_off timer
11-26 21:48:51.210  1011  1189 D ASH     : @ 378583.380: tcs3701: start power rail timer, state:3
11-26 21:48:51.223  8427  8467 I BatteryMgr:DataCollectionService: stats => 1701031731223,13427,4445,2136,4169000,100
11-26 21:48:51.249  1011  1189 I ASH     : @ 378583.420: tcs3701: stop power rail pending_off timer
11-26 21:48:51.249  1011  1189 D ASH     : @ 378583.420: tcs3701: start power rail timer, state:3
11-26 21:48:51.289  1011  1189 I ASH     : @ 378583.460: tcs3701: stop power rail pending_off timer
11-26 21:48:51.289  1011  1189 D ASH     : @ 378583.460: tcs3701: start power rail timer, state:3
11-26 21:48:51.327  8427  8467 I BatteryMgr:DataCollectionService: stats => 1701031731327,13427,4445,2136,4169000,100
11-26 21:48:51.329  1011  1189 I ASH     : @ 378583.500: tcs3701: stop power rail pending_off timer
11-26 21:48:51.329  1011  1189 D ASH     : @ 378583.500: tcs3701: start power rail timer, state:3
11-26 21:48:51.369  1011  1189 I ASH     : @ 378583.540: tcs3701: stop power rail pending_off timer
11-26 21:48:51.369  1011  1189 D ASH     : @ 378583.540: tcs3701: start power rail timer, state:3
11-26 21:48:51.408  1011  1189 I ASH     : @ 378583.580: tcs3701: stop power rail pending_off timer
11-26 21:48:51.409  1011  1189 D ASH     : @ 378583.580: tcs3701: start power rail timer, state:3
11-26 21:48:51.434  8427  8467 I BatteryMgr:DataCollectionService: stats => 1701031731434,13427,4445,2136,4169000,100
11-26 21:48:51.449  1011  1189 I ASH     : @ 378583.620: tcs3701: stop power rail pending_off timer
11-26 21:48:51.449  1011  1189 D ASH     : @ 378583.620: tcs3701: start power rail timer, state:3
11-26 21:48:51.488  1011  1189 I ASH     : @ 378583.660: tcs3701: stop power rail pending_off timer
11-26 21:48:51.489  1011  1189 D ASH     : @ 378583.660: tcs3701: start power rail timer, state:3
11-26 21:48:51.529  1011  1189 I ASH     : @ 378583.700: tcs3701: stop power rail pending_off timer
11-26 21:48:51.529  1011  1189 D ASH     : @ 378583.700: tcs3701: start power rail timer, state:3
11-26 21:48:51.538  8427  8467 I BatteryMgr:DataCollectionService: stats => 1701031731538,13427,4445,2136,4169000,100
11-26 21:48:51.569  1011  1189 I ASH     : @ 378583.740: tcs3701: stop power rail pending_off timer
11-26 21:48:51.569  1011  1189 D ASH     : @ 378583.740: tcs3701: start power rail timer, state:3
11-26 21:48:51.573  1795  4165 D ActivityManager: freezer override set to true
11-26 21:48:51.609  1011  1189 I ASH     : @ 378583.780: tcs3701: stop power rail pending_off timer
11-26 21:48:51.609  1011  1189 D ASH     : @ 378583.780: tcs3701: start power rail timer, state:3
11-26 21:48:51.644  8427  8467 I BatteryMgr:DataCollectionService: stats => 1701031731644,13427,4445,2136,4169000,100
11-26 21:48:51.649  1011  1189 I ASH     : @ 378583.820: tcs3701: stop power rail pending_off timer
11-26 21:48:51.649  1011  1189 D ASH     : @ 378583.820: tcs3701: start power rail timer, state:3
11-26 21:48:51.688  1011  1189 I ASH     : @ 378583.860: tcs3701: stop power rail pending_off timer
11-26 21:48:51.689  1011  1189 D ASH     : @ 378583.860: tcs3701: start power rail timer, state:3
11-26 21:48:51.729  8163  8178 I m.chrome.canary: Explicit concurrent copying GC freed 3843(192KB) AllocSpace objects, 4(80KB) LOS objects, 75% free, 14MB/57MB, paused 65us,21us total 61.208ms
11-26 21:48:51.729  1011  1189 I ASH     : @ 378583.900: tcs3701: stop power rail pending_off timer
11-26 21:48:51.729  1011  1189 D ASH     : @ 378583.900: tcs3701: start power rail timer, state:3
11-26 21:48:51.750  8427  8467 I BatteryMgr:DataCollectionService: stats => 1701031731750,13427,4445,2136,4169000,100
11-26 21:48:51.769  1011  1189 I ASH     : @ 378583.940: tcs3701: stop power rail pending_off timer
11-26 21:48:51.769  1011  1189 D ASH     : @ 378583.940: tcs3701: start power rail timer, state:3
11-26 21:48:51.797  1795  4165 D ActivityManager: freezer override set to false
11-26 21:48:51.809  1011  1189 I ASH     : @ 378583.980: tcs3701: stop power rail pending_off timer
11-26 21:48:51.809  1011  1189 D ASH     : @ 378583.980: tcs3701: start power rail timer, state:3
11-26 21:48:51.832  1795  4165 D ActivityManager: freezer override set to true
11-26 21:48:51.834  1795  4165 D ActivityManager: freezer override set to false
11-26 21:48:51.848  1011  1189 I ASH     : @ 378584.020: tcs3701: stop power rail pending_off timer
11-26 21:48:51.848  1011  1189 D ASH     : @ 378584.020: tcs3701: start power rail timer, state:3
11-26 21:48:51.856  8427  8467 I BatteryMgr:DataCollectionService: stats => 1701031731856,13427,4445,2136,4169000,100
11-26 21:48:51.873  1795  2424 D WifiClientModeImpl[13802:wlan0]: updateLinkLayerStatsRssiSpeedFrequencyCapabilities rssi=-47 TxLinkspeed=780 freq=5240 RxLinkSpeed=866
11-26 21:48:51.873  1795  2424 D WifiDataStall: tx tput in kbps: 651269
11-26 21:48:51.873  1795  2424 D WifiDataStall: rx tput in kbps: 761132
11-26 21:48:51.873  1795  4165 D ActivityManager: freezer override set to true
11-26 21:48:51.873  1795  2424 V WifiConfigManager: Updating scan detail cache freq=5240 BSSID=f4:6d:2f:12:cc:88 RSSI=-46 for "ourhome"WPA_PSK
11-26 21:48:51.874  1795  2424 D WifiChannelUtilization:  freq: 5240 onTime: 10598417 busyTime: 973891 onTimeDiff: 950561 busyTimeDiff: 117405 utilization: 31 utilization t0: 23
11-26 21:48:51.874  1795  2424 D WifiDataStall:  ccaLevel = 31
11-26 21:48:51.874  1795  2424 D WifiDataStall: L2 txTputKbps: 651269, rxTputKbps: 761132, L3 txTputKbps: 0, rxTputKbps: 0, TxTrafficHigh: false, RxTrafficHigh: false, Throughput Sufficient: true
11-26 21:48:51.874  2673  2740 V WifiManager: OnWifiUsabilityStatsListener: onWifiUsabilityStats: seqNum=97018
11-26 21:48:51.874  1795  2424 D WifiScoreReport: Wifi scoring disabled - Don't check IP layer
11-26 21:48:51.874  1795  2424 D WifiScoreCard: BSSID update SIGNAL_POLL ID: 1320464697 SSID: "ourhome", BSSID: f4:6d:2f:12:cc:88, MAC: b2:2f:ec:da:4a:0c, IP: /192.168.1.104, Security type: 2, Supplicant state: COMPLETED, Wi-Fi standard: 5, RSSI: -47, Link speed: 780Mbps, Tx Link speed: 780Mbps, Max Supported Tx Link speed: 866Mbps, Rx Link speed: 866Mbps, Max Supported Rx Link speed: 866Mbps, Frequency: 5240MHz, Net ID: 12, Metered hint: false, score: 60, isUsable: true, CarrierMerged: false, SubscriptionId: -1, IsPrimary: 1, Trusted: true, Restricted: false, Ephemeral: false, OEM paid: false, OEM private: false, OSU AP: false, FQDN: <none>, Provider friendly name: <none>, Requesting package name: <none>"ourhome"wpa2-pskMLO Information: , Is TID-To-Link negotiation supported by the AP: false, AP MLD Address: <none>, AP MLO Link Id: <none>, AP MLO Affiliated links: <none>
11-26 21:48:51.874  1795  2424 D WifiScoreCard: txRate: 1 txSpeed: 780
11-26 21:48:51.875  1795  2424 D WifiScoreCard: network update SIGNAL_POLL "ourhome" ID: 1499892569 RSSI -47 txSpeed -1
11-26 21:48:51.875  1795  4172 I WifiService: updateWifiUsabilityScore uid=10180 seqNum=97018 score=100 predictionHorizonSec=1441795
11-26 21:48:51.875  1795  2424 D WifiClientModeImpl[13802:wlan0]:  ClientModeImpl$L2ConnectedState screen=on 37 0 "ourhome" f4:6d:2f:12:cc:88 rssi=-47 f=5240 sc=60 link=780 tx=0.2, 0.0, 0.0 rx=0.2 bcn=3582723 [on:56 tx:0 rx:0 period:3015] from screen [on:962436 period:19297161] score=60
11-26 21:48:51.875  2513 28998 V WifiManager: TrafficStateCallbackProxy: onStateChanged state=3
11-26 21:48:51.876  1795  4165 D ActivityManager: freezer override set to false
11-26 21:48:51.877  1795  2424 D WifiScoreReport: Wifi scoring disabled - Notify that Wifi is usable
11-26 21:48:51.879  1795  2432 D ConnectivityService: NetReassign [no changes] [c 0] [a 0] [i 2]
11-26 21:48:51.889  1011  1189 I ASH     : @ 378584.060: tcs3701: stop power rail pending_off timer
11-26 21:48:51.889  1011  1189 D ASH     : @ 378584.060: tcs3701: start power rail timer, state:3
11-26 21:48:51.929  1011  1189 I ASH     : @ 378584.100: tcs3701: stop power rail pending_off timer
11-26 21:48:51.929  1011  1189 D ASH     : @ 378584.100: tcs3701: start power rail timer, state:3
11-26 21:48:51.962  8427  8467 I BatteryMgr:DataCollectionService: stats => 1701031731962,13427,4445,2136,4169000,100
11-26 21:48:51.968  1011  1189 I ASH     : @ 378584.140: tcs3701: stop power rail pending_off timer
11-26 21:48:51.969  1011  1189 D ASH     : @ 378584.140: tcs3701: start power rail timer, state:3
11-26 21:48:52.009  1011  1189 I ASH     : @ 378584.180: tcs3701: stop power rail pending_off timer
11-26 21:48:52.010  1011  1189 D ASH     : @ 378584.180: tcs3701: start power rail timer, state:3
11-26 21:48:52.048  1011  1189 I ASH     : @ 378584.220: tcs3701: stop power rail pending_off timer
11-26 21:48:52.048  1011  1189 D ASH     : @ 378584.220: tcs3701: start power rail timer, state:3
11-26 21:48:52.055  1795  4165 D ActivityManager: freezer override set to true
11-26 21:48:52.062  1795  4165 D ActivityManager: freezer override set to false
11-26 21:48:52.070  8427  8467 I BatteryMgr:DataCollectionService: stats => 1701031732070,13427,4445,2136,4169000,100
11-26 21:48:52.089  1011  1189 I ASH     : @ 378584.260: tcs3701: stop power rail pending_off timer
11-26 21:48:52.089  1011  1189 D ASH     : @ 378584.260: tcs3701: start power rail timer, state:3
11-26 21:48:52.129  1011  1189 I ASH     : @ 378584.300: tcs3701: stop power rail pending_off timer
11-26 21:48:52.129  1011  1189 D ASH     : @ 378584.300: tcs3701: start power rail timer, state:3
11-26 21:48:52.169  1011  1189 I ASH     : @ 378584.340: tcs3701: stop power rail pending_off timer
11-26 21:48:52.169  1011  1189 D ASH     : @ 378584.340: tcs3701: start power rail timer, state:3
11-26 21:48:52.175  8427  8467 I BatteryMgr:DataCollectionService: stats => 1701031732175,13427,4445,2136,4169000,100
11-26 21:48:52.209  1011  1189 I ASH     : @ 378584.380: tcs3701: stop power rail pending_off timer
11-26 21:48:52.209  1011  1189 D ASH     : @ 378584.380: tcs3701: start power rail timer, state:3
11-26 21:48:52.249  1011  1189 I ASH     : @ 378584.420: tcs3701: stop power rail pending_off timer
11-26 21:48:52.249  1011  1189 D ASH     : @ 378584.420: tcs3701: start power rail timer, state:3
11-26 21:48:52.281  8427  8467 I BatteryMgr:DataCollectionService: stats => 1701031732281,13427,4445,2136,4169000,100
11-26 21:48:52.289  1011  1189 I ASH     : @ 378584.460: tcs3701: stop power rail pending_off timer
11-26 21:48:52.289  1011  1189 D ASH     : @ 378584.460: tcs3701: start power rail timer, state:3
11-26 21:48:52.328  1011  1189 I ASH     : @ 378584.500: tcs3701: stop power rail pending_off timer
11-26 21:48:52.329  1011  1189 D ASH     : @ 378584.500: tcs3701: start power rail timer, state:3
11-26 21:48:52.369  1011  1189 I ASH     : @ 378584.540: tcs3701: stop power rail pending_off timer
11-26 21:48:52.369  1011  1189 D ASH     : @ 378584.540: tcs3701: start power rail timer, state:3
11-26 21:48:52.387  8427  8467 I BatteryMgr:DataCollectionService: stats => 1701031732387,13427,4445,2136,4169000,100
11-26 21:48:52.409  1011  1189 I ASH     : @ 378584.580: tcs3701: stop power rail pending_off timer
11-26 21:48:52.409  1011  1189 D ASH     : @ 378584.580: tcs3701: start power rail timer, state:3
11-26 21:48:52.448  1011  1189 I ASH     : @ 378584.620: tcs3701: stop power rail pending_off timer
11-26 21:48:52.448  1011  1189 D ASH     : @ 378584.620: tcs3701: start power rail timer, state:3
11-26 21:48:52.489  1011  1189 I ASH     : @ 378584.660: tcs3701: stop power rail pending_off timer
11-26 21:48:52.489  1011  1189 D ASH     : @ 378584.660: tcs3701: start power rail timer, state:3
11-26 21:48:52.491  8427  8467 I BatteryMgr:DataCollectionService: stats => 1701031732491,13427,4445,2136,4169000,100
11-26 21:48:52.529  1011  1189 I ASH     : @ 378584.700: tcs3701: stop power rail pending_off timer
11-26 21:48:52.529  1011  1189 D ASH     : @ 378584.700: tcs3701: start power rail timer, state:3
11-26 21:48:52.568  1011  1189 I ASH     : @ 378584.740: tcs3701: stop power rail pending_off timer
11-26 21:48:52.569  1011  1189 D ASH     : @ 378584.740: tcs3701: start power rail timer, state:3
11-26 21:48:52.596  8427  8467 I BatteryMgr:DataCollectionService: stats => 1701031732596,13427,4445,2136,4169000,100
11-26 21:48:52.609  1011  1189 I ASH     : @ 378584.780: tcs3701: stop power rail pending_off timer
11-26 21:48:52.610  1011  1189 D ASH     : @ 378584.780: tcs3701: start power rail timer, state:3
11-26 21:48:52.649  1011  1189 I ASH     : @ 378584.820: tcs3701: stop power rail pending_off timer
11-26 21:48:52.649  1011  1189 D ASH     : @ 378584.820: tcs3701: start power rail timer, state:3
11-26 21:48:52.689  1011  1189 I ASH     : @ 378584.860: tcs3701: stop power rail pending_off timer
11-26 21:48:52.689  1011  1189 D ASH     : @ 378584.860: tcs3701: start power rail timer, state:3
11-26 21:48:52.700  8427  8467 I BatteryMgr:DataCollectionService: stats => 1701031732700,13427,4445,2136,4169000,100
11-26 21:48:52.728  1011  1189 I ASH     : @ 378584.900: tcs3701: stop power rail pending_off timer
11-26 21:48:52.728  1011  1189 D ASH     : @ 378584.900: tcs3701: start power rail timer, state:3
11-26 21:48:52.768  1011  1189 I ASH     : @ 378584.940: tcs3701: stop power rail pending_off timer
11-26 21:48:52.768  1011  1189 D ASH     : @ 378584.940: tcs3701: start power rail timer, state:3
11-26 21:48:52.805  8427  8467 I BatteryMgr:DataCollectionService: stats => 1701031732805,13427,4445,2136,4169000,100
11-26 21:48:52.809  1011  1189 I ASH     : @ 378584.980: tcs3701: stop power rail pending_off timer
11-26 21:48:52.809  1011  1189 D ASH     : @ 378584.980: tcs3701: start power rail timer, state:3
11-26 21:48:52.848  1011  1189 I ASH     : @ 378585.020: tcs3701: stop power rail pending_off timer
11-26 21:48:52.848  1011  1189 D ASH     : @ 378585.020: tcs3701: start power rail timer, state:3
11-26 21:48:52.889  1011  1189 I ASH     : @ 378585.060: tcs3701: stop power rail pending_off timer
11-26 21:48:52.889  1011  1189 D ASH     : @ 378585.060: tcs3701: start power rail timer, state:3
11-26 21:48:52.910  8427  8467 I BatteryMgr:DataCollectionService: stats => 1701031732910,13427,4445,2136,4169000,100
11-26 21:48:52.928  1011  1189 I ASH     : @ 378585.100: tcs3701: stop power rail pending_off timer
11-26 21:48:52.929  1011  1189 D ASH     : @ 378585.100: tcs3701: start power rail timer, state:3
11-26 21:48:52.969  1011  1189 I ASH     : @ 378585.140: tcs3701: stop power rail pending_off timer
11-26 21:48:52.969  1011  1189 D ASH     : @ 378585.140: tcs3701: start power rail timer, state:3
11-26 21:48:53.008  1011  1189 I ASH     : @ 378585.180: tcs3701: stop power rail pending_off timer
11-26 21:48:53.009  1011  1189 D ASH     : @ 378585.180: tcs3701: start power rail timer, state:3
11-26 21:48:53.016  8427  8467 I BatteryMgr:DataCollectionService: stats => 1701031733016,13427,4445,2136,4169000,100
11-26 21:48:53.029  1795  3659 D ActivityManager: freezer override set to true
11-26 21:48:53.048  1011  1189 I ASH     : @ 378585.220: tcs3701: stop power rail pending_off timer
11-26 21:48:53.048  1011  1189 D ASH     : @ 378585.220: tcs3701: start power rail timer, state:3
11-26 21:48:53.089  1011  1189 I ASH     : @ 378585.260: tcs3701: stop power rail pending_off timer
11-26 21:48:53.089  1011  1189 D ASH     : @ 378585.260: tcs3701: start power rail timer, state:3
11-26 21:48:53.121  8427  8467 I BatteryMgr:DataCollectionService: stats => 1701031733121,13427,4445,2136,4169000,100
11-26 21:48:53.128  1011  1189 I ASH     : @ 378585.300: tcs3701: stop power rail pending_off timer
11-26 21:48:53.128  1011  1189 D ASH     : @ 378585.300: tcs3701: start power rail timer, state:3
11-26 21:48:53.169  1011  1189 I ASH     : @ 378585.340: tcs3701: stop power rail pending_off timer
11-26 21:48:53.169  1011  1189 D ASH     : @ 378585.340: tcs3701: start power rail timer, state:3
11-26 21:48:53.173  8163  8178 I m.chrome.canary: Explicit concurrent copying GC freed 4053(207KB) AllocSpace objects, 5(100KB) LOS objects, 75% free, 14MB/57MB, paused 32us,21us total 55.953ms
11-26 21:48:53.178  2113  2118 I pixel-thermal: skin-therm-monitor: 38.69
11-26 21:48:53.209  1011  1189 I ASH     : @ 378585.380: tcs3701: stop power rail pending_off timer
11-26 21:48:53.209  1011  1189 D ASH     : @ 378585.380: tcs3701: start power rail timer, state:3
11-26 21:48:53.226  8427  8467 I BatteryMgr:DataCollectionService: stats => 1701031733226,13427,4445,2136,4169000,100
11-26 21:48:53.241  1795  3659 D ActivityManager: freezer override set to false
11-26 21:48:53.248  1011  1189 I ASH     : @ 378585.420: tcs3701: stop power rail pending_off timer
11-26 21:48:53.248  1011  1189 D ASH     : @ 378585.420: tcs3701: start power rail timer, state:3
11-26 21:48:53.284  1795  3659 D ActivityManager: freezer override set to true
11-26 21:48:53.287  1795  3659 D ActivityManager: freezer override set to false
11-26 21:48:53.289  1011  1189 I ASH     : @ 378585.460: tcs3701: stop power rail pending_off timer
11-26 21:48:53.289  1011  1189 D ASH     : @ 378585.460: tcs3701: start power rail timer, state:3
11-26 21:48:53.323  1795  3659 D ActivityManager: freezer override set to true
11-26 21:48:53.326  1795  3659 D ActivityManager: freezer override set to false
11-26 21:48:53.328  1011  1189 I ASH     : @ 378585.500: tcs3701: stop power rail pending_off timer
11-26 21:48:53.329  1011  1189 D ASH     : @ 378585.500: tcs3701: start power rail timer, state:3
11-26 21:48:53.330  8427  8467 I BatteryMgr:DataCollectionService: stats => 1701031733330,13427,4445,2136,4169000,100
11-26 21:48:53.369  1011  1189 I ASH     : @ 378585.540: tcs3701: stop power rail pending_off timer
11-26 21:48:53.369  1011  1189 D ASH     : @ 378585.540: tcs3701: start power rail timer, state:3
11-26 21:48:53.409  1011  1189 I ASH     : @ 378585.580: tcs3701: stop power rail pending_off timer
11-26 21:48:53.409  1011  1189 D ASH     : @ 378585.580: tcs3701: start power rail timer, state:3
11-26 21:48:53.435  8427  8467 I BatteryMgr:DataCollectionService: stats => 1701031733435,13427,4445,2136,4169000,100
11-26 21:48:53.449  1011  1189 I ASH     : @ 378585.620: tcs3701: stop power rail pending_off timer
11-26 21:48:53.449  1011  1189 D ASH     : @ 378585.620: tcs3701: start power rail timer, state:3
11-26 21:48:53.489  1011  1189 I ASH     : @ 378585.660: tcs3701: stop power rail pending_off timer
11-26 21:48:53.489  1011  1189 D ASH     : @ 378585.660: tcs3701: start power rail timer, state:3
11-26 21:48:53.529  1011  1189 I ASH     : @ 378585.700: tcs3701: stop power rail pending_off timer
11-26 21:48:53.529  1011  1189 D ASH     : @ 378585.700: tcs3701: start power rail timer, state:3
11-26 21:48:53.539  8427  8467 I BatteryMgr:DataCollectionService: stats => 1701031733539,13427,4445,2136,4169000,100
11-26 21:48:53.569  1011  1189 I ASH     : @ 378585.740: tcs3701: stop power rail pending_off timer
11-26 21:48:53.569  1011  1189 D ASH     : @ 378585.740: tcs3701: start power rail timer, state:3
11-26 21:48:53.609  1011  1189 I ASH     : @ 378585.780: tcs3701: stop power rail pending_off timer
11-26 21:48:53.609  1011  1189 D ASH     : @ 378585.780: tcs3701: start power rail timer, state:3
11-26 21:48:53.643  8427  8467 I BatteryMgr:DataCollectionService: stats => 1701031733643,13427,4445,2136,4169000,100
11-26 21:48:53.649  1011  1189 I ASH     : @ 378585.820: tcs3701: stop power rail pending_off timer
11-26 21:48:53.649  1011  1189 D ASH     : @ 378585.820: tcs3701: start power rail timer, state:3
11-26 21:48:53.689  1011  1189 I ASH     : @ 378585.860: tcs3701: stop power rail pending_off timer
11-26 21:48:53.689  1011  1189 D ASH     : @ 378585.860: tcs3701: start power rail timer, state:3
11-26 21:48:53.729  1011  1189 I ASH     : @ 378585.900: tcs3701: stop power rail pending_off timer
11-26 21:48:53.729  1011  1189 D ASH     : @ 378585.900: tcs3701: start power rail timer, state:3
11-26 21:48:53.748  8427  8467 I BatteryMgr:DataCollectionService: stats => 1701031733747,13427,4445,2136,4169000,100
11-26 21:48:53.769  1011  1189 I ASH     : @ 378585.940: tcs3701: stop power rail pending_off timer
11-26 21:48:53.769  1011  1189 D ASH     : @ 378585.940: tcs3701: start power rail timer, state:3
11-26 21:48:53.809  1011  1189 I ASH     : @ 378585.980: tcs3701: stop power rail pending_off timer
11-26 21:48:53.809  1011  1189 D ASH     : @ 378585.980: tcs3701: start power rail timer, state:3
11-26 21:48:53.848  1011  1189 I ASH     : @ 378586.020: tcs3701: stop power rail pending_off timer
11-26 21:48:53.848  1011  1189 D ASH     : @ 378586.020: tcs3701: start power rail timer, state:3
11-26 21:48:53.852  8427  8467 I BatteryMgr:DataCollectionService: stats => 1701031733852,13427,4445,2136,4169000,100
11-26 21:48:53.889  1011  1189 I ASH     : @ 378586.060: tcs3701: stop power rail pending_off timer
11-26 21:48:53.889  1011  1189 D ASH     : @ 378586.060: tcs3701: start power rail timer, state:3
11-26 21:48:53.928  1011  1189 I ASH     : @ 378586.100: tcs3701: stop power rail pending_off timer
11-26 21:48:53.929  1011  1189 D ASH     : @ 378586.100: tcs3701: start power rail timer, state:3
11-26 21:48:53.956  8427  8467 I BatteryMgr:DataCollectionService: stats => 1701031733956,13427,4445,2136,4169000,100
11-26 21:48:53.969  1011  1189 I ASH     : @ 378586.140: tcs3701: stop power rail pending_off timer
11-26 21:48:53.969  1011  1189 D ASH     : @ 378586.140: tcs3701: start power rail timer, state:3
11-26 21:48:54.009  1011  1189 I ASH     : @ 378586.180: tcs3701: stop power rail pending_off timer
11-26 21:48:54.009  1011  1189 D ASH     : @ 378586.180: tcs3701: start power rail timer, state:3
11-26 21:48:54.049  1011  1189 I ASH     : @ 378586.220: tcs3701: stop power rail pending_off timer
11-26 21:48:54.049  1011  1189 D ASH     : @ 378586.220: tcs3701: start power rail timer, state:3
11-26 21:48:54.059  1795  4165 D ActivityManager: freezer override set to true
11-26 21:48:54.062  8427  8467 I BatteryMgr:DataCollectionService: stats => 1701031734062,13427,4445,2136,4169000,100
11-26 21:48:54.064  1795  4165 D ActivityManager: freezer override set to false
11-26 21:48:54.089  1011  1189 I ASH     : @ 378586.260: tcs3701: stop power rail pending_off timer
11-26 21:48:54.089  1011  1189 D ASH     : @ 378586.260: tcs3701: start power rail timer, state:3
11-26 21:48:54.128  1011  1189 I ASH     : @ 378586.300: tcs3701: stop power rail pending_off timer
11-26 21:48:54.128  1011  1189 D ASH     : @ 378586.300: tcs3701: start power rail timer, state:3
11-26 21:48:54.166  8427  8467 I BatteryMgr:DataCollectionService: stats => 1701031734166,13427,4445,2136,4169000,100
11-26 21:48:54.169  1011  1189 I ASH     : @ 378586.340: tcs3701: stop power rail pending_off timer
11-26 21:48:54.169  1011  1189 D ASH     : @ 378586.340: tcs3701: start power rail timer, state:3
11-26 21:48:54.209  1011  1189 I ASH     : @ 378586.380: tcs3701: stop power rail pending_off timer
11-26 21:48:54.209  1011  1189 D ASH     : @ 378586.380: tcs3701: start power rail timer, state:3
11-26 21:48:54.248  1011  1189 I ASH     : @ 378586.420: tcs3701: stop power rail pending_off timer
11-26 21:48:54.249  1011  1189 D ASH     : @ 378586.420: tcs3701: start power rail timer, state:3
11-26 21:48:54.272  8427  8467 I BatteryMgr:DataCollectionService: stats => 1701031734272,13427,4445,2136,4169000,100
11-26 21:48:54.289  1011  1189 I ASH     : @ 378586.460: tcs3701: stop power rail pending_off timer
11-26 21:48:54.289  1011  1189 D ASH     : @ 378586.460: tcs3701: start power rail timer, state:3
11-26 21:48:54.328  1011  1189 I ASH     : @ 378586.500: tcs3701: stop power rail pending_off timer
11-26 21:48:54.329  1011  1189 D ASH     : @ 378586.500: tcs3701: start power rail timer, state:3
11-26 21:48:54.369  1011  1189 I ASH     : @ 378586.540: tcs3701: stop power rail pending_off timer
11-26 21:48:54.369  1011  1189 D ASH     : @ 378586.540: tcs3701: start power rail timer, state:3
11-26 21:48:54.379  8427  8467 I BatteryMgr:DataCollectionService: stats => 1701031734379,13427,4445,2136,4169000,100
11-26 21:48:54.409  1011  1189 I ASH     : @ 378586.580: tcs3701: stop power rail pending_off timer
11-26 21:48:54.409  1011  1189 D ASH     : @ 378586.580: tcs3701: start power rail timer, state:3
11-26 21:48:54.449  1011  1189 I ASH     : @ 378586.620: tcs3701: stop power rail pending_off timer
11-26 21:48:54.449  1011  1189 D ASH     : @ 378586.620: tcs3701: start power rail timer, state:3
11-26 21:48:54.485  8427  8467 I BatteryMgr:DataCollectionService: stats => 1701031734485,13427,4445,2136,4169000,100
11-26 21:48:54.486  1795  4165 D ActivityManager: freezer override set to true
11-26 21:48:54.489  1011  1189 I ASH     : @ 378586.660: tcs3701: stop power rail pending_off timer
11-26 21:48:54.489  1011  1189 D ASH     : @ 378586.660: tcs3701: start power rail timer, state:3
11-26 21:48:54.528  1011  1189 I ASH     : @ 378586.700: tcs3701: stop power rail pending_off timer
11-26 21:48:54.528  1011  1189 D ASH     : @ 378586.700: tcs3701: start power rail timer, state:3
11-26 21:48:54.569  1011  1189 I ASH     : @ 378586.740: tcs3701: stop power rail pending_off timer
11-26 21:48:54.569  1011  1189 D ASH     : @ 378586.740: tcs3701: start power rail timer, state:3
11-26 21:48:54.590  8427  8467 I BatteryMgr:DataCollectionService: stats => 1701031734590,13427,4445,2136,4169000,100
11-26 21:48:54.609  1011  1189 I ASH     : @ 378586.780: tcs3701: stop power rail pending_off timer
11-26 21:48:54.609  1011  1189 D ASH     : @ 378586.780: tcs3701: start power rail timer, state:3
11-26 21:48:54.638  8163  8178 I m.chrome.canary: Explicit concurrent copying GC freed 3843(192KB) AllocSpace objects, 4(80KB) LOS objects, 75% free, 14MB/57MB, paused 73us,25us total 57.542ms
11-26 21:48:54.648  1011  1189 I ASH     : @ 378586.820: tcs3701: stop power rail pending_off timer
11-26 21:48:54.648  1011  1189 D ASH     : @ 378586.820: tcs3701: start power rail timer, state:3
11-26 21:48:54.689  1011  1189 I ASH     : @ 378586.860: tcs3701: stop power rail pending_off timer
11-26 21:48:54.689  1011  1189 D ASH     : @ 378586.860: tcs3701: start power rail timer, state:3
11-26 21:48:54.697  8427  8467 I BatteryMgr:DataCollectionService: stats => 1701031734697,13427,4445,2136,4169000,100
11-26 21:48:54.704  1795  4165 D ActivityManager: freezer override set to false
11-26 21:48:54.728  1011  1189 I ASH     : @ 378586.900: tcs3701: stop power rail pending_off timer
11-26 21:48:54.729  1011  1189 D ASH     : @ 378586.900: tcs3701: start power rail timer, state:3
11-26 21:48:54.752  1795  4165 D ActivityManager: freezer override set to true
11-26 21:48:54.756  1795  4165 D ActivityManager: freezer override set to false
11-26 21:48:54.769  1011  1189 I ASH     : @ 378586.940: tcs3701: stop power rail pending_off timer
11-26 21:48:54.769  1011  1189 D ASH     : @ 378586.940: tcs3701: start power rail timer, state:3
11-26 21:48:54.792  1795  4165 D ActivityManager: freezer override set to true
11-26 21:48:54.795  1795  4165 D ActivityManager: freezer override set to false
11-26 21:48:54.802  8427  8467 I BatteryMgr:DataCollectionService: stats => 1701031734802,13427,4445,2136,4169000,100
11-26 21:48:54.809  1011  1189 I ASH     : @ 378586.980: tcs3701: stop power rail pending_off timer
11-26 21:48:54.809  1011  1189 D ASH     : @ 378586.980: tcs3701: start power rail timer, state:3
11-26 21:48:54.848  1011  1189 I ASH     : @ 378587.020: tcs3701: stop power rail pending_off timer
11-26 21:48:54.849  1011  1189 D ASH     : @ 378587.020: tcs3701: start power rail timer, state:3
11-26 21:48:54.887  1795  2424 D WifiClientModeImpl[13802:wlan0]: updateLinkLayerStatsRssiSpeedFrequencyCapabilities rssi=-47 TxLinkspeed=780 freq=5240 RxLinkSpeed=866
11-26 21:48:54.887  1795  2424 D WifiDataStall: tx tput in kbps: 651269
11-26 21:48:54.887  1795  2424 D WifiDataStall: rx tput in kbps: 761132
11-26 21:48:54.887  1795  2424 V WifiConfigManager: Updating scan detail cache freq=5240 BSSID=f4:6d:2f:12:cc:88 RSSI=-46 for "ourhome"WPA_PSK
11-26 21:48:54.887  1795  2424 D WifiChannelUtilization:  freq: 5240 onTime: 10598417 busyTime: 973891 onTimeDiff: 950561 busyTimeDiff: 117405 utilization: 31 utilization t0: 23
11-26 21:48:54.887  1795  2424 D WifiDataStall:  ccaLevel = 31
11-26 21:48:54.887  1795  2424 D WifiDataStall: L2 txTputKbps: 651269, rxTputKbps: 761132, L3 txTputKbps: 0, rxTputKbps: 0, TxTrafficHigh: false, RxTrafficHigh: false, Throughput Sufficient: true
11-26 21:48:54.888  2673  2740 V WifiManager: OnWifiUsabilityStatsListener: onWifiUsabilityStats: seqNum=97019
11-26 21:48:54.888  1795  2424 D WifiScoreReport: Wifi scoring disabled - Don't check IP layer
11-26 21:48:54.888  1795  2424 D WifiScoreCard: BSSID update SIGNAL_POLL ID: 1320464697 SSID: "ourhome", BSSID: f4:6d:2f:12:cc:88, MAC: b2:2f:ec:da:4a:0c, IP: /192.168.1.104, Security type: 2, Supplicant state: COMPLETED, Wi-Fi standard: 5, RSSI: -47, Link speed: 780Mbps, Tx Link speed: 780Mbps, Max Supported Tx Link speed: 866Mbps, Rx Link speed: 866Mbps, Max Supported Rx Link speed: 866Mbps, Frequency: 5240MHz, Net ID: 12, Metered hint: false, score: 60, isUsable: true, CarrierMerged: false, SubscriptionId: -1, IsPrimary: 1, Trusted: true, Restricted: false, Ephemeral: false, OEM paid: false, OEM private: false, OSU AP: false, FQDN: <none>, Provider friendly name: <none>, Requesting package name: <none>"ourhome"wpa2-pskMLO Information: , Is TID-To-Link negotiation supported by the AP: false, AP MLD Address: <none>, AP MLO Link Id: <none>, AP MLO Affiliated links: <none>
11-26 21:48:54.888  1795  2424 D WifiScoreCard: txRate: 1 txSpeed: 780
11-26 21:48:54.888  1795  2424 D WifiScoreCard: network update SIGNAL_POLL "ourhome" ID: 1499892569 RSSI -47 txSpeed -1
11-26 21:48:54.888  1795  4165 I WifiService: updateWifiUsabilityScore uid=10180 seqNum=97019 score=100 predictionHorizonSec=1441795
11-26 21:48:54.888  2513 28998 V WifiManager: TrafficStateCallbackProxy: onStateChanged state=0
11-26 21:48:54.888  1795  2424 D WifiClientModeImpl[13802:wlan0]:  ClientModeImpl$L2ConnectedState screen=on 37 0 "ourhome" f4:6d:2f:12:cc:88 rssi=-47 f=5240 sc=60 link=780 tx=0.0, 0.0, 0.0 rx=0.0 bcn=3582752 [on:0 tx:0 rx:0 period:3013] from screen [on:962436 period:19300174] score=60
11-26 21:48:54.889  1795  2424 D WifiScoreReport: Wifi scoring disabled - Notify that Wifi is usable
11-26 21:48:54.889  1011  1189 I ASH     : @ 378587.060: tcs3701: stop power rail pending_off timer
11-26 21:48:54.889  1011  1189 D ASH     : @ 378587.060: tcs3701: start power rail timer, state:3
11-26 21:48:54.891  1795  2432 D ConnectivityService: NetReassign [no changes] [c 0] [a 0] [i 2]
11-26 21:48:54.907  8427  8467 I BatteryMgr:DataCollectionService: stats => 1701031734906,13427,4445,2136,4169000,100
11-26 21:48:54.929  1011  1189 I ASH     : @ 378587.100: tcs3701: stop power rail pending_off timer
11-26 21:48:54.929  1011  1189 D ASH     : @ 378587.100: tcs3701: start power rail timer, state:3
11-26 21:48:54.969  1011  1189 I ASH     : @ 378587.140: tcs3701: stop power rail pending_off timer
11-26 21:48:54.969  1011  1189 D ASH     : @ 378587.140: tcs3701: start power rail timer, state:3
11-26 21:48:55.009  1011  1189 I ASH     : @ 378587.180: tcs3701: stop power rail pending_off timer
11-26 21:48:55.009  1011  1189 D ASH     : @ 378587.180: tcs3701: start power rail timer, state:3
11-26 21:48:55.012  8427  8467 I BatteryMgr:DataCollectionService: stats => 1701031735012,13427,4445,2136,4169000,100
11-26 21:48:55.050  1011  1189 I ASH     : @ 378587.220: tcs3701: stop power rail pending_off timer
11-26 21:48:55.050  1011  1189 D ASH     : @ 378587.220: tcs3701: start power rail timer, state:3
11-26 21:48:55.052  1795  4165 D ActivityManager: freezer override set to true
11-26 21:48:55.058  1795  4165 D ActivityManager: freezer override set to false
11-26 21:48:55.089  1011  1189 I ASH     : @ 378587.260: tcs3701: stop power rail pending_off timer
11-26 21:48:55.089  1011  1189 D ASH     : @ 378587.260: tcs3701: start power rail timer, state:3
11-26 21:48:55.120  8427  8467 I BatteryMgr:DataCollectionService: stats => 1701031735120,13427,4445,2136,4169000,100
11-26 21:48:55.128  1011  1189 I ASH     : @ 378587.300: tcs3701: stop power rail pending_off timer
11-26 21:48:55.129  1011  1189 D ASH     : @ 378587.300: tcs3701: start power rail timer, state:3
11-26 21:48:55.169  1011  1189 I ASH     : @ 378587.340: tcs3701: stop power rail pending_off timer
11-26 21:48:55.169  1011  1189 D ASH     : @ 378587.340: tcs3701: start power rail timer, state:3
11-26 21:48:55.181  2113  2118 I pixel-thermal: skin-therm-monitor: 38.707
11-26 21:48:55.208  1011  1189 I ASH     : @ 378587.380: tcs3701: stop power rail pending_off timer
11-26 21:48:55.209  1011  1189 D ASH     : @ 378587.380: tcs3701: start power rail timer, state:3
11-26 21:48:55.226  8427  8467 I BatteryMgr:DataCollectionService: stats => 1701031735226,13427,4445,2136,4169000,100
11-26 21:48:55.249  1011  1189 I ASH     : @ 378587.420: tcs3701: stop power rail pending_off timer
11-26 21:48:55.249  1011  1189 D ASH     : @ 378587.420: tcs3701: start power rail timer, state:3
11-26 21:48:55.289  1011  1189 I ASH     : @ 378587.460: tcs3701: stop power rail pending_off timer
11-26 21:48:55.289  1011  1189 D ASH     : @ 378587.460: tcs3701: start power rail timer, state:3
11-26 21:48:55.329  1011  1189 I ASH     : @ 378587.500: tcs3701: stop power rail pending_off timer
11-26 21:48:55.329  1011  1189 D ASH     : @ 378587.500: tcs3701: start power rail timer, state:3
11-26 21:48:55.333  8427  8467 I BatteryMgr:DataCollectionService: stats => 1701031735333,13427,4445,2136,4169000,100
11-26 21:48:55.369  1011  1189 I ASH     : @ 378587.540: tcs3701: stop power rail pending_off timer
11-26 21:48:55.369  1011  1189 D ASH     : @ 378587.540: tcs3701: start power rail timer, state:3
11-26 21:48:55.409  1011  1189 I ASH     : @ 378587.580: tcs3701: stop power rail pending_off timer
11-26 21:48:55.409  1011  1189 D ASH     : @ 378587.580: tcs3701: start power rail timer, state:3
11-26 21:48:55.441  8427  8467 I BatteryMgr:DataCollectionService: stats => 1701031735441,13427,4445,2136,4169000,100
11-26 21:48:55.448  1011  1189 I ASH     : @ 378587.620: tcs3701: stop power rail pending_off timer
11-26 21:48:55.449  1011  1189 D ASH     : @ 378587.620: tcs3701: start power rail timer, state:3
11-26 21:48:55.488  1011  1189 I ASH     : @ 378587.660: tcs3701: stop power rail pending_off timer
11-26 21:48:55.489  1011  1189 D ASH     : @ 378587.660: tcs3701: start power rail timer, state:3
11-26 21:48:55.528  1011  1189 I ASH     : @ 378587.700: tcs3701: stop power rail pending_off timer
11-26 21:48:55.528  1011  1189 D ASH     : @ 378587.700: tcs3701: start power rail timer, state:3
11-26 21:48:55.548  8427  8467 I BatteryMgr:DataCollectionService: stats => 1701031735548,13427,4445,2136,4169000,100
11-26 21:48:55.569  1011  1189 I ASH     : @ 378587.740: tcs3701: stop power rail pending_off timer
11-26 21:48:55.569  1011  1189 D ASH     : @ 378587.740: tcs3701: start power rail timer, state:3
11-26 21:48:55.609  1011  1189 I ASH     : @ 378587.780: tcs3701: stop power rail pending_off timer
11-26 21:48:55.609  1011  1189 D ASH     : @ 378587.780: tcs3701: start power rail timer, state:3
11-26 21:48:55.649  1011  1189 I ASH     : @ 378587.820: tcs3701: stop power rail pending_off timer
11-26 21:48:55.649  1011  1189 D ASH     : @ 378587.820: tcs3701: start power rail timer, state:3
11-26 21:48:55.657  8427  8467 I BatteryMgr:DataCollectionService: stats => 1701031735657,13427,4445,2136,4169000,100
11-26 21:48:55.688  1011  1189 I ASH     : @ 378587.860: tcs3701: stop power rail pending_off timer
11-26 21:48:55.689  1011  1189 D ASH     : @ 378587.860: tcs3701: start power rail timer, state:3
11-26 21:48:55.729  1011  1189 I ASH     : @ 378587.900: tcs3701: stop power rail pending_off timer
11-26 21:48:55.729  1011  1189 D ASH     : @ 378587.900: tcs3701: start power rail timer, state:3
11-26 21:48:55.763  8427  8467 I BatteryMgr:DataCollectionService: stats => 1701031735763,13427,4445,2136,4169000,100
11-26 21:48:55.769  1011  1189 I ASH     : @ 378587.940: tcs3701: stop power rail pending_off timer
11-26 21:48:55.769  1011  1189 D ASH     : @ 378587.940: tcs3701: start power rail timer, state:3
11-26 21:48:55.809  1011  1189 I ASH     : @ 378587.980: tcs3701: stop power rail pending_off timer
11-26 21:48:55.809  1011  1189 D ASH     : @ 378587.980: tcs3701: start power rail timer, state:3
11-26 21:48:55.850  1011  1189 I ASH     : @ 378588.020: tcs3701: stop power rail pending_off timer
11-26 21:48:55.850  1011  1189 D ASH     : @ 378588.020: tcs3701: start power rail timer, state:3
11-26 21:48:55.868  8427  8467 I BatteryMgr:DataCollectionService: stats => 1701031735868,13427,4445,2136,4169000,100
11-26 21:48:55.888  1011  1189 I ASH     : @ 378588.060: tcs3701: stop power rail pending_off timer
11-26 21:48:55.889  1011  1189 D ASH     : @ 378588.060: tcs3701: start power rail timer, state:3
11-26 21:48:55.928  1011  1189 I ASH     : @ 378588.100: tcs3701: stop power rail pending_off timer
11-26 21:48:55.928  1011  1189 D ASH     : @ 378588.100: tcs3701: start power rail timer, state:3
11-26 21:48:55.944  1795  4165 D ActivityManager: freezer override set to true
11-26 21:48:55.968  1011  1189 I ASH     : @ 378588.140: tcs3701: stop power rail pending_off timer
11-26 21:48:55.968  1011  1189 D ASH     : @ 378588.140: tcs3701: start power rail timer, state:3
11-26 21:48:55.974  8427  8467 I BatteryMgr:DataCollectionService: stats => 1701031735974,13427,4445,2136,4169000,100
11-26 21:48:56.008  1011  1189 I ASH     : @ 378588.180: tcs3701: stop power rail pending_off timer
11-26 21:48:56.009  1011  1189 D ASH     : @ 378588.180: tcs3701: start power rail timer, state:3
11-26 21:48:56.049  1011  1189 I ASH     : @ 378588.220: tcs3701: stop power rail pending_off timer
11-26 21:48:56.049  1011  1189 D ASH     : @ 378588.220: tcs3701: start power rail timer, state:3
11-26 21:48:56.080  8427  8467 I BatteryMgr:DataCollectionService: stats => 1701031736080,13427,4445,2136,4169000,100
11-26 21:48:56.089  1011  1189 I ASH     : @ 378588.260: tcs3701: stop power rail pending_off timer
11-26 21:48:56.089  1011  1189 D ASH     : @ 378588.260: tcs3701: start power rail timer, state:3
11-26 21:48:56.094  8163  8178 I m.chrome.canary: Explicit concurrent copying GC freed 3825(192KB) AllocSpace objects, 4(80KB) LOS objects, 75% free, 14MB/57MB, paused 111us,20us total 61.848ms
11-26 21:48:56.129  1011  1189 I ASH     : @ 378588.300: tcs3701: stop power rail pending_off timer
11-26 21:48:56.129  1011  1189 D ASH     : @ 378588.300: tcs3701: start power rail timer, state:3
11-26 21:48:56.166  1795  3659 D ActivityManager: freezer override set to false
11-26 21:48:56.168  1011  1189 I ASH     : @ 378588.340: tcs3701: stop power rail pending_off timer
11-26 21:48:56.168  1011  1189 D ASH     : @ 378588.340: tcs3701: start power rail timer, state:3
11-26 21:48:56.186  8427  8467 I BatteryMgr:DataCollectionService: stats => 1701031736186,13427,4445,2136,4169000,100
11-26 21:48:56.209  1011  1189 I ASH     : @ 378588.380: tcs3701: stop power rail pending_off timer
11-26 21:48:56.209  1011  1189 D ASH     : @ 378588.380: tcs3701: start power rail timer, state:3
11-26 21:48:56.210  1795  3659 D ActivityManager: freezer override set to true
11-26 21:48:56.213  1795  3659 D ActivityManager: freezer override set to false
11-26 21:48:56.249  1011  1189 I ASH     : @ 378588.420: tcs3701: stop power rail pending_off timer
11-26 21:48:56.249  1011  1189 D ASH     : @ 378588.420: tcs3701: start power rail timer, state:3
11-26 21:48:56.249  1795  3659 D ActivityManager: freezer override set to true
11-26 21:48:56.252  1795  3659 D ActivityManager: freezer override set to false
11-26 21:48:56.288  1011  1189 I ASH     : @ 378588.460: tcs3701: stop power rail pending_off timer
11-26 21:48:56.288  1011  1189 D ASH     : @ 378588.460: tcs3701: start power rail timer, state:3
11-26 21:48:56.292  8427  8467 I BatteryMgr:DataCollectionService: stats => 1701031736292,13427,4445,2136,4169000,100
11-26 21:48:56.328  1011  1189 I ASH     : @ 378588.500: tcs3701: stop power rail pending_off timer
11-26 21:48:56.329  1011  1189 D ASH     : @ 378588.500: tcs3701: start power rail timer, state:3
11-26 21:48:56.368  1011  1189 I ASH     : @ 378588.540: tcs3701: stop power rail pending_off timer
11-26 21:48:56.369  1011  1189 D ASH     : @ 378588.540: tcs3701: start power rail timer, state:3
11-26 21:48:56.399  8427  8467 I BatteryMgr:DataCollectionService: stats => 1701031736399,13427,4445,2136,4169000,100
11-26 21:48:56.409  1011  1189 I ASH     : @ 378588.580: tcs3701: stop power rail pending_off timer
11-26 21:48:56.409  1011  1189 D ASH     : @ 378588.580: tcs3701: start power rail timer, state:3
11-26 21:48:56.448  1011  1189 I ASH     : @ 378588.620: tcs3701: stop power rail pending_off timer
11-26 21:48:56.449  1011  1189 D ASH     : @ 378588.620: tcs3701: start power rail timer, state:3
11-26 21:48:56.488  1011  1189 I ASH     : @ 378588.660: tcs3701: stop power rail pending_off timer
11-26 21:48:56.489  1011  1189 D ASH     : @ 378588.660: tcs3701: start power rail timer, state:3
11-26 21:48:56.506  8427  8467 I BatteryMgr:DataCollectionService: stats => 1701031736506,13427,4445,2136,4169000,100
11-26 21:48:56.529  1011  1189 I ASH     : @ 378588.700: tcs3701: stop power rail pending_off timer
11-26 21:48:56.529  1011  1189 D ASH     : @ 378588.700: tcs3701: start power rail timer, state:3
11-26 21:48:56.568  1011  1189 I ASH     : @ 378588.740: tcs3701: stop power rail pending_off timer
11-26 21:48:56.568  1011  1189 D ASH     : @ 378588.740: tcs3701: start power rail timer, state:3
11-26 21:48:56.609  1011  1189 I ASH     : @ 378588.780: tcs3701: stop power rail pending_off timer
11-26 21:48:56.609  1011  1189 D ASH     : @ 378588.780: tcs3701: start power rail timer, state:3
11-26 21:48:56.612  8427  8467 I BatteryMgr:DataCollectionService: stats => 1701031736612,13427,4445,2136,4169000,100
11-26 21:48:56.649  1011  1189 I ASH     : @ 378588.820: tcs3701: stop power rail pending_off timer
11-26 21:48:56.649  1011  1189 D ASH     : @ 378588.820: tcs3701: start power rail timer, state:3
11-26 21:48:56.688  1011  1189 I ASH     : @ 378588.860: tcs3701: stop power rail pending_off timer
11-26 21:48:56.689  1011  1189 D ASH     : @ 378588.860: tcs3701: start power rail timer, state:3
11-26 21:48:56.718  8427  8467 I BatteryMgr:DataCollectionService: stats => 1701031736718,13427,4445,2136,4169000,100
11-26 21:48:56.729  1011  1189 I ASH     : @ 378588.900: tcs3701: stop power rail pending_off timer
11-26 21:48:56.729  1011  1189 D ASH     : @ 378588.900: tcs3701: start power rail timer, state:3
11-26 21:48:56.769  1011  1189 I ASH     : @ 378588.940: tcs3701: stop power rail pending_off timer
11-26 21:48:56.769  1011  1189 D ASH     : @ 378588.940: tcs3701: start power rail timer, state:3
11-26 21:48:56.809  1011  1189 I ASH     : @ 378588.980: tcs3701: stop power rail pending_off timer
11-26 21:48:56.809  1011  1189 D ASH     : @ 378588.980: tcs3701: start power rail timer, state:3
11-26 21:48:56.825  8427  8467 I BatteryMgr:DataCollectionService: stats => 1701031736825,13427,4445,2136,4169000,100
11-26 21:48:56.848  1011  1189 I ASH     : @ 378589.020: tcs3701: stop power rail pending_off timer
11-26 21:48:56.849  1011  1189 D ASH     : @ 378589.020: tcs3701: start power rail timer, state:3
11-26 21:48:56.889  1011  1189 I ASH     : @ 378589.060: tcs3701: stop power rail pending_off timer
11-26 21:48:56.889  1011  1189 D ASH     : @ 378589.060: tcs3701: start power rail timer, state:3
11-26 21:48:56.928  1011  1189 I ASH     : @ 378589.100: tcs3701: stop power rail pending_off timer
11-26 21:48:56.929  1011  1189 D ASH     : @ 378589.100: tcs3701: start power rail timer, state:3
11-26 21:48:56.931  8427  8467 I BatteryMgr:DataCollectionService: stats => 1701031736931,13427,4445,2136,4169000,100
11-26 21:48:56.969  1011  1189 I ASH     : @ 378589.140: tcs3701: stop power rail pending_off timer
11-26 21:48:56.969  1011  1189 D ASH     : @ 378589.140: tcs3701: start power rail timer, state:3
11-26 21:48:57.009  1011  1189 I ASH     : @ 378589.180: tcs3701: stop power rail pending_off timer
11-26 21:48:57.009  1011  1189 D ASH     : @ 378589.180: tcs3701: start power rail timer, state:3
11-26 21:48:57.019 26837  4207 I NearbyDiscovery: (REDACTED) loadFastPairModule: checkFeaturesAreAvailable:%d
11-26 21:48:57.019 26837  4207 I NearbyDiscovery: loadFastPairModule: FastPair module is downloaded. [CONTEXT service_id=265 ]
11-26 21:48:57.040  8427  8467 I BatteryMgr:DataCollectionService: stats => 1701031737040,13427,4445,2136,4169000,100
11-26 21:48:57.048  1011  1189 I ASH     : @ 378589.220: tcs3701: stop power rail pending_off timer
11-26 21:48:57.049  1011  1189 D ASH     : @ 378589.220: tcs3701: start power rail timer, state:3
11-26 21:48:57.052  1795  4165 D ActivityManager: freezer override set to true
11-26 21:48:57.056  1795  4165 D ActivityManager: freezer override set to false
11-26 21:48:57.089  1011  1189 I ASH     : @ 378589.260: tcs3701: stop power rail pending_off timer
