11-23 13:11:58.875  1011  1189 D ASH     : @ 88371.074: tcs3701: start power rail timer, state:3
11-23 13:11:58.915  1011  1189 I ASH     : @ 88371.114: tcs3701: stop power rail pending_off timer
11-23 13:11:58.915  1011  1189 D ASH     : @ 88371.114: tcs3701: start power rail timer, state:3
11-23 13:11:58.941  5238  5296 I BatteryMgr:DataCollectionService: stats => 1700741518941,11291,4446,13427,4169000,100
11-23 13:11:58.954  1795  2679 D ActivityManager: freezer override set to true
11-23 13:11:58.956  1011  1189 I ASH     : @ 88371.154: tcs3701: stop power rail pending_off timer
11-23 13:11:58.956  1011  1189 D ASH     : @ 88371.154: tcs3701: start power rail timer, state:3
11-23 13:11:58.959  1795  2679 D ActivityManager: freezer override set to false
11-23 13:11:58.996  1011  1189 I ASH     : @ 88371.194: tcs3701: stop power rail pending_off timer
11-23 13:11:58.996  1011  1189 D ASH     : @ 88371.194: tcs3701: start power rail timer, state:3
11-23 13:11:59.036  1011  1189 I ASH     : @ 88371.234: tcs3701: stop power rail pending_off timer
11-23 13:11:59.036  1011  1189 D ASH     : @ 88371.234: tcs3701: start power rail timer, state:3
11-23 13:11:59.048  5238  5296 I BatteryMgr:DataCollectionService: stats => 1700741519048,11291,4446,13427,4169000,100
11-23 13:11:59.075  1011  1189 I ASH     : @ 88371.274: tcs3701: stop power rail pending_off timer
11-23 13:11:59.076  1011  1189 D ASH     : @ 88371.274: tcs3701: start power rail timer, state:3
11-23 13:11:59.097  2113  2118 I pixel-thermal: skin-therm-monitor: 39.305
11-23 13:11:59.116  1011  1189 I ASH     : @ 88371.314: tcs3701: stop power rail pending_off timer
11-23 13:11:59.116  1011  1189 D ASH     : @ 88371.314: tcs3701: start power rail timer, state:3
11-23 13:11:59.153  5238  5296 I BatteryMgr:DataCollectionService: stats => 1700741519153,11291,4446,13427,4169000,100
11-23 13:11:59.155  1011  1189 I ASH     : @ 88371.354: tcs3701: stop power rail pending_off timer
11-23 13:11:59.155  1011  1189 D ASH     : @ 88371.354: tcs3701: start power rail timer, state:3
11-23 13:11:59.195  1011  1189 I ASH     : @ 88371.394: tcs3701: stop power rail pending_off timer
11-23 13:11:59.195  1011  1189 D ASH     : @ 88371.394: tcs3701: start power rail timer, state:3
11-23 13:11:59.236  1011  1189 I ASH     : @ 88371.434: tcs3701: stop power rail pending_off timer
11-23 13:11:59.236  1011  1189 D ASH     : @ 88371.434: tcs3701: start power rail timer, state:3
11-23 13:11:59.247  1795  2679 D ActivityManager: freezer override set to true
11-23 13:11:59.259  5238  5296 I BatteryMgr:DataCollectionService: stats => 1700741519259,11291,4446,13427,4169000,100
11-23 13:11:59.277  1011  1189 I ASH     : @ 88371.474: tcs3701: stop power rail pending_off timer
11-23 13:11:59.277  1011  1189 D ASH     : @ 88371.474: tcs3701: start power rail timer, state:3
11-23 13:11:59.315  1011  1189 I ASH     : @ 88371.514: tcs3701: stop power rail pending_off timer
11-23 13:11:59.315  1011  1189 D ASH     : @ 88371.514: tcs3701: start power rail timer, state:3
11-23 13:11:59.356  1011  1189 I ASH     : @ 88371.554: tcs3701: stop power rail pending_off timer
11-23 13:11:59.356  1011  1189 D ASH     : @ 88371.554: tcs3701: start power rail timer, state:3
11-23 13:11:59.358 28190 28204 I m.chrome.canary: Explicit concurrent copying GC freed 3804(191KB) AllocSpace objects, 4(80KB) LOS objects, 75% free, 12MB/48MB, paused 83us,57us total 71.011ms
11-23 13:11:59.363  5238  5296 I BatteryMgr:DataCollectionService: stats => 1700741519363,11291,4446,13427,4169000,100
11-23 13:11:59.395  1011  1189 I ASH     : @ 88371.594: tcs3701: stop power rail pending_off timer
11-23 13:11:59.396  1011  1189 D ASH     : @ 88371.594: tcs3701: start power rail timer, state:3
11-23 13:11:59.420  1795  2679 D ActivityManager: freezer override set to false
11-23 13:11:59.436  1011  1189 I ASH     : @ 88371.634: tcs3701: stop power rail pending_off timer
11-23 13:11:59.436  1011  1189 D ASH     : @ 88371.634: tcs3701: start power rail timer, state:3
11-23 13:11:59.466  5238  5296 I BatteryMgr:DataCollectionService: stats => 1700741519466,11291,4446,13427,4169000,100
11-23 13:11:59.471  1795  2679 D ActivityManager: freezer override set to true
11-23 13:11:59.474  1795  2679 D ActivityManager: freezer override set to false
11-23 13:11:59.475  1011  1189 I ASH     : @ 88371.674: tcs3701: stop power rail pending_off timer
11-23 13:11:59.475  1011  1189 D ASH     : @ 88371.674: tcs3701: start power rail timer, state:3
11-23 13:11:59.515  1011  1189 I ASH     : @ 88371.714: tcs3701: stop power rail pending_off timer
11-23 13:11:59.516  1011  1189 D ASH     : @ 88371.714: tcs3701: start power rail timer, state:3
11-23 13:11:59.556  1011  1189 I ASH     : @ 88371.754: tcs3701: stop power rail pending_off timer
11-23 13:11:59.556  1011  1189 D ASH     : @ 88371.754: tcs3701: start power rail timer, state:3
11-23 13:11:59.572  5238  5296 I BatteryMgr:DataCollectionService: stats => 1700741519572,11291,4446,13427,4169000,100
11-23 13:11:59.595  1011  1189 I ASH     : @ 88371.794: tcs3701: stop power rail pending_off timer
11-23 13:11:59.596  1011  1189 D ASH     : @ 88371.794: tcs3701: start power rail timer, state:3
11-23 13:11:59.619  1795  2424 D WifiClientModeImpl[13802:wlan0]: updateLinkLayerStatsRssiSpeedFrequencyCapabilities rssi=-48 TxLinkspeed=866 freq=5240 RxLinkSpeed=866
11-23 13:11:59.621  1795  2424 D WifiDataStall: tx tput in kbps: 748785
11-23 13:11:59.621  1795  2424 D WifiDataStall: rx tput in kbps: 788195
11-23 13:11:59.621  1795  2424 V WifiConfigManager: Updating scan detail cache freq=5240 BSSID=f4:6d:2f:12:cc:88 RSSI=-48 for "ourhome"WPA_PSK
11-23 13:11:59.621  2782  5906 D QCNEJ/WlanStaInfoRelay: Received action: android.net.wifi.RSSI_CHANGED
11-23 13:11:59.621  3213  8092 V WifiManager: OnWifiUsabilityStatsListener: onWifiUsabilityStats: seqNum=29189
11-23 13:11:59.621  1795  2424 D WifiChannelUtilization:  freq: 5240 onTime: 2592230 busyTime: 235234 onTimeDiff: 2591935 busyTimeDiff: 235217 utilization: 23 utilization t0: 23
11-23 13:11:59.621  1795  2424 D WifiDataStall:  ccaLevel = 23
11-23 13:11:59.621  1795  2424 D WifiDataStall: L2 txTputKbps: 748785, rxTputKbps: 788195, L3 txTputKbps: 0, rxTputKbps: 0, TxTrafficHigh: false, RxTrafficHigh: false, Throughput Sufficient: true
11-23 13:11:59.622  1795  2424 D WifiScoreReport: Wifi scoring disabled - Don't check IP layer
11-23 13:11:59.622  1795  2679 I WifiService: updateWifiUsabilityScore uid=10180 seqNum=29189 score=100 predictionHorizonSec=1441795
11-23 13:11:59.622  1795  2424 D WifiScoreCard: BSSID update SIGNAL_POLL ID: 1320464697 SSID: "ourhome", BSSID: f4:6d:2f:12:cc:88, MAC: b2:2f:ec:da:4a:0c, IP: /192.168.1.104, Security type: 2, Supplicant state: COMPLETED, Wi-Fi standard: 5, RSSI: -48, Link speed: 866Mbps, Tx Link speed: 866Mbps, Max Supported Tx Link speed: 866Mbps, Rx Link speed: 866Mbps, Max Supported Rx Link speed: 866Mbps, Frequency: 5240MHz, Net ID: 12, Metered hint: false, score: 60, isUsable: true, CarrierMerged: false, SubscriptionId: -1, IsPrimary: 1, Trusted: true, Restricted: false, Ephemeral: false, OEM paid: false, OEM private: false, OSU AP: false, FQDN: <none>, Provider friendly name: <none>, Requesting package name: <none>"ourhome"wpa2-pskMLO Information: , Is TID-To-Link negotiation supported by the AP: false, AP MLD Address: <none>, AP MLO Link Id: <none>, AP MLO Affiliated links: <none>
11-23 13:11:59.622  1795  2424 D WifiScoreCard: txRate: 1 txSpeed: 866
11-23 13:11:59.622  1795  2424 D WifiScoreCard: network update SIGNAL_POLL "ourhome" ID: 1499892569 RSSI -48 txSpeed -1
11-23 13:11:59.623  2513  4457 V WifiManager: TrafficStateCallbackProxy: onStateChanged state=0
11-23 13:11:59.623  1795  2424 D WifiClientModeImpl[13802:wlan0]:  ClientModeImpl$L2ConnectedState screen=on 15 0 "ourhome" f4:6d:2f:12:cc:88 rssi=-48 f=5240 sc=60 link=866 tx=0.1, 0.1, 0.0 rx=0.1 bcn=844026 [on:0 tx:0 rx:1 period:3018] from screen [on:277394 period:3840351] score=60
11-23 13:11:59.623  1795  2424 D WifiScoreReport: Wifi scoring disabled - Notify that Wifi is usable
11-23 13:11:59.627  1795  2432 D ConnectivityService: NetReassign [no changes] [c 1] [a 0] [i 2]
11-23 13:11:59.636  1011  1189 I ASH     : @ 88371.834: tcs3701: stop power rail pending_off timer
11-23 13:11:59.636  1011  1189 D ASH     : @ 88371.834: tcs3701: start power rail timer, state:3
11-23 13:11:59.675  1011  1189 I ASH     : @ 88371.874: tcs3701: stop power rail pending_off timer
11-23 13:11:59.675  1011  1189 D ASH     : @ 88371.874: tcs3701: start power rail timer, state:3
11-23 13:11:59.677  5238  5296 I BatteryMgr:DataCollectionService: stats => 1700741519677,11291,4446,13427,4169000,100
11-23 13:11:59.715  1011  1189 I ASH     : @ 88371.914: tcs3701: stop power rail pending_off timer
11-23 13:11:59.715  1011  1189 D ASH     : @ 88371.914: tcs3701: start power rail timer, state:3
11-23 13:11:59.747  1795  2424 D WifiNetworkSelector: Current connected network: 12
11-23 13:11:59.747  1795  2424 V WifiConnectivityManager: No partial scan because firmware roaming is supported.
11-23 13:11:59.747  1795  2424 V WifiConnectivityManager: schedulePeriodicScanTimer intervalMs 20000
11-23 13:11:59.755  1011  1189 I ASH     : @ 88371.954: tcs3701: stop power rail pending_off timer
11-23 13:11:59.755  1011  1189 D ASH     : @ 88371.954: tcs3701: start power rail timer, state:3
11-23 13:11:59.782  5238  5296 I BatteryMgr:DataCollectionService: stats => 1700741519782,11291,4446,13427,4169000,100
11-23 13:11:59.795  1011  1189 I ASH     : @ 88371.994: tcs3701: stop power rail pending_off timer
11-23 13:11:59.795  1011  1189 D ASH     : @ 88371.994: tcs3701: start power rail timer, state:3
11-23 13:11:59.836  1011  1189 I ASH     : @ 88372.034: tcs3701: stop power rail pending_off timer
11-23 13:11:59.836  1011  1189 D ASH     : @ 88372.034: tcs3701: start power rail timer, state:3
11-23 13:11:59.875  1011  1189 I ASH     : @ 88372.074: tcs3701: stop power rail pending_off timer
11-23 13:11:59.875  1011  1189 D ASH     : @ 88372.074: tcs3701: start power rail timer, state:3
11-23 13:11:59.888  5238  5296 I BatteryMgr:DataCollectionService: stats => 1700741519888,11291,4446,13427,4169000,100
11-23 13:11:59.916  1011  1189 I ASH     : @ 88372.114: tcs3701: stop power rail pending_off timer
11-23 13:11:59.916  1011  1189 D ASH     : @ 88372.114: tcs3701: start power rail timer, state:3
11-23 13:11:59.952  1795  4158 D ActivityManager: freezer override set to true
11-23 13:11:59.955  1011  1189 I ASH     : @ 88372.154: tcs3701: stop power rail pending_off timer
11-23 13:11:59.956  1011  1189 D ASH     : @ 88372.154: tcs3701: start power rail timer, state:3
11-23 13:11:59.957  1795  4158 D ActivityManager: freezer override set to false
11-23 13:11:59.994  5238  5296 I BatteryMgr:DataCollectionService: stats => 1700741519994,11291,4446,13427,4169000,100
11-23 13:11:59.996  1011  1189 I ASH     : @ 88372.194: tcs3701: stop power rail pending_off timer
11-23 13:11:59.996  1011  1189 D ASH     : @ 88372.194: tcs3701: start power rail timer, state:3
11-23 13:12:00.004  3579  3877 I AiAiEcho: (REDACTED) Predicting[%d]: %s
11-23 13:12:00.005  3579  3877 I AiAiEcho: (REDACTED) EchoTargets: %s
11-23 13:12:00.005  3579  3877 I AiAiEcho: Filtered by AiAi flag check: %s
11-23 13:12:00.006  3579  3877 I AiAiEcho: (REDACTED) Ranked targets strategy: %s, count: %d, ranking metadata: %s
11-23 13:12:00.006  3579  3877 I AiAiEcho: (REDACTED) #weatherTwiddler: Weather removes SubtitleSupplementalItem in surface: %s
11-23 13:12:00.006  3579  3877 I AiAiEcho: (REDACTED) Predicting[%d]: %s
11-23 13:12:00.007  3579  3877 I AiAiEcho: (REDACTED) EchoTargets: %s
11-23 13:12:00.007  3579  3877 I AiAiEcho: Filtered by AiAi flag check: %s
11-23 13:12:00.007  3579  3877 I AiAiEcho: (REDACTED) Ranked targets strategy: %s, count: %d, ranking metadata: %s
11-23 13:12:00.008  3579  3877 I AiAiEcho: (REDACTED) #weatherTwiddler: Weather removes SubtitleSupplementalItem in surface: %s
11-23 13:12:00.011  3579  3877 I AiAiEcho: (REDACTED) #postPredictionTargets: Sending updates to UISurface %s with targets# %s (types=[%s])
11-23 13:12:00.015  3579  3877 I AiAiEcho: (REDACTED) #postPredictionTargets: Sending updates to UISurface %s with targets# %s (types=[%s])
11-23 13:12:00.017  2940  2940 D SsBaseTemplateCard: No text view can be set up
11-23 13:12:00.019  2940  2940 D SsBaseTemplateCard: Passed-in item info is null
11-23 13:12:00.019  2940  2940 D SsBaseTemplateCard: Passed-in item info is null
11-23 13:12:00.019  2940  2940 I SsBaseTemplateCard: Secondary card pane is null
11-23 13:12:00.021  2513  2513 D SsBaseTemplateCard: No text view can be set up
11-23 13:12:00.021  2513  2513 D SsBaseTemplateCard: Passed-in item info is null
11-23 13:12:00.021  2513  2513 D SsBaseTemplateCard: Passed-in item info is null
11-23 13:12:00.021  2513  2513 I SsBaseTemplateCard: Secondary card pane is null
11-23 13:12:00.036  1011  1189 I ASH     : @ 88372.234: tcs3701: stop power rail pending_off timer
11-23 13:12:00.036  1011  1189 D ASH     : @ 88372.234: tcs3701: start power rail timer, state:3
11-23 13:12:00.076  1011  1189 I ASH     : @ 88372.274: tcs3701: stop power rail pending_off timer
11-23 13:12:00.076  1011  1189 D ASH     : @ 88372.274: tcs3701: start power rail timer, state:3
11-23 13:12:00.100  5238  5296 I BatteryMgr:DataCollectionService: stats => 1700741520100,11291,4446,13427,4169000,100
11-23 13:12:00.116  1011  1189 I ASH     : @ 88372.314: tcs3701: stop power rail pending_off timer
11-23 13:12:00.116  1011  1189 D ASH     : @ 88372.314: tcs3701: start power rail timer, state:3
11-23 13:12:00.155  1011  1189 I ASH     : @ 88372.354: tcs3701: stop power rail pending_off timer
11-23 13:12:00.155  1011  1189 D ASH     : @ 88372.354: tcs3701: start power rail timer, state:3
11-23 13:12:00.196  1011  1189 I ASH     : @ 88372.394: tcs3701: stop power rail pending_off timer
11-23 13:12:00.196  1011  1189 D ASH     : @ 88372.394: tcs3701: start power rail timer, state:3
11-23 13:12:00.207  5238  5296 I BatteryMgr:DataCollectionService: stats => 1700741520207,11291,4446,13427,4169000,100
11-23 13:12:00.236  1011  1189 I ASH     : @ 88372.434: tcs3701: stop power rail pending_off timer
11-23 13:12:00.236  1011  1189 D ASH     : @ 88372.434: tcs3701: start power rail timer, state:3
11-23 13:12:00.276  1011  1189 I ASH     : @ 88372.474: tcs3701: stop power rail pending_off timer
11-23 13:12:00.276  1011  1189 D ASH     : @ 88372.474: tcs3701: start power rail timer, state:3
11-23 13:12:00.315  1011  1189 I ASH     : @ 88372.514: tcs3701: stop power rail pending_off timer
11-23 13:12:00.316  1011  1189 D ASH     : @ 88372.514: tcs3701: start power rail timer, state:3
11-23 13:12:00.316  5238  5296 I BatteryMgr:DataCollectionService: stats => 1700741520316,11291,4446,13427,4169000,100
11-23 13:12:00.355  1011  1189 I ASH     : @ 88372.554: tcs3701: stop power rail pending_off timer
11-23 13:12:00.355  1011  1189 D ASH     : @ 88372.554: tcs3701: start power rail timer, state:3
11-23 13:12:00.395  1011  1189 I ASH     : @ 88372.594: tcs3701: stop power rail pending_off timer
11-23 13:12:00.396  1011  1189 D ASH     : @ 88372.594: tcs3701: start power rail timer, state:3
11-23 13:12:00.423  5238  5296 I BatteryMgr:DataCollectionService: stats => 1700741520423,11291,4446,13427,4169000,100
11-23 13:12:00.435  1011  1189 I ASH     : @ 88372.634: tcs3701: stop power rail pending_off timer
11-23 13:12:00.436  1011  1189 D ASH     : @ 88372.634: tcs3701: start power rail timer, state:3
11-23 13:12:00.458 27411 27477 I Finsky  : [1789] ocm.run(189): Stats for Executor: BlockingExecutor oks@a31606f[Running, pool size = 5, active threads = 0, queued tasks = 0, completed tasks = 16]
11-23 13:12:00.458 27411 27477 I Finsky  : [1789] ocm.run(189): Stats for Executor: LightweightExecutor oks@742117c[Running, pool size = 4, active threads = 0, queued tasks = 0, completed tasks = 119]
11-23 13:12:00.476  1011  1189 I ASH     : @ 88372.674: tcs3701: stop power rail pending_off timer
11-23 13:12:00.476  1011  1189 D ASH     : @ 88372.674: tcs3701: start power rail timer, state:3
11-23 13:12:00.504 27411 27477 I Finsky  : [1789] ocm.run(189): Stats for Executor: bgExecutor oks@a5d6a05[Running, pool size = 4, active threads = 0, queued tasks = 0, completed tasks = 144]
11-23 13:12:00.516  1011  1189 I ASH     : @ 88372.714: tcs3701: stop power rail pending_off timer
11-23 13:12:00.516  1011  1189 D ASH     : @ 88372.714: tcs3701: start power rail timer, state:3
11-23 13:12:00.530  5238  5296 I BatteryMgr:DataCollectionService: stats => 1700741520529,11291,4446,13427,4169000,100
11-23 13:12:00.556  1011  1189 I ASH     : @ 88372.754: tcs3701: stop power rail pending_off timer
11-23 13:12:00.556  1011  1189 D ASH     : @ 88372.754: tcs3701: start power rail timer, state:3
11-23 13:12:00.596  1011  1189 I ASH     : @ 88372.794: tcs3701: stop power rail pending_off timer
11-23 13:12:00.596  1011  1189 D ASH     : @ 88372.794: tcs3701: start power rail timer, state:3
11-23 13:12:00.635  5238  5296 I BatteryMgr:DataCollectionService: stats => 1700741520635,11291,4446,13427,4169000,100
11-23 13:12:00.636  1011  1189 I ASH     : @ 88372.834: tcs3701: stop power rail pending_off timer
11-23 13:12:00.636  1011  1189 D ASH     : @ 88372.834: tcs3701: start power rail timer, state:3
11-23 13:12:00.675  1795  2679 D ActivityManager: freezer override set to true
11-23 13:12:00.675  1011  1189 I ASH     : @ 88372.874: tcs3701: stop power rail pending_off timer
11-23 13:12:00.675  1011  1189 D ASH     : @ 88372.874: tcs3701: start power rail timer, state:3
11-23 13:12:00.716  1011  1189 I ASH     : @ 88372.914: tcs3701: stop power rail pending_off timer
11-23 13:12:00.716  1011  1189 D ASH     : @ 88372.914: tcs3701: start power rail timer, state:3
11-23 13:12:00.740  5238  5296 I BatteryMgr:DataCollectionService: stats => 1700741520740,11291,4446,13427,4169000,100
11-23 13:12:00.755  1011  1189 I ASH     : @ 88372.954: tcs3701: stop power rail pending_off timer
11-23 13:12:00.755  1011  1189 D ASH     : @ 88372.954: tcs3701: start power rail timer, state:3
11-23 13:12:00.761 28190 28204 I m.chrome.canary: Explicit concurrent copying GC freed 3594(176KB) AllocSpace objects, 3(60KB) LOS objects, 75% free, 12MB/48MB, paused 37us,23us total 45.974ms
11-23 13:12:00.796  1011  1189 I ASH     : @ 88372.994: tcs3701: stop power rail pending_off timer
11-23 13:12:00.796  1011  1189 D ASH     : @ 88372.994: tcs3701: start power rail timer, state:3
11-23 13:12:00.820  1795  2679 D ActivityManager: freezer override set to false
11-23 13:12:00.835  1011  1189 I ASH     : @ 88373.034: tcs3701: stop power rail pending_off timer
11-23 13:12:00.835  1011  1189 D ASH     : @ 88373.034: tcs3701: start power rail timer, state:3
11-23 13:12:00.846  5238  5296 I BatteryMgr:DataCollectionService: stats => 1700741520846,11291,4446,13427,4169000,100
11-23 13:12:00.864  1795  4158 D ActivityManager: freezer override set to true
11-23 13:12:00.867  1795  4158 D ActivityManager: freezer override set to false
11-23 13:12:00.876  1011  1189 I ASH     : @ 88373.074: tcs3701: stop power rail pending_off timer
11-23 13:12:00.876  1011  1189 D ASH     : @ 88373.074: tcs3701: start power rail timer, state:3
11-23 13:12:00.915  1011  1189 I ASH     : @ 88373.114: tcs3701: stop power rail pending_off timer
11-23 13:12:00.915  1011  1189 D ASH     : @ 88373.114: tcs3701: start power rail timer, state:3
11-23 13:12:00.928 11364 11364 I EuiccGoogle: [2] EuiccServiceImpl.onDestroy: onDestroy: EuiccService on destroy.
11-23 13:12:00.952  5238  5296 I BatteryMgr:DataCollectionService: stats => 1700741520952,11291,4446,13427,4169000,100
11-23 13:12:00.955  1011  1189 I ASH     : @ 88373.154: tcs3701: stop power rail pending_off timer
11-23 13:12:00.955  1011  1189 D ASH     : @ 88373.154: tcs3701: start power rail timer, state:3
11-23 13:12:00.956 11364 11372 W e.android.euicc: Reducing the number of considered missed Gc histogram windows from 630 to 100
11-23 13:12:00.969  1795  2679 D ActivityManager: freezer override set to true
11-23 13:12:00.973  1795  2679 D ActivityManager: freezer override set to false
11-23 13:12:00.996  1011  1189 I ASH     : @ 88373.194: tcs3701: stop power rail pending_off timer
11-23 13:12:00.996  1011  1189 D ASH     : @ 88373.194: tcs3701: start power rail timer, state:3
11-23 13:12:01.035  1011  1189 I ASH     : @ 88373.234: tcs3701: stop power rail pending_off timer
11-23 13:12:01.036  1011  1189 D ASH     : @ 88373.234: tcs3701: start power rail timer, state:3
11-23 13:12:01.057  5238  5296 I BatteryMgr:DataCollectionService: stats => 1700741521057,11291,4446,13427,4169000,100
11-23 13:12:01.075  1011  1189 I ASH     : @ 88373.274: tcs3701: stop power rail pending_off timer
11-23 13:12:01.075  1011  1189 D ASH     : @ 88373.274: tcs3701: start power rail timer, state:3
11-23 13:12:01.100  2113  2118 I pixel-thermal: skin-therm-monitor: 39.318
11-23 13:12:01.115  1011  1189 I ASH     : @ 88373.314: tcs3701: stop power rail pending_off timer
11-23 13:12:01.116  1011  1189 D ASH     : @ 88373.314: tcs3701: start power rail timer, state:3
11-23 13:12:01.156  1011  1189 I ASH     : @ 88373.354: tcs3701: stop power rail pending_off timer
11-23 13:12:01.156  1011  1189 D ASH     : @ 88373.354: tcs3701: start power rail timer, state:3
11-23 13:12:01.162  5238  5296 I BatteryMgr:DataCollectionService: stats => 1700741521162,11291,4446,13427,4169000,100
11-23 13:12:01.196  1011  1189 I ASH     : @ 88373.394: tcs3701: stop power rail pending_off timer
11-23 13:12:01.196  1011  1189 D ASH     : @ 88373.394: tcs3701: start power rail timer, state:3
11-23 13:12:01.235  1011  1189 I ASH     : @ 88373.434: tcs3701: stop power rail pending_off timer
11-23 13:12:01.235  1011  1189 D ASH     : @ 88373.434: tcs3701: start power rail timer, state:3
11-23 13:12:01.267  5238  5296 I BatteryMgr:DataCollectionService: stats => 1700741521267,11291,4446,13427,4169000,100
11-23 13:12:01.275  1011  1189 I ASH     : @ 88373.474: tcs3701: stop power rail pending_off timer
11-23 13:12:01.276  1011  1189 D ASH     : @ 88373.474: tcs3701: start power rail timer, state:3
11-23 13:12:01.316  1011  1189 I ASH     : @ 88373.514: tcs3701: stop power rail pending_off timer
11-23 13:12:01.316  1011  1189 D ASH     : @ 88373.514: tcs3701: start power rail timer, state:3
11-23 13:12:01.355  1011  1189 I ASH     : @ 88373.554: tcs3701: stop power rail pending_off timer
11-23 13:12:01.355  1011  1189 D ASH     : @ 88373.554: tcs3701: start power rail timer, state:3
11-23 13:12:01.373  5238  5296 I BatteryMgr:DataCollectionService: stats => 1700741521373,11291,4446,13427,4169000,100
11-23 13:12:01.395  1011  1189 I ASH     : @ 88373.594: tcs3701: stop power rail pending_off timer
11-23 13:12:01.395  1011  1189 D ASH     : @ 88373.594: tcs3701: start power rail timer, state:3
11-23 13:12:01.435  1011  1189 I ASH     : @ 88373.634: tcs3701: stop power rail pending_off timer
11-23 13:12:01.435  1011  1189 D ASH     : @ 88373.634: tcs3701: start power rail timer, state:3
11-23 13:12:01.476  1011  1189 I ASH     : @ 88373.674: tcs3701: stop power rail pending_off timer
11-23 13:12:01.476  1011  1189 D ASH     : @ 88373.674: tcs3701: start power rail timer, state:3
11-23 13:12:01.480  5238  5296 I BatteryMgr:DataCollectionService: stats => 1700741521480,11291,4446,13427,4169000,100
11-23 13:12:01.516  1011  1189 I ASH     : @ 88373.714: tcs3701: stop power rail pending_off timer
11-23 13:12:01.516  1011  1189 D ASH     : @ 88373.714: tcs3701: start power rail timer, state:3
11-23 13:12:01.556  1011  1189 I ASH     : @ 88373.754: tcs3701: stop power rail pending_off timer
11-23 13:12:01.556  1011  1189 D ASH     : @ 88373.754: tcs3701: start power rail timer, state:3
11-23 13:12:01.586  5238  5296 I BatteryMgr:DataCollectionService: stats => 1700741521586,11291,4446,13427,4169000,100
11-23 13:12:01.595  1011  1189 I ASH     : @ 88373.794: tcs3701: stop power rail pending_off timer
11-23 13:12:01.596  1011  1189 D ASH     : @ 88373.794: tcs3701: start power rail timer, state:3
11-23 13:12:01.636  1011  1189 I ASH     : @ 88373.834: tcs3701: stop power rail pending_off timer
11-23 13:12:01.636  1011  1189 D ASH     : @ 88373.834: tcs3701: start power rail timer, state:3
11-23 13:12:01.676  1011  1189 I ASH     : @ 88373.874: tcs3701: stop power rail pending_off timer
11-23 13:12:01.676  1011  1189 D ASH     : @ 88373.874: tcs3701: start power rail timer, state:3
11-23 13:12:01.692  5238  5296 I BatteryMgr:DataCollectionService: stats => 1700741521692,11291,4446,13427,4169000,100
11-23 13:12:01.716  1011  1189 I ASH     : @ 88373.914: tcs3701: stop power rail pending_off timer
11-23 13:12:01.716  1011  1189 D ASH     : @ 88373.914: tcs3701: start power rail timer, state:3
11-23 13:12:01.755  1011  1189 I ASH     : @ 88373.954: tcs3701: stop power rail pending_off timer
11-23 13:12:01.755  1011  1189 D ASH     : @ 88373.954: tcs3701: start power rail timer, state:3
11-23 13:12:01.796  1011  1189 I ASH     : @ 88373.994: tcs3701: stop power rail pending_off timer
11-23 13:12:01.796  1011  1189 D ASH     : @ 88373.994: tcs3701: start power rail timer, state:3
11-23 13:12:01.799  5238  5296 I BatteryMgr:DataCollectionService: stats => 1700741521799,11291,4446,13427,4169000,100
11-23 13:12:01.835  1011  1189 I ASH     : @ 88374.034: tcs3701: stop power rail pending_off timer
11-23 13:12:01.836  1011  1189 D ASH     : @ 88374.034: tcs3701: start power rail timer, state:3
11-23 13:12:01.876  1011  1189 I ASH     : @ 88374.074: tcs3701: stop power rail pending_off timer
11-23 13:12:01.876  1011  1189 D ASH     : @ 88374.074: tcs3701: start power rail timer, state:3
11-23 13:12:01.906  5238  5296 I BatteryMgr:DataCollectionService: stats => 1700741521906,11291,4446,13427,4169000,100
11-23 13:12:01.915  1011  1189 I ASH     : @ 88374.114: tcs3701: stop power rail pending_off timer
11-23 13:12:01.915  1011  1189 D ASH     : @ 88374.114: tcs3701: start power rail timer, state:3
11-23 13:12:01.955  1011  1189 I ASH     : @ 88374.154: tcs3701: stop power rail pending_off timer
11-23 13:12:01.956  1011  1189 D ASH     : @ 88374.154: tcs3701: start power rail timer, state:3
11-23 13:12:01.962  1795  3634 D ActivityManager: freezer override set to true
11-23 13:12:01.967  1795  3634 D ActivityManager: freezer override set to false
11-23 13:12:01.996  1011  1189 I ASH     : @ 88374.194: tcs3701: stop power rail pending_off timer
11-23 13:12:01.996  1011  1189 D ASH     : @ 88374.194: tcs3701: start power rail timer, state:3
11-23 13:12:02.017  5238  5296 I BatteryMgr:DataCollectionService: stats => 1700741522017,11291,4446,13427,4169000,100
11-23 13:12:02.035  1011  1189 I ASH     : @ 88374.234: tcs3701: stop power rail pending_off timer
11-23 13:12:02.035  1011  1189 D ASH     : @ 88374.234: tcs3701: start power rail timer, state:3
11-23 13:12:02.075  1011  1189 I ASH     : @ 88374.274: tcs3701: stop power rail pending_off timer
11-23 13:12:02.075  1011  1189 D ASH     : @ 88374.274: tcs3701: start power rail timer, state:3
11-23 13:12:02.115  1011  1189 I ASH     : @ 88374.314: tcs3701: stop power rail pending_off timer
11-23 13:12:02.115  1011  1189 D ASH     : @ 88374.314: tcs3701: start power rail timer, state:3
11-23 13:12:02.122  5238  5296 I BatteryMgr:DataCollectionService: stats => 1700741522122,11291,4446,13427,4169000,100
11-23 13:12:02.124  1795  2679 D ActivityManager: freezer override set to true
11-23 13:12:02.156  1011  1189 I ASH     : @ 88374.354: tcs3701: stop power rail pending_off timer
11-23 13:12:02.156  1011  1189 D ASH     : @ 88374.354: tcs3701: start power rail timer, state:3
11-23 13:12:02.195  1011  1189 I ASH     : @ 88374.394: tcs3701: stop power rail pending_off timer
11-23 13:12:02.195  1011  1189 D ASH     : @ 88374.394: tcs3701: start power rail timer, state:3
11-23 13:12:02.210 28190 28204 I m.chrome.canary: Explicit concurrent copying GC freed 3806(191KB) AllocSpace objects, 4(80KB) LOS objects, 75% free, 12MB/48MB, paused 48us,22us total 45.809ms
11-23 13:12:02.226  5238  5296 I BatteryMgr:DataCollectionService: stats => 1700741522226,11291,4446,13427,4169000,100
11-23 13:12:02.235  1011  1189 I ASH     : @ 88374.434: tcs3701: stop power rail pending_off timer
11-23 13:12:02.235  1011  1189 D ASH     : @ 88374.434: tcs3701: start power rail timer, state:3
11-23 13:12:02.269  1795  2679 D ActivityManager: freezer override set to false
11-23 13:12:02.275  1011  1189 I ASH     : @ 88374.474: tcs3701: stop power rail pending_off timer
11-23 13:12:02.276  1011  1189 D ASH     : @ 88374.474: tcs3701: start power rail timer, state:3
11-23 13:12:02.315  1011  1189 I ASH     : @ 88374.514: tcs3701: stop power rail pending_off timer
11-23 13:12:02.315  1011  1189 D ASH     : @ 88374.514: tcs3701: start power rail timer, state:3
11-23 13:12:02.331  5238  5296 I BatteryMgr:DataCollectionService: stats => 1700741522331,11291,4446,13427,4169000,100
11-23 13:12:02.332  1795  2679 D ActivityManager: freezer override set to true
11-23 13:12:02.335  1795  2679 D ActivityManager: freezer override set to false
11-23 13:12:02.356  1011  1189 I ASH     : @ 88374.554: tcs3701: stop power rail pending_off timer
11-23 13:12:02.356  1011  1189 D ASH     : @ 88374.554: tcs3701: start power rail timer, state:3
11-23 13:12:02.395  1011  1189 I ASH     : @ 88374.594: tcs3701: stop power rail pending_off timer
11-23 13:12:02.396  1011  1189 D ASH     : @ 88374.594: tcs3701: start power rail timer, state:3
11-23 13:12:02.435  1011  1189 I ASH     : @ 88374.634: tcs3701: stop power rail pending_off timer
11-23 13:12:02.436  1011  1189 D ASH     : @ 88374.634: tcs3701: start power rail timer, state:3
11-23 13:12:02.437  5238  5296 I BatteryMgr:DataCollectionService: stats => 1700741522437,11291,4446,13427,4169000,100
11-23 13:12:02.476  1011  1189 I ASH     : @ 88374.674: tcs3701: stop power rail pending_off timer
11-23 13:12:02.476  1011  1189 D ASH     : @ 88374.674: tcs3701: start power rail timer, state:3
11-23 13:12:02.516  1011  1189 I ASH     : @ 88374.714: tcs3701: stop power rail pending_off timer
11-23 13:12:02.516  1011  1189 D ASH     : @ 88374.714: tcs3701: start power rail timer, state:3
11-23 13:12:02.543  5238  5296 I BatteryMgr:DataCollectionService: stats => 1700741522543,11291,4446,13427,4169000,100
11-23 13:12:02.556  1011  1189 I ASH     : @ 88374.754: tcs3701: stop power rail pending_off timer
11-23 13:12:02.556  1011  1189 D ASH     : @ 88374.754: tcs3701: start power rail timer, state:3
11-23 13:12:02.595  1011  1189 I ASH     : @ 88374.794: tcs3701: stop power rail pending_off timer
11-23 13:12:02.596  1011  1189 D ASH     : @ 88374.794: tcs3701: start power rail timer, state:3
11-23 13:12:02.635  1011  1189 I ASH     : @ 88374.834: tcs3701: stop power rail pending_off timer
11-23 13:12:02.635  1011  1189 D ASH     : @ 88374.834: tcs3701: start power rail timer, state:3
11-23 13:12:02.637  1795  2424 D WifiClientModeImpl[13802:wlan0]: updateLinkLayerStatsRssiSpeedFrequencyCapabilities rssi=-48 TxLinkspeed=866 freq=5240 RxLinkSpeed=866
11-23 13:12:02.637  1795  2424 D WifiDataStall: tx tput in kbps: 748785
11-23 13:12:02.637  1795  2424 D WifiDataStall: rx tput in kbps: 788195
11-23 13:12:02.637  1795  2424 V WifiConfigManager: Updating scan detail cache freq=5240 BSSID=f4:6d:2f:12:cc:88 RSSI=-48 for "ourhome"WPA_PSK
11-23 13:12:02.637  1795  2424 D WifiChannelUtilization:  freq: 5240 onTime: 2592230 busyTime: 235234 onTimeDiff: 2591935 busyTimeDiff: 235217 utilization: 23 utilization t0: 23
11-23 13:12:02.637  1795  2424 D WifiDataStall:  ccaLevel = 23
11-23 13:12:02.637  1795  2424 D WifiDataStall: L2 txTputKbps: 748785, rxTputKbps: 788195, L3 txTputKbps: 0, rxTputKbps: 0, TxTrafficHigh: false, RxTrafficHigh: false, Throughput Sufficient: true
11-23 13:12:02.637  3213  8092 V WifiManager: OnWifiUsabilityStatsListener: onWifiUsabilityStats: seqNum=29190
11-23 13:12:02.638  1795  2679 I WifiService: updateWifiUsabilityScore uid=10180 seqNum=29190 score=100 predictionHorizonSec=1441795
11-23 13:12:02.639  1795  2424 D WifiScoreReport: Wifi scoring disabled - Don't check IP layer
11-23 13:12:02.639  1795  2424 D WifiScoreCard: BSSID update SIGNAL_POLL ID: 1320464697 SSID: "ourhome", BSSID: f4:6d:2f:12:cc:88, MAC: b2:2f:ec:da:4a:0c, IP: /192.168.1.104, Security type: 2, Supplicant state: COMPLETED, Wi-Fi standard: 5, RSSI: -48, Link speed: 866Mbps, Tx Link speed: 866Mbps, Max Supported Tx Link speed: 866Mbps, Rx Link speed: 866Mbps, Max Supported Rx Link speed: 866Mbps, Frequency: 5240MHz, Net ID: 12, Metered hint: false, score: 60, isUsable: true, CarrierMerged: false, SubscriptionId: -1, IsPrimary: 1, Trusted: true, Restricted: false, Ephemeral: false, OEM paid: false, OEM private: false, OSU AP: false, FQDN: <none>, Provider friendly name: <none>, Requesting package name: <none>"ourhome"wpa2-pskMLO Information: , Is TID-To-Link negotiation supported by the AP: false, AP MLD Address: <none>, AP MLO Link Id: <none>, AP MLO Affiliated links: <none>
11-23 13:12:02.639  1795  2424 D WifiScoreCard: txRate: 1 txSpeed: 866
11-23 13:12:02.639  1795  2424 D WifiScoreCard: network update SIGNAL_POLL "ourhome" ID: 1499892569 RSSI -48 txSpeed -1
11-23 13:12:02.640  1795  2424 D WifiClientModeImpl[13802:wlan0]:  ClientModeImpl$L2ConnectedState screen=on 15 0 "ourhome" f4:6d:2f:12:cc:88 rssi=-48 f=5240 sc=60 link=866 tx=0.0, 0.0, 0.0 rx=0.0 bcn=844056 [on:0 tx:0 rx:0 period:3017] from screen [on:277394 period:3843368] score=60
11-23 13:12:02.640  1795  2424 D WifiScoreReport: Wifi scoring disabled - Notify that Wifi is usable
11-23 13:12:02.644  1795  2432 D ConnectivityService: NetReassign [no changes] [c 0] [a 0] [i 4]
11-23 13:12:02.650  5238  5296 I BatteryMgr:DataCollectionService: stats => 1700741522650,11291,4446,13427,4169000,100
11-23 13:12:02.675  1011  1189 I ASH     : @ 88374.874: tcs3701: stop power rail pending_off timer
11-23 13:12:02.676  1011  1189 D ASH     : @ 88374.874: tcs3701: start power rail timer, state:3
11-23 13:12:02.715  1011  1189 I ASH     : @ 88374.914: tcs3701: stop power rail pending_off timer
11-23 13:12:02.715  1011  1189 D ASH     : @ 88374.914: tcs3701: start power rail timer, state:3
11-23 13:12:02.755  5238  5296 I BatteryMgr:DataCollectionService: stats => 1700741522755,11291,4446,13427,4169000,100
11-23 13:12:02.755  1011  1189 I ASH     : @ 88374.954: tcs3701: stop power rail pending_off timer
11-23 13:12:02.755  1011  1189 D ASH     : @ 88374.954: tcs3701: start power rail timer, state:3
11-23 13:12:02.795  1011  1189 I ASH     : @ 88374.994: tcs3701: stop power rail pending_off timer
11-23 13:12:02.795  1011  1189 D ASH     : @ 88374.994: tcs3701: start power rail timer, state:3
11-23 13:12:02.836  1011  1189 I ASH     : @ 88375.034: tcs3701: stop power rail pending_off timer
11-23 13:12:02.836  1011  1189 D ASH     : @ 88375.034: tcs3701: start power rail timer, state:3
11-23 13:12:02.862  5238  5296 I BatteryMgr:DataCollectionService: stats => 1700741522862,11291,4446,13427,4169000,100
11-23 13:12:02.875  1011  1189 I ASH     : @ 88375.074: tcs3701: stop power rail pending_off timer
11-23 13:12:02.876  1011  1189 D ASH     : @ 88375.074: tcs3701: start power rail timer, state:3
11-23 13:12:02.915  1011  1189 I ASH     : @ 88375.114: tcs3701: stop power rail pending_off timer
11-23 13:12:02.916  1011  1189 D ASH     : @ 88375.114: tcs3701: start power rail timer, state:3
11-23 13:12:02.956  1011  1189 I ASH     : @ 88375.154: tcs3701: stop power rail pending_off timer
11-23 13:12:02.956  1011  1189 D ASH     : @ 88375.154: tcs3701: start power rail timer, state:3
11-23 13:12:02.966  1795  2679 D ActivityManager: freezer override set to true
11-23 13:12:02.968  5238  5296 I BatteryMgr:DataCollectionService: stats => 1700741522968,11291,4446,13427,4169000,100
11-23 13:12:02.970  1795  2679 D ActivityManager: freezer override set to false
11-23 13:12:02.995  1011  1189 I ASH     : @ 88375.194: tcs3701: stop power rail pending_off timer
11-23 13:12:02.995  1011  1189 D ASH     : @ 88375.194: tcs3701: start power rail timer, state:3
11-23 13:12:03.036  1011  1189 I ASH     : @ 88375.234: tcs3701: stop power rail pending_off timer
11-23 13:12:03.036  1011  1189 D ASH     : @ 88375.234: tcs3701: start power rail timer, state:3
11-23 13:12:03.075  5238  5296 I BatteryMgr:DataCollectionService: stats => 1700741523075,11291,4446,13427,4169000,100
11-23 13:12:03.075  1011  1189 I ASH     : @ 88375.274: tcs3701: stop power rail pending_off timer
11-23 13:12:03.075  1011  1189 D ASH     : @ 88375.274: tcs3701: start power rail timer, state:3
11-23 13:12:03.105  2113  2118 I pixel-thermal: skin-therm-monitor: 39.335
11-23 13:12:03.115  1011  1189 I ASH     : @ 88375.314: tcs3701: stop power rail pending_off timer
11-23 13:12:03.115  1011  1189 D ASH     : @ 88375.314: tcs3701: start power rail timer, state:3
11-23 13:12:03.156  1011  1189 I ASH     : @ 88375.354: tcs3701: stop power rail pending_off timer
11-23 13:12:03.156  1011  1189 D ASH     : @ 88375.354: tcs3701: start power rail timer, state:3
11-23 13:12:03.182  5238  5296 I BatteryMgr:DataCollectionService: stats => 1700741523182,11291,4446,13427,4169000,100
11-23 13:12:03.196 27995 28024 I Finsky:background: [1789] ocm.run(189): Stats for Executor: bgExecutor oks@efe9e8a[Running, pool size = 4, active threads = 0, queued tasks = 0, completed tasks = 5]
11-23 13:12:03.196  1011  1189 I ASH     : @ 88375.394: tcs3701: stop power rail pending_off timer
11-23 13:12:03.196  1011  1189 D ASH     : @ 88375.394: tcs3701: start power rail timer, state:3
11-23 13:12:03.210 27995 28024 I Finsky:background: [1789] ocm.run(189): Stats for Executor: LightweightExecutor oks@f73bcfb[Running, pool size = 0, active threads = 0, queued tasks = 0, completed tasks = 0]
11-23 13:12:03.237  1011  1189 I ASH     : @ 88375.434: tcs3701: stop power rail pending_off timer
11-23 13:12:03.237  1011  1189 D ASH     : @ 88375.434: tcs3701: start power rail timer, state:3
11-23 13:12:03.275  1011  1189 I ASH     : @ 88375.474: tcs3701: stop power rail pending_off timer
11-23 13:12:03.276  1011  1189 D ASH     : @ 88375.474: tcs3701: start power rail timer, state:3
11-23 13:12:03.288  5238  5296 I BatteryMgr:DataCollectionService: stats => 1700741523288,11291,4446,13427,4169000,100
11-23 13:12:03.315  1011  1189 I ASH     : @ 88375.514: tcs3701: stop power rail pending_off timer
11-23 13:12:03.315  1011  1189 D ASH     : @ 88375.514: tcs3701: start power rail timer, state:3
11-23 13:12:03.356  1011  1189 I ASH     : @ 88375.554: tcs3701: stop power rail pending_off timer
11-23 13:12:03.356  1011  1189 D ASH     : @ 88375.554: tcs3701: start power rail timer, state:3
11-23 13:12:03.365 27995 28024 I Finsky:background: [1789] ocm.run(189): Stats for Executor: BlockingExecutor oks@cfe2118[Running, pool size = 0, active threads = 0, queued tasks = 0, completed tasks = 0]
11-23 13:12:03.395  1011  1189 I ASH     : @ 88375.594: tcs3701: stop power rail pending_off timer
11-23 13:12:03.395  1011  1189 D ASH     : @ 88375.594: tcs3701: start power rail timer, state:3
11-23 13:12:03.396  5238  5296 I BatteryMgr:DataCollectionService: stats => 1700741523395,11291,4446,13427,4169000,100
11-23 13:12:03.436  1011  1189 I ASH     : @ 88375.634: tcs3701: stop power rail pending_off timer
11-23 13:12:03.436  1011  1189 D ASH     : @ 88375.634: tcs3701: start power rail timer, state:3
11-23 13:12:03.475  1011  1189 I ASH     : @ 88375.674: tcs3701: stop power rail pending_off timer
11-23 13:12:03.475  1011  1189 D ASH     : @ 88375.674: tcs3701: start power rail timer, state:3
11-23 13:12:03.501  5238  5296 I BatteryMgr:DataCollectionService: stats => 1700741523501,11291,4446,13427,4169000,100
11-23 13:12:03.516  1011  1189 I ASH     : @ 88375.714: tcs3701: stop power rail pending_off timer
11-23 13:12:03.516  1011  1189 D ASH     : @ 88375.714: tcs3701: start power rail timer, state:3
11-23 13:12:03.529  1795  2679 D ActivityManager: freezer override set to true
11-23 13:12:03.556  1011  1189 I ASH     : @ 88375.754: tcs3701: stop power rail pending_off timer
11-23 13:12:03.556  1011  1189 D ASH     : @ 88375.754: tcs3701: start power rail timer, state:3
11-23 13:12:03.595  1011  1189 I ASH     : @ 88375.794: tcs3701: stop power rail pending_off timer
11-23 13:12:03.595  1011  1189 D ASH     : @ 88375.794: tcs3701: start power rail timer, state:3
11-23 13:12:03.607  5238  5296 I BatteryMgr:DataCollectionService: stats => 1700741523607,11291,4446,13427,4169000,100
11-23 13:12:03.636  1011  1189 I ASH     : @ 88375.834: tcs3701: stop power rail pending_off timer
11-23 13:12:03.636  1011  1189 D ASH     : @ 88375.834: tcs3701: start power rail timer, state:3
11-23 13:12:03.658 28190 28204 I m.chrome.canary: Explicit concurrent copying GC freed 3595(176KB) AllocSpace objects, 3(60KB) LOS objects, 75% free, 12MB/48MB, paused 27us,22us total 44.713ms
11-23 13:12:03.675  1011  1189 I ASH     : @ 88375.874: tcs3701: stop power rail pending_off timer
11-23 13:12:03.675  1011  1189 D ASH     : @ 88375.874: tcs3701: start power rail timer, state:3
11-23 13:12:03.713  5238  5296 I BatteryMgr:DataCollectionService: stats => 1700741523713,11291,4446,13427,4169000,100
11-23 13:12:03.716  1011  1189 I ASH     : @ 88375.914: tcs3701: stop power rail pending_off timer
11-23 13:12:03.716  1011  1189 D ASH     : @ 88375.914: tcs3701: start power rail timer, state:3
11-23 13:12:03.716  1795  2679 D ActivityManager: freezer override set to false
11-23 13:12:03.756  1011  1189 I ASH     : @ 88375.954: tcs3701: stop power rail pending_off timer
11-23 13:12:03.756  1011  1189 D ASH     : @ 88375.954: tcs3701: start power rail timer, state:3
11-23 13:12:03.776  1795  2679 D ActivityManager: freezer override set to true
11-23 13:12:03.779  1795  2679 D ActivityManager: freezer override set to false
11-23 13:12:03.795  1011  1189 I ASH     : @ 88375.994: tcs3701: stop power rail pending_off timer
11-23 13:12:03.795  1011  1189 D ASH     : @ 88375.994: tcs3701: start power rail timer, state:3
11-23 13:12:03.821  5238  5296 I BatteryMgr:DataCollectionService: stats => 1700741523821,11291,4446,13427,4169000,100
11-23 13:12:03.836  1011  1189 I ASH     : @ 88376.034: tcs3701: stop power rail pending_off timer
11-23 13:12:03.836  1011  1189 D ASH     : @ 88376.034: tcs3701: start power rail timer, state:3
11-23 13:12:03.875  1011  1189 I ASH     : @ 88376.074: tcs3701: stop power rail pending_off timer
11-23 13:12:03.876  1011  1189 D ASH     : @ 88376.074: tcs3701: start power rail timer, state:3
11-23 13:12:03.916  1011  1189 I ASH     : @ 88376.114: tcs3701: stop power rail pending_off timer
11-23 13:12:03.916  1011  1189 D ASH     : @ 88376.114: tcs3701: start power rail timer, state:3
11-23 13:12:03.930  5238  5296 I BatteryMgr:DataCollectionService: stats => 1700741523930,11291,4446,13427,4169000,100
11-23 13:12:03.956  1011  1189 I ASH     : @ 88376.154: tcs3701: stop power rail pending_off timer
11-23 13:12:03.957  1011  1189 D ASH     : @ 88376.154: tcs3701: start power rail timer, state:3
11-23 13:12:03.958  1411  1514 D Diag_Lib: diag: In log_to_device, File count reached max file num 50 so deleting oldest file
11-23 13:12:03.960  1411  1514 D Diag_Lib: diag: In delete_log, Deleting logfile /data/vendor/radio/diag_logs/logs/diag_log_20231123_1223361700738616724.qmdl2 of size 5155 KB
11-23 13:12:03.961  1411  1514 D Diag_Lib:  creating new file /data/vendor/radio/diag_logs/logs/diag_log_20231123_1312031700741523960.qmdl2 
11-23 13:12:03.968  1795  2679 D ActivityManager: freezer override set to true
11-23 13:12:03.973  1795  2679 D ActivityManager: freezer override set to false
11-23 13:12:03.995  1011  1189 I ASH     : @ 88376.194: tcs3701: stop power rail pending_off timer
11-23 13:12:03.995  1011  1189 D ASH     : @ 88376.194: tcs3701: start power rail timer, state:3
11-23 13:12:04.035  1011  1189 I ASH     : @ 88376.234: tcs3701: stop power rail pending_off timer
11-23 13:12:04.035  1011  1189 D ASH     : @ 88376.234: tcs3701: start power rail timer, state:3
11-23 13:12:04.036  5238  5296 I BatteryMgr:DataCollectionService: stats => 1700741524036,11291,4446,13427,4169000,100
11-23 13:12:04.076  1011  1189 I ASH     : @ 88376.274: tcs3701: stop power rail pending_off timer
11-23 13:12:04.076  1011  1189 D ASH     : @ 88376.274: tcs3701: start power rail timer, state:3
11-23 13:12:04.115  1011  1189 I ASH     : @ 88376.314: tcs3701: stop power rail pending_off timer
11-23 13:12:04.115  1011  1189 D ASH     : @ 88376.314: tcs3701: start power rail timer, state:3
11-23 13:12:04.141  5238  5296 I BatteryMgr:DataCollectionService: stats => 1700741524141,11291,4446,13427,4169000,100
11-23 13:12:04.156  1011  1189 I ASH     : @ 88376.354: tcs3701: stop power rail pending_off timer
11-23 13:12:04.156  1011  1189 D ASH     : @ 88376.354: tcs3701: start power rail timer, state:3
11-23 13:12:04.195  1011  1189 I ASH     : @ 88376.394: tcs3701: stop power rail pending_off timer
11-23 13:12:04.195  1011  1189 D ASH     : @ 88376.394: tcs3701: start power rail timer, state:3
11-23 13:12:04.239  1011  1189 I ASH     : @ 88376.434: tcs3701: stop power rail pending_off timer
11-23 13:12:04.239  1011  1189 D ASH     : @ 88376.434: tcs3701: start power rail timer, state:3
11-23 13:12:04.249  5238  5296 I BatteryMgr:DataCollectionService: stats => 1700741524249,11291,4446,13427,4169000,100
11-23 13:12:04.275  1011  1189 I ASH     : @ 88376.474: tcs3701: stop power rail pending_off timer
11-23 13:12:04.275  1011  1189 D ASH     : @ 88376.474: tcs3701: start power rail timer, state:3
11-23 13:12:04.316  1011  1189 I ASH     : @ 88376.514: tcs3701: stop power rail pending_off timer
11-23 13:12:04.316  1011  1189 D ASH     : @ 88376.514: tcs3701: start power rail timer, state:3
11-23 13:12:04.355  1011  1189 I ASH     : @ 88376.554: tcs3701: stop power rail pending_off timer
11-23 13:12:04.355  1011  1189 D ASH     : @ 88376.554: tcs3701: start power rail timer, state:3
11-23 13:12:04.356  5238  5296 I BatteryMgr:DataCollectionService: stats => 1700741524356,11291,4446,13427,4169000,100
11-23 13:12:04.396  1011  1189 I ASH     : @ 88376.594: tcs3701: stop power rail pending_off timer
11-23 13:12:04.396  1011  1189 D ASH     : @ 88376.594: tcs3701: start power rail timer, state:3
11-23 13:12:04.435  1011  1189 I ASH     : @ 88376.634: tcs3701: stop power rail pending_off timer
11-23 13:12:04.436  1011  1189 D ASH     : @ 88376.634: tcs3701: start power rail timer, state:3
11-23 13:12:04.463  5238  5296 I BatteryMgr:DataCollectionService: stats => 1700741524462,11291,4446,13427,4169000,100
11-23 13:12:04.476  1011  1189 I ASH     : @ 88376.674: tcs3701: stop power rail pending_off timer
11-23 13:12:04.476  1011  1189 D ASH     : @ 88376.674: tcs3701: start power rail timer, state:3
11-23 13:12:04.516  1011  1189 I ASH     : @ 88376.714: tcs3701: stop power rail pending_off timer
11-23 13:12:04.516  1011  1189 D ASH     : @ 88376.714: tcs3701: start power rail timer, state:3
11-23 13:12:04.556  1011  1189 I ASH     : @ 88376.754: tcs3701: stop power rail pending_off timer
11-23 13:12:04.556  1011  1189 D ASH     : @ 88376.754: tcs3701: start power rail timer, state:3
11-23 13:12:04.569  5238  5296 I BatteryMgr:DataCollectionService: stats => 1700741524569,11291,4446,13427,4169000,100
11-23 13:12:04.595  1011  1189 I ASH     : @ 88376.794: tcs3701: stop power rail pending_off timer
11-23 13:12:04.596  1011  1189 D ASH     : @ 88376.794: tcs3701: start power rail timer, state:3
11-23 13:12:04.636  1011  1189 I ASH     : @ 88376.834: tcs3701: stop power rail pending_off timer
11-23 13:12:04.636  1011  1189 D ASH     : @ 88376.834: tcs3701: start power rail timer, state:3
11-23 13:12:04.665  3579  6066 I ogle.android.as: oneway function results for code 2 on binder at 0xb4000070952de300 will be dropped but finished with status UNKNOWN_TRANSACTION
11-23 13:12:04.675  5238  5296 I BatteryMgr:DataCollectionService: stats => 1700741524675,11291,4446,13427,4169000,100
11-23 13:12:04.676  1011  1189 I ASH     : @ 88376.874: tcs3701: stop power rail pending_off timer
11-23 13:12:04.676  1011  1189 D ASH     : @ 88376.874: tcs3701: start power rail timer, state:3
11-23 13:12:04.716  1011  1189 I ASH     : @ 88376.914: tcs3701: stop power rail pending_off timer
11-23 13:12:04.716  1011  1189 D ASH     : @ 88376.914: tcs3701: start power rail timer, state:3
11-23 13:12:04.755  1011  1189 I ASH     : @ 88376.954: tcs3701: stop power rail pending_off timer
11-23 13:12:04.755  1011  1189 D ASH     : @ 88376.954: tcs3701: start power rail timer, state:3
11-23 13:12:04.783  5238  5296 I BatteryMgr:DataCollectionService: stats => 1700741524783,11291,4446,13427,4169000,100
11-23 13:12:04.795  1011  1189 I ASH     : @ 88376.994: tcs3701: stop power rail pending_off timer
11-23 13:12:04.795  1011  1189 D ASH     : @ 88376.994: tcs3701: start power rail timer, state:3
11-23 13:12:04.836  1011  1189 I ASH     : @ 88377.034: tcs3701: stop power rail pending_off timer
11-23 13:12:04.836  1011  1189 D ASH     : @ 88377.034: tcs3701: start power rail timer, state:3
11-23 13:12:04.875  1011  1189 I ASH     : @ 88377.074: tcs3701: stop power rail pending_off timer
11-23 13:12:04.875  1011  1189 D ASH     : @ 88377.074: tcs3701: start power rail timer, state:3
11-23 13:12:04.888  5238  5296 I BatteryMgr:DataCollectionService: stats => 1700741524888,11291,4446,13427,4169000,100
11-23 13:12:04.916  1011  1189 I ASH     : @ 88377.114: tcs3701: stop power rail pending_off timer
11-23 13:12:04.917  1011  1189 D ASH     : @ 88377.114: tcs3701: start power rail timer, state:3
11-23 13:12:04.956  1011  1189 I ASH     : @ 88377.154: tcs3701: stop power rail pending_off timer
11-23 13:12:04.956  1011  1189 D ASH     : @ 88377.154: tcs3701: start power rail timer, state:3
11-23 13:12:04.979  1795  4158 D ActivityManager: freezer override set to true
