11-23 13:11:25.905  1795  2679 D ActivityManager: freezer override set to false
11-23 13:11:25.916  1011  1189 I ASH     : @ 88338.114: tcs3701: stop power rail pending_off timer
11-23 13:11:25.916  1011  1189 D ASH     : @ 88338.114: tcs3701: start power rail timer, state:3
11-23 13:11:25.955  1011  1189 I ASH     : @ 88338.154: tcs3701: stop power rail pending_off timer
11-23 13:11:25.956  1011  1189 D ASH     : @ 88338.154: tcs3701: start power rail timer, state:3
11-23 13:11:25.965  5238  5296 I BatteryMgr:DataCollectionService: stats => 1700741485965,8850,4446,13427,4169000,100
11-23 13:11:25.996  1011  1189 I ASH     : @ 88338.194: tcs3701: stop power rail pending_off timer
11-23 13:11:25.996  1011  1189 D ASH     : @ 88338.194: tcs3701: start power rail timer, state:3
11-23 13:11:25.997  1795  2679 D ActivityManager: freezer override set to true
11-23 13:11:26.001  1795  2679 D ActivityManager: freezer override set to false
11-23 13:11:26.035  1011  1189 I ASH     : @ 88338.234: tcs3701: stop power rail pending_off timer
11-23 13:11:26.035  1011  1189 D ASH     : @ 88338.234: tcs3701: start power rail timer, state:3
11-23 13:11:26.071  5238  5296 I BatteryMgr:DataCollectionService: stats => 1700741486071,8850,4446,13427,4169000,100
11-23 13:11:26.076  1011  1189 I ASH     : @ 88338.274: tcs3701: stop power rail pending_off timer
11-23 13:11:26.076  1011  1189 D ASH     : @ 88338.274: tcs3701: start power rail timer, state:3
11-23 13:11:26.115  1011  1189 I ASH     : @ 88338.314: tcs3701: stop power rail pending_off timer
11-23 13:11:26.116  1011  1189 D ASH     : @ 88338.314: tcs3701: start power rail timer, state:3
11-23 13:11:26.156  1011  1189 I ASH     : @ 88338.354: tcs3701: stop power rail pending_off timer
11-23 13:11:26.156  1011  1189 D ASH     : @ 88338.354: tcs3701: start power rail timer, state:3
11-23 13:11:26.180  5238  5296 I BatteryMgr:DataCollectionService: stats => 1700741486180,8850,4446,13427,4169000,100
11-23 13:11:26.195  1011  1189 I ASH     : @ 88338.394: tcs3701: stop power rail pending_off timer
11-23 13:11:26.195  1011  1189 D ASH     : @ 88338.394: tcs3701: start power rail timer, state:3
11-23 13:11:26.236  1011  1189 I ASH     : @ 88338.434: tcs3701: stop power rail pending_off timer
11-23 13:11:26.236  1011  1189 D ASH     : @ 88338.434: tcs3701: start power rail timer, state:3
11-23 13:11:26.276  1011  1189 I ASH     : @ 88338.474: tcs3701: stop power rail pending_off timer
11-23 13:11:26.276  1011  1189 D ASH     : @ 88338.474: tcs3701: start power rail timer, state:3
11-23 13:11:26.291  5238  5296 I BatteryMgr:DataCollectionService: stats => 1700741486291,8850,4446,13427,4169000,100
11-23 13:11:26.316  1011  1189 I ASH     : @ 88338.514: tcs3701: stop power rail pending_off timer
11-23 13:11:26.316  1011  1189 D ASH     : @ 88338.514: tcs3701: start power rail timer, state:3
11-23 13:11:26.356  1011  1189 I ASH     : @ 88338.554: tcs3701: stop power rail pending_off timer
11-23 13:11:26.356  1011  1189 D ASH     : @ 88338.554: tcs3701: start power rail timer, state:3
11-23 13:11:26.395  1011  1189 I ASH     : @ 88338.594: tcs3701: stop power rail pending_off timer
11-23 13:11:26.395  1011  1189 D ASH     : @ 88338.594: tcs3701: start power rail timer, state:3
11-23 13:11:26.399  5238  5296 I BatteryMgr:DataCollectionService: stats => 1700741486399,10070,4446,13427,4169000,100
11-23 13:11:26.435  1011  1189 I ASH     : @ 88338.634: tcs3701: stop power rail pending_off timer
11-23 13:11:26.436  1011  1189 D ASH     : @ 88338.634: tcs3701: start power rail timer, state:3
11-23 13:11:26.458  1795  2424 D WifiClientModeImpl[13802:wlan0]: updateLinkLayerStatsRssiSpeedFrequencyCapabilities rssi=-46 TxLinkspeed=866 freq=5240 RxLinkSpeed=866
11-23 13:11:26.459  1795  2424 D WifiDataStall: tx tput in kbps: 788195
11-23 13:11:26.459  1795  2424 D WifiDataStall: rx tput in kbps: 788195
11-23 13:11:26.459  1795  2424 V WifiConfigManager: Updating scan detail cache freq=5240 BSSID=f4:6d:2f:12:cc:88 RSSI=-45 for "ourhome"WPA_PSK
11-23 13:11:26.460  2782  5906 D QCNEJ/WlanStaInfoRelay: Received action: android.net.wifi.RSSI_CHANGED
11-23 13:11:26.460  1795  2424 D WifiChannelUtilization:  freq: 5240 onTime: 2591478 busyTime: 235106 onTimeDiff: 2591183 busyTimeDiff: 235089 utilization: 23 utilization t0: 23
11-23 13:11:26.460  1795  2424 D WifiDataStall:  ccaLevel = 23
11-23 13:11:26.460  1795  2424 D WifiDataStall: L2 txTputKbps: 748785, rxTputKbps: 788195, L3 txTputKbps: 0, rxTputKbps: 0, TxTrafficHigh: false, RxTrafficHigh: false, Throughput Sufficient: true
11-23 13:11:26.460  1795  2424 D WifiScoreReport: Wifi scoring disabled - Don't check IP layer
11-23 13:11:26.460  1795  2424 D WifiScoreCard: BSSID update SIGNAL_POLL ID: 1320464697 SSID: "ourhome", BSSID: f4:6d:2f:12:cc:88, MAC: b2:2f:ec:da:4a:0c, IP: /192.168.1.104, Security type: 2, Supplicant state: COMPLETED, Wi-Fi standard: 5, RSSI: -46, Link speed: 866Mbps, Tx Link speed: 866Mbps, Max Supported Tx Link speed: 866Mbps, Rx Link speed: 866Mbps, Max Supported Rx Link speed: 866Mbps, Frequency: 5240MHz, Net ID: 12, Metered hint: false, score: 60, isUsable: true, CarrierMerged: false, SubscriptionId: -1, IsPrimary: 1, Trusted: true, Restricted: false, Ephemeral: false, OEM paid: false, OEM private: false, OSU AP: false, FQDN: <none>, Provider friendly name: <none>, Requesting package name: <none>"ourhome"wpa2-pskMLO Information: , Is TID-To-Link negotiation supported by the AP: false, AP MLD Address: <none>, AP MLO Link Id: <none>, AP MLO Affiliated links: <none>
11-23 13:11:26.460  1795  2424 D WifiScoreCard: txRate: 7 txSpeed: 866
11-23 13:11:26.460  1795  2424 D WifiScoreCard: network update SIGNAL_POLL "ourhome" ID: 1499892569 RSSI -46 txSpeed 866
11-23 13:11:26.460  3213  8092 V WifiManager: OnWifiUsabilityStatsListener: onWifiUsabilityStats: seqNum=29178
11-23 13:11:26.460  1795  2424 D WifiClientModeImpl[13802:wlan0]:  ClientModeImpl$L2ConnectedState screen=on 15 0 "ourhome" f4:6d:2f:12:cc:88 rssi=-46 f=5240 sc=60 link=866 tx=6.7, 0.0, 0.0 rx=4.2 bcn=843709 [on:56 tx:0 rx:0 period:3015] from screen [on:276642 period:3807188] score=60
11-23 13:11:26.461  1795  2679 I WifiService: updateWifiUsabilityScore uid=10180 seqNum=29178 score=100 predictionHorizonSec=1441795
11-23 13:11:26.467  1795  2424 D WifiScoreReport: Wifi scoring disabled - Notify that Wifi is usable
11-23 13:11:26.470  1795  2432 D ConnectivityService: NetReassign [no changes] [c 1] [a 0] [i 2]
11-23 13:11:26.476  1011  1189 I ASH     : @ 88338.674: tcs3701: stop power rail pending_off timer
11-23 13:11:26.476  1011  1189 D ASH     : @ 88338.674: tcs3701: start power rail timer, state:3
11-23 13:11:26.504  5238  5296 I BatteryMgr:DataCollectionService: stats => 1700741486504,10070,4446,13427,4169000,100
11-23 13:11:26.516  1011  1189 I ASH     : @ 88338.714: tcs3701: stop power rail pending_off timer
11-23 13:11:26.516  1011  1189 D ASH     : @ 88338.714: tcs3701: start power rail timer, state:3
11-23 13:11:26.555  1011  1189 I ASH     : @ 88338.754: tcs3701: stop power rail pending_off timer
11-23 13:11:26.556  1011  1189 D ASH     : @ 88338.754: tcs3701: start power rail timer, state:3
11-23 13:11:26.596  1011  1189 I ASH     : @ 88338.794: tcs3701: stop power rail pending_off timer
11-23 13:11:26.596  1011  1189 D ASH     : @ 88338.794: tcs3701: start power rail timer, state:3
11-23 13:11:26.608  5238  5296 I BatteryMgr:DataCollectionService: stats => 1700741486608,10070,4446,13427,4169000,100
11-23 13:11:26.635  1011  1189 I ASH     : @ 88338.834: tcs3701: stop power rail pending_off timer
11-23 13:11:26.635  1011  1189 D ASH     : @ 88338.834: tcs3701: start power rail timer, state:3
11-23 13:11:26.675  1011  1189 I ASH     : @ 88338.874: tcs3701: stop power rail pending_off timer
11-23 13:11:26.676  1011  1189 D ASH     : @ 88338.874: tcs3701: start power rail timer, state:3
11-23 13:11:26.714  5238  5296 I BatteryMgr:DataCollectionService: stats => 1700741486714,10070,4446,13427,4169000,100
11-23 13:11:26.716  1011  1189 I ASH     : @ 88338.914: tcs3701: stop power rail pending_off timer
11-23 13:11:26.716  1011  1189 D ASH     : @ 88338.914: tcs3701: start power rail timer, state:3
11-23 13:11:26.756  1011  1189 I ASH     : @ 88338.954: tcs3701: stop power rail pending_off timer
11-23 13:11:26.756  1011  1189 D ASH     : @ 88338.954: tcs3701: start power rail timer, state:3
11-23 13:11:26.796  1011  1189 I ASH     : @ 88338.994: tcs3701: stop power rail pending_off timer
11-23 13:11:26.796  1011  1189 D ASH     : @ 88338.994: tcs3701: start power rail timer, state:3
11-23 13:11:26.820  5238  5296 I BatteryMgr:DataCollectionService: stats => 1700741486820,10070,4446,13427,4169000,100
11-23 13:11:26.836  1011  1189 I ASH     : @ 88339.034: tcs3701: stop power rail pending_off timer
11-23 13:11:26.836  1011  1189 D ASH     : @ 88339.034: tcs3701: start power rail timer, state:3
11-23 13:11:26.875  1011  1189 I ASH     : @ 88339.074: tcs3701: stop power rail pending_off timer
11-23 13:11:26.875  1011  1189 D ASH     : @ 88339.074: tcs3701: start power rail timer, state:3
11-23 13:11:26.900  1795  2679 D ActivityManager: freezer override set to true
11-23 13:11:26.904  1795  2679 D ActivityManager: freezer override set to false
11-23 13:11:26.916  1011  1189 I ASH     : @ 88339.114: tcs3701: stop power rail pending_off timer
11-23 13:11:26.916  1011  1189 D ASH     : @ 88339.114: tcs3701: start power rail timer, state:3
11-23 13:11:26.928  5238  5296 I BatteryMgr:DataCollectionService: stats => 1700741486928,10070,4446,13427,4169000,100
11-23 13:11:26.955  1011  1189 I ASH     : @ 88339.154: tcs3701: stop power rail pending_off timer
11-23 13:11:26.955  1011  1189 D ASH     : @ 88339.154: tcs3701: start power rail timer, state:3
11-23 13:11:26.995  1011  1189 I ASH     : @ 88339.194: tcs3701: stop power rail pending_off timer
11-23 13:11:26.995  1011  1189 D ASH     : @ 88339.194: tcs3701: start power rail timer, state:3
11-23 13:11:27.033  5238  5296 I BatteryMgr:DataCollectionService: stats => 1700741487033,10070,4446,13427,4169000,100
11-23 13:11:27.035  1011  1189 I ASH     : @ 88339.234: tcs3701: stop power rail pending_off timer
11-23 13:11:27.036  1011  1189 D ASH     : @ 88339.234: tcs3701: start power rail timer, state:3
11-23 13:11:27.047  2113  2118 I pixel-thermal: skin-therm-monitor: 38.859
11-23 13:11:27.075  1011  1189 I ASH     : @ 88339.274: tcs3701: stop power rail pending_off timer
11-23 13:11:27.075  1011  1189 D ASH     : @ 88339.274: tcs3701: start power rail timer, state:3
11-23 13:11:27.116  1011  1189 I ASH     : @ 88339.314: tcs3701: stop power rail pending_off timer
11-23 13:11:27.116  1011  1189 D ASH     : @ 88339.314: tcs3701: start power rail timer, state:3
11-23 13:11:27.144  5238  5296 I BatteryMgr:DataCollectionService: stats => 1700741487144,10070,4446,13427,4169000,100
11-23 13:11:27.155  1011  1189 I ASH     : @ 88339.354: tcs3701: stop power rail pending_off timer
11-23 13:11:27.156  1011  1189 D ASH     : @ 88339.354: tcs3701: start power rail timer, state:3
11-23 13:11:27.196  1011  1189 I ASH     : @ 88339.394: tcs3701: stop power rail pending_off timer
11-23 13:11:27.196  1011  1189 D ASH     : @ 88339.394: tcs3701: start power rail timer, state:3
11-23 13:11:27.235  1011  1189 I ASH     : @ 88339.434: tcs3701: stop power rail pending_off timer
11-23 13:11:27.236  1011  1189 D ASH     : @ 88339.434: tcs3701: start power rail timer, state:3
11-23 13:11:27.249  5238  5296 I BatteryMgr:DataCollectionService: stats => 1700741487249,10070,4446,13427,4169000,100
11-23 13:11:27.275  1011  1189 I ASH     : @ 88339.474: tcs3701: stop power rail pending_off timer
11-23 13:11:27.275  1011  1189 D ASH     : @ 88339.474: tcs3701: start power rail timer, state:3
11-23 13:11:27.316  1011  1189 I ASH     : @ 88339.514: tcs3701: stop power rail pending_off timer
11-23 13:11:27.316  1011  1189 D ASH     : @ 88339.514: tcs3701: start power rail timer, state:3
11-23 13:11:27.340  1795  2679 D ActivityManager: freezer override set to true
11-23 13:11:27.355  1011  1189 I ASH     : @ 88339.554: tcs3701: stop power rail pending_off timer
11-23 13:11:27.355  1011  1189 D ASH     : @ 88339.554: tcs3701: start power rail timer, state:3
11-23 13:11:27.356  5238  5296 I BatteryMgr:DataCollectionService: stats => 1700741487356,10070,4446,13427,4169000,100
11-23 13:11:27.396  1011  1189 I ASH     : @ 88339.594: tcs3701: stop power rail pending_off timer
11-23 13:11:27.396  1011  1189 D ASH     : @ 88339.594: tcs3701: start power rail timer, state:3
11-23 13:11:27.435  1011  1189 I ASH     : @ 88339.634: tcs3701: stop power rail pending_off timer
11-23 13:11:27.435  1011  1189 D ASH     : @ 88339.634: tcs3701: start power rail timer, state:3
11-23 13:11:27.464  5238  5296 I BatteryMgr:DataCollectionService: stats => 1700741487464,10070,4446,13427,4169000,100
11-23 13:11:27.475  1011  1189 I ASH     : @ 88339.674: tcs3701: stop power rail pending_off timer
11-23 13:11:27.475  1011  1189 D ASH     : @ 88339.674: tcs3701: start power rail timer, state:3
11-23 13:11:27.517  1011  1189 I ASH     : @ 88339.714: tcs3701: stop power rail pending_off timer
11-23 13:11:27.517  1011  1189 D ASH     : @ 88339.714: tcs3701: start power rail timer, state:3
11-23 13:11:27.556  1011  1189 I ASH     : @ 88339.754: tcs3701: stop power rail pending_off timer
11-23 13:11:27.556  1011  1189 D ASH     : @ 88339.754: tcs3701: start power rail timer, state:3
11-23 13:11:27.561 28190 28241 I m.chrome.canary: Explicit concurrent copying GC freed 3830(191KB) AllocSpace objects, 4(80KB) LOS objects, 75% free, 12MB/48MB, paused 113us,50us total 109.884ms
11-23 13:11:27.569  5238  5296 I BatteryMgr:DataCollectionService: stats => 1700741487569,10070,4446,13427,4169000,100
11-23 13:11:27.596  1011  1189 I ASH     : @ 88339.794: tcs3701: stop power rail pending_off timer
11-23 13:11:27.596  1011  1189 D ASH     : @ 88339.794: tcs3701: start power rail timer, state:3
11-23 13:11:27.623  1795  2679 D ActivityManager: freezer override set to false
11-23 13:11:27.636  1011  1189 I ASH     : @ 88339.834: tcs3701: stop power rail pending_off timer
11-23 13:11:27.636  1011  1189 D ASH     : @ 88339.834: tcs3701: start power rail timer, state:3
11-23 13:11:27.674  5238  5296 I BatteryMgr:DataCollectionService: stats => 1700741487674,10070,4446,13427,4169000,100
11-23 13:11:27.675  1011  1189 I ASH     : @ 88339.874: tcs3701: stop power rail pending_off timer
11-23 13:11:27.675  1011  1189 D ASH     : @ 88339.874: tcs3701: start power rail timer, state:3
11-23 13:11:27.681  1795  2679 D ActivityManager: freezer override set to true
11-23 13:11:27.684  1795  2679 D ActivityManager: freezer override set to false
11-23 13:11:27.716  1011  1189 I ASH     : @ 88339.914: tcs3701: stop power rail pending_off timer
11-23 13:11:27.716  1011  1189 D ASH     : @ 88339.914: tcs3701: start power rail timer, state:3
11-23 13:11:27.755  1011  1189 I ASH     : @ 88339.954: tcs3701: stop power rail pending_off timer
11-23 13:11:27.756  1011  1189 D ASH     : @ 88339.954: tcs3701: start power rail timer, state:3
11-23 13:11:27.783  5238  5296 I BatteryMgr:DataCollectionService: stats => 1700741487783,10070,4446,13427,4169000,100
11-23 13:11:27.796  1011  1189 I ASH     : @ 88339.994: tcs3701: stop power rail pending_off timer
11-23 13:11:27.796  1011  1189 D ASH     : @ 88339.994: tcs3701: start power rail timer, state:3
11-23 13:11:27.835  1011  1189 I ASH     : @ 88340.034: tcs3701: stop power rail pending_off timer
11-23 13:11:27.835  1011  1189 D ASH     : @ 88340.034: tcs3701: start power rail timer, state:3
11-23 13:11:27.876  1011  1189 I ASH     : @ 88340.074: tcs3701: stop power rail pending_off timer
11-23 13:11:27.876  1011  1189 D ASH     : @ 88340.074: tcs3701: start power rail timer, state:3
11-23 13:11:27.891  5238  5296 I BatteryMgr:DataCollectionService: stats => 1700741487891,10070,4446,13427,4169000,100
11-23 13:11:27.894  1795  2679 D ActivityManager: freezer override set to true
11-23 13:11:27.898  1795  2679 D ActivityManager: freezer override set to false
11-23 13:11:27.899 28190 28250 W chromium: [WARNING:ev_root_ca_metadata.cc(119)] Not implemented
11-23 13:11:27.899 28190 28250 W chromium: [WARNING:ev_root_ca_metadata.cc(119)] Not implemented
11-23 13:11:27.915  1011  1189 I ASH     : @ 88340.114: tcs3701: stop power rail pending_off timer
11-23 13:11:27.915  1011  1189 D ASH     : @ 88340.114: tcs3701: start power rail timer, state:3
11-23 13:11:27.956  1011  1189 I ASH     : @ 88340.154: tcs3701: stop power rail pending_off timer
11-23 13:11:27.956  1011  1189 D ASH     : @ 88340.154: tcs3701: start power rail timer, state:3
11-23 13:11:27.995  1011  1189 I ASH     : @ 88340.194: tcs3701: stop power rail pending_off timer
11-23 13:11:27.996  1011  1189 D ASH     : @ 88340.194: tcs3701: start power rail timer, state:3
11-23 13:11:27.998  5238  5296 I BatteryMgr:DataCollectionService: stats => 1700741487997,10070,4446,13427,4169000,100
11-23 13:11:28.036  1011  1189 I ASH     : @ 88340.234: tcs3701: stop power rail pending_off timer
11-23 13:11:28.036  1011  1189 D ASH     : @ 88340.234: tcs3701: start power rail timer, state:3
11-23 13:11:28.075  1011  1189 I ASH     : @ 88340.274: tcs3701: stop power rail pending_off timer
11-23 13:11:28.075  1011  1189 D ASH     : @ 88340.274: tcs3701: start power rail timer, state:3
11-23 13:11:28.106  5238  5296 I BatteryMgr:DataCollectionService: stats => 1700741488106,10070,4446,13427,4169000,100
11-23 13:11:28.115  1011  1189 I ASH     : @ 88340.314: tcs3701: stop power rail pending_off timer
11-23 13:11:28.115  1011  1189 D ASH     : @ 88340.314: tcs3701: start power rail timer, state:3
11-23 13:11:28.156  1011  1189 I ASH     : @ 88340.354: tcs3701: stop power rail pending_off timer
11-23 13:11:28.156  1011  1189 D ASH     : @ 88340.354: tcs3701: start power rail timer, state:3
11-23 13:11:28.195  1011  1189 I ASH     : @ 88340.394: tcs3701: stop power rail pending_off timer
11-23 13:11:28.195  1011  1189 D ASH     : @ 88340.394: tcs3701: start power rail timer, state:3
11-23 13:11:28.213  5238  5296 I BatteryMgr:DataCollectionService: stats => 1700741488213,10070,4446,13427,4169000,100
11-23 13:11:28.235  1011  1189 I ASH     : @ 88340.434: tcs3701: stop power rail pending_off timer
11-23 13:11:28.235  1011  1189 D ASH     : @ 88340.434: tcs3701: start power rail timer, state:3
11-23 13:11:28.275  1011  1189 I ASH     : @ 88340.474: tcs3701: stop power rail pending_off timer
11-23 13:11:28.275  1011  1189 D ASH     : @ 88340.474: tcs3701: start power rail timer, state:3
11-23 13:11:28.316  1011  1189 I ASH     : @ 88340.514: tcs3701: stop power rail pending_off timer
11-23 13:11:28.316  1011  1189 D ASH     : @ 88340.514: tcs3701: start power rail timer, state:3
11-23 13:11:28.321  5238  5296 I BatteryMgr:DataCollectionService: stats => 1700741488321,10070,4446,13427,4169000,100
11-23 13:11:28.356  1011  1189 I ASH     : @ 88340.554: tcs3701: stop power rail pending_off timer
11-23 13:11:28.356  1011  1189 D ASH     : @ 88340.554: tcs3701: start power rail timer, state:3
11-23 13:11:28.395  1011  1189 I ASH     : @ 88340.594: tcs3701: stop power rail pending_off timer
11-23 13:11:28.396  1011  1189 D ASH     : @ 88340.594: tcs3701: start power rail timer, state:3
11-23 13:11:28.428  5238  5296 I BatteryMgr:DataCollectionService: stats => 1700741488428,10070,4446,13427,4169000,100
11-23 13:11:28.435  1011  1189 I ASH     : @ 88340.634: tcs3701: stop power rail pending_off timer
11-23 13:11:28.435  1011  1189 D ASH     : @ 88340.634: tcs3701: start power rail timer, state:3
11-23 13:11:28.475  1011  1189 I ASH     : @ 88340.674: tcs3701: stop power rail pending_off timer
11-23 13:11:28.475  1011  1189 D ASH     : @ 88340.674: tcs3701: start power rail timer, state:3
11-23 13:11:28.515  1011  1189 I ASH     : @ 88340.714: tcs3701: stop power rail pending_off timer
11-23 13:11:28.515  1011  1189 D ASH     : @ 88340.714: tcs3701: start power rail timer, state:3
11-23 13:11:28.533  5238  5296 I BatteryMgr:DataCollectionService: stats => 1700741488533,10070,4446,13427,4169000,100
11-23 13:11:28.555  1011  1189 I ASH     : @ 88340.754: tcs3701: stop power rail pending_off timer
11-23 13:11:28.555  1011  1189 D ASH     : @ 88340.754: tcs3701: start power rail timer, state:3
11-23 13:11:28.597  1011  1189 I ASH     : @ 88340.794: tcs3701: stop power rail pending_off timer
11-23 13:11:28.597  1011  1189 D ASH     : @ 88340.794: tcs3701: start power rail timer, state:3
11-23 13:11:28.635  1011  1189 I ASH     : @ 88340.834: tcs3701: stop power rail pending_off timer
11-23 13:11:28.636  1011  1189 D ASH     : @ 88340.834: tcs3701: start power rail timer, state:3
11-23 13:11:28.640  5238  5296 I BatteryMgr:DataCollectionService: stats => 1700741488640,10070,4446,13427,4169000,100
11-23 13:11:28.676  1011  1189 I ASH     : @ 88340.874: tcs3701: stop power rail pending_off timer
11-23 13:11:28.676  1011  1189 D ASH     : @ 88340.874: tcs3701: start power rail timer, state:3
11-23 13:11:28.715  1011  1189 I ASH     : @ 88340.914: tcs3701: stop power rail pending_off timer
11-23 13:11:28.716  1011  1189 D ASH     : @ 88340.914: tcs3701: start power rail timer, state:3
11-23 13:11:28.749  5238  5296 I BatteryMgr:DataCollectionService: stats => 1700741488749,10070,4446,13427,4169000,100
11-23 13:11:28.755  1011  1189 I ASH     : @ 88340.954: tcs3701: stop power rail pending_off timer
11-23 13:11:28.755  1011  1189 D ASH     : @ 88340.954: tcs3701: start power rail timer, state:3
11-23 13:11:28.796  1011  1189 I ASH     : @ 88340.994: tcs3701: stop power rail pending_off timer
11-23 13:11:28.796  1011  1189 D ASH     : @ 88340.994: tcs3701: start power rail timer, state:3
11-23 13:11:28.835  1011  1189 I ASH     : @ 88341.034: tcs3701: stop power rail pending_off timer
11-23 13:11:28.835  1011  1189 D ASH     : @ 88341.034: tcs3701: start power rail timer, state:3
11-23 13:11:28.860  5238  5296 I BatteryMgr:DataCollectionService: stats => 1700741488860,10070,4446,13427,4169000,100
11-23 13:11:28.875  1011  1189 I ASH     : @ 88341.074: tcs3701: stop power rail pending_off timer
11-23 13:11:28.875  1011  1189 D ASH     : @ 88341.074: tcs3701: start power rail timer, state:3
11-23 13:11:28.883  1795  2679 D ActivityManager: freezer override set to true
11-23 13:11:28.891  1795  2679 D ActivityManager: freezer override set to false
11-23 13:11:28.915  1011  1189 I ASH     : @ 88341.114: tcs3701: stop power rail pending_off timer
11-23 13:11:28.915  1011  1189 D ASH     : @ 88341.114: tcs3701: start power rail timer, state:3
11-23 13:11:28.932  1795  2679 D ActivityManager: freezer override set to true
11-23 13:11:28.955  1011  1189 I ASH     : @ 88341.154: tcs3701: stop power rail pending_off timer
11-23 13:11:28.955  1011  1189 D ASH     : @ 88341.154: tcs3701: start power rail timer, state:3
11-23 13:11:28.965  5238  5296 I BatteryMgr:DataCollectionService: stats => 1700741488965,10070,4446,13427,4169000,100
11-23 13:11:28.995  1011  1189 I ASH     : @ 88341.194: tcs3701: stop power rail pending_off timer
11-23 13:11:28.995  1011  1189 D ASH     : @ 88341.194: tcs3701: start power rail timer, state:3
11-23 13:11:29.035  1011  1189 I ASH     : @ 88341.234: tcs3701: stop power rail pending_off timer
11-23 13:11:29.036  1011  1189 D ASH     : @ 88341.234: tcs3701: start power rail timer, state:3
11-23 13:11:29.047 28190 28241 I m.chrome.canary: Explicit concurrent copying GC freed 3852(192KB) AllocSpace objects, 4(80KB) LOS objects, 75% free, 12MB/48MB, paused 87us,28us total 54.603ms
11-23 13:11:29.051  2113  2118 I pixel-thermal: skin-therm-monitor: 38.862
11-23 13:11:29.072  5238  5296 I BatteryMgr:DataCollectionService: stats => 1700741489072,10070,4446,13427,4169000,100
11-23 13:11:29.076  1011  1189 I ASH     : @ 88341.274: tcs3701: stop power rail pending_off timer
11-23 13:11:29.076  1011  1189 D ASH     : @ 88341.274: tcs3701: start power rail timer, state:3
11-23 13:11:29.111  1795  2679 D ActivityManager: freezer override set to false
11-23 13:11:29.115  1011  1189 I ASH     : @ 88341.314: tcs3701: stop power rail pending_off timer
11-23 13:11:29.116  1011  1189 D ASH     : @ 88341.314: tcs3701: start power rail timer, state:3
11-23 13:11:29.153  1795  2679 D ActivityManager: freezer override set to true
11-23 13:11:29.155  1011  1189 I ASH     : @ 88341.354: tcs3701: stop power rail pending_off timer
11-23 13:11:29.155  1011  1189 D ASH     : @ 88341.354: tcs3701: start power rail timer, state:3
11-23 13:11:29.156  1795  2679 D ActivityManager: freezer override set to false
11-23 13:11:29.178  5238  5296 I BatteryMgr:DataCollectionService: stats => 1700741489178,10070,4446,13427,4169000,100
11-23 13:11:29.195  1011  1189 I ASH     : @ 88341.394: tcs3701: stop power rail pending_off timer
11-23 13:11:29.195  1011  1189 D ASH     : @ 88341.394: tcs3701: start power rail timer, state:3
11-23 13:11:29.236  1011  1189 I ASH     : @ 88341.434: tcs3701: stop power rail pending_off timer
11-23 13:11:29.236  1011  1189 D ASH     : @ 88341.434: tcs3701: start power rail timer, state:3
11-23 13:11:29.276  1011  1189 I ASH     : @ 88341.474: tcs3701: stop power rail pending_off timer
11-23 13:11:29.276  1011  1189 D ASH     : @ 88341.474: tcs3701: start power rail timer, state:3
11-23 13:11:29.284  5238  5296 I BatteryMgr:DataCollectionService: stats => 1700741489284,10070,4446,13427,4169000,100
11-23 13:11:29.316  1011  1189 I ASH     : @ 88341.514: tcs3701: stop power rail pending_off timer
11-23 13:11:29.316  1011  1189 D ASH     : @ 88341.514: tcs3701: start power rail timer, state:3
11-23 13:11:29.355  1011  1189 I ASH     : @ 88341.554: tcs3701: stop power rail pending_off timer
11-23 13:11:29.355  1011  1189 D ASH     : @ 88341.554: tcs3701: start power rail timer, state:3
11-23 13:11:29.389  5238  5296 I BatteryMgr:DataCollectionService: stats => 1700741489389,10070,4446,13427,4169000,100
11-23 13:11:29.396  1011  1189 I ASH     : @ 88341.594: tcs3701: stop power rail pending_off timer
11-23 13:11:29.396  1011  1189 D ASH     : @ 88341.594: tcs3701: start power rail timer, state:3
11-23 13:11:29.436  1011  1189 I ASH     : @ 88341.634: tcs3701: stop power rail pending_off timer
11-23 13:11:29.436  1011  1189 D ASH     : @ 88341.634: tcs3701: start power rail timer, state:3
11-23 13:11:29.474  1795  2424 D WifiClientModeImpl[13802:wlan0]: updateLinkLayerStatsRssiSpeedFrequencyCapabilities rssi=-46 TxLinkspeed=780 freq=5240 RxLinkSpeed=866
11-23 13:11:29.474  1795  2424 D WifiDataStall: tx tput in kbps: 748785
11-23 13:11:29.474  1795  2424 D WifiDataStall: rx tput in kbps: 788195
11-23 13:11:29.474  1795  2424 V WifiConfigManager: Updating scan detail cache freq=5240 BSSID=f4:6d:2f:12:cc:88 RSSI=-45 for "ourhome"WPA_PSK
11-23 13:11:29.474  1795  2424 D WifiChannelUtilization:  freq: 5240 onTime: 2591649 busyTime: 235130 onTimeDiff: 2591354 busyTimeDiff: 235113 utilization: 23 utilization t0: 23
11-23 13:11:29.474  1795  2424 D WifiDataStall:  ccaLevel = 23
11-23 13:11:29.474  1795  2424 D WifiDataStall: L2 txTputKbps: 575036, rxTputKbps: 788195, L3 txTputKbps: 16, rxTputKbps: 42, TxTrafficHigh: true, RxTrafficHigh: true, Throughput Sufficient: true
11-23 13:11:29.474  3213  8092 V WifiManager: OnWifiUsabilityStatsListener: onWifiUsabilityStats: seqNum=29179
11-23 13:11:29.474  1795  2424 D WifiScoreReport: Wifi scoring disabled - Don't check IP layer
11-23 13:11:29.475  1795  2424 D WifiScoreCard: BSSID update SIGNAL_POLL ID: 1320464697 SSID: "ourhome", BSSID: f4:6d:2f:12:cc:88, MAC: b2:2f:ec:da:4a:0c, IP: /192.168.1.104, Security type: 2, Supplicant state: COMPLETED, Wi-Fi standard: 5, RSSI: -46, Link speed: 780Mbps, Tx Link speed: 780Mbps, Max Supported Tx Link speed: 866Mbps, Rx Link speed: 866Mbps, Max Supported Rx Link speed: 866Mbps, Frequency: 5240MHz, Net ID: 12, Metered hint: false, score: 60, isUsable: true, CarrierMerged: false, SubscriptionId: -1, IsPrimary: 1, Trusted: true, Restricted: false, Ephemeral: false, OEM paid: false, OEM private: false, OSU AP: false, FQDN: <none>, Provider friendly name: <none>, Requesting package name: <none>"ourhome"wpa2-pskMLO Information: , Is TID-To-Link negotiation supported by the AP: false, AP MLD Address: <none>, AP MLO Link Id: <none>, AP MLO Affiliated links: <none>
11-23 13:11:29.475  1795  2424 D WifiScoreCard: txRate: 8 txSpeed: 780
11-23 13:11:29.475  1795  2424 D WifiScoreCard: network update SIGNAL_POLL "ourhome" ID: 1499892569 RSSI -46 txSpeed 780
11-23 13:11:29.475  1795  2424 D WifiClientModeImpl[13802:wlan0]:  ClientModeImpl$L2ConnectedState screen=on 15 0 "ourhome" f4:6d:2f:12:cc:88 rssi=-46 f=5240 sc=60 link=780 tx=6.8, 1.0, 0.0 rx=4.3 bcn=843738 [on:171 tx:2 rx:2 period:3015] from screen [on:276813 period:3810203] score=60
11-23 13:11:29.475  1795  2679 I WifiService: updateWifiUsabilityScore uid=10180 seqNum=29179 score=100 predictionHorizonSec=1441795
11-23 13:11:29.475  1011  1189 I ASH     : @ 88341.674: tcs3701: stop power rail pending_off timer
11-23 13:11:29.475  1011  1189 D ASH     : @ 88341.674: tcs3701: start power rail timer, state:3
11-23 13:11:29.476  1795  2424 D WifiScoreReport: Wifi scoring disabled - Notify that Wifi is usable
11-23 13:11:29.479  1795  2432 D ConnectivityService: NetReassign [no changes] [c 1] [a 0] [i 2]
11-23 13:11:29.495  5238  5296 I BatteryMgr:DataCollectionService: stats => 1700741489495,10070,4446,13427,4169000,100
11-23 13:11:29.516  1011  1189 I ASH     : @ 88341.714: tcs3701: stop power rail pending_off timer
11-23 13:11:29.516  1011  1189 D ASH     : @ 88341.714: tcs3701: start power rail timer, state:3
11-23 13:11:29.556  1011  1189 I ASH     : @ 88341.754: tcs3701: stop power rail pending_off timer
11-23 13:11:29.556  1011  1189 D ASH     : @ 88341.754: tcs3701: start power rail timer, state:3
11-23 13:11:29.596  1011  1189 I ASH     : @ 88341.794: tcs3701: stop power rail pending_off timer
11-23 13:11:29.596  1011  1189 D ASH     : @ 88341.794: tcs3701: start power rail timer, state:3
11-23 13:11:29.600  5238  5296 I BatteryMgr:DataCollectionService: stats => 1700741489600,10070,4446,13427,4169000,100
11-23 13:11:29.635  1011  1189 I ASH     : @ 88341.834: tcs3701: stop power rail pending_off timer
11-23 13:11:29.635  1011  1189 D ASH     : @ 88341.834: tcs3701: start power rail timer, state:3
11-23 13:11:29.676  1011  1189 I ASH     : @ 88341.874: tcs3701: stop power rail pending_off timer
11-23 13:11:29.676  1011  1189 D ASH     : @ 88341.874: tcs3701: start power rail timer, state:3
11-23 13:11:29.706  5238  5296 I BatteryMgr:DataCollectionService: stats => 1700741489706,10070,4446,13427,4169000,100
11-23 13:11:29.715  1011  1189 I ASH     : @ 88341.914: tcs3701: stop power rail pending_off timer
11-23 13:11:29.716  1011  1189 D ASH     : @ 88341.914: tcs3701: start power rail timer, state:3
11-23 13:11:29.756  1011  1189 I ASH     : @ 88341.954: tcs3701: stop power rail pending_off timer
11-23 13:11:29.756  1011  1189 D ASH     : @ 88341.954: tcs3701: start power rail timer, state:3
11-23 13:11:29.795  1011  1189 I ASH     : @ 88341.994: tcs3701: stop power rail pending_off timer
11-23 13:11:29.795  1011  1189 D ASH     : @ 88341.994: tcs3701: start power rail timer, state:3
11-23 13:11:29.810  5238  5296 I BatteryMgr:DataCollectionService: stats => 1700741489809,10070,4446,13427,4169000,100
11-23 13:11:29.835  1011  1189 I ASH     : @ 88342.034: tcs3701: stop power rail pending_off timer
11-23 13:11:29.836  1011  1189 D ASH     : @ 88342.034: tcs3701: start power rail timer, state:3
11-23 13:11:29.875  1011  1189 I ASH     : @ 88342.074: tcs3701: stop power rail pending_off timer
11-23 13:11:29.875  1011  1189 D ASH     : @ 88342.074: tcs3701: start power rail timer, state:3
11-23 13:11:29.883  1795  2679 D ActivityManager: freezer override set to true
11-23 13:11:29.888  1795  2679 D ActivityManager: freezer override set to false
11-23 13:11:29.915  1011  1189 I ASH     : @ 88342.114: tcs3701: stop power rail pending_off timer
11-23 13:11:29.916  1011  1189 D ASH     : @ 88342.114: tcs3701: start power rail timer, state:3
11-23 13:11:29.917  5238  5296 I BatteryMgr:DataCollectionService: stats => 1700741489917,10070,4446,13427,4169000,100
11-23 13:11:29.956  1011  1189 I ASH     : @ 88342.154: tcs3701: stop power rail pending_off timer
11-23 13:11:29.956  1011  1189 D ASH     : @ 88342.154: tcs3701: start power rail timer, state:3
11-23 13:11:29.995  1011  1189 I ASH     : @ 88342.194: tcs3701: stop power rail pending_off timer
11-23 13:11:29.995  1011  1189 D ASH     : @ 88342.194: tcs3701: start power rail timer, state:3
11-23 13:11:30.021  5238  5296 I BatteryMgr:DataCollectionService: stats => 1700741490021,10070,4446,13427,4169000,100
11-23 13:11:30.035  1011  1189 I ASH     : @ 88342.234: tcs3701: stop power rail pending_off timer
11-23 13:11:30.035  1011  1189 D ASH     : @ 88342.234: tcs3701: start power rail timer, state:3
11-23 13:11:30.076  1011  1189 I ASH     : @ 88342.274: tcs3701: stop power rail pending_off timer
11-23 13:11:30.076  1011  1189 D ASH     : @ 88342.274: tcs3701: start power rail timer, state:3
11-23 13:11:30.115  1011  1189 I ASH     : @ 88342.314: tcs3701: stop power rail pending_off timer
11-23 13:11:30.116  1011  1189 D ASH     : @ 88342.314: tcs3701: start power rail timer, state:3
11-23 13:11:30.129  5238  5296 I BatteryMgr:DataCollectionService: stats => 1700741490129,10070,4446,13427,4169000,100
11-23 13:11:30.156  1011  1189 I ASH     : @ 88342.354: tcs3701: stop power rail pending_off timer
11-23 13:11:30.156  1011  1189 D ASH     : @ 88342.354: tcs3701: start power rail timer, state:3
11-23 13:11:30.195  1011  1189 I ASH     : @ 88342.394: tcs3701: stop power rail pending_off timer
11-23 13:11:30.195  1011  1189 D ASH     : @ 88342.394: tcs3701: start power rail timer, state:3
11-23 13:11:30.234  5238  5296 I BatteryMgr:DataCollectionService: stats => 1700741490234,10070,4446,13427,4169000,100
11-23 13:11:30.235  1011  1189 I ASH     : @ 88342.434: tcs3701: stop power rail pending_off timer
11-23 13:11:30.235  1011  1189 D ASH     : @ 88342.434: tcs3701: start power rail timer, state:3
11-23 13:11:30.275  1011  1189 I ASH     : @ 88342.474: tcs3701: stop power rail pending_off timer
11-23 13:11:30.275  1011  1189 D ASH     : @ 88342.474: tcs3701: start power rail timer, state:3
11-23 13:11:30.316  1011  1189 I ASH     : @ 88342.514: tcs3701: stop power rail pending_off timer
11-23 13:11:30.316  1011  1189 D ASH     : @ 88342.514: tcs3701: start power rail timer, state:3
11-23 13:11:30.340  5238  5296 I BatteryMgr:DataCollectionService: stats => 1700741490339,10070,4446,13427,4169000,100
11-23 13:11:30.356  1011  1189 I ASH     : @ 88342.554: tcs3701: stop power rail pending_off timer
11-23 13:11:30.356  1011  1189 D ASH     : @ 88342.554: tcs3701: start power rail timer, state:3
11-23 13:11:30.368  1795  2679 D ActivityManager: freezer override set to true
11-23 13:11:30.395  1011  1189 I ASH     : @ 88342.594: tcs3701: stop power rail pending_off timer
11-23 13:11:30.395  1011  1189 D ASH     : @ 88342.594: tcs3701: start power rail timer, state:3
11-23 13:11:30.435  1011  1189 I ASH     : @ 88342.634: tcs3701: stop power rail pending_off timer
11-23 13:11:30.435  1011  1189 D ASH     : @ 88342.634: tcs3701: start power rail timer, state:3
11-23 13:11:30.445  5238  5296 I BatteryMgr:DataCollectionService: stats => 1700741490445,10070,4446,13427,4169000,100
11-23 13:11:30.475  1011  1189 I ASH     : @ 88342.674: tcs3701: stop power rail pending_off timer
11-23 13:11:30.475  1011  1189 D ASH     : @ 88342.674: tcs3701: start power rail timer, state:3
11-23 13:11:30.482 28190 28241 I m.chrome.canary: Explicit concurrent copying GC freed 3757(192KB) AllocSpace objects, 5(164KB) LOS objects, 75% free, 12MB/48MB, paused 37us,25us total 51.276ms
11-23 13:11:30.516  1011  1189 I ASH     : @ 88342.714: tcs3701: stop power rail pending_off timer
11-23 13:11:30.516  1011  1189 D ASH     : @ 88342.714: tcs3701: start power rail timer, state:3
11-23 13:11:30.549  1795  2679 D ActivityManager: freezer override set to false
11-23 13:11:30.552  5238  5296 I BatteryMgr:DataCollectionService: stats => 1700741490551,10070,4446,13427,4169000,100
11-23 13:11:30.555  1011  1189 I ASH     : @ 88342.754: tcs3701: stop power rail pending_off timer
11-23 13:11:30.555  1011  1189 D ASH     : @ 88342.754: tcs3701: start power rail timer, state:3
11-23 13:11:30.595  1011  1189 I ASH     : @ 88342.794: tcs3701: stop power rail pending_off timer
11-23 13:11:30.595  1011  1189 D ASH     : @ 88342.794: tcs3701: start power rail timer, state:3
11-23 13:11:30.605  1795  2679 D ActivityManager: freezer override set to true
11-23 13:11:30.608  1795  2679 D ActivityManager: freezer override set to false
11-23 13:11:30.635  1011  1189 I ASH     : @ 88342.834: tcs3701: stop power rail pending_off timer
11-23 13:11:30.635  1011  1189 D ASH     : @ 88342.834: tcs3701: start power rail timer, state:3
11-23 13:11:30.657  5238  5296 I BatteryMgr:DataCollectionService: stats => 1700741490657,10070,4446,13427,4169000,100
11-23 13:11:30.676  1011  1189 I ASH     : @ 88342.874: tcs3701: stop power rail pending_off timer
11-23 13:11:30.676  1011  1189 D ASH     : @ 88342.874: tcs3701: start power rail timer, state:3
11-23 13:11:30.715  1011  1189 I ASH     : @ 88342.914: tcs3701: stop power rail pending_off timer
11-23 13:11:30.715  1011  1189 D ASH     : @ 88342.914: tcs3701: start power rail timer, state:3
11-23 13:11:30.755  1011  1189 I ASH     : @ 88342.954: tcs3701: stop power rail pending_off timer
11-23 13:11:30.755  1011  1189 D ASH     : @ 88342.954: tcs3701: start power rail timer, state:3
11-23 13:11:30.762  5238  5296 I BatteryMgr:DataCollectionService: stats => 1700741490762,10070,4446,13427,4169000,100
11-23 13:11:30.795  1011  1189 I ASH     : @ 88342.994: tcs3701: stop power rail pending_off timer
11-23 13:11:30.795  1011  1189 D ASH     : @ 88342.994: tcs3701: start power rail timer, state:3
11-23 13:11:30.836  1011  1189 I ASH     : @ 88343.034: tcs3701: stop power rail pending_off timer
11-23 13:11:30.836  1011  1189 D ASH     : @ 88343.034: tcs3701: start power rail timer, state:3
11-23 13:11:30.867  5238  5296 I BatteryMgr:DataCollectionService: stats => 1700741490867,10070,4446,13427,4169000,100
11-23 13:11:30.875  1011  1189 I ASH     : @ 88343.074: tcs3701: stop power rail pending_off timer
11-23 13:11:30.875  1011  1189 D ASH     : @ 88343.074: tcs3701: start power rail timer, state:3
11-23 13:11:30.879  1795  2679 D ActivityManager: freezer override set to true
11-23 13:11:30.885  1795  2679 D ActivityManager: freezer override set to false
11-23 13:11:30.915  1011  1189 I ASH     : @ 88343.114: tcs3701: stop power rail pending_off timer
11-23 13:11:30.915  1011  1189 D ASH     : @ 88343.114: tcs3701: start power rail timer, state:3
11-23 13:11:30.956  1011  1189 I ASH     : @ 88343.154: tcs3701: stop power rail pending_off timer
11-23 13:11:30.956  1011  1189 D ASH     : @ 88343.154: tcs3701: start power rail timer, state:3
11-23 13:11:30.971  5238  5296 I BatteryMgr:DataCollectionService: stats => 1700741490971,10070,4446,13427,4169000,100
11-23 13:11:30.995  1011  1189 I ASH     : @ 88343.194: tcs3701: stop power rail pending_off timer
11-23 13:11:30.995  1011  1189 D ASH     : @ 88343.194: tcs3701: start power rail timer, state:3
11-23 13:11:31.036  1011  1189 I ASH     : @ 88343.234: tcs3701: stop power rail pending_off timer
11-23 13:11:31.036  1011  1189 D ASH     : @ 88343.234: tcs3701: start power rail timer, state:3
11-23 13:11:31.052  2113  2118 I pixel-thermal: skin-therm-monitor: 38.882
11-23 13:11:31.076  1011  1189 I ASH     : @ 88343.274: tcs3701: stop power rail pending_off timer
11-23 13:11:31.076  1011  1189 D ASH     : @ 88343.274: tcs3701: start power rail timer, state:3
11-23 13:11:31.077  5238  5296 I BatteryMgr:DataCollectionService: stats => 1700741491077,10070,4446,13427,4169000,100
11-23 13:11:31.115  1011  1189 I ASH     : @ 88343.314: tcs3701: stop power rail pending_off timer
11-23 13:11:31.115  1011  1189 D ASH     : @ 88343.314: tcs3701: start power rail timer, state:3
11-23 13:11:31.156  1011  1189 I ASH     : @ 88343.354: tcs3701: stop power rail pending_off timer
11-23 13:11:31.156  1011  1189 D ASH     : @ 88343.354: tcs3701: start power rail timer, state:3
11-23 13:11:31.181  5238  5296 I BatteryMgr:DataCollectionService: stats => 1700741491181,10070,4446,13427,4169000,100
11-23 13:11:31.195  1011  1189 I ASH     : @ 88343.394: tcs3701: stop power rail pending_off timer
11-23 13:11:31.196  1011  1189 D ASH     : @ 88343.394: tcs3701: start power rail timer, state:3
11-23 13:11:31.236  1011  1189 I ASH     : @ 88343.434: tcs3701: stop power rail pending_off timer
11-23 13:11:31.236  1011  1189 D ASH     : @ 88343.434: tcs3701: start power rail timer, state:3
11-23 13:11:31.244  3604  4214 I bbqr    : (REDACTED) getHotwordActive::active query: %s, watch: %s, devices connected: %s
11-23 13:11:31.275  1011  1189 I ASH     : @ 88343.474: tcs3701: stop power rail pending_off timer
11-23 13:11:31.275  1011  1189 D ASH     : @ 88343.474: tcs3701: start power rail timer, state:3
11-23 13:11:31.289  5238  5296 I BatteryMgr:DataCollectionService: stats => 1700741491289,10070,4446,13427,4169000,100
11-23 13:11:31.316  1011  1189 I ASH     : @ 88343.514: tcs3701: stop power rail pending_off timer
11-23 13:11:31.316  1011  1189 D ASH     : @ 88343.514: tcs3701: start power rail timer, state:3
11-23 13:11:31.356  1011  1189 I ASH     : @ 88343.554: tcs3701: stop power rail pending_off timer
11-23 13:11:31.356  1011  1189 D ASH     : @ 88343.554: tcs3701: start power rail timer, state:3
11-23 13:11:31.392  5238  5296 I BatteryMgr:DataCollectionService: stats => 1700741491392,10070,4446,13427,4169000,100
11-23 13:11:31.395  1011  1189 I ASH     : @ 88343.594: tcs3701: stop power rail pending_off timer
11-23 13:11:31.396  1011  1189 D ASH     : @ 88343.594: tcs3701: start power rail timer, state:3
11-23 13:11:31.435  1011  1189 I ASH     : @ 88343.634: tcs3701: stop power rail pending_off timer
11-23 13:11:31.437  1011  1189 D ASH     : @ 88343.634: tcs3701: start power rail timer, state:3
11-23 13:11:31.475  1011  1189 I ASH     : @ 88343.674: tcs3701: stop power rail pending_off timer
11-23 13:11:31.475  1011  1189 D ASH     : @ 88343.674: tcs3701: start power rail timer, state:3
11-23 13:11:31.495  5238  5296 I BatteryMgr:DataCollectionService: stats => 1700741491495,10070,4446,13427,4169000,100
11-23 13:11:31.515  1011  1189 I ASH     : @ 88343.714: tcs3701: stop power rail pending_off timer
11-23 13:11:31.515  1011  1189 D ASH     : @ 88343.714: tcs3701: start power rail timer, state:3
11-23 13:11:31.555  1011  1189 I ASH     : @ 88343.754: tcs3701: stop power rail pending_off timer
11-23 13:11:31.555  1011  1189 D ASH     : @ 88343.754: tcs3701: start power rail timer, state:3
11-23 13:11:31.595  1011  1189 I ASH     : @ 88343.794: tcs3701: stop power rail pending_off timer
11-23 13:11:31.595  1011  1189 D ASH     : @ 88343.794: tcs3701: start power rail timer, state:3
11-23 13:11:31.600  5238  5296 I BatteryMgr:DataCollectionService: stats => 1700741491600,10070,4446,13427,4169000,100
11-23 13:11:31.636  1011  1189 I ASH     : @ 88343.834: tcs3701: stop power rail pending_off timer
11-23 13:11:31.636  1011  1189 D ASH     : @ 88343.834: tcs3701: start power rail timer, state:3
11-23 13:11:31.675  1011  1189 I ASH     : @ 88343.874: tcs3701: stop power rail pending_off timer
11-23 13:11:31.675  1011  1189 D ASH     : @ 88343.874: tcs3701: start power rail timer, state:3
11-23 13:11:31.706  5238  5296 I BatteryMgr:DataCollectionService: stats => 1700741491706,10070,4446,13427,4169000,100
11-23 13:11:31.715  1011  1189 I ASH     : @ 88343.914: tcs3701: stop power rail pending_off timer
11-23 13:11:31.715  1011  1189 D ASH     : @ 88343.914: tcs3701: start power rail timer, state:3
11-23 13:11:31.755  1011  1189 I ASH     : @ 88343.954: tcs3701: stop power rail pending_off timer
11-23 13:11:31.756  1011  1189 D ASH     : @ 88343.954: tcs3701: start power rail timer, state:3
11-23 13:11:31.795  1011  1189 I ASH     : @ 88343.994: tcs3701: stop power rail pending_off timer
11-23 13:11:31.795  1011  1189 D ASH     : @ 88343.994: tcs3701: start power rail timer, state:3
11-23 13:11:31.813  5238  5296 I BatteryMgr:DataCollectionService: stats => 1700741491813,10070,4446,13427,4169000,100
11-23 13:11:31.828  1795  2679 D ActivityManager: freezer override set to true
11-23 13:11:31.837  1011  1189 I ASH     : @ 88344.034: tcs3701: stop power rail pending_off timer
11-23 13:11:31.837  1011  1189 D ASH     : @ 88344.034: tcs3701: start power rail timer, state:3
11-23 13:11:31.876  1011  1189 I ASH     : @ 88344.074: tcs3701: stop power rail pending_off timer
11-23 13:11:31.876  1011  1189 D ASH     : @ 88344.074: tcs3701: start power rail timer, state:3
11-23 13:11:31.915  1011  1189 I ASH     : @ 88344.114: tcs3701: stop power rail pending_off timer
11-23 13:11:31.915  1011  1189 D ASH     : @ 88344.114: tcs3701: start power rail timer, state:3
11-23 13:11:31.921  5238  5296 I BatteryMgr:DataCollectionService: stats => 1700741491921,10070,4446,13427,4169000,100
11-23 13:11:31.929 28190 28241 I m.chrome.canary: Explicit concurrent copying GC freed 3590(176KB) AllocSpace objects, 3(60KB) LOS objects, 75% free, 12MB/48MB, paused 30us,38us total 49.162ms
11-23 13:11:31.955  1011  1189 I ASH     : @ 88344.154: tcs3701: stop power rail pending_off timer
11-23 13:11:31.955  1011  1189 D ASH     : @ 88344.154: tcs3701: start power rail timer, state:3
11-23 13:11:31.992  1795  2735 I ActivityManager: Killing 21108:com.google.android.gms.unstable/u0a158 (adj 915): empty for 1800s
11-23 13:11:31.993  1795  4172 D ActivityManager: freezer override set to false
11-23 13:11:31.995  1011  1189 I ASH     : @ 88344.194: tcs3701: stop power rail pending_off timer
11-23 13:11:31.995  1011  1189 D ASH     : @ 88344.194: tcs3701: start power rail timer, state:3
11-23 13:11:31.999  1795  2145 I libprocessgroup: Successfully killed process cgroup uid 10158 pid 21108 in 6ms
11-23 13:11:32.026  5238  5296 I BatteryMgr:DataCollectionService: stats => 1700741492026,10070,4446,13427,4169000,100
11-23 13:11:32.036  1011  1189 I ASH     : @ 88344.234: tcs3701: stop power rail pending_off timer
11-23 13:11:32.036  1011  1189 D ASH     : @ 88344.234: tcs3701: start power rail timer, state:3
11-23 13:11:32.050  1795  2735 D ActivityManager: freezer override set to true
11-23 13:11:32.054  1795  2735 D ActivityManager: freezer override set to false
11-23 13:11:32.075  1011  1189 I ASH     : @ 88344.274: tcs3701: stop power rail pending_off timer
11-23 13:11:32.075  1011  1189 D ASH     : @ 88344.274: tcs3701: start power rail timer, state:3
11-23 13:11:32.116  1011  1189 I ASH     : @ 88344.314: tcs3701: stop power rail pending_off timer
11-23 13:11:32.116  1011  1189 D ASH     : @ 88344.314: tcs3701: start power rail timer, state:3
11-23 13:11:32.133  5238  5296 I BatteryMgr:DataCollectionService: stats => 1700741492133,10070,4446,13427,4169000,100
11-23 13:11:32.156  1011  1189 I ASH     : @ 88344.354: tcs3701: stop power rail pending_off timer
11-23 13:11:32.156  1011  1189 D ASH     : @ 88344.354: tcs3701: start power rail timer, state:3
11-23 13:11:32.157  1795  2432 D ConnectivityService: releasing NetworkRequest [ REQUEST id=2183, [ Capabilities: INTERNET&NOT_RESTRICTED&TRUSTED&NOT_VCN_MANAGED Uid: 10158 RequestorUid: 10158 RequestorPkg: com.google.android.gms UnderlyingNetworks: Null] ] (release request)
11-23 13:11:32.159   987   987 I Zygote  : Process 21108 exited due to signal 9 (Killed)
11-23 13:11:32.195  1011  1189 I ASH     : @ 88344.394: tcs3701: stop power rail pending_off timer
11-23 13:11:32.195  1011  1189 D ASH     : @ 88344.394: tcs3701: start power rail timer, state:3
11-23 13:11:32.235  1011  1189 I ASH     : @ 88344.434: tcs3701: stop power rail pending_off timer
11-23 13:11:32.235  1011  1189 D ASH     : @ 88344.434: tcs3701: start power rail timer, state:3
11-23 13:11:32.238  5238  5296 I BatteryMgr:DataCollectionService: stats => 1700741492238,10070,4446,13427,4169000,100
11-23 13:11:32.275  1011  1189 I ASH     : @ 88344.474: tcs3701: stop power rail pending_off timer
11-23 13:11:32.275  1011  1189 D ASH     : @ 88344.474: tcs3701: start power rail timer, state:3
11-23 13:11:32.316  1011  1189 I ASH     : @ 88344.514: tcs3701: stop power rail pending_off timer
11-23 13:11:32.316  1011  1189 D ASH     : @ 88344.514: tcs3701: start power rail timer, state:3
11-23 13:11:32.344  5238  5296 I BatteryMgr:DataCollectionService: stats => 1700741492344,10070,4446,13427,4169000,100
11-23 13:11:32.355  1011  1189 I ASH     : @ 88344.554: tcs3701: stop power rail pending_off timer
11-23 13:11:32.355  1011  1189 D ASH     : @ 88344.554: tcs3701: start power rail timer, state:3
11-23 13:11:32.395  1011  1189 I ASH     : @ 88344.594: tcs3701: stop power rail pending_off timer
11-23 13:11:32.395  1011  1189 D ASH     : @ 88344.594: tcs3701: start power rail timer, state:3
11-23 13:11:32.436  1011  1189 I ASH     : @ 88344.634: tcs3701: stop power rail pending_off timer
11-23 13:11:32.436  1011  1189 D ASH     : @ 88344.634: tcs3701: start power rail timer, state:3
11-23 13:11:32.449  5238  5296 I BatteryMgr:DataCollectionService: stats => 1700741492449,10070,4446,13427,4169000,100
11-23 13:11:32.475  1011  1189 I ASH     : @ 88344.674: tcs3701: stop power rail pending_off timer
11-23 13:11:32.475  1011  1189 D ASH     : @ 88344.674: tcs3701: start power rail timer, state:3
11-23 13:11:32.485  1795  2424 D WifiClientModeImpl[13802:wlan0]: updateLinkLayerStatsRssiSpeedFrequencyCapabilities rssi=-46 TxLinkspeed=780 freq=5240 RxLinkSpeed=866
11-23 13:11:32.486  1795  2424 D WifiDataStall: tx tput in kbps: 575036
11-23 13:11:32.486  1795  2424 D WifiDataStall: rx tput in kbps: 788195
