11-23 13:16:18.948  1795  2424 D WifiChannelUtilization:  freq: 5240 onTime: 2601506 busyTime: 236712 onTimeDiff: 2601211 busyTimeDiff: 236695 utilization: 23 utilization t0: 23
11-23 13:16:18.948  1795  2424 D WifiDataStall:  ccaLevel = 23
11-23 13:16:18.948  1795  2424 D WifiDataStall: L2 txTputKbps: 748785, rxTputKbps: 788195, L3 txTputKbps: 0, rxTputKbps: 0, TxTrafficHigh: false, RxTrafficHigh: false, Throughput Sufficient: true
11-23 13:16:18.948  1795  2424 D WifiScoreReport: Wifi scoring disabled - Don't check IP layer
11-23 13:16:18.948  1795  2424 D WifiScoreCard: BSSID update SIGNAL_POLL ID: 1320464697 SSID: "ourhome", BSSID: f4:6d:2f:12:cc:88, MAC: b2:2f:ec:da:4a:0c, IP: /192.168.1.104, Security type: 2, Supplicant state: COMPLETED, Wi-Fi standard: 5, RSSI: -47, Link speed: 866Mbps, Tx Link speed: 866Mbps, Max Supported Tx Link speed: 866Mbps, Rx Link speed: 866Mbps, Max Supported Rx Link speed: 866Mbps, Frequency: 5240MHz, Net ID: 12, Metered hint: false, score: 60, isUsable: true, CarrierMerged: false, SubscriptionId: -1, IsPrimary: 1, Trusted: true, Restricted: false, Ephemeral: false, OEM paid: false, OEM private: false, OSU AP: false, FQDN: <none>, Provider friendly name: <none>, Requesting package name: <none>"ourhome"wpa2-pskMLO Information: , Is TID-To-Link negotiation supported by the AP: false, AP MLD Address: <none>, AP MLO Link Id: <none>, AP MLO Affiliated links: <none>
11-23 13:16:18.948  1795  2424 D WifiScoreCard: txRate: 1 txSpeed: 866
11-23 13:16:18.948  3213  8092 V WifiManager: OnWifiUsabilityStatsListener: onWifiUsabilityStats: seqNum=29275
11-23 13:16:18.948  1795  2424 D WifiScoreCard: network update SIGNAL_POLL "ourhome" ID: 1499892569 RSSI -47 txSpeed -1
11-23 13:16:18.949  1795  2424 D WifiClientModeImpl[13802:wlan0]:  ClientModeImpl$L2ConnectedState screen=on 15 0 "ourhome" f4:6d:2f:12:cc:88 rssi=-47 f=5240 sc=60 link=866 tx=0.6, 0.1, 0.0 rx=0.5 bcn=846548 [on:0 tx:0 rx:0 period:3015] from screen [on:286670 period:4099677] score=60
11-23 13:16:18.949  1795  3324 I WifiService: updateWifiUsabilityScore uid=10180 seqNum=29275 score=100 predictionHorizonSec=1441795
11-23 13:16:18.950  1795  2424 D WifiScoreReport: Wifi scoring disabled - Notify that Wifi is usable
11-23 13:16:18.954  1795  2432 D ConnectivityService: NetReassign [no changes] [c 1] [a 0] [i 2]
11-23 13:16:18.955  1011  1189 I ASH     : @ 88631.154: tcs3701: stop power rail pending_off timer
11-23 13:16:18.956  1011  1189 D ASH     : @ 88631.154: tcs3701: start power rail timer, state:3
11-23 13:16:18.995  1011  1189 I ASH     : @ 88631.194: tcs3701: stop power rail pending_off timer
11-23 13:16:18.995  1011  1189 D ASH     : @ 88631.194: tcs3701: start power rail timer, state:3
11-23 13:16:19.012  5238  5296 I BatteryMgr:DataCollectionService: stats => 1700741779012,12817,4446,13427,4169000,100
11-23 13:16:19.036  1011  1189 I ASH     : @ 88631.234: tcs3701: stop power rail pending_off timer
11-23 13:16:19.036  1011  1189 D ASH     : @ 88631.234: tcs3701: start power rail timer, state:3
11-23 13:16:19.075  1011  1189 I ASH     : @ 88631.274: tcs3701: stop power rail pending_off timer
11-23 13:16:19.075  1011  1189 D ASH     : @ 88631.274: tcs3701: start power rail timer, state:3
11-23 13:16:19.115  1011  1189 I ASH     : @ 88631.314: tcs3701: stop power rail pending_off timer
11-23 13:16:19.116  1011  1189 D ASH     : @ 88631.314: tcs3701: start power rail timer, state:3
11-23 13:16:19.117  5238  5296 I BatteryMgr:DataCollectionService: stats => 1700741779117,12817,4446,13427,4169000,100
11-23 13:16:19.156  1011  1189 I ASH     : @ 88631.354: tcs3701: stop power rail pending_off timer
11-23 13:16:19.156  1011  1189 D ASH     : @ 88631.354: tcs3701: start power rail timer, state:3
11-23 13:16:19.196  1011  1189 I ASH     : @ 88631.394: tcs3701: stop power rail pending_off timer
11-23 13:16:19.196  1011  1189 D ASH     : @ 88631.394: tcs3701: start power rail timer, state:3
11-23 13:16:19.222  5238  5296 I BatteryMgr:DataCollectionService: stats => 1700741779222,12817,4446,13427,4169000,100
11-23 13:16:19.236  1011  1189 I ASH     : @ 88631.434: tcs3701: stop power rail pending_off timer
11-23 13:16:19.236  1011  1189 D ASH     : @ 88631.434: tcs3701: start power rail timer, state:3
11-23 13:16:19.276  1011  1189 I ASH     : @ 88631.474: tcs3701: stop power rail pending_off timer
11-23 13:16:19.276  1011  1189 D ASH     : @ 88631.474: tcs3701: start power rail timer, state:3
11-23 13:16:19.316  1011  1189 I ASH     : @ 88631.514: tcs3701: stop power rail pending_off timer
11-23 13:16:19.316  1011  1189 D ASH     : @ 88631.514: tcs3701: start power rail timer, state:3
11-23 13:16:19.329  5238  5296 I BatteryMgr:DataCollectionService: stats => 1700741779329,12817,4446,13427,4169000,100
11-23 13:16:19.340  1795  3324 D ActivityManager: freezer override set to true
11-23 13:16:19.346  1795  3324 D ActivityManager: freezer override set to false
11-23 13:16:19.356  1011  1189 I ASH     : @ 88631.554: tcs3701: stop power rail pending_off timer
11-23 13:16:19.356  1011  1189 D ASH     : @ 88631.554: tcs3701: start power rail timer, state:3
11-23 13:16:19.396  1011  1189 I ASH     : @ 88631.594: tcs3701: stop power rail pending_off timer
11-23 13:16:19.396  1011  1189 D ASH     : @ 88631.594: tcs3701: start power rail timer, state:3
11-23 13:16:19.434  5238  5296 I BatteryMgr:DataCollectionService: stats => 1700741779434,12817,4446,13427,4169000,100
11-23 13:16:19.435  1011  1189 I ASH     : @ 88631.634: tcs3701: stop power rail pending_off timer
11-23 13:16:19.435  1011  1189 D ASH     : @ 88631.634: tcs3701: start power rail timer, state:3
11-23 13:16:19.475  1011  1189 I ASH     : @ 88631.674: tcs3701: stop power rail pending_off timer
11-23 13:16:19.475  1011  1189 D ASH     : @ 88631.674: tcs3701: start power rail timer, state:3
11-23 13:16:19.516  1011  1189 I ASH     : @ 88631.714: tcs3701: stop power rail pending_off timer
11-23 13:16:19.516  1011  1189 D ASH     : @ 88631.714: tcs3701: start power rail timer, state:3
11-23 13:16:19.540  5238  5296 I BatteryMgr:DataCollectionService: stats => 1700741779540,12817,4446,13427,4169000,100
11-23 13:16:19.556  1011  1189 I ASH     : @ 88631.754: tcs3701: stop power rail pending_off timer
11-23 13:16:19.556  1011  1189 D ASH     : @ 88631.754: tcs3701: start power rail timer, state:3
11-23 13:16:19.596  1011  1189 I ASH     : @ 88631.794: tcs3701: stop power rail pending_off timer
11-23 13:16:19.596  1011  1189 D ASH     : @ 88631.794: tcs3701: start power rail timer, state:3
11-23 13:16:19.635  1011  1189 I ASH     : @ 88631.834: tcs3701: stop power rail pending_off timer
11-23 13:16:19.636  1011  1189 D ASH     : @ 88631.834: tcs3701: start power rail timer, state:3
11-23 13:16:19.644  5238  5296 I BatteryMgr:DataCollectionService: stats => 1700741779644,12817,4446,13427,4169000,100
11-23 13:16:19.676  1011  1189 I ASH     : @ 88631.874: tcs3701: stop power rail pending_off timer
11-23 13:16:19.676  1011  1189 D ASH     : @ 88631.874: tcs3701: start power rail timer, state:3
11-23 13:16:19.715  1011  1189 I ASH     : @ 88631.914: tcs3701: stop power rail pending_off timer
11-23 13:16:19.716  1011  1189 D ASH     : @ 88631.914: tcs3701: start power rail timer, state:3
11-23 13:16:19.728  2113  2118 I pixel-thermal: skin-therm-monitor: 39.318
11-23 13:16:19.749  5238  5296 I BatteryMgr:DataCollectionService: stats => 1700741779749,12817,4446,13427,4169000,100
11-23 13:16:19.756  1011  1189 I ASH     : @ 88631.954: tcs3701: stop power rail pending_off timer
11-23 13:16:19.756  1011  1189 D ASH     : @ 88631.954: tcs3701: start power rail timer, state:3
11-23 13:16:19.777  1795  2424 D WifiNetworkSelector: Current connected network: 12
11-23 13:16:19.777  1795  2424 V WifiConnectivityManager: No partial scan because firmware roaming is supported.
11-23 13:16:19.777  1795  2424 V WifiConnectivityManager: schedulePeriodicScanTimer intervalMs 20000
11-23 13:16:19.796  1011  1189 I ASH     : @ 88631.994: tcs3701: stop power rail pending_off timer
11-23 13:16:19.796  1011  1189 D ASH     : @ 88631.994: tcs3701: start power rail timer, state:3
11-23 13:16:19.835  1011  1189 I ASH     : @ 88632.034: tcs3701: stop power rail pending_off timer
11-23 13:16:19.835  1011  1189 D ASH     : @ 88632.034: tcs3701: start power rail timer, state:3
11-23 13:16:19.853  5238  5296 I BatteryMgr:DataCollectionService: stats => 1700741779853,12817,4446,13427,4169000,100
11-23 13:16:19.876  1011  1189 I ASH     : @ 88632.074: tcs3701: stop power rail pending_off timer
11-23 13:16:19.876  1011  1189 D ASH     : @ 88632.074: tcs3701: start power rail timer, state:3
11-23 13:16:19.916  1011  1189 I ASH     : @ 88632.114: tcs3701: stop power rail pending_off timer
11-23 13:16:19.916  1011  1189 D ASH     : @ 88632.114: tcs3701: start power rail timer, state:3
11-23 13:16:19.956  1011  1189 I ASH     : @ 88632.154: tcs3701: stop power rail pending_off timer
11-23 13:16:19.956  1011  1189 D ASH     : @ 88632.154: tcs3701: start power rail timer, state:3
11-23 13:16:19.957  5238  5296 I BatteryMgr:DataCollectionService: stats => 1700741779957,12817,4446,13427,4169000,100
11-23 13:16:19.996  1011  1189 I ASH     : @ 88632.194: tcs3701: stop power rail pending_off timer
11-23 13:16:19.996  1011  1189 D ASH     : @ 88632.194: tcs3701: start power rail timer, state:3
11-23 13:16:20.036  1011  1189 I ASH     : @ 88632.234: tcs3701: stop power rail pending_off timer
11-23 13:16:20.036  1011  1189 D ASH     : @ 88632.234: tcs3701: start power rail timer, state:3
11-23 13:16:20.062  5238  5296 I BatteryMgr:DataCollectionService: stats => 1700741780062,12817,4446,13427,4169000,100
11-23 13:16:20.076  1011  1189 I ASH     : @ 88632.274: tcs3701: stop power rail pending_off timer
11-23 13:16:20.076  1011  1189 D ASH     : @ 88632.274: tcs3701: start power rail timer, state:3
11-23 13:16:20.102  1795  3324 D ActivityManager: freezer override set to true
11-23 13:16:20.115  1011  1189 I ASH     : @ 88632.314: tcs3701: stop power rail pending_off timer
11-23 13:16:20.115  1011  1189 D ASH     : @ 88632.314: tcs3701: start power rail timer, state:3
11-23 13:16:20.156  1011  1189 I ASH     : @ 88632.354: tcs3701: stop power rail pending_off timer
11-23 13:16:20.156  1011  1189 D ASH     : @ 88632.354: tcs3701: start power rail timer, state:3
11-23 13:16:20.166  5238  5296 I BatteryMgr:DataCollectionService: stats => 1700741780166,12817,4446,13427,4169000,100
11-23 13:16:20.193  2645  2723 I m.chrome.canary: Explicit concurrent copying GC freed 3593(176KB) AllocSpace objects, 3(60KB) LOS objects, 75% free, 12MB/48MB, paused 49us,23us total 50.848ms
11-23 13:16:20.195  1011  1189 I ASH     : @ 88632.394: tcs3701: stop power rail pending_off timer
11-23 13:16:20.196  1011  1189 D ASH     : @ 88632.394: tcs3701: start power rail timer, state:3
11-23 13:16:20.235  1011  1189 I ASH     : @ 88632.434: tcs3701: stop power rail pending_off timer
11-23 13:16:20.235  1011  1189 D ASH     : @ 88632.434: tcs3701: start power rail timer, state:3
11-23 13:16:20.250  1795  3324 D ActivityManager: freezer override set to false
11-23 13:16:20.271  5238  5296 I BatteryMgr:DataCollectionService: stats => 1700741780271,12817,4446,13427,4169000,100
11-23 13:16:20.276  1011  1189 I ASH     : @ 88632.474: tcs3701: stop power rail pending_off timer
11-23 13:16:20.276  1011  1189 D ASH     : @ 88632.474: tcs3701: start power rail timer, state:3
11-23 13:16:20.299  1795  3324 D ActivityManager: freezer override set to true
11-23 13:16:20.301  1795  3324 D ActivityManager: freezer override set to false
11-23 13:16:20.316  1011  1189 I ASH     : @ 88632.514: tcs3701: stop power rail pending_off timer
11-23 13:16:20.316  1011  1189 D ASH     : @ 88632.514: tcs3701: start power rail timer, state:3
11-23 13:16:20.350  1795  3324 D ActivityManager: freezer override set to true
11-23 13:16:20.355  1795  3324 D ActivityManager: freezer override set to false
11-23 13:16:20.357  1011  1189 I ASH     : @ 88632.554: tcs3701: stop power rail pending_off timer
11-23 13:16:20.357  1011  1189 D ASH     : @ 88632.554: tcs3701: start power rail timer, state:3
11-23 13:16:20.376  5238  5296 I BatteryMgr:DataCollectionService: stats => 1700741780376,12817,4446,13427,4169000,100
11-23 13:16:20.396  1011  1189 I ASH     : @ 88632.594: tcs3701: stop power rail pending_off timer
11-23 13:16:20.396  1011  1189 D ASH     : @ 88632.594: tcs3701: start power rail timer, state:3
11-23 13:16:20.436  1011  1189 I ASH     : @ 88632.634: tcs3701: stop power rail pending_off timer
11-23 13:16:20.436  1011  1189 D ASH     : @ 88632.634: tcs3701: start power rail timer, state:3
11-23 13:16:20.475  1011  1189 I ASH     : @ 88632.674: tcs3701: stop power rail pending_off timer
11-23 13:16:20.475  1011  1189 D ASH     : @ 88632.674: tcs3701: start power rail timer, state:3
11-23 13:16:20.480  5238  5296 I BatteryMgr:DataCollectionService: stats => 1700741780480,12817,4446,13427,4169000,100
11-23 13:16:20.515  1011  1189 I ASH     : @ 88632.714: tcs3701: stop power rail pending_off timer
11-23 13:16:20.515  1011  1189 D ASH     : @ 88632.714: tcs3701: start power rail timer, state:3
11-23 13:16:20.556  1011  1189 I ASH     : @ 88632.754: tcs3701: stop power rail pending_off timer
11-23 13:16:20.556  1011  1189 D ASH     : @ 88632.754: tcs3701: start power rail timer, state:3
11-23 13:16:20.584  5238  5296 I BatteryMgr:DataCollectionService: stats => 1700741780584,12817,4446,13427,4169000,100
11-23 13:16:20.596  1011  1189 I ASH     : @ 88632.794: tcs3701: stop power rail pending_off timer
11-23 13:16:20.596  1011  1189 D ASH     : @ 88632.794: tcs3701: start power rail timer, state:3
11-23 13:16:20.636  1011  1189 I ASH     : @ 88632.834: tcs3701: stop power rail pending_off timer
11-23 13:16:20.636  1011  1189 D ASH     : @ 88632.834: tcs3701: start power rail timer, state:3
11-23 13:16:20.675  1011  1189 I ASH     : @ 88632.874: tcs3701: stop power rail pending_off timer
11-23 13:16:20.675  1011  1189 D ASH     : @ 88632.874: tcs3701: start power rail timer, state:3
11-23 13:16:20.688  5238  5296 I BatteryMgr:DataCollectionService: stats => 1700741780688,12817,4446,13427,4169000,100
11-23 13:16:20.715  1011  1189 I ASH     : @ 88632.914: tcs3701: stop power rail pending_off timer
11-23 13:16:20.715  1011  1189 D ASH     : @ 88632.914: tcs3701: start power rail timer, state:3
11-23 13:16:20.755  1011  1189 I ASH     : @ 88632.954: tcs3701: stop power rail pending_off timer
11-23 13:16:20.755  1011  1189 D ASH     : @ 88632.954: tcs3701: start power rail timer, state:3
11-23 13:16:20.794  5238  5296 I BatteryMgr:DataCollectionService: stats => 1700741780794,12817,4446,13427,4169000,100
11-23 13:16:20.795  1011  1189 I ASH     : @ 88632.994: tcs3701: stop power rail pending_off timer
11-23 13:16:20.795  1011  1189 D ASH     : @ 88632.994: tcs3701: start power rail timer, state:3
11-23 13:16:20.836  1011  1189 I ASH     : @ 88633.034: tcs3701: stop power rail pending_off timer
11-23 13:16:20.836  1011  1189 D ASH     : @ 88633.034: tcs3701: start power rail timer, state:3
11-23 13:16:20.875  1011  1189 I ASH     : @ 88633.074: tcs3701: stop power rail pending_off timer
11-23 13:16:20.875  1011  1189 D ASH     : @ 88633.074: tcs3701: start power rail timer, state:3
11-23 13:16:20.899  5238  5296 I BatteryMgr:DataCollectionService: stats => 1700741780899,12817,4446,13427,4169000,100
11-23 13:16:20.915  1011  1189 I ASH     : @ 88633.114: tcs3701: stop power rail pending_off timer
11-23 13:16:20.915  1011  1189 D ASH     : @ 88633.114: tcs3701: start power rail timer, state:3
11-23 13:16:20.956  1011  1189 I ASH     : @ 88633.154: tcs3701: stop power rail pending_off timer
11-23 13:16:20.956  1011  1189 D ASH     : @ 88633.154: tcs3701: start power rail timer, state:3
11-23 13:16:20.996  1011  1189 I ASH     : @ 88633.194: tcs3701: stop power rail pending_off timer
11-23 13:16:20.996  1011  1189 D ASH     : @ 88633.194: tcs3701: start power rail timer, state:3
11-23 13:16:21.003  5238  5296 I BatteryMgr:DataCollectionService: stats => 1700741781003,12817,4446,13427,4169000,100
11-23 13:16:21.036  1011  1189 I ASH     : @ 88633.234: tcs3701: stop power rail pending_off timer
11-23 13:16:21.036  1011  1189 D ASH     : @ 88633.234: tcs3701: start power rail timer, state:3
11-23 13:16:21.075  1011  1189 I ASH     : @ 88633.274: tcs3701: stop power rail pending_off timer
11-23 13:16:21.075  1011  1189 D ASH     : @ 88633.274: tcs3701: start power rail timer, state:3
11-23 13:16:21.110  5238  5296 I BatteryMgr:DataCollectionService: stats => 1700741781110,12817,4446,13427,4169000,100
11-23 13:16:21.116  1011  1189 I ASH     : @ 88633.314: tcs3701: stop power rail pending_off timer
11-23 13:16:21.116  1011  1189 D ASH     : @ 88633.314: tcs3701: start power rail timer, state:3
11-23 13:16:21.155  1011  1189 I ASH     : @ 88633.354: tcs3701: stop power rail pending_off timer
11-23 13:16:21.155  1011  1189 D ASH     : @ 88633.354: tcs3701: start power rail timer, state:3
11-23 13:16:21.195  1011  1189 I ASH     : @ 88633.394: tcs3701: stop power rail pending_off timer
11-23 13:16:21.196  1011  1189 D ASH     : @ 88633.394: tcs3701: start power rail timer, state:3
11-23 13:16:21.214  5238  5296 I BatteryMgr:DataCollectionService: stats => 1700741781214,12817,4446,13427,4169000,100
11-23 13:16:21.236  1011  1189 I ASH     : @ 88633.434: tcs3701: stop power rail pending_off timer
11-23 13:16:21.236  1011  1189 D ASH     : @ 88633.434: tcs3701: start power rail timer, state:3
11-23 13:16:21.275  1011  1189 I ASH     : @ 88633.474: tcs3701: stop power rail pending_off timer
11-23 13:16:21.275  1011  1189 D ASH     : @ 88633.474: tcs3701: start power rail timer, state:3
11-23 13:16:21.316  1011  1189 I ASH     : @ 88633.514: tcs3701: stop power rail pending_off timer
11-23 13:16:21.316  1011  1189 D ASH     : @ 88633.514: tcs3701: start power rail timer, state:3
11-23 13:16:21.319  5238  5296 I BatteryMgr:DataCollectionService: stats => 1700741781319,12817,4446,13427,4169000,100
11-23 13:16:21.348  1795  3324 D ActivityManager: freezer override set to true
11-23 13:16:21.352  1795  3324 D ActivityManager: freezer override set to false
11-23 13:16:21.355  1011  1189 I ASH     : @ 88633.554: tcs3701: stop power rail pending_off timer
11-23 13:16:21.356  1011  1189 D ASH     : @ 88633.554: tcs3701: start power rail timer, state:3
11-23 13:16:21.395  1011  1189 I ASH     : @ 88633.594: tcs3701: stop power rail pending_off timer
11-23 13:16:21.396  1011  1189 D ASH     : @ 88633.594: tcs3701: start power rail timer, state:3
11-23 13:16:21.424  5238  5296 I BatteryMgr:DataCollectionService: stats => 1700741781424,12817,4446,13427,4169000,100
11-23 13:16:21.437  1011  1189 I ASH     : @ 88633.634: tcs3701: stop power rail pending_off timer
11-23 13:16:21.437  1011  1189 D ASH     : @ 88633.634: tcs3701: start power rail timer, state:3
11-23 13:16:21.475  1011  1189 I ASH     : @ 88633.674: tcs3701: stop power rail pending_off timer
11-23 13:16:21.476  1011  1189 D ASH     : @ 88633.674: tcs3701: start power rail timer, state:3
11-23 13:16:21.498  1795  3324 D ActivityManager: freezer override set to true
11-23 13:16:21.516  1011  1189 I ASH     : @ 88633.714: tcs3701: stop power rail pending_off timer
11-23 13:16:21.516  1011  1189 D ASH     : @ 88633.714: tcs3701: start power rail timer, state:3
11-23 13:16:21.532  5238  5296 I BatteryMgr:DataCollectionService: stats => 1700741781532,12817,4446,13427,4169000,100
11-23 13:16:21.556  1011  1189 I ASH     : @ 88633.754: tcs3701: stop power rail pending_off timer
11-23 13:16:21.556  1011  1189 D ASH     : @ 88633.754: tcs3701: start power rail timer, state:3
11-23 13:16:21.596  1011  1189 I ASH     : @ 88633.794: tcs3701: stop power rail pending_off timer
11-23 13:16:21.596  1011  1189 D ASH     : @ 88633.794: tcs3701: start power rail timer, state:3
11-23 13:16:21.636  1011  1189 I ASH     : @ 88633.834: tcs3701: stop power rail pending_off timer
11-23 13:16:21.636  1011  1189 D ASH     : @ 88633.834: tcs3701: start power rail timer, state:3
11-23 13:16:21.637  5238  5296 I BatteryMgr:DataCollectionService: stats => 1700741781637,12817,4446,13427,4169000,100
11-23 13:16:21.638  2645  2723 I m.chrome.canary: Explicit concurrent copying GC freed 3871(240KB) AllocSpace objects, 4(80KB) LOS objects, 75% free, 12MB/48MB, paused 32us,31us total 50.396ms
11-23 13:16:21.676  1011  1189 I ASH     : @ 88633.874: tcs3701: stop power rail pending_off timer
11-23 13:16:21.676  1011  1189 D ASH     : @ 88633.874: tcs3701: start power rail timer, state:3
11-23 13:16:21.701  1795  3324 D ActivityManager: freezer override set to false
11-23 13:16:21.716  1011  1189 I ASH     : @ 88633.914: tcs3701: stop power rail pending_off timer
11-23 13:16:21.716  1011  1189 D ASH     : @ 88633.914: tcs3701: start power rail timer, state:3
11-23 13:16:21.731  2113  2118 I pixel-thermal: skin-therm-monitor: 39.345
11-23 13:16:21.738  1795  3324 D ActivityManager: freezer override set to true
11-23 13:16:21.741  1795  3324 D ActivityManager: freezer override set to false
11-23 13:16:21.745  5238  5296 I BatteryMgr:DataCollectionService: stats => 1700741781745,12817,4446,13427,4169000,100
11-23 13:16:21.756  1011  1189 I ASH     : @ 88633.954: tcs3701: stop power rail pending_off timer
11-23 13:16:21.756  1011  1189 D ASH     : @ 88633.954: tcs3701: start power rail timer, state:3
11-23 13:16:21.795  1011  1189 I ASH     : @ 88633.994: tcs3701: stop power rail pending_off timer
11-23 13:16:21.795  1011  1189 D ASH     : @ 88633.994: tcs3701: start power rail timer, state:3
11-23 13:16:21.836  1011  1189 I ASH     : @ 88634.034: tcs3701: stop power rail pending_off timer
11-23 13:16:21.836  1011  1189 D ASH     : @ 88634.034: tcs3701: start power rail timer, state:3
11-23 13:16:21.849  5238  5296 I BatteryMgr:DataCollectionService: stats => 1700741781849,12817,4446,13427,4169000,100
11-23 13:16:21.875  1011  1189 I ASH     : @ 88634.074: tcs3701: stop power rail pending_off timer
11-23 13:16:21.875  1011  1189 D ASH     : @ 88634.074: tcs3701: start power rail timer, state:3
11-23 13:16:21.916  1011  1189 I ASH     : @ 88634.114: tcs3701: stop power rail pending_off timer
11-23 13:16:21.916  1011  1189 D ASH     : @ 88634.114: tcs3701: start power rail timer, state:3
11-23 13:16:21.955  1011  1189 I ASH     : @ 88634.154: tcs3701: stop power rail pending_off timer
11-23 13:16:21.956  1011  1189 D ASH     : @ 88634.154: tcs3701: start power rail timer, state:3
11-23 13:16:21.955  5238  5296 I BatteryMgr:DataCollectionService: stats => 1700741781955,12817,4446,13427,4169000,100
11-23 13:16:21.959  1795  2424 D WifiClientModeImpl[13802:wlan0]: updateLinkLayerStatsRssiSpeedFrequencyCapabilities rssi=-47 TxLinkspeed=866 freq=5240 RxLinkSpeed=866
11-23 13:16:21.960  1795  2424 D WifiDataStall: tx tput in kbps: 748785
11-23 13:16:21.960  1795  2424 D WifiDataStall: rx tput in kbps: 788195
11-23 13:16:21.960  1795  2424 V WifiConfigManager: Updating scan detail cache freq=5240 BSSID=f4:6d:2f:12:cc:88 RSSI=-46 for "ourhome"WPA_PSK
11-23 13:16:21.960  3213  8092 V WifiManager: OnWifiUsabilityStatsListener: onWifiUsabilityStats: seqNum=29276
11-23 13:16:21.960  1795  3659 I WifiService: updateWifiUsabilityScore uid=10180 seqNum=29276 score=100 predictionHorizonSec=1441795
11-23 13:16:21.961  1795  2424 D WifiChannelUtilization:  freq: 5240 onTime: 2601506 busyTime: 236712 onTimeDiff: 2601211 busyTimeDiff: 236695 utilization: 23 utilization t0: 23
11-23 13:16:21.961  1795  2424 D WifiDataStall:  ccaLevel = 23
11-23 13:16:21.961  1795  2424 D WifiDataStall: L2 txTputKbps: 748785, rxTputKbps: 788195, L3 txTputKbps: 0, rxTputKbps: 0, TxTrafficHigh: false, RxTrafficHigh: false, Throughput Sufficient: true
11-23 13:16:21.961  1795  2424 D WifiScoreReport: Wifi scoring disabled - Don't check IP layer
11-23 13:16:21.961  1795  2424 D WifiScoreCard: BSSID update SIGNAL_POLL ID: 1320464697 SSID: "ourhome", BSSID: f4:6d:2f:12:cc:88, MAC: b2:2f:ec:da:4a:0c, IP: /192.168.1.104, Security type: 2, Supplicant state: COMPLETED, Wi-Fi standard: 5, RSSI: -47, Link speed: 866Mbps, Tx Link speed: 866Mbps, Max Supported Tx Link speed: 866Mbps, Rx Link speed: 866Mbps, Max Supported Rx Link speed: 866Mbps, Frequency: 5240MHz, Net ID: 12, Metered hint: false, score: 60, isUsable: true, CarrierMerged: false, SubscriptionId: -1, IsPrimary: 1, Trusted: true, Restricted: false, Ephemeral: false, OEM paid: false, OEM private: false, OSU AP: false, FQDN: <none>, Provider friendly name: <none>, Requesting package name: <none>"ourhome"wpa2-pskMLO Information: , Is TID-To-Link negotiation supported by the AP: false, AP MLD Address: <none>, AP MLO Link Id: <none>, AP MLO Affiliated links: <none>
11-23 13:16:21.961  1795  2424 D WifiScoreCard: txRate: 1 txSpeed: 866
11-23 13:16:21.961  1795  2424 D WifiScoreCard: network update SIGNAL_POLL "ourhome" ID: 1499892569 RSSI -47 txSpeed -1
11-23 13:16:21.961  1795  2424 D WifiClientModeImpl[13802:wlan0]:  ClientModeImpl$L2ConnectedState screen=on 15 0 "ourhome" f4:6d:2f:12:cc:88 rssi=-47 f=5240 sc=60 link=866 tx=0.2, 0.0, 0.0 rx=0.2 bcn=846577 [on:0 tx:0 rx:0 period:3012] from screen [on:286670 period:4102689] score=60
11-23 13:16:21.962  1795  2424 D WifiScoreReport: Wifi scoring disabled - Notify that Wifi is usable
11-23 13:16:21.964  1795  2432 D ConnectivityService: NetReassign [no changes] [c 0] [a 0] [i 2]
11-23 13:16:21.996  1011  1189 I ASH     : @ 88634.194: tcs3701: stop power rail pending_off timer
11-23 13:16:21.996  1011  1189 D ASH     : @ 88634.194: tcs3701: start power rail timer, state:3
11-23 13:16:22.036  1011  1189 I ASH     : @ 88634.234: tcs3701: stop power rail pending_off timer
11-23 13:16:22.036  1011  1189 D ASH     : @ 88634.234: tcs3701: start power rail timer, state:3
11-23 13:16:22.061  5238  5296 I BatteryMgr:DataCollectionService: stats => 1700741782061,12817,4446,13427,4169000,100
11-23 13:16:22.076  1011  1189 I ASH     : @ 88634.274: tcs3701: stop power rail pending_off timer
11-23 13:16:22.076  1011  1189 D ASH     : @ 88634.274: tcs3701: start power rail timer, state:3
11-23 13:16:22.115  1011  1189 I ASH     : @ 88634.314: tcs3701: stop power rail pending_off timer
11-23 13:16:22.115  1011  1189 D ASH     : @ 88634.314: tcs3701: start power rail timer, state:3
11-23 13:16:22.155  1011  1189 I ASH     : @ 88634.354: tcs3701: stop power rail pending_off timer
11-23 13:16:22.156  1011  1189 D ASH     : @ 88634.354: tcs3701: start power rail timer, state:3
11-23 13:16:22.168  5238  5296 I BatteryMgr:DataCollectionService: stats => 1700741782168,12817,4446,13427,4169000,100
11-23 13:16:22.196  1011  1189 I ASH     : @ 88634.394: tcs3701: stop power rail pending_off timer
11-23 13:16:22.196  1011  1189 D ASH     : @ 88634.394: tcs3701: start power rail timer, state:3
11-23 13:16:22.235  1011  1189 I ASH     : @ 88634.434: tcs3701: stop power rail pending_off timer
11-23 13:16:22.236  1011  1189 D ASH     : @ 88634.434: tcs3701: start power rail timer, state:3
11-23 13:16:22.275  1011  1189 I ASH     : @ 88634.474: tcs3701: stop power rail pending_off timer
11-23 13:16:22.275  1011  1189 D ASH     : @ 88634.474: tcs3701: start power rail timer, state:3
11-23 13:16:22.275  5238  5296 I BatteryMgr:DataCollectionService: stats => 1700741782275,12817,4446,13427,4169000,100
11-23 13:16:22.317  1011  1189 I ASH     : @ 88634.514: tcs3701: stop power rail pending_off timer
11-23 13:16:22.317  1011  1189 D ASH     : @ 88634.514: tcs3701: start power rail timer, state:3
11-23 13:16:22.347  1795  3324 D ActivityManager: freezer override set to true
11-23 13:16:22.353  1795  3324 D ActivityManager: freezer override set to false
11-23 13:16:22.355  1011  1189 I ASH     : @ 88634.554: tcs3701: stop power rail pending_off timer
11-23 13:16:22.355  1011  1189 D ASH     : @ 88634.554: tcs3701: start power rail timer, state:3
11-23 13:16:22.382  5238  5296 I BatteryMgr:DataCollectionService: stats => 1700741782382,12817,4446,13427,4169000,100
11-23 13:16:22.396  1011  1189 I ASH     : @ 88634.594: tcs3701: stop power rail pending_off timer
11-23 13:16:22.396  1011  1189 D ASH     : @ 88634.594: tcs3701: start power rail timer, state:3
11-23 13:16:22.435  1011  1189 I ASH     : @ 88634.634: tcs3701: stop power rail pending_off timer
11-23 13:16:22.436  1011  1189 D ASH     : @ 88634.634: tcs3701: start power rail timer, state:3
11-23 13:16:22.476  1011  1189 I ASH     : @ 88634.674: tcs3701: stop power rail pending_off timer
11-23 13:16:22.476  1011  1189 D ASH     : @ 88634.674: tcs3701: start power rail timer, state:3
11-23 13:16:22.488  5238  5296 I BatteryMgr:DataCollectionService: stats => 1700741782488,12817,4446,13427,4169000,100
11-23 13:16:22.515  1011  1189 I ASH     : @ 88634.714: tcs3701: stop power rail pending_off timer
11-23 13:16:22.516  1011  1189 D ASH     : @ 88634.714: tcs3701: start power rail timer, state:3
11-23 13:16:22.556  1011  1189 I ASH     : @ 88634.754: tcs3701: stop power rail pending_off timer
11-23 13:16:22.556  1011  1189 D ASH     : @ 88634.754: tcs3701: start power rail timer, state:3
11-23 13:16:22.595  5238  5296 I BatteryMgr:DataCollectionService: stats => 1700741782595,12817,4446,13427,4169000,100
11-23 13:16:22.596  1011  1189 I ASH     : @ 88634.794: tcs3701: stop power rail pending_off timer
11-23 13:16:22.596  1011  1189 D ASH     : @ 88634.794: tcs3701: start power rail timer, state:3
11-23 13:16:22.636  1011  1189 I ASH     : @ 88634.834: tcs3701: stop power rail pending_off timer
11-23 13:16:22.636  1011  1189 D ASH     : @ 88634.834: tcs3701: start power rail timer, state:3
11-23 13:16:22.675  1011  1189 I ASH     : @ 88634.874: tcs3701: stop power rail pending_off timer
11-23 13:16:22.675  1011  1189 D ASH     : @ 88634.874: tcs3701: start power rail timer, state:3
11-23 13:16:22.703  5238  5296 I BatteryMgr:DataCollectionService: stats => 1700741782703,12817,4446,13427,4169000,100
11-23 13:16:22.716  1011  1189 I ASH     : @ 88634.914: tcs3701: stop power rail pending_off timer
11-23 13:16:22.716  1011  1189 D ASH     : @ 88634.914: tcs3701: start power rail timer, state:3
11-23 13:16:22.756  1011  1189 I ASH     : @ 88634.954: tcs3701: stop power rail pending_off timer
11-23 13:16:22.756  1011  1189 D ASH     : @ 88634.954: tcs3701: start power rail timer, state:3
11-23 13:16:22.796  1011  1189 I ASH     : @ 88634.994: tcs3701: stop power rail pending_off timer
11-23 13:16:22.796  1011  1189 D ASH     : @ 88634.994: tcs3701: start power rail timer, state:3
11-23 13:16:22.810  5238  5296 I BatteryMgr:DataCollectionService: stats => 1700741782810,12817,4446,13427,4169000,100
11-23 13:16:22.836  1011  1189 I ASH     : @ 88635.034: tcs3701: stop power rail pending_off timer
11-23 13:16:22.836  1011  1189 D ASH     : @ 88635.034: tcs3701: start power rail timer, state:3
11-23 13:16:22.875  1011  1189 I ASH     : @ 88635.074: tcs3701: stop power rail pending_off timer
11-23 13:16:22.875  1011  1189 D ASH     : @ 88635.074: tcs3701: start power rail timer, state:3
11-23 13:16:22.916  1011  1189 I ASH     : @ 88635.114: tcs3701: stop power rail pending_off timer
11-23 13:16:22.916  1011  1189 D ASH     : @ 88635.114: tcs3701: start power rail timer, state:3
11-23 13:16:22.917  5238  5296 I BatteryMgr:DataCollectionService: stats => 1700741782917,12817,4446,13427,4169000,100
11-23 13:16:22.933  1795  3324 D ActivityManager: freezer override set to true
11-23 13:16:22.956  1011  1189 I ASH     : @ 88635.154: tcs3701: stop power rail pending_off timer
11-23 13:16:22.956  1011  1189 D ASH     : @ 88635.154: tcs3701: start power rail timer, state:3
11-23 13:16:22.996  1011  1189 I ASH     : @ 88635.194: tcs3701: stop power rail pending_off timer
11-23 13:16:22.996  1011  1189 D ASH     : @ 88635.194: tcs3701: start power rail timer, state:3
11-23 13:16:23.022  5238  5296 I BatteryMgr:DataCollectionService: stats => 1700741783022,12817,4446,13427,4169000,100
11-23 13:16:23.035  1011  1189 I ASH     : @ 88635.234: tcs3701: stop power rail pending_off timer
11-23 13:16:23.036  1011  1189 D ASH     : @ 88635.234: tcs3701: start power rail timer, state:3
11-23 13:16:23.062  2645  2723 I m.chrome.canary: Explicit concurrent copying GC freed 3597(176KB) AllocSpace objects, 3(60KB) LOS objects, 75% free, 12MB/48MB, paused 34us,25us total 46.195ms
11-23 13:16:23.076  1011  1189 I ASH     : @ 88635.274: tcs3701: stop power rail pending_off timer
11-23 13:16:23.076  1011  1189 D ASH     : @ 88635.274: tcs3701: start power rail timer, state:3
11-23 13:16:23.115  1011  1189 I ASH     : @ 88635.314: tcs3701: stop power rail pending_off timer
11-23 13:16:23.116  1011  1189 D ASH     : @ 88635.314: tcs3701: start power rail timer, state:3
11-23 13:16:23.120  1795  3324 D ActivityManager: freezer override set to false
11-23 13:16:23.127  5238  5296 I BatteryMgr:DataCollectionService: stats => 1700741783126,12817,4446,13427,4169000,100
11-23 13:16:23.156  1011  1189 I ASH     : @ 88635.354: tcs3701: stop power rail pending_off timer
11-23 13:16:23.156  1011  1189 D ASH     : @ 88635.354: tcs3701: start power rail timer, state:3
11-23 13:16:23.175  1795  3324 D ActivityManager: freezer override set to true
11-23 13:16:23.178  1795  3324 D ActivityManager: freezer override set to false
11-23 13:16:23.195  1011  1189 I ASH     : @ 88635.394: tcs3701: stop power rail pending_off timer
11-23 13:16:23.195  1011  1189 D ASH     : @ 88635.394: tcs3701: start power rail timer, state:3
11-23 13:16:23.232  5238  5296 I BatteryMgr:DataCollectionService: stats => 1700741783232,12817,4446,13427,4169000,100
11-23 13:16:23.236  1011  1189 I ASH     : @ 88635.434: tcs3701: stop power rail pending_off timer
11-23 13:16:23.236  1011  1189 D ASH     : @ 88635.434: tcs3701: start power rail timer, state:3
11-23 13:16:23.275  1011  1189 I ASH     : @ 88635.474: tcs3701: stop power rail pending_off timer
11-23 13:16:23.276  1011  1189 D ASH     : @ 88635.474: tcs3701: start power rail timer, state:3
11-23 13:16:23.316  1011  1189 I ASH     : @ 88635.514: tcs3701: stop power rail pending_off timer
11-23 13:16:23.316  1011  1189 D ASH     : @ 88635.514: tcs3701: start power rail timer, state:3
11-23 13:16:23.338  5238  5296 I BatteryMgr:DataCollectionService: stats => 1700741783338,12817,4446,13427,4169000,100
11-23 13:16:23.355  1011  1189 I ASH     : @ 88635.554: tcs3701: stop power rail pending_off timer
11-23 13:16:23.355  1011  1189 D ASH     : @ 88635.554: tcs3701: start power rail timer, state:3
11-23 13:16:23.371  1795  3324 D ActivityManager: freezer override set to true
11-23 13:16:23.375  1795  3324 D ActivityManager: freezer override set to false
11-23 13:16:23.396  1011  1189 I ASH     : @ 88635.594: tcs3701: stop power rail pending_off timer
11-23 13:16:23.396  1011  1189 D ASH     : @ 88635.594: tcs3701: start power rail timer, state:3
11-23 13:16:23.436  1011  1189 I ASH     : @ 88635.634: tcs3701: stop power rail pending_off timer
11-23 13:16:23.436  1011  1189 D ASH     : @ 88635.634: tcs3701: start power rail timer, state:3
11-23 13:16:23.444  5238  5296 I BatteryMgr:DataCollectionService: stats => 1700741783444,12817,4446,13427,4169000,100
11-23 13:16:23.475  1011  1189 I ASH     : @ 88635.674: tcs3701: stop power rail pending_off timer
11-23 13:16:23.475  1011  1189 D ASH     : @ 88635.674: tcs3701: start power rail timer, state:3
11-23 13:16:23.515  1011  1189 I ASH     : @ 88635.714: tcs3701: stop power rail pending_off timer
11-23 13:16:23.516  1011  1189 D ASH     : @ 88635.714: tcs3701: start power rail timer, state:3
11-23 13:16:23.551  5238  5296 I BatteryMgr:DataCollectionService: stats => 1700741783551,12817,4446,13427,4169000,100
11-23 13:16:23.555  1011  1189 I ASH     : @ 88635.754: tcs3701: stop power rail pending_off timer
11-23 13:16:23.555  1011  1189 D ASH     : @ 88635.754: tcs3701: start power rail timer, state:3
11-23 13:16:23.595  1011  1189 I ASH     : @ 88635.794: tcs3701: stop power rail pending_off timer
11-23 13:16:23.596  1011  1189 D ASH     : @ 88635.794: tcs3701: start power rail timer, state:3
11-23 13:16:23.636  1011  1189 I ASH     : @ 88635.834: tcs3701: stop power rail pending_off timer
11-23 13:16:23.636  1011  1189 D ASH     : @ 88635.834: tcs3701: start power rail timer, state:3
11-23 13:16:23.659  5238  5296 I BatteryMgr:DataCollectionService: stats => 1700741783659,12817,4446,13427,4169000,100
11-23 13:16:23.675  1011  1189 I ASH     : @ 88635.874: tcs3701: stop power rail pending_off timer
11-23 13:16:23.676  1011  1189 D ASH     : @ 88635.874: tcs3701: start power rail timer, state:3
11-23 13:16:23.716  1011  1189 I ASH     : @ 88635.914: tcs3701: stop power rail pending_off timer
11-23 13:16:23.716  1011  1189 D ASH     : @ 88635.914: tcs3701: start power rail timer, state:3
11-23 13:16:23.735  2113  2118 I pixel-thermal: skin-therm-monitor: 39.369
11-23 13:16:23.756  1011  1189 I ASH     : @ 88635.954: tcs3701: stop power rail pending_off timer
11-23 13:16:23.756  1011  1189 D ASH     : @ 88635.954: tcs3701: start power rail timer, state:3
11-23 13:16:23.766  5238  5296 I BatteryMgr:DataCollectionService: stats => 1700741783766,12817,4446,13427,4169000,100
11-23 13:16:23.796  1011  1189 I ASH     : @ 88635.994: tcs3701: stop power rail pending_off timer
11-23 13:16:23.796  1011  1189 D ASH     : @ 88635.994: tcs3701: start power rail timer, state:3
11-23 13:16:23.836  1011  1189 I ASH     : @ 88636.034: tcs3701: stop power rail pending_off timer
11-23 13:16:23.836  1011  1189 D ASH     : @ 88636.034: tcs3701: start power rail timer, state:3
11-23 13:16:23.874  5238  5296 I BatteryMgr:DataCollectionService: stats => 1700741783874,12817,4446,13427,4169000,100
11-23 13:16:23.876  1011  1189 I ASH     : @ 88636.074: tcs3701: stop power rail pending_off timer
11-23 13:16:23.876  1011  1189 D ASH     : @ 88636.074: tcs3701: start power rail timer, state:3
11-23 13:16:23.916  1011  1189 I ASH     : @ 88636.114: tcs3701: stop power rail pending_off timer
11-23 13:16:23.916  1011  1189 D ASH     : @ 88636.114: tcs3701: start power rail timer, state:3
11-23 13:16:23.955  1011  1189 I ASH     : @ 88636.154: tcs3701: stop power rail pending_off timer
11-23 13:16:23.955  1011  1189 D ASH     : @ 88636.154: tcs3701: start power rail timer, state:3
11-23 13:16:23.981  5238  5296 I BatteryMgr:DataCollectionService: stats => 1700741783980,12817,4446,13427,4169000,100
11-23 13:16:23.996  1011  1189 I ASH     : @ 88636.194: tcs3701: stop power rail pending_off timer
11-23 13:16:23.996  1011  1189 D ASH     : @ 88636.194: tcs3701: start power rail timer, state:3
11-23 13:16:24.035  1011  1189 I ASH     : @ 88636.234: tcs3701: stop power rail pending_off timer
11-23 13:16:24.036  1011  1189 D ASH     : @ 88636.234: tcs3701: start power rail timer, state:3
11-23 13:16:24.075  1011  1189 I ASH     : @ 88636.274: tcs3701: stop power rail pending_off timer
11-23 13:16:24.075  1011  1189 D ASH     : @ 88636.274: tcs3701: start power rail timer, state:3
11-23 13:16:24.087  5238  5296 I BatteryMgr:DataCollectionService: stats => 1700741784087,12817,4446,13427,4169000,100
11-23 13:16:24.116  1011  1189 I ASH     : @ 88636.314: tcs3701: stop power rail pending_off timer
11-23 13:16:24.116  1011  1189 D ASH     : @ 88636.314: tcs3701: start power rail timer, state:3
11-23 13:16:24.155  1011  1189 I ASH     : @ 88636.354: tcs3701: stop power rail pending_off timer
11-23 13:16:24.155  1011  1189 D ASH     : @ 88636.354: tcs3701: start power rail timer, state:3
11-23 13:16:24.195  5238  5296 I BatteryMgr:DataCollectionService: stats => 1700741784195,12817,4446,13427,4169000,100
11-23 13:16:24.195  1011  1189 I ASH     : @ 88636.394: tcs3701: stop power rail pending_off timer
11-23 13:16:24.196  1011  1189 D ASH     : @ 88636.394: tcs3701: start power rail timer, state:3
11-23 13:16:24.236  1011  1189 I ASH     : @ 88636.434: tcs3701: stop power rail pending_off timer
11-23 13:16:24.236  1011  1189 D ASH     : @ 88636.434: tcs3701: start power rail timer, state:3
11-23 13:16:24.275  1011  1189 I ASH     : @ 88636.474: tcs3701: stop power rail pending_off timer
11-23 13:16:24.275  1011  1189 D ASH     : @ 88636.474: tcs3701: start power rail timer, state:3
11-23 13:16:24.300  5238  5296 I BatteryMgr:DataCollectionService: stats => 1700741784300,12817,4446,13427,4169000,100
11-23 13:16:24.315  1011  1189 I ASH     : @ 88636.514: tcs3701: stop power rail pending_off timer
11-23 13:16:24.315  1011  1189 D ASH     : @ 88636.514: tcs3701: start power rail timer, state:3
11-23 13:16:24.355  1011  1189 I ASH     : @ 88636.554: tcs3701: stop power rail pending_off timer
11-23 13:16:24.355  1011  1189 D ASH     : @ 88636.554: tcs3701: start power rail timer, state:3
11-23 13:16:24.356  1795  3324 D ActivityManager: freezer override set to true
11-23 13:16:24.396  1011  1189 I ASH     : @ 88636.594: tcs3701: stop power rail pending_off timer
11-23 13:16:24.396  1011  1189 D ASH     : @ 88636.594: tcs3701: start power rail timer, state:3
11-23 13:16:24.405  5238  5296 I BatteryMgr:DataCollectionService: stats => 1700741784405,12817,4446,13427,4169000,100
11-23 13:16:24.435  1011  1189 I ASH     : @ 88636.634: tcs3701: stop power rail pending_off timer
11-23 13:16:24.435  1011  1189 D ASH     : @ 88636.634: tcs3701: start power rail timer, state:3
11-23 13:16:24.475  1011  1189 I ASH     : @ 88636.674: tcs3701: stop power rail pending_off timer
11-23 13:16:24.475  1011  1189 D ASH     : @ 88636.674: tcs3701: start power rail timer, state:3
11-23 13:16:24.490  2645  2723 I m.chrome.canary: Explicit concurrent copying GC freed 3807(191KB) AllocSpace objects, 4(80KB) LOS objects, 75% free, 12MB/48MB, paused 38us,24us total 50.845ms
11-23 13:16:24.513  5238  5296 I BatteryMgr:DataCollectionService: stats => 1700741784513,12817,4446,13427,4169000,100
11-23 13:16:24.516  1011  1189 I ASH     : @ 88636.714: tcs3701: stop power rail pending_off timer
11-23 13:16:24.516  1011  1189 D ASH     : @ 88636.714: tcs3701: start power rail timer, state:3
11-23 13:16:24.551  1795  3324 D ActivityManager: freezer override set to false
11-23 13:16:24.555  1011  1189 I ASH     : @ 88636.754: tcs3701: stop power rail pending_off timer
11-23 13:16:24.555  1011  1189 D ASH     : @ 88636.754: tcs3701: start power rail timer, state:3
11-23 13:16:24.589  1795  3324 D ActivityManager: freezer override set to true
11-23 13:16:24.592  1795  3324 D ActivityManager: freezer override set to false
11-23 13:16:24.596  1011  1189 I ASH     : @ 88636.794: tcs3701: stop power rail pending_off timer
11-23 13:16:24.596  1011  1189 D ASH     : @ 88636.794: tcs3701: start power rail timer, state:3
11-23 13:16:24.619  5238  5296 I BatteryMgr:DataCollectionService: stats => 1700741784619,12817,4446,13427,4169000,100
11-23 13:16:24.635  1011  1189 I ASH     : @ 88636.834: tcs3701: stop power rail pending_off timer
11-23 13:16:24.635  1011  1189 D ASH     : @ 88636.834: tcs3701: start power rail timer, state:3
11-23 13:16:24.676  1011  1189 I ASH     : @ 88636.874: tcs3701: stop power rail pending_off timer
11-23 13:16:24.676  1011  1189 D ASH     : @ 88636.874: tcs3701: start power rail timer, state:3
11-23 13:16:24.716  1011  1189 I ASH     : @ 88636.914: tcs3701: stop power rail pending_off timer
11-23 13:16:24.716  1011  1189 D ASH     : @ 88636.914: tcs3701: start power rail timer, state:3
11-23 13:16:24.726  5238  5296 I BatteryMgr:DataCollectionService: stats => 1700741784726,12817,4446,13427,4169000,100
11-23 13:16:24.756  1011  1189 I ASH     : @ 88636.954: tcs3701: stop power rail pending_off timer
11-23 13:16:24.756  1011  1189 D ASH     : @ 88636.954: tcs3701: start power rail timer, state:3
11-23 13:16:24.796  1011  1189 I ASH     : @ 88636.994: tcs3701: stop power rail pending_off timer
11-23 13:16:24.796  1011  1189 D ASH     : @ 88636.994: tcs3701: start power rail timer, state:3
11-23 13:16:24.832  5238  5296 I BatteryMgr:DataCollectionService: stats => 1700741784832,12817,4446,13427,4169000,100
11-23 13:16:24.835  1011  1189 I ASH     : @ 88637.034: tcs3701: stop power rail pending_off timer
11-23 13:16:24.836  1011  1189 D ASH     : @ 88637.034: tcs3701: start power rail timer, state:3
11-23 13:16:24.876  1011  1189 I ASH     : @ 88637.074: tcs3701: stop power rail pending_off timer
11-23 13:16:24.876  1011  1189 D ASH     : @ 88637.074: tcs3701: start power rail timer, state:3
11-23 13:16:24.915  1011  1189 I ASH     : @ 88637.114: tcs3701: stop power rail pending_off timer
11-23 13:16:24.916  1011  1189 D ASH     : @ 88637.114: tcs3701: start power rail timer, state:3
11-23 13:16:24.939  5238  5296 I BatteryMgr:DataCollectionService: stats => 1700741784939,12817,4446,13427,4169000,100
11-23 13:16:24.956  1011  1189 I ASH     : @ 88637.154: tcs3701: stop power rail pending_off timer
11-23 13:16:24.956  1011  1189 D ASH     : @ 88637.154: tcs3701: start power rail timer, state:3
11-23 13:16:24.972  1795  2424 D WifiClientModeImpl[13802:wlan0]: updateLinkLayerStatsRssiSpeedFrequencyCapabilities rssi=-47 TxLinkspeed=866 freq=5240 RxLinkSpeed=866
11-23 13:16:24.972  1795  2424 D WifiDataStall: tx tput in kbps: 748785
11-23 13:16:24.972  1795  2424 D WifiDataStall: rx tput in kbps: 788195
11-23 13:16:24.972  1795  2424 V WifiConfigManager: Updating scan detail cache freq=5240 BSSID=f4:6d:2f:12:cc:88 RSSI=-46 for "ourhome"WPA_PSK
11-23 13:16:24.972  1795  2424 D WifiChannelUtilization:  freq: 5240 onTime: 2601506 busyTime: 236712 onTimeDiff: 2601211 busyTimeDiff: 236695 utilization: 23 utilization t0: 23
11-23 13:16:24.973  1795  2424 D WifiDataStall:  ccaLevel = 23
11-23 13:16:24.973  3213  8092 V WifiManager: OnWifiUsabilityStatsListener: onWifiUsabilityStats: seqNum=29277
11-23 13:16:24.973  1795  2424 D WifiDataStall: L2 txTputKbps: 748785, rxTputKbps: 788195, L3 txTputKbps: 0, rxTputKbps: 0, TxTrafficHigh: false, RxTrafficHigh: false, Throughput Sufficient: true
11-23 13:16:24.973  1795  2424 D WifiScoreReport: Wifi scoring disabled - Don't check IP layer
11-23 13:16:24.973  1795  3324 I WifiService: updateWifiUsabilityScore uid=10180 seqNum=29277 score=100 predictionHorizonSec=1441795
11-23 13:16:24.973  1795  2424 D WifiScoreCard: BSSID update SIGNAL_POLL ID: 1320464697 SSID: "ourhome", BSSID: f4:6d:2f:12:cc:88, MAC: b2:2f:ec:da:4a:0c, IP: /192.168.1.104, Security type: 2, Supplicant state: COMPLETED, Wi-Fi standard: 5, RSSI: -47, Link speed: 866Mbps, Tx Link speed: 866Mbps, Max Supported Tx Link speed: 866Mbps, Rx Link speed: 866Mbps, Max Supported Rx Link speed: 866Mbps, Frequency: 5240MHz, Net ID: 12, Metered hint: false, score: 60, isUsable: true, CarrierMerged: false, SubscriptionId: -1, IsPrimary: 1, Trusted: true, Restricted: false, Ephemeral: false, OEM paid: false, OEM private: false, OSU AP: false, FQDN: <none>, Provider friendly name: <none>, Requesting package name: <none>"ourhome"wpa2-pskMLO Information: , Is TID-To-Link negotiation supported by the AP: false, AP MLD Address: <none>, AP MLO Link Id: <none>, AP MLO Affiliated links: <none>
11-23 13:16:24.973  1795  2424 D WifiScoreCard: txRate: 1 txSpeed: 866
11-23 13:16:24.973  1795  2424 D WifiScoreCard: network update SIGNAL_POLL "ourhome" ID: 1499892569 RSSI -47 txSpeed -1
11-23 13:16:24.973  1795  2424 D WifiClientModeImpl[13802:wlan0]:  ClientModeImpl$L2ConnectedState screen=on 15 0 "ourhome" f4:6d:2f:12:cc:88 rssi=-47 f=5240 sc=60 link=866 tx=0.0, 0.0, 0.0 rx=0.0 bcn=846607 [on:0 tx:0 rx:0 period:3012] from screen [on:286670 period:4105701] score=60
11-23 13:16:24.974  1795  2424 D WifiScoreReport: Wifi scoring disabled - Notify that Wifi is usable
11-23 13:16:24.976  1795  2432 D ConnectivityService: NetReassign [no changes] [c 0] [a 0] [i 2]
11-23 13:16:24.996  1011  1189 I ASH     : @ 88637.194: tcs3701: stop power rail pending_off timer
11-23 13:16:24.996  1011  1189 D ASH     : @ 88637.194: tcs3701: start power rail timer, state:3
11-23 13:16:25.036  1011  1189 I ASH     : @ 88637.234: tcs3701: stop power rail pending_off timer
11-23 13:16:25.036  1011  1189 D ASH     : @ 88637.234: tcs3701: start power rail timer, state:3
11-23 13:16:25.043  5238  5296 I BatteryMgr:DataCollectionService: stats => 1700741785043,12817,4446,13427,4169000,100
11-23 13:16:25.075  1011  1189 I ASH     : @ 88637.274: tcs3701: stop power rail pending_off timer
11-23 13:16:25.076  1011  1189 D ASH     : @ 88637.274: tcs3701: start power rail timer, state:3
11-23 13:16:25.116  1011  1189 I ASH     : @ 88637.314: tcs3701: stop power rail pending_off timer
11-23 13:16:25.116  1011  1189 D ASH     : @ 88637.314: tcs3701: start power rail timer, state:3
11-23 13:16:25.147  5238  5296 I BatteryMgr:DataCollectionService: stats => 1700741785147,12817,4446,13427,4169000,100
11-23 13:16:25.156  1011  1189 I ASH     : @ 88637.354: tcs3701: stop power rail pending_off timer
11-23 13:16:25.156  1011  1189 D ASH     : @ 88637.354: tcs3701: start power rail timer, state:3
11-23 13:16:25.196  1011  1189 I ASH     : @ 88637.394: tcs3701: stop power rail pending_off timer
11-23 13:16:25.196  1011  1189 D ASH     : @ 88637.394: tcs3701: start power rail timer, state:3
11-23 13:16:25.235  1011  1189 I ASH     : @ 88637.434: tcs3701: stop power rail pending_off timer
11-23 13:16:25.235  1011  1189 D ASH     : @ 88637.434: tcs3701: start power rail timer, state:3
11-23 13:16:25.253  5238  5296 I BatteryMgr:DataCollectionService: stats => 1700741785253,12817,4446,13427,4169000,100
11-23 13:16:25.275  1011  1189 I ASH     : @ 88637.474: tcs3701: stop power rail pending_off timer
11-23 13:16:25.275  1011  1189 D ASH     : @ 88637.474: tcs3701: start power rail timer, state:3
11-23 13:16:25.316  1011  1189 I ASH     : @ 88637.514: tcs3701: stop power rail pending_off timer
11-23 13:16:25.316  1011  1189 D ASH     : @ 88637.514: tcs3701: start power rail timer, state:3
11-23 13:16:25.356  1011  1189 I ASH     : @ 88637.554: tcs3701: stop power rail pending_off timer
11-23 13:16:25.356  1011  1189 D ASH     : @ 88637.554: tcs3701: start power rail timer, state:3
