11-23 13:25:37.996  1011  1189 D ASH     : @ 89190.194: tcs3701: start power rail timer, state:3
11-23 13:25:38.021  1795  4162 D ActivityManager: freezer override set to true
11-23 13:25:38.035  1011  1189 I ASH     : @ 89190.234: tcs3701: stop power rail pending_off timer
11-23 13:25:38.035  1011  1189 D ASH     : @ 89190.234: tcs3701: start power rail timer, state:3
11-23 13:25:38.064  5238  5296 I BatteryMgr:DataCollectionService: stats => 1700742338064,7629,4446,13427,4169000,100
11-23 13:25:38.075  1011  1189 I ASH     : @ 89190.274: tcs3701: stop power rail pending_off timer
11-23 13:25:38.075  1011  1189 D ASH     : @ 89190.274: tcs3701: start power rail timer, state:3
11-23 13:25:38.115  1011  1189 I ASH     : @ 89190.314: tcs3701: stop power rail pending_off timer
11-23 13:25:38.115  1011  1189 D ASH     : @ 89190.314: tcs3701: start power rail timer, state:3
11-23 13:25:38.118 15968 15982 I m.chrome.canary: Explicit concurrent copying GC freed 4007(212KB) AllocSpace objects, 4(80KB) LOS objects, 75% free, 11MB/47MB, paused 95us,24us total 55.201ms
11-23 13:25:38.137  2113  2118 I pixel-thermal: skin-therm-monitor: 38.44
11-23 13:25:38.155  1011  1189 I ASH     : @ 89190.354: tcs3701: stop power rail pending_off timer
11-23 13:25:38.155  1011  1189 D ASH     : @ 89190.354: tcs3701: start power rail timer, state:3
11-23 13:25:38.170  5238  5296 I BatteryMgr:DataCollectionService: stats => 1700742338170,7629,4446,13427,4169000,100
11-23 13:25:38.180  1795  4162 D ActivityManager: freezer override set to false
11-23 13:25:38.195  1011  1189 I ASH     : @ 89190.394: tcs3701: stop power rail pending_off timer
11-23 13:25:38.195  1011  1189 D ASH     : @ 89190.394: tcs3701: start power rail timer, state:3
11-23 13:25:38.221  1795  4162 D ActivityManager: freezer override set to true
11-23 13:25:38.225  1795  4162 D ActivityManager: freezer override set to false
11-23 13:25:38.235  1011  1189 I ASH     : @ 89190.434: tcs3701: stop power rail pending_off timer
11-23 13:25:38.235  1011  1189 D ASH     : @ 89190.434: tcs3701: start power rail timer, state:3
11-23 13:25:38.275  1011  1189 I ASH     : @ 89190.474: tcs3701: stop power rail pending_off timer
11-23 13:25:38.275  1011  1189 D ASH     : @ 89190.474: tcs3701: start power rail timer, state:3
11-23 13:25:38.277  5238  5296 I BatteryMgr:DataCollectionService: stats => 1700742338277,7629,4446,13427,4169000,100
11-23 13:25:38.315  1011  1189 I ASH     : @ 89190.514: tcs3701: stop power rail pending_off timer
11-23 13:25:38.315  1011  1189 D ASH     : @ 89190.514: tcs3701: start power rail timer, state:3
11-23 13:25:38.356  1011  1189 I ASH     : @ 89190.554: tcs3701: stop power rail pending_off timer
11-23 13:25:38.356  1011  1189 D ASH     : @ 89190.554: tcs3701: start power rail timer, state:3
11-23 13:25:38.381  5238  5296 I BatteryMgr:DataCollectionService: stats => 1700742338381,7629,4446,13427,4169000,100
11-23 13:25:38.395  1011  1189 I ASH     : @ 89190.594: tcs3701: stop power rail pending_off timer
11-23 13:25:38.395  1011  1189 D ASH     : @ 89190.594: tcs3701: start power rail timer, state:3
11-23 13:25:38.435  1011  1189 I ASH     : @ 89190.634: tcs3701: stop power rail pending_off timer
11-23 13:25:38.435  1011  1189 D ASH     : @ 89190.634: tcs3701: start power rail timer, state:3
11-23 13:25:38.475  1011  1189 I ASH     : @ 89190.674: tcs3701: stop power rail pending_off timer
11-23 13:25:38.475  1011  1189 D ASH     : @ 89190.674: tcs3701: start power rail timer, state:3
11-23 13:25:38.487  5238  5296 I BatteryMgr:DataCollectionService: stats => 1700742338486,7629,4446,13427,4169000,100
11-23 13:25:38.515  1011  1189 I ASH     : @ 89190.714: tcs3701: stop power rail pending_off timer
11-23 13:25:38.515  1011  1189 D ASH     : @ 89190.714: tcs3701: start power rail timer, state:3
11-23 13:25:38.556  1011  1189 I ASH     : @ 89190.754: tcs3701: stop power rail pending_off timer
11-23 13:25:38.556  1011  1189 D ASH     : @ 89190.754: tcs3701: start power rail timer, state:3
11-23 13:25:38.592  5238  5296 I BatteryMgr:DataCollectionService: stats => 1700742338592,7629,4446,13427,4169000,100
11-23 13:25:38.595  1011  1189 I ASH     : @ 89190.794: tcs3701: stop power rail pending_off timer
11-23 13:25:38.596  1011  1189 D ASH     : @ 89190.794: tcs3701: start power rail timer, state:3
11-23 13:25:38.636  1011  1189 I ASH     : @ 89190.834: tcs3701: stop power rail pending_off timer
11-23 13:25:38.636  1011  1189 D ASH     : @ 89190.834: tcs3701: start power rail timer, state:3
11-23 13:25:38.675  1011  1189 I ASH     : @ 89190.874: tcs3701: stop power rail pending_off timer
11-23 13:25:38.675  1011  1189 D ASH     : @ 89190.874: tcs3701: start power rail timer, state:3
11-23 13:25:38.698  5238  5296 I BatteryMgr:DataCollectionService: stats => 1700742338698,7629,4446,13427,4169000,100
11-23 13:25:38.716  1011  1189 I ASH     : @ 89190.914: tcs3701: stop power rail pending_off timer
11-23 13:25:38.716  1011  1189 D ASH     : @ 89190.914: tcs3701: start power rail timer, state:3
11-23 13:25:38.755  1011  1189 I ASH     : @ 89190.954: tcs3701: stop power rail pending_off timer
11-23 13:25:38.755  1011  1189 D ASH     : @ 89190.954: tcs3701: start power rail timer, state:3
11-23 13:25:38.795  1011  1189 I ASH     : @ 89190.994: tcs3701: stop power rail pending_off timer
11-23 13:25:38.796  1011  1189 D ASH     : @ 89190.994: tcs3701: start power rail timer, state:3
11-23 13:25:38.803  5238  5296 I BatteryMgr:DataCollectionService: stats => 1700742338803,7629,4446,13427,4169000,100
11-23 13:25:38.836  1011  1189 I ASH     : @ 89191.034: tcs3701: stop power rail pending_off timer
11-23 13:25:38.836  1011  1189 D ASH     : @ 89191.034: tcs3701: start power rail timer, state:3
11-23 13:25:38.875  1011  1189 I ASH     : @ 89191.074: tcs3701: stop power rail pending_off timer
11-23 13:25:38.875  1011  1189 D ASH     : @ 89191.074: tcs3701: start power rail timer, state:3
11-23 13:25:38.899  1795  4162 D ActivityManager: freezer override set to true
11-23 13:25:38.908  5238  5296 I BatteryMgr:DataCollectionService: stats => 1700742338908,7629,4446,13427,4169000,100
11-23 13:25:38.910  1795  4162 D ActivityManager: freezer override set to false
11-23 13:25:38.915  1011  1189 I ASH     : @ 89191.114: tcs3701: stop power rail pending_off timer
11-23 13:25:38.915  1011  1189 D ASH     : @ 89191.114: tcs3701: start power rail timer, state:3
11-23 13:25:38.955  1011  1189 I ASH     : @ 89191.154: tcs3701: stop power rail pending_off timer
11-23 13:25:38.956  1011  1189 D ASH     : @ 89191.154: tcs3701: start power rail timer, state:3
11-23 13:25:38.995  1011  1189 I ASH     : @ 89191.194: tcs3701: stop power rail pending_off timer
11-23 13:25:38.995  1011  1189 D ASH     : @ 89191.194: tcs3701: start power rail timer, state:3
11-23 13:25:39.014  5238  5296 I BatteryMgr:DataCollectionService: stats => 1700742339014,7629,4446,13427,4169000,100
11-23 13:25:39.036  1011  1189 I ASH     : @ 89191.234: tcs3701: stop power rail pending_off timer
11-23 13:25:39.036  1011  1189 D ASH     : @ 89191.234: tcs3701: start power rail timer, state:3
11-23 13:25:39.075  1011  1189 I ASH     : @ 89191.274: tcs3701: stop power rail pending_off timer
11-23 13:25:39.075  1011  1189 D ASH     : @ 89191.274: tcs3701: start power rail timer, state:3
11-23 13:25:39.116  1011  1189 I ASH     : @ 89191.314: tcs3701: stop power rail pending_off timer
11-23 13:25:39.116  1011  1189 D ASH     : @ 89191.314: tcs3701: start power rail timer, state:3
11-23 13:25:39.120  5238  5296 I BatteryMgr:DataCollectionService: stats => 1700742339119,7629,4446,13427,4169000,100
11-23 13:25:39.155  1011  1189 I ASH     : @ 89191.354: tcs3701: stop power rail pending_off timer
11-23 13:25:39.155  1011  1189 D ASH     : @ 89191.354: tcs3701: start power rail timer, state:3
11-23 13:25:39.196  1011  1189 I ASH     : @ 89191.394: tcs3701: stop power rail pending_off timer
11-23 13:25:39.196  1011  1189 D ASH     : @ 89191.394: tcs3701: start power rail timer, state:3
11-23 13:25:39.227  5238  5296 I BatteryMgr:DataCollectionService: stats => 1700742339227,7629,4446,13427,4169000,100
11-23 13:25:39.235  1011  1189 I ASH     : @ 89191.434: tcs3701: stop power rail pending_off timer
11-23 13:25:39.235  1011  1189 D ASH     : @ 89191.434: tcs3701: start power rail timer, state:3
11-23 13:25:39.276  1011  1189 I ASH     : @ 89191.474: tcs3701: stop power rail pending_off timer
11-23 13:25:39.276  1011  1189 D ASH     : @ 89191.474: tcs3701: start power rail timer, state:3
11-23 13:25:39.315  1011  1189 I ASH     : @ 89191.514: tcs3701: stop power rail pending_off timer
11-23 13:25:39.315  1011  1189 D ASH     : @ 89191.514: tcs3701: start power rail timer, state:3
11-23 13:25:39.340  5238  5296 I BatteryMgr:DataCollectionService: stats => 1700742339340,7629,4446,13427,4169000,100
11-23 13:25:39.355  1011  1189 I ASH     : @ 89191.554: tcs3701: stop power rail pending_off timer
11-23 13:25:39.355  1011  1189 D ASH     : @ 89191.554: tcs3701: start power rail timer, state:3
11-23 13:25:39.395  1011  1189 I ASH     : @ 89191.594: tcs3701: stop power rail pending_off timer
11-23 13:25:39.396  1011  1189 D ASH     : @ 89191.594: tcs3701: start power rail timer, state:3
11-23 13:25:39.437  1011  1189 I ASH     : @ 89191.634: tcs3701: stop power rail pending_off timer
11-23 13:25:39.437  1011  1189 D ASH     : @ 89191.634: tcs3701: start power rail timer, state:3
11-23 13:25:39.447  5238  5296 I BatteryMgr:DataCollectionService: stats => 1700742339447,7629,4446,13427,4169000,100
11-23 13:25:39.458  1795  4168 D ActivityManager: freezer override set to true
11-23 13:25:39.475  1011  1189 I ASH     : @ 89191.674: tcs3701: stop power rail pending_off timer
11-23 13:25:39.475  1011  1189 D ASH     : @ 89191.674: tcs3701: start power rail timer, state:3
11-23 13:25:39.515  1011  1189 I ASH     : @ 89191.714: tcs3701: stop power rail pending_off timer
11-23 13:25:39.515  1011  1189 D ASH     : @ 89191.714: tcs3701: start power rail timer, state:3
11-23 13:25:39.551 15968 15982 I m.chrome.canary: Explicit concurrent copying GC freed 3663(192KB) AllocSpace objects, 3(60KB) LOS objects, 75% free, 11MB/47MB, paused 90us,22us total 47.625ms
11-23 13:25:39.554  5238  5296 I BatteryMgr:DataCollectionService: stats => 1700742339554,7629,4446,13427,4169000,100
11-23 13:25:39.555  1011  1189 I ASH     : @ 89191.754: tcs3701: stop power rail pending_off timer
11-23 13:25:39.555  1011  1189 D ASH     : @ 89191.754: tcs3701: start power rail timer, state:3
11-23 13:25:39.595  1011  1189 I ASH     : @ 89191.794: tcs3701: stop power rail pending_off timer
11-23 13:25:39.596  1011  1189 D ASH     : @ 89191.794: tcs3701: start power rail timer, state:3
11-23 13:25:39.608  1795  4168 D ActivityManager: freezer override set to false
11-23 13:25:39.635  1011  1189 I ASH     : @ 89191.834: tcs3701: stop power rail pending_off timer
11-23 13:25:39.635  1011  1189 D ASH     : @ 89191.834: tcs3701: start power rail timer, state:3
11-23 13:25:39.659  5238  5296 I BatteryMgr:DataCollectionService: stats => 1700742339659,7629,4446,13427,4169000,100
11-23 13:25:39.670  1795  4168 D ActivityManager: freezer override set to true
11-23 13:25:39.673  1795  4168 D ActivityManager: freezer override set to false
11-23 13:25:39.675  1011  1189 I ASH     : @ 89191.874: tcs3701: stop power rail pending_off timer
11-23 13:25:39.675  1011  1189 D ASH     : @ 89191.874: tcs3701: start power rail timer, state:3
11-23 13:25:39.716  1011  1189 I ASH     : @ 89191.914: tcs3701: stop power rail pending_off timer
11-23 13:25:39.716  1011  1189 D ASH     : @ 89191.914: tcs3701: start power rail timer, state:3
11-23 13:25:39.755  1011  1189 I ASH     : @ 89191.954: tcs3701: stop power rail pending_off timer
11-23 13:25:39.755  1011  1189 D ASH     : @ 89191.954: tcs3701: start power rail timer, state:3
11-23 13:25:39.762  5238  5296 I BatteryMgr:DataCollectionService: stats => 1700742339762,7629,4446,13427,4169000,100
11-23 13:25:39.796  1011  1189 I ASH     : @ 89191.994: tcs3701: stop power rail pending_off timer
11-23 13:25:39.796  1011  1189 D ASH     : @ 89191.994: tcs3701: start power rail timer, state:3
11-23 13:25:39.836  1011  1189 I ASH     : @ 89192.034: tcs3701: stop power rail pending_off timer
11-23 13:25:39.836  1011  1189 D ASH     : @ 89192.034: tcs3701: start power rail timer, state:3
11-23 13:25:39.844  1795  2424 D WifiNetworkSelector: Current connected network: 12
11-23 13:25:39.844  1795  2424 V WifiConnectivityManager: No partial scan because firmware roaming is supported.
11-23 13:25:39.844  1795  2424 V WifiConnectivityManager: schedulePeriodicScanTimer intervalMs 20000
11-23 13:25:39.867  5238  5296 I BatteryMgr:DataCollectionService: stats => 1700742339867,7629,4446,13427,4169000,100
11-23 13:25:39.876  1011  1189 I ASH     : @ 89192.074: tcs3701: stop power rail pending_off timer
11-23 13:25:39.876  1011  1189 D ASH     : @ 89192.074: tcs3701: start power rail timer, state:3
11-23 13:25:39.908  1795  4168 D ActivityManager: freezer override set to true
11-23 13:25:39.915  1011  1189 I ASH     : @ 89192.114: tcs3701: stop power rail pending_off timer
11-23 13:25:39.915  1011  1189 D ASH     : @ 89192.114: tcs3701: start power rail timer, state:3
11-23 13:25:39.916  1795  4168 D ActivityManager: freezer override set to false
11-23 13:25:39.930  1795  2424 D WifiClientModeImpl[13802:wlan0]: updateLinkLayerStatsRssiSpeedFrequencyCapabilities rssi=-47 TxLinkspeed=866 freq=5240 RxLinkSpeed=866
11-23 13:25:39.930  1795  2424 D WifiDataStall: tx tput in kbps: 756667
11-23 13:25:39.930  1795  2424 D WifiDataStall: rx tput in kbps: 788195
11-23 13:25:39.930  1795  2424 V WifiConfigManager: Updating scan detail cache freq=5240 BSSID=f4:6d:2f:12:cc:88 RSSI=-46 for "ourhome"WPA_PSK
11-23 13:25:39.931  1795  2424 D WifiChannelUtilization:  freq: 5240 onTime: 2626761 busyTime: 240578 onTimeDiff: 2626466 busyTimeDiff: 240561 utilization: 23 utilization t0: 23
11-23 13:25:39.931  1795  2424 D WifiDataStall:  ccaLevel = 23
11-23 13:25:39.931  1795  2424 D WifiDataStall: L2 txTputKbps: 748785, rxTputKbps: 788195, L3 txTputKbps: 7, rxTputKbps: 0, TxTrafficHigh: false, RxTrafficHigh: false, Throughput Sufficient: true
11-23 13:25:39.931  3213  8092 V WifiManager: OnWifiUsabilityStatsListener: onWifiUsabilityStats: seqNum=29461
11-23 13:25:39.931  1795  2424 D WifiScoreReport: Wifi scoring disabled - Don't check IP layer
11-23 13:25:39.931  1795  2424 D WifiScoreCard: BSSID update SIGNAL_POLL ID: 1320464697 SSID: "ourhome", BSSID: f4:6d:2f:12:cc:88, MAC: b2:2f:ec:da:4a:0c, IP: /192.168.1.104, Security type: 2, Supplicant state: COMPLETED, Wi-Fi standard: 5, RSSI: -47, Link speed: 866Mbps, Tx Link speed: 866Mbps, Max Supported Tx Link speed: 866Mbps, Rx Link speed: 866Mbps, Max Supported Rx Link speed: 866Mbps, Frequency: 5240MHz, Net ID: 12, Metered hint: false, score: 60, isUsable: true, CarrierMerged: false, SubscriptionId: -1, IsPrimary: 1, Trusted: true, Restricted: false, Ephemeral: false, OEM paid: false, OEM private: false, OSU AP: false, FQDN: <none>, Provider friendly name: <none>, Requesting package name: <none>"ourhome"wpa2-pskMLO Information: , Is TID-To-Link negotiation supported by the AP: false, AP MLD Address: <none>, AP MLO Link Id: <none>, AP MLO Affiliated links: <none>
11-23 13:25:39.931  1795  2424 D WifiScoreCard: txRate: 10 txSpeed: 866
11-23 13:25:39.931  1795  2424 D WifiScoreCard: network update SIGNAL_POLL "ourhome" ID: 1499892569 RSSI -47 txSpeed 866
11-23 13:25:39.931  1795  2424 D WifiClientModeImpl[13802:wlan0]:  ClientModeImpl$L2ConnectedState screen=on 15 0 "ourhome" f4:6d:2f:12:cc:88 rssi=-47 f=5240 sc=60 link=866 tx=8.6, 0.5, 0.0 rx=5.5 bcn=851994 [on:21 tx:1 rx:0 period:3006] from screen [on:311925 period:4660659] score=60
11-23 13:25:39.931  1795  4168 I WifiService: updateWifiUsabilityScore uid=10180 seqNum=29461 score=100 predictionHorizonSec=1441795
11-23 13:25:39.932  1795  2424 D WifiScoreReport: Wifi scoring disabled - Notify that Wifi is usable
11-23 13:25:39.933  1795  2432 D ConnectivityService: NetReassign [no changes] [c 0] [a 0] [i 1]
11-23 13:25:39.940 15968 16027 W chromium: [WARNING:ev_root_ca_metadata.cc(119)] Not implemented
11-23 13:25:39.940 15968 16027 W chromium: [WARNING:ev_root_ca_metadata.cc(119)] Not implemented
11-23 13:25:39.955  1011  1189 I ASH     : @ 89192.154: tcs3701: stop power rail pending_off timer
11-23 13:25:39.956  1011  1189 D ASH     : @ 89192.154: tcs3701: start power rail timer, state:3
11-23 13:25:39.972  5238  5296 I BatteryMgr:DataCollectionService: stats => 1700742339971,7629,4446,13427,4169000,100
11-23 13:25:39.996  1011  1189 I ASH     : @ 89192.194: tcs3701: stop power rail pending_off timer
11-23 13:25:39.996  1011  1189 D ASH     : @ 89192.194: tcs3701: start power rail timer, state:3
11-23 13:25:40.036  1011  1189 I ASH     : @ 89192.234: tcs3701: stop power rail pending_off timer
11-23 13:25:40.036  1011  1189 D ASH     : @ 89192.234: tcs3701: start power rail timer, state:3
11-23 13:25:40.075  1011  1189 I ASH     : @ 89192.274: tcs3701: stop power rail pending_off timer
11-23 13:25:40.076  1011  1189 D ASH     : @ 89192.274: tcs3701: start power rail timer, state:3
11-23 13:25:40.076  5238  5296 I BatteryMgr:DataCollectionService: stats => 1700742340076,7629,4446,13427,4169000,100
11-23 13:25:40.115  1011  1189 I ASH     : @ 89192.314: tcs3701: stop power rail pending_off timer
11-23 13:25:40.115  1011  1189 D ASH     : @ 89192.314: tcs3701: start power rail timer, state:3
11-23 13:25:40.140  2113  2118 I pixel-thermal: skin-therm-monitor: 38.426
11-23 13:25:40.155  1011  1189 I ASH     : @ 89192.354: tcs3701: stop power rail pending_off timer
11-23 13:25:40.155  1011  1189 D ASH     : @ 89192.354: tcs3701: start power rail timer, state:3
11-23 13:25:40.179  5238  5296 I BatteryMgr:DataCollectionService: stats => 1700742340179,7629,4446,13427,4169000,100
11-23 13:25:40.195  1011  1189 I ASH     : @ 89192.394: tcs3701: stop power rail pending_off timer
11-23 13:25:40.195  1011  1189 D ASH     : @ 89192.394: tcs3701: start power rail timer, state:3
11-23 13:25:40.236  1011  1189 I ASH     : @ 89192.434: tcs3701: stop power rail pending_off timer
11-23 13:25:40.236  1011  1189 D ASH     : @ 89192.434: tcs3701: start power rail timer, state:3
11-23 13:25:40.276  1011  1189 I ASH     : @ 89192.474: tcs3701: stop power rail pending_off timer
11-23 13:25:40.276  1011  1189 D ASH     : @ 89192.474: tcs3701: start power rail timer, state:3
11-23 13:25:40.282  5238  5296 I BatteryMgr:DataCollectionService: stats => 1700742340282,7629,4446,13427,4169000,100
11-23 13:25:40.316  1011  1189 I ASH     : @ 89192.514: tcs3701: stop power rail pending_off timer
11-23 13:25:40.317  1011  1189 D ASH     : @ 89192.514: tcs3701: start power rail timer, state:3
11-23 13:25:40.356  1011  1189 I ASH     : @ 89192.554: tcs3701: stop power rail pending_off timer
11-23 13:25:40.356  1011  1189 D ASH     : @ 89192.554: tcs3701: start power rail timer, state:3
11-23 13:25:40.387  5238  5296 I BatteryMgr:DataCollectionService: stats => 1700742340387,7629,4446,13427,4169000,100
11-23 13:25:40.397  1011  1189 I ASH     : @ 89192.594: tcs3701: stop power rail pending_off timer
11-23 13:25:40.397  1011  1189 D ASH     : @ 89192.594: tcs3701: start power rail timer, state:3
11-23 13:25:40.435  1011  1189 I ASH     : @ 89192.634: tcs3701: stop power rail pending_off timer
11-23 13:25:40.435  1011  1189 D ASH     : @ 89192.634: tcs3701: start power rail timer, state:3
11-23 13:25:40.475  1011  1189 I ASH     : @ 89192.674: tcs3701: stop power rail pending_off timer
11-23 13:25:40.475  1011  1189 D ASH     : @ 89192.674: tcs3701: start power rail timer, state:3
11-23 13:25:40.495  5238  5296 I BatteryMgr:DataCollectionService: stats => 1700742340495,7629,4446,13427,4169000,100
11-23 13:25:40.516  1011  1189 I ASH     : @ 89192.714: tcs3701: stop power rail pending_off timer
11-23 13:25:40.516  1011  1189 D ASH     : @ 89192.714: tcs3701: start power rail timer, state:3
11-23 13:25:40.555  1011  1189 I ASH     : @ 89192.754: tcs3701: stop power rail pending_off timer
11-23 13:25:40.555  1011  1189 D ASH     : @ 89192.754: tcs3701: start power rail timer, state:3
11-23 13:25:40.595  1011  1189 I ASH     : @ 89192.794: tcs3701: stop power rail pending_off timer
11-23 13:25:40.596  1011  1189 D ASH     : @ 89192.794: tcs3701: start power rail timer, state:3
11-23 13:25:40.600  5238  5296 I BatteryMgr:DataCollectionService: stats => 1700742340600,7629,4446,13427,4169000,100
11-23 13:25:40.635  1011  1189 I ASH     : @ 89192.834: tcs3701: stop power rail pending_off timer
11-23 13:25:40.635  1011  1189 D ASH     : @ 89192.834: tcs3701: start power rail timer, state:3
11-23 13:25:40.675  1011  1189 I ASH     : @ 89192.874: tcs3701: stop power rail pending_off timer
11-23 13:25:40.676  1011  1189 D ASH     : @ 89192.874: tcs3701: start power rail timer, state:3
11-23 13:25:40.705  5238  5296 I BatteryMgr:DataCollectionService: stats => 1700742340704,7629,4446,13427,4169000,100
11-23 13:25:40.716  1011  1189 I ASH     : @ 89192.914: tcs3701: stop power rail pending_off timer
11-23 13:25:40.716  1011  1189 D ASH     : @ 89192.914: tcs3701: start power rail timer, state:3
11-23 13:25:40.756  1011  1189 I ASH     : @ 89192.954: tcs3701: stop power rail pending_off timer
11-23 13:25:40.756  1011  1189 D ASH     : @ 89192.954: tcs3701: start power rail timer, state:3
11-23 13:25:40.795  1011  1189 I ASH     : @ 89192.994: tcs3701: stop power rail pending_off timer
11-23 13:25:40.795  1011  1189 D ASH     : @ 89192.994: tcs3701: start power rail timer, state:3
11-23 13:25:40.815  5238  5296 I BatteryMgr:DataCollectionService: stats => 1700742340815,7629,4446,13427,4169000,100
11-23 13:25:40.836  1011  1189 I ASH     : @ 89193.034: tcs3701: stop power rail pending_off timer
11-23 13:25:40.836  1011  1189 D ASH     : @ 89193.034: tcs3701: start power rail timer, state:3
11-23 13:25:40.875  1011  1189 I ASH     : @ 89193.074: tcs3701: stop power rail pending_off timer
11-23 13:25:40.875  1011  1189 D ASH     : @ 89193.074: tcs3701: start power rail timer, state:3
11-23 13:25:40.916  1011  1189 I ASH     : @ 89193.114: tcs3701: stop power rail pending_off timer
11-23 13:25:40.916  1011  1189 D ASH     : @ 89193.114: tcs3701: start power rail timer, state:3
11-23 13:25:40.924  5238  5296 I BatteryMgr:DataCollectionService: stats => 1700742340924,7629,4446,13427,4169000,100
11-23 13:25:40.928  1795  4162 D ActivityManager: freezer override set to true
11-23 13:25:40.955  1011  1189 I ASH     : @ 89193.154: tcs3701: stop power rail pending_off timer
11-23 13:25:40.956  1011  1189 D ASH     : @ 89193.154: tcs3701: start power rail timer, state:3
11-23 13:25:40.996  1011  1189 I ASH     : @ 89193.194: tcs3701: stop power rail pending_off timer
11-23 13:25:40.996  1011  1189 D ASH     : @ 89193.194: tcs3701: start power rail timer, state:3
11-23 13:25:41.031  5238  5296 I BatteryMgr:DataCollectionService: stats => 1700742341031,7629,4446,13427,4169000,100
11-23 13:25:41.035  1011  1189 I ASH     : @ 89193.234: tcs3701: stop power rail pending_off timer
11-23 13:25:41.035  1011  1189 D ASH     : @ 89193.234: tcs3701: start power rail timer, state:3
11-23 13:25:41.048 15968 15982 I m.chrome.canary: Explicit concurrent copying GC freed 3968(208KB) AllocSpace objects, 4(80KB) LOS objects, 75% free, 11MB/47MB, paused 100us,59us total 61.040ms
11-23 13:25:41.076  1011  1189 I ASH     : @ 89193.274: tcs3701: stop power rail pending_off timer
11-23 13:25:41.076  1011  1189 D ASH     : @ 89193.274: tcs3701: start power rail timer, state:3
11-23 13:25:41.110  1795  4168 D ActivityManager: freezer override set to false
11-23 13:25:41.116  1011  1189 I ASH     : @ 89193.314: tcs3701: stop power rail pending_off timer
11-23 13:25:41.116  1011  1189 D ASH     : @ 89193.314: tcs3701: start power rail timer, state:3
11-23 13:25:41.138  5238  5296 I BatteryMgr:DataCollectionService: stats => 1700742341138,7629,4446,13427,4169000,100
11-23 13:25:41.155  1011  1189 I ASH     : @ 89193.354: tcs3701: stop power rail pending_off timer
11-23 13:25:41.155  1011  1189 D ASH     : @ 89193.354: tcs3701: start power rail timer, state:3
11-23 13:25:41.173  1795  4168 D ActivityManager: freezer override set to true
11-23 13:25:41.179  1795  4168 D ActivityManager: freezer override set to false
11-23 13:25:41.196  1011  1189 I ASH     : @ 89193.394: tcs3701: stop power rail pending_off timer
11-23 13:25:41.196  1011  1189 D ASH     : @ 89193.394: tcs3701: start power rail timer, state:3
11-23 13:25:41.235  1011  1189 I ASH     : @ 89193.434: tcs3701: stop power rail pending_off timer
11-23 13:25:41.235  1011  1189 D ASH     : @ 89193.434: tcs3701: start power rail timer, state:3
11-23 13:25:41.244  5238  5296 I BatteryMgr:DataCollectionService: stats => 1700742341244,7629,4446,13427,4169000,100
11-23 13:25:41.275  1011  1189 I ASH     : @ 89193.474: tcs3701: stop power rail pending_off timer
11-23 13:25:41.275  1011  1189 D ASH     : @ 89193.474: tcs3701: start power rail timer, state:3
11-23 13:25:41.316  1011  1189 I ASH     : @ 89193.514: tcs3701: stop power rail pending_off timer
11-23 13:25:41.316  1011  1189 D ASH     : @ 89193.514: tcs3701: start power rail timer, state:3
11-23 13:25:41.348  5238  5296 I BatteryMgr:DataCollectionService: stats => 1700742341348,7629,4446,13427,4169000,100
11-23 13:25:41.355  1011  1189 I ASH     : @ 89193.554: tcs3701: stop power rail pending_off timer
11-23 13:25:41.355  1011  1189 D ASH     : @ 89193.554: tcs3701: start power rail timer, state:3
11-23 13:25:41.396  1011  1189 I ASH     : @ 89193.594: tcs3701: stop power rail pending_off timer
11-23 13:25:41.396  1011  1189 D ASH     : @ 89193.594: tcs3701: start power rail timer, state:3
11-23 13:25:41.435  1011  1189 I ASH     : @ 89193.634: tcs3701: stop power rail pending_off timer
11-23 13:25:41.435  1011  1189 D ASH     : @ 89193.634: tcs3701: start power rail timer, state:3
11-23 13:25:41.454  5238  5296 I BatteryMgr:DataCollectionService: stats => 1700742341454,7629,4446,13427,4169000,100
11-23 13:25:41.476  1011  1189 I ASH     : @ 89193.674: tcs3701: stop power rail pending_off timer
11-23 13:25:41.476  1011  1189 D ASH     : @ 89193.674: tcs3701: start power rail timer, state:3
11-23 13:25:41.515  1011  1189 I ASH     : @ 89193.714: tcs3701: stop power rail pending_off timer
11-23 13:25:41.515  1011  1189 D ASH     : @ 89193.714: tcs3701: start power rail timer, state:3
11-23 13:25:41.555  1011  1189 I ASH     : @ 89193.754: tcs3701: stop power rail pending_off timer
11-23 13:25:41.555  1011  1189 D ASH     : @ 89193.754: tcs3701: start power rail timer, state:3
11-23 13:25:41.558  5238  5296 I BatteryMgr:DataCollectionService: stats => 1700742341558,7629,4446,13427,4169000,100
11-23 13:25:41.595  1011  1189 I ASH     : @ 89193.794: tcs3701: stop power rail pending_off timer
11-23 13:25:41.595  1011  1189 D ASH     : @ 89193.794: tcs3701: start power rail timer, state:3
11-23 13:25:41.635  1011  1189 I ASH     : @ 89193.834: tcs3701: stop power rail pending_off timer
11-23 13:25:41.636  1011  1189 D ASH     : @ 89193.834: tcs3701: start power rail timer, state:3
11-23 13:25:41.663  5238  5296 I BatteryMgr:DataCollectionService: stats => 1700742341663,7629,4446,13427,4169000,100
11-23 13:25:41.675  1011  1189 I ASH     : @ 89193.874: tcs3701: stop power rail pending_off timer
11-23 13:25:41.675  1011  1189 D ASH     : @ 89193.874: tcs3701: start power rail timer, state:3
11-23 13:25:41.715  1011  1189 I ASH     : @ 89193.914: tcs3701: stop power rail pending_off timer
11-23 13:25:41.715  1011  1189 D ASH     : @ 89193.914: tcs3701: start power rail timer, state:3
11-23 13:25:41.755  1011  1189 I ASH     : @ 89193.954: tcs3701: stop power rail pending_off timer
11-23 13:25:41.755  1011  1189 D ASH     : @ 89193.954: tcs3701: start power rail timer, state:3
11-23 13:25:41.768  5238  5296 I BatteryMgr:DataCollectionService: stats => 1700742341767,7629,4446,13427,4169000,100
11-23 13:25:41.795  1011  1189 I ASH     : @ 89193.994: tcs3701: stop power rail pending_off timer
11-23 13:25:41.795  1011  1189 D ASH     : @ 89193.994: tcs3701: start power rail timer, state:3
11-23 13:25:41.835  1011  1189 I ASH     : @ 89194.034: tcs3701: stop power rail pending_off timer
11-23 13:25:41.835  1011  1189 D ASH     : @ 89194.034: tcs3701: start power rail timer, state:3
11-23 13:25:41.872  5238  5296 I BatteryMgr:DataCollectionService: stats => 1700742341871,7629,4446,13427,4169000,100
11-23 13:25:41.875  1011  1189 I ASH     : @ 89194.074: tcs3701: stop power rail pending_off timer
11-23 13:25:41.875  1011  1189 D ASH     : @ 89194.074: tcs3701: start power rail timer, state:3
11-23 13:25:41.905  1795  4168 D ActivityManager: freezer override set to true
11-23 13:25:41.909  1795  4168 D ActivityManager: freezer override set to false
11-23 13:25:41.915  1011  1189 I ASH     : @ 89194.114: tcs3701: stop power rail pending_off timer
11-23 13:25:41.915  1011  1189 D ASH     : @ 89194.114: tcs3701: start power rail timer, state:3
11-23 13:25:41.955  1011  1189 I ASH     : @ 89194.154: tcs3701: stop power rail pending_off timer
11-23 13:25:41.956  1011  1189 D ASH     : @ 89194.154: tcs3701: start power rail timer, state:3
11-23 13:25:41.975  5238  5296 I BatteryMgr:DataCollectionService: stats => 1700742341975,7629,4446,13427,4169000,100
11-23 13:25:41.995  1011  1189 I ASH     : @ 89194.194: tcs3701: stop power rail pending_off timer
11-23 13:25:41.995  1011  1189 D ASH     : @ 89194.194: tcs3701: start power rail timer, state:3
11-23 13:25:42.036  1011  1189 I ASH     : @ 89194.234: tcs3701: stop power rail pending_off timer
11-23 13:25:42.036  1011  1189 D ASH     : @ 89194.234: tcs3701: start power rail timer, state:3
11-23 13:25:42.075  1011  1189 I ASH     : @ 89194.274: tcs3701: stop power rail pending_off timer
11-23 13:25:42.076  1011  1189 D ASH     : @ 89194.274: tcs3701: start power rail timer, state:3
11-23 13:25:42.081  5238  5296 I BatteryMgr:DataCollectionService: stats => 1700742342081,7629,4446,13427,4169000,100
11-23 13:25:42.116  1011  1189 I ASH     : @ 89194.314: tcs3701: stop power rail pending_off timer
11-23 13:25:42.116  1011  1189 D ASH     : @ 89194.314: tcs3701: start power rail timer, state:3
11-23 13:25:42.144  2113  2118 I pixel-thermal: skin-therm-monitor: 38.416
11-23 13:25:42.157  1011  1189 I ASH     : @ 89194.354: tcs3701: stop power rail pending_off timer
11-23 13:25:42.157  1011  1189 D ASH     : @ 89194.354: tcs3701: start power rail timer, state:3
11-23 13:25:42.185  5238  5296 I BatteryMgr:DataCollectionService: stats => 1700742342185,7629,4446,13427,4169000,100
11-23 13:25:42.195  1011  1189 I ASH     : @ 89194.394: tcs3701: stop power rail pending_off timer
11-23 13:25:42.195  1011  1189 D ASH     : @ 89194.394: tcs3701: start power rail timer, state:3
11-23 13:25:42.236  1011  1189 I ASH     : @ 89194.434: tcs3701: stop power rail pending_off timer
11-23 13:25:42.236  1011  1189 D ASH     : @ 89194.434: tcs3701: start power rail timer, state:3
11-23 13:25:42.276  1011  1189 I ASH     : @ 89194.474: tcs3701: stop power rail pending_off timer
11-23 13:25:42.276  1011  1189 D ASH     : @ 89194.474: tcs3701: start power rail timer, state:3
11-23 13:25:42.292  5238  5296 I BatteryMgr:DataCollectionService: stats => 1700742342292,7629,4446,13427,4169000,100
11-23 13:25:42.315  1011  1189 I ASH     : @ 89194.514: tcs3701: stop power rail pending_off timer
11-23 13:25:42.315  1011  1189 D ASH     : @ 89194.514: tcs3701: start power rail timer, state:3
11-23 13:25:42.349  1795  4168 D ActivityManager: freezer override set to true
11-23 13:25:42.355  1011  1189 I ASH     : @ 89194.554: tcs3701: stop power rail pending_off timer
11-23 13:25:42.355  1011  1189 D ASH     : @ 89194.554: tcs3701: start power rail timer, state:3
11-23 13:25:42.396  1011  1189 I ASH     : @ 89194.594: tcs3701: stop power rail pending_off timer
11-23 13:25:42.396  1011  1189 D ASH     : @ 89194.594: tcs3701: start power rail timer, state:3
11-23 13:25:42.397  5238  5296 I BatteryMgr:DataCollectionService: stats => 1700742342397,7629,4446,13427,4169000,100
11-23 13:25:42.436  1011  1189 I ASH     : @ 89194.634: tcs3701: stop power rail pending_off timer
11-23 13:25:42.436  1011  1189 D ASH     : @ 89194.634: tcs3701: start power rail timer, state:3
11-23 13:25:42.438 15968 15982 I m.chrome.canary: Explicit concurrent copying GC freed 3818(208KB) AllocSpace objects, 5(164KB) LOS objects, 75% free, 11MB/47MB, paused 84us,25us total 46.101ms
11-23 13:25:42.476  1011  1189 I ASH     : @ 89194.674: tcs3701: stop power rail pending_off timer
11-23 13:25:42.476  1011  1189 D ASH     : @ 89194.674: tcs3701: start power rail timer, state:3
11-23 13:25:42.493  1795  4168 D ActivityManager: freezer override set to false
11-23 13:25:42.502  5238  5296 I BatteryMgr:DataCollectionService: stats => 1700742342502,7629,4446,13427,4169000,100
11-23 13:25:42.515  1011  1189 I ASH     : @ 89194.714: tcs3701: stop power rail pending_off timer
11-23 13:25:42.515  1011  1189 D ASH     : @ 89194.714: tcs3701: start power rail timer, state:3
11-23 13:25:42.538  1795  4168 D ActivityManager: freezer override set to true
11-23 13:25:42.541  1795  4168 D ActivityManager: freezer override set to false
11-23 13:25:42.556  1011  1189 I ASH     : @ 89194.754: tcs3701: stop power rail pending_off timer
11-23 13:25:42.556  1011  1189 D ASH     : @ 89194.754: tcs3701: start power rail timer, state:3
11-23 13:25:42.596  1011  1189 I ASH     : @ 89194.794: tcs3701: stop power rail pending_off timer
11-23 13:25:42.596  1011  1189 D ASH     : @ 89194.794: tcs3701: start power rail timer, state:3
11-23 13:25:42.607  5238  5296 I BatteryMgr:DataCollectionService: stats => 1700742342607,7629,4446,13427,4169000,100
11-23 13:25:42.637  1011  1189 I ASH     : @ 89194.834: tcs3701: stop power rail pending_off timer
11-23 13:25:42.637  1011  1189 D ASH     : @ 89194.834: tcs3701: start power rail timer, state:3
11-23 13:25:42.676  1011  1189 I ASH     : @ 89194.874: tcs3701: stop power rail pending_off timer
11-23 13:25:42.676  1011  1189 D ASH     : @ 89194.874: tcs3701: start power rail timer, state:3
11-23 13:25:42.714  5238  5296 I BatteryMgr:DataCollectionService: stats => 1700742342714,7629,4446,13427,4169000,100
11-23 13:25:42.716  1011  1189 I ASH     : @ 89194.914: tcs3701: stop power rail pending_off timer
11-23 13:25:42.716  1011  1189 D ASH     : @ 89194.914: tcs3701: start power rail timer, state:3
11-23 13:25:42.755  1011  1189 I ASH     : @ 89194.954: tcs3701: stop power rail pending_off timer
11-23 13:25:42.755  1011  1189 D ASH     : @ 89194.954: tcs3701: start power rail timer, state:3
11-23 13:25:42.796  1011  1189 I ASH     : @ 89194.994: tcs3701: stop power rail pending_off timer
11-23 13:25:42.796  1011  1189 D ASH     : @ 89194.994: tcs3701: start power rail timer, state:3
11-23 13:25:42.819  5238  5296 I BatteryMgr:DataCollectionService: stats => 1700742342819,7629,4446,13427,4169000,100
11-23 13:25:42.835  1011  1189 I ASH     : @ 89195.034: tcs3701: stop power rail pending_off timer
11-23 13:25:42.835  1011  1189 D ASH     : @ 89195.034: tcs3701: start power rail timer, state:3
11-23 13:25:42.876  1011  1189 I ASH     : @ 89195.074: tcs3701: stop power rail pending_off timer
11-23 13:25:42.876  1011  1189 D ASH     : @ 89195.074: tcs3701: start power rail timer, state:3
11-23 13:25:42.904  1795  4168 D ActivityManager: freezer override set to true
11-23 13:25:42.909  1795  4168 D ActivityManager: freezer override set to false
11-23 13:25:42.916  1011  1189 I ASH     : @ 89195.114: tcs3701: stop power rail pending_off timer
11-23 13:25:42.916  1011  1189 D ASH     : @ 89195.114: tcs3701: start power rail timer, state:3
11-23 13:25:42.923  5238  5296 I BatteryMgr:DataCollectionService: stats => 1700742342923,7629,4446,13427,4169000,100
11-23 13:25:42.942  1795  2424 D WifiClientModeImpl[13802:wlan0]: updateLinkLayerStatsRssiSpeedFrequencyCapabilities rssi=-47 TxLinkspeed=866 freq=5240 RxLinkSpeed=866
11-23 13:25:42.943  1795  2424 D WifiDataStall: tx tput in kbps: 748785
11-23 13:25:42.943  1795  2424 D WifiDataStall: rx tput in kbps: 788195
11-23 13:25:42.943  1795  2424 V WifiConfigManager: Updating scan detail cache freq=5240 BSSID=f4:6d:2f:12:cc:88 RSSI=-46 for "ourhome"WPA_PSK
11-23 13:25:42.943  1795  2424 D WifiChannelUtilization:  freq: 5240 onTime: 2626922 busyTime: 240583 onTimeDiff: 2626627 busyTimeDiff: 240566 utilization: 23 utilization t0: 23
11-23 13:25:42.943  1795  2424 D WifiDataStall:  ccaLevel = 23
11-23 13:25:42.943  1795  2424 D WifiDataStall: L2 txTputKbps: 788195, rxTputKbps: 788195, L3 txTputKbps: 11, rxTputKbps: 87, TxTrafficHigh: true, RxTrafficHigh: true, Throughput Sufficient: true
11-23 13:25:42.943  3213  8092 V WifiManager: OnWifiUsabilityStatsListener: onWifiUsabilityStats: seqNum=29462
11-23 13:25:42.943  1795  2424 D WifiScoreReport: Wifi scoring disabled - Don't check IP layer
11-23 13:25:42.944  1795  2424 D WifiScoreCard: BSSID update SIGNAL_POLL ID: 1320464697 SSID: "ourhome", BSSID: f4:6d:2f:12:cc:88, MAC: b2:2f:ec:da:4a:0c, IP: /192.168.1.104, Security type: 2, Supplicant state: COMPLETED, Wi-Fi standard: 5, RSSI: -47, Link speed: 866Mbps, Tx Link speed: 866Mbps, Max Supported Tx Link speed: 866Mbps, Rx Link speed: 866Mbps, Max Supported Rx Link speed: 866Mbps, Frequency: 5240MHz, Net ID: 12, Metered hint: false, score: 60, isUsable: true, CarrierMerged: false, SubscriptionId: -1, IsPrimary: 1, Trusted: true, Restricted: false, Ephemeral: false, OEM paid: false, OEM private: false, OSU AP: false, FQDN: <none>, Provider friendly name: <none>, Requesting package name: <none>"ourhome"wpa2-pskMLO Information: , Is TID-To-Link negotiation supported by the AP: false, AP MLD Address: <none>, AP MLO Link Id: <none>, AP MLO Affiliated links: <none>
11-23 13:25:42.944  1795  2424 D WifiScoreCard: txRate: 8 txSpeed: 866
11-23 13:25:42.944  1795  2424 D WifiScoreCard: network update SIGNAL_POLL "ourhome" ID: 1499892569 RSSI -47 txSpeed 866
11-23 13:25:42.944  1795  2424 D WifiClientModeImpl[13802:wlan0]:  ClientModeImpl$L2ConnectedState screen=on 15 0 "ourhome" f4:6d:2f:12:cc:88 rssi=-47 f=5240 sc=60 link=866 tx=7.1, 0.1, 0.0 rx=5.6 bcn=852024 [on:161 tx:3 rx:1 period:3012] from screen [on:312086 period:4663672] score=60
11-23 13:25:42.945  1795  4168 I WifiService: updateWifiUsabilityScore uid=10180 seqNum=29462 score=100 predictionHorizonSec=1441795
11-23 13:25:42.945  1795  2424 D WifiScoreReport: Wifi scoring disabled - Notify that Wifi is usable
11-23 13:25:42.949  1795  2432 D ConnectivityService: NetReassign [no changes] [c 1] [a 0] [i 2]
11-23 13:25:42.955  1011  1189 I ASH     : @ 89195.154: tcs3701: stop power rail pending_off timer
11-23 13:25:42.955  1011  1189 D ASH     : @ 89195.154: tcs3701: start power rail timer, state:3
11-23 13:25:42.996  1011  1189 I ASH     : @ 89195.194: tcs3701: stop power rail pending_off timer
11-23 13:25:42.996  1011  1189 D ASH     : @ 89195.194: tcs3701: start power rail timer, state:3
11-23 13:25:43.028  5238  5296 I BatteryMgr:DataCollectionService: stats => 1700742343028,7629,4446,13427,4169000,100
11-23 13:25:43.035  1011  1189 I ASH     : @ 89195.234: tcs3701: stop power rail pending_off timer
11-23 13:25:43.035  1011  1189 D ASH     : @ 89195.234: tcs3701: start power rail timer, state:3
11-23 13:25:43.075  1011  1189 I ASH     : @ 89195.274: tcs3701: stop power rail pending_off timer
11-23 13:25:43.075  1011  1189 D ASH     : @ 89195.274: tcs3701: start power rail timer, state:3
11-23 13:25:43.116  1011  1189 I ASH     : @ 89195.314: tcs3701: stop power rail pending_off timer
11-23 13:25:43.116  1011  1189 D ASH     : @ 89195.314: tcs3701: start power rail timer, state:3
11-23 13:25:43.133  5238  5296 I BatteryMgr:DataCollectionService: stats => 1700742343133,7629,4446,13427,4169000,100
11-23 13:25:43.156  1011  1189 I ASH     : @ 89195.354: tcs3701: stop power rail pending_off timer
11-23 13:25:43.156  1011  1189 D ASH     : @ 89195.354: tcs3701: start power rail timer, state:3
11-23 13:25:43.196  1011  1189 I ASH     : @ 89195.394: tcs3701: stop power rail pending_off timer
11-23 13:25:43.196  1011  1189 D ASH     : @ 89195.394: tcs3701: start power rail timer, state:3
11-23 13:25:43.235  1011  1189 I ASH     : @ 89195.434: tcs3701: stop power rail pending_off timer
11-23 13:25:43.235  1011  1189 D ASH     : @ 89195.434: tcs3701: start power rail timer, state:3
11-23 13:25:43.238  5238  5296 I BatteryMgr:DataCollectionService: stats => 1700742343238,7629,4446,13427,4169000,100
11-23 13:25:43.275  1011  1189 I ASH     : @ 89195.474: tcs3701: stop power rail pending_off timer
11-23 13:25:43.275  1011  1189 D ASH     : @ 89195.474: tcs3701: start power rail timer, state:3
11-23 13:25:43.315  1011  1189 I ASH     : @ 89195.514: tcs3701: stop power rail pending_off timer
11-23 13:25:43.315  1011  1189 D ASH     : @ 89195.514: tcs3701: start power rail timer, state:3
11-23 13:25:43.343  5238  5296 I BatteryMgr:DataCollectionService: stats => 1700742343343,7629,4446,13427,4169000,100
11-23 13:25:43.356  1011  1189 I ASH     : @ 89195.554: tcs3701: stop power rail pending_off timer
11-23 13:25:43.356  1011  1189 D ASH     : @ 89195.554: tcs3701: start power rail timer, state:3
11-23 13:25:43.395  1011  1189 I ASH     : @ 89195.594: tcs3701: stop power rail pending_off timer
11-23 13:25:43.395  1011  1189 D ASH     : @ 89195.594: tcs3701: start power rail timer, state:3
11-23 13:25:43.435  1011  1189 I ASH     : @ 89195.634: tcs3701: stop power rail pending_off timer
11-23 13:25:43.435  1011  1189 D ASH     : @ 89195.634: tcs3701: start power rail timer, state:3
11-23 13:25:43.448  5238  5296 I BatteryMgr:DataCollectionService: stats => 1700742343448,7629,4446,13427,4169000,100
11-23 13:25:43.475  1011  1189 I ASH     : @ 89195.674: tcs3701: stop power rail pending_off timer
11-23 13:25:43.475  1011  1189 D ASH     : @ 89195.674: tcs3701: start power rail timer, state:3
11-23 13:25:43.515  1011  1189 I ASH     : @ 89195.714: tcs3701: stop power rail pending_off timer
11-23 13:25:43.516  1011  1189 D ASH     : @ 89195.714: tcs3701: start power rail timer, state:3
11-23 13:25:43.553  5238  5296 I BatteryMgr:DataCollectionService: stats => 1700742343553,7629,4446,13427,4169000,100
11-23 13:25:43.556  1011  1189 I ASH     : @ 89195.754: tcs3701: stop power rail pending_off timer
11-23 13:25:43.556  1011  1189 D ASH     : @ 89195.754: tcs3701: start power rail timer, state:3
11-23 13:25:43.595  1011  1189 I ASH     : @ 89195.794: tcs3701: stop power rail pending_off timer
11-23 13:25:43.596  1011  1189 D ASH     : @ 89195.794: tcs3701: start power rail timer, state:3
11-23 13:25:43.635  1011  1189 I ASH     : @ 89195.834: tcs3701: stop power rail pending_off timer
11-23 13:25:43.636  1011  1189 D ASH     : @ 89195.834: tcs3701: start power rail timer, state:3
11-23 13:25:43.662  5238  5296 I BatteryMgr:DataCollectionService: stats => 1700742343662,7629,4446,13427,4169000,100
11-23 13:25:43.676  1011  1189 I ASH     : @ 89195.874: tcs3701: stop power rail pending_off timer
11-23 13:25:43.676  1011  1189 D ASH     : @ 89195.874: tcs3701: start power rail timer, state:3
11-23 13:25:43.701  1795  4168 D ActivityManager: freezer override set to true
11-23 13:25:43.716  1011  1189 I ASH     : @ 89195.914: tcs3701: stop power rail pending_off timer
11-23 13:25:43.716  1011  1189 D ASH     : @ 89195.914: tcs3701: start power rail timer, state:3
11-23 13:25:43.755  1011  1189 I ASH     : @ 89195.954: tcs3701: stop power rail pending_off timer
11-23 13:25:43.755  1011  1189 D ASH     : @ 89195.954: tcs3701: start power rail timer, state:3
11-23 13:25:43.768  5238  5296 I BatteryMgr:DataCollectionService: stats => 1700742343768,7629,4446,13427,4169000,100
11-23 13:25:43.795  1011  1189 I ASH     : @ 89195.994: tcs3701: stop power rail pending_off timer
11-23 13:25:43.795  1011  1189 D ASH     : @ 89195.994: tcs3701: start power rail timer, state:3
11-23 13:25:43.815 15968 15982 I m.chrome.canary: Explicit concurrent copying GC freed 3648(192KB) AllocSpace objects, 3(60KB) LOS objects, 75% free, 11MB/47MB, paused 34us,25us total 71.195ms
11-23 13:25:43.835  1011  1189 I ASH     : @ 89196.034: tcs3701: stop power rail pending_off timer
11-23 13:25:43.835  1011  1189 D ASH     : @ 89196.034: tcs3701: start power rail timer, state:3
11-23 13:25:43.873  5238  5296 I BatteryMgr:DataCollectionService: stats => 1700742343873,7629,4446,13427,4169000,100
11-23 13:25:43.875  1011  1189 I ASH     : @ 89196.074: tcs3701: stop power rail pending_off timer
11-23 13:25:43.875  1011  1189 D ASH     : @ 89196.074: tcs3701: start power rail timer, state:3
11-23 13:25:43.878  1795  4168 D ActivityManager: freezer override set to false
11-23 13:25:43.902  1795  4168 D ActivityManager: freezer override set to true
11-23 13:25:43.907  1795  4168 D ActivityManager: freezer override set to false
11-23 13:25:43.915  1011  1189 I ASH     : @ 89196.114: tcs3701: stop power rail pending_off timer
11-23 13:25:43.915  1011  1189 D ASH     : @ 89196.114: tcs3701: start power rail timer, state:3
11-23 13:25:43.931  1795  4168 D ActivityManager: freezer override set to true
11-23 13:25:43.935  1795  4168 D ActivityManager: freezer override set to false
11-23 13:25:43.956  1011  1189 I ASH     : @ 89196.154: tcs3701: stop power rail pending_off timer
11-23 13:25:43.956  1011  1189 D ASH     : @ 89196.154: tcs3701: start power rail timer, state:3
11-23 13:25:43.977  5238  5296 I BatteryMgr:DataCollectionService: stats => 1700742343977,7629,4446,13427,4169000,100
11-23 13:25:43.996  1011  1189 I ASH     : @ 89196.194: tcs3701: stop power rail pending_off timer
11-23 13:25:43.996  1011  1189 D ASH     : @ 89196.194: tcs3701: start power rail timer, state:3
11-23 13:25:44.036  1011  1189 I ASH     : @ 89196.234: tcs3701: stop power rail pending_off timer
11-23 13:25:44.036  1011  1189 D ASH     : @ 89196.234: tcs3701: start power rail timer, state:3
11-23 13:25:44.075  1011  1189 I ASH     : @ 89196.274: tcs3701: stop power rail pending_off timer
11-23 13:25:44.075  1011  1189 D ASH     : @ 89196.274: tcs3701: start power rail timer, state:3
11-23 13:25:44.081  5238  5296 I BatteryMgr:DataCollectionService: stats => 1700742344081,7629,4446,13427,4169000,100
11-23 13:25:44.115  1011  1189 I ASH     : @ 89196.314: tcs3701: stop power rail pending_off timer
11-23 13:25:44.115  1011  1189 D ASH     : @ 89196.314: tcs3701: start power rail timer, state:3
11-23 13:25:44.146  2113  2118 I pixel-thermal: skin-therm-monitor: 38.426
11-23 13:25:44.156  1011  1189 I ASH     : @ 89196.354: tcs3701: stop power rail pending_off timer
11-23 13:25:44.156  1011  1189 D ASH     : @ 89196.354: tcs3701: start power rail timer, state:3
11-23 13:25:44.186  5238  5296 I BatteryMgr:DataCollectionService: stats => 1700742344186,7629,4446,13427,4169000,100
11-23 13:25:44.196  1011  1189 I ASH     : @ 89196.394: tcs3701: stop power rail pending_off timer
11-23 13:25:44.196  1011  1189 D ASH     : @ 89196.394: tcs3701: start power rail timer, state:3
11-23 13:25:44.235  1011  1189 I ASH     : @ 89196.434: tcs3701: stop power rail pending_off timer
11-23 13:25:44.235  1011  1189 D ASH     : @ 89196.434: tcs3701: start power rail timer, state:3
11-23 13:25:44.276  1011  1189 I ASH     : @ 89196.474: tcs3701: stop power rail pending_off timer
11-23 13:25:44.276  1011  1189 D ASH     : @ 89196.474: tcs3701: start power rail timer, state:3
11-23 13:25:44.290  5238  5296 I BatteryMgr:DataCollectionService: stats => 1700742344290,7629,4446,13427,4169000,100
11-23 13:25:44.315  1011  1189 I ASH     : @ 89196.514: tcs3701: stop power rail pending_off timer
11-23 13:25:44.316  1011  1189 D ASH     : @ 89196.514: tcs3701: start power rail timer, state:3
11-23 13:25:44.357  1011  1189 I ASH     : @ 89196.554: tcs3701: stop power rail pending_off timer
11-23 13:25:44.357  1011  1189 D ASH     : @ 89196.554: tcs3701: start power rail timer, state:3
11-23 13:25:44.394  5238  5296 I BatteryMgr:DataCollectionService: stats => 1700742344394,7629,4446,13427,4169000,100
11-23 13:25:44.395  1011  1189 I ASH     : @ 89196.594: tcs3701: stop power rail pending_off timer
11-23 13:25:44.395  1011  1189 D ASH     : @ 89196.594: tcs3701: start power rail timer, state:3
11-23 13:25:44.436  1011  1189 I ASH     : @ 89196.634: tcs3701: stop power rail pending_off timer
11-23 13:25:44.436  1011  1189 D ASH     : @ 89196.634: tcs3701: start power rail timer, state:3
11-23 13:25:44.475  1011  1189 I ASH     : @ 89196.674: tcs3701: stop power rail pending_off timer
11-23 13:25:44.475  1011  1189 D ASH     : @ 89196.674: tcs3701: start power rail timer, state:3
11-23 13:25:44.499  5238  5296 I BatteryMgr:DataCollectionService: stats => 1700742344499,7629,4446,13427,4169000,100
11-23 13:25:44.517  1011  1189 I ASH     : @ 89196.714: tcs3701: stop power rail pending_off timer
11-23 13:25:44.517  1011  1189 D ASH     : @ 89196.714: tcs3701: start power rail timer, state:3
11-23 13:25:44.555  1011  1189 I ASH     : @ 89196.754: tcs3701: stop power rail pending_off timer
11-23 13:25:44.556  1011  1189 D ASH     : @ 89196.754: tcs3701: start power rail timer, state:3
11-23 13:25:44.595  1011  1189 I ASH     : @ 89196.794: tcs3701: stop power rail pending_off timer
11-23 13:25:44.595  1011  1189 D ASH     : @ 89196.794: tcs3701: start power rail timer, state:3
11-23 13:25:44.604  5238  5296 I BatteryMgr:DataCollectionService: stats => 1700742344604,7629,4446,13427,4169000,100
11-23 13:25:44.635  1011  1189 I ASH     : @ 89196.834: tcs3701: stop power rail pending_off timer
11-23 13:25:44.635  1011  1189 D ASH     : @ 89196.834: tcs3701: start power rail timer, state:3
11-23 13:25:44.675  1011  1189 I ASH     : @ 89196.874: tcs3701: stop power rail pending_off timer
11-23 13:25:44.675  1011  1189 D ASH     : @ 89196.874: tcs3701: start power rail timer, state:3
