11-24 07:05:37.753  9398  9433 I BatteryMgr:DataCollectionService: stats => 1700805937753,12207,4444,9460,4169000,100
11-24 07:05:37.790  1011  1189 I ASH     : @ 152789.983: tcs3701: stop power rail pending_off timer
11-24 07:05:37.790  1011  1189 D ASH     : @ 152789.983: tcs3701: start power rail timer, state:3
11-24 07:05:37.826  9398  9433 I BatteryMgr:DataCollectionService: stats => 1700805937826,12207,4444,9460,4169000,100
11-24 07:05:37.829  9398  6426 I BatteryMgr:DataCollectionService: stats => 1700805937829,12207,4444,9460,4169000,100
11-24 07:05:37.830  1011  1189 I ASH     : @ 152790.023: tcs3701: stop power rail pending_off timer
11-24 07:05:37.830  1011  1189 D ASH     : @ 152790.023: tcs3701: start power rail timer, state:3
11-24 07:05:37.833  9398  9433 I BatteryMgr:DataCollectionService: stats => 1700805937833,12207,4444,9460,4169000,100
11-24 07:05:37.835  9398 18843 I BatteryMgr:DataCollectionService: stats => 1700805937835,12207,4444,9460,4169000,100
11-24 07:05:37.836  9398  6426 I BatteryMgr:DataCollectionService: stats => 1700805937836,12207,4444,9460,4169000,100
11-24 07:05:37.857  9398  6426 I BatteryMgr:DataCollectionService: stats => 1700805937857,12207,4444,9460,4169000,100
11-24 07:05:37.871  1011  1189 I ASH     : @ 152790.063: tcs3701: stop power rail pending_off timer
11-24 07:05:37.871  1011  1189 D ASH     : @ 152790.063: tcs3701: start power rail timer, state:3
11-24 07:05:37.910  1011  1189 I ASH     : @ 152790.103: tcs3701: stop power rail pending_off timer
11-24 07:05:37.910  1011  1189 D ASH     : @ 152790.103: tcs3701: start power rail timer, state:3
11-24 07:05:37.930  9398  6426 I BatteryMgr:DataCollectionService: stats => 1700805937930,12207,4444,9460,4169000,100
11-24 07:05:37.932  9398 18843 I BatteryMgr:DataCollectionService: stats => 1700805937932,12207,4444,9460,4169000,100
11-24 07:05:37.938  9398  9433 I BatteryMgr:DataCollectionService: stats => 1700805937938,12207,4444,9460,4169000,100
11-24 07:05:37.938  9398 18843 I BatteryMgr:DataCollectionService: stats => 1700805937938,12207,4444,9460,4169000,100
11-24 07:05:37.940  9398  6426 I BatteryMgr:DataCollectionService: stats => 1700805937940,12207,4444,9460,4169000,100
11-24 07:05:37.950  1011  1189 I ASH     : @ 152790.143: tcs3701: stop power rail pending_off timer
11-24 07:05:37.950  1011  1189 D ASH     : @ 152790.143: tcs3701: start power rail timer, state:3
11-24 07:05:37.962  9398  6426 I BatteryMgr:DataCollectionService: stats => 1700805937962,12207,4444,9460,4169000,100
11-24 07:05:37.991  1011  1189 I ASH     : @ 152790.183: tcs3701: stop power rail pending_off timer
11-24 07:05:37.991  1011  1189 D ASH     : @ 152790.183: tcs3701: start power rail timer, state:3
11-24 07:05:38.030  1011  1189 I ASH     : @ 152790.223: tcs3701: stop power rail pending_off timer
11-24 07:05:38.030  1011  1189 D ASH     : @ 152790.223: tcs3701: start power rail timer, state:3
11-24 07:05:38.036  9398 18843 I BatteryMgr:DataCollectionService: stats => 1700805938036,12207,4444,9460,4169000,100
11-24 07:05:38.037  9398  6426 I BatteryMgr:DataCollectionService: stats => 1700805938037,12207,4444,9460,4169000,100
11-24 07:05:38.043  9398 18843 I BatteryMgr:DataCollectionService: stats => 1700805938043,12207,4444,9460,4169000,100
11-24 07:05:38.044  9398  5999 I BatteryMgr:DataCollectionService: stats => 1700805938044,12207,4444,9460,4169000,100
11-24 07:05:38.045  9398  6426 I BatteryMgr:DataCollectionService: stats => 1700805938045,12207,4444,9460,4169000,100
11-24 07:05:38.065  9398  6426 I BatteryMgr:DataCollectionService: stats => 1700805938065,12207,4444,9460,4169000,100
11-24 07:05:38.071  1011  1189 I ASH     : @ 152790.263: tcs3701: stop power rail pending_off timer
11-24 07:05:38.071  1011  1189 D ASH     : @ 152790.263: tcs3701: start power rail timer, state:3
11-24 07:05:38.110  1011  1189 I ASH     : @ 152790.303: tcs3701: stop power rail pending_off timer
11-24 07:05:38.110  1011  1189 D ASH     : @ 152790.303: tcs3701: start power rail timer, state:3
11-24 07:05:38.139  9398  5999 I BatteryMgr:DataCollectionService: stats => 1700805938139,12207,4444,9460,4169000,100
11-24 07:05:38.141  9398  6426 I BatteryMgr:DataCollectionService: stats => 1700805938141,12207,4444,9460,4169000,100
11-24 07:05:38.147  9398  5999 I BatteryMgr:DataCollectionService: stats => 1700805938147,12207,4444,9460,4169000,100
11-24 07:05:38.149  9398 18843 I BatteryMgr:DataCollectionService: stats => 1700805938149,12207,4444,9460,4169000,100
11-24 07:05:38.150  9398  6426 I BatteryMgr:DataCollectionService: stats => 1700805938150,12207,4444,9460,4169000,100
11-24 07:05:38.150  1795  2424 D WifiNetworkSelector: Current connected network: 12
11-24 07:05:38.150  1795  2424 V WifiConnectivityManager: No partial scan because firmware roaming is supported.
11-24 07:05:38.150  1795  2424 V WifiConnectivityManager: schedulePeriodicScanTimer intervalMs 20000
11-24 07:05:38.150  1011  1189 I ASH     : @ 152790.343: tcs3701: stop power rail pending_off timer
11-24 07:05:38.151  1011  1189 D ASH     : @ 152790.343: tcs3701: start power rail timer, state:3
11-24 07:05:38.169  9398  6426 I BatteryMgr:DataCollectionService: stats => 1700805938169,12207,4444,9460,4169000,100
11-24 07:05:38.190  1011  1189 I ASH     : @ 152790.383: tcs3701: stop power rail pending_off timer
11-24 07:05:38.190  1011  1189 D ASH     : @ 152790.383: tcs3701: start power rail timer, state:3
11-24 07:05:38.230  1011  1189 I ASH     : @ 152790.423: tcs3701: stop power rail pending_off timer
11-24 07:05:38.230  1011  1189 D ASH     : @ 152790.423: tcs3701: start power rail timer, state:3
11-24 07:05:38.244  9398 18843 I BatteryMgr:DataCollectionService: stats => 1700805938244,12207,4444,9460,4169000,100
11-24 07:05:38.245  9398  6426 I BatteryMgr:DataCollectionService: stats => 1700805938245,12207,4444,9460,4169000,100
11-24 07:05:38.253  9398  5999 I BatteryMgr:DataCollectionService: stats => 1700805938252,12207,4444,9460,4169000,100
11-24 07:05:38.255  9398 18843 I BatteryMgr:DataCollectionService: stats => 1700805938255,12207,4444,9460,4169000,100
11-24 07:05:38.256  9398  6426 I BatteryMgr:DataCollectionService: stats => 1700805938256,12207,4444,9460,4169000,100
11-24 07:05:38.271  1011  1189 I ASH     : @ 152790.463: tcs3701: stop power rail pending_off timer
11-24 07:05:38.271  1011  1189 D ASH     : @ 152790.463: tcs3701: start power rail timer, state:3
11-24 07:05:38.274  9398  6426 I BatteryMgr:DataCollectionService: stats => 1700805938274,12207,4444,9460,4169000,100
11-24 07:05:38.310  1011  1189 I ASH     : @ 152790.503: tcs3701: stop power rail pending_off timer
11-24 07:05:38.310  1011  1189 D ASH     : @ 152790.503: tcs3701: start power rail timer, state:3
11-24 07:05:38.348  9398 18843 I BatteryMgr:DataCollectionService: stats => 1700805938348,12207,4444,9460,4169000,100
11-24 07:05:38.349  9398  6426 I BatteryMgr:DataCollectionService: stats => 1700805938349,12207,4444,9460,4169000,100
11-24 07:05:38.351  1011  1189 I ASH     : @ 152790.543: tcs3701: stop power rail pending_off timer
11-24 07:05:38.351  1011  1189 D ASH     : @ 152790.543: tcs3701: start power rail timer, state:3
11-24 07:05:38.356  9398  6426 I BatteryMgr:DataCollectionService: stats => 1700805938356,12207,4444,9460,4169000,100
11-24 07:05:38.359  9398  5999 I BatteryMgr:DataCollectionService: stats => 1700805938359,12207,4444,9460,4169000,100
11-24 07:05:38.360  9398 18843 I BatteryMgr:DataCollectionService: stats => 1700805938359,12207,4444,9460,4169000,100
11-24 07:05:38.377  9398 18843 I BatteryMgr:DataCollectionService: stats => 1700805938377,12207,4444,9460,4169000,100
11-24 07:05:38.390  1011  1189 I ASH     : @ 152790.583: tcs3701: stop power rail pending_off timer
11-24 07:05:38.390  1011  1189 D ASH     : @ 152790.583: tcs3701: start power rail timer, state:3
11-24 07:05:38.405  1795  4168 D ActivityManager: freezer override set to true
11-24 07:05:38.409  1795  4168 D ActivityManager: freezer override set to false
11-24 07:05:38.430  1011  1189 I ASH     : @ 152790.623: tcs3701: stop power rail pending_off timer
11-24 07:05:38.430  1011  1189 D ASH     : @ 152790.623: tcs3701: start power rail timer, state:3
11-24 07:05:38.430  1795  2424 D WifiClientModeImpl[13802:wlan0]: updateLinkLayerStatsRssiSpeedFrequencyCapabilities rssi=-46 TxLinkspeed=866 freq=5240 RxLinkSpeed=6
11-24 07:05:38.431  1795  2424 D WifiDataStall: tx tput in kbps: 761132
11-24 07:05:38.431  1795  2424 D WifiDataStall: rx tput in kbps: 761132
11-24 07:05:38.431  1795  2424 V WifiConfigManager: Updating scan detail cache freq=5240 BSSID=f4:6d:2f:12:cc:88 RSSI=-45 for "ourhome"WPA_PSK
11-24 07:05:38.431  1795  2424 D WifiChannelUtilization:  freq: 5240 onTime: 4645997 busyTime: 472618 onTimeDiff: 1271205 busyTimeDiff: 156919 utilization: 31 utilization t0: 25
11-24 07:05:38.431  1795  2424 D WifiDataStall:  ccaLevel = 31
11-24 07:05:38.431  1795  2424 D WifiDataStall: L2 txTputKbps: 723076, rxTputKbps: 761132, L3 txTputKbps: 20, rxTputKbps: 1, TxTrafficHigh: false, RxTrafficHigh: false, Throughput Sufficient: true
11-24 07:05:38.431  2673  2739 V WifiManager: OnWifiUsabilityStatsListener: onWifiUsabilityStats: seqNum=43619
11-24 07:05:38.431  1795  2424 D WifiScoreReport: Wifi scoring disabled - Don't check IP layer
11-24 07:05:38.432  1795  2424 D WifiScoreCard: BSSID update SIGNAL_POLL ID: 1320464697 SSID: "ourhome", BSSID: f4:6d:2f:12:cc:88, MAC: b2:2f:ec:da:4a:0c, IP: /192.168.1.104, Security type: 2, Supplicant state: COMPLETED, Wi-Fi standard: 5, RSSI: -46, Link speed: 866Mbps, Tx Link speed: 866Mbps, Max Supported Tx Link speed: 866Mbps, Rx Link speed: 6Mbps, Max Supported Rx Link speed: 866Mbps, Frequency: 5240MHz, Net ID: 12, Metered hint: false, score: 60, isUsable: true, CarrierMerged: false, SubscriptionId: -1, IsPrimary: 1, Trusted: true, Restricted: false, Ephemeral: false, OEM paid: false, OEM private: false, OSU AP: false, FQDN: <none>, Provider friendly name: <none>, Requesting package name: <none>"ourhome"wpa2-pskMLO Information: , Is TID-To-Link negotiation supported by the AP: false, AP MLD Address: <none>, AP MLO Link Id: <none>, AP MLO Affiliated links: <none>
11-24 07:05:38.432  1795  2424 D WifiScoreCard: txRate: 3 txSpeed: 866
11-24 07:05:38.432  1795  2424 D WifiScoreCard: network update SIGNAL_POLL "ourhome" ID: 1499892569 RSSI -46 txSpeed -1
11-24 07:05:38.432  1795  4168 I WifiService: updateWifiUsabilityScore uid=10180 seqNum=43619 score=100 predictionHorizonSec=1441795
11-24 07:05:38.432  1795  2424 D WifiClientModeImpl[13802:wlan0]:  ClientModeImpl$L2ConnectedState screen=on 29 0 "ourhome" f4:6d:2f:12:cc:88 rssi=-46 f=5240 sc=60 link=866 tx=2.9, 0.0, 0.0 rx=2.8 bcn=1471805 [on:180 tx:2 rx:1 period:3011] from screen [on:36417 period:1180423] score=60
11-24 07:05:38.433  1795  2424 D WifiScoreReport: Wifi scoring disabled - Notify that Wifi is usable
11-24 07:05:38.436  1795  2432 D ConnectivityService: NetReassign [no changes] [c 0] [a 0] [i 1]
11-24 07:05:38.454  9398  5999 I BatteryMgr:DataCollectionService: stats => 1700805938454,12207,4444,9460,4169000,100
11-24 07:05:38.454  9398 18843 I BatteryMgr:DataCollectionService: stats => 1700805938454,12207,4444,9460,4169000,100
11-24 07:05:38.459  9398 18843 I BatteryMgr:DataCollectionService: stats => 1700805938459,12207,4444,9460,4169000,100
11-24 07:05:38.462  9398  6426 I BatteryMgr:DataCollectionService: stats => 1700805938462,12207,4444,9460,4169000,100
11-24 07:05:38.464  9398 18843 I BatteryMgr:DataCollectionService: stats => 1700805938464,12207,4444,9460,4169000,100
11-24 07:05:38.470  1011  1189 I ASH     : @ 152790.663: tcs3701: stop power rail pending_off timer
11-24 07:05:38.470  1011  1189 D ASH     : @ 152790.663: tcs3701: start power rail timer, state:3
11-24 07:05:38.477  1795  4168 D ActivityManager: freezer override set to true
11-24 07:05:38.481  9398 18843 I BatteryMgr:DataCollectionService: stats => 1700805938481,12207,4444,9460,4169000,100
11-24 07:05:38.510  1011  1189 I ASH     : @ 152790.703: tcs3701: stop power rail pending_off timer
11-24 07:05:38.510  1011  1189 D ASH     : @ 152790.703: tcs3701: start power rail timer, state:3
11-24 07:05:38.550  1011  1189 I ASH     : @ 152790.743: tcs3701: stop power rail pending_off timer
11-24 07:05:38.551  1011  1189 D ASH     : @ 152790.743: tcs3701: start power rail timer, state:3
11-24 07:05:38.558  9398  6426 I BatteryMgr:DataCollectionService: stats => 1700805938558,12207,4444,9460,4169000,100
11-24 07:05:38.559  9398 18843 I BatteryMgr:DataCollectionService: stats => 1700805938559,12207,4444,9460,4169000,100
11-24 07:05:38.562  9398 18843 I BatteryMgr:DataCollectionService: stats => 1700805938562,12207,4444,9460,4169000,100
11-24 07:05:38.564  9398 18843 I BatteryMgr:DataCollectionService: stats => 1700805938564,12207,4444,9460,4169000,100
11-24 07:05:38.568  9398  5999 I BatteryMgr:DataCollectionService: stats => 1700805938567,12207,4444,9460,4169000,100
11-24 07:05:38.586  9398  5999 I BatteryMgr:DataCollectionService: stats => 1700805938586,12207,4444,9460,4169000,100
11-24 07:05:38.590  1011  1189 I ASH     : @ 152790.783: tcs3701: stop power rail pending_off timer
11-24 07:05:38.590  1011  1189 D ASH     : @ 152790.783: tcs3701: start power rail timer, state:3
11-24 07:05:38.631  1011  1189 I ASH     : @ 152790.823: tcs3701: stop power rail pending_off timer
11-24 07:05:38.631  1011  1189 D ASH     : @ 152790.823: tcs3701: start power rail timer, state:3
11-24 07:05:38.660 18902 18916 I m.chrome.canary: Explicit concurrent copying GC freed 3901(207KB) AllocSpace objects, 4(80KB) LOS objects, 75% free, 12MB/49MB, paused 36us,25us total 55.824ms
11-24 07:05:38.664  9398  5999 I BatteryMgr:DataCollectionService: stats => 1700805938664,12207,4444,9460,4169000,100
11-24 07:05:38.666  9398 18843 I BatteryMgr:DataCollectionService: stats => 1700805938666,12207,4444,9460,4169000,100
11-24 07:05:38.668  9398  6426 I BatteryMgr:DataCollectionService: stats => 1700805938668,12207,4444,9460,4169000,100
11-24 07:05:38.670  9398  5999 I BatteryMgr:DataCollectionService: stats => 1700805938670,12207,4444,9460,4169000,100
11-24 07:05:38.671  1011  1189 I ASH     : @ 152790.863: tcs3701: stop power rail pending_off timer
11-24 07:05:38.671  1011  1189 D ASH     : @ 152790.863: tcs3701: start power rail timer, state:3
11-24 07:05:38.671  9398 18843 I BatteryMgr:DataCollectionService: stats => 1700805938671,12207,4444,9460,4169000,100
11-24 07:05:38.690  9398 18843 I BatteryMgr:DataCollectionService: stats => 1700805938690,12207,4444,9460,4169000,100
11-24 07:05:38.710  1011  1189 I ASH     : @ 152790.903: tcs3701: stop power rail pending_off timer
11-24 07:05:38.710  1011  1189 D ASH     : @ 152790.903: tcs3701: start power rail timer, state:3
11-24 07:05:38.717  1795  4168 D ActivityManager: freezer override set to false
11-24 07:05:38.749  1795  4168 D ActivityManager: freezer override set to true
11-24 07:05:38.751  1011  1189 I ASH     : @ 152790.943: tcs3701: stop power rail pending_off timer
11-24 07:05:38.751  1011  1189 D ASH     : @ 152790.943: tcs3701: start power rail timer, state:3
11-24 07:05:38.752  1795  4168 D ActivityManager: freezer override set to false
11-24 07:05:38.770  9398 18843 I BatteryMgr:DataCollectionService: stats => 1700805938770,12207,4444,9460,4169000,100
11-24 07:05:38.771  9398  5999 I BatteryMgr:DataCollectionService: stats => 1700805938771,12207,4444,9460,4169000,100
11-24 07:05:38.773  9398  6426 I BatteryMgr:DataCollectionService: stats => 1700805938773,12207,4444,9460,4169000,100
11-24 07:05:38.776  9398 18843 I BatteryMgr:DataCollectionService: stats => 1700805938776,12207,4444,9460,4169000,100
11-24 07:05:38.778  9398  5999 I BatteryMgr:DataCollectionService: stats => 1700805938778,12207,4444,9460,4169000,100
11-24 07:05:38.790  1011  1189 I ASH     : @ 152790.983: tcs3701: stop power rail pending_off timer
11-24 07:05:38.790  1011  1189 D ASH     : @ 152790.983: tcs3701: start power rail timer, state:3
11-24 07:05:38.794  9398  5999 I BatteryMgr:DataCollectionService: stats => 1700805938794,12207,4444,9460,4169000,100
11-24 07:05:38.830  1011  1189 I ASH     : @ 152791.023: tcs3701: stop power rail pending_off timer
11-24 07:05:38.830  1011  1189 D ASH     : @ 152791.023: tcs3701: start power rail timer, state:3
11-24 07:05:38.871  1011  1189 I ASH     : @ 152791.063: tcs3701: stop power rail pending_off timer
11-24 07:05:38.871  1011  1189 D ASH     : @ 152791.063: tcs3701: start power rail timer, state:3
11-24 07:05:38.874  9398  5999 I BatteryMgr:DataCollectionService: stats => 1700805938874,12207,4444,9460,4169000,100
11-24 07:05:38.875  9398 18843 I BatteryMgr:DataCollectionService: stats => 1700805938875,12207,4444,9460,4169000,100
11-24 07:05:38.877  9398  6426 I BatteryMgr:DataCollectionService: stats => 1700805938877,12207,4444,9460,4169000,100
11-24 07:05:38.880  9398 18843 I BatteryMgr:DataCollectionService: stats => 1700805938880,12207,4444,9460,4169000,100
11-24 07:05:38.881  9398  6426 I BatteryMgr:DataCollectionService: stats => 1700805938881,12207,4444,9460,4169000,100
11-24 07:05:38.897  9398  6426 I BatteryMgr:DataCollectionService: stats => 1700805938897,12207,4444,9460,4169000,100
11-24 07:05:38.910  1011  1189 I ASH     : @ 152791.103: tcs3701: stop power rail pending_off timer
11-24 07:05:38.910  1011  1189 D ASH     : @ 152791.103: tcs3701: start power rail timer, state:3
11-24 07:05:38.951  1011  1189 I ASH     : @ 152791.143: tcs3701: stop power rail pending_off timer
11-24 07:05:38.951  1011  1189 D ASH     : @ 152791.143: tcs3701: start power rail timer, state:3
11-24 07:05:38.980  9398 18843 I BatteryMgr:DataCollectionService: stats => 1700805938980,12207,4444,9460,4169000,100
11-24 07:05:38.980  9398  6426 I BatteryMgr:DataCollectionService: stats => 1700805938980,12207,4444,9460,4169000,100
11-24 07:05:38.982  9398  5999 I BatteryMgr:DataCollectionService: stats => 1700805938982,12207,4444,9460,4169000,100
11-24 07:05:38.984  9398  6426 I BatteryMgr:DataCollectionService: stats => 1700805938984,12207,4444,9460,4169000,100
11-24 07:05:38.984  9398 18843 I BatteryMgr:DataCollectionService: stats => 1700805938984,12207,4444,9460,4169000,100
11-24 07:05:38.990  1011  1189 I ASH     : @ 152791.183: tcs3701: stop power rail pending_off timer
11-24 07:05:38.990  1011  1189 D ASH     : @ 152791.183: tcs3701: start power rail timer, state:3
11-24 07:05:39.001  9398 18843 I BatteryMgr:DataCollectionService: stats => 1700805939001,12207,4444,9460,4169000,100
11-24 07:05:39.031  1011  1189 I ASH     : @ 152791.223: tcs3701: stop power rail pending_off timer
11-24 07:05:39.031  1011  1189 D ASH     : @ 152791.223: tcs3701: start power rail timer, state:3
11-24 07:05:39.070  1011  1189 I ASH     : @ 152791.263: tcs3701: stop power rail pending_off timer
11-24 07:05:39.070  1011  1189 D ASH     : @ 152791.263: tcs3701: start power rail timer, state:3
11-24 07:05:39.088  9398 18842 I BatteryMgr:DataCollectionService: stats => 1700805939088,12207,4444,9460,4169000,100
11-24 07:05:39.088  9398 18843 I BatteryMgr:DataCollectionService: stats => 1700805939088,12207,4444,9460,4169000,100
11-24 07:05:39.089  9398  6426 I BatteryMgr:DataCollectionService: stats => 1700805939089,12207,4444,9460,4169000,100
11-24 07:05:39.090  9398  5999 I BatteryMgr:DataCollectionService: stats => 1700805939090,12207,4444,9460,4169000,100
11-24 07:05:39.091  9398  9433 I BatteryMgr:DataCollectionService: stats => 1700805939091,12207,4444,9460,4169000,100
11-24 07:05:39.104  9398  9433 I BatteryMgr:DataCollectionService: stats => 1700805939104,12207,4444,9460,4169000,100
11-24 07:05:39.111  1011  1189 I ASH     : @ 152791.303: tcs3701: stop power rail pending_off timer
11-24 07:05:39.111  1011  1189 D ASH     : @ 152791.303: tcs3701: start power rail timer, state:3
11-24 07:05:39.150  1011  1189 I ASH     : @ 152791.343: tcs3701: stop power rail pending_off timer
11-24 07:05:39.151  1011  1189 D ASH     : @ 152791.343: tcs3701: start power rail timer, state:3
11-24 07:05:39.191  1011  1189 I ASH     : @ 152791.383: tcs3701: stop power rail pending_off timer
11-24 07:05:39.191  1011  1189 D ASH     : @ 152791.383: tcs3701: start power rail timer, state:3
11-24 07:05:39.195  9398  5999 I BatteryMgr:DataCollectionService: stats => 1700805939195,12207,4444,9460,4169000,100
11-24 07:05:39.196  9398  6426 I BatteryMgr:DataCollectionService: stats => 1700805939196,12207,4444,9460,4169000,100
11-24 07:05:39.197  9398 18843 I BatteryMgr:DataCollectionService: stats => 1700805939197,12207,4444,9460,4169000,100
11-24 07:05:39.198  9398  9433 I BatteryMgr:DataCollectionService: stats => 1700805939198,12207,4444,9460,4169000,100
11-24 07:05:39.199  9398 18842 I BatteryMgr:DataCollectionService: stats => 1700805939199,12207,4444,9460,4169000,100
11-24 07:05:39.208  9398 18842 I BatteryMgr:DataCollectionService: stats => 1700805939208,12207,4444,9460,4169000,100
11-24 07:05:39.230  1011  1189 I ASH     : @ 152791.423: tcs3701: stop power rail pending_off timer
11-24 07:05:39.230  1011  1189 D ASH     : @ 152791.423: tcs3701: start power rail timer, state:3
11-24 07:05:39.270  1011  1189 I ASH     : @ 152791.463: tcs3701: stop power rail pending_off timer
11-24 07:05:39.271  1011  1189 D ASH     : @ 152791.463: tcs3701: start power rail timer, state:3
11-24 07:05:39.302  9398 18843 I BatteryMgr:DataCollectionService: stats => 1700805939301,12207,4444,9460,4169000,100
11-24 07:05:39.303  9398  6426 I BatteryMgr:DataCollectionService: stats => 1700805939303,12207,4444,9460,4169000,100
11-24 07:05:39.304  9398  5999 I BatteryMgr:DataCollectionService: stats => 1700805939304,12207,4444,9460,4169000,100
11-24 07:05:39.305  9398  9433 I BatteryMgr:DataCollectionService: stats => 1700805939305,12207,4444,9460,4169000,100
11-24 07:05:39.307  9398 18842 I BatteryMgr:DataCollectionService: stats => 1700805939307,12207,4444,9460,4169000,100
11-24 07:05:39.310  1011  1189 I ASH     : @ 152791.503: tcs3701: stop power rail pending_off timer
11-24 07:05:39.310  1011  1189 D ASH     : @ 152791.503: tcs3701: start power rail timer, state:3
11-24 07:05:39.312  9398 18842 I BatteryMgr:DataCollectionService: stats => 1700805939311,12207,4444,9460,4169000,100
11-24 07:05:39.351  1011  1189 I ASH     : @ 152791.543: tcs3701: stop power rail pending_off timer
11-24 07:05:39.351  1011  1189 D ASH     : @ 152791.543: tcs3701: start power rail timer, state:3
11-24 07:05:39.390  1011  1189 I ASH     : @ 152791.583: tcs3701: stop power rail pending_off timer
11-24 07:05:39.390  1011  1189 D ASH     : @ 152791.583: tcs3701: start power rail timer, state:3
11-24 07:05:39.397  1795  4168 D ActivityManager: freezer override set to true
11-24 07:05:39.401  1795  4168 D ActivityManager: freezer override set to false
11-24 07:05:39.406  9398 18842 I BatteryMgr:DataCollectionService: stats => 1700805939406,12207,4444,9460,4169000,100
11-24 07:05:39.408  9398  6426 I BatteryMgr:DataCollectionService: stats => 1700805939407,12207,4444,9460,4169000,100
11-24 07:05:39.413  9398  9433 I BatteryMgr:DataCollectionService: stats => 1700805939413,12207,4444,9460,4169000,100
11-24 07:05:39.413  9398  5999 I BatteryMgr:DataCollectionService: stats => 1700805939413,12207,4444,9460,4169000,100
11-24 07:05:39.415  9398 18842 I BatteryMgr:DataCollectionService: stats => 1700805939415,12207,4444,9460,4169000,100
11-24 07:05:39.415  9398  6426 I BatteryMgr:DataCollectionService: stats => 1700805939415,12207,4444,9460,4169000,100
11-24 07:05:39.430  1011  1189 I ASH     : @ 152791.623: tcs3701: stop power rail pending_off timer
11-24 07:05:39.430  1011  1189 D ASH     : @ 152791.623: tcs3701: start power rail timer, state:3
11-24 07:05:39.470  1011  1189 I ASH     : @ 152791.663: tcs3701: stop power rail pending_off timer
11-24 07:05:39.471  1011  1189 D ASH     : @ 152791.663: tcs3701: start power rail timer, state:3
11-24 07:05:39.510  1011  1189 I ASH     : @ 152791.703: tcs3701: stop power rail pending_off timer
11-24 07:05:39.510  1011  1189 D ASH     : @ 152791.703: tcs3701: start power rail timer, state:3
11-24 07:05:39.511  9398  6426 I BatteryMgr:DataCollectionService: stats => 1700805939511,12207,4444,9460,4169000,100
11-24 07:05:39.513  9398 18842 I BatteryMgr:DataCollectionService: stats => 1700805939513,12207,4444,9460,4169000,100
11-24 07:05:39.518  9398  5999 I BatteryMgr:DataCollectionService: stats => 1700805939518,12207,4444,9460,4169000,100
11-24 07:05:39.519  9398  9433 I BatteryMgr:DataCollectionService: stats => 1700805939519,12207,4444,9460,4169000,100
11-24 07:05:39.521  9398 18842 I BatteryMgr:DataCollectionService: stats => 1700805939521,12207,4444,9460,4169000,100
11-24 07:05:39.522  9398  6426 I BatteryMgr:DataCollectionService: stats => 1700805939522,12207,4444,9460,4169000,100
11-24 07:05:39.551  1011  1189 I ASH     : @ 152791.743: tcs3701: stop power rail pending_off timer
11-24 07:05:39.551  1011  1189 D ASH     : @ 152791.743: tcs3701: start power rail timer, state:3
11-24 07:05:39.590  1011  1189 I ASH     : @ 152791.783: tcs3701: stop power rail pending_off timer
11-24 07:05:39.590  1011  1189 D ASH     : @ 152791.783: tcs3701: start power rail timer, state:3
11-24 07:05:39.615  9398  6426 I BatteryMgr:DataCollectionService: stats => 1700805939615,12207,4444,9460,4169000,100
11-24 07:05:39.617  9398 18842 I BatteryMgr:DataCollectionService: stats => 1700805939617,12207,4444,9460,4169000,100
11-24 07:05:39.625  9398 18842 I BatteryMgr:DataCollectionService: stats => 1700805939625,12207,4444,9460,4169000,100
11-24 07:05:39.625  9398  6426 I BatteryMgr:DataCollectionService: stats => 1700805939625,12207,4444,9460,4169000,100
11-24 07:05:39.625  9398  5999 I BatteryMgr:DataCollectionService: stats => 1700805939625,12207,4444,9460,4169000,100
11-24 07:05:39.625  9398  9433 I BatteryMgr:DataCollectionService: stats => 1700805939625,12207,4444,9460,4169000,100
11-24 07:05:39.630  1011  1189 I ASH     : @ 152791.823: tcs3701: stop power rail pending_off timer
11-24 07:05:39.630  1011  1189 D ASH     : @ 152791.823: tcs3701: start power rail timer, state:3
11-24 07:05:39.670  1011  1189 I ASH     : @ 152791.863: tcs3701: stop power rail pending_off timer
11-24 07:05:39.671  1011  1189 D ASH     : @ 152791.863: tcs3701: start power rail timer, state:3
11-24 07:05:39.710  1011  1189 I ASH     : @ 152791.903: tcs3701: stop power rail pending_off timer
11-24 07:05:39.710  1011  1189 D ASH     : @ 152791.903: tcs3701: start power rail timer, state:3
11-24 07:05:39.718  9398  9433 I BatteryMgr:DataCollectionService: stats => 1700805939718,12207,4444,9460,4169000,100
11-24 07:05:39.719  9398  5999 I BatteryMgr:DataCollectionService: stats => 1700805939719,12207,4444,9460,4169000,100
11-24 07:05:39.728  9398  5999 I BatteryMgr:DataCollectionService: stats => 1700805939728,12207,4444,9460,4169000,100
11-24 07:05:39.728  9398 18842 I BatteryMgr:DataCollectionService: stats => 1700805939728,12207,4444,9460,4169000,100
11-24 07:05:39.728  9398  9433 I BatteryMgr:DataCollectionService: stats => 1700805939728,12207,4444,9460,4169000,100
11-24 07:05:39.728  9398  6426 I BatteryMgr:DataCollectionService: stats => 1700805939728,12207,4444,9460,4169000,100
11-24 07:05:39.750  1011  1189 I ASH     : @ 152791.943: tcs3701: stop power rail pending_off timer
11-24 07:05:39.750  1011  1189 D ASH     : @ 152791.943: tcs3701: start power rail timer, state:3
11-24 07:05:39.790  1011  1189 I ASH     : @ 152791.983: tcs3701: stop power rail pending_off timer
11-24 07:05:39.790  1011  1189 D ASH     : @ 152791.983: tcs3701: start power rail timer, state:3
11-24 07:05:39.824  9398  5999 I BatteryMgr:DataCollectionService: stats => 1700805939824,12207,4444,9460,4169000,100
11-24 07:05:39.824  9398  6426 I BatteryMgr:DataCollectionService: stats => 1700805939824,12207,4444,9460,4169000,100
11-24 07:05:39.830  1011  1189 I ASH     : @ 152792.023: tcs3701: stop power rail pending_off timer
11-24 07:05:39.830  1011  1189 D ASH     : @ 152792.023: tcs3701: start power rail timer, state:3
11-24 07:05:39.837  9398  9433 I BatteryMgr:DataCollectionService: stats => 1700805939837,12207,4444,9460,4169000,100
11-24 07:05:39.838  9398 18842 I BatteryMgr:DataCollectionService: stats => 1700805939838,12207,4444,9460,4169000,100
11-24 07:05:39.839  9398  5999 I BatteryMgr:DataCollectionService: stats => 1700805939839,12207,4444,9460,4169000,100
11-24 07:05:39.840  9398  6426 I BatteryMgr:DataCollectionService: stats => 1700805939840,12207,4444,9460,4169000,100
11-24 07:05:39.867  1795  4167 D ActivityManager: freezer override set to true
11-24 07:05:39.870  1011  1189 I ASH     : @ 152792.063: tcs3701: stop power rail pending_off timer
11-24 07:05:39.870  1011  1189 D ASH     : @ 152792.063: tcs3701: start power rail timer, state:3
11-24 07:05:39.912  1011  1189 I ASH     : @ 152792.103: tcs3701: stop power rail pending_off timer
11-24 07:05:39.912  1011  1189 D ASH     : @ 152792.103: tcs3701: start power rail timer, state:3
11-24 07:05:39.929  9398  5999 I BatteryMgr:DataCollectionService: stats => 1700805939929,12207,4444,9460,4169000,100
11-24 07:05:39.930  9398  6426 I BatteryMgr:DataCollectionService: stats => 1700805939930,12207,4444,9460,4169000,100
11-24 07:05:39.946 18902 18916 I m.chrome.canary: Explicit concurrent copying GC freed 3653(192KB) AllocSpace objects, 3(60KB) LOS objects, 75% free, 12MB/49MB, paused 28us,21us total 40.099ms
11-24 07:05:39.946  9398  6426 I BatteryMgr:DataCollectionService: stats => 1700805939946,12207,4444,9460,4169000,100
11-24 07:05:39.948  9398  5999 I BatteryMgr:DataCollectionService: stats => 1700805939948,12207,4444,9460,4169000,100
11-24 07:05:39.949  9398  9433 I BatteryMgr:DataCollectionService: stats => 1700805939949,12207,4444,9460,4169000,100
11-24 07:05:39.949  9398 18842 I BatteryMgr:DataCollectionService: stats => 1700805939949,12207,4444,9460,4169000,100
11-24 07:05:39.950  1011  1189 I ASH     : @ 152792.143: tcs3701: stop power rail pending_off timer
11-24 07:05:39.950  1011  1189 D ASH     : @ 152792.143: tcs3701: start power rail timer, state:3
11-24 07:05:39.990  1011  1189 I ASH     : @ 152792.183: tcs3701: stop power rail pending_off timer
11-24 07:05:39.991  1011  1189 D ASH     : @ 152792.183: tcs3701: start power rail timer, state:3
11-24 07:05:39.995  1795  4167 D ActivityManager: freezer override set to false
11-24 07:05:40.030  1011  1189 I ASH     : @ 152792.223: tcs3701: stop power rail pending_off timer
11-24 07:05:40.030  1011  1189 D ASH     : @ 152792.223: tcs3701: start power rail timer, state:3
11-24 07:05:40.033  9398 18842 I BatteryMgr:DataCollectionService: stats => 1700805940033,12207,4444,9460,4169000,100
11-24 07:05:40.034  9398  9433 I BatteryMgr:DataCollectionService: stats => 1700805940034,12207,4444,9460,4169000,100
11-24 07:05:40.040  1795  4168 D ActivityManager: freezer override set to true
11-24 07:05:40.042  1795  4168 D ActivityManager: freezer override set to false
11-24 07:05:40.051  9398  9433 I BatteryMgr:DataCollectionService: stats => 1700805940051,12207,4444,9460,4169000,100
11-24 07:05:40.052  9398 18842 I BatteryMgr:DataCollectionService: stats => 1700805940051,12207,4444,9460,4169000,100
11-24 07:05:40.052  9398  5999 I BatteryMgr:DataCollectionService: stats => 1700805940052,12207,4444,9460,4169000,100
11-24 07:05:40.053  9398  6426 I BatteryMgr:DataCollectionService: stats => 1700805940053,12207,4444,9460,4169000,100
11-24 07:05:40.070  1011  1189 I ASH     : @ 152792.263: tcs3701: stop power rail pending_off timer
11-24 07:05:40.070  1011  1189 D ASH     : @ 152792.263: tcs3701: start power rail timer, state:3
11-24 07:05:40.111  1011  1189 I ASH     : @ 152792.303: tcs3701: stop power rail pending_off timer
11-24 07:05:40.111  1011  1189 D ASH     : @ 152792.303: tcs3701: start power rail timer, state:3
11-24 07:05:40.137  9398  6426 I BatteryMgr:DataCollectionService: stats => 1700805940137,12207,4444,9460,4169000,100
11-24 07:05:40.138  9398  5999 I BatteryMgr:DataCollectionService: stats => 1700805940138,12207,4444,9460,4169000,100
11-24 07:05:40.151  1011  1189 I ASH     : @ 152792.343: tcs3701: stop power rail pending_off timer
11-24 07:05:40.151  1011  1189 D ASH     : @ 152792.343: tcs3701: start power rail timer, state:3
11-24 07:05:40.155  9398 18842 I BatteryMgr:DataCollectionService: stats => 1700805940155,12207,4444,9460,4169000,100
11-24 07:05:40.157  9398  6426 I BatteryMgr:DataCollectionService: stats => 1700805940157,12207,4444,9460,4169000,100
11-24 07:05:40.158  9398  9433 I BatteryMgr:DataCollectionService: stats => 1700805940158,12207,4444,9460,4169000,100
11-24 07:05:40.159  9398  5999 I BatteryMgr:DataCollectionService: stats => 1700805940159,12207,4444,9460,4169000,100
11-24 07:05:40.190  1011  1189 I ASH     : @ 152792.383: tcs3701: stop power rail pending_off timer
11-24 07:05:40.190  1011  1189 D ASH     : @ 152792.383: tcs3701: start power rail timer, state:3
11-24 07:05:40.230  1011  1189 I ASH     : @ 152792.423: tcs3701: stop power rail pending_off timer
11-24 07:05:40.230  1011  1189 D ASH     : @ 152792.423: tcs3701: start power rail timer, state:3
11-24 07:05:40.242  9398  9433 I BatteryMgr:DataCollectionService: stats => 1700805940242,12207,4444,9460,4169000,100
11-24 07:05:40.243  9398  5999 I BatteryMgr:DataCollectionService: stats => 1700805940243,12207,4444,9460,4169000,100
11-24 07:05:40.263  9398  9433 I BatteryMgr:DataCollectionService: stats => 1700805940263,12207,4444,9460,4169000,100
11-24 07:05:40.264  9398  6426 I BatteryMgr:DataCollectionService: stats => 1700805940264,12207,4444,9460,4169000,100
11-24 07:05:40.265  9398 18842 I BatteryMgr:DataCollectionService: stats => 1700805940265,12207,4444,9460,4169000,100
11-24 07:05:40.266  9398  5999 I BatteryMgr:DataCollectionService: stats => 1700805940266,12207,4444,9460,4169000,100
11-24 07:05:40.270  1011  1189 I ASH     : @ 152792.463: tcs3701: stop power rail pending_off timer
11-24 07:05:40.271  1011  1189 D ASH     : @ 152792.463: tcs3701: start power rail timer, state:3
11-24 07:05:40.311  1011  1189 I ASH     : @ 152792.503: tcs3701: stop power rail pending_off timer
11-24 07:05:40.311  1011  1189 D ASH     : @ 152792.503: tcs3701: start power rail timer, state:3
11-24 07:05:40.346  9398 18842 I BatteryMgr:DataCollectionService: stats => 1700805940346,12207,4444,9460,4169000,100
11-24 07:05:40.347  9398  5999 I BatteryMgr:DataCollectionService: stats => 1700805940347,12207,4444,9460,4169000,100
11-24 07:05:40.351  1011  1189 I ASH     : @ 152792.543: tcs3701: stop power rail pending_off timer
11-24 07:05:40.351  1011  1189 D ASH     : @ 152792.543: tcs3701: start power rail timer, state:3
11-24 07:05:40.368  9398 18842 I BatteryMgr:DataCollectionService: stats => 1700805940368,12207,4444,9460,4169000,100
11-24 07:05:40.371  9398  5999 I BatteryMgr:DataCollectionService: stats => 1700805940371,12207,4444,9460,4169000,100
11-24 07:05:40.372  9398  9433 I BatteryMgr:DataCollectionService: stats => 1700805940372,12207,4444,9460,4169000,100
11-24 07:05:40.373  9398  6426 I BatteryMgr:DataCollectionService: stats => 1700805940373,12207,4444,9460,4169000,100
11-24 07:05:40.390  1011  1189 I ASH     : @ 152792.583: tcs3701: stop power rail pending_off timer
11-24 07:05:40.390  1011  1189 D ASH     : @ 152792.583: tcs3701: start power rail timer, state:3
11-24 07:05:40.395  1795  3613 D ActivityManager: freezer override set to true
11-24 07:05:40.398  1795  3613 D ActivityManager: freezer override set to false
11-24 07:05:40.430  1011  1189 I ASH     : @ 152792.623: tcs3701: stop power rail pending_off timer
11-24 07:05:40.430  1011  1189 D ASH     : @ 152792.623: tcs3701: start power rail timer, state:3
11-24 07:05:40.451  9398  6426 I BatteryMgr:DataCollectionService: stats => 1700805940451,12207,4444,9460,4169000,100
11-24 07:05:40.451  9398  9433 I BatteryMgr:DataCollectionService: stats => 1700805940451,12207,4444,9460,4169000,100
11-24 07:05:40.470  1011  1189 I ASH     : @ 152792.663: tcs3701: stop power rail pending_off timer
11-24 07:05:40.470  1011  1189 D ASH     : @ 152792.663: tcs3701: start power rail timer, state:3
11-24 07:05:40.472  9398  9433 I BatteryMgr:DataCollectionService: stats => 1700805940472,12207,4444,9460,4169000,100
11-24 07:05:40.477  9398  6426 I BatteryMgr:DataCollectionService: stats => 1700805940477,12207,4444,9460,4169000,100
11-24 07:05:40.478  9398  9433 I BatteryMgr:DataCollectionService: stats => 1700805940478,12207,4444,9460,4169000,100
11-24 07:05:40.478  9398 18842 I BatteryMgr:DataCollectionService: stats => 1700805940478,12207,4444,9460,4169000,100
11-24 07:05:40.510  1011  1189 I ASH     : @ 152792.703: tcs3701: stop power rail pending_off timer
11-24 07:05:40.510  1011  1189 D ASH     : @ 152792.703: tcs3701: start power rail timer, state:3
11-24 07:05:40.550  1011  1189 I ASH     : @ 152792.743: tcs3701: stop power rail pending_off timer
11-24 07:05:40.551  1011  1189 D ASH     : @ 152792.743: tcs3701: start power rail timer, state:3
11-24 07:05:40.555  9398 18842 I BatteryMgr:DataCollectionService: stats => 1700805940555,12207,4444,9460,4169000,100
11-24 07:05:40.556  9398  9433 I BatteryMgr:DataCollectionService: stats => 1700805940556,12207,4444,9460,4169000,100
11-24 07:05:40.575  9398  9433 I BatteryMgr:DataCollectionService: stats => 1700805940575,12207,4444,9460,4169000,100
11-24 07:05:40.582  9398  9433 I BatteryMgr:DataCollectionService: stats => 1700805940582,12207,4444,9460,4169000,100
11-24 07:05:40.583  9398 18842 I BatteryMgr:DataCollectionService: stats => 1700805940583,12207,4444,9460,4169000,100
11-24 07:05:40.584  9398  6426 I BatteryMgr:DataCollectionService: stats => 1700805940584,12207,4444,9460,4169000,100
11-24 07:05:40.590  1011  1189 I ASH     : @ 152792.783: tcs3701: stop power rail pending_off timer
11-24 07:05:40.590  1011  1189 D ASH     : @ 152792.783: tcs3701: start power rail timer, state:3
11-24 07:05:40.631  1011  1189 I ASH     : @ 152792.823: tcs3701: stop power rail pending_off timer
11-24 07:05:40.631  1011  1189 D ASH     : @ 152792.823: tcs3701: start power rail timer, state:3
11-24 07:05:40.660  9398  6426 I BatteryMgr:DataCollectionService: stats => 1700805940660,12207,4444,9460,4169000,100
11-24 07:05:40.660  9398 18842 I BatteryMgr:DataCollectionService: stats => 1700805940660,12207,4444,9460,4169000,100
11-24 07:05:40.670  1011  1189 I ASH     : @ 152792.863: tcs3701: stop power rail pending_off timer
11-24 07:05:40.670  1011  1189 D ASH     : @ 152792.863: tcs3701: start power rail timer, state:3
11-24 07:05:40.679  9398 18842 I BatteryMgr:DataCollectionService: stats => 1700805940679,12207,4444,9460,4169000,100
11-24 07:05:40.690  9398 18842 I BatteryMgr:DataCollectionService: stats => 1700805940690,12207,4444,9460,4169000,100
11-24 07:05:40.690  9398  6426 I BatteryMgr:DataCollectionService: stats => 1700805940690,12207,4444,9460,4169000,100
11-24 07:05:40.691  9398  9433 I BatteryMgr:DataCollectionService: stats => 1700805940691,12207,4444,9460,4169000,100
11-24 07:05:40.710  1011  1189 I ASH     : @ 152792.903: tcs3701: stop power rail pending_off timer
11-24 07:05:40.710  1011  1189 D ASH     : @ 152792.903: tcs3701: start power rail timer, state:3
11-24 07:05:40.751  1011  1189 I ASH     : @ 152792.943: tcs3701: stop power rail pending_off timer
11-24 07:05:40.751  1011  1189 D ASH     : @ 152792.943: tcs3701: start power rail timer, state:3
11-24 07:05:40.765  9398  6426 I BatteryMgr:DataCollectionService: stats => 1700805940765,12207,4444,9460,4169000,100
11-24 07:05:40.765  9398  9433 I BatteryMgr:DataCollectionService: stats => 1700805940765,12207,4444,9460,4169000,100
11-24 07:05:40.782  9398  6426 I BatteryMgr:DataCollectionService: stats => 1700805940782,12207,4444,9460,4169000,100
11-24 07:05:40.790  1011  1189 I ASH     : @ 152792.983: tcs3701: stop power rail pending_off timer
11-24 07:05:40.791  1011  1189 D ASH     : @ 152792.983: tcs3701: start power rail timer, state:3
11-24 07:05:40.795  9398 18842 I BatteryMgr:DataCollectionService: stats => 1700805940795,12207,4444,9460,4169000,100
11-24 07:05:40.795  9398  6426 I BatteryMgr:DataCollectionService: stats => 1700805940795,12207,4444,9460,4169000,100
11-24 07:05:40.797  9398  9433 I BatteryMgr:DataCollectionService: stats => 1700805940797,12207,4444,9460,4169000,100
11-24 07:05:40.831  1011  1189 I ASH     : @ 152793.023: tcs3701: stop power rail pending_off timer
11-24 07:05:40.831  1011  1189 D ASH     : @ 152793.023: tcs3701: start power rail timer, state:3
11-24 07:05:40.870  1011  1189 I ASH     : @ 152793.063: tcs3701: stop power rail pending_off timer
11-24 07:05:40.870  1011  1189 D ASH     : @ 152793.063: tcs3701: start power rail timer, state:3
11-24 07:05:40.871  9398  6426 I BatteryMgr:DataCollectionService: stats => 1700805940871,12207,4444,9460,4169000,100
11-24 07:05:40.871  9398  9433 I BatteryMgr:DataCollectionService: stats => 1700805940871,12207,4444,9460,4169000,100
11-24 07:05:40.887  9398  9433 I BatteryMgr:DataCollectionService: stats => 1700805940887,12207,4444,9460,4169000,100
11-24 07:05:40.900  9398  6426 I BatteryMgr:DataCollectionService: stats => 1700805940900,12207,4444,9460,4169000,100
11-24 07:05:40.901  9398 18842 I BatteryMgr:DataCollectionService: stats => 1700805940901,12207,4444,9460,4169000,100
11-24 07:05:40.902  9398  9433 I BatteryMgr:DataCollectionService: stats => 1700805940902,12207,4444,9460,4169000,100
11-24 07:05:40.911  1011  1189 I ASH     : @ 152793.103: tcs3701: stop power rail pending_off timer
11-24 07:05:40.911  1011  1189 D ASH     : @ 152793.103: tcs3701: start power rail timer, state:3
11-24 07:05:40.951  1011  1189 I ASH     : @ 152793.143: tcs3701: stop power rail pending_off timer
11-24 07:05:40.951  1011  1189 D ASH     : @ 152793.143: tcs3701: start power rail timer, state:3
11-24 07:05:40.976  9398  6426 I BatteryMgr:DataCollectionService: stats => 1700805940976,12207,4444,9460,4169000,100
11-24 07:05:40.976  9398 18842 I BatteryMgr:DataCollectionService: stats => 1700805940976,12207,4444,9460,4169000,100
11-24 07:05:40.991  1011  1189 I ASH     : @ 152793.183: tcs3701: stop power rail pending_off timer
11-24 07:05:40.991  1011  1189 D ASH     : @ 152793.183: tcs3701: start power rail timer, state:3
11-24 07:05:40.992  9398  6426 I BatteryMgr:DataCollectionService: stats => 1700805940992,12207,4444,9460,4169000,100
11-24 07:05:41.005  9398  5999 I BatteryMgr:DataCollectionService: stats => 1700805941005,12207,4444,9460,4169000,100
11-24 07:05:41.007  9398 18842 I BatteryMgr:DataCollectionService: stats => 1700805941007,12207,4444,9460,4169000,100
11-24 07:05:41.009  9398  6426 I BatteryMgr:DataCollectionService: stats => 1700805941009,12207,4444,9460,4169000,100
11-24 07:05:41.031  1011  1189 I ASH     : @ 152793.223: tcs3701: stop power rail pending_off timer
11-24 07:05:41.031  1011  1189 D ASH     : @ 152793.223: tcs3701: start power rail timer, state:3
11-24 07:05:41.071  1011  1189 I ASH     : @ 152793.263: tcs3701: stop power rail pending_off timer
11-24 07:05:41.071  1011  1189 D ASH     : @ 152793.263: tcs3701: start power rail timer, state:3
11-24 07:05:41.082  9398 18842 I BatteryMgr:DataCollectionService: stats => 1700805941082,12207,4444,9460,4169000,100
11-24 07:05:41.083  9398  6426 I BatteryMgr:DataCollectionService: stats => 1700805941083,12207,4444,9460,4169000,100
11-24 07:05:41.098  9398  6426 I BatteryMgr:DataCollectionService: stats => 1700805941098,12207,4444,9460,4169000,100
11-24 07:05:41.110  1011  1189 I ASH     : @ 152793.303: tcs3701: stop power rail pending_off timer
11-24 07:05:41.110  1011  1189 D ASH     : @ 152793.303: tcs3701: start power rail timer, state:3
11-24 07:05:41.111  9398 18842 I BatteryMgr:DataCollectionService: stats => 1700805941111,12207,4444,9460,4169000,100
11-24 07:05:41.112  9398  9433 I BatteryMgr:DataCollectionService: stats => 1700805941112,12207,4444,9460,4169000,100
11-24 07:05:41.116  9398  6426 I BatteryMgr:DataCollectionService: stats => 1700805941116,12207,4444,9460,4169000,100
11-24 07:05:41.151  1011  1189 I ASH     : @ 152793.343: tcs3701: stop power rail pending_off timer
11-24 07:05:41.151  1011  1189 D ASH     : @ 152793.343: tcs3701: start power rail timer, state:3
11-24 07:05:41.170  1795  3613 D ActivityManager: freezer override set to true
11-24 07:05:41.188  9398  9433 I BatteryMgr:DataCollectionService: stats => 1700805941188,12207,4444,9460,4169000,100
11-24 07:05:41.188  9398  6426 I BatteryMgr:DataCollectionService: stats => 1700805941188,12207,4444,9460,4169000,100
11-24 07:05:41.190  1011  1189 I ASH     : @ 152793.383: tcs3701: stop power rail pending_off timer
11-24 07:05:41.190  1011  1189 D ASH     : @ 152793.383: tcs3701: start power rail timer, state:3
11-24 07:05:41.202  9398  6426 I BatteryMgr:DataCollectionService: stats => 1700805941202,12207,4444,9460,4169000,100
11-24 07:05:41.216  9398  9433 I BatteryMgr:DataCollectionService: stats => 1700805941216,12207,4444,9460,4169000,100
11-24 07:05:41.217  9398  6426 I BatteryMgr:DataCollectionService: stats => 1700805941217,12207,4444,9460,4169000,100
11-24 07:05:41.219  9398  9433 I BatteryMgr:DataCollectionService: stats => 1700805941219,12207,4444,9460,4169000,100
11-24 07:05:41.231  1011  1189 I ASH     : @ 152793.423: tcs3701: stop power rail pending_off timer
11-24 07:05:41.231  1011  1189 D ASH     : @ 152793.423: tcs3701: start power rail timer, state:3
11-24 07:05:41.271  1011  1189 I ASH     : @ 152793.463: tcs3701: stop power rail pending_off timer
11-24 07:05:41.271  1011  1189 D ASH     : @ 152793.463: tcs3701: start power rail timer, state:3
11-24 07:05:41.293  9398  6426 I BatteryMgr:DataCollectionService: stats => 1700805941293,12207,4444,9460,4169000,100
11-24 07:05:41.293  9398  9433 I BatteryMgr:DataCollectionService: stats => 1700805941293,12207,4444,9460,4169000,100
11-24 07:05:41.306  9398  9433 I BatteryMgr:DataCollectionService: stats => 1700805941306,12207,4444,9460,4169000,100
11-24 07:05:41.310  1011  1189 I ASH     : @ 152793.503: tcs3701: stop power rail pending_off timer
11-24 07:05:41.311  1011  1189 D ASH     : @ 152793.503: tcs3701: start power rail timer, state:3
11-24 07:05:41.319  9398  6426 I BatteryMgr:DataCollectionService: stats => 1700805941319,12207,4444,9460,4169000,100
11-24 07:05:41.321  9398 18842 I BatteryMgr:DataCollectionService: stats => 1700805941321,12207,4444,9460,4169000,100
11-24 07:05:41.323  9398  9433 I BatteryMgr:DataCollectionService: stats => 1700805941323,12207,4444,9460,4169000,100
11-24 07:05:41.343 18902 18916 I m.chrome.canary: Explicit concurrent copying GC freed 3637(192KB) AllocSpace objects, 3(60KB) LOS objects, 75% free, 12MB/49MB, paused 86us,49us total 135.029ms
11-24 07:05:41.351  1011  1189 I ASH     : @ 152793.543: tcs3701: stop power rail pending_off timer
11-24 07:05:41.351  1011  1189 D ASH     : @ 152793.543: tcs3701: start power rail timer, state:3
11-24 07:05:41.390  1011  1189 I ASH     : @ 152793.583: tcs3701: stop power rail pending_off timer
11-24 07:05:41.390  1011  1189 D ASH     : @ 152793.583: tcs3701: start power rail timer, state:3
11-24 07:05:41.397  9398  5999 I BatteryMgr:DataCollectionService: stats => 1700805941397,12207,4444,9460,4169000,100
11-24 07:05:41.400  9398  9433 I BatteryMgr:DataCollectionService: stats => 1700805941400,12207,4444,9460,4169000,100
11-24 07:05:41.410  9398  9433 I BatteryMgr:DataCollectionService: stats => 1700805941410,12207,4444,9460,4169000,100
11-24 07:05:41.425  9398  5999 I BatteryMgr:DataCollectionService: stats => 1700805941425,12207,4444,9460,4169000,100
11-24 07:05:41.427  9398  6426 I BatteryMgr:DataCollectionService: stats => 1700805941427,12207,4444,9460,4169000,100
11-24 07:05:41.427  9398  9433 I BatteryMgr:DataCollectionService: stats => 1700805941427,12207,4444,9460,4169000,100
11-24 07:05:41.431  1011  1189 I ASH     : @ 152793.623: tcs3701: stop power rail pending_off timer
11-24 07:05:41.431  1011  1189 D ASH     : @ 152793.623: tcs3701: start power rail timer, state:3
11-24 07:05:41.445  1795  2424 D WifiClientModeImpl[13802:wlan0]: updateLinkLayerStatsRssiSpeedFrequencyCapabilities rssi=-46 TxLinkspeed=866 freq=5240 RxLinkSpeed=6
11-24 07:05:41.446  1795  2424 D WifiDataStall: tx tput in kbps: 723076
11-24 07:05:41.446  1795  2424 D WifiDataStall: rx tput in kbps: 761132
11-24 07:05:41.446  1795  2424 V WifiConfigManager: Updating scan detail cache freq=5240 BSSID=f4:6d:2f:12:cc:88 RSSI=-45 for "ourhome"WPA_PSK
11-24 07:05:41.446  1795  2424 D WifiChannelUtilization:  freq: 5240 onTime: 4645997 busyTime: 472618 onTimeDiff: 1271205 busyTimeDiff: 156919 utilization: 31 utilization t0: 25
11-24 07:05:41.446  1795  2424 D WifiDataStall:  ccaLevel = 31
11-24 07:05:41.446  1795  2424 D WifiDataStall: L2 txTputKbps: 723076, rxTputKbps: 761132, L3 txTputKbps: 0, rxTputKbps: 0, TxTrafficHigh: false, RxTrafficHigh: false, Throughput Sufficient: true
11-24 07:05:41.446  2673  2739 V WifiManager: OnWifiUsabilityStatsListener: onWifiUsabilityStats: seqNum=43620
11-24 07:05:41.446  1795  2424 D WifiScoreReport: Wifi scoring disabled - Don't check IP layer
11-24 07:05:41.447  1795  2424 D WifiScoreCard: BSSID update SIGNAL_POLL ID: 1320464697 SSID: "ourhome", BSSID: f4:6d:2f:12:cc:88, MAC: b2:2f:ec:da:4a:0c, IP: /192.168.1.104, Security type: 2, Supplicant state: COMPLETED, Wi-Fi standard: 5, RSSI: -46, Link speed: 866Mbps, Tx Link speed: 866Mbps, Max Supported Tx Link speed: 866Mbps, Rx Link speed: 6Mbps, Max Supported Rx Link speed: 866Mbps, Frequency: 5240MHz, Net ID: 12, Metered hint: false, score: 60, isUsable: true, CarrierMerged: false, SubscriptionId: -1, IsPrimary: 1, Trusted: true, Restricted: false, Ephemeral: false, OEM paid: false, OEM private: false, OSU AP: false, FQDN: <none>, Provider friendly name: <none>, Requesting package name: <none>"ourhome"wpa2-pskMLO Information: , Is TID-To-Link negotiation supported by the AP: false, AP MLD Address: <none>, AP MLO Link Id: <none>, AP MLO Affiliated links: <none>
