11-24 07:08:03.146  1795  3057 I WifiService: updateWifiUsabilityScore uid=10180 seqNum=43667 score=100 predictionHorizonSec=1441795
11-24 07:08:03.146  1795  2424 D WifiScoreCard: txRate: 8 txSpeed: 866
11-24 07:08:03.146  1795  2424 D WifiScoreCard: network update SIGNAL_POLL "ourhome" ID: 1499892569 RSSI -44 txSpeed 866
11-24 07:08:03.147  1795  2424 D WifiClientModeImpl[13802:wlan0]:  ClientModeImpl$L2ConnectedState screen=on 29 0 "ourhome" f4:6d:2f:12:cc:88 rssi=-44 f=5240 sc=60 link=866 tx=6.7, 0.5, 0.0 rx=4.5 bcn=1473214 [on:145 tx:2 rx:1 period:3014] from screen [on:41990 period:1325138] score=60
11-24 07:08:03.147  1795  2424 D WifiScoreReport: Wifi scoring disabled - Notify that Wifi is usable
11-24 07:08:03.150  1795  2432 D ConnectivityService: NetReassign [no changes] [c 0] [a 0] [i 2]
11-24 07:08:03.150  1011  1189 I ASH     : @ 152935.343: tcs3701: stop power rail pending_off timer
11-24 07:08:03.150  1011  1189 D ASH     : @ 152935.343: tcs3701: start power rail timer, state:3
11-24 07:08:03.157 22125 22170 I m.chrome.canary: Explicit concurrent copying GC freed 3646(191KB) AllocSpace objects, 3(60KB) LOS objects, 75% free, 12MB/49MB, paused 32us,24us total 52.331ms
11-24 07:08:03.179  9398 18842 I BatteryMgr:DataCollectionService: stats => 1700806083179,7629,4444,9460,4169000,100
11-24 07:08:03.190  1011  1189 I ASH     : @ 152935.383: tcs3701: stop power rail pending_off timer
11-24 07:08:03.190  1011  1189 D ASH     : @ 152935.383: tcs3701: start power rail timer, state:3
11-24 07:08:03.194  9398 18842 I BatteryMgr:DataCollectionService: stats => 1700806083194,7629,4444,9460,4169000,100
11-24 07:08:03.214  1795  1853 D ActivityManager: freezer override set to false
11-24 07:08:03.230  1011  1189 I ASH     : @ 152935.423: tcs3701: stop power rail pending_off timer
11-24 07:08:03.230  1011  1189 D ASH     : @ 152935.423: tcs3701: start power rail timer, state:3
11-24 07:08:03.231  9398 21480 I BatteryMgr:DataCollectionService: stats => 1700806083231,7629,4444,9460,4169000,100
11-24 07:08:03.232  9398 18842 I BatteryMgr:DataCollectionService: stats => 1700806083232,7629,4444,9460,4169000,100
11-24 07:08:03.239  9398 18842 I BatteryMgr:DataCollectionService: stats => 1700806083239,7629,4444,9460,4169000,100
11-24 07:08:03.241  9398 21480 I BatteryMgr:DataCollectionService: stats => 1700806083241,7629,4444,9460,4169000,100
11-24 07:08:03.251  1795  3057 D ActivityManager: freezer override set to true
11-24 07:08:03.254  1795  3057 D ActivityManager: freezer override set to false
11-24 07:08:03.271  1011  1189 I ASH     : @ 152935.463: tcs3701: stop power rail pending_off timer
11-24 07:08:03.271  1011  1189 D ASH     : @ 152935.463: tcs3701: start power rail timer, state:3
11-24 07:08:03.283  9398 21480 I BatteryMgr:DataCollectionService: stats => 1700806083283,7629,4444,9460,4169000,100
11-24 07:08:03.298  9398 21480 I BatteryMgr:DataCollectionService: stats => 1700806083298,7629,4444,9460,4169000,100
11-24 07:08:03.311  1011  1189 I ASH     : @ 152935.503: tcs3701: stop power rail pending_off timer
11-24 07:08:03.311  1011  1189 D ASH     : @ 152935.503: tcs3701: start power rail timer, state:3
11-24 07:08:03.332  1795  1853 D ActivityManager: freezer override set to true
11-24 07:08:03.335  9398 21480 I BatteryMgr:DataCollectionService: stats => 1700806083335,7629,4444,9460,4169000,100
11-24 07:08:03.336  1795  1853 D ActivityManager: freezer override set to false
11-24 07:08:03.338  9398  6426 I BatteryMgr:DataCollectionService: stats => 1700806083338,7629,4444,9460,4169000,100
11-24 07:08:03.345  9398  6426 I BatteryMgr:DataCollectionService: stats => 1700806083345,7629,4444,9460,4169000,100
11-24 07:08:03.346  9398 21480 I BatteryMgr:DataCollectionService: stats => 1700806083346,7629,4444,9460,4169000,100
11-24 07:08:03.351  1011  1189 I ASH     : @ 152935.543: tcs3701: stop power rail pending_off timer
11-24 07:08:03.351  1011  1189 D ASH     : @ 152935.543: tcs3701: start power rail timer, state:3
11-24 07:08:03.387  9398 21480 I BatteryMgr:DataCollectionService: stats => 1700806083387,7629,4444,9460,4169000,100
11-24 07:08:03.390  1011  1189 I ASH     : @ 152935.583: tcs3701: stop power rail pending_off timer
11-24 07:08:03.390  1011  1189 D ASH     : @ 152935.583: tcs3701: start power rail timer, state:3
11-24 07:08:03.402  9398 21480 I BatteryMgr:DataCollectionService: stats => 1700806083402,7629,4444,9460,4169000,100
11-24 07:08:03.430  1011  1189 I ASH     : @ 152935.623: tcs3701: stop power rail pending_off timer
11-24 07:08:03.430  1011  1189 D ASH     : @ 152935.623: tcs3701: start power rail timer, state:3
11-24 07:08:03.440  9398 21480 I BatteryMgr:DataCollectionService: stats => 1700806083440,7629,4444,9460,4169000,100
11-24 07:08:03.441  9398  6426 I BatteryMgr:DataCollectionService: stats => 1700806083441,7629,4444,9460,4169000,100
11-24 07:08:03.449  9398  6426 I BatteryMgr:DataCollectionService: stats => 1700806083449,7629,4444,9460,4169000,100
11-24 07:08:03.451  9398 21480 I BatteryMgr:DataCollectionService: stats => 1700806083451,7629,4444,9460,4169000,100
11-24 07:08:03.470  1011  1189 I ASH     : @ 152935.663: tcs3701: stop power rail pending_off timer
11-24 07:08:03.470  1011  1189 D ASH     : @ 152935.663: tcs3701: start power rail timer, state:3
11-24 07:08:03.491  9398 21480 I BatteryMgr:DataCollectionService: stats => 1700806083490,7629,4444,9460,4169000,100
11-24 07:08:03.505  9398 21480 I BatteryMgr:DataCollectionService: stats => 1700806083505,7629,4444,9460,4169000,100
11-24 07:08:03.510  1011  1189 I ASH     : @ 152935.703: tcs3701: stop power rail pending_off timer
11-24 07:08:03.510  1011  1189 D ASH     : @ 152935.703: tcs3701: start power rail timer, state:3
11-24 07:08:03.544  9398  6426 I BatteryMgr:DataCollectionService: stats => 1700806083544,7629,4444,9460,4169000,100
11-24 07:08:03.546  9398 21480 I BatteryMgr:DataCollectionService: stats => 1700806083546,7629,4444,9460,4169000,100
11-24 07:08:03.551  1011  1189 I ASH     : @ 152935.743: tcs3701: stop power rail pending_off timer
11-24 07:08:03.551  1011  1189 D ASH     : @ 152935.743: tcs3701: start power rail timer, state:3
11-24 07:08:03.551  9398 21480 I BatteryMgr:DataCollectionService: stats => 1700806083551,7629,4444,9460,4169000,100
11-24 07:08:03.554  9398  6426 I BatteryMgr:DataCollectionService: stats => 1700806083554,7629,4444,9460,4169000,100
11-24 07:08:03.590  1011  1189 I ASH     : @ 152935.783: tcs3701: stop power rail pending_off timer
11-24 07:08:03.590  1011  1189 D ASH     : @ 152935.783: tcs3701: start power rail timer, state:3
11-24 07:08:03.593  9398  6426 I BatteryMgr:DataCollectionService: stats => 1700806083593,7629,4444,9460,4169000,100
11-24 07:08:03.608  9398  6426 I BatteryMgr:DataCollectionService: stats => 1700806083608,7629,4444,9460,4169000,100
11-24 07:08:03.630  1011  1189 I ASH     : @ 152935.823: tcs3701: stop power rail pending_off timer
11-24 07:08:03.630  1011  1189 D ASH     : @ 152935.823: tcs3701: start power rail timer, state:3
11-24 07:08:03.651  9398 21480 I BatteryMgr:DataCollectionService: stats => 1700806083651,7629,4444,9460,4169000,100
11-24 07:08:03.652  9398  6426 I BatteryMgr:DataCollectionService: stats => 1700806083652,7629,4444,9460,4169000,100
11-24 07:08:03.655  9398 21480 I BatteryMgr:DataCollectionService: stats => 1700806083654,7629,4444,9460,4169000,100
11-24 07:08:03.658  9398  6426 I BatteryMgr:DataCollectionService: stats => 1700806083658,7629,4444,9460,4169000,100
11-24 07:08:03.664 13730 13730 D BoundBrokerSvc: onUnbind: Intent { act=com.google.android.gms.feedback.internal.IFeedbackService dat=chimera-action:/... cmp=com.google.android.gms/.chimera.GmsBoundBrokerService }
11-24 07:08:03.669 13502 13502 D BoundBrokerSvc: onUnbind: Intent { act=com.google.android.gms.icing.LIGHTWEIGHT_INDEX_SERVICE dat=chimera-action:/... cmp=com.google.android.gms/.chimera.PersistentApiService }
11-24 07:08:03.670  1011  1189 I ASH     : @ 152935.863: tcs3701: stop power rail pending_off timer
11-24 07:08:03.670  1011  1189 D ASH     : @ 152935.863: tcs3701: start power rail timer, state:3
11-24 07:08:03.697  9398  6426 I BatteryMgr:DataCollectionService: stats => 1700806083697,7629,4444,9460,4169000,100
11-24 07:08:03.710  1011  1189 I ASH     : @ 152935.903: tcs3701: stop power rail pending_off timer
11-24 07:08:03.711  1011  1189 D ASH     : @ 152935.903: tcs3701: start power rail timer, state:3
11-24 07:08:03.713  9398  6426 I BatteryMgr:DataCollectionService: stats => 1700806083713,7629,4444,9460,4169000,100
11-24 07:08:03.751  1011  1189 I ASH     : @ 152935.943: tcs3701: stop power rail pending_off timer
11-24 07:08:03.751  1011  1189 D ASH     : @ 152935.943: tcs3701: start power rail timer, state:3
11-24 07:08:03.756  9398 21480 I BatteryMgr:DataCollectionService: stats => 1700806083756,7629,4444,9460,4169000,100
11-24 07:08:03.758  9398 18842 I BatteryMgr:DataCollectionService: stats => 1700806083758,7629,4444,9460,4169000,100
11-24 07:08:03.759  9398  6426 I BatteryMgr:DataCollectionService: stats => 1700806083759,7629,4444,9460,4169000,100
11-24 07:08:03.762  9398 18842 I BatteryMgr:DataCollectionService: stats => 1700806083762,7629,4444,9460,4169000,100
11-24 07:08:03.791  1011  1189 I ASH     : @ 152935.983: tcs3701: stop power rail pending_off timer
11-24 07:08:03.791  1011  1189 D ASH     : @ 152935.983: tcs3701: start power rail timer, state:3
11-24 07:08:03.801  9398 18842 I BatteryMgr:DataCollectionService: stats => 1700806083801,7629,4444,9460,4169000,100
11-24 07:08:03.816  9398 18842 I BatteryMgr:DataCollectionService: stats => 1700806083816,7629,4444,9460,4169000,100
11-24 07:08:03.831  1011  1189 I ASH     : @ 152936.023: tcs3701: stop power rail pending_off timer
11-24 07:08:03.831  1011  1189 D ASH     : @ 152936.023: tcs3701: start power rail timer, state:3
11-24 07:08:03.861  9398 21480 I BatteryMgr:DataCollectionService: stats => 1700806083861,7629,4444,9460,4169000,100
11-24 07:08:03.862  9398  6426 I BatteryMgr:DataCollectionService: stats => 1700806083862,7629,4444,9460,4169000,100
11-24 07:08:03.863  9398 18842 I BatteryMgr:DataCollectionService: stats => 1700806083863,7629,4444,9460,4169000,100
11-24 07:08:03.865  9398 21480 I BatteryMgr:DataCollectionService: stats => 1700806083865,7629,4444,9460,4169000,100
11-24 07:08:03.871  1011  1189 I ASH     : @ 152936.063: tcs3701: stop power rail pending_off timer
11-24 07:08:03.871  1011  1189 D ASH     : @ 152936.063: tcs3701: start power rail timer, state:3
11-24 07:08:03.904  9398 21480 I BatteryMgr:DataCollectionService: stats => 1700806083904,7629,4444,9460,4169000,100
11-24 07:08:03.911  1011  1189 I ASH     : @ 152936.103: tcs3701: stop power rail pending_off timer
11-24 07:08:03.911  1011  1189 D ASH     : @ 152936.103: tcs3701: start power rail timer, state:3
11-24 07:08:03.919  9398 21480 I BatteryMgr:DataCollectionService: stats => 1700806083919,7629,4444,9460,4169000,100
11-24 07:08:03.951  1011  1189 I ASH     : @ 152936.143: tcs3701: stop power rail pending_off timer
11-24 07:08:03.951  1011  1189 D ASH     : @ 152936.143: tcs3701: start power rail timer, state:3
11-24 07:08:03.968  9398 18842 I BatteryMgr:DataCollectionService: stats => 1700806083968,7629,4444,9460,4169000,100
11-24 07:08:03.968  9398  6426 I BatteryMgr:DataCollectionService: stats => 1700806083968,7629,4444,9460,4169000,100
11-24 07:08:03.969  9398 15517 I BatteryMgr:DataCollectionService: stats => 1700806083969,7629,4444,9460,4169000,100
11-24 07:08:03.970  9398 21480 I BatteryMgr:DataCollectionService: stats => 1700806083970,7629,4444,9460,4169000,100
11-24 07:08:03.990  1011  1189 I ASH     : @ 152936.183: tcs3701: stop power rail pending_off timer
11-24 07:08:03.991  1011  1189 D ASH     : @ 152936.183: tcs3701: start power rail timer, state:3
11-24 07:08:04.009  9398 21480 I BatteryMgr:DataCollectionService: stats => 1700806084008,7629,4444,9460,4169000,100
11-24 07:08:04.024  9398 21480 I BatteryMgr:DataCollectionService: stats => 1700806084023,7629,4444,9460,4169000,100
11-24 07:08:04.030  1011  1189 I ASH     : @ 152936.223: tcs3701: stop power rail pending_off timer
11-24 07:08:04.030  1011  1189 D ASH     : @ 152936.223: tcs3701: start power rail timer, state:3
11-24 07:08:04.071  1011  1189 I ASH     : @ 152936.263: tcs3701: stop power rail pending_off timer
11-24 07:08:04.071  1011  1189 D ASH     : @ 152936.263: tcs3701: start power rail timer, state:3
11-24 07:08:04.073  9398 18842 I BatteryMgr:DataCollectionService: stats => 1700806084073,7629,4444,9460,4169000,100
11-24 07:08:04.074  9398  6426 I BatteryMgr:DataCollectionService: stats => 1700806084073,7629,4444,9460,4169000,100
11-24 07:08:04.074  9398 21480 I BatteryMgr:DataCollectionService: stats => 1700806084074,7629,4444,9460,4169000,100
11-24 07:08:04.074  9398 15517 I BatteryMgr:DataCollectionService: stats => 1700806084074,7629,4444,9460,4169000,100
11-24 07:08:04.111  1011  1189 I ASH     : @ 152936.303: tcs3701: stop power rail pending_off timer
11-24 07:08:04.111  1011  1189 D ASH     : @ 152936.303: tcs3701: start power rail timer, state:3
11-24 07:08:04.113  9398 15517 I BatteryMgr:DataCollectionService: stats => 1700806084113,7629,4444,9460,4169000,100
11-24 07:08:04.127  9398 15517 I BatteryMgr:DataCollectionService: stats => 1700806084127,7629,4444,9460,4169000,100
11-24 07:08:04.151  1011  1189 I ASH     : @ 152936.343: tcs3701: stop power rail pending_off timer
11-24 07:08:04.151  1011  1189 D ASH     : @ 152936.343: tcs3701: start power rail timer, state:3
11-24 07:08:04.177  9398  5999 I BatteryMgr:DataCollectionService: stats => 1700806084177,7629,4444,9460,4169000,100
11-24 07:08:04.177  9398 21480 I BatteryMgr:DataCollectionService: stats => 1700806084177,7629,4444,9460,4169000,100
11-24 07:08:04.177  9398 15517 I BatteryMgr:DataCollectionService: stats => 1700806084177,7629,4444,9460,4169000,100
11-24 07:08:04.177  9398 18842 I BatteryMgr:DataCollectionService: stats => 1700806084177,7629,4444,9460,4169000,100
11-24 07:08:04.190  1011  1189 I ASH     : @ 152936.383: tcs3701: stop power rail pending_off timer
11-24 07:08:04.190  1011  1189 D ASH     : @ 152936.383: tcs3701: start power rail timer, state:3
11-24 07:08:04.216  9398 18842 I BatteryMgr:DataCollectionService: stats => 1700806084216,7629,4444,9460,4169000,100
11-24 07:08:04.230  9398 18842 I BatteryMgr:DataCollectionService: stats => 1700806084230,7629,4444,9460,4169000,100
11-24 07:08:04.231  1011  1189 I ASH     : @ 152936.423: tcs3701: stop power rail pending_off timer
11-24 07:08:04.231  1011  1189 D ASH     : @ 152936.423: tcs3701: start power rail timer, state:3
11-24 07:08:04.271  1011  1189 I ASH     : @ 152936.463: tcs3701: stop power rail pending_off timer
11-24 07:08:04.271  1011  1189 D ASH     : @ 152936.463: tcs3701: start power rail timer, state:3
11-24 07:08:04.281  9398  5999 I BatteryMgr:DataCollectionService: stats => 1700806084281,7629,4444,9460,4169000,100
11-24 07:08:04.282  9398  6426 I BatteryMgr:DataCollectionService: stats => 1700806084282,7629,4444,9460,4169000,100
11-24 07:08:04.282  9398 15517 I BatteryMgr:DataCollectionService: stats => 1700806084282,7629,4444,9460,4169000,100
11-24 07:08:04.283  9398 18842 I BatteryMgr:DataCollectionService: stats => 1700806084283,7629,4444,9460,4169000,100
11-24 07:08:04.310  1011  1189 I ASH     : @ 152936.503: tcs3701: stop power rail pending_off timer
11-24 07:08:04.310  1011  1189 D ASH     : @ 152936.503: tcs3701: start power rail timer, state:3
11-24 07:08:04.318  9398 18842 I BatteryMgr:DataCollectionService: stats => 1700806084318,7629,4444,9460,4169000,100
11-24 07:08:04.334  1795  3057 D ActivityManager: freezer override set to true
11-24 07:08:04.335  9398 18842 I BatteryMgr:DataCollectionService: stats => 1700806084335,7629,4444,9460,4169000,100
11-24 07:08:04.339  1795  3057 D ActivityManager: freezer override set to false
11-24 07:08:04.351  1011  1189 I ASH     : @ 152936.543: tcs3701: stop power rail pending_off timer
11-24 07:08:04.351  1011  1189 D ASH     : @ 152936.543: tcs3701: start power rail timer, state:3
11-24 07:08:04.381  1795  3057 D ActivityManager: freezer override set to true
11-24 07:08:04.386  9398  5999 I BatteryMgr:DataCollectionService: stats => 1700806084386,7629,4444,9460,4169000,100
11-24 07:08:04.386  9398 15517 I BatteryMgr:DataCollectionService: stats => 1700806084386,7629,4444,9460,4169000,100
11-24 07:08:04.387  9398 18842 I BatteryMgr:DataCollectionService: stats => 1700806084387,7629,4444,9460,4169000,100
11-24 07:08:04.388  9398  6426 I BatteryMgr:DataCollectionService: stats => 1700806084388,7629,4444,9460,4169000,100
11-24 07:08:04.390  1011  1189 I ASH     : @ 152936.583: tcs3701: stop power rail pending_off timer
11-24 07:08:04.390  1011  1189 D ASH     : @ 152936.583: tcs3701: start power rail timer, state:3
11-24 07:08:04.422  9398  6426 I BatteryMgr:DataCollectionService: stats => 1700806084422,7629,4444,9460,4169000,100
11-24 07:08:04.430  1011  1189 I ASH     : @ 152936.623: tcs3701: stop power rail pending_off timer
11-24 07:08:04.431  1011  1189 D ASH     : @ 152936.623: tcs3701: start power rail timer, state:3
11-24 07:08:04.438  9398  6426 I BatteryMgr:DataCollectionService: stats => 1700806084438,7629,4444,9460,4169000,100
11-24 07:08:04.471  1011  1189 I ASH     : @ 152936.663: tcs3701: stop power rail pending_off timer
11-24 07:08:04.471  1011  1189 D ASH     : @ 152936.663: tcs3701: start power rail timer, state:3
11-24 07:08:04.475 22125 22170 I m.chrome.canary: Explicit concurrent copying GC freed 3897(207KB) AllocSpace objects, 4(80KB) LOS objects, 75% free, 12MB/49MB, paused 86us,22us total 56.305ms
11-24 07:08:04.494  9398 18842 I BatteryMgr:DataCollectionService: stats => 1700806084494,7629,4444,9460,4169000,100
11-24 07:08:04.496  9398  5999 I BatteryMgr:DataCollectionService: stats => 1700806084496,7629,4444,9460,4169000,100
11-24 07:08:04.496  9398 15517 I BatteryMgr:DataCollectionService: stats => 1700806084496,7629,4444,9460,4169000,100
11-24 07:08:04.497  9398  6426 I BatteryMgr:DataCollectionService: stats => 1700806084497,7629,4444,9460,4169000,100
11-24 07:08:04.510  1011  1189 I ASH     : @ 152936.703: tcs3701: stop power rail pending_off timer
11-24 07:08:04.510  1011  1189 D ASH     : @ 152936.703: tcs3701: start power rail timer, state:3
11-24 07:08:04.527  9398  6426 I BatteryMgr:DataCollectionService: stats => 1700806084527,7629,4444,9460,4169000,100
11-24 07:08:04.529  1795  3057 D ActivityManager: freezer override set to false
11-24 07:08:04.541  9398  6426 I BatteryMgr:DataCollectionService: stats => 1700806084541,7629,4444,9460,4169000,100
11-24 07:08:04.551  1011  1189 I ASH     : @ 152936.743: tcs3701: stop power rail pending_off timer
11-24 07:08:04.551  1011  1189 D ASH     : @ 152936.743: tcs3701: start power rail timer, state:3
11-24 07:08:04.575  1795  3057 D ActivityManager: freezer override set to true
11-24 07:08:04.579  1795  3057 D ActivityManager: freezer override set to false
11-24 07:08:04.590  1011  1189 I ASH     : @ 152936.783: tcs3701: stop power rail pending_off timer
11-24 07:08:04.590  1011  1189 D ASH     : @ 152936.783: tcs3701: start power rail timer, state:3
11-24 07:08:04.602  9398 15517 I BatteryMgr:DataCollectionService: stats => 1700806084602,7629,4444,9460,4169000,100
11-24 07:08:04.604  9398 18842 I BatteryMgr:DataCollectionService: stats => 1700806084604,7629,4444,9460,4169000,100
11-24 07:08:04.606  9398  5999 I BatteryMgr:DataCollectionService: stats => 1700806084606,7629,4444,9460,4169000,100
11-24 07:08:04.608  9398  6426 I BatteryMgr:DataCollectionService: stats => 1700806084608,7629,4444,9460,4169000,100
11-24 07:08:04.630  1011  1189 I ASH     : @ 152936.823: tcs3701: stop power rail pending_off timer
11-24 07:08:04.630  1011  1189 D ASH     : @ 152936.823: tcs3701: start power rail timer, state:3
11-24 07:08:04.632  9398  6426 I BatteryMgr:DataCollectionService: stats => 1700806084632,7629,4444,9460,4169000,100
11-24 07:08:04.646  9398  6426 I BatteryMgr:DataCollectionService: stats => 1700806084646,7629,4444,9460,4169000,100
11-24 07:08:04.671  1011  1189 I ASH     : @ 152936.863: tcs3701: stop power rail pending_off timer
11-24 07:08:04.671  1011  1189 D ASH     : @ 152936.863: tcs3701: start power rail timer, state:3
11-24 07:08:04.707  9398  5999 I BatteryMgr:DataCollectionService: stats => 1700806084707,7629,4444,9460,4169000,100
11-24 07:08:04.708  9398  6426 I BatteryMgr:DataCollectionService: stats => 1700806084708,7629,4444,9460,4169000,100
11-24 07:08:04.710  9398 18842 I BatteryMgr:DataCollectionService: stats => 1700806084710,7629,4444,9460,4169000,100
11-24 07:08:04.710  1011  1189 I ASH     : @ 152936.903: tcs3701: stop power rail pending_off timer
11-24 07:08:04.710  1011  1189 D ASH     : @ 152936.903: tcs3701: start power rail timer, state:3
11-24 07:08:04.713  9398  6426 I BatteryMgr:DataCollectionService: stats => 1700806084713,7629,4444,9460,4169000,100
11-24 07:08:04.736  9398  6426 I BatteryMgr:DataCollectionService: stats => 1700806084736,7629,4444,9460,4169000,100
11-24 07:08:04.749  9398  6426 I BatteryMgr:DataCollectionService: stats => 1700806084749,7629,4444,9460,4169000,100
11-24 07:08:04.750  1011  1189 I ASH     : @ 152936.943: tcs3701: stop power rail pending_off timer
11-24 07:08:04.750  1011  1189 D ASH     : @ 152936.943: tcs3701: start power rail timer, state:3
11-24 07:08:04.790  1011  1189 I ASH     : @ 152936.983: tcs3701: stop power rail pending_off timer
11-24 07:08:04.790  1011  1189 D ASH     : @ 152936.983: tcs3701: start power rail timer, state:3
11-24 07:08:04.811  9398 18842 I BatteryMgr:DataCollectionService: stats => 1700806084811,7629,4444,9460,4169000,100
11-24 07:08:04.813  9398  5999 I BatteryMgr:DataCollectionService: stats => 1700806084813,7629,4444,9460,4169000,100
11-24 07:08:04.816  9398  5999 I BatteryMgr:DataCollectionService: stats => 1700806084816,7629,4444,9460,4169000,100
11-24 07:08:04.817  9398  6426 I BatteryMgr:DataCollectionService: stats => 1700806084817,7629,4444,9460,4169000,100
11-24 07:08:04.830  1011  1189 I ASH     : @ 152937.023: tcs3701: stop power rail pending_off timer
11-24 07:08:04.831  1011  1189 D ASH     : @ 152937.023: tcs3701: start power rail timer, state:3
11-24 07:08:04.839  9398  6426 I BatteryMgr:DataCollectionService: stats => 1700806084839,7629,4444,9460,4169000,100
11-24 07:08:04.853  9398  6426 I BatteryMgr:DataCollectionService: stats => 1700806084852,7629,4444,9460,4169000,100
11-24 07:08:04.870  1011  1189 I ASH     : @ 152937.063: tcs3701: stop power rail pending_off timer
11-24 07:08:04.870  1011  1189 D ASH     : @ 152937.063: tcs3701: start power rail timer, state:3
11-24 07:08:04.910  1011  1189 I ASH     : @ 152937.103: tcs3701: stop power rail pending_off timer
11-24 07:08:04.910  1011  1189 D ASH     : @ 152937.103: tcs3701: start power rail timer, state:3
11-24 07:08:04.916  9398  5999 I BatteryMgr:DataCollectionService: stats => 1700806084916,7629,4444,9460,4169000,100
11-24 07:08:04.916  9398  6426 I BatteryMgr:DataCollectionService: stats => 1700806084916,7629,4444,9460,4169000,100
11-24 07:08:04.920  9398  5999 I BatteryMgr:DataCollectionService: stats => 1700806084920,7629,4444,9460,4169000,100
11-24 07:08:04.922  9398  6426 I BatteryMgr:DataCollectionService: stats => 1700806084922,7629,4444,9460,4169000,100
11-24 07:08:04.943  9398  6426 I BatteryMgr:DataCollectionService: stats => 1700806084943,7629,4444,9460,4169000,100
11-24 07:08:04.951  1011  1189 I ASH     : @ 152937.143: tcs3701: stop power rail pending_off timer
11-24 07:08:04.951  1011  1189 D ASH     : @ 152937.143: tcs3701: start power rail timer, state:3
11-24 07:08:04.957  9398  6426 I BatteryMgr:DataCollectionService: stats => 1700806084956,7629,4444,9460,4169000,100
11-24 07:08:04.991  1011  1189 I ASH     : @ 152937.183: tcs3701: stop power rail pending_off timer
11-24 07:08:04.991  1011  1189 D ASH     : @ 152937.183: tcs3701: start power rail timer, state:3
11-24 07:08:05.020  9398  5999 I BatteryMgr:DataCollectionService: stats => 1700806085020,7629,4444,9460,4169000,100
11-24 07:08:05.023  9398 15517 I BatteryMgr:DataCollectionService: stats => 1700806085023,7629,4444,9460,4169000,100
11-24 07:08:05.025  9398  5999 I BatteryMgr:DataCollectionService: stats => 1700806085025,7629,4444,9460,4169000,100
11-24 07:08:05.026  9398  6426 I BatteryMgr:DataCollectionService: stats => 1700806085026,7629,4444,9460,4169000,100
11-24 07:08:05.030  1011  1189 I ASH     : @ 152937.223: tcs3701: stop power rail pending_off timer
11-24 07:08:05.030  1011  1189 D ASH     : @ 152937.223: tcs3701: start power rail timer, state:3
11-24 07:08:05.047  9398  6426 I BatteryMgr:DataCollectionService: stats => 1700806085047,7629,4444,9460,4169000,100
11-24 07:08:05.061  9398  6426 I BatteryMgr:DataCollectionService: stats => 1700806085061,7629,4444,9460,4169000,100
11-24 07:08:05.070  1011  1189 I ASH     : @ 152937.263: tcs3701: stop power rail pending_off timer
11-24 07:08:05.070  1011  1189 D ASH     : @ 152937.263: tcs3701: start power rail timer, state:3
11-24 07:08:05.110  1011  1189 I ASH     : @ 152937.303: tcs3701: stop power rail pending_off timer
11-24 07:08:05.110  1011  1189 D ASH     : @ 152937.303: tcs3701: start power rail timer, state:3
11-24 07:08:05.126  9398  5999 I BatteryMgr:DataCollectionService: stats => 1700806085126,7629,4444,9460,4169000,100
11-24 07:08:05.128  9398  5999 I BatteryMgr:DataCollectionService: stats => 1700806085128,7629,4444,9460,4169000,100
11-24 07:08:05.131  9398 15517 I BatteryMgr:DataCollectionService: stats => 1700806085131,7629,4444,9460,4169000,100
11-24 07:08:05.132  9398  6426 I BatteryMgr:DataCollectionService: stats => 1700806085132,7629,4444,9460,4169000,100
11-24 07:08:05.151  1011  1189 I ASH     : @ 152937.343: tcs3701: stop power rail pending_off timer
11-24 07:08:05.151  1011  1189 D ASH     : @ 152937.343: tcs3701: start power rail timer, state:3
11-24 07:08:05.152  9398  6426 I BatteryMgr:DataCollectionService: stats => 1700806085152,7629,4444,9460,4169000,100
11-24 07:08:05.165  9398  6426 I BatteryMgr:DataCollectionService: stats => 1700806085165,7629,4444,9460,4169000,100
11-24 07:08:05.191  1011  1189 I ASH     : @ 152937.383: tcs3701: stop power rail pending_off timer
11-24 07:08:05.191  1011  1189 D ASH     : @ 152937.383: tcs3701: start power rail timer, state:3
11-24 07:08:05.229  9398  6426 I BatteryMgr:DataCollectionService: stats => 1700806085229,7629,4444,9460,4169000,100
11-24 07:08:05.230  1011  1189 I ASH     : @ 152937.423: tcs3701: stop power rail pending_off timer
11-24 07:08:05.230  1011  1189 D ASH     : @ 152937.423: tcs3701: start power rail timer, state:3
11-24 07:08:05.232  9398 15517 I BatteryMgr:DataCollectionService: stats => 1700806085232,7629,4444,9460,4169000,100
11-24 07:08:05.234  9398 15517 I BatteryMgr:DataCollectionService: stats => 1700806085234,7629,4444,9460,4169000,100
11-24 07:08:05.236  9398  6426 I BatteryMgr:DataCollectionService: stats => 1700806085236,7629,4444,9460,4169000,100
11-24 07:08:05.256  9398  6426 I BatteryMgr:DataCollectionService: stats => 1700806085256,7629,4444,9460,4169000,100
11-24 07:08:05.269  9398  6426 I BatteryMgr:DataCollectionService: stats => 1700806085269,7629,4444,9460,4169000,100
11-24 07:08:05.271  1011  1189 I ASH     : @ 152937.463: tcs3701: stop power rail pending_off timer
11-24 07:08:05.271  1011  1189 D ASH     : @ 152937.463: tcs3701: start power rail timer, state:3
11-24 07:08:05.310  1011  1189 I ASH     : @ 152937.503: tcs3701: stop power rail pending_off timer
11-24 07:08:05.310  1011  1189 D ASH     : @ 152937.503: tcs3701: start power rail timer, state:3
11-24 07:08:05.335  9398 15517 I BatteryMgr:DataCollectionService: stats => 1700806085335,7629,4444,9460,4169000,100
11-24 07:08:05.337  9398  6426 I BatteryMgr:DataCollectionService: stats => 1700806085337,7629,4444,9460,4169000,100
11-24 07:08:05.338  1795  2855 D ActivityManager: freezer override set to true
11-24 07:08:05.342  9398  5999 I BatteryMgr:DataCollectionService: stats => 1700806085341,7629,4444,9460,4169000,100
11-24 07:08:05.342  9398 15517 I BatteryMgr:DataCollectionService: stats => 1700806085342,7629,4444,9460,4169000,100
11-24 07:08:05.344  1795  2855 D ActivityManager: freezer override set to false
11-24 07:08:05.350  1011  1189 I ASH     : @ 152937.543: tcs3701: stop power rail pending_off timer
11-24 07:08:05.350  1011  1189 D ASH     : @ 152937.543: tcs3701: start power rail timer, state:3
11-24 07:08:05.359  9398 15517 I BatteryMgr:DataCollectionService: stats => 1700806085359,7629,4444,9460,4169000,100
11-24 07:08:05.372 13730 13730 E AbstractGmsTracer: Traced class shouldn't be obfuscated: GmsIntentOperationChimeraService [CONTEXT service_id=259 ]
11-24 07:08:05.377  9398 15517 I BatteryMgr:DataCollectionService: stats => 1700806085377,7629,4444,9460,4169000,100
11-24 07:08:05.380 13730 22734 E AbstractGmsTracer: Traced class shouldn't be obfuscated: InstantIndexingIntentOperation [CONTEXT service_id=259 ]
11-24 07:08:05.381 13730 22734 I GmscoreIpa: Starting mediastore instant index [CONTEXT service_id=255 ]
11-24 07:08:05.390  1011  1189 I ASH     : @ 152937.583: tcs3701: stop power rail pending_off timer
11-24 07:08:05.391  1011  1189 D ASH     : @ 152937.583: tcs3701: start power rail timer, state:3
11-24 07:08:05.430  1011  1189 I ASH     : @ 152937.623: tcs3701: stop power rail pending_off timer
11-24 07:08:05.431  1011  1189 D ASH     : @ 152937.623: tcs3701: start power rail timer, state:3
11-24 07:08:05.439  9398 15517 I BatteryMgr:DataCollectionService: stats => 1700806085439,7629,4444,9460,4169000,100
11-24 07:08:05.440  9398  5999 I BatteryMgr:DataCollectionService: stats => 1700806085440,7629,4444,9460,4169000,100
11-24 07:08:05.445  9398  5999 I BatteryMgr:DataCollectionService: stats => 1700806085445,7629,4444,9460,4169000,100
11-24 07:08:05.448  9398 15517 I BatteryMgr:DataCollectionService: stats => 1700806085448,7629,4444,9460,4169000,100
11-24 07:08:05.462  9398 15517 I BatteryMgr:DataCollectionService: stats => 1700806085462,7629,4444,9460,4169000,100
11-24 07:08:05.471  1011  1189 I ASH     : @ 152937.663: tcs3701: stop power rail pending_off timer
11-24 07:08:05.471  1011  1189 D ASH     : @ 152937.663: tcs3701: start power rail timer, state:3
11-24 07:08:05.482  9398 15517 I BatteryMgr:DataCollectionService: stats => 1700806085481,7629,4444,9460,4169000,100
11-24 07:08:05.510  1011  1189 I ASH     : @ 152937.703: tcs3701: stop power rail pending_off timer
11-24 07:08:05.510  1011  1189 D ASH     : @ 152937.703: tcs3701: start power rail timer, state:3
11-24 07:08:05.544  9398  5999 I BatteryMgr:DataCollectionService: stats => 1700806085544,7629,4444,9460,4169000,100
11-24 07:08:05.545  9398 15517 I BatteryMgr:DataCollectionService: stats => 1700806085545,7629,4444,9460,4169000,100
11-24 07:08:05.548  9398 15517 I BatteryMgr:DataCollectionService: stats => 1700806085548,7629,4444,9460,4169000,100
11-24 07:08:05.550  1011  1189 I ASH     : @ 152937.743: tcs3701: stop power rail pending_off timer
11-24 07:08:05.550  1011  1189 D ASH     : @ 152937.743: tcs3701: start power rail timer, state:3
11-24 07:08:05.551  9398  6426 I BatteryMgr:DataCollectionService: stats => 1700806085551,7629,4444,9460,4169000,100
11-24 07:08:05.566  9398  6426 I BatteryMgr:DataCollectionService: stats => 1700806085566,7629,4444,9460,4169000,100
11-24 07:08:05.585  9398  6426 I BatteryMgr:DataCollectionService: stats => 1700806085585,7629,4444,9460,4169000,100
11-24 07:08:05.591  1011  1189 I ASH     : @ 152937.783: tcs3701: stop power rail pending_off timer
11-24 07:08:05.591  1011  1189 D ASH     : @ 152937.783: tcs3701: start power rail timer, state:3
11-24 07:08:05.631  1011  1189 I ASH     : @ 152937.823: tcs3701: stop power rail pending_off timer
11-24 07:08:05.631  1011  1189 D ASH     : @ 152937.823: tcs3701: start power rail timer, state:3
11-24 07:08:05.649  9398  6426 I BatteryMgr:DataCollectionService: stats => 1700806085649,7629,4444,9460,4169000,100
11-24 07:08:05.652  9398  5999 I BatteryMgr:DataCollectionService: stats => 1700806085652,7629,4444,9460,4169000,100
11-24 07:08:05.654  9398 22060 I BatteryMgr:DataCollectionService: stats => 1700806085654,7629,4444,9460,4169000,100
11-24 07:08:05.655  9398 15517 I BatteryMgr:DataCollectionService: stats => 1700806085655,7629,4444,9460,4169000,100
11-24 07:08:05.671  1011  1189 I ASH     : @ 152937.863: tcs3701: stop power rail pending_off timer
11-24 07:08:05.671  1011  1189 D ASH     : @ 152937.863: tcs3701: start power rail timer, state:3
11-24 07:08:05.671  9398 15517 I BatteryMgr:DataCollectionService: stats => 1700806085671,7629,4444,9460,4169000,100
11-24 07:08:05.688  9398 15517 I BatteryMgr:DataCollectionService: stats => 1700806085688,7629,4444,9460,4169000,100
11-24 07:08:05.701  1795  2855 D ActivityManager: freezer override set to true
11-24 07:08:05.710  1011  1189 I ASH     : @ 152937.903: tcs3701: stop power rail pending_off timer
11-24 07:08:05.711  1011  1189 D ASH     : @ 152937.903: tcs3701: start power rail timer, state:3
11-24 07:08:05.751  1011  1189 I ASH     : @ 152937.943: tcs3701: stop power rail pending_off timer
11-24 07:08:05.751  1011  1189 D ASH     : @ 152937.943: tcs3701: start power rail timer, state:3
11-24 07:08:05.752  9398 15517 I BatteryMgr:DataCollectionService: stats => 1700806085752,7629,4444,9460,4169000,100
11-24 07:08:05.754  9398 22060 I BatteryMgr:DataCollectionService: stats => 1700806085754,7629,4444,9460,4169000,100
11-24 07:08:05.759  9398 22060 I BatteryMgr:DataCollectionService: stats => 1700806085759,7629,4444,9460,4169000,100
11-24 07:08:05.760  9398 15517 I BatteryMgr:DataCollectionService: stats => 1700806085760,7629,4444,9460,4169000,100
11-24 07:08:05.774  9398 15517 I BatteryMgr:DataCollectionService: stats => 1700806085774,7629,4444,9460,4169000,100
11-24 07:08:05.791  1011  1189 I ASH     : @ 152937.983: tcs3701: stop power rail pending_off timer
11-24 07:08:05.791  1011  1189 D ASH     : @ 152937.983: tcs3701: start power rail timer, state:3
11-24 07:08:05.792  9398 15517 I BatteryMgr:DataCollectionService: stats => 1700806085792,7629,4444,9460,4169000,100
11-24 07:08:05.831  1011  1189 I ASH     : @ 152938.023: tcs3701: stop power rail pending_off timer
11-24 07:08:05.831  1011  1189 D ASH     : @ 152938.023: tcs3701: start power rail timer, state:3
11-24 07:08:05.856  9398 15517 I BatteryMgr:DataCollectionService: stats => 1700806085856,7629,4444,9460,4169000,100
11-24 07:08:05.857  9398 22060 I BatteryMgr:DataCollectionService: stats => 1700806085857,7629,4444,9460,4169000,100
11-24 07:08:05.863  9398 22060 I BatteryMgr:DataCollectionService: stats => 1700806085863,7629,4444,9460,4169000,100
11-24 07:08:05.864  9398 15517 I BatteryMgr:DataCollectionService: stats => 1700806085864,7629,4444,9460,4169000,100
11-24 07:08:05.870 22125 22170 I m.chrome.canary: Explicit concurrent copying GC freed 3659(192KB) AllocSpace objects, 3(60KB) LOS objects, 75% free, 12MB/49MB, paused 92us,24us total 47.224ms
11-24 07:08:05.871  1011  1189 I ASH     : @ 152938.063: tcs3701: stop power rail pending_off timer
11-24 07:08:05.871  1011  1189 D ASH     : @ 152938.063: tcs3701: start power rail timer, state:3
11-24 07:08:05.879  9398 15517 I BatteryMgr:DataCollectionService: stats => 1700806085879,7629,4444,9460,4169000,100
11-24 07:08:05.896  9398 15517 I BatteryMgr:DataCollectionService: stats => 1700806085896,7629,4444,9460,4169000,100
11-24 07:08:05.910  1011  1189 I ASH     : @ 152938.103: tcs3701: stop power rail pending_off timer
11-24 07:08:05.910  1011  1189 D ASH     : @ 152938.103: tcs3701: start power rail timer, state:3
11-24 07:08:05.922  1795  2855 D ActivityManager: freezer override set to false
11-24 07:08:05.951  1011  1189 I ASH     : @ 152938.143: tcs3701: stop power rail pending_off timer
11-24 07:08:05.951  1011  1189 D ASH     : @ 152938.143: tcs3701: start power rail timer, state:3
11-24 07:08:05.962  9398 15517 I BatteryMgr:DataCollectionService: stats => 1700806085962,7629,4444,9460,4169000,100
11-24 07:08:05.962  9398 22060 I BatteryMgr:DataCollectionService: stats => 1700806085962,7629,4444,9460,4169000,100
11-24 07:08:05.967  9398 15517 I BatteryMgr:DataCollectionService: stats => 1700806085967,7629,4444,9460,4169000,100
11-24 07:08:05.967  9398 22060 I BatteryMgr:DataCollectionService: stats => 1700806085967,7629,4444,9460,4169000,100
11-24 07:08:05.971  1795  2855 D ActivityManager: freezer override set to true
11-24 07:08:05.973  1795  2855 D ActivityManager: freezer override set to false
11-24 07:08:05.983  9398 15517 I BatteryMgr:DataCollectionService: stats => 1700806085983,7629,4444,9460,4169000,100
11-24 07:08:05.990  1011  1189 I ASH     : @ 152938.183: tcs3701: stop power rail pending_off timer
11-24 07:08:05.990  1011  1189 D ASH     : @ 152938.183: tcs3701: start power rail timer, state:3
11-24 07:08:06.000  9398 15517 I BatteryMgr:DataCollectionService: stats => 1700806086000,7629,4444,9460,4169000,100
11-24 07:08:06.031  1011  1189 I ASH     : @ 152938.223: tcs3701: stop power rail pending_off timer
11-24 07:08:06.031  1011  1189 D ASH     : @ 152938.223: tcs3701: start power rail timer, state:3
11-24 07:08:06.065  9398 22060 I BatteryMgr:DataCollectionService: stats => 1700806086065,7629,4444,9460,4169000,100
11-24 07:08:06.066  9398 15517 I BatteryMgr:DataCollectionService: stats => 1700806086066,7629,4444,9460,4169000,100
11-24 07:08:06.071  1011  1189 I ASH     : @ 152938.263: tcs3701: stop power rail pending_off timer
11-24 07:08:06.071  1011  1189 D ASH     : @ 152938.263: tcs3701: start power rail timer, state:3
11-24 07:08:06.071  9398 22060 I BatteryMgr:DataCollectionService: stats => 1700806086071,7629,4444,9460,4169000,100
11-24 07:08:06.072  9398 15517 I BatteryMgr:DataCollectionService: stats => 1700806086072,7629,4444,9460,4169000,100
11-24 07:08:06.087  9398 15517 I BatteryMgr:DataCollectionService: stats => 1700806086087,7629,4444,9460,4169000,100
11-24 07:08:06.104  9398 15517 I BatteryMgr:DataCollectionService: stats => 1700806086104,7629,4444,9460,4169000,100
11-24 07:08:06.110  1011  1189 I ASH     : @ 152938.303: tcs3701: stop power rail pending_off timer
11-24 07:08:06.111  1011  1189 D ASH     : @ 152938.303: tcs3701: start power rail timer, state:3
11-24 07:08:06.151  1011  1189 I ASH     : @ 152938.343: tcs3701: stop power rail pending_off timer
11-24 07:08:06.151  1011  1189 D ASH     : @ 152938.343: tcs3701: start power rail timer, state:3
11-24 07:08:06.158  1795  2424 D WifiClientModeImpl[13802:wlan0]: updateLinkLayerStatsRssiSpeedFrequencyCapabilities rssi=-45 TxLinkspeed=866 freq=5240 RxLinkSpeed=866
11-24 07:08:06.158  1795  2424 D WifiDataStall: tx tput in kbps: 723076
11-24 07:08:06.158  1795  2424 D WifiDataStall: rx tput in kbps: 761132
11-24 07:08:06.158  1795  2424 V WifiConfigManager: Updating scan detail cache freq=5240 BSSID=f4:6d:2f:12:cc:88 RSSI=-44 for "ourhome"WPA_PSK
11-24 07:08:06.159  1795  2424 D WifiChannelUtilization:  freq: 5240 onTime: 4651697 busyTime: 472813 onTimeDiff: 1276905 busyTimeDiff: 157114 utilization: 31 utilization t0: 25
11-24 07:08:06.159  1795  2424 D WifiDataStall:  ccaLevel = 31
11-24 07:08:06.159  1795  2424 D WifiDataStall: L2 txTputKbps: 761132, rxTputKbps: 761132, L3 txTputKbps: 119, rxTputKbps: 30, TxTrafficHigh: true, RxTrafficHigh: true, Throughput Sufficient: true
11-24 07:08:06.159  1795  2424 D WifiScoreReport: Wifi scoring disabled - Don't check IP layer
11-24 07:08:06.159  2782  5906 D QCNEJ/WlanStaInfoRelay: Received action: android.net.wifi.RSSI_CHANGED
11-24 07:08:06.159  1795  2424 D WifiScoreCard: BSSID update SIGNAL_POLL ID: 1320464697 SSID: "ourhome", BSSID: f4:6d:2f:12:cc:88, MAC: b2:2f:ec:da:4a:0c, IP: /192.168.1.104, Security type: 2, Supplicant state: COMPLETED, Wi-Fi standard: 5, RSSI: -45, Link speed: 866Mbps, Tx Link speed: 866Mbps, Max Supported Tx Link speed: 866Mbps, Rx Link speed: 866Mbps, Max Supported Rx Link speed: 866Mbps, Frequency: 5240MHz, Net ID: 12, Metered hint: false, score: 60, isUsable: true, CarrierMerged: false, SubscriptionId: -1, IsPrimary: 1, Trusted: true, Restricted: false, Ephemeral: false, OEM paid: false, OEM private: false, OSU AP: false, FQDN: <none>, Provider friendly name: <none>, Requesting package name: <none>"ourhome"wpa2-pskMLO Information: , Is TID-To-Link negotiation supported by the AP: false, AP MLD Address: <none>, AP MLO Link Id: <none>, AP MLO Affiliated links: <none>
11-24 07:08:06.159  1795  2424 D WifiScoreCard: txRate: 8 txSpeed: 866
11-24 07:08:06.159  1795  2424 D WifiScoreCard: network update SIGNAL_POLL "ourhome" ID: 1499892569 RSSI -45 txSpeed 866
11-24 07:08:06.159  1795  2424 D WifiClientModeImpl[13802:wlan0]:  ClientModeImpl$L2ConnectedState screen=on 29 0 "ourhome" f4:6d:2f:12:cc:88 rssi=-45 f=5240 sc=60 link=866 tx=6.8, 0.1, 0.0 rx=6.4 bcn=1473244 [on:127 tx:3 rx:1 period:3012] from screen [on:42117 period:1328150] score=60
11-24 07:08:06.160  2673  2739 V WifiManager: OnWifiUsabilityStatsListener: onWifiUsabilityStats: seqNum=43668
11-24 07:08:06.160  1795  2855 I WifiService: updateWifiUsabilityScore uid=10180 seqNum=43668 score=100 predictionHorizonSec=1441795
11-24 07:08:06.161  1795  2424 D WifiScoreReport: Wifi scoring disabled - Notify that Wifi is usable
11-24 07:08:06.163  1795  2432 D ConnectivityService: NetReassign [no changes] [c 0] [a 0] [i 2]
11-24 07:08:06.170  9398 15517 I BatteryMgr:DataCollectionService: stats => 1700806086170,7629,4444,9460,4169000,100
11-24 07:08:06.171  9398 22060 I BatteryMgr:DataCollectionService: stats => 1700806086171,7629,4444,9460,4169000,100
11-24 07:08:06.174  9398 22060 I BatteryMgr:DataCollectionService: stats => 1700806086174,7629,4444,9460,4169000,100
11-24 07:08:06.175  9398 15517 I BatteryMgr:DataCollectionService: stats => 1700806086175,7629,4444,9460,4169000,100
11-24 07:08:06.190  1011  1189 I ASH     : @ 152938.383: tcs3701: stop power rail pending_off timer
11-24 07:08:06.190  1011  1189 D ASH     : @ 152938.383: tcs3701: start power rail timer, state:3
11-24 07:08:06.191  9398 15517 I BatteryMgr:DataCollectionService: stats => 1700806086190,7629,4444,9460,4169000,100
11-24 07:08:06.207  9398 15517 I BatteryMgr:DataCollectionService: stats => 1700806086207,7629,4444,9460,4169000,100
11-24 07:08:06.230  1011  1189 I ASH     : @ 152938.423: tcs3701: stop power rail pending_off timer
11-24 07:08:06.231  1011  1189 D ASH     : @ 152938.423: tcs3701: start power rail timer, state:3
11-24 07:08:06.270  1011  1189 I ASH     : @ 152938.463: tcs3701: stop power rail pending_off timer
11-24 07:08:06.270  1011  1189 D ASH     : @ 152938.463: tcs3701: start power rail timer, state:3
11-24 07:08:06.275  9398 15517 I BatteryMgr:DataCollectionService: stats => 1700806086274,7629,4444,9460,4169000,100
11-24 07:08:06.275  9398 22060 I BatteryMgr:DataCollectionService: stats => 1700806086275,7629,4444,9460,4169000,100
11-24 07:08:06.277  9398  5999 I BatteryMgr:DataCollectionService: stats => 1700806086277,7629,4444,9460,4169000,100
11-24 07:08:06.278  9398 22060 I BatteryMgr:DataCollectionService: stats => 1700806086278,7629,4444,9460,4169000,100
11-24 07:08:06.294  9398 22060 I BatteryMgr:DataCollectionService: stats => 1700806086294,7629,4444,9460,4169000,100
11-24 07:08:06.310  1011  1189 I ASH     : @ 152938.503: tcs3701: stop power rail pending_off timer
11-24 07:08:06.310  1011  1189 D ASH     : @ 152938.503: tcs3701: start power rail timer, state:3
11-24 07:08:06.311  9398 22060 I BatteryMgr:DataCollectionService: stats => 1700806086311,7629,4444,9460,4169000,100
11-24 07:08:06.348  1795  2855 D ActivityManager: freezer override set to true
11-24 07:08:06.350  1011  1189 I ASH     : @ 152938.543: tcs3701: stop power rail pending_off timer
11-24 07:08:06.350  1011  1189 D ASH     : @ 152938.543: tcs3701: start power rail timer, state:3
11-24 07:08:06.352  1795  2855 D ActivityManager: freezer override set to false
11-24 07:08:06.381  9398  6426 I BatteryMgr:DataCollectionService: stats => 1700806086381,7629,4444,9460,4169000,100
11-24 07:08:06.382  9398  5999 I BatteryMgr:DataCollectionService: stats => 1700806086382,7629,4444,9460,4169000,100
11-24 07:08:06.384  9398 15517 I BatteryMgr:DataCollectionService: stats => 1700806086384,7629,4444,9460,4169000,100
11-24 07:08:06.385  9398 22060 I BatteryMgr:DataCollectionService: stats => 1700806086385,7629,4444,9460,4169000,100
11-24 07:08:06.390  1011  1189 I ASH     : @ 152938.583: tcs3701: stop power rail pending_off timer
11-24 07:08:06.390  1011  1189 D ASH     : @ 152938.583: tcs3701: start power rail timer, state:3
11-24 07:08:06.397  9398 22060 I BatteryMgr:DataCollectionService: stats => 1700806086397,7629,4444,9460,4169000,100
11-24 07:08:06.415  9398 22060 I BatteryMgr:DataCollectionService: stats => 1700806086415,7629,4444,9460,4169000,100
11-24 07:08:06.430  1011  1189 I ASH     : @ 152938.623: tcs3701: stop power rail pending_off timer
11-24 07:08:06.431  1011  1189 D ASH     : @ 152938.623: tcs3701: start power rail timer, state:3
11-24 07:08:06.470  1011  1189 I ASH     : @ 152938.663: tcs3701: stop power rail pending_off timer
11-24 07:08:06.470  1011  1189 D ASH     : @ 152938.663: tcs3701: start power rail timer, state:3
11-24 07:08:06.485  9398 15517 I BatteryMgr:DataCollectionService: stats => 1700806086485,7629,4444,9460,4169000,100
11-24 07:08:06.487  9398  5999 I BatteryMgr:DataCollectionService: stats => 1700806086487,7629,4444,9460,4169000,100
11-24 07:08:06.488  9398  6426 I BatteryMgr:DataCollectionService: stats => 1700806086488,7629,4444,9460,4169000,100
11-24 07:08:06.490  9398 22060 I BatteryMgr:DataCollectionService: stats => 1700806086490,7629,4444,9460,4169000,100
11-24 07:08:06.501  9398 22060 I BatteryMgr:DataCollectionService: stats => 1700806086501,7629,4444,9460,4169000,100
11-24 07:08:06.511  1011  1189 I ASH     : @ 152938.703: tcs3701: stop power rail pending_off timer
11-24 07:08:06.511  1011  1189 D ASH     : @ 152938.703: tcs3701: start power rail timer, state:3
11-24 07:08:06.519  9398 22060 I BatteryMgr:DataCollectionService: stats => 1700806086519,7629,4444,9460,4169000,100
11-24 07:08:06.550  1011  1189 I ASH     : @ 152938.743: tcs3701: stop power rail pending_off timer
11-24 07:08:06.550  1011  1189 D ASH     : @ 152938.743: tcs3701: start power rail timer, state:3
11-24 07:08:06.591  1011  1189 I ASH     : @ 152938.783: tcs3701: stop power rail pending_off timer
11-24 07:08:06.591  1011  1189 D ASH     : @ 152938.783: tcs3701: start power rail timer, state:3
11-24 07:08:06.592  9398  6426 I BatteryMgr:DataCollectionService: stats => 1700806086592,7629,4444,9460,4169000,100
11-24 07:08:06.593  9398 22060 I BatteryMgr:DataCollectionService: stats => 1700806086593,7629,4444,9460,4169000,100
11-24 07:08:06.593  9398  5999 I BatteryMgr:DataCollectionService: stats => 1700806086593,7629,4444,9460,4169000,100
11-24 07:08:06.594  9398 15517 I BatteryMgr:DataCollectionService: stats => 1700806086594,7629,4444,9460,4169000,100
11-24 07:08:06.605  9398 15517 I BatteryMgr:DataCollectionService: stats => 1700806086605,7629,4444,9460,4169000,100
11-24 07:08:06.622  9398 15517 I BatteryMgr:DataCollectionService: stats => 1700806086622,7629,4444,9460,4169000,100
11-24 07:08:06.631  1011  1189 I ASH     : @ 152938.823: tcs3701: stop power rail pending_off timer
11-24 07:08:06.631  1011  1189 D ASH     : @ 152938.823: tcs3701: start power rail timer, state:3
11-24 07:08:06.671  1011  1189 I ASH     : @ 152938.863: tcs3701: stop power rail pending_off timer
11-24 07:08:06.671  1011  1189 D ASH     : @ 152938.863: tcs3701: start power rail timer, state:3
11-24 07:08:06.697  9398  6426 I BatteryMgr:DataCollectionService: stats => 1700806086697,13122,4444,9460,4169000,100
11-24 07:08:06.698  9398 22060 I BatteryMgr:DataCollectionService: stats => 1700806086698,13122,4444,9460,4169000,100
11-24 07:08:06.700  9398 15517 I BatteryMgr:DataCollectionService: stats => 1700806086700,13122,4444,9460,4169000,100
11-24 07:08:06.700  9398  5999 I BatteryMgr:DataCollectionService: stats => 1700806086700,13122,4444,9460,4169000,100
11-24 07:08:06.708  9398  5999 I BatteryMgr:DataCollectionService: stats => 1700806086708,13122,4444,9460,4169000,100
11-24 07:08:06.710  1011  1189 I ASH     : @ 152938.903: tcs3701: stop power rail pending_off timer
11-24 07:08:06.710  1011  1189 D ASH     : @ 152938.903: tcs3701: start power rail timer, state:3
11-24 07:08:06.727  9398  5999 I BatteryMgr:DataCollectionService: stats => 1700806086727,13122,4444,9460,4169000,100
11-24 07:08:06.750  1011  1189 I ASH     : @ 152938.943: tcs3701: stop power rail pending_off timer
11-24 07:08:06.750  1011  1189 D ASH     : @ 152938.943: tcs3701: start power rail timer, state:3
11-24 07:08:06.790  1011  1189 I ASH     : @ 152938.983: tcs3701: stop power rail pending_off timer
11-24 07:08:06.790  1011  1189 D ASH     : @ 152938.983: tcs3701: start power rail timer, state:3
11-24 07:08:06.802  9398 15517 I BatteryMgr:DataCollectionService: stats => 1700806086802,13122,4444,9460,4169000,100
11-24 07:08:06.803  9398  5999 I BatteryMgr:DataCollectionService: stats => 1700806086802,13122,4444,9460,4169000,100
11-24 07:08:06.803  9398  6426 I BatteryMgr:DataCollectionService: stats => 1700806086803,13122,4444,9460,4169000,100
11-24 07:08:06.803  9398 22060 I BatteryMgr:DataCollectionService: stats => 1700806086803,13122,4444,9460,4169000,100
11-24 07:08:06.812  9398 22060 I BatteryMgr:DataCollectionService: stats => 1700806086812,13122,4444,9460,4169000,100
11-24 07:08:06.831  1011  1189 I ASH     : @ 152939.023: tcs3701: stop power rail pending_off timer
11-24 07:08:06.831  1011  1189 D ASH     : @ 152939.023: tcs3701: start power rail timer, state:3
11-24 07:08:06.831  9398 22060 I BatteryMgr:DataCollectionService: stats => 1700806086830,13122,4444,9460,4169000,100
11-24 07:08:06.870  1011  1189 I ASH     : @ 152939.063: tcs3701: stop power rail pending_off timer
