11-24 06:55:31.050  9398  9436 I BatteryMgr:DataCollectionService: stats => 1700805331050,94909,4444,90026,4169000,100
11-24 06:55:31.052  9398  9433 I BatteryMgr:DataCollectionService: stats => 1700805331052,94909,4444,90026,4169000,100
11-24 06:55:31.055  9398  9433 I BatteryMgr:DataCollectionService: stats => 1700805331055,94909,4444,90026,4169000,100
11-24 06:55:31.070  1011  1189 I ASH     : @ 152183.263: tcs3701: stop power rail pending_off timer
11-24 06:55:31.071  1011  1189 D ASH     : @ 152183.263: tcs3701: start power rail timer, state:3
11-24 06:55:31.079  9398  9433 I BatteryMgr:DataCollectionService: stats => 1700805331079,93689,4444,90026,4169000,100
11-24 06:55:31.092  9398  9433 I BatteryMgr:DataCollectionService: stats => 1700805331092,93689,4444,90026,4169000,100
11-24 06:55:31.111  1011  1189 I ASH     : @ 152183.303: tcs3701: stop power rail pending_off timer
11-24 06:55:31.111  1011  1189 D ASH     : @ 152183.303: tcs3701: start power rail timer, state:3
11-24 06:55:31.130  9398  9433 I BatteryMgr:DataCollectionService: stats => 1700805331130,93689,4444,90026,4169000,100
11-24 06:55:31.150  1011  1189 I ASH     : @ 152183.343: tcs3701: stop power rail pending_off timer
11-24 06:55:31.150  1011  1189 D ASH     : @ 152183.343: tcs3701: start power rail timer, state:3
11-24 06:55:31.156  9398  9433 I BatteryMgr:DataCollectionService: stats => 1700805331156,93689,4444,90026,4169000,100
11-24 06:55:31.157  9398  9434 I BatteryMgr:DataCollectionService: stats => 1700805331157,88195,4444,90026,4169000,100
11-24 06:55:31.158  9398  9436 I BatteryMgr:DataCollectionService: stats => 1700805331158,93689,4444,90026,4169000,100
11-24 06:55:31.182  9398  9436 I BatteryMgr:DataCollectionService: stats => 1700805331182,88195,4444,90026,4169000,100
11-24 06:55:31.190  1011  1189 I ASH     : @ 152183.383: tcs3701: stop power rail pending_off timer
11-24 06:55:31.190  1011  1189 D ASH     : @ 152183.383: tcs3701: start power rail timer, state:3
11-24 06:55:31.197  9398  9436 I BatteryMgr:DataCollectionService: stats => 1700805331197,88195,4444,90026,4169000,100
11-24 06:55:31.230  1011  1189 I ASH     : @ 152183.423: tcs3701: stop power rail pending_off timer
11-24 06:55:31.230  1011  1189 D ASH     : @ 152183.423: tcs3701: start power rail timer, state:3
11-24 06:55:31.234  9398  9436 I BatteryMgr:DataCollectionService: stats => 1700805331234,88195,4444,90026,4169000,100
11-24 06:55:31.243  3604  4215 I bbqr    : (REDACTED) getHotwordActive::active query: %s, watch: %s, devices connected: %s
11-24 06:55:31.264  9398  9436 I BatteryMgr:DataCollectionService: stats => 1700805331264,87585,4444,90026,4169000,100
11-24 06:55:31.264  9398  9434 I BatteryMgr:DataCollectionService: stats => 1700805331264,87585,4444,90026,4169000,100
11-24 06:55:31.265  9398  9433 I BatteryMgr:DataCollectionService: stats => 1700805331264,87585,4444,90026,4169000,100
11-24 06:55:31.271  1011  1189 I ASH     : @ 152183.463: tcs3701: stop power rail pending_off timer
11-24 06:55:31.271  1011  1189 D ASH     : @ 152183.463: tcs3701: start power rail timer, state:3
11-24 06:55:31.288  9398  9433 I BatteryMgr:DataCollectionService: stats => 1700805331288,87585,4444,90026,4169000,100
11-24 06:55:31.295  1795  4169 D ActivityManager: freezer override set to true
11-24 06:55:31.304  9398  9433 I BatteryMgr:DataCollectionService: stats => 1700805331304,87585,4444,90026,4169000,100
11-24 06:55:31.311  1011  1189 I ASH     : @ 152183.503: tcs3701: stop power rail pending_off timer
11-24 06:55:31.311  1011  1189 D ASH     : @ 152183.503: tcs3701: start power rail timer, state:3
11-24 06:55:31.338  9398  9433 I BatteryMgr:DataCollectionService: stats => 1700805331338,87585,4444,90026,4169000,100
11-24 06:55:31.350  1011  1189 I ASH     : @ 152183.543: tcs3701: stop power rail pending_off timer
11-24 06:55:31.350  1011  1189 D ASH     : @ 152183.543: tcs3701: start power rail timer, state:3
11-24 06:55:31.369  9398  9433 I BatteryMgr:DataCollectionService: stats => 1700805331369,94604,4444,90026,4169000,100
11-24 06:55:31.370  9398  9436 I BatteryMgr:DataCollectionService: stats => 1700805331370,94604,4444,90026,4169000,100
11-24 06:55:31.371  9398  9434 I BatteryMgr:DataCollectionService: stats => 1700805331371,94604,4444,90026,4169000,100
11-24 06:55:31.382  5738  5753 I m.chrome.canary: Explicit concurrent copying GC freed 3802(206KB) AllocSpace objects, 5(164KB) LOS objects, 75% free, 12MB/49MB, paused 31us,20us total 43.975ms
11-24 06:55:31.390  1011  1189 I ASH     : @ 152183.583: tcs3701: stop power rail pending_off timer
11-24 06:55:31.390  1011  1189 D ASH     : @ 152183.583: tcs3701: start power rail timer, state:3
11-24 06:55:31.391  9398  9434 I BatteryMgr:DataCollectionService: stats => 1700805331391,94604,4444,90026,4169000,100
11-24 06:55:31.409  9398  9434 I BatteryMgr:DataCollectionService: stats => 1700805331409,94604,4444,90026,4169000,100
11-24 06:55:31.430  1011  1189 I ASH     : @ 152183.623: tcs3701: stop power rail pending_off timer
11-24 06:55:31.430  1011  1189 D ASH     : @ 152183.623: tcs3701: start power rail timer, state:3
11-24 06:55:31.434  1795  4169 D ActivityManager: freezer override set to false
11-24 06:55:31.442  9398  9434 I BatteryMgr:DataCollectionService: stats => 1700805331442,94604,4444,90026,4169000,100
11-24 06:55:31.462  1795  4169 D ActivityManager: freezer override set to true
11-24 06:55:31.465  1795  4169 D ActivityManager: freezer override set to false
11-24 06:55:31.471  1011  1189 I ASH     : @ 152183.663: tcs3701: stop power rail pending_off timer
11-24 06:55:31.472  1011  1189 D ASH     : @ 152183.663: tcs3701: start power rail timer, state:3
11-24 06:55:31.474  9398  9436 I BatteryMgr:DataCollectionService: stats => 1700805331474,91552,4444,90026,4169000,100
11-24 06:55:31.475  9398  9433 I BatteryMgr:DataCollectionService: stats => 1700805331474,91552,4444,90026,4169000,100
11-24 06:55:31.476  9398  9434 I BatteryMgr:DataCollectionService: stats => 1700805331476,91552,4444,90026,4169000,100
11-24 06:55:31.496  9398  9434 I BatteryMgr:DataCollectionService: stats => 1700805331496,91552,4444,90026,4169000,100
11-24 06:55:31.510  1011  1189 I ASH     : @ 152183.703: tcs3701: stop power rail pending_off timer
11-24 06:55:31.511  1011  1189 D ASH     : @ 152183.703: tcs3701: start power rail timer, state:3
11-24 06:55:31.513  9398  9434 I BatteryMgr:DataCollectionService: stats => 1700805331513,91552,4444,90026,4169000,100
11-24 06:55:31.546  9398  9434 I BatteryMgr:DataCollectionService: stats => 1700805331546,91552,4444,90026,4169000,100
11-24 06:55:31.550  1011  1189 I ASH     : @ 152183.743: tcs3701: stop power rail pending_off timer
11-24 06:55:31.550  1011  1189 D ASH     : @ 152183.743: tcs3701: start power rail timer, state:3
11-24 06:55:31.578  9398  9433 I BatteryMgr:DataCollectionService: stats => 1700805331578,93383,4444,90026,4169000,100
11-24 06:55:31.580  9398 20344 I BatteryMgr:DataCollectionService: stats => 1700805331580,93383,4444,90026,4169000,100
11-24 06:55:31.580  9398  9434 I BatteryMgr:DataCollectionService: stats => 1700805331580,93383,4444,90026,4169000,100
11-24 06:55:31.591  1011  1189 I ASH     : @ 152183.783: tcs3701: stop power rail pending_off timer
11-24 06:55:31.591  1011  1189 D ASH     : @ 152183.783: tcs3701: start power rail timer, state:3
11-24 06:55:31.600  9398  9434 I BatteryMgr:DataCollectionService: stats => 1700805331600,93383,4444,90026,4169000,100
11-24 06:55:31.617  9398  9434 I BatteryMgr:DataCollectionService: stats => 1700805331617,93383,4444,90026,4169000,100
11-24 06:55:31.630  1011  1189 I ASH     : @ 152183.823: tcs3701: stop power rail pending_off timer
11-24 06:55:31.630  1011  1189 D ASH     : @ 152183.823: tcs3701: start power rail timer, state:3
11-24 06:55:31.651  9398  9434 I BatteryMgr:DataCollectionService: stats => 1700805331651,93383,4444,90026,4169000,100
11-24 06:55:31.671  1011  1189 I ASH     : @ 152183.863: tcs3701: stop power rail pending_off timer
11-24 06:55:31.671  1011  1189 D ASH     : @ 152183.863: tcs3701: start power rail timer, state:3
11-24 06:55:31.685  9398  9433 I BatteryMgr:DataCollectionService: stats => 1700805331685,90942,4444,90026,4169000,100
11-24 06:55:31.686  9398 20344 I BatteryMgr:DataCollectionService: stats => 1700805331686,90942,4444,90026,4169000,100
11-24 06:55:31.687  9398  9434 I BatteryMgr:DataCollectionService: stats => 1700805331687,90942,4444,90026,4169000,100
11-24 06:55:31.704  9398  9434 I BatteryMgr:DataCollectionService: stats => 1700805331704,90942,4444,90026,4169000,100
11-24 06:55:31.710  1011  1189 I ASH     : @ 152183.903: tcs3701: stop power rail pending_off timer
11-24 06:55:31.710  1011  1189 D ASH     : @ 152183.903: tcs3701: start power rail timer, state:3
11-24 06:55:31.721  9398  9434 I BatteryMgr:DataCollectionService: stats => 1700805331721,90942,4444,90026,4169000,100
11-24 06:55:31.745  1795  2387 D ActivityManager: freezer override set to true
11-24 06:55:31.747  1795  2387 D ActivityManager: freezer override set to false
11-24 06:55:31.751  1011  1189 I ASH     : @ 152183.943: tcs3701: stop power rail pending_off timer
11-24 06:55:31.751  1011  1189 D ASH     : @ 152183.943: tcs3701: start power rail timer, state:3
11-24 06:55:31.756  9398  9434 I BatteryMgr:DataCollectionService: stats => 1700805331756,90942,4444,90026,4169000,100
11-24 06:55:31.790  9398 20344 I BatteryMgr:DataCollectionService: stats => 1700805331789,90026,4444,90026,4169000,100
11-24 06:55:31.790  9398  9434 I BatteryMgr:DataCollectionService: stats => 1700805331790,90026,4444,90026,4169000,100
11-24 06:55:31.790  1011  1189 I ASH     : @ 152183.983: tcs3701: stop power rail pending_off timer
11-24 06:55:31.790  1011  1189 D ASH     : @ 152183.983: tcs3701: start power rail timer, state:3
11-24 06:55:31.790  9398  9433 I BatteryMgr:DataCollectionService: stats => 1700805331790,90026,4444,90026,4169000,100
11-24 06:55:31.808  9398  9433 I BatteryMgr:DataCollectionService: stats => 1700805331808,90026,4444,90026,4169000,100
11-24 06:55:31.825  9398  9433 I BatteryMgr:DataCollectionService: stats => 1700805331825,90026,4444,90026,4169000,100
11-24 06:55:31.830  1011  1189 I ASH     : @ 152184.023: tcs3701: stop power rail pending_off timer
11-24 06:55:31.830  1011  1189 D ASH     : @ 152184.023: tcs3701: start power rail timer, state:3
11-24 06:55:31.859  9398  9433 I BatteryMgr:DataCollectionService: stats => 1700805331859,94604,4444,90026,4169000,100
11-24 06:55:31.871  1011  1189 I ASH     : @ 152184.063: tcs3701: stop power rail pending_off timer
11-24 06:55:31.871  1011  1189 D ASH     : @ 152184.063: tcs3701: start power rail timer, state:3
11-24 06:55:31.895  9398 20344 I BatteryMgr:DataCollectionService: stats => 1700805331895,94604,4444,90026,4169000,100
11-24 06:55:31.896  9398  9433 I BatteryMgr:DataCollectionService: stats => 1700805331896,94604,4444,90026,4169000,100
11-24 06:55:31.898  9398  9434 I BatteryMgr:DataCollectionService: stats => 1700805331898,94604,4444,90026,4169000,100
11-24 06:55:31.911  1011  1189 I ASH     : @ 152184.103: tcs3701: stop power rail pending_off timer
11-24 06:55:31.911  1011  1189 D ASH     : @ 152184.103: tcs3701: start power rail timer, state:3
11-24 06:55:31.911  9398  9434 I BatteryMgr:DataCollectionService: stats => 1700805331911,94604,4444,90026,4169000,100
11-24 06:55:31.930  9398  9434 I BatteryMgr:DataCollectionService: stats => 1700805331930,94604,4444,90026,4169000,100
11-24 06:55:31.950  1011  1189 I ASH     : @ 152184.143: tcs3701: stop power rail pending_off timer
11-24 06:55:31.950  1011  1189 D ASH     : @ 152184.143: tcs3701: start power rail timer, state:3
11-24 06:55:31.965  9398  9434 I BatteryMgr:DataCollectionService: stats => 1700805331965,93383,4444,90026,4169000,100
11-24 06:55:31.990  1011  1189 I ASH     : @ 152184.183: tcs3701: stop power rail pending_off timer
11-24 06:55:31.990  1011  1189 D ASH     : @ 152184.183: tcs3701: start power rail timer, state:3
11-24 06:55:32.000  9398  9433 I BatteryMgr:DataCollectionService: stats => 1700805332000,93383,4444,90026,4169000,100
11-24 06:55:32.001  9398  9434 I BatteryMgr:DataCollectionService: stats => 1700805332001,93383,4444,90026,4169000,100
11-24 06:55:32.001  9398 20344 I BatteryMgr:DataCollectionService: stats => 1700805332001,93383,4444,90026,4169000,100
11-24 06:55:32.014  9398 20344 I BatteryMgr:DataCollectionService: stats => 1700805332014,93383,4444,90026,4169000,100
11-24 06:55:32.030  1011  1189 I ASH     : @ 152184.223: tcs3701: stop power rail pending_off timer
11-24 06:55:32.030  1011  1189 D ASH     : @ 152184.223: tcs3701: start power rail timer, state:3
11-24 06:55:32.034  9398 20344 I BatteryMgr:DataCollectionService: stats => 1700805332034,93383,4444,90026,4169000,100
11-24 06:55:32.068  9398 20344 I BatteryMgr:DataCollectionService: stats => 1700805332068,86975,4444,90026,4169000,100
11-24 06:55:32.071  1011  1189 I ASH     : @ 152184.263: tcs3701: stop power rail pending_off timer
11-24 06:55:32.071  1011  1189 D ASH     : @ 152184.263: tcs3701: start power rail timer, state:3
11-24 06:55:32.106  9398  9433 I BatteryMgr:DataCollectionService: stats => 1700805332106,86975,4444,90026,4169000,100
11-24 06:55:32.107  9398 20344 I BatteryMgr:DataCollectionService: stats => 1700805332107,86975,4444,90026,4169000,100
11-24 06:55:32.107  9398  9434 I BatteryMgr:DataCollectionService: stats => 1700805332107,86975,4444,90026,4169000,100
11-24 06:55:32.111  1011  1189 I ASH     : @ 152184.303: tcs3701: stop power rail pending_off timer
11-24 06:55:32.111  1011  1189 D ASH     : @ 152184.303: tcs3701: start power rail timer, state:3
11-24 06:55:32.119  9398  9434 I BatteryMgr:DataCollectionService: stats => 1700805332119,86975,4444,90026,4169000,100
11-24 06:55:32.137  9398  9434 I BatteryMgr:DataCollectionService: stats => 1700805332137,86975,4444,90026,4169000,100
11-24 06:55:32.151  1011  1189 I ASH     : @ 152184.343: tcs3701: stop power rail pending_off timer
11-24 06:55:32.151  1011  1189 D ASH     : @ 152184.343: tcs3701: start power rail timer, state:3
11-24 06:55:32.173  9398  9434 I BatteryMgr:DataCollectionService: stats => 1700805332173,88501,4444,90026,4169000,100
11-24 06:55:32.191  1011  1189 I ASH     : @ 152184.383: tcs3701: stop power rail pending_off timer
11-24 06:55:32.191  1011  1189 D ASH     : @ 152184.383: tcs3701: start power rail timer, state:3
11-24 06:55:32.213  9398  9436 I BatteryMgr:DataCollectionService: stats => 1700805332213,88501,4444,90026,4169000,100
11-24 06:55:32.214  9398 20344 I BatteryMgr:DataCollectionService: stats => 1700805332214,88501,4444,90026,4169000,100
11-24 06:55:32.215  9398  9434 I BatteryMgr:DataCollectionService: stats => 1700805332215,88501,4444,90026,4169000,100
11-24 06:55:32.222  9398  9434 I BatteryMgr:DataCollectionService: stats => 1700805332222,88501,4444,90026,4169000,100
11-24 06:55:32.230  1011  1189 I ASH     : @ 152184.423: tcs3701: stop power rail pending_off timer
11-24 06:55:32.230  1011  1189 D ASH     : @ 152184.423: tcs3701: start power rail timer, state:3
11-24 06:55:32.241  9398  9434 I BatteryMgr:DataCollectionService: stats => 1700805332241,88501,4444,90026,4169000,100
11-24 06:55:32.271  1011  1189 I ASH     : @ 152184.463: tcs3701: stop power rail pending_off timer
11-24 06:55:32.271  1011  1189 D ASH     : @ 152184.463: tcs3701: start power rail timer, state:3
11-24 06:55:32.278  9398  9434 I BatteryMgr:DataCollectionService: stats => 1700805332278,94909,4444,90026,4169000,100
11-24 06:55:32.311  1011  1189 I ASH     : @ 152184.503: tcs3701: stop power rail pending_off timer
11-24 06:55:32.311  1011  1189 D ASH     : @ 152184.503: tcs3701: start power rail timer, state:3
11-24 06:55:32.318  9398 20344 I BatteryMgr:DataCollectionService: stats => 1700805332318,94909,4444,90026,4169000,100
11-24 06:55:32.320  9398  9436 I BatteryMgr:DataCollectionService: stats => 1700805332320,94909,4444,90026,4169000,100
11-24 06:55:32.322  9398  9434 I BatteryMgr:DataCollectionService: stats => 1700805332322,94909,4444,90026,4169000,100
11-24 06:55:32.326  9398  9434 I BatteryMgr:DataCollectionService: stats => 1700805332325,94909,4444,90026,4169000,100
11-24 06:55:32.345  9398  9434 I BatteryMgr:DataCollectionService: stats => 1700805332345,94909,4444,90026,4169000,100
11-24 06:55:32.351  1011  1189 I ASH     : @ 152184.543: tcs3701: stop power rail pending_off timer
11-24 06:55:32.351  1011  1189 D ASH     : @ 152184.543: tcs3701: start power rail timer, state:3
11-24 06:55:32.382  9398  9434 I BatteryMgr:DataCollectionService: stats => 1700805332382,89721,4444,90026,4169000,100
11-24 06:55:32.391  1011  1189 I ASH     : @ 152184.583: tcs3701: stop power rail pending_off timer
11-24 06:55:32.391  1011  1189 D ASH     : @ 152184.583: tcs3701: start power rail timer, state:3
11-24 06:55:32.391  1795  2424 D WifiClientModeImpl[13802:wlan0]: updateLinkLayerStatsRssiSpeedFrequencyCapabilities rssi=-46 TxLinkspeed=866 freq=5240 RxLinkSpeed=866
11-24 06:55:32.391  1795  2424 D WifiDataStall: tx tput in kbps: 540404
11-24 06:55:32.391  1795  2424 D WifiDataStall: rx tput in kbps: 761132
11-24 06:55:32.391  1795  2424 V WifiConfigManager: Updating scan detail cache freq=5240 BSSID=f4:6d:2f:12:cc:88 RSSI=-45 for "ourhome"WPA_PSK
11-24 06:55:32.392  2782  5906 D QCNEJ/WlanStaInfoRelay: Received action: android.net.wifi.RSSI_CHANGED
11-24 06:55:32.392  1795  2424 D WifiChannelUtilization:  freq: 5240 onTime: 4623724 busyTime: 470127 onTimeDiff: 1248932 busyTimeDiff: 154428 utilization: 31 utilization t0: 25
11-24 06:55:32.392  1795  2424 D WifiDataStall:  ccaLevel = 31
11-24 06:55:32.392  1795  2424 D WifiDataStall: L2 txTputKbps: 723076, rxTputKbps: 761132, L3 txTputKbps: 0, rxTputKbps: 1, TxTrafficHigh: false, RxTrafficHigh: false, Throughput Sufficient: true
11-24 06:55:32.392  1795  2424 D WifiScoreReport: Wifi scoring disabled - Don't check IP layer
11-24 06:55:32.392  2673  2739 V WifiManager: OnWifiUsabilityStatsListener: onWifiUsabilityStats: seqNum=43418
11-24 06:55:32.392  1795  2424 D WifiScoreCard: BSSID update SIGNAL_POLL ID: 1320464697 SSID: "ourhome", BSSID: f4:6d:2f:12:cc:88, MAC: b2:2f:ec:da:4a:0c, IP: /192.168.1.104, Security type: 2, Supplicant state: COMPLETED, Wi-Fi standard: 5, RSSI: -46, Link speed: 866Mbps, Tx Link speed: 866Mbps, Max Supported Tx Link speed: 866Mbps, Rx Link speed: 866Mbps, Max Supported Rx Link speed: 866Mbps, Frequency: 5240MHz, Net ID: 12, Metered hint: false, score: 60, isUsable: true, CarrierMerged: false, SubscriptionId: -1, IsPrimary: 1, Trusted: true, Restricted: false, Ephemeral: false, OEM paid: false, OEM private: false, OSU AP: false, FQDN: <none>, Provider friendly name: <none>, Requesting package name: <none>"ourhome"wpa2-pskMLO Information: , Is TID-To-Link negotiation supported by the AP: false, AP MLD Address: <none>, AP MLO Link Id: <none>, AP MLO Affiliated links: <none>
11-24 06:55:32.392  1795  2424 D WifiScoreCard: txRate: 6 txSpeed: 866
11-24 06:55:32.392  1795  2424 D WifiScoreCard: network update SIGNAL_POLL "ourhome" ID: 1499892569 RSSI -46 txSpeed 866
11-24 06:55:32.392  1795  2735 I WifiService: updateWifiUsabilityScore uid=10180 seqNum=43418 score=100 predictionHorizonSec=1441795
11-24 06:55:32.392  1795  2424 D WifiClientModeImpl[13802:wlan0]:  ClientModeImpl$L2ConnectedState screen=on 29 0 "ourhome" f4:6d:2f:12:cc:88 rssi=-46 f=5240 sc=60 link=866 tx=3.6, 1.5, 0.0 rx=3.0 bcn=1465905 [on:64 tx:0 rx:0 period:3010] from screen [on:14144 period:574383] score=60
11-24 06:55:32.393  1795  2424 D WifiScoreReport: Wifi scoring disabled - Notify that Wifi is usable
11-24 06:55:32.396  1795  2432 D ConnectivityService: NetReassign [no changes] [c 1] [a 0] [i 1]
11-24 06:55:32.423  9398  9436 I BatteryMgr:DataCollectionService: stats => 1700805332422,89721,4444,90026,4169000,100
11-24 06:55:32.425  9398 20344 I BatteryMgr:DataCollectionService: stats => 1700805332425,89721,4444,90026,4169000,100
11-24 06:55:32.425  9398  9434 I BatteryMgr:DataCollectionService: stats => 1700805332425,89721,4444,90026,4169000,100
11-24 06:55:32.430  1011  1189 I ASH     : @ 152184.623: tcs3701: stop power rail pending_off timer
11-24 06:55:32.430  1011  1189 D ASH     : @ 152184.623: tcs3701: start power rail timer, state:3
11-24 06:55:32.431  9398  9434 I BatteryMgr:DataCollectionService: stats => 1700805332431,89721,4444,90026,4169000,100
11-24 06:55:32.448  9398  9434 I BatteryMgr:DataCollectionService: stats => 1700805332448,89721,4444,90026,4169000,100
11-24 06:55:32.471  1011  1189 I ASH     : @ 152184.663: tcs3701: stop power rail pending_off timer
11-24 06:55:32.471  1011  1189 D ASH     : @ 152184.663: tcs3701: start power rail timer, state:3
11-24 06:55:32.485  9398  9434 I BatteryMgr:DataCollectionService: stats => 1700805332485,93383,4444,90026,4169000,100
11-24 06:55:32.510  1011  1189 I ASH     : @ 152184.703: tcs3701: stop power rail pending_off timer
11-24 06:55:32.510  1011  1189 D ASH     : @ 152184.703: tcs3701: start power rail timer, state:3
11-24 06:55:32.528  9398 20344 I BatteryMgr:DataCollectionService: stats => 1700805332528,93383,4444,90026,4169000,100
11-24 06:55:32.528  9398  9436 I BatteryMgr:DataCollectionService: stats => 1700805332528,93383,4444,90026,4169000,100
11-24 06:55:32.529  9398  9434 I BatteryMgr:DataCollectionService: stats => 1700805332529,93383,4444,90026,4169000,100
11-24 06:55:32.535  9398  9434 I BatteryMgr:DataCollectionService: stats => 1700805332535,93383,4444,90026,4169000,100
11-24 06:55:32.550  1011  1189 I ASH     : @ 152184.743: tcs3701: stop power rail pending_off timer
11-24 06:55:32.550  1011  1189 D ASH     : @ 152184.743: tcs3701: start power rail timer, state:3
11-24 06:55:32.553  9398  9434 I BatteryMgr:DataCollectionService: stats => 1700805332552,93383,4444,90026,4169000,100
11-24 06:55:32.590  9398  9434 I BatteryMgr:DataCollectionService: stats => 1700805332590,95825,4444,90026,4169000,100
11-24 06:55:32.591  1011  1189 I ASH     : @ 152184.783: tcs3701: stop power rail pending_off timer
11-24 06:55:32.591  1011  1189 D ASH     : @ 152184.783: tcs3701: start power rail timer, state:3
11-24 06:55:32.614  1795  2735 D ActivityManager: freezer override set to true
11-24 06:55:32.630  1011  1189 I ASH     : @ 152184.823: tcs3701: stop power rail pending_off timer
11-24 06:55:32.630  1011  1189 D ASH     : @ 152184.823: tcs3701: start power rail timer, state:3
11-24 06:55:32.635  9398 20344 I BatteryMgr:DataCollectionService: stats => 1700805332635,95825,4444,90026,4169000,100
11-24 06:55:32.635  9398  9436 I BatteryMgr:DataCollectionService: stats => 1700805332635,95825,4444,90026,4169000,100
11-24 06:55:32.640  9398  9434 I BatteryMgr:DataCollectionService: stats => 1700805332640,95825,4444,90026,4169000,100
11-24 06:55:32.642  9398  9436 I BatteryMgr:DataCollectionService: stats => 1700805332642,95825,4444,90026,4169000,100
11-24 06:55:32.656  9398  9436 I BatteryMgr:DataCollectionService: stats => 1700805332656,95825,4444,90026,4169000,100
11-24 06:55:32.670  1011  1189 I ASH     : @ 152184.863: tcs3701: stop power rail pending_off timer
11-24 06:55:32.671  1011  1189 D ASH     : @ 152184.863: tcs3701: start power rail timer, state:3
11-24 06:55:32.694  9398  9436 I BatteryMgr:DataCollectionService: stats => 1700805332694,87280,4444,90026,4169000,100
11-24 06:55:32.711  1011  1189 I ASH     : @ 152184.903: tcs3701: stop power rail pending_off timer
11-24 06:55:32.711  1011  1189 D ASH     : @ 152184.903: tcs3701: start power rail timer, state:3
11-24 06:55:32.729  5738  5753 I m.chrome.canary: Explicit concurrent copying GC freed 3646(191KB) AllocSpace objects, 3(60KB) LOS objects, 75% free, 12MB/49MB, paused 28us,22us total 41.094ms
11-24 06:55:32.739  9398  9436 I BatteryMgr:DataCollectionService: stats => 1700805332739,87280,4444,90026,4169000,100
11-24 06:55:32.740  9398  9434 I BatteryMgr:DataCollectionService: stats => 1700805332740,87280,4444,90026,4169000,100
11-24 06:55:32.748  9398  9434 I BatteryMgr:DataCollectionService: stats => 1700805332748,87280,4444,90026,4169000,100
11-24 06:55:32.750  9398  9436 I BatteryMgr:DataCollectionService: stats => 1700805332750,87280,4444,90026,4169000,100
11-24 06:55:32.750  1011  1189 I ASH     : @ 152184.943: tcs3701: stop power rail pending_off timer
11-24 06:55:32.750  1011  1189 D ASH     : @ 152184.943: tcs3701: start power rail timer, state:3
11-24 06:55:32.760  9398  9436 I BatteryMgr:DataCollectionService: stats => 1700805332760,89111,4444,90026,4169000,100
11-24 06:55:32.785  1795  4169 D ActivityManager: freezer override set to false
11-24 06:55:32.791  1011  1189 I ASH     : @ 152184.983: tcs3701: stop power rail pending_off timer
11-24 06:55:32.791  1011  1189 D ASH     : @ 152184.983: tcs3701: start power rail timer, state:3
11-24 06:55:32.798  9398  9436 I BatteryMgr:DataCollectionService: stats => 1700805332798,89111,4444,90026,4169000,100
11-24 06:55:32.828  1795  4169 D ActivityManager: freezer override set to true
11-24 06:55:32.830  1011  1189 I ASH     : @ 152185.023: tcs3701: stop power rail pending_off timer
11-24 06:55:32.830  1011  1189 D ASH     : @ 152185.023: tcs3701: start power rail timer, state:3
11-24 06:55:32.830  1795  4169 D ActivityManager: freezer override set to false
11-24 06:55:32.844  9398  5646 I BatteryMgr:DataCollectionService: stats => 1700805332844,89111,4444,90026,4169000,100
11-24 06:55:32.844  9398  9434 I BatteryMgr:DataCollectionService: stats => 1700805332844,89111,4444,90026,4169000,100
11-24 06:55:32.852  9398  5646 I BatteryMgr:DataCollectionService: stats => 1700805332852,89111,4444,90026,4169000,100
11-24 06:55:32.855  9398  9434 I BatteryMgr:DataCollectionService: stats => 1700805332855,89111,4444,90026,4169000,100
11-24 06:55:32.865  9398  9434 I BatteryMgr:DataCollectionService: stats => 1700805332865,90026,4444,90026,4169000,100
11-24 06:55:32.871  1011  1189 I ASH     : @ 152185.063: tcs3701: stop power rail pending_off timer
11-24 06:55:32.871  1011  1189 D ASH     : @ 152185.063: tcs3701: start power rail timer, state:3
11-24 06:55:32.902  9398  9434 I BatteryMgr:DataCollectionService: stats => 1700805332902,90026,4444,90026,4169000,100
11-24 06:55:32.910  1011  1189 I ASH     : @ 152185.103: tcs3701: stop power rail pending_off timer
11-24 06:55:32.911  1011  1189 D ASH     : @ 152185.103: tcs3701: start power rail timer, state:3
11-24 06:55:32.948  9398  5646 I BatteryMgr:DataCollectionService: stats => 1700805332948,90026,4444,90026,4169000,100
11-24 06:55:32.950  9398  9434 I BatteryMgr:DataCollectionService: stats => 1700805332950,90026,4444,90026,4169000,100
11-24 06:55:32.950  1011  1189 I ASH     : @ 152185.143: tcs3701: stop power rail pending_off timer
11-24 06:55:32.950  1011  1189 D ASH     : @ 152185.143: tcs3701: start power rail timer, state:3
11-24 06:55:32.955  9398  9434 I BatteryMgr:DataCollectionService: stats => 1700805332955,90026,4444,90026,4169000,100
11-24 06:55:32.958  9398  9434 I BatteryMgr:DataCollectionService: stats => 1700805332958,91247,4444,90026,4169000,100
11-24 06:55:32.969  9398  9434 I BatteryMgr:DataCollectionService: stats => 1700805332969,91247,4444,90026,4169000,100
11-24 06:55:32.991  1011  1189 I ASH     : @ 152185.183: tcs3701: stop power rail pending_off timer
11-24 06:55:32.991  1011  1189 D ASH     : @ 152185.183: tcs3701: start power rail timer, state:3
11-24 06:55:33.005  9398  9434 I BatteryMgr:DataCollectionService: stats => 1700805333005,91247,4444,90026,4169000,100
11-24 06:55:33.030  1011  1189 I ASH     : @ 152185.223: tcs3701: stop power rail pending_off timer
11-24 06:55:33.031  1011  1189 D ASH     : @ 152185.223: tcs3701: start power rail timer, state:3
11-24 06:55:33.053  9398 20344 I BatteryMgr:DataCollectionService: stats => 1700805333053,91247,4444,90026,4169000,100
11-24 06:55:33.054  9398  9434 I BatteryMgr:DataCollectionService: stats => 1700805333054,91247,4444,90026,4169000,100
11-24 06:55:33.059  9398 20344 I BatteryMgr:DataCollectionService: stats => 1700805333059,91247,4444,90026,4169000,100
11-24 06:55:33.061  9398  9434 I BatteryMgr:DataCollectionService: stats => 1700805333061,91247,4444,90026,4169000,100
11-24 06:55:33.070  1011  1189 I ASH     : @ 152185.263: tcs3701: stop power rail pending_off timer
11-24 06:55:33.070  1011  1189 D ASH     : @ 152185.263: tcs3701: start power rail timer, state:3
11-24 06:55:33.072  9398  9434 I BatteryMgr:DataCollectionService: stats => 1700805333072,91247,4444,90026,4169000,100
11-24 06:55:33.110  9398  9434 I BatteryMgr:DataCollectionService: stats => 1700805333109,91247,4444,90026,4169000,100
11-24 06:55:33.110  1011  1189 I ASH     : @ 152185.303: tcs3701: stop power rail pending_off timer
11-24 06:55:33.110  1011  1189 D ASH     : @ 152185.303: tcs3701: start power rail timer, state:3
11-24 06:55:33.150  1011  1189 I ASH     : @ 152185.343: tcs3701: stop power rail pending_off timer
11-24 06:55:33.150  1011  1189 D ASH     : @ 152185.343: tcs3701: start power rail timer, state:3
11-24 06:55:33.158  9398 20344 I BatteryMgr:DataCollectionService: stats => 1700805333158,91247,4444,90026,4169000,100
11-24 06:55:33.158  9398  9434 I BatteryMgr:DataCollectionService: stats => 1700805333158,91247,4444,90026,4169000,100
11-24 06:55:33.164  9398  9434 I BatteryMgr:DataCollectionService: stats => 1700805333164,95520,4444,90026,4169000,100
11-24 06:55:33.165  9398 20344 I BatteryMgr:DataCollectionService: stats => 1700805333165,95520,4444,90026,4169000,100
11-24 06:55:33.177  9398 20344 I BatteryMgr:DataCollectionService: stats => 1700805333176,95520,4444,90026,4169000,100
11-24 06:55:33.190  1011  1189 I ASH     : @ 152185.383: tcs3701: stop power rail pending_off timer
11-24 06:55:33.190  1011  1189 D ASH     : @ 152185.383: tcs3701: start power rail timer, state:3
11-24 06:55:33.213  9398 20344 I BatteryMgr:DataCollectionService: stats => 1700805333213,95520,4444,90026,4169000,100
11-24 06:55:33.230  1011  1189 I ASH     : @ 152185.423: tcs3701: stop power rail pending_off timer
11-24 06:55:33.231  1011  1189 D ASH     : @ 152185.423: tcs3701: start power rail timer, state:3
11-24 06:55:33.262  9398 20344 I BatteryMgr:DataCollectionService: stats => 1700805333262,93078,4444,90026,4169000,100
11-24 06:55:33.263  9398  9434 I BatteryMgr:DataCollectionService: stats => 1700805333263,93078,4444,90026,4169000,100
11-24 06:55:33.267  9398  9434 I BatteryMgr:DataCollectionService: stats => 1700805333267,93078,4444,90026,4169000,100
11-24 06:55:33.268  9398 20344 I BatteryMgr:DataCollectionService: stats => 1700805333268,93078,4444,90026,4169000,100
11-24 06:55:33.270  1011  1189 I ASH     : @ 152185.463: tcs3701: stop power rail pending_off timer
11-24 06:55:33.270  1011  1189 D ASH     : @ 152185.463: tcs3701: start power rail timer, state:3
11-24 06:55:33.280  9398 20344 I BatteryMgr:DataCollectionService: stats => 1700805333280,93078,4444,90026,4169000,100
11-24 06:55:33.310  1011  1189 I ASH     : @ 152185.503: tcs3701: stop power rail pending_off timer
11-24 06:55:33.310  1011  1189 D ASH     : @ 152185.503: tcs3701: start power rail timer, state:3
11-24 06:55:33.317  9398 20344 I BatteryMgr:DataCollectionService: stats => 1700805333317,93078,4444,90026,4169000,100
11-24 06:55:33.350  1011  1189 I ASH     : @ 152185.543: tcs3701: stop power rail pending_off timer
11-24 06:55:33.350  1011  1189 D ASH     : @ 152185.543: tcs3701: start power rail timer, state:3
11-24 06:55:33.367  9398  9434 I BatteryMgr:DataCollectionService: stats => 1700805333367,93994,4444,90026,4169000,100
11-24 06:55:33.368  9398 20344 I BatteryMgr:DataCollectionService: stats => 1700805333367,93994,4444,90026,4169000,100
11-24 06:55:33.370  9398  9434 I BatteryMgr:DataCollectionService: stats => 1700805333370,93994,4444,90026,4169000,100
11-24 06:55:33.371  9398 20344 I BatteryMgr:DataCollectionService: stats => 1700805333371,93994,4444,90026,4169000,100
11-24 06:55:33.383  9398 20344 I BatteryMgr:DataCollectionService: stats => 1700805333383,93994,4444,90026,4169000,100
11-24 06:55:33.391  1011  1189 I ASH     : @ 152185.583: tcs3701: stop power rail pending_off timer
11-24 06:55:33.391  1011  1189 D ASH     : @ 152185.583: tcs3701: start power rail timer, state:3
11-24 06:55:33.421  9398 20344 I BatteryMgr:DataCollectionService: stats => 1700805333421,93994,4444,90026,4169000,100
11-24 06:55:33.430  1011  1189 I ASH     : @ 152185.623: tcs3701: stop power rail pending_off timer
11-24 06:55:33.430  1011  1189 D ASH     : @ 152185.623: tcs3701: start power rail timer, state:3
11-24 06:55:33.470  1011  1189 I ASH     : @ 152185.663: tcs3701: stop power rail pending_off timer
11-24 06:55:33.471  1011  1189 D ASH     : @ 152185.663: tcs3701: start power rail timer, state:3
11-24 06:55:33.472  9398  9434 I BatteryMgr:DataCollectionService: stats => 1700805333471,93994,4444,90026,4169000,100
11-24 06:55:33.472  9398 20344 I BatteryMgr:DataCollectionService: stats => 1700805333472,93994,4444,90026,4169000,100
11-24 06:55:33.475  9398  5646 I BatteryMgr:DataCollectionService: stats => 1700805333475,93994,4444,90026,4169000,100
11-24 06:55:33.475  9398  9436 I BatteryMgr:DataCollectionService: stats => 1700805333475,93994,4444,90026,4169000,100
11-24 06:55:33.488  9398  9436 I BatteryMgr:DataCollectionService: stats => 1700805333488,93994,4444,90026,4169000,100
11-24 06:55:33.510  1011  1189 I ASH     : @ 152185.703: tcs3701: stop power rail pending_off timer
11-24 06:55:33.510  1011  1189 D ASH     : @ 152185.703: tcs3701: start power rail timer, state:3
11-24 06:55:33.525  9398  9436 I BatteryMgr:DataCollectionService: stats => 1700805333525,93994,4444,90026,4169000,100
11-24 06:55:33.550  1011  1189 I ASH     : @ 152185.743: tcs3701: stop power rail pending_off timer
11-24 06:55:33.550  1011  1189 D ASH     : @ 152185.743: tcs3701: start power rail timer, state:3
11-24 06:55:33.577  9398  5646 I BatteryMgr:DataCollectionService: stats => 1700805333577,92468,4444,90026,4169000,100
11-24 06:55:33.577  9398  9436 I BatteryMgr:DataCollectionService: stats => 1700805333577,92468,4444,90026,4169000,100
11-24 06:55:33.578  9398  9434 I BatteryMgr:DataCollectionService: stats => 1700805333578,92468,4444,90026,4169000,100
11-24 06:55:33.579  9398 20344 I BatteryMgr:DataCollectionService: stats => 1700805333578,92468,4444,90026,4169000,100
11-24 06:55:33.590  1011  1189 I ASH     : @ 152185.783: tcs3701: stop power rail pending_off timer
11-24 06:55:33.590  1011  1189 D ASH     : @ 152185.783: tcs3701: start power rail timer, state:3
11-24 06:55:33.592  9398 20344 I BatteryMgr:DataCollectionService: stats => 1700805333592,92468,4444,90026,4169000,100
11-24 06:55:33.628  9398 20344 I BatteryMgr:DataCollectionService: stats => 1700805333628,92468,4444,90026,4169000,100
11-24 06:55:33.630  1011  1189 I ASH     : @ 152185.823: tcs3701: stop power rail pending_off timer
11-24 06:55:33.630  1011  1189 D ASH     : @ 152185.823: tcs3701: start power rail timer, state:3
11-24 06:55:33.670  1011  1189 I ASH     : @ 152185.863: tcs3701: stop power rail pending_off timer
11-24 06:55:33.670  1011  1189 D ASH     : @ 152185.863: tcs3701: start power rail timer, state:3
11-24 06:55:33.682  9398  9436 I BatteryMgr:DataCollectionService: stats => 1700805333682,93689,4444,90026,4169000,100
11-24 06:55:33.682  9398  9434 I BatteryMgr:DataCollectionService: stats => 1700805333682,93689,4444,90026,4169000,100
11-24 06:55:33.684  9398 20344 I BatteryMgr:DataCollectionService: stats => 1700805333684,93689,4444,90026,4169000,100
11-24 06:55:33.685  9398  5646 I BatteryMgr:DataCollectionService: stats => 1700805333685,93689,4444,90026,4169000,100
11-24 06:55:33.695  9398  5646 I BatteryMgr:DataCollectionService: stats => 1700805333695,93689,4444,90026,4169000,100
11-24 06:55:33.711  1011  1189 I ASH     : @ 152185.903: tcs3701: stop power rail pending_off timer
11-24 06:55:33.711  1011  1189 D ASH     : @ 152185.903: tcs3701: start power rail timer, state:3
11-24 06:55:33.733  9398  5646 I BatteryMgr:DataCollectionService: stats => 1700805333733,93689,4444,90026,4169000,100
11-24 06:55:33.745  1795  2387 D ActivityManager: freezer override set to true
11-24 06:55:33.748  1795  2387 D ActivityManager: freezer override set to false
11-24 06:55:33.750  1011  1189 I ASH     : @ 152185.943: tcs3701: stop power rail pending_off timer
11-24 06:55:33.750  1011  1189 D ASH     : @ 152185.943: tcs3701: start power rail timer, state:3
11-24 06:55:33.790  9398  9434 I BatteryMgr:DataCollectionService: stats => 1700805333790,97045,4444,90026,4169000,100
11-24 06:55:33.790  9398  5646 I BatteryMgr:DataCollectionService: stats => 1700805333790,97045,4444,90026,4169000,100
11-24 06:55:33.790  9398 20344 I BatteryMgr:DataCollectionService: stats => 1700805333790,97045,4444,90026,4169000,100
11-24 06:55:33.791  1011  1189 I ASH     : @ 152185.983: tcs3701: stop power rail pending_off timer
11-24 06:55:33.791  1011  1189 D ASH     : @ 152185.983: tcs3701: start power rail timer, state:3
11-24 06:55:33.792  9398  9436 I BatteryMgr:DataCollectionService: stats => 1700805333791,97045,4444,90026,4169000,100
11-24 06:55:33.800  9398  9436 I BatteryMgr:DataCollectionService: stats => 1700805333800,97045,4444,90026,4169000,100
11-24 06:55:33.830  1011  1189 I ASH     : @ 152186.023: tcs3701: stop power rail pending_off timer
11-24 06:55:33.830  1011  1189 D ASH     : @ 152186.023: tcs3701: start power rail timer, state:3
11-24 06:55:33.836  9398  9436 I BatteryMgr:DataCollectionService: stats => 1700805333836,97045,4444,90026,4169000,100
11-24 06:55:33.871  1011  1189 I ASH     : @ 152186.063: tcs3701: stop power rail pending_off timer
11-24 06:55:33.871  1011  1189 D ASH     : @ 152186.063: tcs3701: start power rail timer, state:3
11-24 06:55:33.885  5738  5799 W chromium: [WARNING:ev_root_ca_metadata.cc(119)] Not implemented
11-24 06:55:33.885  5738  5799 W chromium: [WARNING:ev_root_ca_metadata.cc(119)] Not implemented
11-24 06:55:33.905  9398  9434 I BatteryMgr:DataCollectionService: stats => 1700805333905,91552,4444,90026,4169000,100
11-24 06:55:33.908  9398  5646 I BatteryMgr:DataCollectionService: stats => 1700805333908,91552,4444,90026,4169000,100
11-24 06:55:33.908  9398 20344 I BatteryMgr:DataCollectionService: stats => 1700805333908,91552,4444,90026,4169000,100
11-24 06:55:33.909  9398 19000 I BatteryMgr:DataCollectionService: stats => 1700805333909,91552,4444,90026,4169000,100
11-24 06:55:33.910  9398  9433 I BatteryMgr:DataCollectionService: stats => 1700805333910,91552,4444,90026,4169000,100
11-24 06:55:33.910  1011  1189 I ASH     : @ 152186.103: tcs3701: stop power rail pending_off timer
11-24 06:55:33.910  1011  1189 D ASH     : @ 152186.103: tcs3701: start power rail timer, state:3
11-24 06:55:33.940  9398  9433 I BatteryMgr:DataCollectionService: stats => 1700805333940,91552,4444,90026,4169000,100
11-24 06:55:33.951  1011  1189 I ASH     : @ 152186.143: tcs3701: stop power rail pending_off timer
11-24 06:55:33.951  1011  1189 D ASH     : @ 152186.143: tcs3701: start power rail timer, state:3
11-24 06:55:33.983  1795  2735 D ActivityManager: freezer override set to true
11-24 06:55:33.990  1011  1189 I ASH     : @ 152186.183: tcs3701: stop power rail pending_off timer
11-24 06:55:33.990  1011  1189 D ASH     : @ 152186.183: tcs3701: start power rail timer, state:3
11-24 06:55:34.013  9398  9433 I BatteryMgr:DataCollectionService: stats => 1700805334013,91247,4444,90026,4169000,100
11-24 06:55:34.016  9398  5646 I BatteryMgr:DataCollectionService: stats => 1700805334016,91247,4444,90026,4169000,100
11-24 06:55:34.017  9398 20344 I BatteryMgr:DataCollectionService: stats => 1700805334017,91247,4444,90026,4169000,100
11-24 06:55:34.020  9398  9434 I BatteryMgr:DataCollectionService: stats => 1700805334020,91247,4444,90026,4169000,100
11-24 06:55:34.021  9398 19000 I BatteryMgr:DataCollectionService: stats => 1700805334021,91247,4444,90026,4169000,100
11-24 06:55:34.031  1011  1189 I ASH     : @ 152186.223: tcs3701: stop power rail pending_off timer
11-24 06:55:34.031  1011  1189 D ASH     : @ 152186.223: tcs3701: start power rail timer, state:3
11-24 06:55:34.045  9398 19000 I BatteryMgr:DataCollectionService: stats => 1700805334045,91247,4444,90026,4169000,100
11-24 06:55:34.070  1011  1189 I ASH     : @ 152186.263: tcs3701: stop power rail pending_off timer
11-24 06:55:34.070  1011  1189 D ASH     : @ 152186.263: tcs3701: start power rail timer, state:3
11-24 06:55:34.083  5738  5753 I m.chrome.canary: Explicit concurrent copying GC freed 3811(191KB) AllocSpace objects, 4(80KB) LOS objects, 75% free, 12MB/49MB, paused 27us,21us total 45.535ms
11-24 06:55:34.110  1011  1189 I ASH     : @ 152186.303: tcs3701: stop power rail pending_off timer
11-24 06:55:34.111  1011  1189 D ASH     : @ 152186.303: tcs3701: start power rail timer, state:3
11-24 06:55:34.117  9398 19000 I BatteryMgr:DataCollectionService: stats => 1700805334117,94909,4444,90026,4169000,100
11-24 06:55:34.124  9398  9433 I BatteryMgr:DataCollectionService: stats => 1700805334124,94909,4444,90026,4169000,100
11-24 06:55:34.125  9398  5646 I BatteryMgr:DataCollectionService: stats => 1700805334125,94909,4444,90026,4169000,100
11-24 06:55:34.125  9398 19000 I BatteryMgr:DataCollectionService: stats => 1700805334125,94909,4444,90026,4169000,100
11-24 06:55:34.125  9398 20344 I BatteryMgr:DataCollectionService: stats => 1700805334125,94909,4444,90026,4169000,100
11-24 06:55:34.136  1795  2735 D ActivityManager: freezer override set to false
11-24 06:55:34.148  9398 20344 I BatteryMgr:DataCollectionService: stats => 1700805334148,94909,4444,90026,4169000,100
11-24 06:55:34.151  1011  1189 I ASH     : @ 152186.343: tcs3701: stop power rail pending_off timer
11-24 06:55:34.151  1011  1189 D ASH     : @ 152186.343: tcs3701: start power rail timer, state:3
11-24 06:55:34.170  1795  2735 D ActivityManager: freezer override set to true
11-24 06:55:34.172  1795  2735 D ActivityManager: freezer override set to false
11-24 06:55:34.190  1011  1189 I ASH     : @ 152186.383: tcs3701: stop power rail pending_off timer
11-24 06:55:34.190  1011  1189 D ASH     : @ 152186.383: tcs3701: start power rail timer, state:3
11-24 06:55:34.222  9398 20344 I BatteryMgr:DataCollectionService: stats => 1700805334222,92468,4444,90026,4169000,100
11-24 06:55:34.229  9398  9433 I BatteryMgr:DataCollectionService: stats => 1700805334229,92468,4444,90026,4169000,100
11-24 06:55:34.230  1011  1189 I ASH     : @ 152186.423: tcs3701: stop power rail pending_off timer
11-24 06:55:34.230  1011  1189 D ASH     : @ 152186.423: tcs3701: start power rail timer, state:3
11-24 06:55:34.230  9398  5646 I BatteryMgr:DataCollectionService: stats => 1700805334230,92468,4444,90026,4169000,100
11-24 06:55:34.231  9398 20344 I BatteryMgr:DataCollectionService: stats => 1700805334231,92468,4444,90026,4169000,100
11-24 06:55:34.231  9398 19000 I BatteryMgr:DataCollectionService: stats => 1700805334231,92468,4444,90026,4169000,100
11-24 06:55:34.251  9398 19000 I BatteryMgr:DataCollectionService: stats => 1700805334251,92468,4444,90026,4169000,100
11-24 06:55:34.270  1011  1189 I ASH     : @ 152186.463: tcs3701: stop power rail pending_off timer
11-24 06:55:34.270  1011  1189 D ASH     : @ 152186.463: tcs3701: start power rail timer, state:3
11-24 06:55:34.310  1011  1189 I ASH     : @ 152186.503: tcs3701: stop power rail pending_off timer
11-24 06:55:34.310  1011  1189 D ASH     : @ 152186.503: tcs3701: start power rail timer, state:3
11-24 06:55:34.325  9398 19000 I BatteryMgr:DataCollectionService: stats => 1700805334325,93383,4444,90026,4169000,100
11-24 06:55:34.334  9398 20344 I BatteryMgr:DataCollectionService: stats => 1700805334334,93383,4444,90026,4169000,100
11-24 06:55:34.334  9398 19000 I BatteryMgr:DataCollectionService: stats => 1700805334334,93383,4444,90026,4169000,100
11-24 06:55:34.335  9398  9433 I BatteryMgr:DataCollectionService: stats => 1700805334335,93383,4444,90026,4169000,100
11-24 06:55:34.335  9398  5646 I BatteryMgr:DataCollectionService: stats => 1700805334335,93383,4444,90026,4169000,100
11-24 06:55:34.351  1011  1189 I ASH     : @ 152186.543: tcs3701: stop power rail pending_off timer
11-24 06:55:34.351  1011  1189 D ASH     : @ 152186.543: tcs3701: start power rail timer, state:3
11-24 06:55:34.355  9398  5646 I BatteryMgr:DataCollectionService: stats => 1700805334355,93383,4444,90026,4169000,100
11-24 06:55:34.390  1011  1189 I ASH     : @ 152186.583: tcs3701: stop power rail pending_off timer
11-24 06:55:34.391  1011  1189 D ASH     : @ 152186.583: tcs3701: start power rail timer, state:3
11-24 06:55:34.429  9398  5646 I BatteryMgr:DataCollectionService: stats => 1700805334429,94299,4444,90026,4169000,100
11-24 06:55:34.430  1011  1189 I ASH     : @ 152186.623: tcs3701: stop power rail pending_off timer
11-24 06:55:34.430  1011  1189 D ASH     : @ 152186.623: tcs3701: start power rail timer, state:3
11-24 06:55:34.440  9398 20344 I BatteryMgr:DataCollectionService: stats => 1700805334440,94299,4444,90026,4169000,100
11-24 06:55:34.440  9398  9433 I BatteryMgr:DataCollectionService: stats => 1700805334440,94299,4444,90026,4169000,100
11-24 06:55:34.441  9398  9436 I BatteryMgr:DataCollectionService: stats => 1700805334441,94299,4444,90026,4169000,100
11-24 06:55:34.442  9398  5646 I BatteryMgr:DataCollectionService: stats => 1700805334442,94299,4444,90026,4169000,100
11-24 06:55:34.459  9398  5646 I BatteryMgr:DataCollectionService: stats => 1700805334459,94299,4444,90026,4169000,100
11-24 06:55:34.470  1011  1189 I ASH     : @ 152186.663: tcs3701: stop power rail pending_off timer
11-24 06:55:34.470  1011  1189 D ASH     : @ 152186.663: tcs3701: start power rail timer, state:3
11-24 06:55:34.511  1011  1189 I ASH     : @ 152186.703: tcs3701: stop power rail pending_off timer
11-24 06:55:34.511  1011  1189 D ASH     : @ 152186.703: tcs3701: start power rail timer, state:3
11-24 06:55:34.533  9398  5646 I BatteryMgr:DataCollectionService: stats => 1700805334533,90942,4444,90026,4169000,100
11-24 06:55:34.544  9398  9436 I BatteryMgr:DataCollectionService: stats => 1700805334544,90942,4444,90026,4169000,100
11-24 06:55:34.547  9398  9433 I BatteryMgr:DataCollectionService: stats => 1700805334547,90942,4444,90026,4169000,100
11-24 06:55:34.548  9398  5646 I BatteryMgr:DataCollectionService: stats => 1700805334548,90942,4444,90026,4169000,100
11-24 06:55:34.549  9398 20344 I BatteryMgr:DataCollectionService: stats => 1700805334549,90942,4444,90026,4169000,100
11-24 06:55:34.551  1011  1189 I ASH     : @ 152186.743: tcs3701: stop power rail pending_off timer
11-24 06:55:34.551  1011  1189 D ASH     : @ 152186.743: tcs3701: start power rail timer, state:3
11-24 06:55:34.562  9398 20344 I BatteryMgr:DataCollectionService: stats => 1700805334562,93689,4444,90026,4169000,100
11-24 06:55:34.590  1011  1189 I ASH     : @ 152186.783: tcs3701: stop power rail pending_off timer
11-24 06:55:34.591  1011  1189 D ASH     : @ 152186.783: tcs3701: start power rail timer, state:3
11-24 06:55:34.632  1011  1189 I ASH     : @ 152186.823: tcs3701: stop power rail pending_off timer
11-24 06:55:34.632  1011  1189 D ASH     : @ 152186.823: tcs3701: start power rail timer, state:3
11-24 06:55:34.638  9398 20344 I BatteryMgr:DataCollectionService: stats => 1700805334637,93689,4444,90026,4169000,100
11-24 06:55:34.651  9398  5646 I BatteryMgr:DataCollectionService: stats => 1700805334651,93689,4444,90026,4169000,100
11-24 06:55:34.655  9398  9436 I BatteryMgr:DataCollectionService: stats => 1700805334655,93689,4444,90026,4169000,100
11-24 06:55:34.655  9398 19000 I BatteryMgr:DataCollectionService: stats => 1700805334655,93689,4444,90026,4169000,100
11-24 06:55:34.656  9398 20344 I BatteryMgr:DataCollectionService: stats => 1700805334656,93689,4444,90026,4169000,100
11-24 06:55:34.667  9398 20344 I BatteryMgr:DataCollectionService: stats => 1700805334667,89721,4444,90026,4169000,100
11-24 06:55:34.670  1011  1189 I ASH     : @ 152186.863: tcs3701: stop power rail pending_off timer
11-24 06:55:34.670  1011  1189 D ASH     : @ 152186.863: tcs3701: start power rail timer, state:3
11-24 06:55:34.711  1011  1189 I ASH     : @ 152186.903: tcs3701: stop power rail pending_off timer
11-24 06:55:34.711  1011  1189 D ASH     : @ 152186.903: tcs3701: start power rail timer, state:3
11-24 06:55:34.728  5738  5799 W chromium: [WARNING:ev_root_ca_metadata.cc(119)] Not implemented
11-24 06:55:34.744  9398 20344 I BatteryMgr:DataCollectionService: stats => 1700805334744,89721,4444,90026,4169000,100
11-24 06:55:34.751  1011  1189 I ASH     : @ 152186.943: tcs3701: stop power rail pending_off timer
11-24 06:55:34.751  1011  1189 D ASH     : @ 152186.943: tcs3701: start power rail timer, state:3
11-24 06:55:34.757  1795  2387 D ActivityManager: freezer override set to true
11-24 06:55:34.759  1795  2387 D ActivityManager: freezer override set to false
11-24 06:55:34.763  9398 19000 I BatteryMgr:DataCollectionService: stats => 1700805334763,89721,4444,90026,4169000,100
11-24 06:55:34.763  9398  9436 I BatteryMgr:DataCollectionService: stats => 1700805334763,89721,4444,90026,4169000,100
11-24 06:55:34.764  9398 20344 I BatteryMgr:DataCollectionService: stats => 1700805334764,89721,4444,90026,4169000,100
11-24 06:55:34.766  9398  5646 I BatteryMgr:DataCollectionService: stats => 1700805334766,95825,4444,90026,4169000,100
11-24 06:55:34.770  9398  5646 I BatteryMgr:DataCollectionService: stats => 1700805334770,95825,4444,90026,4169000,100
11-24 06:55:34.790  1011  1189 I ASH     : @ 152186.983: tcs3701: stop power rail pending_off timer
11-24 06:55:34.790  1011  1189 D ASH     : @ 152186.983: tcs3701: start power rail timer, state:3
11-24 06:55:34.830  1011  1189 I ASH     : @ 152187.023: tcs3701: stop power rail pending_off timer
11-24 06:55:34.830  1011  1189 D ASH     : @ 152187.023: tcs3701: start power rail timer, state:3
11-24 06:55:34.847  9398  5646 I BatteryMgr:DataCollectionService: stats => 1700805334847,95825,4444,90026,4169000,100
