11-24 14:36:19.809  1011  1189 I ASH     : @ 179831.999: tcs3701: stop power rail pending_off timer
11-24 14:36:19.809  1011  1189 D ASH     : @ 179831.999: tcs3701: start power rail timer, state:3
11-24 14:36:19.844 10476 10512 I BatteryMgr:DataCollectionService: stats => 1700832979844,14953,4445,6408,4168583,100
11-24 14:36:19.850  1011  1189 I ASH     : @ 179832.039: tcs3701: stop power rail pending_off timer
11-24 14:36:19.850  1011  1189 D ASH     : @ 179832.039: tcs3701: start power rail timer, state:3
11-24 14:36:19.889  1011  1189 I ASH     : @ 179832.079: tcs3701: stop power rail pending_off timer
11-24 14:36:19.889  1011  1189 D ASH     : @ 179832.079: tcs3701: start power rail timer, state:3
11-24 14:36:19.930  1011  1189 I ASH     : @ 179832.119: tcs3701: stop power rail pending_off timer
11-24 14:36:19.930  1011  1189 D ASH     : @ 179832.119: tcs3701: start power rail timer, state:3
11-24 14:36:19.949 10476 10512 I BatteryMgr:DataCollectionService: stats => 1700832979949,15869,4445,6408,4168583,100
11-24 14:36:19.969  1011  1189 I ASH     : @ 179832.159: tcs3701: stop power rail pending_off timer
11-24 14:36:19.969  1011  1189 D ASH     : @ 179832.159: tcs3701: start power rail timer, state:3
11-24 14:36:20.009  1011  1189 I ASH     : @ 179832.199: tcs3701: stop power rail pending_off timer
11-24 14:36:20.010  1011  1189 D ASH     : @ 179832.199: tcs3701: start power rail timer, state:3
11-24 14:36:20.050  1011  1189 I ASH     : @ 179832.239: tcs3701: stop power rail pending_off timer
11-24 14:36:20.050  1011  1189 D ASH     : @ 179832.239: tcs3701: start power rail timer, state:3
11-24 14:36:20.054 10476 10512 I BatteryMgr:DataCollectionService: stats => 1700832980054,12512,4445,6408,4168583,100
11-24 14:36:20.081  2113  2118 I pixel-thermal: skin-therm-monitor: 40.341
11-24 14:36:20.089  1011  1189 I ASH     : @ 179832.279: tcs3701: stop power rail pending_off timer
11-24 14:36:20.089  1011  1189 D ASH     : @ 179832.279: tcs3701: start power rail timer, state:3
11-24 14:36:20.129  1011  1189 I ASH     : @ 179832.319: tcs3701: stop power rail pending_off timer
11-24 14:36:20.129  1011  1189 D ASH     : @ 179832.319: tcs3701: start power rail timer, state:3
11-24 14:36:20.162 10476 10512 I BatteryMgr:DataCollectionService: stats => 1700832980161,13122,4445,6408,4168583,100
11-24 14:36:20.169  1011  1189 I ASH     : @ 179832.359: tcs3701: stop power rail pending_off timer
11-24 14:36:20.169  1011  1189 D ASH     : @ 179832.359: tcs3701: start power rail timer, state:3
11-24 14:36:20.209  1011  1189 I ASH     : @ 179832.399: tcs3701: stop power rail pending_off timer
11-24 14:36:20.209  1011  1189 D ASH     : @ 179832.399: tcs3701: start power rail timer, state:3
11-24 14:36:20.250  1011  1189 I ASH     : @ 179832.439: tcs3701: stop power rail pending_off timer
11-24 14:36:20.250  1011  1189 D ASH     : @ 179832.439: tcs3701: start power rail timer, state:3
11-24 14:36:20.268 10476 10512 I BatteryMgr:DataCollectionService: stats => 1700832980268,13427,4445,6408,4168583,100
11-24 14:36:20.289  1011  1189 I ASH     : @ 179832.479: tcs3701: stop power rail pending_off timer
11-24 14:36:20.289  1011  1189 D ASH     : @ 179832.479: tcs3701: start power rail timer, state:3
11-24 14:36:20.330  1011  1189 I ASH     : @ 179832.519: tcs3701: stop power rail pending_off timer
11-24 14:36:20.330  1011  1189 D ASH     : @ 179832.519: tcs3701: start power rail timer, state:3
11-24 14:36:20.369  1011  1189 I ASH     : @ 179832.559: tcs3701: stop power rail pending_off timer
11-24 14:36:20.369  1011  1189 D ASH     : @ 179832.559: tcs3701: start power rail timer, state:3
11-24 14:36:20.375 10476 10512 I BatteryMgr:DataCollectionService: stats => 1700832980375,14038,4445,6408,4168583,100
11-24 14:36:20.410  1011  1189 I ASH     : @ 179832.599: tcs3701: stop power rail pending_off timer
11-24 14:36:20.410  1011  1189 D ASH     : @ 179832.599: tcs3701: start power rail timer, state:3
11-24 14:36:20.447  1795  2855 D ActivityManager: freezer override set to true
11-24 14:36:20.449  1011  1189 I ASH     : @ 179832.639: tcs3701: stop power rail pending_off timer
11-24 14:36:20.449  1011  1189 D ASH     : @ 179832.639: tcs3701: start power rail timer, state:3
11-24 14:36:20.452  1795  2855 D ActivityManager: freezer override set to false
11-24 14:36:20.479 10476 10512 I BatteryMgr:DataCollectionService: stats => 1700832980479,10681,4445,6408,4168583,100
11-24 14:36:20.489  1011  1189 I ASH     : @ 179832.679: tcs3701: stop power rail pending_off timer
11-24 14:36:20.490  1011  1189 D ASH     : @ 179832.679: tcs3701: start power rail timer, state:3
11-24 14:36:20.522  1795  2855 D ActivityManager: freezer override set to true
11-24 14:36:20.530  1011  1189 I ASH     : @ 179832.719: tcs3701: stop power rail pending_off timer
11-24 14:36:20.530  1011  1189 D ASH     : @ 179832.719: tcs3701: start power rail timer, state:3
11-24 14:36:20.570  1011  1189 I ASH     : @ 179832.759: tcs3701: stop power rail pending_off timer
11-24 14:36:20.570  1011  1189 D ASH     : @ 179832.759: tcs3701: start power rail timer, state:3
11-24 14:36:20.583 10476 10512 I BatteryMgr:DataCollectionService: stats => 1700832980583,-12512,4445,-38452,4168583,100
11-24 14:36:20.609  1011  1189 I ASH     : @ 179832.799: tcs3701: stop power rail pending_off timer
11-24 14:36:20.609  1011  1189 D ASH     : @ 179832.799: tcs3701: start power rail timer, state:3
11-24 14:36:20.650  1011  1189 I ASH     : @ 179832.839: tcs3701: stop power rail pending_off timer
11-24 14:36:20.650  1011  1189 D ASH     : @ 179832.839: tcs3701: start power rail timer, state:3
11-24 14:36:20.688 10476 10512 I BatteryMgr:DataCollectionService: stats => 1700832980688,-15869,4445,-38452,4168583,100
11-24 14:36:20.689  1011  1189 I ASH     : @ 179832.879: tcs3701: stop power rail pending_off timer
11-24 14:36:20.689  1011  1189 D ASH     : @ 179832.879: tcs3701: start power rail timer, state:3
11-24 14:36:20.712 10075 10173 I m.chrome.canary: Explicit concurrent copying GC freed 3908(207KB) AllocSpace objects, 4(80KB) LOS objects, 75% free, 12MB/50MB, paused 86us,24us total 50.096ms
11-24 14:36:20.730  1011  1189 I ASH     : @ 179832.919: tcs3701: stop power rail pending_off timer
11-24 14:36:20.730  1011  1189 D ASH     : @ 179832.919: tcs3701: start power rail timer, state:3
11-24 14:36:20.769  1011  1189 I ASH     : @ 179832.959: tcs3701: stop power rail pending_off timer
11-24 14:36:20.769  1011  1189 D ASH     : @ 179832.959: tcs3701: start power rail timer, state:3
11-24 14:36:20.772  1795  2855 D ActivityManager: freezer override set to false
11-24 14:36:20.794 10476 10512 I BatteryMgr:DataCollectionService: stats => 1700832980793,-3356,4445,-38452,4168583,100
11-24 14:36:20.809  1011  1189 I ASH     : @ 179832.999: tcs3701: stop power rail pending_off timer
11-24 14:36:20.809  1011  1189 D ASH     : @ 179832.999: tcs3701: start power rail timer, state:3
11-24 14:36:20.838  1795  2855 D ActivityManager: freezer override set to true
11-24 14:36:20.841  1795  2855 D ActivityManager: freezer override set to false
11-24 14:36:20.849  1011  1189 I ASH     : @ 179833.039: tcs3701: stop power rail pending_off timer
11-24 14:36:20.849  1011  1189 D ASH     : @ 179833.039: tcs3701: start power rail timer, state:3
11-24 14:36:20.883  1039  1095 D rlsservice: MonitorDisplayStatus client num 0, display status 1, sensor status 0
11-24 14:36:20.890  1011  1189 I ASH     : @ 179833.079: tcs3701: stop power rail pending_off timer
11-24 14:36:20.890  1011  1189 D ASH     : @ 179833.079: tcs3701: start power rail timer, state:3
11-24 14:36:20.899 10476 10512 I BatteryMgr:DataCollectionService: stats => 1700832980898,14038,4445,-38452,4168583,100
11-24 14:36:20.929  1011  1189 I ASH     : @ 179833.119: tcs3701: stop power rail pending_off timer
11-24 14:36:20.929  1011  1189 D ASH     : @ 179833.119: tcs3701: start power rail timer, state:3
11-24 14:36:20.969  1011  1189 I ASH     : @ 179833.159: tcs3701: stop power rail pending_off timer
11-24 14:36:20.969  1011  1189 D ASH     : @ 179833.159: tcs3701: start power rail timer, state:3
11-24 14:36:21.006 10476 10512 I BatteryMgr:DataCollectionService: stats => 1700832981006,2746,4445,-38452,4168583,100
11-24 14:36:21.009  1011  1189 I ASH     : @ 179833.199: tcs3701: stop power rail pending_off timer
11-24 14:36:21.010  1011  1189 D ASH     : @ 179833.199: tcs3701: start power rail timer, state:3
11-24 14:36:21.049  1011  1189 I ASH     : @ 179833.239: tcs3701: stop power rail pending_off timer
11-24 14:36:21.049  1011  1189 D ASH     : @ 179833.239: tcs3701: start power rail timer, state:3
11-24 14:36:21.089  1011  1189 I ASH     : @ 179833.279: tcs3701: stop power rail pending_off timer
11-24 14:36:21.089  1011  1189 D ASH     : @ 179833.279: tcs3701: start power rail timer, state:3
11-24 14:36:21.114 10476 10512 I BatteryMgr:DataCollectionService: stats => 1700832981114,-20446,4445,-38452,4168583,100
11-24 14:36:21.130  1011  1189 I ASH     : @ 179833.319: tcs3701: stop power rail pending_off timer
11-24 14:36:21.130  1011  1189 D ASH     : @ 179833.319: tcs3701: start power rail timer, state:3
11-24 14:36:21.169  1011  1189 I ASH     : @ 179833.359: tcs3701: stop power rail pending_off timer
11-24 14:36:21.169  1011  1189 D ASH     : @ 179833.359: tcs3701: start power rail timer, state:3
11-24 14:36:21.210  1011  1189 I ASH     : @ 179833.399: tcs3701: stop power rail pending_off timer
11-24 14:36:21.210  1011  1189 D ASH     : @ 179833.399: tcs3701: start power rail timer, state:3
11-24 14:36:21.222 10476 10512 I BatteryMgr:DataCollectionService: stats => 1700832981222,7629,4445,-38452,4168583,100
11-24 14:36:21.249  1011  1189 I ASH     : @ 179833.439: tcs3701: stop power rail pending_off timer
11-24 14:36:21.249  1011  1189 D ASH     : @ 179833.439: tcs3701: start power rail timer, state:3
11-24 14:36:21.289  1011  1189 I ASH     : @ 179833.479: tcs3701: stop power rail pending_off timer
11-24 14:36:21.289  1011  1189 D ASH     : @ 179833.479: tcs3701: start power rail timer, state:3
11-24 14:36:21.326  1795  2424 D WifiClientModeImpl[13802:wlan0]: updateLinkLayerStatsRssiSpeedFrequencyCapabilities rssi=-46 TxLinkspeed=780 freq=5240 RxLinkSpeed=866
11-24 14:36:21.327  2782  5906 D QCNEJ/WlanStaInfoRelay: Received action: android.net.wifi.RSSI_CHANGED
11-24 14:36:21.327  1795  2424 D WifiScoreCard: 1 lastSampleWeight=47/128 filterInKbps=58685 avgKbps=58685 filterOutKbps=65923
11-24 14:36:21.327  1795  2424 D WifiClientModeImpl[13802:wlan0]: reported txKbps 12000 rxKbps 65923
11-24 14:36:21.327  1795  2424 D WifiDataStall: tx tput in kbps: 634938
11-24 14:36:21.327  1795  2424 D WifiDataStall: rx tput in kbps: 774664
11-24 14:36:21.328  1795  2424 V WifiConfigManager: Updating scan detail cache freq=5240 BSSID=f4:6d:2f:12:cc:88 RSSI=-44 for "ourhome"WPA_PSK
11-24 14:36:21.328  1795  2424 D WifiChannelUtilization:  freq: 5240 onTime: 5245543 busyTime: 518969 onTimeDiff: 1870751 busyTimeDiff: 203270 utilization: 27 utilization t0: 25
11-24 14:36:21.328  1795  2424 D WifiDataStall:  ccaLevel = 27
11-24 14:36:21.328  1795  2424 D WifiDataStall: L2 txTputKbps: 662847, rxTputKbps: 774664, L3 txTputKbps: 0, rxTputKbps: 0, TxTrafficHigh: false, RxTrafficHigh: false, Throughput Sufficient: true
11-24 14:36:21.328  1795  2424 D WifiScoreReport: Wifi scoring disabled - Don't check IP layer
11-24 14:36:21.328  2673  4031 V WifiManager: OnWifiUsabilityStatsListener: onWifiUsabilityStats: seqNum=52569
11-24 14:36:21.328  1795  2424 D WifiScoreCard: BSSID update SIGNAL_POLL ID: 1320464697 SSID: "ourhome", BSSID: f4:6d:2f:12:cc:88, MAC: b2:2f:ec:da:4a:0c, IP: /192.168.1.104, Security type: 2, Supplicant state: COMPLETED, Wi-Fi standard: 5, RSSI: -46, Link speed: 780Mbps, Tx Link speed: 780Mbps, Max Supported Tx Link speed: 866Mbps, Rx Link speed: 866Mbps, Max Supported Rx Link speed: 866Mbps, Frequency: 5240MHz, Net ID: 12, Metered hint: false, score: 60, isUsable: true, CarrierMerged: false, SubscriptionId: -1, IsPrimary: 1, Trusted: true, Restricted: false, Ephemeral: false, OEM paid: false, OEM private: false, OSU AP: false, FQDN: <none>, Provider friendly name: <none>, Requesting package name: <none>"ourhome"wpa2-pskMLO Information: , Is TID-To-Link negotiation supported by the AP: false, AP MLD Address: <none>, AP MLO Link Id: <none>, AP MLO Affiliated links: <none>
11-24 14:36:21.328  1795  2424 D WifiScoreCard: txRate: 148 txSpeed: 780
11-24 14:36:21.328  1795  2424 D WifiScoreCard: network update SIGNAL_POLL "ourhome" ID: 1499892569 RSSI -46 txSpeed 780
11-24 14:36:21.328  1795  2424 D WifiClientModeImpl[13802:wlan0]:  ClientModeImpl$L2ConnectedState screen=on 29 0 "ourhome" f4:6d:2f:12:cc:88 rssi=-46 f=5240 sc=60 link=780 tx=123.8, 24.0, 0.0 rx=834.8 bcn=1731696 [on:0 tx:0 rx:0 period:3012] from screen [on:635963 period:28223319] score=60
11-24 14:36:21.328  2513 14800 V WifiManager: TrafficStateCallbackProxy: onStateChanged state=0
11-24 14:36:21.328  1795  4144 I WifiService: updateWifiUsabilityScore uid=10180 seqNum=52569 score=100 predictionHorizonSec=1441795
11-24 14:36:21.329  1795  2424 D WifiScoreReport: Wifi scoring disabled - Notify that Wifi is usable
11-24 14:36:21.329  1011  1189 I ASH     : @ 179833.519: tcs3701: stop power rail pending_off timer
11-24 14:36:21.330  1011  1189 D ASH     : @ 179833.519: tcs3701: start power rail timer, state:3
11-24 14:36:21.335  1795  4144 I WifiService: getWifiEnabledState uid=10233 state=3
11-24 14:36:21.338  3473  4683 I CarrierServices: [49] ekm.handleMessage: RcsEngineImpl[DUAL_REG]:[deae450f-f3f3]>Handler: handleMessage processing message:[NOTIFY_UPTIME_IGNORE_STATE_CHANGED] with [non-null]:RcsEngineImpl reference
11-24 14:36:21.338 10476 10512 I BatteryMgr:DataCollectionService: stats => 1700832981338,-1831,4445,-38452,4168583,100
11-24 14:36:21.338  2895  3470 E PhoneInterfaceManager: [PhoneIntfMgr] getCarrierPrivilegeStatusForUid: Invalid subId
11-24 14:36:21.339  3473  4683 I CarrierServices: [49] ejf.b: ProvisioningEngineDataRetriever: RCS Configuration storage in Bugle is disabled by p/h flag, using ProvisioningEngineStateCacheUtil.getProvisioningConfigurationForGivenSimIfExist()
11-24 14:36:21.341  2673  2720 D DeviceStateHelper: Wifi freq: 5240
11-24 14:36:21.344  3473  4697 I CarrierServices: [50] eam.c: Connected state: [1], networkType: [WIFI]
11-24 14:36:21.344  1795  3659 I WifiService: getSoftApConfiguration uid=10180
11-24 14:36:21.345  1795  2432 D ConnectivityService: NetReassign [no changes] [c 0] [a 0] [i 3]
11-24 14:36:21.370  1011  1189 I ASH     : @ 179833.559: tcs3701: stop power rail pending_off timer
11-24 14:36:21.370  1011  1189 D ASH     : @ 179833.559: tcs3701: start power rail timer, state:3
11-24 14:36:21.409  1011  1189 I ASH     : @ 179833.599: tcs3701: stop power rail pending_off timer
11-24 14:36:21.409  1011  1189 D ASH     : @ 179833.599: tcs3701: start power rail timer, state:3
11-24 14:36:21.438  1795  3324 D ActivityManager: freezer override set to true
11-24 14:36:21.442  1795  3324 D ActivityManager: freezer override set to false
11-24 14:36:21.443 10476 10512 I BatteryMgr:DataCollectionService: stats => 1700832981443,10986,4445,-38452,4168583,100
11-24 14:36:21.449  1011  1189 I ASH     : @ 179833.639: tcs3701: stop power rail pending_off timer
11-24 14:36:21.450  1011  1189 D ASH     : @ 179833.639: tcs3701: start power rail timer, state:3
11-24 14:36:21.490  1011  1189 I ASH     : @ 179833.679: tcs3701: stop power rail pending_off timer
11-24 14:36:21.490  1011  1189 D ASH     : @ 179833.679: tcs3701: start power rail timer, state:3
11-24 14:36:21.529  1011  1189 I ASH     : @ 179833.719: tcs3701: stop power rail pending_off timer
11-24 14:36:21.530  1011  1189 D ASH     : @ 179833.719: tcs3701: start power rail timer, state:3
11-24 14:36:21.550 10476 10512 I BatteryMgr:DataCollectionService: stats => 1700832981550,11291,4445,-38452,4168583,100
11-24 14:36:21.569  1011  1189 I ASH     : @ 179833.759: tcs3701: stop power rail pending_off timer
11-24 14:36:21.570  1011  1189 D ASH     : @ 179833.759: tcs3701: start power rail timer, state:3
11-24 14:36:21.609  1011  1189 I ASH     : @ 179833.799: tcs3701: stop power rail pending_off timer
11-24 14:36:21.609  1011  1189 D ASH     : @ 179833.799: tcs3701: start power rail timer, state:3
11-24 14:36:21.649  1011  1189 I ASH     : @ 179833.839: tcs3701: stop power rail pending_off timer
11-24 14:36:21.649  1011  1189 D ASH     : @ 179833.839: tcs3701: start power rail timer, state:3
11-24 14:36:21.655 10476 10512 I BatteryMgr:DataCollectionService: stats => 1700832981655,8850,4445,-38452,4168583,100
11-24 14:36:21.689  1011  1189 I ASH     : @ 179833.879: tcs3701: stop power rail pending_off timer
11-24 14:36:21.690  1011  1189 D ASH     : @ 179833.879: tcs3701: start power rail timer, state:3
11-24 14:36:21.730  1011  1189 I ASH     : @ 179833.919: tcs3701: stop power rail pending_off timer
11-24 14:36:21.730  1011  1189 D ASH     : @ 179833.919: tcs3701: start power rail timer, state:3
11-24 14:36:21.759 10476 10512 I BatteryMgr:DataCollectionService: stats => 1700832981759,11291,4445,-38452,4168583,100
11-24 14:36:21.769  1011  1189 I ASH     : @ 179833.959: tcs3701: stop power rail pending_off timer
11-24 14:36:21.770  1011  1189 D ASH     : @ 179833.959: tcs3701: start power rail timer, state:3
11-24 14:36:21.809  1011  1189 I ASH     : @ 179833.999: tcs3701: stop power rail pending_off timer
11-24 14:36:21.809  1011  1189 D ASH     : @ 179833.999: tcs3701: start power rail timer, state:3
11-24 14:36:21.850  1011  1189 I ASH     : @ 179834.039: tcs3701: stop power rail pending_off timer
11-24 14:36:21.850  1011  1189 D ASH     : @ 179834.039: tcs3701: start power rail timer, state:3
11-24 14:36:21.864 10476 10512 I BatteryMgr:DataCollectionService: stats => 1700832981863,14953,4445,-38452,4168583,100
11-24 14:36:21.890  1011  1189 I ASH     : @ 179834.079: tcs3701: stop power rail pending_off timer
11-24 14:36:21.890  1011  1189 D ASH     : @ 179834.079: tcs3701: start power rail timer, state:3
11-24 14:36:21.930  1011  1189 I ASH     : @ 179834.119: tcs3701: stop power rail pending_off timer
11-24 14:36:21.930  1011  1189 D ASH     : @ 179834.119: tcs3701: start power rail timer, state:3
11-24 14:36:21.970  1011  1189 I ASH     : @ 179834.159: tcs3701: stop power rail pending_off timer
11-24 14:36:21.970  1011  1189 D ASH     : @ 179834.159: tcs3701: start power rail timer, state:3
11-24 14:36:21.970 10476 10512 I BatteryMgr:DataCollectionService: stats => 1700832981970,14953,4445,-38452,4168583,100
11-24 14:36:21.995  1795  3659 D ActivityManager: freezer override set to true
11-24 14:36:22.009  1011  1189 I ASH     : @ 179834.199: tcs3701: stop power rail pending_off timer
11-24 14:36:22.009  1011  1189 D ASH     : @ 179834.199: tcs3701: start power rail timer, state:3
11-24 14:36:22.049  1011  1189 I ASH     : @ 179834.239: tcs3701: stop power rail pending_off timer
11-24 14:36:22.049  1011  1189 D ASH     : @ 179834.239: tcs3701: start power rail timer, state:3
11-24 14:36:22.077 10476 10512 I BatteryMgr:DataCollectionService: stats => 1700832982077,14343,4445,-38452,4168583,100
11-24 14:36:22.089  1011  1189 I ASH     : @ 179834.279: tcs3701: stop power rail pending_off timer
11-24 14:36:22.089  1011  1189 D ASH     : @ 179834.279: tcs3701: start power rail timer, state:3
11-24 14:36:22.103 10075 10173 I m.chrome.canary: Explicit concurrent copying GC freed 4265(223KB) AllocSpace objects, 3(60KB) LOS objects, 75% free, 12MB/50MB, paused 36us,57us total 54.043ms
11-24 14:36:22.129  1011  1189 I ASH     : @ 179834.319: tcs3701: stop power rail pending_off timer
11-24 14:36:22.129  1011  1189 D ASH     : @ 179834.319: tcs3701: start power rail timer, state:3
11-24 14:36:22.168  1795  3659 D ActivityManager: freezer override set to false
11-24 14:36:22.169  1011  1189 I ASH     : @ 179834.359: tcs3701: stop power rail pending_off timer
11-24 14:36:22.169  1011  1189 D ASH     : @ 179834.359: tcs3701: start power rail timer, state:3
11-24 14:36:22.181 10476 10512 I BatteryMgr:DataCollectionService: stats => 1700832982181,16784,4445,-38452,4168583,100
11-24 14:36:22.204  1795  3659 D ActivityManager: freezer override set to true
11-24 14:36:22.207  1795  3659 D ActivityManager: freezer override set to false
11-24 14:36:22.209  1011  1189 I ASH     : @ 179834.399: tcs3701: stop power rail pending_off timer
11-24 14:36:22.209  1011  1189 D ASH     : @ 179834.399: tcs3701: start power rail timer, state:3
11-24 14:36:22.249  1011  1189 I ASH     : @ 179834.439: tcs3701: stop power rail pending_off timer
11-24 14:36:22.249  1011  1189 D ASH     : @ 179834.439: tcs3701: start power rail timer, state:3
11-24 14:36:22.287 10476 10512 I BatteryMgr:DataCollectionService: stats => 1700832982287,10986,4445,-38452,4168583,100
11-24 14:36:22.290  1011  1189 I ASH     : @ 179834.479: tcs3701: stop power rail pending_off timer
11-24 14:36:22.290  1011  1189 D ASH     : @ 179834.479: tcs3701: start power rail timer, state:3
11-24 14:36:22.329  1011  1189 I ASH     : @ 179834.519: tcs3701: stop power rail pending_off timer
11-24 14:36:22.329  1011  1189 D ASH     : @ 179834.519: tcs3701: start power rail timer, state:3
11-24 14:36:22.369  1011  1189 I ASH     : @ 179834.559: tcs3701: stop power rail pending_off timer
11-24 14:36:22.369  1011  1189 D ASH     : @ 179834.559: tcs3701: start power rail timer, state:3
11-24 14:36:22.393 10476 10512 I BatteryMgr:DataCollectionService: stats => 1700832982393,14038,4445,-38452,4168583,100
11-24 14:36:22.409  1011  1189 I ASH     : @ 179834.599: tcs3701: stop power rail pending_off timer
11-24 14:36:22.409  1011  1189 D ASH     : @ 179834.599: tcs3701: start power rail timer, state:3
11-24 14:36:22.447  1795  3659 D ActivityManager: freezer override set to true
11-24 14:36:22.449  1011  1189 I ASH     : @ 179834.639: tcs3701: stop power rail pending_off timer
11-24 14:36:22.449  1011  1189 D ASH     : @ 179834.639: tcs3701: start power rail timer, state:3
11-24 14:36:22.450  1795  3659 D ActivityManager: freezer override set to false
11-24 14:36:22.490  1011  1189 I ASH     : @ 179834.679: tcs3701: stop power rail pending_off timer
11-24 14:36:22.490  1011  1189 D ASH     : @ 179834.679: tcs3701: start power rail timer, state:3
11-24 14:36:22.499 10476 10512 I BatteryMgr:DataCollectionService: stats => 1700832982499,13732,4445,-38452,4168583,100
11-24 14:36:22.530  1011  1189 I ASH     : @ 179834.719: tcs3701: stop power rail pending_off timer
11-24 14:36:22.530  1011  1189 D ASH     : @ 179834.719: tcs3701: start power rail timer, state:3
11-24 14:36:22.569  1011  1189 I ASH     : @ 179834.759: tcs3701: stop power rail pending_off timer
11-24 14:36:22.569  1011  1189 D ASH     : @ 179834.759: tcs3701: start power rail timer, state:3
11-24 14:36:22.603 10476 10512 I BatteryMgr:DataCollectionService: stats => 1700832982603,14038,4445,-38452,4168583,100
11-24 14:36:22.609  1011  1189 I ASH     : @ 179834.799: tcs3701: stop power rail pending_off timer
11-24 14:36:22.609  1011  1189 D ASH     : @ 179834.799: tcs3701: start power rail timer, state:3
11-24 14:36:22.649  1011  1189 I ASH     : @ 179834.839: tcs3701: stop power rail pending_off timer
11-24 14:36:22.649  1011  1189 D ASH     : @ 179834.839: tcs3701: start power rail timer, state:3
11-24 14:36:22.689  1011  1189 I ASH     : @ 179834.879: tcs3701: stop power rail pending_off timer
11-24 14:36:22.690  1011  1189 D ASH     : @ 179834.879: tcs3701: start power rail timer, state:3
11-24 14:36:22.705  1795  2424 D WifiNetworkSelector: Current connected network: 12
11-24 14:36:22.705  1795  2424 V WifiConnectivityManager: No partial scan because firmware roaming is supported.
11-24 14:36:22.705  1795  2424 V WifiConnectivityManager: schedulePeriodicScanTimer intervalMs 20000
11-24 14:36:22.708 10476 10512 I BatteryMgr:DataCollectionService: stats => 1700832982708,8239,4445,-38452,4168583,100
11-24 14:36:22.729  1011  1189 I ASH     : @ 179834.919: tcs3701: stop power rail pending_off timer
11-24 14:36:22.729  1011  1189 D ASH     : @ 179834.919: tcs3701: start power rail timer, state:3
11-24 14:36:22.769  1011  1189 I ASH     : @ 179834.959: tcs3701: stop power rail pending_off timer
11-24 14:36:22.769  1011  1189 D ASH     : @ 179834.959: tcs3701: start power rail timer, state:3
11-24 14:36:22.809  1011  1189 I ASH     : @ 179834.999: tcs3701: stop power rail pending_off timer
11-24 14:36:22.809  1011  1189 D ASH     : @ 179834.999: tcs3701: start power rail timer, state:3
11-24 14:36:22.813 10476 10512 I BatteryMgr:DataCollectionService: stats => 1700832982813,13427,4445,-38452,4168583,100
11-24 14:36:22.850  1011  1189 I ASH     : @ 179835.039: tcs3701: stop power rail pending_off timer
11-24 14:36:22.850  1011  1189 D ASH     : @ 179835.039: tcs3701: start power rail timer, state:3
11-24 14:36:22.890  1011  1189 I ASH     : @ 179835.079: tcs3701: stop power rail pending_off timer
11-24 14:36:22.890  1011  1189 D ASH     : @ 179835.079: tcs3701: start power rail timer, state:3
11-24 14:36:22.919 10476 10512 I BatteryMgr:DataCollectionService: stats => 1700832982918,13427,4445,-38452,4168583,100
11-24 14:36:22.929  1011  1189 I ASH     : @ 179835.119: tcs3701: stop power rail pending_off timer
11-24 14:36:22.929  1011  1189 D ASH     : @ 179835.119: tcs3701: start power rail timer, state:3
11-24 14:36:22.970  1011  1189 I ASH     : @ 179835.159: tcs3701: stop power rail pending_off timer
11-24 14:36:22.970  1011  1189 D ASH     : @ 179835.159: tcs3701: start power rail timer, state:3
11-24 14:36:23.009  1011  1189 I ASH     : @ 179835.199: tcs3701: stop power rail pending_off timer
11-24 14:36:23.009  1011  1189 D ASH     : @ 179835.199: tcs3701: start power rail timer, state:3
11-24 14:36:23.023 10476 10512 I BatteryMgr:DataCollectionService: stats => 1700832983023,15258,4445,-38452,4168583,100
11-24 14:36:23.050  1011  1189 I ASH     : @ 179835.239: tcs3701: stop power rail pending_off timer
11-24 14:36:23.050  1011  1189 D ASH     : @ 179835.239: tcs3701: start power rail timer, state:3
11-24 14:36:23.089  1011  1189 I ASH     : @ 179835.279: tcs3701: stop power rail pending_off timer
11-24 14:36:23.089  1011  1189 D ASH     : @ 179835.279: tcs3701: start power rail timer, state:3
11-24 14:36:23.128 10476 10512 I BatteryMgr:DataCollectionService: stats => 1700832983128,15258,4445,-38452,4168583,100
11-24 14:36:23.130  1011  1189 I ASH     : @ 179835.319: tcs3701: stop power rail pending_off timer
11-24 14:36:23.130  1011  1189 D ASH     : @ 179835.319: tcs3701: start power rail timer, state:3
11-24 14:36:23.169  1011  1189 I ASH     : @ 179835.359: tcs3701: stop power rail pending_off timer
11-24 14:36:23.169  1011  1189 D ASH     : @ 179835.359: tcs3701: start power rail timer, state:3
11-24 14:36:23.209  1011  1189 I ASH     : @ 179835.399: tcs3701: stop power rail pending_off timer
11-24 14:36:23.209  1011  1189 D ASH     : @ 179835.399: tcs3701: start power rail timer, state:3
11-24 14:36:23.235 10476 10512 I BatteryMgr:DataCollectionService: stats => 1700832983235,14343,4445,-38452,4168583,100
11-24 14:36:23.249  1011  1189 I ASH     : @ 179835.439: tcs3701: stop power rail pending_off timer
11-24 14:36:23.249  1011  1189 D ASH     : @ 179835.439: tcs3701: start power rail timer, state:3
11-24 14:36:23.289  1011  1189 I ASH     : @ 179835.479: tcs3701: stop power rail pending_off timer
11-24 14:36:23.289  1011  1189 D ASH     : @ 179835.479: tcs3701: start power rail timer, state:3
11-24 14:36:23.329  1011  1189 I ASH     : @ 179835.519: tcs3701: stop power rail pending_off timer
11-24 14:36:23.330  1011  1189 D ASH     : @ 179835.519: tcs3701: start power rail timer, state:3
11-24 14:36:23.341 10476 10512 I BatteryMgr:DataCollectionService: stats => 1700832983341,15563,4445,-38452,4168583,100
11-24 14:36:23.349  1795  3659 D ActivityManager: freezer override set to true
11-24 14:36:23.369  1011  1189 I ASH     : @ 179835.559: tcs3701: stop power rail pending_off timer
11-24 14:36:23.369  1011  1189 D ASH     : @ 179835.559: tcs3701: start power rail timer, state:3
11-24 14:36:23.409  2113  2118 I pixel-thermal: skin-therm-monitor: 40.397
11-24 14:36:23.409  1011  1189 I ASH     : @ 179835.599: tcs3701: stop power rail pending_off timer
11-24 14:36:23.409  1011  1189 D ASH     : @ 179835.599: tcs3701: start power rail timer, state:3
11-24 14:36:23.447 10476 10512 I BatteryMgr:DataCollectionService: stats => 1700832983447,-610,4445,-38452,4168583,100
11-24 14:36:23.450  1011  1189 I ASH     : @ 179835.639: tcs3701: stop power rail pending_off timer
11-24 14:36:23.450  1011  1189 D ASH     : @ 179835.639: tcs3701: start power rail timer, state:3
11-24 14:36:23.458 10075 10173 I m.chrome.canary: Explicit concurrent copying GC freed 3655(192KB) AllocSpace objects, 3(60KB) LOS objects, 75% free, 12MB/50MB, paused 36us,24us total 52.743ms
11-24 14:36:23.489  1011  1189 I ASH     : @ 179835.679: tcs3701: stop power rail pending_off timer
11-24 14:36:23.489  1011  1189 D ASH     : @ 179835.679: tcs3701: start power rail timer, state:3
11-24 14:36:23.521  1795  3324 D ActivityManager: freezer override set to false
11-24 14:36:23.529  1011  1189 I ASH     : @ 179835.719: tcs3701: stop power rail pending_off timer
11-24 14:36:23.529  1011  1189 D ASH     : @ 179835.719: tcs3701: start power rail timer, state:3
11-24 14:36:23.552 10476 10512 I BatteryMgr:DataCollectionService: stats => 1700832983552,-2441,4445,-38452,4168583,100
11-24 14:36:23.562  1795  3324 D ActivityManager: freezer override set to true
11-24 14:36:23.566  1795  3324 D ActivityManager: freezer override set to false
11-24 14:36:23.570  1011  1189 I ASH     : @ 179835.759: tcs3701: stop power rail pending_off timer
11-24 14:36:23.570  1011  1189 D ASH     : @ 179835.759: tcs3701: start power rail timer, state:3
11-24 14:36:23.609  1011  1189 I ASH     : @ 179835.799: tcs3701: stop power rail pending_off timer
11-24 14:36:23.609  1011  1189 D ASH     : @ 179835.799: tcs3701: start power rail timer, state:3
11-24 14:36:23.649  1011  1189 I ASH     : @ 179835.839: tcs3701: stop power rail pending_off timer
11-24 14:36:23.650  1011  1189 D ASH     : @ 179835.839: tcs3701: start power rail timer, state:3
11-24 14:36:23.659 10476 10512 I BatteryMgr:DataCollectionService: stats => 1700832983658,12817,4445,-38452,4168583,100
11-24 14:36:23.689  1011  1189 I ASH     : @ 179835.879: tcs3701: stop power rail pending_off timer
11-24 14:36:23.689  1011  1189 D ASH     : @ 179835.879: tcs3701: start power rail timer, state:3
11-24 14:36:23.729  1011  1189 I ASH     : @ 179835.919: tcs3701: stop power rail pending_off timer
11-24 14:36:23.730  1011  1189 D ASH     : @ 179835.919: tcs3701: start power rail timer, state:3
11-24 14:36:23.763 10476 10512 I BatteryMgr:DataCollectionService: stats => 1700832983763,14343,4445,-38452,4168583,100
11-24 14:36:23.770  1011  1189 I ASH     : @ 179835.959: tcs3701: stop power rail pending_off timer
11-24 14:36:23.770  1011  1189 D ASH     : @ 179835.959: tcs3701: start power rail timer, state:3
11-24 14:36:23.809  1011  1189 I ASH     : @ 179835.999: tcs3701: stop power rail pending_off timer
11-24 14:36:23.809  1011  1189 D ASH     : @ 179835.999: tcs3701: start power rail timer, state:3
11-24 14:36:23.850  1011  1189 I ASH     : @ 179836.039: tcs3701: stop power rail pending_off timer
11-24 14:36:23.850  1011  1189 D ASH     : @ 179836.039: tcs3701: start power rail timer, state:3
11-24 14:36:23.868 10476 10512 I BatteryMgr:DataCollectionService: stats => 1700832983868,5493,4445,-38452,4168583,100
11-24 14:36:23.889  1011  1189 I ASH     : @ 179836.079: tcs3701: stop power rail pending_off timer
11-24 14:36:23.889  1011  1189 D ASH     : @ 179836.079: tcs3701: start power rail timer, state:3
11-24 14:36:23.929  1011  1189 I ASH     : @ 179836.119: tcs3701: stop power rail pending_off timer
11-24 14:36:23.929  1011  1189 D ASH     : @ 179836.119: tcs3701: start power rail timer, state:3
11-24 14:36:23.969  1011  1189 I ASH     : @ 179836.159: tcs3701: stop power rail pending_off timer
11-24 14:36:23.970  1011  1189 D ASH     : @ 179836.159: tcs3701: start power rail timer, state:3
11-24 14:36:23.973 10476 10512 I BatteryMgr:DataCollectionService: stats => 1700832983973,10070,4445,-38452,4168583,100
11-24 14:36:24.009  1011  1189 I ASH     : @ 179836.199: tcs3701: stop power rail pending_off timer
11-24 14:36:24.010  1011  1189 D ASH     : @ 179836.199: tcs3701: start power rail timer, state:3
11-24 14:36:24.049  1011  1189 I ASH     : @ 179836.239: tcs3701: stop power rail pending_off timer
11-24 14:36:24.049  1011  1189 D ASH     : @ 179836.239: tcs3701: start power rail timer, state:3
11-24 14:36:24.080 10476 10512 I BatteryMgr:DataCollectionService: stats => 1700832984080,12817,4445,-38452,4168583,100
11-24 14:36:24.089  1011  1189 I ASH     : @ 179836.279: tcs3701: stop power rail pending_off timer
11-24 14:36:24.089  1011  1189 D ASH     : @ 179836.279: tcs3701: start power rail timer, state:3
11-24 14:36:24.129  1011  1189 I ASH     : @ 179836.319: tcs3701: stop power rail pending_off timer
11-24 14:36:24.129  1011  1189 D ASH     : @ 179836.319: tcs3701: start power rail timer, state:3
11-24 14:36:24.169  1011  1189 I ASH     : @ 179836.359: tcs3701: stop power rail pending_off timer
11-24 14:36:24.169  1011  1189 D ASH     : @ 179836.359: tcs3701: start power rail timer, state:3
11-24 14:36:24.184 10476 10512 I BatteryMgr:DataCollectionService: stats => 1700832984184,14953,4445,-38452,4168583,100
11-24 14:36:24.209  1011  1189 I ASH     : @ 179836.399: tcs3701: stop power rail pending_off timer
11-24 14:36:24.209  1011  1189 D ASH     : @ 179836.399: tcs3701: start power rail timer, state:3
11-24 14:36:24.250  1011  1189 I ASH     : @ 179836.439: tcs3701: stop power rail pending_off timer
11-24 14:36:24.250  1011  1189 D ASH     : @ 179836.439: tcs3701: start power rail timer, state:3
11-24 14:36:24.289 10476 10512 I BatteryMgr:DataCollectionService: stats => 1700832984289,14648,4445,-38452,4168583,100
11-24 14:36:24.289  1011  1189 I ASH     : @ 179836.479: tcs3701: stop power rail pending_off timer
11-24 14:36:24.289  1011  1189 D ASH     : @ 179836.479: tcs3701: start power rail timer, state:3
11-24 14:36:24.329  1011  1189 I ASH     : @ 179836.519: tcs3701: stop power rail pending_off timer
11-24 14:36:24.329  1011  1189 D ASH     : @ 179836.519: tcs3701: start power rail timer, state:3
11-24 14:36:24.341  1795  2424 D WifiClientModeImpl[13802:wlan0]: updateLinkLayerStatsRssiSpeedFrequencyCapabilities rssi=-46 TxLinkspeed=780 freq=5240 RxLinkSpeed=866
11-24 14:36:24.342  1795  2424 D WifiScoreCard: 1 lastSampleWeight=28/128 filterInKbps=58685 avgKbps=58685 filterOutKbps=60268
11-24 14:36:24.342  1795  2424 D WifiDataStall: tx tput in kbps: 662847
11-24 14:36:24.342  1795  2424 D WifiDataStall: rx tput in kbps: 774664
11-24 14:36:24.342  1795  2424 V WifiConfigManager: Updating scan detail cache freq=5240 BSSID=f4:6d:2f:12:cc:88 RSSI=-45 for "ourhome"WPA_PSK
11-24 14:36:24.342  1795  2424 D WifiChannelUtilization:  freq: 5240 onTime: 5245543 busyTime: 518969 onTimeDiff: 1870751 busyTimeDiff: 203270 utilization: 27 utilization t0: 25
11-24 14:36:24.342  1795  2424 D WifiDataStall:  ccaLevel = 27
11-24 14:36:24.342  1795  2424 D WifiDataStall: L2 txTputKbps: 662847, rxTputKbps: 774664, L3 txTputKbps: 0, rxTputKbps: 0, TxTrafficHigh: false, RxTrafficHigh: false, Throughput Sufficient: true
11-24 14:36:24.342  2673  4031 V WifiManager: OnWifiUsabilityStatsListener: onWifiUsabilityStats: seqNum=52570
11-24 14:36:24.342  1795  2424 D WifiScoreReport: Wifi scoring disabled - Don't check IP layer
11-24 14:36:24.342  1795  2424 D WifiScoreCard: BSSID update SIGNAL_POLL ID: 1320464697 SSID: "ourhome", BSSID: f4:6d:2f:12:cc:88, MAC: b2:2f:ec:da:4a:0c, IP: /192.168.1.104, Security type: 2, Supplicant state: COMPLETED, Wi-Fi standard: 5, RSSI: -46, Link speed: 780Mbps, Tx Link speed: 780Mbps, Max Supported Tx Link speed: 866Mbps, Rx Link speed: 866Mbps, Max Supported Rx Link speed: 866Mbps, Frequency: 5240MHz, Net ID: 12, Metered hint: false, score: 60, isUsable: true, CarrierMerged: false, SubscriptionId: -1, IsPrimary: 1, Trusted: true, Restricted: false, Ephemeral: false, OEM paid: false, OEM private: false, OSU AP: false, FQDN: <none>, Provider friendly name: <none>, Requesting package name: <none>"ourhome"wpa2-pskMLO Information: , Is TID-To-Link negotiation supported by the AP: false, AP MLD Address: <none>, AP MLO Link Id: <none>, AP MLO Affiliated links: <none>
11-24 14:36:24.342  1795  2424 D WifiScoreCard: txRate: 55 txSpeed: 780
11-24 14:36:24.342  1795  2424 D WifiScoreCard: network update SIGNAL_POLL "ourhome" ID: 1499892569 RSSI -46 txSpeed 780
11-24 14:36:24.343  1795  3324 I WifiService: updateWifiUsabilityScore uid=10180 seqNum=52570 score=100 predictionHorizonSec=1441795
11-24 14:36:24.343  1795  2424 D WifiClientModeImpl[13802:wlan0]:  ClientModeImpl$L2ConnectedState screen=on 29 0 "ourhome" f4:6d:2f:12:cc:88 rssi=-46 f=5240 sc=60 link=780 tx=45.3, 8.8, 0.0 rx=305.8 bcn=1731725 [on:0 tx:0 rx:0 period:3015] from screen [on:635963 period:28226334] score=60
11-24 14:36:24.343  1795  2424 D WifiScoreReport: Wifi scoring disabled - Notify that Wifi is usable
11-24 14:36:24.345  1795  2432 D ConnectivityService: NetReassign [no changes] [c 0] [a 1] [i 1]
11-24 14:36:24.369  1011  1189 I ASH     : @ 179836.559: tcs3701: stop power rail pending_off timer
11-24 14:36:24.369  1011  1189 D ASH     : @ 179836.559: tcs3701: start power rail timer, state:3
11-24 14:36:24.393 10476 10512 I BatteryMgr:DataCollectionService: stats => 1700832984393,13122,4445,-38452,4168583,100
11-24 14:36:24.410  1011  1189 I ASH     : @ 179836.599: tcs3701: stop power rail pending_off timer
11-24 14:36:24.410  1011  1189 D ASH     : @ 179836.599: tcs3701: start power rail timer, state:3
11-24 14:36:24.450  1011  1189 I ASH     : @ 179836.639: tcs3701: stop power rail pending_off timer
11-24 14:36:24.450  1011  1189 D ASH     : @ 179836.639: tcs3701: start power rail timer, state:3
11-24 14:36:24.454  1795  3324 D ActivityManager: freezer override set to true
11-24 14:36:24.458  1795  3324 D ActivityManager: freezer override set to false
11-24 14:36:24.489  1011  1189 I ASH     : @ 179836.679: tcs3701: stop power rail pending_off timer
11-24 14:36:24.489  1011  1189 D ASH     : @ 179836.679: tcs3701: start power rail timer, state:3
11-24 14:36:24.501 10476 10512 I BatteryMgr:DataCollectionService: stats => 1700832984501,13427,4445,-38452,4168583,100
11-24 14:36:24.530  1011  1189 I ASH     : @ 179836.719: tcs3701: stop power rail pending_off timer
11-24 14:36:24.530  1011  1189 D ASH     : @ 179836.719: tcs3701: start power rail timer, state:3
11-24 14:36:24.569  1011  1189 I ASH     : @ 179836.759: tcs3701: stop power rail pending_off timer
11-24 14:36:24.569  1011  1189 D ASH     : @ 179836.759: tcs3701: start power rail timer, state:3
11-24 14:36:24.610  1011  1189 I ASH     : @ 179836.799: tcs3701: stop power rail pending_off timer
11-24 14:36:24.610  1011  1189 D ASH     : @ 179836.799: tcs3701: start power rail timer, state:3
11-24 14:36:24.611 10476 10512 I BatteryMgr:DataCollectionService: stats => 1700832984611,14343,4445,-38452,4168583,100
11-24 14:36:24.649  1011  1189 I ASH     : @ 179836.839: tcs3701: stop power rail pending_off timer
11-24 14:36:24.650  1011  1189 D ASH     : @ 179836.839: tcs3701: start power rail timer, state:3
11-24 14:36:24.690  1011  1189 I ASH     : @ 179836.879: tcs3701: stop power rail pending_off timer
11-24 14:36:24.690  1011  1189 D ASH     : @ 179836.879: tcs3701: start power rail timer, state:3
11-24 14:36:24.718 10476 10512 I BatteryMgr:DataCollectionService: stats => 1700832984718,13427,4445,-38452,4168583,100
11-24 14:36:24.724  1795  3659 D ActivityManager: freezer override set to true
11-24 14:36:24.729  1011  1189 I ASH     : @ 179836.919: tcs3701: stop power rail pending_off timer
11-24 14:36:24.730  1011  1189 D ASH     : @ 179836.919: tcs3701: start power rail timer, state:3
11-24 14:36:24.769  1011  1189 I ASH     : @ 179836.959: tcs3701: stop power rail pending_off timer
11-24 14:36:24.769  1011  1189 D ASH     : @ 179836.959: tcs3701: start power rail timer, state:3
11-24 14:36:24.809  1011  1189 I ASH     : @ 179836.999: tcs3701: stop power rail pending_off timer
11-24 14:36:24.809  1011  1189 D ASH     : @ 179836.999: tcs3701: start power rail timer, state:3
11-24 14:36:24.827 10476 10512 I BatteryMgr:DataCollectionService: stats => 1700832984827,-44250,4445,-38452,4168583,100
11-24 14:36:24.829 10075 10173 I m.chrome.canary: Explicit concurrent copying GC freed 3903(207KB) AllocSpace objects, 4(80KB) LOS objects, 75% free, 12MB/50MB, paused 112us,63us total 59.322ms
11-24 14:36:24.850  1011  1189 I ASH     : @ 179837.039: tcs3701: stop power rail pending_off timer
11-24 14:36:24.850  1011  1189 D ASH     : @ 179837.039: tcs3701: start power rail timer, state:3
11-24 14:36:24.890  1011  1189 I ASH     : @ 179837.079: tcs3701: stop power rail pending_off timer
11-24 14:36:24.890  1011  1189 D ASH     : @ 179837.079: tcs3701: start power rail timer, state:3
11-24 14:36:24.898  1795  3659 D ActivityManager: freezer override set to false
11-24 14:36:24.930  1011  1189 I ASH     : @ 179837.119: tcs3701: stop power rail pending_off timer
11-24 14:36:24.930  1011  1189 D ASH     : @ 179837.119: tcs3701: start power rail timer, state:3
11-24 14:36:24.933 10476 10512 I BatteryMgr:DataCollectionService: stats => 1700832984932,-101928,4445,-38452,4168583,100
11-24 14:36:24.938  1795  3659 D ActivityManager: freezer override set to true
11-24 14:36:24.940  1795  3659 D ActivityManager: freezer override set to false
11-24 14:36:24.970  1011  1189 I ASH     : @ 179837.159: tcs3701: stop power rail pending_off timer
11-24 14:36:24.970  1011  1189 D ASH     : @ 179837.159: tcs3701: start power rail timer, state:3
11-24 14:36:25.010  1011  1189 I ASH     : @ 179837.199: tcs3701: stop power rail pending_off timer
11-24 14:36:25.010  1011  1189 D ASH     : @ 179837.199: tcs3701: start power rail timer, state:3
11-24 14:36:25.036 10476 10512 I BatteryMgr:DataCollectionService: stats => 1700832985036,18615,4445,-38452,4168583,100
11-24 14:36:25.050  1011  1189 I ASH     : @ 179837.239: tcs3701: stop power rail pending_off timer
11-24 14:36:25.050  1011  1189 D ASH     : @ 179837.239: tcs3701: start power rail timer, state:3
11-24 14:36:25.089  1011  1189 I ASH     : @ 179837.279: tcs3701: stop power rail pending_off timer
11-24 14:36:25.089  1011  1189 D ASH     : @ 179837.279: tcs3701: start power rail timer, state:3
11-24 14:36:25.129  1011  1189 I ASH     : @ 179837.319: tcs3701: stop power rail pending_off timer
11-24 14:36:25.130  1011  1189 D ASH     : @ 179837.319: tcs3701: start power rail timer, state:3
11-24 14:36:25.141 10476 10512 I BatteryMgr:DataCollectionService: stats => 1700832985141,15258,4445,-38452,4168583,100
11-24 14:36:25.169  1011  1189 I ASH     : @ 179837.359: tcs3701: stop power rail pending_off timer
11-24 14:36:25.169  1011  1189 D ASH     : @ 179837.359: tcs3701: start power rail timer, state:3
11-24 14:36:25.210  1011  1189 I ASH     : @ 179837.399: tcs3701: stop power rail pending_off timer
11-24 14:36:25.210  1011  1189 D ASH     : @ 179837.399: tcs3701: start power rail timer, state:3
11-24 14:36:25.250 10476 10512 I BatteryMgr:DataCollectionService: stats => 1700832985249,19531,4445,-38452,4168583,100
11-24 14:36:25.250  1011  1189 I ASH     : @ 179837.439: tcs3701: stop power rail pending_off timer
11-24 14:36:25.250  1011  1189 D ASH     : @ 179837.439: tcs3701: start power rail timer, state:3
11-24 14:36:25.289  1011  1189 I ASH     : @ 179837.479: tcs3701: stop power rail pending_off timer
11-24 14:36:25.289  1011  1189 D ASH     : @ 179837.479: tcs3701: start power rail timer, state:3
11-24 14:36:25.330  1011  1189 I ASH     : @ 179837.519: tcs3701: stop power rail pending_off timer
11-24 14:36:25.330  1011  1189 D ASH     : @ 179837.519: tcs3701: start power rail timer, state:3
11-24 14:36:25.355 10476 10512 I BatteryMgr:DataCollectionService: stats => 1700832985355,11901,4445,-38452,4168583,100
11-24 14:36:25.369  1011  1189 I ASH     : @ 179837.559: tcs3701: stop power rail pending_off timer
11-24 14:36:25.369  1011  1189 D ASH     : @ 179837.559: tcs3701: start power rail timer, state:3
11-24 14:36:25.410  1011  1189 I ASH     : @ 179837.599: tcs3701: stop power rail pending_off timer
11-24 14:36:25.410  1011  1189 D ASH     : @ 179837.599: tcs3701: start power rail timer, state:3
11-24 14:36:25.412  2113  2118 I pixel-thermal: skin-therm-monitor: 40.424
11-24 14:36:25.441  1795  3659 D ActivityManager: freezer override set to true
11-24 14:36:25.445  1795  3659 D ActivityManager: freezer override set to false
11-24 14:36:25.449  1011  1189 I ASH     : @ 179837.639: tcs3701: stop power rail pending_off timer
11-24 14:36:25.449  1011  1189 D ASH     : @ 179837.639: tcs3701: start power rail timer, state:3
11-24 14:36:25.459 10476 10512 I BatteryMgr:DataCollectionService: stats => 1700832985459,12817,4445,-38452,4168583,100
11-24 14:36:25.490  1011  1189 I ASH     : @ 179837.679: tcs3701: stop power rail pending_off timer
11-24 14:36:25.490  1011  1189 D ASH     : @ 179837.679: tcs3701: start power rail timer, state:3
11-24 14:36:25.530  1011  1189 I ASH     : @ 179837.719: tcs3701: stop power rail pending_off timer
11-24 14:36:25.530  1011  1189 D ASH     : @ 179837.719: tcs3701: start power rail timer, state:3
11-24 14:36:25.564 10476 10512 I BatteryMgr:DataCollectionService: stats => 1700832985564,14648,4445,-38452,4168583,100
11-24 14:36:25.570  1011  1189 I ASH     : @ 179837.759: tcs3701: stop power rail pending_off timer
11-24 14:36:25.570  1011  1189 D ASH     : @ 179837.759: tcs3701: start power rail timer, state:3
11-24 14:36:25.610  1011  1189 I ASH     : @ 179837.799: tcs3701: stop power rail pending_off timer
11-24 14:36:25.610  1011  1189 D ASH     : @ 179837.799: tcs3701: start power rail timer, state:3
11-24 14:36:25.649  1011  1189 I ASH     : @ 179837.839: tcs3701: stop power rail pending_off timer
11-24 14:36:25.649  1011  1189 D ASH     : @ 179837.839: tcs3701: start power rail timer, state:3
11-24 14:36:25.671 10476 10512 I BatteryMgr:DataCollectionService: stats => 1700832985671,15258,4445,-38452,4168583,100
11-24 14:36:25.690  1011  1189 I ASH     : @ 179837.879: tcs3701: stop power rail pending_off timer
11-24 14:36:25.690  1011  1189 D ASH     : @ 179837.879: tcs3701: start power rail timer, state:3
11-24 14:36:25.729  1011  1189 I ASH     : @ 179837.919: tcs3701: stop power rail pending_off timer
11-24 14:36:25.729  1011  1189 D ASH     : @ 179837.919: tcs3701: start power rail timer, state:3
11-24 14:36:25.770  1011  1189 I ASH     : @ 179837.959: tcs3701: stop power rail pending_off timer
11-24 14:36:25.770  1011  1189 D ASH     : @ 179837.959: tcs3701: start power rail timer, state:3
11-24 14:36:25.776 10476 10512 I BatteryMgr:DataCollectionService: stats => 1700832985776,14648,4445,-38452,4168583,100
11-24 14:36:25.809  1011  1189 I ASH     : @ 179837.999: tcs3701: stop power rail pending_off timer
11-24 14:36:25.809  1011  1189 D ASH     : @ 179837.999: tcs3701: start power rail timer, state:3
11-24 14:36:25.849  1011  1189 I ASH     : @ 179838.039: tcs3701: stop power rail pending_off timer
11-24 14:36:25.849  1011  1189 D ASH     : @ 179838.039: tcs3701: start power rail timer, state:3
11-24 14:36:25.880 10476 10512 I BatteryMgr:DataCollectionService: stats => 1700832985880,12512,4445,-38452,4168583,100
11-24 14:36:25.889  1011  1189 I ASH     : @ 179838.079: tcs3701: stop power rail pending_off timer
11-24 14:36:25.889  1011  1189 D ASH     : @ 179838.079: tcs3701: start power rail timer, state:3
11-24 14:36:25.929  1011  1189 I ASH     : @ 179838.119: tcs3701: stop power rail pending_off timer
11-24 14:36:25.929  1011  1189 D ASH     : @ 179838.119: tcs3701: start power rail timer, state:3
11-24 14:36:25.969  1011  1189 I ASH     : @ 179838.159: tcs3701: stop power rail pending_off timer
11-24 14:36:25.969  1011  1189 D ASH     : @ 179838.159: tcs3701: start power rail timer, state:3
11-24 14:36:25.985 10476 10512 I BatteryMgr:DataCollectionService: stats => 1700832985985,11291,4445,-38452,4168583,100
11-24 14:36:26.009  1011  1189 I ASH     : @ 179838.199: tcs3701: stop power rail pending_off timer
11-24 14:36:26.010  1011  1189 D ASH     : @ 179838.199: tcs3701: start power rail timer, state:3
11-24 14:36:26.049  1011  1189 I ASH     : @ 179838.239: tcs3701: stop power rail pending_off timer
11-24 14:36:26.049  1011  1189 D ASH     : @ 179838.239: tcs3701: start power rail timer, state:3
11-24 14:36:26.088  1795  3324 D ActivityManager: freezer override set to true
11-24 14:36:26.089  1011  1189 I ASH     : @ 179838.279: tcs3701: stop power rail pending_off timer
11-24 14:36:26.089  1011  1189 D ASH     : @ 179838.279: tcs3701: start power rail timer, state:3
11-24 14:36:26.091 10476 10512 I BatteryMgr:DataCollectionService: stats => 1700832986091,11901,4445,-38452,4168583,100
11-24 14:36:26.130  1011  1189 I ASH     : @ 179838.319: tcs3701: stop power rail pending_off timer
11-24 14:36:26.130  1011  1189 D ASH     : @ 179838.319: tcs3701: start power rail timer, state:3
11-24 14:36:26.169  1011  1189 I ASH     : @ 179838.359: tcs3701: stop power rail pending_off timer
11-24 14:36:26.169  1011  1189 D ASH     : @ 179838.359: tcs3701: start power rail timer, state:3
11-24 14:36:26.196 10476 10512 I BatteryMgr:DataCollectionService: stats => 1700832986196,-23193,4445,-38452,4168583,100
11-24 14:36:26.209  1011  1189 I ASH     : @ 179838.399: tcs3701: stop power rail pending_off timer
11-24 14:36:26.209  1011  1189 D ASH     : @ 179838.399: tcs3701: start power rail timer, state:3
