11-23 11:31:45.677  5238  5295 I BatteryMgr:DataCollectionService: stats => 1700735505676,9765,4448,13427,4169000,100
11-23 11:31:45.690  1011  1189 I ASH     : @ 82357.890: tcs3701: stop power rail pending_off timer
11-23 11:31:45.690  1011  1189 D ASH     : @ 82357.890: tcs3701: start power rail timer, state:3
11-23 11:31:45.693 27835 27848 I m.chrome.canary: Explicit concurrent copying GC freed 3811(191KB) AllocSpace objects, 4(80KB) LOS objects, 75% free, 11MB/47MB, paused 40us,35us total 58.189ms
11-23 11:31:45.731  1011  1189 I ASH     : @ 82357.930: tcs3701: stop power rail pending_off timer
11-23 11:31:45.731  1011  1189 D ASH     : @ 82357.930: tcs3701: start power rail timer, state:3
11-23 11:31:45.769  1795  3716 D ActivityManager: freezer override set to false
11-23 11:31:45.770  1011  1189 I ASH     : @ 82357.970: tcs3701: stop power rail pending_off timer
11-23 11:31:45.770  1011  1189 D ASH     : @ 82357.970: tcs3701: start power rail timer, state:3
11-23 11:31:45.783  5238  5295 I BatteryMgr:DataCollectionService: stats => 1700735505783,9765,4448,13427,4169000,100
11-23 11:31:45.811  1011  1189 I ASH     : @ 82358.010: tcs3701: stop power rail pending_off timer
11-23 11:31:45.811  1011  1189 D ASH     : @ 82358.010: tcs3701: start power rail timer, state:3
11-23 11:31:45.842  1795  3716 D ActivityManager: freezer override set to true
11-23 11:31:45.845  1795  3716 D ActivityManager: freezer override set to false
11-23 11:31:45.850  1011  1189 I ASH     : @ 82358.050: tcs3701: stop power rail pending_off timer
11-23 11:31:45.851  1011  1189 D ASH     : @ 82358.050: tcs3701: start power rail timer, state:3
11-23 11:31:45.891  1011  1189 I ASH     : @ 82358.090: tcs3701: stop power rail pending_off timer
11-23 11:31:45.891  1011  1189 D ASH     : @ 82358.090: tcs3701: start power rail timer, state:3
11-23 11:31:45.892  5238  5295 I BatteryMgr:DataCollectionService: stats => 1700735505892,9765,4448,13427,4169000,100
11-23 11:31:45.931  1011  1189 I ASH     : @ 82358.130: tcs3701: stop power rail pending_off timer
11-23 11:31:45.931  1011  1189 D ASH     : @ 82358.130: tcs3701: start power rail timer, state:3
11-23 11:31:45.971  1011  1189 I ASH     : @ 82358.170: tcs3701: stop power rail pending_off timer
11-23 11:31:45.971  1011  1189 D ASH     : @ 82358.170: tcs3701: start power rail timer, state:3
11-23 11:31:46.001  5238  5295 I BatteryMgr:DataCollectionService: stats => 1700735506001,9765,4448,13427,4169000,100
11-23 11:31:46.010  1011  1189 I ASH     : @ 82358.210: tcs3701: stop power rail pending_off timer
11-23 11:31:46.010  1011  1189 D ASH     : @ 82358.210: tcs3701: start power rail timer, state:3
11-23 11:31:46.051  1011  1189 I ASH     : @ 82358.250: tcs3701: stop power rail pending_off timer
11-23 11:31:46.051  1011  1189 D ASH     : @ 82358.250: tcs3701: start power rail timer, state:3
11-23 11:31:46.090  1011  1189 I ASH     : @ 82358.290: tcs3701: stop power rail pending_off timer
11-23 11:31:46.090  1011  1189 D ASH     : @ 82358.290: tcs3701: start power rail timer, state:3
11-23 11:31:46.106  5238  5295 I BatteryMgr:DataCollectionService: stats => 1700735506106,9765,4448,13427,4169000,100
11-23 11:31:46.131  1011  1189 I ASH     : @ 82358.330: tcs3701: stop power rail pending_off timer
11-23 11:31:46.131  1011  1189 D ASH     : @ 82358.330: tcs3701: start power rail timer, state:3
11-23 11:31:46.170  1011  1189 I ASH     : @ 82358.370: tcs3701: stop power rail pending_off timer
11-23 11:31:46.170  1011  1189 D ASH     : @ 82358.370: tcs3701: start power rail timer, state:3
11-23 11:31:46.210  1011  1189 I ASH     : @ 82358.410: tcs3701: stop power rail pending_off timer
11-23 11:31:46.210  1011  1189 D ASH     : @ 82358.410: tcs3701: start power rail timer, state:3
11-23 11:31:46.216  5238  5295 I BatteryMgr:DataCollectionService: stats => 1700735506216,9765,4448,13427,4169000,100
11-23 11:31:46.251  1011  1189 I ASH     : @ 82358.450: tcs3701: stop power rail pending_off timer
11-23 11:31:46.251  1011  1189 D ASH     : @ 82358.450: tcs3701: start power rail timer, state:3
11-23 11:31:46.291  1011  1189 I ASH     : @ 82358.490: tcs3701: stop power rail pending_off timer
11-23 11:31:46.291  1011  1189 D ASH     : @ 82358.490: tcs3701: start power rail timer, state:3
11-23 11:31:46.323  5238  5295 I BatteryMgr:DataCollectionService: stats => 1700735506323,9765,4448,13427,4169000,100
11-23 11:31:46.331  1011  1189 I ASH     : @ 82358.530: tcs3701: stop power rail pending_off timer
11-23 11:31:46.331  1011  1189 D ASH     : @ 82358.530: tcs3701: start power rail timer, state:3
11-23 11:31:46.370  1011  1189 I ASH     : @ 82358.570: tcs3701: stop power rail pending_off timer
11-23 11:31:46.370  1011  1189 D ASH     : @ 82358.570: tcs3701: start power rail timer, state:3
11-23 11:31:46.411  1011  1189 I ASH     : @ 82358.610: tcs3701: stop power rail pending_off timer
11-23 11:31:46.411  1011  1189 D ASH     : @ 82358.610: tcs3701: start power rail timer, state:3
11-23 11:31:46.431  5238  5295 I BatteryMgr:DataCollectionService: stats => 1700735506431,9765,4448,13427,4169000,100
11-23 11:31:46.450  1011  1189 I ASH     : @ 82358.650: tcs3701: stop power rail pending_off timer
11-23 11:31:46.451  1011  1189 D ASH     : @ 82358.650: tcs3701: start power rail timer, state:3
11-23 11:31:46.490  1011  1189 I ASH     : @ 82358.690: tcs3701: stop power rail pending_off timer
11-23 11:31:46.490  1011  1189 D ASH     : @ 82358.690: tcs3701: start power rail timer, state:3
11-23 11:31:46.530  1011  1189 I ASH     : @ 82358.730: tcs3701: stop power rail pending_off timer
11-23 11:31:46.531  1011  1189 D ASH     : @ 82358.730: tcs3701: start power rail timer, state:3
11-23 11:31:46.540  5238  5295 I BatteryMgr:DataCollectionService: stats => 1700735506540,9765,4448,13427,4169000,100
11-23 11:31:46.571  1011  1189 I ASH     : @ 82358.770: tcs3701: stop power rail pending_off timer
11-23 11:31:46.571  1011  1189 D ASH     : @ 82358.770: tcs3701: start power rail timer, state:3
11-23 11:31:46.607  1795  3716 D ActivityManager: freezer override set to true
11-23 11:31:46.612  1011  1189 I ASH     : @ 82358.810: tcs3701: stop power rail pending_off timer
11-23 11:31:46.612  1011  1189 D ASH     : @ 82358.810: tcs3701: start power rail timer, state:3
11-23 11:31:46.613  1795  3716 D ActivityManager: freezer override set to false
11-23 11:31:46.649  5238  5295 I BatteryMgr:DataCollectionService: stats => 1700735506649,9765,4448,13427,4169000,100
11-23 11:31:46.651  1011  1189 I ASH     : @ 82358.850: tcs3701: stop power rail pending_off timer
11-23 11:31:46.651  1011  1189 D ASH     : @ 82358.850: tcs3701: start power rail timer, state:3
11-23 11:31:46.690  1011  1189 I ASH     : @ 82358.890: tcs3701: stop power rail pending_off timer
11-23 11:31:46.690  1011  1189 D ASH     : @ 82358.890: tcs3701: start power rail timer, state:3
11-23 11:31:46.730  1011  1189 I ASH     : @ 82358.930: tcs3701: stop power rail pending_off timer
11-23 11:31:46.730  1011  1189 D ASH     : @ 82358.930: tcs3701: start power rail timer, state:3
11-23 11:31:46.756  5238  5295 I BatteryMgr:DataCollectionService: stats => 1700735506756,9765,4448,13427,4169000,100
11-23 11:31:46.770  1011  1189 I ASH     : @ 82358.970: tcs3701: stop power rail pending_off timer
11-23 11:31:46.771  1011  1189 D ASH     : @ 82358.970: tcs3701: start power rail timer, state:3
11-23 11:31:46.811  1011  1189 I ASH     : @ 82359.010: tcs3701: stop power rail pending_off timer
11-23 11:31:46.811  1011  1189 D ASH     : @ 82359.010: tcs3701: start power rail timer, state:3
11-23 11:31:46.850  1011  1189 I ASH     : @ 82359.050: tcs3701: stop power rail pending_off timer
11-23 11:31:46.850  1011  1189 D ASH     : @ 82359.050: tcs3701: start power rail timer, state:3
11-23 11:31:46.864  5238  5295 I BatteryMgr:DataCollectionService: stats => 1700735506864,9765,4448,13427,4169000,100
11-23 11:31:46.891  1011  1189 I ASH     : @ 82359.090: tcs3701: stop power rail pending_off timer
11-23 11:31:46.891  1011  1189 D ASH     : @ 82359.090: tcs3701: start power rail timer, state:3
11-23 11:31:46.930  1011  1189 I ASH     : @ 82359.130: tcs3701: stop power rail pending_off timer
11-23 11:31:46.930  1011  1189 D ASH     : @ 82359.130: tcs3701: start power rail timer, state:3
11-23 11:31:46.971  1011  1189 I ASH     : @ 82359.170: tcs3701: stop power rail pending_off timer
11-23 11:31:46.971  1011  1189 D ASH     : @ 82359.170: tcs3701: start power rail timer, state:3
11-23 11:31:46.972  5238  5295 I BatteryMgr:DataCollectionService: stats => 1700735506972,9765,4448,13427,4169000,100
11-23 11:31:47.010  1011  1189 I ASH     : @ 82359.210: tcs3701: stop power rail pending_off timer
11-23 11:31:47.010  1011  1189 D ASH     : @ 82359.210: tcs3701: start power rail timer, state:3
11-23 11:31:47.051  1011  1189 I ASH     : @ 82359.250: tcs3701: stop power rail pending_off timer
11-23 11:31:47.051  1011  1189 D ASH     : @ 82359.250: tcs3701: start power rail timer, state:3
11-23 11:31:47.057  1795  3716 D ActivityManager: freezer override set to true
11-23 11:31:47.086  5238  5295 I BatteryMgr:DataCollectionService: stats => 1700735507086,9765,4448,13427,4169000,100
11-23 11:31:47.090  1011  1189 I ASH     : @ 82359.290: tcs3701: stop power rail pending_off timer
11-23 11:31:47.090  1011  1189 D ASH     : @ 82359.290: tcs3701: start power rail timer, state:3
11-23 11:31:47.131  1011  1189 I ASH     : @ 82359.330: tcs3701: stop power rail pending_off timer
11-23 11:31:47.131  1011  1189 D ASH     : @ 82359.330: tcs3701: start power rail timer, state:3
11-23 11:31:47.170  1011  1189 I ASH     : @ 82359.370: tcs3701: stop power rail pending_off timer
11-23 11:31:47.171  1011  1189 D ASH     : @ 82359.370: tcs3701: start power rail timer, state:3
11-23 11:31:47.194  5238  5295 I BatteryMgr:DataCollectionService: stats => 1700735507194,14038,4448,13427,4169000,100
11-23 11:31:47.212  1011  1189 I ASH     : @ 82359.410: tcs3701: stop power rail pending_off timer
11-23 11:31:47.212  1011  1189 D ASH     : @ 82359.410: tcs3701: start power rail timer, state:3
11-23 11:31:47.250  1011  1189 I ASH     : @ 82359.450: tcs3701: stop power rail pending_off timer
11-23 11:31:47.251  1011  1189 D ASH     : @ 82359.450: tcs3701: start power rail timer, state:3
11-23 11:31:47.275 27835 27848 I m.chrome.canary: Explicit concurrent copying GC freed 3602(176KB) AllocSpace objects, 3(60KB) LOS objects, 75% free, 11MB/47MB, paused 103us,25us total 125.012ms
11-23 11:31:47.278  2113  2118 I pixel-thermal: skin-therm-monitor: 40.763
11-23 11:31:47.290  1011  1189 I ASH     : @ 82359.490: tcs3701: stop power rail pending_off timer
11-23 11:31:47.291  1011  1189 D ASH     : @ 82359.490: tcs3701: start power rail timer, state:3
11-23 11:31:47.301  5238  5295 I BatteryMgr:DataCollectionService: stats => 1700735507301,14038,4448,13427,4169000,100
11-23 11:31:47.331  1011  1189 I ASH     : @ 82359.530: tcs3701: stop power rail pending_off timer
11-23 11:31:47.331  1011  1189 D ASH     : @ 82359.530: tcs3701: start power rail timer, state:3
11-23 11:31:47.339  1795  3716 D ActivityManager: freezer override set to false
11-23 11:31:47.371  1011  1189 I ASH     : @ 82359.570: tcs3701: stop power rail pending_off timer
11-23 11:31:47.371  1011  1189 D ASH     : @ 82359.570: tcs3701: start power rail timer, state:3
11-23 11:31:47.382  1795  4172 D ActivityManager: freezer override set to true
11-23 11:31:47.386  1795  4172 D ActivityManager: freezer override set to false
11-23 11:31:47.411  1011  1189 I ASH     : @ 82359.610: tcs3701: stop power rail pending_off timer
11-23 11:31:47.411  1011  1189 D ASH     : @ 82359.610: tcs3701: start power rail timer, state:3
11-23 11:31:47.412  5238  5295 I BatteryMgr:DataCollectionService: stats => 1700735507412,14038,4448,13427,4169000,100
11-23 11:31:47.451  1011  1189 I ASH     : @ 82359.650: tcs3701: stop power rail pending_off timer
11-23 11:31:47.451  1011  1189 D ASH     : @ 82359.650: tcs3701: start power rail timer, state:3
11-23 11:31:47.491  1011  1189 I ASH     : @ 82359.690: tcs3701: stop power rail pending_off timer
11-23 11:31:47.491  1011  1189 D ASH     : @ 82359.690: tcs3701: start power rail timer, state:3
11-23 11:31:47.520  5238  5295 I BatteryMgr:DataCollectionService: stats => 1700735507520,14038,4448,13427,4169000,100
11-23 11:31:47.531  1011  1189 I ASH     : @ 82359.730: tcs3701: stop power rail pending_off timer
11-23 11:31:47.531  1011  1189 D ASH     : @ 82359.730: tcs3701: start power rail timer, state:3
11-23 11:31:47.570  1011  1189 I ASH     : @ 82359.770: tcs3701: stop power rail pending_off timer
11-23 11:31:47.570  1011  1189 D ASH     : @ 82359.770: tcs3701: start power rail timer, state:3
11-23 11:31:47.611  1011  1189 I ASH     : @ 82359.810: tcs3701: stop power rail pending_off timer
11-23 11:31:47.611  1011  1189 D ASH     : @ 82359.810: tcs3701: start power rail timer, state:3
11-23 11:31:47.618  1795  4172 D ActivityManager: freezer override set to true
11-23 11:31:47.623  1795  4172 D ActivityManager: freezer override set to false
11-23 11:31:47.628  5238  5295 I BatteryMgr:DataCollectionService: stats => 1700735507628,14038,4448,13427,4169000,100
11-23 11:31:47.650  1011  1189 I ASH     : @ 82359.850: tcs3701: stop power rail pending_off timer
11-23 11:31:47.651  1011  1189 D ASH     : @ 82359.850: tcs3701: start power rail timer, state:3
11-23 11:31:47.691  1011  1189 I ASH     : @ 82359.890: tcs3701: stop power rail pending_off timer
11-23 11:31:47.691  1011  1189 D ASH     : @ 82359.890: tcs3701: start power rail timer, state:3
11-23 11:31:47.731  1011  1189 I ASH     : @ 82359.930: tcs3701: stop power rail pending_off timer
11-23 11:31:47.731  1011  1189 D ASH     : @ 82359.930: tcs3701: start power rail timer, state:3
11-23 11:31:47.733  1039  1095 D rlsservice: MonitorDisplayStatus client num 0, display status 1, sensor status 0
11-23 11:31:47.736  5238  5295 I BatteryMgr:DataCollectionService: stats => 1700735507736,14038,4448,13427,4169000,100
11-23 11:31:47.770  1011  1189 I ASH     : @ 82359.970: tcs3701: stop power rail pending_off timer
11-23 11:31:47.770  1011  1189 D ASH     : @ 82359.970: tcs3701: start power rail timer, state:3
11-23 11:31:47.811  1011  1189 I ASH     : @ 82360.010: tcs3701: stop power rail pending_off timer
11-23 11:31:47.811  1011  1189 D ASH     : @ 82360.010: tcs3701: start power rail timer, state:3
11-23 11:31:47.846  5238  5295 I BatteryMgr:DataCollectionService: stats => 1700735507846,14038,4448,13427,4169000,100
11-23 11:31:47.850  1011  1189 I ASH     : @ 82360.050: tcs3701: stop power rail pending_off timer
11-23 11:31:47.850  1011  1189 D ASH     : @ 82360.050: tcs3701: start power rail timer, state:3
11-23 11:31:47.890  1011  1189 I ASH     : @ 82360.090: tcs3701: stop power rail pending_off timer
11-23 11:31:47.890  1011  1189 D ASH     : @ 82360.090: tcs3701: start power rail timer, state:3
11-23 11:31:47.930  1011  1189 I ASH     : @ 82360.130: tcs3701: stop power rail pending_off timer
11-23 11:31:47.930  1011  1189 D ASH     : @ 82360.130: tcs3701: start power rail timer, state:3
11-23 11:31:47.953  5238  5295 I BatteryMgr:DataCollectionService: stats => 1700735507953,14038,4448,13427,4169000,100
11-23 11:31:47.971  1011  1189 I ASH     : @ 82360.170: tcs3701: stop power rail pending_off timer
11-23 11:31:47.971  1011  1189 D ASH     : @ 82360.170: tcs3701: start power rail timer, state:3
11-23 11:31:48.010  1011  1189 I ASH     : @ 82360.210: tcs3701: stop power rail pending_off timer
11-23 11:31:48.011  1011  1189 D ASH     : @ 82360.210: tcs3701: start power rail timer, state:3
11-23 11:31:48.050  1011  1189 I ASH     : @ 82360.250: tcs3701: stop power rail pending_off timer
11-23 11:31:48.050  1011  1189 D ASH     : @ 82360.250: tcs3701: start power rail timer, state:3
11-23 11:31:48.061  5238  5295 I BatteryMgr:DataCollectionService: stats => 1700735508061,14038,4448,13427,4169000,100
11-23 11:31:48.091  1011  1189 I ASH     : @ 82360.290: tcs3701: stop power rail pending_off timer
11-23 11:31:48.091  1011  1189 D ASH     : @ 82360.290: tcs3701: start power rail timer, state:3
11-23 11:31:48.130  1011  1189 I ASH     : @ 82360.330: tcs3701: stop power rail pending_off timer
11-23 11:31:48.130  1011  1189 D ASH     : @ 82360.330: tcs3701: start power rail timer, state:3
11-23 11:31:48.167  5238  5295 I BatteryMgr:DataCollectionService: stats => 1700735508167,14038,4448,13427,4169000,100
11-23 11:31:48.170  1011  1189 I ASH     : @ 82360.370: tcs3701: stop power rail pending_off timer
11-23 11:31:48.170  1011  1189 D ASH     : @ 82360.370: tcs3701: start power rail timer, state:3
11-23 11:31:48.211  1011  1189 I ASH     : @ 82360.410: tcs3701: stop power rail pending_off timer
11-23 11:31:48.211  1011  1189 D ASH     : @ 82360.410: tcs3701: start power rail timer, state:3
11-23 11:31:48.250  1011  1189 I ASH     : @ 82360.450: tcs3701: stop power rail pending_off timer
11-23 11:31:48.251  1011  1189 D ASH     : @ 82360.450: tcs3701: start power rail timer, state:3
11-23 11:31:48.278  5238  5295 I BatteryMgr:DataCollectionService: stats => 1700735508278,14038,4448,13427,4169000,100
11-23 11:31:48.291  1011  1189 I ASH     : @ 82360.490: tcs3701: stop power rail pending_off timer
11-23 11:31:48.291  1011  1189 D ASH     : @ 82360.490: tcs3701: start power rail timer, state:3
11-23 11:31:48.330  1011  1189 I ASH     : @ 82360.530: tcs3701: stop power rail pending_off timer
11-23 11:31:48.331  1011  1189 D ASH     : @ 82360.530: tcs3701: start power rail timer, state:3
11-23 11:31:48.372  1011  1189 I ASH     : @ 82360.570: tcs3701: stop power rail pending_off timer
11-23 11:31:48.372  1011  1189 D ASH     : @ 82360.570: tcs3701: start power rail timer, state:3
11-23 11:31:48.385  1795  2424 D WifiClientModeImpl[13802:wlan0]: updateLinkLayerStatsRssiSpeedFrequencyCapabilities rssi=-46 TxLinkspeed=866 freq=5240 RxLinkSpeed=866
11-23 11:31:48.387  1795  2424 D WifiDataStall: tx tput in kbps: 755212
11-23 11:31:48.387  1795  2424 D WifiDataStall: rx tput in kbps: 794960
11-23 11:31:48.387  1795  2424 V WifiConfigManager: Updating scan detail cache freq=5240 BSSID=f4:6d:2f:12:cc:88 RSSI=-45 for "ourhome"WPA_PSK
11-23 11:31:48.387  2782  5906 D QCNEJ/WlanStaInfoRelay: Received action: android.net.wifi.RSSI_CHANGED
11-23 11:31:48.392  1795  2424 D WifiChannelUtilization:  freq: 5240 onTime: 2235106 busyTime: 185236 onTimeDiff: 2234811 busyTimeDiff: 185219 utilization: 21 utilization t0: 21
11-23 11:31:48.392  1795  2424 D WifiDataStall:  ccaLevel = 21
11-23 11:31:48.392  3213  6173 V WifiManager: OnWifiUsabilityStatsListener: onWifiUsabilityStats: seqNum=27226
11-23 11:31:48.392  1795  2424 D WifiDataStall: L2 txTputKbps: 755212, rxTputKbps: 794960, L3 txTputKbps: 0, rxTputKbps: 0, TxTrafficHigh: false, RxTrafficHigh: false, Throughput Sufficient: true
11-23 11:31:48.393  1795  2424 D WifiScoreReport: Wifi scoring disabled - Don't check IP layer
11-23 11:31:48.393  1795  2424 D WifiScoreCard: BSSID update SIGNAL_POLL ID: 1320464697 SSID: "ourhome", BSSID: f4:6d:2f:12:cc:88, MAC: b2:2f:ec:da:4a:0c, IP: /192.168.1.104, Security type: 2, Supplicant state: COMPLETED, Wi-Fi standard: 5, RSSI: -46, Link speed: 866Mbps, Tx Link speed: 866Mbps, Max Supported Tx Link speed: 866Mbps, Rx Link speed: 866Mbps, Max Supported Rx Link speed: 866Mbps, Frequency: 5240MHz, Net ID: 12, Metered hint: false, score: 60, isUsable: true, CarrierMerged: false, SubscriptionId: -1, IsPrimary: 1, Trusted: true, Restricted: false, Ephemeral: false, OEM paid: false, OEM private: false, OSU AP: false, FQDN: <none>, Provider friendly name: <none>, Requesting package name: <none>"ourhome"wpa2-pskMLO Information: , Is TID-To-Link negotiation supported by the AP: false, AP MLD Address: <none>, AP MLO Link Id: <none>, AP MLO Affiliated links: <none>
11-23 11:31:48.393  1795  2424 D WifiScoreCard: txRate: 1 txSpeed: 866
11-23 11:31:48.393  1795  2424 D WifiScoreCard: network update SIGNAL_POLL "ourhome" ID: 1499892569 RSSI -46 txSpeed -1
11-23 11:31:48.393  1795  4172 I WifiService: updateWifiUsabilityScore uid=10180 seqNum=27226 score=100 predictionHorizonSec=1441795
11-23 11:31:48.394  1795  2424 D WifiClientModeImpl[13802:wlan0]:  ClientModeImpl$L2ConnectedState screen=on 13 0 "ourhome" f4:6d:2f:12:cc:88 rssi=-46 f=5240 sc=60 link=866 tx=0.1, 0.0, 0.0 rx=0.1 bcn=785464 [on:0 tx:0 rx:0 period:3022] from screen [on:104746 period:1996506] score=60
11-23 11:31:48.391  5238  5295 I BatteryMgr:DataCollectionService: stats => 1700735508391,14038,4448,13427,4169000,100
11-23 11:31:48.395  1795  2424 D WifiScoreReport: Wifi scoring disabled - Notify that Wifi is usable
11-23 11:31:48.398  1795  2432 D ConnectivityService: NetReassign [no changes] [c 1] [a 0] [i 2]
11-23 11:31:48.410  1011  1189 I ASH     : @ 82360.610: tcs3701: stop power rail pending_off timer
11-23 11:31:48.411  1011  1189 D ASH     : @ 82360.610: tcs3701: start power rail timer, state:3
11-23 11:31:48.452  1011  1189 I ASH     : @ 82360.650: tcs3701: stop power rail pending_off timer
11-23 11:31:48.453  1011  1189 D ASH     : @ 82360.650: tcs3701: start power rail timer, state:3
11-23 11:31:48.490  1011  1189 I ASH     : @ 82360.690: tcs3701: stop power rail pending_off timer
11-23 11:31:48.490  1011  1189 D ASH     : @ 82360.690: tcs3701: start power rail timer, state:3
11-23 11:31:48.503  5238  5295 I BatteryMgr:DataCollectionService: stats => 1700735508503,14038,4448,13427,4169000,100
11-23 11:31:48.530  1011  1189 I ASH     : @ 82360.730: tcs3701: stop power rail pending_off timer
11-23 11:31:48.531  1011  1189 D ASH     : @ 82360.730: tcs3701: start power rail timer, state:3
11-23 11:31:48.571  1011  1189 I ASH     : @ 82360.770: tcs3701: stop power rail pending_off timer
11-23 11:31:48.571  1011  1189 D ASH     : @ 82360.770: tcs3701: start power rail timer, state:3
11-23 11:31:48.583  1795  4172 D ActivityManager: freezer override set to true
11-23 11:31:48.610  1011  1189 I ASH     : @ 82360.810: tcs3701: stop power rail pending_off timer
11-23 11:31:48.610  1011  1189 D ASH     : @ 82360.810: tcs3701: start power rail timer, state:3
11-23 11:31:48.617  5238  5295 I BatteryMgr:DataCollectionService: stats => 1700735508617,14038,4448,13427,4169000,100
11-23 11:31:48.650  1011  1189 I ASH     : @ 82360.850: tcs3701: stop power rail pending_off timer
11-23 11:31:48.651  1011  1189 D ASH     : @ 82360.850: tcs3701: start power rail timer, state:3
11-23 11:31:48.690  1011  1189 I ASH     : @ 82360.890: tcs3701: stop power rail pending_off timer
11-23 11:31:48.690  1011  1189 D ASH     : @ 82360.890: tcs3701: start power rail timer, state:3
11-23 11:31:48.727  5238  5295 I BatteryMgr:DataCollectionService: stats => 1700735508727,14038,4448,13427,4169000,100
11-23 11:31:48.730  1011  1189 I ASH     : @ 82360.930: tcs3701: stop power rail pending_off timer
11-23 11:31:48.730  1011  1189 D ASH     : @ 82360.930: tcs3701: start power rail timer, state:3
11-23 11:31:48.755 27835 27848 I m.chrome.canary: Explicit concurrent copying GC freed 3876(240KB) AllocSpace objects, 4(80KB) LOS objects, 75% free, 11MB/47MB, paused 151us,63us total 79.918ms
11-23 11:31:48.770  1011  1189 I ASH     : @ 82360.970: tcs3701: stop power rail pending_off timer
11-23 11:31:48.770  1011  1189 D ASH     : @ 82360.970: tcs3701: start power rail timer, state:3
11-23 11:31:48.810  1011  1189 I ASH     : @ 82361.010: tcs3701: stop power rail pending_off timer
11-23 11:31:48.811  1011  1189 D ASH     : @ 82361.010: tcs3701: start power rail timer, state:3
11-23 11:31:48.821  1795  4172 D ActivityManager: freezer override set to false
11-23 11:31:48.836  5238  5295 I BatteryMgr:DataCollectionService: stats => 1700735508836,14038,4448,13427,4169000,100
11-23 11:31:48.850  1011  1189 I ASH     : @ 82361.050: tcs3701: stop power rail pending_off timer
11-23 11:31:48.851  1011  1189 D ASH     : @ 82361.050: tcs3701: start power rail timer, state:3
11-23 11:31:48.889  1795  4172 D ActivityManager: freezer override set to true
11-23 11:31:48.890  1011  1189 I ASH     : @ 82361.090: tcs3701: stop power rail pending_off timer
11-23 11:31:48.891  1011  1189 D ASH     : @ 82361.090: tcs3701: start power rail timer, state:3
11-23 11:31:48.893  1795  4172 D ActivityManager: freezer override set to false
11-23 11:31:48.931  1011  1189 I ASH     : @ 82361.130: tcs3701: stop power rail pending_off timer
11-23 11:31:48.931  1011  1189 D ASH     : @ 82361.130: tcs3701: start power rail timer, state:3
11-23 11:31:48.944  5238  5295 I BatteryMgr:DataCollectionService: stats => 1700735508944,14038,4448,13427,4169000,100
11-23 11:31:48.970  1011  1189 I ASH     : @ 82361.170: tcs3701: stop power rail pending_off timer
11-23 11:31:48.971  1011  1189 D ASH     : @ 82361.170: tcs3701: start power rail timer, state:3
11-23 11:31:49.011  1011  1189 I ASH     : @ 82361.210: tcs3701: stop power rail pending_off timer
11-23 11:31:49.011  1011  1189 D ASH     : @ 82361.210: tcs3701: start power rail timer, state:3
11-23 11:31:49.051  1011  1189 I ASH     : @ 82361.250: tcs3701: stop power rail pending_off timer
11-23 11:31:49.051  1011  1189 D ASH     : @ 82361.250: tcs3701: start power rail timer, state:3
11-23 11:31:49.053  5238  5295 I BatteryMgr:DataCollectionService: stats => 1700735509053,14038,4448,13427,4169000,100
11-23 11:31:49.091  1011  1189 I ASH     : @ 82361.290: tcs3701: stop power rail pending_off timer
11-23 11:31:49.091  1011  1189 D ASH     : @ 82361.290: tcs3701: start power rail timer, state:3
11-23 11:31:49.130  1011  1189 I ASH     : @ 82361.330: tcs3701: stop power rail pending_off timer
11-23 11:31:49.130  1011  1189 D ASH     : @ 82361.330: tcs3701: start power rail timer, state:3
11-23 11:31:49.161  5238  5295 I BatteryMgr:DataCollectionService: stats => 1700735509160,14038,4448,13427,4169000,100
11-23 11:31:49.171  1011  1189 I ASH     : @ 82361.370: tcs3701: stop power rail pending_off timer
11-23 11:31:49.172  1011  1189 D ASH     : @ 82361.370: tcs3701: start power rail timer, state:3
11-23 11:31:49.210  1011  1189 I ASH     : @ 82361.410: tcs3701: stop power rail pending_off timer
11-23 11:31:49.210  1011  1189 D ASH     : @ 82361.410: tcs3701: start power rail timer, state:3
11-23 11:31:49.251  1011  1189 I ASH     : @ 82361.450: tcs3701: stop power rail pending_off timer
11-23 11:31:49.251  1011  1189 D ASH     : @ 82361.450: tcs3701: start power rail timer, state:3
11-23 11:31:49.268  5238  5295 I BatteryMgr:DataCollectionService: stats => 1700735509268,14038,4448,13427,4169000,100
11-23 11:31:49.282  2113  2118 I pixel-thermal: skin-therm-monitor: 40.771
11-23 11:31:49.290  1011  1189 I ASH     : @ 82361.490: tcs3701: stop power rail pending_off timer
11-23 11:31:49.290  1011  1189 D ASH     : @ 82361.490: tcs3701: start power rail timer, state:3
11-23 11:31:49.330  1011  1189 I ASH     : @ 82361.530: tcs3701: stop power rail pending_off timer
11-23 11:31:49.331  1011  1189 D ASH     : @ 82361.530: tcs3701: start power rail timer, state:3
11-23 11:31:49.370  1011  1189 I ASH     : @ 82361.570: tcs3701: stop power rail pending_off timer
11-23 11:31:49.370  1011  1189 D ASH     : @ 82361.570: tcs3701: start power rail timer, state:3
11-23 11:31:49.377  5238  5295 I BatteryMgr:DataCollectionService: stats => 1700735509377,14038,4448,13427,4169000,100
11-23 11:31:49.410  1011  1189 I ASH     : @ 82361.610: tcs3701: stop power rail pending_off timer
11-23 11:31:49.410  1011  1189 D ASH     : @ 82361.610: tcs3701: start power rail timer, state:3
11-23 11:31:49.451  1011  1189 I ASH     : @ 82361.650: tcs3701: stop power rail pending_off timer
11-23 11:31:49.451  1011  1189 D ASH     : @ 82361.650: tcs3701: start power rail timer, state:3
11-23 11:31:49.483  5238  5295 I BatteryMgr:DataCollectionService: stats => 1700735509483,14038,4448,13427,4169000,100
11-23 11:31:49.491  1011  1189 I ASH     : @ 82361.690: tcs3701: stop power rail pending_off timer
11-23 11:31:49.491  1011  1189 D ASH     : @ 82361.690: tcs3701: start power rail timer, state:3
11-23 11:31:49.530  1011  1189 I ASH     : @ 82361.730: tcs3701: stop power rail pending_off timer
11-23 11:31:49.530  1011  1189 D ASH     : @ 82361.730: tcs3701: start power rail timer, state:3
11-23 11:31:49.570  1011  1189 I ASH     : @ 82361.770: tcs3701: stop power rail pending_off timer
11-23 11:31:49.571  1011  1189 D ASH     : @ 82361.770: tcs3701: start power rail timer, state:3
11-23 11:31:49.590  5238  5295 I BatteryMgr:DataCollectionService: stats => 1700735509590,14038,4448,13427,4169000,100
11-23 11:31:49.610  1011  1189 I ASH     : @ 82361.810: tcs3701: stop power rail pending_off timer
11-23 11:31:49.610  1011  1189 D ASH     : @ 82361.810: tcs3701: start power rail timer, state:3
11-23 11:31:49.622  1795  4172 D ActivityManager: freezer override set to true
11-23 11:31:49.631  1795  4172 D ActivityManager: freezer override set to false
11-23 11:31:49.650  1011  1189 I ASH     : @ 82361.850: tcs3701: stop power rail pending_off timer
11-23 11:31:49.651  1011  1189 D ASH     : @ 82361.850: tcs3701: start power rail timer, state:3
11-23 11:31:49.691  1011  1189 I ASH     : @ 82361.890: tcs3701: stop power rail pending_off timer
11-23 11:31:49.691  1011  1189 D ASH     : @ 82361.890: tcs3701: start power rail timer, state:3
11-23 11:31:49.700  5238  5295 I BatteryMgr:DataCollectionService: stats => 1700735509700,14038,4448,13427,4169000,100
11-23 11:31:49.730  1011  1189 I ASH     : @ 82361.930: tcs3701: stop power rail pending_off timer
11-23 11:31:49.730  1011  1189 D ASH     : @ 82361.930: tcs3701: start power rail timer, state:3
11-23 11:31:49.770  1011  1189 I ASH     : @ 82361.970: tcs3701: stop power rail pending_off timer
11-23 11:31:49.770  1011  1189 D ASH     : @ 82361.970: tcs3701: start power rail timer, state:3
11-23 11:31:49.811  1011  1189 I ASH     : @ 82362.010: tcs3701: stop power rail pending_off timer
11-23 11:31:49.811  1011  1189 D ASH     : @ 82362.010: tcs3701: start power rail timer, state:3
11-23 11:31:49.811  5238  5295 I BatteryMgr:DataCollectionService: stats => 1700735509811,14038,4448,13427,4169000,100
11-23 11:31:49.850  1011  1189 I ASH     : @ 82362.050: tcs3701: stop power rail pending_off timer
11-23 11:31:49.850  1011  1189 D ASH     : @ 82362.050: tcs3701: start power rail timer, state:3
11-23 11:31:49.891  1011  1189 I ASH     : @ 82362.090: tcs3701: stop power rail pending_off timer
11-23 11:31:49.891  1011  1189 D ASH     : @ 82362.090: tcs3701: start power rail timer, state:3
11-23 11:31:49.916  5238  5295 I BatteryMgr:DataCollectionService: stats => 1700735509916,14038,4448,13427,4169000,100
11-23 11:31:49.930  1011  1189 I ASH     : @ 82362.130: tcs3701: stop power rail pending_off timer
11-23 11:31:49.931  1011  1189 D ASH     : @ 82362.130: tcs3701: start power rail timer, state:3
11-23 11:31:49.971  1011  1189 I ASH     : @ 82362.170: tcs3701: stop power rail pending_off timer
11-23 11:31:49.971  1011  1189 D ASH     : @ 82362.170: tcs3701: start power rail timer, state:3
11-23 11:31:50.010  1011  1189 I ASH     : @ 82362.210: tcs3701: stop power rail pending_off timer
11-23 11:31:50.010  1011  1189 D ASH     : @ 82362.210: tcs3701: start power rail timer, state:3
11-23 11:31:50.026  5238  5295 I BatteryMgr:DataCollectionService: stats => 1700735510026,14038,4448,13427,4169000,100
11-23 11:31:50.050  1011  1189 I ASH     : @ 82362.250: tcs3701: stop power rail pending_off timer
11-23 11:31:50.050  1011  1189 D ASH     : @ 82362.250: tcs3701: start power rail timer, state:3
11-23 11:31:50.084  1795  4172 D ActivityManager: freezer override set to true
11-23 11:31:50.090  1011  1189 I ASH     : @ 82362.290: tcs3701: stop power rail pending_off timer
11-23 11:31:50.090  1011  1189 D ASH     : @ 82362.290: tcs3701: start power rail timer, state:3
11-23 11:31:50.130  1011  1189 I ASH     : @ 82362.330: tcs3701: stop power rail pending_off timer
11-23 11:31:50.130  1011  1189 D ASH     : @ 82362.330: tcs3701: start power rail timer, state:3
11-23 11:31:50.132  5238  5295 I BatteryMgr:DataCollectionService: stats => 1700735510132,14038,4448,13427,4169000,100
11-23 11:31:50.170  1011  1189 I ASH     : @ 82362.370: tcs3701: stop power rail pending_off timer
11-23 11:31:50.170  1011  1189 D ASH     : @ 82362.370: tcs3701: start power rail timer, state:3
11-23 11:31:50.189 27835 27848 I m.chrome.canary: Explicit concurrent copying GC freed 3598(176KB) AllocSpace objects, 3(60KB) LOS objects, 75% free, 11MB/47MB, paused 100us,26us total 58.309ms
11-23 11:31:50.210  1011  1189 I ASH     : @ 82362.410: tcs3701: stop power rail pending_off timer
11-23 11:31:50.211  1011  1189 D ASH     : @ 82362.410: tcs3701: start power rail timer, state:3
11-23 11:31:50.237  5238  5295 I BatteryMgr:DataCollectionService: stats => 1700735510237,14038,4448,13427,4169000,100
11-23 11:31:50.251  1011  1189 I ASH     : @ 82362.450: tcs3701: stop power rail pending_off timer
11-23 11:31:50.252  1011  1189 D ASH     : @ 82362.450: tcs3701: start power rail timer, state:3
11-23 11:31:50.262  1795  4172 D ActivityManager: freezer override set to false
11-23 11:31:50.291  1011  1189 I ASH     : @ 82362.490: tcs3701: stop power rail pending_off timer
11-23 11:31:50.291  1011  1189 D ASH     : @ 82362.490: tcs3701: start power rail timer, state:3
11-23 11:31:50.318  1795  4172 D ActivityManager: freezer override set to true
11-23 11:31:50.322  1795  4172 D ActivityManager: freezer override set to false
11-23 11:31:50.331  1011  1189 I ASH     : @ 82362.530: tcs3701: stop power rail pending_off timer
11-23 11:31:50.331  1011  1189 D ASH     : @ 82362.530: tcs3701: start power rail timer, state:3
11-23 11:31:50.345  5238  5295 I BatteryMgr:DataCollectionService: stats => 1700735510345,14038,4448,13427,4169000,100
11-23 11:31:50.371  1011  1189 I ASH     : @ 82362.570: tcs3701: stop power rail pending_off timer
11-23 11:31:50.371  1011  1189 D ASH     : @ 82362.570: tcs3701: start power rail timer, state:3
11-23 11:31:50.410  1011  1189 I ASH     : @ 82362.610: tcs3701: stop power rail pending_off timer
11-23 11:31:50.411  1011  1189 D ASH     : @ 82362.610: tcs3701: start power rail timer, state:3
11-23 11:31:50.450  1011  1189 I ASH     : @ 82362.650: tcs3701: stop power rail pending_off timer
11-23 11:31:50.451  1011  1189 D ASH     : @ 82362.650: tcs3701: start power rail timer, state:3
11-23 11:31:50.452  5238  5295 I BatteryMgr:DataCollectionService: stats => 1700735510452,14038,4448,13427,4169000,100
11-23 11:31:50.490  1011  1189 I ASH     : @ 82362.690: tcs3701: stop power rail pending_off timer
11-23 11:31:50.491  1011  1189 D ASH     : @ 82362.690: tcs3701: start power rail timer, state:3
11-23 11:31:50.531  1011  1189 I ASH     : @ 82362.730: tcs3701: stop power rail pending_off timer
11-23 11:31:50.531  1011  1189 D ASH     : @ 82362.730: tcs3701: start power rail timer, state:3
11-23 11:31:50.559  5238  5295 I BatteryMgr:DataCollectionService: stats => 1700735510559,14038,4448,13427,4169000,100
11-23 11:31:50.571  1011  1189 I ASH     : @ 82362.770: tcs3701: stop power rail pending_off timer
11-23 11:31:50.571  1011  1189 D ASH     : @ 82362.770: tcs3701: start power rail timer, state:3
11-23 11:31:50.610  1011  1189 I ASH     : @ 82362.810: tcs3701: stop power rail pending_off timer
11-23 11:31:50.610  1011  1189 D ASH     : @ 82362.810: tcs3701: start power rail timer, state:3
11-23 11:31:50.628  1795  4172 D ActivityManager: freezer override set to true
11-23 11:31:50.637  1795  4172 D ActivityManager: freezer override set to false
11-23 11:31:50.651  1011  1189 I ASH     : @ 82362.850: tcs3701: stop power rail pending_off timer
11-23 11:31:50.651  1011  1189 D ASH     : @ 82362.850: tcs3701: start power rail timer, state:3
11-23 11:31:50.665  5238  5295 I BatteryMgr:DataCollectionService: stats => 1700735510665,14038,4448,13427,4169000,100
11-23 11:31:50.690  1011  1189 I ASH     : @ 82362.890: tcs3701: stop power rail pending_off timer
11-23 11:31:50.691  1011  1189 D ASH     : @ 82362.890: tcs3701: start power rail timer, state:3
11-23 11:31:50.731  1011  1189 I ASH     : @ 82362.930: tcs3701: stop power rail pending_off timer
11-23 11:31:50.732  1011  1189 D ASH     : @ 82362.930: tcs3701: start power rail timer, state:3
11-23 11:31:50.770  1011  1189 I ASH     : @ 82362.970: tcs3701: stop power rail pending_off timer
11-23 11:31:50.770  1011  1189 D ASH     : @ 82362.970: tcs3701: start power rail timer, state:3
11-23 11:31:50.773  5238  5295 I BatteryMgr:DataCollectionService: stats => 1700735510772,14038,4448,13427,4169000,100
11-23 11:31:50.811  1011  1189 I ASH     : @ 82363.010: tcs3701: stop power rail pending_off timer
11-23 11:31:50.811  1011  1189 D ASH     : @ 82363.010: tcs3701: start power rail timer, state:3
11-23 11:31:50.851  1011  1189 I ASH     : @ 82363.050: tcs3701: stop power rail pending_off timer
11-23 11:31:50.851  1011  1189 D ASH     : @ 82363.050: tcs3701: start power rail timer, state:3
11-23 11:31:50.879  5238  5295 I BatteryMgr:DataCollectionService: stats => 1700735510879,14038,4448,13427,4169000,100
11-23 11:31:50.891  1011  1189 I ASH     : @ 82363.090: tcs3701: stop power rail pending_off timer
11-23 11:31:50.891  1011  1189 D ASH     : @ 82363.090: tcs3701: start power rail timer, state:3
11-23 11:31:50.931  1011  1189 I ASH     : @ 82363.130: tcs3701: stop power rail pending_off timer
11-23 11:31:50.931  1011  1189 D ASH     : @ 82363.130: tcs3701: start power rail timer, state:3
11-23 11:31:50.970  1011  1189 I ASH     : @ 82363.170: tcs3701: stop power rail pending_off timer
11-23 11:31:50.970  1011  1189 D ASH     : @ 82363.170: tcs3701: start power rail timer, state:3
11-23 11:31:50.985  5238  5295 I BatteryMgr:DataCollectionService: stats => 1700735510985,14038,4448,13427,4169000,100
11-23 11:31:51.011  1011  1189 I ASH     : @ 82363.210: tcs3701: stop power rail pending_off timer
11-23 11:31:51.011  1011  1189 D ASH     : @ 82363.210: tcs3701: start power rail timer, state:3
11-23 11:31:51.050  1011  1189 I ASH     : @ 82363.250: tcs3701: stop power rail pending_off timer
11-23 11:31:51.050  1011  1189 D ASH     : @ 82363.250: tcs3701: start power rail timer, state:3
11-23 11:31:51.090  1011  1189 I ASH     : @ 82363.290: tcs3701: stop power rail pending_off timer
11-23 11:31:51.091  1011  1189 D ASH     : @ 82363.290: tcs3701: start power rail timer, state:3
11-23 11:31:51.092  5238  5295 I BatteryMgr:DataCollectionService: stats => 1700735511092,14038,4448,13427,4169000,100
11-23 11:31:51.131  1011  1189 I ASH     : @ 82363.330: tcs3701: stop power rail pending_off timer
11-23 11:31:51.131  1011  1189 D ASH     : @ 82363.330: tcs3701: start power rail timer, state:3
11-23 11:31:51.170  1011  1189 I ASH     : @ 82363.370: tcs3701: stop power rail pending_off timer
11-23 11:31:51.170  1011  1189 D ASH     : @ 82363.370: tcs3701: start power rail timer, state:3
11-23 11:31:51.202  5238  5295 I BatteryMgr:DataCollectionService: stats => 1700735511202,14038,4448,13427,4169000,100
11-23 11:31:51.210  1011  1189 I ASH     : @ 82363.410: tcs3701: stop power rail pending_off timer
11-23 11:31:51.211  1011  1189 D ASH     : @ 82363.410: tcs3701: start power rail timer, state:3
11-23 11:31:51.250  1011  1189 I ASH     : @ 82363.450: tcs3701: stop power rail pending_off timer
11-23 11:31:51.250  1011  1189 D ASH     : @ 82363.450: tcs3701: start power rail timer, state:3
11-23 11:31:51.285  2113  2118 I pixel-thermal: skin-therm-monitor: 40.789
11-23 11:31:51.290  1011  1189 I ASH     : @ 82363.490: tcs3701: stop power rail pending_off timer
11-23 11:31:51.290  1011  1189 D ASH     : @ 82363.490: tcs3701: start power rail timer, state:3
11-23 11:31:51.308  5238  5295 I BatteryMgr:DataCollectionService: stats => 1700735511308,14038,4448,13427,4169000,100
11-23 11:31:51.331  1011  1189 I ASH     : @ 82363.530: tcs3701: stop power rail pending_off timer
11-23 11:31:51.331  1011  1189 D ASH     : @ 82363.530: tcs3701: start power rail timer, state:3
11-23 11:31:51.370  1011  1189 I ASH     : @ 82363.570: tcs3701: stop power rail pending_off timer
11-23 11:31:51.370  1011  1189 D ASH     : @ 82363.570: tcs3701: start power rail timer, state:3
11-23 11:31:51.411  1011  1189 I ASH     : @ 82363.610: tcs3701: stop power rail pending_off timer
11-23 11:31:51.411  1011  1189 D ASH     : @ 82363.610: tcs3701: start power rail timer, state:3
11-23 11:31:51.413  1795  2424 D WifiClientModeImpl[13802:wlan0]: updateLinkLayerStatsRssiSpeedFrequencyCapabilities rssi=-46 TxLinkspeed=866 freq=5240 RxLinkSpeed=866
11-23 11:31:51.413  1795  2424 D WifiDataStall: tx tput in kbps: 755212
11-23 11:31:51.413  1795  2424 D WifiDataStall: rx tput in kbps: 794960
11-23 11:31:51.413  1795  2424 V WifiConfigManager: Updating scan detail cache freq=5240 BSSID=f4:6d:2f:12:cc:88 RSSI=-45 for "ourhome"WPA_PSK
11-23 11:31:51.414  1795  2424 D WifiChannelUtilization:  freq: 5240 onTime: 2235106 busyTime: 185236 onTimeDiff: 2234811 busyTimeDiff: 185219 utilization: 21 utilization t0: 21
11-23 11:31:51.414  1795  2424 D WifiDataStall:  ccaLevel = 21
11-23 11:31:51.414  1795  2424 D WifiDataStall: L2 txTputKbps: 755212, rxTputKbps: 794960, L3 txTputKbps: 0, rxTputKbps: 0, TxTrafficHigh: false, RxTrafficHigh: false, Throughput Sufficient: true
11-23 11:31:51.414  1795  2424 D WifiScoreReport: Wifi scoring disabled - Don't check IP layer
11-23 11:31:51.414  1795  2424 D WifiScoreCard: BSSID update SIGNAL_POLL ID: 1320464697 SSID: "ourhome", BSSID: f4:6d:2f:12:cc:88, MAC: b2:2f:ec:da:4a:0c, IP: /192.168.1.104, Security type: 2, Supplicant state: COMPLETED, Wi-Fi standard: 5, RSSI: -46, Link speed: 866Mbps, Tx Link speed: 866Mbps, Max Supported Tx Link speed: 866Mbps, Rx Link speed: 866Mbps, Max Supported Rx Link speed: 866Mbps, Frequency: 5240MHz, Net ID: 12, Metered hint: false, score: 60, isUsable: true, CarrierMerged: false, SubscriptionId: -1, IsPrimary: 1, Trusted: true, Restricted: false, Ephemeral: false, OEM paid: false, OEM private: false, OSU AP: false, FQDN: <none>, Provider friendly name: <none>, Requesting package name: <none>"ourhome"wpa2-pskMLO Information: , Is TID-To-Link negotiation supported by the AP: false, AP MLD Address: <none>, AP MLO Link Id: <none>, AP MLO Affiliated links: <none>
11-23 11:31:51.414  3213  6173 V WifiManager: OnWifiUsabilityStatsListener: onWifiUsabilityStats: seqNum=27227
11-23 11:31:51.414  1795  2424 D WifiScoreCard: txRate: 1 txSpeed: 866
11-23 11:31:51.414  1795  2424 D WifiScoreCard: network update SIGNAL_POLL "ourhome" ID: 1499892569 RSSI -46 txSpeed -1
11-23 11:31:51.414  1795  2424 D WifiClientModeImpl[13802:wlan0]:  ClientModeImpl$L2ConnectedState screen=on 13 0 "ourhome" f4:6d:2f:12:cc:88 rssi=-46 f=5240 sc=60 link=866 tx=0.0, 0.0, 0.0 rx=0.0 bcn=785494 [on:0 tx:0 rx:0 period:3020] from screen [on:104746 period:1999526] score=60
11-23 11:31:51.415  1795  4172 I WifiService: updateWifiUsabilityScore uid=10180 seqNum=27227 score=100 predictionHorizonSec=1441795
11-23 11:31:51.418  5238  5295 I BatteryMgr:DataCollectionService: stats => 1700735511418,14038,4448,13427,4169000,100
11-23 11:31:51.419  1795  2424 D WifiScoreReport: Wifi scoring disabled - Notify that Wifi is usable
11-23 11:31:51.423  1795  2432 D ConnectivityService: NetReassign [no changes] [c 0] [a 0] [i 4]
11-23 11:31:51.450  1011  1189 I ASH     : @ 82363.650: tcs3701: stop power rail pending_off timer
11-23 11:31:51.450  1011  1189 D ASH     : @ 82363.650: tcs3701: start power rail timer, state:3
11-23 11:31:51.485  1795  3807 D ActivityManager: freezer override set to true
11-23 11:31:51.490  1011  1189 I ASH     : @ 82363.690: tcs3701: stop power rail pending_off timer
11-23 11:31:51.490  1011  1189 D ASH     : @ 82363.690: tcs3701: start power rail timer, state:3
11-23 11:31:51.530  5238  5295 I BatteryMgr:DataCollectionService: stats => 1700735511530,14038,4448,13427,4169000,100
11-23 11:31:51.530  1011  1189 I ASH     : @ 82363.730: tcs3701: stop power rail pending_off timer
11-23 11:31:51.530  1011  1189 D ASH     : @ 82363.730: tcs3701: start power rail timer, state:3
11-23 11:31:51.570  1011  1189 I ASH     : @ 82363.770: tcs3701: stop power rail pending_off timer
11-23 11:31:51.570  1011  1189 D ASH     : @ 82363.770: tcs3701: start power rail timer, state:3
11-23 11:31:51.609 27835 27848 I m.chrome.canary: Explicit concurrent copying GC freed 3577(176KB) AllocSpace objects, 3(60KB) LOS objects, 75% free, 11MB/47MB, paused 38us,26us total 56.924ms
11-23 11:31:51.611  1011  1189 I ASH     : @ 82363.810: tcs3701: stop power rail pending_off timer
11-23 11:31:51.611  1011  1189 D ASH     : @ 82363.810: tcs3701: start power rail timer, state:3
11-23 11:31:51.640  5238  5295 I BatteryMgr:DataCollectionService: stats => 1700735511640,14038,4448,13427,4169000,100
11-23 11:31:51.650  1011  1189 I ASH     : @ 82363.850: tcs3701: stop power rail pending_off timer
11-23 11:31:51.650  1011  1189 D ASH     : @ 82363.850: tcs3701: start power rail timer, state:3
11-23 11:31:51.685  1795  4172 D ActivityManager: freezer override set to false
11-23 11:31:51.690  1011  1189 I ASH     : @ 82363.890: tcs3701: stop power rail pending_off timer
11-23 11:31:51.691  1011  1189 D ASH     : @ 82363.890: tcs3701: start power rail timer, state:3
11-23 11:31:51.722  1795  4172 D ActivityManager: freezer override set to true
11-23 11:31:51.726  1795  4172 D ActivityManager: freezer override set to false
11-23 11:31:51.731  1011  1189 I ASH     : @ 82363.930: tcs3701: stop power rail pending_off timer
11-23 11:31:51.732  1011  1189 D ASH     : @ 82363.930: tcs3701: start power rail timer, state:3
11-23 11:31:51.748  5238  5295 I BatteryMgr:DataCollectionService: stats => 1700735511748,14038,4448,13427,4169000,100
11-23 11:31:51.771  1011  1189 I ASH     : @ 82363.970: tcs3701: stop power rail pending_off timer
11-23 11:31:51.771  1011  1189 D ASH     : @ 82363.970: tcs3701: start power rail timer, state:3
11-23 11:31:51.810  1011  1189 I ASH     : @ 82364.010: tcs3701: stop power rail pending_off timer
11-23 11:31:51.810  1011  1189 D ASH     : @ 82364.010: tcs3701: start power rail timer, state:3
11-23 11:31:51.850  1011  1189 I ASH     : @ 82364.050: tcs3701: stop power rail pending_off timer
11-23 11:31:51.851  1011  1189 D ASH     : @ 82364.050: tcs3701: start power rail timer, state:3
11-23 11:31:51.851  5238  5295 I BatteryMgr:DataCollectionService: stats => 1700735511851,14038,4448,13427,4169000,100
11-23 11:31:51.890  1011  1189 I ASH     : @ 82364.090: tcs3701: stop power rail pending_off timer
11-23 11:31:51.891  1011  1189 D ASH     : @ 82364.090: tcs3701: start power rail timer, state:3
11-23 11:31:51.930  1011  1189 I ASH     : @ 82364.130: tcs3701: stop power rail pending_off timer
11-23 11:31:51.931  1011  1189 D ASH     : @ 82364.130: tcs3701: start power rail timer, state:3
11-23 11:31:51.956  5238  5295 I BatteryMgr:DataCollectionService: stats => 1700735511956,14038,4448,13427,4169000,100
11-23 11:31:51.970  1011  1189 I ASH     : @ 82364.170: tcs3701: stop power rail pending_off timer
11-23 11:31:51.970  1011  1189 D ASH     : @ 82364.170: tcs3701: start power rail timer, state:3
11-23 11:31:52.010  1011  1189 I ASH     : @ 82364.210: tcs3701: stop power rail pending_off timer
11-23 11:31:52.011  1011  1189 D ASH     : @ 82364.210: tcs3701: start power rail timer, state:3
11-23 11:31:52.050  1011  1189 I ASH     : @ 82364.250: tcs3701: stop power rail pending_off timer
11-23 11:31:52.051  1011  1189 D ASH     : @ 82364.250: tcs3701: start power rail timer, state:3
11-23 11:31:52.065  5238  5295 I BatteryMgr:DataCollectionService: stats => 1700735512065,14038,4448,13427,4169000,100
11-23 11:31:52.091  1011  1189 I ASH     : @ 82364.290: tcs3701: stop power rail pending_off timer
11-23 11:31:52.091  1011  1189 D ASH     : @ 82364.290: tcs3701: start power rail timer, state:3
11-23 11:31:52.131  1011  1189 I ASH     : @ 82364.330: tcs3701: stop power rail pending_off timer
11-23 11:31:52.131  1011  1189 D ASH     : @ 82364.330: tcs3701: start power rail timer, state:3
11-23 11:31:52.136  1795  2424 D WifiNetworkSelector: Current connected network: 12
11-23 11:31:52.136  1795  2424 V WifiConnectivityManager: No partial scan because firmware roaming is supported.
11-23 11:31:52.136  1795  2424 V WifiConnectivityManager: schedulePeriodicScanTimer intervalMs 20000
11-23 11:31:52.171  1011  1189 I ASH     : @ 82364.370: tcs3701: stop power rail pending_off timer
11-23 11:31:52.171  1011  1189 D ASH     : @ 82364.370: tcs3701: start power rail timer, state:3
11-23 11:31:52.174  5238  5295 I BatteryMgr:DataCollectionService: stats => 1700735512174,14038,4448,13427,4169000,100
11-23 11:31:52.211  1011  1189 I ASH     : @ 82364.410: tcs3701: stop power rail pending_off timer
11-23 11:31:52.211  1011  1189 D ASH     : @ 82364.410: tcs3701: start power rail timer, state:3
11-23 11:31:52.250  1011  1189 I ASH     : @ 82364.450: tcs3701: stop power rail pending_off timer
11-23 11:31:52.251  1011  1189 D ASH     : @ 82364.450: tcs3701: start power rail timer, state:3
11-23 11:31:52.280  5238  5295 I BatteryMgr:DataCollectionService: stats => 1700735512280,14038,4448,13427,4169000,100
11-23 11:31:52.291  1011  1189 I ASH     : @ 82364.490: tcs3701: stop power rail pending_off timer
11-23 11:31:52.291  1011  1189 D ASH     : @ 82364.490: tcs3701: start power rail timer, state:3
11-23 11:31:52.330  1011  1189 I ASH     : @ 82364.530: tcs3701: stop power rail pending_off timer
11-23 11:31:52.330  1011  1189 D ASH     : @ 82364.530: tcs3701: start power rail timer, state:3
11-23 11:31:52.371  1011  1189 I ASH     : @ 82364.570: tcs3701: stop power rail pending_off timer
11-23 11:31:52.371  1011  1189 D ASH     : @ 82364.570: tcs3701: start power rail timer, state:3
11-23 11:31:52.387  5238  5295 I BatteryMgr:DataCollectionService: stats => 1700735512387,14038,4448,13427,4169000,100
11-23 11:31:52.411  1011  1189 I ASH     : @ 82364.610: tcs3701: stop power rail pending_off timer
