11-23 11:11:42.834  1011  1189 I ASH     : @ 81155.033: tcs3701: stop power rail pending_off timer
11-23 11:11:42.834  1011  1189 D ASH     : @ 81155.033: tcs3701: start power rail timer, state:3
11-23 11:11:42.874  1011  1189 I ASH     : @ 81155.073: tcs3701: stop power rail pending_off timer
11-23 11:11:42.874  1011  1189 D ASH     : @ 81155.073: tcs3701: start power rail timer, state:3
11-23 11:11:42.889  5238  5295 I BatteryMgr:DataCollectionService: stats => 1700734302889,17089,4448,13427,4169000,100
11-23 11:11:42.915  1011  1189 I ASH     : @ 81155.113: tcs3701: stop power rail pending_off timer
11-23 11:11:42.915  1011  1189 D ASH     : @ 81155.113: tcs3701: start power rail timer, state:3
11-23 11:11:42.954  1011  1189 I ASH     : @ 81155.153: tcs3701: stop power rail pending_off timer
11-23 11:11:42.954  1011  1189 D ASH     : @ 81155.153: tcs3701: start power rail timer, state:3
11-23 11:11:42.992  5238  5295 I BatteryMgr:DataCollectionService: stats => 1700734302992,17089,4448,13427,4169000,100
11-23 11:11:42.994  1011  1189 I ASH     : @ 81155.193: tcs3701: stop power rail pending_off timer
11-23 11:11:42.994  1011  1189 D ASH     : @ 81155.193: tcs3701: start power rail timer, state:3
11-23 11:11:43.034  1011  1189 I ASH     : @ 81155.233: tcs3701: stop power rail pending_off timer
11-23 11:11:43.035  1011  1189 D ASH     : @ 81155.233: tcs3701: start power rail timer, state:3
11-23 11:11:43.074  1011  1189 I ASH     : @ 81155.273: tcs3701: stop power rail pending_off timer
11-23 11:11:43.074  1011  1189 D ASH     : @ 81155.273: tcs3701: start power rail timer, state:3
11-23 11:11:43.099  5238  5295 I BatteryMgr:DataCollectionService: stats => 1700734303099,17089,4448,13427,4169000,100
11-23 11:11:43.114  1011  1189 I ASH     : @ 81155.313: tcs3701: stop power rail pending_off timer
11-23 11:11:43.114  1011  1189 D ASH     : @ 81155.313: tcs3701: start power rail timer, state:3
11-23 11:11:43.154  1011  1189 I ASH     : @ 81155.353: tcs3701: stop power rail pending_off timer
11-23 11:11:43.154  1011  1189 D ASH     : @ 81155.353: tcs3701: start power rail timer, state:3
11-23 11:11:43.194  1011  1189 I ASH     : @ 81155.393: tcs3701: stop power rail pending_off timer
11-23 11:11:43.194  1011  1189 D ASH     : @ 81155.393: tcs3701: start power rail timer, state:3
11-23 11:11:43.204  5238  5295 I BatteryMgr:DataCollectionService: stats => 1700734303204,17089,4448,13427,4169000,100
11-23 11:11:43.234  1011  1189 I ASH     : @ 81155.433: tcs3701: stop power rail pending_off timer
11-23 11:11:43.234  1011  1189 D ASH     : @ 81155.433: tcs3701: start power rail timer, state:3
11-23 11:11:43.274  1011  1189 I ASH     : @ 81155.473: tcs3701: stop power rail pending_off timer
11-23 11:11:43.274  1011  1189 D ASH     : @ 81155.473: tcs3701: start power rail timer, state:3
11-23 11:11:43.312  5238  5295 I BatteryMgr:DataCollectionService: stats => 1700734303311,17089,4448,13427,4169000,100
11-23 11:11:43.314  1011  1189 I ASH     : @ 81155.513: tcs3701: stop power rail pending_off timer
11-23 11:11:43.314  1011  1189 D ASH     : @ 81155.513: tcs3701: start power rail timer, state:3
11-23 11:11:43.354  1011  1189 I ASH     : @ 81155.553: tcs3701: stop power rail pending_off timer
11-23 11:11:43.354  1011  1189 D ASH     : @ 81155.553: tcs3701: start power rail timer, state:3
11-23 11:11:43.394  1011  1189 I ASH     : @ 81155.593: tcs3701: stop power rail pending_off timer
11-23 11:11:43.394  1011  1189 D ASH     : @ 81155.593: tcs3701: start power rail timer, state:3
11-23 11:11:43.416  5238  5295 I BatteryMgr:DataCollectionService: stats => 1700734303416,17089,4448,13427,4169000,100
11-23 11:11:43.434  1011  1189 I ASH     : @ 81155.633: tcs3701: stop power rail pending_off timer
11-23 11:11:43.434  1011  1189 D ASH     : @ 81155.633: tcs3701: start power rail timer, state:3
11-23 11:11:43.474  1011  1189 I ASH     : @ 81155.673: tcs3701: stop power rail pending_off timer
11-23 11:11:43.474  1011  1189 D ASH     : @ 81155.673: tcs3701: start power rail timer, state:3
11-23 11:11:43.514  1011  1189 I ASH     : @ 81155.713: tcs3701: stop power rail pending_off timer
11-23 11:11:43.514  1011  1189 D ASH     : @ 81155.713: tcs3701: start power rail timer, state:3
11-23 11:11:43.521  5238  5295 I BatteryMgr:DataCollectionService: stats => 1700734303521,17089,4448,13427,4169000,100
11-23 11:11:43.554  1011  1189 I ASH     : @ 81155.753: tcs3701: stop power rail pending_off timer
11-23 11:11:43.554  1011  1189 D ASH     : @ 81155.753: tcs3701: start power rail timer, state:3
11-23 11:11:43.594  1011  1189 I ASH     : @ 81155.793: tcs3701: stop power rail pending_off timer
11-23 11:11:43.594  1011  1189 D ASH     : @ 81155.793: tcs3701: start power rail timer, state:3
11-23 11:11:43.627  5238  5295 I BatteryMgr:DataCollectionService: stats => 1700734303627,17089,4448,13427,4169000,100
11-23 11:11:43.635  1011  1189 I ASH     : @ 81155.833: tcs3701: stop power rail pending_off timer
11-23 11:11:43.635  1011  1189 D ASH     : @ 81155.833: tcs3701: start power rail timer, state:3
11-23 11:11:43.674  1011  1189 I ASH     : @ 81155.873: tcs3701: stop power rail pending_off timer
11-23 11:11:43.674  1011  1189 D ASH     : @ 81155.873: tcs3701: start power rail timer, state:3
11-23 11:11:43.714  1011  1189 I ASH     : @ 81155.913: tcs3701: stop power rail pending_off timer
11-23 11:11:43.714  1011  1189 D ASH     : @ 81155.913: tcs3701: start power rail timer, state:3
11-23 11:11:43.734  5238  5295 I BatteryMgr:DataCollectionService: stats => 1700734303734,17089,4448,13427,4169000,100
11-23 11:11:43.754  1011  1189 I ASH     : @ 81155.953: tcs3701: stop power rail pending_off timer
11-23 11:11:43.754  1011  1189 D ASH     : @ 81155.953: tcs3701: start power rail timer, state:3
11-23 11:11:43.781  1795  3001 D ActivityManager: freezer override set to true
11-23 11:11:43.786  1795  3001 D ActivityManager: freezer override set to false
11-23 11:11:43.795  1011  1189 I ASH     : @ 81155.993: tcs3701: stop power rail pending_off timer
11-23 11:11:43.795  1011  1189 D ASH     : @ 81155.993: tcs3701: start power rail timer, state:3
11-23 11:11:43.834  1011  1189 I ASH     : @ 81156.033: tcs3701: stop power rail pending_off timer
11-23 11:11:43.834  1011  1189 D ASH     : @ 81156.033: tcs3701: start power rail timer, state:3
11-23 11:11:43.839  5238  5295 I BatteryMgr:DataCollectionService: stats => 1700734303839,17089,4448,13427,4169000,100
11-23 11:11:43.874  1011  1189 I ASH     : @ 81156.073: tcs3701: stop power rail pending_off timer
11-23 11:11:43.874  1011  1189 D ASH     : @ 81156.073: tcs3701: start power rail timer, state:3
11-23 11:11:43.914  1011  1189 I ASH     : @ 81156.113: tcs3701: stop power rail pending_off timer
11-23 11:11:43.914  1011  1189 D ASH     : @ 81156.113: tcs3701: start power rail timer, state:3
11-23 11:11:43.930  1795  3001 D ActivityManager: freezer override set to true
11-23 11:11:43.945  5238  5295 I BatteryMgr:DataCollectionService: stats => 1700734303945,17089,4448,13427,4169000,100
11-23 11:11:43.954  1011  1189 I ASH     : @ 81156.153: tcs3701: stop power rail pending_off timer
11-23 11:11:43.954  1011  1189 D ASH     : @ 81156.153: tcs3701: start power rail timer, state:3
11-23 11:11:43.994  1011  1189 I ASH     : @ 81156.193: tcs3701: stop power rail pending_off timer
11-23 11:11:43.994  1011  1189 D ASH     : @ 81156.193: tcs3701: start power rail timer, state:3
11-23 11:11:44.020 32011 32671 I m.chrome.canary: Explicit concurrent copying GC freed 3799(191KB) AllocSpace objects, 4(80KB) LOS objects, 75% free, 11MB/46MB, paused 37us,24us total 46.454ms
11-23 11:11:44.034  1011  1189 I ASH     : @ 81156.233: tcs3701: stop power rail pending_off timer
11-23 11:11:44.034  1011  1189 D ASH     : @ 81156.233: tcs3701: start power rail timer, state:3
11-23 11:11:44.049  5238  5295 I BatteryMgr:DataCollectionService: stats => 1700734304049,17089,4448,13427,4169000,100
11-23 11:11:44.074  1011  1189 I ASH     : @ 81156.273: tcs3701: stop power rail pending_off timer
11-23 11:11:44.074  1011  1189 D ASH     : @ 81156.273: tcs3701: start power rail timer, state:3
11-23 11:11:44.079  1795  3001 D ActivityManager: freezer override set to false
11-23 11:11:44.098  2113  2118 I pixel-thermal: skin-therm-monitor: 38.017
11-23 11:11:44.114  1011  1189 I ASH     : @ 81156.313: tcs3701: stop power rail pending_off timer
11-23 11:11:44.114  1011  1189 D ASH     : @ 81156.313: tcs3701: start power rail timer, state:3
11-23 11:11:44.122  1795  3001 D ActivityManager: freezer override set to true
11-23 11:11:44.125  1795  3001 D ActivityManager: freezer override set to false
11-23 11:11:44.154  1011  1189 I ASH     : @ 81156.353: tcs3701: stop power rail pending_off timer
11-23 11:11:44.154  1011  1189 D ASH     : @ 81156.353: tcs3701: start power rail timer, state:3
11-23 11:11:44.154  5238  5295 I BatteryMgr:DataCollectionService: stats => 1700734304154,17089,4448,13427,4169000,100
11-23 11:11:44.194  1011  1189 I ASH     : @ 81156.393: tcs3701: stop power rail pending_off timer
11-23 11:11:44.195  1011  1189 D ASH     : @ 81156.393: tcs3701: start power rail timer, state:3
11-23 11:11:44.234  1011  1189 I ASH     : @ 81156.433: tcs3701: stop power rail pending_off timer
11-23 11:11:44.234  1011  1189 D ASH     : @ 81156.433: tcs3701: start power rail timer, state:3
11-23 11:11:44.258  5238  5295 I BatteryMgr:DataCollectionService: stats => 1700734304258,17089,4448,13427,4169000,100
11-23 11:11:44.274  1011  1189 I ASH     : @ 81156.473: tcs3701: stop power rail pending_off timer
11-23 11:11:44.274  1011  1189 D ASH     : @ 81156.473: tcs3701: start power rail timer, state:3
11-23 11:11:44.314  1011  1189 I ASH     : @ 81156.513: tcs3701: stop power rail pending_off timer
11-23 11:11:44.314  1011  1189 D ASH     : @ 81156.513: tcs3701: start power rail timer, state:3
11-23 11:11:44.354  1011  1189 I ASH     : @ 81156.553: tcs3701: stop power rail pending_off timer
11-23 11:11:44.354  1011  1189 D ASH     : @ 81156.553: tcs3701: start power rail timer, state:3
11-23 11:11:44.362  5238  5295 I BatteryMgr:DataCollectionService: stats => 1700734304362,17089,4448,13427,4169000,100
11-23 11:11:44.394  1011  1189 I ASH     : @ 81156.593: tcs3701: stop power rail pending_off timer
11-23 11:11:44.394  1011  1189 D ASH     : @ 81156.593: tcs3701: start power rail timer, state:3
11-23 11:11:44.434  1011  1189 I ASH     : @ 81156.633: tcs3701: stop power rail pending_off timer
11-23 11:11:44.434  1011  1189 D ASH     : @ 81156.633: tcs3701: start power rail timer, state:3
11-23 11:11:44.465  5238  5295 I BatteryMgr:DataCollectionService: stats => 1700734304465,17089,4448,13427,4169000,100
11-23 11:11:44.474  1011  1189 I ASH     : @ 81156.673: tcs3701: stop power rail pending_off timer
11-23 11:11:44.474  1011  1189 D ASH     : @ 81156.673: tcs3701: start power rail timer, state:3
11-23 11:11:44.514  1011  1189 I ASH     : @ 81156.713: tcs3701: stop power rail pending_off timer
11-23 11:11:44.514  1011  1189 D ASH     : @ 81156.713: tcs3701: start power rail timer, state:3
11-23 11:11:44.554  1011  1189 I ASH     : @ 81156.753: tcs3701: stop power rail pending_off timer
11-23 11:11:44.554  1011  1189 D ASH     : @ 81156.753: tcs3701: start power rail timer, state:3
11-23 11:11:44.571  5238  5295 I BatteryMgr:DataCollectionService: stats => 1700734304571,17089,4448,13427,4169000,100
11-23 11:11:44.594  1011  1189 I ASH     : @ 81156.793: tcs3701: stop power rail pending_off timer
11-23 11:11:44.594  1011  1189 D ASH     : @ 81156.793: tcs3701: start power rail timer, state:3
11-23 11:11:44.634  1011  1189 I ASH     : @ 81156.833: tcs3701: stop power rail pending_off timer
11-23 11:11:44.634  1011  1189 D ASH     : @ 81156.833: tcs3701: start power rail timer, state:3
11-23 11:11:44.674  1011  1189 I ASH     : @ 81156.873: tcs3701: stop power rail pending_off timer
11-23 11:11:44.674  1011  1189 D ASH     : @ 81156.873: tcs3701: start power rail timer, state:3
11-23 11:11:44.678  5238  5295 I BatteryMgr:DataCollectionService: stats => 1700734304678,17089,4448,13427,4169000,100
11-23 11:11:44.714  1011  1189 I ASH     : @ 81156.913: tcs3701: stop power rail pending_off timer
11-23 11:11:44.714  1011  1189 D ASH     : @ 81156.913: tcs3701: start power rail timer, state:3
11-23 11:11:44.754  1011  1189 I ASH     : @ 81156.953: tcs3701: stop power rail pending_off timer
11-23 11:11:44.754  1011  1189 D ASH     : @ 81156.953: tcs3701: start power rail timer, state:3
11-23 11:11:44.783  1795  2855 D ActivityManager: freezer override set to true
11-23 11:11:44.785  5238  5295 I BatteryMgr:DataCollectionService: stats => 1700734304785,17089,4448,13427,4169000,100
11-23 11:11:44.788  1795  2855 D ActivityManager: freezer override set to false
11-23 11:11:44.794  1011  1189 I ASH     : @ 81156.993: tcs3701: stop power rail pending_off timer
11-23 11:11:44.794  1011  1189 D ASH     : @ 81156.993: tcs3701: start power rail timer, state:3
11-23 11:11:44.834  1011  1189 I ASH     : @ 81157.033: tcs3701: stop power rail pending_off timer
11-23 11:11:44.834  1011  1189 D ASH     : @ 81157.033: tcs3701: start power rail timer, state:3
11-23 11:11:44.874  1011  1189 I ASH     : @ 81157.073: tcs3701: stop power rail pending_off timer
11-23 11:11:44.874  1011  1189 D ASH     : @ 81157.073: tcs3701: start power rail timer, state:3
11-23 11:11:44.891  5238  5295 I BatteryMgr:DataCollectionService: stats => 1700734304891,17089,4448,13427,4169000,100
11-23 11:11:44.914  1011  1189 I ASH     : @ 81157.113: tcs3701: stop power rail pending_off timer
11-23 11:11:44.914  1011  1189 D ASH     : @ 81157.113: tcs3701: start power rail timer, state:3
11-23 11:11:44.954  1011  1189 I ASH     : @ 81157.153: tcs3701: stop power rail pending_off timer
11-23 11:11:44.954  1011  1189 D ASH     : @ 81157.153: tcs3701: start power rail timer, state:3
11-23 11:11:44.994  1011  1189 I ASH     : @ 81157.193: tcs3701: stop power rail pending_off timer
11-23 11:11:44.994  1011  1189 D ASH     : @ 81157.193: tcs3701: start power rail timer, state:3
11-23 11:11:44.997  5238  5295 I BatteryMgr:DataCollectionService: stats => 1700734304997,17089,4448,13427,4169000,100
11-23 11:11:45.034  1011  1189 I ASH     : @ 81157.233: tcs3701: stop power rail pending_off timer
11-23 11:11:45.034  1011  1189 D ASH     : @ 81157.233: tcs3701: start power rail timer, state:3
11-23 11:11:45.074  1011  1189 I ASH     : @ 81157.273: tcs3701: stop power rail pending_off timer
11-23 11:11:45.074  1011  1189 D ASH     : @ 81157.273: tcs3701: start power rail timer, state:3
11-23 11:11:45.103  5238  5295 I BatteryMgr:DataCollectionService: stats => 1700734305102,17089,4448,13427,4169000,100
11-23 11:11:45.114  1011  1189 I ASH     : @ 81157.313: tcs3701: stop power rail pending_off timer
11-23 11:11:45.114  1011  1189 D ASH     : @ 81157.313: tcs3701: start power rail timer, state:3
11-23 11:11:45.154  1011  1189 I ASH     : @ 81157.353: tcs3701: stop power rail pending_off timer
11-23 11:11:45.154  1011  1189 D ASH     : @ 81157.353: tcs3701: start power rail timer, state:3
11-23 11:11:45.194  1011  1189 I ASH     : @ 81157.393: tcs3701: stop power rail pending_off timer
11-23 11:11:45.194  1011  1189 D ASH     : @ 81157.393: tcs3701: start power rail timer, state:3
11-23 11:11:45.207  5238  5295 I BatteryMgr:DataCollectionService: stats => 1700734305207,17089,4448,13427,4169000,100
11-23 11:11:45.234  1011  1189 I ASH     : @ 81157.433: tcs3701: stop power rail pending_off timer
11-23 11:11:45.234  1011  1189 D ASH     : @ 81157.433: tcs3701: start power rail timer, state:3
11-23 11:11:45.238  1795  2424 D WifiClientModeImpl[13802:wlan0]: updateLinkLayerStatsRssiSpeedFrequencyCapabilities rssi=-52 TxLinkspeed=866 freq=5240 RxLinkSpeed=780
11-23 11:11:45.240  1795  2424 D WifiDataStall: tx tput in kbps: 755212
11-23 11:11:45.240  2782  5906 D QCNEJ/WlanStaInfoRelay: Received action: android.net.wifi.RSSI_CHANGED
11-23 11:11:45.240  1795  2424 D WifiDataStall: rx tput in kbps: 716015
11-23 11:11:45.240  1795  2424 V WifiConfigManager: Updating scan detail cache freq=5240 BSSID=f4:6d:2f:12:cc:88 RSSI=-51 for "ourhome"WPA_PSK
11-23 11:11:45.240  1795  2424 D WifiChannelUtilization:  freq: 5240 onTime: 2169209 busyTime: 179235 onTimeDiff: 2168914 busyTimeDiff: 179218 utilization: 21 utilization t0: 21
11-23 11:11:45.241  1795  2424 D WifiDataStall:  ccaLevel = 21
11-23 11:11:45.241  1795  2424 D WifiDataStall: L2 txTputKbps: 755212, rxTputKbps: 716015, L3 txTputKbps: 0, rxTputKbps: 0, TxTrafficHigh: false, RxTrafficHigh: false, Throughput Sufficient: true
11-23 11:11:45.241  3213  8092 V WifiManager: OnWifiUsabilityStatsListener: onWifiUsabilityStats: seqNum=26827
11-23 11:11:45.241  1795  2855 I WifiService: updateWifiUsabilityScore uid=10180 seqNum=26827 score=100 predictionHorizonSec=1441795
11-23 11:11:45.242  1795  2424 D WifiScoreReport: Wifi scoring disabled - Don't check IP layer
11-23 11:11:45.242  1795  2424 D WifiScoreCard: BSSID update SIGNAL_POLL ID: 1320464697 SSID: "ourhome", BSSID: f4:6d:2f:12:cc:88, MAC: b2:2f:ec:da:4a:0c, IP: /192.168.1.104, Security type: 2, Supplicant state: COMPLETED, Wi-Fi standard: 5, RSSI: -52, Link speed: 866Mbps, Tx Link speed: 866Mbps, Max Supported Tx Link speed: 866Mbps, Rx Link speed: 780Mbps, Max Supported Rx Link speed: 866Mbps, Frequency: 5240MHz, Net ID: 12, Metered hint: false, score: 60, isUsable: true, CarrierMerged: false, SubscriptionId: -1, IsPrimary: 1, Trusted: true, Restricted: false, Ephemeral: false, OEM paid: false, OEM private: false, OSU AP: false, FQDN: <none>, Provider friendly name: <none>, Requesting package name: <none>"ourhome"wpa2-pskMLO Information: , Is TID-To-Link negotiation supported by the AP: false, AP MLD Address: <none>, AP MLO Link Id: <none>, AP MLO Affiliated links: <none>
11-23 11:11:45.242  1795  2424 D WifiScoreCard: txRate: 1 txSpeed: 866
11-23 11:11:45.242  1795  2424 D WifiScoreCard: network update SIGNAL_POLL "ourhome" ID: 1499892569 RSSI -52 txSpeed -1
11-23 11:11:45.242  1795  2424 D WifiClientModeImpl[13802:wlan0]:  ClientModeImpl$L2ConnectedState screen=on 13 0 "ourhome" f4:6d:2f:12:cc:88 rssi=-52 f=5240 sc=60 link=866 tx=0.0, 0.0, 0.0 rx=0.0 bcn=773744 [on:0 tx:0 rx:0 period:3018] from screen [on:38849 period:793354] score=60
11-23 11:11:45.243  1795  2424 D WifiScoreReport: Wifi scoring disabled - Notify that Wifi is usable
11-23 11:11:45.244  1795  2432 D ConnectivityService: NetReassign [no changes] [c 0] [a 0] [i 0]
11-23 11:11:45.276  1011  1189 I ASH     : @ 81157.473: tcs3701: stop power rail pending_off timer
11-23 11:11:45.276  1011  1189 D ASH     : @ 81157.473: tcs3701: start power rail timer, state:3
11-23 11:11:45.285  1795  3001 D ActivityManager: freezer override set to true
11-23 11:11:45.312  5238  5295 I BatteryMgr:DataCollectionService: stats => 1700734305312,17089,4448,13427,4169000,100
11-23 11:11:45.314  1011  1189 I ASH     : @ 81157.513: tcs3701: stop power rail pending_off timer
11-23 11:11:45.314  1011  1189 D ASH     : @ 81157.513: tcs3701: start power rail timer, state:3
11-23 11:11:45.354  1011  1189 I ASH     : @ 81157.553: tcs3701: stop power rail pending_off timer
11-23 11:11:45.354  1011  1189 D ASH     : @ 81157.553: tcs3701: start power rail timer, state:3
11-23 11:11:45.373 32011 32671 I m.chrome.canary: Explicit concurrent copying GC freed 3591(176KB) AllocSpace objects, 3(60KB) LOS objects, 75% free, 11MB/46MB, paused 38us,24us total 46.782ms
11-23 11:11:45.394  1011  1189 I ASH     : @ 81157.593: tcs3701: stop power rail pending_off timer
11-23 11:11:45.394  1011  1189 D ASH     : @ 81157.593: tcs3701: start power rail timer, state:3
11-23 11:11:45.421  5238  5295 I BatteryMgr:DataCollectionService: stats => 1700734305421,17089,4448,13427,4169000,100
11-23 11:11:45.430  1795  3001 D ActivityManager: freezer override set to false
11-23 11:11:45.434  1011  1189 I ASH     : @ 81157.633: tcs3701: stop power rail pending_off timer
11-23 11:11:45.434  1011  1189 D ASH     : @ 81157.633: tcs3701: start power rail timer, state:3
11-23 11:11:45.474  1011  1189 I ASH     : @ 81157.673: tcs3701: stop power rail pending_off timer
11-23 11:11:45.474  1011  1189 D ASH     : @ 81157.673: tcs3701: start power rail timer, state:3
11-23 11:11:45.478  1795  3001 D ActivityManager: freezer override set to true
11-23 11:11:45.481  1795  3001 D ActivityManager: freezer override set to false
11-23 11:11:45.514  1011  1189 I ASH     : @ 81157.713: tcs3701: stop power rail pending_off timer
11-23 11:11:45.514  1011  1189 D ASH     : @ 81157.713: tcs3701: start power rail timer, state:3
11-23 11:11:45.528  5238  5295 I BatteryMgr:DataCollectionService: stats => 1700734305528,17089,4448,13427,4169000,100
11-23 11:11:45.554  1011  1189 I ASH     : @ 81157.753: tcs3701: stop power rail pending_off timer
11-23 11:11:45.554  1011  1189 D ASH     : @ 81157.753: tcs3701: start power rail timer, state:3
11-23 11:11:45.594  1011  1189 I ASH     : @ 81157.793: tcs3701: stop power rail pending_off timer
11-23 11:11:45.594  1011  1189 D ASH     : @ 81157.793: tcs3701: start power rail timer, state:3
11-23 11:11:45.633  5238  5295 I BatteryMgr:DataCollectionService: stats => 1700734305633,17089,4448,13427,4169000,100
11-23 11:11:45.634  1011  1189 I ASH     : @ 81157.833: tcs3701: stop power rail pending_off timer
11-23 11:11:45.634  1011  1189 D ASH     : @ 81157.833: tcs3701: start power rail timer, state:3
11-23 11:11:45.674  1011  1189 I ASH     : @ 81157.873: tcs3701: stop power rail pending_off timer
11-23 11:11:45.674  1011  1189 D ASH     : @ 81157.873: tcs3701: start power rail timer, state:3
11-23 11:11:45.714  1011  1189 I ASH     : @ 81157.913: tcs3701: stop power rail pending_off timer
11-23 11:11:45.714  1011  1189 D ASH     : @ 81157.913: tcs3701: start power rail timer, state:3
11-23 11:11:45.739  5238  5295 I BatteryMgr:DataCollectionService: stats => 1700734305739,17089,4448,13427,4169000,100
11-23 11:11:45.754  1011  1189 I ASH     : @ 81157.953: tcs3701: stop power rail pending_off timer
11-23 11:11:45.754  1011  1189 D ASH     : @ 81157.953: tcs3701: start power rail timer, state:3
11-23 11:11:45.779  1795  3001 D ActivityManager: freezer override set to true
11-23 11:11:45.783  1795  3001 D ActivityManager: freezer override set to false
11-23 11:11:45.794  1011  1189 I ASH     : @ 81157.993: tcs3701: stop power rail pending_off timer
11-23 11:11:45.794  1011  1189 D ASH     : @ 81157.993: tcs3701: start power rail timer, state:3
11-23 11:11:45.834  1011  1189 I ASH     : @ 81158.033: tcs3701: stop power rail pending_off timer
11-23 11:11:45.834  1011  1189 D ASH     : @ 81158.033: tcs3701: start power rail timer, state:3
11-23 11:11:45.844  5238  5295 I BatteryMgr:DataCollectionService: stats => 1700734305844,17089,4448,13427,4169000,100
11-23 11:11:45.874  1011  1189 I ASH     : @ 81158.073: tcs3701: stop power rail pending_off timer
11-23 11:11:45.874  1011  1189 D ASH     : @ 81158.073: tcs3701: start power rail timer, state:3
11-23 11:11:45.914  1011  1189 I ASH     : @ 81158.113: tcs3701: stop power rail pending_off timer
11-23 11:11:45.914  1011  1189 D ASH     : @ 81158.113: tcs3701: start power rail timer, state:3
11-23 11:11:45.951  5238  5295 I BatteryMgr:DataCollectionService: stats => 1700734305950,17089,4448,13427,4169000,100
11-23 11:11:45.954  1011  1189 I ASH     : @ 81158.153: tcs3701: stop power rail pending_off timer
11-23 11:11:45.954  1011  1189 D ASH     : @ 81158.153: tcs3701: start power rail timer, state:3
11-23 11:11:45.994  1011  1189 I ASH     : @ 81158.193: tcs3701: stop power rail pending_off timer
11-23 11:11:45.994  1011  1189 D ASH     : @ 81158.193: tcs3701: start power rail timer, state:3
11-23 11:11:46.034  1011  1189 I ASH     : @ 81158.233: tcs3701: stop power rail pending_off timer
11-23 11:11:46.034  1011  1189 D ASH     : @ 81158.233: tcs3701: start power rail timer, state:3
11-23 11:11:46.055  5238  5295 I BatteryMgr:DataCollectionService: stats => 1700734306055,17089,4448,13427,4169000,100
11-23 11:11:46.074  1011  1189 I ASH     : @ 81158.273: tcs3701: stop power rail pending_off timer
11-23 11:11:46.074  1011  1189 D ASH     : @ 81158.273: tcs3701: start power rail timer, state:3
11-23 11:11:46.101  2113  2118 I pixel-thermal: skin-therm-monitor: 38.055
11-23 11:11:46.114  1011  1189 I ASH     : @ 81158.313: tcs3701: stop power rail pending_off timer
11-23 11:11:46.114  1011  1189 D ASH     : @ 81158.313: tcs3701: start power rail timer, state:3
11-23 11:11:46.154  1011  1189 I ASH     : @ 81158.353: tcs3701: stop power rail pending_off timer
11-23 11:11:46.154  1011  1189 D ASH     : @ 81158.353: tcs3701: start power rail timer, state:3
11-23 11:11:46.160  5238  5295 I BatteryMgr:DataCollectionService: stats => 1700734306160,17089,4448,13427,4169000,100
11-23 11:11:46.194  1011  1189 I ASH     : @ 81158.393: tcs3701: stop power rail pending_off timer
11-23 11:11:46.194  1011  1189 D ASH     : @ 81158.393: tcs3701: start power rail timer, state:3
11-23 11:11:46.234  1011  1189 I ASH     : @ 81158.433: tcs3701: stop power rail pending_off timer
11-23 11:11:46.234  1011  1189 D ASH     : @ 81158.433: tcs3701: start power rail timer, state:3
11-23 11:11:46.265  5238  5295 I BatteryMgr:DataCollectionService: stats => 1700734306265,17089,4448,13427,4169000,100
11-23 11:11:46.274  1011  1189 I ASH     : @ 81158.473: tcs3701: stop power rail pending_off timer
11-23 11:11:46.274  1011  1189 D ASH     : @ 81158.473: tcs3701: start power rail timer, state:3
11-23 11:11:46.314  1011  1189 I ASH     : @ 81158.513: tcs3701: stop power rail pending_off timer
11-23 11:11:46.314  1011  1189 D ASH     : @ 81158.513: tcs3701: start power rail timer, state:3
11-23 11:11:46.354  1011  1189 I ASH     : @ 81158.553: tcs3701: stop power rail pending_off timer
11-23 11:11:46.354  1011  1189 D ASH     : @ 81158.553: tcs3701: start power rail timer, state:3
11-23 11:11:46.370  5238  5295 I BatteryMgr:DataCollectionService: stats => 1700734306370,17089,4448,13427,4169000,100
11-23 11:11:46.394  1011  1189 I ASH     : @ 81158.593: tcs3701: stop power rail pending_off timer
11-23 11:11:46.394  1011  1189 D ASH     : @ 81158.593: tcs3701: start power rail timer, state:3
11-23 11:11:46.434  1011  1189 I ASH     : @ 81158.633: tcs3701: stop power rail pending_off timer
11-23 11:11:46.434  1011  1189 D ASH     : @ 81158.633: tcs3701: start power rail timer, state:3
11-23 11:11:46.474  1011  1189 I ASH     : @ 81158.673: tcs3701: stop power rail pending_off timer
11-23 11:11:46.474  1011  1189 D ASH     : @ 81158.673: tcs3701: start power rail timer, state:3
11-23 11:11:46.476  5238  5295 I BatteryMgr:DataCollectionService: stats => 1700734306476,17089,4448,13427,4169000,100
11-23 11:11:46.514  1011  1189 I ASH     : @ 81158.713: tcs3701: stop power rail pending_off timer
11-23 11:11:46.514  1011  1189 D ASH     : @ 81158.713: tcs3701: start power rail timer, state:3
11-23 11:11:46.554  1011  1189 I ASH     : @ 81158.753: tcs3701: stop power rail pending_off timer
11-23 11:11:46.554  1011  1189 D ASH     : @ 81158.753: tcs3701: start power rail timer, state:3
11-23 11:11:46.583  5238  5295 I BatteryMgr:DataCollectionService: stats => 1700734306583,17089,4448,13427,4169000,100
11-23 11:11:46.595  1011  1189 I ASH     : @ 81158.793: tcs3701: stop power rail pending_off timer
11-23 11:11:46.595  1011  1189 D ASH     : @ 81158.793: tcs3701: start power rail timer, state:3
11-23 11:11:46.635  1011  1189 I ASH     : @ 81158.833: tcs3701: stop power rail pending_off timer
11-23 11:11:46.635  1011  1189 D ASH     : @ 81158.833: tcs3701: start power rail timer, state:3
11-23 11:11:46.644  1795  3001 D ActivityManager: freezer override set to true
11-23 11:11:46.674  1011  1189 I ASH     : @ 81158.873: tcs3701: stop power rail pending_off timer
11-23 11:11:46.674  1011  1189 D ASH     : @ 81158.873: tcs3701: start power rail timer, state:3
11-23 11:11:46.688  5238  5295 I BatteryMgr:DataCollectionService: stats => 1700734306688,17089,4448,13427,4169000,100
11-23 11:11:46.714  1011  1189 I ASH     : @ 81158.913: tcs3701: stop power rail pending_off timer
11-23 11:11:46.714  1011  1189 D ASH     : @ 81158.913: tcs3701: start power rail timer, state:3
11-23 11:11:46.754  1011  1189 I ASH     : @ 81158.953: tcs3701: stop power rail pending_off timer
11-23 11:11:46.754  1011  1189 D ASH     : @ 81158.953: tcs3701: start power rail timer, state:3
11-23 11:11:46.781 32011 32671 I m.chrome.canary: Explicit concurrent copying GC freed 3575(176KB) AllocSpace objects, 3(60KB) LOS objects, 75% free, 11MB/46MB, paused 76us,21us total 41.108ms
11-23 11:11:46.794  1011  1189 I ASH     : @ 81158.993: tcs3701: stop power rail pending_off timer
11-23 11:11:46.794  1011  1189 D ASH     : @ 81158.993: tcs3701: start power rail timer, state:3
11-23 11:11:46.795  5238  5295 I BatteryMgr:DataCollectionService: stats => 1700734306795,17089,4448,13427,4169000,100
11-23 11:11:46.834  1011  1189 I ASH     : @ 81159.033: tcs3701: stop power rail pending_off timer
11-23 11:11:46.835  1011  1189 D ASH     : @ 81159.033: tcs3701: start power rail timer, state:3
11-23 11:11:46.838  1795  4167 D ActivityManager: freezer override set to false
11-23 11:11:46.874  1011  1189 I ASH     : @ 81159.073: tcs3701: stop power rail pending_off timer
11-23 11:11:46.874  1011  1189 D ASH     : @ 81159.073: tcs3701: start power rail timer, state:3
11-23 11:11:46.884  1795  4167 D ActivityManager: freezer override set to true
11-23 11:11:46.888  1795  4167 D ActivityManager: freezer override set to false
11-23 11:11:46.902  5238  5295 I BatteryMgr:DataCollectionService: stats => 1700734306901,17089,4448,13427,4169000,100
11-23 11:11:46.914  1011  1189 I ASH     : @ 81159.113: tcs3701: stop power rail pending_off timer
11-23 11:11:46.914  1011  1189 D ASH     : @ 81159.113: tcs3701: start power rail timer, state:3
11-23 11:11:46.954  1011  1189 I ASH     : @ 81159.153: tcs3701: stop power rail pending_off timer
11-23 11:11:46.954  1011  1189 D ASH     : @ 81159.153: tcs3701: start power rail timer, state:3
11-23 11:11:46.994  1011  1189 I ASH     : @ 81159.193: tcs3701: stop power rail pending_off timer
11-23 11:11:46.994  1011  1189 D ASH     : @ 81159.193: tcs3701: start power rail timer, state:3
11-23 11:11:47.007  5238  5295 I BatteryMgr:DataCollectionService: stats => 1700734307007,17089,4448,13427,4169000,100
11-23 11:11:47.034  1011  1189 I ASH     : @ 81159.233: tcs3701: stop power rail pending_off timer
11-23 11:11:47.034  1011  1189 D ASH     : @ 81159.233: tcs3701: start power rail timer, state:3
11-23 11:11:47.074  1011  1189 I ASH     : @ 81159.273: tcs3701: stop power rail pending_off timer
11-23 11:11:47.074  1011  1189 D ASH     : @ 81159.273: tcs3701: start power rail timer, state:3
11-23 11:11:47.114  1011  1189 I ASH     : @ 81159.313: tcs3701: stop power rail pending_off timer
11-23 11:11:47.114  5238  5295 I BatteryMgr:DataCollectionService: stats => 1700734307114,17089,4448,13427,4169000,100
11-23 11:11:47.114  1011  1189 D ASH     : @ 81159.313: tcs3701: start power rail timer, state:3
11-23 11:11:47.154  1011  1189 I ASH     : @ 81159.353: tcs3701: stop power rail pending_off timer
11-23 11:11:47.154  1011  1189 D ASH     : @ 81159.353: tcs3701: start power rail timer, state:3
11-23 11:11:47.194  1011  1189 I ASH     : @ 81159.393: tcs3701: stop power rail pending_off timer
11-23 11:11:47.194  1011  1189 D ASH     : @ 81159.393: tcs3701: start power rail timer, state:3
11-23 11:11:47.220  5238  5295 I BatteryMgr:DataCollectionService: stats => 1700734307220,17089,4448,13427,4169000,100
11-23 11:11:47.234  1011  1189 I ASH     : @ 81159.433: tcs3701: stop power rail pending_off timer
11-23 11:11:47.234  1011  1189 D ASH     : @ 81159.433: tcs3701: start power rail timer, state:3
11-23 11:11:47.274  1011  1189 I ASH     : @ 81159.473: tcs3701: stop power rail pending_off timer
11-23 11:11:47.274  1011  1189 D ASH     : @ 81159.473: tcs3701: start power rail timer, state:3
11-23 11:11:47.314  1011  1189 I ASH     : @ 81159.513: tcs3701: stop power rail pending_off timer
11-23 11:11:47.314  1011  1189 D ASH     : @ 81159.513: tcs3701: start power rail timer, state:3
11-23 11:11:47.326  5238  5295 I BatteryMgr:DataCollectionService: stats => 1700734307326,17089,4448,13427,4169000,100
11-23 11:11:47.354  1011  1189 I ASH     : @ 81159.553: tcs3701: stop power rail pending_off timer
11-23 11:11:47.354  1011  1189 D ASH     : @ 81159.553: tcs3701: start power rail timer, state:3
11-23 11:11:47.394  1011  1189 I ASH     : @ 81159.593: tcs3701: stop power rail pending_off timer
11-23 11:11:47.394  1011  1189 D ASH     : @ 81159.593: tcs3701: start power rail timer, state:3
11-23 11:11:47.432  5238  5295 I BatteryMgr:DataCollectionService: stats => 1700734307431,17089,4448,13427,4169000,100
11-23 11:11:47.434  1011  1189 I ASH     : @ 81159.633: tcs3701: stop power rail pending_off timer
11-23 11:11:47.435  1011  1189 D ASH     : @ 81159.633: tcs3701: start power rail timer, state:3
11-23 11:11:47.474  1011  1189 I ASH     : @ 81159.673: tcs3701: stop power rail pending_off timer
11-23 11:11:47.474  1011  1189 D ASH     : @ 81159.673: tcs3701: start power rail timer, state:3
11-23 11:11:47.516  1011  1189 I ASH     : @ 81159.713: tcs3701: stop power rail pending_off timer
11-23 11:11:47.516  1011  1189 D ASH     : @ 81159.713: tcs3701: start power rail timer, state:3
11-23 11:11:47.537  5238  5295 I BatteryMgr:DataCollectionService: stats => 1700734307537,17089,4448,13427,4169000,100
11-23 11:11:47.554  1011  1189 I ASH     : @ 81159.753: tcs3701: stop power rail pending_off timer
11-23 11:11:47.554  1011  1189 D ASH     : @ 81159.753: tcs3701: start power rail timer, state:3
11-23 11:11:47.594  1011  1189 I ASH     : @ 81159.793: tcs3701: stop power rail pending_off timer
11-23 11:11:47.594  1011  1189 D ASH     : @ 81159.793: tcs3701: start power rail timer, state:3
11-23 11:11:47.634  1011  1189 I ASH     : @ 81159.833: tcs3701: stop power rail pending_off timer
11-23 11:11:47.634  1011  1189 D ASH     : @ 81159.833: tcs3701: start power rail timer, state:3
11-23 11:11:47.644  5238  5295 I BatteryMgr:DataCollectionService: stats => 1700734307644,17089,4448,13427,4169000,100
11-23 11:11:47.674  1011  1189 I ASH     : @ 81159.873: tcs3701: stop power rail pending_off timer
11-23 11:11:47.674  1011  1189 D ASH     : @ 81159.873: tcs3701: start power rail timer, state:3
11-23 11:11:47.706  1039  1095 D rlsservice: MonitorDisplayStatus client num 0, display status 1, sensor status 0
11-23 11:11:47.714  1011  1189 I ASH     : @ 81159.913: tcs3701: stop power rail pending_off timer
11-23 11:11:47.714  1011  1189 D ASH     : @ 81159.913: tcs3701: start power rail timer, state:3
11-23 11:11:47.749  5238  5295 I BatteryMgr:DataCollectionService: stats => 1700734307749,17089,4448,13427,4169000,100
11-23 11:11:47.754  1011  1189 I ASH     : @ 81159.953: tcs3701: stop power rail pending_off timer
11-23 11:11:47.754  1011  1189 D ASH     : @ 81159.953: tcs3701: start power rail timer, state:3
11-23 11:11:47.774  1795  3001 D ActivityManager: freezer override set to true
11-23 11:11:47.781  1795  3001 D ActivityManager: freezer override set to false
11-23 11:11:47.794  1011  1189 I ASH     : @ 81159.993: tcs3701: stop power rail pending_off timer
11-23 11:11:47.794  1011  1189 D ASH     : @ 81159.993: tcs3701: start power rail timer, state:3
11-23 11:11:47.834  1011  1189 I ASH     : @ 81160.033: tcs3701: stop power rail pending_off timer
11-23 11:11:47.834  1011  1189 D ASH     : @ 81160.033: tcs3701: start power rail timer, state:3
11-23 11:11:47.857  5238  5295 I BatteryMgr:DataCollectionService: stats => 1700734307857,17089,4448,13427,4169000,100
11-23 11:11:47.874  1011  1189 I ASH     : @ 81160.073: tcs3701: stop power rail pending_off timer
11-23 11:11:47.874  1011  1189 D ASH     : @ 81160.073: tcs3701: start power rail timer, state:3
11-23 11:11:47.914  1011  1189 I ASH     : @ 81160.113: tcs3701: stop power rail pending_off timer
11-23 11:11:47.914  1011  1189 D ASH     : @ 81160.113: tcs3701: start power rail timer, state:3
11-23 11:11:47.954  1011  1189 I ASH     : @ 81160.153: tcs3701: stop power rail pending_off timer
11-23 11:11:47.954  1011  1189 D ASH     : @ 81160.153: tcs3701: start power rail timer, state:3
11-23 11:11:47.963  5238  5295 I BatteryMgr:DataCollectionService: stats => 1700734307963,17089,4448,13427,4169000,100
11-23 11:11:47.994  1011  1189 I ASH     : @ 81160.193: tcs3701: stop power rail pending_off timer
11-23 11:11:47.994  1011  1189 D ASH     : @ 81160.193: tcs3701: start power rail timer, state:3
11-23 11:11:48.034  1011  1189 I ASH     : @ 81160.233: tcs3701: stop power rail pending_off timer
11-23 11:11:48.034  1011  1189 D ASH     : @ 81160.233: tcs3701: start power rail timer, state:3
11-23 11:11:48.072  5238  5295 I BatteryMgr:DataCollectionService: stats => 1700734308072,17089,4448,13427,4169000,100
11-23 11:11:48.072  1795  3001 D ActivityManager: freezer override set to true
11-23 11:11:48.074  1011  1189 I ASH     : @ 81160.273: tcs3701: stop power rail pending_off timer
11-23 11:11:48.074  1011  1189 D ASH     : @ 81160.273: tcs3701: start power rail timer, state:3
11-23 11:11:48.105  2113  2118 I pixel-thermal: skin-therm-monitor: 38.078
11-23 11:11:48.114  1011  1189 I ASH     : @ 81160.313: tcs3701: stop power rail pending_off timer
11-23 11:11:48.114  1011  1189 D ASH     : @ 81160.313: tcs3701: start power rail timer, state:3
11-23 11:11:48.154  1011  1189 I ASH     : @ 81160.353: tcs3701: stop power rail pending_off timer
11-23 11:11:48.154  1011  1189 D ASH     : @ 81160.353: tcs3701: start power rail timer, state:3
11-23 11:11:48.178 32011 32671 I m.chrome.canary: Explicit concurrent copying GC freed 3803(191KB) AllocSpace objects, 4(80KB) LOS objects, 75% free, 11MB/46MB, paused 35us,23us total 45.959ms
11-23 11:11:48.179  5238  5295 I BatteryMgr:DataCollectionService: stats => 1700734308179,18005,4448,13427,4169000,100
11-23 11:11:48.194  1011  1189 I ASH     : @ 81160.393: tcs3701: stop power rail pending_off timer
11-23 11:11:48.194  1011  1189 D ASH     : @ 81160.393: tcs3701: start power rail timer, state:3
11-23 11:11:48.234  1011  1189 I ASH     : @ 81160.433: tcs3701: stop power rail pending_off timer
11-23 11:11:48.234  1011  1189 D ASH     : @ 81160.433: tcs3701: start power rail timer, state:3
11-23 11:11:48.236  1795  3001 D ActivityManager: freezer override set to false
11-23 11:11:48.253  1795  2424 D WifiClientModeImpl[13802:wlan0]: updateLinkLayerStatsRssiSpeedFrequencyCapabilities rssi=-48 TxLinkspeed=866 freq=5240 RxLinkSpeed=780
11-23 11:11:48.254  1795  2424 D WifiDataStall: tx tput in kbps: 755212
11-23 11:11:48.254  1795  2424 D WifiDataStall: rx tput in kbps: 716015
11-23 11:11:48.254  1795  2424 V WifiConfigManager: Updating scan detail cache freq=5240 BSSID=f4:6d:2f:12:cc:88 RSSI=-49 for "ourhome"WPA_PSK
11-23 11:11:48.254  2782  5906 D QCNEJ/WlanStaInfoRelay: Received action: android.net.wifi.RSSI_CHANGED
11-23 11:11:48.254  1795  2424 D WifiChannelUtilization:  freq: 5240 onTime: 2169264 busyTime: 179236 onTimeDiff: 2168969 busyTimeDiff: 179219 utilization: 21 utilization t0: 21
11-23 11:11:48.254  1795  2424 D WifiDataStall:  ccaLevel = 21
11-23 11:11:48.254  1795  2424 D WifiDataStall: L2 txTputKbps: 755212, rxTputKbps: 716015, L3 txTputKbps: 0, rxTputKbps: 0, TxTrafficHigh: false, RxTrafficHigh: false, Throughput Sufficient: true
11-23 11:11:48.254  3213  8092 V WifiManager: OnWifiUsabilityStatsListener: onWifiUsabilityStats: seqNum=26828
11-23 11:11:48.255  1795  2424 D WifiScoreReport: Wifi scoring disabled - Don't check IP layer
11-23 11:11:48.255  1795  2424 D WifiScoreCard: BSSID update SIGNAL_POLL ID: 1320464697 SSID: "ourhome", BSSID: f4:6d:2f:12:cc:88, MAC: b2:2f:ec:da:4a:0c, IP: /192.168.1.104, Security type: 2, Supplicant state: COMPLETED, Wi-Fi standard: 5, RSSI: -48, Link speed: 866Mbps, Tx Link speed: 866Mbps, Max Supported Tx Link speed: 866Mbps, Rx Link speed: 780Mbps, Max Supported Rx Link speed: 866Mbps, Frequency: 5240MHz, Net ID: 12, Metered hint: false, score: 60, isUsable: true, CarrierMerged: false, SubscriptionId: -1, IsPrimary: 1, Trusted: true, Restricted: false, Ephemeral: false, OEM paid: false, OEM private: false, OSU AP: false, FQDN: <none>, Provider friendly name: <none>, Requesting package name: <none>"ourhome"wpa2-pskMLO Information: , Is TID-To-Link negotiation supported by the AP: false, AP MLD Address: <none>, AP MLO Link Id: <none>, AP MLO Affiliated links: <none>
11-23 11:11:48.255  1795  2424 D WifiScoreCard: txRate: 1 txSpeed: 866
11-23 11:11:48.255  1795  2424 D WifiScoreCard: network update SIGNAL_POLL "ourhome" ID: 1499892569 RSSI -48 txSpeed -1
11-23 11:11:48.255  1795  3001 I WifiService: updateWifiUsabilityScore uid=10180 seqNum=26828 score=100 predictionHorizonSec=1441795
11-23 11:11:48.255  2513 20817 V WifiManager: TrafficStateCallbackProxy: onStateChanged state=3
11-23 11:11:48.255  1795  2424 D WifiClientModeImpl[13802:wlan0]:  ClientModeImpl$L2ConnectedState screen=on 13 0 "ourhome" f4:6d:2f:12:cc:88 rssi=-48 f=5240 sc=60 link=866 tx=0.2, 0.0, 0.0 rx=0.2 bcn=773774 [on:55 tx:0 rx:0 period:3012] from screen [on:38904 period:796367] score=60
11-23 11:11:48.255  1795  2424 D WifiScoreReport: Wifi scoring disabled - Notify that Wifi is usable
11-23 11:11:48.258  1795  2432 D ConnectivityService: NetReassign [no changes] [c 1] [a 0] [i 2]
11-23 11:11:48.274  1011  1189 I ASH     : @ 81160.473: tcs3701: stop power rail pending_off timer
11-23 11:11:48.274  1011  1189 D ASH     : @ 81160.473: tcs3701: start power rail timer, state:3
11-23 11:11:48.284  5238  5295 I BatteryMgr:DataCollectionService: stats => 1700734308284,18005,4448,13427,4169000,100
11-23 11:11:48.313  1795  3001 D ActivityManager: freezer override set to true
11-23 11:11:48.314  1011  1189 I ASH     : @ 81160.513: tcs3701: stop power rail pending_off timer
11-23 11:11:48.314  1011  1189 D ASH     : @ 81160.513: tcs3701: start power rail timer, state:3
11-23 11:11:48.316  1795  3001 D ActivityManager: freezer override set to false
11-23 11:11:48.354  1011  1189 I ASH     : @ 81160.553: tcs3701: stop power rail pending_off timer
11-23 11:11:48.354  1011  1189 D ASH     : @ 81160.553: tcs3701: start power rail timer, state:3
11-23 11:11:48.390  5238  5295 I BatteryMgr:DataCollectionService: stats => 1700734308390,18005,4448,13427,4169000,100
11-23 11:11:48.394  1011  1189 I ASH     : @ 81160.593: tcs3701: stop power rail pending_off timer
11-23 11:11:48.394  1011  1189 D ASH     : @ 81160.593: tcs3701: start power rail timer, state:3
11-23 11:11:48.434  1011  1189 I ASH     : @ 81160.633: tcs3701: stop power rail pending_off timer
11-23 11:11:48.434  1011  1189 D ASH     : @ 81160.633: tcs3701: start power rail timer, state:3
11-23 11:11:48.474  1011  1189 I ASH     : @ 81160.673: tcs3701: stop power rail pending_off timer
11-23 11:11:48.474  1011  1189 D ASH     : @ 81160.673: tcs3701: start power rail timer, state:3
11-23 11:11:48.495  5238  5295 I BatteryMgr:DataCollectionService: stats => 1700734308495,18005,4448,13427,4169000,100
11-23 11:11:48.514  1011  1189 I ASH     : @ 81160.713: tcs3701: stop power rail pending_off timer
11-23 11:11:48.514  1011  1189 D ASH     : @ 81160.713: tcs3701: start power rail timer, state:3
11-23 11:11:48.554  1011  1189 I ASH     : @ 81160.753: tcs3701: stop power rail pending_off timer
11-23 11:11:48.554  1011  1189 D ASH     : @ 81160.753: tcs3701: start power rail timer, state:3
11-23 11:11:48.594  1011  1189 I ASH     : @ 81160.793: tcs3701: stop power rail pending_off timer
11-23 11:11:48.594  1011  1189 D ASH     : @ 81160.793: tcs3701: start power rail timer, state:3
11-23 11:11:48.602  5238  5295 I BatteryMgr:DataCollectionService: stats => 1700734308602,18005,4448,13427,4169000,100
11-23 11:11:48.634  1011  1189 I ASH     : @ 81160.833: tcs3701: stop power rail pending_off timer
11-23 11:11:48.634  1011  1189 D ASH     : @ 81160.833: tcs3701: start power rail timer, state:3
11-23 11:11:48.674  1011  1189 I ASH     : @ 81160.873: tcs3701: stop power rail pending_off timer
11-23 11:11:48.674  1011  1189 D ASH     : @ 81160.873: tcs3701: start power rail timer, state:3
11-23 11:11:48.708  5238  5295 I BatteryMgr:DataCollectionService: stats => 1700734308708,18005,4448,13427,4169000,100
11-23 11:11:48.714  1011  1189 I ASH     : @ 81160.913: tcs3701: stop power rail pending_off timer
11-23 11:11:48.714  1011  1189 D ASH     : @ 81160.913: tcs3701: start power rail timer, state:3
11-23 11:11:48.754  1011  1189 I ASH     : @ 81160.953: tcs3701: stop power rail pending_off timer
11-23 11:11:48.754  1011  1189 D ASH     : @ 81160.953: tcs3701: start power rail timer, state:3
11-23 11:11:48.789  1795  3001 D ActivityManager: freezer override set to true
11-23 11:11:48.794  1011  1189 I ASH     : @ 81160.993: tcs3701: stop power rail pending_off timer
11-23 11:11:48.794  1011  1189 D ASH     : @ 81160.993: tcs3701: start power rail timer, state:3
11-23 11:11:48.795  1795  3001 D ActivityManager: freezer override set to false
11-23 11:11:48.813  5238  5295 I BatteryMgr:DataCollectionService: stats => 1700734308813,18005,4448,13427,4169000,100
11-23 11:11:48.834  1011  1189 I ASH     : @ 81161.033: tcs3701: stop power rail pending_off timer
11-23 11:11:48.834  1011  1189 D ASH     : @ 81161.033: tcs3701: start power rail timer, state:3
11-23 11:11:48.874  1011  1189 I ASH     : @ 81161.073: tcs3701: stop power rail pending_off timer
11-23 11:11:48.874  1011  1189 D ASH     : @ 81161.073: tcs3701: start power rail timer, state:3
11-23 11:11:48.914  1011  1189 I ASH     : @ 81161.113: tcs3701: stop power rail pending_off timer
11-23 11:11:48.914  1011  1189 D ASH     : @ 81161.113: tcs3701: start power rail timer, state:3
11-23 11:11:48.918  5238  5295 I BatteryMgr:DataCollectionService: stats => 1700734308918,18005,4448,13427,4169000,100
11-23 11:11:48.954  1011  1189 I ASH     : @ 81161.153: tcs3701: stop power rail pending_off timer
11-23 11:11:48.954  1011  1189 D ASH     : @ 81161.153: tcs3701: start power rail timer, state:3
11-23 11:11:48.994  1011  1189 I ASH     : @ 81161.193: tcs3701: stop power rail pending_off timer
11-23 11:11:48.994  1011  1189 D ASH     : @ 81161.193: tcs3701: start power rail timer, state:3
11-23 11:11:49.024  5238  5295 I BatteryMgr:DataCollectionService: stats => 1700734309024,18005,4448,13427,4169000,100
11-23 11:11:49.034  1011  1189 I ASH     : @ 81161.233: tcs3701: stop power rail pending_off timer
11-23 11:11:49.034  1011  1189 D ASH     : @ 81161.233: tcs3701: start power rail timer, state:3
11-23 11:11:49.074  1011  1189 I ASH     : @ 81161.273: tcs3701: stop power rail pending_off timer
11-23 11:11:49.074  1011  1189 D ASH     : @ 81161.273: tcs3701: start power rail timer, state:3
11-23 11:11:49.114  1011  1189 I ASH     : @ 81161.313: tcs3701: stop power rail pending_off timer
11-23 11:11:49.114  1011  1189 D ASH     : @ 81161.313: tcs3701: start power rail timer, state:3
11-23 11:11:49.129  5238  5295 I BatteryMgr:DataCollectionService: stats => 1700734309129,18005,4448,13427,4169000,100
11-23 11:11:49.154  1011  1189 I ASH     : @ 81161.353: tcs3701: stop power rail pending_off timer
11-23 11:11:49.154  1011  1189 D ASH     : @ 81161.353: tcs3701: start power rail timer, state:3
11-23 11:11:49.194  1011  1189 I ASH     : @ 81161.393: tcs3701: stop power rail pending_off timer
11-23 11:11:49.194  1011  1189 D ASH     : @ 81161.393: tcs3701: start power rail timer, state:3
11-23 11:11:49.234  1011  1189 I ASH     : @ 81161.433: tcs3701: stop power rail pending_off timer
11-23 11:11:49.234  1011  1189 D ASH     : @ 81161.433: tcs3701: start power rail timer, state:3
11-23 11:11:49.236  5238  5295 I BatteryMgr:DataCollectionService: stats => 1700734309236,18005,4448,13427,4169000,100
11-23 11:11:49.274  1011  1189 I ASH     : @ 81161.473: tcs3701: stop power rail pending_off timer
11-23 11:11:49.274  1011  1189 D ASH     : @ 81161.473: tcs3701: start power rail timer, state:3
11-23 11:11:49.314  1011  1189 I ASH     : @ 81161.513: tcs3701: stop power rail pending_off timer
11-23 11:11:49.314  1011  1189 D ASH     : @ 81161.513: tcs3701: start power rail timer, state:3
11-23 11:11:49.342  5238  5295 I BatteryMgr:DataCollectionService: stats => 1700734309342,18005,4448,13427,4169000,100
11-23 11:11:49.354  1011  1189 I ASH     : @ 81161.553: tcs3701: stop power rail pending_off timer
11-23 11:11:49.354  1011  1189 D ASH     : @ 81161.553: tcs3701: start power rail timer, state:3
11-23 11:11:49.394  1011  1189 I ASH     : @ 81161.593: tcs3701: stop power rail pending_off timer
11-23 11:11:49.394  1011  1189 D ASH     : @ 81161.593: tcs3701: start power rail timer, state:3
11-23 11:11:49.434  1011  1189 I ASH     : @ 81161.633: tcs3701: stop power rail pending_off timer
11-23 11:11:49.434  1011  1189 D ASH     : @ 81161.633: tcs3701: start power rail timer, state:3
11-23 11:11:49.453  5238  5295 I BatteryMgr:DataCollectionService: stats => 1700734309453,18005,4448,13427,4169000,100
11-23 11:11:49.459  1795  3001 D ActivityManager: freezer override set to true
11-23 11:11:49.474  1011  1189 I ASH     : @ 81161.673: tcs3701: stop power rail pending_off timer
11-23 11:11:49.474  1011  1189 D ASH     : @ 81161.673: tcs3701: start power rail timer, state:3
11-23 11:11:49.514  1011  1189 I ASH     : @ 81161.713: tcs3701: stop power rail pending_off timer
11-23 11:11:49.514  1011  1189 D ASH     : @ 81161.713: tcs3701: start power rail timer, state:3
11-23 11:11:49.554  1011  1189 I ASH     : @ 81161.753: tcs3701: stop power rail pending_off timer
11-23 11:11:49.554  1011  1189 D ASH     : @ 81161.753: tcs3701: start power rail timer, state:3
11-23 11:11:49.558  5238  5295 I BatteryMgr:DataCollectionService: stats => 1700734309558,18005,4448,13427,4169000,100
11-23 11:11:49.595  1011  1189 I ASH     : @ 81161.793: tcs3701: stop power rail pending_off timer
