11-23 19:20:23.102 29955 29955 W m.chrome.canary: Accessing hidden method Landroid/telephony/TelephonyManager;->getITelephony()Lcom/android/internal/telephony/ITelephony; (max-target-p, reflection, denied)
11-23 19:20:23.102 29955 29955 W m.chrome.canary: Accessing hidden method Landroid/telephony/TelephonyManager;->getITelephony()Lcom/android/internal/telephony/ITelephony; (max-target-p, reflection, denied)
11-23 19:20:23.123  1011  1189 I ASH     : @ 110475.320: tcs3701: stop power rail pending_off timer
11-23 19:20:23.123  1011  1189 D ASH     : @ 110475.320: tcs3701: start power rail timer, state:3
11-23 19:20:23.149 29955 29955 I cr_ChromeTabbedActivity: #initializeState
11-23 19:20:23.151   595   595 I servicemanager: Could not find android.hardware.graphics.allocator.IAllocator/default in the VINTF manifest.
11-23 19:20:23.163  1011  1189 I ASH     : @ 110475.360: tcs3701: stop power rail pending_off timer
11-23 19:20:23.163  1011  1189 D ASH     : @ 110475.360: tcs3701: start power rail timer, state:3
11-23 19:20:23.168 29955 29955 E m.chrome.canary: Invalid ID 0x00000000.
11-23 19:20:23.176  3845  3845 D BoundBrokerSvc: onBind: Intent { act=com.google.android.gms.languageprofile.service.START pkg=com.google.android.gms }
11-23 19:20:23.176  3845  3845 D BoundBrokerSvc: Loading bound service for intent: Intent { act=com.google.android.gms.languageprofile.service.START pkg=com.google.android.gms }
11-23 19:20:23.177  3845  3845 E AbstractGmsTracer: Traced class shouldn't be obfuscated: LanguageProfileChimeraService [CONTEXT service_id=259 ]
11-23 19:20:23.183  3845  3845 E AbstractGmsTracer: Traced class shouldn't be obfuscated: GmsIntentOperationChimeraService [CONTEXT service_id=259 ]
11-23 19:20:23.186 29955 29955 V MediaRouter: Selecting route: RouteInfo{ name=Phone, description=null, status=null, category=RouteCategory{ name=System types=ROUTE_TYPE_LIVE_AUDIO ROUTE_TYPE_LIVE_VIDEO  groupable=false }, supportedTypes=ROUTE_TYPE_LIVE_AUDIO ROUTE_TYPE_LIVE_VIDEO , presentationDisplay=null }
11-23 19:20:23.186 29955 29955 I MediaRouter: Skip setBluetoothA2dpOn(): types=8388615, isPlaybackActive()=false, BT route=null
11-23 19:20:23.186 29955 29955 W m.chrome.canary: Accessing hidden field Landroid/media/MediaRouter;->sStatic:Landroid/media/MediaRouter$Static; (max-target-o, reflection, denied)
11-23 19:20:23.187 29955 29955 I GlobalMediaRouter: Found default route: MediaRouter.RouteInfo{ uniqueId=DEFAULT_ROUTE, name=Phone, description=null, iconUri=null, enabled=true, isSystemRoute=true, connectionState=0, canDisconnect=false, playbackType=0, playbackStream=3, deviceType=0, volumeHandling=1, volume=0, volumeMax=25, presentationDisplayId=-1, extras=null, settingsIntent=null, providerPackageName=android }
11-23 19:20:23.187 29955 29955 I GlobalMediaRouter: Unselecting the current route because it is no longer selectable: null
11-23 19:20:23.188  3845 30080 E AbstractGmsTracer: Traced class shouldn't be obfuscated: AccountsChangedIntentOperation [CONTEXT service_id=259 ]
11-23 19:20:23.196 29955 30027 W cr_media: BLUETOOTH_CONNECT permission is missing.
11-23 19:20:23.196 29955 30027 W cr_media: registerBluetoothIntentsIfNeeded: Requires BLUETOOTH permission
11-23 19:20:23.202 30029 30065 I cr_LibraryLoader: Successfully loaded native library
11-23 19:20:23.203  1011  1189 I ASH     : @ 110475.400: tcs3701: stop power rail pending_off timer
11-23 19:20:23.203  1011  1189 D ASH     : @ 110475.400: tcs3701: start power rail timer, state:3
11-23 19:20:23.203 30029 30065 I cr_CachingUmaRecorder: Flushed 3 samples from 3 histograms, 0 samples were dropped.
11-23 19:20:23.220  3845 30080 E AbstractGmsTracer: Traced class shouldn't be obfuscated: SafeBrowsingUpdateIntentOperation [CONTEXT service_id=259 ]
11-23 19:20:23.222  3563 12061 D MediaProvider: Open with FUSE. FilePath: /storage/emulated/0/Download/batterymanager-companion-1.0.0.zip. Uid: 10010. Media Capabilities Uid: 0. ShouldRedact: false. ShouldTranscode: false
11-23 19:20:23.230  3563 12061 D MediaProvider: Open with FUSE. FilePath: /storage/emulated/0/Download/com.example.batterymanager_utility (1).apk. Uid: 10010. Media Capabilities Uid: 0. ShouldRedact: false. ShouldTranscode: false
11-23 19:20:23.231  1795  4172 W InputManager-JNI: Input channel object '4486ac4 Splash Screen com.chrome.canary (client)' was disposed without first being removed with the input manager!
11-23 19:20:23.235  3875  3875 I dzhj    : onStop
11-23 19:20:23.239  3657  4525 D ForegroundUtils: Foreground UID status:
11-23 19:20:23.239  3657  4525 D ForegroundUtils: UID: 10010 is in foreground: true
11-23 19:20:23.239  3657  4525 D ForegroundUtils: UID: 10128 is in foreground: true
11-23 19:20:23.239  3657  4525 D ForegroundUtils: UID: 10145 is in foreground: true
11-23 19:20:23.239  3657  4525 D ForegroundUtils: UID: 10158 is in foreground: true
11-23 19:20:23.239  3657  4525 D ForegroundUtils: UID: 10189 is in foreground: false
11-23 19:20:23.239  3657  4525 D ForegroundUtils: UID: 10194 is in foreground: true
11-23 19:20:23.239  3657  4525 D ForegroundUtils: UID: 10206 is in foreground: false
11-23 19:20:23.239  3074  5388 I FontLog : (REDACTED) Received query %s, URI %s
11-23 19:20:23.239  3657  4525 D ForegroundUtils: UID: 10233 is in foreground: true
11-23 19:20:23.239  3657  4525 D ForegroundUtils: UID: 10244 is in foreground: false
11-23 19:20:23.239  3657  4525 D ForegroundUtils: UID: 10319 is in foreground: true
11-23 19:20:23.239  3657  4525 D ForegroundUtils: UID: 90000 is in foreground: true
11-23 19:20:23.239  3074  5388 I FontLog : (REDACTED) Query [%s] resolved to %s
11-23 19:20:23.240  3563 12061 D MediaProvider: Open with FUSE. FilePath: /storage/emulated/0/Download/com.example.batterymanager_utility.apk. Uid: 10010. Media Capabilities Uid: 0. ShouldRedact: false. ShouldTranscode: false
11-23 19:20:23.240  2940  3994 D OneSearchSuggestProvider: Shut down the binder channel
11-23 19:20:23.241  3074  5388 I FontLog : (REDACTED) Font PFD returned from cache for %s
11-23 19:20:23.242  3074  5388 I FontLog : (REDACTED) Fetch %s end status %s
11-23 19:20:23.243  2940  9057 I s.nexuslauncher: oneway function results for code 2 on binder at 0xb40000709521a850 will be dropped but finished with status UNKNOWN_TRANSACTION
11-23 19:20:23.243  3074  5388 I FontLog : (REDACTED) Pulling font file for id = %d, cache size = %d
11-23 19:20:23.243  1011  1189 I ASH     : @ 110475.440: tcs3701: stop power rail pending_off timer
11-23 19:20:23.243  1011  1189 D ASH     : @ 110475.440: tcs3701: start power rail timer, state:3
11-23 19:20:23.246  3074  5388 I FontLog : (REDACTED) Received query %s, URI %s
11-23 19:20:23.246  3074  5388 I FontLog : (REDACTED) Query [%s] resolved to %s
11-23 19:20:23.247  3074  5388 I FontLog : (REDACTED) Fetch %s end status %s
11-23 19:20:23.250  1795  2424 D WifiNetworkSelector: Current connected network: 12
11-23 19:20:23.250  1795  2424 V WifiConnectivityManager: No partial scan because firmware roaming is supported.
11-23 19:20:23.250  1795  2424 V WifiConnectivityManager: schedulePeriodicScanTimer intervalMs 20000
11-23 19:20:23.250  3074  5388 I FontLog : (REDACTED) Pulling font file for id = %d, cache size = %d
11-23 19:20:23.255  3074  5388 I FontLog : (REDACTED) Received query %s, URI %s
11-23 19:20:23.255  3074  5388 I FontLog : (REDACTED) Query [%s] resolved to %s
11-23 19:20:23.256  3074  5388 I FontLog : (REDACTED) Font PFD returned from cache for %s
11-23 19:20:23.257  3074  5388 I FontLog : (REDACTED) Fetch %s end status %s
11-23 19:20:23.259  3074  5388 I FontLog : (REDACTED) Pulling font file for id = %d, cache size = %d
11-23 19:20:23.260  3074 24102 I SQLiteConnectionPool: The connection pool for /data/user/0/com.google.android.gms/databases/metadata.db has been closed but there are still 1 connections in use.  They will be closed as they are released back to the pool.
11-23 19:20:23.263  3074  5388 I FontLog : (REDACTED) Received query %s, URI %s
11-23 19:20:23.264  3074  5388 I FontLog : (REDACTED) Query [%s] resolved to %s
11-23 19:20:23.264  3074 29927 W FontLog : Error updating last accessed time for {Google Sans, wdth 100.0, wght 400, ital 0.0, bestEffort false}. [CONTEXT service_id=132 ]
11-23 19:20:23.264  3074 29927 W FontLog : java.lang.IllegalStateException: Cannot perform this operation because the connection pool has been closed.
11-23 19:20:23.264  3074 29927 W FontLog : 	at android.database.sqlite.SQLiteConnectionPool.throwIfClosedLocked(SQLiteConnectionPool.java:1078)
11-23 19:20:23.264  3074 29927 W FontLog : 	at android.database.sqlite.SQLiteConnectionPool.waitForConnection(SQLiteConnectionPool.java:771)
11-23 19:20:23.264  3074 29927 W FontLog : 	at android.database.sqlite.SQLiteConnectionPool.acquireConnection(SQLiteConnectionPool.java:387)
11-23 19:20:23.264  3074 29927 W FontLog : 	at android.database.sqlite.SQLiteSession.acquireConnection(SQLiteSession.java:896)
11-23 19:20:23.264  3074 29927 W FontLog : 	at android.database.sqlite.SQLiteSession.prepare(SQLiteSession.java:588)
11-23 19:20:23.264  3074 29927 W FontLog : 	at android.database.sqlite.SQLiteProgram.<init>(SQLiteProgram.java:62)
11-23 19:20:23.264  3074 29927 W FontLog : 	at android.database.sqlite.SQLiteStatement.<init>(SQLiteStatement.java:34)
11-23 19:20:23.264  3074 29927 W FontLog : 	at android.database.sqlite.SQLiteDatabase.executeSql(SQLiteDatabase.java:2086)
11-23 19:20:23.264  3074 29927 W FontLog : 	at android.database.sqlite.SQLiteDatabase.execSQL(SQLiteDatabase.java:2064)
11-23 19:20:23.264  3074 29927 W FontLog : 	at avsh.run(:com.google.android.gms@234414038@23.44.14 (190400-580326705):68)
11-23 19:20:23.264  3074 29927 W FontLog : 	at ajls.c(:com.google.android.gms@234414038@23.44.14 (190400-580326705):50)
11-23 19:20:23.264  3074 29927 W FontLog : 	at ajls.run(:com.google.android.gms@234414038@23.44.14 (190400-580326705):76)
11-23 19:20:23.264  3074 29927 W FontLog : 	at java.util.concurrent.ThreadPoolExecutor.runWorker(ThreadPoolExecutor.java:1145)
11-23 19:20:23.264  3074 29927 W FontLog : 	at java.util.concurrent.ThreadPoolExecutor$Worker.run(ThreadPoolExecutor.java:644)
11-23 19:20:23.264  3074 29927 W FontLog : 	at ajqx.run(:com.google.android.gms@234414038@23.44.14 (190400-580326705):8)
11-23 19:20:23.264  3074 29927 W FontLog : 	at java.lang.Thread.run(Thread.java:1012)
11-23 19:20:23.265  3074  5388 I FontLog : (REDACTED) Font PFD returned from cache for %s
11-23 19:20:23.265  3074  5388 I FontLog : (REDACTED) Fetch %s end status %s
11-23 19:20:23.269  3074  5388 I FontLog : (REDACTED) Pulling font file for id = %d, cache size = %d
11-23 19:20:23.277  3845  3845 E AbstractGmsTracer: Traced class shouldn't be obfuscated: LanguageProfileGcmTaskChimeraService [CONTEXT service_id=259 ]
11-23 19:20:23.281  3845  3845 E AbstractGmsTracer: Traced class shouldn't be obfuscated: LanguageProfileGcmTaskChimeraService [CONTEXT service_id=259 ]
11-23 19:20:23.283  1011  1189 I ASH     : @ 110475.480: tcs3701: stop power rail pending_off timer
11-23 19:20:23.283  1011  1189 D ASH     : @ 110475.480: tcs3701: start power rail timer, state:3
11-23 19:20:23.285  3074 29927 I NetworkScheduler.Stats: (REDACTED) Task %s/%s started execution. cause:%s exec_start_elapsed_seconds: %s
11-23 19:20:23.304  3845  8391 D TrafficStats: tagSocket(127) with statsTag=0x8001804, statsUid=10010
11-23 19:20:23.313 29955 29955 D CompatibilityChangeReporter: Compat change id reported: 171228096; UID 10010; state: ENABLED
11-23 19:20:23.323  1011  1189 I ASH     : @ 110475.520: tcs3701: stop power rail pending_off timer
11-23 19:20:23.323  1011  1189 D ASH     : @ 110475.520: tcs3701: start power rail timer, state:3
11-23 19:20:23.325  3074 24102 I NetworkScheduler.Stats: (REDACTED) Task %s/%s finished executing. cause:%s result: %s elapsed_millis: %s uptime_millis: %s exec_start_elapsed_seconds: %s
11-23 19:20:23.343 29955 30018 W chromium: [WARNING:ev_root_ca_metadata.cc(119)] Not implemented
11-23 19:20:23.354 30036 30099 W VideoCapabilities: Unrecognized level 1879048707 for video/x-vnd.on2.vp8
11-23 19:20:23.354 30036 30099 W VideoCapabilities: Unrecognized profile 1879048704 for video/x-vnd.on2.vp8
11-23 19:20:23.354 30036 30099 W VideoCapabilities: Unrecognized level 1879048707 for video/x-vnd.on2.vp8
11-23 19:20:23.354 30036 30099 W VideoCapabilities: Unrecognized profile 1879048704 for video/x-vnd.on2.vp8
11-23 19:20:23.355 30036 30099 W VideoCapabilities: Unsupported mime image/vnd.android.heic
11-23 19:20:23.355 30036 30099 W VideoCapabilities: Unrecognized level 1879048707 for video/x-vnd.on2.vp8
11-23 19:20:23.355 30036 30099 W VideoCapabilities: Unrecognized profile 1879048704 for video/x-vnd.on2.vp8
11-23 19:20:23.355 30036 30099 W VideoCapabilities: Unrecognized level 1879048707 for video/x-vnd.on2.vp8
11-23 19:20:23.355 30036 30099 W VideoCapabilities: Unrecognized profile 1879048704 for video/x-vnd.on2.vp8
11-23 19:20:23.357 29955 29955 I cr_OfflineIndicator: onConnectionTypeChanged 2
11-23 19:20:23.358 30036 30099 W cr_VAUtil: Unknown profile: 1879048704 for codec video/x-vnd.on2.vp8
11-23 19:20:23.360 29955 29955 I cr_OfflineIndicator: Reported by system: [ Transports: WIFI Capabilities: NOT_METERED&INTERNET&NOT_RESTRICTED&TRUSTED&NOT_VPN&VALIDATED&NOT_ROAMING&FOREGROUND&NOT_CONGESTED&NOT_SUSPENDED&NOT_VCN_MANAGED LinkUpBandwidth>=12000Kbps LinkDnBandwidth>=59025Kbps TransportInfo: <SSID: <unknown ssid>, BSSID: 02:00:00:00:00:00, MAC: 02:00:00:00:00:00, IP: /192.168.1.104, Security type: 2, Supplicant state: COMPLETED, Wi-Fi standard: 5, RSSI: -44, Link speed: 650Mbps, Tx Link speed: 650Mbps, Max Supported Tx Link speed: 866Mbps, Rx Link speed: 866Mbps, Max Supported Rx Link speed: 866Mbps, Frequency: 5240MHz, Net ID: -1, Metered hint: false, score: 60, isUsable: true, CarrierMerged: false, SubscriptionId: -1, IsPrimary: -1, Trusted: true, Restricted: false, Ephemeral: false, OEM paid: false, OEM private: false, OSU AP: false, FQDN: <none>, Provider friendly name: <none>, Requesting package name: <none><none>MLO Information: , Is TID-To-Link negotiation supported by the AP: false, AP MLD Address: <none>, AP MLO Link Id: <none>, AP MLO Affiliated links: <none>> SignalStrength: -44 UnderlyingNetworks: Null]
11-23 19:20:23.360 29955 29955 I cr_OfflineIndicator: setConnectionState connectionState=4
11-23 19:20:23.360 29955 29955 W Settings: Setting airplane_mode_on has moved from android.provider.Settings.System to android.provider.Settings.Global, returning read-only value.
11-23 19:20:23.361 29955 29955 I cr_OfflineDetector: Received connection change state message. mConnectivityDetectorInitialized: true, mTimeWhenLastForegrounded: 110472172, getElapsedTime: 110472176, mTimeWhenLastOfflineNotificationReceived: 0, mTimeWhenLastOnline: 110472176, mTimeWhenAirplaneModeToggledOff: 0 mApplicationState: 1, mIsOfflineLastReportedByConnectivityDetector: false, mInAirplaneMode: false mIsEffectivelyOffline: false
11-23 19:20:23.361 29955 29955 I cr_OfflineDetector: onConnectionStateChanged(): previousLastReportedStateByOfflineDetector: false
11-23 19:20:23.361 29955 29955 I cr_OfflineDetector: Running updateState mConnectivityDetectorInitialized: true, mTimeWhenLastForegrounded: 110472172, getElapsedTime: 110472176, mTimeWhenLastOfflineNotificationReceived: 0, mTimeWhenLastOnline: 110472176, mTimeWhenAirplaneModeToggledOff: 0 mApplicationState: 1, mIsOfflineLastReportedByConnectivityDetector: false, mInAirplaneMode: false mIsEffectivelyOffline: false
11-23 19:20:23.362 29955 29955 I cr_OfflineDetector: updateState(): timeSinceLastForeground: 4, timeSinceOfflineNotificationReceived: 110472176, timeSinceLastOnline: 0, timeNeededForForeground: 1996, timeNeededForOffline: -110470176 timeSinceAirplaneModeToggledOff: 110472176 timeNeededAfterConnectionChangeFromOnlineToOffline: 10000 timeNeededAfterConnectionChangeFromAirplaneToOffline: 0
11-23 19:20:23.362 29955 29955 I cr_OfflineDetector: Running mUpdateOfflineStatusIndicatorDelayedRunnable start. mConnectivityDetectorInitialized: true, mTimeWhenLastForegrounded: 110472172, getElapsedTime: 110472176, mTimeWhenLastOfflineNotificationReceived: 0, mTimeWhenLastOnline: 110472176, mTimeWhenAirplaneModeToggledOff: 0 mApplicationState: 1, mIsOfflineLastReportedByConnectivityDetector: false, mInAirplaneMode: false mIsEffectivelyOffline: false
11-23 19:20:23.362 29955 29955 I cr_OfflineDetector: Running mUpdateOfflineStatusIndicatorDelayedRunnable end. mConnectivityDetectorInitialized: true, mTimeWhenLastForegrounded: 110472172, getElapsedTime: 110472176, mTimeWhenLastOfflineNotificationReceived: 0, mTimeWhenLastOnline: 110472176, mTimeWhenAirplaneModeToggledOff: 0 mApplicationState: 1, mIsOfflineLastReportedByConnectivityDetector: false, mInAirplaneMode: false mIsEffectivelyOffline: false
11-23 19:20:23.362 29955 29955 I cr_OfflineIndicator: processConnectivityCheckResult mConnectionState=4 mConnectivityCheckingStage=1
11-23 19:20:23.363  1011  1189 I ASH     : @ 110475.560: tcs3701: stop power rail pending_off timer
11-23 19:20:23.363  1011  1189 D ASH     : @ 110475.560: tcs3701: start power rail timer, state:3
11-23 19:20:23.403  1011  1189 I ASH     : @ 110475.600: tcs3701: stop power rail pending_off timer
11-23 19:20:23.403  1011  1189 D ASH     : @ 110475.600: tcs3701: start power rail timer, state:3
11-23 19:20:23.418  1795  4169 D ConnectivityService: requestNetwork for uid/pid:10010/29955 activeRequest: null callbackRequest: 3085 [NetworkRequest [ REQUEST id=3086, [ Capabilities: INTERNET&NOT_RESTRICTED&TRUSTED&NOT_VCN_MANAGED Uid: 10010 RequestorUid: 10010 RequestorPkg: com.chrome.canary UnderlyingNetworks: Null] ]] callback flags: 0 order: 2147483647
11-23 19:20:23.420  1795  2424 D WifiNetworkFactory: got request NetworkRequest [ REQUEST id=3086, [ Capabilities: INTERNET&NOT_RESTRICTED&TRUSTED&NOT_VCN_MANAGED Uid: 10010 RequestorUid: 10010 RequestorPkg: com.chrome.canary UnderlyingNetworks: Null] ]
11-23 19:20:23.420  1795  2424 V WifiNetworkFactory: Accepted network request NetworkRequest [ REQUEST id=3086, [ Capabilities: INTERNET&NOT_RESTRICTED&TRUSTED&NOT_VCN_MANAGED Uid: 10010 RequestorUid: 10010 RequestorPkg: com.chrome.canary UnderlyingNetworks: Null] ]
11-23 19:20:23.420  3563 12061 D MediaProvider: Open with FUSE. FilePath: /storage/emulated/0/Download/batterymanager-companion-1.0.0.zip. Uid: 10010. Media Capabilities Uid: 0. ShouldRedact: false. ShouldTranscode: false
11-23 19:20:23.420  1795  2424 D UntrustedWifiNetworkFactory: got request NetworkRequest [ REQUEST id=3086, [ Capabilities: INTERNET&NOT_RESTRICTED&TRUSTED&NOT_VCN_MANAGED Uid: 10010 RequestorUid: 10010 RequestorPkg: com.chrome.canary UnderlyingNetworks: Null] ]
11-23 19:20:23.420  1795  2424 D OemPaidWifiNetworkFactory: got request NetworkRequest [ REQUEST id=3086, [ Capabilities: INTERNET&NOT_RESTRICTED&TRUSTED&NOT_VCN_MANAGED Uid: 10010 RequestorUid: 10010 RequestorPkg: com.chrome.canary UnderlyingNetworks: Null] ]
11-23 19:20:23.422  1795  2424 D MultiInternetWifiNetworkFactory: got request NetworkRequest [ REQUEST id=3086, [ Capabilities: INTERNET&NOT_RESTRICTED&TRUSTED&NOT_VCN_MANAGED Uid: 10010 RequestorUid: 10010 RequestorPkg: com.chrome.canary UnderlyingNetworks: Null] ]
11-23 19:20:23.422  1795  2432 D ConnectivityService: NetReassign [3086 : null → 100] [c 0] [a 1] [i 2]
11-23 19:20:23.425  1795  2432 D ConnectivityService: NetReassign [no changes] [c 0] [a 0] [i 3]
11-23 19:20:23.428  3563 12061 D MediaProvider: Open with FUSE. FilePath: /storage/emulated/0/Download/com.example.batterymanager_utility (1).apk. Uid: 10010. Media Capabilities Uid: 0. ShouldRedact: false. ShouldTranscode: false
11-23 19:20:23.435  3563 12061 D MediaProvider: Open with FUSE. FilePath: /storage/emulated/0/Download/com.example.batterymanager_utility.apk. Uid: 10010. Media Capabilities Uid: 0. ShouldRedact: false. ShouldTranscode: false
11-23 19:20:23.436 29955 29955 I cr_InactivityTracker: Last background time read from the SharedPreference is:-1.
11-23 19:20:23.438 29955 29955 I cr_VideoPersist: Exited picture in picture with reason: 0
11-23 19:20:23.439 29955 29955 I cr_InactivityTracker: Last visible time read from the SharedPreference is:1700763352046.
11-23 19:20:23.443  1011  1189 I ASH     : @ 110475.640: tcs3701: stop power rail pending_off timer
11-23 19:20:23.443  1011  1189 D ASH     : @ 110475.640: tcs3701: start power rail timer, state:3
11-23 19:20:23.453 29955 29955 I cr_InactivityTracker: Last visible time read from the SharedPreference is:1700763623439.
11-23 19:20:23.455 29955 30017 W chromium: [WARNING:ev_root_ca_metadata.cc(119)] Not implemented
11-23 19:20:23.483  1011  1189 I ASH     : @ 110475.680: tcs3701: stop power rail pending_off timer
11-23 19:20:23.483  1011  1189 D ASH     : @ 110475.680: tcs3701: start power rail timer, state:3
11-23 19:20:23.496 29955 30017 W chromium: [WARNING:ev_root_ca_metadata.cc(119)] Not implemented
11-23 19:20:23.497 29955 30017 W chromium: [WARNING:ev_root_ca_metadata.cc(119)] Not implemented
11-23 19:20:23.523  1011  1189 I ASH     : @ 110475.720: tcs3701: stop power rail pending_off timer
11-23 19:20:23.523  1011  1189 D ASH     : @ 110475.720: tcs3701: start power rail timer, state:3
11-23 19:20:23.563  1011  1189 I ASH     : @ 110475.760: tcs3701: stop power rail pending_off timer
11-23 19:20:23.563  1011  1189 D ASH     : @ 110475.760: tcs3701: start power rail timer, state:3
11-23 19:20:23.591 29955 29955 I Choreographer: Skipped 65 frames!  The application may be doing too much work on its main thread.
11-23 19:20:23.603  1011  1189 I ASH     : @ 110475.800: tcs3701: stop power rail pending_off timer
11-23 19:20:23.603  1011  1189 D ASH     : @ 110475.800: tcs3701: start power rail timer, state:3
11-23 19:20:23.607 29955 30008 I OpenGLRenderer: Davey! duration=732ms; Flags=0, FrameTimelineVsyncId=75672137, IntendedVsync=110471682210675, Vsync=110472405655085, InputEventId=0, HandleInputStart=110472406287838, AnimationStart=110472406288983, PerformTraversalsStart=110472406587629, DrawStart=110472409867994, FrameDeadline=110471709821580, FrameInterval=110472406235025, FrameStartTime=11129914, SyncQueued=110472410690494, SyncStart=110472410718463, IssueDrawCommandsStart=110472410823098, SwapBuffers=110472412200390, FrameCompleted=110472414537943, DequeueBufferDuration=11771, QueueBufferDuration=224895, GpuCompleted=110472414537943, SwapBuffersCompleted=110472412819557, DisplayPresentTime=0, CommandSubmissionCompleted=110472412200390, 
11-23 19:20:23.609  1795  4172 D CompatibilityChangeReporter: Compat change id reported: 214016041; UID 10010; state: ENABLED
11-23 19:20:23.611  3375  3375 I GoogleInputMethodService: GoogleInputMethodService.onFinishInput():3154 
11-23 19:20:23.612  3375  3375 I GoogleInputMethodService: GoogleInputMethodService.updateDeviceLockedStatus():2088 repeatCheckTimes = 0, locked = false
11-23 19:20:23.612  3375  3375 I GoogleInputMethodService: GoogleInputMethodService.onStartInput():1883 onStartInput(EditorInfo{EditorInfo{packageName=com.chrome.canary, inputType=0, inputTypeString=NULL, enableLearning=false, autoCorrection=false, autoComplete=false, imeOptions=12000000, privateImeOptions=null, actionName=UNSPECIFIED, actionLabel=null, initialSelStart=-1, initialSelEnd=-1, initialCapsMode=0, label=null, fieldId=-1, fieldName=null, extras=null, hintText=null, hintLocales=[]}}, false)
11-23 19:20:23.613  3375  3375 I GoogleInputMethodService: GoogleInputMethodService.updateDeviceLockedStatus():2088 repeatCheckTimes = 1, locked = false
11-23 19:20:23.632  2113  2118 I pixel-thermal: skin-therm-monitor: 38.379
11-23 19:20:23.643  1011  1189 I ASH     : @ 110475.840: tcs3701: stop power rail pending_off timer
11-23 19:20:23.643  1011  1189 D ASH     : @ 110475.840: tcs3701: start power rail timer, state:3
11-23 19:20:23.681 29955 29955 V MediaRouter: Selecting route: RouteInfo{ name=Phone, description=null, status=null, category=RouteCategory{ name=System types=ROUTE_TYPE_LIVE_AUDIO ROUTE_TYPE_LIVE_VIDEO  groupable=false }, supportedTypes=ROUTE_TYPE_LIVE_AUDIO ROUTE_TYPE_LIVE_VIDEO , presentationDisplay=null }
11-23 19:20:23.684  1011  1189 I ASH     : @ 110475.880: tcs3701: stop power rail pending_off timer
11-23 19:20:23.684  1011  1189 D ASH     : @ 110475.880: tcs3701: start power rail timer, state:3
11-23 19:20:23.709 29955 29955 I cr_PwaRestore: Not showing PWA Restore promo, feature flag is disabled
11-23 19:20:23.723  1011  1189 I ASH     : @ 110475.920: tcs3701: stop power rail pending_off timer
11-23 19:20:23.723  1011  1189 D ASH     : @ 110475.920: tcs3701: start power rail timer, state:3
11-23 19:20:23.732 29955 30017 W chromium: [WARNING:ev_root_ca_metadata.cc(119)] Not implemented
11-23 19:20:23.732 29955 30017 W chromium: [WARNING:ev_root_ca_metadata.cc(119)] Not implemented
11-23 19:20:23.763  1011  1189 I ASH     : @ 110475.960: tcs3701: stop power rail pending_off timer
11-23 19:20:23.763  1011  1189 D ASH     : @ 110475.960: tcs3701: start power rail timer, state:3
11-23 19:20:23.803  1011  1189 I ASH     : @ 110476.000: tcs3701: stop power rail pending_off timer
11-23 19:20:23.803  1011  1189 D ASH     : @ 110476.000: tcs3701: start power rail timer, state:3
11-23 19:20:23.843  1011  1189 I ASH     : @ 110476.040: tcs3701: stop power rail pending_off timer
11-23 19:20:23.843  1011  1189 D ASH     : @ 110476.040: tcs3701: start power rail timer, state:3
11-23 19:20:23.876  3074  3074 D BoundBrokerSvc: onBind: Intent { act=com.google.android.gms.icing.LIGHTWEIGHT_INDEX_SERVICE pkg=com.google.android.gms }
11-23 19:20:23.876  3074  3074 D BoundBrokerSvc: Loading bound service for intent: Intent { act=com.google.android.gms.icing.LIGHTWEIGHT_INDEX_SERVICE pkg=com.google.android.gms }
11-23 19:20:23.877 29955 30017 I cr_ADCP : No customization source found
11-23 19:20:23.877  3074  3074 E AbstractGmsTracer: Traced class shouldn't be obfuscated: LightweightIndexChimeraService [CONTEXT service_id=259 ]
11-23 19:20:23.882 29955 30017 E cr_PartnerBMReader: ATTENTION: not using partner bookmarks as none were provided
11-23 19:20:23.883  1011  1189 I ASH     : @ 110476.080: tcs3701: stop power rail pending_off timer
11-23 19:20:23.883  1011  1189 D ASH     : @ 110476.080: tcs3701: start power rail timer, state:3
11-23 19:20:23.894  1795  4172 D ActivityManager: freezer override set to true
11-23 19:20:23.895  1795  4172 D ActivityManager: sync unfroze 8376 com.google.android.apps.messaging
11-23 19:20:23.895  1795  4172 D ActivityManager: sync unfroze 4898 com.google.android.as.oss
11-23 19:20:23.895  1795  4172 D ActivityManager: sync unfroze 32257 com.google.android.settings.intelligence
11-23 19:20:23.895  1795  4172 D ActivityManager: sync unfroze 28846 com.android.settings
11-23 19:20:23.923  1011  1189 I ASH     : @ 110476.120: tcs3701: stop power rail pending_off timer
11-23 19:20:23.923  1011  1189 D ASH     : @ 110476.120: tcs3701: start power rail timer, state:3
11-23 19:20:23.963  1011  1189 I ASH     : @ 110476.160: tcs3701: stop power rail pending_off timer
11-23 19:20:23.963  1011  1189 D ASH     : @ 110476.160: tcs3701: start power rail timer, state:3
11-23 19:20:23.976  3845  3845 D BoundBrokerSvc: onBind: Intent { act=com.google.android.gms.feedback.internal.IFeedbackService dat=chimera-action:/... cmp=com.google.android.gms/.chimera.GmsBoundBrokerService }
11-23 19:20:23.976  3845  3845 D BoundBrokerSvc: Loading bound service for intent: Intent { act=com.google.android.gms.feedback.internal.IFeedbackService dat=chimera-action:/... cmp=com.google.android.gms/.chimera.GmsBoundBrokerService }
11-23 19:20:23.977  3845  3845 E AbstractGmsTracer: Traced class shouldn't be obfuscated: FeedbackBoundService [CONTEXT service_id=259 ]
11-23 19:20:23.983  3074  3074 E AbstractGmsTracer: Traced class shouldn't be obfuscated: LockboxBrokerChimeraService [CONTEXT service_id=259 ]
11-23 19:20:23.988  3845  3845 E AbstractGmsTracer: Traced class shouldn't be obfuscated: AppIndexingChimeraService [CONTEXT service_id=259 ]
11-23 19:20:23.989  1795  4172 D ActivityManager: freezer override set to false
11-23 19:20:23.995  3845  3845 E AbstractGmsTracer: Traced class shouldn't be obfuscated: IndexChimeraService [CONTEXT service_id=259 ]
11-23 19:20:24.002  3845  3845 E AbstractGmsTracer: Traced class shouldn't be obfuscated: IndexWorkerChimeraService [CONTEXT service_id=259 ]
11-23 19:20:24.003  3845  6993 I Icing   : IndexChimeraService.getServiceInterface callingPackage=com.google.android.gms componentName=null serviceId=30
11-23 19:20:24.004  1011  1189 I ASH     : @ 110476.200: tcs3701: stop power rail pending_off timer
11-23 19:20:24.004  1011  1189 D ASH     : @ 110476.200: tcs3701: start power rail timer, state:3
11-23 19:20:24.010  3845  3845 E AbstractGmsTracer: Traced class shouldn't be obfuscated: GmsBoundBrokerChimeraService [CONTEXT service_id=259 ]
11-23 19:20:24.011  3845  3845 D BoundBrokerSvc: onBind: Intent { act=com.google.android.gms.common.BIND_SHARED_PREFS pkg=com.google.android.gms }
11-23 19:20:24.011  3845  3845 D BoundBrokerSvc: Loading bound service for intent: Intent { act=com.google.android.gms.common.BIND_SHARED_PREFS pkg=com.google.android.gms }
11-23 19:20:24.011  3845  3845 E AbstractGmsTracer: Traced class shouldn't be obfuscated: SharedPreferencesBoundService [CONTEXT service_id=259 ]
11-23 19:20:24.012  3074  3074 D BoundBrokerSvc: onBind: Intent { act=com.google.android.gms.icing.LIGHTWEIGHT_INDEX_SERVICE dat=chimera-action:/... cmp=com.google.android.gms/.chimera.PersistentApiService }
11-23 19:20:24.012  3074  3074 D BoundBrokerSvc: Loading bound service for intent: Intent { act=com.google.android.gms.icing.LIGHTWEIGHT_INDEX_SERVICE dat=chimera-action:/... cmp=com.google.android.gms/.chimera.PersistentApiService }
11-23 19:20:24.016  3845  3845 D BoundBrokerSvc: onUnbind: Intent { act=com.google.android.gms.common.BIND_SHARED_PREFS pkg=com.google.android.gms }
11-23 19:20:24.038  1795  3789 D CompatibilityChangeReporter: Compat change id reported: 161252188; UID 10010; state: DISABLED
11-23 19:20:24.043  1011  1189 I ASH     : @ 110476.240: tcs3701: stop power rail pending_off timer
11-23 19:20:24.043  1011  1189 D ASH     : @ 110476.240: tcs3701: start power rail timer, state:3
11-23 19:20:24.045  3845   546 I Icing   : Usage reports ok 2, Failed Usage reports 0, indexed 1, rejected 0
11-23 19:20:24.083  1011  1189 I ASH     : @ 110476.280: tcs3701: stop power rail pending_off timer
11-23 19:20:24.083  1011  1189 D ASH     : @ 110476.280: tcs3701: start power rail timer, state:3
11-23 19:20:24.123  1011  1189 I ASH     : @ 110476.320: tcs3701: stop power rail pending_off timer
11-23 19:20:24.123  1011  1189 D ASH     : @ 110476.320: tcs3701: start power rail timer, state:3
11-23 19:20:24.146 29955 30017 W chromium: [WARNING:ev_root_ca_metadata.cc(119)] Not implemented
11-23 19:20:24.146 29955 30017 W chromium: [WARNING:ev_root_ca_metadata.cc(119)] Not implemented
11-23 19:20:24.162 29955 30017 W chromium: [WARNING:ev_root_ca_metadata.cc(119)] Not implemented
11-23 19:20:24.162 29955 30017 W chromium: [WARNING:ev_root_ca_metadata.cc(119)] Not implemented
11-23 19:20:24.163  1011  1189 I ASH     : @ 110476.360: tcs3701: stop power rail pending_off timer
11-23 19:20:24.163  1011  1189 D ASH     : @ 110476.360: tcs3701: start power rail timer, state:3
11-23 19:20:24.184  1795  3789 D ActivityManager: freezer override set to true
11-23 19:20:24.203  1011  1189 I ASH     : @ 110476.400: tcs3701: stop power rail pending_off timer
11-23 19:20:24.204  1011  1189 D ASH     : @ 110476.400: tcs3701: start power rail timer, state:3
11-23 19:20:24.208  1795  2424 D WifiClientModeImpl[13802:wlan0]: updateLinkLayerStatsRssiSpeedFrequencyCapabilities rssi=-47 TxLinkspeed=866 freq=5240 RxLinkSpeed=866
11-23 19:20:24.208  1795  2424 D WifiDataStall: tx tput in kbps: 751999
11-23 19:20:24.209  1795  2424 D WifiDataStall: rx tput in kbps: 791578
11-23 19:20:24.209  1795  2424 V WifiConfigManager: Updating scan detail cache freq=5240 BSSID=f4:6d:2f:12:cc:88 RSSI=-47 for "ourhome"WPA_PSK
11-23 19:20:24.209  1795  2424 D WifiChannelUtilization:  freq: 5240 onTime: 3251666 busyTime: 284746 onTimeDiff: 3251371 busyTimeDiff: 284729 utilization: 22 utilization t0: 22
11-23 19:20:24.209  1795  2424 D WifiDataStall:  ccaLevel = 22
11-23 19:20:24.209  2782  5906 D QCNEJ/WlanStaInfoRelay: Received action: android.net.wifi.RSSI_CHANGED
11-23 19:20:24.209  1795  2424 D WifiDataStall: L2 txTputKbps: 657009, rxTputKbps: 791578, L3 txTputKbps: 49, rxTputKbps: 124, TxTrafficHigh: true, RxTrafficHigh: true, Throughput Sufficient: true
11-23 19:20:24.209  1795  2424 D WifiScoreReport: Wifi scoring disabled - Don't check IP layer
11-23 19:20:24.209  3213  3231 V WifiManager: OnWifiUsabilityStatsListener: onWifiUsabilityStats: seqNum=36459
11-23 19:20:24.210  1795  4172 I WifiService: updateWifiUsabilityScore uid=10180 seqNum=36459 score=100 predictionHorizonSec=1441795
11-23 19:20:24.210  1795  2424 D WifiScoreCard: BSSID update SIGNAL_POLL ID: 1320464697 SSID: "ourhome", BSSID: f4:6d:2f:12:cc:88, MAC: b2:2f:ec:da:4a:0c, IP: /192.168.1.104, Security type: 2, Supplicant state: COMPLETED, Wi-Fi standard: 5, RSSI: -47, Link speed: 866Mbps, Tx Link speed: 866Mbps, Max Supported Tx Link speed: 866Mbps, Rx Link speed: 866Mbps, Max Supported Rx Link speed: 866Mbps, Frequency: 5240MHz, Net ID: 12, Metered hint: false, score: 60, isUsable: true, CarrierMerged: false, SubscriptionId: -1, IsPrimary: 1, Trusted: true, Restricted: false, Ephemeral: false, OEM paid: false, OEM private: false, OSU AP: false, FQDN: <none>, Provider friendly name: <none>, Requesting package name: <none>"ourhome"wpa2-pskMLO Information: , Is TID-To-Link negotiation supported by the AP: false, AP MLD Address: <none>, AP MLO Link Id: <none>, AP MLO Affiliated links: <none>
11-23 19:20:24.210  1795  2424 D WifiScoreCard: txRate: 24 txSpeed: 866
11-23 19:20:24.210  1795  2424 D WifiScoreCard: network update SIGNAL_POLL "ourhome" ID: 1499892569 RSSI -47 txSpeed 866
11-23 19:20:24.210  1795  2424 D WifiClientModeImpl[13802:wlan0]:  ClientModeImpl$L2ConnectedState screen=on 23 0 "ourhome" f4:6d:2f:12:cc:88 rssi=-47 f=5240 sc=60 link=866 tx=19.1, 3.9, 0.0 rx=11.1 bcn=1059435 [on:1046 tx:14 rx:7 period:3008] from screen [on:69860 period:1701147] score=60
11-23 19:20:24.210  2513  2630 V WifiManager: TrafficStateCallbackProxy: onStateChanged state=3
11-23 19:20:24.210  1795  2424 D WifiScoreReport: Wifi scoring disabled - Notify that Wifi is usable
11-23 19:20:24.212  1795  2432 D ConnectivityService: NetReassign [no changes] [c 1] [a 0] [i 1]
11-23 19:20:24.243  1011  1189 I ASH     : @ 110476.440: tcs3701: stop power rail pending_off timer
11-23 19:20:24.243  1011  1189 D ASH     : @ 110476.440: tcs3701: start power rail timer, state:3
11-23 19:20:24.283  1011  1189 I ASH     : @ 110476.480: tcs3701: stop power rail pending_off timer
11-23 19:20:24.283  1011  1189 D ASH     : @ 110476.480: tcs3701: start power rail timer, state:3
11-23 19:20:24.324  1011  1189 I ASH     : @ 110476.520: tcs3701: stop power rail pending_off timer
11-23 19:20:24.324  1011  1189 D ASH     : @ 110476.520: tcs3701: start power rail timer, state:3
11-23 19:20:24.353 29955 30008 I m.chrome.canary: Explicit concurrent copying GC freed 479197(17MB) AllocSpace objects, 27(924KB) LOS objects, 75% free, 8715KB/34MB, paused 165us,98us total 79.581ms
11-23 19:20:24.363  1011  1189 I ASH     : @ 110476.560: tcs3701: stop power rail pending_off timer
11-23 19:20:24.363  1011  1189 D ASH     : @ 110476.560: tcs3701: start power rail timer, state:3
11-23 19:20:24.402  1795  3789 D ActivityManager: freezer override set to false
11-23 19:20:24.404  1011  1189 I ASH     : @ 110476.600: tcs3701: stop power rail pending_off timer
11-23 19:20:24.404  1011  1189 D ASH     : @ 110476.600: tcs3701: start power rail timer, state:3
11-23 19:20:24.443  1011  1189 I ASH     : @ 110476.640: tcs3701: stop power rail pending_off timer
11-23 19:20:24.443  1011  1189 D ASH     : @ 110476.640: tcs3701: start power rail timer, state:3
11-23 19:20:24.457  1795  4157 D ActivityManager: freezer override set to true
11-23 19:20:24.460  1795  4157 D ActivityManager: freezer override set to false
11-23 19:20:24.483  1011  1189 I ASH     : @ 110476.680: tcs3701: stop power rail pending_off timer
11-23 19:20:24.483  1011  1189 D ASH     : @ 110476.680: tcs3701: start power rail timer, state:3
11-23 19:20:24.524  1011  1189 I ASH     : @ 110476.720: tcs3701: stop power rail pending_off timer
11-23 19:20:24.524  1011  1189 D ASH     : @ 110476.720: tcs3701: start power rail timer, state:3
11-23 19:20:24.563  1011  1189 I ASH     : @ 110476.760: tcs3701: stop power rail pending_off timer
11-23 19:20:24.563  1011  1189 D ASH     : @ 110476.760: tcs3701: start power rail timer, state:3
11-23 19:20:24.603  1011  1189 I ASH     : @ 110476.800: tcs3701: stop power rail pending_off timer
11-23 19:20:24.603  1011  1189 D ASH     : @ 110476.800: tcs3701: start power rail timer, state:3
11-23 19:20:24.643  1011  1189 I ASH     : @ 110476.840: tcs3701: stop power rail pending_off timer
11-23 19:20:24.644  1011  1189 D ASH     : @ 110476.840: tcs3701: start power rail timer, state:3
11-23 19:20:24.659  1795  4157 I ActivityManager: Background started FGS: Allowed [callingPackage: com.android.shell; callingUid: 2000; uidState: NONE; intent: Intent { cmp=com.example.batterymanager_utility/.DataCollectionService (has extras) }; code:SYSTEM_UID; tempAllowListReason:<,reasonCode:SYSTEM_ALLOW_LISTED,duration:9223372036854775807,callingUid:-1>; targetSdkVersion:33; callerTargetSdkVersion:33; startForegroundCount:0; bindFromPackage:null]
11-23 19:20:24.665 30036 30067 I AdrenoVK-0: QUALCOMM build          : 4783c89, I46ff5fc46f
11-23 19:20:24.665 30036 30067 I AdrenoVK-0: Build Date              : 11/30/20
11-23 19:20:24.665 30036 30067 I AdrenoVK-0: Shader Compiler Version : EV031.31.04.01
11-23 19:20:24.665 30036 30067 I AdrenoVK-0: Local Branch            : QPR2
11-23 19:20:24.665 30036 30067 I AdrenoVK-0: Remote Branch           : 
11-23 19:20:24.665 30036 30067 I AdrenoVK-0: Remote Branch           : 
11-23 19:20:24.665 30036 30067 I AdrenoVK-0: Reconstruct Branch      : 
11-23 19:20:24.665 30036 30067 I AdrenoVK-0: Build Config            : S P 10.0.4 AArch64
11-23 19:20:24.665 30036 30067 I AdrenoVK-0: Driver Path             : /vendor/lib64/hw/vulkan.adreno.so
11-23 19:20:24.665  9398  9398 I BatteryMgr:DataCollectionService: onStartCommand: begin
11-23 19:20:24.666  9398  9398 I BatteryMgr:DataCollectionService: onStartCommand: sampleRate => 100
11-23 19:20:24.666  9398  9398 I BatteryMgr:DataCollectionService: onStartCommand: rawFields => Timestamp,BATTERY_PROPERTY_CURRENT_NOW,EXTRA_VOLTAGE,BATTERY_PROPERTY_CURRENT_AVERAGE,BATTERY_PROPERTY_CHARGE_COUNTER,BATTERY_PROPERTY_CAPACITY
11-23 19:20:24.667  9398  9398 I BatteryMgr:DataCollectionService: onStartCommand: notification done
11-23 19:20:24.671  9398  9398 I BatteryMgr:DataCollectionService: started foreground
11-23 19:20:24.674  9398  9436 I BatteryMgr:DataCollectionService: collectData: begin
11-23 19:20:24.679  9398  9436 I BatteryMgr:DataCollectionService: stats => 1700763624679,9460,4447,9765,4169000,100
11-23 19:20:24.683  1011  1189 I ASH     : @ 110476.880: tcs3701: stop power rail pending_off timer
11-23 19:20:24.683  1011  1189 D ASH     : @ 110476.880: tcs3701: start power rail timer, state:3
11-23 19:20:24.723  1011  1189 I ASH     : @ 110476.920: tcs3701: stop power rail pending_off timer
11-23 19:20:24.724  1011  1189 D ASH     : @ 110476.920: tcs3701: start power rail timer, state:3
11-23 19:20:24.764  1011  1189 I ASH     : @ 110476.960: tcs3701: stop power rail pending_off timer
11-23 19:20:24.764  1011  1189 D ASH     : @ 110476.960: tcs3701: start power rail timer, state:3
11-23 19:20:24.795  9398  9436 I BatteryMgr:DataCollectionService: stats => 1700763624795,9460,4447,9765,4169000,100
11-23 19:20:24.803  1011  1189 I ASH     : @ 110477.000: tcs3701: stop power rail pending_off timer
11-23 19:20:24.803  1011  1189 D ASH     : @ 110477.000: tcs3701: start power rail timer, state:3
11-23 19:20:24.843  1011  1189 I ASH     : @ 110477.040: tcs3701: stop power rail pending_off timer
11-23 19:20:24.843  1011  1189 D ASH     : @ 110477.040: tcs3701: start power rail timer, state:3
11-23 19:20:24.845  3875  3875 I VISHotwordAdapter: Not connected and not waiting for connection.
11-23 19:20:24.849 29955 29955 I cr_StartSurface: Recorded Startup.Android.StartSurfaceShownAtStartup = false
11-23 19:20:24.853  3875  3875 I VISHotwordAdapter: Still waiting for connection; add the callback to callback list
11-23 19:20:24.862 29955 29996 I cr_BindingManager: Visible binding enabled: maxSize=-1
11-23 19:20:24.867  3875  3875 W VISHotwordAdapter: gsaVis null binding. HDM in use.
11-23 19:20:24.883  1011  1189 I ASH     : @ 110477.080: tcs3701: stop power rail pending_off timer
11-23 19:20:24.883  1011  1189 D ASH     : @ 110477.080: tcs3701: start power rail timer, state:3
11-23 19:20:24.896  1795  4169 W PackageConfigPersister: App-specific configuration not found for packageName: com.chrome.canary and userId: 0
11-23 19:20:24.897  1795  4172 I ActivityTaskManager: START u0 {act=android.intent.action.VIEW dat=https://playground.babylonjs.com/... flg=0x10000000 cmp=com.chrome.canary/com.google.android.apps.chrome.Main} from uid 2000
11-23 19:20:24.898  1795  4172 D CompatibilityChangeReporter: Compat change id reported: 265464455; UID 10010; state: DISABLED
11-23 19:20:24.898  1795  4172 D CompatibilityChangeReporter: Compat change id reported: 265452344; UID 10010; state: DISABLED
11-23 19:20:24.898  1795  4172 D CompatibilityChangeReporter: Compat change id reported: 266124927; UID 10010; state: DISABLED
11-23 19:20:24.898  1795  4172 D CompatibilityChangeReporter: Compat change id reported: 265451093; UID 10010; state: DISABLED
11-23 19:20:24.898  1795  4172 D CompatibilityChangeReporter: Compat change id reported: 265456536; UID 10010; state: DISABLED
11-23 19:20:24.898  1795  4172 D CompatibilityChangeReporter: Compat change id reported: 255940284; UID 10010; state: DISABLED
11-23 19:20:24.898  1795  4172 D CompatibilityChangeReporter: Compat change id reported: 236283604; UID 10010; state: DISABLED
11-23 19:20:24.898  1795  4172 D CompatibilityChangeReporter: Compat change id reported: 263959004; UID 10010; state: DISABLED
11-23 19:20:24.899  1795  4172 D CompatibilityChangeReporter: Compat change id reported: 264304459; UID 10010; state: DISABLED
11-23 19:20:24.899  1795  4172 D CompatibilityChangeReporter: Compat change id reported: 264301586; UID 10010; state: DISABLED
11-23 19:20:24.899  1795  4172 D CompatibilityChangeReporter: Compat change id reported: 254631730; UID 10010; state: DISABLED
11-23 19:20:24.899  1795  4172 D CompatibilityChangeReporter: Compat change id reported: 273509367; UID 10010; state: DISABLED
11-23 19:20:24.899  1795  4172 D CompatibilityChangeReporter: Compat change id reported: 263259275; UID 10010; state: DISABLED
11-23 19:20:24.899  1795  4172 D CompatibilityChangeReporter: Compat change id reported: 194480991; UID 10010; state: ENABLED
11-23 19:20:24.900  1795  4172 D CompatibilityChangeReporter: Compat change id reported: 174042980; UID 10010; state: DISABLED
11-23 19:20:24.900  1795  4172 D CompatibilityChangeReporter: Compat change id reported: 197654537; UID 10010; state: ENABLED
11-23 19:20:24.902  1795  4172 D CompatibilityChangeReporter: Compat change id reported: 181136395; UID 10010; state: DISABLED
11-23 19:20:24.902  1795  4172 D CompatibilityChangeReporter: Compat change id reported: 174042936; UID 10010; state: DISABLED
11-23 19:20:24.902  9398  9436 I BatteryMgr:DataCollectionService: stats => 1700763624902,9460,4447,9765,4169000,100
11-23 19:20:24.906  1795  4172 D CompatibilityChangeReporter: Compat change id reported: 194833441; UID 10010; state: ENABLED
11-23 19:20:24.913  1795  4169 D ActivityManager: freezer override set to true
11-23 19:20:24.919 29955 29955 W cr_ActivityDispatcher: CustomTabsIntent#shouldAlwaysUseBrowserUI() = false
11-23 19:20:24.919 29955 29955 I cr_VideoPersist: Exited picture in picture with reason: 0
11-23 19:20:24.920 29955 29955 E cr_IntentUtils: getInt failed on bundle null
11-23 19:20:24.923  1011  1189 I ASH     : @ 110477.120: tcs3701: stop power rail pending_off timer
11-23 19:20:24.923  1011  1189 D ASH     : @ 110477.120: tcs3701: start power rail timer, state:3
11-23 19:20:24.939  1795  2120 D CompatibilityChangeReporter: Compat change id reported: 143937733; UID 10010; state: ENABLED
11-23 19:20:24.942 29955 29955 W cr_ActivityDispatcher: CustomTabsIntent#shouldAlwaysUseBrowserUI() = false
11-23 19:20:24.950 30002 30002 D Zygote  : Forked child process 30195
11-23 19:20:24.952  1795  2120 I ActivityManager: Start proc 30195:com.chrome.canary:sandboxed_process0:org.chromium.content.app.SandboxedProcessService0:1/u0ai1 for  {com.chrome.canary/org.chromium.content.app.SandboxedProcessService0:1}
11-23 19:20:24.955 30195 30195 E libc    : SetHeapTaggingLevel: re-enabling tagging after it was disabled is not supported
11-23 19:20:24.956 30195 30195 I ocessService0:1: Using CollectorTypeCC GC.
11-23 19:20:24.963  1011  1189 I ASH     : @ 110477.160: tcs3701: stop power rail pending_off timer
11-23 19:20:24.963  1011  1189 D ASH     : @ 110477.160: tcs3701: start power rail timer, state:3
11-23 19:20:24.964  1383  1442 I adbd    : jdwp connection from 30195
11-23 19:20:24.968 29955 29955 I cr_OfflineDetector: Running updateState mConnectivityDetectorInitialized: true, mTimeWhenLastForegrounded: 110473783, getElapsedTime: 110473783, mTimeWhenLastOfflineNotificationReceived: 0, mTimeWhenLastOnline: 110472176, mTimeWhenAirplaneModeToggledOff: 0 mApplicationState: 1, mIsOfflineLastReportedByConnectivityDetector: false, mInAirplaneMode: false mIsEffectivelyOffline: false
11-23 19:20:24.968 29955 29955 I cr_OfflineDetector: updateState(): timeSinceLastForeground: 0, timeSinceOfflineNotificationReceived: 110473783, timeSinceLastOnline: 1607, timeNeededForForeground: 2000, timeNeededForOffline: -110471783 timeSinceAirplaneModeToggledOff: 110473783 timeNeededAfterConnectionChangeFromOnlineToOffline: 8393 timeNeededAfterConnectionChangeFromAirplaneToOffline: 0
11-23 19:20:24.968 29955 29955 I cr_OfflineDetector: Running mUpdateOfflineStatusIndicatorDelayedRunnable start. mConnectivityDetectorInitialized: true, mTimeWhenLastForegrounded: 110473783, getElapsedTime: 110473783, mTimeWhenLastOfflineNotificationReceived: 0, mTimeWhenLastOnline: 110472176, mTimeWhenAirplaneModeToggledOff: 0 mApplicationState: 1, mIsOfflineLastReportedByConnectivityDetector: false, mInAirplaneMode: false mIsEffectivelyOffline: false
11-23 19:20:24.971 29955 29955 I cr_InactivityTracker: Last background time read from the SharedPreference is:1700763624908.
11-23 19:20:24.971  1795  3057 D CompatibilityChangeReporter: Compat change id reported: 168419799; UID 10010; state: DISABLED
11-23 19:20:24.971  1795  3057 D CompatibilityChangeReporter: Compat change id reported: 273564678; UID 10010; state: DISABLED
11-23 19:20:24.973 29955 29955 I cr_VideoPersist: Exited picture in picture with reason: 0
11-23 19:20:24.974  3657  4525 D ForegroundUtils: Foreground UID status:
11-23 19:20:24.974  3657  4525 D ForegroundUtils: UID: 10010 is in foreground: true
11-23 19:20:24.974  3657  4525 D ForegroundUtils: UID: 10128 is in foreground: true
11-23 19:20:24.974  3657  4525 D ForegroundUtils: UID: 10145 is in foreground: true
11-23 19:20:24.974  3657  4525 D ForegroundUtils: UID: 10158 is in foreground: true
11-23 19:20:24.974  3657  4525 D ForegroundUtils: UID: 10189 is in foreground: false
11-23 19:20:24.974  3657  4525 D ForegroundUtils: UID: 10194 is in foreground: true
11-23 19:20:24.974  3657  4525 D ForegroundUtils: UID: 10206 is in foreground: false
11-23 19:20:24.974  3657  4525 D ForegroundUtils: UID: 10233 is in foreground: true
11-23 19:20:24.974  3657  4525 D ForegroundUtils: UID: 10244 is in foreground: false
11-23 19:20:24.974  3657  4525 D ForegroundUtils: UID: 10319 is in foreground: true
11-23 19:20:24.974  3657  4525 D ForegroundUtils: UID: 90000 is in foreground: true
11-23 19:20:24.974  3657  4525 D ForegroundUtils: UID: 90001 is in foreground: true
11-23 19:20:24.974 30195 30195 I ActivityThread: Relaunch all activities: onCoreSettingsChange
11-23 19:20:24.975 30195 30195 D CompatibilityChangeReporter: Compat change id reported: 171979766; UID 90001; state: ENABLED
11-23 19:20:24.975  1795  4172 D CompatibilityChangeReporter: Compat change id reported: 161145287; UID 10010; state: DISABLED
11-23 19:20:24.976 29955 29955 I cr_InactivityTracker: Last visible time read from the SharedPreference is:1700763623453.
11-23 19:20:24.989 30195 30195 I LoadedApk: No resource references to update in package com.google.android.trichromelibrary.canary
11-23 19:20:24.989 30195 30195 D NetworkSecurityConfig: Using Network Security Config from resource 0_resource_name_obfuscated debugBuild: false
11-23 19:20:24.990 30195 30195 D NetworkSecurityConfig: Using Network Security Config from resource 0_resource_name_obfuscated debugBuild: false
11-23 19:20:24.992 30195 30195 I cr_SplitCompatApp: Launched version=121.0.6137.0 minSdkVersion=29 isBundle=true processName=com.chrome.canary:sandboxed_process0:org.chromium.content.app.SandboxedProcessService0:1 isIsolated=true
11-23 19:20:24.999 30195 30195 W SystemServiceRegistry: No service published for: uimode
11-23 19:20:25.003  1011  1189 I ASH     : @ 110477.200: tcs3701: stop power rail pending_off timer
11-23 19:20:25.003  1011  1189 D ASH     : @ 110477.200: tcs3701: start power rail timer, state:3
11-23 19:20:25.005 30195 30195 I cr_ChildProcessService: Creating new ChildProcessService pid=30195
11-23 19:20:25.007  1795  4169 D ActivityManager: freezer override set to false
