11-23 19:11:12.778  9398  9436 I BatteryMgr:DataCollectionService: stats => 1700763072778,12512,4447,9765,4169000,100
11-23 19:11:12.803  1011  1189 I ASH     : @ 109925.000: tcs3701: stop power rail pending_off timer
11-23 19:11:12.803  1011  1189 D ASH     : @ 109925.000: tcs3701: start power rail timer, state:3
11-23 19:11:12.843  1011  1189 I ASH     : @ 109925.040: tcs3701: stop power rail pending_off timer
11-23 19:11:12.843  1011  1189 D ASH     : @ 109925.040: tcs3701: start power rail timer, state:3
11-23 19:11:12.883  9398  9436 I BatteryMgr:DataCollectionService: stats => 1700763072883,12512,4447,9765,4169000,100
11-23 19:11:12.884  1011  1189 I ASH     : @ 109925.080: tcs3701: stop power rail pending_off timer
11-23 19:11:12.884  1011  1189 D ASH     : @ 109925.080: tcs3701: start power rail timer, state:3
11-23 19:11:12.923  1011  1189 I ASH     : @ 109925.120: tcs3701: stop power rail pending_off timer
11-23 19:11:12.923  1011  1189 D ASH     : @ 109925.120: tcs3701: start power rail timer, state:3
11-23 19:11:12.964  1011  1189 I ASH     : @ 109925.160: tcs3701: stop power rail pending_off timer
11-23 19:11:12.964  1011  1189 D ASH     : @ 109925.160: tcs3701: start power rail timer, state:3
11-23 19:11:12.988  9398  9436 I BatteryMgr:DataCollectionService: stats => 1700763072988,12512,4447,9765,4169000,100
11-23 19:11:13.003  1011  1189 I ASH     : @ 109925.200: tcs3701: stop power rail pending_off timer
11-23 19:11:13.003  1011  1189 D ASH     : @ 109925.200: tcs3701: start power rail timer, state:3
11-23 19:11:13.043  1011  1189 I ASH     : @ 109925.240: tcs3701: stop power rail pending_off timer
11-23 19:11:13.043  1011  1189 D ASH     : @ 109925.240: tcs3701: start power rail timer, state:3
11-23 19:11:13.083  1011  1189 I ASH     : @ 109925.280: tcs3701: stop power rail pending_off timer
11-23 19:11:13.083  1011  1189 D ASH     : @ 109925.280: tcs3701: start power rail timer, state:3
11-23 19:11:13.093  9398  9436 I BatteryMgr:DataCollectionService: stats => 1700763073093,12512,4447,9765,4169000,100
11-23 19:11:13.123  1011  1189 I ASH     : @ 109925.320: tcs3701: stop power rail pending_off timer
11-23 19:11:13.123  1011  1189 D ASH     : @ 109925.320: tcs3701: start power rail timer, state:3
11-23 19:11:13.164  1011  1189 I ASH     : @ 109925.360: tcs3701: stop power rail pending_off timer
11-23 19:11:13.164  1011  1189 D ASH     : @ 109925.360: tcs3701: start power rail timer, state:3
11-23 19:11:13.197  9398  9436 I BatteryMgr:DataCollectionService: stats => 1700763073197,12512,4447,9765,4169000,100
11-23 19:11:13.203  1011  1189 I ASH     : @ 109925.400: tcs3701: stop power rail pending_off timer
11-23 19:11:13.204  1011  1189 D ASH     : @ 109925.400: tcs3701: start power rail timer, state:3
11-23 19:11:13.243  1011  1189 I ASH     : @ 109925.440: tcs3701: stop power rail pending_off timer
11-23 19:11:13.243  1011  1189 D ASH     : @ 109925.440: tcs3701: start power rail timer, state:3
11-23 19:11:13.283  1011  1189 I ASH     : @ 109925.480: tcs3701: stop power rail pending_off timer
11-23 19:11:13.283  1011  1189 D ASH     : @ 109925.480: tcs3701: start power rail timer, state:3
11-23 19:11:13.303  9398  9436 I BatteryMgr:DataCollectionService: stats => 1700763073303,12512,4447,9765,4169000,100
11-23 19:11:13.324  1011  1189 I ASH     : @ 109925.520: tcs3701: stop power rail pending_off timer
11-23 19:11:13.324  1011  1189 D ASH     : @ 109925.520: tcs3701: start power rail timer, state:3
11-23 19:11:13.363  1011  1189 I ASH     : @ 109925.560: tcs3701: stop power rail pending_off timer
11-23 19:11:13.363  1011  1189 D ASH     : @ 109925.560: tcs3701: start power rail timer, state:3
11-23 19:11:13.403  1011  1189 I ASH     : @ 109925.600: tcs3701: stop power rail pending_off timer
11-23 19:11:13.403  1011  1189 D ASH     : @ 109925.600: tcs3701: start power rail timer, state:3
11-23 19:11:13.411  9398  9436 I BatteryMgr:DataCollectionService: stats => 1700763073411,12512,4447,9765,4169000,100
11-23 19:11:13.430  1795  4172 D ActivityManager: freezer override set to true
11-23 19:11:13.436  1795  4172 D ActivityManager: freezer override set to false
11-23 19:11:13.443  1011  1189 I ASH     : @ 109925.640: tcs3701: stop power rail pending_off timer
11-23 19:11:13.443  1011  1189 D ASH     : @ 109925.640: tcs3701: start power rail timer, state:3
11-23 19:11:13.483  1011  1189 I ASH     : @ 109925.680: tcs3701: stop power rail pending_off timer
11-23 19:11:13.483  1011  1189 D ASH     : @ 109925.680: tcs3701: start power rail timer, state:3
11-23 19:11:13.517  9398  9436 I BatteryMgr:DataCollectionService: stats => 1700763073517,12512,4447,9765,4169000,100
11-23 19:11:13.523  1011  1189 I ASH     : @ 109925.720: tcs3701: stop power rail pending_off timer
11-23 19:11:13.523  1011  1189 D ASH     : @ 109925.720: tcs3701: start power rail timer, state:3
11-23 19:11:13.564  1011  1189 I ASH     : @ 109925.760: tcs3701: stop power rail pending_off timer
11-23 19:11:13.564  1011  1189 D ASH     : @ 109925.760: tcs3701: start power rail timer, state:3
11-23 19:11:13.603  1011  1189 I ASH     : @ 109925.800: tcs3701: stop power rail pending_off timer
11-23 19:11:13.603  1011  1189 D ASH     : @ 109925.800: tcs3701: start power rail timer, state:3
11-23 19:11:13.623  9398  9436 I BatteryMgr:DataCollectionService: stats => 1700763073623,12512,4447,9765,4169000,100
11-23 19:11:13.643  1011  1189 I ASH     : @ 109925.840: tcs3701: stop power rail pending_off timer
11-23 19:11:13.643  1011  1189 D ASH     : @ 109925.840: tcs3701: start power rail timer, state:3
11-23 19:11:13.683  1011  1189 I ASH     : @ 109925.880: tcs3701: stop power rail pending_off timer
11-23 19:11:13.683  1011  1189 D ASH     : @ 109925.880: tcs3701: start power rail timer, state:3
11-23 19:11:13.723  1011  1189 I ASH     : @ 109925.920: tcs3701: stop power rail pending_off timer
11-23 19:11:13.724  1011  1189 D ASH     : @ 109925.920: tcs3701: start power rail timer, state:3
11-23 19:11:13.729  9398  9436 I BatteryMgr:DataCollectionService: stats => 1700763073728,12512,4447,9765,4169000,100
11-23 19:11:13.761  1795  4172 D ActivityManager: freezer override set to true
11-23 19:11:13.764  1011  1189 I ASH     : @ 109925.960: tcs3701: stop power rail pending_off timer
11-23 19:11:13.764  1011  1189 D ASH     : @ 109925.960: tcs3701: start power rail timer, state:3
11-23 19:11:13.803  1011  1189 I ASH     : @ 109926.000: tcs3701: stop power rail pending_off timer
11-23 19:11:13.803  1011  1189 D ASH     : @ 109926.000: tcs3701: start power rail timer, state:3
11-23 19:11:13.834  9398  9436 I BatteryMgr:DataCollectionService: stats => 1700763073834,12512,4447,9765,4169000,100
11-23 19:11:13.843  1011  1189 I ASH     : @ 109926.040: tcs3701: stop power rail pending_off timer
11-23 19:11:13.843  1011  1189 D ASH     : @ 109926.040: tcs3701: start power rail timer, state:3
11-23 19:11:13.883  1011  1189 I ASH     : @ 109926.080: tcs3701: stop power rail pending_off timer
11-23 19:11:13.883  1011  1189 D ASH     : @ 109926.080: tcs3701: start power rail timer, state:3
11-23 19:11:13.912 17798 17811 I m.chrome.canary: Explicit concurrent copying GC freed 3596(176KB) AllocSpace objects, 3(60KB) LOS objects, 75% free, 11MB/47MB, paused 140us,21us total 63.984ms
11-23 19:11:13.923  1011  1189 I ASH     : @ 109926.120: tcs3701: stop power rail pending_off timer
11-23 19:11:13.923  1011  1189 D ASH     : @ 109926.120: tcs3701: start power rail timer, state:3
11-23 19:11:13.941  9398  9436 I BatteryMgr:DataCollectionService: stats => 1700763073941,12512,4447,9765,4169000,100
11-23 19:11:13.964  1011  1189 I ASH     : @ 109926.160: tcs3701: stop power rail pending_off timer
11-23 19:11:13.964  1011  1189 D ASH     : @ 109926.160: tcs3701: start power rail timer, state:3
11-23 19:11:13.965  1795  4172 D ActivityManager: freezer override set to false
11-23 19:11:14.003  1011  1189 I ASH     : @ 109926.200: tcs3701: stop power rail pending_off timer
11-23 19:11:14.003  1011  1189 D ASH     : @ 109926.200: tcs3701: start power rail timer, state:3
11-23 19:11:14.023  1795  4172 D ActivityManager: freezer override set to true
11-23 19:11:14.026  1795  4172 D ActivityManager: freezer override set to false
11-23 19:11:14.044  1011  1189 I ASH     : @ 109926.240: tcs3701: stop power rail pending_off timer
11-23 19:11:14.044  1011  1189 D ASH     : @ 109926.240: tcs3701: start power rail timer, state:3
11-23 19:11:14.046  9398  9436 I BatteryMgr:DataCollectionService: stats => 1700763074046,12512,4447,9765,4169000,100
11-23 19:11:14.083  1011  1189 I ASH     : @ 109926.280: tcs3701: stop power rail pending_off timer
11-23 19:11:14.083  1011  1189 D ASH     : @ 109926.280: tcs3701: start power rail timer, state:3
11-23 19:11:14.123  1011  1189 I ASH     : @ 109926.320: tcs3701: stop power rail pending_off timer
11-23 19:11:14.123  1011  1189 D ASH     : @ 109926.320: tcs3701: start power rail timer, state:3
11-23 19:11:14.152  9398  9436 I BatteryMgr:DataCollectionService: stats => 1700763074152,12512,4447,9765,4169000,100
11-23 19:11:14.163  1011  1189 I ASH     : @ 109926.360: tcs3701: stop power rail pending_off timer
11-23 19:11:14.164  1011  1189 D ASH     : @ 109926.360: tcs3701: start power rail timer, state:3
11-23 19:11:14.203  1011  1189 I ASH     : @ 109926.400: tcs3701: stop power rail pending_off timer
11-23 19:11:14.204  1011  1189 D ASH     : @ 109926.400: tcs3701: start power rail timer, state:3
11-23 19:11:14.244  1011  1189 I ASH     : @ 109926.440: tcs3701: stop power rail pending_off timer
11-23 19:11:14.244  1011  1189 D ASH     : @ 109926.440: tcs3701: start power rail timer, state:3
11-23 19:11:14.257  9398  9436 I BatteryMgr:DataCollectionService: stats => 1700763074256,12512,4447,9765,4169000,100
11-23 19:11:14.284  1011  1189 I ASH     : @ 109926.480: tcs3701: stop power rail pending_off timer
11-23 19:11:14.284  1011  1189 D ASH     : @ 109926.480: tcs3701: start power rail timer, state:3
11-23 19:11:14.323  1011  1189 I ASH     : @ 109926.520: tcs3701: stop power rail pending_off timer
11-23 19:11:14.323  1011  1189 D ASH     : @ 109926.520: tcs3701: start power rail timer, state:3
11-23 19:11:14.363  9398  9436 I BatteryMgr:DataCollectionService: stats => 1700763074362,12512,4447,9765,4169000,100
11-23 19:11:14.364  1011  1189 I ASH     : @ 109926.560: tcs3701: stop power rail pending_off timer
11-23 19:11:14.364  1011  1189 D ASH     : @ 109926.560: tcs3701: start power rail timer, state:3
11-23 19:11:14.403  1011  1189 I ASH     : @ 109926.600: tcs3701: stop power rail pending_off timer
11-23 19:11:14.404  1011  1189 D ASH     : @ 109926.600: tcs3701: start power rail timer, state:3
11-23 19:11:14.424  1795  4172 D ActivityManager: freezer override set to true
11-23 19:11:14.429  1795  4172 D ActivityManager: freezer override set to false
11-23 19:11:14.444  1011  1189 I ASH     : @ 109926.640: tcs3701: stop power rail pending_off timer
11-23 19:11:14.444  1011  1189 D ASH     : @ 109926.640: tcs3701: start power rail timer, state:3
11-23 19:11:14.467  9398  9436 I BatteryMgr:DataCollectionService: stats => 1700763074467,12512,4447,9765,4169000,100
11-23 19:11:14.483  1011  1189 I ASH     : @ 109926.680: tcs3701: stop power rail pending_off timer
11-23 19:11:14.484  1011  1189 D ASH     : @ 109926.680: tcs3701: start power rail timer, state:3
11-23 19:11:14.523  1011  1189 I ASH     : @ 109926.720: tcs3701: stop power rail pending_off timer
11-23 19:11:14.523  1011  1189 D ASH     : @ 109926.720: tcs3701: start power rail timer, state:3
11-23 19:11:14.563  1011  1189 I ASH     : @ 109926.760: tcs3701: stop power rail pending_off timer
11-23 19:11:14.563  1011  1189 D ASH     : @ 109926.760: tcs3701: start power rail timer, state:3
11-23 19:11:14.573  9398  9436 I BatteryMgr:DataCollectionService: stats => 1700763074573,12512,4447,9765,4169000,100
11-23 19:11:14.603  1011  1189 I ASH     : @ 109926.800: tcs3701: stop power rail pending_off timer
11-23 19:11:14.603  1011  1189 D ASH     : @ 109926.800: tcs3701: start power rail timer, state:3
11-23 19:11:14.612  2113  2118 I pixel-thermal: skin-therm-monitor: 37.568
11-23 19:11:14.643  1011  1189 I ASH     : @ 109926.840: tcs3701: stop power rail pending_off timer
11-23 19:11:14.644  1011  1189 D ASH     : @ 109926.840: tcs3701: start power rail timer, state:3
11-23 19:11:14.677  9398  9436 I BatteryMgr:DataCollectionService: stats => 1700763074677,12512,4447,9765,4169000,100
11-23 19:11:14.683  1011  1189 I ASH     : @ 109926.880: tcs3701: stop power rail pending_off timer
11-23 19:11:14.683  1011  1189 D ASH     : @ 109926.880: tcs3701: start power rail timer, state:3
11-23 19:11:14.723  1011  1189 I ASH     : @ 109926.920: tcs3701: stop power rail pending_off timer
11-23 19:11:14.723  1011  1189 D ASH     : @ 109926.920: tcs3701: start power rail timer, state:3
11-23 19:11:14.763  1011  1189 I ASH     : @ 109926.960: tcs3701: stop power rail pending_off timer
11-23 19:11:14.763  1011  1189 D ASH     : @ 109926.960: tcs3701: start power rail timer, state:3
11-23 19:11:14.784  9398  9436 I BatteryMgr:DataCollectionService: stats => 1700763074783,12512,4447,9765,4169000,100
11-23 19:11:14.803  1011  1189 I ASH     : @ 109927.000: tcs3701: stop power rail pending_off timer
11-23 19:11:14.803  1011  1189 D ASH     : @ 109927.000: tcs3701: start power rail timer, state:3
11-23 19:11:14.844  1011  1189 I ASH     : @ 109927.040: tcs3701: stop power rail pending_off timer
11-23 19:11:14.844  1011  1189 D ASH     : @ 109927.040: tcs3701: start power rail timer, state:3
11-23 19:11:14.883  1011  1189 I ASH     : @ 109927.080: tcs3701: stop power rail pending_off timer
11-23 19:11:14.883  1011  1189 D ASH     : @ 109927.080: tcs3701: start power rail timer, state:3
11-23 19:11:14.888  9398  9436 I BatteryMgr:DataCollectionService: stats => 1700763074888,12512,4447,9765,4169000,100
11-23 19:11:14.924  1011  1189 I ASH     : @ 109927.120: tcs3701: stop power rail pending_off timer
11-23 19:11:14.924  1011  1189 D ASH     : @ 109927.120: tcs3701: start power rail timer, state:3
11-23 19:11:14.963  1011  1189 I ASH     : @ 109927.160: tcs3701: stop power rail pending_off timer
11-23 19:11:14.963  1011  1189 D ASH     : @ 109927.160: tcs3701: start power rail timer, state:3
11-23 19:11:14.995  9398  9436 I BatteryMgr:DataCollectionService: stats => 1700763074995,12512,4447,9765,4169000,100
11-23 19:11:15.003  1011  1189 I ASH     : @ 109927.200: tcs3701: stop power rail pending_off timer
11-23 19:11:15.003  1011  1189 D ASH     : @ 109927.200: tcs3701: start power rail timer, state:3
11-23 19:11:15.044  1011  1189 I ASH     : @ 109927.240: tcs3701: stop power rail pending_off timer
11-23 19:11:15.044  1011  1189 D ASH     : @ 109927.240: tcs3701: start power rail timer, state:3
11-23 19:11:15.083  1011  1189 I ASH     : @ 109927.280: tcs3701: stop power rail pending_off timer
11-23 19:11:15.083  1011  1189 D ASH     : @ 109927.280: tcs3701: start power rail timer, state:3
11-23 19:11:15.102  9398  9436 I BatteryMgr:DataCollectionService: stats => 1700763075101,12512,4447,9765,4169000,100
11-23 19:11:15.123  1011  1189 I ASH     : @ 109927.320: tcs3701: stop power rail pending_off timer
11-23 19:11:15.123  1011  1189 D ASH     : @ 109927.320: tcs3701: start power rail timer, state:3
11-23 19:11:15.163  1011  1189 I ASH     : @ 109927.360: tcs3701: stop power rail pending_off timer
11-23 19:11:15.163  1011  1189 D ASH     : @ 109927.360: tcs3701: start power rail timer, state:3
11-23 19:11:15.190  1795  3807 D ActivityManager: freezer override set to true
11-23 19:11:15.203  1011  1189 I ASH     : @ 109927.400: tcs3701: stop power rail pending_off timer
11-23 19:11:15.203  1011  1189 D ASH     : @ 109927.400: tcs3701: start power rail timer, state:3
11-23 19:11:15.208  9398  9436 I BatteryMgr:DataCollectionService: stats => 1700763075208,12512,4447,9765,4169000,100
11-23 19:11:15.243  1011  1189 I ASH     : @ 109927.440: tcs3701: stop power rail pending_off timer
11-23 19:11:15.243  1011  1189 D ASH     : @ 109927.440: tcs3701: start power rail timer, state:3
11-23 19:11:15.283  1011  1189 I ASH     : @ 109927.480: tcs3701: stop power rail pending_off timer
11-23 19:11:15.283  1011  1189 D ASH     : @ 109927.480: tcs3701: start power rail timer, state:3
11-23 19:11:15.304  1795  2424 D WifiClientModeImpl[13802:wlan0]: updateLinkLayerStatsRssiSpeedFrequencyCapabilities rssi=-47 TxLinkspeed=780 freq=5240 RxLinkSpeed=866
11-23 19:11:15.305  1795  2424 D WifiDataStall: tx tput in kbps: 677320
11-23 19:11:15.305  1795  2424 D WifiDataStall: rx tput in kbps: 791578
11-23 19:11:15.305  1795  2424 V WifiConfigManager: Updating scan detail cache freq=5240 BSSID=f4:6d:2f:12:cc:88 RSSI=-47 for "ourhome"WPA_PSK
11-23 19:11:15.305  2782  5906 D QCNEJ/WlanStaInfoRelay: Received action: android.net.wifi.RSSI_CHANGED
11-23 19:11:15.306  1795  2424 D WifiChannelUtilization:  freq: 5240 onTime: 3230599 busyTime: 280410 onTimeDiff: 3230304 busyTimeDiff: 280393 utilization: 22 utilization t0: 22
11-23 19:11:15.306  1795  2424 D WifiDataStall:  ccaLevel = 22
11-23 19:11:15.306  1795  2424 D WifiDataStall: L2 txTputKbps: 677320, rxTputKbps: 791578, L3 txTputKbps: 0, rxTputKbps: 0, TxTrafficHigh: false, RxTrafficHigh: false, Throughput Sufficient: true
11-23 19:11:15.306  1795  2424 D WifiScoreReport: Wifi scoring disabled - Don't check IP layer
11-23 19:11:15.306  3213  3231 V WifiManager: OnWifiUsabilityStatsListener: onWifiUsabilityStats: seqNum=36277
11-23 19:11:15.306  1795  2424 D WifiScoreCard: BSSID update SIGNAL_POLL ID: 1320464697 SSID: "ourhome", BSSID: f4:6d:2f:12:cc:88, MAC: b2:2f:ec:da:4a:0c, IP: /192.168.1.104, Security type: 2, Supplicant state: COMPLETED, Wi-Fi standard: 5, RSSI: -47, Link speed: 780Mbps, Tx Link speed: 780Mbps, Max Supported Tx Link speed: 866Mbps, Rx Link speed: 866Mbps, Max Supported Rx Link speed: 866Mbps, Frequency: 5240MHz, Net ID: 12, Metered hint: false, score: 60, isUsable: true, CarrierMerged: false, SubscriptionId: -1, IsPrimary: 1, Trusted: true, Restricted: false, Ephemeral: false, OEM paid: false, OEM private: false, OSU AP: false, FQDN: <none>, Provider friendly name: <none>, Requesting package name: <none>"ourhome"wpa2-pskMLO Information: , Is TID-To-Link negotiation supported by the AP: false, AP MLD Address: <none>, AP MLO Link Id: <none>, AP MLO Affiliated links: <none>
11-23 19:11:15.306  1795  2424 D WifiScoreCard: txRate: 1 txSpeed: 780
11-23 19:11:15.306  1795  2424 D WifiScoreCard: network update SIGNAL_POLL "ourhome" ID: 1499892569 RSSI -47 txSpeed -1
11-23 19:11:15.307  1795  2424 D WifiClientModeImpl[13802:wlan0]:  ClientModeImpl$L2ConnectedState screen=on 23 0 "ourhome" f4:6d:2f:12:cc:88 rssi=-47 f=5240 sc=60 link=780 tx=0.4, 0.1, 0.0 rx=0.7 bcn=1054131 [on:0 tx:0 rx:0 period:3014] from screen [on:48793 period:1152244] score=60
11-23 19:11:15.307  1795  4172 I WifiService: updateWifiUsabilityScore uid=10180 seqNum=36277 score=100 predictionHorizonSec=1441795
11-23 19:11:15.308  1795  2424 D WifiScoreReport: Wifi scoring disabled - Notify that Wifi is usable
11-23 19:11:15.311  1795  2432 D ConnectivityService: NetReassign [no changes] [c 0] [a 0] [i 2]
11-23 19:11:15.314  9398  9436 I BatteryMgr:DataCollectionService: stats => 1700763075314,12512,4447,9765,4169000,100
11-23 19:11:15.318 17798 17811 I m.chrome.canary: Explicit concurrent copying GC freed 3602(207KB) AllocSpace objects, 3(60KB) LOS objects, 75% free, 11MB/47MB, paused 110us,23us total 48.362ms
11-23 19:11:15.324  1011  1189 I ASH     : @ 109927.520: tcs3701: stop power rail pending_off timer
11-23 19:11:15.324  1011  1189 D ASH     : @ 109927.520: tcs3701: start power rail timer, state:3
11-23 19:11:15.363  1011  1189 I ASH     : @ 109927.560: tcs3701: stop power rail pending_off timer
11-23 19:11:15.363  1011  1189 D ASH     : @ 109927.560: tcs3701: start power rail timer, state:3
11-23 19:11:15.369  1795  3807 D ActivityManager: freezer override set to false
11-23 19:11:15.403  1011  1189 I ASH     : @ 109927.600: tcs3701: stop power rail pending_off timer
11-23 19:11:15.403  1011  1189 D ASH     : @ 109927.600: tcs3701: start power rail timer, state:3
11-23 19:11:15.423  9398  9436 I BatteryMgr:DataCollectionService: stats => 1700763075423,12512,4447,9765,4169000,100
11-23 19:11:15.424  1795  3807 D ActivityManager: freezer override set to true
11-23 19:11:15.428  1795  3807 D ActivityManager: freezer override set to false
11-23 19:11:15.429  1795  3807 D ActivityManager: freezer override set to true
11-23 19:11:15.435  1795  3807 D ActivityManager: freezer override set to false
11-23 19:11:15.444  1011  1189 I ASH     : @ 109927.640: tcs3701: stop power rail pending_off timer
11-23 19:11:15.444  1011  1189 D ASH     : @ 109927.640: tcs3701: start power rail timer, state:3
11-23 19:11:15.483  1011  1189 I ASH     : @ 109927.680: tcs3701: stop power rail pending_off timer
11-23 19:11:15.483  1011  1189 D ASH     : @ 109927.680: tcs3701: start power rail timer, state:3
11-23 19:11:15.524  1011  1189 I ASH     : @ 109927.720: tcs3701: stop power rail pending_off timer
11-23 19:11:15.524  1011  1189 D ASH     : @ 109927.720: tcs3701: start power rail timer, state:3
11-23 19:11:15.529  9398  9436 I BatteryMgr:DataCollectionService: stats => 1700763075529,12512,4447,9765,4169000,100
11-23 19:11:15.563  1011  1189 I ASH     : @ 109927.760: tcs3701: stop power rail pending_off timer
11-23 19:11:15.563  1011  1189 D ASH     : @ 109927.760: tcs3701: start power rail timer, state:3
11-23 19:11:15.603  1011  1189 I ASH     : @ 109927.800: tcs3701: stop power rail pending_off timer
11-23 19:11:15.603  1011  1189 D ASH     : @ 109927.800: tcs3701: start power rail timer, state:3
11-23 19:11:15.635  9398  9436 I BatteryMgr:DataCollectionService: stats => 1700763075635,12512,4447,9765,4169000,100
11-23 19:11:15.643  1011  1189 I ASH     : @ 109927.840: tcs3701: stop power rail pending_off timer
11-23 19:11:15.643  1011  1189 D ASH     : @ 109927.840: tcs3701: start power rail timer, state:3
11-23 19:11:15.683  1011  1189 I ASH     : @ 109927.880: tcs3701: stop power rail pending_off timer
11-23 19:11:15.683  1011  1189 D ASH     : @ 109927.880: tcs3701: start power rail timer, state:3
11-23 19:11:15.723  1011  1189 I ASH     : @ 109927.920: tcs3701: stop power rail pending_off timer
11-23 19:11:15.724  1011  1189 D ASH     : @ 109927.920: tcs3701: start power rail timer, state:3
11-23 19:11:15.741  9398  9436 I BatteryMgr:DataCollectionService: stats => 1700763075741,12512,4447,9765,4169000,100
11-23 19:11:15.763  1011  1189 I ASH     : @ 109927.960: tcs3701: stop power rail pending_off timer
11-23 19:11:15.764  1011  1189 D ASH     : @ 109927.960: tcs3701: start power rail timer, state:3
11-23 19:11:15.803  1011  1189 I ASH     : @ 109928.000: tcs3701: stop power rail pending_off timer
11-23 19:11:15.803  1011  1189 D ASH     : @ 109928.000: tcs3701: start power rail timer, state:3
11-23 19:11:15.844  1011  1189 I ASH     : @ 109928.040: tcs3701: stop power rail pending_off timer
11-23 19:11:15.844  1011  1189 D ASH     : @ 109928.040: tcs3701: start power rail timer, state:3
11-23 19:11:15.845  9398  9436 I BatteryMgr:DataCollectionService: stats => 1700763075845,12512,4447,9765,4169000,100
11-23 19:11:15.883  1011  1189 I ASH     : @ 109928.080: tcs3701: stop power rail pending_off timer
11-23 19:11:15.883  1011  1189 D ASH     : @ 109928.080: tcs3701: start power rail timer, state:3
11-23 19:11:15.923  1011  1189 I ASH     : @ 109928.120: tcs3701: stop power rail pending_off timer
11-23 19:11:15.923  1011  1189 D ASH     : @ 109928.120: tcs3701: start power rail timer, state:3
11-23 19:11:15.949  9398  9436 I BatteryMgr:DataCollectionService: stats => 1700763075949,12512,4447,9765,4169000,100
11-23 19:11:15.963  1011  1189 I ASH     : @ 109928.160: tcs3701: stop power rail pending_off timer
11-23 19:11:15.963  1011  1189 D ASH     : @ 109928.160: tcs3701: start power rail timer, state:3
11-23 19:11:16.004  1011  1189 I ASH     : @ 109928.200: tcs3701: stop power rail pending_off timer
11-23 19:11:16.004  1011  1189 D ASH     : @ 109928.200: tcs3701: start power rail timer, state:3
11-23 19:11:16.044  1011  1189 I ASH     : @ 109928.240: tcs3701: stop power rail pending_off timer
11-23 19:11:16.044  1011  1189 D ASH     : @ 109928.240: tcs3701: start power rail timer, state:3
11-23 19:11:16.055  9398  9436 I BatteryMgr:DataCollectionService: stats => 1700763076055,12512,4447,9765,4169000,100
11-23 19:11:16.084  1011  1189 I ASH     : @ 109928.280: tcs3701: stop power rail pending_off timer
11-23 19:11:16.084  1011  1189 D ASH     : @ 109928.280: tcs3701: start power rail timer, state:3
11-23 19:11:16.123  1011  1189 I ASH     : @ 109928.320: tcs3701: stop power rail pending_off timer
11-23 19:11:16.123  1011  1189 D ASH     : @ 109928.320: tcs3701: start power rail timer, state:3
11-23 19:11:16.160  9398  9436 I BatteryMgr:DataCollectionService: stats => 1700763076160,12512,4447,9765,4169000,100
11-23 19:11:16.163  1011  1189 I ASH     : @ 109928.360: tcs3701: stop power rail pending_off timer
11-23 19:11:16.164  1011  1189 D ASH     : @ 109928.360: tcs3701: start power rail timer, state:3
11-23 19:11:16.203  1011  1189 I ASH     : @ 109928.400: tcs3701: stop power rail pending_off timer
11-23 19:11:16.203  1011  1189 D ASH     : @ 109928.400: tcs3701: start power rail timer, state:3
11-23 19:11:16.243  1011  1189 I ASH     : @ 109928.440: tcs3701: stop power rail pending_off timer
11-23 19:11:16.243  1011  1189 D ASH     : @ 109928.440: tcs3701: start power rail timer, state:3
11-23 19:11:16.266  9398  9436 I BatteryMgr:DataCollectionService: stats => 1700763076265,12512,4447,9765,4169000,100
11-23 19:11:16.283  1011  1189 I ASH     : @ 109928.480: tcs3701: stop power rail pending_off timer
11-23 19:11:16.284  1011  1189 D ASH     : @ 109928.480: tcs3701: start power rail timer, state:3
11-23 19:11:16.323  1011  1189 I ASH     : @ 109928.520: tcs3701: stop power rail pending_off timer
11-23 19:11:16.323  1011  1189 D ASH     : @ 109928.520: tcs3701: start power rail timer, state:3
11-23 19:11:16.363  1011  1189 I ASH     : @ 109928.560: tcs3701: stop power rail pending_off timer
11-23 19:11:16.363  1011  1189 D ASH     : @ 109928.560: tcs3701: start power rail timer, state:3
11-23 19:11:16.371  9398  9436 I BatteryMgr:DataCollectionService: stats => 1700763076371,12512,4447,9765,4169000,100
11-23 19:11:16.404  1011  1189 I ASH     : @ 109928.600: tcs3701: stop power rail pending_off timer
11-23 19:11:16.404  1011  1189 D ASH     : @ 109928.600: tcs3701: start power rail timer, state:3
11-23 19:11:16.422  1795  3807 D ActivityManager: freezer override set to true
11-23 19:11:16.427  1795  3807 D ActivityManager: freezer override set to false
11-23 19:11:16.443  1011  1189 I ASH     : @ 109928.640: tcs3701: stop power rail pending_off timer
11-23 19:11:16.443  1011  1189 D ASH     : @ 109928.640: tcs3701: start power rail timer, state:3
11-23 19:11:16.476  9398  9436 I BatteryMgr:DataCollectionService: stats => 1700763076476,12512,4447,9765,4169000,100
11-23 19:11:16.483  1011  1189 I ASH     : @ 109928.680: tcs3701: stop power rail pending_off timer
11-23 19:11:16.483  1011  1189 D ASH     : @ 109928.680: tcs3701: start power rail timer, state:3
11-23 19:11:16.523  1011  1189 I ASH     : @ 109928.720: tcs3701: stop power rail pending_off timer
11-23 19:11:16.523  1011  1189 D ASH     : @ 109928.720: tcs3701: start power rail timer, state:3
11-23 19:11:16.563  1011  1189 I ASH     : @ 109928.760: tcs3701: stop power rail pending_off timer
11-23 19:11:16.563  1011  1189 D ASH     : @ 109928.760: tcs3701: start power rail timer, state:3
11-23 19:11:16.574  1795  3807 D ActivityManager: freezer override set to true
11-23 19:11:16.581  9398  9436 I BatteryMgr:DataCollectionService: stats => 1700763076581,12512,4447,9765,4169000,100
11-23 19:11:16.603  1011  1189 I ASH     : @ 109928.800: tcs3701: stop power rail pending_off timer
11-23 19:11:16.604  1011  1189 D ASH     : @ 109928.800: tcs3701: start power rail timer, state:3
11-23 19:11:16.616  2113  2118 I pixel-thermal: skin-therm-monitor: 37.612
11-23 19:11:16.643  1011  1189 I ASH     : @ 109928.840: tcs3701: stop power rail pending_off timer
11-23 19:11:16.643  1011  1189 D ASH     : @ 109928.840: tcs3701: start power rail timer, state:3
11-23 19:11:16.657 17798 17811 I m.chrome.canary: Explicit concurrent copying GC freed 3840(209KB) AllocSpace objects, 4(80KB) LOS objects, 75% free, 11MB/47MB, paused 31us,25us total 47.391ms
11-23 19:11:16.683  1011  1189 I ASH     : @ 109928.880: tcs3701: stop power rail pending_off timer
11-23 19:11:16.683  1011  1189 D ASH     : @ 109928.880: tcs3701: start power rail timer, state:3
11-23 19:11:16.688  9398  9436 I BatteryMgr:DataCollectionService: stats => 1700763076688,12512,4447,9765,4169000,100
11-23 19:11:16.715  1795  3807 D ActivityManager: freezer override set to false
11-23 19:11:16.723  1011  1189 I ASH     : @ 109928.920: tcs3701: stop power rail pending_off timer
11-23 19:11:16.724  1011  1189 D ASH     : @ 109928.920: tcs3701: start power rail timer, state:3
11-23 19:11:16.763  1011  1189 I ASH     : @ 109928.960: tcs3701: stop power rail pending_off timer
11-23 19:11:16.763  1011  1189 D ASH     : @ 109928.960: tcs3701: start power rail timer, state:3
11-23 19:11:16.769  1795  3807 D ActivityManager: freezer override set to true
11-23 19:11:16.772  1795  3807 D ActivityManager: freezer override set to false
11-23 19:11:16.795  9398  9436 I BatteryMgr:DataCollectionService: stats => 1700763076795,12512,4447,9765,4169000,100
11-23 19:11:16.803  1011  1189 I ASH     : @ 109929.000: tcs3701: stop power rail pending_off timer
11-23 19:11:16.803  1011  1189 D ASH     : @ 109929.000: tcs3701: start power rail timer, state:3
11-23 19:11:16.843  1011  1189 I ASH     : @ 109929.040: tcs3701: stop power rail pending_off timer
11-23 19:11:16.843  1011  1189 D ASH     : @ 109929.040: tcs3701: start power rail timer, state:3
11-23 19:11:16.884  1011  1189 I ASH     : @ 109929.080: tcs3701: stop power rail pending_off timer
11-23 19:11:16.884  1011  1189 D ASH     : @ 109929.080: tcs3701: start power rail timer, state:3
11-23 19:11:16.905  9398  9436 I BatteryMgr:DataCollectionService: stats => 1700763076905,12512,4447,9765,4169000,100
11-23 19:11:16.923  1011  1189 I ASH     : @ 109929.120: tcs3701: stop power rail pending_off timer
11-23 19:11:16.923  1011  1189 D ASH     : @ 109929.120: tcs3701: start power rail timer, state:3
11-23 19:11:16.963  1011  1189 I ASH     : @ 109929.160: tcs3701: stop power rail pending_off timer
11-23 19:11:16.963  1011  1189 D ASH     : @ 109929.160: tcs3701: start power rail timer, state:3
11-23 19:11:17.003  1011  1189 I ASH     : @ 109929.200: tcs3701: stop power rail pending_off timer
11-23 19:11:17.003  1011  1189 D ASH     : @ 109929.200: tcs3701: start power rail timer, state:3
11-23 19:11:17.011  9398  9436 I BatteryMgr:DataCollectionService: stats => 1700763077010,12512,4447,9765,4169000,100
11-23 19:11:17.043  1011  1189 I ASH     : @ 109929.240: tcs3701: stop power rail pending_off timer
11-23 19:11:17.043  1011  1189 D ASH     : @ 109929.240: tcs3701: start power rail timer, state:3
11-23 19:11:17.083  1011  1189 I ASH     : @ 109929.280: tcs3701: stop power rail pending_off timer
11-23 19:11:17.083  1011  1189 D ASH     : @ 109929.280: tcs3701: start power rail timer, state:3
11-23 19:11:17.117  9398  9436 I BatteryMgr:DataCollectionService: stats => 1700763077116,12512,4447,9765,4169000,100
11-23 19:11:17.124  1011  1189 I ASH     : @ 109929.320: tcs3701: stop power rail pending_off timer
11-23 19:11:17.124  1011  1189 D ASH     : @ 109929.320: tcs3701: start power rail timer, state:3
11-23 19:11:17.163  1011  1189 I ASH     : @ 109929.360: tcs3701: stop power rail pending_off timer
11-23 19:11:17.163  1011  1189 D ASH     : @ 109929.360: tcs3701: start power rail timer, state:3
11-23 19:11:17.205  1011  1189 I ASH     : @ 109929.400: tcs3701: stop power rail pending_off timer
11-23 19:11:17.205  1011  1189 D ASH     : @ 109929.400: tcs3701: start power rail timer, state:3
11-23 19:11:17.223  9398  9436 I BatteryMgr:DataCollectionService: stats => 1700763077223,12512,4447,9765,4169000,100
11-23 19:11:17.243  1011  1189 I ASH     : @ 109929.440: tcs3701: stop power rail pending_off timer
11-23 19:11:17.243  1011  1189 D ASH     : @ 109929.440: tcs3701: start power rail timer, state:3
11-23 19:11:17.283  1011  1189 I ASH     : @ 109929.480: tcs3701: stop power rail pending_off timer
11-23 19:11:17.283  1011  1189 D ASH     : @ 109929.480: tcs3701: start power rail timer, state:3
11-23 19:11:17.323  1011  1189 I ASH     : @ 109929.520: tcs3701: stop power rail pending_off timer
11-23 19:11:17.323  1011  1189 D ASH     : @ 109929.520: tcs3701: start power rail timer, state:3
11-23 19:11:17.332  9398  9436 I BatteryMgr:DataCollectionService: stats => 1700763077331,12512,4447,9765,4169000,100
11-23 19:11:17.363  1011  1189 I ASH     : @ 109929.560: tcs3701: stop power rail pending_off timer
11-23 19:11:17.363  1011  1189 D ASH     : @ 109929.560: tcs3701: start power rail timer, state:3
11-23 19:11:17.403  1011  1189 I ASH     : @ 109929.600: tcs3701: stop power rail pending_off timer
11-23 19:11:17.404  1011  1189 D ASH     : @ 109929.600: tcs3701: start power rail timer, state:3
11-23 19:11:17.435  1795  4172 D ActivityManager: freezer override set to true
11-23 19:11:17.437  9398  9436 I BatteryMgr:DataCollectionService: stats => 1700763077437,12512,4447,9765,4169000,100
11-23 19:11:17.440  1795  4172 D ActivityManager: freezer override set to false
11-23 19:11:17.443  1011  1189 I ASH     : @ 109929.640: tcs3701: stop power rail pending_off timer
11-23 19:11:17.443  1011  1189 D ASH     : @ 109929.640: tcs3701: start power rail timer, state:3
11-23 19:11:17.484  1011  1189 I ASH     : @ 109929.680: tcs3701: stop power rail pending_off timer
11-23 19:11:17.484  1011  1189 D ASH     : @ 109929.680: tcs3701: start power rail timer, state:3
11-23 19:11:17.523  1011  1189 I ASH     : @ 109929.720: tcs3701: stop power rail pending_off timer
11-23 19:11:17.523  1011  1189 D ASH     : @ 109929.720: tcs3701: start power rail timer, state:3
11-23 19:11:17.545  9398  9436 I BatteryMgr:DataCollectionService: stats => 1700763077545,12512,4447,9765,4169000,100
11-23 19:11:17.563  1011  1189 I ASH     : @ 109929.760: tcs3701: stop power rail pending_off timer
11-23 19:11:17.563  1011  1189 D ASH     : @ 109929.760: tcs3701: start power rail timer, state:3
11-23 19:11:17.603  1011  1189 I ASH     : @ 109929.800: tcs3701: stop power rail pending_off timer
11-23 19:11:17.603  1011  1189 D ASH     : @ 109929.800: tcs3701: start power rail timer, state:3
11-23 19:11:17.643  1011  1189 I ASH     : @ 109929.840: tcs3701: stop power rail pending_off timer
11-23 19:11:17.644  1011  1189 D ASH     : @ 109929.840: tcs3701: start power rail timer, state:3
11-23 19:11:17.652  9398  9436 I BatteryMgr:DataCollectionService: stats => 1700763077652,12512,4447,9765,4169000,100
11-23 19:11:17.684  1011  1189 I ASH     : @ 109929.880: tcs3701: stop power rail pending_off timer
11-23 19:11:17.684  1011  1189 D ASH     : @ 109929.880: tcs3701: start power rail timer, state:3
11-23 19:11:17.724  1011  1189 I ASH     : @ 109929.920: tcs3701: stop power rail pending_off timer
11-23 19:11:17.724  1011  1189 D ASH     : @ 109929.920: tcs3701: start power rail timer, state:3
11-23 19:11:17.758  9398  9436 I BatteryMgr:DataCollectionService: stats => 1700763077757,12512,4447,9765,4169000,100
11-23 19:11:17.763  1011  1189 I ASH     : @ 109929.960: tcs3701: stop power rail pending_off timer
11-23 19:11:17.763  1011  1189 D ASH     : @ 109929.960: tcs3701: start power rail timer, state:3
11-23 19:11:17.803  1011  1189 I ASH     : @ 109930.000: tcs3701: stop power rail pending_off timer
11-23 19:11:17.804  1011  1189 D ASH     : @ 109930.000: tcs3701: start power rail timer, state:3
11-23 19:11:17.843  1011  1189 I ASH     : @ 109930.040: tcs3701: stop power rail pending_off timer
11-23 19:11:17.843  1011  1189 D ASH     : @ 109930.040: tcs3701: start power rail timer, state:3
11-23 19:11:17.863  9398  9436 I BatteryMgr:DataCollectionService: stats => 1700763077863,12512,4447,9765,4169000,100
11-23 19:11:17.884  1011  1189 I ASH     : @ 109930.080: tcs3701: stop power rail pending_off timer
11-23 19:11:17.884  1011  1189 D ASH     : @ 109930.080: tcs3701: start power rail timer, state:3
11-23 19:11:17.923  1011  1189 I ASH     : @ 109930.120: tcs3701: stop power rail pending_off timer
11-23 19:11:17.923  1011  1189 D ASH     : @ 109930.120: tcs3701: start power rail timer, state:3
11-23 19:11:17.936  1795  4172 D ActivityManager: freezer override set to true
11-23 19:11:17.964  1011  1189 I ASH     : @ 109930.160: tcs3701: stop power rail pending_off timer
11-23 19:11:17.964  1011  1189 D ASH     : @ 109930.160: tcs3701: start power rail timer, state:3
11-23 19:11:17.969  9398  9436 I BatteryMgr:DataCollectionService: stats => 1700763077969,12512,4447,9765,4169000,100
11-23 19:11:18.003  1011  1189 I ASH     : @ 109930.200: tcs3701: stop power rail pending_off timer
11-23 19:11:18.003  1011  1189 D ASH     : @ 109930.200: tcs3701: start power rail timer, state:3
11-23 19:11:18.024 17798 17811 I m.chrome.canary: Explicit concurrent copying GC freed 3591(176KB) AllocSpace objects, 3(60KB) LOS objects, 75% free, 11MB/47MB, paused 39us,69us total 52.274ms
11-23 19:11:18.043  1011  1189 I ASH     : @ 109930.240: tcs3701: stop power rail pending_off timer
11-23 19:11:18.043  1011  1189 D ASH     : @ 109930.240: tcs3701: start power rail timer, state:3
11-23 19:11:18.075  9398  9436 I BatteryMgr:DataCollectionService: stats => 1700763078075,12512,4447,9765,4169000,100
11-23 19:11:18.083  1011  1189 I ASH     : @ 109930.280: tcs3701: stop power rail pending_off timer
11-23 19:11:18.084  1011  1189 D ASH     : @ 109930.280: tcs3701: start power rail timer, state:3
11-23 19:11:18.086  1795  4172 D ActivityManager: freezer override set to false
11-23 19:11:18.123  1011  1189 I ASH     : @ 109930.320: tcs3701: stop power rail pending_off timer
11-23 19:11:18.123  1011  1189 D ASH     : @ 109930.320: tcs3701: start power rail timer, state:3
11-23 19:11:18.130  1795  4172 D ActivityManager: freezer override set to true
11-23 19:11:18.133  1795  4172 D ActivityManager: freezer override set to false
11-23 19:11:18.163  1011  1189 I ASH     : @ 109930.360: tcs3701: stop power rail pending_off timer
11-23 19:11:18.163  1011  1189 D ASH     : @ 109930.360: tcs3701: start power rail timer, state:3
11-23 19:11:18.182  9398  9436 I BatteryMgr:DataCollectionService: stats => 1700763078182,12512,4447,9765,4169000,100
11-23 19:11:18.203  1011  1189 I ASH     : @ 109930.400: tcs3701: stop power rail pending_off timer
11-23 19:11:18.203  1011  1189 D ASH     : @ 109930.400: tcs3701: start power rail timer, state:3
11-23 19:11:18.244  1011  1189 I ASH     : @ 109930.440: tcs3701: stop power rail pending_off timer
11-23 19:11:18.244  1011  1189 D ASH     : @ 109930.440: tcs3701: start power rail timer, state:3
11-23 19:11:18.284  1011  1189 I ASH     : @ 109930.480: tcs3701: stop power rail pending_off timer
11-23 19:11:18.284  1011  1189 D ASH     : @ 109930.480: tcs3701: start power rail timer, state:3
11-23 19:11:18.291  9398  9436 I BatteryMgr:DataCollectionService: stats => 1700763078291,12512,4447,9765,4169000,100
11-23 19:11:18.317  1795  2424 D WifiClientModeImpl[13802:wlan0]: updateLinkLayerStatsRssiSpeedFrequencyCapabilities rssi=-48 TxLinkspeed=780 freq=5240 RxLinkSpeed=866
11-23 19:11:18.319  1795  2424 D WifiDataStall: tx tput in kbps: 677320
11-23 19:11:18.319  1795  2424 D WifiDataStall: rx tput in kbps: 791578
11-23 19:11:18.319  1795  2424 V WifiConfigManager: Updating scan detail cache freq=5240 BSSID=f4:6d:2f:12:cc:88 RSSI=-47 for "ourhome"WPA_PSK
11-23 19:11:18.319  2782  5906 D QCNEJ/WlanStaInfoRelay: Received action: android.net.wifi.RSSI_CHANGED
11-23 19:11:18.319  1795  2424 D WifiChannelUtilization:  freq: 5240 onTime: 3230599 busyTime: 280410 onTimeDiff: 3230304 busyTimeDiff: 280393 utilization: 22 utilization t0: 22
11-23 19:11:18.319  1795  2424 D WifiDataStall:  ccaLevel = 22
11-23 19:11:18.319  1795  2424 D WifiDataStall: L2 txTputKbps: 677320, rxTputKbps: 791578, L3 txTputKbps: 0, rxTputKbps: 0, TxTrafficHigh: false, RxTrafficHigh: false, Throughput Sufficient: true
11-23 19:11:18.319  3213  3231 V WifiManager: OnWifiUsabilityStatsListener: onWifiUsabilityStats: seqNum=36278
11-23 19:11:18.320  1795  4172 I WifiService: updateWifiUsabilityScore uid=10180 seqNum=36278 score=100 predictionHorizonSec=1441795
11-23 19:11:18.320  1795  2424 D WifiScoreReport: Wifi scoring disabled - Don't check IP layer
11-23 19:11:18.321  1795  2424 D WifiScoreCard: BSSID update SIGNAL_POLL ID: 1320464697 SSID: "ourhome", BSSID: f4:6d:2f:12:cc:88, MAC: b2:2f:ec:da:4a:0c, IP: /192.168.1.104, Security type: 2, Supplicant state: COMPLETED, Wi-Fi standard: 5, RSSI: -48, Link speed: 780Mbps, Tx Link speed: 780Mbps, Max Supported Tx Link speed: 866Mbps, Rx Link speed: 866Mbps, Max Supported Rx Link speed: 866Mbps, Frequency: 5240MHz, Net ID: 12, Metered hint: false, score: 60, isUsable: true, CarrierMerged: false, SubscriptionId: -1, IsPrimary: 1, Trusted: true, Restricted: false, Ephemeral: false, OEM paid: false, OEM private: false, OSU AP: false, FQDN: <none>, Provider friendly name: <none>, Requesting package name: <none>"ourhome"wpa2-pskMLO Information: , Is TID-To-Link negotiation supported by the AP: false, AP MLD Address: <none>, AP MLO Link Id: <none>, AP MLO Affiliated links: <none>
11-23 19:11:18.321  1795  2424 D WifiScoreCard: txRate: 1 txSpeed: 780
11-23 19:11:18.321  1795  2424 D WifiScoreCard: network update SIGNAL_POLL "ourhome" ID: 1499892569 RSSI -48 txSpeed -1
11-23 19:11:18.321  1795  2424 D WifiClientModeImpl[13802:wlan0]:  ClientModeImpl$L2ConnectedState screen=on 23 0 "ourhome" f4:6d:2f:12:cc:88 rssi=-48 f=5240 sc=60 link=780 tx=0.1, 0.0, 0.0 rx=0.2 bcn=1054159 [on:0 tx:0 rx:0 period:3014] from screen [on:48793 period:1155258] score=60
11-23 19:11:18.321  1795  2424 D WifiScoreReport: Wifi scoring disabled - Notify that Wifi is usable
11-23 19:11:18.323  1011  1189 I ASH     : @ 109930.520: tcs3701: stop power rail pending_off timer
11-23 19:11:18.323  1011  1189 D ASH     : @ 109930.520: tcs3701: start power rail timer, state:3
11-23 19:11:18.325  1795  2432 D ConnectivityService: NetReassign [no changes] [c 1] [a 0] [i 2]
11-23 19:11:18.363  1011  1189 I ASH     : @ 109930.560: tcs3701: stop power rail pending_off timer
11-23 19:11:18.363  1011  1189 D ASH     : @ 109930.560: tcs3701: start power rail timer, state:3
11-23 19:11:18.397  9398  9436 I BatteryMgr:DataCollectionService: stats => 1700763078397,12512,4447,9765,4169000,100
11-23 19:11:18.403  1011  1189 I ASH     : @ 109930.600: tcs3701: stop power rail pending_off timer
11-23 19:11:18.403  1011  1189 D ASH     : @ 109930.600: tcs3701: start power rail timer, state:3
11-23 19:11:18.418  1039  1095 D rlsservice: MonitorDisplayStatus client num 0, display status 1, sensor status 0
11-23 19:11:18.436  1795  4172 D ActivityManager: freezer override set to true
11-23 19:11:18.440  1795  4172 D ActivityManager: freezer override set to false
11-23 19:11:18.443  1011  1189 I ASH     : @ 109930.640: tcs3701: stop power rail pending_off timer
11-23 19:11:18.443  1011  1189 D ASH     : @ 109930.640: tcs3701: start power rail timer, state:3
11-23 19:11:18.484  1011  1189 I ASH     : @ 109930.680: tcs3701: stop power rail pending_off timer
11-23 19:11:18.484  1011  1189 D ASH     : @ 109930.680: tcs3701: start power rail timer, state:3
11-23 19:11:18.505  9398  9436 I BatteryMgr:DataCollectionService: stats => 1700763078505,12512,4447,9765,4169000,100
11-23 19:11:18.523  1011  1189 I ASH     : @ 109930.720: tcs3701: stop power rail pending_off timer
11-23 19:11:18.523  1011  1189 D ASH     : @ 109930.720: tcs3701: start power rail timer, state:3
11-23 19:11:18.563  1011  1189 I ASH     : @ 109930.760: tcs3701: stop power rail pending_off timer
11-23 19:11:18.563  1011  1189 D ASH     : @ 109930.760: tcs3701: start power rail timer, state:3
11-23 19:11:18.603  1011  1189 I ASH     : @ 109930.800: tcs3701: stop power rail pending_off timer
11-23 19:11:18.603  1011  1189 D ASH     : @ 109930.800: tcs3701: start power rail timer, state:3
11-23 19:11:18.612  9398  9436 I BatteryMgr:DataCollectionService: stats => 1700763078612,12512,4447,9765,4169000,100
11-23 19:11:18.619  2113  2118 I pixel-thermal: skin-therm-monitor: 37.625
11-23 19:11:18.643  1011  1189 I ASH     : @ 109930.840: tcs3701: stop power rail pending_off timer
11-23 19:11:18.643  1011  1189 D ASH     : @ 109930.840: tcs3701: start power rail timer, state:3
11-23 19:11:18.683  1011  1189 I ASH     : @ 109930.880: tcs3701: stop power rail pending_off timer
11-23 19:11:18.683  1011  1189 D ASH     : @ 109930.880: tcs3701: start power rail timer, state:3
11-23 19:11:18.720  9398  9436 I BatteryMgr:DataCollectionService: stats => 1700763078720,12512,4447,9765,4169000,100
11-23 19:11:18.723  1011  1189 I ASH     : @ 109930.920: tcs3701: stop power rail pending_off timer
11-23 19:11:18.724  1011  1189 D ASH     : @ 109930.920: tcs3701: start power rail timer, state:3
11-23 19:11:18.764  1011  1189 I ASH     : @ 109930.960: tcs3701: stop power rail pending_off timer
11-23 19:11:18.764  1011  1189 D ASH     : @ 109930.960: tcs3701: start power rail timer, state:3
11-23 19:11:18.803  1011  1189 I ASH     : @ 109931.000: tcs3701: stop power rail pending_off timer
11-23 19:11:18.803  1011  1189 D ASH     : @ 109931.000: tcs3701: start power rail timer, state:3
11-23 19:11:18.828  9398  9436 I BatteryMgr:DataCollectionService: stats => 1700763078828,12512,4447,9765,4169000,100
11-23 19:11:18.843  1011  1189 I ASH     : @ 109931.040: tcs3701: stop power rail pending_off timer
11-23 19:11:18.843  1011  1189 D ASH     : @ 109931.040: tcs3701: start power rail timer, state:3
11-23 19:11:18.884  1011  1189 I ASH     : @ 109931.080: tcs3701: stop power rail pending_off timer
11-23 19:11:18.884  1011  1189 D ASH     : @ 109931.080: tcs3701: start power rail timer, state:3
11-23 19:11:18.923  1011  1189 I ASH     : @ 109931.120: tcs3701: stop power rail pending_off timer
11-23 19:11:18.923  1011  1189 D ASH     : @ 109931.120: tcs3701: start power rail timer, state:3
11-23 19:11:18.938  9398  9436 I BatteryMgr:DataCollectionService: stats => 1700763078938,12512,4447,9765,4169000,100
11-23 19:11:18.963  1011  1189 I ASH     : @ 109931.160: tcs3701: stop power rail pending_off timer
11-23 19:11:18.965  1011  1189 D ASH     : @ 109931.160: tcs3701: start power rail timer, state:3
11-23 19:11:19.005  1011  1189 I ASH     : @ 109931.200: tcs3701: stop power rail pending_off timer
11-23 19:11:19.005  1011  1189 D ASH     : @ 109931.200: tcs3701: start power rail timer, state:3
11-23 19:11:19.043  1011  1189 I ASH     : @ 109931.240: tcs3701: stop power rail pending_off timer
11-23 19:11:19.043  1011  1189 D ASH     : @ 109931.240: tcs3701: start power rail timer, state:3
11-23 19:11:19.047  9398  9436 I BatteryMgr:DataCollectionService: stats => 1700763079046,12512,4447,9765,4169000,100
11-23 19:11:19.083  1011  1189 I ASH     : @ 109931.280: tcs3701: stop power rail pending_off timer
11-23 19:11:19.083  1011  1189 D ASH     : @ 109931.280: tcs3701: start power rail timer, state:3
11-23 19:11:19.123  1011  1189 I ASH     : @ 109931.320: tcs3701: stop power rail pending_off timer
11-23 19:11:19.123  1011  1189 D ASH     : @ 109931.320: tcs3701: start power rail timer, state:3
11-23 19:11:19.153  9398  9436 I BatteryMgr:DataCollectionService: stats => 1700763079152,12512,4447,9765,4169000,100
11-23 19:11:19.164  1011  1189 I ASH     : @ 109931.360: tcs3701: stop power rail pending_off timer
11-23 19:11:19.164  1011  1189 D ASH     : @ 109931.360: tcs3701: start power rail timer, state:3
11-23 19:11:19.203  1011  1189 I ASH     : @ 109931.400: tcs3701: stop power rail pending_off timer
11-23 19:11:19.203  1011  1189 D ASH     : @ 109931.400: tcs3701: start power rail timer, state:3
11-23 19:11:19.243  1011  1189 I ASH     : @ 109931.440: tcs3701: stop power rail pending_off timer
11-23 19:11:19.243  1011  1189 D ASH     : @ 109931.440: tcs3701: start power rail timer, state:3
11-23 19:11:19.260  9398  9436 I BatteryMgr:DataCollectionService: stats => 1700763079260,12512,4447,9765,4169000,100
11-23 19:11:19.284  1011  1189 I ASH     : @ 109931.480: tcs3701: stop power rail pending_off timer
11-23 19:11:19.284  1011  1189 D ASH     : @ 109931.480: tcs3701: start power rail timer, state:3
11-23 19:11:19.294  1795  4172 D ActivityManager: freezer override set to true
11-23 19:11:19.323  1011  1189 I ASH     : @ 109931.520: tcs3701: stop power rail pending_off timer
11-23 19:11:19.323  1011  1189 D ASH     : @ 109931.520: tcs3701: start power rail timer, state:3
11-23 19:11:19.363  1011  1189 I ASH     : @ 109931.560: tcs3701: stop power rail pending_off timer
11-23 19:11:19.363  1011  1189 D ASH     : @ 109931.560: tcs3701: start power rail timer, state:3
11-23 19:11:19.365  9398  9436 I BatteryMgr:DataCollectionService: stats => 1700763079365,12512,4447,9765,4169000,100
11-23 19:11:19.403  1011  1189 I ASH     : @ 109931.600: tcs3701: stop power rail pending_off timer
11-23 19:11:19.403  1011  1189 D ASH     : @ 109931.600: tcs3701: start power rail timer, state:3
11-23 19:11:19.417 17798 17811 I m.chrome.canary: Explicit concurrent copying GC freed 3575(176KB) AllocSpace objects, 3(60KB) LOS objects, 75% free, 11MB/47MB, paused 50us,21us total 42.646ms
11-23 19:11:19.444  1011  1189 I ASH     : @ 109931.640: tcs3701: stop power rail pending_off timer
11-23 19:11:19.444  1011  1189 D ASH     : @ 109931.640: tcs3701: start power rail timer, state:3
