11-23 19:13:58.603  1011  1189 I ASH     : @ 110090.800: tcs3701: stop power rail pending_off timer
11-23 19:13:58.603  1011  1189 D ASH     : @ 110090.800: tcs3701: start power rail timer, state:3
11-23 19:13:58.611  1795  4157 D ActivityManager: freezer override set to false
11-23 19:13:58.643  1011  1189 I ASH     : @ 110090.840: tcs3701: stop power rail pending_off timer
11-23 19:13:58.644  1011  1189 D ASH     : @ 110090.840: tcs3701: start power rail timer, state:3
11-23 19:13:58.660  1795  4157 D ActivityManager: freezer override set to true
11-23 19:13:58.662  1795  4157 D ActivityManager: freezer override set to false
11-23 19:13:58.671  9398  9433 I BatteryMgr:DataCollectionService: stats => 1700763238671,14038,4447,9765,4169000,100
11-23 19:13:58.684  1011  1189 I ASH     : @ 110090.880: tcs3701: stop power rail pending_off timer
11-23 19:13:58.684  1011  1189 D ASH     : @ 110090.880: tcs3701: start power rail timer, state:3
11-23 19:13:58.724  1011  1189 I ASH     : @ 110090.920: tcs3701: stop power rail pending_off timer
11-23 19:13:58.724  1011  1189 D ASH     : @ 110090.920: tcs3701: start power rail timer, state:3
11-23 19:13:58.733  1795  4157 D ActivityManager: freezer override set to true
11-23 19:13:58.738  1795  4157 D ActivityManager: freezer override set to false
11-23 19:13:58.763  1011  1189 I ASH     : @ 110090.960: tcs3701: stop power rail pending_off timer
11-23 19:13:58.763  1011  1189 D ASH     : @ 110090.960: tcs3701: start power rail timer, state:3
11-23 19:13:58.780  9398  9433 I BatteryMgr:DataCollectionService: stats => 1700763238780,14038,4447,9765,4169000,100
11-23 19:13:58.804  1011  1189 I ASH     : @ 110091.000: tcs3701: stop power rail pending_off timer
11-23 19:13:58.804  1011  1189 D ASH     : @ 110091.000: tcs3701: start power rail timer, state:3
11-23 19:13:58.843  1011  1189 I ASH     : @ 110091.040: tcs3701: stop power rail pending_off timer
11-23 19:13:58.844  1011  1189 D ASH     : @ 110091.040: tcs3701: start power rail timer, state:3
11-23 19:13:58.884  1011  1189 I ASH     : @ 110091.080: tcs3701: stop power rail pending_off timer
11-23 19:13:58.884  1011  1189 D ASH     : @ 110091.080: tcs3701: start power rail timer, state:3
11-23 19:13:58.887  9398  9433 I BatteryMgr:DataCollectionService: stats => 1700763238887,14038,4447,9765,4169000,100
11-23 19:13:58.923  1011  1189 I ASH     : @ 110091.120: tcs3701: stop power rail pending_off timer
11-23 19:13:58.923  1011  1189 D ASH     : @ 110091.120: tcs3701: start power rail timer, state:3
11-23 19:13:58.963  1011  1189 I ASH     : @ 110091.160: tcs3701: stop power rail pending_off timer
11-23 19:13:58.963  1011  1189 D ASH     : @ 110091.160: tcs3701: start power rail timer, state:3
11-23 19:13:58.995  9398  9433 I BatteryMgr:DataCollectionService: stats => 1700763238994,14038,4447,9765,4169000,100
11-23 19:13:59.003  1011  1189 I ASH     : @ 110091.200: tcs3701: stop power rail pending_off timer
11-23 19:13:59.003  1011  1189 D ASH     : @ 110091.200: tcs3701: start power rail timer, state:3
11-23 19:13:59.043  1011  1189 I ASH     : @ 110091.240: tcs3701: stop power rail pending_off timer
11-23 19:13:59.044  1011  1189 D ASH     : @ 110091.240: tcs3701: start power rail timer, state:3
11-23 19:13:59.083  1011  1189 I ASH     : @ 110091.280: tcs3701: stop power rail pending_off timer
11-23 19:13:59.083  1011  1189 D ASH     : @ 110091.280: tcs3701: start power rail timer, state:3
11-23 19:13:59.104  9398  9433 I BatteryMgr:DataCollectionService: stats => 1700763239104,14038,4447,9765,4169000,100
11-23 19:13:59.123  1011  1189 I ASH     : @ 110091.320: tcs3701: stop power rail pending_off timer
11-23 19:13:59.123  1011  1189 D ASH     : @ 110091.320: tcs3701: start power rail timer, state:3
11-23 19:13:59.163  1011  1189 I ASH     : @ 110091.360: tcs3701: stop power rail pending_off timer
11-23 19:13:59.163  1011  1189 D ASH     : @ 110091.360: tcs3701: start power rail timer, state:3
11-23 19:13:59.203  1011  1189 I ASH     : @ 110091.400: tcs3701: stop power rail pending_off timer
11-23 19:13:59.203  1011  1189 D ASH     : @ 110091.400: tcs3701: start power rail timer, state:3
11-23 19:13:59.213  9398  9433 I BatteryMgr:DataCollectionService: stats => 1700763239213,14038,4447,9765,4169000,100
11-23 19:13:59.243  1011  1189 I ASH     : @ 110091.440: tcs3701: stop power rail pending_off timer
11-23 19:13:59.243  1011  1189 D ASH     : @ 110091.440: tcs3701: start power rail timer, state:3
11-23 19:13:59.283  1011  1189 I ASH     : @ 110091.480: tcs3701: stop power rail pending_off timer
11-23 19:13:59.283  1011  1189 D ASH     : @ 110091.480: tcs3701: start power rail timer, state:3
11-23 19:13:59.323  1011  1189 I ASH     : @ 110091.520: tcs3701: stop power rail pending_off timer
11-23 19:13:59.323  1011  1189 D ASH     : @ 110091.520: tcs3701: start power rail timer, state:3
11-23 19:13:59.324  9398  9433 I BatteryMgr:DataCollectionService: stats => 1700763239324,14038,4447,9765,4169000,100
11-23 19:13:59.363  1011  1189 I ASH     : @ 110091.560: tcs3701: stop power rail pending_off timer
11-23 19:13:59.363  1011  1189 D ASH     : @ 110091.560: tcs3701: start power rail timer, state:3
11-23 19:13:59.404  1011  1189 I ASH     : @ 110091.600: tcs3701: stop power rail pending_off timer
11-23 19:13:59.404  1011  1189 D ASH     : @ 110091.600: tcs3701: start power rail timer, state:3
11-23 19:13:59.431  9398  9433 I BatteryMgr:DataCollectionService: stats => 1700763239431,14038,4447,9765,4169000,100
11-23 19:13:59.443  1011  1189 I ASH     : @ 110091.640: tcs3701: stop power rail pending_off timer
11-23 19:13:59.443  1011  1189 D ASH     : @ 110091.640: tcs3701: start power rail timer, state:3
11-23 19:13:59.483  1011  1189 I ASH     : @ 110091.680: tcs3701: stop power rail pending_off timer
11-23 19:13:59.483  1011  1189 D ASH     : @ 110091.680: tcs3701: start power rail timer, state:3
11-23 19:13:59.523  1011  1189 I ASH     : @ 110091.720: tcs3701: stop power rail pending_off timer
11-23 19:13:59.523  1011  1189 D ASH     : @ 110091.720: tcs3701: start power rail timer, state:3
11-23 19:13:59.537  9398  9433 I BatteryMgr:DataCollectionService: stats => 1700763239537,14038,4447,9765,4169000,100
11-23 19:13:59.564  1011  1189 I ASH     : @ 110091.760: tcs3701: stop power rail pending_off timer
11-23 19:13:59.564  1011  1189 D ASH     : @ 110091.760: tcs3701: start power rail timer, state:3
11-23 19:13:59.603  1011  1189 I ASH     : @ 110091.800: tcs3701: stop power rail pending_off timer
11-23 19:13:59.603  1011  1189 D ASH     : @ 110091.800: tcs3701: start power rail timer, state:3
11-23 19:13:59.643  1011  1189 I ASH     : @ 110091.840: tcs3701: stop power rail pending_off timer
11-23 19:13:59.643  1011  1189 D ASH     : @ 110091.840: tcs3701: start power rail timer, state:3
11-23 19:13:59.647  9398  9433 I BatteryMgr:DataCollectionService: stats => 1700763239647,14038,4447,9765,4169000,100
11-23 19:13:59.683  1011  1189 I ASH     : @ 110091.880: tcs3701: stop power rail pending_off timer
11-23 19:13:59.683  1011  1189 D ASH     : @ 110091.880: tcs3701: start power rail timer, state:3
11-23 19:13:59.724  1011  1189 I ASH     : @ 110091.920: tcs3701: stop power rail pending_off timer
11-23 19:13:59.724  1011  1189 D ASH     : @ 110091.920: tcs3701: start power rail timer, state:3
11-23 19:13:59.758  9398  9433 I BatteryMgr:DataCollectionService: stats => 1700763239758,14038,4447,9765,4169000,100
11-23 19:13:59.763  1011  1189 I ASH     : @ 110091.960: tcs3701: stop power rail pending_off timer
11-23 19:13:59.764  1011  1189 D ASH     : @ 110091.960: tcs3701: start power rail timer, state:3
11-23 19:13:59.764  1795  4157 D ActivityManager: freezer override set to true
11-23 19:13:59.768  1795  4157 D ActivityManager: freezer override set to false
11-23 19:13:59.803  1011  1189 I ASH     : @ 110092.000: tcs3701: stop power rail pending_off timer
11-23 19:13:59.804  1011  1189 D ASH     : @ 110092.000: tcs3701: start power rail timer, state:3
11-23 19:13:59.835  1795  4157 D ActivityManager: freezer override set to true
11-23 19:13:59.843  1011  1189 I ASH     : @ 110092.040: tcs3701: stop power rail pending_off timer
11-23 19:13:59.843  1011  1189 D ASH     : @ 110092.040: tcs3701: start power rail timer, state:3
11-23 19:13:59.864  9398  9433 I BatteryMgr:DataCollectionService: stats => 1700763239864,14038,4447,9765,4169000,100
11-23 19:13:59.883  1011  1189 I ASH     : @ 110092.080: tcs3701: stop power rail pending_off timer
11-23 19:13:59.883  1011  1189 D ASH     : @ 110092.080: tcs3701: start power rail timer, state:3
11-23 19:13:59.924  1011  1189 I ASH     : @ 110092.120: tcs3701: stop power rail pending_off timer
11-23 19:13:59.924  1011  1189 D ASH     : @ 110092.120: tcs3701: start power rail timer, state:3
11-23 19:13:59.925 20989 21231 I m.chrome.canary: Explicit concurrent copying GC freed 3801(191KB) AllocSpace objects, 4(80KB) LOS objects, 75% free, 12MB/48MB, paused 30us,23us total 53.005ms
11-23 19:13:59.964  1011  1189 I ASH     : @ 110092.160: tcs3701: stop power rail pending_off timer
11-23 19:13:59.964  1011  1189 D ASH     : @ 110092.160: tcs3701: start power rail timer, state:3
11-23 19:13:59.971  9398  9433 I BatteryMgr:DataCollectionService: stats => 1700763239971,14038,4447,9765,4169000,100
11-23 19:13:59.984  1795  4157 D ActivityManager: freezer override set to false
11-23 19:14:00.003  3579  3877 I AiAiEcho: (REDACTED) Predicting[%d]: %s
11-23 19:14:00.004  1011  1189 I ASH     : @ 110092.200: tcs3701: stop power rail pending_off timer
11-23 19:14:00.004  1011  1189 D ASH     : @ 110092.200: tcs3701: start power rail timer, state:3
11-23 19:14:00.005  3579  3877 I AiAiEcho: (REDACTED) EchoTargets: %s
11-23 19:14:00.005  3579  3877 I AiAiEcho: Filtered by AiAi flag check: %s
11-23 19:14:00.006  3579  3877 I AiAiEcho: (REDACTED) Ranked targets strategy: %s, count: %d, ranking metadata: %s
11-23 19:14:00.006  3579  3877 I AiAiEcho: (REDACTED) #weatherTwiddler: Weather removes SubtitleSupplementalItem in surface: %s
11-23 19:14:00.007  3579  3877 I AiAiEcho: (REDACTED) Predicting[%d]: %s
11-23 19:14:00.009  3579  3877 I AiAiEcho: (REDACTED) EchoTargets: %s
11-23 19:14:00.009  3579  3877 I AiAiEcho: Filtered by AiAi flag check: %s
11-23 19:14:00.010  3579  3877 I AiAiEcho: (REDACTED) Ranked targets strategy: %s, count: %d, ranking metadata: %s
11-23 19:14:00.011  3579  3877 I AiAiEcho: (REDACTED) #weatherTwiddler: Weather removes SubtitleSupplementalItem in surface: %s
11-23 19:14:00.014  3579  3877 I AiAiEcho: (REDACTED) #postPredictionTargets: Sending updates to UISurface %s with targets# %s (types=[%s])
11-23 19:14:00.018  3579  3877 I AiAiEcho: (REDACTED) #postPredictionTargets: Sending updates to UISurface %s with targets# %s (types=[%s])
11-23 19:14:00.020  2940  2940 D SsBaseTemplateCard: No text view can be set up
11-23 19:14:00.021  2940  2940 D SsBaseTemplateCard: Passed-in item info is null
11-23 19:14:00.021  2940  2940 D SsBaseTemplateCard: Passed-in item info is null
11-23 19:14:00.021  2940  2940 I SsBaseTemplateCard: Secondary card pane is null
11-23 19:14:00.022  2513  2513 D SsBaseTemplateCard: No text view can be set up
11-23 19:14:00.022  2513  2513 D SsBaseTemplateCard: Passed-in item info is null
11-23 19:14:00.022  2513  2513 D SsBaseTemplateCard: Passed-in item info is null
11-23 19:14:00.022  2513  2513 I SsBaseTemplateCard: Secondary card pane is null
11-23 19:14:00.023  3579  3877 I AiAiEcho: (REDACTED) Predicting[%d]: %s
11-23 19:14:00.024  3579  3877 I AiAiEcho: (REDACTED) EchoTargets: %s
11-23 19:14:00.024  3579  3877 I AiAiEcho: Filtered by AiAi flag check: %s
11-23 19:14:00.025  3579  3877 I AiAiEcho: (REDACTED) Ranked targets strategy: %s, count: %d, ranking metadata: %s
11-23 19:14:00.026  3579  3877 I AiAiEcho: (REDACTED) #weatherTwiddler: Weather removes SubtitleSupplementalItem in surface: %s
11-23 19:14:00.026  3579  3877 I AiAiEcho: (REDACTED) Predicting[%d]: %s
11-23 19:14:00.028  3579  3877 I AiAiEcho: (REDACTED) EchoTargets: %s
11-23 19:14:00.028  3579  3877 I AiAiEcho: Filtered by AiAi flag check: %s
11-23 19:14:00.029  3579  3877 I AiAiEcho: (REDACTED) Ranked targets strategy: %s, count: %d, ranking metadata: %s
11-23 19:14:00.029  3579  3877 I AiAiEcho: (REDACTED) #weatherTwiddler: Weather removes SubtitleSupplementalItem in surface: %s
11-23 19:14:00.034  3579  3877 I AiAiEcho: (REDACTED) #postPredictionTargets: Sending updates to UISurface %s with targets# %s (types=[%s])
11-23 19:14:00.035  1795  4157 D ActivityManager: freezer override set to true
11-23 19:14:00.036  2513  2513 D SsBaseTemplateCard: No text view can be set up
11-23 19:14:00.036  2513  2513 D SsBaseTemplateCard: Passed-in item info is null
11-23 19:14:00.036  2513  2513 D SsBaseTemplateCard: Passed-in item info is null
11-23 19:14:00.036  2513  2513 I SsBaseTemplateCard: Secondary card pane is null
11-23 19:14:00.038  3579  3877 I AiAiEcho: (REDACTED) #postPredictionTargets: Sending updates to UISurface %s with targets# %s (types=[%s])
11-23 19:14:00.038  1795  4157 D ActivityManager: freezer override set to false
11-23 19:14:00.039  2940  2940 D SsBaseTemplateCard: No text view can be set up
11-23 19:14:00.040  2940  2940 D SsBaseTemplateCard: Passed-in item info is null
11-23 19:14:00.040  2940  2940 D SsBaseTemplateCard: Passed-in item info is null
11-23 19:14:00.040  2940  2940 I SsBaseTemplateCard: Secondary card pane is null
11-23 19:14:00.043  1011  1189 I ASH     : @ 110092.240: tcs3701: stop power rail pending_off timer
11-23 19:14:00.043  1011  1189 D ASH     : @ 110092.240: tcs3701: start power rail timer, state:3
11-23 19:14:00.080  9398  9433 I BatteryMgr:DataCollectionService: stats => 1700763240080,14038,4447,9765,4169000,100
11-23 19:14:00.083  1011  1189 I ASH     : @ 110092.280: tcs3701: stop power rail pending_off timer
11-23 19:14:00.084  1011  1189 D ASH     : @ 110092.280: tcs3701: start power rail timer, state:3
11-23 19:14:00.123  1011  1189 I ASH     : @ 110092.320: tcs3701: stop power rail pending_off timer
11-23 19:14:00.123  1011  1189 D ASH     : @ 110092.320: tcs3701: start power rail timer, state:3
11-23 19:14:00.163  1011  1189 I ASH     : @ 110092.360: tcs3701: stop power rail pending_off timer
11-23 19:14:00.163  1011  1189 D ASH     : @ 110092.360: tcs3701: start power rail timer, state:3
11-23 19:14:00.189  9398  9433 I BatteryMgr:DataCollectionService: stats => 1700763240188,14038,4447,9765,4169000,100
11-23 19:14:00.203  1011  1189 I ASH     : @ 110092.400: tcs3701: stop power rail pending_off timer
11-23 19:14:00.203  1011  1189 D ASH     : @ 110092.400: tcs3701: start power rail timer, state:3
11-23 19:14:00.243  1011  1189 I ASH     : @ 110092.440: tcs3701: stop power rail pending_off timer
11-23 19:14:00.243  1011  1189 D ASH     : @ 110092.440: tcs3701: start power rail timer, state:3
11-23 19:14:00.283  1011  1189 I ASH     : @ 110092.480: tcs3701: stop power rail pending_off timer
11-23 19:14:00.284  1011  1189 D ASH     : @ 110092.480: tcs3701: start power rail timer, state:3
11-23 19:14:00.295  9398  9433 I BatteryMgr:DataCollectionService: stats => 1700763240295,14038,4447,9765,4169000,100
11-23 19:14:00.323  1011  1189 I ASH     : @ 110092.520: tcs3701: stop power rail pending_off timer
11-23 19:14:00.323  1011  1189 D ASH     : @ 110092.520: tcs3701: start power rail timer, state:3
11-23 19:14:00.364  1011  1189 I ASH     : @ 110092.560: tcs3701: stop power rail pending_off timer
11-23 19:14:00.364  1011  1189 D ASH     : @ 110092.560: tcs3701: start power rail timer, state:3
11-23 19:14:00.403  1011  1189 I ASH     : @ 110092.600: tcs3701: stop power rail pending_off timer
11-23 19:14:00.403  1011  1189 D ASH     : @ 110092.600: tcs3701: start power rail timer, state:3
11-23 19:14:00.404  9398  9433 I BatteryMgr:DataCollectionService: stats => 1700763240404,14038,4447,9765,4169000,100
11-23 19:14:00.412  2113  2118 I pixel-thermal: skin-therm-monitor: 38.011
11-23 19:14:00.444  1011  1189 I ASH     : @ 110092.640: tcs3701: stop power rail pending_off timer
11-23 19:14:00.444  1011  1189 D ASH     : @ 110092.640: tcs3701: start power rail timer, state:3
11-23 19:14:00.484  1011  1189 I ASH     : @ 110092.680: tcs3701: stop power rail pending_off timer
11-23 19:14:00.484  1011  1189 D ASH     : @ 110092.680: tcs3701: start power rail timer, state:3
11-23 19:14:00.512  9398  9433 I BatteryMgr:DataCollectionService: stats => 1700763240511,14038,4447,9765,4169000,100
11-23 19:14:00.523  1011  1189 I ASH     : @ 110092.720: tcs3701: stop power rail pending_off timer
11-23 19:14:00.524  1011  1189 D ASH     : @ 110092.720: tcs3701: start power rail timer, state:3
11-23 19:14:00.563  1011  1189 I ASH     : @ 110092.760: tcs3701: stop power rail pending_off timer
11-23 19:14:00.563  1011  1189 D ASH     : @ 110092.760: tcs3701: start power rail timer, state:3
11-23 19:14:00.604  1011  1189 I ASH     : @ 110092.800: tcs3701: stop power rail pending_off timer
11-23 19:14:00.604  1011  1189 D ASH     : @ 110092.800: tcs3701: start power rail timer, state:3
11-23 19:14:00.619  9398  9433 I BatteryMgr:DataCollectionService: stats => 1700763240619,14038,4447,9765,4169000,100
11-23 19:14:00.644  1011  1189 I ASH     : @ 110092.840: tcs3701: stop power rail pending_off timer
11-23 19:14:00.644  1011  1189 D ASH     : @ 110092.840: tcs3701: start power rail timer, state:3
11-23 19:14:00.683  1011  1189 I ASH     : @ 110092.880: tcs3701: stop power rail pending_off timer
11-23 19:14:00.683  1011  1189 D ASH     : @ 110092.880: tcs3701: start power rail timer, state:3
11-23 19:14:00.723  1011  1189 I ASH     : @ 110092.920: tcs3701: stop power rail pending_off timer
11-23 19:14:00.723  1011  1189 D ASH     : @ 110092.920: tcs3701: start power rail timer, state:3
11-23 19:14:00.724  9398  9433 I BatteryMgr:DataCollectionService: stats => 1700763240724,14038,4447,9765,4169000,100
11-23 19:14:00.737  1795  4157 D ActivityManager: freezer override set to true
11-23 19:14:00.743  1795  4157 D ActivityManager: freezer override set to false
11-23 19:14:00.763  1011  1189 I ASH     : @ 110092.960: tcs3701: stop power rail pending_off timer
11-23 19:14:00.763  1011  1189 D ASH     : @ 110092.960: tcs3701: start power rail timer, state:3
11-23 19:14:00.803  1011  1189 I ASH     : @ 110093.000: tcs3701: stop power rail pending_off timer
11-23 19:14:00.803  1011  1189 D ASH     : @ 110093.000: tcs3701: start power rail timer, state:3
11-23 19:14:00.831  9398  9433 I BatteryMgr:DataCollectionService: stats => 1700763240831,14038,4447,9765,4169000,100
11-23 19:14:00.843  1011  1189 I ASH     : @ 110093.040: tcs3701: stop power rail pending_off timer
11-23 19:14:00.844  1011  1189 D ASH     : @ 110093.040: tcs3701: start power rail timer, state:3
11-23 19:14:00.883  1011  1189 I ASH     : @ 110093.080: tcs3701: stop power rail pending_off timer
11-23 19:14:00.883  1011  1189 D ASH     : @ 110093.080: tcs3701: start power rail timer, state:3
11-23 19:14:00.923  1011  1189 I ASH     : @ 110093.120: tcs3701: stop power rail pending_off timer
11-23 19:14:00.923  1011  1189 D ASH     : @ 110093.120: tcs3701: start power rail timer, state:3
11-23 19:14:00.939  9398  9433 I BatteryMgr:DataCollectionService: stats => 1700763240939,14038,4447,9765,4169000,100
11-23 19:14:00.963  1011  1189 I ASH     : @ 110093.160: tcs3701: stop power rail pending_off timer
11-23 19:14:00.963  1011  1189 D ASH     : @ 110093.160: tcs3701: start power rail timer, state:3
11-23 19:14:01.003  1011  1189 I ASH     : @ 110093.200: tcs3701: stop power rail pending_off timer
11-23 19:14:01.003  1011  1189 D ASH     : @ 110093.200: tcs3701: start power rail timer, state:3
11-23 19:14:01.043  1011  1189 I ASH     : @ 110093.240: tcs3701: stop power rail pending_off timer
11-23 19:14:01.043  1011  1189 D ASH     : @ 110093.240: tcs3701: start power rail timer, state:3
11-23 19:14:01.046  9398  9433 I BatteryMgr:DataCollectionService: stats => 1700763241046,14038,4447,9765,4169000,100
11-23 19:14:01.083  1011  1189 I ASH     : @ 110093.280: tcs3701: stop power rail pending_off timer
11-23 19:14:01.083  1011  1189 D ASH     : @ 110093.280: tcs3701: start power rail timer, state:3
11-23 19:14:01.123  1011  1189 I ASH     : @ 110093.320: tcs3701: stop power rail pending_off timer
11-23 19:14:01.123  1011  1189 D ASH     : @ 110093.320: tcs3701: start power rail timer, state:3
11-23 19:14:01.154  9398  9433 I BatteryMgr:DataCollectionService: stats => 1700763241154,14038,4447,9765,4169000,100
11-23 19:14:01.163  1011  1189 I ASH     : @ 110093.360: tcs3701: stop power rail pending_off timer
11-23 19:14:01.164  1011  1189 D ASH     : @ 110093.360: tcs3701: start power rail timer, state:3
11-23 19:14:01.164  1795  2424 D WifiClientModeImpl[13802:wlan0]: updateLinkLayerStatsRssiSpeedFrequencyCapabilities rssi=-48 TxLinkspeed=866 freq=5240 RxLinkSpeed=6
11-23 19:14:01.165  1795  2424 D WifiDataStall: tx tput in kbps: 751999
11-23 19:14:01.165  1795  2424 D WifiDataStall: rx tput in kbps: 791578
11-23 19:14:01.165  1795  2424 V WifiConfigManager: Updating scan detail cache freq=5240 BSSID=f4:6d:2f:12:cc:88 RSSI=-47 for "ourhome"WPA_PSK
11-23 19:14:01.165  1795  2424 D WifiChannelUtilization:  freq: 5240 onTime: 3236863 busyTime: 282077 onTimeDiff: 3236568 busyTimeDiff: 282060 utilization: 22 utilization t0: 22
11-23 19:14:01.166  1795  2424 D WifiDataStall:  ccaLevel = 22
11-23 19:14:01.166  1795  2424 D WifiDataStall: L2 txTputKbps: 751999, rxTputKbps: 791578, L3 txTputKbps: 0, rxTputKbps: 0, TxTrafficHigh: false, RxTrafficHigh: false, Throughput Sufficient: true
11-23 19:14:01.166  3213  3231 V WifiManager: OnWifiUsabilityStatsListener: onWifiUsabilityStats: seqNum=36332
11-23 19:14:01.166  1795  4157 I WifiService: updateWifiUsabilityScore uid=10180 seqNum=36332 score=100 predictionHorizonSec=1441795
11-23 19:14:01.166  1795  2424 D WifiScoreReport: Wifi scoring disabled - Don't check IP layer
11-23 19:14:01.167  1795  2424 D WifiScoreCard: BSSID update SIGNAL_POLL ID: 1320464697 SSID: "ourhome", BSSID: f4:6d:2f:12:cc:88, MAC: b2:2f:ec:da:4a:0c, IP: /192.168.1.104, Security type: 2, Supplicant state: COMPLETED, Wi-Fi standard: 5, RSSI: -48, Link speed: 866Mbps, Tx Link speed: 866Mbps, Max Supported Tx Link speed: 866Mbps, Rx Link speed: 6Mbps, Max Supported Rx Link speed: 866Mbps, Frequency: 5240MHz, Net ID: 12, Metered hint: false, score: 60, isUsable: true, CarrierMerged: false, SubscriptionId: -1, IsPrimary: 1, Trusted: true, Restricted: false, Ephemeral: false, OEM paid: false, OEM private: false, OSU AP: false, FQDN: <none>, Provider friendly name: <none>, Requesting package name: <none>"ourhome"wpa2-pskMLO Information: , Is TID-To-Link negotiation supported by the AP: false, AP MLD Address: <none>, AP MLO Link Id: <none>, AP MLO Affiliated links: <none>
11-23 19:14:01.167  1795  2424 D WifiScoreCard: txRate: 1 txSpeed: 866
11-23 19:14:01.167  1795  2424 D WifiScoreCard: network update SIGNAL_POLL "ourhome" ID: 1499892569 RSSI -48 txSpeed -1
11-23 19:14:01.167  2513  8309 V WifiManager: TrafficStateCallbackProxy: onStateChanged state=3
11-23 19:14:01.167  1795  2424 D WifiClientModeImpl[13802:wlan0]:  ClientModeImpl$L2ConnectedState screen=on 23 0 "ourhome" f4:6d:2f:12:cc:88 rssi=-48 f=5240 sc=60 link=866 tx=0.2, 0.0, 0.0 rx=0.2 bcn=1055726 [on:231 tx:1 rx:2 period:3013] from screen [on:55057 period:1318104] score=60
11-23 19:14:01.167  1795  2424 D WifiScoreReport: Wifi scoring disabled - Notify that Wifi is usable
11-23 19:14:01.170  1795  2432 D ConnectivityService: NetReassign [no changes] [c 0] [a 1] [i 1]
11-23 19:14:01.203  1795  4168 D ActivityManager: freezer override set to true
11-23 19:14:01.203  1011  1189 I ASH     : @ 110093.400: tcs3701: stop power rail pending_off timer
11-23 19:14:01.203  1011  1189 D ASH     : @ 110093.400: tcs3701: start power rail timer, state:3
11-23 19:14:01.243  1011  1189 I ASH     : @ 110093.440: tcs3701: stop power rail pending_off timer
11-23 19:14:01.244  1011  1189 D ASH     : @ 110093.440: tcs3701: start power rail timer, state:3
11-23 19:14:01.261  9398  9433 I BatteryMgr:DataCollectionService: stats => 1700763241261,14038,4447,9765,4169000,100
11-23 19:14:01.283  1011  1189 I ASH     : @ 110093.480: tcs3701: stop power rail pending_off timer
11-23 19:14:01.283  1011  1189 D ASH     : @ 110093.480: tcs3701: start power rail timer, state:3
11-23 19:14:01.323  1011  1189 I ASH     : @ 110093.520: tcs3701: stop power rail pending_off timer
11-23 19:14:01.323  1011  1189 D ASH     : @ 110093.520: tcs3701: start power rail timer, state:3
11-23 19:14:01.331 20989 21231 I m.chrome.canary: Explicit concurrent copying GC freed 3593(176KB) AllocSpace objects, 3(60KB) LOS objects, 75% free, 12MB/48MB, paused 37us,21us total 43.556ms
11-23 19:14:01.363  1011  1189 I ASH     : @ 110093.560: tcs3701: stop power rail pending_off timer
11-23 19:14:01.363  1011  1189 D ASH     : @ 110093.560: tcs3701: start power rail timer, state:3
11-23 19:14:01.368  9398  9433 I BatteryMgr:DataCollectionService: stats => 1700763241368,14038,4447,9765,4169000,100
11-23 19:14:01.384  1795  4168 D ActivityManager: freezer override set to false
11-23 19:14:01.403  1011  1189 I ASH     : @ 110093.600: tcs3701: stop power rail pending_off timer
11-23 19:14:01.403  1011  1189 D ASH     : @ 110093.600: tcs3701: start power rail timer, state:3
11-23 19:14:01.427  1795  4168 D ActivityManager: freezer override set to true
11-23 19:14:01.430  1795  4168 D ActivityManager: freezer override set to false
11-23 19:14:01.443  1011  1189 I ASH     : @ 110093.640: tcs3701: stop power rail pending_off timer
11-23 19:14:01.443  1011  1189 D ASH     : @ 110093.640: tcs3701: start power rail timer, state:3
11-23 19:14:01.474  9398  9433 I BatteryMgr:DataCollectionService: stats => 1700763241474,14038,4447,9765,4169000,100
11-23 19:14:01.483  1011  1189 I ASH     : @ 110093.680: tcs3701: stop power rail pending_off timer
11-23 19:14:01.483  1011  1189 D ASH     : @ 110093.680: tcs3701: start power rail timer, state:3
11-23 19:14:01.523  1011  1189 I ASH     : @ 110093.720: tcs3701: stop power rail pending_off timer
11-23 19:14:01.523  1011  1189 D ASH     : @ 110093.720: tcs3701: start power rail timer, state:3
11-23 19:14:01.563  1011  1189 I ASH     : @ 110093.760: tcs3701: stop power rail pending_off timer
11-23 19:14:01.563  1011  1189 D ASH     : @ 110093.760: tcs3701: start power rail timer, state:3
11-23 19:14:01.583  9398  9433 I BatteryMgr:DataCollectionService: stats => 1700763241583,14038,4447,9765,4169000,100
11-23 19:14:01.603  1011  1189 I ASH     : @ 110093.800: tcs3701: stop power rail pending_off timer
11-23 19:14:01.603  1011  1189 D ASH     : @ 110093.800: tcs3701: start power rail timer, state:3
11-23 19:14:01.643  1011  1189 I ASH     : @ 110093.840: tcs3701: stop power rail pending_off timer
11-23 19:14:01.643  1011  1189 D ASH     : @ 110093.840: tcs3701: start power rail timer, state:3
11-23 19:14:01.683  1011  1189 I ASH     : @ 110093.880: tcs3701: stop power rail pending_off timer
11-23 19:14:01.683  1011  1189 D ASH     : @ 110093.880: tcs3701: start power rail timer, state:3
11-23 19:14:01.690  9398  9433 I BatteryMgr:DataCollectionService: stats => 1700763241690,14038,4447,9765,4169000,100
11-23 19:14:01.723  1011  1189 I ASH     : @ 110093.920: tcs3701: stop power rail pending_off timer
11-23 19:14:01.723  1011  1189 D ASH     : @ 110093.920: tcs3701: start power rail timer, state:3
11-23 19:14:01.743  1795  4168 D ActivityManager: freezer override set to true
11-23 19:14:01.748  1795  4168 D ActivityManager: freezer override set to false
11-23 19:14:01.763  1011  1189 I ASH     : @ 110093.960: tcs3701: stop power rail pending_off timer
11-23 19:14:01.763  1011  1189 D ASH     : @ 110093.960: tcs3701: start power rail timer, state:3
11-23 19:14:01.798  9398  9433 I BatteryMgr:DataCollectionService: stats => 1700763241798,14038,4447,9765,4169000,100
11-23 19:14:01.803  1011  1189 I ASH     : @ 110094.000: tcs3701: stop power rail pending_off timer
11-23 19:14:01.803  1011  1189 D ASH     : @ 110094.000: tcs3701: start power rail timer, state:3
11-23 19:14:01.844  1011  1189 I ASH     : @ 110094.040: tcs3701: stop power rail pending_off timer
11-23 19:14:01.844  1011  1189 D ASH     : @ 110094.040: tcs3701: start power rail timer, state:3
11-23 19:14:01.883  1011  1189 I ASH     : @ 110094.080: tcs3701: stop power rail pending_off timer
11-23 19:14:01.883  1011  1189 D ASH     : @ 110094.080: tcs3701: start power rail timer, state:3
11-23 19:14:01.908  9398  9433 I BatteryMgr:DataCollectionService: stats => 1700763241908,14038,4447,9765,4169000,100
11-23 19:14:01.923  1011  1189 I ASH     : @ 110094.120: tcs3701: stop power rail pending_off timer
11-23 19:14:01.923  1011  1189 D ASH     : @ 110094.120: tcs3701: start power rail timer, state:3
11-23 19:14:01.963  1011  1189 I ASH     : @ 110094.160: tcs3701: stop power rail pending_off timer
11-23 19:14:01.963  1011  1189 D ASH     : @ 110094.160: tcs3701: start power rail timer, state:3
11-23 19:14:02.003  1011  1189 I ASH     : @ 110094.200: tcs3701: stop power rail pending_off timer
11-23 19:14:02.003  1011  1189 D ASH     : @ 110094.200: tcs3701: start power rail timer, state:3
11-23 19:14:02.019  9398  9433 I BatteryMgr:DataCollectionService: stats => 1700763242019,14038,4447,9765,4169000,100
11-23 19:14:02.043  1011  1189 I ASH     : @ 110094.240: tcs3701: stop power rail pending_off timer
11-23 19:14:02.044  1011  1189 D ASH     : @ 110094.240: tcs3701: start power rail timer, state:3
11-23 19:14:02.084  1011  1189 I ASH     : @ 110094.280: tcs3701: stop power rail pending_off timer
11-23 19:14:02.084  1011  1189 D ASH     : @ 110094.280: tcs3701: start power rail timer, state:3
11-23 19:14:02.123  1011  1189 I ASH     : @ 110094.320: tcs3701: stop power rail pending_off timer
11-23 19:14:02.123  1011  1189 D ASH     : @ 110094.320: tcs3701: start power rail timer, state:3
11-23 19:14:02.126  9398  9433 I BatteryMgr:DataCollectionService: stats => 1700763242126,14038,4447,9765,4169000,100
11-23 19:14:02.164  1011  1189 I ASH     : @ 110094.360: tcs3701: stop power rail pending_off timer
11-23 19:14:02.164  1011  1189 D ASH     : @ 110094.360: tcs3701: start power rail timer, state:3
11-23 19:14:02.203  1011  1189 I ASH     : @ 110094.400: tcs3701: stop power rail pending_off timer
11-23 19:14:02.203  1011  1189 D ASH     : @ 110094.400: tcs3701: start power rail timer, state:3
11-23 19:14:02.236  9398  9433 I BatteryMgr:DataCollectionService: stats => 1700763242236,14038,4447,9765,4169000,100
11-23 19:14:02.244  1011  1189 I ASH     : @ 110094.440: tcs3701: stop power rail pending_off timer
11-23 19:14:02.244  1011  1189 D ASH     : @ 110094.440: tcs3701: start power rail timer, state:3
11-23 19:14:02.283  1011  1189 I ASH     : @ 110094.480: tcs3701: stop power rail pending_off timer
11-23 19:14:02.283  1011  1189 D ASH     : @ 110094.480: tcs3701: start power rail timer, state:3
11-23 19:14:02.324  1011  1189 I ASH     : @ 110094.520: tcs3701: stop power rail pending_off timer
11-23 19:14:02.324  1011  1189 D ASH     : @ 110094.520: tcs3701: start power rail timer, state:3
11-23 19:14:02.344  9398  9433 I BatteryMgr:DataCollectionService: stats => 1700763242344,14038,4447,9765,4169000,100
11-23 19:14:02.363  1011  1189 I ASH     : @ 110094.560: tcs3701: stop power rail pending_off timer
11-23 19:14:02.363  1011  1189 D ASH     : @ 110094.560: tcs3701: start power rail timer, state:3
11-23 19:14:02.403  1011  1189 I ASH     : @ 110094.600: tcs3701: stop power rail pending_off timer
11-23 19:14:02.403  1011  1189 D ASH     : @ 110094.600: tcs3701: start power rail timer, state:3
11-23 19:14:02.415  2113  2118 I pixel-thermal: skin-therm-monitor: 38.021
11-23 19:14:02.443  1011  1189 I ASH     : @ 110094.640: tcs3701: stop power rail pending_off timer
11-23 19:14:02.443  1011  1189 D ASH     : @ 110094.640: tcs3701: start power rail timer, state:3
11-23 19:14:02.451  9398  9433 I BatteryMgr:DataCollectionService: stats => 1700763242451,14038,4447,9765,4169000,100
11-23 19:14:02.483  1011  1189 I ASH     : @ 110094.680: tcs3701: stop power rail pending_off timer
11-23 19:14:02.483  1011  1189 D ASH     : @ 110094.680: tcs3701: start power rail timer, state:3
11-23 19:14:02.523  1011  1189 I ASH     : @ 110094.720: tcs3701: stop power rail pending_off timer
11-23 19:14:02.523  1011  1189 D ASH     : @ 110094.720: tcs3701: start power rail timer, state:3
11-23 19:14:02.558  9398  9433 I BatteryMgr:DataCollectionService: stats => 1700763242558,14038,4447,9765,4169000,100
11-23 19:14:02.563  1011  1189 I ASH     : @ 110094.760: tcs3701: stop power rail pending_off timer
11-23 19:14:02.564  1011  1189 D ASH     : @ 110094.760: tcs3701: start power rail timer, state:3
11-23 19:14:02.587  1795  4168 D ActivityManager: freezer override set to true
11-23 19:14:02.603  1011  1189 I ASH     : @ 110094.800: tcs3701: stop power rail pending_off timer
11-23 19:14:02.603  1011  1189 D ASH     : @ 110094.800: tcs3701: start power rail timer, state:3
11-23 19:14:02.643  1011  1189 I ASH     : @ 110094.840: tcs3701: stop power rail pending_off timer
11-23 19:14:02.643  1011  1189 D ASH     : @ 110094.840: tcs3701: start power rail timer, state:3
11-23 19:14:02.665  9398  9433 I BatteryMgr:DataCollectionService: stats => 1700763242665,14038,4447,9765,4169000,100
11-23 19:14:02.666 20989 21231 I m.chrome.canary: Explicit concurrent copying GC freed 3571(176KB) AllocSpace objects, 3(60KB) LOS objects, 75% free, 12MB/48MB, paused 35us,57us total 42.390ms
11-23 19:14:02.683  1011  1189 I ASH     : @ 110094.880: tcs3701: stop power rail pending_off timer
11-23 19:14:02.684  1011  1189 D ASH     : @ 110094.880: tcs3701: start power rail timer, state:3
11-23 19:14:02.717  1795  4168 D ActivityManager: freezer override set to false
11-23 19:14:02.723  1011  1189 I ASH     : @ 110094.920: tcs3701: stop power rail pending_off timer
11-23 19:14:02.723  1011  1189 D ASH     : @ 110094.920: tcs3701: start power rail timer, state:3
11-23 19:14:02.759  1795  4168 D ActivityManager: freezer override set to true
11-23 19:14:02.764  1011  1189 I ASH     : @ 110094.960: tcs3701: stop power rail pending_off timer
11-23 19:14:02.764  1011  1189 D ASH     : @ 110094.960: tcs3701: start power rail timer, state:3
11-23 19:14:02.765  1795  4168 D ActivityManager: freezer override set to false
11-23 19:14:02.774  9398  9433 I BatteryMgr:DataCollectionService: stats => 1700763242773,14038,4447,9765,4169000,100
11-23 19:14:02.775  1795  4168 D ActivityManager: freezer override set to true
11-23 19:14:02.779  1795  4168 D ActivityManager: freezer override set to false
11-23 19:14:02.803  1011  1189 I ASH     : @ 110095.000: tcs3701: stop power rail pending_off timer
11-23 19:14:02.803  1011  1189 D ASH     : @ 110095.000: tcs3701: start power rail timer, state:3
11-23 19:14:02.844  1011  1189 I ASH     : @ 110095.040: tcs3701: stop power rail pending_off timer
11-23 19:14:02.844  1011  1189 D ASH     : @ 110095.040: tcs3701: start power rail timer, state:3
11-23 19:14:02.882  9398  9433 I BatteryMgr:DataCollectionService: stats => 1700763242882,14038,4447,9765,4169000,100
11-23 19:14:02.883  1011  1189 I ASH     : @ 110095.080: tcs3701: stop power rail pending_off timer
11-23 19:14:02.883  1011  1189 D ASH     : @ 110095.080: tcs3701: start power rail timer, state:3
11-23 19:14:02.924  1011  1189 I ASH     : @ 110095.120: tcs3701: stop power rail pending_off timer
11-23 19:14:02.924  1011  1189 D ASH     : @ 110095.120: tcs3701: start power rail timer, state:3
11-23 19:14:02.963  1011  1189 I ASH     : @ 110095.160: tcs3701: stop power rail pending_off timer
11-23 19:14:02.963  1011  1189 D ASH     : @ 110095.160: tcs3701: start power rail timer, state:3
11-23 19:14:02.989  9398  9433 I BatteryMgr:DataCollectionService: stats => 1700763242989,14038,4447,9765,4169000,100
11-23 19:14:03.003  1011  1189 I ASH     : @ 110095.200: tcs3701: stop power rail pending_off timer
11-23 19:14:03.004  1011  1189 D ASH     : @ 110095.200: tcs3701: start power rail timer, state:3
11-23 19:14:03.043  1011  1189 I ASH     : @ 110095.240: tcs3701: stop power rail pending_off timer
11-23 19:14:03.043  1011  1189 D ASH     : @ 110095.240: tcs3701: start power rail timer, state:3
11-23 19:14:03.083  1011  1189 I ASH     : @ 110095.280: tcs3701: stop power rail pending_off timer
11-23 19:14:03.083  1011  1189 D ASH     : @ 110095.280: tcs3701: start power rail timer, state:3
11-23 19:14:03.100  9398  9433 I BatteryMgr:DataCollectionService: stats => 1700763243100,14038,4447,9765,4169000,100
11-23 19:14:03.123  1011  1189 I ASH     : @ 110095.320: tcs3701: stop power rail pending_off timer
11-23 19:14:03.123  1011  1189 D ASH     : @ 110095.320: tcs3701: start power rail timer, state:3
11-23 19:14:03.163  1011  1189 I ASH     : @ 110095.360: tcs3701: stop power rail pending_off timer
11-23 19:14:03.163  1011  1189 D ASH     : @ 110095.360: tcs3701: start power rail timer, state:3
11-23 19:14:03.203  1011  1189 I ASH     : @ 110095.400: tcs3701: stop power rail pending_off timer
11-23 19:14:03.203  1011  1189 D ASH     : @ 110095.400: tcs3701: start power rail timer, state:3
11-23 19:14:03.208  9398  9433 I BatteryMgr:DataCollectionService: stats => 1700763243207,14038,4447,9765,4169000,100
11-23 19:14:03.211  1795  2424 D WifiNetworkSelector: Current connected network: 12
11-23 19:14:03.211  1795  2424 V WifiConnectivityManager: No partial scan because firmware roaming is supported.
11-23 19:14:03.211  1795  2424 V WifiConnectivityManager: schedulePeriodicScanTimer intervalMs 20000
11-23 19:14:03.243  1011  1189 I ASH     : @ 110095.440: tcs3701: stop power rail pending_off timer
11-23 19:14:03.243  1011  1189 D ASH     : @ 110095.440: tcs3701: start power rail timer, state:3
11-23 19:14:03.283  1011  1189 I ASH     : @ 110095.480: tcs3701: stop power rail pending_off timer
11-23 19:14:03.284  1011  1189 D ASH     : @ 110095.480: tcs3701: start power rail timer, state:3
11-23 19:14:03.316  9398  9433 I BatteryMgr:DataCollectionService: stats => 1700763243316,14038,4447,9765,4169000,100
11-23 19:14:03.323  1011  1189 I ASH     : @ 110095.520: tcs3701: stop power rail pending_off timer
11-23 19:14:03.323  1011  1189 D ASH     : @ 110095.520: tcs3701: start power rail timer, state:3
11-23 19:14:03.363  1011  1189 I ASH     : @ 110095.560: tcs3701: stop power rail pending_off timer
11-23 19:14:03.363  1011  1189 D ASH     : @ 110095.560: tcs3701: start power rail timer, state:3
11-23 19:14:03.403  1011  1189 I ASH     : @ 110095.600: tcs3701: stop power rail pending_off timer
11-23 19:14:03.403  1011  1189 D ASH     : @ 110095.600: tcs3701: start power rail timer, state:3
11-23 19:14:03.423  9398  9433 I BatteryMgr:DataCollectionService: stats => 1700763243423,14038,4447,9765,4169000,100
11-23 19:14:03.444  1011  1189 I ASH     : @ 110095.640: tcs3701: stop power rail pending_off timer
11-23 19:14:03.444  1011  1189 D ASH     : @ 110095.640: tcs3701: start power rail timer, state:3
11-23 19:14:03.483  1011  1189 I ASH     : @ 110095.680: tcs3701: stop power rail pending_off timer
11-23 19:14:03.483  1011  1189 D ASH     : @ 110095.680: tcs3701: start power rail timer, state:3
11-23 19:14:03.523  1011  1189 I ASH     : @ 110095.720: tcs3701: stop power rail pending_off timer
11-23 19:14:03.524  1011  1189 D ASH     : @ 110095.720: tcs3701: start power rail timer, state:3
11-23 19:14:03.532  9398  9433 I BatteryMgr:DataCollectionService: stats => 1700763243532,14038,4447,9765,4169000,100
11-23 19:14:03.563  1011  1189 I ASH     : @ 110095.760: tcs3701: stop power rail pending_off timer
11-23 19:14:03.564  1011  1189 D ASH     : @ 110095.760: tcs3701: start power rail timer, state:3
11-23 19:14:03.603  1011  1189 I ASH     : @ 110095.800: tcs3701: stop power rail pending_off timer
11-23 19:14:03.603  1011  1189 D ASH     : @ 110095.800: tcs3701: start power rail timer, state:3
11-23 19:14:03.639  9398  9433 I BatteryMgr:DataCollectionService: stats => 1700763243639,14038,4447,9765,4169000,100
11-23 19:14:03.643  1011  1189 I ASH     : @ 110095.840: tcs3701: stop power rail pending_off timer
11-23 19:14:03.643  1011  1189 D ASH     : @ 110095.840: tcs3701: start power rail timer, state:3
11-23 19:14:03.684  1011  1189 I ASH     : @ 110095.880: tcs3701: stop power rail pending_off timer
11-23 19:14:03.684  1011  1189 D ASH     : @ 110095.880: tcs3701: start power rail timer, state:3
11-23 19:14:03.723  1011  1189 I ASH     : @ 110095.920: tcs3701: stop power rail pending_off timer
11-23 19:14:03.724  1011  1189 D ASH     : @ 110095.920: tcs3701: start power rail timer, state:3
11-23 19:14:03.743  1795  4168 D ActivityManager: freezer override set to true
11-23 19:14:03.746  9398  9433 I BatteryMgr:DataCollectionService: stats => 1700763243746,14038,4447,9765,4169000,100
11-23 19:14:03.749  1795  4168 D ActivityManager: freezer override set to false
11-23 19:14:03.763  1011  1189 I ASH     : @ 110095.960: tcs3701: stop power rail pending_off timer
11-23 19:14:03.763  1011  1189 D ASH     : @ 110095.960: tcs3701: start power rail timer, state:3
11-23 19:14:03.803  1011  1189 I ASH     : @ 110096.000: tcs3701: stop power rail pending_off timer
11-23 19:14:03.803  1011  1189 D ASH     : @ 110096.000: tcs3701: start power rail timer, state:3
11-23 19:14:03.843  1011  1189 I ASH     : @ 110096.040: tcs3701: stop power rail pending_off timer
11-23 19:14:03.843  1011  1189 D ASH     : @ 110096.040: tcs3701: start power rail timer, state:3
11-23 19:14:03.852  9398  9433 I BatteryMgr:DataCollectionService: stats => 1700763243852,14038,4447,9765,4169000,100
11-23 19:14:03.884  1011  1189 I ASH     : @ 110096.080: tcs3701: stop power rail pending_off timer
11-23 19:14:03.884  1011  1189 D ASH     : @ 110096.080: tcs3701: start power rail timer, state:3
11-23 19:14:03.922  1795  4168 D ActivityManager: freezer override set to true
11-23 19:14:03.923  1011  1189 I ASH     : @ 110096.120: tcs3701: stop power rail pending_off timer
11-23 19:14:03.923  1011  1189 D ASH     : @ 110096.120: tcs3701: start power rail timer, state:3
11-23 19:14:03.957  9398  9433 I BatteryMgr:DataCollectionService: stats => 1700763243957,14038,4447,9765,4169000,100
11-23 19:14:03.964  1011  1189 I ASH     : @ 110096.160: tcs3701: stop power rail pending_off timer
11-23 19:14:03.964  1011  1189 D ASH     : @ 110096.160: tcs3701: start power rail timer, state:3
11-23 19:14:04.003  1011  1189 I ASH     : @ 110096.200: tcs3701: stop power rail pending_off timer
11-23 19:14:04.004  1011  1189 D ASH     : @ 110096.200: tcs3701: start power rail timer, state:3
11-23 19:14:04.044  1011  1189 I ASH     : @ 110096.240: tcs3701: stop power rail pending_off timer
11-23 19:14:04.044  1011  1189 D ASH     : @ 110096.240: tcs3701: start power rail timer, state:3
11-23 19:14:04.052 20989 21231 I m.chrome.canary: Explicit concurrent copying GC freed 3802(191KB) AllocSpace objects, 4(80KB) LOS objects, 75% free, 12MB/48MB, paused 96us,22us total 43.671ms
11-23 19:14:04.062  9398  9433 I BatteryMgr:DataCollectionService: stats => 1700763244062,14038,4447,9765,4169000,100
11-23 19:14:04.083  1011  1189 I ASH     : @ 110096.280: tcs3701: stop power rail pending_off timer
11-23 19:14:04.083  1011  1189 D ASH     : @ 110096.280: tcs3701: start power rail timer, state:3
11-23 19:14:04.106  1795  4168 D ActivityManager: freezer override set to false
11-23 19:14:04.123  1011  1189 I ASH     : @ 110096.320: tcs3701: stop power rail pending_off timer
11-23 19:14:04.123  1011  1189 D ASH     : @ 110096.320: tcs3701: start power rail timer, state:3
11-23 19:14:04.147  1795  4168 D ActivityManager: freezer override set to true
11-23 19:14:04.150  1795  4168 D ActivityManager: freezer override set to false
11-23 19:14:04.164  1011  1189 I ASH     : @ 110096.360: tcs3701: stop power rail pending_off timer
11-23 19:14:04.164  1011  1189 D ASH     : @ 110096.360: tcs3701: start power rail timer, state:3
11-23 19:14:04.167  9398  9433 I BatteryMgr:DataCollectionService: stats => 1700763244167,14038,4447,9765,4169000,100
11-23 19:14:04.179  1795  2424 D WifiClientModeImpl[13802:wlan0]: updateLinkLayerStatsRssiSpeedFrequencyCapabilities rssi=-47 TxLinkspeed=866 freq=5240 RxLinkSpeed=6
11-23 19:14:04.181  1795  2424 D WifiDataStall: tx tput in kbps: 751999
11-23 19:14:04.181  1795  2424 D WifiDataStall: rx tput in kbps: 791578
11-23 19:14:04.181  1795  2424 V WifiConfigManager: Updating scan detail cache freq=5240 BSSID=f4:6d:2f:12:cc:88 RSSI=-47 for "ourhome"WPA_PSK
11-23 19:14:04.181  1795  2424 D WifiChannelUtilization:  freq: 5240 onTime: 3236863 busyTime: 282077 onTimeDiff: 3236568 busyTimeDiff: 282060 utilization: 22 utilization t0: 22
11-23 19:14:04.181  1795  2424 D WifiDataStall:  ccaLevel = 22
11-23 19:14:04.181  1795  2424 D WifiDataStall: L2 txTputKbps: 751999, rxTputKbps: 791578, L3 txTputKbps: 0, rxTputKbps: 0, TxTrafficHigh: false, RxTrafficHigh: false, Throughput Sufficient: true
11-23 19:14:04.181  3213  3231 V WifiManager: OnWifiUsabilityStatsListener: onWifiUsabilityStats: seqNum=36333
11-23 19:14:04.181  1795  2424 D WifiScoreReport: Wifi scoring disabled - Don't check IP layer
11-23 19:14:04.181  2782  5906 D QCNEJ/WlanStaInfoRelay: Received action: android.net.wifi.RSSI_CHANGED
11-23 19:14:04.181  1795  2424 D WifiScoreCard: BSSID update SIGNAL_POLL ID: 1320464697 SSID: "ourhome", BSSID: f4:6d:2f:12:cc:88, MAC: b2:2f:ec:da:4a:0c, IP: /192.168.1.104, Security type: 2, Supplicant state: COMPLETED, Wi-Fi standard: 5, RSSI: -47, Link speed: 866Mbps, Tx Link speed: 866Mbps, Max Supported Tx Link speed: 866Mbps, Rx Link speed: 6Mbps, Max Supported Rx Link speed: 866Mbps, Frequency: 5240MHz, Net ID: 12, Metered hint: false, score: 60, isUsable: true, CarrierMerged: false, SubscriptionId: -1, IsPrimary: 1, Trusted: true, Restricted: false, Ephemeral: false, OEM paid: false, OEM private: false, OSU AP: false, FQDN: <none>, Provider friendly name: <none>, Requesting package name: <none>"ourhome"wpa2-pskMLO Information: , Is TID-To-Link negotiation supported by the AP: false, AP MLD Address: <none>, AP MLO Link Id: <none>, AP MLO Affiliated links: <none>
11-23 19:14:04.182  1795  2424 D WifiScoreCard: txRate: 1 txSpeed: 866
11-23 19:14:04.182  1795  2424 D WifiScoreCard: network update SIGNAL_POLL "ourhome" ID: 1499892569 RSSI -47 txSpeed -1
11-23 19:14:04.182  1795  4168 I WifiService: updateWifiUsabilityScore uid=10180 seqNum=36333 score=100 predictionHorizonSec=1441795
11-23 19:14:04.182  2513  8309 V WifiManager: TrafficStateCallbackProxy: onStateChanged state=0
11-23 19:14:04.182  1795  2424 D WifiClientModeImpl[13802:wlan0]:  ClientModeImpl$L2ConnectedState screen=on 23 0 "ourhome" f4:6d:2f:12:cc:88 rssi=-47 f=5240 sc=60 link=866 tx=0.0, 0.0, 0.0 rx=0.0 bcn=1055755 [on:0 tx:0 rx:0 period:3015] from screen [on:55057 period:1321119] score=60
11-23 19:14:04.183  1795  2424 D WifiScoreReport: Wifi scoring disabled - Notify that Wifi is usable
11-23 19:14:04.186  1795  2432 D ConnectivityService: NetReassign [no changes] [c 0] [a 1] [i 2]
11-23 19:14:04.203  1011  1189 I ASH     : @ 110096.400: tcs3701: stop power rail pending_off timer
11-23 19:14:04.203  1011  1189 D ASH     : @ 110096.400: tcs3701: start power rail timer, state:3
11-23 19:14:04.244  1011  1189 I ASH     : @ 110096.440: tcs3701: stop power rail pending_off timer
11-23 19:14:04.244  1011  1189 D ASH     : @ 110096.440: tcs3701: start power rail timer, state:3
11-23 19:14:04.274  9398  9433 I BatteryMgr:DataCollectionService: stats => 1700763244274,14038,4447,9765,4169000,100
11-23 19:14:04.284  1011  1189 I ASH     : @ 110096.480: tcs3701: stop power rail pending_off timer
11-23 19:14:04.284  1011  1189 D ASH     : @ 110096.480: tcs3701: start power rail timer, state:3
11-23 19:14:04.323  1011  1189 I ASH     : @ 110096.520: tcs3701: stop power rail pending_off timer
11-23 19:14:04.323  1011  1189 D ASH     : @ 110096.520: tcs3701: start power rail timer, state:3
11-23 19:14:04.363  1011  1189 I ASH     : @ 110096.560: tcs3701: stop power rail pending_off timer
11-23 19:14:04.363  1011  1189 D ASH     : @ 110096.560: tcs3701: start power rail timer, state:3
11-23 19:14:04.381  9398  9433 I BatteryMgr:DataCollectionService: stats => 1700763244381,14038,4447,9765,4169000,100
11-23 19:14:04.403  1011  1189 I ASH     : @ 110096.600: tcs3701: stop power rail pending_off timer
11-23 19:14:04.404  1011  1189 D ASH     : @ 110096.600: tcs3701: start power rail timer, state:3
11-23 19:14:04.419  2113  2118 I pixel-thermal: skin-therm-monitor: 38.038
11-23 19:14:04.443  1011  1189 I ASH     : @ 110096.640: tcs3701: stop power rail pending_off timer
11-23 19:14:04.443  1011  1189 D ASH     : @ 110096.640: tcs3701: start power rail timer, state:3
11-23 19:14:04.483  1011  1189 I ASH     : @ 110096.680: tcs3701: stop power rail pending_off timer
11-23 19:14:04.483  1011  1189 D ASH     : @ 110096.680: tcs3701: start power rail timer, state:3
11-23 19:14:04.490  9398  9433 I BatteryMgr:DataCollectionService: stats => 1700763244490,14038,4447,9765,4169000,100
11-23 19:14:04.523  1011  1189 I ASH     : @ 110096.720: tcs3701: stop power rail pending_off timer
11-23 19:14:04.523  1011  1189 D ASH     : @ 110096.720: tcs3701: start power rail timer, state:3
11-23 19:14:04.563  1011  1189 I ASH     : @ 110096.760: tcs3701: stop power rail pending_off timer
11-23 19:14:04.563  1011  1189 D ASH     : @ 110096.760: tcs3701: start power rail timer, state:3
11-23 19:14:04.597  9398  9433 I BatteryMgr:DataCollectionService: stats => 1700763244597,14038,4447,9765,4169000,100
11-23 19:14:04.603  1011  1189 I ASH     : @ 110096.800: tcs3701: stop power rail pending_off timer
11-23 19:14:04.603  1011  1189 D ASH     : @ 110096.800: tcs3701: start power rail timer, state:3
11-23 19:14:04.643  1011  1189 I ASH     : @ 110096.840: tcs3701: stop power rail pending_off timer
