11-23 19:10:47.923  1011  1189 D ASH     : @ 109900.120: tcs3701: start power rail timer, state:3
11-23 19:10:47.935  1795  4157 D ActivityManager: freezer override set to true
11-23 19:10:47.963  1011  1189 I ASH     : @ 109900.160: tcs3701: stop power rail pending_off timer
11-23 19:10:47.963  1011  1189 D ASH     : @ 109900.160: tcs3701: start power rail timer, state:3
11-23 19:10:47.995  3845  3845 E AbstractGmsTracer: Traced class shouldn't be obfuscated: GmsBoundBrokerChimeraService [CONTEXT service_id=259 ]
11-23 19:10:47.996  3845  3845 D BoundBrokerSvc: onBind: Intent { act=com.google.android.gms.common.BIND_SHARED_PREFS pkg=com.google.android.gms }
11-23 19:10:47.996  3845  3845 D BoundBrokerSvc: Loading bound service for intent: Intent { act=com.google.android.gms.common.BIND_SHARED_PREFS pkg=com.google.android.gms }
11-23 19:10:47.996  3845  3845 E AbstractGmsTracer: Traced class shouldn't be obfuscated: SharedPreferencesBoundService [CONTEXT service_id=259 ]
11-23 19:10:48.000  3845  3845 D BoundBrokerSvc: onUnbind: Intent { act=com.google.android.gms.common.BIND_SHARED_PREFS pkg=com.google.android.gms }
11-23 19:10:48.003  1011  1189 I ASH     : @ 109900.200: tcs3701: stop power rail pending_off timer
11-23 19:10:48.003  1011  1189 D ASH     : @ 109900.200: tcs3701: start power rail timer, state:3
11-23 19:10:48.011  9398  9436 I BatteryMgr:DataCollectionService: stats => 1700763048011,10375,4447,9765,4169000,100
11-23 19:10:48.043  1011  1189 I ASH     : @ 109900.240: tcs3701: stop power rail pending_off timer
11-23 19:10:48.043  1011  1189 D ASH     : @ 109900.240: tcs3701: start power rail timer, state:3
11-23 19:10:48.083  1011  1189 I ASH     : @ 109900.280: tcs3701: stop power rail pending_off timer
11-23 19:10:48.083  1011  1189 D ASH     : @ 109900.280: tcs3701: start power rail timer, state:3
11-23 19:10:48.091 17798 17852 I m.chrome.canary: Explicit concurrent copying GC freed 469008(9365KB) AllocSpace objects, 1(20KB) LOS objects, 75% free, 11MB/47MB, paused 97us,28us total 60.301ms
11-23 19:10:48.117  9398  9436 I BatteryMgr:DataCollectionService: stats => 1700763048117,10375,4447,9765,4169000,100
11-23 19:10:48.123  1011  1189 I ASH     : @ 109900.320: tcs3701: stop power rail pending_off timer
11-23 19:10:48.123  1011  1189 D ASH     : @ 109900.320: tcs3701: start power rail timer, state:3
11-23 19:10:48.154  1795  4157 D ActivityManager: freezer override set to false
11-23 19:10:48.163  1011  1189 I ASH     : @ 109900.360: tcs3701: stop power rail pending_off timer
11-23 19:10:48.164  1011  1189 D ASH     : @ 109900.360: tcs3701: start power rail timer, state:3
11-23 19:10:48.178  1795  2424 D WifiClientModeImpl[13802:wlan0]: updateLinkLayerStatsRssiSpeedFrequencyCapabilities rssi=-43 TxLinkspeed=780 freq=5240 RxLinkSpeed=866
11-23 19:10:48.179  1795  2424 D WifiDataStall: tx tput in kbps: 751999
11-23 19:10:48.179  1795  2424 D WifiDataStall: rx tput in kbps: 791578
11-23 19:10:48.179  1795  2424 V WifiConfigManager: Updating scan detail cache freq=5240 BSSID=f4:6d:2f:12:cc:88 RSSI=-44 for "ourhome"WPA_PSK
11-23 19:10:48.179  2782  5906 D QCNEJ/WlanStaInfoRelay: Received action: android.net.wifi.RSSI_CHANGED
11-23 19:10:48.180  3213  3231 V WifiManager: OnWifiUsabilityStatsListener: onWifiUsabilityStats: seqNum=36268
11-23 19:10:48.180  1795  2424 D WifiChannelUtilization:  freq: 5240 onTime: 3226526 busyTime: 279287 onTimeDiff: 3226231 busyTimeDiff: 279270 utilization: 22 utilization t0: 22
11-23 19:10:48.180  1795  2424 D WifiDataStall:  ccaLevel = 22
11-23 19:10:48.180  1795  2424 D WifiDataStall: L2 txTputKbps: 577504, rxTputKbps: 791578, L3 txTputKbps: 183, rxTputKbps: 9693, TxTrafficHigh: true, RxTrafficHigh: true, Throughput Sufficient: true
11-23 19:10:48.180  1795  2424 D WifiScoreReport: Wifi scoring disabled - Don't check IP layer
11-23 19:10:48.180  1795  2424 D WifiScoreCard: BSSID update SIGNAL_POLL ID: 1320464697 SSID: "ourhome", BSSID: f4:6d:2f:12:cc:88, MAC: b2:2f:ec:da:4a:0c, IP: /192.168.1.104, Security type: 2, Supplicant state: COMPLETED, Wi-Fi standard: 5, RSSI: -43, Link speed: 780Mbps, Tx Link speed: 780Mbps, Max Supported Tx Link speed: 866Mbps, Rx Link speed: 866Mbps, Max Supported Rx Link speed: 866Mbps, Frequency: 5240MHz, Net ID: 12, Metered hint: false, score: 60, isUsable: true, CarrierMerged: false, SubscriptionId: -1, IsPrimary: 1, Trusted: true, Restricted: false, Ephemeral: false, OEM paid: false, OEM private: false, OSU AP: false, FQDN: <none>, Provider friendly name: <none>, Requesting package name: <none>"ourhome"wpa2-pskMLO Information: , Is TID-To-Link negotiation supported by the AP: false, AP MLD Address: <none>, AP MLO Link Id: <none>, AP MLO Affiliated links: <none>
11-23 19:10:48.180  1795  2424 D WifiScoreCard: txRate: 142 txSpeed: 780
11-23 19:10:48.181  1795  2424 D WifiScoreCard: network update SIGNAL_POLL "ourhome" ID: 1499892569 RSSI -43 txSpeed 780
11-23 19:10:48.181  1795  2424 D WifiClientModeImpl[13802:wlan0]:  ClientModeImpl$L2ConnectedState screen=on 23 0 "ourhome" f4:6d:2f:12:cc:88 rssi=-43 f=5240 sc=60 link=780 tx=113.4, 27.9, 0.0 rx=365.8 bcn=1053872 [on:2372 tx:59 rx:47 period:3008] from screen [on:44720 period:1125118] score=60
11-23 19:10:48.181  1795  4157 I WifiService: updateWifiUsabilityScore uid=10180 seqNum=36268 score=100 predictionHorizonSec=1441795
11-23 19:10:48.182  1795  2424 D WifiScoreReport: Wifi scoring disabled - Notify that Wifi is usable
11-23 19:10:48.184  1795  2432 D ConnectivityService: NetReassign [no changes] [c 0] [a 0] [i 2]
11-23 19:10:48.203  1011  1189 I ASH     : @ 109900.400: tcs3701: stop power rail pending_off timer
11-23 19:10:48.204  1011  1189 D ASH     : @ 109900.400: tcs3701: start power rail timer, state:3
11-23 19:10:48.219  1795  3807 D ActivityManager: freezer override set to true
11-23 19:10:48.221  1795  3807 D ActivityManager: freezer override set to false
11-23 19:10:48.222  9398  9436 I BatteryMgr:DataCollectionService: stats => 1700763048222,10375,4447,9765,4169000,100
11-23 19:10:48.243  1011  1189 I ASH     : @ 109900.440: tcs3701: stop power rail pending_off timer
11-23 19:10:48.244  1011  1189 D ASH     : @ 109900.440: tcs3701: start power rail timer, state:3
11-23 19:10:48.283  1011  1189 I ASH     : @ 109900.480: tcs3701: stop power rail pending_off timer
11-23 19:10:48.284  1011  1189 D ASH     : @ 109900.480: tcs3701: start power rail timer, state:3
11-23 19:10:48.323  1011  1189 I ASH     : @ 109900.520: tcs3701: stop power rail pending_off timer
11-23 19:10:48.323  1011  1189 D ASH     : @ 109900.520: tcs3701: start power rail timer, state:3
11-23 19:10:48.328  9398  9436 I BatteryMgr:DataCollectionService: stats => 1700763048328,10375,4447,9765,4169000,100
11-23 19:10:48.358  1795  3807 D ActivityManager: freezer override set to true
11-23 19:10:48.363  1011  1189 I ASH     : @ 109900.560: tcs3701: stop power rail pending_off timer
11-23 19:10:48.363  1011  1189 D ASH     : @ 109900.560: tcs3701: start power rail timer, state:3
11-23 19:10:48.371  1795  3807 D ActivityManager: freezer override set to false
11-23 19:10:48.403  1011  1189 I ASH     : @ 109900.600: tcs3701: stop power rail pending_off timer
11-23 19:10:48.403  1011  1189 D ASH     : @ 109900.600: tcs3701: start power rail timer, state:3
11-23 19:10:48.417  1039  1095 D rlsservice: MonitorDisplayStatus client num 0, display status 1, sensor status 0
11-23 19:10:48.432  9398  9436 I BatteryMgr:DataCollectionService: stats => 1700763048432,10375,4447,9765,4169000,100
11-23 19:10:48.443  1011  1189 I ASH     : @ 109900.640: tcs3701: stop power rail pending_off timer
11-23 19:10:48.443  1011  1189 D ASH     : @ 109900.640: tcs3701: start power rail timer, state:3
11-23 19:10:48.484  1011  1189 I ASH     : @ 109900.680: tcs3701: stop power rail pending_off timer
11-23 19:10:48.484  1011  1189 D ASH     : @ 109900.680: tcs3701: start power rail timer, state:3
11-23 19:10:48.523  1011  1189 I ASH     : @ 109900.720: tcs3701: stop power rail pending_off timer
11-23 19:10:48.523  1011  1189 D ASH     : @ 109900.720: tcs3701: start power rail timer, state:3
11-23 19:10:48.538  9398  9436 I BatteryMgr:DataCollectionService: stats => 1700763048538,10375,4447,9765,4169000,100
11-23 19:10:48.563  1011  1189 I ASH     : @ 109900.760: tcs3701: stop power rail pending_off timer
11-23 19:10:48.563  1011  1189 D ASH     : @ 109900.760: tcs3701: start power rail timer, state:3
11-23 19:10:48.565  2113  2118 I pixel-thermal: skin-therm-monitor: 37.375
11-23 19:10:48.603  1011  1189 I ASH     : @ 109900.800: tcs3701: stop power rail pending_off timer
11-23 19:10:48.603  1011  1189 D ASH     : @ 109900.800: tcs3701: start power rail timer, state:3
11-23 19:10:48.643  9398  9436 I BatteryMgr:DataCollectionService: stats => 1700763048643,10375,4447,9765,4169000,100
11-23 19:10:48.643  1011  1189 I ASH     : @ 109900.840: tcs3701: stop power rail pending_off timer
11-23 19:10:48.643  1011  1189 D ASH     : @ 109900.840: tcs3701: start power rail timer, state:3
11-23 19:10:48.683  1011  1189 I ASH     : @ 109900.880: tcs3701: stop power rail pending_off timer
11-23 19:10:48.683  1011  1189 D ASH     : @ 109900.880: tcs3701: start power rail timer, state:3
11-23 19:10:48.723  1011  1189 I ASH     : @ 109900.920: tcs3701: stop power rail pending_off timer
11-23 19:10:48.723  1011  1189 D ASH     : @ 109900.920: tcs3701: start power rail timer, state:3
11-23 19:10:48.749  9398  9436 I BatteryMgr:DataCollectionService: stats => 1700763048749,10375,4447,9765,4169000,100
11-23 19:10:48.763  1011  1189 I ASH     : @ 109900.960: tcs3701: stop power rail pending_off timer
11-23 19:10:48.763  1011  1189 D ASH     : @ 109900.960: tcs3701: start power rail timer, state:3
11-23 19:10:48.803  1011  1189 I ASH     : @ 109901.000: tcs3701: stop power rail pending_off timer
11-23 19:10:48.803  1011  1189 D ASH     : @ 109901.000: tcs3701: start power rail timer, state:3
11-23 19:10:48.843  1011  1189 I ASH     : @ 109901.040: tcs3701: stop power rail pending_off timer
11-23 19:10:48.843  1011  1189 D ASH     : @ 109901.040: tcs3701: start power rail timer, state:3
11-23 19:10:48.855  9398  9436 I BatteryMgr:DataCollectionService: stats => 1700763048855,10375,4447,9765,4169000,100
11-23 19:10:48.883  1011  1189 I ASH     : @ 109901.080: tcs3701: stop power rail pending_off timer
11-23 19:10:48.883  1011  1189 D ASH     : @ 109901.080: tcs3701: start power rail timer, state:3
11-23 19:10:48.923  1011  1189 I ASH     : @ 109901.120: tcs3701: stop power rail pending_off timer
11-23 19:10:48.923  1011  1189 D ASH     : @ 109901.120: tcs3701: start power rail timer, state:3
11-23 19:10:48.962  9398  9436 I BatteryMgr:DataCollectionService: stats => 1700763048962,10375,4447,9765,4169000,100
11-23 19:10:48.963  1011  1189 I ASH     : @ 109901.160: tcs3701: stop power rail pending_off timer
11-23 19:10:48.963  1011  1189 D ASH     : @ 109901.160: tcs3701: start power rail timer, state:3
11-23 19:10:48.981 17798 17807 I m.chrome.canary: Background young concurrent copying GC freed 1896828(34MB) AllocSpace objects, 2(40KB) LOS objects, 68% free, 15MB/47MB, paused 113us,60us total 101.929ms
11-23 19:10:49.003  1011  1189 I ASH     : @ 109901.200: tcs3701: stop power rail pending_off timer
11-23 19:10:49.003  1011  1189 D ASH     : @ 109901.200: tcs3701: start power rail timer, state:3
11-23 19:10:49.043  1011  1189 I ASH     : @ 109901.240: tcs3701: stop power rail pending_off timer
11-23 19:10:49.043  1011  1189 D ASH     : @ 109901.240: tcs3701: start power rail timer, state:3
11-23 19:10:49.068  9398  9436 I BatteryMgr:DataCollectionService: stats => 1700763049067,10375,4447,9765,4169000,100
11-23 19:10:49.083  1011  1189 I ASH     : @ 109901.280: tcs3701: stop power rail pending_off timer
11-23 19:10:49.083  1011  1189 D ASH     : @ 109901.280: tcs3701: start power rail timer, state:3
11-23 19:10:49.123  1011  1189 I ASH     : @ 109901.320: tcs3701: stop power rail pending_off timer
11-23 19:10:49.123  1011  1189 D ASH     : @ 109901.320: tcs3701: start power rail timer, state:3
11-23 19:10:49.163  1011  1189 I ASH     : @ 109901.360: tcs3701: stop power rail pending_off timer
11-23 19:10:49.164  1011  1189 D ASH     : @ 109901.360: tcs3701: start power rail timer, state:3
11-23 19:10:49.175  9398  9436 I BatteryMgr:DataCollectionService: stats => 1700763049175,10375,4447,9765,4169000,100
11-23 19:10:49.204  1011  1189 I ASH     : @ 109901.400: tcs3701: stop power rail pending_off timer
11-23 19:10:49.204  1011  1189 D ASH     : @ 109901.400: tcs3701: start power rail timer, state:3
11-23 19:10:49.243  1011  1189 I ASH     : @ 109901.440: tcs3701: stop power rail pending_off timer
11-23 19:10:49.243  1011  1189 D ASH     : @ 109901.440: tcs3701: start power rail timer, state:3
11-23 19:10:49.280  9398  9436 I BatteryMgr:DataCollectionService: stats => 1700763049280,10375,4447,9765,4169000,100
11-23 19:10:49.283  1011  1189 I ASH     : @ 109901.480: tcs3701: stop power rail pending_off timer
11-23 19:10:49.283  1011  1189 D ASH     : @ 109901.480: tcs3701: start power rail timer, state:3
11-23 19:10:49.323  1011  1189 I ASH     : @ 109901.520: tcs3701: stop power rail pending_off timer
11-23 19:10:49.323  1011  1189 D ASH     : @ 109901.520: tcs3701: start power rail timer, state:3
11-23 19:10:49.363  1011  1189 I ASH     : @ 109901.560: tcs3701: stop power rail pending_off timer
11-23 19:10:49.364  1011  1189 D ASH     : @ 109901.560: tcs3701: start power rail timer, state:3
11-23 19:10:49.369  1795  4157 D ActivityManager: freezer override set to true
11-23 19:10:49.374  1795  4157 D ActivityManager: freezer override set to false
11-23 19:10:49.386  9398  9436 I BatteryMgr:DataCollectionService: stats => 1700763049386,10375,4447,9765,4169000,100
11-23 19:10:49.387  1795  4157 D ActivityManager: freezer override set to true
11-23 19:10:49.403  1011  1189 I ASH     : @ 109901.600: tcs3701: stop power rail pending_off timer
11-23 19:10:49.403  1011  1189 D ASH     : @ 109901.600: tcs3701: start power rail timer, state:3
11-23 19:10:49.444  1011  1189 I ASH     : @ 109901.640: tcs3701: stop power rail pending_off timer
11-23 19:10:49.444  1011  1189 D ASH     : @ 109901.640: tcs3701: start power rail timer, state:3
11-23 19:10:49.483  1011  1189 I ASH     : @ 109901.680: tcs3701: stop power rail pending_off timer
11-23 19:10:49.484  1011  1189 D ASH     : @ 109901.680: tcs3701: start power rail timer, state:3
11-23 19:10:49.490  9398  9436 I BatteryMgr:DataCollectionService: stats => 1700763049490,10375,4447,9765,4169000,100
11-23 19:10:49.523  1011  1189 I ASH     : @ 109901.720: tcs3701: stop power rail pending_off timer
11-23 19:10:49.523  1011  1189 D ASH     : @ 109901.720: tcs3701: start power rail timer, state:3
11-23 19:10:49.546 17798 17852 I m.chrome.canary: Explicit concurrent copying GC freed 284046(6140KB) AllocSpace objects, 7(192KB) LOS objects, 75% free, 11MB/47MB, paused 74us,24us total 48.188ms
11-23 19:10:49.564  1011  1189 I ASH     : @ 109901.760: tcs3701: stop power rail pending_off timer
11-23 19:10:49.564  1011  1189 D ASH     : @ 109901.760: tcs3701: start power rail timer, state:3
11-23 19:10:49.596  9398  9436 I BatteryMgr:DataCollectionService: stats => 1700763049596,10375,4447,9765,4169000,100
11-23 19:10:49.603  1011  1189 I ASH     : @ 109901.800: tcs3701: stop power rail pending_off timer
11-23 19:10:49.603  1011  1189 D ASH     : @ 109901.800: tcs3701: start power rail timer, state:3
11-23 19:10:49.604  1795  4157 D ActivityManager: freezer override set to false
11-23 19:10:49.643  1011  1189 I ASH     : @ 109901.840: tcs3701: stop power rail pending_off timer
11-23 19:10:49.644  1011  1189 D ASH     : @ 109901.840: tcs3701: start power rail timer, state:3
11-23 19:10:49.664  1795  4157 D ActivityManager: freezer override set to true
11-23 19:10:49.666  1795  4157 D ActivityManager: freezer override set to false
11-23 19:10:49.684  1011  1189 I ASH     : @ 109901.880: tcs3701: stop power rail pending_off timer
11-23 19:10:49.684  1011  1189 D ASH     : @ 109901.880: tcs3701: start power rail timer, state:3
11-23 19:10:49.701  9398  9436 I BatteryMgr:DataCollectionService: stats => 1700763049701,10375,4447,9765,4169000,100
11-23 19:10:49.724  1011  1189 I ASH     : @ 109901.920: tcs3701: stop power rail pending_off timer
11-23 19:10:49.724  1011  1189 D ASH     : @ 109901.920: tcs3701: start power rail timer, state:3
11-23 19:10:49.748 17873 17909 I AdrenoVK-0: QUALCOMM build          : 4783c89, I46ff5fc46f
11-23 19:10:49.748 17873 17909 I AdrenoVK-0: Build Date              : 11/30/20
11-23 19:10:49.748 17873 17909 I AdrenoVK-0: Shader Compiler Version : EV031.31.04.01
11-23 19:10:49.748 17873 17909 I AdrenoVK-0: Local Branch            : QPR2
11-23 19:10:49.748 17873 17909 I AdrenoVK-0: Remote Branch           : 
11-23 19:10:49.748 17873 17909 I AdrenoVK-0: Remote Branch           : 
11-23 19:10:49.748 17873 17909 I AdrenoVK-0: Reconstruct Branch      : 
11-23 19:10:49.749 17873 17909 I AdrenoVK-0: Build Config            : S P 10.0.4 AArch64
11-23 19:10:49.749 17873 17909 I AdrenoVK-0: Driver Path             : /vendor/lib64/hw/vulkan.adreno.so
11-23 19:10:49.763  1011  1189 I ASH     : @ 109901.960: tcs3701: stop power rail pending_off timer
11-23 19:10:49.763  1011  1189 D ASH     : @ 109901.960: tcs3701: start power rail timer, state:3
11-23 19:10:49.764 17798 17856 W chromium: [WARNING:ev_root_ca_metadata.cc(119)] Not implemented
11-23 19:10:49.791 17798 17856 W chromium: [WARNING:ev_root_ca_metadata.cc(119)] Not implemented
11-23 19:10:49.803  1011  1189 I ASH     : @ 109902.000: tcs3701: stop power rail pending_off timer
11-23 19:10:49.803  1011  1189 D ASH     : @ 109902.000: tcs3701: start power rail timer, state:3
11-23 19:10:49.809  9398  9436 I BatteryMgr:DataCollectionService: stats => 1700763049809,10375,4447,9765,4169000,100
11-23 19:10:49.840 17798 17856 W chromium: [WARNING:ev_root_ca_metadata.cc(119)] Not implemented
11-23 19:10:49.843  1011  1189 I ASH     : @ 109902.040: tcs3701: stop power rail pending_off timer
11-23 19:10:49.843  1011  1189 D ASH     : @ 109902.040: tcs3701: start power rail timer, state:3
11-23 19:10:49.883  1011  1189 I ASH     : @ 109902.080: tcs3701: stop power rail pending_off timer
11-23 19:10:49.883  1011  1189 D ASH     : @ 109902.080: tcs3701: start power rail timer, state:3
11-23 19:10:49.904 17798 17856 W chromium: [WARNING:ev_root_ca_metadata.cc(119)] Not implemented
11-23 19:10:49.904 17798 17856 W chromium: [WARNING:ev_root_ca_metadata.cc(119)] Not implemented
11-23 19:10:49.919  9398  9436 I BatteryMgr:DataCollectionService: stats => 1700763049919,10375,4447,9765,4169000,100
11-23 19:10:49.923  1011  1189 I ASH     : @ 109902.120: tcs3701: stop power rail pending_off timer
11-23 19:10:49.923  1011  1189 D ASH     : @ 109902.120: tcs3701: start power rail timer, state:3
11-23 19:10:49.942  3875  3875 I VISHotwordAdapter: Not connected and not waiting for connection.
11-23 19:10:49.944  3875  3875 I VISHotwordAdapter: Still waiting for connection; add the callback to callback list
11-23 19:10:49.946  3875  3875 W VISHotwordAdapter: gsaVis null binding. HDM in use.
11-23 19:10:49.954 17798 17836 I cr_BindingManager: Visible binding enabled: maxSize=-1
11-23 19:10:49.962  1795  3807 W PackageConfigPersister: App-specific configuration not found for packageName: com.chrome.canary and userId: 0
11-23 19:10:49.963  1011  1189 I ASH     : @ 109902.160: tcs3701: stop power rail pending_off timer
11-23 19:10:49.964  1011  1189 D ASH     : @ 109902.160: tcs3701: start power rail timer, state:3
11-23 19:10:49.969 17798 17798 I cr_A11yState: Enabled accessibility services list updated.
11-23 19:10:49.970 17798 17798 I cr_A11yState: Informing listeners of changes.
11-23 19:10:49.970 17798 17798 I cr_A11yState: New AccessibilityState: State{isScreenReaderEnabled=false, isTouchExplorationEnabled=false, isPerformGesturesEnabled=false, isAnyAccessibilityServiceEnabled=false, isAccessibilityToolPresent=false, isSpokenFeedbackServicePresent=false, isTextShowPasswordEnabled=true, isOnlyPasswordManagersEnabled=false}
11-23 19:10:50.003  1011  1189 I ASH     : @ 109902.200: tcs3701: stop power rail pending_off timer
11-23 19:10:50.003  1011  1189 D ASH     : @ 109902.200: tcs3701: start power rail timer, state:3
11-23 19:10:50.027  9398  9436 I BatteryMgr:DataCollectionService: stats => 1700763050027,10375,4447,9765,4169000,100
11-23 19:10:50.043  1011  1189 I ASH     : @ 109902.240: tcs3701: stop power rail pending_off timer
11-23 19:10:50.043  1011  1189 D ASH     : @ 109902.240: tcs3701: start power rail timer, state:3
11-23 19:10:50.083  1011  1189 I ASH     : @ 109902.280: tcs3701: stop power rail pending_off timer
11-23 19:10:50.083  1011  1189 D ASH     : @ 109902.280: tcs3701: start power rail timer, state:3
11-23 19:10:50.123  1011  1189 I ASH     : @ 109902.320: tcs3701: stop power rail pending_off timer
11-23 19:10:50.123  1011  1189 D ASH     : @ 109902.320: tcs3701: start power rail timer, state:3
11-23 19:10:50.132  9398  9436 I BatteryMgr:DataCollectionService: stats => 1700763050132,10375,4447,9765,4169000,100
11-23 19:10:50.163  1011  1189 I ASH     : @ 109902.360: tcs3701: stop power rail pending_off timer
11-23 19:10:50.163  1011  1189 D ASH     : @ 109902.360: tcs3701: start power rail timer, state:3
11-23 19:10:50.204  1011  1189 I ASH     : @ 109902.400: tcs3701: stop power rail pending_off timer
11-23 19:10:50.204  1011  1189 D ASH     : @ 109902.400: tcs3701: start power rail timer, state:3
11-23 19:10:50.238  9398  9436 I BatteryMgr:DataCollectionService: stats => 1700763050238,10375,4447,9765,4169000,100
11-23 19:10:50.243  1011  1189 I ASH     : @ 109902.440: tcs3701: stop power rail pending_off timer
11-23 19:10:50.243  1011  1189 D ASH     : @ 109902.440: tcs3701: start power rail timer, state:3
11-23 19:10:50.284  1011  1189 I ASH     : @ 109902.480: tcs3701: stop power rail pending_off timer
11-23 19:10:50.284  1011  1189 D ASH     : @ 109902.480: tcs3701: start power rail timer, state:3
11-23 19:10:50.320 17798 17856 W chromium: [WARNING:ev_root_ca_metadata.cc(119)] Not implemented
11-23 19:10:50.320 17798 17856 W chromium: [WARNING:ev_root_ca_metadata.cc(119)] Not implemented
11-23 19:10:50.323  1011  1189 I ASH     : @ 109902.520: tcs3701: stop power rail pending_off timer
11-23 19:10:50.323  1011  1189 D ASH     : @ 109902.520: tcs3701: start power rail timer, state:3
11-23 19:10:50.343  9398  9436 I BatteryMgr:DataCollectionService: stats => 1700763050342,10375,4447,9765,4169000,100
11-23 19:10:50.363  1011  1189 I ASH     : @ 109902.560: tcs3701: stop power rail pending_off timer
11-23 19:10:50.363  1011  1189 D ASH     : @ 109902.560: tcs3701: start power rail timer, state:3
11-23 19:10:50.379  1795  3807 D ActivityManager: freezer override set to true
11-23 19:10:50.383  1795  3807 D ActivityManager: freezer override set to false
11-23 19:10:50.404  1011  1189 I ASH     : @ 109902.600: tcs3701: stop power rail pending_off timer
11-23 19:10:50.404  1011  1189 D ASH     : @ 109902.600: tcs3701: start power rail timer, state:3
11-23 19:10:50.443  1011  1189 I ASH     : @ 109902.640: tcs3701: stop power rail pending_off timer
11-23 19:10:50.443  1011  1189 D ASH     : @ 109902.640: tcs3701: start power rail timer, state:3
11-23 19:10:50.448  9398  9436 I BatteryMgr:DataCollectionService: stats => 1700763050448,10375,4447,9765,4169000,100
11-23 19:10:50.483  1011  1189 I ASH     : @ 109902.680: tcs3701: stop power rail pending_off timer
11-23 19:10:50.483  1011  1189 D ASH     : @ 109902.680: tcs3701: start power rail timer, state:3
11-23 19:10:50.523  1011  1189 I ASH     : @ 109902.720: tcs3701: stop power rail pending_off timer
11-23 19:10:50.523  1011  1189 D ASH     : @ 109902.720: tcs3701: start power rail timer, state:3
11-23 19:10:50.540 17873 17909 I AdrenoVK-0: QUALCOMM build          : 4783c89, I46ff5fc46f
11-23 19:10:50.540 17873 17909 I AdrenoVK-0: Build Date              : 11/30/20
11-23 19:10:50.540 17873 17909 I AdrenoVK-0: Shader Compiler Version : EV031.31.04.01
11-23 19:10:50.540 17873 17909 I AdrenoVK-0: Local Branch            : QPR2
11-23 19:10:50.540 17873 17909 I AdrenoVK-0: Remote Branch           : 
11-23 19:10:50.540 17873 17909 I AdrenoVK-0: Remote Branch           : 
11-23 19:10:50.540 17873 17909 I AdrenoVK-0: Reconstruct Branch      : 
11-23 19:10:50.540 17873 17909 I AdrenoVK-0: Build Config            : S P 10.0.4 AArch64
11-23 19:10:50.540 17873 17909 I AdrenoVK-0: Driver Path             : /vendor/lib64/hw/vulkan.adreno.so
11-23 19:10:50.554  9398  9436 I BatteryMgr:DataCollectionService: stats => 1700763050553,10375,4447,9765,4169000,100
11-23 19:10:50.563  1011  1189 I ASH     : @ 109902.760: tcs3701: stop power rail pending_off timer
11-23 19:10:50.563  1011  1189 D ASH     : @ 109902.760: tcs3701: start power rail timer, state:3
11-23 19:10:50.568  2113  2118 I pixel-thermal: skin-therm-monitor: 37.362
11-23 19:10:50.603  1011  1189 I ASH     : @ 109902.800: tcs3701: stop power rail pending_off timer
11-23 19:10:50.603  1011  1189 D ASH     : @ 109902.800: tcs3701: start power rail timer, state:3
11-23 19:10:50.644  1011  1189 I ASH     : @ 109902.840: tcs3701: stop power rail pending_off timer
11-23 19:10:50.644  1011  1189 D ASH     : @ 109902.840: tcs3701: start power rail timer, state:3
11-23 19:10:50.659  9398  9436 I BatteryMgr:DataCollectionService: stats => 1700763050659,10375,4447,9765,4169000,100
11-23 19:10:50.683  1011  1189 I ASH     : @ 109902.880: tcs3701: stop power rail pending_off timer
11-23 19:10:50.683  1011  1189 D ASH     : @ 109902.880: tcs3701: start power rail timer, state:3
11-23 19:10:50.713 17798 17798 D CompatibilityChangeReporter: Compat change id reported: 194532703; UID 10010; state: ENABLED
11-23 19:10:50.715  1795  3807 D CompatibilityChangeReporter: Compat change id reported: 194532703; UID 10010; state: ENABLED
11-23 19:10:50.726  1011  1189 I ASH     : @ 109902.920: tcs3701: stop power rail pending_off timer
11-23 19:10:50.726  1011  1189 D ASH     : @ 109902.920: tcs3701: start power rail timer, state:3
11-23 19:10:50.739 17798 17798 I cr_omaha: Scheduled using JobService
11-23 19:10:50.739 17798 17798 E cr_BkgrdTaskJS: Tried finishing non-current BackgroundTask.
11-23 19:10:50.763  1011  1189 I ASH     : @ 109902.960: tcs3701: stop power rail pending_off timer
11-23 19:10:50.763  1011  1189 D ASH     : @ 109902.960: tcs3701: start power rail timer, state:3
11-23 19:10:50.765  9398  9436 I BatteryMgr:DataCollectionService: stats => 1700763050765,10375,4447,9765,4169000,100
11-23 19:10:50.786  9544  9558 I native  : I0000 00:00:1700763050.786832    9558 device_profile_database_helpers.cc:563] Found nothing for mTS_ld
11-23 19:10:50.787  9544  9558 I native  : I0000 00:00:1700763050.787075    9558 device_profile_database_helpers.cc:563] Found nothing for redfin/redfin
11-23 19:10:50.787  9544  9558 I native  : I0000 00:00:1700763050.787133    9558 device_profile_database_helpers.cc:550] Considering b4SrL5:11
11-23 19:10:50.787  9544  9558 I native  : I0000 00:00:1700763050.787193    9558 device_profile_database_helpers.cc:509] Device profile for google/redfin/redfin:13/TQ3A.230901.001/10750268:user/release-keys: b4SrL5:11
11-23 19:10:50.797  1011  1189 I VSC     : @ 109902.994: {Fusion} configure fusion 15 16666us 0us.
11-23 19:10:50.797  1011  1189 D VSC     : @ 109902.994: [Game Rotation Vector Sensor] Request accel, interval 16.6 ms, latency 0.0 ms
11-23 19:10:50.798  1011  1189 D VSC     : @ 109902.994: [Game Rotation Vector Sensor] Request gyro, interval 5.0 ms, latency 0.0 ms
11-23 19:10:50.803  1011  1189 I ASH     : @ 109903.000: tcs3701: stop power rail pending_off timer
11-23 19:10:50.803  1011  1189 D ASH     : @ 109903.000: tcs3701: start power rail timer, state:3
11-23 19:10:50.818  1011  1189 D ASH     : @ 109903.013: SensorType 1 resampler quality 3
11-23 19:10:50.818  1011  1189 D ASH     : @ 109903.014: SensorType 1 resampler quality 2
11-23 19:10:50.819  1795  4172 D ActivityManager: freezer override set to true
11-23 19:10:50.843  1011  1189 I ASH     : @ 109903.040: tcs3701: stop power rail pending_off timer
11-23 19:10:50.843  1011  1189 D ASH     : @ 109903.040: tcs3701: start power rail timer, state:3
11-23 19:10:50.844  1011  1189 D ASH     : @ 109903.040: SensorType 195 resampler quality 1
11-23 19:10:50.870  9398  9436 I BatteryMgr:DataCollectionService: stats => 1700763050869,10375,4447,9765,4169000,100
11-23 19:10:50.883  1011  1189 I ASH     : @ 109903.080: tcs3701: stop power rail pending_off timer
11-23 19:10:50.883  1011  1189 D ASH     : @ 109903.080: tcs3701: start power rail timer, state:3
11-23 19:10:50.923  1011  1189 I ASH     : @ 109903.120: tcs3701: stop power rail pending_off timer
11-23 19:10:50.923  1011  1189 D ASH     : @ 109903.120: tcs3701: start power rail timer, state:3
11-23 19:10:50.934 17798 17811 W m.chrome.canary: Cleared Reference was only reachable from finalizer (only reported once)
11-23 19:10:50.937 17798 17811 I m.chrome.canary: Explicit concurrent copying GC freed 22291(1085KB) AllocSpace objects, 11(528KB) LOS objects, 75% free, 11MB/47MB, paused 39us,27us total 52.232ms
11-23 19:10:50.963  1011  1189 I ASH     : @ 109903.160: tcs3701: stop power rail pending_off timer
11-23 19:10:50.963  1011  1189 D ASH     : @ 109903.160: tcs3701: start power rail timer, state:3
11-23 19:10:50.976  9398  9436 I BatteryMgr:DataCollectionService: stats => 1700763050976,10375,4447,9765,4169000,100
11-23 19:10:50.994  1795  4172 D ActivityManager: freezer override set to false
11-23 19:10:51.004  1011  1189 I ASH     : @ 109903.200: tcs3701: stop power rail pending_off timer
11-23 19:10:51.004  1011  1189 D ASH     : @ 109903.200: tcs3701: start power rail timer, state:3
11-23 19:10:51.043  1011  1189 I ASH     : @ 109903.240: tcs3701: stop power rail pending_off timer
11-23 19:10:51.043  1011  1189 D ASH     : @ 109903.240: tcs3701: start power rail timer, state:3
11-23 19:10:51.055  1795  4172 D ActivityManager: freezer override set to true
11-23 19:10:51.058  1795  4172 D ActivityManager: freezer override set to false
11-23 19:10:51.083  1011  1189 I ASH     : @ 109903.280: tcs3701: stop power rail pending_off timer
11-23 19:10:51.083  1011  1189 D ASH     : @ 109903.280: tcs3701: start power rail timer, state:3
11-23 19:10:51.085  9398  9436 I BatteryMgr:DataCollectionService: stats => 1700763051085,10375,4447,9765,4169000,100
11-23 19:10:51.088 17798 17856 W chromium: [WARNING:ev_root_ca_metadata.cc(119)] Not implemented
11-23 19:10:51.123  1011  1189 I ASH     : @ 109903.320: tcs3701: stop power rail pending_off timer
11-23 19:10:51.123  1011  1189 D ASH     : @ 109903.320: tcs3701: start power rail timer, state:3
11-23 19:10:51.163  1011  1189 I ASH     : @ 109903.360: tcs3701: stop power rail pending_off timer
11-23 19:10:51.163  1011  1189 D ASH     : @ 109903.360: tcs3701: start power rail timer, state:3
11-23 19:10:51.186  1795  2424 D WifiClientModeImpl[13802:wlan0]: updateLinkLayerStatsRssiSpeedFrequencyCapabilities rssi=-43 TxLinkspeed=866 freq=5240 RxLinkSpeed=866
11-23 19:10:51.186  1795  2424 D WifiDataStall: tx tput in kbps: 577504
11-23 19:10:51.186  1795  2424 D WifiDataStall: rx tput in kbps: 791578
11-23 19:10:51.187  1795  2424 V WifiConfigManager: Updating scan detail cache freq=5240 BSSID=f4:6d:2f:12:cc:88 RSSI=-43 for "ourhome"WPA_PSK
11-23 19:10:51.187  3213  3231 V WifiManager: OnWifiUsabilityStatsListener: onWifiUsabilityStats: seqNum=36269
11-23 19:10:51.187  1795  4165 I WifiService: updateWifiUsabilityScore uid=10180 seqNum=36269 score=100 predictionHorizonSec=1441795
11-23 19:10:51.188  1795  2424 D WifiChannelUtilization:  freq: 5240 onTime: 3229017 busyTime: 279925 onTimeDiff: 3228722 busyTimeDiff: 279908 utilization: 22 utilization t0: 22
11-23 19:10:51.188  1795  2424 D WifiDataStall:  ccaLevel = 22
11-23 19:10:51.188  1795  2424 D WifiDataStall: L2 txTputKbps: 625346, rxTputKbps: 791578, L3 txTputKbps: 261, rxTputKbps: 21552, TxTrafficHigh: true, RxTrafficHigh: true, Throughput Sufficient: true
11-23 19:10:51.188  1795  2424 D WifiScoreReport: Wifi scoring disabled - Don't check IP layer
11-23 19:10:51.189  1795  2424 D WifiScoreCard: BSSID update SIGNAL_POLL ID: 1320464697 SSID: "ourhome", BSSID: f4:6d:2f:12:cc:88, MAC: b2:2f:ec:da:4a:0c, IP: /192.168.1.104, Security type: 2, Supplicant state: COMPLETED, Wi-Fi standard: 5, RSSI: -43, Link speed: 866Mbps, Tx Link speed: 866Mbps, Max Supported Tx Link speed: 866Mbps, Rx Link speed: 866Mbps, Max Supported Rx Link speed: 866Mbps, Frequency: 5240MHz, Net ID: 12, Metered hint: false, score: 60, isUsable: true, CarrierMerged: false, SubscriptionId: -1, IsPrimary: 1, Trusted: true, Restricted: false, Ephemeral: false, OEM paid: false, OEM private: false, OSU AP: false, FQDN: <none>, Provider friendly name: <none>, Requesting package name: <none>"ourhome"wpa2-pskMLO Information: , Is TID-To-Link negotiation supported by the AP: false, AP MLD Address: <none>, AP MLO Link Id: <none>, AP MLO Affiliated links: <none>
11-23 19:10:51.189  1795  2424 D WifiScoreCard: txRate: 307 txSpeed: 866
11-23 19:10:51.189  1795  2424 D WifiScoreCard: network update SIGNAL_POLL "ourhome" ID: 1499892569 RSSI -43 txSpeed 866
11-23 19:10:51.189  1795  2424 D WifiClientModeImpl[13802:wlan0]:  ClientModeImpl$L2ConnectedState screen=on 23 0 "ourhome" f4:6d:2f:12:cc:88 rssi=-43 f=5240 sc=60 link=866 tx=241.8, 64.3, 0.0 rx=867.8 bcn=1053901 [on:2491 tx:98 rx:95 period:3008] from screen [on:47211 period:1128126] score=60
11-23 19:10:51.189  1795  2424 D WifiScoreReport: Wifi scoring disabled - Notify that Wifi is usable
11-23 19:10:51.191  1795  2432 D ConnectivityService: NetReassign [no changes] [c 0] [a 0] [i 2]
11-23 19:10:51.192  9398  9436 I BatteryMgr:DataCollectionService: stats => 1700763051192,10375,4447,9765,4169000,100
11-23 19:10:51.203  1011  1189 I ASH     : @ 109903.400: tcs3701: stop power rail pending_off timer
11-23 19:10:51.203  1011  1189 D ASH     : @ 109903.400: tcs3701: start power rail timer, state:3
11-23 19:10:51.243  1011  1189 I ASH     : @ 109903.440: tcs3701: stop power rail pending_off timer
11-23 19:10:51.243  1011  1189 D ASH     : @ 109903.440: tcs3701: start power rail timer, state:3
11-23 19:10:51.283  1011  1189 I ASH     : @ 109903.480: tcs3701: stop power rail pending_off timer
11-23 19:10:51.283  1011  1189 D ASH     : @ 109903.480: tcs3701: start power rail timer, state:3
11-23 19:10:51.303  9398  9436 I BatteryMgr:DataCollectionService: stats => 1700763051303,10375,4447,9765,4169000,100
11-23 19:10:51.323  1011  1189 I ASH     : @ 109903.520: tcs3701: stop power rail pending_off timer
11-23 19:10:51.323  1011  1189 D ASH     : @ 109903.520: tcs3701: start power rail timer, state:3
11-23 19:10:51.363  1011  1189 I ASH     : @ 109903.560: tcs3701: stop power rail pending_off timer
11-23 19:10:51.363  1011  1189 D ASH     : @ 109903.560: tcs3701: start power rail timer, state:3
11-23 19:10:51.382  1795  4165 D ActivityManager: freezer override set to true
11-23 19:10:51.388  1795  4165 D ActivityManager: freezer override set to false
11-23 19:10:51.403  1011  1189 I ASH     : @ 109903.600: tcs3701: stop power rail pending_off timer
11-23 19:10:51.403  1011  1189 D ASH     : @ 109903.600: tcs3701: start power rail timer, state:3
11-23 19:10:51.415  9398  9436 I BatteryMgr:DataCollectionService: stats => 1700763051415,10375,4447,9765,4169000,100
11-23 19:10:51.443  1011  1189 I ASH     : @ 109903.640: tcs3701: stop power rail pending_off timer
11-23 19:10:51.443  1011  1189 D ASH     : @ 109903.640: tcs3701: start power rail timer, state:3
11-23 19:10:51.484  1011  1189 I ASH     : @ 109903.680: tcs3701: stop power rail pending_off timer
11-23 19:10:51.484  1011  1189 D ASH     : @ 109903.680: tcs3701: start power rail timer, state:3
11-23 19:10:51.523  1011  1189 I ASH     : @ 109903.720: tcs3701: stop power rail pending_off timer
11-23 19:10:51.523  1011  1189 D ASH     : @ 109903.720: tcs3701: start power rail timer, state:3
11-23 19:10:51.524  9398  9436 I BatteryMgr:DataCollectionService: stats => 1700763051524,10375,4447,9765,4169000,100
11-23 19:10:51.563  1011  1189 I ASH     : @ 109903.760: tcs3701: stop power rail pending_off timer
11-23 19:10:51.563  1011  1189 D ASH     : @ 109903.760: tcs3701: start power rail timer, state:3
11-23 19:10:51.603  1011  1189 I ASH     : @ 109903.800: tcs3701: stop power rail pending_off timer
11-23 19:10:51.604  1011  1189 D ASH     : @ 109903.800: tcs3701: start power rail timer, state:3
11-23 19:10:51.633  9398  9436 I BatteryMgr:DataCollectionService: stats => 1700763051633,10375,4447,9765,4169000,100
11-23 19:10:51.643  1011  1189 I ASH     : @ 109903.840: tcs3701: stop power rail pending_off timer
11-23 19:10:51.643  1011  1189 D ASH     : @ 109903.840: tcs3701: start power rail timer, state:3
11-23 19:10:51.686  1011  1189 I ASH     : @ 109903.880: tcs3701: stop power rail pending_off timer
11-23 19:10:51.687  1011  1189 D ASH     : @ 109903.880: tcs3701: start power rail timer, state:3
11-23 19:10:51.723  1011  1189 I ASH     : @ 109903.920: tcs3701: stop power rail pending_off timer
11-23 19:10:51.723  1011  1189 D ASH     : @ 109903.920: tcs3701: start power rail timer, state:3
11-23 19:10:51.749  9398  9436 I BatteryMgr:DataCollectionService: stats => 1700763051749,10375,4447,9765,4169000,100
11-23 19:10:51.763  1011  1189 I ASH     : @ 109903.960: tcs3701: stop power rail pending_off timer
11-23 19:10:51.763  1011  1189 D ASH     : @ 109903.960: tcs3701: start power rail timer, state:3
11-23 19:10:51.803  1011  1189 I ASH     : @ 109904.000: tcs3701: stop power rail pending_off timer
11-23 19:10:51.803  1011  1189 D ASH     : @ 109904.000: tcs3701: start power rail timer, state:3
11-23 19:10:51.844  1011  1189 I ASH     : @ 109904.040: tcs3701: stop power rail pending_off timer
11-23 19:10:51.844  1011  1189 D ASH     : @ 109904.040: tcs3701: start power rail timer, state:3
11-23 19:10:51.863  9398  9436 I BatteryMgr:DataCollectionService: stats => 1700763051863,10375,4447,9765,4169000,100
11-23 19:10:51.883  1011  1189 I ASH     : @ 109904.080: tcs3701: stop power rail pending_off timer
11-23 19:10:51.883  1011  1189 D ASH     : @ 109904.080: tcs3701: start power rail timer, state:3
11-23 19:10:51.923  1011  1189 I ASH     : @ 109904.120: tcs3701: stop power rail pending_off timer
11-23 19:10:51.923  1011  1189 D ASH     : @ 109904.120: tcs3701: start power rail timer, state:3
11-23 19:10:51.964  1011  1189 I ASH     : @ 109904.160: tcs3701: stop power rail pending_off timer
11-23 19:10:51.964  1011  1189 D ASH     : @ 109904.160: tcs3701: start power rail timer, state:3
11-23 19:10:51.975  9398  9436 I BatteryMgr:DataCollectionService: stats => 1700763051975,10375,4447,9765,4169000,100
11-23 19:10:52.003  1011  1189 I ASH     : @ 109904.200: tcs3701: stop power rail pending_off timer
11-23 19:10:52.003  1011  1189 D ASH     : @ 109904.200: tcs3701: start power rail timer, state:3
11-23 19:10:52.043  1011  1189 I ASH     : @ 109904.240: tcs3701: stop power rail pending_off timer
11-23 19:10:52.043  1011  1189 D ASH     : @ 109904.240: tcs3701: start power rail timer, state:3
11-23 19:10:52.080  9398  9436 I BatteryMgr:DataCollectionService: stats => 1700763052080,10375,4447,9765,4169000,100
11-23 19:10:52.083  1011  1189 I ASH     : @ 109904.280: tcs3701: stop power rail pending_off timer
11-23 19:10:52.083  1011  1189 D ASH     : @ 109904.280: tcs3701: start power rail timer, state:3
11-23 19:10:52.123  1011  1189 I ASH     : @ 109904.320: tcs3701: stop power rail pending_off timer
11-23 19:10:52.123  1011  1189 D ASH     : @ 109904.320: tcs3701: start power rail timer, state:3
11-23 19:10:52.166  1011  1189 I ASH     : @ 109904.360: tcs3701: stop power rail pending_off timer
11-23 19:10:52.166  1011  1189 D ASH     : @ 109904.360: tcs3701: start power rail timer, state:3
11-23 19:10:52.192  9398  9436 I BatteryMgr:DataCollectionService: stats => 1700763052192,10375,4447,9765,4169000,100
11-23 19:10:52.203  1011  1189 I ASH     : @ 109904.400: tcs3701: stop power rail pending_off timer
11-23 19:10:52.203  1011  1189 D ASH     : @ 109904.400: tcs3701: start power rail timer, state:3
11-23 19:10:52.243  1011  1189 I ASH     : @ 109904.440: tcs3701: stop power rail pending_off timer
11-23 19:10:52.243  1011  1189 D ASH     : @ 109904.440: tcs3701: start power rail timer, state:3
11-23 19:10:52.284  1011  1189 I ASH     : @ 109904.480: tcs3701: stop power rail pending_off timer
11-23 19:10:52.284  1011  1189 D ASH     : @ 109904.480: tcs3701: start power rail timer, state:3
11-23 19:10:52.300  9398  9436 I BatteryMgr:DataCollectionService: stats => 1700763052300,10375,4447,9765,4169000,100
11-23 19:10:52.323  1011  1189 I ASH     : @ 109904.520: tcs3701: stop power rail pending_off timer
11-23 19:10:52.323  1011  1189 D ASH     : @ 109904.520: tcs3701: start power rail timer, state:3
11-23 19:10:52.363  1011  1189 I ASH     : @ 109904.560: tcs3701: stop power rail pending_off timer
11-23 19:10:52.363  1011  1189 D ASH     : @ 109904.560: tcs3701: start power rail timer, state:3
11-23 19:10:52.370  1795  4157 D ActivityManager: freezer override set to true
11-23 19:10:52.404  1011  1189 I ASH     : @ 109904.600: tcs3701: stop power rail pending_off timer
11-23 19:10:52.404  1011  1189 D ASH     : @ 109904.600: tcs3701: start power rail timer, state:3
11-23 19:10:52.411  9398  9436 I BatteryMgr:DataCollectionService: stats => 1700763052411,10375,4447,9765,4169000,100
11-23 19:10:52.443  1011  1189 I ASH     : @ 109904.640: tcs3701: stop power rail pending_off timer
11-23 19:10:52.443  1011  1189 D ASH     : @ 109904.640: tcs3701: start power rail timer, state:3
11-23 19:10:52.484  1011  1189 I ASH     : @ 109904.680: tcs3701: stop power rail pending_off timer
11-23 19:10:52.484  1011  1189 D ASH     : @ 109904.680: tcs3701: start power rail timer, state:3
11-23 19:10:52.518  9398  9436 I BatteryMgr:DataCollectionService: stats => 1700763052518,10375,4447,9765,4169000,100
11-23 19:10:52.523  1011  1189 I ASH     : @ 109904.720: tcs3701: stop power rail pending_off timer
11-23 19:10:52.523  1011  1189 D ASH     : @ 109904.720: tcs3701: start power rail timer, state:3
11-23 19:10:52.563  1011  1189 I ASH     : @ 109904.760: tcs3701: stop power rail pending_off timer
11-23 19:10:52.564  1011  1189 D ASH     : @ 109904.760: tcs3701: start power rail timer, state:3
11-23 19:10:52.571  2113  2118 I pixel-thermal: skin-therm-monitor: 37.355
11-23 19:10:52.603  1011  1189 I ASH     : @ 109904.800: tcs3701: stop power rail pending_off timer
11-23 19:10:52.603  1011  1189 D ASH     : @ 109904.800: tcs3701: start power rail timer, state:3
11-23 19:10:52.625  9398  9436 I BatteryMgr:DataCollectionService: stats => 1700763052625,10375,4447,9765,4169000,100
11-23 19:10:52.643  1011  1189 I ASH     : @ 109904.840: tcs3701: stop power rail pending_off timer
11-23 19:10:52.643  1011  1189 D ASH     : @ 109904.840: tcs3701: start power rail timer, state:3
11-23 19:10:52.683  1011  1189 I ASH     : @ 109904.880: tcs3701: stop power rail pending_off timer
11-23 19:10:52.683  1011  1189 D ASH     : @ 109904.880: tcs3701: start power rail timer, state:3
11-23 19:10:52.694 17798 17811 I m.chrome.canary: Explicit concurrent copying GC freed 4062(205KB) AllocSpace objects, 4(80KB) LOS objects, 75% free, 11MB/47MB, paused 107us,56us total 219.273ms
11-23 19:10:52.723  1011  1189 I ASH     : @ 109904.920: tcs3701: stop power rail pending_off timer
11-23 19:10:52.723  1011  1189 D ASH     : @ 109904.920: tcs3701: start power rail timer, state:3
11-23 19:10:52.732  9398  9436 I BatteryMgr:DataCollectionService: stats => 1700763052732,10375,4447,9765,4169000,100
11-23 19:10:52.763  1011  1189 I ASH     : @ 109904.960: tcs3701: stop power rail pending_off timer
11-23 19:10:52.763  1011  1189 D ASH     : @ 109904.960: tcs3701: start power rail timer, state:3
11-23 19:10:52.803  1011  1189 I ASH     : @ 109905.000: tcs3701: stop power rail pending_off timer
11-23 19:10:52.803  1011  1189 D ASH     : @ 109905.000: tcs3701: start power rail timer, state:3
11-23 19:10:52.807  1795  4157 D ActivityManager: freezer override set to false
11-23 19:10:52.843  9398  9436 I BatteryMgr:DataCollectionService: stats => 1700763052842,10375,4447,9765,4169000,100
11-23 19:10:52.843  1011  1189 I ASH     : @ 109905.040: tcs3701: stop power rail pending_off timer
11-23 19:10:52.843  1011  1189 D ASH     : @ 109905.040: tcs3701: start power rail timer, state:3
11-23 19:10:52.883  1011  1189 I ASH     : @ 109905.080: tcs3701: stop power rail pending_off timer
11-23 19:10:52.883  1011  1189 D ASH     : @ 109905.080: tcs3701: start power rail timer, state:3
11-23 19:10:52.894  1795  4157 D ActivityManager: freezer override set to true
11-23 19:10:52.902  1795  4157 D ActivityManager: freezer override set to false
11-23 19:10:52.923  1011  1189 I ASH     : @ 109905.120: tcs3701: stop power rail pending_off timer
11-23 19:10:52.923  1011  1189 D ASH     : @ 109905.120: tcs3701: start power rail timer, state:3
11-23 19:10:52.953  9398  9436 I BatteryMgr:DataCollectionService: stats => 1700763052953,10375,4447,9765,4169000,100
11-23 19:10:52.963  1011  1189 I ASH     : @ 109905.160: tcs3701: stop power rail pending_off timer
11-23 19:10:52.963  1011  1189 D ASH     : @ 109905.160: tcs3701: start power rail timer, state:3
11-23 19:10:53.003  1011  1189 I ASH     : @ 109905.200: tcs3701: stop power rail pending_off timer
11-23 19:10:53.003  1011  1189 D ASH     : @ 109905.200: tcs3701: start power rail timer, state:3
11-23 19:10:53.043  1011  1189 I ASH     : @ 109905.240: tcs3701: stop power rail pending_off timer
11-23 19:10:53.043  1011  1189 D ASH     : @ 109905.240: tcs3701: start power rail timer, state:3
11-23 19:10:53.060  9398  9436 I BatteryMgr:DataCollectionService: stats => 1700763053060,10375,4447,9765,4169000,100
11-23 19:10:53.083  1011  1189 I ASH     : @ 109905.280: tcs3701: stop power rail pending_off timer
11-23 19:10:53.083  1011  1189 D ASH     : @ 109905.280: tcs3701: start power rail timer, state:3
11-23 19:10:53.123  1011  1189 I ASH     : @ 109905.320: tcs3701: stop power rail pending_off timer
11-23 19:10:53.123  1011  1189 D ASH     : @ 109905.320: tcs3701: start power rail timer, state:3
11-23 19:10:53.164  1011  1189 I ASH     : @ 109905.360: tcs3701: stop power rail pending_off timer
11-23 19:10:53.164  1011  1189 D ASH     : @ 109905.360: tcs3701: start power rail timer, state:3
11-23 19:10:53.178  9398  9436 I BatteryMgr:DataCollectionService: stats => 1700763053178,10375,4447,9765,4169000,100
11-23 19:10:53.203  1011  1189 I ASH     : @ 109905.400: tcs3701: stop power rail pending_off timer
11-23 19:10:53.203  1011  1189 D ASH     : @ 109905.400: tcs3701: start power rail timer, state:3
11-23 19:10:53.243  1011  1189 I ASH     : @ 109905.440: tcs3701: stop power rail pending_off timer
11-23 19:10:53.243  1011  1189 D ASH     : @ 109905.440: tcs3701: start power rail timer, state:3
11-23 19:10:53.283  1011  1189 I ASH     : @ 109905.480: tcs3701: stop power rail pending_off timer
11-23 19:10:53.283  1011  1189 D ASH     : @ 109905.480: tcs3701: start power rail timer, state:3
11-23 19:10:53.287  9398  9436 I BatteryMgr:DataCollectionService: stats => 1700763053286,10375,4447,9765,4169000,100
11-23 19:10:53.324  1011  1189 I ASH     : @ 109905.520: tcs3701: stop power rail pending_off timer
11-23 19:10:53.324  1011  1189 D ASH     : @ 109905.520: tcs3701: start power rail timer, state:3
11-23 19:10:53.364  1011  1189 I ASH     : @ 109905.560: tcs3701: stop power rail pending_off timer
11-23 19:10:53.364  1011  1189 D ASH     : @ 109905.560: tcs3701: start power rail timer, state:3
11-23 19:10:53.392  1795  4157 D ActivityManager: freezer override set to true
11-23 19:10:53.395  1795  4157 D ActivityManager: freezer override set to false
11-23 19:10:53.403  9398  9436 I BatteryMgr:DataCollectionService: stats => 1700763053403,10375,4447,9765,4169000,100
11-23 19:10:53.403  1011  1189 I ASH     : @ 109905.600: tcs3701: stop power rail pending_off timer
11-23 19:10:53.403  1011  1189 D ASH     : @ 109905.600: tcs3701: start power rail timer, state:3
11-23 19:10:53.443  1011  1189 I ASH     : @ 109905.640: tcs3701: stop power rail pending_off timer
11-23 19:10:53.443  1011  1189 D ASH     : @ 109905.640: tcs3701: start power rail timer, state:3
11-23 19:10:53.483  1011  1189 I ASH     : @ 109905.680: tcs3701: stop power rail pending_off timer
11-23 19:10:53.484  1011  1189 D ASH     : @ 109905.680: tcs3701: start power rail timer, state:3
11-23 19:10:53.513  9398  9436 I BatteryMgr:DataCollectionService: stats => 1700763053513,10375,4447,9765,4169000,100
11-23 19:10:53.525  1011  1189 I ASH     : @ 109905.720: tcs3701: stop power rail pending_off timer
11-23 19:10:53.525  1011  1189 D ASH     : @ 109905.720: tcs3701: start power rail timer, state:3
11-23 19:10:53.565  1011  1189 I ASH     : @ 109905.760: tcs3701: stop power rail pending_off timer
11-23 19:10:53.565  1011  1189 D ASH     : @ 109905.760: tcs3701: start power rail timer, state:3
11-23 19:10:53.603  1011  1189 I ASH     : @ 109905.800: tcs3701: stop power rail pending_off timer
11-23 19:10:53.603  1011  1189 D ASH     : @ 109905.800: tcs3701: start power rail timer, state:3
11-23 19:10:53.620  9398  9436 I BatteryMgr:DataCollectionService: stats => 1700763053619,10375,4447,9765,4169000,100
11-23 19:10:53.643  1011  1189 I ASH     : @ 109905.840: tcs3701: stop power rail pending_off timer
11-23 19:10:53.643  1011  1189 D ASH     : @ 109905.840: tcs3701: start power rail timer, state:3
11-23 19:10:53.683  1011  1189 I ASH     : @ 109905.880: tcs3701: stop power rail pending_off timer
11-23 19:10:53.683  1011  1189 D ASH     : @ 109905.880: tcs3701: start power rail timer, state:3
11-23 19:10:53.723  1011  1189 I ASH     : @ 109905.920: tcs3701: stop power rail pending_off timer
