--------- beginning of main
11-23 21:28:17.042  1011  1189 I ASH     : @ 118149.237: tcs3701: stop power rail pending_off timer
11-23 21:28:17.042  1011  1189 D ASH     : @ 118149.237: tcs3701: start power rail timer, state:3
11-23 21:28:17.082  1011  1189 I ASH     : @ 118149.277: tcs3701: stop power rail pending_off timer
11-23 21:28:17.082  1011  1189 D ASH     : @ 118149.277: tcs3701: start power rail timer, state:3
11-23 21:28:17.090  9398  9434 I BatteryMgr:DataCollectionService: stats => 1700771297090,11596,4446,9765,4169000,100
11-23 21:28:17.091  9398  7861 I BatteryMgr:DataCollectionService: stats => 1700771297091,11596,4446,9765,4169000,100
11-23 21:28:17.122  1011  1189 I ASH     : @ 118149.317: tcs3701: stop power rail pending_off timer
11-23 21:28:17.122  1011  1189 D ASH     : @ 118149.317: tcs3701: start power rail timer, state:3
11-23 21:28:17.162  1011  1189 I ASH     : @ 118149.357: tcs3701: stop power rail pending_off timer
11-23 21:28:17.162  1011  1189 D ASH     : @ 118149.357: tcs3701: start power rail timer, state:3
11-23 21:28:17.195  7376  7376 D AndroidRuntime: >>>>>> START com.android.internal.os.RuntimeInit uid 2000 <<<<<<
11-23 21:28:17.199  7376  7376 I AndroidRuntime: Using default boot image
11-23 21:28:17.199  7376  7376 I AndroidRuntime: Leaving lock profiling enabled
11-23 21:28:17.202  1011  1189 I ASH     : @ 118149.397: tcs3701: stop power rail pending_off timer
11-23 21:28:17.202  1011  1189 D ASH     : @ 118149.397: tcs3701: start power rail timer, state:3
11-23 21:28:17.202  7376  7376 I app_process: Using CollectorTypeCC GC.
11-23 21:28:17.202  9398  9433 I BatteryMgr:DataCollectionService: stats => 1700771297202,11596,4446,9765,4169000,100
11-23 21:28:17.204  9398  7861 I BatteryMgr:DataCollectionService: stats => 1700771297204,11596,4446,9765,4169000,100
11-23 21:28:17.241  1011  1189 I ASH     : @ 118149.437: tcs3701: stop power rail pending_off timer
11-23 21:28:17.241  1011  1189 D ASH     : @ 118149.437: tcs3701: start power rail timer, state:3
11-23 21:28:17.276  7376  7376 D nativeloader: InitDefaultPublicLibraries for_preload=1: libandroid.so:libaaudio.so:libamidi.so:libbinder_ndk.so:libc.so:libcamera2ndk.so:libdl.so:libEGL.so:libGLESv1_CM.so:libGLESv2.so:libGLESv3.so:libicu.so:libicui18n.so:libicuuc.so:libjnigraphics.so:liblog.so:libmediandk.so:libm.so:libnativehelper.so:libnativewindow.so:libOpenMAXAL.so:libOpenSLES.so:libRS.so:libstdc++.so:libsync.so:libvulkan.so:libwebviewchromium_plat_support.so:libz.so
11-23 21:28:17.286  1011  1189 I ASH     : @ 118149.477: tcs3701: stop power rail pending_off timer
11-23 21:28:17.286  1011  1189 D ASH     : @ 118149.477: tcs3701: start power rail timer, state:3
11-23 21:28:17.291  7376  7376 D app_process: Time zone APEX ICU file found: /apex/com.android.tzdata/etc/icu/icu_tzdata.dat
11-23 21:28:17.291  7376  7376 D app_process: I18n APEX ICU file found: /apex/com.android.i18n/etc/icu/icudt70l.dat
11-23 21:28:17.306  9398  7861 I BatteryMgr:DataCollectionService: stats => 1700771297306,11596,4446,9765,4169000,100
11-23 21:28:17.307  9398  9433 I BatteryMgr:DataCollectionService: stats => 1700771297307,11596,4446,9765,4169000,100
11-23 21:28:17.316  7376  7376 D AndroidRuntime: Calling main entry com.android.commands.monkey.Monkey
11-23 21:28:17.317  7376  7376 W Monkey  : args: [-p, com.chrome.canary, 1]
11-23 21:28:17.317  7376  7376 W Monkey  :  arg: "-p"
11-23 21:28:17.317  7376  7376 W Monkey  :  arg: "com.chrome.canary"
11-23 21:28:17.317  7376  7376 W Monkey  :  arg: "1"
11-23 21:28:17.317  7376  7376 W Monkey  : data="com.chrome.canary"
11-23 21:28:17.321  1011  1189 I ASH     : @ 118149.517: tcs3701: stop power rail pending_off timer
11-23 21:28:17.321  1011  1189 D ASH     : @ 118149.517: tcs3701: start power rail timer, state:3
--------- beginning of system
11-23 21:28:17.326  1795  2119 W BroadcastQueue: Skipping deliver [background] BroadcastRecord{8cbd970 u-1 android.net.conn.CONNECTIVITY_CHANGE} to ReceiverList{7abe4e9 7376 (unknown name)/2000/u-1 remote:1cb1922}: process gone or crashing
11-23 21:28:17.332  1795  3807 D CompatibilityChangeReporter: Compat change id reported: 161252188; UID 10010; state: DISABLED
11-23 21:28:17.332  1795  3807 I ActivityTaskManager: START u0 {act=android.intent.action.MAIN cat=[android.intent.category.LAUNCHER] flg=0x10200000 cmp=com.chrome.canary/com.google.android.apps.chrome.Main} from uid 2000
11-23 21:28:17.332  1795  3807 D CompatibilityChangeReporter: Compat change id reported: 265464455; UID 10010; state: DISABLED
11-23 21:28:17.332  1795  3807 D CompatibilityChangeReporter: Compat change id reported: 265452344; UID 10010; state: DISABLED
11-23 21:28:17.333  1795  3807 D CompatibilityChangeReporter: Compat change id reported: 266124927; UID 10010; state: DISABLED
11-23 21:28:17.333  1795  3807 D CompatibilityChangeReporter: Compat change id reported: 265451093; UID 10010; state: DISABLED
11-23 21:28:17.333  1795  3807 D CompatibilityChangeReporter: Compat change id reported: 265456536; UID 10010; state: DISABLED
11-23 21:28:17.333  1795  3807 D CompatibilityChangeReporter: Compat change id reported: 255940284; UID 10010; state: DISABLED
11-23 21:28:17.333  1795  3807 D CompatibilityChangeReporter: Compat change id reported: 236283604; UID 10010; state: DISABLED
11-23 21:28:17.333  1795  3807 D CompatibilityChangeReporter: Compat change id reported: 263959004; UID 10010; state: DISABLED
11-23 21:28:17.333  1795  3807 D CompatibilityChangeReporter: Compat change id reported: 264304459; UID 10010; state: DISABLED
11-23 21:28:17.333  1795  3807 D CompatibilityChangeReporter: Compat change id reported: 264301586; UID 10010; state: DISABLED
11-23 21:28:17.333  1795  3807 D CompatibilityChangeReporter: Compat change id reported: 254631730; UID 10010; state: DISABLED
11-23 21:28:17.333  1795  3807 D CompatibilityChangeReporter: Compat change id reported: 273509367; UID 10010; state: DISABLED
11-23 21:28:17.333  1795  3807 D CompatibilityChangeReporter: Compat change id reported: 263259275; UID 10010; state: DISABLED
11-23 21:28:17.333  1795  3807 D CompatibilityChangeReporter: Compat change id reported: 194480991; UID 10010; state: ENABLED
11-23 21:28:17.334  1795  3807 D CompatibilityChangeReporter: Compat change id reported: 174042980; UID 10010; state: DISABLED
11-23 21:28:17.335  1795  3807 D CompatibilityChangeReporter: Compat change id reported: 184838306; UID 10010; state: DISABLED
11-23 21:28:17.335  1795  3807 D CompatibilityChangeReporter: Compat change id reported: 185004937; UID 10010; state: DISABLED
11-23 21:28:17.335  1795  3807 D CompatibilityChangeReporter: Compat change id reported: 181136395; UID 10010; state: DISABLED
11-23 21:28:17.335  1795  3807 D CompatibilityChangeReporter: Compat change id reported: 174042936; UID 10010; state: DISABLED
11-23 21:28:17.336  1795  3807 D CompatibilityChangeReporter: Compat change id reported: 205907456; UID 10010; state: ENABLED
11-23 21:28:17.338  1795  3807 D CompatibilityChangeReporter: Compat change id reported: 194833441; UID 10010; state: ENABLED
11-23 21:28:17.339  7376  7376 I Monkey  : Events injected: 1
11-23 21:28:17.339  1795  2100 D CompatibilityChangeReporter: Compat change id reported: 135634846; UID 10010; state: DISABLED
11-23 21:28:17.340  1795  2120 D CompatibilityChangeReporter: Compat change id reported: 143937733; UID 10010; state: ENABLED
11-23 21:28:17.341  7376  7376 I Monkey  : ## Network stats: elapsed time=8ms (0ms mobile, 0ms wifi, 8ms not connected)
11-23 21:28:17.341  7376  7376 I app_process: System.exit called, status: 0
11-23 21:28:17.341  7376  7376 I AndroidRuntime: VM exiting with result code 0.
11-23 21:28:17.348   987   987 D Zygote  : Forked child process 7392
11-23 21:28:17.348  2513  2550 W Parcel  : Expecting binder but got null!
11-23 21:28:17.348  1795  2120 I ActivityManager: Start proc 7392:com.chrome.canary/u0a10 for next-top-activity {com.chrome.canary/com.google.android.apps.chrome.Main}
11-23 21:28:17.349  3657  4461 D ForegroundUtils: Foreground UID status:
11-23 21:28:17.349  1795  3613 D CompatibilityChangeReporter: Compat change id reported: 168419799; UID 10010; state: DISABLED
11-23 21:28:17.349  3657  4461 D ForegroundUtils: UID: 10128 is in foreground: true
11-23 21:28:17.349  3657  4461 D ForegroundUtils: UID: 10145 is in foreground: true
11-23 21:28:17.349  3657  4461 D ForegroundUtils: UID: 10158 is in foreground: true
11-23 21:28:17.349  3657  4461 D ForegroundUtils: UID: 10189 is in foreground: false
11-23 21:28:17.349  3657  4461 D ForegroundUtils: UID: 10194 is in foreground: true
11-23 21:28:17.349  3657  4461 D ForegroundUtils: UID: 10206 is in foreground: false
11-23 21:28:17.349  3657  4461 D ForegroundUtils: UID: 10233 is in foreground: true
11-23 21:28:17.350  3657  4461 D ForegroundUtils: UID: 10244 is in foreground: true
11-23 21:28:17.350  3657  4461 D ForegroundUtils: UID: 10319 is in foreground: true
11-23 21:28:17.350  1795  3613 D CompatibilityChangeReporter: Compat change id reported: 273564678; UID 10010; state: DISABLED
11-23 21:28:17.354  7392  7392 I m.chrome.canary: Using CollectorTypeCC GC.
11-23 21:28:17.358  1383  1442 I adbd    : jdwp connection from 7392
11-23 21:28:17.358  2513  2550 E OpenGLRenderer: Unable to match the desired swap behavior.
11-23 21:28:17.362  1011  1189 I ASH     : @ 118149.557: tcs3701: stop power rail pending_off timer
11-23 21:28:17.362  1011  1189 D ASH     : @ 118149.557: tcs3701: start power rail timer, state:3
11-23 21:28:17.374  7392  7392 I ActivityThread: Relaunch all activities: onCoreSettingsChange
11-23 21:28:17.374  7392  7392 D CompatibilityChangeReporter: Compat change id reported: 171979766; UID 10010; state: ENABLED
11-23 21:28:17.375  3657  4461 D ForegroundUtils: Foreground UID status:
11-23 21:28:17.375  3657  4461 D ForegroundUtils: UID: 10010 is in foreground: true
11-23 21:28:17.375  3657  4461 D ForegroundUtils: UID: 10128 is in foreground: true
11-23 21:28:17.375  3657  4461 D ForegroundUtils: UID: 10145 is in foreground: true
11-23 21:28:17.375  3657  4461 D ForegroundUtils: UID: 10158 is in foreground: true
11-23 21:28:17.375  3657  4461 D ForegroundUtils: UID: 10189 is in foreground: false
11-23 21:28:17.375  3657  4461 D ForegroundUtils: UID: 10194 is in foreground: true
11-23 21:28:17.375  3657  4461 D ForegroundUtils: UID: 10206 is in foreground: false
11-23 21:28:17.375  3657  4461 D ForegroundUtils: UID: 10233 is in foreground: true
11-23 21:28:17.375  3657  4461 D ForegroundUtils: UID: 10244 is in foreground: true
11-23 21:28:17.375  3657  4461 D ForegroundUtils: UID: 10319 is in foreground: true
11-23 21:28:17.381  7392  7392 W ziparchive: Unable to open '/data/app/~~-FnXeb6__ecKd-dFZ4kZZA==/com.google.android.trichromelibrary.canary_613700033-7Q2vBiD9q0nCftKFg-pq8w==/base.dm': No such file or directory
11-23 21:28:17.381  7392  7392 W ziparchive: Unable to open '/data/app/~~-FnXeb6__ecKd-dFZ4kZZA==/com.google.android.trichromelibrary.canary_613700033-7Q2vBiD9q0nCftKFg-pq8w==/base.dm': No such file or directory
11-23 21:28:17.381  7392  7392 W m.chrome.canary: Entry not found
11-23 21:28:17.383  7392  7392 D nativeloader: Configuring clns-4 for other apk /data/app/~~-FnXeb6__ecKd-dFZ4kZZA==/com.google.android.trichromelibrary.canary_613700033-7Q2vBiD9q0nCftKFg-pq8w==/base.apk. target_sdk_version=34, uses_libraries=ALL, library_path=/data/app/~~dutrJzl_xJkEyCCvIkexCw==/com.chrome.canary-4jcd8srf2WXxld2NC1r69A==/lib/arm64:/data/app/~~dutrJzl_xJkEyCCvIkexCw==/com.chrome.canary-4jcd8srf2WXxld2NC1r69A==/base.apk!/lib/arm64-v8a:/data/app/~~-FnXeb6__ecKd-dFZ4kZZA==/com.google.android.trichromelibrary.canary_613700033-7Q2vBiD9q0nCftKFg-pq8w==/base.apk!/lib/arm64-v8a, permitted_path=/data:/mnt/expand:/data/user/0/com.chrome.canary
11-23 21:28:17.386  2113  2118 I pixel-thermal: skin-therm-monitor: 38.582
11-23 21:28:17.388  7392  7392 D nativeloader: Configuring clns-5 for other apk /data/app/~~dutrJzl_xJkEyCCvIkexCw==/com.chrome.canary-4jcd8srf2WXxld2NC1r69A==/base.apk. target_sdk_version=34, uses_libraries=, library_path=/data/app/~~dutrJzl_xJkEyCCvIkexCw==/com.chrome.canary-4jcd8srf2WXxld2NC1r69A==/lib/arm64:/data/app/~~dutrJzl_xJkEyCCvIkexCw==/com.chrome.canary-4jcd8srf2WXxld2NC1r69A==/base.apk!/lib/arm64-v8a:/data/app/~~-FnXeb6__ecKd-dFZ4kZZA==/com.google.android.trichromelibrary.canary_613700033-7Q2vBiD9q0nCftKFg-pq8w==/base.apk!/lib/arm64-v8a, permitted_path=/data:/mnt/expand:/data/user/0/com.chrome.canary
11-23 21:28:17.397  7392  7392 V GraphicsEnvironment: ANGLE Developer option for 'com.chrome.canary' set to: 'default'
11-23 21:28:17.398  7392  7392 V GraphicsEnvironment: ANGLE GameManagerService for com.chrome.canary: false
11-23 21:28:17.398  7392  7392 V GraphicsEnvironment: Updatable production driver is not supported on the device.
11-23 21:28:17.399  7392  7392 I LoadedApk: No resource references to update in package com.google.android.trichromelibrary.canary
11-23 21:28:17.399  7392  7392 D NetworkSecurityConfig: Using Network Security Config from resource 0_resource_name_obfuscated debugBuild: false
11-23 21:28:17.400  7392  7392 D NetworkSecurityConfig: Using Network Security Config from resource 0_resource_name_obfuscated debugBuild: false
11-23 21:28:17.400  7392  7392 I cr_SplitCompatApp: Launched version=121.0.6137.0 minSdkVersion=29 isBundle=true processName=com.chrome.canary isIsolated=false
11-23 21:28:17.402  1011  1189 I ASH     : @ 118149.597: tcs3701: stop power rail pending_off timer
11-23 21:28:17.402  1011  1189 D ASH     : @ 118149.597: tcs3701: start power rail timer, state:3
11-23 21:28:17.411  9398  9433 I BatteryMgr:DataCollectionService: stats => 1700771297411,11596,4446,9765,4169000,100
11-23 21:28:17.412  9398  7861 I BatteryMgr:DataCollectionService: stats => 1700771297412,11596,4446,9765,4169000,100
11-23 21:28:17.419  7392  7413 I cr_LibraryLoader: Loading monochrome_64 from within /data/app/~~dutrJzl_xJkEyCCvIkexCw==/com.chrome.canary-4jcd8srf2WXxld2NC1r69A==/base.apk
11-23 21:28:17.420  1795  4170 D CompatibilityChangeReporter: Compat change id reported: 161145287; UID 10010; state: DISABLED
11-23 21:28:17.422  7392  7413 I cr_Linker: loadLibraryImplLocked: monochrome_64, relroMode=1
11-23 21:28:17.432  7392  7413 I cr_LibraryLoader: Successfully loaded native library
11-23 21:28:17.433  7392  7413 I cr_CachingUmaRecorder: Flushed 20 samples from 18 histograms, 0 samples were dropped.
11-23 21:28:17.441  3875  3875 I dzhj    : onPause
11-23 21:28:17.441  1011  1189 I ASH     : @ 118149.637: tcs3701: stop power rail pending_off timer
11-23 21:28:17.441  1011  1189 D ASH     : @ 118149.637: tcs3701: start power rail timer, state:3
11-23 21:28:17.443  3604  3604 I hitl    : (REDACTED) received broadcast: %s
11-23 21:28:17.445  3604  4265 I hito    : (REDACTED) received broadcast: %s
11-23 21:28:17.446  3604  4265 I hioo    : (REDACTED) #onConfigUpdate. requester: %s
11-23 21:28:17.446  3604  4273 I hioo    : #onConfigUpdate inside sequencer
11-23 21:28:17.446  3604  4273 I hilg    : (REDACTED) Voice Match (Speaker-id) supported : %b 
11-23 21:28:17.446  3604  4273 I hilg    : (REDACTED) hotword enrollment state is enrolled:  %b, speakerId model exist: %b. Voice Match supported : %b 
11-23 21:28:17.446  3604  4273 I hilg    : (REDACTED) isHotwordAvailable():  %b, isHotwordEnabled() %b 
11-23 21:28:17.446  3604  4273 I hilg    : (REDACTED) isHotwordAvailable():  %b, isHotwordEnabled() %b 
11-23 21:28:17.446  3604  4273 I hilg    : (REDACTED) Hotword enrollment state : %s.
11-23 21:28:17.447  3604  4273 I hilg    : (REDACTED) Voice Match (Speaker-id) supported : %b 
11-23 21:28:17.447  3604  4273 I hilg    : (REDACTED) Voice Match (Speaker-id) supported : %b 
11-23 21:28:17.447  3604  4273 I hilg    : (REDACTED) hotword enrollment state is enrolled:  %b, speakerId model exist: %b, voice match supported : %b
11-23 21:28:17.447  3604  4273 I hilg    : (REDACTED) Hotword isNonVoiceMatchHotwordEnabled: %b, isHotwordAvailable: %b, isHotwordEnabled: %b, isVoiceMatchSupported: %b, isHotwordEnrolled: %b,
11-23 21:28:17.447  3604  4273 I hioo    : (REDACTED) Ignore the legacy hotword request. voice match enabled %b, isHotwordSupported %b, isIncompleteEnrollmentState %b, nonVoiceMatchHotwordEnabled %b
11-23 21:28:17.452  7392  7418 W DynamiteModule: Local module descriptor class for com.google.android.gms.googlecertificates not found.
11-23 21:28:17.453  7392  7392 I cr_MultiInstance: Removed invalid instance data. Removed tasks-instance mappings: [Chrome.MultiInstance.TaskMap.0 - 1504] and shared prefs for instances: []
11-23 21:28:17.453  7392  7392 I cr_MultiInstance: Existing Instance - persisted and unmapped Id allocated: 0
11-23 21:28:17.455  7392  7392 I cr_MultiInstance: Intent action: android.intent.action.MAIN
11-23 21:28:17.455  7392  7392 I cr_MultiInstance: Intent routed via ChromeLauncherActivity: false
11-23 21:28:17.455  7392  7392 I cr_MultiInstance: Referrer: android-app://com.android.shell
11-23 21:28:17.455  7392  7392 I cr_MultiInstance: Intent contains LAUNCHER category: true
11-23 21:28:17.455  7392  7392 I cr_MultiInstance: Intent contains FLAG_ACTIVITY_MULTIPLE_TASK: false
11-23 21:28:17.455  7392  7392 I cr_MultiInstance: Intent contains FLAG_ACTIVITY_NEW_TASK: true
11-23 21:28:17.455  7392  7392 I cr_MultiInstance: Intent component: com.google.android.apps.chrome.Main
11-23 21:28:17.455  7392  7392 I cr_MultiInstance: Intent sent by OS: false
11-23 21:28:17.455  7392  7392 I cr_MultiInstance: @ExternalAppId of intent source: 0
11-23 21:28:17.455  7392  7392 I cr_MultiInstance: Are all instances running: false
11-23 21:28:17.455  7392  7392 I cr_MultiInstance: Window allocation type: 6
11-23 21:28:17.455  7392  7392 I cr_MultiInstance: Window ID allocated: 0
11-23 21:28:17.455  7392  7392 W cr_ActivityDispatcher: CustomTabsIntent#shouldAlwaysUseBrowserUI() = false
11-23 21:28:17.456  7392  7392 D CompatibilityChangeReporter: Compat change id reported: 183155436; UID 10010; state: ENABLED
11-23 21:28:17.457  7392  7418 I DynamiteModule: Considering local module com.google.android.gms.googlecertificates:0 and remote module com.google.android.gms.googlecertificates:7
11-23 21:28:17.457  7392  7418 I DynamiteModule: Selected remote version of com.google.android.gms.googlecertificates, version >= 7
11-23 21:28:17.460  7392  7418 W System  : ClassLoader referenced unknown path: 
11-23 21:28:17.461  7392  7418 D nativeloader: Configuring clns-6 for other apk . target_sdk_version=34, uses_libraries=, library_path=/data/app/~~kuQRvAzVZuE4Ro2oLuwWdQ==/com.google.android.gms-oAttmqgZrSU_NO_sHK9RSA==/lib/arm64:/data/app/~~kuQRvAzVZuE4Ro2oLuwWdQ==/com.google.android.gms-oAttmqgZrSU_NO_sHK9RSA==/base.apk!/lib/arm64-v8a, permitted_path=/data:/mnt/expand:/data/user/0/com.google.android.gms
11-23 21:28:17.467  7392  7392 E m.chrome.canary: Invalid ID 0x00000000.
11-23 21:28:17.469  7392  7392 I cr_SplitCompatClassLoader: Splits: null
11-23 21:28:17.481  1011  1189 I ASH     : @ 118149.677: tcs3701: stop power rail pending_off timer
11-23 21:28:17.481  1011  1189 D ASH     : @ 118149.677: tcs3701: start power rail timer, state:3
11-23 21:28:17.483  3074  3074 E AbstractGmsTracer: Traced class shouldn't be obfuscated: GmsApiChimeraService [CONTEXT service_id=259 ]
11-23 21:28:17.483  3074  3074 D BoundBrokerSvc: onBind: Intent { act=com.google.android.gms.phenotype.service.START pkg=com.google.android.gms }
11-23 21:28:17.483  3074  3074 D BoundBrokerSvc: Loading bound service for intent: Intent { act=com.google.android.gms.phenotype.service.START pkg=com.google.android.gms }
11-23 21:28:17.484  3074  3074 E AbstractGmsTracer: Traced class shouldn't be obfuscated: PhenotypeChimeraService [CONTEXT service_id=259 ]
11-23 21:28:17.487  7392  7392 W cr_ActivityDispatcher: CustomTabsIntent#shouldAlwaysUseBrowserUI() = false
11-23 21:28:17.489  3845  3845 E AbstractGmsTracer: Traced class shouldn't be obfuscated: GmsBoundBrokerChimeraService [CONTEXT service_id=259 ]
11-23 21:28:17.490  3845  3845 D BoundBrokerSvc: onBind: Intent { act=com.google.android.gms.safetynet.service.START pkg=com.google.android.gms }
11-23 21:28:17.490  3845  3845 D BoundBrokerSvc: Loading bound service for intent: Intent { act=com.google.android.gms.safetynet.service.START pkg=com.google.android.gms }
11-23 21:28:17.491  3845  3845 E AbstractGmsTracer: Traced class shouldn't be obfuscated: SafetyNetClientChimeraService [CONTEXT service_id=259 ]
11-23 21:28:17.494  7392  7392 I cr_CompositorSurfaceMgr: Transitioning to surface with format: -1
11-23 21:28:17.505  7392  7392 D CompatibilityChangeReporter: Compat change id reported: 210923482; UID 10010; state: ENABLED
11-23 21:28:17.516  9398  7861 I BatteryMgr:DataCollectionService: stats => 1700771297516,11596,4446,9765,4169000,100
11-23 21:28:17.518  9398  9433 I BatteryMgr:DataCollectionService: stats => 1700771297518,11596,4446,9765,4169000,100
11-23 21:28:17.521  1011  1189 I ASH     : @ 118149.717: tcs3701: stop power rail pending_off timer
11-23 21:28:17.521  1011  1189 D ASH     : @ 118149.717: tcs3701: start power rail timer, state:3
11-23 21:28:17.530  7392  7392 D CompatibilityChangeReporter: Compat change id reported: 193247900; UID 10010; state: ENABLED
11-23 21:28:17.549  7392  7392 W cr_ActivityDispatcher: CustomTabsIntent#shouldAlwaysUseBrowserUI() = false
11-23 21:28:17.554  7392  7392 D CompatibilityChangeReporter: Compat change id reported: 237531167; UID 10010; state: DISABLED
11-23 21:28:17.559  7392  7428 W Parcel  : Expecting binder but got null!
11-23 21:28:17.561  1011  1189 I ASH     : @ 118149.757: tcs3701: stop power rail pending_off timer
11-23 21:28:17.561  1011  1189 D ASH     : @ 118149.757: tcs3701: start power rail timer, state:3
11-23 21:28:17.565  1795  4144 D CoreBackPreview: Window{d9011c7 u0 com.chrome.canary/com.google.android.apps.chrome.Main}: Setting back callback OnBackInvokedCallbackInfo{mCallback=android.window.IOnBackInvokedCallback$Stub$Proxy@919dd92, mPriority=-1}
11-23 21:28:17.566  1795  4144 D CoreBackPreview: Window{d9011c7 u0 com.chrome.canary/com.google.android.apps.chrome.Main}: Setting back callback OnBackInvokedCallbackInfo{mCallback=android.window.IOnBackInvokedCallback$Stub$Proxy@37440de, mPriority=0}
11-23 21:28:17.568  1795  2120 D CompatibilityChangeReporter: Compat change id reported: 143937733; UID 10010; state: ENABLED
11-23 21:28:17.568  1795  2120 D CompatibilityChangeReporter: Compat change id reported: 135634846; UID 10010; state: DISABLED
11-23 21:28:17.568  1795  2120 D CompatibilityChangeReporter: Compat change id reported: 207557677; UID 10010; state: ENABLED
11-23 21:28:17.569   987   987 W Zygote  : forkRepeatedly terminated due to non-simple command
11-23 21:28:17.569   987   987 D Zygote  : mbuffer starts with 15, nice name is com.chrome.canary_zygote, mEnd = 410, mNext = 191, mLinesLeft = 6, mFd = 5
11-23 21:28:17.575   987   987 D Zygote  : Forked child process 7437
11-23 21:28:17.576  7392  7428 I AdrenoGLES-0: QUALCOMM build                   : 4783c89, I46ff5fc46f
11-23 21:28:17.576  7392  7428 I AdrenoGLES-0: Build Date                       : 11/30/20
11-23 21:28:17.576  7392  7428 I AdrenoGLES-0: OpenGL ES Shader Compiler Version: EV031.31.04.01
11-23 21:28:17.576  7392  7428 I AdrenoGLES-0: Local Branch                     : QPR2
11-23 21:28:17.576  7392  7428 I AdrenoGLES-0: Remote Branch                    : 
11-23 21:28:17.576  7392  7428 I AdrenoGLES-0: Remote Branch                    : 
11-23 21:28:17.576  7392  7428 I AdrenoGLES-0: Reconstruct Branch               : 
11-23 21:28:17.576  7392  7428 I AdrenoGLES-0: Build Config                     : S P 10.0.4 AArch64
11-23 21:28:17.576  7392  7428 I AdrenoGLES-0: Driver Path                      : /vendor/lib64/egl/libGLESv2_adreno.so
11-23 21:28:17.577  7392  7392 I cr_StartSurfaceConfig: Recorded Startup.Android.FirstDrawCompletedTime.NoInstant = 113 ms
11-23 21:28:17.578  7437  7437 I libc    : SetHeapTaggingLevel: tag level set to 0
11-23 21:28:17.580  7437  7437 I e.canary_zygote: Using CollectorTypeCC GC.
11-23 21:28:17.582  1795  2120 W ZygoteProcess: Got error connecting to zygote, retrying. msg= Connection refused
11-23 21:28:17.583  7392  7428 I AdrenoGLES-0: PFP: 0x016dd093, ME: 0x00000000
11-23 21:28:17.584  3074 15460 E ckqk    : Phenotype API error. Event # evhb@77620948, EventCode: 7 [CONTEXT service_id=51 ]
11-23 21:28:17.584  3074 15460 E ckqk    : ckoo: 29505: No config packages for log source, or config package not registered
11-23 21:28:17.584  3074 15460 E ckqk    : 	at ckrk.b(:com.google.android.gms@234414038@23.44.14 (190400-580326705):79)
11-23 21:28:17.584  3074 15460 E ckqk    : 	at ckrh.h(:com.google.android.gms@234414038@23.44.14 (190400-580326705):3)
11-23 21:28:17.584  3074 15460 E ckqk    : 	at ckqk.g(:com.google.android.gms@234414038@23.44.14 (190400-580326705):18)
11-23 21:28:17.584  3074 15460 E ckqk    : 	at ckqk.f(:com.google.android.gms@234414038@23.44.14 (190400-580326705):11)
11-23 21:28:17.584  3074 15460 E ckqk    : 	at bfmo.fh(:com.google.android.gms@234414038@23.44.14 (190400-580326705):1)
11-23 21:28:17.584  3074 15460 E ckqk    : 	at bfmz.run(:com.google.android.gms@234414038@23.44.14 (190400-580326705):100)
11-23 21:28:17.584  3074 15460 E ckqk    : 	at dvlp.run(:com.google.android.gms@234414038@23.44.14 (190400-580326705):13)
11-23 21:28:17.584  3074 15460 E ckqk    : 	at ajls.c(:com.google.android.gms@234414038@23.44.14 (190400-580326705):50)
11-23 21:28:17.584  3074 15460 E ckqk    : 	at ajls.run(:com.google.android.gms@234414038@23.44.14 (190400-580326705):76)
11-23 21:28:17.584  3074 15460 E ckqk    : 	at java.util.concurrent.ThreadPoolExecutor.runWorker(ThreadPoolExecutor.java:1145)
11-23 21:28:17.584  3074 15460 E ckqk    : 	at java.util.concurrent.ThreadPoolExecutor$Worker.run(ThreadPoolExecutor.java:644)
11-23 21:28:17.584  3074 15460 E ckqk    : 	at ajqx.run(:com.google.android.gms@234414038@23.44.14 (190400-580326705):8)
11-23 21:28:17.584  3074 15460 E ckqk    : 	at java.lang.Thread.run(Thread.java:1012)
11-23 21:28:17.585  3074 15460 W AsyncOperation: operation=GetExperimentTokensOperationCall, opStatusCode=29505 [CONTEXT service_id=51 ]
11-23 21:28:17.585  3074 15460 W AsyncOperation: OperationException[Status{statusCode=No config packages for log source, or config package not registered, resolution=null}]
11-23 21:28:17.585  3074 15460 W AsyncOperation: 	at ckqk.g(:com.google.android.gms@234414038@23.44.14 (190400-580326705):48)
11-23 21:28:17.585  3074 15460 W AsyncOperation: 	at ckqk.f(:com.google.android.gms@234414038@23.44.14 (190400-580326705):11)
11-23 21:28:17.585  3074 15460 W AsyncOperation: 	at bfmo.fh(:com.google.android.gms@234414038@23.44.14 (190400-580326705):1)
11-23 21:28:17.585  3074 15460 W AsyncOperation: 	at bfmz.run(:com.google.android.gms@234414038@23.44.14 (190400-580326705):100)
11-23 21:28:17.585  3074 15460 W AsyncOperation: 	at dvlp.run(:com.google.android.gms@234414038@23.44.14 (190400-580326705):13)
11-23 21:28:17.585  3074 15460 W AsyncOperation: 	at ajls.c(:com.google.android.gms@234414038@23.44.14 (190400-580326705):50)
11-23 21:28:17.585  3074 15460 W AsyncOperation: 	at ajls.run(:com.google.android.gms@234414038@23.44.14 (190400-580326705):76)
11-23 21:28:17.585  3074 15460 W AsyncOperation: 	at java.util.concurrent.ThreadPoolExecutor.runWorker(ThreadPoolExecutor.java:1145)
11-23 21:28:17.585  3074 15460 W AsyncOperation: 	at java.util.concurrent.ThreadPoolExecutor$Worker.run(ThreadPoolExecutor.java:644)
11-23 21:28:17.585  3074 15460 W AsyncOperation: 	at ajqx.run(:com.google.android.gms@234414038@23.44.14 (190400-580326705):8)
11-23 21:28:17.585  3074 15460 W AsyncOperation: 	at java.lang.Thread.run(Thread.java:1012)
11-23 21:28:17.585  7392  7428 W AdrenoUtils: <ReadGpuID_from_sysfs:197>: Failed to open /sys/class/kgsl/kgsl-3d0/gpu_model
11-23 21:28:17.585  7392  7428 W AdrenoUtils: <ReadGpuID:221>: Failed to read chip ID from gpu_model. Fallback to use the GSL path
11-23 21:28:17.599   648  3370 I SDM     : HWCDisplay::GetColorModeCount: Supported color mode count = 3
11-23 21:28:17.599   648  3370 I SDM     : HWCDisplay::GetColorModes: Color mode = 0 is supported
11-23 21:28:17.599   648  3370 I SDM     : HWCDisplay::GetColorModes: Color mode = 7 is supported
11-23 21:28:17.599   648  3370 I SDM     : HWCDisplay::GetColorModes: Color mode = 9 is supported
11-23 21:28:17.600  7392  7428 E OpenGLRenderer: Unable to match the desired swap behavior.
11-23 21:28:17.601  1011  1189 I ASH     : @ 118149.797: tcs3701: stop power rail pending_off timer
11-23 21:28:17.601  1011  1189 D ASH     : @ 118149.797: tcs3701: start power rail timer, state:3
11-23 21:28:17.603   595   595 I servicemanager: Could not find android.hardware.graphics.allocator.IAllocator/default in the VINTF manifest.
11-23 21:28:17.618  1795  2096 I ActivityTaskManager: Displayed com.chrome.canary/com.google.android.apps.chrome.Main: +282ms
11-23 21:28:17.621  7392  7409 I cr_PartnerCustUma: Partner Customization delegate: 0.
11-23 21:28:17.621  7392  7409 W cr_PartnerCustomize: Partner homepage must be HTTP(S) or NewTabPage. Got invalid URL ""
11-23 21:28:17.624  7392  7392 I cr_CombinedPProvider: #linkNativeInternal() 0
11-23 21:28:17.624  7392  7392 I cr_PolicyProvider: #setManagerAndSource() 0
11-23 21:28:17.625  9398  7861 I BatteryMgr:DataCollectionService: stats => 1700771297625,11596,4446,9765,4169000,100
11-23 21:28:17.626  7392  7392 I cr_PolicyCacheProvider: #refresh() true
11-23 21:28:17.630  9398  9433 I BatteryMgr:DataCollectionService: stats => 1700771297630,11596,4446,9765,4169000,100
11-23 21:28:17.633  1795  2120 I AppZygote: Starting application preload.
11-23 21:28:17.640  7437  7437 I AppZygoteInit: Beginning application preload for com.chrome.canary
11-23 21:28:17.641  1011  1189 I ASH     : @ 118149.837: tcs3701: stop power rail pending_off timer
11-23 21:28:17.641  1011  1189 D ASH     : @ 118149.837: tcs3701: start power rail timer, state:3
11-23 21:28:17.642  7437  7437 W ziparchive: Unable to open '/data/app/~~-FnXeb6__ecKd-dFZ4kZZA==/com.google.android.trichromelibrary.canary_613700033-7Q2vBiD9q0nCftKFg-pq8w==/base.dm': No such file or directory
11-23 21:28:17.642  7437  7437 W ziparchive: Unable to open '/data/app/~~-FnXeb6__ecKd-dFZ4kZZA==/com.google.android.trichromelibrary.canary_613700033-7Q2vBiD9q0nCftKFg-pq8w==/base.dm': No such file or directory
11-23 21:28:17.643  7437  7437 W e.canary_zygote: Entry not found
11-23 21:28:17.644  7437  7437 D nativeloader: Configuring clns-4 for other apk /data/app/~~-FnXeb6__ecKd-dFZ4kZZA==/com.google.android.trichromelibrary.canary_613700033-7Q2vBiD9q0nCftKFg-pq8w==/base.apk. target_sdk_version=34, uses_libraries=ALL, library_path=/data/app/~~dutrJzl_xJkEyCCvIkexCw==/com.chrome.canary-4jcd8srf2WXxld2NC1r69A==/lib/arm64:/data/app/~~dutrJzl_xJkEyCCvIkexCw==/com.chrome.canary-4jcd8srf2WXxld2NC1r69A==/base.apk!/lib/arm64-v8a:/data/app/~~-FnXeb6__ecKd-dFZ4kZZA==/com.google.android.trichromelibrary.canary_613700033-7Q2vBiD9q0nCftKFg-pq8w==/base.apk!/lib/arm64-v8a, permitted_path=/data:/mnt/expand
11-23 21:28:17.646  2588  2588 I WallpaperService: engine paused
11-23 21:28:17.649  1011  1011 I sensors-hal: [hal]activate_physical_sensor:251, android.sensor.gyroscope/41 en=0
11-23 21:28:17.651  1011  1011 D Diag_Lib: diag: Diag_LSM_DeInit: invoked for pid: 1011
11-23 21:28:17.651  1011  1011 D Diag_Lib: diag: Diag_LSM_DeInit: done for pid: 1011
11-23 21:28:17.652  7437  7437 D nativeloader: Configuring clns-5 for other apk /data/app/~~dutrJzl_xJkEyCCvIkexCw==/com.chrome.canary-4jcd8srf2WXxld2NC1r69A==/base.apk. target_sdk_version=34, uses_libraries=, library_path=/data/app/~~dutrJzl_xJkEyCCvIkexCw==/com.chrome.canary-4jcd8srf2WXxld2NC1r69A==/lib/arm64:/data/app/~~dutrJzl_xJkEyCCvIkexCw==/com.chrome.canary-4jcd8srf2WXxld2NC1r69A==/base.apk!/lib/arm64-v8a:/data/app/~~-FnXeb6__ecKd-dFZ4kZZA==/com.google.android.trichromelibrary.canary_613700033-7Q2vBiD9q0nCftKFg-pq8w==/base.apk!/lib/arm64-v8a, permitted_path=/data:/mnt/expand
11-23 21:28:17.654  1011  1011 D Diag_Lib: diag: Diag_LSM_DeInit: invoked for pid: 1011
11-23 21:28:17.654  1011  1011 D Diag_Lib: diag: Diag_LSM_DeInit: done for pid: 1011
11-23 21:28:17.654  1011  1011 I sensors-hal: [hal]activate_physical_sensor:262, android.sensor.gyroscope/41 en=0 completed
11-23 21:28:17.658  7437  7437 I cr_ZygotePreload: Loaded Zygote. version=121.0.6137.0 minSdkVersion=29 isBundle=true
11-23 21:28:17.664  7437  7437 I cr_LibraryLoader: Loading monochrome_64 from within /data/app/~~dutrJzl_xJkEyCCvIkexCw==/com.chrome.canary-4jcd8srf2WXxld2NC1r69A==/base.apk
11-23 21:28:17.664  7437  7437 I cr_Linker: loadLibraryImplLocked: monochrome_64, relroMode=1
11-23 21:28:17.681  1011  1189 I ASH     : @ 118149.877: tcs3701: stop power rail pending_off timer
11-23 21:28:17.681  1011  1189 D ASH     : @ 118149.877: tcs3701: start power rail timer, state:3
11-23 21:28:17.683  1795  2120 I AppZygote: Application preload done.
11-23 21:28:17.683  7437  7437 I AppZygoteInit: Application preload done
11-23 21:28:17.686  7392  7392 I chromium: [INFO:policy_logger.cc(144)] :components/enterprise/browser/controller/chrome_browser_cloud_management_controller.cc(273) Deferring CBCM Controller Initialization until it is unblocked.
11-23 21:28:17.698  7437  7444 W e.canary_zygote: Reducing the number of considered missed Gc histogram windows from 11814 to 100
11-23 21:28:17.700  7437  7437 I Zygote  : Entering forkRepeatedly native zygote loop
11-23 21:28:17.709  7437  7437 D Zygote  : Forked child process 7466
11-23 21:28:17.711  1795  2120 W ActivityManager: Slow operation: 144ms so far, now at startProcess: returned from zygote!
11-23 21:28:17.711  1795  2120 W ActivityManager: Slow operation: 144ms so far, now at startProcess: done updating battery stats
11-23 21:28:17.711  1795  2120 W ActivityManager: Slow operation: 144ms so far, now at startProcess: building log message
11-23 21:28:17.711  1795  2120 I ActivityManager: Start proc 7466:com.chrome.canary:sandboxed_process0:org.chromium.content.app.SandboxedProcessService0:0/u0ai0 for  {com.chrome.canary/org.chromium.content.app.SandboxedProcessService0:0}
11-23 21:28:17.711  1795  2120 W ActivityManager: Slow operation: 144ms so far, now at startProcess: starting to update pids map
11-23 21:28:17.711  1795  2120 W ActivityManager: Slow operation: 144ms so far, now at startProcess: done updating pids map
11-23 21:28:17.715   987   987 I Zygote  : Entering forkRepeatedly native zygote loop
11-23 21:28:17.721  1011  1189 I ASH     : @ 118149.917: tcs3701: stop power rail pending_off timer
11-23 21:28:17.721  1011  1189 D ASH     : @ 118149.917: tcs3701: start power rail timer, state:3
11-23 21:28:17.722  7392  7392 I cr_SmsProviderGms: construction successfull AM3@f50d56f, xM3@aa66705
11-23 21:28:17.723  7466  7466 E libc    : SetHeapTaggingLevel: re-enabling tagging after it was disabled is not supported
11-23 21:28:17.728   987   987 D Zygote  : Forked child process 7469
11-23 21:28:17.729  1795  2120 I ActivityManager: Start proc 7469:com.chrome.canary:privileged_process0/u0a10 for service {com.chrome.canary/org.chromium.content.app.PrivilegedProcessService0}
11-23 21:28:17.732  7466  7466 I ocessService0:0: Using CollectorTypeCC GC.
11-23 21:28:17.735  1795  3807 D ConnectivityService: requestNetwork for uid/pid:10010/7392 activeRequest: null callbackRequest: 3474 [NetworkRequest [ REQUEST id=3475, [ Capabilities: INTERNET&NOT_RESTRICTED&TRUSTED&NOT_VCN_MANAGED Uid: 10010 RequestorUid: 10010 RequestorPkg: com.chrome.canary UnderlyingNetworks: Null] ]] callback flags: 0 order: 2147483647
11-23 21:28:17.736  9398  9433 I BatteryMgr:DataCollectionService: stats => 1700771297736,11596,4446,9765,4169000,100
11-23 21:28:17.737  1795  2424 D WifiNetworkFactory: got request NetworkRequest [ REQUEST id=3475, [ Capabilities: INTERNET&NOT_RESTRICTED&TRUSTED&NOT_VCN_MANAGED Uid: 10010 RequestorUid: 10010 RequestorPkg: com.chrome.canary UnderlyingNetworks: Null] ]
11-23 21:28:17.737  1795  2424 V WifiNetworkFactory: Accepted network request NetworkRequest [ REQUEST id=3475, [ Capabilities: INTERNET&NOT_RESTRICTED&TRUSTED&NOT_VCN_MANAGED Uid: 10010 RequestorUid: 10010 RequestorPkg: com.chrome.canary UnderlyingNetworks: Null] ]
11-23 21:28:17.738  1795  2424 D UntrustedWifiNetworkFactory: got request NetworkRequest [ REQUEST id=3475, [ Capabilities: INTERNET&NOT_RESTRICTED&TRUSTED&NOT_VCN_MANAGED Uid: 10010 RequestorUid: 10010 RequestorPkg: com.chrome.canary UnderlyingNetworks: Null] ]
11-23 21:28:17.738  1795  2424 D OemPaidWifiNetworkFactory: got request NetworkRequest [ REQUEST id=3475, [ Capabilities: INTERNET&NOT_RESTRICTED&TRUSTED&NOT_VCN_MANAGED Uid: 10010 RequestorUid: 10010 RequestorPkg: com.chrome.canary UnderlyingNetworks: Null] ]
11-23 21:28:17.738  1795  2424 D MultiInternetWifiNetworkFactory: got request NetworkRequest [ REQUEST id=3475, [ Capabilities: INTERNET&NOT_RESTRICTED&TRUSTED&NOT_VCN_MANAGED Uid: 10010 RequestorUid: 10010 RequestorPkg: com.chrome.canary UnderlyingNetworks: Null] ]
11-23 21:28:17.738  9398  7861 I BatteryMgr:DataCollectionService: stats => 1700771297738,11596,4446,9765,4169000,100
11-23 21:28:17.739  1795  2432 D ConnectivityService: NetReassign [3475 : null → 100] [c 0] [a 1] [i 2]
11-23 21:28:17.741  1795  2432 D ConnectivityService: NetReassign [no changes] [c 0] [a 0] [i 2]
11-23 21:28:17.741  7469  7469 I ileged_process0: Using CollectorTypeCC GC.
11-23 21:28:17.746  1383  1442 I adbd    : jdwp connection from 7466
11-23 21:28:17.751  1383  1442 I adbd    : jdwp connection from 7469
11-23 21:28:17.759  3657  4461 D ForegroundUtils: Foreground UID status:
11-23 21:28:17.760  3657  4461 D ForegroundUtils: UID: 10010 is in foreground: true
11-23 21:28:17.760  3657  4461 D ForegroundUtils: UID: 10128 is in foreground: true
11-23 21:28:17.760  3657  4461 D ForegroundUtils: UID: 10145 is in foreground: true
11-23 21:28:17.760  3657  4461 D ForegroundUtils: UID: 10158 is in foreground: true
11-23 21:28:17.760  3657  4461 D ForegroundUtils: UID: 10189 is in foreground: false
11-23 21:28:17.760  3657  4461 D ForegroundUtils: UID: 10194 is in foreground: true
11-23 21:28:17.760  3657  4461 D ForegroundUtils: UID: 10206 is in foreground: false
11-23 21:28:17.760  3657  4461 D ForegroundUtils: UID: 10233 is in foreground: true
11-23 21:28:17.760  3657  4461 D ForegroundUtils: UID: 10244 is in foreground: true
11-23 21:28:17.760  3657  4461 D ForegroundUtils: UID: 10319 is in foreground: true
11-23 21:28:17.760  3657  4461 D ForegroundUtils: UID: 90000 is in foreground: true
11-23 21:28:17.763  1011  1189 I ASH     : @ 118149.957: tcs3701: stop power rail pending_off timer
11-23 21:28:17.763  1011  1189 D ASH     : @ 118149.957: tcs3701: start power rail timer, state:3
11-23 21:28:17.770  7469  7469 I ActivityThread: Relaunch all activities: onCoreSettingsChange
11-23 21:28:17.771  7469  7469 D CompatibilityChangeReporter: Compat change id reported: 171979766; UID 10010; state: ENABLED
11-23 21:28:17.771  1795  4144 D ConnectivityService: requestNetwork for uid/pid:10010/7392 activeRequest: null callbackRequest: 3477 [NetworkRequest [ REQUEST id=3478, [ Capabilities: INTERNET&NOT_RESTRICTED&TRUSTED&NOT_VCN_MANAGED Uid: 10010 RequestorUid: 10010 RequestorPkg: com.chrome.canary UnderlyingNetworks: Null] ]] callback flags: 0 order: 2147483647
11-23 21:28:17.773  7466  7466 I ActivityThread: Relaunch all activities: onCoreSettingsChange
11-23 21:28:17.773  7466  7466 D CompatibilityChangeReporter: Compat change id reported: 171979766; UID 90000; state: ENABLED
11-23 21:28:17.777  1795  2424 D WifiNetworkFactory: got request NetworkRequest [ REQUEST id=3478, [ Capabilities: INTERNET&NOT_RESTRICTED&TRUSTED&NOT_VCN_MANAGED Uid: 10010 RequestorUid: 10010 RequestorPkg: com.chrome.canary UnderlyingNetworks: Null] ]
11-23 21:28:17.777  1795  2424 V WifiNetworkFactory: Accepted network request NetworkRequest [ REQUEST id=3478, [ Capabilities: INTERNET&NOT_RESTRICTED&TRUSTED&NOT_VCN_MANAGED Uid: 10010 RequestorUid: 10010 RequestorPkg: com.chrome.canary UnderlyingNetworks: Null] ]
11-23 21:28:17.777  1795  2424 D UntrustedWifiNetworkFactory: got request NetworkRequest [ REQUEST id=3478, [ Capabilities: INTERNET&NOT_RESTRICTED&TRUSTED&NOT_VCN_MANAGED Uid: 10010 RequestorUid: 10010 RequestorPkg: com.chrome.canary UnderlyingNetworks: Null] ]
11-23 21:28:17.777  1795  2424 D OemPaidWifiNetworkFactory: got request NetworkRequest [ REQUEST id=3478, [ Capabilities: INTERNET&NOT_RESTRICTED&TRUSTED&NOT_VCN_MANAGED Uid: 10010 RequestorUid: 10010 RequestorPkg: com.chrome.canary UnderlyingNetworks: Null] ]
11-23 21:28:17.777  7469  7469 W ziparchive: Unable to open '/data/app/~~-FnXeb6__ecKd-dFZ4kZZA==/com.google.android.trichromelibrary.canary_613700033-7Q2vBiD9q0nCftKFg-pq8w==/base.dm': No such file or directory
11-23 21:28:17.778  7469  7469 W ziparchive: Unable to open '/data/app/~~-FnXeb6__ecKd-dFZ4kZZA==/com.google.android.trichromelibrary.canary_613700033-7Q2vBiD9q0nCftKFg-pq8w==/base.dm': No such file or directory
11-23 21:28:17.778  7469  7469 W ileged_process0: Entry not found
11-23 21:28:17.779  7469  7469 D nativeloader: Configuring clns-4 for other apk /data/app/~~-FnXeb6__ecKd-dFZ4kZZA==/com.google.android.trichromelibrary.canary_613700033-7Q2vBiD9q0nCftKFg-pq8w==/base.apk. target_sdk_version=34, uses_libraries=ALL, library_path=/data/app/~~dutrJzl_xJkEyCCvIkexCw==/com.chrome.canary-4jcd8srf2WXxld2NC1r69A==/lib/arm64:/data/app/~~dutrJzl_xJkEyCCvIkexCw==/com.chrome.canary-4jcd8srf2WXxld2NC1r69A==/base.apk!/lib/arm64-v8a:/data/app/~~-FnXeb6__ecKd-dFZ4kZZA==/com.google.android.trichromelibrary.canary_613700033-7Q2vBiD9q0nCftKFg-pq8w==/base.apk!/lib/arm64-v8a, permitted_path=/data:/mnt/expand:/data/user/0/com.chrome.canary
11-23 21:28:17.781  1795  3613 D CompatibilityChangeReporter: Compat change id reported: 182734110; UID 10010; state: ENABLED
11-23 21:28:17.782  1795  2424 D MultiInternetWifiNetworkFactory: got request NetworkRequest [ REQUEST id=3478, [ Capabilities: INTERNET&NOT_RESTRICTED&TRUSTED&NOT_VCN_MANAGED Uid: 10010 RequestorUid: 10010 RequestorPkg: com.chrome.canary UnderlyingNetworks: Null] ]
11-23 21:28:17.782  7392  7392 I cr_CombinedPProvider: #registerProvider() provider:gN2@50556c3 isPolicyCacheEnabled:true policyProvidersSize:0
11-23 21:28:17.782  1795  2432 D ConnectivityService: NetReassign [3478 : null → 100] [c 0] [a 1] [i 10]
11-23 21:28:17.782  7392  7392 I cr_PolicyProvider: #setManagerAndSource() 0
11-23 21:28:17.782  7392  7392 I cr_CombinedPProvider: #registerProvider() provider:fj@6a3fa79 isPolicyCacheEnabled:false policyProvidersSize:1
11-23 21:28:17.783  7392  7392 I cr_PolicyProvider: #setManagerAndSource() 1
11-23 21:28:17.784  7469  7469 D nativeloader: Configuring clns-5 for other apk /data/app/~~dutrJzl_xJkEyCCvIkexCw==/com.chrome.canary-4jcd8srf2WXxld2NC1r69A==/base.apk. target_sdk_version=34, uses_libraries=, library_path=/data/app/~~dutrJzl_xJkEyCCvIkexCw==/com.chrome.canary-4jcd8srf2WXxld2NC1r69A==/lib/arm64:/data/app/~~dutrJzl_xJkEyCCvIkexCw==/com.chrome.canary-4jcd8srf2WXxld2NC1r69A==/base.apk!/lib/arm64-v8a:/data/app/~~-FnXeb6__ecKd-dFZ4kZZA==/com.google.android.trichromelibrary.canary_613700033-7Q2vBiD9q0nCftKFg-pq8w==/base.apk!/lib/arm64-v8a, permitted_path=/data:/mnt/expand:/data/user/0/com.chrome.canary
11-23 21:28:17.785  7392  7392 I cr_AppResProvider: #getApplicationRestrictionsFromUserManager() Bundle[EMPTY_PARCEL]
11-23 21:28:17.785  7392  7392 I cr_PolicyProvider: #notifySettingsAvailable() 1
11-23 21:28:17.785  7392  7392 I cr_CombinedPProvider: #onSettingsAvailable() 1
11-23 21:28:17.787  1795  4144 D CompatibilityChangeReporter: Compat change id reported: 149924527; UID 10010; state: ENABLED
11-23 21:28:17.788  1795  3807 D CompatibilityChangeReporter: Compat change id reported: 132649864; UID 10010; state: DISABLED
11-23 21:28:17.788  7392  7392 I cr_EnterpriseInfoImpl: #setCacheResult() deviceOwned:false profileOwned:false
11-23 21:28:17.788  7392  7392 I cr_EnterpriseInfo: #getManagedStateForNative() CQ0@cff017
11-23 21:28:17.791  7392  7392 I cr_CompositorSurfaceMgr: Transitioning to surface with format: -1
11-23 21:28:17.791  7466  7466 I LoadedApk: No resource references to update in package com.google.android.trichromelibrary.canary
11-23 21:28:17.792  7466  7466 D NetworkSecurityConfig: Using Network Security Config from resource 0_resource_name_obfuscated debugBuild: false
11-23 21:28:17.793  1795  2432 D ConnectivityService: NetReassign [no changes] [c 0] [a 9] [i 2]
11-23 21:28:17.793  7466  7466 D NetworkSecurityConfig: Using Network Security Config from resource 0_resource_name_obfuscated debugBuild: false
11-23 21:28:17.793  7469  7469 V GraphicsEnvironment: ANGLE Developer option for 'com.chrome.canary' set to: 'default'
11-23 21:28:17.793  7469  7469 V GraphicsEnvironment: ANGLE GameManagerService for com.chrome.canary: false
11-23 21:28:17.793  7469  7469 V GraphicsEnvironment: Updatable production driver is not supported on the device.
11-23 21:28:17.794  7392  7392 I cr_CompositorSurfaceMgr: surfaceCreated format: 0
11-23 21:28:17.795  7466  7466 I cr_SplitCompatApp: Launched version=121.0.6137.0 minSdkVersion=29 isBundle=true processName=com.chrome.canary:sandboxed_process0:org.chromium.content.app.SandboxedProcessService0:0 isIsolated=true
11-23 21:28:17.795  7469  7469 I LoadedApk: No resource references to update in package com.google.android.trichromelibrary.canary
11-23 21:28:17.795  7469  7469 D NetworkSecurityConfig: Using Network Security Config from resource 0_resource_name_obfuscated debugBuild: false
11-23 21:28:17.795  7469  7469 D NetworkSecurityConfig: Using Network Security Config from resource 0_resource_name_obfuscated debugBuild: false
11-23 21:28:17.795  7469  7469 I cr_SplitCompatApp: Launched version=121.0.6137.0 minSdkVersion=29 isBundle=true processName=com.chrome.canary:privileged_process0 isIsolated=false
11-23 21:28:17.801  7469  7469 I cr_ChildProcessService: Creating new ChildProcessService pid=7469
11-23 21:28:17.801  1011  1189 I ASH     : @ 118149.997: tcs3701: stop power rail pending_off timer
11-23 21:28:17.801  1011  1189 D ASH     : @ 118149.997: tcs3701: start power rail timer, state:3
11-23 21:28:17.802  7392  7392 W m.chrome.canary: Accessing hidden method Landroid/telephony/TelephonyManager;->getSubscriberInfoService()Lcom/android/internal/telephony/IPhoneSubInfo; (blocked, reflection, denied)
11-23 21:28:17.802  7392  7392 W m.chrome.canary: Accessing hidden method Landroid/telephony/TelephonyManager;->getSubscriberInfoService()Lcom/android/internal/telephony/IPhoneSubInfo; (blocked, reflection, denied)
11-23 21:28:17.802  7392  7392 W m.chrome.canary: Accessing hidden method Landroid/telephony/TelephonyManager;->getSubscriptionService()Lcom/android/internal/telephony/ISub; (blocked, reflection, denied)
11-23 21:28:17.802  7392  7392 W m.chrome.canary: Accessing hidden method Landroid/telephony/TelephonyManager;->getSubscriptionService()Lcom/android/internal/telephony/ISub; (blocked, reflection, denied)
11-23 21:28:17.802  7392  7392 W m.chrome.canary: Accessing hidden method Landroid/telephony/TelephonyManager;->getSmsService()Lcom/android/internal/telephony/ISms; (blocked, reflection, denied)
11-23 21:28:17.803  7392  7392 W m.chrome.canary: Accessing hidden method Landroid/telephony/TelephonyManager;->getSmsService()Lcom/android/internal/telephony/ISms; (blocked, reflection, denied)
11-23 21:28:17.803  7392  7392 W m.chrome.canary: Accessing hidden method Landroid/telephony/TelephonyManager;->getITelephony()Lcom/android/internal/telephony/ITelephony; (max-target-p, reflection, denied)
11-23 21:28:17.803  7392  7392 W m.chrome.canary: Accessing hidden method Landroid/telephony/TelephonyManager;->getITelephony()Lcom/android/internal/telephony/ITelephony; (max-target-p, reflection, denied)
11-23 21:28:17.804  7466  7466 W SystemServiceRegistry: No service published for: uimode
11-23 21:28:17.806  7469  7505 I cr_LibraryLoader: Loading monochrome_64 from within /data/app/~~dutrJzl_xJkEyCCvIkexCw==/com.chrome.canary-4jcd8srf2WXxld2NC1r69A==/base.apk
11-23 21:28:17.806  7469  7505 I cr_Linker: loadLibraryImplLocked: monochrome_64, relroMode=2
11-23 21:28:17.814  7466  7466 I cr_ChildProcessService: Creating new ChildProcessService pid=7466
11-23 21:28:17.814  7469  7505 I cr_LibraryLoader: Successfully loaded native library
11-23 21:28:17.815  7469  7505 I cr_CachingUmaRecorder: Flushed 4 samples from 4 histograms, 0 samples were dropped.
11-23 21:28:17.819  7392  7461 W chromium: [WARNING:ev_root_ca_metadata.cc(119)] Not implemented
11-23 21:28:17.819  7392  7461 W chromium: [WARNING:ev_root_ca_metadata.cc(119)] Not implemented
11-23 21:28:17.821  7469  7505 I AdrenoGLES-0: QUALCOMM build                   : 4783c89, I46ff5fc46f
11-23 21:28:17.821  7469  7505 I AdrenoGLES-0: Build Date                       : 11/30/20
11-23 21:28:17.821  7469  7505 I AdrenoGLES-0: OpenGL ES Shader Compiler Version: EV031.31.04.01
11-23 21:28:17.821  7469  7505 I AdrenoGLES-0: Local Branch                     : QPR2
11-23 21:28:17.821  7469  7505 I AdrenoGLES-0: Remote Branch                    : 
11-23 21:28:17.821  7469  7505 I AdrenoGLES-0: Remote Branch                    : 
11-23 21:28:17.821  7469  7505 I AdrenoGLES-0: Reconstruct Branch               : 
11-23 21:28:17.821  7469  7505 I AdrenoGLES-0: Build Config                     : S P 10.0.4 AArch64
11-23 21:28:17.821  7469  7505 I AdrenoGLES-0: Driver Path                      : /vendor/lib64/egl/libGLESv2_adreno.so
11-23 21:28:17.828  7469  7505 I AdrenoGLES-0: PFP: 0x016dd093, ME: 0x00000000
11-23 21:28:17.831  7469  7505 W AdrenoUtils: <ReadGpuID_from_sysfs:197>: Failed to open /sys/class/kgsl/kgsl-3d0/gpu_model
