11-23 21:36:26.941  1795  2424 D WifiScoreCard: BSSID update SIGNAL_POLL ID: 1320464697 SSID: "ourhome", BSSID: f4:6d:2f:12:cc:88, MAC: b2:2f:ec:da:4a:0c, IP: /192.168.1.104, Security type: 2, Supplicant state: COMPLETED, Wi-Fi standard: 5, RSSI: -47, Link speed: 866Mbps, Tx Link speed: 866Mbps, Max Supported Tx Link speed: 866Mbps, Rx Link speed: 866Mbps, Max Supported Rx Link speed: 866Mbps, Frequency: 5240MHz, Net ID: 12, Metered hint: false, score: 60, isUsable: true, CarrierMerged: false, SubscriptionId: -1, IsPrimary: 1, Trusted: true, Restricted: false, Ephemeral: false, OEM paid: false, OEM private: false, OSU AP: false, FQDN: <none>, Provider friendly name: <none>, Requesting package name: <none>"ourhome"wpa2-pskMLO Information: , Is TID-To-Link negotiation supported by the AP: false, AP MLD Address: <none>, AP MLO Link Id: <none>, AP MLO Affiliated links: <none>
11-23 21:36:26.941  1795  2424 D WifiScoreCard: txRate: 2 txSpeed: 866
11-23 21:36:26.941  1795  2424 D WifiScoreCard: network update SIGNAL_POLL "ourhome" ID: 1499892569 RSSI -47 txSpeed -1
11-23 21:36:26.941  1795  3807 I WifiService: updateWifiUsabilityScore uid=10180 seqNum=39136 score=100 predictionHorizonSec=1441795
11-23 21:36:26.941  1795  2424 D WifiClientModeImpl[13802:wlan0]:  ClientModeImpl$L2ConnectedState screen=on 25 0 "ourhome" f4:6d:2f:12:cc:88 rssi=-47 f=5240 sc=60 link=866 tx=0.8, 0.2, 0.0 rx=0.5 bcn=1138776 [on:55 tx:0 rx:1 period:3014] from screen [on:271594 period:5634306] score=60
11-23 21:36:26.941  2513  2630 V WifiManager: TrafficStateCallbackProxy: onStateChanged state=2
11-23 21:36:26.942  1795  2424 D WifiScoreReport: Wifi scoring disabled - Notify that Wifi is usable
11-23 21:36:26.946  1795  2432 D ConnectivityService: NetReassign [no changes] [c 0] [a 1] [i 2]
11-23 21:36:26.970  1011  1189 I ASH     : @ 118639.166: tcs3701: stop power rail pending_off timer
11-23 21:36:26.970  1011  1189 D ASH     : @ 118639.166: tcs3701: start power rail timer, state:3
11-23 21:36:26.974  9398  7861 I BatteryMgr:DataCollectionService: stats => 1700771786974,13122,4446,9765,4169000,100
11-23 21:36:26.975  9398  7808 I BatteryMgr:DataCollectionService: stats => 1700771786974,13122,4446,9765,4169000,100
11-23 21:36:26.975  9398  5999 I BatteryMgr:DataCollectionService: stats => 1700771786975,13122,4446,9765,4169000,100
11-23 21:36:27.011  1011  1189 I ASH     : @ 118639.206: tcs3701: stop power rail pending_off timer
11-23 21:36:27.011  1011  1189 D ASH     : @ 118639.206: tcs3701: start power rail timer, state:3
11-23 21:36:27.051  1011  1189 I ASH     : @ 118639.246: tcs3701: stop power rail pending_off timer
11-23 21:36:27.051  1011  1189 D ASH     : @ 118639.246: tcs3701: start power rail timer, state:3
11-23 21:36:27.087  9398  7861 I BatteryMgr:DataCollectionService: stats => 1700771787087,13122,4446,9765,4169000,100
11-23 21:36:27.087  9398  7808 I BatteryMgr:DataCollectionService: stats => 1700771787087,13122,4446,9765,4169000,100
11-23 21:36:27.087  9398  5999 I BatteryMgr:DataCollectionService: stats => 1700771787087,13122,4446,9765,4169000,100
11-23 21:36:27.090  1011  1189 I ASH     : @ 118639.286: tcs3701: stop power rail pending_off timer
11-23 21:36:27.090  1011  1189 D ASH     : @ 118639.286: tcs3701: start power rail timer, state:3
11-23 21:36:27.132  1011  1189 I ASH     : @ 118639.326: tcs3701: stop power rail pending_off timer
11-23 21:36:27.132  1011  1189 D ASH     : @ 118639.326: tcs3701: start power rail timer, state:3
11-23 21:36:27.170  1011  1189 I ASH     : @ 118639.366: tcs3701: stop power rail pending_off timer
11-23 21:36:27.171  1011  1189 D ASH     : @ 118639.366: tcs3701: start power rail timer, state:3
11-23 21:36:27.192  9398  7808 I BatteryMgr:DataCollectionService: stats => 1700771787192,13122,4446,9765,4169000,100
11-23 21:36:27.194  9398  9433 I BatteryMgr:DataCollectionService: stats => 1700771787193,13122,4446,9765,4169000,100
11-23 21:36:27.194  9398  7861 I BatteryMgr:DataCollectionService: stats => 1700771787194,13122,4446,9765,4169000,100
11-23 21:36:27.211  1011  1189 I ASH     : @ 118639.406: tcs3701: stop power rail pending_off timer
11-23 21:36:27.211  1011  1189 D ASH     : @ 118639.406: tcs3701: start power rail timer, state:3
11-23 21:36:27.250  1011  1189 I ASH     : @ 118639.446: tcs3701: stop power rail pending_off timer
11-23 21:36:27.250  1011  1189 D ASH     : @ 118639.446: tcs3701: start power rail timer, state:3
11-23 21:36:27.291  1011  1189 I ASH     : @ 118639.486: tcs3701: stop power rail pending_off timer
11-23 21:36:27.291  1011  1189 D ASH     : @ 118639.486: tcs3701: start power rail timer, state:3
11-23 21:36:27.302  9398  7808 I BatteryMgr:DataCollectionService: stats => 1700771787302,13122,4446,9765,4169000,100
11-23 21:36:27.303  9398  7861 I BatteryMgr:DataCollectionService: stats => 1700771787303,13122,4446,9765,4169000,100
11-23 21:36:27.304  9398  9433 I BatteryMgr:DataCollectionService: stats => 1700771787304,13122,4446,9765,4169000,100
11-23 21:36:27.330  1011  1189 I ASH     : @ 118639.526: tcs3701: stop power rail pending_off timer
11-23 21:36:27.330  1011  1189 D ASH     : @ 118639.526: tcs3701: start power rail timer, state:3
11-23 21:36:27.371  1011  1189 I ASH     : @ 118639.566: tcs3701: stop power rail pending_off timer
11-23 21:36:27.371  1011  1189 D ASH     : @ 118639.566: tcs3701: start power rail timer, state:3
11-23 21:36:27.410  1011  1189 I ASH     : @ 118639.606: tcs3701: stop power rail pending_off timer
11-23 21:36:27.411  1011  1189 D ASH     : @ 118639.606: tcs3701: start power rail timer, state:3
11-23 21:36:27.411  9398  7808 I BatteryMgr:DataCollectionService: stats => 1700771787411,13122,4446,9765,4169000,100
11-23 21:36:27.411  9398  9433 I BatteryMgr:DataCollectionService: stats => 1700771787411,13122,4446,9765,4169000,100
11-23 21:36:27.412  9398  7861 I BatteryMgr:DataCollectionService: stats => 1700771787412,13122,4446,9765,4169000,100
11-23 21:36:27.450  1011  1189 I ASH     : @ 118639.646: tcs3701: stop power rail pending_off timer
11-23 21:36:27.450  1011  1189 D ASH     : @ 118639.646: tcs3701: start power rail timer, state:3
11-23 21:36:27.490  1011  1189 I ASH     : @ 118639.686: tcs3701: stop power rail pending_off timer
11-23 21:36:27.490  1011  1189 D ASH     : @ 118639.686: tcs3701: start power rail timer, state:3
11-23 21:36:27.521  9398  9433 I BatteryMgr:DataCollectionService: stats => 1700771787521,13122,4446,9765,4169000,100
11-23 21:36:27.521  9398  7861 I BatteryMgr:DataCollectionService: stats => 1700771787521,13122,4446,9765,4169000,100
11-23 21:36:27.521  9398  7808 I BatteryMgr:DataCollectionService: stats => 1700771787521,13122,4446,9765,4169000,100
11-23 21:36:27.530  1011  1189 I ASH     : @ 118639.726: tcs3701: stop power rail pending_off timer
11-23 21:36:27.530  1011  1189 D ASH     : @ 118639.726: tcs3701: start power rail timer, state:3
11-23 21:36:27.570  1011  1189 I ASH     : @ 118639.766: tcs3701: stop power rail pending_off timer
11-23 21:36:27.571  1011  1189 D ASH     : @ 118639.766: tcs3701: start power rail timer, state:3
11-23 21:36:27.610  1011  1189 I ASH     : @ 118639.806: tcs3701: stop power rail pending_off timer
11-23 21:36:27.610  1011  1189 D ASH     : @ 118639.806: tcs3701: start power rail timer, state:3
11-23 21:36:27.630  9398  7808 I BatteryMgr:DataCollectionService: stats => 1700771787630,13122,4446,9765,4169000,100
11-23 21:36:27.631  9398  9436 I BatteryMgr:DataCollectionService: stats => 1700771787630,13122,4446,9765,4169000,100
11-23 21:36:27.631  9398  7861 I BatteryMgr:DataCollectionService: stats => 1700771787631,13122,4446,9765,4169000,100
11-23 21:36:27.650  1011  1189 I ASH     : @ 118639.846: tcs3701: stop power rail pending_off timer
11-23 21:36:27.650  1011  1189 D ASH     : @ 118639.846: tcs3701: start power rail timer, state:3
11-23 21:36:27.690  1011  1189 I ASH     : @ 118639.886: tcs3701: stop power rail pending_off timer
11-23 21:36:27.690  1011  1189 D ASH     : @ 118639.886: tcs3701: start power rail timer, state:3
11-23 21:36:27.730  1011  1189 I ASH     : @ 118639.926: tcs3701: stop power rail pending_off timer
11-23 21:36:27.730  1011  1189 D ASH     : @ 118639.926: tcs3701: start power rail timer, state:3
11-23 21:36:27.739  9398  7808 I BatteryMgr:DataCollectionService: stats => 1700771787739,13122,4446,9765,4169000,100
11-23 21:36:27.740  9398  7861 I BatteryMgr:DataCollectionService: stats => 1700771787739,13122,4446,9765,4169000,100
11-23 21:36:27.740  9398  9436 I BatteryMgr:DataCollectionService: stats => 1700771787740,13122,4446,9765,4169000,100
11-23 21:36:27.770  1011  1189 I ASH     : @ 118639.966: tcs3701: stop power rail pending_off timer
11-23 21:36:27.770  1011  1189 D ASH     : @ 118639.966: tcs3701: start power rail timer, state:3
11-23 21:36:27.776  1795  3745 D ActivityManager: freezer override set to true
11-23 21:36:27.782  1795  3745 D ActivityManager: freezer override set to false
11-23 21:36:27.803  1795  3745 D ActivityManager: freezer override set to true
11-23 21:36:27.810  1011  1189 I ASH     : @ 118640.006: tcs3701: stop power rail pending_off timer
11-23 21:36:27.811  1011  1189 D ASH     : @ 118640.006: tcs3701: start power rail timer, state:3
11-23 21:36:27.845  9398  7861 I BatteryMgr:DataCollectionService: stats => 1700771787845,13122,4446,9765,4169000,100
11-23 21:36:27.845  9398  9436 I BatteryMgr:DataCollectionService: stats => 1700771787845,13122,4446,9765,4169000,100
11-23 21:36:27.846  9398  7808 I BatteryMgr:DataCollectionService: stats => 1700771787846,13122,4446,9765,4169000,100
11-23 21:36:27.851  1011  1189 I ASH     : @ 118640.046: tcs3701: stop power rail pending_off timer
11-23 21:36:27.851  1011  1189 D ASH     : @ 118640.046: tcs3701: start power rail timer, state:3
11-23 21:36:27.890 17327 17341 I m.chrome.canary: Explicit concurrent copying GC freed 3803(191KB) AllocSpace objects, 4(80KB) LOS objects, 75% free, 12MB/49MB, paused 144us,22us total 51.212ms
11-23 21:36:27.890  1011  1189 I ASH     : @ 118640.086: tcs3701: stop power rail pending_off timer
11-23 21:36:27.890  1011  1189 D ASH     : @ 118640.086: tcs3701: start power rail timer, state:3
11-23 21:36:27.930  1011  1189 I ASH     : @ 118640.126: tcs3701: stop power rail pending_off timer
11-23 21:36:27.930  1011  1189 D ASH     : @ 118640.126: tcs3701: start power rail timer, state:3
11-23 21:36:27.948  1795  3745 D ActivityManager: freezer override set to false
11-23 21:36:27.951  9398  9436 I BatteryMgr:DataCollectionService: stats => 1700771787951,13122,4446,9765,4169000,100
11-23 21:36:27.954  9398  9434 I BatteryMgr:DataCollectionService: stats => 1700771787954,13122,4446,9765,4169000,100
11-23 21:36:27.955  9398  7808 I BatteryMgr:DataCollectionService: stats => 1700771787955,13122,4446,9765,4169000,100
11-23 21:36:27.970  1011  1189 I ASH     : @ 118640.166: tcs3701: stop power rail pending_off timer
11-23 21:36:27.970  1011  1189 D ASH     : @ 118640.166: tcs3701: start power rail timer, state:3
11-23 21:36:27.982  1795  3807 D ActivityManager: freezer override set to true
11-23 21:36:27.986  1795  3807 D ActivityManager: freezer override set to false
11-23 21:36:28.010  1011  1189 I ASH     : @ 118640.206: tcs3701: stop power rail pending_off timer
11-23 21:36:28.010  1011  1189 D ASH     : @ 118640.206: tcs3701: start power rail timer, state:3
11-23 21:36:28.050  1011  1189 I ASH     : @ 118640.246: tcs3701: stop power rail pending_off timer
11-23 21:36:28.050  1011  1189 D ASH     : @ 118640.246: tcs3701: start power rail timer, state:3
11-23 21:36:28.059  9398  9436 I BatteryMgr:DataCollectionService: stats => 1700771788059,13122,4446,9765,4169000,100
11-23 21:36:28.059  9398  7808 I BatteryMgr:DataCollectionService: stats => 1700771788059,13122,4446,9765,4169000,100
11-23 21:36:28.060  9398  9434 I BatteryMgr:DataCollectionService: stats => 1700771788060,13122,4446,9765,4169000,100
11-23 21:36:28.065  2113  2118 I pixel-thermal: skin-therm-monitor: 38.778
11-23 21:36:28.090  1011  1189 I ASH     : @ 118640.286: tcs3701: stop power rail pending_off timer
11-23 21:36:28.090  1011  1189 D ASH     : @ 118640.286: tcs3701: start power rail timer, state:3
11-23 21:36:28.130  1011  1189 I ASH     : @ 118640.326: tcs3701: stop power rail pending_off timer
11-23 21:36:28.130  1011  1189 D ASH     : @ 118640.326: tcs3701: start power rail timer, state:3
11-23 21:36:28.167  9398  9436 I BatteryMgr:DataCollectionService: stats => 1700771788167,13122,4446,9765,4169000,100
11-23 21:36:28.167  9398  9434 I BatteryMgr:DataCollectionService: stats => 1700771788167,13122,4446,9765,4169000,100
11-23 21:36:28.168  9398  7808 I BatteryMgr:DataCollectionService: stats => 1700771788167,13122,4446,9765,4169000,100
11-23 21:36:28.170  1011  1189 I ASH     : @ 118640.366: tcs3701: stop power rail pending_off timer
11-23 21:36:28.170  1011  1189 D ASH     : @ 118640.366: tcs3701: start power rail timer, state:3
11-23 21:36:28.211  1011  1189 I ASH     : @ 118640.406: tcs3701: stop power rail pending_off timer
11-23 21:36:28.211  1011  1189 D ASH     : @ 118640.406: tcs3701: start power rail timer, state:3
11-23 21:36:28.250  1011  1189 I ASH     : @ 118640.446: tcs3701: stop power rail pending_off timer
11-23 21:36:28.250  1011  1189 D ASH     : @ 118640.446: tcs3701: start power rail timer, state:3
11-23 21:36:28.277  9398  5999 I BatteryMgr:DataCollectionService: stats => 1700771788277,13122,4446,9765,4169000,100
11-23 21:36:28.277  9398  9434 I BatteryMgr:DataCollectionService: stats => 1700771788277,13122,4446,9765,4169000,100
11-23 21:36:28.279  9398  7808 I BatteryMgr:DataCollectionService: stats => 1700771788279,13122,4446,9765,4169000,100
11-23 21:36:28.290  1011  1189 I ASH     : @ 118640.486: tcs3701: stop power rail pending_off timer
11-23 21:36:28.291  1011  1189 D ASH     : @ 118640.486: tcs3701: start power rail timer, state:3
11-23 21:36:28.330  1011  1189 I ASH     : @ 118640.526: tcs3701: stop power rail pending_off timer
11-23 21:36:28.330  1011  1189 D ASH     : @ 118640.526: tcs3701: start power rail timer, state:3
11-23 21:36:28.371  1011  1189 I ASH     : @ 118640.566: tcs3701: stop power rail pending_off timer
11-23 21:36:28.371  1011  1189 D ASH     : @ 118640.566: tcs3701: start power rail timer, state:3
11-23 21:36:28.388  9398  5999 I BatteryMgr:DataCollectionService: stats => 1700771788388,13122,4446,9765,4169000,100
11-23 21:36:28.388  9398  9434 I BatteryMgr:DataCollectionService: stats => 1700771788388,13122,4446,9765,4169000,100
11-23 21:36:28.390  9398  7808 I BatteryMgr:DataCollectionService: stats => 1700771788390,13122,4446,9765,4169000,100
11-23 21:36:28.410  1011  1189 I ASH     : @ 118640.606: tcs3701: stop power rail pending_off timer
11-23 21:36:28.410  1011  1189 D ASH     : @ 118640.606: tcs3701: start power rail timer, state:3
11-23 21:36:28.450  1011  1189 I ASH     : @ 118640.646: tcs3701: stop power rail pending_off timer
11-23 21:36:28.450  1011  1189 D ASH     : @ 118640.646: tcs3701: start power rail timer, state:3
11-23 21:36:28.490  1011  1189 I ASH     : @ 118640.686: tcs3701: stop power rail pending_off timer
11-23 21:36:28.490  1011  1189 D ASH     : @ 118640.686: tcs3701: start power rail timer, state:3
11-23 21:36:28.494  9398  9434 I BatteryMgr:DataCollectionService: stats => 1700771788494,13122,4446,9765,4169000,100
11-23 21:36:28.498  9398  5999 I BatteryMgr:DataCollectionService: stats => 1700771788498,13122,4446,9765,4169000,100
11-23 21:36:28.498  9398  7808 I BatteryMgr:DataCollectionService: stats => 1700771788498,13122,4446,9765,4169000,100
11-23 21:36:28.530  1011  1189 I ASH     : @ 118640.726: tcs3701: stop power rail pending_off timer
11-23 21:36:28.530  1011  1189 D ASH     : @ 118640.726: tcs3701: start power rail timer, state:3
11-23 21:36:28.571  1011  1189 I ASH     : @ 118640.766: tcs3701: stop power rail pending_off timer
11-23 21:36:28.571  1011  1189 D ASH     : @ 118640.766: tcs3701: start power rail timer, state:3
11-23 21:36:28.600  9398  7808 I BatteryMgr:DataCollectionService: stats => 1700771788600,13122,4446,9765,4169000,100
11-23 21:36:28.602  9398  5999 I BatteryMgr:DataCollectionService: stats => 1700771788602,13122,4446,9765,4169000,100
11-23 21:36:28.604  9398  9434 I BatteryMgr:DataCollectionService: stats => 1700771788604,13122,4446,9765,4169000,100
11-23 21:36:28.611  1011  1189 I ASH     : @ 118640.806: tcs3701: stop power rail pending_off timer
11-23 21:36:28.611  1011  1189 D ASH     : @ 118640.806: tcs3701: start power rail timer, state:3
11-23 21:36:28.650  1011  1189 I ASH     : @ 118640.846: tcs3701: stop power rail pending_off timer
11-23 21:36:28.650  1011  1189 D ASH     : @ 118640.846: tcs3701: start power rail timer, state:3
11-23 21:36:28.690  1011  1189 I ASH     : @ 118640.886: tcs3701: stop power rail pending_off timer
11-23 21:36:28.690  1011  1189 D ASH     : @ 118640.886: tcs3701: start power rail timer, state:3
11-23 21:36:28.709  9398  5999 I BatteryMgr:DataCollectionService: stats => 1700771788709,13122,4446,9765,4169000,100
11-23 21:36:28.710  9398  9434 I BatteryMgr:DataCollectionService: stats => 1700771788710,13122,4446,9765,4169000,100
11-23 21:36:28.711  9398  7808 I BatteryMgr:DataCollectionService: stats => 1700771788711,13122,4446,9765,4169000,100
11-23 21:36:28.730  1011  1189 I ASH     : @ 118640.926: tcs3701: stop power rail pending_off timer
11-23 21:36:28.730  1011  1189 D ASH     : @ 118640.926: tcs3701: start power rail timer, state:3
11-23 21:36:28.771  1011  1189 I ASH     : @ 118640.966: tcs3701: stop power rail pending_off timer
11-23 21:36:28.771  1011  1189 D ASH     : @ 118640.966: tcs3701: start power rail timer, state:3
11-23 21:36:28.792  1795  3807 D ActivityManager: freezer override set to true
11-23 21:36:28.798  1795  3807 D ActivityManager: freezer override set to false
11-23 21:36:28.810  1011  1189 I ASH     : @ 118641.006: tcs3701: stop power rail pending_off timer
11-23 21:36:28.810  1011  1189 D ASH     : @ 118641.006: tcs3701: start power rail timer, state:3
11-23 21:36:28.817  9398  5999 I BatteryMgr:DataCollectionService: stats => 1700771788817,13122,4446,9765,4169000,100
11-23 21:36:28.818  9398  7808 I BatteryMgr:DataCollectionService: stats => 1700771788818,13122,4446,9765,4169000,100
11-23 21:36:28.819  9398  9434 I BatteryMgr:DataCollectionService: stats => 1700771788819,13122,4446,9765,4169000,100
11-23 21:36:28.850  1011  1189 I ASH     : @ 118641.046: tcs3701: stop power rail pending_off timer
11-23 21:36:28.851  1011  1189 D ASH     : @ 118641.046: tcs3701: start power rail timer, state:3
11-23 21:36:28.890  1011  1189 I ASH     : @ 118641.086: tcs3701: stop power rail pending_off timer
11-23 21:36:28.890  1011  1189 D ASH     : @ 118641.086: tcs3701: start power rail timer, state:3
11-23 21:36:28.926  9398  5999 I BatteryMgr:DataCollectionService: stats => 1700771788926,13122,4446,9765,4169000,100
11-23 21:36:28.927  9398  9434 I BatteryMgr:DataCollectionService: stats => 1700771788927,13122,4446,9765,4169000,100
11-23 21:36:28.928  9398  7808 I BatteryMgr:DataCollectionService: stats => 1700771788928,13122,4446,9765,4169000,100
11-23 21:36:28.930  1011  1189 I ASH     : @ 118641.126: tcs3701: stop power rail pending_off timer
11-23 21:36:28.931  1011  1189 D ASH     : @ 118641.126: tcs3701: start power rail timer, state:3
11-23 21:36:28.970  1011  1189 I ASH     : @ 118641.166: tcs3701: stop power rail pending_off timer
11-23 21:36:28.971  1011  1189 D ASH     : @ 118641.166: tcs3701: start power rail timer, state:3
11-23 21:36:29.011  1011  1189 I ASH     : @ 118641.206: tcs3701: stop power rail pending_off timer
11-23 21:36:29.011  1011  1189 D ASH     : @ 118641.206: tcs3701: start power rail timer, state:3
11-23 21:36:29.032  9398  7808 I BatteryMgr:DataCollectionService: stats => 1700771789032,13122,4446,9765,4169000,100
11-23 21:36:29.033  9398  9434 I BatteryMgr:DataCollectionService: stats => 1700771789033,13122,4446,9765,4169000,100
11-23 21:36:29.034  9398  5999 I BatteryMgr:DataCollectionService: stats => 1700771789034,13122,4446,9765,4169000,100
11-23 21:36:29.051  1011  1189 I ASH     : @ 118641.246: tcs3701: stop power rail pending_off timer
11-23 21:36:29.051  1011  1189 D ASH     : @ 118641.246: tcs3701: start power rail timer, state:3
11-23 21:36:29.091  1011  1189 I ASH     : @ 118641.286: tcs3701: stop power rail pending_off timer
11-23 21:36:29.091  1011  1189 D ASH     : @ 118641.286: tcs3701: start power rail timer, state:3
11-23 21:36:29.130  1011  1189 I ASH     : @ 118641.326: tcs3701: stop power rail pending_off timer
11-23 21:36:29.130  1011  1189 D ASH     : @ 118641.326: tcs3701: start power rail timer, state:3
11-23 21:36:29.145  9398  7808 I BatteryMgr:DataCollectionService: stats => 1700771789144,13122,4446,9765,4169000,100
11-23 21:36:29.146  9398  9434 I BatteryMgr:DataCollectionService: stats => 1700771789145,13122,4446,9765,4169000,100
11-23 21:36:29.148  9398  5999 I BatteryMgr:DataCollectionService: stats => 1700771789148,13122,4446,9765,4169000,100
11-23 21:36:29.154  1795  3745 D ActivityManager: freezer override set to true
11-23 21:36:29.170  1011  1189 I ASH     : @ 118641.366: tcs3701: stop power rail pending_off timer
11-23 21:36:29.171  1011  1189 D ASH     : @ 118641.366: tcs3701: start power rail timer, state:3
11-23 21:36:29.210  1011  1189 I ASH     : @ 118641.406: tcs3701: stop power rail pending_off timer
11-23 21:36:29.210  1011  1189 D ASH     : @ 118641.406: tcs3701: start power rail timer, state:3
11-23 21:36:29.250  1011  1189 I ASH     : @ 118641.446: tcs3701: stop power rail pending_off timer
11-23 21:36:29.250  1011  1189 D ASH     : @ 118641.446: tcs3701: start power rail timer, state:3
11-23 21:36:29.253  9398  9434 I BatteryMgr:DataCollectionService: stats => 1700771789253,13122,4446,9765,4169000,100
11-23 21:36:29.256  9398  7808 I BatteryMgr:DataCollectionService: stats => 1700771789256,13122,4446,9765,4169000,100
11-23 21:36:29.259  9398  5999 I BatteryMgr:DataCollectionService: stats => 1700771789259,13122,4446,9765,4169000,100
11-23 21:36:29.290  1011  1189 I ASH     : @ 118641.486: tcs3701: stop power rail pending_off timer
11-23 21:36:29.290  1011  1189 D ASH     : @ 118641.486: tcs3701: start power rail timer, state:3
11-23 21:36:29.294 17327 17341 I m.chrome.canary: Explicit concurrent copying GC freed 3595(176KB) AllocSpace objects, 3(60KB) LOS objects, 75% free, 12MB/49MB, paused 185us,22us total 51.859ms
11-23 21:36:29.330  1011  1189 I ASH     : @ 118641.526: tcs3701: stop power rail pending_off timer
11-23 21:36:29.330  1011  1189 D ASH     : @ 118641.526: tcs3701: start power rail timer, state:3
11-23 21:36:29.353  1795  3745 D ActivityManager: freezer override set to false
11-23 21:36:29.358  9398  5999 I BatteryMgr:DataCollectionService: stats => 1700771789358,13122,4446,9765,4169000,100
11-23 21:36:29.362  9398  7808 I BatteryMgr:DataCollectionService: stats => 1700771789362,13122,4446,9765,4169000,100
11-23 21:36:29.364  9398  5999 I BatteryMgr:DataCollectionService: stats => 1700771789363,13122,4446,9765,4169000,100
11-23 21:36:29.370  1011  1189 I ASH     : @ 118641.566: tcs3701: stop power rail pending_off timer
11-23 21:36:29.370  1011  1189 D ASH     : @ 118641.566: tcs3701: start power rail timer, state:3
11-23 21:36:29.392  1795  3745 D ActivityManager: freezer override set to true
11-23 21:36:29.395  1795  3745 D ActivityManager: freezer override set to false
11-23 21:36:29.410  1011  1189 I ASH     : @ 118641.606: tcs3701: stop power rail pending_off timer
11-23 21:36:29.410  1011  1189 D ASH     : @ 118641.606: tcs3701: start power rail timer, state:3
11-23 21:36:29.450  1011  1189 I ASH     : @ 118641.646: tcs3701: stop power rail pending_off timer
11-23 21:36:29.450  1011  1189 D ASH     : @ 118641.646: tcs3701: start power rail timer, state:3
11-23 21:36:29.469  9398  5999 I BatteryMgr:DataCollectionService: stats => 1700771789469,13122,4446,9765,4169000,100
11-23 21:36:29.470  9398  9434 I BatteryMgr:DataCollectionService: stats => 1700771789470,13122,4446,9765,4169000,100
11-23 21:36:29.471  9398  7808 I BatteryMgr:DataCollectionService: stats => 1700771789471,13122,4446,9765,4169000,100
11-23 21:36:29.491  1011  1189 I ASH     : @ 118641.686: tcs3701: stop power rail pending_off timer
11-23 21:36:29.491  1011  1189 D ASH     : @ 118641.686: tcs3701: start power rail timer, state:3
11-23 21:36:29.530  1011  1189 I ASH     : @ 118641.726: tcs3701: stop power rail pending_off timer
11-23 21:36:29.530  1011  1189 D ASH     : @ 118641.726: tcs3701: start power rail timer, state:3
11-23 21:36:29.570  1011  1189 I ASH     : @ 118641.766: tcs3701: stop power rail pending_off timer
11-23 21:36:29.570  1011  1189 D ASH     : @ 118641.766: tcs3701: start power rail timer, state:3
11-23 21:36:29.575  9398  9434 I BatteryMgr:DataCollectionService: stats => 1700771789575,13122,4446,9765,4169000,100
11-23 21:36:29.576  9398  7808 I BatteryMgr:DataCollectionService: stats => 1700771789576,13122,4446,9765,4169000,100
11-23 21:36:29.577  9398  5999 I BatteryMgr:DataCollectionService: stats => 1700771789576,13122,4446,9765,4169000,100
11-23 21:36:29.610  1011  1189 I ASH     : @ 118641.806: tcs3701: stop power rail pending_off timer
11-23 21:36:29.610  1011  1189 D ASH     : @ 118641.806: tcs3701: start power rail timer, state:3
11-23 21:36:29.650  1011  1189 I ASH     : @ 118641.846: tcs3701: stop power rail pending_off timer
11-23 21:36:29.651  1011  1189 D ASH     : @ 118641.846: tcs3701: start power rail timer, state:3
11-23 21:36:29.681  9398  5999 I BatteryMgr:DataCollectionService: stats => 1700771789681,13122,4446,9765,4169000,100
11-23 21:36:29.683  9398  7808 I BatteryMgr:DataCollectionService: stats => 1700771789683,13122,4446,9765,4169000,100
11-23 21:36:29.684  9398  9434 I BatteryMgr:DataCollectionService: stats => 1700771789684,13122,4446,9765,4169000,100
11-23 21:36:29.690  1011  1189 I ASH     : @ 118641.886: tcs3701: stop power rail pending_off timer
11-23 21:36:29.690  1011  1189 D ASH     : @ 118641.886: tcs3701: start power rail timer, state:3
11-23 21:36:29.731  1011  1189 I ASH     : @ 118641.926: tcs3701: stop power rail pending_off timer
11-23 21:36:29.731  1011  1189 D ASH     : @ 118641.926: tcs3701: start power rail timer, state:3
11-23 21:36:29.770  1011  1189 I ASH     : @ 118641.966: tcs3701: stop power rail pending_off timer
11-23 21:36:29.770  1011  1189 D ASH     : @ 118641.966: tcs3701: start power rail timer, state:3
11-23 21:36:29.781  1795  4157 D ActivityManager: freezer override set to true
11-23 21:36:29.785  9398  9434 I BatteryMgr:DataCollectionService: stats => 1700771789785,13122,4446,9765,4169000,100
11-23 21:36:29.787  1795  4157 D ActivityManager: freezer override set to false
11-23 21:36:29.791  9398  5999 I BatteryMgr:DataCollectionService: stats => 1700771789791,13122,4446,9765,4169000,100
11-23 21:36:29.791  9398  7808 I BatteryMgr:DataCollectionService: stats => 1700771789791,13122,4446,9765,4169000,100
11-23 21:36:29.810  1011  1189 I ASH     : @ 118642.006: tcs3701: stop power rail pending_off timer
11-23 21:36:29.810  1011  1189 D ASH     : @ 118642.006: tcs3701: start power rail timer, state:3
11-23 21:36:29.851  1011  1189 I ASH     : @ 118642.046: tcs3701: stop power rail pending_off timer
11-23 21:36:29.851  1011  1189 D ASH     : @ 118642.046: tcs3701: start power rail timer, state:3
11-23 21:36:29.891  9398  7808 I BatteryMgr:DataCollectionService: stats => 1700771789890,13122,4446,9765,4169000,100
11-23 21:36:29.891  1011  1189 I ASH     : @ 118642.086: tcs3701: stop power rail pending_off timer
11-23 21:36:29.891  1011  1189 D ASH     : @ 118642.086: tcs3701: start power rail timer, state:3
11-23 21:36:29.895  9398  5999 I BatteryMgr:DataCollectionService: stats => 1700771789895,13122,4446,9765,4169000,100
11-23 21:36:29.896  9398  7808 I BatteryMgr:DataCollectionService: stats => 1700771789896,13122,4446,9765,4169000,100
11-23 21:36:29.930  1011  1189 I ASH     : @ 118642.126: tcs3701: stop power rail pending_off timer
11-23 21:36:29.931  1011  1189 D ASH     : @ 118642.126: tcs3701: start power rail timer, state:3
11-23 21:36:29.954  1795  2424 D WifiClientModeImpl[13802:wlan0]: updateLinkLayerStatsRssiSpeedFrequencyCapabilities rssi=-47 TxLinkspeed=866 freq=5240 RxLinkSpeed=866
11-23 21:36:29.954  1795  2424 D WifiDataStall: tx tput in kbps: 645948
11-23 21:36:29.954  1795  2424 D WifiDataStall: rx tput in kbps: 679945
11-23 21:36:29.955  1795  2424 V WifiConfigManager: Updating scan detail cache freq=5240 BSSID=f4:6d:2f:12:cc:88 RSSI=-46 for "ourhome"WPA_PSK
11-23 21:36:29.955  1795  2424 D WifiChannelUtilization:  freq: 5240 onTime: 3632245 busyTime: 372136 onTimeDiff: 257453 busyTimeDiff: 56437 utilization: 55 utilization t0: 26
11-23 21:36:29.955  1795  2424 D WifiDataStall:  ccaLevel = 55
11-23 21:36:29.955  1795  2424 D WifiDataStall: L2 txTputKbps: 645948, rxTputKbps: 679945, L3 txTputKbps: 0, rxTputKbps: 0, TxTrafficHigh: false, RxTrafficHigh: false, Throughput Sufficient: true
11-23 21:36:29.955  3213  6173 V WifiManager: OnWifiUsabilityStatsListener: onWifiUsabilityStats: seqNum=39137
11-23 21:36:29.955  1795  2424 D WifiScoreReport: Wifi scoring disabled - Don't check IP layer
11-23 21:36:29.955  1795  2424 D WifiScoreCard: BSSID update SIGNAL_POLL ID: 1320464697 SSID: "ourhome", BSSID: f4:6d:2f:12:cc:88, MAC: b2:2f:ec:da:4a:0c, IP: /192.168.1.104, Security type: 2, Supplicant state: COMPLETED, Wi-Fi standard: 5, RSSI: -47, Link speed: 866Mbps, Tx Link speed: 866Mbps, Max Supported Tx Link speed: 866Mbps, Rx Link speed: 866Mbps, Max Supported Rx Link speed: 866Mbps, Frequency: 5240MHz, Net ID: 12, Metered hint: false, score: 60, isUsable: true, CarrierMerged: false, SubscriptionId: -1, IsPrimary: 1, Trusted: true, Restricted: false, Ephemeral: false, OEM paid: false, OEM private: false, OSU AP: false, FQDN: <none>, Provider friendly name: <none>, Requesting package name: <none>"ourhome"wpa2-pskMLO Information: , Is TID-To-Link negotiation supported by the AP: false, AP MLD Address: <none>, AP MLO Link Id: <none>, AP MLO Affiliated links: <none>
11-23 21:36:29.955  1795  2424 D WifiScoreCard: txRate: 1 txSpeed: 866
11-23 21:36:29.955  1795  2424 D WifiScoreCard: network update SIGNAL_POLL "ourhome" ID: 1499892569 RSSI -47 txSpeed -1
11-23 21:36:29.956  2513  2630 V WifiManager: TrafficStateCallbackProxy: onStateChanged state=0
11-23 21:36:29.956  1795  4157 I WifiService: updateWifiUsabilityScore uid=10180 seqNum=39137 score=100 predictionHorizonSec=1441795
11-23 21:36:29.956  1795  2424 D WifiClientModeImpl[13802:wlan0]:  ClientModeImpl$L2ConnectedState screen=on 25 0 "ourhome" f4:6d:2f:12:cc:88 rssi=-47 f=5240 sc=60 link=866 tx=0.3, 0.1, 0.0 rx=0.2 bcn=1138805 [on:0 tx:0 rx:0 period:3015] from screen [on:271594 period:5637321] score=60
11-23 21:36:29.957  1795  2424 D WifiScoreReport: Wifi scoring disabled - Notify that Wifi is usable
11-23 21:36:29.960  1795  2432 D ConnectivityService: NetReassign [no changes] [c 0] [a 1] [i 1]
11-23 21:36:29.971  1011  1189 I ASH     : @ 118642.166: tcs3701: stop power rail pending_off timer
11-23 21:36:29.971  1011  1189 D ASH     : @ 118642.166: tcs3701: start power rail timer, state:3
11-23 21:36:30.003  9398  5999 I BatteryMgr:DataCollectionService: stats => 1700771790003,13122,4446,9765,4169000,100
11-23 21:36:30.004  9398  7808 I BatteryMgr:DataCollectionService: stats => 1700771790004,13122,4446,9765,4169000,100
11-23 21:36:30.004  9398  9434 I BatteryMgr:DataCollectionService: stats => 1700771790004,13122,4446,9765,4169000,100
11-23 21:36:30.010  1011  1189 I ASH     : @ 118642.206: tcs3701: stop power rail pending_off timer
11-23 21:36:30.010  1011  1189 D ASH     : @ 118642.206: tcs3701: start power rail timer, state:3
11-23 21:36:30.050  1011  1189 I ASH     : @ 118642.246: tcs3701: stop power rail pending_off timer
11-23 21:36:30.050  1011  1189 D ASH     : @ 118642.246: tcs3701: start power rail timer, state:3
11-23 21:36:30.068  2113  2118 I pixel-thermal: skin-therm-monitor: 38.811
11-23 21:36:30.090  1011  1189 I ASH     : @ 118642.286: tcs3701: stop power rail pending_off timer
11-23 21:36:30.090  1011  1189 D ASH     : @ 118642.286: tcs3701: start power rail timer, state:3
11-23 21:36:30.111  9398  9434 I BatteryMgr:DataCollectionService: stats => 1700771790111,13122,4446,9765,4169000,100
11-23 21:36:30.112  9398  7808 I BatteryMgr:DataCollectionService: stats => 1700771790112,13122,4446,9765,4169000,100
11-23 21:36:30.113  9398  5999 I BatteryMgr:DataCollectionService: stats => 1700771790113,13122,4446,9765,4169000,100
11-23 21:36:30.130  1011  1189 I ASH     : @ 118642.326: tcs3701: stop power rail pending_off timer
11-23 21:36:30.130  1011  1189 D ASH     : @ 118642.326: tcs3701: start power rail timer, state:3
11-23 21:36:30.170  1011  1189 I ASH     : @ 118642.366: tcs3701: stop power rail pending_off timer
11-23 21:36:30.170  1011  1189 D ASH     : @ 118642.366: tcs3701: start power rail timer, state:3
11-23 21:36:30.210  1011  1189 I ASH     : @ 118642.406: tcs3701: stop power rail pending_off timer
11-23 21:36:30.210  1011  1189 D ASH     : @ 118642.406: tcs3701: start power rail timer, state:3
11-23 21:36:30.222  9398  5999 I BatteryMgr:DataCollectionService: stats => 1700771790222,13122,4446,9765,4169000,100
11-23 21:36:30.223  9398  7808 I BatteryMgr:DataCollectionService: stats => 1700771790223,13122,4446,9765,4169000,100
11-23 21:36:30.225  9398  9434 I BatteryMgr:DataCollectionService: stats => 1700771790225,13122,4446,9765,4169000,100
11-23 21:36:30.250  1011  1189 I ASH     : @ 118642.446: tcs3701: stop power rail pending_off timer
11-23 21:36:30.250  1011  1189 D ASH     : @ 118642.446: tcs3701: start power rail timer, state:3
11-23 21:36:30.290  1011  1189 I ASH     : @ 118642.486: tcs3701: stop power rail pending_off timer
11-23 21:36:30.290  1011  1189 D ASH     : @ 118642.486: tcs3701: start power rail timer, state:3
11-23 21:36:30.330  1011  1189 I ASH     : @ 118642.526: tcs3701: stop power rail pending_off timer
11-23 21:36:30.330  1011  1189 D ASH     : @ 118642.526: tcs3701: start power rail timer, state:3
11-23 21:36:30.331  9398  9434 I BatteryMgr:DataCollectionService: stats => 1700771790330,13122,4446,9765,4169000,100
11-23 21:36:30.334  9398  7808 I BatteryMgr:DataCollectionService: stats => 1700771790334,13122,4446,9765,4169000,100
11-23 21:36:30.335  9398  5999 I BatteryMgr:DataCollectionService: stats => 1700771790334,13122,4446,9765,4169000,100
11-23 21:36:30.370  1011  1189 I ASH     : @ 118642.566: tcs3701: stop power rail pending_off timer
11-23 21:36:30.370  1011  1189 D ASH     : @ 118642.566: tcs3701: start power rail timer, state:3
11-23 21:36:30.411  1011  1189 I ASH     : @ 118642.606: tcs3701: stop power rail pending_off timer
11-23 21:36:30.411  1011  1189 D ASH     : @ 118642.606: tcs3701: start power rail timer, state:3
11-23 21:36:30.441  9398  5999 I BatteryMgr:DataCollectionService: stats => 1700771790441,13122,4446,9765,4169000,100
11-23 21:36:30.441  9398  9434 I BatteryMgr:DataCollectionService: stats => 1700771790441,13122,4446,9765,4169000,100
11-23 21:36:30.442  9398  7808 I BatteryMgr:DataCollectionService: stats => 1700771790442,13122,4446,9765,4169000,100
11-23 21:36:30.450  1011  1189 I ASH     : @ 118642.646: tcs3701: stop power rail pending_off timer
11-23 21:36:30.450  1011  1189 D ASH     : @ 118642.646: tcs3701: start power rail timer, state:3
11-23 21:36:30.490  1011  1189 I ASH     : @ 118642.686: tcs3701: stop power rail pending_off timer
11-23 21:36:30.490  1011  1189 D ASH     : @ 118642.686: tcs3701: start power rail timer, state:3
11-23 21:36:30.530  1011  1189 I ASH     : @ 118642.726: tcs3701: stop power rail pending_off timer
11-23 21:36:30.530  1011  1189 D ASH     : @ 118642.726: tcs3701: start power rail timer, state:3
11-23 21:36:30.551  9398  9433 I BatteryMgr:DataCollectionService: stats => 1700771790551,13122,4446,9765,4169000,100
11-23 21:36:30.554  9398  7808 I BatteryMgr:DataCollectionService: stats => 1700771790554,13122,4446,9765,4169000,100
11-23 21:36:30.555  9398  9434 I BatteryMgr:DataCollectionService: stats => 1700771790555,13122,4446,9765,4169000,100
11-23 21:36:30.558  1795  2679 D ActivityManager: freezer override set to true
11-23 21:36:30.571  1011  1189 I ASH     : @ 118642.766: tcs3701: stop power rail pending_off timer
11-23 21:36:30.571  1011  1189 D ASH     : @ 118642.766: tcs3701: start power rail timer, state:3
11-23 21:36:30.606  1411  1514 D Diag_Lib: diag: In log_to_device, File count reached max file num 50 so deleting oldest file
11-23 21:36:30.609  1411  1514 D Diag_Lib: diag: In delete_log, Deleting logfile /data/vendor/radio/diag_logs/logs/diag_log_20231123_2048411700768921927.qmdl2 of size 5194 KB
11-23 21:36:30.610  1411  1514 D Diag_Lib:  creating new file /data/vendor/radio/diag_logs/logs/diag_log_20231123_2136301700771790610.qmdl2 
11-23 21:36:30.610  1011  1189 I ASH     : @ 118642.806: tcs3701: stop power rail pending_off timer
11-23 21:36:30.610  1011  1189 D ASH     : @ 118642.806: tcs3701: start power rail timer, state:3
11-23 21:36:30.650  1011  1189 I ASH     : @ 118642.846: tcs3701: stop power rail pending_off timer
11-23 21:36:30.651  1011  1189 D ASH     : @ 118642.846: tcs3701: start power rail timer, state:3
11-23 21:36:30.656  9398  9434 I BatteryMgr:DataCollectionService: stats => 1700771790656,13122,4446,9765,4169000,100
11-23 21:36:30.659  9398  7808 I BatteryMgr:DataCollectionService: stats => 1700771790659,13122,4446,9765,4169000,100
11-23 21:36:30.661  9398  9433 I BatteryMgr:DataCollectionService: stats => 1700771790661,13122,4446,9765,4169000,100
11-23 21:36:30.687 17327 17341 I m.chrome.canary: Explicit concurrent copying GC freed 3578(176KB) AllocSpace objects, 3(60KB) LOS objects, 75% free, 12MB/49MB, paused 30us,21us total 48.384ms
11-23 21:36:30.690  1011  1189 I ASH     : @ 118642.886: tcs3701: stop power rail pending_off timer
11-23 21:36:30.690  1011  1189 D ASH     : @ 118642.886: tcs3701: start power rail timer, state:3
11-23 21:36:30.730  1011  1189 I ASH     : @ 118642.926: tcs3701: stop power rail pending_off timer
11-23 21:36:30.731  1011  1189 D ASH     : @ 118642.926: tcs3701: start power rail timer, state:3
11-23 21:36:30.746  1795  2679 D ActivityManager: freezer override set to false
11-23 21:36:30.760  9398  9433 I BatteryMgr:DataCollectionService: stats => 1700771790760,13122,4446,9765,4169000,100
11-23 21:36:30.763  9398  7808 I BatteryMgr:DataCollectionService: stats => 1700771790763,13122,4446,9765,4169000,100
11-23 21:36:30.765  9398  9433 I BatteryMgr:DataCollectionService: stats => 1700771790765,13122,4446,9765,4169000,100
11-23 21:36:30.770  1011  1189 I ASH     : @ 118642.966: tcs3701: stop power rail pending_off timer
11-23 21:36:30.770  1011  1189 D ASH     : @ 118642.966: tcs3701: start power rail timer, state:3
11-23 21:36:30.788  1795  2679 D ActivityManager: freezer override set to true
11-23 21:36:30.793  1795  2679 D ActivityManager: freezer override set to false
11-23 21:36:30.798  1795  2679 D ActivityManager: freezer override set to true
11-23 21:36:30.801  1795  2679 D ActivityManager: freezer override set to false
11-23 21:36:30.811  1011  1189 I ASH     : @ 118643.006: tcs3701: stop power rail pending_off timer
11-23 21:36:30.811  1011  1189 D ASH     : @ 118643.006: tcs3701: start power rail timer, state:3
11-23 21:36:30.851  1011  1189 I ASH     : @ 118643.046: tcs3701: stop power rail pending_off timer
11-23 21:36:30.851  1011  1189 D ASH     : @ 118643.046: tcs3701: start power rail timer, state:3
11-23 21:36:30.871  9398  7808 I BatteryMgr:DataCollectionService: stats => 1700771790871,13122,4446,9765,4169000,100
11-23 21:36:30.872  9398  9433 I BatteryMgr:DataCollectionService: stats => 1700771790872,13122,4446,9765,4169000,100
11-23 21:36:30.873  9398  9434 I BatteryMgr:DataCollectionService: stats => 1700771790873,13122,4446,9765,4169000,100
11-23 21:36:30.890  1011  1189 I ASH     : @ 118643.086: tcs3701: stop power rail pending_off timer
11-23 21:36:30.890  1011  1189 D ASH     : @ 118643.086: tcs3701: start power rail timer, state:3
11-23 21:36:30.931  1011  1189 I ASH     : @ 118643.126: tcs3701: stop power rail pending_off timer
11-23 21:36:30.931  1011  1189 D ASH     : @ 118643.126: tcs3701: start power rail timer, state:3
11-23 21:36:30.971  1011  1189 I ASH     : @ 118643.166: tcs3701: stop power rail pending_off timer
11-23 21:36:30.971  1011  1189 D ASH     : @ 118643.166: tcs3701: start power rail timer, state:3
11-23 21:36:30.980  9398  7808 I BatteryMgr:DataCollectionService: stats => 1700771790980,13122,4446,9765,4169000,100
11-23 21:36:30.981  9398  9434 I BatteryMgr:DataCollectionService: stats => 1700771790981,13122,4446,9765,4169000,100
11-23 21:36:30.982  9398  9433 I BatteryMgr:DataCollectionService: stats => 1700771790982,13122,4446,9765,4169000,100
11-23 21:36:31.011  1011  1189 I ASH     : @ 118643.206: tcs3701: stop power rail pending_off timer
11-23 21:36:31.011  1011  1189 D ASH     : @ 118643.206: tcs3701: start power rail timer, state:3
11-23 21:36:31.050  1011  1189 I ASH     : @ 118643.246: tcs3701: stop power rail pending_off timer
11-23 21:36:31.050  1011  1189 D ASH     : @ 118643.246: tcs3701: start power rail timer, state:3
11-23 21:36:31.088  9398  9434 I BatteryMgr:DataCollectionService: stats => 1700771791088,13122,4446,9765,4169000,100
11-23 21:36:31.089  9398  9433 I BatteryMgr:DataCollectionService: stats => 1700771791089,13122,4446,9765,4169000,100
11-23 21:36:31.090  1011  1189 I ASH     : @ 118643.286: tcs3701: stop power rail pending_off timer
11-23 21:36:31.090  1011  1189 D ASH     : @ 118643.286: tcs3701: start power rail timer, state:3
11-23 21:36:31.090  9398  7808 I BatteryMgr:DataCollectionService: stats => 1700771791090,13122,4446,9765,4169000,100
11-23 21:36:31.130  1011  1189 I ASH     : @ 118643.326: tcs3701: stop power rail pending_off timer
11-23 21:36:31.131  1011  1189 D ASH     : @ 118643.326: tcs3701: start power rail timer, state:3
11-23 21:36:31.171  1011  1189 I ASH     : @ 118643.366: tcs3701: stop power rail pending_off timer
11-23 21:36:31.171  1011  1189 D ASH     : @ 118643.366: tcs3701: start power rail timer, state:3
11-23 21:36:31.196  9398  7808 I BatteryMgr:DataCollectionService: stats => 1700771791196,13122,4446,9765,4169000,100
11-23 21:36:31.198  9398  9433 I BatteryMgr:DataCollectionService: stats => 1700771791198,13122,4446,9765,4169000,100
11-23 21:36:31.198  9398  9434 I BatteryMgr:DataCollectionService: stats => 1700771791198,13122,4446,9765,4169000,100
11-23 21:36:31.210  1011  1189 I ASH     : @ 118643.406: tcs3701: stop power rail pending_off timer
11-23 21:36:31.210  1011  1189 D ASH     : @ 118643.406: tcs3701: start power rail timer, state:3
11-23 21:36:31.244  3604  4216 I bbqr    : (REDACTED) getHotwordActive::active query: %s, watch: %s, devices connected: %s
11-23 21:36:31.250  1011  1189 I ASH     : @ 118643.446: tcs3701: stop power rail pending_off timer
11-23 21:36:31.250  1011  1189 D ASH     : @ 118643.446: tcs3701: start power rail timer, state:3
11-23 21:36:31.290  1011  1189 I ASH     : @ 118643.486: tcs3701: stop power rail pending_off timer
11-23 21:36:31.290  1011  1189 D ASH     : @ 118643.486: tcs3701: start power rail timer, state:3
11-23 21:36:31.306  9398  9433 I BatteryMgr:DataCollectionService: stats => 1700771791306,13122,4446,9765,4169000,100
11-23 21:36:31.307  9398  9434 I BatteryMgr:DataCollectionService: stats => 1700771791307,13122,4446,9765,4169000,100
11-23 21:36:31.308  9398  7808 I BatteryMgr:DataCollectionService: stats => 1700771791308,13122,4446,9765,4169000,100
11-23 21:36:31.330  1011  1189 I ASH     : @ 118643.526: tcs3701: stop power rail pending_off timer
11-23 21:36:31.330  1011  1189 D ASH     : @ 118643.526: tcs3701: start power rail timer, state:3
11-23 21:36:31.370  1011  1189 I ASH     : @ 118643.566: tcs3701: stop power rail pending_off timer
11-23 21:36:31.370  1011  1189 D ASH     : @ 118643.566: tcs3701: start power rail timer, state:3
11-23 21:36:31.410  1011  1189 I ASH     : @ 118643.606: tcs3701: stop power rail pending_off timer
11-23 21:36:31.410  1011  1189 D ASH     : @ 118643.606: tcs3701: start power rail timer, state:3
11-23 21:36:31.415  9398  9434 I BatteryMgr:DataCollectionService: stats => 1700771791415,13122,4446,9765,4169000,100
11-23 21:36:31.417  9398  5999 I BatteryMgr:DataCollectionService: stats => 1700771791417,13122,4446,9765,4169000,100
11-23 21:36:31.420  9398  7808 I BatteryMgr:DataCollectionService: stats => 1700771791420,13122,4446,9765,4169000,100
11-23 21:36:31.451  1011  1189 I ASH     : @ 118643.646: tcs3701: stop power rail pending_off timer
11-23 21:36:31.451  1011  1189 D ASH     : @ 118643.646: tcs3701: start power rail timer, state:3
11-23 21:36:31.490  1011  1189 I ASH     : @ 118643.686: tcs3701: stop power rail pending_off timer
11-23 21:36:31.490  1011  1189 D ASH     : @ 118643.686: tcs3701: start power rail timer, state:3
11-23 21:36:31.521  9398  7808 I BatteryMgr:DataCollectionService: stats => 1700771791521,13122,4446,9765,4169000,100
11-23 21:36:31.522  9398  5999 I BatteryMgr:DataCollectionService: stats => 1700771791522,13122,4446,9765,4169000,100
11-23 21:36:31.527  9398  9434 I BatteryMgr:DataCollectionService: stats => 1700771791527,13122,4446,9765,4169000,100
11-23 21:36:31.531  1011  1189 I ASH     : @ 118643.726: tcs3701: stop power rail pending_off timer
11-23 21:36:31.531  1011  1189 D ASH     : @ 118643.726: tcs3701: start power rail timer, state:3
11-23 21:36:31.571  1011  1189 I ASH     : @ 118643.766: tcs3701: stop power rail pending_off timer
11-23 21:36:31.571  1011  1189 D ASH     : @ 118643.766: tcs3701: start power rail timer, state:3
11-23 21:36:31.611  1011  1189 I ASH     : @ 118643.806: tcs3701: stop power rail pending_off timer
11-23 21:36:31.611  1011  1189 D ASH     : @ 118643.806: tcs3701: start power rail timer, state:3
11-23 21:36:31.631  9398  5999 I BatteryMgr:DataCollectionService: stats => 1700771791631,13122,4446,9765,4169000,100
11-23 21:36:31.632  9398  9434 I BatteryMgr:DataCollectionService: stats => 1700771791632,13122,4446,9765,4169000,100
11-23 21:36:31.633  9398  7808 I BatteryMgr:DataCollectionService: stats => 1700771791633,13122,4446,9765,4169000,100
11-23 21:36:31.650  1011  1189 I ASH     : @ 118643.846: tcs3701: stop power rail pending_off timer
11-23 21:36:31.650  1011  1189 D ASH     : @ 118643.846: tcs3701: start power rail timer, state:3
11-23 21:36:31.690  1011  1189 I ASH     : @ 118643.886: tcs3701: stop power rail pending_off timer
11-23 21:36:31.690  1011  1189 D ASH     : @ 118643.886: tcs3701: start power rail timer, state:3
11-23 21:36:31.732  1011  1189 I ASH     : @ 118643.926: tcs3701: stop power rail pending_off timer
11-23 21:36:31.732  1011  1189 D ASH     : @ 118643.926: tcs3701: start power rail timer, state:3
11-23 21:36:31.742  9398  7808 I BatteryMgr:DataCollectionService: stats => 1700771791742,13122,4446,9765,4169000,100
11-23 21:36:31.742  9398  9434 I BatteryMgr:DataCollectionService: stats => 1700771791742,13122,4446,9765,4169000,100
11-23 21:36:31.742  9398  5999 I BatteryMgr:DataCollectionService: stats => 1700771791742,13122,4446,9765,4169000,100
11-23 21:36:31.770  1011  1189 I ASH     : @ 118643.966: tcs3701: stop power rail pending_off timer
11-23 21:36:31.770  1011  1189 D ASH     : @ 118643.966: tcs3701: start power rail timer, state:3
11-23 21:36:31.798  1795  4157 D ActivityManager: freezer override set to true
11-23 21:36:31.804  1795  4157 D ActivityManager: freezer override set to false
11-23 21:36:31.811  1011  1189 I ASH     : @ 118644.006: tcs3701: stop power rail pending_off timer
11-23 21:36:31.811  1011  1189 D ASH     : @ 118644.006: tcs3701: start power rail timer, state:3
11-23 21:36:31.850  1011  1189 I ASH     : @ 118644.046: tcs3701: stop power rail pending_off timer
11-23 21:36:31.850  1011  1189 D ASH     : @ 118644.046: tcs3701: start power rail timer, state:3
11-23 21:36:31.850  9398  9434 I BatteryMgr:DataCollectionService: stats => 1700771791850,13122,4446,9765,4169000,100
11-23 21:36:31.851  9398  9433 I BatteryMgr:DataCollectionService: stats => 1700771791851,13122,4446,9765,4169000,100
11-23 21:36:31.853  9398  7808 I BatteryMgr:DataCollectionService: stats => 1700771791853,13122,4446,9765,4169000,100
11-23 21:36:31.890  1011  1189 I ASH     : @ 118644.086: tcs3701: stop power rail pending_off timer
11-23 21:36:31.890  1011  1189 D ASH     : @ 118644.086: tcs3701: start power rail timer, state:3
11-23 21:36:31.930  1011  1189 I ASH     : @ 118644.126: tcs3701: stop power rail pending_off timer
11-23 21:36:31.930  1011  1189 D ASH     : @ 118644.126: tcs3701: start power rail timer, state:3
11-23 21:36:31.949  1795  4157 D ActivityManager: freezer override set to true
11-23 21:36:31.958  9398  9436 I BatteryMgr:DataCollectionService: stats => 1700771791958,13122,4446,9765,4169000,100
11-23 21:36:31.960  9398  9433 I BatteryMgr:DataCollectionService: stats => 1700771791960,13122,4446,9765,4169000,100
11-23 21:36:31.961  9398  7808 I BatteryMgr:DataCollectionService: stats => 1700771791961,13122,4446,9765,4169000,100
11-23 21:36:31.971  1011  1189 I ASH     : @ 118644.166: tcs3701: stop power rail pending_off timer
11-23 21:36:31.971  1011  1189 D ASH     : @ 118644.166: tcs3701: start power rail timer, state:3
11-23 21:36:32.010  1011  1189 I ASH     : @ 118644.206: tcs3701: stop power rail pending_off timer
11-23 21:36:32.011  1011  1189 D ASH     : @ 118644.206: tcs3701: start power rail timer, state:3
11-23 21:36:32.050  1011  1189 I ASH     : @ 118644.246: tcs3701: stop power rail pending_off timer
11-23 21:36:32.050  1011  1189 D ASH     : @ 118644.246: tcs3701: start power rail timer, state:3
11-23 21:36:32.062  9398  9433 I BatteryMgr:DataCollectionService: stats => 1700771792062,13122,4446,9765,4169000,100
