11-23 21:31:26.201  1011  1189 D ASH     : @ 118338.397: tcs3701: start power rail timer, state:3
11-23 21:31:26.241  1011  1189 I ASH     : @ 118338.437: tcs3701: stop power rail pending_off timer
11-23 21:31:26.241  1011  1189 D ASH     : @ 118338.437: tcs3701: start power rail timer, state:3
11-23 21:31:26.244  9398  5999 I BatteryMgr:DataCollectionService: stats => 1700771486244,14038,4446,9765,4169000,100
11-23 21:31:26.244  9398  7861 I BatteryMgr:DataCollectionService: stats => 1700771486244,14038,4446,9765,4169000,100
11-23 21:31:26.244  9398  9433 I BatteryMgr:DataCollectionService: stats => 1700771486244,14038,4446,9765,4169000,100
11-23 21:31:26.282  1011  1189 I ASH     : @ 118338.477: tcs3701: stop power rail pending_off timer
11-23 21:31:26.282  1011  1189 D ASH     : @ 118338.477: tcs3701: start power rail timer, state:3
11-23 21:31:26.321  1011  1189 I ASH     : @ 118338.517: tcs3701: stop power rail pending_off timer
11-23 21:31:26.321  1011  1189 D ASH     : @ 118338.517: tcs3701: start power rail timer, state:3
11-23 21:31:26.342  1795  3784 D ActivityManager: freezer override set to true
11-23 21:31:26.347  1795  3784 D ActivityManager: freezer override set to false
11-23 21:31:26.353  9398  9434 I BatteryMgr:DataCollectionService: stats => 1700771486353,14038,4446,9765,4169000,100
11-23 21:31:26.354  9398  9433 I BatteryMgr:DataCollectionService: stats => 1700771486354,14038,4446,9765,4169000,100
11-23 21:31:26.355  9398  7861 I BatteryMgr:DataCollectionService: stats => 1700771486355,14038,4446,9765,4169000,100
11-23 21:31:26.362  1011  1189 I ASH     : @ 118338.557: tcs3701: stop power rail pending_off timer
11-23 21:31:26.362  1011  1189 D ASH     : @ 118338.557: tcs3701: start power rail timer, state:3
11-23 21:31:26.402  1011  1189 I ASH     : @ 118338.597: tcs3701: stop power rail pending_off timer
11-23 21:31:26.402  1011  1189 D ASH     : @ 118338.597: tcs3701: start power rail timer, state:3
11-23 21:31:26.442  1011  1189 I ASH     : @ 118338.637: tcs3701: stop power rail pending_off timer
11-23 21:31:26.442  1011  1189 D ASH     : @ 118338.637: tcs3701: start power rail timer, state:3
11-23 21:31:26.463  9398  9434 I BatteryMgr:DataCollectionService: stats => 1700771486463,14038,4446,9765,4169000,100
11-23 21:31:26.464  9398  7861 I BatteryMgr:DataCollectionService: stats => 1700771486464,14038,4446,9765,4169000,100
11-23 21:31:26.465  9398  9433 I BatteryMgr:DataCollectionService: stats => 1700771486465,14038,4446,9765,4169000,100
11-23 21:31:26.481  1011  1189 I ASH     : @ 118338.677: tcs3701: stop power rail pending_off timer
11-23 21:31:26.481  1011  1189 D ASH     : @ 118338.677: tcs3701: start power rail timer, state:3
11-23 21:31:26.522  1011  1189 I ASH     : @ 118338.717: tcs3701: stop power rail pending_off timer
11-23 21:31:26.522  1011  1189 D ASH     : @ 118338.717: tcs3701: start power rail timer, state:3
11-23 21:31:26.561  1011  1189 I ASH     : @ 118338.757: tcs3701: stop power rail pending_off timer
11-23 21:31:26.561  1011  1189 D ASH     : @ 118338.757: tcs3701: start power rail timer, state:3
11-23 21:31:26.574  9398  5999 I BatteryMgr:DataCollectionService: stats => 1700771486574,14038,4446,9765,4169000,100
11-23 21:31:26.575  9398  7861 I BatteryMgr:DataCollectionService: stats => 1700771486575,14038,4446,9765,4169000,100
11-23 21:31:26.576  9398  9433 I BatteryMgr:DataCollectionService: stats => 1700771486576,14038,4446,9765,4169000,100
11-23 21:31:26.602  1011  1189 I ASH     : @ 118338.797: tcs3701: stop power rail pending_off timer
11-23 21:31:26.602  1011  1189 D ASH     : @ 118338.797: tcs3701: start power rail timer, state:3
11-23 21:31:26.642  1011  1189 I ASH     : @ 118338.837: tcs3701: stop power rail pending_off timer
11-23 21:31:26.642  1011  1189 D ASH     : @ 118338.837: tcs3701: start power rail timer, state:3
11-23 21:31:26.681  1011  1189 I ASH     : @ 118338.877: tcs3701: stop power rail pending_off timer
11-23 21:31:26.681  1011  1189 D ASH     : @ 118338.877: tcs3701: start power rail timer, state:3
11-23 21:31:26.682  9398  9434 I BatteryMgr:DataCollectionService: stats => 1700771486682,14038,4446,9765,4169000,100
11-23 21:31:26.684  9398  9433 I BatteryMgr:DataCollectionService: stats => 1700771486684,14038,4446,9765,4169000,100
11-23 21:31:26.685  9398  7861 I BatteryMgr:DataCollectionService: stats => 1700771486685,14038,4446,9765,4169000,100
11-23 21:31:26.721  1011  1189 I ASH     : @ 118338.917: tcs3701: stop power rail pending_off timer
11-23 21:31:26.721  1011  1189 D ASH     : @ 118338.917: tcs3701: start power rail timer, state:3
11-23 21:31:26.761  1011  1189 I ASH     : @ 118338.957: tcs3701: stop power rail pending_off timer
11-23 21:31:26.761  1011  1189 D ASH     : @ 118338.957: tcs3701: start power rail timer, state:3
11-23 21:31:26.792  9398  9434 I BatteryMgr:DataCollectionService: stats => 1700771486792,14038,4446,9765,4169000,100
11-23 21:31:26.792  9398  9433 I BatteryMgr:DataCollectionService: stats => 1700771486792,14038,4446,9765,4169000,100
11-23 21:31:26.794  9398  7861 I BatteryMgr:DataCollectionService: stats => 1700771486794,14038,4446,9765,4169000,100
11-23 21:31:26.802  1011  1189 I ASH     : @ 118338.997: tcs3701: stop power rail pending_off timer
11-23 21:31:26.802  1011  1189 D ASH     : @ 118338.997: tcs3701: start power rail timer, state:3
11-23 21:31:26.841  1011  1189 I ASH     : @ 118339.037: tcs3701: stop power rail pending_off timer
11-23 21:31:26.842  1011  1189 D ASH     : @ 118339.037: tcs3701: start power rail timer, state:3
11-23 21:31:26.881  1011  1189 I ASH     : @ 118339.077: tcs3701: stop power rail pending_off timer
11-23 21:31:26.881  1011  1189 D ASH     : @ 118339.077: tcs3701: start power rail timer, state:3
11-23 21:31:26.900  9398  9433 I BatteryMgr:DataCollectionService: stats => 1700771486900,14038,4446,9765,4169000,100
11-23 21:31:26.901  9398  5999 I BatteryMgr:DataCollectionService: stats => 1700771486901,14038,4446,9765,4169000,100
11-23 21:31:26.902  9398  7861 I BatteryMgr:DataCollectionService: stats => 1700771486902,14038,4446,9765,4169000,100
11-23 21:31:26.921  1011  1189 I ASH     : @ 118339.117: tcs3701: stop power rail pending_off timer
11-23 21:31:26.921  1011  1189 D ASH     : @ 118339.117: tcs3701: start power rail timer, state:3
11-23 21:31:26.961  1011  1189 I ASH     : @ 118339.157: tcs3701: stop power rail pending_off timer
11-23 21:31:26.961  1011  1189 D ASH     : @ 118339.157: tcs3701: start power rail timer, state:3
11-23 21:31:27.001  1011  1189 I ASH     : @ 118339.197: tcs3701: stop power rail pending_off timer
11-23 21:31:27.001  1011  1189 D ASH     : @ 118339.197: tcs3701: start power rail timer, state:3
11-23 21:31:27.009  9398  5999 I BatteryMgr:DataCollectionService: stats => 1700771487009,14038,4446,9765,4169000,100
11-23 21:31:27.010  9398  9433 I BatteryMgr:DataCollectionService: stats => 1700771487010,14038,4446,9765,4169000,100
11-23 21:31:27.011  9398  7861 I BatteryMgr:DataCollectionService: stats => 1700771487011,14038,4446,9765,4169000,100
11-23 21:31:27.041  1011  1189 I ASH     : @ 118339.237: tcs3701: stop power rail pending_off timer
11-23 21:31:27.042  1011  1189 D ASH     : @ 118339.237: tcs3701: start power rail timer, state:3
11-23 21:31:27.068  1795  4157 D ActivityManager: freezer override set to true
11-23 21:31:27.081  1011  1189 I ASH     : @ 118339.277: tcs3701: stop power rail pending_off timer
11-23 21:31:27.081  1011  1189 D ASH     : @ 118339.277: tcs3701: start power rail timer, state:3
11-23 21:31:27.115  9398  9433 I BatteryMgr:DataCollectionService: stats => 1700771487115,14038,4446,9765,4169000,100
11-23 21:31:27.116  9398  5999 I BatteryMgr:DataCollectionService: stats => 1700771487116,14038,4446,9765,4169000,100
11-23 21:31:27.118  9398  7861 I BatteryMgr:DataCollectionService: stats => 1700771487118,14038,4446,9765,4169000,100
11-23 21:31:27.121  1011  1189 I ASH     : @ 118339.317: tcs3701: stop power rail pending_off timer
11-23 21:31:27.121  1011  1189 D ASH     : @ 118339.317: tcs3701: start power rail timer, state:3
11-23 21:31:27.161  1011  1189 I ASH     : @ 118339.357: tcs3701: stop power rail pending_off timer
11-23 21:31:27.161  1011  1189 D ASH     : @ 118339.357: tcs3701: start power rail timer, state:3
11-23 21:31:27.201  1011  1189 I ASH     : @ 118339.397: tcs3701: stop power rail pending_off timer
11-23 21:31:27.201  1011  1189 D ASH     : @ 118339.397: tcs3701: start power rail timer, state:3
11-23 21:31:27.209 10718 10734 I m.chrome.canary: Explicit concurrent copying GC freed 3575(176KB) AllocSpace objects, 3(60KB) LOS objects, 75% free, 12MB/49MB, paused 33us,164us total 55.690ms
11-23 21:31:27.223  9398  9433 I BatteryMgr:DataCollectionService: stats => 1700771487223,14038,4446,9765,4169000,100
11-23 21:31:27.224  9398  5999 I BatteryMgr:DataCollectionService: stats => 1700771487224,14038,4446,9765,4169000,100
11-23 21:31:27.224  9398  7861 I BatteryMgr:DataCollectionService: stats => 1700771487224,14038,4446,9765,4169000,100
11-23 21:31:27.242  1011  1189 I ASH     : @ 118339.437: tcs3701: stop power rail pending_off timer
11-23 21:31:27.242  1011  1189 D ASH     : @ 118339.437: tcs3701: start power rail timer, state:3
11-23 21:31:27.263  1795  4157 D ActivityManager: freezer override set to false
11-23 21:31:27.281  1011  1189 I ASH     : @ 118339.477: tcs3701: stop power rail pending_off timer
11-23 21:31:27.281  1011  1189 D ASH     : @ 118339.477: tcs3701: start power rail timer, state:3
11-23 21:31:27.310  1795  4157 D ActivityManager: freezer override set to true
11-23 21:31:27.314  1795  4157 D ActivityManager: freezer override set to false
11-23 21:31:27.322  1011  1189 I ASH     : @ 118339.517: tcs3701: stop power rail pending_off timer
11-23 21:31:27.322  1011  1189 D ASH     : @ 118339.517: tcs3701: start power rail timer, state:3
11-23 21:31:27.332  9398  5999 I BatteryMgr:DataCollectionService: stats => 1700771487332,14038,4446,9765,4169000,100
11-23 21:31:27.333  9398  7861 I BatteryMgr:DataCollectionService: stats => 1700771487333,14038,4446,9765,4169000,100
11-23 21:31:27.334  9398  9433 I BatteryMgr:DataCollectionService: stats => 1700771487334,14038,4446,9765,4169000,100
11-23 21:31:27.335  1795  4157 D ActivityManager: freezer override set to true
11-23 21:31:27.339  1795  4157 D ActivityManager: freezer override set to false
11-23 21:31:27.361  1011  1189 I ASH     : @ 118339.557: tcs3701: stop power rail pending_off timer
11-23 21:31:27.361  1011  1189 D ASH     : @ 118339.557: tcs3701: start power rail timer, state:3
11-23 21:31:27.401  1011  1189 I ASH     : @ 118339.597: tcs3701: stop power rail pending_off timer
11-23 21:31:27.402  1011  1189 D ASH     : @ 118339.597: tcs3701: start power rail timer, state:3
11-23 21:31:27.438  9398  5999 I BatteryMgr:DataCollectionService: stats => 1700771487438,14038,4446,9765,4169000,100
11-23 21:31:27.439  9398  9433 I BatteryMgr:DataCollectionService: stats => 1700771487439,14038,4446,9765,4169000,100
11-23 21:31:27.440  9398  7861 I BatteryMgr:DataCollectionService: stats => 1700771487440,14038,4446,9765,4169000,100
11-23 21:31:27.441  1011  1189 I ASH     : @ 118339.637: tcs3701: stop power rail pending_off timer
11-23 21:31:27.442  1011  1189 D ASH     : @ 118339.637: tcs3701: start power rail timer, state:3
11-23 21:31:27.451  2113  2118 I pixel-thermal: skin-therm-monitor: 38.676
11-23 21:31:27.482  1011  1189 I ASH     : @ 118339.677: tcs3701: stop power rail pending_off timer
11-23 21:31:27.482  1011  1189 D ASH     : @ 118339.677: tcs3701: start power rail timer, state:3
11-23 21:31:27.521  1011  1189 I ASH     : @ 118339.717: tcs3701: stop power rail pending_off timer
11-23 21:31:27.521  1011  1189 D ASH     : @ 118339.717: tcs3701: start power rail timer, state:3
11-23 21:31:27.544  9398  5999 I BatteryMgr:DataCollectionService: stats => 1700771487544,14038,4446,9765,4169000,100
11-23 21:31:27.546  9398  9433 I BatteryMgr:DataCollectionService: stats => 1700771487546,14038,4446,9765,4169000,100
11-23 21:31:27.546  9398  7861 I BatteryMgr:DataCollectionService: stats => 1700771487546,14038,4446,9765,4169000,100
11-23 21:31:27.561  1011  1189 I ASH     : @ 118339.757: tcs3701: stop power rail pending_off timer
11-23 21:31:27.561  1011  1189 D ASH     : @ 118339.757: tcs3701: start power rail timer, state:3
11-23 21:31:27.601  1011  1189 I ASH     : @ 118339.797: tcs3701: stop power rail pending_off timer
11-23 21:31:27.601  1011  1189 D ASH     : @ 118339.797: tcs3701: start power rail timer, state:3
11-23 21:31:27.641  1011  1189 I ASH     : @ 118339.837: tcs3701: stop power rail pending_off timer
11-23 21:31:27.641  1011  1189 D ASH     : @ 118339.837: tcs3701: start power rail timer, state:3
11-23 21:31:27.652  9398  7861 I BatteryMgr:DataCollectionService: stats => 1700771487652,14038,4446,9765,4169000,100
11-23 21:31:27.655  9398  5999 I BatteryMgr:DataCollectionService: stats => 1700771487655,14038,4446,9765,4169000,100
11-23 21:31:27.657  9398  9433 I BatteryMgr:DataCollectionService: stats => 1700771487657,14038,4446,9765,4169000,100
11-23 21:31:27.681  1011  1189 I ASH     : @ 118339.877: tcs3701: stop power rail pending_off timer
11-23 21:31:27.682  1011  1189 D ASH     : @ 118339.877: tcs3701: start power rail timer, state:3
11-23 21:31:27.722  1011  1189 I ASH     : @ 118339.917: tcs3701: stop power rail pending_off timer
11-23 21:31:27.722  1011  1189 D ASH     : @ 118339.917: tcs3701: start power rail timer, state:3
11-23 21:31:27.757  9398  9433 I BatteryMgr:DataCollectionService: stats => 1700771487757,14038,4446,9765,4169000,100
11-23 21:31:27.759  9398  5999 I BatteryMgr:DataCollectionService: stats => 1700771487759,14038,4446,9765,4169000,100
11-23 21:31:27.761  9398  7861 I BatteryMgr:DataCollectionService: stats => 1700771487761,14038,4446,9765,4169000,100
11-23 21:31:27.761  1011  1189 I ASH     : @ 118339.957: tcs3701: stop power rail pending_off timer
11-23 21:31:27.761  1011  1189 D ASH     : @ 118339.957: tcs3701: start power rail timer, state:3
11-23 21:31:27.802  1011  1189 I ASH     : @ 118339.997: tcs3701: stop power rail pending_off timer
11-23 21:31:27.802  1011  1189 D ASH     : @ 118339.997: tcs3701: start power rail timer, state:3
11-23 21:31:27.841  1011  1189 I ASH     : @ 118340.037: tcs3701: stop power rail pending_off timer
11-23 21:31:27.841  1011  1189 D ASH     : @ 118340.037: tcs3701: start power rail timer, state:3
11-23 21:31:27.866  9398  5999 I BatteryMgr:DataCollectionService: stats => 1700771487865,14038,4446,9765,4169000,100
11-23 21:31:27.866  9398  7861 I BatteryMgr:DataCollectionService: stats => 1700771487865,14038,4446,9765,4169000,100
11-23 21:31:27.866  9398  7808 I BatteryMgr:DataCollectionService: stats => 1700771487866,14038,4446,9765,4169000,100
11-23 21:31:27.881  1011  1189 I ASH     : @ 118340.077: tcs3701: stop power rail pending_off timer
11-23 21:31:27.881  1011  1189 D ASH     : @ 118340.077: tcs3701: start power rail timer, state:3
11-23 21:31:27.921  1011  1189 I ASH     : @ 118340.117: tcs3701: stop power rail pending_off timer
11-23 21:31:27.922  1011  1189 D ASH     : @ 118340.117: tcs3701: start power rail timer, state:3
11-23 21:31:27.961  1011  1189 I ASH     : @ 118340.157: tcs3701: stop power rail pending_off timer
11-23 21:31:27.961  1011  1189 D ASH     : @ 118340.157: tcs3701: start power rail timer, state:3
11-23 21:31:27.978  9398  7861 I BatteryMgr:DataCollectionService: stats => 1700771487978,14038,4446,9765,4169000,100
11-23 21:31:27.980  9398  5999 I BatteryMgr:DataCollectionService: stats => 1700771487980,14038,4446,9765,4169000,100
11-23 21:31:27.982  9398  7808 I BatteryMgr:DataCollectionService: stats => 1700771487982,14038,4446,9765,4169000,100
11-23 21:31:28.001  1011  1189 I ASH     : @ 118340.197: tcs3701: stop power rail pending_off timer
11-23 21:31:28.002  1011  1189 D ASH     : @ 118340.197: tcs3701: start power rail timer, state:3
11-23 21:31:28.041  1011  1189 I ASH     : @ 118340.237: tcs3701: stop power rail pending_off timer
11-23 21:31:28.041  1011  1189 D ASH     : @ 118340.237: tcs3701: start power rail timer, state:3
11-23 21:31:28.083  1011  1189 I ASH     : @ 118340.277: tcs3701: stop power rail pending_off timer
11-23 21:31:28.083  1011  1189 D ASH     : @ 118340.277: tcs3701: start power rail timer, state:3
11-23 21:31:28.087  9398  7808 I BatteryMgr:DataCollectionService: stats => 1700771488087,14038,4446,9765,4169000,100
11-23 21:31:28.088  9398  5999 I BatteryMgr:DataCollectionService: stats => 1700771488088,14038,4446,9765,4169000,100
11-23 21:31:28.089  9398  7861 I BatteryMgr:DataCollectionService: stats => 1700771488089,14038,4446,9765,4169000,100
11-23 21:31:28.121  1011  1189 I ASH     : @ 118340.317: tcs3701: stop power rail pending_off timer
11-23 21:31:28.121  1011  1189 D ASH     : @ 118340.317: tcs3701: start power rail timer, state:3
11-23 21:31:28.162  1011  1189 I ASH     : @ 118340.357: tcs3701: stop power rail pending_off timer
11-23 21:31:28.162  1011  1189 D ASH     : @ 118340.357: tcs3701: start power rail timer, state:3
11-23 21:31:28.195  9398  9434 I BatteryMgr:DataCollectionService: stats => 1700771488195,14038,4446,9765,4169000,100
11-23 21:31:28.197  9398  5999 I BatteryMgr:DataCollectionService: stats => 1700771488197,14038,4446,9765,4169000,100
11-23 21:31:28.197  9398  7861 I BatteryMgr:DataCollectionService: stats => 1700771488197,14038,4446,9765,4169000,100
11-23 21:31:28.201  1011  1189 I ASH     : @ 118340.397: tcs3701: stop power rail pending_off timer
11-23 21:31:28.201  1011  1189 D ASH     : @ 118340.397: tcs3701: start power rail timer, state:3
11-23 21:31:28.242  1011  1189 I ASH     : @ 118340.437: tcs3701: stop power rail pending_off timer
11-23 21:31:28.242  1011  1189 D ASH     : @ 118340.437: tcs3701: start power rail timer, state:3
11-23 21:31:28.281  1011  1189 I ASH     : @ 118340.477: tcs3701: stop power rail pending_off timer
11-23 21:31:28.281  1011  1189 D ASH     : @ 118340.477: tcs3701: start power rail timer, state:3
11-23 21:31:28.304  9398  9434 I BatteryMgr:DataCollectionService: stats => 1700771488304,14038,4446,9765,4169000,100
11-23 21:31:28.305  9398  5999 I BatteryMgr:DataCollectionService: stats => 1700771488305,14038,4446,9765,4169000,100
11-23 21:31:28.305  9398  7861 I BatteryMgr:DataCollectionService: stats => 1700771488305,14038,4446,9765,4169000,100
11-23 21:31:28.322  1011  1189 I ASH     : @ 118340.517: tcs3701: stop power rail pending_off timer
11-23 21:31:28.322  1011  1189 D ASH     : @ 118340.517: tcs3701: start power rail timer, state:3
11-23 21:31:28.333  1795  4157 D ActivityManager: freezer override set to true
11-23 21:31:28.337  1795  4157 D ActivityManager: freezer override set to false
11-23 21:31:28.361  1011  1189 I ASH     : @ 118340.557: tcs3701: stop power rail pending_off timer
11-23 21:31:28.361  1011  1189 D ASH     : @ 118340.557: tcs3701: start power rail timer, state:3
11-23 21:31:28.402  1011  1189 I ASH     : @ 118340.597: tcs3701: stop power rail pending_off timer
11-23 21:31:28.402  1011  1189 D ASH     : @ 118340.597: tcs3701: start power rail timer, state:3
11-23 21:31:28.415  9398  7861 I BatteryMgr:DataCollectionService: stats => 1700771488415,14038,4446,9765,4169000,100
11-23 21:31:28.417  9398  9434 I BatteryMgr:DataCollectionService: stats => 1700771488416,14038,4446,9765,4169000,100
11-23 21:31:28.417  9398  5999 I BatteryMgr:DataCollectionService: stats => 1700771488416,14038,4446,9765,4169000,100
11-23 21:31:28.441  1011  1189 I ASH     : @ 118340.637: tcs3701: stop power rail pending_off timer
11-23 21:31:28.441  1011  1189 D ASH     : @ 118340.637: tcs3701: start power rail timer, state:3
11-23 21:31:28.456  1795  4157 D ActivityManager: freezer override set to true
11-23 21:31:28.469  1795  2424 D WifiClientModeImpl[13802:wlan0]: updateLinkLayerStatsRssiSpeedFrequencyCapabilities rssi=-47 TxLinkspeed=526 freq=5240 RxLinkSpeed=866
11-23 21:31:28.470  1795  2424 D WifiDataStall: tx tput in kbps: 390390
11-23 21:31:28.470  1795  2424 D WifiDataStall: rx tput in kbps: 676562
11-23 21:31:28.470  1795  2424 V WifiConfigManager: Updating scan detail cache freq=5240 BSSID=f4:6d:2f:12:cc:88 RSSI=-46 for "ourhome"WPA_PSK
11-23 21:31:28.470  1795  2424 D WifiChannelUtilization:  freq: 5240 onTime: 3616451 busyTime: 368885 onTimeDiff: 241659 busyTimeDiff: 53186 utilization: 56 utilization t0: 26
11-23 21:31:28.470  1795  2424 D WifiDataStall:  ccaLevel = 56
11-23 21:31:28.470  1795  2424 D WifiDataStall: L2 txTputKbps: 390390, rxTputKbps: 676562, L3 txTputKbps: 0, rxTputKbps: 0, TxTrafficHigh: false, RxTrafficHigh: false, Throughput Sufficient: true
11-23 21:31:28.470  1795  2424 D WifiScoreReport: Wifi scoring disabled - Don't check IP layer
11-23 21:31:28.470  1795  2424 D WifiScoreCard: BSSID update SIGNAL_POLL ID: 1320464697 SSID: "ourhome", BSSID: f4:6d:2f:12:cc:88, MAC: b2:2f:ec:da:4a:0c, IP: /192.168.1.104, Security type: 2, Supplicant state: COMPLETED, Wi-Fi standard: 5, RSSI: -47, Link speed: 526Mbps, Tx Link speed: 526Mbps, Max Supported Tx Link speed: 866Mbps, Rx Link speed: 866Mbps, Max Supported Rx Link speed: 866Mbps, Frequency: 5240MHz, Net ID: 12, Metered hint: false, score: 60, isUsable: true, CarrierMerged: false, SubscriptionId: -1, IsPrimary: 1, Trusted: true, Restricted: false, Ephemeral: false, OEM paid: false, OEM private: false, OSU AP: false, FQDN: <none>, Provider friendly name: <none>, Requesting package name: <none>"ourhome"wpa2-pskMLO Information: , Is TID-To-Link negotiation supported by the AP: false, AP MLD Address: <none>, AP MLO Link Id: <none>, AP MLO Affiliated links: <none>
11-23 21:31:28.470  1795  2424 D WifiScoreCard: txRate: 1 txSpeed: 526
11-23 21:31:28.471  1795  2424 D WifiScoreCard: network update SIGNAL_POLL "ourhome" ID: 1499892569 RSSI -47 txSpeed -1
11-23 21:31:28.471  3213  3231 V WifiManager: OnWifiUsabilityStatsListener: onWifiUsabilityStats: seqNum=39037
11-23 21:31:28.471  2513  5404 V WifiManager: TrafficStateCallbackProxy: onStateChanged state=3
11-23 21:31:28.471  1795  2424 D WifiClientModeImpl[13802:wlan0]:  ClientModeImpl$L2ConnectedState screen=on 25 0 "ourhome" f4:6d:2f:12:cc:88 rssi=-47 f=5240 sc=60 link=526 tx=0.2, 0.0, 0.0 rx=0.2 bcn=1135872 [on:59 tx:0 rx:0 period:3013] from screen [on:255800 period:5335836] score=60
11-23 21:31:28.471  2782  5906 D QCNEJ/WlanStaInfoRelay: Received action: android.net.wifi.RSSI_CHANGED
11-23 21:31:28.471  1795  4172 I WifiService: updateWifiUsabilityScore uid=10180 seqNum=39037 score=100 predictionHorizonSec=1441795
11-23 21:31:28.472  1795  2424 D WifiScoreReport: Wifi scoring disabled - Notify that Wifi is usable
11-23 21:31:28.474  1795  2432 D ConnectivityService: NetReassign [no changes] [c 0] [a 0] [i 2]
11-23 21:31:28.482  1011  1189 I ASH     : @ 118340.677: tcs3701: stop power rail pending_off timer
11-23 21:31:28.482  1011  1189 D ASH     : @ 118340.677: tcs3701: start power rail timer, state:3
11-23 21:31:28.521  1011  1189 I ASH     : @ 118340.717: tcs3701: stop power rail pending_off timer
11-23 21:31:28.521  1011  1189 D ASH     : @ 118340.717: tcs3701: start power rail timer, state:3
11-23 21:31:28.526  9398  9434 I BatteryMgr:DataCollectionService: stats => 1700771488526,14038,4446,9765,4169000,100
11-23 21:31:28.526  9398  7808 I BatteryMgr:DataCollectionService: stats => 1700771488526,14038,4446,9765,4169000,100
11-23 21:31:28.526  9398  5999 I BatteryMgr:DataCollectionService: stats => 1700771488526,14038,4446,9765,4169000,100
11-23 21:31:28.561  1011  1189 I ASH     : @ 118340.757: tcs3701: stop power rail pending_off timer
11-23 21:31:28.561  1011  1189 D ASH     : @ 118340.757: tcs3701: start power rail timer, state:3
11-23 21:31:28.586 10718 10734 I m.chrome.canary: Explicit concurrent copying GC freed 3802(191KB) AllocSpace objects, 4(80KB) LOS objects, 75% free, 12MB/49MB, paused 37us,22us total 48.030ms
11-23 21:31:28.601  1011  1189 I ASH     : @ 118340.797: tcs3701: stop power rail pending_off timer
11-23 21:31:28.601  1011  1189 D ASH     : @ 118340.797: tcs3701: start power rail timer, state:3
11-23 21:31:28.635  9398  7861 I BatteryMgr:DataCollectionService: stats => 1700771488635,14038,4446,9765,4169000,100
11-23 21:31:28.635  9398  7808 I BatteryMgr:DataCollectionService: stats => 1700771488635,14038,4446,9765,4169000,100
11-23 21:31:28.635  9398  5999 I BatteryMgr:DataCollectionService: stats => 1700771488635,14038,4446,9765,4169000,100
11-23 21:31:28.641  1011  1189 I ASH     : @ 118340.837: tcs3701: stop power rail pending_off timer
11-23 21:31:28.641  1011  1189 D ASH     : @ 118340.837: tcs3701: start power rail timer, state:3
11-23 21:31:28.645  1795  4157 D ActivityManager: freezer override set to false
11-23 21:31:28.681  1011  1189 I ASH     : @ 118340.877: tcs3701: stop power rail pending_off timer
11-23 21:31:28.681  1011  1189 D ASH     : @ 118340.877: tcs3701: start power rail timer, state:3
11-23 21:31:28.683  1795  4157 D ActivityManager: freezer override set to true
11-23 21:31:28.686  1795  4157 D ActivityManager: freezer override set to false
11-23 21:31:28.721  1011  1189 I ASH     : @ 118340.917: tcs3701: stop power rail pending_off timer
11-23 21:31:28.721  1011  1189 D ASH     : @ 118340.917: tcs3701: start power rail timer, state:3
11-23 21:31:28.741  9398  5999 I BatteryMgr:DataCollectionService: stats => 1700771488741,14038,4446,9765,4169000,100
11-23 21:31:28.742  9398  7861 I BatteryMgr:DataCollectionService: stats => 1700771488742,14038,4446,9765,4169000,100
11-23 21:31:28.743  9398  7808 I BatteryMgr:DataCollectionService: stats => 1700771488743,14038,4446,9765,4169000,100
11-23 21:31:28.761  1011  1189 I ASH     : @ 118340.957: tcs3701: stop power rail pending_off timer
11-23 21:31:28.761  1011  1189 D ASH     : @ 118340.957: tcs3701: start power rail timer, state:3
11-23 21:31:28.801  1011  1189 I ASH     : @ 118340.997: tcs3701: stop power rail pending_off timer
11-23 21:31:28.802  1011  1189 D ASH     : @ 118340.997: tcs3701: start power rail timer, state:3
11-23 21:31:28.842  1011  1189 I ASH     : @ 118341.037: tcs3701: stop power rail pending_off timer
11-23 21:31:28.842  1011  1189 D ASH     : @ 118341.037: tcs3701: start power rail timer, state:3
11-23 21:31:28.849  9398  7808 I BatteryMgr:DataCollectionService: stats => 1700771488849,14038,4446,9765,4169000,100
11-23 21:31:28.850  9398  7861 I BatteryMgr:DataCollectionService: stats => 1700771488850,14038,4446,9765,4169000,100
11-23 21:31:28.850  9398  9436 I BatteryMgr:DataCollectionService: stats => 1700771488850,14038,4446,9765,4169000,100
11-23 21:31:28.883  1011  1189 I ASH     : @ 118341.077: tcs3701: stop power rail pending_off timer
11-23 21:31:28.883  1011  1189 D ASH     : @ 118341.077: tcs3701: start power rail timer, state:3
11-23 21:31:28.921  1011  1189 I ASH     : @ 118341.117: tcs3701: stop power rail pending_off timer
11-23 21:31:28.921  1011  1189 D ASH     : @ 118341.117: tcs3701: start power rail timer, state:3
11-23 21:31:28.958  9398  7808 I BatteryMgr:DataCollectionService: stats => 1700771488958,14038,4446,9765,4169000,100
11-23 21:31:28.958  9398  9436 I BatteryMgr:DataCollectionService: stats => 1700771488958,14038,4446,9765,4169000,100
11-23 21:31:28.959  9398  7861 I BatteryMgr:DataCollectionService: stats => 1700771488959,14038,4446,9765,4169000,100
11-23 21:31:28.961  1011  1189 I ASH     : @ 118341.157: tcs3701: stop power rail pending_off timer
11-23 21:31:28.962  1011  1189 D ASH     : @ 118341.157: tcs3701: start power rail timer, state:3
11-23 21:31:29.001  1011  1189 I ASH     : @ 118341.197: tcs3701: stop power rail pending_off timer
11-23 21:31:29.002  1011  1189 D ASH     : @ 118341.197: tcs3701: start power rail timer, state:3
11-23 21:31:29.041  1011  1189 I ASH     : @ 118341.237: tcs3701: stop power rail pending_off timer
11-23 21:31:29.041  1011  1189 D ASH     : @ 118341.237: tcs3701: start power rail timer, state:3
11-23 21:31:29.064  9398  9436 I BatteryMgr:DataCollectionService: stats => 1700771489064,14038,4446,9765,4169000,100
11-23 21:31:29.064  9398  7808 I BatteryMgr:DataCollectionService: stats => 1700771489064,14038,4446,9765,4169000,100
11-23 21:31:29.065  9398  7861 I BatteryMgr:DataCollectionService: stats => 1700771489065,14038,4446,9765,4169000,100
11-23 21:31:29.081  1011  1189 I ASH     : @ 118341.277: tcs3701: stop power rail pending_off timer
11-23 21:31:29.081  1011  1189 D ASH     : @ 118341.277: tcs3701: start power rail timer, state:3
11-23 21:31:29.122  1011  1189 I ASH     : @ 118341.317: tcs3701: stop power rail pending_off timer
11-23 21:31:29.123  1011  1189 D ASH     : @ 118341.317: tcs3701: start power rail timer, state:3
11-23 21:31:29.161  1011  1189 I ASH     : @ 118341.357: tcs3701: stop power rail pending_off timer
11-23 21:31:29.161  1011  1189 D ASH     : @ 118341.357: tcs3701: start power rail timer, state:3
11-23 21:31:29.172  9398  9436 I BatteryMgr:DataCollectionService: stats => 1700771489172,14038,4446,9765,4169000,100
11-23 21:31:29.174  9398  7808 I BatteryMgr:DataCollectionService: stats => 1700771489174,14038,4446,9765,4169000,100
11-23 21:31:29.175  9398  7861 I BatteryMgr:DataCollectionService: stats => 1700771489174,14038,4446,9765,4169000,100
11-23 21:31:29.201  1011  1189 I ASH     : @ 118341.397: tcs3701: stop power rail pending_off timer
11-23 21:31:29.201  1011  1189 D ASH     : @ 118341.397: tcs3701: start power rail timer, state:3
11-23 21:31:29.241  1011  1189 I ASH     : @ 118341.437: tcs3701: stop power rail pending_off timer
11-23 21:31:29.241  1011  1189 D ASH     : @ 118341.437: tcs3701: start power rail timer, state:3
11-23 21:31:29.280  9398  9436 I BatteryMgr:DataCollectionService: stats => 1700771489280,14038,4446,9765,4169000,100
11-23 21:31:29.281  9398  7861 I BatteryMgr:DataCollectionService: stats => 1700771489281,14038,4446,9765,4169000,100
11-23 21:31:29.281  1011  1189 I ASH     : @ 118341.477: tcs3701: stop power rail pending_off timer
11-23 21:31:29.281  1011  1189 D ASH     : @ 118341.477: tcs3701: start power rail timer, state:3
11-23 21:31:29.282  9398  7808 I BatteryMgr:DataCollectionService: stats => 1700771489282,14038,4446,9765,4169000,100
11-23 21:31:29.321  1011  1189 I ASH     : @ 118341.517: tcs3701: stop power rail pending_off timer
11-23 21:31:29.321  1011  1189 D ASH     : @ 118341.517: tcs3701: start power rail timer, state:3
11-23 21:31:29.339  1795  3784 D ActivityManager: freezer override set to true
11-23 21:31:29.344  1795  3784 D ActivityManager: freezer override set to false
11-23 21:31:29.362  1011  1189 I ASH     : @ 118341.557: tcs3701: stop power rail pending_off timer
11-23 21:31:29.362  1011  1189 D ASH     : @ 118341.557: tcs3701: start power rail timer, state:3
11-23 21:31:29.389  9398  9436 I BatteryMgr:DataCollectionService: stats => 1700771489389,14038,4446,9765,4169000,100
11-23 21:31:29.390  9398  7808 I BatteryMgr:DataCollectionService: stats => 1700771489390,14038,4446,9765,4169000,100
11-23 21:31:29.390  9398  7861 I BatteryMgr:DataCollectionService: stats => 1700771489390,14038,4446,9765,4169000,100
11-23 21:31:29.402  1011  1189 I ASH     : @ 118341.597: tcs3701: stop power rail pending_off timer
11-23 21:31:29.402  1011  1189 D ASH     : @ 118341.597: tcs3701: start power rail timer, state:3
11-23 21:31:29.441  1011  1189 I ASH     : @ 118341.637: tcs3701: stop power rail pending_off timer
11-23 21:31:29.441  1011  1189 D ASH     : @ 118341.637: tcs3701: start power rail timer, state:3
11-23 21:31:29.454  2113  2118 I pixel-thermal: skin-therm-monitor: 38.697
11-23 21:31:29.481  1011  1189 I ASH     : @ 118341.677: tcs3701: stop power rail pending_off timer
11-23 21:31:29.481  1011  1189 D ASH     : @ 118341.677: tcs3701: start power rail timer, state:3
11-23 21:31:29.496  9398  7808 I BatteryMgr:DataCollectionService: stats => 1700771489496,14038,4446,9765,4169000,100
11-23 21:31:29.497  9398  7861 I BatteryMgr:DataCollectionService: stats => 1700771489497,14038,4446,9765,4169000,100
11-23 21:31:29.498  9398  9436 I BatteryMgr:DataCollectionService: stats => 1700771489498,14038,4446,9765,4169000,100
11-23 21:31:29.521  1011  1189 I ASH     : @ 118341.717: tcs3701: stop power rail pending_off timer
11-23 21:31:29.521  1011  1189 D ASH     : @ 118341.717: tcs3701: start power rail timer, state:3
11-23 21:31:29.562  1011  1189 I ASH     : @ 118341.757: tcs3701: stop power rail pending_off timer
11-23 21:31:29.562  1011  1189 D ASH     : @ 118341.757: tcs3701: start power rail timer, state:3
11-23 21:31:29.602  1011  1189 I ASH     : @ 118341.797: tcs3701: stop power rail pending_off timer
11-23 21:31:29.602  1011  1189 D ASH     : @ 118341.797: tcs3701: start power rail timer, state:3
11-23 21:31:29.603  9398  7808 I BatteryMgr:DataCollectionService: stats => 1700771489603,14038,4446,9765,4169000,100
11-23 21:31:29.604  9398  7861 I BatteryMgr:DataCollectionService: stats => 1700771489604,14038,4446,9765,4169000,100
11-23 21:31:29.604  9398  9436 I BatteryMgr:DataCollectionService: stats => 1700771489604,14038,4446,9765,4169000,100
11-23 21:31:29.641  1011  1189 I ASH     : @ 118341.837: tcs3701: stop power rail pending_off timer
11-23 21:31:29.641  1011  1189 D ASH     : @ 118341.837: tcs3701: start power rail timer, state:3
11-23 21:31:29.681  1011  1189 I ASH     : @ 118341.877: tcs3701: stop power rail pending_off timer
11-23 21:31:29.681  1011  1189 D ASH     : @ 118341.877: tcs3701: start power rail timer, state:3
11-23 21:31:29.710  9398  9436 I BatteryMgr:DataCollectionService: stats => 1700771489709,14038,4446,9765,4169000,100
11-23 21:31:29.711  9398  7808 I BatteryMgr:DataCollectionService: stats => 1700771489711,14038,4446,9765,4169000,100
11-23 21:31:29.711  9398  7861 I BatteryMgr:DataCollectionService: stats => 1700771489711,14038,4446,9765,4169000,100
11-23 21:31:29.722  1011  1189 I ASH     : @ 118341.917: tcs3701: stop power rail pending_off timer
11-23 21:31:29.722  1011  1189 D ASH     : @ 118341.917: tcs3701: start power rail timer, state:3
11-23 21:31:29.762  1011  1189 I ASH     : @ 118341.957: tcs3701: stop power rail pending_off timer
11-23 21:31:29.762  1011  1189 D ASH     : @ 118341.957: tcs3701: start power rail timer, state:3
11-23 21:31:29.802  1011  1189 I ASH     : @ 118341.997: tcs3701: stop power rail pending_off timer
11-23 21:31:29.802  1011  1189 D ASH     : @ 118341.997: tcs3701: start power rail timer, state:3
11-23 21:31:29.816  9398  9436 I BatteryMgr:DataCollectionService: stats => 1700771489816,14038,4446,9765,4169000,100
11-23 21:31:29.817  9398  7861 I BatteryMgr:DataCollectionService: stats => 1700771489817,14038,4446,9765,4169000,100
11-23 21:31:29.819  9398  7808 I BatteryMgr:DataCollectionService: stats => 1700771489819,14038,4446,9765,4169000,100
11-23 21:31:29.840  1795  3807 D ActivityManager: freezer override set to true
11-23 21:31:29.842  1011  1189 I ASH     : @ 118342.037: tcs3701: stop power rail pending_off timer
11-23 21:31:29.842  1011  1189 D ASH     : @ 118342.037: tcs3701: start power rail timer, state:3
11-23 21:31:29.882  1011  1189 I ASH     : @ 118342.077: tcs3701: stop power rail pending_off timer
11-23 21:31:29.882  1011  1189 D ASH     : @ 118342.077: tcs3701: start power rail timer, state:3
11-23 21:31:29.919  9398  7808 I BatteryMgr:DataCollectionService: stats => 1700771489919,14038,4446,9765,4169000,100
11-23 21:31:29.921  1011  1189 I ASH     : @ 118342.117: tcs3701: stop power rail pending_off timer
11-23 21:31:29.921  1011  1189 D ASH     : @ 118342.117: tcs3701: start power rail timer, state:3
11-23 21:31:29.922  9398  7861 I BatteryMgr:DataCollectionService: stats => 1700771489922,14038,4446,9765,4169000,100
11-23 21:31:29.925  9398  7808 I BatteryMgr:DataCollectionService: stats => 1700771489925,14038,4446,9765,4169000,100
11-23 21:31:29.962  1011  1189 I ASH     : @ 118342.157: tcs3701: stop power rail pending_off timer
11-23 21:31:29.962  1011  1189 D ASH     : @ 118342.157: tcs3701: start power rail timer, state:3
11-23 21:31:29.970 10718 10734 I m.chrome.canary: Explicit concurrent copying GC freed 3591(176KB) AllocSpace objects, 3(60KB) LOS objects, 75% free, 12MB/49MB, paused 118us,22us total 46.985ms
11-23 21:31:30.001  1011  1189 I ASH     : @ 118342.197: tcs3701: stop power rail pending_off timer
11-23 21:31:30.001  1011  1189 D ASH     : @ 118342.197: tcs3701: start power rail timer, state:3
11-23 21:31:30.022  1795  3807 D ActivityManager: freezer override set to false
11-23 21:31:30.024  9398  7808 I BatteryMgr:DataCollectionService: stats => 1700771490024,14038,4446,9765,4169000,100
11-23 21:31:30.026  9398  7861 I BatteryMgr:DataCollectionService: stats => 1700771490026,14038,4446,9765,4169000,100
11-23 21:31:30.029  9398  7861 I BatteryMgr:DataCollectionService: stats => 1700771490029,14038,4446,9765,4169000,100
11-23 21:31:30.042  1011  1189 I ASH     : @ 118342.237: tcs3701: stop power rail pending_off timer
11-23 21:31:30.042  1011  1189 D ASH     : @ 118342.237: tcs3701: start power rail timer, state:3
11-23 21:31:30.058  1795  4157 D ActivityManager: freezer override set to true
11-23 21:31:30.061  1795  4157 D ActivityManager: freezer override set to false
11-23 21:31:30.081  1011  1189 I ASH     : @ 118342.277: tcs3701: stop power rail pending_off timer
11-23 21:31:30.081  1011  1189 D ASH     : @ 118342.277: tcs3701: start power rail timer, state:3
11-23 21:31:30.122  1011  1189 I ASH     : @ 118342.317: tcs3701: stop power rail pending_off timer
11-23 21:31:30.122  1011  1189 D ASH     : @ 118342.317: tcs3701: start power rail timer, state:3
11-23 21:31:30.129  9398  9434 I BatteryMgr:DataCollectionService: stats => 1700771490129,14038,4446,9765,4169000,100
11-23 21:31:30.130  9398  7861 I BatteryMgr:DataCollectionService: stats => 1700771490130,14038,4446,9765,4169000,100
11-23 21:31:30.132  9398  7808 I BatteryMgr:DataCollectionService: stats => 1700771490132,14038,4446,9765,4169000,100
11-23 21:31:30.161  1011  1189 I ASH     : @ 118342.357: tcs3701: stop power rail pending_off timer
11-23 21:31:30.161  1011  1189 D ASH     : @ 118342.357: tcs3701: start power rail timer, state:3
11-23 21:31:30.201  1011  1189 I ASH     : @ 118342.397: tcs3701: stop power rail pending_off timer
11-23 21:31:30.201  1011  1189 D ASH     : @ 118342.397: tcs3701: start power rail timer, state:3
11-23 21:31:30.226 16698 16698 I EuiccGoogle: [2] EuiccServiceImpl.onDestroy: onDestroy: EuiccService on destroy.
11-23 21:31:30.239  9398  9434 I BatteryMgr:DataCollectionService: stats => 1700771490239,14038,4446,9765,4169000,100
11-23 21:31:30.240  9398  9436 I BatteryMgr:DataCollectionService: stats => 1700771490240,14038,4446,9765,4169000,100
11-23 21:31:30.240  9398  7861 I BatteryMgr:DataCollectionService: stats => 1700771490240,14038,4446,9765,4169000,100
11-23 21:31:30.241  1011  1189 I ASH     : @ 118342.437: tcs3701: stop power rail pending_off timer
11-23 21:31:30.241  1011  1189 D ASH     : @ 118342.437: tcs3701: start power rail timer, state:3
11-23 21:31:30.281  1011  1189 I ASH     : @ 118342.477: tcs3701: stop power rail pending_off timer
11-23 21:31:30.281  1011  1189 D ASH     : @ 118342.477: tcs3701: start power rail timer, state:3
11-23 21:31:30.322  1011  1189 I ASH     : @ 118342.517: tcs3701: stop power rail pending_off timer
11-23 21:31:30.322  1011  1189 D ASH     : @ 118342.517: tcs3701: start power rail timer, state:3
11-23 21:31:30.347  9398  9434 I BatteryMgr:DataCollectionService: stats => 1700771490346,14038,4446,9765,4169000,100
11-23 21:31:30.348  1795  3807 D ActivityManager: freezer override set to true
11-23 21:31:30.348  9398  9436 I BatteryMgr:DataCollectionService: stats => 1700771490348,14038,4446,9765,4169000,100
11-23 21:31:30.349  9398  7861 I BatteryMgr:DataCollectionService: stats => 1700771490349,14038,4446,9765,4169000,100
11-23 21:31:30.352  1795  3807 D ActivityManager: freezer override set to false
11-23 21:31:30.362  1011  1189 I ASH     : @ 118342.557: tcs3701: stop power rail pending_off timer
11-23 21:31:30.362  1011  1189 D ASH     : @ 118342.557: tcs3701: start power rail timer, state:3
11-23 21:31:30.401  1011  1189 I ASH     : @ 118342.597: tcs3701: stop power rail pending_off timer
11-23 21:31:30.401  1011  1189 D ASH     : @ 118342.597: tcs3701: start power rail timer, state:3
11-23 21:31:30.442  1011  1189 I ASH     : @ 118342.637: tcs3701: stop power rail pending_off timer
11-23 21:31:30.442  1011  1189 D ASH     : @ 118342.637: tcs3701: start power rail timer, state:3
11-23 21:31:30.453  9398  7861 I BatteryMgr:DataCollectionService: stats => 1700771490453,14038,4446,9765,4169000,100
11-23 21:31:30.454  9398  9434 I BatteryMgr:DataCollectionService: stats => 1700771490454,14038,4446,9765,4169000,100
11-23 21:31:30.454  9398  9436 I BatteryMgr:DataCollectionService: stats => 1700771490454,14038,4446,9765,4169000,100
11-23 21:31:30.482  1011  1189 I ASH     : @ 118342.677: tcs3701: stop power rail pending_off timer
11-23 21:31:30.482  1011  1189 D ASH     : @ 118342.677: tcs3701: start power rail timer, state:3
11-23 21:31:30.521  1011  1189 I ASH     : @ 118342.717: tcs3701: stop power rail pending_off timer
11-23 21:31:30.521  1011  1189 D ASH     : @ 118342.717: tcs3701: start power rail timer, state:3
11-23 21:31:30.558  9398  9436 I BatteryMgr:DataCollectionService: stats => 1700771490558,14038,4446,9765,4169000,100
11-23 21:31:30.561  1011  1189 I ASH     : @ 118342.757: tcs3701: stop power rail pending_off timer
11-23 21:31:30.561  1011  1189 D ASH     : @ 118342.757: tcs3701: start power rail timer, state:3
11-23 21:31:30.561  9398  9434 I BatteryMgr:DataCollectionService: stats => 1700771490561,14038,4446,9765,4169000,100
11-23 21:31:30.563  9398  7861 I BatteryMgr:DataCollectionService: stats => 1700771490563,14038,4446,9765,4169000,100
11-23 21:31:30.602  1011  1189 I ASH     : @ 118342.797: tcs3701: stop power rail pending_off timer
11-23 21:31:30.602  1011  1189 D ASH     : @ 118342.797: tcs3701: start power rail timer, state:3
11-23 21:31:30.641  1011  1189 I ASH     : @ 118342.837: tcs3701: stop power rail pending_off timer
11-23 21:31:30.641  1011  1189 D ASH     : @ 118342.837: tcs3701: start power rail timer, state:3
11-23 21:31:30.665  9398  7861 I BatteryMgr:DataCollectionService: stats => 1700771490665,14038,4446,9765,4169000,100
11-23 21:31:30.668  9398  9434 I BatteryMgr:DataCollectionService: stats => 1700771490668,14038,4446,9765,4169000,100
11-23 21:31:30.670  9398  9436 I BatteryMgr:DataCollectionService: stats => 1700771490670,14038,4446,9765,4169000,100
11-23 21:31:30.681  1011  1189 I ASH     : @ 118342.877: tcs3701: stop power rail pending_off timer
11-23 21:31:30.681  1011  1189 D ASH     : @ 118342.877: tcs3701: start power rail timer, state:3
11-23 21:31:30.721  1011  1189 I ASH     : @ 118342.917: tcs3701: stop power rail pending_off timer
11-23 21:31:30.722  1011  1189 D ASH     : @ 118342.917: tcs3701: start power rail timer, state:3
11-23 21:31:30.761  1011  1189 I ASH     : @ 118342.957: tcs3701: stop power rail pending_off timer
11-23 21:31:30.761  1011  1189 D ASH     : @ 118342.957: tcs3701: start power rail timer, state:3
11-23 21:31:30.774  9398  9436 I BatteryMgr:DataCollectionService: stats => 1700771490774,14038,4446,9765,4169000,100
11-23 21:31:30.776  9398  9434 I BatteryMgr:DataCollectionService: stats => 1700771490776,14038,4446,9765,4169000,100
11-23 21:31:30.776  9398  7861 I BatteryMgr:DataCollectionService: stats => 1700771490776,14038,4446,9765,4169000,100
11-23 21:31:30.801  1011  1189 I ASH     : @ 118342.997: tcs3701: stop power rail pending_off timer
11-23 21:31:30.801  1011  1189 D ASH     : @ 118342.997: tcs3701: start power rail timer, state:3
11-23 21:31:30.841  1011  1189 I ASH     : @ 118343.037: tcs3701: stop power rail pending_off timer
11-23 21:31:30.842  1011  1189 D ASH     : @ 118343.037: tcs3701: start power rail timer, state:3
11-23 21:31:30.881  1011  1189 I ASH     : @ 118343.077: tcs3701: stop power rail pending_off timer
11-23 21:31:30.881  1011  1189 D ASH     : @ 118343.077: tcs3701: start power rail timer, state:3
11-23 21:31:30.884  9398  9436 I BatteryMgr:DataCollectionService: stats => 1700771490884,14038,4446,9765,4169000,100
11-23 21:31:30.885  9398  7861 I BatteryMgr:DataCollectionService: stats => 1700771490885,14038,4446,9765,4169000,100
11-23 21:31:30.886  9398  9434 I BatteryMgr:DataCollectionService: stats => 1700771490886,14038,4446,9765,4169000,100
11-23 21:31:30.922  1011  1189 I ASH     : @ 118343.117: tcs3701: stop power rail pending_off timer
11-23 21:31:30.922  1011  1189 D ASH     : @ 118343.117: tcs3701: start power rail timer, state:3
11-23 21:31:30.961  1011  1189 I ASH     : @ 118343.157: tcs3701: stop power rail pending_off timer
11-23 21:31:30.961  1011  1189 D ASH     : @ 118343.157: tcs3701: start power rail timer, state:3
11-23 21:31:30.993  9398  9436 I BatteryMgr:DataCollectionService: stats => 1700771490993,14038,4446,9765,4169000,100
11-23 21:31:30.993  9398  9434 I BatteryMgr:DataCollectionService: stats => 1700771490993,14038,4446,9765,4169000,100
11-23 21:31:30.994  9398  7861 I BatteryMgr:DataCollectionService: stats => 1700771490994,14038,4446,9765,4169000,100
11-23 21:31:31.001  1011  1189 I ASH     : @ 118343.197: tcs3701: stop power rail pending_off timer
11-23 21:31:31.001  1011  1189 D ASH     : @ 118343.197: tcs3701: start power rail timer, state:3
11-23 21:31:31.042  1011  1189 I ASH     : @ 118343.237: tcs3701: stop power rail pending_off timer
11-23 21:31:31.042  1011  1189 D ASH     : @ 118343.237: tcs3701: start power rail timer, state:3
11-23 21:31:31.082  1011  1189 I ASH     : @ 118343.277: tcs3701: stop power rail pending_off timer
11-23 21:31:31.082  1011  1189 D ASH     : @ 118343.277: tcs3701: start power rail timer, state:3
11-23 21:31:31.100  9398  9433 I BatteryMgr:DataCollectionService: stats => 1700771491100,14038,4446,9765,4169000,100
11-23 21:31:31.101  9398  7861 I BatteryMgr:DataCollectionService: stats => 1700771491101,14038,4446,9765,4169000,100
11-23 21:31:31.102  9398  9434 I BatteryMgr:DataCollectionService: stats => 1700771491102,14038,4446,9765,4169000,100
11-23 21:31:31.122  1011  1189 I ASH     : @ 118343.317: tcs3701: stop power rail pending_off timer
11-23 21:31:31.122  1011  1189 D ASH     : @ 118343.317: tcs3701: start power rail timer, state:3
11-23 21:31:31.161  1011  1189 I ASH     : @ 118343.357: tcs3701: stop power rail pending_off timer
11-23 21:31:31.161  1011  1189 D ASH     : @ 118343.357: tcs3701: start power rail timer, state:3
11-23 21:31:31.201  1011  1189 I ASH     : @ 118343.397: tcs3701: stop power rail pending_off timer
11-23 21:31:31.201  1011  1189 D ASH     : @ 118343.397: tcs3701: start power rail timer, state:3
11-23 21:31:31.209  9398  9434 I BatteryMgr:DataCollectionService: stats => 1700771491209,14038,4446,9765,4169000,100
11-23 21:31:31.210  9398  9433 I BatteryMgr:DataCollectionService: stats => 1700771491210,14038,4446,9765,4169000,100
11-23 21:31:31.211  9398  7861 I BatteryMgr:DataCollectionService: stats => 1700771491211,14038,4446,9765,4169000,100
11-23 21:31:31.223  1795  3807 D ActivityManager: freezer override set to true
11-23 21:31:31.241  1011  1189 I ASH     : @ 118343.437: tcs3701: stop power rail pending_off timer
11-23 21:31:31.241  1011  1189 D ASH     : @ 118343.437: tcs3701: start power rail timer, state:3
11-23 21:31:31.243  3604  4214 I bbqr    : (REDACTED) getHotwordActive::active query: %s, watch: %s, devices connected: %s
11-23 21:31:31.281  1011  1189 I ASH     : @ 118343.477: tcs3701: stop power rail pending_off timer
11-23 21:31:31.281  1011  1189 D ASH     : @ 118343.477: tcs3701: start power rail timer, state:3
11-23 21:31:31.308 10718 10734 I m.chrome.canary: Explicit concurrent copying GC freed 3571(176KB) AllocSpace objects, 3(60KB) LOS objects, 75% free, 12MB/49MB, paused 111us,35us total 49.317ms
11-23 21:31:31.318  9398  9433 I BatteryMgr:DataCollectionService: stats => 1700771491317,14038,4446,9765,4169000,100
11-23 21:31:31.318  9398  9434 I BatteryMgr:DataCollectionService: stats => 1700771491318,14038,4446,9765,4169000,100
11-23 21:31:31.319  9398  7861 I BatteryMgr:DataCollectionService: stats => 1700771491319,14038,4446,9765,4169000,100
11-23 21:31:31.321  1011  1189 I ASH     : @ 118343.517: tcs3701: stop power rail pending_off timer
11-23 21:31:31.321  1011  1189 D ASH     : @ 118343.517: tcs3701: start power rail timer, state:3
11-23 21:31:31.362  1011  1189 I ASH     : @ 118343.557: tcs3701: stop power rail pending_off timer
11-23 21:31:31.362  1011  1189 D ASH     : @ 118343.557: tcs3701: start power rail timer, state:3
11-23 21:31:31.368  1795  3807 D ActivityManager: freezer override set to false
11-23 21:31:31.393  1795  3807 D ActivityManager: freezer override set to true
11-23 21:31:31.397  1795  3807 D ActivityManager: freezer override set to false
11-23 21:31:31.401  1011  1189 I ASH     : @ 118343.597: tcs3701: stop power rail pending_off timer
11-23 21:31:31.402  1011  1189 D ASH     : @ 118343.597: tcs3701: start power rail timer, state:3
11-23 21:31:31.421  1795  3807 D ActivityManager: freezer override set to true
11-23 21:31:31.424  1795  3807 D ActivityManager: freezer override set to false
11-23 21:31:31.424  9398  9434 I BatteryMgr:DataCollectionService: stats => 1700771491424,14038,4446,9765,4169000,100
11-23 21:31:31.425  9398  9433 I BatteryMgr:DataCollectionService: stats => 1700771491425,14038,4446,9765,4169000,100
11-23 21:31:31.427  9398  7861 I BatteryMgr:DataCollectionService: stats => 1700771491427,14038,4446,9765,4169000,100
11-23 21:31:31.442  1011  1189 I ASH     : @ 118343.637: tcs3701: stop power rail pending_off timer
11-23 21:31:31.442  1011  1189 D ASH     : @ 118343.637: tcs3701: start power rail timer, state:3
11-23 21:31:31.458  2113  2118 I pixel-thermal: skin-therm-monitor: 38.71
11-23 21:31:31.481  1795  2424 D WifiClientModeImpl[13802:wlan0]: updateLinkLayerStatsRssiSpeedFrequencyCapabilities rssi=-44 TxLinkspeed=526 freq=5240 RxLinkSpeed=6
