11-23 21:43:39.946  9398  9436 I BatteryMgr:DataCollectionService: stats => 1700772219945,12512,4446,9765,4169000,100
11-23 21:43:39.946  9398  9433 I BatteryMgr:DataCollectionService: stats => 1700772219946,12512,4446,9765,4169000,100
11-23 21:43:39.974  1011  1189 I ASH     : @ 119072.170: tcs3701: stop power rail pending_off timer
11-23 21:43:39.974  1011  1189 D ASH     : @ 119072.170: tcs3701: start power rail timer, state:3
11-23 21:43:40.015  1011  1189 I ASH     : @ 119072.210: tcs3701: stop power rail pending_off timer
11-23 21:43:40.015  1011  1189 D ASH     : @ 119072.210: tcs3701: start power rail timer, state:3
11-23 21:43:40.049  9398  7861 I BatteryMgr:DataCollectionService: stats => 1700772220049,12512,4446,9765,4169000,100
11-23 21:43:40.051  9398  9433 I BatteryMgr:DataCollectionService: stats => 1700772220051,12512,4446,9765,4169000,100
11-23 21:43:40.052  9398  9436 I BatteryMgr:DataCollectionService: stats => 1700772220051,12512,4446,9765,4169000,100
11-23 21:43:40.054  1011  1189 I ASH     : @ 119072.250: tcs3701: stop power rail pending_off timer
11-23 21:43:40.054  1011  1189 D ASH     : @ 119072.250: tcs3701: start power rail timer, state:3
11-23 21:43:40.094  1011  1189 I ASH     : @ 119072.290: tcs3701: stop power rail pending_off timer
11-23 21:43:40.094  1011  1189 D ASH     : @ 119072.290: tcs3701: start power rail timer, state:3
11-23 21:43:40.134  1011  1189 I ASH     : @ 119072.330: tcs3701: stop power rail pending_off timer
11-23 21:43:40.134  1011  1189 D ASH     : @ 119072.330: tcs3701: start power rail timer, state:3
11-23 21:43:40.155  9398  9436 I BatteryMgr:DataCollectionService: stats => 1700772220154,12512,4446,9765,4169000,100
11-23 21:43:40.155  9398  9433 I BatteryMgr:DataCollectionService: stats => 1700772220155,12512,4446,9765,4169000,100
11-23 21:43:40.156  9398  7861 I BatteryMgr:DataCollectionService: stats => 1700772220156,12512,4446,9765,4169000,100
11-23 21:43:40.174  1011  1189 I ASH     : @ 119072.370: tcs3701: stop power rail pending_off timer
11-23 21:43:40.174  1011  1189 D ASH     : @ 119072.370: tcs3701: start power rail timer, state:3
11-23 21:43:40.204  1795  4162 D ActivityManager: freezer override set to true
11-23 21:43:40.209  1795  4162 D ActivityManager: freezer override set to false
11-23 21:43:40.215  1011  1189 I ASH     : @ 119072.410: tcs3701: stop power rail pending_off timer
11-23 21:43:40.215  1011  1189 D ASH     : @ 119072.410: tcs3701: start power rail timer, state:3
11-23 21:43:40.254  1011  1189 I ASH     : @ 119072.450: tcs3701: stop power rail pending_off timer
11-23 21:43:40.254  1011  1189 D ASH     : @ 119072.450: tcs3701: start power rail timer, state:3
11-23 21:43:40.260  9398  9436 I BatteryMgr:DataCollectionService: stats => 1700772220260,12512,4446,9765,4169000,100
11-23 21:43:40.261  9398  9433 I BatteryMgr:DataCollectionService: stats => 1700772220261,12512,4446,9765,4169000,100
11-23 21:43:40.262  9398  7861 I BatteryMgr:DataCollectionService: stats => 1700772220262,12512,4446,9765,4169000,100
11-23 21:43:40.294  1011  1189 I ASH     : @ 119072.490: tcs3701: stop power rail pending_off timer
11-23 21:43:40.294  1011  1189 D ASH     : @ 119072.490: tcs3701: start power rail timer, state:3
11-23 21:43:40.317  1795  4162 D ActivityManager: freezer override set to true
11-23 21:43:40.335  1011  1189 I ASH     : @ 119072.530: tcs3701: stop power rail pending_off timer
11-23 21:43:40.335  1011  1189 D ASH     : @ 119072.530: tcs3701: start power rail timer, state:3
11-23 21:43:40.368  9398  7861 I BatteryMgr:DataCollectionService: stats => 1700772220368,12512,4446,9765,4169000,100
11-23 21:43:40.368  9398  9433 I BatteryMgr:DataCollectionService: stats => 1700772220368,12512,4446,9765,4169000,100
11-23 21:43:40.369  9398  9436 I BatteryMgr:DataCollectionService: stats => 1700772220369,12512,4446,9765,4169000,100
11-23 21:43:40.376  1011  1189 I ASH     : @ 119072.570: tcs3701: stop power rail pending_off timer
11-23 21:43:40.376  1011  1189 D ASH     : @ 119072.570: tcs3701: start power rail timer, state:3
11-23 21:43:40.414  1011  1189 I ASH     : @ 119072.610: tcs3701: stop power rail pending_off timer
11-23 21:43:40.414  1011  1189 D ASH     : @ 119072.610: tcs3701: start power rail timer, state:3
11-23 21:43:40.437  2113  2118 I pixel-thermal: skin-therm-monitor: 38.788
11-23 21:43:40.454  1011  1189 I ASH     : @ 119072.650: tcs3701: stop power rail pending_off timer
11-23 21:43:40.454  1011  1189 D ASH     : @ 119072.650: tcs3701: start power rail timer, state:3
11-23 21:43:40.457 26521 26534 I m.chrome.canary: Explicit concurrent copying GC freed 3808(191KB) AllocSpace objects, 4(80KB) LOS objects, 75% free, 12MB/49MB, paused 37us,24us total 53.206ms
11-23 21:43:40.475  9398  9433 I BatteryMgr:DataCollectionService: stats => 1700772220475,12512,4446,9765,4169000,100
11-23 21:43:40.476  9398  7861 I BatteryMgr:DataCollectionService: stats => 1700772220476,12512,4446,9765,4169000,100
11-23 21:43:40.477  9398  9436 I BatteryMgr:DataCollectionService: stats => 1700772220477,12512,4446,9765,4169000,100
11-23 21:43:40.495  1011  1189 I ASH     : @ 119072.690: tcs3701: stop power rail pending_off timer
11-23 21:43:40.495  1011  1189 D ASH     : @ 119072.690: tcs3701: start power rail timer, state:3
11-23 21:43:40.517  1795  4162 D ActivityManager: freezer override set to false
11-23 21:43:40.535  1011  1189 I ASH     : @ 119072.730: tcs3701: stop power rail pending_off timer
11-23 21:43:40.535  1011  1189 D ASH     : @ 119072.730: tcs3701: start power rail timer, state:3
11-23 21:43:40.566  1795  4162 D ActivityManager: freezer override set to true
11-23 21:43:40.569  1795  4162 D ActivityManager: freezer override set to false
11-23 21:43:40.574  1011  1189 I ASH     : @ 119072.770: tcs3701: stop power rail pending_off timer
11-23 21:43:40.574  1011  1189 D ASH     : @ 119072.770: tcs3701: start power rail timer, state:3
11-23 21:43:40.581  9398  9433 I BatteryMgr:DataCollectionService: stats => 1700772220581,12512,4446,9765,4169000,100
11-23 21:43:40.581  9398  7861 I BatteryMgr:DataCollectionService: stats => 1700772220581,12512,4446,9765,4169000,100
11-23 21:43:40.582  9398  9436 I BatteryMgr:DataCollectionService: stats => 1700772220582,12512,4446,9765,4169000,100
11-23 21:43:40.614  1011  1189 I ASH     : @ 119072.810: tcs3701: stop power rail pending_off timer
11-23 21:43:40.614  1011  1189 D ASH     : @ 119072.810: tcs3701: start power rail timer, state:3
11-23 21:43:40.654  1011  1189 I ASH     : @ 119072.850: tcs3701: stop power rail pending_off timer
11-23 21:43:40.654  1011  1189 D ASH     : @ 119072.850: tcs3701: start power rail timer, state:3
11-23 21:43:40.687  9398  9433 I BatteryMgr:DataCollectionService: stats => 1700772220687,12512,4446,9765,4169000,100
11-23 21:43:40.688  9398  7861 I BatteryMgr:DataCollectionService: stats => 1700772220688,12512,4446,9765,4169000,100
11-23 21:43:40.688  9398  9436 I BatteryMgr:DataCollectionService: stats => 1700772220688,12512,4446,9765,4169000,100
11-23 21:43:40.695  1011  1189 I ASH     : @ 119072.890: tcs3701: stop power rail pending_off timer
11-23 21:43:40.695  1011  1189 D ASH     : @ 119072.890: tcs3701: start power rail timer, state:3
11-23 21:43:40.734  1011  1189 I ASH     : @ 119072.930: tcs3701: stop power rail pending_off timer
11-23 21:43:40.734  1011  1189 D ASH     : @ 119072.930: tcs3701: start power rail timer, state:3
11-23 21:43:40.774  1011  1189 I ASH     : @ 119072.970: tcs3701: stop power rail pending_off timer
11-23 21:43:40.774  1011  1189 D ASH     : @ 119072.970: tcs3701: start power rail timer, state:3
11-23 21:43:40.792  9398  9433 I BatteryMgr:DataCollectionService: stats => 1700772220792,12512,4446,9765,4169000,100
11-23 21:43:40.792  9398  7861 I BatteryMgr:DataCollectionService: stats => 1700772220792,12512,4446,9765,4169000,100
11-23 21:43:40.793  9398  9436 I BatteryMgr:DataCollectionService: stats => 1700772220793,12512,4446,9765,4169000,100
11-23 21:43:40.815  1011  1189 I ASH     : @ 119073.010: tcs3701: stop power rail pending_off timer
11-23 21:43:40.815  1011  1189 D ASH     : @ 119073.010: tcs3701: start power rail timer, state:3
11-23 21:43:40.854  1011  1189 I ASH     : @ 119073.050: tcs3701: stop power rail pending_off timer
11-23 21:43:40.854  1011  1189 D ASH     : @ 119073.050: tcs3701: start power rail timer, state:3
11-23 21:43:40.894  1011  1189 I ASH     : @ 119073.090: tcs3701: stop power rail pending_off timer
11-23 21:43:40.894  1011  1189 D ASH     : @ 119073.090: tcs3701: start power rail timer, state:3
11-23 21:43:40.898  9398  9433 I BatteryMgr:DataCollectionService: stats => 1700772220898,12512,4446,9765,4169000,100
11-23 21:43:40.900  9398  7861 I BatteryMgr:DataCollectionService: stats => 1700772220899,12512,4446,9765,4169000,100
11-23 21:43:40.900  9398  9436 I BatteryMgr:DataCollectionService: stats => 1700772220900,12512,4446,9765,4169000,100
11-23 21:43:40.934  1011  1189 I ASH     : @ 119073.130: tcs3701: stop power rail pending_off timer
11-23 21:43:40.934  1011  1189 D ASH     : @ 119073.130: tcs3701: start power rail timer, state:3
11-23 21:43:40.975  1011  1189 I ASH     : @ 119073.170: tcs3701: stop power rail pending_off timer
11-23 21:43:40.975  1011  1189 D ASH     : @ 119073.170: tcs3701: start power rail timer, state:3
11-23 21:43:41.005  9398  9436 I BatteryMgr:DataCollectionService: stats => 1700772221005,12512,4446,9765,4169000,100
11-23 21:43:41.005  9398  9433 I BatteryMgr:DataCollectionService: stats => 1700772221005,12512,4446,9765,4169000,100
11-23 21:43:41.006  9398  7861 I BatteryMgr:DataCollectionService: stats => 1700772221006,12512,4446,9765,4169000,100
11-23 21:43:41.014  1011  1189 I ASH     : @ 119073.210: tcs3701: stop power rail pending_off timer
11-23 21:43:41.014  1011  1189 D ASH     : @ 119073.210: tcs3701: start power rail timer, state:3
11-23 21:43:41.054  1011  1189 I ASH     : @ 119073.250: tcs3701: stop power rail pending_off timer
11-23 21:43:41.054  1011  1189 D ASH     : @ 119073.250: tcs3701: start power rail timer, state:3
11-23 21:43:41.094  1011  1189 I ASH     : @ 119073.290: tcs3701: stop power rail pending_off timer
11-23 21:43:41.094  1011  1189 D ASH     : @ 119073.290: tcs3701: start power rail timer, state:3
11-23 21:43:41.111  9398  9436 I BatteryMgr:DataCollectionService: stats => 1700772221111,12512,4446,9765,4169000,100
11-23 21:43:41.112  9398  9433 I BatteryMgr:DataCollectionService: stats => 1700772221112,12512,4446,9765,4169000,100
11-23 21:43:41.112  9398  7861 I BatteryMgr:DataCollectionService: stats => 1700772221112,12512,4446,9765,4169000,100
11-23 21:43:41.134  1011  1189 I ASH     : @ 119073.330: tcs3701: stop power rail pending_off timer
11-23 21:43:41.134  1011  1189 D ASH     : @ 119073.330: tcs3701: start power rail timer, state:3
11-23 21:43:41.174  1011  1189 I ASH     : @ 119073.370: tcs3701: stop power rail pending_off timer
11-23 21:43:41.174  1011  1189 D ASH     : @ 119073.370: tcs3701: start power rail timer, state:3
11-23 21:43:41.200  1795  4168 D ActivityManager: freezer override set to true
11-23 21:43:41.204  1795  4168 D ActivityManager: freezer override set to false
11-23 21:43:41.215  1011  1189 I ASH     : @ 119073.410: tcs3701: stop power rail pending_off timer
11-23 21:43:41.215  1011  1189 D ASH     : @ 119073.410: tcs3701: start power rail timer, state:3
11-23 21:43:41.218  9398  9436 I BatteryMgr:DataCollectionService: stats => 1700772221218,12512,4446,9765,4169000,100
11-23 21:43:41.219  9398  7861 I BatteryMgr:DataCollectionService: stats => 1700772221219,12512,4446,9765,4169000,100
11-23 21:43:41.221  9398  9433 I BatteryMgr:DataCollectionService: stats => 1700772221221,12512,4446,9765,4169000,100
11-23 21:43:41.254  1011  1189 I ASH     : @ 119073.450: tcs3701: stop power rail pending_off timer
11-23 21:43:41.254  1011  1189 D ASH     : @ 119073.450: tcs3701: start power rail timer, state:3
11-23 21:43:41.256  1795  2424 D WifiClientModeImpl[13802:wlan0]: updateLinkLayerStatsRssiSpeedFrequencyCapabilities rssi=-47 TxLinkspeed=650 freq=5240 RxLinkSpeed=866
11-23 21:43:41.256  1795  2424 D WifiDataStall: tx tput in kbps: 321521
11-23 21:43:41.256  1795  2424 D WifiDataStall: rx tput in kbps: 679945
11-23 21:43:41.256  1795  2424 V WifiConfigManager: Updating scan detail cache freq=5240 BSSID=f4:6d:2f:12:cc:88 RSSI=-46 for "ourhome"WPA_PSK
11-23 21:43:41.256  1795  2424 D WifiChannelUtilization:  freq: 5240 onTime: 3651107 busyTime: 375362 onTimeDiff: 276315 busyTimeDiff: 59663 utilization: 55 utilization t0: 26
11-23 21:43:41.256  1795  2424 D WifiDataStall:  ccaLevel = 55
11-23 21:43:41.256  1795  2424 D WifiDataStall: L2 txTputKbps: 484833, rxTputKbps: 679945, L3 txTputKbps: 26, rxTputKbps: 1, TxTrafficHigh: false, RxTrafficHigh: false, Throughput Sufficient: true
11-23 21:43:41.257  3213  3230 V WifiManager: OnWifiUsabilityStatsListener: onWifiUsabilityStats: seqNum=39280
11-23 21:43:41.257  1795  2424 D WifiScoreReport: Wifi scoring disabled - Don't check IP layer
11-23 21:43:41.257  1795  2424 D WifiScoreCard: BSSID update SIGNAL_POLL ID: 1320464697 SSID: "ourhome", BSSID: f4:6d:2f:12:cc:88, MAC: b2:2f:ec:da:4a:0c, IP: /192.168.1.104, Security type: 2, Supplicant state: COMPLETED, Wi-Fi standard: 5, RSSI: -47, Link speed: 650Mbps, Tx Link speed: 650Mbps, Max Supported Tx Link speed: 866Mbps, Rx Link speed: 866Mbps, Max Supported Rx Link speed: 866Mbps, Frequency: 5240MHz, Net ID: 12, Metered hint: false, score: 60, isUsable: true, CarrierMerged: false, SubscriptionId: -1, IsPrimary: 1, Trusted: true, Restricted: false, Ephemeral: false, OEM paid: false, OEM private: false, OSU AP: false, FQDN: <none>, Provider friendly name: <none>, Requesting package name: <none>"ourhome"wpa2-pskMLO Information: , Is TID-To-Link negotiation supported by the AP: false, AP MLD Address: <none>, AP MLO Link Id: <none>, AP MLO Affiliated links: <none>
11-23 21:43:41.257  1795  2424 D WifiScoreCard: txRate: 5 txSpeed: 650
11-23 21:43:41.257  1795  2424 D WifiScoreCard: network update SIGNAL_POLL "ourhome" ID: 1499892569 RSSI -47 txSpeed 650
11-23 21:43:41.257  1795  4168 I WifiService: updateWifiUsabilityScore uid=10180 seqNum=39280 score=100 predictionHorizonSec=1441795
11-23 21:43:41.257  1795  2424 D WifiClientModeImpl[13802:wlan0]:  ClientModeImpl$L2ConnectedState screen=on 25 0 "ourhome" f4:6d:2f:12:cc:88 rssi=-47 f=5240 sc=60 link=650 tx=3.1, 1.2, 0.0 rx=2.7 bcn=1143008 [on:142 tx:2 rx:1 period:3013] from screen [on:290456 period:6068622] score=60
11-23 21:43:41.258  1795  2424 D WifiScoreReport: Wifi scoring disabled - Notify that Wifi is usable
11-23 21:43:41.260  1795  2432 D ConnectivityService: NetReassign [no changes] [c 0] [a 0] [i 2]
11-23 21:43:41.294  1011  1189 I ASH     : @ 119073.490: tcs3701: stop power rail pending_off timer
11-23 21:43:41.295  1011  1189 D ASH     : @ 119073.490: tcs3701: start power rail timer, state:3
11-23 21:43:41.324  9398  7861 I BatteryMgr:DataCollectionService: stats => 1700772221323,12512,4446,9765,4169000,100
11-23 21:43:41.325  9398  9433 I BatteryMgr:DataCollectionService: stats => 1700772221325,12512,4446,9765,4169000,100
11-23 21:43:41.326  9398  9436 I BatteryMgr:DataCollectionService: stats => 1700772221326,12512,4446,9765,4169000,100
11-23 21:43:41.334  1011  1189 I ASH     : @ 119073.530: tcs3701: stop power rail pending_off timer
11-23 21:43:41.334  1011  1189 D ASH     : @ 119073.530: tcs3701: start power rail timer, state:3
11-23 21:43:41.374  1011  1189 I ASH     : @ 119073.570: tcs3701: stop power rail pending_off timer
11-23 21:43:41.374  1011  1189 D ASH     : @ 119073.570: tcs3701: start power rail timer, state:3
11-23 21:43:41.414  1011  1189 I ASH     : @ 119073.610: tcs3701: stop power rail pending_off timer
11-23 21:43:41.414  1011  1189 D ASH     : @ 119073.610: tcs3701: start power rail timer, state:3
11-23 21:43:41.431  9398  7861 I BatteryMgr:DataCollectionService: stats => 1700772221431,12512,4446,9765,4169000,100
11-23 21:43:41.432  9398  9436 I BatteryMgr:DataCollectionService: stats => 1700772221432,12512,4446,9765,4169000,100
11-23 21:43:41.432  9398  9433 I BatteryMgr:DataCollectionService: stats => 1700772221432,12512,4446,9765,4169000,100
11-23 21:43:41.454  1011  1189 I ASH     : @ 119073.650: tcs3701: stop power rail pending_off timer
11-23 21:43:41.454  1011  1189 D ASH     : @ 119073.650: tcs3701: start power rail timer, state:3
11-23 21:43:41.494  1011  1189 I ASH     : @ 119073.690: tcs3701: stop power rail pending_off timer
11-23 21:43:41.494  1011  1189 D ASH     : @ 119073.690: tcs3701: start power rail timer, state:3
11-23 21:43:41.535  1011  1189 I ASH     : @ 119073.730: tcs3701: stop power rail pending_off timer
11-23 21:43:41.535  1011  1189 D ASH     : @ 119073.730: tcs3701: start power rail timer, state:3
11-23 21:43:41.539  9398  9436 I BatteryMgr:DataCollectionService: stats => 1700772221539,12512,4446,9765,4169000,100
11-23 21:43:41.539  9398  9433 I BatteryMgr:DataCollectionService: stats => 1700772221539,12512,4446,9765,4169000,100
11-23 21:43:41.539  9398  7861 I BatteryMgr:DataCollectionService: stats => 1700772221539,12512,4446,9765,4169000,100
11-23 21:43:41.574  1011  1189 I ASH     : @ 119073.770: tcs3701: stop power rail pending_off timer
11-23 21:43:41.575  1011  1189 D ASH     : @ 119073.770: tcs3701: start power rail timer, state:3
11-23 21:43:41.614  1011  1189 I ASH     : @ 119073.810: tcs3701: stop power rail pending_off timer
11-23 21:43:41.614  1011  1189 D ASH     : @ 119073.810: tcs3701: start power rail timer, state:3
11-23 21:43:41.643  9398  7861 I BatteryMgr:DataCollectionService: stats => 1700772221643,12512,4446,9765,4169000,100
11-23 21:43:41.643  9398  9436 I BatteryMgr:DataCollectionService: stats => 1700772221643,12512,4446,9765,4169000,100
11-23 21:43:41.644  9398  9433 I BatteryMgr:DataCollectionService: stats => 1700772221644,12512,4446,9765,4169000,100
11-23 21:43:41.654  1011  1189 I ASH     : @ 119073.850: tcs3701: stop power rail pending_off timer
11-23 21:43:41.654  1011  1189 D ASH     : @ 119073.850: tcs3701: start power rail timer, state:3
11-23 21:43:41.695  1011  1189 I ASH     : @ 119073.890: tcs3701: stop power rail pending_off timer
11-23 21:43:41.695  1011  1189 D ASH     : @ 119073.890: tcs3701: start power rail timer, state:3
11-23 21:43:41.727  1795  4162 D ActivityManager: freezer override set to true
11-23 21:43:41.734  1011  1189 I ASH     : @ 119073.930: tcs3701: stop power rail pending_off timer
11-23 21:43:41.734  1011  1189 D ASH     : @ 119073.930: tcs3701: start power rail timer, state:3
11-23 21:43:41.747  9398  7861 I BatteryMgr:DataCollectionService: stats => 1700772221747,12512,4446,9765,4169000,100
11-23 21:43:41.748  9398  9436 I BatteryMgr:DataCollectionService: stats => 1700772221748,12512,4446,9765,4169000,100
11-23 21:43:41.749  9398  9433 I BatteryMgr:DataCollectionService: stats => 1700772221749,12512,4446,9765,4169000,100
11-23 21:43:41.774  1011  1189 I ASH     : @ 119073.970: tcs3701: stop power rail pending_off timer
11-23 21:43:41.774  1011  1189 D ASH     : @ 119073.970: tcs3701: start power rail timer, state:3
11-23 21:43:41.814  1011  1189 I ASH     : @ 119074.010: tcs3701: stop power rail pending_off timer
11-23 21:43:41.814  1011  1189 D ASH     : @ 119074.010: tcs3701: start power rail timer, state:3
11-23 21:43:41.831 26521 26534 I m.chrome.canary: Explicit concurrent copying GC freed 3594(176KB) AllocSpace objects, 3(60KB) LOS objects, 75% free, 12MB/49MB, paused 38us,30us total 51.222ms
11-23 21:43:41.854  1011  1189 I ASH     : @ 119074.050: tcs3701: stop power rail pending_off timer
11-23 21:43:41.854  1011  1189 D ASH     : @ 119074.050: tcs3701: start power rail timer, state:3
11-23 21:43:41.859  9398  7861 I BatteryMgr:DataCollectionService: stats => 1700772221859,12512,4446,9765,4169000,100
11-23 21:43:41.860  9398  9436 I BatteryMgr:DataCollectionService: stats => 1700772221860,12512,4446,9765,4169000,100
11-23 21:43:41.861  9398  9433 I BatteryMgr:DataCollectionService: stats => 1700772221861,12512,4446,9765,4169000,100
11-23 21:43:41.891  1795  4162 D ActivityManager: freezer override set to false
11-23 21:43:41.894  1011  1189 I ASH     : @ 119074.090: tcs3701: stop power rail pending_off timer
11-23 21:43:41.894  1011  1189 D ASH     : @ 119074.090: tcs3701: start power rail timer, state:3
11-23 21:43:41.934  1011  1189 I ASH     : @ 119074.130: tcs3701: stop power rail pending_off timer
11-23 21:43:41.934  1011  1189 D ASH     : @ 119074.130: tcs3701: start power rail timer, state:3
11-23 21:43:41.941  1795  4162 D ActivityManager: freezer override set to true
11-23 21:43:41.944  1795  4162 D ActivityManager: freezer override set to false
11-23 21:43:41.965  9398  7808 I BatteryMgr:DataCollectionService: stats => 1700772221965,12512,4446,9765,4169000,100
11-23 21:43:41.965  9398  9436 I BatteryMgr:DataCollectionService: stats => 1700772221965,12512,4446,9765,4169000,100
11-23 21:43:41.966  9398  9433 I BatteryMgr:DataCollectionService: stats => 1700772221966,12512,4446,9765,4169000,100
11-23 21:43:41.974  1011  1189 I ASH     : @ 119074.170: tcs3701: stop power rail pending_off timer
11-23 21:43:41.974  1011  1189 D ASH     : @ 119074.170: tcs3701: start power rail timer, state:3
11-23 21:43:42.014  1011  1189 I ASH     : @ 119074.210: tcs3701: stop power rail pending_off timer
11-23 21:43:42.014  1011  1189 D ASH     : @ 119074.210: tcs3701: start power rail timer, state:3
11-23 21:43:42.054  1011  1189 I ASH     : @ 119074.250: tcs3701: stop power rail pending_off timer
11-23 21:43:42.054  1011  1189 D ASH     : @ 119074.250: tcs3701: start power rail timer, state:3
11-23 21:43:42.071  9398  7808 I BatteryMgr:DataCollectionService: stats => 1700772222071,12512,4446,9765,4169000,100
11-23 21:43:42.072  9398  7861 I BatteryMgr:DataCollectionService: stats => 1700772222072,12512,4446,9765,4169000,100
11-23 21:43:42.073  9398  9433 I BatteryMgr:DataCollectionService: stats => 1700772222073,12512,4446,9765,4169000,100
11-23 21:43:42.094  1011  1189 I ASH     : @ 119074.290: tcs3701: stop power rail pending_off timer
11-23 21:43:42.094  1011  1189 D ASH     : @ 119074.290: tcs3701: start power rail timer, state:3
11-23 21:43:42.134  1011  1189 I ASH     : @ 119074.330: tcs3701: stop power rail pending_off timer
11-23 21:43:42.134  1011  1189 D ASH     : @ 119074.330: tcs3701: start power rail timer, state:3
11-23 21:43:42.175  1011  1189 I ASH     : @ 119074.369: tcs3701: stop power rail pending_off timer
11-23 21:43:42.175  1011  1189 D ASH     : @ 119074.370: tcs3701: start power rail timer, state:3
11-23 21:43:42.177  9398  7808 I BatteryMgr:DataCollectionService: stats => 1700772222177,12512,4446,9765,4169000,100
11-23 21:43:42.178  9398  7861 I BatteryMgr:DataCollectionService: stats => 1700772222178,12512,4446,9765,4169000,100
11-23 21:43:42.178  9398  9433 I BatteryMgr:DataCollectionService: stats => 1700772222178,12512,4446,9765,4169000,100
11-23 21:43:42.199  1795  4162 D ActivityManager: freezer override set to true
11-23 21:43:42.202  1795  4162 D ActivityManager: freezer override set to false
11-23 21:43:42.214  1011  1189 I ASH     : @ 119074.410: tcs3701: stop power rail pending_off timer
11-23 21:43:42.214  1011  1189 D ASH     : @ 119074.410: tcs3701: start power rail timer, state:3
11-23 21:43:42.254  1011  1189 I ASH     : @ 119074.450: tcs3701: stop power rail pending_off timer
11-23 21:43:42.254  1011  1189 D ASH     : @ 119074.450: tcs3701: start power rail timer, state:3
11-23 21:43:42.284  9398  9433 I BatteryMgr:DataCollectionService: stats => 1700772222284,12512,4446,9765,4169000,100
11-23 21:43:42.285  9398  7808 I BatteryMgr:DataCollectionService: stats => 1700772222284,12512,4446,9765,4169000,100
11-23 21:43:42.285  9398  7861 I BatteryMgr:DataCollectionService: stats => 1700772222285,12512,4446,9765,4169000,100
11-23 21:43:42.294  1011  1189 I ASH     : @ 119074.490: tcs3701: stop power rail pending_off timer
11-23 21:43:42.294  1011  1189 D ASH     : @ 119074.490: tcs3701: start power rail timer, state:3
11-23 21:43:42.334  1011  1189 I ASH     : @ 119074.530: tcs3701: stop power rail pending_off timer
11-23 21:43:42.334  1011  1189 D ASH     : @ 119074.530: tcs3701: start power rail timer, state:3
11-23 21:43:42.374  1011  1189 I ASH     : @ 119074.570: tcs3701: stop power rail pending_off timer
11-23 21:43:42.374  1011  1189 D ASH     : @ 119074.570: tcs3701: start power rail timer, state:3
11-23 21:43:42.390  9398  9434 I BatteryMgr:DataCollectionService: stats => 1700772222390,12512,4446,9765,4169000,100
11-23 21:43:42.392  9398  7808 I BatteryMgr:DataCollectionService: stats => 1700772222392,12512,4446,9765,4169000,100
11-23 21:43:42.393  9398  7861 I BatteryMgr:DataCollectionService: stats => 1700772222393,12512,4446,9765,4169000,100
11-23 21:43:42.414  1011  1189 I ASH     : @ 119074.610: tcs3701: stop power rail pending_off timer
11-23 21:43:42.414  1011  1189 D ASH     : @ 119074.610: tcs3701: start power rail timer, state:3
11-23 21:43:42.440  2113  2118 I pixel-thermal: skin-therm-monitor: 38.811
11-23 21:43:42.454  1011  1189 I ASH     : @ 119074.650: tcs3701: stop power rail pending_off timer
11-23 21:43:42.454  1011  1189 D ASH     : @ 119074.650: tcs3701: start power rail timer, state:3
11-23 21:43:42.494  1011  1189 I ASH     : @ 119074.690: tcs3701: stop power rail pending_off timer
11-23 21:43:42.494  1011  1189 D ASH     : @ 119074.690: tcs3701: start power rail timer, state:3
11-23 21:43:42.496  9398  7808 I BatteryMgr:DataCollectionService: stats => 1700772222496,12512,4446,9765,4169000,100
11-23 21:43:42.496  9398  7861 I BatteryMgr:DataCollectionService: stats => 1700772222496,12512,4446,9765,4169000,100
11-23 21:43:42.498  9398  9434 I BatteryMgr:DataCollectionService: stats => 1700772222498,12512,4446,9765,4169000,100
11-23 21:43:42.534  1011  1189 I ASH     : @ 119074.730: tcs3701: stop power rail pending_off timer
11-23 21:43:42.534  1011  1189 D ASH     : @ 119074.730: tcs3701: start power rail timer, state:3
11-23 21:43:42.574  1011  1189 I ASH     : @ 119074.770: tcs3701: stop power rail pending_off timer
11-23 21:43:42.574  1011  1189 D ASH     : @ 119074.770: tcs3701: start power rail timer, state:3
11-23 21:43:42.603  9398  7808 I BatteryMgr:DataCollectionService: stats => 1700772222603,12512,4446,9765,4169000,100
11-23 21:43:42.604  9398  9434 I BatteryMgr:DataCollectionService: stats => 1700772222604,12512,4446,9765,4169000,100
11-23 21:43:42.604  9398  7861 I BatteryMgr:DataCollectionService: stats => 1700772222604,12512,4446,9765,4169000,100
11-23 21:43:42.614  1011  1189 I ASH     : @ 119074.810: tcs3701: stop power rail pending_off timer
11-23 21:43:42.614  1011  1189 D ASH     : @ 119074.810: tcs3701: start power rail timer, state:3
11-23 21:43:42.654  1011  1189 I ASH     : @ 119074.850: tcs3701: stop power rail pending_off timer
11-23 21:43:42.654  1011  1189 D ASH     : @ 119074.850: tcs3701: start power rail timer, state:3
11-23 21:43:42.694  1011  1189 I ASH     : @ 119074.890: tcs3701: stop power rail pending_off timer
11-23 21:43:42.694  1011  1189 D ASH     : @ 119074.890: tcs3701: start power rail timer, state:3
11-23 21:43:42.708  9398  7808 I BatteryMgr:DataCollectionService: stats => 1700772222708,12512,4446,9765,4169000,100
11-23 21:43:42.709  9398  9434 I BatteryMgr:DataCollectionService: stats => 1700772222709,12512,4446,9765,4169000,100
11-23 21:43:42.709  9398  7861 I BatteryMgr:DataCollectionService: stats => 1700772222709,12512,4446,9765,4169000,100
11-23 21:43:42.734  1011  1189 I ASH     : @ 119074.930: tcs3701: stop power rail pending_off timer
11-23 21:43:42.734  1011  1189 D ASH     : @ 119074.930: tcs3701: start power rail timer, state:3
11-23 21:43:42.774  1011  1189 I ASH     : @ 119074.970: tcs3701: stop power rail pending_off timer
11-23 21:43:42.774  1011  1189 D ASH     : @ 119074.970: tcs3701: start power rail timer, state:3
11-23 21:43:42.814  1011  1189 I ASH     : @ 119075.010: tcs3701: stop power rail pending_off timer
11-23 21:43:42.814  1011  1189 D ASH     : @ 119075.010: tcs3701: start power rail timer, state:3
11-23 21:43:42.816  9398  9434 I BatteryMgr:DataCollectionService: stats => 1700772222816,12512,4446,9765,4169000,100
11-23 21:43:42.817  9398  7861 I BatteryMgr:DataCollectionService: stats => 1700772222816,12512,4446,9765,4169000,100
11-23 21:43:42.817  9398  9436 I BatteryMgr:DataCollectionService: stats => 1700772222817,12512,4446,9765,4169000,100
11-23 21:43:42.855  1011  1189 I ASH     : @ 119075.050: tcs3701: stop power rail pending_off timer
11-23 21:43:42.855  1011  1189 D ASH     : @ 119075.050: tcs3701: start power rail timer, state:3
11-23 21:43:42.894  1011  1189 I ASH     : @ 119075.090: tcs3701: stop power rail pending_off timer
11-23 21:43:42.894  1011  1189 D ASH     : @ 119075.090: tcs3701: start power rail timer, state:3
11-23 21:43:42.922  9398  7808 I BatteryMgr:DataCollectionService: stats => 1700772222922,12512,4446,9765,4169000,100
11-23 21:43:42.923  9398  7861 I BatteryMgr:DataCollectionService: stats => 1700772222923,12512,4446,9765,4169000,100
11-23 21:43:42.923  9398  9436 I BatteryMgr:DataCollectionService: stats => 1700772222923,12512,4446,9765,4169000,100
11-23 21:43:42.934  1011  1189 I ASH     : @ 119075.130: tcs3701: stop power rail pending_off timer
11-23 21:43:42.934  1011  1189 D ASH     : @ 119075.130: tcs3701: start power rail timer, state:3
11-23 21:43:42.974  1011  1189 I ASH     : @ 119075.170: tcs3701: stop power rail pending_off timer
11-23 21:43:42.975  1011  1189 D ASH     : @ 119075.170: tcs3701: start power rail timer, state:3
11-23 21:43:43.014  1011  1189 I ASH     : @ 119075.210: tcs3701: stop power rail pending_off timer
11-23 21:43:43.014  1011  1189 D ASH     : @ 119075.210: tcs3701: start power rail timer, state:3
11-23 21:43:43.029  9398  9434 I BatteryMgr:DataCollectionService: stats => 1700772223029,12512,4446,9765,4169000,100
11-23 21:43:43.029  9398  9436 I BatteryMgr:DataCollectionService: stats => 1700772223029,12512,4446,9765,4169000,100
11-23 21:43:43.030  9398  7861 I BatteryMgr:DataCollectionService: stats => 1700772223030,12512,4446,9765,4169000,100
11-23 21:43:43.054  1011  1189 I ASH     : @ 119075.250: tcs3701: stop power rail pending_off timer
11-23 21:43:43.054  1011  1189 D ASH     : @ 119075.250: tcs3701: start power rail timer, state:3
11-23 21:43:43.094  1011  1189 I ASH     : @ 119075.290: tcs3701: stop power rail pending_off timer
11-23 21:43:43.094  1011  1189 D ASH     : @ 119075.290: tcs3701: start power rail timer, state:3
11-23 21:43:43.095  1795  4162 D ActivityManager: freezer override set to true
11-23 21:43:43.135  1011  1189 I ASH     : @ 119075.330: tcs3701: stop power rail pending_off timer
11-23 21:43:43.135  1011  1189 D ASH     : @ 119075.330: tcs3701: start power rail timer, state:3
11-23 21:43:43.136  9398  9434 I BatteryMgr:DataCollectionService: stats => 1700772223136,12512,4446,9765,4169000,100
11-23 21:43:43.138  9398  9436 I BatteryMgr:DataCollectionService: stats => 1700772223138,12512,4446,9765,4169000,100
11-23 21:43:43.139  9398  7861 I BatteryMgr:DataCollectionService: stats => 1700772223139,12512,4446,9765,4169000,100
11-23 21:43:43.174  1011  1189 I ASH     : @ 119075.370: tcs3701: stop power rail pending_off timer
11-23 21:43:43.174  1011  1189 D ASH     : @ 119075.370: tcs3701: start power rail timer, state:3
11-23 21:43:43.214  1011  1189 I ASH     : @ 119075.410: tcs3701: stop power rail pending_off timer
11-23 21:43:43.214  1011  1189 D ASH     : @ 119075.410: tcs3701: start power rail timer, state:3
11-23 21:43:43.245  9398  9436 I BatteryMgr:DataCollectionService: stats => 1700772223245,12512,4446,9765,4169000,100
11-23 21:43:43.246  9398  9434 I BatteryMgr:DataCollectionService: stats => 1700772223246,12512,4446,9765,4169000,100
11-23 21:43:43.247  9398  7861 I BatteryMgr:DataCollectionService: stats => 1700772223247,12512,4446,9765,4169000,100
11-23 21:43:43.254  1011  1189 I ASH     : @ 119075.450: tcs3701: stop power rail pending_off timer
11-23 21:43:43.255  1011  1189 D ASH     : @ 119075.450: tcs3701: start power rail timer, state:3
11-23 21:43:43.256 26521 26534 I m.chrome.canary: Explicit concurrent copying GC freed 3578(176KB) AllocSpace objects, 3(60KB) LOS objects, 75% free, 12MB/49MB, paused 128us,23us total 73.199ms
11-23 21:43:43.294  1011  1189 I ASH     : @ 119075.490: tcs3701: stop power rail pending_off timer
11-23 21:43:43.294  1011  1189 D ASH     : @ 119075.490: tcs3701: start power rail timer, state:3
11-23 21:43:43.319  1795  4144 D ActivityManager: freezer override set to false
11-23 21:43:43.335  1011  1189 I ASH     : @ 119075.530: tcs3701: stop power rail pending_off timer
11-23 21:43:43.335  1011  1189 D ASH     : @ 119075.530: tcs3701: start power rail timer, state:3
11-23 21:43:43.351  9398  9436 I BatteryMgr:DataCollectionService: stats => 1700772223351,12512,4446,9765,4169000,100
11-23 21:43:43.352  9398  7861 I BatteryMgr:DataCollectionService: stats => 1700772223352,12512,4446,9765,4169000,100
11-23 21:43:43.353  9398  9434 I BatteryMgr:DataCollectionService: stats => 1700772223353,12512,4446,9765,4169000,100
11-23 21:43:43.367  1795  4144 D ActivityManager: freezer override set to true
11-23 21:43:43.371  1795  4144 D ActivityManager: freezer override set to false
11-23 21:43:43.374  1011  1189 I ASH     : @ 119075.570: tcs3701: stop power rail pending_off timer
11-23 21:43:43.374  1011  1189 D ASH     : @ 119075.570: tcs3701: start power rail timer, state:3
11-23 21:43:43.415  1011  1189 I ASH     : @ 119075.610: tcs3701: stop power rail pending_off timer
11-23 21:43:43.415  1011  1189 D ASH     : @ 119075.610: tcs3701: start power rail timer, state:3
11-23 21:43:43.454  1011  1189 I ASH     : @ 119075.650: tcs3701: stop power rail pending_off timer
11-23 21:43:43.454  1011  1189 D ASH     : @ 119075.650: tcs3701: start power rail timer, state:3
11-23 21:43:43.456  9398  9436 I BatteryMgr:DataCollectionService: stats => 1700772223456,12512,4446,9765,4169000,100
11-23 21:43:43.457  9398  7861 I BatteryMgr:DataCollectionService: stats => 1700772223457,12512,4446,9765,4169000,100
11-23 21:43:43.457  9398  9434 I BatteryMgr:DataCollectionService: stats => 1700772223457,12512,4446,9765,4169000,100
11-23 21:43:43.494  1011  1189 I ASH     : @ 119075.690: tcs3701: stop power rail pending_off timer
11-23 21:43:43.494  1011  1189 D ASH     : @ 119075.690: tcs3701: start power rail timer, state:3
11-23 21:43:43.520  1795  2116 I ProcessStatsService: Pruning old procstats: /data/system/procstats/state-v2-2023-11-22-18-39-30.bin
11-23 21:43:43.535  1011  1189 I ASH     : @ 119075.730: tcs3701: stop power rail pending_off timer
11-23 21:43:43.535  1011  1189 D ASH     : @ 119075.730: tcs3701: start power rail timer, state:3
11-23 21:43:43.561  9398  7808 I BatteryMgr:DataCollectionService: stats => 1700772223561,12512,4446,9765,4169000,100
11-23 21:43:43.563  9398  7861 I BatteryMgr:DataCollectionService: stats => 1700772223563,12512,4446,9765,4169000,100
11-23 21:43:43.564  9398  9434 I BatteryMgr:DataCollectionService: stats => 1700772223564,12512,4446,9765,4169000,100
11-23 21:43:43.574  1011  1189 I ASH     : @ 119075.770: tcs3701: stop power rail pending_off timer
11-23 21:43:43.574  1011  1189 D ASH     : @ 119075.770: tcs3701: start power rail timer, state:3
11-23 21:43:43.614  1011  1189 I ASH     : @ 119075.810: tcs3701: stop power rail pending_off timer
11-23 21:43:43.614  1011  1189 D ASH     : @ 119075.810: tcs3701: start power rail timer, state:3
11-23 21:43:43.654  1011  1189 I ASH     : @ 119075.850: tcs3701: stop power rail pending_off timer
11-23 21:43:43.654  1011  1189 D ASH     : @ 119075.850: tcs3701: start power rail timer, state:3
11-23 21:43:43.668  9398  7861 I BatteryMgr:DataCollectionService: stats => 1700772223668,12512,4446,9765,4169000,100
11-23 21:43:43.670  9398  7808 I BatteryMgr:DataCollectionService: stats => 1700772223670,12512,4446,9765,4169000,100
11-23 21:43:43.671  9398  9434 I BatteryMgr:DataCollectionService: stats => 1700772223671,12512,4446,9765,4169000,100
11-23 21:43:43.694  1011  1189 I ASH     : @ 119075.890: tcs3701: stop power rail pending_off timer
11-23 21:43:43.694  1011  1189 D ASH     : @ 119075.890: tcs3701: start power rail timer, state:3
11-23 21:43:43.734  1011  1189 I ASH     : @ 119075.930: tcs3701: stop power rail pending_off timer
11-23 21:43:43.734  1011  1189 D ASH     : @ 119075.930: tcs3701: start power rail timer, state:3
11-23 21:43:43.774  9398  7808 I BatteryMgr:DataCollectionService: stats => 1700772223774,12512,4446,9765,4169000,100
11-23 21:43:43.774  1011  1189 I ASH     : @ 119075.970: tcs3701: stop power rail pending_off timer
11-23 21:43:43.774  1011  1189 D ASH     : @ 119075.970: tcs3701: start power rail timer, state:3
11-23 21:43:43.774  9398  7861 I BatteryMgr:DataCollectionService: stats => 1700772223774,12512,4446,9765,4169000,100
11-23 21:43:43.774  9398  9434 I BatteryMgr:DataCollectionService: stats => 1700772223774,12512,4446,9765,4169000,100
11-23 21:43:43.814  1011  1189 I ASH     : @ 119076.010: tcs3701: stop power rail pending_off timer
11-23 21:43:43.814  1011  1189 D ASH     : @ 119076.010: tcs3701: start power rail timer, state:3
11-23 21:43:43.854  1011  1189 I ASH     : @ 119076.050: tcs3701: stop power rail pending_off timer
11-23 21:43:43.854  1011  1189 D ASH     : @ 119076.050: tcs3701: start power rail timer, state:3
11-23 21:43:43.879  9398  9434 I BatteryMgr:DataCollectionService: stats => 1700772223879,12512,4446,9765,4169000,100
11-23 21:43:43.880  9398  7861 I BatteryMgr:DataCollectionService: stats => 1700772223880,12512,4446,9765,4169000,100
11-23 21:43:43.881  9398  7808 I BatteryMgr:DataCollectionService: stats => 1700772223881,12512,4446,9765,4169000,100
11-23 21:43:43.894  1011  1189 I ASH     : @ 119076.090: tcs3701: stop power rail pending_off timer
11-23 21:43:43.894  1011  1189 D ASH     : @ 119076.090: tcs3701: start power rail timer, state:3
11-23 21:43:43.935  1011  1189 I ASH     : @ 119076.130: tcs3701: stop power rail pending_off timer
11-23 21:43:43.935  1011  1189 D ASH     : @ 119076.130: tcs3701: start power rail timer, state:3
11-23 21:43:43.974  1011  1189 I ASH     : @ 119076.170: tcs3701: stop power rail pending_off timer
11-23 21:43:43.974  1011  1189 D ASH     : @ 119076.170: tcs3701: start power rail timer, state:3
11-23 21:43:43.985  9398  7861 I BatteryMgr:DataCollectionService: stats => 1700772223985,12512,4446,9765,4169000,100
11-23 21:43:43.985  9398  9434 I BatteryMgr:DataCollectionService: stats => 1700772223985,12512,4446,9765,4169000,100
11-23 21:43:43.987  9398  7808 I BatteryMgr:DataCollectionService: stats => 1700772223987,12512,4446,9765,4169000,100
11-23 21:43:44.014  1011  1189 I ASH     : @ 119076.210: tcs3701: stop power rail pending_off timer
11-23 21:43:44.014  1011  1189 D ASH     : @ 119076.210: tcs3701: start power rail timer, state:3
11-23 21:43:44.054  1011  1189 I ASH     : @ 119076.250: tcs3701: stop power rail pending_off timer
11-23 21:43:44.054  1011  1189 D ASH     : @ 119076.250: tcs3701: start power rail timer, state:3
11-23 21:43:44.090  9398  5999 I BatteryMgr:DataCollectionService: stats => 1700772224090,12512,4446,9765,4169000,100
11-23 21:43:44.092  9398  7861 I BatteryMgr:DataCollectionService: stats => 1700772224091,12512,4446,9765,4169000,100
11-23 21:43:44.092  9398  7808 I BatteryMgr:DataCollectionService: stats => 1700772224092,12512,4446,9765,4169000,100
11-23 21:43:44.094  1011  1189 I ASH     : @ 119076.290: tcs3701: stop power rail pending_off timer
11-23 21:43:44.094  1011  1189 D ASH     : @ 119076.290: tcs3701: start power rail timer, state:3
11-23 21:43:44.134  1011  1189 I ASH     : @ 119076.330: tcs3701: stop power rail pending_off timer
11-23 21:43:44.134  1011  1189 D ASH     : @ 119076.330: tcs3701: start power rail timer, state:3
11-23 21:43:44.174  1011  1189 I ASH     : @ 119076.370: tcs3701: stop power rail pending_off timer
11-23 21:43:44.174  1011  1189 D ASH     : @ 119076.370: tcs3701: start power rail timer, state:3
11-23 21:43:44.198  9398  7808 I BatteryMgr:DataCollectionService: stats => 1700772224197,12512,4446,9765,4169000,100
11-23 21:43:44.199  9398  5999 I BatteryMgr:DataCollectionService: stats => 1700772224199,12512,4446,9765,4169000,100
11-23 21:43:44.202  9398  7861 I BatteryMgr:DataCollectionService: stats => 1700772224201,12512,4446,9765,4169000,100
11-23 21:43:44.204  1795  4144 D ActivityManager: freezer override set to true
11-23 21:43:44.209  1795  4144 D ActivityManager: freezer override set to false
11-23 21:43:44.214  1011  1189 I ASH     : @ 119076.410: tcs3701: stop power rail pending_off timer
11-23 21:43:44.214  1011  1189 D ASH     : @ 119076.410: tcs3701: start power rail timer, state:3
11-23 21:43:44.254  1011  1189 I ASH     : @ 119076.450: tcs3701: stop power rail pending_off timer
11-23 21:43:44.254  1011  1189 D ASH     : @ 119076.450: tcs3701: start power rail timer, state:3
11-23 21:43:44.271  1795  2424 D WifiClientModeImpl[13802:wlan0]: updateLinkLayerStatsRssiSpeedFrequencyCapabilities rssi=-47 TxLinkspeed=650 freq=5240 RxLinkSpeed=866
11-23 21:43:44.271  1795  2424 D WifiDataStall: tx tput in kbps: 484833
11-23 21:43:44.271  1795  2424 D WifiDataStall: rx tput in kbps: 679945
11-23 21:43:44.271  1795  2424 V WifiConfigManager: Updating scan detail cache freq=5240 BSSID=f4:6d:2f:12:cc:88 RSSI=-46 for "ourhome"WPA_PSK
11-23 21:43:44.271  1795  2424 D WifiChannelUtilization:  freq: 5240 onTime: 3651107 busyTime: 375362 onTimeDiff: 276315 busyTimeDiff: 59663 utilization: 55 utilization t0: 26
11-23 21:43:44.271  1795  2424 D WifiDataStall:  ccaLevel = 55
11-23 21:43:44.271  1795  2424 D WifiDataStall: L2 txTputKbps: 484833, rxTputKbps: 679945, L3 txTputKbps: 0, rxTputKbps: 0, TxTrafficHigh: false, RxTrafficHigh: false, Throughput Sufficient: true
11-23 21:43:44.271  3213  3230 V WifiManager: OnWifiUsabilityStatsListener: onWifiUsabilityStats: seqNum=39281
11-23 21:43:44.272  1795  2424 D WifiScoreReport: Wifi scoring disabled - Don't check IP layer
11-23 21:43:44.272  1795  2424 D WifiScoreCard: BSSID update SIGNAL_POLL ID: 1320464697 SSID: "ourhome", BSSID: f4:6d:2f:12:cc:88, MAC: b2:2f:ec:da:4a:0c, IP: /192.168.1.104, Security type: 2, Supplicant state: COMPLETED, Wi-Fi standard: 5, RSSI: -47, Link speed: 650Mbps, Tx Link speed: 650Mbps, Max Supported Tx Link speed: 866Mbps, Rx Link speed: 866Mbps, Max Supported Rx Link speed: 866Mbps, Frequency: 5240MHz, Net ID: 12, Metered hint: false, score: 60, isUsable: true, CarrierMerged: false, SubscriptionId: -1, IsPrimary: 1, Trusted: true, Restricted: false, Ephemeral: false, OEM paid: false, OEM private: false, OSU AP: false, FQDN: <none>, Provider friendly name: <none>, Requesting package name: <none>"ourhome"wpa2-pskMLO Information: , Is TID-To-Link negotiation supported by the AP: false, AP MLD Address: <none>, AP MLO Link Id: <none>, AP MLO Affiliated links: <none>
11-23 21:43:44.272  1795  2424 D WifiScoreCard: txRate: 2 txSpeed: 650
11-23 21:43:44.272  1795  2424 D WifiScoreCard: network update SIGNAL_POLL "ourhome" ID: 1499892569 RSSI -47 txSpeed -1
11-23 21:43:44.272  1795  4144 I WifiService: updateWifiUsabilityScore uid=10180 seqNum=39281 score=100 predictionHorizonSec=1441795
11-23 21:43:44.272  1795  2424 D WifiClientModeImpl[13802:wlan0]:  ClientModeImpl$L2ConnectedState screen=on 25 0 "ourhome" f4:6d:2f:12:cc:88 rssi=-47 f=5240 sc=60 link=650 tx=1.1, 0.4, 0.0 rx=1.0 bcn=1143038 [on:0 tx:0 rx:0 period:3015] from screen [on:290456 period:6071637] score=60
11-23 21:43:44.272  2513  8969 V WifiManager: TrafficStateCallbackProxy: onStateChanged state=0
11-23 21:43:44.273  1795  2424 D WifiScoreReport: Wifi scoring disabled - Notify that Wifi is usable
11-23 21:43:44.276  1795  2432 D ConnectivityService: NetReassign [no changes] [c 1] [a 0] [i 1]
11-23 21:43:44.294  1011  1189 I ASH     : @ 119076.490: tcs3701: stop power rail pending_off timer
11-23 21:43:44.294  1011  1189 D ASH     : @ 119076.490: tcs3701: start power rail timer, state:3
11-23 21:43:44.304  9398  7861 I BatteryMgr:DataCollectionService: stats => 1700772224304,12512,4446,9765,4169000,100
11-23 21:43:44.305  9398  5999 I BatteryMgr:DataCollectionService: stats => 1700772224305,12512,4446,9765,4169000,100
11-23 21:43:44.306  9398  7808 I BatteryMgr:DataCollectionService: stats => 1700772224306,12512,4446,9765,4169000,100
11-23 21:43:44.334  1011  1189 I ASH     : @ 119076.530: tcs3701: stop power rail pending_off timer
11-23 21:43:44.335  1011  1189 D ASH     : @ 119076.530: tcs3701: start power rail timer, state:3
11-23 21:43:44.374  1011  1189 I ASH     : @ 119076.570: tcs3701: stop power rail pending_off timer
11-23 21:43:44.374  1011  1189 D ASH     : @ 119076.570: tcs3701: start power rail timer, state:3
11-23 21:43:44.411  9398  7861 I BatteryMgr:DataCollectionService: stats => 1700772224411,12512,4446,9765,4169000,100
11-23 21:43:44.412  9398  7808 I BatteryMgr:DataCollectionService: stats => 1700772224412,12512,4446,9765,4169000,100
11-23 21:43:44.412  9398  5999 I BatteryMgr:DataCollectionService: stats => 1700772224412,12512,4446,9765,4169000,100
11-23 21:43:44.414  1011  1189 I ASH     : @ 119076.610: tcs3701: stop power rail pending_off timer
11-23 21:43:44.414  1011  1189 D ASH     : @ 119076.610: tcs3701: start power rail timer, state:3
11-23 21:43:44.444  2113  2118 I pixel-thermal: skin-therm-monitor: 38.825
11-23 21:43:44.454  1011  1189 I ASH     : @ 119076.650: tcs3701: stop power rail pending_off timer
11-23 21:43:44.454  1011  1189 D ASH     : @ 119076.650: tcs3701: start power rail timer, state:3
11-23 21:43:44.494  1011  1189 I ASH     : @ 119076.690: tcs3701: stop power rail pending_off timer
11-23 21:43:44.494  1011  1189 D ASH     : @ 119076.690: tcs3701: start power rail timer, state:3
11-23 21:43:44.522  9398  7808 I BatteryMgr:DataCollectionService: stats => 1700772224522,12512,4446,9765,4169000,100
11-23 21:43:44.523  9398  7861 I BatteryMgr:DataCollectionService: stats => 1700772224523,12512,4446,9765,4169000,100
11-23 21:43:44.523  9398  5999 I BatteryMgr:DataCollectionService: stats => 1700772224523,12512,4446,9765,4169000,100
11-23 21:43:44.534  1011  1189 I ASH     : @ 119076.730: tcs3701: stop power rail pending_off timer
11-23 21:43:44.534  1011  1189 D ASH     : @ 119076.730: tcs3701: start power rail timer, state:3
11-23 21:43:44.541  1795  4144 D ActivityManager: freezer override set to true
11-23 21:43:44.574  1011  1189 I ASH     : @ 119076.770: tcs3701: stop power rail pending_off timer
11-23 21:43:44.574  1011  1189 D ASH     : @ 119076.770: tcs3701: start power rail timer, state:3
11-23 21:43:44.614  1011  1189 I ASH     : @ 119076.810: tcs3701: stop power rail pending_off timer
11-23 21:43:44.614  1011  1189 D ASH     : @ 119076.810: tcs3701: start power rail timer, state:3
11-23 21:43:44.630 26521 26565 I m.chrome.canary: Explicit concurrent copying GC freed 3806(191KB) AllocSpace objects, 4(80KB) LOS objects, 75% free, 12MB/49MB, paused 81us,24us total 48.724ms
11-23 21:43:44.633  9398  7808 I BatteryMgr:DataCollectionService: stats => 1700772224633,12512,4446,9765,4169000,100
11-23 21:43:44.633  9398  5999 I BatteryMgr:DataCollectionService: stats => 1700772224633,12512,4446,9765,4169000,100
11-23 21:43:44.634  9398  7861 I BatteryMgr:DataCollectionService: stats => 1700772224634,12512,4446,9765,4169000,100
11-23 21:43:44.654  1011  1189 I ASH     : @ 119076.850: tcs3701: stop power rail pending_off timer
11-23 21:43:44.654  1011  1189 D ASH     : @ 119076.850: tcs3701: start power rail timer, state:3
11-23 21:43:44.688  1795  4144 D ActivityManager: freezer override set to false
11-23 21:43:44.694  1011  1189 I ASH     : @ 119076.890: tcs3701: stop power rail pending_off timer
11-23 21:43:44.694  1011  1189 D ASH     : @ 119076.890: tcs3701: start power rail timer, state:3
11-23 21:43:44.734  1011  1189 I ASH     : @ 119076.930: tcs3701: stop power rail pending_off timer
11-23 21:43:44.734  1011  1189 D ASH     : @ 119076.930: tcs3701: start power rail timer, state:3
11-23 21:43:44.741  9398  9436 I BatteryMgr:DataCollectionService: stats => 1700772224741,12512,4446,9765,4169000,100
11-23 21:43:44.743  9398  5999 I BatteryMgr:DataCollectionService: stats => 1700772224743,12512,4446,9765,4169000,100
11-23 21:43:44.744  9398  7861 I BatteryMgr:DataCollectionService: stats => 1700772224744,12512,4446,9765,4169000,100
11-23 21:43:44.746  1795  4162 D ActivityManager: freezer override set to true
11-23 21:43:44.749  1795  4162 D ActivityManager: freezer override set to false
11-23 21:43:44.774  1011  1189 I ASH     : @ 119076.970: tcs3701: stop power rail pending_off timer
11-23 21:43:44.774  1011  1189 D ASH     : @ 119076.970: tcs3701: start power rail timer, state:3
11-23 21:43:44.815  1011  1189 I ASH     : @ 119077.010: tcs3701: stop power rail pending_off timer
11-23 21:43:44.815  1011  1189 D ASH     : @ 119077.010: tcs3701: start power rail timer, state:3
11-23 21:43:44.848  9398  7861 I BatteryMgr:DataCollectionService: stats => 1700772224848,12512,4446,9765,4169000,100
11-23 21:43:44.849  9398  9436 I BatteryMgr:DataCollectionService: stats => 1700772224849,12512,4446,9765,4169000,100
11-23 21:43:44.849  9398  5999 I BatteryMgr:DataCollectionService: stats => 1700772224849,12512,4446,9765,4169000,100
11-23 21:43:44.854  1011  1189 I ASH     : @ 119077.050: tcs3701: stop power rail pending_off timer
11-23 21:43:44.854  1011  1189 D ASH     : @ 119077.050: tcs3701: start power rail timer, state:3
11-23 21:43:44.894  1011  1189 I ASH     : @ 119077.090: tcs3701: stop power rail pending_off timer
11-23 21:43:44.894  1011  1189 D ASH     : @ 119077.090: tcs3701: start power rail timer, state:3
11-23 21:43:44.934  1011  1189 I ASH     : @ 119077.130: tcs3701: stop power rail pending_off timer
11-23 21:43:44.934  1011  1189 D ASH     : @ 119077.130: tcs3701: start power rail timer, state:3
