11-23 21:31:06.008  9398  9436 I BatteryMgr:DataCollectionService: stats => 1700771466008,10681,4446,9765,4169000,100
11-23 21:31:06.020  9398  9436 I BatteryMgr:DataCollectionService: stats => 1700771466020,10681,4446,9765,4169000,100
11-23 21:31:06.042  1011  1189 I ASH     : @ 118318.237: tcs3701: stop power rail pending_off timer
11-23 21:31:06.042  1011  1189 D ASH     : @ 118318.237: tcs3701: start power rail timer, state:3
11-23 21:31:06.065  9398  9436 I BatteryMgr:DataCollectionService: stats => 1700771466065,10681,4446,9765,4169000,100
11-23 21:31:06.081  1011  1189 I ASH     : @ 118318.277: tcs3701: stop power rail pending_off timer
11-23 21:31:06.081  1011  1189 D ASH     : @ 118318.277: tcs3701: start power rail timer, state:3
11-23 21:31:06.114  9398  9436 I BatteryMgr:DataCollectionService: stats => 1700771466114,10681,4446,9765,4169000,100
11-23 21:31:06.121  1011  1189 I ASH     : @ 118318.317: tcs3701: stop power rail pending_off timer
11-23 21:31:06.122  1011  1189 D ASH     : @ 118318.317: tcs3701: start power rail timer, state:3
11-23 21:31:06.125  9398  9436 I BatteryMgr:DataCollectionService: stats => 1700771466125,10681,4446,9765,4169000,100
11-23 21:31:06.162  1011  1189 I ASH     : @ 118318.357: tcs3701: stop power rail pending_off timer
11-23 21:31:06.162  1011  1189 D ASH     : @ 118318.357: tcs3701: start power rail timer, state:3
11-23 21:31:06.170  9398  9436 I BatteryMgr:DataCollectionService: stats => 1700771466170,10681,4446,9765,4169000,100
11-23 21:31:06.201  1011  1189 I ASH     : @ 118318.397: tcs3701: stop power rail pending_off timer
11-23 21:31:06.201  1011  1189 D ASH     : @ 118318.397: tcs3701: start power rail timer, state:3
11-23 21:31:06.217  9398  9436 I BatteryMgr:DataCollectionService: stats => 1700771466217,10681,4446,9765,4169000,100
11-23 21:31:06.228  9398  9436 I BatteryMgr:DataCollectionService: stats => 1700771466228,10681,4446,9765,4169000,100
11-23 21:31:06.241  1011  1189 I ASH     : @ 118318.437: tcs3701: stop power rail pending_off timer
11-23 21:31:06.241  1011  1189 D ASH     : @ 118318.437: tcs3701: start power rail timer, state:3
11-23 21:31:06.274  9398  9436 I BatteryMgr:DataCollectionService: stats => 1700771466274,10681,4446,9765,4169000,100
11-23 21:31:06.281  1011  1189 I ASH     : @ 118318.477: tcs3701: stop power rail pending_off timer
11-23 21:31:06.281  1011  1189 D ASH     : @ 118318.477: tcs3701: start power rail timer, state:3
11-23 21:31:06.290  1795  4157 D ActivityManager: freezer override set to true
11-23 21:31:06.295  1795  4157 D ActivityManager: freezer override set to false
11-23 21:31:06.321  1011  1189 I ASH     : @ 118318.517: tcs3701: stop power rail pending_off timer
11-23 21:31:06.321  1011  1189 D ASH     : @ 118318.517: tcs3701: start power rail timer, state:3
11-23 21:31:06.323  9398  9436 I BatteryMgr:DataCollectionService: stats => 1700771466323,10681,4446,9765,4169000,100
11-23 21:31:06.333  9398  9436 I BatteryMgr:DataCollectionService: stats => 1700771466333,10681,4446,9765,4169000,100
11-23 21:31:06.362  1011  1189 I ASH     : @ 118318.557: tcs3701: stop power rail pending_off timer
11-23 21:31:06.362  1011  1189 D ASH     : @ 118318.557: tcs3701: start power rail timer, state:3
11-23 21:31:06.381  9398  9436 I BatteryMgr:DataCollectionService: stats => 1700771466381,10681,4446,9765,4169000,100
11-23 21:31:06.401  1011  1189 I ASH     : @ 118318.597: tcs3701: stop power rail pending_off timer
11-23 21:31:06.401  1011  1189 D ASH     : @ 118318.597: tcs3701: start power rail timer, state:3
11-23 21:31:06.414  3074  3074 D BoundBrokerSvc: onUnbind: Intent { act=com.google.android.gms.icing.LIGHTWEIGHT_INDEX_SERVICE dat=chimera-action:/... cmp=com.google.android.gms/.chimera.PersistentApiService }
11-23 21:31:06.414  3845  3845 D BoundBrokerSvc: onUnbind: Intent { act=com.google.android.gms.feedback.internal.IFeedbackService dat=chimera-action:/... cmp=com.google.android.gms/.chimera.GmsBoundBrokerService }
11-23 21:31:06.427  9398  9436 I BatteryMgr:DataCollectionService: stats => 1700771466427,10681,4446,9765,4169000,100
11-23 21:31:06.438  9398  9436 I BatteryMgr:DataCollectionService: stats => 1700771466438,10681,4446,9765,4169000,100
11-23 21:31:06.440  1795  4157 D ActivityManager: freezer override set to true
11-23 21:31:06.441  1011  1189 I ASH     : @ 118318.637: tcs3701: stop power rail pending_off timer
11-23 21:31:06.442  1011  1189 D ASH     : @ 118318.637: tcs3701: start power rail timer, state:3
11-23 21:31:06.481  1011  1189 I ASH     : @ 118318.677: tcs3701: stop power rail pending_off timer
11-23 21:31:06.481  1011  1189 D ASH     : @ 118318.677: tcs3701: start power rail timer, state:3
11-23 21:31:06.486  9398  9436 I BatteryMgr:DataCollectionService: stats => 1700771466486,10681,4446,9765,4169000,100
11-23 21:31:06.521  1011  1189 I ASH     : @ 118318.717: tcs3701: stop power rail pending_off timer
11-23 21:31:06.521  1011  1189 D ASH     : @ 118318.717: tcs3701: start power rail timer, state:3
11-23 21:31:06.533  9398  9436 I BatteryMgr:DataCollectionService: stats => 1700771466533,10681,4446,9765,4169000,100
11-23 21:31:06.544 10718 10774 I m.chrome.canary: Explicit concurrent copying GC freed 3810(191KB) AllocSpace objects, 4(80KB) LOS objects, 75% free, 12MB/49MB, paused 34us,26us total 52.677ms
11-23 21:31:06.546  9398  9436 I BatteryMgr:DataCollectionService: stats => 1700771466546,10681,4446,9765,4169000,100
11-23 21:31:06.562  1011  1189 I ASH     : @ 118318.757: tcs3701: stop power rail pending_off timer
11-23 21:31:06.562  1011  1189 D ASH     : @ 118318.757: tcs3701: start power rail timer, state:3
11-23 21:31:06.594  9398  9436 I BatteryMgr:DataCollectionService: stats => 1700771466594,10681,4446,9765,4169000,100
11-23 21:31:06.602  1011  1189 I ASH     : @ 118318.797: tcs3701: stop power rail pending_off timer
11-23 21:31:06.602  1011  1189 D ASH     : @ 118318.797: tcs3701: start power rail timer, state:3
11-23 21:31:06.607  1795  4157 D ActivityManager: freezer override set to false
11-23 21:31:06.638  9398  9436 I BatteryMgr:DataCollectionService: stats => 1700771466638,10681,4446,9765,4169000,100
11-23 21:31:06.641  1011  1189 I ASH     : @ 118318.837: tcs3701: stop power rail pending_off timer
11-23 21:31:06.641  1011  1189 D ASH     : @ 118318.837: tcs3701: start power rail timer, state:3
11-23 21:31:06.646  1795  4157 D ActivityManager: freezer override set to true
11-23 21:31:06.648  1795  4157 D ActivityManager: freezer override set to false
11-23 21:31:06.652  9398  9436 I BatteryMgr:DataCollectionService: stats => 1700771466652,10681,4446,9765,4169000,100
11-23 21:31:06.681  1011  1189 I ASH     : @ 118318.877: tcs3701: stop power rail pending_off timer
11-23 21:31:06.681  1011  1189 D ASH     : @ 118318.877: tcs3701: start power rail timer, state:3
11-23 21:31:06.701  9398  9436 I BatteryMgr:DataCollectionService: stats => 1700771466701,10681,4446,9765,4169000,100
11-23 21:31:06.721  1011  1189 I ASH     : @ 118318.917: tcs3701: stop power rail pending_off timer
11-23 21:31:06.721  1011  1189 D ASH     : @ 118318.917: tcs3701: start power rail timer, state:3
11-23 21:31:06.742  9398  9436 I BatteryMgr:DataCollectionService: stats => 1700771466742,10681,4446,9765,4169000,100
11-23 21:31:06.757  9398  9436 I BatteryMgr:DataCollectionService: stats => 1700771466757,10681,4446,9765,4169000,100
11-23 21:31:06.761  1011  1189 I ASH     : @ 118318.957: tcs3701: stop power rail pending_off timer
11-23 21:31:06.761  1011  1189 D ASH     : @ 118318.957: tcs3701: start power rail timer, state:3
11-23 21:31:06.801  1011  1189 I ASH     : @ 118318.997: tcs3701: stop power rail pending_off timer
11-23 21:31:06.801  1011  1189 D ASH     : @ 118318.997: tcs3701: start power rail timer, state:3
11-23 21:31:06.806  9398  9436 I BatteryMgr:DataCollectionService: stats => 1700771466806,10681,4446,9765,4169000,100
11-23 21:31:06.841  1011  1189 I ASH     : @ 118319.037: tcs3701: stop power rail pending_off timer
11-23 21:31:06.841  1011  1189 D ASH     : @ 118319.037: tcs3701: start power rail timer, state:3
11-23 21:31:06.849  9398  9436 I BatteryMgr:DataCollectionService: stats => 1700771466849,10681,4446,9765,4169000,100
11-23 21:31:06.861  9398  9436 I BatteryMgr:DataCollectionService: stats => 1700771466861,10681,4446,9765,4169000,100
11-23 21:31:06.881  1011  1189 I ASH     : @ 118319.077: tcs3701: stop power rail pending_off timer
11-23 21:31:06.881  1011  1189 D ASH     : @ 118319.077: tcs3701: start power rail timer, state:3
11-23 21:31:06.912  9398  9436 I BatteryMgr:DataCollectionService: stats => 1700771466912,10681,4446,9765,4169000,100
11-23 21:31:06.921  1011  1189 I ASH     : @ 118319.117: tcs3701: stop power rail pending_off timer
11-23 21:31:06.921  1011  1189 D ASH     : @ 118319.117: tcs3701: start power rail timer, state:3
11-23 21:31:06.952  9398  9436 I BatteryMgr:DataCollectionService: stats => 1700771466952,10681,4446,9765,4169000,100
11-23 21:31:06.961  1011  1189 I ASH     : @ 118319.157: tcs3701: stop power rail pending_off timer
11-23 21:31:06.962  1011  1189 D ASH     : @ 118319.157: tcs3701: start power rail timer, state:3
11-23 21:31:06.965  9398  9436 I BatteryMgr:DataCollectionService: stats => 1700771466965,10681,4446,9765,4169000,100
11-23 21:31:07.001  1011  1189 I ASH     : @ 118319.197: tcs3701: stop power rail pending_off timer
11-23 21:31:07.001  1011  1189 D ASH     : @ 118319.197: tcs3701: start power rail timer, state:3
11-23 21:31:07.016  9398  9436 I BatteryMgr:DataCollectionService: stats => 1700771467016,10681,4446,9765,4169000,100
11-23 21:31:07.042  1011  1189 I ASH     : @ 118319.237: tcs3701: stop power rail pending_off timer
11-23 21:31:07.042  1011  1189 D ASH     : @ 118319.237: tcs3701: start power rail timer, state:3
11-23 21:31:07.058  9398  9436 I BatteryMgr:DataCollectionService: stats => 1700771467057,10681,4446,9765,4169000,100
11-23 21:31:07.070  9398  9436 I BatteryMgr:DataCollectionService: stats => 1700771467070,10681,4446,9765,4169000,100
11-23 21:31:07.082  1011  1189 I ASH     : @ 118319.277: tcs3701: stop power rail pending_off timer
11-23 21:31:07.082  1011  1189 D ASH     : @ 118319.277: tcs3701: start power rail timer, state:3
11-23 21:31:07.121  9398  9436 I BatteryMgr:DataCollectionService: stats => 1700771467121,10681,4446,9765,4169000,100
11-23 21:31:07.121  1011  1189 I ASH     : @ 118319.317: tcs3701: stop power rail pending_off timer
11-23 21:31:07.121  1011  1189 D ASH     : @ 118319.317: tcs3701: start power rail timer, state:3
11-23 21:31:07.161  9398  9436 I BatteryMgr:DataCollectionService: stats => 1700771467161,10681,4446,9765,4169000,100
11-23 21:31:07.162  1011  1189 I ASH     : @ 118319.357: tcs3701: stop power rail pending_off timer
11-23 21:31:07.162  1011  1189 D ASH     : @ 118319.357: tcs3701: start power rail timer, state:3
11-23 21:31:07.175  9398  9436 I BatteryMgr:DataCollectionService: stats => 1700771467175,10681,4446,9765,4169000,100
11-23 21:31:07.202  1011  1189 I ASH     : @ 118319.397: tcs3701: stop power rail pending_off timer
11-23 21:31:07.202  1011  1189 D ASH     : @ 118319.397: tcs3701: start power rail timer, state:3
11-23 21:31:07.226  9398  9436 I BatteryMgr:DataCollectionService: stats => 1700771467226,10681,4446,9765,4169000,100
11-23 21:31:07.241  1011  1189 I ASH     : @ 118319.437: tcs3701: stop power rail pending_off timer
11-23 21:31:07.241  1011  1189 D ASH     : @ 118319.437: tcs3701: start power rail timer, state:3
11-23 21:31:07.267  9398  9436 I BatteryMgr:DataCollectionService: stats => 1700771467267,10681,4446,9765,4169000,100
11-23 21:31:07.279  9398  9436 I BatteryMgr:DataCollectionService: stats => 1700771467279,10681,4446,9765,4169000,100
11-23 21:31:07.281  1011  1189 I ASH     : @ 118319.477: tcs3701: stop power rail pending_off timer
11-23 21:31:07.281  1011  1189 D ASH     : @ 118319.477: tcs3701: start power rail timer, state:3
11-23 21:31:07.307  1795  4157 D ActivityManager: freezer override set to true
11-23 21:31:07.312  1795  4157 D ActivityManager: freezer override set to false
11-23 21:31:07.321  1011  1189 I ASH     : @ 118319.517: tcs3701: stop power rail pending_off timer
11-23 21:31:07.322  1011  1189 D ASH     : @ 118319.517: tcs3701: start power rail timer, state:3
11-23 21:31:07.331  9398  9436 I BatteryMgr:DataCollectionService: stats => 1700771467331,10681,4446,9765,4169000,100
11-23 21:31:07.361  1011  1189 I ASH     : @ 118319.557: tcs3701: stop power rail pending_off timer
11-23 21:31:07.361  1011  1189 D ASH     : @ 118319.557: tcs3701: start power rail timer, state:3
11-23 21:31:07.368  1795  2424 D WifiClientModeImpl[13802:wlan0]: updateLinkLayerStatsRssiSpeedFrequencyCapabilities rssi=-47 TxLinkspeed=468 freq=5240 RxLinkSpeed=866
11-23 21:31:07.369  1795  2424 D WifiDataStall: tx tput in kbps: 347343
11-23 21:31:07.369  1795  2424 D WifiDataStall: rx tput in kbps: 676562
11-23 21:31:07.369  1795  2424 V WifiConfigManager: Updating scan detail cache freq=5240 BSSID=f4:6d:2f:12:cc:88 RSSI=-47 for "ourhome"WPA_PSK
11-23 21:31:07.369  2782  5906 D QCNEJ/WlanStaInfoRelay: Received action: android.net.wifi.RSSI_CHANGED
11-23 21:31:07.369  1795  2424 D WifiChannelUtilization:  freq: 5240 onTime: 3616093 busyTime: 368768 onTimeDiff: 241301 busyTimeDiff: 53069 utilization: 56 utilization t0: 26
11-23 21:31:07.369  1795  2424 D WifiDataStall:  ccaLevel = 56
11-23 21:31:07.369  1795  2424 D WifiDataStall: L2 txTputKbps: 365625, rxTputKbps: 676562, L3 txTputKbps: 9, rxTputKbps: 19, TxTrafficHigh: true, RxTrafficHigh: true, Throughput Sufficient: true
11-23 21:31:07.369  3213  3231 V WifiManager: OnWifiUsabilityStatsListener: onWifiUsabilityStats: seqNum=39030
11-23 21:31:07.369  1795  3807 I WifiService: updateWifiUsabilityScore uid=10180 seqNum=39030 score=100 predictionHorizonSec=1441795
11-23 21:31:07.369  1795  2424 D WifiScoreReport: Wifi scoring disabled - Don't check IP layer
11-23 21:31:07.370  1795  2424 D WifiScoreCard: BSSID update SIGNAL_POLL ID: 1320464697 SSID: "ourhome", BSSID: f4:6d:2f:12:cc:88, MAC: b2:2f:ec:da:4a:0c, IP: /192.168.1.104, Security type: 2, Supplicant state: COMPLETED, Wi-Fi standard: 5, RSSI: -47, Link speed: 468Mbps, Tx Link speed: 468Mbps, Max Supported Tx Link speed: 866Mbps, Rx Link speed: 866Mbps, Max Supported Rx Link speed: 866Mbps, Frequency: 5240MHz, Net ID: 12, Metered hint: false, score: 60, isUsable: true, CarrierMerged: false, SubscriptionId: -1, IsPrimary: 1, Trusted: true, Restricted: false, Ephemeral: false, OEM paid: false, OEM private: false, OSU AP: false, FQDN: <none>, Provider friendly name: <none>, Requesting package name: <none>"ourhome"wpa2-pskMLO Information: , Is TID-To-Link negotiation supported by the AP: false, AP MLD Address: <none>, AP MLO Link Id: <none>, AP MLO Affiliated links: <none>
11-23 21:31:07.370  1795  2424 D WifiScoreCard: txRate: 6 txSpeed: 468
11-23 21:31:07.370  1795  2424 D WifiScoreCard: network update SIGNAL_POLL "ourhome" ID: 1499892569 RSSI -47 txSpeed 468
11-23 21:31:07.370  1795  2424 D WifiClientModeImpl[13802:wlan0]:  ClientModeImpl$L2ConnectedState screen=on 25 0 "ourhome" f4:6d:2f:12:cc:88 rssi=-47 f=5240 sc=60 link=468 tx=5.4, 0.2, 0.0 rx=3.4 bcn=1135668 [on:301 tx:2 rx:2 period:3014] from screen [on:255442 period:5314735] score=60
11-23 21:31:07.371  1795  2424 D WifiScoreReport: Wifi scoring disabled - Notify that Wifi is usable
11-23 21:31:07.373  1795  2432 D ConnectivityService: NetReassign [no changes] [c 0] [a 0] [i 1]
11-23 21:31:07.374  9398  9436 I BatteryMgr:DataCollectionService: stats => 1700771467374,10681,4446,9765,4169000,100
11-23 21:31:07.384  9398  9436 I BatteryMgr:DataCollectionService: stats => 1700771467384,10681,4446,9765,4169000,100
11-23 21:31:07.401  1011  1189 I ASH     : @ 118319.597: tcs3701: stop power rail pending_off timer
11-23 21:31:07.401  1011  1189 D ASH     : @ 118319.597: tcs3701: start power rail timer, state:3
11-23 21:31:07.418  2113  2118 I pixel-thermal: skin-therm-monitor: 38.457
11-23 21:31:07.438  9398  9436 I BatteryMgr:DataCollectionService: stats => 1700771467438,10681,4446,9765,4169000,100
11-23 21:31:07.442  1011  1189 I ASH     : @ 118319.637: tcs3701: stop power rail pending_off timer
11-23 21:31:07.442  1011  1189 D ASH     : @ 118319.637: tcs3701: start power rail timer, state:3
11-23 21:31:07.478  9398  9436 I BatteryMgr:DataCollectionService: stats => 1700771467478,10681,4446,9765,4169000,100
11-23 21:31:07.481  1011  1189 I ASH     : @ 118319.677: tcs3701: stop power rail pending_off timer
11-23 21:31:07.481  1011  1189 D ASH     : @ 118319.677: tcs3701: start power rail timer, state:3
11-23 21:31:07.490  9398  9436 I BatteryMgr:DataCollectionService: stats => 1700771467490,10681,4446,9765,4169000,100
11-23 21:31:07.521  1011  1189 I ASH     : @ 118319.717: tcs3701: stop power rail pending_off timer
11-23 21:31:07.521  1011  1189 D ASH     : @ 118319.717: tcs3701: start power rail timer, state:3
11-23 21:31:07.543  9398  9436 I BatteryMgr:DataCollectionService: stats => 1700771467543,10681,4446,9765,4169000,100
11-23 21:31:07.561  1011  1189 I ASH     : @ 118319.757: tcs3701: stop power rail pending_off timer
11-23 21:31:07.561  1011  1189 D ASH     : @ 118319.757: tcs3701: start power rail timer, state:3
11-23 21:31:07.583  9398  9436 I BatteryMgr:DataCollectionService: stats => 1700771467583,10681,4446,9765,4169000,100
11-23 21:31:07.594  9398  9436 I BatteryMgr:DataCollectionService: stats => 1700771467594,10681,4446,9765,4169000,100
11-23 21:31:07.601  1011  1189 I ASH     : @ 118319.797: tcs3701: stop power rail pending_off timer
11-23 21:31:07.601  1011  1189 D ASH     : @ 118319.797: tcs3701: start power rail timer, state:3
11-23 21:31:07.642  1011  1189 I ASH     : @ 118319.837: tcs3701: stop power rail pending_off timer
11-23 21:31:07.642  1011  1189 D ASH     : @ 118319.837: tcs3701: start power rail timer, state:3
11-23 21:31:07.648  9398  9436 I BatteryMgr:DataCollectionService: stats => 1700771467648,10681,4446,9765,4169000,100
11-23 21:31:07.683  1011  1189 I ASH     : @ 118319.877: tcs3701: stop power rail pending_off timer
11-23 21:31:07.683  1011  1189 D ASH     : @ 118319.877: tcs3701: start power rail timer, state:3
11-23 21:31:07.688  9398  9436 I BatteryMgr:DataCollectionService: stats => 1700771467687,10681,4446,9765,4169000,100
11-23 21:31:07.698  9398  9436 I BatteryMgr:DataCollectionService: stats => 1700771467698,10681,4446,9765,4169000,100
11-23 21:31:07.721  1011  1189 I ASH     : @ 118319.917: tcs3701: stop power rail pending_off timer
11-23 21:31:07.721  1011  1189 D ASH     : @ 118319.917: tcs3701: start power rail timer, state:3
11-23 21:31:07.755  9398  9436 I BatteryMgr:DataCollectionService: stats => 1700771467755,10681,4446,9765,4169000,100
11-23 21:31:07.762  1011  1189 I ASH     : @ 118319.957: tcs3701: stop power rail pending_off timer
11-23 21:31:07.762  1011  1189 D ASH     : @ 118319.957: tcs3701: start power rail timer, state:3
11-23 21:31:07.792  1795  3807 D ActivityManager: freezer override set to true
11-23 21:31:07.795  9398  9436 I BatteryMgr:DataCollectionService: stats => 1700771467795,10681,4446,9765,4169000,100
11-23 21:31:07.801  1011  1189 I ASH     : @ 118319.997: tcs3701: stop power rail pending_off timer
11-23 21:31:07.801  1011  1189 D ASH     : @ 118319.997: tcs3701: start power rail timer, state:3
11-23 21:31:07.805  9398  9436 I BatteryMgr:DataCollectionService: stats => 1700771467805,10681,4446,9765,4169000,100
11-23 21:31:07.842  1011  1189 I ASH     : @ 118320.037: tcs3701: stop power rail pending_off timer
11-23 21:31:07.842  1011  1189 D ASH     : @ 118320.037: tcs3701: start power rail timer, state:3
11-23 21:31:07.861  9398  9436 I BatteryMgr:DataCollectionService: stats => 1700771467861,10681,4446,9765,4169000,100
11-23 21:31:07.877 10718 10774 I m.chrome.canary: Explicit concurrent copying GC freed 3591(176KB) AllocSpace objects, 3(60KB) LOS objects, 75% free, 12MB/49MB, paused 30us,24us total 48.239ms
11-23 21:31:07.881  1011  1189 I ASH     : @ 118320.077: tcs3701: stop power rail pending_off timer
11-23 21:31:07.881  1011  1189 D ASH     : @ 118320.077: tcs3701: start power rail timer, state:3
11-23 21:31:07.899  9398  9436 I BatteryMgr:DataCollectionService: stats => 1700771467899,10681,4446,9765,4169000,100
11-23 21:31:07.908  9398  9436 I BatteryMgr:DataCollectionService: stats => 1700771467908,10681,4446,9765,4169000,100
11-23 21:31:07.921  1011  1189 I ASH     : @ 118320.117: tcs3701: stop power rail pending_off timer
11-23 21:31:07.921  1011  1189 D ASH     : @ 118320.117: tcs3701: start power rail timer, state:3
11-23 21:31:07.936  1795  3807 D ActivityManager: freezer override set to false
11-23 21:31:07.961  1011  1189 I ASH     : @ 118320.157: tcs3701: stop power rail pending_off timer
11-23 21:31:07.961  1011  1189 D ASH     : @ 118320.157: tcs3701: start power rail timer, state:3
11-23 21:31:07.965  9398  9436 I BatteryMgr:DataCollectionService: stats => 1700771467965,10681,4446,9765,4169000,100
11-23 21:31:07.992  1795  3807 D ActivityManager: freezer override set to true
11-23 21:31:07.995  1795  3807 D ActivityManager: freezer override set to false
11-23 21:31:08.001  1011  1189 I ASH     : @ 118320.197: tcs3701: stop power rail pending_off timer
11-23 21:31:08.001  1011  1189 D ASH     : @ 118320.197: tcs3701: start power rail timer, state:3
11-23 21:31:08.004  9398  9436 I BatteryMgr:DataCollectionService: stats => 1700771468004,10681,4446,9765,4169000,100
11-23 21:31:08.013  9398  9436 I BatteryMgr:DataCollectionService: stats => 1700771468013,10681,4446,9765,4169000,100
11-23 21:31:08.042  1011  1189 I ASH     : @ 118320.237: tcs3701: stop power rail pending_off timer
11-23 21:31:08.042  1011  1189 D ASH     : @ 118320.237: tcs3701: start power rail timer, state:3
11-23 21:31:08.069  9398  9436 I BatteryMgr:DataCollectionService: stats => 1700771468069,10681,4446,9765,4169000,100
11-23 21:31:08.081  1011  1189 I ASH     : @ 118320.277: tcs3701: stop power rail pending_off timer
11-23 21:31:08.081  1011  1189 D ASH     : @ 118320.277: tcs3701: start power rail timer, state:3
11-23 21:31:08.109  9398  9436 I BatteryMgr:DataCollectionService: stats => 1700771468108,10681,4446,9765,4169000,100
11-23 21:31:08.118  9398  9436 I BatteryMgr:DataCollectionService: stats => 1700771468118,10681,4446,9765,4169000,100
11-23 21:31:08.122  1011  1189 I ASH     : @ 118320.317: tcs3701: stop power rail pending_off timer
11-23 21:31:08.122  1011  1189 D ASH     : @ 118320.317: tcs3701: start power rail timer, state:3
11-23 21:31:08.161  1011  1189 I ASH     : @ 118320.357: tcs3701: stop power rail pending_off timer
11-23 21:31:08.161  1011  1189 D ASH     : @ 118320.357: tcs3701: start power rail timer, state:3
11-23 21:31:08.174  9398  9436 I BatteryMgr:DataCollectionService: stats => 1700771468174,10681,4446,9765,4169000,100
11-23 21:31:08.201  1011  1189 I ASH     : @ 118320.397: tcs3701: stop power rail pending_off timer
11-23 21:31:08.202  1011  1189 D ASH     : @ 118320.397: tcs3701: start power rail timer, state:3
11-23 21:31:08.213  9398  9436 I BatteryMgr:DataCollectionService: stats => 1700771468213,10681,4446,9765,4169000,100
11-23 21:31:08.222  9398  9436 I BatteryMgr:DataCollectionService: stats => 1700771468222,10681,4446,9765,4169000,100
11-23 21:31:08.241  1011  1189 I ASH     : @ 118320.437: tcs3701: stop power rail pending_off timer
11-23 21:31:08.242  1011  1189 D ASH     : @ 118320.437: tcs3701: start power rail timer, state:3
11-23 21:31:08.278  9398  9436 I BatteryMgr:DataCollectionService: stats => 1700771468278,10681,4446,9765,4169000,100
11-23 21:31:08.281  1011  1189 I ASH     : @ 118320.477: tcs3701: stop power rail pending_off timer
11-23 21:31:08.281  1011  1189 D ASH     : @ 118320.477: tcs3701: start power rail timer, state:3
11-23 21:31:08.289  1795  4157 D ActivityManager: freezer override set to true
11-23 21:31:08.294  1795  4157 D ActivityManager: freezer override set to false
11-23 21:31:08.318  9398  9436 I BatteryMgr:DataCollectionService: stats => 1700771468318,10681,4446,9765,4169000,100
11-23 21:31:08.322  1011  1189 I ASH     : @ 118320.517: tcs3701: stop power rail pending_off timer
11-23 21:31:08.322  1011  1189 D ASH     : @ 118320.517: tcs3701: start power rail timer, state:3
11-23 21:31:08.327  9398  9436 I BatteryMgr:DataCollectionService: stats => 1700771468327,10681,4446,9765,4169000,100
11-23 21:31:08.362  1011  1189 I ASH     : @ 118320.557: tcs3701: stop power rail pending_off timer
11-23 21:31:08.362  1011  1189 D ASH     : @ 118320.557: tcs3701: start power rail timer, state:3
11-23 21:31:08.384  9398  9436 I BatteryMgr:DataCollectionService: stats => 1700771468384,10681,4446,9765,4169000,100
11-23 21:31:08.401  1011  1189 I ASH     : @ 118320.597: tcs3701: stop power rail pending_off timer
11-23 21:31:08.401  1011  1189 D ASH     : @ 118320.597: tcs3701: start power rail timer, state:3
11-23 21:31:08.424  9398  9436 I BatteryMgr:DataCollectionService: stats => 1700771468424,10681,4446,9765,4169000,100
11-23 21:31:08.432  9398  9436 I BatteryMgr:DataCollectionService: stats => 1700771468432,10681,4446,9765,4169000,100
11-23 21:31:08.442  1011  1189 I ASH     : @ 118320.637: tcs3701: stop power rail pending_off timer
11-23 21:31:08.442  1011  1189 D ASH     : @ 118320.637: tcs3701: start power rail timer, state:3
11-23 21:31:08.482  1011  1189 I ASH     : @ 118320.677: tcs3701: stop power rail pending_off timer
11-23 21:31:08.482  1011  1189 D ASH     : @ 118320.677: tcs3701: start power rail timer, state:3
11-23 21:31:08.488  9398  9436 I BatteryMgr:DataCollectionService: stats => 1700771468487,10681,4446,9765,4169000,100
11-23 21:31:08.522  1011  1189 I ASH     : @ 118320.717: tcs3701: stop power rail pending_off timer
11-23 21:31:08.522  1011  1189 D ASH     : @ 118320.717: tcs3701: start power rail timer, state:3
11-23 21:31:08.528  9398  9436 I BatteryMgr:DataCollectionService: stats => 1700771468528,10681,4446,9765,4169000,100
11-23 21:31:08.537  9398  9436 I BatteryMgr:DataCollectionService: stats => 1700771468537,10681,4446,9765,4169000,100
11-23 21:31:08.561  1011  1189 I ASH     : @ 118320.757: tcs3701: stop power rail pending_off timer
11-23 21:31:08.561  1011  1189 D ASH     : @ 118320.757: tcs3701: start power rail timer, state:3
11-23 21:31:08.592  9398  9436 I BatteryMgr:DataCollectionService: stats => 1700771468592,10681,4446,9765,4169000,100
11-23 21:31:08.601  1011  1189 I ASH     : @ 118320.797: tcs3701: stop power rail pending_off timer
11-23 21:31:08.601  1011  1189 D ASH     : @ 118320.797: tcs3701: start power rail timer, state:3
11-23 21:31:08.613  3845  3845 E AbstractGmsTracer: Traced class shouldn't be obfuscated: GmsIntentOperationChimeraService [CONTEXT service_id=259 ]
11-23 21:31:08.620  3845 11332 E AbstractGmsTracer: Traced class shouldn't be obfuscated: InstantIndexingIntentOperation [CONTEXT service_id=259 ]
11-23 21:31:08.621  3845 11332 I GmscoreIpa: Starting mediastore instant index [CONTEXT service_id=255 ]
11-23 21:31:08.632  9398  9436 I BatteryMgr:DataCollectionService: stats => 1700771468632,10681,4446,9765,4169000,100
11-23 21:31:08.641  1011  1189 I ASH     : @ 118320.837: tcs3701: stop power rail pending_off timer
11-23 21:31:08.642  1011  1189 D ASH     : @ 118320.837: tcs3701: start power rail timer, state:3
11-23 21:31:08.642  9398  9436 I BatteryMgr:DataCollectionService: stats => 1700771468642,10681,4446,9765,4169000,100
11-23 21:31:08.681  1011  1189 I ASH     : @ 118320.877: tcs3701: stop power rail pending_off timer
11-23 21:31:08.681  1011  1189 D ASH     : @ 118320.877: tcs3701: start power rail timer, state:3
11-23 21:31:08.697  9398  9436 I BatteryMgr:DataCollectionService: stats => 1700771468697,10681,4446,9765,4169000,100
11-23 21:31:08.722  1011  1189 I ASH     : @ 118320.917: tcs3701: stop power rail pending_off timer
11-23 21:31:08.722  1011  1189 D ASH     : @ 118320.917: tcs3701: start power rail timer, state:3
11-23 21:31:08.736  9398  9436 I BatteryMgr:DataCollectionService: stats => 1700771468736,10681,4446,9765,4169000,100
11-23 21:31:08.745  9398  9436 I BatteryMgr:DataCollectionService: stats => 1700771468745,10681,4446,9765,4169000,100
11-23 21:31:08.762  1011  1189 I ASH     : @ 118320.957: tcs3701: stop power rail pending_off timer
11-23 21:31:08.762  1011  1189 D ASH     : @ 118320.957: tcs3701: start power rail timer, state:3
11-23 21:31:08.801  9398  9436 I BatteryMgr:DataCollectionService: stats => 1700771468801,10681,4446,9765,4169000,100
11-23 21:31:08.801  1011  1189 I ASH     : @ 118320.997: tcs3701: stop power rail pending_off timer
11-23 21:31:08.801  1011  1189 D ASH     : @ 118320.997: tcs3701: start power rail timer, state:3
11-23 21:31:08.841  9398  9436 I BatteryMgr:DataCollectionService: stats => 1700771468841,10681,4446,9765,4169000,100
11-23 21:31:08.841  1011  1189 I ASH     : @ 118321.037: tcs3701: stop power rail pending_off timer
11-23 21:31:08.841  1011  1189 D ASH     : @ 118321.037: tcs3701: start power rail timer, state:3
11-23 21:31:08.850  9398  9436 I BatteryMgr:DataCollectionService: stats => 1700771468850,10681,4446,9765,4169000,100
11-23 21:31:08.884  1011  1189 I ASH     : @ 118321.077: tcs3701: stop power rail pending_off timer
11-23 21:31:08.884  1011  1189 D ASH     : @ 118321.077: tcs3701: start power rail timer, state:3
11-23 21:31:08.905  9398  9436 I BatteryMgr:DataCollectionService: stats => 1700771468905,10681,4446,9765,4169000,100
11-23 21:31:08.921  1011  1189 I ASH     : @ 118321.117: tcs3701: stop power rail pending_off timer
11-23 21:31:08.921  1011  1189 D ASH     : @ 118321.117: tcs3701: start power rail timer, state:3
11-23 21:31:08.945  9398  9436 I BatteryMgr:DataCollectionService: stats => 1700771468945,10681,4446,9765,4169000,100
11-23 21:31:08.954  9398  9436 I BatteryMgr:DataCollectionService: stats => 1700771468954,10681,4446,9765,4169000,100
11-23 21:31:08.961  1011  1189 I ASH     : @ 118321.157: tcs3701: stop power rail pending_off timer
11-23 21:31:08.961  1011  1189 D ASH     : @ 118321.157: tcs3701: start power rail timer, state:3
11-23 21:31:09.001  1011  1189 I ASH     : @ 118321.197: tcs3701: stop power rail pending_off timer
11-23 21:31:09.001  1011  1189 D ASH     : @ 118321.197: tcs3701: start power rail timer, state:3
11-23 21:31:09.011  9398  9436 I BatteryMgr:DataCollectionService: stats => 1700771469011,10681,4446,9765,4169000,100
11-23 21:31:09.042  1011  1189 I ASH     : @ 118321.237: tcs3701: stop power rail pending_off timer
11-23 21:31:09.042  1011  1189 D ASH     : @ 118321.237: tcs3701: start power rail timer, state:3
11-23 21:31:09.056  9398  9436 I BatteryMgr:DataCollectionService: stats => 1700771469056,10681,4446,9765,4169000,100
11-23 21:31:09.062  9398  9433 I BatteryMgr:DataCollectionService: stats => 1700771469062,10681,4446,9765,4169000,100
11-23 21:31:09.081  1011  1189 I ASH     : @ 118321.277: tcs3701: stop power rail pending_off timer
11-23 21:31:09.082  1011  1189 D ASH     : @ 118321.277: tcs3701: start power rail timer, state:3
11-23 21:31:09.118  9398  9433 I BatteryMgr:DataCollectionService: stats => 1700771469117,10681,4446,9765,4169000,100
11-23 21:31:09.122  1011  1189 I ASH     : @ 118321.317: tcs3701: stop power rail pending_off timer
11-23 21:31:09.122  1011  1189 D ASH     : @ 118321.317: tcs3701: start power rail timer, state:3
11-23 21:31:09.141  1795  4157 D ActivityManager: freezer override set to true
11-23 21:31:09.162  1011  1189 I ASH     : @ 118321.357: tcs3701: stop power rail pending_off timer
11-23 21:31:09.162  1011  1189 D ASH     : @ 118321.357: tcs3701: start power rail timer, state:3
11-23 21:31:09.163  9398  9433 I BatteryMgr:DataCollectionService: stats => 1700771469163,10681,4446,9765,4169000,100
11-23 21:31:09.166  9398  9436 I BatteryMgr:DataCollectionService: stats => 1700771469166,10681,4446,9765,4169000,100
11-23 21:31:09.201  1011  1189 I ASH     : @ 118321.397: tcs3701: stop power rail pending_off timer
11-23 21:31:09.201  1011  1189 D ASH     : @ 118321.397: tcs3701: start power rail timer, state:3
11-23 21:31:09.223  9398  9436 I BatteryMgr:DataCollectionService: stats => 1700771469222,10681,4446,9765,4169000,100
11-23 21:31:09.227 10718 10774 I m.chrome.canary: Explicit concurrent copying GC freed 3576(176KB) AllocSpace objects, 3(60KB) LOS objects, 75% free, 12MB/49MB, paused 146us,24us total 45.439ms
11-23 21:31:09.241  1011  1189 I ASH     : @ 118321.437: tcs3701: stop power rail pending_off timer
11-23 21:31:09.242  1011  1189 D ASH     : @ 118321.437: tcs3701: start power rail timer, state:3
11-23 21:31:09.271  9398  9436 I BatteryMgr:DataCollectionService: stats => 1700771469270,10681,4446,9765,4169000,100
11-23 21:31:09.273  9398  9433 I BatteryMgr:DataCollectionService: stats => 1700771469273,10681,4446,9765,4169000,100
11-23 21:31:09.280  1795  4157 D ActivityManager: freezer override set to false
11-23 21:31:09.281  1011  1189 I ASH     : @ 118321.477: tcs3701: stop power rail pending_off timer
11-23 21:31:09.281  1011  1189 D ASH     : @ 118321.477: tcs3701: start power rail timer, state:3
11-23 21:31:09.302  1795  4157 D ActivityManager: freezer override set to true
11-23 21:31:09.306  1795  4157 D ActivityManager: freezer override set to false
11-23 21:31:09.322  1011  1189 I ASH     : @ 118321.517: tcs3701: stop power rail pending_off timer
11-23 21:31:09.323  1011  1189 D ASH     : @ 118321.517: tcs3701: start power rail timer, state:3
11-23 21:31:09.323  1795  4157 D ActivityManager: freezer override set to true
11-23 21:31:09.325  1795  4157 D ActivityManager: freezer override set to false
11-23 21:31:09.328  9398  9433 I BatteryMgr:DataCollectionService: stats => 1700771469328,10681,4446,9765,4169000,100
11-23 21:31:09.361  1011  1189 I ASH     : @ 118321.557: tcs3701: stop power rail pending_off timer
11-23 21:31:09.361  1011  1189 D ASH     : @ 118321.557: tcs3701: start power rail timer, state:3
11-23 21:31:09.376  9398  9433 I BatteryMgr:DataCollectionService: stats => 1700771469376,10681,4446,9765,4169000,100
11-23 21:31:09.377  9398  9436 I BatteryMgr:DataCollectionService: stats => 1700771469376,10681,4446,9765,4169000,100
11-23 21:31:09.402  1011  1189 I ASH     : @ 118321.597: tcs3701: stop power rail pending_off timer
11-23 21:31:09.402  1011  1189 D ASH     : @ 118321.597: tcs3701: start power rail timer, state:3
11-23 21:31:09.421  2113  2118 I pixel-thermal: skin-therm-monitor: 38.474
11-23 21:31:09.433  9398  9436 I BatteryMgr:DataCollectionService: stats => 1700771469433,10681,4446,9765,4169000,100
11-23 21:31:09.441  1011  1189 I ASH     : @ 118321.637: tcs3701: stop power rail pending_off timer
11-23 21:31:09.441  1011  1189 D ASH     : @ 118321.637: tcs3701: start power rail timer, state:3
11-23 21:31:09.481  9398  9433 I BatteryMgr:DataCollectionService: stats => 1700771469481,10681,4446,9765,4169000,100
11-23 21:31:09.482  1011  1189 I ASH     : @ 118321.677: tcs3701: stop power rail pending_off timer
11-23 21:31:09.482  1011  1189 D ASH     : @ 118321.677: tcs3701: start power rail timer, state:3
11-23 21:31:09.484  9398  9436 I BatteryMgr:DataCollectionService: stats => 1700771469484,10681,4446,9765,4169000,100
11-23 21:31:09.521  1011  1189 I ASH     : @ 118321.717: tcs3701: stop power rail pending_off timer
11-23 21:31:09.522  1011  1189 D ASH     : @ 118321.717: tcs3701: start power rail timer, state:3
11-23 21:31:09.539  9398  9436 I BatteryMgr:DataCollectionService: stats => 1700771469539,10681,4446,9765,4169000,100
11-23 21:31:09.562  1011  1189 I ASH     : @ 118321.757: tcs3701: stop power rail pending_off timer
11-23 21:31:09.562  1011  1189 D ASH     : @ 118321.757: tcs3701: start power rail timer, state:3
11-23 21:31:09.588  9398  9433 I BatteryMgr:DataCollectionService: stats => 1700771469588,10681,4446,9765,4169000,100
11-23 21:31:09.589  9398  9436 I BatteryMgr:DataCollectionService: stats => 1700771469589,10681,4446,9765,4169000,100
11-23 21:31:09.602  1011  1189 I ASH     : @ 118321.797: tcs3701: stop power rail pending_off timer
11-23 21:31:09.602  1011  1189 D ASH     : @ 118321.797: tcs3701: start power rail timer, state:3
11-23 21:31:09.642  1011  1189 I ASH     : @ 118321.837: tcs3701: stop power rail pending_off timer
11-23 21:31:09.642  1011  1189 D ASH     : @ 118321.837: tcs3701: start power rail timer, state:3
11-23 21:31:09.643  9398  9436 I BatteryMgr:DataCollectionService: stats => 1700771469643,10681,4446,9765,4169000,100
11-23 21:31:09.681  1011  1189 I ASH     : @ 118321.877: tcs3701: stop power rail pending_off timer
11-23 21:31:09.681  1011  1189 D ASH     : @ 118321.877: tcs3701: start power rail timer, state:3
11-23 21:31:09.692  9398  9433 I BatteryMgr:DataCollectionService: stats => 1700771469692,10681,4446,9765,4169000,100
11-23 21:31:09.694  9398  9436 I BatteryMgr:DataCollectionService: stats => 1700771469694,10681,4446,9765,4169000,100
11-23 21:31:09.722  1011  1189 I ASH     : @ 118321.917: tcs3701: stop power rail pending_off timer
11-23 21:31:09.722  1011  1189 D ASH     : @ 118321.917: tcs3701: start power rail timer, state:3
11-23 21:31:09.748  9398  9436 I BatteryMgr:DataCollectionService: stats => 1700771469748,10681,4446,9765,4169000,100
11-23 21:31:09.761  1011  1189 I ASH     : @ 118321.957: tcs3701: stop power rail pending_off timer
11-23 21:31:09.761  1011  1189 D ASH     : @ 118321.957: tcs3701: start power rail timer, state:3
11-23 21:31:09.798  9398  9433 I BatteryMgr:DataCollectionService: stats => 1700771469798,10681,4446,9765,4169000,100
11-23 21:31:09.800  9398  9436 I BatteryMgr:DataCollectionService: stats => 1700771469800,10681,4446,9765,4169000,100
11-23 21:31:09.802  1011  1189 I ASH     : @ 118321.997: tcs3701: stop power rail pending_off timer
11-23 21:31:09.802  1011  1189 D ASH     : @ 118321.997: tcs3701: start power rail timer, state:3
11-23 21:31:09.841  1011  1189 I ASH     : @ 118322.037: tcs3701: stop power rail pending_off timer
11-23 21:31:09.841  1011  1189 D ASH     : @ 118322.037: tcs3701: start power rail timer, state:3
11-23 21:31:09.853  9398  9436 I BatteryMgr:DataCollectionService: stats => 1700771469852,10681,4446,9765,4169000,100
11-23 21:31:09.881  1011  1189 I ASH     : @ 118322.077: tcs3701: stop power rail pending_off timer
11-23 21:31:09.881  1011  1189 D ASH     : @ 118322.077: tcs3701: start power rail timer, state:3
11-23 21:31:09.886  6028  6041 W id.GoogleCamera: Reducing the number of considered missed Gc histogram windows from 123 to 100
11-23 21:31:09.904  9398  9433 I BatteryMgr:DataCollectionService: stats => 1700771469904,10681,4446,9765,4169000,100
11-23 21:31:09.905  9398  9436 I BatteryMgr:DataCollectionService: stats => 1700771469905,10681,4446,9765,4169000,100
11-23 21:31:09.921  1011  1189 I ASH     : @ 118322.117: tcs3701: stop power rail pending_off timer
11-23 21:31:09.921  1011  1189 D ASH     : @ 118322.117: tcs3701: start power rail timer, state:3
11-23 21:31:09.957  9398  9436 I BatteryMgr:DataCollectionService: stats => 1700771469957,10681,4446,9765,4169000,100
11-23 21:31:09.961  1011  1189 I ASH     : @ 118322.157: tcs3701: stop power rail pending_off timer
11-23 21:31:09.961  1011  1189 D ASH     : @ 118322.157: tcs3701: start power rail timer, state:3
11-23 21:31:10.002  1011  1189 I ASH     : @ 118322.197: tcs3701: stop power rail pending_off timer
11-23 21:31:10.002  1011  1189 D ASH     : @ 118322.197: tcs3701: start power rail timer, state:3
11-23 21:31:10.009  9398  9433 I BatteryMgr:DataCollectionService: stats => 1700771470009,10681,4446,9765,4169000,100
11-23 21:31:10.010  9398  9436 I BatteryMgr:DataCollectionService: stats => 1700771470010,10681,4446,9765,4169000,100
11-23 21:31:10.041  1011  1189 I ASH     : @ 118322.237: tcs3701: stop power rail pending_off timer
11-23 21:31:10.041  1011  1189 D ASH     : @ 118322.237: tcs3701: start power rail timer, state:3
11-23 21:31:10.061  9398  9436 I BatteryMgr:DataCollectionService: stats => 1700771470061,10681,4446,9765,4169000,100
11-23 21:31:10.081  1011  1189 I ASH     : @ 118322.277: tcs3701: stop power rail pending_off timer
11-23 21:31:10.081  1011  1189 D ASH     : @ 118322.277: tcs3701: start power rail timer, state:3
11-23 21:31:10.114  9398  9433 I BatteryMgr:DataCollectionService: stats => 1700771470114,10681,4446,9765,4169000,100
11-23 21:31:10.115  9398  9436 I BatteryMgr:DataCollectionService: stats => 1700771470115,10681,4446,9765,4169000,100
11-23 21:31:10.121  1011  1189 I ASH     : @ 118322.317: tcs3701: stop power rail pending_off timer
11-23 21:31:10.121  1011  1189 D ASH     : @ 118322.317: tcs3701: start power rail timer, state:3
11-23 21:31:10.161  1011  1189 I ASH     : @ 118322.357: tcs3701: stop power rail pending_off timer
11-23 21:31:10.161  1011  1189 D ASH     : @ 118322.357: tcs3701: start power rail timer, state:3
11-23 21:31:10.165  9398  9436 I BatteryMgr:DataCollectionService: stats => 1700771470165,10681,4446,9765,4169000,100
11-23 21:31:10.201  1011  1189 I ASH     : @ 118322.397: tcs3701: stop power rail pending_off timer
11-23 21:31:10.201  1011  1189 D ASH     : @ 118322.397: tcs3701: start power rail timer, state:3
11-23 21:31:10.219  9398  9433 I BatteryMgr:DataCollectionService: stats => 1700771470219,10681,4446,9765,4169000,100
11-23 21:31:10.221  9398  9436 I BatteryMgr:DataCollectionService: stats => 1700771470221,10681,4446,9765,4169000,100
11-23 21:31:10.241  1011  1189 I ASH     : @ 118322.437: tcs3701: stop power rail pending_off timer
11-23 21:31:10.241  1011  1189 D ASH     : @ 118322.437: tcs3701: start power rail timer, state:3
11-23 21:31:10.269  9398  9436 I BatteryMgr:DataCollectionService: stats => 1700771470269,10681,4446,9765,4169000,100
11-23 21:31:10.281  1011  1189 I ASH     : @ 118322.477: tcs3701: stop power rail pending_off timer
11-23 21:31:10.281  1011  1189 D ASH     : @ 118322.477: tcs3701: start power rail timer, state:3
11-23 21:31:10.304  1795  3807 D ActivityManager: freezer override set to true
11-23 21:31:10.309  1795  3807 D ActivityManager: freezer override set to false
11-23 21:31:10.323  1011  1189 I ASH     : @ 118322.517: tcs3701: stop power rail pending_off timer
11-23 21:31:10.323  1011  1189 D ASH     : @ 118322.517: tcs3701: start power rail timer, state:3
11-23 21:31:10.324  9398  9436 I BatteryMgr:DataCollectionService: stats => 1700771470324,10681,4446,9765,4169000,100
11-23 21:31:10.325  9398  9433 I BatteryMgr:DataCollectionService: stats => 1700771470325,10681,4446,9765,4169000,100
11-23 21:31:10.361  1011  1189 I ASH     : @ 118322.557: tcs3701: stop power rail pending_off timer
11-23 21:31:10.361  1011  1189 D ASH     : @ 118322.557: tcs3701: start power rail timer, state:3
11-23 21:31:10.374  9398  9433 I BatteryMgr:DataCollectionService: stats => 1700771470374,10681,4446,9765,4169000,100
11-23 21:31:10.381  1795  2424 D WifiClientModeImpl[13802:wlan0]: updateLinkLayerStatsRssiSpeedFrequencyCapabilities rssi=-47 TxLinkspeed=526 freq=5240 RxLinkSpeed=866
11-23 21:31:10.382  1795  2424 D WifiDataStall: tx tput in kbps: 365625
11-23 21:31:10.382  1795  2424 D WifiDataStall: rx tput in kbps: 676562
11-23 21:31:10.382  1795  2424 V WifiConfigManager: Updating scan detail cache freq=5240 BSSID=f4:6d:2f:12:cc:88 RSSI=-47 for "ourhome"WPA_PSK
11-23 21:31:10.383  1795  2424 D WifiChannelUtilization:  freq: 5240 onTime: 3616250 busyTime: 368786 onTimeDiff: 241458 busyTimeDiff: 53087 utilization: 56 utilization t0: 26
11-23 21:31:10.383  1795  2424 D WifiDataStall:  ccaLevel = 56
11-23 21:31:10.383  3213  3231 V WifiManager: OnWifiUsabilityStatsListener: onWifiUsabilityStats: seqNum=39031
11-23 21:31:10.383  1795  2424 D WifiDataStall: L2 txTputKbps: 394500, rxTputKbps: 676562, L3 txTputKbps: 111, rxTputKbps: 23, TxTrafficHigh: true, RxTrafficHigh: true, Throughput Sufficient: true
11-23 21:31:10.383  1795  2424 D WifiScoreReport: Wifi scoring disabled - Don't check IP layer
11-23 21:31:10.384  1795  3807 I WifiService: updateWifiUsabilityScore uid=10180 seqNum=39031 score=100 predictionHorizonSec=1441795
11-23 21:31:10.384  1795  2424 D WifiScoreCard: BSSID update SIGNAL_POLL ID: 1320464697 SSID: "ourhome", BSSID: f4:6d:2f:12:cc:88, MAC: b2:2f:ec:da:4a:0c, IP: /192.168.1.104, Security type: 2, Supplicant state: COMPLETED, Wi-Fi standard: 5, RSSI: -47, Link speed: 526Mbps, Tx Link speed: 526Mbps, Max Supported Tx Link speed: 866Mbps, Rx Link speed: 866Mbps, Max Supported Rx Link speed: 866Mbps, Frequency: 5240MHz, Net ID: 12, Metered hint: false, score: 60, isUsable: true, CarrierMerged: false, SubscriptionId: -1, IsPrimary: 1, Trusted: true, Restricted: false, Ephemeral: false, OEM paid: false, OEM private: false, OSU AP: false, FQDN: <none>, Provider friendly name: <none>, Requesting package name: <none>"ourhome"wpa2-pskMLO Information: , Is TID-To-Link negotiation supported by the AP: false, AP MLD Address: <none>, AP MLO Link Id: <none>, AP MLO Affiliated links: <none>
11-23 21:31:10.384  1795  2424 D WifiScoreCard: txRate: 7 txSpeed: 526
11-23 21:31:10.384  1795  2424 D WifiScoreCard: network update SIGNAL_POLL "ourhome" ID: 1499892569 RSSI -47 txSpeed 526
11-23 21:31:10.384  1795  2424 D WifiClientModeImpl[13802:wlan0]:  ClientModeImpl$L2ConnectedState screen=on 25 0 "ourhome" f4:6d:2f:12:cc:88 rssi=-47 f=5240 sc=60 link=526 tx=6.2, 0.2, 0.0 rx=5.2 bcn=1135698 [on:157 tx:4 rx:1 period:3014] from screen [on:255599 period:5317749] score=60
11-23 21:31:10.385  1795  2424 D WifiScoreReport: Wifi scoring disabled - Notify that Wifi is usable
11-23 21:31:10.387  1795  2432 D ConnectivityService: NetReassign [no changes] [c 0] [a 0] [i 2]
11-23 21:31:10.401  1011  1189 I ASH     : @ 118322.597: tcs3701: stop power rail pending_off timer
11-23 21:31:10.401  1011  1189 D ASH     : @ 118322.597: tcs3701: start power rail timer, state:3
11-23 21:31:10.431  9398  9436 I BatteryMgr:DataCollectionService: stats => 1700771470431,10681,4446,9765,4169000,100
11-23 21:31:10.433  9398  9433 I BatteryMgr:DataCollectionService: stats => 1700771470433,10681,4446,9765,4169000,100
11-23 21:31:10.442  1011  1189 I ASH     : @ 118322.637: tcs3701: stop power rail pending_off timer
11-23 21:31:10.442  1011  1189 D ASH     : @ 118322.637: tcs3701: start power rail timer, state:3
11-23 21:31:10.474  1795  4157 D ActivityManager: freezer override set to true
11-23 21:31:10.478  9398  9433 I BatteryMgr:DataCollectionService: stats => 1700771470478,10681,4446,9765,4169000,100
11-23 21:31:10.481  1011  1189 I ASH     : @ 118322.677: tcs3701: stop power rail pending_off timer
11-23 21:31:10.481  1011  1189 D ASH     : @ 118322.677: tcs3701: start power rail timer, state:3
11-23 21:31:10.521  1011  1189 I ASH     : @ 118322.717: tcs3701: stop power rail pending_off timer
11-23 21:31:10.521  1011  1189 D ASH     : @ 118322.717: tcs3701: start power rail timer, state:3
11-23 21:31:10.536  9398  9434 I BatteryMgr:DataCollectionService: stats => 1700771470536,10681,4446,9765,4169000,100
11-23 21:31:10.538  9398  9433 I BatteryMgr:DataCollectionService: stats => 1700771470537,10681,4446,9765,4169000,100
11-23 21:31:10.556 10718 10774 I m.chrome.canary: Explicit concurrent copying GC freed 3801(191KB) AllocSpace objects, 4(80KB) LOS objects, 75% free, 12MB/49MB, paused 85us,23us total 44.982ms
11-23 21:31:10.561  1011  1189 I ASH     : @ 118322.757: tcs3701: stop power rail pending_off timer
11-23 21:31:10.561  1011  1189 D ASH     : @ 118322.757: tcs3701: start power rail timer, state:3
11-23 21:31:10.583  9398  9433 I BatteryMgr:DataCollectionService: stats => 1700771470583,10681,4446,9765,4169000,100
11-23 21:31:10.602  1011  1189 I ASH     : @ 118322.797: tcs3701: stop power rail pending_off timer
11-23 21:31:10.602  1011  1189 D ASH     : @ 118322.797: tcs3701: start power rail timer, state:3
11-23 21:31:10.608  1795  4157 D ActivityManager: freezer override set to false
11-23 21:31:10.641  1011  1189 I ASH     : @ 118322.837: tcs3701: stop power rail pending_off timer
11-23 21:31:10.642  1011  1189 D ASH     : @ 118322.837: tcs3701: start power rail timer, state:3
11-23 21:31:10.645  9398  9433 I BatteryMgr:DataCollectionService: stats => 1700771470645,10681,4446,9765,4169000,100
11-23 21:31:10.645  9398  9434 I BatteryMgr:DataCollectionService: stats => 1700771470645,10681,4446,9765,4169000,100
11-23 21:31:10.650  1795  4157 D ActivityManager: freezer override set to true
11-23 21:31:10.653  1795  4157 D ActivityManager: freezer override set to false
11-23 21:31:10.681  1011  1189 I ASH     : @ 118322.877: tcs3701: stop power rail pending_off timer
11-23 21:31:10.682  1011  1189 D ASH     : @ 118322.877: tcs3701: start power rail timer, state:3
11-23 21:31:10.689  9398  9433 I BatteryMgr:DataCollectionService: stats => 1700771470689,10681,4446,9765,4169000,100
11-23 21:31:10.721  1011  1189 I ASH     : @ 118322.917: tcs3701: stop power rail pending_off timer
11-23 21:31:10.721  1011  1189 D ASH     : @ 118322.917: tcs3701: start power rail timer, state:3
11-23 21:31:10.749  9398  9434 I BatteryMgr:DataCollectionService: stats => 1700771470749,10681,4446,9765,4169000,100
11-23 21:31:10.749  9398  9433 I BatteryMgr:DataCollectionService: stats => 1700771470749,10681,4446,9765,4169000,100
11-23 21:31:10.761  1011  1189 I ASH     : @ 118322.957: tcs3701: stop power rail pending_off timer
11-23 21:31:10.761  1011  1189 D ASH     : @ 118322.957: tcs3701: start power rail timer, state:3
11-23 21:31:10.793  9398  9433 I BatteryMgr:DataCollectionService: stats => 1700771470793,10681,4446,9765,4169000,100
11-23 21:31:10.801  1011  1189 I ASH     : @ 118322.997: tcs3701: stop power rail pending_off timer
11-23 21:31:10.801  1011  1189 D ASH     : @ 118322.997: tcs3701: start power rail timer, state:3
11-23 21:31:10.841  1011  1189 I ASH     : @ 118323.037: tcs3701: stop power rail pending_off timer
11-23 21:31:10.841  1011  1189 D ASH     : @ 118323.037: tcs3701: start power rail timer, state:3
11-23 21:31:10.853  9398  9434 I BatteryMgr:DataCollectionService: stats => 1700771470853,10681,4446,9765,4169000,100
