11-23 22:44:55.178 12120 12120 I cr_OfflineDetector: Running updateState mConnectivityDetectorInitialized: true, mTimeWhenLastForegrounded: 122743993, getElapsedTime: 122743993, mTimeWhenLastOfflineNotificationReceived: 0, mTimeWhenLastOnline: 122742246, mTimeWhenAirplaneModeToggledOff: 0 mApplicationState: 1, mIsOfflineLastReportedByConnectivityDetector: false, mInAirplaneMode: false mIsEffectivelyOffline: false
11-23 22:44:55.178 12120 12120 I cr_OfflineDetector: updateState(): timeSinceLastForeground: 0, timeSinceOfflineNotificationReceived: 122743993, timeSinceLastOnline: 1747, timeNeededForForeground: 2000, timeNeededForOffline: -122741993 timeSinceAirplaneModeToggledOff: 122743993 timeNeededAfterConnectionChangeFromOnlineToOffline: 8253 timeNeededAfterConnectionChangeFromAirplaneToOffline: 0
11-23 22:44:55.178 12120 12120 I cr_OfflineDetector: Running mUpdateOfflineStatusIndicatorDelayedRunnable start. mConnectivityDetectorInitialized: true, mTimeWhenLastForegrounded: 122743993, getElapsedTime: 122743993, mTimeWhenLastOfflineNotificationReceived: 0, mTimeWhenLastOnline: 122742246, mTimeWhenAirplaneModeToggledOff: 0 mApplicationState: 1, mIsOfflineLastReportedByConnectivityDetector: false, mInAirplaneMode: false mIsEffectivelyOffline: false
11-23 22:44:55.182 12120 12120 I cr_InactivityTracker: Last background time read from the SharedPreference is:1700775895109.
11-23 22:44:55.184 12120 12120 I cr_VideoPersist: Exited picture in picture with reason: 0
11-23 22:44:55.185  1795  4144 D CompatibilityChangeReporter: Compat change id reported: 161145287; UID 10010; state: DISABLED
11-23 22:44:55.185  1383  1442 I adbd    : jdwp connection from 12357
11-23 22:44:55.186 12120 12120 I cr_InactivityTracker: Last visible time read from the SharedPreference is:1700775893541.
11-23 22:44:55.194  1011  1189 I ASH     : @ 122747.389: tcs3701: stop power rail pending_off timer
11-23 22:44:55.194  1011  1189 D ASH     : @ 122747.389: tcs3701: start power rail timer, state:3
11-23 22:44:55.197  1795  3745 D CompatibilityChangeReporter: Compat change id reported: 168419799; UID 10010; state: DISABLED
11-23 22:44:55.197  1795  3745 D CompatibilityChangeReporter: Compat change id reported: 273564678; UID 10010; state: DISABLED
11-23 22:44:55.199  3657  3683 D ForegroundUtils: Foreground UID status:
11-23 22:44:55.199  3657  3683 D ForegroundUtils: UID: 10010 is in foreground: true
11-23 22:44:55.199  3657  3683 D ForegroundUtils: UID: 10128 is in foreground: true
11-23 22:44:55.200  3657  3683 D ForegroundUtils: UID: 10145 is in foreground: true
11-23 22:44:55.200  3657  3683 D ForegroundUtils: UID: 10158 is in foreground: true
11-23 22:44:55.200  3657  3683 D ForegroundUtils: UID: 10189 is in foreground: false
11-23 22:44:55.200  3657  3683 D ForegroundUtils: UID: 10194 is in foreground: true
11-23 22:44:55.200  3657  3683 D ForegroundUtils: UID: 10206 is in foreground: false
11-23 22:44:55.200  3657  3683 D ForegroundUtils: UID: 10233 is in foreground: true
11-23 22:44:55.200  3657  3683 D ForegroundUtils: UID: 10244 is in foreground: false
11-23 22:44:55.200  3657  3683 D ForegroundUtils: UID: 10319 is in foreground: true
11-23 22:44:55.200  3657  3683 D ForegroundUtils: UID: 90000 is in foreground: true
11-23 22:44:55.200  3657  3683 D ForegroundUtils: UID: 90001 is in foreground: true
11-23 22:44:55.200 12357 12357 I ActivityThread: Relaunch all activities: onCoreSettingsChange
11-23 22:44:55.201 12357 12357 D CompatibilityChangeReporter: Compat change id reported: 171979766; UID 90001; state: ENABLED
11-23 22:44:55.215 12357 12357 I LoadedApk: No resource references to update in package com.google.android.trichromelibrary.canary
11-23 22:44:55.215 12357 12357 D NetworkSecurityConfig: Using Network Security Config from resource 0_resource_name_obfuscated debugBuild: false
11-23 22:44:55.216 12357 12357 D NetworkSecurityConfig: Using Network Security Config from resource 0_resource_name_obfuscated debugBuild: false
11-23 22:44:55.217 12357 12357 I cr_SplitCompatApp: Launched version=121.0.6137.0 minSdkVersion=29 isBundle=true processName=com.chrome.canary:sandboxed_process0:org.chromium.content.app.SandboxedProcessService0:1 isIsolated=true
11-23 22:44:55.217  1795  4144 D CompatibilityChangeReporter: Compat change id reported: 214016041; UID 10010; state: ENABLED
11-23 22:44:55.219  3375  3375 I GoogleInputMethodService: GoogleInputMethodService.onFinishInput():3154 
11-23 22:44:55.225  3375  3375 I GoogleInputMethodService: GoogleInputMethodService.updateDeviceLockedStatus():2088 repeatCheckTimes = 0, locked = false
11-23 22:44:55.225  3375  3375 I GoogleInputMethodService: GoogleInputMethodService.onStartInput():1883 onStartInput(EditorInfo{EditorInfo{packageName=com.chrome.canary, inputType=0, inputTypeString=NULL, enableLearning=false, autoCorrection=false, autoComplete=false, imeOptions=12000000, privateImeOptions=null, actionName=UNSPECIFIED, actionLabel=null, initialSelStart=-1, initialSelEnd=-1, initialCapsMode=0, label=null, fieldId=-1, fieldName=null, extras=null, hintText=null, hintLocales=[]}}, false)
11-23 22:44:55.226  3375  3375 I GoogleInputMethodService: GoogleInputMethodService.updateDeviceLockedStatus():2088 repeatCheckTimes = 1, locked = false
11-23 22:44:55.227 12357 12357 W SystemServiceRegistry: No service published for: uimode
11-23 22:44:55.228  9398  7808 I BatteryMgr:DataCollectionService: stats => 1700775895228,10070,4445,9765,4169000,100
11-23 22:44:55.234 12357 12357 I cr_ChildProcessService: Creating new ChildProcessService pid=12357
11-23 22:44:55.234  1011  1189 I ASH     : @ 122747.429: tcs3701: stop power rail pending_off timer
11-23 22:44:55.234  1011  1189 D ASH     : @ 122747.429: tcs3701: start power rail timer, state:3
11-23 22:44:55.243 12357 12372 I cr_LibraryLoader: Successfully loaded native library
11-23 22:44:55.244 12357 12372 I cr_CachingUmaRecorder: Flushed 3 samples from 3 histograms, 0 samples were dropped.
11-23 22:44:55.259 12357 12375 E ocessService0:1: Failed to madvise file /data/app/~~dutrJzl_xJkEyCCvIkexCw==/com.chrome.canary-4jcd8srf2WXxld2NC1r69A==/oat/arm64/split_stack_unwinder.vdex for size:4096: Operation not permitted
11-23 22:44:55.259 12357 12375 E ocessService0:1: Failed to madvise file /data/app/~~dutrJzl_xJkEyCCvIkexCw==/com.chrome.canary-4jcd8srf2WXxld2NC1r69A==/split_stack_unwinder.apk for size:4096: Operation not permitted
11-23 22:44:55.262 12357 12375 E linker  : readlink("/proc/self/fd/99") failed: Operation not permitted [fd=99]
11-23 22:44:55.262 12357 12375 E linker  : warning: unable to get realpath for the library "/data/app/~~dutrJzl_xJkEyCCvIkexCw==/com.chrome.canary-4jcd8srf2WXxld2NC1r69A==/split_stack_unwinder.apk!/lib/arm64-v8a/libmonochrome_64_stack_unwinder_partition.so". Will use given path.
11-23 22:44:55.270  9398  7808 I BatteryMgr:DataCollectionService: stats => 1700775895270,10070,4445,9765,4169000,100
11-23 22:44:55.274  1011  1189 I ASH     : @ 122747.469: tcs3701: stop power rail pending_off timer
11-23 22:44:55.274  1011  1189 D ASH     : @ 122747.469: tcs3701: start power rail timer, state:3
11-23 22:44:55.275  9398  7808 I BatteryMgr:DataCollectionService: stats => 1700775895275,10070,4445,9765,4169000,100
11-23 22:44:55.305 12207 12234 I AdrenoVK-0: QUALCOMM build          : 4783c89, I46ff5fc46f
11-23 22:44:55.305 12207 12234 I AdrenoVK-0: Build Date              : 11/30/20
11-23 22:44:55.305 12207 12234 I AdrenoVK-0: Shader Compiler Version : EV031.31.04.01
11-23 22:44:55.305 12207 12234 I AdrenoVK-0: Local Branch            : QPR2
11-23 22:44:55.305 12207 12234 I AdrenoVK-0: Remote Branch           : 
11-23 22:44:55.305 12207 12234 I AdrenoVK-0: Remote Branch           : 
11-23 22:44:55.305 12207 12234 I AdrenoVK-0: Reconstruct Branch      : 
11-23 22:44:55.306 12207 12234 I AdrenoVK-0: Build Config            : S P 10.0.4 AArch64
11-23 22:44:55.306 12207 12234 I AdrenoVK-0: Driver Path             : /vendor/lib64/hw/vulkan.adreno.so
11-23 22:44:55.314  1011  1189 I ASH     : @ 122747.509: tcs3701: stop power rail pending_off timer
11-23 22:44:55.314  1011  1189 D ASH     : @ 122747.509: tcs3701: start power rail timer, state:3
11-23 22:44:55.318 12357 12372 I tflite  : Initialized TensorFlow Lite runtime.
11-23 22:44:55.318 12357 12372 W libc    : Access denied finding property "ro.mediatek.platform"
11-23 22:44:55.318 12357 12372 W libc    : Access denied finding property "ro.chipname"
11-23 22:44:55.318 12357 12372 W libc    : Access denied finding property "ro.hardware.chipname"
11-23 22:44:55.334  9398  7808 I BatteryMgr:DataCollectionService: stats => 1700775895334,10070,4445,9765,4169000,100
11-23 22:44:55.354  1011  1189 I ASH     : @ 122747.549: tcs3701: stop power rail pending_off timer
11-23 22:44:55.354  1011  1189 D ASH     : @ 122747.549: tcs3701: start power rail timer, state:3
11-23 22:44:55.379  9398  7808 I BatteryMgr:DataCollectionService: stats => 1700775895379,10070,4445,9765,4169000,100
11-23 22:44:55.381  9398  9436 I BatteryMgr:DataCollectionService: stats => 1700775895381,10070,4445,9765,4169000,100
11-23 22:44:55.394  1011  1189 I ASH     : @ 122747.589: tcs3701: stop power rail pending_off timer
11-23 22:44:55.394  1011  1189 D ASH     : @ 122747.589: tcs3701: start power rail timer, state:3
11-23 22:44:55.434  1011  1189 I ASH     : @ 122747.629: tcs3701: stop power rail pending_off timer
11-23 22:44:55.434  1011  1189 D ASH     : @ 122747.629: tcs3701: start power rail timer, state:3
11-23 22:44:55.438  9398  9436 I BatteryMgr:DataCollectionService: stats => 1700775895438,10070,4445,9765,4169000,100
11-23 22:44:55.474  1011  1189 I ASH     : @ 122747.669: tcs3701: stop power rail pending_off timer
11-23 22:44:55.474  1011  1189 D ASH     : @ 122747.669: tcs3701: start power rail timer, state:3
11-23 22:44:55.484  9398  9436 I BatteryMgr:DataCollectionService: stats => 1700775895483,10070,4445,9765,4169000,100
11-23 22:44:55.486  9398  7808 I BatteryMgr:DataCollectionService: stats => 1700775895486,10070,4445,9765,4169000,100
11-23 22:44:55.514  1011  1189 I ASH     : @ 122747.709: tcs3701: stop power rail pending_off timer
11-23 22:44:55.514  1011  1189 D ASH     : @ 122747.709: tcs3701: start power rail timer, state:3
11-23 22:44:55.542  9398  7808 I BatteryMgr:DataCollectionService: stats => 1700775895542,10070,4445,9765,4169000,100
11-23 22:44:55.554  1011  1189 I ASH     : @ 122747.749: tcs3701: stop power rail pending_off timer
11-23 22:44:55.554  1011  1189 D ASH     : @ 122747.749: tcs3701: start power rail timer, state:3
11-23 22:44:55.587  9398  7808 I BatteryMgr:DataCollectionService: stats => 1700775895587,10070,4445,9765,4169000,100
11-23 22:44:55.589  9398  9436 I BatteryMgr:DataCollectionService: stats => 1700775895589,10070,4445,9765,4169000,100
11-23 22:44:55.594  1011  1189 I ASH     : @ 122747.789: tcs3701: stop power rail pending_off timer
11-23 22:44:55.594  1011  1189 D ASH     : @ 122747.789: tcs3701: start power rail timer, state:3
11-23 22:44:55.634  1011  1189 I ASH     : @ 122747.829: tcs3701: stop power rail pending_off timer
11-23 22:44:55.634  1011  1189 D ASH     : @ 122747.829: tcs3701: start power rail timer, state:3
11-23 22:44:55.645  9398  9436 I BatteryMgr:DataCollectionService: stats => 1700775895645,10070,4445,9765,4169000,100
11-23 22:44:55.674  1011  1189 I ASH     : @ 122747.869: tcs3701: stop power rail pending_off timer
11-23 22:44:55.674  1011  1189 D ASH     : @ 122747.869: tcs3701: start power rail timer, state:3
11-23 22:44:55.692  9398  7808 I BatteryMgr:DataCollectionService: stats => 1700775895692,10070,4445,9765,4169000,100
11-23 22:44:55.693  9398  9436 I BatteryMgr:DataCollectionService: stats => 1700775895693,10070,4445,9765,4169000,100
11-23 22:44:55.714  1011  1189 I ASH     : @ 122747.909: tcs3701: stop power rail pending_off timer
11-23 22:44:55.714  1011  1189 D ASH     : @ 122747.909: tcs3701: start power rail timer, state:3
11-23 22:44:55.749  9398  9436 I BatteryMgr:DataCollectionService: stats => 1700775895749,10070,4445,9765,4169000,100
11-23 22:44:55.754  1011  1189 I ASH     : @ 122747.949: tcs3701: stop power rail pending_off timer
11-23 22:44:55.754  1011  1189 D ASH     : @ 122747.949: tcs3701: start power rail timer, state:3
11-23 22:44:55.794  1011  1189 I ASH     : @ 122747.989: tcs3701: stop power rail pending_off timer
11-23 22:44:55.794  1011  1189 D ASH     : @ 122747.989: tcs3701: start power rail timer, state:3
11-23 22:44:55.797  9398  7808 I BatteryMgr:DataCollectionService: stats => 1700775895797,10070,4445,9765,4169000,100
11-23 22:44:55.799  9398  9436 I BatteryMgr:DataCollectionService: stats => 1700775895799,10070,4445,9765,4169000,100
11-23 22:44:55.834  1011  1189 I ASH     : @ 122748.029: tcs3701: stop power rail pending_off timer
11-23 22:44:55.834  1011  1189 D ASH     : @ 122748.029: tcs3701: start power rail timer, state:3
11-23 22:44:55.856  9398  9436 I BatteryMgr:DataCollectionService: stats => 1700775895855,10070,4445,9765,4169000,100
11-23 22:44:55.875  1011  1189 I ASH     : @ 122748.069: tcs3701: stop power rail pending_off timer
11-23 22:44:55.875  1011  1189 D ASH     : @ 122748.069: tcs3701: start power rail timer, state:3
11-23 22:44:55.903  9398  9436 I BatteryMgr:DataCollectionService: stats => 1700775895903,10070,4445,9765,4169000,100
11-23 22:44:55.905  9398  7808 I BatteryMgr:DataCollectionService: stats => 1700775895905,10070,4445,9765,4169000,100
11-23 22:44:55.914  1011  1189 I ASH     : @ 122748.109: tcs3701: stop power rail pending_off timer
11-23 22:44:55.914  1011  1189 D ASH     : @ 122748.109: tcs3701: start power rail timer, state:3
11-23 22:44:55.926  1795  1853 D ActivityManager: freezer override set to true
11-23 22:44:55.955  1011  1189 I ASH     : @ 122748.149: tcs3701: stop power rail pending_off timer
11-23 22:44:55.955  1011  1189 D ASH     : @ 122748.149: tcs3701: start power rail timer, state:3
11-23 22:44:55.960  9398  7808 I BatteryMgr:DataCollectionService: stats => 1700775895960,10070,4445,9765,4169000,100
11-23 22:44:55.972  3875  3875 I VISHotwordAdapter: Not connected and not waiting for connection.
11-23 22:44:55.973 12120 12183 W chromium: [WARNING:ev_root_ca_metadata.cc(119)] Not implemented
11-23 22:44:55.973 12120 12183 W chromium: [WARNING:ev_root_ca_metadata.cc(119)] Not implemented
11-23 22:44:55.976  3875  3875 I VISHotwordAdapter: Still waiting for connection; add the callback to callback list
11-23 22:44:55.979  3875  3875 W VISHotwordAdapter: gsaVis null binding. HDM in use.
11-23 22:44:55.994  1011  1189 I ASH     : @ 122748.189: tcs3701: stop power rail pending_off timer
11-23 22:44:55.994  1011  1189 D ASH     : @ 122748.189: tcs3701: start power rail timer, state:3
11-23 22:44:55.997  3845  3845 E AbstractGmsTracer: Traced class shouldn't be obfuscated: GmsBoundBrokerChimeraService [CONTEXT service_id=259 ]
11-23 22:44:55.998  3845  3845 D BoundBrokerSvc: onBind: Intent { act=com.google.android.gms.common.BIND_SHARED_PREFS pkg=com.google.android.gms }
11-23 22:44:55.998  3845  3845 D BoundBrokerSvc: Loading bound service for intent: Intent { act=com.google.android.gms.common.BIND_SHARED_PREFS pkg=com.google.android.gms }
11-23 22:44:55.998  3845  3845 E AbstractGmsTracer: Traced class shouldn't be obfuscated: SharedPreferencesBoundService [CONTEXT service_id=259 ]
11-23 22:44:56.001  3845  3845 D BoundBrokerSvc: onUnbind: Intent { act=com.google.android.gms.common.BIND_SHARED_PREFS pkg=com.google.android.gms }
11-23 22:44:56.001 12120 12161 I cr_BindingManager: Visible binding enabled: maxSize=-1
11-23 22:44:56.009  9398  7808 I BatteryMgr:DataCollectionService: stats => 1700775896009,10070,4445,9765,4169000,100
11-23 22:44:56.011  9398  9436 I BatteryMgr:DataCollectionService: stats => 1700775896011,10070,4445,9765,4169000,100
11-23 22:44:56.012  1795  3659 W PackageConfigPersister: App-specific configuration not found for packageName: com.chrome.canary and userId: 0
11-23 22:44:56.030 12120 12120 I cr_A11yState: Enabled accessibility services list updated.
11-23 22:44:56.032 12120 12120 I cr_A11yState: Informing listeners of changes.
11-23 22:44:56.032 12120 12120 I cr_A11yState: New AccessibilityState: State{isScreenReaderEnabled=false, isTouchExplorationEnabled=false, isPerformGesturesEnabled=false, isAnyAccessibilityServiceEnabled=false, isAccessibilityToolPresent=false, isSpokenFeedbackServicePresent=false, isTextShowPasswordEnabled=true, isOnlyPasswordManagersEnabled=false}
11-23 22:44:56.034  1011  1189 I ASH     : @ 122748.229: tcs3701: stop power rail pending_off timer
11-23 22:44:56.034  1011  1189 D ASH     : @ 122748.229: tcs3701: start power rail timer, state:3
11-23 22:44:56.065  9398  9436 I BatteryMgr:DataCollectionService: stats => 1700775896065,10070,4445,9765,4169000,100
11-23 22:44:56.074  1011  1189 I ASH     : @ 122748.269: tcs3701: stop power rail pending_off timer
11-23 22:44:56.074  1011  1189 D ASH     : @ 122748.269: tcs3701: start power rail timer, state:3
11-23 22:44:56.110 12120 12137 W m.chrome.canary: Cleared Reference was only reachable from finalizer (only reported once)
11-23 22:44:56.114 12120 12137 I m.chrome.canary: Explicit concurrent copying GC freed 338723(7454KB) AllocSpace objects, 4(144KB) LOS objects, 75% free, 11MB/46MB, paused 51us,55us total 55.506ms
11-23 22:44:56.114  1011  1189 I ASH     : @ 122748.309: tcs3701: stop power rail pending_off timer
11-23 22:44:56.114  1011  1189 D ASH     : @ 122748.309: tcs3701: start power rail timer, state:3
11-23 22:44:56.115  9398  7808 I BatteryMgr:DataCollectionService: stats => 1700775896115,10070,4445,9765,4169000,100
11-23 22:44:56.116  9398  9436 I BatteryMgr:DataCollectionService: stats => 1700775896116,10070,4445,9765,4169000,100
11-23 22:44:56.154  1011  1189 I ASH     : @ 122748.349: tcs3701: stop power rail pending_off timer
11-23 22:44:56.154  1011  1189 D ASH     : @ 122748.349: tcs3701: start power rail timer, state:3
11-23 22:44:56.169  9398  9436 I BatteryMgr:DataCollectionService: stats => 1700775896169,10070,4445,9765,4169000,100
11-23 22:44:56.170  3074  3074 D BoundBrokerSvc: onUnbind: Intent { act=com.google.android.gms.auth.account.workaccount.START dat=chimera-action:/... cmp=com.google.android.gms/.chimera.PersistentApiService }
11-23 22:44:56.180  1795  1853 D ActivityManager: freezer override set to false
11-23 22:44:56.194  1011  1189 I ASH     : @ 122748.389: tcs3701: stop power rail pending_off timer
11-23 22:44:56.194  1011  1189 D ASH     : @ 122748.389: tcs3701: start power rail timer, state:3
11-23 22:44:56.220  9398  7861 I BatteryMgr:DataCollectionService: stats => 1700775896220,10070,4445,9765,4169000,100
11-23 22:44:56.222  9398  7808 I BatteryMgr:DataCollectionService: stats => 1700775896222,10070,4445,9765,4169000,100
11-23 22:44:56.223  1795  4165 D ActivityManager: freezer override set to true
11-23 22:44:56.226  1795  4165 D ActivityManager: freezer override set to false
11-23 22:44:56.234  1011  1189 I ASH     : @ 122748.429: tcs3701: stop power rail pending_off timer
11-23 22:44:56.234  1011  1189 D ASH     : @ 122748.429: tcs3701: start power rail timer, state:3
11-23 22:44:56.274  9398  7808 I BatteryMgr:DataCollectionService: stats => 1700775896274,10070,4445,9765,4169000,100
11-23 22:44:56.274  1011  1189 I ASH     : @ 122748.469: tcs3701: stop power rail pending_off timer
11-23 22:44:56.274  1011  1189 D ASH     : @ 122748.469: tcs3701: start power rail timer, state:3
11-23 22:44:56.314  1011  1189 I ASH     : @ 122748.509: tcs3701: stop power rail pending_off timer
11-23 22:44:56.314  1011  1189 D ASH     : @ 122748.509: tcs3701: start power rail timer, state:3
11-23 22:44:56.326  9398  7861 I BatteryMgr:DataCollectionService: stats => 1700775896326,10070,4445,9765,4169000,100
11-23 22:44:56.327  9398  7808 I BatteryMgr:DataCollectionService: stats => 1700775896327,10070,4445,9765,4169000,100
11-23 22:44:56.354  1011  1189 I ASH     : @ 122748.549: tcs3701: stop power rail pending_off timer
11-23 22:44:56.354  1011  1189 D ASH     : @ 122748.549: tcs3701: start power rail timer, state:3
11-23 22:44:56.355 12120 12183 W chromium: [WARNING:ev_root_ca_metadata.cc(119)] Not implemented
11-23 22:44:56.377  9398  7808 I BatteryMgr:DataCollectionService: stats => 1700775896377,10070,4445,9765,4169000,100
11-23 22:44:56.394  1011  1189 I ASH     : @ 122748.589: tcs3701: stop power rail pending_off timer
11-23 22:44:56.394  1011  1189 D ASH     : @ 122748.589: tcs3701: start power rail timer, state:3
11-23 22:44:56.434  1011  1189 I ASH     : @ 122748.629: tcs3701: stop power rail pending_off timer
11-23 22:44:56.434  1011  1189 D ASH     : @ 122748.629: tcs3701: start power rail timer, state:3
11-23 22:44:56.434  9398  7808 I BatteryMgr:DataCollectionService: stats => 1700775896434,10070,4445,9765,4169000,100
11-23 22:44:56.436  9398  7861 I BatteryMgr:DataCollectionService: stats => 1700775896436,10070,4445,9765,4169000,100
11-23 22:44:56.474  1011  1189 I ASH     : @ 122748.669: tcs3701: stop power rail pending_off timer
11-23 22:44:56.474  1011  1189 D ASH     : @ 122748.669: tcs3701: start power rail timer, state:3
11-23 22:44:56.483  9398  7861 I BatteryMgr:DataCollectionService: stats => 1700775896483,10070,4445,9765,4169000,100
11-23 22:44:56.514  1011  1189 I ASH     : @ 122748.709: tcs3701: stop power rail pending_off timer
11-23 22:44:56.514  1011  1189 D ASH     : @ 122748.709: tcs3701: start power rail timer, state:3
11-23 22:44:56.539  9398  7861 I BatteryMgr:DataCollectionService: stats => 1700775896539,10070,4445,9765,4169000,100
11-23 22:44:56.541  9398  7808 I BatteryMgr:DataCollectionService: stats => 1700775896541,10070,4445,9765,4169000,100
11-23 22:44:56.554  1011  1189 I ASH     : @ 122748.749: tcs3701: stop power rail pending_off timer
11-23 22:44:56.554  1011  1189 D ASH     : @ 122748.749: tcs3701: start power rail timer, state:3
11-23 22:44:56.588  9398  7808 I BatteryMgr:DataCollectionService: stats => 1700775896588,10070,4445,9765,4169000,100
11-23 22:44:56.594  1011  1189 I ASH     : @ 122748.789: tcs3701: stop power rail pending_off timer
11-23 22:44:56.594  1011  1189 D ASH     : @ 122748.789: tcs3701: start power rail timer, state:3
11-23 22:44:56.634  1011  1189 I ASH     : @ 122748.829: tcs3701: stop power rail pending_off timer
11-23 22:44:56.634  1011  1189 D ASH     : @ 122748.829: tcs3701: start power rail timer, state:3
11-23 22:44:56.642  9398  7808 I BatteryMgr:DataCollectionService: stats => 1700775896642,10070,4445,9765,4169000,100
11-23 22:44:56.645  9398  7861 I BatteryMgr:DataCollectionService: stats => 1700775896645,10070,4445,9765,4169000,100
11-23 22:44:56.674  1011  1189 I ASH     : @ 122748.869: tcs3701: stop power rail pending_off timer
11-23 22:44:56.674  1011  1189 D ASH     : @ 122748.869: tcs3701: start power rail timer, state:3
11-23 22:44:56.693  9398  7861 I BatteryMgr:DataCollectionService: stats => 1700775896693,10070,4445,9765,4169000,100
11-23 22:44:56.714  1011  1189 I ASH     : @ 122748.909: tcs3701: stop power rail pending_off timer
11-23 22:44:56.714  1011  1189 D ASH     : @ 122748.909: tcs3701: start power rail timer, state:3
11-23 22:44:56.747  9398  7861 I BatteryMgr:DataCollectionService: stats => 1700775896747,10070,4445,9765,4169000,100
11-23 22:44:56.749  9398  7808 I BatteryMgr:DataCollectionService: stats => 1700775896749,10070,4445,9765,4169000,100
11-23 22:44:56.754  1011  1189 I ASH     : @ 122748.949: tcs3701: stop power rail pending_off timer
11-23 22:44:56.754  1011  1189 D ASH     : @ 122748.949: tcs3701: start power rail timer, state:3
11-23 22:44:56.794  1011  1189 I ASH     : @ 122748.989: tcs3701: stop power rail pending_off timer
11-23 22:44:56.794  1011  1189 D ASH     : @ 122748.989: tcs3701: start power rail timer, state:3
11-23 22:44:56.797  9398  7808 I BatteryMgr:DataCollectionService: stats => 1700775896797,10070,4445,9765,4169000,100
11-23 22:44:56.834  1011  1189 I ASH     : @ 122749.029: tcs3701: stop power rail pending_off timer
11-23 22:44:56.834  1011  1189 D ASH     : @ 122749.029: tcs3701: start power rail timer, state:3
11-23 22:44:56.847  2113  2118 I pixel-thermal: skin-therm-monitor: 39.636
11-23 22:44:56.849 12207 12234 I AdrenoVK-0: QUALCOMM build          : 4783c89, I46ff5fc46f
11-23 22:44:56.849 12207 12234 I AdrenoVK-0: Build Date              : 11/30/20
11-23 22:44:56.849 12207 12234 I AdrenoVK-0: Shader Compiler Version : EV031.31.04.01
11-23 22:44:56.849 12207 12234 I AdrenoVK-0: Local Branch            : QPR2
11-23 22:44:56.849 12207 12234 I AdrenoVK-0: Remote Branch           : 
11-23 22:44:56.849 12207 12234 I AdrenoVK-0: Remote Branch           : 
11-23 22:44:56.849 12207 12234 I AdrenoVK-0: Reconstruct Branch      : 
11-23 22:44:56.850 12207 12234 I AdrenoVK-0: Build Config            : S P 10.0.4 AArch64
11-23 22:44:56.850 12207 12234 I AdrenoVK-0: Driver Path             : /vendor/lib64/hw/vulkan.adreno.so
11-23 22:44:56.855  9398  7861 I BatteryMgr:DataCollectionService: stats => 1700775896855,10070,4445,9765,4169000,100
11-23 22:44:56.856  9398  7808 I BatteryMgr:DataCollectionService: stats => 1700775896855,10070,4445,9765,4169000,100
11-23 22:44:56.874  1011  1189 I ASH     : @ 122749.069: tcs3701: stop power rail pending_off timer
11-23 22:44:56.874  1011  1189 D ASH     : @ 122749.069: tcs3701: start power rail timer, state:3
11-23 22:44:56.907  9398  7808 I BatteryMgr:DataCollectionService: stats => 1700775896907,10070,4445,9765,4169000,100
11-23 22:44:56.914  1011  1189 I ASH     : @ 122749.109: tcs3701: stop power rail pending_off timer
11-23 22:44:56.914  1011  1189 D ASH     : @ 122749.109: tcs3701: start power rail timer, state:3
11-23 22:44:56.954  1011  1189 I ASH     : @ 122749.149: tcs3701: stop power rail pending_off timer
11-23 22:44:56.954  1011  1189 D ASH     : @ 122749.149: tcs3701: start power rail timer, state:3
11-23 22:44:56.955  1795  4165 D ActivityManager: freezer override set to true
11-23 22:44:56.965  1795  4165 D ActivityManager: freezer override set to false
11-23 22:44:56.968  9398  7861 I BatteryMgr:DataCollectionService: stats => 1700775896968,10070,4445,9765,4169000,100
11-23 22:44:56.969  9398  7808 I BatteryMgr:DataCollectionService: stats => 1700775896969,10070,4445,9765,4169000,100
11-23 22:44:56.979  9544  9556 I native  : I0000 00:00:1700775896.979499    9556 device_profile_database_helpers.cc:563] Found nothing for mTS_ld
11-23 22:44:56.979  9544  9556 I native  : I0000 00:00:1700775896.979672    9556 device_profile_database_helpers.cc:563] Found nothing for redfin/redfin
11-23 22:44:56.979  9544  9556 I native  : I0000 00:00:1700775896.979688    9556 device_profile_database_helpers.cc:550] Considering b4SrL5:11
11-23 22:44:56.979  9544  9556 I native  : I0000 00:00:1700775896.979715    9556 device_profile_database_helpers.cc:509] Device profile for google/redfin/redfin:13/TQ3A.230901.001/10750268:user/release-keys: b4SrL5:11
11-23 22:44:56.990  1011  1189 I VSC     : @ 122749.185: {Fusion} configure fusion 15 16666us 0us.
11-23 22:44:56.990  1011  1189 D VSC     : @ 122749.185: [Game Rotation Vector Sensor] Request accel, interval 16.6 ms, latency 0.0 ms
11-23 22:44:56.991  1011  1189 D VSC     : @ 122749.185: [Game Rotation Vector Sensor] Request gyro, interval 5.0 ms, latency 0.0 ms
11-23 22:44:56.994  1011  1189 I ASH     : @ 122749.189: tcs3701: stop power rail pending_off timer
11-23 22:44:56.994  1011  1189 D ASH     : @ 122749.189: tcs3701: start power rail timer, state:3
11-23 22:44:57.010  1011  1189 D ASH     : @ 122749.205: SensorType 1 resampler quality 3
11-23 22:44:57.011  1011  1189 D ASH     : @ 122749.206: SensorType 1 resampler quality 2
11-23 22:44:57.011  9398  7808 I BatteryMgr:DataCollectionService: stats => 1700775897011,10070,4445,9765,4169000,100
11-23 22:44:57.034  1011  1189 I ASH     : @ 122749.229: tcs3701: stop power rail pending_off timer
11-23 22:44:57.034  1011  1189 D ASH     : @ 122749.229: tcs3701: start power rail timer, state:3
11-23 22:44:57.034  1011  1189 D ASH     : @ 122749.230: SensorType 195 resampler quality 1
11-23 22:44:57.074  1011  1189 I ASH     : @ 122749.269: tcs3701: stop power rail pending_off timer
11-23 22:44:57.074  1011  1189 D ASH     : @ 122749.269: tcs3701: start power rail timer, state:3
11-23 22:44:57.076  9398  7808 I BatteryMgr:DataCollectionService: stats => 1700775897076,10070,4445,9765,4169000,100
11-23 22:44:57.078  9398  7861 I BatteryMgr:DataCollectionService: stats => 1700775897078,10070,4445,9765,4169000,100
11-23 22:44:57.079 12120 12182 W chromium: [WARNING:ev_root_ca_metadata.cc(119)] Not implemented
11-23 22:44:57.083 12120 12183 W chromium: [WARNING:ev_root_ca_metadata.cc(119)] Not implemented
11-23 22:44:57.084 12120 12183 W chromium: [WARNING:ev_root_ca_metadata.cc(119)] Not implemented
11-23 22:44:57.098 12120 12183 W chromium: [WARNING:ev_root_ca_metadata.cc(119)] Not implemented
11-23 22:44:57.114  1011  1189 I ASH     : @ 122749.309: tcs3701: stop power rail pending_off timer
11-23 22:44:57.114  1011  1189 D ASH     : @ 122749.309: tcs3701: start power rail timer, state:3
11-23 22:44:57.116  9398  7861 I BatteryMgr:DataCollectionService: stats => 1700775897116,10070,4445,9765,4169000,100
11-23 22:44:57.131 12120 12183 W chromium: [WARNING:ev_root_ca_metadata.cc(119)] Not implemented
11-23 22:44:57.149 12120 12183 W chromium: [WARNING:ev_root_ca_metadata.cc(119)] Not implemented
11-23 22:44:57.154  1011  1189 I ASH     : @ 122749.349: tcs3701: stop power rail pending_off timer
11-23 22:44:57.154  1011  1189 D ASH     : @ 122749.349: tcs3701: start power rail timer, state:3
11-23 22:44:57.171 12120 12183 W chromium: [WARNING:ev_root_ca_metadata.cc(119)] Not implemented
11-23 22:44:57.183  9398  7808 I BatteryMgr:DataCollectionService: stats => 1700775897183,10070,4445,9765,4169000,100
11-23 22:44:57.185  9398  7861 I BatteryMgr:DataCollectionService: stats => 1700775897185,10070,4445,9765,4169000,100
11-23 22:44:57.194  1011  1189 I ASH     : @ 122749.389: tcs3701: stop power rail pending_off timer
11-23 22:44:57.194  1011  1189 D ASH     : @ 122749.389: tcs3701: start power rail timer, state:3
11-23 22:44:57.220  9398  7861 I BatteryMgr:DataCollectionService: stats => 1700775897220,10070,4445,9765,4169000,100
11-23 22:44:57.234  1011  1189 I ASH     : @ 122749.429: tcs3701: stop power rail pending_off timer
11-23 22:44:57.234  1011  1189 D ASH     : @ 122749.429: tcs3701: start power rail timer, state:3
11-23 22:44:57.274  1011  1189 I ASH     : @ 122749.469: tcs3701: stop power rail pending_off timer
11-23 22:44:57.274  1011  1189 D ASH     : @ 122749.469: tcs3701: start power rail timer, state:3
11-23 22:44:57.295  9398  7861 I BatteryMgr:DataCollectionService: stats => 1700775897294,10070,4445,9765,4169000,100
11-23 22:44:57.295  9398  7808 I BatteryMgr:DataCollectionService: stats => 1700775897295,10070,4445,9765,4169000,100
11-23 22:44:57.314  1011  1189 I ASH     : @ 122749.509: tcs3701: stop power rail pending_off timer
11-23 22:44:57.314  1011  1189 D ASH     : @ 122749.509: tcs3701: start power rail timer, state:3
11-23 22:44:57.332  9398  7808 I BatteryMgr:DataCollectionService: stats => 1700775897332,10070,4445,9765,4169000,100
11-23 22:44:57.354  1011  1189 I ASH     : @ 122749.549: tcs3701: stop power rail pending_off timer
11-23 22:44:57.354  1011  1189 D ASH     : @ 122749.549: tcs3701: start power rail timer, state:3
11-23 22:44:57.393  1795  3659 D ActivityManager: freezer override set to true
11-23 22:44:57.394  1011  1189 I ASH     : @ 122749.589: tcs3701: stop power rail pending_off timer
11-23 22:44:57.394  1011  1189 D ASH     : @ 122749.589: tcs3701: start power rail timer, state:3
11-23 22:44:57.402  9398  7808 I BatteryMgr:DataCollectionService: stats => 1700775897402,10070,4445,9765,4169000,100
11-23 22:44:57.402  9398  7861 I BatteryMgr:DataCollectionService: stats => 1700775897402,10070,4445,9765,4169000,100
11-23 22:44:57.434  1011  1189 I ASH     : @ 122749.629: tcs3701: stop power rail pending_off timer
11-23 22:44:57.434  1011  1189 D ASH     : @ 122749.629: tcs3701: start power rail timer, state:3
11-23 22:44:57.436  9398  7861 I BatteryMgr:DataCollectionService: stats => 1700775897436,10070,4445,9765,4169000,100
11-23 22:44:57.466  1795  2424 D WifiClientModeImpl[13802:wlan0]: updateLinkLayerStatsRssiSpeedFrequencyCapabilities rssi=-43 TxLinkspeed=104 freq=5240 RxLinkSpeed=866
11-23 22:44:57.467  1795  2424 D WifiDataStall: tx tput in kbps: 636307
11-23 22:44:57.467  1795  2424 D WifiDataStall: rx tput in kbps: 707007
11-23 22:44:57.467  1795  2424 V WifiConfigManager: Updating scan detail cache freq=5240 BSSID=f4:6d:2f:12:cc:88 RSSI=-43 for "ourhome"WPA_PSK
11-23 22:44:57.467  2782  5906 D QCNEJ/WlanStaInfoRelay: Received action: android.net.wifi.RSSI_CHANGED
11-23 22:44:57.467  1795  2424 D WifiChannelUtilization:  freq: 5240 onTime: 3990898 busyTime: 430758 onTimeDiff: 616106 busyTimeDiff: 115059 utilization: 47 utilization t0: 27
11-23 22:44:57.467  1795  2424 D WifiDataStall:  ccaLevel = 47
11-23 22:44:57.467  1795  2424 D WifiDataStall: L2 txTputKbps: 82359, rxTputKbps: 707007, L3 txTputKbps: 79, rxTputKbps: 213, TxTrafficHigh: true, RxTrafficHigh: true, Throughput Sufficient: true
11-23 22:44:57.467  1795  2424 D WifiScoreReport: Wifi scoring disabled - Don't check IP layer
11-23 22:44:57.467  3213  3232 V WifiManager: OnWifiUsabilityStatsListener: onWifiUsabilityStats: seqNum=40499
11-23 22:44:57.468  1795  3745 I WifiService: updateWifiUsabilityScore uid=10180 seqNum=40499 score=100 predictionHorizonSec=1441795
11-23 22:44:57.468  1795  2424 D WifiScoreCard: BSSID update SIGNAL_POLL ID: 1320464697 SSID: "ourhome", BSSID: f4:6d:2f:12:cc:88, MAC: b2:2f:ec:da:4a:0c, IP: /192.168.1.104, Security type: 2, Supplicant state: COMPLETED, Wi-Fi standard: 5, RSSI: -43, Link speed: 104Mbps, Tx Link speed: 104Mbps, Max Supported Tx Link speed: 866Mbps, Rx Link speed: 866Mbps, Max Supported Rx Link speed: 866Mbps, Frequency: 5240MHz, Net ID: 12, Metered hint: false, score: 60, isUsable: true, CarrierMerged: false, SubscriptionId: -1, IsPrimary: 1, Trusted: true, Restricted: false, Ephemeral: false, OEM paid: false, OEM private: false, OSU AP: false, FQDN: <none>, Provider friendly name: <none>, Requesting package name: <none>"ourhome"wpa2-pskMLO Information: , Is TID-To-Link negotiation supported by the AP: false, AP MLD Address: <none>, AP MLO Link Id: <none>, AP MLO Affiliated links: <none>
11-23 22:44:57.468  1795  2424 D WifiScoreCard: txRate: 29 txSpeed: 104
11-23 22:44:57.468  1795  2424 D WifiScoreCard: network update SIGNAL_POLL "ourhome" ID: 1499892569 RSSI -43 txSpeed 104
11-23 22:44:57.469  1795  2424 D WifiClientModeImpl[13802:wlan0]:  ClientModeImpl$L2ConnectedState screen=on 25 0 "ourhome" f4:6d:2f:12:cc:88 rssi=-43 f=5240 sc=60 link=104 tx=27.5, 1.3, 0.0 rx=18.3 bcn=1178812 [on:1353 tx:17 rx:10 period:3006] from screen [on:630247 period:9744833] score=60
11-23 22:44:57.469  1795  2424 D WifiScoreReport: Wifi scoring disabled - Notify that Wifi is usable
11-23 22:44:57.471  1795  2432 D ConnectivityService: NetReassign [no changes] [c 0] [a 0] [i 2]
11-23 22:44:57.474  1011  1189 I ASH     : @ 122749.669: tcs3701: stop power rail pending_off timer
11-23 22:44:57.474  1011  1189 D ASH     : @ 122749.669: tcs3701: start power rail timer, state:3
11-23 22:44:57.508  9398  7861 I BatteryMgr:DataCollectionService: stats => 1700775897508,10070,4445,9765,4169000,100
11-23 22:44:57.508  9398  7808 I BatteryMgr:DataCollectionService: stats => 1700775897508,10070,4445,9765,4169000,100
11-23 22:44:57.514  1011  1189 I ASH     : @ 122749.709: tcs3701: stop power rail pending_off timer
11-23 22:44:57.514  1011  1189 D ASH     : @ 122749.709: tcs3701: start power rail timer, state:3
11-23 22:44:57.541  9398  7808 I BatteryMgr:DataCollectionService: stats => 1700775897541,10070,4445,9765,4169000,100
11-23 22:44:57.555  1011  1189 I ASH     : @ 122749.749: tcs3701: stop power rail pending_off timer
11-23 22:44:57.555  1011  1189 D ASH     : @ 122749.749: tcs3701: start power rail timer, state:3
11-23 22:44:57.572 12120 12137 I m.chrome.canary: Explicit concurrent copying GC freed 574762(11MB) AllocSpace objects, 1(20KB) LOS objects, 75% free, 13MB/55MB, paused 129us,27us total 63.806ms
11-23 22:44:57.594  1011  1189 I ASH     : @ 122749.789: tcs3701: stop power rail pending_off timer
11-23 22:44:57.594  1011  1189 D ASH     : @ 122749.789: tcs3701: start power rail timer, state:3
11-23 22:44:57.615  9398  7808 I BatteryMgr:DataCollectionService: stats => 1700775897615,10070,4445,9765,4169000,100
11-23 22:44:57.616  9398  7861 I BatteryMgr:DataCollectionService: stats => 1700775897616,10070,4445,9765,4169000,100
11-23 22:44:57.634  1011  1189 I ASH     : @ 122749.829: tcs3701: stop power rail pending_off timer
11-23 22:44:57.634  1011  1189 D ASH     : @ 122749.829: tcs3701: start power rail timer, state:3
11-23 22:44:57.646  1795  3659 D ActivityManager: freezer override set to false
11-23 22:44:57.648  9398  7861 I BatteryMgr:DataCollectionService: stats => 1700775897648,10070,4445,9765,4169000,100
11-23 22:44:57.674  1011  1189 I ASH     : @ 122749.869: tcs3701: stop power rail pending_off timer
11-23 22:44:57.674  1011  1189 D ASH     : @ 122749.869: tcs3701: start power rail timer, state:3
11-23 22:44:57.708  1795  3745 D ActivityManager: freezer override set to true
11-23 22:44:57.714  1011  1189 I ASH     : @ 122749.909: tcs3701: stop power rail pending_off timer
11-23 22:44:57.714  1011  1189 D ASH     : @ 122749.909: tcs3701: start power rail timer, state:3
11-23 22:44:57.719  9398  7861 I BatteryMgr:DataCollectionService: stats => 1700775897719,10070,4445,9765,4169000,100
11-23 22:44:57.720  9398  7808 I BatteryMgr:DataCollectionService: stats => 1700775897720,10070,4445,9765,4169000,100
11-23 22:44:57.754  1011  1189 I ASH     : @ 122749.949: tcs3701: stop power rail pending_off timer
11-23 22:44:57.754  1011  1189 D ASH     : @ 122749.949: tcs3701: start power rail timer, state:3
11-23 22:44:57.759  9398  7808 I BatteryMgr:DataCollectionService: stats => 1700775897759,10070,4445,9765,4169000,100
11-23 22:44:57.774  1795  3745 D ActivityManager: freezer override set to false
11-23 22:44:57.794  1011  1189 I ASH     : @ 122749.989: tcs3701: stop power rail pending_off timer
11-23 22:44:57.794  1011  1189 D ASH     : @ 122749.989: tcs3701: start power rail timer, state:3
11-23 22:44:57.828  9398  7861 I BatteryMgr:DataCollectionService: stats => 1700775897828,10070,4445,9765,4169000,100
11-23 22:44:57.828  9398  7808 I BatteryMgr:DataCollectionService: stats => 1700775897828,10070,4445,9765,4169000,100
11-23 22:44:57.834  1011  1189 I ASH     : @ 122750.029: tcs3701: stop power rail pending_off timer
11-23 22:44:57.834  1011  1189 D ASH     : @ 122750.029: tcs3701: start power rail timer, state:3
11-23 22:44:57.864  9398  7861 I BatteryMgr:DataCollectionService: stats => 1700775897864,10070,4445,9765,4169000,100
11-23 22:44:57.874  1011  1189 I ASH     : @ 122750.069: tcs3701: stop power rail pending_off timer
11-23 22:44:57.874  1011  1189 D ASH     : @ 122750.069: tcs3701: start power rail timer, state:3
11-23 22:44:57.914  1011  1189 I ASH     : @ 122750.109: tcs3701: stop power rail pending_off timer
11-23 22:44:57.914  1011  1189 D ASH     : @ 122750.109: tcs3701: start power rail timer, state:3
11-23 22:44:57.934  9398  7808 I BatteryMgr:DataCollectionService: stats => 1700775897934,10070,4445,9765,4169000,100
11-23 22:44:57.936  9398  7861 I BatteryMgr:DataCollectionService: stats => 1700775897936,10070,4445,9765,4169000,100
11-23 22:44:57.939  1795  3745 D ActivityManager: freezer override set to true
11-23 22:44:57.944  1795  3745 D ActivityManager: freezer override set to false
11-23 22:44:57.954  1011  1189 I ASH     : @ 122750.149: tcs3701: stop power rail pending_off timer
11-23 22:44:57.954  1011  1189 D ASH     : @ 122750.149: tcs3701: start power rail timer, state:3
11-23 22:44:57.968  9398  7861 I BatteryMgr:DataCollectionService: stats => 1700775897968,10070,4445,9765,4169000,100
11-23 22:44:57.994  1011  1189 I ASH     : @ 122750.189: tcs3701: stop power rail pending_off timer
11-23 22:44:57.994  1011  1189 D ASH     : @ 122750.189: tcs3701: start power rail timer, state:3
11-23 22:44:58.034  1011  1189 I ASH     : @ 122750.229: tcs3701: stop power rail pending_off timer
11-23 22:44:58.034  1011  1189 D ASH     : @ 122750.229: tcs3701: start power rail timer, state:3
11-23 22:44:58.039  9398  7808 I BatteryMgr:DataCollectionService: stats => 1700775898039,10070,4445,9765,4169000,100
11-23 22:44:58.040  9398  7861 I BatteryMgr:DataCollectionService: stats => 1700775898040,10070,4445,9765,4169000,100
11-23 22:44:58.072  9398  7861 I BatteryMgr:DataCollectionService: stats => 1700775898072,10070,4445,9765,4169000,100
11-23 22:44:58.074  1011  1189 I ASH     : @ 122750.269: tcs3701: stop power rail pending_off timer
11-23 22:44:58.074  1011  1189 D ASH     : @ 122750.269: tcs3701: start power rail timer, state:3
11-23 22:44:58.114  1011  1189 I ASH     : @ 122750.309: tcs3701: stop power rail pending_off timer
11-23 22:44:58.114  1011  1189 D ASH     : @ 122750.309: tcs3701: start power rail timer, state:3
11-23 22:44:58.144 12120 12182 W chromium: [WARNING:ev_root_ca_metadata.cc(119)] Not implemented
11-23 22:44:58.144 12120 12182 W chromium: [WARNING:ev_root_ca_metadata.cc(119)] Not implemented
11-23 22:44:58.146  9398  7861 I BatteryMgr:DataCollectionService: stats => 1700775898146,10070,4445,9765,4169000,100
11-23 22:44:58.148  9398  7808 I BatteryMgr:DataCollectionService: stats => 1700775898148,10070,4445,9765,4169000,100
11-23 22:44:58.154  1011  1189 I ASH     : @ 122750.349: tcs3701: stop power rail pending_off timer
11-23 22:44:58.154  1011  1189 D ASH     : @ 122750.349: tcs3701: start power rail timer, state:3
11-23 22:44:58.178  9398  7808 I BatteryMgr:DataCollectionService: stats => 1700775898178,10070,4445,9765,4169000,100
11-23 22:44:58.194  1011  1189 I ASH     : @ 122750.389: tcs3701: stop power rail pending_off timer
11-23 22:44:58.194  1011  1189 D ASH     : @ 122750.389: tcs3701: start power rail timer, state:3
11-23 22:44:58.234  1011  1189 I ASH     : @ 122750.429: tcs3701: stop power rail pending_off timer
11-23 22:44:58.234  1011  1189 D ASH     : @ 122750.429: tcs3701: start power rail timer, state:3
11-23 22:44:58.252  9398  7808 I BatteryMgr:DataCollectionService: stats => 1700775898252,10070,4445,9765,4169000,100
11-23 22:44:58.254  9398  7861 I BatteryMgr:DataCollectionService: stats => 1700775898254,10070,4445,9765,4169000,100
11-23 22:44:58.274  1011  1189 I ASH     : @ 122750.469: tcs3701: stop power rail pending_off timer
11-23 22:44:58.274  1011  1189 D ASH     : @ 122750.469: tcs3701: start power rail timer, state:3
11-23 22:44:58.284  9398  7861 I BatteryMgr:DataCollectionService: stats => 1700775898284,10070,4445,9765,4169000,100
11-23 22:44:58.314  1011  1189 I ASH     : @ 122750.509: tcs3701: stop power rail pending_off timer
11-23 22:44:58.314  1011  1189 D ASH     : @ 122750.509: tcs3701: start power rail timer, state:3
11-23 22:44:58.354  1011  1189 I ASH     : @ 122750.549: tcs3701: stop power rail pending_off timer
11-23 22:44:58.354  1011  1189 D ASH     : @ 122750.549: tcs3701: start power rail timer, state:3
11-23 22:44:58.377  9398  7861 I BatteryMgr:DataCollectionService: stats => 1700775898377,10070,4445,9765,4169000,100
11-23 22:44:58.379  9398  7808 I BatteryMgr:DataCollectionService: stats => 1700775898379,10070,4445,9765,4169000,100
11-23 22:44:58.393  9398  7808 I BatteryMgr:DataCollectionService: stats => 1700775898393,10070,4445,9765,4169000,100
11-23 22:44:58.394  1011  1189 I ASH     : @ 122750.589: tcs3701: stop power rail pending_off timer
11-23 22:44:58.394  1011  1189 D ASH     : @ 122750.589: tcs3701: start power rail timer, state:3
11-23 22:44:58.435  1011  1189 I ASH     : @ 122750.629: tcs3701: stop power rail pending_off timer
11-23 22:44:58.435  1011  1189 D ASH     : @ 122750.629: tcs3701: start power rail timer, state:3
11-23 22:44:58.474  1011  1189 I ASH     : @ 122750.669: tcs3701: stop power rail pending_off timer
11-23 22:44:58.475  1011  1189 D ASH     : @ 122750.669: tcs3701: start power rail timer, state:3
11-23 22:44:58.487  9398  7861 I BatteryMgr:DataCollectionService: stats => 1700775898487,10070,4445,9765,4169000,100
11-23 22:44:58.488  9398  7808 I BatteryMgr:DataCollectionService: stats => 1700775898488,10070,4445,9765,4169000,100
11-23 22:44:58.499 12120 12120 D CompatibilityChangeReporter: Compat change id reported: 194532703; UID 10010; state: ENABLED
11-23 22:44:58.500  9398  7808 I BatteryMgr:DataCollectionService: stats => 1700775898500,10070,4445,9765,4169000,100
11-23 22:44:58.501  1795  3745 D CompatibilityChangeReporter: Compat change id reported: 194532703; UID 10010; state: ENABLED
11-23 22:44:58.514  1011  1189 I ASH     : @ 122750.709: tcs3701: stop power rail pending_off timer
11-23 22:44:58.514  1011  1189 D ASH     : @ 122750.709: tcs3701: start power rail timer, state:3
11-23 22:44:58.516 12120 12120 I cr_omaha: Scheduled using JobService
11-23 22:44:58.516 12120 12120 E cr_BkgrdTaskJS: Tried finishing non-current BackgroundTask.
11-23 22:44:58.554  1011  1189 I ASH     : @ 122750.749: tcs3701: stop power rail pending_off timer
11-23 22:44:58.554  1011  1189 D ASH     : @ 122750.749: tcs3701: start power rail timer, state:3
11-23 22:44:58.594  1011  1189 I ASH     : @ 122750.789: tcs3701: stop power rail pending_off timer
11-23 22:44:58.594  1011  1189 D ASH     : @ 122750.789: tcs3701: start power rail timer, state:3
11-23 22:44:58.597  9398  7808 I BatteryMgr:DataCollectionService: stats => 1700775898597,10070,4445,9765,4169000,100
11-23 22:44:58.598  9398  7861 I BatteryMgr:DataCollectionService: stats => 1700775898598,10070,4445,9765,4169000,100
11-23 22:44:58.612  9398  7861 I BatteryMgr:DataCollectionService: stats => 1700775898612,10070,4445,9765,4169000,100
11-23 22:44:58.635  1011  1189 I ASH     : @ 122750.829: tcs3701: stop power rail pending_off timer
11-23 22:44:58.636  1011  1189 D ASH     : @ 122750.829: tcs3701: start power rail timer, state:3
11-23 22:44:58.674  1011  1189 I ASH     : @ 122750.869: tcs3701: stop power rail pending_off timer
11-23 22:44:58.674  1011  1189 D ASH     : @ 122750.869: tcs3701: start power rail timer, state:3
11-23 22:44:58.707  9398  7861 I BatteryMgr:DataCollectionService: stats => 1700775898707,10070,4445,9765,4169000,100
11-23 22:44:58.707  9398  7808 I BatteryMgr:DataCollectionService: stats => 1700775898707,10070,4445,9765,4169000,100
11-23 22:44:58.714  1011  1189 I ASH     : @ 122750.909: tcs3701: stop power rail pending_off timer
11-23 22:44:58.714  1011  1189 D ASH     : @ 122750.909: tcs3701: start power rail timer, state:3
11-23 22:44:58.719  9398  7808 I BatteryMgr:DataCollectionService: stats => 1700775898719,10070,4445,9765,4169000,100
11-23 22:44:58.754  1011  1189 I ASH     : @ 122750.949: tcs3701: stop power rail pending_off timer
11-23 22:44:58.754  1011  1189 D ASH     : @ 122750.949: tcs3701: start power rail timer, state:3
11-23 22:44:58.794  1011  1189 I ASH     : @ 122750.989: tcs3701: stop power rail pending_off timer
11-23 22:44:58.794  1011  1189 D ASH     : @ 122750.989: tcs3701: start power rail timer, state:3
11-23 22:44:58.813  9398  7808 I BatteryMgr:DataCollectionService: stats => 1700775898813,10070,4445,9765,4169000,100
11-23 22:44:58.814  9398  7861 I BatteryMgr:DataCollectionService: stats => 1700775898814,10070,4445,9765,4169000,100
11-23 22:44:58.829  9398  7861 I BatteryMgr:DataCollectionService: stats => 1700775898829,10070,4445,9765,4169000,100
11-23 22:44:58.834  1011  1189 I ASH     : @ 122751.029: tcs3701: stop power rail pending_off timer
11-23 22:44:58.834  1011  1189 D ASH     : @ 122751.029: tcs3701: start power rail timer, state:3
11-23 22:44:58.851  2113  2118 I pixel-thermal: skin-therm-monitor: 39.599
11-23 22:44:58.874  1011  1189 I ASH     : @ 122751.069: tcs3701: stop power rail pending_off timer
11-23 22:44:58.874  1011  1189 D ASH     : @ 122751.069: tcs3701: start power rail timer, state:3
11-23 22:44:58.914  1011  1189 I ASH     : @ 122751.109: tcs3701: stop power rail pending_off timer
11-23 22:44:58.914  1011  1189 D ASH     : @ 122751.109: tcs3701: start power rail timer, state:3
11-23 22:44:58.922  9398  7808 I BatteryMgr:DataCollectionService: stats => 1700775898922,10070,4445,9765,4169000,100
11-23 22:44:58.922  9398  7861 I BatteryMgr:DataCollectionService: stats => 1700775898922,10070,4445,9765,4169000,100
11-23 22:44:58.933  9398  7861 I BatteryMgr:DataCollectionService: stats => 1700775898933,10070,4445,9765,4169000,100
11-23 22:44:58.954  1011  1189 I ASH     : @ 122751.149: tcs3701: stop power rail pending_off timer
11-23 22:44:58.954  1011  1189 D ASH     : @ 122751.149: tcs3701: start power rail timer, state:3
11-23 22:44:58.954  1795  3659 D ActivityManager: freezer override set to true
11-23 22:44:58.963  1795  3659 D ActivityManager: freezer override set to false
11-23 22:44:58.994  1011  1189 I ASH     : @ 122751.189: tcs3701: stop power rail pending_off timer
11-23 22:44:58.995  1011  1189 D ASH     : @ 122751.189: tcs3701: start power rail timer, state:3
11-23 22:44:59.034  1011  1189 I ASH     : @ 122751.229: tcs3701: stop power rail pending_off timer
11-23 22:44:59.034  1011  1189 D ASH     : @ 122751.229: tcs3701: start power rail timer, state:3
11-23 22:44:59.043  9398  5999 I BatteryMgr:DataCollectionService: stats => 1700775899043,10070,4445,9765,4169000,100
11-23 22:44:59.044  9398  7861 I BatteryMgr:DataCollectionService: stats => 1700775899044,10070,4445,9765,4169000,100
11-23 22:44:59.052  9398  9436 I BatteryMgr:DataCollectionService: stats => 1700775899052,10070,4445,9765,4169000,100
11-23 22:44:59.056  1795  4165 D ActivityManager: freezer override set to true
11-23 22:44:59.074  1011  1189 I ASH     : @ 122751.269: tcs3701: stop power rail pending_off timer
