11-23 22:57:53.754  1011  1189 I ASH     : @ 123525.949: tcs3701: stop power rail pending_off timer
11-23 22:57:53.754  1011  1189 D ASH     : @ 123525.949: tcs3701: start power rail timer, state:3
11-23 22:57:53.794  1011  1189 I ASH     : @ 123525.989: tcs3701: stop power rail pending_off timer
11-23 22:57:53.794  1011  1189 D ASH     : @ 123525.989: tcs3701: start power rail timer, state:3
11-23 22:57:53.807  1795  4157 D ActivityManager: freezer override set to true
11-23 22:57:53.823  9398  7861 I BatteryMgr:DataCollectionService: stats => 1700776673823,13427,4445,9765,4169000,100
11-23 22:57:53.825  9398  9434 I BatteryMgr:DataCollectionService: stats => 1700776673824,13427,4445,9765,4169000,100
11-23 22:57:53.833  9398  9434 I BatteryMgr:DataCollectionService: stats => 1700776673833,13427,4445,9765,4169000,100
11-23 22:57:53.834  1011  1189 I ASH     : @ 123526.029: tcs3701: stop power rail pending_off timer
11-23 22:57:53.834  1011  1189 D ASH     : @ 123526.029: tcs3701: start power rail timer, state:3
11-23 22:57:53.874  1011  1189 I ASH     : @ 123526.069: tcs3701: stop power rail pending_off timer
11-23 22:57:53.874  1011  1189 D ASH     : @ 123526.069: tcs3701: start power rail timer, state:3
11-23 22:57:53.885  1795  2424 D WifiNetworkSelector: Current connected network: 12
11-23 22:57:53.885  1795  2424 V WifiConnectivityManager: No partial scan because firmware roaming is supported.
11-23 22:57:53.885  1795  2424 V WifiConnectivityManager: schedulePeriodicScanTimer intervalMs 20000
11-23 22:57:53.896 27714 27730 I m.chrome.canary: Explicit concurrent copying GC freed 3575(176KB) AllocSpace objects, 3(60KB) LOS objects, 75% free, 12MB/49MB, paused 33us,27us total 48.970ms
11-23 22:57:53.915  1011  1189 I ASH     : @ 123526.109: tcs3701: stop power rail pending_off timer
11-23 22:57:53.915  1011  1189 D ASH     : @ 123526.109: tcs3701: start power rail timer, state:3
11-23 22:57:53.930  9398  7861 I BatteryMgr:DataCollectionService: stats => 1700776673930,13427,4445,9765,4169000,100
11-23 22:57:53.931  9398  9434 I BatteryMgr:DataCollectionService: stats => 1700776673931,13427,4445,9765,4169000,100
11-23 22:57:53.940  9398  9434 I BatteryMgr:DataCollectionService: stats => 1700776673940,13427,4445,9765,4169000,100
11-23 22:57:53.954  1011  1189 I ASH     : @ 123526.149: tcs3701: stop power rail pending_off timer
11-23 22:57:53.954  1011  1189 D ASH     : @ 123526.149: tcs3701: start power rail timer, state:3
11-23 22:57:53.956  1795  4157 D ActivityManager: freezer override set to false
11-23 22:57:53.974  1795  4157 D ActivityManager: freezer override set to true
11-23 22:57:53.978  1795  4157 D ActivityManager: freezer override set to false
11-23 22:57:53.994  1011  1189 I ASH     : @ 123526.189: tcs3701: stop power rail pending_off timer
11-23 22:57:53.994  1011  1189 D ASH     : @ 123526.189: tcs3701: start power rail timer, state:3
11-23 22:57:54.000  1795  4157 D ActivityManager: freezer override set to true
11-23 22:57:54.003  1795  4157 D ActivityManager: freezer override set to false
11-23 22:57:54.034  1011  1189 I ASH     : @ 123526.229: tcs3701: stop power rail pending_off timer
11-23 22:57:54.034  1011  1189 D ASH     : @ 123526.229: tcs3701: start power rail timer, state:3
11-23 22:57:54.036  9398  7861 I BatteryMgr:DataCollectionService: stats => 1700776674036,13427,4445,9765,4169000,100
11-23 22:57:54.036  9398  9434 I BatteryMgr:DataCollectionService: stats => 1700776674036,13427,4445,9765,4169000,100
11-23 22:57:54.044  9398  9434 I BatteryMgr:DataCollectionService: stats => 1700776674044,13427,4445,9765,4169000,100
11-23 22:57:54.074  1011  1189 I ASH     : @ 123526.269: tcs3701: stop power rail pending_off timer
11-23 22:57:54.074  1011  1189 D ASH     : @ 123526.269: tcs3701: start power rail timer, state:3
11-23 22:57:54.114  1011  1189 I ASH     : @ 123526.309: tcs3701: stop power rail pending_off timer
11-23 22:57:54.114  1011  1189 D ASH     : @ 123526.309: tcs3701: start power rail timer, state:3
11-23 22:57:54.141  9398  7861 I BatteryMgr:DataCollectionService: stats => 1700776674141,13427,4445,9765,4169000,100
11-23 22:57:54.143  9398  9434 I BatteryMgr:DataCollectionService: stats => 1700776674142,13427,4445,9765,4169000,100
11-23 22:57:54.149  9398  9434 I BatteryMgr:DataCollectionService: stats => 1700776674149,13427,4445,9765,4169000,100
11-23 22:57:54.154  1011  1189 I ASH     : @ 123526.349: tcs3701: stop power rail pending_off timer
11-23 22:57:54.154  1011  1189 D ASH     : @ 123526.349: tcs3701: start power rail timer, state:3
11-23 22:57:54.195  1011  1189 I ASH     : @ 123526.389: tcs3701: stop power rail pending_off timer
11-23 22:57:54.195  1011  1189 D ASH     : @ 123526.389: tcs3701: start power rail timer, state:3
11-23 22:57:54.234  1011  1189 I ASH     : @ 123526.429: tcs3701: stop power rail pending_off timer
11-23 22:57:54.234  1011  1189 D ASH     : @ 123526.429: tcs3701: start power rail timer, state:3
11-23 22:57:54.247  9398  7861 I BatteryMgr:DataCollectionService: stats => 1700776674247,13427,4445,9765,4169000,100
11-23 22:57:54.248  9398  9434 I BatteryMgr:DataCollectionService: stats => 1700776674248,13427,4445,9765,4169000,100
11-23 22:57:54.254  9398  9434 I BatteryMgr:DataCollectionService: stats => 1700776674254,13427,4445,9765,4169000,100
11-23 22:57:54.274  1011  1189 I ASH     : @ 123526.469: tcs3701: stop power rail pending_off timer
11-23 22:57:54.274  1011  1189 D ASH     : @ 123526.469: tcs3701: start power rail timer, state:3
11-23 22:57:54.314  1011  1189 I ASH     : @ 123526.509: tcs3701: stop power rail pending_off timer
11-23 22:57:54.314  1011  1189 D ASH     : @ 123526.509: tcs3701: start power rail timer, state:3
11-23 22:57:54.354  1011  1189 I ASH     : @ 123526.549: tcs3701: stop power rail pending_off timer
11-23 22:57:54.354  1011  1189 D ASH     : @ 123526.549: tcs3701: start power rail timer, state:3
11-23 22:57:54.354  9398  7861 I BatteryMgr:DataCollectionService: stats => 1700776674354,13427,4445,9765,4169000,100
11-23 22:57:54.358  9398  9434 I BatteryMgr:DataCollectionService: stats => 1700776674358,13427,4445,9765,4169000,100
11-23 22:57:54.358  9398  7861 I BatteryMgr:DataCollectionService: stats => 1700776674358,13427,4445,9765,4169000,100
11-23 22:57:54.394  1011  1189 I ASH     : @ 123526.589: tcs3701: stop power rail pending_off timer
11-23 22:57:54.394  1011  1189 D ASH     : @ 123526.589: tcs3701: start power rail timer, state:3
11-23 22:57:54.434  1011  1189 I ASH     : @ 123526.629: tcs3701: stop power rail pending_off timer
11-23 22:57:54.434  1011  1189 D ASH     : @ 123526.629: tcs3701: start power rail timer, state:3
11-23 22:57:54.459  9398  9434 I BatteryMgr:DataCollectionService: stats => 1700776674459,13427,4445,9765,4169000,100
11-23 22:57:54.463  9398  9433 I BatteryMgr:DataCollectionService: stats => 1700776674463,13427,4445,9765,4169000,100
11-23 22:57:54.464  9398  9434 I BatteryMgr:DataCollectionService: stats => 1700776674464,13427,4445,9765,4169000,100
11-23 22:57:54.474  1011  1189 I ASH     : @ 123526.669: tcs3701: stop power rail pending_off timer
11-23 22:57:54.474  1011  1189 D ASH     : @ 123526.669: tcs3701: start power rail timer, state:3
11-23 22:57:54.514  1011  1189 I ASH     : @ 123526.709: tcs3701: stop power rail pending_off timer
11-23 22:57:54.514  1011  1189 D ASH     : @ 123526.709: tcs3701: start power rail timer, state:3
11-23 22:57:54.554  1011  1189 I ASH     : @ 123526.749: tcs3701: stop power rail pending_off timer
11-23 22:57:54.554  1011  1189 D ASH     : @ 123526.749: tcs3701: start power rail timer, state:3
11-23 22:57:54.565  9398  9434 I BatteryMgr:DataCollectionService: stats => 1700776674565,13427,4445,9765,4169000,100
11-23 22:57:54.570  9398  7808 I BatteryMgr:DataCollectionService: stats => 1700776674570,13427,4445,9765,4169000,100
11-23 22:57:54.571  9398  9433 I BatteryMgr:DataCollectionService: stats => 1700776674570,13427,4445,9765,4169000,100
11-23 22:57:54.594  1011  1189 I ASH     : @ 123526.789: tcs3701: stop power rail pending_off timer
11-23 22:57:54.594  1011  1189 D ASH     : @ 123526.789: tcs3701: start power rail timer, state:3
11-23 22:57:54.634  1011  1189 I ASH     : @ 123526.829: tcs3701: stop power rail pending_off timer
11-23 22:57:54.635  1011  1189 D ASH     : @ 123526.829: tcs3701: start power rail timer, state:3
11-23 22:57:54.669  9398  9433 I BatteryMgr:DataCollectionService: stats => 1700776674669,13427,4445,9765,4169000,100
11-23 22:57:54.674  1011  1189 I ASH     : @ 123526.869: tcs3701: stop power rail pending_off timer
11-23 22:57:54.674  1011  1189 D ASH     : @ 123526.869: tcs3701: start power rail timer, state:3
11-23 22:57:54.676  9398  9434 I BatteryMgr:DataCollectionService: stats => 1700776674676,13427,4445,9765,4169000,100
11-23 22:57:54.677  9398  9433 I BatteryMgr:DataCollectionService: stats => 1700776674677,13427,4445,9765,4169000,100
11-23 22:57:54.715  1011  1189 I ASH     : @ 123526.909: tcs3701: stop power rail pending_off timer
11-23 22:57:54.715  1011  1189 D ASH     : @ 123526.909: tcs3701: start power rail timer, state:3
11-23 22:57:54.754  1011  1189 I ASH     : @ 123526.949: tcs3701: stop power rail pending_off timer
11-23 22:57:54.754  1011  1189 D ASH     : @ 123526.949: tcs3701: start power rail timer, state:3
11-23 22:57:54.776  9398  9433 I BatteryMgr:DataCollectionService: stats => 1700776674776,13427,4445,9765,4169000,100
11-23 22:57:54.781  9398  9433 I BatteryMgr:DataCollectionService: stats => 1700776674781,13427,4445,9765,4169000,100
11-23 22:57:54.783  9398  9434 I BatteryMgr:DataCollectionService: stats => 1700776674783,13427,4445,9765,4169000,100
11-23 22:57:54.794  1011  1189 I ASH     : @ 123526.989: tcs3701: stop power rail pending_off timer
11-23 22:57:54.794  1011  1189 D ASH     : @ 123526.989: tcs3701: start power rail timer, state:3
11-23 22:57:54.834  1011  1189 I ASH     : @ 123527.029: tcs3701: stop power rail pending_off timer
11-23 22:57:54.834  1011  1189 D ASH     : @ 123527.029: tcs3701: start power rail timer, state:3
11-23 22:57:54.874  1011  1189 I ASH     : @ 123527.069: tcs3701: stop power rail pending_off timer
11-23 22:57:54.874  1011  1189 D ASH     : @ 123527.069: tcs3701: start power rail timer, state:3
11-23 22:57:54.880  9398  9434 I BatteryMgr:DataCollectionService: stats => 1700776674880,13427,4445,9765,4169000,100
11-23 22:57:54.887  9398  9434 I BatteryMgr:DataCollectionService: stats => 1700776674887,13427,4445,9765,4169000,100
11-23 22:57:54.888  9398  9433 I BatteryMgr:DataCollectionService: stats => 1700776674888,13427,4445,9765,4169000,100
11-23 22:57:54.914  1011  1189 I ASH     : @ 123527.109: tcs3701: stop power rail pending_off timer
11-23 22:57:54.914  1011  1189 D ASH     : @ 123527.109: tcs3701: start power rail timer, state:3
11-23 22:57:54.954  1011  1189 I ASH     : @ 123527.149: tcs3701: stop power rail pending_off timer
11-23 22:57:54.954  1011  1189 D ASH     : @ 123527.149: tcs3701: start power rail timer, state:3
11-23 22:57:54.985  9398  9433 I BatteryMgr:DataCollectionService: stats => 1700776674985,13427,4445,9765,4169000,100
11-23 22:57:54.987  1795  2679 D ActivityManager: freezer override set to true
11-23 22:57:54.992  1795  2679 D ActivityManager: freezer override set to false
11-23 22:57:54.992  9398  9434 I BatteryMgr:DataCollectionService: stats => 1700776674992,13427,4445,9765,4169000,100
11-23 22:57:54.993  9398  9433 I BatteryMgr:DataCollectionService: stats => 1700776674993,13427,4445,9765,4169000,100
11-23 22:57:54.994  1011  1189 I ASH     : @ 123527.189: tcs3701: stop power rail pending_off timer
11-23 22:57:54.994  1011  1189 D ASH     : @ 123527.189: tcs3701: start power rail timer, state:3
11-23 22:57:55.034  1011  1189 I ASH     : @ 123527.229: tcs3701: stop power rail pending_off timer
11-23 22:57:55.034  1011  1189 D ASH     : @ 123527.229: tcs3701: start power rail timer, state:3
11-23 22:57:55.074  1011  1189 I ASH     : @ 123527.269: tcs3701: stop power rail pending_off timer
11-23 22:57:55.074  1011  1189 D ASH     : @ 123527.269: tcs3701: start power rail timer, state:3
11-23 22:57:55.092  9398  9433 I BatteryMgr:DataCollectionService: stats => 1700776675092,13427,4445,9765,4169000,100
11-23 22:57:55.101  9398  9434 I BatteryMgr:DataCollectionService: stats => 1700776675101,13427,4445,9765,4169000,100
11-23 22:57:55.104  9398  9433 I BatteryMgr:DataCollectionService: stats => 1700776675104,13427,4445,9765,4169000,100
11-23 22:57:55.114  1011  1189 I ASH     : @ 123527.309: tcs3701: stop power rail pending_off timer
11-23 22:57:55.114  1011  1189 D ASH     : @ 123527.309: tcs3701: start power rail timer, state:3
11-23 22:57:55.152  1795  3057 D ActivityManager: freezer override set to true
11-23 22:57:55.154  1011  1189 I ASH     : @ 123527.349: tcs3701: stop power rail pending_off timer
11-23 22:57:55.154  1011  1189 D ASH     : @ 123527.349: tcs3701: start power rail timer, state:3
11-23 22:57:55.195  1011  1189 I ASH     : @ 123527.389: tcs3701: stop power rail pending_off timer
11-23 22:57:55.195  1011  1189 D ASH     : @ 123527.389: tcs3701: start power rail timer, state:3
11-23 22:57:55.197  9398  9433 I BatteryMgr:DataCollectionService: stats => 1700776675197,13427,4445,9765,4169000,100
11-23 22:57:55.204  2113  2118 I pixel-thermal: skin-therm-monitor: 39.91
11-23 22:57:55.205  9398  9433 I BatteryMgr:DataCollectionService: stats => 1700776675205,13427,4445,9765,4169000,100
11-23 22:57:55.207  9398  9433 I BatteryMgr:DataCollectionService: stats => 1700776675207,13427,4445,9765,4169000,100
11-23 22:57:55.234  1011  1189 I ASH     : @ 123527.429: tcs3701: stop power rail pending_off timer
11-23 22:57:55.234  1011  1189 D ASH     : @ 123527.429: tcs3701: start power rail timer, state:3
11-23 22:57:55.274  1011  1189 I ASH     : @ 123527.469: tcs3701: stop power rail pending_off timer
11-23 22:57:55.274  1011  1189 D ASH     : @ 123527.469: tcs3701: start power rail timer, state:3
11-23 22:57:55.289 27714 27730 I m.chrome.canary: Explicit concurrent copying GC freed 3805(191KB) AllocSpace objects, 4(80KB) LOS objects, 75% free, 12MB/49MB, paused 30us,23us total 52.326ms
11-23 22:57:55.301  9398  9433 I BatteryMgr:DataCollectionService: stats => 1700776675301,13427,4445,9765,4169000,100
11-23 22:57:55.311  9398  9436 I BatteryMgr:DataCollectionService: stats => 1700776675311,13427,4445,9765,4169000,100
11-23 22:57:55.312  9398  9433 I BatteryMgr:DataCollectionService: stats => 1700776675312,13427,4445,9765,4169000,100
11-23 22:57:55.314  1011  1189 I ASH     : @ 123527.509: tcs3701: stop power rail pending_off timer
11-23 22:57:55.314  1011  1189 D ASH     : @ 123527.509: tcs3701: start power rail timer, state:3
11-23 22:57:55.329  1795  2424 D WifiClientModeImpl[13802:wlan0]: updateLinkLayerStatsRssiSpeedFrequencyCapabilities rssi=-46 TxLinkspeed=866 freq=5240 RxLinkSpeed=866
11-23 22:57:55.330  1795  2424 D WifiDataStall: tx tput in kbps: 678084
11-23 22:57:55.330  1795  2424 D WifiDataStall: rx tput in kbps: 713773
11-23 22:57:55.330  1795  2424 V WifiConfigManager: Updating scan detail cache freq=5240 BSSID=f4:6d:2f:12:cc:88 RSSI=-45 for "ourhome"WPA_PSK
11-23 22:57:55.330  1795  2424 D WifiChannelUtilization:  freq: 5240 onTime: 4075900 busyTime: 441395 onTimeDiff: 701108 busyTimeDiff: 125696 utilization: 45 utilization t0: 27
11-23 22:57:55.330  1795  2424 D WifiDataStall:  ccaLevel = 45
11-23 22:57:55.330  1795  2424 D WifiDataStall: L2 txTputKbps: 678084, rxTputKbps: 713773, L3 txTputKbps: 0, rxTputKbps: 0, TxTrafficHigh: false, RxTrafficHigh: false, Throughput Sufficient: true
11-23 22:57:55.330  3213  3232 V WifiManager: OnWifiUsabilityStatsListener: onWifiUsabilityStats: seqNum=40757
11-23 22:57:55.330  1795  2424 D WifiScoreReport: Wifi scoring disabled - Don't check IP layer
11-23 22:57:55.330  1795  2424 D WifiScoreCard: BSSID update SIGNAL_POLL ID: 1320464697 SSID: "ourhome", BSSID: f4:6d:2f:12:cc:88, MAC: b2:2f:ec:da:4a:0c, IP: /192.168.1.104, Security type: 2, Supplicant state: COMPLETED, Wi-Fi standard: 5, RSSI: -46, Link speed: 866Mbps, Tx Link speed: 866Mbps, Max Supported Tx Link speed: 866Mbps, Rx Link speed: 866Mbps, Max Supported Rx Link speed: 866Mbps, Frequency: 5240MHz, Net ID: 12, Metered hint: false, score: 60, isUsable: true, CarrierMerged: false, SubscriptionId: -1, IsPrimary: 1, Trusted: true, Restricted: false, Ephemeral: false, OEM paid: false, OEM private: false, OSU AP: false, FQDN: <none>, Provider friendly name: <none>, Requesting package name: <none>"ourhome"wpa2-pskMLO Information: , Is TID-To-Link negotiation supported by the AP: false, AP MLD Address: <none>, AP MLO Link Id: <none>, AP MLO Affiliated links: <none>
11-23 22:57:55.331  1795  2424 D WifiScoreCard: txRate: 1 txSpeed: 866
11-23 22:57:55.331  1795  2424 D WifiScoreCard: network update SIGNAL_POLL "ourhome" ID: 1499892569 RSSI -46 txSpeed -1
11-23 22:57:55.331  1795  2424 D WifiClientModeImpl[13802:wlan0]:  ClientModeImpl$L2ConnectedState screen=on 25 0 "ourhome" f4:6d:2f:12:cc:88 rssi=-46 f=5240 sc=60 link=866 tx=0.0, 0.0, 0.0 rx=0.0 bcn=1186384 [on:0 tx:0 rx:0 period:3012] from screen [on:715249 period:10522696] score=60
11-23 22:57:55.331  1795  4157 I WifiService: updateWifiUsabilityScore uid=10180 seqNum=40757 score=100 predictionHorizonSec=1441795
11-23 22:57:55.332  1795  2424 D WifiScoreReport: Wifi scoring disabled - Notify that Wifi is usable
11-23 22:57:55.335  1795  2432 D ConnectivityService: NetReassign [no changes] [c 0] [a 0] [i 3]
11-23 22:57:55.353  1795  3057 D ActivityManager: freezer override set to false
11-23 22:57:55.354  1011  1189 I ASH     : @ 123527.549: tcs3701: stop power rail pending_off timer
11-23 22:57:55.354  1011  1189 D ASH     : @ 123527.549: tcs3701: start power rail timer, state:3
11-23 22:57:55.395  1011  1189 I ASH     : @ 123527.589: tcs3701: stop power rail pending_off timer
11-23 22:57:55.395  1011  1189 D ASH     : @ 123527.589: tcs3701: start power rail timer, state:3
11-23 22:57:55.405  9398  9433 I BatteryMgr:DataCollectionService: stats => 1700776675405,13427,4445,9765,4169000,100
11-23 22:57:55.408  1795  3057 D ActivityManager: freezer override set to true
11-23 22:57:55.411  1795  3057 D ActivityManager: freezer override set to false
11-23 22:57:55.416  9398  9436 I BatteryMgr:DataCollectionService: stats => 1700776675416,13427,4445,9765,4169000,100
11-23 22:57:55.417  9398  9433 I BatteryMgr:DataCollectionService: stats => 1700776675417,13427,4445,9765,4169000,100
11-23 22:57:55.434  1011  1189 I ASH     : @ 123527.629: tcs3701: stop power rail pending_off timer
11-23 22:57:55.434  1011  1189 D ASH     : @ 123527.629: tcs3701: start power rail timer, state:3
11-23 22:57:55.475  1011  1189 I ASH     : @ 123527.669: tcs3701: stop power rail pending_off timer
11-23 22:57:55.475  1011  1189 D ASH     : @ 123527.669: tcs3701: start power rail timer, state:3
11-23 22:57:55.510  9398  9433 I BatteryMgr:DataCollectionService: stats => 1700776675510,13427,4445,9765,4169000,100
11-23 22:57:55.514  1011  1189 I ASH     : @ 123527.709: tcs3701: stop power rail pending_off timer
11-23 22:57:55.514  1011  1189 D ASH     : @ 123527.709: tcs3701: start power rail timer, state:3
11-23 22:57:55.523  9398  9436 I BatteryMgr:DataCollectionService: stats => 1700776675523,13427,4445,9765,4169000,100
11-23 22:57:55.525  9398  9433 I BatteryMgr:DataCollectionService: stats => 1700776675525,13427,4445,9765,4169000,100
11-23 22:57:55.554  1011  1189 I ASH     : @ 123527.749: tcs3701: stop power rail pending_off timer
11-23 22:57:55.554  1011  1189 D ASH     : @ 123527.749: tcs3701: start power rail timer, state:3
11-23 22:57:55.594  1011  1189 I ASH     : @ 123527.789: tcs3701: stop power rail pending_off timer
11-23 22:57:55.594  1011  1189 D ASH     : @ 123527.789: tcs3701: start power rail timer, state:3
11-23 22:57:55.615  9398  9433 I BatteryMgr:DataCollectionService: stats => 1700776675614,13427,4445,9765,4169000,100
11-23 22:57:55.629  9398  9436 I BatteryMgr:DataCollectionService: stats => 1700776675629,13427,4445,9765,4169000,100
11-23 22:57:55.630  9398  9433 I BatteryMgr:DataCollectionService: stats => 1700776675629,13427,4445,9765,4169000,100
11-23 22:57:55.634  1011  1189 I ASH     : @ 123527.829: tcs3701: stop power rail pending_off timer
11-23 22:57:55.634  1011  1189 D ASH     : @ 123527.829: tcs3701: start power rail timer, state:3
11-23 22:57:55.674  1011  1189 I ASH     : @ 123527.869: tcs3701: stop power rail pending_off timer
11-23 22:57:55.674  1011  1189 D ASH     : @ 123527.869: tcs3701: start power rail timer, state:3
11-23 22:57:55.714  1011  1189 I ASH     : @ 123527.909: tcs3701: stop power rail pending_off timer
11-23 22:57:55.714  1011  1189 D ASH     : @ 123527.909: tcs3701: start power rail timer, state:3
11-23 22:57:55.722  9398  9433 I BatteryMgr:DataCollectionService: stats => 1700776675722,14953,4445,9765,4169000,100
11-23 22:57:55.738  9398  9436 I BatteryMgr:DataCollectionService: stats => 1700776675737,14953,4445,9765,4169000,100
11-23 22:57:55.739  9398  9433 I BatteryMgr:DataCollectionService: stats => 1700776675739,14953,4445,9765,4169000,100
11-23 22:57:55.755  1011  1189 I ASH     : @ 123527.949: tcs3701: stop power rail pending_off timer
11-23 22:57:55.755  1011  1189 D ASH     : @ 123527.949: tcs3701: start power rail timer, state:3
11-23 22:57:55.794  1011  1189 I ASH     : @ 123527.989: tcs3701: stop power rail pending_off timer
11-23 22:57:55.795  1011  1189 D ASH     : @ 123527.989: tcs3701: start power rail timer, state:3
11-23 22:57:55.828  9398  9433 I BatteryMgr:DataCollectionService: stats => 1700776675828,14953,4445,9765,4169000,100
11-23 22:57:55.834  1011  1189 I ASH     : @ 123528.029: tcs3701: stop power rail pending_off timer
11-23 22:57:55.834  1011  1189 D ASH     : @ 123528.029: tcs3701: start power rail timer, state:3
11-23 22:57:55.843  9398  9436 I BatteryMgr:DataCollectionService: stats => 1700776675843,14953,4445,9765,4169000,100
11-23 22:57:55.845  9398  9433 I BatteryMgr:DataCollectionService: stats => 1700776675845,14953,4445,9765,4169000,100
11-23 22:57:55.874  1011  1189 I ASH     : @ 123528.069: tcs3701: stop power rail pending_off timer
11-23 22:57:55.874  1011  1189 D ASH     : @ 123528.069: tcs3701: start power rail timer, state:3
11-23 22:57:55.914  1011  1189 I ASH     : @ 123528.109: tcs3701: stop power rail pending_off timer
11-23 22:57:55.914  1011  1189 D ASH     : @ 123528.109: tcs3701: start power rail timer, state:3
11-23 22:57:55.936  9398  9433 I BatteryMgr:DataCollectionService: stats => 1700776675936,14953,4445,9765,4169000,100
11-23 22:57:55.952  9398  9436 I BatteryMgr:DataCollectionService: stats => 1700776675952,14953,4445,9765,4169000,100
11-23 22:57:55.953  9398  9433 I BatteryMgr:DataCollectionService: stats => 1700776675953,14953,4445,9765,4169000,100
11-23 22:57:55.954  1011  1189 I ASH     : @ 123528.149: tcs3701: stop power rail pending_off timer
11-23 22:57:55.954  1011  1189 D ASH     : @ 123528.149: tcs3701: start power rail timer, state:3
11-23 22:57:55.977  1795  3057 D ActivityManager: freezer override set to true
11-23 22:57:55.982  1795  3057 D ActivityManager: freezer override set to false
11-23 22:57:55.994  1011  1189 I ASH     : @ 123528.189: tcs3701: stop power rail pending_off timer
11-23 22:57:55.994  1011  1189 D ASH     : @ 123528.189: tcs3701: start power rail timer, state:3
11-23 22:57:56.034  1011  1189 I ASH     : @ 123528.229: tcs3701: stop power rail pending_off timer
11-23 22:57:56.034  1011  1189 D ASH     : @ 123528.229: tcs3701: start power rail timer, state:3
11-23 22:57:56.041  9398  9433 I BatteryMgr:DataCollectionService: stats => 1700776676041,14953,4445,9765,4169000,100
11-23 22:57:56.057  9398  9436 I BatteryMgr:DataCollectionService: stats => 1700776676057,14953,4445,9765,4169000,100
11-23 22:57:56.060  9398  9433 I BatteryMgr:DataCollectionService: stats => 1700776676060,14953,4445,9765,4169000,100
11-23 22:57:56.075  1011  1189 I ASH     : @ 123528.269: tcs3701: stop power rail pending_off timer
11-23 22:57:56.075  1011  1189 D ASH     : @ 123528.269: tcs3701: start power rail timer, state:3
11-23 22:57:56.114  1011  1189 I ASH     : @ 123528.309: tcs3701: stop power rail pending_off timer
11-23 22:57:56.114  1011  1189 D ASH     : @ 123528.309: tcs3701: start power rail timer, state:3
11-23 22:57:56.150  9398  9433 I BatteryMgr:DataCollectionService: stats => 1700776676149,14953,4445,9765,4169000,100
11-23 22:57:56.154  1011  1189 I ASH     : @ 123528.349: tcs3701: stop power rail pending_off timer
11-23 22:57:56.154  1011  1189 D ASH     : @ 123528.349: tcs3701: start power rail timer, state:3
11-23 22:57:56.162  9398  9433 I BatteryMgr:DataCollectionService: stats => 1700776676162,14953,4445,9765,4169000,100
11-23 22:57:56.163  9398  9436 I BatteryMgr:DataCollectionService: stats => 1700776676163,14953,4445,9765,4169000,100
11-23 22:57:56.194  1011  1189 I ASH     : @ 123528.389: tcs3701: stop power rail pending_off timer
11-23 22:57:56.194  1011  1189 D ASH     : @ 123528.389: tcs3701: start power rail timer, state:3
11-23 22:57:56.234  1011  1189 I ASH     : @ 123528.429: tcs3701: stop power rail pending_off timer
11-23 22:57:56.234  1011  1189 D ASH     : @ 123528.429: tcs3701: start power rail timer, state:3
11-23 22:57:56.256  9398  9436 I BatteryMgr:DataCollectionService: stats => 1700776676256,14953,4445,9765,4169000,100
11-23 22:57:56.268  9398  9436 I BatteryMgr:DataCollectionService: stats => 1700776676268,14953,4445,9765,4169000,100
11-23 22:57:56.270  9398  9433 I BatteryMgr:DataCollectionService: stats => 1700776676270,14953,4445,9765,4169000,100
11-23 22:57:56.274  1011  1189 I ASH     : @ 123528.469: tcs3701: stop power rail pending_off timer
11-23 22:57:56.274  1011  1189 D ASH     : @ 123528.469: tcs3701: start power rail timer, state:3
11-23 22:57:56.314  1011  1189 I ASH     : @ 123528.509: tcs3701: stop power rail pending_off timer
11-23 22:57:56.314  1011  1189 D ASH     : @ 123528.509: tcs3701: start power rail timer, state:3
11-23 22:57:56.354  1011  1189 I ASH     : @ 123528.549: tcs3701: stop power rail pending_off timer
11-23 22:57:56.354  1011  1189 D ASH     : @ 123528.549: tcs3701: start power rail timer, state:3
11-23 22:57:56.362  9398  9433 I BatteryMgr:DataCollectionService: stats => 1700776676362,14953,4445,9765,4169000,100
11-23 22:57:56.375  9398  9433 I BatteryMgr:DataCollectionService: stats => 1700776676375,14953,4445,9765,4169000,100
11-23 22:57:56.376  9398  9436 I BatteryMgr:DataCollectionService: stats => 1700776676376,14953,4445,9765,4169000,100
11-23 22:57:56.394  1011  1189 I ASH     : @ 123528.589: tcs3701: stop power rail pending_off timer
11-23 22:57:56.394  1011  1189 D ASH     : @ 123528.589: tcs3701: start power rail timer, state:3
11-23 22:57:56.434  1011  1189 I ASH     : @ 123528.629: tcs3701: stop power rail pending_off timer
11-23 22:57:56.434  1011  1189 D ASH     : @ 123528.629: tcs3701: start power rail timer, state:3
11-23 22:57:56.468  9398  9436 I BatteryMgr:DataCollectionService: stats => 1700776676468,14953,4445,9765,4169000,100
11-23 22:57:56.474  1011  1189 I ASH     : @ 123528.669: tcs3701: stop power rail pending_off timer
11-23 22:57:56.474  1011  1189 D ASH     : @ 123528.669: tcs3701: start power rail timer, state:3
11-23 22:57:56.481  9398  9433 I BatteryMgr:DataCollectionService: stats => 1700776676481,14953,4445,9765,4169000,100
11-23 22:57:56.485  9398  9436 I BatteryMgr:DataCollectionService: stats => 1700776676485,14953,4445,9765,4169000,100
11-23 22:57:56.514  1011  1189 I ASH     : @ 123528.709: tcs3701: stop power rail pending_off timer
11-23 22:57:56.514  1011  1189 D ASH     : @ 123528.709: tcs3701: start power rail timer, state:3
11-23 22:57:56.555  1011  1189 I ASH     : @ 123528.749: tcs3701: stop power rail pending_off timer
11-23 22:57:56.555  1011  1189 D ASH     : @ 123528.749: tcs3701: start power rail timer, state:3
11-23 22:57:56.573  9398  9436 I BatteryMgr:DataCollectionService: stats => 1700776676573,14953,4445,9765,4169000,100
11-23 22:57:56.577  1795  4157 D ActivityManager: freezer override set to true
11-23 22:57:56.589  9398  9436 I BatteryMgr:DataCollectionService: stats => 1700776676589,14953,4445,9765,4169000,100
11-23 22:57:56.590  9398  9433 I BatteryMgr:DataCollectionService: stats => 1700776676590,14953,4445,9765,4169000,100
11-23 22:57:56.594  1011  1189 I ASH     : @ 123528.789: tcs3701: stop power rail pending_off timer
11-23 22:57:56.594  1011  1189 D ASH     : @ 123528.789: tcs3701: start power rail timer, state:3
11-23 22:57:56.634  1011  1189 I ASH     : @ 123528.829: tcs3701: stop power rail pending_off timer
11-23 22:57:56.634  1011  1189 D ASH     : @ 123528.829: tcs3701: start power rail timer, state:3
11-23 22:57:56.675  1011  1189 I ASH     : @ 123528.869: tcs3701: stop power rail pending_off timer
11-23 22:57:56.675  1011  1189 D ASH     : @ 123528.869: tcs3701: start power rail timer, state:3
11-23 22:57:56.680  9398  9433 I BatteryMgr:DataCollectionService: stats => 1700776676680,14953,4445,9765,4169000,100
11-23 22:57:56.694  9398  9436 I BatteryMgr:DataCollectionService: stats => 1700776676694,14953,4445,9765,4169000,100
11-23 22:57:56.696  9398  9433 I BatteryMgr:DataCollectionService: stats => 1700776676696,14953,4445,9765,4169000,100
11-23 22:57:56.714 27714 27730 I m.chrome.canary: Explicit concurrent copying GC freed 3593(176KB) AllocSpace objects, 3(60KB) LOS objects, 75% free, 12MB/49MB, paused 72us,22us total 51.213ms
11-23 22:57:56.714  1011  1189 I ASH     : @ 123528.909: tcs3701: stop power rail pending_off timer
11-23 22:57:56.714  1011  1189 D ASH     : @ 123528.909: tcs3701: start power rail timer, state:3
11-23 22:57:56.754  1011  1189 I ASH     : @ 123528.949: tcs3701: stop power rail pending_off timer
11-23 22:57:56.754  1011  1189 D ASH     : @ 123528.949: tcs3701: start power rail timer, state:3
11-23 22:57:56.773  1795  4157 D ActivityManager: freezer override set to false
11-23 22:57:56.784  9398  9433 I BatteryMgr:DataCollectionService: stats => 1700776676784,14953,4445,9765,4169000,100
11-23 22:57:56.794  1011  1189 I ASH     : @ 123528.989: tcs3701: stop power rail pending_off timer
11-23 22:57:56.794  1011  1189 D ASH     : @ 123528.989: tcs3701: start power rail timer, state:3
11-23 22:57:56.802  9398  9436 I BatteryMgr:DataCollectionService: stats => 1700776676802,14953,4445,9765,4169000,100
11-23 22:57:56.803  9398  9433 I BatteryMgr:DataCollectionService: stats => 1700776676803,14953,4445,9765,4169000,100
11-23 22:57:56.812  1795  4157 D ActivityManager: freezer override set to true
11-23 22:57:56.815  1795  4157 D ActivityManager: freezer override set to false
11-23 22:57:56.834  1011  1189 I ASH     : @ 123529.029: tcs3701: stop power rail pending_off timer
11-23 22:57:56.834  1011  1189 D ASH     : @ 123529.029: tcs3701: start power rail timer, state:3
11-23 22:57:56.874  1011  1189 I ASH     : @ 123529.069: tcs3701: stop power rail pending_off timer
11-23 22:57:56.874  1011  1189 D ASH     : @ 123529.069: tcs3701: start power rail timer, state:3
11-23 22:57:56.890  9398  9433 I BatteryMgr:DataCollectionService: stats => 1700776676890,14953,4445,9765,4169000,100
11-23 22:57:56.908  9398  9436 I BatteryMgr:DataCollectionService: stats => 1700776676908,14953,4445,9765,4169000,100
11-23 22:57:56.909  9398  9433 I BatteryMgr:DataCollectionService: stats => 1700776676909,14953,4445,9765,4169000,100
11-23 22:57:56.914  1011  1189 I ASH     : @ 123529.109: tcs3701: stop power rail pending_off timer
11-23 22:57:56.914  1011  1189 D ASH     : @ 123529.109: tcs3701: start power rail timer, state:3
11-23 22:57:56.954  1011  1189 I ASH     : @ 123529.149: tcs3701: stop power rail pending_off timer
11-23 22:57:56.954  1011  1189 D ASH     : @ 123529.149: tcs3701: start power rail timer, state:3
11-23 22:57:56.966  1795  2679 D ActivityManager: freezer override set to true
11-23 22:57:56.971  1795  2679 D ActivityManager: freezer override set to false
11-23 22:57:56.994  1011  1189 I ASH     : @ 123529.189: tcs3701: stop power rail pending_off timer
11-23 22:57:56.994  1011  1189 D ASH     : @ 123529.189: tcs3701: start power rail timer, state:3
11-23 22:57:56.995  9398  9433 I BatteryMgr:DataCollectionService: stats => 1700776676995,14953,4445,9765,4169000,100
11-23 22:57:57.014  9398  9436 I BatteryMgr:DataCollectionService: stats => 1700776677013,14953,4445,9765,4169000,100
11-23 22:57:57.016  9398  9433 I BatteryMgr:DataCollectionService: stats => 1700776677015,14953,4445,9765,4169000,100
11-23 22:57:57.034  1011  1189 I ASH     : @ 123529.229: tcs3701: stop power rail pending_off timer
11-23 22:57:57.034  1011  1189 D ASH     : @ 123529.229: tcs3701: start power rail timer, state:3
11-23 22:57:57.074  1011  1189 I ASH     : @ 123529.269: tcs3701: stop power rail pending_off timer
11-23 22:57:57.074  1011  1189 D ASH     : @ 123529.269: tcs3701: start power rail timer, state:3
11-23 22:57:57.102  9398  9433 I BatteryMgr:DataCollectionService: stats => 1700776677102,14953,4445,9765,4169000,100
11-23 22:57:57.114  1011  1189 I ASH     : @ 123529.309: tcs3701: stop power rail pending_off timer
11-23 22:57:57.114  1011  1189 D ASH     : @ 123529.309: tcs3701: start power rail timer, state:3
11-23 22:57:57.121  9398  9436 I BatteryMgr:DataCollectionService: stats => 1700776677121,14953,4445,9765,4169000,100
11-23 22:57:57.121  9398  9433 I BatteryMgr:DataCollectionService: stats => 1700776677121,14953,4445,9765,4169000,100
11-23 22:57:57.154  1011  1189 I ASH     : @ 123529.349: tcs3701: stop power rail pending_off timer
11-23 22:57:57.154  1011  1189 D ASH     : @ 123529.349: tcs3701: start power rail timer, state:3
11-23 22:57:57.194  1011  1189 I ASH     : @ 123529.389: tcs3701: stop power rail pending_off timer
11-23 22:57:57.194  1011  1189 D ASH     : @ 123529.389: tcs3701: start power rail timer, state:3
11-23 22:57:57.207  2113  2118 I pixel-thermal: skin-therm-monitor: 39.947
11-23 22:57:57.209  9398  9433 I BatteryMgr:DataCollectionService: stats => 1700776677209,14953,4445,9765,4169000,100
11-23 22:57:57.227  9398  9434 I BatteryMgr:DataCollectionService: stats => 1700776677227,14953,4445,9765,4169000,100
11-23 22:57:57.230  9398  9433 I BatteryMgr:DataCollectionService: stats => 1700776677230,14953,4445,9765,4169000,100
11-23 22:57:57.234  1011  1189 I ASH     : @ 123529.429: tcs3701: stop power rail pending_off timer
11-23 22:57:57.234  1011  1189 D ASH     : @ 123529.429: tcs3701: start power rail timer, state:3
11-23 22:57:57.274  1011  1189 I ASH     : @ 123529.469: tcs3701: stop power rail pending_off timer
11-23 22:57:57.274  1011  1189 D ASH     : @ 123529.469: tcs3701: start power rail timer, state:3
11-23 22:57:57.314  1011  1189 I ASH     : @ 123529.509: tcs3701: stop power rail pending_off timer
11-23 22:57:57.314  1011  1189 D ASH     : @ 123529.509: tcs3701: start power rail timer, state:3
11-23 22:57:57.315  9398  9433 I BatteryMgr:DataCollectionService: stats => 1700776677315,14953,4445,9765,4169000,100
11-23 22:57:57.332  9398  9433 I BatteryMgr:DataCollectionService: stats => 1700776677332,14953,4445,9765,4169000,100
11-23 22:57:57.334  9398  9434 I BatteryMgr:DataCollectionService: stats => 1700776677334,14953,4445,9765,4169000,100
11-23 22:57:57.354  1011  1189 I ASH     : @ 123529.549: tcs3701: stop power rail pending_off timer
11-23 22:57:57.354  1011  1189 D ASH     : @ 123529.549: tcs3701: start power rail timer, state:3
11-23 22:57:57.394  1011  1189 I ASH     : @ 123529.589: tcs3701: stop power rail pending_off timer
11-23 22:57:57.394  1011  1189 D ASH     : @ 123529.589: tcs3701: start power rail timer, state:3
11-23 22:57:57.421  9398  9434 I BatteryMgr:DataCollectionService: stats => 1700776677420,14953,4445,9765,4169000,100
11-23 22:57:57.434  1011  1189 I ASH     : @ 123529.629: tcs3701: stop power rail pending_off timer
11-23 22:57:57.434  1011  1189 D ASH     : @ 123529.629: tcs3701: start power rail timer, state:3
11-23 22:57:57.439  9398  9433 I BatteryMgr:DataCollectionService: stats => 1700776677439,14953,4445,9765,4169000,100
11-23 22:57:57.441  9398  9434 I BatteryMgr:DataCollectionService: stats => 1700776677441,14953,4445,9765,4169000,100
11-23 22:57:57.475  1011  1189 I ASH     : @ 123529.669: tcs3701: stop power rail pending_off timer
11-23 22:57:57.475  1011  1189 D ASH     : @ 123529.669: tcs3701: start power rail timer, state:3
11-23 22:57:57.514  1011  1189 I ASH     : @ 123529.709: tcs3701: stop power rail pending_off timer
11-23 22:57:57.514  1011  1189 D ASH     : @ 123529.709: tcs3701: start power rail timer, state:3
11-23 22:57:57.525  9398  9434 I BatteryMgr:DataCollectionService: stats => 1700776677525,14953,4445,9765,4169000,100
11-23 22:57:57.545  9398  9433 I BatteryMgr:DataCollectionService: stats => 1700776677545,14953,4445,9765,4169000,100
11-23 22:57:57.546  9398  9434 I BatteryMgr:DataCollectionService: stats => 1700776677545,14953,4445,9765,4169000,100
11-23 22:57:57.554  1011  1189 I ASH     : @ 123529.749: tcs3701: stop power rail pending_off timer
11-23 22:57:57.555  1011  1189 D ASH     : @ 123529.749: tcs3701: start power rail timer, state:3
11-23 22:57:57.595  1011  1189 I ASH     : @ 123529.789: tcs3701: stop power rail pending_off timer
11-23 22:57:57.595  1011  1189 D ASH     : @ 123529.789: tcs3701: start power rail timer, state:3
11-23 22:57:57.631  9398  9434 I BatteryMgr:DataCollectionService: stats => 1700776677631,14953,4445,9765,4169000,100
11-23 22:57:57.634  1011  1189 I ASH     : @ 123529.829: tcs3701: stop power rail pending_off timer
11-23 22:57:57.634  1011  1189 D ASH     : @ 123529.829: tcs3701: start power rail timer, state:3
11-23 22:57:57.652  9398  9433 I BatteryMgr:DataCollectionService: stats => 1700776677652,14953,4445,9765,4169000,100
11-23 22:57:57.655  9398  9434 I BatteryMgr:DataCollectionService: stats => 1700776677655,14953,4445,9765,4169000,100
11-23 22:57:57.674  1011  1189 I ASH     : @ 123529.869: tcs3701: stop power rail pending_off timer
11-23 22:57:57.674  1011  1189 D ASH     : @ 123529.869: tcs3701: start power rail timer, state:3
11-23 22:57:57.714  1011  1189 I ASH     : @ 123529.909: tcs3701: stop power rail pending_off timer
11-23 22:57:57.714  1011  1189 D ASH     : @ 123529.909: tcs3701: start power rail timer, state:3
11-23 22:57:57.737  9398  9434 I BatteryMgr:DataCollectionService: stats => 1700776677737,14953,4445,9765,4169000,100
11-23 22:57:57.755  1011  1189 I ASH     : @ 123529.949: tcs3701: stop power rail pending_off timer
11-23 22:57:57.755  1011  1189 D ASH     : @ 123529.949: tcs3701: start power rail timer, state:3
11-23 22:57:57.759  9398  9434 I BatteryMgr:DataCollectionService: stats => 1700776677759,14953,4445,9765,4169000,100
11-23 22:57:57.760  9398  9433 I BatteryMgr:DataCollectionService: stats => 1700776677760,14953,4445,9765,4169000,100
11-23 22:57:57.794  1011  1189 I ASH     : @ 123529.989: tcs3701: stop power rail pending_off timer
11-23 22:57:57.794  1011  1189 D ASH     : @ 123529.989: tcs3701: start power rail timer, state:3
11-23 22:57:57.834  1011  1189 I ASH     : @ 123530.029: tcs3701: stop power rail pending_off timer
11-23 22:57:57.834  1011  1189 D ASH     : @ 123530.029: tcs3701: start power rail timer, state:3
11-23 22:57:57.845  9398  9433 I BatteryMgr:DataCollectionService: stats => 1700776677845,14953,4445,9765,4169000,100
11-23 22:57:57.866  9398  9434 I BatteryMgr:DataCollectionService: stats => 1700776677866,14953,4445,9765,4169000,100
11-23 22:57:57.868  9398  9433 I BatteryMgr:DataCollectionService: stats => 1700776677867,14953,4445,9765,4169000,100
11-23 22:57:57.874  1011  1189 I ASH     : @ 123530.069: tcs3701: stop power rail pending_off timer
11-23 22:57:57.874  1011  1189 D ASH     : @ 123530.069: tcs3701: start power rail timer, state:3
11-23 22:57:57.914  1011  1189 I ASH     : @ 123530.109: tcs3701: stop power rail pending_off timer
11-23 22:57:57.914  1011  1189 D ASH     : @ 123530.109: tcs3701: start power rail timer, state:3
11-23 22:57:57.951  9398  9433 I BatteryMgr:DataCollectionService: stats => 1700776677951,14953,4445,9765,4169000,100
11-23 22:57:57.954  1011  1189 I ASH     : @ 123530.149: tcs3701: stop power rail pending_off timer
11-23 22:57:57.954  1011  1189 D ASH     : @ 123530.149: tcs3701: start power rail timer, state:3
11-23 22:57:57.975  9398  9434 I BatteryMgr:DataCollectionService: stats => 1700776677975,14953,4445,9765,4169000,100
11-23 22:57:57.975  1795  4157 D ActivityManager: freezer override set to true
11-23 22:57:57.979  9398  9433 I BatteryMgr:DataCollectionService: stats => 1700776677979,14953,4445,9765,4169000,100
11-23 22:57:57.994  1011  1189 I ASH     : @ 123530.189: tcs3701: stop power rail pending_off timer
11-23 22:57:57.994  1011  1189 D ASH     : @ 123530.189: tcs3701: start power rail timer, state:3
11-23 22:57:58.035  1011  1189 I ASH     : @ 123530.229: tcs3701: stop power rail pending_off timer
11-23 22:57:58.035  1011  1189 D ASH     : @ 123530.229: tcs3701: start power rail timer, state:3
11-23 22:57:58.057  9398  9433 I BatteryMgr:DataCollectionService: stats => 1700776678057,14953,4445,9765,4169000,100
11-23 22:57:58.074  1011  1189 I ASH     : @ 123530.269: tcs3701: stop power rail pending_off timer
11-23 22:57:58.074  1011  1189 D ASH     : @ 123530.269: tcs3701: start power rail timer, state:3
11-23 22:57:58.080  9398  9433 I BatteryMgr:DataCollectionService: stats => 1700776678080,14953,4445,9765,4169000,100
11-23 22:57:58.084  9398  9433 I BatteryMgr:DataCollectionService: stats => 1700776678084,14953,4445,9765,4169000,100
11-23 22:57:58.097 27714 27730 I m.chrome.canary: Explicit concurrent copying GC freed 3801(191KB) AllocSpace objects, 4(80KB) LOS objects, 75% free, 12MB/49MB, paused 88us,24us total 57.081ms
11-23 22:57:58.114  1011  1189 I ASH     : @ 123530.309: tcs3701: stop power rail pending_off timer
11-23 22:57:58.114  1011  1189 D ASH     : @ 123530.309: tcs3701: start power rail timer, state:3
11-23 22:57:58.157  1011  1189 I ASH     : @ 123530.349: tcs3701: stop power rail pending_off timer
11-23 22:57:58.157  1011  1189 D ASH     : @ 123530.349: tcs3701: start power rail timer, state:3
11-23 22:57:58.162  1795  4157 D ActivityManager: freezer override set to false
11-23 22:57:58.164  9398  9433 I BatteryMgr:DataCollectionService: stats => 1700776678164,14953,4445,9765,4169000,100
11-23 22:57:58.188  9398  9436 I BatteryMgr:DataCollectionService: stats => 1700776678188,14953,4445,9765,4169000,100
11-23 22:57:58.192  9398  9433 I BatteryMgr:DataCollectionService: stats => 1700776678191,14953,4445,9765,4169000,100
11-23 22:57:58.194  1011  1189 I ASH     : @ 123530.389: tcs3701: stop power rail pending_off timer
11-23 22:57:58.194  1011  1189 D ASH     : @ 123530.389: tcs3701: start power rail timer, state:3
11-23 22:57:58.219  1795  4157 D ActivityManager: freezer override set to true
11-23 22:57:58.226  1795  4157 D ActivityManager: freezer override set to false
11-23 22:57:58.235  1011  1189 I ASH     : @ 123530.429: tcs3701: stop power rail pending_off timer
11-23 22:57:58.235  1011  1189 D ASH     : @ 123530.429: tcs3701: start power rail timer, state:3
11-23 22:57:58.268  9398  9433 I BatteryMgr:DataCollectionService: stats => 1700776678268,14953,4445,9765,4169000,100
11-23 22:57:58.274  1011  1189 I ASH     : @ 123530.469: tcs3701: stop power rail pending_off timer
11-23 22:57:58.274  1011  1189 D ASH     : @ 123530.469: tcs3701: start power rail timer, state:3
11-23 22:57:58.294  9398  9433 I BatteryMgr:DataCollectionService: stats => 1700776678294,14953,4445,9765,4169000,100
11-23 22:57:58.298  9398  9436 I BatteryMgr:DataCollectionService: stats => 1700776678297,14953,4445,9765,4169000,100
11-23 22:57:58.314  1011  1189 I ASH     : @ 123530.509: tcs3701: stop power rail pending_off timer
11-23 22:57:58.314  1011  1189 D ASH     : @ 123530.509: tcs3701: start power rail timer, state:3
11-23 22:57:58.344  1795  2424 D WifiClientModeImpl[13802:wlan0]: updateLinkLayerStatsRssiSpeedFrequencyCapabilities rssi=-46 TxLinkspeed=866 freq=5240 RxLinkSpeed=866
11-23 22:57:58.345  1795  2424 D WifiDataStall: tx tput in kbps: 678084
11-23 22:57:58.346  1795  2424 D WifiDataStall: rx tput in kbps: 713773
11-23 22:57:58.346  1795  2424 V WifiConfigManager: Updating scan detail cache freq=5240 BSSID=f4:6d:2f:12:cc:88 RSSI=-45 for "ourhome"WPA_PSK
11-23 22:57:58.346  1795  2424 D WifiChannelUtilization:  freq: 5240 onTime: 4075957 busyTime: 441400 onTimeDiff: 701165 busyTimeDiff: 125701 utilization: 45 utilization t0: 27
11-23 22:57:58.347  1795  2424 D WifiDataStall:  ccaLevel = 45
11-23 22:57:58.347  1795  2424 D WifiDataStall: L2 txTputKbps: 678084, rxTputKbps: 713773, L3 txTputKbps: 0, rxTputKbps: 0, TxTrafficHigh: false, RxTrafficHigh: false, Throughput Sufficient: true
11-23 22:57:58.347  3213  3232 V WifiManager: OnWifiUsabilityStatsListener: onWifiUsabilityStats: seqNum=40758
11-23 22:57:58.347  1795  2424 D WifiScoreReport: Wifi scoring disabled - Don't check IP layer
11-23 22:57:58.347  1795  2424 D WifiScoreCard: BSSID update SIGNAL_POLL ID: 1320464697 SSID: "ourhome", BSSID: f4:6d:2f:12:cc:88, MAC: b2:2f:ec:da:4a:0c, IP: /192.168.1.104, Security type: 2, Supplicant state: COMPLETED, Wi-Fi standard: 5, RSSI: -46, Link speed: 866Mbps, Tx Link speed: 866Mbps, Max Supported Tx Link speed: 866Mbps, Rx Link speed: 866Mbps, Max Supported Rx Link speed: 866Mbps, Frequency: 5240MHz, Net ID: 12, Metered hint: false, score: 60, isUsable: true, CarrierMerged: false, SubscriptionId: -1, IsPrimary: 1, Trusted: true, Restricted: false, Ephemeral: false, OEM paid: false, OEM private: false, OSU AP: false, FQDN: <none>, Provider friendly name: <none>, Requesting package name: <none>"ourhome"wpa2-pskMLO Information: , Is TID-To-Link negotiation supported by the AP: false, AP MLD Address: <none>, AP MLO Link Id: <none>, AP MLO Affiliated links: <none>
11-23 22:57:58.347  1795  2424 D WifiScoreCard: txRate: 1 txSpeed: 866
11-23 22:57:58.347  1795  2424 D WifiScoreCard: network update SIGNAL_POLL "ourhome" ID: 1499892569 RSSI -46 txSpeed -1
11-23 22:57:58.348  1795  3057 I WifiService: updateWifiUsabilityScore uid=10180 seqNum=40758 score=100 predictionHorizonSec=1441795
11-23 22:57:58.348  2513 20462 V WifiManager: TrafficStateCallbackProxy: onStateChanged state=3
11-23 22:57:58.348  1795  2424 D WifiClientModeImpl[13802:wlan0]:  ClientModeImpl$L2ConnectedState screen=on 25 0 "ourhome" f4:6d:2f:12:cc:88 rssi=-46 f=5240 sc=60 link=866 tx=0.4, 0.0, 0.0 rx=0.4 bcn=1186413 [on:57 tx:0 rx:0 period:3017] from screen [on:715306 period:10525713] score=60
11-23 22:57:58.348  1795  2424 D WifiScoreReport: Wifi scoring disabled - Notify that Wifi is usable
11-23 22:57:58.351  1795  2432 D ConnectivityService: NetReassign [no changes] [c 1] [a 0] [i 2]
11-23 22:57:58.355  1011  1189 I ASH     : @ 123530.549: tcs3701: stop power rail pending_off timer
11-23 22:57:58.355  1011  1189 D ASH     : @ 123530.549: tcs3701: start power rail timer, state:3
11-23 22:57:58.376  9398  9436 I BatteryMgr:DataCollectionService: stats => 1700776678376,14953,4445,9765,4169000,100
11-23 22:57:58.394  1011  1189 I ASH     : @ 123530.589: tcs3701: stop power rail pending_off timer
11-23 22:57:58.394  1011  1189 D ASH     : @ 123530.589: tcs3701: start power rail timer, state:3
11-23 22:57:58.402  9398  9436 I BatteryMgr:DataCollectionService: stats => 1700776678402,14953,4445,9765,4169000,100
11-23 22:57:58.402  9398  9433 I BatteryMgr:DataCollectionService: stats => 1700776678402,14953,4445,9765,4169000,100
11-23 22:57:58.434  1011  1189 I ASH     : @ 123530.629: tcs3701: stop power rail pending_off timer
11-23 22:57:58.434  1011  1189 D ASH     : @ 123530.629: tcs3701: start power rail timer, state:3
11-23 22:57:58.474  1011  1189 I ASH     : @ 123530.669: tcs3701: stop power rail pending_off timer
11-23 22:57:58.474  1011  1189 D ASH     : @ 123530.669: tcs3701: start power rail timer, state:3
11-23 22:57:58.483  9398  9433 I BatteryMgr:DataCollectionService: stats => 1700776678483,14953,4445,9765,4169000,100
11-23 22:57:58.510  9398  9434 I BatteryMgr:DataCollectionService: stats => 1700776678510,14953,4445,9765,4169000,100
11-23 22:57:58.510  9398  9436 I BatteryMgr:DataCollectionService: stats => 1700776678510,14953,4445,9765,4169000,100
11-23 22:57:58.514  1011  1189 I ASH     : @ 123530.709: tcs3701: stop power rail pending_off timer
11-23 22:57:58.514  1011  1189 D ASH     : @ 123530.709: tcs3701: start power rail timer, state:3
11-23 22:57:58.554  1011  1189 I ASH     : @ 123530.749: tcs3701: stop power rail pending_off timer
11-23 22:57:58.554  1011  1189 D ASH     : @ 123530.749: tcs3701: start power rail timer, state:3
11-23 22:57:58.588  9398  9434 I BatteryMgr:DataCollectionService: stats => 1700776678588,14953,4445,9765,4169000,100
11-23 22:57:58.594  1011  1189 I ASH     : @ 123530.789: tcs3701: stop power rail pending_off timer
11-23 22:57:58.594  1011  1189 D ASH     : @ 123530.789: tcs3701: start power rail timer, state:3
11-23 22:57:58.616  9398  9436 I BatteryMgr:DataCollectionService: stats => 1700776678616,14953,4445,9765,4169000,100
11-23 22:57:58.618  9398  9434 I BatteryMgr:DataCollectionService: stats => 1700776678618,14953,4445,9765,4169000,100
11-23 22:57:58.634  1011  1189 I ASH     : @ 123530.829: tcs3701: stop power rail pending_off timer
11-23 22:57:58.634  1011  1189 D ASH     : @ 123530.829: tcs3701: start power rail timer, state:3
11-23 22:57:58.674  1011  1189 I ASH     : @ 123530.869: tcs3701: stop power rail pending_off timer
11-23 22:57:58.674  1011  1189 D ASH     : @ 123530.869: tcs3701: start power rail timer, state:3
11-23 22:57:58.694  9398  9434 I BatteryMgr:DataCollectionService: stats => 1700776678694,14953,4445,9765,4169000,100
11-23 22:57:58.714  1011  1189 I ASH     : @ 123530.909: tcs3701: stop power rail pending_off timer
11-23 22:57:58.714  1011  1189 D ASH     : @ 123530.909: tcs3701: start power rail timer, state:3
