11-23 22:25:39.827  9398  7808 I BatteryMgr:DataCollectionService: stats => 1700774739827,9155,4445,9765,4169000,100
11-23 22:25:39.834  1011  1189 I ASH     : @ 121592.029: tcs3701: stop power rail pending_off timer
11-23 22:25:39.834  1011  1189 D ASH     : @ 121592.029: tcs3701: start power rail timer, state:3
11-23 22:25:39.874  1011  1189 I ASH     : @ 121592.069: tcs3701: stop power rail pending_off timer
11-23 22:25:39.874  1011  1189 D ASH     : @ 121592.069: tcs3701: start power rail timer, state:3
11-23 22:25:39.905  9398  9433 I BatteryMgr:DataCollectionService: stats => 1700774739904,9155,4445,9765,4169000,100
11-23 22:25:39.905  9398  7808 I BatteryMgr:DataCollectionService: stats => 1700774739905,9155,4445,9765,4169000,100
11-23 22:25:39.914  1011  1189 I ASH     : @ 121592.109: tcs3701: stop power rail pending_off timer
11-23 22:25:39.914  1011  1189 D ASH     : @ 121592.109: tcs3701: start power rail timer, state:3
11-23 22:25:39.937 17412 17425 I m.chrome.canary: Explicit concurrent copying GC freed 8007(339KB) AllocSpace objects, 7(268KB) LOS objects, 75% free, 12MB/49MB, paused 147us,57us total 166.664ms
11-23 22:25:39.954  1011  1189 I ASH     : @ 121592.149: tcs3701: stop power rail pending_off timer
11-23 22:25:39.954  1011  1189 D ASH     : @ 121592.149: tcs3701: start power rail timer, state:3
11-23 22:25:39.960  9398  7808 I BatteryMgr:DataCollectionService: stats => 1700774739960,9155,4445,9765,4169000,100
11-23 22:25:39.994  1011  1189 I ASH     : @ 121592.189: tcs3701: stop power rail pending_off timer
11-23 22:25:39.994  1011  1189 D ASH     : @ 121592.189: tcs3701: start power rail timer, state:3
11-23 22:25:40.011  9398  9433 I BatteryMgr:DataCollectionService: stats => 1700774740011,9155,4445,9765,4169000,100
11-23 22:25:40.012  9398  7808 I BatteryMgr:DataCollectionService: stats => 1700774740012,9155,4445,9765,4169000,100
11-23 22:25:40.034  1011  1189 I ASH     : @ 121592.229: tcs3701: stop power rail pending_off timer
11-23 22:25:40.034  1011  1189 D ASH     : @ 121592.229: tcs3701: start power rail timer, state:3
11-23 22:25:40.072  9398  7808 I BatteryMgr:DataCollectionService: stats => 1700774740072,9155,4445,9765,4169000,100
11-23 22:25:40.074  1011  1189 I ASH     : @ 121592.269: tcs3701: stop power rail pending_off timer
11-23 22:25:40.074  1011  1189 D ASH     : @ 121592.269: tcs3701: start power rail timer, state:3
11-23 22:25:40.088  1795  4165 D ActivityManager: freezer override set to false
11-23 22:25:40.114  1011  1189 I ASH     : @ 121592.309: tcs3701: stop power rail pending_off timer
11-23 22:25:40.114  1011  1189 D ASH     : @ 121592.309: tcs3701: start power rail timer, state:3
11-23 22:25:40.120  9398  9433 I BatteryMgr:DataCollectionService: stats => 1700774740120,9155,4445,9765,4169000,100
11-23 22:25:40.122  9398  7808 I BatteryMgr:DataCollectionService: stats => 1700774740122,9155,4445,9765,4169000,100
11-23 22:25:40.155  1011  1189 I ASH     : @ 121592.349: tcs3701: stop power rail pending_off timer
11-23 22:25:40.155  1011  1189 D ASH     : @ 121592.349: tcs3701: start power rail timer, state:3
11-23 22:25:40.181  9398  7808 I BatteryMgr:DataCollectionService: stats => 1700774740181,9155,4445,9765,4169000,100
11-23 22:25:40.194  1011  1189 I ASH     : @ 121592.389: tcs3701: stop power rail pending_off timer
11-23 22:25:40.194  1011  1189 D ASH     : @ 121592.389: tcs3701: start power rail timer, state:3
11-23 22:25:40.198  1795  4165 D ActivityManager: freezer override set to true
11-23 22:25:40.200  1795  4165 D ActivityManager: freezer override set to false
11-23 22:25:40.232  9398  9433 I BatteryMgr:DataCollectionService: stats => 1700774740232,9155,4445,9765,4169000,100
11-23 22:25:40.234  9398  7808 I BatteryMgr:DataCollectionService: stats => 1700774740234,9155,4445,9765,4169000,100
11-23 22:25:40.234  1011  1189 I ASH     : @ 121592.429: tcs3701: stop power rail pending_off timer
11-23 22:25:40.234  1011  1189 D ASH     : @ 121592.429: tcs3701: start power rail timer, state:3
11-23 22:25:40.274  1011  1189 I ASH     : @ 121592.469: tcs3701: stop power rail pending_off timer
11-23 22:25:40.274  1011  1189 D ASH     : @ 121592.469: tcs3701: start power rail timer, state:3
11-23 22:25:40.288  9398  9433 I BatteryMgr:DataCollectionService: stats => 1700774740288,9155,4445,9765,4169000,100
11-23 22:25:40.314  1011  1189 I ASH     : @ 121592.509: tcs3701: stop power rail pending_off timer
11-23 22:25:40.314  1011  1189 D ASH     : @ 121592.509: tcs3701: start power rail timer, state:3
11-23 22:25:40.349  9398  7808 I BatteryMgr:DataCollectionService: stats => 1700774740349,9155,4445,9765,4169000,100
11-23 22:25:40.350  9398  7861 I BatteryMgr:DataCollectionService: stats => 1700774740350,9155,4445,9765,4169000,100
11-23 22:25:40.354  1011  1189 I ASH     : @ 121592.549: tcs3701: stop power rail pending_off timer
11-23 22:25:40.354  1011  1189 D ASH     : @ 121592.549: tcs3701: start power rail timer, state:3
11-23 22:25:40.395  1011  1189 I ASH     : @ 121592.589: tcs3701: stop power rail pending_off timer
11-23 22:25:40.395  1011  1189 D ASH     : @ 121592.589: tcs3701: start power rail timer, state:3
11-23 22:25:40.399  9398  7861 I BatteryMgr:DataCollectionService: stats => 1700774740398,9155,4445,9765,4169000,100
11-23 22:25:40.434  1011  1189 I ASH     : @ 121592.629: tcs3701: stop power rail pending_off timer
11-23 22:25:40.435  1011  1189 D ASH     : @ 121592.629: tcs3701: start power rail timer, state:3
11-23 22:25:40.473  9398  7861 I BatteryMgr:DataCollectionService: stats => 1700774740473,9155,4445,9765,4169000,100
11-23 22:25:40.474  1011  1189 I ASH     : @ 121592.669: tcs3701: stop power rail pending_off timer
11-23 22:25:40.474  1011  1189 D ASH     : @ 121592.669: tcs3701: start power rail timer, state:3
11-23 22:25:40.478  9398  7808 I BatteryMgr:DataCollectionService: stats => 1700774740478,9155,4445,9765,4169000,100
11-23 22:25:40.513  9398  7808 I BatteryMgr:DataCollectionService: stats => 1700774740513,9155,4445,9765,4169000,100
11-23 22:25:40.514  1011  1189 I ASH     : @ 121592.709: tcs3701: stop power rail pending_off timer
11-23 22:25:40.514  1011  1189 D ASH     : @ 121592.709: tcs3701: start power rail timer, state:3
11-23 22:25:40.554  1011  1189 I ASH     : @ 121592.749: tcs3701: stop power rail pending_off timer
11-23 22:25:40.554  1011  1189 D ASH     : @ 121592.749: tcs3701: start power rail timer, state:3
11-23 22:25:40.582  9398  7808 I BatteryMgr:DataCollectionService: stats => 1700774740582,9155,4445,9765,4169000,100
11-23 22:25:40.588  9398  7861 I BatteryMgr:DataCollectionService: stats => 1700774740588,9155,4445,9765,4169000,100
11-23 22:25:40.594  1011  1189 I ASH     : @ 121592.789: tcs3701: stop power rail pending_off timer
11-23 22:25:40.594  1011  1189 D ASH     : @ 121592.789: tcs3701: start power rail timer, state:3
11-23 22:25:40.631  9398  7861 I BatteryMgr:DataCollectionService: stats => 1700774740631,9155,4445,9765,4169000,100
11-23 22:25:40.635  1011  1189 I ASH     : @ 121592.829: tcs3701: stop power rail pending_off timer
11-23 22:25:40.635  1011  1189 D ASH     : @ 121592.829: tcs3701: start power rail timer, state:3
11-23 22:25:40.674  1011  1189 I ASH     : @ 121592.869: tcs3701: stop power rail pending_off timer
11-23 22:25:40.674  1011  1189 D ASH     : @ 121592.869: tcs3701: start power rail timer, state:3
11-23 22:25:40.686  9398  7861 I BatteryMgr:DataCollectionService: stats => 1700774740686,9155,4445,9765,4169000,100
11-23 22:25:40.707  9398  7861 I BatteryMgr:DataCollectionService: stats => 1700774740707,9155,4445,9765,4169000,100
11-23 22:25:40.714  1011  1189 I ASH     : @ 121592.909: tcs3701: stop power rail pending_off timer
11-23 22:25:40.714  1011  1189 D ASH     : @ 121592.909: tcs3701: start power rail timer, state:3
11-23 22:25:40.743  9398  7861 I BatteryMgr:DataCollectionService: stats => 1700774740743,9155,4445,9765,4169000,100
11-23 22:25:40.754  1011  1189 I ASH     : @ 121592.949: tcs3701: stop power rail pending_off timer
11-23 22:25:40.754  1011  1189 D ASH     : @ 121592.949: tcs3701: start power rail timer, state:3
11-23 22:25:40.792  9398  7861 I BatteryMgr:DataCollectionService: stats => 1700774740791,9155,4445,9765,4169000,100
11-23 22:25:40.794  1011  1189 I ASH     : @ 121592.989: tcs3701: stop power rail pending_off timer
11-23 22:25:40.794  1011  1189 D ASH     : @ 121592.989: tcs3701: start power rail timer, state:3
11-23 22:25:40.816  9398  7861 I BatteryMgr:DataCollectionService: stats => 1700774740816,9155,4445,9765,4169000,100
11-23 22:25:40.817  2113  2118 I pixel-thermal: skin-therm-monitor: 38.497
11-23 22:25:40.834  1011  1189 I ASH     : @ 121593.029: tcs3701: stop power rail pending_off timer
11-23 22:25:40.834  1011  1189 D ASH     : @ 121593.029: tcs3701: start power rail timer, state:3
11-23 22:25:40.847  9398  7861 I BatteryMgr:DataCollectionService: stats => 1700774740847,9155,4445,9765,4169000,100
11-23 22:25:40.874  1011  1189 I ASH     : @ 121593.069: tcs3701: stop power rail pending_off timer
11-23 22:25:40.874  1011  1189 D ASH     : @ 121593.069: tcs3701: start power rail timer, state:3
11-23 22:25:40.898  9398  7861 I BatteryMgr:DataCollectionService: stats => 1700774740898,9155,4445,9765,4169000,100
11-23 22:25:40.914  1011  1189 I ASH     : @ 121593.109: tcs3701: stop power rail pending_off timer
11-23 22:25:40.914  1011  1189 D ASH     : @ 121593.109: tcs3701: start power rail timer, state:3
11-23 22:25:40.927  9398  7861 I BatteryMgr:DataCollectionService: stats => 1700774740927,9155,4445,9765,4169000,100
11-23 22:25:40.943  1795  4169 D ActivityManager: freezer override set to true
11-23 22:25:40.953  1795  4169 D ActivityManager: freezer override set to false
11-23 22:25:40.954  1011  1189 I ASH     : @ 121593.149: tcs3701: stop power rail pending_off timer
11-23 22:25:40.954  1011  1189 D ASH     : @ 121593.149: tcs3701: start power rail timer, state:3
11-23 22:25:40.958  9398  7861 I BatteryMgr:DataCollectionService: stats => 1700774740958,9155,4445,9765,4169000,100
11-23 22:25:40.994  1011  1189 I ASH     : @ 121593.189: tcs3701: stop power rail pending_off timer
11-23 22:25:40.994  1011  1189 D ASH     : @ 121593.189: tcs3701: start power rail timer, state:3
11-23 22:25:41.007  9398  7861 I BatteryMgr:DataCollectionService: stats => 1700774741007,9155,4445,9765,4169000,100
11-23 22:25:41.032  9398  7861 I BatteryMgr:DataCollectionService: stats => 1700774741032,9155,4445,9765,4169000,100
11-23 22:25:41.034  1011  1189 I ASH     : @ 121593.229: tcs3701: stop power rail pending_off timer
11-23 22:25:41.034  1011  1189 D ASH     : @ 121593.229: tcs3701: start power rail timer, state:3
11-23 22:25:41.068  9398  7861 I BatteryMgr:DataCollectionService: stats => 1700774741068,9155,4445,9765,4169000,100
11-23 22:25:41.074  1011  1189 I ASH     : @ 121593.269: tcs3701: stop power rail pending_off timer
11-23 22:25:41.074  1011  1189 D ASH     : @ 121593.269: tcs3701: start power rail timer, state:3
11-23 22:25:41.114  1011  1189 I ASH     : @ 121593.309: tcs3701: stop power rail pending_off timer
11-23 22:25:41.114  1011  1189 D ASH     : @ 121593.309: tcs3701: start power rail timer, state:3
11-23 22:25:41.122  9398  7861 I BatteryMgr:DataCollectionService: stats => 1700774741122,9155,4445,9765,4169000,100
11-23 22:25:41.141  9398  7861 I BatteryMgr:DataCollectionService: stats => 1700774741141,9155,4445,9765,4169000,100
11-23 22:25:41.154  1011  1189 I ASH     : @ 121593.349: tcs3701: stop power rail pending_off timer
11-23 22:25:41.154  1011  1189 D ASH     : @ 121593.349: tcs3701: start power rail timer, state:3
11-23 22:25:41.174  9398  7861 I BatteryMgr:DataCollectionService: stats => 1700774741174,9155,4445,9765,4169000,100
11-23 22:25:41.194  1011  1189 I ASH     : @ 121593.389: tcs3701: stop power rail pending_off timer
11-23 22:25:41.194  1011  1189 D ASH     : @ 121593.389: tcs3701: start power rail timer, state:3
11-23 22:25:41.229  9398  7861 I BatteryMgr:DataCollectionService: stats => 1700774741229,10681,4445,9765,4169000,100
11-23 22:25:41.235  1011  1189 I ASH     : @ 121593.429: tcs3701: stop power rail pending_off timer
11-23 22:25:41.235  1011  1189 D ASH     : @ 121593.429: tcs3701: start power rail timer, state:3
11-23 22:25:41.247  9398  7861 I BatteryMgr:DataCollectionService: stats => 1700774741247,10681,4445,9765,4169000,100
11-23 22:25:41.274  1011  1189 I ASH     : @ 121593.469: tcs3701: stop power rail pending_off timer
11-23 22:25:41.274  1011  1189 D ASH     : @ 121593.469: tcs3701: start power rail timer, state:3
11-23 22:25:41.286  9398  7861 I BatteryMgr:DataCollectionService: stats => 1700774741286,10681,4445,9765,4169000,100
11-23 22:25:41.314  1011  1189 I ASH     : @ 121593.509: tcs3701: stop power rail pending_off timer
11-23 22:25:41.314  1011  1189 D ASH     : @ 121593.509: tcs3701: start power rail timer, state:3
11-23 22:25:41.335  9398  7861 I BatteryMgr:DataCollectionService: stats => 1700774741335,10681,4445,9765,4169000,100
11-23 22:25:41.354  1011  1189 I ASH     : @ 121593.549: tcs3701: stop power rail pending_off timer
11-23 22:25:41.354  1011  1189 D ASH     : @ 121593.549: tcs3701: start power rail timer, state:3
11-23 22:25:41.364  9398  7861 I BatteryMgr:DataCollectionService: stats => 1700774741364,10681,4445,9765,4169000,100
11-23 22:25:41.394  1011  1189 I ASH     : @ 121593.589: tcs3701: stop power rail pending_off timer
11-23 22:25:41.394  1011  1189 D ASH     : @ 121593.589: tcs3701: start power rail timer, state:3
11-23 22:25:41.399  9398  7861 I BatteryMgr:DataCollectionService: stats => 1700774741399,10681,4445,9765,4169000,100
11-23 22:25:41.434  1011  1189 I ASH     : @ 121593.629: tcs3701: stop power rail pending_off timer
11-23 22:25:41.434  1011  1189 D ASH     : @ 121593.629: tcs3701: start power rail timer, state:3
11-23 22:25:41.457  9398  7861 I BatteryMgr:DataCollectionService: stats => 1700774741456,10681,4445,9765,4169000,100
11-23 22:25:41.476  1011  1189 I ASH     : @ 121593.669: tcs3701: stop power rail pending_off timer
11-23 22:25:41.476  1011  1189 D ASH     : @ 121593.669: tcs3701: start power rail timer, state:3
11-23 22:25:41.476  9398  7861 I BatteryMgr:DataCollectionService: stats => 1700774741476,10681,4445,9765,4169000,100
11-23 22:25:41.511  9398  7861 I BatteryMgr:DataCollectionService: stats => 1700774741511,10681,4445,9765,4169000,100
11-23 22:25:41.514  1011  1189 I ASH     : @ 121593.709: tcs3701: stop power rail pending_off timer
11-23 22:25:41.514  1011  1189 D ASH     : @ 121593.709: tcs3701: start power rail timer, state:3
11-23 22:25:41.530  1795  4169 D ActivityManager: freezer override set to true
11-23 22:25:41.554  1011  1189 I ASH     : @ 121593.749: tcs3701: stop power rail pending_off timer
11-23 22:25:41.554  1011  1189 D ASH     : @ 121593.749: tcs3701: start power rail timer, state:3
11-23 22:25:41.580  9398  7861 I BatteryMgr:DataCollectionService: stats => 1700774741580,10681,4445,9765,4169000,100
11-23 22:25:41.589  9398  7808 I BatteryMgr:DataCollectionService: stats => 1700774741589,10681,4445,9765,4169000,100
11-23 22:25:41.594  1011  1189 I ASH     : @ 121593.789: tcs3701: stop power rail pending_off timer
11-23 22:25:41.594  1011  1189 D ASH     : @ 121593.789: tcs3701: start power rail timer, state:3
11-23 22:25:41.627  9398  7808 I BatteryMgr:DataCollectionService: stats => 1700774741627,10681,4445,9765,4169000,100
11-23 22:25:41.634  1011  1189 I ASH     : @ 121593.829: tcs3701: stop power rail pending_off timer
11-23 22:25:41.634  1011  1189 D ASH     : @ 121593.829: tcs3701: start power rail timer, state:3
11-23 22:25:41.674  1011  1189 I ASH     : @ 121593.869: tcs3701: stop power rail pending_off timer
11-23 22:25:41.674  1011  1189 D ASH     : @ 121593.869: tcs3701: start power rail timer, state:3
11-23 22:25:41.687  9398  7808 I BatteryMgr:DataCollectionService: stats => 1700774741687,10681,4445,9765,4169000,100
11-23 22:25:41.698  9398  7808 I BatteryMgr:DataCollectionService: stats => 1700774741698,10681,4445,9765,4169000,100
11-23 22:25:41.714  1011  1189 I ASH     : @ 121593.909: tcs3701: stop power rail pending_off timer
11-23 22:25:41.714  1011  1189 D ASH     : @ 121593.909: tcs3701: start power rail timer, state:3
11-23 22:25:41.716 17412 17425 I m.chrome.canary: Explicit concurrent copying GC freed 3905(196KB) AllocSpace objects, 4(80KB) LOS objects, 75% free, 12MB/49MB, paused 130us,23us total 126.839ms
11-23 22:25:41.730  9398  7808 I BatteryMgr:DataCollectionService: stats => 1700774741730,10681,4445,9765,4169000,100
11-23 22:25:41.756  1011  1189 I ASH     : @ 121593.949: tcs3701: stop power rail pending_off timer
11-23 22:25:41.756  1011  1189 D ASH     : @ 121593.949: tcs3701: start power rail timer, state:3
11-23 22:25:41.790  9398  7808 I BatteryMgr:DataCollectionService: stats => 1700774741789,10681,4445,9765,4169000,100
11-23 22:25:41.794  1011  1189 I ASH     : @ 121593.989: tcs3701: stop power rail pending_off timer
11-23 22:25:41.794  1011  1189 D ASH     : @ 121593.989: tcs3701: start power rail timer, state:3
11-23 22:25:41.795  1795  4169 D ActivityManager: freezer override set to false
11-23 22:25:41.802  9398  7808 I BatteryMgr:DataCollectionService: stats => 1700774741802,10681,4445,9765,4169000,100
11-23 22:25:41.833  9398  7808 I BatteryMgr:DataCollectionService: stats => 1700774741833,10681,4445,9765,4169000,100
11-23 22:25:41.834  1011  1189 I ASH     : @ 121594.029: tcs3701: stop power rail pending_off timer
11-23 22:25:41.834  1011  1189 D ASH     : @ 121594.029: tcs3701: start power rail timer, state:3
11-23 22:25:41.874  1011  1189 I ASH     : @ 121594.069: tcs3701: stop power rail pending_off timer
11-23 22:25:41.874  1011  1189 D ASH     : @ 121594.069: tcs3701: start power rail timer, state:3
11-23 22:25:41.874  1795  4169 D ActivityManager: freezer override set to true
11-23 22:25:41.878  1795  4169 D ActivityManager: freezer override set to false
11-23 22:25:41.910  9398  7861 I BatteryMgr:DataCollectionService: stats => 1700774741910,10681,4445,9765,4169000,100
11-23 22:25:41.911  9398  7808 I BatteryMgr:DataCollectionService: stats => 1700774741911,10681,4445,9765,4169000,100
11-23 22:25:41.914  1011  1189 I ASH     : @ 121594.109: tcs3701: stop power rail pending_off timer
11-23 22:25:41.914  1011  1189 D ASH     : @ 121594.109: tcs3701: start power rail timer, state:3
11-23 22:25:41.937  9398  7808 I BatteryMgr:DataCollectionService: stats => 1700774741937,10681,4445,9765,4169000,100
11-23 22:25:41.943  1795  4169 D ActivityManager: freezer override set to true
11-23 22:25:41.949  1795  4169 D ActivityManager: freezer override set to false
11-23 22:25:41.955  1011  1189 I ASH     : @ 121594.149: tcs3701: stop power rail pending_off timer
11-23 22:25:41.955  1011  1189 D ASH     : @ 121594.149: tcs3701: start power rail timer, state:3
11-23 22:25:41.995  1011  1189 I ASH     : @ 121594.189: tcs3701: stop power rail pending_off timer
11-23 22:25:41.995  1011  1189 D ASH     : @ 121594.189: tcs3701: start power rail timer, state:3
11-23 22:25:42.018  9398  7808 I BatteryMgr:DataCollectionService: stats => 1700774742018,10681,4445,9765,4169000,100
11-23 22:25:42.027  9398  7861 I BatteryMgr:DataCollectionService: stats => 1700774742027,10681,4445,9765,4169000,100
11-23 22:25:42.034  1011  1189 I ASH     : @ 121594.229: tcs3701: stop power rail pending_off timer
11-23 22:25:42.034  1011  1189 D ASH     : @ 121594.229: tcs3701: start power rail timer, state:3
11-23 22:25:42.046  9398  7861 I BatteryMgr:DataCollectionService: stats => 1700774742046,10681,4445,9765,4169000,100
11-23 22:25:42.074  1011  1189 I ASH     : @ 121594.269: tcs3701: stop power rail pending_off timer
11-23 22:25:42.074  1011  1189 D ASH     : @ 121594.269: tcs3701: start power rail timer, state:3
11-23 22:25:42.115  1011  1189 I ASH     : @ 121594.309: tcs3701: stop power rail pending_off timer
11-23 22:25:42.115  1011  1189 D ASH     : @ 121594.309: tcs3701: start power rail timer, state:3
11-23 22:25:42.130  9398  7861 I BatteryMgr:DataCollectionService: stats => 1700774742130,10681,4445,9765,4169000,100
11-23 22:25:42.134  9398  7808 I BatteryMgr:DataCollectionService: stats => 1700774742134,10681,4445,9765,4169000,100
11-23 22:25:42.154  1011  1189 I ASH     : @ 121594.349: tcs3701: stop power rail pending_off timer
11-23 22:25:42.154  1011  1189 D ASH     : @ 121594.349: tcs3701: start power rail timer, state:3
11-23 22:25:42.163  9398  7808 I BatteryMgr:DataCollectionService: stats => 1700774742162,10681,4445,9765,4169000,100
11-23 22:25:42.194  1011  1189 I ASH     : @ 121594.389: tcs3701: stop power rail pending_off timer
11-23 22:25:42.194  1011  1189 D ASH     : @ 121594.389: tcs3701: start power rail timer, state:3
11-23 22:25:42.234  1011  1189 I ASH     : @ 121594.429: tcs3701: stop power rail pending_off timer
11-23 22:25:42.234  1011  1189 D ASH     : @ 121594.429: tcs3701: start power rail timer, state:3
11-23 22:25:42.241  9398  7808 I BatteryMgr:DataCollectionService: stats => 1700774742241,10681,4445,9765,4169000,100
11-23 22:25:42.247  9398  7861 I BatteryMgr:DataCollectionService: stats => 1700774742247,10681,4445,9765,4169000,100
11-23 22:25:42.265  9398  7861 I BatteryMgr:DataCollectionService: stats => 1700774742265,10681,4445,9765,4169000,100
11-23 22:25:42.274  1011  1189 I ASH     : @ 121594.469: tcs3701: stop power rail pending_off timer
11-23 22:25:42.274  1011  1189 D ASH     : @ 121594.469: tcs3701: start power rail timer, state:3
11-23 22:25:42.315  1011  1189 I ASH     : @ 121594.509: tcs3701: stop power rail pending_off timer
11-23 22:25:42.315  1011  1189 D ASH     : @ 121594.509: tcs3701: start power rail timer, state:3
11-23 22:25:42.352  9398  7861 I BatteryMgr:DataCollectionService: stats => 1700774742349,10681,4445,9765,4169000,100
11-23 22:25:42.354  1011  1189 I ASH     : @ 121594.549: tcs3701: stop power rail pending_off timer
11-23 22:25:42.354  1011  1189 D ASH     : @ 121594.549: tcs3701: start power rail timer, state:3
11-23 22:25:42.361  9398  7808 I BatteryMgr:DataCollectionService: stats => 1700774742361,10681,4445,9765,4169000,100
11-23 22:25:42.380  9398  7808 I BatteryMgr:DataCollectionService: stats => 1700774742380,10681,4445,9765,4169000,100
11-23 22:25:42.394  1011  1189 I ASH     : @ 121594.589: tcs3701: stop power rail pending_off timer
11-23 22:25:42.394  1011  1189 D ASH     : @ 121594.589: tcs3701: start power rail timer, state:3
11-23 22:25:42.434  1011  1189 I ASH     : @ 121594.629: tcs3701: stop power rail pending_off timer
11-23 22:25:42.434  1011  1189 D ASH     : @ 121594.629: tcs3701: start power rail timer, state:3
11-23 22:25:42.460  9398  7808 I BatteryMgr:DataCollectionService: stats => 1700774742460,10681,4445,9765,4169000,100
11-23 22:25:42.468  9398  7808 I BatteryMgr:DataCollectionService: stats => 1700774742468,10681,4445,9765,4169000,100
11-23 22:25:42.474  1011  1189 I ASH     : @ 121594.669: tcs3701: stop power rail pending_off timer
11-23 22:25:42.474  1011  1189 D ASH     : @ 121594.669: tcs3701: start power rail timer, state:3
11-23 22:25:42.486  9398  7808 I BatteryMgr:DataCollectionService: stats => 1700774742486,10681,4445,9765,4169000,100
11-23 22:25:42.506  1795  2424 D WifiClientModeImpl[13802:wlan0]: updateLinkLayerStatsRssiSpeedFrequencyCapabilities rssi=-48 TxLinkspeed=866 freq=5240 RxLinkSpeed=780
11-23 22:25:42.507  1795  2424 D WifiDataStall: tx tput in kbps: 560193
11-23 22:25:42.507  1795  2424 D WifiDataStall: rx tput in kbps: 630703
11-23 22:25:42.507  1795  2424 V WifiConfigManager: Updating scan detail cache freq=5240 BSSID=f4:6d:2f:12:cc:88 RSSI=-47 for "ourhome"WPA_PSK
11-23 22:25:42.507  1795  2424 D WifiChannelUtilization:  freq: 5240 onTime: 3926933 busyTime: 423061 onTimeDiff: 552141 busyTimeDiff: 107362 utilization: 49 utilization t0: 27
11-23 22:25:42.507  1795  2424 D WifiDataStall:  ccaLevel = 49
11-23 22:25:42.507  1795  2424 D WifiDataStall: L2 txTputKbps: 665230, rxTputKbps: 630703, L3 txTputKbps: 0, rxTputKbps: 0, TxTrafficHigh: false, RxTrafficHigh: false, Throughput Sufficient: true
11-23 22:25:42.507  1795  2424 D WifiScoreReport: Wifi scoring disabled - Don't check IP layer
11-23 22:25:42.507  1795  2424 D WifiScoreCard: BSSID update SIGNAL_POLL ID: 1320464697 SSID: "ourhome", BSSID: f4:6d:2f:12:cc:88, MAC: b2:2f:ec:da:4a:0c, IP: /192.168.1.104, Security type: 2, Supplicant state: COMPLETED, Wi-Fi standard: 5, RSSI: -48, Link speed: 866Mbps, Tx Link speed: 866Mbps, Max Supported Tx Link speed: 866Mbps, Rx Link speed: 780Mbps, Max Supported Rx Link speed: 866Mbps, Frequency: 5240MHz, Net ID: 12, Metered hint: false, score: 60, isUsable: true, CarrierMerged: false, SubscriptionId: -1, IsPrimary: 1, Trusted: true, Restricted: false, Ephemeral: false, OEM paid: false, OEM private: false, OSU AP: false, FQDN: <none>, Provider friendly name: <none>, Requesting package name: <none>"ourhome"wpa2-pskMLO Information: , Is TID-To-Link negotiation supported by the AP: false, AP MLD Address: <none>, AP MLO Link Id: <none>, AP MLO Affiliated links: <none>
11-23 22:25:42.507  3213  3232 V WifiManager: OnWifiUsabilityStatsListener: onWifiUsabilityStats: seqNum=40116
11-23 22:25:42.507  1795  2424 D WifiScoreCard: txRate: 10 txSpeed: 866
11-23 22:25:42.507  1795  2424 D WifiScoreCard: network update SIGNAL_POLL "ourhome" ID: 1499892569 RSSI -48 txSpeed 866
11-23 22:25:42.507  1795  2424 D WifiClientModeImpl[13802:wlan0]:  ClientModeImpl$L2ConnectedState screen=on 25 0 "ourhome" f4:6d:2f:12:cc:88 rssi=-48 f=5240 sc=60 link=866 tx=7.8, 1.8, 0.0 rx=5.1 bcn=1167564 [on:0 tx:0 rx:0 period:3016] from screen [on:566282 period:8589872] score=60
11-23 22:25:42.507  2513  8309 V WifiManager: TrafficStateCallbackProxy: onStateChanged state=0
11-23 22:25:42.507  1795  4169 I WifiService: updateWifiUsabilityScore uid=10180 seqNum=40116 score=100 predictionHorizonSec=1441795
11-23 22:25:42.509  1795  2424 D WifiScoreReport: Wifi scoring disabled - Notify that Wifi is usable
11-23 22:25:42.511  1795  2432 D ConnectivityService: NetReassign [no changes] [c 0] [a 0] [i 2]
11-23 22:25:42.514  1011  1189 I ASH     : @ 121594.709: tcs3701: stop power rail pending_off timer
11-23 22:25:42.514  1011  1189 D ASH     : @ 121594.709: tcs3701: start power rail timer, state:3
11-23 22:25:42.554  1011  1189 I ASH     : @ 121594.749: tcs3701: stop power rail pending_off timer
11-23 22:25:42.554  1011  1189 D ASH     : @ 121594.749: tcs3701: start power rail timer, state:3
11-23 22:25:42.567  9398  7808 I BatteryMgr:DataCollectionService: stats => 1700774742567,10681,4445,9765,4169000,100
11-23 22:25:42.576  9398  7808 I BatteryMgr:DataCollectionService: stats => 1700774742576,10681,4445,9765,4169000,100
11-23 22:25:42.594  1011  1189 I ASH     : @ 121594.789: tcs3701: stop power rail pending_off timer
11-23 22:25:42.594  1011  1189 D ASH     : @ 121594.789: tcs3701: start power rail timer, state:3
11-23 22:25:42.596  9398  7808 I BatteryMgr:DataCollectionService: stats => 1700774742596,10681,4445,9765,4169000,100
11-23 22:25:42.634  1011  1189 I ASH     : @ 121594.829: tcs3701: stop power rail pending_off timer
11-23 22:25:42.634  1011  1189 D ASH     : @ 121594.829: tcs3701: start power rail timer, state:3
11-23 22:25:42.672  9398  7808 I BatteryMgr:DataCollectionService: stats => 1700774742671,10681,4445,9765,4169000,100
11-23 22:25:42.674  1011  1189 I ASH     : @ 121594.869: tcs3701: stop power rail pending_off timer
11-23 22:25:42.674  1011  1189 D ASH     : @ 121594.869: tcs3701: start power rail timer, state:3
11-23 22:25:42.684  9398  7808 I BatteryMgr:DataCollectionService: stats => 1700774742684,10681,4445,9765,4169000,100
11-23 22:25:42.701  9398  7808 I BatteryMgr:DataCollectionService: stats => 1700774742701,10681,4445,9765,4169000,100
11-23 22:25:42.714  1011  1189 I ASH     : @ 121594.909: tcs3701: stop power rail pending_off timer
11-23 22:25:42.714  1011  1189 D ASH     : @ 121594.909: tcs3701: start power rail timer, state:3
11-23 22:25:42.754  1011  1189 I ASH     : @ 121594.949: tcs3701: stop power rail pending_off timer
11-23 22:25:42.754  1011  1189 D ASH     : @ 121594.949: tcs3701: start power rail timer, state:3
11-23 22:25:42.778  9398  7808 I BatteryMgr:DataCollectionService: stats => 1700774742778,10681,4445,9765,4169000,100
11-23 22:25:42.792  9398  7808 I BatteryMgr:DataCollectionService: stats => 1700774742792,10681,4445,9765,4169000,100
11-23 22:25:42.795  1011  1189 I ASH     : @ 121594.989: tcs3701: stop power rail pending_off timer
11-23 22:25:42.795  1011  1189 D ASH     : @ 121594.989: tcs3701: start power rail timer, state:3
11-23 22:25:42.810  9398  7808 I BatteryMgr:DataCollectionService: stats => 1700774742810,10681,4445,9765,4169000,100
11-23 22:25:42.820  2113  2118 I pixel-thermal: skin-therm-monitor: 38.48
11-23 22:25:42.834  1011  1189 I ASH     : @ 121595.029: tcs3701: stop power rail pending_off timer
11-23 22:25:42.834  1011  1189 D ASH     : @ 121595.029: tcs3701: start power rail timer, state:3
11-23 22:25:42.874  1011  1189 I ASH     : @ 121595.069: tcs3701: stop power rail pending_off timer
11-23 22:25:42.874  1011  1189 D ASH     : @ 121595.069: tcs3701: start power rail timer, state:3
11-23 22:25:42.891  9398  7808 I BatteryMgr:DataCollectionService: stats => 1700774742891,10681,4445,9765,4169000,100
11-23 22:25:42.910  9398  7808 I BatteryMgr:DataCollectionService: stats => 1700774742910,10681,4445,9765,4169000,100
11-23 22:25:42.911  1795  4167 D ActivityManager: freezer override set to true
11-23 22:25:42.914  1011  1189 I ASH     : @ 121595.109: tcs3701: stop power rail pending_off timer
11-23 22:25:42.914  1011  1189 D ASH     : @ 121595.109: tcs3701: start power rail timer, state:3
11-23 22:25:42.918  1795  4167 D ActivityManager: freezer override set to false
11-23 22:25:42.932  9398  7808 I BatteryMgr:DataCollectionService: stats => 1700774742932,10681,4445,9765,4169000,100
11-23 22:25:42.954  1011  1189 I ASH     : @ 121595.149: tcs3701: stop power rail pending_off timer
11-23 22:25:42.954  1011  1189 D ASH     : @ 121595.149: tcs3701: start power rail timer, state:3
11-23 22:25:42.994  1011  1189 I ASH     : @ 121595.189: tcs3701: stop power rail pending_off timer
11-23 22:25:42.994  1011  1189 D ASH     : @ 121595.189: tcs3701: start power rail timer, state:3
11-23 22:25:43.000  9398  7808 I BatteryMgr:DataCollectionService: stats => 1700774743000,10681,4445,9765,4169000,100
11-23 22:25:43.017  9398  7808 I BatteryMgr:DataCollectionService: stats => 1700774743017,10681,4445,9765,4169000,100
11-23 22:25:43.034  1011  1189 I ASH     : @ 121595.229: tcs3701: stop power rail pending_off timer
11-23 22:25:43.034  1011  1189 D ASH     : @ 121595.229: tcs3701: start power rail timer, state:3
11-23 22:25:43.051  9398  7808 I BatteryMgr:DataCollectionService: stats => 1700774743051,10681,4445,9765,4169000,100
11-23 22:25:43.074  1011  1189 I ASH     : @ 121595.269: tcs3701: stop power rail pending_off timer
11-23 22:25:43.074  1011  1189 D ASH     : @ 121595.269: tcs3701: start power rail timer, state:3
11-23 22:25:43.094  1795  4169 D ActivityManager: freezer override set to true
11-23 22:25:43.109  9398  7808 I BatteryMgr:DataCollectionService: stats => 1700774743109,10681,4445,9765,4169000,100
11-23 22:25:43.114  1011  1189 I ASH     : @ 121595.309: tcs3701: stop power rail pending_off timer
11-23 22:25:43.114  1011  1189 D ASH     : @ 121595.309: tcs3701: start power rail timer, state:3
11-23 22:25:43.123  9398  7808 I BatteryMgr:DataCollectionService: stats => 1700774743122,10681,4445,9765,4169000,100
11-23 22:25:43.154  1011  1189 I ASH     : @ 121595.349: tcs3701: stop power rail pending_off timer
11-23 22:25:43.154  1011  1189 D ASH     : @ 121595.349: tcs3701: start power rail timer, state:3
11-23 22:25:43.160  9398  7808 I BatteryMgr:DataCollectionService: stats => 1700774743160,10681,4445,9765,4169000,100
11-23 22:25:43.189 17412 17425 I m.chrome.canary: Explicit concurrent copying GC freed 3833(192KB) AllocSpace objects, 4(80KB) LOS objects, 75% free, 12MB/49MB, paused 90us,33us total 54.536ms
11-23 22:25:43.194  1011  1189 I ASH     : @ 121595.389: tcs3701: stop power rail pending_off timer
11-23 22:25:43.194  1011  1189 D ASH     : @ 121595.389: tcs3701: start power rail timer, state:3
11-23 22:25:43.215  9398  7808 I BatteryMgr:DataCollectionService: stats => 1700774743215,10681,4445,9765,4169000,100
11-23 22:25:43.234  1011  1189 I ASH     : @ 121595.429: tcs3701: stop power rail pending_off timer
11-23 22:25:43.234  1011  1189 D ASH     : @ 121595.429: tcs3701: start power rail timer, state:3
11-23 22:25:43.241  9398  7808 I BatteryMgr:DataCollectionService: stats => 1700774743241,10681,4445,9765,4169000,100
11-23 22:25:43.245  1795  4169 D ActivityManager: freezer override set to false
11-23 22:25:43.272  9398  7808 I BatteryMgr:DataCollectionService: stats => 1700774743272,10681,4445,9765,4169000,100
11-23 22:25:43.274  1011  1189 I ASH     : @ 121595.469: tcs3701: stop power rail pending_off timer
11-23 22:25:43.274  1011  1189 D ASH     : @ 121595.469: tcs3701: start power rail timer, state:3
11-23 22:25:43.314  1011  1189 I ASH     : @ 121595.509: tcs3701: stop power rail pending_off timer
11-23 22:25:43.314  1011  1189 D ASH     : @ 121595.509: tcs3701: start power rail timer, state:3
11-23 22:25:43.328  9398  7808 I BatteryMgr:DataCollectionService: stats => 1700774743328,10681,4445,9765,4169000,100
11-23 22:25:43.331  1795  4169 D ActivityManager: freezer override set to true
11-23 22:25:43.335  1795  4169 D ActivityManager: freezer override set to false
11-23 22:25:43.354  1011  1189 I ASH     : @ 121595.549: tcs3701: stop power rail pending_off timer
11-23 22:25:43.354  1011  1189 D ASH     : @ 121595.549: tcs3701: start power rail timer, state:3
11-23 22:25:43.361  9398  7808 I BatteryMgr:DataCollectionService: stats => 1700774743361,10681,4445,9765,4169000,100
11-23 22:25:43.382  9398  7808 I BatteryMgr:DataCollectionService: stats => 1700774743382,10681,4445,9765,4169000,100
11-23 22:25:43.394  1011  1189 I ASH     : @ 121595.589: tcs3701: stop power rail pending_off timer
11-23 22:25:43.394  1011  1189 D ASH     : @ 121595.589: tcs3701: start power rail timer, state:3
11-23 22:25:43.434  1011  1189 I ASH     : @ 121595.629: tcs3701: stop power rail pending_off timer
11-23 22:25:43.434  1011  1189 D ASH     : @ 121595.629: tcs3701: start power rail timer, state:3
11-23 22:25:43.435  9398  7808 I BatteryMgr:DataCollectionService: stats => 1700774743435,10681,4445,9765,4169000,100
11-23 22:25:43.468  9398  7808 I BatteryMgr:DataCollectionService: stats => 1700774743468,10681,4445,9765,4169000,100
11-23 22:25:43.474  1011  1189 I ASH     : @ 121595.669: tcs3701: stop power rail pending_off timer
11-23 22:25:43.474  1011  1189 D ASH     : @ 121595.669: tcs3701: start power rail timer, state:3
11-23 22:25:43.486  9398  7808 I BatteryMgr:DataCollectionService: stats => 1700774743486,10681,4445,9765,4169000,100
11-23 22:25:43.514  1011  1189 I ASH     : @ 121595.709: tcs3701: stop power rail pending_off timer
11-23 22:25:43.514  1011  1189 D ASH     : @ 121595.709: tcs3701: start power rail timer, state:3
11-23 22:25:43.539  9398  7808 I BatteryMgr:DataCollectionService: stats => 1700774743539,10681,4445,9765,4169000,100
11-23 22:25:43.554  1011  1189 I ASH     : @ 121595.749: tcs3701: stop power rail pending_off timer
11-23 22:25:43.554  1011  1189 D ASH     : @ 121595.749: tcs3701: start power rail timer, state:3
11-23 22:25:43.575  9398  7808 I BatteryMgr:DataCollectionService: stats => 1700774743574,10681,4445,9765,4169000,100
11-23 22:25:43.592  9398  7808 I BatteryMgr:DataCollectionService: stats => 1700774743592,10681,4445,9765,4169000,100
11-23 22:25:43.594  1011  1189 I ASH     : @ 121595.789: tcs3701: stop power rail pending_off timer
11-23 22:25:43.594  1011  1189 D ASH     : @ 121595.789: tcs3701: start power rail timer, state:3
11-23 22:25:43.635  1011  1189 I ASH     : @ 121595.829: tcs3701: stop power rail pending_off timer
11-23 22:25:43.635  1011  1189 D ASH     : @ 121595.829: tcs3701: start power rail timer, state:3
11-23 22:25:43.646  9398  7808 I BatteryMgr:DataCollectionService: stats => 1700774743646,10681,4445,9765,4169000,100
11-23 22:25:43.674  1011  1189 I ASH     : @ 121595.869: tcs3701: stop power rail pending_off timer
11-23 22:25:43.674  1011  1189 D ASH     : @ 121595.869: tcs3701: start power rail timer, state:3
11-23 22:25:43.680  9398  7808 I BatteryMgr:DataCollectionService: stats => 1700774743680,10681,4445,9765,4169000,100
11-23 22:25:43.709  9398  7808 I BatteryMgr:DataCollectionService: stats => 1700774743709,10681,4445,9765,4169000,100
11-23 22:25:43.714  1011  1189 I ASH     : @ 121595.909: tcs3701: stop power rail pending_off timer
11-23 22:25:43.714  1011  1189 D ASH     : @ 121595.909: tcs3701: start power rail timer, state:3
11-23 22:25:43.754  1011  1189 I ASH     : @ 121595.949: tcs3701: stop power rail pending_off timer
11-23 22:25:43.754  1011  1189 D ASH     : @ 121595.949: tcs3701: start power rail timer, state:3
11-23 22:25:43.764  9398  7808 I BatteryMgr:DataCollectionService: stats => 1700774743764,10681,4445,9765,4169000,100
11-23 22:25:43.791  9398  7808 I BatteryMgr:DataCollectionService: stats => 1700774743791,10681,4445,9765,4169000,100
11-23 22:25:43.794  1011  1189 I ASH     : @ 121595.989: tcs3701: stop power rail pending_off timer
11-23 22:25:43.794  1011  1189 D ASH     : @ 121595.989: tcs3701: start power rail timer, state:3
11-23 22:25:43.821  9398  7808 I BatteryMgr:DataCollectionService: stats => 1700774743821,10681,4445,9765,4169000,100
11-23 22:25:43.834  1011  1189 I ASH     : @ 121596.029: tcs3701: stop power rail pending_off timer
11-23 22:25:43.834  1011  1189 D ASH     : @ 121596.029: tcs3701: start power rail timer, state:3
11-23 22:25:43.871  9398  7808 I BatteryMgr:DataCollectionService: stats => 1700774743871,10681,4445,9765,4169000,100
11-23 22:25:43.874  1011  1189 I ASH     : @ 121596.069: tcs3701: stop power rail pending_off timer
11-23 22:25:43.875  1011  1189 D ASH     : @ 121596.069: tcs3701: start power rail timer, state:3
11-23 22:25:43.902  9398  7808 I BatteryMgr:DataCollectionService: stats => 1700774743902,10681,4445,9765,4169000,100
11-23 22:25:43.914  1011  1189 I ASH     : @ 121596.109: tcs3701: stop power rail pending_off timer
11-23 22:25:43.914  1011  1189 D ASH     : @ 121596.109: tcs3701: start power rail timer, state:3
11-23 22:25:43.924  9398  7808 I BatteryMgr:DataCollectionService: stats => 1700774743924,10681,4445,9765,4169000,100
11-23 22:25:43.954  1011  1189 I ASH     : @ 121596.149: tcs3701: stop power rail pending_off timer
11-23 22:25:43.954  1011  1189 D ASH     : @ 121596.149: tcs3701: start power rail timer, state:3
11-23 22:25:43.955  1795  4169 D ActivityManager: freezer override set to true
11-23 22:25:43.969  1795  4169 D ActivityManager: freezer override set to false
11-23 22:25:43.987  9398  7808 I BatteryMgr:DataCollectionService: stats => 1700774743987,10681,4445,9765,4169000,100
11-23 22:25:43.994  1011  1189 I ASH     : @ 121596.189: tcs3701: stop power rail pending_off timer
11-23 22:25:43.994  1011  1189 D ASH     : @ 121596.189: tcs3701: start power rail timer, state:3
11-23 22:25:44.010  9398  7808 I BatteryMgr:DataCollectionService: stats => 1700774744010,10681,4445,9765,4169000,100
11-23 22:25:44.034  1011  1189 I ASH     : @ 121596.229: tcs3701: stop power rail pending_off timer
11-23 22:25:44.034  9398  7808 I BatteryMgr:DataCollectionService: stats => 1700774744034,10681,4445,9765,4169000,100
11-23 22:25:44.034  1011  1189 D ASH     : @ 121596.229: tcs3701: start power rail timer, state:3
11-23 22:25:44.056 17412 17470 W chromium: [WARNING:ev_root_ca_metadata.cc(119)] Not implemented
11-23 22:25:44.056 17412 17470 W chromium: [WARNING:ev_root_ca_metadata.cc(119)] Not implemented
11-23 22:25:44.074  1011  1189 I ASH     : @ 121596.269: tcs3701: stop power rail pending_off timer
11-23 22:25:44.074  1011  1189 D ASH     : @ 121596.269: tcs3701: start power rail timer, state:3
11-23 22:25:44.100  9398  7808 I BatteryMgr:DataCollectionService: stats => 1700774744100,10681,4445,9765,4169000,100
11-23 22:25:44.114  1011  1189 I ASH     : @ 121596.309: tcs3701: stop power rail pending_off timer
11-23 22:25:44.114  1011  1189 D ASH     : @ 121596.309: tcs3701: start power rail timer, state:3
11-23 22:25:44.124  9398  7808 I BatteryMgr:DataCollectionService: stats => 1700774744124,10681,4445,9765,4169000,100
11-23 22:25:44.141  9398  7808 I BatteryMgr:DataCollectionService: stats => 1700774744141,10681,4445,9765,4169000,100
11-23 22:25:44.154  1011  1189 I ASH     : @ 121596.349: tcs3701: stop power rail pending_off timer
11-23 22:25:44.154  1011  1189 D ASH     : @ 121596.349: tcs3701: start power rail timer, state:3
11-23 22:25:44.194  1011  1189 I ASH     : @ 121596.389: tcs3701: stop power rail pending_off timer
11-23 22:25:44.194  1011  1189 D ASH     : @ 121596.389: tcs3701: start power rail timer, state:3
11-23 22:25:44.214  9398  7808 I BatteryMgr:DataCollectionService: stats => 1700774744213,10681,4445,9765,4169000,100
11-23 22:25:44.231  9398  7808 I BatteryMgr:DataCollectionService: stats => 1700774744231,10681,4445,9765,4169000,100
11-23 22:25:44.234  1011  1189 I ASH     : @ 121596.429: tcs3701: stop power rail pending_off timer
11-23 22:25:44.234  1011  1189 D ASH     : @ 121596.429: tcs3701: start power rail timer, state:3
11-23 22:25:44.246  9398  7808 I BatteryMgr:DataCollectionService: stats => 1700774744246,10681,4445,9765,4169000,100
11-23 22:25:44.274  1011  1189 I ASH     : @ 121596.469: tcs3701: stop power rail pending_off timer
11-23 22:25:44.274  1011  1189 D ASH     : @ 121596.469: tcs3701: start power rail timer, state:3
11-23 22:25:44.314  1011  1189 I ASH     : @ 121596.509: tcs3701: stop power rail pending_off timer
11-23 22:25:44.314  1011  1189 D ASH     : @ 121596.509: tcs3701: start power rail timer, state:3
11-23 22:25:44.322  9398  7808 I BatteryMgr:DataCollectionService: stats => 1700774744322,10681,4445,9765,4169000,100
11-23 22:25:44.339  9398  7808 I BatteryMgr:DataCollectionService: stats => 1700774744339,10681,4445,9765,4169000,100
11-23 22:25:44.354  1011  1189 I ASH     : @ 121596.549: tcs3701: stop power rail pending_off timer
11-23 22:25:44.354  1011  1189 D ASH     : @ 121596.549: tcs3701: start power rail timer, state:3
11-23 22:25:44.370  9398  7808 I BatteryMgr:DataCollectionService: stats => 1700774744370,10681,4445,9765,4169000,100
11-23 22:25:44.394  1011  1189 I ASH     : @ 121596.589: tcs3701: stop power rail pending_off timer
11-23 22:25:44.394  1011  1189 D ASH     : @ 121596.589: tcs3701: start power rail timer, state:3
11-23 22:25:44.434  1011  1189 I ASH     : @ 121596.629: tcs3701: stop power rail pending_off timer
11-23 22:25:44.434  1011  1189 D ASH     : @ 121596.629: tcs3701: start power rail timer, state:3
11-23 22:25:44.436  9398  7808 I BatteryMgr:DataCollectionService: stats => 1700774744436,10681,4445,9765,4169000,100
11-23 22:25:44.449  9398  7808 I BatteryMgr:DataCollectionService: stats => 1700774744449,10681,4445,9765,4169000,100
11-23 22:25:44.474  1011  1189 I ASH     : @ 121596.669: tcs3701: stop power rail pending_off timer
11-23 22:25:44.474  1011  1189 D ASH     : @ 121596.669: tcs3701: start power rail timer, state:3
11-23 22:25:44.478  9398  7808 I BatteryMgr:DataCollectionService: stats => 1700774744478,10681,4445,9765,4169000,100
11-23 22:25:44.514  1011  1189 I ASH     : @ 121596.709: tcs3701: stop power rail pending_off timer
11-23 22:25:44.514  1011  1189 D ASH     : @ 121596.709: tcs3701: start power rail timer, state:3
11-23 22:25:44.544  9398  7808 I BatteryMgr:DataCollectionService: stats => 1700774744544,10681,4445,9765,4169000,100
11-23 22:25:44.555  1011  1189 I ASH     : @ 121596.749: tcs3701: stop power rail pending_off timer
11-23 22:25:44.555  1011  1189 D ASH     : @ 121596.749: tcs3701: start power rail timer, state:3
11-23 22:25:44.563  9398  7808 I BatteryMgr:DataCollectionService: stats => 1700774744563,10681,4445,9765,4169000,100
11-23 22:25:44.589  9398  7808 I BatteryMgr:DataCollectionService: stats => 1700774744589,10681,4445,9765,4169000,100
11-23 22:25:44.594  1011  1189 I ASH     : @ 121596.789: tcs3701: stop power rail pending_off timer
11-23 22:25:44.594  1011  1189 D ASH     : @ 121596.789: tcs3701: start power rail timer, state:3
11-23 22:25:44.602  1795  4169 D ActivityManager: freezer override set to true
11-23 22:25:44.634  1011  1189 I ASH     : @ 121596.829: tcs3701: stop power rail pending_off timer
11-23 22:25:44.634  1011  1189 D ASH     : @ 121596.829: tcs3701: start power rail timer, state:3
11-23 22:25:44.648  9398  7808 I BatteryMgr:DataCollectionService: stats => 1700774744648,10681,4445,9765,4169000,100
11-23 22:25:44.672  9398  7808 I BatteryMgr:DataCollectionService: stats => 1700774744672,10681,4445,9765,4169000,100
11-23 22:25:44.674  1011  1189 I ASH     : @ 121596.869: tcs3701: stop power rail pending_off timer
11-23 22:25:44.674  1011  1189 D ASH     : @ 121596.869: tcs3701: start power rail timer, state:3
11-23 22:25:44.692  9398  7808 I BatteryMgr:DataCollectionService: stats => 1700774744692,10681,4445,9765,4169000,100
11-23 22:25:44.714  1011  1189 I ASH     : @ 121596.909: tcs3701: stop power rail pending_off timer
11-23 22:25:44.714  1011  1189 D ASH     : @ 121596.909: tcs3701: start power rail timer, state:3
11-23 22:25:44.754  1011  1189 I ASH     : @ 121596.949: tcs3701: stop power rail pending_off timer
11-23 22:25:44.754  1011  1189 D ASH     : @ 121596.949: tcs3701: start power rail timer, state:3
11-23 22:25:44.760  9398  7808 I BatteryMgr:DataCollectionService: stats => 1700774744760,10681,4445,9765,4169000,100
11-23 22:25:44.781  9398  7808 I BatteryMgr:DataCollectionService: stats => 1700774744781,10681,4445,9765,4169000,100
11-23 22:25:44.794  1011  1189 I ASH     : @ 121596.989: tcs3701: stop power rail pending_off timer
11-23 22:25:44.794  1011  1189 D ASH     : @ 121596.989: tcs3701: start power rail timer, state:3
11-23 22:25:44.800  9398  7808 I BatteryMgr:DataCollectionService: stats => 1700774744800,10681,4445,9765,4169000,100
11-23 22:25:44.822  2113  2118 I pixel-thermal: skin-therm-monitor: 38.46
11-23 22:25:44.828 17412 17425 I m.chrome.canary: Explicit concurrent copying GC freed 3628(177KB) AllocSpace objects, 3(60KB) LOS objects, 75% free, 12MB/49MB, paused 39us,22us total 79.425ms
11-23 22:25:44.834  1011  1189 I ASH     : @ 121597.029: tcs3701: stop power rail pending_off timer
11-23 22:25:44.834  1011  1189 D ASH     : @ 121597.029: tcs3701: start power rail timer, state:3
11-23 22:25:44.872  9398  7808 I BatteryMgr:DataCollectionService: stats => 1700774744872,10681,4445,9765,4169000,100
11-23 22:25:44.874  1011  1189 I ASH     : @ 121597.069: tcs3701: stop power rail pending_off timer
11-23 22:25:44.874  1011  1189 D ASH     : @ 121597.069: tcs3701: start power rail timer, state:3
11-23 22:25:44.887  1795  4169 D ActivityManager: freezer override set to false
11-23 22:25:44.892  9398  7808 I BatteryMgr:DataCollectionService: stats => 1700774744892,10681,4445,9765,4169000,100
11-23 22:25:44.914  1011  1189 I ASH     : @ 121597.109: tcs3701: stop power rail pending_off timer
11-23 22:25:44.914  1011  1189 D ASH     : @ 121597.109: tcs3701: start power rail timer, state:3
11-23 22:25:44.919  9398  7808 I BatteryMgr:DataCollectionService: stats => 1700774744919,10681,4445,9765,4169000,100
11-23 22:25:44.945  1795  4167 D ActivityManager: freezer override set to true
11-23 22:25:44.952  1795  4169 D ActivityManager: freezer override set to false
11-23 22:25:44.954  1011  1189 I ASH     : @ 121597.149: tcs3701: stop power rail pending_off timer
11-23 22:25:44.954  1011  1189 D ASH     : @ 121597.149: tcs3701: start power rail timer, state:3
11-23 22:25:44.980  9398  7808 I BatteryMgr:DataCollectionService: stats => 1700774744980,10681,4445,9765,4169000,100
11-23 22:25:44.994  1011  1189 I ASH     : @ 121597.189: tcs3701: stop power rail pending_off timer
11-23 22:25:44.994  1011  1189 D ASH     : @ 121597.189: tcs3701: start power rail timer, state:3
11-23 22:25:44.998  9398  7808 I BatteryMgr:DataCollectionService: stats => 1700774744998,10681,4445,9765,4169000,100
11-23 22:25:45.023  9398  7808 I BatteryMgr:DataCollectionService: stats => 1700774745023,10681,4445,9765,4169000,100
11-23 22:25:45.034  1011  1189 I ASH     : @ 121597.229: tcs3701: stop power rail pending_off timer
11-23 22:25:45.034  1011  1189 D ASH     : @ 121597.229: tcs3701: start power rail timer, state:3
11-23 22:25:45.074  1011  1189 I ASH     : @ 121597.269: tcs3701: stop power rail pending_off timer
11-23 22:25:45.074  1011  1189 D ASH     : @ 121597.269: tcs3701: start power rail timer, state:3
11-23 22:25:45.085  9398  7808 I BatteryMgr:DataCollectionService: stats => 1700774745085,10681,4445,9765,4169000,100
11-23 22:25:45.107  9398  7808 I BatteryMgr:DataCollectionService: stats => 1700774745107,10681,4445,9765,4169000,100
11-23 22:25:45.114  1011  1189 I ASH     : @ 121597.309: tcs3701: stop power rail pending_off timer
11-23 22:25:45.114  1011  1189 D ASH     : @ 121597.309: tcs3701: start power rail timer, state:3
11-23 22:25:45.130  9398  7808 I BatteryMgr:DataCollectionService: stats => 1700774745130,10681,4445,9765,4169000,100
11-23 22:25:45.154  1011  1189 I ASH     : @ 121597.349: tcs3701: stop power rail pending_off timer
11-23 22:25:45.155  1011  1189 D ASH     : @ 121597.349: tcs3701: start power rail timer, state:3
11-23 22:25:45.192  9398  7808 I BatteryMgr:DataCollectionService: stats => 1700774745192,10681,4445,9765,4169000,100
11-23 22:25:45.194  1011  1189 I ASH     : @ 121597.389: tcs3701: stop power rail pending_off timer
11-23 22:25:45.194  1011  1189 D ASH     : @ 121597.389: tcs3701: start power rail timer, state:3
11-23 22:25:45.212  9398  7808 I BatteryMgr:DataCollectionService: stats => 1700774745212,10681,4445,9765,4169000,100
