11-27 01:06:42.714  1795  2424 D OemPaidWifiNetworkFactory: got request NetworkRequest [ REQUEST id=11154, [ Capabilities: INTERNET&NOT_RESTRICTED&TRUSTED&NOT_VCN_MANAGED Uid: 10010 RequestorUid: 10010 RequestorPkg: com.chrome.canary UnderlyingNetworks: Null] ]
11-27 01:06:42.714  1795  2424 D MultiInternetWifiNetworkFactory: got request NetworkRequest [ REQUEST id=11154, [ Capabilities: INTERNET&NOT_RESTRICTED&TRUSTED&NOT_VCN_MANAGED Uid: 10010 RequestorUid: 10010 RequestorPkg: com.chrome.canary UnderlyingNetworks: Null] ]
11-27 01:06:42.715  1795  2432 D ConnectivityService: NetReassign [11154 : null → 100] [c 0] [a 0] [i 2]
11-27 01:06:42.715  9607  9607 I cr_CombinedPProvider: #registerProvider() provider:qN2@5ce65a5 isPolicyCacheEnabled:true policyProvidersSize:0
11-27 01:06:42.715  9607  9607 I cr_PolicyProvider: #setManagerAndSource() 0
11-27 01:06:42.715  9607  9607 I cr_CombinedPProvider: #registerProvider() provider:fj@e77bd7a isPolicyCacheEnabled:false policyProvidersSize:1
11-27 01:06:42.716  9607  9607 I cr_PolicyProvider: #setManagerAndSource() 1
11-27 01:06:42.716  9681  9719 I AdrenoGLES-0: PFP: 0x016dd093, ME: 0x00000000
11-27 01:06:42.716  9607  9607 I cr_AppResProvider: #getApplicationRestrictionsFromUserManager() Bundle[EMPTY_PARCEL]
11-27 01:06:42.716  9607  9607 I cr_PolicyProvider: #notifySettingsAvailable() 1
11-27 01:06:42.716  9607  9607 I cr_CombinedPProvider: #onSettingsAvailable() 1
11-27 01:06:42.719  9607  9607 I cr_CompositorSurfaceMgr: Transitioning to surface with format: -1
11-27 01:06:42.719  9681  9719 W AdrenoUtils: <ReadGpuID_from_sysfs:197>: Failed to open /sys/class/kgsl/kgsl-3d0/gpu_model
11-27 01:06:42.719  9681  9719 W AdrenoUtils: <ReadGpuID:221>: Failed to read chip ID from gpu_model. Fallback to use the GSL path
11-27 01:06:42.720  9607  9607 I cr_CompositorSurfaceMgr: surfaceCreated format: 0
11-27 01:06:42.721  1795  2432 D ConnectivityService: NetReassign [no changes] [c 0] [a 1] [i 4]
11-27 01:06:42.723  9607  9607 W m.chrome.canary: Accessing hidden method Landroid/telephony/TelephonyManager;->getSubscriberInfoService()Lcom/android/internal/telephony/IPhoneSubInfo; (blocked, reflection, denied)
11-27 01:06:42.723  9607  9607 W m.chrome.canary: Accessing hidden method Landroid/telephony/TelephonyManager;->getSubscriberInfoService()Lcom/android/internal/telephony/IPhoneSubInfo; (blocked, reflection, denied)
11-27 01:06:42.723  9607  9607 W m.chrome.canary: Accessing hidden method Landroid/telephony/TelephonyManager;->getSubscriptionService()Lcom/android/internal/telephony/ISub; (blocked, reflection, denied)
11-27 01:06:42.723  9607  9607 W m.chrome.canary: Accessing hidden method Landroid/telephony/TelephonyManager;->getSubscriptionService()Lcom/android/internal/telephony/ISub; (blocked, reflection, denied)
11-27 01:06:42.723  9607  9607 W m.chrome.canary: Accessing hidden method Landroid/telephony/TelephonyManager;->getSmsService()Lcom/android/internal/telephony/ISms; (blocked, reflection, denied)
11-27 01:06:42.724  9607  9607 W m.chrome.canary: Accessing hidden method Landroid/telephony/TelephonyManager;->getSmsService()Lcom/android/internal/telephony/ISms; (blocked, reflection, denied)
11-27 01:06:42.724  9607  9607 W m.chrome.canary: Accessing hidden method Landroid/telephony/TelephonyManager;->getITelephony()Lcom/android/internal/telephony/ITelephony; (max-target-p, reflection, denied)
11-27 01:06:42.724  9607  9607 W m.chrome.canary: Accessing hidden method Landroid/telephony/TelephonyManager;->getITelephony()Lcom/android/internal/telephony/ITelephony; (max-target-p, reflection, denied)
11-27 01:06:42.745  9681  9719 D vulkan  : searching for layers in '/data/app/~~z5-dMYmQLvS-4mWZ9yqnFA==/com.chrome.canary-7Pcck9f8OWCuqG0lIoq4tg==/lib/arm64'
11-27 01:06:42.745  9681  9719 D vulkan  : searching for layers in '/data/app/~~z5-dMYmQLvS-4mWZ9yqnFA==/com.chrome.canary-7Pcck9f8OWCuqG0lIoq4tg==/base.apk!/lib/arm64-v8a'
11-27 01:06:42.746  9681  9719 D vulkan  : searching for layers in '/data/app/~~xK2KNYhs7Vn18sxJkcMggA==/com.google.android.trichromelibrary.canary_614500033-17M9CAQF6V59_-2q0N8dYA==/base.apk!/lib/arm64-v8a'
11-27 01:06:42.748  1011  1189 I ASH     : @ 390454.919: tcs3701: stop power rail pending_off timer
11-27 01:06:42.748  1011  1189 D ASH     : @ 390454.919: tcs3701: start power rail timer, state:3
11-27 01:06:42.749  9681  9719 I AdrenoVK-0: ===== BEGIN DUMP OF OVERRIDDEN SETTINGS =====
11-27 01:06:42.749  9681  9719 I AdrenoVK-0: ===== END DUMP OF OVERRIDDEN SETTINGS =====
11-27 01:06:42.749  9681  9719 I AdrenoVK-0: QUALCOMM build          : 4783c89, I46ff5fc46f
11-27 01:06:42.749  9681  9719 I AdrenoVK-0: Build Date              : 11/30/20
11-27 01:06:42.749  9681  9719 I AdrenoVK-0: Shader Compiler Version : EV031.31.04.01
11-27 01:06:42.749  9681  9719 I AdrenoVK-0: Local Branch            : QPR2
11-27 01:06:42.749  9681  9719 I AdrenoVK-0: Remote Branch           : 
11-27 01:06:42.749  9681  9719 I AdrenoVK-0: Remote Branch           : 
11-27 01:06:42.749  9681  9719 I AdrenoVK-0: Reconstruct Branch      : 
11-27 01:06:42.749  9681  9719 I AdrenoVK-0: Build Config            : S P 10.0.4 AArch64
11-27 01:06:42.749  9681  9719 I AdrenoVK-0: Driver Path             : /vendor/lib64/hw/vulkan.adreno.so
11-27 01:06:42.752  9607  9607 I cr_ChromeTabbedActivity: #initializeState
11-27 01:06:42.763  9681  9729 W Parcel  : Expecting binder but got null!
11-27 01:06:42.766  8427  8469 I BatteryMgr:DataCollectionService: stats => 1701043602766,14038,4442,2136,4169000,100
11-27 01:06:42.771  9607  9607 E m.chrome.canary: Invalid ID 0x00000000.
11-27 01:06:42.788  1011  1189 I ASH     : @ 390454.959: tcs3701: stop power rail pending_off timer
11-27 01:06:42.788  1011  1189 D ASH     : @ 390454.959: tcs3701: start power rail timer, state:3
11-27 01:06:42.793  9607  9607 V MediaRouter: Selecting route: RouteInfo{ name=Phone, description=null, status=null, category=RouteCategory{ name=System types=ROUTE_TYPE_LIVE_AUDIO ROUTE_TYPE_LIVE_VIDEO  groupable=false }, supportedTypes=ROUTE_TYPE_LIVE_AUDIO ROUTE_TYPE_LIVE_VIDEO , presentationDisplay=null }
11-27 01:06:42.793  9607  9607 I MediaRouter: Skip setBluetoothA2dpOn(): types=8388615, isPlaybackActive()=false, BT route=null
11-27 01:06:42.794  9607  9607 W m.chrome.canary: Accessing hidden field Landroid/media/MediaRouter;->sStatic:Landroid/media/MediaRouter$Static; (max-target-o, reflection, denied)
11-27 01:06:42.795  9607  9607 I GlobalMediaRouter: Found default route: MediaRouter.RouteInfo{ uniqueId=DEFAULT_ROUTE, name=Phone, description=null, iconUri=null, enabled=true, isSystemRoute=true, connectionState=0, canDisconnect=false, playbackType=0, playbackStream=3, deviceType=0, volumeHandling=1, volume=0, volumeMax=25, presentationDisplayId=-1, extras=null, settingsIntent=null, providerPackageName=android }
11-27 01:06:42.795  9607  9607 I GlobalMediaRouter: Unselecting the current route because it is no longer selectable: null
11-27 01:06:42.803  9607  9678 W cr_media: BLUETOOTH_CONNECT permission is missing.
11-27 01:06:42.803  9607  9678 W cr_media: registerBluetoothIntentsIfNeeded: Requires BLUETOOTH permission
11-27 01:06:42.809  9680  9718 I cr_LibraryLoader: Successfully loaded native library
11-27 01:06:42.810  9680  9718 I cr_CachingUmaRecorder: Flushed 3 samples from 3 histograms, 0 samples were dropped.
11-27 01:06:42.830  1011  1189 I ASH     : @ 390454.999: tcs3701: stop power rail pending_off timer
11-27 01:06:42.830  1011  1189 D ASH     : @ 390454.999: tcs3701: start power rail timer, state:3
11-27 01:06:42.837 30340  1451 I FontLog : (REDACTED) Received query %s, URI %s
11-27 01:06:42.837  3563 28821 D MediaProvider: Open with FUSE. FilePath: /storage/emulated/0/Download/batterymanager-companion-1.0.0.zip. Uid: 10010. Media Capabilities Uid: 0. ShouldRedact: false. ShouldTranscode: false
11-27 01:06:42.837 30340  1451 I FontLog : (REDACTED) Query [%s] resolved to %s
11-27 01:06:42.838 30340  1451 I FontLog : (REDACTED) Font PFD returned from cache for %s
11-27 01:06:42.839 30340  1451 I FontLog : (REDACTED) Fetch %s end status %s
11-27 01:06:42.841 30340  1451 I FontLog : (REDACTED) Pulling font file for id = %d, cache size = %d
11-27 01:06:42.844 30340  1451 I FontLog : (REDACTED) Received query %s, URI %s
11-27 01:06:42.844 30340  1451 I FontLog : (REDACTED) Query [%s] resolved to %s
11-27 01:06:42.847 30340  1451 I FontLog : (REDACTED) Fetch %s end status %s
11-27 01:06:42.847  3563 28821 D MediaProvider: Open with FUSE. FilePath: /storage/emulated/0/Download/com.example.batterymanager_utility (1).apk. Uid: 10010. Media Capabilities Uid: 0. ShouldRedact: false. ShouldTranscode: false
11-27 01:06:42.848 30340  1451 I FontLog : (REDACTED) Pulling font file for id = %d, cache size = %d
11-27 01:06:42.849  1795  2855 W InputManager-JNI: Input channel object '53414fd Splash Screen com.chrome.canary (client)' was disposed without first being removed with the input manager!
11-27 01:06:42.852 30340  1451 I FontLog : (REDACTED) Received query %s, URI %s
11-27 01:06:42.852 30340  1451 I FontLog : (REDACTED) Query [%s] resolved to %s
11-27 01:06:42.854 30340  1451 I FontLog : (REDACTED) Font PFD returned from cache for %s
11-27 01:06:42.854 30340  1451 I FontLog : (REDACTED) Fetch %s end status %s
11-27 01:06:42.857  3875  3875 I dzhj    : onStop
11-27 01:06:42.857 30340 30522 I FontLog : (REDACTED) Pulling font file for id = %d, cache size = %d
11-27 01:06:42.859  2940  3994 D OneSearchSuggestProvider: Shut down the binder channel
11-27 01:06:42.859 30340 31148 I FontLog : (REDACTED) Received query %s, URI %s
11-27 01:06:42.860 30340 31148 I FontLog : (REDACTED) Query [%s] resolved to %s
11-27 01:06:42.860  2940  3300 I s.nexuslauncher: oneway function results for code 2 on binder at 0xb4000070951f1990 will be dropped but finished with status UNKNOWN_TRANSACTION
11-27 01:06:42.861 30340 31148 I FontLog : (REDACTED) Font PFD returned from cache for %s
11-27 01:06:42.861 30340 31148 I FontLog : (REDACTED) Fetch %s end status %s
11-27 01:06:42.862 30340 31148 I FontLog : (REDACTED) Pulling font file for id = %d, cache size = %d
11-27 01:06:42.863  3657  3675 D ForegroundUtils: Foreground UID status:
11-27 01:06:42.863  3657  3675 D ForegroundUtils: UID: 10010 is in foreground: true
11-27 01:06:42.863  3657  3675 D ForegroundUtils: UID: 10128 is in foreground: true
11-27 01:06:42.863  3657  3675 D ForegroundUtils: UID: 10158 is in foreground: true
11-27 01:06:42.863  3657  3675 D ForegroundUtils: UID: 10189 is in foreground: false
11-27 01:06:42.863  3657  3675 D ForegroundUtils: UID: 10194 is in foreground: true
11-27 01:06:42.863  3657  3675 D ForegroundUtils: UID: 10206 is in foreground: false
11-27 01:06:42.863  3657  3675 D ForegroundUtils: UID: 10207 is in foreground: true
11-27 01:06:42.863  3657  3675 D ForegroundUtils: UID: 10233 is in foreground: true
11-27 01:06:42.863  3657  3675 D ForegroundUtils: UID: 10244 is in foreground: false
11-27 01:06:42.863  3657  3675 D ForegroundUtils: UID: 10319 is in foreground: true
11-27 01:06:42.863  3657  3675 D ForegroundUtils: UID: 90000 is in foreground: true
11-27 01:06:42.866  3657  3675 D ForegroundUtils: UID: 99004 is in foreground: true
11-27 01:06:42.867 30340 25642 I SQLiteConnectionPool: The connection pool for /data/user/0/com.google.android.gms/databases/metadata.db has been closed but there are still 1 connections in use.  They will be closed as they are released back to the pool.
11-27 01:06:42.868  1011  1189 I ASH     : @ 390455.039: tcs3701: stop power rail pending_off timer
11-27 01:06:42.868  1011  1189 D ASH     : @ 390455.039: tcs3701: start power rail timer, state:3
11-27 01:06:42.869 30340  9571 W FontLog : Error updating last accessed time for {Google Sans, wdth 100.0, wght 400, ital 0.0, bestEffort false}. [CONTEXT service_id=132 ]
11-27 01:06:42.869 30340  9571 W FontLog : java.lang.IllegalStateException: Cannot perform this operation because the connection pool has been closed.
11-27 01:06:42.869 30340  9571 W FontLog : 	at android.database.sqlite.SQLiteConnectionPool.throwIfClosedLocked(SQLiteConnectionPool.java:1078)
11-27 01:06:42.869 30340  9571 W FontLog : 	at android.database.sqlite.SQLiteConnectionPool.waitForConnection(SQLiteConnectionPool.java:771)
11-27 01:06:42.869 30340  9571 W FontLog : 	at android.database.sqlite.SQLiteConnectionPool.acquireConnection(SQLiteConnectionPool.java:387)
11-27 01:06:42.869 30340  9571 W FontLog : 	at android.database.sqlite.SQLiteSession.acquireConnection(SQLiteSession.java:896)
11-27 01:06:42.869 30340  9571 W FontLog : 	at android.database.sqlite.SQLiteSession.executeForChangedRowCount(SQLiteSession.java:754)
11-27 01:06:42.869 30340  9571 W FontLog : 	at android.database.sqlite.SQLiteStatement.executeUpdateDelete(SQLiteStatement.java:67)
11-27 01:06:42.869 30340  9571 W FontLog : 	at android.database.sqlite.SQLiteDatabase.executeSql(SQLiteDatabase.java:2087)
11-27 01:06:42.869 30340  9571 W FontLog : 	at android.database.sqlite.SQLiteDatabase.execSQL(SQLiteDatabase.java:2064)
11-27 01:06:42.869 30340  9571 W FontLog : 	at avsh.run(:com.google.android.gms@234414038@23.44.14 (190400-580326705):68)
11-27 01:06:42.869 30340  9571 W FontLog : 	at ajls.c(:com.google.android.gms@234414038@23.44.14 (190400-580326705):50)
11-27 01:06:42.869 30340  9571 W FontLog : 	at ajls.run(:com.google.android.gms@234414038@23.44.14 (190400-580326705):76)
11-27 01:06:42.869 30340  9571 W FontLog : 	at java.util.concurrent.ThreadPoolExecutor.runWorker(ThreadPoolExecutor.java:1145)
11-27 01:06:42.869 30340  9571 W FontLog : 	at java.util.concurrent.ThreadPoolExecutor$Worker.run(ThreadPoolExecutor.java:644)
11-27 01:06:42.869 30340  9571 W FontLog : 	at ajqx.run(:com.google.android.gms@234414038@23.44.14 (190400-580326705):8)
11-27 01:06:42.869 30340  9571 W FontLog : 	at java.lang.Thread.run(Thread.java:1012)
11-27 01:06:42.872  9681  9730 I AdrenoVK-0: QUALCOMM build          : 4783c89, I46ff5fc46f
11-27 01:06:42.872  9681  9730 I AdrenoVK-0: Build Date              : 11/30/20
11-27 01:06:42.872  9681  9730 I AdrenoVK-0: Shader Compiler Version : EV031.31.04.01
11-27 01:06:42.872  9681  9730 I AdrenoVK-0: Local Branch            : QPR2
11-27 01:06:42.872  9681  9730 I AdrenoVK-0: Remote Branch           : 
11-27 01:06:42.872  9681  9730 I AdrenoVK-0: Remote Branch           : 
11-27 01:06:42.872  9681  9730 I AdrenoVK-0: Reconstruct Branch      : 
11-27 01:06:42.872  9681  9730 I AdrenoVK-0: Build Config            : S P 10.0.4 AArch64
11-27 01:06:42.872  9681  9730 I AdrenoVK-0: Driver Path             : /vendor/lib64/hw/vulkan.adreno.so
11-27 01:06:42.872  9607  9668 W chromium: [WARNING:ev_root_ca_metadata.cc(119)] Not implemented
11-27 01:06:42.877  9607  9607 I cr_OfflineIndicator: onConnectionTypeChanged 2
11-27 01:06:42.878  9607  9607 I cr_OfflineIndicator: Reported by system: [ Transports: WIFI Capabilities: NOT_METERED&INTERNET&NOT_RESTRICTED&TRUSTED&NOT_VPN&VALIDATED&NOT_ROAMING&FOREGROUND&NOT_CONGESTED&NOT_SUSPENDED&NOT_VCN_MANAGED LinkUpBandwidth>=4532Kbps LinkDnBandwidth>=58032Kbps TransportInfo: <SSID: <unknown ssid>, BSSID: 02:00:00:00:00:00, MAC: 02:00:00:00:00:00, IP: /192.168.1.104, Security type: 2, Supplicant state: COMPLETED, Wi-Fi standard: 5, RSSI: -44, Link speed: 866Mbps, Tx Link speed: 866Mbps, Max Supported Tx Link speed: 866Mbps, Rx Link speed: 866Mbps, Max Supported Rx Link speed: 866Mbps, Frequency: 5240MHz, Net ID: -1, Metered hint: false, score: 60, isUsable: true, CarrierMerged: false, SubscriptionId: -1, IsPrimary: -1, Trusted: true, Restricted: false, Ephemeral: false, OEM paid: false, OEM private: false, OSU AP: false, FQDN: <none>, Provider friendly name: <none>, Requesting package name: <none><none>MLO Information: , Is TID-To-Link negotiation supported by the AP: false, AP MLD Address: <none>, AP MLO Link Id: <none>, AP MLO Affiliated links: <none>> SignalStrength: -44 UnderlyingNetworks: Null]
11-27 01:06:42.878  9607  9607 I cr_OfflineIndicator: setConnectionState connectionState=4
11-27 01:06:42.878  9607  9607 W Settings: Setting airplane_mode_on has moved from android.provider.Settings.System to android.provider.Settings.Global, returning read-only value.
11-27 01:06:42.878  9607  9607 I cr_OfflineDetector: Received connection change state message. mConnectivityDetectorInitialized: true, mTimeWhenLastForegrounded: 390451692, getElapsedTime: 390451693, mTimeWhenLastOfflineNotificationReceived: 0, mTimeWhenLastOnline: 390451693, mTimeWhenAirplaneModeToggledOff: 0 mApplicationState: 1, mIsOfflineLastReportedByConnectivityDetector: false, mInAirplaneMode: false mIsEffectivelyOffline: false
11-27 01:06:42.878  9607  9607 I cr_OfflineDetector: onConnectionStateChanged(): previousLastReportedStateByOfflineDetector: false
11-27 01:06:42.878  9607  9607 I cr_OfflineDetector: Running updateState mConnectivityDetectorInitialized: true, mTimeWhenLastForegrounded: 390451692, getElapsedTime: 390451693, mTimeWhenLastOfflineNotificationReceived: 0, mTimeWhenLastOnline: 390451693, mTimeWhenAirplaneModeToggledOff: 0 mApplicationState: 1, mIsOfflineLastReportedByConnectivityDetector: false, mInAirplaneMode: false mIsEffectivelyOffline: false
11-27 01:06:42.878  9607  9607 I cr_OfflineDetector: updateState(): timeSinceLastForeground: 1, timeSinceOfflineNotificationReceived: 390451693, timeSinceLastOnline: 0, timeNeededForForeground: 1999, timeNeededForOffline: -390449693 timeSinceAirplaneModeToggledOff: 390451693 timeNeededAfterConnectionChangeFromOnlineToOffline: 10000 timeNeededAfterConnectionChangeFromAirplaneToOffline: 0
11-27 01:06:42.878  9607  9607 I cr_OfflineDetector: Running mUpdateOfflineStatusIndicatorDelayedRunnable start. mConnectivityDetectorInitialized: true, mTimeWhenLastForegrounded: 390451692, getElapsedTime: 390451693, mTimeWhenLastOfflineNotificationReceived: 0, mTimeWhenLastOnline: 390451693, mTimeWhenAirplaneModeToggledOff: 0 mApplicationState: 1, mIsOfflineLastReportedByConnectivityDetector: false, mInAirplaneMode: false mIsEffectivelyOffline: false
11-27 01:06:42.878  9607  9607 I cr_OfflineDetector: Running mUpdateOfflineStatusIndicatorDelayedRunnable end. mConnectivityDetectorInitialized: true, mTimeWhenLastForegrounded: 390451692, getElapsedTime: 390451693, mTimeWhenLastOfflineNotificationReceived: 0, mTimeWhenLastOnline: 390451693, mTimeWhenAirplaneModeToggledOff: 0 mApplicationState: 1, mIsOfflineLastReportedByConnectivityDetector: false, mInAirplaneMode: false mIsEffectivelyOffline: false
11-27 01:06:42.878  9607  9607 I cr_OfflineIndicator: processConnectivityCheckResult mConnectionState=4 mConnectivityCheckingStage=1
11-27 01:06:42.879  3563 28821 D MediaProvider: Open with FUSE. FilePath: /storage/emulated/0/Download/com.example.batterymanager_utility.apk. Uid: 10010. Media Capabilities Uid: 0. ShouldRedact: false. ShouldTranscode: false
11-27 01:06:42.882  8427  8469 I BatteryMgr:DataCollectionService: stats => 1701043602882,14038,4442,2136,4169000,100
11-27 01:06:42.908  1011  1189 I ASH     : @ 390455.079: tcs3701: stop power rail pending_off timer
11-27 01:06:42.908  1011  1189 D ASH     : @ 390455.079: tcs3701: start power rail timer, state:3
11-27 01:06:42.929   595   595 I servicemanager: Could not find android.hardware.graphics.allocator.IAllocator/default in the VINTF manifest.
11-27 01:06:42.939  9681  9743 W VideoCapabilities: Unrecognized level 1879048707 for video/x-vnd.on2.vp8
11-27 01:06:42.939  9681  9743 W VideoCapabilities: Unrecognized profile 1879048704 for video/x-vnd.on2.vp8
11-27 01:06:42.939  9681  9743 W VideoCapabilities: Unrecognized level 1879048707 for video/x-vnd.on2.vp8
11-27 01:06:42.939  9681  9743 W VideoCapabilities: Unrecognized profile 1879048704 for video/x-vnd.on2.vp8
11-27 01:06:42.941  9681  9743 W VideoCapabilities: Unsupported mime image/vnd.android.heic
11-27 01:06:42.942  9681  9743 W VideoCapabilities: Unrecognized level 1879048707 for video/x-vnd.on2.vp8
11-27 01:06:42.942  9681  9743 W VideoCapabilities: Unrecognized profile 1879048704 for video/x-vnd.on2.vp8
11-27 01:06:42.942  9681  9743 W VideoCapabilities: Unrecognized level 1879048707 for video/x-vnd.on2.vp8
11-27 01:06:42.942  9681  9743 W VideoCapabilities: Unrecognized profile 1879048704 for video/x-vnd.on2.vp8
11-27 01:06:42.948  1011  1189 I ASH     : @ 390455.119: tcs3701: stop power rail pending_off timer
11-27 01:06:42.948  1011  1189 D ASH     : @ 390455.119: tcs3701: start power rail timer, state:3
11-27 01:06:42.948  9681  9743 W cr_VAUtil: Unknown profile: 1879048704 for codec video/x-vnd.on2.vp8
11-27 01:06:42.970  1795  4170 D ConnectivityService: requestNetwork for uid/pid:10010/9607 activeRequest: null callbackRequest: 11156 [NetworkRequest [ REQUEST id=11157, [ Capabilities: INTERNET&NOT_RESTRICTED&TRUSTED&NOT_VCN_MANAGED Uid: 10010 RequestorUid: 10010 RequestorPkg: com.chrome.canary UnderlyingNetworks: Null] ]] callback flags: 0 order: 2147483647
11-27 01:06:42.972  3563 28821 D MediaProvider: Open with FUSE. FilePath: /storage/emulated/0/Download/batterymanager-companion-1.0.0.zip. Uid: 10010. Media Capabilities Uid: 0. ShouldRedact: false. ShouldTranscode: false
11-27 01:06:42.972  1795  2424 D WifiNetworkFactory: got request NetworkRequest [ REQUEST id=11157, [ Capabilities: INTERNET&NOT_RESTRICTED&TRUSTED&NOT_VCN_MANAGED Uid: 10010 RequestorUid: 10010 RequestorPkg: com.chrome.canary UnderlyingNetworks: Null] ]
11-27 01:06:42.972  1795  2424 V WifiNetworkFactory: Accepted network request NetworkRequest [ REQUEST id=11157, [ Capabilities: INTERNET&NOT_RESTRICTED&TRUSTED&NOT_VCN_MANAGED Uid: 10010 RequestorUid: 10010 RequestorPkg: com.chrome.canary UnderlyingNetworks: Null] ]
11-27 01:06:42.972  1795  2424 D UntrustedWifiNetworkFactory: got request NetworkRequest [ REQUEST id=11157, [ Capabilities: INTERNET&NOT_RESTRICTED&TRUSTED&NOT_VCN_MANAGED Uid: 10010 RequestorUid: 10010 RequestorPkg: com.chrome.canary UnderlyingNetworks: Null] ]
11-27 01:06:42.973  1795  2424 D OemPaidWifiNetworkFactory: got request NetworkRequest [ REQUEST id=11157, [ Capabilities: INTERNET&NOT_RESTRICTED&TRUSTED&NOT_VCN_MANAGED Uid: 10010 RequestorUid: 10010 RequestorPkg: com.chrome.canary UnderlyingNetworks: Null] ]
11-27 01:06:42.973  1795  2424 D MultiInternetWifiNetworkFactory: got request NetworkRequest [ REQUEST id=11157, [ Capabilities: INTERNET&NOT_RESTRICTED&TRUSTED&NOT_VCN_MANAGED Uid: 10010 RequestorUid: 10010 RequestorPkg: com.chrome.canary UnderlyingNetworks: Null] ]
11-27 01:06:42.973  1795  2432 D ConnectivityService: NetReassign [11157 : null → 100] [c 0] [a 0] [i 3]
11-27 01:06:42.976  1795  2432 D ConnectivityService: NetReassign [no changes] [c 0] [a 0] [i 2]
11-27 01:06:42.980  9607  9607 I cr_InactivityTracker: Last background time read from the SharedPreference is:-1.
11-27 01:06:42.982  9607  9607 I cr_VideoPersist: Exited picture in picture with reason: 0
11-27 01:06:42.983  9607  9607 I cr_InactivityTracker: Last visible time read from the SharedPreference is:1701043344300.
11-27 01:06:42.988  3563 28821 D MediaProvider: Open with FUSE. FilePath: /storage/emulated/0/Download/com.example.batterymanager_utility (1).apk. Uid: 10010. Media Capabilities Uid: 0. ShouldRedact: false. ShouldTranscode: false
11-27 01:06:42.988  1011  1189 I ASH     : @ 390455.159: tcs3701: stop power rail pending_off timer
11-27 01:06:42.988  1011  1189 D ASH     : @ 390455.159: tcs3701: start power rail timer, state:3
11-27 01:06:42.990  8427  8469 I BatteryMgr:DataCollectionService: stats => 1701043602990,14038,4442,2136,4169000,100
11-27 01:06:42.996  3563 28821 D MediaProvider: Open with FUSE. FilePath: /storage/emulated/0/Download/com.example.batterymanager_utility.apk. Uid: 10010. Media Capabilities Uid: 0. ShouldRedact: false. ShouldTranscode: false
11-27 01:06:42.999  9607  9607 I cr_PwaRestore: Not showing PWA Restore promo, feature flag is disabled
11-27 01:06:43.017  9607  9607 I cr_InactivityTracker: Last visible time read from the SharedPreference is:1701043602983.
11-27 01:06:43.028  1011  1189 I ASH     : @ 390455.199: tcs3701: stop power rail pending_off timer
11-27 01:06:43.028  1011  1189 D ASH     : @ 390455.199: tcs3701: start power rail timer, state:3
11-27 01:06:43.068  1011  1189 I ASH     : @ 390455.239: tcs3701: stop power rail pending_off timer
11-27 01:06:43.068  1011  1189 D ASH     : @ 390455.239: tcs3701: start power rail timer, state:3
11-27 01:06:43.086  9607  9668 W chromium: [WARNING:ev_root_ca_metadata.cc(119)] Not implemented
11-27 01:06:43.086  9607  9668 W chromium: [WARNING:ev_root_ca_metadata.cc(119)] Not implemented
11-27 01:06:43.088  9607  9669 W chromium: [WARNING:ev_root_ca_metadata.cc(119)] Not implemented
11-27 01:06:43.094  8427  8469 I BatteryMgr:DataCollectionService: stats => 1701043603094,14038,4442,2136,4169000,100
11-27 01:06:43.108  1011  1189 I ASH     : @ 390455.279: tcs3701: stop power rail pending_off timer
11-27 01:06:43.108  1011  1189 D ASH     : @ 390455.279: tcs3701: start power rail timer, state:3
11-27 01:06:43.148  1011  1189 I ASH     : @ 390455.319: tcs3701: stop power rail pending_off timer
11-27 01:06:43.148  1011  1189 D ASH     : @ 390455.319: tcs3701: start power rail timer, state:3
11-27 01:06:43.188  1011  1189 I ASH     : @ 390455.359: tcs3701: stop power rail pending_off timer
11-27 01:06:43.188  1011  1189 D ASH     : @ 390455.359: tcs3701: start power rail timer, state:3
11-27 01:06:43.197  9607  9607 I Choreographer: Skipped 64 frames!  The application may be doing too much work on its main thread.
11-27 01:06:43.200  8427  8469 I BatteryMgr:DataCollectionService: stats => 1701043603200,14038,4442,2136,4169000,100
11-27 01:06:43.211  9607  9622 I OpenGLRenderer: Davey! duration=723ms; Flags=0, FrameTimelineVsyncId=203854950, IntendedVsync=372625143902793, Vsync=372625856456649, InputEventId=0, HandleInputStart=372625857609495, AnimationStart=372625857611214, PerformTraversalsStart=372625857889599, DrawStart=372625862501110, FrameDeadline=372625171497059, FrameInterval=372625857552412, FrameStartTime=11133654, SyncQueued=372625863714756, SyncStart=372625863752516, IssueDrawCommandsStart=372625863854131, SwapBuffers=372625864956162, FrameCompleted=372625867232465, DequeueBufferDuration=10886, QueueBufferDuration=210364, GpuCompleted=372625867232465, SwapBuffersCompleted=372625865478402, DisplayPresentTime=0, CommandSubmissionCompleted=372625864956162, 
11-27 01:06:43.225  9607  9607 I cr_PolicyProvider: #notifySettingsAvailable() 0
11-27 01:06:43.225  9607  9607 I cr_CombinedPProvider: #onSettingsAvailable() 0
11-27 01:06:43.225  9607  9607 I cr_CombinedPProvider: #flushPolicies()
11-27 01:06:43.225  9607  9607 I cr_PolicyService: #onPolicyServiceInitialized()
11-27 01:06:43.226  9607  9607 I cr_PolicyProvider: #notifySettingsAvailable() 0
11-27 01:06:43.226  9607  9607 I cr_CombinedPProvider: #onSettingsAvailable() 0
11-27 01:06:43.226  9607  9607 I cr_CombinedPProvider: #flushPolicies()
11-27 01:06:43.228  1011  1189 I ASH     : @ 390455.399: tcs3701: stop power rail pending_off timer
11-27 01:06:43.228  1011  1189 D ASH     : @ 390455.399: tcs3701: start power rail timer, state:3
11-27 01:06:43.253  9607  9607 V MediaRouter: Selecting route: RouteInfo{ name=Phone, description=null, status=null, category=RouteCategory{ name=System types=ROUTE_TYPE_LIVE_AUDIO ROUTE_TYPE_LIVE_VIDEO  groupable=false }, supportedTypes=ROUTE_TYPE_LIVE_AUDIO ROUTE_TYPE_LIVE_VIDEO , presentationDisplay=null }
11-27 01:06:43.268  1011  1189 I ASH     : @ 390455.439: tcs3701: stop power rail pending_off timer
11-27 01:06:43.268  1011  1189 D ASH     : @ 390455.439: tcs3701: start power rail timer, state:3
11-27 01:06:43.306  8427  8469 I BatteryMgr:DataCollectionService: stats => 1701043603306,14038,4442,2136,4169000,100
11-27 01:06:43.308  1011  1189 I ASH     : @ 390455.479: tcs3701: stop power rail pending_off timer
11-27 01:06:43.308  1011  1189 D ASH     : @ 390455.479: tcs3701: start power rail timer, state:3
11-27 01:06:43.348  1011  1189 I ASH     : @ 390455.519: tcs3701: stop power rail pending_off timer
11-27 01:06:43.348  1011  1189 D ASH     : @ 390455.519: tcs3701: start power rail timer, state:3
11-27 01:06:43.388  1011  1189 I ASH     : @ 390455.559: tcs3701: stop power rail pending_off timer
11-27 01:06:43.388  1011  1189 D ASH     : @ 390455.559: tcs3701: start power rail timer, state:3
11-27 01:06:43.410  8427  8469 I BatteryMgr:DataCollectionService: stats => 1701043603410,14038,4442,2136,4169000,100
11-27 01:06:43.428  1011  1189 I ASH     : @ 390455.599: tcs3701: stop power rail pending_off timer
11-27 01:06:43.428  1011  1189 D ASH     : @ 390455.599: tcs3701: start power rail timer, state:3
11-27 01:06:43.468  1011  1189 I ASH     : @ 390455.639: tcs3701: stop power rail pending_off timer
11-27 01:06:43.468  1011  1189 D ASH     : @ 390455.639: tcs3701: start power rail timer, state:3
11-27 01:06:43.469  1795  2679 D ActivityManager: freezer override set to true
11-27 01:06:43.483  1795  2855 D CompatibilityChangeReporter: Compat change id reported: 214016041; UID 10010; state: ENABLED
11-27 01:06:43.485  3375  3375 I GoogleInputMethodService: GoogleInputMethodService.onFinishInput():3154 
11-27 01:06:43.486  3375  3375 I GoogleInputMethodService: GoogleInputMethodService.updateDeviceLockedStatus():2088 repeatCheckTimes = 0, locked = false
11-27 01:06:43.487  3375  3375 I GoogleInputMethodService: GoogleInputMethodService.onStartInput():1883 onStartInput(EditorInfo{EditorInfo{packageName=com.chrome.canary, inputType=0, inputTypeString=NULL, enableLearning=false, autoCorrection=false, autoComplete=false, imeOptions=12000000, privateImeOptions=null, actionName=UNSPECIFIED, actionLabel=null, initialSelStart=-1, initialSelEnd=-1, initialCapsMode=0, label=null, fieldId=-1, fieldName=null, extras=null, hintText=null, hintLocales=[]}}, false)
11-27 01:06:43.488  3375  3375 I GoogleInputMethodService: GoogleInputMethodService.updateDeviceLockedStatus():2088 repeatCheckTimes = 1, locked = false
11-27 01:06:43.510  1011  1189 I ASH     : @ 390455.679: tcs3701: stop power rail pending_off timer
11-27 01:06:43.510  1011  1189 D ASH     : @ 390455.679: tcs3701: start power rail timer, state:3
11-27 01:06:43.513  8427  8469 I BatteryMgr:DataCollectionService: stats => 1701043603513,14038,4442,2136,4169000,100
11-27 01:06:43.548  1011  1189 I ASH     : @ 390455.719: tcs3701: stop power rail pending_off timer
11-27 01:06:43.548  1011  1189 D ASH     : @ 390455.719: tcs3701: start power rail timer, state:3
11-27 01:06:43.557  9607  9669 I cr_ADCP : No customization source found
11-27 01:06:43.563  9607  9669 E cr_PartnerBMReader: ATTENTION: not using partner bookmarks as none were provided
11-27 01:06:43.588  1011  1189 I ASH     : @ 390455.759: tcs3701: stop power rail pending_off timer
11-27 01:06:43.588  1011  1189 D ASH     : @ 390455.759: tcs3701: start power rail timer, state:3
11-27 01:06:43.617  8427  8469 I BatteryMgr:DataCollectionService: stats => 1701043603617,14038,4442,2136,4169000,100
11-27 01:06:43.628  1011  1189 I ASH     : @ 390455.799: tcs3701: stop power rail pending_off timer
11-27 01:06:43.628  1011  1189 D ASH     : @ 390455.799: tcs3701: start power rail timer, state:3
11-27 01:06:43.636  1795  2679 D ActivityManager: freezer override set to false
11-27 01:06:43.648 30340  1451 I Auth    : [RequestTokenOperation] Facet event logged for AUTH_ACCOUNT_BASE_TOKEN_RETURNED [CONTEXT service_id=343 ]
11-27 01:06:43.663 30429 30429 E AbstractGmsTracer: Traced class shouldn't be obfuscated: GmsBoundBrokerChimeraService [CONTEXT service_id=259 ]
11-27 01:06:43.665 30429 30429 D BoundBrokerSvc: onBind: Intent { act=com.google.android.gms.common.BIND_SHARED_PREFS pkg=com.google.android.gms }
11-27 01:06:43.665 30429 30429 D BoundBrokerSvc: Loading bound service for intent: Intent { act=com.google.android.gms.common.BIND_SHARED_PREFS pkg=com.google.android.gms }
11-27 01:06:43.666 30429 30429 E AbstractGmsTracer: Traced class shouldn't be obfuscated: SharedPreferencesBoundService [CONTEXT service_id=259 ]
11-27 01:06:43.668  1011  1189 I ASH     : @ 390455.839: tcs3701: stop power rail pending_off timer
11-27 01:06:43.668  1011  1189 D ASH     : @ 390455.839: tcs3701: start power rail timer, state:3
11-27 01:06:43.671 30429 30429 D BoundBrokerSvc: onUnbind: Intent { act=com.google.android.gms.common.BIND_SHARED_PREFS pkg=com.google.android.gms }
11-27 01:06:43.694  9607  9669 W chromium: [WARNING:ev_root_ca_metadata.cc(119)] Not implemented
11-27 01:06:43.694  9607  9669 W chromium: [WARNING:ev_root_ca_metadata.cc(119)] Not implemented
11-27 01:06:43.708  1011  1189 I ASH     : @ 390455.879: tcs3701: stop power rail pending_off timer
11-27 01:06:43.708  1011  1189 D ASH     : @ 390455.879: tcs3701: start power rail timer, state:3
11-27 01:06:43.723  8427  8469 I BatteryMgr:DataCollectionService: stats => 1701043603723,14038,4442,2136,4169000,100
11-27 01:06:43.748  1011  1189 I ASH     : @ 390455.919: tcs3701: stop power rail pending_off timer
11-27 01:06:43.748  1011  1189 D ASH     : @ 390455.919: tcs3701: start power rail timer, state:3
11-27 01:06:43.770  1795  2120 D CompatibilityChangeReporter: Compat change id reported: 143937733; UID 10010; state: ENABLED
11-27 01:06:43.781  9654  9654 D Zygote  : Forked child process 9781
11-27 01:06:43.783  1795  2120 I ActivityManager: Start proc 9781:com.chrome.canary:sandboxed_process0:org.chromium.content.app.SandboxedProcessService0:1/u0ai1 for  {com.chrome.canary/org.chromium.content.app.SandboxedProcessService0:1}
11-27 01:06:43.786  9781  9781 E libc    : SetHeapTaggingLevel: re-enabling tagging after it was disabled is not supported
11-27 01:06:43.788  1011  1189 I ASH     : @ 390455.959: tcs3701: stop power rail pending_off timer
11-27 01:06:43.788  1011  1189 D ASH     : @ 390455.959: tcs3701: start power rail timer, state:3
11-27 01:06:43.791  9781  9781 I ocessService0:1: Using CollectorTypeCC GC.
11-27 01:06:43.798  1383  1442 I adbd    : jdwp connection from 9781
11-27 01:06:43.808  3657  3675 D ForegroundUtils: Foreground UID status:
11-27 01:06:43.808  3657  3675 D ForegroundUtils: UID: 10010 is in foreground: true
11-27 01:06:43.808  3657  3675 D ForegroundUtils: UID: 10128 is in foreground: true
11-27 01:06:43.808  3657  3675 D ForegroundUtils: UID: 10158 is in foreground: true
11-27 01:06:43.808  3657  3675 D ForegroundUtils: UID: 10189 is in foreground: false
11-27 01:06:43.808  3657  3675 D ForegroundUtils: UID: 10194 is in foreground: true
11-27 01:06:43.808  3657  3675 D ForegroundUtils: UID: 10206 is in foreground: false
11-27 01:06:43.808  3657  3675 D ForegroundUtils: UID: 10207 is in foreground: true
11-27 01:06:43.808  3657  3675 D ForegroundUtils: UID: 10233 is in foreground: true
11-27 01:06:43.808  3657  3675 D ForegroundUtils: UID: 10244 is in foreground: false
11-27 01:06:43.808  3657  3675 D ForegroundUtils: UID: 10319 is in foreground: true
11-27 01:06:43.808  3657  3675 D ForegroundUtils: UID: 90000 is in foreground: true
11-27 01:06:43.809  3657  3675 D ForegroundUtils: UID: 90001 is in foreground: true
11-27 01:06:43.809  3657  3675 D ForegroundUtils: UID: 99004 is in foreground: true
11-27 01:06:43.813  9781  9781 I ActivityThread: Relaunch all activities: onCoreSettingsChange
11-27 01:06:43.813  9781  9781 D CompatibilityChangeReporter: Compat change id reported: 171979766; UID 90001; state: ENABLED
11-27 01:06:43.826  9781  9781 I LoadedApk: No resource references to update in package com.google.android.trichromelibrary.canary
11-27 01:06:43.826  9781  9781 D NetworkSecurityConfig: Using Network Security Config from resource 0_resource_name_obfuscated debugBuild: false
11-27 01:06:43.827  8427  8469 I BatteryMgr:DataCollectionService: stats => 1701043603826,14038,4442,2136,4169000,100
11-27 01:06:43.827  9781  9781 D NetworkSecurityConfig: Using Network Security Config from resource 0_resource_name_obfuscated debugBuild: false
11-27 01:06:43.828  9781  9781 I cr_SplitCompatApp: Launched version=121.0.6145.0 minSdkVersion=29 isBundle=true processName=com.chrome.canary:sandboxed_process0:org.chromium.content.app.SandboxedProcessService0:1 isIsolated=true
11-27 01:06:43.828  1011  1189 I ASH     : @ 390455.999: tcs3701: stop power rail pending_off timer
11-27 01:06:43.828  1011  1189 D ASH     : @ 390455.999: tcs3701: start power rail timer, state:3
11-27 01:06:43.834  9781  9781 W SystemServiceRegistry: No service published for: uimode
11-27 01:06:43.840  9781  9781 I cr_ChildProcessService: Creating new ChildProcessService pid=9781
11-27 01:06:43.851  9781  9801 I cr_LibraryLoader: Successfully loaded native library
11-27 01:06:43.852  9781  9801 I cr_CachingUmaRecorder: Flushed 3 samples from 3 histograms, 0 samples were dropped.
11-27 01:06:43.869  1011  1189 I ASH     : @ 390456.039: tcs3701: stop power rail pending_off timer
11-27 01:06:43.869  1011  1189 D ASH     : @ 390456.039: tcs3701: start power rail timer, state:3
11-27 01:06:43.874  1795  2855 D ActivityManager: freezer override set to true
11-27 01:06:43.882  9781  9801 I chromium: [INFO:child_process_service.cc(69)] ChildProcessService: Exiting child process.
11-27 01:06:43.884  1795  2679 I ActivityManager: Killing 9781:com.chrome.canary:sandboxed_process0:org.chromium.content.app.SandboxedProcessService0:1/u0a10i-8999 (adj 0): isolated not needed
11-27 01:06:43.890  1795  2145 I libprocessgroup: Successfully killed process cgroup uid 90001 pid 9781 in 6ms
11-27 01:06:43.906  9654  9654 I Zygote  : Process 9781 exited cleanly (0)
11-27 01:06:43.907  9607  9607 W chromium: [WARNING:compositor_view.cc(339)] Child process died (type=6) pid=9781)
11-27 01:06:43.908  3657  3675 D ForegroundUtils: UID: 90001 deleted.
11-27 01:06:43.909  1011  1189 I ASH     : @ 390456.079: tcs3701: stop power rail pending_off timer
11-27 01:06:43.909  1011  1189 D ASH     : @ 390456.079: tcs3701: start power rail timer, state:3
11-27 01:06:43.922  1795  2150 E system_server: updateValue is called with a value 38526111, which is lower than the previous value 38527263
11-27 01:06:43.923  1795  2150 E system_server: updateValue is called with a value 17, which is lower than the previous value 22
11-27 01:06:43.936  8427  8469 I BatteryMgr:DataCollectionService: stats => 1701043603936,14038,4442,2136,4169000,100
11-27 01:06:43.948  1011  1189 I ASH     : @ 390456.119: tcs3701: stop power rail pending_off timer
11-27 01:06:43.948  1011  1189 D ASH     : @ 390456.119: tcs3701: start power rail timer, state:3
11-27 01:06:43.988  1011  1189 I ASH     : @ 390456.159: tcs3701: stop power rail pending_off timer
11-27 01:06:43.988  1011  1189 D ASH     : @ 390456.159: tcs3701: start power rail timer, state:3
11-27 01:06:44.028  1011  1189 I ASH     : @ 390456.199: tcs3701: stop power rail pending_off timer
11-27 01:06:44.029  1011  1189 D ASH     : @ 390456.199: tcs3701: start power rail timer, state:3
11-27 01:06:44.034  9607  9622 I m.chrome.canary: Explicit concurrent copying GC freed 715066(26MB) AllocSpace objects, 27(924KB) LOS objects, 75% free, 8851KB/34MB, paused 200us,24us total 53.028ms
11-27 01:06:44.040  8427  8469 I BatteryMgr:DataCollectionService: stats => 1701043604040,14038,4442,2136,4169000,100
11-27 01:06:44.069  1011  1189 I ASH     : @ 390456.239: tcs3701: stop power rail pending_off timer
11-27 01:06:44.069  1011  1189 D ASH     : @ 390456.239: tcs3701: start power rail timer, state:3
11-27 01:06:44.086  1795  2855 D ActivityManager: freezer override set to false
11-27 01:06:44.108  1011  1189 I ASH     : @ 390456.279: tcs3701: stop power rail pending_off timer
11-27 01:06:44.108  1011  1189 D ASH     : @ 390456.279: tcs3701: start power rail timer, state:3
11-27 01:06:44.136  1795  4157 D ActivityManager: freezer override set to true
11-27 01:06:44.140  1795  4157 D ActivityManager: freezer override set to false
11-27 01:06:44.148  8427  8469 I BatteryMgr:DataCollectionService: stats => 1701043604148,14038,4442,2136,4169000,100
11-27 01:06:44.148  1011  1189 I ASH     : @ 390456.319: tcs3701: stop power rail pending_off timer
11-27 01:06:44.148  1011  1189 D ASH     : @ 390456.319: tcs3701: start power rail timer, state:3
11-27 01:06:44.188  1795  2855 D ActivityManager: freezer override set to true
11-27 01:06:44.188  1011  1189 I ASH     : @ 390456.359: tcs3701: stop power rail pending_off timer
11-27 01:06:44.188  1011  1189 D ASH     : @ 390456.359: tcs3701: start power rail timer, state:3
11-27 01:06:44.191  1795  2855 D ActivityManager: freezer override set to false
11-27 01:06:44.228  1011  1189 I ASH     : @ 390456.399: tcs3701: stop power rail pending_off timer
11-27 01:06:44.228  1011  1189 D ASH     : @ 390456.399: tcs3701: start power rail timer, state:3
11-27 01:06:44.254  8427  8469 I BatteryMgr:DataCollectionService: stats => 1701043604254,14038,4442,2136,4169000,100
11-27 01:06:44.268  1011  1189 I ASH     : @ 390456.439: tcs3701: stop power rail pending_off timer
11-27 01:06:44.268  1011  1189 D ASH     : @ 390456.439: tcs3701: start power rail timer, state:3
11-27 01:06:44.293  9681  9719 I AdrenoVK-0: QUALCOMM build          : 4783c89, I46ff5fc46f
11-27 01:06:44.293  9681  9719 I AdrenoVK-0: Build Date              : 11/30/20
11-27 01:06:44.293  9681  9719 I AdrenoVK-0: Shader Compiler Version : EV031.31.04.01
11-27 01:06:44.293  9681  9719 I AdrenoVK-0: Local Branch            : QPR2
11-27 01:06:44.293  9681  9719 I AdrenoVK-0: Remote Branch           : 
11-27 01:06:44.293  9681  9719 I AdrenoVK-0: Remote Branch           : 
11-27 01:06:44.293  9681  9719 I AdrenoVK-0: Reconstruct Branch      : 
11-27 01:06:44.293  9681  9719 I AdrenoVK-0: Build Config            : S P 10.0.4 AArch64
11-27 01:06:44.293  9681  9719 I AdrenoVK-0: Driver Path             : /vendor/lib64/hw/vulkan.adreno.so
11-27 01:06:44.309  1011  1189 I ASH     : @ 390456.479: tcs3701: stop power rail pending_off timer
11-27 01:06:44.309  1011  1189 D ASH     : @ 390456.479: tcs3701: start power rail timer, state:3
11-27 01:06:44.348  1011  1189 I ASH     : @ 390456.519: tcs3701: stop power rail pending_off timer
11-27 01:06:44.348  1011  1189 D ASH     : @ 390456.519: tcs3701: start power rail timer, state:3
11-27 01:06:44.353  1795  4157 I ActivityManager: Background started FGS: Allowed [callingPackage: com.android.shell; callingUid: 2000; uidState: NONE; intent: Intent { cmp=com.example.batterymanager_utility/.DataCollectionService (has extras) }; code:SYSTEM_UID; tempAllowListReason:<,reasonCode:SYSTEM_ALLOW_LISTED,duration:9223372036854775807,callingUid:-1>; targetSdkVersion:33; callerTargetSdkVersion:33; startForegroundCount:0; bindFromPackage:null]
11-27 01:06:44.362  8427  8427 I BatteryMgr:DataCollectionService: onStartCommand: begin
11-27 01:06:44.362  8427  8427 I BatteryMgr:DataCollectionService: onStartCommand: sampleRate => 100
11-27 01:06:44.362  8427  8427 I BatteryMgr:DataCollectionService: onStartCommand: rawFields => Timestamp,BATTERY_PROPERTY_CURRENT_NOW,EXTRA_VOLTAGE,BATTERY_PROPERTY_CURRENT_AVERAGE,BATTERY_PROPERTY_CHARGE_COUNTER,BATTERY_PROPERTY_CAPACITY
11-27 01:06:44.363  8427  8427 I BatteryMgr:DataCollectionService: onStartCommand: notification done
11-27 01:06:44.366  8427  8469 I BatteryMgr:DataCollectionService: stats => 1701043604366,14038,4442,2136,4169000,100
11-27 01:06:44.369  8427  8427 I BatteryMgr:DataCollectionService: started foreground
11-27 01:06:44.371  8427  8469 I BatteryMgr:DataCollectionService: collectData: begin
11-27 01:06:44.375  8427  8469 I BatteryMgr:DataCollectionService: stats => 1701043604375,14038,4442,2136,4169000,100
11-27 01:06:44.390  1011  1189 I ASH     : @ 390456.559: tcs3701: stop power rail pending_off timer
11-27 01:06:44.390  1011  1189 D ASH     : @ 390456.559: tcs3701: start power rail timer, state:3
11-27 01:06:44.429  1011  1189 I ASH     : @ 390456.599: tcs3701: stop power rail pending_off timer
11-27 01:06:44.429  1011  1189 D ASH     : @ 390456.599: tcs3701: start power rail timer, state:3
11-27 01:06:44.435  3875  3875 I VISHotwordAdapter: Not connected and not waiting for connection.
11-27 01:06:44.438  3875  3875 I VISHotwordAdapter: Still waiting for connection; add the callback to callback list
11-27 01:06:44.441  9607  9647 I cr_BindingManager: Visible binding enabled: maxSize=-1
11-27 01:06:44.442  3875  3875 W VISHotwordAdapter: gsaVis null binding. HDM in use.
11-27 01:06:44.445  9680  9734 I tflite  : Initialized TensorFlow Lite runtime.
11-27 01:06:44.445  9680  9734 W libc    : Access denied finding property "ro.mediatek.platform"
11-27 01:06:44.445  9680  9734 W libc    : Access denied finding property "ro.chipname"
11-27 01:06:44.445  9680  9734 W libc    : Access denied finding property "ro.hardware.chipname"
11-27 01:06:44.461 30340 30340 E AbstractGmsTracer: Traced class shouldn't be obfuscated: GoogleAccountAuthenticatorChimeraService [CONTEXT service_id=259 ]
11-27 01:06:44.468  1011  1189 I ASH     : @ 390456.639: tcs3701: stop power rail pending_off timer
11-27 01:06:44.468  1011  1189 D ASH     : @ 390456.639: tcs3701: start power rail timer, state:3
11-27 01:06:44.472  8427  8469 I BatteryMgr:DataCollectionService: stats => 1701043604471,14038,4442,2136,4169000,100
11-27 01:06:44.472  1795  2679 W PackageConfigPersister: App-specific configuration not found for packageName: com.chrome.canary and userId: 0
11-27 01:06:44.483  9607  9607 I cr_A11yState: Enabled accessibility services list updated.
11-27 01:06:44.485  9607  9607 I cr_A11yState: Informing listeners of changes.
11-27 01:06:44.485  9607  9607 I cr_A11yState: New AccessibilityState: State{isScreenReaderEnabled=false, isTouchExplorationEnabled=false, isPerformGesturesEnabled=false, isAnyAccessibilityServiceEnabled=false, isAccessibilityToolPresent=false, isSpokenFeedbackServicePresent=false, isTextShowPasswordEnabled=true, isOnlyPasswordManagersEnabled=false}
11-27 01:06:44.487  8427  8469 I BatteryMgr:DataCollectionService: stats => 1701043604487,14038,4442,2136,4169000,100
11-27 01:06:44.508  1011  1189 I ASH     : @ 390456.679: tcs3701: stop power rail pending_off timer
11-27 01:06:44.508  1011  1189 D ASH     : @ 390456.679: tcs3701: start power rail timer, state:3
11-27 01:06:44.546  1795  2855 D ActivityManager: freezer override set to true
11-27 01:06:44.548  1011  1189 I ASH     : @ 390456.719: tcs3701: stop power rail pending_off timer
11-27 01:06:44.549  1011  1189 D ASH     : @ 390456.719: tcs3701: start power rail timer, state:3
11-27 01:06:44.551  1795  2855 D ActivityManager: freezer override set to false
11-27 01:06:44.577  8427  8469 I BatteryMgr:DataCollectionService: stats => 1701043604577,14038,4442,2136,4169000,100
11-27 01:06:44.588  1011  1189 I ASH     : @ 390456.759: tcs3701: stop power rail pending_off timer
11-27 01:06:44.588  1011  1189 D ASH     : @ 390456.759: tcs3701: start power rail timer, state:3
11-27 01:06:44.592  8427  8469 I BatteryMgr:DataCollectionService: stats => 1701043604592,14038,4442,2136,4169000,100
11-27 01:06:44.596  1795  4170 D CompatibilityChangeReporter: Compat change id reported: 161252188; UID 10010; state: DISABLED
11-27 01:06:44.596  1795  4170 I ActivityTaskManager: START u0 {act=android.intent.action.VIEW dat=https://playground.babylonjs.com/... flg=0x10000000 cmp=com.chrome.canary/com.google.android.apps.chrome.Main} from uid 2000
11-27 01:06:44.597  1795  4170 D CompatibilityChangeReporter: Compat change id reported: 265464455; UID 10010; state: DISABLED
11-27 01:06:44.598  1795  4170 D CompatibilityChangeReporter: Compat change id reported: 265452344; UID 10010; state: DISABLED
11-27 01:06:44.598  1795  4170 D CompatibilityChangeReporter: Compat change id reported: 266124927; UID 10010; state: DISABLED
11-27 01:06:44.598  1795  4170 D CompatibilityChangeReporter: Compat change id reported: 265451093; UID 10010; state: DISABLED
11-27 01:06:44.598  1795  4170 D CompatibilityChangeReporter: Compat change id reported: 265456536; UID 10010; state: DISABLED
11-27 01:06:44.599  1795  4170 D CompatibilityChangeReporter: Compat change id reported: 255940284; UID 10010; state: DISABLED
11-27 01:06:44.600  1795  4170 D CompatibilityChangeReporter: Compat change id reported: 236283604; UID 10010; state: DISABLED
11-27 01:06:44.600  1795  4170 D CompatibilityChangeReporter: Compat change id reported: 263959004; UID 10010; state: DISABLED
11-27 01:06:44.600  1795  4170 D CompatibilityChangeReporter: Compat change id reported: 264304459; UID 10010; state: DISABLED
11-27 01:06:44.601  1795  4170 D CompatibilityChangeReporter: Compat change id reported: 264301586; UID 10010; state: DISABLED
11-27 01:06:44.601  1795  4170 D CompatibilityChangeReporter: Compat change id reported: 254631730; UID 10010; state: DISABLED
11-27 01:06:44.601  1795  4170 D CompatibilityChangeReporter: Compat change id reported: 273509367; UID 10010; state: DISABLED
11-27 01:06:44.601  1795  4170 D CompatibilityChangeReporter: Compat change id reported: 263259275; UID 10010; state: DISABLED
11-27 01:06:44.602  1795  4170 D CompatibilityChangeReporter: Compat change id reported: 194480991; UID 10010; state: ENABLED
11-27 01:06:44.602  1795  4170 D CompatibilityChangeReporter: Compat change id reported: 174042980; UID 10010; state: DISABLED
11-27 01:06:44.604  1795  4170 D CompatibilityChangeReporter: Compat change id reported: 181136395; UID 10010; state: DISABLED
11-27 01:06:44.604  1795  4170 D CompatibilityChangeReporter: Compat change id reported: 174042936; UID 10010; state: DISABLED
11-27 01:06:44.607  1795  4170 D CompatibilityChangeReporter: Compat change id reported: 194833441; UID 10010; state: ENABLED
11-27 01:06:44.618  9607  9607 W cr_ActivityDispatcher: CustomTabsIntent#shouldAlwaysUseBrowserUI() = false
11-27 01:06:44.618  9607  9607 I cr_VideoPersist: Exited picture in picture with reason: 0
11-27 01:06:44.620  9607  9607 E cr_IntentUtils: getInt failed on bundle null
11-27 01:06:44.628  1011  1189 I ASH     : @ 390456.799: tcs3701: stop power rail pending_off timer
