11-27 01:09:34.308  1011  1189 I ASH     : @ 390626.479: tcs3701: stop power rail pending_off timer
11-27 01:09:34.308  1011  1189 D ASH     : @ 390626.479: tcs3701: start power rail timer, state:3
11-27 01:09:34.334  8427  8469 I BatteryMgr:DataCollectionService: stats => 1701043774334,10070,4442,2136,4169000,100
11-27 01:09:34.337  8427  8466 I BatteryMgr:DataCollectionService: stats => 1701043774337,10070,4442,2136,4169000,100
11-27 01:09:34.349  1011  1189 I ASH     : @ 390626.519: tcs3701: stop power rail pending_off timer
11-27 01:09:34.349  1011  1189 D ASH     : @ 390626.519: tcs3701: start power rail timer, state:3
11-27 01:09:34.388  1011  1189 I ASH     : @ 390626.559: tcs3701: stop power rail pending_off timer
11-27 01:09:34.389  1011  1189 D ASH     : @ 390626.559: tcs3701: start power rail timer, state:3
11-27 01:09:34.428  1011  1189 I ASH     : @ 390626.599: tcs3701: stop power rail pending_off timer
11-27 01:09:34.428  1011  1189 D ASH     : @ 390626.599: tcs3701: start power rail timer, state:3
11-27 01:09:34.443  8427  8466 I BatteryMgr:DataCollectionService: stats => 1701043774443,10070,4442,2136,4169000,100
11-27 01:09:34.444  8427  8469 I BatteryMgr:DataCollectionService: stats => 1701043774444,10070,4442,2136,4169000,100
11-27 01:09:34.469  1011  1189 I ASH     : @ 390626.639: tcs3701: stop power rail pending_off timer
11-27 01:09:34.469  1011  1189 D ASH     : @ 390626.639: tcs3701: start power rail timer, state:3
11-27 01:09:34.508  1011  1189 I ASH     : @ 390626.679: tcs3701: stop power rail pending_off timer
11-27 01:09:34.508  1011  1189 D ASH     : @ 390626.679: tcs3701: start power rail timer, state:3
11-27 01:09:34.548  8427  8467 I BatteryMgr:DataCollectionService: stats => 1701043774548,10070,4442,2136,4169000,100
11-27 01:09:34.549  1011  1189 I ASH     : @ 390626.719: tcs3701: stop power rail pending_off timer
11-27 01:09:34.549  1011  1189 D ASH     : @ 390626.719: tcs3701: start power rail timer, state:3
11-27 01:09:34.554  8427  8469 I BatteryMgr:DataCollectionService: stats => 1701043774554,10070,4442,2136,4169000,100
11-27 01:09:34.588  1011  1189 I ASH     : @ 390626.759: tcs3701: stop power rail pending_off timer
11-27 01:09:34.589  1011  1189 D ASH     : @ 390626.759: tcs3701: start power rail timer, state:3
11-27 01:09:34.615  1795  4166 D ActivityManager: freezer override set to true
11-27 01:09:34.629  1011  1189 I ASH     : @ 390626.799: tcs3701: stop power rail pending_off timer
11-27 01:09:34.629  1011  1189 D ASH     : @ 390626.799: tcs3701: start power rail timer, state:3
11-27 01:09:34.652  8427  8469 I BatteryMgr:DataCollectionService: stats => 1701043774652,10070,4442,2136,4169000,100
11-27 01:09:34.657  8427  8469 I BatteryMgr:DataCollectionService: stats => 1701043774657,10070,4442,2136,4169000,100
11-27 01:09:34.668  1011  1189 I ASH     : @ 390626.839: tcs3701: stop power rail pending_off timer
11-27 01:09:34.668  1011  1189 D ASH     : @ 390626.839: tcs3701: start power rail timer, state:3
11-27 01:09:34.709  1011  1189 I ASH     : @ 390626.879: tcs3701: stop power rail pending_off timer
11-27 01:09:34.709  1011  1189 D ASH     : @ 390626.879: tcs3701: start power rail timer, state:3
11-27 01:09:34.748  1011  1189 I ASH     : @ 390626.919: tcs3701: stop power rail pending_off timer
11-27 01:09:34.748  1011  1189 D ASH     : @ 390626.919: tcs3701: start power rail timer, state:3
11-27 01:09:34.759  8427  8469 I BatteryMgr:DataCollectionService: stats => 1701043774759,10070,4442,2136,4169000,100
11-27 01:09:34.761  8427  8467 I BatteryMgr:DataCollectionService: stats => 1701043774761,10070,4442,2136,4169000,100
11-27 01:09:34.772 13040 13944 I m.chrome.canary: Explicit concurrent copying GC freed 3844(192KB) AllocSpace objects, 4(80KB) LOS objects, 75% free, 14MB/57MB, paused 81us,31us total 60.623ms
11-27 01:09:34.789  1011  1189 I ASH     : @ 390626.959: tcs3701: stop power rail pending_off timer
11-27 01:09:34.789  1011  1189 D ASH     : @ 390626.959: tcs3701: start power rail timer, state:3
11-27 01:09:34.828  1011  1189 I ASH     : @ 390626.999: tcs3701: stop power rail pending_off timer
11-27 01:09:34.828  1011  1189 D ASH     : @ 390626.999: tcs3701: start power rail timer, state:3
11-27 01:09:34.840  1795  4166 D ActivityManager: freezer override set to false
11-27 01:09:34.863  8427  8467 I BatteryMgr:DataCollectionService: stats => 1701043774863,10070,4442,2136,4169000,100
11-27 01:09:34.867  8427  8469 I BatteryMgr:DataCollectionService: stats => 1701043774867,10070,4442,2136,4169000,100
11-27 01:09:34.868  1011  1189 I ASH     : @ 390627.039: tcs3701: stop power rail pending_off timer
11-27 01:09:34.869  1011  1189 D ASH     : @ 390627.039: tcs3701: start power rail timer, state:3
11-27 01:09:34.892  1795  4166 D ActivityManager: freezer override set to true
11-27 01:09:34.894  1795  4166 D ActivityManager: freezer override set to false
11-27 01:09:34.909  1011  1189 I ASH     : @ 390627.079: tcs3701: stop power rail pending_off timer
11-27 01:09:34.909  1011  1189 D ASH     : @ 390627.079: tcs3701: start power rail timer, state:3
11-27 01:09:34.937  1795  4166 D ActivityManager: freezer override set to true
11-27 01:09:34.940  1795  4166 D ActivityManager: freezer override set to false
11-27 01:09:34.949  1011  1189 I ASH     : @ 390627.119: tcs3701: stop power rail pending_off timer
11-27 01:09:34.949  1011  1189 D ASH     : @ 390627.119: tcs3701: start power rail timer, state:3
11-27 01:09:34.970  8427  8467 I BatteryMgr:DataCollectionService: stats => 1701043774970,10070,4442,2136,4169000,100
11-27 01:09:34.970  8427  8469 I BatteryMgr:DataCollectionService: stats => 1701043774970,10070,4442,2136,4169000,100
11-27 01:09:34.988  1011  1189 I ASH     : @ 390627.159: tcs3701: stop power rail pending_off timer
11-27 01:09:34.988  1011  1189 D ASH     : @ 390627.159: tcs3701: start power rail timer, state:3
11-27 01:09:35.029  1011  1189 I ASH     : @ 390627.199: tcs3701: stop power rail pending_off timer
11-27 01:09:35.029  1011  1189 D ASH     : @ 390627.199: tcs3701: start power rail timer, state:3
11-27 01:09:35.068  1011  1189 I ASH     : @ 390627.239: tcs3701: stop power rail pending_off timer
11-27 01:09:35.068  1011  1189 D ASH     : @ 390627.239: tcs3701: start power rail timer, state:3
11-27 01:09:35.078  8427  8467 I BatteryMgr:DataCollectionService: stats => 1701043775078,10070,4442,2136,4169000,100
11-27 01:09:35.080  8427  8469 I BatteryMgr:DataCollectionService: stats => 1701043775080,10070,4442,2136,4169000,100
11-27 01:09:35.108  1011  1189 I ASH     : @ 390627.279: tcs3701: stop power rail pending_off timer
11-27 01:09:35.108  1011  1189 D ASH     : @ 390627.279: tcs3701: start power rail timer, state:3
11-27 01:09:35.148  1011  1189 I ASH     : @ 390627.319: tcs3701: stop power rail pending_off timer
11-27 01:09:35.148  1011  1189 D ASH     : @ 390627.319: tcs3701: start power rail timer, state:3
11-27 01:09:35.184  8427  8469 I BatteryMgr:DataCollectionService: stats => 1701043775184,10070,4442,2136,4169000,100
11-27 01:09:35.185  8427  8467 I BatteryMgr:DataCollectionService: stats => 1701043775185,10070,4442,2136,4169000,100
11-27 01:09:35.188  1011  1189 I ASH     : @ 390627.359: tcs3701: stop power rail pending_off timer
11-27 01:09:35.188  1011  1189 D ASH     : @ 390627.359: tcs3701: start power rail timer, state:3
11-27 01:09:35.228  1011  1189 I ASH     : @ 390627.399: tcs3701: stop power rail pending_off timer
11-27 01:09:35.229  1011  1189 D ASH     : @ 390627.399: tcs3701: start power rail timer, state:3
11-27 01:09:35.234  1795  4162 D ActivityManager: freezer override set to true
11-27 01:09:35.239  1795  4162 D ActivityManager: freezer override set to false
11-27 01:09:35.269  1011  1189 I ASH     : @ 390627.439: tcs3701: stop power rail pending_off timer
11-27 01:09:35.269  1011  1189 D ASH     : @ 390627.439: tcs3701: start power rail timer, state:3
11-27 01:09:35.291  8427  8467 I BatteryMgr:DataCollectionService: stats => 1701043775291,10070,4442,2136,4169000,100
11-27 01:09:35.292  8427  8469 I BatteryMgr:DataCollectionService: stats => 1701043775292,10070,4442,2136,4169000,100
11-27 01:09:35.309  1011  1189 I ASH     : @ 390627.479: tcs3701: stop power rail pending_off timer
11-27 01:09:35.309  1011  1189 D ASH     : @ 390627.479: tcs3701: start power rail timer, state:3
11-27 01:09:35.348  1011  1189 I ASH     : @ 390627.519: tcs3701: stop power rail pending_off timer
11-27 01:09:35.348  1011  1189 D ASH     : @ 390627.519: tcs3701: start power rail timer, state:3
11-27 01:09:35.388  1011  1189 I ASH     : @ 390627.559: tcs3701: stop power rail pending_off timer
11-27 01:09:35.389  1011  1189 D ASH     : @ 390627.559: tcs3701: start power rail timer, state:3
11-27 01:09:35.397  8427  8469 I BatteryMgr:DataCollectionService: stats => 1701043775397,10070,4442,2136,4169000,100
11-27 01:09:35.398  8427  8467 I BatteryMgr:DataCollectionService: stats => 1701043775398,10070,4442,2136,4169000,100
11-27 01:09:35.417  2113  2118 I pixel-thermal: skin-therm-monitor: 39.379
11-27 01:09:35.428  1011  1189 I ASH     : @ 390627.599: tcs3701: stop power rail pending_off timer
11-27 01:09:35.429  1011  1189 D ASH     : @ 390627.599: tcs3701: start power rail timer, state:3
11-27 01:09:35.468  1011  1189 I ASH     : @ 390627.639: tcs3701: stop power rail pending_off timer
11-27 01:09:35.468  1011  1189 D ASH     : @ 390627.639: tcs3701: start power rail timer, state:3
11-27 01:09:35.506  8427  8467 I BatteryMgr:DataCollectionService: stats => 1701043775506,10070,4442,2136,4169000,100
11-27 01:09:35.506  8427  8469 I BatteryMgr:DataCollectionService: stats => 1701043775506,10070,4442,2136,4169000,100
11-27 01:09:35.509  1011  1189 I ASH     : @ 390627.679: tcs3701: stop power rail pending_off timer
11-27 01:09:35.509  1011  1189 D ASH     : @ 390627.679: tcs3701: start power rail timer, state:3
11-27 01:09:35.548  1011  1189 I ASH     : @ 390627.719: tcs3701: stop power rail pending_off timer
11-27 01:09:35.548  1011  1189 D ASH     : @ 390627.719: tcs3701: start power rail timer, state:3
11-27 01:09:35.588  1011  1189 I ASH     : @ 390627.759: tcs3701: stop power rail pending_off timer
11-27 01:09:35.588  1011  1189 D ASH     : @ 390627.759: tcs3701: start power rail timer, state:3
11-27 01:09:35.615  8427  8469 I BatteryMgr:DataCollectionService: stats => 1701043775615,10070,4442,2136,4169000,100
11-27 01:09:35.616  8427  8467 I BatteryMgr:DataCollectionService: stats => 1701043775616,10070,4442,2136,4169000,100
11-27 01:09:35.628  1011  1189 I ASH     : @ 390627.799: tcs3701: stop power rail pending_off timer
11-27 01:09:35.628  1011  1189 D ASH     : @ 390627.799: tcs3701: start power rail timer, state:3
11-27 01:09:35.669  1011  1189 I ASH     : @ 390627.839: tcs3701: stop power rail pending_off timer
11-27 01:09:35.669  1011  1189 D ASH     : @ 390627.839: tcs3701: start power rail timer, state:3
11-27 01:09:35.708  1011  1189 I ASH     : @ 390627.879: tcs3701: stop power rail pending_off timer
11-27 01:09:35.708  1011  1189 D ASH     : @ 390627.879: tcs3701: start power rail timer, state:3
11-27 01:09:35.721  8427  8469 I BatteryMgr:DataCollectionService: stats => 1701043775721,10070,4442,2136,4169000,100
11-27 01:09:35.722  8427  8467 I BatteryMgr:DataCollectionService: stats => 1701043775722,10070,4442,2136,4169000,100
11-27 01:09:35.748  1011  1189 I ASH     : @ 390627.919: tcs3701: stop power rail pending_off timer
11-27 01:09:35.748  1011  1189 D ASH     : @ 390627.919: tcs3701: start power rail timer, state:3
11-27 01:09:35.789  1011  1189 I ASH     : @ 390627.959: tcs3701: stop power rail pending_off timer
11-27 01:09:35.789  1011  1189 D ASH     : @ 390627.959: tcs3701: start power rail timer, state:3
11-27 01:09:35.828  8427  8469 I BatteryMgr:DataCollectionService: stats => 1701043775828,10070,4442,2136,4169000,100
11-27 01:09:35.829  1011  1189 I ASH     : @ 390627.999: tcs3701: stop power rail pending_off timer
11-27 01:09:35.829  1011  1189 D ASH     : @ 390627.999: tcs3701: start power rail timer, state:3
11-27 01:09:35.829  8427  8467 I BatteryMgr:DataCollectionService: stats => 1701043775829,10070,4442,2136,4169000,100
11-27 01:09:35.869  1011  1189 I ASH     : @ 390628.039: tcs3701: stop power rail pending_off timer
11-27 01:09:35.869  1011  1189 D ASH     : @ 390628.039: tcs3701: start power rail timer, state:3
11-27 01:09:35.908  1011  1189 I ASH     : @ 390628.079: tcs3701: stop power rail pending_off timer
11-27 01:09:35.908  1011  1189 D ASH     : @ 390628.079: tcs3701: start power rail timer, state:3
11-27 01:09:35.939  8427  8469 I BatteryMgr:DataCollectionService: stats => 1701043775939,10070,4442,2136,4169000,100
11-27 01:09:35.939  8427  8467 I BatteryMgr:DataCollectionService: stats => 1701043775939,10070,4442,2136,4169000,100
11-27 01:09:35.949  1011  1189 I ASH     : @ 390628.119: tcs3701: stop power rail pending_off timer
11-27 01:09:35.949  1011  1189 D ASH     : @ 390628.119: tcs3701: start power rail timer, state:3
11-27 01:09:35.988  1011  1189 I ASH     : @ 390628.159: tcs3701: stop power rail pending_off timer
11-27 01:09:35.989  1011  1189 D ASH     : @ 390628.159: tcs3701: start power rail timer, state:3
11-27 01:09:36.029  1011  1189 I ASH     : @ 390628.199: tcs3701: stop power rail pending_off timer
11-27 01:09:36.029  1011  1189 D ASH     : @ 390628.199: tcs3701: start power rail timer, state:3
11-27 01:09:36.042  8427  8469 I BatteryMgr:DataCollectionService: stats => 1701043776042,10070,4442,2136,4169000,100
11-27 01:09:36.044  8427  8467 I BatteryMgr:DataCollectionService: stats => 1701043776044,10070,4442,2136,4169000,100
11-27 01:09:36.068  1011  1189 I ASH     : @ 390628.239: tcs3701: stop power rail pending_off timer
11-27 01:09:36.068  1011  1189 D ASH     : @ 390628.239: tcs3701: start power rail timer, state:3
11-27 01:09:36.092  1795  4166 D ActivityManager: freezer override set to true
11-27 01:09:36.109  1011  1189 I ASH     : @ 390628.279: tcs3701: stop power rail pending_off timer
11-27 01:09:36.109  1011  1189 D ASH     : @ 390628.279: tcs3701: start power rail timer, state:3
11-27 01:09:36.148  8427  8467 I BatteryMgr:DataCollectionService: stats => 1701043776148,10070,4442,2136,4169000,100
11-27 01:09:36.148  1011  1189 I ASH     : @ 390628.319: tcs3701: stop power rail pending_off timer
11-27 01:09:36.148  1011  1189 D ASH     : @ 390628.319: tcs3701: start power rail timer, state:3
11-27 01:09:36.148  8427  8469 I BatteryMgr:DataCollectionService: stats => 1701043776148,10070,4442,2136,4169000,100
11-27 01:09:36.189  1011  1189 I ASH     : @ 390628.359: tcs3701: stop power rail pending_off timer
11-27 01:09:36.189  1011  1189 D ASH     : @ 390628.359: tcs3701: start power rail timer, state:3
11-27 01:09:36.228  1011  1189 I ASH     : @ 390628.399: tcs3701: stop power rail pending_off timer
11-27 01:09:36.228  1011  1189 D ASH     : @ 390628.399: tcs3701: start power rail timer, state:3
11-27 01:09:36.241 13040 13944 I m.chrome.canary: Explicit concurrent copying GC freed 3829(192KB) AllocSpace objects, 4(80KB) LOS objects, 75% free, 14MB/57MB, paused 93us,23us total 60.353ms
11-27 01:09:36.253  8427  8467 I BatteryMgr:DataCollectionService: stats => 1701043776253,10070,4442,2136,4169000,100
11-27 01:09:36.254  8427  8469 I BatteryMgr:DataCollectionService: stats => 1701043776254,10070,4442,2136,4169000,100
11-27 01:09:36.269  1011  1189 I ASH     : @ 390628.439: tcs3701: stop power rail pending_off timer
11-27 01:09:36.269  1011  1189 D ASH     : @ 390628.439: tcs3701: start power rail timer, state:3
11-27 01:09:36.308  1011  1189 I ASH     : @ 390628.479: tcs3701: stop power rail pending_off timer
11-27 01:09:36.308  1011  1189 D ASH     : @ 390628.479: tcs3701: start power rail timer, state:3
11-27 01:09:36.310  1795  4162 D ActivityManager: freezer override set to false
11-27 01:09:36.348  1011  1189 I ASH     : @ 390628.519: tcs3701: stop power rail pending_off timer
11-27 01:09:36.348  1011  1189 D ASH     : @ 390628.519: tcs3701: start power rail timer, state:3
11-27 01:09:36.353  1795  4162 D ActivityManager: freezer override set to true
11-27 01:09:36.355  1795  4162 D ActivityManager: freezer override set to false
11-27 01:09:36.359  8427  8467 I BatteryMgr:DataCollectionService: stats => 1701043776359,10070,4442,2136,4169000,100
11-27 01:09:36.361  8427  8469 I BatteryMgr:DataCollectionService: stats => 1701043776361,10070,4442,2136,4169000,100
11-27 01:09:36.388  1011  1189 I ASH     : @ 390628.559: tcs3701: stop power rail pending_off timer
11-27 01:09:36.388  1011  1189 D ASH     : @ 390628.559: tcs3701: start power rail timer, state:3
11-27 01:09:36.396  1795  4166 D ActivityManager: freezer override set to true
11-27 01:09:36.399  1795  4166 D ActivityManager: freezer override set to false
11-27 01:09:36.428  1011  1189 I ASH     : @ 390628.599: tcs3701: stop power rail pending_off timer
11-27 01:09:36.428  1011  1189 D ASH     : @ 390628.599: tcs3701: start power rail timer, state:3
11-27 01:09:36.465  8427  8467 I BatteryMgr:DataCollectionService: stats => 1701043776465,10070,4442,2136,4169000,100
11-27 01:09:36.467  8427  8469 I BatteryMgr:DataCollectionService: stats => 1701043776467,10070,4442,2136,4169000,100
11-27 01:09:36.468  1011  1189 I ASH     : @ 390628.639: tcs3701: stop power rail pending_off timer
11-27 01:09:36.469  1011  1189 D ASH     : @ 390628.639: tcs3701: start power rail timer, state:3
11-27 01:09:36.509  1011  1189 I ASH     : @ 390628.679: tcs3701: stop power rail pending_off timer
11-27 01:09:36.509  1011  1189 D ASH     : @ 390628.679: tcs3701: start power rail timer, state:3
11-27 01:09:36.548  1011  1189 I ASH     : @ 390628.719: tcs3701: stop power rail pending_off timer
11-27 01:09:36.548  1011  1189 D ASH     : @ 390628.719: tcs3701: start power rail timer, state:3
11-27 01:09:36.574  8427  8469 I BatteryMgr:DataCollectionService: stats => 1701043776574,10070,4442,2136,4169000,100
11-27 01:09:36.575  8427  8467 I BatteryMgr:DataCollectionService: stats => 1701043776575,10070,4442,2136,4169000,100
11-27 01:09:36.588  1011  1189 I ASH     : @ 390628.759: tcs3701: stop power rail pending_off timer
11-27 01:09:36.588  1011  1189 D ASH     : @ 390628.759: tcs3701: start power rail timer, state:3
11-27 01:09:36.628  1011  1189 I ASH     : @ 390628.799: tcs3701: stop power rail pending_off timer
11-27 01:09:36.629  1011  1189 D ASH     : @ 390628.799: tcs3701: start power rail timer, state:3
11-27 01:09:36.668  1011  1189 I ASH     : @ 390628.839: tcs3701: stop power rail pending_off timer
11-27 01:09:36.668  1011  1189 D ASH     : @ 390628.839: tcs3701: start power rail timer, state:3
11-27 01:09:36.681  8427  8469 I BatteryMgr:DataCollectionService: stats => 1701043776681,10070,4442,2136,4169000,100
11-27 01:09:36.683  8427  8467 I BatteryMgr:DataCollectionService: stats => 1701043776683,10070,4442,2136,4169000,100
11-27 01:09:36.709  1011  1189 I ASH     : @ 390628.879: tcs3701: stop power rail pending_off timer
11-27 01:09:36.709  1011  1189 D ASH     : @ 390628.879: tcs3701: start power rail timer, state:3
11-27 01:09:36.748  1011  1189 I ASH     : @ 390628.919: tcs3701: stop power rail pending_off timer
11-27 01:09:36.748  1011  1189 D ASH     : @ 390628.919: tcs3701: start power rail timer, state:3
11-27 01:09:36.749  1039  1095 D rlsservice: MonitorDisplayStatus client num 0, display status 1, sensor status 0
11-27 01:09:36.787  8427  8467 I BatteryMgr:DataCollectionService: stats => 1701043776787,10070,4442,2136,4169000,100
11-27 01:09:36.787  8427  8469 I BatteryMgr:DataCollectionService: stats => 1701043776787,10070,4442,2136,4169000,100
11-27 01:09:36.789  1011  1189 I ASH     : @ 390628.959: tcs3701: stop power rail pending_off timer
11-27 01:09:36.789  1011  1189 D ASH     : @ 390628.959: tcs3701: start power rail timer, state:3
11-27 01:09:36.828  1011  1189 I ASH     : @ 390628.999: tcs3701: stop power rail pending_off timer
11-27 01:09:36.828  1011  1189 D ASH     : @ 390628.999: tcs3701: start power rail timer, state:3
11-27 01:09:36.868  1011  1189 I ASH     : @ 390629.039: tcs3701: stop power rail pending_off timer
11-27 01:09:36.868  1011  1189 D ASH     : @ 390629.039: tcs3701: start power rail timer, state:3
11-27 01:09:36.893  8427  8469 I BatteryMgr:DataCollectionService: stats => 1701043776893,10070,4442,2136,4169000,100
11-27 01:09:36.894  8427  8466 I BatteryMgr:DataCollectionService: stats => 1701043776894,10070,4442,2136,4169000,100
11-27 01:09:36.908  1011  1189 I ASH     : @ 390629.079: tcs3701: stop power rail pending_off timer
11-27 01:09:36.908  1011  1189 D ASH     : @ 390629.079: tcs3701: start power rail timer, state:3
11-27 01:09:36.948  1011  1189 I ASH     : @ 390629.119: tcs3701: stop power rail pending_off timer
11-27 01:09:36.948  1011  1189 D ASH     : @ 390629.119: tcs3701: start power rail timer, state:3
11-27 01:09:36.963  1795  2424 D WifiClientModeImpl[13802:wlan0]: updateLinkLayerStatsRssiSpeedFrequencyCapabilities rssi=-46 TxLinkspeed=866 freq=5240 RxLinkSpeed=866
11-27 01:09:36.964  1795  2424 D WifiDataStall: tx tput in kbps: 729503
11-27 01:09:36.964  1795  2424 D WifiDataStall: rx tput in kbps: 767898
11-27 01:09:36.964  1795  2424 V WifiConfigManager: Updating scan detail cache freq=5240 BSSID=f4:6d:2f:12:cc:88 RSSI=-45 for "ourhome"WPA_PSK
11-27 01:09:36.964  1795  2424 D WifiChannelUtilization:  freq: 5240 onTime: 11267353 busyTime: 1043537 onTimeDiff: 1619497 busyTimeDiff: 187051 utilization: 29 utilization t0: 23
11-27 01:09:36.964  1795  2424 D WifiDataStall:  ccaLevel = 29
11-27 01:09:36.964  1795  2424 D WifiDataStall: L2 txTputKbps: 729503, rxTputKbps: 767898, L3 txTputKbps: 0, rxTputKbps: 0, TxTrafficHigh: false, RxTrafficHigh: false, Throughput Sufficient: true
11-27 01:09:36.965  2673 16647 V WifiManager: OnWifiUsabilityStatsListener: onWifiUsabilityStats: seqNum=101011
11-27 01:09:36.965  1795  2424 D WifiScoreReport: Wifi scoring disabled - Don't check IP layer
11-27 01:09:36.965  1795  2424 D WifiScoreCard: BSSID update SIGNAL_POLL ID: 1320464697 SSID: "ourhome", BSSID: f4:6d:2f:12:cc:88, MAC: b2:2f:ec:da:4a:0c, IP: /192.168.1.104, Security type: 2, Supplicant state: COMPLETED, Wi-Fi standard: 5, RSSI: -46, Link speed: 866Mbps, Tx Link speed: 866Mbps, Max Supported Tx Link speed: 866Mbps, Rx Link speed: 866Mbps, Max Supported Rx Link speed: 866Mbps, Frequency: 5240MHz, Net ID: 12, Metered hint: false, score: 60, isUsable: true, CarrierMerged: false, SubscriptionId: -1, IsPrimary: 1, Trusted: true, Restricted: false, Ephemeral: false, OEM paid: false, OEM private: false, OSU AP: false, FQDN: <none>, Provider friendly name: <none>, Requesting package name: <none>"ourhome"wpa2-pskMLO Information: , Is TID-To-Link negotiation supported by the AP: false, AP MLD Address: <none>, AP MLO Link Id: <none>, AP MLO Affiliated links: <none>
11-27 01:09:36.965  1795  2424 D WifiScoreCard: txRate: 1 txSpeed: 866
11-27 01:09:36.965  1795  2424 D WifiScoreCard: network update SIGNAL_POLL "ourhome" ID: 1499892569 RSSI -46 txSpeed -1
11-27 01:09:36.965  1795  2424 D WifiClientModeImpl[13802:wlan0]:  ClientModeImpl$L2ConnectedState screen=on 37 0 "ourhome" f4:6d:2f:12:cc:88 rssi=-46 f=5240 sc=60 link=866 tx=0.3, 0.0, 0.0 rx=0.2 bcn=3700027 [on:0 tx:0 rx:0 period:3018] from screen [on:1631372 period:31342251] score=60
11-27 01:09:36.965  1795  4166 I WifiService: updateWifiUsabilityScore uid=10180 seqNum=101011 score=100 predictionHorizonSec=1441795
11-27 01:09:36.966  1795  2424 D WifiScoreReport: Wifi scoring disabled - Notify that Wifi is usable
11-27 01:09:36.969  1795  2432 D ConnectivityService: NetReassign [no changes] [c 0] [a 0] [i 3]
11-27 01:09:36.989  1011  1189 I ASH     : @ 390629.159: tcs3701: stop power rail pending_off timer
11-27 01:09:36.989  1011  1189 D ASH     : @ 390629.159: tcs3701: start power rail timer, state:3
11-27 01:09:37.000  8427  8466 I BatteryMgr:DataCollectionService: stats => 1701043777000,10070,4442,2136,4169000,100
11-27 01:09:37.001  8427  8469 I BatteryMgr:DataCollectionService: stats => 1701043777001,10070,4442,2136,4169000,100
11-27 01:09:37.028  1011  1189 I ASH     : @ 390629.199: tcs3701: stop power rail pending_off timer
11-27 01:09:37.029  1011  1189 D ASH     : @ 390629.199: tcs3701: start power rail timer, state:3
11-27 01:09:37.069  1011  1189 I ASH     : @ 390629.239: tcs3701: stop power rail pending_off timer
11-27 01:09:37.069  1011  1189 D ASH     : @ 390629.239: tcs3701: start power rail timer, state:3
11-27 01:09:37.108  1011  1189 I ASH     : @ 390629.279: tcs3701: stop power rail pending_off timer
11-27 01:09:37.108  1011  1189 D ASH     : @ 390629.279: tcs3701: start power rail timer, state:3
11-27 01:09:37.109  8427  8466 I BatteryMgr:DataCollectionService: stats => 1701043777109,10070,4442,2136,4169000,100
11-27 01:09:37.110  8427  8469 I BatteryMgr:DataCollectionService: stats => 1701043777110,10070,4442,2136,4169000,100
11-27 01:09:37.148  1011  1189 I ASH     : @ 390629.319: tcs3701: stop power rail pending_off timer
11-27 01:09:37.148  1011  1189 D ASH     : @ 390629.319: tcs3701: start power rail timer, state:3
11-27 01:09:37.188  1011  1189 I ASH     : @ 390629.359: tcs3701: stop power rail pending_off timer
11-27 01:09:37.188  1011  1189 D ASH     : @ 390629.359: tcs3701: start power rail timer, state:3
11-27 01:09:37.218  8427  8469 I BatteryMgr:DataCollectionService: stats => 1701043777218,10070,4442,2136,4169000,100
11-27 01:09:37.219  8427  8466 I BatteryMgr:DataCollectionService: stats => 1701043777219,10070,4442,2136,4169000,100
11-27 01:09:37.228  1011  1189 I ASH     : @ 390629.399: tcs3701: stop power rail pending_off timer
11-27 01:09:37.228  1011  1189 D ASH     : @ 390629.399: tcs3701: start power rail timer, state:3
11-27 01:09:37.246  1795  4162 D ActivityManager: freezer override set to true
11-27 01:09:37.251  1795  4162 D ActivityManager: freezer override set to false
11-27 01:09:37.269  1011  1189 I ASH     : @ 390629.439: tcs3701: stop power rail pending_off timer
11-27 01:09:37.269  1011  1189 D ASH     : @ 390629.439: tcs3701: start power rail timer, state:3
11-27 01:09:37.308  1011  1189 I ASH     : @ 390629.479: tcs3701: stop power rail pending_off timer
11-27 01:09:37.308  1011  1189 D ASH     : @ 390629.479: tcs3701: start power rail timer, state:3
11-27 01:09:37.325  8427  8466 I BatteryMgr:DataCollectionService: stats => 1701043777325,10070,4442,2136,4169000,100
11-27 01:09:37.325  8427  8469 I BatteryMgr:DataCollectionService: stats => 1701043777325,10070,4442,2136,4169000,100
11-27 01:09:37.349  1011  1189 I ASH     : @ 390629.519: tcs3701: stop power rail pending_off timer
11-27 01:09:37.349  1011  1189 D ASH     : @ 390629.519: tcs3701: start power rail timer, state:3
11-27 01:09:37.388  1011  1189 I ASH     : @ 390629.559: tcs3701: stop power rail pending_off timer
11-27 01:09:37.388  1011  1189 D ASH     : @ 390629.559: tcs3701: start power rail timer, state:3
11-27 01:09:37.420  2113  2118 I pixel-thermal: skin-therm-monitor: 39.386
11-27 01:09:37.428  1011  1189 I ASH     : @ 390629.599: tcs3701: stop power rail pending_off timer
11-27 01:09:37.428  1011  1189 D ASH     : @ 390629.599: tcs3701: start power rail timer, state:3
11-27 01:09:37.431  8427  8469 I BatteryMgr:DataCollectionService: stats => 1701043777431,10070,4442,2136,4169000,100
11-27 01:09:37.431  8427  8466 I BatteryMgr:DataCollectionService: stats => 1701043777431,10070,4442,2136,4169000,100
11-27 01:09:37.468  1011  1189 I ASH     : @ 390629.639: tcs3701: stop power rail pending_off timer
11-27 01:09:37.468  1011  1189 D ASH     : @ 390629.639: tcs3701: start power rail timer, state:3
11-27 01:09:37.508  1011  1189 I ASH     : @ 390629.679: tcs3701: stop power rail pending_off timer
11-27 01:09:37.508  1011  1189 D ASH     : @ 390629.679: tcs3701: start power rail timer, state:3
11-27 01:09:37.535  1795  4166 D ActivityManager: freezer override set to true
11-27 01:09:37.537  8427  8469 I BatteryMgr:DataCollectionService: stats => 1701043777537,10070,4442,2136,4169000,100
11-27 01:09:37.537  8427  8466 I BatteryMgr:DataCollectionService: stats => 1701043777537,10070,4442,2136,4169000,100
11-27 01:09:37.548  1011  1189 I ASH     : @ 390629.719: tcs3701: stop power rail pending_off timer
11-27 01:09:37.548  1011  1189 D ASH     : @ 390629.719: tcs3701: start power rail timer, state:3
11-27 01:09:37.588  1011  1189 I ASH     : @ 390629.759: tcs3701: stop power rail pending_off timer
11-27 01:09:37.589  1011  1189 D ASH     : @ 390629.759: tcs3701: start power rail timer, state:3
11-27 01:09:37.629  1011  1189 I ASH     : @ 390629.799: tcs3701: stop power rail pending_off timer
11-27 01:09:37.629  1011  1189 D ASH     : @ 390629.799: tcs3701: start power rail timer, state:3
11-27 01:09:37.642 13040 13944 I m.chrome.canary: Explicit concurrent copying GC freed 4052(207KB) AllocSpace objects, 5(100KB) LOS objects, 75% free, 14MB/57MB, paused 38us,24us total 61.548ms
11-27 01:09:37.643  8427  8466 I BatteryMgr:DataCollectionService: stats => 1701043777643,10070,4442,2136,4169000,100
11-27 01:09:37.644  8427  8469 I BatteryMgr:DataCollectionService: stats => 1701043777644,10070,4442,2136,4169000,100
11-27 01:09:37.668  1011  1189 I ASH     : @ 390629.839: tcs3701: stop power rail pending_off timer
11-27 01:09:37.668  1011  1189 D ASH     : @ 390629.839: tcs3701: start power rail timer, state:3
11-27 01:09:37.709  1011  1189 I ASH     : @ 390629.879: tcs3701: stop power rail pending_off timer
11-27 01:09:37.709  1011  1189 D ASH     : @ 390629.879: tcs3701: start power rail timer, state:3
11-27 01:09:37.713  1795  4166 D ActivityManager: freezer override set to false
11-27 01:09:37.749  1011  1189 I ASH     : @ 390629.919: tcs3701: stop power rail pending_off timer
11-27 01:09:37.749  1011  1189 D ASH     : @ 390629.919: tcs3701: start power rail timer, state:3
11-27 01:09:37.749  8427  8466 I BatteryMgr:DataCollectionService: stats => 1701043777749,10070,4442,2136,4169000,100
11-27 01:09:37.751  8427  8469 I BatteryMgr:DataCollectionService: stats => 1701043777751,10070,4442,2136,4169000,100
11-27 01:09:37.759  1795  4166 D ActivityManager: freezer override set to true
11-27 01:09:37.763  1795  4166 D ActivityManager: freezer override set to false
11-27 01:09:37.788  1011  1189 I ASH     : @ 390629.959: tcs3701: stop power rail pending_off timer
11-27 01:09:37.788  1011  1189 D ASH     : @ 390629.959: tcs3701: start power rail timer, state:3
11-27 01:09:37.799  1795  4166 D ActivityManager: freezer override set to true
11-27 01:09:37.802  1795  4166 D ActivityManager: freezer override set to false
11-27 01:09:37.829  1011  1189 I ASH     : @ 390629.999: tcs3701: stop power rail pending_off timer
11-27 01:09:37.829  1011  1189 D ASH     : @ 390629.999: tcs3701: start power rail timer, state:3
11-27 01:09:37.855  8427  8469 I BatteryMgr:DataCollectionService: stats => 1701043777855,10070,4442,2136,4169000,100
11-27 01:09:37.856  8427  8466 I BatteryMgr:DataCollectionService: stats => 1701043777856,10070,4442,2136,4169000,100
11-27 01:09:37.868  1011  1189 I ASH     : @ 390630.039: tcs3701: stop power rail pending_off timer
11-27 01:09:37.869  1011  1189 D ASH     : @ 390630.039: tcs3701: start power rail timer, state:3
11-27 01:09:37.909  1011  1189 I ASH     : @ 390630.079: tcs3701: stop power rail pending_off timer
11-27 01:09:37.909  1011  1189 D ASH     : @ 390630.079: tcs3701: start power rail timer, state:3
11-27 01:09:37.949  1011  1189 I ASH     : @ 390630.119: tcs3701: stop power rail pending_off timer
11-27 01:09:37.949  1011  1189 D ASH     : @ 390630.119: tcs3701: start power rail timer, state:3
11-27 01:09:37.962  8427  8469 I BatteryMgr:DataCollectionService: stats => 1701043777962,10070,4442,2136,4169000,100
11-27 01:09:37.963  8427  8466 I BatteryMgr:DataCollectionService: stats => 1701043777963,10070,4442,2136,4169000,100
11-27 01:09:37.988  1011  1189 I ASH     : @ 390630.159: tcs3701: stop power rail pending_off timer
11-27 01:09:37.988  1011  1189 D ASH     : @ 390630.159: tcs3701: start power rail timer, state:3
11-27 01:09:38.028  1011  1189 I ASH     : @ 390630.199: tcs3701: stop power rail pending_off timer
11-27 01:09:38.029  1011  1189 D ASH     : @ 390630.199: tcs3701: start power rail timer, state:3
11-27 01:09:38.068  1011  1189 I ASH     : @ 390630.239: tcs3701: stop power rail pending_off timer
11-27 01:09:38.068  1011  1189 D ASH     : @ 390630.239: tcs3701: start power rail timer, state:3
11-27 01:09:38.069  8427  8469 I BatteryMgr:DataCollectionService: stats => 1701043778069,10070,4442,2136,4169000,100
11-27 01:09:38.069  8427  8466 I BatteryMgr:DataCollectionService: stats => 1701043778069,10070,4442,2136,4169000,100
11-27 01:09:38.108  1011  1189 I ASH     : @ 390630.279: tcs3701: stop power rail pending_off timer
11-27 01:09:38.109  1011  1189 D ASH     : @ 390630.279: tcs3701: start power rail timer, state:3
11-27 01:09:38.148  1011  1189 I ASH     : @ 390630.319: tcs3701: stop power rail pending_off timer
11-27 01:09:38.149  1011  1189 D ASH     : @ 390630.319: tcs3701: start power rail timer, state:3
11-27 01:09:38.177  8427  8466 I BatteryMgr:DataCollectionService: stats => 1701043778177,10070,4442,2136,4169000,100
11-27 01:09:38.178  8427  8469 I BatteryMgr:DataCollectionService: stats => 1701043778178,10070,4442,2136,4169000,100
11-27 01:09:38.189  1011  1189 I ASH     : @ 390630.359: tcs3701: stop power rail pending_off timer
11-27 01:09:38.189  1011  1189 D ASH     : @ 390630.359: tcs3701: start power rail timer, state:3
11-27 01:09:38.228  1011  1189 I ASH     : @ 390630.398: tcs3701: stop power rail pending_off timer
11-27 01:09:38.228  1011  1189 D ASH     : @ 390630.399: tcs3701: start power rail timer, state:3
11-27 01:09:38.247  1795  4166 D ActivityManager: freezer override set to true
11-27 01:09:38.253  1795  4166 D ActivityManager: freezer override set to false
11-27 01:09:38.269  1011  1189 I ASH     : @ 390630.439: tcs3701: stop power rail pending_off timer
11-27 01:09:38.269  1011  1189 D ASH     : @ 390630.439: tcs3701: start power rail timer, state:3
11-27 01:09:38.286  8427  8469 I BatteryMgr:DataCollectionService: stats => 1701043778286,10070,4442,2136,4169000,100
11-27 01:09:38.286  8427  8466 I BatteryMgr:DataCollectionService: stats => 1701043778286,10070,4442,2136,4169000,100
11-27 01:09:38.308  1011  1189 I ASH     : @ 390630.479: tcs3701: stop power rail pending_off timer
11-27 01:09:38.308  1011  1189 D ASH     : @ 390630.479: tcs3701: start power rail timer, state:3
11-27 01:09:38.348  1011  1189 I ASH     : @ 390630.519: tcs3701: stop power rail pending_off timer
11-27 01:09:38.348  1011  1189 D ASH     : @ 390630.519: tcs3701: start power rail timer, state:3
11-27 01:09:38.388  1011  1189 I ASH     : @ 390630.559: tcs3701: stop power rail pending_off timer
11-27 01:09:38.388  1011  1189 D ASH     : @ 390630.559: tcs3701: start power rail timer, state:3
11-27 01:09:38.392  8427  8469 I BatteryMgr:DataCollectionService: stats => 1701043778392,10070,4442,2136,4169000,100
11-27 01:09:38.393  8427  8466 I BatteryMgr:DataCollectionService: stats => 1701043778393,10070,4442,2136,4169000,100
11-27 01:09:38.428  1011  1189 I ASH     : @ 390630.599: tcs3701: stop power rail pending_off timer
11-27 01:09:38.428  1011  1189 D ASH     : @ 390630.599: tcs3701: start power rail timer, state:3
11-27 01:09:38.468  1011  1189 I ASH     : @ 390630.639: tcs3701: stop power rail pending_off timer
11-27 01:09:38.468  1011  1189 D ASH     : @ 390630.639: tcs3701: start power rail timer, state:3
11-27 01:09:38.501  8427  8466 I BatteryMgr:DataCollectionService: stats => 1701043778501,10070,4442,2136,4169000,100
11-27 01:09:38.502  8427  8469 I BatteryMgr:DataCollectionService: stats => 1701043778502,10070,4442,2136,4169000,100
11-27 01:09:38.508  1011  1189 I ASH     : @ 390630.679: tcs3701: stop power rail pending_off timer
11-27 01:09:38.509  1011  1189 D ASH     : @ 390630.679: tcs3701: start power rail timer, state:3
11-27 01:09:38.548  1011  1189 I ASH     : @ 390630.719: tcs3701: stop power rail pending_off timer
11-27 01:09:38.549  1011  1189 D ASH     : @ 390630.719: tcs3701: start power rail timer, state:3
11-27 01:09:38.589  1011  1189 I ASH     : @ 390630.759: tcs3701: stop power rail pending_off timer
11-27 01:09:38.589  1011  1189 D ASH     : @ 390630.759: tcs3701: start power rail timer, state:3
11-27 01:09:38.605  1795  2424 D WifiNetworkSelector: Current connected network: 12
11-27 01:09:38.605  1795  2424 V WifiConnectivityManager: No partial scan because firmware roaming is supported.
11-27 01:09:38.605  1795  2424 V WifiConnectivityManager: schedulePeriodicScanTimer intervalMs 20000
11-27 01:09:38.610  8427  8466 I BatteryMgr:DataCollectionService: stats => 1701043778610,10070,4442,2136,4169000,100
11-27 01:09:38.611  8427  8469 I BatteryMgr:DataCollectionService: stats => 1701043778611,10070,4442,2136,4169000,100
11-27 01:09:38.629  1011  1189 I ASH     : @ 390630.799: tcs3701: stop power rail pending_off timer
11-27 01:09:38.630  1011  1189 D ASH     : @ 390630.799: tcs3701: start power rail timer, state:3
11-27 01:09:38.668  1011  1189 I ASH     : @ 390630.839: tcs3701: stop power rail pending_off timer
11-27 01:09:38.668  1011  1189 D ASH     : @ 390630.839: tcs3701: start power rail timer, state:3
11-27 01:09:38.708  1011  1189 I ASH     : @ 390630.879: tcs3701: stop power rail pending_off timer
11-27 01:09:38.708  1011  1189 D ASH     : @ 390630.879: tcs3701: start power rail timer, state:3
11-27 01:09:38.718  8427  8469 I BatteryMgr:DataCollectionService: stats => 1701043778718,10070,4442,2136,4169000,100
11-27 01:09:38.718  8427  8466 I BatteryMgr:DataCollectionService: stats => 1701043778718,10070,4442,2136,4169000,100
11-27 01:09:38.748  1011  1189 I ASH     : @ 390630.919: tcs3701: stop power rail pending_off timer
11-27 01:09:38.749  1011  1189 D ASH     : @ 390630.919: tcs3701: start power rail timer, state:3
11-27 01:09:38.789  1011  1189 I ASH     : @ 390630.959: tcs3701: stop power rail pending_off timer
11-27 01:09:38.789  1011  1189 D ASH     : @ 390630.959: tcs3701: start power rail timer, state:3
11-27 01:09:38.826  8427  8469 I BatteryMgr:DataCollectionService: stats => 1701043778826,10070,4442,2136,4169000,100
11-27 01:09:38.826  8427  8466 I BatteryMgr:DataCollectionService: stats => 1701043778826,10070,4442,2136,4169000,100
11-27 01:09:38.829  1011  1189 I ASH     : @ 390630.999: tcs3701: stop power rail pending_off timer
11-27 01:09:38.829  1011  1189 D ASH     : @ 390630.999: tcs3701: start power rail timer, state:3
11-27 01:09:38.868  1011  1189 I ASH     : @ 390631.039: tcs3701: stop power rail pending_off timer
11-27 01:09:38.868  1011  1189 D ASH     : @ 390631.039: tcs3701: start power rail timer, state:3
11-27 01:09:38.909  1011  1189 I ASH     : @ 390631.079: tcs3701: stop power rail pending_off timer
11-27 01:09:38.909  1011  1189 D ASH     : @ 390631.079: tcs3701: start power rail timer, state:3
11-27 01:09:38.934  8427  8466 I BatteryMgr:DataCollectionService: stats => 1701043778934,10070,4442,2136,4169000,100
11-27 01:09:38.937  8427  8469 I BatteryMgr:DataCollectionService: stats => 1701043778937,10070,4442,2136,4169000,100
11-27 01:09:38.949  1011  1189 I ASH     : @ 390631.119: tcs3701: stop power rail pending_off timer
11-27 01:09:38.949  1011  1189 D ASH     : @ 390631.119: tcs3701: start power rail timer, state:3
11-27 01:09:38.960  1795  4162 D ActivityManager: freezer override set to true
11-27 01:09:38.988  1011  1189 I ASH     : @ 390631.159: tcs3701: stop power rail pending_off timer
11-27 01:09:38.988  1011  1189 D ASH     : @ 390631.159: tcs3701: start power rail timer, state:3
11-27 01:09:39.028  1011  1189 I ASH     : @ 390631.199: tcs3701: stop power rail pending_off timer
11-27 01:09:39.029  1011  1189 D ASH     : @ 390631.199: tcs3701: start power rail timer, state:3
11-27 01:09:39.045  8427  8466 I BatteryMgr:DataCollectionService: stats => 1701043779045,10070,4442,2136,4169000,100
11-27 01:09:39.046  8427  8469 I BatteryMgr:DataCollectionService: stats => 1701043779046,10070,4442,2136,4169000,100
11-27 01:09:39.068  1011  1189 I ASH     : @ 390631.239: tcs3701: stop power rail pending_off timer
11-27 01:09:39.068  1011  1189 D ASH     : @ 390631.239: tcs3701: start power rail timer, state:3
11-27 01:09:39.108  1011  1189 I ASH     : @ 390631.279: tcs3701: stop power rail pending_off timer
11-27 01:09:39.108  1011  1189 D ASH     : @ 390631.279: tcs3701: start power rail timer, state:3
11-27 01:09:39.117 13040 13944 I m.chrome.canary: Explicit concurrent copying GC freed 3842(192KB) AllocSpace objects, 4(80KB) LOS objects, 75% free, 14MB/57MB, paused 194us,24us total 111.011ms
11-27 01:09:39.148  1011  1189 I ASH     : @ 390631.319: tcs3701: stop power rail pending_off timer
11-27 01:09:39.149  1011  1189 D ASH     : @ 390631.319: tcs3701: start power rail timer, state:3
11-27 01:09:39.149  8427  8466 I BatteryMgr:DataCollectionService: stats => 1701043779149,10070,4442,2136,4169000,100
11-27 01:09:39.150  8427  8469 I BatteryMgr:DataCollectionService: stats => 1701043779150,10070,4442,2136,4169000,100
11-27 01:09:39.184  1795  4162 D ActivityManager: freezer override set to false
11-27 01:09:39.188  1011  1189 I ASH     : @ 390631.359: tcs3701: stop power rail pending_off timer
11-27 01:09:39.188  1011  1189 D ASH     : @ 390631.359: tcs3701: start power rail timer, state:3
11-27 01:09:39.229  1011  1189 I ASH     : @ 390631.399: tcs3701: stop power rail pending_off timer
11-27 01:09:39.229  1011  1189 D ASH     : @ 390631.399: tcs3701: start power rail timer, state:3
11-27 01:09:39.238  1795  4162 D ActivityManager: freezer override set to true
11-27 01:09:39.242  1795  4162 D ActivityManager: freezer override set to false
11-27 01:09:39.245  1795  4162 D ActivityManager: freezer override set to true
11-27 01:09:39.249  1795  4162 D ActivityManager: freezer override set to false
11-27 01:09:39.254  8427  8469 I BatteryMgr:DataCollectionService: stats => 1701043779254,10070,4442,2136,4169000,100
11-27 01:09:39.255  8427  8466 I BatteryMgr:DataCollectionService: stats => 1701043779255,10070,4442,2136,4169000,100
11-27 01:09:39.268  1011  1189 I ASH     : @ 390631.439: tcs3701: stop power rail pending_off timer
11-27 01:09:39.268  1011  1189 D ASH     : @ 390631.439: tcs3701: start power rail timer, state:3
11-27 01:09:39.274  1795  4162 D ActivityManager: freezer override set to true
11-27 01:09:39.277  1795  4162 D ActivityManager: freezer override set to false
11-27 01:09:39.308  1011  1189 I ASH     : @ 390631.479: tcs3701: stop power rail pending_off timer
11-27 01:09:39.308  1011  1189 D ASH     : @ 390631.479: tcs3701: start power rail timer, state:3
11-27 01:09:39.349  1011  1189 I ASH     : @ 390631.519: tcs3701: stop power rail pending_off timer
11-27 01:09:39.349  1011  1189 D ASH     : @ 390631.519: tcs3701: start power rail timer, state:3
11-27 01:09:39.361  8427  8466 I BatteryMgr:DataCollectionService: stats => 1701043779361,10070,4442,2136,4169000,100
11-27 01:09:39.361  8427  8469 I BatteryMgr:DataCollectionService: stats => 1701043779361,10070,4442,2136,4169000,100
11-27 01:09:39.389  1011  1189 I ASH     : @ 390631.559: tcs3701: stop power rail pending_off timer
11-27 01:09:39.389  1011  1189 D ASH     : @ 390631.559: tcs3701: start power rail timer, state:3
11-27 01:09:39.424  2113  2118 I pixel-thermal: skin-therm-monitor: 39.396
11-27 01:09:39.429  1011  1189 I ASH     : @ 390631.599: tcs3701: stop power rail pending_off timer
11-27 01:09:39.429  1011  1189 D ASH     : @ 390631.599: tcs3701: start power rail timer, state:3
11-27 01:09:39.468  8427  8466 I BatteryMgr:DataCollectionService: stats => 1701043779468,10070,4442,2136,4169000,100
11-27 01:09:39.469  1011  1189 I ASH     : @ 390631.639: tcs3701: stop power rail pending_off timer
11-27 01:09:39.469  1011  1189 D ASH     : @ 390631.639: tcs3701: start power rail timer, state:3
11-27 01:09:39.470  8427  8469 I BatteryMgr:DataCollectionService: stats => 1701043779470,10070,4442,2136,4169000,100
11-27 01:09:39.508  1011  1189 I ASH     : @ 390631.679: tcs3701: stop power rail pending_off timer
11-27 01:09:39.509  1011  1189 D ASH     : @ 390631.679: tcs3701: start power rail timer, state:3
11-27 01:09:39.549  1011  1189 I ASH     : @ 390631.719: tcs3701: stop power rail pending_off timer
11-27 01:09:39.549  1011  1189 D ASH     : @ 390631.719: tcs3701: start power rail timer, state:3
11-27 01:09:39.577  8427  8469 I BatteryMgr:DataCollectionService: stats => 1701043779577,10070,4442,2136,4169000,100
11-27 01:09:39.578  8427  8466 I BatteryMgr:DataCollectionService: stats => 1701043779578,10070,4442,2136,4169000,100
11-27 01:09:39.588  1011  1189 I ASH     : @ 390631.759: tcs3701: stop power rail pending_off timer
11-27 01:09:39.588  1011  1189 D ASH     : @ 390631.759: tcs3701: start power rail timer, state:3
11-27 01:09:39.629  1011  1189 I ASH     : @ 390631.799: tcs3701: stop power rail pending_off timer
11-27 01:09:39.629  1011  1189 D ASH     : @ 390631.799: tcs3701: start power rail timer, state:3
11-27 01:09:39.668  1011  1189 I ASH     : @ 390631.839: tcs3701: stop power rail pending_off timer
11-27 01:09:39.668  1011  1189 D ASH     : @ 390631.839: tcs3701: start power rail timer, state:3
11-27 01:09:39.684  8427  8466 I BatteryMgr:DataCollectionService: stats => 1701043779684,10070,4442,2136,4169000,100
11-27 01:09:39.685  8427  8469 I BatteryMgr:DataCollectionService: stats => 1701043779685,10070,4442,2136,4169000,100
11-27 01:09:39.708  1011  1189 I ASH     : @ 390631.879: tcs3701: stop power rail pending_off timer
11-27 01:09:39.708  1011  1189 D ASH     : @ 390631.879: tcs3701: start power rail timer, state:3
11-27 01:09:39.748  1011  1189 I ASH     : @ 390631.919: tcs3701: stop power rail pending_off timer
11-27 01:09:39.748  1011  1189 D ASH     : @ 390631.919: tcs3701: start power rail timer, state:3
11-27 01:09:39.788  1011  1189 I ASH     : @ 390631.959: tcs3701: stop power rail pending_off timer
11-27 01:09:39.788  1011  1189 D ASH     : @ 390631.959: tcs3701: start power rail timer, state:3
11-27 01:09:39.793  8427  8467 I BatteryMgr:DataCollectionService: stats => 1701043779793,10070,4442,2136,4169000,100
11-27 01:09:39.794  8427  8469 I BatteryMgr:DataCollectionService: stats => 1701043779794,10070,4442,2136,4169000,100
11-27 01:09:39.828  1011  1189 I ASH     : @ 390631.999: tcs3701: stop power rail pending_off timer
11-27 01:09:39.828  1011  1189 D ASH     : @ 390631.999: tcs3701: start power rail timer, state:3
11-27 01:09:39.868  1011  1189 I ASH     : @ 390632.039: tcs3701: stop power rail pending_off timer
11-27 01:09:39.868  1011  1189 D ASH     : @ 390632.039: tcs3701: start power rail timer, state:3
11-27 01:09:39.899  8427  8467 I BatteryMgr:DataCollectionService: stats => 1701043779899,10070,4442,2136,4169000,100
11-27 01:09:39.901  8427  8469 I BatteryMgr:DataCollectionService: stats => 1701043779900,10070,4442,2136,4169000,100
11-27 01:09:39.909  1011  1189 I ASH     : @ 390632.079: tcs3701: stop power rail pending_off timer
11-27 01:09:39.909  1011  1189 D ASH     : @ 390632.079: tcs3701: start power rail timer, state:3
11-27 01:09:39.949  1011  1189 I ASH     : @ 390632.119: tcs3701: stop power rail pending_off timer
11-27 01:09:39.949  1011  1189 D ASH     : @ 390632.119: tcs3701: start power rail timer, state:3
11-27 01:09:39.978  1795  2424 D WifiClientModeImpl[13802:wlan0]: updateLinkLayerStatsRssiSpeedFrequencyCapabilities rssi=-46 TxLinkspeed=866 freq=5240 RxLinkSpeed=866
11-27 01:09:39.979  1795  2424 D WifiDataStall: tx tput in kbps: 729503
11-27 01:09:39.979  1795  2424 D WifiDataStall: rx tput in kbps: 767898
11-27 01:09:39.979  1795  2424 V WifiConfigManager: Updating scan detail cache freq=5240 BSSID=f4:6d:2f:12:cc:88 RSSI=-45 for "ourhome"WPA_PSK
11-27 01:09:39.979  1795  2424 D WifiChannelUtilization:  freq: 5240 onTime: 11267353 busyTime: 1043537 onTimeDiff: 1619497 busyTimeDiff: 187051 utilization: 29 utilization t0: 23
11-27 01:09:39.979  1795  2424 D WifiDataStall:  ccaLevel = 29
11-27 01:09:39.979  1795  2424 D WifiDataStall: L2 txTputKbps: 729503, rxTputKbps: 767898, L3 txTputKbps: 0, rxTputKbps: 0, TxTrafficHigh: false, RxTrafficHigh: false, Throughput Sufficient: true
11-27 01:09:39.979  1795  2424 D WifiScoreReport: Wifi scoring disabled - Don't check IP layer
11-27 01:09:39.979  2673 16647 V WifiManager: OnWifiUsabilityStatsListener: onWifiUsabilityStats: seqNum=101012
11-27 01:09:39.980  1795  2424 D WifiScoreCard: BSSID update SIGNAL_POLL ID: 1320464697 SSID: "ourhome", BSSID: f4:6d:2f:12:cc:88, MAC: b2:2f:ec:da:4a:0c, IP: /192.168.1.104, Security type: 2, Supplicant state: COMPLETED, Wi-Fi standard: 5, RSSI: -46, Link speed: 866Mbps, Tx Link speed: 866Mbps, Max Supported Tx Link speed: 866Mbps, Rx Link speed: 866Mbps, Max Supported Rx Link speed: 866Mbps, Frequency: 5240MHz, Net ID: 12, Metered hint: false, score: 60, isUsable: true, CarrierMerged: false, SubscriptionId: -1, IsPrimary: 1, Trusted: true, Restricted: false, Ephemeral: false, OEM paid: false, OEM private: false, OSU AP: false, FQDN: <none>, Provider friendly name: <none>, Requesting package name: <none>"ourhome"wpa2-pskMLO Information: , Is TID-To-Link negotiation supported by the AP: false, AP MLD Address: <none>, AP MLO Link Id: <none>, AP MLO Affiliated links: <none>
11-27 01:09:39.980  1795  2424 D WifiScoreCard: txRate: 1 txSpeed: 866
11-27 01:09:39.980  1795  2424 D WifiScoreCard: network update SIGNAL_POLL "ourhome" ID: 1499892569 RSSI -46 txSpeed -1
11-27 01:09:39.980  1795  2424 D WifiClientModeImpl[13802:wlan0]:  ClientModeImpl$L2ConnectedState screen=on 37 0 "ourhome" f4:6d:2f:12:cc:88 rssi=-46 f=5240 sc=60 link=866 tx=0.1, 0.0, 0.0 rx=0.0 bcn=3700056 [on:0 tx:0 rx:1 period:3015] from screen [on:1631372 period:31345266] score=60
11-27 01:09:39.980  1795  2262 I WifiService: updateWifiUsabilityScore uid=10180 seqNum=101012 score=100 predictionHorizonSec=1441795
