11-27 01:06:48.788  1011  1189 D ASH     : @ 390460.959: tcs3701: start power rail timer, state:3
11-27 01:06:48.820  8427  8469 I BatteryMgr:DataCollectionService: stats => 1701043608820,10986,4442,2136,4169000,100
11-27 01:06:48.828  1011  1189 I ASH     : @ 390460.999: tcs3701: stop power rail pending_off timer
11-27 01:06:48.828  1011  1189 D ASH     : @ 390460.999: tcs3701: start power rail timer, state:3
11-27 01:06:48.868  1011  1189 I ASH     : @ 390461.039: tcs3701: stop power rail pending_off timer
11-27 01:06:48.868  1011  1189 D ASH     : @ 390461.039: tcs3701: start power rail timer, state:3
11-27 01:06:48.888  8427  8469 I BatteryMgr:DataCollectionService: stats => 1701043608888,10986,4442,2136,4169000,100
11-27 01:06:48.908  1011  1189 I ASH     : @ 390461.079: tcs3701: stop power rail pending_off timer
11-27 01:06:48.908  1011  1189 D ASH     : @ 390461.079: tcs3701: start power rail timer, state:3
11-27 01:06:48.924  8427  8469 I BatteryMgr:DataCollectionService: stats => 1701043608924,10986,4442,2136,4169000,100
11-27 01:06:48.948  1011  1189 I ASH     : @ 390461.119: tcs3701: stop power rail pending_off timer
11-27 01:06:48.948  1011  1189 D ASH     : @ 390461.119: tcs3701: start power rail timer, state:3
11-27 01:06:48.988  1011  1189 I ASH     : @ 390461.159: tcs3701: stop power rail pending_off timer
11-27 01:06:48.988  1011  1189 D ASH     : @ 390461.159: tcs3701: start power rail timer, state:3
11-27 01:06:48.997  8427  8469 I BatteryMgr:DataCollectionService: stats => 1701043608997,10986,4442,2136,4169000,100
11-27 01:06:49.028  8427  8469 I BatteryMgr:DataCollectionService: stats => 1701043609028,10986,4442,2136,4169000,100
11-27 01:06:49.028  1011  1189 I ASH     : @ 390461.199: tcs3701: stop power rail pending_off timer
11-27 01:06:49.028  1011  1189 D ASH     : @ 390461.199: tcs3701: start power rail timer, state:3
11-27 01:06:49.068  1011  1189 I ASH     : @ 390461.239: tcs3701: stop power rail pending_off timer
11-27 01:06:49.068  1011  1189 D ASH     : @ 390461.239: tcs3701: start power rail timer, state:3
11-27 01:06:49.108  1011  1189 I ASH     : @ 390461.279: tcs3701: stop power rail pending_off timer
11-27 01:06:49.108  1011  1189 D ASH     : @ 390461.279: tcs3701: start power rail timer, state:3
11-27 01:06:49.111  8427  8469 I BatteryMgr:DataCollectionService: stats => 1701043609110,10986,4442,2136,4169000,100
11-27 01:06:49.133  8427  8469 I BatteryMgr:DataCollectionService: stats => 1701043609133,10986,4442,2136,4169000,100
11-27 01:06:49.148  1011  1189 I ASH     : @ 390461.319: tcs3701: stop power rail pending_off timer
11-27 01:06:49.148  1011  1189 D ASH     : @ 390461.319: tcs3701: start power rail timer, state:3
11-27 01:06:49.189  1011  1189 I ASH     : @ 390461.359: tcs3701: stop power rail pending_off timer
11-27 01:06:49.189  1011  1189 D ASH     : @ 390461.359: tcs3701: start power rail timer, state:3
11-27 01:06:49.196  9607  9622 I m.chrome.canary: Explicit concurrent copying GC freed 944003(17MB) AllocSpace objects, 2(40KB) LOS objects, 75% free, 21MB/87MB, paused 36us,33us total 257.519ms
11-27 01:06:49.196  9607  9618 I m.chrome.canary: WaitForGcToComplete blocked HeapTrim on Explicit for 161.584ms
11-27 01:06:49.226  8427  8469 I BatteryMgr:DataCollectionService: stats => 1701043609226,10986,4442,2136,4169000,100
11-27 01:06:49.228  1011  1189 I ASH     : @ 390461.399: tcs3701: stop power rail pending_off timer
11-27 01:06:49.228  1011  1189 D ASH     : @ 390461.399: tcs3701: start power rail timer, state:3
11-27 01:06:49.240  8427  8469 I BatteryMgr:DataCollectionService: stats => 1701043609239,10986,4442,2136,4169000,100
11-27 01:06:49.268  1011  1189 I ASH     : @ 390461.439: tcs3701: stop power rail pending_off timer
11-27 01:06:49.268  1011  1189 D ASH     : @ 390461.439: tcs3701: start power rail timer, state:3
11-27 01:06:49.309  1011  1189 I ASH     : @ 390461.479: tcs3701: stop power rail pending_off timer
11-27 01:06:49.309  1011  1189 D ASH     : @ 390461.479: tcs3701: start power rail timer, state:3
11-27 01:06:49.336  1795  4165 D ActivityManager: freezer override set to false
11-27 01:06:49.348  1011  1189 I ASH     : @ 390461.519: tcs3701: stop power rail pending_off timer
11-27 01:06:49.348  1011  1189 D ASH     : @ 390461.519: tcs3701: start power rail timer, state:3
11-27 01:06:49.350  8427  8467 I BatteryMgr:DataCollectionService: stats => 1701043609350,10986,4442,2136,4169000,100
11-27 01:06:49.351  8427  8469 I BatteryMgr:DataCollectionService: stats => 1701043609351,10986,4442,2136,4169000,100
11-27 01:06:49.388  1011  1189 I ASH     : @ 390461.559: tcs3701: stop power rail pending_off timer
11-27 01:06:49.388  1011  1189 D ASH     : @ 390461.559: tcs3701: start power rail timer, state:3
11-27 01:06:49.412  1795  4165 D ActivityManager: freezer override set to true
11-27 01:06:49.427  1795  4165 D ActivityManager: freezer override set to false
11-27 01:06:49.428  1011  1189 I ASH     : @ 390461.599: tcs3701: stop power rail pending_off timer
11-27 01:06:49.428  1011  1189 D ASH     : @ 390461.599: tcs3701: start power rail timer, state:3
11-27 01:06:49.461  8427  8467 I BatteryMgr:DataCollectionService: stats => 1701043609461,10986,4442,2136,4169000,100
11-27 01:06:49.463  8427  8469 I BatteryMgr:DataCollectionService: stats => 1701043609463,10986,4442,2136,4169000,100
11-27 01:06:49.468  1011  1189 I ASH     : @ 390461.639: tcs3701: stop power rail pending_off timer
11-27 01:06:49.468  1011  1189 D ASH     : @ 390461.639: tcs3701: start power rail timer, state:3
11-27 01:06:49.503  1795  4165 D ActivityManager: freezer override set to true
11-27 01:06:49.508  1011  1189 I ASH     : @ 390461.679: tcs3701: stop power rail pending_off timer
11-27 01:06:49.508  1011  1189 D ASH     : @ 390461.679: tcs3701: start power rail timer, state:3
11-27 01:06:49.548  1011  1189 I ASH     : @ 390461.719: tcs3701: stop power rail pending_off timer
11-27 01:06:49.548  1011  1189 D ASH     : @ 390461.719: tcs3701: start power rail timer, state:3
11-27 01:06:49.583  8427  8469 I BatteryMgr:DataCollectionService: stats => 1701043609583,10986,4442,2136,4169000,100
11-27 01:06:49.585  8427  8467 I BatteryMgr:DataCollectionService: stats => 1701043609585,10986,4442,2136,4169000,100
11-27 01:06:49.588  1011  1189 I ASH     : @ 390461.759: tcs3701: stop power rail pending_off timer
11-27 01:06:49.588  1011  1189 D ASH     : @ 390461.759: tcs3701: start power rail timer, state:3
11-27 01:06:49.592  1795  2679 D ActivityManager: freezer override set to false
11-27 01:06:49.628  1011  1189 I ASH     : @ 390461.799: tcs3701: stop power rail pending_off timer
11-27 01:06:49.628  1011  1189 D ASH     : @ 390461.799: tcs3701: start power rail timer, state:3
11-27 01:06:49.668  1011  1189 I ASH     : @ 390461.839: tcs3701: stop power rail pending_off timer
11-27 01:06:49.668  1011  1189 D ASH     : @ 390461.839: tcs3701: start power rail timer, state:3
11-27 01:06:49.701  8427  8467 I BatteryMgr:DataCollectionService: stats => 1701043609701,10986,4442,2136,4169000,100
11-27 01:06:49.704  8427  8469 I BatteryMgr:DataCollectionService: stats => 1701043609704,10986,4442,2136,4169000,100
11-27 01:06:49.709  1011  1189 I ASH     : @ 390461.879: tcs3701: stop power rail pending_off timer
11-27 01:06:49.709  1011  1189 D ASH     : @ 390461.879: tcs3701: start power rail timer, state:3
11-27 01:06:49.748  1011  1189 I ASH     : @ 390461.919: tcs3701: stop power rail pending_off timer
11-27 01:06:49.748  1011  1189 D ASH     : @ 390461.919: tcs3701: start power rail timer, state:3
11-27 01:06:49.763  1795  2679 W JobScheduler: Job didn't exist in JobStore: b97fbe9 #u0a202/1034 com.google.android.apps.photos/com.google.android.libraries.social.mediamonitor.MediaMonitorJobSchedulerService
11-27 01:06:49.788  1011  1189 I ASH     : @ 390461.959: tcs3701: stop power rail pending_off timer
11-27 01:06:49.788  1011  1189 D ASH     : @ 390461.959: tcs3701: start power rail timer, state:3
11-27 01:06:49.808  8427  8467 I BatteryMgr:DataCollectionService: stats => 1701043609808,10986,4442,2136,4169000,100
11-27 01:06:49.809  8427  8469 I BatteryMgr:DataCollectionService: stats => 1701043609809,10986,4442,2136,4169000,100
11-27 01:06:49.828  1011  1189 I ASH     : @ 390461.999: tcs3701: stop power rail pending_off timer
11-27 01:06:49.828  1011  1189 D ASH     : @ 390461.999: tcs3701: start power rail timer, state:3
11-27 01:06:49.868  1011  1189 I ASH     : @ 390462.039: tcs3701: stop power rail pending_off timer
11-27 01:06:49.868  1011  1189 D ASH     : @ 390462.039: tcs3701: start power rail timer, state:3
11-27 01:06:49.873  2113  2118 I pixel-thermal: skin-therm-monitor: 39.028
11-27 01:06:49.874  1795  2679 W UriGrantsManagerService: No permission grants found for com.google.android.apps.photos
11-27 01:06:49.874  1795  2679 W UriGrantsManagerService: No permission grants found for com.google.android.apps.photos
11-27 01:06:49.906  1795  2679 D ActivityManager: freezer override set to true
11-27 01:06:49.908  1011  1189 I ASH     : @ 390462.079: tcs3701: stop power rail pending_off timer
11-27 01:06:49.909  1011  1189 D ASH     : @ 390462.079: tcs3701: start power rail timer, state:3
11-27 01:06:49.913  8427  8467 I BatteryMgr:DataCollectionService: stats => 1701043609913,10986,4442,2136,4169000,100
11-27 01:06:49.913  8427  8469 I BatteryMgr:DataCollectionService: stats => 1701043609913,10986,4442,2136,4169000,100
11-27 01:06:49.948  1011  1189 I ASH     : @ 390462.119: tcs3701: stop power rail pending_off timer
11-27 01:06:49.948  1011  1189 D ASH     : @ 390462.119: tcs3701: start power rail timer, state:3
11-27 01:06:49.988  1011  1189 I ASH     : @ 390462.159: tcs3701: stop power rail pending_off timer
11-27 01:06:49.989  1011  1189 D ASH     : @ 390462.159: tcs3701: start power rail timer, state:3
11-27 01:06:50.021  8427  8467 I BatteryMgr:DataCollectionService: stats => 1701043610021,10986,4442,2136,4169000,100
11-27 01:06:50.021  8427  8469 I BatteryMgr:DataCollectionService: stats => 1701043610021,10986,4442,2136,4169000,100
11-27 01:06:50.028  1011  1189 I ASH     : @ 390462.199: tcs3701: stop power rail pending_off timer
11-27 01:06:50.028  1011  1189 D ASH     : @ 390462.199: tcs3701: start power rail timer, state:3
11-27 01:06:50.069  1011  1189 I ASH     : @ 390462.239: tcs3701: stop power rail pending_off timer
11-27 01:06:50.069  1011  1189 D ASH     : @ 390462.239: tcs3701: start power rail timer, state:3
11-27 01:06:50.096  1795  4165 W UriGrantsManagerService: No permission grants found for com.google.android.apps.photos
11-27 01:06:50.097  1795  4165 W UriGrantsManagerService: No permission grants found for com.google.android.apps.photos
11-27 01:06:50.108  1011  1189 I ASH     : @ 390462.279: tcs3701: stop power rail pending_off timer
11-27 01:06:50.108  1011  1189 D ASH     : @ 390462.279: tcs3701: start power rail timer, state:3
11-27 01:06:50.132  8427  8467 I BatteryMgr:DataCollectionService: stats => 1701043610132,10986,4442,2136,4169000,100
11-27 01:06:50.145  8427  8469 I BatteryMgr:DataCollectionService: stats => 1701043610145,10986,4442,2136,4169000,100
11-27 01:06:50.149  1011  1189 I ASH     : @ 390462.319: tcs3701: stop power rail pending_off timer
11-27 01:06:50.149  1011  1189 D ASH     : @ 390462.319: tcs3701: start power rail timer, state:3
11-27 01:06:50.188  1011  1189 I ASH     : @ 390462.359: tcs3701: stop power rail pending_off timer
11-27 01:06:50.188  1011  1189 D ASH     : @ 390462.359: tcs3701: start power rail timer, state:3
11-27 01:06:50.197  1795  4165 W UriGrantsManagerService: No permission grants found for com.google.android.apps.photos
11-27 01:06:50.197  1795  4165 W UriGrantsManagerService: No permission grants found for com.google.android.apps.photos
11-27 01:06:50.228  1011  1189 I ASH     : @ 390462.399: tcs3701: stop power rail pending_off timer
11-27 01:06:50.228  1011  1189 D ASH     : @ 390462.399: tcs3701: start power rail timer, state:3
11-27 01:06:50.235  9607  9622 I m.chrome.canary: Explicit concurrent copying GC freed 642284(12MB) AllocSpace objects, 9(232KB) LOS objects, 75% free, 14MB/57MB, paused 101us,28us total 187.707ms
11-27 01:06:50.238  8427  8469 I BatteryMgr:DataCollectionService: stats => 1701043610238,10986,4442,2136,4169000,100
11-27 01:06:50.251  8427  8469 I BatteryMgr:DataCollectionService: stats => 1701043610251,10986,4442,2136,4169000,100
11-27 01:06:50.269  1011  1189 I ASH     : @ 390462.439: tcs3701: stop power rail pending_off timer
11-27 01:06:50.269  1011  1189 D ASH     : @ 390462.439: tcs3701: start power rail timer, state:3
11-27 01:06:50.301  1795  2679 D ActivityManager: freezer override set to false
11-27 01:06:50.308  1011  1189 I ASH     : @ 390462.479: tcs3701: stop power rail pending_off timer
11-27 01:06:50.310  1011  1189 D ASH     : @ 390462.479: tcs3701: start power rail timer, state:3
11-27 01:06:50.348  1011  1189 I ASH     : @ 390462.519: tcs3701: stop power rail pending_off timer
11-27 01:06:50.348  1011  1189 D ASH     : @ 390462.519: tcs3701: start power rail timer, state:3
11-27 01:06:50.348  8427  8469 I BatteryMgr:DataCollectionService: stats => 1701043610348,10986,4442,2136,4169000,100
11-27 01:06:50.359  8427  8469 I BatteryMgr:DataCollectionService: stats => 1701043610359,10986,4442,2136,4169000,100
11-27 01:06:50.389  1011  1189 I ASH     : @ 390462.559: tcs3701: stop power rail pending_off timer
11-27 01:06:50.389  1011  1189 D ASH     : @ 390462.559: tcs3701: start power rail timer, state:3
11-27 01:06:50.397  1795  2679 D ActivityManager: freezer override set to true
11-27 01:06:50.406  1795  2679 D ActivityManager: freezer override set to false
11-27 01:06:50.428  1011  1189 I ASH     : @ 390462.599: tcs3701: stop power rail pending_off timer
11-27 01:06:50.428  1011  1189 D ASH     : @ 390462.599: tcs3701: start power rail timer, state:3
11-27 01:06:50.453  1795  2679 D ActivityManager: freezer override set to true
11-27 01:06:50.457  8427  8469 I BatteryMgr:DataCollectionService: stats => 1701043610457,10986,4442,2136,4169000,100
11-27 01:06:50.459  1795  2679 D ActivityManager: freezer override set to false
11-27 01:06:50.464  8427  8469 I BatteryMgr:DataCollectionService: stats => 1701043610464,10986,4442,2136,4169000,100
11-27 01:06:50.471  1011  1189 I ASH     : @ 390462.639: tcs3701: stop power rail pending_off timer
11-27 01:06:50.471  1011  1189 D ASH     : @ 390462.639: tcs3701: start power rail timer, state:3
11-27 01:06:50.508  1011  1189 I ASH     : @ 390462.679: tcs3701: stop power rail pending_off timer
11-27 01:06:50.508  1011  1189 D ASH     : @ 390462.679: tcs3701: start power rail timer, state:3
11-27 01:06:50.539  1795  2679 D ActivityManager: freezer override set to true
11-27 01:06:50.548  1011  1189 I ASH     : @ 390462.719: tcs3701: stop power rail pending_off timer
11-27 01:06:50.548  1011  1189 D ASH     : @ 390462.719: tcs3701: start power rail timer, state:3
11-27 01:06:50.550  1795  2679 D ActivityManager: freezer override set to false
11-27 01:06:50.580  8427  8469 I BatteryMgr:DataCollectionService: stats => 1701043610580,10986,4442,2136,4169000,100
11-27 01:06:50.580  8427  8467 I BatteryMgr:DataCollectionService: stats => 1701043610580,10986,4442,2136,4169000,100
11-27 01:06:50.589  1011  1189 I ASH     : @ 390462.759: tcs3701: stop power rail pending_off timer
11-27 01:06:50.589  1011  1189 D ASH     : @ 390462.759: tcs3701: start power rail timer, state:3
11-27 01:06:50.628  1011  1189 I ASH     : @ 390462.799: tcs3701: stop power rail pending_off timer
11-27 01:06:50.628  1011  1189 D ASH     : @ 390462.799: tcs3701: start power rail timer, state:3
11-27 01:06:50.668  1011  1189 I ASH     : @ 390462.839: tcs3701: stop power rail pending_off timer
11-27 01:06:50.668  1011  1189 D ASH     : @ 390462.839: tcs3701: start power rail timer, state:3
11-27 01:06:50.691  8427  8469 I BatteryMgr:DataCollectionService: stats => 1701043610691,10986,4442,2136,4169000,100
11-27 01:06:50.693  8427  8467 I BatteryMgr:DataCollectionService: stats => 1701043610693,10986,4442,2136,4169000,100
11-27 01:06:50.708  1011  1189 I ASH     : @ 390462.879: tcs3701: stop power rail pending_off timer
11-27 01:06:50.708  1011  1189 D ASH     : @ 390462.879: tcs3701: start power rail timer, state:3
11-27 01:06:50.748  1011  1189 I ASH     : @ 390462.919: tcs3701: stop power rail pending_off timer
11-27 01:06:50.748  1011  1189 D ASH     : @ 390462.919: tcs3701: start power rail timer, state:3
11-27 01:06:50.788  1011  1189 I ASH     : @ 390462.959: tcs3701: stop power rail pending_off timer
11-27 01:06:50.788  1011  1189 D ASH     : @ 390462.959: tcs3701: start power rail timer, state:3
11-27 01:06:50.801  8427  8469 I BatteryMgr:DataCollectionService: stats => 1701043610801,10986,4442,2136,4169000,100
11-27 01:06:50.802  8427  8467 I BatteryMgr:DataCollectionService: stats => 1701043610802,10986,4442,2136,4169000,100
11-27 01:06:50.828  1011  1189 I ASH     : @ 390462.999: tcs3701: stop power rail pending_off timer
11-27 01:06:50.828  1011  1189 D ASH     : @ 390462.999: tcs3701: start power rail timer, state:3
11-27 01:06:50.868  1011  1189 I ASH     : @ 390463.039: tcs3701: stop power rail pending_off timer
11-27 01:06:50.868  1011  1189 D ASH     : @ 390463.039: tcs3701: start power rail timer, state:3
11-27 01:06:50.908  1011  1189 I ASH     : @ 390463.079: tcs3701: stop power rail pending_off timer
11-27 01:06:50.908  1011  1189 D ASH     : @ 390463.079: tcs3701: start power rail timer, state:3
11-27 01:06:50.915  8427  8467 I BatteryMgr:DataCollectionService: stats => 1701043610915,10986,4442,2136,4169000,100
11-27 01:06:50.916  8427  8469 I BatteryMgr:DataCollectionService: stats => 1701043610916,10986,4442,2136,4169000,100
11-27 01:06:50.948  1011  1189 I ASH     : @ 390463.119: tcs3701: stop power rail pending_off timer
11-27 01:06:50.948  1011  1189 D ASH     : @ 390463.119: tcs3701: start power rail timer, state:3
11-27 01:06:50.989  1011  1189 I ASH     : @ 390463.159: tcs3701: stop power rail pending_off timer
11-27 01:06:50.989  1011  1189 D ASH     : @ 390463.159: tcs3701: start power rail timer, state:3
11-27 01:06:51.028  1011  1189 I ASH     : @ 390463.199: tcs3701: stop power rail pending_off timer
11-27 01:06:51.028  1011  1189 D ASH     : @ 390463.199: tcs3701: start power rail timer, state:3
11-27 01:06:51.035  8427  8469 I BatteryMgr:DataCollectionService: stats => 1701043611035,10986,4442,2136,4169000,100
11-27 01:06:51.038  8427  8467 I BatteryMgr:DataCollectionService: stats => 1701043611038,10986,4442,2136,4169000,100
11-27 01:06:51.068  1011  1189 I ASH     : @ 390463.239: tcs3701: stop power rail pending_off timer
11-27 01:06:51.068  1011  1189 D ASH     : @ 390463.239: tcs3701: start power rail timer, state:3
11-27 01:06:51.108  1011  1189 I ASH     : @ 390463.279: tcs3701: stop power rail pending_off timer
11-27 01:06:51.108  1011  1189 D ASH     : @ 390463.279: tcs3701: start power rail timer, state:3
11-27 01:06:51.133  1795  2424 D WifiClientModeImpl[13802:wlan0]: updateLinkLayerStatsRssiSpeedFrequencyCapabilities rssi=-43 TxLinkspeed=400 freq=5240 RxLinkSpeed=6
11-27 01:06:51.136  2782  5906 D QCNEJ/WlanStaInfoRelay: Received action: android.net.wifi.RSSI_CHANGED
11-27 01:06:51.139  1795  2424 D WifiDataStall: tx tput in kbps: 767898
11-27 01:06:51.139  1795  2424 D WifiDataStall: rx tput in kbps: 767898
11-27 01:06:51.139  1795  2424 V WifiConfigManager: Updating scan detail cache freq=5240 BSSID=f4:6d:2f:12:cc:88 RSSI=-43 for "ourhome"WPA_PSK
11-27 01:06:51.139  1795  2424 D WifiChannelUtilization:  freq: 5240 onTime: 11259732 busyTime: 1043217 onTimeDiff: 1611876 busyTimeDiff: 186731 utilization: 29 utilization t0: 23
11-27 01:06:51.139  1795  2424 D WifiDataStall:  ccaLevel = 29
11-27 01:06:51.139  1795  2424 D WifiDataStall: L2 txTputKbps: 336953, rxTputKbps: 767898, L3 txTputKbps: 0, rxTputKbps: 0, TxTrafficHigh: false, RxTrafficHigh: false, Throughput Sufficient: true
11-27 01:06:51.139  2673 16647 V WifiManager: OnWifiUsabilityStatsListener: onWifiUsabilityStats: seqNum=100956
11-27 01:06:51.140  1795  2424 D WifiScoreReport: Wifi scoring disabled - Don't check IP layer
11-27 01:06:51.140  1795  4157 I WifiService: updateWifiUsabilityScore uid=10180 seqNum=100956 score=100 predictionHorizonSec=1441795
11-27 01:06:51.142  1795  2424 D WifiScoreCard: BSSID update SIGNAL_POLL ID: 1320464697 SSID: "ourhome", BSSID: f4:6d:2f:12:cc:88, MAC: b2:2f:ec:da:4a:0c, IP: /192.168.1.104, Security type: 2, Supplicant state: COMPLETED, Wi-Fi standard: 5, RSSI: -43, Link speed: 400Mbps, Tx Link speed: 400Mbps, Max Supported Tx Link speed: 866Mbps, Rx Link speed: 6Mbps, Max Supported Rx Link speed: 866Mbps, Frequency: 5240MHz, Net ID: 12, Metered hint: false, score: 60, isUsable: true, CarrierMerged: false, SubscriptionId: -1, IsPrimary: 1, Trusted: true, Restricted: false, Ephemeral: false, OEM paid: false, OEM private: false, OSU AP: false, FQDN: <none>, Provider friendly name: <none>, Requesting package name: <none>"ourhome"wpa2-pskMLO Information: , Is TID-To-Link negotiation supported by the AP: false, AP MLD Address: <none>, AP MLO Link Id: <none>, AP MLO Affiliated links: <none>
11-27 01:06:51.143  1795  2424 D WifiScoreCard: txRate: 7 txSpeed: 400
11-27 01:06:51.143  1795  2424 D WifiScoreCard: network update SIGNAL_POLL "ourhome" ID: 1499892569 RSSI -43 txSpeed 400
11-27 01:06:51.144  1795  2424 D WifiClientModeImpl[13802:wlan0]:  ClientModeImpl$L2ConnectedState screen=on 37 0 "ourhome" f4:6d:2f:12:cc:88 rssi=-43 f=5240 sc=60 link=400 tx=6.2, 0.4, 0.0 rx=4.0 bcn=3698412 [on:300 tx:0 rx:2 period:3022] from screen [on:1623751 period:31176430] score=60
11-27 01:06:51.144  1795  2424 D WifiScoreReport: Wifi scoring disabled - Notify that Wifi is usable
11-27 01:06:51.147  1795  2432 D ConnectivityService: NetReassign [no changes] [c 0] [a 0] [i 3]
11-27 01:06:51.148  1011  1189 I ASH     : @ 390463.319: tcs3701: stop power rail pending_off timer
11-27 01:06:51.148  1011  1189 D ASH     : @ 390463.319: tcs3701: start power rail timer, state:3
11-27 01:06:51.156  8427  8469 I BatteryMgr:DataCollectionService: stats => 1701043611156,10986,4442,2136,4169000,100
11-27 01:06:51.157  8427  8467 I BatteryMgr:DataCollectionService: stats => 1701043611157,10986,4442,2136,4169000,100
11-27 01:06:51.189  1011  1189 I ASH     : @ 390463.359: tcs3701: stop power rail pending_off timer
11-27 01:06:51.189  1011  1189 D ASH     : @ 390463.359: tcs3701: start power rail timer, state:3
11-27 01:06:51.229  1011  1189 I ASH     : @ 390463.399: tcs3701: stop power rail pending_off timer
11-27 01:06:51.229  1011  1189 D ASH     : @ 390463.399: tcs3701: start power rail timer, state:3
11-27 01:06:51.268  1011  1189 I ASH     : @ 390463.439: tcs3701: stop power rail pending_off timer
11-27 01:06:51.268  1011  1189 D ASH     : @ 390463.439: tcs3701: start power rail timer, state:3
11-27 01:06:51.269  8427  8467 I BatteryMgr:DataCollectionService: stats => 1701043611269,10986,4442,2136,4169000,100
11-27 01:06:51.271  8427  8469 I BatteryMgr:DataCollectionService: stats => 1701043611271,10986,4442,2136,4169000,100
11-27 01:06:51.310  1011  1189 I ASH     : @ 390463.479: tcs3701: stop power rail pending_off timer
11-27 01:06:51.310  1011  1189 D ASH     : @ 390463.479: tcs3701: start power rail timer, state:3
11-27 01:06:51.348  1011  1189 I ASH     : @ 390463.519: tcs3701: stop power rail pending_off timer
11-27 01:06:51.348  1011  1189 D ASH     : @ 390463.519: tcs3701: start power rail timer, state:3
11-27 01:06:51.377  8427  8467 I BatteryMgr:DataCollectionService: stats => 1701043611377,10986,4442,2136,4169000,100
11-27 01:06:51.378  8427  8469 I BatteryMgr:DataCollectionService: stats => 1701043611377,10986,4442,2136,4169000,100
11-27 01:06:51.388  1011  1189 I ASH     : @ 390463.559: tcs3701: stop power rail pending_off timer
11-27 01:06:51.389  1011  1189 D ASH     : @ 390463.559: tcs3701: start power rail timer, state:3
11-27 01:06:51.428  1011  1189 I ASH     : @ 390463.599: tcs3701: stop power rail pending_off timer
11-27 01:06:51.428  1011  1189 D ASH     : @ 390463.599: tcs3701: start power rail timer, state:3
11-27 01:06:51.468  1011  1189 I ASH     : @ 390463.639: tcs3701: stop power rail pending_off timer
11-27 01:06:51.468  1011  1189 D ASH     : @ 390463.639: tcs3701: start power rail timer, state:3
11-27 01:06:51.486  8427  8469 I BatteryMgr:DataCollectionService: stats => 1701043611486,10986,4442,2136,4169000,100
11-27 01:06:51.487  8427  8467 I BatteryMgr:DataCollectionService: stats => 1701043611487,10986,4442,2136,4169000,100
11-27 01:06:51.508  1011  1189 I ASH     : @ 390463.679: tcs3701: stop power rail pending_off timer
11-27 01:06:51.508  1011  1189 D ASH     : @ 390463.679: tcs3701: start power rail timer, state:3
11-27 01:06:51.523  1795  2679 D ActivityManager: freezer override set to true
11-27 01:06:51.533  1795  2679 D ActivityManager: freezer override set to false
11-27 01:06:51.549  1011  1189 I ASH     : @ 390463.719: tcs3701: stop power rail pending_off timer
11-27 01:06:51.549  1011  1189 D ASH     : @ 390463.719: tcs3701: start power rail timer, state:3
11-27 01:06:51.588  1011  1189 I ASH     : @ 390463.759: tcs3701: stop power rail pending_off timer
11-27 01:06:51.588  1011  1189 D ASH     : @ 390463.759: tcs3701: start power rail timer, state:3
11-27 01:06:51.595  8427  8466 I BatteryMgr:DataCollectionService: stats => 1701043611595,10986,4442,2136,4169000,100
11-27 01:06:51.596  8427  8467 I BatteryMgr:DataCollectionService: stats => 1701043611596,10986,4442,2136,4169000,100
11-27 01:06:51.628  1011  1189 I ASH     : @ 390463.799: tcs3701: stop power rail pending_off timer
11-27 01:06:51.629  1011  1189 D ASH     : @ 390463.799: tcs3701: start power rail timer, state:3
11-27 01:06:51.669  1011  1189 I ASH     : @ 390463.839: tcs3701: stop power rail pending_off timer
11-27 01:06:51.669  1011  1189 D ASH     : @ 390463.839: tcs3701: start power rail timer, state:3
11-27 01:06:51.708  8427  8469 I BatteryMgr:DataCollectionService: stats => 1701043611708,10986,4442,2136,4169000,100
11-27 01:06:51.709  1011  1189 I ASH     : @ 390463.879: tcs3701: stop power rail pending_off timer
11-27 01:06:51.709  1011  1189 D ASH     : @ 390463.879: tcs3701: start power rail timer, state:3
11-27 01:06:51.715  8427  8467 I BatteryMgr:DataCollectionService: stats => 1701043611715,10986,4442,2136,4169000,100
11-27 01:06:51.736  1795  2679 D ActivityManager: freezer override set to true
11-27 01:06:51.748  1011  1189 I ASH     : @ 390463.919: tcs3701: stop power rail pending_off timer
11-27 01:06:51.748  1011  1189 D ASH     : @ 390463.919: tcs3701: start power rail timer, state:3
11-27 01:06:51.788  1011  1189 I ASH     : @ 390463.959: tcs3701: stop power rail pending_off timer
11-27 01:06:51.788  1011  1189 D ASH     : @ 390463.959: tcs3701: start power rail timer, state:3
11-27 01:06:51.820  8427  8469 I BatteryMgr:DataCollectionService: stats => 1701043611820,10986,4442,2136,4169000,100
11-27 01:06:51.821  8427  8467 I BatteryMgr:DataCollectionService: stats => 1701043611821,10986,4442,2136,4169000,100
11-27 01:06:51.829  1011  1189 I ASH     : @ 390463.999: tcs3701: stop power rail pending_off timer
11-27 01:06:51.829  1011  1189 D ASH     : @ 390463.999: tcs3701: start power rail timer, state:3
11-27 01:06:51.868  1011  1189 I ASH     : @ 390464.039: tcs3701: stop power rail pending_off timer
11-27 01:06:51.868  1011  1189 D ASH     : @ 390464.039: tcs3701: start power rail timer, state:3
11-27 01:06:51.877  2113  2118 I pixel-thermal: skin-therm-monitor: 39.024
11-27 01:06:51.908  1011  1189 I ASH     : @ 390464.079: tcs3701: stop power rail pending_off timer
11-27 01:06:51.908  1011  1189 D ASH     : @ 390464.079: tcs3701: start power rail timer, state:3
11-27 01:06:51.922  9607  9622 I m.chrome.canary: Explicit concurrent copying GC freed 5515(244KB) AllocSpace objects, 5(100KB) LOS objects, 75% free, 14MB/57MB, paused 33us,26us total 68.071ms
11-27 01:06:51.930  8427  8466 I BatteryMgr:DataCollectionService: stats => 1701043611930,10986,4442,2136,4169000,100
11-27 01:06:51.932  8427  8467 I BatteryMgr:DataCollectionService: stats => 1701043611932,10986,4442,2136,4169000,100
11-27 01:06:51.950  1011  1189 I ASH     : @ 390464.119: tcs3701: stop power rail pending_off timer
11-27 01:06:51.950  1011  1189 D ASH     : @ 390464.119: tcs3701: start power rail timer, state:3
11-27 01:06:51.988  1011  1189 I ASH     : @ 390464.159: tcs3701: stop power rail pending_off timer
11-27 01:06:51.988  1011  1189 D ASH     : @ 390464.159: tcs3701: start power rail timer, state:3
11-27 01:06:51.995  1795  2679 D ActivityManager: freezer override set to false
11-27 01:06:52.028  1011  1189 I ASH     : @ 390464.199: tcs3701: stop power rail pending_off timer
11-27 01:06:52.029  1011  1189 D ASH     : @ 390464.199: tcs3701: start power rail timer, state:3
11-27 01:06:52.047  1795  4165 D ActivityManager: freezer override set to true
11-27 01:06:52.049  8427  8467 I BatteryMgr:DataCollectionService: stats => 1701043612049,10986,4442,2136,4169000,100
11-27 01:06:52.051  8427  8466 I BatteryMgr:DataCollectionService: stats => 1701043612051,10986,4442,2136,4169000,100
11-27 01:06:52.052  1795  4165 D ActivityManager: freezer override set to false
11-27 01:06:52.069  1011  1189 I ASH     : @ 390464.239: tcs3701: stop power rail pending_off timer
11-27 01:06:52.069  1011  1189 D ASH     : @ 390464.239: tcs3701: start power rail timer, state:3
11-27 01:06:52.106  1795  4165 D ActivityManager: freezer override set to true
11-27 01:06:52.108  1795  4165 D ActivityManager: freezer override set to false
11-27 01:06:52.109  1011  1189 I ASH     : @ 390464.279: tcs3701: stop power rail pending_off timer
11-27 01:06:52.109  1011  1189 D ASH     : @ 390464.279: tcs3701: start power rail timer, state:3
11-27 01:06:52.148  1011  1189 I ASH     : @ 390464.319: tcs3701: stop power rail pending_off timer
11-27 01:06:52.148  1011  1189 D ASH     : @ 390464.319: tcs3701: start power rail timer, state:3
11-27 01:06:52.154  8427  8466 I BatteryMgr:DataCollectionService: stats => 1701043612154,10986,4442,2136,4169000,100
11-27 01:06:52.155  8427  8467 I BatteryMgr:DataCollectionService: stats => 1701043612155,10986,4442,2136,4169000,100
11-27 01:06:52.189  1011  1189 I ASH     : @ 390464.359: tcs3701: stop power rail pending_off timer
11-27 01:06:52.189  1011  1189 D ASH     : @ 390464.359: tcs3701: start power rail timer, state:3
11-27 01:06:52.228  1011  1189 I ASH     : @ 390464.399: tcs3701: stop power rail pending_off timer
11-27 01:06:52.228  1011  1189 D ASH     : @ 390464.399: tcs3701: start power rail timer, state:3
11-27 01:06:52.260  8427  8466 I BatteryMgr:DataCollectionService: stats => 1701043612260,10986,4442,2136,4169000,100
11-27 01:06:52.261  8427  8467 I BatteryMgr:DataCollectionService: stats => 1701043612261,10986,4442,2136,4169000,100
11-27 01:06:52.269  1011  1189 I ASH     : @ 390464.439: tcs3701: stop power rail pending_off timer
11-27 01:06:52.269  1011  1189 D ASH     : @ 390464.439: tcs3701: start power rail timer, state:3
11-27 01:06:52.309  1011  1189 I ASH     : @ 390464.479: tcs3701: stop power rail pending_off timer
11-27 01:06:52.309  1011  1189 D ASH     : @ 390464.479: tcs3701: start power rail timer, state:3
11-27 01:06:52.348  1011  1189 I ASH     : @ 390464.519: tcs3701: stop power rail pending_off timer
11-27 01:06:52.348  1011  1189 D ASH     : @ 390464.519: tcs3701: start power rail timer, state:3
11-27 01:06:52.365  8427  8466 I BatteryMgr:DataCollectionService: stats => 1701043612365,10986,4442,2136,4169000,100
11-27 01:06:52.365  8427  8467 I BatteryMgr:DataCollectionService: stats => 1701043612365,10986,4442,2136,4169000,100
11-27 01:06:52.388  1011  1189 I ASH     : @ 390464.559: tcs3701: stop power rail pending_off timer
11-27 01:06:52.389  1011  1189 D ASH     : @ 390464.559: tcs3701: start power rail timer, state:3
11-27 01:06:52.428  1011  1189 I ASH     : @ 390464.599: tcs3701: stop power rail pending_off timer
11-27 01:06:52.428  1011  1189 D ASH     : @ 390464.599: tcs3701: start power rail timer, state:3
11-27 01:06:52.468  1011  1189 I ASH     : @ 390464.639: tcs3701: stop power rail pending_off timer
11-27 01:06:52.468  1011  1189 D ASH     : @ 390464.639: tcs3701: start power rail timer, state:3
11-27 01:06:52.477  8427  8467 I BatteryMgr:DataCollectionService: stats => 1701043612477,10986,4442,2136,4169000,100
11-27 01:06:52.477  8427  8466 I BatteryMgr:DataCollectionService: stats => 1701043612477,10986,4442,2136,4169000,100
11-27 01:06:52.509  1011  1189 I ASH     : @ 390464.679: tcs3701: stop power rail pending_off timer
11-27 01:06:52.509  1011  1189 D ASH     : @ 390464.679: tcs3701: start power rail timer, state:3
11-27 01:06:52.549  1011  1189 I ASH     : @ 390464.719: tcs3701: stop power rail pending_off timer
11-27 01:06:52.549  1011  1189 D ASH     : @ 390464.719: tcs3701: start power rail timer, state:3
11-27 01:06:52.552  1795  4165 D ActivityManager: freezer override set to true
11-27 01:06:52.557  1795  4165 D ActivityManager: freezer override set to false
11-27 01:06:52.588  1011  1189 I ASH     : @ 390464.759: tcs3701: stop power rail pending_off timer
11-27 01:06:52.588  1011  1189 D ASH     : @ 390464.759: tcs3701: start power rail timer, state:3
11-27 01:06:52.593  8427  8467 I BatteryMgr:DataCollectionService: stats => 1701043612593,10986,4442,2136,4169000,100
11-27 01:06:52.595  8427  8466 I BatteryMgr:DataCollectionService: stats => 1701043612595,10986,4442,2136,4169000,100
11-27 01:06:52.628  1011  1189 I ASH     : @ 390464.799: tcs3701: stop power rail pending_off timer
11-27 01:06:52.628  1011  1189 D ASH     : @ 390464.799: tcs3701: start power rail timer, state:3
11-27 01:06:52.640  9607  9668 W chromium: [WARNING:ev_root_ca_metadata.cc(119)] Not implemented
11-27 01:06:52.640  9607  9668 W chromium: [WARNING:ev_root_ca_metadata.cc(119)] Not implemented
11-27 01:06:52.668  1011  1189 I ASH     : @ 390464.839: tcs3701: stop power rail pending_off timer
11-27 01:06:52.668  1011  1189 D ASH     : @ 390464.839: tcs3701: start power rail timer, state:3
11-27 01:06:52.704  8427  8467 I BatteryMgr:DataCollectionService: stats => 1701043612704,10986,4442,2136,4169000,100
11-27 01:06:52.706  8427  8466 I BatteryMgr:DataCollectionService: stats => 1701043612706,10986,4442,2136,4169000,100
11-27 01:06:52.708  1011  1189 I ASH     : @ 390464.879: tcs3701: stop power rail pending_off timer
11-27 01:06:52.708  1011  1189 D ASH     : @ 390464.879: tcs3701: start power rail timer, state:3
11-27 01:06:52.749  1011  1189 I ASH     : @ 390464.919: tcs3701: stop power rail pending_off timer
11-27 01:06:52.749  1011  1189 D ASH     : @ 390464.919: tcs3701: start power rail timer, state:3
11-27 01:06:52.789  1011  1189 I ASH     : @ 390464.959: tcs3701: stop power rail pending_off timer
11-27 01:06:52.789  1011  1189 D ASH     : @ 390464.959: tcs3701: start power rail timer, state:3
11-27 01:06:52.810  8427  8467 I BatteryMgr:DataCollectionService: stats => 1701043612809,10986,4442,2136,4169000,100
11-27 01:06:52.810  8427  8466 I BatteryMgr:DataCollectionService: stats => 1701043612810,10986,4442,2136,4169000,100
11-27 01:06:52.828  1011  1189 I ASH     : @ 390464.999: tcs3701: stop power rail pending_off timer
11-27 01:06:52.828  1011  1189 D ASH     : @ 390464.999: tcs3701: start power rail timer, state:3
11-27 01:06:52.868  1011  1189 I ASH     : @ 390465.039: tcs3701: stop power rail pending_off timer
11-27 01:06:52.868  1011  1189 D ASH     : @ 390465.039: tcs3701: start power rail timer, state:3
11-27 01:06:52.908  1011  1189 I ASH     : @ 390465.079: tcs3701: stop power rail pending_off timer
11-27 01:06:52.908  1011  1189 D ASH     : @ 390465.079: tcs3701: start power rail timer, state:3
11-27 01:06:52.913  8427  8467 I BatteryMgr:DataCollectionService: stats => 1701043612913,10986,4442,2136,4169000,100
11-27 01:06:52.916  8427  8466 I BatteryMgr:DataCollectionService: stats => 1701043612915,10986,4442,2136,4169000,100
11-27 01:06:52.949  1011  1189 I ASH     : @ 390465.119: tcs3701: stop power rail pending_off timer
11-27 01:06:52.949  1011  1189 D ASH     : @ 390465.119: tcs3701: start power rail timer, state:3
11-27 01:06:52.988  1011  1189 I ASH     : @ 390465.159: tcs3701: stop power rail pending_off timer
11-27 01:06:52.988  1011  1189 D ASH     : @ 390465.159: tcs3701: start power rail timer, state:3
11-27 01:06:53.028  8427  8466 I BatteryMgr:DataCollectionService: stats => 1701043613028,10986,4442,2136,4169000,100
11-27 01:06:53.028  1011  1189 I ASH     : @ 390465.199: tcs3701: stop power rail pending_off timer
11-27 01:06:53.028  1011  1189 D ASH     : @ 390465.199: tcs3701: start power rail timer, state:3
11-27 01:06:53.033  8427  8467 I BatteryMgr:DataCollectionService: stats => 1701043613033,10986,4442,2136,4169000,100
11-27 01:06:53.068  1011  1189 I ASH     : @ 390465.239: tcs3701: stop power rail pending_off timer
11-27 01:06:53.068  1011  1189 D ASH     : @ 390465.239: tcs3701: start power rail timer, state:3
11-27 01:06:53.108  1011  1189 I ASH     : @ 390465.279: tcs3701: stop power rail pending_off timer
11-27 01:06:53.108  1011  1189 D ASH     : @ 390465.279: tcs3701: start power rail timer, state:3
11-27 01:06:53.133  8427  8467 I BatteryMgr:DataCollectionService: stats => 1701043613133,10986,4442,2136,4169000,100
11-27 01:06:53.136  8427  8466 I BatteryMgr:DataCollectionService: stats => 1701043613136,10986,4442,2136,4169000,100
11-27 01:06:53.148  1011  1189 I ASH     : @ 390465.319: tcs3701: stop power rail pending_off timer
11-27 01:06:53.148  1011  1189 D ASH     : @ 390465.319: tcs3701: start power rail timer, state:3
11-27 01:06:53.188  1011  1189 I ASH     : @ 390465.359: tcs3701: stop power rail pending_off timer
11-27 01:06:53.188  1011  1189 D ASH     : @ 390465.359: tcs3701: start power rail timer, state:3
11-27 01:06:53.228  1011  1189 I ASH     : @ 390465.399: tcs3701: stop power rail pending_off timer
11-27 01:06:53.228  1011  1189 D ASH     : @ 390465.399: tcs3701: start power rail timer, state:3
11-27 01:06:53.240  8427  8466 I BatteryMgr:DataCollectionService: stats => 1701043613240,10986,4442,2136,4169000,100
11-27 01:06:53.243  1795  4165 D ActivityManager: freezer override set to true
11-27 01:06:53.245  8427  8467 I BatteryMgr:DataCollectionService: stats => 1701043613245,10986,4442,2136,4169000,100
11-27 01:06:53.269  1011  1189 I ASH     : @ 390465.439: tcs3701: stop power rail pending_off timer
11-27 01:06:53.269  1011  1189 D ASH     : @ 390465.439: tcs3701: start power rail timer, state:3
11-27 01:06:53.308  1011  1189 I ASH     : @ 390465.479: tcs3701: stop power rail pending_off timer
11-27 01:06:53.308  1011  1189 D ASH     : @ 390465.479: tcs3701: start power rail timer, state:3
11-27 01:06:53.345  8427  8467 I BatteryMgr:DataCollectionService: stats => 1701043613345,10986,4442,2136,4169000,100
11-27 01:06:53.349  1011  1189 I ASH     : @ 390465.519: tcs3701: stop power rail pending_off timer
11-27 01:06:53.349  1011  1189 D ASH     : @ 390465.519: tcs3701: start power rail timer, state:3
11-27 01:06:53.351  8427  8467 I BatteryMgr:DataCollectionService: stats => 1701043613351,10986,4442,2136,4169000,100
11-27 01:06:53.357  9607  9622 I m.chrome.canary: Explicit concurrent copying GC freed 3862(193KB) AllocSpace objects, 4(80KB) LOS objects, 74% free, 14MB/57MB, paused 134us,24us total 63.031ms
11-27 01:06:53.388  1011  1189 I ASH     : @ 390465.559: tcs3701: stop power rail pending_off timer
11-27 01:06:53.388  1011  1189 D ASH     : @ 390465.559: tcs3701: start power rail timer, state:3
11-27 01:06:53.429  1011  1189 I ASH     : @ 390465.599: tcs3701: stop power rail pending_off timer
11-27 01:06:53.429  1011  1189 D ASH     : @ 390465.599: tcs3701: start power rail timer, state:3
11-27 01:06:53.432  1795  4165 D ActivityManager: freezer override set to false
11-27 01:06:53.451  8427  8467 I BatteryMgr:DataCollectionService: stats => 1701043613451,10986,4442,2136,4169000,100
11-27 01:06:53.456  8427  8467 I BatteryMgr:DataCollectionService: stats => 1701043613456,10986,4442,2136,4169000,100
11-27 01:06:53.468  1011  1189 I ASH     : @ 390465.639: tcs3701: stop power rail pending_off timer
11-27 01:06:53.468  1011  1189 D ASH     : @ 390465.639: tcs3701: start power rail timer, state:3
11-27 01:06:53.475  1795  4165 D ActivityManager: freezer override set to true
11-27 01:06:53.477  1795  4165 D ActivityManager: freezer override set to false
11-27 01:06:53.509  1011  1189 I ASH     : @ 390465.679: tcs3701: stop power rail pending_off timer
11-27 01:06:53.509  1011  1189 D ASH     : @ 390465.679: tcs3701: start power rail timer, state:3
11-27 01:06:53.510  1795  4165 D ActivityManager: freezer override set to true
11-27 01:06:53.517  1795  4165 D ActivityManager: freezer override set to false
11-27 01:06:53.518  1795  4165 D ActivityManager: freezer override set to true
11-27 01:06:53.521  1795  4165 D ActivityManager: freezer override set to false
11-27 01:06:53.548  1011  1189 I ASH     : @ 390465.719: tcs3701: stop power rail pending_off timer
11-27 01:06:53.548  1011  1189 D ASH     : @ 390465.719: tcs3701: start power rail timer, state:3
11-27 01:06:53.557  8427  8467 I BatteryMgr:DataCollectionService: stats => 1701043613557,10986,4442,2136,4169000,100
11-27 01:06:53.561  8427  8466 I BatteryMgr:DataCollectionService: stats => 1701043613560,10986,4442,2136,4169000,100
11-27 01:06:53.588  1011  1189 I ASH     : @ 390465.759: tcs3701: stop power rail pending_off timer
11-27 01:06:53.588  1011  1189 D ASH     : @ 390465.759: tcs3701: start power rail timer, state:3
11-27 01:06:53.628  1011  1189 I ASH     : @ 390465.799: tcs3701: stop power rail pending_off timer
11-27 01:06:53.628  1011  1189 D ASH     : @ 390465.799: tcs3701: start power rail timer, state:3
11-27 01:06:53.665  8427  8466 I BatteryMgr:DataCollectionService: stats => 1701043613664,10986,4442,2136,4169000,100
11-27 01:06:53.668  8427  8467 I BatteryMgr:DataCollectionService: stats => 1701043613667,10986,4442,2136,4169000,100
11-27 01:06:53.668  1011  1189 I ASH     : @ 390465.839: tcs3701: stop power rail pending_off timer
11-27 01:06:53.668  1011  1189 D ASH     : @ 390465.839: tcs3701: start power rail timer, state:3
11-27 01:06:53.708  1011  1189 I ASH     : @ 390465.879: tcs3701: stop power rail pending_off timer
11-27 01:06:53.708  1011  1189 D ASH     : @ 390465.879: tcs3701: start power rail timer, state:3
11-27 01:06:53.749  1011  1189 I ASH     : @ 390465.919: tcs3701: stop power rail pending_off timer
11-27 01:06:53.749  1011  1189 D ASH     : @ 390465.919: tcs3701: start power rail timer, state:3
11-27 01:06:53.769  8427  8467 I BatteryMgr:DataCollectionService: stats => 1701043613769,10986,4442,2136,4169000,100
11-27 01:06:53.771  8427  8466 I BatteryMgr:DataCollectionService: stats => 1701043613771,10986,4442,2136,4169000,100
11-27 01:06:53.788  1011  1189 I ASH     : @ 390465.959: tcs3701: stop power rail pending_off timer
11-27 01:06:53.788  1011  1189 D ASH     : @ 390465.959: tcs3701: start power rail timer, state:3
11-27 01:06:53.829  1011  1189 I ASH     : @ 390465.999: tcs3701: stop power rail pending_off timer
11-27 01:06:53.829  1011  1189 D ASH     : @ 390465.999: tcs3701: start power rail timer, state:3
11-27 01:06:53.868  1011  1189 I ASH     : @ 390466.039: tcs3701: stop power rail pending_off timer
11-27 01:06:53.868  1011  1189 D ASH     : @ 390466.039: tcs3701: start power rail timer, state:3
11-27 01:06:53.873  8427  8466 I BatteryMgr:DataCollectionService: stats => 1701043613873,10986,4442,2136,4169000,100
11-27 01:06:53.876  8427  8467 I BatteryMgr:DataCollectionService: stats => 1701043613876,10986,4442,2136,4169000,100
11-27 01:06:53.880  2113  2118 I pixel-thermal: skin-therm-monitor: 39.001
11-27 01:06:53.908  1011  1189 I ASH     : @ 390466.079: tcs3701: stop power rail pending_off timer
11-27 01:06:53.908  1011  1189 D ASH     : @ 390466.079: tcs3701: start power rail timer, state:3
11-27 01:06:53.949  1011  1189 I ASH     : @ 390466.119: tcs3701: stop power rail pending_off timer
11-27 01:06:53.949  1011  1189 D ASH     : @ 390466.119: tcs3701: start power rail timer, state:3
11-27 01:06:53.979  8427  8467 I BatteryMgr:DataCollectionService: stats => 1701043613979,10986,4442,2136,4169000,100
11-27 01:06:53.981  8427  8466 I BatteryMgr:DataCollectionService: stats => 1701043613981,10986,4442,2136,4169000,100
11-27 01:06:53.988  1011  1189 I ASH     : @ 390466.159: tcs3701: stop power rail pending_off timer
11-27 01:06:53.988  1011  1189 D ASH     : @ 390466.159: tcs3701: start power rail timer, state:3
11-27 01:06:54.029  1011  1189 I ASH     : @ 390466.199: tcs3701: stop power rail pending_off timer
11-27 01:06:54.029  1011  1189 D ASH     : @ 390466.199: tcs3701: start power rail timer, state:3
11-27 01:06:54.068  1011  1189 I ASH     : @ 390466.239: tcs3701: stop power rail pending_off timer
11-27 01:06:54.068  1011  1189 D ASH     : @ 390466.239: tcs3701: start power rail timer, state:3
11-27 01:06:54.085  8427  8466 I BatteryMgr:DataCollectionService: stats => 1701043614085,10986,4442,2136,4169000,100
11-27 01:06:54.086  8427  8467 I BatteryMgr:DataCollectionService: stats => 1701043614086,10986,4442,2136,4169000,100
11-27 01:06:54.108  1011  1189 I ASH     : @ 390466.279: tcs3701: stop power rail pending_off timer
11-27 01:06:54.109  1011  1189 D ASH     : @ 390466.279: tcs3701: start power rail timer, state:3
11-27 01:06:54.148  1011  1189 I ASH     : @ 390466.319: tcs3701: stop power rail pending_off timer
11-27 01:06:54.148  1011  1189 D ASH     : @ 390466.319: tcs3701: start power rail timer, state:3
11-27 01:06:54.155  1795  2424 D WifiClientModeImpl[13802:wlan0]: updateLinkLayerStatsRssiSpeedFrequencyCapabilities rssi=-46 TxLinkspeed=866 freq=5240 RxLinkSpeed=866
11-27 01:06:54.156  1795  2424 D WifiDataStall: tx tput in kbps: 336953
11-27 01:06:54.156  1795  2424 D WifiDataStall: rx tput in kbps: 767898
11-27 01:06:54.156  1795  2424 V WifiConfigManager: Updating scan detail cache freq=5240 BSSID=f4:6d:2f:12:cc:88 RSSI=-44 for "ourhome"WPA_PSK
11-27 01:06:54.156  1795  2424 D WifiChannelUtilization:  freq: 5240 onTime: 11259901 busyTime: 1043222 onTimeDiff: 1612045 busyTimeDiff: 186736 utilization: 29 utilization t0: 23
11-27 01:06:54.156  1795  2424 D WifiDataStall:  ccaLevel = 29
11-27 01:06:54.156  1795  2424 D WifiDataStall: L2 txTputKbps: 737182, rxTputKbps: 767898, L3 txTputKbps: 18, rxTputKbps: 88, TxTrafficHigh: true, RxTrafficHigh: true, Throughput Sufficient: true
11-27 01:06:54.157  1795  2424 D WifiScoreReport: Wifi scoring disabled - Don't check IP layer
11-27 01:06:54.157  2673 16647 V WifiManager: OnWifiUsabilityStatsListener: onWifiUsabilityStats: seqNum=100957
11-27 01:06:54.157  1795  2424 D WifiScoreCard: BSSID update SIGNAL_POLL ID: 1320464697 SSID: "ourhome", BSSID: f4:6d:2f:12:cc:88, MAC: b2:2f:ec:da:4a:0c, IP: /192.168.1.104, Security type: 2, Supplicant state: COMPLETED, Wi-Fi standard: 5, RSSI: -46, Link speed: 866Mbps, Tx Link speed: 866Mbps, Max Supported Tx Link speed: 866Mbps, Rx Link speed: 866Mbps, Max Supported Rx Link speed: 866Mbps, Frequency: 5240MHz, Net ID: 12, Metered hint: false, score: 60, isUsable: true, CarrierMerged: false, SubscriptionId: -1, IsPrimary: 1, Trusted: true, Restricted: false, Ephemeral: false, OEM paid: false, OEM private: false, OSU AP: false, FQDN: <none>, Provider friendly name: <none>, Requesting package name: <none>"ourhome"wpa2-pskMLO Information: , Is TID-To-Link negotiation supported by the AP: false, AP MLD Address: <none>, AP MLO Link Id: <none>, AP MLO Affiliated links: <none>
11-27 01:06:54.157  1795  2424 D WifiScoreCard: txRate: 7 txSpeed: 866
11-27 01:06:54.157  1795  2424 D WifiScoreCard: network update SIGNAL_POLL "ourhome" ID: 1499892569 RSSI -46 txSpeed 866
11-27 01:06:54.157  1795  2424 D WifiClientModeImpl[13802:wlan0]:  ClientModeImpl$L2ConnectedState screen=on 37 0 "ourhome" f4:6d:2f:12:cc:88 rssi=-46 f=5240 sc=60 link=866 tx=6.4, 0.3, 0.0 rx=4.8 bcn=3698442 [on:169 tx:4 rx:1 period:3013] from screen [on:1623920 period:31179443] score=60
11-27 01:06:54.157  2782  5906 D QCNEJ/WlanStaInfoRelay: Received action: android.net.wifi.RSSI_CHANGED
11-27 01:06:54.157  1795  4165 I WifiService: updateWifiUsabilityScore uid=10180 seqNum=100957 score=100 predictionHorizonSec=1441795
11-27 01:06:54.158  1795  2424 D WifiScoreReport: Wifi scoring disabled - Notify that Wifi is usable
11-27 01:06:54.161  1795  2432 D ConnectivityService: NetReassign [no changes] [c 0] [a 0] [i 2]
11-27 01:06:54.188  1011  1189 I ASH     : @ 390466.359: tcs3701: stop power rail pending_off timer
11-27 01:06:54.188  1011  1189 D ASH     : @ 390466.359: tcs3701: start power rail timer, state:3
11-27 01:06:54.191  8427  8467 I BatteryMgr:DataCollectionService: stats => 1701043614191,10986,4442,2136,4169000,100
11-27 01:06:54.192  8427  8466 I BatteryMgr:DataCollectionService: stats => 1701043614191,10986,4442,2136,4169000,100
11-27 01:06:54.228  1011  1189 I ASH     : @ 390466.399: tcs3701: stop power rail pending_off timer
11-27 01:06:54.228  1011  1189 D ASH     : @ 390466.399: tcs3701: start power rail timer, state:3
11-27 01:06:54.268  1011  1189 I ASH     : @ 390466.439: tcs3701: stop power rail pending_off timer
11-27 01:06:54.268  1011  1189 D ASH     : @ 390466.439: tcs3701: start power rail timer, state:3
11-27 01:06:54.297  8427  8466 I BatteryMgr:DataCollectionService: stats => 1701043614297,10986,4442,2136,4169000,100
11-27 01:06:54.297  8427  8467 I BatteryMgr:DataCollectionService: stats => 1701043614297,10986,4442,2136,4169000,100
11-27 01:06:54.309  1011  1189 I ASH     : @ 390466.479: tcs3701: stop power rail pending_off timer
11-27 01:06:54.309  1011  1189 D ASH     : @ 390466.479: tcs3701: start power rail timer, state:3
11-27 01:06:54.348  1011  1189 I ASH     : @ 390466.519: tcs3701: stop power rail pending_off timer
