--------- beginning of main
11-27 01:11:09.334  8427  8466 I BatteryMgr:DataCollectionService: stats => 1701043869334,12817,4442,2136,4169000,100
11-27 01:11:09.349  1011  1189 I ASH     : @ 390721.519: tcs3701: stop power rail pending_off timer
11-27 01:11:09.349  1011  1189 D ASH     : @ 390721.519: tcs3701: start power rail timer, state:3
11-27 01:11:09.389  1011  1189 I ASH     : @ 390721.559: tcs3701: stop power rail pending_off timer
11-27 01:11:09.389  1011  1189 D ASH     : @ 390721.559: tcs3701: start power rail timer, state:3
11-27 01:11:09.429  1011  1189 I ASH     : @ 390721.598: tcs3701: stop power rail pending_off timer
11-27 01:11:09.429  1011  1189 D ASH     : @ 390721.599: tcs3701: start power rail timer, state:3
11-27 01:11:09.440  8427  8466 I BatteryMgr:DataCollectionService: stats => 1701043869440,12817,4442,2136,4169000,100
11-27 01:11:09.468  1011  1189 I ASH     : @ 390721.639: tcs3701: stop power rail pending_off timer
11-27 01:11:09.469  1011  1189 D ASH     : @ 390721.639: tcs3701: start power rail timer, state:3
11-27 01:11:09.494 16453 16453 D AndroidRuntime: >>>>>> START com.android.internal.os.RuntimeInit uid 2000 <<<<<<
11-27 01:11:09.499 16453 16453 I AndroidRuntime: Using default boot image
11-27 01:11:09.499 16453 16453 I AndroidRuntime: Leaving lock profiling enabled
11-27 01:11:09.502 16453 16453 I app_process: Using CollectorTypeCC GC.
11-27 01:11:09.510  1011  1189 I ASH     : @ 390721.679: tcs3701: stop power rail pending_off timer
11-27 01:11:09.511  1011  1189 D ASH     : @ 390721.679: tcs3701: start power rail timer, state:3
11-27 01:11:09.548  8427  8466 I BatteryMgr:DataCollectionService: stats => 1701043869548,12817,4442,2136,4169000,100
11-27 01:11:09.549  1011  1189 I ASH     : @ 390721.718: tcs3701: stop power rail pending_off timer
11-27 01:11:09.549  1011  1189 D ASH     : @ 390721.719: tcs3701: start power rail timer, state:3
11-27 01:11:09.583 16453 16453 D nativeloader: InitDefaultPublicLibraries for_preload=1: libandroid.so:libaaudio.so:libamidi.so:libbinder_ndk.so:libc.so:libcamera2ndk.so:libdl.so:libEGL.so:libGLESv1_CM.so:libGLESv2.so:libGLESv3.so:libicu.so:libicui18n.so:libicuuc.so:libjnigraphics.so:liblog.so:libmediandk.so:libm.so:libnativehelper.so:libnativewindow.so:libOpenMAXAL.so:libOpenSLES.so:libRS.so:libstdc++.so:libsync.so:libvulkan.so:libwebviewchromium_plat_support.so:libz.so
11-27 01:11:09.590  1011  1189 I ASH     : @ 390721.759: tcs3701: stop power rail pending_off timer
11-27 01:11:09.590  1011  1189 D ASH     : @ 390721.759: tcs3701: start power rail timer, state:3
11-27 01:11:09.598 16453 16453 D app_process: Time zone APEX ICU file found: /apex/com.android.tzdata/etc/icu/icu_tzdata.dat
11-27 01:11:09.598 16453 16453 D app_process: I18n APEX ICU file found: /apex/com.android.i18n/etc/icu/icudt70l.dat
11-27 01:11:09.623 16453 16453 D AndroidRuntime: Calling main entry com.android.commands.monkey.Monkey
11-27 01:11:09.624 16453 16453 W Monkey  : args: [-p, com.chrome.canary, 1]
11-27 01:11:09.624 16453 16453 W Monkey  :  arg: "-p"
11-27 01:11:09.624 16453 16453 W Monkey  :  arg: "com.chrome.canary"
11-27 01:11:09.625 16453 16453 W Monkey  :  arg: "1"
11-27 01:11:09.625 16453 16453 W Monkey  : data="com.chrome.canary"
11-27 01:11:09.628  1011  1189 I ASH     : @ 390721.798: tcs3701: stop power rail pending_off timer
11-27 01:11:09.628  1011  1189 D ASH     : @ 390721.799: tcs3701: start power rail timer, state:3
--------- beginning of system
11-27 01:11:09.634  1795  2119 W BroadcastQueue: Skipping deliver [background] BroadcastRecord{859f6bd u-1 android.net.conn.CONNECTIVITY_CHANGE} to ReceiverList{aa9d4b2 16453 (unknown name)/2000/u-1 remote:cbc067}: process gone or crashing
11-27 01:11:09.640  1795  2855 D CompatibilityChangeReporter: Compat change id reported: 161252188; UID 10010; state: DISABLED
11-27 01:11:09.640  1795  2855 I ActivityTaskManager: START u0 {act=android.intent.action.MAIN cat=[android.intent.category.LAUNCHER] flg=0x10200000 cmp=com.chrome.canary/com.google.android.apps.chrome.Main} from uid 2000
11-27 01:11:09.641  1795  2855 D CompatibilityChangeReporter: Compat change id reported: 265464455; UID 10010; state: DISABLED
11-27 01:11:09.641  1795  2855 D CompatibilityChangeReporter: Compat change id reported: 265452344; UID 10010; state: DISABLED
11-27 01:11:09.641  1795  2855 D CompatibilityChangeReporter: Compat change id reported: 266124927; UID 10010; state: DISABLED
11-27 01:11:09.641  1795  2855 D CompatibilityChangeReporter: Compat change id reported: 265451093; UID 10010; state: DISABLED
11-27 01:11:09.641  1795  2855 D CompatibilityChangeReporter: Compat change id reported: 265456536; UID 10010; state: DISABLED
11-27 01:11:09.641  1795  2855 D CompatibilityChangeReporter: Compat change id reported: 255940284; UID 10010; state: DISABLED
11-27 01:11:09.641  1795  2855 D CompatibilityChangeReporter: Compat change id reported: 236283604; UID 10010; state: DISABLED
11-27 01:11:09.641  1795  2855 D CompatibilityChangeReporter: Compat change id reported: 263959004; UID 10010; state: DISABLED
11-27 01:11:09.641  1795  2855 D CompatibilityChangeReporter: Compat change id reported: 264304459; UID 10010; state: DISABLED
11-27 01:11:09.641  1795  2855 D CompatibilityChangeReporter: Compat change id reported: 264301586; UID 10010; state: DISABLED
11-27 01:11:09.641  1795  2855 D CompatibilityChangeReporter: Compat change id reported: 254631730; UID 10010; state: DISABLED
11-27 01:11:09.642  1795  2855 D CompatibilityChangeReporter: Compat change id reported: 273509367; UID 10010; state: DISABLED
11-27 01:11:09.642  1795  2855 D CompatibilityChangeReporter: Compat change id reported: 263259275; UID 10010; state: DISABLED
11-27 01:11:09.642  1795  2855 D CompatibilityChangeReporter: Compat change id reported: 194480991; UID 10010; state: ENABLED
11-27 01:11:09.642  1795  2855 D CompatibilityChangeReporter: Compat change id reported: 174042980; UID 10010; state: DISABLED
11-27 01:11:09.643  1795  2855 D CompatibilityChangeReporter: Compat change id reported: 184838306; UID 10010; state: DISABLED
11-27 01:11:09.643  1795  2855 D CompatibilityChangeReporter: Compat change id reported: 185004937; UID 10010; state: DISABLED
11-27 01:11:09.643  1795  2855 D CompatibilityChangeReporter: Compat change id reported: 181136395; UID 10010; state: DISABLED
11-27 01:11:09.643  1795  2855 D CompatibilityChangeReporter: Compat change id reported: 174042936; UID 10010; state: DISABLED
11-27 01:11:09.644  1795  2855 D CompatibilityChangeReporter: Compat change id reported: 205907456; UID 10010; state: ENABLED
11-27 01:11:09.647  1795  2855 D CompatibilityChangeReporter: Compat change id reported: 194833441; UID 10010; state: ENABLED
11-27 01:11:09.648 16453 16453 I Monkey  : Events injected: 1
11-27 01:11:09.648  1795  2100 D CompatibilityChangeReporter: Compat change id reported: 135634846; UID 10010; state: DISABLED
11-27 01:11:09.649  1795  2120 D CompatibilityChangeReporter: Compat change id reported: 143937733; UID 10010; state: ENABLED
11-27 01:11:09.652  2513  2550 W Parcel  : Expecting binder but got null!
11-27 01:11:09.654  3657  3675 D ForegroundUtils: Foreground UID status:
11-27 01:11:09.654  3657  3675 D ForegroundUtils: UID: 10128 is in foreground: true
11-27 01:11:09.654  3657  3675 D ForegroundUtils: UID: 10158 is in foreground: true
11-27 01:11:09.654  3657  3675 D ForegroundUtils: UID: 10189 is in foreground: false
11-27 01:11:09.655  3657  3675 D ForegroundUtils: UID: 10194 is in foreground: true
11-27 01:11:09.655  3657  3675 D ForegroundUtils: UID: 10206 is in foreground: false
11-27 01:11:09.655  3657  3675 D ForegroundUtils: UID: 10207 is in foreground: true
11-27 01:11:09.655  3657  3675 D ForegroundUtils: UID: 10233 is in foreground: true
11-27 01:11:09.655  3657  3675 D ForegroundUtils: UID: 10244 is in foreground: true
11-27 01:11:09.655  3657  3675 D ForegroundUtils: UID: 10319 is in foreground: true
11-27 01:11:09.655  3657  3675 D ForegroundUtils: UID: 99004 is in foreground: true
11-27 01:11:09.660  2513  2550 E OpenGLRenderer: Unable to match the desired swap behavior.
11-27 01:11:09.660 16453 16453 I Monkey  : ## Network stats: elapsed time=17ms (0ms mobile, 0ms wifi, 17ms not connected)
11-27 01:11:09.661 16453 16453 I app_process: System.exit called, status: 0
11-27 01:11:09.661 16453 16453 I AndroidRuntime: VM exiting with result code 0.
11-27 01:11:09.661  8427  8466 I BatteryMgr:DataCollectionService: stats => 1701043869661,12817,4442,2136,4169000,100
11-27 01:11:09.662   987   987 D Zygote  : Forked child process 16470
11-27 01:11:09.663  1795  2120 I ActivityManager: Start proc 16470:com.chrome.canary/u0a10 for next-top-activity {com.chrome.canary/com.google.android.apps.chrome.Main}
11-27 01:11:09.668  1011  1189 I ASH     : @ 390721.838: tcs3701: stop power rail pending_off timer
11-27 01:11:09.668  1011  1189 D ASH     : @ 390721.839: tcs3701: start power rail timer, state:3
11-27 01:11:09.676 16470 16470 I m.chrome.canary: Using CollectorTypeCC GC.
11-27 01:11:09.682  1383  1442 I adbd    : jdwp connection from 16470
11-27 01:11:09.691 16470 16470 I ActivityThread: Relaunch all activities: onCoreSettingsChange
11-27 01:11:09.692 16470 16470 D CompatibilityChangeReporter: Compat change id reported: 171979766; UID 10010; state: ENABLED
11-27 01:11:09.693  3657  3675 D ForegroundUtils: Foreground UID status:
11-27 01:11:09.693  3657  3675 D ForegroundUtils: UID: 10010 is in foreground: true
11-27 01:11:09.693  3657  3675 D ForegroundUtils: UID: 10128 is in foreground: true
11-27 01:11:09.693  3657  3675 D ForegroundUtils: UID: 10158 is in foreground: true
11-27 01:11:09.693  3657  3675 D ForegroundUtils: UID: 10189 is in foreground: false
11-27 01:11:09.693  3657  3675 D ForegroundUtils: UID: 10194 is in foreground: true
11-27 01:11:09.693  3657  3675 D ForegroundUtils: UID: 10206 is in foreground: false
11-27 01:11:09.693  3657  3675 D ForegroundUtils: UID: 10207 is in foreground: true
11-27 01:11:09.693  3657  3675 D ForegroundUtils: UID: 10233 is in foreground: true
11-27 01:11:09.693  3657  3675 D ForegroundUtils: UID: 10244 is in foreground: true
11-27 01:11:09.693  3657  3675 D ForegroundUtils: UID: 10319 is in foreground: true
11-27 01:11:09.693  3657  3675 D ForegroundUtils: UID: 99004 is in foreground: true
11-27 01:11:09.694 16470 16470 W ziparchive: Unable to open '/data/app/~~xK2KNYhs7Vn18sxJkcMggA==/com.google.android.trichromelibrary.canary_614500033-17M9CAQF6V59_-2q0N8dYA==/base.dm': No such file or directory
11-27 01:11:09.694 16470 16470 W ziparchive: Unable to open '/data/app/~~xK2KNYhs7Vn18sxJkcMggA==/com.google.android.trichromelibrary.canary_614500033-17M9CAQF6V59_-2q0N8dYA==/base.dm': No such file or directory
11-27 01:11:09.695 16470 16470 W m.chrome.canary: Entry not found
11-27 01:11:09.696 16470 16470 D nativeloader: Configuring clns-4 for other apk /data/app/~~xK2KNYhs7Vn18sxJkcMggA==/com.google.android.trichromelibrary.canary_614500033-17M9CAQF6V59_-2q0N8dYA==/base.apk. target_sdk_version=34, uses_libraries=ALL, library_path=/data/app/~~z5-dMYmQLvS-4mWZ9yqnFA==/com.chrome.canary-7Pcck9f8OWCuqG0lIoq4tg==/lib/arm64:/data/app/~~z5-dMYmQLvS-4mWZ9yqnFA==/com.chrome.canary-7Pcck9f8OWCuqG0lIoq4tg==/base.apk!/lib/arm64-v8a:/data/app/~~xK2KNYhs7Vn18sxJkcMggA==/com.google.android.trichromelibrary.canary_614500033-17M9CAQF6V59_-2q0N8dYA==/base.apk!/lib/arm64-v8a, permitted_path=/data:/mnt/expand:/data/user/0/com.chrome.canary
11-27 01:11:09.698 16470 16470 D nativeloader: Configuring clns-5 for other apk /data/app/~~z5-dMYmQLvS-4mWZ9yqnFA==/com.chrome.canary-7Pcck9f8OWCuqG0lIoq4tg==/base.apk. target_sdk_version=34, uses_libraries=, library_path=/data/app/~~z5-dMYmQLvS-4mWZ9yqnFA==/com.chrome.canary-7Pcck9f8OWCuqG0lIoq4tg==/lib/arm64:/data/app/~~z5-dMYmQLvS-4mWZ9yqnFA==/com.chrome.canary-7Pcck9f8OWCuqG0lIoq4tg==/base.apk!/lib/arm64-v8a:/data/app/~~xK2KNYhs7Vn18sxJkcMggA==/com.google.android.trichromelibrary.canary_614500033-17M9CAQF6V59_-2q0N8dYA==/base.apk!/lib/arm64-v8a, permitted_path=/data:/mnt/expand:/data/user/0/com.chrome.canary
11-27 01:11:09.707 16470 16470 V GraphicsEnvironment: ANGLE Developer option for 'com.chrome.canary' set to: 'default'
11-27 01:11:09.707 16470 16470 V GraphicsEnvironment: ANGLE GameManagerService for com.chrome.canary: false
11-27 01:11:09.707 16470 16470 V GraphicsEnvironment: Updatable production driver is not supported on the device.
11-27 01:11:09.709  1011  1189 I ASH     : @ 390721.878: tcs3701: stop power rail pending_off timer
11-27 01:11:09.709 16470 16470 I LoadedApk: No resource references to update in package com.google.android.trichromelibrary.canary
11-27 01:11:09.709 16470 16470 D NetworkSecurityConfig: Using Network Security Config from resource 0_resource_name_obfuscated debugBuild: false
11-27 01:11:09.709  1011  1189 D ASH     : @ 390721.879: tcs3701: start power rail timer, state:3
11-27 01:11:09.709 16470 16470 D NetworkSecurityConfig: Using Network Security Config from resource 0_resource_name_obfuscated debugBuild: false
11-27 01:11:09.710 16470 16470 I cr_SplitCompatApp: Launched version=121.0.6145.0 minSdkVersion=29 isBundle=true processName=com.chrome.canary isIsolated=false
11-27 01:11:09.713 16470 16486 I m.chrome.canary: Failed to add image file: Failed to find OatDexFile for DexFile /data/app/~~dutrJzl_xJkEyCCvIkexCw==/com.chrome.canary-4jcd8srf2WXxld2NC1r69A==/split_chrome.apk (canonical path /data/app/~~dutrJzl_xJkEyCCvIkexCw==/com.chrome.canary-4jcd8srf2WXxld2NC1r69A==/split_chrome.apk) in OatFile /data/app/~~z5-dMYmQLvS-4mWZ9yqnFA==/com.chrome.canary-7Pcck9f8OWCuqG0lIoq4tg==/oat/arm64/split_chrome.odex
11-27 01:11:09.732 16470 16490 I cr_LibraryLoader: Loading monochrome_64 from within /data/app/~~z5-dMYmQLvS-4mWZ9yqnFA==/com.chrome.canary-7Pcck9f8OWCuqG0lIoq4tg==/base.apk
11-27 01:11:09.733  1795  4166 D CompatibilityChangeReporter: Compat change id reported: 161145287; UID 10010; state: DISABLED
11-27 01:11:09.735 16470 16490 I cr_Linker: loadLibraryImplLocked: monochrome_64, relroMode=1
11-27 01:11:09.746 16470 16490 I cr_LibraryLoader: Successfully loaded native library
11-27 01:11:09.746 16470 16490 I cr_CachingUmaRecorder: Flushed 21 samples from 19 histograms, 0 samples were dropped.
11-27 01:11:09.748  1011  1189 I ASH     : @ 390721.918: tcs3701: stop power rail pending_off timer
11-27 01:11:09.748  1011  1189 D ASH     : @ 390721.919: tcs3701: start power rail timer, state:3
11-27 01:11:09.749  3875  3875 I dzhj    : onPause
11-27 01:11:09.752  3604  3604 I hitl    : (REDACTED) received broadcast: %s
11-27 01:11:09.753  3604  4248 I hito    : (REDACTED) received broadcast: %s
11-27 01:11:09.753  3604  4248 I hioo    : (REDACTED) #onConfigUpdate. requester: %s
11-27 01:11:09.754  3604  4265 I hioo    : #onConfigUpdate inside sequencer
11-27 01:11:09.754  3604  4265 I hilg    : (REDACTED) Voice Match (Speaker-id) supported : %b 
11-27 01:11:09.754  3604  4265 I hilg    : (REDACTED) hotword enrollment state is enrolled:  %b, speakerId model exist: %b. Voice Match supported : %b 
11-27 01:11:09.754  3604  4265 I hilg    : (REDACTED) isHotwordAvailable():  %b, isHotwordEnabled() %b 
11-27 01:11:09.755  3604  4265 I hilg    : (REDACTED) isHotwordAvailable():  %b, isHotwordEnabled() %b 
11-27 01:11:09.755  3604  4265 I hilg    : (REDACTED) Hotword enrollment state : %s.
11-27 01:11:09.755  3604  4265 I hilg    : (REDACTED) Voice Match (Speaker-id) supported : %b 
11-27 01:11:09.755  3604  4265 I hilg    : (REDACTED) Voice Match (Speaker-id) supported : %b 
11-27 01:11:09.755  3604  4265 I hilg    : (REDACTED) hotword enrollment state is enrolled:  %b, speakerId model exist: %b, voice match supported : %b
11-27 01:11:09.755  3604  4265 I hilg    : (REDACTED) Hotword isNonVoiceMatchHotwordEnabled: %b, isHotwordAvailable: %b, isHotwordEnabled: %b, isVoiceMatchSupported: %b, isHotwordEnrolled: %b,
11-27 01:11:09.755  3604  4265 I hioo    : (REDACTED) Ignore the legacy hotword request. voice match enabled %b, isHotwordSupported %b, isIncompleteEnrollmentState %b, nonVoiceMatchHotwordEnabled %b
11-27 01:11:09.760 16470 16470 I cr_MultiInstance: Removed invalid instance data. Removed tasks-instance mappings: [Chrome.MultiInstance.TaskMap.0 - 2155] and shared prefs for instances: []
11-27 01:11:09.760 16470 16495 W DynamiteModule: Local module descriptor class for com.google.android.gms.googlecertificates not found.
11-27 01:11:09.760 16470 16470 I cr_MultiInstance: Existing Instance - persisted and unmapped Id allocated: 0
11-27 01:11:09.760 16470 16470 I cr_MultiInstance: Intent action: android.intent.action.MAIN
11-27 01:11:09.760 16470 16470 I cr_MultiInstance: Intent routed via ChromeLauncherActivity: false
11-27 01:11:09.760 16470 16470 I cr_MultiInstance: Activity referrer: android-app://com.android.shell
11-27 01:11:09.760 16470 16470 I cr_MultiInstance: Intent referrer extra: null
11-27 01:11:09.760 16470 16470 I cr_MultiInstance: Intent contains LAUNCHER category: true
11-27 01:11:09.760 16470 16470 I cr_MultiInstance: Intent contains FLAG_ACTIVITY_MULTIPLE_TASK: false
11-27 01:11:09.760 16470 16470 I cr_MultiInstance: Intent contains FLAG_ACTIVITY_NEW_TASK: true
11-27 01:11:09.760 16470 16470 I cr_MultiInstance: Intent component: com.google.android.apps.chrome.Main
11-27 01:11:09.760 16470 16470 I cr_MultiInstance: Window allocation type: 6
11-27 01:11:09.760 16470 16470 I cr_MultiInstance: Window ID allocated: 0
11-27 01:11:09.761 16470 16470 W cr_ActivityDispatcher: CustomTabsIntent#shouldAlwaysUseBrowserUI() = false
11-27 01:11:09.761 16470 16470 D CompatibilityChangeReporter: Compat change id reported: 183155436; UID 10010; state: ENABLED
11-27 01:11:09.767  8427  8466 I BatteryMgr:DataCollectionService: stats => 1701043869767,12817,4442,2136,4169000,100
11-27 01:11:09.769 16470 16470 E m.chrome.canary: Invalid ID 0x00000000.
11-27 01:11:09.769 16470 16495 I DynamiteModule: Considering local module com.google.android.gms.googlecertificates:0 and remote module com.google.android.gms.googlecertificates:7
11-27 01:11:09.769 16470 16495 I DynamiteModule: Selected remote version of com.google.android.gms.googlecertificates, version >= 7
11-27 01:11:09.771 16470 16470 I cr_SplitCompatClassLoader: Splits: null
11-27 01:11:09.773 16470 16495 W System  : ClassLoader referenced unknown path: 
11-27 01:11:09.773 16470 16495 D nativeloader: Configuring clns-6 for other apk . target_sdk_version=34, uses_libraries=, library_path=/data/app/~~kuQRvAzVZuE4Ro2oLuwWdQ==/com.google.android.gms-oAttmqgZrSU_NO_sHK9RSA==/lib/arm64:/data/app/~~kuQRvAzVZuE4Ro2oLuwWdQ==/com.google.android.gms-oAttmqgZrSU_NO_sHK9RSA==/base.apk!/lib/arm64-v8a, permitted_path=/data:/mnt/expand:/data/user/0/com.google.android.gms
11-27 01:11:09.778 16470 16495 W m.chrome.canary: ClassLoaderContext classpath size mismatch. expected=11, found=1 (DLC[];PCL[base.apk*1384061089:base.apk!classes2.dex*331505968:base.apk!classes3.dex*3320764351:base.apk!classes4.dex*3880308672:base.apk!classes5.dex*1836478514:base.apk!classes6.dex*848257671:base.apk!classes7.dex*3473867681:base.apk!classes8.dex*749029414:base.apk!classes9.dex*840096026:base.apk!classes10.dex*4182674386:base.apk!classes11.dex*2847591234]{PCL[/system/framework/org.apache.http.legacy.jar*1601893743]#PCL[/system/framework/com.android.media.remotedisplay.jar*373201995]#PCL[/system/framework/com.android.location.provider.jar*989331188]#PCL[/system/framework/org.apache.http.legacy.jar*1601893743]} | DLC[];PCL[/data/app/~~z5-dMYmQLvS-4mWZ9yqnFA==/com.chrome.canary-7Pcck9f8OWCuqG0lIoq4tg==/split_chrome.apk*961600888];PCL[/data/app/~~z5-dMYmQLvS-4mWZ9yqnFA==/com.chrome.canary-7Pcck9f8OWCuqG0lIoq4tg==/base.apk*878541191]{PCL[]})
11-27 01:11:09.789  1011  1189 I ASH     : @ 390721.958: tcs3701: stop power rail pending_off timer
11-27 01:11:09.789  1011  1189 D ASH     : @ 390721.959: tcs3701: start power rail timer, state:3
11-27 01:11:09.792 16470 16470 W cr_ActivityDispatcher: CustomTabsIntent#shouldAlwaysUseBrowserUI() = false
11-27 01:11:09.799 16470 16470 I cr_CompositorSurfaceMgr: Transitioning to surface with format: -1
11-27 01:11:09.811 16470 16470 D CompatibilityChangeReporter: Compat change id reported: 210923482; UID 10010; state: ENABLED
11-27 01:11:09.828  1011  1189 I ASH     : @ 390721.999: tcs3701: stop power rail pending_off timer
11-27 01:11:09.828  1011  1189 D ASH     : @ 390721.999: tcs3701: start power rail timer, state:3
11-27 01:11:09.837 16470 16470 D CompatibilityChangeReporter: Compat change id reported: 193247900; UID 10010; state: ENABLED
11-27 01:11:09.857 16470 16470 W cr_ActivityDispatcher: CustomTabsIntent#shouldAlwaysUseBrowserUI() = false
11-27 01:11:09.862 16470 16470 D CompatibilityChangeReporter: Compat change id reported: 237531167; UID 10010; state: DISABLED
11-27 01:11:09.868 16470 16505 W Parcel  : Expecting binder but got null!
11-27 01:11:09.868  1011  1189 I ASH     : @ 390722.038: tcs3701: stop power rail pending_off timer
11-27 01:11:09.868  1011  1189 D ASH     : @ 390722.039: tcs3701: start power rail timer, state:3
11-27 01:11:09.871  8427  8466 I BatteryMgr:DataCollectionService: stats => 1701043869871,12817,4442,2136,4169000,100
11-27 01:11:09.874  1795  4166 D CoreBackPreview: Window{485f4b1 u0 com.chrome.canary/com.google.android.apps.chrome.Main}: Setting back callback OnBackInvokedCallbackInfo{mCallback=android.window.IOnBackInvokedCallback$Stub$Proxy@3d92504, mPriority=-1}
11-27 01:11:09.877  1795  2120 D CompatibilityChangeReporter: Compat change id reported: 143937733; UID 10010; state: ENABLED
11-27 01:11:09.878  1795  2120 D CompatibilityChangeReporter: Compat change id reported: 135634846; UID 10010; state: DISABLED
11-27 01:11:09.878  1795  2120 D CompatibilityChangeReporter: Compat change id reported: 207557677; UID 10010; state: ENABLED
11-27 01:11:09.878   987   987 W Zygote  : forkRepeatedly terminated due to non-simple command
11-27 01:11:09.878   987   987 D Zygote  : mbuffer starts with 15, nice name is com.chrome.canary_zygote, mEnd = 410, mNext = 191, mLinesLeft = 6, mFd = 5
11-27 01:11:09.884 16470 16505 I AdrenoGLES-0: QUALCOMM build                   : 4783c89, I46ff5fc46f
11-27 01:11:09.884 16470 16505 I AdrenoGLES-0: Build Date                       : 11/30/20
11-27 01:11:09.884 16470 16505 I AdrenoGLES-0: OpenGL ES Shader Compiler Version: EV031.31.04.01
11-27 01:11:09.884 16470 16505 I AdrenoGLES-0: Local Branch                     : QPR2
11-27 01:11:09.884 16470 16505 I AdrenoGLES-0: Remote Branch                    : 
11-27 01:11:09.884 16470 16505 I AdrenoGLES-0: Remote Branch                    : 
11-27 01:11:09.884 16470 16505 I AdrenoGLES-0: Reconstruct Branch               : 
11-27 01:11:09.884 16470 16505 I AdrenoGLES-0: Build Config                     : S P 10.0.4 AArch64
11-27 01:11:09.884 16470 16505 I AdrenoGLES-0: Driver Path                      : /vendor/lib64/egl/libGLESv2_adreno.so
11-27 01:11:09.885 16470 16470 I cr_StartSurfaceConfig: Recorded Startup.Android.FirstDrawCompletedTime.NoInstant = 119 ms
11-27 01:11:09.888 16470 16505 I AdrenoGLES-0: PFP: 0x016dd093, ME: 0x00000000
11-27 01:11:09.889 16470 16505 W AdrenoUtils: <ReadGpuID_from_sysfs:197>: Failed to open /sys/class/kgsl/kgsl-3d0/gpu_model
11-27 01:11:09.889 16470 16505 W AdrenoUtils: <ReadGpuID:221>: Failed to read chip ID from gpu_model. Fallback to use the GSL path
11-27 01:11:09.893 30340 21869 E ckqk    : Phenotype API error. Event # evhb@d80d8fb1, EventCode: 7 [CONTEXT service_id=51 ]
11-27 01:11:09.893 30340 21869 E ckqk    : ckoo: 29505: No config packages for log source, or config package not registered
11-27 01:11:09.893 30340 21869 E ckqk    : 	at ckrk.b(:com.google.android.gms@234414038@23.44.14 (190400-580326705):79)
11-27 01:11:09.893 30340 21869 E ckqk    : 	at ckrh.h(:com.google.android.gms@234414038@23.44.14 (190400-580326705):3)
11-27 01:11:09.893 30340 21869 E ckqk    : 	at ckqk.g(:com.google.android.gms@234414038@23.44.14 (190400-580326705):18)
11-27 01:11:09.893 30340 21869 E ckqk    : 	at ckqk.f(:com.google.android.gms@234414038@23.44.14 (190400-580326705):11)
11-27 01:11:09.893 30340 21869 E ckqk    : 	at bfmo.fh(:com.google.android.gms@234414038@23.44.14 (190400-580326705):1)
11-27 01:11:09.893 30340 21869 E ckqk    : 	at bfmz.run(:com.google.android.gms@234414038@23.44.14 (190400-580326705):100)
11-27 01:11:09.893 30340 21869 E ckqk    : 	at dvlp.run(:com.google.android.gms@234414038@23.44.14 (190400-580326705):13)
11-27 01:11:09.893 30340 21869 E ckqk    : 	at ajls.c(:com.google.android.gms@234414038@23.44.14 (190400-580326705):50)
11-27 01:11:09.893 30340 21869 E ckqk    : 	at ajls.run(:com.google.android.gms@234414038@23.44.14 (190400-580326705):76)
11-27 01:11:09.893 30340 21869 E ckqk    : 	at java.util.concurrent.ThreadPoolExecutor.runWorker(ThreadPoolExecutor.java:1145)
11-27 01:11:09.893 30340 21869 E ckqk    : 	at java.util.concurrent.ThreadPoolExecutor$Worker.run(ThreadPoolExecutor.java:644)
11-27 01:11:09.893 30340 21869 E ckqk    : 	at ajqx.run(:com.google.android.gms@234414038@23.44.14 (190400-580326705):8)
11-27 01:11:09.893 30340 21869 E ckqk    : 	at java.lang.Thread.run(Thread.java:1012)
11-27 01:11:09.894   987   987 D Zygote  : Forked child process 16515
11-27 01:11:09.894 30340 21869 W AsyncOperation: operation=GetExperimentTokensOperationCall, opStatusCode=29505 [CONTEXT service_id=51 ]
11-27 01:11:09.894 30340 21869 W AsyncOperation: OperationException[Status{statusCode=No config packages for log source, or config package not registered, resolution=null}]
11-27 01:11:09.894 30340 21869 W AsyncOperation: 	at ckqk.g(:com.google.android.gms@234414038@23.44.14 (190400-580326705):48)
11-27 01:11:09.894 30340 21869 W AsyncOperation: 	at ckqk.f(:com.google.android.gms@234414038@23.44.14 (190400-580326705):11)
11-27 01:11:09.894 30340 21869 W AsyncOperation: 	at bfmo.fh(:com.google.android.gms@234414038@23.44.14 (190400-580326705):1)
11-27 01:11:09.894 30340 21869 W AsyncOperation: 	at bfmz.run(:com.google.android.gms@234414038@23.44.14 (190400-580326705):100)
11-27 01:11:09.894 30340 21869 W AsyncOperation: 	at dvlp.run(:com.google.android.gms@234414038@23.44.14 (190400-580326705):13)
11-27 01:11:09.894 30340 21869 W AsyncOperation: 	at ajls.c(:com.google.android.gms@234414038@23.44.14 (190400-580326705):50)
11-27 01:11:09.894 30340 21869 W AsyncOperation: 	at ajls.run(:com.google.android.gms@234414038@23.44.14 (190400-580326705):76)
11-27 01:11:09.894 30340 21869 W AsyncOperation: 	at java.util.concurrent.ThreadPoolExecutor.runWorker(ThreadPoolExecutor.java:1145)
11-27 01:11:09.894 30340 21869 W AsyncOperation: 	at java.util.concurrent.ThreadPoolExecutor$Worker.run(ThreadPoolExecutor.java:644)
11-27 01:11:09.894 30340 21869 W AsyncOperation: 	at ajqx.run(:com.google.android.gms@234414038@23.44.14 (190400-580326705):8)
11-27 01:11:09.894 30340 21869 W AsyncOperation: 	at java.lang.Thread.run(Thread.java:1012)
11-27 01:11:09.896  1795  2120 W ZygoteProcess: Got error connecting to zygote, retrying. msg= Connection refused
11-27 01:11:09.896 16515 16515 I libc    : SetHeapTaggingLevel: tag level set to 0
11-27 01:11:09.898 16515 16515 I e.canary_zygote: Using CollectorTypeCC GC.
11-27 01:11:09.898   648   711 I SDM     : HWCDisplay::GetColorModeCount: Supported color mode count = 3
11-27 01:11:09.898   648   711 I SDM     : HWCDisplay::GetColorModes: Color mode = 0 is supported
11-27 01:11:09.898   648   711 I SDM     : HWCDisplay::GetColorModes: Color mode = 7 is supported
11-27 01:11:09.898   648   711 I SDM     : HWCDisplay::GetColorModes: Color mode = 9 is supported
11-27 01:11:09.899 16470 16505 E OpenGLRenderer: Unable to match the desired swap behavior.
11-27 01:11:09.903   595   595 I servicemanager: Could not find android.hardware.graphics.allocator.IAllocator/default in the VINTF manifest.
11-27 01:11:09.908  1011  1189 I ASH     : @ 390722.078: tcs3701: stop power rail pending_off timer
11-27 01:11:09.908  1011  1189 D ASH     : @ 390722.079: tcs3701: start power rail timer, state:3
11-27 01:11:09.922  1795  2096 I ActivityTaskManager: Displayed com.chrome.canary/com.google.android.apps.chrome.Main: +277ms
11-27 01:11:09.922 16470 16470 I cr_CombinedPProvider: #linkNativeInternal() 0
11-27 01:11:09.922 16470 16470 I cr_PolicyProvider: #setManagerAndSource() 0
11-27 01:11:09.923 16470 16470 I cr_PolicyCacheProvider: #refresh() true
11-27 01:11:09.938 16470 16486 I cr_PartnerCustUma: Partner Customization delegate: 0.
11-27 01:11:09.939  2588  2588 I WallpaperService: engine paused
11-27 01:11:09.940 30340 30340 E AbstractGmsTracer: Traced class shouldn't be obfuscated: ChimeraGetToken [CONTEXT service_id=259 ]
11-27 01:11:09.940 16470 16486 W cr_PartnerCustomize: Partner homepage must be HTTP(S) or NewTabPage. Got invalid URL ""
11-27 01:11:09.942  1011  1011 I sensors-hal: [hal]activate_physical_sensor:251, android.sensor.gyroscope/41 en=0
11-27 01:11:09.947  1795  2120 I AppZygote: Starting application preload.
11-27 01:11:09.949  1011  1189 I ASH     : @ 390722.118: tcs3701: stop power rail pending_off timer
11-27 01:11:09.949  1011  1189 D ASH     : @ 390722.119: tcs3701: start power rail timer, state:3
11-27 01:11:09.950 16515 16515 I AppZygoteInit: Beginning application preload for com.chrome.canary
11-27 01:11:09.949  1011  1011 D Diag_Lib: diag: Diag_LSM_DeInit: invoked for pid: 1011
11-27 01:11:09.950  1011  1011 D Diag_Lib: diag: Diag_LSM_DeInit: done for pid: 1011
11-27 01:11:09.951 16515 16515 W ziparchive: Unable to open '/data/app/~~xK2KNYhs7Vn18sxJkcMggA==/com.google.android.trichromelibrary.canary_614500033-17M9CAQF6V59_-2q0N8dYA==/base.dm': No such file or directory
11-27 01:11:09.951 16515 16515 W ziparchive: Unable to open '/data/app/~~xK2KNYhs7Vn18sxJkcMggA==/com.google.android.trichromelibrary.canary_614500033-17M9CAQF6V59_-2q0N8dYA==/base.dm': No such file or directory
11-27 01:11:09.951 16515 16515 W e.canary_zygote: Entry not found
11-27 01:11:09.952  1011  1011 D Diag_Lib: diag: Diag_LSM_DeInit: invoked for pid: 1011
11-27 01:11:09.952  1011  1011 D Diag_Lib: diag: Diag_LSM_DeInit: done for pid: 1011
11-27 01:11:09.952  1011  1011 I sensors-hal: [hal]activate_physical_sensor:262, android.sensor.gyroscope/41 en=0 completed
11-27 01:11:09.952 16515 16515 D nativeloader: Configuring clns-4 for other apk /data/app/~~xK2KNYhs7Vn18sxJkcMggA==/com.google.android.trichromelibrary.canary_614500033-17M9CAQF6V59_-2q0N8dYA==/base.apk. target_sdk_version=34, uses_libraries=ALL, library_path=/data/app/~~z5-dMYmQLvS-4mWZ9yqnFA==/com.chrome.canary-7Pcck9f8OWCuqG0lIoq4tg==/lib/arm64:/data/app/~~z5-dMYmQLvS-4mWZ9yqnFA==/com.chrome.canary-7Pcck9f8OWCuqG0lIoq4tg==/base.apk!/lib/arm64-v8a:/data/app/~~xK2KNYhs7Vn18sxJkcMggA==/com.google.android.trichromelibrary.canary_614500033-17M9CAQF6V59_-2q0N8dYA==/base.apk!/lib/arm64-v8a, permitted_path=/data:/mnt/expand
11-27 01:11:09.955 16515 16515 D nativeloader: Configuring clns-5 for other apk /data/app/~~z5-dMYmQLvS-4mWZ9yqnFA==/com.chrome.canary-7Pcck9f8OWCuqG0lIoq4tg==/base.apk. target_sdk_version=34, uses_libraries=, library_path=/data/app/~~z5-dMYmQLvS-4mWZ9yqnFA==/com.chrome.canary-7Pcck9f8OWCuqG0lIoq4tg==/lib/arm64:/data/app/~~z5-dMYmQLvS-4mWZ9yqnFA==/com.chrome.canary-7Pcck9f8OWCuqG0lIoq4tg==/base.apk!/lib/arm64-v8a:/data/app/~~xK2KNYhs7Vn18sxJkcMggA==/com.google.android.trichromelibrary.canary_614500033-17M9CAQF6V59_-2q0N8dYA==/base.apk!/lib/arm64-v8a, permitted_path=/data:/mnt/expand
11-27 01:11:09.958 16515 16515 I cr_ZygotePreload: Loaded Zygote. version=121.0.6145.0 minSdkVersion=29 isBundle=true
11-27 01:11:09.961 16515 16515 I cr_LibraryLoader: Loading monochrome_64 from within /data/app/~~z5-dMYmQLvS-4mWZ9yqnFA==/com.chrome.canary-7Pcck9f8OWCuqG0lIoq4tg==/base.apk
11-27 01:11:09.961 16515 16515 I cr_Linker: loadLibraryImplLocked: monochrome_64, relroMode=1
11-27 01:11:09.973  1795  2120 I AppZygote: Application preload done.
11-27 01:11:09.974 16515 16515 I AppZygoteInit: Application preload done
11-27 01:11:09.977  8427  8466 I BatteryMgr:DataCollectionService: stats => 1701043869977,12817,4442,2136,4169000,100
11-27 01:11:09.988  1011  1189 I ASH     : @ 390722.159: tcs3701: stop power rail pending_off timer
11-27 01:11:09.988  1011  1189 D ASH     : @ 390722.159: tcs3701: start power rail timer, state:3
11-27 01:11:09.990 16515 16522 W e.canary_zygote: Reducing the number of considered missed Gc histogram windows from 37289 to 100
11-27 01:11:09.991 16515 16515 I Zygote  : Entering forkRepeatedly native zygote loop
11-27 01:11:10.002 16515 16515 D Zygote  : Forked child process 16542
11-27 01:11:10.004  1795  2120 W ActivityManager: Slow operation: 127ms so far, now at startProcess: returned from zygote!
11-27 01:11:10.004  1795  2120 W ActivityManager: Slow operation: 127ms so far, now at startProcess: done updating battery stats
11-27 01:11:10.004  1795  2120 W ActivityManager: Slow operation: 127ms so far, now at startProcess: building log message
11-27 01:11:10.004  1795  2120 I ActivityManager: Start proc 16542:com.chrome.canary:sandboxed_process0:org.chromium.content.app.SandboxedProcessService0:0/u0ai0 for  {com.chrome.canary/org.chromium.content.app.SandboxedProcessService0:0}
11-27 01:11:10.004  1795  2120 W ActivityManager: Slow operation: 127ms so far, now at startProcess: starting to update pids map
11-27 01:11:10.004  1795  2120 W ActivityManager: Slow operation: 128ms so far, now at startProcess: done updating pids map
11-27 01:11:10.005 16542 16542 E libc    : SetHeapTaggingLevel: re-enabling tagging after it was disabled is not supported
11-27 01:11:10.010 16542 16542 I ocessService0:0: Using CollectorTypeCC GC.
11-27 01:11:10.010 16470 16470 I chromium: [INFO:policy_logger.cc(144)] :components/enterprise/browser/controller/chrome_browser_cloud_management_controller.cc(273) Deferring CBCM Controller Initialization until it is unblocked.
11-27 01:11:10.017   987   987 I Zygote  : Entering forkRepeatedly native zygote loop
11-27 01:11:10.019  1383  1442 I adbd    : jdwp connection from 16542
11-27 01:11:10.029  1011  1189 I ASH     : @ 390722.199: tcs3701: stop power rail pending_off timer
11-27 01:11:10.029  1011  1189 D ASH     : @ 390722.199: tcs3701: start power rail timer, state:3
11-27 01:11:10.030  3657  3675 D ForegroundUtils: Foreground UID status:
11-27 01:11:10.030  3657  3675 D ForegroundUtils: UID: 10010 is in foreground: true
11-27 01:11:10.030  3657  3675 D ForegroundUtils: UID: 10128 is in foreground: true
11-27 01:11:10.030  3657  3675 D ForegroundUtils: UID: 10158 is in foreground: true
11-27 01:11:10.030  3657  3675 D ForegroundUtils: UID: 10189 is in foreground: false
11-27 01:11:10.030  3657  3675 D ForegroundUtils: UID: 10194 is in foreground: true
11-27 01:11:10.030  3657  3675 D ForegroundUtils: UID: 10206 is in foreground: false
11-27 01:11:10.030  3657  3675 D ForegroundUtils: UID: 10207 is in foreground: true
11-27 01:11:10.030  3657  3675 D ForegroundUtils: UID: 10233 is in foreground: true
11-27 01:11:10.030  3657  3675 D ForegroundUtils: UID: 10244 is in foreground: true
11-27 01:11:10.030  3657  3675 D ForegroundUtils: UID: 10319 is in foreground: true
11-27 01:11:10.030  3657  3675 D ForegroundUtils: UID: 90000 is in foreground: true
11-27 01:11:10.030  3657  3675 D ForegroundUtils: UID: 99004 is in foreground: true
11-27 01:11:10.034 16470 16470 I chromium: [INFO:primary_account_manager.cc(681)] Removed account from account tracker service: 100083609849983621492
11-27 01:11:10.040   987   987 D Zygote  : Forked child process 16556
11-27 01:11:10.041  1795  2120 I ActivityManager: Start proc 16556:com.chrome.canary:privileged_process0/u0a10 for service {com.chrome.canary/org.chromium.content.app.PrivilegedProcessService0}
11-27 01:11:10.042 16542 16542 I ActivityThread: Relaunch all activities: onCoreSettingsChange
11-27 01:11:10.043 16542 16542 D CompatibilityChangeReporter: Compat change id reported: 171979766; UID 90000; state: ENABLED
11-27 01:11:10.056 16556 16556 I ileged_process0: Using CollectorTypeCC GC.
11-27 01:11:10.059 16470 16470 I cr_SmsProviderGms: construction successfull TM3@d8ef629, QM3@b85b74f
11-27 01:11:10.061 16542 16542 I LoadedApk: No resource references to update in package com.google.android.trichromelibrary.canary
11-27 01:11:10.062 16542 16542 D NetworkSecurityConfig: Using Network Security Config from resource 0_resource_name_obfuscated debugBuild: false
11-27 01:11:10.063 16542 16542 D NetworkSecurityConfig: Using Network Security Config from resource 0_resource_name_obfuscated debugBuild: false
11-27 01:11:10.063  1383  1442 I adbd    : jdwp connection from 16556
11-27 01:11:10.064 16542 16542 I cr_SplitCompatApp: Launched version=121.0.6145.0 minSdkVersion=29 isBundle=true processName=com.chrome.canary:sandboxed_process0:org.chromium.content.app.SandboxedProcessService0:0 isIsolated=true
11-27 01:11:10.067  2113  2118 I pixel-thermal: skin-therm-monitor: 39.352
11-27 01:11:10.068  1011  1189 I ASH     : @ 390722.239: tcs3701: stop power rail pending_off timer
11-27 01:11:10.068  1011  1189 D ASH     : @ 390722.239: tcs3701: start power rail timer, state:3
11-27 01:11:10.071 16542 16542 W SystemServiceRegistry: No service published for: uimode
11-27 01:11:10.077 16542 16542 I cr_ChildProcessService: Creating new ChildProcessService pid=16542
11-27 01:11:10.078 16556 16556 I ActivityThread: Relaunch all activities: onCoreSettingsChange
11-27 01:11:10.078 16556 16556 D CompatibilityChangeReporter: Compat change id reported: 171979766; UID 10010; state: ENABLED
11-27 01:11:10.086 16556 16556 W ziparchive: Unable to open '/data/app/~~xK2KNYhs7Vn18sxJkcMggA==/com.google.android.trichromelibrary.canary_614500033-17M9CAQF6V59_-2q0N8dYA==/base.dm': No such file or directory
11-27 01:11:10.086 16556 16556 W ziparchive: Unable to open '/data/app/~~xK2KNYhs7Vn18sxJkcMggA==/com.google.android.trichromelibrary.canary_614500033-17M9CAQF6V59_-2q0N8dYA==/base.dm': No such file or directory
11-27 01:11:10.086  1795  4166 D ConnectivityService: requestNetwork for uid/pid:10010/16470 activeRequest: null callbackRequest: 11168 [NetworkRequest [ REQUEST id=11169, [ Capabilities: INTERNET&NOT_RESTRICTED&TRUSTED&NOT_VCN_MANAGED Uid: 10010 RequestorUid: 10010 RequestorPkg: com.chrome.canary UnderlyingNetworks: Null] ]] callback flags: 0 order: 2147483647
11-27 01:11:10.087 16556 16556 W ileged_process0: Entry not found
11-27 01:11:10.088  1795  2424 D WifiNetworkFactory: got request NetworkRequest [ REQUEST id=11169, [ Capabilities: INTERNET&NOT_RESTRICTED&TRUSTED&NOT_VCN_MANAGED Uid: 10010 RequestorUid: 10010 RequestorPkg: com.chrome.canary UnderlyingNetworks: Null] ]
11-27 01:11:10.088 16556 16556 D nativeloader: Configuring clns-4 for other apk /data/app/~~xK2KNYhs7Vn18sxJkcMggA==/com.google.android.trichromelibrary.canary_614500033-17M9CAQF6V59_-2q0N8dYA==/base.apk. target_sdk_version=34, uses_libraries=ALL, library_path=/data/app/~~z5-dMYmQLvS-4mWZ9yqnFA==/com.chrome.canary-7Pcck9f8OWCuqG0lIoq4tg==/lib/arm64:/data/app/~~z5-dMYmQLvS-4mWZ9yqnFA==/com.chrome.canary-7Pcck9f8OWCuqG0lIoq4tg==/base.apk!/lib/arm64-v8a:/data/app/~~xK2KNYhs7Vn18sxJkcMggA==/com.google.android.trichromelibrary.canary_614500033-17M9CAQF6V59_-2q0N8dYA==/base.apk!/lib/arm64-v8a, permitted_path=/data:/mnt/expand:/data/user/0/com.chrome.canary
11-27 01:11:10.088  1795  2424 V WifiNetworkFactory: Accepted network request NetworkRequest [ REQUEST id=11169, [ Capabilities: INTERNET&NOT_RESTRICTED&TRUSTED&NOT_VCN_MANAGED Uid: 10010 RequestorUid: 10010 RequestorPkg: com.chrome.canary UnderlyingNetworks: Null] ]
11-27 01:11:10.088  1795  2424 D UntrustedWifiNetworkFactory: got request NetworkRequest [ REQUEST id=11169, [ Capabilities: INTERNET&NOT_RESTRICTED&TRUSTED&NOT_VCN_MANAGED Uid: 10010 RequestorUid: 10010 RequestorPkg: com.chrome.canary UnderlyingNetworks: Null] ]
11-27 01:11:10.089  1795  2424 D OemPaidWifiNetworkFactory: got request NetworkRequest [ REQUEST id=11169, [ Capabilities: INTERNET&NOT_RESTRICTED&TRUSTED&NOT_VCN_MANAGED Uid: 10010 RequestorUid: 10010 RequestorPkg: com.chrome.canary UnderlyingNetworks: Null] ]
11-27 01:11:10.089  1795  2432 D ConnectivityService: NetReassign [11169 : null → 100] [c 0] [a 1] [i 1]
11-27 01:11:10.089  1795  2424 D MultiInternetWifiNetworkFactory: got request NetworkRequest [ REQUEST id=11169, [ Capabilities: INTERNET&NOT_RESTRICTED&TRUSTED&NOT_VCN_MANAGED Uid: 10010 RequestorUid: 10010 RequestorPkg: com.chrome.canary UnderlyingNetworks: Null] ]
11-27 01:11:10.092  1795  2432 D ConnectivityService: NetReassign [no changes] [c 0] [a 1] [i 2]
11-27 01:11:10.093 16556 16556 D nativeloader: Configuring clns-5 for other apk /data/app/~~z5-dMYmQLvS-4mWZ9yqnFA==/com.chrome.canary-7Pcck9f8OWCuqG0lIoq4tg==/base.apk. target_sdk_version=34, uses_libraries=, library_path=/data/app/~~z5-dMYmQLvS-4mWZ9yqnFA==/com.chrome.canary-7Pcck9f8OWCuqG0lIoq4tg==/lib/arm64:/data/app/~~z5-dMYmQLvS-4mWZ9yqnFA==/com.chrome.canary-7Pcck9f8OWCuqG0lIoq4tg==/base.apk!/lib/arm64-v8a:/data/app/~~xK2KNYhs7Vn18sxJkcMggA==/com.google.android.trichromelibrary.canary_614500033-17M9CAQF6V59_-2q0N8dYA==/base.apk!/lib/arm64-v8a, permitted_path=/data:/mnt/expand:/data/user/0/com.chrome.canary
11-27 01:11:10.097  8427  8466 I BatteryMgr:DataCollectionService: stats => 1701043870097,12817,4442,2136,4169000,100
11-27 01:11:10.102 16556 16556 V GraphicsEnvironment: ANGLE Developer option for 'com.chrome.canary' set to: 'default'
11-27 01:11:10.103 16556 16556 V GraphicsEnvironment: ANGLE GameManagerService for com.chrome.canary: false
11-27 01:11:10.103 16556 16556 V GraphicsEnvironment: Updatable production driver is not supported on the device.
11-27 01:11:10.105 16556 16556 I LoadedApk: No resource references to update in package com.google.android.trichromelibrary.canary
11-27 01:11:10.105 16556 16556 D NetworkSecurityConfig: Using Network Security Config from resource 0_resource_name_obfuscated debugBuild: false
11-27 01:11:10.105 16556 16556 D NetworkSecurityConfig: Using Network Security Config from resource 0_resource_name_obfuscated debugBuild: false
11-27 01:11:10.106 16556 16556 I cr_SplitCompatApp: Launched version=121.0.6145.0 minSdkVersion=29 isBundle=true processName=com.chrome.canary:privileged_process0 isIsolated=false
11-27 01:11:10.108  1011  1189 I ASH     : @ 390722.279: tcs3701: stop power rail pending_off timer
11-27 01:11:10.108  1011  1189 D ASH     : @ 390722.279: tcs3701: start power rail timer, state:3
11-27 01:11:10.112 16556 16556 I cr_ChildProcessService: Creating new ChildProcessService pid=16556
11-27 01:11:10.117 16470 16535 W chromium: [WARNING:ev_root_ca_metadata.cc(119)] Not implemented
11-27 01:11:10.117 16470 16535 W chromium: [WARNING:ev_root_ca_metadata.cc(119)] Not implemented
11-27 01:11:10.120 16470 16530 I tflite  : Initialized TensorFlow Lite runtime.
11-27 01:11:10.120 16470 16530 W libc    : Access denied finding property "ro.mediatek.platform"
11-27 01:11:10.120 16470 16530 W libc    : Access denied finding property "ro.chipname"
11-27 01:11:10.120 16470 16530 W libc    : Access denied finding property "ro.hardware.chipname"
11-27 01:11:10.121 16470 16470 I cr_EnterpriseInfoImpl: #setCacheResult() deviceOwned:false profileOwned:false
11-27 01:11:10.121 16556 16579 E cr_ChromiumAndroidLinker: ReserveAddressWithHint: Address range starting at 0x6fec04d000 was not free to use
11-27 01:11:10.121 16470 16470 I cr_EnterpriseInfo: #getManagedStateForNative() FQ0@994cc22
11-27 01:11:10.121 16556 16579 I cr_LibraryLoader: Loading monochrome_64 from within /data/app/~~z5-dMYmQLvS-4mWZ9yqnFA==/com.chrome.canary-7Pcck9f8OWCuqG0lIoq4tg==/base.apk
11-27 01:11:10.121 16556 16579 I cr_Linker: loadLibraryImplLocked: monochrome_64, relroMode=2
11-27 01:11:10.127  1795  3807 D CompatibilityChangeReporter: Compat change id reported: 182734110; UID 10010; state: ENABLED
11-27 01:11:10.127  1795  4166 D CompatibilityChangeReporter: Compat change id reported: 149924527; UID 10010; state: ENABLED
11-27 01:11:10.127  1795  4166 D CompatibilityChangeReporter: Compat change id reported: 132649864; UID 10010; state: DISABLED
11-27 01:11:10.133 16556 16579 E cr_ChromiumAndroidLinker: RelroIsIdentical: Incoming RELRO size does not match RELRO of the loaded library
11-27 01:11:10.133 16556 16579 E cr_ChromiumAndroidLinker: CompareRelroAndReplaceItBy: RELRO is not identical
11-27 01:11:10.138 16556 16579 I cr_LibraryLoader: Successfully loaded native library
11-27 01:11:10.139 16556 16579 I cr_CachingUmaRecorder: Flushed 4 samples from 4 histograms, 0 samples were dropped.
11-27 01:11:10.141 16470 16533 W chromium: [WARNING:ev_root_ca_metadata.cc(119)] Not implemented
11-27 01:11:10.141 16470 16533 W chromium: [WARNING:ev_root_ca_metadata.cc(119)] Not implemented
11-27 01:11:10.144  1795  2855 D ConnectivityService: requestNetwork for uid/pid:10010/16470 activeRequest: null callbackRequest: 11171 [NetworkRequest [ REQUEST id=11172, [ Capabilities: INTERNET&NOT_RESTRICTED&TRUSTED&NOT_VCN_MANAGED Uid: 10010 RequestorUid: 10010 RequestorPkg: com.chrome.canary UnderlyingNetworks: Null] ]] callback flags: 0 order: 2147483647
11-27 01:11:10.147 16470 16470 I cr_CombinedPProvider: #registerProvider() provider:qN2@5ce65a5 isPolicyCacheEnabled:true policyProvidersSize:0
11-27 01:11:10.147  1795  2424 D WifiNetworkFactory: got request NetworkRequest [ REQUEST id=11172, [ Capabilities: INTERNET&NOT_RESTRICTED&TRUSTED&NOT_VCN_MANAGED Uid: 10010 RequestorUid: 10010 RequestorPkg: com.chrome.canary UnderlyingNetworks: Null] ]
11-27 01:11:10.147 16470 16470 I cr_PolicyProvider: #setManagerAndSource() 0
11-27 01:11:10.147  1795  2424 V WifiNetworkFactory: Accepted network request NetworkRequest [ REQUEST id=11172, [ Capabilities: INTERNET&NOT_RESTRICTED&TRUSTED&NOT_VCN_MANAGED Uid: 10010 RequestorUid: 10010 RequestorPkg: com.chrome.canary UnderlyingNetworks: Null] ]
11-27 01:11:10.147 16470 16470 I cr_CombinedPProvider: #registerProvider() provider:fj@e77bd7a isPolicyCacheEnabled:false policyProvidersSize:1
11-27 01:11:10.147 16470 16470 I cr_PolicyProvider: #setManagerAndSource() 1
11-27 01:11:10.148 16470 16470 I cr_AppResProvider: #getApplicationRestrictionsFromUserManager() Bundle[EMPTY_PARCEL]
11-27 01:11:10.148 16470 16470 I cr_PolicyProvider: #notifySettingsAvailable() 1
11-27 01:11:10.148 16470 16470 I cr_CombinedPProvider: #onSettingsAvailable() 1
11-27 01:11:10.148  1011  1189 I ASH     : @ 390722.319: tcs3701: stop power rail pending_off timer
11-27 01:11:10.148  1011  1189 D ASH     : @ 390722.319: tcs3701: start power rail timer, state:3
11-27 01:11:10.150  1795  2424 D UntrustedWifiNetworkFactory: got request NetworkRequest [ REQUEST id=11172, [ Capabilities: INTERNET&NOT_RESTRICTED&TRUSTED&NOT_VCN_MANAGED Uid: 10010 RequestorUid: 10010 RequestorPkg: com.chrome.canary UnderlyingNetworks: Null] ]
11-27 01:11:10.150  1795  2424 D OemPaidWifiNetworkFactory: got request NetworkRequest [ REQUEST id=11172, [ Capabilities: INTERNET&NOT_RESTRICTED&TRUSTED&NOT_VCN_MANAGED Uid: 10010 RequestorUid: 10010 RequestorPkg: com.chrome.canary UnderlyingNetworks: Null] ]
11-27 01:11:10.150  1795  2424 D MultiInternetWifiNetworkFactory: got request NetworkRequest [ REQUEST id=11172, [ Capabilities: INTERNET&NOT_RESTRICTED&TRUSTED&NOT_VCN_MANAGED Uid: 10010 RequestorUid: 10010 RequestorPkg: com.chrome.canary UnderlyingNetworks: Null] ]
11-27 01:11:10.150  1795  2432 D ConnectivityService: NetReassign [11172 : null → 100] [c 0] [a 1] [i 5]
11-27 01:11:10.150 16470 16470 I cr_CompositorSurfaceMgr: Transitioning to surface with format: -1
11-27 01:11:10.151 16470 16470 I cr_CompositorSurfaceMgr: surfaceCreated format: 0
11-27 01:11:10.153  1795  2432 D ConnectivityService: NetReassign [no changes] [c 0] [a 1] [i 2]
11-27 01:11:10.154 16556 16579 I AdrenoGLES-0: QUALCOMM build                   : 4783c89, I46ff5fc46f
11-27 01:11:10.154 16556 16579 I AdrenoGLES-0: Build Date                       : 11/30/20
11-27 01:11:10.154 16556 16579 I AdrenoGLES-0: OpenGL ES Shader Compiler Version: EV031.31.04.01
11-27 01:11:10.154 16556 16579 I AdrenoGLES-0: Local Branch                     : QPR2
11-27 01:11:10.154 16556 16579 I AdrenoGLES-0: Remote Branch                    : 
11-27 01:11:10.154 16556 16579 I AdrenoGLES-0: Remote Branch                    : 
11-27 01:11:10.154 16556 16579 I AdrenoGLES-0: Reconstruct Branch               : 
11-27 01:11:10.154 16556 16579 I AdrenoGLES-0: Build Config                     : S P 10.0.4 AArch64
11-27 01:11:10.154 16556 16579 I AdrenoGLES-0: Driver Path                      : /vendor/lib64/egl/libGLESv2_adreno.so
11-27 01:11:10.155 16470 16470 W m.chrome.canary: Accessing hidden method Landroid/telephony/TelephonyManager;->getSubscriberInfoService()Lcom/android/internal/telephony/IPhoneSubInfo; (blocked, reflection, denied)
11-27 01:11:10.155 16470 16470 W m.chrome.canary: Accessing hidden method Landroid/telephony/TelephonyManager;->getSubscriberInfoService()Lcom/android/internal/telephony/IPhoneSubInfo; (blocked, reflection, denied)
11-27 01:11:10.155 16470 16470 W m.chrome.canary: Accessing hidden method Landroid/telephony/TelephonyManager;->getSubscriptionService()Lcom/android/internal/telephony/ISub; (blocked, reflection, denied)
11-27 01:11:10.155 16470 16470 W m.chrome.canary: Accessing hidden method Landroid/telephony/TelephonyManager;->getSubscriptionService()Lcom/android/internal/telephony/ISub; (blocked, reflection, denied)
11-27 01:11:10.155 16470 16470 W m.chrome.canary: Accessing hidden method Landroid/telephony/TelephonyManager;->getSmsService()Lcom/android/internal/telephony/ISms; (blocked, reflection, denied)
11-27 01:11:10.155 16470 16470 W m.chrome.canary: Accessing hidden method Landroid/telephony/TelephonyManager;->getSmsService()Lcom/android/internal/telephony/ISms; (blocked, reflection, denied)
