11-27 01:18:02.629  1011  1189 I ASH     : @ 391134.799: tcs3701: stop power rail pending_off timer
11-27 01:18:02.629  1011  1189 D ASH     : @ 391134.799: tcs3701: start power rail timer, state:3
11-27 01:18:02.647  8427  8467 I BatteryMgr:DataCollectionService: stats => 1701044282647,7934,4442,2136,4169000,100
11-27 01:18:02.669  1011  1189 I ASH     : @ 391134.839: tcs3701: stop power rail pending_off timer
11-27 01:18:02.669  1011  1189 D ASH     : @ 391134.839: tcs3701: start power rail timer, state:3
11-27 01:18:02.688  8427  8467 I BatteryMgr:DataCollectionService: stats => 1701044282688,7934,4442,2136,4169000,100
11-27 01:18:02.709  1011  1189 I ASH     : @ 391134.879: tcs3701: stop power rail pending_off timer
11-27 01:18:02.709  1011  1189 D ASH     : @ 391134.879: tcs3701: start power rail timer, state:3
11-27 01:18:02.748  1011  1189 I ASH     : @ 391134.919: tcs3701: stop power rail pending_off timer
11-27 01:18:02.748  1011  1189 D ASH     : @ 391134.919: tcs3701: start power rail timer, state:3
11-27 01:18:02.753  8427  8467 I BatteryMgr:DataCollectionService: stats => 1701044282753,7934,4442,2136,4169000,100
11-27 01:18:02.789  1011  1189 I ASH     : @ 391134.959: tcs3701: stop power rail pending_off timer
11-27 01:18:02.789  1011  1189 D ASH     : @ 391134.959: tcs3701: start power rail timer, state:3
11-27 01:18:02.793  8427  8467 I BatteryMgr:DataCollectionService: stats => 1701044282793,7934,4442,2136,4169000,100
11-27 01:18:02.828  1011  1189 I ASH     : @ 391134.999: tcs3701: stop power rail pending_off timer
11-27 01:18:02.829  1011  1189 D ASH     : @ 391134.999: tcs3701: start power rail timer, state:3
11-27 01:18:02.857  8427  8467 I BatteryMgr:DataCollectionService: stats => 1701044282857,7934,4442,2136,4169000,100
11-27 01:18:02.869  1011  1189 I ASH     : @ 391135.039: tcs3701: stop power rail pending_off timer
11-27 01:18:02.869  1011  1189 D ASH     : @ 391135.039: tcs3701: start power rail timer, state:3
11-27 01:18:02.899  8427  8467 I BatteryMgr:DataCollectionService: stats => 1701044282899,7934,4442,2136,4169000,100
11-27 01:18:02.909  1011  1189 I ASH     : @ 391135.079: tcs3701: stop power rail pending_off timer
11-27 01:18:02.909  1011  1189 D ASH     : @ 391135.079: tcs3701: start power rail timer, state:3
11-27 01:18:02.948  1011  1189 I ASH     : @ 391135.119: tcs3701: stop power rail pending_off timer
11-27 01:18:02.948  1011  1189 D ASH     : @ 391135.119: tcs3701: start power rail timer, state:3
11-27 01:18:02.963  8427  8467 I BatteryMgr:DataCollectionService: stats => 1701044282963,7934,4442,2136,4169000,100
11-27 01:18:02.989  1011  1189 I ASH     : @ 391135.159: tcs3701: stop power rail pending_off timer
11-27 01:18:02.989  1011  1189 D ASH     : @ 391135.159: tcs3701: start power rail timer, state:3
11-27 01:18:03.004  8427  8467 I BatteryMgr:DataCollectionService: stats => 1701044283004,7934,4442,2136,4169000,100
11-27 01:18:03.028  1011  1189 I ASH     : @ 391135.199: tcs3701: stop power rail pending_off timer
11-27 01:18:03.028  1011  1189 D ASH     : @ 391135.199: tcs3701: start power rail timer, state:3
11-27 01:18:03.068  1011  1189 I ASH     : @ 391135.239: tcs3701: stop power rail pending_off timer
11-27 01:18:03.068  1011  1189 D ASH     : @ 391135.239: tcs3701: start power rail timer, state:3
11-27 01:18:03.071  8427  8467 I BatteryMgr:DataCollectionService: stats => 1701044283071,7934,4442,2136,4169000,100
11-27 01:18:03.108  1011  1189 I ASH     : @ 391135.279: tcs3701: stop power rail pending_off timer
11-27 01:18:03.108  1011  1189 D ASH     : @ 391135.279: tcs3701: start power rail timer, state:3
11-27 01:18:03.111  8427  8467 I BatteryMgr:DataCollectionService: stats => 1701044283111,7934,4442,2136,4169000,100
11-27 01:18:03.146  1795  4158 D ActivityManager: freezer override set to true
11-27 01:18:03.148  1011  1189 I ASH     : @ 391135.319: tcs3701: stop power rail pending_off timer
11-27 01:18:03.148  1011  1189 D ASH     : @ 391135.319: tcs3701: start power rail timer, state:3
11-27 01:18:03.178  8427  8467 I BatteryMgr:DataCollectionService: stats => 1701044283178,7934,4442,2136,4169000,100
11-27 01:18:03.188  1011  1189 I ASH     : @ 391135.359: tcs3701: stop power rail pending_off timer
11-27 01:18:03.188  1011  1189 D ASH     : @ 391135.359: tcs3701: start power rail timer, state:3
11-27 01:18:03.219  8427  8467 I BatteryMgr:DataCollectionService: stats => 1701044283219,7934,4442,2136,4169000,100
11-27 01:18:03.228  1011  1189 I ASH     : @ 391135.399: tcs3701: stop power rail pending_off timer
11-27 01:18:03.228  1011  1189 D ASH     : @ 391135.399: tcs3701: start power rail timer, state:3
11-27 01:18:03.262 26792 26949 I m.chrome.canary: Explicit concurrent copying GC freed 3994(208KB) AllocSpace objects, 6(184KB) LOS objects, 75% free, 14MB/58MB, paused 136us,26us total 67.888ms
11-27 01:18:03.269  1011  1189 I ASH     : @ 391135.439: tcs3701: stop power rail pending_off timer
11-27 01:18:03.269  1011  1189 D ASH     : @ 391135.439: tcs3701: start power rail timer, state:3
11-27 01:18:03.286  8427  8467 I BatteryMgr:DataCollectionService: stats => 1701044283286,7934,4442,2136,4169000,100
11-27 01:18:03.309  1011  1189 I ASH     : @ 391135.479: tcs3701: stop power rail pending_off timer
11-27 01:18:03.309  1011  1189 D ASH     : @ 391135.479: tcs3701: start power rail timer, state:3
11-27 01:18:03.326  8427  8467 I BatteryMgr:DataCollectionService: stats => 1701044283326,7934,4442,2136,4169000,100
11-27 01:18:03.342  1795  4158 D ActivityManager: freezer override set to false
11-27 01:18:03.349  1011  1189 I ASH     : @ 391135.519: tcs3701: stop power rail pending_off timer
11-27 01:18:03.349  1011  1189 D ASH     : @ 391135.519: tcs3701: start power rail timer, state:3
11-27 01:18:03.380  1795  4158 D ActivityManager: freezer override set to true
11-27 01:18:03.383  1795  4158 D ActivityManager: freezer override set to false
11-27 01:18:03.389  1011  1189 I ASH     : @ 391135.559: tcs3701: stop power rail pending_off timer
11-27 01:18:03.389  1011  1189 D ASH     : @ 391135.559: tcs3701: start power rail timer, state:3
11-27 01:18:03.392  8427  8467 I BatteryMgr:DataCollectionService: stats => 1701044283392,7934,4442,2136,4169000,100
11-27 01:18:03.420  1795  4158 D ActivityManager: freezer override set to true
11-27 01:18:03.423  1795  4158 D ActivityManager: freezer override set to false
11-27 01:18:03.428  1011  1189 I ASH     : @ 391135.599: tcs3701: stop power rail pending_off timer
11-27 01:18:03.428  1011  1189 D ASH     : @ 391135.599: tcs3701: start power rail timer, state:3
11-27 01:18:03.433  8427  8467 I BatteryMgr:DataCollectionService: stats => 1701044283433,7934,4442,2136,4169000,100
11-27 01:18:03.468  1011  1189 I ASH     : @ 391135.639: tcs3701: stop power rail pending_off timer
11-27 01:18:03.468  1011  1189 D ASH     : @ 391135.639: tcs3701: start power rail timer, state:3
11-27 01:18:03.481  1795  4158 D ActivityManager: freezer override set to true
11-27 01:18:03.487  1795  4158 D ActivityManager: freezer override set to false
11-27 01:18:03.498  8427  8467 I BatteryMgr:DataCollectionService: stats => 1701044283498,7934,4442,2136,4169000,100
11-27 01:18:03.508  1011  1189 I ASH     : @ 391135.679: tcs3701: stop power rail pending_off timer
11-27 01:18:03.508  1011  1189 D ASH     : @ 391135.679: tcs3701: start power rail timer, state:3
11-27 01:18:03.537  8427  8467 I BatteryMgr:DataCollectionService: stats => 1701044283537,7934,4442,2136,4169000,100
11-27 01:18:03.549  1011  1189 I ASH     : @ 391135.719: tcs3701: stop power rail pending_off timer
11-27 01:18:03.549  1011  1189 D ASH     : @ 391135.719: tcs3701: start power rail timer, state:3
11-27 01:18:03.588  1011  1189 I ASH     : @ 391135.759: tcs3701: stop power rail pending_off timer
11-27 01:18:03.588  1011  1189 D ASH     : @ 391135.759: tcs3701: start power rail timer, state:3
11-27 01:18:03.602  8427  8467 I BatteryMgr:DataCollectionService: stats => 1701044283602,7934,4442,2136,4169000,100
11-27 01:18:03.628  1011  1189 I ASH     : @ 391135.799: tcs3701: stop power rail pending_off timer
11-27 01:18:03.628  1011  1189 D ASH     : @ 391135.799: tcs3701: start power rail timer, state:3
11-27 01:18:03.643  8427  8467 I BatteryMgr:DataCollectionService: stats => 1701044283643,7934,4442,2136,4169000,100
11-27 01:18:03.668  1011  1189 I ASH     : @ 391135.839: tcs3701: stop power rail pending_off timer
11-27 01:18:03.669  1011  1189 D ASH     : @ 391135.839: tcs3701: start power rail timer, state:3
11-27 01:18:03.707  8427  8467 I BatteryMgr:DataCollectionService: stats => 1701044283707,7934,4442,2136,4169000,100
11-27 01:18:03.709  1011  1189 I ASH     : @ 391135.879: tcs3701: stop power rail pending_off timer
11-27 01:18:03.709  1011  1189 D ASH     : @ 391135.879: tcs3701: start power rail timer, state:3
11-27 01:18:03.737  1795  2424 D WifiClientModeImpl[13802:wlan0]: updateLinkLayerStatsRssiSpeedFrequencyCapabilities rssi=-43 TxLinkspeed=866 freq=5240 RxLinkSpeed=866
11-27 01:18:03.738  1795  2424 D WifiDataStall: tx tput in kbps: 737182
11-27 01:18:03.738  1795  2424 D WifiDataStall: rx tput in kbps: 767898
11-27 01:18:03.738  1795  2424 V WifiConfigManager: Updating scan detail cache freq=5240 BSSID=f4:6d:2f:12:cc:88 RSSI=-42 for "ourhome"WPA_PSK
11-27 01:18:03.739  2782  5906 D QCNEJ/WlanStaInfoRelay: Received action: android.net.wifi.RSSI_CHANGED
11-27 01:18:03.739  1795  2424 D WifiChannelUtilization:  freq: 5240 onTime: 11292626 busyTime: 1044771 onTimeDiff: 1644770 busyTimeDiff: 188285 utilization: 29 utilization t0: 23
11-27 01:18:03.739  1795  2424 D WifiDataStall:  ccaLevel = 29
11-27 01:18:03.739  1795  2424 D WifiDataStall: L2 txTputKbps: 729503, rxTputKbps: 767898, L3 txTputKbps: 0, rxTputKbps: 1, TxTrafficHigh: false, RxTrafficHigh: false, Throughput Sufficient: true
11-27 01:18:03.739  2673 16647 V WifiManager: OnWifiUsabilityStatsListener: onWifiUsabilityStats: seqNum=101179
11-27 01:18:03.739  1795  2424 D WifiScoreReport: Wifi scoring disabled - Don't check IP layer
11-27 01:18:03.739  1795  2424 D WifiScoreCard: BSSID update SIGNAL_POLL ID: 1320464697 SSID: "ourhome", BSSID: f4:6d:2f:12:cc:88, MAC: b2:2f:ec:da:4a:0c, IP: /192.168.1.104, Security type: 2, Supplicant state: COMPLETED, Wi-Fi standard: 5, RSSI: -43, Link speed: 866Mbps, Tx Link speed: 866Mbps, Max Supported Tx Link speed: 866Mbps, Rx Link speed: 866Mbps, Max Supported Rx Link speed: 866Mbps, Frequency: 5240MHz, Net ID: 12, Metered hint: false, score: 60, isUsable: true, CarrierMerged: false, SubscriptionId: -1, IsPrimary: 1, Trusted: true, Restricted: false, Ephemeral: false, OEM paid: false, OEM private: false, OSU AP: false, FQDN: <none>, Provider friendly name: <none>, Requesting package name: <none>"ourhome"wpa2-pskMLO Information: , Is TID-To-Link negotiation supported by the AP: false, AP MLD Address: <none>, AP MLO Link Id: <none>, AP MLO Affiliated links: <none>
11-27 01:18:03.739  1795  2424 D WifiScoreCard: txRate: 4 txSpeed: 866
11-27 01:18:03.739  1795  4158 I WifiService: updateWifiUsabilityScore uid=10180 seqNum=101179 score=100 predictionHorizonSec=1441795
11-27 01:18:03.739  1795  2424 D WifiScoreCard: network update SIGNAL_POLL "ourhome" ID: 1499892569 RSSI -43 txSpeed 866
11-27 01:18:03.740  1795  2424 D WifiClientModeImpl[13802:wlan0]:  ClientModeImpl$L2ConnectedState screen=on 37 0 "ourhome" f4:6d:2f:12:cc:88 rssi=-43 f=5240 sc=60 link=866 tx=3.3, 0.1, 0.0 rx=2.7 bcn=3704968 [on:123 tx:0 rx:0 period:3013] from screen [on:1656645 period:31849026] score=60
11-27 01:18:03.740  1795  2424 D WifiScoreReport: Wifi scoring disabled - Notify that Wifi is usable
11-27 01:18:03.742  1795  2432 D ConnectivityService: NetReassign [no changes] [c 0] [a 0] [i 2]
11-27 01:18:03.747  8427  8467 I BatteryMgr:DataCollectionService: stats => 1701044283747,7934,4442,2136,4169000,100
11-27 01:18:03.749  1011  1189 I ASH     : @ 391135.919: tcs3701: stop power rail pending_off timer
11-27 01:18:03.749  1011  1189 D ASH     : @ 391135.919: tcs3701: start power rail timer, state:3
11-27 01:18:03.789  1011  1189 I ASH     : @ 391135.959: tcs3701: stop power rail pending_off timer
11-27 01:18:03.789  1011  1189 D ASH     : @ 391135.959: tcs3701: start power rail timer, state:3
11-27 01:18:03.812  8427  8467 I BatteryMgr:DataCollectionService: stats => 1701044283812,7934,4442,2136,4169000,100
11-27 01:18:03.828  1011  1189 I ASH     : @ 391135.999: tcs3701: stop power rail pending_off timer
11-27 01:18:03.828  1011  1189 D ASH     : @ 391135.999: tcs3701: start power rail timer, state:3
11-27 01:18:03.854  8427  8467 I BatteryMgr:DataCollectionService: stats => 1701044283854,7934,4442,2136,4169000,100
11-27 01:18:03.868  1011  1189 I ASH     : @ 391136.039: tcs3701: stop power rail pending_off timer
11-27 01:18:03.869  1011  1189 D ASH     : @ 391136.039: tcs3701: start power rail timer, state:3
11-27 01:18:03.908  1011  1189 I ASH     : @ 391136.079: tcs3701: stop power rail pending_off timer
11-27 01:18:03.909  1011  1189 D ASH     : @ 391136.079: tcs3701: start power rail timer, state:3
11-27 01:18:03.917  8427  8467 I BatteryMgr:DataCollectionService: stats => 1701044283917,7934,4442,2136,4169000,100
11-27 01:18:03.948  1011  1189 I ASH     : @ 391136.119: tcs3701: stop power rail pending_off timer
11-27 01:18:03.948  1011  1189 D ASH     : @ 391136.119: tcs3701: start power rail timer, state:3
11-27 01:18:03.959  8427  8467 I BatteryMgr:DataCollectionService: stats => 1701044283959,7934,4442,2136,4169000,100
11-27 01:18:03.989  1011  1189 I ASH     : @ 391136.159: tcs3701: stop power rail pending_off timer
11-27 01:18:03.989  1011  1189 D ASH     : @ 391136.159: tcs3701: start power rail timer, state:3
11-27 01:18:04.025  8427  8467 I BatteryMgr:DataCollectionService: stats => 1701044284025,7934,4442,2136,4169000,100
11-27 01:18:04.028  1011  1189 I ASH     : @ 391136.199: tcs3701: stop power rail pending_off timer
11-27 01:18:04.028  1011  1189 D ASH     : @ 391136.199: tcs3701: start power rail timer, state:3
11-27 01:18:04.066  8427  8467 I BatteryMgr:DataCollectionService: stats => 1701044284066,7934,4442,2136,4169000,100
11-27 01:18:04.069  1011  1189 I ASH     : @ 391136.239: tcs3701: stop power rail pending_off timer
11-27 01:18:04.069  1011  1189 D ASH     : @ 391136.239: tcs3701: start power rail timer, state:3
11-27 01:18:04.109  1011  1189 I ASH     : @ 391136.279: tcs3701: stop power rail pending_off timer
11-27 01:18:04.109  1011  1189 D ASH     : @ 391136.279: tcs3701: start power rail timer, state:3
11-27 01:18:04.129  8427  8467 I BatteryMgr:DataCollectionService: stats => 1701044284129,7934,4442,2136,4169000,100
11-27 01:18:04.149  1011  1189 I ASH     : @ 391136.319: tcs3701: stop power rail pending_off timer
11-27 01:18:04.149  1011  1189 D ASH     : @ 391136.319: tcs3701: start power rail timer, state:3
11-27 01:18:04.157  2113  2118 I pixel-thermal: skin-therm-monitor: 38.139
11-27 01:18:04.170  8427  8467 I BatteryMgr:DataCollectionService: stats => 1701044284170,7934,4442,2136,4169000,100
11-27 01:18:04.188  1011  1189 I ASH     : @ 391136.359: tcs3701: stop power rail pending_off timer
11-27 01:18:04.188  1011  1189 D ASH     : @ 391136.359: tcs3701: start power rail timer, state:3
11-27 01:18:04.229  1011  1189 I ASH     : @ 391136.399: tcs3701: stop power rail pending_off timer
11-27 01:18:04.229  1011  1189 D ASH     : @ 391136.399: tcs3701: start power rail timer, state:3
11-27 01:18:04.235  8427  8467 I BatteryMgr:DataCollectionService: stats => 1701044284235,7934,4442,2136,4169000,100
11-27 01:18:04.268  1011  1189 I ASH     : @ 391136.439: tcs3701: stop power rail pending_off timer
11-27 01:18:04.268  1011  1189 D ASH     : @ 391136.439: tcs3701: start power rail timer, state:3
11-27 01:18:04.274  8427  8467 I BatteryMgr:DataCollectionService: stats => 1701044284274,7934,4442,2136,4169000,100
11-27 01:18:04.308  1011  1189 I ASH     : @ 391136.479: tcs3701: stop power rail pending_off timer
11-27 01:18:04.308  1011  1189 D ASH     : @ 391136.479: tcs3701: start power rail timer, state:3
11-27 01:18:04.341  8427  8467 I BatteryMgr:DataCollectionService: stats => 1701044284341,7934,4442,2136,4169000,100
11-27 01:18:04.349  1011  1189 I ASH     : @ 391136.519: tcs3701: stop power rail pending_off timer
11-27 01:18:04.349  1011  1189 D ASH     : @ 391136.519: tcs3701: start power rail timer, state:3
11-27 01:18:04.379  8427  8467 I BatteryMgr:DataCollectionService: stats => 1701044284379,7934,4442,2136,4169000,100
11-27 01:18:04.388  1011  1189 I ASH     : @ 391136.559: tcs3701: stop power rail pending_off timer
11-27 01:18:04.388  1011  1189 D ASH     : @ 391136.559: tcs3701: start power rail timer, state:3
11-27 01:18:04.429  1011  1189 I ASH     : @ 391136.599: tcs3701: stop power rail pending_off timer
11-27 01:18:04.429  1011  1189 D ASH     : @ 391136.599: tcs3701: start power rail timer, state:3
11-27 01:18:04.446  8427  8467 I BatteryMgr:DataCollectionService: stats => 1701044284446,7934,4442,2136,4169000,100
11-27 01:18:04.468  1011  1189 I ASH     : @ 391136.639: tcs3701: stop power rail pending_off timer
11-27 01:18:04.468  1011  1189 D ASH     : @ 391136.639: tcs3701: start power rail timer, state:3
11-27 01:18:04.487  8427  8467 I BatteryMgr:DataCollectionService: stats => 1701044284486,7934,4442,2136,4169000,100
11-27 01:18:04.493  1795  4158 D ActivityManager: freezer override set to true
11-27 01:18:04.498  1795  4158 D ActivityManager: freezer override set to false
11-27 01:18:04.509  1011  1189 I ASH     : @ 391136.679: tcs3701: stop power rail pending_off timer
11-27 01:18:04.509  1011  1189 D ASH     : @ 391136.679: tcs3701: start power rail timer, state:3
11-27 01:18:04.549  1011  1189 I ASH     : @ 391136.719: tcs3701: stop power rail pending_off timer
11-27 01:18:04.549  1011  1189 D ASH     : @ 391136.719: tcs3701: start power rail timer, state:3
11-27 01:18:04.555  8427  8467 I BatteryMgr:DataCollectionService: stats => 1701044284555,7934,4442,2136,4169000,100
11-27 01:18:04.589  1011  1189 I ASH     : @ 391136.759: tcs3701: stop power rail pending_off timer
11-27 01:18:04.589  1011  1189 D ASH     : @ 391136.759: tcs3701: start power rail timer, state:3
11-27 01:18:04.593  8427  8467 I BatteryMgr:DataCollectionService: stats => 1701044284593,7934,4442,2136,4169000,100
11-27 01:18:04.605  1795  4158 D ActivityManager: freezer override set to true
11-27 01:18:04.629  1011  1189 I ASH     : @ 391136.799: tcs3701: stop power rail pending_off timer
11-27 01:18:04.629  1011  1189 D ASH     : @ 391136.799: tcs3701: start power rail timer, state:3
11-27 01:18:04.659  8427  8467 I BatteryMgr:DataCollectionService: stats => 1701044284659,7934,4442,2136,4169000,100
11-27 01:18:04.668  1011  1189 I ASH     : @ 391136.839: tcs3701: stop power rail pending_off timer
11-27 01:18:04.668  1011  1189 D ASH     : @ 391136.839: tcs3701: start power rail timer, state:3
11-27 01:18:04.699  8427  8467 I BatteryMgr:DataCollectionService: stats => 1701044284699,7934,4442,2136,4169000,100
11-27 01:18:04.708  1011  1189 I ASH     : @ 391136.879: tcs3701: stop power rail pending_off timer
11-27 01:18:04.708  1011  1189 D ASH     : @ 391136.879: tcs3701: start power rail timer, state:3
11-27 01:18:04.747 26792 26949 I m.chrome.canary: Explicit concurrent copying GC freed 4064(207KB) AllocSpace objects, 5(100KB) LOS objects, 75% free, 14MB/58MB, paused 181us,29us total 70.392ms
11-27 01:18:04.748  1011  1189 I ASH     : @ 391136.919: tcs3701: stop power rail pending_off timer
11-27 01:18:04.748  1011  1189 D ASH     : @ 391136.919: tcs3701: start power rail timer, state:3
11-27 01:18:04.763  8427  8467 I BatteryMgr:DataCollectionService: stats => 1701044284763,7934,4442,2136,4169000,100
11-27 01:18:04.788  1011  1189 I ASH     : @ 391136.959: tcs3701: stop power rail pending_off timer
11-27 01:18:04.789  1011  1189 D ASH     : @ 391136.959: tcs3701: start power rail timer, state:3
11-27 01:18:04.806  8427  8467 I BatteryMgr:DataCollectionService: stats => 1701044284806,7934,4442,2136,4169000,100
11-27 01:18:04.821  1795  4158 D ActivityManager: freezer override set to false
11-27 01:18:04.829  1011  1189 I ASH     : @ 391136.999: tcs3701: stop power rail pending_off timer
11-27 01:18:04.829  1011  1189 D ASH     : @ 391136.999: tcs3701: start power rail timer, state:3
11-27 01:18:04.863  1795  4158 D ActivityManager: freezer override set to true
11-27 01:18:04.866  1795  4158 D ActivityManager: freezer override set to false
11-27 01:18:04.868  1011  1189 I ASH     : @ 391137.039: tcs3701: stop power rail pending_off timer
11-27 01:18:04.868  1011  1189 D ASH     : @ 391137.039: tcs3701: start power rail timer, state:3
11-27 01:18:04.872  8427  8467 I BatteryMgr:DataCollectionService: stats => 1701044284872,7934,4442,2136,4169000,100
11-27 01:18:04.902  1795  4168 D ActivityManager: freezer override set to true
11-27 01:18:04.905  1795  4168 D ActivityManager: freezer override set to false
11-27 01:18:04.908  1011  1189 I ASH     : @ 391137.079: tcs3701: stop power rail pending_off timer
11-27 01:18:04.909  1011  1189 D ASH     : @ 391137.079: tcs3701: start power rail timer, state:3
11-27 01:18:04.913  8427  8467 I BatteryMgr:DataCollectionService: stats => 1701044284913,7934,4442,2136,4169000,100
11-27 01:18:04.948  1011  1189 I ASH     : @ 391137.119: tcs3701: stop power rail pending_off timer
11-27 01:18:04.948  1011  1189 D ASH     : @ 391137.119: tcs3701: start power rail timer, state:3
11-27 01:18:04.976  8427  8467 I BatteryMgr:DataCollectionService: stats => 1701044284976,7934,4442,2136,4169000,100
11-27 01:18:04.989  1011  1189 I ASH     : @ 391137.159: tcs3701: stop power rail pending_off timer
11-27 01:18:04.989  1011  1189 D ASH     : @ 391137.159: tcs3701: start power rail timer, state:3
11-27 01:18:05.018  8427  8467 I BatteryMgr:DataCollectionService: stats => 1701044285018,7934,4442,2136,4169000,100
11-27 01:18:05.029  1011  1189 I ASH     : @ 391137.199: tcs3701: stop power rail pending_off timer
11-27 01:18:05.029  1011  1189 D ASH     : @ 391137.199: tcs3701: start power rail timer, state:3
11-27 01:18:05.068  1011  1189 I ASH     : @ 391137.239: tcs3701: stop power rail pending_off timer
11-27 01:18:05.069  1011  1189 D ASH     : @ 391137.239: tcs3701: start power rail timer, state:3
11-27 01:18:05.082  8427  8467 I BatteryMgr:DataCollectionService: stats => 1701044285082,7934,4442,2136,4169000,100
11-27 01:18:05.109  1011  1189 I ASH     : @ 391137.279: tcs3701: stop power rail pending_off timer
11-27 01:18:05.109  1011  1189 D ASH     : @ 391137.279: tcs3701: start power rail timer, state:3
11-27 01:18:05.122  8427  8467 I BatteryMgr:DataCollectionService: stats => 1701044285122,7934,4442,2136,4169000,100
11-27 01:18:05.148  1011  1189 I ASH     : @ 391137.319: tcs3701: stop power rail pending_off timer
11-27 01:18:05.148  1011  1189 D ASH     : @ 391137.319: tcs3701: start power rail timer, state:3
11-27 01:18:05.186  8427  8467 I BatteryMgr:DataCollectionService: stats => 1701044285186,7934,4442,2136,4169000,100
11-27 01:18:05.188  1011  1189 I ASH     : @ 391137.359: tcs3701: stop power rail pending_off timer
11-27 01:18:05.188  1011  1189 D ASH     : @ 391137.359: tcs3701: start power rail timer, state:3
11-27 01:18:05.227  8427  8467 I BatteryMgr:DataCollectionService: stats => 1701044285227,7934,4442,2136,4169000,100
11-27 01:18:05.228  1011  1189 I ASH     : @ 391137.399: tcs3701: stop power rail pending_off timer
11-27 01:18:05.229  1011  1189 D ASH     : @ 391137.399: tcs3701: start power rail timer, state:3
11-27 01:18:05.268  1011  1189 I ASH     : @ 391137.439: tcs3701: stop power rail pending_off timer
11-27 01:18:05.269  1011  1189 D ASH     : @ 391137.439: tcs3701: start power rail timer, state:3
11-27 01:18:05.292  8427  8467 I BatteryMgr:DataCollectionService: stats => 1701044285292,7934,4442,2136,4169000,100
11-27 01:18:05.309  1011  1189 I ASH     : @ 391137.479: tcs3701: stop power rail pending_off timer
11-27 01:18:05.309  1011  1189 D ASH     : @ 391137.479: tcs3701: start power rail timer, state:3
11-27 01:18:05.331  8427  8467 I BatteryMgr:DataCollectionService: stats => 1701044285331,7934,4442,2136,4169000,100
11-27 01:18:05.348  1011  1189 I ASH     : @ 391137.519: tcs3701: stop power rail pending_off timer
11-27 01:18:05.348  1011  1189 D ASH     : @ 391137.519: tcs3701: start power rail timer, state:3
11-27 01:18:05.388  1011  1189 I ASH     : @ 391137.559: tcs3701: stop power rail pending_off timer
11-27 01:18:05.388  1011  1189 D ASH     : @ 391137.559: tcs3701: start power rail timer, state:3
11-27 01:18:05.396  8427  8467 I BatteryMgr:DataCollectionService: stats => 1701044285396,7934,4442,2136,4169000,100
11-27 01:18:05.428  1011  1189 I ASH     : @ 391137.599: tcs3701: stop power rail pending_off timer
11-27 01:18:05.428  1011  1189 D ASH     : @ 391137.599: tcs3701: start power rail timer, state:3
11-27 01:18:05.437  8427  8467 I BatteryMgr:DataCollectionService: stats => 1701044285437,7934,4442,2136,4169000,100
11-27 01:18:05.469  1011  1189 I ASH     : @ 391137.639: tcs3701: stop power rail pending_off timer
11-27 01:18:05.469  1011  1189 D ASH     : @ 391137.639: tcs3701: start power rail timer, state:3
11-27 01:18:05.483  1795  4158 D ActivityManager: freezer override set to true
11-27 01:18:05.489  1795  4158 D ActivityManager: freezer override set to false
11-27 01:18:05.500  8427  8467 I BatteryMgr:DataCollectionService: stats => 1701044285500,7934,4442,2136,4169000,100
11-27 01:18:05.509  1011  1189 I ASH     : @ 391137.679: tcs3701: stop power rail pending_off timer
11-27 01:18:05.509  1011  1189 D ASH     : @ 391137.679: tcs3701: start power rail timer, state:3
11-27 01:18:05.542  8427  8467 I BatteryMgr:DataCollectionService: stats => 1701044285542,7934,4442,2136,4169000,100
11-27 01:18:05.548  1011  1189 I ASH     : @ 391137.719: tcs3701: stop power rail pending_off timer
11-27 01:18:05.548  1011  1189 D ASH     : @ 391137.719: tcs3701: start power rail timer, state:3
11-27 01:18:05.573 26792 26852 W chromium: [WARNING:ev_root_ca_metadata.cc(119)] Not implemented
11-27 01:18:05.573 26792 26852 W chromium: [WARNING:ev_root_ca_metadata.cc(119)] Not implemented
11-27 01:18:05.588  1011  1189 I ASH     : @ 391137.759: tcs3701: stop power rail pending_off timer
11-27 01:18:05.588  1011  1189 D ASH     : @ 391137.759: tcs3701: start power rail timer, state:3
11-27 01:18:05.606  8427  8467 I BatteryMgr:DataCollectionService: stats => 1701044285606,7934,4442,2136,4169000,100
11-27 01:18:05.629  1011  1189 I ASH     : @ 391137.799: tcs3701: stop power rail pending_off timer
11-27 01:18:05.629  1011  1189 D ASH     : @ 391137.799: tcs3701: start power rail timer, state:3
11-27 01:18:05.648  8427  8467 I BatteryMgr:DataCollectionService: stats => 1701044285648,7934,4442,2136,4169000,100
11-27 01:18:05.669  1011  1189 I ASH     : @ 391137.839: tcs3701: stop power rail pending_off timer
11-27 01:18:05.669  1011  1189 D ASH     : @ 391137.839: tcs3701: start power rail timer, state:3
11-27 01:18:05.709  1011  1189 I ASH     : @ 391137.879: tcs3701: stop power rail pending_off timer
11-27 01:18:05.709  1011  1189 D ASH     : @ 391137.879: tcs3701: start power rail timer, state:3
11-27 01:18:05.710  8427  8467 I BatteryMgr:DataCollectionService: stats => 1701044285710,7934,4442,2136,4169000,100
11-27 01:18:05.748  1011  1189 I ASH     : @ 391137.919: tcs3701: stop power rail pending_off timer
11-27 01:18:05.748  1011  1189 D ASH     : @ 391137.919: tcs3701: start power rail timer, state:3
11-27 01:18:05.752  8427  8467 I BatteryMgr:DataCollectionService: stats => 1701044285752,7934,4442,2136,4169000,100
11-27 01:18:05.788  1011  1189 I ASH     : @ 391137.959: tcs3701: stop power rail pending_off timer
11-27 01:18:05.788  1011  1189 D ASH     : @ 391137.959: tcs3701: start power rail timer, state:3
11-27 01:18:05.815  8427  8467 I BatteryMgr:DataCollectionService: stats => 1701044285815,7934,4442,2136,4169000,100
11-27 01:18:05.829  1011  1189 I ASH     : @ 391137.999: tcs3701: stop power rail pending_off timer
11-27 01:18:05.829  1011  1189 D ASH     : @ 391137.999: tcs3701: start power rail timer, state:3
11-27 01:18:05.856  8427  8467 I BatteryMgr:DataCollectionService: stats => 1701044285856,7934,4442,2136,4169000,100
11-27 01:18:05.868  1011  1189 I ASH     : @ 391138.039: tcs3701: stop power rail pending_off timer
11-27 01:18:05.868  1011  1189 D ASH     : @ 391138.039: tcs3701: start power rail timer, state:3
11-27 01:18:05.908  1011  1189 I ASH     : @ 391138.079: tcs3701: stop power rail pending_off timer
11-27 01:18:05.908  1011  1189 D ASH     : @ 391138.079: tcs3701: start power rail timer, state:3
11-27 01:18:05.920  8427  8467 I BatteryMgr:DataCollectionService: stats => 1701044285920,7934,4442,2136,4169000,100
11-27 01:18:05.948  1011  1189 I ASH     : @ 391138.119: tcs3701: stop power rail pending_off timer
11-27 01:18:05.948  1011  1189 D ASH     : @ 391138.119: tcs3701: start power rail timer, state:3
11-27 01:18:05.961  8427  8467 I BatteryMgr:DataCollectionService: stats => 1701044285961,7934,4442,2136,4169000,100
11-27 01:18:05.988  1011  1189 I ASH     : @ 391138.159: tcs3701: stop power rail pending_off timer
11-27 01:18:05.988  1011  1189 D ASH     : @ 391138.159: tcs3701: start power rail timer, state:3
11-27 01:18:06.025  8427  8467 I BatteryMgr:DataCollectionService: stats => 1701044286025,7934,4442,2136,4169000,100
11-27 01:18:06.028  1011  1189 I ASH     : @ 391138.199: tcs3701: stop power rail pending_off timer
11-27 01:18:06.028  1011  1189 D ASH     : @ 391138.199: tcs3701: start power rail timer, state:3
11-27 01:18:06.060  1795  4158 D ActivityManager: freezer override set to true
11-27 01:18:06.065  8427  8467 I BatteryMgr:DataCollectionService: stats => 1701044286065,7934,4442,2136,4169000,100
11-27 01:18:06.069  1011  1189 I ASH     : @ 391138.239: tcs3701: stop power rail pending_off timer
11-27 01:18:06.069  1011  1189 D ASH     : @ 391138.239: tcs3701: start power rail timer, state:3
11-27 01:18:06.109  1011  1189 I ASH     : @ 391138.279: tcs3701: stop power rail pending_off timer
11-27 01:18:06.109  1011  1189 D ASH     : @ 391138.279: tcs3701: start power rail timer, state:3
11-27 01:18:06.128  8427  8467 I BatteryMgr:DataCollectionService: stats => 1701044286128,7934,4442,2136,4169000,100
11-27 01:18:06.149  1011  1189 I ASH     : @ 391138.319: tcs3701: stop power rail pending_off timer
11-27 01:18:06.149  1011  1189 D ASH     : @ 391138.319: tcs3701: start power rail timer, state:3
11-27 01:18:06.160  2113  2118 I pixel-thermal: skin-therm-monitor: 38.169
11-27 01:18:06.170  8427  8467 I BatteryMgr:DataCollectionService: stats => 1701044286170,7934,4442,2136,4169000,100
11-27 01:18:06.188  1011  1189 I ASH     : @ 391138.359: tcs3701: stop power rail pending_off timer
11-27 01:18:06.188  1011  1189 D ASH     : @ 391138.359: tcs3701: start power rail timer, state:3
11-27 01:18:06.229  1011  1189 I ASH     : @ 391138.399: tcs3701: stop power rail pending_off timer
11-27 01:18:06.229  1011  1189 D ASH     : @ 391138.399: tcs3701: start power rail timer, state:3
11-27 01:18:06.232  8427  8467 I BatteryMgr:DataCollectionService: stats => 1701044286232,7934,4442,2136,4169000,100
11-27 01:18:06.258 26792 26949 I m.chrome.canary: Explicit concurrent copying GC freed 3852(192KB) AllocSpace objects, 4(80KB) LOS objects, 75% free, 14MB/58MB, paused 30us,25us total 63.589ms
11-27 01:18:06.269  1011  1189 I ASH     : @ 391138.439: tcs3701: stop power rail pending_off timer
11-27 01:18:06.269  1011  1189 D ASH     : @ 391138.439: tcs3701: start power rail timer, state:3
11-27 01:18:06.275  8427  8467 I BatteryMgr:DataCollectionService: stats => 1701044286275,7934,4442,2136,4169000,100
11-27 01:18:06.309  1011  1189 I ASH     : @ 391138.479: tcs3701: stop power rail pending_off timer
11-27 01:18:06.309  1011  1189 D ASH     : @ 391138.479: tcs3701: start power rail timer, state:3
11-27 01:18:06.328  1795  4158 D ActivityManager: freezer override set to false
11-27 01:18:06.339  8427  8467 I BatteryMgr:DataCollectionService: stats => 1701044286339,7934,4442,2136,4169000,100
11-27 01:18:06.348  1011  1189 I ASH     : @ 391138.519: tcs3701: stop power rail pending_off timer
11-27 01:18:06.348  1011  1189 D ASH     : @ 391138.519: tcs3701: start power rail timer, state:3
11-27 01:18:06.377  1795  4158 D ActivityManager: freezer override set to true
11-27 01:18:06.381  1795  4158 D ActivityManager: freezer override set to false
11-27 01:18:06.384  8427  8467 I BatteryMgr:DataCollectionService: stats => 1701044286384,7934,4442,2136,4169000,100
11-27 01:18:06.389  1011  1189 I ASH     : @ 391138.559: tcs3701: stop power rail pending_off timer
11-27 01:18:06.389  1011  1189 D ASH     : @ 391138.559: tcs3701: start power rail timer, state:3
11-27 01:18:06.426  1795  4158 D ActivityManager: freezer override set to true
11-27 01:18:06.428  1011  1189 I ASH     : @ 391138.599: tcs3701: stop power rail pending_off timer
11-27 01:18:06.429  1011  1189 D ASH     : @ 391138.599: tcs3701: start power rail timer, state:3
11-27 01:18:06.429  1795  4158 D ActivityManager: freezer override set to false
11-27 01:18:06.443  8427  8467 I BatteryMgr:DataCollectionService: stats => 1701044286443,7934,4442,2136,4169000,100
11-27 01:18:06.469  1011  1189 I ASH     : @ 391138.639: tcs3701: stop power rail pending_off timer
11-27 01:18:06.469  1011  1189 D ASH     : @ 391138.639: tcs3701: start power rail timer, state:3
11-27 01:18:06.485  1795  4168 D ActivityManager: freezer override set to true
11-27 01:18:06.489  8427  8467 I BatteryMgr:DataCollectionService: stats => 1701044286489,7934,4442,2136,4169000,100
11-27 01:18:06.492  1795  4168 D ActivityManager: freezer override set to false
11-27 01:18:06.510  1011  1189 I ASH     : @ 391138.679: tcs3701: stop power rail pending_off timer
11-27 01:18:06.510  1011  1189 D ASH     : @ 391138.679: tcs3701: start power rail timer, state:3
11-27 01:18:06.547  8427  8467 I BatteryMgr:DataCollectionService: stats => 1701044286547,7934,4442,2136,4169000,100
11-27 01:18:06.548  1011  1189 I ASH     : @ 391138.719: tcs3701: stop power rail pending_off timer
11-27 01:18:06.548  1011  1189 D ASH     : @ 391138.719: tcs3701: start power rail timer, state:3
11-27 01:18:06.589  1011  1189 I ASH     : @ 391138.759: tcs3701: stop power rail pending_off timer
11-27 01:18:06.589  1011  1189 D ASH     : @ 391138.759: tcs3701: start power rail timer, state:3
11-27 01:18:06.594  8427  8467 I BatteryMgr:DataCollectionService: stats => 1701044286594,7934,4442,2136,4169000,100
11-27 01:18:06.628  1011  1189 I ASH     : @ 391138.799: tcs3701: stop power rail pending_off timer
11-27 01:18:06.629  1011  1189 D ASH     : @ 391138.799: tcs3701: start power rail timer, state:3
11-27 01:18:06.651  8427  8467 I BatteryMgr:DataCollectionService: stats => 1701044286651,7934,4442,2136,4169000,100
11-27 01:18:06.668  1011  1189 I ASH     : @ 391138.839: tcs3701: stop power rail pending_off timer
11-27 01:18:06.668  1011  1189 D ASH     : @ 391138.839: tcs3701: start power rail timer, state:3
11-27 01:18:06.697  8427  8467 I BatteryMgr:DataCollectionService: stats => 1701044286697,7934,4442,2136,4169000,100
11-27 01:18:06.708  1011  1189 I ASH     : @ 391138.879: tcs3701: stop power rail pending_off timer
11-27 01:18:06.708  1011  1189 D ASH     : @ 391138.879: tcs3701: start power rail timer, state:3
11-27 01:18:06.748  1011  1189 I ASH     : @ 391138.919: tcs3701: stop power rail pending_off timer
11-27 01:18:06.748  1011  1189 D ASH     : @ 391138.919: tcs3701: start power rail timer, state:3
11-27 01:18:06.753  1795  2424 D WifiClientModeImpl[13802:wlan0]: updateLinkLayerStatsRssiSpeedFrequencyCapabilities rssi=-42 TxLinkspeed=866 freq=5240 RxLinkSpeed=866
11-27 01:18:06.754  1795  2424 D WifiDataStall: tx tput in kbps: 729503
11-27 01:18:06.754  1795  2424 D WifiDataStall: rx tput in kbps: 767898
11-27 01:18:06.754  1795  2424 V WifiConfigManager: Updating scan detail cache freq=5240 BSSID=f4:6d:2f:12:cc:88 RSSI=-42 for "ourhome"WPA_PSK
11-27 01:18:06.755  2782  5906 D QCNEJ/WlanStaInfoRelay: Received action: android.net.wifi.RSSI_CHANGED
11-27 01:18:06.755  2673 16647 V WifiManager: OnWifiUsabilityStatsListener: onWifiUsabilityStats: seqNum=101180
11-27 01:18:06.756  1795  2424 D WifiChannelUtilization:  freq: 5240 onTime: 11292818 busyTime: 1044777 onTimeDiff: 1644962 busyTimeDiff: 188291 utilization: 29 utilization t0: 23
11-27 01:18:06.756  1795  4168 I WifiService: updateWifiUsabilityScore uid=10180 seqNum=101180 score=100 predictionHorizonSec=1441795
11-27 01:18:06.756  1795  2424 D WifiDataStall:  ccaLevel = 29
11-27 01:18:06.756  1795  2424 D WifiDataStall: L2 txTputKbps: 729503, rxTputKbps: 767898, L3 txTputKbps: 9, rxTputKbps: 19, TxTrafficHigh: true, RxTrafficHigh: true, Throughput Sufficient: true
11-27 01:18:06.756  1795  2424 D WifiScoreReport: Wifi scoring disabled - Don't check IP layer
11-27 01:18:06.757  1795  2424 D WifiScoreCard: BSSID update SIGNAL_POLL ID: 1320464697 SSID: "ourhome", BSSID: f4:6d:2f:12:cc:88, MAC: b2:2f:ec:da:4a:0c, IP: /192.168.1.104, Security type: 2, Supplicant state: COMPLETED, Wi-Fi standard: 5, RSSI: -42, Link speed: 866Mbps, Tx Link speed: 866Mbps, Max Supported Tx Link speed: 866Mbps, Rx Link speed: 866Mbps, Max Supported Rx Link speed: 866Mbps, Frequency: 5240MHz, Net ID: 12, Metered hint: false, score: 60, isUsable: true, CarrierMerged: false, SubscriptionId: -1, IsPrimary: 1, Trusted: true, Restricted: false, Ephemeral: false, OEM paid: false, OEM private: false, OSU AP: false, FQDN: <none>, Provider friendly name: <none>, Requesting package name: <none>"ourhome"wpa2-pskMLO Information: , Is TID-To-Link negotiation supported by the AP: false, AP MLD Address: <none>, AP MLO Link Id: <none>, AP MLO Affiliated links: <none>
11-27 01:18:06.757  1795  2424 D WifiScoreCard: txRate: 6 txSpeed: 866
11-27 01:18:06.757  1795  2424 D WifiScoreCard: network update SIGNAL_POLL "ourhome" ID: 1499892569 RSSI -42 txSpeed 866
11-27 01:18:06.757  1795  2424 D WifiClientModeImpl[13802:wlan0]:  ClientModeImpl$L2ConnectedState screen=on 37 0 "ourhome" f4:6d:2f:12:cc:88 rssi=-42 f=5240 sc=60 link=866 tx=4.8, 0.2, 0.0 rx=2.9 bcn=3704997 [on:192 tx:3 rx:1 period:3017] from screen [on:1656837 period:31852043] score=60
11-27 01:18:06.757  1795  2424 D WifiScoreReport: Wifi scoring disabled - Notify that Wifi is usable
11-27 01:18:06.759  8427  8467 I BatteryMgr:DataCollectionService: stats => 1701044286759,7934,4442,2136,4169000,100
11-27 01:18:06.760  1795  2432 D ConnectivityService: NetReassign [no changes] [c 0] [a 0] [i 3]
11-27 01:18:06.761  1039  1095 D rlsservice: MonitorDisplayStatus client num 0, display status 1, sensor status 0
11-27 01:18:06.788  1011  1189 I ASH     : @ 391138.959: tcs3701: stop power rail pending_off timer
11-27 01:18:06.788  1011  1189 D ASH     : @ 391138.959: tcs3701: start power rail timer, state:3
11-27 01:18:06.803  8427  8467 I BatteryMgr:DataCollectionService: stats => 1701044286803,7934,4442,2136,4169000,100
11-27 01:18:06.828  1011  1189 I ASH     : @ 391138.999: tcs3701: stop power rail pending_off timer
11-27 01:18:06.828  1011  1189 D ASH     : @ 391138.999: tcs3701: start power rail timer, state:3
11-27 01:18:06.864  8427  8467 I BatteryMgr:DataCollectionService: stats => 1701044286864,7934,4442,2136,4169000,100
11-27 01:18:06.868  1011  1189 I ASH     : @ 391139.039: tcs3701: stop power rail pending_off timer
11-27 01:18:06.868  1011  1189 D ASH     : @ 391139.039: tcs3701: start power rail timer, state:3
11-27 01:18:06.907  8427  8467 I BatteryMgr:DataCollectionService: stats => 1701044286907,7934,4442,2136,4169000,100
11-27 01:18:06.908  1011  1189 I ASH     : @ 391139.079: tcs3701: stop power rail pending_off timer
11-27 01:18:06.908  1011  1189 D ASH     : @ 391139.079: tcs3701: start power rail timer, state:3
11-27 01:18:06.948  1011  1189 I ASH     : @ 391139.119: tcs3701: stop power rail pending_off timer
11-27 01:18:06.948  1011  1189 D ASH     : @ 391139.119: tcs3701: start power rail timer, state:3
11-27 01:18:06.968  8427  8467 I BatteryMgr:DataCollectionService: stats => 1701044286968,7934,4442,2136,4169000,100
11-27 01:18:06.990  1011  1189 I ASH     : @ 391139.159: tcs3701: stop power rail pending_off timer
11-27 01:18:06.990  1011  1189 D ASH     : @ 391139.159: tcs3701: start power rail timer, state:3
11-27 01:18:07.012  8427  8467 I BatteryMgr:DataCollectionService: stats => 1701044287012,7934,4442,2136,4169000,100
11-27 01:18:07.029  1011  1189 I ASH     : @ 391139.199: tcs3701: stop power rail pending_off timer
11-27 01:18:07.029  1011  1189 D ASH     : @ 391139.199: tcs3701: start power rail timer, state:3
11-27 01:18:07.069  1011  1189 I ASH     : @ 391139.239: tcs3701: stop power rail pending_off timer
11-27 01:18:07.069  1011  1189 D ASH     : @ 391139.239: tcs3701: start power rail timer, state:3
11-27 01:18:07.072  8427  8467 I BatteryMgr:DataCollectionService: stats => 1701044287072,7934,4442,2136,4169000,100
11-27 01:18:07.108  1011  1189 I ASH     : @ 391139.279: tcs3701: stop power rail pending_off timer
11-27 01:18:07.108  1011  1189 D ASH     : @ 391139.279: tcs3701: start power rail timer, state:3
11-27 01:18:07.118  8427  8467 I BatteryMgr:DataCollectionService: stats => 1701044287118,7934,4442,2136,4169000,100
11-27 01:18:07.148  1011  1189 I ASH     : @ 391139.319: tcs3701: stop power rail pending_off timer
11-27 01:18:07.148  1011  1189 D ASH     : @ 391139.319: tcs3701: start power rail timer, state:3
11-27 01:18:07.177  8427  8467 I BatteryMgr:DataCollectionService: stats => 1701044287177,7934,4442,2136,4169000,100
11-27 01:18:07.189  1011  1189 I ASH     : @ 391139.359: tcs3701: stop power rail pending_off timer
11-27 01:18:07.189  1011  1189 D ASH     : @ 391139.359: tcs3701: start power rail timer, state:3
11-27 01:18:07.223  8427  8467 I BatteryMgr:DataCollectionService: stats => 1701044287223,7934,4442,2136,4169000,100
11-27 01:18:07.228  1011  1189 I ASH     : @ 391139.399: tcs3701: stop power rail pending_off timer
11-27 01:18:07.228  1011  1189 D ASH     : @ 391139.399: tcs3701: start power rail timer, state:3
11-27 01:18:07.270  1011  1189 I ASH     : @ 391139.439: tcs3701: stop power rail pending_off timer
11-27 01:18:07.270  1011  1189 D ASH     : @ 391139.439: tcs3701: start power rail timer, state:3
11-27 01:18:07.281  8427  8467 I BatteryMgr:DataCollectionService: stats => 1701044287281,7934,4442,2136,4169000,100
11-27 01:18:07.308  1011  1189 I ASH     : @ 391139.479: tcs3701: stop power rail pending_off timer
11-27 01:18:07.308  1011  1189 D ASH     : @ 391139.479: tcs3701: start power rail timer, state:3
11-27 01:18:07.328  8427  8467 I BatteryMgr:DataCollectionService: stats => 1701044287328,7934,4442,2136,4169000,100
11-27 01:18:07.348  1011  1189 I ASH     : @ 391139.519: tcs3701: stop power rail pending_off timer
11-27 01:18:07.348  1011  1189 D ASH     : @ 391139.519: tcs3701: start power rail timer, state:3
11-27 01:18:07.387  8427  8467 I BatteryMgr:DataCollectionService: stats => 1701044287387,7934,4442,2136,4169000,100
11-27 01:18:07.389  1011  1189 I ASH     : @ 391139.559: tcs3701: stop power rail pending_off timer
11-27 01:18:07.389  1011  1189 D ASH     : @ 391139.559: tcs3701: start power rail timer, state:3
11-27 01:18:07.428  1011  1189 I ASH     : @ 391139.599: tcs3701: stop power rail pending_off timer
11-27 01:18:07.429  1011  1189 D ASH     : @ 391139.599: tcs3701: start power rail timer, state:3
11-27 01:18:07.433  8427  8467 I BatteryMgr:DataCollectionService: stats => 1701044287433,7934,4442,2136,4169000,100
11-27 01:18:07.469  1011  1189 I ASH     : @ 391139.639: tcs3701: stop power rail pending_off timer
11-27 01:18:07.469  1011  1189 D ASH     : @ 391139.639: tcs3701: start power rail timer, state:3
11-27 01:18:07.491  8427  8467 I BatteryMgr:DataCollectionService: stats => 1701044287491,7934,4442,2136,4169000,100
11-27 01:18:07.497  1795  4158 D ActivityManager: freezer override set to true
11-27 01:18:07.503  1795  4158 D ActivityManager: freezer override set to false
11-27 01:18:07.508  1011  1189 I ASH     : @ 391139.679: tcs3701: stop power rail pending_off timer
11-27 01:18:07.508  1011  1189 D ASH     : @ 391139.679: tcs3701: start power rail timer, state:3
11-27 01:18:07.541  8427  8467 I BatteryMgr:DataCollectionService: stats => 1701044287541,7934,4442,2136,4169000,100
11-27 01:18:07.549  1011  1189 I ASH     : @ 391139.719: tcs3701: stop power rail pending_off timer
11-27 01:18:07.549  1011  1189 D ASH     : @ 391139.719: tcs3701: start power rail timer, state:3
11-27 01:18:07.563  1795  4158 D ActivityManager: freezer override set to true
11-27 01:18:07.588  1011  1189 I ASH     : @ 391139.759: tcs3701: stop power rail pending_off timer
11-27 01:18:07.589  1011  1189 D ASH     : @ 391139.759: tcs3701: start power rail timer, state:3
11-27 01:18:07.597  8427  8467 I BatteryMgr:DataCollectionService: stats => 1701044287597,7934,4442,2136,4169000,100
11-27 01:18:07.628  1011  1189 I ASH     : @ 391139.799: tcs3701: stop power rail pending_off timer
11-27 01:18:07.629  1011  1189 D ASH     : @ 391139.799: tcs3701: start power rail timer, state:3
11-27 01:18:07.645  8427  8467 I BatteryMgr:DataCollectionService: stats => 1701044287645,7934,4442,2136,4169000,100
11-27 01:18:07.669  1011  1189 I ASH     : @ 391139.839: tcs3701: stop power rail pending_off timer
11-27 01:18:07.669  1011  1189 D ASH     : @ 391139.839: tcs3701: start power rail timer, state:3
11-27 01:18:07.674 26792 26949 I m.chrome.canary: Explicit concurrent copying GC freed 4051(207KB) AllocSpace objects, 5(100KB) LOS objects, 75% free, 14MB/58MB, paused 30us,26us total 62.166ms
11-27 01:18:07.702  8427  8467 I BatteryMgr:DataCollectionService: stats => 1701044287702,7934,4442,2136,4169000,100
11-27 01:18:07.708  1011  1189 I ASH     : @ 391139.879: tcs3701: stop power rail pending_off timer
11-27 01:18:07.708  1011  1189 D ASH     : @ 391139.879: tcs3701: start power rail timer, state:3
11-27 01:18:07.743  1795  4158 D ActivityManager: freezer override set to false
11-27 01:18:07.748  1011  1189 I ASH     : @ 391139.919: tcs3701: stop power rail pending_off timer
11-27 01:18:07.748  1011  1189 D ASH     : @ 391139.919: tcs3701: start power rail timer, state:3
11-27 01:18:07.750  8427  8467 I BatteryMgr:DataCollectionService: stats => 1701044287750,7934,4442,2136,4169000,100
11-27 01:18:07.789  1011  1189 I ASH     : @ 391139.959: tcs3701: stop power rail pending_off timer
11-27 01:18:07.789  1011  1189 D ASH     : @ 391139.959: tcs3701: start power rail timer, state:3
11-27 01:18:07.792  1795  4158 D ActivityManager: freezer override set to true
11-27 01:18:07.796  1795  4158 D ActivityManager: freezer override set to false
11-27 01:18:07.809  8427  8467 I BatteryMgr:DataCollectionService: stats => 1701044287809,7934,4442,2136,4169000,100
11-27 01:18:07.828  1011  1189 I ASH     : @ 391139.999: tcs3701: stop power rail pending_off timer
11-27 01:18:07.829  1011  1189 D ASH     : @ 391139.999: tcs3701: start power rail timer, state:3
11-27 01:18:07.843  1795  4168 D ActivityManager: freezer override set to true
11-27 01:18:07.847  1795  4168 D ActivityManager: freezer override set to false
11-27 01:18:07.855  8427  8467 I BatteryMgr:DataCollectionService: stats => 1701044287855,7934,4442,2136,4169000,100
11-27 01:18:07.870  1011  1189 I ASH     : @ 391140.039: tcs3701: stop power rail pending_off timer
11-27 01:18:07.870  1011  1189 D ASH     : @ 391140.039: tcs3701: start power rail timer, state:3
11-27 01:18:07.908  1011  1189 I ASH     : @ 391140.079: tcs3701: stop power rail pending_off timer
11-27 01:18:07.908  1011  1189 D ASH     : @ 391140.079: tcs3701: start power rail timer, state:3
11-27 01:18:07.913  8427  8467 I BatteryMgr:DataCollectionService: stats => 1701044287913,7934,4442,2136,4169000,100
11-27 01:18:07.949  1011  1189 I ASH     : @ 391140.119: tcs3701: stop power rail pending_off timer
11-27 01:18:07.949  1011  1189 D ASH     : @ 391140.119: tcs3701: start power rail timer, state:3
11-27 01:18:07.960  8427  8467 I BatteryMgr:DataCollectionService: stats => 1701044287960,7934,4442,2136,4169000,100
11-27 01:18:07.988  1011  1189 I ASH     : @ 391140.159: tcs3701: stop power rail pending_off timer
11-27 01:18:07.988  1011  1189 D ASH     : @ 391140.159: tcs3701: start power rail timer, state:3
11-27 01:18:08.019  8427  8467 I BatteryMgr:DataCollectionService: stats => 1701044288019,7934,4442,2136,4169000,100
11-27 01:18:08.029  1011  1189 I ASH     : @ 391140.199: tcs3701: stop power rail pending_off timer
11-27 01:18:08.029  1011  1189 D ASH     : @ 391140.199: tcs3701: start power rail timer, state:3
11-27 01:18:08.065  8427  8467 I BatteryMgr:DataCollectionService: stats => 1701044288065,7934,4442,2136,4169000,100
11-27 01:18:08.069  1011  1189 I ASH     : @ 391140.239: tcs3701: stop power rail pending_off timer
11-27 01:18:08.069  1011  1189 D ASH     : @ 391140.239: tcs3701: start power rail timer, state:3
11-27 01:18:08.108  1011  1189 I ASH     : @ 391140.279: tcs3701: stop power rail pending_off timer
11-27 01:18:08.108  1011  1189 D ASH     : @ 391140.279: tcs3701: start power rail timer, state:3
11-27 01:18:08.123  8427  8467 I BatteryMgr:DataCollectionService: stats => 1701044288123,7934,4442,2136,4169000,100
11-27 01:18:08.149  1011  1189 I ASH     : @ 391140.319: tcs3701: stop power rail pending_off timer
11-27 01:18:08.149  1011  1189 D ASH     : @ 391140.319: tcs3701: start power rail timer, state:3
11-27 01:18:08.163  2113  2118 I pixel-thermal: skin-therm-monitor: 38.193
11-27 01:18:08.170  8427  8467 I BatteryMgr:DataCollectionService: stats => 1701044288170,7934,4442,2136,4169000,100
11-27 01:18:08.188  1011  1189 I ASH     : @ 391140.359: tcs3701: stop power rail pending_off timer
11-27 01:18:08.188  1011  1189 D ASH     : @ 391140.359: tcs3701: start power rail timer, state:3
