11-27 01:13:23.574 20017 20040 E cr_ChromiumAndroidLinker: CompareRelroAndReplaceItBy: RELRO is not identical
11-27 01:13:23.576 19928 19928 W m.chrome.canary: Accessing hidden method Landroid/telephony/TelephonyManager;->getSubscriberInfoService()Lcom/android/internal/telephony/IPhoneSubInfo; (blocked, reflection, denied)
11-27 01:13:23.576 19928 19928 W m.chrome.canary: Accessing hidden method Landroid/telephony/TelephonyManager;->getSubscriberInfoService()Lcom/android/internal/telephony/IPhoneSubInfo; (blocked, reflection, denied)
11-27 01:13:23.576 19928 19928 W m.chrome.canary: Accessing hidden method Landroid/telephony/TelephonyManager;->getSubscriptionService()Lcom/android/internal/telephony/ISub; (blocked, reflection, denied)
11-27 01:13:23.577 19928 19928 W m.chrome.canary: Accessing hidden method Landroid/telephony/TelephonyManager;->getSubscriptionService()Lcom/android/internal/telephony/ISub; (blocked, reflection, denied)
11-27 01:13:23.577 20017 20040 I cr_LibraryLoader: Successfully loaded native library
11-27 01:13:23.577 19928 19928 W m.chrome.canary: Accessing hidden method Landroid/telephony/TelephonyManager;->getSmsService()Lcom/android/internal/telephony/ISms; (blocked, reflection, denied)
11-27 01:13:23.577 19928 19928 W m.chrome.canary: Accessing hidden method Landroid/telephony/TelephonyManager;->getSmsService()Lcom/android/internal/telephony/ISms; (blocked, reflection, denied)
11-27 01:13:23.577 20017 20040 I cr_CachingUmaRecorder: Flushed 4 samples from 4 histograms, 0 samples were dropped.
11-27 01:13:23.577 19928 19928 W m.chrome.canary: Accessing hidden method Landroid/telephony/TelephonyManager;->getITelephony()Lcom/android/internal/telephony/ITelephony; (max-target-p, reflection, denied)
11-27 01:13:23.577 19928 19928 W m.chrome.canary: Accessing hidden method Landroid/telephony/TelephonyManager;->getITelephony()Lcom/android/internal/telephony/ITelephony; (max-target-p, reflection, denied)
11-27 01:13:23.582 20017 20040 I AdrenoGLES-0: QUALCOMM build                   : 4783c89, I46ff5fc46f
11-27 01:13:23.582 20017 20040 I AdrenoGLES-0: Build Date                       : 11/30/20
11-27 01:13:23.582 20017 20040 I AdrenoGLES-0: OpenGL ES Shader Compiler Version: EV031.31.04.01
11-27 01:13:23.582 20017 20040 I AdrenoGLES-0: Local Branch                     : QPR2
11-27 01:13:23.582 20017 20040 I AdrenoGLES-0: Remote Branch                    : 
11-27 01:13:23.582 20017 20040 I AdrenoGLES-0: Remote Branch                    : 
11-27 01:13:23.582 20017 20040 I AdrenoGLES-0: Reconstruct Branch               : 
11-27 01:13:23.582 20017 20040 I AdrenoGLES-0: Build Config                     : S P 10.0.4 AArch64
11-27 01:13:23.582 20017 20040 I AdrenoGLES-0: Driver Path                      : /vendor/lib64/egl/libGLESv2_adreno.so
11-27 01:13:23.585 20017 20040 I AdrenoGLES-0: PFP: 0x016dd093, ME: 0x00000000
11-27 01:13:23.586 20017 20040 W AdrenoUtils: <ReadGpuID_from_sysfs:197>: Failed to open /sys/class/kgsl/kgsl-3d0/gpu_model
11-27 01:13:23.586 20017 20040 W AdrenoUtils: <ReadGpuID:221>: Failed to read chip ID from gpu_model. Fallback to use the GSL path
11-27 01:13:23.589  1011  1189 I ASH     : @ 390855.759: tcs3701: stop power rail pending_off timer
11-27 01:13:23.589  1011  1189 D ASH     : @ 390855.759: tcs3701: start power rail timer, state:3
11-27 01:13:23.594 19928 19928 I cr_ChromeTabbedActivity: #initializeState
11-27 01:13:23.610 19928 19928 E m.chrome.canary: Invalid ID 0x00000000.
11-27 01:13:23.617 20017 20040 D vulkan  : searching for layers in '/data/app/~~z5-dMYmQLvS-4mWZ9yqnFA==/com.chrome.canary-7Pcck9f8OWCuqG0lIoq4tg==/lib/arm64'
11-27 01:13:23.618 20017 20040 D vulkan  : searching for layers in '/data/app/~~z5-dMYmQLvS-4mWZ9yqnFA==/com.chrome.canary-7Pcck9f8OWCuqG0lIoq4tg==/base.apk!/lib/arm64-v8a'
11-27 01:13:23.618 20017 20040 D vulkan  : searching for layers in '/data/app/~~xK2KNYhs7Vn18sxJkcMggA==/com.google.android.trichromelibrary.canary_614500033-17M9CAQF6V59_-2q0N8dYA==/base.apk!/lib/arm64-v8a'
11-27 01:13:23.621 20017 20040 I AdrenoVK-0: ===== BEGIN DUMP OF OVERRIDDEN SETTINGS =====
11-27 01:13:23.621 20017 20040 I AdrenoVK-0: ===== END DUMP OF OVERRIDDEN SETTINGS =====
11-27 01:13:23.622 20017 20040 I AdrenoVK-0: QUALCOMM build          : 4783c89, I46ff5fc46f
11-27 01:13:23.622 20017 20040 I AdrenoVK-0: Build Date              : 11/30/20
11-27 01:13:23.622 20017 20040 I AdrenoVK-0: Shader Compiler Version : EV031.31.04.01
11-27 01:13:23.622 20017 20040 I AdrenoVK-0: Local Branch            : QPR2
11-27 01:13:23.622 20017 20040 I AdrenoVK-0: Remote Branch           : 
11-27 01:13:23.622 20017 20040 I AdrenoVK-0: Remote Branch           : 
11-27 01:13:23.622 20017 20040 I AdrenoVK-0: Reconstruct Branch      : 
11-27 01:13:23.622 20017 20040 I AdrenoVK-0: Build Config            : S P 10.0.4 AArch64
11-27 01:13:23.622 20017 20040 I AdrenoVK-0: Driver Path             : /vendor/lib64/hw/vulkan.adreno.so
11-27 01:13:23.625  8427  8467 I BatteryMgr:DataCollectionService: stats => 1701044003625,12512,4442,2136,4169000,100
11-27 01:13:23.628  1011  1189 I ASH     : @ 390855.799: tcs3701: stop power rail pending_off timer
11-27 01:13:23.628  1011  1189 D ASH     : @ 390855.799: tcs3701: start power rail timer, state:3
11-27 01:13:23.630 19928 19928 V MediaRouter: Selecting route: RouteInfo{ name=Phone, description=null, status=null, category=RouteCategory{ name=System types=ROUTE_TYPE_LIVE_AUDIO ROUTE_TYPE_LIVE_VIDEO  groupable=false }, supportedTypes=ROUTE_TYPE_LIVE_AUDIO ROUTE_TYPE_LIVE_VIDEO , presentationDisplay=null }
11-27 01:13:23.630 19928 19928 I MediaRouter: Skip setBluetoothA2dpOn(): types=8388615, isPlaybackActive()=false, BT route=null
11-27 01:13:23.630 19928 19928 W m.chrome.canary: Accessing hidden field Landroid/media/MediaRouter;->sStatic:Landroid/media/MediaRouter$Static; (max-target-o, reflection, denied)
11-27 01:13:23.631 19928 19928 I GlobalMediaRouter: Found default route: MediaRouter.RouteInfo{ uniqueId=DEFAULT_ROUTE, name=Phone, description=null, iconUri=null, enabled=true, isSystemRoute=true, connectionState=0, canDisconnect=false, playbackType=0, playbackStream=3, deviceType=0, volumeHandling=1, volume=0, volumeMax=25, presentationDisplayId=-1, extras=null, settingsIntent=null, providerPackageName=android }
11-27 01:13:23.631 19928 19928 I GlobalMediaRouter: Unselecting the current route because it is no longer selectable: null
11-27 01:13:23.632 20017 20050 W Parcel  : Expecting binder but got null!
11-27 01:13:23.638 19928 19999 W cr_media: BLUETOOTH_CONNECT permission is missing.
11-27 01:13:23.639 19928 19999 W cr_media: registerBluetoothIntentsIfNeeded: Requires BLUETOOTH permission
11-27 01:13:23.645 20002 20037 I cr_LibraryLoader: Successfully loaded native library
11-27 01:13:23.646 20002 20037 I cr_CachingUmaRecorder: Flushed 3 samples from 3 histograms, 0 samples were dropped.
11-27 01:13:23.668  1011  1189 I ASH     : @ 390855.839: tcs3701: stop power rail pending_off timer
11-27 01:13:23.668  1011  1189 D ASH     : @ 390855.839: tcs3701: start power rail timer, state:3
11-27 01:13:23.669 30340 31148 I FontLog : (REDACTED) Received query %s, URI %s
11-27 01:13:23.670 30340 31148 I FontLog : (REDACTED) Query [%s] resolved to %s
11-27 01:13:23.673 30340 31148 I FontLog : (REDACTED) Font PFD returned from cache for %s
11-27 01:13:23.673 30340 31148 I FontLog : (REDACTED) Fetch %s end status %s
11-27 01:13:23.675 30340 31148 I FontLog : (REDACTED) Pulling font file for id = %d, cache size = %d
11-27 01:13:23.679 30340 31148 I FontLog : (REDACTED) Received query %s, URI %s
11-27 01:13:23.680 30340 31148 I FontLog : (REDACTED) Query [%s] resolved to %s
11-27 01:13:23.682 30340 31148 I FontLog : (REDACTED) Fetch %s end status %s
11-27 01:13:23.684 30340 31148 I FontLog : (REDACTED) Pulling font file for id = %d, cache size = %d
11-27 01:13:23.688 30340 31148 I FontLog : (REDACTED) Received query %s, URI %s
11-27 01:13:23.691 30340 31148 I FontLog : (REDACTED) Query [%s] resolved to %s
11-27 01:13:23.692 19928 19990 W chromium: [WARNING:ev_root_ca_metadata.cc(119)] Not implemented
11-27 01:13:23.695 30340 31148 I FontLog : (REDACTED) Font PFD returned from cache for %s
11-27 01:13:23.695 30340 31148 I FontLog : (REDACTED) Fetch %s end status %s
11-27 01:13:23.697 30340 31148 I FontLog : (REDACTED) Pulling font file for id = %d, cache size = %d
11-27 01:13:23.703  3563 12269 D MediaProvider: Open with FUSE. FilePath: /storage/emulated/0/Download/batterymanager-companion-1.0.0.zip. Uid: 10010. Media Capabilities Uid: 0. ShouldRedact: false. ShouldTranscode: false
11-27 01:13:23.704 30340 31148 I FontLog : (REDACTED) Received query %s, URI %s
11-27 01:13:23.704 30340 31148 I FontLog : (REDACTED) Query [%s] resolved to %s
11-27 01:13:23.705 30340 31148 I FontLog : (REDACTED) Font PFD returned from cache for %s
11-27 01:13:23.706 30340 31148 I FontLog : (REDACTED) Fetch %s end status %s
11-27 01:13:23.708  1011  1189 I ASH     : @ 390855.879: tcs3701: stop power rail pending_off timer
11-27 01:13:23.709  1011  1189 D ASH     : @ 390855.879: tcs3701: start power rail timer, state:3
11-27 01:13:23.709 30340 16411 I FontLog : (REDACTED) Pulling font file for id = %d, cache size = %d
11-27 01:13:23.717  3563 12269 D MediaProvider: Open with FUSE. FilePath: /storage/emulated/0/Download/com.example.batterymanager_utility (1).apk. Uid: 10010. Media Capabilities Uid: 0. ShouldRedact: false. ShouldTranscode: false
11-27 01:13:23.718  1795  3658 W InputManager-JNI: Input channel object '5077875 Splash Screen com.chrome.canary (client)' was disposed without first being removed with the input manager!
11-27 01:13:23.725  3875  3875 I dzhj    : onStop
11-27 01:13:23.725  2940  3994 D OneSearchSuggestProvider: Shut down the binder channel
11-27 01:13:23.726  2940 28173 I s.nexuslauncher: oneway function results for code 2 on binder at 0xb40000709521d610 will be dropped but finished with status UNKNOWN_TRANSACTION
11-27 01:13:23.729  3657  3683 D ForegroundUtils: Foreground UID status:
11-27 01:13:23.729  3657  3683 D ForegroundUtils: UID: 10010 is in foreground: true
11-27 01:13:23.729  3657  3683 D ForegroundUtils: UID: 10128 is in foreground: true
11-27 01:13:23.729  3657  3683 D ForegroundUtils: UID: 10158 is in foreground: true
11-27 01:13:23.729  3657  3683 D ForegroundUtils: UID: 10189 is in foreground: false
11-27 01:13:23.729  3657  3683 D ForegroundUtils: UID: 10194 is in foreground: true
11-27 01:13:23.729  3657  3683 D ForegroundUtils: UID: 10206 is in foreground: false
11-27 01:13:23.729  3657  3683 D ForegroundUtils: UID: 10207 is in foreground: true
11-27 01:13:23.729  3657  3683 D ForegroundUtils: UID: 10233 is in foreground: true
11-27 01:13:23.729  3657  3683 D ForegroundUtils: UID: 10244 is in foreground: false
11-27 01:13:23.729  3657  3683 D ForegroundUtils: UID: 90000 is in foreground: true
11-27 01:13:23.729  3657  3683 D ForegroundUtils: UID: 99004 is in foreground: true
11-27 01:13:23.738  3563 12269 D MediaProvider: Open with FUSE. FilePath: /storage/emulated/0/Download/com.example.batterymanager_utility.apk. Uid: 10010. Media Capabilities Uid: 0. ShouldRedact: false. ShouldTranscode: false
11-27 01:13:23.738 20017 20063 W VideoCapabilities: Unrecognized level 1879048707 for video/x-vnd.on2.vp8
11-27 01:13:23.738 20017 20063 W VideoCapabilities: Unrecognized profile 1879048704 for video/x-vnd.on2.vp8
11-27 01:13:23.738 20017 20063 W VideoCapabilities: Unrecognized level 1879048707 for video/x-vnd.on2.vp8
11-27 01:13:23.738 20017 20063 W VideoCapabilities: Unrecognized profile 1879048704 for video/x-vnd.on2.vp8
11-27 01:13:23.739  8427  8467 I BatteryMgr:DataCollectionService: stats => 1701044003739,12512,4442,2136,4169000,100
11-27 01:13:23.740 20017 20063 W VideoCapabilities: Unsupported mime image/vnd.android.heic
11-27 01:13:23.741 20017 20063 W VideoCapabilities: Unrecognized level 1879048707 for video/x-vnd.on2.vp8
11-27 01:13:23.741 20017 20063 W VideoCapabilities: Unrecognized profile 1879048704 for video/x-vnd.on2.vp8
11-27 01:13:23.741 20017 20063 W VideoCapabilities: Unrecognized level 1879048707 for video/x-vnd.on2.vp8
11-27 01:13:23.741 20017 20063 W VideoCapabilities: Unrecognized profile 1879048704 for video/x-vnd.on2.vp8
11-27 01:13:23.746 20017 20063 W cr_VAUtil: Unknown profile: 1879048704 for codec video/x-vnd.on2.vp8
11-27 01:13:23.748  1011  1189 I ASH     : @ 390855.919: tcs3701: stop power rail pending_off timer
11-27 01:13:23.748  1011  1189 D ASH     : @ 390855.919: tcs3701: start power rail timer, state:3
11-27 01:13:23.750 20017 20051 I AdrenoVK-0: QUALCOMM build          : 4783c89, I46ff5fc46f
11-27 01:13:23.750 20017 20051 I AdrenoVK-0: Build Date              : 11/30/20
11-27 01:13:23.750 20017 20051 I AdrenoVK-0: Shader Compiler Version : EV031.31.04.01
11-27 01:13:23.750 20017 20051 I AdrenoVK-0: Local Branch            : QPR2
11-27 01:13:23.750 20017 20051 I AdrenoVK-0: Remote Branch           : 
11-27 01:13:23.750 20017 20051 I AdrenoVK-0: Remote Branch           : 
11-27 01:13:23.750 20017 20051 I AdrenoVK-0: Reconstruct Branch      : 
11-27 01:13:23.750 20017 20051 I AdrenoVK-0: Build Config            : S P 10.0.4 AArch64
11-27 01:13:23.750 20017 20051 I AdrenoVK-0: Driver Path             : /vendor/lib64/hw/vulkan.adreno.so
11-27 01:13:23.753 19928 19928 I cr_OfflineIndicator: onConnectionTypeChanged 2
11-27 01:13:23.754 19928 19928 I cr_OfflineIndicator: Reported by system: [ Transports: WIFI Capabilities: NOT_METERED&INTERNET&NOT_RESTRICTED&TRUSTED&NOT_VPN&VALIDATED&NOT_ROAMING&FOREGROUND&NOT_CONGESTED&NOT_SUSPENDED&NOT_VCN_MANAGED LinkUpBandwidth>=4532Kbps LinkDnBandwidth>=58032Kbps TransportInfo: <SSID: <unknown ssid>, BSSID: 02:00:00:00:00:00, MAC: 02:00:00:00:00:00, IP: /192.168.1.104, Security type: 2, Supplicant state: COMPLETED, Wi-Fi standard: 5, RSSI: -44, Link speed: 866Mbps, Tx Link speed: 866Mbps, Max Supported Tx Link speed: 866Mbps, Rx Link speed: 866Mbps, Max Supported Rx Link speed: 866Mbps, Frequency: 5240MHz, Net ID: -1, Metered hint: false, score: 60, isUsable: true, CarrierMerged: false, SubscriptionId: -1, IsPrimary: -1, Trusted: true, Restricted: false, Ephemeral: false, OEM paid: false, OEM private: false, OSU AP: false, FQDN: <none>, Provider friendly name: <none>, Requesting package name: <none><none>MLO Information: , Is TID-To-Link negotiation supported by the AP: false, AP MLD Address: <none>, AP MLO Link Id: <none>, AP MLO Affiliated links: <none>> SignalStrength: -44 UnderlyingNetworks: Null]
11-27 01:13:23.754 19928 19928 I cr_OfflineIndicator: setConnectionState connectionState=4
11-27 01:13:23.754 19928 19928 W Settings: Setting airplane_mode_on has moved from android.provider.Settings.System to android.provider.Settings.Global, returning read-only value.
11-27 01:13:23.755 19928 19928 I cr_OfflineDetector: Received connection change state message. mConnectivityDetectorInitialized: true, mTimeWhenLastForegrounded: 390852568, getElapsedTime: 390852569, mTimeWhenLastOfflineNotificationReceived: 0, mTimeWhenLastOnline: 390852569, mTimeWhenAirplaneModeToggledOff: 0 mApplicationState: 1, mIsOfflineLastReportedByConnectivityDetector: false, mInAirplaneMode: false mIsEffectivelyOffline: false
11-27 01:13:23.755 19928 19928 I cr_OfflineDetector: onConnectionStateChanged(): previousLastReportedStateByOfflineDetector: false
11-27 01:13:23.755 19928 19928 I cr_OfflineDetector: Running updateState mConnectivityDetectorInitialized: true, mTimeWhenLastForegrounded: 390852568, getElapsedTime: 390852570, mTimeWhenLastOfflineNotificationReceived: 0, mTimeWhenLastOnline: 390852569, mTimeWhenAirplaneModeToggledOff: 0 mApplicationState: 1, mIsOfflineLastReportedByConnectivityDetector: false, mInAirplaneMode: false mIsEffectivelyOffline: false
11-27 01:13:23.755 19928 19928 I cr_OfflineDetector: updateState(): timeSinceLastForeground: 2, timeSinceOfflineNotificationReceived: 390852570, timeSinceLastOnline: 1, timeNeededForForeground: 1998, timeNeededForOffline: -390850570 timeSinceAirplaneModeToggledOff: 390852570 timeNeededAfterConnectionChangeFromOnlineToOffline: 9999 timeNeededAfterConnectionChangeFromAirplaneToOffline: 0
11-27 01:13:23.755 19928 19928 I cr_OfflineDetector: Running mUpdateOfflineStatusIndicatorDelayedRunnable start. mConnectivityDetectorInitialized: true, mTimeWhenLastForegrounded: 390852568, getElapsedTime: 390852570, mTimeWhenLastOfflineNotificationReceived: 0, mTimeWhenLastOnline: 390852569, mTimeWhenAirplaneModeToggledOff: 0 mApplicationState: 1, mIsOfflineLastReportedByConnectivityDetector: false, mInAirplaneMode: false mIsEffectivelyOffline: false
11-27 01:13:23.755 19928 19928 I cr_OfflineDetector: Running mUpdateOfflineStatusIndicatorDelayedRunnable end. mConnectivityDetectorInitialized: true, mTimeWhenLastForegrounded: 390852568, getElapsedTime: 390852570, mTimeWhenLastOfflineNotificationReceived: 0, mTimeWhenLastOnline: 390852569, mTimeWhenAirplaneModeToggledOff: 0 mApplicationState: 1, mIsOfflineLastReportedByConnectivityDetector: false, mInAirplaneMode: false mIsEffectivelyOffline: false
11-27 01:13:23.755 19928 19928 I cr_OfflineIndicator: processConnectivityCheckResult mConnectionState=4 mConnectivityCheckingStage=1
11-27 01:13:23.772 20002 20037 I tflite  : Initialized TensorFlow Lite runtime.
11-27 01:13:23.772 20002 20037 W libc    : Access denied finding property "ro.mediatek.platform"
11-27 01:13:23.772 20002 20037 W libc    : Access denied finding property "ro.chipname"
11-27 01:13:23.772 20002 20037 W libc    : Access denied finding property "ro.hardware.chipname"
11-27 01:13:23.789  1011  1189 I ASH     : @ 390855.959: tcs3701: stop power rail pending_off timer
11-27 01:13:23.789  1011  1189 D ASH     : @ 390855.959: tcs3701: start power rail timer, state:3
11-27 01:13:23.805 19928 19996 W chromium: [WARNING:ev_root_ca_metadata.cc(119)] Not implemented
11-27 01:13:23.807   595   595 I servicemanager: Could not find android.hardware.graphics.allocator.IAllocator/default in the VINTF manifest.
11-27 01:13:23.809 19928 19998 W chromium: [WARNING:ev_root_ca_metadata.cc(119)] Not implemented
11-27 01:13:23.809 19928 19998 W chromium: [WARNING:ev_root_ca_metadata.cc(119)] Not implemented
11-27 01:13:23.811 19928 19989 W chromium: [WARNING:ev_root_ca_metadata.cc(119)] Not implemented
11-27 01:13:23.811 19928 19998 W chromium: [WARNING:ev_root_ca_metadata.cc(119)] Not implemented
11-27 01:13:23.825 19928 19989 W chromium: [WARNING:ev_root_ca_metadata.cc(119)] Not implemented
11-27 01:13:23.825 19928 19989 W chromium: [WARNING:ev_root_ca_metadata.cc(119)] Not implemented
11-27 01:13:23.825 19928 19992 W chromium: [WARNING:ev_root_ca_metadata.cc(119)] Not implemented
11-27 01:13:23.826 19928 19990 W chromium: [WARNING:ev_root_ca_metadata.cc(119)] Not implemented
11-27 01:13:23.828  1011  1189 I ASH     : @ 390855.999: tcs3701: stop power rail pending_off timer
11-27 01:13:23.828  1011  1189 D ASH     : @ 390855.999: tcs3701: start power rail timer, state:3
11-27 01:13:23.836 19928 19990 W chromium: [WARNING:ev_root_ca_metadata.cc(119)] Not implemented
11-27 01:13:23.837 19928 19990 W chromium: [WARNING:ev_root_ca_metadata.cc(119)] Not implemented
11-27 01:13:23.841  1795  2262 D ConnectivityService: requestNetwork for uid/pid:10010/19928 activeRequest: null callbackRequest: 11183 [NetworkRequest [ REQUEST id=11184, [ Capabilities: INTERNET&NOT_RESTRICTED&TRUSTED&NOT_VCN_MANAGED Uid: 10010 RequestorUid: 10010 RequestorPkg: com.chrome.canary UnderlyingNetworks: Null] ]] callback flags: 0 order: 2147483647
11-27 01:13:23.845  3563 12269 D MediaProvider: Open with FUSE. FilePath: /storage/emulated/0/Download/batterymanager-companion-1.0.0.zip. Uid: 10010. Media Capabilities Uid: 0. ShouldRedact: false. ShouldTranscode: false
11-27 01:13:23.846  1795  2424 D WifiNetworkFactory: got request NetworkRequest [ REQUEST id=11184, [ Capabilities: INTERNET&NOT_RESTRICTED&TRUSTED&NOT_VCN_MANAGED Uid: 10010 RequestorUid: 10010 RequestorPkg: com.chrome.canary UnderlyingNetworks: Null] ]
11-27 01:13:23.846  1795  2424 V WifiNetworkFactory: Accepted network request NetworkRequest [ REQUEST id=11184, [ Capabilities: INTERNET&NOT_RESTRICTED&TRUSTED&NOT_VCN_MANAGED Uid: 10010 RequestorUid: 10010 RequestorPkg: com.chrome.canary UnderlyingNetworks: Null] ]
11-27 01:13:23.846  1795  2424 D UntrustedWifiNetworkFactory: got request NetworkRequest [ REQUEST id=11184, [ Capabilities: INTERNET&NOT_RESTRICTED&TRUSTED&NOT_VCN_MANAGED Uid: 10010 RequestorUid: 10010 RequestorPkg: com.chrome.canary UnderlyingNetworks: Null] ]
11-27 01:13:23.846  1795  2424 D OemPaidWifiNetworkFactory: got request NetworkRequest [ REQUEST id=11184, [ Capabilities: INTERNET&NOT_RESTRICTED&TRUSTED&NOT_VCN_MANAGED Uid: 10010 RequestorUid: 10010 RequestorPkg: com.chrome.canary UnderlyingNetworks: Null] ]
11-27 01:13:23.846  1795  2424 D MultiInternetWifiNetworkFactory: got request NetworkRequest [ REQUEST id=11184, [ Capabilities: INTERNET&NOT_RESTRICTED&TRUSTED&NOT_VCN_MANAGED Uid: 10010 RequestorUid: 10010 RequestorPkg: com.chrome.canary UnderlyingNetworks: Null] ]
11-27 01:13:23.847  1795  2432 D ConnectivityService: NetReassign [11184 : null → 100] [c 0] [a 1] [i 4]
11-27 01:13:23.848  8427  8467 I BatteryMgr:DataCollectionService: stats => 1701044003848,12512,4442,2136,4169000,100
11-27 01:13:23.855  3563 12269 D MediaProvider: Open with FUSE. FilePath: /storage/emulated/0/Download/com.example.batterymanager_utility (1).apk. Uid: 10010. Media Capabilities Uid: 0. ShouldRedact: false. ShouldTranscode: false
11-27 01:13:23.856  1795  2432 D ConnectivityService: NetReassign [no changes] [c 0] [a 2] [i 3]
11-27 01:13:23.858 19928 19928 I cr_InactivityTracker: Last background time read from the SharedPreference is:-1.
11-27 01:13:23.861 19928 19928 I cr_VideoPersist: Exited picture in picture with reason: 0
11-27 01:13:23.862  3563 12269 D MediaProvider: Open with FUSE. FilePath: /storage/emulated/0/Download/com.example.batterymanager_utility.apk. Uid: 10010. Media Capabilities Uid: 0. ShouldRedact: false. ShouldTranscode: false
11-27 01:13:23.862 19928 19928 I cr_InactivityTracker: Last visible time read from the SharedPreference is:1701043872120.
11-27 01:13:23.868  1011  1189 I ASH     : @ 390856.039: tcs3701: stop power rail pending_off timer
11-27 01:13:23.868  1011  1189 D ASH     : @ 390856.039: tcs3701: start power rail timer, state:3
11-27 01:13:23.880 19928 19928 I cr_PwaRestore: Not showing PWA Restore promo, feature flag is disabled
11-27 01:13:23.892 19928 19928 I cr_InactivityTracker: Last visible time read from the SharedPreference is:1701044003862.
11-27 01:13:23.910  1011  1189 I ASH     : @ 390856.079: tcs3701: stop power rail pending_off timer
11-27 01:13:23.910  1011  1189 D ASH     : @ 390856.079: tcs3701: start power rail timer, state:3
11-27 01:13:23.934 19928 19989 W chromium: [WARNING:ev_root_ca_metadata.cc(119)] Not implemented
11-27 01:13:23.948  1011  1189 I ASH     : @ 390856.119: tcs3701: stop power rail pending_off timer
11-27 01:13:23.948  1011  1189 D ASH     : @ 390856.119: tcs3701: start power rail timer, state:3
11-27 01:13:23.955  8427  8467 I BatteryMgr:DataCollectionService: stats => 1701044003955,12512,4442,2136,4169000,100
11-27 01:13:23.967 19928 19989 W chromium: [WARNING:ev_root_ca_metadata.cc(119)] Not implemented
11-27 01:13:23.967 19928 19989 W chromium: [WARNING:ev_root_ca_metadata.cc(119)] Not implemented
11-27 01:13:23.977 19928 19928 I Choreographer: Skipped 56 frames!  The application may be doing too much work on its main thread.
11-27 01:13:23.990  1011  1189 I ASH     : @ 390856.159: tcs3701: stop power rail pending_off timer
11-27 01:13:23.990  1011  1189 D ASH     : @ 390856.159: tcs3701: start power rail timer, state:3
11-27 01:13:23.996 19928 19928 I cr_PolicyProvider: #notifySettingsAvailable() 0
11-27 01:13:23.996 19928 19928 I cr_CombinedPProvider: #onSettingsAvailable() 0
11-27 01:13:23.996 19928 19928 I cr_CombinedPProvider: #flushPolicies()
11-27 01:13:23.996 19928 19928 I cr_PolicyService: #onPolicyServiceInitialized()
11-27 01:13:23.998 19928 19928 I cr_PolicyProvider: #notifySettingsAvailable() 0
11-27 01:13:23.998 19928 19928 I cr_CombinedPProvider: #onSettingsAvailable() 0
11-27 01:13:23.998 19928 19928 I cr_CombinedPProvider: #flushPolicies()
11-27 01:13:24.016 19928 19928 V MediaRouter: Selecting route: RouteInfo{ name=Phone, description=null, status=null, category=RouteCategory{ name=System types=ROUTE_TYPE_LIVE_AUDIO ROUTE_TYPE_LIVE_VIDEO  groupable=false }, supportedTypes=ROUTE_TYPE_LIVE_AUDIO ROUTE_TYPE_LIVE_VIDEO , presentationDisplay=null }
11-27 01:13:24.029  1011  1189 I ASH     : @ 390856.199: tcs3701: stop power rail pending_off timer
11-27 01:13:24.029  1011  1189 D ASH     : @ 390856.199: tcs3701: start power rail timer, state:3
11-27 01:13:24.061  8427  8467 I BatteryMgr:DataCollectionService: stats => 1701044004061,12512,4442,2136,4169000,100
11-27 01:13:24.069  1011  1189 I ASH     : @ 390856.239: tcs3701: stop power rail pending_off timer
11-27 01:13:24.069  1011  1189 D ASH     : @ 390856.239: tcs3701: start power rail timer, state:3
11-27 01:13:24.108  1011  1189 I ASH     : @ 390856.279: tcs3701: stop power rail pending_off timer
11-27 01:13:24.108  1011  1189 D ASH     : @ 390856.279: tcs3701: start power rail timer, state:3
11-27 01:13:24.110  1795  4144 D CompatibilityChangeReporter: Compat change id reported: 214016041; UID 10010; state: ENABLED
11-27 01:13:24.112  3375  3375 I GoogleInputMethodService: GoogleInputMethodService.onFinishInput():3154 
11-27 01:13:24.114  3375  3375 I GoogleInputMethodService: GoogleInputMethodService.updateDeviceLockedStatus():2088 repeatCheckTimes = 0, locked = false
11-27 01:13:24.114  3375  3375 I GoogleInputMethodService: GoogleInputMethodService.onStartInput():1883 onStartInput(EditorInfo{EditorInfo{packageName=com.chrome.canary, inputType=0, inputTypeString=NULL, enableLearning=false, autoCorrection=false, autoComplete=false, imeOptions=12000000, privateImeOptions=null, actionName=UNSPECIFIED, actionLabel=null, initialSelStart=-1, initialSelEnd=-1, initialCapsMode=0, label=null, fieldId=-1, fieldName=null, extras=null, hintText=null, hintLocales=[]}}, false)
11-27 01:13:24.114  3375  3375 I GoogleInputMethodService: GoogleInputMethodService.updateDeviceLockedStatus():2088 repeatCheckTimes = 1, locked = false
11-27 01:13:24.148  1011  1189 I ASH     : @ 390856.319: tcs3701: stop power rail pending_off timer
11-27 01:13:24.148  1011  1189 D ASH     : @ 390856.319: tcs3701: start power rail timer, state:3
11-27 01:13:24.165  8427  8467 I BatteryMgr:DataCollectionService: stats => 1701044004165,12512,4442,2136,4169000,100
11-27 01:13:24.169 19928 19992 W chromium: [WARNING:ev_root_ca_metadata.cc(119)] Not implemented
11-27 01:13:24.188  1011  1189 I ASH     : @ 390856.359: tcs3701: stop power rail pending_off timer
11-27 01:13:24.188  1011  1189 D ASH     : @ 390856.359: tcs3701: start power rail timer, state:3
11-27 01:13:24.189 30340 31148 I Auth    : [RequestTokenOperation] Facet event logged for AUTH_ACCOUNT_BASE_TOKEN_RETURNED [CONTEXT service_id=343 ]
11-27 01:13:24.224 19928 19990 W chromium: [WARNING:ev_root_ca_metadata.cc(119)] Not implemented
11-27 01:13:24.224 19928 19990 W chromium: [WARNING:ev_root_ca_metadata.cc(119)] Not implemented
11-27 01:13:24.228  1011  1189 I ASH     : @ 390856.399: tcs3701: stop power rail pending_off timer
11-27 01:13:24.228  1011  1189 D ASH     : @ 390856.399: tcs3701: start power rail timer, state:3
11-27 01:13:24.268  1011  1189 I ASH     : @ 390856.439: tcs3701: stop power rail pending_off timer
11-27 01:13:24.269  1011  1189 D ASH     : @ 390856.439: tcs3701: start power rail timer, state:3
11-27 01:13:24.272  8427  8467 I BatteryMgr:DataCollectionService: stats => 1701044004272,12512,4442,2136,4169000,100
11-27 01:13:24.282 19928 19990 W chromium: [WARNING:ev_root_ca_metadata.cc(119)] Not implemented
11-27 01:13:24.282 19928 19990 W chromium: [WARNING:ev_root_ca_metadata.cc(119)] Not implemented
11-27 01:13:24.298  1795  2120 D CompatibilityChangeReporter: Compat change id reported: 143937733; UID 10010; state: ENABLED
11-27 01:13:24.308 19975 19975 D Zygote  : Forked child process 20082
11-27 01:13:24.308  1011  1189 I ASH     : @ 390856.479: tcs3701: stop power rail pending_off timer
11-27 01:13:24.308  1011  1189 D ASH     : @ 390856.479: tcs3701: start power rail timer, state:3
11-27 01:13:24.310  1795  2120 I ActivityManager: Start proc 20082:com.chrome.canary:sandboxed_process0:org.chromium.content.app.SandboxedProcessService0:1/u0ai1 for  {com.chrome.canary/org.chromium.content.app.SandboxedProcessService0:1}
11-27 01:13:24.311 20082 20082 E libc    : SetHeapTaggingLevel: re-enabling tagging after it was disabled is not supported
11-27 01:13:24.316 20082 20082 I ocessService0:1: Using CollectorTypeCC GC.
11-27 01:13:24.323  1383  1442 I adbd    : jdwp connection from 20082
11-27 01:13:24.333  3657  3683 D ForegroundUtils: Foreground UID status:
11-27 01:13:24.333  3657  3683 D ForegroundUtils: UID: 10010 is in foreground: true
11-27 01:13:24.333  3657  3683 D ForegroundUtils: UID: 10128 is in foreground: true
11-27 01:13:24.333  3657  3683 D ForegroundUtils: UID: 10158 is in foreground: true
11-27 01:13:24.333  3657  3683 D ForegroundUtils: UID: 10189 is in foreground: false
11-27 01:13:24.333  3657  3683 D ForegroundUtils: UID: 10194 is in foreground: true
11-27 01:13:24.333  3657  3683 D ForegroundUtils: UID: 10206 is in foreground: false
11-27 01:13:24.333  3657  3683 D ForegroundUtils: UID: 10207 is in foreground: true
11-27 01:13:24.333  3657  3683 D ForegroundUtils: UID: 10233 is in foreground: true
11-27 01:13:24.333  3657  3683 D ForegroundUtils: UID: 10244 is in foreground: false
11-27 01:13:24.333  3657  3683 D ForegroundUtils: UID: 90000 is in foreground: true
11-27 01:13:24.333  3657  3683 D ForegroundUtils: UID: 90001 is in foreground: true
11-27 01:13:24.333  3657  3683 D ForegroundUtils: UID: 99004 is in foreground: true
11-27 01:13:24.334 20082 20082 I ActivityThread: Relaunch all activities: onCoreSettingsChange
11-27 01:13:24.335 20082 20082 D CompatibilityChangeReporter: Compat change id reported: 171979766; UID 90001; state: ENABLED
11-27 01:13:24.349 20082 20082 I LoadedApk: No resource references to update in package com.google.android.trichromelibrary.canary
11-27 01:13:24.349  1011  1189 I ASH     : @ 390856.519: tcs3701: stop power rail pending_off timer
11-27 01:13:24.349  1011  1189 D ASH     : @ 390856.519: tcs3701: start power rail timer, state:3
11-27 01:13:24.349 20082 20082 D NetworkSecurityConfig: Using Network Security Config from resource 0_resource_name_obfuscated debugBuild: false
11-27 01:13:24.350 20082 20082 D NetworkSecurityConfig: Using Network Security Config from resource 0_resource_name_obfuscated debugBuild: false
11-27 01:13:24.351 20082 20082 I cr_SplitCompatApp: Launched version=121.0.6145.0 minSdkVersion=29 isBundle=true processName=com.chrome.canary:sandboxed_process0:org.chromium.content.app.SandboxedProcessService0:1 isIsolated=true
11-27 01:13:24.359 20082 20082 W SystemServiceRegistry: No service published for: uimode
11-27 01:13:24.365 20082 20082 I cr_ChildProcessService: Creating new ChildProcessService pid=20082
11-27 01:13:24.375 20082 20099 I cr_LibraryLoader: Successfully loaded native library
11-27 01:13:24.376 20082 20099 I cr_CachingUmaRecorder: Flushed 3 samples from 3 histograms, 0 samples were dropped.
11-27 01:13:24.379  8427  8467 I BatteryMgr:DataCollectionService: stats => 1701044004379,12512,4442,2136,4169000,100
11-27 01:13:24.390  1011  1189 I ASH     : @ 390856.559: tcs3701: stop power rail pending_off timer
11-27 01:13:24.390  1011  1189 D ASH     : @ 390856.559: tcs3701: start power rail timer, state:3
11-27 01:13:24.396 20082 20099 I chromium: [INFO:child_process_service.cc(69)] ChildProcessService: Exiting child process.
11-27 01:13:24.398  1795  3658 I ActivityManager: Killing 20082:com.chrome.canary:sandboxed_process0:org.chromium.content.app.SandboxedProcessService0:1/u0a10i-8999 (adj 0): isolated not needed
11-27 01:13:24.398  1795  2145 I libprocessgroup: Successfully killed process cgroup uid 90001 pid 20082 in 0ms
11-27 01:13:24.415 19928 19928 W chromium: [WARNING:compositor_view.cc(339)] Child process died (type=6) pid=20082)
11-27 01:13:24.415 19975 19975 I Zygote  : Process 20082 exited cleanly (0)
11-27 01:13:24.416  3657  3683 D ForegroundUtils: UID: 90001 deleted.
11-27 01:13:24.428  1011  1189 I ASH     : @ 390856.599: tcs3701: stop power rail pending_off timer
11-27 01:13:24.428  1011  1189 D ASH     : @ 390856.599: tcs3701: start power rail timer, state:3
11-27 01:13:24.433  1795  2150 E system_server: updateValue is called with a value 20, which is lower than the previous value 38
11-27 01:13:24.435  1795  3658 D ActivityManager: freezer override set to true
11-27 01:13:24.445  1795  3658 D ActivityManager: freezer override set to false
11-27 01:13:24.468  1011  1189 I ASH     : @ 390856.639: tcs3701: stop power rail pending_off timer
11-27 01:13:24.468  1011  1189 D ASH     : @ 390856.639: tcs3701: start power rail timer, state:3
11-27 01:13:24.484  8427  8467 I BatteryMgr:DataCollectionService: stats => 1701044004484,12512,4442,2136,4169000,100
11-27 01:13:24.508  1011  1189 I ASH     : @ 390856.679: tcs3701: stop power rail pending_off timer
11-27 01:13:24.508  1011  1189 D ASH     : @ 390856.679: tcs3701: start power rail timer, state:3
11-27 01:13:24.515 19928 19989 I cr_ADCP : No customization source found
11-27 01:13:24.523 19928 19989 E cr_PartnerBMReader: ATTENTION: not using partner bookmarks as none were provided
11-27 01:13:24.544 30429 30429 E AbstractGmsTracer: Traced class shouldn't be obfuscated: GmsBoundBrokerChimeraService [CONTEXT service_id=259 ]
11-27 01:13:24.545 30429 30429 D BoundBrokerSvc: onBind: Intent { act=com.google.android.gms.common.BIND_SHARED_PREFS pkg=com.google.android.gms }
11-27 01:13:24.545 30429 30429 D BoundBrokerSvc: Loading bound service for intent: Intent { act=com.google.android.gms.common.BIND_SHARED_PREFS pkg=com.google.android.gms }
11-27 01:13:24.547 30429 30429 E AbstractGmsTracer: Traced class shouldn't be obfuscated: SharedPreferencesBoundService [CONTEXT service_id=259 ]
11-27 01:13:24.549  1011  1189 I ASH     : @ 390856.719: tcs3701: stop power rail pending_off timer
11-27 01:13:24.549  1011  1189 D ASH     : @ 390856.719: tcs3701: start power rail timer, state:3
11-27 01:13:24.551 30429 30429 D BoundBrokerSvc: onUnbind: Intent { act=com.google.android.gms.common.BIND_SHARED_PREFS pkg=com.google.android.gms }
11-27 01:13:24.589  1011  1189 I ASH     : @ 390856.759: tcs3701: stop power rail pending_off timer
11-27 01:13:24.589  1011  1189 D ASH     : @ 390856.759: tcs3701: start power rail timer, state:3
11-27 01:13:24.589  8427  8467 I BatteryMgr:DataCollectionService: stats => 1701044004589,12512,4442,2136,4169000,100
11-27 01:13:24.617  1795  4144 D ActivityManager: freezer override set to true
11-27 01:13:24.628  1011  1189 I ASH     : @ 390856.799: tcs3701: stop power rail pending_off timer
11-27 01:13:24.629  1011  1189 D ASH     : @ 390856.799: tcs3701: start power rail timer, state:3
11-27 01:13:24.668  1011  1189 I ASH     : @ 390856.839: tcs3701: stop power rail pending_off timer
11-27 01:13:24.668  1011  1189 D ASH     : @ 390856.839: tcs3701: start power rail timer, state:3
11-27 01:13:24.693  8427  8467 I BatteryMgr:DataCollectionService: stats => 1701044004693,12512,4442,2136,4169000,100
11-27 01:13:24.708  1011  1189 I ASH     : @ 390856.879: tcs3701: stop power rail pending_off timer
11-27 01:13:24.708  1011  1189 D ASH     : @ 390856.879: tcs3701: start power rail timer, state:3
11-27 01:13:24.749  1011  1189 I ASH     : @ 390856.919: tcs3701: stop power rail pending_off timer
11-27 01:13:24.749  1011  1189 D ASH     : @ 390856.919: tcs3701: start power rail timer, state:3
11-27 01:13:24.751 19928 19943 I m.chrome.canary: Explicit concurrent copying GC freed 615214(24MB) AllocSpace objects, 25(820KB) LOS objects, 75% free, 8257KB/32MB, paused 84us,42us total 39.632ms
11-27 01:13:24.788  1011  1189 I ASH     : @ 390856.959: tcs3701: stop power rail pending_off timer
11-27 01:13:24.788  1011  1189 D ASH     : @ 390856.959: tcs3701: start power rail timer, state:3
11-27 01:13:24.796  1795  4144 D ActivityManager: freezer override set to false
11-27 01:13:24.798  8427  8467 I BatteryMgr:DataCollectionService: stats => 1701044004797,12512,4442,2136,4169000,100
11-27 01:13:24.829  1011  1189 I ASH     : @ 390856.999: tcs3701: stop power rail pending_off timer
11-27 01:13:24.829  1011  1189 D ASH     : @ 390856.999: tcs3701: start power rail timer, state:3
11-27 01:13:24.839  1795  1854 D ActivityManager: freezer override set to true
11-27 01:13:24.841  1795  1854 D ActivityManager: freezer override set to false
11-27 01:13:24.868  1011  1189 I ASH     : @ 390857.039: tcs3701: stop power rail pending_off timer
11-27 01:13:24.868  1011  1189 D ASH     : @ 390857.039: tcs3701: start power rail timer, state:3
11-27 01:13:24.884  1795  1854 D ActivityManager: freezer override set to true
11-27 01:13:24.888  1795  1854 D ActivityManager: freezer override set to false
11-27 01:13:24.904  8427  8467 I BatteryMgr:DataCollectionService: stats => 1701044004904,12512,4442,2136,4169000,100
11-27 01:13:24.908  1011  1189 I ASH     : @ 390857.079: tcs3701: stop power rail pending_off timer
11-27 01:13:24.908  1011  1189 D ASH     : @ 390857.079: tcs3701: start power rail timer, state:3
11-27 01:13:24.948  1011  1189 I ASH     : @ 390857.119: tcs3701: stop power rail pending_off timer
11-27 01:13:24.948  1011  1189 D ASH     : @ 390857.119: tcs3701: start power rail timer, state:3
11-27 01:13:24.989  1011  1189 I ASH     : @ 390857.159: tcs3701: stop power rail pending_off timer
11-27 01:13:24.989  1011  1189 D ASH     : @ 390857.159: tcs3701: start power rail timer, state:3
11-27 01:13:25.009  8427  8467 I BatteryMgr:DataCollectionService: stats => 1701044005009,12512,4442,2136,4169000,100
11-27 01:13:25.017  1795  4158 I ActivityManager: Background started FGS: Allowed [callingPackage: com.android.shell; callingUid: 2000; uidState: NONE; intent: Intent { cmp=com.example.batterymanager_utility/.DataCollectionService (has extras) }; code:SYSTEM_UID; tempAllowListReason:<,reasonCode:SYSTEM_ALLOW_LISTED,duration:9223372036854775807,callingUid:-1>; targetSdkVersion:33; callerTargetSdkVersion:33; startForegroundCount:0; bindFromPackage:null]
11-27 01:13:25.023  8427  8427 I BatteryMgr:DataCollectionService: onStartCommand: begin
11-27 01:13:25.023  8427  8427 I BatteryMgr:DataCollectionService: onStartCommand: sampleRate => 100
11-27 01:13:25.023  8427  8427 I BatteryMgr:DataCollectionService: onStartCommand: rawFields => Timestamp,BATTERY_PROPERTY_CURRENT_NOW,EXTRA_VOLTAGE,BATTERY_PROPERTY_CURRENT_AVERAGE,BATTERY_PROPERTY_CHARGE_COUNTER,BATTERY_PROPERTY_CAPACITY
11-27 01:13:25.024  8427  8427 I BatteryMgr:DataCollectionService: onStartCommand: notification done
11-27 01:13:25.027  8427  8427 I BatteryMgr:DataCollectionService: started foreground
11-27 01:13:25.028  1011  1189 I ASH     : @ 390857.199: tcs3701: stop power rail pending_off timer
11-27 01:13:25.029  1011  1189 D ASH     : @ 390857.199: tcs3701: start power rail timer, state:3
11-27 01:13:25.029  8427  8467 I BatteryMgr:DataCollectionService: collectData: begin
11-27 01:13:25.032  8427  8467 I BatteryMgr:DataCollectionService: stats => 1701044005032,12512,4442,2136,4169000,100
11-27 01:13:25.068  1011  1189 I ASH     : @ 390857.239: tcs3701: stop power rail pending_off timer
11-27 01:13:25.068  1011  1189 D ASH     : @ 390857.239: tcs3701: start power rail timer, state:3
11-27 01:13:25.108  1011  1189 I ASH     : @ 390857.279: tcs3701: stop power rail pending_off timer
11-27 01:13:25.108  1011  1189 D ASH     : @ 390857.279: tcs3701: start power rail timer, state:3
11-27 01:13:25.112  8427  8467 I BatteryMgr:DataCollectionService: stats => 1701044005112,12512,4442,2136,4169000,100
11-27 01:13:25.139  8427  8467 I BatteryMgr:DataCollectionService: stats => 1701044005139,12512,4442,2136,4169000,100
11-27 01:13:25.149  1011  1189 I ASH     : @ 390857.319: tcs3701: stop power rail pending_off timer
11-27 01:13:25.149  1011  1189 D ASH     : @ 390857.319: tcs3701: start power rail timer, state:3
11-27 01:13:25.188  1011  1189 I ASH     : @ 390857.359: tcs3701: stop power rail pending_off timer
11-27 01:13:25.188  1011  1189 D ASH     : @ 390857.359: tcs3701: start power rail timer, state:3
11-27 01:13:25.205  1795  3658 D CompatibilityChangeReporter: Compat change id reported: 161252188; UID 10010; state: DISABLED
11-27 01:13:25.205  1795  3658 I ActivityTaskManager: START u0 {act=android.intent.action.VIEW dat=https://playground.babylonjs.com/... flg=0x10000000 cmp=com.chrome.canary/com.google.android.apps.chrome.Main} from uid 2000
11-27 01:13:25.206  1795  3658 D CompatibilityChangeReporter: Compat change id reported: 265464455; UID 10010; state: DISABLED
11-27 01:13:25.206  1795  3658 D CompatibilityChangeReporter: Compat change id reported: 265452344; UID 10010; state: DISABLED
11-27 01:13:25.206  1795  3658 D CompatibilityChangeReporter: Compat change id reported: 266124927; UID 10010; state: DISABLED
11-27 01:13:25.207  1795  3658 D CompatibilityChangeReporter: Compat change id reported: 265451093; UID 10010; state: DISABLED
11-27 01:13:25.207  1795  3658 D CompatibilityChangeReporter: Compat change id reported: 265456536; UID 10010; state: DISABLED
11-27 01:13:25.207  1795  3658 D CompatibilityChangeReporter: Compat change id reported: 255940284; UID 10010; state: DISABLED
11-27 01:13:25.207  1795  3658 D CompatibilityChangeReporter: Compat change id reported: 236283604; UID 10010; state: DISABLED
11-27 01:13:25.207  1795  3658 D CompatibilityChangeReporter: Compat change id reported: 263959004; UID 10010; state: DISABLED
11-27 01:13:25.207  1795  3658 D CompatibilityChangeReporter: Compat change id reported: 264304459; UID 10010; state: DISABLED
11-27 01:13:25.207  1795  3658 D CompatibilityChangeReporter: Compat change id reported: 264301586; UID 10010; state: DISABLED
11-27 01:13:25.207  1795  3658 D CompatibilityChangeReporter: Compat change id reported: 254631730; UID 10010; state: DISABLED
11-27 01:13:25.207  1795  3658 D CompatibilityChangeReporter: Compat change id reported: 273509367; UID 10010; state: DISABLED
11-27 01:13:25.207  1795  3658 D CompatibilityChangeReporter: Compat change id reported: 263259275; UID 10010; state: DISABLED
11-27 01:13:25.208  1795  3658 D CompatibilityChangeReporter: Compat change id reported: 194480991; UID 10010; state: ENABLED
11-27 01:13:25.208  1795  3658 D CompatibilityChangeReporter: Compat change id reported: 174042980; UID 10010; state: DISABLED
11-27 01:13:25.209  1795  3658 D CompatibilityChangeReporter: Compat change id reported: 181136395; UID 10010; state: DISABLED
11-27 01:13:25.209  1795  3658 D CompatibilityChangeReporter: Compat change id reported: 174042936; UID 10010; state: DISABLED
11-27 01:13:25.215  1795  3658 D CompatibilityChangeReporter: Compat change id reported: 194833441; UID 10010; state: ENABLED
11-27 01:13:25.217  8427  8467 I BatteryMgr:DataCollectionService: stats => 1701044005217,3967,4442,2136,4169000,100
11-27 01:13:25.228  1011  1189 I ASH     : @ 390857.399: tcs3701: stop power rail pending_off timer
11-27 01:13:25.228  1011  1189 D ASH     : @ 390857.399: tcs3701: start power rail timer, state:3
11-27 01:13:25.232 19928 19928 W cr_ActivityDispatcher: CustomTabsIntent#shouldAlwaysUseBrowserUI() = false
11-27 01:13:25.232 19928 19928 I cr_VideoPersist: Exited picture in picture with reason: 0
11-27 01:13:25.236 19928 19928 E cr_IntentUtils: getInt failed on bundle null
11-27 01:13:25.245  8427  8467 I BatteryMgr:DataCollectionService: stats => 1701044005245,3967,4442,2136,4169000,100
11-27 01:13:25.253  1795  2120 D CompatibilityChangeReporter: Compat change id reported: 143937733; UID 10010; state: ENABLED
11-27 01:13:25.260 19928 19928 W cr_ActivityDispatcher: CustomTabsIntent#shouldAlwaysUseBrowserUI() = false
11-27 01:13:25.262 19975 19975 D Zygote  : Forked child process 20180
11-27 01:13:25.264  1795  2120 I ActivityManager: Start proc 20180:com.chrome.canary:sandboxed_process0:org.chromium.content.app.SandboxedProcessService0:2/u0ai2 for  {com.chrome.canary/org.chromium.content.app.SandboxedProcessService0:2}
11-27 01:13:25.267 20180 20180 E libc    : SetHeapTaggingLevel: re-enabling tagging after it was disabled is not supported
11-27 01:13:25.268  1011  1189 I ASH     : @ 390857.439: tcs3701: stop power rail pending_off timer
11-27 01:13:25.268  1011  1189 D ASH     : @ 390857.439: tcs3701: start power rail timer, state:3
11-27 01:13:25.273 20180 20180 I ocessService0:2: Using CollectorTypeCC GC.
11-27 01:13:25.276  1795  3658 D CoreBackPreview: Window{cf7a596 u0 com.chrome.canary/com.google.android.apps.chrome.Main}: Setting back callback OnBackInvokedCallbackInfo{mCallback=android.window.IOnBackInvokedCallback$Stub$Proxy@6f91d94, mPriority=0}
11-27 01:13:25.280 19928 19928 I cr_OfflineDetector: Running updateState mConnectivityDetectorInitialized: true, mTimeWhenLastForegrounded: 390854094, getElapsedTime: 390854094, mTimeWhenLastOfflineNotificationReceived: 0, mTimeWhenLastOnline: 390852569, mTimeWhenAirplaneModeToggledOff: 0 mApplicationState: 1, mIsOfflineLastReportedByConnectivityDetector: false, mInAirplaneMode: false mIsEffectivelyOffline: false
11-27 01:13:25.280 19928 19928 I cr_OfflineDetector: updateState(): timeSinceLastForeground: 0, timeSinceOfflineNotificationReceived: 390854094, timeSinceLastOnline: 1525, timeNeededForForeground: 2000, timeNeededForOffline: -390852094 timeSinceAirplaneModeToggledOff: 390854094 timeNeededAfterConnectionChangeFromOnlineToOffline: 8475 timeNeededAfterConnectionChangeFromAirplaneToOffline: 0
11-27 01:13:25.280 19928 19928 I cr_OfflineDetector: Running mUpdateOfflineStatusIndicatorDelayedRunnable start. mConnectivityDetectorInitialized: true, mTimeWhenLastForegrounded: 390854094, getElapsedTime: 390854095, mTimeWhenLastOfflineNotificationReceived: 0, mTimeWhenLastOnline: 390852569, mTimeWhenAirplaneModeToggledOff: 0 mApplicationState: 1, mIsOfflineLastReportedByConnectivityDetector: false, mInAirplaneMode: false mIsEffectivelyOffline: false
11-27 01:13:25.281  1383  1442 I adbd    : jdwp connection from 20180
11-27 01:13:25.283 19928 19928 I cr_InactivityTracker: Last background time read from the SharedPreference is:1701044005214.
11-27 01:13:25.287 19928 19928 I cr_VideoPersist: Exited picture in picture with reason: 0
11-27 01:13:25.288  1795  3658 D CompatibilityChangeReporter: Compat change id reported: 161145287; UID 10010; state: DISABLED
11-27 01:13:25.289 19928 19928 I cr_InactivityTracker: Last visible time read from the SharedPreference is:1701044003892.
11-27 01:13:25.293  1795  3658 D CompatibilityChangeReporter: Compat change id reported: 168419799; UID 10010; state: DISABLED
11-27 01:13:25.293  1795  3658 D CompatibilityChangeReporter: Compat change id reported: 273564678; UID 10010; state: DISABLED
11-27 01:13:25.296  3657  3683 D ForegroundUtils: Foreground UID status:
11-27 01:13:25.296  3657  3683 D ForegroundUtils: UID: 10010 is in foreground: true
11-27 01:13:25.296  3657  3683 D ForegroundUtils: UID: 10128 is in foreground: true
11-27 01:13:25.296  3657  3683 D ForegroundUtils: UID: 10158 is in foreground: true
11-27 01:13:25.296  3657  3683 D ForegroundUtils: UID: 10189 is in foreground: false
11-27 01:13:25.296  3657  3683 D ForegroundUtils: UID: 10194 is in foreground: true
11-27 01:13:25.296  3657  3683 D ForegroundUtils: UID: 10206 is in foreground: false
11-27 01:13:25.296  3657  3683 D ForegroundUtils: UID: 10207 is in foreground: true
11-27 01:13:25.296  3657  3683 D ForegroundUtils: UID: 10233 is in foreground: true
11-27 01:13:25.296  3657  3683 D ForegroundUtils: UID: 10244 is in foreground: false
11-27 01:13:25.296  3657  3683 D ForegroundUtils: UID: 90000 is in foreground: true
11-27 01:13:25.296  3657  3683 D ForegroundUtils: UID: 90002 is in foreground: true
11-27 01:13:25.296  3657  3683 D ForegroundUtils: UID: 99004 is in foreground: true
11-27 01:13:25.296 20180 20180 I ActivityThread: Relaunch all activities: onCoreSettingsChange
11-27 01:13:25.296 20180 20180 D CompatibilityChangeReporter: Compat change id reported: 171979766; UID 90002; state: ENABLED
11-27 01:13:25.308  1011  1189 I ASH     : @ 390857.479: tcs3701: stop power rail pending_off timer
11-27 01:13:25.308  1011  1189 D ASH     : @ 390857.479: tcs3701: start power rail timer, state:3
11-27 01:13:25.311  1795  1854 D CompatibilityChangeReporter: Compat change id reported: 214016041; UID 10010; state: ENABLED
11-27 01:13:25.312 20180 20180 I LoadedApk: No resource references to update in package com.google.android.trichromelibrary.canary
11-27 01:13:25.312 20180 20180 D NetworkSecurityConfig: Using Network Security Config from resource 0_resource_name_obfuscated debugBuild: false
11-27 01:13:25.312  3375  3375 I GoogleInputMethodService: GoogleInputMethodService.onFinishInput():3154 
11-27 01:13:25.313 20180 20180 D NetworkSecurityConfig: Using Network Security Config from resource 0_resource_name_obfuscated debugBuild: false
11-27 01:13:25.314  3375  3375 I GoogleInputMethodService: GoogleInputMethodService.updateDeviceLockedStatus():2088 repeatCheckTimes = 0, locked = false
11-27 01:13:25.314  3375  3375 I GoogleInputMethodService: GoogleInputMethodService.onStartInput():1883 onStartInput(EditorInfo{EditorInfo{packageName=com.chrome.canary, inputType=0, inputTypeString=NULL, enableLearning=false, autoCorrection=false, autoComplete=false, imeOptions=12000000, privateImeOptions=null, actionName=UNSPECIFIED, actionLabel=null, initialSelStart=-1, initialSelEnd=-1, initialCapsMode=0, label=null, fieldId=-1, fieldName=null, extras=null, hintText=null, hintLocales=[]}}, false)
