11-27 01:00:46.194  1795  3658 D ActivityManager: freezer override set to true
11-27 01:00:46.197  1795  3658 D ActivityManager: freezer override set to false
11-27 01:00:46.229  1011  1189 I ASH     : @ 390098.399: tcs3701: stop power rail pending_off timer
11-27 01:00:46.229  1011  1189 D ASH     : @ 390098.399: tcs3701: start power rail timer, state:3
11-27 01:00:46.241  1795  3658 D ActivityManager: freezer override set to true
11-27 01:00:46.245  1795  3658 D ActivityManager: freezer override set to false
11-27 01:00:46.269  1011  1189 I ASH     : @ 390098.439: tcs3701: stop power rail pending_off timer
11-27 01:00:46.269  1011  1189 D ASH     : @ 390098.439: tcs3701: start power rail timer, state:3
11-27 01:00:46.295  8427   913 I BatteryMgr:DataCollectionService: stats => 1701043246295,11291,4442,2136,4169000,100
11-27 01:00:46.296  8427  8466 I BatteryMgr:DataCollectionService: stats => 1701043246296,11291,4442,2136,4169000,100
11-27 01:00:46.308  1011  1189 I ASH     : @ 390098.479: tcs3701: stop power rail pending_off timer
11-27 01:00:46.309  1011  1189 D ASH     : @ 390098.479: tcs3701: start power rail timer, state:3
11-27 01:00:46.349  1011  1189 I ASH     : @ 390098.519: tcs3701: stop power rail pending_off timer
11-27 01:00:46.349  1011  1189 D ASH     : @ 390098.519: tcs3701: start power rail timer, state:3
11-27 01:00:46.389  1011  1189 I ASH     : @ 390098.559: tcs3701: stop power rail pending_off timer
11-27 01:00:46.389  1011  1189 D ASH     : @ 390098.559: tcs3701: start power rail timer, state:3
11-27 01:00:46.407  8427   913 I BatteryMgr:DataCollectionService: stats => 1701043246406,11291,4442,2136,4169000,100
11-27 01:00:46.407  8427  8466 I BatteryMgr:DataCollectionService: stats => 1701043246407,11291,4442,2136,4169000,100
11-27 01:00:46.429  1011  1189 I ASH     : @ 390098.599: tcs3701: stop power rail pending_off timer
11-27 01:00:46.429  1011  1189 D ASH     : @ 390098.599: tcs3701: start power rail timer, state:3
11-27 01:00:46.469  1011  1189 I ASH     : @ 390098.639: tcs3701: stop power rail pending_off timer
11-27 01:00:46.469  1011  1189 D ASH     : @ 390098.639: tcs3701: start power rail timer, state:3
11-27 01:00:46.508  1011  1189 I ASH     : @ 390098.679: tcs3701: stop power rail pending_off timer
11-27 01:00:46.508  1011  1189 D ASH     : @ 390098.679: tcs3701: start power rail timer, state:3
11-27 01:00:46.519  8427   913 I BatteryMgr:DataCollectionService: stats => 1701043246519,11291,4442,2136,4169000,100
11-27 01:00:46.522  8427  8466 I BatteryMgr:DataCollectionService: stats => 1701043246522,11291,4442,2136,4169000,100
11-27 01:00:46.549  1011  1189 I ASH     : @ 390098.718: tcs3701: stop power rail pending_off timer
11-27 01:00:46.549  1011  1189 D ASH     : @ 390098.719: tcs3701: start power rail timer, state:3
11-27 01:00:46.587  1795  3658 D ActivityManager: freezer override set to true
11-27 01:00:46.589  1011  1189 I ASH     : @ 390098.759: tcs3701: stop power rail pending_off timer
11-27 01:00:46.589  1011  1189 D ASH     : @ 390098.759: tcs3701: start power rail timer, state:3
11-27 01:00:46.595  1795  3658 D ActivityManager: freezer override set to false
11-27 01:00:46.629  1011  1189 I ASH     : @ 390098.799: tcs3701: stop power rail pending_off timer
11-27 01:00:46.629  1011  1189 D ASH     : @ 390098.799: tcs3701: start power rail timer, state:3
11-27 01:00:46.633  8427  8466 I BatteryMgr:DataCollectionService: stats => 1701043246633,11291,4442,2136,4169000,100
11-27 01:00:46.633  8427   913 I BatteryMgr:DataCollectionService: stats => 1701043246633,11291,4442,2136,4169000,100
11-27 01:00:46.669  1011  1189 I ASH     : @ 390098.839: tcs3701: stop power rail pending_off timer
11-27 01:00:46.669  1011  1189 D ASH     : @ 390098.839: tcs3701: start power rail timer, state:3
11-27 01:00:46.709  1011  1189 I ASH     : @ 390098.879: tcs3701: stop power rail pending_off timer
11-27 01:00:46.709  1011  1189 D ASH     : @ 390098.879: tcs3701: start power rail timer, state:3
11-27 01:00:46.749  1011  1189 I ASH     : @ 390098.919: tcs3701: stop power rail pending_off timer
11-27 01:00:46.750  8427   913 I BatteryMgr:DataCollectionService: stats => 1701043246749,11291,4442,2136,4169000,100
11-27 01:00:46.750  1011  1189 D ASH     : @ 390098.919: tcs3701: start power rail timer, state:3
11-27 01:00:46.750  8427  8466 I BatteryMgr:DataCollectionService: stats => 1701043246750,11291,4442,2136,4169000,100
11-27 01:00:46.788  1011  1189 I ASH     : @ 390098.959: tcs3701: stop power rail pending_off timer
11-27 01:00:46.789  1011  1189 D ASH     : @ 390098.959: tcs3701: start power rail timer, state:3
11-27 01:00:46.829  1011  1189 I ASH     : @ 390098.999: tcs3701: stop power rail pending_off timer
11-27 01:00:46.829  1011  1189 D ASH     : @ 390098.999: tcs3701: start power rail timer, state:3
11-27 01:00:46.864  8427   913 I BatteryMgr:DataCollectionService: stats => 1701043246863,11291,4442,2136,4169000,100
11-27 01:00:46.864  8427  8466 I BatteryMgr:DataCollectionService: stats => 1701043246864,11291,4442,2136,4169000,100
11-27 01:00:46.869  1011  1189 I ASH     : @ 390099.039: tcs3701: stop power rail pending_off timer
11-27 01:00:46.869  1011  1189 D ASH     : @ 390099.039: tcs3701: start power rail timer, state:3
11-27 01:00:46.908  1011  1189 I ASH     : @ 390099.079: tcs3701: stop power rail pending_off timer
11-27 01:00:46.909  1011  1189 D ASH     : @ 390099.079: tcs3701: start power rail timer, state:3
11-27 01:00:46.949  1011  1189 I ASH     : @ 390099.119: tcs3701: stop power rail pending_off timer
11-27 01:00:46.949  1011  1189 D ASH     : @ 390099.119: tcs3701: start power rail timer, state:3
11-27 01:00:46.975  8427  8466 I BatteryMgr:DataCollectionService: stats => 1701043246975,11291,4442,2136,4169000,100
11-27 01:00:46.975  8427   913 I BatteryMgr:DataCollectionService: stats => 1701043246975,11291,4442,2136,4169000,100
11-27 01:00:46.989  1011  1189 I ASH     : @ 390099.159: tcs3701: stop power rail pending_off timer
11-27 01:00:46.989  1011  1189 D ASH     : @ 390099.159: tcs3701: start power rail timer, state:3
11-27 01:00:47.029  1011  1189 I ASH     : @ 390099.199: tcs3701: stop power rail pending_off timer
11-27 01:00:47.029  1011  1189 D ASH     : @ 390099.199: tcs3701: start power rail timer, state:3
11-27 01:00:47.069  1011  1189 I ASH     : @ 390099.239: tcs3701: stop power rail pending_off timer
11-27 01:00:47.069  1011  1189 D ASH     : @ 390099.239: tcs3701: start power rail timer, state:3
11-27 01:00:47.091  8427  8466 I BatteryMgr:DataCollectionService: stats => 1701043247091,11291,4442,2136,4169000,100
11-27 01:00:47.093  8427   913 I BatteryMgr:DataCollectionService: stats => 1701043247093,11291,4442,2136,4169000,100
11-27 01:00:47.109  1011  1189 I ASH     : @ 390099.279: tcs3701: stop power rail pending_off timer
11-27 01:00:47.109  1011  1189 D ASH     : @ 390099.279: tcs3701: start power rail timer, state:3
11-27 01:00:47.149  1011  1189 I ASH     : @ 390099.319: tcs3701: stop power rail pending_off timer
11-27 01:00:47.149  1011  1189 D ASH     : @ 390099.319: tcs3701: start power rail timer, state:3
11-27 01:00:47.189  1011  1189 I ASH     : @ 390099.359: tcs3701: stop power rail pending_off timer
11-27 01:00:47.189  1011  1189 D ASH     : @ 390099.359: tcs3701: start power rail timer, state:3
11-27 01:00:47.206  8427  8466 I BatteryMgr:DataCollectionService: stats => 1701043247206,11291,4442,2136,4169000,100
11-27 01:00:47.208  8427   913 I BatteryMgr:DataCollectionService: stats => 1701043247208,11291,4442,2136,4169000,100
11-27 01:00:47.228  1011  1189 I ASH     : @ 390099.399: tcs3701: stop power rail pending_off timer
11-27 01:00:47.229  1011  1189 D ASH     : @ 390099.399: tcs3701: start power rail timer, state:3
11-27 01:00:47.269  1011  1189 I ASH     : @ 390099.439: tcs3701: stop power rail pending_off timer
11-27 01:00:47.269  1011  1189 D ASH     : @ 390099.439: tcs3701: start power rail timer, state:3
11-27 01:00:47.308  1011  1189 I ASH     : @ 390099.479: tcs3701: stop power rail pending_off timer
11-27 01:00:47.309  1011  1189 D ASH     : @ 390099.479: tcs3701: start power rail timer, state:3
11-27 01:00:47.326  8427   913 I BatteryMgr:DataCollectionService: stats => 1701043247325,11291,4442,2136,4169000,100
11-27 01:00:47.326  8427  8466 I BatteryMgr:DataCollectionService: stats => 1701043247326,11291,4442,2136,4169000,100
11-27 01:00:47.349  1011  1189 I ASH     : @ 390099.519: tcs3701: stop power rail pending_off timer
11-27 01:00:47.349  1011  1189 D ASH     : @ 390099.519: tcs3701: start power rail timer, state:3
11-27 01:00:47.388  1011  1189 I ASH     : @ 390099.559: tcs3701: stop power rail pending_off timer
11-27 01:00:47.388  1011  1189 D ASH     : @ 390099.559: tcs3701: start power rail timer, state:3
11-27 01:00:47.428  1011  1189 I ASH     : @ 390099.599: tcs3701: stop power rail pending_off timer
11-27 01:00:47.428  1011  1189 D ASH     : @ 390099.599: tcs3701: start power rail timer, state:3
11-27 01:00:47.431  8427  8466 I BatteryMgr:DataCollectionService: stats => 1701043247431,11291,4442,2136,4169000,100
11-27 01:00:47.432  8427   913 I BatteryMgr:DataCollectionService: stats => 1701043247432,11291,4442,2136,4169000,100
11-27 01:00:47.433  1795  3613 D ActivityManager: freezer override set to true
11-27 01:00:47.468  1011  1189 I ASH     : @ 390099.639: tcs3701: stop power rail pending_off timer
11-27 01:00:47.468  1011  1189 D ASH     : @ 390099.639: tcs3701: start power rail timer, state:3
11-27 01:00:47.509  1011  1189 I ASH     : @ 390099.679: tcs3701: stop power rail pending_off timer
11-27 01:00:47.509  1011  1189 D ASH     : @ 390099.679: tcs3701: start power rail timer, state:3
11-27 01:00:47.540  8427  8466 I BatteryMgr:DataCollectionService: stats => 1701043247540,11291,4442,2136,4169000,100
11-27 01:00:47.541  8427   913 I BatteryMgr:DataCollectionService: stats => 1701043247541,11291,4442,2136,4169000,100
11-27 01:00:47.545 28980 28994 I m.chrome.canary: Explicit concurrent copying GC freed 3845(192KB) AllocSpace objects, 4(80KB) LOS objects, 75% free, 14MB/59MB, paused 33us,25us total 67.779ms
11-27 01:00:47.548  1011  1189 I ASH     : @ 390099.719: tcs3701: stop power rail pending_off timer
11-27 01:00:47.548  1011  1189 D ASH     : @ 390099.719: tcs3701: start power rail timer, state:3
11-27 01:00:47.589  1011  1189 I ASH     : @ 390099.759: tcs3701: stop power rail pending_off timer
11-27 01:00:47.589  1011  1189 D ASH     : @ 390099.759: tcs3701: start power rail timer, state:3
11-27 01:00:47.619  1795  3658 D ActivityManager: freezer override set to false
11-27 01:00:47.628  1011  1189 I ASH     : @ 390099.799: tcs3701: stop power rail pending_off timer
11-27 01:00:47.628  1011  1189 D ASH     : @ 390099.799: tcs3701: start power rail timer, state:3
11-27 01:00:47.648  8427  8466 I BatteryMgr:DataCollectionService: stats => 1701043247648,11291,4442,2136,4169000,100
11-27 01:00:47.648  8427   913 I BatteryMgr:DataCollectionService: stats => 1701043247648,11291,4442,2136,4169000,100
11-27 01:00:47.666  1795  3613 D ActivityManager: freezer override set to true
11-27 01:00:47.668  1011  1189 I ASH     : @ 390099.839: tcs3701: stop power rail pending_off timer
11-27 01:00:47.668  1011  1189 D ASH     : @ 390099.839: tcs3701: start power rail timer, state:3
11-27 01:00:47.673  1795  3613 D ActivityManager: freezer override set to false
11-27 01:00:47.709  1795  3613 D ActivityManager: freezer override set to true
11-27 01:00:47.709  1011  1189 I ASH     : @ 390099.879: tcs3701: stop power rail pending_off timer
11-27 01:00:47.709  1011  1189 D ASH     : @ 390099.879: tcs3701: start power rail timer, state:3
11-27 01:00:47.712  1795  3613 D ActivityManager: freezer override set to false
11-27 01:00:47.749  1011  1189 I ASH     : @ 390099.919: tcs3701: stop power rail pending_off timer
11-27 01:00:47.749  1011  1189 D ASH     : @ 390099.919: tcs3701: start power rail timer, state:3
11-27 01:00:47.753  8427  8466 I BatteryMgr:DataCollectionService: stats => 1701043247753,11291,4442,2136,4169000,100
11-27 01:00:47.753  8427   913 I BatteryMgr:DataCollectionService: stats => 1701043247753,11291,4442,2136,4169000,100
11-27 01:00:47.789  1011  1189 I ASH     : @ 390099.959: tcs3701: stop power rail pending_off timer
11-27 01:00:47.789  1011  1189 D ASH     : @ 390099.959: tcs3701: start power rail timer, state:3
11-27 01:00:47.793  2113  2118 I pixel-thermal: skin-therm-monitor: 38.697
11-27 01:00:47.828  1011  1189 I ASH     : @ 390099.999: tcs3701: stop power rail pending_off timer
11-27 01:00:47.829  1011  1189 D ASH     : @ 390099.999: tcs3701: start power rail timer, state:3
11-27 01:00:47.863  8427  8466 I BatteryMgr:DataCollectionService: stats => 1701043247863,11291,4442,2136,4169000,100
11-27 01:00:47.865  8427   913 I BatteryMgr:DataCollectionService: stats => 1701043247864,11291,4442,2136,4169000,100
11-27 01:00:47.867 30340 30340 D BoundBrokerSvc: onUnbind: Intent { act=com.google.android.gms.auth.account.workaccount.START dat=chimera-action:/... cmp=com.google.android.gms/.chimera.PersistentApiService }
11-27 01:00:47.869  1011  1189 I ASH     : @ 390100.039: tcs3701: stop power rail pending_off timer
11-27 01:00:47.869  1011  1189 D ASH     : @ 390100.039: tcs3701: start power rail timer, state:3
11-27 01:00:47.909  1011  1189 I ASH     : @ 390100.079: tcs3701: stop power rail pending_off timer
11-27 01:00:47.909  1011  1189 D ASH     : @ 390100.079: tcs3701: start power rail timer, state:3
11-27 01:00:47.949  1011  1189 I ASH     : @ 390100.119: tcs3701: stop power rail pending_off timer
11-27 01:00:47.949  1011  1189 D ASH     : @ 390100.119: tcs3701: start power rail timer, state:3
11-27 01:00:47.978  8427  8466 I BatteryMgr:DataCollectionService: stats => 1701043247978,11291,4442,2136,4169000,100
11-27 01:00:47.978  8427   913 I BatteryMgr:DataCollectionService: stats => 1701043247978,11291,4442,2136,4169000,100
11-27 01:00:47.983 30340 30340 D BoundBrokerSvc: onUnbind: Intent { act=com.google.android.gms.icing.LIGHTWEIGHT_INDEX_SERVICE dat=chimera-action:/... cmp=com.google.android.gms/.chimera.PersistentApiService }
11-27 01:00:47.985 30429 30429 D BoundBrokerSvc: onUnbind: Intent { act=com.google.android.gms.feedback.internal.IFeedbackService dat=chimera-action:/... cmp=com.google.android.gms/.chimera.GmsBoundBrokerService }
11-27 01:00:47.989  1011  1189 I ASH     : @ 390100.159: tcs3701: stop power rail pending_off timer
11-27 01:00:47.989  1011  1189 D ASH     : @ 390100.159: tcs3701: start power rail timer, state:3
11-27 01:00:48.029  1011  1189 I ASH     : @ 390100.199: tcs3701: stop power rail pending_off timer
11-27 01:00:48.029  1011  1189 D ASH     : @ 390100.199: tcs3701: start power rail timer, state:3
11-27 01:00:48.069  1011  1189 I ASH     : @ 390100.239: tcs3701: stop power rail pending_off timer
11-27 01:00:48.069  1011  1189 D ASH     : @ 390100.239: tcs3701: start power rail timer, state:3
11-27 01:00:48.095  8427   913 I BatteryMgr:DataCollectionService: stats => 1701043248095,11291,4442,2136,4169000,100
11-27 01:00:48.097  8427  8466 I BatteryMgr:DataCollectionService: stats => 1701043248096,11291,4442,2136,4169000,100
11-27 01:00:48.109  1011  1189 I ASH     : @ 390100.279: tcs3701: stop power rail pending_off timer
11-27 01:00:48.109  1011  1189 D ASH     : @ 390100.279: tcs3701: start power rail timer, state:3
11-27 01:00:48.149  1011  1189 I ASH     : @ 390100.319: tcs3701: stop power rail pending_off timer
11-27 01:00:48.149  1011  1189 D ASH     : @ 390100.319: tcs3701: start power rail timer, state:3
11-27 01:00:48.189  1011  1189 I ASH     : @ 390100.359: tcs3701: stop power rail pending_off timer
11-27 01:00:48.189  1011  1189 D ASH     : @ 390100.359: tcs3701: start power rail timer, state:3
11-27 01:00:48.205  8427  8466 I BatteryMgr:DataCollectionService: stats => 1701043248205,11291,4442,2136,4169000,100
11-27 01:00:48.207  8427   913 I BatteryMgr:DataCollectionService: stats => 1701043248206,11291,4442,2136,4169000,100
11-27 01:00:48.228  1011  1189 I ASH     : @ 390100.399: tcs3701: stop power rail pending_off timer
11-27 01:00:48.229  1011  1189 D ASH     : @ 390100.399: tcs3701: start power rail timer, state:3
11-27 01:00:48.269  1011  1189 I ASH     : @ 390100.439: tcs3701: stop power rail pending_off timer
11-27 01:00:48.269  1011  1189 D ASH     : @ 390100.439: tcs3701: start power rail timer, state:3
11-27 01:00:48.308  1011  1189 I ASH     : @ 390100.479: tcs3701: stop power rail pending_off timer
11-27 01:00:48.308  1011  1189 D ASH     : @ 390100.479: tcs3701: start power rail timer, state:3
11-27 01:00:48.317  8427   913 I BatteryMgr:DataCollectionService: stats => 1701043248317,11291,4442,2136,4169000,100
11-27 01:00:48.317  8427  8466 I BatteryMgr:DataCollectionService: stats => 1701043248317,11291,4442,2136,4169000,100
11-27 01:00:48.349  1011  1189 I ASH     : @ 390100.519: tcs3701: stop power rail pending_off timer
11-27 01:00:48.349  1011  1189 D ASH     : @ 390100.519: tcs3701: start power rail timer, state:3
11-27 01:00:48.388  1011  1189 I ASH     : @ 390100.559: tcs3701: stop power rail pending_off timer
11-27 01:00:48.388  1011  1189 D ASH     : @ 390100.559: tcs3701: start power rail timer, state:3
11-27 01:00:48.429  1011  1189 I ASH     : @ 390100.599: tcs3701: stop power rail pending_off timer
11-27 01:00:48.429  1011  1189 D ASH     : @ 390100.599: tcs3701: start power rail timer, state:3
11-27 01:00:48.432  8427  8466 I BatteryMgr:DataCollectionService: stats => 1701043248431,11291,4442,2136,4169000,100
11-27 01:00:48.434  8427   913 I BatteryMgr:DataCollectionService: stats => 1701043248434,11291,4442,2136,4169000,100
11-27 01:00:48.469  1011  1189 I ASH     : @ 390100.639: tcs3701: stop power rail pending_off timer
11-27 01:00:48.469  1011  1189 D ASH     : @ 390100.639: tcs3701: start power rail timer, state:3
11-27 01:00:48.509  1011  1189 I ASH     : @ 390100.679: tcs3701: stop power rail pending_off timer
11-27 01:00:48.509  1011  1189 D ASH     : @ 390100.679: tcs3701: start power rail timer, state:3
11-27 01:00:48.541  8427   913 I BatteryMgr:DataCollectionService: stats => 1701043248541,11291,4442,2136,4169000,100
11-27 01:00:48.543  8427  8466 I BatteryMgr:DataCollectionService: stats => 1701043248543,11291,4442,2136,4169000,100
11-27 01:00:48.548  1011  1189 I ASH     : @ 390100.719: tcs3701: stop power rail pending_off timer
11-27 01:00:48.549  1011  1189 D ASH     : @ 390100.719: tcs3701: start power rail timer, state:3
11-27 01:00:48.588  1011  1189 I ASH     : @ 390100.759: tcs3701: stop power rail pending_off timer
11-27 01:00:48.588  1011  1189 D ASH     : @ 390100.759: tcs3701: start power rail timer, state:3
11-27 01:00:48.591  1795  3613 D ActivityManager: freezer override set to true
11-27 01:00:48.598  1795  3613 D ActivityManager: freezer override set to false
11-27 01:00:48.628  1011  1189 I ASH     : @ 390100.799: tcs3701: stop power rail pending_off timer
11-27 01:00:48.628  1011  1189 D ASH     : @ 390100.799: tcs3701: start power rail timer, state:3
11-27 01:00:48.647  8427   913 I BatteryMgr:DataCollectionService: stats => 1701043248647,11291,4442,2136,4169000,100
11-27 01:00:48.647  8427  8466 I BatteryMgr:DataCollectionService: stats => 1701043248647,11291,4442,2136,4169000,100
11-27 01:00:48.669  1011  1189 I ASH     : @ 390100.839: tcs3701: stop power rail pending_off timer
11-27 01:00:48.669  1011  1189 D ASH     : @ 390100.839: tcs3701: start power rail timer, state:3
11-27 01:00:48.709  1011  1189 I ASH     : @ 390100.879: tcs3701: stop power rail pending_off timer
11-27 01:00:48.709  1011  1189 D ASH     : @ 390100.879: tcs3701: start power rail timer, state:3
11-27 01:00:48.749  1011  1189 I ASH     : @ 390100.919: tcs3701: stop power rail pending_off timer
11-27 01:00:48.749  1011  1189 D ASH     : @ 390100.919: tcs3701: start power rail timer, state:3
11-27 01:00:48.762  8427   913 I BatteryMgr:DataCollectionService: stats => 1701043248762,11291,4442,2136,4169000,100
11-27 01:00:48.764  8427  8466 I BatteryMgr:DataCollectionService: stats => 1701043248764,11291,4442,2136,4169000,100
11-27 01:00:48.788  1011  1189 I ASH     : @ 390100.959: tcs3701: stop power rail pending_off timer
11-27 01:00:48.788  1011  1189 D ASH     : @ 390100.959: tcs3701: start power rail timer, state:3
11-27 01:00:48.829  1011  1189 I ASH     : @ 390100.999: tcs3701: stop power rail pending_off timer
11-27 01:00:48.829  1011  1189 D ASH     : @ 390100.999: tcs3701: start power rail timer, state:3
11-27 01:00:48.869  1011  1189 I ASH     : @ 390101.039: tcs3701: stop power rail pending_off timer
11-27 01:00:48.869  1011  1189 D ASH     : @ 390101.039: tcs3701: start power rail timer, state:3
11-27 01:00:48.870  8427   913 I BatteryMgr:DataCollectionService: stats => 1701043248870,11291,4442,2136,4169000,100
11-27 01:00:48.871  8427  8466 I BatteryMgr:DataCollectionService: stats => 1701043248871,11291,4442,2136,4169000,100
11-27 01:00:48.881  1795  3613 D ActivityManager: freezer override set to true
11-27 01:00:48.908  1011  1189 I ASH     : @ 390101.079: tcs3701: stop power rail pending_off timer
11-27 01:00:48.908  1011  1189 D ASH     : @ 390101.079: tcs3701: start power rail timer, state:3
11-27 01:00:48.948  1011  1189 I ASH     : @ 390101.119: tcs3701: stop power rail pending_off timer
11-27 01:00:48.948  1011  1189 D ASH     : @ 390101.119: tcs3701: start power rail timer, state:3
11-27 01:00:48.980  8427   913 I BatteryMgr:DataCollectionService: stats => 1701043248980,11291,4442,2136,4169000,100
11-27 01:00:48.981  8427  8466 I BatteryMgr:DataCollectionService: stats => 1701043248981,11291,4442,2136,4169000,100
11-27 01:00:48.982 28980 29025 I m.chrome.canary: Explicit concurrent copying GC freed 4056(207KB) AllocSpace objects, 5(100KB) LOS objects, 75% free, 14MB/59MB, paused 30us,26us total 57.445ms
11-27 01:00:48.989  1011  1189 I ASH     : @ 390101.159: tcs3701: stop power rail pending_off timer
11-27 01:00:48.989  1011  1189 D ASH     : @ 390101.159: tcs3701: start power rail timer, state:3
11-27 01:00:49.029  1011  1189 I ASH     : @ 390101.199: tcs3701: stop power rail pending_off timer
11-27 01:00:49.029  1011  1189 D ASH     : @ 390101.199: tcs3701: start power rail timer, state:3
11-27 01:00:49.054  1795  3613 D ActivityManager: freezer override set to false
11-27 01:00:49.068  1011  1189 I ASH     : @ 390101.239: tcs3701: stop power rail pending_off timer
11-27 01:00:49.069  1011  1189 D ASH     : @ 390101.239: tcs3701: start power rail timer, state:3
11-27 01:00:49.088  8427  8466 I BatteryMgr:DataCollectionService: stats => 1701043249088,11291,4442,2136,4169000,100
11-27 01:00:49.090  8427   913 I BatteryMgr:DataCollectionService: stats => 1701043249090,11291,4442,2136,4169000,100
11-27 01:00:49.092  1795  3658 D ActivityManager: freezer override set to true
11-27 01:00:49.094  1795  3658 D ActivityManager: freezer override set to false
11-27 01:00:49.108  1011  1189 I ASH     : @ 390101.279: tcs3701: stop power rail pending_off timer
11-27 01:00:49.108  1011  1189 D ASH     : @ 390101.279: tcs3701: start power rail timer, state:3
11-27 01:00:49.143  1795  3658 D ActivityManager: freezer override set to true
11-27 01:00:49.146  1795  3658 D ActivityManager: freezer override set to false
11-27 01:00:49.148  1011  1189 I ASH     : @ 390101.319: tcs3701: stop power rail pending_off timer
11-27 01:00:49.148  1011  1189 D ASH     : @ 390101.319: tcs3701: start power rail timer, state:3
11-27 01:00:49.160  1795  2424 D WifiClientModeImpl[13802:wlan0]: updateLinkLayerStatsRssiSpeedFrequencyCapabilities rssi=-45 TxLinkspeed=866 freq=5240 RxLinkSpeed=866
11-27 01:00:49.160  1795  2424 D WifiDataStall: tx tput in kbps: 729503
11-27 01:00:49.160  1795  2424 D WifiDataStall: rx tput in kbps: 767898
11-27 01:00:49.160  1795  2424 V WifiConfigManager: Updating scan detail cache freq=5240 BSSID=f4:6d:2f:12:cc:88 RSSI=-44 for "ourhome"WPA_PSK
11-27 01:00:49.161  1795  2424 D WifiChannelUtilization:  freq: 5240 onTime: 11247090 busyTime: 1042678 onTimeDiff: 1599234 busyTimeDiff: 186192 utilization: 29 utilization t0: 23
11-27 01:00:49.161  1795  2424 D WifiDataStall:  ccaLevel = 29
11-27 01:00:49.161  2673 16647 V WifiManager: OnWifiUsabilityStatsListener: onWifiUsabilityStats: seqNum=100836
11-27 01:00:49.161  1795  2424 D WifiDataStall: L2 txTputKbps: 729503, rxTputKbps: 767898, L3 txTputKbps: 0, rxTputKbps: 0, TxTrafficHigh: false, RxTrafficHigh: false, Throughput Sufficient: true
11-27 01:00:49.161  1795  2424 D WifiScoreReport: Wifi scoring disabled - Don't check IP layer
11-27 01:00:49.161  1795  3658 I WifiService: updateWifiUsabilityScore uid=10180 seqNum=100836 score=100 predictionHorizonSec=1441795
11-27 01:00:49.162  1795  2424 D WifiScoreCard: BSSID update SIGNAL_POLL ID: 1320464697 SSID: "ourhome", BSSID: f4:6d:2f:12:cc:88, MAC: b2:2f:ec:da:4a:0c, IP: /192.168.1.104, Security type: 2, Supplicant state: COMPLETED, Wi-Fi standard: 5, RSSI: -45, Link speed: 866Mbps, Tx Link speed: 866Mbps, Max Supported Tx Link speed: 866Mbps, Rx Link speed: 866Mbps, Max Supported Rx Link speed: 866Mbps, Frequency: 5240MHz, Net ID: 12, Metered hint: false, score: 60, isUsable: true, CarrierMerged: false, SubscriptionId: -1, IsPrimary: 1, Trusted: true, Restricted: false, Ephemeral: false, OEM paid: false, OEM private: false, OSU AP: false, FQDN: <none>, Provider friendly name: <none>, Requesting package name: <none>"ourhome"wpa2-pskMLO Information: , Is TID-To-Link negotiation supported by the AP: false, AP MLD Address: <none>, AP MLO Link Id: <none>, AP MLO Affiliated links: <none>
11-27 01:00:49.162  1795  2424 D WifiScoreCard: txRate: 1 txSpeed: 866
11-27 01:00:49.162  1795  2424 D WifiScoreCard: network update SIGNAL_POLL "ourhome" ID: 1499892569 RSSI -45 txSpeed -1
11-27 01:00:49.162  2513 14800 V WifiManager: TrafficStateCallbackProxy: onStateChanged state=0
11-27 01:00:49.162  1795  2424 D WifiClientModeImpl[13802:wlan0]:  ClientModeImpl$L2ConnectedState screen=on 37 0 "ourhome" f4:6d:2f:12:cc:88 rssi=-45 f=5240 sc=60 link=866 tx=0.1, 0.0, 0.0 rx=0.2 bcn=3694879 [on:0 tx:0 rx:0 period:3022] from screen [on:1611109 period:30814448] score=60
11-27 01:00:49.163  1795  2424 D WifiScoreReport: Wifi scoring disabled - Notify that Wifi is usable
11-27 01:00:49.166  1795  2432 D ConnectivityService: NetReassign [no changes] [c 1] [a 0] [i 2]
11-27 01:00:49.188  1011  1189 I ASH     : @ 390101.359: tcs3701: stop power rail pending_off timer
11-27 01:00:49.189  1011  1189 D ASH     : @ 390101.359: tcs3701: start power rail timer, state:3
11-27 01:00:49.194  8427  8466 I BatteryMgr:DataCollectionService: stats => 1701043249194,11291,4442,2136,4169000,100
11-27 01:00:49.194  8427   913 I BatteryMgr:DataCollectionService: stats => 1701043249194,11291,4442,2136,4169000,100
11-27 01:00:49.229  1011  1189 I ASH     : @ 390101.399: tcs3701: stop power rail pending_off timer
11-27 01:00:49.229  1011  1189 D ASH     : @ 390101.399: tcs3701: start power rail timer, state:3
11-27 01:00:49.268  1011  1189 I ASH     : @ 390101.439: tcs3701: stop power rail pending_off timer
11-27 01:00:49.268  1011  1189 D ASH     : @ 390101.439: tcs3701: start power rail timer, state:3
11-27 01:00:49.299  8427  8466 I BatteryMgr:DataCollectionService: stats => 1701043249299,11291,4442,2136,4169000,100
11-27 01:00:49.301  8427   913 I BatteryMgr:DataCollectionService: stats => 1701043249301,11291,4442,2136,4169000,100
11-27 01:00:49.309  1011  1189 I ASH     : @ 390101.479: tcs3701: stop power rail pending_off timer
11-27 01:00:49.309  1011  1189 D ASH     : @ 390101.479: tcs3701: start power rail timer, state:3
11-27 01:00:49.349  1011  1189 I ASH     : @ 390101.519: tcs3701: stop power rail pending_off timer
11-27 01:00:49.349  1011  1189 D ASH     : @ 390101.519: tcs3701: start power rail timer, state:3
11-27 01:00:49.389  1011  1189 I ASH     : @ 390101.559: tcs3701: stop power rail pending_off timer
11-27 01:00:49.389  1011  1189 D ASH     : @ 390101.559: tcs3701: start power rail timer, state:3
11-27 01:00:49.408  8427  8466 I BatteryMgr:DataCollectionService: stats => 1701043249408,11291,4442,2136,4169000,100
11-27 01:00:49.410  8427   913 I BatteryMgr:DataCollectionService: stats => 1701043249410,11291,4442,2136,4169000,100
11-27 01:00:49.429  1011  1189 I ASH     : @ 390101.599: tcs3701: stop power rail pending_off timer
11-27 01:00:49.429  1011  1189 D ASH     : @ 390101.599: tcs3701: start power rail timer, state:3
11-27 01:00:49.469  1011  1189 I ASH     : @ 390101.639: tcs3701: stop power rail pending_off timer
11-27 01:00:49.469  1011  1189 D ASH     : @ 390101.639: tcs3701: start power rail timer, state:3
11-27 01:00:49.509  1011  1189 I ASH     : @ 390101.679: tcs3701: stop power rail pending_off timer
11-27 01:00:49.509  1011  1189 D ASH     : @ 390101.679: tcs3701: start power rail timer, state:3
11-27 01:00:49.518  8427   913 I BatteryMgr:DataCollectionService: stats => 1701043249518,11291,4442,2136,4169000,100
11-27 01:00:49.519  8427  8466 I BatteryMgr:DataCollectionService: stats => 1701043249519,11291,4442,2136,4169000,100
11-27 01:00:49.549  1011  1189 I ASH     : @ 390101.719: tcs3701: stop power rail pending_off timer
11-27 01:00:49.549  1011  1189 D ASH     : @ 390101.719: tcs3701: start power rail timer, state:3
11-27 01:00:49.589  1011  1189 I ASH     : @ 390101.759: tcs3701: stop power rail pending_off timer
11-27 01:00:49.589  1011  1189 D ASH     : @ 390101.759: tcs3701: start power rail timer, state:3
11-27 01:00:49.595  1795  3658 D ActivityManager: freezer override set to true
11-27 01:00:49.602  1795  3658 D ActivityManager: freezer override set to false
11-27 01:00:49.628  1011  1189 I ASH     : @ 390101.799: tcs3701: stop power rail pending_off timer
11-27 01:00:49.628  1011  1189 D ASH     : @ 390101.799: tcs3701: start power rail timer, state:3
11-27 01:00:49.629  8427  8466 I BatteryMgr:DataCollectionService: stats => 1701043249628,11291,4442,2136,4169000,100
11-27 01:00:49.630  8427   913 I BatteryMgr:DataCollectionService: stats => 1701043249630,11291,4442,2136,4169000,100
11-27 01:00:49.669  1011  1189 I ASH     : @ 390101.839: tcs3701: stop power rail pending_off timer
11-27 01:00:49.669  1011  1189 D ASH     : @ 390101.839: tcs3701: start power rail timer, state:3
11-27 01:00:49.708  1011  1189 I ASH     : @ 390101.879: tcs3701: stop power rail pending_off timer
11-27 01:00:49.709  1011  1189 D ASH     : @ 390101.879: tcs3701: start power rail timer, state:3
11-27 01:00:49.739  8427  8466 I BatteryMgr:DataCollectionService: stats => 1701043249739,11291,4442,2136,4169000,100
11-27 01:00:49.741  8427   913 I BatteryMgr:DataCollectionService: stats => 1701043249741,11291,4442,2136,4169000,100
11-27 01:00:49.749  1011  1189 I ASH     : @ 390101.919: tcs3701: stop power rail pending_off timer
11-27 01:00:49.749  1011  1189 D ASH     : @ 390101.919: tcs3701: start power rail timer, state:3
11-27 01:00:49.788  1011  1189 I ASH     : @ 390101.959: tcs3701: stop power rail pending_off timer
11-27 01:00:49.789  1011  1189 D ASH     : @ 390101.959: tcs3701: start power rail timer, state:3
11-27 01:00:49.797  2113  2118 I pixel-thermal: skin-therm-monitor: 38.666
11-27 01:00:49.829  1011  1189 I ASH     : @ 390101.999: tcs3701: stop power rail pending_off timer
11-27 01:00:49.829  1011  1189 D ASH     : @ 390101.999: tcs3701: start power rail timer, state:3
11-27 01:00:49.851  8427   913 I BatteryMgr:DataCollectionService: stats => 1701043249851,11291,4442,2136,4169000,100
11-27 01:00:49.852  8427  8466 I BatteryMgr:DataCollectionService: stats => 1701043249852,11291,4442,2136,4169000,100
11-27 01:00:49.869  1011  1189 I ASH     : @ 390102.039: tcs3701: stop power rail pending_off timer
11-27 01:00:49.869  1011  1189 D ASH     : @ 390102.039: tcs3701: start power rail timer, state:3
11-27 01:00:49.909  1011  1189 I ASH     : @ 390102.079: tcs3701: stop power rail pending_off timer
11-27 01:00:49.909  1011  1189 D ASH     : @ 390102.079: tcs3701: start power rail timer, state:3
11-27 01:00:49.949  1011  1189 I ASH     : @ 390102.119: tcs3701: stop power rail pending_off timer
11-27 01:00:49.949  1011  1189 D ASH     : @ 390102.119: tcs3701: start power rail timer, state:3
11-27 01:00:49.964  8427  8466 I BatteryMgr:DataCollectionService: stats => 1701043249964,11291,4442,2136,4169000,100
11-27 01:00:49.965  8427   913 I BatteryMgr:DataCollectionService: stats => 1701043249965,11291,4442,2136,4169000,100
11-27 01:00:49.989  1011  1189 I ASH     : @ 390102.159: tcs3701: stop power rail pending_off timer
11-27 01:00:49.989  1011  1189 D ASH     : @ 390102.159: tcs3701: start power rail timer, state:3
11-27 01:00:50.029  1011  1189 I ASH     : @ 390102.199: tcs3701: stop power rail pending_off timer
11-27 01:00:50.029  1011  1189 D ASH     : @ 390102.199: tcs3701: start power rail timer, state:3
11-27 01:00:50.069  1011  1189 I ASH     : @ 390102.239: tcs3701: stop power rail pending_off timer
11-27 01:00:50.069  1011  1189 D ASH     : @ 390102.239: tcs3701: start power rail timer, state:3
11-27 01:00:50.077  8427   913 I BatteryMgr:DataCollectionService: stats => 1701043250077,11291,4442,2136,4169000,100
11-27 01:00:50.078  8427  8466 I BatteryMgr:DataCollectionService: stats => 1701043250078,11291,4442,2136,4169000,100
11-27 01:00:50.109  1011  1189 I ASH     : @ 390102.279: tcs3701: stop power rail pending_off timer
11-27 01:00:50.109  1011  1189 D ASH     : @ 390102.279: tcs3701: start power rail timer, state:3
11-27 01:00:50.149  1011  1189 I ASH     : @ 390102.319: tcs3701: stop power rail pending_off timer
11-27 01:00:50.149  1011  1189 D ASH     : @ 390102.319: tcs3701: start power rail timer, state:3
11-27 01:00:50.189  1011  1189 I ASH     : @ 390102.359: tcs3701: stop power rail pending_off timer
11-27 01:00:50.189  1011  1189 D ASH     : @ 390102.359: tcs3701: start power rail timer, state:3
11-27 01:00:50.190  8427   913 I BatteryMgr:DataCollectionService: stats => 1701043250190,11291,4442,2136,4169000,100
11-27 01:00:50.191  8427  8466 I BatteryMgr:DataCollectionService: stats => 1701043250191,11291,4442,2136,4169000,100
11-27 01:00:50.229  1011  1189 I ASH     : @ 390102.399: tcs3701: stop power rail pending_off timer
11-27 01:00:50.229  1011  1189 D ASH     : @ 390102.399: tcs3701: start power rail timer, state:3
11-27 01:00:50.268  1011  1189 I ASH     : @ 390102.439: tcs3701: stop power rail pending_off timer
11-27 01:00:50.269  1011  1189 D ASH     : @ 390102.439: tcs3701: start power rail timer, state:3
11-27 01:00:50.296  8427  8466 I BatteryMgr:DataCollectionService: stats => 1701043250296,11291,4442,2136,4169000,100
11-27 01:00:50.297  8427   913 I BatteryMgr:DataCollectionService: stats => 1701043250297,11291,4442,2136,4169000,100
11-27 01:00:50.308  1011  1189 I ASH     : @ 390102.479: tcs3701: stop power rail pending_off timer
11-27 01:00:50.309  1011  1189 D ASH     : @ 390102.479: tcs3701: start power rail timer, state:3
11-27 01:00:50.313  1795  3613 D ActivityManager: freezer override set to true
11-27 01:00:50.348  1011  1189 I ASH     : @ 390102.519: tcs3701: stop power rail pending_off timer
11-27 01:00:50.348  1011  1189 D ASH     : @ 390102.519: tcs3701: start power rail timer, state:3
11-27 01:00:50.388  1011  1189 I ASH     : @ 390102.559: tcs3701: stop power rail pending_off timer
11-27 01:00:50.388  1011  1189 D ASH     : @ 390102.559: tcs3701: start power rail timer, state:3
11-27 01:00:50.401  8427  8466 I BatteryMgr:DataCollectionService: stats => 1701043250401,11291,4442,2136,4169000,100
11-27 01:00:50.402  8427   913 I BatteryMgr:DataCollectionService: stats => 1701043250402,11291,4442,2136,4169000,100
11-27 01:00:50.416 28980 29025 I m.chrome.canary: Explicit concurrent copying GC freed 3843(192KB) AllocSpace objects, 4(80KB) LOS objects, 75% free, 14MB/59MB, paused 31us,25us total 57.315ms
11-27 01:00:50.428  1011  1189 I ASH     : @ 390102.599: tcs3701: stop power rail pending_off timer
11-27 01:00:50.428  1011  1189 D ASH     : @ 390102.599: tcs3701: start power rail timer, state:3
11-27 01:00:50.468  1011  1189 I ASH     : @ 390102.639: tcs3701: stop power rail pending_off timer
11-27 01:00:50.468  1011  1189 D ASH     : @ 390102.639: tcs3701: start power rail timer, state:3
11-27 01:00:50.484  1795  3613 D ActivityManager: freezer override set to false
11-27 01:00:50.506  8427  8466 I BatteryMgr:DataCollectionService: stats => 1701043250506,11291,4442,2136,4169000,100
11-27 01:00:50.507  8427   913 I BatteryMgr:DataCollectionService: stats => 1701043250507,11291,4442,2136,4169000,100
11-27 01:00:50.508  1011  1189 I ASH     : @ 390102.679: tcs3701: stop power rail pending_off timer
11-27 01:00:50.508  1011  1189 D ASH     : @ 390102.679: tcs3701: start power rail timer, state:3
11-27 01:00:50.521  1795  3613 D ActivityManager: freezer override set to true
11-27 01:00:50.524  1795  3613 D ActivityManager: freezer override set to false
11-27 01:00:50.548  1011  1189 I ASH     : @ 390102.719: tcs3701: stop power rail pending_off timer
11-27 01:00:50.548  1011  1189 D ASH     : @ 390102.719: tcs3701: start power rail timer, state:3
11-27 01:00:50.562  1795  3613 D ActivityManager: freezer override set to true
11-27 01:00:50.566  1795  3613 D ActivityManager: freezer override set to false
11-27 01:00:50.572  1795  3613 D ActivityManager: freezer override set to true
11-27 01:00:50.578  1795  3613 D ActivityManager: freezer override set to false
11-27 01:00:50.588  1011  1189 I ASH     : @ 390102.759: tcs3701: stop power rail pending_off timer
11-27 01:00:50.588  1011  1189 D ASH     : @ 390102.759: tcs3701: start power rail timer, state:3
11-27 01:00:50.610  8427  8466 I BatteryMgr:DataCollectionService: stats => 1701043250610,11291,4442,2136,4169000,100
11-27 01:00:50.610  8427   913 I BatteryMgr:DataCollectionService: stats => 1701043250610,11291,4442,2136,4169000,100
11-27 01:00:50.628  1011  1189 I ASH     : @ 390102.799: tcs3701: stop power rail pending_off timer
11-27 01:00:50.628  1011  1189 D ASH     : @ 390102.799: tcs3701: start power rail timer, state:3
11-27 01:00:50.668  1011  1189 I ASH     : @ 390102.839: tcs3701: stop power rail pending_off timer
11-27 01:00:50.668  1011  1189 D ASH     : @ 390102.839: tcs3701: start power rail timer, state:3
11-27 01:00:50.708  1011  1189 I ASH     : @ 390102.879: tcs3701: stop power rail pending_off timer
11-27 01:00:50.708  1011  1189 D ASH     : @ 390102.879: tcs3701: start power rail timer, state:3
11-27 01:00:50.715  8427  8466 I BatteryMgr:DataCollectionService: stats => 1701043250715,11291,4442,2136,4169000,100
11-27 01:00:50.715  8427   913 I BatteryMgr:DataCollectionService: stats => 1701043250715,11291,4442,2136,4169000,100
11-27 01:00:50.748  1011  1189 I ASH     : @ 390102.919: tcs3701: stop power rail pending_off timer
11-27 01:00:50.748  1011  1189 D ASH     : @ 390102.919: tcs3701: start power rail timer, state:3
11-27 01:00:50.788  1011  1189 I ASH     : @ 390102.959: tcs3701: stop power rail pending_off timer
11-27 01:00:50.788  1011  1189 D ASH     : @ 390102.959: tcs3701: start power rail timer, state:3
11-27 01:00:50.821  8427  8466 I BatteryMgr:DataCollectionService: stats => 1701043250821,11291,4442,2136,4169000,100
11-27 01:00:50.822  8427   913 I BatteryMgr:DataCollectionService: stats => 1701043250822,11291,4442,2136,4169000,100
11-27 01:00:50.828  1011  1189 I ASH     : @ 390102.999: tcs3701: stop power rail pending_off timer
11-27 01:00:50.828  1011  1189 D ASH     : @ 390102.999: tcs3701: start power rail timer, state:3
11-27 01:00:50.868  1011  1189 I ASH     : @ 390103.039: tcs3701: stop power rail pending_off timer
11-27 01:00:50.868  1011  1189 D ASH     : @ 390103.039: tcs3701: start power rail timer, state:3
11-27 01:00:50.908  1011  1189 I ASH     : @ 390103.079: tcs3701: stop power rail pending_off timer
11-27 01:00:50.908  1011  1189 D ASH     : @ 390103.079: tcs3701: start power rail timer, state:3
11-27 01:00:50.926  8427  8466 I BatteryMgr:DataCollectionService: stats => 1701043250926,11291,4442,2136,4169000,100
11-27 01:00:50.926  8427   913 I BatteryMgr:DataCollectionService: stats => 1701043250926,11291,4442,2136,4169000,100
11-27 01:00:50.948  1011  1189 I ASH     : @ 390103.119: tcs3701: stop power rail pending_off timer
11-27 01:00:50.948  1011  1189 D ASH     : @ 390103.119: tcs3701: start power rail timer, state:3
11-27 01:00:50.988  1011  1189 I ASH     : @ 390103.159: tcs3701: stop power rail pending_off timer
11-27 01:00:50.988  1011  1189 D ASH     : @ 390103.159: tcs3701: start power rail timer, state:3
11-27 01:00:51.028  1011  1189 I ASH     : @ 390103.199: tcs3701: stop power rail pending_off timer
11-27 01:00:51.028  1011  1189 D ASH     : @ 390103.199: tcs3701: start power rail timer, state:3
11-27 01:00:51.031  8427   913 I BatteryMgr:DataCollectionService: stats => 1701043251031,11291,4442,2136,4169000,100
11-27 01:00:51.032  8427  8466 I BatteryMgr:DataCollectionService: stats => 1701043251032,11291,4442,2136,4169000,100
11-27 01:00:51.068  1011  1189 I ASH     : @ 390103.239: tcs3701: stop power rail pending_off timer
11-27 01:00:51.068  1011  1189 D ASH     : @ 390103.239: tcs3701: start power rail timer, state:3
11-27 01:00:51.108  1011  1189 I ASH     : @ 390103.279: tcs3701: stop power rail pending_off timer
11-27 01:00:51.108  1011  1189 D ASH     : @ 390103.279: tcs3701: start power rail timer, state:3
11-27 01:00:51.137  8427  8466 I BatteryMgr:DataCollectionService: stats => 1701043251137,11291,4442,2136,4169000,100
11-27 01:00:51.137  8427   913 I BatteryMgr:DataCollectionService: stats => 1701043251137,11291,4442,2136,4169000,100
11-27 01:00:51.148  1011  1189 I ASH     : @ 390103.319: tcs3701: stop power rail pending_off timer
11-27 01:00:51.148  1011  1189 D ASH     : @ 390103.319: tcs3701: start power rail timer, state:3
11-27 01:00:51.188  1011  1189 I ASH     : @ 390103.359: tcs3701: stop power rail pending_off timer
11-27 01:00:51.188  1011  1189 D ASH     : @ 390103.359: tcs3701: start power rail timer, state:3
11-27 01:00:51.228  1011  1189 I ASH     : @ 390103.399: tcs3701: stop power rail pending_off timer
11-27 01:00:51.229  1011  1189 D ASH     : @ 390103.399: tcs3701: start power rail timer, state:3
11-27 01:00:51.242  8427  8466 I BatteryMgr:DataCollectionService: stats => 1701043251242,11291,4442,2136,4169000,100
11-27 01:00:51.243  8427   913 I BatteryMgr:DataCollectionService: stats => 1701043251243,11291,4442,2136,4169000,100
11-27 01:00:51.268  1011  1189 I ASH     : @ 390103.439: tcs3701: stop power rail pending_off timer
11-27 01:00:51.268  1011  1189 D ASH     : @ 390103.439: tcs3701: start power rail timer, state:3
11-27 01:00:51.309  1011  1189 I ASH     : @ 390103.479: tcs3701: stop power rail pending_off timer
11-27 01:00:51.309  1011  1189 D ASH     : @ 390103.479: tcs3701: start power rail timer, state:3
11-27 01:00:51.347  8427  8466 I BatteryMgr:DataCollectionService: stats => 1701043251347,11291,4442,2136,4169000,100
11-27 01:00:51.347  8427   913 I BatteryMgr:DataCollectionService: stats => 1701043251347,11291,4442,2136,4169000,100
11-27 01:00:51.348  1011  1189 I ASH     : @ 390103.519: tcs3701: stop power rail pending_off timer
11-27 01:00:51.348  1011  1189 D ASH     : @ 390103.519: tcs3701: start power rail timer, state:3
11-27 01:00:51.389  1011  1189 I ASH     : @ 390103.559: tcs3701: stop power rail pending_off timer
11-27 01:00:51.389  1011  1189 D ASH     : @ 390103.559: tcs3701: start power rail timer, state:3
11-27 01:00:51.428  1011  1189 I ASH     : @ 390103.599: tcs3701: stop power rail pending_off timer
11-27 01:00:51.428  1011  1189 D ASH     : @ 390103.599: tcs3701: start power rail timer, state:3
11-27 01:00:51.453  8427  8466 I BatteryMgr:DataCollectionService: stats => 1701043251453,11291,4442,2136,4169000,100
11-27 01:00:51.453  8427   913 I BatteryMgr:DataCollectionService: stats => 1701043251453,11291,4442,2136,4169000,100
11-27 01:00:51.469  1011  1189 I ASH     : @ 390103.639: tcs3701: stop power rail pending_off timer
11-27 01:00:51.469  1011  1189 D ASH     : @ 390103.639: tcs3701: start power rail timer, state:3
11-27 01:00:51.508  1011  1189 I ASH     : @ 390103.679: tcs3701: stop power rail pending_off timer
11-27 01:00:51.508  1011  1189 D ASH     : @ 390103.679: tcs3701: start power rail timer, state:3
11-27 01:00:51.548  1011  1189 I ASH     : @ 390103.719: tcs3701: stop power rail pending_off timer
11-27 01:00:51.548  1011  1189 D ASH     : @ 390103.719: tcs3701: start power rail timer, state:3
11-27 01:00:51.559  8427   913 I BatteryMgr:DataCollectionService: stats => 1701043251559,11291,4442,2136,4169000,100
11-27 01:00:51.559  8427  8466 I BatteryMgr:DataCollectionService: stats => 1701043251559,11291,4442,2136,4169000,100
11-27 01:00:51.584  1795  3613 D ActivityManager: freezer override set to true
11-27 01:00:51.588  1011  1189 I ASH     : @ 390103.759: tcs3701: stop power rail pending_off timer
11-27 01:00:51.588  1011  1189 D ASH     : @ 390103.759: tcs3701: start power rail timer, state:3
11-27 01:00:51.591  1795  3613 D ActivityManager: freezer override set to false
11-27 01:00:51.628  1011  1189 I ASH     : @ 390103.799: tcs3701: stop power rail pending_off timer
11-27 01:00:51.628  1011  1189 D ASH     : @ 390103.799: tcs3701: start power rail timer, state:3
11-27 01:00:51.665  8427   913 I BatteryMgr:DataCollectionService: stats => 1701043251665,11291,4442,2136,4169000,100
11-27 01:00:51.665  8427  8466 I BatteryMgr:DataCollectionService: stats => 1701043251665,11291,4442,2136,4169000,100
11-27 01:00:51.668  1011  1189 I ASH     : @ 390103.839: tcs3701: stop power rail pending_off timer
11-27 01:00:51.668  1011  1189 D ASH     : @ 390103.839: tcs3701: start power rail timer, state:3
11-27 01:00:51.700  1795  2679 D ActivityManager: freezer override set to true
11-27 01:00:51.709  1011  1189 I ASH     : @ 390103.879: tcs3701: stop power rail pending_off timer
11-27 01:00:51.709  1011  1189 D ASH     : @ 390103.879: tcs3701: start power rail timer, state:3
11-27 01:00:51.748  1011  1189 I ASH     : @ 390103.919: tcs3701: stop power rail pending_off timer
11-27 01:00:51.748  1011  1189 D ASH     : @ 390103.919: tcs3701: start power rail timer, state:3
11-27 01:00:51.770  8427  8466 I BatteryMgr:DataCollectionService: stats => 1701043251770,11291,4442,2136,4169000,100
11-27 01:00:51.770  8427   913 I BatteryMgr:DataCollectionService: stats => 1701043251770,11291,4442,2136,4169000,100
11-27 01:00:51.788  1011  1189 I ASH     : @ 390103.959: tcs3701: stop power rail pending_off timer
11-27 01:00:51.788  1011  1189 D ASH     : @ 390103.959: tcs3701: start power rail timer, state:3
11-27 01:00:51.799  2113  2118 I pixel-thermal: skin-therm-monitor: 38.646
11-27 01:00:51.812 28980 29025 I m.chrome.canary: Explicit concurrent copying GC freed 4053(207KB) AllocSpace objects, 5(100KB) LOS objects, 75% free, 14MB/59MB, paused 33us,860us total 69.705ms
11-27 01:00:51.828  1011  1189 I ASH     : @ 390103.999: tcs3701: stop power rail pending_off timer
11-27 01:00:51.828  1011  1189 D ASH     : @ 390103.999: tcs3701: start power rail timer, state:3
11-27 01:00:51.869  1011  1189 I ASH     : @ 390104.039: tcs3701: stop power rail pending_off timer
11-27 01:00:51.869  1011  1189 D ASH     : @ 390104.039: tcs3701: start power rail timer, state:3
11-27 01:00:51.874  8427   913 I BatteryMgr:DataCollectionService: stats => 1701043251874,11291,4442,2136,4169000,100
11-27 01:00:51.875  8427  8466 I BatteryMgr:DataCollectionService: stats => 1701043251874,11291,4442,2136,4169000,100
11-27 01:00:51.881  1795  2679 D ActivityManager: freezer override set to false
11-27 01:00:51.908  1011  1189 I ASH     : @ 390104.079: tcs3701: stop power rail pending_off timer
11-27 01:00:51.908  1011  1189 D ASH     : @ 390104.079: tcs3701: start power rail timer, state:3
11-27 01:00:51.914  1795  2679 D ActivityManager: freezer override set to true
11-27 01:00:51.917  1795  2679 D ActivityManager: freezer override set to false
11-27 01:00:51.948  1011  1189 I ASH     : @ 390104.119: tcs3701: stop power rail pending_off timer
11-27 01:00:51.949  1011  1189 D ASH     : @ 390104.119: tcs3701: start power rail timer, state:3
11-27 01:00:51.957  1795  2679 D ActivityManager: freezer override set to true
11-27 01:00:51.960  1795  2679 D ActivityManager: freezer override set to false
11-27 01:00:51.980  8427  8466 I BatteryMgr:DataCollectionService: stats => 1701043251980,11291,4442,2136,4169000,100
11-27 01:00:51.981  8427   913 I BatteryMgr:DataCollectionService: stats => 1701043251981,11291,4442,2136,4169000,100
11-27 01:00:51.988  1011  1189 I ASH     : @ 390104.159: tcs3701: stop power rail pending_off timer
11-27 01:00:51.988  1011  1189 D ASH     : @ 390104.159: tcs3701: start power rail timer, state:3
11-27 01:00:52.028  1011  1189 I ASH     : @ 390104.199: tcs3701: stop power rail pending_off timer
11-27 01:00:52.029  1011  1189 D ASH     : @ 390104.199: tcs3701: start power rail timer, state:3
11-27 01:00:52.068  1011  1189 I ASH     : @ 390104.239: tcs3701: stop power rail pending_off timer
11-27 01:00:52.069  1011  1189 D ASH     : @ 390104.239: tcs3701: start power rail timer, state:3
11-27 01:00:52.089  8427  8466 I BatteryMgr:DataCollectionService: stats => 1701043252089,11291,4442,2136,4169000,100
11-27 01:00:52.091  8427   913 I BatteryMgr:DataCollectionService: stats => 1701043252091,11291,4442,2136,4169000,100
11-27 01:00:52.109  1011  1189 I ASH     : @ 390104.279: tcs3701: stop power rail pending_off timer
11-27 01:00:52.109  1011  1189 D ASH     : @ 390104.279: tcs3701: start power rail timer, state:3
11-27 01:00:52.149  1011  1189 I ASH     : @ 390104.319: tcs3701: stop power rail pending_off timer
11-27 01:00:52.149  1011  1189 D ASH     : @ 390104.319: tcs3701: start power rail timer, state:3
11-27 01:00:52.177  1795  2424 D WifiClientModeImpl[13802:wlan0]: updateLinkLayerStatsRssiSpeedFrequencyCapabilities rssi=-45 TxLinkspeed=866 freq=5240 RxLinkSpeed=6
