11-27 01:09:02.188  1011  1189 D ASH     : @ 390594.359: tcs3701: start power rail timer, state:3
11-27 01:09:02.204  8427  8469 I BatteryMgr:DataCollectionService: stats => 1701043742204,10375,4442,2136,4169000,100
11-27 01:09:02.228  1011  1189 I ASH     : @ 390594.399: tcs3701: stop power rail pending_off timer
11-27 01:09:02.228  1011  1189 D ASH     : @ 390594.399: tcs3701: start power rail timer, state:3
11-27 01:09:02.233  8427  8469 I BatteryMgr:DataCollectionService: stats => 1701043742233,10375,4442,2136,4169000,100
11-27 01:09:02.236  1795  2855 D ActivityManager: freezer override set to true
11-27 01:09:02.242  1795  2855 D ActivityManager: freezer override set to false
11-27 01:09:02.268  1011  1189 I ASH     : @ 390594.439: tcs3701: stop power rail pending_off timer
11-27 01:09:02.268  1011  1189 D ASH     : @ 390594.439: tcs3701: start power rail timer, state:3
11-27 01:09:02.308  1011  1189 I ASH     : @ 390594.479: tcs3701: stop power rail pending_off timer
11-27 01:09:02.308  1011  1189 D ASH     : @ 390594.479: tcs3701: start power rail timer, state:3
11-27 01:09:02.310  8427  8469 I BatteryMgr:DataCollectionService: stats => 1701043742310,10375,4442,2136,4169000,100
11-27 01:09:02.322  1795  2855 D ActivityManager: freezer override set to true
11-27 01:09:02.340  8427  8469 I BatteryMgr:DataCollectionService: stats => 1701043742340,10375,4442,2136,4169000,100
11-27 01:09:02.348  1011  1189 I ASH     : @ 390594.519: tcs3701: stop power rail pending_off timer
11-27 01:09:02.348  1011  1189 D ASH     : @ 390594.519: tcs3701: start power rail timer, state:3
11-27 01:09:02.388  1011  1189 I ASH     : @ 390594.559: tcs3701: stop power rail pending_off timer
11-27 01:09:02.388  1011  1189 D ASH     : @ 390594.559: tcs3701: start power rail timer, state:3
11-27 01:09:02.425  8427  8469 I BatteryMgr:DataCollectionService: stats => 1701043742425,10375,4442,2136,4169000,100
11-27 01:09:02.428  1011  1189 I ASH     : @ 390594.599: tcs3701: stop power rail pending_off timer
11-27 01:09:02.428  1011  1189 D ASH     : @ 390594.599: tcs3701: start power rail timer, state:3
11-27 01:09:02.445  8427  8469 I BatteryMgr:DataCollectionService: stats => 1701043742445,10375,4442,2136,4169000,100
11-27 01:09:02.469  1011  1189 I ASH     : @ 390594.639: tcs3701: stop power rail pending_off timer
11-27 01:09:02.469  1011  1189 D ASH     : @ 390594.639: tcs3701: start power rail timer, state:3
11-27 01:09:02.508  1011  1189 I ASH     : @ 390594.679: tcs3701: stop power rail pending_off timer
11-27 01:09:02.508  1011  1189 D ASH     : @ 390594.679: tcs3701: start power rail timer, state:3
11-27 01:09:02.533  8427  8469 I BatteryMgr:DataCollectionService: stats => 1701043742533,10375,4442,2136,4169000,100
11-27 01:09:02.549  1011  1189 I ASH     : @ 390594.719: tcs3701: stop power rail pending_off timer
11-27 01:09:02.549  1011  1189 D ASH     : @ 390594.719: tcs3701: start power rail timer, state:3
11-27 01:09:02.558  8427  8469 I BatteryMgr:DataCollectionService: stats => 1701043742558,10375,4442,2136,4169000,100
11-27 01:09:02.589  1011  1189 I ASH     : @ 390594.759: tcs3701: stop power rail pending_off timer
11-27 01:09:02.589  1011  1189 D ASH     : @ 390594.759: tcs3701: start power rail timer, state:3
11-27 01:09:02.628  1011  1189 I ASH     : @ 390594.799: tcs3701: stop power rail pending_off timer
11-27 01:09:02.628  1011  1189 D ASH     : @ 390594.799: tcs3701: start power rail timer, state:3
11-27 01:09:02.631 13040 13084 I m.chrome.canary: Waiting for a blocking GC Explicit
11-27 01:09:02.648  8427  8469 I BatteryMgr:DataCollectionService: stats => 1701043742648,10375,4442,2136,4169000,100
11-27 01:09:02.664  8427  8469 I BatteryMgr:DataCollectionService: stats => 1701043742664,10375,4442,2136,4169000,100
11-27 01:09:02.669  1011  1189 I ASH     : @ 390594.838: tcs3701: stop power rail pending_off timer
11-27 01:09:02.669  1011  1189 D ASH     : @ 390594.839: tcs3701: start power rail timer, state:3
11-27 01:09:02.674 13040 13049 I m.chrome.canary: Background young concurrent copying GC freed 2602788(47MB) AllocSpace objects, 8(288KB) LOS objects, 73% free, 16MB/62MB, paused 87us,28us total 127.026ms
11-27 01:09:02.678 13040 13084 I m.chrome.canary: WaitForGcToComplete blocked Explicit on Background for 46.787ms
11-27 01:09:02.708  1011  1189 I ASH     : @ 390594.879: tcs3701: stop power rail pending_off timer
11-27 01:09:02.708  1011  1189 D ASH     : @ 390594.879: tcs3701: start power rail timer, state:3
11-27 01:09:02.749  1011  1189 I ASH     : @ 390594.919: tcs3701: stop power rail pending_off timer
11-27 01:09:02.749  1011  1189 D ASH     : @ 390594.919: tcs3701: start power rail timer, state:3
11-27 01:09:02.762  8427  8469 I BatteryMgr:DataCollectionService: stats => 1701043742762,10375,4442,2136,4169000,100
11-27 01:09:02.769  8427  8469 I BatteryMgr:DataCollectionService: stats => 1701043742769,10375,4442,2136,4169000,100
11-27 01:09:02.788  1011  1189 I ASH     : @ 390594.959: tcs3701: stop power rail pending_off timer
11-27 01:09:02.788  1011  1189 D ASH     : @ 390594.959: tcs3701: start power rail timer, state:3
11-27 01:09:02.828 13040 13084 I m.chrome.canary: Explicit concurrent copying GC freed 144057(2795KB) AllocSpace objects, 1(20KB) LOS objects, 75% free, 18MB/75MB, paused 89us,26us total 150.352ms
11-27 01:09:02.828 13040 13049 I m.chrome.canary: WaitForGcToComplete blocked HeapTrim on Explicit for 150.090ms
11-27 01:09:02.829  1011  1189 I ASH     : @ 390594.999: tcs3701: stop power rail pending_off timer
11-27 01:09:02.829  1011  1189 D ASH     : @ 390594.999: tcs3701: start power rail timer, state:3
11-27 01:09:02.867  8427  8469 I BatteryMgr:DataCollectionService: stats => 1701043742867,10375,4442,2136,4169000,100
11-27 01:09:02.868  1011  1189 I ASH     : @ 390595.039: tcs3701: stop power rail pending_off timer
11-27 01:09:02.868  1011  1189 D ASH     : @ 390595.039: tcs3701: start power rail timer, state:3
11-27 01:09:02.875  8427  8469 I BatteryMgr:DataCollectionService: stats => 1701043742875,10375,4442,2136,4169000,100
11-27 01:09:02.910  1011  1189 I ASH     : @ 390595.079: tcs3701: stop power rail pending_off timer
11-27 01:09:02.910  1011  1189 D ASH     : @ 390595.079: tcs3701: start power rail timer, state:3
11-27 01:09:02.948  1011  1189 I ASH     : @ 390595.119: tcs3701: stop power rail pending_off timer
11-27 01:09:02.948  1011  1189 D ASH     : @ 390595.119: tcs3701: start power rail timer, state:3
11-27 01:09:02.970  1795  2855 D ActivityManager: freezer override set to false
11-27 01:09:02.977  8427  8469 I BatteryMgr:DataCollectionService: stats => 1701043742977,10375,4442,2136,4169000,100
11-27 01:09:02.988  1011  1189 I ASH     : @ 390595.159: tcs3701: stop power rail pending_off timer
11-27 01:09:02.988  1011  1189 D ASH     : @ 390595.159: tcs3701: start power rail timer, state:3
11-27 01:09:02.990  8427  8467 I BatteryMgr:DataCollectionService: stats => 1701043742990,10375,4442,2136,4169000,100
11-27 01:09:03.028  1011  1189 I ASH     : @ 390595.199: tcs3701: stop power rail pending_off timer
11-27 01:09:03.028  1011  1189 D ASH     : @ 390595.199: tcs3701: start power rail timer, state:3
11-27 01:09:03.060  1795  2855 D ActivityManager: freezer override set to true
11-27 01:09:03.068  1795  2855 D ActivityManager: freezer override set to false
11-27 01:09:03.068  1011  1189 I ASH     : @ 390595.239: tcs3701: stop power rail pending_off timer
11-27 01:09:03.068  1011  1189 D ASH     : @ 390595.239: tcs3701: start power rail timer, state:3
11-27 01:09:03.086  8427  8467 I BatteryMgr:DataCollectionService: stats => 1701043743086,10375,4442,2136,4169000,100
11-27 01:09:03.097  8427  8467 I BatteryMgr:DataCollectionService: stats => 1701043743097,10375,4442,2136,4169000,100
11-27 01:09:03.108  1011  1189 I ASH     : @ 390595.279: tcs3701: stop power rail pending_off timer
11-27 01:09:03.108  1011  1189 D ASH     : @ 390595.279: tcs3701: start power rail timer, state:3
11-27 01:09:03.148  1011  1189 I ASH     : @ 390595.319: tcs3701: stop power rail pending_off timer
11-27 01:09:03.148  1011  1189 D ASH     : @ 390595.319: tcs3701: start power rail timer, state:3
11-27 01:09:03.159  1795  2855 D ActivityManager: freezer override set to true
11-27 01:09:03.161  1795  2855 D ActivityManager: freezer override set to false
11-27 01:09:03.188  1011  1189 I ASH     : @ 390595.359: tcs3701: stop power rail pending_off timer
11-27 01:09:03.188  1011  1189 D ASH     : @ 390595.359: tcs3701: start power rail timer, state:3
11-27 01:09:03.193  8427  8467 I BatteryMgr:DataCollectionService: stats => 1701043743193,10375,4442,2136,4169000,100
11-27 01:09:03.200  8427  8467 I BatteryMgr:DataCollectionService: stats => 1701043743200,10375,4442,2136,4169000,100
11-27 01:09:03.220  1795  2855 D ActivityManager: freezer override set to true
11-27 01:09:03.226  1795  2855 D ActivityManager: freezer override set to false
11-27 01:09:03.229  1011  1189 I ASH     : @ 390595.399: tcs3701: stop power rail pending_off timer
11-27 01:09:03.229  1011  1189 D ASH     : @ 390595.399: tcs3701: start power rail timer, state:3
11-27 01:09:03.268  1011  1189 I ASH     : @ 390595.439: tcs3701: stop power rail pending_off timer
11-27 01:09:03.268  1011  1189 D ASH     : @ 390595.439: tcs3701: start power rail timer, state:3
11-27 01:09:03.304  8427  8467 I BatteryMgr:DataCollectionService: stats => 1701043743304,10375,4442,2136,4169000,100
11-27 01:09:03.308  1011  1189 I ASH     : @ 390595.479: tcs3701: stop power rail pending_off timer
11-27 01:09:03.308  1011  1189 D ASH     : @ 390595.479: tcs3701: start power rail timer, state:3
11-27 01:09:03.310  8427  8469 I BatteryMgr:DataCollectionService: stats => 1701043743310,10375,4442,2136,4169000,100
11-27 01:09:03.348  1011  1189 I ASH     : @ 390595.519: tcs3701: stop power rail pending_off timer
11-27 01:09:03.348  1011  1189 D ASH     : @ 390595.519: tcs3701: start power rail timer, state:3
11-27 01:09:03.367  2113  2118 I pixel-thermal: skin-therm-monitor: 39.176
11-27 01:09:03.388  1011  1189 I ASH     : @ 390595.559: tcs3701: stop power rail pending_off timer
11-27 01:09:03.388  1011  1189 D ASH     : @ 390595.559: tcs3701: start power rail timer, state:3
11-27 01:09:03.416  8427  8469 I BatteryMgr:DataCollectionService: stats => 1701043743416,10375,4442,2136,4169000,100
11-27 01:09:03.417  8427  8467 I BatteryMgr:DataCollectionService: stats => 1701043743417,10375,4442,2136,4169000,100
11-27 01:09:03.428  1011  1189 I ASH     : @ 390595.599: tcs3701: stop power rail pending_off timer
11-27 01:09:03.428  1011  1189 D ASH     : @ 390595.599: tcs3701: start power rail timer, state:3
11-27 01:09:03.468  1011  1189 I ASH     : @ 390595.639: tcs3701: stop power rail pending_off timer
11-27 01:09:03.468  1011  1189 D ASH     : @ 390595.639: tcs3701: start power rail timer, state:3
11-27 01:09:03.508  1011  1189 I ASH     : @ 390595.679: tcs3701: stop power rail pending_off timer
11-27 01:09:03.508  1011  1189 D ASH     : @ 390595.679: tcs3701: start power rail timer, state:3
11-27 01:09:03.530  8427   913 I BatteryMgr:DataCollectionService: stats => 1701043743530,10375,4442,2136,4169000,100
11-27 01:09:03.531  8427  8469 I BatteryMgr:DataCollectionService: stats => 1701043743531,10375,4442,2136,4169000,100
11-27 01:09:03.548  1011  1189 I ASH     : @ 390595.719: tcs3701: stop power rail pending_off timer
11-27 01:09:03.548  1011  1189 D ASH     : @ 390595.719: tcs3701: start power rail timer, state:3
11-27 01:09:03.575  1795  2855 D ActivityManager: freezer override set to true
11-27 01:09:03.588  1011  1189 I ASH     : @ 390595.759: tcs3701: stop power rail pending_off timer
11-27 01:09:03.588  1011  1189 D ASH     : @ 390595.759: tcs3701: start power rail timer, state:3
11-27 01:09:03.629  1011  1189 I ASH     : @ 390595.799: tcs3701: stop power rail pending_off timer
11-27 01:09:03.629  1011  1189 D ASH     : @ 390595.799: tcs3701: start power rail timer, state:3
11-27 01:09:03.646  8427  8469 I BatteryMgr:DataCollectionService: stats => 1701043743646,10375,4442,2136,4169000,100
11-27 01:09:03.649  8427   913 I BatteryMgr:DataCollectionService: stats => 1701043743649,10375,4442,2136,4169000,100
11-27 01:09:03.668  1011  1189 I ASH     : @ 390595.839: tcs3701: stop power rail pending_off timer
11-27 01:09:03.668  1011  1189 D ASH     : @ 390595.839: tcs3701: start power rail timer, state:3
11-27 01:09:03.709  1011  1189 I ASH     : @ 390595.879: tcs3701: stop power rail pending_off timer
11-27 01:09:03.709  1011  1189 D ASH     : @ 390595.879: tcs3701: start power rail timer, state:3
11-27 01:09:03.748  1011  1189 I ASH     : @ 390595.919: tcs3701: stop power rail pending_off timer
11-27 01:09:03.748  1011  1189 D ASH     : @ 390595.919: tcs3701: start power rail timer, state:3
11-27 01:09:03.756  8427   913 I BatteryMgr:DataCollectionService: stats => 1701043743756,10375,4442,2136,4169000,100
11-27 01:09:03.757  8427  8469 I BatteryMgr:DataCollectionService: stats => 1701043743757,10375,4442,2136,4169000,100
11-27 01:09:03.758  1795  2262 W JobScheduler: Job didn't exist in JobStore: acec7b6 #u0a202/1034 com.google.android.apps.photos/com.google.android.libraries.social.mediamonitor.MediaMonitorJobSchedulerService
11-27 01:09:03.788  1011  1189 I ASH     : @ 390595.959: tcs3701: stop power rail pending_off timer
11-27 01:09:03.788  1011  1189 D ASH     : @ 390595.959: tcs3701: start power rail timer, state:3
11-27 01:09:03.806  1795  2424 D WifiClientModeImpl[13802:wlan0]: updateLinkLayerStatsRssiSpeedFrequencyCapabilities rssi=-46 TxLinkspeed=866 freq=5240 RxLinkSpeed=866
11-27 01:09:03.807  1795  2424 D WifiDataStall: tx tput in kbps: 729503
11-27 01:09:03.807  1795  2424 D WifiDataStall: rx tput in kbps: 767898
11-27 01:09:03.807  1795  2424 V WifiConfigManager: Updating scan detail cache freq=5240 BSSID=f4:6d:2f:12:cc:88 RSSI=-45 for "ourhome"WPA_PSK
11-27 01:09:03.807  1795  2424 D WifiChannelUtilization:  freq: 5240 onTime: 11266272 busyTime: 1043508 onTimeDiff: 1618416 busyTimeDiff: 187022 utilization: 29 utilization t0: 23
11-27 01:09:03.807  1795  2424 D WifiDataStall:  ccaLevel = 29
11-27 01:09:03.807  1795  2424 D WifiDataStall: L2 txTputKbps: 729503, rxTputKbps: 767898, L3 txTputKbps: 0, rxTputKbps: 1, TxTrafficHigh: false, RxTrafficHigh: false, Throughput Sufficient: true
11-27 01:09:03.807  2673 16647 V WifiManager: OnWifiUsabilityStatsListener: onWifiUsabilityStats: seqNum=101000
11-27 01:09:03.807  1795  2424 D WifiScoreReport: Wifi scoring disabled - Don't check IP layer
11-27 01:09:03.808  1795  2424 D WifiScoreCard: BSSID update SIGNAL_POLL ID: 1320464697 SSID: "ourhome", BSSID: f4:6d:2f:12:cc:88, MAC: b2:2f:ec:da:4a:0c, IP: /192.168.1.104, Security type: 2, Supplicant state: COMPLETED, Wi-Fi standard: 5, RSSI: -46, Link speed: 866Mbps, Tx Link speed: 866Mbps, Max Supported Tx Link speed: 866Mbps, Rx Link speed: 866Mbps, Max Supported Rx Link speed: 866Mbps, Frequency: 5240MHz, Net ID: 12, Metered hint: false, score: 60, isUsable: true, CarrierMerged: false, SubscriptionId: -1, IsPrimary: 1, Trusted: true, Restricted: false, Ephemeral: false, OEM paid: false, OEM private: false, OSU AP: false, FQDN: <none>, Provider friendly name: <none>, Requesting package name: <none>"ourhome"wpa2-pskMLO Information: , Is TID-To-Link negotiation supported by the AP: false, AP MLD Address: <none>, AP MLO Link Id: <none>, AP MLO Affiliated links: <none>
11-27 01:09:03.808  1795  2424 D WifiScoreCard: txRate: 12 txSpeed: 866
11-27 01:09:03.808  1795  2424 D WifiScoreCard: network update SIGNAL_POLL "ourhome" ID: 1499892569 RSSI -46 txSpeed 866
11-27 01:09:03.808  1795  4166 I WifiService: updateWifiUsabilityScore uid=10180 seqNum=101000 score=100 predictionHorizonSec=1441795
11-27 01:09:03.808  1795  2424 D WifiClientModeImpl[13802:wlan0]:  ClientModeImpl$L2ConnectedState screen=on 37 0 "ourhome" f4:6d:2f:12:cc:88 rssi=-46 f=5240 sc=60 link=866 tx=11.1, 0.5, 0.0 rx=7.0 bcn=3699704 [on:112 tx:1 rx:0 period:3015] from screen [on:1630291 period:31309094] score=60
11-27 01:09:03.808  2782  5906 D QCNEJ/WlanStaInfoRelay: Received action: android.net.wifi.RSSI_CHANGED
11-27 01:09:03.810  1795  2424 D WifiScoreReport: Wifi scoring disabled - Notify that Wifi is usable
11-27 01:09:03.811  1795  2432 D ConnectivityService: NetReassign [no changes] [c 0] [a 0] [i 1]
11-27 01:09:03.829  1011  1189 I ASH     : @ 390595.999: tcs3701: stop power rail pending_off timer
11-27 01:09:03.829  1011  1189 D ASH     : @ 390595.999: tcs3701: start power rail timer, state:3
11-27 01:09:03.867 13040 13084 I m.chrome.canary: Explicit concurrent copying GC freed 1013549(19MB) AllocSpace objects, 9(232KB) LOS objects, 74% free, 14MB/57MB, paused 33us,52us total 117.202ms
11-27 01:09:03.868  1011  1189 I ASH     : @ 390596.039: tcs3701: stop power rail pending_off timer
11-27 01:09:03.868  1011  1189 D ASH     : @ 390596.039: tcs3701: start power rail timer, state:3
11-27 01:09:03.870  8427   913 I BatteryMgr:DataCollectionService: stats => 1701043743870,10375,4442,2136,4169000,100
11-27 01:09:03.871  8427  8469 I BatteryMgr:DataCollectionService: stats => 1701043743871,10375,4442,2136,4169000,100
11-27 01:09:03.908  1011  1189 I ASH     : @ 390596.079: tcs3701: stop power rail pending_off timer
11-27 01:09:03.908  1011  1189 D ASH     : @ 390596.079: tcs3701: start power rail timer, state:3
11-27 01:09:03.948  1011  1189 I ASH     : @ 390596.119: tcs3701: stop power rail pending_off timer
11-27 01:09:03.948  1011  1189 D ASH     : @ 390596.119: tcs3701: start power rail timer, state:3
11-27 01:09:03.960  1795  2855 D ActivityManager: freezer override set to false
11-27 01:09:03.965  1795  2855 W UriGrantsManagerService: No permission grants found for com.google.android.apps.photos
11-27 01:09:03.976  8427  8469 I BatteryMgr:DataCollectionService: stats => 1701043743976,10375,4442,2136,4169000,100
11-27 01:09:03.977  8427   913 I BatteryMgr:DataCollectionService: stats => 1701043743977,10375,4442,2136,4169000,100
11-27 01:09:03.988  1011  1189 I ASH     : @ 390596.159: tcs3701: stop power rail pending_off timer
11-27 01:09:03.988  1011  1189 D ASH     : @ 390596.159: tcs3701: start power rail timer, state:3
11-27 01:09:03.996  1795  4162 W UriGrantsManagerService: No permission grants found for com.google.android.apps.photos
11-27 01:09:04.022  1795  4162 D ActivityManager: freezer override set to true
11-27 01:09:04.028  1011  1189 I ASH     : @ 390596.199: tcs3701: stop power rail pending_off timer
11-27 01:09:04.028  1011  1189 D ASH     : @ 390596.199: tcs3701: start power rail timer, state:3
11-27 01:09:04.032  1795  4162 D ActivityManager: freezer override set to false
11-27 01:09:04.068  1011  1189 I ASH     : @ 390596.239: tcs3701: stop power rail pending_off timer
11-27 01:09:04.068  1011  1189 D ASH     : @ 390596.239: tcs3701: start power rail timer, state:3
11-27 01:09:04.082  8427   913 I BatteryMgr:DataCollectionService: stats => 1701043744082,10375,4442,2136,4169000,100
11-27 01:09:04.083  8427  8469 I BatteryMgr:DataCollectionService: stats => 1701043744083,10375,4442,2136,4169000,100
11-27 01:09:04.094  1795  4162 D ActivityManager: freezer override set to true
11-27 01:09:04.106  1795  4162 D ActivityManager: freezer override set to false
11-27 01:09:04.108  1011  1189 I ASH     : @ 390596.279: tcs3701: stop power rail pending_off timer
11-27 01:09:04.108  1011  1189 D ASH     : @ 390596.279: tcs3701: start power rail timer, state:3
11-27 01:09:04.143  1795  4162 W UriGrantsManagerService: No permission grants found for com.google.android.apps.photos
11-27 01:09:04.149  1011  1189 I ASH     : @ 390596.319: tcs3701: stop power rail pending_off timer
11-27 01:09:04.149  1011  1189 D ASH     : @ 390596.319: tcs3701: start power rail timer, state:3
11-27 01:09:04.160  1795  4162 W UriGrantsManagerService: No permission grants found for com.google.android.apps.photos
11-27 01:09:04.188  1011  1189 I ASH     : @ 390596.359: tcs3701: stop power rail pending_off timer
11-27 01:09:04.189  1011  1189 D ASH     : @ 390596.359: tcs3701: start power rail timer, state:3
11-27 01:09:04.190  8427  8469 I BatteryMgr:DataCollectionService: stats => 1701043744190,10375,4442,2136,4169000,100
11-27 01:09:04.196  8427   913 I BatteryMgr:DataCollectionService: stats => 1701043744196,10375,4442,2136,4169000,100
11-27 01:09:04.229  1011  1189 I ASH     : @ 390596.399: tcs3701: stop power rail pending_off timer
11-27 01:09:04.229  1011  1189 D ASH     : @ 390596.399: tcs3701: start power rail timer, state:3
11-27 01:09:04.229  1795  2855 D ActivityManager: freezer override set to true
11-27 01:09:04.236  1795  2855 D ActivityManager: freezer override set to false
11-27 01:09:04.260  1795  2855 W UriGrantsManagerService: No permission grants found for com.google.android.apps.photos
11-27 01:09:04.260  1795  2855 W UriGrantsManagerService: No permission grants found for com.google.android.apps.photos
11-27 01:09:04.268  1011  1189 I ASH     : @ 390596.439: tcs3701: stop power rail pending_off timer
11-27 01:09:04.268  1011  1189 D ASH     : @ 390596.439: tcs3701: start power rail timer, state:3
11-27 01:09:04.307  8427   913 I BatteryMgr:DataCollectionService: stats => 1701043744306,10375,4442,2136,4169000,100
11-27 01:09:04.308  8427  8469 I BatteryMgr:DataCollectionService: stats => 1701043744308,10375,4442,2136,4169000,100
11-27 01:09:04.309  1011  1189 I ASH     : @ 390596.479: tcs3701: stop power rail pending_off timer
11-27 01:09:04.309  1011  1189 D ASH     : @ 390596.479: tcs3701: start power rail timer, state:3
11-27 01:09:04.348  1011  1189 I ASH     : @ 390596.519: tcs3701: stop power rail pending_off timer
11-27 01:09:04.348  1011  1189 D ASH     : @ 390596.519: tcs3701: start power rail timer, state:3
11-27 01:09:04.388  1011  1189 I ASH     : @ 390596.559: tcs3701: stop power rail pending_off timer
11-27 01:09:04.389  1011  1189 D ASH     : @ 390596.559: tcs3701: start power rail timer, state:3
11-27 01:09:04.415  8427  8466 I BatteryMgr:DataCollectionService: stats => 1701043744415,10375,4442,2136,4169000,100
11-27 01:09:04.416  8427  8469 I BatteryMgr:DataCollectionService: stats => 1701043744416,10375,4442,2136,4169000,100
11-27 01:09:04.428  1011  1189 I ASH     : @ 390596.599: tcs3701: stop power rail pending_off timer
11-27 01:09:04.428  1011  1189 D ASH     : @ 390596.599: tcs3701: start power rail timer, state:3
11-27 01:09:04.469  1011  1189 I ASH     : @ 390596.639: tcs3701: stop power rail pending_off timer
11-27 01:09:04.469  1011  1189 D ASH     : @ 390596.639: tcs3701: start power rail timer, state:3
11-27 01:09:04.509  1011  1189 I ASH     : @ 390596.679: tcs3701: stop power rail pending_off timer
11-27 01:09:04.509  1011  1189 D ASH     : @ 390596.679: tcs3701: start power rail timer, state:3
11-27 01:09:04.523  8427  8469 I BatteryMgr:DataCollectionService: stats => 1701043744523,10375,4442,2136,4169000,100
11-27 01:09:04.525  8427  8466 I BatteryMgr:DataCollectionService: stats => 1701043744524,10375,4442,2136,4169000,100
11-27 01:09:04.548  1011  1189 I ASH     : @ 390596.719: tcs3701: stop power rail pending_off timer
11-27 01:09:04.548  1011  1189 D ASH     : @ 390596.719: tcs3701: start power rail timer, state:3
11-27 01:09:04.589  1011  1189 I ASH     : @ 390596.759: tcs3701: stop power rail pending_off timer
11-27 01:09:04.589  1011  1189 D ASH     : @ 390596.759: tcs3701: start power rail timer, state:3
11-27 01:09:04.628  1011  1189 I ASH     : @ 390596.799: tcs3701: stop power rail pending_off timer
11-27 01:09:04.628  1011  1189 D ASH     : @ 390596.799: tcs3701: start power rail timer, state:3
11-27 01:09:04.629  8427  8466 I BatteryMgr:DataCollectionService: stats => 1701043744629,10375,4442,2136,4169000,100
11-27 01:09:04.630  8427  8469 I BatteryMgr:DataCollectionService: stats => 1701043744630,10375,4442,2136,4169000,100
11-27 01:09:04.668  1011  1189 I ASH     : @ 390596.839: tcs3701: stop power rail pending_off timer
11-27 01:09:04.668  1011  1189 D ASH     : @ 390596.839: tcs3701: start power rail timer, state:3
11-27 01:09:04.709  1011  1189 I ASH     : @ 390596.879: tcs3701: stop power rail pending_off timer
11-27 01:09:04.709  1011  1189 D ASH     : @ 390596.879: tcs3701: start power rail timer, state:3
11-27 01:09:04.734  8427  8466 I BatteryMgr:DataCollectionService: stats => 1701043744734,10375,4442,2136,4169000,100
11-27 01:09:04.735  8427  8469 I BatteryMgr:DataCollectionService: stats => 1701043744735,10375,4442,2136,4169000,100
11-27 01:09:04.748  1011  1189 I ASH     : @ 390596.919: tcs3701: stop power rail pending_off timer
11-27 01:09:04.748  1011  1189 D ASH     : @ 390596.919: tcs3701: start power rail timer, state:3
11-27 01:09:04.788  1011  1189 I ASH     : @ 390596.959: tcs3701: stop power rail pending_off timer
11-27 01:09:04.788  1011  1189 D ASH     : @ 390596.959: tcs3701: start power rail timer, state:3
11-27 01:09:04.828  1011  1189 I ASH     : @ 390596.999: tcs3701: stop power rail pending_off timer
11-27 01:09:04.829  1011  1189 D ASH     : @ 390596.999: tcs3701: start power rail timer, state:3
11-27 01:09:04.841  8427  8469 I BatteryMgr:DataCollectionService: stats => 1701043744841,10375,4442,2136,4169000,100
11-27 01:09:04.842  8427  8466 I BatteryMgr:DataCollectionService: stats => 1701043744842,10375,4442,2136,4169000,100
11-27 01:09:04.868  1011  1189 I ASH     : @ 390597.039: tcs3701: stop power rail pending_off timer
11-27 01:09:04.868  1011  1189 D ASH     : @ 390597.039: tcs3701: start power rail timer, state:3
11-27 01:09:04.908  1011  1189 I ASH     : @ 390597.079: tcs3701: stop power rail pending_off timer
11-27 01:09:04.908  1011  1189 D ASH     : @ 390597.079: tcs3701: start power rail timer, state:3
11-27 01:09:04.946  8427  8469 I BatteryMgr:DataCollectionService: stats => 1701043744946,10375,4442,2136,4169000,100
11-27 01:09:04.946  8427  8466 I BatteryMgr:DataCollectionService: stats => 1701043744946,10375,4442,2136,4169000,100
11-27 01:09:04.948  1011  1189 I ASH     : @ 390597.119: tcs3701: stop power rail pending_off timer
11-27 01:09:04.948  1011  1189 D ASH     : @ 390597.119: tcs3701: start power rail timer, state:3
11-27 01:09:04.988  1011  1189 I ASH     : @ 390597.159: tcs3701: stop power rail pending_off timer
11-27 01:09:04.988  1011  1189 D ASH     : @ 390597.159: tcs3701: start power rail timer, state:3
11-27 01:09:05.029  1011  1189 I ASH     : @ 390597.199: tcs3701: stop power rail pending_off timer
11-27 01:09:05.029  1011  1189 D ASH     : @ 390597.199: tcs3701: start power rail timer, state:3
11-27 01:09:05.052  8427  8466 I BatteryMgr:DataCollectionService: stats => 1701043745052,10375,4442,2136,4169000,100
11-27 01:09:05.052  8427  8469 I BatteryMgr:DataCollectionService: stats => 1701043745052,10375,4442,2136,4169000,100
11-27 01:09:05.068  1011  1189 I ASH     : @ 390597.239: tcs3701: stop power rail pending_off timer
11-27 01:09:05.069  1011  1189 D ASH     : @ 390597.239: tcs3701: start power rail timer, state:3
11-27 01:09:05.108  1011  1189 I ASH     : @ 390597.279: tcs3701: stop power rail pending_off timer
11-27 01:09:05.108  1011  1189 D ASH     : @ 390597.279: tcs3701: start power rail timer, state:3
11-27 01:09:05.148  1011  1189 I ASH     : @ 390597.319: tcs3701: stop power rail pending_off timer
11-27 01:09:05.148  1011  1189 D ASH     : @ 390597.319: tcs3701: start power rail timer, state:3
11-27 01:09:05.158  8427  8466 I BatteryMgr:DataCollectionService: stats => 1701043745158,10375,4442,2136,4169000,100
11-27 01:09:05.158  8427  8469 I BatteryMgr:DataCollectionService: stats => 1701043745158,10375,4442,2136,4169000,100
11-27 01:09:05.188  1011  1189 I ASH     : @ 390597.359: tcs3701: stop power rail pending_off timer
11-27 01:09:05.188  1011  1189 D ASH     : @ 390597.359: tcs3701: start power rail timer, state:3
11-27 01:09:05.228  1011  1189 I ASH     : @ 390597.399: tcs3701: stop power rail pending_off timer
11-27 01:09:05.228  1011  1189 D ASH     : @ 390597.399: tcs3701: start power rail timer, state:3
11-27 01:09:05.236  1795  4166 D ActivityManager: freezer override set to true
11-27 01:09:05.242  1795  4166 D ActivityManager: freezer override set to false
11-27 01:09:05.271  1011  1189 I ASH     : @ 390597.439: tcs3701: stop power rail pending_off timer
11-27 01:09:05.271  1011  1189 D ASH     : @ 390597.439: tcs3701: start power rail timer, state:3
11-27 01:09:05.279  8427  8466 I BatteryMgr:DataCollectionService: stats => 1701043745279,10375,4442,2136,4169000,100
11-27 01:09:05.280  8427  8469 I BatteryMgr:DataCollectionService: stats => 1701043745280,10375,4442,2136,4169000,100
11-27 01:09:05.308  1011  1189 I ASH     : @ 390597.479: tcs3701: stop power rail pending_off timer
11-27 01:09:05.308  1011  1189 D ASH     : @ 390597.479: tcs3701: start power rail timer, state:3
11-27 01:09:05.335  1795  4166 D ActivityManager: freezer override set to true
11-27 01:09:05.348  1011  1189 I ASH     : @ 390597.519: tcs3701: stop power rail pending_off timer
11-27 01:09:05.348  1011  1189 D ASH     : @ 390597.519: tcs3701: start power rail timer, state:3
11-27 01:09:05.370  2113  2118 I pixel-thermal: skin-therm-monitor: 39.17
11-27 01:09:05.388  1011  1189 I ASH     : @ 390597.559: tcs3701: stop power rail pending_off timer
11-27 01:09:05.388  1011  1189 D ASH     : @ 390597.559: tcs3701: start power rail timer, state:3
11-27 01:09:05.395  8427  8469 I BatteryMgr:DataCollectionService: stats => 1701043745395,10375,4442,2136,4169000,100
11-27 01:09:05.396  8427  8466 I BatteryMgr:DataCollectionService: stats => 1701043745396,10375,4442,2136,4169000,100
11-27 01:09:05.428  1011  1189 I ASH     : @ 390597.599: tcs3701: stop power rail pending_off timer
11-27 01:09:05.429  1011  1189 D ASH     : @ 390597.599: tcs3701: start power rail timer, state:3
11-27 01:09:05.468  1011  1189 I ASH     : @ 390597.639: tcs3701: stop power rail pending_off timer
11-27 01:09:05.468  1011  1189 D ASH     : @ 390597.639: tcs3701: start power rail timer, state:3
11-27 01:09:05.505  8427  8466 I BatteryMgr:DataCollectionService: stats => 1701043745505,10375,4442,2136,4169000,100
11-27 01:09:05.506  8427   913 I BatteryMgr:DataCollectionService: stats => 1701043745506,10375,4442,2136,4169000,100
11-27 01:09:05.508  1011  1189 I ASH     : @ 390597.679: tcs3701: stop power rail pending_off timer
11-27 01:09:05.508  1011  1189 D ASH     : @ 390597.679: tcs3701: start power rail timer, state:3
11-27 01:09:05.548  1011  1189 I ASH     : @ 390597.719: tcs3701: stop power rail pending_off timer
11-27 01:09:05.548  1011  1189 D ASH     : @ 390597.719: tcs3701: start power rail timer, state:3
11-27 01:09:05.589  1011  1189 I ASH     : @ 390597.759: tcs3701: stop power rail pending_off timer
11-27 01:09:05.589  1011  1189 D ASH     : @ 390597.759: tcs3701: start power rail timer, state:3
11-27 01:09:05.616 13040 13084 I m.chrome.canary: Explicit concurrent copying GC freed 6440(267KB) AllocSpace objects, 5(100KB) LOS objects, 75% free, 14MB/57MB, paused 75us,58us total 224.697ms
11-27 01:09:05.624  8427  8466 I BatteryMgr:DataCollectionService: stats => 1701043745624,10375,4442,2136,4169000,100
11-27 01:09:05.625  8427   913 I BatteryMgr:DataCollectionService: stats => 1701043745625,10375,4442,2136,4169000,100
11-27 01:09:05.628  1011  1189 I ASH     : @ 390597.799: tcs3701: stop power rail pending_off timer
11-27 01:09:05.628  1011  1189 D ASH     : @ 390597.799: tcs3701: start power rail timer, state:3
11-27 01:09:05.668  1011  1189 I ASH     : @ 390597.839: tcs3701: stop power rail pending_off timer
11-27 01:09:05.668  1011  1189 D ASH     : @ 390597.839: tcs3701: start power rail timer, state:3
11-27 01:09:05.708  1011  1189 I ASH     : @ 390597.879: tcs3701: stop power rail pending_off timer
11-27 01:09:05.708  1011  1189 D ASH     : @ 390597.879: tcs3701: start power rail timer, state:3
11-27 01:09:05.735  8427  8466 I BatteryMgr:DataCollectionService: stats => 1701043745734,10375,4442,2136,4169000,100
11-27 01:09:05.737  8427   913 I BatteryMgr:DataCollectionService: stats => 1701043745737,10375,4442,2136,4169000,100
11-27 01:09:05.748  1011  1189 I ASH     : @ 390597.919: tcs3701: stop power rail pending_off timer
11-27 01:09:05.748  1011  1189 D ASH     : @ 390597.919: tcs3701: start power rail timer, state:3
11-27 01:09:05.789  1011  1189 I ASH     : @ 390597.959: tcs3701: stop power rail pending_off timer
11-27 01:09:05.789  1011  1189 D ASH     : @ 390597.959: tcs3701: start power rail timer, state:3
11-27 01:09:05.818  1795  4166 D ActivityManager: freezer override set to false
11-27 01:09:05.828  1011  1189 I ASH     : @ 390597.999: tcs3701: stop power rail pending_off timer
11-27 01:09:05.828  1011  1189 D ASH     : @ 390597.999: tcs3701: start power rail timer, state:3
11-27 01:09:05.846  8427   913 I BatteryMgr:DataCollectionService: stats => 1701043745846,10375,4442,2136,4169000,100
11-27 01:09:05.847  8427  8466 I BatteryMgr:DataCollectionService: stats => 1701043745847,10375,4442,2136,4169000,100
11-27 01:09:05.868  1011  1189 I ASH     : @ 390598.039: tcs3701: stop power rail pending_off timer
11-27 01:09:05.868  1011  1189 D ASH     : @ 390598.039: tcs3701: start power rail timer, state:3
11-27 01:09:05.889  1795  4166 D ActivityManager: freezer override set to true
11-27 01:09:05.896  1795  4166 D ActivityManager: freezer override set to false
11-27 01:09:05.908  1011  1189 I ASH     : @ 390598.079: tcs3701: stop power rail pending_off timer
11-27 01:09:05.908  1011  1189 D ASH     : @ 390598.079: tcs3701: start power rail timer, state:3
11-27 01:09:05.948  1011  1189 I ASH     : @ 390598.119: tcs3701: stop power rail pending_off timer
11-27 01:09:05.949  1011  1189 D ASH     : @ 390598.119: tcs3701: start power rail timer, state:3
11-27 01:09:05.965  8427   913 I BatteryMgr:DataCollectionService: stats => 1701043745965,10375,4442,2136,4169000,100
11-27 01:09:05.968  8427  8466 I BatteryMgr:DataCollectionService: stats => 1701043745968,10375,4442,2136,4169000,100
11-27 01:09:05.981  1795  4166 D ActivityManager: freezer override set to true
11-27 01:09:05.988  1011  1189 I ASH     : @ 390598.159: tcs3701: stop power rail pending_off timer
11-27 01:09:05.988  1011  1189 D ASH     : @ 390598.159: tcs3701: start power rail timer, state:3
11-27 01:09:05.992  1795  4166 D ActivityManager: freezer override set to false
11-27 01:09:06.029  1011  1189 I ASH     : @ 390598.199: tcs3701: stop power rail pending_off timer
11-27 01:09:06.029  1011  1189 D ASH     : @ 390598.199: tcs3701: start power rail timer, state:3
11-27 01:09:06.068  1011  1189 I ASH     : @ 390598.239: tcs3701: stop power rail pending_off timer
11-27 01:09:06.068  1011  1189 D ASH     : @ 390598.239: tcs3701: start power rail timer, state:3
11-27 01:09:06.083  8427  8466 I BatteryMgr:DataCollectionService: stats => 1701043746083,10375,4442,2136,4169000,100
11-27 01:09:06.083  8427   913 I BatteryMgr:DataCollectionService: stats => 1701043746083,10375,4442,2136,4169000,100
11-27 01:09:06.109  1011  1189 I ASH     : @ 390598.279: tcs3701: stop power rail pending_off timer
11-27 01:09:06.109  1011  1189 D ASH     : @ 390598.279: tcs3701: start power rail timer, state:3
11-27 01:09:06.149  1011  1189 I ASH     : @ 390598.319: tcs3701: stop power rail pending_off timer
11-27 01:09:06.149  1011  1189 D ASH     : @ 390598.319: tcs3701: start power rail timer, state:3
11-27 01:09:06.189  1011  1189 I ASH     : @ 390598.359: tcs3701: stop power rail pending_off timer
11-27 01:09:06.189  1011  1189 D ASH     : @ 390598.359: tcs3701: start power rail timer, state:3
11-27 01:09:06.193  1795  4166 D ActivityManager: freezer override set to true
11-27 01:09:06.195  8427   913 I BatteryMgr:DataCollectionService: stats => 1701043746195,10375,4442,2136,4169000,100
11-27 01:09:06.196  8427  8466 I BatteryMgr:DataCollectionService: stats => 1701043746196,10375,4442,2136,4169000,100
11-27 01:09:06.207  1795  4166 D ActivityManager: freezer override set to false
11-27 01:09:06.229  1011  1189 I ASH     : @ 390598.399: tcs3701: stop power rail pending_off timer
11-27 01:09:06.229  1011  1189 D ASH     : @ 390598.399: tcs3701: start power rail timer, state:3
11-27 01:09:06.268  1011  1189 I ASH     : @ 390598.439: tcs3701: stop power rail pending_off timer
11-27 01:09:06.269  1011  1189 D ASH     : @ 390598.439: tcs3701: start power rail timer, state:3
11-27 01:09:06.308  1011  1189 I ASH     : @ 390598.479: tcs3701: stop power rail pending_off timer
11-27 01:09:06.308  1011  1189 D ASH     : @ 390598.479: tcs3701: start power rail timer, state:3
11-27 01:09:06.316  8427  8466 I BatteryMgr:DataCollectionService: stats => 1701043746316,10375,4442,2136,4169000,100
11-27 01:09:06.322  8427   913 I BatteryMgr:DataCollectionService: stats => 1701043746321,10375,4442,2136,4169000,100
11-27 01:09:06.349  1011  1189 I ASH     : @ 390598.519: tcs3701: stop power rail pending_off timer
11-27 01:09:06.349  1011  1189 D ASH     : @ 390598.519: tcs3701: start power rail timer, state:3
11-27 01:09:06.365 13040 13099 W chromium: [WARNING:ev_root_ca_metadata.cc(119)] Not implemented
11-27 01:09:06.365 13040 13099 W chromium: [WARNING:ev_root_ca_metadata.cc(119)] Not implemented
11-27 01:09:06.388  1011  1189 I ASH     : @ 390598.559: tcs3701: stop power rail pending_off timer
11-27 01:09:06.389  1011  1189 D ASH     : @ 390598.559: tcs3701: start power rail timer, state:3
11-27 01:09:06.420  8427   913 I BatteryMgr:DataCollectionService: stats => 1701043746420,10375,4442,2136,4169000,100
11-27 01:09:06.427  8427   913 I BatteryMgr:DataCollectionService: stats => 1701043746427,10375,4442,2136,4169000,100
11-27 01:09:06.428  1011  1189 I ASH     : @ 390598.599: tcs3701: stop power rail pending_off timer
11-27 01:09:06.428  1011  1189 D ASH     : @ 390598.599: tcs3701: start power rail timer, state:3
11-27 01:09:06.468  1011  1189 I ASH     : @ 390598.639: tcs3701: stop power rail pending_off timer
11-27 01:09:06.468  1011  1189 D ASH     : @ 390598.639: tcs3701: start power rail timer, state:3
11-27 01:09:06.508  1011  1189 I ASH     : @ 390598.679: tcs3701: stop power rail pending_off timer
11-27 01:09:06.508  1011  1189 D ASH     : @ 390598.679: tcs3701: start power rail timer, state:3
11-27 01:09:06.525  8427   913 I BatteryMgr:DataCollectionService: stats => 1701043746525,10375,4442,2136,4169000,100
11-27 01:09:06.532  8427   913 I BatteryMgr:DataCollectionService: stats => 1701043746532,10375,4442,2136,4169000,100
11-27 01:09:06.549  1011  1189 I ASH     : @ 390598.719: tcs3701: stop power rail pending_off timer
11-27 01:09:06.549  1011  1189 D ASH     : @ 390598.719: tcs3701: start power rail timer, state:3
11-27 01:09:06.589  1011  1189 I ASH     : @ 390598.759: tcs3701: stop power rail pending_off timer
11-27 01:09:06.589  1011  1189 D ASH     : @ 390598.759: tcs3701: start power rail timer, state:3
11-27 01:09:06.628  1011  1189 I ASH     : @ 390598.799: tcs3701: stop power rail pending_off timer
11-27 01:09:06.628  1011  1189 D ASH     : @ 390598.799: tcs3701: start power rail timer, state:3
11-27 01:09:06.631  8427   913 I BatteryMgr:DataCollectionService: stats => 1701043746631,10375,4442,2136,4169000,100
11-27 01:09:06.639  8427   913 I BatteryMgr:DataCollectionService: stats => 1701043746638,10375,4442,2136,4169000,100
11-27 01:09:06.660  1011  1189 D ASH     : @ 390598.830: AP has been up: last 390298628824, now 390598829526 usec
11-27 01:09:06.668  1011  1189 I ASH     : @ 390598.839: tcs3701: stop power rail pending_off timer
11-27 01:09:06.668  1011  1189 D ASH     : @ 390598.839: tcs3701: start power rail timer, state:3
11-27 01:09:06.709  1011  1189 I ASH     : @ 390598.879: tcs3701: stop power rail pending_off timer
11-27 01:09:06.709  1011  1189 D ASH     : @ 390598.879: tcs3701: start power rail timer, state:3
11-27 01:09:06.736  8427   913 I BatteryMgr:DataCollectionService: stats => 1701043746735,10375,4442,2136,4169000,100
11-27 01:09:06.743  8427   913 I BatteryMgr:DataCollectionService: stats => 1701043746743,10375,4442,2136,4169000,100
11-27 01:09:06.748  1039  1095 D rlsservice: MonitorDisplayStatus client num 0, display status 1, sensor status 0
11-27 01:09:06.749  1011  1189 I ASH     : @ 390598.919: tcs3701: stop power rail pending_off timer
11-27 01:09:06.749  1011  1189 D ASH     : @ 390598.919: tcs3701: start power rail timer, state:3
11-27 01:09:06.788  1011  1189 I ASH     : @ 390598.959: tcs3701: stop power rail pending_off timer
11-27 01:09:06.789  1011  1189 D ASH     : @ 390598.959: tcs3701: start power rail timer, state:3
11-27 01:09:06.814  1795  2424 D WifiClientModeImpl[13802:wlan0]: updateLinkLayerStatsRssiSpeedFrequencyCapabilities rssi=-44 TxLinkspeed=866 freq=5240 RxLinkSpeed=6
11-27 01:09:06.815  1795  2424 D WifiDataStall: tx tput in kbps: 729503
11-27 01:09:06.815  1795  2424 D WifiDataStall: rx tput in kbps: 767898
11-27 01:09:06.815  1795  2424 V WifiConfigManager: Updating scan detail cache freq=5240 BSSID=f4:6d:2f:12:cc:88 RSSI=-44 for "ourhome"WPA_PSK
11-27 01:09:06.815  2782  5906 D QCNEJ/WlanStaInfoRelay: Received action: android.net.wifi.RSSI_CHANGED
11-27 01:09:06.815  1795  2424 D WifiChannelUtilization:  freq: 5240 onTime: 11266636 busyTime: 1043518 onTimeDiff: 1618780 busyTimeDiff: 187032 utilization: 29 utilization t0: 23
11-27 01:09:06.815  1795  2424 D WifiDataStall:  ccaLevel = 29
11-27 01:09:06.815  1795  2424 D WifiDataStall: L2 txTputKbps: 683429, rxTputKbps: 5320, L3 txTputKbps: 25, rxTputKbps: 108, TxTrafficHigh: true, RxTrafficHigh: true, Throughput Sufficient: true
11-27 01:09:06.815  2673 16647 V WifiManager: OnWifiUsabilityStatsListener: onWifiUsabilityStats: seqNum=101001
11-27 01:09:06.815  1795  2424 D WifiScoreReport: Wifi scoring disabled - Don't check IP layer
11-27 01:09:06.816  1795  2424 D WifiScoreCard: BSSID update SIGNAL_POLL ID: 1320464697 SSID: "ourhome", BSSID: f4:6d:2f:12:cc:88, MAC: b2:2f:ec:da:4a:0c, IP: /192.168.1.104, Security type: 2, Supplicant state: COMPLETED, Wi-Fi standard: 5, RSSI: -44, Link speed: 866Mbps, Tx Link speed: 866Mbps, Max Supported Tx Link speed: 866Mbps, Rx Link speed: 6Mbps, Max Supported Rx Link speed: 866Mbps, Frequency: 5240MHz, Net ID: 12, Metered hint: false, score: 60, isUsable: true, CarrierMerged: false, SubscriptionId: -1, IsPrimary: 1, Trusted: true, Restricted: false, Ephemeral: false, OEM paid: false, OEM private: false, OSU AP: false, FQDN: <none>, Provider friendly name: <none>, Requesting package name: <none>"ourhome"wpa2-pskMLO Information: , Is TID-To-Link negotiation supported by the AP: false, AP MLD Address: <none>, AP MLO Link Id: <none>, AP MLO Affiliated links: <none>
11-27 01:09:06.816  1795  2424 D WifiScoreCard: txRate: 12 txSpeed: 866
11-27 01:09:06.816  1795  2424 D WifiScoreCard: network update SIGNAL_POLL "ourhome" ID: 1499892569 RSSI -44 txSpeed 866
11-27 01:09:06.816  1795  2855 I WifiService: updateWifiUsabilityScore uid=10180 seqNum=101001 score=100 predictionHorizonSec=1441795
11-27 01:09:06.816  1795  2424 D WifiClientModeImpl[13802:wlan0]:  ClientModeImpl$L2ConnectedState screen=on 37 0 "ourhome" f4:6d:2f:12:cc:88 rssi=-44 f=5240 sc=60 link=866 tx=10.3, 1.0, 0.0 rx=6.5 bcn=3699733 [on:364 tx:4 rx:2 period:3008] from screen [on:1630655 period:31312102] score=60
11-27 01:09:06.817  1795  2424 D WifiScoreReport: Wifi scoring disabled - Notify that Wifi is usable
11-27 01:09:06.817  1795  2432 D ConnectivityService: NetReassign [no changes] [c 0] [a 0] [i 0]
11-27 01:09:06.829  1011  1189 I ASH     : @ 390598.999: tcs3701: stop power rail pending_off timer
11-27 01:09:06.829  1011  1189 D ASH     : @ 390598.999: tcs3701: start power rail timer, state:3
11-27 01:09:06.840  8427   913 I BatteryMgr:DataCollectionService: stats => 1701043746840,10375,4442,2136,4169000,100
11-27 01:09:06.849  8427   913 I BatteryMgr:DataCollectionService: stats => 1701043746849,10375,4442,2136,4169000,100
11-27 01:09:06.868  1011  1189 I ASH     : @ 390599.039: tcs3701: stop power rail pending_off timer
11-27 01:09:06.868  1011  1189 D ASH     : @ 390599.039: tcs3701: start power rail timer, state:3
11-27 01:09:06.908  1011  1189 I ASH     : @ 390599.079: tcs3701: stop power rail pending_off timer
11-27 01:09:06.908  1011  1189 D ASH     : @ 390599.079: tcs3701: start power rail timer, state:3
11-27 01:09:06.945  8427   913 I BatteryMgr:DataCollectionService: stats => 1701043746944,10375,4442,2136,4169000,100
11-27 01:09:06.948  1011  1189 I ASH     : @ 390599.119: tcs3701: stop power rail pending_off timer
11-27 01:09:06.948  1011  1189 D ASH     : @ 390599.119: tcs3701: start power rail timer, state:3
11-27 01:09:06.955  8427   913 I BatteryMgr:DataCollectionService: stats => 1701043746955,10375,4442,2136,4169000,100
11-27 01:09:06.989  1011  1189 I ASH     : @ 390599.159: tcs3701: stop power rail pending_off timer
11-27 01:09:06.989  1011  1189 D ASH     : @ 390599.159: tcs3701: start power rail timer, state:3
11-27 01:09:07.028  1011  1189 I ASH     : @ 390599.199: tcs3701: stop power rail pending_off timer
11-27 01:09:07.028  1011  1189 D ASH     : @ 390599.199: tcs3701: start power rail timer, state:3
11-27 01:09:07.050  8427   913 I BatteryMgr:DataCollectionService: stats => 1701043747050,10375,4442,2136,4169000,100
11-27 01:09:07.060  8427   913 I BatteryMgr:DataCollectionService: stats => 1701043747060,10375,4442,2136,4169000,100
11-27 01:09:07.069  1011  1189 I ASH     : @ 390599.239: tcs3701: stop power rail pending_off timer
11-27 01:09:07.069  1011  1189 D ASH     : @ 390599.239: tcs3701: start power rail timer, state:3
11-27 01:09:07.108  1011  1189 I ASH     : @ 390599.279: tcs3701: stop power rail pending_off timer
11-27 01:09:07.108  1011  1189 D ASH     : @ 390599.279: tcs3701: start power rail timer, state:3
11-27 01:09:07.149  1011  1189 I ASH     : @ 390599.319: tcs3701: stop power rail pending_off timer
11-27 01:09:07.149  1011  1189 D ASH     : @ 390599.319: tcs3701: start power rail timer, state:3
11-27 01:09:07.156  8427   913 I BatteryMgr:DataCollectionService: stats => 1701043747156,10375,4442,2136,4169000,100
11-27 01:09:07.168  1795  4166 D ActivityManager: freezer override set to true
11-27 01:09:07.168  8427   913 I BatteryMgr:DataCollectionService: stats => 1701043747168,10375,4442,2136,4169000,100
11-27 01:09:07.188  1011  1189 I ASH     : @ 390599.359: tcs3701: stop power rail pending_off timer
11-27 01:09:07.188  1011  1189 D ASH     : @ 390599.359: tcs3701: start power rail timer, state:3
11-27 01:09:07.228  1011  1189 I ASH     : @ 390599.399: tcs3701: stop power rail pending_off timer
11-27 01:09:07.228  1011  1189 D ASH     : @ 390599.399: tcs3701: start power rail timer, state:3
11-27 01:09:07.266  8427   913 I BatteryMgr:DataCollectionService: stats => 1701043747266,10375,4442,2136,4169000,100
11-27 01:09:07.268  1011  1189 I ASH     : @ 390599.439: tcs3701: stop power rail pending_off timer
11-27 01:09:07.269  1011  1189 D ASH     : @ 390599.439: tcs3701: start power rail timer, state:3
11-27 01:09:07.274  8427   913 I BatteryMgr:DataCollectionService: stats => 1701043747274,10375,4442,2136,4169000,100
11-27 01:09:07.305 13040 13084 I m.chrome.canary: Explicit concurrent copying GC freed 4114(208KB) AllocSpace objects, 5(100KB) LOS objects, 75% free, 14MB/57MB, paused 31us,26us total 57.939ms
11-27 01:09:07.308  1011  1189 I ASH     : @ 390599.479: tcs3701: stop power rail pending_off timer
11-27 01:09:07.308  1011  1189 D ASH     : @ 390599.479: tcs3701: start power rail timer, state:3
11-27 01:09:07.349  1011  1189 I ASH     : @ 390599.519: tcs3701: stop power rail pending_off timer
11-27 01:09:07.349  1011  1189 D ASH     : @ 390599.519: tcs3701: start power rail timer, state:3
11-27 01:09:07.371  1795  4166 D ActivityManager: freezer override set to false
11-27 01:09:07.373  2113  2118 I pixel-thermal: skin-therm-monitor: 39.16
11-27 01:09:07.373  8427   913 I BatteryMgr:DataCollectionService: stats => 1701043747373,10375,4442,2136,4169000,100
11-27 01:09:07.380  8427   913 I BatteryMgr:DataCollectionService: stats => 1701043747380,10375,4442,2136,4169000,100
11-27 01:09:07.388  1011  1189 I ASH     : @ 390599.559: tcs3701: stop power rail pending_off timer
11-27 01:09:07.388  1011  1189 D ASH     : @ 390599.559: tcs3701: start power rail timer, state:3
11-27 01:09:07.428  1011  1189 I ASH     : @ 390599.599: tcs3701: stop power rail pending_off timer
11-27 01:09:07.428  1011  1189 D ASH     : @ 390599.599: tcs3701: start power rail timer, state:3
11-27 01:09:07.436  1795  2855 D ActivityManager: freezer override set to true
11-27 01:09:07.440  1795  2855 D ActivityManager: freezer override set to false
11-27 01:09:07.469  1011  1189 I ASH     : @ 390599.639: tcs3701: stop power rail pending_off timer
11-27 01:09:07.469  1011  1189 D ASH     : @ 390599.639: tcs3701: start power rail timer, state:3
11-27 01:09:07.482  1795  4162 D ActivityManager: freezer override set to true
11-27 01:09:07.486  1795  4162 D ActivityManager: freezer override set to false
11-27 01:09:07.487  8427   913 I BatteryMgr:DataCollectionService: stats => 1701043747487,10375,4442,2136,4169000,100
11-27 01:09:07.487  8427  8466 I BatteryMgr:DataCollectionService: stats => 1701043747487,10375,4442,2136,4169000,100
11-27 01:09:07.508  1011  1189 I ASH     : @ 390599.679: tcs3701: stop power rail pending_off timer
11-27 01:09:07.508  1011  1189 D ASH     : @ 390599.679: tcs3701: start power rail timer, state:3
11-27 01:09:07.549  1011  1189 I ASH     : @ 390599.719: tcs3701: stop power rail pending_off timer
11-27 01:09:07.549  1011  1189 D ASH     : @ 390599.719: tcs3701: start power rail timer, state:3
11-27 01:09:07.588  1011  1189 I ASH     : @ 390599.759: tcs3701: stop power rail pending_off timer
11-27 01:09:07.589  1011  1189 D ASH     : @ 390599.759: tcs3701: start power rail timer, state:3
11-27 01:09:07.591  8427   913 I BatteryMgr:DataCollectionService: stats => 1701043747591,10375,4442,2136,4169000,100
