11-25 15:50:45.024 16439 16501 W chromium: [WARNING:ev_root_ca_metadata.cc(119)] Not implemented
11-25 15:50:45.033 20107 20141 I BatteryMgr:DataCollectionService: stats => 1700923845033,7019,4441,13427,4169000,100
11-25 15:50:45.042 16439 16500 W chromium: [WARNING:ev_root_ca_metadata.cc(119)] Not implemented
11-25 15:50:45.045  1011  1189 I ASH     : @ 270697.224: tcs3701: stop power rail pending_off timer
11-25 15:50:45.045  1011  1189 D ASH     : @ 270697.224: tcs3701: start power rail timer, state:3
11-25 15:50:45.084  1011  1189 I ASH     : @ 270697.264: tcs3701: stop power rail pending_off timer
11-25 15:50:45.084  1011  1189 D ASH     : @ 270697.264: tcs3701: start power rail timer, state:3
11-25 15:50:45.125  1011  1189 I ASH     : @ 270697.304: tcs3701: stop power rail pending_off timer
11-25 15:50:45.125  1011  1189 D ASH     : @ 270697.304: tcs3701: start power rail timer, state:3
11-25 15:50:45.140 20107 20141 I BatteryMgr:DataCollectionService: stats => 1700923845140,7019,4441,13427,4169000,100
11-25 15:50:45.164  1011  1189 I ASH     : @ 270697.344: tcs3701: stop power rail pending_off timer
11-25 15:50:45.164  1011  1189 D ASH     : @ 270697.344: tcs3701: start power rail timer, state:3
11-25 15:50:45.204  1011  1189 I ASH     : @ 270697.384: tcs3701: stop power rail pending_off timer
11-25 15:50:45.204  1011  1189 D ASH     : @ 270697.384: tcs3701: start power rail timer, state:3
11-25 15:50:45.244  1011  1189 I ASH     : @ 270697.424: tcs3701: stop power rail pending_off timer
11-25 15:50:45.244  1011  1189 D ASH     : @ 270697.424: tcs3701: start power rail timer, state:3
11-25 15:50:45.246 20107 20141 I BatteryMgr:DataCollectionService: stats => 1700923845246,7019,4441,13427,4169000,100
11-25 15:50:45.284  1011  1189 I ASH     : @ 270697.464: tcs3701: stop power rail pending_off timer
11-25 15:50:45.284  1011  1189 D ASH     : @ 270697.464: tcs3701: start power rail timer, state:3
11-25 15:50:45.324  1011  1189 I ASH     : @ 270697.504: tcs3701: stop power rail pending_off timer
11-25 15:50:45.324  1011  1189 D ASH     : @ 270697.504: tcs3701: start power rail timer, state:3
11-25 15:50:45.348  2113  2118 I pixel-thermal: skin-therm-monitor: 36.635
11-25 15:50:45.358 20107 20141 I BatteryMgr:DataCollectionService: stats => 1700923845355,7019,4441,13427,4169000,100
11-25 15:50:45.364  1011  1189 I ASH     : @ 270697.544: tcs3701: stop power rail pending_off timer
11-25 15:50:45.364  1011  1189 D ASH     : @ 270697.544: tcs3701: start power rail timer, state:3
11-25 15:50:45.404  1011  1189 I ASH     : @ 270697.584: tcs3701: stop power rail pending_off timer
11-25 15:50:45.404  1011  1189 D ASH     : @ 270697.584: tcs3701: start power rail timer, state:3
11-25 15:50:45.445  1011  1189 I ASH     : @ 270697.624: tcs3701: stop power rail pending_off timer
11-25 15:50:45.446  1011  1189 D ASH     : @ 270697.624: tcs3701: start power rail timer, state:3
11-25 15:50:45.463  1795  4157 D ActivityManager: freezer override set to true
11-25 15:50:45.468 20107 20141 I BatteryMgr:DataCollectionService: stats => 1700923845468,7019,4441,13427,4169000,100
11-25 15:50:45.472  1795  4157 D ActivityManager: freezer override set to false
11-25 15:50:45.484  1011  1189 I ASH     : @ 270697.664: tcs3701: stop power rail pending_off timer
11-25 15:50:45.484  1011  1189 D ASH     : @ 270697.664: tcs3701: start power rail timer, state:3
11-25 15:50:45.515 16439 16448 I m.chrome.canary: Background young concurrent copying GC freed 1931405(35MB) AllocSpace objects, 9(424KB) LOS objects, 71% free, 14MB/49MB, paused 34us,97us total 101.797ms
11-25 15:50:45.524  1011  1189 I ASH     : @ 270697.704: tcs3701: stop power rail pending_off timer
11-25 15:50:45.524  1011  1189 D ASH     : @ 270697.704: tcs3701: start power rail timer, state:3
11-25 15:50:45.564  1011  1189 I ASH     : @ 270697.744: tcs3701: stop power rail pending_off timer
11-25 15:50:45.564  1011  1189 D ASH     : @ 270697.744: tcs3701: start power rail timer, state:3
11-25 15:50:45.580 20107 20141 I BatteryMgr:DataCollectionService: stats => 1700923845579,7019,4441,13427,4169000,100
11-25 15:50:45.604  1011  1189 I ASH     : @ 270697.784: tcs3701: stop power rail pending_off timer
11-25 15:50:45.604  1011  1189 D ASH     : @ 270697.784: tcs3701: start power rail timer, state:3
11-25 15:50:45.631  1795  4157 D ActivityManager: freezer override set to true
11-25 15:50:45.644  1011  1189 I ASH     : @ 270697.824: tcs3701: stop power rail pending_off timer
11-25 15:50:45.644  1011  1189 D ASH     : @ 270697.824: tcs3701: start power rail timer, state:3
11-25 15:50:45.684  1011  1189 I ASH     : @ 270697.864: tcs3701: stop power rail pending_off timer
11-25 15:50:45.684  1011  1189 D ASH     : @ 270697.864: tcs3701: start power rail timer, state:3
11-25 15:50:45.688 20107 20141 I BatteryMgr:DataCollectionService: stats => 1700923845688,7019,4441,13427,4169000,100
11-25 15:50:45.725  1011  1189 I ASH     : @ 270697.904: tcs3701: stop power rail pending_off timer
11-25 15:50:45.725  1011  1189 D ASH     : @ 270697.904: tcs3701: start power rail timer, state:3
11-25 15:50:45.764  1011  1189 I ASH     : @ 270697.944: tcs3701: stop power rail pending_off timer
11-25 15:50:45.764  1011  1189 D ASH     : @ 270697.945: tcs3701: start power rail timer, state:3
11-25 15:50:45.799 20107 20141 I BatteryMgr:DataCollectionService: stats => 1700923845799,7019,4441,13427,4169000,100
11-25 15:50:45.804  1011  1189 I ASH     : @ 270697.984: tcs3701: stop power rail pending_off timer
11-25 15:50:45.804  1011  1189 D ASH     : @ 270697.984: tcs3701: start power rail timer, state:3
11-25 15:50:45.844  1011  1189 I ASH     : @ 270698.024: tcs3701: stop power rail pending_off timer
11-25 15:50:45.844  1011  1189 D ASH     : @ 270698.024: tcs3701: start power rail timer, state:3
11-25 15:50:45.881 16439 16455 I m.chrome.canary: Explicit concurrent copying GC freed 348477(6926KB) AllocSpace objects, 2(40KB) LOS objects, 75% free, 14MB/56MB, paused 81us,30us total 108.603ms
11-25 15:50:45.884  1011  1189 I ASH     : @ 270698.064: tcs3701: stop power rail pending_off timer
11-25 15:50:45.884  1011  1189 D ASH     : @ 270698.064: tcs3701: start power rail timer, state:3
11-25 15:50:45.918 20107 20141 I BatteryMgr:DataCollectionService: stats => 1700923845918,7019,4441,13427,4169000,100
11-25 15:50:45.924  1011  1189 I ASH     : @ 270698.104: tcs3701: stop power rail pending_off timer
11-25 15:50:45.925  1011  1189 D ASH     : @ 270698.105: tcs3701: start power rail timer, state:3
11-25 15:50:45.964  1011  1189 I ASH     : @ 270698.144: tcs3701: stop power rail pending_off timer
11-25 15:50:45.964  1011  1189 D ASH     : @ 270698.144: tcs3701: start power rail timer, state:3
11-25 15:50:46.004  1011  1189 I ASH     : @ 270698.185: tcs3701: stop power rail pending_off timer
11-25 15:50:46.004  1011  1189 D ASH     : @ 270698.185: tcs3701: start power rail timer, state:3
11-25 15:50:46.011  1795  4157 D ActivityManager: freezer override set to false
11-25 15:50:46.038 20107 20141 I BatteryMgr:DataCollectionService: stats => 1700923846038,7019,4441,13427,4169000,100
11-25 15:50:46.044  1011  1189 I ASH     : @ 270698.224: tcs3701: stop power rail pending_off timer
11-25 15:50:46.044  1011  1189 D ASH     : @ 270698.224: tcs3701: start power rail timer, state:3
11-25 15:50:46.084  1795  4157 D ActivityManager: freezer override set to true
11-25 15:50:46.084  1011  1189 I ASH     : @ 270698.264: tcs3701: stop power rail pending_off timer
11-25 15:50:46.084  1011  1189 D ASH     : @ 270698.264: tcs3701: start power rail timer, state:3
11-25 15:50:46.095  1795  4157 D ActivityManager: freezer override set to false
11-25 15:50:46.124  1011  1189 I ASH     : @ 270698.304: tcs3701: stop power rail pending_off timer
11-25 15:50:46.124  1011  1189 D ASH     : @ 270698.304: tcs3701: start power rail timer, state:3
11-25 15:50:46.148 20107 20141 I BatteryMgr:DataCollectionService: stats => 1700923846148,7019,4441,13427,4169000,100
11-25 15:50:46.156  1795  4157 D ActivityManager: freezer override set to true
11-25 15:50:46.164  1011  1189 I ASH     : @ 270698.344: tcs3701: stop power rail pending_off timer
11-25 15:50:46.164  1011  1189 D ASH     : @ 270698.344: tcs3701: start power rail timer, state:3
11-25 15:50:46.165  1795  4157 D ActivityManager: freezer override set to false
11-25 15:50:46.204  1011  1189 I ASH     : @ 270698.384: tcs3701: stop power rail pending_off timer
11-25 15:50:46.204  1011  1189 D ASH     : @ 270698.384: tcs3701: start power rail timer, state:3
11-25 15:50:46.244  1011  1189 I ASH     : @ 270698.424: tcs3701: stop power rail pending_off timer
11-25 15:50:46.244  1011  1189 D ASH     : @ 270698.424: tcs3701: start power rail timer, state:3
11-25 15:50:46.256 20107 20141 I BatteryMgr:DataCollectionService: stats => 1700923846256,7019,4441,13427,4169000,100
11-25 15:50:46.285  1011  1189 I ASH     : @ 270698.464: tcs3701: stop power rail pending_off timer
11-25 15:50:46.285  1011  1189 D ASH     : @ 270698.464: tcs3701: start power rail timer, state:3
11-25 15:50:46.324  1011  1189 I ASH     : @ 270698.504: tcs3701: stop power rail pending_off timer
11-25 15:50:46.324  1011  1189 D ASH     : @ 270698.504: tcs3701: start power rail timer, state:3
11-25 15:50:46.364  1011  1189 I ASH     : @ 270698.544: tcs3701: stop power rail pending_off timer
11-25 15:50:46.364  1011  1189 D ASH     : @ 270698.544: tcs3701: start power rail timer, state:3
11-25 15:50:46.374 20107 20141 I BatteryMgr:DataCollectionService: stats => 1700923846373,7019,4441,13427,4169000,100
11-25 15:50:46.404  1011  1189 I ASH     : @ 270698.584: tcs3701: stop power rail pending_off timer
11-25 15:50:46.404  1011  1189 D ASH     : @ 270698.584: tcs3701: start power rail timer, state:3
11-25 15:50:46.444  1011  1189 I ASH     : @ 270698.624: tcs3701: stop power rail pending_off timer
11-25 15:50:46.444  1011  1189 D ASH     : @ 270698.624: tcs3701: start power rail timer, state:3
11-25 15:50:46.480  1795  3784 D ActivityManager: freezer override set to true
11-25 15:50:46.484  1011  1189 I ASH     : @ 270698.664: tcs3701: stop power rail pending_off timer
11-25 15:50:46.484  1011  1189 D ASH     : @ 270698.664: tcs3701: start power rail timer, state:3
11-25 15:50:46.487 20107 20141 I BatteryMgr:DataCollectionService: stats => 1700923846487,7019,4441,13427,4169000,100
11-25 15:50:46.501  1795  3784 D ActivityManager: freezer override set to false
11-25 15:50:46.525  1011  1189 I ASH     : @ 270698.704: tcs3701: stop power rail pending_off timer
11-25 15:50:46.525  1011  1189 D ASH     : @ 270698.704: tcs3701: start power rail timer, state:3
11-25 15:50:46.564  1011  1189 I ASH     : @ 270698.744: tcs3701: stop power rail pending_off timer
11-25 15:50:46.564  1011  1189 D ASH     : @ 270698.744: tcs3701: start power rail timer, state:3
11-25 15:50:46.597 20107 20141 I BatteryMgr:DataCollectionService: stats => 1700923846597,7019,4441,13427,4169000,100
11-25 15:50:46.604  1011  1189 I ASH     : @ 270698.784: tcs3701: stop power rail pending_off timer
11-25 15:50:46.604  1011  1189 D ASH     : @ 270698.784: tcs3701: start power rail timer, state:3
11-25 15:50:46.644  1011  1189 I ASH     : @ 270698.824: tcs3701: stop power rail pending_off timer
11-25 15:50:46.644  1011  1189 D ASH     : @ 270698.824: tcs3701: start power rail timer, state:3
11-25 15:50:46.684  1011  1189 I ASH     : @ 270698.864: tcs3701: stop power rail pending_off timer
11-25 15:50:46.684  1011  1189 D ASH     : @ 270698.864: tcs3701: start power rail timer, state:3
11-25 15:50:46.706 20107 20141 I BatteryMgr:DataCollectionService: stats => 1700923846706,7019,4441,13427,4169000,100
11-25 15:50:46.724  1011  1189 I ASH     : @ 270698.904: tcs3701: stop power rail pending_off timer
11-25 15:50:46.724  1011  1189 D ASH     : @ 270698.904: tcs3701: start power rail timer, state:3
11-25 15:50:46.764  1011  1189 I ASH     : @ 270698.944: tcs3701: stop power rail pending_off timer
11-25 15:50:46.764  1011  1189 D ASH     : @ 270698.944: tcs3701: start power rail timer, state:3
11-25 15:50:46.805  1011  1189 I ASH     : @ 270698.984: tcs3701: stop power rail pending_off timer
11-25 15:50:46.805  1011  1189 D ASH     : @ 270698.984: tcs3701: start power rail timer, state:3
11-25 15:50:46.825  1795  2119 I libprocessgroup: Successfully killed process cgroup uid 10220 pid 16528 in 16ms
11-25 15:50:46.825   987   987 I Zygote  : Process 16528 exited due to signal 9 (Killed)
11-25 15:50:46.828 16439 16439 D CompatibilityChangeReporter: Compat change id reported: 194532703; UID 10010; state: ENABLED
11-25 15:50:46.828  1795  2424 D WifiNetworkSelector: Current connected network: 12
11-25 15:50:46.828  1795  2424 V WifiConnectivityManager: No partial scan because firmware roaming is supported.
11-25 15:50:46.828  1795  2424 V WifiConnectivityManager: schedulePeriodicScanTimer intervalMs 20000
11-25 15:50:46.828  1795  4169 D CompatibilityChangeReporter: Compat change id reported: 194532703; UID 10010; state: ENABLED
11-25 15:50:46.841 16439 16439 I cr_omaha: Scheduled using JobService
11-25 15:50:46.841 16439 16439 E cr_BkgrdTaskJS: Tried finishing non-current BackgroundTask.
11-25 15:50:46.844  1011  1189 I ASH     : @ 270699.024: tcs3701: stop power rail pending_off timer
11-25 15:50:46.844  1011  1189 D ASH     : @ 270699.024: tcs3701: start power rail timer, state:3
11-25 15:50:46.844 20107 20141 I BatteryMgr:DataCollectionService: stats => 1700923846844,7019,4441,13427,4169000,100
11-25 15:50:46.884  1011  1189 I ASH     : @ 270699.064: tcs3701: stop power rail pending_off timer
11-25 15:50:46.884  1011  1189 D ASH     : @ 270699.064: tcs3701: start power rail timer, state:3
11-25 15:50:46.924  1011  1189 I ASH     : @ 270699.104: tcs3701: stop power rail pending_off timer
11-25 15:50:46.924  1011  1189 D ASH     : @ 270699.104: tcs3701: start power rail timer, state:3
11-25 15:50:46.955 20107 20141 I BatteryMgr:DataCollectionService: stats => 1700923846955,7019,4441,13427,4169000,100
11-25 15:50:46.964  1011  1189 I ASH     : @ 270699.144: tcs3701: stop power rail pending_off timer
11-25 15:50:46.964  1011  1189 D ASH     : @ 270699.144: tcs3701: start power rail timer, state:3
11-25 15:50:47.004  1011  1189 I ASH     : @ 270699.184: tcs3701: stop power rail pending_off timer
11-25 15:50:47.004  1011  1189 D ASH     : @ 270699.184: tcs3701: start power rail timer, state:3
11-25 15:50:47.044  1011  1189 I ASH     : @ 270699.224: tcs3701: stop power rail pending_off timer
11-25 15:50:47.044  1011  1189 D ASH     : @ 270699.224: tcs3701: start power rail timer, state:3
11-25 15:50:47.064 20107 20141 I BatteryMgr:DataCollectionService: stats => 1700923847064,7019,4441,13427,4169000,100
11-25 15:50:47.088  1011  1189 I ASH     : @ 270699.264: tcs3701: stop power rail pending_off timer
11-25 15:50:47.088  1011  1189 D ASH     : @ 270699.264: tcs3701: start power rail timer, state:3
11-25 15:50:47.125  1011  1189 I ASH     : @ 270699.304: tcs3701: stop power rail pending_off timer
11-25 15:50:47.125  1011  1189 D ASH     : @ 270699.304: tcs3701: start power rail timer, state:3
11-25 15:50:47.164  1011  1189 I ASH     : @ 270699.344: tcs3701: stop power rail pending_off timer
11-25 15:50:47.164  1011  1189 D ASH     : @ 270699.344: tcs3701: start power rail timer, state:3
11-25 15:50:47.174 20107 20141 I BatteryMgr:DataCollectionService: stats => 1700923847174,7019,4441,13427,4169000,100
11-25 15:50:47.204  1011  1189 I ASH     : @ 270699.384: tcs3701: stop power rail pending_off timer
11-25 15:50:47.204  1011  1189 D ASH     : @ 270699.384: tcs3701: start power rail timer, state:3
11-25 15:50:47.244  1011  1189 I ASH     : @ 270699.424: tcs3701: stop power rail pending_off timer
11-25 15:50:47.244  1011  1189 D ASH     : @ 270699.424: tcs3701: start power rail timer, state:3
11-25 15:50:47.279 20107 20141 I BatteryMgr:DataCollectionService: stats => 1700923847279,7019,4441,13427,4169000,100
11-25 15:50:47.284  1011  1189 I ASH     : @ 270699.464: tcs3701: stop power rail pending_off timer
11-25 15:50:47.284  1011  1189 D ASH     : @ 270699.464: tcs3701: start power rail timer, state:3
11-25 15:50:47.324  1011  1189 I ASH     : @ 270699.504: tcs3701: stop power rail pending_off timer
11-25 15:50:47.324  1011  1189 D ASH     : @ 270699.504: tcs3701: start power rail timer, state:3
11-25 15:50:47.352  2113  2118 I pixel-thermal: skin-therm-monitor: 36.635
11-25 15:50:47.364  1011  1189 I ASH     : @ 270699.544: tcs3701: stop power rail pending_off timer
11-25 15:50:47.364  1011  1189 D ASH     : @ 270699.544: tcs3701: start power rail timer, state:3
11-25 15:50:47.393 20107 20141 I BatteryMgr:DataCollectionService: stats => 1700923847393,7019,4441,13427,4169000,100
11-25 15:50:47.404  1011  1189 I ASH     : @ 270699.584: tcs3701: stop power rail pending_off timer
11-25 15:50:47.404  1011  1189 D ASH     : @ 270699.584: tcs3701: start power rail timer, state:3
11-25 15:50:47.444  1011  1189 I ASH     : @ 270699.624: tcs3701: stop power rail pending_off timer
11-25 15:50:47.444  1011  1189 D ASH     : @ 270699.624: tcs3701: start power rail timer, state:3
11-25 15:50:47.487  1011  1189 I ASH     : @ 270699.664: tcs3701: stop power rail pending_off timer
11-25 15:50:47.487  1011  1189 D ASH     : @ 270699.664: tcs3701: start power rail timer, state:3
11-25 15:50:47.491  1795  4157 D ActivityManager: freezer override set to true
11-25 15:50:47.511 20107 20141 I BatteryMgr:DataCollectionService: stats => 1700923847511,7019,4441,13427,4169000,100
11-25 15:50:47.524  1011  1189 I ASH     : @ 270699.704: tcs3701: stop power rail pending_off timer
11-25 15:50:47.524  1011  1189 D ASH     : @ 270699.704: tcs3701: start power rail timer, state:3
11-25 15:50:47.567  1011  1189 I ASH     : @ 270699.744: tcs3701: stop power rail pending_off timer
11-25 15:50:47.567  1011  1189 D ASH     : @ 270699.744: tcs3701: start power rail timer, state:3
11-25 15:50:47.604  1011  1189 I ASH     : @ 270699.784: tcs3701: stop power rail pending_off timer
11-25 15:50:47.604  1011  1189 D ASH     : @ 270699.784: tcs3701: start power rail timer, state:3
11-25 15:50:47.633 20107 20141 I BatteryMgr:DataCollectionService: stats => 1700923847633,7019,4441,13427,4169000,100
11-25 15:50:47.644  1011  1189 I ASH     : @ 270699.824: tcs3701: stop power rail pending_off timer
11-25 15:50:47.644  1011  1189 D ASH     : @ 270699.824: tcs3701: start power rail timer, state:3
11-25 15:50:47.684  1011  1189 I ASH     : @ 270699.864: tcs3701: stop power rail pending_off timer
11-25 15:50:47.685  1011  1189 D ASH     : @ 270699.864: tcs3701: start power rail timer, state:3
11-25 15:50:47.724  1011  1189 I ASH     : @ 270699.904: tcs3701: stop power rail pending_off timer
11-25 15:50:47.724  1011  1189 D ASH     : @ 270699.905: tcs3701: start power rail timer, state:3
11-25 15:50:47.747 20107 20141 I BatteryMgr:DataCollectionService: stats => 1700923847747,7019,4441,13427,4169000,100
11-25 15:50:47.764  1011  1189 I ASH     : @ 270699.944: tcs3701: stop power rail pending_off timer
11-25 15:50:47.764  1011  1189 D ASH     : @ 270699.944: tcs3701: start power rail timer, state:3
11-25 15:50:47.775 16439 16455 I m.chrome.canary: Explicit concurrent copying GC freed 1477605(27MB) AllocSpace objects, 12(356KB) LOS objects, 75% free, 13MB/53MB, paused 38us,24us total 160.893ms
11-25 15:50:47.804  1011  1189 I ASH     : @ 270699.984: tcs3701: stop power rail pending_off timer
11-25 15:50:47.804  1011  1189 D ASH     : @ 270699.984: tcs3701: start power rail timer, state:3
11-25 15:50:47.813  1795  2424 D WifiClientModeImpl[13802:wlan0]: updateLinkLayerStatsRssiSpeedFrequencyCapabilities rssi=-45 TxLinkspeed=780 freq=5240 RxLinkSpeed=866
11-25 15:50:47.815  1795  2424 D WifiDataStall: tx tput in kbps: 784237
11-25 15:50:47.815  1795  2424 D WifiDataStall: rx tput in kbps: 808492
11-25 15:50:47.815  1795  2424 V WifiConfigManager: Updating scan detail cache freq=5240 BSSID=f4:6d:2f:12:cc:88 RSSI=-43 for "ourhome"WPA_PSK
11-25 15:50:47.815  2782  5906 D QCNEJ/WlanStaInfoRelay: Received action: android.net.wifi.RSSI_CHANGED
11-25 15:50:47.816  1795  2424 D WifiChannelUtilization:  freq: 5240 onTime: 7752568 busyTime: 724870 onTimeDiff: 161873 busyTimeDiff: 10897 utilization: 17 utilization t0: 23
11-25 15:50:47.816  1795  2424 D WifiDataStall:  ccaLevel = 17
11-25 15:50:47.816  1795  2424 D WifiDataStall: L2 txTputKbps: 691792, rxTputKbps: 808492, L3 txTputKbps: 44, rxTputKbps: 521, TxTrafficHigh: true, RxTrafficHigh: true, Throughput Sufficient: true
11-25 15:50:47.816  1795  2424 D WifiScoreReport: Wifi scoring disabled - Don't check IP layer
11-25 15:50:47.816  1795  2424 D WifiScoreCard: BSSID update SIGNAL_POLL ID: 1320464697 SSID: "ourhome", BSSID: f4:6d:2f:12:cc:88, MAC: b2:2f:ec:da:4a:0c, IP: /192.168.1.104, Security type: 2, Supplicant state: COMPLETED, Wi-Fi standard: 5, RSSI: -45, Link speed: 780Mbps, Tx Link speed: 780Mbps, Max Supported Tx Link speed: 866Mbps, Rx Link speed: 866Mbps, Max Supported Rx Link speed: 866Mbps, Frequency: 5240MHz, Net ID: 12, Metered hint: false, score: 60, isUsable: true, CarrierMerged: false, SubscriptionId: -1, IsPrimary: 1, Trusted: true, Restricted: false, Ephemeral: false, OEM paid: false, OEM private: false, OSU AP: false, FQDN: <none>, Provider friendly name: <none>, Requesting package name: <none>"ourhome"wpa2-pskMLO Information: , Is TID-To-Link negotiation supported by the AP: false, AP MLD Address: <none>, AP MLO Link Id: <none>, AP MLO Affiliated links: <none>
11-25 15:50:47.816  1795  2424 D WifiScoreCard: txRate: 36 txSpeed: 780
11-25 15:50:47.816  1795  2424 D WifiScoreCard: network update SIGNAL_POLL "ourhome" ID: 1499892569 RSSI -45 txSpeed 780
11-25 15:50:47.816  2673  2691 V WifiManager: OnWifiUsabilityStatsListener: onWifiUsabilityStats: seqNum=68810
11-25 15:50:47.816  1795  2424 D WifiClientModeImpl[13802:wlan0]:  ClientModeImpl$L2ConnectedState screen=on 33 0 "ourhome" f4:6d:2f:12:cc:88 rssi=-45 f=5240 sc=60 link=780 tx=33.9, 1.7, 0.0 rx=24.6 bcn=2617361 [on:711 tx:14 rx:6 period:3021] from screen [on:176169 period:2761322] score=60
11-25 15:50:47.817  1795  3784 I WifiService: updateWifiUsabilityScore uid=10180 seqNum=68810 score=100 predictionHorizonSec=1441795
11-25 15:50:47.821  1795  2424 D WifiScoreReport: Wifi scoring disabled - Notify that Wifi is usable
11-25 15:50:47.823  1795  2432 D ConnectivityService: NetReassign [no changes] [c 0] [a 0] [i 2]
11-25 15:50:47.844  1011  1189 I ASH     : @ 270700.024: tcs3701: stop power rail pending_off timer
11-25 15:50:47.844  1011  1189 D ASH     : @ 270700.024: tcs3701: start power rail timer, state:3
11-25 15:50:47.868  1795  4157 D ActivityManager: freezer override set to false
11-25 15:50:47.869 20107 20141 I BatteryMgr:DataCollectionService: stats => 1700923847869,7019,4441,13427,4169000,100
11-25 15:50:47.884  1011  1189 I ASH     : @ 270700.064: tcs3701: stop power rail pending_off timer
11-25 15:50:47.884  1011  1189 D ASH     : @ 270700.064: tcs3701: start power rail timer, state:3
11-25 15:50:47.924  1011  1189 I ASH     : @ 270700.104: tcs3701: stop power rail pending_off timer
11-25 15:50:47.924  1011  1189 D ASH     : @ 270700.104: tcs3701: start power rail timer, state:3
11-25 15:50:47.964  1011  1189 I ASH     : @ 270700.144: tcs3701: stop power rail pending_off timer
11-25 15:50:47.964  1011  1189 D ASH     : @ 270700.144: tcs3701: start power rail timer, state:3
11-25 15:50:47.967  1795  4157 D ActivityManager: freezer override set to true
11-25 15:50:47.979  1795  4157 D ActivityManager: freezer override set to false
11-25 15:50:47.980 20107 20141 I BatteryMgr:DataCollectionService: stats => 1700923847980,7019,4441,13427,4169000,100
11-25 15:50:48.005  1011  1189 I ASH     : @ 270700.184: tcs3701: stop power rail pending_off timer
11-25 15:50:48.005  1011  1189 D ASH     : @ 270700.184: tcs3701: start power rail timer, state:3
11-25 15:50:48.044  1011  1189 I ASH     : @ 270700.224: tcs3701: stop power rail pending_off timer
11-25 15:50:48.044  1011  1189 D ASH     : @ 270700.224: tcs3701: start power rail timer, state:3
11-25 15:50:48.050  1795  3784 D ActivityManager: freezer override set to true
11-25 15:50:48.058  1795  3784 D ActivityManager: freezer override set to false
11-25 15:50:48.084  1011  1189 I ASH     : @ 270700.264: tcs3701: stop power rail pending_off timer
11-25 15:50:48.084  1011  1189 D ASH     : @ 270700.264: tcs3701: start power rail timer, state:3
11-25 15:50:48.098 20107 20141 I BatteryMgr:DataCollectionService: stats => 1700923848098,7019,4441,13427,4169000,100
11-25 15:50:48.124  1011  1189 I ASH     : @ 270700.304: tcs3701: stop power rail pending_off timer
11-25 15:50:48.124  1011  1189 D ASH     : @ 270700.304: tcs3701: start power rail timer, state:3
11-25 15:50:48.164  1011  1189 I ASH     : @ 270700.344: tcs3701: stop power rail pending_off timer
11-25 15:50:48.164  1011  1189 D ASH     : @ 270700.344: tcs3701: start power rail timer, state:3
11-25 15:50:48.204  1011  1189 I ASH     : @ 270700.384: tcs3701: stop power rail pending_off timer
11-25 15:50:48.204  1011  1189 D ASH     : @ 270700.384: tcs3701: start power rail timer, state:3
11-25 15:50:48.211 20107 20141 I BatteryMgr:DataCollectionService: stats => 1700923848211,7019,4441,13427,4169000,100
11-25 15:50:48.244  1011  1189 I ASH     : @ 270700.424: tcs3701: stop power rail pending_off timer
11-25 15:50:48.244  1011  1189 D ASH     : @ 270700.424: tcs3701: start power rail timer, state:3
11-25 15:50:48.285  1011  1189 I ASH     : @ 270700.464: tcs3701: stop power rail pending_off timer
11-25 15:50:48.285  1011  1189 D ASH     : @ 270700.464: tcs3701: start power rail timer, state:3
11-25 15:50:48.324  1011  1189 I ASH     : @ 270700.504: tcs3701: stop power rail pending_off timer
11-25 15:50:48.324  1011  1189 D ASH     : @ 270700.504: tcs3701: start power rail timer, state:3
11-25 15:50:48.325 20107 20141 I BatteryMgr:DataCollectionService: stats => 1700923848325,7019,4441,13427,4169000,100
11-25 15:50:48.364  1011  1189 I ASH     : @ 270700.544: tcs3701: stop power rail pending_off timer
11-25 15:50:48.364  1011  1189 D ASH     : @ 270700.544: tcs3701: start power rail timer, state:3
11-25 15:50:48.404  1011  1189 I ASH     : @ 270700.584: tcs3701: stop power rail pending_off timer
11-25 15:50:48.404  1011  1189 D ASH     : @ 270700.584: tcs3701: start power rail timer, state:3
11-25 15:50:48.436 20107 20141 I BatteryMgr:DataCollectionService: stats => 1700923848436,7019,4441,13427,4169000,100
11-25 15:50:48.444  1011  1189 I ASH     : @ 270700.624: tcs3701: stop power rail pending_off timer
11-25 15:50:48.444  1011  1189 D ASH     : @ 270700.624: tcs3701: start power rail timer, state:3
11-25 15:50:48.485  1011  1189 I ASH     : @ 270700.664: tcs3701: stop power rail pending_off timer
11-25 15:50:48.485  1011  1189 D ASH     : @ 270700.664: tcs3701: start power rail timer, state:3
11-25 15:50:48.496  1795  3784 D ActivityManager: freezer override set to true
11-25 15:50:48.504  1795  3784 D ActivityManager: freezer override set to false
11-25 15:50:48.524  1011  1189 I ASH     : @ 270700.704: tcs3701: stop power rail pending_off timer
11-25 15:50:48.524  1011  1189 D ASH     : @ 270700.704: tcs3701: start power rail timer, state:3
11-25 15:50:48.553 20107 20141 I BatteryMgr:DataCollectionService: stats => 1700923848553,7019,4441,13427,4169000,100
11-25 15:50:48.566  1011  1189 I ASH     : @ 270700.744: tcs3701: stop power rail pending_off timer
11-25 15:50:48.566  1011  1189 D ASH     : @ 270700.744: tcs3701: start power rail timer, state:3
11-25 15:50:48.604  1011  1189 I ASH     : @ 270700.784: tcs3701: stop power rail pending_off timer
11-25 15:50:48.604  1011  1189 D ASH     : @ 270700.784: tcs3701: start power rail timer, state:3
11-25 15:50:48.644  1011  1189 I ASH     : @ 270700.824: tcs3701: stop power rail pending_off timer
11-25 15:50:48.644  1011  1189 D ASH     : @ 270700.824: tcs3701: start power rail timer, state:3
11-25 15:50:48.661 20107 20141 I BatteryMgr:DataCollectionService: stats => 1700923848661,7019,4441,13427,4169000,100
11-25 15:50:48.685  1011  1189 I ASH     : @ 270700.864: tcs3701: stop power rail pending_off timer
11-25 15:50:48.685  1011  1189 D ASH     : @ 270700.864: tcs3701: start power rail timer, state:3
11-25 15:50:48.724  1011  1189 I ASH     : @ 270700.904: tcs3701: stop power rail pending_off timer
11-25 15:50:48.724  1011  1189 D ASH     : @ 270700.904: tcs3701: start power rail timer, state:3
11-25 15:50:48.764  1011  1189 I ASH     : @ 270700.944: tcs3701: stop power rail pending_off timer
11-25 15:50:48.764  1011  1189 D ASH     : @ 270700.944: tcs3701: start power rail timer, state:3
11-25 15:50:48.776 20107 20141 I BatteryMgr:DataCollectionService: stats => 1700923848776,7019,4441,13427,4169000,100
11-25 15:50:48.804  1011  1189 I ASH     : @ 270700.984: tcs3701: stop power rail pending_off timer
11-25 15:50:48.804  1011  1189 D ASH     : @ 270700.984: tcs3701: start power rail timer, state:3
11-25 15:50:48.844  1011  1189 I ASH     : @ 270701.024: tcs3701: stop power rail pending_off timer
11-25 15:50:48.844  1011  1189 D ASH     : @ 270701.024: tcs3701: start power rail timer, state:3
11-25 15:50:48.884  1011  1189 I ASH     : @ 270701.064: tcs3701: stop power rail pending_off timer
11-25 15:50:48.884  1011  1189 D ASH     : @ 270701.064: tcs3701: start power rail timer, state:3
11-25 15:50:48.887 20107 20141 I BatteryMgr:DataCollectionService: stats => 1700923848886,7019,4441,13427,4169000,100
11-25 15:50:48.924  1011  1189 I ASH     : @ 270701.104: tcs3701: stop power rail pending_off timer
11-25 15:50:48.924  1011  1189 D ASH     : @ 270701.104: tcs3701: start power rail timer, state:3
11-25 15:50:48.964  1011  1189 I ASH     : @ 270701.144: tcs3701: stop power rail pending_off timer
11-25 15:50:48.964  1011  1189 D ASH     : @ 270701.144: tcs3701: start power rail timer, state:3
11-25 15:50:49.001 20107 20141 I BatteryMgr:DataCollectionService: stats => 1700923848996,7019,4441,13427,4169000,100
11-25 15:50:49.004  1011  1189 I ASH     : @ 270701.184: tcs3701: stop power rail pending_off timer
11-25 15:50:49.004  1011  1189 D ASH     : @ 270701.184: tcs3701: start power rail timer, state:3
11-25 15:50:49.044  1011  1189 I ASH     : @ 270701.224: tcs3701: stop power rail pending_off timer
11-25 15:50:49.044  1011  1189 D ASH     : @ 270701.224: tcs3701: start power rail timer, state:3
11-25 15:50:49.084  1011  1189 I ASH     : @ 270701.264: tcs3701: stop power rail pending_off timer
11-25 15:50:49.084  1011  1189 D ASH     : @ 270701.264: tcs3701: start power rail timer, state:3
11-25 15:50:49.119 20107 20141 I BatteryMgr:DataCollectionService: stats => 1700923849119,7019,4441,13427,4169000,100
11-25 15:50:49.125  1011  1189 I ASH     : @ 270701.304: tcs3701: stop power rail pending_off timer
11-25 15:50:49.125  1011  1189 D ASH     : @ 270701.304: tcs3701: start power rail timer, state:3
11-25 15:50:49.164  1011  1189 I ASH     : @ 270701.344: tcs3701: stop power rail pending_off timer
11-25 15:50:49.164  1011  1189 D ASH     : @ 270701.344: tcs3701: start power rail timer, state:3
11-25 15:50:49.205  1011  1189 I ASH     : @ 270701.384: tcs3701: stop power rail pending_off timer
11-25 15:50:49.205  1011  1189 D ASH     : @ 270701.384: tcs3701: start power rail timer, state:3
11-25 15:50:49.240 20107 20141 I BatteryMgr:DataCollectionService: stats => 1700923849240,7019,4441,13427,4169000,100
11-25 15:50:49.244  1011  1189 I ASH     : @ 270701.424: tcs3701: stop power rail pending_off timer
11-25 15:50:49.244  1011  1189 D ASH     : @ 270701.424: tcs3701: start power rail timer, state:3
11-25 15:50:49.286  1011  1189 I ASH     : @ 270701.464: tcs3701: stop power rail pending_off timer
11-25 15:50:49.286  1011  1189 D ASH     : @ 270701.464: tcs3701: start power rail timer, state:3
11-25 15:50:49.310 16454 16960 V ClearcutMetricXmitter: Transmission is done.
11-25 15:50:49.324  1011  1189 I ASH     : @ 270701.504: tcs3701: stop power rail pending_off timer
11-25 15:50:49.324  1011  1189 D ASH     : @ 270701.504: tcs3701: start power rail timer, state:3
11-25 15:50:49.328  1795  3784 D ActivityManager: freezer override set to true
11-25 15:50:49.354 20107 20141 I BatteryMgr:DataCollectionService: stats => 1700923849354,7019,4441,13427,4169000,100
11-25 15:50:49.356  2113  2118 I pixel-thermal: skin-therm-monitor: 36.642
11-25 15:50:49.364  1011  1189 I ASH     : @ 270701.544: tcs3701: stop power rail pending_off timer
11-25 15:50:49.364  1011  1189 D ASH     : @ 270701.544: tcs3701: start power rail timer, state:3
11-25 15:50:49.404  1011  1189 I ASH     : @ 270701.584: tcs3701: stop power rail pending_off timer
11-25 15:50:49.404  1011  1189 D ASH     : @ 270701.584: tcs3701: start power rail timer, state:3
11-25 15:50:49.444  1011  1189 I ASH     : @ 270701.624: tcs3701: stop power rail pending_off timer
11-25 15:50:49.444  1011  1189 D ASH     : @ 270701.624: tcs3701: start power rail timer, state:3
11-25 15:50:49.474 20107 20141 I BatteryMgr:DataCollectionService: stats => 1700923849474,7019,4441,13427,4169000,100
11-25 15:50:49.475 16439 16455 I m.chrome.canary: Explicit concurrent copying GC freed 8376(309KB) AllocSpace objects, 4(80KB) LOS objects, 75% free, 13MB/53MB, paused 77us,26us total 88.506ms
11-25 15:50:49.484  1011  1189 I ASH     : @ 270701.664: tcs3701: stop power rail pending_off timer
11-25 15:50:49.484  1011  1189 D ASH     : @ 270701.664: tcs3701: start power rail timer, state:3
11-25 15:50:49.526  1011  1189 I ASH     : @ 270701.704: tcs3701: stop power rail pending_off timer
11-25 15:50:49.526  1011  1189 D ASH     : @ 270701.705: tcs3701: start power rail timer, state:3
11-25 15:50:49.549  1795  4157 D ActivityManager: freezer override set to false
11-25 15:50:49.564  1011  1189 I ASH     : @ 270701.744: tcs3701: stop power rail pending_off timer
11-25 15:50:49.565  1011  1189 D ASH     : @ 270701.744: tcs3701: start power rail timer, state:3
11-25 15:50:49.590 20107 20141 I BatteryMgr:DataCollectionService: stats => 1700923849590,7019,4441,13427,4169000,100
11-25 15:50:49.605  1011  1189 I ASH     : @ 270701.784: tcs3701: stop power rail pending_off timer
11-25 15:50:49.605  1011  1189 D ASH     : @ 270701.784: tcs3701: start power rail timer, state:3
11-25 15:50:49.618  1795  4157 D ActivityManager: freezer override set to true
11-25 15:50:49.624  1795  4157 D ActivityManager: freezer override set to false
11-25 15:50:49.644  1011  1189 I ASH     : @ 270701.824: tcs3701: stop power rail pending_off timer
11-25 15:50:49.644  1011  1189 D ASH     : @ 270701.824: tcs3701: start power rail timer, state:3
11-25 15:50:49.676  1795  4157 D ActivityManager: freezer override set to true
11-25 15:50:49.682  1795  4157 D ActivityManager: freezer override set to false
11-25 15:50:49.685  1011  1189 I ASH     : @ 270701.864: tcs3701: stop power rail pending_off timer
11-25 15:50:49.685  1011  1189 D ASH     : @ 270701.864: tcs3701: start power rail timer, state:3
11-25 15:50:49.698 20107 20141 I BatteryMgr:DataCollectionService: stats => 1700923849697,7019,4441,13427,4169000,100
11-25 15:50:49.724  1011  1189 I ASH     : @ 270701.904: tcs3701: stop power rail pending_off timer
11-25 15:50:49.724  1011  1189 D ASH     : @ 270701.904: tcs3701: start power rail timer, state:3
11-25 15:50:49.765  1011  1189 I ASH     : @ 270701.944: tcs3701: stop power rail pending_off timer
11-25 15:50:49.765  1011  1189 D ASH     : @ 270701.944: tcs3701: start power rail timer, state:3
11-25 15:50:49.804  1011  1189 I ASH     : @ 270701.984: tcs3701: stop power rail pending_off timer
11-25 15:50:49.804  1011  1189 D ASH     : @ 270701.984: tcs3701: start power rail timer, state:3
11-25 15:50:49.806 20107 20141 I BatteryMgr:DataCollectionService: stats => 1700923849805,7019,4441,13427,4169000,100
11-25 15:50:49.844  1011  1189 I ASH     : @ 270702.024: tcs3701: stop power rail pending_off timer
11-25 15:50:49.844  1011  1189 D ASH     : @ 270702.024: tcs3701: start power rail timer, state:3
11-25 15:50:49.884  1011  1189 I ASH     : @ 270702.064: tcs3701: stop power rail pending_off timer
11-25 15:50:49.884  1011  1189 D ASH     : @ 270702.064: tcs3701: start power rail timer, state:3
11-25 15:50:49.916 20107 20141 I BatteryMgr:DataCollectionService: stats => 1700923849916,7019,4441,13427,4169000,100
11-25 15:50:49.924  1011  1189 I ASH     : @ 270702.104: tcs3701: stop power rail pending_off timer
11-25 15:50:49.924  1011  1189 D ASH     : @ 270702.104: tcs3701: start power rail timer, state:3
11-25 15:50:49.965  1011  1189 I ASH     : @ 270702.144: tcs3701: stop power rail pending_off timer
11-25 15:50:49.965  1011  1189 D ASH     : @ 270702.144: tcs3701: start power rail timer, state:3
11-25 15:50:50.004  1011  1189 I ASH     : @ 270702.184: tcs3701: stop power rail pending_off timer
11-25 15:50:50.004  1011  1189 D ASH     : @ 270702.184: tcs3701: start power rail timer, state:3
11-25 15:50:50.024 20107 20141 I BatteryMgr:DataCollectionService: stats => 1700923850023,7019,4441,13427,4169000,100
11-25 15:50:50.044  1011  1189 I ASH     : @ 270702.224: tcs3701: stop power rail pending_off timer
11-25 15:50:50.044  1011  1189 D ASH     : @ 270702.224: tcs3701: start power rail timer, state:3
11-25 15:50:50.084  1011  1189 I ASH     : @ 270702.264: tcs3701: stop power rail pending_off timer
11-25 15:50:50.084  1011  1189 D ASH     : @ 270702.264: tcs3701: start power rail timer, state:3
11-25 15:50:50.124  1011  1189 I ASH     : @ 270702.304: tcs3701: stop power rail pending_off timer
11-25 15:50:50.124  1011  1189 D ASH     : @ 270702.304: tcs3701: start power rail timer, state:3
11-25 15:50:50.137 20107 20141 I BatteryMgr:DataCollectionService: stats => 1700923850137,7019,4441,13427,4169000,100
11-25 15:50:50.164  1011  1189 I ASH     : @ 270702.344: tcs3701: stop power rail pending_off timer
11-25 15:50:50.164  1011  1189 D ASH     : @ 270702.344: tcs3701: start power rail timer, state:3
11-25 15:50:50.205  1011  1189 I ASH     : @ 270702.384: tcs3701: stop power rail pending_off timer
11-25 15:50:50.205  1011  1189 D ASH     : @ 270702.384: tcs3701: start power rail timer, state:3
11-25 15:50:50.243 20107 20141 I BatteryMgr:DataCollectionService: stats => 1700923850243,7019,4441,13427,4169000,100
11-25 15:50:50.244  1011  1189 I ASH     : @ 270702.424: tcs3701: stop power rail pending_off timer
11-25 15:50:50.244  1011  1189 D ASH     : @ 270702.424: tcs3701: start power rail timer, state:3
11-25 15:50:50.284  1011  1189 I ASH     : @ 270702.464: tcs3701: stop power rail pending_off timer
11-25 15:50:50.284  1011  1189 D ASH     : @ 270702.464: tcs3701: start power rail timer, state:3
11-25 15:50:50.325  1011  1189 I ASH     : @ 270702.504: tcs3701: stop power rail pending_off timer
11-25 15:50:50.325  1011  1189 D ASH     : @ 270702.504: tcs3701: start power rail timer, state:3
11-25 15:50:50.352 20107 20141 I BatteryMgr:DataCollectionService: stats => 1700923850351,7019,4441,13427,4169000,100
11-25 15:50:50.364  1011  1189 I ASH     : @ 270702.544: tcs3701: stop power rail pending_off timer
11-25 15:50:50.364  1011  1189 D ASH     : @ 270702.544: tcs3701: start power rail timer, state:3
11-25 15:50:50.404  1011  1189 I ASH     : @ 270702.584: tcs3701: stop power rail pending_off timer
11-25 15:50:50.404  1011  1189 D ASH     : @ 270702.584: tcs3701: start power rail timer, state:3
11-25 15:50:50.444  1011  1189 I ASH     : @ 270702.624: tcs3701: stop power rail pending_off timer
11-25 15:50:50.444  1011  1189 D ASH     : @ 270702.624: tcs3701: start power rail timer, state:3
11-25 15:50:50.463 20107 20141 I BatteryMgr:DataCollectionService: stats => 1700923850463,7019,4441,13427,4169000,100
11-25 15:50:50.475  1795  4157 D ActivityManager: freezer override set to true
11-25 15:50:50.484  1011  1189 I ASH     : @ 270702.664: tcs3701: stop power rail pending_off timer
11-25 15:50:50.484  1011  1189 D ASH     : @ 270702.664: tcs3701: start power rail timer, state:3
11-25 15:50:50.485  1795  4157 D ActivityManager: freezer override set to false
11-25 15:50:50.524  1011  1189 I ASH     : @ 270702.704: tcs3701: stop power rail pending_off timer
11-25 15:50:50.524  1011  1189 D ASH     : @ 270702.704: tcs3701: start power rail timer, state:3
11-25 15:50:50.564  1011  1189 I ASH     : @ 270702.744: tcs3701: stop power rail pending_off timer
11-25 15:50:50.564  1011  1189 D ASH     : @ 270702.744: tcs3701: start power rail timer, state:3
11-25 15:50:50.573 20107 20141 I BatteryMgr:DataCollectionService: stats => 1700923850573,7019,4441,13427,4169000,100
11-25 15:50:50.604  1011  1189 I ASH     : @ 270702.784: tcs3701: stop power rail pending_off timer
11-25 15:50:50.604  1011  1189 D ASH     : @ 270702.784: tcs3701: start power rail timer, state:3
11-25 15:50:50.644  1011  1189 I ASH     : @ 270702.824: tcs3701: stop power rail pending_off timer
11-25 15:50:50.644  1011  1189 D ASH     : @ 270702.824: tcs3701: start power rail timer, state:3
11-25 15:50:50.683 20107 20141 I BatteryMgr:DataCollectionService: stats => 1700923850683,7019,4441,13427,4169000,100
11-25 15:50:50.684  1011  1189 I ASH     : @ 270702.864: tcs3701: stop power rail pending_off timer
11-25 15:50:50.684  1011  1189 D ASH     : @ 270702.864: tcs3701: start power rail timer, state:3
11-25 15:50:50.724  1011  1189 I ASH     : @ 270702.904: tcs3701: stop power rail pending_off timer
11-25 15:50:50.724  1011  1189 D ASH     : @ 270702.904: tcs3701: start power rail timer, state:3
11-25 15:50:50.764  1011  1189 I ASH     : @ 270702.944: tcs3701: stop power rail pending_off timer
11-25 15:50:50.764  1011  1189 D ASH     : @ 270702.944: tcs3701: start power rail timer, state:3
11-25 15:50:50.793 20107 20141 I BatteryMgr:DataCollectionService: stats => 1700923850793,7019,4441,13427,4169000,100
11-25 15:50:50.805  1011  1189 I ASH     : @ 270702.984: tcs3701: stop power rail pending_off timer
11-25 15:50:50.805  1011  1189 D ASH     : @ 270702.984: tcs3701: start power rail timer, state:3
11-25 15:50:50.825  1795  2424 D WifiClientModeImpl[13802:wlan0]: updateLinkLayerStatsRssiSpeedFrequencyCapabilities rssi=-43 TxLinkspeed=780 freq=5240 RxLinkSpeed=866
11-25 15:50:50.826  1795  2424 D WifiDataStall: tx tput in kbps: 691792
11-25 15:50:50.826  1795  2424 D WifiDataStall: rx tput in kbps: 808492
11-25 15:50:50.826  1795  2424 V WifiConfigManager: Updating scan detail cache freq=5240 BSSID=f4:6d:2f:12:cc:88 RSSI=-43 for "ourhome"WPA_PSK
11-25 15:50:50.827  1795  2424 D WifiChannelUtilization:  freq: 5240 onTime: 7752568 busyTime: 724870 onTimeDiff: 161873 busyTimeDiff: 10897 utilization: 17 utilization t0: 23
11-25 15:50:50.827  1795  2424 D WifiDataStall:  ccaLevel = 17
11-25 15:50:50.827  1795  2424 D WifiDataStall: L2 txTputKbps: 691792, rxTputKbps: 808492, L3 txTputKbps: 0, rxTputKbps: 0, TxTrafficHigh: false, RxTrafficHigh: false, Throughput Sufficient: true
11-25 15:50:50.827  2782  5906 D QCNEJ/WlanStaInfoRelay: Received action: android.net.wifi.RSSI_CHANGED
11-25 15:50:50.827  2673  2691 V WifiManager: OnWifiUsabilityStatsListener: onWifiUsabilityStats: seqNum=68811
11-25 15:50:50.827  1795  2424 D WifiScoreReport: Wifi scoring disabled - Don't check IP layer
11-25 15:50:50.827  1795  2424 D WifiScoreCard: BSSID update SIGNAL_POLL ID: 1320464697 SSID: "ourhome", BSSID: f4:6d:2f:12:cc:88, MAC: b2:2f:ec:da:4a:0c, IP: /192.168.1.104, Security type: 2, Supplicant state: COMPLETED, Wi-Fi standard: 5, RSSI: -43, Link speed: 780Mbps, Tx Link speed: 780Mbps, Max Supported Tx Link speed: 866Mbps, Rx Link speed: 866Mbps, Max Supported Rx Link speed: 866Mbps, Frequency: 5240MHz, Net ID: 12, Metered hint: false, score: 60, isUsable: true, CarrierMerged: false, SubscriptionId: -1, IsPrimary: 1, Trusted: true, Restricted: false, Ephemeral: false, OEM paid: false, OEM private: false, OSU AP: false, FQDN: <none>, Provider friendly name: <none>, Requesting package name: <none>"ourhome"wpa2-pskMLO Information: , Is TID-To-Link negotiation supported by the AP: false, AP MLD Address: <none>, AP MLO Link Id: <none>, AP MLO Affiliated links: <none>
11-25 15:50:50.827  1795  2424 D WifiScoreCard: txRate: 14 txSpeed: 780
11-25 15:50:50.827  1795  2424 D WifiScoreCard: network update SIGNAL_POLL "ourhome" ID: 1499892569 RSSI -43 txSpeed 780
11-25 15:50:50.827  1795  2424 D WifiClientModeImpl[13802:wlan0]:  ClientModeImpl$L2ConnectedState screen=on 33 0 "ourhome" f4:6d:2f:12:cc:88 rssi=-43 f=5240 sc=60 link=780 tx=12.4, 0.6, 0.0 rx=9.0 bcn=2617391 [on:0 tx:0 rx:0 period:3010] from screen [on:176169 period:2764333] score=60
11-25 15:50:50.827  2513  3235 V WifiManager: TrafficStateCallbackProxy: onStateChanged state=0
11-25 15:50:50.828  1795  4157 I WifiService: updateWifiUsabilityScore uid=10180 seqNum=68811 score=100 predictionHorizonSec=1441795
11-25 15:50:50.829  1795  2424 D WifiScoreReport: Wifi scoring disabled - Notify that Wifi is usable
11-25 15:50:50.831  1795  2432 D ConnectivityService: NetReassign [no changes] [c 0] [a 0] [i 2]
11-25 15:50:50.844  1011  1189 I ASH     : @ 270703.024: tcs3701: stop power rail pending_off timer
11-25 15:50:50.844  1011  1189 D ASH     : @ 270703.024: tcs3701: start power rail timer, state:3
11-25 15:50:50.846  1795  4157 D ActivityManager: freezer override set to true
11-25 15:50:50.884  1011  1189 I ASH     : @ 270703.064: tcs3701: stop power rail pending_off timer
11-25 15:50:50.884  1011  1189 D ASH     : @ 270703.064: tcs3701: start power rail timer, state:3
11-25 15:50:50.902 20107 20141 I BatteryMgr:DataCollectionService: stats => 1700923850902,7019,4441,13427,4169000,100
11-25 15:50:50.924  1011  1189 I ASH     : @ 270703.104: tcs3701: stop power rail pending_off timer
11-25 15:50:50.924  1011  1189 D ASH     : @ 270703.104: tcs3701: start power rail timer, state:3
11-25 15:50:50.958 16439 16453 I m.chrome.canary: Explicit concurrent copying GC freed 4053(207KB) AllocSpace objects, 5(100KB) LOS objects, 75% free, 13MB/53MB, paused 74us,26us total 69.664ms
11-25 15:50:50.964  1011  1189 I ASH     : @ 270703.144: tcs3701: stop power rail pending_off timer
11-25 15:50:50.964  1011  1189 D ASH     : @ 270703.144: tcs3701: start power rail timer, state:3
11-25 15:50:51.004  1011  1189 I ASH     : @ 270703.184: tcs3701: stop power rail pending_off timer
11-25 15:50:51.004  1011  1189 D ASH     : @ 270703.184: tcs3701: start power rail timer, state:3
11-25 15:50:51.009 20107 20141 I BatteryMgr:DataCollectionService: stats => 1700923851009,7019,4441,13427,4169000,100
11-25 15:50:51.041  1795  4157 D ActivityManager: freezer override set to false
11-25 15:50:51.044  1011  1189 I ASH     : @ 270703.224: tcs3701: stop power rail pending_off timer
11-25 15:50:51.044  1011  1189 D ASH     : @ 270703.224: tcs3701: start power rail timer, state:3
11-25 15:50:51.084  1011  1189 I ASH     : @ 270703.264: tcs3701: stop power rail pending_off timer
11-25 15:50:51.084  1011  1189 D ASH     : @ 270703.264: tcs3701: start power rail timer, state:3
11-25 15:50:51.118  1795  3784 D ActivityManager: freezer override set to true
11-25 15:50:51.121 20107 20141 I BatteryMgr:DataCollectionService: stats => 1700923851120,7019,4441,13427,4169000,100
11-25 15:50:51.121  1795  3784 D ActivityManager: freezer override set to false
11-25 15:50:51.124  1011  1189 I ASH     : @ 270703.304: tcs3701: stop power rail pending_off timer
11-25 15:50:51.124  1011  1189 D ASH     : @ 270703.304: tcs3701: start power rail timer, state:3
11-25 15:50:51.162  1795  3784 D ActivityManager: freezer override set to true
11-25 15:50:51.164  1011  1189 I ASH     : @ 270703.344: tcs3701: stop power rail pending_off timer
11-25 15:50:51.164  1011  1189 D ASH     : @ 270703.344: tcs3701: start power rail timer, state:3
11-25 15:50:51.166  1795  3784 D ActivityManager: freezer override set to false
11-25 15:50:51.204  1011  1189 I ASH     : @ 270703.384: tcs3701: stop power rail pending_off timer
11-25 15:50:51.204  1011  1189 D ASH     : @ 270703.384: tcs3701: start power rail timer, state:3
11-25 15:50:51.229 20107 20141 I BatteryMgr:DataCollectionService: stats => 1700923851229,7019,4441,13427,4169000,100
11-25 15:50:51.244  1011  1189 I ASH     : @ 270703.424: tcs3701: stop power rail pending_off timer
11-25 15:50:51.244  1011  1189 D ASH     : @ 270703.424: tcs3701: start power rail timer, state:3
11-25 15:50:51.284  1011  1189 I ASH     : @ 270703.464: tcs3701: stop power rail pending_off timer
11-25 15:50:51.284  1011  1189 D ASH     : @ 270703.464: tcs3701: start power rail timer, state:3
11-25 15:50:51.324  1011  1189 I ASH     : @ 270703.504: tcs3701: stop power rail pending_off timer
11-25 15:50:51.324  1011  1189 D ASH     : @ 270703.504: tcs3701: start power rail timer, state:3
11-25 15:50:51.335 20107 20141 I BatteryMgr:DataCollectionService: stats => 1700923851335,7019,4441,13427,4169000,100
11-25 15:50:51.358  2113  2118 I pixel-thermal: skin-therm-monitor: 36.656
11-25 15:50:51.364  1011  1189 I ASH     : @ 270703.544: tcs3701: stop power rail pending_off timer
11-25 15:50:51.364  1011  1189 D ASH     : @ 270703.544: tcs3701: start power rail timer, state:3
11-25 15:50:51.404  1011  1189 I ASH     : @ 270703.584: tcs3701: stop power rail pending_off timer
11-25 15:50:51.405  1011  1189 D ASH     : @ 270703.585: tcs3701: start power rail timer, state:3
11-25 15:50:51.441 20107 20141 I BatteryMgr:DataCollectionService: stats => 1700923851440,7019,4441,13427,4169000,100
11-25 15:50:51.445  1011  1189 I ASH     : @ 270703.624: tcs3701: stop power rail pending_off timer
11-25 15:50:51.445  1011  1189 D ASH     : @ 270703.624: tcs3701: start power rail timer, state:3
11-25 15:50:51.464  1795  3784 D ActivityManager: freezer override set to true
11-25 15:50:51.470  1795  3784 D ActivityManager: freezer override set to false
11-25 15:50:51.485  1011  1189 I ASH     : @ 270703.665: tcs3701: stop power rail pending_off timer
11-25 15:50:51.485  1011  1189 D ASH     : @ 270703.665: tcs3701: start power rail timer, state:3
