11-25 15:53:03.164  1011  1189 D ASH     : @ 270835.344: tcs3701: start power rail timer, state:3
11-25 15:53:03.167 20107 20143 I BatteryMgr:DataCollectionService: stats => 1700923983167,11901,4441,13427,4169000,100
11-25 15:53:03.205  1011  1189 I ASH     : @ 270835.384: tcs3701: stop power rail pending_off timer
11-25 15:53:03.205  1011  1189 D ASH     : @ 270835.384: tcs3701: start power rail timer, state:3
11-25 15:53:03.244  1011  1189 I ASH     : @ 270835.424: tcs3701: stop power rail pending_off timer
11-25 15:53:03.244  1011  1189 D ASH     : @ 270835.424: tcs3701: start power rail timer, state:3
11-25 15:53:03.260  1795  4166 D ActivityManager: freezer override set to true
11-25 15:53:03.264  1795  4166 D ActivityManager: freezer override set to false
11-25 15:53:03.273 20107 20143 I BatteryMgr:DataCollectionService: stats => 1700923983273,11901,4441,13427,4169000,100
11-25 15:53:03.284  1011  1189 I ASH     : @ 270835.464: tcs3701: stop power rail pending_off timer
11-25 15:53:03.284  1011  1189 D ASH     : @ 270835.464: tcs3701: start power rail timer, state:3
11-25 15:53:03.324  1011  1189 I ASH     : @ 270835.504: tcs3701: stop power rail pending_off timer
11-25 15:53:03.325  1011  1189 D ASH     : @ 270835.504: tcs3701: start power rail timer, state:3
11-25 15:53:03.364  1011  1189 I ASH     : @ 270835.544: tcs3701: stop power rail pending_off timer
11-25 15:53:03.365  1011  1189 D ASH     : @ 270835.544: tcs3701: start power rail timer, state:3
11-25 15:53:03.379 20107 20143 I BatteryMgr:DataCollectionService: stats => 1700923983379,11901,4441,13427,4169000,100
11-25 15:53:03.380 20215 20285 W chromium: [WARNING:ev_root_ca_metadata.cc(119)] Not implemented
11-25 15:53:03.380 20215 20285 W chromium: [WARNING:ev_root_ca_metadata.cc(119)] Not implemented
11-25 15:53:03.404  1011  1189 I ASH     : @ 270835.584: tcs3701: stop power rail pending_off timer
11-25 15:53:03.404  1011  1189 D ASH     : @ 270835.584: tcs3701: start power rail timer, state:3
11-25 15:53:03.444  1011  1189 I ASH     : @ 270835.624: tcs3701: stop power rail pending_off timer
11-25 15:53:03.444  1011  1189 D ASH     : @ 270835.624: tcs3701: start power rail timer, state:3
11-25 15:53:03.484  1011  1189 I ASH     : @ 270835.664: tcs3701: stop power rail pending_off timer
11-25 15:53:03.484  1011  1189 D ASH     : @ 270835.664: tcs3701: start power rail timer, state:3
11-25 15:53:03.487 20107 20143 I BatteryMgr:DataCollectionService: stats => 1700923983487,11901,4441,13427,4169000,100
11-25 15:53:03.514  1795  2424 D WifiClientModeImpl[13802:wlan0]: updateLinkLayerStatsRssiSpeedFrequencyCapabilities rssi=-44 TxLinkspeed=866 freq=5240 RxLinkSpeed=866
11-25 15:53:03.515  1795  2424 D WifiDataStall: tx tput in kbps: 771281
11-25 15:53:03.516  2782  5906 D QCNEJ/WlanStaInfoRelay: Received action: android.net.wifi.RSSI_CHANGED
11-25 15:53:03.517  1795  2424 D WifiDataStall: rx tput in kbps: 811875
11-25 15:53:03.517  1795  2424 V WifiConfigManager: Updating scan detail cache freq=5240 BSSID=f4:6d:2f:12:cc:88 RSSI=-44 for "ourhome"WPA_PSK
11-25 15:53:03.517  1795  2424 D WifiChannelUtilization:  freq: 5240 onTime: 7765746 busyTime: 725526 onTimeDiff: 175051 busyTimeDiff: 11553 utilization: 16 utilization t0: 23
11-25 15:53:03.517  1795  2424 D WifiDataStall:  ccaLevel = 16
11-25 15:53:03.518  2673  2693 V WifiManager: OnWifiUsabilityStatsListener: onWifiUsabilityStats: seqNum=68855
11-25 15:53:03.518  1795  2424 D WifiDataStall: L2 txTputKbps: 811875, rxTputKbps: 811875, L3 txTputKbps: 17, rxTputKbps: 44, TxTrafficHigh: true, RxTrafficHigh: true, Throughput Sufficient: true
11-25 15:53:03.518  1795  2424 D WifiScoreReport: Wifi scoring disabled - Don't check IP layer
11-25 15:53:03.518  1795  2424 D WifiScoreCard: BSSID update SIGNAL_POLL ID: 1320464697 SSID: "ourhome", BSSID: f4:6d:2f:12:cc:88, MAC: b2:2f:ec:da:4a:0c, IP: /192.168.1.104, Security type: 2, Supplicant state: COMPLETED, Wi-Fi standard: 5, RSSI: -44, Link speed: 866Mbps, Tx Link speed: 866Mbps, Max Supported Tx Link speed: 866Mbps, Rx Link speed: 866Mbps, Max Supported Rx Link speed: 866Mbps, Frequency: 5240MHz, Net ID: 12, Metered hint: false, score: 60, isUsable: true, CarrierMerged: false, SubscriptionId: -1, IsPrimary: 1, Trusted: true, Restricted: false, Ephemeral: false, OEM paid: false, OEM private: false, OSU AP: false, FQDN: <none>, Provider friendly name: <none>, Requesting package name: <none>"ourhome"wpa2-pskMLO Information: , Is TID-To-Link negotiation supported by the AP: false, AP MLD Address: <none>, AP MLO Link Id: <none>, AP MLO Affiliated links: <none>
11-25 15:53:03.518  1795  2424 D WifiScoreCard: txRate: 10 txSpeed: 866
11-25 15:53:03.518  1795  2424 D WifiScoreCard: network update SIGNAL_POLL "ourhome" ID: 1499892569 RSSI -44 txSpeed 866
11-25 15:53:03.519  1795  4166 I WifiService: updateWifiUsabilityScore uid=10180 seqNum=68855 score=100 predictionHorizonSec=1441795
11-25 15:53:03.519  2513  5404 V WifiManager: TrafficStateCallbackProxy: onStateChanged state=3
11-25 15:53:03.519  1795  2424 D WifiClientModeImpl[13802:wlan0]:  ClientModeImpl$L2ConnectedState screen=on 33 0 "ourhome" f4:6d:2f:12:cc:88 rssi=-44 f=5240 sc=60 link=866 tx=8.9, 0.4, 0.0 rx=4.9 bcn=2618687 [on:191 tx:2 rx:2 period:3017] from screen [on:189347 period:2897025] score=60
11-25 15:53:03.520  1795  2424 D WifiScoreReport: Wifi scoring disabled - Notify that Wifi is usable
11-25 15:53:03.522  1795  2432 D ConnectivityService: NetReassign [no changes] [c 0] [a 0] [i 2]
11-25 15:53:03.524  1011  1189 I ASH     : @ 270835.704: tcs3701: stop power rail pending_off timer
11-25 15:53:03.524  1011  1189 D ASH     : @ 270835.704: tcs3701: start power rail timer, state:3
11-25 15:53:03.564  1011  1189 I ASH     : @ 270835.744: tcs3701: stop power rail pending_off timer
11-25 15:53:03.564  1011  1189 D ASH     : @ 270835.744: tcs3701: start power rail timer, state:3
11-25 15:53:03.594 20107 20143 I BatteryMgr:DataCollectionService: stats => 1700923983594,11901,4441,13427,4169000,100
11-25 15:53:03.604  1011  1189 I ASH     : @ 270835.784: tcs3701: stop power rail pending_off timer
11-25 15:53:03.604  1011  1189 D ASH     : @ 270835.784: tcs3701: start power rail timer, state:3
11-25 15:53:03.645  1011  1189 I ASH     : @ 270835.824: tcs3701: stop power rail pending_off timer
11-25 15:53:03.645  1011  1189 D ASH     : @ 270835.824: tcs3701: start power rail timer, state:3
11-25 15:53:03.684  1011  1189 I ASH     : @ 270835.864: tcs3701: stop power rail pending_off timer
11-25 15:53:03.684  1011  1189 D ASH     : @ 270835.864: tcs3701: start power rail timer, state:3
11-25 15:53:03.701 20107 20143 I BatteryMgr:DataCollectionService: stats => 1700923983701,11901,4441,13427,4169000,100
11-25 15:53:03.724  1011  1189 I ASH     : @ 270835.904: tcs3701: stop power rail pending_off timer
11-25 15:53:03.724  1011  1189 D ASH     : @ 270835.904: tcs3701: start power rail timer, state:3
11-25 15:53:03.764  1011  1189 I ASH     : @ 270835.944: tcs3701: stop power rail pending_off timer
11-25 15:53:03.764  1011  1189 D ASH     : @ 270835.944: tcs3701: start power rail timer, state:3
11-25 15:53:03.770  1795  4166 D ActivityManager: freezer override set to true
11-25 15:53:03.804  1011  1189 I ASH     : @ 270835.984: tcs3701: stop power rail pending_off timer
11-25 15:53:03.804  1011  1189 D ASH     : @ 270835.984: tcs3701: start power rail timer, state:3
11-25 15:53:03.808 20107 20143 I BatteryMgr:DataCollectionService: stats => 1700923983808,11901,4441,13427,4169000,100
11-25 15:53:03.844  1011  1189 I ASH     : @ 270836.024: tcs3701: stop power rail pending_off timer
11-25 15:53:03.844  1011  1189 D ASH     : @ 270836.024: tcs3701: start power rail timer, state:3
11-25 15:53:03.870 20215 20241 I m.chrome.canary: Explicit concurrent copying GC freed 3864(193KB) AllocSpace objects, 4(80KB) LOS objects, 75% free, 13MB/53MB, paused 102us,24us total 57.549ms
11-25 15:53:03.885  1011  1189 I ASH     : @ 270836.064: tcs3701: stop power rail pending_off timer
11-25 15:53:03.885  1011  1189 D ASH     : @ 270836.064: tcs3701: start power rail timer, state:3
11-25 15:53:03.917 20107 20143 I BatteryMgr:DataCollectionService: stats => 1700923983916,11901,4441,13427,4169000,100
11-25 15:53:03.924  1011  1189 I ASH     : @ 270836.104: tcs3701: stop power rail pending_off timer
11-25 15:53:03.924  1011  1189 D ASH     : @ 270836.104: tcs3701: start power rail timer, state:3
11-25 15:53:03.927  1795  4166 D ActivityManager: freezer override set to false
11-25 15:53:03.964  1011  1189 I ASH     : @ 270836.144: tcs3701: stop power rail pending_off timer
11-25 15:53:03.964  1011  1189 D ASH     : @ 270836.144: tcs3701: start power rail timer, state:3
11-25 15:53:03.989  1795  4166 D ActivityManager: freezer override set to true
11-25 15:53:03.992  1795  4166 D ActivityManager: freezer override set to false
11-25 15:53:04.004  1011  1189 I ASH     : @ 270836.184: tcs3701: stop power rail pending_off timer
11-25 15:53:04.004  1011  1189 D ASH     : @ 270836.184: tcs3701: start power rail timer, state:3
11-25 15:53:04.025 20107 20143 I BatteryMgr:DataCollectionService: stats => 1700923984025,11901,4441,13427,4169000,100
11-25 15:53:04.028  1795  4166 D ActivityManager: freezer override set to true
11-25 15:53:04.032  1795  4166 D ActivityManager: freezer override set to false
11-25 15:53:04.044  1011  1189 I ASH     : @ 270836.224: tcs3701: stop power rail pending_off timer
11-25 15:53:04.044  1011  1189 D ASH     : @ 270836.224: tcs3701: start power rail timer, state:3
11-25 15:53:04.084  1011  1189 I ASH     : @ 270836.264: tcs3701: stop power rail pending_off timer
11-25 15:53:04.084  1011  1189 D ASH     : @ 270836.264: tcs3701: start power rail timer, state:3
11-25 15:53:04.124  1011  1189 I ASH     : @ 270836.304: tcs3701: stop power rail pending_off timer
11-25 15:53:04.124  1011  1189 D ASH     : @ 270836.304: tcs3701: start power rail timer, state:3
11-25 15:53:04.133 20107 20143 I BatteryMgr:DataCollectionService: stats => 1700923984133,11901,4441,13427,4169000,100
11-25 15:53:04.164  1011  1189 I ASH     : @ 270836.344: tcs3701: stop power rail pending_off timer
11-25 15:53:04.164  1011  1189 D ASH     : @ 270836.344: tcs3701: start power rail timer, state:3
11-25 15:53:04.205  1011  1189 I ASH     : @ 270836.384: tcs3701: stop power rail pending_off timer
11-25 15:53:04.205  1011  1189 D ASH     : @ 270836.384: tcs3701: start power rail timer, state:3
11-25 15:53:04.241 20107 20143 I BatteryMgr:DataCollectionService: stats => 1700923984241,11901,4441,13427,4169000,100
11-25 15:53:04.244  1011  1189 I ASH     : @ 270836.424: tcs3701: stop power rail pending_off timer
11-25 15:53:04.244  1011  1189 D ASH     : @ 270836.424: tcs3701: start power rail timer, state:3
11-25 15:53:04.253  1795  4166 D ActivityManager: freezer override set to true
11-25 15:53:04.255  1795  4166 D ActivityManager: freezer override set to false
11-25 15:53:04.284  1011  1189 I ASH     : @ 270836.464: tcs3701: stop power rail pending_off timer
11-25 15:53:04.284  1011  1189 D ASH     : @ 270836.464: tcs3701: start power rail timer, state:3
11-25 15:53:04.324  1011  1189 I ASH     : @ 270836.504: tcs3701: stop power rail pending_off timer
11-25 15:53:04.324  1011  1189 D ASH     : @ 270836.504: tcs3701: start power rail timer, state:3
11-25 15:53:04.348 20107 20143 I BatteryMgr:DataCollectionService: stats => 1700923984348,11901,4441,13427,4169000,100
11-25 15:53:04.365  1011  1189 I ASH     : @ 270836.544: tcs3701: stop power rail pending_off timer
11-25 15:53:04.365  1011  1189 D ASH     : @ 270836.544: tcs3701: start power rail timer, state:3
11-25 15:53:04.405  1011  1189 I ASH     : @ 270836.584: tcs3701: stop power rail pending_off timer
11-25 15:53:04.405  1011  1189 D ASH     : @ 270836.584: tcs3701: start power rail timer, state:3
11-25 15:53:04.444  1011  1189 I ASH     : @ 270836.624: tcs3701: stop power rail pending_off timer
11-25 15:53:04.444  1011  1189 D ASH     : @ 270836.624: tcs3701: start power rail timer, state:3
11-25 15:53:04.456 20107 20143 I BatteryMgr:DataCollectionService: stats => 1700923984456,11901,4441,13427,4169000,100
11-25 15:53:04.484  1011  1189 I ASH     : @ 270836.664: tcs3701: stop power rail pending_off timer
11-25 15:53:04.484  1011  1189 D ASH     : @ 270836.664: tcs3701: start power rail timer, state:3
11-25 15:53:04.525  1011  1189 I ASH     : @ 270836.704: tcs3701: stop power rail pending_off timer
11-25 15:53:04.525  1011  1189 D ASH     : @ 270836.704: tcs3701: start power rail timer, state:3
11-25 15:53:04.562 20107 20143 I BatteryMgr:DataCollectionService: stats => 1700923984562,11901,4441,13427,4169000,100
11-25 15:53:04.564  1011  1189 I ASH     : @ 270836.744: tcs3701: stop power rail pending_off timer
11-25 15:53:04.564  1011  1189 D ASH     : @ 270836.744: tcs3701: start power rail timer, state:3
11-25 15:53:04.605  1011  1189 I ASH     : @ 270836.784: tcs3701: stop power rail pending_off timer
11-25 15:53:04.605  1011  1189 D ASH     : @ 270836.784: tcs3701: start power rail timer, state:3
11-25 15:53:04.616  2113  2118 I pixel-thermal: skin-therm-monitor: 38.112
11-25 15:53:04.645  1011  1189 I ASH     : @ 270836.824: tcs3701: stop power rail pending_off timer
11-25 15:53:04.645  1011  1189 D ASH     : @ 270836.824: tcs3701: start power rail timer, state:3
11-25 15:53:04.669 20107 20143 I BatteryMgr:DataCollectionService: stats => 1700923984669,11901,4441,13427,4169000,100
11-25 15:53:04.684  1011  1189 I ASH     : @ 270836.864: tcs3701: stop power rail pending_off timer
11-25 15:53:04.684  1011  1189 D ASH     : @ 270836.864: tcs3701: start power rail timer, state:3
11-25 15:53:04.725  1011  1189 I ASH     : @ 270836.904: tcs3701: stop power rail pending_off timer
11-25 15:53:04.725  1011  1189 D ASH     : @ 270836.904: tcs3701: start power rail timer, state:3
11-25 15:53:04.764  1011  1189 I ASH     : @ 270836.944: tcs3701: stop power rail pending_off timer
11-25 15:53:04.764  1011  1189 D ASH     : @ 270836.944: tcs3701: start power rail timer, state:3
11-25 15:53:04.777 20107 20143 I BatteryMgr:DataCollectionService: stats => 1700923984776,11901,4441,13427,4169000,100
11-25 15:53:04.805  1011  1189 I ASH     : @ 270836.985: tcs3701: stop power rail pending_off timer
11-25 15:53:04.805  1011  1189 D ASH     : @ 270836.985: tcs3701: start power rail timer, state:3
11-25 15:53:04.844  1011  1189 I ASH     : @ 270837.024: tcs3701: stop power rail pending_off timer
11-25 15:53:04.844  1011  1189 D ASH     : @ 270837.024: tcs3701: start power rail timer, state:3
11-25 15:53:04.883 20107 20143 I BatteryMgr:DataCollectionService: stats => 1700923984883,11901,4441,13427,4169000,100
11-25 15:53:04.884  1011  1189 I ASH     : @ 270837.064: tcs3701: stop power rail pending_off timer
11-25 15:53:04.884  1011  1189 D ASH     : @ 270837.064: tcs3701: start power rail timer, state:3
11-25 15:53:04.924  1011  1189 I ASH     : @ 270837.104: tcs3701: stop power rail pending_off timer
11-25 15:53:04.924  1011  1189 D ASH     : @ 270837.104: tcs3701: start power rail timer, state:3
11-25 15:53:04.964  1011  1189 I ASH     : @ 270837.144: tcs3701: stop power rail pending_off timer
11-25 15:53:04.965  1011  1189 D ASH     : @ 270837.144: tcs3701: start power rail timer, state:3
11-25 15:53:04.991 20107 20143 I BatteryMgr:DataCollectionService: stats => 1700923984991,11901,4441,13427,4169000,100
11-25 15:53:05.004  1011  1189 I ASH     : @ 270837.184: tcs3701: stop power rail pending_off timer
11-25 15:53:05.004  1011  1189 D ASH     : @ 270837.184: tcs3701: start power rail timer, state:3
11-25 15:53:05.044  1011  1189 I ASH     : @ 270837.224: tcs3701: stop power rail pending_off timer
11-25 15:53:05.044  1011  1189 D ASH     : @ 270837.224: tcs3701: start power rail timer, state:3
11-25 15:53:05.084  1011  1189 I ASH     : @ 270837.264: tcs3701: stop power rail pending_off timer
11-25 15:53:05.084  1011  1189 D ASH     : @ 270837.264: tcs3701: start power rail timer, state:3
11-25 15:53:05.096 20107 20143 I BatteryMgr:DataCollectionService: stats => 1700923985096,11901,4441,13427,4169000,100
11-25 15:53:05.124  1011  1189 I ASH     : @ 270837.304: tcs3701: stop power rail pending_off timer
11-25 15:53:05.124  1011  1189 D ASH     : @ 270837.304: tcs3701: start power rail timer, state:3
11-25 15:53:05.164  1011  1189 I ASH     : @ 270837.344: tcs3701: stop power rail pending_off timer
11-25 15:53:05.164  1011  1189 D ASH     : @ 270837.344: tcs3701: start power rail timer, state:3
11-25 15:53:05.189  1795  4166 D ActivityManager: freezer override set to true
11-25 15:53:05.203 20107 20143 I BatteryMgr:DataCollectionService: stats => 1700923985203,11901,4441,13427,4169000,100
11-25 15:53:05.204  1011  1189 I ASH     : @ 270837.384: tcs3701: stop power rail pending_off timer
11-25 15:53:05.204  1011  1189 D ASH     : @ 270837.384: tcs3701: start power rail timer, state:3
11-25 15:53:05.244  1011  1189 I ASH     : @ 270837.424: tcs3701: stop power rail pending_off timer
11-25 15:53:05.244  1011  1189 D ASH     : @ 270837.424: tcs3701: start power rail timer, state:3
11-25 15:53:05.284 20215 20241 I m.chrome.canary: Explicit concurrent copying GC freed 3994(208KB) AllocSpace objects, 6(184KB) LOS objects, 75% free, 13MB/53MB, paused 69us,23us total 56.019ms
11-25 15:53:05.285  1011  1189 I ASH     : @ 270837.464: tcs3701: stop power rail pending_off timer
11-25 15:53:05.285  1011  1189 D ASH     : @ 270837.464: tcs3701: start power rail timer, state:3
11-25 15:53:05.313 20107 20143 I BatteryMgr:DataCollectionService: stats => 1700923985312,11901,4441,13427,4169000,100
11-25 15:53:05.324  1011  1189 I ASH     : @ 270837.504: tcs3701: stop power rail pending_off timer
11-25 15:53:05.324  1011  1189 D ASH     : @ 270837.504: tcs3701: start power rail timer, state:3
11-25 15:53:05.352  1795  3613 D ActivityManager: freezer override set to false
11-25 15:53:05.364  1011  1189 I ASH     : @ 270837.544: tcs3701: stop power rail pending_off timer
11-25 15:53:05.364  1011  1189 D ASH     : @ 270837.544: tcs3701: start power rail timer, state:3
11-25 15:53:05.404  1011  1189 I ASH     : @ 270837.584: tcs3701: stop power rail pending_off timer
11-25 15:53:05.404  1011  1189 D ASH     : @ 270837.584: tcs3701: start power rail timer, state:3
11-25 15:53:05.420  1795  3613 D ActivityManager: freezer override set to true
11-25 15:53:05.424  1795  3613 D ActivityManager: freezer override set to false
11-25 15:53:05.425 20107 20143 I BatteryMgr:DataCollectionService: stats => 1700923985424,11901,4441,13427,4169000,100
11-25 15:53:05.444  1011  1189 I ASH     : @ 270837.624: tcs3701: stop power rail pending_off timer
11-25 15:53:05.444  1011  1189 D ASH     : @ 270837.624: tcs3701: start power rail timer, state:3
11-25 15:53:05.462  1795  3613 D ActivityManager: freezer override set to true
11-25 15:53:05.463  1795  3613 D ActivityManager: freezer override set to false
11-25 15:53:05.484  1011  1189 I ASH     : @ 270837.664: tcs3701: stop power rail pending_off timer
11-25 15:53:05.484  1011  1189 D ASH     : @ 270837.664: tcs3701: start power rail timer, state:3
11-25 15:53:05.524  1011  1189 I ASH     : @ 270837.704: tcs3701: stop power rail pending_off timer
11-25 15:53:05.524  1011  1189 D ASH     : @ 270837.704: tcs3701: start power rail timer, state:3
11-25 15:53:05.532 20107 20143 I BatteryMgr:DataCollectionService: stats => 1700923985532,11901,4441,13427,4169000,100
11-25 15:53:05.564  1011  1189 I ASH     : @ 270837.744: tcs3701: stop power rail pending_off timer
11-25 15:53:05.564  1011  1189 D ASH     : @ 270837.744: tcs3701: start power rail timer, state:3
11-25 15:53:05.604  1011  1189 I ASH     : @ 270837.784: tcs3701: stop power rail pending_off timer
11-25 15:53:05.604  1011  1189 D ASH     : @ 270837.784: tcs3701: start power rail timer, state:3
11-25 15:53:05.637 20107 20143 I BatteryMgr:DataCollectionService: stats => 1700923985637,11901,4441,13427,4169000,100
11-25 15:53:05.644  1011  1189 I ASH     : @ 270837.824: tcs3701: stop power rail pending_off timer
11-25 15:53:05.644  1011  1189 D ASH     : @ 270837.824: tcs3701: start power rail timer, state:3
11-25 15:53:05.684  1011  1189 I ASH     : @ 270837.864: tcs3701: stop power rail pending_off timer
11-25 15:53:05.684  1011  1189 D ASH     : @ 270837.864: tcs3701: start power rail timer, state:3
11-25 15:53:05.724  1011  1189 I ASH     : @ 270837.904: tcs3701: stop power rail pending_off timer
11-25 15:53:05.724  1011  1189 D ASH     : @ 270837.904: tcs3701: start power rail timer, state:3
11-25 15:53:05.744 20107 20143 I BatteryMgr:DataCollectionService: stats => 1700923985744,11901,4441,13427,4169000,100
11-25 15:53:05.764  1011  1189 I ASH     : @ 270837.944: tcs3701: stop power rail pending_off timer
11-25 15:53:05.764  1011  1189 D ASH     : @ 270837.944: tcs3701: start power rail timer, state:3
11-25 15:53:05.804  1011  1189 I ASH     : @ 270837.984: tcs3701: stop power rail pending_off timer
11-25 15:53:05.804  1011  1189 D ASH     : @ 270837.984: tcs3701: start power rail timer, state:3
11-25 15:53:05.844  1011  1189 I ASH     : @ 270838.024: tcs3701: stop power rail pending_off timer
11-25 15:53:05.844  1011  1189 D ASH     : @ 270838.024: tcs3701: start power rail timer, state:3
11-25 15:53:05.849 20107 20143 I BatteryMgr:DataCollectionService: stats => 1700923985849,11901,4441,13427,4169000,100
11-25 15:53:05.884  1011  1189 I ASH     : @ 270838.064: tcs3701: stop power rail pending_off timer
11-25 15:53:05.884  1011  1189 D ASH     : @ 270838.064: tcs3701: start power rail timer, state:3
11-25 15:53:05.924  1011  1189 I ASH     : @ 270838.104: tcs3701: stop power rail pending_off timer
11-25 15:53:05.924  1011  1189 D ASH     : @ 270838.104: tcs3701: start power rail timer, state:3
11-25 15:53:05.956 20107 20143 I BatteryMgr:DataCollectionService: stats => 1700923985956,11901,4441,13427,4169000,100
11-25 15:53:05.964  1011  1189 I ASH     : @ 270838.144: tcs3701: stop power rail pending_off timer
11-25 15:53:05.964  1011  1189 D ASH     : @ 270838.144: tcs3701: start power rail timer, state:3
11-25 15:53:06.004  1011  1189 I ASH     : @ 270838.184: tcs3701: stop power rail pending_off timer
11-25 15:53:06.004  1011  1189 D ASH     : @ 270838.184: tcs3701: start power rail timer, state:3
11-25 15:53:06.044  1011  1189 I ASH     : @ 270838.224: tcs3701: stop power rail pending_off timer
11-25 15:53:06.044  1011  1189 D ASH     : @ 270838.224: tcs3701: start power rail timer, state:3
11-25 15:53:06.061 20107 20143 I BatteryMgr:DataCollectionService: stats => 1700923986061,11901,4441,13427,4169000,100
11-25 15:53:06.084  1011  1189 I ASH     : @ 270838.264: tcs3701: stop power rail pending_off timer
11-25 15:53:06.084  1011  1189 D ASH     : @ 270838.264: tcs3701: start power rail timer, state:3
11-25 15:53:06.124  1011  1189 I ASH     : @ 270838.304: tcs3701: stop power rail pending_off timer
11-25 15:53:06.124  1011  1189 D ASH     : @ 270838.304: tcs3701: start power rail timer, state:3
11-25 15:53:06.164  1011  1189 I ASH     : @ 270838.344: tcs3701: stop power rail pending_off timer
11-25 15:53:06.164  1011  1189 D ASH     : @ 270838.344: tcs3701: start power rail timer, state:3
11-25 15:53:06.168 20107 20143 I BatteryMgr:DataCollectionService: stats => 1700923986168,11901,4441,13427,4169000,100
11-25 15:53:06.204  1011  1189 I ASH     : @ 270838.384: tcs3701: stop power rail pending_off timer
11-25 15:53:06.204  1011  1189 D ASH     : @ 270838.384: tcs3701: start power rail timer, state:3
11-25 15:53:06.244  1011  1189 I ASH     : @ 270838.424: tcs3701: stop power rail pending_off timer
11-25 15:53:06.244  1011  1189 D ASH     : @ 270838.424: tcs3701: start power rail timer, state:3
11-25 15:53:06.260  1795  3613 D ActivityManager: freezer override set to true
11-25 15:53:06.262  1795  3613 D ActivityManager: freezer override set to false
11-25 15:53:06.273 20107 20143 I BatteryMgr:DataCollectionService: stats => 1700923986273,11901,4441,13427,4169000,100
11-25 15:53:06.284  1011  1189 I ASH     : @ 270838.464: tcs3701: stop power rail pending_off timer
11-25 15:53:06.284  1011  1189 D ASH     : @ 270838.464: tcs3701: start power rail timer, state:3
11-25 15:53:06.324  1011  1189 I ASH     : @ 270838.504: tcs3701: stop power rail pending_off timer
11-25 15:53:06.324  1011  1189 D ASH     : @ 270838.504: tcs3701: start power rail timer, state:3
11-25 15:53:06.364  1011  1189 I ASH     : @ 270838.544: tcs3701: stop power rail pending_off timer
11-25 15:53:06.364  1011  1189 D ASH     : @ 270838.544: tcs3701: start power rail timer, state:3
11-25 15:53:06.381 20107 20143 I BatteryMgr:DataCollectionService: stats => 1700923986381,11901,4441,13427,4169000,100
11-25 15:53:06.404  1011  1189 I ASH     : @ 270838.584: tcs3701: stop power rail pending_off timer
11-25 15:53:06.404  1011  1189 D ASH     : @ 270838.584: tcs3701: start power rail timer, state:3
11-25 15:53:06.444  1011  1189 I ASH     : @ 270838.624: tcs3701: stop power rail pending_off timer
11-25 15:53:06.444  1011  1189 D ASH     : @ 270838.624: tcs3701: start power rail timer, state:3
11-25 15:53:06.484  1011  1189 I ASH     : @ 270838.664: tcs3701: stop power rail pending_off timer
11-25 15:53:06.484  1011  1189 D ASH     : @ 270838.664: tcs3701: start power rail timer, state:3
11-25 15:53:06.486 20107 20143 I BatteryMgr:DataCollectionService: stats => 1700923986486,11901,4441,13427,4169000,100
11-25 15:53:06.524  1011  1189 I ASH     : @ 270838.704: tcs3701: stop power rail pending_off timer
11-25 15:53:06.524  1011  1189 D ASH     : @ 270838.705: tcs3701: start power rail timer, state:3
11-25 15:53:06.529  1795  2424 D WifiClientModeImpl[13802:wlan0]: updateLinkLayerStatsRssiSpeedFrequencyCapabilities rssi=-45 TxLinkspeed=866 freq=5240 RxLinkSpeed=866
11-25 15:53:06.530  1795  2424 D WifiDataStall: tx tput in kbps: 811875
11-25 15:53:06.530  1795  2424 D WifiDataStall: rx tput in kbps: 811875
11-25 15:53:06.530  1795  2424 V WifiConfigManager: Updating scan detail cache freq=5240 BSSID=f4:6d:2f:12:cc:88 RSSI=-44 for "ourhome"WPA_PSK
11-25 15:53:06.531  2782  5906 D QCNEJ/WlanStaInfoRelay: Received action: android.net.wifi.RSSI_CHANGED
11-25 15:53:06.531  1795  2424 D WifiChannelUtilization:  freq: 5240 onTime: 7765833 busyTime: 725526 onTimeDiff: 175138 busyTimeDiff: 11553 utilization: 16 utilization t0: 23
11-25 15:53:06.531  1795  2424 D WifiDataStall:  ccaLevel = 16
11-25 15:53:06.531  1795  2424 D WifiDataStall: L2 txTputKbps: 771281, rxTputKbps: 811875, L3 txTputKbps: 0, rxTputKbps: 1, TxTrafficHigh: false, RxTrafficHigh: false, Throughput Sufficient: true
11-25 15:53:06.531  2673  2693 V WifiManager: OnWifiUsabilityStatsListener: onWifiUsabilityStats: seqNum=68856
11-25 15:53:06.532  1795  2424 D WifiScoreReport: Wifi scoring disabled - Don't check IP layer
11-25 15:53:06.532  1795  2424 D WifiScoreCard: BSSID update SIGNAL_POLL ID: 1320464697 SSID: "ourhome", BSSID: f4:6d:2f:12:cc:88, MAC: b2:2f:ec:da:4a:0c, IP: /192.168.1.104, Security type: 2, Supplicant state: COMPLETED, Wi-Fi standard: 5, RSSI: -45, Link speed: 866Mbps, Tx Link speed: 866Mbps, Max Supported Tx Link speed: 866Mbps, Rx Link speed: 866Mbps, Max Supported Rx Link speed: 866Mbps, Frequency: 5240MHz, Net ID: 12, Metered hint: false, score: 60, isUsable: true, CarrierMerged: false, SubscriptionId: -1, IsPrimary: 1, Trusted: true, Restricted: false, Ephemeral: false, OEM paid: false, OEM private: false, OSU AP: false, FQDN: <none>, Provider friendly name: <none>, Requesting package name: <none>"ourhome"wpa2-pskMLO Information: , Is TID-To-Link negotiation supported by the AP: false, AP MLD Address: <none>, AP MLO Link Id: <none>, AP MLO Affiliated links: <none>
11-25 15:53:06.532  1795  3613 I WifiService: updateWifiUsabilityScore uid=10180 seqNum=68856 score=100 predictionHorizonSec=1441795
11-25 15:53:06.532  1795  2424 D WifiScoreCard: txRate: 4 txSpeed: 866
11-25 15:53:06.532  1795  2424 D WifiScoreCard: network update SIGNAL_POLL "ourhome" ID: 1499892569 RSSI -45 txSpeed 866
11-25 15:53:06.533  1795  2424 D WifiClientModeImpl[13802:wlan0]:  ClientModeImpl$L2ConnectedState screen=on 33 0 "ourhome" f4:6d:2f:12:cc:88 rssi=-45 f=5240 sc=60 link=866 tx=3.6, 0.1, 0.0 rx=2.4 bcn=2618716 [on:87 tx:1 rx:1 period:3013] from screen [on:189434 period:2900038] score=60
11-25 15:53:06.533  1795  2424 D WifiScoreReport: Wifi scoring disabled - Notify that Wifi is usable
11-25 15:53:06.536  1795  2432 D ConnectivityService: NetReassign [no changes] [c 0] [a 0] [i 2]
11-25 15:53:06.565  1011  1189 I ASH     : @ 270838.744: tcs3701: stop power rail pending_off timer
11-25 15:53:06.565  1011  1189 D ASH     : @ 270838.744: tcs3701: start power rail timer, state:3
11-25 15:53:06.592 20107 20143 I BatteryMgr:DataCollectionService: stats => 1700923986592,11901,4441,13427,4169000,100
11-25 15:53:06.605  1011  1189 I ASH     : @ 270838.784: tcs3701: stop power rail pending_off timer
11-25 15:53:06.605  1011  1189 D ASH     : @ 270838.784: tcs3701: start power rail timer, state:3
11-25 15:53:06.619  2113  2118 I pixel-thermal: skin-therm-monitor: 38.119
11-25 15:53:06.630  1795  3613 D ActivityManager: freezer override set to true
11-25 15:53:06.644  1011  1189 I ASH     : @ 270838.824: tcs3701: stop power rail pending_off timer
11-25 15:53:06.644  1011  1189 D ASH     : @ 270838.824: tcs3701: start power rail timer, state:3
11-25 15:53:06.685  1011  1189 I ASH     : @ 270838.864: tcs3701: stop power rail pending_off timer
11-25 15:53:06.685  1011  1189 D ASH     : @ 270838.864: tcs3701: start power rail timer, state:3
11-25 15:53:06.699 20107 20143 I BatteryMgr:DataCollectionService: stats => 1700923986699,11901,4441,13427,4169000,100
11-25 15:53:06.724  1011  1189 I ASH     : @ 270838.904: tcs3701: stop power rail pending_off timer
11-25 15:53:06.724  1011  1189 D ASH     : @ 270838.904: tcs3701: start power rail timer, state:3
11-25 15:53:06.738 20215 20241 I m.chrome.canary: Explicit concurrent copying GC freed 4117(205KB) AllocSpace objects, 5(100KB) LOS objects, 75% free, 13MB/53MB, paused 29us,24us total 55.736ms
11-25 15:53:06.764  1011  1189 I ASH     : @ 270838.944: tcs3701: stop power rail pending_off timer
11-25 15:53:06.764  1011  1189 D ASH     : @ 270838.944: tcs3701: start power rail timer, state:3
11-25 15:53:06.804  1795  3613 D ActivityManager: freezer override set to false
11-25 15:53:06.804  1011  1189 I ASH     : @ 270838.984: tcs3701: stop power rail pending_off timer
11-25 15:53:06.804  1011  1189 D ASH     : @ 270838.984: tcs3701: start power rail timer, state:3
11-25 15:53:06.807 20107 20143 I BatteryMgr:DataCollectionService: stats => 1700923986807,11901,4441,13427,4169000,100
11-25 15:53:06.843  1795  2424 D WifiNetworkSelector: Current connected network: 12
11-25 15:53:06.843  1795  2424 V WifiConnectivityManager: No partial scan because firmware roaming is supported.
11-25 15:53:06.844  1795  2424 V WifiConnectivityManager: schedulePeriodicScanTimer intervalMs 20000
11-25 15:53:06.844  1011  1189 I ASH     : @ 270839.024: tcs3701: stop power rail pending_off timer
11-25 15:53:06.844  1011  1189 D ASH     : @ 270839.024: tcs3701: start power rail timer, state:3
11-25 15:53:06.856  1795  4166 D ActivityManager: freezer override set to true
11-25 15:53:06.859  1795  4166 D ActivityManager: freezer override set to false
11-25 15:53:06.884  1011  1189 I ASH     : @ 270839.064: tcs3701: stop power rail pending_off timer
11-25 15:53:06.884  1011  1189 D ASH     : @ 270839.064: tcs3701: start power rail timer, state:3
11-25 15:53:06.907  1795  4166 D ActivityManager: freezer override set to true
11-25 15:53:06.910  1795  4166 D ActivityManager: freezer override set to false
11-25 15:53:06.914 20107 20143 I BatteryMgr:DataCollectionService: stats => 1700923986914,11901,4441,13427,4169000,100
11-25 15:53:06.924  1011  1189 I ASH     : @ 270839.104: tcs3701: stop power rail pending_off timer
11-25 15:53:06.924  1011  1189 D ASH     : @ 270839.104: tcs3701: start power rail timer, state:3
11-25 15:53:06.964  1011  1189 I ASH     : @ 270839.144: tcs3701: stop power rail pending_off timer
11-25 15:53:06.964  1011  1189 D ASH     : @ 270839.144: tcs3701: start power rail timer, state:3
11-25 15:53:07.004  1011  1189 I ASH     : @ 270839.184: tcs3701: stop power rail pending_off timer
11-25 15:53:07.004  1011  1189 D ASH     : @ 270839.184: tcs3701: start power rail timer, state:3
11-25 15:53:07.019 20107 20143 I BatteryMgr:DataCollectionService: stats => 1700923987019,11901,4441,13427,4169000,100
11-25 15:53:07.044  1011  1189 I ASH     : @ 270839.224: tcs3701: stop power rail pending_off timer
11-25 15:53:07.044  1011  1189 D ASH     : @ 270839.224: tcs3701: start power rail timer, state:3
11-25 15:53:07.084  1011  1189 I ASH     : @ 270839.264: tcs3701: stop power rail pending_off timer
11-25 15:53:07.084  1011  1189 D ASH     : @ 270839.264: tcs3701: start power rail timer, state:3
11-25 15:53:07.124  1011  1189 I ASH     : @ 270839.304: tcs3701: stop power rail pending_off timer
11-25 15:53:07.124  1011  1189 D ASH     : @ 270839.304: tcs3701: start power rail timer, state:3
11-25 15:53:07.126 20107 20143 I BatteryMgr:DataCollectionService: stats => 1700923987126,11901,4441,13427,4169000,100
11-25 15:53:07.164  1011  1189 I ASH     : @ 270839.344: tcs3701: stop power rail pending_off timer
11-25 15:53:07.164  1011  1189 D ASH     : @ 270839.344: tcs3701: start power rail timer, state:3
11-25 15:53:07.204  1011  1189 I ASH     : @ 270839.384: tcs3701: stop power rail pending_off timer
11-25 15:53:07.204  1011  1189 D ASH     : @ 270839.384: tcs3701: start power rail timer, state:3
11-25 15:53:07.231 20107 20143 I BatteryMgr:DataCollectionService: stats => 1700923987231,11901,4441,13427,4169000,100
11-25 15:53:07.244  1011  1189 I ASH     : @ 270839.424: tcs3701: stop power rail pending_off timer
11-25 15:53:07.244  1011  1189 D ASH     : @ 270839.424: tcs3701: start power rail timer, state:3
11-25 15:53:07.258  1795  3613 D ActivityManager: freezer override set to true
11-25 15:53:07.264  1795  3613 D ActivityManager: freezer override set to false
11-25 15:53:07.284  1011  1189 I ASH     : @ 270839.464: tcs3701: stop power rail pending_off timer
11-25 15:53:07.284  1011  1189 D ASH     : @ 270839.464: tcs3701: start power rail timer, state:3
11-25 15:53:07.324  1011  1189 I ASH     : @ 270839.504: tcs3701: stop power rail pending_off timer
11-25 15:53:07.324  1011  1189 D ASH     : @ 270839.504: tcs3701: start power rail timer, state:3
11-25 15:53:07.337 20107 20143 I BatteryMgr:DataCollectionService: stats => 1700923987337,11901,4441,13427,4169000,100
11-25 15:53:07.364  1011  1189 I ASH     : @ 270839.544: tcs3701: stop power rail pending_off timer
11-25 15:53:07.364  1011  1189 D ASH     : @ 270839.544: tcs3701: start power rail timer, state:3
11-25 15:53:07.404  1011  1189 I ASH     : @ 270839.584: tcs3701: stop power rail pending_off timer
11-25 15:53:07.404  1011  1189 D ASH     : @ 270839.584: tcs3701: start power rail timer, state:3
11-25 15:53:07.443 20107 20143 I BatteryMgr:DataCollectionService: stats => 1700923987443,11901,4441,13427,4169000,100
11-25 15:53:07.444  1011  1189 I ASH     : @ 270839.624: tcs3701: stop power rail pending_off timer
11-25 15:53:07.444  1011  1189 D ASH     : @ 270839.624: tcs3701: start power rail timer, state:3
11-25 15:53:07.484  1011  1189 I ASH     : @ 270839.664: tcs3701: stop power rail pending_off timer
11-25 15:53:07.484  1011  1189 D ASH     : @ 270839.664: tcs3701: start power rail timer, state:3
11-25 15:53:07.524  1011  1189 I ASH     : @ 270839.704: tcs3701: stop power rail pending_off timer
11-25 15:53:07.524  1011  1189 D ASH     : @ 270839.704: tcs3701: start power rail timer, state:3
11-25 15:53:07.551 20107 20143 I BatteryMgr:DataCollectionService: stats => 1700923987551,11901,4441,13427,4169000,100
11-25 15:53:07.564  1011  1189 I ASH     : @ 270839.744: tcs3701: stop power rail pending_off timer
11-25 15:53:07.565  1011  1189 D ASH     : @ 270839.744: tcs3701: start power rail timer, state:3
11-25 15:53:07.604  1011  1189 I ASH     : @ 270839.784: tcs3701: stop power rail pending_off timer
11-25 15:53:07.604  1011  1189 D ASH     : @ 270839.784: tcs3701: start power rail timer, state:3
11-25 15:53:07.644  1011  1189 I ASH     : @ 270839.824: tcs3701: stop power rail pending_off timer
11-25 15:53:07.644  1011  1189 D ASH     : @ 270839.824: tcs3701: start power rail timer, state:3
11-25 15:53:07.658 20107 20143 I BatteryMgr:DataCollectionService: stats => 1700923987657,11901,4441,13427,4169000,100
11-25 15:53:07.684  1011  1189 I ASH     : @ 270839.864: tcs3701: stop power rail pending_off timer
11-25 15:53:07.684  1011  1189 D ASH     : @ 270839.864: tcs3701: start power rail timer, state:3
11-25 15:53:07.724  1011  1189 I ASH     : @ 270839.904: tcs3701: stop power rail pending_off timer
11-25 15:53:07.724  1011  1189 D ASH     : @ 270839.904: tcs3701: start power rail timer, state:3
11-25 15:53:07.763 20107 20143 I BatteryMgr:DataCollectionService: stats => 1700923987763,11901,4441,13427,4169000,100
11-25 15:53:07.764  1011  1189 I ASH     : @ 270839.944: tcs3701: stop power rail pending_off timer
11-25 15:53:07.764  1011  1189 D ASH     : @ 270839.944: tcs3701: start power rail timer, state:3
11-25 15:53:07.804  1011  1189 I ASH     : @ 270839.984: tcs3701: stop power rail pending_off timer
11-25 15:53:07.804  1011  1189 D ASH     : @ 270839.984: tcs3701: start power rail timer, state:3
11-25 15:53:07.844  1011  1189 I ASH     : @ 270840.024: tcs3701: stop power rail pending_off timer
11-25 15:53:07.844  1011  1189 D ASH     : @ 270840.024: tcs3701: start power rail timer, state:3
11-25 15:53:07.870 20107 20143 I BatteryMgr:DataCollectionService: stats => 1700923987870,11901,4441,13427,4169000,100
11-25 15:53:07.884  1011  1189 I ASH     : @ 270840.064: tcs3701: stop power rail pending_off timer
11-25 15:53:07.884  1011  1189 D ASH     : @ 270840.064: tcs3701: start power rail timer, state:3
11-25 15:53:07.924  1011  1189 I ASH     : @ 270840.104: tcs3701: stop power rail pending_off timer
11-25 15:53:07.924  1011  1189 D ASH     : @ 270840.104: tcs3701: start power rail timer, state:3
11-25 15:53:07.964  1011  1189 I ASH     : @ 270840.144: tcs3701: stop power rail pending_off timer
11-25 15:53:07.964  1011  1189 D ASH     : @ 270840.144: tcs3701: start power rail timer, state:3
11-25 15:53:07.977 20107 20143 I BatteryMgr:DataCollectionService: stats => 1700923987977,11901,4441,13427,4169000,100
11-25 15:53:08.004  1011  1189 I ASH     : @ 270840.184: tcs3701: stop power rail pending_off timer
11-25 15:53:08.004  1011  1189 D ASH     : @ 270840.184: tcs3701: start power rail timer, state:3
11-25 15:53:08.044  1011  1189 I ASH     : @ 270840.224: tcs3701: stop power rail pending_off timer
11-25 15:53:08.045  1011  1189 D ASH     : @ 270840.224: tcs3701: start power rail timer, state:3
11-25 15:53:08.063  1795  3613 D ActivityManager: freezer override set to true
11-25 15:53:08.084  1011  1189 I ASH     : @ 270840.264: tcs3701: stop power rail pending_off timer
11-25 15:53:08.084 20107 20143 I BatteryMgr:DataCollectionService: stats => 1700923988084,11901,4441,13427,4169000,100
11-25 15:53:08.084  1011  1189 D ASH     : @ 270840.264: tcs3701: start power rail timer, state:3
11-25 15:53:08.124  1011  1189 I ASH     : @ 270840.304: tcs3701: stop power rail pending_off timer
11-25 15:53:08.124  1011  1189 D ASH     : @ 270840.304: tcs3701: start power rail timer, state:3
11-25 15:53:08.164  1011  1189 I ASH     : @ 270840.344: tcs3701: stop power rail pending_off timer
11-25 15:53:08.164  1011  1189 D ASH     : @ 270840.344: tcs3701: start power rail timer, state:3
11-25 15:53:08.170 20215 20241 I m.chrome.canary: Explicit concurrent copying GC freed 3886(192KB) AllocSpace objects, 4(80KB) LOS objects, 75% free, 13MB/53MB, paused 28us,33us total 53.439ms
11-25 15:53:08.190 20107 20143 I BatteryMgr:DataCollectionService: stats => 1700923988190,11901,4441,13427,4169000,100
11-25 15:53:08.204  1011  1189 I ASH     : @ 270840.384: tcs3701: stop power rail pending_off timer
11-25 15:53:08.204  1011  1189 D ASH     : @ 270840.384: tcs3701: start power rail timer, state:3
11-25 15:53:08.235  1795  3613 D ActivityManager: freezer override set to false
11-25 15:53:08.245  1011  1189 I ASH     : @ 270840.425: tcs3701: stop power rail pending_off timer
11-25 15:53:08.245  1011  1189 D ASH     : @ 270840.425: tcs3701: start power rail timer, state:3
11-25 15:53:08.264  1795  3613 D ActivityManager: freezer override set to true
11-25 15:53:08.267  1795  3613 D ActivityManager: freezer override set to false
11-25 15:53:08.280  1795  3613 D ActivityManager: freezer override set to true
11-25 15:53:08.282  1795  3613 D ActivityManager: freezer override set to false
11-25 15:53:08.284  1011  1189 I ASH     : @ 270840.464: tcs3701: stop power rail pending_off timer
11-25 15:53:08.284  1011  1189 D ASH     : @ 270840.464: tcs3701: start power rail timer, state:3
11-25 15:53:08.297 20107 20143 I BatteryMgr:DataCollectionService: stats => 1700923988297,11901,4441,13427,4169000,100
11-25 15:53:08.324  1011  1189 I ASH     : @ 270840.505: tcs3701: stop power rail pending_off timer
11-25 15:53:08.324  1011  1189 D ASH     : @ 270840.505: tcs3701: start power rail timer, state:3
11-25 15:53:08.331  1795  3613 D ActivityManager: freezer override set to true
11-25 15:53:08.333  1795  3613 D ActivityManager: freezer override set to false
11-25 15:53:08.359 20215 20289 W chromium: [WARNING:ev_root_ca_metadata.cc(119)] Not implemented
11-25 15:53:08.360 20215 20289 W chromium: [WARNING:ev_root_ca_metadata.cc(119)] Not implemented
11-25 15:53:08.364  1011  1189 I ASH     : @ 270840.544: tcs3701: stop power rail pending_off timer
11-25 15:53:08.364  1011  1189 D ASH     : @ 270840.544: tcs3701: start power rail timer, state:3
11-25 15:53:08.402 20107 20143 I BatteryMgr:DataCollectionService: stats => 1700923988402,13122,4441,13427,4169000,100
11-25 15:53:08.404  1011  1189 I ASH     : @ 270840.584: tcs3701: stop power rail pending_off timer
11-25 15:53:08.404  1011  1189 D ASH     : @ 270840.584: tcs3701: start power rail timer, state:3
11-25 15:53:08.444  1011  1189 I ASH     : @ 270840.624: tcs3701: stop power rail pending_off timer
11-25 15:53:08.444  1011  1189 D ASH     : @ 270840.624: tcs3701: start power rail timer, state:3
11-25 15:53:08.484  1011  1189 I ASH     : @ 270840.664: tcs3701: stop power rail pending_off timer
11-25 15:53:08.484  1011  1189 D ASH     : @ 270840.664: tcs3701: start power rail timer, state:3
11-25 15:53:08.508 20107 20143 I BatteryMgr:DataCollectionService: stats => 1700923988508,13122,4441,13427,4169000,100
11-25 15:53:08.525  1011  1189 I ASH     : @ 270840.704: tcs3701: stop power rail pending_off timer
11-25 15:53:08.525  1011  1189 D ASH     : @ 270840.704: tcs3701: start power rail timer, state:3
11-25 15:53:08.564  1011  1189 I ASH     : @ 270840.744: tcs3701: stop power rail pending_off timer
11-25 15:53:08.564  1011  1189 D ASH     : @ 270840.744: tcs3701: start power rail timer, state:3
11-25 15:53:08.604  1011  1189 I ASH     : @ 270840.784: tcs3701: stop power rail pending_off timer
11-25 15:53:08.604  1011  1189 D ASH     : @ 270840.784: tcs3701: start power rail timer, state:3
11-25 15:53:08.613 20107 20143 I BatteryMgr:DataCollectionService: stats => 1700923988613,13122,4441,13427,4169000,100
11-25 15:53:08.623  2113  2118 I pixel-thermal: skin-therm-monitor: 38.136
11-25 15:53:08.644  1011  1189 I ASH     : @ 270840.824: tcs3701: stop power rail pending_off timer
11-25 15:53:08.644  1011  1189 D ASH     : @ 270840.824: tcs3701: start power rail timer, state:3
11-25 15:53:08.684  1011  1189 I ASH     : @ 270840.864: tcs3701: stop power rail pending_off timer
11-25 15:53:08.684  1011  1189 D ASH     : @ 270840.864: tcs3701: start power rail timer, state:3
11-25 15:53:08.720 20107 20143 I BatteryMgr:DataCollectionService: stats => 1700923988720,13122,4441,13427,4169000,100
11-25 15:53:08.724  1011  1189 I ASH     : @ 270840.904: tcs3701: stop power rail pending_off timer
11-25 15:53:08.724  1011  1189 D ASH     : @ 270840.904: tcs3701: start power rail timer, state:3
11-25 15:53:08.764  1011  1189 I ASH     : @ 270840.944: tcs3701: stop power rail pending_off timer
11-25 15:53:08.764  1011  1189 D ASH     : @ 270840.944: tcs3701: start power rail timer, state:3
11-25 15:53:08.804  1011  1189 I ASH     : @ 270840.984: tcs3701: stop power rail pending_off timer
11-25 15:53:08.804  1011  1189 D ASH     : @ 270840.984: tcs3701: start power rail timer, state:3
11-25 15:53:08.826 20107 20143 I BatteryMgr:DataCollectionService: stats => 1700923988826,13122,4441,13427,4169000,100
11-25 15:53:08.844  1011  1189 I ASH     : @ 270841.024: tcs3701: stop power rail pending_off timer
11-25 15:53:08.844  1011  1189 D ASH     : @ 270841.024: tcs3701: start power rail timer, state:3
11-25 15:53:08.884  1011  1189 I ASH     : @ 270841.064: tcs3701: stop power rail pending_off timer
11-25 15:53:08.884  1011  1189 D ASH     : @ 270841.064: tcs3701: start power rail timer, state:3
11-25 15:53:08.924  1011  1189 I ASH     : @ 270841.104: tcs3701: stop power rail pending_off timer
11-25 15:53:08.924  1011  1189 D ASH     : @ 270841.104: tcs3701: start power rail timer, state:3
11-25 15:53:08.932 20107 20143 I BatteryMgr:DataCollectionService: stats => 1700923988932,13122,4441,13427,4169000,100
11-25 15:53:08.964  1011  1189 I ASH     : @ 270841.144: tcs3701: stop power rail pending_off timer
11-25 15:53:08.964  1011  1189 D ASH     : @ 270841.144: tcs3701: start power rail timer, state:3
11-25 15:53:09.004  1011  1189 I ASH     : @ 270841.184: tcs3701: stop power rail pending_off timer
11-25 15:53:09.004  1011  1189 D ASH     : @ 270841.184: tcs3701: start power rail timer, state:3
11-25 15:53:09.037 20107 20143 I BatteryMgr:DataCollectionService: stats => 1700923989037,13122,4441,13427,4169000,100
11-25 15:53:09.044  1011  1189 I ASH     : @ 270841.224: tcs3701: stop power rail pending_off timer
11-25 15:53:09.044  1011  1189 D ASH     : @ 270841.224: tcs3701: start power rail timer, state:3
11-25 15:53:09.084  1011  1189 I ASH     : @ 270841.264: tcs3701: stop power rail pending_off timer
11-25 15:53:09.084  1011  1189 D ASH     : @ 270841.264: tcs3701: start power rail timer, state:3
11-25 15:53:09.125  1011  1189 I ASH     : @ 270841.304: tcs3701: stop power rail pending_off timer
11-25 15:53:09.125  1011  1189 D ASH     : @ 270841.304: tcs3701: start power rail timer, state:3
11-25 15:53:09.144 20107 20143 I BatteryMgr:DataCollectionService: stats => 1700923989143,13122,4441,13427,4169000,100
11-25 15:53:09.164  1011  1189 I ASH     : @ 270841.344: tcs3701: stop power rail pending_off timer
11-25 15:53:09.164  1011  1189 D ASH     : @ 270841.344: tcs3701: start power rail timer, state:3
11-25 15:53:09.204  1011  1189 I ASH     : @ 270841.384: tcs3701: stop power rail pending_off timer
11-25 15:53:09.204  1011  1189 D ASH     : @ 270841.384: tcs3701: start power rail timer, state:3
11-25 15:53:09.244  1011  1189 I ASH     : @ 270841.424: tcs3701: stop power rail pending_off timer
11-25 15:53:09.244  1011  1189 D ASH     : @ 270841.424: tcs3701: start power rail timer, state:3
11-25 15:53:09.250 20107 20143 I BatteryMgr:DataCollectionService: stats => 1700923989250,13122,4441,13427,4169000,100
11-25 15:53:09.278  1795  3613 D ActivityManager: freezer override set to true
11-25 15:53:09.282  1795  3613 D ActivityManager: freezer override set to false
11-25 15:53:09.284  1011  1189 I ASH     : @ 270841.464: tcs3701: stop power rail pending_off timer
11-25 15:53:09.284  1011  1189 D ASH     : @ 270841.464: tcs3701: start power rail timer, state:3
11-25 15:53:09.324  1011  1189 I ASH     : @ 270841.504: tcs3701: stop power rail pending_off timer
11-25 15:53:09.324  1011  1189 D ASH     : @ 270841.504: tcs3701: start power rail timer, state:3
11-25 15:53:09.350 26837 26837 D BoundBrokerSvc: onUnbind: Intent { act=com.google.android.gms.auth.account.workaccount.START dat=chimera-action:/... cmp=com.google.android.gms/.chimera.PersistentApiService }
11-25 15:53:09.356 20107 20143 I BatteryMgr:DataCollectionService: stats => 1700923989356,13122,4441,13427,4169000,100
11-25 15:53:09.364  1011  1189 I ASH     : @ 270841.544: tcs3701: stop power rail pending_off timer
11-25 15:53:09.364  1011  1189 D ASH     : @ 270841.544: tcs3701: start power rail timer, state:3
11-25 15:53:09.404  1011  1189 I ASH     : @ 270841.584: tcs3701: stop power rail pending_off timer
11-25 15:53:09.404  1011  1189 D ASH     : @ 270841.584: tcs3701: start power rail timer, state:3
11-25 15:53:09.420 26837 26837 D BoundBrokerSvc: onUnbind: Intent { act=com.google.android.gms.icing.LIGHTWEIGHT_INDEX_SERVICE dat=chimera-action:/... cmp=com.google.android.gms/.chimera.PersistentApiService }
11-25 15:53:09.421 26741 26741 D BoundBrokerSvc: onUnbind: Intent { act=com.google.android.gms.feedback.internal.IFeedbackService dat=chimera-action:/... cmp=com.google.android.gms/.chimera.GmsBoundBrokerService }
11-25 15:53:09.444  1011  1189 I ASH     : @ 270841.624: tcs3701: stop power rail pending_off timer
11-25 15:53:09.445  1011  1189 D ASH     : @ 270841.624: tcs3701: start power rail timer, state:3
11-25 15:53:09.465 20107 20143 I BatteryMgr:DataCollectionService: stats => 1700923989465,13122,4441,13427,4169000,100
11-25 15:53:09.484  1011  1189 I ASH     : @ 270841.664: tcs3701: stop power rail pending_off timer
11-25 15:53:09.484  1011  1189 D ASH     : @ 270841.664: tcs3701: start power rail timer, state:3
11-25 15:53:09.523  1795  4170 D ActivityManager: freezer override set to true
11-25 15:53:09.524  1011  1189 I ASH     : @ 270841.704: tcs3701: stop power rail pending_off timer
11-25 15:53:09.524  1011  1189 D ASH     : @ 270841.704: tcs3701: start power rail timer, state:3
