11-25 15:58:42.324  1011  1189 I ASH     : @ 271174.504: tcs3701: stop power rail pending_off timer
11-25 15:58:42.324  1011  1189 D ASH     : @ 271174.504: tcs3701: start power rail timer, state:3
11-25 15:58:42.357 20107 20141 I BatteryMgr:DataCollectionService: stats => 1700924322357,13427,4441,13427,4169000,100
11-25 15:58:42.364  1011  1189 I ASH     : @ 271174.544: tcs3701: stop power rail pending_off timer
11-25 15:58:42.365  1011  1189 D ASH     : @ 271174.544: tcs3701: start power rail timer, state:3
11-25 15:58:42.404  1011  1189 I ASH     : @ 271174.584: tcs3701: stop power rail pending_off timer
11-25 15:58:42.405  1011  1189 D ASH     : @ 271174.584: tcs3701: start power rail timer, state:3
11-25 15:58:42.444  1011  1189 I ASH     : @ 271174.624: tcs3701: stop power rail pending_off timer
11-25 15:58:42.444  1011  1189 D ASH     : @ 271174.624: tcs3701: start power rail timer, state:3
11-25 15:58:42.464 20107 20141 I BatteryMgr:DataCollectionService: stats => 1700924322464,13427,4441,13427,4169000,100
11-25 15:58:42.484  1011  1189 I ASH     : @ 271174.664: tcs3701: stop power rail pending_off timer
11-25 15:58:42.484  1011  1189 D ASH     : @ 271174.664: tcs3701: start power rail timer, state:3
11-25 15:58:42.524  1011  1189 I ASH     : @ 271174.704: tcs3701: stop power rail pending_off timer
11-25 15:58:42.524  1011  1189 D ASH     : @ 271174.704: tcs3701: start power rail timer, state:3
11-25 15:58:42.565  1011  1189 I ASH     : @ 271174.744: tcs3701: stop power rail pending_off timer
11-25 15:58:42.565  1011  1189 D ASH     : @ 271174.744: tcs3701: start power rail timer, state:3
11-25 15:58:42.573 20107 20141 I BatteryMgr:DataCollectionService: stats => 1700924322573,13427,4441,13427,4169000,100
11-25 15:58:42.605  1011  1189 I ASH     : @ 271174.784: tcs3701: stop power rail pending_off timer
11-25 15:58:42.605  1011  1189 D ASH     : @ 271174.785: tcs3701: start power rail timer, state:3
11-25 15:58:42.644  1011  1189 I ASH     : @ 271174.824: tcs3701: stop power rail pending_off timer
11-25 15:58:42.644  1011  1189 D ASH     : @ 271174.824: tcs3701: start power rail timer, state:3
11-25 15:58:42.681 20107 20141 I BatteryMgr:DataCollectionService: stats => 1700924322681,13427,4441,13427,4169000,100
11-25 15:58:42.684  1011  1189 I ASH     : @ 271174.864: tcs3701: stop power rail pending_off timer
11-25 15:58:42.684  1011  1189 D ASH     : @ 271174.864: tcs3701: start power rail timer, state:3
11-25 15:58:42.713 26741 26741 E AbstractGmsTracer: Traced class shouldn't be obfuscated: GmsIntentOperationChimeraService [CONTEXT service_id=259 ]
11-25 15:58:42.721 26741 30047 E AbstractGmsTracer: Traced class shouldn't be obfuscated: InstantIndexingIntentOperation [CONTEXT service_id=259 ]
11-25 15:58:42.724  1011  1189 I ASH     : @ 271174.904: tcs3701: stop power rail pending_off timer
11-25 15:58:42.724 26741 30047 I GmscoreIpa: Starting mediastore instant index [CONTEXT service_id=255 ]
11-25 15:58:42.724  1011  1189 D ASH     : @ 271174.904: tcs3701: start power rail timer, state:3
11-25 15:58:42.765  1011  1189 I ASH     : @ 271174.944: tcs3701: stop power rail pending_off timer
11-25 15:58:42.765  1011  1189 D ASH     : @ 271174.944: tcs3701: start power rail timer, state:3
11-25 15:58:42.787 20107 20141 I BatteryMgr:DataCollectionService: stats => 1700924322787,13427,4441,13427,4169000,100
11-25 15:58:42.804  1011  1189 I ASH     : @ 271174.984: tcs3701: stop power rail pending_off timer
11-25 15:58:42.804  1011  1189 D ASH     : @ 271174.984: tcs3701: start power rail timer, state:3
11-25 15:58:42.844  1011  1189 I ASH     : @ 271175.024: tcs3701: stop power rail pending_off timer
11-25 15:58:42.844  1011  1189 D ASH     : @ 271175.024: tcs3701: start power rail timer, state:3
11-25 15:58:42.884  1011  1189 I ASH     : @ 271175.064: tcs3701: stop power rail pending_off timer
11-25 15:58:42.884  1011  1189 D ASH     : @ 271175.064: tcs3701: start power rail timer, state:3
11-25 15:58:42.896 20107 20141 I BatteryMgr:DataCollectionService: stats => 1700924322896,13427,4441,13427,4169000,100
11-25 15:58:42.912  1795  2855 D ActivityManager: freezer override set to true
11-25 15:58:42.918  1795  2855 D ActivityManager: freezer override set to false
11-25 15:58:42.924  1011  1189 I ASH     : @ 271175.104: tcs3701: stop power rail pending_off timer
11-25 15:58:42.924  1011  1189 D ASH     : @ 271175.104: tcs3701: start power rail timer, state:3
11-25 15:58:42.964  1011  1189 I ASH     : @ 271175.144: tcs3701: stop power rail pending_off timer
11-25 15:58:42.965  1011  1189 D ASH     : @ 271175.144: tcs3701: start power rail timer, state:3
11-25 15:58:42.990  1795  2855 D ActivityManager: freezer override set to true
11-25 15:58:43.002 20107 20141 I BatteryMgr:DataCollectionService: stats => 1700924323002,13427,4441,13427,4169000,100
11-25 15:58:43.004  1011  1189 I ASH     : @ 271175.184: tcs3701: stop power rail pending_off timer
11-25 15:58:43.004  1011  1189 D ASH     : @ 271175.184: tcs3701: start power rail timer, state:3
11-25 15:58:43.044  1011  1189 I ASH     : @ 271175.224: tcs3701: stop power rail pending_off timer
11-25 15:58:43.044  1011  1189 D ASH     : @ 271175.224: tcs3701: start power rail timer, state:3
11-25 15:58:43.084  1011  1189 I ASH     : @ 271175.264: tcs3701: stop power rail pending_off timer
11-25 15:58:43.084  1011  1189 D ASH     : @ 271175.264: tcs3701: start power rail timer, state:3
11-25 15:58:43.109 20107 20141 I BatteryMgr:DataCollectionService: stats => 1700924323109,13427,4441,13427,4169000,100
11-25 15:58:43.124  1011  1189 I ASH     : @ 271175.304: tcs3701: stop power rail pending_off timer
11-25 15:58:43.124  1011  1189 D ASH     : @ 271175.304: tcs3701: start power rail timer, state:3
11-25 15:58:43.135 29118 29133 I m.chrome.canary: Explicit concurrent copying GC freed 3963(191KB) AllocSpace objects, 5(100KB) LOS objects, 75% free, 13MB/54MB, paused 31us,26us total 58.311ms
11-25 15:58:43.164  1011  1189 I ASH     : @ 271175.344: tcs3701: stop power rail pending_off timer
11-25 15:58:43.164  1011  1189 D ASH     : @ 271175.344: tcs3701: start power rail timer, state:3
11-25 15:58:43.200  1795  2855 D ActivityManager: freezer override set to false
11-25 15:58:43.204  1011  1189 I ASH     : @ 271175.384: tcs3701: stop power rail pending_off timer
11-25 15:58:43.204  1011  1189 D ASH     : @ 271175.384: tcs3701: start power rail timer, state:3
11-25 15:58:43.217 20107 20141 I BatteryMgr:DataCollectionService: stats => 1700924323217,13427,4441,13427,4169000,100
11-25 15:58:43.244  1011  1189 I ASH     : @ 271175.424: tcs3701: stop power rail pending_off timer
11-25 15:58:43.244  1011  1189 D ASH     : @ 271175.425: tcs3701: start power rail timer, state:3
11-25 15:58:43.261  1795  2855 D ActivityManager: freezer override set to true
11-25 15:58:43.263  1795  2855 D ActivityManager: freezer override set to false
11-25 15:58:43.284  1011  1189 I ASH     : @ 271175.464: tcs3701: stop power rail pending_off timer
11-25 15:58:43.284  1011  1189 D ASH     : @ 271175.464: tcs3701: start power rail timer, state:3
11-25 15:58:43.317  1795  2855 D ActivityManager: freezer override set to true
11-25 15:58:43.320  1795  2855 D ActivityManager: freezer override set to false
11-25 15:58:43.323 20107 20141 I BatteryMgr:DataCollectionService: stats => 1700924323323,13427,4441,13427,4169000,100
11-25 15:58:43.324  1011  1189 I ASH     : @ 271175.504: tcs3701: stop power rail pending_off timer
11-25 15:58:43.324  1011  1189 D ASH     : @ 271175.504: tcs3701: start power rail timer, state:3
11-25 15:58:43.364  1011  1189 I ASH     : @ 271175.544: tcs3701: stop power rail pending_off timer
11-25 15:58:43.364  1011  1189 D ASH     : @ 271175.544: tcs3701: start power rail timer, state:3
11-25 15:58:43.404  1011  1189 I ASH     : @ 271175.584: tcs3701: stop power rail pending_off timer
11-25 15:58:43.404  1011  1189 D ASH     : @ 271175.584: tcs3701: start power rail timer, state:3
11-25 15:58:43.431 20107 20141 I BatteryMgr:DataCollectionService: stats => 1700924323431,13427,4441,13427,4169000,100
11-25 15:58:43.444  1011  1189 I ASH     : @ 271175.624: tcs3701: stop power rail pending_off timer
11-25 15:58:43.444  1011  1189 D ASH     : @ 271175.624: tcs3701: start power rail timer, state:3
11-25 15:58:43.484  1011  1189 I ASH     : @ 271175.664: tcs3701: stop power rail pending_off timer
11-25 15:58:43.484  1011  1189 D ASH     : @ 271175.664: tcs3701: start power rail timer, state:3
11-25 15:58:43.525  1011  1189 I ASH     : @ 271175.704: tcs3701: stop power rail pending_off timer
11-25 15:58:43.525  1011  1189 D ASH     : @ 271175.704: tcs3701: start power rail timer, state:3
11-25 15:58:43.539 20107 20141 I BatteryMgr:DataCollectionService: stats => 1700924323539,13427,4441,13427,4169000,100
11-25 15:58:43.564  1011  1189 I ASH     : @ 271175.744: tcs3701: stop power rail pending_off timer
11-25 15:58:43.564  1011  1189 D ASH     : @ 271175.744: tcs3701: start power rail timer, state:3
11-25 15:58:43.604  1011  1189 I ASH     : @ 271175.784: tcs3701: stop power rail pending_off timer
11-25 15:58:43.604  1011  1189 D ASH     : @ 271175.784: tcs3701: start power rail timer, state:3
11-25 15:58:43.644  1011  1189 I ASH     : @ 271175.824: tcs3701: stop power rail pending_off timer
11-25 15:58:43.644  1011  1189 D ASH     : @ 271175.824: tcs3701: start power rail timer, state:3
11-25 15:58:43.648 20107 20141 I BatteryMgr:DataCollectionService: stats => 1700924323648,13427,4441,13427,4169000,100
11-25 15:58:43.684  1011  1189 I ASH     : @ 271175.864: tcs3701: stop power rail pending_off timer
11-25 15:58:43.684  1011  1189 D ASH     : @ 271175.864: tcs3701: start power rail timer, state:3
11-25 15:58:43.724  1011  1189 I ASH     : @ 271175.904: tcs3701: stop power rail pending_off timer
11-25 15:58:43.724  1011  1189 D ASH     : @ 271175.904: tcs3701: start power rail timer, state:3
11-25 15:58:43.756 20107 20141 I BatteryMgr:DataCollectionService: stats => 1700924323756,13427,4441,13427,4169000,100
11-25 15:58:43.764  1011  1189 I ASH     : @ 271175.944: tcs3701: stop power rail pending_off timer
11-25 15:58:43.764  1011  1189 D ASH     : @ 271175.944: tcs3701: start power rail timer, state:3
11-25 15:58:43.804  1011  1189 I ASH     : @ 271175.984: tcs3701: stop power rail pending_off timer
11-25 15:58:43.804  1011  1189 D ASH     : @ 271175.984: tcs3701: start power rail timer, state:3
11-25 15:58:43.845  1011  1189 I ASH     : @ 271176.024: tcs3701: stop power rail pending_off timer
11-25 15:58:43.845  1011  1189 D ASH     : @ 271176.024: tcs3701: start power rail timer, state:3
11-25 15:58:43.864 20107 20141 I BatteryMgr:DataCollectionService: stats => 1700924323864,13427,4441,13427,4169000,100
11-25 15:58:43.884  1011  1189 I ASH     : @ 271176.064: tcs3701: stop power rail pending_off timer
11-25 15:58:43.884  1011  1189 D ASH     : @ 271176.064: tcs3701: start power rail timer, state:3
11-25 15:58:43.924  1011  1189 I ASH     : @ 271176.104: tcs3701: stop power rail pending_off timer
11-25 15:58:43.924  1011  1189 D ASH     : @ 271176.104: tcs3701: start power rail timer, state:3
11-25 15:58:43.930  1795  2855 D ActivityManager: freezer override set to true
11-25 15:58:43.935  1795  2855 D ActivityManager: freezer override set to false
11-25 15:58:43.965  1011  1189 I ASH     : @ 271176.144: tcs3701: stop power rail pending_off timer
11-25 15:58:43.965  1011  1189 D ASH     : @ 271176.144: tcs3701: start power rail timer, state:3
11-25 15:58:43.970 20107 20141 I BatteryMgr:DataCollectionService: stats => 1700924323970,13427,4441,13427,4169000,100
11-25 15:58:44.004  1011  1189 I ASH     : @ 271176.184: tcs3701: stop power rail pending_off timer
11-25 15:58:44.004  1011  1189 D ASH     : @ 271176.184: tcs3701: start power rail timer, state:3
11-25 15:58:44.032  2113  2118 I pixel-thermal: skin-therm-monitor: 39.099
11-25 15:58:44.044  1011  1189 I ASH     : @ 271176.224: tcs3701: stop power rail pending_off timer
11-25 15:58:44.044  1011  1189 D ASH     : @ 271176.224: tcs3701: start power rail timer, state:3
11-25 15:58:44.077 20107 20141 I BatteryMgr:DataCollectionService: stats => 1700924324077,13427,4441,13427,4169000,100
11-25 15:58:44.084  1011  1189 I ASH     : @ 271176.264: tcs3701: stop power rail pending_off timer
11-25 15:58:44.084  1011  1189 D ASH     : @ 271176.264: tcs3701: start power rail timer, state:3
11-25 15:58:44.124  1011  1189 I ASH     : @ 271176.304: tcs3701: stop power rail pending_off timer
11-25 15:58:44.124  1011  1189 D ASH     : @ 271176.304: tcs3701: start power rail timer, state:3
11-25 15:58:44.165  1011  1189 I ASH     : @ 271176.344: tcs3701: stop power rail pending_off timer
11-25 15:58:44.165  1011  1189 D ASH     : @ 271176.344: tcs3701: start power rail timer, state:3
11-25 15:58:44.186 20107 20141 I BatteryMgr:DataCollectionService: stats => 1700924324186,13427,4441,13427,4169000,100
11-25 15:58:44.204  1011  1189 I ASH     : @ 271176.384: tcs3701: stop power rail pending_off timer
11-25 15:58:44.204  1011  1189 D ASH     : @ 271176.384: tcs3701: start power rail timer, state:3
11-25 15:58:44.244  1011  1189 I ASH     : @ 271176.424: tcs3701: stop power rail pending_off timer
11-25 15:58:44.244  1011  1189 D ASH     : @ 271176.424: tcs3701: start power rail timer, state:3
11-25 15:58:44.281  1795  2424 D WifiClientModeImpl[13802:wlan0]: updateLinkLayerStatsRssiSpeedFrequencyCapabilities rssi=-45 TxLinkspeed=400 freq=5240 RxLinkSpeed=866
11-25 15:58:44.281  1795  2424 D WifiDataStall: tx tput in kbps: 774494
11-25 15:58:44.281  1795  2424 D WifiDataStall: rx tput in kbps: 815257
11-25 15:58:44.281  1795  2424 V WifiConfigManager: Updating scan detail cache freq=5240 BSSID=f4:6d:2f:12:cc:88 RSSI=-45 for "ourhome"WPA_PSK
11-25 15:58:44.281  1795  2424 D WifiChannelUtilization:  freq: 5240 onTime: 7789769 busyTime: 726164 onTimeDiff: 199074 busyTimeDiff: 12191 utilization: 15 utilization t0: 23
11-25 15:58:44.282  1795  2424 D WifiDataStall:  ccaLevel = 15
11-25 15:58:44.282  1795  2424 D WifiDataStall: L2 txTputKbps: 271125, rxTputKbps: 815257, L3 txTputKbps: 0, rxTputKbps: 1, TxTrafficHigh: true, RxTrafficHigh: false, Throughput Sufficient: true
11-25 15:58:44.282  2673  2739 V WifiManager: OnWifiUsabilityStatsListener: onWifiUsabilityStats: seqNum=68968
11-25 15:58:44.282  1795  2424 D WifiScoreReport: Wifi scoring disabled - Don't check IP layer
11-25 15:58:44.282  1795  2424 D WifiScoreCard: BSSID update SIGNAL_POLL ID: 1320464697 SSID: "ourhome", BSSID: f4:6d:2f:12:cc:88, MAC: b2:2f:ec:da:4a:0c, IP: /192.168.1.104, Security type: 2, Supplicant state: COMPLETED, Wi-Fi standard: 5, RSSI: -45, Link speed: 400Mbps, Tx Link speed: 400Mbps, Max Supported Tx Link speed: 866Mbps, Rx Link speed: 866Mbps, Max Supported Rx Link speed: 866Mbps, Frequency: 5240MHz, Net ID: 12, Metered hint: false, score: 60, isUsable: true, CarrierMerged: false, SubscriptionId: -1, IsPrimary: 1, Trusted: true, Restricted: false, Ephemeral: false, OEM paid: false, OEM private: false, OSU AP: false, FQDN: <none>, Provider friendly name: <none>, Requesting package name: <none>"ourhome"wpa2-pskMLO Information: , Is TID-To-Link negotiation supported by the AP: false, AP MLD Address: <none>, AP MLO Link Id: <none>, AP MLO Affiliated links: <none>
11-25 15:58:44.282  1795  2855 I WifiService: updateWifiUsabilityScore uid=10180 seqNum=68968 score=100 predictionHorizonSec=1441795
11-25 15:58:44.282  1795  2424 D WifiScoreCard: txRate: 3 txSpeed: 400
11-25 15:58:44.282  1795  2424 D WifiScoreCard: network update SIGNAL_POLL "ourhome" ID: 1499892569 RSSI -45 txSpeed -1
11-25 15:58:44.283  2513  4457 V WifiManager: TrafficStateCallbackProxy: onStateChanged state=3
11-25 15:58:44.283  1795  2424 D WifiClientModeImpl[13802:wlan0]:  ClientModeImpl$L2ConnectedState screen=on 33 0 "ourhome" f4:6d:2f:12:cc:88 rssi=-45 f=5240 sc=60 link=400 tx=1.6, 0.4, 0.0 rx=1.1 bcn=2622008 [on:58 tx:1 rx:0 period:3014] from screen [on:213370 period:3237789] score=60
11-25 15:58:44.284  1795  2424 D WifiScoreReport: Wifi scoring disabled - Notify that Wifi is usable
11-25 15:58:44.284  1011  1189 I ASH     : @ 271176.464: tcs3701: stop power rail pending_off timer
11-25 15:58:44.284  1011  1189 D ASH     : @ 271176.464: tcs3701: start power rail timer, state:3
11-25 15:58:44.286  1795  2432 D ConnectivityService: NetReassign [no changes] [c 0] [a 0] [i 2]
11-25 15:58:44.294 20107 20141 I BatteryMgr:DataCollectionService: stats => 1700924324294,13427,4441,13427,4169000,100
11-25 15:58:44.324  1011  1189 I ASH     : @ 271176.504: tcs3701: stop power rail pending_off timer
11-25 15:58:44.324  1011  1189 D ASH     : @ 271176.504: tcs3701: start power rail timer, state:3
11-25 15:58:44.364  1011  1189 I ASH     : @ 271176.544: tcs3701: stop power rail pending_off timer
11-25 15:58:44.365  1011  1189 D ASH     : @ 271176.544: tcs3701: start power rail timer, state:3
11-25 15:58:44.402 20107 20141 I BatteryMgr:DataCollectionService: stats => 1700924324401,13427,4441,13427,4169000,100
11-25 15:58:44.404  1011  1189 I ASH     : @ 271176.584: tcs3701: stop power rail pending_off timer
11-25 15:58:44.404  1011  1189 D ASH     : @ 271176.584: tcs3701: start power rail timer, state:3
11-25 15:58:44.444  1011  1189 I ASH     : @ 271176.624: tcs3701: stop power rail pending_off timer
11-25 15:58:44.444  1011  1189 D ASH     : @ 271176.624: tcs3701: start power rail timer, state:3
11-25 15:58:44.475  1795  2855 D ActivityManager: freezer override set to true
11-25 15:58:44.484  1011  1189 I ASH     : @ 271176.664: tcs3701: stop power rail pending_off timer
11-25 15:58:44.484  1011  1189 D ASH     : @ 271176.664: tcs3701: start power rail timer, state:3
11-25 15:58:44.508 20107 20141 I BatteryMgr:DataCollectionService: stats => 1700924324508,13427,4441,13427,4169000,100
11-25 15:58:44.524  1011  1189 I ASH     : @ 271176.704: tcs3701: stop power rail pending_off timer
11-25 15:58:44.524  1011  1189 D ASH     : @ 271176.704: tcs3701: start power rail timer, state:3
11-25 15:58:44.564  1011  1189 I ASH     : @ 271176.744: tcs3701: stop power rail pending_off timer
11-25 15:58:44.564  1011  1189 D ASH     : @ 271176.745: tcs3701: start power rail timer, state:3
11-25 15:58:44.604  1011  1189 I ASH     : @ 271176.784: tcs3701: stop power rail pending_off timer
11-25 15:58:44.604  1011  1189 D ASH     : @ 271176.784: tcs3701: start power rail timer, state:3
11-25 15:58:44.615 20107 20141 I BatteryMgr:DataCollectionService: stats => 1700924324615,13427,4441,13427,4169000,100
11-25 15:58:44.625 29118 29133 I m.chrome.canary: Explicit concurrent copying GC freed 3752(176KB) AllocSpace objects, 4(80KB) LOS objects, 75% free, 13MB/54MB, paused 34us,52us total 58.743ms
11-25 15:58:44.644  1011  1189 I ASH     : @ 271176.824: tcs3701: stop power rail pending_off timer
11-25 15:58:44.644  1011  1189 D ASH     : @ 271176.824: tcs3701: start power rail timer, state:3
11-25 15:58:44.684  1011  1189 I ASH     : @ 271176.864: tcs3701: stop power rail pending_off timer
11-25 15:58:44.685  1011  1189 D ASH     : @ 271176.864: tcs3701: start power rail timer, state:3
11-25 15:58:44.694  1795  2855 D ActivityManager: freezer override set to false
11-25 15:58:44.722 20107 20141 I BatteryMgr:DataCollectionService: stats => 1700924324722,13427,4441,13427,4169000,100
11-25 15:58:44.724  1011  1189 I ASH     : @ 271176.904: tcs3701: stop power rail pending_off timer
11-25 15:58:44.724  1011  1189 D ASH     : @ 271176.904: tcs3701: start power rail timer, state:3
11-25 15:58:44.756  1795  3745 D ActivityManager: freezer override set to true
11-25 15:58:44.758  1795  3745 D ActivityManager: freezer override set to false
11-25 15:58:44.764  1011  1189 I ASH     : @ 271176.944: tcs3701: stop power rail pending_off timer
11-25 15:58:44.764  1011  1189 D ASH     : @ 271176.944: tcs3701: start power rail timer, state:3
11-25 15:58:44.797  1795  3745 D ActivityManager: freezer override set to true
11-25 15:58:44.800  1795  3745 D ActivityManager: freezer override set to false
11-25 15:58:44.804  1011  1189 I ASH     : @ 271176.984: tcs3701: stop power rail pending_off timer
11-25 15:58:44.804  1011  1189 D ASH     : @ 271176.984: tcs3701: start power rail timer, state:3
11-25 15:58:44.831 20107 20141 I BatteryMgr:DataCollectionService: stats => 1700924324831,13427,4441,13427,4169000,100
11-25 15:58:44.845  1011  1189 I ASH     : @ 271177.024: tcs3701: stop power rail pending_off timer
11-25 15:58:44.845  1011  1189 D ASH     : @ 271177.024: tcs3701: start power rail timer, state:3
11-25 15:58:44.884  1011  1189 I ASH     : @ 271177.064: tcs3701: stop power rail pending_off timer
11-25 15:58:44.884  1011  1189 D ASH     : @ 271177.064: tcs3701: start power rail timer, state:3
11-25 15:58:44.916  1795  3745 D ActivityManager: freezer override set to true
11-25 15:58:44.922  1795  3745 D ActivityManager: freezer override set to false
11-25 15:58:44.924  1011  1189 I ASH     : @ 271177.104: tcs3701: stop power rail pending_off timer
11-25 15:58:44.925  1011  1189 D ASH     : @ 271177.104: tcs3701: start power rail timer, state:3
11-25 15:58:44.938 20107 20141 I BatteryMgr:DataCollectionService: stats => 1700924324938,13427,4441,13427,4169000,100
11-25 15:58:44.964  1011  1189 I ASH     : @ 271177.144: tcs3701: stop power rail pending_off timer
11-25 15:58:44.964  1011  1189 D ASH     : @ 271177.144: tcs3701: start power rail timer, state:3
11-25 15:58:45.004  1011  1189 I ASH     : @ 271177.184: tcs3701: stop power rail pending_off timer
11-25 15:58:45.004  1011  1189 D ASH     : @ 271177.184: tcs3701: start power rail timer, state:3
11-25 15:58:45.044 20107 20141 I BatteryMgr:DataCollectionService: stats => 1700924325044,13427,4441,13427,4169000,100
11-25 15:58:45.044  1011  1189 I ASH     : @ 271177.224: tcs3701: stop power rail pending_off timer
11-25 15:58:45.044  1011  1189 D ASH     : @ 271177.225: tcs3701: start power rail timer, state:3
11-25 15:58:45.084  1011  1189 I ASH     : @ 271177.264: tcs3701: stop power rail pending_off timer
11-25 15:58:45.084  1011  1189 D ASH     : @ 271177.264: tcs3701: start power rail timer, state:3
11-25 15:58:45.126  1011  1189 I ASH     : @ 271177.304: tcs3701: stop power rail pending_off timer
11-25 15:58:45.126  1011  1189 D ASH     : @ 271177.304: tcs3701: start power rail timer, state:3
11-25 15:58:45.152 20107 20141 I BatteryMgr:DataCollectionService: stats => 1700924325151,13427,4441,13427,4169000,100
11-25 15:58:45.164  1011  1189 I ASH     : @ 271177.344: tcs3701: stop power rail pending_off timer
11-25 15:58:45.165  1011  1189 D ASH     : @ 271177.344: tcs3701: start power rail timer, state:3
11-25 15:58:45.204  1011  1189 I ASH     : @ 271177.384: tcs3701: stop power rail pending_off timer
11-25 15:58:45.204  1011  1189 D ASH     : @ 271177.385: tcs3701: start power rail timer, state:3
11-25 15:58:45.244  1011  1189 I ASH     : @ 271177.424: tcs3701: stop power rail pending_off timer
11-25 15:58:45.245  1011  1189 D ASH     : @ 271177.424: tcs3701: start power rail timer, state:3
11-25 15:58:45.259 20107 20141 I BatteryMgr:DataCollectionService: stats => 1700924325259,13427,4441,13427,4169000,100
11-25 15:58:45.284  1011  1189 I ASH     : @ 271177.464: tcs3701: stop power rail pending_off timer
11-25 15:58:45.284  1011  1189 D ASH     : @ 271177.464: tcs3701: start power rail timer, state:3
11-25 15:58:45.324  1011  1189 I ASH     : @ 271177.504: tcs3701: stop power rail pending_off timer
11-25 15:58:45.324  1011  1189 D ASH     : @ 271177.504: tcs3701: start power rail timer, state:3
11-25 15:58:45.364  1011  1189 I ASH     : @ 271177.544: tcs3701: stop power rail pending_off timer
11-25 15:58:45.364  1011  1189 D ASH     : @ 271177.544: tcs3701: start power rail timer, state:3
11-25 15:58:45.368 20107 20141 I BatteryMgr:DataCollectionService: stats => 1700924325368,13427,4441,13427,4169000,100
11-25 15:58:45.405  1011  1189 I ASH     : @ 271177.584: tcs3701: stop power rail pending_off timer
11-25 15:58:45.405  1011  1189 D ASH     : @ 271177.584: tcs3701: start power rail timer, state:3
11-25 15:58:45.444  1011  1189 I ASH     : @ 271177.624: tcs3701: stop power rail pending_off timer
11-25 15:58:45.444  1011  1189 D ASH     : @ 271177.624: tcs3701: start power rail timer, state:3
11-25 15:58:45.476 20107 20141 I BatteryMgr:DataCollectionService: stats => 1700924325476,13427,4441,13427,4169000,100
11-25 15:58:45.485  1011  1189 I ASH     : @ 271177.664: tcs3701: stop power rail pending_off timer
11-25 15:58:45.485  1011  1189 D ASH     : @ 271177.664: tcs3701: start power rail timer, state:3
11-25 15:58:45.525  1011  1189 I ASH     : @ 271177.704: tcs3701: stop power rail pending_off timer
11-25 15:58:45.525  1011  1189 D ASH     : @ 271177.704: tcs3701: start power rail timer, state:3
11-25 15:58:45.564  1011  1189 I ASH     : @ 271177.744: tcs3701: stop power rail pending_off timer
11-25 15:58:45.564  1011  1189 D ASH     : @ 271177.744: tcs3701: start power rail timer, state:3
11-25 15:58:45.586 20107 20141 I BatteryMgr:DataCollectionService: stats => 1700924325586,13427,4441,13427,4169000,100
11-25 15:58:45.605  1011  1189 I ASH     : @ 271177.784: tcs3701: stop power rail pending_off timer
11-25 15:58:45.605  1011  1189 D ASH     : @ 271177.784: tcs3701: start power rail timer, state:3
11-25 15:58:45.644  1011  1189 I ASH     : @ 271177.824: tcs3701: stop power rail pending_off timer
11-25 15:58:45.644  1011  1189 D ASH     : @ 271177.824: tcs3701: start power rail timer, state:3
11-25 15:58:45.684  1011  1189 I ASH     : @ 271177.864: tcs3701: stop power rail pending_off timer
11-25 15:58:45.684  1011  1189 D ASH     : @ 271177.864: tcs3701: start power rail timer, state:3
11-25 15:58:45.694 20107 20141 I BatteryMgr:DataCollectionService: stats => 1700924325694,13427,4441,13427,4169000,100
11-25 15:58:45.724  1011  1189 I ASH     : @ 271177.904: tcs3701: stop power rail pending_off timer
11-25 15:58:45.724  1011  1189 D ASH     : @ 271177.904: tcs3701: start power rail timer, state:3
11-25 15:58:45.764  1011  1189 I ASH     : @ 271177.944: tcs3701: stop power rail pending_off timer
11-25 15:58:45.764  1011  1189 D ASH     : @ 271177.944: tcs3701: start power rail timer, state:3
11-25 15:58:45.803 20107 20141 I BatteryMgr:DataCollectionService: stats => 1700924325803,13427,4441,13427,4169000,100
11-25 15:58:45.804  1011  1189 I ASH     : @ 271177.984: tcs3701: stop power rail pending_off timer
11-25 15:58:45.804  1011  1189 D ASH     : @ 271177.984: tcs3701: start power rail timer, state:3
11-25 15:58:45.844  1011  1189 I ASH     : @ 271178.024: tcs3701: stop power rail pending_off timer
11-25 15:58:45.844  1011  1189 D ASH     : @ 271178.024: tcs3701: start power rail timer, state:3
11-25 15:58:45.884  1011  1189 I ASH     : @ 271178.064: tcs3701: stop power rail pending_off timer
11-25 15:58:45.884  1011  1189 D ASH     : @ 271178.065: tcs3701: start power rail timer, state:3
11-25 15:58:45.911 20107 20141 I BatteryMgr:DataCollectionService: stats => 1700924325911,13427,4441,13427,4169000,100
11-25 15:58:45.924  1011  1189 I ASH     : @ 271178.104: tcs3701: stop power rail pending_off timer
11-25 15:58:45.924  1011  1189 D ASH     : @ 271178.104: tcs3701: start power rail timer, state:3
11-25 15:58:45.939  1795  3745 D ActivityManager: freezer override set to true
11-25 15:58:45.944  1795  3745 D ActivityManager: freezer override set to false
11-25 15:58:45.964  1795  3745 D ActivityManager: freezer override set to true
11-25 15:58:45.964  1011  1189 I ASH     : @ 271178.144: tcs3701: stop power rail pending_off timer
11-25 15:58:45.964  1011  1189 D ASH     : @ 271178.144: tcs3701: start power rail timer, state:3
11-25 15:58:46.005  1011  1189 I ASH     : @ 271178.184: tcs3701: stop power rail pending_off timer
11-25 15:58:46.005  1011  1189 D ASH     : @ 271178.184: tcs3701: start power rail timer, state:3
11-25 15:58:46.018 20107 20141 I BatteryMgr:DataCollectionService: stats => 1700924326018,13427,4441,13427,4169000,100
11-25 15:58:46.036  2113  2118 I pixel-thermal: skin-therm-monitor: 39.109
11-25 15:58:46.044  1011  1189 I ASH     : @ 271178.224: tcs3701: stop power rail pending_off timer
11-25 15:58:46.045  1011  1189 D ASH     : @ 271178.224: tcs3701: start power rail timer, state:3
11-25 15:58:46.060 29118 29133 I m.chrome.canary: Explicit concurrent copying GC freed 4040(241KB) AllocSpace objects, 5(100KB) LOS objects, 75% free, 13MB/54MB, paused 102us,25us total 53.483ms
11-25 15:58:46.084  1011  1189 I ASH     : @ 271178.264: tcs3701: stop power rail pending_off timer
11-25 15:58:46.084  1011  1189 D ASH     : @ 271178.264: tcs3701: start power rail timer, state:3
11-25 15:58:46.124  1011  1189 I ASH     : @ 271178.304: tcs3701: stop power rail pending_off timer
11-25 15:58:46.124  1011  1189 D ASH     : @ 271178.304: tcs3701: start power rail timer, state:3
11-25 15:58:46.125 20107 20141 I BatteryMgr:DataCollectionService: stats => 1700924326125,13427,4441,13427,4169000,100
11-25 15:58:46.126  1795  3745 D ActivityManager: freezer override set to false
11-25 15:58:46.164  1011  1189 I ASH     : @ 271178.344: tcs3701: stop power rail pending_off timer
11-25 15:58:46.164  1011  1189 D ASH     : @ 271178.344: tcs3701: start power rail timer, state:3
11-25 15:58:46.173  1795  3745 D ActivityManager: freezer override set to true
11-25 15:58:46.176  1795  3745 D ActivityManager: freezer override set to false
11-25 15:58:46.204  1011  1189 I ASH     : @ 271178.384: tcs3701: stop power rail pending_off timer
11-25 15:58:46.204  1011  1189 D ASH     : @ 271178.384: tcs3701: start power rail timer, state:3
11-25 15:58:46.228  1795  2855 D ActivityManager: freezer override set to true
11-25 15:58:46.231 20107 20141 I BatteryMgr:DataCollectionService: stats => 1700924326231,13427,4441,13427,4169000,100
11-25 15:58:46.232  1795  2855 D ActivityManager: freezer override set to false
11-25 15:58:46.244  1011  1189 I ASH     : @ 271178.424: tcs3701: stop power rail pending_off timer
11-25 15:58:46.244  1011  1189 D ASH     : @ 271178.424: tcs3701: start power rail timer, state:3
11-25 15:58:46.284  1011  1189 I ASH     : @ 271178.464: tcs3701: stop power rail pending_off timer
11-25 15:58:46.284  1011  1189 D ASH     : @ 271178.464: tcs3701: start power rail timer, state:3
11-25 15:58:46.324  1011  1189 I ASH     : @ 271178.504: tcs3701: stop power rail pending_off timer
11-25 15:58:46.324  1011  1189 D ASH     : @ 271178.504: tcs3701: start power rail timer, state:3
11-25 15:58:46.339 20107 20141 I BatteryMgr:DataCollectionService: stats => 1700924326339,13427,4441,13427,4169000,100
11-25 15:58:46.364  1011  1189 I ASH     : @ 271178.544: tcs3701: stop power rail pending_off timer
11-25 15:58:46.365  1011  1189 D ASH     : @ 271178.544: tcs3701: start power rail timer, state:3
11-25 15:58:46.404  1011  1189 I ASH     : @ 271178.584: tcs3701: stop power rail pending_off timer
11-25 15:58:46.404  1011  1189 D ASH     : @ 271178.584: tcs3701: start power rail timer, state:3
11-25 15:58:46.444  1011  1189 I ASH     : @ 271178.624: tcs3701: stop power rail pending_off timer
11-25 15:58:46.444  1011  1189 D ASH     : @ 271178.624: tcs3701: start power rail timer, state:3
11-25 15:58:46.448 20107 20141 I BatteryMgr:DataCollectionService: stats => 1700924326448,13427,4441,13427,4169000,100
11-25 15:58:46.485  1011  1189 I ASH     : @ 271178.664: tcs3701: stop power rail pending_off timer
11-25 15:58:46.485  1011  1189 D ASH     : @ 271178.664: tcs3701: start power rail timer, state:3
11-25 15:58:46.524  1011  1189 I ASH     : @ 271178.705: tcs3701: stop power rail pending_off timer
11-25 15:58:46.524  1011  1189 D ASH     : @ 271178.705: tcs3701: start power rail timer, state:3
11-25 15:58:46.554 20107 20141 I BatteryMgr:DataCollectionService: stats => 1700924326554,13427,4441,13427,4169000,100
11-25 15:58:46.565  1011  1189 I ASH     : @ 271178.744: tcs3701: stop power rail pending_off timer
11-25 15:58:46.565  1011  1189 D ASH     : @ 271178.744: tcs3701: start power rail timer, state:3
11-25 15:58:46.604  1011  1189 I ASH     : @ 271178.784: tcs3701: stop power rail pending_off timer
11-25 15:58:46.604  1011  1189 D ASH     : @ 271178.784: tcs3701: start power rail timer, state:3
11-25 15:58:46.644  1011  1189 I ASH     : @ 271178.824: tcs3701: stop power rail pending_off timer
11-25 15:58:46.644  1011  1189 D ASH     : @ 271178.824: tcs3701: start power rail timer, state:3
11-25 15:58:46.662 20107 20141 I BatteryMgr:DataCollectionService: stats => 1700924326661,13427,4441,13427,4169000,100
11-25 15:58:46.685  1011  1189 I ASH     : @ 271178.864: tcs3701: stop power rail pending_off timer
11-25 15:58:46.685  1011  1189 D ASH     : @ 271178.864: tcs3701: start power rail timer, state:3
11-25 15:58:46.725  1011  1189 I ASH     : @ 271178.904: tcs3701: stop power rail pending_off timer
11-25 15:58:46.725  1011  1189 D ASH     : @ 271178.904: tcs3701: start power rail timer, state:3
11-25 15:58:46.764  1011  1189 I ASH     : @ 271178.944: tcs3701: stop power rail pending_off timer
11-25 15:58:46.764  1011  1189 D ASH     : @ 271178.944: tcs3701: start power rail timer, state:3
11-25 15:58:46.770 20107 20141 I BatteryMgr:DataCollectionService: stats => 1700924326770,13427,4441,13427,4169000,100
11-25 15:58:46.804  1011  1189 I ASH     : @ 271178.984: tcs3701: stop power rail pending_off timer
11-25 15:58:46.804  1011  1189 D ASH     : @ 271178.984: tcs3701: start power rail timer, state:3
11-25 15:58:46.844  1011  1189 I ASH     : @ 271179.024: tcs3701: stop power rail pending_off timer
11-25 15:58:46.844  1011  1189 D ASH     : @ 271179.024: tcs3701: start power rail timer, state:3
11-25 15:58:46.878  1795  2424 D WifiNetworkSelector: Current connected network: 12
11-25 15:58:46.878  1795  2424 V WifiConnectivityManager: No partial scan because firmware roaming is supported.
11-25 15:58:46.878  1795  2424 V WifiConnectivityManager: schedulePeriodicScanTimer intervalMs 20000
11-25 15:58:46.879 20107 20141 I BatteryMgr:DataCollectionService: stats => 1700924326878,13427,4441,13427,4169000,100
11-25 15:58:46.884  1011  1189 I ASH     : @ 271179.064: tcs3701: stop power rail pending_off timer
11-25 15:58:46.884  1011  1189 D ASH     : @ 271179.064: tcs3701: start power rail timer, state:3
11-25 15:58:46.924  1011  1189 I ASH     : @ 271179.104: tcs3701: stop power rail pending_off timer
11-25 15:58:46.924  1011  1189 D ASH     : @ 271179.104: tcs3701: start power rail timer, state:3
11-25 15:58:46.933  1795  2855 D ActivityManager: freezer override set to true
11-25 15:58:46.938  1795  2855 D ActivityManager: freezer override set to false
11-25 15:58:46.964  1011  1189 I ASH     : @ 271179.144: tcs3701: stop power rail pending_off timer
11-25 15:58:46.964  1011  1189 D ASH     : @ 271179.144: tcs3701: start power rail timer, state:3
11-25 15:58:46.985 20107 20141 I BatteryMgr:DataCollectionService: stats => 1700924326985,13427,4441,13427,4169000,100
11-25 15:58:47.004  1011  1189 I ASH     : @ 271179.184: tcs3701: stop power rail pending_off timer
11-25 15:58:47.004  1011  1189 D ASH     : @ 271179.184: tcs3701: start power rail timer, state:3
11-25 15:58:47.045  1011  1189 I ASH     : @ 271179.224: tcs3701: stop power rail pending_off timer
11-25 15:58:47.045  1011  1189 D ASH     : @ 271179.224: tcs3701: start power rail timer, state:3
11-25 15:58:47.084  1011  1189 I ASH     : @ 271179.264: tcs3701: stop power rail pending_off timer
11-25 15:58:47.084  1011  1189 D ASH     : @ 271179.264: tcs3701: start power rail timer, state:3
11-25 15:58:47.093 20107 20141 I BatteryMgr:DataCollectionService: stats => 1700924327092,13427,4441,13427,4169000,100
11-25 15:58:47.124  1011  1189 I ASH     : @ 271179.304: tcs3701: stop power rail pending_off timer
11-25 15:58:47.124  1011  1189 D ASH     : @ 271179.304: tcs3701: start power rail timer, state:3
11-25 15:58:47.164  1011  1189 I ASH     : @ 271179.344: tcs3701: stop power rail pending_off timer
11-25 15:58:47.164  1011  1189 D ASH     : @ 271179.344: tcs3701: start power rail timer, state:3
11-25 15:58:47.199 20107 20141 I BatteryMgr:DataCollectionService: stats => 1700924327199,13427,4441,13427,4169000,100
11-25 15:58:47.204  1011  1189 I ASH     : @ 271179.384: tcs3701: stop power rail pending_off timer
11-25 15:58:47.204  1011  1189 D ASH     : @ 271179.384: tcs3701: start power rail timer, state:3
11-25 15:58:47.244  1011  1189 I ASH     : @ 271179.424: tcs3701: stop power rail pending_off timer
11-25 15:58:47.244  1011  1189 D ASH     : @ 271179.424: tcs3701: start power rail timer, state:3
11-25 15:58:47.284  1011  1189 I ASH     : @ 271179.464: tcs3701: stop power rail pending_off timer
11-25 15:58:47.284  1011  1189 D ASH     : @ 271179.464: tcs3701: start power rail timer, state:3
11-25 15:58:47.293  1795  2424 D WifiClientModeImpl[13802:wlan0]: updateLinkLayerStatsRssiSpeedFrequencyCapabilities rssi=-45 TxLinkspeed=400 freq=5240 RxLinkSpeed=6
11-25 15:58:47.293  1795  2424 D WifiDataStall: tx tput in kbps: 271125
11-25 15:58:47.294  1795  2424 D WifiDataStall: rx tput in kbps: 815257
11-25 15:58:47.294  1795  2424 V WifiConfigManager: Updating scan detail cache freq=5240 BSSID=f4:6d:2f:12:cc:88 RSSI=-45 for "ourhome"WPA_PSK
11-25 15:58:47.295  2673  2739 V WifiManager: OnWifiUsabilityStatsListener: onWifiUsabilityStats: seqNum=68969
11-25 15:58:47.295  1795  2424 D WifiChannelUtilization:  freq: 5240 onTime: 7789824 busyTime: 726164 onTimeDiff: 199129 busyTimeDiff: 12191 utilization: 15 utilization t0: 23
11-25 15:58:47.295  1795  2424 D WifiDataStall:  ccaLevel = 15
11-25 15:58:47.295  1795  2424 D WifiDataStall: L2 txTputKbps: 357734, rxTputKbps: 815257, L3 txTputKbps: 0, rxTputKbps: 0, TxTrafficHigh: false, RxTrafficHigh: false, Throughput Sufficient: true
11-25 15:58:47.295  1795  2855 I WifiService: updateWifiUsabilityScore uid=10180 seqNum=68969 score=100 predictionHorizonSec=1441795
11-25 15:58:47.295  1795  2424 D WifiScoreReport: Wifi scoring disabled - Don't check IP layer
11-25 15:58:47.295  1795  2424 D WifiScoreCard: BSSID update SIGNAL_POLL ID: 1320464697 SSID: "ourhome", BSSID: f4:6d:2f:12:cc:88, MAC: b2:2f:ec:da:4a:0c, IP: /192.168.1.104, Security type: 2, Supplicant state: COMPLETED, Wi-Fi standard: 5, RSSI: -45, Link speed: 400Mbps, Tx Link speed: 400Mbps, Max Supported Tx Link speed: 866Mbps, Rx Link speed: 6Mbps, Max Supported Rx Link speed: 866Mbps, Frequency: 5240MHz, Net ID: 12, Metered hint: false, score: 60, isUsable: true, CarrierMerged: false, SubscriptionId: -1, IsPrimary: 1, Trusted: true, Restricted: false, Ephemeral: false, OEM paid: false, OEM private: false, OSU AP: false, FQDN: <none>, Provider friendly name: <none>, Requesting package name: <none>"ourhome"wpa2-pskMLO Information: , Is TID-To-Link negotiation supported by the AP: false, AP MLD Address: <none>, AP MLO Link Id: <none>, AP MLO Affiliated links: <none>
11-25 15:58:47.295  1795  2424 D WifiScoreCard: txRate: 1 txSpeed: 400
11-25 15:58:47.296  1795  2424 D WifiScoreCard: network update SIGNAL_POLL "ourhome" ID: 1499892569 RSSI -45 txSpeed -1
11-25 15:58:47.296  2513  4457 V WifiManager: TrafficStateCallbackProxy: onStateChanged state=1
11-25 15:58:47.296  1795  2424 D WifiClientModeImpl[13802:wlan0]:  ClientModeImpl$L2ConnectedState screen=on 33 0 "ourhome" f4:6d:2f:12:cc:88 rssi=-45 f=5240 sc=60 link=400 tx=0.6, 0.1, 0.0 rx=0.6 bcn=2622038 [on:55 tx:1 rx:1 period:3013] from screen [on:213425 period:3240802] score=60
11-25 15:58:47.297  1795  2424 D WifiScoreReport: Wifi scoring disabled - Notify that Wifi is usable
11-25 15:58:47.301  1795  2432 D ConnectivityService: NetReassign [no changes] [c 1] [a 0] [i 3]
11-25 15:58:47.308 20107 20141 I BatteryMgr:DataCollectionService: stats => 1700924327308,13427,4441,13427,4169000,100
11-25 15:58:47.324  1011  1189 I ASH     : @ 271179.504: tcs3701: stop power rail pending_off timer
11-25 15:58:47.324  1011  1189 D ASH     : @ 271179.504: tcs3701: start power rail timer, state:3
11-25 15:58:47.364  1011  1189 I ASH     : @ 271179.544: tcs3701: stop power rail pending_off timer
11-25 15:58:47.364  1011  1189 D ASH     : @ 271179.544: tcs3701: start power rail timer, state:3
11-25 15:58:47.401  1795  2855 D ActivityManager: freezer override set to true
11-25 15:58:47.404  1011  1189 I ASH     : @ 271179.584: tcs3701: stop power rail pending_off timer
11-25 15:58:47.404  1011  1189 D ASH     : @ 271179.584: tcs3701: start power rail timer, state:3
11-25 15:58:47.415 20107 20141 I BatteryMgr:DataCollectionService: stats => 1700924327415,13427,4441,13427,4169000,100
11-25 15:58:47.444  1011  1189 I ASH     : @ 271179.624: tcs3701: stop power rail pending_off timer
11-25 15:58:47.444  1011  1189 D ASH     : @ 271179.624: tcs3701: start power rail timer, state:3
11-25 15:58:47.484  1011  1189 I ASH     : @ 271179.664: tcs3701: stop power rail pending_off timer
11-25 15:58:47.484  1011  1189 D ASH     : @ 271179.664: tcs3701: start power rail timer, state:3
11-25 15:58:47.501 29118 29133 I m.chrome.canary: Explicit concurrent copying GC freed 3753(176KB) AllocSpace objects, 4(80KB) LOS objects, 75% free, 13MB/54MB, paused 90us,23us total 56.076ms
11-25 15:58:47.524  1011  1189 I ASH     : @ 271179.704: tcs3701: stop power rail pending_off timer
11-25 15:58:47.524  1011  1189 D ASH     : @ 271179.704: tcs3701: start power rail timer, state:3
11-25 15:58:47.526 20107 20141 I BatteryMgr:DataCollectionService: stats => 1700924327526,13427,4441,13427,4169000,100
11-25 15:58:47.564  1011  1189 I ASH     : @ 271179.744: tcs3701: stop power rail pending_off timer
11-25 15:58:47.564  1011  1189 D ASH     : @ 271179.744: tcs3701: start power rail timer, state:3
11-25 15:58:47.564  1795  2855 D ActivityManager: freezer override set to false
11-25 15:58:47.604  1011  1189 I ASH     : @ 271179.784: tcs3701: stop power rail pending_off timer
11-25 15:58:47.604  1011  1189 D ASH     : @ 271179.784: tcs3701: start power rail timer, state:3
11-25 15:58:47.613  1795  2855 D ActivityManager: freezer override set to true
11-25 15:58:47.616  1795  2855 D ActivityManager: freezer override set to false
11-25 15:58:47.634 20107 20141 I BatteryMgr:DataCollectionService: stats => 1700924327634,13427,4441,13427,4169000,100
11-25 15:58:47.644  1011  1189 I ASH     : @ 271179.824: tcs3701: stop power rail pending_off timer
11-25 15:58:47.644  1011  1189 D ASH     : @ 271179.824: tcs3701: start power rail timer, state:3
11-25 15:58:47.650  1795  2855 D ActivityManager: freezer override set to true
11-25 15:58:47.653  1795  2855 D ActivityManager: freezer override set to false
11-25 15:58:47.684  1011  1189 I ASH     : @ 271179.864: tcs3701: stop power rail pending_off timer
11-25 15:58:47.685  1011  1189 D ASH     : @ 271179.864: tcs3701: start power rail timer, state:3
11-25 15:58:47.724  1011  1189 I ASH     : @ 271179.904: tcs3701: stop power rail pending_off timer
11-25 15:58:47.724  1011  1189 D ASH     : @ 271179.904: tcs3701: start power rail timer, state:3
11-25 15:58:47.741 20107 20141 I BatteryMgr:DataCollectionService: stats => 1700924327741,13427,4441,13427,4169000,100
11-25 15:58:47.764  1011  1189 I ASH     : @ 271179.944: tcs3701: stop power rail pending_off timer
11-25 15:58:47.764  1011  1189 D ASH     : @ 271179.944: tcs3701: start power rail timer, state:3
11-25 15:58:47.804  1011  1189 I ASH     : @ 271179.984: tcs3701: stop power rail pending_off timer
11-25 15:58:47.804  1011  1189 D ASH     : @ 271179.984: tcs3701: start power rail timer, state:3
11-25 15:58:47.844  1011  1189 I ASH     : @ 271180.024: tcs3701: stop power rail pending_off timer
11-25 15:58:47.844  1011  1189 D ASH     : @ 271180.024: tcs3701: start power rail timer, state:3
11-25 15:58:47.849 20107 20141 I BatteryMgr:DataCollectionService: stats => 1700924327849,13427,4441,13427,4169000,100
11-25 15:58:47.884  1011  1189 I ASH     : @ 271180.064: tcs3701: stop power rail pending_off timer
11-25 15:58:47.884  1011  1189 D ASH     : @ 271180.064: tcs3701: start power rail timer, state:3
11-25 15:58:47.924  1011  1189 I ASH     : @ 271180.104: tcs3701: stop power rail pending_off timer
11-25 15:58:47.924  1011  1189 D ASH     : @ 271180.104: tcs3701: start power rail timer, state:3
11-25 15:58:47.948  1795  2855 D ActivityManager: freezer override set to true
11-25 15:58:47.953  1795  2855 D ActivityManager: freezer override set to false
11-25 15:58:47.956 20107 20141 I BatteryMgr:DataCollectionService: stats => 1700924327955,13427,4441,13427,4169000,100
11-25 15:58:47.964  1011  1189 I ASH     : @ 271180.144: tcs3701: stop power rail pending_off timer
11-25 15:58:47.964  1011  1189 D ASH     : @ 271180.144: tcs3701: start power rail timer, state:3
11-25 15:58:48.004  1011  1189 I ASH     : @ 271180.184: tcs3701: stop power rail pending_off timer
11-25 15:58:48.004  1011  1189 D ASH     : @ 271180.184: tcs3701: start power rail timer, state:3
11-25 15:58:48.039  2113  2118 I pixel-thermal: skin-therm-monitor: 39.126
11-25 15:58:48.044  1011  1189 I ASH     : @ 271180.224: tcs3701: stop power rail pending_off timer
11-25 15:58:48.044  1011  1189 D ASH     : @ 271180.224: tcs3701: start power rail timer, state:3
11-25 15:58:48.063 20107 20141 I BatteryMgr:DataCollectionService: stats => 1700924328063,13427,4441,13427,4169000,100
11-25 15:58:48.084  1011  1189 I ASH     : @ 271180.264: tcs3701: stop power rail pending_off timer
11-25 15:58:48.084  1011  1189 D ASH     : @ 271180.264: tcs3701: start power rail timer, state:3
11-25 15:58:48.124  1011  1189 I ASH     : @ 271180.304: tcs3701: stop power rail pending_off timer
11-25 15:58:48.124  1011  1189 D ASH     : @ 271180.304: tcs3701: start power rail timer, state:3
11-25 15:58:48.165  1011  1189 I ASH     : @ 271180.344: tcs3701: stop power rail pending_off timer
11-25 15:58:48.165  1011  1189 D ASH     : @ 271180.344: tcs3701: start power rail timer, state:3
11-25 15:58:48.171 20107 20141 I BatteryMgr:DataCollectionService: stats => 1700924328171,13427,4441,13427,4169000,100
11-25 15:58:48.204  1011  1189 I ASH     : @ 271180.384: tcs3701: stop power rail pending_off timer
11-25 15:58:48.204  1011  1189 D ASH     : @ 271180.384: tcs3701: start power rail timer, state:3
11-25 15:58:48.244  1011  1189 I ASH     : @ 271180.424: tcs3701: stop power rail pending_off timer
11-25 15:58:48.244  1011  1189 D ASH     : @ 271180.424: tcs3701: start power rail timer, state:3
11-25 15:58:48.279 20107 20141 I BatteryMgr:DataCollectionService: stats => 1700924328279,13427,4441,13427,4169000,100
11-25 15:58:48.284  1011  1189 I ASH     : @ 271180.464: tcs3701: stop power rail pending_off timer
11-25 15:58:48.284  1011  1189 D ASH     : @ 271180.464: tcs3701: start power rail timer, state:3
11-25 15:58:48.324  1011  1189 I ASH     : @ 271180.504: tcs3701: stop power rail pending_off timer
11-25 15:58:48.325  1011  1189 D ASH     : @ 271180.504: tcs3701: start power rail timer, state:3
11-25 15:58:48.364  1011  1189 I ASH     : @ 271180.544: tcs3701: stop power rail pending_off timer
11-25 15:58:48.364  1011  1189 D ASH     : @ 271180.544: tcs3701: start power rail timer, state:3
11-25 15:58:48.387 20107 20141 I BatteryMgr:DataCollectionService: stats => 1700924328387,13427,4441,13427,4169000,100
11-25 15:58:48.404  1011  1189 I ASH     : @ 271180.584: tcs3701: stop power rail pending_off timer
11-25 15:58:48.404  1011  1189 D ASH     : @ 271180.584: tcs3701: start power rail timer, state:3
11-25 15:58:48.444  1011  1189 I ASH     : @ 271180.624: tcs3701: stop power rail pending_off timer
11-25 15:58:48.444  1011  1189 D ASH     : @ 271180.624: tcs3701: start power rail timer, state:3
11-25 15:58:48.484  1011  1189 I ASH     : @ 271180.665: tcs3701: stop power rail pending_off timer
11-25 15:58:48.485  1011  1189 D ASH     : @ 271180.665: tcs3701: start power rail timer, state:3
11-25 15:58:48.493 20107 20141 I BatteryMgr:DataCollectionService: stats => 1700924328493,13427,4441,13427,4169000,100
11-25 15:58:48.524  1011  1189 I ASH     : @ 271180.704: tcs3701: stop power rail pending_off timer
11-25 15:58:48.524  1011  1189 D ASH     : @ 271180.704: tcs3701: start power rail timer, state:3
11-25 15:58:48.564  1011  1189 I ASH     : @ 271180.744: tcs3701: stop power rail pending_off timer
11-25 15:58:48.564  1011  1189 D ASH     : @ 271180.744: tcs3701: start power rail timer, state:3
11-25 15:58:48.601 20107 20141 I BatteryMgr:DataCollectionService: stats => 1700924328601,13427,4441,13427,4169000,100
11-25 15:58:48.604  1011  1189 I ASH     : @ 271180.784: tcs3701: stop power rail pending_off timer
11-25 15:58:48.604  1011  1189 D ASH     : @ 271180.784: tcs3701: start power rail timer, state:3
11-25 15:58:48.644  1011  1189 I ASH     : @ 271180.824: tcs3701: stop power rail pending_off timer
11-25 15:58:48.645  1011  1189 D ASH     : @ 271180.824: tcs3701: start power rail timer, state:3
11-25 15:58:48.684  1011  1189 I ASH     : @ 271180.864: tcs3701: stop power rail pending_off timer
11-25 15:58:48.685  1011  1189 D ASH     : @ 271180.864: tcs3701: start power rail timer, state:3
11-25 15:58:48.709 20107 20141 I BatteryMgr:DataCollectionService: stats => 1700924328709,13427,4441,13427,4169000,100
11-25 15:58:48.724  1011  1189 I ASH     : @ 271180.904: tcs3701: stop power rail pending_off timer
11-25 15:58:48.724  1011  1189 D ASH     : @ 271180.904: tcs3701: start power rail timer, state:3
11-25 15:58:48.764  1011  1189 I ASH     : @ 271180.944: tcs3701: stop power rail pending_off timer
11-25 15:58:48.764  1011  1189 D ASH     : @ 271180.944: tcs3701: start power rail timer, state:3
11-25 15:58:48.804  1011  1189 I ASH     : @ 271180.984: tcs3701: stop power rail pending_off timer
11-25 15:58:48.804  1011  1189 D ASH     : @ 271180.984: tcs3701: start power rail timer, state:3
11-25 15:58:48.819 20107 20141 I BatteryMgr:DataCollectionService: stats => 1700924328819,13427,4441,13427,4169000,100
11-25 15:58:48.824  1795  3745 D ActivityManager: freezer override set to true
