11-25 15:50:57.964  1011  1189 D ASH     : @ 270710.144: tcs3701: start power rail timer, state:3
11-25 15:50:57.980  1795  4169 D ActivityManager: freezer override set to true
11-25 15:50:58.004  1011  1189 I ASH     : @ 270710.184: tcs3701: stop power rail pending_off timer
11-25 15:50:58.004  1011  1189 D ASH     : @ 270710.184: tcs3701: start power rail timer, state:3
11-25 15:50:58.044  1011  1189 I ASH     : @ 270710.224: tcs3701: stop power rail pending_off timer
11-25 15:50:58.044  1011  1189 D ASH     : @ 270710.224: tcs3701: start power rail timer, state:3
11-25 15:50:58.069 20107 20141 I BatteryMgr:DataCollectionService: stats => 1700923858068,7019,4441,13427,4169000,100
11-25 15:50:58.084  1011  1189 I ASH     : @ 270710.264: tcs3701: stop power rail pending_off timer
11-25 15:50:58.084  1011  1189 D ASH     : @ 270710.264: tcs3701: start power rail timer, state:3
11-25 15:50:58.090 16439 16453 I m.chrome.canary: Explicit concurrent copying GC freed 3836(192KB) AllocSpace objects, 4(80KB) LOS objects, 75% free, 13MB/53MB, paused 94us,29us total 53.508ms
11-25 15:50:58.125  1011  1189 I ASH     : @ 270710.304: tcs3701: stop power rail pending_off timer
11-25 15:50:58.125  1011  1189 D ASH     : @ 270710.304: tcs3701: start power rail timer, state:3
11-25 15:50:58.149  1795  4169 D ActivityManager: freezer override set to false
11-25 15:50:58.164  1011  1189 I ASH     : @ 270710.344: tcs3701: stop power rail pending_off timer
11-25 15:50:58.164  1011  1189 D ASH     : @ 270710.344: tcs3701: start power rail timer, state:3
11-25 15:50:58.178 20107 20141 I BatteryMgr:DataCollectionService: stats => 1700923858178,7019,4441,13427,4169000,100
11-25 15:50:58.199  1795  4169 D ActivityManager: freezer override set to true
11-25 15:50:58.202  1795  4169 D ActivityManager: freezer override set to false
11-25 15:50:58.204  1011  1189 I ASH     : @ 270710.384: tcs3701: stop power rail pending_off timer
11-25 15:50:58.204  1011  1189 D ASH     : @ 270710.384: tcs3701: start power rail timer, state:3
11-25 15:50:58.240  1795  4169 D ActivityManager: freezer override set to true
11-25 15:50:58.243  1795  4169 D ActivityManager: freezer override set to false
11-25 15:50:58.244  1011  1189 I ASH     : @ 270710.424: tcs3701: stop power rail pending_off timer
11-25 15:50:58.244  1011  1189 D ASH     : @ 270710.424: tcs3701: start power rail timer, state:3
11-25 15:50:58.283 20107 20141 I BatteryMgr:DataCollectionService: stats => 1700923858283,7019,4441,13427,4169000,100
11-25 15:50:58.284  1011  1189 I ASH     : @ 270710.464: tcs3701: stop power rail pending_off timer
11-25 15:50:58.284  1011  1189 D ASH     : @ 270710.464: tcs3701: start power rail timer, state:3
11-25 15:50:58.324  1011  1189 I ASH     : @ 270710.504: tcs3701: stop power rail pending_off timer
11-25 15:50:58.324  1011  1189 D ASH     : @ 270710.504: tcs3701: start power rail timer, state:3
11-25 15:50:58.364  1011  1189 I ASH     : @ 270710.544: tcs3701: stop power rail pending_off timer
11-25 15:50:58.364  1011  1189 D ASH     : @ 270710.544: tcs3701: start power rail timer, state:3
11-25 15:50:58.388 20107 20141 I BatteryMgr:DataCollectionService: stats => 1700923858388,7019,4441,13427,4169000,100
11-25 15:50:58.404  1011  1189 I ASH     : @ 270710.584: tcs3701: stop power rail pending_off timer
11-25 15:50:58.404  1011  1189 D ASH     : @ 270710.584: tcs3701: start power rail timer, state:3
11-25 15:50:58.444  1011  1189 I ASH     : @ 270710.624: tcs3701: stop power rail pending_off timer
11-25 15:50:58.445  1011  1189 D ASH     : @ 270710.625: tcs3701: start power rail timer, state:3
11-25 15:50:58.479  1795  4169 D ActivityManager: freezer override set to true
11-25 15:50:58.483  1795  4169 D ActivityManager: freezer override set to false
11-25 15:50:58.487  1011  1189 I ASH     : @ 270710.664: tcs3701: stop power rail pending_off timer
11-25 15:50:58.487  1011  1189 D ASH     : @ 270710.664: tcs3701: start power rail timer, state:3
11-25 15:50:58.495 20107 20141 I BatteryMgr:DataCollectionService: stats => 1700923858495,7019,4441,13427,4169000,100
11-25 15:50:58.524  1011  1189 I ASH     : @ 270710.704: tcs3701: stop power rail pending_off timer
11-25 15:50:58.525  1011  1189 D ASH     : @ 270710.705: tcs3701: start power rail timer, state:3
11-25 15:50:58.564  1011  1189 I ASH     : @ 270710.744: tcs3701: stop power rail pending_off timer
11-25 15:50:58.564  1011  1189 D ASH     : @ 270710.744: tcs3701: start power rail timer, state:3
11-25 15:50:58.601 20107 20141 I BatteryMgr:DataCollectionService: stats => 1700923858601,7019,4441,13427,4169000,100
11-25 15:50:58.604  1011  1189 I ASH     : @ 270710.784: tcs3701: stop power rail pending_off timer
11-25 15:50:58.604  1011  1189 D ASH     : @ 270710.785: tcs3701: start power rail timer, state:3
11-25 15:50:58.644  1011  1189 I ASH     : @ 270710.824: tcs3701: stop power rail pending_off timer
11-25 15:50:58.644  1011  1189 D ASH     : @ 270710.824: tcs3701: start power rail timer, state:3
11-25 15:50:58.684  1011  1189 I ASH     : @ 270710.864: tcs3701: stop power rail pending_off timer
11-25 15:50:58.684  1011  1189 D ASH     : @ 270710.864: tcs3701: start power rail timer, state:3
11-25 15:50:58.709 20107 20141 I BatteryMgr:DataCollectionService: stats => 1700923858709,7019,4441,13427,4169000,100
11-25 15:50:58.724  1011  1189 I ASH     : @ 270710.904: tcs3701: stop power rail pending_off timer
11-25 15:50:58.724  1011  1189 D ASH     : @ 270710.904: tcs3701: start power rail timer, state:3
11-25 15:50:58.764  1011  1189 I ASH     : @ 270710.944: tcs3701: stop power rail pending_off timer
11-25 15:50:58.764  1011  1189 D ASH     : @ 270710.944: tcs3701: start power rail timer, state:3
11-25 15:50:58.804  1011  1189 I ASH     : @ 270710.984: tcs3701: stop power rail pending_off timer
11-25 15:50:58.804  1011  1189 D ASH     : @ 270710.984: tcs3701: start power rail timer, state:3
11-25 15:50:58.814 20107 20141 I BatteryMgr:DataCollectionService: stats => 1700923858814,7019,4441,13427,4169000,100
11-25 15:50:58.845  1011  1189 I ASH     : @ 270711.024: tcs3701: stop power rail pending_off timer
11-25 15:50:58.845  1011  1189 D ASH     : @ 270711.024: tcs3701: start power rail timer, state:3
11-25 15:50:58.884  1011  1189 I ASH     : @ 270711.064: tcs3701: stop power rail pending_off timer
11-25 15:50:58.884  1011  1189 D ASH     : @ 270711.064: tcs3701: start power rail timer, state:3
11-25 15:50:58.920 20107 20141 I BatteryMgr:DataCollectionService: stats => 1700923858920,7019,4441,13427,4169000,100
11-25 15:50:58.924  1011  1189 I ASH     : @ 270711.104: tcs3701: stop power rail pending_off timer
11-25 15:50:58.924  1011  1189 D ASH     : @ 270711.104: tcs3701: start power rail timer, state:3
11-25 15:50:58.964  1011  1189 I ASH     : @ 270711.144: tcs3701: stop power rail pending_off timer
11-25 15:50:58.964  1011  1189 D ASH     : @ 270711.144: tcs3701: start power rail timer, state:3
11-25 15:50:59.005  1011  1189 I ASH     : @ 270711.184: tcs3701: stop power rail pending_off timer
11-25 15:50:59.005  1011  1189 D ASH     : @ 270711.184: tcs3701: start power rail timer, state:3
11-25 15:50:59.026 20107 20141 I BatteryMgr:DataCollectionService: stats => 1700923859026,7019,4441,13427,4169000,100
11-25 15:50:59.044  1011  1189 I ASH     : @ 270711.224: tcs3701: stop power rail pending_off timer
11-25 15:50:59.044  1011  1189 D ASH     : @ 270711.224: tcs3701: start power rail timer, state:3
11-25 15:50:59.084  1011  1189 I ASH     : @ 270711.264: tcs3701: stop power rail pending_off timer
11-25 15:50:59.084  1011  1189 D ASH     : @ 270711.264: tcs3701: start power rail timer, state:3
11-25 15:50:59.124  1011  1189 I ASH     : @ 270711.304: tcs3701: stop power rail pending_off timer
11-25 15:50:59.124  1011  1189 D ASH     : @ 270711.304: tcs3701: start power rail timer, state:3
11-25 15:50:59.132 20107 20141 I BatteryMgr:DataCollectionService: stats => 1700923859132,7019,4441,13427,4169000,100
11-25 15:50:59.164  1011  1189 I ASH     : @ 270711.344: tcs3701: stop power rail pending_off timer
11-25 15:50:59.164  1011  1189 D ASH     : @ 270711.344: tcs3701: start power rail timer, state:3
11-25 15:50:59.204  1011  1189 I ASH     : @ 270711.384: tcs3701: stop power rail pending_off timer
11-25 15:50:59.204  1011  1189 D ASH     : @ 270711.384: tcs3701: start power rail timer, state:3
11-25 15:50:59.237 20107 20141 I BatteryMgr:DataCollectionService: stats => 1700923859237,7019,4441,13427,4169000,100
11-25 15:50:59.244  1011  1189 I ASH     : @ 270711.424: tcs3701: stop power rail pending_off timer
11-25 15:50:59.244  1011  1189 D ASH     : @ 270711.424: tcs3701: start power rail timer, state:3
11-25 15:50:59.284  1011  1189 I ASH     : @ 270711.464: tcs3701: stop power rail pending_off timer
11-25 15:50:59.284  1011  1189 D ASH     : @ 270711.464: tcs3701: start power rail timer, state:3
11-25 15:50:59.324  1011  1189 I ASH     : @ 270711.504: tcs3701: stop power rail pending_off timer
11-25 15:50:59.324  1011  1189 D ASH     : @ 270711.504: tcs3701: start power rail timer, state:3
11-25 15:50:59.343 20107 20141 I BatteryMgr:DataCollectionService: stats => 1700923859343,7019,4441,13427,4169000,100
11-25 15:50:59.364  1011  1189 I ASH     : @ 270711.544: tcs3701: stop power rail pending_off timer
11-25 15:50:59.364  1011  1189 D ASH     : @ 270711.544: tcs3701: start power rail timer, state:3
11-25 15:50:59.370  2113  2118 I pixel-thermal: skin-therm-monitor: 36.77
11-25 15:50:59.404  1011  1189 I ASH     : @ 270711.584: tcs3701: stop power rail pending_off timer
11-25 15:50:59.404  1011  1189 D ASH     : @ 270711.584: tcs3701: start power rail timer, state:3
11-25 15:50:59.406  1795  4169 D ActivityManager: freezer override set to true
11-25 15:50:59.444  1011  1189 I ASH     : @ 270711.624: tcs3701: stop power rail pending_off timer
11-25 15:50:59.444  1011  1189 D ASH     : @ 270711.624: tcs3701: start power rail timer, state:3
11-25 15:50:59.449 20107 20141 I BatteryMgr:DataCollectionService: stats => 1700923859449,7019,4441,13427,4169000,100
11-25 15:50:59.484  1011  1189 I ASH     : @ 270711.664: tcs3701: stop power rail pending_off timer
11-25 15:50:59.484  1011  1189 D ASH     : @ 270711.664: tcs3701: start power rail timer, state:3
11-25 15:50:59.524  1011  1189 I ASH     : @ 270711.704: tcs3701: stop power rail pending_off timer
11-25 15:50:59.524  1011  1189 D ASH     : @ 270711.704: tcs3701: start power rail timer, state:3
11-25 15:50:59.556 20107 20141 I BatteryMgr:DataCollectionService: stats => 1700923859556,7019,4441,13427,4169000,100
11-25 15:50:59.564  1011  1189 I ASH     : @ 270711.744: tcs3701: stop power rail pending_off timer
11-25 15:50:59.564  1011  1189 D ASH     : @ 270711.744: tcs3701: start power rail timer, state:3
11-25 15:50:59.570 16439 16453 I m.chrome.canary: Explicit concurrent copying GC freed 3821(192KB) AllocSpace objects, 4(80KB) LOS objects, 75% free, 13MB/53MB, paused 90us,23us total 107.565ms
11-25 15:50:59.604  1011  1189 I ASH     : @ 270711.784: tcs3701: stop power rail pending_off timer
11-25 15:50:59.604  1011  1189 D ASH     : @ 270711.784: tcs3701: start power rail timer, state:3
11-25 15:50:59.637  1795  3784 D ActivityManager: freezer override set to false
11-25 15:50:59.644  1011  1189 I ASH     : @ 270711.824: tcs3701: stop power rail pending_off timer
11-25 15:50:59.644  1011  1189 D ASH     : @ 270711.824: tcs3701: start power rail timer, state:3
11-25 15:50:59.664 20107 20141 I BatteryMgr:DataCollectionService: stats => 1700923859664,7019,4441,13427,4169000,100
11-25 15:50:59.684  1011  1189 I ASH     : @ 270711.864: tcs3701: stop power rail pending_off timer
11-25 15:50:59.684  1011  1189 D ASH     : @ 270711.864: tcs3701: start power rail timer, state:3
11-25 15:50:59.685  1795  3784 D ActivityManager: freezer override set to true
11-25 15:50:59.687  1795  3784 D ActivityManager: freezer override set to false
11-25 15:50:59.724  1795  3784 D ActivityManager: freezer override set to true
11-25 15:50:59.724  1011  1189 I ASH     : @ 270711.904: tcs3701: stop power rail pending_off timer
11-25 15:50:59.724  1011  1189 D ASH     : @ 270711.904: tcs3701: start power rail timer, state:3
11-25 15:50:59.727  1795  3784 D ActivityManager: freezer override set to false
11-25 15:50:59.765  1011  1189 I ASH     : @ 270711.944: tcs3701: stop power rail pending_off timer
11-25 15:50:59.765  1011  1189 D ASH     : @ 270711.944: tcs3701: start power rail timer, state:3
11-25 15:50:59.770 20107 20141 I BatteryMgr:DataCollectionService: stats => 1700923859770,7019,4441,13427,4169000,100
11-25 15:50:59.804  1011  1189 I ASH     : @ 270711.984: tcs3701: stop power rail pending_off timer
11-25 15:50:59.804  1011  1189 D ASH     : @ 270711.984: tcs3701: start power rail timer, state:3
11-25 15:50:59.844  1011  1189 I ASH     : @ 270712.024: tcs3701: stop power rail pending_off timer
11-25 15:50:59.844  1011  1189 D ASH     : @ 270712.024: tcs3701: start power rail timer, state:3
11-25 15:50:59.864  1795  2424 D WifiClientModeImpl[13802:wlan0]: updateLinkLayerStatsRssiSpeedFrequencyCapabilities rssi=-43 TxLinkspeed=866 freq=5240 RxLinkSpeed=866
11-25 15:50:59.866  1795  2424 D WifiDataStall: tx tput in kbps: 808492
11-25 15:50:59.866  1795  2424 D WifiDataStall: rx tput in kbps: 808492
11-25 15:50:59.866  1795  2424 V WifiConfigManager: Updating scan detail cache freq=5240 BSSID=f4:6d:2f:12:cc:88 RSSI=-43 for "ourhome"WPA_PSK
11-25 15:50:59.866  1795  2424 D WifiChannelUtilization:  freq: 5240 onTime: 7753161 busyTime: 724975 onTimeDiff: 162466 busyTimeDiff: 11002 utilization: 17 utilization t0: 23
11-25 15:50:59.866  1795  2424 D WifiDataStall:  ccaLevel = 17
11-25 15:50:59.866  1795  2424 D WifiDataStall: L2 txTputKbps: 808492, rxTputKbps: 808492, L3 txTputKbps: 114, rxTputKbps: 23, TxTrafficHigh: true, RxTrafficHigh: true, Throughput Sufficient: true
11-25 15:50:59.866  2782  5906 D QCNEJ/WlanStaInfoRelay: Received action: android.net.wifi.RSSI_CHANGED
11-25 15:50:59.866  2673  2691 V WifiManager: OnWifiUsabilityStatsListener: onWifiUsabilityStats: seqNum=68814
11-25 15:50:59.866  1795  2424 D WifiScoreReport: Wifi scoring disabled - Don't check IP layer
11-25 15:50:59.867  1795  2424 D WifiScoreCard: BSSID update SIGNAL_POLL ID: 1320464697 SSID: "ourhome", BSSID: f4:6d:2f:12:cc:88, MAC: b2:2f:ec:da:4a:0c, IP: /192.168.1.104, Security type: 2, Supplicant state: COMPLETED, Wi-Fi standard: 5, RSSI: -43, Link speed: 866Mbps, Tx Link speed: 866Mbps, Max Supported Tx Link speed: 866Mbps, Rx Link speed: 866Mbps, Max Supported Rx Link speed: 866Mbps, Frequency: 5240MHz, Net ID: 12, Metered hint: false, score: 60, isUsable: true, CarrierMerged: false, SubscriptionId: -1, IsPrimary: 1, Trusted: true, Restricted: false, Ephemeral: false, OEM paid: false, OEM private: false, OSU AP: false, FQDN: <none>, Provider friendly name: <none>, Requesting package name: <none>"ourhome"wpa2-pskMLO Information: , Is TID-To-Link negotiation supported by the AP: false, AP MLD Address: <none>, AP MLO Link Id: <none>, AP MLO Affiliated links: <none>
11-25 15:50:59.867  1795  2424 D WifiScoreCard: txRate: 7 txSpeed: 866
11-25 15:50:59.867  1795  2424 D WifiScoreCard: network update SIGNAL_POLL "ourhome" ID: 1499892569 RSSI -43 txSpeed 866
11-25 15:50:59.867  1795  2424 D WifiClientModeImpl[13802:wlan0]:  ClientModeImpl$L2ConnectedState screen=on 33 0 "ourhome" f4:6d:2f:12:cc:88 rssi=-43 f=5240 sc=60 link=866 tx=6.6, 0.0, 0.0 rx=5.8 bcn=2617478 [on:131 tx:2 rx:2 period:3014] from screen [on:176762 period:2773373] score=60
11-25 15:50:59.867  1795  3784 I WifiService: updateWifiUsabilityScore uid=10180 seqNum=68814 score=100 predictionHorizonSec=1441795
11-25 15:50:59.868  1795  2424 D WifiScoreReport: Wifi scoring disabled - Notify that Wifi is usable
11-25 15:50:59.870  1795  2432 D ConnectivityService: NetReassign [no changes] [c 0] [a 0] [i 2]
11-25 15:50:59.876 20107 20141 I BatteryMgr:DataCollectionService: stats => 1700923859876,7019,4441,13427,4169000,100
11-25 15:50:59.884  1011  1189 I ASH     : @ 270712.064: tcs3701: stop power rail pending_off timer
11-25 15:50:59.884  1011  1189 D ASH     : @ 270712.064: tcs3701: start power rail timer, state:3
11-25 15:50:59.924  1011  1189 I ASH     : @ 270712.104: tcs3701: stop power rail pending_off timer
11-25 15:50:59.924  1011  1189 D ASH     : @ 270712.104: tcs3701: start power rail timer, state:3
11-25 15:50:59.964  1011  1189 I ASH     : @ 270712.144: tcs3701: stop power rail pending_off timer
11-25 15:50:59.964  1011  1189 D ASH     : @ 270712.144: tcs3701: start power rail timer, state:3
11-25 15:50:59.982 20107 20141 I BatteryMgr:DataCollectionService: stats => 1700923859981,7019,4441,13427,4169000,100
11-25 15:51:00.004  1011  1189 I ASH     : @ 270712.184: tcs3701: stop power rail pending_off timer
11-25 15:51:00.004  1011  1189 D ASH     : @ 270712.184: tcs3701: start power rail timer, state:3
11-25 15:51:00.006  3579  3877 I AiAiEcho: (REDACTED) Predicting[%d]: %s
11-25 15:51:00.007  3579  3877 I AiAiEcho: (REDACTED) EchoTargets: %s
11-25 15:51:00.007  3579  3877 I AiAiEcho: Filtered by AiAi flag check: %s
11-25 15:51:00.007  3579  3877 I AiAiEcho: (REDACTED) Ranked targets strategy: %s, count: %d, ranking metadata: %s
11-25 15:51:00.008  3579  3877 I AiAiEcho: (REDACTED) #weatherTwiddler: Weather removes SubtitleSupplementalItem in surface: %s
11-25 15:51:00.008  3579  3877 I AiAiEcho: (REDACTED) Predicting[%d]: %s
11-25 15:51:00.009  3579  3877 I AiAiEcho: (REDACTED) EchoTargets: %s
11-25 15:51:00.009  3579  3877 I AiAiEcho: Filtered by AiAi flag check: %s
11-25 15:51:00.009  3579  3877 I AiAiEcho: (REDACTED) Ranked targets strategy: %s, count: %d, ranking metadata: %s
11-25 15:51:00.010  3579  3877 I AiAiEcho: (REDACTED) #weatherTwiddler: Weather removes SubtitleSupplementalItem in surface: %s
11-25 15:51:00.013  3579  3877 I AiAiEcho: (REDACTED) #postPredictionTargets: Sending updates to UISurface %s with targets# %s (types=[%s])
11-25 15:51:00.016  3579  3877 I AiAiEcho: (REDACTED) #postPredictionTargets: Sending updates to UISurface %s with targets# %s (types=[%s])
11-25 15:51:00.017  2940  2940 D SsBaseTemplateCard: No text view can be set up
11-25 15:51:00.018  2940  2940 D SsBaseTemplateCard: Passed-in item info is null
11-25 15:51:00.018  2940  2940 D SsBaseTemplateCard: Passed-in item info is null
11-25 15:51:00.018  2940  2940 I SsBaseTemplateCard: Secondary card pane is null
11-25 15:51:00.019  2513  2513 D SsBaseTemplateCard: No text view can be set up
11-25 15:51:00.019  2513  2513 D SsBaseTemplateCard: Passed-in item info is null
11-25 15:51:00.019  2513  2513 D SsBaseTemplateCard: Passed-in item info is null
11-25 15:51:00.019  2513  2513 I SsBaseTemplateCard: Secondary card pane is null
11-25 15:51:00.044  1011  1189 I ASH     : @ 270712.224: tcs3701: stop power rail pending_off timer
11-25 15:51:00.044  1011  1189 D ASH     : @ 270712.224: tcs3701: start power rail timer, state:3
11-25 15:51:00.084  1011  1189 I ASH     : @ 270712.264: tcs3701: stop power rail pending_off timer
11-25 15:51:00.084  1011  1189 D ASH     : @ 270712.264: tcs3701: start power rail timer, state:3
11-25 15:51:00.089 20107 20141 I BatteryMgr:DataCollectionService: stats => 1700923860088,7019,4441,13427,4169000,100
11-25 15:51:00.124  1011  1189 I ASH     : @ 270712.304: tcs3701: stop power rail pending_off timer
11-25 15:51:00.124  1011  1189 D ASH     : @ 270712.304: tcs3701: start power rail timer, state:3
11-25 15:51:00.164  1011  1189 I ASH     : @ 270712.344: tcs3701: stop power rail pending_off timer
11-25 15:51:00.164  1011  1189 D ASH     : @ 270712.344: tcs3701: start power rail timer, state:3
11-25 15:51:00.197 20107 20141 I BatteryMgr:DataCollectionService: stats => 1700923860197,7019,4441,13427,4169000,100
11-25 15:51:00.204  1011  1189 I ASH     : @ 270712.384: tcs3701: stop power rail pending_off timer
11-25 15:51:00.204  1011  1189 D ASH     : @ 270712.384: tcs3701: start power rail timer, state:3
11-25 15:51:00.245  1011  1189 I ASH     : @ 270712.424: tcs3701: stop power rail pending_off timer
11-25 15:51:00.245  1011  1189 D ASH     : @ 270712.424: tcs3701: start power rail timer, state:3
11-25 15:51:00.285  1011  1189 I ASH     : @ 270712.464: tcs3701: stop power rail pending_off timer
11-25 15:51:00.285  1011  1189 D ASH     : @ 270712.464: tcs3701: start power rail timer, state:3
11-25 15:51:00.304 20107 20141 I BatteryMgr:DataCollectionService: stats => 1700923860304,7019,4441,13427,4169000,100
11-25 15:51:00.324  1011  1189 I ASH     : @ 270712.505: tcs3701: stop power rail pending_off timer
11-25 15:51:00.324  1011  1189 D ASH     : @ 270712.505: tcs3701: start power rail timer, state:3
11-25 15:51:00.364  1011  1189 I ASH     : @ 270712.544: tcs3701: stop power rail pending_off timer
11-25 15:51:00.364  1011  1189 D ASH     : @ 270712.544: tcs3701: start power rail timer, state:3
11-25 15:51:00.404  1011  1189 I ASH     : @ 270712.584: tcs3701: stop power rail pending_off timer
11-25 15:51:00.405  1011  1189 D ASH     : @ 270712.584: tcs3701: start power rail timer, state:3
11-25 15:51:00.410 20107 20141 I BatteryMgr:DataCollectionService: stats => 1700923860410,12207,4441,13427,4169000,100
11-25 15:51:00.444  1011  1189 I ASH     : @ 270712.624: tcs3701: stop power rail pending_off timer
11-25 15:51:00.444  1011  1189 D ASH     : @ 270712.624: tcs3701: start power rail timer, state:3
11-25 15:51:00.474  1795  3784 D ActivityManager: freezer override set to true
11-25 15:51:00.478  1795  3784 D ActivityManager: freezer override set to false
11-25 15:51:00.485  1011  1189 I ASH     : @ 270712.664: tcs3701: stop power rail pending_off timer
11-25 15:51:00.485  1011  1189 D ASH     : @ 270712.664: tcs3701: start power rail timer, state:3
11-25 15:51:00.516 20107 20141 I BatteryMgr:DataCollectionService: stats => 1700923860516,12207,4441,13427,4169000,100
11-25 15:51:00.524  1011  1189 I ASH     : @ 270712.704: tcs3701: stop power rail pending_off timer
11-25 15:51:00.524  1011  1189 D ASH     : @ 270712.704: tcs3701: start power rail timer, state:3
11-25 15:51:00.564  1011  1189 I ASH     : @ 270712.744: tcs3701: stop power rail pending_off timer
11-25 15:51:00.564  1011  1189 D ASH     : @ 270712.744: tcs3701: start power rail timer, state:3
11-25 15:51:00.604  1011  1189 I ASH     : @ 270712.784: tcs3701: stop power rail pending_off timer
11-25 15:51:00.604  1011  1189 D ASH     : @ 270712.784: tcs3701: start power rail timer, state:3
11-25 15:51:00.623 20107 20141 I BatteryMgr:DataCollectionService: stats => 1700923860622,12207,4441,13427,4169000,100
11-25 15:51:00.644  1011  1189 I ASH     : @ 270712.824: tcs3701: stop power rail pending_off timer
11-25 15:51:00.644  1011  1189 D ASH     : @ 270712.824: tcs3701: start power rail timer, state:3
11-25 15:51:00.684  1011  1189 I ASH     : @ 270712.864: tcs3701: stop power rail pending_off timer
11-25 15:51:00.685  1011  1189 D ASH     : @ 270712.864: tcs3701: start power rail timer, state:3
11-25 15:51:00.724  1011  1189 I ASH     : @ 270712.904: tcs3701: stop power rail pending_off timer
11-25 15:51:00.724  1011  1189 D ASH     : @ 270712.904: tcs3701: start power rail timer, state:3
11-25 15:51:00.729 20107 20141 I BatteryMgr:DataCollectionService: stats => 1700923860729,12207,4441,13427,4169000,100
11-25 15:51:00.764  1011  1189 I ASH     : @ 270712.944: tcs3701: stop power rail pending_off timer
11-25 15:51:00.764  1011  1189 D ASH     : @ 270712.944: tcs3701: start power rail timer, state:3
11-25 15:51:00.804  1011  1189 I ASH     : @ 270712.984: tcs3701: stop power rail pending_off timer
11-25 15:51:00.804  1011  1189 D ASH     : @ 270712.984: tcs3701: start power rail timer, state:3
11-25 15:51:00.838 20107 20141 I BatteryMgr:DataCollectionService: stats => 1700923860837,12207,4441,13427,4169000,100
11-25 15:51:00.844  1011  1189 I ASH     : @ 270713.024: tcs3701: stop power rail pending_off timer
11-25 15:51:00.844  1011  1189 D ASH     : @ 270713.024: tcs3701: start power rail timer, state:3
11-25 15:51:00.884  1011  1189 I ASH     : @ 270713.064: tcs3701: stop power rail pending_off timer
11-25 15:51:00.884  1011  1189 D ASH     : @ 270713.064: tcs3701: start power rail timer, state:3
11-25 15:51:00.887  1795  3784 D ActivityManager: freezer override set to true
11-25 15:51:00.924  1011  1189 I ASH     : @ 270713.104: tcs3701: stop power rail pending_off timer
11-25 15:51:00.924  1011  1189 D ASH     : @ 270713.104: tcs3701: start power rail timer, state:3
11-25 15:51:00.943 20107 20141 I BatteryMgr:DataCollectionService: stats => 1700923860943,12207,4441,13427,4169000,100
11-25 15:51:00.964  1011  1189 I ASH     : @ 270713.144: tcs3701: stop power rail pending_off timer
11-25 15:51:00.964  1011  1189 D ASH     : @ 270713.144: tcs3701: start power rail timer, state:3
11-25 15:51:00.980 16439 16453 I m.chrome.canary: Explicit concurrent copying GC freed 4050(207KB) AllocSpace objects, 5(100KB) LOS objects, 75% free, 13MB/53MB, paused 42us,25us total 54.237ms
11-25 15:51:01.004  1011  1189 I ASH     : @ 270713.184: tcs3701: stop power rail pending_off timer
11-25 15:51:01.004  1011  1189 D ASH     : @ 270713.184: tcs3701: start power rail timer, state:3
11-25 15:51:01.044  1011  1189 I ASH     : @ 270713.224: tcs3701: stop power rail pending_off timer
11-25 15:51:01.044  1011  1189 D ASH     : @ 270713.224: tcs3701: start power rail timer, state:3
11-25 15:51:01.045  1795  3784 D ActivityManager: freezer override set to false
11-25 15:51:01.051 20107 20141 I BatteryMgr:DataCollectionService: stats => 1700923861051,12207,4441,13427,4169000,100
11-25 15:51:01.084  1011  1189 I ASH     : @ 270713.264: tcs3701: stop power rail pending_off timer
11-25 15:51:01.084  1011  1189 D ASH     : @ 270713.264: tcs3701: start power rail timer, state:3
11-25 15:51:01.093  1795  3784 D ActivityManager: freezer override set to true
11-25 15:51:01.096  1795  3784 D ActivityManager: freezer override set to false
11-25 15:51:01.124  1011  1189 I ASH     : @ 270713.304: tcs3701: stop power rail pending_off timer
11-25 15:51:01.124  1011  1189 D ASH     : @ 270713.304: tcs3701: start power rail timer, state:3
11-25 15:51:01.140  1795  3784 D ActivityManager: freezer override set to true
11-25 15:51:01.142  1795  3784 D ActivityManager: freezer override set to false
11-25 15:51:01.156 20107 20141 I BatteryMgr:DataCollectionService: stats => 1700923861156,12207,4441,13427,4169000,100
11-25 15:51:01.164  1011  1189 I ASH     : @ 270713.344: tcs3701: stop power rail pending_off timer
11-25 15:51:01.164  1011  1189 D ASH     : @ 270713.344: tcs3701: start power rail timer, state:3
11-25 15:51:01.204  1011  1189 I ASH     : @ 270713.384: tcs3701: stop power rail pending_off timer
11-25 15:51:01.204  1011  1189 D ASH     : @ 270713.384: tcs3701: start power rail timer, state:3
11-25 15:51:01.244  1011  1189 I ASH     : @ 270713.424: tcs3701: stop power rail pending_off timer
11-25 15:51:01.244  1011  1189 D ASH     : @ 270713.424: tcs3701: start power rail timer, state:3
11-25 15:51:01.262 20107 20141 I BatteryMgr:DataCollectionService: stats => 1700923861262,12207,4441,13427,4169000,100
11-25 15:51:01.284  1011  1189 I ASH     : @ 270713.464: tcs3701: stop power rail pending_off timer
11-25 15:51:01.284  1011  1189 D ASH     : @ 270713.464: tcs3701: start power rail timer, state:3
11-25 15:51:01.324  1011  1189 I ASH     : @ 270713.504: tcs3701: stop power rail pending_off timer
11-25 15:51:01.324  1011  1189 D ASH     : @ 270713.504: tcs3701: start power rail timer, state:3
11-25 15:51:01.364  1011  1189 I ASH     : @ 270713.544: tcs3701: stop power rail pending_off timer
11-25 15:51:01.364  1011  1189 D ASH     : @ 270713.544: tcs3701: start power rail timer, state:3
11-25 15:51:01.369 20107 20141 I BatteryMgr:DataCollectionService: stats => 1700923861369,12207,4441,13427,4169000,100
11-25 15:51:01.373  2113  2118 I pixel-thermal: skin-therm-monitor: 36.821
11-25 15:51:01.404  1011  1189 I ASH     : @ 270713.584: tcs3701: stop power rail pending_off timer
11-25 15:51:01.404  1011  1189 D ASH     : @ 270713.584: tcs3701: start power rail timer, state:3
11-25 15:51:01.444  1011  1189 I ASH     : @ 270713.624: tcs3701: stop power rail pending_off timer
11-25 15:51:01.444  1011  1189 D ASH     : @ 270713.624: tcs3701: start power rail timer, state:3
11-25 15:51:01.476  1795  4169 D ActivityManager: freezer override set to true
11-25 15:51:01.476 20107 20141 I BatteryMgr:DataCollectionService: stats => 1700923861476,12207,4441,13427,4169000,100
11-25 15:51:01.481  1795  4169 D ActivityManager: freezer override set to false
11-25 15:51:01.484  1011  1189 I ASH     : @ 270713.664: tcs3701: stop power rail pending_off timer
11-25 15:51:01.484  1011  1189 D ASH     : @ 270713.664: tcs3701: start power rail timer, state:3
11-25 15:51:01.524  1011  1189 I ASH     : @ 270713.704: tcs3701: stop power rail pending_off timer
11-25 15:51:01.524  1011  1189 D ASH     : @ 270713.704: tcs3701: start power rail timer, state:3
11-25 15:51:01.565  1011  1189 I ASH     : @ 270713.744: tcs3701: stop power rail pending_off timer
11-25 15:51:01.565  1011  1189 D ASH     : @ 270713.744: tcs3701: start power rail timer, state:3
11-25 15:51:01.583 20107 20141 I BatteryMgr:DataCollectionService: stats => 1700923861583,12207,4441,13427,4169000,100
11-25 15:51:01.604  1011  1189 I ASH     : @ 270713.784: tcs3701: stop power rail pending_off timer
11-25 15:51:01.604  1011  1189 D ASH     : @ 270713.784: tcs3701: start power rail timer, state:3
11-25 15:51:01.644  1011  1189 I ASH     : @ 270713.824: tcs3701: stop power rail pending_off timer
11-25 15:51:01.644  1011  1189 D ASH     : @ 270713.824: tcs3701: start power rail timer, state:3
11-25 15:51:01.684  1011  1189 I ASH     : @ 270713.864: tcs3701: stop power rail pending_off timer
11-25 15:51:01.684  1011  1189 D ASH     : @ 270713.864: tcs3701: start power rail timer, state:3
11-25 15:51:01.689 20107 20141 I BatteryMgr:DataCollectionService: stats => 1700923861689,12207,4441,13427,4169000,100
11-25 15:51:01.724  1011  1189 I ASH     : @ 270713.904: tcs3701: stop power rail pending_off timer
11-25 15:51:01.724  1011  1189 D ASH     : @ 270713.904: tcs3701: start power rail timer, state:3
11-25 15:51:01.764  1011  1189 I ASH     : @ 270713.944: tcs3701: stop power rail pending_off timer
11-25 15:51:01.764  1011  1189 D ASH     : @ 270713.944: tcs3701: start power rail timer, state:3
11-25 15:51:01.795 20107 20141 I BatteryMgr:DataCollectionService: stats => 1700923861795,12207,4441,13427,4169000,100
11-25 15:51:01.804  1011  1189 I ASH     : @ 270713.984: tcs3701: stop power rail pending_off timer
11-25 15:51:01.804  1011  1189 D ASH     : @ 270713.984: tcs3701: start power rail timer, state:3
11-25 15:51:01.844  1011  1189 I ASH     : @ 270714.024: tcs3701: stop power rail pending_off timer
11-25 15:51:01.844  1011  1189 D ASH     : @ 270714.024: tcs3701: start power rail timer, state:3
11-25 15:51:01.884  1011  1189 I ASH     : @ 270714.064: tcs3701: stop power rail pending_off timer
11-25 15:51:01.884  1011  1189 D ASH     : @ 270714.064: tcs3701: start power rail timer, state:3
11-25 15:51:01.900 20107 20141 I BatteryMgr:DataCollectionService: stats => 1700923861900,12207,4441,13427,4169000,100
11-25 15:51:01.924  1011  1189 I ASH     : @ 270714.104: tcs3701: stop power rail pending_off timer
11-25 15:51:01.924  1011  1189 D ASH     : @ 270714.104: tcs3701: start power rail timer, state:3
11-25 15:51:01.964  1011  1189 I ASH     : @ 270714.144: tcs3701: stop power rail pending_off timer
11-25 15:51:01.964  1011  1189 D ASH     : @ 270714.144: tcs3701: start power rail timer, state:3
11-25 15:51:02.004  1011  1189 I ASH     : @ 270714.184: tcs3701: stop power rail pending_off timer
11-25 15:51:02.004  1011  1189 D ASH     : @ 270714.184: tcs3701: start power rail timer, state:3
11-25 15:51:02.007 20107 20141 I BatteryMgr:DataCollectionService: stats => 1700923862007,12207,4441,13427,4169000,100
11-25 15:51:02.044  1011  1189 I ASH     : @ 270714.224: tcs3701: stop power rail pending_off timer
11-25 15:51:02.044  1011  1189 D ASH     : @ 270714.224: tcs3701: start power rail timer, state:3
11-25 15:51:02.084  1011  1189 I ASH     : @ 270714.264: tcs3701: stop power rail pending_off timer
11-25 15:51:02.084  1011  1189 D ASH     : @ 270714.264: tcs3701: start power rail timer, state:3
11-25 15:51:02.113 20107 20141 I BatteryMgr:DataCollectionService: stats => 1700923862113,12207,4441,13427,4169000,100
11-25 15:51:02.124  1011  1189 I ASH     : @ 270714.304: tcs3701: stop power rail pending_off timer
11-25 15:51:02.124  1011  1189 D ASH     : @ 270714.305: tcs3701: start power rail timer, state:3
11-25 15:51:02.164  1011  1189 I ASH     : @ 270714.344: tcs3701: stop power rail pending_off timer
11-25 15:51:02.164  1011  1189 D ASH     : @ 270714.344: tcs3701: start power rail timer, state:3
11-25 15:51:02.204  1011  1189 I ASH     : @ 270714.385: tcs3701: stop power rail pending_off timer
11-25 15:51:02.204  1011  1189 D ASH     : @ 270714.385: tcs3701: start power rail timer, state:3
11-25 15:51:02.219 20107 20141 I BatteryMgr:DataCollectionService: stats => 1700923862219,12207,4441,13427,4169000,100
11-25 15:51:02.244  1011  1189 I ASH     : @ 270714.424: tcs3701: stop power rail pending_off timer
11-25 15:51:02.244  1011  1189 D ASH     : @ 270714.424: tcs3701: start power rail timer, state:3
11-25 15:51:02.284  1011  1189 I ASH     : @ 270714.464: tcs3701: stop power rail pending_off timer
11-25 15:51:02.284  1011  1189 D ASH     : @ 270714.464: tcs3701: start power rail timer, state:3
11-25 15:51:02.292  1795  4169 D ActivityManager: freezer override set to true
11-25 15:51:02.324  1011  1189 I ASH     : @ 270714.504: tcs3701: stop power rail pending_off timer
11-25 15:51:02.324  1011  1189 D ASH     : @ 270714.504: tcs3701: start power rail timer, state:3
11-25 15:51:02.326 20107 20141 I BatteryMgr:DataCollectionService: stats => 1700923862326,12207,4441,13427,4169000,100
11-25 15:51:02.364  1011  1189 I ASH     : @ 270714.544: tcs3701: stop power rail pending_off timer
11-25 15:51:02.364  1011  1189 D ASH     : @ 270714.544: tcs3701: start power rail timer, state:3
11-25 15:51:02.392 16439 16453 I m.chrome.canary: Explicit concurrent copying GC freed 3837(192KB) AllocSpace objects, 4(80KB) LOS objects, 75% free, 13MB/53MB, paused 29us,24us total 56.264ms
11-25 15:51:02.404  1011  1189 I ASH     : @ 270714.584: tcs3701: stop power rail pending_off timer
11-25 15:51:02.404  1011  1189 D ASH     : @ 270714.584: tcs3701: start power rail timer, state:3
11-25 15:51:02.435 20107 20141 I BatteryMgr:DataCollectionService: stats => 1700923862435,12207,4441,13427,4169000,100
11-25 15:51:02.444  1011  1189 I ASH     : @ 270714.624: tcs3701: stop power rail pending_off timer
11-25 15:51:02.444  1011  1189 D ASH     : @ 270714.624: tcs3701: start power rail timer, state:3
11-25 15:51:02.461  1795  4169 D ActivityManager: freezer override set to false
11-25 15:51:02.484  1011  1189 I ASH     : @ 270714.664: tcs3701: stop power rail pending_off timer
11-25 15:51:02.484  1011  1189 D ASH     : @ 270714.664: tcs3701: start power rail timer, state:3
11-25 15:51:02.487  1795  4169 D ActivityManager: freezer override set to true
11-25 15:51:02.493  1795  4169 D ActivityManager: freezer override set to false
11-25 15:51:02.506  1795  4169 D ActivityManager: freezer override set to true
11-25 15:51:02.509  1795  4169 D ActivityManager: freezer override set to false
11-25 15:51:02.524  1011  1189 I ASH     : @ 270714.704: tcs3701: stop power rail pending_off timer
11-25 15:51:02.524  1011  1189 D ASH     : @ 270714.704: tcs3701: start power rail timer, state:3
11-25 15:51:02.543 20107 20141 I BatteryMgr:DataCollectionService: stats => 1700923862543,12207,4441,13427,4169000,100
11-25 15:51:02.543  1795  4169 D ActivityManager: freezer override set to true
11-25 15:51:02.547  1795  4169 D ActivityManager: freezer override set to false
11-25 15:51:02.564  1011  1189 I ASH     : @ 270714.744: tcs3701: stop power rail pending_off timer
11-25 15:51:02.564  1011  1189 D ASH     : @ 270714.744: tcs3701: start power rail timer, state:3
11-25 15:51:02.604  1011  1189 I ASH     : @ 270714.784: tcs3701: stop power rail pending_off timer
11-25 15:51:02.604  1011  1189 D ASH     : @ 270714.784: tcs3701: start power rail timer, state:3
11-25 15:51:02.645  1011  1189 I ASH     : @ 270714.824: tcs3701: stop power rail pending_off timer
11-25 15:51:02.645  1011  1189 D ASH     : @ 270714.824: tcs3701: start power rail timer, state:3
11-25 15:51:02.649 20107 20141 I BatteryMgr:DataCollectionService: stats => 1700923862649,12207,4441,13427,4169000,100
11-25 15:51:02.684  1011  1189 I ASH     : @ 270714.864: tcs3701: stop power rail pending_off timer
11-25 15:51:02.684  1011  1189 D ASH     : @ 270714.864: tcs3701: start power rail timer, state:3
11-25 15:51:02.724  1011  1189 I ASH     : @ 270714.904: tcs3701: stop power rail pending_off timer
11-25 15:51:02.724  1011  1189 D ASH     : @ 270714.904: tcs3701: start power rail timer, state:3
11-25 15:51:02.755 20107 20141 I BatteryMgr:DataCollectionService: stats => 1700923862755,12207,4441,13427,4169000,100
11-25 15:51:02.764  1011  1189 I ASH     : @ 270714.944: tcs3701: stop power rail pending_off timer
11-25 15:51:02.764  1011  1189 D ASH     : @ 270714.944: tcs3701: start power rail timer, state:3
11-25 15:51:02.804  1011  1189 I ASH     : @ 270714.984: tcs3701: stop power rail pending_off timer
11-25 15:51:02.804  1011  1189 D ASH     : @ 270714.984: tcs3701: start power rail timer, state:3
11-25 15:51:02.845  1011  1189 I ASH     : @ 270715.024: tcs3701: stop power rail pending_off timer
11-25 15:51:02.845  1011  1189 D ASH     : @ 270715.024: tcs3701: start power rail timer, state:3
11-25 15:51:02.862 20107 20141 I BatteryMgr:DataCollectionService: stats => 1700923862862,12207,4441,13427,4169000,100
11-25 15:51:02.877  1795  2424 D WifiClientModeImpl[13802:wlan0]: updateLinkLayerStatsRssiSpeedFrequencyCapabilities rssi=-43 TxLinkspeed=866 freq=5240 RxLinkSpeed=866
11-25 15:51:02.877  1795  2424 D WifiDataStall: tx tput in kbps: 808492
11-25 15:51:02.877  1795  2424 D WifiDataStall: rx tput in kbps: 808492
11-25 15:51:02.877  1795  2424 V WifiConfigManager: Updating scan detail cache freq=5240 BSSID=f4:6d:2f:12:cc:88 RSSI=-43 for "ourhome"WPA_PSK
11-25 15:51:02.877  1795  2424 D WifiChannelUtilization:  freq: 5240 onTime: 7753299 busyTime: 724978 onTimeDiff: 162604 busyTimeDiff: 11005 utilization: 17 utilization t0: 23
11-25 15:51:02.877  1795  2424 D WifiDataStall:  ccaLevel = 17
11-25 15:51:02.877  1795  2424 D WifiDataStall: L2 txTputKbps: 768067, rxTputKbps: 808492, L3 txTputKbps: 35, rxTputKbps: 2, TxTrafficHigh: false, RxTrafficHigh: false, Throughput Sufficient: true
11-25 15:51:02.877  2673  2691 V WifiManager: OnWifiUsabilityStatsListener: onWifiUsabilityStats: seqNum=68815
11-25 15:51:02.878  1795  2424 D WifiScoreReport: Wifi scoring disabled - Don't check IP layer
11-25 15:51:02.878  1795  4169 I WifiService: updateWifiUsabilityScore uid=10180 seqNum=68815 score=100 predictionHorizonSec=1441795
11-25 15:51:02.879  1795  2424 D WifiScoreCard: BSSID update SIGNAL_POLL ID: 1320464697 SSID: "ourhome", BSSID: f4:6d:2f:12:cc:88, MAC: b2:2f:ec:da:4a:0c, IP: /192.168.1.104, Security type: 2, Supplicant state: COMPLETED, Wi-Fi standard: 5, RSSI: -43, Link speed: 866Mbps, Tx Link speed: 866Mbps, Max Supported Tx Link speed: 866Mbps, Rx Link speed: 866Mbps, Max Supported Rx Link speed: 866Mbps, Frequency: 5240MHz, Net ID: 12, Metered hint: false, score: 60, isUsable: true, CarrierMerged: false, SubscriptionId: -1, IsPrimary: 1, Trusted: true, Restricted: false, Ephemeral: false, OEM paid: false, OEM private: false, OSU AP: false, FQDN: <none>, Provider friendly name: <none>, Requesting package name: <none>"ourhome"wpa2-pskMLO Information: , Is TID-To-Link negotiation supported by the AP: false, AP MLD Address: <none>, AP MLO Link Id: <none>, AP MLO Affiliated links: <none>
11-25 15:51:02.879  1795  2424 D WifiScoreCard: txRate: 4 txSpeed: 866
11-25 15:51:02.879  1795  2424 D WifiScoreCard: network update SIGNAL_POLL "ourhome" ID: 1499892569 RSSI -43 txSpeed 866
11-25 15:51:02.879  1795  2424 D WifiClientModeImpl[13802:wlan0]:  ClientModeImpl$L2ConnectedState screen=on 33 0 "ourhome" f4:6d:2f:12:cc:88 rssi=-43 f=5240 sc=60 link=866 tx=3.7, 0.0, 0.0 rx=3.1 bcn=2617507 [on:138 tx:2 rx:1 period:3012] from screen [on:176900 period:2776385] score=60
11-25 15:51:02.880  1795  2424 D WifiScoreReport: Wifi scoring disabled - Notify that Wifi is usable
11-25 15:51:02.883  1795  2432 D ConnectivityService: NetReassign [no changes] [c 1] [a 0] [i 2]
11-25 15:51:02.885  1011  1189 I ASH     : @ 270715.064: tcs3701: stop power rail pending_off timer
11-25 15:51:02.885  1011  1189 D ASH     : @ 270715.064: tcs3701: start power rail timer, state:3
11-25 15:51:02.924  1011  1189 I ASH     : @ 270715.104: tcs3701: stop power rail pending_off timer
11-25 15:51:02.924  1011  1189 D ASH     : @ 270715.104: tcs3701: start power rail timer, state:3
11-25 15:51:02.964  1011  1189 I ASH     : @ 270715.144: tcs3701: stop power rail pending_off timer
11-25 15:51:02.964  1011  1189 D ASH     : @ 270715.144: tcs3701: start power rail timer, state:3
11-25 15:51:02.968 20107 20141 I BatteryMgr:DataCollectionService: stats => 1700923862968,12207,4441,13427,4169000,100
11-25 15:51:03.004  1011  1189 I ASH     : @ 270715.184: tcs3701: stop power rail pending_off timer
11-25 15:51:03.004  1011  1189 D ASH     : @ 270715.184: tcs3701: start power rail timer, state:3
11-25 15:51:03.045  1011  1189 I ASH     : @ 270715.224: tcs3701: stop power rail pending_off timer
11-25 15:51:03.045  1011  1189 D ASH     : @ 270715.224: tcs3701: start power rail timer, state:3
11-25 15:51:03.074 20107 20141 I BatteryMgr:DataCollectionService: stats => 1700923863074,12207,4441,13427,4169000,100
11-25 15:51:03.084  1011  1189 I ASH     : @ 270715.264: tcs3701: stop power rail pending_off timer
11-25 15:51:03.085  1011  1189 D ASH     : @ 270715.264: tcs3701: start power rail timer, state:3
11-25 15:51:03.124  1011  1189 I ASH     : @ 270715.304: tcs3701: stop power rail pending_off timer
11-25 15:51:03.124  1011  1189 D ASH     : @ 270715.304: tcs3701: start power rail timer, state:3
11-25 15:51:03.164  1011  1189 I ASH     : @ 270715.344: tcs3701: stop power rail pending_off timer
11-25 15:51:03.164  1011  1189 D ASH     : @ 270715.344: tcs3701: start power rail timer, state:3
11-25 15:51:03.179 20107 20141 I BatteryMgr:DataCollectionService: stats => 1700923863179,12207,4441,13427,4169000,100
11-25 15:51:03.204  1011  1189 I ASH     : @ 270715.384: tcs3701: stop power rail pending_off timer
11-25 15:51:03.204  1011  1189 D ASH     : @ 270715.384: tcs3701: start power rail timer, state:3
11-25 15:51:03.244  1011  1189 I ASH     : @ 270715.424: tcs3701: stop power rail pending_off timer
11-25 15:51:03.244  1011  1189 D ASH     : @ 270715.424: tcs3701: start power rail timer, state:3
11-25 15:51:03.284  1011  1189 I ASH     : @ 270715.464: tcs3701: stop power rail pending_off timer
11-25 15:51:03.284  1011  1189 D ASH     : @ 270715.464: tcs3701: start power rail timer, state:3
11-25 15:51:03.284 20107 20141 I BatteryMgr:DataCollectionService: stats => 1700923863284,12207,4441,13427,4169000,100
11-25 15:51:03.324  1011  1189 I ASH     : @ 270715.504: tcs3701: stop power rail pending_off timer
11-25 15:51:03.324  1011  1189 D ASH     : @ 270715.504: tcs3701: start power rail timer, state:3
11-25 15:51:03.364  1011  1189 I ASH     : @ 270715.544: tcs3701: stop power rail pending_off timer
11-25 15:51:03.364  1011  1189 D ASH     : @ 270715.544: tcs3701: start power rail timer, state:3
11-25 15:51:03.377  2113  2118 I pixel-thermal: skin-therm-monitor: 36.879
11-25 15:51:03.390 20107 20141 I BatteryMgr:DataCollectionService: stats => 1700923863390,12207,4441,13427,4169000,100
11-25 15:51:03.404  1011  1189 I ASH     : @ 270715.584: tcs3701: stop power rail pending_off timer
11-25 15:51:03.404  1011  1189 D ASH     : @ 270715.584: tcs3701: start power rail timer, state:3
11-25 15:51:03.444  1011  1189 I ASH     : @ 270715.624: tcs3701: stop power rail pending_off timer
11-25 15:51:03.444  1011  1189 D ASH     : @ 270715.624: tcs3701: start power rail timer, state:3
11-25 15:51:03.482  1795  4169 D ActivityManager: freezer override set to true
11-25 15:51:03.486  1011  1189 I ASH     : @ 270715.664: tcs3701: stop power rail pending_off timer
11-25 15:51:03.486  1011  1189 D ASH     : @ 270715.664: tcs3701: start power rail timer, state:3
11-25 15:51:03.487  1795  4169 D ActivityManager: freezer override set to false
11-25 15:51:03.497 20107 20141 I BatteryMgr:DataCollectionService: stats => 1700923863497,12207,4441,13427,4169000,100
11-25 15:51:03.524  1011  1189 I ASH     : @ 270715.704: tcs3701: stop power rail pending_off timer
11-25 15:51:03.524  1011  1189 D ASH     : @ 270715.704: tcs3701: start power rail timer, state:3
11-25 15:51:03.564  1011  1189 I ASH     : @ 270715.744: tcs3701: stop power rail pending_off timer
11-25 15:51:03.564  1011  1189 D ASH     : @ 270715.744: tcs3701: start power rail timer, state:3
11-25 15:51:03.603 20107 20141 I BatteryMgr:DataCollectionService: stats => 1700923863603,12207,4441,13427,4169000,100
11-25 15:51:03.604  1011  1189 I ASH     : @ 270715.784: tcs3701: stop power rail pending_off timer
11-25 15:51:03.604  1011  1189 D ASH     : @ 270715.784: tcs3701: start power rail timer, state:3
11-25 15:51:03.644  1011  1189 I ASH     : @ 270715.824: tcs3701: stop power rail pending_off timer
11-25 15:51:03.644  1011  1189 D ASH     : @ 270715.824: tcs3701: start power rail timer, state:3
11-25 15:51:03.684  1011  1189 I ASH     : @ 270715.864: tcs3701: stop power rail pending_off timer
11-25 15:51:03.684  1011  1189 D ASH     : @ 270715.864: tcs3701: start power rail timer, state:3
11-25 15:51:03.693  1795  4169 D ActivityManager: freezer override set to true
11-25 15:51:03.710 20107 20141 I BatteryMgr:DataCollectionService: stats => 1700923863710,12207,4441,13427,4169000,100
11-25 15:51:03.724  1011  1189 I ASH     : @ 270715.904: tcs3701: stop power rail pending_off timer
11-25 15:51:03.724  1011  1189 D ASH     : @ 270715.904: tcs3701: start power rail timer, state:3
11-25 15:51:03.764  1011  1189 I ASH     : @ 270715.944: tcs3701: stop power rail pending_off timer
11-25 15:51:03.764  1011  1189 D ASH     : @ 270715.944: tcs3701: start power rail timer, state:3
11-25 15:51:03.804  1011  1189 I ASH     : @ 270715.984: tcs3701: stop power rail pending_off timer
11-25 15:51:03.804  1011  1189 D ASH     : @ 270715.984: tcs3701: start power rail timer, state:3
11-25 15:51:03.816 20107 20141 I BatteryMgr:DataCollectionService: stats => 1700923863816,12207,4441,13427,4169000,100
11-25 15:51:03.844  1011  1189 I ASH     : @ 270716.024: tcs3701: stop power rail pending_off timer
11-25 15:51:03.845  1011  1189 D ASH     : @ 270716.025: tcs3701: start power rail timer, state:3
11-25 15:51:03.872 16439 16453 I m.chrome.canary: Explicit concurrent copying GC freed 4052(207KB) AllocSpace objects, 5(100KB) LOS objects, 75% free, 13MB/53MB, paused 29us,24us total 52.191ms
11-25 15:51:03.884  1011  1189 I ASH     : @ 270716.064: tcs3701: stop power rail pending_off timer
11-25 15:51:03.885  1011  1189 D ASH     : @ 270716.064: tcs3701: start power rail timer, state:3
11-25 15:51:03.924  1011  1189 I ASH     : @ 270716.104: tcs3701: stop power rail pending_off timer
11-25 15:51:03.924  1011  1189 D ASH     : @ 270716.104: tcs3701: start power rail timer, state:3
11-25 15:51:03.925 20107 20141 I BatteryMgr:DataCollectionService: stats => 1700923863925,12207,4441,13427,4169000,100
11-25 15:51:03.939  1795  4169 D ActivityManager: freezer override set to false
11-25 15:51:03.964  1011  1189 I ASH     : @ 270716.144: tcs3701: stop power rail pending_off timer
11-25 15:51:03.964  1011  1189 D ASH     : @ 270716.144: tcs3701: start power rail timer, state:3
11-25 15:51:03.994  1795  4169 D ActivityManager: freezer override set to true
11-25 15:51:03.996  1795  4169 D ActivityManager: freezer override set to false
11-25 15:51:04.004  1011  1189 I ASH     : @ 270716.184: tcs3701: stop power rail pending_off timer
11-25 15:51:04.004  1011  1189 D ASH     : @ 270716.184: tcs3701: start power rail timer, state:3
11-25 15:51:04.030  1795  3784 D ActivityManager: freezer override set to true
11-25 15:51:04.033 20107 20141 I BatteryMgr:DataCollectionService: stats => 1700923864033,12207,4441,13427,4169000,100
11-25 15:51:04.034  1795  3784 D ActivityManager: freezer override set to false
11-25 15:51:04.044  1011  1189 I ASH     : @ 270716.224: tcs3701: stop power rail pending_off timer
11-25 15:51:04.044  1011  1189 D ASH     : @ 270716.224: tcs3701: start power rail timer, state:3
11-25 15:51:04.084  1011  1189 I ASH     : @ 270716.264: tcs3701: stop power rail pending_off timer
11-25 15:51:04.084  1011  1189 D ASH     : @ 270716.264: tcs3701: start power rail timer, state:3
11-25 15:51:04.124  1011  1189 I ASH     : @ 270716.304: tcs3701: stop power rail pending_off timer
11-25 15:51:04.124  1011  1189 D ASH     : @ 270716.304: tcs3701: start power rail timer, state:3
11-25 15:51:04.137 20107 20141 I BatteryMgr:DataCollectionService: stats => 1700923864137,12207,4441,13427,4169000,100
11-25 15:51:04.164  1011  1189 I ASH     : @ 270716.344: tcs3701: stop power rail pending_off timer
11-25 15:51:04.164  1011  1189 D ASH     : @ 270716.344: tcs3701: start power rail timer, state:3
11-25 15:51:04.204  1011  1189 I ASH     : @ 270716.384: tcs3701: stop power rail pending_off timer
11-25 15:51:04.204  1011  1189 D ASH     : @ 270716.384: tcs3701: start power rail timer, state:3
11-25 15:51:04.244 20107 20141 I BatteryMgr:DataCollectionService: stats => 1700923864244,12207,4441,13427,4169000,100
11-25 15:51:04.244  1011  1189 I ASH     : @ 270716.424: tcs3701: stop power rail pending_off timer
