--------- beginning of main
11-23 10:10:19.251  1011  1189 I ASH     : @ 77471.449: tcs3701: stop power rail pending_off timer
11-23 10:10:19.251  1011  1189 D ASH     : @ 77471.449: tcs3701: start power rail timer, state:3
11-23 10:10:19.292  1011  1189 I ASH     : @ 77471.489: tcs3701: stop power rail pending_off timer
11-23 10:10:19.292  1011  1189 D ASH     : @ 77471.489: tcs3701: start power rail timer, state:3
11-23 10:10:19.330  1011  1189 I ASH     : @ 77471.529: tcs3701: stop power rail pending_off timer
11-23 10:10:19.331  1011  1189 D ASH     : @ 77471.529: tcs3701: start power rail timer, state:3
11-23 10:10:19.370  1011  1189 I ASH     : @ 77471.569: tcs3701: stop power rail pending_off timer
11-23 10:10:19.370  1011  1189 D ASH     : @ 77471.569: tcs3701: start power rail timer, state:3
11-23 10:10:19.410  1011  1189 I ASH     : @ 77471.609: tcs3701: stop power rail pending_off timer
11-23 10:10:19.410  1011  1189 D ASH     : @ 77471.609: tcs3701: start power rail timer, state:3
11-23 10:10:19.423 18163 18163 D AndroidRuntime: >>>>>> START com.android.internal.os.RuntimeInit uid 2000 <<<<<<
11-23 10:10:19.427 18163 18163 I AndroidRuntime: Using default boot image
11-23 10:10:19.427 18163 18163 I AndroidRuntime: Leaving lock profiling enabled
11-23 10:10:19.430 18163 18163 I app_process: Using CollectorTypeCC GC.
11-23 10:10:19.450  1011  1189 I ASH     : @ 77471.649: tcs3701: stop power rail pending_off timer
11-23 10:10:19.450  1011  1189 D ASH     : @ 77471.649: tcs3701: start power rail timer, state:3
11-23 10:10:19.490  1011  1189 I ASH     : @ 77471.689: tcs3701: stop power rail pending_off timer
11-23 10:10:19.490  1011  1189 D ASH     : @ 77471.689: tcs3701: start power rail timer, state:3
11-23 10:10:19.520 18163 18163 D nativeloader: InitDefaultPublicLibraries for_preload=1: libandroid.so:libaaudio.so:libamidi.so:libbinder_ndk.so:libc.so:libcamera2ndk.so:libdl.so:libEGL.so:libGLESv1_CM.so:libGLESv2.so:libGLESv3.so:libicu.so:libicui18n.so:libicuuc.so:libjnigraphics.so:liblog.so:libmediandk.so:libm.so:libnativehelper.so:libnativewindow.so:libOpenMAXAL.so:libOpenSLES.so:libRS.so:libstdc++.so:libsync.so:libvulkan.so:libwebviewchromium_plat_support.so:libz.so
11-23 10:10:19.532  1011  1189 I ASH     : @ 77471.729: tcs3701: stop power rail pending_off timer
11-23 10:10:19.532  1011  1189 D ASH     : @ 77471.729: tcs3701: start power rail timer, state:3
11-23 10:10:19.535  1795  2424 D WifiClientModeImpl[13802:wlan0]: updateLinkLayerStatsRssiSpeedFrequencyCapabilities rssi=-45 TxLinkspeed=866 freq=5240 RxLinkSpeed=866
11-23 10:10:19.537  1795  2424 D WifiDataStall: tx tput in kbps: 755212
11-23 10:10:19.538  1795  2424 D WifiDataStall: rx tput in kbps: 794960
11-23 10:10:19.538  1795  2424 V WifiConfigManager: Updating scan detail cache freq=5240 BSSID=f4:6d:2f:12:cc:88 RSSI=-44 for "ourhome"WPA_PSK
11-23 10:10:19.539  1795  2424 D WifiChannelUtilization:  freq: 5240 onTime: 2016318 busyTime: 169747 onTimeDiff: 2016023 busyTimeDiff: 169730 utilization: 21 utilization t0: 21
11-23 10:10:19.539  1795  2424 D WifiDataStall:  ccaLevel = 21
11-23 10:10:19.539  1795  2424 D WifiDataStall: L2 txTputKbps: 755212, rxTputKbps: 794960, L3 txTputKbps: 0, rxTputKbps: 0, TxTrafficHigh: false, RxTrafficHigh: false, Throughput Sufficient: true
11-23 10:10:19.539  3213  3230 V WifiManager: OnWifiUsabilityStatsListener: onWifiUsabilityStats: seqNum=25627
11-23 10:10:19.539  1795  2424 D WifiScoreReport: Wifi scoring disabled - Don't check IP layer
11-23 10:10:19.540 18163 18163 D app_process: Time zone APEX ICU file found: /apex/com.android.tzdata/etc/icu/icu_tzdata.dat
11-23 10:10:19.540  1795  2424 D WifiScoreCard: BSSID update SIGNAL_POLL ID: 1320464697 SSID: "ourhome", BSSID: f4:6d:2f:12:cc:88, MAC: b2:2f:ec:da:4a:0c, IP: /192.168.1.104, Security type: 2, Supplicant state: COMPLETED, Wi-Fi standard: 5, RSSI: -45, Link speed: 866Mbps, Tx Link speed: 866Mbps, Max Supported Tx Link speed: 866Mbps, Rx Link speed: 866Mbps, Max Supported Rx Link speed: 866Mbps, Frequency: 5240MHz, Net ID: 12, Metered hint: false, score: 60, isUsable: true, CarrierMerged: false, SubscriptionId: -1, IsPrimary: 1, Trusted: true, Restricted: false, Ephemeral: false, OEM paid: false, OEM private: false, OSU AP: false, FQDN: <none>, Provider friendly name: <none>, Requesting package name: <none>"ourhome"wpa2-pskMLO Information: , Is TID-To-Link negotiation supported by the AP: false, AP MLD Address: <none>, AP MLO Link Id: <none>, AP MLO Affiliated links: <none>
11-23 10:10:19.540 18163 18163 D app_process: I18n APEX ICU file found: /apex/com.android.i18n/etc/icu/icudt70l.dat
11-23 10:10:19.540  1795  2424 D WifiScoreCard: txRate: 1 txSpeed: 866
11-23 10:10:19.540  1795  2424 D WifiScoreCard: network update SIGNAL_POLL "ourhome" ID: 1499892569 RSSI -45 txSpeed -1
11-23 10:10:19.541  1795  1853 I WifiService: updateWifiUsabilityScore uid=10180 seqNum=25627 score=100 predictionHorizonSec=1441795
11-23 10:10:19.541  2513 20462 V WifiManager: TrafficStateCallbackProxy: onStateChanged state=0
11-23 10:10:19.541  1795  2424 D WifiClientModeImpl[13802:wlan0]:  ClientModeImpl$L2ConnectedState screen=on 9 0 "ourhome" f4:6d:2f:12:cc:88 rssi=-45 f=5240 sc=60 link=866 tx=0.1, 0.0, 0.0 rx=0.1 bcn=737807 [on:0 tx:0 rx:0 period:3031] from screen [on:42922 period:1182938] score=60
11-23 10:10:19.543  1795  2424 D WifiScoreReport: Wifi scoring disabled - Notify that Wifi is usable
11-23 10:10:19.549  1795  2432 D ConnectivityService: NetReassign [no changes] [c 0] [a 1] [i 5]
11-23 10:10:19.569 18163 18163 D AndroidRuntime: Calling main entry com.android.commands.monkey.Monkey
11-23 10:10:19.570  1011  1189 I ASH     : @ 77471.769: tcs3701: stop power rail pending_off timer
11-23 10:10:19.570  1011  1189 D ASH     : @ 77471.769: tcs3701: start power rail timer, state:3
11-23 10:10:19.570 18163 18163 W Monkey  : args: [-p, com.chrome.canary, 1]
11-23 10:10:19.570 18163 18163 W Monkey  :  arg: "-p"
11-23 10:10:19.570 18163 18163 W Monkey  :  arg: "com.chrome.canary"
11-23 10:10:19.570 18163 18163 W Monkey  :  arg: "1"
11-23 10:10:19.570 18163 18163 W Monkey  : data="com.chrome.canary"
--------- beginning of system
11-23 10:10:19.582  1795  2119 W BroadcastQueue: Skipping deliver [background] BroadcastRecord{7e48fcd u-1 android.net.conn.CONNECTIVITY_CHANGE} to ReceiverList{5afe082 18163 (unknown name)/2000/u-1 remote:b1dcef7}: process gone or crashing
11-23 10:10:19.591  1795  4168 D CompatibilityChangeReporter: Compat change id reported: 161252188; UID 10010; state: DISABLED
11-23 10:10:19.591  1795  4168 I ActivityTaskManager: START u0 {act=android.intent.action.MAIN cat=[android.intent.category.LAUNCHER] flg=0x10200000 cmp=com.chrome.canary/com.google.android.apps.chrome.Main} from uid 2000
11-23 10:10:19.592  1795  4168 D CompatibilityChangeReporter: Compat change id reported: 265464455; UID 10010; state: DISABLED
11-23 10:10:19.592  1795  4168 D CompatibilityChangeReporter: Compat change id reported: 265452344; UID 10010; state: DISABLED
11-23 10:10:19.592  1795  4168 D CompatibilityChangeReporter: Compat change id reported: 266124927; UID 10010; state: DISABLED
11-23 10:10:19.592  1795  4168 D CompatibilityChangeReporter: Compat change id reported: 265451093; UID 10010; state: DISABLED
11-23 10:10:19.592  1795  4168 D CompatibilityChangeReporter: Compat change id reported: 265456536; UID 10010; state: DISABLED
11-23 10:10:19.592  1795  4168 D CompatibilityChangeReporter: Compat change id reported: 255940284; UID 10010; state: DISABLED
11-23 10:10:19.592  1795  4168 D CompatibilityChangeReporter: Compat change id reported: 236283604; UID 10010; state: DISABLED
11-23 10:10:19.592  1795  4168 D CompatibilityChangeReporter: Compat change id reported: 263959004; UID 10010; state: DISABLED
11-23 10:10:19.592  1795  4168 D CompatibilityChangeReporter: Compat change id reported: 264304459; UID 10010; state: DISABLED
11-23 10:10:19.592  1795  4168 D CompatibilityChangeReporter: Compat change id reported: 264301586; UID 10010; state: DISABLED
11-23 10:10:19.593  1795  4168 D CompatibilityChangeReporter: Compat change id reported: 254631730; UID 10010; state: DISABLED
11-23 10:10:19.593  1795  4168 D CompatibilityChangeReporter: Compat change id reported: 273509367; UID 10010; state: DISABLED
11-23 10:10:19.593  1795  4168 D CompatibilityChangeReporter: Compat change id reported: 263259275; UID 10010; state: DISABLED
11-23 10:10:19.593  1795  4168 D CompatibilityChangeReporter: Compat change id reported: 194480991; UID 10010; state: ENABLED
11-23 10:10:19.593  1795  4168 D CompatibilityChangeReporter: Compat change id reported: 174042980; UID 10010; state: DISABLED
11-23 10:10:19.594  1795  4168 D CompatibilityChangeReporter: Compat change id reported: 184838306; UID 10010; state: DISABLED
11-23 10:10:19.594  1795  4168 D CompatibilityChangeReporter: Compat change id reported: 185004937; UID 10010; state: DISABLED
11-23 10:10:19.594  1795  4168 D CompatibilityChangeReporter: Compat change id reported: 181136395; UID 10010; state: DISABLED
11-23 10:10:19.595  1795  4168 D CompatibilityChangeReporter: Compat change id reported: 174042936; UID 10010; state: DISABLED
11-23 10:10:19.596  1795  4168 D CompatibilityChangeReporter: Compat change id reported: 205907456; UID 10010; state: ENABLED
11-23 10:10:19.598  1795  4168 D CompatibilityChangeReporter: Compat change id reported: 194833441; UID 10010; state: ENABLED
11-23 10:10:19.600 18163 18163 I Monkey  : Events injected: 1
11-23 10:10:19.600  1795  2149 E system_server: updateValue is called with a value {0, 0, 0, 0, 0, 75, 0, 0, 0, 0, 0, 0, 0, 0, 0, 0, 0, 0, 0, 0, 0, 0, 0, 0, 0}, which is lower than the previous value {0, 62, 52, 1223, 456, 65766, 0, 0, 0, 247, 2200, 3240, 21209, 0, 0, 0, 0, 882, 3229, 7711, 14942, 0, 0, 0, 0}
11-23 10:10:19.600  1795  2149 E system_server: updateValue is called with a value {0, 0, 0, 0, 0, 6, 0, 0, 0, 0, 0, 0, 0, 0, 0, 0, 0, 0, 0, 0, 0, 0, 0, 0, 0}, which is lower than the previous value {0, 3, 1, 3, 5, 68913, 0, 0, 0, 0, 2, 4, 334, 0, 0, 0, 0, 6, 4, 4, 552, 0, 0, 0, 0}
11-23 10:10:19.602  2513  2550 W Parcel  : Expecting binder but got null!
11-23 10:10:19.604  1795  4165 D CompatibilityChangeReporter: Compat change id reported: 168419799; UID 10010; state: DISABLED
11-23 10:10:19.605  1795  4165 D CompatibilityChangeReporter: Compat change id reported: 273564678; UID 10010; state: DISABLED
11-23 10:10:19.608  1795  2100 D CompatibilityChangeReporter: Compat change id reported: 135634846; UID 10010; state: DISABLED
11-23 10:10:19.608  1795  2120 D CompatibilityChangeReporter: Compat change id reported: 143937733; UID 10010; state: ENABLED
11-23 10:10:19.610  1011  1189 I ASH     : @ 77471.809: tcs3701: stop power rail pending_off timer
11-23 10:10:19.610  1011  1189 D ASH     : @ 77471.809: tcs3701: start power rail timer, state:3
11-23 10:10:19.612  3657  4525 D ForegroundUtils: Foreground UID status:
11-23 10:10:19.612  3657  4525 D ForegroundUtils: UID: 10128 is in foreground: true
11-23 10:10:19.612  3657  4525 D ForegroundUtils: UID: 10136 is in foreground: true
11-23 10:10:19.612  3657  4525 D ForegroundUtils: UID: 10145 is in foreground: true
11-23 10:10:19.612  3657  4525 D ForegroundUtils: UID: 10155 is in foreground: true
11-23 10:10:19.612  3657  4525 D ForegroundUtils: UID: 10158 is in foreground: true
11-23 10:10:19.612  3657  4525 D ForegroundUtils: UID: 10185 is in foreground: true
11-23 10:10:19.612  3657  4525 D ForegroundUtils: UID: 10188 is in foreground: true
11-23 10:10:19.612  3657  4525 D ForegroundUtils: UID: 10189 is in foreground: false
11-23 10:10:19.612  3657  4525 D ForegroundUtils: UID: 10194 is in foreground: true
11-23 10:10:19.612  3657  4525 D ForegroundUtils: UID: 10206 is in foreground: false
11-23 10:10:19.612  3657  4525 D ForegroundUtils: UID: 10233 is in foreground: true
11-23 10:10:19.612  3657  4525 D ForegroundUtils: UID: 10244 is in foreground: true
11-23 10:10:19.612  3657  4525 D ForegroundUtils: UID: 10251 is in foreground: true
11-23 10:10:19.612  3657  4525 D ForegroundUtils: UID: 10256 is in foreground: true
11-23 10:10:19.612  3657  4525 D ForegroundUtils: UID: 10299 is in foreground: true
11-23 10:10:19.612  3657  4525 D ForegroundUtils: UID: 10304 is in foreground: true
11-23 10:10:19.612  3657  4525 D ForegroundUtils: UID: 10319 is in foreground: true
11-23 10:10:19.617  2513  2550 E OpenGLRenderer: Unable to match the desired swap behavior.
11-23 10:10:19.617 18163 18163 I Monkey  : ## Network stats: elapsed time=22ms (0ms mobile, 0ms wifi, 22ms not connected)
11-23 10:10:19.617 18163 18163 I app_process: System.exit called, status: 0
11-23 10:10:19.617 18163 18163 I AndroidRuntime: VM exiting with result code 0.
11-23 10:10:19.622   987   987 D Zygote  : Forked child process 18180
11-23 10:10:19.623  1795  2120 I ActivityManager: Start proc 18180:com.chrome.canary/u0a10 for next-top-activity {com.chrome.canary/com.google.android.apps.chrome.Main}
11-23 10:10:19.628 18180 18180 I m.chrome.canary: Using CollectorTypeCC GC.
11-23 10:10:19.631  1383  1442 I adbd    : jdwp connection from 18180
11-23 10:10:19.643 18180 18180 I ActivityThread: Relaunch all activities: onCoreSettingsChange
11-23 10:10:19.644 18180 18180 D CompatibilityChangeReporter: Compat change id reported: 171979766; UID 10010; state: ENABLED
11-23 10:10:19.645  3657  4525 D ForegroundUtils: Foreground UID status:
11-23 10:10:19.645  3657  4525 D ForegroundUtils: UID: 10010 is in foreground: true
11-23 10:10:19.645  3657  4525 D ForegroundUtils: UID: 10128 is in foreground: true
11-23 10:10:19.645  3657  4525 D ForegroundUtils: UID: 10136 is in foreground: true
11-23 10:10:19.645  3657  4525 D ForegroundUtils: UID: 10145 is in foreground: true
11-23 10:10:19.645  3657  4525 D ForegroundUtils: UID: 10155 is in foreground: true
11-23 10:10:19.645  3657  4525 D ForegroundUtils: UID: 10158 is in foreground: true
11-23 10:10:19.645  3657  4525 D ForegroundUtils: UID: 10185 is in foreground: true
11-23 10:10:19.645  3657  4525 D ForegroundUtils: UID: 10188 is in foreground: true
11-23 10:10:19.645  3657  4525 D ForegroundUtils: UID: 10189 is in foreground: false
11-23 10:10:19.645  3657  4525 D ForegroundUtils: UID: 10194 is in foreground: true
11-23 10:10:19.645  3657  4525 D ForegroundUtils: UID: 10206 is in foreground: false
11-23 10:10:19.645  3657  4525 D ForegroundUtils: UID: 10233 is in foreground: true
11-23 10:10:19.645  3657  4525 D ForegroundUtils: UID: 10244 is in foreground: true
11-23 10:10:19.645  3657  4525 D ForegroundUtils: UID: 10251 is in foreground: true
11-23 10:10:19.645  3657  4525 D ForegroundUtils: UID: 10256 is in foreground: true
11-23 10:10:19.645  3657  4525 D ForegroundUtils: UID: 10299 is in foreground: true
11-23 10:10:19.645  3657  4525 D ForegroundUtils: UID: 10304 is in foreground: true
11-23 10:10:19.645  3657  4525 D ForegroundUtils: UID: 10319 is in foreground: true
11-23 10:10:19.646 18180 18180 W ziparchive: Unable to open '/data/app/~~-FnXeb6__ecKd-dFZ4kZZA==/com.google.android.trichromelibrary.canary_613700033-7Q2vBiD9q0nCftKFg-pq8w==/base.dm': No such file or directory
11-23 10:10:19.646 18180 18180 W ziparchive: Unable to open '/data/app/~~-FnXeb6__ecKd-dFZ4kZZA==/com.google.android.trichromelibrary.canary_613700033-7Q2vBiD9q0nCftKFg-pq8w==/base.dm': No such file or directory
11-23 10:10:19.647 18180 18180 W m.chrome.canary: Entry not found
11-23 10:10:19.648 18180 18180 D nativeloader: Configuring clns-4 for other apk /data/app/~~-FnXeb6__ecKd-dFZ4kZZA==/com.google.android.trichromelibrary.canary_613700033-7Q2vBiD9q0nCftKFg-pq8w==/base.apk. target_sdk_version=34, uses_libraries=ALL, library_path=/data/app/~~dutrJzl_xJkEyCCvIkexCw==/com.chrome.canary-4jcd8srf2WXxld2NC1r69A==/lib/arm64:/data/app/~~dutrJzl_xJkEyCCvIkexCw==/com.chrome.canary-4jcd8srf2WXxld2NC1r69A==/base.apk!/lib/arm64-v8a:/data/app/~~-FnXeb6__ecKd-dFZ4kZZA==/com.google.android.trichromelibrary.canary_613700033-7Q2vBiD9q0nCftKFg-pq8w==/base.apk!/lib/arm64-v8a, permitted_path=/data:/mnt/expand:/data/user/0/com.chrome.canary
11-23 10:10:19.649  1011  1189 I ASH     : @ 77471.849: tcs3701: stop power rail pending_off timer
11-23 10:10:19.649  1011  1189 D ASH     : @ 77471.849: tcs3701: start power rail timer, state:3
11-23 10:10:19.653 18180 18180 D nativeloader: Configuring clns-5 for other apk /data/app/~~dutrJzl_xJkEyCCvIkexCw==/com.chrome.canary-4jcd8srf2WXxld2NC1r69A==/base.apk. target_sdk_version=34, uses_libraries=, library_path=/data/app/~~dutrJzl_xJkEyCCvIkexCw==/com.chrome.canary-4jcd8srf2WXxld2NC1r69A==/lib/arm64:/data/app/~~dutrJzl_xJkEyCCvIkexCw==/com.chrome.canary-4jcd8srf2WXxld2NC1r69A==/base.apk!/lib/arm64-v8a:/data/app/~~-FnXeb6__ecKd-dFZ4kZZA==/com.google.android.trichromelibrary.canary_613700033-7Q2vBiD9q0nCftKFg-pq8w==/base.apk!/lib/arm64-v8a, permitted_path=/data:/mnt/expand:/data/user/0/com.chrome.canary
11-23 10:10:19.663 18180 18180 V GraphicsEnvironment: ANGLE Developer option for 'com.chrome.canary' set to: 'default'
11-23 10:10:19.664 18180 18180 V GraphicsEnvironment: ANGLE GameManagerService for com.chrome.canary: false
11-23 10:10:19.664 18180 18180 V GraphicsEnvironment: Updatable production driver is not supported on the device.
11-23 10:10:19.665 18180 18180 I LoadedApk: No resource references to update in package com.google.android.trichromelibrary.canary
11-23 10:10:19.665 18180 18180 D NetworkSecurityConfig: Using Network Security Config from resource 0_resource_name_obfuscated debugBuild: false
11-23 10:10:19.666 18180 18180 D NetworkSecurityConfig: Using Network Security Config from resource 0_resource_name_obfuscated debugBuild: false
11-23 10:10:19.666 18180 18180 I cr_SplitCompatApp: Launched version=121.0.6137.0 minSdkVersion=29 isBundle=true processName=com.chrome.canary isIsolated=false
11-23 10:10:19.688 18180 18200 I cr_LibraryLoader: Loading monochrome_64 from within /data/app/~~dutrJzl_xJkEyCCvIkexCw==/com.chrome.canary-4jcd8srf2WXxld2NC1r69A==/base.apk
11-23 10:10:19.689  1795  4168 D CompatibilityChangeReporter: Compat change id reported: 161145287; UID 10010; state: DISABLED
11-23 10:10:19.689  1011  1189 I ASH     : @ 77471.889: tcs3701: stop power rail pending_off timer
11-23 10:10:19.689  1011  1189 D ASH     : @ 77471.889: tcs3701: start power rail timer, state:3
11-23 10:10:19.690 18180 18200 I cr_Linker: loadLibraryImplLocked: monochrome_64, relroMode=1
11-23 10:10:19.700  3875  3875 I dzhj    : onPause
11-23 10:10:19.701 18180 18200 I cr_LibraryLoader: Successfully loaded native library
11-23 10:10:19.701 18180 18200 I cr_CachingUmaRecorder: Flushed 21 samples from 19 histograms, 0 samples were dropped.
11-23 10:10:19.707  3604  3604 I hitl    : (REDACTED) received broadcast: %s
11-23 10:10:19.708  3604  4265 I hito    : (REDACTED) received broadcast: %s
11-23 10:10:19.708  3604  4265 I hioo    : (REDACTED) #onConfigUpdate. requester: %s
11-23 10:10:19.709  3604  4264 I hioo    : #onConfigUpdate inside sequencer
11-23 10:10:19.709  3604  4264 I hilg    : (REDACTED) Voice Match (Speaker-id) supported : %b 
11-23 10:10:19.709  3604  4264 I hilg    : (REDACTED) hotword enrollment state is enrolled:  %b, speakerId model exist: %b. Voice Match supported : %b 
11-23 10:10:19.709  3604  4264 I hilg    : (REDACTED) isHotwordAvailable():  %b, isHotwordEnabled() %b 
11-23 10:10:19.709  3604  4264 I hilg    : (REDACTED) isHotwordAvailable():  %b, isHotwordEnabled() %b 
11-23 10:10:19.709  3604  4264 I hilg    : (REDACTED) Hotword enrollment state : %s.
11-23 10:10:19.709  3604  4264 I hilg    : (REDACTED) Voice Match (Speaker-id) supported : %b 
11-23 10:10:19.709  3604  4264 I hilg    : (REDACTED) Voice Match (Speaker-id) supported : %b 
11-23 10:10:19.709  3604  4264 I hilg    : (REDACTED) hotword enrollment state is enrolled:  %b, speakerId model exist: %b, voice match supported : %b
11-23 10:10:19.709  3604  4264 I hilg    : (REDACTED) Hotword isNonVoiceMatchHotwordEnabled: %b, isHotwordAvailable: %b, isHotwordEnabled: %b, isVoiceMatchSupported: %b, isHotwordEnrolled: %b,
11-23 10:10:19.709  3604  4264 I hioo    : (REDACTED) Ignore the legacy hotword request. voice match enabled %b, isHotwordSupported %b, isIncompleteEnrollmentState %b, nonVoiceMatchHotwordEnabled %b
11-23 10:10:19.717 18180 18205 W DynamiteModule: Local module descriptor class for com.google.android.gms.googlecertificates not found.
11-23 10:10:19.719 18180 18180 I cr_MultiInstance: Removed invalid instance data. Removed tasks-instance mappings: [Chrome.MultiInstance.TaskMap.0 - 1339] and shared prefs for instances: []
11-23 10:10:19.719 18180 18180 I cr_MultiInstance: Existing Instance - persisted and unmapped Id allocated: 0
11-23 10:10:19.722 18180 18180 I cr_MultiInstance: Intent action: android.intent.action.MAIN
11-23 10:10:19.722 18180 18180 I cr_MultiInstance: Intent routed via ChromeLauncherActivity: false
11-23 10:10:19.722 18180 18180 I cr_MultiInstance: Referrer: android-app://com.android.shell
11-23 10:10:19.722 18180 18180 I cr_MultiInstance: Intent contains LAUNCHER category: true
11-23 10:10:19.722 18180 18180 I cr_MultiInstance: Intent contains FLAG_ACTIVITY_MULTIPLE_TASK: false
11-23 10:10:19.722 18180 18180 I cr_MultiInstance: Intent contains FLAG_ACTIVITY_NEW_TASK: true
11-23 10:10:19.722 18180 18180 I cr_MultiInstance: Intent component: com.google.android.apps.chrome.Main
11-23 10:10:19.722 18180 18180 I cr_MultiInstance: Intent sent by OS: false
11-23 10:10:19.722 18180 18180 I cr_MultiInstance: @ExternalAppId of intent source: 0
11-23 10:10:19.722 18180 18180 I cr_MultiInstance: Are all instances running: false
11-23 10:10:19.722 18180 18180 I cr_MultiInstance: Window allocation type: 6
11-23 10:10:19.722 18180 18180 I cr_MultiInstance: Window ID allocated: 0
11-23 10:10:19.723 18180 18180 W cr_ActivityDispatcher: CustomTabsIntent#shouldAlwaysUseBrowserUI() = false
11-23 10:10:19.723 18180 18180 D CompatibilityChangeReporter: Compat change id reported: 183155436; UID 10010; state: ENABLED
11-23 10:10:19.724 18180 18205 I DynamiteModule: Considering local module com.google.android.gms.googlecertificates:0 and remote module com.google.android.gms.googlecertificates:7
11-23 10:10:19.724 18180 18205 I DynamiteModule: Selected remote version of com.google.android.gms.googlecertificates, version >= 7
11-23 10:10:19.729  1011  1189 I ASH     : @ 77471.929: tcs3701: stop power rail pending_off timer
11-23 10:10:19.729  1011  1189 D ASH     : @ 77471.929: tcs3701: start power rail timer, state:3
11-23 10:10:19.730 18180 18205 W System  : ClassLoader referenced unknown path: 
11-23 10:10:19.730 18180 18205 D nativeloader: Configuring clns-6 for other apk . target_sdk_version=34, uses_libraries=, library_path=/data/app/~~kuQRvAzVZuE4Ro2oLuwWdQ==/com.google.android.gms-oAttmqgZrSU_NO_sHK9RSA==/lib/arm64:/data/app/~~kuQRvAzVZuE4Ro2oLuwWdQ==/com.google.android.gms-oAttmqgZrSU_NO_sHK9RSA==/base.apk!/lib/arm64-v8a, permitted_path=/data:/mnt/expand:/data/user/0/com.google.android.gms
11-23 10:10:19.732 18180 18180 E m.chrome.canary: Invalid ID 0x00000000.
11-23 10:10:19.735 18180 18180 I cr_SplitCompatClassLoader: Splits: null
11-23 10:10:19.756 18180 18180 W cr_ActivityDispatcher: CustomTabsIntent#shouldAlwaysUseBrowserUI() = false
11-23 10:10:19.759  3845  3845 E AbstractGmsTracer: Traced class shouldn't be obfuscated: GmsBoundBrokerChimeraService [CONTEXT service_id=259 ]
11-23 10:10:19.761  3845  3845 D BoundBrokerSvc: onBind: Intent { act=com.google.android.gms.safetynet.service.START pkg=com.google.android.gms }
11-23 10:10:19.761  3845  3845 D BoundBrokerSvc: Loading bound service for intent: Intent { act=com.google.android.gms.safetynet.service.START pkg=com.google.android.gms }
11-23 10:10:19.763  3845  3845 E AbstractGmsTracer: Traced class shouldn't be obfuscated: SafetyNetClientChimeraService [CONTEXT service_id=259 ]
11-23 10:10:19.764 18180 18180 I cr_CompositorSurfaceMgr: Transitioning to surface with format: -1
11-23 10:10:19.766  3074  3074 E AbstractGmsTracer: Traced class shouldn't be obfuscated: GmsApiChimeraService [CONTEXT service_id=259 ]
11-23 10:10:19.766  3074  3074 D BoundBrokerSvc: onBind: Intent { act=com.google.android.gms.phenotype.service.START pkg=com.google.android.gms }
11-23 10:10:19.766  3074  3074 D BoundBrokerSvc: Loading bound service for intent: Intent { act=com.google.android.gms.phenotype.service.START pkg=com.google.android.gms }
11-23 10:10:19.767  3074  3074 E AbstractGmsTracer: Traced class shouldn't be obfuscated: PhenotypeChimeraService [CONTEXT service_id=259 ]
11-23 10:10:19.769  1011  1189 I ASH     : @ 77471.969: tcs3701: stop power rail pending_off timer
11-23 10:10:19.769  1011  1189 D ASH     : @ 77471.969: tcs3701: start power rail timer, state:3
11-23 10:10:19.779 18180 18180 D CompatibilityChangeReporter: Compat change id reported: 210923482; UID 10010; state: ENABLED
11-23 10:10:19.808 18180 18180 D CompatibilityChangeReporter: Compat change id reported: 193247900; UID 10010; state: ENABLED
11-23 10:10:19.809  1011  1189 I ASH     : @ 77472.009: tcs3701: stop power rail pending_off timer
11-23 10:10:19.809  1011  1189 D ASH     : @ 77472.009: tcs3701: start power rail timer, state:3
11-23 10:10:19.830 18180 18180 W cr_ActivityDispatcher: CustomTabsIntent#shouldAlwaysUseBrowserUI() = false
11-23 10:10:19.837 18180 18180 D CompatibilityChangeReporter: Compat change id reported: 237531167; UID 10010; state: DISABLED
11-23 10:10:19.843 18180 18216 W Parcel  : Expecting binder but got null!
11-23 10:10:19.849  1011  1189 I ASH     : @ 77472.049: tcs3701: stop power rail pending_off timer
11-23 10:10:19.849  1011  1189 D ASH     : @ 77472.049: tcs3701: start power rail timer, state:3
11-23 10:10:19.851  1795  3759 D CoreBackPreview: Window{3c9bf43 u0 com.chrome.canary/com.google.android.apps.chrome.Main}: Setting back callback OnBackInvokedCallbackInfo{mCallback=android.window.IOnBackInvokedCallback$Stub$Proxy@23f0c9f, mPriority=-1}
11-23 10:10:19.851  1795  3759 D CoreBackPreview: Window{3c9bf43 u0 com.chrome.canary/com.google.android.apps.chrome.Main}: Setting back callback OnBackInvokedCallbackInfo{mCallback=android.window.IOnBackInvokedCallback$Stub$Proxy@47fd84a, mPriority=0}
11-23 10:10:19.852  1795  2120 D CompatibilityChangeReporter: Compat change id reported: 143937733; UID 10010; state: ENABLED
11-23 10:10:19.853  1795  2120 D CompatibilityChangeReporter: Compat change id reported: 135634846; UID 10010; state: DISABLED
11-23 10:10:19.853  1795  2120 D CompatibilityChangeReporter: Compat change id reported: 207557677; UID 10010; state: ENABLED
11-23 10:10:19.853   987   987 W Zygote  : forkRepeatedly terminated due to non-simple command
11-23 10:10:19.853   987   987 D Zygote  : mbuffer starts with 15, nice name is com.chrome.canary_zygote, mEnd = 410, mNext = 191, mLinesLeft = 6, mFd = 5
11-23 10:10:19.860   987   987 D Zygote  : Forked child process 18225
11-23 10:10:19.862  1795  2120 W ZygoteProcess: Got error connecting to zygote, retrying. msg= Connection refused
11-23 10:10:19.864 18180 18216 I AdrenoGLES-0: QUALCOMM build                   : 4783c89, I46ff5fc46f
11-23 10:10:19.864 18180 18216 I AdrenoGLES-0: Build Date                       : 11/30/20
11-23 10:10:19.864 18180 18216 I AdrenoGLES-0: OpenGL ES Shader Compiler Version: EV031.31.04.01
11-23 10:10:19.864 18180 18216 I AdrenoGLES-0: Local Branch                     : QPR2
11-23 10:10:19.864 18180 18216 I AdrenoGLES-0: Remote Branch                    : 
11-23 10:10:19.864 18180 18216 I AdrenoGLES-0: Remote Branch                    : 
11-23 10:10:19.864 18180 18216 I AdrenoGLES-0: Reconstruct Branch               : 
11-23 10:10:19.864 18180 18216 I AdrenoGLES-0: Build Config                     : S P 10.0.4 AArch64
11-23 10:10:19.864 18180 18216 I AdrenoGLES-0: Driver Path                      : /vendor/lib64/egl/libGLESv2_adreno.so
11-23 10:10:19.865 18180 18180 I cr_StartSurfaceConfig: Recorded Startup.Android.FirstDrawCompletedTime.NoInstant = 136 ms
11-23 10:10:19.868 18180 18216 I AdrenoGLES-0: PFP: 0x016dd093, ME: 0x00000000
11-23 10:10:19.869 18225 18225 I libc    : SetHeapTaggingLevel: tag level set to 0
11-23 10:10:19.870 18180 18216 W AdrenoUtils: <ReadGpuID_from_sysfs:197>: Failed to open /sys/class/kgsl/kgsl-3d0/gpu_model
11-23 10:10:19.870 18180 18216 W AdrenoUtils: <ReadGpuID:221>: Failed to read chip ID from gpu_model. Fallback to use the GSL path
11-23 10:10:19.871 18225 18225 I e.canary_zygote: Using CollectorTypeCC GC.
11-23 10:10:19.877  3074 24772 E ckqk    : Phenotype API error. Event # evhb@1d38725, EventCode: 7 [CONTEXT service_id=51 ]
11-23 10:10:19.877  3074 24772 E ckqk    : ckoo: 29505: No config packages for log source, or config package not registered
11-23 10:10:19.877  3074 24772 E ckqk    : 	at ckrk.b(:com.google.android.gms@234414038@23.44.14 (190400-580326705):79)
11-23 10:10:19.877  3074 24772 E ckqk    : 	at ckrh.h(:com.google.android.gms@234414038@23.44.14 (190400-580326705):3)
11-23 10:10:19.877  3074 24772 E ckqk    : 	at ckqk.g(:com.google.android.gms@234414038@23.44.14 (190400-580326705):18)
11-23 10:10:19.877  3074 24772 E ckqk    : 	at ckqk.f(:com.google.android.gms@234414038@23.44.14 (190400-580326705):11)
11-23 10:10:19.877  3074 24772 E ckqk    : 	at bfmo.fh(:com.google.android.gms@234414038@23.44.14 (190400-580326705):1)
11-23 10:10:19.877  3074 24772 E ckqk    : 	at bfmz.run(:com.google.android.gms@234414038@23.44.14 (190400-580326705):100)
11-23 10:10:19.877  3074 24772 E ckqk    : 	at dvlp.run(:com.google.android.gms@234414038@23.44.14 (190400-580326705):13)
11-23 10:10:19.877  3074 24772 E ckqk    : 	at ajls.c(:com.google.android.gms@234414038@23.44.14 (190400-580326705):50)
11-23 10:10:19.877  3074 24772 E ckqk    : 	at ajls.run(:com.google.android.gms@234414038@23.44.14 (190400-580326705):76)
11-23 10:10:19.877  3074 24772 E ckqk    : 	at java.util.concurrent.ThreadPoolExecutor.runWorker(ThreadPoolExecutor.java:1145)
11-23 10:10:19.877  3074 24772 E ckqk    : 	at java.util.concurrent.ThreadPoolExecutor$Worker.run(ThreadPoolExecutor.java:644)
11-23 10:10:19.877  3074 24772 E ckqk    : 	at ajqx.run(:com.google.android.gms@234414038@23.44.14 (190400-580326705):8)
11-23 10:10:19.877  3074 24772 E ckqk    : 	at java.lang.Thread.run(Thread.java:1012)
11-23 10:10:19.877   648  3370 I SDM     : HWCDisplay::GetColorModeCount: Supported color mode count = 3
11-23 10:10:19.878   648  3370 I SDM     : HWCDisplay::GetColorModes: Color mode = 0 is supported
11-23 10:10:19.878   648  3370 I SDM     : HWCDisplay::GetColorModes: Color mode = 7 is supported
11-23 10:10:19.878   648  3370 I SDM     : HWCDisplay::GetColorModes: Color mode = 9 is supported
11-23 10:10:19.878 18180 18216 E OpenGLRenderer: Unable to match the desired swap behavior.
11-23 10:10:19.879  3074 24772 W AsyncOperation: operation=GetExperimentTokensOperationCall, opStatusCode=29505 [CONTEXT service_id=51 ]
11-23 10:10:19.879  3074 24772 W AsyncOperation: OperationException[Status{statusCode=No config packages for log source, or config package not registered, resolution=null}]
11-23 10:10:19.879  3074 24772 W AsyncOperation: 	at ckqk.g(:com.google.android.gms@234414038@23.44.14 (190400-580326705):48)
11-23 10:10:19.879  3074 24772 W AsyncOperation: 	at ckqk.f(:com.google.android.gms@234414038@23.44.14 (190400-580326705):11)
11-23 10:10:19.879  3074 24772 W AsyncOperation: 	at bfmo.fh(:com.google.android.gms@234414038@23.44.14 (190400-580326705):1)
11-23 10:10:19.879  3074 24772 W AsyncOperation: 	at bfmz.run(:com.google.android.gms@234414038@23.44.14 (190400-580326705):100)
11-23 10:10:19.879  3074 24772 W AsyncOperation: 	at dvlp.run(:com.google.android.gms@234414038@23.44.14 (190400-580326705):13)
11-23 10:10:19.879  3074 24772 W AsyncOperation: 	at ajls.c(:com.google.android.gms@234414038@23.44.14 (190400-580326705):50)
11-23 10:10:19.879  3074 24772 W AsyncOperation: 	at ajls.run(:com.google.android.gms@234414038@23.44.14 (190400-580326705):76)
11-23 10:10:19.879  3074 24772 W AsyncOperation: 	at java.util.concurrent.ThreadPoolExecutor.runWorker(ThreadPoolExecutor.java:1145)
11-23 10:10:19.879  3074 24772 W AsyncOperation: 	at java.util.concurrent.ThreadPoolExecutor$Worker.run(ThreadPoolExecutor.java:644)
11-23 10:10:19.879  3074 24772 W AsyncOperation: 	at ajqx.run(:com.google.android.gms@234414038@23.44.14 (190400-580326705):8)
11-23 10:10:19.879  3074 24772 W AsyncOperation: 	at java.lang.Thread.run(Thread.java:1012)
11-23 10:10:19.882   595   595 I servicemanager: Could not find android.hardware.graphics.allocator.IAllocator/default in the VINTF manifest.
11-23 10:10:19.889  1011  1189 I ASH     : @ 77472.089: tcs3701: stop power rail pending_off timer
11-23 10:10:19.889  1011  1189 D ASH     : @ 77472.089: tcs3701: start power rail timer, state:3
11-23 10:10:19.901  1795  2096 I ActivityTaskManager: Displayed com.chrome.canary/com.google.android.apps.chrome.Main: +304ms
11-23 10:10:19.904  2588  2588 I WallpaperService: engine paused
11-23 10:10:19.905 18180 18180 I cr_CombinedPProvider: #linkNativeInternal() 0
11-23 10:10:19.905 18180 18180 I cr_PolicyProvider: #setManagerAndSource() 0
11-23 10:10:19.905  1011  1011 I sensors-hal: [hal]activate_physical_sensor:251, android.sensor.gyroscope/41 en=0
11-23 10:10:19.906 18180 18180 I cr_PolicyCacheProvider: #refresh() true
11-23 10:10:19.910  1011  1011 D Diag_Lib: diag: Diag_LSM_DeInit: invoked for pid: 1011
11-23 10:10:19.910  1011  1011 D Diag_Lib: diag: Diag_LSM_DeInit: done for pid: 1011
11-23 10:10:19.914  1795  2120 I AppZygote: Starting application preload.
11-23 10:10:19.916  1011  1011 D Diag_Lib: diag: Diag_LSM_DeInit: invoked for pid: 1011
11-23 10:10:19.916  1011  1011 D Diag_Lib: diag: Diag_LSM_DeInit: done for pid: 1011
11-23 10:10:19.916  1011  1011 I sensors-hal: [hal]activate_physical_sensor:262, android.sensor.gyroscope/41 en=0 completed
11-23 10:10:19.919 18225 18225 I AppZygoteInit: Beginning application preload for com.chrome.canary
11-23 10:10:19.920 18225 18225 W ziparchive: Unable to open '/data/app/~~-FnXeb6__ecKd-dFZ4kZZA==/com.google.android.trichromelibrary.canary_613700033-7Q2vBiD9q0nCftKFg-pq8w==/base.dm': No such file or directory
11-23 10:10:19.920 18225 18225 W ziparchive: Unable to open '/data/app/~~-FnXeb6__ecKd-dFZ4kZZA==/com.google.android.trichromelibrary.canary_613700033-7Q2vBiD9q0nCftKFg-pq8w==/base.dm': No such file or directory
11-23 10:10:19.922 18225 18225 W e.canary_zygote: Entry not found
11-23 10:10:19.923 18180 18209 I cr_PartnerCustUma: Partner Customization delegate: 0.
11-23 10:10:19.923 18180 18209 W cr_PartnerCustomize: Partner homepage must be HTTP(S) or NewTabPage. Got invalid URL ""
11-23 10:10:19.923 18225 18225 D nativeloader: Configuring clns-4 for other apk /data/app/~~-FnXeb6__ecKd-dFZ4kZZA==/com.google.android.trichromelibrary.canary_613700033-7Q2vBiD9q0nCftKFg-pq8w==/base.apk. target_sdk_version=34, uses_libraries=ALL, library_path=/data/app/~~dutrJzl_xJkEyCCvIkexCw==/com.chrome.canary-4jcd8srf2WXxld2NC1r69A==/lib/arm64:/data/app/~~dutrJzl_xJkEyCCvIkexCw==/com.chrome.canary-4jcd8srf2WXxld2NC1r69A==/base.apk!/lib/arm64-v8a:/data/app/~~-FnXeb6__ecKd-dFZ4kZZA==/com.google.android.trichromelibrary.canary_613700033-7Q2vBiD9q0nCftKFg-pq8w==/base.apk!/lib/arm64-v8a, permitted_path=/data:/mnt/expand
11-23 10:10:19.930  1011  1189 I ASH     : @ 77472.129: tcs3701: stop power rail pending_off timer
11-23 10:10:19.930  1011  1189 D ASH     : @ 77472.129: tcs3701: start power rail timer, state:3
11-23 10:10:19.933 18225 18225 D nativeloader: Configuring clns-5 for other apk /data/app/~~dutrJzl_xJkEyCCvIkexCw==/com.chrome.canary-4jcd8srf2WXxld2NC1r69A==/base.apk. target_sdk_version=34, uses_libraries=, library_path=/data/app/~~dutrJzl_xJkEyCCvIkexCw==/com.chrome.canary-4jcd8srf2WXxld2NC1r69A==/lib/arm64:/data/app/~~dutrJzl_xJkEyCCvIkexCw==/com.chrome.canary-4jcd8srf2WXxld2NC1r69A==/base.apk!/lib/arm64-v8a:/data/app/~~-FnXeb6__ecKd-dFZ4kZZA==/com.google.android.trichromelibrary.canary_613700033-7Q2vBiD9q0nCftKFg-pq8w==/base.apk!/lib/arm64-v8a, permitted_path=/data:/mnt/expand
11-23 10:10:19.937 18225 18225 I cr_ZygotePreload: Loaded Zygote. version=121.0.6137.0 minSdkVersion=29 isBundle=true
11-23 10:10:19.943 18225 18225 I cr_LibraryLoader: Loading monochrome_64 from within /data/app/~~dutrJzl_xJkEyCCvIkexCw==/com.chrome.canary-4jcd8srf2WXxld2NC1r69A==/base.apk
11-23 10:10:19.943 18225 18225 I cr_Linker: loadLibraryImplLocked: monochrome_64, relroMode=1
11-23 10:10:19.961  1795  2120 I AppZygote: Application preload done.
11-23 10:10:19.962 18225 18225 I AppZygoteInit: Application preload done
11-23 10:10:19.969  1011  1189 I ASH     : @ 77472.169: tcs3701: stop power rail pending_off timer
11-23 10:10:19.969  1011  1189 D ASH     : @ 77472.169: tcs3701: start power rail timer, state:3
11-23 10:10:19.972 18180 18180 I chromium: [INFO:policy_logger.cc(144)] :components/enterprise/browser/controller/chrome_browser_cloud_management_controller.cc(273) Deferring CBCM Controller Initialization until it is unblocked.
11-23 10:10:19.975 18225 18232 W e.canary_zygote: Reducing the number of considered missed Gc histogram windows from 7746 to 100
11-23 10:10:19.978 18225 18225 W e.canary_zygote: Waiting for a thread to finish unregistering
11-23 10:10:19.980 18225 18225 I Zygote  : Entering forkRepeatedly native zygote loop
11-23 10:10:19.991 18225 18225 D Zygote  : Forked child process 18253
11-23 10:10:19.993  1795  2120 W ActivityManager: Slow operation: 141ms so far, now at startProcess: returned from zygote!
11-23 10:10:19.993  1795  2120 W ActivityManager: Slow operation: 142ms so far, now at startProcess: done updating battery stats
11-23 10:10:19.993  1795  2120 W ActivityManager: Slow operation: 142ms so far, now at startProcess: building log message
11-23 10:10:19.993  1795  2120 I ActivityManager: Start proc 18253:com.chrome.canary:sandboxed_process0:org.chromium.content.app.SandboxedProcessService0:0/u0ai0 for  {com.chrome.canary/org.chromium.content.app.SandboxedProcessService0:0}
11-23 10:10:19.993  1795  2120 W ActivityManager: Slow operation: 142ms so far, now at startProcess: starting to update pids map
11-23 10:10:19.993  1795  2120 W ActivityManager: Slow operation: 142ms so far, now at startProcess: done updating pids map
11-23 10:10:19.995   987   987 I Zygote  : Entering forkRepeatedly native zygote loop
11-23 10:10:20.008   987   987 D Zygote  : Forked child process 18254
11-23 10:10:20.009  1011  1189 I ASH     : @ 77472.209: tcs3701: stop power rail pending_off timer
11-23 10:10:20.009  1011  1189 D ASH     : @ 77472.209: tcs3701: start power rail timer, state:3
11-23 10:10:20.010  1795  2120 I ActivityManager: Start proc 18254:com.chrome.canary:privileged_process0/u0a10 for service {com.chrome.canary/org.chromium.content.app.PrivilegedProcessService0}
11-23 10:10:20.012 18253 18253 E libc    : SetHeapTaggingLevel: re-enabling tagging after it was disabled is not supported
11-23 10:10:20.014 18253 18253 I ocessService0:0: Using CollectorTypeCC GC.
11-23 10:10:20.018 18180 18180 I cr_SmsProviderGms: construction successfull AM3@82bf9f1, xM3@25c929d
11-23 10:10:20.025  1383  1442 I adbd    : jdwp connection from 18253
11-23 10:10:20.026 18254 18254 I ileged_process0: Using CollectorTypeCC GC.
11-23 10:10:20.036  1795  4157 D ConnectivityService: requestNetwork for uid/pid:10010/18180 activeRequest: null callbackRequest: 1696 [NetworkRequest [ REQUEST id=1697, [ Capabilities: INTERNET&NOT_RESTRICTED&TRUSTED&NOT_VCN_MANAGED Uid: 10010 RequestorUid: 10010 RequestorPkg: com.chrome.canary UnderlyingNetworks: Null] ]] callback flags: 0 order: 2147483647
11-23 10:10:20.039  1795  2424 D WifiNetworkFactory: got request NetworkRequest [ REQUEST id=1697, [ Capabilities: INTERNET&NOT_RESTRICTED&TRUSTED&NOT_VCN_MANAGED Uid: 10010 RequestorUid: 10010 RequestorPkg: com.chrome.canary UnderlyingNetworks: Null] ]
11-23 10:10:20.039  1795  2424 V WifiNetworkFactory: Accepted network request NetworkRequest [ REQUEST id=1697, [ Capabilities: INTERNET&NOT_RESTRICTED&TRUSTED&NOT_VCN_MANAGED Uid: 10010 RequestorUid: 10010 RequestorPkg: com.chrome.canary UnderlyingNetworks: Null] ]
11-23 10:10:20.040  1795  2424 D UntrustedWifiNetworkFactory: got request NetworkRequest [ REQUEST id=1697, [ Capabilities: INTERNET&NOT_RESTRICTED&TRUSTED&NOT_VCN_MANAGED Uid: 10010 RequestorUid: 10010 RequestorPkg: com.chrome.canary UnderlyingNetworks: Null] ]
11-23 10:10:20.040  1795  2424 D OemPaidWifiNetworkFactory: got request NetworkRequest [ REQUEST id=1697, [ Capabilities: INTERNET&NOT_RESTRICTED&TRUSTED&NOT_VCN_MANAGED Uid: 10010 RequestorUid: 10010 RequestorPkg: com.chrome.canary UnderlyingNetworks: Null] ]
11-23 10:10:20.040  1795  2424 D MultiInternetWifiNetworkFactory: got request NetworkRequest [ REQUEST id=1697, [ Capabilities: INTERNET&NOT_RESTRICTED&TRUSTED&NOT_VCN_MANAGED Uid: 10010 RequestorUid: 10010 RequestorPkg: com.chrome.canary UnderlyingNetworks: Null] ]
11-23 10:10:20.040  1795  2432 D ConnectivityService: NetReassign [1697 : null → 100] [c 0] [a 1] [i 2]
11-23 10:10:20.044  1383  1442 I adbd    : jdwp connection from 18254
11-23 10:10:20.044  1795  2432 D ConnectivityService: NetReassign [no changes] [c 0] [a 1] [i 3]
11-23 10:10:20.049  1011  1189 I ASH     : @ 77472.249: tcs3701: stop power rail pending_off timer
11-23 10:10:20.049  1011  1189 D ASH     : @ 77472.249: tcs3701: start power rail timer, state:3
11-23 10:10:20.053 18253 18253 I ActivityThread: Relaunch all activities: onCoreSettingsChange
11-23 10:10:20.057  3657  4525 D ForegroundUtils: Foreground UID status:
11-23 10:10:20.057  3657  4525 D ForegroundUtils: UID: 10010 is in foreground: true
11-23 10:10:20.057  3657  4525 D ForegroundUtils: UID: 10128 is in foreground: true
11-23 10:10:20.057  3657  4525 D ForegroundUtils: UID: 10136 is in foreground: true
11-23 10:10:20.057  3657  4525 D ForegroundUtils: UID: 10145 is in foreground: true
11-23 10:10:20.057  3657  4525 D ForegroundUtils: UID: 10155 is in foreground: true
11-23 10:10:20.057  3657  4525 D ForegroundUtils: UID: 10158 is in foreground: true
11-23 10:10:20.057  3657  4525 D ForegroundUtils: UID: 10185 is in foreground: true
11-23 10:10:20.057  3657  4525 D ForegroundUtils: UID: 10188 is in foreground: true
11-23 10:10:20.057  3657  4525 D ForegroundUtils: UID: 10189 is in foreground: false
11-23 10:10:20.057  3657  4525 D ForegroundUtils: UID: 10194 is in foreground: true
11-23 10:10:20.057  3657  4525 D ForegroundUtils: UID: 10206 is in foreground: false
11-23 10:10:20.057  3657  4525 D ForegroundUtils: UID: 10233 is in foreground: true
11-23 10:10:20.057  3657  4525 D ForegroundUtils: UID: 10244 is in foreground: true
11-23 10:10:20.057  3657  4525 D ForegroundUtils: UID: 10251 is in foreground: true
11-23 10:10:20.057  3657  4525 D ForegroundUtils: UID: 10256 is in foreground: true
11-23 10:10:20.057  3657  4525 D ForegroundUtils: UID: 10299 is in foreground: true
11-23 10:10:20.057  3657  4525 D ForegroundUtils: UID: 10304 is in foreground: true
11-23 10:10:20.057  3657  4525 D ForegroundUtils: UID: 10319 is in foreground: true
11-23 10:10:20.057  3657  4525 D ForegroundUtils: UID: 90000 is in foreground: true
11-23 10:10:20.059 18253 18253 D CompatibilityChangeReporter: Compat change id reported: 171979766; UID 90000; state: ENABLED
11-23 10:10:20.063 18254 18254 I ActivityThread: Relaunch all activities: onCoreSettingsChange
11-23 10:10:20.063 18254 18254 D CompatibilityChangeReporter: Compat change id reported: 171979766; UID 10010; state: ENABLED
11-23 10:10:20.071 18254 18254 W ziparchive: Unable to open '/data/app/~~-FnXeb6__ecKd-dFZ4kZZA==/com.google.android.trichromelibrary.canary_613700033-7Q2vBiD9q0nCftKFg-pq8w==/base.dm': No such file or directory
11-23 10:10:20.071 18254 18254 W ziparchive: Unable to open '/data/app/~~-FnXeb6__ecKd-dFZ4kZZA==/com.google.android.trichromelibrary.canary_613700033-7Q2vBiD9q0nCftKFg-pq8w==/base.dm': No such file or directory
11-23 10:10:20.072 18254 18254 W ileged_process0: Entry not found
11-23 10:10:20.073 18254 18254 D nativeloader: Configuring clns-4 for other apk /data/app/~~-FnXeb6__ecKd-dFZ4kZZA==/com.google.android.trichromelibrary.canary_613700033-7Q2vBiD9q0nCftKFg-pq8w==/base.apk. target_sdk_version=34, uses_libraries=ALL, library_path=/data/app/~~dutrJzl_xJkEyCCvIkexCw==/com.chrome.canary-4jcd8srf2WXxld2NC1r69A==/lib/arm64:/data/app/~~dutrJzl_xJkEyCCvIkexCw==/com.chrome.canary-4jcd8srf2WXxld2NC1r69A==/base.apk!/lib/arm64-v8a:/data/app/~~-FnXeb6__ecKd-dFZ4kZZA==/com.google.android.trichromelibrary.canary_613700033-7Q2vBiD9q0nCftKFg-pq8w==/base.apk!/lib/arm64-v8a, permitted_path=/data:/mnt/expand:/data/user/0/com.chrome.canary
11-23 10:10:20.085 18254 18254 D nativeloader: Configuring clns-5 for other apk /data/app/~~dutrJzl_xJkEyCCvIkexCw==/com.chrome.canary-4jcd8srf2WXxld2NC1r69A==/base.apk. target_sdk_version=34, uses_libraries=, library_path=/data/app/~~dutrJzl_xJkEyCCvIkexCw==/com.chrome.canary-4jcd8srf2WXxld2NC1r69A==/lib/arm64:/data/app/~~dutrJzl_xJkEyCCvIkexCw==/com.chrome.canary-4jcd8srf2WXxld2NC1r69A==/base.apk!/lib/arm64-v8a:/data/app/~~-FnXeb6__ecKd-dFZ4kZZA==/com.google.android.trichromelibrary.canary_613700033-7Q2vBiD9q0nCftKFg-pq8w==/base.apk!/lib/arm64-v8a, permitted_path=/data:/mnt/expand:/data/user/0/com.chrome.canary
11-23 10:10:20.086 18253 18253 I LoadedApk: No resource references to update in package com.google.android.trichromelibrary.canary
11-23 10:10:20.086 18253 18253 D NetworkSecurityConfig: Using Network Security Config from resource 0_resource_name_obfuscated debugBuild: false
11-23 10:10:20.087 18253 18253 D NetworkSecurityConfig: Using Network Security Config from resource 0_resource_name_obfuscated debugBuild: false
11-23 10:10:20.089 18253 18253 I cr_SplitCompatApp: Launched version=121.0.6137.0 minSdkVersion=29 isBundle=true processName=com.chrome.canary:sandboxed_process0:org.chromium.content.app.SandboxedProcessService0:0 isIsolated=true
11-23 10:10:20.090  1011  1189 I ASH     : @ 77472.289: tcs3701: stop power rail pending_off timer
11-23 10:10:20.090  1011  1189 D ASH     : @ 77472.289: tcs3701: start power rail timer, state:3
11-23 10:10:20.095 18254 18254 V GraphicsEnvironment: ANGLE Developer option for 'com.chrome.canary' set to: 'default'
11-23 10:10:20.095 18254 18254 V GraphicsEnvironment: ANGLE GameManagerService for com.chrome.canary: false
11-23 10:10:20.096 18254 18254 V GraphicsEnvironment: Updatable production driver is not supported on the device.
11-23 10:10:20.096 18253 18253 W SystemServiceRegistry: No service published for: uimode
11-23 10:10:20.097 18180 18240 W chromium: [WARNING:ev_root_ca_metadata.cc(119)] Not implemented
11-23 10:10:20.097 18180 18240 W chromium: [WARNING:ev_root_ca_metadata.cc(119)] Not implemented
11-23 10:10:20.097 18254 18254 I LoadedApk: No resource references to update in package com.google.android.trichromelibrary.canary
11-23 10:10:20.098 18254 18254 D NetworkSecurityConfig: Using Network Security Config from resource 0_resource_name_obfuscated debugBuild: false
11-23 10:10:20.098 18254 18254 D NetworkSecurityConfig: Using Network Security Config from resource 0_resource_name_obfuscated debugBuild: false
11-23 10:10:20.098 18254 18254 I cr_SplitCompatApp: Launched version=121.0.6137.0 minSdkVersion=29 isBundle=true processName=com.chrome.canary:privileged_process0 isIsolated=false
11-23 10:10:20.101 18180 18240 W chromium: [WARNING:ev_root_ca_metadata.cc(119)] Not implemented
11-23 10:10:20.101 18180 18240 W chromium: [WARNING:ev_root_ca_metadata.cc(119)] Not implemented
11-23 10:10:20.106  1795  4165 D CompatibilityChangeReporter: Compat change id reported: 182734110; UID 10010; state: ENABLED
11-23 10:10:20.106 18253 18253 I cr_ChildProcessService: Creating new ChildProcessService pid=18253
11-23 10:10:20.107 18254 18254 I cr_ChildProcessService: Creating new ChildProcessService pid=18254
11-23 10:10:20.107  1795  4168 D CompatibilityChangeReporter: Compat change id reported: 149924527; UID 10010; state: ENABLED
11-23 10:10:20.108  1795  4165 D CompatibilityChangeReporter: Compat change id reported: 132649864; UID 10010; state: DISABLED
11-23 10:10:20.112 18180 18180 I cr_EnterpriseInfoImpl: #setCacheResult() deviceOwned:false profileOwned:false
11-23 10:10:20.112 18180 18180 I cr_EnterpriseInfo: #getManagedStateForNative() CQ0@fa792a
11-23 10:10:20.113  1795  1853 D ConnectivityService: requestNetwork for uid/pid:10010/18180 activeRequest: null callbackRequest: 1699 [NetworkRequest [ REQUEST id=1700, [ Capabilities: INTERNET&NOT_RESTRICTED&TRUSTED&NOT_VCN_MANAGED Uid: 10010 RequestorUid: 10010 RequestorPkg: com.chrome.canary UnderlyingNetworks: Null] ]] callback flags: 0 order: 2147483647
11-23 10:10:20.116  1795  2424 D WifiNetworkFactory: got request NetworkRequest [ REQUEST id=1700, [ Capabilities: INTERNET&NOT_RESTRICTED&TRUSTED&NOT_VCN_MANAGED Uid: 10010 RequestorUid: 10010 RequestorPkg: com.chrome.canary UnderlyingNetworks: Null] ]
11-23 10:10:20.116  1795  2424 V WifiNetworkFactory: Accepted network request NetworkRequest [ REQUEST id=1700, [ Capabilities: INTERNET&NOT_RESTRICTED&TRUSTED&NOT_VCN_MANAGED Uid: 10010 RequestorUid: 10010 RequestorPkg: com.chrome.canary UnderlyingNetworks: Null] ]
11-23 10:10:20.116  1795  2424 D UntrustedWifiNetworkFactory: got request NetworkRequest [ REQUEST id=1700, [ Capabilities: INTERNET&NOT_RESTRICTED&TRUSTED&NOT_VCN_MANAGED Uid: 10010 RequestorUid: 10010 RequestorPkg: com.chrome.canary UnderlyingNetworks: Null] ]
11-23 10:10:20.116  1795  2424 D OemPaidWifiNetworkFactory: got request NetworkRequest [ REQUEST id=1700, [ Capabilities: INTERNET&NOT_RESTRICTED&TRUSTED&NOT_VCN_MANAGED Uid: 10010 RequestorUid: 10010 RequestorPkg: com.chrome.canary UnderlyingNetworks: Null] ]
