11-23 10:05:55.214  1011  1189 D ASH     : @ 77207.414: tcs3701: start power rail timer, state:3
11-23 10:05:55.255  1011  1189 I ASH     : @ 77207.454: tcs3701: stop power rail pending_off timer
11-23 10:05:55.255  1011  1189 D ASH     : @ 77207.454: tcs3701: start power rail timer, state:3
11-23 10:05:55.286  5238  5296 I BatteryMgr:DataCollectionService: stats => 1700730355286,15563,4449,13427,4169000,100
11-23 10:05:55.295  1011  1189 I ASH     : @ 77207.494: tcs3701: stop power rail pending_off timer
11-23 10:05:55.295  1011  1189 D ASH     : @ 77207.494: tcs3701: start power rail timer, state:3
11-23 10:05:55.319  1795  2855 D ActivityManager: freezer override set to true
11-23 10:05:55.335  1011  1189 I ASH     : @ 77207.534: tcs3701: stop power rail pending_off timer
11-23 10:05:55.335  1011  1189 D ASH     : @ 77207.534: tcs3701: start power rail timer, state:3
11-23 10:05:55.374  1011  1189 I ASH     : @ 77207.574: tcs3701: stop power rail pending_off timer
11-23 10:05:55.374  1011  1189 D ASH     : @ 77207.574: tcs3701: start power rail timer, state:3
11-23 10:05:55.394  5238  5296 I BatteryMgr:DataCollectionService: stats => 1700730355394,15563,4449,13427,4169000,100
11-23 10:05:55.414  1011  1189 I ASH     : @ 77207.614: tcs3701: stop power rail pending_off timer
11-23 10:05:55.414  1011  1189 D ASH     : @ 77207.614: tcs3701: start power rail timer, state:3
11-23 10:05:55.415 11989 12046 I m.chrome.canary: Explicit concurrent copying GC freed 3592(176KB) AllocSpace objects, 3(60KB) LOS objects, 75% free, 11MB/46MB, paused 67us,30us total 51.060ms
11-23 10:05:55.455  1011  1189 I ASH     : @ 77207.654: tcs3701: stop power rail pending_off timer
11-23 10:05:55.455  1011  1189 D ASH     : @ 77207.654: tcs3701: start power rail timer, state:3
11-23 10:05:55.476  1795  2855 D ActivityManager: freezer override set to false
11-23 10:05:55.495  1011  1189 I ASH     : @ 77207.694: tcs3701: stop power rail pending_off timer
11-23 10:05:55.495  1011  1189 D ASH     : @ 77207.694: tcs3701: start power rail timer, state:3
11-23 10:05:55.501  5238  5296 I BatteryMgr:DataCollectionService: stats => 1700730355500,15563,4449,13427,4169000,100
11-23 10:05:55.535  1011  1189 I ASH     : @ 77207.734: tcs3701: stop power rail pending_off timer
11-23 10:05:55.535  1011  1189 D ASH     : @ 77207.734: tcs3701: start power rail timer, state:3
11-23 10:05:55.540  1795  2855 D ActivityManager: freezer override set to true
11-23 10:05:55.543  1795  2855 D ActivityManager: freezer override set to false
11-23 10:05:55.574  1011  1189 I ASH     : @ 77207.774: tcs3701: stop power rail pending_off timer
11-23 10:05:55.574  1011  1189 D ASH     : @ 77207.774: tcs3701: start power rail timer, state:3
11-23 10:05:55.608  5238  5296 I BatteryMgr:DataCollectionService: stats => 1700730355608,15563,4449,13427,4169000,100
11-23 10:05:55.615  1011  1189 I ASH     : @ 77207.814: tcs3701: stop power rail pending_off timer
11-23 10:05:55.615  1011  1189 D ASH     : @ 77207.814: tcs3701: start power rail timer, state:3
11-23 10:05:55.654  1011  1189 I ASH     : @ 77207.854: tcs3701: stop power rail pending_off timer
11-23 10:05:55.656  1011  1189 D ASH     : @ 77207.854: tcs3701: start power rail timer, state:3
11-23 10:05:55.694  1011  1189 I ASH     : @ 77207.894: tcs3701: stop power rail pending_off timer
11-23 10:05:55.695  1011  1189 D ASH     : @ 77207.894: tcs3701: start power rail timer, state:3
11-23 10:05:55.714  5238  5296 I BatteryMgr:DataCollectionService: stats => 1700730355714,15563,4449,13427,4169000,100
11-23 10:05:55.736  1011  1189 I ASH     : @ 77207.934: tcs3701: stop power rail pending_off timer
11-23 10:05:55.736  1011  1189 D ASH     : @ 77207.934: tcs3701: start power rail timer, state:3
11-23 10:05:55.774  1011  1189 I ASH     : @ 77207.974: tcs3701: stop power rail pending_off timer
11-23 10:05:55.774  1011  1189 D ASH     : @ 77207.974: tcs3701: start power rail timer, state:3
11-23 10:05:55.814  1011  1189 I ASH     : @ 77208.014: tcs3701: stop power rail pending_off timer
11-23 10:05:55.814  1011  1189 D ASH     : @ 77208.014: tcs3701: start power rail timer, state:3
11-23 10:05:55.821  5238  5296 I BatteryMgr:DataCollectionService: stats => 1700730355821,15563,4449,13427,4169000,100
11-23 10:05:55.855  1011  1189 I ASH     : @ 77208.054: tcs3701: stop power rail pending_off timer
11-23 10:05:55.855  1011  1189 D ASH     : @ 77208.054: tcs3701: start power rail timer, state:3
11-23 10:05:55.866  1795  2855 D ActivityManager: freezer override set to true
11-23 10:05:55.871  1795  2855 D ActivityManager: freezer override set to false
11-23 10:05:55.894  1011  1189 I ASH     : @ 77208.094: tcs3701: stop power rail pending_off timer
11-23 10:05:55.895  1011  1189 D ASH     : @ 77208.094: tcs3701: start power rail timer, state:3
11-23 10:05:55.931  5238  5296 I BatteryMgr:DataCollectionService: stats => 1700730355931,15563,4449,13427,4169000,100
11-23 10:05:55.936  1011  1189 I ASH     : @ 77208.134: tcs3701: stop power rail pending_off timer
11-23 10:05:55.936  1011  1189 D ASH     : @ 77208.134: tcs3701: start power rail timer, state:3
11-23 10:05:55.974  1011  1189 I ASH     : @ 77208.174: tcs3701: stop power rail pending_off timer
11-23 10:05:55.974  1011  1189 D ASH     : @ 77208.174: tcs3701: start power rail timer, state:3
11-23 10:05:56.014  1011  1189 I ASH     : @ 77208.214: tcs3701: stop power rail pending_off timer
11-23 10:05:56.015  1011  1189 D ASH     : @ 77208.214: tcs3701: start power rail timer, state:3
11-23 10:05:56.037  5238  5296 I BatteryMgr:DataCollectionService: stats => 1700730356037,15563,4449,13427,4169000,100
11-23 10:05:56.056  1011  1189 I ASH     : @ 77208.254: tcs3701: stop power rail pending_off timer
11-23 10:05:56.056  1011  1189 D ASH     : @ 77208.254: tcs3701: start power rail timer, state:3
11-23 10:05:56.095  1011  1189 I ASH     : @ 77208.294: tcs3701: stop power rail pending_off timer
11-23 10:05:56.095  1011  1189 D ASH     : @ 77208.294: tcs3701: start power rail timer, state:3
11-23 10:05:56.134  1011  1189 I ASH     : @ 77208.334: tcs3701: stop power rail pending_off timer
11-23 10:05:56.134  1011  1189 D ASH     : @ 77208.334: tcs3701: start power rail timer, state:3
11-23 10:05:56.144  5238  5296 I BatteryMgr:DataCollectionService: stats => 1700730356144,15563,4449,13427,4169000,100
11-23 10:05:56.175  1011  1189 I ASH     : @ 77208.374: tcs3701: stop power rail pending_off timer
11-23 10:05:56.175  1011  1189 D ASH     : @ 77208.374: tcs3701: start power rail timer, state:3
11-23 10:05:56.216  1011  1189 I ASH     : @ 77208.414: tcs3701: stop power rail pending_off timer
11-23 10:05:56.216  1011  1189 D ASH     : @ 77208.414: tcs3701: start power rail timer, state:3
11-23 10:05:56.251  5238  5296 I BatteryMgr:DataCollectionService: stats => 1700730356251,15563,4449,13427,4169000,100
11-23 10:05:56.255  1011  1189 I ASH     : @ 77208.454: tcs3701: stop power rail pending_off timer
11-23 10:05:56.255  1011  1189 D ASH     : @ 77208.454: tcs3701: start power rail timer, state:3
11-23 10:05:56.295  1011  1189 I ASH     : @ 77208.494: tcs3701: stop power rail pending_off timer
11-23 10:05:56.295  1011  1189 D ASH     : @ 77208.494: tcs3701: start power rail timer, state:3
11-23 10:05:56.334  1011  1189 I ASH     : @ 77208.534: tcs3701: stop power rail pending_off timer
11-23 10:05:56.335  1011  1189 D ASH     : @ 77208.534: tcs3701: start power rail timer, state:3
11-23 10:05:56.358  5238  5296 I BatteryMgr:DataCollectionService: stats => 1700730356358,15563,4449,13427,4169000,100
11-23 10:05:56.374  1011  1189 I ASH     : @ 77208.574: tcs3701: stop power rail pending_off timer
11-23 10:05:56.375  1011  1189 D ASH     : @ 77208.574: tcs3701: start power rail timer, state:3
11-23 10:05:56.415  1011  1189 I ASH     : @ 77208.614: tcs3701: stop power rail pending_off timer
11-23 10:05:56.415  1011  1189 D ASH     : @ 77208.614: tcs3701: start power rail timer, state:3
11-23 10:05:56.455  1011  1189 I ASH     : @ 77208.654: tcs3701: stop power rail pending_off timer
11-23 10:05:56.455  1011  1189 D ASH     : @ 77208.654: tcs3701: start power rail timer, state:3
11-23 10:05:56.466  5238  5296 I BatteryMgr:DataCollectionService: stats => 1700730356466,15563,4449,13427,4169000,100
11-23 10:05:56.495  1011  1189 I ASH     : @ 77208.694: tcs3701: stop power rail pending_off timer
11-23 10:05:56.495  1011  1189 D ASH     : @ 77208.694: tcs3701: start power rail timer, state:3
11-23 10:05:56.534  1011  1189 I ASH     : @ 77208.734: tcs3701: stop power rail pending_off timer
11-23 10:05:56.534  1011  1189 D ASH     : @ 77208.734: tcs3701: start power rail timer, state:3
11-23 10:05:56.573  5238  5296 I BatteryMgr:DataCollectionService: stats => 1700730356573,15563,4449,13427,4169000,100
11-23 10:05:56.575  1011  1189 I ASH     : @ 77208.774: tcs3701: stop power rail pending_off timer
11-23 10:05:56.575  1011  1189 D ASH     : @ 77208.774: tcs3701: start power rail timer, state:3
11-23 10:05:56.615  1011  1189 I ASH     : @ 77208.814: tcs3701: stop power rail pending_off timer
11-23 10:05:56.615  1011  1189 D ASH     : @ 77208.814: tcs3701: start power rail timer, state:3
11-23 10:05:56.654  1011  1189 I ASH     : @ 77208.854: tcs3701: stop power rail pending_off timer
11-23 10:05:56.654  1011  1189 D ASH     : @ 77208.854: tcs3701: start power rail timer, state:3
11-23 10:05:56.678  5238  5296 I BatteryMgr:DataCollectionService: stats => 1700730356678,15563,4449,13427,4169000,100
11-23 10:05:56.685  1795  2424 D WifiNetworkSelector: Current connected network: 12
11-23 10:05:56.686  1795  2424 V WifiConnectivityManager: No partial scan because firmware roaming is supported.
11-23 10:05:56.686  1795  2424 V WifiConnectivityManager: schedulePeriodicScanTimer intervalMs 20000
11-23 10:05:56.694  1011  1189 I ASH     : @ 77208.894: tcs3701: stop power rail pending_off timer
11-23 10:05:56.695  1011  1189 D ASH     : @ 77208.894: tcs3701: start power rail timer, state:3
11-23 10:05:56.727  1795  4172 D ActivityManager: freezer override set to true
11-23 10:05:56.735  1011  1189 I ASH     : @ 77208.934: tcs3701: stop power rail pending_off timer
11-23 10:05:56.735  1011  1189 D ASH     : @ 77208.934: tcs3701: start power rail timer, state:3
11-23 10:05:56.774  1011  1189 I ASH     : @ 77208.974: tcs3701: stop power rail pending_off timer
11-23 10:05:56.774  1011  1189 D ASH     : @ 77208.974: tcs3701: start power rail timer, state:3
11-23 10:05:56.783  5238  5296 I BatteryMgr:DataCollectionService: stats => 1700730356783,15563,4449,13427,4169000,100
11-23 10:05:56.814  1011  1189 I ASH     : @ 77209.014: tcs3701: stop power rail pending_off timer
11-23 10:05:56.814  1011  1189 D ASH     : @ 77209.014: tcs3701: start power rail timer, state:3
11-23 10:05:56.854  1011  1189 I ASH     : @ 77209.054: tcs3701: stop power rail pending_off timer
11-23 10:05:56.854  1011  1189 D ASH     : @ 77209.054: tcs3701: start power rail timer, state:3
11-23 10:05:56.867 11989 12046 I m.chrome.canary: Explicit concurrent copying GC freed 3578(176KB) AllocSpace objects, 3(60KB) LOS objects, 75% free, 11MB/46MB, paused 60us,23us total 52.062ms
11-23 10:05:56.890  5238  5296 I BatteryMgr:DataCollectionService: stats => 1700730356890,15563,4449,13427,4169000,100
11-23 10:05:56.894  1011  1189 I ASH     : @ 77209.094: tcs3701: stop power rail pending_off timer
11-23 10:05:56.894  1011  1189 D ASH     : @ 77209.094: tcs3701: start power rail timer, state:3
11-23 10:05:56.935  1011  1189 I ASH     : @ 77209.134: tcs3701: stop power rail pending_off timer
11-23 10:05:56.935  1011  1189 D ASH     : @ 77209.134: tcs3701: start power rail timer, state:3
11-23 10:05:56.937  1795  2855 D ActivityManager: freezer override set to false
11-23 10:05:56.972  2113  2118 I pixel-thermal: skin-therm-monitor: 40.71
11-23 10:05:56.974  1011  1189 I ASH     : @ 77209.174: tcs3701: stop power rail pending_off timer
11-23 10:05:56.974  1011  1189 D ASH     : @ 77209.174: tcs3701: start power rail timer, state:3
11-23 10:05:56.984  1795  2424 D WifiClientModeImpl[13802:wlan0]: updateLinkLayerStatsRssiSpeedFrequencyCapabilities rssi=-47 TxLinkspeed=866 freq=5240 RxLinkSpeed=6
11-23 10:05:56.985  1795  2424 D WifiDataStall: tx tput in kbps: 755212
11-23 10:05:56.985  1795  2424 D WifiDataStall: rx tput in kbps: 794960
11-23 10:05:56.985  1795  2424 V WifiConfigManager: Updating scan detail cache freq=5240 BSSID=f4:6d:2f:12:cc:88 RSSI=-46 for "ourhome"WPA_PSK
11-23 10:05:56.986  1795  2424 D WifiChannelUtilization:  freq: 5240 onTime: 2006477 busyTime: 169271 onTimeDiff: 2006182 busyTimeDiff: 169254 utilization: 21 utilization t0: 21
11-23 10:05:56.986  1795  2424 D WifiDataStall:  ccaLevel = 21
11-23 10:05:56.986  1795  2424 D WifiDataStall: L2 txTputKbps: 755212, rxTputKbps: 794960, L3 txTputKbps: 0, rxTputKbps: 0, TxTrafficHigh: false, RxTrafficHigh: false, Throughput Sufficient: true
11-23 10:05:56.986  1795  2424 D WifiScoreReport: Wifi scoring disabled - Don't check IP layer
11-23 10:05:56.986  3213  8092 V WifiManager: OnWifiUsabilityStatsListener: onWifiUsabilityStats: seqNum=25540
11-23 10:05:56.986  1795  2424 D WifiScoreCard: BSSID update SIGNAL_POLL ID: 1320464697 SSID: "ourhome", BSSID: f4:6d:2f:12:cc:88, MAC: b2:2f:ec:da:4a:0c, IP: /192.168.1.104, Security type: 2, Supplicant state: COMPLETED, Wi-Fi standard: 5, RSSI: -47, Link speed: 866Mbps, Tx Link speed: 866Mbps, Max Supported Tx Link speed: 866Mbps, Rx Link speed: 6Mbps, Max Supported Rx Link speed: 866Mbps, Frequency: 5240MHz, Net ID: 12, Metered hint: false, score: 60, isUsable: true, CarrierMerged: false, SubscriptionId: -1, IsPrimary: 1, Trusted: true, Restricted: false, Ephemeral: false, OEM paid: false, OEM private: false, OSU AP: false, FQDN: <none>, Provider friendly name: <none>, Requesting package name: <none>"ourhome"wpa2-pskMLO Information: , Is TID-To-Link negotiation supported by the AP: false, AP MLD Address: <none>, AP MLO Link Id: <none>, AP MLO Affiliated links: <none>
11-23 10:05:56.986  1795  2424 D WifiScoreCard: txRate: 1 txSpeed: 866
11-23 10:05:56.986  1795  2424 D WifiScoreCard: network update SIGNAL_POLL "ourhome" ID: 1499892569 RSSI -47 txSpeed -1
11-23 10:05:56.986  2513  2630 V WifiManager: TrafficStateCallbackProxy: onStateChanged state=3
11-23 10:05:56.986  1795  2424 D WifiClientModeImpl[13802:wlan0]:  ClientModeImpl$L2ConnectedState screen=on 9 0 "ourhome" f4:6d:2f:12:cc:88 rssi=-47 f=5240 sc=60 link=866 tx=0.2, 0.0, 0.0 rx=0.4 bcn=735249 [on:236 tx:2 rx:2 period:3013] from screen [on:33081 period:920383] score=60
11-23 10:05:56.987  1795  2855 I WifiService: updateWifiUsabilityScore uid=10180 seqNum=25540 score=100 predictionHorizonSec=1441795
11-23 10:05:56.989  1795  2424 D WifiScoreReport: Wifi scoring disabled - Notify that Wifi is usable
11-23 10:05:56.989  1795  2855 D ActivityManager: freezer override set to true
11-23 10:05:56.991  1795  2432 D ConnectivityService: NetReassign [no changes] [c 0] [a 0] [i 2]
11-23 10:05:56.992  1795  2855 D ActivityManager: freezer override set to false
11-23 10:05:56.994  5238  5296 I BatteryMgr:DataCollectionService: stats => 1700730356994,15563,4449,13427,4169000,100
11-23 10:05:57.014  1011  1189 I ASH     : @ 77209.214: tcs3701: stop power rail pending_off timer
11-23 10:05:57.014  1011  1189 D ASH     : @ 77209.214: tcs3701: start power rail timer, state:3
11-23 10:05:57.055  1011  1189 I ASH     : @ 77209.254: tcs3701: stop power rail pending_off timer
11-23 10:05:57.055  1011  1189 D ASH     : @ 77209.254: tcs3701: start power rail timer, state:3
11-23 10:05:57.096  1011  1189 I ASH     : @ 77209.294: tcs3701: stop power rail pending_off timer
11-23 10:05:57.096  1011  1189 D ASH     : @ 77209.294: tcs3701: start power rail timer, state:3
11-23 10:05:57.101  5238  5296 I BatteryMgr:DataCollectionService: stats => 1700730357101,15563,4449,13427,4169000,100
11-23 10:05:57.134  1011  1189 I ASH     : @ 77209.334: tcs3701: stop power rail pending_off timer
11-23 10:05:57.134  1011  1189 D ASH     : @ 77209.334: tcs3701: start power rail timer, state:3
11-23 10:05:57.175  1011  1189 I ASH     : @ 77209.374: tcs3701: stop power rail pending_off timer
11-23 10:05:57.175  1011  1189 D ASH     : @ 77209.374: tcs3701: start power rail timer, state:3
11-23 10:05:57.206  5238  5296 I BatteryMgr:DataCollectionService: stats => 1700730357206,15563,4449,13427,4169000,100
11-23 10:05:57.216  1011  1189 I ASH     : @ 77209.414: tcs3701: stop power rail pending_off timer
11-23 10:05:57.216  1011  1189 D ASH     : @ 77209.414: tcs3701: start power rail timer, state:3
11-23 10:05:57.254  1011  1189 I ASH     : @ 77209.454: tcs3701: stop power rail pending_off timer
11-23 10:05:57.255  1011  1189 D ASH     : @ 77209.454: tcs3701: start power rail timer, state:3
11-23 10:05:57.295  1011  1189 I ASH     : @ 77209.494: tcs3701: stop power rail pending_off timer
11-23 10:05:57.295  1011  1189 D ASH     : @ 77209.494: tcs3701: start power rail timer, state:3
11-23 10:05:57.314  5238  5296 I BatteryMgr:DataCollectionService: stats => 1700730357314,15563,4449,13427,4169000,100
11-23 10:05:57.335  1011  1189 I ASH     : @ 77209.534: tcs3701: stop power rail pending_off timer
11-23 10:05:57.335  1011  1189 D ASH     : @ 77209.534: tcs3701: start power rail timer, state:3
11-23 10:05:57.374  1011  1189 I ASH     : @ 77209.574: tcs3701: stop power rail pending_off timer
11-23 10:05:57.374  1011  1189 D ASH     : @ 77209.574: tcs3701: start power rail timer, state:3
11-23 10:05:57.414  1011  1189 I ASH     : @ 77209.614: tcs3701: stop power rail pending_off timer
11-23 10:05:57.414  1011  1189 D ASH     : @ 77209.614: tcs3701: start power rail timer, state:3
11-23 10:05:57.422  5238  5296 I BatteryMgr:DataCollectionService: stats => 1700730357422,15563,4449,13427,4169000,100
11-23 10:05:57.454  1011  1189 I ASH     : @ 77209.654: tcs3701: stop power rail pending_off timer
11-23 10:05:57.455  1011  1189 D ASH     : @ 77209.654: tcs3701: start power rail timer, state:3
11-23 10:05:57.494  1011  1189 I ASH     : @ 77209.694: tcs3701: stop power rail pending_off timer
11-23 10:05:57.494  1011  1189 D ASH     : @ 77209.694: tcs3701: start power rail timer, state:3
11-23 10:05:57.528  5238  5296 I BatteryMgr:DataCollectionService: stats => 1700730357527,15563,4449,13427,4169000,100
11-23 10:05:57.534  1011  1189 I ASH     : @ 77209.734: tcs3701: stop power rail pending_off timer
11-23 10:05:57.535  1011  1189 D ASH     : @ 77209.734: tcs3701: start power rail timer, state:3
11-23 10:05:57.574  1011  1189 I ASH     : @ 77209.774: tcs3701: stop power rail pending_off timer
11-23 10:05:57.575  1011  1189 D ASH     : @ 77209.774: tcs3701: start power rail timer, state:3
11-23 10:05:57.614  1011  1189 I ASH     : @ 77209.814: tcs3701: stop power rail pending_off timer
11-23 10:05:57.614  1011  1189 D ASH     : @ 77209.814: tcs3701: start power rail timer, state:3
11-23 10:05:57.635  5238  5296 I BatteryMgr:DataCollectionService: stats => 1700730357635,15563,4449,13427,4169000,100
11-23 10:05:57.655  1011  1189 I ASH     : @ 77209.854: tcs3701: stop power rail pending_off timer
11-23 10:05:57.655  1011  1189 D ASH     : @ 77209.854: tcs3701: start power rail timer, state:3
11-23 10:05:57.696  1011  1189 I ASH     : @ 77209.894: tcs3701: stop power rail pending_off timer
11-23 10:05:57.696  1011  1189 D ASH     : @ 77209.894: tcs3701: start power rail timer, state:3
11-23 10:05:57.734  1011  1189 I ASH     : @ 77209.934: tcs3701: stop power rail pending_off timer
11-23 10:05:57.734  1011  1189 D ASH     : @ 77209.934: tcs3701: start power rail timer, state:3
11-23 10:05:57.743  5238  5296 I BatteryMgr:DataCollectionService: stats => 1700730357743,15563,4449,13427,4169000,100
11-23 10:05:57.774  1011  1189 I ASH     : @ 77209.974: tcs3701: stop power rail pending_off timer
11-23 10:05:57.774  1011  1189 D ASH     : @ 77209.974: tcs3701: start power rail timer, state:3
11-23 10:05:57.815  1011  1189 I ASH     : @ 77210.014: tcs3701: stop power rail pending_off timer
11-23 10:05:57.815  1011  1189 D ASH     : @ 77210.014: tcs3701: start power rail timer, state:3
11-23 10:05:57.853  5238  5296 I BatteryMgr:DataCollectionService: stats => 1700730357853,15563,4449,13427,4169000,100
11-23 10:05:57.854  1011  1189 I ASH     : @ 77210.054: tcs3701: stop power rail pending_off timer
11-23 10:05:57.854  1011  1189 D ASH     : @ 77210.054: tcs3701: start power rail timer, state:3
11-23 10:05:57.874  1795  4172 D ActivityManager: freezer override set to true
11-23 10:05:57.880  1795  4172 D ActivityManager: freezer override set to false
11-23 10:05:57.895  1011  1189 I ASH     : @ 77210.094: tcs3701: stop power rail pending_off timer
11-23 10:05:57.895  1011  1189 D ASH     : @ 77210.094: tcs3701: start power rail timer, state:3
11-23 10:05:57.934  1011  1189 I ASH     : @ 77210.134: tcs3701: stop power rail pending_off timer
11-23 10:05:57.934  1011  1189 D ASH     : @ 77210.134: tcs3701: start power rail timer, state:3
11-23 10:05:57.961  5238  5296 I BatteryMgr:DataCollectionService: stats => 1700730357960,15563,4449,13427,4169000,100
11-23 10:05:57.975  1011  1189 I ASH     : @ 77210.174: tcs3701: stop power rail pending_off timer
11-23 10:05:57.975  1011  1189 D ASH     : @ 77210.174: tcs3701: start power rail timer, state:3
11-23 10:05:58.014  1011  1189 I ASH     : @ 77210.214: tcs3701: stop power rail pending_off timer
11-23 10:05:58.014  1011  1189 D ASH     : @ 77210.214: tcs3701: start power rail timer, state:3
11-23 10:05:58.055  1011  1189 I ASH     : @ 77210.254: tcs3701: stop power rail pending_off timer
11-23 10:05:58.055  1011  1189 D ASH     : @ 77210.254: tcs3701: start power rail timer, state:3
11-23 10:05:58.071  5238  5296 I BatteryMgr:DataCollectionService: stats => 1700730358071,15563,4449,13427,4169000,100
11-23 10:05:58.094  1011  1189 I ASH     : @ 77210.294: tcs3701: stop power rail pending_off timer
11-23 10:05:58.094  1011  1189 D ASH     : @ 77210.294: tcs3701: start power rail timer, state:3
11-23 10:05:58.135  1011  1189 I ASH     : @ 77210.334: tcs3701: stop power rail pending_off timer
11-23 10:05:58.135  1011  1189 D ASH     : @ 77210.334: tcs3701: start power rail timer, state:3
11-23 10:05:58.171  1795  4172 D ActivityManager: freezer override set to true
11-23 10:05:58.174  1011  1189 I ASH     : @ 77210.374: tcs3701: stop power rail pending_off timer
11-23 10:05:58.174  1011  1189 D ASH     : @ 77210.374: tcs3701: start power rail timer, state:3
11-23 10:05:58.177  5238  5296 I BatteryMgr:DataCollectionService: stats => 1700730358177,15563,4449,13427,4169000,100
11-23 10:05:58.215  1011  1189 I ASH     : @ 77210.414: tcs3701: stop power rail pending_off timer
11-23 10:05:58.215  1011  1189 D ASH     : @ 77210.414: tcs3701: start power rail timer, state:3
11-23 10:05:58.254  1011  1189 I ASH     : @ 77210.454: tcs3701: stop power rail pending_off timer
11-23 10:05:58.254  1011  1189 D ASH     : @ 77210.454: tcs3701: start power rail timer, state:3
11-23 10:05:58.283  5238  5296 I BatteryMgr:DataCollectionService: stats => 1700730358283,15563,4449,13427,4169000,100
11-23 10:05:58.295  1011  1189 I ASH     : @ 77210.494: tcs3701: stop power rail pending_off timer
11-23 10:05:58.295  1011  1189 D ASH     : @ 77210.494: tcs3701: start power rail timer, state:3
11-23 10:05:58.310 11989 12046 I m.chrome.canary: Explicit concurrent copying GC freed 3806(191KB) AllocSpace objects, 4(80KB) LOS objects, 75% free, 11MB/46MB, paused 36us,30us total 50.630ms
11-23 10:05:58.335  1011  1189 I ASH     : @ 77210.534: tcs3701: stop power rail pending_off timer
11-23 10:05:58.335  1011  1189 D ASH     : @ 77210.534: tcs3701: start power rail timer, state:3
11-23 10:05:58.373  1795  4172 D ActivityManager: freezer override set to false
11-23 10:05:58.374  1011  1189 I ASH     : @ 77210.574: tcs3701: stop power rail pending_off timer
11-23 10:05:58.375  1011  1189 D ASH     : @ 77210.574: tcs3701: start power rail timer, state:3
11-23 10:05:58.389  5238  5296 I BatteryMgr:DataCollectionService: stats => 1700730358389,15563,4449,13427,4169000,100
11-23 10:05:58.414  1011  1189 I ASH     : @ 77210.614: tcs3701: stop power rail pending_off timer
11-23 10:05:58.414  1011  1189 D ASH     : @ 77210.614: tcs3701: start power rail timer, state:3
11-23 10:05:58.431  1795  4172 D ActivityManager: freezer override set to true
11-23 10:05:58.434  1795  4172 D ActivityManager: freezer override set to false
11-23 10:05:58.454  1011  1189 I ASH     : @ 77210.654: tcs3701: stop power rail pending_off timer
11-23 10:05:58.454  1011  1189 D ASH     : @ 77210.654: tcs3701: start power rail timer, state:3
11-23 10:05:58.494  1011  1189 I ASH     : @ 77210.694: tcs3701: stop power rail pending_off timer
11-23 10:05:58.494  1011  1189 D ASH     : @ 77210.694: tcs3701: start power rail timer, state:3
11-23 10:05:58.496  5238  5296 I BatteryMgr:DataCollectionService: stats => 1700730358496,15563,4449,13427,4169000,100
11-23 10:05:58.536  1011  1189 I ASH     : @ 77210.734: tcs3701: stop power rail pending_off timer
11-23 10:05:58.536  1011  1189 D ASH     : @ 77210.734: tcs3701: start power rail timer, state:3
11-23 10:05:58.574  1011  1189 I ASH     : @ 77210.774: tcs3701: stop power rail pending_off timer
11-23 10:05:58.576  1011  1189 D ASH     : @ 77210.774: tcs3701: start power rail timer, state:3
11-23 10:05:58.603  5238  5296 I BatteryMgr:DataCollectionService: stats => 1700730358603,15563,4449,13427,4169000,100
11-23 10:05:58.615  1011  1189 I ASH     : @ 77210.814: tcs3701: stop power rail pending_off timer
11-23 10:05:58.615  1011  1189 D ASH     : @ 77210.814: tcs3701: start power rail timer, state:3
11-23 10:05:58.655  1011  1189 I ASH     : @ 77210.854: tcs3701: stop power rail pending_off timer
11-23 10:05:58.655  1011  1189 D ASH     : @ 77210.854: tcs3701: start power rail timer, state:3
11-23 10:05:58.694  1011  1189 I ASH     : @ 77210.894: tcs3701: stop power rail pending_off timer
11-23 10:05:58.694  1011  1189 D ASH     : @ 77210.894: tcs3701: start power rail timer, state:3
11-23 10:05:58.710  5238  5296 I BatteryMgr:DataCollectionService: stats => 1700730358710,15563,4449,13427,4169000,100
11-23 10:05:58.734  1011  1189 I ASH     : @ 77210.934: tcs3701: stop power rail pending_off timer
11-23 10:05:58.735  1011  1189 D ASH     : @ 77210.934: tcs3701: start power rail timer, state:3
11-23 10:05:58.775  1011  1189 I ASH     : @ 77210.974: tcs3701: stop power rail pending_off timer
11-23 10:05:58.776  1011  1189 D ASH     : @ 77210.974: tcs3701: start power rail timer, state:3
11-23 10:05:58.814  1011  1189 I ASH     : @ 77211.014: tcs3701: stop power rail pending_off timer
11-23 10:05:58.815  1011  1189 D ASH     : @ 77211.014: tcs3701: start power rail timer, state:3
11-23 10:05:58.817  5238  5296 I BatteryMgr:DataCollectionService: stats => 1700730358817,15563,4449,13427,4169000,100
11-23 10:05:58.854  1011  1189 I ASH     : @ 77211.054: tcs3701: stop power rail pending_off timer
11-23 10:05:58.855  1011  1189 D ASH     : @ 77211.054: tcs3701: start power rail timer, state:3
11-23 10:05:58.874  1795  4172 D ActivityManager: freezer override set to true
11-23 10:05:58.879  1795  4172 D ActivityManager: freezer override set to false
11-23 10:05:58.895  1011  1189 I ASH     : @ 77211.094: tcs3701: stop power rail pending_off timer
11-23 10:05:58.895  1011  1189 D ASH     : @ 77211.094: tcs3701: start power rail timer, state:3
11-23 10:05:58.924  5238  5296 I BatteryMgr:DataCollectionService: stats => 1700730358924,15563,4449,13427,4169000,100
11-23 10:05:58.934  1011  1189 I ASH     : @ 77211.134: tcs3701: stop power rail pending_off timer
11-23 10:05:58.934  1011  1189 D ASH     : @ 77211.134: tcs3701: start power rail timer, state:3
11-23 10:05:58.974  1011  1189 I ASH     : @ 77211.174: tcs3701: stop power rail pending_off timer
11-23 10:05:58.975  1011  1189 D ASH     : @ 77211.174: tcs3701: start power rail timer, state:3
11-23 10:05:58.976  2113  2118 I pixel-thermal: skin-therm-monitor: 40.733
11-23 10:05:59.015  1011  1189 I ASH     : @ 77211.214: tcs3701: stop power rail pending_off timer
11-23 10:05:59.015  1011  1189 D ASH     : @ 77211.214: tcs3701: start power rail timer, state:3
11-23 10:05:59.031  5238  5296 I BatteryMgr:DataCollectionService: stats => 1700730359031,15563,4449,13427,4169000,100
11-23 10:05:59.055  1011  1189 I ASH     : @ 77211.254: tcs3701: stop power rail pending_off timer
11-23 10:05:59.055  1011  1189 D ASH     : @ 77211.254: tcs3701: start power rail timer, state:3
11-23 10:05:59.095  1011  1189 I ASH     : @ 77211.294: tcs3701: stop power rail pending_off timer
11-23 10:05:59.095  1011  1189 D ASH     : @ 77211.294: tcs3701: start power rail timer, state:3
11-23 10:05:59.134  1011  1189 I ASH     : @ 77211.334: tcs3701: stop power rail pending_off timer
11-23 10:05:59.135  1011  1189 D ASH     : @ 77211.334: tcs3701: start power rail timer, state:3
11-23 10:05:59.137  5238  5296 I BatteryMgr:DataCollectionService: stats => 1700730359137,15563,4449,13427,4169000,100
11-23 10:05:59.175  1011  1189 I ASH     : @ 77211.374: tcs3701: stop power rail pending_off timer
11-23 10:05:59.175  1011  1189 D ASH     : @ 77211.374: tcs3701: start power rail timer, state:3
11-23 10:05:59.215  1011  1189 I ASH     : @ 77211.414: tcs3701: stop power rail pending_off timer
11-23 10:05:59.215  1011  1189 D ASH     : @ 77211.414: tcs3701: start power rail timer, state:3
11-23 10:05:59.244  5238  5296 I BatteryMgr:DataCollectionService: stats => 1700730359243,15563,4449,13427,4169000,100
11-23 10:05:59.255  1011  1189 I ASH     : @ 77211.454: tcs3701: stop power rail pending_off timer
11-23 10:05:59.255  1011  1189 D ASH     : @ 77211.454: tcs3701: start power rail timer, state:3
11-23 10:05:59.295  1011  1189 I ASH     : @ 77211.494: tcs3701: stop power rail pending_off timer
11-23 10:05:59.295  1011  1189 D ASH     : @ 77211.494: tcs3701: start power rail timer, state:3
11-23 10:05:59.335  1011  1189 I ASH     : @ 77211.534: tcs3701: stop power rail pending_off timer
11-23 10:05:59.335  1011  1189 D ASH     : @ 77211.534: tcs3701: start power rail timer, state:3
11-23 10:05:59.351  5238  5296 I BatteryMgr:DataCollectionService: stats => 1700730359351,15563,4449,13427,4169000,100
11-23 10:05:59.374  1011  1189 I ASH     : @ 77211.574: tcs3701: stop power rail pending_off timer
11-23 10:05:59.375  1011  1189 D ASH     : @ 77211.574: tcs3701: start power rail timer, state:3
11-23 10:05:59.415  1011  1189 I ASH     : @ 77211.614: tcs3701: stop power rail pending_off timer
11-23 10:05:59.415  1011  1189 D ASH     : @ 77211.614: tcs3701: start power rail timer, state:3
11-23 10:05:59.455  1011  1189 I ASH     : @ 77211.654: tcs3701: stop power rail pending_off timer
11-23 10:05:59.455  1011  1189 D ASH     : @ 77211.654: tcs3701: start power rail timer, state:3
11-23 10:05:59.456  5238  5296 I BatteryMgr:DataCollectionService: stats => 1700730359456,15869,4449,13427,4169000,100
11-23 10:05:59.495  1011  1189 I ASH     : @ 77211.694: tcs3701: stop power rail pending_off timer
11-23 10:05:59.495  1011  1189 D ASH     : @ 77211.694: tcs3701: start power rail timer, state:3
11-23 10:05:59.534  1011  1189 I ASH     : @ 77211.734: tcs3701: stop power rail pending_off timer
11-23 10:05:59.534  1011  1189 D ASH     : @ 77211.734: tcs3701: start power rail timer, state:3
11-23 10:05:59.562  5238  5296 I BatteryMgr:DataCollectionService: stats => 1700730359562,15869,4449,13427,4169000,100
11-23 10:05:59.575  1011  1189 I ASH     : @ 77211.774: tcs3701: stop power rail pending_off timer
11-23 10:05:59.575  1011  1189 D ASH     : @ 77211.774: tcs3701: start power rail timer, state:3
11-23 10:05:59.603  1795  2855 D ActivityManager: freezer override set to true
11-23 10:05:59.615  1011  1189 I ASH     : @ 77211.814: tcs3701: stop power rail pending_off timer
11-23 10:05:59.615  1011  1189 D ASH     : @ 77211.814: tcs3701: start power rail timer, state:3
11-23 10:05:59.655  1011  1189 I ASH     : @ 77211.854: tcs3701: stop power rail pending_off timer
11-23 10:05:59.655  1011  1189 D ASH     : @ 77211.854: tcs3701: start power rail timer, state:3
11-23 10:05:59.668  5238  5296 I BatteryMgr:DataCollectionService: stats => 1700730359668,15869,4449,13427,4169000,100
11-23 10:05:59.695  1011  1189 I ASH     : @ 77211.894: tcs3701: stop power rail pending_off timer
11-23 10:05:59.695  1011  1189 D ASH     : @ 77211.894: tcs3701: start power rail timer, state:3
11-23 10:05:59.695 11989 12046 I m.chrome.canary: Explicit concurrent copying GC freed 3591(176KB) AllocSpace objects, 3(60KB) LOS objects, 75% free, 11MB/46MB, paused 35us,26us total 51.139ms
11-23 10:05:59.734  1011  1189 I ASH     : @ 77211.934: tcs3701: stop power rail pending_off timer
11-23 10:05:59.735  1011  1189 D ASH     : @ 77211.934: tcs3701: start power rail timer, state:3
11-23 10:05:59.763  1795  2855 D ActivityManager: freezer override set to false
11-23 10:05:59.775  1011  1189 I ASH     : @ 77211.974: tcs3701: stop power rail pending_off timer
11-23 10:05:59.775  1011  1189 D ASH     : @ 77211.974: tcs3701: start power rail timer, state:3
11-23 10:05:59.775  5238  5296 I BatteryMgr:DataCollectionService: stats => 1700730359775,15869,4449,13427,4169000,100
11-23 10:05:59.810  1795  2855 D ActivityManager: freezer override set to true
11-23 10:05:59.814  1011  1189 I ASH     : @ 77212.014: tcs3701: stop power rail pending_off timer
11-23 10:05:59.814  1011  1189 D ASH     : @ 77212.014: tcs3701: start power rail timer, state:3
11-23 10:05:59.814  1795  2855 D ActivityManager: freezer override set to false
11-23 10:05:59.854  1011  1189 I ASH     : @ 77212.054: tcs3701: stop power rail pending_off timer
11-23 10:05:59.855  1011  1189 D ASH     : @ 77212.054: tcs3701: start power rail timer, state:3
11-23 10:05:59.883  5238  5296 I BatteryMgr:DataCollectionService: stats => 1700730359883,15869,4449,13427,4169000,100
11-23 10:05:59.894  1011  1189 I ASH     : @ 77212.094: tcs3701: stop power rail pending_off timer
11-23 10:05:59.894  1011  1189 D ASH     : @ 77212.094: tcs3701: start power rail timer, state:3
11-23 10:05:59.898  1411  1514 D Diag_Lib: diag: In log_to_device, File count reached max file num 50 so deleting oldest file
11-23 10:05:59.904  1411  1514 D Diag_Lib: diag: In delete_log, Deleting logfile /data/vendor/radio/diag_logs/logs/diag_log_20231123_0917141700727434174.qmdl2 of size 5169 KB
11-23 10:05:59.904  1411  1514 D Diag_Lib:  creating new file /data/vendor/radio/diag_logs/logs/diag_log_20231123_1005591700730359904.qmdl2 
11-23 10:05:59.912  1795  2855 D ActivityManager: freezer override set to true
11-23 10:05:59.917  1795  2855 D ActivityManager: freezer override set to false
11-23 10:05:59.934  1011  1189 I ASH     : @ 77212.134: tcs3701: stop power rail pending_off timer
11-23 10:05:59.935  1011  1189 D ASH     : @ 77212.134: tcs3701: start power rail timer, state:3
11-23 10:05:59.974  1011  1189 I ASH     : @ 77212.174: tcs3701: stop power rail pending_off timer
11-23 10:05:59.975  1011  1189 D ASH     : @ 77212.174: tcs3701: start power rail timer, state:3
11-23 10:05:59.988  5238  5296 I BatteryMgr:DataCollectionService: stats => 1700730359988,15869,4449,13427,4169000,100
11-23 10:05:59.999  1795  2424 D WifiClientModeImpl[13802:wlan0]: updateLinkLayerStatsRssiSpeedFrequencyCapabilities rssi=-46 TxLinkspeed=866 freq=5240 RxLinkSpeed=6
11-23 10:06:00.000  1795  2424 D WifiDataStall: tx tput in kbps: 755212
11-23 10:06:00.000  1795  2424 D WifiDataStall: rx tput in kbps: 794960
11-23 10:06:00.000  1795  2424 V WifiConfigManager: Updating scan detail cache freq=5240 BSSID=f4:6d:2f:12:cc:88 RSSI=-46 for "ourhome"WPA_PSK
11-23 10:06:00.001  1795  2424 D WifiChannelUtilization:  freq: 5240 onTime: 2006477 busyTime: 169271 onTimeDiff: 2006182 busyTimeDiff: 169254 utilization: 21 utilization t0: 21
11-23 10:06:00.001  1795  2424 D WifiDataStall:  ccaLevel = 21
11-23 10:06:00.001  1795  2424 D WifiDataStall: L2 txTputKbps: 755212, rxTputKbps: 794960, L3 txTputKbps: 0, rxTputKbps: 0, TxTrafficHigh: false, RxTrafficHigh: false, Throughput Sufficient: true
11-23 10:06:00.001  3213  8092 V WifiManager: OnWifiUsabilityStatsListener: onWifiUsabilityStats: seqNum=25541
11-23 10:06:00.001  1795  2424 D WifiScoreReport: Wifi scoring disabled - Don't check IP layer
11-23 10:06:00.001  2782  5906 D QCNEJ/WlanStaInfoRelay: Received action: android.net.wifi.RSSI_CHANGED
11-23 10:06:00.002  1795  2424 D WifiScoreCard: BSSID update SIGNAL_POLL ID: 1320464697 SSID: "ourhome", BSSID: f4:6d:2f:12:cc:88, MAC: b2:2f:ec:da:4a:0c, IP: /192.168.1.104, Security type: 2, Supplicant state: COMPLETED, Wi-Fi standard: 5, RSSI: -46, Link speed: 866Mbps, Tx Link speed: 866Mbps, Max Supported Tx Link speed: 866Mbps, Rx Link speed: 6Mbps, Max Supported Rx Link speed: 866Mbps, Frequency: 5240MHz, Net ID: 12, Metered hint: false, score: 60, isUsable: true, CarrierMerged: false, SubscriptionId: -1, IsPrimary: 1, Trusted: true, Restricted: false, Ephemeral: false, OEM paid: false, OEM private: false, OSU AP: false, FQDN: <none>, Provider friendly name: <none>, Requesting package name: <none>"ourhome"wpa2-pskMLO Information: , Is TID-To-Link negotiation supported by the AP: false, AP MLD Address: <none>, AP MLO Link Id: <none>, AP MLO Affiliated links: <none>
11-23 10:06:00.002  1795  2424 D WifiScoreCard: txRate: 1 txSpeed: 866
11-23 10:06:00.002  1795  2424 D WifiScoreCard: network update SIGNAL_POLL "ourhome" ID: 1499892569 RSSI -46 txSpeed -1
11-23 10:06:00.002  1795  2855 I WifiService: updateWifiUsabilityScore uid=10180 seqNum=25541 score=100 predictionHorizonSec=1441795
11-23 10:06:00.002  2513 20817 V WifiManager: TrafficStateCallbackProxy: onStateChanged state=0
11-23 10:06:00.003  1795  2424 D WifiClientModeImpl[13802:wlan0]:  ClientModeImpl$L2ConnectedState screen=on 9 0 "ourhome" f4:6d:2f:12:cc:88 rssi=-46 f=5240 sc=60 link=866 tx=0.0, 0.0, 0.0 rx=0.1 bcn=735279 [on:0 tx:0 rx:0 period:3015] from screen [on:33081 period:923399] score=60
11-23 10:06:00.004  1795  2424 D WifiScoreReport: Wifi scoring disabled - Notify that Wifi is usable
11-23 10:06:00.007  3579  3877 I AiAiEcho: (REDACTED) Predicting[%d]: %s
11-23 10:06:00.007  1795  2432 D ConnectivityService: NetReassign [no changes] [c 0] [a 0] [i 2]
11-23 10:06:00.008  3579  3877 I AiAiEcho: (REDACTED) EchoTargets: %s
11-23 10:06:00.008  3579  3877 I AiAiEcho: Filtered by AiAi flag check: %s
11-23 10:06:00.008  3579  3877 I AiAiEcho: (REDACTED) Ranked targets strategy: %s, count: %d, ranking metadata: %s
11-23 10:06:00.009  3579  3877 I AiAiEcho: (REDACTED) #weatherTwiddler: Weather removes SubtitleSupplementalItem in surface: %s
11-23 10:06:00.010  3579  3877 I AiAiEcho: (REDACTED) Predicting[%d]: %s
11-23 10:06:00.012  3579  3877 I AiAiEcho: (REDACTED) EchoTargets: %s
11-23 10:06:00.012  3579  3877 I AiAiEcho: Filtered by AiAi flag check: %s
11-23 10:06:00.013  3579  3877 I AiAiEcho: (REDACTED) Ranked targets strategy: %s, count: %d, ranking metadata: %s
11-23 10:06:00.014  3579  3877 I AiAiEcho: (REDACTED) #weatherTwiddler: Weather removes SubtitleSupplementalItem in surface: %s
11-23 10:06:00.014  1011  1189 I ASH     : @ 77212.214: tcs3701: stop power rail pending_off timer
11-23 10:06:00.014  1011  1189 D ASH     : @ 77212.214: tcs3701: start power rail timer, state:3
11-23 10:06:00.019  3579  3877 I AiAiEcho: (REDACTED) #postPredictionTargets: Sending updates to UISurface %s with targets# %s (types=[%s])
11-23 10:06:00.022  3579  3877 I AiAiEcho: (REDACTED) #postPredictionTargets: Sending updates to UISurface %s with targets# %s (types=[%s])
11-23 10:06:00.024  2940  2940 D SsBaseTemplateCard: No text view can be set up
11-23 10:06:00.025  2940  2940 D SsBaseTemplateCard: Passed-in item info is null
11-23 10:06:00.025  2940  2940 D SsBaseTemplateCard: Passed-in item info is null
11-23 10:06:00.025  2940  2940 I SsBaseTemplateCard: Secondary card pane is null
11-23 10:06:00.026  2513  2513 D SsBaseTemplateCard: No text view can be set up
11-23 10:06:00.026  2513  2513 D SsBaseTemplateCard: Passed-in item info is null
11-23 10:06:00.026  2513  2513 D SsBaseTemplateCard: Passed-in item info is null
11-23 10:06:00.026  2513  2513 I SsBaseTemplateCard: Secondary card pane is null
11-23 10:06:00.055  1011  1189 I ASH     : @ 77212.254: tcs3701: stop power rail pending_off timer
11-23 10:06:00.055  1011  1189 D ASH     : @ 77212.254: tcs3701: start power rail timer, state:3
11-23 10:06:00.094  1011  1189 I ASH     : @ 77212.294: tcs3701: stop power rail pending_off timer
11-23 10:06:00.094  1011  1189 D ASH     : @ 77212.294: tcs3701: start power rail timer, state:3
11-23 10:06:00.098  5238  5296 I BatteryMgr:DataCollectionService: stats => 1700730360097,15869,4449,13427,4169000,100
11-23 10:06:00.134  1011  1189 I ASH     : @ 77212.334: tcs3701: stop power rail pending_off timer
11-23 10:06:00.134  1011  1189 D ASH     : @ 77212.334: tcs3701: start power rail timer, state:3
11-23 10:06:00.174  1011  1189 I ASH     : @ 77212.374: tcs3701: stop power rail pending_off timer
11-23 10:06:00.174  1011  1189 D ASH     : @ 77212.374: tcs3701: start power rail timer, state:3
11-23 10:06:00.206  5238  5296 I BatteryMgr:DataCollectionService: stats => 1700730360206,15869,4449,13427,4169000,100
11-23 10:06:00.214  1011  1189 I ASH     : @ 77212.414: tcs3701: stop power rail pending_off timer
11-23 10:06:00.214  1011  1189 D ASH     : @ 77212.414: tcs3701: start power rail timer, state:3
11-23 10:06:00.254  1011  1189 I ASH     : @ 77212.454: tcs3701: stop power rail pending_off timer
11-23 10:06:00.254  1011  1189 D ASH     : @ 77212.454: tcs3701: start power rail timer, state:3
11-23 10:06:00.294  1011  1189 I ASH     : @ 77212.494: tcs3701: stop power rail pending_off timer
11-23 10:06:00.295  1011  1189 D ASH     : @ 77212.494: tcs3701: start power rail timer, state:3
11-23 10:06:00.312  5238  5296 I BatteryMgr:DataCollectionService: stats => 1700730360312,15869,4449,13427,4169000,100
11-23 10:06:00.334  1011  1189 I ASH     : @ 77212.534: tcs3701: stop power rail pending_off timer
11-23 10:06:00.334  1011  1189 D ASH     : @ 77212.534: tcs3701: start power rail timer, state:3
11-23 10:06:00.375  1011  1189 I ASH     : @ 77212.574: tcs3701: stop power rail pending_off timer
11-23 10:06:00.375  1011  1189 D ASH     : @ 77212.574: tcs3701: start power rail timer, state:3
11-23 10:06:00.414  1011  1189 I ASH     : @ 77212.614: tcs3701: stop power rail pending_off timer
11-23 10:06:00.415  1011  1189 D ASH     : @ 77212.614: tcs3701: start power rail timer, state:3
11-23 10:06:00.422  5238  5296 I BatteryMgr:DataCollectionService: stats => 1700730360422,15869,4449,13427,4169000,100
11-23 10:06:00.454  1011  1189 I ASH     : @ 77212.654: tcs3701: stop power rail pending_off timer
11-23 10:06:00.455  1011  1189 D ASH     : @ 77212.654: tcs3701: start power rail timer, state:3
11-23 10:06:00.495  1011  1189 I ASH     : @ 77212.694: tcs3701: stop power rail pending_off timer
11-23 10:06:00.495  1011  1189 D ASH     : @ 77212.694: tcs3701: start power rail timer, state:3
11-23 10:06:00.529  5238  5296 I BatteryMgr:DataCollectionService: stats => 1700730360529,15869,4449,13427,4169000,100
11-23 10:06:00.534  1011  1189 I ASH     : @ 77212.734: tcs3701: stop power rail pending_off timer
11-23 10:06:00.534  1011  1189 D ASH     : @ 77212.734: tcs3701: start power rail timer, state:3
11-23 10:06:00.575  1011  1189 I ASH     : @ 77212.774: tcs3701: stop power rail pending_off timer
11-23 10:06:00.575  1011  1189 D ASH     : @ 77212.774: tcs3701: start power rail timer, state:3
11-23 10:06:00.614  1011  1189 I ASH     : @ 77212.814: tcs3701: stop power rail pending_off timer
11-23 10:06:00.614  1011  1189 D ASH     : @ 77212.814: tcs3701: start power rail timer, state:3
11-23 10:06:00.635  5238  5296 I BatteryMgr:DataCollectionService: stats => 1700730360635,15869,4449,13427,4169000,100
11-23 10:06:00.654  1011  1189 I ASH     : @ 77212.854: tcs3701: stop power rail pending_off timer
11-23 10:06:00.654  1011  1189 D ASH     : @ 77212.854: tcs3701: start power rail timer, state:3
11-23 10:06:00.695  1011  1189 I ASH     : @ 77212.894: tcs3701: stop power rail pending_off timer
11-23 10:06:00.695  1011  1189 D ASH     : @ 77212.894: tcs3701: start power rail timer, state:3
11-23 10:06:00.734  1011  1189 I ASH     : @ 77212.934: tcs3701: stop power rail pending_off timer
11-23 10:06:00.734  1011  1189 D ASH     : @ 77212.934: tcs3701: start power rail timer, state:3
11-23 10:06:00.743  5238  5296 I BatteryMgr:DataCollectionService: stats => 1700730360742,15869,4449,13427,4169000,100
11-23 10:06:00.774  1011  1189 I ASH     : @ 77212.974: tcs3701: stop power rail pending_off timer
11-23 10:06:00.774  1011  1189 D ASH     : @ 77212.974: tcs3701: start power rail timer, state:3
11-23 10:06:00.814  1011  1189 I ASH     : @ 77213.014: tcs3701: stop power rail pending_off timer
11-23 10:06:00.814  1011  1189 D ASH     : @ 77213.014: tcs3701: start power rail timer, state:3
11-23 10:06:00.849  5238  5296 I BatteryMgr:DataCollectionService: stats => 1700730360849,15869,4449,13427,4169000,100
11-23 10:06:00.854  1011  1189 I ASH     : @ 77213.054: tcs3701: stop power rail pending_off timer
11-23 10:06:00.854  1011  1189 D ASH     : @ 77213.054: tcs3701: start power rail timer, state:3
11-23 10:06:00.866  1795  4172 D ActivityManager: freezer override set to true
11-23 10:06:00.871  1795  4172 D ActivityManager: freezer override set to false
11-23 10:06:00.895  1011  1189 I ASH     : @ 77213.094: tcs3701: stop power rail pending_off timer
11-23 10:06:00.895  1011  1189 D ASH     : @ 77213.094: tcs3701: start power rail timer, state:3
11-23 10:06:00.935  1011  1189 I ASH     : @ 77213.134: tcs3701: stop power rail pending_off timer
11-23 10:06:00.935  1011  1189 D ASH     : @ 77213.134: tcs3701: start power rail timer, state:3
11-23 10:06:00.957  5238  5296 I BatteryMgr:DataCollectionService: stats => 1700730360957,15869,4449,13427,4169000,100
11-23 10:06:00.974  1011  1189 I ASH     : @ 77213.174: tcs3701: stop power rail pending_off timer
11-23 10:06:00.974  1011  1189 D ASH     : @ 77213.174: tcs3701: start power rail timer, state:3
11-23 10:06:00.979  2113  2118 I pixel-thermal: skin-therm-monitor: 40.752
11-23 10:06:01.015  1011  1189 I ASH     : @ 77213.214: tcs3701: stop power rail pending_off timer
11-23 10:06:01.015  1011  1189 D ASH     : @ 77213.214: tcs3701: start power rail timer, state:3
11-23 10:06:01.047  1795  4172 D ActivityManager: freezer override set to true
11-23 10:06:01.054  1011  1189 I ASH     : @ 77213.254: tcs3701: stop power rail pending_off timer
11-23 10:06:01.054  1011  1189 D ASH     : @ 77213.254: tcs3701: start power rail timer, state:3
11-23 10:06:01.065  5238  5296 I BatteryMgr:DataCollectionService: stats => 1700730361065,15869,4449,13427,4169000,100
11-23 10:06:01.094  1011  1189 I ASH     : @ 77213.294: tcs3701: stop power rail pending_off timer
11-23 10:06:01.094  1011  1189 D ASH     : @ 77213.294: tcs3701: start power rail timer, state:3
11-23 10:06:01.134  1011  1189 I ASH     : @ 77213.334: tcs3701: stop power rail pending_off timer
11-23 10:06:01.134  1011  1189 D ASH     : @ 77213.334: tcs3701: start power rail timer, state:3
11-23 10:06:01.141 11989 12046 I m.chrome.canary: Explicit concurrent copying GC freed 3806(191KB) AllocSpace objects, 4(80KB) LOS objects, 75% free, 11MB/46MB, paused 36us,27us total 50.959ms
11-23 10:06:01.169  5238  5296 I BatteryMgr:DataCollectionService: stats => 1700730361169,15869,4449,13427,4169000,100
11-23 10:06:01.175  1011  1189 I ASH     : @ 77213.374: tcs3701: stop power rail pending_off timer
11-23 10:06:01.175  1011  1189 D ASH     : @ 77213.374: tcs3701: start power rail timer, state:3
11-23 10:06:01.203  1795  4172 D ActivityManager: freezer override set to false
11-23 10:06:01.215  1011  1189 I ASH     : @ 77213.414: tcs3701: stop power rail pending_off timer
11-23 10:06:01.215  1011  1189 D ASH     : @ 77213.414: tcs3701: start power rail timer, state:3
11-23 10:06:01.254  1011  1189 I ASH     : @ 77213.454: tcs3701: stop power rail pending_off timer
11-23 10:06:01.254  1011  1189 D ASH     : @ 77213.454: tcs3701: start power rail timer, state:3
11-23 10:06:01.256  1795  4172 D ActivityManager: freezer override set to true
11-23 10:06:01.259  1795  4172 D ActivityManager: freezer override set to false
11-23 10:06:01.276  5238  5296 I BatteryMgr:DataCollectionService: stats => 1700730361276,15869,4449,13427,4169000,100
11-23 10:06:01.294  1011  1189 I ASH     : @ 77213.494: tcs3701: stop power rail pending_off timer
11-23 10:06:01.294  1011  1189 D ASH     : @ 77213.494: tcs3701: start power rail timer, state:3
11-23 10:06:01.335  1011  1189 I ASH     : @ 77213.534: tcs3701: stop power rail pending_off timer
11-23 10:06:01.335  1011  1189 D ASH     : @ 77213.534: tcs3701: start power rail timer, state:3
11-23 10:06:01.374  1011  1189 I ASH     : @ 77213.574: tcs3701: stop power rail pending_off timer
11-23 10:06:01.374  1011  1189 D ASH     : @ 77213.574: tcs3701: start power rail timer, state:3
11-23 10:06:01.383  5238  5296 I BatteryMgr:DataCollectionService: stats => 1700730361383,15869,4449,13427,4169000,100
11-23 10:06:01.415  1011  1189 I ASH     : @ 77213.614: tcs3701: stop power rail pending_off timer
11-23 10:06:01.415  1011  1189 D ASH     : @ 77213.614: tcs3701: start power rail timer, state:3
11-23 10:06:01.454  1011  1189 I ASH     : @ 77213.654: tcs3701: stop power rail pending_off timer
11-23 10:06:01.455  1011  1189 D ASH     : @ 77213.654: tcs3701: start power rail timer, state:3
11-23 10:06:01.490  5238  5296 I BatteryMgr:DataCollectionService: stats => 1700730361490,15869,4449,13427,4169000,100
11-23 10:06:01.494  1011  1189 I ASH     : @ 77213.694: tcs3701: stop power rail pending_off timer
11-23 10:06:01.494  1011  1189 D ASH     : @ 77213.694: tcs3701: start power rail timer, state:3
