11-23 10:10:47.049  1011  1189 D ASH     : @ 77499.249: tcs3701: start power rail timer, state:3
11-23 10:10:47.062  5238  5296 I BatteryMgr:DataCollectionService: stats => 1700730647062,11291,4449,13427,4169000,100
11-23 10:10:47.089  1011  1189 I ASH     : @ 77499.289: tcs3701: stop power rail pending_off timer
11-23 10:10:47.089  1011  1189 D ASH     : @ 77499.289: tcs3701: start power rail timer, state:3
11-23 10:10:47.129  1011  1189 I ASH     : @ 77499.329: tcs3701: stop power rail pending_off timer
11-23 10:10:47.129  1011  1189 D ASH     : @ 77499.329: tcs3701: start power rail timer, state:3
11-23 10:10:47.169  1011  1189 I ASH     : @ 77499.369: tcs3701: stop power rail pending_off timer
11-23 10:10:47.169  1011  1189 D ASH     : @ 77499.369: tcs3701: start power rail timer, state:3
11-23 10:10:47.171  5238  5296 I BatteryMgr:DataCollectionService: stats => 1700730647171,13732,4449,13427,4169000,100
11-23 10:10:47.209  1011  1189 I ASH     : @ 77499.409: tcs3701: stop power rail pending_off timer
11-23 10:10:47.209  1011  1189 D ASH     : @ 77499.409: tcs3701: start power rail timer, state:3
11-23 10:10:47.249  1011  1189 I ASH     : @ 77499.449: tcs3701: stop power rail pending_off timer
11-23 10:10:47.250  1011  1189 D ASH     : @ 77499.449: tcs3701: start power rail timer, state:3
11-23 10:10:47.279  5238  5296 I BatteryMgr:DataCollectionService: stats => 1700730647279,13732,4449,13427,4169000,100
11-23 10:10:47.289  1011  1189 I ASH     : @ 77499.489: tcs3701: stop power rail pending_off timer
11-23 10:10:47.289  1011  1189 D ASH     : @ 77499.489: tcs3701: start power rail timer, state:3
11-23 10:10:47.329  1011  1189 I ASH     : @ 77499.529: tcs3701: stop power rail pending_off timer
11-23 10:10:47.329  1011  1189 D ASH     : @ 77499.529: tcs3701: start power rail timer, state:3
11-23 10:10:47.369  1011  1189 I ASH     : @ 77499.569: tcs3701: stop power rail pending_off timer
11-23 10:10:47.369  1011  1189 D ASH     : @ 77499.569: tcs3701: start power rail timer, state:3
11-23 10:10:47.384  5238  5296 I BatteryMgr:DataCollectionService: stats => 1700730647384,13732,4449,13427,4169000,100
11-23 10:10:47.409  1011  1189 I ASH     : @ 77499.609: tcs3701: stop power rail pending_off timer
11-23 10:10:47.409  1011  1189 D ASH     : @ 77499.609: tcs3701: start power rail timer, state:3
11-23 10:10:47.450  1011  1189 I ASH     : @ 77499.649: tcs3701: stop power rail pending_off timer
11-23 10:10:47.450  1011  1189 D ASH     : @ 77499.649: tcs3701: start power rail timer, state:3
11-23 10:10:47.489  1011  1189 I ASH     : @ 77499.689: tcs3701: stop power rail pending_off timer
11-23 10:10:47.489  1011  1189 D ASH     : @ 77499.689: tcs3701: start power rail timer, state:3
11-23 10:10:47.492  5238  5296 I BatteryMgr:DataCollectionService: stats => 1700730647492,13732,4449,13427,4169000,100
11-23 10:10:47.529  1011  1189 I ASH     : @ 77499.729: tcs3701: stop power rail pending_off timer
11-23 10:10:47.529  1011  1189 D ASH     : @ 77499.729: tcs3701: start power rail timer, state:3
11-23 10:10:47.569  1011  1189 I ASH     : @ 77499.769: tcs3701: stop power rail pending_off timer
11-23 10:10:47.570  1011  1189 D ASH     : @ 77499.769: tcs3701: start power rail timer, state:3
11-23 10:10:47.603  5238  5296 I BatteryMgr:DataCollectionService: stats => 1700730647603,13732,4449,13427,4169000,100
11-23 10:10:47.609  1011  1189 I ASH     : @ 77499.809: tcs3701: stop power rail pending_off timer
11-23 10:10:47.609  1011  1189 D ASH     : @ 77499.809: tcs3701: start power rail timer, state:3
11-23 10:10:47.615  1039  1095 D rlsservice: MonitorDisplayStatus client num 0, display status 1, sensor status 0
11-23 10:10:47.649  1011  1189 I ASH     : @ 77499.849: tcs3701: stop power rail pending_off timer
11-23 10:10:47.650  1011  1189 D ASH     : @ 77499.849: tcs3701: start power rail timer, state:3
11-23 10:10:47.687  1795  4168 D ActivityManager: freezer override set to true
11-23 10:10:47.689  1011  1189 I ASH     : @ 77499.889: tcs3701: stop power rail pending_off timer
11-23 10:10:47.690  1011  1189 D ASH     : @ 77499.889: tcs3701: start power rail timer, state:3
11-23 10:10:47.715  5238  5296 I BatteryMgr:DataCollectionService: stats => 1700730647714,13732,4449,13427,4169000,100
11-23 10:10:47.729  1011  1189 I ASH     : @ 77499.929: tcs3701: stop power rail pending_off timer
11-23 10:10:47.729  1011  1189 D ASH     : @ 77499.929: tcs3701: start power rail timer, state:3
11-23 10:10:47.769  1011  1189 I ASH     : @ 77499.969: tcs3701: stop power rail pending_off timer
11-23 10:10:47.769  1011  1189 D ASH     : @ 77499.969: tcs3701: start power rail timer, state:3
11-23 10:10:47.794 18180 18193 I m.chrome.canary: Explicit concurrent copying GC freed 3595(176KB) AllocSpace objects, 3(60KB) LOS objects, 75% free, 11MB/46MB, paused 146us,24us total 58.204ms
11-23 10:10:47.809  1011  1189 I ASH     : @ 77500.009: tcs3701: stop power rail pending_off timer
11-23 10:10:47.809  1011  1189 D ASH     : @ 77500.009: tcs3701: start power rail timer, state:3
11-23 10:10:47.824  5238  5296 I BatteryMgr:DataCollectionService: stats => 1700730647824,13732,4449,13427,4169000,100
11-23 10:10:47.849  1011  1189 I ASH     : @ 77500.049: tcs3701: stop power rail pending_off timer
11-23 10:10:47.849  1011  1189 D ASH     : @ 77500.049: tcs3701: start power rail timer, state:3
11-23 10:10:47.863  1795  4168 D ActivityManager: freezer override set to false
11-23 10:10:47.890  1011  1189 I ASH     : @ 77500.089: tcs3701: stop power rail pending_off timer
11-23 10:10:47.890  1011  1189 D ASH     : @ 77500.089: tcs3701: start power rail timer, state:3
11-23 10:10:47.912  1795  4168 D ActivityManager: freezer override set to true
11-23 10:10:47.915  1795  4168 D ActivityManager: freezer override set to false
11-23 10:10:47.929  1011  1189 I ASH     : @ 77500.129: tcs3701: stop power rail pending_off timer
11-23 10:10:47.929  1011  1189 D ASH     : @ 77500.129: tcs3701: start power rail timer, state:3
11-23 10:10:47.932  5238  5296 I BatteryMgr:DataCollectionService: stats => 1700730647932,13732,4449,13427,4169000,100
11-23 10:10:47.969  1011  1189 I ASH     : @ 77500.169: tcs3701: stop power rail pending_off timer
11-23 10:10:47.969  1011  1189 D ASH     : @ 77500.169: tcs3701: start power rail timer, state:3
11-23 10:10:47.976  1795  4168 D ActivityManager: freezer override set to true
11-23 10:10:47.981  1795  4168 D ActivityManager: freezer override set to false
11-23 10:10:48.009  1011  1189 I ASH     : @ 77500.209: tcs3701: stop power rail pending_off timer
11-23 10:10:48.009  1011  1189 D ASH     : @ 77500.209: tcs3701: start power rail timer, state:3
11-23 10:10:48.040  5238  5296 I BatteryMgr:DataCollectionService: stats => 1700730648039,13732,4449,13427,4169000,100
11-23 10:10:48.050  1011  1189 I ASH     : @ 77500.249: tcs3701: stop power rail pending_off timer
11-23 10:10:48.050  1011  1189 D ASH     : @ 77500.249: tcs3701: start power rail timer, state:3
11-23 10:10:48.089  1011  1189 I ASH     : @ 77500.289: tcs3701: stop power rail pending_off timer
11-23 10:10:48.089  1011  1189 D ASH     : @ 77500.289: tcs3701: start power rail timer, state:3
11-23 10:10:48.130  1011  1189 I ASH     : @ 77500.329: tcs3701: stop power rail pending_off timer
11-23 10:10:48.130  1011  1189 D ASH     : @ 77500.329: tcs3701: start power rail timer, state:3
11-23 10:10:48.147  5238  5296 I BatteryMgr:DataCollectionService: stats => 1700730648147,13732,4449,13427,4169000,100
11-23 10:10:48.169  1011  1189 I ASH     : @ 77500.369: tcs3701: stop power rail pending_off timer
11-23 10:10:48.169  1011  1189 D ASH     : @ 77500.369: tcs3701: start power rail timer, state:3
11-23 10:10:48.209  1011  1189 I ASH     : @ 77500.409: tcs3701: stop power rail pending_off timer
11-23 10:10:48.209  1011  1189 D ASH     : @ 77500.409: tcs3701: start power rail timer, state:3
11-23 10:10:48.250  1011  1189 I ASH     : @ 77500.449: tcs3701: stop power rail pending_off timer
11-23 10:10:48.250  1011  1189 D ASH     : @ 77500.449: tcs3701: start power rail timer, state:3
11-23 10:10:48.253  5238  5296 I BatteryMgr:DataCollectionService: stats => 1700730648253,13732,4449,13427,4169000,100
11-23 10:10:48.289  1011  1189 I ASH     : @ 77500.489: tcs3701: stop power rail pending_off timer
11-23 10:10:48.289  1011  1189 D ASH     : @ 77500.489: tcs3701: start power rail timer, state:3
11-23 10:10:48.330  1011  1189 I ASH     : @ 77500.529: tcs3701: stop power rail pending_off timer
11-23 10:10:48.330  1011  1189 D ASH     : @ 77500.529: tcs3701: start power rail timer, state:3
11-23 10:10:48.360  5238  5296 I BatteryMgr:DataCollectionService: stats => 1700730648360,13732,4449,13427,4169000,100
11-23 10:10:48.370  1011  1189 I ASH     : @ 77500.569: tcs3701: stop power rail pending_off timer
11-23 10:10:48.370  1011  1189 D ASH     : @ 77500.569: tcs3701: start power rail timer, state:3
11-23 10:10:48.409  1011  1189 I ASH     : @ 77500.609: tcs3701: stop power rail pending_off timer
11-23 10:10:48.409  1011  1189 D ASH     : @ 77500.609: tcs3701: start power rail timer, state:3
11-23 10:10:48.450  1011  1189 I ASH     : @ 77500.649: tcs3701: stop power rail pending_off timer
11-23 10:10:48.450  1011  1189 D ASH     : @ 77500.649: tcs3701: start power rail timer, state:3
11-23 10:10:48.467  5238  5296 I BatteryMgr:DataCollectionService: stats => 1700730648467,13732,4449,13427,4169000,100
11-23 10:10:48.489  1011  1189 I ASH     : @ 77500.689: tcs3701: stop power rail pending_off timer
11-23 10:10:48.490  1011  1189 D ASH     : @ 77500.689: tcs3701: start power rail timer, state:3
11-23 10:10:48.529  1011  1189 I ASH     : @ 77500.729: tcs3701: stop power rail pending_off timer
11-23 10:10:48.529  1011  1189 D ASH     : @ 77500.729: tcs3701: start power rail timer, state:3
11-23 10:10:48.569  1011  1189 I ASH     : @ 77500.769: tcs3701: stop power rail pending_off timer
11-23 10:10:48.569  1011  1189 D ASH     : @ 77500.769: tcs3701: start power rail timer, state:3
11-23 10:10:48.574  5238  5296 I BatteryMgr:DataCollectionService: stats => 1700730648574,13732,4449,13427,4169000,100
11-23 10:10:48.609  1011  1189 I ASH     : @ 77500.809: tcs3701: stop power rail pending_off timer
11-23 10:10:48.609  1011  1189 D ASH     : @ 77500.809: tcs3701: start power rail timer, state:3
11-23 10:10:48.649  1011  1189 I ASH     : @ 77500.849: tcs3701: stop power rail pending_off timer
11-23 10:10:48.649  1011  1189 D ASH     : @ 77500.849: tcs3701: start power rail timer, state:3
11-23 10:10:48.682  5238  5296 I BatteryMgr:DataCollectionService: stats => 1700730648681,13732,4449,13427,4169000,100
11-23 10:10:48.689  1011  1189 I ASH     : @ 77500.889: tcs3701: stop power rail pending_off timer
11-23 10:10:48.689  1011  1189 D ASH     : @ 77500.889: tcs3701: start power rail timer, state:3
11-23 10:10:48.729  1011  1189 I ASH     : @ 77500.929: tcs3701: stop power rail pending_off timer
11-23 10:10:48.729  1011  1189 D ASH     : @ 77500.929: tcs3701: start power rail timer, state:3
11-23 10:10:48.769  1011  1189 I ASH     : @ 77500.969: tcs3701: stop power rail pending_off timer
11-23 10:10:48.769  1011  1189 D ASH     : @ 77500.969: tcs3701: start power rail timer, state:3
11-23 10:10:48.789  5238  5296 I BatteryMgr:DataCollectionService: stats => 1700730648789,13732,4449,13427,4169000,100
11-23 10:10:48.810  1011  1189 I ASH     : @ 77501.009: tcs3701: stop power rail pending_off timer
11-23 10:10:48.810  1011  1189 D ASH     : @ 77501.009: tcs3701: start power rail timer, state:3
11-23 10:10:48.849  1011  1189 I ASH     : @ 77501.049: tcs3701: stop power rail pending_off timer
11-23 10:10:48.849  1011  1189 D ASH     : @ 77501.049: tcs3701: start power rail timer, state:3
11-23 10:10:48.889  1011  1189 I ASH     : @ 77501.089: tcs3701: stop power rail pending_off timer
11-23 10:10:48.890  1011  1189 D ASH     : @ 77501.089: tcs3701: start power rail timer, state:3
11-23 10:10:48.896  5238  5296 I BatteryMgr:DataCollectionService: stats => 1700730648896,13732,4449,13427,4169000,100
11-23 10:10:48.929  1011  1189 I ASH     : @ 77501.129: tcs3701: stop power rail pending_off timer
11-23 10:10:48.929  1011  1189 D ASH     : @ 77501.129: tcs3701: start power rail timer, state:3
11-23 10:10:48.970  1011  1189 I ASH     : @ 77501.169: tcs3701: stop power rail pending_off timer
11-23 10:10:48.970  1011  1189 D ASH     : @ 77501.169: tcs3701: start power rail timer, state:3
11-23 10:10:48.992  1795  4168 D ActivityManager: freezer override set to true
11-23 10:10:48.996  1795  4168 D ActivityManager: freezer override set to false
11-23 10:10:49.006  5238  5296 I BatteryMgr:DataCollectionService: stats => 1700730649006,13732,4449,13427,4169000,100
11-23 10:10:49.009  1011  1189 I ASH     : @ 77501.209: tcs3701: stop power rail pending_off timer
11-23 10:10:49.009  1011  1189 D ASH     : @ 77501.209: tcs3701: start power rail timer, state:3
11-23 10:10:49.041  2113  2118 I pixel-thermal: skin-therm-monitor: 40.763
11-23 10:10:49.050  1011  1189 I ASH     : @ 77501.249: tcs3701: stop power rail pending_off timer
11-23 10:10:49.050  1011  1189 D ASH     : @ 77501.249: tcs3701: start power rail timer, state:3
11-23 10:10:49.089  1011  1189 I ASH     : @ 77501.289: tcs3701: stop power rail pending_off timer
11-23 10:10:49.089  1011  1189 D ASH     : @ 77501.289: tcs3701: start power rail timer, state:3
11-23 10:10:49.113  1795  4168 D ActivityManager: freezer override set to true
11-23 10:10:49.118  5238  5296 I BatteryMgr:DataCollectionService: stats => 1700730649118,13732,4449,13427,4169000,100
11-23 10:10:49.129  1011  1189 I ASH     : @ 77501.329: tcs3701: stop power rail pending_off timer
11-23 10:10:49.129  1011  1189 D ASH     : @ 77501.329: tcs3701: start power rail timer, state:3
11-23 10:10:49.169  1011  1189 I ASH     : @ 77501.369: tcs3701: stop power rail pending_off timer
11-23 10:10:49.169  1011  1189 D ASH     : @ 77501.369: tcs3701: start power rail timer, state:3
11-23 10:10:49.210  1011  1189 I ASH     : @ 77501.409: tcs3701: stop power rail pending_off timer
11-23 10:10:49.210  1011  1189 D ASH     : @ 77501.409: tcs3701: start power rail timer, state:3
11-23 10:10:49.229  5238  5296 I BatteryMgr:DataCollectionService: stats => 1700730649229,13732,4449,13427,4169000,100
11-23 10:10:49.249  1011  1189 I ASH     : @ 77501.449: tcs3701: stop power rail pending_off timer
11-23 10:10:49.249  1011  1189 D ASH     : @ 77501.449: tcs3701: start power rail timer, state:3
11-23 10:10:49.289  1011  1189 I ASH     : @ 77501.489: tcs3701: stop power rail pending_off timer
11-23 10:10:49.289 18180 18193 I m.chrome.canary: Explicit concurrent copying GC freed 3812(191KB) AllocSpace objects, 4(80KB) LOS objects, 75% free, 11MB/46MB, paused 82us,25us total 53.890ms
11-23 10:10:49.289  1011  1189 D ASH     : @ 77501.489: tcs3701: start power rail timer, state:3
11-23 10:10:49.330  1011  1189 I ASH     : @ 77501.529: tcs3701: stop power rail pending_off timer
11-23 10:10:49.330  1011  1189 D ASH     : @ 77501.529: tcs3701: start power rail timer, state:3
11-23 10:10:49.337  5238  5296 I BatteryMgr:DataCollectionService: stats => 1700730649337,13732,4449,13427,4169000,100
11-23 10:10:49.356  1795  4168 D ActivityManager: freezer override set to false
11-23 10:10:49.369  1011  1189 I ASH     : @ 77501.569: tcs3701: stop power rail pending_off timer
11-23 10:10:49.369  1011  1189 D ASH     : @ 77501.569: tcs3701: start power rail timer, state:3
11-23 10:10:49.410  1011  1189 I ASH     : @ 77501.609: tcs3701: stop power rail pending_off timer
11-23 10:10:49.410  1011  1189 D ASH     : @ 77501.609: tcs3701: start power rail timer, state:3
11-23 10:10:49.415  1795  4168 D ActivityManager: freezer override set to true
11-23 10:10:49.418  1795  4168 D ActivityManager: freezer override set to false
11-23 10:10:49.442  5238  5296 I BatteryMgr:DataCollectionService: stats => 1700730649442,13732,4449,13427,4169000,100
11-23 10:10:49.449  1011  1189 I ASH     : @ 77501.649: tcs3701: stop power rail pending_off timer
11-23 10:10:49.449  1011  1189 D ASH     : @ 77501.649: tcs3701: start power rail timer, state:3
11-23 10:10:49.489  1011  1189 I ASH     : @ 77501.689: tcs3701: stop power rail pending_off timer
11-23 10:10:49.489  1011  1189 D ASH     : @ 77501.689: tcs3701: start power rail timer, state:3
11-23 10:10:49.530  1011  1189 I ASH     : @ 77501.729: tcs3701: stop power rail pending_off timer
11-23 10:10:49.530  1011  1189 D ASH     : @ 77501.729: tcs3701: start power rail timer, state:3
11-23 10:10:49.550  5238  5296 I BatteryMgr:DataCollectionService: stats => 1700730649550,13732,4449,13427,4169000,100
11-23 10:10:49.569  1011  1189 I ASH     : @ 77501.769: tcs3701: stop power rail pending_off timer
11-23 10:10:49.569  1011  1189 D ASH     : @ 77501.769: tcs3701: start power rail timer, state:3
11-23 10:10:49.610  1011  1189 I ASH     : @ 77501.809: tcs3701: stop power rail pending_off timer
11-23 10:10:49.610  1011  1189 D ASH     : @ 77501.809: tcs3701: start power rail timer, state:3
11-23 10:10:49.649  1011  1189 I ASH     : @ 77501.849: tcs3701: stop power rail pending_off timer
11-23 10:10:49.649  1011  1189 D ASH     : @ 77501.849: tcs3701: start power rail timer, state:3
11-23 10:10:49.656  5238  5296 I BatteryMgr:DataCollectionService: stats => 1700730649655,13732,4449,13427,4169000,100
11-23 10:10:49.689  1011  1189 I ASH     : @ 77501.889: tcs3701: stop power rail pending_off timer
11-23 10:10:49.689  1011  1189 D ASH     : @ 77501.889: tcs3701: start power rail timer, state:3
11-23 10:10:49.703  1795  2424 D WifiClientModeImpl[13802:wlan0]: updateLinkLayerStatsRssiSpeedFrequencyCapabilities rssi=-45 TxLinkspeed=866 freq=5240 RxLinkSpeed=866
11-23 10:10:49.705  1795  2424 D WifiDataStall: tx tput in kbps: 755212
11-23 10:10:49.705  1795  2424 D WifiDataStall: rx tput in kbps: 794960
11-23 10:10:49.705  1795  2424 V WifiConfigManager: Updating scan detail cache freq=5240 BSSID=f4:6d:2f:12:cc:88 RSSI=-45 for "ourhome"WPA_PSK
11-23 10:10:49.705  2782  5906 D QCNEJ/WlanStaInfoRelay: Received action: android.net.wifi.RSSI_CHANGED
11-23 10:10:49.706  1795  2424 D WifiChannelUtilization:  freq: 5240 onTime: 2019106 busyTime: 169866 onTimeDiff: 2018811 busyTimeDiff: 169849 utilization: 21 utilization t0: 21
11-23 10:10:49.706  1795  2424 D WifiDataStall:  ccaLevel = 21
11-23 10:10:49.706  1795  2424 D WifiDataStall: L2 txTputKbps: 755212, rxTputKbps: 794960, L3 txTputKbps: 0, rxTputKbps: 0, TxTrafficHigh: false, RxTrafficHigh: false, Throughput Sufficient: true
11-23 10:10:49.706  3213  3230 V WifiManager: OnWifiUsabilityStatsListener: onWifiUsabilityStats: seqNum=25637
11-23 10:10:49.706  1795  2424 D WifiScoreReport: Wifi scoring disabled - Don't check IP layer
11-23 10:10:49.706  1795  4168 I WifiService: updateWifiUsabilityScore uid=10180 seqNum=25637 score=100 predictionHorizonSec=1441795
11-23 10:10:49.707  1795  2424 D WifiScoreCard: BSSID update SIGNAL_POLL ID: 1320464697 SSID: "ourhome", BSSID: f4:6d:2f:12:cc:88, MAC: b2:2f:ec:da:4a:0c, IP: /192.168.1.104, Security type: 2, Supplicant state: COMPLETED, Wi-Fi standard: 5, RSSI: -45, Link speed: 866Mbps, Tx Link speed: 866Mbps, Max Supported Tx Link speed: 866Mbps, Rx Link speed: 866Mbps, Max Supported Rx Link speed: 866Mbps, Frequency: 5240MHz, Net ID: 12, Metered hint: false, score: 60, isUsable: true, CarrierMerged: false, SubscriptionId: -1, IsPrimary: 1, Trusted: true, Restricted: false, Ephemeral: false, OEM paid: false, OEM private: false, OSU AP: false, FQDN: <none>, Provider friendly name: <none>, Requesting package name: <none>"ourhome"wpa2-pskMLO Information: , Is TID-To-Link negotiation supported by the AP: false, AP MLD Address: <none>, AP MLO Link Id: <none>, AP MLO Affiliated links: <none>
11-23 10:10:49.707  1795  2424 D WifiScoreCard: txRate: 1 txSpeed: 866
11-23 10:10:49.707  1795  2424 D WifiScoreCard: network update SIGNAL_POLL "ourhome" ID: 1499892569 RSSI -45 txSpeed -1
11-23 10:10:49.707  1795  2424 D WifiClientModeImpl[13802:wlan0]:  ClientModeImpl$L2ConnectedState screen=on 9 0 "ourhome" f4:6d:2f:12:cc:88 rssi=-45 f=5240 sc=60 link=866 tx=0.3, 0.0, 0.0 rx=0.2 bcn=738102 [on:0 tx:0 rx:0 period:3018] from screen [on:45710 period:1213104] score=60
11-23 10:10:49.708  1795  2424 D WifiScoreReport: Wifi scoring disabled - Notify that Wifi is usable
11-23 10:10:49.712  1795  2432 D ConnectivityService: NetReassign [no changes] [c 0] [a 0] [i 4]
11-23 10:10:49.729  1011  1189 I ASH     : @ 77501.929: tcs3701: stop power rail pending_off timer
11-23 10:10:49.729  1011  1189 D ASH     : @ 77501.929: tcs3701: start power rail timer, state:3
11-23 10:10:49.763  5238  5296 I BatteryMgr:DataCollectionService: stats => 1700730649763,13732,4449,13427,4169000,100
11-23 10:10:49.770  1011  1189 I ASH     : @ 77501.969: tcs3701: stop power rail pending_off timer
11-23 10:10:49.770  1011  1189 D ASH     : @ 77501.969: tcs3701: start power rail timer, state:3
11-23 10:10:49.811  1011  1189 I ASH     : @ 77502.009: tcs3701: stop power rail pending_off timer
11-23 10:10:49.811  1011  1189 D ASH     : @ 77502.009: tcs3701: start power rail timer, state:3
11-23 10:10:49.849  1011  1189 I ASH     : @ 77502.049: tcs3701: stop power rail pending_off timer
11-23 10:10:49.849  1011  1189 D ASH     : @ 77502.049: tcs3701: start power rail timer, state:3
11-23 10:10:49.873  5238  5296 I BatteryMgr:DataCollectionService: stats => 1700730649873,13732,4449,13427,4169000,100
11-23 10:10:49.890  1011  1189 I ASH     : @ 77502.089: tcs3701: stop power rail pending_off timer
11-23 10:10:49.890  1011  1189 D ASH     : @ 77502.089: tcs3701: start power rail timer, state:3
11-23 10:10:49.929  1011  1189 I ASH     : @ 77502.129: tcs3701: stop power rail pending_off timer
11-23 10:10:49.929  1011  1189 D ASH     : @ 77502.129: tcs3701: start power rail timer, state:3
11-23 10:10:49.970  1011  1189 I ASH     : @ 77502.169: tcs3701: stop power rail pending_off timer
11-23 10:10:49.970  1011  1189 D ASH     : @ 77502.169: tcs3701: start power rail timer, state:3
11-23 10:10:49.981  1795  3807 D ActivityManager: freezer override set to true
11-23 10:10:49.981  5238  5296 I BatteryMgr:DataCollectionService: stats => 1700730649981,13732,4449,13427,4169000,100
11-23 10:10:49.986  1795  3807 D ActivityManager: freezer override set to false
11-23 10:10:50.009  1011  1189 I ASH     : @ 77502.209: tcs3701: stop power rail pending_off timer
11-23 10:10:50.009  1011  1189 D ASH     : @ 77502.209: tcs3701: start power rail timer, state:3
11-23 10:10:50.049  1011  1189 I ASH     : @ 77502.249: tcs3701: stop power rail pending_off timer
11-23 10:10:50.049  1011  1189 D ASH     : @ 77502.249: tcs3701: start power rail timer, state:3
11-23 10:10:50.087  5238  5296 I BatteryMgr:DataCollectionService: stats => 1700730650087,13732,4449,13427,4169000,100
11-23 10:10:50.089  1011  1189 I ASH     : @ 77502.289: tcs3701: stop power rail pending_off timer
11-23 10:10:50.090  1011  1189 D ASH     : @ 77502.289: tcs3701: start power rail timer, state:3
11-23 10:10:50.129  1011  1189 I ASH     : @ 77502.329: tcs3701: stop power rail pending_off timer
11-23 10:10:50.129  1011  1189 D ASH     : @ 77502.329: tcs3701: start power rail timer, state:3
11-23 10:10:50.169  1011  1189 I ASH     : @ 77502.369: tcs3701: stop power rail pending_off timer
11-23 10:10:50.169  1011  1189 D ASH     : @ 77502.369: tcs3701: start power rail timer, state:3
11-23 10:10:50.197  5238  5296 I BatteryMgr:DataCollectionService: stats => 1700730650197,13732,4449,13427,4169000,100
11-23 10:10:50.209  1011  1189 I ASH     : @ 77502.409: tcs3701: stop power rail pending_off timer
11-23 10:10:50.209  1011  1189 D ASH     : @ 77502.409: tcs3701: start power rail timer, state:3
11-23 10:10:50.249  1011  1189 I ASH     : @ 77502.449: tcs3701: stop power rail pending_off timer
11-23 10:10:50.249  1011  1189 D ASH     : @ 77502.449: tcs3701: start power rail timer, state:3
11-23 10:10:50.290  1011  1189 I ASH     : @ 77502.489: tcs3701: stop power rail pending_off timer
11-23 10:10:50.290  1011  1189 D ASH     : @ 77502.489: tcs3701: start power rail timer, state:3
11-23 10:10:50.306  5238  5296 I BatteryMgr:DataCollectionService: stats => 1700730650305,13732,4449,13427,4169000,100
11-23 10:10:50.329  1011  1189 I ASH     : @ 77502.529: tcs3701: stop power rail pending_off timer
11-23 10:10:50.330  1011  1189 D ASH     : @ 77502.529: tcs3701: start power rail timer, state:3
11-23 10:10:50.369  1011  1189 I ASH     : @ 77502.569: tcs3701: stop power rail pending_off timer
11-23 10:10:50.369  1011  1189 D ASH     : @ 77502.569: tcs3701: start power rail timer, state:3
11-23 10:10:50.410  1011  1189 I ASH     : @ 77502.609: tcs3701: stop power rail pending_off timer
11-23 10:10:50.410  1011  1189 D ASH     : @ 77502.609: tcs3701: start power rail timer, state:3
11-23 10:10:50.415  5238  5296 I BatteryMgr:DataCollectionService: stats => 1700730650415,13732,4449,13427,4169000,100
11-23 10:10:50.449  1011  1189 I ASH     : @ 77502.649: tcs3701: stop power rail pending_off timer
11-23 10:10:50.449  1011  1189 D ASH     : @ 77502.649: tcs3701: start power rail timer, state:3
11-23 10:10:50.489  1011  1189 I ASH     : @ 77502.689: tcs3701: stop power rail pending_off timer
11-23 10:10:50.489  1011  1189 D ASH     : @ 77502.689: tcs3701: start power rail timer, state:3
11-23 10:10:50.495  1411  1514 D Diag_Lib: diag: In log_to_device, File count reached max file num 50 so deleting oldest file
11-23 10:10:50.502  1411  1514 D Diag_Lib: diag: In delete_log, Deleting logfile /data/vendor/radio/diag_logs/logs/diag_log_20231123_0922181700727738262.qmdl2 of size 5131 KB
11-23 10:10:50.503  1411  1514 D Diag_Lib:  creating new file /data/vendor/radio/diag_logs/logs/diag_log_20231123_1010501700730650502.qmdl2 
11-23 10:10:50.521  5238  5296 I BatteryMgr:DataCollectionService: stats => 1700730650520,13732,4449,13427,4169000,100
11-23 10:10:50.529  1011  1189 I ASH     : @ 77502.729: tcs3701: stop power rail pending_off timer
11-23 10:10:50.529  1011  1189 D ASH     : @ 77502.729: tcs3701: start power rail timer, state:3
11-23 10:10:50.569  1011  1189 I ASH     : @ 77502.769: tcs3701: stop power rail pending_off timer
11-23 10:10:50.569  1011  1189 D ASH     : @ 77502.769: tcs3701: start power rail timer, state:3
11-23 10:10:50.609  1011  1189 I ASH     : @ 77502.809: tcs3701: stop power rail pending_off timer
11-23 10:10:50.609  1011  1189 D ASH     : @ 77502.809: tcs3701: start power rail timer, state:3
11-23 10:10:50.609  1795  3807 D ActivityManager: freezer override set to true
11-23 10:10:50.628  5238  5296 I BatteryMgr:DataCollectionService: stats => 1700730650627,13732,4449,13427,4169000,100
11-23 10:10:50.649  1011  1189 I ASH     : @ 77502.849: tcs3701: stop power rail pending_off timer
11-23 10:10:50.649  1011  1189 D ASH     : @ 77502.849: tcs3701: start power rail timer, state:3
11-23 10:10:50.689  1011  1189 I ASH     : @ 77502.889: tcs3701: stop power rail pending_off timer
11-23 10:10:50.689  1011  1189 D ASH     : @ 77502.889: tcs3701: start power rail timer, state:3
11-23 10:10:50.713 18180 18193 I m.chrome.canary: Explicit concurrent copying GC freed 3672(226KB) AllocSpace objects, 3(60KB) LOS objects, 75% free, 11MB/46MB, paused 36us,25us total 57.839ms
11-23 10:10:50.729  1011  1189 I ASH     : @ 77502.929: tcs3701: stop power rail pending_off timer
11-23 10:10:50.729  1011  1189 D ASH     : @ 77502.929: tcs3701: start power rail timer, state:3
11-23 10:10:50.736  5238  5296 I BatteryMgr:DataCollectionService: stats => 1700730650736,13732,4449,13427,4169000,100
11-23 10:10:50.769  1011  1189 I ASH     : @ 77502.969: tcs3701: stop power rail pending_off timer
11-23 10:10:50.770  1011  1189 D ASH     : @ 77502.969: tcs3701: start power rail timer, state:3
11-23 10:10:50.790  1795  3807 D ActivityManager: freezer override set to false
11-23 10:10:50.809  1011  1189 I ASH     : @ 77503.009: tcs3701: stop power rail pending_off timer
11-23 10:10:50.809  1011  1189 D ASH     : @ 77503.009: tcs3701: start power rail timer, state:3
11-23 10:10:50.835  1795  3807 D ActivityManager: freezer override set to true
11-23 10:10:50.840  1795  3807 D ActivityManager: freezer override set to false
11-23 10:10:50.847  5238  5296 I BatteryMgr:DataCollectionService: stats => 1700730650847,13732,4449,13427,4169000,100
11-23 10:10:50.849  1011  1189 I ASH     : @ 77503.049: tcs3701: stop power rail pending_off timer
11-23 10:10:50.849  1011  1189 D ASH     : @ 77503.049: tcs3701: start power rail timer, state:3
11-23 10:10:50.889  1011  1189 I ASH     : @ 77503.089: tcs3701: stop power rail pending_off timer
11-23 10:10:50.890  1011  1189 D ASH     : @ 77503.089: tcs3701: start power rail timer, state:3
11-23 10:10:50.929  1011  1189 I ASH     : @ 77503.129: tcs3701: stop power rail pending_off timer
11-23 10:10:50.930  1011  1189 D ASH     : @ 77503.129: tcs3701: start power rail timer, state:3
11-23 10:10:50.955  5238  5296 I BatteryMgr:DataCollectionService: stats => 1700730650954,13732,4449,13427,4169000,100
11-23 10:10:50.970  1011  1189 I ASH     : @ 77503.169: tcs3701: stop power rail pending_off timer
11-23 10:10:50.970  1011  1189 D ASH     : @ 77503.169: tcs3701: start power rail timer, state:3
11-23 10:10:50.981  1795  3807 D ActivityManager: freezer override set to true
11-23 10:10:50.985  1795  3807 D ActivityManager: freezer override set to false
11-23 10:10:51.009  1011  1189 I ASH     : @ 77503.209: tcs3701: stop power rail pending_off timer
11-23 10:10:51.009  1011  1189 D ASH     : @ 77503.209: tcs3701: start power rail timer, state:3
11-23 10:10:51.045  2113  2118 I pixel-thermal: skin-therm-monitor: 40.771
11-23 10:10:51.049  1011  1189 I ASH     : @ 77503.249: tcs3701: stop power rail pending_off timer
11-23 10:10:51.049  1011  1189 D ASH     : @ 77503.249: tcs3701: start power rail timer, state:3
11-23 10:10:51.063  5238  5296 I BatteryMgr:DataCollectionService: stats => 1700730651062,13732,4449,13427,4169000,100
11-23 10:10:51.090  1011  1189 I ASH     : @ 77503.289: tcs3701: stop power rail pending_off timer
11-23 10:10:51.090  1011  1189 D ASH     : @ 77503.289: tcs3701: start power rail timer, state:3
11-23 10:10:51.130  1011  1189 I ASH     : @ 77503.329: tcs3701: stop power rail pending_off timer
11-23 10:10:51.130  1011  1189 D ASH     : @ 77503.329: tcs3701: start power rail timer, state:3
11-23 10:10:51.168  5238  5296 I BatteryMgr:DataCollectionService: stats => 1700730651168,13732,4449,13427,4169000,100
11-23 10:10:51.170  1011  1189 I ASH     : @ 77503.369: tcs3701: stop power rail pending_off timer
11-23 10:10:51.170  1011  1189 D ASH     : @ 77503.369: tcs3701: start power rail timer, state:3
11-23 10:10:51.209  1011  1189 I ASH     : @ 77503.409: tcs3701: stop power rail pending_off timer
11-23 10:10:51.210  1011  1189 D ASH     : @ 77503.409: tcs3701: start power rail timer, state:3
11-23 10:10:51.249  1011  1189 I ASH     : @ 77503.449: tcs3701: stop power rail pending_off timer
11-23 10:10:51.250  1011  1189 D ASH     : @ 77503.449: tcs3701: start power rail timer, state:3
11-23 10:10:51.276  5238  5296 I BatteryMgr:DataCollectionService: stats => 1700730651276,13732,4449,13427,4169000,100
11-23 10:10:51.290  1011  1189 I ASH     : @ 77503.489: tcs3701: stop power rail pending_off timer
11-23 10:10:51.290  1011  1189 D ASH     : @ 77503.489: tcs3701: start power rail timer, state:3
11-23 10:10:51.329  1011  1189 I ASH     : @ 77503.529: tcs3701: stop power rail pending_off timer
11-23 10:10:51.329  1011  1189 D ASH     : @ 77503.529: tcs3701: start power rail timer, state:3
11-23 10:10:51.370  1011  1189 I ASH     : @ 77503.569: tcs3701: stop power rail pending_off timer
11-23 10:10:51.370  1011  1189 D ASH     : @ 77503.569: tcs3701: start power rail timer, state:3
11-23 10:10:51.383  5238  5296 I BatteryMgr:DataCollectionService: stats => 1700730651383,13732,4449,13427,4169000,100
11-23 10:10:51.409  1011  1189 I ASH     : @ 77503.609: tcs3701: stop power rail pending_off timer
11-23 10:10:51.410  1011  1189 D ASH     : @ 77503.609: tcs3701: start power rail timer, state:3
11-23 10:10:51.450  1011  1189 I ASH     : @ 77503.649: tcs3701: stop power rail pending_off timer
11-23 10:10:51.450  1011  1189 D ASH     : @ 77503.649: tcs3701: start power rail timer, state:3
11-23 10:10:51.490  1011  1189 I ASH     : @ 77503.689: tcs3701: stop power rail pending_off timer
11-23 10:10:51.490  1011  1189 D ASH     : @ 77503.689: tcs3701: start power rail timer, state:3
11-23 10:10:51.491  5238  5296 I BatteryMgr:DataCollectionService: stats => 1700730651491,13732,4449,13427,4169000,100
11-23 10:10:51.529  1011  1189 I ASH     : @ 77503.729: tcs3701: stop power rail pending_off timer
11-23 10:10:51.529  1011  1189 D ASH     : @ 77503.729: tcs3701: start power rail timer, state:3
11-23 10:10:51.569  1011  1189 I ASH     : @ 77503.769: tcs3701: stop power rail pending_off timer
11-23 10:10:51.569  1011  1189 D ASH     : @ 77503.769: tcs3701: start power rail timer, state:3
11-23 10:10:51.599  5238  5296 I BatteryMgr:DataCollectionService: stats => 1700730651599,13732,4449,13427,4169000,100
11-23 10:10:51.609  1011  1189 I ASH     : @ 77503.809: tcs3701: stop power rail pending_off timer
11-23 10:10:51.609  1011  1189 D ASH     : @ 77503.809: tcs3701: start power rail timer, state:3
11-23 10:10:51.649  1011  1189 I ASH     : @ 77503.849: tcs3701: stop power rail pending_off timer
11-23 10:10:51.649  1011  1189 D ASH     : @ 77503.849: tcs3701: start power rail timer, state:3
11-23 10:10:51.689  1011  1189 I ASH     : @ 77503.889: tcs3701: stop power rail pending_off timer
11-23 10:10:51.689  1011  1189 D ASH     : @ 77503.889: tcs3701: start power rail timer, state:3
11-23 10:10:51.704  5238  5296 I BatteryMgr:DataCollectionService: stats => 1700730651704,13732,4449,13427,4169000,100
11-23 10:10:51.729  1011  1189 I ASH     : @ 77503.929: tcs3701: stop power rail pending_off timer
11-23 10:10:51.729  1011  1189 D ASH     : @ 77503.929: tcs3701: start power rail timer, state:3
11-23 10:10:51.769  1011  1189 I ASH     : @ 77503.969: tcs3701: stop power rail pending_off timer
11-23 10:10:51.769  1011  1189 D ASH     : @ 77503.969: tcs3701: start power rail timer, state:3
11-23 10:10:51.809  1011  1189 I ASH     : @ 77504.009: tcs3701: stop power rail pending_off timer
11-23 10:10:51.809  1011  1189 D ASH     : @ 77504.009: tcs3701: start power rail timer, state:3
11-23 10:10:51.812  5238  5296 I BatteryMgr:DataCollectionService: stats => 1700730651811,13732,4449,13427,4169000,100
11-23 10:10:51.850  1011  1189 I ASH     : @ 77504.049: tcs3701: stop power rail pending_off timer
11-23 10:10:51.850  1011  1189 D ASH     : @ 77504.049: tcs3701: start power rail timer, state:3
11-23 10:10:51.889  1011  1189 I ASH     : @ 77504.089: tcs3701: stop power rail pending_off timer
11-23 10:10:51.889  1011  1189 D ASH     : @ 77504.089: tcs3701: start power rail timer, state:3
11-23 10:10:51.922  5238  5296 I BatteryMgr:DataCollectionService: stats => 1700730651922,13732,4449,13427,4169000,100
11-23 10:10:51.929  1011  1189 I ASH     : @ 77504.129: tcs3701: stop power rail pending_off timer
11-23 10:10:51.929  1011  1189 D ASH     : @ 77504.129: tcs3701: start power rail timer, state:3
11-23 10:10:51.969  1011  1189 I ASH     : @ 77504.169: tcs3701: stop power rail pending_off timer
11-23 10:10:51.969  1011  1189 D ASH     : @ 77504.169: tcs3701: start power rail timer, state:3
11-23 10:10:52.000  1795  3807 D ActivityManager: freezer override set to true
11-23 10:10:52.005  1795  3807 D ActivityManager: freezer override set to false
11-23 10:10:52.009  1011  1189 I ASH     : @ 77504.209: tcs3701: stop power rail pending_off timer
11-23 10:10:52.009  1011  1189 D ASH     : @ 77504.209: tcs3701: start power rail timer, state:3
11-23 10:10:52.016  1795  3807 D ActivityManager: freezer override set to true
11-23 10:10:52.030  5238  5296 I BatteryMgr:DataCollectionService: stats => 1700730652030,13732,4449,13427,4169000,100
11-23 10:10:52.049  1011  1189 I ASH     : @ 77504.249: tcs3701: stop power rail pending_off timer
11-23 10:10:52.050  1011  1189 D ASH     : @ 77504.249: tcs3701: start power rail timer, state:3
11-23 10:10:52.089  1011  1189 I ASH     : @ 77504.289: tcs3701: stop power rail pending_off timer
11-23 10:10:52.089  1011  1189 D ASH     : @ 77504.289: tcs3701: start power rail timer, state:3
11-23 10:10:52.126 18180 18193 I m.chrome.canary: Explicit concurrent copying GC freed 3805(191KB) AllocSpace objects, 4(80KB) LOS objects, 75% free, 11MB/46MB, paused 227us,29us total 63.674ms
11-23 10:10:52.129  1011  1189 I ASH     : @ 77504.329: tcs3701: stop power rail pending_off timer
11-23 10:10:52.129  1011  1189 D ASH     : @ 77504.329: tcs3701: start power rail timer, state:3
11-23 10:10:52.137  5238  5296 I BatteryMgr:DataCollectionService: stats => 1700730652137,13732,4449,13427,4169000,100
11-23 10:10:52.169  1011  1189 I ASH     : @ 77504.369: tcs3701: stop power rail pending_off timer
11-23 10:10:52.169  1011  1189 D ASH     : @ 77504.369: tcs3701: start power rail timer, state:3
11-23 10:10:52.202  1795  3807 D ActivityManager: freezer override set to false
11-23 10:10:52.209  1011  1189 I ASH     : @ 77504.409: tcs3701: stop power rail pending_off timer
11-23 10:10:52.209  1011  1189 D ASH     : @ 77504.409: tcs3701: start power rail timer, state:3
11-23 10:10:52.247  5238  5296 I BatteryMgr:DataCollectionService: stats => 1700730652247,13732,4449,13427,4169000,100
11-23 10:10:52.249  1011  1189 I ASH     : @ 77504.449: tcs3701: stop power rail pending_off timer
11-23 10:10:52.249  1011  1189 D ASH     : @ 77504.449: tcs3701: start power rail timer, state:3
11-23 10:10:52.250  1795  3807 D ActivityManager: freezer override set to true
11-23 10:10:52.252  1795  3807 D ActivityManager: freezer override set to false
11-23 10:10:52.289  1011  1189 I ASH     : @ 77504.489: tcs3701: stop power rail pending_off timer
11-23 10:10:52.290  1011  1189 D ASH     : @ 77504.489: tcs3701: start power rail timer, state:3
11-23 10:10:52.329  1011  1189 I ASH     : @ 77504.529: tcs3701: stop power rail pending_off timer
11-23 10:10:52.329  1011  1189 D ASH     : @ 77504.529: tcs3701: start power rail timer, state:3
11-23 10:10:52.356  5238  5296 I BatteryMgr:DataCollectionService: stats => 1700730652356,13732,4449,13427,4169000,100
11-23 10:10:52.369  1011  1189 I ASH     : @ 77504.569: tcs3701: stop power rail pending_off timer
11-23 10:10:52.370  1011  1189 D ASH     : @ 77504.569: tcs3701: start power rail timer, state:3
11-23 10:10:52.409  1011  1189 I ASH     : @ 77504.609: tcs3701: stop power rail pending_off timer
11-23 10:10:52.409  1011  1189 D ASH     : @ 77504.609: tcs3701: start power rail timer, state:3
11-23 10:10:52.449  1011  1189 I ASH     : @ 77504.649: tcs3701: stop power rail pending_off timer
11-23 10:10:52.449  1011  1189 D ASH     : @ 77504.649: tcs3701: start power rail timer, state:3
11-23 10:10:52.461  5238  5296 I BatteryMgr:DataCollectionService: stats => 1700730652461,13732,4449,13427,4169000,100
11-23 10:10:52.489  1011  1189 I ASH     : @ 77504.689: tcs3701: stop power rail pending_off timer
11-23 10:10:52.490  1011  1189 D ASH     : @ 77504.689: tcs3701: start power rail timer, state:3
11-23 10:10:52.529  1011  1189 I ASH     : @ 77504.729: tcs3701: stop power rail pending_off timer
11-23 10:10:52.530  1011  1189 D ASH     : @ 77504.729: tcs3701: start power rail timer, state:3
11-23 10:10:52.569  5238  5296 I BatteryMgr:DataCollectionService: stats => 1700730652568,13732,4449,13427,4169000,100
11-23 10:10:52.569  1011  1189 I ASH     : @ 77504.769: tcs3701: stop power rail pending_off timer
11-23 10:10:52.569  1011  1189 D ASH     : @ 77504.769: tcs3701: start power rail timer, state:3
11-23 10:10:52.609  1011  1189 I ASH     : @ 77504.809: tcs3701: stop power rail pending_off timer
11-23 10:10:52.609  1011  1189 D ASH     : @ 77504.809: tcs3701: start power rail timer, state:3
11-23 10:10:52.649  1011  1189 I ASH     : @ 77504.849: tcs3701: stop power rail pending_off timer
11-23 10:10:52.649  1011  1189 D ASH     : @ 77504.849: tcs3701: start power rail timer, state:3
11-23 10:10:52.674  5238  5296 I BatteryMgr:DataCollectionService: stats => 1700730652674,13732,4449,13427,4169000,100
11-23 10:10:52.689  1011  1189 I ASH     : @ 77504.889: tcs3701: stop power rail pending_off timer
11-23 10:10:52.689  1011  1189 D ASH     : @ 77504.889: tcs3701: start power rail timer, state:3
11-23 10:10:52.718  1795  2424 D WifiClientModeImpl[13802:wlan0]: updateLinkLayerStatsRssiSpeedFrequencyCapabilities rssi=-45 TxLinkspeed=866 freq=5240 RxLinkSpeed=866
11-23 10:10:52.718  1795  2424 D WifiDataStall: tx tput in kbps: 755212
11-23 10:10:52.718  1795  2424 D WifiDataStall: rx tput in kbps: 794960
11-23 10:10:52.718  1795  2424 V WifiConfigManager: Updating scan detail cache freq=5240 BSSID=f4:6d:2f:12:cc:88 RSSI=-45 for "ourhome"WPA_PSK
11-23 10:10:52.719  1795  2424 D WifiChannelUtilization:  freq: 5240 onTime: 2019106 busyTime: 169866 onTimeDiff: 2018811 busyTimeDiff: 169849 utilization: 21 utilization t0: 21
11-23 10:10:52.719  1795  2424 D WifiDataStall:  ccaLevel = 21
11-23 10:10:52.719  1795  2424 D WifiDataStall: L2 txTputKbps: 755212, rxTputKbps: 794960, L3 txTputKbps: 0, rxTputKbps: 0, TxTrafficHigh: false, RxTrafficHigh: false, Throughput Sufficient: true
11-23 10:10:52.719  1795  2424 D WifiScoreReport: Wifi scoring disabled - Don't check IP layer
11-23 10:10:52.719  3213  3230 V WifiManager: OnWifiUsabilityStatsListener: onWifiUsabilityStats: seqNum=25638
11-23 10:10:52.719  1795  2424 D WifiScoreCard: BSSID update SIGNAL_POLL ID: 1320464697 SSID: "ourhome", BSSID: f4:6d:2f:12:cc:88, MAC: b2:2f:ec:da:4a:0c, IP: /192.168.1.104, Security type: 2, Supplicant state: COMPLETED, Wi-Fi standard: 5, RSSI: -45, Link speed: 866Mbps, Tx Link speed: 866Mbps, Max Supported Tx Link speed: 866Mbps, Rx Link speed: 866Mbps, Max Supported Rx Link speed: 866Mbps, Frequency: 5240MHz, Net ID: 12, Metered hint: false, score: 60, isUsable: true, CarrierMerged: false, SubscriptionId: -1, IsPrimary: 1, Trusted: true, Restricted: false, Ephemeral: false, OEM paid: false, OEM private: false, OSU AP: false, FQDN: <none>, Provider friendly name: <none>, Requesting package name: <none>"ourhome"wpa2-pskMLO Information: , Is TID-To-Link negotiation supported by the AP: false, AP MLD Address: <none>, AP MLO Link Id: <none>, AP MLO Affiliated links: <none>
11-23 10:10:52.719  1795  2424 D WifiScoreCard: txRate: 1 txSpeed: 866
11-23 10:10:52.719  1795  2424 D WifiScoreCard: network update SIGNAL_POLL "ourhome" ID: 1499892569 RSSI -45 txSpeed -1
11-23 10:10:52.719  1795  2424 D WifiClientModeImpl[13802:wlan0]:  ClientModeImpl$L2ConnectedState screen=on 9 0 "ourhome" f4:6d:2f:12:cc:88 rssi=-45 f=5240 sc=60 link=866 tx=0.1, 0.0, 0.0 rx=0.0 bcn=738131 [on:0 tx:0 rx:0 period:3011] from screen [on:45710 period:1216116] score=60
11-23 10:10:52.719  1795  3807 I WifiService: updateWifiUsabilityScore uid=10180 seqNum=25638 score=100 predictionHorizonSec=1441795
11-23 10:10:52.721  1795  2424 D WifiScoreReport: Wifi scoring disabled - Notify that Wifi is usable
11-23 10:10:52.724  1795  2432 D ConnectivityService: NetReassign [no changes] [c 0] [a 0] [i 2]
11-23 10:10:52.730  1011  1189 I ASH     : @ 77504.929: tcs3701: stop power rail pending_off timer
11-23 10:10:52.730  1011  1189 D ASH     : @ 77504.929: tcs3701: start power rail timer, state:3
11-23 10:10:52.769  1011  1189 I ASH     : @ 77504.969: tcs3701: stop power rail pending_off timer
11-23 10:10:52.769  1011  1189 D ASH     : @ 77504.969: tcs3701: start power rail timer, state:3
11-23 10:10:52.782  5238  5296 I BatteryMgr:DataCollectionService: stats => 1700730652782,13732,4449,13427,4169000,100
11-23 10:10:52.810  1011  1189 I ASH     : @ 77505.009: tcs3701: stop power rail pending_off timer
11-23 10:10:52.810  1011  1189 D ASH     : @ 77505.009: tcs3701: start power rail timer, state:3
11-23 10:10:52.849  1011  1189 I ASH     : @ 77505.049: tcs3701: stop power rail pending_off timer
11-23 10:10:52.849  1011  1189 D ASH     : @ 77505.049: tcs3701: start power rail timer, state:3
11-23 10:10:52.889  1011  1189 I ASH     : @ 77505.089: tcs3701: stop power rail pending_off timer
11-23 10:10:52.889  1011  1189 D ASH     : @ 77505.089: tcs3701: start power rail timer, state:3
11-23 10:10:52.891  5238  5296 I BatteryMgr:DataCollectionService: stats => 1700730652890,13732,4449,13427,4169000,100
11-23 10:10:52.930  1011  1189 I ASH     : @ 77505.129: tcs3701: stop power rail pending_off timer
11-23 10:10:52.930  1011  1189 D ASH     : @ 77505.129: tcs3701: start power rail timer, state:3
11-23 10:10:52.969  1011  1189 I ASH     : @ 77505.169: tcs3701: stop power rail pending_off timer
11-23 10:10:52.969  1011  1189 D ASH     : @ 77505.169: tcs3701: start power rail timer, state:3
11-23 10:10:52.980  1795  3807 D ActivityManager: freezer override set to true
11-23 10:10:52.985  1795  3807 D ActivityManager: freezer override set to false
11-23 10:10:53.001  5238  5296 I BatteryMgr:DataCollectionService: stats => 1700730653001,13732,4449,13427,4169000,100
11-23 10:10:53.009  1011  1189 I ASH     : @ 77505.209: tcs3701: stop power rail pending_off timer
11-23 10:10:53.009  1011  1189 D ASH     : @ 77505.209: tcs3701: start power rail timer, state:3
11-23 10:10:53.048  2113  2118 I pixel-thermal: skin-therm-monitor: 40.789
11-23 10:10:53.049  1011  1189 I ASH     : @ 77505.249: tcs3701: stop power rail pending_off timer
11-23 10:10:53.049  1011  1189 D ASH     : @ 77505.249: tcs3701: start power rail timer, state:3
11-23 10:10:53.089  1011  1189 I ASH     : @ 77505.289: tcs3701: stop power rail pending_off timer
11-23 10:10:53.089  1011  1189 D ASH     : @ 77505.289: tcs3701: start power rail timer, state:3
11-23 10:10:53.109  5238  5296 I BatteryMgr:DataCollectionService: stats => 1700730653109,13732,4449,13427,4169000,100
11-23 10:10:53.129  1011  1189 I ASH     : @ 77505.329: tcs3701: stop power rail pending_off timer
11-23 10:10:53.129  1011  1189 D ASH     : @ 77505.329: tcs3701: start power rail timer, state:3
11-23 10:10:53.169  1011  1189 I ASH     : @ 77505.369: tcs3701: stop power rail pending_off timer
11-23 10:10:53.169  1011  1189 D ASH     : @ 77505.369: tcs3701: start power rail timer, state:3
11-23 10:10:53.209  1011  1189 I ASH     : @ 77505.409: tcs3701: stop power rail pending_off timer
11-23 10:10:53.209  1011  1189 D ASH     : @ 77505.409: tcs3701: start power rail timer, state:3
11-23 10:10:53.217  5238  5296 I BatteryMgr:DataCollectionService: stats => 1700730653217,13732,4449,13427,4169000,100
11-23 10:10:53.249  1011  1189 I ASH     : @ 77505.449: tcs3701: stop power rail pending_off timer
11-23 10:10:53.249  1011  1189 D ASH     : @ 77505.449: tcs3701: start power rail timer, state:3
11-23 10:10:53.289  1011  1189 I ASH     : @ 77505.489: tcs3701: stop power rail pending_off timer
11-23 10:10:53.289  1011  1189 D ASH     : @ 77505.489: tcs3701: start power rail timer, state:3
11-23 10:10:53.328  5238  5296 I BatteryMgr:DataCollectionService: stats => 1700730653327,13732,4449,13427,4169000,100
11-23 10:10:53.329  1011  1189 I ASH     : @ 77505.529: tcs3701: stop power rail pending_off timer
11-23 10:10:53.329  1011  1189 D ASH     : @ 77505.529: tcs3701: start power rail timer, state:3
11-23 10:10:53.369  1011  1189 I ASH     : @ 77505.569: tcs3701: stop power rail pending_off timer
11-23 10:10:53.369  1011  1189 D ASH     : @ 77505.569: tcs3701: start power rail timer, state:3
11-23 10:10:53.409  1011  1189 I ASH     : @ 77505.609: tcs3701: stop power rail pending_off timer
11-23 10:10:53.409  1011  1189 D ASH     : @ 77505.609: tcs3701: start power rail timer, state:3
11-23 10:10:53.428  1795  4168 D ActivityManager: freezer override set to true
11-23 10:10:53.432  5238  5296 I BatteryMgr:DataCollectionService: stats => 1700730653432,13732,4449,13427,4169000,100
11-23 10:10:53.449  1011  1189 I ASH     : @ 77505.649: tcs3701: stop power rail pending_off timer
11-23 10:10:53.449  1011  1189 D ASH     : @ 77505.649: tcs3701: start power rail timer, state:3
11-23 10:10:53.489  1011  1189 I ASH     : @ 77505.689: tcs3701: stop power rail pending_off timer
11-23 10:10:53.489  1011  1189 D ASH     : @ 77505.689: tcs3701: start power rail timer, state:3
11-23 10:10:53.529  1011  1189 I ASH     : @ 77505.729: tcs3701: stop power rail pending_off timer
11-23 10:10:53.529  1011  1189 D ASH     : @ 77505.729: tcs3701: start power rail timer, state:3
11-23 10:10:53.535 18180 18193 I m.chrome.canary: Explicit concurrent copying GC freed 3593(176KB) AllocSpace objects, 3(60KB) LOS objects, 75% free, 11MB/46MB, paused 50us,41us total 59.065ms
11-23 10:10:53.541  5238  5296 I BatteryMgr:DataCollectionService: stats => 1700730653541,13732,4449,13427,4169000,100
11-23 10:10:53.570  1011  1189 I ASH     : @ 77505.769: tcs3701: stop power rail pending_off timer
11-23 10:10:53.570  1011  1189 D ASH     : @ 77505.769: tcs3701: start power rail timer, state:3
11-23 10:10:53.610  1011  1189 I ASH     : @ 77505.809: tcs3701: stop power rail pending_off timer
11-23 10:10:53.610  1011  1189 D ASH     : @ 77505.809: tcs3701: start power rail timer, state:3
11-23 10:10:53.611  1795  4168 D ActivityManager: freezer override set to false
11-23 10:10:53.649  1011  1189 I ASH     : @ 77505.849: tcs3701: stop power rail pending_off timer
11-23 10:10:53.649  1011  1189 D ASH     : @ 77505.849: tcs3701: start power rail timer, state:3
11-23 10:10:53.652  5238  5296 I BatteryMgr:DataCollectionService: stats => 1700730653652,13732,4449,13427,4169000,100
11-23 10:10:53.657  1795  4168 D ActivityManager: freezer override set to true
11-23 10:10:53.661  1795  4168 D ActivityManager: freezer override set to false
11-23 10:10:53.689  1011  1189 I ASH     : @ 77505.889: tcs3701: stop power rail pending_off timer
11-23 10:10:53.689  1011  1189 D ASH     : @ 77505.889: tcs3701: start power rail timer, state:3
