11-23 12:17:18.945 22450 22466 W libc    : Access denied finding property "ro.hardware.chipname"
11-23 12:17:18.954 22215 22277 W chromium: [WARNING:ev_root_ca_metadata.cc(119)] Not implemented
11-23 12:17:18.957  1011  1189 I ASH     : @ 85091.156: tcs3701: stop power rail pending_off timer
11-23 12:17:18.957  1011  1189 D ASH     : @ 85091.156: tcs3701: start power rail timer, state:3
11-23 12:17:18.958 22215 22277 W chromium: [WARNING:ev_root_ca_metadata.cc(119)] Not implemented
11-23 12:17:18.958 22215 22277 W chromium: [WARNING:ev_root_ca_metadata.cc(119)] Not implemented
11-23 12:17:18.998  1011  1189 I ASH     : @ 85091.196: tcs3701: stop power rail pending_off timer
11-23 12:17:18.998  1011  1189 D ASH     : @ 85091.196: tcs3701: start power rail timer, state:3
11-23 12:17:19.018 22215 22215 I cr_A11yState: Enabled accessibility services list updated.
11-23 12:17:19.019 22215 22215 I cr_A11yState: Informing listeners of changes.
11-23 12:17:19.019 22215 22215 I cr_A11yState: New AccessibilityState: State{isScreenReaderEnabled=false, isTouchExplorationEnabled=false, isPerformGesturesEnabled=false, isAnyAccessibilityServiceEnabled=false, isAccessibilityToolPresent=false, isSpokenFeedbackServicePresent=false, isTextShowPasswordEnabled=true, isOnlyPasswordManagersEnabled=false}
11-23 12:17:19.035  5238  5295 I BatteryMgr:DataCollectionService: stats => 1700738239035,14343,4447,13427,4169000,100
11-23 12:17:19.037  1011  1189 I ASH     : @ 85091.236: tcs3701: stop power rail pending_off timer
11-23 12:17:19.037  1011  1189 D ASH     : @ 85091.236: tcs3701: start power rail timer, state:3
11-23 12:17:19.078  1011  1189 I ASH     : @ 85091.276: tcs3701: stop power rail pending_off timer
11-23 12:17:19.078  1011  1189 D ASH     : @ 85091.276: tcs3701: start power rail timer, state:3
11-23 12:17:19.117  1011  1189 I ASH     : @ 85091.316: tcs3701: stop power rail pending_off timer
11-23 12:17:19.117  1011  1189 D ASH     : @ 85091.316: tcs3701: start power rail timer, state:3
11-23 12:17:19.136 22215 22278 W chromium: [WARNING:ev_root_ca_metadata.cc(119)] Not implemented
11-23 12:17:19.136 22215 22278 W chromium: [WARNING:ev_root_ca_metadata.cc(119)] Not implemented
11-23 12:17:19.139  5238  5295 I BatteryMgr:DataCollectionService: stats => 1700738239139,14343,4447,13427,4169000,100
11-23 12:17:19.157  1011  1189 I ASH     : @ 85091.356: tcs3701: stop power rail pending_off timer
11-23 12:17:19.157  1011  1189 D ASH     : @ 85091.356: tcs3701: start power rail timer, state:3
11-23 12:17:19.197  1011  1189 I ASH     : @ 85091.396: tcs3701: stop power rail pending_off timer
11-23 12:17:19.197  1011  1189 D ASH     : @ 85091.396: tcs3701: start power rail timer, state:3
11-23 12:17:19.206 11810 11826 I native  : I0000 00:00:1700738239.206246   11826 device_profile_database_helpers.cc:563] Found nothing for mTS_ld
11-23 12:17:19.206 11810 11826 I native  : I0000 00:00:1700738239.206486   11826 device_profile_database_helpers.cc:563] Found nothing for redfin/redfin
11-23 12:17:19.206 11810 11826 I native  : I0000 00:00:1700738239.206541   11826 device_profile_database_helpers.cc:550] Considering b4SrL5:11
11-23 12:17:19.206 11810 11826 I native  : I0000 00:00:1700738239.206590   11826 device_profile_database_helpers.cc:509] Device profile for google/redfin/redfin:13/TQ3A.230901.001/10750268:user/release-keys: b4SrL5:11
11-23 12:17:19.216  1011  1189 I VSC     : @ 85091.415: {Fusion} configure fusion 15 16666us 0us.
11-23 12:17:19.216  1011  1189 D VSC     : @ 85091.415: [Game Rotation Vector Sensor] Request accel, interval 16.6 ms, latency 0.0 ms
11-23 12:17:19.216  1011  1189 D VSC     : @ 85091.415: [Game Rotation Vector Sensor] Request gyro, interval 5.0 ms, latency 0.0 ms
11-23 12:17:19.236  1011  1189 D ASH     : @ 85091.434: SensorType 1 resampler quality 3
11-23 12:17:19.236  1011  1189 D ASH     : @ 85091.435: SensorType 1 resampler quality 2
11-23 12:17:19.237  1011  1189 I ASH     : @ 85091.436: tcs3701: stop power rail pending_off timer
11-23 12:17:19.237  1011  1189 D ASH     : @ 85091.436: tcs3701: start power rail timer, state:3
11-23 12:17:19.238  1011  1189 D ASH     : @ 85091.437: SensorType 195 resampler quality 1
11-23 12:17:19.244  5238  5295 I BatteryMgr:DataCollectionService: stats => 1700738239244,14343,4447,13427,4169000,100
11-23 12:17:19.278  1011  1189 I ASH     : @ 85091.476: tcs3701: stop power rail pending_off timer
11-23 12:17:19.278  1011  1189 D ASH     : @ 85091.476: tcs3701: start power rail timer, state:3
11-23 12:17:19.318  1011  1189 I ASH     : @ 85091.516: tcs3701: stop power rail pending_off timer
11-23 12:17:19.318  1011  1189 D ASH     : @ 85091.516: tcs3701: start power rail timer, state:3
11-23 12:17:19.340  1795  2424 D WifiNetworkSelector: Current connected network: 12
11-23 12:17:19.340  1795  2424 V WifiConnectivityManager: No partial scan because firmware roaming is supported.
11-23 12:17:19.340  1795  2424 V WifiConnectivityManager: schedulePeriodicScanTimer intervalMs 20000
11-23 12:17:19.348  5238  5295 I BatteryMgr:DataCollectionService: stats => 1700738239348,14343,4447,13427,4169000,100
11-23 12:17:19.357  1011  1189 I ASH     : @ 85091.556: tcs3701: stop power rail pending_off timer
11-23 12:17:19.358  1011  1189 D ASH     : @ 85091.556: tcs3701: start power rail timer, state:3
11-23 12:17:19.385 22215 22277 W chromium: [WARNING:ev_root_ca_metadata.cc(119)] Not implemented
11-23 12:17:19.397  1011  1189 I ASH     : @ 85091.596: tcs3701: stop power rail pending_off timer
11-23 12:17:19.397  1011  1189 D ASH     : @ 85091.596: tcs3701: start power rail timer, state:3
11-23 12:17:19.437  1011  1189 I ASH     : @ 85091.636: tcs3701: stop power rail pending_off timer
11-23 12:17:19.437  1011  1189 D ASH     : @ 85091.636: tcs3701: start power rail timer, state:3
11-23 12:17:19.454  5238  5295 I BatteryMgr:DataCollectionService: stats => 1700738239454,14343,4447,13427,4169000,100
11-23 12:17:19.463  1795  3745 D ActivityManager: freezer override set to true
11-23 12:17:19.477  1011  1189 I ASH     : @ 85091.676: tcs3701: stop power rail pending_off timer
11-23 12:17:19.477  1011  1189 D ASH     : @ 85091.676: tcs3701: start power rail timer, state:3
11-23 12:17:19.517  1011  1189 I ASH     : @ 85091.716: tcs3701: stop power rail pending_off timer
11-23 12:17:19.518  1011  1189 D ASH     : @ 85091.717: tcs3701: start power rail timer, state:3
11-23 12:17:19.557  1011  1189 I ASH     : @ 85091.756: tcs3701: stop power rail pending_off timer
11-23 12:17:19.557  1011  1189 D ASH     : @ 85091.756: tcs3701: start power rail timer, state:3
11-23 12:17:19.560  5238  5295 I BatteryMgr:DataCollectionService: stats => 1700738239560,14343,4447,13427,4169000,100
11-23 12:17:19.565  3845  3845 E AbstractGmsTracer: Traced class shouldn't be obfuscated: GmsBoundBrokerChimeraService [CONTEXT service_id=259 ]
11-23 12:17:19.566  3845  3845 D BoundBrokerSvc: onBind: Intent { act=com.google.android.gms.common.BIND_SHARED_PREFS pkg=com.google.android.gms }
11-23 12:17:19.566  3845  3845 D BoundBrokerSvc: Loading bound service for intent: Intent { act=com.google.android.gms.common.BIND_SHARED_PREFS pkg=com.google.android.gms }
11-23 12:17:19.566  3845  3845 E AbstractGmsTracer: Traced class shouldn't be obfuscated: SharedPreferencesBoundService [CONTEXT service_id=259 ]
11-23 12:17:19.570  3845  3845 D BoundBrokerSvc: onUnbind: Intent { act=com.google.android.gms.common.BIND_SHARED_PREFS pkg=com.google.android.gms }
11-23 12:17:19.597  1011  1189 I ASH     : @ 85091.796: tcs3701: stop power rail pending_off timer
11-23 12:17:19.597  1011  1189 D ASH     : @ 85091.796: tcs3701: start power rail timer, state:3
11-23 12:17:19.624 22215 22268 W m.chrome.canary: Cleared Reference was only reachable from finalizer (only reported once)
11-23 12:17:19.635 22215 22268 I m.chrome.canary: Explicit concurrent copying GC freed 1047352(20MB) AllocSpace objects, 11(476KB) LOS objects, 75% free, 10MB/43MB, paused 40us,97us total 69.316ms
11-23 12:17:19.637  1011  1189 I ASH     : @ 85091.836: tcs3701: stop power rail pending_off timer
11-23 12:17:19.637  1011  1189 D ASH     : @ 85091.836: tcs3701: start power rail timer, state:3
11-23 12:17:19.664  5238  5295 I BatteryMgr:DataCollectionService: stats => 1700738239664,14343,4447,13427,4169000,100
11-23 12:17:19.677  1011  1189 I ASH     : @ 85091.876: tcs3701: stop power rail pending_off timer
11-23 12:17:19.677  1011  1189 D ASH     : @ 85091.876: tcs3701: start power rail timer, state:3
11-23 12:17:19.700  1795  3001 D ActivityManager: freezer override set to false
11-23 12:17:19.717  1011  1189 I ASH     : @ 85091.916: tcs3701: stop power rail pending_off timer
11-23 12:17:19.717  1011  1189 D ASH     : @ 85091.916: tcs3701: start power rail timer, state:3
11-23 12:17:19.740  1795  3001 D ActivityManager: freezer override set to true
11-23 12:17:19.743  1795  3001 D ActivityManager: freezer override set to false
11-23 12:17:19.757  1011  1189 I ASH     : @ 85091.956: tcs3701: stop power rail pending_off timer
11-23 12:17:19.758  1011  1189 D ASH     : @ 85091.956: tcs3701: start power rail timer, state:3
11-23 12:17:19.770  5238  5295 I BatteryMgr:DataCollectionService: stats => 1700738239770,14343,4447,13427,4169000,100
11-23 12:17:19.797  1011  1189 I ASH     : @ 85091.996: tcs3701: stop power rail pending_off timer
11-23 12:17:19.797  1011  1189 D ASH     : @ 85091.996: tcs3701: start power rail timer, state:3
11-23 12:17:19.838  1011  1189 I ASH     : @ 85092.036: tcs3701: stop power rail pending_off timer
11-23 12:17:19.838  1011  1189 D ASH     : @ 85092.036: tcs3701: start power rail timer, state:3
11-23 12:17:19.876  5238  5295 I BatteryMgr:DataCollectionService: stats => 1700738239876,14343,4447,13427,4169000,100
11-23 12:17:19.877  1011  1189 I ASH     : @ 85092.076: tcs3701: stop power rail pending_off timer
11-23 12:17:19.877  1011  1189 D ASH     : @ 85092.076: tcs3701: start power rail timer, state:3
11-23 12:17:19.918  1011  1189 I ASH     : @ 85092.116: tcs3701: stop power rail pending_off timer
11-23 12:17:19.918  1011  1189 D ASH     : @ 85092.116: tcs3701: start power rail timer, state:3
11-23 12:17:19.957  1011  1189 I ASH     : @ 85092.156: tcs3701: stop power rail pending_off timer
11-23 12:17:19.957  1011  1189 D ASH     : @ 85092.156: tcs3701: start power rail timer, state:3
11-23 12:17:19.981  5238  5295 I BatteryMgr:DataCollectionService: stats => 1700738239981,14343,4447,13427,4169000,100
11-23 12:17:19.998  1011  1189 I ASH     : @ 85092.196: tcs3701: stop power rail pending_off timer
11-23 12:17:19.998  1011  1189 D ASH     : @ 85092.196: tcs3701: start power rail timer, state:3
11-23 12:17:20.038  1011  1189 I ASH     : @ 85092.236: tcs3701: stop power rail pending_off timer
11-23 12:17:20.038  1011  1189 D ASH     : @ 85092.236: tcs3701: start power rail timer, state:3
11-23 12:17:20.077  1011  1189 I ASH     : @ 85092.276: tcs3701: stop power rail pending_off timer
11-23 12:17:20.078  1011  1189 D ASH     : @ 85092.277: tcs3701: start power rail timer, state:3
11-23 12:17:20.086  5238  5295 I BatteryMgr:DataCollectionService: stats => 1700738240086,14343,4447,13427,4169000,100
11-23 12:17:20.117  1011  1189 I ASH     : @ 85092.316: tcs3701: stop power rail pending_off timer
11-23 12:17:20.118  1011  1189 D ASH     : @ 85092.316: tcs3701: start power rail timer, state:3
11-23 12:17:20.158  1011  1189 I ASH     : @ 85092.356: tcs3701: stop power rail pending_off timer
11-23 12:17:20.158  1011  1189 D ASH     : @ 85092.357: tcs3701: start power rail timer, state:3
11-23 12:17:20.194  5238  5295 I BatteryMgr:DataCollectionService: stats => 1700738240193,14343,4447,13427,4169000,100
11-23 12:17:20.197  1011  1189 I ASH     : @ 85092.396: tcs3701: stop power rail pending_off timer
11-23 12:17:20.197  1011  1189 D ASH     : @ 85092.396: tcs3701: start power rail timer, state:3
11-23 12:17:20.238  1011  1189 I ASH     : @ 85092.436: tcs3701: stop power rail pending_off timer
11-23 12:17:20.238  1011  1189 D ASH     : @ 85092.436: tcs3701: start power rail timer, state:3
11-23 12:17:20.277  1011  1189 I ASH     : @ 85092.476: tcs3701: stop power rail pending_off timer
11-23 12:17:20.277  1011  1189 D ASH     : @ 85092.476: tcs3701: start power rail timer, state:3
11-23 12:17:20.299  5238  5295 I BatteryMgr:DataCollectionService: stats => 1700738240299,14343,4447,13427,4169000,100
11-23 12:17:20.317  1011  1189 I ASH     : @ 85092.516: tcs3701: stop power rail pending_off timer
11-23 12:17:20.318  1011  1189 D ASH     : @ 85092.516: tcs3701: start power rail timer, state:3
11-23 12:17:20.318 22304 22329 I AdrenoVK-0: QUALCOMM build          : 4783c89, I46ff5fc46f
11-23 12:17:20.318 22304 22329 I AdrenoVK-0: Build Date              : 11/30/20
11-23 12:17:20.318 22304 22329 I AdrenoVK-0: Shader Compiler Version : EV031.31.04.01
11-23 12:17:20.318 22304 22329 I AdrenoVK-0: Local Branch            : QPR2
11-23 12:17:20.318 22304 22329 I AdrenoVK-0: Remote Branch           : 
11-23 12:17:20.318 22304 22329 I AdrenoVK-0: Remote Branch           : 
11-23 12:17:20.318 22304 22329 I AdrenoVK-0: Reconstruct Branch      : 
11-23 12:17:20.318 22304 22329 I AdrenoVK-0: Build Config            : S P 10.0.4 AArch64
11-23 12:17:20.318 22304 22329 I AdrenoVK-0: Driver Path             : /vendor/lib64/hw/vulkan.adreno.so
11-23 12:17:20.357  1011  1189 I ASH     : @ 85092.556: tcs3701: stop power rail pending_off timer
11-23 12:17:20.357  1011  1189 D ASH     : @ 85092.556: tcs3701: start power rail timer, state:3
11-23 12:17:20.398  1011  1189 I ASH     : @ 85092.596: tcs3701: stop power rail pending_off timer
11-23 12:17:20.398  1011  1189 D ASH     : @ 85092.596: tcs3701: start power rail timer, state:3
11-23 12:17:20.406  5238  5295 I BatteryMgr:DataCollectionService: stats => 1700738240406,14343,4447,13427,4169000,100
11-23 12:17:20.437  1011  1189 I ASH     : @ 85092.636: tcs3701: stop power rail pending_off timer
11-23 12:17:20.437  1011  1189 D ASH     : @ 85092.636: tcs3701: start power rail timer, state:3
11-23 12:17:20.468  1795  2424 D WifiClientModeImpl[13802:wlan0]: updateLinkLayerStatsRssiSpeedFrequencyCapabilities rssi=-45 TxLinkspeed=866 freq=5240 RxLinkSpeed=866
11-23 12:17:20.469  1795  2424 V WifiScoreCard:  rssi -45 level 4 bssid f4:6d:2f:12:cc:88 freq 5240 onTimeMs 1845 txKB 103 rxKB 8550 txKBThr 300 rxKBThr 8000
11-23 12:17:20.469  2782  5906 D QCNEJ/WlanStaInfoRelay: Received action: android.net.wifi.RSSI_CHANGED
11-23 12:17:20.470  1795  2424 D WifiClientModeImpl[13802:wlan0]: reported txKbps 12000 rxKbps 37960
11-23 12:17:20.478  1011  1189 I ASH     : @ 85092.676: tcs3701: stop power rail pending_off timer
11-23 12:17:20.478  1011  1189 D ASH     : @ 85092.676: tcs3701: start power rail timer, state:3
11-23 12:17:20.479  1795  3001 I WifiService: getWifiEnabledState uid=10233 state=3
11-23 12:17:20.481  1795  2424 D WifiDataStall: tx tput in kbps: 731364
11-23 12:17:20.481  1795  2424 D WifiDataStall: rx tput in kbps: 794960
11-23 12:17:20.481  1795  2424 V WifiScoreCard: 1 sampKbps 37960 filtKbps 37960 reportedKbps 37960 avgUsedKbps 56132 l2Kbps 794960 intErrPercent 0 extErrPercent 0 l2ErrPercent 1994
11-23 12:17:20.481  1795  2424 V WifiConfigManager: Updating scan detail cache freq=5240 BSSID=f4:6d:2f:12:cc:88 RSSI=-45 for "ourhome"WPA_PSK
11-23 12:17:20.482  1795  2424 D WifiChannelUtilization:  freq: 5240 onTime: 2361607 busyTime: 198379 onTimeDiff: 2361312 busyTimeDiff: 198362 utilization: 21 utilization t0: 21
11-23 12:17:20.482  1795  2424 D WifiDataStall:  ccaLevel = 21
11-23 12:17:20.482  1795  2424 D WifiDataStall: L2 txTputKbps: 715464, rxTputKbps: 794960, L3 txTputKbps: 282, rxTputKbps: 23278, TxTrafficHigh: true, RxTrafficHigh: true, Throughput Sufficient: true
11-23 12:17:20.482  3213  3226 V WifiManager: OnWifiUsabilityStatsListener: onWifiUsabilityStats: seqNum=28102
11-23 12:17:20.482  1795  2424 D WifiScoreReport: Wifi scoring disabled - Don't check IP layer
11-23 12:17:20.482  1795  2424 D WifiScoreCard: BSSID update SIGNAL_POLL ID: 1320464697 SSID: "ourhome", BSSID: f4:6d:2f:12:cc:88, MAC: b2:2f:ec:da:4a:0c, IP: /192.168.1.104, Security type: 2, Supplicant state: COMPLETED, Wi-Fi standard: 5, RSSI: -45, Link speed: 866Mbps, Tx Link speed: 866Mbps, Max Supported Tx Link speed: 866Mbps, Rx Link speed: 866Mbps, Max Supported Rx Link speed: 866Mbps, Frequency: 5240MHz, Net ID: 12, Metered hint: false, score: 60, isUsable: true, CarrierMerged: false, SubscriptionId: -1, IsPrimary: 1, Trusted: true, Restricted: false, Ephemeral: false, OEM paid: false, OEM private: false, OSU AP: false, FQDN: <none>, Provider friendly name: <none>, Requesting package name: <none>"ourhome"wpa2-pskMLO Information: , Is TID-To-Link negotiation supported by the AP: false, AP MLD Address: <none>, AP MLO Link Id: <none>, AP MLO Affiliated links: <none>
11-23 12:17:20.482  1795  2424 D WifiScoreCard: txRate: 221 txSpeed: 866
11-23 12:17:20.482  1795  2424 D WifiScoreCard: network update SIGNAL_POLL "ourhome" ID: 1499892569 RSSI -45 txSpeed 866
11-23 12:17:20.482  1795  2424 D WifiClientModeImpl[13802:wlan0]:  ClientModeImpl$L2ConnectedState screen=on 15 0 "ourhome" f4:6d:2f:12:cc:88 rssi=-45 f=5240 sc=60 link=866 tx=198.0, 22.7, 0.0 rx=954.5 bcn=812092 [on:1845 tx:90 rx:96 period:3023] from screen [on:46771 period:561210] score=60
11-23 12:17:20.482  1795  3745 I WifiService: updateWifiUsabilityScore uid=10180 seqNum=28102 score=100 predictionHorizonSec=1441795
11-23 12:17:20.483  1795  2424 D WifiScoreReport: Wifi scoring disabled - Notify that Wifi is usable
11-23 12:17:20.487  3213  3531 D DeviceStateHelper: Wifi freq: 5240
11-23 12:17:20.491  1795  3745 I WifiService: getSoftApConfiguration uid=10180
11-23 12:17:20.497  3473  4683 I CarrierServices: [49] ekm.handleMessage: RcsEngineImpl[DUAL_REG]:[deae450f-f3f3]>Handler: handleMessage processing message:[NOTIFY_UPTIME_IGNORE_STATE_CHANGED] with [non-null]:RcsEngineImpl reference
11-23 12:17:20.499  2895  3238 E PhoneInterfaceManager: [PhoneIntfMgr] getCarrierPrivilegeStatusForUid: Invalid subId
11-23 12:17:20.500 22215 22279 W chromium: [WARNING:ev_root_ca_metadata.cc(119)] Not implemented
11-23 12:17:20.500  3473  4683 I CarrierServices: [49] ejf.b: ProvisioningEngineDataRetriever: RCS Configuration storage in Bugle is disabled by p/h flag, using ProvisioningEngineStateCacheUtil.getProvisioningConfigurationForGivenSimIfExist()
11-23 12:17:20.504 22215 22278 W chromium: [WARNING:ev_root_ca_metadata.cc(119)] Not implemented
11-23 12:17:20.504  3473  4697 I CarrierServices: [50] eam.c: Connected state: [1], networkType: [WIFI]
11-23 12:17:20.510  1795  2432 D ConnectivityService: NetReassign [no changes] [c 0] [a 0] [i 4]
11-23 12:17:20.511  5238  5295 I BatteryMgr:DataCollectionService: stats => 1700738240511,14343,4447,13427,4169000,100
11-23 12:17:20.517  1011  1189 I ASH     : @ 85092.716: tcs3701: stop power rail pending_off timer
11-23 12:17:20.517  1011  1189 D ASH     : @ 85092.716: tcs3701: start power rail timer, state:3
11-23 12:17:20.558  1011  1189 I ASH     : @ 85092.756: tcs3701: stop power rail pending_off timer
11-23 12:17:20.558  1011  1189 D ASH     : @ 85092.756: tcs3701: start power rail timer, state:3
11-23 12:17:20.598  1011  1189 I ASH     : @ 85092.796: tcs3701: stop power rail pending_off timer
11-23 12:17:20.598  1011  1189 D ASH     : @ 85092.796: tcs3701: start power rail timer, state:3
11-23 12:17:20.616  5238  5295 I BatteryMgr:DataCollectionService: stats => 1700738240616,14343,4447,13427,4169000,100
11-23 12:17:20.638  1011  1189 I ASH     : @ 85092.836: tcs3701: stop power rail pending_off timer
11-23 12:17:20.638  1011  1189 D ASH     : @ 85092.836: tcs3701: start power rail timer, state:3
11-23 12:17:20.667  2113  2118 I pixel-thermal: skin-therm-monitor: 40.329
11-23 12:17:20.677  1011  1189 I ASH     : @ 85092.876: tcs3701: stop power rail pending_off timer
11-23 12:17:20.677  1011  1189 D ASH     : @ 85092.876: tcs3701: start power rail timer, state:3
11-23 12:17:20.698  1795  3001 D ActivityManager: freezer override set to true
11-23 12:17:20.707  1795  3001 D ActivityManager: freezer override set to false
11-23 12:17:20.717  1011  1189 I ASH     : @ 85092.916: tcs3701: stop power rail pending_off timer
11-23 12:17:20.717  1011  1189 D ASH     : @ 85092.916: tcs3701: start power rail timer, state:3
11-23 12:17:20.723  5238  5295 I BatteryMgr:DataCollectionService: stats => 1700738240723,14343,4447,13427,4169000,100
11-23 12:17:20.757  1011  1189 I ASH     : @ 85092.956: tcs3701: stop power rail pending_off timer
11-23 12:17:20.757  1011  1189 D ASH     : @ 85092.956: tcs3701: start power rail timer, state:3
11-23 12:17:20.797  1011  1189 I ASH     : @ 85092.996: tcs3701: stop power rail pending_off timer
11-23 12:17:20.798  1011  1189 D ASH     : @ 85092.996: tcs3701: start power rail timer, state:3
11-23 12:17:20.832  5238  5295 I BatteryMgr:DataCollectionService: stats => 1700738240832,14343,4447,13427,4169000,100
11-23 12:17:20.837  1011  1189 I ASH     : @ 85093.036: tcs3701: stop power rail pending_off timer
11-23 12:17:20.837  1011  1189 D ASH     : @ 85093.036: tcs3701: start power rail timer, state:3
11-23 12:17:20.877  1011  1189 I ASH     : @ 85093.076: tcs3701: stop power rail pending_off timer
11-23 12:17:20.877  1011  1189 D ASH     : @ 85093.076: tcs3701: start power rail timer, state:3
11-23 12:17:20.917  1011  1189 I ASH     : @ 85093.116: tcs3701: stop power rail pending_off timer
11-23 12:17:20.917  1011  1189 D ASH     : @ 85093.116: tcs3701: start power rail timer, state:3
11-23 12:17:20.938  5238  5295 I BatteryMgr:DataCollectionService: stats => 1700738240938,14343,4447,13427,4169000,100
11-23 12:17:20.943  1795  3658 D ActivityManager: freezer override set to true
11-23 12:17:20.958  1011  1189 I ASH     : @ 85093.156: tcs3701: stop power rail pending_off timer
11-23 12:17:20.958  1011  1189 D ASH     : @ 85093.156: tcs3701: start power rail timer, state:3
11-23 12:17:20.997  1011  1189 I ASH     : @ 85093.196: tcs3701: stop power rail pending_off timer
11-23 12:17:20.997  1011  1189 D ASH     : @ 85093.196: tcs3701: start power rail timer, state:3
11-23 12:17:21.037  1011  1189 I ASH     : @ 85093.236: tcs3701: stop power rail pending_off timer
11-23 12:17:21.037  1011  1189 D ASH     : @ 85093.236: tcs3701: start power rail timer, state:3
11-23 12:17:21.045  5238  5295 I BatteryMgr:DataCollectionService: stats => 1700738241045,7629,4447,13427,4169000,100
11-23 12:17:21.078  1011  1189 I ASH     : @ 85093.276: tcs3701: stop power rail pending_off timer
11-23 12:17:21.078  1011  1189 D ASH     : @ 85093.276: tcs3701: start power rail timer, state:3
11-23 12:17:21.118  1011  1189 I ASH     : @ 85093.316: tcs3701: stop power rail pending_off timer
11-23 12:17:21.118  1011  1189 D ASH     : @ 85093.317: tcs3701: start power rail timer, state:3
11-23 12:17:21.152  5238  5295 I BatteryMgr:DataCollectionService: stats => 1700738241152,7629,4447,13427,4169000,100
11-23 12:17:21.157  1011  1189 I ASH     : @ 85093.356: tcs3701: stop power rail pending_off timer
11-23 12:17:21.158  1011  1189 D ASH     : @ 85093.356: tcs3701: start power rail timer, state:3
11-23 12:17:21.172 22215 22268 I m.chrome.canary: Explicit concurrent copying GC freed 1500710(28MB) AllocSpace objects, 10(444KB) LOS objects, 75% free, 12MB/51MB, paused 176us,27us total 113.168ms
11-23 12:17:21.198  1011  1189 I ASH     : @ 85093.396: tcs3701: stop power rail pending_off timer
11-23 12:17:21.198  1011  1189 D ASH     : @ 85093.396: tcs3701: start power rail timer, state:3
11-23 12:17:21.237  1011  1189 I ASH     : @ 85093.436: tcs3701: stop power rail pending_off timer
11-23 12:17:21.238  1011  1189 D ASH     : @ 85093.436: tcs3701: start power rail timer, state:3
11-23 12:17:21.258  1795  3658 D ActivityManager: freezer override set to false
11-23 12:17:21.267  5238  5295 I BatteryMgr:DataCollectionService: stats => 1700738241267,7629,4447,13427,4169000,100
11-23 12:17:21.277  1011  1189 I ASH     : @ 85093.476: tcs3701: stop power rail pending_off timer
11-23 12:17:21.277  1011  1189 D ASH     : @ 85093.476: tcs3701: start power rail timer, state:3
11-23 12:17:21.301  1795  3658 D ActivityManager: freezer override set to true
11-23 12:17:21.305  1795  3658 D ActivityManager: freezer override set to false
11-23 12:17:21.317  1011  1189 I ASH     : @ 85093.516: tcs3701: stop power rail pending_off timer
11-23 12:17:21.318  1011  1189 D ASH     : @ 85093.516: tcs3701: start power rail timer, state:3
11-23 12:17:21.358  1011  1189 I ASH     : @ 85093.556: tcs3701: stop power rail pending_off timer
11-23 12:17:21.358  1011  1189 D ASH     : @ 85093.557: tcs3701: start power rail timer, state:3
11-23 12:17:21.372  5238  5295 I BatteryMgr:DataCollectionService: stats => 1700738241372,7629,4447,13427,4169000,100
11-23 12:17:21.397  1011  1189 I ASH     : @ 85093.596: tcs3701: stop power rail pending_off timer
11-23 12:17:21.398  1011  1189 D ASH     : @ 85093.596: tcs3701: start power rail timer, state:3
11-23 12:17:21.437  1011  1189 I ASH     : @ 85093.636: tcs3701: stop power rail pending_off timer
11-23 12:17:21.438  1011  1189 D ASH     : @ 85093.636: tcs3701: start power rail timer, state:3
11-23 12:17:21.478  1011  1189 I ASH     : @ 85093.676: tcs3701: stop power rail pending_off timer
11-23 12:17:21.478  1011  1189 D ASH     : @ 85093.676: tcs3701: start power rail timer, state:3
11-23 12:17:21.481  5238  5295 I BatteryMgr:DataCollectionService: stats => 1700738241481,7629,4447,13427,4169000,100
11-23 12:17:21.518  1011  1189 I ASH     : @ 85093.716: tcs3701: stop power rail pending_off timer
11-23 12:17:21.518  1011  1189 D ASH     : @ 85093.716: tcs3701: start power rail timer, state:3
11-23 12:17:21.558  1011  1189 I ASH     : @ 85093.756: tcs3701: stop power rail pending_off timer
11-23 12:17:21.558  1011  1189 D ASH     : @ 85093.756: tcs3701: start power rail timer, state:3
11-23 12:17:21.597  1011  1189 I ASH     : @ 85093.796: tcs3701: stop power rail pending_off timer
11-23 12:17:21.598  1011  1189 D ASH     : @ 85093.796: tcs3701: start power rail timer, state:3
11-23 12:17:21.606  5238  5295 I BatteryMgr:DataCollectionService: stats => 1700738241606,7629,4447,13427,4169000,100
11-23 12:17:21.638  1011  1189 I ASH     : @ 85093.836: tcs3701: stop power rail pending_off timer
11-23 12:17:21.638  1011  1189 D ASH     : @ 85093.836: tcs3701: start power rail timer, state:3
11-23 12:17:21.678  1011  1189 I ASH     : @ 85093.876: tcs3701: stop power rail pending_off timer
11-23 12:17:21.678  1011  1189 D ASH     : @ 85093.876: tcs3701: start power rail timer, state:3
11-23 12:17:21.716  5238  5295 I BatteryMgr:DataCollectionService: stats => 1700738241716,7629,4447,13427,4169000,100
11-23 12:17:21.718  1011  1189 I ASH     : @ 85093.917: tcs3701: stop power rail pending_off timer
11-23 12:17:21.718  1011  1189 D ASH     : @ 85093.917: tcs3701: start power rail timer, state:3
11-23 12:17:21.728  1795  4157 D ActivityManager: freezer override set to true
11-23 12:17:21.739  1795  4157 D ActivityManager: freezer override set to false
11-23 12:17:21.758  1011  1189 I ASH     : @ 85093.956: tcs3701: stop power rail pending_off timer
11-23 12:17:21.758  1011  1189 D ASH     : @ 85093.956: tcs3701: start power rail timer, state:3
11-23 12:17:21.798  1011  1189 I ASH     : @ 85093.996: tcs3701: stop power rail pending_off timer
11-23 12:17:21.798  1011  1189 D ASH     : @ 85093.997: tcs3701: start power rail timer, state:3
11-23 12:17:21.837  1011  1189 I ASH     : @ 85094.036: tcs3701: stop power rail pending_off timer
11-23 12:17:21.837  1011  1189 D ASH     : @ 85094.036: tcs3701: start power rail timer, state:3
11-23 12:17:21.839  5238  5295 I BatteryMgr:DataCollectionService: stats => 1700738241839,7629,4447,13427,4169000,100
11-23 12:17:21.878  1011  1189 I ASH     : @ 85094.076: tcs3701: stop power rail pending_off timer
11-23 12:17:21.878  1011  1189 D ASH     : @ 85094.076: tcs3701: start power rail timer, state:3
11-23 12:17:21.917  1011  1189 I ASH     : @ 85094.116: tcs3701: stop power rail pending_off timer
11-23 12:17:21.917  1011  1189 D ASH     : @ 85094.116: tcs3701: start power rail timer, state:3
11-23 12:17:21.957  1011  1189 I ASH     : @ 85094.156: tcs3701: stop power rail pending_off timer
11-23 12:17:21.957  1011  1189 D ASH     : @ 85094.156: tcs3701: start power rail timer, state:3
11-23 12:17:21.978  5238  5295 I BatteryMgr:DataCollectionService: stats => 1700738241978,7629,4447,13427,4169000,100
11-23 12:17:21.998  1011  1189 I ASH     : @ 85094.196: tcs3701: stop power rail pending_off timer
11-23 12:17:21.998  1011  1189 D ASH     : @ 85094.196: tcs3701: start power rail timer, state:3
11-23 12:17:22.037  1011  1189 I ASH     : @ 85094.236: tcs3701: stop power rail pending_off timer
11-23 12:17:22.037  1011  1189 D ASH     : @ 85094.236: tcs3701: start power rail timer, state:3
11-23 12:17:22.077  1011  1189 I ASH     : @ 85094.276: tcs3701: stop power rail pending_off timer
11-23 12:17:22.077  1011  1189 D ASH     : @ 85094.276: tcs3701: start power rail timer, state:3
11-23 12:17:22.083  5238  5295 I BatteryMgr:DataCollectionService: stats => 1700738242083,7629,4447,13427,4169000,100
11-23 12:17:22.117  1011  1189 I ASH     : @ 85094.316: tcs3701: stop power rail pending_off timer
11-23 12:17:22.117  1011  1189 D ASH     : @ 85094.316: tcs3701: start power rail timer, state:3
11-23 12:17:22.158  1011  1189 I ASH     : @ 85094.356: tcs3701: stop power rail pending_off timer
11-23 12:17:22.158  1011  1189 D ASH     : @ 85094.356: tcs3701: start power rail timer, state:3
11-23 12:17:22.190  5238  5295 I BatteryMgr:DataCollectionService: stats => 1700738242190,7629,4447,13427,4169000,100
11-23 12:17:22.197 22215 22215 D CompatibilityChangeReporter: Compat change id reported: 194532703; UID 10010; state: ENABLED
11-23 12:17:22.198  1011  1189 I ASH     : @ 85094.396: tcs3701: stop power rail pending_off timer
11-23 12:17:22.198  1011  1189 D ASH     : @ 85094.396: tcs3701: start power rail timer, state:3
11-23 12:17:22.204  1795  3745 D CompatibilityChangeReporter: Compat change id reported: 194532703; UID 10010; state: ENABLED
11-23 12:17:22.213 22215 22215 I cr_omaha: Scheduled using JobService
11-23 12:17:22.213 22215 22215 E cr_BkgrdTaskJS: Tried finishing non-current BackgroundTask.
11-23 12:17:22.237  1011  1189 I ASH     : @ 85094.436: tcs3701: stop power rail pending_off timer
11-23 12:17:22.237  1011  1189 D ASH     : @ 85094.436: tcs3701: start power rail timer, state:3
11-23 12:17:22.278  1011  1189 I ASH     : @ 85094.476: tcs3701: stop power rail pending_off timer
11-23 12:17:22.278  1011  1189 D ASH     : @ 85094.476: tcs3701: start power rail timer, state:3
11-23 12:17:22.310  5238  5295 I BatteryMgr:DataCollectionService: stats => 1700738242309,7629,4447,13427,4169000,100
11-23 12:17:22.317  1011  1189 I ASH     : @ 85094.516: tcs3701: stop power rail pending_off timer
11-23 12:17:22.317  1011  1189 D ASH     : @ 85094.516: tcs3701: start power rail timer, state:3
11-23 12:17:22.357  1011  1189 I ASH     : @ 85094.556: tcs3701: stop power rail pending_off timer
11-23 12:17:22.357  1011  1189 D ASH     : @ 85094.556: tcs3701: start power rail timer, state:3
11-23 12:17:22.398  1011  1189 I ASH     : @ 85094.596: tcs3701: stop power rail pending_off timer
11-23 12:17:22.398  1011  1189 D ASH     : @ 85094.596: tcs3701: start power rail timer, state:3
11-23 12:17:22.417  5238  5295 I BatteryMgr:DataCollectionService: stats => 1700738242417,7629,4447,13427,4169000,100
11-23 12:17:22.437  1011  1189 I ASH     : @ 85094.636: tcs3701: stop power rail pending_off timer
11-23 12:17:22.437  1011  1189 D ASH     : @ 85094.636: tcs3701: start power rail timer, state:3
11-23 12:17:22.478  1011  1189 I ASH     : @ 85094.676: tcs3701: stop power rail pending_off timer
11-23 12:17:22.478  1011  1189 D ASH     : @ 85094.676: tcs3701: start power rail timer, state:3
11-23 12:17:22.517  1011  1189 I ASH     : @ 85094.716: tcs3701: stop power rail pending_off timer
11-23 12:17:22.518  1011  1189 D ASH     : @ 85094.716: tcs3701: start power rail timer, state:3
11-23 12:17:22.525  5238  5295 I BatteryMgr:DataCollectionService: stats => 1700738242524,7629,4447,13427,4169000,100
11-23 12:17:22.558  1011  1189 I ASH     : @ 85094.756: tcs3701: stop power rail pending_off timer
11-23 12:17:22.558  1011  1189 D ASH     : @ 85094.756: tcs3701: start power rail timer, state:3
11-23 12:17:22.597  1011  1189 I ASH     : @ 85094.796: tcs3701: stop power rail pending_off timer
11-23 12:17:22.598  1011  1189 D ASH     : @ 85094.796: tcs3701: start power rail timer, state:3
11-23 12:17:22.631  5238  5295 I BatteryMgr:DataCollectionService: stats => 1700738242631,7629,4447,13427,4169000,100
11-23 12:17:22.637  1011  1189 I ASH     : @ 85094.836: tcs3701: stop power rail pending_off timer
11-23 12:17:22.637  1011  1189 D ASH     : @ 85094.836: tcs3701: start power rail timer, state:3
11-23 12:17:22.665  1795  2679 D ActivityManager: freezer override set to true
11-23 12:17:22.670  2113  2118 I pixel-thermal: skin-therm-monitor: 40.291
11-23 12:17:22.678  1011  1189 I ASH     : @ 85094.876: tcs3701: stop power rail pending_off timer
11-23 12:17:22.678  1011  1189 D ASH     : @ 85094.876: tcs3701: start power rail timer, state:3
11-23 12:17:22.717  1011  1189 I ASH     : @ 85094.916: tcs3701: stop power rail pending_off timer
11-23 12:17:22.718  1011  1189 D ASH     : @ 85094.916: tcs3701: start power rail timer, state:3
11-23 12:17:22.739  5238  5295 I BatteryMgr:DataCollectionService: stats => 1700738242739,7629,4447,13427,4169000,100
11-23 12:17:22.757  1011  1189 I ASH     : @ 85094.956: tcs3701: stop power rail pending_off timer
11-23 12:17:22.757  1011  1189 D ASH     : @ 85094.956: tcs3701: start power rail timer, state:3
11-23 12:17:22.797  1011  1189 I ASH     : @ 85094.996: tcs3701: stop power rail pending_off timer
11-23 12:17:22.797  1011  1189 D ASH     : @ 85094.996: tcs3701: start power rail timer, state:3
11-23 12:17:22.837  1011  1189 I ASH     : @ 85095.036: tcs3701: stop power rail pending_off timer
11-23 12:17:22.837  1011  1189 D ASH     : @ 85095.036: tcs3701: start power rail timer, state:3
11-23 12:17:22.847  5238  5295 I BatteryMgr:DataCollectionService: stats => 1700738242847,7629,4447,13427,4169000,100
11-23 12:17:22.877  1011  1189 I ASH     : @ 85095.076: tcs3701: stop power rail pending_off timer
11-23 12:17:22.877  1011  1189 D ASH     : @ 85095.076: tcs3701: start power rail timer, state:3
11-23 12:17:22.917  1011  1189 I ASH     : @ 85095.116: tcs3701: stop power rail pending_off timer
11-23 12:17:22.917  1011  1189 D ASH     : @ 85095.116: tcs3701: start power rail timer, state:3
11-23 12:17:22.956  5238  5295 I BatteryMgr:DataCollectionService: stats => 1700738242956,7629,4447,13427,4169000,100
11-23 12:17:22.957  1011  1189 I ASH     : @ 85095.156: tcs3701: stop power rail pending_off timer
11-23 12:17:22.957  1011  1189 D ASH     : @ 85095.156: tcs3701: start power rail timer, state:3
11-23 12:17:22.998  1011  1189 I ASH     : @ 85095.196: tcs3701: stop power rail pending_off timer
11-23 12:17:22.998  1011  1189 D ASH     : @ 85095.197: tcs3701: start power rail timer, state:3
11-23 12:17:23.037  1011  1189 I ASH     : @ 85095.236: tcs3701: stop power rail pending_off timer
11-23 12:17:23.037  1011  1189 D ASH     : @ 85095.236: tcs3701: start power rail timer, state:3
11-23 12:17:23.044 22215 22268 I m.chrome.canary: Explicit concurrent copying GC freed 878041(17MB) AllocSpace objects, 11(336KB) LOS objects, 75% free, 12MB/48MB, paused 44us,26us total 190.046ms
11-23 12:17:23.063  5238  5295 I BatteryMgr:DataCollectionService: stats => 1700738243063,7629,4447,13427,4169000,100
11-23 12:17:23.078  1011  1189 I ASH     : @ 85095.276: tcs3701: stop power rail pending_off timer
11-23 12:17:23.078  1011  1189 D ASH     : @ 85095.276: tcs3701: start power rail timer, state:3
11-23 12:17:23.118  1011  1189 I ASH     : @ 85095.316: tcs3701: stop power rail pending_off timer
11-23 12:17:23.118  1011  1189 D ASH     : @ 85095.316: tcs3701: start power rail timer, state:3
11-23 12:17:23.133  1795  2679 D ActivityManager: freezer override set to false
11-23 12:17:23.157  1011  1189 I ASH     : @ 85095.356: tcs3701: stop power rail pending_off timer
11-23 12:17:23.157  1011  1189 D ASH     : @ 85095.356: tcs3701: start power rail timer, state:3
11-23 12:17:23.175  5238  5295 I BatteryMgr:DataCollectionService: stats => 1700738243175,7629,4447,13427,4169000,100
11-23 12:17:23.198  1011  1189 I ASH     : @ 85095.396: tcs3701: stop power rail pending_off timer
11-23 12:17:23.198  1011  1189 D ASH     : @ 85095.396: tcs3701: start power rail timer, state:3
11-23 12:17:23.224  1795  2679 D ActivityManager: freezer override set to true
11-23 12:17:23.228  1795  2679 D ActivityManager: freezer override set to false
11-23 12:17:23.238  1011  1189 I ASH     : @ 85095.436: tcs3701: stop power rail pending_off timer
11-23 12:17:23.238  1011  1189 D ASH     : @ 85095.436: tcs3701: start power rail timer, state:3
11-23 12:17:23.278  1011  1189 I ASH     : @ 85095.476: tcs3701: stop power rail pending_off timer
11-23 12:17:23.278  1011  1189 D ASH     : @ 85095.476: tcs3701: start power rail timer, state:3
11-23 12:17:23.282  5238  5295 I BatteryMgr:DataCollectionService: stats => 1700738243282,7629,4447,13427,4169000,100
11-23 12:17:23.317  1011  1189 I ASH     : @ 85095.516: tcs3701: stop power rail pending_off timer
11-23 12:17:23.317  1011  1189 D ASH     : @ 85095.516: tcs3701: start power rail timer, state:3
11-23 12:17:23.358  1011  1189 I ASH     : @ 85095.556: tcs3701: stop power rail pending_off timer
11-23 12:17:23.358  1011  1189 D ASH     : @ 85095.557: tcs3701: start power rail timer, state:3
11-23 12:17:23.390  5238  5295 I BatteryMgr:DataCollectionService: stats => 1700738243390,7629,4447,13427,4169000,100
11-23 12:17:23.398  1011  1189 I ASH     : @ 85095.596: tcs3701: stop power rail pending_off timer
11-23 12:17:23.398  1011  1189 D ASH     : @ 85095.596: tcs3701: start power rail timer, state:3
11-23 12:17:23.438  1011  1189 I ASH     : @ 85095.636: tcs3701: stop power rail pending_off timer
11-23 12:17:23.438  1011  1189 D ASH     : @ 85095.637: tcs3701: start power rail timer, state:3
11-23 12:17:23.477  1011  1189 I ASH     : @ 85095.676: tcs3701: stop power rail pending_off timer
11-23 12:17:23.477  1011  1189 D ASH     : @ 85095.676: tcs3701: start power rail timer, state:3
11-23 12:17:23.495  1795  2424 D WifiClientModeImpl[13802:wlan0]: updateLinkLayerStatsRssiSpeedFrequencyCapabilities rssi=-47 TxLinkspeed=866 freq=5240 RxLinkSpeed=866
11-23 12:17:23.498  1795  2424 V WifiScoreCard:  rssi -47 level 4 bssid f4:6d:2f:12:cc:88 freq 5240 onTimeMs 1738 txKB 82 rxKB 17128 txKBThr 300 rxKBThr 8000
11-23 12:17:23.498  1795  2424 D WifiScoreCard: 1 lastSampleWeight=77/128 filterInKbps=80728 avgKbps=56244 filterOutKbps=55000
11-23 12:17:23.498  1795  2424 D WifiClientModeImpl[13802:wlan0]: reported txKbps 12000 rxKbps 55000
11-23 12:17:23.498  2782  5906 D QCNEJ/WlanStaInfoRelay: Received action: android.net.wifi.RSSI_CHANGED
11-23 12:17:23.498  1795  2424 D WifiDataStall: tx tput in kbps: 715464
11-23 12:17:23.498  1795  2424 D WifiDataStall: rx tput in kbps: 794960
11-23 12:17:23.498  1795  2424 V WifiScoreCard: 1 sampKbps 80728 filtKbps 55000 reportedKbps 55000 avgUsedKbps 56244 l2Kbps 794960 intErrPercent -31 extErrPercent -31 l2ErrPercent 884
11-23 12:17:23.499  1795  2424 V WifiConfigManager: Updating scan detail cache freq=5240 BSSID=f4:6d:2f:12:cc:88 RSSI=-46 for "ourhome"WPA_PSK
11-23 12:17:23.502  1795  2424 D WifiChannelUtilization:  freq: 5240 onTime: 2363345 busyTime: 198801 onTimeDiff: 2363050 busyTimeDiff: 198784 utilization: 21 utilization t0: 21
11-23 12:17:23.503  3213  3231 V WifiManager: OnWifiUsabilityStatsListener: onWifiUsabilityStats: seqNum=28103
11-23 12:17:23.503  1795  2424 D WifiDataStall:  ccaLevel = 21
11-23 12:17:23.503  1795  2424 D WifiDataStall: L2 txTputKbps: 675716, rxTputKbps: 794960, L3 txTputKbps: 222, rxTputKbps: 46354, TxTrafficHigh: true, RxTrafficHigh: true, Throughput Sufficient: true
11-23 12:17:23.503  1795  2424 D WifiScoreReport: Wifi scoring disabled - Don't check IP layer
11-23 12:17:23.503  1795  2424 D WifiScoreCard: BSSID update SIGNAL_POLL ID: 1320464697 SSID: "ourhome", BSSID: f4:6d:2f:12:cc:88, MAC: b2:2f:ec:da:4a:0c, IP: /192.168.1.104, Security type: 2, Supplicant state: COMPLETED, Wi-Fi standard: 5, RSSI: -47, Link speed: 866Mbps, Tx Link speed: 866Mbps, Max Supported Tx Link speed: 866Mbps, Rx Link speed: 866Mbps, Max Supported Rx Link speed: 866Mbps, Frequency: 5240MHz, Net ID: 12, Metered hint: false, score: 60, isUsable: true, CarrierMerged: false, SubscriptionId: -1, IsPrimary: 1, Trusted: true, Restricted: false, Ephemeral: false, OEM paid: false, OEM private: false, OSU AP: false, FQDN: <none>, Provider friendly name: <none>, Requesting package name: <none>"ourhome"wpa2-pskMLO Information: , Is TID-To-Link negotiation supported by the AP: false, AP MLD Address: <none>, AP MLO Link Id: <none>, AP MLO Affiliated links: <none>
11-23 12:17:23.503  1795  2424 D WifiScoreCard: txRate: 308 txSpeed: 866
11-23 12:17:23.503  1795  2424 D WifiScoreCard: network update SIGNAL_POLL "ourhome" ID: 1499892569 RSSI -47 txSpeed 866
11-23 12:17:23.503  1795  3745 I WifiService: updateWifiUsabilityScore uid=10180 seqNum=28103 score=100 predictionHorizonSec=1441795
11-23 12:17:23.503  1795  2424 D WifiClientModeImpl[13802:wlan0]:  ClientModeImpl$L2ConnectedState screen=on 15 0 "ourhome" f4:6d:2f:12:cc:88 rssi=-47 f=5240 sc=60 link=866 tx=264.4, 42.7, 0.0 rx=2165.6 bcn=812120 [on:1738 tx:100 rx:181 period:3021] from screen [on:48509 period:564231] score=60
11-23 12:17:23.505  1795  2424 D WifiScoreReport: Wifi scoring disabled - Notify that Wifi is usable
11-23 12:17:23.507  3213  3531 D DeviceStateHelper: Wifi freq: 5240
11-23 12:17:23.509  5238  5295 I BatteryMgr:DataCollectionService: stats => 1700738243509,7629,4447,13427,4169000,100
11-23 12:17:23.512  1795  3001 I WifiService: getSoftApConfiguration uid=10180
11-23 12:17:23.514  3473  4683 I CarrierServices: [49] ekm.handleMessage: RcsEngineImpl[DUAL_REG]:[deae450f-f3f3]>Handler: handleMessage processing message:[NOTIFY_UPTIME_IGNORE_STATE_CHANGED] with [non-null]:RcsEngineImpl reference
11-23 12:17:23.514  2895  2952 E PhoneInterfaceManager: [PhoneIntfMgr] getCarrierPrivilegeStatusForUid: Invalid subId
11-23 12:17:23.514  3473  4697 I CarrierServices: [50] eam.c: Connected state: [1], networkType: [WIFI]
11-23 12:17:23.514  3473  4683 I CarrierServices: [49] ejf.b: ProvisioningEngineDataRetriever: RCS Configuration storage in Bugle is disabled by p/h flag, using ProvisioningEngineStateCacheUtil.getProvisioningConfigurationForGivenSimIfExist()
11-23 12:17:23.518  1011  1189 I ASH     : @ 85095.716: tcs3701: stop power rail pending_off timer
11-23 12:17:23.518  1011  1189 D ASH     : @ 85095.716: tcs3701: start power rail timer, state:3
11-23 12:17:23.534  1795  2432 D ConnectivityService: NetReassign [no changes] [c 0] [a 0] [i 2]
11-23 12:17:23.535  1795  4157 I WifiService: getWifiEnabledState uid=10233 state=3
11-23 12:17:23.558  1011  1189 I ASH     : @ 85095.756: tcs3701: stop power rail pending_off timer
11-23 12:17:23.558  1011  1189 D ASH     : @ 85095.756: tcs3701: start power rail timer, state:3
11-23 12:17:23.598  1011  1189 I ASH     : @ 85095.796: tcs3701: stop power rail pending_off timer
11-23 12:17:23.598  1011  1189 D ASH     : @ 85095.796: tcs3701: start power rail timer, state:3
11-23 12:17:23.623  5238  5295 I BatteryMgr:DataCollectionService: stats => 1700738243623,7629,4447,13427,4169000,100
11-23 12:17:23.638  1011  1189 I ASH     : @ 85095.836: tcs3701: stop power rail pending_off timer
11-23 12:17:23.638  1011  1189 D ASH     : @ 85095.836: tcs3701: start power rail timer, state:3
11-23 12:17:23.678  1011  1189 I ASH     : @ 85095.876: tcs3701: stop power rail pending_off timer
11-23 12:17:23.678  1011  1189 D ASH     : @ 85095.876: tcs3701: start power rail timer, state:3
11-23 12:17:23.710  1795  4157 D ActivityManager: freezer override set to true
11-23 12:17:23.718  1011  1189 I ASH     : @ 85095.916: tcs3701: stop power rail pending_off timer
11-23 12:17:23.718  1011  1189 D ASH     : @ 85095.916: tcs3701: start power rail timer, state:3
11-23 12:17:23.719  1795  4157 D ActivityManager: freezer override set to false
11-23 12:17:23.733  5238  5295 I BatteryMgr:DataCollectionService: stats => 1700738243732,7629,4447,13427,4169000,100
11-23 12:17:23.757  1011  1189 I ASH     : @ 85095.956: tcs3701: stop power rail pending_off timer
11-23 12:17:23.757  1011  1189 D ASH     : @ 85095.956: tcs3701: start power rail timer, state:3
11-23 12:17:23.797  1011  1189 I ASH     : @ 85095.996: tcs3701: stop power rail pending_off timer
11-23 12:17:23.797  1011  1189 D ASH     : @ 85095.996: tcs3701: start power rail timer, state:3
11-23 12:17:23.839  1011  1189 I ASH     : @ 85096.036: tcs3701: stop power rail pending_off timer
11-23 12:17:23.839  1011  1189 D ASH     : @ 85096.036: tcs3701: start power rail timer, state:3
11-23 12:17:23.841  5238  5295 I BatteryMgr:DataCollectionService: stats => 1700738243841,7629,4447,13427,4169000,100
11-23 12:17:23.877  1011  1189 I ASH     : @ 85096.076: tcs3701: stop power rail pending_off timer
11-23 12:17:23.877  1011  1189 D ASH     : @ 85096.076: tcs3701: start power rail timer, state:3
11-23 12:17:23.917  1011  1189 I ASH     : @ 85096.116: tcs3701: stop power rail pending_off timer
11-23 12:17:23.917  1011  1189 D ASH     : @ 85096.116: tcs3701: start power rail timer, state:3
11-23 12:17:23.947  5238  5295 I BatteryMgr:DataCollectionService: stats => 1700738243947,7629,4447,13427,4169000,100
11-23 12:17:23.957  1011  1189 I ASH     : @ 85096.156: tcs3701: stop power rail pending_off timer
11-23 12:17:23.957  1011  1189 D ASH     : @ 85096.156: tcs3701: start power rail timer, state:3
11-23 12:17:23.997  1011  1189 I ASH     : @ 85096.196: tcs3701: stop power rail pending_off timer
11-23 12:17:23.998  1011  1189 D ASH     : @ 85096.196: tcs3701: start power rail timer, state:3
11-23 12:17:24.038  1011  1189 I ASH     : @ 85096.236: tcs3701: stop power rail pending_off timer
11-23 12:17:24.038  1011  1189 D ASH     : @ 85096.236: tcs3701: start power rail timer, state:3
11-23 12:17:24.054  5238  5295 I BatteryMgr:DataCollectionService: stats => 1700738244054,7629,4447,13427,4169000,100
11-23 12:17:24.077  1011  1189 I ASH     : @ 85096.276: tcs3701: stop power rail pending_off timer
11-23 12:17:24.078  1011  1189 D ASH     : @ 85096.276: tcs3701: start power rail timer, state:3
11-23 12:17:24.117  1011  1189 I ASH     : @ 85096.316: tcs3701: stop power rail pending_off timer
11-23 12:17:24.117  1011  1189 D ASH     : @ 85096.316: tcs3701: start power rail timer, state:3
11-23 12:17:24.157  1011  1189 I ASH     : @ 85096.356: tcs3701: stop power rail pending_off timer
11-23 12:17:24.157  1011  1189 D ASH     : @ 85096.356: tcs3701: start power rail timer, state:3
11-23 12:17:24.159  5238  5295 I BatteryMgr:DataCollectionService: stats => 1700738244159,7629,4447,13427,4169000,100
11-23 12:17:24.200  1011  1189 I ASH     : @ 85096.396: tcs3701: stop power rail pending_off timer
11-23 12:17:24.200  1011  1189 D ASH     : @ 85096.396: tcs3701: start power rail timer, state:3
11-23 12:17:24.237  1011  1189 I ASH     : @ 85096.436: tcs3701: stop power rail pending_off timer
11-23 12:17:24.238  1011  1189 D ASH     : @ 85096.436: tcs3701: start power rail timer, state:3
11-23 12:17:24.268  5238  5295 I BatteryMgr:DataCollectionService: stats => 1700738244268,7629,4447,13427,4169000,100
11-23 12:17:24.278  1011  1189 I ASH     : @ 85096.476: tcs3701: stop power rail pending_off timer
11-23 12:17:24.278  1011  1189 D ASH     : @ 85096.476: tcs3701: start power rail timer, state:3
11-23 12:17:24.318  1011  1189 I ASH     : @ 85096.516: tcs3701: stop power rail pending_off timer
11-23 12:17:24.320  1011  1189 D ASH     : @ 85096.517: tcs3701: start power rail timer, state:3
11-23 12:17:24.357  1011  1189 I ASH     : @ 85096.556: tcs3701: stop power rail pending_off timer
11-23 12:17:24.357  1011  1189 D ASH     : @ 85096.556: tcs3701: start power rail timer, state:3
11-23 12:17:24.376  5238  5295 I BatteryMgr:DataCollectionService: stats => 1700738244376,7629,4447,13427,4169000,100
11-23 12:17:24.398  1011  1189 I ASH     : @ 85096.596: tcs3701: stop power rail pending_off timer
11-23 12:17:24.398  1011  1189 D ASH     : @ 85096.597: tcs3701: start power rail timer, state:3
11-23 12:17:24.438  1011  1189 I ASH     : @ 85096.636: tcs3701: stop power rail pending_off timer
11-23 12:17:24.438  1011  1189 D ASH     : @ 85096.636: tcs3701: start power rail timer, state:3
11-23 12:17:24.477  1011  1189 I ASH     : @ 85096.676: tcs3701: stop power rail pending_off timer
11-23 12:17:24.478  1011  1189 D ASH     : @ 85096.677: tcs3701: start power rail timer, state:3
11-23 12:17:24.483  5238  5295 I BatteryMgr:DataCollectionService: stats => 1700738244482,7629,4447,13427,4169000,100
11-23 12:17:24.518  1011  1189 I ASH     : @ 85096.716: tcs3701: stop power rail pending_off timer
11-23 12:17:24.518  1011  1189 D ASH     : @ 85096.716: tcs3701: start power rail timer, state:3
11-23 12:17:24.544  1795  3001 D ActivityManager: freezer override set to true
11-23 12:17:24.558  1011  1189 I ASH     : @ 85096.756: tcs3701: stop power rail pending_off timer
11-23 12:17:24.558  1011  1189 D ASH     : @ 85096.756: tcs3701: start power rail timer, state:3
11-23 12:17:24.594  5238  5295 I BatteryMgr:DataCollectionService: stats => 1700738244594,7629,4447,13427,4169000,100
11-23 12:17:24.597  1011  1189 I ASH     : @ 85096.796: tcs3701: stop power rail pending_off timer
11-23 12:17:24.597  1011  1189 D ASH     : @ 85096.796: tcs3701: start power rail timer, state:3
