11-23 12:19:51.997  3657  4461 D ForegroundUtils: UID: 10206 is in foreground: false
11-23 12:19:51.997  3657  4461 D ForegroundUtils: UID: 10233 is in foreground: true
11-23 12:19:51.997  3657  4461 D ForegroundUtils: UID: 10244 is in foreground: false
11-23 12:19:51.997  3657  4461 D ForegroundUtils: UID: 10304 is in foreground: true
11-23 12:19:51.997  3657  4461 D ForegroundUtils: UID: 10319 is in foreground: true
11-23 12:19:51.997  3657  4461 D ForegroundUtils: UID: 90000 is in foreground: true
11-23 12:19:51.997  3657  4461 D ForegroundUtils: UID: 90001 is in foreground: true
11-23 12:19:51.997  1011  1189 I ASH     : @ 85244.196: tcs3701: stop power rail pending_off timer
11-23 12:19:51.997  1011  1189 D ASH     : @ 85244.197: tcs3701: start power rail timer, state:3
11-23 12:19:51.998 25540 25540 I ActivityThread: Relaunch all activities: onCoreSettingsChange
11-23 12:19:51.998 25540 25540 D CompatibilityChangeReporter: Compat change id reported: 171979766; UID 90001; state: ENABLED
11-23 12:19:52.012 25540 25540 I LoadedApk: No resource references to update in package com.google.android.trichromelibrary.canary
11-23 12:19:52.013 25540 25540 D NetworkSecurityConfig: Using Network Security Config from resource 0_resource_name_obfuscated debugBuild: false
11-23 12:19:52.015 25540 25540 D NetworkSecurityConfig: Using Network Security Config from resource 0_resource_name_obfuscated debugBuild: false
11-23 12:19:52.016 25540 25540 I cr_SplitCompatApp: Launched version=121.0.6137.0 minSdkVersion=29 isBundle=true processName=com.chrome.canary:sandboxed_process0:org.chromium.content.app.SandboxedProcessService0:1 isIsolated=true
11-23 12:19:52.021  1795  4169 D CompatibilityChangeReporter: Compat change id reported: 214016041; UID 10010; state: ENABLED
11-23 12:19:52.022  3375  3375 I GoogleInputMethodService: GoogleInputMethodService.onFinishInput():3154 
11-23 12:19:52.024  3375  3375 I GoogleInputMethodService: GoogleInputMethodService.updateDeviceLockedStatus():2088 repeatCheckTimes = 0, locked = false
11-23 12:19:52.024  3375  3375 I GoogleInputMethodService: GoogleInputMethodService.onStartInput():1883 onStartInput(EditorInfo{EditorInfo{packageName=com.chrome.canary, inputType=0, inputTypeString=NULL, enableLearning=false, autoCorrection=false, autoComplete=false, imeOptions=12000000, privateImeOptions=null, actionName=UNSPECIFIED, actionLabel=null, initialSelStart=-1, initialSelEnd=-1, initialCapsMode=0, label=null, fieldId=-1, fieldName=null, extras=null, hintText=null, hintLocales=[]}}, false)
11-23 12:19:52.025  3375  3375 I GoogleInputMethodService: GoogleInputMethodService.updateDeviceLockedStatus():2088 repeatCheckTimes = 1, locked = false
11-23 12:19:52.025 25540 25540 W SystemServiceRegistry: No service published for: uimode
11-23 12:19:52.032 25540 25540 I cr_ChildProcessService: Creating new ChildProcessService pid=25540
11-23 12:19:52.038  1011  1189 I ASH     : @ 85244.236: tcs3701: stop power rail pending_off timer
11-23 12:19:52.038  1011  1189 D ASH     : @ 85244.236: tcs3701: start power rail timer, state:3
11-23 12:19:52.046 25540 25555 I cr_LibraryLoader: Successfully loaded native library
11-23 12:19:52.047 25540 25555 I cr_CachingUmaRecorder: Flushed 3 samples from 3 histograms, 0 samples were dropped.
11-23 12:19:52.078  1011  1189 I ASH     : @ 85244.276: tcs3701: stop power rail pending_off timer
11-23 12:19:52.078  1011  1189 D ASH     : @ 85244.276: tcs3701: start power rail timer, state:3
11-23 12:19:52.080  5238  5296 I BatteryMgr:DataCollectionService: stats => 1700738392080,10986,4447,13427,4169000,100
11-23 12:19:52.117  1011  1189 I ASH     : @ 85244.316: tcs3701: stop power rail pending_off timer
11-23 12:19:52.118  1011  1189 D ASH     : @ 85244.316: tcs3701: start power rail timer, state:3
11-23 12:19:52.127 25540 25555 I tflite  : Initialized TensorFlow Lite runtime.
11-23 12:19:52.127 25540 25555 W libc    : Access denied finding property "ro.mediatek.platform"
11-23 12:19:52.127 25540 25555 W libc    : Access denied finding property "ro.chipname"
11-23 12:19:52.127 25540 25555 W libc    : Access denied finding property "ro.hardware.chipname"
11-23 12:19:52.158  1011  1189 I ASH     : @ 85244.356: tcs3701: stop power rail pending_off timer
11-23 12:19:52.158  1011  1189 D ASH     : @ 85244.357: tcs3701: start power rail timer, state:3
11-23 12:19:52.185  5238  5296 I BatteryMgr:DataCollectionService: stats => 1700738392185,10986,4447,13427,4169000,100
11-23 12:19:52.197  1011  1189 I ASH     : @ 85244.396: tcs3701: stop power rail pending_off timer
11-23 12:19:52.197  1011  1189 D ASH     : @ 85244.396: tcs3701: start power rail timer, state:3
11-23 12:19:52.237  1011  1189 I ASH     : @ 85244.436: tcs3701: stop power rail pending_off timer
11-23 12:19:52.237  1011  1189 D ASH     : @ 85244.436: tcs3701: start power rail timer, state:3
11-23 12:19:52.277  1011  1189 I ASH     : @ 85244.476: tcs3701: stop power rail pending_off timer
11-23 12:19:52.277  1011  1189 D ASH     : @ 85244.476: tcs3701: start power rail timer, state:3
11-23 12:19:52.290  5238  5296 I BatteryMgr:DataCollectionService: stats => 1700738392290,10986,4447,13427,4169000,100
11-23 12:19:52.317  1011  1189 I ASH     : @ 85244.516: tcs3701: stop power rail pending_off timer
11-23 12:19:52.317  1011  1189 D ASH     : @ 85244.517: tcs3701: start power rail timer, state:3
11-23 12:19:52.357  1011  1189 I ASH     : @ 85244.556: tcs3701: stop power rail pending_off timer
11-23 12:19:52.357  1011  1189 D ASH     : @ 85244.556: tcs3701: start power rail timer, state:3
11-23 12:19:52.395  5238  5296 I BatteryMgr:DataCollectionService: stats => 1700738392395,10986,4447,13427,4169000,100
11-23 12:19:52.398  1011  1189 I ASH     : @ 85244.596: tcs3701: stop power rail pending_off timer
11-23 12:19:52.398  1011  1189 D ASH     : @ 85244.596: tcs3701: start power rail timer, state:3
11-23 12:19:52.400  1795  4169 D ActivityManager: freezer override set to true
11-23 12:19:52.407  1795  4169 D ActivityManager: freezer override set to false
11-23 12:19:52.439  1011  1189 I ASH     : @ 85244.636: tcs3701: stop power rail pending_off timer
11-23 12:19:52.439  1011  1189 D ASH     : @ 85244.636: tcs3701: start power rail timer, state:3
11-23 12:19:52.478  1011  1189 I ASH     : @ 85244.676: tcs3701: stop power rail pending_off timer
11-23 12:19:52.478  1011  1189 D ASH     : @ 85244.676: tcs3701: start power rail timer, state:3
11-23 12:19:52.500  5238  5296 I BatteryMgr:DataCollectionService: stats => 1700738392500,10986,4447,13427,4169000,100
11-23 12:19:52.517  1011  1189 I ASH     : @ 85244.716: tcs3701: stop power rail pending_off timer
11-23 12:19:52.518  1011  1189 D ASH     : @ 85244.717: tcs3701: start power rail timer, state:3
11-23 12:19:52.557  1011  1189 I ASH     : @ 85244.756: tcs3701: stop power rail pending_off timer
11-23 12:19:52.557  1011  1189 D ASH     : @ 85244.757: tcs3701: start power rail timer, state:3
11-23 12:19:52.597  1011  1189 I ASH     : @ 85244.796: tcs3701: stop power rail pending_off timer
11-23 12:19:52.597  1011  1189 D ASH     : @ 85244.796: tcs3701: start power rail timer, state:3
11-23 12:19:52.605  5238  5296 I BatteryMgr:DataCollectionService: stats => 1700738392605,10986,4447,13427,4169000,100
11-23 12:19:52.638  1011  1189 I ASH     : @ 85244.836: tcs3701: stop power rail pending_off timer
11-23 12:19:52.638  1011  1189 D ASH     : @ 85244.836: tcs3701: start power rail timer, state:3
11-23 12:19:52.668  1795  4169 D ActivityManager: freezer override set to true
11-23 12:19:52.678  1011  1189 I ASH     : @ 85244.876: tcs3701: stop power rail pending_off timer
11-23 12:19:52.678  1011  1189 D ASH     : @ 85244.876: tcs3701: start power rail timer, state:3
11-23 12:19:52.710  5238  5296 I BatteryMgr:DataCollectionService: stats => 1700738392710,10986,4447,13427,4169000,100
11-23 12:19:52.717  1011  1189 I ASH     : @ 85244.916: tcs3701: stop power rail pending_off timer
11-23 12:19:52.717  1011  1189 D ASH     : @ 85244.916: tcs3701: start power rail timer, state:3
11-23 12:19:52.724  3845  3845 E AbstractGmsTracer: Traced class shouldn't be obfuscated: GmsBoundBrokerChimeraService [CONTEXT service_id=259 ]
11-23 12:19:52.725  3845  3845 D BoundBrokerSvc: onBind: Intent { act=com.google.android.gms.common.BIND_SHARED_PREFS pkg=com.google.android.gms }
11-23 12:19:52.725  3845  3845 D BoundBrokerSvc: Loading bound service for intent: Intent { act=com.google.android.gms.common.BIND_SHARED_PREFS pkg=com.google.android.gms }
11-23 12:19:52.726  3845  3845 E AbstractGmsTracer: Traced class shouldn't be obfuscated: SharedPreferencesBoundService [CONTEXT service_id=259 ]
11-23 12:19:52.730  3845  3845 D BoundBrokerSvc: onUnbind: Intent { act=com.google.android.gms.common.BIND_SHARED_PREFS pkg=com.google.android.gms }
11-23 12:19:52.758  1011  1189 I ASH     : @ 85244.956: tcs3701: stop power rail pending_off timer
11-23 12:19:52.758  1011  1189 D ASH     : @ 85244.957: tcs3701: start power rail timer, state:3
11-23 12:19:52.798  1011  1189 I ASH     : @ 85244.996: tcs3701: stop power rail pending_off timer
11-23 12:19:52.798  1011  1189 D ASH     : @ 85244.996: tcs3701: start power rail timer, state:3
11-23 12:19:52.800 25307 25363 I m.chrome.canary: Waiting for a blocking GC Explicit
11-23 12:19:52.815  5238  5296 I BatteryMgr:DataCollectionService: stats => 1700738392815,10986,4447,13427,4169000,100
11-23 12:19:52.826 25307 25363 I m.chrome.canary: WaitForGcToComplete blocked Explicit on Background for 25.253ms
11-23 12:19:52.838  1011  1189 I ASH     : @ 85245.036: tcs3701: stop power rail pending_off timer
11-23 12:19:52.838  1011  1189 D ASH     : @ 85245.036: tcs3701: start power rail timer, state:3
11-23 12:19:52.874 25307 25363 I m.chrome.canary: Explicit concurrent copying GC freed 87934(2042KB) AllocSpace objects, 1(20KB) LOS objects, 75% free, 10MB/43MB, paused 150us,28us total 47.893ms
11-23 12:19:52.878  1011  1189 I ASH     : @ 85245.076: tcs3701: stop power rail pending_off timer
11-23 12:19:52.878  1011  1189 D ASH     : @ 85245.076: tcs3701: start power rail timer, state:3
11-23 12:19:52.918  1011  1189 I ASH     : @ 85245.116: tcs3701: stop power rail pending_off timer
11-23 12:19:52.918  1011  1189 D ASH     : @ 85245.116: tcs3701: start power rail timer, state:3
11-23 12:19:52.920  5238  5296 I BatteryMgr:DataCollectionService: stats => 1700738392920,10986,4447,13427,4169000,100
11-23 12:19:52.939  1795  4169 D ActivityManager: freezer override set to false
11-23 12:19:52.958  1011  1189 I ASH     : @ 85245.156: tcs3701: stop power rail pending_off timer
11-23 12:19:52.958  1011  1189 D ASH     : @ 85245.156: tcs3701: start power rail timer, state:3
11-23 12:19:52.998  1011  1189 I ASH     : @ 85245.196: tcs3701: stop power rail pending_off timer
11-23 12:19:52.998  1011  1189 D ASH     : @ 85245.196: tcs3701: start power rail timer, state:3
11-23 12:19:52.998  1795  2855 D ActivityManager: freezer override set to true
11-23 12:19:53.003  1795  2855 D ActivityManager: freezer override set to false
11-23 12:19:53.010  2113  2118 I pixel-thermal: skin-therm-monitor: 41.012
11-23 12:19:53.025  5238  5296 I BatteryMgr:DataCollectionService: stats => 1700738393025,10986,4447,13427,4169000,100
11-23 12:19:53.038  1011  1189 I ASH     : @ 85245.236: tcs3701: stop power rail pending_off timer
11-23 12:19:53.038  1011  1189 D ASH     : @ 85245.236: tcs3701: start power rail timer, state:3
11-23 12:19:53.078  1011  1189 I ASH     : @ 85245.276: tcs3701: stop power rail pending_off timer
11-23 12:19:53.078  1011  1189 D ASH     : @ 85245.276: tcs3701: start power rail timer, state:3
11-23 12:19:53.118  1011  1189 I ASH     : @ 85245.316: tcs3701: stop power rail pending_off timer
11-23 12:19:53.118  1011  1189 D ASH     : @ 85245.316: tcs3701: start power rail timer, state:3
11-23 12:19:53.130  5238  5296 I BatteryMgr:DataCollectionService: stats => 1700738393130,10986,4447,13427,4169000,100
11-23 12:19:53.158  1011  1189 I ASH     : @ 85245.356: tcs3701: stop power rail pending_off timer
11-23 12:19:53.158  1011  1189 D ASH     : @ 85245.357: tcs3701: start power rail timer, state:3
11-23 12:19:53.198  1011  1189 I ASH     : @ 85245.396: tcs3701: stop power rail pending_off timer
11-23 12:19:53.198  1011  1189 D ASH     : @ 85245.396: tcs3701: start power rail timer, state:3
11-23 12:19:53.235  5238  5296 I BatteryMgr:DataCollectionService: stats => 1700738393235,10986,4447,13427,4169000,100
11-23 12:19:53.237  1011  1189 I ASH     : @ 85245.436: tcs3701: stop power rail pending_off timer
11-23 12:19:53.238  1011  1189 D ASH     : @ 85245.436: tcs3701: start power rail timer, state:3
11-23 12:19:53.278  1011  1189 I ASH     : @ 85245.476: tcs3701: stop power rail pending_off timer
11-23 12:19:53.278  1011  1189 D ASH     : @ 85245.476: tcs3701: start power rail timer, state:3
11-23 12:19:53.317  1011  1189 I ASH     : @ 85245.516: tcs3701: stop power rail pending_off timer
11-23 12:19:53.317  1011  1189 D ASH     : @ 85245.516: tcs3701: start power rail timer, state:3
11-23 12:19:53.339  5238  5296 I BatteryMgr:DataCollectionService: stats => 1700738393339,10986,4447,13427,4169000,100
11-23 12:19:53.357  1011  1189 I ASH     : @ 85245.556: tcs3701: stop power rail pending_off timer
11-23 12:19:53.357  1011  1189 D ASH     : @ 85245.556: tcs3701: start power rail timer, state:3
11-23 12:19:53.398  1011  1189 I ASH     : @ 85245.596: tcs3701: stop power rail pending_off timer
11-23 12:19:53.398  1011  1189 D ASH     : @ 85245.597: tcs3701: start power rail timer, state:3
11-23 12:19:53.412  1795  2855 D ActivityManager: freezer override set to true
11-23 12:19:53.417  1795  2855 D ActivityManager: freezer override set to false
11-23 12:19:53.438  1011  1189 I ASH     : @ 85245.636: tcs3701: stop power rail pending_off timer
11-23 12:19:53.438  1011  1189 D ASH     : @ 85245.636: tcs3701: start power rail timer, state:3
11-23 12:19:53.445  5238  5296 I BatteryMgr:DataCollectionService: stats => 1700738393445,10986,4447,13427,4169000,100
11-23 12:19:53.478  1011  1189 I ASH     : @ 85245.676: tcs3701: stop power rail pending_off timer
11-23 12:19:53.478  1011  1189 D ASH     : @ 85245.676: tcs3701: start power rail timer, state:3
11-23 12:19:53.518  1011  1189 I ASH     : @ 85245.716: tcs3701: stop power rail pending_off timer
11-23 12:19:53.518  1011  1189 D ASH     : @ 85245.716: tcs3701: start power rail timer, state:3
11-23 12:19:53.549  5238  5296 I BatteryMgr:DataCollectionService: stats => 1700738393549,10986,4447,13427,4169000,100
11-23 12:19:53.557  1011  1189 I ASH     : @ 85245.756: tcs3701: stop power rail pending_off timer
11-23 12:19:53.557  1011  1189 D ASH     : @ 85245.756: tcs3701: start power rail timer, state:3
11-23 12:19:53.598  1011  1189 I ASH     : @ 85245.796: tcs3701: stop power rail pending_off timer
11-23 12:19:53.598  1011  1189 D ASH     : @ 85245.796: tcs3701: start power rail timer, state:3
11-23 12:19:53.638  1011  1189 I ASH     : @ 85245.836: tcs3701: stop power rail pending_off timer
11-23 12:19:53.638  1011  1189 D ASH     : @ 85245.836: tcs3701: start power rail timer, state:3
11-23 12:19:53.654  5238  5296 I BatteryMgr:DataCollectionService: stats => 1700738393654,10986,4447,13427,4169000,100
11-23 12:19:53.678  1011  1189 I ASH     : @ 85245.876: tcs3701: stop power rail pending_off timer
11-23 12:19:53.678  1011  1189 D ASH     : @ 85245.876: tcs3701: start power rail timer, state:3
11-23 12:19:53.718  1011  1189 I ASH     : @ 85245.916: tcs3701: stop power rail pending_off timer
11-23 12:19:53.718  1011  1189 D ASH     : @ 85245.916: tcs3701: start power rail timer, state:3
11-23 12:19:53.758  1011  1189 I ASH     : @ 85245.956: tcs3701: stop power rail pending_off timer
11-23 12:19:53.758  1011  1189 D ASH     : @ 85245.956: tcs3701: start power rail timer, state:3
11-23 12:19:53.759  5238  5296 I BatteryMgr:DataCollectionService: stats => 1700738393759,10986,4447,13427,4169000,100
11-23 12:19:53.798  1011  1189 I ASH     : @ 85245.996: tcs3701: stop power rail pending_off timer
11-23 12:19:53.798  1011  1189 D ASH     : @ 85245.997: tcs3701: start power rail timer, state:3
11-23 12:19:53.838  1011  1189 I ASH     : @ 85246.036: tcs3701: stop power rail pending_off timer
11-23 12:19:53.838  1011  1189 D ASH     : @ 85246.036: tcs3701: start power rail timer, state:3
11-23 12:19:53.863  5238  5296 I BatteryMgr:DataCollectionService: stats => 1700738393863,10986,4447,13427,4169000,100
11-23 12:19:53.878  1011  1189 I ASH     : @ 85246.076: tcs3701: stop power rail pending_off timer
11-23 12:19:53.878  1011  1189 D ASH     : @ 85246.076: tcs3701: start power rail timer, state:3
11-23 12:19:53.918  1011  1189 I ASH     : @ 85246.116: tcs3701: stop power rail pending_off timer
11-23 12:19:53.918  1011  1189 D ASH     : @ 85246.116: tcs3701: start power rail timer, state:3
11-23 12:19:53.958  1011  1189 I ASH     : @ 85246.156: tcs3701: stop power rail pending_off timer
11-23 12:19:53.958  1011  1189 D ASH     : @ 85246.157: tcs3701: start power rail timer, state:3
11-23 12:19:53.968  5238  5296 I BatteryMgr:DataCollectionService: stats => 1700738393968,10986,4447,13427,4169000,100
11-23 12:19:53.997  1011  1189 I ASH     : @ 85246.196: tcs3701: stop power rail pending_off timer
11-23 12:19:53.997  1011  1189 D ASH     : @ 85246.196: tcs3701: start power rail timer, state:3
11-23 12:19:54.038  1011  1189 I ASH     : @ 85246.236: tcs3701: stop power rail pending_off timer
11-23 12:19:54.038  1011  1189 D ASH     : @ 85246.236: tcs3701: start power rail timer, state:3
11-23 12:19:54.073  5238  5296 I BatteryMgr:DataCollectionService: stats => 1700738394073,10986,4447,13427,4169000,100
11-23 12:19:54.078  1011  1189 I ASH     : @ 85246.276: tcs3701: stop power rail pending_off timer
11-23 12:19:54.078  1011  1189 D ASH     : @ 85246.276: tcs3701: start power rail timer, state:3
11-23 12:19:54.117  1011  1189 I ASH     : @ 85246.316: tcs3701: stop power rail pending_off timer
11-23 12:19:54.117  1011  1189 D ASH     : @ 85246.316: tcs3701: start power rail timer, state:3
11-23 12:19:54.158  1011  1189 I ASH     : @ 85246.356: tcs3701: stop power rail pending_off timer
11-23 12:19:54.158  1011  1189 D ASH     : @ 85246.356: tcs3701: start power rail timer, state:3
11-23 12:19:54.178  5238  5296 I BatteryMgr:DataCollectionService: stats => 1700738394178,10986,4447,13427,4169000,100
11-23 12:19:54.186  1795  2735 D ActivityManager: freezer override set to true
11-23 12:19:54.198  1011  1189 I ASH     : @ 85246.396: tcs3701: stop power rail pending_off timer
11-23 12:19:54.198  1011  1189 D ASH     : @ 85246.396: tcs3701: start power rail timer, state:3
11-23 12:19:54.237  1011  1189 I ASH     : @ 85246.436: tcs3701: stop power rail pending_off timer
11-23 12:19:54.237  1011  1189 D ASH     : @ 85246.436: tcs3701: start power rail timer, state:3
11-23 12:19:54.278  1011  1189 I ASH     : @ 85246.476: tcs3701: stop power rail pending_off timer
11-23 12:19:54.278  1011  1189 D ASH     : @ 85246.476: tcs3701: start power rail timer, state:3
11-23 12:19:54.284  5238  5296 I BatteryMgr:DataCollectionService: stats => 1700738394284,10986,4447,13427,4169000,100
11-23 12:19:54.286  1795  2424 D WifiClientModeImpl[13802:wlan0]: updateLinkLayerStatsRssiSpeedFrequencyCapabilities rssi=-48 TxLinkspeed=866 freq=5240 RxLinkSpeed=866
11-23 12:19:54.287  1795  2424 D WifiDataStall: tx tput in kbps: 763162
11-23 12:19:54.287  1795  2424 D WifiDataStall: rx tput in kbps: 794960
11-23 12:19:54.287  1795  2424 V WifiConfigManager: Updating scan detail cache freq=5240 BSSID=f4:6d:2f:12:cc:88 RSSI=-46 for "ourhome"WPA_PSK
11-23 12:19:54.288  2782  5906 D QCNEJ/WlanStaInfoRelay: Received action: android.net.wifi.RSSI_CHANGED
11-23 12:19:54.289  1795  2424 D WifiChannelUtilization:  freq: 5240 onTime: 2378939 busyTime: 201620 onTimeDiff: 2378644 busyTimeDiff: 201603 utilization: 21 utilization t0: 21
11-23 12:19:54.289  1795  2424 D WifiDataStall:  ccaLevel = 21
11-23 12:19:54.289  1795  2424 D WifiDataStall: L2 txTputKbps: 739313, rxTputKbps: 794960, L3 txTputKbps: 59, rxTputKbps: 5596, TxTrafficHigh: true, RxTrafficHigh: true, Throughput Sufficient: true
11-23 12:19:54.289  3213  3226 V WifiManager: OnWifiUsabilityStatsListener: onWifiUsabilityStats: seqNum=28153
11-23 12:19:54.289  1795  4169 I WifiService: updateWifiUsabilityScore uid=10180 seqNum=28153 score=100 predictionHorizonSec=1441795
11-23 12:19:54.289  1795  2424 D WifiScoreReport: Wifi scoring disabled - Don't check IP layer
11-23 12:19:54.290  1795  2424 D WifiScoreCard: BSSID update SIGNAL_POLL ID: 1320464697 SSID: "ourhome", BSSID: f4:6d:2f:12:cc:88, MAC: b2:2f:ec:da:4a:0c, IP: /192.168.1.104, Security type: 2, Supplicant state: COMPLETED, Wi-Fi standard: 5, RSSI: -48, Link speed: 866Mbps, Tx Link speed: 866Mbps, Max Supported Tx Link speed: 866Mbps, Rx Link speed: 866Mbps, Max Supported Rx Link speed: 866Mbps, Frequency: 5240MHz, Net ID: 12, Metered hint: false, score: 60, isUsable: true, CarrierMerged: false, SubscriptionId: -1, IsPrimary: 1, Trusted: true, Restricted: false, Ephemeral: false, OEM paid: false, OEM private: false, OSU AP: false, FQDN: <none>, Provider friendly name: <none>, Requesting package name: <none>"ourhome"wpa2-pskMLO Information: , Is TID-To-Link negotiation supported by the AP: false, AP MLD Address: <none>, AP MLO Link Id: <none>, AP MLO Affiliated links: <none>
11-23 12:19:54.290  1795  2424 D WifiScoreCard: txRate: 88 txSpeed: 866
11-23 12:19:54.290  1795  2424 D WifiScoreCard: network update SIGNAL_POLL "ourhome" ID: 1499892569 RSSI -48 txSpeed 866
11-23 12:19:54.290  1795  2424 D WifiClientModeImpl[13802:wlan0]:  ClientModeImpl$L2ConnectedState screen=on 15 0 "ourhome" f4:6d:2f:12:cc:88 rssi=-48 f=5240 sc=60 link=866 tx=82.3, 5.6, 0.0 rx=296.3 bcn=813587 [on:1278 tx:23 rx:27 period:3014] from screen [on:64103 period:715018] score=60
11-23 12:19:54.291  1795  2424 D WifiScoreReport: Wifi scoring disabled - Notify that Wifi is usable
11-23 12:19:54.293  1795  2432 D ConnectivityService: NetReassign [no changes] [c 0] [a 0] [i 2]
11-23 12:19:54.318  1011  1189 I ASH     : @ 85246.516: tcs3701: stop power rail pending_off timer
11-23 12:19:54.318  1011  1189 D ASH     : @ 85246.516: tcs3701: start power rail timer, state:3
11-23 12:19:54.358  1011  1189 I ASH     : @ 85246.556: tcs3701: stop power rail pending_off timer
11-23 12:19:54.358  1011  1189 D ASH     : @ 85246.556: tcs3701: start power rail timer, state:3
11-23 12:19:54.388  5238  5296 I BatteryMgr:DataCollectionService: stats => 1700738394388,10986,4447,13427,4169000,100
11-23 12:19:54.398  1011  1189 I ASH     : @ 85246.596: tcs3701: stop power rail pending_off timer
11-23 12:19:54.398  1011  1189 D ASH     : @ 85246.596: tcs3701: start power rail timer, state:3
11-23 12:19:54.438  1011  1189 I ASH     : @ 85246.636: tcs3701: stop power rail pending_off timer
11-23 12:19:54.438  1011  1189 D ASH     : @ 85246.636: tcs3701: start power rail timer, state:3
11-23 12:19:54.442 25307 25322 I m.chrome.canary: Explicit concurrent copying GC freed 620604(12MB) AllocSpace objects, 6(172KB) LOS objects, 75% free, 11MB/47MB, paused 93us,63us total 129.361ms
11-23 12:19:54.477  1011  1189 I ASH     : @ 85246.676: tcs3701: stop power rail pending_off timer
11-23 12:19:54.477  1011  1189 D ASH     : @ 85246.676: tcs3701: start power rail timer, state:3
11-23 12:19:54.493  5238  5296 I BatteryMgr:DataCollectionService: stats => 1700738394493,10986,4447,13427,4169000,100
11-23 12:19:54.517  1011  1189 I ASH     : @ 85246.716: tcs3701: stop power rail pending_off timer
11-23 12:19:54.517  1011  1189 D ASH     : @ 85246.716: tcs3701: start power rail timer, state:3
11-23 12:19:54.558  1011  1189 I ASH     : @ 85246.756: tcs3701: stop power rail pending_off timer
11-23 12:19:54.558  1011  1189 D ASH     : @ 85246.757: tcs3701: start power rail timer, state:3
11-23 12:19:54.598  1011  1189 I ASH     : @ 85246.796: tcs3701: stop power rail pending_off timer
11-23 12:19:54.598  1011  1189 D ASH     : @ 85246.796: tcs3701: start power rail timer, state:3
11-23 12:19:54.599  5238  5296 I BatteryMgr:DataCollectionService: stats => 1700738394598,10986,4447,13427,4169000,100
11-23 12:19:54.638  1011  1189 I ASH     : @ 85246.836: tcs3701: stop power rail pending_off timer
11-23 12:19:54.638  1011  1189 D ASH     : @ 85246.836: tcs3701: start power rail timer, state:3
11-23 12:19:54.644  1795  4169 D ActivityManager: freezer override set to false
11-23 12:19:54.661 25307 25368 W chromium: [WARNING:ev_root_ca_metadata.cc(119)] Not implemented
11-23 12:19:54.678  1011  1189 I ASH     : @ 85246.876: tcs3701: stop power rail pending_off timer
11-23 12:19:54.678  1011  1189 D ASH     : @ 85246.877: tcs3701: start power rail timer, state:3
11-23 12:19:54.695  1795  4169 D ActivityManager: freezer override set to true
11-23 12:19:54.698  1795  4169 D ActivityManager: freezer override set to false
11-23 12:19:54.704  5238  5296 I BatteryMgr:DataCollectionService: stats => 1700738394704,10986,4447,13427,4169000,100
11-23 12:19:54.718  1011  1189 I ASH     : @ 85246.916: tcs3701: stop power rail pending_off timer
11-23 12:19:54.718  1011  1189 D ASH     : @ 85246.917: tcs3701: start power rail timer, state:3
11-23 12:19:54.730 25395 25416 I AdrenoVK-0: QUALCOMM build          : 4783c89, I46ff5fc46f
11-23 12:19:54.730 25395 25416 I AdrenoVK-0: Build Date              : 11/30/20
11-23 12:19:54.730 25395 25416 I AdrenoVK-0: Shader Compiler Version : EV031.31.04.01
11-23 12:19:54.730 25395 25416 I AdrenoVK-0: Local Branch            : QPR2
11-23 12:19:54.730 25395 25416 I AdrenoVK-0: Remote Branch           : 
11-23 12:19:54.730 25395 25416 I AdrenoVK-0: Remote Branch           : 
11-23 12:19:54.730 25395 25416 I AdrenoVK-0: Reconstruct Branch      : 
11-23 12:19:54.730 25395 25416 I AdrenoVK-0: Build Config            : S P 10.0.4 AArch64
11-23 12:19:54.730 25395 25416 I AdrenoVK-0: Driver Path             : /vendor/lib64/hw/vulkan.adreno.so
11-23 12:19:54.734 25307 25368 W chromium: [WARNING:ev_root_ca_metadata.cc(119)] Not implemented
11-23 12:19:54.760  1011  1189 I ASH     : @ 85246.956: tcs3701: stop power rail pending_off timer
11-23 12:19:54.760  1011  1189 D ASH     : @ 85246.956: tcs3701: start power rail timer, state:3
11-23 12:19:54.785 25307 25371 W chromium: [WARNING:ev_root_ca_metadata.cc(119)] Not implemented
11-23 12:19:54.797  1011  1189 I ASH     : @ 85246.996: tcs3701: stop power rail pending_off timer
11-23 12:19:54.798  1011  1189 D ASH     : @ 85246.996: tcs3701: start power rail timer, state:3
11-23 12:19:54.810  5238  5296 I BatteryMgr:DataCollectionService: stats => 1700738394809,10986,4447,13427,4169000,100
11-23 12:19:54.837  1011  1189 I ASH     : @ 85247.036: tcs3701: stop power rail pending_off timer
11-23 12:19:54.837  1011  1189 D ASH     : @ 85247.036: tcs3701: start power rail timer, state:3
11-23 12:19:54.878  1011  1189 I ASH     : @ 85247.076: tcs3701: stop power rail pending_off timer
11-23 12:19:54.878  1011  1189 D ASH     : @ 85247.076: tcs3701: start power rail timer, state:3
11-23 12:19:54.915  5238  5296 I BatteryMgr:DataCollectionService: stats => 1700738394915,10986,4447,13427,4169000,100
11-23 12:19:54.917  1011  1189 I ASH     : @ 85247.116: tcs3701: stop power rail pending_off timer
11-23 12:19:54.918  1011  1189 D ASH     : @ 85247.116: tcs3701: start power rail timer, state:3
11-23 12:19:54.960  1011  1189 I ASH     : @ 85247.156: tcs3701: stop power rail pending_off timer
11-23 12:19:54.960  1011  1189 D ASH     : @ 85247.156: tcs3701: start power rail timer, state:3
11-23 12:19:54.981 25307 25307 D CompatibilityChangeReporter: Compat change id reported: 194532703; UID 10010; state: ENABLED
11-23 12:19:54.983  1795  3001 D CompatibilityChangeReporter: Compat change id reported: 194532703; UID 10010; state: ENABLED
11-23 12:19:54.998  1011  1189 I ASH     : @ 85247.196: tcs3701: stop power rail pending_off timer
11-23 12:19:54.998  1011  1189 D ASH     : @ 85247.196: tcs3701: start power rail timer, state:3
11-23 12:19:55.000 25307 25307 I cr_omaha: Scheduled using JobService
11-23 12:19:55.001 25307 25307 E cr_BkgrdTaskJS: Tried finishing non-current BackgroundTask.
11-23 12:19:55.012 25307 25368 W chromium: [WARNING:ev_root_ca_metadata.cc(119)] Not implemented
11-23 12:19:55.012 25307 25368 W chromium: [WARNING:ev_root_ca_metadata.cc(119)] Not implemented
11-23 12:19:55.014  2113  2118 I pixel-thermal: skin-therm-monitor: 40.978
11-23 12:19:55.020  5238  5296 I BatteryMgr:DataCollectionService: stats => 1700738395020,10986,4447,13427,4169000,100
11-23 12:19:55.037  1011  1189 I ASH     : @ 85247.236: tcs3701: stop power rail pending_off timer
11-23 12:19:55.037  1011  1189 D ASH     : @ 85247.236: tcs3701: start power rail timer, state:3
11-23 12:19:55.078  1011  1189 I ASH     : @ 85247.276: tcs3701: stop power rail pending_off timer
11-23 12:19:55.078  1011  1189 D ASH     : @ 85247.276: tcs3701: start power rail timer, state:3
11-23 12:19:55.118  1011  1189 I ASH     : @ 85247.316: tcs3701: stop power rail pending_off timer
11-23 12:19:55.118  1011  1189 D ASH     : @ 85247.317: tcs3701: start power rail timer, state:3
11-23 12:19:55.125  5238  5296 I BatteryMgr:DataCollectionService: stats => 1700738395125,10986,4447,13427,4169000,100
11-23 12:19:55.158  1011  1189 I ASH     : @ 85247.356: tcs3701: stop power rail pending_off timer
11-23 12:19:55.158  1011  1189 D ASH     : @ 85247.357: tcs3701: start power rail timer, state:3
11-23 12:19:55.197  1011  1189 I ASH     : @ 85247.396: tcs3701: stop power rail pending_off timer
11-23 12:19:55.197  1011  1189 D ASH     : @ 85247.396: tcs3701: start power rail timer, state:3
11-23 12:19:55.230  5238  5296 I BatteryMgr:DataCollectionService: stats => 1700738395230,10986,4447,13427,4169000,100
11-23 12:19:55.237  1011  1189 I ASH     : @ 85247.436: tcs3701: stop power rail pending_off timer
11-23 12:19:55.237  1011  1189 D ASH     : @ 85247.437: tcs3701: start power rail timer, state:3
11-23 12:19:55.242 25307 25368 W chromium: [WARNING:ev_root_ca_metadata.cc(119)] Not implemented
11-23 12:19:55.242 25307 25368 W chromium: [WARNING:ev_root_ca_metadata.cc(119)] Not implemented
11-23 12:19:55.277  1011  1189 I ASH     : @ 85247.476: tcs3701: stop power rail pending_off timer
11-23 12:19:55.277  1011  1189 D ASH     : @ 85247.476: tcs3701: start power rail timer, state:3
11-23 12:19:55.319  1011  1189 I ASH     : @ 85247.516: tcs3701: stop power rail pending_off timer
11-23 12:19:55.319  1011  1189 D ASH     : @ 85247.516: tcs3701: start power rail timer, state:3
11-23 12:19:55.337  5238  5296 I BatteryMgr:DataCollectionService: stats => 1700738395337,10986,4447,13427,4169000,100
11-23 12:19:55.357  1011  1189 I ASH     : @ 85247.556: tcs3701: stop power rail pending_off timer
11-23 12:19:55.357  1011  1189 D ASH     : @ 85247.556: tcs3701: start power rail timer, state:3
11-23 12:19:55.360 25395 25416 I AdrenoVK-0: QUALCOMM build          : 4783c89, I46ff5fc46f
11-23 12:19:55.360 25395 25416 I AdrenoVK-0: Build Date              : 11/30/20
11-23 12:19:55.360 25395 25416 I AdrenoVK-0: Shader Compiler Version : EV031.31.04.01
11-23 12:19:55.360 25395 25416 I AdrenoVK-0: Local Branch            : QPR2
11-23 12:19:55.360 25395 25416 I AdrenoVK-0: Remote Branch           : 
11-23 12:19:55.360 25395 25416 I AdrenoVK-0: Remote Branch           : 
11-23 12:19:55.360 25395 25416 I AdrenoVK-0: Reconstruct Branch      : 
11-23 12:19:55.360 25395 25416 I AdrenoVK-0: Build Config            : S P 10.0.4 AArch64
11-23 12:19:55.360 25395 25416 I AdrenoVK-0: Driver Path             : /vendor/lib64/hw/vulkan.adreno.so
11-23 12:19:55.398  1011  1189 I ASH     : @ 85247.596: tcs3701: stop power rail pending_off timer
11-23 12:19:55.398  1011  1189 D ASH     : @ 85247.596: tcs3701: start power rail timer, state:3
11-23 12:19:55.426  1795  3745 D ActivityManager: freezer override set to true
11-23 12:19:55.428  1795  3745 D ActivityManager: freezer override set to false
11-23 12:19:55.437  1011  1189 I ASH     : @ 85247.636: tcs3701: stop power rail pending_off timer
11-23 12:19:55.438  1011  1189 D ASH     : @ 85247.636: tcs3701: start power rail timer, state:3
11-23 12:19:55.443 25307 25307 I cr_StartSurface: Recorded Startup.Android.StartSurfaceShownAtStartup = false
11-23 12:19:55.444  5238  5296 I BatteryMgr:DataCollectionService: stats => 1700738395444,10986,4447,13427,4169000,100
11-23 12:19:55.445  3875  3875 I VISHotwordAdapter: Not connected and not waiting for connection.
11-23 12:19:55.447 25307 25347 I cr_BindingManager: Visible binding enabled: maxSize=-1
11-23 12:19:55.449  3875  3875 I VISHotwordAdapter: Still waiting for connection; add the callback to callback list
11-23 12:19:55.457  3875  3875 W VISHotwordAdapter: gsaVis null binding. HDM in use.
11-23 12:19:55.475  1795  3745 W PackageConfigPersister: App-specific configuration not found for packageName: com.chrome.canary and userId: 0
11-23 12:19:55.478  1011  1189 I ASH     : @ 85247.676: tcs3701: stop power rail pending_off timer
11-23 12:19:55.478  1011  1189 D ASH     : @ 85247.676: tcs3701: start power rail timer, state:3
11-23 12:19:55.479 25307 25307 I cr_A11yState: Enabled accessibility services list updated.
11-23 12:19:55.481 25307 25307 I cr_A11yState: Informing listeners of changes.
11-23 12:19:55.481 25307 25307 I cr_A11yState: New AccessibilityState: State{isScreenReaderEnabled=false, isTouchExplorationEnabled=false, isPerformGesturesEnabled=false, isAnyAccessibilityServiceEnabled=false, isAccessibilityToolPresent=false, isSpokenFeedbackServicePresent=false, isTextShowPasswordEnabled=true, isOnlyPasswordManagersEnabled=false}
11-23 12:19:55.518  1011  1189 I ASH     : @ 85247.716: tcs3701: stop power rail pending_off timer
11-23 12:19:55.518  1011  1189 D ASH     : @ 85247.716: tcs3701: start power rail timer, state:3
11-23 12:19:55.550  5238  5296 I BatteryMgr:DataCollectionService: stats => 1700738395550,10986,4447,13427,4169000,100
11-23 12:19:55.557  1011  1189 I ASH     : @ 85247.756: tcs3701: stop power rail pending_off timer
11-23 12:19:55.557  1011  1189 D ASH     : @ 85247.756: tcs3701: start power rail timer, state:3
11-23 12:19:55.598  1011  1189 I ASH     : @ 85247.796: tcs3701: stop power rail pending_off timer
11-23 12:19:55.598  1011  1189 D ASH     : @ 85247.796: tcs3701: start power rail timer, state:3
11-23 12:19:55.637  1011  1189 I ASH     : @ 85247.836: tcs3701: stop power rail pending_off timer
11-23 12:19:55.637  1011  1189 D ASH     : @ 85247.836: tcs3701: start power rail timer, state:3
11-23 12:19:55.657  5238  5296 I BatteryMgr:DataCollectionService: stats => 1700738395657,10986,4447,13427,4169000,100
11-23 12:19:55.677  1011  1189 I ASH     : @ 85247.876: tcs3701: stop power rail pending_off timer
11-23 12:19:55.677  1011  1189 D ASH     : @ 85247.876: tcs3701: start power rail timer, state:3
11-23 12:19:55.718  1011  1189 I ASH     : @ 85247.916: tcs3701: stop power rail pending_off timer
11-23 12:19:55.718  1011  1189 D ASH     : @ 85247.916: tcs3701: start power rail timer, state:3
11-23 12:19:55.758  1011  1189 I ASH     : @ 85247.956: tcs3701: stop power rail pending_off timer
11-23 12:19:55.758  1011  1189 D ASH     : @ 85247.956: tcs3701: start power rail timer, state:3
11-23 12:19:55.762  5238  5296 I BatteryMgr:DataCollectionService: stats => 1700738395762,10986,4447,13427,4169000,100
11-23 12:19:55.797  1011  1189 I ASH     : @ 85247.996: tcs3701: stop power rail pending_off timer
11-23 12:19:55.797  1011  1189 D ASH     : @ 85247.996: tcs3701: start power rail timer, state:3
11-23 12:19:55.837  1011  1189 I ASH     : @ 85248.036: tcs3701: stop power rail pending_off timer
11-23 12:19:55.838  1011  1189 D ASH     : @ 85248.036: tcs3701: start power rail timer, state:3
11-23 12:19:55.868  5238  5296 I BatteryMgr:DataCollectionService: stats => 1700738395868,10986,4447,13427,4169000,100
11-23 12:19:55.877  1011  1189 I ASH     : @ 85248.076: tcs3701: stop power rail pending_off timer
11-23 12:19:55.878  1011  1189 D ASH     : @ 85248.076: tcs3701: start power rail timer, state:3
11-23 12:19:55.909  1795  3745 D ActivityManager: freezer override set to true
11-23 12:19:55.917  1011  1189 I ASH     : @ 85248.116: tcs3701: stop power rail pending_off timer
11-23 12:19:55.918  1011  1189 D ASH     : @ 85248.117: tcs3701: start power rail timer, state:3
11-23 12:19:55.918 11810 11826 I native  : I0000 00:00:1700738395.918577   11826 device_profile_database_helpers.cc:563] Found nothing for mTS_ld
11-23 12:19:55.918 11810 11826 I native  : I0000 00:00:1700738395.918728   11826 device_profile_database_helpers.cc:563] Found nothing for redfin/redfin
11-23 12:19:55.918 11810 11826 I native  : I0000 00:00:1700738395.918760   11826 device_profile_database_helpers.cc:550] Considering b4SrL5:11
11-23 12:19:55.918 11810 11826 I native  : I0000 00:00:1700738395.918784   11826 device_profile_database_helpers.cc:509] Device profile for google/redfin/redfin:13/TQ3A.230901.001/10750268:user/release-keys: b4SrL5:11
11-23 12:19:55.929  1011  1189 I VSC     : @ 85248.128: {Fusion} configure fusion 15 16666us 0us.
11-23 12:19:55.929  1011  1189 D VSC     : @ 85248.128: [Game Rotation Vector Sensor] Request accel, interval 16.6 ms, latency 0.0 ms
11-23 12:19:55.929  1011  1189 D VSC     : @ 85248.128: [Game Rotation Vector Sensor] Request gyro, interval 5.0 ms, latency 0.0 ms
11-23 12:19:55.943  1011  1189 D ASH     : @ 85248.142: SensorType 1 resampler quality 3
11-23 12:19:55.948  1011  1189 D ASH     : @ 85248.147: SensorType 1 resampler quality 2
11-23 12:19:55.958  1011  1189 I ASH     : @ 85248.156: tcs3701: stop power rail pending_off timer
11-23 12:19:55.958  1011  1189 D ASH     : @ 85248.156: tcs3701: start power rail timer, state:3
11-23 12:19:55.958  1011  1189 D ASH     : @ 85248.157: SensorType 195 resampler quality 1
11-23 12:19:55.973  5238  5296 I BatteryMgr:DataCollectionService: stats => 1700738395973,10986,4447,13427,4169000,100
11-23 12:19:55.998  1011  1189 I ASH     : @ 85248.196: tcs3701: stop power rail pending_off timer
11-23 12:19:55.998  1011  1189 D ASH     : @ 85248.196: tcs3701: start power rail timer, state:3
11-23 12:19:56.028 25307 25368 W chromium: [WARNING:ev_root_ca_metadata.cc(119)] Not implemented
11-23 12:19:56.038  1011  1189 I ASH     : @ 85248.236: tcs3701: stop power rail pending_off timer
11-23 12:19:56.038  1011  1189 D ASH     : @ 85248.236: tcs3701: start power rail timer, state:3
11-23 12:19:56.077  1011  1189 I ASH     : @ 85248.276: tcs3701: stop power rail pending_off timer
11-23 12:19:56.077  1011  1189 D ASH     : @ 85248.276: tcs3701: start power rail timer, state:3
11-23 12:19:56.083  5238  5296 I BatteryMgr:DataCollectionService: stats => 1700738396083,10986,4447,13427,4169000,100
11-23 12:19:56.085 25307 25363 W m.chrome.canary: Cleared Reference was only reachable from finalizer (only reported once)
11-23 12:19:56.087 25307 25363 I m.chrome.canary: Explicit concurrent copying GC freed 26771(1278KB) AllocSpace objects, 14(652KB) LOS objects, 75% free, 11MB/47MB, paused 96us,24us total 85.888ms
11-23 12:19:56.118  1011  1189 I ASH     : @ 85248.316: tcs3701: stop power rail pending_off timer
11-23 12:19:56.118  1011  1189 D ASH     : @ 85248.316: tcs3701: start power rail timer, state:3
11-23 12:19:56.149  1795  3745 D ActivityManager: freezer override set to false
11-23 12:19:56.149 25307 25368 W chromium: [WARNING:ev_root_ca_metadata.cc(119)] Not implemented
11-23 12:19:56.157  1011  1189 I ASH     : @ 85248.356: tcs3701: stop power rail pending_off timer
11-23 12:19:56.158  1011  1189 D ASH     : @ 85248.356: tcs3701: start power rail timer, state:3
11-23 12:19:56.198  1011  1189 I ASH     : @ 85248.396: tcs3701: stop power rail pending_off timer
11-23 12:19:56.198  1011  1189 D ASH     : @ 85248.396: tcs3701: start power rail timer, state:3
11-23 12:19:56.201  5238  5296 I BatteryMgr:DataCollectionService: stats => 1700738396201,10986,4447,13427,4169000,100
11-23 12:19:56.218  1795  3001 D ActivityManager: freezer override set to true
11-23 12:19:56.221  1795  3001 D ActivityManager: freezer override set to false
11-23 12:19:56.237  1011  1189 I ASH     : @ 85248.436: tcs3701: stop power rail pending_off timer
11-23 12:19:56.237  1011  1189 D ASH     : @ 85248.436: tcs3701: start power rail timer, state:3
11-23 12:19:56.277  1011  1189 I ASH     : @ 85248.476: tcs3701: stop power rail pending_off timer
11-23 12:19:56.278  1011  1189 D ASH     : @ 85248.477: tcs3701: start power rail timer, state:3
11-23 12:19:56.307  5238  5296 I BatteryMgr:DataCollectionService: stats => 1700738396306,10986,4447,13427,4169000,100
11-23 12:19:56.318  1011  1189 I ASH     : @ 85248.516: tcs3701: stop power rail pending_off timer
11-23 12:19:56.318  1011  1189 D ASH     : @ 85248.517: tcs3701: start power rail timer, state:3
11-23 12:19:56.358  1011  1189 I ASH     : @ 85248.556: tcs3701: stop power rail pending_off timer
11-23 12:19:56.358  1011  1189 D ASH     : @ 85248.556: tcs3701: start power rail timer, state:3
11-23 12:19:56.398  1011  1189 I ASH     : @ 85248.596: tcs3701: stop power rail pending_off timer
11-23 12:19:56.398  1011  1189 D ASH     : @ 85248.596: tcs3701: start power rail timer, state:3
11-23 12:19:56.414  5238  5296 I BatteryMgr:DataCollectionService: stats => 1700738396414,10986,4447,13427,4169000,100
11-23 12:19:56.437  1011  1189 I ASH     : @ 85248.636: tcs3701: stop power rail pending_off timer
11-23 12:19:56.438  1011  1189 D ASH     : @ 85248.637: tcs3701: start power rail timer, state:3
11-23 12:19:56.443  1795  3745 D ActivityManager: freezer override set to true
11-23 12:19:56.451  1795  3745 D ActivityManager: freezer override set to false
11-23 12:19:56.477  1011  1189 I ASH     : @ 85248.676: tcs3701: stop power rail pending_off timer
11-23 12:19:56.477  1011  1189 D ASH     : @ 85248.676: tcs3701: start power rail timer, state:3
11-23 12:19:56.518  1011  1189 I ASH     : @ 85248.716: tcs3701: stop power rail pending_off timer
11-23 12:19:56.518  1011  1189 D ASH     : @ 85248.716: tcs3701: start power rail timer, state:3
11-23 12:19:56.525  5238  5296 I BatteryMgr:DataCollectionService: stats => 1700738396525,10986,4447,13427,4169000,100
11-23 12:19:56.557  1011  1189 I ASH     : @ 85248.756: tcs3701: stop power rail pending_off timer
11-23 12:19:56.557  1011  1189 D ASH     : @ 85248.756: tcs3701: start power rail timer, state:3
11-23 12:19:56.597  1011  1189 I ASH     : @ 85248.796: tcs3701: stop power rail pending_off timer
11-23 12:19:56.597  1011  1189 D ASH     : @ 85248.796: tcs3701: start power rail timer, state:3
11-23 12:19:56.637  1011  1189 I ASH     : @ 85248.836: tcs3701: stop power rail pending_off timer
11-23 12:19:56.637  1011  1189 D ASH     : @ 85248.836: tcs3701: start power rail timer, state:3
11-23 12:19:56.638  5238  5296 I BatteryMgr:DataCollectionService: stats => 1700738396638,10986,4447,13427,4169000,100
11-23 12:19:56.677  1011  1189 I ASH     : @ 85248.876: tcs3701: stop power rail pending_off timer
11-23 12:19:56.677  1011  1189 D ASH     : @ 85248.876: tcs3701: start power rail timer, state:3
11-23 12:19:56.717  1011  1189 I ASH     : @ 85248.916: tcs3701: stop power rail pending_off timer
11-23 12:19:56.717  1011  1189 D ASH     : @ 85248.916: tcs3701: start power rail timer, state:3
11-23 12:19:56.754  5238  5296 I BatteryMgr:DataCollectionService: stats => 1700738396754,10986,4447,13427,4169000,100
11-23 12:19:56.757  1011  1189 I ASH     : @ 85248.956: tcs3701: stop power rail pending_off timer
11-23 12:19:56.757  1011  1189 D ASH     : @ 85248.956: tcs3701: start power rail timer, state:3
11-23 12:19:56.798  1011  1189 I ASH     : @ 85248.996: tcs3701: stop power rail pending_off timer
11-23 12:19:56.798  1011  1189 D ASH     : @ 85248.996: tcs3701: start power rail timer, state:3
11-23 12:19:56.837  1011  1189 I ASH     : @ 85249.036: tcs3701: stop power rail pending_off timer
11-23 12:19:56.837  1011  1189 D ASH     : @ 85249.036: tcs3701: start power rail timer, state:3
11-23 12:19:56.865  5238  5296 I BatteryMgr:DataCollectionService: stats => 1700738396864,10986,4447,13427,4169000,100
11-23 12:19:56.877  1011  1189 I ASH     : @ 85249.076: tcs3701: stop power rail pending_off timer
11-23 12:19:56.877  1011  1189 D ASH     : @ 85249.076: tcs3701: start power rail timer, state:3
11-23 12:19:56.917  1011  1189 I ASH     : @ 85249.116: tcs3701: stop power rail pending_off timer
11-23 12:19:56.917  1011  1189 D ASH     : @ 85249.116: tcs3701: start power rail timer, state:3
11-23 12:19:56.957  1011  1189 I ASH     : @ 85249.156: tcs3701: stop power rail pending_off timer
11-23 12:19:56.957  1011  1189 D ASH     : @ 85249.156: tcs3701: start power rail timer, state:3
11-23 12:19:56.979  5238  5296 I BatteryMgr:DataCollectionService: stats => 1700738396979,10986,4447,13427,4169000,100
11-23 12:19:56.997  1011  1189 I ASH     : @ 85249.196: tcs3701: stop power rail pending_off timer
11-23 12:19:56.997  1011  1189 D ASH     : @ 85249.196: tcs3701: start power rail timer, state:3
11-23 12:19:57.018  2113  2118 I pixel-thermal: skin-therm-monitor: 40.936
11-23 12:19:57.038  1011  1189 I ASH     : @ 85249.236: tcs3701: stop power rail pending_off timer
11-23 12:19:57.038  1011  1189 D ASH     : @ 85249.236: tcs3701: start power rail timer, state:3
11-23 12:19:57.078  1011  1189 I ASH     : @ 85249.276: tcs3701: stop power rail pending_off timer
11-23 12:19:57.078  1011  1189 D ASH     : @ 85249.276: tcs3701: start power rail timer, state:3
11-23 12:19:57.087  5238  5296 I BatteryMgr:DataCollectionService: stats => 1700738397087,10986,4447,13427,4169000,100
11-23 12:19:57.117  1011  1189 I ASH     : @ 85249.316: tcs3701: stop power rail pending_off timer
11-23 12:19:57.117  1011  1189 D ASH     : @ 85249.316: tcs3701: start power rail timer, state:3
11-23 12:19:57.157  1011  1189 I ASH     : @ 85249.356: tcs3701: stop power rail pending_off timer
11-23 12:19:57.158  1011  1189 D ASH     : @ 85249.356: tcs3701: start power rail timer, state:3
11-23 12:19:57.192  5238  5296 I BatteryMgr:DataCollectionService: stats => 1700738397192,10986,4447,13427,4169000,100
11-23 12:19:57.197  1011  1189 I ASH     : @ 85249.396: tcs3701: stop power rail pending_off timer
11-23 12:19:57.197  1011  1189 D ASH     : @ 85249.396: tcs3701: start power rail timer, state:3
11-23 12:19:57.243  1011  1189 I ASH     : @ 85249.436: tcs3701: stop power rail pending_off timer
11-23 12:19:57.243  1011  1189 D ASH     : @ 85249.436: tcs3701: start power rail timer, state:3
11-23 12:19:57.278  1011  1189 I ASH     : @ 85249.476: tcs3701: stop power rail pending_off timer
11-23 12:19:57.278  1011  1189 D ASH     : @ 85249.476: tcs3701: start power rail timer, state:3
11-23 12:19:57.296  1795  2424 D WifiClientModeImpl[13802:wlan0]: updateLinkLayerStatsRssiSpeedFrequencyCapabilities rssi=-43 TxLinkspeed=780 freq=5240 RxLinkSpeed=866
11-23 12:19:57.299  1795  2424 V WifiScoreCard:  rssi -43 level 4 bssid f4:6d:2f:12:cc:88 freq 5240 onTimeMs 2559 txKB 202 rxKB 20184 txKBThr 300 rxKBThr 8000
11-23 12:19:57.299  1795  2424 D WifiDataStall: tx tput in kbps: 739313
11-23 12:19:57.299  1795  2424 D WifiDataStall: rx tput in kbps: 794960
11-23 12:19:57.299  1795  2424 V WifiScoreCard: 1 sampKbps 64608 filtKbps 64608 reportedKbps 63691 avgUsedKbps 56785 l2Kbps 794960 intErrPercent 0 extErrPercent -1 l2ErrPercent 1130
11-23 12:19:57.299  1795  2424 V WifiConfigManager: Updating scan detail cache freq=5240 BSSID=f4:6d:2f:12:cc:88 RSSI=-44 for "ourhome"WPA_PSK
11-23 12:19:57.300  2782  5906 D QCNEJ/WlanStaInfoRelay: Received action: android.net.wifi.RSSI_CHANGED
11-23 12:19:57.300  1795  2424 D WifiChannelUtilization:  freq: 5240 onTime: 2381498 busyTime: 202092 onTimeDiff: 2381203 busyTimeDiff: 202075 utilization: 21 utilization t0: 21
11-23 12:19:57.300  1795  2424 D WifiDataStall:  ccaLevel = 21
11-23 12:19:57.300  1795  2424 D WifiDataStall: L2 txTputKbps: 658734, rxTputKbps: 794960, L3 txTputKbps: 550, rxTputKbps: 54915, TxTrafficHigh: true, RxTrafficHigh: true, Throughput Sufficient: true
11-23 12:19:57.300  1795  2424 D WifiScoreReport: Wifi scoring disabled - Don't check IP layer
11-23 12:19:57.301  3213  3226 V WifiManager: OnWifiUsabilityStatsListener: onWifiUsabilityStats: seqNum=28154
11-23 12:19:57.302  1795  2424 D WifiScoreCard: BSSID update SIGNAL_POLL ID: 1320464697 SSID: "ourhome", BSSID: f4:6d:2f:12:cc:88, MAC: b2:2f:ec:da:4a:0c, IP: /192.168.1.104, Security type: 2, Supplicant state: COMPLETED, Wi-Fi standard: 5, RSSI: -43, Link speed: 780Mbps, Tx Link speed: 780Mbps, Max Supported Tx Link speed: 866Mbps, Rx Link speed: 866Mbps, Max Supported Rx Link speed: 866Mbps, Frequency: 5240MHz, Net ID: 12, Metered hint: false, score: 60, isUsable: true, CarrierMerged: false, SubscriptionId: -1, IsPrimary: 1, Trusted: true, Restricted: false, Ephemeral: false, OEM paid: false, OEM private: false, OSU AP: false, FQDN: <none>, Provider friendly name: <none>, Requesting package name: <none>"ourhome"wpa2-pskMLO Information: , Is TID-To-Link negotiation supported by the AP: false, AP MLD Address: <none>, AP MLO Link Id: <none>, AP MLO Affiliated links: <none>
11-23 12:19:57.302  1795  2424 D WifiScoreCard: txRate: 446 txSpeed: 780
11-23 12:19:57.302  1795  2424 D WifiScoreCard: network update SIGNAL_POLL "ourhome" ID: 1499892569 RSSI -43 txSpeed 780
11-23 12:19:57.302  1795  3745 I WifiService: updateWifiUsabilityScore uid=10180 seqNum=28154 score=100 predictionHorizonSec=1441795
11-23 12:19:57.302  1795  2424 D WifiClientModeImpl[13802:wlan0]:  ClientModeImpl$L2ConnectedState screen=on 15 0 "ourhome" f4:6d:2f:12:cc:88 rssi=-43 f=5240 sc=60 link=780 tx=406.9, 38.4, 0.0 rx=2161.7 bcn=813615 [on:2559 tx:167 rx:213 period:3012] from screen [on:66662 period:718030] score=60
11-23 12:19:57.307  1795  2424 D WifiScoreReport: Wifi scoring disabled - Notify that Wifi is usable
