11-27 00:53:08.260  1795  4165 D ActivityManager: freezer override set to false
11-27 00:53:08.268  1011  1189 I ASH     : @ 389640.439: tcs3701: stop power rail pending_off timer
11-27 00:53:08.268  1011  1189 D ASH     : @ 389640.439: tcs3701: start power rail timer, state:3
11-27 00:53:08.276  8427  8469 I BatteryMgr:DataCollectionService: stats => 1701042788276,4882,4442,2136,4169000,100
11-27 00:53:08.296  1795  4165 D ActivityManager: freezer override set to true
11-27 00:53:08.300  1795  4165 D ActivityManager: freezer override set to false
11-27 00:53:08.307  8427  8469 I BatteryMgr:DataCollectionService: stats => 1701042788307,4882,4442,2136,4169000,100
11-27 00:53:08.308  1011  1189 I ASH     : @ 389640.479: tcs3701: stop power rail pending_off timer
11-27 00:53:08.308  1011  1189 D ASH     : @ 389640.479: tcs3701: start power rail timer, state:3
11-27 00:53:08.347  1795  4165 D ActivityManager: freezer override set to true
11-27 00:53:08.348  1011  1189 I ASH     : @ 389640.519: tcs3701: stop power rail pending_off timer
11-27 00:53:08.348  1011  1189 D ASH     : @ 389640.519: tcs3701: start power rail timer, state:3
11-27 00:53:08.351  1795  4165 D ActivityManager: freezer override set to false
11-27 00:53:08.380  8427  8469 I BatteryMgr:DataCollectionService: stats => 1701042788380,4882,4442,2136,4169000,100
11-27 00:53:08.389  1011  1189 I ASH     : @ 389640.558: tcs3701: stop power rail pending_off timer
11-27 00:53:08.389  1011  1189 D ASH     : @ 389640.559: tcs3701: start power rail timer, state:3
11-27 00:53:08.411  8427  8469 I BatteryMgr:DataCollectionService: stats => 1701042788411,4882,4442,2136,4169000,100
11-27 00:53:08.428  1011  1189 I ASH     : @ 389640.599: tcs3701: stop power rail pending_off timer
11-27 00:53:08.428  1011  1189 D ASH     : @ 389640.599: tcs3701: start power rail timer, state:3
11-27 00:53:08.468  1011  1189 I ASH     : @ 389640.639: tcs3701: stop power rail pending_off timer
11-27 00:53:08.468  1011  1189 D ASH     : @ 389640.639: tcs3701: start power rail timer, state:3
11-27 00:53:08.486  8427  8469 I BatteryMgr:DataCollectionService: stats => 1701042788486,4882,4442,2136,4169000,100
11-27 00:53:08.508  1011  1189 I ASH     : @ 389640.679: tcs3701: stop power rail pending_off timer
11-27 00:53:08.508  1011  1189 D ASH     : @ 389640.679: tcs3701: start power rail timer, state:3
11-27 00:53:08.515  8427  8469 I BatteryMgr:DataCollectionService: stats => 1701042788515,4882,4442,2136,4169000,100
11-27 00:53:08.548  1011  1189 I ASH     : @ 389640.719: tcs3701: stop power rail pending_off timer
11-27 00:53:08.548  1011  1189 D ASH     : @ 389640.719: tcs3701: start power rail timer, state:3
11-27 00:53:08.588  1011  1189 I ASH     : @ 389640.759: tcs3701: stop power rail pending_off timer
11-27 00:53:08.588  1011  1189 D ASH     : @ 389640.759: tcs3701: start power rail timer, state:3
11-27 00:53:08.590  8427  8469 I BatteryMgr:DataCollectionService: stats => 1701042788590,4882,4442,2136,4169000,100
11-27 00:53:08.621  8427  8469 I BatteryMgr:DataCollectionService: stats => 1701042788621,4882,4442,2136,4169000,100
11-27 00:53:08.628  1011  1189 I ASH     : @ 389640.799: tcs3701: stop power rail pending_off timer
11-27 00:53:08.628  1011  1189 D ASH     : @ 389640.799: tcs3701: start power rail timer, state:3
11-27 00:53:08.668  1011  1189 I ASH     : @ 389640.839: tcs3701: stop power rail pending_off timer
11-27 00:53:08.668  1011  1189 D ASH     : @ 389640.839: tcs3701: start power rail timer, state:3
11-27 00:53:08.694  8427  8469 I BatteryMgr:DataCollectionService: stats => 1701042788694,4882,4442,2136,4169000,100
11-27 00:53:08.708  1011  1189 I ASH     : @ 389640.879: tcs3701: stop power rail pending_off timer
11-27 00:53:08.708  1011  1189 D ASH     : @ 389640.879: tcs3701: start power rail timer, state:3
11-27 00:53:08.725  8427  8469 I BatteryMgr:DataCollectionService: stats => 1701042788725,4882,4442,2136,4169000,100
11-27 00:53:08.748  1011  1189 I ASH     : @ 389640.919: tcs3701: stop power rail pending_off timer
11-27 00:53:08.748  1011  1189 D ASH     : @ 389640.919: tcs3701: start power rail timer, state:3
11-27 00:53:08.788  1011  1189 I ASH     : @ 389640.959: tcs3701: stop power rail pending_off timer
11-27 00:53:08.788  1011  1189 D ASH     : @ 389640.959: tcs3701: start power rail timer, state:3
11-27 00:53:08.799  8427  8469 I BatteryMgr:DataCollectionService: stats => 1701042788799,4882,4442,2136,4169000,100
11-27 00:53:08.828  1011  1189 I ASH     : @ 389640.999: tcs3701: stop power rail pending_off timer
11-27 00:53:08.828  1011  1189 D ASH     : @ 389640.999: tcs3701: start power rail timer, state:3
11-27 00:53:08.830  8427  8469 I BatteryMgr:DataCollectionService: stats => 1701042788830,4882,4442,2136,4169000,100
11-27 00:53:08.868  1011  1189 I ASH     : @ 389641.039: tcs3701: stop power rail pending_off timer
11-27 00:53:08.868  1011  1189 D ASH     : @ 389641.039: tcs3701: start power rail timer, state:3
11-27 00:53:08.903  8427  8469 I BatteryMgr:DataCollectionService: stats => 1701042788903,4882,4442,2136,4169000,100
11-27 00:53:08.908  1011  1189 I ASH     : @ 389641.079: tcs3701: stop power rail pending_off timer
11-27 00:53:08.908  1011  1189 D ASH     : @ 389641.079: tcs3701: start power rail timer, state:3
11-27 00:53:08.935  8427  8469 I BatteryMgr:DataCollectionService: stats => 1701042788935,4882,4442,2136,4169000,100
11-27 00:53:08.948  1011  1189 I ASH     : @ 389641.119: tcs3701: stop power rail pending_off timer
11-27 00:53:08.948  1011  1189 D ASH     : @ 389641.119: tcs3701: start power rail timer, state:3
11-27 00:53:08.988  1011  1189 I ASH     : @ 389641.159: tcs3701: stop power rail pending_off timer
11-27 00:53:08.988  1011  1189 D ASH     : @ 389641.159: tcs3701: start power rail timer, state:3
11-27 00:53:09.008  8427  8469 I BatteryMgr:DataCollectionService: stats => 1701042789008,4882,4442,2136,4169000,100
11-27 00:53:09.028  1011  1189 I ASH     : @ 389641.199: tcs3701: stop power rail pending_off timer
11-27 00:53:09.028  1011  1189 D ASH     : @ 389641.199: tcs3701: start power rail timer, state:3
11-27 00:53:09.039  8427  8469 I BatteryMgr:DataCollectionService: stats => 1701042789039,4882,4442,2136,4169000,100
11-27 00:53:09.068  1011  1189 I ASH     : @ 389641.239: tcs3701: stop power rail pending_off timer
11-27 00:53:09.068  1011  1189 D ASH     : @ 389641.239: tcs3701: start power rail timer, state:3
11-27 00:53:09.108  1011  1189 I ASH     : @ 389641.279: tcs3701: stop power rail pending_off timer
11-27 00:53:09.108  1011  1189 D ASH     : @ 389641.279: tcs3701: start power rail timer, state:3
11-27 00:53:09.112  8427  8469 I BatteryMgr:DataCollectionService: stats => 1701042789112,4882,4442,2136,4169000,100
11-27 00:53:09.143  8427  8469 I BatteryMgr:DataCollectionService: stats => 1701042789143,4882,4442,2136,4169000,100
11-27 00:53:09.148  1011  1189 I ASH     : @ 389641.319: tcs3701: stop power rail pending_off timer
11-27 00:53:09.148  1011  1189 D ASH     : @ 389641.319: tcs3701: start power rail timer, state:3
11-27 00:53:09.188  1011  1189 I ASH     : @ 389641.359: tcs3701: stop power rail pending_off timer
11-27 00:53:09.189  1011  1189 D ASH     : @ 389641.359: tcs3701: start power rail timer, state:3
11-27 00:53:09.217  8427  8469 I BatteryMgr:DataCollectionService: stats => 1701042789217,4882,4442,2136,4169000,100
11-27 00:53:09.228  1011  1189 I ASH     : @ 389641.399: tcs3701: stop power rail pending_off timer
11-27 00:53:09.228  1011  1189 D ASH     : @ 389641.399: tcs3701: start power rail timer, state:3
11-27 00:53:09.247  8427  8469 I BatteryMgr:DataCollectionService: stats => 1701042789247,4882,4442,2136,4169000,100
11-27 00:53:09.268  1011  1189 I ASH     : @ 389641.439: tcs3701: stop power rail pending_off timer
11-27 00:53:09.268  1011  1189 D ASH     : @ 389641.439: tcs3701: start power rail timer, state:3
11-27 00:53:09.308  1011  1189 I ASH     : @ 389641.479: tcs3701: stop power rail pending_off timer
11-27 00:53:09.308  1011  1189 D ASH     : @ 389641.479: tcs3701: start power rail timer, state:3
11-27 00:53:09.321  8427  8469 I BatteryMgr:DataCollectionService: stats => 1701042789321,4882,4442,2136,4169000,100
11-27 00:53:09.348  1795  4165 D ActivityManager: freezer override set to true
11-27 00:53:09.348  1011  1189 I ASH     : @ 389641.519: tcs3701: stop power rail pending_off timer
11-27 00:53:09.348  1011  1189 D ASH     : @ 389641.519: tcs3701: start power rail timer, state:3
11-27 00:53:09.353  8427  8469 I BatteryMgr:DataCollectionService: stats => 1701042789353,4882,4442,2136,4169000,100
11-27 00:53:09.353  1795  4165 D ActivityManager: freezer override set to false
11-27 00:53:09.388  1011  1189 I ASH     : @ 389641.559: tcs3701: stop power rail pending_off timer
11-27 00:53:09.388  1011  1189 D ASH     : @ 389641.559: tcs3701: start power rail timer, state:3
11-27 00:53:09.428  1011  1189 I ASH     : @ 389641.599: tcs3701: stop power rail pending_off timer
11-27 00:53:09.428  1011  1189 D ASH     : @ 389641.599: tcs3701: start power rail timer, state:3
11-27 00:53:09.428  8427  8469 I BatteryMgr:DataCollectionService: stats => 1701042789428,4882,4442,2136,4169000,100
11-27 00:53:09.430  1795  4165 D ActivityManager: freezer override set to true
11-27 00:53:09.458  8427  8469 I BatteryMgr:DataCollectionService: stats => 1701042789458,4882,4442,2136,4169000,100
11-27 00:53:09.468  1011  1189 I ASH     : @ 389641.639: tcs3701: stop power rail pending_off timer
11-27 00:53:09.469  1011  1189 D ASH     : @ 389641.639: tcs3701: start power rail timer, state:3
11-27 00:53:09.508  1011  1189 I ASH     : @ 389641.679: tcs3701: stop power rail pending_off timer
11-27 00:53:09.508  1011  1189 D ASH     : @ 389641.679: tcs3701: start power rail timer, state:3
11-27 00:53:09.534  8427  8469 I BatteryMgr:DataCollectionService: stats => 1701042789534,4882,4442,2136,4169000,100
11-27 00:53:09.548 18474 18526 I m.chrome.canary: Explicit concurrent copying GC freed 4051(207KB) AllocSpace objects, 5(100KB) LOS objects, 75% free, 14MB/58MB, paused 36us,24us total 68.600ms
11-27 00:53:09.549  1011  1189 I ASH     : @ 389641.719: tcs3701: stop power rail pending_off timer
11-27 00:53:09.549  1011  1189 D ASH     : @ 389641.719: tcs3701: start power rail timer, state:3
11-27 00:53:09.563  8427  8469 I BatteryMgr:DataCollectionService: stats => 1701042789563,4882,4442,2136,4169000,100
11-27 00:53:09.588  1011  1189 I ASH     : @ 389641.759: tcs3701: stop power rail pending_off timer
11-27 00:53:09.588  1011  1189 D ASH     : @ 389641.759: tcs3701: start power rail timer, state:3
11-27 00:53:09.610  1795  4165 D ActivityManager: freezer override set to false
11-27 00:53:09.629  1011  1189 I ASH     : @ 389641.799: tcs3701: stop power rail pending_off timer
11-27 00:53:09.629  1011  1189 D ASH     : @ 389641.799: tcs3701: start power rail timer, state:3
11-27 00:53:09.639  8427  8469 I BatteryMgr:DataCollectionService: stats => 1701042789639,4882,4442,2136,4169000,100
11-27 00:53:09.665  1795  2735 D ActivityManager: freezer override set to true
11-27 00:53:09.667  8427  8469 I BatteryMgr:DataCollectionService: stats => 1701042789667,4882,4442,2136,4169000,100
11-27 00:53:09.667  1795  2735 D ActivityManager: freezer override set to false
11-27 00:53:09.668  1011  1189 I ASH     : @ 389641.839: tcs3701: stop power rail pending_off timer
11-27 00:53:09.668  1011  1189 D ASH     : @ 389641.839: tcs3701: start power rail timer, state:3
11-27 00:53:09.708  1011  1189 I ASH     : @ 389641.879: tcs3701: stop power rail pending_off timer
11-27 00:53:09.708  1011  1189 D ASH     : @ 389641.879: tcs3701: start power rail timer, state:3
11-27 00:53:09.744  8427  8469 I BatteryMgr:DataCollectionService: stats => 1701042789744,4882,4442,2136,4169000,100
11-27 00:53:09.745  1795  2735 D ActivityManager: freezer override set to true
11-27 00:53:09.748  1795  2735 D ActivityManager: freezer override set to false
11-27 00:53:09.749  1011  1189 I ASH     : @ 389641.919: tcs3701: stop power rail pending_off timer
11-27 00:53:09.749  1011  1189 D ASH     : @ 389641.919: tcs3701: start power rail timer, state:3
11-27 00:53:09.771  8427  8469 I BatteryMgr:DataCollectionService: stats => 1701042789771,4882,4442,2136,4169000,100
11-27 00:53:09.789  1011  1189 I ASH     : @ 389641.959: tcs3701: stop power rail pending_off timer
11-27 00:53:09.789  1011  1189 D ASH     : @ 389641.959: tcs3701: start power rail timer, state:3
11-27 00:53:09.828  1011  1189 I ASH     : @ 389641.999: tcs3701: stop power rail pending_off timer
11-27 00:53:09.828  1011  1189 D ASH     : @ 389641.999: tcs3701: start power rail timer, state:3
11-27 00:53:09.848  8427  8469 I BatteryMgr:DataCollectionService: stats => 1701042789848,4882,4442,2136,4169000,100
11-27 00:53:09.869  1011  1189 I ASH     : @ 389642.039: tcs3701: stop power rail pending_off timer
11-27 00:53:09.869  1011  1189 D ASH     : @ 389642.039: tcs3701: start power rail timer, state:3
11-27 00:53:09.876  8427  8469 I BatteryMgr:DataCollectionService: stats => 1701042789876,4882,4442,2136,4169000,100
11-27 00:53:09.877  2113  2118 I pixel-thermal: skin-therm-monitor: 37.095
11-27 00:53:09.908  1011  1189 I ASH     : @ 389642.079: tcs3701: stop power rail pending_off timer
11-27 00:53:09.908  1011  1189 D ASH     : @ 389642.079: tcs3701: start power rail timer, state:3
11-27 00:53:09.948  1011  1189 I ASH     : @ 389642.119: tcs3701: stop power rail pending_off timer
11-27 00:53:09.948  1011  1189 D ASH     : @ 389642.119: tcs3701: start power rail timer, state:3
11-27 00:53:09.953  8427  8469 I BatteryMgr:DataCollectionService: stats => 1701042789953,4882,4442,2136,4169000,100
11-27 00:53:09.980  8427  8469 I BatteryMgr:DataCollectionService: stats => 1701042789980,4882,4442,2136,4169000,100
11-27 00:53:09.988  1011  1189 I ASH     : @ 389642.159: tcs3701: stop power rail pending_off timer
11-27 00:53:09.989  1011  1189 D ASH     : @ 389642.159: tcs3701: start power rail timer, state:3
11-27 00:53:10.028  1011  1189 I ASH     : @ 389642.199: tcs3701: stop power rail pending_off timer
11-27 00:53:10.029  1011  1189 D ASH     : @ 389642.199: tcs3701: start power rail timer, state:3
11-27 00:53:10.057  8427  8469 I BatteryMgr:DataCollectionService: stats => 1701042790057,4882,4442,2136,4169000,100
11-27 00:53:10.068  1011  1189 I ASH     : @ 389642.239: tcs3701: stop power rail pending_off timer
11-27 00:53:10.068  1011  1189 D ASH     : @ 389642.239: tcs3701: start power rail timer, state:3
11-27 00:53:10.083  8427  8469 I BatteryMgr:DataCollectionService: stats => 1701042790083,4882,4442,2136,4169000,100
11-27 00:53:10.108  1011  1189 I ASH     : @ 389642.279: tcs3701: stop power rail pending_off timer
11-27 00:53:10.109  1011  1189 D ASH     : @ 389642.279: tcs3701: start power rail timer, state:3
11-27 00:53:10.148  1011  1189 I ASH     : @ 389642.319: tcs3701: stop power rail pending_off timer
11-27 00:53:10.148  1011  1189 D ASH     : @ 389642.319: tcs3701: start power rail timer, state:3
11-27 00:53:10.161  8427  8469 I BatteryMgr:DataCollectionService: stats => 1701042790161,4882,4442,2136,4169000,100
11-27 00:53:10.188  8427  8469 I BatteryMgr:DataCollectionService: stats => 1701042790188,4882,4442,2136,4169000,100
11-27 00:53:10.188  1011  1189 I ASH     : @ 389642.359: tcs3701: stop power rail pending_off timer
11-27 00:53:10.188  1011  1189 D ASH     : @ 389642.359: tcs3701: start power rail timer, state:3
11-27 00:53:10.228  1011  1189 I ASH     : @ 389642.399: tcs3701: stop power rail pending_off timer
11-27 00:53:10.228  1011  1189 D ASH     : @ 389642.399: tcs3701: start power rail timer, state:3
11-27 00:53:10.265  8427  8469 I BatteryMgr:DataCollectionService: stats => 1701042790265,4882,4442,2136,4169000,100
11-27 00:53:10.268  1011  1189 I ASH     : @ 389642.439: tcs3701: stop power rail pending_off timer
11-27 00:53:10.268  1011  1189 D ASH     : @ 389642.439: tcs3701: start power rail timer, state:3
11-27 00:53:10.293  8427  8469 I BatteryMgr:DataCollectionService: stats => 1701042790293,4882,4442,2136,4169000,100
11-27 00:53:10.308  1011  1189 I ASH     : @ 389642.479: tcs3701: stop power rail pending_off timer
11-27 00:53:10.308  1011  1189 D ASH     : @ 389642.479: tcs3701: start power rail timer, state:3
11-27 00:53:10.348  1011  1189 I ASH     : @ 389642.519: tcs3701: stop power rail pending_off timer
11-27 00:53:10.348  1011  1189 D ASH     : @ 389642.519: tcs3701: start power rail timer, state:3
11-27 00:53:10.352  1795  2735 D ActivityManager: freezer override set to true
11-27 00:53:10.357  1795  2735 D ActivityManager: freezer override set to false
11-27 00:53:10.370  8427  8469 I BatteryMgr:DataCollectionService: stats => 1701042790370,14343,4442,2136,4169000,100
11-27 00:53:10.388  1011  1189 I ASH     : @ 389642.559: tcs3701: stop power rail pending_off timer
11-27 00:53:10.388  1011  1189 D ASH     : @ 389642.559: tcs3701: start power rail timer, state:3
11-27 00:53:10.397  8427  8469 I BatteryMgr:DataCollectionService: stats => 1701042790397,14343,4442,2136,4169000,100
11-27 00:53:10.428  1011  1189 I ASH     : @ 389642.599: tcs3701: stop power rail pending_off timer
11-27 00:53:10.429  1011  1189 D ASH     : @ 389642.599: tcs3701: start power rail timer, state:3
11-27 00:53:10.468  1011  1189 I ASH     : @ 389642.639: tcs3701: stop power rail pending_off timer
11-27 00:53:10.468  1011  1189 D ASH     : @ 389642.639: tcs3701: start power rail timer, state:3
11-27 00:53:10.473  8427  8469 I BatteryMgr:DataCollectionService: stats => 1701042790473,14343,4442,2136,4169000,100
11-27 00:53:10.500  8427  8469 I BatteryMgr:DataCollectionService: stats => 1701042790500,14343,4442,2136,4169000,100
11-27 00:53:10.508  1011  1189 I ASH     : @ 389642.679: tcs3701: stop power rail pending_off timer
11-27 00:53:10.508  1011  1189 D ASH     : @ 389642.679: tcs3701: start power rail timer, state:3
11-27 00:53:10.548  1011  1189 I ASH     : @ 389642.719: tcs3701: stop power rail pending_off timer
11-27 00:53:10.548  1011  1189 D ASH     : @ 389642.719: tcs3701: start power rail timer, state:3
11-27 00:53:10.578  8427  8469 I BatteryMgr:DataCollectionService: stats => 1701042790578,14343,4442,2136,4169000,100
11-27 00:53:10.588  1011  1189 I ASH     : @ 389642.759: tcs3701: stop power rail pending_off timer
11-27 00:53:10.588  1011  1189 D ASH     : @ 389642.759: tcs3701: start power rail timer, state:3
11-27 00:53:10.604  8427  8469 I BatteryMgr:DataCollectionService: stats => 1701042790604,14343,4442,2136,4169000,100
11-27 00:53:10.628  1011  1189 I ASH     : @ 389642.799: tcs3701: stop power rail pending_off timer
11-27 00:53:10.628  1011  1189 D ASH     : @ 389642.799: tcs3701: start power rail timer, state:3
11-27 00:53:10.636  1795  2424 D WifiClientModeImpl[13802:wlan0]: updateLinkLayerStatsRssiSpeedFrequencyCapabilities rssi=-46 TxLinkspeed=866 freq=5240 RxLinkSpeed=866
11-27 00:53:10.636  1795  2424 D WifiDataStall: tx tput in kbps: 767898
11-27 00:53:10.636  1795  2424 D WifiDataStall: rx tput in kbps: 767898
11-27 00:53:10.636  1795  2424 V WifiConfigManager: Updating scan detail cache freq=5240 BSSID=f4:6d:2f:12:cc:88 RSSI=-45 for "ourhome"WPA_PSK
11-27 00:53:10.636  1795  2424 D WifiChannelUtilization:  freq: 5240 onTime: 11218652 busyTime: 1040613 onTimeDiff: 1570796 busyTimeDiff: 184127 utilization: 29 utilization t0: 23
11-27 00:53:10.636  1795  2424 D WifiDataStall:  ccaLevel = 29
11-27 00:53:10.636  1795  2424 D WifiDataStall: L2 txTputKbps: 729503, rxTputKbps: 767898, L3 txTputKbps: 0, rxTputKbps: 0, TxTrafficHigh: false, RxTrafficHigh: false, Throughput Sufficient: true
11-27 00:53:10.636  2673  2691 V WifiManager: OnWifiUsabilityStatsListener: onWifiUsabilityStats: seqNum=100684
11-27 00:53:10.636  1795  2424 D WifiScoreReport: Wifi scoring disabled - Don't check IP layer
11-27 00:53:10.637  1795  2424 D WifiScoreCard: BSSID update SIGNAL_POLL ID: 1320464697 SSID: "ourhome", BSSID: f4:6d:2f:12:cc:88, MAC: b2:2f:ec:da:4a:0c, IP: /192.168.1.104, Security type: 2, Supplicant state: COMPLETED, Wi-Fi standard: 5, RSSI: -46, Link speed: 866Mbps, Tx Link speed: 866Mbps, Max Supported Tx Link speed: 866Mbps, Rx Link speed: 866Mbps, Max Supported Rx Link speed: 866Mbps, Frequency: 5240MHz, Net ID: 12, Metered hint: false, score: 60, isUsable: true, CarrierMerged: false, SubscriptionId: -1, IsPrimary: 1, Trusted: true, Restricted: false, Ephemeral: false, OEM paid: false, OEM private: false, OSU AP: false, FQDN: <none>, Provider friendly name: <none>, Requesting package name: <none>"ourhome"wpa2-pskMLO Information: , Is TID-To-Link negotiation supported by the AP: false, AP MLD Address: <none>, AP MLO Link Id: <none>, AP MLO Affiliated links: <none>
11-27 00:53:10.637  1795  2424 D WifiScoreCard: txRate: 2 txSpeed: 866
11-27 00:53:10.637  1795  2424 D WifiScoreCard: network update SIGNAL_POLL "ourhome" ID: 1499892569 RSSI -46 txSpeed -1
11-27 00:53:10.637  1795  2735 I WifiService: updateWifiUsabilityScore uid=10180 seqNum=100684 score=100 predictionHorizonSec=1441795
11-27 00:53:10.637  2513  2539 V WifiManager: TrafficStateCallbackProxy: onStateChanged state=0
11-27 00:53:10.637  1795  2424 D WifiClientModeImpl[13802:wlan0]:  ClientModeImpl$L2ConnectedState screen=on 37 0 "ourhome" f4:6d:2f:12:cc:88 rssi=-46 f=5240 sc=60 link=866 tx=1.1, 0.0, 0.0 rx=1.0 bcn=3690406 [on:0 tx:0 rx:0 period:3013] from screen [on:1582671 period:30355923] score=60
11-27 00:53:10.637  1795  2424 D WifiScoreReport: Wifi scoring disabled - Notify that Wifi is usable
11-27 00:53:10.640  1795  2432 D ConnectivityService: NetReassign [no changes] [c 1] [a 0] [i 1]
11-27 00:53:10.668  1011  1189 I ASH     : @ 389642.839: tcs3701: stop power rail pending_off timer
11-27 00:53:10.668  1011  1189 D ASH     : @ 389642.839: tcs3701: start power rail timer, state:3
11-27 00:53:10.682  8427  8469 I BatteryMgr:DataCollectionService: stats => 1701042790682,14343,4442,2136,4169000,100
11-27 00:53:10.708  8427  8469 I BatteryMgr:DataCollectionService: stats => 1701042790708,14343,4442,2136,4169000,100
11-27 00:53:10.708  1011  1189 I ASH     : @ 389642.879: tcs3701: stop power rail pending_off timer
11-27 00:53:10.708  1011  1189 D ASH     : @ 389642.879: tcs3701: start power rail timer, state:3
11-27 00:53:10.749  1011  1189 I ASH     : @ 389642.919: tcs3701: stop power rail pending_off timer
11-27 00:53:10.749  1011  1189 D ASH     : @ 389642.919: tcs3701: start power rail timer, state:3
11-27 00:53:10.787  8427  8469 I BatteryMgr:DataCollectionService: stats => 1701042790787,14343,4442,2136,4169000,100
11-27 00:53:10.788  1011  1189 I ASH     : @ 389642.959: tcs3701: stop power rail pending_off timer
11-27 00:53:10.788  1011  1189 D ASH     : @ 389642.959: tcs3701: start power rail timer, state:3
11-27 00:53:10.813  8427  8469 I BatteryMgr:DataCollectionService: stats => 1701042790813,14343,4442,2136,4169000,100
11-27 00:53:10.829  1011  1189 I ASH     : @ 389642.999: tcs3701: stop power rail pending_off timer
11-27 00:53:10.829  1011  1189 D ASH     : @ 389642.999: tcs3701: start power rail timer, state:3
11-27 00:53:10.868  1011  1189 I ASH     : @ 389643.039: tcs3701: stop power rail pending_off timer
11-27 00:53:10.868  1011  1189 D ASH     : @ 389643.039: tcs3701: start power rail timer, state:3
11-27 00:53:10.888  1795  4165 D ActivityManager: freezer override set to true
11-27 00:53:10.891  8427  8469 I BatteryMgr:DataCollectionService: stats => 1701042790891,14343,4442,2136,4169000,100
11-27 00:53:10.908  1011  1189 I ASH     : @ 389643.079: tcs3701: stop power rail pending_off timer
11-27 00:53:10.908  1011  1189 D ASH     : @ 389643.079: tcs3701: start power rail timer, state:3
11-27 00:53:10.917  8427  8469 I BatteryMgr:DataCollectionService: stats => 1701042790917,14343,4442,2136,4169000,100
11-27 00:53:10.948  1011  1189 I ASH     : @ 389643.119: tcs3701: stop power rail pending_off timer
11-27 00:53:10.948  1011  1189 D ASH     : @ 389643.119: tcs3701: start power rail timer, state:3
11-27 00:53:10.989  1011  1189 I ASH     : @ 389643.159: tcs3701: stop power rail pending_off timer
11-27 00:53:10.989  1011  1189 D ASH     : @ 389643.159: tcs3701: start power rail timer, state:3
11-27 00:53:10.996  8427  8469 I BatteryMgr:DataCollectionService: stats => 1701042790996,14343,4442,2136,4169000,100
11-27 00:53:11.026 18474 18526 I m.chrome.canary: Explicit concurrent copying GC freed 3844(192KB) AllocSpace objects, 4(80KB) LOS objects, 75% free, 14MB/58MB, paused 29us,43us total 59.113ms
11-27 00:53:11.026  8427  8469 I BatteryMgr:DataCollectionService: stats => 1701042791026,14343,4442,2136,4169000,100
11-27 00:53:11.028  1011  1189 I ASH     : @ 389643.199: tcs3701: stop power rail pending_off timer
11-27 00:53:11.028  1011  1189 D ASH     : @ 389643.199: tcs3701: start power rail timer, state:3
11-27 00:53:11.068  1011  1189 I ASH     : @ 389643.239: tcs3701: stop power rail pending_off timer
11-27 00:53:11.068  1011  1189 D ASH     : @ 389643.239: tcs3701: start power rail timer, state:3
11-27 00:53:11.089  1795  4165 D ActivityManager: freezer override set to false
11-27 00:53:11.100  8427  8469 I BatteryMgr:DataCollectionService: stats => 1701042791100,14343,4442,2136,4169000,100
11-27 00:53:11.108  1011  1189 I ASH     : @ 389643.279: tcs3701: stop power rail pending_off timer
11-27 00:53:11.108  1011  1189 D ASH     : @ 389643.279: tcs3701: start power rail timer, state:3
11-27 00:53:11.121  1795  4165 D ActivityManager: freezer override set to true
11-27 00:53:11.123  1795  4165 D ActivityManager: freezer override set to false
11-27 00:53:11.130  8427  8469 I BatteryMgr:DataCollectionService: stats => 1701042791130,14343,4442,2136,4169000,100
11-27 00:53:11.148  1011  1189 I ASH     : @ 389643.319: tcs3701: stop power rail pending_off timer
11-27 00:53:11.148  1011  1189 D ASH     : @ 389643.319: tcs3701: start power rail timer, state:3
11-27 00:53:11.162  1795  4165 D ActivityManager: freezer override set to true
11-27 00:53:11.165  1795  4165 D ActivityManager: freezer override set to false
11-27 00:53:11.188  1011  1189 I ASH     : @ 389643.359: tcs3701: stop power rail pending_off timer
11-27 00:53:11.188  1011  1189 D ASH     : @ 389643.359: tcs3701: start power rail timer, state:3
11-27 00:53:11.205  8427  8469 I BatteryMgr:DataCollectionService: stats => 1701042791205,14343,4442,2136,4169000,100
11-27 00:53:11.229  1011  1189 I ASH     : @ 389643.399: tcs3701: stop power rail pending_off timer
11-27 00:53:11.229  1011  1189 D ASH     : @ 389643.399: tcs3701: start power rail timer, state:3
11-27 00:53:11.235  8427  8469 I BatteryMgr:DataCollectionService: stats => 1701042791235,14343,4442,2136,4169000,100
11-27 00:53:11.268  1011  1189 I ASH     : @ 389643.439: tcs3701: stop power rail pending_off timer
11-27 00:53:11.268  1011  1189 D ASH     : @ 389643.439: tcs3701: start power rail timer, state:3
11-27 00:53:11.308  1011  1189 I ASH     : @ 389643.479: tcs3701: stop power rail pending_off timer
11-27 00:53:11.308  1011  1189 D ASH     : @ 389643.479: tcs3701: start power rail timer, state:3
11-27 00:53:11.310  8427  8469 I BatteryMgr:DataCollectionService: stats => 1701042791310,14343,4442,2136,4169000,100
11-27 00:53:11.339  8427  8469 I BatteryMgr:DataCollectionService: stats => 1701042791339,14343,4442,2136,4169000,100
11-27 00:53:11.349  1011  1189 I ASH     : @ 389643.519: tcs3701: stop power rail pending_off timer
11-27 00:53:11.349  1011  1189 D ASH     : @ 389643.519: tcs3701: start power rail timer, state:3
11-27 00:53:11.354  1795  4165 D ActivityManager: freezer override set to true
11-27 00:53:11.358  1795  4165 D ActivityManager: freezer override set to false
11-27 00:53:11.388  1011  1189 I ASH     : @ 389643.559: tcs3701: stop power rail pending_off timer
11-27 00:53:11.388  1011  1189 D ASH     : @ 389643.559: tcs3701: start power rail timer, state:3
11-27 00:53:11.415  8427  8469 I BatteryMgr:DataCollectionService: stats => 1701042791415,14343,4442,2136,4169000,100
11-27 00:53:11.429  1011  1189 I ASH     : @ 389643.599: tcs3701: stop power rail pending_off timer
11-27 00:53:11.429  1011  1189 D ASH     : @ 389643.599: tcs3701: start power rail timer, state:3
11-27 00:53:11.444 30429 30429 E AbstractGmsTracer: Traced class shouldn't be obfuscated: GmsIntentOperationChimeraService [CONTEXT service_id=259 ]
11-27 00:53:11.445  8427  8469 I BatteryMgr:DataCollectionService: stats => 1701042791445,14343,4442,2136,4169000,100
11-27 00:53:11.452 30429 19411 E AbstractGmsTracer: Traced class shouldn't be obfuscated: InstantIndexingIntentOperation [CONTEXT service_id=259 ]
11-27 00:53:11.454 30429 19411 I GmscoreIpa: Starting mediastore instant index [CONTEXT service_id=255 ]
11-27 00:53:11.468  1011  1189 I ASH     : @ 389643.639: tcs3701: stop power rail pending_off timer
11-27 00:53:11.468  1011  1189 D ASH     : @ 389643.639: tcs3701: start power rail timer, state:3
11-27 00:53:11.508  1011  1189 I ASH     : @ 389643.679: tcs3701: stop power rail pending_off timer
11-27 00:53:11.509  1011  1189 D ASH     : @ 389643.679: tcs3701: start power rail timer, state:3
11-27 00:53:11.522  8427  8469 I BatteryMgr:DataCollectionService: stats => 1701042791522,14343,4442,2136,4169000,100
11-27 00:53:11.548  1011  1189 I ASH     : @ 389643.719: tcs3701: stop power rail pending_off timer
11-27 00:53:11.548  1011  1189 D ASH     : @ 389643.719: tcs3701: start power rail timer, state:3
11-27 00:53:11.552  8427  8469 I BatteryMgr:DataCollectionService: stats => 1701042791552,14343,4442,2136,4169000,100
11-27 00:53:11.588  1011  1189 I ASH     : @ 389643.759: tcs3701: stop power rail pending_off timer
11-27 00:53:11.588  1011  1189 D ASH     : @ 389643.759: tcs3701: start power rail timer, state:3
11-27 00:53:11.628  8427  8469 I BatteryMgr:DataCollectionService: stats => 1701042791628,14343,4442,2136,4169000,100
11-27 00:53:11.628  1011  1189 I ASH     : @ 389643.799: tcs3701: stop power rail pending_off timer
11-27 00:53:11.628  1011  1189 D ASH     : @ 389643.799: tcs3701: start power rail timer, state:3
11-27 00:53:11.658  8427  8469 I BatteryMgr:DataCollectionService: stats => 1701042791658,14343,4442,2136,4169000,100
11-27 00:53:11.668  1011  1189 I ASH     : @ 389643.839: tcs3701: stop power rail pending_off timer
11-27 00:53:11.668  1011  1189 D ASH     : @ 389643.839: tcs3701: start power rail timer, state:3
11-27 00:53:11.709  1011  1189 I ASH     : @ 389643.879: tcs3701: stop power rail pending_off timer
11-27 00:53:11.709  1011  1189 D ASH     : @ 389643.879: tcs3701: start power rail timer, state:3
11-27 00:53:11.735  8427  8469 I BatteryMgr:DataCollectionService: stats => 1701042791735,14343,4442,2136,4169000,100
11-27 00:53:11.748  1011  1189 I ASH     : @ 389643.919: tcs3701: stop power rail pending_off timer
11-27 00:53:11.748  1011  1189 D ASH     : @ 389643.919: tcs3701: start power rail timer, state:3
11-27 00:53:11.764  8427  8469 I BatteryMgr:DataCollectionService: stats => 1701042791764,14343,4442,2136,4169000,100
11-27 00:53:11.788  1011  1189 I ASH     : @ 389643.959: tcs3701: stop power rail pending_off timer
11-27 00:53:11.789  1011  1189 D ASH     : @ 389643.959: tcs3701: start power rail timer, state:3
11-27 00:53:11.829  1011  1189 I ASH     : @ 389643.999: tcs3701: stop power rail pending_off timer
11-27 00:53:11.829  1011  1189 D ASH     : @ 389643.999: tcs3701: start power rail timer, state:3
11-27 00:53:11.842  8427  8469 I BatteryMgr:DataCollectionService: stats => 1701042791842,14343,4442,2136,4169000,100
11-27 00:53:11.868  1011  1189 I ASH     : @ 389644.039: tcs3701: stop power rail pending_off timer
11-27 00:53:11.868  1011  1189 D ASH     : @ 389644.039: tcs3701: start power rail timer, state:3
11-27 00:53:11.872  8427  8469 I BatteryMgr:DataCollectionService: stats => 1701042791872,14343,4442,2136,4169000,100
11-27 00:53:11.880  2113  2118 I pixel-thermal: skin-therm-monitor: 37.129
11-27 00:53:11.908  1011  1189 I ASH     : @ 389644.079: tcs3701: stop power rail pending_off timer
11-27 00:53:11.908  1011  1189 D ASH     : @ 389644.079: tcs3701: start power rail timer, state:3
11-27 00:53:11.948  1011  1189 I ASH     : @ 389644.119: tcs3701: stop power rail pending_off timer
11-27 00:53:11.948  1011  1189 D ASH     : @ 389644.119: tcs3701: start power rail timer, state:3
11-27 00:53:11.953  8427  8469 I BatteryMgr:DataCollectionService: stats => 1701042791953,14343,4442,2136,4169000,100
11-27 00:53:11.978  8427  8469 I BatteryMgr:DataCollectionService: stats => 1701042791978,14343,4442,2136,4169000,100
11-27 00:53:11.988  1011  1189 I ASH     : @ 389644.159: tcs3701: stop power rail pending_off timer
11-27 00:53:11.988  1011  1189 D ASH     : @ 389644.159: tcs3701: start power rail timer, state:3
11-27 00:53:12.028  1011  1189 I ASH     : @ 389644.199: tcs3701: stop power rail pending_off timer
11-27 00:53:12.028  1011  1189 D ASH     : @ 389644.199: tcs3701: start power rail timer, state:3
11-27 00:53:12.059  8427  8469 I BatteryMgr:DataCollectionService: stats => 1701042792059,14343,4442,2136,4169000,100
11-27 00:53:12.068  1011  1189 I ASH     : @ 389644.239: tcs3701: stop power rail pending_off timer
11-27 00:53:12.068  1011  1189 D ASH     : @ 389644.239: tcs3701: start power rail timer, state:3
11-27 00:53:12.083  8427  8469 I BatteryMgr:DataCollectionService: stats => 1701042792083,14343,4442,2136,4169000,100
11-27 00:53:12.108  1011  1189 I ASH     : @ 389644.279: tcs3701: stop power rail pending_off timer
11-27 00:53:12.108  1011  1189 D ASH     : @ 389644.279: tcs3701: start power rail timer, state:3
11-27 00:53:12.148  1011  1189 I ASH     : @ 389644.319: tcs3701: stop power rail pending_off timer
11-27 00:53:12.148  1011  1189 D ASH     : @ 389644.319: tcs3701: start power rail timer, state:3
11-27 00:53:12.165  8427  8469 I BatteryMgr:DataCollectionService: stats => 1701042792165,14343,4442,2136,4169000,100
11-27 00:53:12.191  1011  1189 I ASH     : @ 389644.359: tcs3701: stop power rail pending_off timer
11-27 00:53:12.191  1011  1189 D ASH     : @ 389644.359: tcs3701: start power rail timer, state:3
11-27 00:53:12.192  8427  8469 I BatteryMgr:DataCollectionService: stats => 1701042792192,14343,4442,2136,4169000,100
11-27 00:53:12.228  1011  1189 I ASH     : @ 389644.399: tcs3701: stop power rail pending_off timer
11-27 00:53:12.229  1011  1189 D ASH     : @ 389644.399: tcs3701: start power rail timer, state:3
11-27 00:53:12.268  1011  1189 I ASH     : @ 389644.439: tcs3701: stop power rail pending_off timer
11-27 00:53:12.268  1011  1189 D ASH     : @ 389644.439: tcs3701: start power rail timer, state:3
11-27 00:53:12.271  8427  8469 I BatteryMgr:DataCollectionService: stats => 1701042792271,14343,4442,2136,4169000,100
11-27 00:53:12.297  8427  8469 I BatteryMgr:DataCollectionService: stats => 1701042792297,14343,4442,2136,4169000,100
11-27 00:53:12.300  1795  1853 D ActivityManager: freezer override set to true
11-27 00:53:12.309  1011  1189 I ASH     : @ 389644.479: tcs3701: stop power rail pending_off timer
11-27 00:53:12.309  1011  1189 D ASH     : @ 389644.479: tcs3701: start power rail timer, state:3
11-27 00:53:12.348  1011  1189 I ASH     : @ 389644.519: tcs3701: stop power rail pending_off timer
11-27 00:53:12.349  1011  1189 D ASH     : @ 389644.519: tcs3701: start power rail timer, state:3
11-27 00:53:12.375  8427  8469 I BatteryMgr:DataCollectionService: stats => 1701042792375,14343,4442,2136,4169000,100
11-27 00:53:12.388  1011  1189 I ASH     : @ 389644.559: tcs3701: stop power rail pending_off timer
11-27 00:53:12.388  1011  1189 D ASH     : @ 389644.559: tcs3701: start power rail timer, state:3
11-27 00:53:12.403  8427  8469 I BatteryMgr:DataCollectionService: stats => 1701042792402,14343,4442,2136,4169000,100
11-27 00:53:12.428  1011  1189 I ASH     : @ 389644.599: tcs3701: stop power rail pending_off timer
11-27 00:53:12.428  1011  1189 D ASH     : @ 389644.599: tcs3701: start power rail timer, state:3
11-27 00:53:12.452 18474 18526 I m.chrome.canary: Explicit concurrent copying GC freed 4051(207KB) AllocSpace objects, 5(100KB) LOS objects, 75% free, 14MB/58MB, paused 32us,26us total 63.672ms
11-27 00:53:12.468  1011  1189 I ASH     : @ 389644.639: tcs3701: stop power rail pending_off timer
11-27 00:53:12.468  1011  1189 D ASH     : @ 389644.639: tcs3701: start power rail timer, state:3
11-27 00:53:12.480  8427  8469 I BatteryMgr:DataCollectionService: stats => 1701042792480,14343,4442,2136,4169000,100
11-27 00:53:12.508  1011  1189 I ASH     : @ 389644.679: tcs3701: stop power rail pending_off timer
11-27 00:53:12.508  1011  1189 D ASH     : @ 389644.679: tcs3701: start power rail timer, state:3
11-27 00:53:12.509  8427  8469 I BatteryMgr:DataCollectionService: stats => 1701042792509,14343,4442,2136,4169000,100
11-27 00:53:12.522  1795  1853 D ActivityManager: freezer override set to false
11-27 00:53:12.549  1011  1189 I ASH     : @ 389644.719: tcs3701: stop power rail pending_off timer
11-27 00:53:12.549  1011  1189 D ASH     : @ 389644.719: tcs3701: start power rail timer, state:3
11-27 00:53:12.561  1795  1853 D ActivityManager: freezer override set to true
11-27 00:53:12.564  1795  1853 D ActivityManager: freezer override set to false
11-27 00:53:12.587  8427  8469 I BatteryMgr:DataCollectionService: stats => 1701042792587,14343,4442,2136,4169000,100
11-27 00:53:12.588  1011  1189 I ASH     : @ 389644.759: tcs3701: stop power rail pending_off timer
11-27 00:53:12.588  1011  1189 D ASH     : @ 389644.759: tcs3701: start power rail timer, state:3
11-27 00:53:12.597  1795  1853 D ActivityManager: freezer override set to true
11-27 00:53:12.600  1795  1853 D ActivityManager: freezer override set to false
11-27 00:53:12.615  8427  8469 I BatteryMgr:DataCollectionService: stats => 1701042792615,14343,4442,2136,4169000,100
11-27 00:53:12.628  1011  1189 I ASH     : @ 389644.799: tcs3701: stop power rail pending_off timer
11-27 00:53:12.629  1011  1189 D ASH     : @ 389644.799: tcs3701: start power rail timer, state:3
11-27 00:53:12.668  1011  1189 I ASH     : @ 389644.839: tcs3701: stop power rail pending_off timer
11-27 00:53:12.668  1011  1189 D ASH     : @ 389644.839: tcs3701: start power rail timer, state:3
11-27 00:53:12.696  8427  8469 I BatteryMgr:DataCollectionService: stats => 1701042792696,14343,4442,2136,4169000,100
11-27 00:53:12.708  1011  1189 I ASH     : @ 389644.879: tcs3701: stop power rail pending_off timer
11-27 00:53:12.708  1011  1189 D ASH     : @ 389644.879: tcs3701: start power rail timer, state:3
11-27 00:53:12.721  8427  8469 I BatteryMgr:DataCollectionService: stats => 1701042792721,14343,4442,2136,4169000,100
11-27 00:53:12.748  1011  1189 I ASH     : @ 389644.919: tcs3701: stop power rail pending_off timer
11-27 00:53:12.748  1011  1189 D ASH     : @ 389644.919: tcs3701: start power rail timer, state:3
11-27 00:53:12.788  1011  1189 I ASH     : @ 389644.959: tcs3701: stop power rail pending_off timer
11-27 00:53:12.788  1011  1189 D ASH     : @ 389644.959: tcs3701: start power rail timer, state:3
11-27 00:53:12.801  8427  8469 I BatteryMgr:DataCollectionService: stats => 1701042792801,14343,4442,2136,4169000,100
11-27 00:53:12.828  1011  1189 I ASH     : @ 389644.999: tcs3701: stop power rail pending_off timer
11-27 00:53:12.828  1011  1189 D ASH     : @ 389644.999: tcs3701: start power rail timer, state:3
11-27 00:53:12.828  8427  8469 I BatteryMgr:DataCollectionService: stats => 1701042792828,14343,4442,2136,4169000,100
11-27 00:53:12.868  1011  1189 I ASH     : @ 389645.039: tcs3701: stop power rail pending_off timer
11-27 00:53:12.868  1011  1189 D ASH     : @ 389645.039: tcs3701: start power rail timer, state:3
11-27 00:53:12.908  1011  1189 I ASH     : @ 389645.079: tcs3701: stop power rail pending_off timer
11-27 00:53:12.908  1011  1189 D ASH     : @ 389645.079: tcs3701: start power rail timer, state:3
11-27 00:53:12.909  8427  8469 I BatteryMgr:DataCollectionService: stats => 1701042792909,14343,4442,2136,4169000,100
11-27 00:53:12.935  8427  8469 I BatteryMgr:DataCollectionService: stats => 1701042792935,14343,4442,2136,4169000,100
11-27 00:53:12.948  1011  1189 I ASH     : @ 389645.119: tcs3701: stop power rail pending_off timer
11-27 00:53:12.948  1011  1189 D ASH     : @ 389645.119: tcs3701: start power rail timer, state:3
11-27 00:53:12.988  1011  1189 I ASH     : @ 389645.159: tcs3701: stop power rail pending_off timer
11-27 00:53:12.988  1011  1189 D ASH     : @ 389645.159: tcs3701: start power rail timer, state:3
11-27 00:53:13.017  8427  8469 I BatteryMgr:DataCollectionService: stats => 1701042793016,14343,4442,2136,4169000,100
11-27 00:53:13.028  1011  1189 I ASH     : @ 389645.199: tcs3701: stop power rail pending_off timer
11-27 00:53:13.028  1011  1189 D ASH     : @ 389645.199: tcs3701: start power rail timer, state:3
11-27 00:53:13.042  8427  8469 I BatteryMgr:DataCollectionService: stats => 1701042793042,14343,4442,2136,4169000,100
11-27 00:53:13.068  1011  1189 I ASH     : @ 389645.239: tcs3701: stop power rail pending_off timer
11-27 00:53:13.068  1011  1189 D ASH     : @ 389645.239: tcs3701: start power rail timer, state:3
11-27 00:53:13.108  1011  1189 I ASH     : @ 389645.279: tcs3701: stop power rail pending_off timer
11-27 00:53:13.108  1011  1189 D ASH     : @ 389645.279: tcs3701: start power rail timer, state:3
11-27 00:53:13.122  8427  8469 I BatteryMgr:DataCollectionService: stats => 1701042793122,14343,4442,2136,4169000,100
11-27 00:53:13.148  1011  1189 I ASH     : @ 389645.319: tcs3701: stop power rail pending_off timer
11-27 00:53:13.148  1011  1189 D ASH     : @ 389645.319: tcs3701: start power rail timer, state:3
11-27 00:53:13.149  8427  8469 I BatteryMgr:DataCollectionService: stats => 1701042793149,14343,4442,2136,4169000,100
11-27 00:53:13.188  1011  1189 I ASH     : @ 389645.359: tcs3701: stop power rail pending_off timer
11-27 00:53:13.189  1011  1189 D ASH     : @ 389645.359: tcs3701: start power rail timer, state:3
11-27 00:53:13.228  1011  1189 I ASH     : @ 389645.399: tcs3701: stop power rail pending_off timer
11-27 00:53:13.229  1011  1189 D ASH     : @ 389645.399: tcs3701: start power rail timer, state:3
11-27 00:53:13.231  8427  8469 I BatteryMgr:DataCollectionService: stats => 1701042793231,14343,4442,2136,4169000,100
11-27 00:53:13.255  8427  8469 I BatteryMgr:DataCollectionService: stats => 1701042793255,14343,4442,2136,4169000,100
11-27 00:53:13.269  1011  1189 I ASH     : @ 389645.439: tcs3701: stop power rail pending_off timer
11-27 00:53:13.269  1011  1189 D ASH     : @ 389645.439: tcs3701: start power rail timer, state:3
11-27 00:53:13.309  1011  1189 I ASH     : @ 389645.479: tcs3701: stop power rail pending_off timer
11-27 00:53:13.309  1011  1189 D ASH     : @ 389645.479: tcs3701: start power rail timer, state:3
11-27 00:53:13.338  8427  8469 I BatteryMgr:DataCollectionService: stats => 1701042793338,14343,4442,2136,4169000,100
11-27 00:53:13.348  1011  1189 I ASH     : @ 389645.519: tcs3701: stop power rail pending_off timer
11-27 00:53:13.348  1011  1189 D ASH     : @ 389645.519: tcs3701: start power rail timer, state:3
11-27 00:53:13.360  1795  2735 D ActivityManager: freezer override set to true
11-27 00:53:13.363  8427  8469 I BatteryMgr:DataCollectionService: stats => 1701042793363,14343,4442,2136,4169000,100
11-27 00:53:13.365  1795  2735 D ActivityManager: freezer override set to false
11-27 00:53:13.388  1011  1189 I ASH     : @ 389645.559: tcs3701: stop power rail pending_off timer
11-27 00:53:13.389  1011  1189 D ASH     : @ 389645.559: tcs3701: start power rail timer, state:3
11-27 00:53:13.428  1011  1189 I ASH     : @ 389645.599: tcs3701: stop power rail pending_off timer
11-27 00:53:13.428  1011  1189 D ASH     : @ 389645.599: tcs3701: start power rail timer, state:3
11-27 00:53:13.444  8427  8469 I BatteryMgr:DataCollectionService: stats => 1701042793444,14343,4442,2136,4169000,100
11-27 00:53:13.468  8427  8469 I BatteryMgr:DataCollectionService: stats => 1701042793468,14343,4442,2136,4169000,100
11-27 00:53:13.469  1011  1189 I ASH     : @ 389645.639: tcs3701: stop power rail pending_off timer
11-27 00:53:13.469  1011  1189 D ASH     : @ 389645.639: tcs3701: start power rail timer, state:3
11-27 00:53:13.508  1011  1189 I ASH     : @ 389645.679: tcs3701: stop power rail pending_off timer
11-27 00:53:13.508  1011  1189 D ASH     : @ 389645.679: tcs3701: start power rail timer, state:3
11-27 00:53:13.548  1011  1189 I ASH     : @ 389645.719: tcs3701: stop power rail pending_off timer
11-27 00:53:13.548  1011  1189 D ASH     : @ 389645.719: tcs3701: start power rail timer, state:3
11-27 00:53:13.552  8427  8469 I BatteryMgr:DataCollectionService: stats => 1701042793552,14343,4442,2136,4169000,100
11-27 00:53:13.575  8427  8469 I BatteryMgr:DataCollectionService: stats => 1701042793575,14343,4442,2136,4169000,100
11-27 00:53:13.588  1011  1189 I ASH     : @ 389645.759: tcs3701: stop power rail pending_off timer
11-27 00:53:13.588  1011  1189 D ASH     : @ 389645.759: tcs3701: start power rail timer, state:3
11-27 00:53:13.628  1011  1189 I ASH     : @ 389645.799: tcs3701: stop power rail pending_off timer
11-27 00:53:13.628  1011  1189 D ASH     : @ 389645.799: tcs3701: start power rail timer, state:3
11-27 00:53:13.651  1795  2424 D WifiClientModeImpl[13802:wlan0]: updateLinkLayerStatsRssiSpeedFrequencyCapabilities rssi=-46 TxLinkspeed=866 freq=5240 RxLinkSpeed=866
11-27 00:53:13.652  1795  2424 D WifiDataStall: tx tput in kbps: 729503
11-27 00:53:13.652  1795  2424 D WifiDataStall: rx tput in kbps: 767898
11-27 00:53:13.652  1795  2424 V WifiConfigManager: Updating scan detail cache freq=5240 BSSID=f4:6d:2f:12:cc:88 RSSI=-45 for "ourhome"WPA_PSK
11-27 00:53:13.653  1795  2424 D WifiChannelUtilization:  freq: 5240 onTime: 11218652 busyTime: 1040613 onTimeDiff: 1570796 busyTimeDiff: 184127 utilization: 29 utilization t0: 23
11-27 00:53:13.653  1795  2424 D WifiDataStall:  ccaLevel = 29
11-27 00:53:13.653  2673  2691 V WifiManager: OnWifiUsabilityStatsListener: onWifiUsabilityStats: seqNum=100685
11-27 00:53:13.653  1795  2424 D WifiDataStall: L2 txTputKbps: 729503, rxTputKbps: 767898, L3 txTputKbps: 0, rxTputKbps: 0, TxTrafficHigh: false, RxTrafficHigh: false, Throughput Sufficient: true
11-27 00:53:13.654  1795  2424 D WifiScoreReport: Wifi scoring disabled - Don't check IP layer
11-27 00:53:13.654  1795  2424 D WifiScoreCard: BSSID update SIGNAL_POLL ID: 1320464697 SSID: "ourhome", BSSID: f4:6d:2f:12:cc:88, MAC: b2:2f:ec:da:4a:0c, IP: /192.168.1.104, Security type: 2, Supplicant state: COMPLETED, Wi-Fi standard: 5, RSSI: -46, Link speed: 866Mbps, Tx Link speed: 866Mbps, Max Supported Tx Link speed: 866Mbps, Rx Link speed: 866Mbps, Max Supported Rx Link speed: 866Mbps, Frequency: 5240MHz, Net ID: 12, Metered hint: false, score: 60, isUsable: true, CarrierMerged: false, SubscriptionId: -1, IsPrimary: 1, Trusted: true, Restricted: false, Ephemeral: false, OEM paid: false, OEM private: false, OSU AP: false, FQDN: <none>, Provider friendly name: <none>, Requesting package name: <none>"ourhome"wpa2-pskMLO Information: , Is TID-To-Link negotiation supported by the AP: false, AP MLD Address: <none>, AP MLO Link Id: <none>, AP MLO Affiliated links: <none>
11-27 00:53:13.654  1795  2424 D WifiScoreCard: txRate: 1 txSpeed: 866
11-27 00:53:13.654  1795  2424 D WifiScoreCard: network update SIGNAL_POLL "ourhome" ID: 1499892569 RSSI -46 txSpeed -1
11-27 00:53:13.655  1795  2735 I WifiService: updateWifiUsabilityScore uid=10180 seqNum=100685 score=100 predictionHorizonSec=1441795
11-27 00:53:13.656  1795  2424 D WifiClientModeImpl[13802:wlan0]:  ClientModeImpl$L2ConnectedState screen=on 37 0 "ourhome" f4:6d:2f:12:cc:88 rssi=-46 f=5240 sc=60 link=866 tx=0.4, 0.0, 0.0 rx=0.4 bcn=3690435 [on:0 tx:0 rx:0 period:3019] from screen [on:1582671 period:30358942] score=60
11-27 00:53:13.656  1795  2424 D WifiScoreReport: Wifi scoring disabled - Notify that Wifi is usable
11-27 00:53:13.660  1795  2432 D ConnectivityService: NetReassign [no changes] [c 1] [a 0] [i 3]
11-27 00:53:13.662  8427  8469 I BatteryMgr:DataCollectionService: stats => 1701042793662,14343,4442,2136,4169000,100
11-27 00:53:13.668  1011  1189 I ASH     : @ 389645.839: tcs3701: stop power rail pending_off timer
11-27 00:53:13.668  1011  1189 D ASH     : @ 389645.839: tcs3701: start power rail timer, state:3
11-27 00:53:13.681  8427  8469 I BatteryMgr:DataCollectionService: stats => 1701042793680,14343,4442,2136,4169000,100
11-27 00:53:13.708  1011  1189 I ASH     : @ 389645.879: tcs3701: stop power rail pending_off timer
11-27 00:53:13.708  1011  1189 D ASH     : @ 389645.879: tcs3701: start power rail timer, state:3
11-27 00:53:13.738  1795  1853 D ActivityManager: freezer override set to true
11-27 00:53:13.748  1011  1189 I ASH     : @ 389645.919: tcs3701: stop power rail pending_off timer
11-27 00:53:13.748  1011  1189 D ASH     : @ 389645.919: tcs3701: start power rail timer, state:3
11-27 00:53:13.767  8427  8469 I BatteryMgr:DataCollectionService: stats => 1701042793767,14343,4442,2136,4169000,100
11-27 00:53:13.786  8427  8469 I BatteryMgr:DataCollectionService: stats => 1701042793786,14343,4442,2136,4169000,100
11-27 00:53:13.788  1011  1189 I ASH     : @ 389645.959: tcs3701: stop power rail pending_off timer
11-27 00:53:13.788  1011  1189 D ASH     : @ 389645.959: tcs3701: start power rail timer, state:3
11-27 00:53:13.828  1011  1189 I ASH     : @ 389645.999: tcs3701: stop power rail pending_off timer
11-27 00:53:13.828  1011  1189 D ASH     : @ 389645.999: tcs3701: start power rail timer, state:3
11-27 00:53:13.838 18474 18526 I m.chrome.canary: Explicit concurrent copying GC freed 3839(192KB) AllocSpace objects, 4(80KB) LOS objects, 75% free, 14MB/58MB, paused 30us,27us total 59.218ms
11-27 00:53:13.868  1011  1189 I ASH     : @ 389646.039: tcs3701: stop power rail pending_off timer
11-27 00:53:13.868  1011  1189 D ASH     : @ 389646.039: tcs3701: start power rail timer, state:3
