11-27 00:53:13.872  8427  8469 I BatteryMgr:DataCollectionService: stats => 1701042793872,14343,4442,2136,4169000,100
11-27 00:53:13.883  2113  2118 I pixel-thermal: skin-therm-monitor: 37.176
11-27 00:53:13.894  8427  8469 I BatteryMgr:DataCollectionService: stats => 1701042793894,14343,4442,2136,4169000,100
11-27 00:53:13.907  1795  1853 D ActivityManager: freezer override set to false
11-27 00:53:13.908  1011  1189 I ASH     : @ 389646.079: tcs3701: stop power rail pending_off timer
11-27 00:53:13.908  1011  1189 D ASH     : @ 389646.079: tcs3701: start power rail timer, state:3
11-27 00:53:13.948  1011  1189 I ASH     : @ 389646.119: tcs3701: stop power rail pending_off timer
11-27 00:53:13.948  1011  1189 D ASH     : @ 389646.119: tcs3701: start power rail timer, state:3
11-27 00:53:13.959  1795  1853 D ActivityManager: freezer override set to true
11-27 00:53:13.961  1795  1853 D ActivityManager: freezer override set to false
11-27 00:53:13.978  8427  8469 I BatteryMgr:DataCollectionService: stats => 1701042793978,14343,4442,2136,4169000,100
11-27 00:53:13.988  1011  1189 I ASH     : @ 389646.159: tcs3701: stop power rail pending_off timer
11-27 00:53:13.988  1011  1189 D ASH     : @ 389646.159: tcs3701: start power rail timer, state:3
11-27 00:53:13.993  1795  1853 D ActivityManager: freezer override set to true
11-27 00:53:13.996  1795  1853 D ActivityManager: freezer override set to false
11-27 00:53:13.999  8427  8469 I BatteryMgr:DataCollectionService: stats => 1701042793999,14343,4442,2136,4169000,100
11-27 00:53:14.028  1011  1189 I ASH     : @ 389646.199: tcs3701: stop power rail pending_off timer
11-27 00:53:14.028  1011  1189 D ASH     : @ 389646.199: tcs3701: start power rail timer, state:3
11-27 00:53:14.068  1011  1189 I ASH     : @ 389646.239: tcs3701: stop power rail pending_off timer
11-27 00:53:14.068  1011  1189 D ASH     : @ 389646.239: tcs3701: start power rail timer, state:3
11-27 00:53:14.087  8427  8469 I BatteryMgr:DataCollectionService: stats => 1701042794087,14343,4442,2136,4169000,100
11-27 00:53:14.104  8427  8469 I BatteryMgr:DataCollectionService: stats => 1701042794103,14343,4442,2136,4169000,100
11-27 00:53:14.108  1011  1189 I ASH     : @ 389646.279: tcs3701: stop power rail pending_off timer
11-27 00:53:14.108  1011  1189 D ASH     : @ 389646.279: tcs3701: start power rail timer, state:3
11-27 00:53:14.149  1011  1189 I ASH     : @ 389646.319: tcs3701: stop power rail pending_off timer
11-27 00:53:14.149  1011  1189 D ASH     : @ 389646.319: tcs3701: start power rail timer, state:3
11-27 00:53:14.188  1011  1189 I ASH     : @ 389646.359: tcs3701: stop power rail pending_off timer
11-27 00:53:14.188  1011  1189 D ASH     : @ 389646.359: tcs3701: start power rail timer, state:3
11-27 00:53:14.196  8427  8469 I BatteryMgr:DataCollectionService: stats => 1701042794196,14343,4442,2136,4169000,100
11-27 00:53:14.209  8427  8469 I BatteryMgr:DataCollectionService: stats => 1701042794209,14343,4442,2136,4169000,100
11-27 00:53:14.228  1011  1189 I ASH     : @ 389646.399: tcs3701: stop power rail pending_off timer
11-27 00:53:14.228  1011  1189 D ASH     : @ 389646.399: tcs3701: start power rail timer, state:3
11-27 00:53:14.268  1011  1189 I ASH     : @ 389646.439: tcs3701: stop power rail pending_off timer
11-27 00:53:14.268  1011  1189 D ASH     : @ 389646.439: tcs3701: start power rail timer, state:3
11-27 00:53:14.302  8427  8469 I BatteryMgr:DataCollectionService: stats => 1701042794301,14343,4442,2136,4169000,100
11-27 00:53:14.308  1011  1189 I ASH     : @ 389646.479: tcs3701: stop power rail pending_off timer
11-27 00:53:14.308  1011  1189 D ASH     : @ 389646.479: tcs3701: start power rail timer, state:3
11-27 00:53:14.316  8427  8469 I BatteryMgr:DataCollectionService: stats => 1701042794316,14343,4442,2136,4169000,100
11-27 00:53:14.349  1011  1189 I ASH     : @ 389646.519: tcs3701: stop power rail pending_off timer
11-27 00:53:14.349  1011  1189 D ASH     : @ 389646.519: tcs3701: start power rail timer, state:3
11-27 00:53:14.367  1795  2735 D ActivityManager: freezer override set to true
11-27 00:53:14.373  1795  2735 D ActivityManager: freezer override set to false
11-27 00:53:14.388  1011  1189 I ASH     : @ 389646.559: tcs3701: stop power rail pending_off timer
11-27 00:53:14.388  1011  1189 D ASH     : @ 389646.559: tcs3701: start power rail timer, state:3
11-27 00:53:14.409  8427  8469 I BatteryMgr:DataCollectionService: stats => 1701042794409,14343,4442,2136,4169000,100
11-27 00:53:14.422  8427  8469 I BatteryMgr:DataCollectionService: stats => 1701042794422,14343,4442,2136,4169000,100
11-27 00:53:14.428  1011  1189 I ASH     : @ 389646.599: tcs3701: stop power rail pending_off timer
11-27 00:53:14.428  1011  1189 D ASH     : @ 389646.599: tcs3701: start power rail timer, state:3
11-27 00:53:14.468  1011  1189 I ASH     : @ 389646.639: tcs3701: stop power rail pending_off timer
11-27 00:53:14.469  1011  1189 D ASH     : @ 389646.639: tcs3701: start power rail timer, state:3
11-27 00:53:14.508  1011  1189 I ASH     : @ 389646.679: tcs3701: stop power rail pending_off timer
11-27 00:53:14.508  1011  1189 D ASH     : @ 389646.679: tcs3701: start power rail timer, state:3
11-27 00:53:14.515  8427  8469 I BatteryMgr:DataCollectionService: stats => 1701042794515,14343,4442,2136,4169000,100
11-27 00:53:14.528  8427  8469 I BatteryMgr:DataCollectionService: stats => 1701042794528,14343,4442,2136,4169000,100
11-27 00:53:14.548  1011  1189 I ASH     : @ 389646.719: tcs3701: stop power rail pending_off timer
11-27 00:53:14.548  1011  1189 D ASH     : @ 389646.719: tcs3701: start power rail timer, state:3
11-27 00:53:14.588  1011  1189 I ASH     : @ 389646.759: tcs3701: stop power rail pending_off timer
11-27 00:53:14.588  1011  1189 D ASH     : @ 389646.759: tcs3701: start power rail timer, state:3
11-27 00:53:14.622  8427  8469 I BatteryMgr:DataCollectionService: stats => 1701042794622,14343,4442,2136,4169000,100
11-27 00:53:14.628  1011  1189 I ASH     : @ 389646.799: tcs3701: stop power rail pending_off timer
11-27 00:53:14.628  1011  1189 D ASH     : @ 389646.799: tcs3701: start power rail timer, state:3
11-27 00:53:14.633  8427  8469 I BatteryMgr:DataCollectionService: stats => 1701042794633,14343,4442,2136,4169000,100
11-27 00:53:14.668  1011  1189 I ASH     : @ 389646.839: tcs3701: stop power rail pending_off timer
11-27 00:53:14.668  1011  1189 D ASH     : @ 389646.839: tcs3701: start power rail timer, state:3
11-27 00:53:14.708  1011  1189 I ASH     : @ 389646.879: tcs3701: stop power rail pending_off timer
11-27 00:53:14.708  1011  1189 D ASH     : @ 389646.879: tcs3701: start power rail timer, state:3
11-27 00:53:14.729  8427  8469 I BatteryMgr:DataCollectionService: stats => 1701042794729,14343,4442,2136,4169000,100
11-27 00:53:14.738  8427  8469 I BatteryMgr:DataCollectionService: stats => 1701042794738,14343,4442,2136,4169000,100
11-27 00:53:14.748  1011  1189 I ASH     : @ 389646.919: tcs3701: stop power rail pending_off timer
11-27 00:53:14.748  1011  1189 D ASH     : @ 389646.919: tcs3701: start power rail timer, state:3
11-27 00:53:14.789  1011  1189 I ASH     : @ 389646.959: tcs3701: stop power rail pending_off timer
11-27 00:53:14.789  1011  1189 D ASH     : @ 389646.959: tcs3701: start power rail timer, state:3
11-27 00:53:14.828  1011  1189 I ASH     : @ 389646.999: tcs3701: stop power rail pending_off timer
11-27 00:53:14.828  1011  1189 D ASH     : @ 389646.999: tcs3701: start power rail timer, state:3
11-27 00:53:14.835  8427  8469 I BatteryMgr:DataCollectionService: stats => 1701042794834,14343,4442,2136,4169000,100
11-27 00:53:14.844  8427  8469 I BatteryMgr:DataCollectionService: stats => 1701042794844,14343,4442,2136,4169000,100
11-27 00:53:14.869  1011  1189 I ASH     : @ 389647.039: tcs3701: stop power rail pending_off timer
11-27 00:53:14.869  1011  1189 D ASH     : @ 389647.039: tcs3701: start power rail timer, state:3
11-27 00:53:14.908  1011  1189 I ASH     : @ 389647.079: tcs3701: stop power rail pending_off timer
11-27 00:53:14.908  1011  1189 D ASH     : @ 389647.079: tcs3701: start power rail timer, state:3
11-27 00:53:14.939  8427  8469 I BatteryMgr:DataCollectionService: stats => 1701042794939,14343,4442,2136,4169000,100
11-27 00:53:14.948  8427  8469 I BatteryMgr:DataCollectionService: stats => 1701042794948,14343,4442,2136,4169000,100
11-27 00:53:14.949  1011  1189 I ASH     : @ 389647.119: tcs3701: stop power rail pending_off timer
11-27 00:53:14.949  1011  1189 D ASH     : @ 389647.119: tcs3701: start power rail timer, state:3
11-27 00:53:14.988  1011  1189 I ASH     : @ 389647.159: tcs3701: stop power rail pending_off timer
11-27 00:53:14.988  1011  1189 D ASH     : @ 389647.159: tcs3701: start power rail timer, state:3
11-27 00:53:15.028  1011  1189 I ASH     : @ 389647.199: tcs3701: stop power rail pending_off timer
11-27 00:53:15.028  1011  1189 D ASH     : @ 389647.199: tcs3701: start power rail timer, state:3
11-27 00:53:15.046  8427  8469 I BatteryMgr:DataCollectionService: stats => 1701042795046,14343,4442,2136,4169000,100
11-27 00:53:15.057  8427  8469 I BatteryMgr:DataCollectionService: stats => 1701042795056,14343,4442,2136,4169000,100
11-27 00:53:15.068  1011  1189 I ASH     : @ 389647.239: tcs3701: stop power rail pending_off timer
11-27 00:53:15.069  1011  1189 D ASH     : @ 389647.239: tcs3701: start power rail timer, state:3
11-27 00:53:15.109  1011  1189 I ASH     : @ 389647.279: tcs3701: stop power rail pending_off timer
11-27 00:53:15.109  1011  1189 D ASH     : @ 389647.279: tcs3701: start power rail timer, state:3
11-27 00:53:15.128  1795  2735 D ActivityManager: freezer override set to true
11-27 00:53:15.149  1011  1189 I ASH     : @ 389647.319: tcs3701: stop power rail pending_off timer
11-27 00:53:15.149  1011  1189 D ASH     : @ 389647.319: tcs3701: start power rail timer, state:3
11-27 00:53:15.151  8427  8469 I BatteryMgr:DataCollectionService: stats => 1701042795151,14343,4442,2136,4169000,100
11-27 00:53:15.160  8427  8469 I BatteryMgr:DataCollectionService: stats => 1701042795160,14343,4442,2136,4169000,100
11-27 00:53:15.189  1011  1189 I ASH     : @ 389647.359: tcs3701: stop power rail pending_off timer
11-27 00:53:15.189  1011  1189 D ASH     : @ 389647.359: tcs3701: start power rail timer, state:3
11-27 00:53:15.228  1011  1189 I ASH     : @ 389647.399: tcs3701: stop power rail pending_off timer
11-27 00:53:15.228  1011  1189 D ASH     : @ 389647.399: tcs3701: start power rail timer, state:3
11-27 00:53:15.257  8427  8469 I BatteryMgr:DataCollectionService: stats => 1701042795257,14343,4442,2136,4169000,100
11-27 00:53:15.268  8427  8469 I BatteryMgr:DataCollectionService: stats => 1701042795268,14343,4442,2136,4169000,100
11-27 00:53:15.268 18474 18526 I m.chrome.canary: Explicit concurrent copying GC freed 3900(241KB) AllocSpace objects, 4(80KB) LOS objects, 75% free, 14MB/58MB, paused 29us,20us total 52.358ms
11-27 00:53:15.269  1011  1189 I ASH     : @ 389647.439: tcs3701: stop power rail pending_off timer
11-27 00:53:15.269  1011  1189 D ASH     : @ 389647.439: tcs3701: start power rail timer, state:3
11-27 00:53:15.308  1011  1189 I ASH     : @ 389647.479: tcs3701: stop power rail pending_off timer
11-27 00:53:15.308  1011  1189 D ASH     : @ 389647.479: tcs3701: start power rail timer, state:3
11-27 00:53:15.330  1795  2735 D ActivityManager: freezer override set to false
11-27 00:53:15.348  1011  1189 I ASH     : @ 389647.519: tcs3701: stop power rail pending_off timer
11-27 00:53:15.348  1011  1189 D ASH     : @ 389647.519: tcs3701: start power rail timer, state:3
11-27 00:53:15.363  8427  8469 I BatteryMgr:DataCollectionService: stats => 1701042795363,14343,4442,2136,4169000,100
11-27 00:53:15.365  1795  2735 D ActivityManager: freezer override set to true
11-27 00:53:15.370  1795  2735 D ActivityManager: freezer override set to false
11-27 00:53:15.375  8427  8469 I BatteryMgr:DataCollectionService: stats => 1701042795374,14343,4442,2136,4169000,100
11-27 00:53:15.381  1795  1853 D ActivityManager: freezer override set to true
11-27 00:53:15.384  1795  1853 D ActivityManager: freezer override set to false
11-27 00:53:15.388  1011  1189 I ASH     : @ 389647.559: tcs3701: stop power rail pending_off timer
11-27 00:53:15.388  1011  1189 D ASH     : @ 389647.559: tcs3701: start power rail timer, state:3
11-27 00:53:15.416  1795  1853 D ActivityManager: freezer override set to true
11-27 00:53:15.419  1795  1853 D ActivityManager: freezer override set to false
11-27 00:53:15.429  1011  1189 I ASH     : @ 389647.599: tcs3701: stop power rail pending_off timer
11-27 00:53:15.429  1011  1189 D ASH     : @ 389647.599: tcs3701: start power rail timer, state:3
11-27 00:53:15.468  1011  1189 I ASH     : @ 389647.639: tcs3701: stop power rail pending_off timer
11-27 00:53:15.468  1011  1189 D ASH     : @ 389647.639: tcs3701: start power rail timer, state:3
11-27 00:53:15.469  8427  8469 I BatteryMgr:DataCollectionService: stats => 1701042795469,14343,4442,2136,4169000,100
11-27 00:53:15.480  8427  8469 I BatteryMgr:DataCollectionService: stats => 1701042795480,14343,4442,2136,4169000,100
11-27 00:53:15.508  1011  1189 I ASH     : @ 389647.679: tcs3701: stop power rail pending_off timer
11-27 00:53:15.508  1011  1189 D ASH     : @ 389647.679: tcs3701: start power rail timer, state:3
11-27 00:53:15.548  1011  1189 I ASH     : @ 389647.719: tcs3701: stop power rail pending_off timer
11-27 00:53:15.549  1011  1189 D ASH     : @ 389647.719: tcs3701: start power rail timer, state:3
11-27 00:53:15.576  8427  8469 I BatteryMgr:DataCollectionService: stats => 1701042795576,14343,4442,2136,4169000,100
11-27 00:53:15.586  8427  8469 I BatteryMgr:DataCollectionService: stats => 1701042795586,14343,4442,2136,4169000,100
11-27 00:53:15.588  1011  1189 I ASH     : @ 389647.759: tcs3701: stop power rail pending_off timer
11-27 00:53:15.588  1011  1189 D ASH     : @ 389647.759: tcs3701: start power rail timer, state:3
11-27 00:53:15.628  1011  1189 I ASH     : @ 389647.799: tcs3701: stop power rail pending_off timer
11-27 00:53:15.628  1011  1189 D ASH     : @ 389647.799: tcs3701: start power rail timer, state:3
11-27 00:53:15.668  1011  1189 I ASH     : @ 389647.839: tcs3701: stop power rail pending_off timer
11-27 00:53:15.668  1011  1189 D ASH     : @ 389647.839: tcs3701: start power rail timer, state:3
11-27 00:53:15.680  8427  8469 I BatteryMgr:DataCollectionService: stats => 1701042795680,14343,4442,2136,4169000,100
11-27 00:53:15.691  8427  8469 I BatteryMgr:DataCollectionService: stats => 1701042795691,14343,4442,2136,4169000,100
11-27 00:53:15.708  1011  1189 I ASH     : @ 389647.879: tcs3701: stop power rail pending_off timer
11-27 00:53:15.708  1011  1189 D ASH     : @ 389647.879: tcs3701: start power rail timer, state:3
11-27 00:53:15.749  1011  1189 I ASH     : @ 389647.919: tcs3701: stop power rail pending_off timer
11-27 00:53:15.749  1011  1189 D ASH     : @ 389647.919: tcs3701: start power rail timer, state:3
11-27 00:53:15.786  8427  8469 I BatteryMgr:DataCollectionService: stats => 1701042795786,14343,4442,2136,4169000,100
11-27 00:53:15.788  1011  1189 I ASH     : @ 389647.959: tcs3701: stop power rail pending_off timer
11-27 00:53:15.788  1011  1189 D ASH     : @ 389647.959: tcs3701: start power rail timer, state:3
11-27 00:53:15.798  8427  8469 I BatteryMgr:DataCollectionService: stats => 1701042795798,14343,4442,2136,4169000,100
11-27 00:53:15.828  1011  1189 I ASH     : @ 389647.999: tcs3701: stop power rail pending_off timer
11-27 00:53:15.828  1011  1189 D ASH     : @ 389647.999: tcs3701: start power rail timer, state:3
11-27 00:53:15.868  1011  1189 I ASH     : @ 389648.039: tcs3701: stop power rail pending_off timer
11-27 00:53:15.869  1011  1189 D ASH     : @ 389648.039: tcs3701: start power rail timer, state:3
11-27 00:53:15.887  2113  2118 I pixel-thermal: skin-therm-monitor: 37.203
11-27 00:53:15.890  8427  8469 I BatteryMgr:DataCollectionService: stats => 1701042795890,14343,4442,2136,4169000,100
11-27 00:53:15.905  8427  8469 I BatteryMgr:DataCollectionService: stats => 1701042795905,14343,4442,2136,4169000,100
11-27 00:53:15.908  1011  1189 I ASH     : @ 389648.079: tcs3701: stop power rail pending_off timer
11-27 00:53:15.908  1011  1189 D ASH     : @ 389648.079: tcs3701: start power rail timer, state:3
11-27 00:53:15.948  1011  1189 I ASH     : @ 389648.119: tcs3701: stop power rail pending_off timer
11-27 00:53:15.948  1011  1189 D ASH     : @ 389648.119: tcs3701: start power rail timer, state:3
11-27 00:53:15.988  1011  1189 I ASH     : @ 389648.159: tcs3701: stop power rail pending_off timer
11-27 00:53:15.988  1011  1189 D ASH     : @ 389648.159: tcs3701: start power rail timer, state:3
11-27 00:53:15.996  8427  8469 I BatteryMgr:DataCollectionService: stats => 1701042795995,14343,4442,2136,4169000,100
11-27 00:53:16.011  8427  8469 I BatteryMgr:DataCollectionService: stats => 1701042796011,14343,4442,2136,4169000,100
11-27 00:53:16.028  1011  1189 I ASH     : @ 389648.199: tcs3701: stop power rail pending_off timer
11-27 00:53:16.028  1011  1189 D ASH     : @ 389648.199: tcs3701: start power rail timer, state:3
11-27 00:53:16.069  1011  1189 I ASH     : @ 389648.239: tcs3701: stop power rail pending_off timer
11-27 00:53:16.069  1011  1189 D ASH     : @ 389648.239: tcs3701: start power rail timer, state:3
11-27 00:53:16.103  8427  8469 I BatteryMgr:DataCollectionService: stats => 1701042796103,14343,4442,2136,4169000,100
11-27 00:53:16.108  1011  1189 I ASH     : @ 389648.279: tcs3701: stop power rail pending_off timer
11-27 00:53:16.108  1011  1189 D ASH     : @ 389648.279: tcs3701: start power rail timer, state:3
11-27 00:53:16.117  8427  8469 I BatteryMgr:DataCollectionService: stats => 1701042796117,14343,4442,2136,4169000,100
11-27 00:53:16.149  1011  1189 I ASH     : @ 389648.319: tcs3701: stop power rail pending_off timer
11-27 00:53:16.149  1011  1189 D ASH     : @ 389648.319: tcs3701: start power rail timer, state:3
11-27 00:53:16.188  1011  1189 I ASH     : @ 389648.359: tcs3701: stop power rail pending_off timer
11-27 00:53:16.188  1011  1189 D ASH     : @ 389648.359: tcs3701: start power rail timer, state:3
11-27 00:53:16.209  8427  8469 I BatteryMgr:DataCollectionService: stats => 1701042796209,14343,4442,2136,4169000,100
11-27 00:53:16.224  8427  8469 I BatteryMgr:DataCollectionService: stats => 1701042796224,14343,4442,2136,4169000,100
11-27 00:53:16.228  1011  1189 I ASH     : @ 389648.399: tcs3701: stop power rail pending_off timer
11-27 00:53:16.229  1011  1189 D ASH     : @ 389648.399: tcs3701: start power rail timer, state:3
11-27 00:53:16.268  1011  1189 I ASH     : @ 389648.439: tcs3701: stop power rail pending_off timer
11-27 00:53:16.268  1011  1189 D ASH     : @ 389648.439: tcs3701: start power rail timer, state:3
11-27 00:53:16.309  1011  1189 I ASH     : @ 389648.479: tcs3701: stop power rail pending_off timer
11-27 00:53:16.309  1011  1189 D ASH     : @ 389648.479: tcs3701: start power rail timer, state:3
11-27 00:53:16.315  8427  8469 I BatteryMgr:DataCollectionService: stats => 1701042796314,14343,4442,2136,4169000,100
11-27 00:53:16.329  8427  8469 I BatteryMgr:DataCollectionService: stats => 1701042796329,14343,4442,2136,4169000,100
11-27 00:53:16.348  1011  1189 I ASH     : @ 389648.519: tcs3701: stop power rail pending_off timer
11-27 00:53:16.348  1011  1189 D ASH     : @ 389648.519: tcs3701: start power rail timer, state:3
11-27 00:53:16.379  1795  1853 D ActivityManager: freezer override set to true
11-27 00:53:16.384  1795  1853 D ActivityManager: freezer override set to false
11-27 00:53:16.388  1011  1189 I ASH     : @ 389648.559: tcs3701: stop power rail pending_off timer
11-27 00:53:16.388  1011  1189 D ASH     : @ 389648.559: tcs3701: start power rail timer, state:3
11-27 00:53:16.419  8427  8469 I BatteryMgr:DataCollectionService: stats => 1701042796419,14343,4442,2136,4169000,100
11-27 00:53:16.428  1011  1189 I ASH     : @ 389648.599: tcs3701: stop power rail pending_off timer
11-27 00:53:16.429  1011  1189 D ASH     : @ 389648.599: tcs3701: start power rail timer, state:3
11-27 00:53:16.433  8427  8469 I BatteryMgr:DataCollectionService: stats => 1701042796433,14343,4442,2136,4169000,100
11-27 00:53:16.468  1011  1189 I ASH     : @ 389648.639: tcs3701: stop power rail pending_off timer
11-27 00:53:16.468  1011  1189 D ASH     : @ 389648.639: tcs3701: start power rail timer, state:3
11-27 00:53:16.508  1011  1189 I ASH     : @ 389648.679: tcs3701: stop power rail pending_off timer
11-27 00:53:16.509  1011  1189 D ASH     : @ 389648.679: tcs3701: start power rail timer, state:3
11-27 00:53:16.527  8427  8469 I BatteryMgr:DataCollectionService: stats => 1701042796527,14343,4442,2136,4169000,100
11-27 00:53:16.540  8427  8469 I BatteryMgr:DataCollectionService: stats => 1701042796540,14343,4442,2136,4169000,100
11-27 00:53:16.542  1795  2735 D ActivityManager: freezer override set to true
11-27 00:53:16.548  1011  1189 I ASH     : @ 389648.719: tcs3701: stop power rail pending_off timer
11-27 00:53:16.548  1011  1189 D ASH     : @ 389648.719: tcs3701: start power rail timer, state:3
11-27 00:53:16.588  1011  1189 I ASH     : @ 389648.759: tcs3701: stop power rail pending_off timer
11-27 00:53:16.588  1011  1189 D ASH     : @ 389648.759: tcs3701: start power rail timer, state:3
11-27 00:53:16.628  1011  1189 I ASH     : @ 389648.799: tcs3701: stop power rail pending_off timer
11-27 00:53:16.628  1011  1189 D ASH     : @ 389648.799: tcs3701: start power rail timer, state:3
11-27 00:53:16.632  8427  8469 I BatteryMgr:DataCollectionService: stats => 1701042796632,14343,4442,2136,4169000,100
11-27 00:53:16.646  8427  8469 I BatteryMgr:DataCollectionService: stats => 1701042796646,14343,4442,2136,4169000,100
11-27 00:53:16.665  1795  2424 D WifiClientModeImpl[13802:wlan0]: updateLinkLayerStatsRssiSpeedFrequencyCapabilities rssi=-46 TxLinkspeed=866 freq=5240 RxLinkSpeed=866
11-27 00:53:16.665  1795  2424 D WifiDataStall: tx tput in kbps: 729503
11-27 00:53:16.665  1795  2424 D WifiDataStall: rx tput in kbps: 767898
11-27 00:53:16.665  1795  2424 V WifiConfigManager: Updating scan detail cache freq=5240 BSSID=f4:6d:2f:12:cc:88 RSSI=-45 for "ourhome"WPA_PSK
11-27 00:53:16.666  1795  2424 D WifiChannelUtilization:  freq: 5240 onTime: 11218652 busyTime: 1040613 onTimeDiff: 1570796 busyTimeDiff: 184127 utilization: 29 utilization t0: 23
11-27 00:53:16.666  1795  2424 D WifiDataStall:  ccaLevel = 29
11-27 00:53:16.666  1795  2424 D WifiDataStall: L2 txTputKbps: 729503, rxTputKbps: 767898, L3 txTputKbps: 0, rxTputKbps: 0, TxTrafficHigh: false, RxTrafficHigh: false, Throughput Sufficient: true
11-27 00:53:16.666  2673  2691 V WifiManager: OnWifiUsabilityStatsListener: onWifiUsabilityStats: seqNum=100686
11-27 00:53:16.666  1795  2424 D WifiScoreReport: Wifi scoring disabled - Don't check IP layer
11-27 00:53:16.666  1795  2424 D WifiScoreCard: BSSID update SIGNAL_POLL ID: 1320464697 SSID: "ourhome", BSSID: f4:6d:2f:12:cc:88, MAC: b2:2f:ec:da:4a:0c, IP: /192.168.1.104, Security type: 2, Supplicant state: COMPLETED, Wi-Fi standard: 5, RSSI: -46, Link speed: 866Mbps, Tx Link speed: 866Mbps, Max Supported Tx Link speed: 866Mbps, Rx Link speed: 866Mbps, Max Supported Rx Link speed: 866Mbps, Frequency: 5240MHz, Net ID: 12, Metered hint: false, score: 60, isUsable: true, CarrierMerged: false, SubscriptionId: -1, IsPrimary: 1, Trusted: true, Restricted: false, Ephemeral: false, OEM paid: false, OEM private: false, OSU AP: false, FQDN: <none>, Provider friendly name: <none>, Requesting package name: <none>"ourhome"wpa2-pskMLO Information: , Is TID-To-Link negotiation supported by the AP: false, AP MLD Address: <none>, AP MLO Link Id: <none>, AP MLO Affiliated links: <none>
11-27 00:53:16.666  1795  2424 D WifiScoreCard: txRate: 1 txSpeed: 866
11-27 00:53:16.666  1795  2424 D WifiScoreCard: network update SIGNAL_POLL "ourhome" ID: 1499892569 RSSI -46 txSpeed -1
11-27 00:53:16.666  1795  1853 I WifiService: updateWifiUsabilityScore uid=10180 seqNum=100686 score=100 predictionHorizonSec=1441795
11-27 00:53:16.666  1795  2424 D WifiClientModeImpl[13802:wlan0]:  ClientModeImpl$L2ConnectedState screen=on 37 0 "ourhome" f4:6d:2f:12:cc:88 rssi=-46 f=5240 sc=60 link=866 tx=0.1, 0.0, 0.0 rx=0.1 bcn=3690465 [on:0 tx:0 rx:0 period:3010] from screen [on:1582671 period:30361952] score=60
11-27 00:53:16.667  1795  2424 D WifiScoreReport: Wifi scoring disabled - Notify that Wifi is usable
11-27 00:53:16.668  1011  1189 I ASH     : @ 389648.839: tcs3701: stop power rail pending_off timer
11-27 00:53:16.668  1011  1189 D ASH     : @ 389648.839: tcs3701: start power rail timer, state:3
11-27 00:53:16.670  1795  2432 D ConnectivityService: NetReassign [no changes] [c 0] [a 0] [i 3]
11-27 00:53:16.687 18474 18526 I m.chrome.canary: Explicit concurrent copying GC freed 4051(207KB) AllocSpace objects, 5(100KB) LOS objects, 75% free, 14MB/58MB, paused 32us,23us total 59.176ms
11-27 00:53:16.709  1011  1189 I ASH     : @ 389648.879: tcs3701: stop power rail pending_off timer
11-27 00:53:16.709  1011  1189 D ASH     : @ 389648.879: tcs3701: start power rail timer, state:3
11-27 00:53:16.739  8427  8469 I BatteryMgr:DataCollectionService: stats => 1701042796739,14343,4442,2136,4169000,100
11-27 00:53:16.749  1011  1189 I ASH     : @ 389648.919: tcs3701: stop power rail pending_off timer
11-27 00:53:16.749  1011  1189 D ASH     : @ 389648.919: tcs3701: start power rail timer, state:3
11-27 00:53:16.752  8427  8469 I BatteryMgr:DataCollectionService: stats => 1701042796752,14343,4442,2136,4169000,100
11-27 00:53:16.756  1795  2735 D ActivityManager: freezer override set to false
11-27 00:53:16.788  1011  1189 I ASH     : @ 389648.959: tcs3701: stop power rail pending_off timer
11-27 00:53:16.788  1011  1189 D ASH     : @ 389648.959: tcs3701: start power rail timer, state:3
11-27 00:53:16.805  1795  2735 D ActivityManager: freezer override set to true
11-27 00:53:16.807  1795  2735 D ActivityManager: freezer override set to false
11-27 00:53:16.828  1011  1189 I ASH     : @ 389648.999: tcs3701: stop power rail pending_off timer
11-27 00:53:16.829  1011  1189 D ASH     : @ 389648.999: tcs3701: start power rail timer, state:3
11-27 00:53:16.844  8427  8469 I BatteryMgr:DataCollectionService: stats => 1701042796844,14343,4442,2136,4169000,100
11-27 00:53:16.849  1795  2735 D ActivityManager: freezer override set to true
11-27 00:53:16.851  1795  2735 D ActivityManager: freezer override set to false
11-27 00:53:16.859  8427  8469 I BatteryMgr:DataCollectionService: stats => 1701042796858,14343,4442,2136,4169000,100
11-27 00:53:16.868  1011  1189 I ASH     : @ 389649.039: tcs3701: stop power rail pending_off timer
11-27 00:53:16.868  1011  1189 D ASH     : @ 389649.039: tcs3701: start power rail timer, state:3
11-27 00:53:16.909  1011  1189 I ASH     : @ 389649.079: tcs3701: stop power rail pending_off timer
11-27 00:53:16.909  1011  1189 D ASH     : @ 389649.079: tcs3701: start power rail timer, state:3
11-27 00:53:16.948  1011  1189 I ASH     : @ 389649.119: tcs3701: stop power rail pending_off timer
11-27 00:53:16.948  1011  1189 D ASH     : @ 389649.119: tcs3701: start power rail timer, state:3
11-27 00:53:16.951  8427  8469 I BatteryMgr:DataCollectionService: stats => 1701042796951,14343,4442,2136,4169000,100
11-27 00:53:16.964  8427  8469 I BatteryMgr:DataCollectionService: stats => 1701042796964,14343,4442,2136,4169000,100
11-27 00:53:16.988  1011  1189 I ASH     : @ 389649.159: tcs3701: stop power rail pending_off timer
11-27 00:53:16.988  1011  1189 D ASH     : @ 389649.159: tcs3701: start power rail timer, state:3
11-27 00:53:17.028  1011  1189 I ASH     : @ 389649.199: tcs3701: stop power rail pending_off timer
11-27 00:53:17.028  1011  1189 D ASH     : @ 389649.199: tcs3701: start power rail timer, state:3
11-27 00:53:17.058  8427  8469 I BatteryMgr:DataCollectionService: stats => 1701042797058,14343,4442,2136,4169000,100
11-27 00:53:17.068  1011  1189 I ASH     : @ 389649.239: tcs3701: stop power rail pending_off timer
11-27 00:53:17.068  1011  1189 D ASH     : @ 389649.239: tcs3701: start power rail timer, state:3
11-27 00:53:17.070  8427  8469 I BatteryMgr:DataCollectionService: stats => 1701042797070,14343,4442,2136,4169000,100
11-27 00:53:17.108  1011  1189 I ASH     : @ 389649.279: tcs3701: stop power rail pending_off timer
11-27 00:53:17.108  1011  1189 D ASH     : @ 389649.279: tcs3701: start power rail timer, state:3
11-27 00:53:17.148  1011  1189 I ASH     : @ 389649.319: tcs3701: stop power rail pending_off timer
11-27 00:53:17.148  1011  1189 D ASH     : @ 389649.319: tcs3701: start power rail timer, state:3
11-27 00:53:17.164  8427  8469 I BatteryMgr:DataCollectionService: stats => 1701042797163,14343,4442,2136,4169000,100
11-27 00:53:17.175  8427  8469 I BatteryMgr:DataCollectionService: stats => 1701042797175,14343,4442,2136,4169000,100
11-27 00:53:17.188  1011  1189 I ASH     : @ 389649.359: tcs3701: stop power rail pending_off timer
11-27 00:53:17.189  1011  1189 D ASH     : @ 389649.359: tcs3701: start power rail timer, state:3
11-27 00:53:17.228  1011  1189 I ASH     : @ 389649.399: tcs3701: stop power rail pending_off timer
11-27 00:53:17.228  1011  1189 D ASH     : @ 389649.399: tcs3701: start power rail timer, state:3
11-27 00:53:17.268  1011  1189 I ASH     : @ 389649.439: tcs3701: stop power rail pending_off timer
11-27 00:53:17.268  1011  1189 D ASH     : @ 389649.439: tcs3701: start power rail timer, state:3
11-27 00:53:17.270  8427  8469 I BatteryMgr:DataCollectionService: stats => 1701042797270,14343,4442,2136,4169000,100
11-27 00:53:17.283  8427  8469 I BatteryMgr:DataCollectionService: stats => 1701042797283,14343,4442,2136,4169000,100
11-27 00:53:17.310  1011  1189 I ASH     : @ 389649.479: tcs3701: stop power rail pending_off timer
11-27 00:53:17.310  1011  1189 D ASH     : @ 389649.479: tcs3701: start power rail timer, state:3
11-27 00:53:17.348  1011  1189 I ASH     : @ 389649.519: tcs3701: stop power rail pending_off timer
11-27 00:53:17.348  1011  1189 D ASH     : @ 389649.519: tcs3701: start power rail timer, state:3
11-27 00:53:17.375  8427  8469 I BatteryMgr:DataCollectionService: stats => 1701042797374,14343,4442,2136,4169000,100
11-27 00:53:17.375  1795  2735 D ActivityManager: freezer override set to true
11-27 00:53:17.381  1795  2735 D ActivityManager: freezer override set to false
11-27 00:53:17.388  8427  8469 I BatteryMgr:DataCollectionService: stats => 1701042797388,14343,4442,2136,4169000,100
11-27 00:53:17.388  1011  1189 I ASH     : @ 389649.559: tcs3701: stop power rail pending_off timer
11-27 00:53:17.388  1011  1189 D ASH     : @ 389649.559: tcs3701: start power rail timer, state:3
11-27 00:53:17.428  1011  1189 I ASH     : @ 389649.599: tcs3701: stop power rail pending_off timer
11-27 00:53:17.428  1011  1189 D ASH     : @ 389649.599: tcs3701: start power rail timer, state:3
11-27 00:53:17.469  1011  1189 I ASH     : @ 389649.639: tcs3701: stop power rail pending_off timer
11-27 00:53:17.469  1011  1189 D ASH     : @ 389649.639: tcs3701: start power rail timer, state:3
11-27 00:53:17.481  8427  8469 I BatteryMgr:DataCollectionService: stats => 1701042797481,14343,4442,2136,4169000,100
11-27 00:53:17.495  8427  8469 I BatteryMgr:DataCollectionService: stats => 1701042797495,14343,4442,2136,4169000,100
11-27 00:53:17.508  1011  1189 I ASH     : @ 389649.679: tcs3701: stop power rail pending_off timer
11-27 00:53:17.508  1011  1189 D ASH     : @ 389649.679: tcs3701: start power rail timer, state:3
11-27 00:53:17.548  1011  1189 I ASH     : @ 389649.719: tcs3701: stop power rail pending_off timer
11-27 00:53:17.548  1011  1189 D ASH     : @ 389649.719: tcs3701: start power rail timer, state:3
11-27 00:53:17.587  8427  8469 I BatteryMgr:DataCollectionService: stats => 1701042797587,14343,4442,2136,4169000,100
11-27 00:53:17.589  1011  1189 I ASH     : @ 389649.759: tcs3701: stop power rail pending_off timer
11-27 00:53:17.589  1011  1189 D ASH     : @ 389649.759: tcs3701: start power rail timer, state:3
11-27 00:53:17.600  8427  8469 I BatteryMgr:DataCollectionService: stats => 1701042797600,14343,4442,2136,4169000,100
11-27 00:53:17.628  1011  1189 I ASH     : @ 389649.799: tcs3701: stop power rail pending_off timer
11-27 00:53:17.628  1011  1189 D ASH     : @ 389649.799: tcs3701: start power rail timer, state:3
11-27 00:53:17.668  1011  1189 I ASH     : @ 389649.839: tcs3701: stop power rail pending_off timer
11-27 00:53:17.668  1011  1189 D ASH     : @ 389649.839: tcs3701: start power rail timer, state:3
11-27 00:53:17.695  8427  8469 I BatteryMgr:DataCollectionService: stats => 1701042797695,14343,4442,2136,4169000,100
11-27 00:53:17.706  8427  8469 I BatteryMgr:DataCollectionService: stats => 1701042797706,14343,4442,2136,4169000,100
11-27 00:53:17.709  1011  1189 I ASH     : @ 389649.879: tcs3701: stop power rail pending_off timer
11-27 00:53:17.709  1011  1189 D ASH     : @ 389649.879: tcs3701: start power rail timer, state:3
11-27 00:53:17.748  1011  1189 I ASH     : @ 389649.919: tcs3701: stop power rail pending_off timer
11-27 00:53:17.748  1011  1189 D ASH     : @ 389649.919: tcs3701: start power rail timer, state:3
11-27 00:53:17.788  1011  1189 I ASH     : @ 389649.959: tcs3701: stop power rail pending_off timer
11-27 00:53:17.788  1011  1189 D ASH     : @ 389649.959: tcs3701: start power rail timer, state:3
11-27 00:53:17.801  8427  8469 I BatteryMgr:DataCollectionService: stats => 1701042797801,14343,4442,2136,4169000,100
11-27 00:53:17.814  8427  8469 I BatteryMgr:DataCollectionService: stats => 1701042797814,14343,4442,2136,4169000,100
11-27 00:53:17.829  1011  1189 I ASH     : @ 389649.999: tcs3701: stop power rail pending_off timer
11-27 00:53:17.829  1011  1189 D ASH     : @ 389649.999: tcs3701: start power rail timer, state:3
11-27 00:53:17.868  1011  1189 I ASH     : @ 389650.039: tcs3701: stop power rail pending_off timer
11-27 00:53:17.868  1011  1189 D ASH     : @ 389650.039: tcs3701: start power rail timer, state:3
11-27 00:53:17.890  2113  2118 I pixel-thermal: skin-therm-monitor: 37.25
11-27 00:53:17.908  1011  1189 I ASH     : @ 389650.079: tcs3701: stop power rail pending_off timer
11-27 00:53:17.908  1011  1189 D ASH     : @ 389650.079: tcs3701: start power rail timer, state:3
11-27 00:53:17.908  8427  8469 I BatteryMgr:DataCollectionService: stats => 1701042797908,14343,4442,2136,4169000,100
11-27 00:53:17.919  8427  8469 I BatteryMgr:DataCollectionService: stats => 1701042797919,14343,4442,2136,4169000,100
11-27 00:53:17.948  1011  1189 I ASH     : @ 389650.119: tcs3701: stop power rail pending_off timer
11-27 00:53:17.948  1011  1189 D ASH     : @ 389650.119: tcs3701: start power rail timer, state:3
11-27 00:53:17.988  1011  1189 I ASH     : @ 389650.159: tcs3701: stop power rail pending_off timer
11-27 00:53:17.988  1011  1189 D ASH     : @ 389650.159: tcs3701: start power rail timer, state:3
11-27 00:53:18.004  1795  2735 D ActivityManager: freezer override set to true
11-27 00:53:18.013  8427  8469 I BatteryMgr:DataCollectionService: stats => 1701042798013,14343,4442,2136,4169000,100
11-27 00:53:18.025  8427  8469 I BatteryMgr:DataCollectionService: stats => 1701042798025,14343,4442,2136,4169000,100
11-27 00:53:18.028  1011  1189 I ASH     : @ 389650.199: tcs3701: stop power rail pending_off timer
11-27 00:53:18.028  1011  1189 D ASH     : @ 389650.199: tcs3701: start power rail timer, state:3
11-27 00:53:18.068  1011  1189 I ASH     : @ 389650.239: tcs3701: stop power rail pending_off timer
11-27 00:53:18.068  1011  1189 D ASH     : @ 389650.239: tcs3701: start power rail timer, state:3
11-27 00:53:18.108  1011  1189 I ASH     : @ 389650.279: tcs3701: stop power rail pending_off timer
11-27 00:53:18.108  1011  1189 D ASH     : @ 389650.279: tcs3701: start power rail timer, state:3
11-27 00:53:18.118  8427  8469 I BatteryMgr:DataCollectionService: stats => 1701042798118,14343,4442,2136,4169000,100
11-27 00:53:18.130  8427  8469 I BatteryMgr:DataCollectionService: stats => 1701042798130,14343,4442,2136,4169000,100
11-27 00:53:18.144 18474 18526 I m.chrome.canary: Explicit concurrent copying GC freed 3842(192KB) AllocSpace objects, 4(80KB) LOS objects, 75% free, 14MB/58MB, paused 89us,20us total 53.237ms
11-27 00:53:18.148  1011  1189 I ASH     : @ 389650.319: tcs3701: stop power rail pending_off timer
11-27 00:53:18.148  1011  1189 D ASH     : @ 389650.319: tcs3701: start power rail timer, state:3
11-27 00:53:18.188  1011  1189 I ASH     : @ 389650.359: tcs3701: stop power rail pending_off timer
11-27 00:53:18.189  1011  1189 D ASH     : @ 389650.359: tcs3701: start power rail timer, state:3
11-27 00:53:18.205  1795  2735 D ActivityManager: freezer override set to false
11-27 00:53:18.222  8427  8469 I BatteryMgr:DataCollectionService: stats => 1701042798222,14343,4442,2136,4169000,100
11-27 00:53:18.229  1011  1189 I ASH     : @ 389650.399: tcs3701: stop power rail pending_off timer
11-27 00:53:18.229  1011  1189 D ASH     : @ 389650.399: tcs3701: start power rail timer, state:3
11-27 00:53:18.236  8427  8469 I BatteryMgr:DataCollectionService: stats => 1701042798236,14343,4442,2136,4169000,100
11-27 00:53:18.246  1795  2735 D ActivityManager: freezer override set to true
11-27 00:53:18.249  1795  2735 D ActivityManager: freezer override set to false
11-27 00:53:18.268  1011  1189 I ASH     : @ 389650.439: tcs3701: stop power rail pending_off timer
11-27 00:53:18.268  1011  1189 D ASH     : @ 389650.439: tcs3701: start power rail timer, state:3
11-27 00:53:18.295  1795  2735 D ActivityManager: freezer override set to true
11-27 00:53:18.297  1795  2735 D ActivityManager: freezer override set to false
11-27 00:53:18.308  1011  1189 I ASH     : @ 389650.479: tcs3701: stop power rail pending_off timer
11-27 00:53:18.308  1011  1189 D ASH     : @ 389650.479: tcs3701: start power rail timer, state:3
11-27 00:53:18.330  8427  8469 I BatteryMgr:DataCollectionService: stats => 1701042798330,14343,4442,2136,4169000,100
11-27 00:53:18.341  8427  8469 I BatteryMgr:DataCollectionService: stats => 1701042798341,14343,4442,2136,4169000,100
11-27 00:53:18.348  1011  1189 I ASH     : @ 389650.519: tcs3701: stop power rail pending_off timer
11-27 00:53:18.348  1011  1189 D ASH     : @ 389650.519: tcs3701: start power rail timer, state:3
11-27 00:53:18.362  1795  2735 D ActivityManager: freezer override set to true
11-27 00:53:18.367  1795  2735 D ActivityManager: freezer override set to false
11-27 00:53:18.389  1011  1189 I ASH     : @ 389650.559: tcs3701: stop power rail pending_off timer
11-27 00:53:18.389  1011  1189 D ASH     : @ 389650.559: tcs3701: start power rail timer, state:3
11-27 00:53:18.428  1011  1189 I ASH     : @ 389650.599: tcs3701: stop power rail pending_off timer
11-27 00:53:18.428  1011  1189 D ASH     : @ 389650.599: tcs3701: start power rail timer, state:3
11-27 00:53:18.438  8427  8469 I BatteryMgr:DataCollectionService: stats => 1701042798438,14343,4442,2136,4169000,100
11-27 00:53:18.446  8427  8469 I BatteryMgr:DataCollectionService: stats => 1701042798446,14343,4442,2136,4169000,100
11-27 00:53:18.469  1011  1189 I ASH     : @ 389650.639: tcs3701: stop power rail pending_off timer
11-27 00:53:18.469  1011  1189 D ASH     : @ 389650.639: tcs3701: start power rail timer, state:3
11-27 00:53:18.482  1795  2424 D WifiNetworkSelector: Current connected network: 12
11-27 00:53:18.483  1795  2424 V WifiConnectivityManager: No partial scan because firmware roaming is supported.
11-27 00:53:18.483  1795  2424 V WifiConnectivityManager: schedulePeriodicScanTimer intervalMs 20000
11-27 00:53:18.508  1011  1189 I ASH     : @ 389650.679: tcs3701: stop power rail pending_off timer
11-27 00:53:18.508  1011  1189 D ASH     : @ 389650.679: tcs3701: start power rail timer, state:3
11-27 00:53:18.545  8427  8469 I BatteryMgr:DataCollectionService: stats => 1701042798545,14343,4442,2136,4169000,100
11-27 00:53:18.549  1011  1189 I ASH     : @ 389650.719: tcs3701: stop power rail pending_off timer
11-27 00:53:18.549  1011  1189 D ASH     : @ 389650.719: tcs3701: start power rail timer, state:3
11-27 00:53:18.551  8427  8469 I BatteryMgr:DataCollectionService: stats => 1701042798551,14343,4442,2136,4169000,100
11-27 00:53:18.588  1011  1189 I ASH     : @ 389650.759: tcs3701: stop power rail pending_off timer
11-27 00:53:18.589  1011  1189 D ASH     : @ 389650.759: tcs3701: start power rail timer, state:3
11-27 00:53:18.629  1011  1189 I ASH     : @ 389650.799: tcs3701: stop power rail pending_off timer
11-27 00:53:18.629  1011  1189 D ASH     : @ 389650.799: tcs3701: start power rail timer, state:3
11-27 00:53:18.653  8427  8469 I BatteryMgr:DataCollectionService: stats => 1701042798653,14343,4442,2136,4169000,100
11-27 00:53:18.656  8427  8466 I BatteryMgr:DataCollectionService: stats => 1701042798656,14343,4442,2136,4169000,100
11-27 00:53:18.669  1011  1189 I ASH     : @ 389650.839: tcs3701: stop power rail pending_off timer
11-27 00:53:18.669  1011  1189 D ASH     : @ 389650.839: tcs3701: start power rail timer, state:3
11-27 00:53:18.709  1011  1189 I ASH     : @ 389650.879: tcs3701: stop power rail pending_off timer
11-27 00:53:18.709  1011  1189 D ASH     : @ 389650.879: tcs3701: start power rail timer, state:3
11-27 00:53:18.748  1011  1189 I ASH     : @ 389650.919: tcs3701: stop power rail pending_off timer
11-27 00:53:18.748  1011  1189 D ASH     : @ 389650.919: tcs3701: start power rail timer, state:3
11-27 00:53:18.758  8427  8466 I BatteryMgr:DataCollectionService: stats => 1701042798758,14343,4442,2136,4169000,100
11-27 00:53:18.760  8427  8469 I BatteryMgr:DataCollectionService: stats => 1701042798760,14343,4442,2136,4169000,100
11-27 00:53:18.788  1011  1189 I ASH     : @ 389650.959: tcs3701: stop power rail pending_off timer
11-27 00:53:18.788  1011  1189 D ASH     : @ 389650.959: tcs3701: start power rail timer, state:3
11-27 00:53:18.828  1011  1189 I ASH     : @ 389650.999: tcs3701: stop power rail pending_off timer
11-27 00:53:18.828  1011  1189 D ASH     : @ 389650.999: tcs3701: start power rail timer, state:3
11-27 00:53:18.866  8427  8469 I BatteryMgr:DataCollectionService: stats => 1701042798866,14343,4442,2136,4169000,100
11-27 00:53:18.866  8427  8466 I BatteryMgr:DataCollectionService: stats => 1701042798866,14343,4442,2136,4169000,100
11-27 00:53:18.868  1011  1189 I ASH     : @ 389651.039: tcs3701: stop power rail pending_off timer
11-27 00:53:18.868  1011  1189 D ASH     : @ 389651.039: tcs3701: start power rail timer, state:3
11-27 00:53:18.908  1011  1189 I ASH     : @ 389651.079: tcs3701: stop power rail pending_off timer
11-27 00:53:18.908  1011  1189 D ASH     : @ 389651.079: tcs3701: start power rail timer, state:3
11-27 00:53:18.949  1011  1189 I ASH     : @ 389651.119: tcs3701: stop power rail pending_off timer
11-27 00:53:18.949  1011  1189 D ASH     : @ 389651.119: tcs3701: start power rail timer, state:3
11-27 00:53:18.973  8427  8466 I BatteryMgr:DataCollectionService: stats => 1701042798973,14343,4442,2136,4169000,100
11-27 00:53:18.974  8427  8469 I BatteryMgr:DataCollectionService: stats => 1701042798974,14343,4442,2136,4169000,100
11-27 00:53:18.988  1011  1189 I ASH     : @ 389651.159: tcs3701: stop power rail pending_off timer
11-27 00:53:18.988  1011  1189 D ASH     : @ 389651.159: tcs3701: start power rail timer, state:3
11-27 00:53:19.028  1011  1189 I ASH     : @ 389651.199: tcs3701: stop power rail pending_off timer
11-27 00:53:19.028  1011  1189 D ASH     : @ 389651.199: tcs3701: start power rail timer, state:3
11-27 00:53:19.068  1011  1189 I ASH     : @ 389651.239: tcs3701: stop power rail pending_off timer
11-27 00:53:19.068  1011  1189 D ASH     : @ 389651.239: tcs3701: start power rail timer, state:3
11-27 00:53:19.082  8427  8469 I BatteryMgr:DataCollectionService: stats => 1701042799082,14343,4442,2136,4169000,100
11-27 00:53:19.082  8427  8466 I BatteryMgr:DataCollectionService: stats => 1701042799082,14343,4442,2136,4169000,100
11-27 00:53:19.109  1011  1189 I ASH     : @ 389651.279: tcs3701: stop power rail pending_off timer
11-27 00:53:19.109  1011  1189 D ASH     : @ 389651.279: tcs3701: start power rail timer, state:3
11-27 00:53:19.148  1011  1189 I ASH     : @ 389651.319: tcs3701: stop power rail pending_off timer
11-27 00:53:19.148  1011  1189 D ASH     : @ 389651.319: tcs3701: start power rail timer, state:3
11-27 00:53:19.188  1011  1189 I ASH     : @ 389651.359: tcs3701: stop power rail pending_off timer
11-27 00:53:19.188  1011  1189 D ASH     : @ 389651.359: tcs3701: start power rail timer, state:3
11-27 00:53:19.189  8427  8469 I BatteryMgr:DataCollectionService: stats => 1701042799189,14343,4442,2136,4169000,100
11-27 00:53:19.190  8427  8466 I BatteryMgr:DataCollectionService: stats => 1701042799190,14343,4442,2136,4169000,100
11-27 00:53:19.228  1011  1189 I ASH     : @ 389651.399: tcs3701: stop power rail pending_off timer
11-27 00:53:19.228  1011  1189 D ASH     : @ 389651.399: tcs3701: start power rail timer, state:3
11-27 00:53:19.268  1011  1189 I ASH     : @ 389651.439: tcs3701: stop power rail pending_off timer
11-27 00:53:19.268  1011  1189 D ASH     : @ 389651.439: tcs3701: start power rail timer, state:3
11-27 00:53:19.298  8427  8466 I BatteryMgr:DataCollectionService: stats => 1701042799298,14343,4442,2136,4169000,100
11-27 00:53:19.298  8427  8469 I BatteryMgr:DataCollectionService: stats => 1701042799298,14343,4442,2136,4169000,100
11-27 00:53:19.308  1011  1189 I ASH     : @ 389651.479: tcs3701: stop power rail pending_off timer
11-27 00:53:19.308  1011  1189 D ASH     : @ 389651.479: tcs3701: start power rail timer, state:3
11-27 00:53:19.348  1011  1189 I ASH     : @ 389651.519: tcs3701: stop power rail pending_off timer
11-27 00:53:19.348  1011  1189 D ASH     : @ 389651.519: tcs3701: start power rail timer, state:3
11-27 00:53:19.370  1795  2735 D ActivityManager: freezer override set to true
11-27 00:53:19.375  1795  2735 D ActivityManager: freezer override set to false
11-27 00:53:19.388  1011  1189 I ASH     : @ 389651.559: tcs3701: stop power rail pending_off timer
11-27 00:53:19.388  1011  1189 D ASH     : @ 389651.559: tcs3701: start power rail timer, state:3
11-27 00:53:19.405  8427  8467 I BatteryMgr:DataCollectionService: stats => 1701042799405,14343,4442,2136,4169000,100
11-27 00:53:19.407  8427  8466 I BatteryMgr:DataCollectionService: stats => 1701042799407,14343,4442,2136,4169000,100
11-27 00:53:19.428  1011  1189 I ASH     : @ 389651.599: tcs3701: stop power rail pending_off timer
11-27 00:53:19.428  1011  1189 D ASH     : @ 389651.599: tcs3701: start power rail timer, state:3
11-27 00:53:19.431  1795  1853 D ActivityManager: freezer override set to true
11-27 00:53:19.468  1011  1189 I ASH     : @ 389651.639: tcs3701: stop power rail pending_off timer
11-27 00:53:19.468  1011  1189 D ASH     : @ 389651.639: tcs3701: start power rail timer, state:3
11-27 00:53:19.508  1011  1189 I ASH     : @ 389651.679: tcs3701: stop power rail pending_off timer
11-27 00:53:19.508  1011  1189 D ASH     : @ 389651.679: tcs3701: start power rail timer, state:3
11-27 00:53:19.512  8427  8467 I BatteryMgr:DataCollectionService: stats => 1701042799512,14343,4442,2136,4169000,100
11-27 00:53:19.513  8427  8466 I BatteryMgr:DataCollectionService: stats => 1701042799513,14343,4442,2136,4169000,100
11-27 00:53:19.548  1011  1189 I ASH     : @ 389651.719: tcs3701: stop power rail pending_off timer
11-27 00:53:19.548  1011  1189 D ASH     : @ 389651.719: tcs3701: start power rail timer, state:3
11-27 00:53:19.575 18474 18526 I m.chrome.canary: Explicit concurrent copying GC freed 4052(207KB) AllocSpace objects, 5(100KB) LOS objects, 75% free, 14MB/58MB, paused 28us,21us total 51.530ms
11-27 00:53:19.588  1011  1189 I ASH     : @ 389651.759: tcs3701: stop power rail pending_off timer
11-27 00:53:19.588  1011  1189 D ASH     : @ 389651.759: tcs3701: start power rail timer, state:3
11-27 00:53:19.620  8427  8467 I BatteryMgr:DataCollectionService: stats => 1701042799620,14343,4442,2136,4169000,100
11-27 00:53:19.621  8427  8466 I BatteryMgr:DataCollectionService: stats => 1701042799620,14343,4442,2136,4169000,100
11-27 00:53:19.628  1011  1189 I ASH     : @ 389651.799: tcs3701: stop power rail pending_off timer
11-27 00:53:19.628  1011  1189 D ASH     : @ 389651.799: tcs3701: start power rail timer, state:3
11-27 00:53:19.637  1795  1853 D ActivityManager: freezer override set to false
11-27 00:53:19.668  1011  1189 I ASH     : @ 389651.839: tcs3701: stop power rail pending_off timer
11-27 00:53:19.668  1011  1189 D ASH     : @ 389651.839: tcs3701: start power rail timer, state:3
11-27 00:53:19.681  1795  2424 D WifiClientModeImpl[13802:wlan0]: updateLinkLayerStatsRssiSpeedFrequencyCapabilities rssi=-46 TxLinkspeed=866 freq=5240 RxLinkSpeed=866
11-27 00:53:19.682  1795  2424 D WifiDataStall: tx tput in kbps: 729503
11-27 00:53:19.682  1795  2424 D WifiDataStall: rx tput in kbps: 767898
11-27 00:53:19.682  1795  2424 V WifiConfigManager: Updating scan detail cache freq=5240 BSSID=f4:6d:2f:12:cc:88 RSSI=-45 for "ourhome"WPA_PSK
11-27 00:53:19.682  1795  2424 D WifiChannelUtilization:  freq: 5240 onTime: 11218652 busyTime: 1040613 onTimeDiff: 1570796 busyTimeDiff: 184127 utilization: 29 utilization t0: 23
11-27 00:53:19.682  1795  2424 D WifiDataStall:  ccaLevel = 29
11-27 00:53:19.682  1795  2424 D WifiDataStall: L2 txTputKbps: 729503, rxTputKbps: 767898, L3 txTputKbps: 0, rxTputKbps: 0, TxTrafficHigh: false, RxTrafficHigh: false, Throughput Sufficient: true
11-27 00:53:19.682  2673  2691 V WifiManager: OnWifiUsabilityStatsListener: onWifiUsabilityStats: seqNum=100687
11-27 00:53:19.682  1795  2424 D WifiScoreReport: Wifi scoring disabled - Don't check IP layer
