11-24 16:30:39.498 20388 20403 W libc    : Access denied finding property "ro.chipname"
11-24 16:30:39.498 20388 20403 W libc    : Access denied finding property "ro.hardware.chipname"
11-24 16:30:39.530  1011  1189 I ASH     : @ 186691.719: tcs3701: stop power rail pending_off timer
11-24 16:30:39.530  1011  1189 D ASH     : @ 186691.719: tcs3701: start power rail timer, state:3
11-24 16:30:39.532 10476 10512 I BatteryMgr:DataCollectionService: stats => 1700839839532,10986,4444,-2746,4169000,100
11-24 16:30:39.561 20153 20215 W chromium: [WARNING:ev_root_ca_metadata.cc(119)] Not implemented
11-24 16:30:39.561 20153 20215 W chromium: [WARNING:ev_root_ca_metadata.cc(119)] Not implemented
11-24 16:30:39.570  1011  1189 I ASH     : @ 186691.759: tcs3701: stop power rail pending_off timer
11-24 16:30:39.570  1011  1189 D ASH     : @ 186691.759: tcs3701: start power rail timer, state:3
11-24 16:30:39.611  1011  1189 I ASH     : @ 186691.799: tcs3701: stop power rail pending_off timer
11-24 16:30:39.611  1011  1189 D ASH     : @ 186691.799: tcs3701: start power rail timer, state:3
11-24 16:30:39.637 10476 10512 I BatteryMgr:DataCollectionService: stats => 1700839839637,10986,4444,-2746,4169000,100
11-24 16:30:39.650  1011  1189 I ASH     : @ 186691.839: tcs3701: stop power rail pending_off timer
11-24 16:30:39.650  1011  1189 D ASH     : @ 186691.839: tcs3701: start power rail timer, state:3
11-24 16:30:39.688 10642 16735 I native  : I0000 00:00:1700839839.688056   16735 device_profile_database_helpers.cc:563] Found nothing for mTS_ld
11-24 16:30:39.688 10642 16735 I native  : I0000 00:00:1700839839.688331   16735 device_profile_database_helpers.cc:563] Found nothing for redfin/redfin
11-24 16:30:39.688 10642 16735 I native  : I0000 00:00:1700839839.688391   16735 device_profile_database_helpers.cc:550] Considering b4SrL5:11
11-24 16:30:39.688 10642 16735 I native  : I0000 00:00:1700839839.688443   16735 device_profile_database_helpers.cc:509] Device profile for google/redfin/redfin:13/TQ3A.230901.001/10750268:user/release-keys: b4SrL5:11
11-24 16:30:39.690  1011  1189 I ASH     : @ 186691.879: tcs3701: stop power rail pending_off timer
11-24 16:30:39.690  1011  1189 D ASH     : @ 186691.879: tcs3701: start power rail timer, state:3
11-24 16:30:39.698  1011  1189 I VSC     : @ 186691.887: {Fusion} configure fusion 15 16666us 0us.
11-24 16:30:39.698  1011  1189 D VSC     : @ 186691.887: [Game Rotation Vector Sensor] Request accel, interval 16.6 ms, latency 0.0 ms
11-24 16:30:39.698  1011  1189 D VSC     : @ 186691.887: [Game Rotation Vector Sensor] Request gyro, interval 5.0 ms, latency 0.0 ms
11-24 16:30:39.713  1011  1189 D ASH     : @ 186691.901: SensorType 1 resampler quality 3
11-24 16:30:39.717  1011  1189 D ASH     : @ 186691.906: SensorType 1 resampler quality 2
11-24 16:30:39.730  1011  1189 I ASH     : @ 186691.919: tcs3701: stop power rail pending_off timer
11-24 16:30:39.730  1011  1189 D ASH     : @ 186691.919: tcs3701: start power rail timer, state:3
11-24 16:30:39.731  1011  1189 D ASH     : @ 186691.919: SensorType 195 resampler quality 1
11-24 16:30:39.741 10476 10512 I BatteryMgr:DataCollectionService: stats => 1700839839740,10986,4444,-2746,4169000,100
11-24 16:30:39.770  1011  1189 I ASH     : @ 186691.959: tcs3701: stop power rail pending_off timer
11-24 16:30:39.770  1011  1189 D ASH     : @ 186691.959: tcs3701: start power rail timer, state:3
11-24 16:30:39.810  1011  1189 I ASH     : @ 186691.999: tcs3701: stop power rail pending_off timer
11-24 16:30:39.810  1011  1189 D ASH     : @ 186691.999: tcs3701: start power rail timer, state:3
11-24 16:30:39.845 10476 10512 I BatteryMgr:DataCollectionService: stats => 1700839839845,10986,4444,-2746,4169000,100
11-24 16:30:39.850  1011  1189 I ASH     : @ 186692.039: tcs3701: stop power rail pending_off timer
11-24 16:30:39.850  1011  1189 D ASH     : @ 186692.039: tcs3701: start power rail timer, state:3
11-24 16:30:39.890  1011  1189 I ASH     : @ 186692.079: tcs3701: stop power rail pending_off timer
11-24 16:30:39.890  1011  1189 D ASH     : @ 186692.079: tcs3701: start power rail timer, state:3
11-24 16:30:39.930  1011  1189 I ASH     : @ 186692.119: tcs3701: stop power rail pending_off timer
11-24 16:30:39.930  1011  1189 D ASH     : @ 186692.119: tcs3701: start power rail timer, state:3
11-24 16:30:39.950 10476 10512 I BatteryMgr:DataCollectionService: stats => 1700839839950,10986,4444,-2746,4169000,100
11-24 16:30:39.970  1011  1189 I ASH     : @ 186692.159: tcs3701: stop power rail pending_off timer
11-24 16:30:39.970  1011  1189 D ASH     : @ 186692.159: tcs3701: start power rail timer, state:3
11-24 16:30:40.010  1011  1189 I ASH     : @ 186692.199: tcs3701: stop power rail pending_off timer
11-24 16:30:40.010  1011  1189 D ASH     : @ 186692.199: tcs3701: start power rail timer, state:3
11-24 16:30:40.050  1011  1189 I ASH     : @ 186692.239: tcs3701: stop power rail pending_off timer
11-24 16:30:40.050  1011  1189 D ASH     : @ 186692.239: tcs3701: start power rail timer, state:3
11-24 16:30:40.056 10476 10512 I BatteryMgr:DataCollectionService: stats => 1700839840056,10986,4444,-2746,4169000,100
11-24 16:30:40.090  1011  1189 I ASH     : @ 186692.279: tcs3701: stop power rail pending_off timer
11-24 16:30:40.090  1011  1189 D ASH     : @ 186692.279: tcs3701: start power rail timer, state:3
11-24 16:30:40.099 13730 13730 E AbstractGmsTracer: Traced class shouldn't be obfuscated: GmsBoundBrokerChimeraService [CONTEXT service_id=259 ]
11-24 16:30:40.100 13730 13730 D BoundBrokerSvc: onBind: Intent { act=com.google.android.gms.common.BIND_SHARED_PREFS pkg=com.google.android.gms }
11-24 16:30:40.100 13730 13730 D BoundBrokerSvc: Loading bound service for intent: Intent { act=com.google.android.gms.common.BIND_SHARED_PREFS pkg=com.google.android.gms }
11-24 16:30:40.101 13730 13730 E AbstractGmsTracer: Traced class shouldn't be obfuscated: SharedPreferencesBoundService [CONTEXT service_id=259 ]
11-24 16:30:40.103  1795  3658 D ActivityManager: freezer override set to true
11-24 16:30:40.104 13730 13730 D BoundBrokerSvc: onUnbind: Intent { act=com.google.android.gms.common.BIND_SHARED_PREFS pkg=com.google.android.gms }
11-24 16:30:40.131  1011  1189 I ASH     : @ 186692.319: tcs3701: stop power rail pending_off timer
11-24 16:30:40.131  1011  1189 D ASH     : @ 186692.319: tcs3701: start power rail timer, state:3
11-24 16:30:40.161 10476 10512 I BatteryMgr:DataCollectionService: stats => 1700839840161,10986,4444,-2746,4169000,100
11-24 16:30:40.170  1011  1189 I ASH     : @ 186692.359: tcs3701: stop power rail pending_off timer
11-24 16:30:40.170  1011  1189 D ASH     : @ 186692.359: tcs3701: start power rail timer, state:3
11-24 16:30:40.210  1011  1189 I ASH     : @ 186692.399: tcs3701: stop power rail pending_off timer
11-24 16:30:40.210  1011  1189 D ASH     : @ 186692.399: tcs3701: start power rail timer, state:3
11-24 16:30:40.250  1011  1189 I ASH     : @ 186692.439: tcs3701: stop power rail pending_off timer
11-24 16:30:40.250  1011  1189 D ASH     : @ 186692.439: tcs3701: start power rail timer, state:3
11-24 16:30:40.253 20153 20304 W m.chrome.canary: Cleared Reference was only reachable from finalizer (only reported once)
11-24 16:30:40.257 20153 20304 I m.chrome.canary: Explicit concurrent copying GC freed 1041739(20MB) AllocSpace objects, 13(580KB) LOS objects, 75% free, 10MB/42MB, paused 78us,56us total 56.280ms
11-24 16:30:40.265 10476 10512 I BatteryMgr:DataCollectionService: stats => 1700839840265,10986,4444,-2746,4169000,100
11-24 16:30:40.290  1011  1189 I ASH     : @ 186692.479: tcs3701: stop power rail pending_off timer
11-24 16:30:40.290  1011  1189 D ASH     : @ 186692.479: tcs3701: start power rail timer, state:3
11-24 16:30:40.324  1795  4144 D ActivityManager: freezer override set to false
11-24 16:30:40.330  1011  1189 I ASH     : @ 186692.519: tcs3701: stop power rail pending_off timer
11-24 16:30:40.330  1011  1189 D ASH     : @ 186692.519: tcs3701: start power rail timer, state:3
11-24 16:30:40.361  1795  4144 D ActivityManager: freezer override set to true
11-24 16:30:40.367  1795  4144 D ActivityManager: freezer override set to false
11-24 16:30:40.370  1011  1189 I ASH     : @ 186692.559: tcs3701: stop power rail pending_off timer
11-24 16:30:40.370  1011  1189 D ASH     : @ 186692.559: tcs3701: start power rail timer, state:3
11-24 16:30:40.370 10476 10512 I BatteryMgr:DataCollectionService: stats => 1700839840369,10986,4444,-2746,4169000,100
11-24 16:30:40.410  1011  1189 I ASH     : @ 186692.599: tcs3701: stop power rail pending_off timer
11-24 16:30:40.410  1011  1189 D ASH     : @ 186692.599: tcs3701: start power rail timer, state:3
11-24 16:30:40.450  1011  1189 I ASH     : @ 186692.639: tcs3701: stop power rail pending_off timer
11-24 16:30:40.450  1011  1189 D ASH     : @ 186692.639: tcs3701: start power rail timer, state:3
11-24 16:30:40.474 10476 10512 I BatteryMgr:DataCollectionService: stats => 1700839840474,10986,4444,-2746,4169000,100
11-24 16:30:40.490  1011  1189 I ASH     : @ 186692.679: tcs3701: stop power rail pending_off timer
11-24 16:30:40.490  1011  1189 D ASH     : @ 186692.679: tcs3701: start power rail timer, state:3
11-24 16:30:40.530  1011  1189 I ASH     : @ 186692.719: tcs3701: stop power rail pending_off timer
11-24 16:30:40.530  1011  1189 D ASH     : @ 186692.719: tcs3701: start power rail timer, state:3
11-24 16:30:40.570  1011  1189 I ASH     : @ 186692.759: tcs3701: stop power rail pending_off timer
11-24 16:30:40.570  1011  1189 D ASH     : @ 186692.759: tcs3701: start power rail timer, state:3
11-24 16:30:40.579 10476 10512 I BatteryMgr:DataCollectionService: stats => 1700839840579,10986,4444,-2746,4169000,100
11-24 16:30:40.610  1011  1189 I ASH     : @ 186692.799: tcs3701: stop power rail pending_off timer
11-24 16:30:40.610  1011  1189 D ASH     : @ 186692.799: tcs3701: start power rail timer, state:3
11-24 16:30:40.650  1011  1189 I ASH     : @ 186692.839: tcs3701: stop power rail pending_off timer
11-24 16:30:40.650  1011  1189 D ASH     : @ 186692.839: tcs3701: start power rail timer, state:3
11-24 16:30:40.684 10476 10512 I BatteryMgr:DataCollectionService: stats => 1700839840684,10986,4444,-2746,4169000,100
11-24 16:30:40.690  1011  1189 I ASH     : @ 186692.879: tcs3701: stop power rail pending_off timer
11-24 16:30:40.690  1011  1189 D ASH     : @ 186692.879: tcs3701: start power rail timer, state:3
11-24 16:30:40.730  1011  1189 I ASH     : @ 186692.919: tcs3701: stop power rail pending_off timer
11-24 16:30:40.730  1011  1189 D ASH     : @ 186692.919: tcs3701: start power rail timer, state:3
11-24 16:30:40.770  1011  1189 I ASH     : @ 186692.959: tcs3701: stop power rail pending_off timer
11-24 16:30:40.770  1011  1189 D ASH     : @ 186692.959: tcs3701: start power rail timer, state:3
11-24 16:30:40.791 10476 10512 I BatteryMgr:DataCollectionService: stats => 1700839840791,10986,4444,-2746,4169000,100
11-24 16:30:40.811  1011  1189 I ASH     : @ 186692.999: tcs3701: stop power rail pending_off timer
11-24 16:30:40.811  1011  1189 D ASH     : @ 186692.999: tcs3701: start power rail timer, state:3
11-24 16:30:40.850  1011  1189 I ASH     : @ 186693.039: tcs3701: stop power rail pending_off timer
11-24 16:30:40.850  1011  1189 D ASH     : @ 186693.039: tcs3701: start power rail timer, state:3
11-24 16:30:40.872 20229 20265 I AdrenoVK-0: QUALCOMM build          : 4783c89, I46ff5fc46f
11-24 16:30:40.872 20229 20265 I AdrenoVK-0: Build Date              : 11/30/20
11-24 16:30:40.872 20229 20265 I AdrenoVK-0: Shader Compiler Version : EV031.31.04.01
11-24 16:30:40.872 20229 20265 I AdrenoVK-0: Local Branch            : QPR2
11-24 16:30:40.872 20229 20265 I AdrenoVK-0: Remote Branch           : 
11-24 16:30:40.872 20229 20265 I AdrenoVK-0: Remote Branch           : 
11-24 16:30:40.872 20229 20265 I AdrenoVK-0: Reconstruct Branch      : 
11-24 16:30:40.872 20229 20265 I AdrenoVK-0: Build Config            : S P 10.0.4 AArch64
11-24 16:30:40.872 20229 20265 I AdrenoVK-0: Driver Path             : /vendor/lib64/hw/vulkan.adreno.so
11-24 16:30:40.890  1011  1189 I ASH     : @ 186693.079: tcs3701: stop power rail pending_off timer
11-24 16:30:40.890  1011  1189 D ASH     : @ 186693.079: tcs3701: start power rail timer, state:3
11-24 16:30:40.896 10476 10512 I BatteryMgr:DataCollectionService: stats => 1700839840896,10986,4444,-2746,4169000,100
11-24 16:30:40.930  1011  1189 I ASH     : @ 186693.119: tcs3701: stop power rail pending_off timer
11-24 16:30:40.930  1011  1189 D ASH     : @ 186693.119: tcs3701: start power rail timer, state:3
11-24 16:30:40.970  1011  1189 I ASH     : @ 186693.159: tcs3701: stop power rail pending_off timer
11-24 16:30:40.970  1011  1189 D ASH     : @ 186693.159: tcs3701: start power rail timer, state:3
11-24 16:30:41.005 10476 10512 I BatteryMgr:DataCollectionService: stats => 1700839841005,10986,4444,-2746,4169000,100
11-24 16:30:41.010  1011  1189 I ASH     : @ 186693.199: tcs3701: stop power rail pending_off timer
11-24 16:30:41.010  1011  1189 D ASH     : @ 186693.199: tcs3701: start power rail timer, state:3
11-24 16:30:41.050  1011  1189 I ASH     : @ 186693.239: tcs3701: stop power rail pending_off timer
11-24 16:30:41.051  1011  1189 D ASH     : @ 186693.239: tcs3701: start power rail timer, state:3
11-24 16:30:41.090  1011  1189 I ASH     : @ 186693.279: tcs3701: stop power rail pending_off timer
11-24 16:30:41.091  1011  1189 D ASH     : @ 186693.279: tcs3701: start power rail timer, state:3
11-24 16:30:41.117 10476 10512 I BatteryMgr:DataCollectionService: stats => 1700839841117,10986,4444,-2746,4169000,100
11-24 16:30:41.130  1011  1189 I ASH     : @ 186693.319: tcs3701: stop power rail pending_off timer
11-24 16:30:41.130  1011  1189 D ASH     : @ 186693.319: tcs3701: start power rail timer, state:3
11-24 16:30:41.170  1011  1189 I ASH     : @ 186693.359: tcs3701: stop power rail pending_off timer
11-24 16:30:41.170  1011  1189 D ASH     : @ 186693.359: tcs3701: start power rail timer, state:3
11-24 16:30:41.210  1011  1189 I ASH     : @ 186693.399: tcs3701: stop power rail pending_off timer
11-24 16:30:41.210  1011  1189 D ASH     : @ 186693.399: tcs3701: start power rail timer, state:3
11-24 16:30:41.221 10476 10512 I BatteryMgr:DataCollectionService: stats => 1700839841221,10986,4444,-2746,4169000,100
11-24 16:30:41.250  1011  1189 I ASH     : @ 186693.439: tcs3701: stop power rail pending_off timer
11-24 16:30:41.250  1011  1189 D ASH     : @ 186693.439: tcs3701: start power rail timer, state:3
11-24 16:30:41.290  1011  1189 I ASH     : @ 186693.479: tcs3701: stop power rail pending_off timer
11-24 16:30:41.291  1011  1189 D ASH     : @ 186693.479: tcs3701: start power rail timer, state:3
11-24 16:30:41.304  1795  4144 D ActivityManager: freezer override set to true
11-24 16:30:41.311  1795  4144 D ActivityManager: freezer override set to false
11-24 16:30:41.329 10476 10512 I BatteryMgr:DataCollectionService: stats => 1700839841328,10986,4444,-2746,4169000,100
11-24 16:30:41.330  1011  1189 I ASH     : @ 186693.519: tcs3701: stop power rail pending_off timer
11-24 16:30:41.330  1011  1189 D ASH     : @ 186693.519: tcs3701: start power rail timer, state:3
11-24 16:30:41.370  1011  1189 I ASH     : @ 186693.559: tcs3701: stop power rail pending_off timer
11-24 16:30:41.370  1011  1189 D ASH     : @ 186693.559: tcs3701: start power rail timer, state:3
11-24 16:30:41.410  1011  1189 I ASH     : @ 186693.599: tcs3701: stop power rail pending_off timer
11-24 16:30:41.410  1011  1189 D ASH     : @ 186693.599: tcs3701: start power rail timer, state:3
11-24 16:30:41.433 10476 10512 I BatteryMgr:DataCollectionService: stats => 1700839841433,10986,4444,-2746,4169000,100
11-24 16:30:41.450  1011  1189 I ASH     : @ 186693.639: tcs3701: stop power rail pending_off timer
11-24 16:30:41.450  1011  1189 D ASH     : @ 186693.639: tcs3701: start power rail timer, state:3
11-24 16:30:41.490  1011  1189 I ASH     : @ 186693.679: tcs3701: stop power rail pending_off timer
11-24 16:30:41.490  1011  1189 D ASH     : @ 186693.679: tcs3701: start power rail timer, state:3
11-24 16:30:41.517  1795  4144 D ActivityManager: freezer override set to true
11-24 16:30:41.530  1011  1189 I ASH     : @ 186693.719: tcs3701: stop power rail pending_off timer
11-24 16:30:41.530  1011  1189 D ASH     : @ 186693.719: tcs3701: start power rail timer, state:3
11-24 16:30:41.539 10476 10512 I BatteryMgr:DataCollectionService: stats => 1700839841539,10986,4444,-2746,4169000,100
11-24 16:30:41.570  1011  1189 I ASH     : @ 186693.759: tcs3701: stop power rail pending_off timer
11-24 16:30:41.570  1011  1189 D ASH     : @ 186693.759: tcs3701: start power rail timer, state:3
11-24 16:30:41.610  1011  1189 I ASH     : @ 186693.799: tcs3701: stop power rail pending_off timer
11-24 16:30:41.610  1011  1189 D ASH     : @ 186693.799: tcs3701: start power rail timer, state:3
11-24 16:30:41.644 10476 10512 I BatteryMgr:DataCollectionService: stats => 1700839841644,10986,4444,-2746,4169000,100
11-24 16:30:41.650  1011  1189 I ASH     : @ 186693.839: tcs3701: stop power rail pending_off timer
11-24 16:30:41.650  1011  1189 D ASH     : @ 186693.839: tcs3701: start power rail timer, state:3
11-24 16:30:41.690  1011  1189 I ASH     : @ 186693.879: tcs3701: stop power rail pending_off timer
11-24 16:30:41.690  1011  1189 D ASH     : @ 186693.879: tcs3701: start power rail timer, state:3
11-24 16:30:41.730  1011  1189 I ASH     : @ 186693.919: tcs3701: stop power rail pending_off timer
11-24 16:30:41.730  1011  1189 D ASH     : @ 186693.919: tcs3701: start power rail timer, state:3
11-24 16:30:41.755 10476 10512 I BatteryMgr:DataCollectionService: stats => 1700839841755,10986,4444,-2746,4169000,100
11-24 16:30:41.760 20153 20200 I m.chrome.canary: Explicit concurrent copying GC freed 1576125(29MB) AllocSpace objects, 12(548KB) LOS objects, 75% free, 13MB/52MB, paused 375us,91us total 126.832ms
11-24 16:30:41.760 20153 20164 I m.chrome.canary: WaitForGcToComplete blocked Background on Explicit for 84.517ms
11-24 16:30:41.770  1011  1189 I ASH     : @ 186693.959: tcs3701: stop power rail pending_off timer
11-24 16:30:41.770  1011  1189 D ASH     : @ 186693.959: tcs3701: start power rail timer, state:3
11-24 16:30:41.810  1011  1189 I ASH     : @ 186693.999: tcs3701: stop power rail pending_off timer
11-24 16:30:41.810  1011  1189 D ASH     : @ 186693.999: tcs3701: start power rail timer, state:3
11-24 16:30:41.850  1011  1189 I ASH     : @ 186694.039: tcs3701: stop power rail pending_off timer
11-24 16:30:41.850  1011  1189 D ASH     : @ 186694.039: tcs3701: start power rail timer, state:3
11-24 16:30:41.861 10476 10512 I BatteryMgr:DataCollectionService: stats => 1700839841861,10986,4444,-2746,4169000,100
11-24 16:30:41.890  1011  1189 I ASH     : @ 186694.079: tcs3701: stop power rail pending_off timer
11-24 16:30:41.890  1011  1189 D ASH     : @ 186694.079: tcs3701: start power rail timer, state:3
11-24 16:30:41.930  1011  1189 I ASH     : @ 186694.119: tcs3701: stop power rail pending_off timer
11-24 16:30:41.930  1011  1189 D ASH     : @ 186694.119: tcs3701: start power rail timer, state:3
11-24 16:30:41.967 10476 10512 I BatteryMgr:DataCollectionService: stats => 1700839841967,10986,4444,-2746,4169000,100
11-24 16:30:41.967  1795  4144 D ActivityManager: freezer override set to false
11-24 16:30:41.970  1011  1189 I ASH     : @ 186694.159: tcs3701: stop power rail pending_off timer
11-24 16:30:41.970  1011  1189 D ASH     : @ 186694.159: tcs3701: start power rail timer, state:3
11-24 16:30:42.012  1011  1189 I ASH     : @ 186694.199: tcs3701: stop power rail pending_off timer
11-24 16:30:42.012  1011  1189 D ASH     : @ 186694.199: tcs3701: start power rail timer, state:3
11-24 16:30:42.020  1795  2424 D WifiClientModeImpl[13802:wlan0]: updateLinkLayerStatsRssiSpeedFrequencyCapabilities rssi=-43 TxLinkspeed=780 freq=5240 RxLinkSpeed=866
11-24 16:30:42.023  2782  5906 D QCNEJ/WlanStaInfoRelay: Received action: android.net.wifi.RSSI_CHANGED
11-24 16:30:42.023  1795  2424 D WifiDataStall: tx tput in kbps: 706466
11-24 16:30:42.023  1795  2424 D WifiDataStall: rx tput in kbps: 767898
11-24 16:30:42.023  1795  2424 V WifiConfigManager: Updating scan detail cache freq=5240 BSSID=f4:6d:2f:12:cc:88 RSSI=-42 for "ourhome"WPA_PSK
11-24 16:30:42.024  1795  2424 D WifiChannelUtilization:  freq: 5240 onTime: 5650390 busyTime: 578954 onTimeDiff: 2275598 busyTimeDiff: 263255 utilization: 29 utilization t0: 26
11-24 16:30:42.024  1795  2424 D WifiDataStall:  ccaLevel = 29
11-24 16:30:42.024  1795  2424 D WifiDataStall: L2 txTputKbps: 636309, rxTputKbps: 767898, L3 txTputKbps: 43, rxTputKbps: 187, TxTrafficHigh: true, RxTrafficHigh: true, Throughput Sufficient: true
11-24 16:30:42.024  1795  2424 D WifiScoreReport: Wifi scoring disabled - Don't check IP layer
11-24 16:30:42.024  2673  3056 V WifiManager: OnWifiUsabilityStatsListener: onWifiUsabilityStats: seqNum=54843
11-24 16:30:42.024  1795  2424 D WifiScoreCard: BSSID update SIGNAL_POLL ID: 1320464697 SSID: "ourhome", BSSID: f4:6d:2f:12:cc:88, MAC: b2:2f:ec:da:4a:0c, IP: /192.168.1.104, Security type: 2, Supplicant state: COMPLETED, Wi-Fi standard: 5, RSSI: -43, Link speed: 780Mbps, Tx Link speed: 780Mbps, Max Supported Tx Link speed: 866Mbps, Rx Link speed: 866Mbps, Max Supported Rx Link speed: 866Mbps, Frequency: 5240MHz, Net ID: 12, Metered hint: false, score: 60, isUsable: true, CarrierMerged: false, SubscriptionId: -1, IsPrimary: 1, Trusted: true, Restricted: false, Ephemeral: false, OEM paid: false, OEM private: false, OSU AP: false, FQDN: <none>, Provider friendly name: <none>, Requesting package name: <none>"ourhome"wpa2-pskMLO Information: , Is TID-To-Link negotiation supported by the AP: false, AP MLD Address: <none>, AP MLO Link Id: <none>, AP MLO Affiliated links: <none>
11-24 16:30:42.024  1795  2424 D WifiScoreCard: txRate: 28 txSpeed: 780
11-24 16:30:42.024  1795  2424 D WifiScoreCard: network update SIGNAL_POLL "ourhome" ID: 1499892569 RSSI -43 txSpeed 780
11-24 16:30:42.024  1795  2424 D WifiClientModeImpl[13802:wlan0]:  ClientModeImpl$L2ConnectedState screen=on 29 0 "ourhome" f4:6d:2f:12:cc:88 rssi=-43 f=5240 sc=60 link=780 tx=24.7, 2.3, 0.0 rx=15.7 bcn=1798414 [on:977 tx:16 rx:7 period:3016] from screen [on:1040810 period:35084015] score=60
11-24 16:30:42.025  1795  3658 I WifiService: updateWifiUsabilityScore uid=10180 seqNum=54843 score=100 predictionHorizonSec=1441795
11-24 16:30:42.029  1795  2424 D WifiScoreReport: Wifi scoring disabled - Notify that Wifi is usable
11-24 16:30:42.032  1795  2432 D ConnectivityService: NetReassign [no changes] [c 0] [a 0] [i 2]
11-24 16:30:42.040  1795  3658 D ActivityManager: freezer override set to true
11-24 16:30:42.050  1011  1189 I ASH     : @ 186694.239: tcs3701: stop power rail pending_off timer
11-24 16:30:42.050  1011  1189 D ASH     : @ 186694.239: tcs3701: start power rail timer, state:3
11-24 16:30:42.070  1795  3658 D ActivityManager: freezer override set to false
11-24 16:30:42.074 10476 10512 I BatteryMgr:DataCollectionService: stats => 1700839842073,10986,4444,-2746,4169000,100
11-24 16:30:42.091  1011  1189 I ASH     : @ 186694.279: tcs3701: stop power rail pending_off timer
11-24 16:30:42.091  1011  1189 D ASH     : @ 186694.279: tcs3701: start power rail timer, state:3
11-24 16:30:42.131  1011  1189 I ASH     : @ 186694.319: tcs3701: stop power rail pending_off timer
11-24 16:30:42.131  1011  1189 D ASH     : @ 186694.319: tcs3701: start power rail timer, state:3
11-24 16:30:42.170  1011  1189 I ASH     : @ 186694.359: tcs3701: stop power rail pending_off timer
11-24 16:30:42.171  1011  1189 D ASH     : @ 186694.359: tcs3701: start power rail timer, state:3
11-24 16:30:42.184 10476 10512 I BatteryMgr:DataCollectionService: stats => 1700839842184,10986,4444,-2746,4169000,100
11-24 16:30:42.210  1011  1189 I ASH     : @ 186694.399: tcs3701: stop power rail pending_off timer
11-24 16:30:42.210  1011  1189 D ASH     : @ 186694.399: tcs3701: start power rail timer, state:3
11-24 16:30:42.250  1011  1189 I ASH     : @ 186694.439: tcs3701: stop power rail pending_off timer
11-24 16:30:42.250  1011  1189 D ASH     : @ 186694.439: tcs3701: start power rail timer, state:3
11-24 16:30:42.290  1011  1189 I ASH     : @ 186694.479: tcs3701: stop power rail pending_off timer
11-24 16:30:42.290  1011  1189 D ASH     : @ 186694.479: tcs3701: start power rail timer, state:3
11-24 16:30:42.293 10476 10512 I BatteryMgr:DataCollectionService: stats => 1700839842293,10986,4444,-2746,4169000,100
11-24 16:30:42.330  1011  1189 I ASH     : @ 186694.519: tcs3701: stop power rail pending_off timer
11-24 16:30:42.330  1011  1189 D ASH     : @ 186694.519: tcs3701: start power rail timer, state:3
11-24 16:30:42.333  1795  4172 D ActivityManager: freezer override set to true
11-24 16:30:42.343  2113  2118 I pixel-thermal: skin-therm-monitor: 39.075
11-24 16:30:42.347  1795  4172 D ActivityManager: freezer override set to false
11-24 16:30:42.370  1011  1189 I ASH     : @ 186694.559: tcs3701: stop power rail pending_off timer
11-24 16:30:42.370  1011  1189 D ASH     : @ 186694.559: tcs3701: start power rail timer, state:3
11-24 16:30:42.405 10476 10512 I BatteryMgr:DataCollectionService: stats => 1700839842405,10986,4444,-2746,4169000,100
11-24 16:30:42.410  1011  1189 I ASH     : @ 186694.599: tcs3701: stop power rail pending_off timer
11-24 16:30:42.410  1011  1189 D ASH     : @ 186694.599: tcs3701: start power rail timer, state:3
11-24 16:30:42.450  1011  1189 I ASH     : @ 186694.639: tcs3701: stop power rail pending_off timer
11-24 16:30:42.450  1011  1189 D ASH     : @ 186694.639: tcs3701: start power rail timer, state:3
11-24 16:30:42.490  1011  1189 I ASH     : @ 186694.679: tcs3701: stop power rail pending_off timer
11-24 16:30:42.490  1011  1189 D ASH     : @ 186694.679: tcs3701: start power rail timer, state:3
11-24 16:30:42.522 10476 10512 I BatteryMgr:DataCollectionService: stats => 1700839842521,10986,4444,-2746,4169000,100
11-24 16:30:42.530  1011  1189 I ASH     : @ 186694.719: tcs3701: stop power rail pending_off timer
11-24 16:30:42.530  1011  1189 D ASH     : @ 186694.719: tcs3701: start power rail timer, state:3
11-24 16:30:42.570  1011  1189 I ASH     : @ 186694.759: tcs3701: stop power rail pending_off timer
11-24 16:30:42.570  1011  1189 D ASH     : @ 186694.759: tcs3701: start power rail timer, state:3
11-24 16:30:42.610  1011  1189 I ASH     : @ 186694.799: tcs3701: stop power rail pending_off timer
11-24 16:30:42.610  1011  1189 D ASH     : @ 186694.799: tcs3701: start power rail timer, state:3
11-24 16:30:42.629 10476 10512 I BatteryMgr:DataCollectionService: stats => 1700839842629,10986,4444,-2746,4169000,100
11-24 16:30:42.650  1011  1189 I ASH     : @ 186694.839: tcs3701: stop power rail pending_off timer
11-24 16:30:42.650  1011  1189 D ASH     : @ 186694.839: tcs3701: start power rail timer, state:3
11-24 16:30:42.690  1011  1189 I ASH     : @ 186694.879: tcs3701: stop power rail pending_off timer
11-24 16:30:42.690  1011  1189 D ASH     : @ 186694.879: tcs3701: start power rail timer, state:3
11-24 16:30:42.730  1011  1189 I ASH     : @ 186694.919: tcs3701: stop power rail pending_off timer
11-24 16:30:42.730  1011  1189 D ASH     : @ 186694.919: tcs3701: start power rail timer, state:3
11-24 16:30:42.736 10476 10512 I BatteryMgr:DataCollectionService: stats => 1700839842736,10986,4444,-2746,4169000,100
11-24 16:30:42.771  1011  1189 I ASH     : @ 186694.959: tcs3701: stop power rail pending_off timer
11-24 16:30:42.771  1011  1189 D ASH     : @ 186694.959: tcs3701: start power rail timer, state:3
11-24 16:30:42.810  1011  1189 I ASH     : @ 186694.999: tcs3701: stop power rail pending_off timer
11-24 16:30:42.810  1011  1189 D ASH     : @ 186694.999: tcs3701: start power rail timer, state:3
11-24 16:30:42.821 20153 20153 D CompatibilityChangeReporter: Compat change id reported: 194532703; UID 10010; state: ENABLED
11-24 16:30:42.822  1795  4172 D CompatibilityChangeReporter: Compat change id reported: 194532703; UID 10010; state: ENABLED
11-24 16:30:42.848 10476 10512 I BatteryMgr:DataCollectionService: stats => 1700839842848,10986,4444,-2746,4169000,100
11-24 16:30:42.850  1011  1189 I ASH     : @ 186695.039: tcs3701: stop power rail pending_off timer
11-24 16:30:42.850  1011  1189 D ASH     : @ 186695.039: tcs3701: start power rail timer, state:3
11-24 16:30:42.853 20153 20153 I cr_omaha: Scheduled using JobService
11-24 16:30:42.853 20153 20153 E cr_BkgrdTaskJS: Tried finishing non-current BackgroundTask.
11-24 16:30:42.890  1011  1189 I ASH     : @ 186695.079: tcs3701: stop power rail pending_off timer
11-24 16:30:42.890  1011  1189 D ASH     : @ 186695.079: tcs3701: start power rail timer, state:3
11-24 16:30:42.930  1011  1189 I ASH     : @ 186695.119: tcs3701: stop power rail pending_off timer
11-24 16:30:42.930  1011  1189 D ASH     : @ 186695.119: tcs3701: start power rail timer, state:3
11-24 16:30:42.956 10476 10512 I BatteryMgr:DataCollectionService: stats => 1700839842956,10986,4444,-2746,4169000,100
11-24 16:30:42.971  1011  1189 I ASH     : @ 186695.159: tcs3701: stop power rail pending_off timer
11-24 16:30:42.971  1011  1189 D ASH     : @ 186695.159: tcs3701: start power rail timer, state:3
11-24 16:30:43.010  1011  1189 I ASH     : @ 186695.199: tcs3701: stop power rail pending_off timer
11-24 16:30:43.010  1011  1189 D ASH     : @ 186695.199: tcs3701: start power rail timer, state:3
11-24 16:30:43.050  1011  1189 I ASH     : @ 186695.239: tcs3701: stop power rail pending_off timer
11-24 16:30:43.050  1011  1189 D ASH     : @ 186695.239: tcs3701: start power rail timer, state:3
11-24 16:30:43.070 10476 10512 I BatteryMgr:DataCollectionService: stats => 1700839843070,9765,4444,-2746,4169000,100
11-24 16:30:43.090  1011  1189 I ASH     : @ 186695.279: tcs3701: stop power rail pending_off timer
11-24 16:30:43.090  1011  1189 D ASH     : @ 186695.279: tcs3701: start power rail timer, state:3
11-24 16:30:43.130  1011  1189 I ASH     : @ 186695.319: tcs3701: stop power rail pending_off timer
11-24 16:30:43.130  1011  1189 D ASH     : @ 186695.319: tcs3701: start power rail timer, state:3
11-24 16:30:43.171  1011  1189 I ASH     : @ 186695.359: tcs3701: stop power rail pending_off timer
11-24 16:30:43.172  1011  1189 D ASH     : @ 186695.359: tcs3701: start power rail timer, state:3
11-24 16:30:43.184 10476 10512 I BatteryMgr:DataCollectionService: stats => 1700839843184,9765,4444,-2746,4169000,100
11-24 16:30:43.211  1011  1189 I ASH     : @ 186695.399: tcs3701: stop power rail pending_off timer
11-24 16:30:43.211  1011  1189 D ASH     : @ 186695.399: tcs3701: start power rail timer, state:3
11-24 16:30:43.250  1011  1189 I ASH     : @ 186695.439: tcs3701: stop power rail pending_off timer
11-24 16:30:43.250  1011  1189 D ASH     : @ 186695.439: tcs3701: start power rail timer, state:3
11-24 16:30:43.290  1011  1189 I ASH     : @ 186695.479: tcs3701: stop power rail pending_off timer
11-24 16:30:43.290  1011  1189 D ASH     : @ 186695.479: tcs3701: start power rail timer, state:3
11-24 16:30:43.299 10476 10512 I BatteryMgr:DataCollectionService: stats => 1700839843299,9765,4444,-2746,4169000,100
11-24 16:30:43.327  1795  4144 D ActivityManager: freezer override set to true
11-24 16:30:43.330  1011  1189 I ASH     : @ 186695.519: tcs3701: stop power rail pending_off timer
11-24 16:30:43.330  1011  1189 D ASH     : @ 186695.519: tcs3701: start power rail timer, state:3
11-24 16:30:43.336  1795  4144 D ActivityManager: freezer override set to false
11-24 16:30:43.370  1011  1189 I ASH     : @ 186695.559: tcs3701: stop power rail pending_off timer
11-24 16:30:43.370  1011  1189 D ASH     : @ 186695.559: tcs3701: start power rail timer, state:3
11-24 16:30:43.372  1795  4144 D ActivityManager: freezer override set to true
11-24 16:30:43.408 10476 10512 I BatteryMgr:DataCollectionService: stats => 1700839843408,9765,4444,-2746,4169000,100
11-24 16:30:43.410  1011  1189 I ASH     : @ 186695.599: tcs3701: stop power rail pending_off timer
11-24 16:30:43.410  1011  1189 D ASH     : @ 186695.599: tcs3701: start power rail timer, state:3
11-24 16:30:43.450  1011  1189 I ASH     : @ 186695.639: tcs3701: stop power rail pending_off timer
11-24 16:30:43.450  1011  1189 D ASH     : @ 186695.639: tcs3701: start power rail timer, state:3
11-24 16:30:43.490  1011  1189 I ASH     : @ 186695.679: tcs3701: stop power rail pending_off timer
11-24 16:30:43.490  1011  1189 D ASH     : @ 186695.679: tcs3701: start power rail timer, state:3
11-24 16:30:43.519 10476 10512 I BatteryMgr:DataCollectionService: stats => 1700839843519,9765,4444,-2746,4169000,100
11-24 16:30:43.530  1011  1189 I ASH     : @ 186695.719: tcs3701: stop power rail pending_off timer
11-24 16:30:43.530  1011  1189 D ASH     : @ 186695.719: tcs3701: start power rail timer, state:3
11-24 16:30:43.569  1795  2424 D WifiNetworkSelector: Current connected network: 12
11-24 16:30:43.570  1795  2424 V WifiConnectivityManager: No partial scan because firmware roaming is supported.
11-24 16:30:43.570  1795  2424 V WifiConnectivityManager: schedulePeriodicScanTimer intervalMs 20000
11-24 16:30:43.573  1011  1189 I ASH     : @ 186695.759: tcs3701: stop power rail pending_off timer
11-24 16:30:43.573  1011  1189 D ASH     : @ 186695.759: tcs3701: start power rail timer, state:3
11-24 16:30:43.613  1011  1189 I ASH     : @ 186695.799: tcs3701: stop power rail pending_off timer
11-24 16:30:43.613  1011  1189 D ASH     : @ 186695.799: tcs3701: start power rail timer, state:3
11-24 16:30:43.625 10476 10512 I BatteryMgr:DataCollectionService: stats => 1700839843625,9765,4444,-2746,4169000,100
11-24 16:30:43.651  1011  1189 I ASH     : @ 186695.839: tcs3701: stop power rail pending_off timer
11-24 16:30:43.651  1011  1189 D ASH     : @ 186695.839: tcs3701: start power rail timer, state:3
11-24 16:30:43.690  1011  1189 I ASH     : @ 186695.879: tcs3701: stop power rail pending_off timer
11-24 16:30:43.690  1011  1189 D ASH     : @ 186695.879: tcs3701: start power rail timer, state:3
11-24 16:30:43.731  1011  1189 I ASH     : @ 186695.919: tcs3701: stop power rail pending_off timer
11-24 16:30:43.731  1011  1189 D ASH     : @ 186695.919: tcs3701: start power rail timer, state:3
11-24 16:30:43.736 10476 10512 I BatteryMgr:DataCollectionService: stats => 1700839843736,9765,4444,-2746,4169000,100
11-24 16:30:43.770  1011  1189 I ASH     : @ 186695.959: tcs3701: stop power rail pending_off timer
11-24 16:30:43.770  1011  1189 D ASH     : @ 186695.959: tcs3701: start power rail timer, state:3
11-24 16:30:43.801 20153 20304 I m.chrome.canary: Explicit concurrent copying GC freed 1473676(27MB) AllocSpace objects, 6(184KB) LOS objects, 75% free, 16MB/65MB, paused 211us,55us total 199.411ms
11-24 16:30:43.810  1011  1189 I ASH     : @ 186695.999: tcs3701: stop power rail pending_off timer
11-24 16:30:43.810  1011  1189 D ASH     : @ 186695.999: tcs3701: start power rail timer, state:3
11-24 16:30:43.850  1011  1189 I ASH     : @ 186696.039: tcs3701: stop power rail pending_off timer
11-24 16:30:43.850  1011  1189 D ASH     : @ 186696.039: tcs3701: start power rail timer, state:3
11-24 16:30:43.854 10476 10512 I BatteryMgr:DataCollectionService: stats => 1700839843854,9765,4444,-2746,4169000,100
11-24 16:30:43.890  1011  1189 I ASH     : @ 186696.079: tcs3701: stop power rail pending_off timer
11-24 16:30:43.890  1011  1189 D ASH     : @ 186696.079: tcs3701: start power rail timer, state:3
11-24 16:30:43.931  1011  1189 I ASH     : @ 186696.119: tcs3701: stop power rail pending_off timer
11-24 16:30:43.931  1011  1189 D ASH     : @ 186696.119: tcs3701: start power rail timer, state:3
11-24 16:30:43.942  1795  4144 D ActivityManager: freezer override set to false
11-24 16:30:43.965 10476 10512 I BatteryMgr:DataCollectionService: stats => 1700839843965,9765,4444,-2746,4169000,100
11-24 16:30:43.970  1011  1189 I ASH     : @ 186696.159: tcs3701: stop power rail pending_off timer
11-24 16:30:43.970  1011  1189 D ASH     : @ 186696.159: tcs3701: start power rail timer, state:3
11-24 16:30:44.010  1011  1189 I ASH     : @ 186696.199: tcs3701: stop power rail pending_off timer
11-24 16:30:44.010  1011  1189 D ASH     : @ 186696.199: tcs3701: start power rail timer, state:3
11-24 16:30:44.050  1011  1189 I ASH     : @ 186696.239: tcs3701: stop power rail pending_off timer
11-24 16:30:44.052  1011  1189 D ASH     : @ 186696.239: tcs3701: start power rail timer, state:3
11-24 16:30:44.078  1795  4144 D ActivityManager: freezer override set to true
11-24 16:30:44.085 10476 10512 I BatteryMgr:DataCollectionService: stats => 1700839844085,9765,4444,-2746,4169000,100
11-24 16:30:44.090  1011  1189 I ASH     : @ 186696.279: tcs3701: stop power rail pending_off timer
11-24 16:30:44.090  1011  1189 D ASH     : @ 186696.279: tcs3701: start power rail timer, state:3
11-24 16:30:44.093  1795  4144 D ActivityManager: freezer override set to false
11-24 16:30:44.130  1011  1189 I ASH     : @ 186696.319: tcs3701: stop power rail pending_off timer
11-24 16:30:44.130  1011  1189 D ASH     : @ 186696.319: tcs3701: start power rail timer, state:3
11-24 16:30:44.170  1011  1189 I ASH     : @ 186696.359: tcs3701: stop power rail pending_off timer
11-24 16:30:44.170  1011  1189 D ASH     : @ 186696.359: tcs3701: start power rail timer, state:3
11-24 16:30:44.202 10476 10512 I BatteryMgr:DataCollectionService: stats => 1700839844202,9765,4444,-2746,4169000,100
11-24 16:30:44.210  1011  1189 I ASH     : @ 186696.399: tcs3701: stop power rail pending_off timer
11-24 16:30:44.210  1011  1189 D ASH     : @ 186696.399: tcs3701: start power rail timer, state:3
11-24 16:30:44.250  1011  1189 I ASH     : @ 186696.439: tcs3701: stop power rail pending_off timer
11-24 16:30:44.250  1011  1189 D ASH     : @ 186696.439: tcs3701: start power rail timer, state:3
11-24 16:30:44.290  1011  1189 I ASH     : @ 186696.479: tcs3701: stop power rail pending_off timer
11-24 16:30:44.290  1011  1189 D ASH     : @ 186696.479: tcs3701: start power rail timer, state:3
11-24 16:30:44.328 10476 10512 I BatteryMgr:DataCollectionService: stats => 1700839844326,9765,4444,-2746,4169000,100
11-24 16:30:44.331  1011  1189 I ASH     : @ 186696.519: tcs3701: stop power rail pending_off timer
11-24 16:30:44.331  1011  1189 D ASH     : @ 186696.519: tcs3701: start power rail timer, state:3
11-24 16:30:44.347  2113  2118 I pixel-thermal: skin-therm-monitor: 39.051
11-24 16:30:44.350  1795  4172 D ActivityManager: freezer override set to true
11-24 16:30:44.370  1011  1189 I ASH     : @ 186696.559: tcs3701: stop power rail pending_off timer
11-24 16:30:44.370  1011  1189 D ASH     : @ 186696.559: tcs3701: start power rail timer, state:3
11-24 16:30:44.373  1795  4172 D ActivityManager: freezer override set to false
11-24 16:30:44.410  1011  1189 I ASH     : @ 186696.599: tcs3701: stop power rail pending_off timer
11-24 16:30:44.410  1011  1189 D ASH     : @ 186696.599: tcs3701: start power rail timer, state:3
11-24 16:30:44.442 10476 10512 I BatteryMgr:DataCollectionService: stats => 1700839844442,9765,4444,-2746,4169000,100
11-24 16:30:44.450  1795  4172 D ActivityManager: freezer override set to true
11-24 16:30:44.450  1011  1189 I ASH     : @ 186696.639: tcs3701: stop power rail pending_off timer
11-24 16:30:44.450  1011  1189 D ASH     : @ 186696.639: tcs3701: start power rail timer, state:3
11-24 16:30:44.490  1011  1189 I ASH     : @ 186696.679: tcs3701: stop power rail pending_off timer
11-24 16:30:44.490  1011  1189 D ASH     : @ 186696.679: tcs3701: start power rail timer, state:3
11-24 16:30:44.530  1011  1189 I ASH     : @ 186696.719: tcs3701: stop power rail pending_off timer
11-24 16:30:44.530  1011  1189 D ASH     : @ 186696.719: tcs3701: start power rail timer, state:3
11-24 16:30:44.568 10476 10512 I BatteryMgr:DataCollectionService: stats => 1700839844568,9765,4444,-2746,4169000,100
11-24 16:30:44.570  1011  1189 I ASH     : @ 186696.759: tcs3701: stop power rail pending_off timer
11-24 16:30:44.570  1011  1189 D ASH     : @ 186696.759: tcs3701: start power rail timer, state:3
11-24 16:30:44.610  1011  1189 I ASH     : @ 186696.799: tcs3701: stop power rail pending_off timer
11-24 16:30:44.610  1011  1189 D ASH     : @ 186696.799: tcs3701: start power rail timer, state:3
11-24 16:30:44.640 20153 20304 I m.chrome.canary: Explicit concurrent copying GC freed 633239(12MB) AllocSpace objects, 8(212KB) LOS objects, 75% free, 13MB/52MB, paused 107us,74us total 112.266ms
11-24 16:30:44.650  1011  1189 I ASH     : @ 186696.839: tcs3701: stop power rail pending_off timer
11-24 16:30:44.650  1011  1189 D ASH     : @ 186696.839: tcs3701: start power rail timer, state:3
11-24 16:30:44.686 10476 10512 I BatteryMgr:DataCollectionService: stats => 1700839844681,9765,4444,-2746,4169000,100
11-24 16:30:44.690  1011  1189 I ASH     : @ 186696.879: tcs3701: stop power rail pending_off timer
11-24 16:30:44.690  1011  1189 D ASH     : @ 186696.879: tcs3701: start power rail timer, state:3
11-24 16:30:44.730  1011  1189 I ASH     : @ 186696.919: tcs3701: stop power rail pending_off timer
11-24 16:30:44.730  1011  1189 D ASH     : @ 186696.919: tcs3701: start power rail timer, state:3
11-24 16:30:44.769  1795  4172 D ActivityManager: freezer override set to false
11-24 16:30:44.772  1011  1189 I ASH     : @ 186696.959: tcs3701: stop power rail pending_off timer
11-24 16:30:44.772  1011  1189 D ASH     : @ 186696.959: tcs3701: start power rail timer, state:3
11-24 16:30:44.801 10476 10512 I BatteryMgr:DataCollectionService: stats => 1700839844800,9765,4444,-2746,4169000,100
11-24 16:30:44.810  1011  1189 I ASH     : @ 186696.999: tcs3701: stop power rail pending_off timer
11-24 16:30:44.810  1011  1189 D ASH     : @ 186696.999: tcs3701: start power rail timer, state:3
11-24 16:30:44.850  1011  1189 I ASH     : @ 186697.039: tcs3701: stop power rail pending_off timer
11-24 16:30:44.850  1011  1189 D ASH     : @ 186697.039: tcs3701: start power rail timer, state:3
11-24 16:30:44.852  1795  4172 D ActivityManager: freezer override set to true
11-24 16:30:44.857  1795  4172 D ActivityManager: freezer override set to false
11-24 16:30:44.894  1011  1189 I ASH     : @ 186697.079: tcs3701: stop power rail pending_off timer
11-24 16:30:44.894  1011  1189 D ASH     : @ 186697.079: tcs3701: start power rail timer, state:3
11-24 16:30:44.907 10476 10512 I BatteryMgr:DataCollectionService: stats => 1700839844907,9765,4444,-2746,4169000,100
11-24 16:30:44.931  1011  1189 I ASH     : @ 186697.119: tcs3701: stop power rail pending_off timer
11-24 16:30:44.931  1011  1189 D ASH     : @ 186697.119: tcs3701: start power rail timer, state:3
11-24 16:30:44.970  1011  1189 I ASH     : @ 186697.159: tcs3701: stop power rail pending_off timer
11-24 16:30:44.970  1011  1189 D ASH     : @ 186697.159: tcs3701: start power rail timer, state:3
11-24 16:30:45.010  1011  1189 I ASH     : @ 186697.199: tcs3701: stop power rail pending_off timer
11-24 16:30:45.010  1011  1189 D ASH     : @ 186697.199: tcs3701: start power rail timer, state:3
11-24 16:30:45.015 10476 10512 I BatteryMgr:DataCollectionService: stats => 1700839845015,9765,4444,-2746,4169000,100
11-24 16:30:45.039  1795  2424 D WifiClientModeImpl[13802:wlan0]: updateLinkLayerStatsRssiSpeedFrequencyCapabilities rssi=-43 TxLinkspeed=780 freq=5240 RxLinkSpeed=866
11-24 16:30:45.039  1795  2424 D WifiDataStall: tx tput in kbps: 636309
11-24 16:30:45.039  1795  2424 D WifiDataStall: rx tput in kbps: 767898
11-24 16:30:45.039  1795  2424 V WifiConfigManager: Updating scan detail cache freq=5240 BSSID=f4:6d:2f:12:cc:88 RSSI=-42 for "ourhome"WPA_PSK
11-24 16:30:45.040  1795  2424 D WifiChannelUtilization:  freq: 5240 onTime: 5650502 busyTime: 578955 onTimeDiff: 2275710 busyTimeDiff: 263256 utilization: 29 utilization t0: 26
11-24 16:30:45.040  1795  2424 D WifiDataStall:  ccaLevel = 29
11-24 16:30:45.040  1795  2424 D WifiDataStall: L2 txTputKbps: 657058, rxTputKbps: 767898, L3 txTputKbps: 0, rxTputKbps: 2, TxTrafficHigh: false, RxTrafficHigh: false, Throughput Sufficient: true
11-24 16:30:45.040  1795  2424 D WifiScoreReport: Wifi scoring disabled - Don't check IP layer
11-24 16:30:45.041  1795  2424 D WifiScoreCard: BSSID update SIGNAL_POLL ID: 1320464697 SSID: "ourhome", BSSID: f4:6d:2f:12:cc:88, MAC: b2:2f:ec:da:4a:0c, IP: /192.168.1.104, Security type: 2, Supplicant state: COMPLETED, Wi-Fi standard: 5, RSSI: -43, Link speed: 780Mbps, Tx Link speed: 780Mbps, Max Supported Tx Link speed: 866Mbps, Rx Link speed: 866Mbps, Max Supported Rx Link speed: 866Mbps, Frequency: 5240MHz, Net ID: 12, Metered hint: false, score: 60, isUsable: true, CarrierMerged: false, SubscriptionId: -1, IsPrimary: 1, Trusted: true, Restricted: false, Ephemeral: false, OEM paid: false, OEM private: false, OSU AP: false, FQDN: <none>, Provider friendly name: <none>, Requesting package name: <none>"ourhome"wpa2-pskMLO Information: , Is TID-To-Link negotiation supported by the AP: false, AP MLD Address: <none>, AP MLO Link Id: <none>, AP MLO Affiliated links: <none>
11-24 16:30:45.041  1795  2424 D WifiScoreCard: txRate: 11 txSpeed: 780
11-24 16:30:45.041  1795  2424 D WifiScoreCard: network update SIGNAL_POLL "ourhome" ID: 1499892569 RSSI -43 txSpeed 780
11-24 16:30:45.042  1795  2424 D WifiClientModeImpl[13802:wlan0]:  ClientModeImpl$L2ConnectedState screen=on 29 0 "ourhome" f4:6d:2f:12:cc:88 rssi=-43 f=5240 sc=60 link=780 tx=9.9, 0.8, 0.0 rx=6.5 bcn=1798444 [on:112 tx:0 rx:0 period:3016] from screen [on:1040922 period:35087032] score=60
11-24 16:30:45.043  2673  3056 V WifiManager: OnWifiUsabilityStatsListener: onWifiUsabilityStats: seqNum=54844
11-24 16:30:45.044  1795  4172 I WifiService: updateWifiUsabilityScore uid=10180 seqNum=54844 score=100 predictionHorizonSec=1441795
11-24 16:30:45.045  1795  2424 D WifiScoreReport: Wifi scoring disabled - Notify that Wifi is usable
11-24 16:30:45.050  1795  2432 D ConnectivityService: NetReassign [no changes] [c 0] [a 1] [i 1]
11-24 16:30:45.050  1011  1189 I ASH     : @ 186697.239: tcs3701: stop power rail pending_off timer
11-24 16:30:45.050  1011  1189 D ASH     : @ 186697.239: tcs3701: start power rail timer, state:3
11-24 16:30:45.090  1011  1189 I ASH     : @ 186697.279: tcs3701: stop power rail pending_off timer
11-24 16:30:45.090  1011  1189 D ASH     : @ 186697.279: tcs3701: start power rail timer, state:3
11-24 16:30:45.128 10476 10512 I BatteryMgr:DataCollectionService: stats => 1700839845128,9765,4444,-2746,4169000,100
11-24 16:30:45.130  1011  1189 I ASH     : @ 186697.319: tcs3701: stop power rail pending_off timer
11-24 16:30:45.130  1011  1189 D ASH     : @ 186697.319: tcs3701: start power rail timer, state:3
11-24 16:30:45.170  1011  1189 I ASH     : @ 186697.359: tcs3701: stop power rail pending_off timer
11-24 16:30:45.170  1011  1189 D ASH     : @ 186697.359: tcs3701: start power rail timer, state:3
11-24 16:30:45.210  1011  1189 I ASH     : @ 186697.399: tcs3701: stop power rail pending_off timer
11-24 16:30:45.210  1011  1189 D ASH     : @ 186697.399: tcs3701: start power rail timer, state:3
11-24 16:30:45.234 10476 10512 I BatteryMgr:DataCollectionService: stats => 1700839845234,9765,4444,-2746,4169000,100
11-24 16:30:45.250  1011  1189 I ASH     : @ 186697.439: tcs3701: stop power rail pending_off timer
11-24 16:30:45.250  1011  1189 D ASH     : @ 186697.439: tcs3701: start power rail timer, state:3
11-24 16:30:45.290  1011  1189 I ASH     : @ 186697.479: tcs3701: stop power rail pending_off timer
11-24 16:30:45.290  1011  1189 D ASH     : @ 186697.479: tcs3701: start power rail timer, state:3
11-24 16:30:45.302  1795  4172 D ActivityManager: freezer override set to true
11-24 16:30:45.309  1795  4172 D ActivityManager: freezer override set to false
11-24 16:30:45.330  1011  1189 I ASH     : @ 186697.519: tcs3701: stop power rail pending_off timer
11-24 16:30:45.330  1011  1189 D ASH     : @ 186697.519: tcs3701: start power rail timer, state:3
11-24 16:30:45.340 10476 10512 I BatteryMgr:DataCollectionService: stats => 1700839845339,9765,4444,-2746,4169000,100
11-24 16:30:45.370  1011  1189 I ASH     : @ 186697.559: tcs3701: stop power rail pending_off timer
11-24 16:30:45.370  1011  1189 D ASH     : @ 186697.559: tcs3701: start power rail timer, state:3
11-24 16:30:45.411  1011  1189 I ASH     : @ 186697.599: tcs3701: stop power rail pending_off timer
11-24 16:30:45.411  1011  1189 D ASH     : @ 186697.599: tcs3701: start power rail timer, state:3
11-24 16:30:45.444 10476 10512 I BatteryMgr:DataCollectionService: stats => 1700839845444,9765,4444,-2746,4169000,100
11-24 16:30:45.450  1011  1189 I ASH     : @ 186697.639: tcs3701: stop power rail pending_off timer
11-24 16:30:45.450  1011  1189 D ASH     : @ 186697.639: tcs3701: start power rail timer, state:3
11-24 16:30:45.490  1011  1189 I ASH     : @ 186697.679: tcs3701: stop power rail pending_off timer
11-24 16:30:45.490  1011  1189 D ASH     : @ 186697.679: tcs3701: start power rail timer, state:3
11-24 16:30:45.530  1011  1189 I ASH     : @ 186697.719: tcs3701: stop power rail pending_off timer
11-24 16:30:45.530  1011  1189 D ASH     : @ 186697.719: tcs3701: start power rail timer, state:3
11-24 16:30:45.550 10476 10512 I BatteryMgr:DataCollectionService: stats => 1700839845550,9765,4444,-2746,4169000,100
11-24 16:30:45.570  1011  1189 I ASH     : @ 186697.759: tcs3701: stop power rail pending_off timer
11-24 16:30:45.570  1011  1189 D ASH     : @ 186697.759: tcs3701: start power rail timer, state:3
11-24 16:30:45.611  1011  1189 I ASH     : @ 186697.799: tcs3701: stop power rail pending_off timer
11-24 16:30:45.611  1011  1189 D ASH     : @ 186697.799: tcs3701: start power rail timer, state:3
11-24 16:30:45.650  1011  1189 I ASH     : @ 186697.839: tcs3701: stop power rail pending_off timer
11-24 16:30:45.650  1011  1189 D ASH     : @ 186697.839: tcs3701: start power rail timer, state:3
