--------- beginning of main
11-24 16:20:27.410  1011  1189 I ASH     : @ 186079.599: tcs3701: stop power rail pending_off timer
11-24 16:20:27.411  1011  1189 D ASH     : @ 186079.599: tcs3701: start power rail timer, state:3
11-24 16:20:27.450  1011  1189 I ASH     : @ 186079.639: tcs3701: stop power rail pending_off timer
11-24 16:20:27.451  1011  1189 D ASH     : @ 186079.639: tcs3701: start power rail timer, state:3
11-24 16:20:27.491  1011  1189 I ASH     : @ 186079.679: tcs3701: stop power rail pending_off timer
11-24 16:20:27.491  1011  1189 D ASH     : @ 186079.679: tcs3701: start power rail timer, state:3
11-24 16:20:27.530  1011  1189 I ASH     : @ 186079.719: tcs3701: stop power rail pending_off timer
11-24 16:20:27.530  1011  1189 D ASH     : @ 186079.719: tcs3701: start power rail timer, state:3
11-24 16:20:27.570  1011  1189 I ASH     : @ 186079.759: tcs3701: stop power rail pending_off timer
11-24 16:20:27.570  1011  1189 D ASH     : @ 186079.759: tcs3701: start power rail timer, state:3
11-24 16:20:27.586  7164  7164 D AndroidRuntime: >>>>>> START com.android.internal.os.RuntimeInit uid 2000 <<<<<<
11-24 16:20:27.590  7164  7164 I AndroidRuntime: Using default boot image
11-24 16:20:27.590  7164  7164 I AndroidRuntime: Leaving lock profiling enabled
11-24 16:20:27.593  7164  7164 I app_process: Using CollectorTypeCC GC.
11-24 16:20:27.612  1011  1189 I ASH     : @ 186079.799: tcs3701: stop power rail pending_off timer
11-24 16:20:27.612  1011  1189 D ASH     : @ 186079.799: tcs3701: start power rail timer, state:3
11-24 16:20:27.650  1011  1189 I ASH     : @ 186079.839: tcs3701: stop power rail pending_off timer
11-24 16:20:27.651  1011  1189 D ASH     : @ 186079.839: tcs3701: start power rail timer, state:3
11-24 16:20:27.675  7164  7164 D nativeloader: InitDefaultPublicLibraries for_preload=1: libandroid.so:libaaudio.so:libamidi.so:libbinder_ndk.so:libc.so:libcamera2ndk.so:libdl.so:libEGL.so:libGLESv1_CM.so:libGLESv2.so:libGLESv3.so:libicu.so:libicui18n.so:libicuuc.so:libjnigraphics.so:liblog.so:libmediandk.so:libm.so:libnativehelper.so:libnativewindow.so:libOpenMAXAL.so:libOpenSLES.so:libRS.so:libstdc++.so:libsync.so:libvulkan.so:libwebviewchromium_plat_support.so:libz.so
11-24 16:20:27.688  7164  7164 D app_process: Time zone APEX ICU file found: /apex/com.android.tzdata/etc/icu/icu_tzdata.dat
11-24 16:20:27.689  7164  7164 D app_process: I18n APEX ICU file found: /apex/com.android.i18n/etc/icu/icudt70l.dat
11-24 16:20:27.690  1011  1189 I ASH     : @ 186079.879: tcs3701: stop power rail pending_off timer
11-24 16:20:27.691  1011  1189 D ASH     : @ 186079.879: tcs3701: start power rail timer, state:3
11-24 16:20:27.715  7164  7164 D AndroidRuntime: Calling main entry com.android.commands.monkey.Monkey
11-24 16:20:27.716  7164  7164 W Monkey  : args: [-p, com.chrome.canary, 1]
11-24 16:20:27.716  7164  7164 W Monkey  :  arg: "-p"
11-24 16:20:27.716  7164  7164 W Monkey  :  arg: "com.chrome.canary"
11-24 16:20:27.716  7164  7164 W Monkey  :  arg: "1"
11-24 16:20:27.716  7164  7164 W Monkey  : data="com.chrome.canary"
--------- beginning of system
11-24 16:20:27.726  1795  2119 W BroadcastQueue: Skipping deliver [background] BroadcastRecord{1801d79 u-1 android.net.conn.CONNECTIVITY_CHANGE} to ReceiverList{11d9abe 7164 (unknown name)/2000/u-1 remote:dfe01c3}: process gone or crashing
11-24 16:20:27.730  1011  1189 I ASH     : @ 186079.919: tcs3701: stop power rail pending_off timer
11-24 16:20:27.730  1011  1189 D ASH     : @ 186079.919: tcs3701: start power rail timer, state:3
11-24 16:20:27.732  1795  4170 D CompatibilityChangeReporter: Compat change id reported: 161252188; UID 10010; state: DISABLED
11-24 16:20:27.732  1795  4170 I ActivityTaskManager: START u0 {act=android.intent.action.MAIN cat=[android.intent.category.LAUNCHER] flg=0x10200000 cmp=com.chrome.canary/com.google.android.apps.chrome.Main} from uid 2000
11-24 16:20:27.733  1795  4170 D CompatibilityChangeReporter: Compat change id reported: 265464455; UID 10010; state: DISABLED
11-24 16:20:27.733  1795  4170 D CompatibilityChangeReporter: Compat change id reported: 265452344; UID 10010; state: DISABLED
11-24 16:20:27.733  1795  4170 D CompatibilityChangeReporter: Compat change id reported: 266124927; UID 10010; state: DISABLED
11-24 16:20:27.733  1795  4170 D CompatibilityChangeReporter: Compat change id reported: 265451093; UID 10010; state: DISABLED
11-24 16:20:27.733  1795  4170 D CompatibilityChangeReporter: Compat change id reported: 265456536; UID 10010; state: DISABLED
11-24 16:20:27.733  1795  4170 D CompatibilityChangeReporter: Compat change id reported: 255940284; UID 10010; state: DISABLED
11-24 16:20:27.733  1795  4170 D CompatibilityChangeReporter: Compat change id reported: 236283604; UID 10010; state: DISABLED
11-24 16:20:27.733  1795  4170 D CompatibilityChangeReporter: Compat change id reported: 263959004; UID 10010; state: DISABLED
11-24 16:20:27.733  1795  4170 D CompatibilityChangeReporter: Compat change id reported: 264304459; UID 10010; state: DISABLED
11-24 16:20:27.733  1795  4170 D CompatibilityChangeReporter: Compat change id reported: 264301586; UID 10010; state: DISABLED
11-24 16:20:27.733  1795  4170 D CompatibilityChangeReporter: Compat change id reported: 254631730; UID 10010; state: DISABLED
11-24 16:20:27.733  1795  4170 D CompatibilityChangeReporter: Compat change id reported: 273509367; UID 10010; state: DISABLED
11-24 16:20:27.734  1795  4170 D CompatibilityChangeReporter: Compat change id reported: 263259275; UID 10010; state: DISABLED
11-24 16:20:27.734  1795  4170 D CompatibilityChangeReporter: Compat change id reported: 194480991; UID 10010; state: ENABLED
11-24 16:20:27.734  1795  4170 D CompatibilityChangeReporter: Compat change id reported: 174042980; UID 10010; state: DISABLED
11-24 16:20:27.735  1795  4170 D CompatibilityChangeReporter: Compat change id reported: 184838306; UID 10010; state: DISABLED
11-24 16:20:27.735  1795  4170 D CompatibilityChangeReporter: Compat change id reported: 185004937; UID 10010; state: DISABLED
11-24 16:20:27.735  1795  4170 D CompatibilityChangeReporter: Compat change id reported: 181136395; UID 10010; state: DISABLED
11-24 16:20:27.735  1795  4170 D CompatibilityChangeReporter: Compat change id reported: 174042936; UID 10010; state: DISABLED
11-24 16:20:27.736  1795  4170 D CompatibilityChangeReporter: Compat change id reported: 205907456; UID 10010; state: ENABLED
11-24 16:20:27.739  1795  4170 D CompatibilityChangeReporter: Compat change id reported: 194833441; UID 10010; state: ENABLED
11-24 16:20:27.740  2513  2550 W Parcel  : Expecting binder but got null!
11-24 16:20:27.740  7164  7164 I Monkey  : Events injected: 1
11-24 16:20:27.745  1795  3716 D CompatibilityChangeReporter: Compat change id reported: 168419799; UID 10010; state: DISABLED
11-24 16:20:27.745  1795  3716 D CompatibilityChangeReporter: Compat change id reported: 273564678; UID 10010; state: DISABLED
11-24 16:20:27.751  2513  2550 E OpenGLRenderer: Unable to match the desired swap behavior.
11-24 16:20:27.751  1795  2100 D CompatibilityChangeReporter: Compat change id reported: 135634846; UID 10010; state: DISABLED
11-24 16:20:27.753  7164  7164 I Monkey  : ## Network stats: elapsed time=14ms (0ms mobile, 0ms wifi, 14ms not connected)
11-24 16:20:27.754  7164  7164 I app_process: System.exit called, status: 0
11-24 16:20:27.754  7164  7164 I AndroidRuntime: VM exiting with result code 0.
11-24 16:20:27.754  3657  3683 D ForegroundUtils: Foreground UID status:
11-24 16:20:27.754  3657  3683 D ForegroundUtils: UID: 10128 is in foreground: true
11-24 16:20:27.754  3657  3683 D ForegroundUtils: UID: 10145 is in foreground: true
11-24 16:20:27.754  3657  3683 D ForegroundUtils: UID: 10158 is in foreground: true
11-24 16:20:27.754  3657  3683 D ForegroundUtils: UID: 10189 is in foreground: false
11-24 16:20:27.754  3657  3683 D ForegroundUtils: UID: 10194 is in foreground: true
11-24 16:20:27.754  3657  3683 D ForegroundUtils: UID: 10206 is in foreground: false
11-24 16:20:27.754  3657  3683 D ForegroundUtils: UID: 10233 is in foreground: true
11-24 16:20:27.754  3657  3683 D ForegroundUtils: UID: 10244 is in foreground: true
11-24 16:20:27.754  3657  3683 D ForegroundUtils: UID: 10319 is in foreground: true
11-24 16:20:27.754  1795  2120 D CompatibilityChangeReporter: Compat change id reported: 143937733; UID 10010; state: ENABLED
11-24 16:20:27.759   987   987 D Zygote  : Forked child process 7181
11-24 16:20:27.759  1795  2120 I ActivityManager: Start proc 7181:com.chrome.canary/u0a10 for next-top-activity {com.chrome.canary/com.google.android.apps.chrome.Main}
11-24 16:20:27.770  1011  1189 I ASH     : @ 186079.959: tcs3701: stop power rail pending_off timer
11-24 16:20:27.770  1011  1189 D ASH     : @ 186079.959: tcs3701: start power rail timer, state:3
11-24 16:20:27.775  7181  7181 I m.chrome.canary: Using CollectorTypeCC GC.
11-24 16:20:27.780  1383  1442 I adbd    : jdwp connection from 7181
11-24 16:20:27.789  3657  3683 D ForegroundUtils: Foreground UID status:
11-24 16:20:27.789  3657  3683 D ForegroundUtils: UID: 10010 is in foreground: true
11-24 16:20:27.789  3657  3683 D ForegroundUtils: UID: 10128 is in foreground: true
11-24 16:20:27.789  3657  3683 D ForegroundUtils: UID: 10145 is in foreground: true
11-24 16:20:27.789  3657  3683 D ForegroundUtils: UID: 10158 is in foreground: true
11-24 16:20:27.789  3657  3683 D ForegroundUtils: UID: 10189 is in foreground: false
11-24 16:20:27.789  7181  7181 I ActivityThread: Relaunch all activities: onCoreSettingsChange
11-24 16:20:27.789  3657  3683 D ForegroundUtils: UID: 10194 is in foreground: true
11-24 16:20:27.789  3657  3683 D ForegroundUtils: UID: 10206 is in foreground: false
11-24 16:20:27.789  3657  3683 D ForegroundUtils: UID: 10233 is in foreground: true
11-24 16:20:27.789  3657  3683 D ForegroundUtils: UID: 10244 is in foreground: true
11-24 16:20:27.789  3657  3683 D ForegroundUtils: UID: 10319 is in foreground: true
11-24 16:20:27.790  7181  7181 D CompatibilityChangeReporter: Compat change id reported: 171979766; UID 10010; state: ENABLED
11-24 16:20:27.795  7181  7181 W ziparchive: Unable to open '/data/app/~~-FnXeb6__ecKd-dFZ4kZZA==/com.google.android.trichromelibrary.canary_613700033-7Q2vBiD9q0nCftKFg-pq8w==/base.dm': No such file or directory
11-24 16:20:27.795  7181  7181 W ziparchive: Unable to open '/data/app/~~-FnXeb6__ecKd-dFZ4kZZA==/com.google.android.trichromelibrary.canary_613700033-7Q2vBiD9q0nCftKFg-pq8w==/base.dm': No such file or directory
11-24 16:20:27.796  7181  7181 W m.chrome.canary: Entry not found
11-24 16:20:27.797  2113  2118 I pixel-thermal: skin-therm-monitor: 39.068
11-24 16:20:27.797  7181  7181 D nativeloader: Configuring clns-4 for other apk /data/app/~~-FnXeb6__ecKd-dFZ4kZZA==/com.google.android.trichromelibrary.canary_613700033-7Q2vBiD9q0nCftKFg-pq8w==/base.apk. target_sdk_version=34, uses_libraries=ALL, library_path=/data/app/~~dutrJzl_xJkEyCCvIkexCw==/com.chrome.canary-4jcd8srf2WXxld2NC1r69A==/lib/arm64:/data/app/~~dutrJzl_xJkEyCCvIkexCw==/com.chrome.canary-4jcd8srf2WXxld2NC1r69A==/base.apk!/lib/arm64-v8a:/data/app/~~-FnXeb6__ecKd-dFZ4kZZA==/com.google.android.trichromelibrary.canary_613700033-7Q2vBiD9q0nCftKFg-pq8w==/base.apk!/lib/arm64-v8a, permitted_path=/data:/mnt/expand:/data/user/0/com.chrome.canary
11-24 16:20:27.802  7181  7181 D nativeloader: Configuring clns-5 for other apk /data/app/~~dutrJzl_xJkEyCCvIkexCw==/com.chrome.canary-4jcd8srf2WXxld2NC1r69A==/base.apk. target_sdk_version=34, uses_libraries=, library_path=/data/app/~~dutrJzl_xJkEyCCvIkexCw==/com.chrome.canary-4jcd8srf2WXxld2NC1r69A==/lib/arm64:/data/app/~~dutrJzl_xJkEyCCvIkexCw==/com.chrome.canary-4jcd8srf2WXxld2NC1r69A==/base.apk!/lib/arm64-v8a:/data/app/~~-FnXeb6__ecKd-dFZ4kZZA==/com.google.android.trichromelibrary.canary_613700033-7Q2vBiD9q0nCftKFg-pq8w==/base.apk!/lib/arm64-v8a, permitted_path=/data:/mnt/expand:/data/user/0/com.chrome.canary
11-24 16:20:27.810  7181  7181 V GraphicsEnvironment: ANGLE Developer option for 'com.chrome.canary' set to: 'default'
11-24 16:20:27.810  7181  7181 V GraphicsEnvironment: ANGLE GameManagerService for com.chrome.canary: false
11-24 16:20:27.810  7181  7181 V GraphicsEnvironment: Updatable production driver is not supported on the device.
11-24 16:20:27.810  1011  1189 I ASH     : @ 186079.999: tcs3701: stop power rail pending_off timer
11-24 16:20:27.810  1011  1189 D ASH     : @ 186079.999: tcs3701: start power rail timer, state:3
11-24 16:20:27.811  7181  7181 I LoadedApk: No resource references to update in package com.google.android.trichromelibrary.canary
11-24 16:20:27.811  7181  7181 D NetworkSecurityConfig: Using Network Security Config from resource 0_resource_name_obfuscated debugBuild: false
11-24 16:20:27.812  7181  7181 D NetworkSecurityConfig: Using Network Security Config from resource 0_resource_name_obfuscated debugBuild: false
11-24 16:20:27.812  7181  7181 I cr_SplitCompatApp: Launched version=121.0.6137.0 minSdkVersion=29 isBundle=true processName=com.chrome.canary isIsolated=false
11-24 16:20:27.833  7181  7202 I cr_LibraryLoader: Loading monochrome_64 from within /data/app/~~dutrJzl_xJkEyCCvIkexCw==/com.chrome.canary-4jcd8srf2WXxld2NC1r69A==/base.apk
11-24 16:20:27.834  1795  4170 D CompatibilityChangeReporter: Compat change id reported: 161145287; UID 10010; state: DISABLED
11-24 16:20:27.835  7181  7202 I cr_Linker: loadLibraryImplLocked: monochrome_64, relroMode=1
11-24 16:20:27.841  3875  3875 I dzhj    : onPause
11-24 16:20:27.844  7181  7202 I cr_LibraryLoader: Successfully loaded native library
11-24 16:20:27.844  3604  3604 I hitl    : (REDACTED) received broadcast: %s
11-24 16:20:27.845  7181  7202 I cr_CachingUmaRecorder: Flushed 20 samples from 18 histograms, 0 samples were dropped.
11-24 16:20:27.845  3604  4273 I hito    : (REDACTED) received broadcast: %s
11-24 16:20:27.845  3604  4273 I hioo    : (REDACTED) #onConfigUpdate. requester: %s
11-24 16:20:27.845  3604  4265 I hioo    : #onConfigUpdate inside sequencer
11-24 16:20:27.845  3604  4265 I hilg    : (REDACTED) Voice Match (Speaker-id) supported : %b 
11-24 16:20:27.845  3604  4265 I hilg    : (REDACTED) hotword enrollment state is enrolled:  %b, speakerId model exist: %b. Voice Match supported : %b 
11-24 16:20:27.846  3604  4265 I hilg    : (REDACTED) isHotwordAvailable():  %b, isHotwordEnabled() %b 
11-24 16:20:27.846  3604  4265 I hilg    : (REDACTED) isHotwordAvailable():  %b, isHotwordEnabled() %b 
11-24 16:20:27.846  3604  4265 I hilg    : (REDACTED) Hotword enrollment state : %s.
11-24 16:20:27.846  3604  4265 I hilg    : (REDACTED) Voice Match (Speaker-id) supported : %b 
11-24 16:20:27.846  3604  4265 I hilg    : (REDACTED) Voice Match (Speaker-id) supported : %b 
11-24 16:20:27.846  3604  4265 I hilg    : (REDACTED) hotword enrollment state is enrolled:  %b, speakerId model exist: %b, voice match supported : %b
11-24 16:20:27.846  3604  4265 I hilg    : (REDACTED) Hotword isNonVoiceMatchHotwordEnabled: %b, isHotwordAvailable: %b, isHotwordEnabled: %b, isVoiceMatchSupported: %b, isHotwordEnrolled: %b,
11-24 16:20:27.846  3604  4265 I hioo    : (REDACTED) Ignore the legacy hotword request. voice match enabled %b, isHotwordSupported %b, isIncompleteEnrollmentState %b, nonVoiceMatchHotwordEnabled %b
11-24 16:20:27.850  1011  1189 I ASH     : @ 186080.039: tcs3701: stop power rail pending_off timer
11-24 16:20:27.850  1011  1189 D ASH     : @ 186080.039: tcs3701: start power rail timer, state:3
11-24 16:20:27.866  7181  7181 I cr_MultiInstance: Removed invalid instance data. Removed tasks-instance mappings: [Chrome.MultiInstance.TaskMap.0 - 1626] and shared prefs for instances: []
11-24 16:20:27.867  7181  7207 W DynamiteModule: Local module descriptor class for com.google.android.gms.googlecertificates not found.
11-24 16:20:27.867  7181  7181 I cr_MultiInstance: Existing Instance - persisted and unmapped Id allocated: 0
11-24 16:20:27.869  7181  7181 I cr_MultiInstance: Intent action: android.intent.action.MAIN
11-24 16:20:27.869  7181  7181 I cr_MultiInstance: Intent routed via ChromeLauncherActivity: false
11-24 16:20:27.869  7181  7181 I cr_MultiInstance: Referrer: android-app://com.android.shell
11-24 16:20:27.869  7181  7181 I cr_MultiInstance: Intent contains LAUNCHER category: true
11-24 16:20:27.869  7181  7181 I cr_MultiInstance: Intent contains FLAG_ACTIVITY_MULTIPLE_TASK: false
11-24 16:20:27.869  7181  7181 I cr_MultiInstance: Intent contains FLAG_ACTIVITY_NEW_TASK: true
11-24 16:20:27.869  7181  7181 I cr_MultiInstance: Intent component: com.google.android.apps.chrome.Main
11-24 16:20:27.869  7181  7181 I cr_MultiInstance: Intent sent by OS: false
11-24 16:20:27.869  7181  7181 I cr_MultiInstance: @ExternalAppId of intent source: 0
11-24 16:20:27.869  7181  7181 I cr_MultiInstance: Are all instances running: false
11-24 16:20:27.869  7181  7181 I cr_MultiInstance: Window allocation type: 6
11-24 16:20:27.869  7181  7181 I cr_MultiInstance: Window ID allocated: 0
11-24 16:20:27.869  7181  7181 W cr_ActivityDispatcher: CustomTabsIntent#shouldAlwaysUseBrowserUI() = false
11-24 16:20:27.869  7181  7181 D CompatibilityChangeReporter: Compat change id reported: 183155436; UID 10010; state: ENABLED
11-24 16:20:27.876  7181  7207 I DynamiteModule: Considering local module com.google.android.gms.googlecertificates:0 and remote module com.google.android.gms.googlecertificates:7
11-24 16:20:27.876  7181  7207 I DynamiteModule: Selected remote version of com.google.android.gms.googlecertificates, version >= 7
11-24 16:20:27.879  7181  7181 E m.chrome.canary: Invalid ID 0x00000000.
11-24 16:20:27.880  7181  7207 W System  : ClassLoader referenced unknown path: 
11-24 16:20:27.880  7181  7207 D nativeloader: Configuring clns-6 for other apk . target_sdk_version=34, uses_libraries=, library_path=/data/app/~~kuQRvAzVZuE4Ro2oLuwWdQ==/com.google.android.gms-oAttmqgZrSU_NO_sHK9RSA==/lib/arm64:/data/app/~~kuQRvAzVZuE4Ro2oLuwWdQ==/com.google.android.gms-oAttmqgZrSU_NO_sHK9RSA==/base.apk!/lib/arm64-v8a, permitted_path=/data:/mnt/expand:/data/user/0/com.google.android.gms
11-24 16:20:27.882  7181  7181 I cr_SplitCompatClassLoader: Splits: null
11-24 16:20:27.890  1011  1189 I ASH     : @ 186080.079: tcs3701: stop power rail pending_off timer
11-24 16:20:27.890  1011  1189 D ASH     : @ 186080.079: tcs3701: start power rail timer, state:3
11-24 16:20:27.902 13730 13730 E AbstractGmsTracer: Traced class shouldn't be obfuscated: GmsBoundBrokerChimeraService [CONTEXT service_id=259 ]
11-24 16:20:27.902 13730 13730 D BoundBrokerSvc: onBind: Intent { act=com.google.android.gms.safetynet.service.START pkg=com.google.android.gms }
11-24 16:20:27.903 13730 13730 D BoundBrokerSvc: Loading bound service for intent: Intent { act=com.google.android.gms.safetynet.service.START pkg=com.google.android.gms }
11-24 16:20:27.903 13730 13730 E AbstractGmsTracer: Traced class shouldn't be obfuscated: SafetyNetClientChimeraService [CONTEXT service_id=259 ]
11-24 16:20:27.906  7181  7181 W cr_ActivityDispatcher: CustomTabsIntent#shouldAlwaysUseBrowserUI() = false
11-24 16:20:27.906 13502 13502 E AbstractGmsTracer: Traced class shouldn't be obfuscated: GmsApiChimeraService [CONTEXT service_id=259 ]
11-24 16:20:27.907 13502 13502 D BoundBrokerSvc: onBind: Intent { act=com.google.android.gms.phenotype.service.START pkg=com.google.android.gms }
11-24 16:20:27.907 13502 13502 D BoundBrokerSvc: Loading bound service for intent: Intent { act=com.google.android.gms.phenotype.service.START pkg=com.google.android.gms }
11-24 16:20:27.908 13502 13502 E AbstractGmsTracer: Traced class shouldn't be obfuscated: PhenotypeChimeraService [CONTEXT service_id=259 ]
11-24 16:20:27.912  7181  7181 I cr_CompositorSurfaceMgr: Transitioning to surface with format: -1
11-24 16:20:27.924  7181  7181 D CompatibilityChangeReporter: Compat change id reported: 210923482; UID 10010; state: ENABLED
11-24 16:20:27.930  1011  1189 I ASH     : @ 186080.119: tcs3701: stop power rail pending_off timer
11-24 16:20:27.930  1011  1189 D ASH     : @ 186080.119: tcs3701: start power rail timer, state:3
11-24 16:20:27.950  7181  7181 D CompatibilityChangeReporter: Compat change id reported: 193247900; UID 10010; state: ENABLED
11-24 16:20:27.970  1011  1189 I ASH     : @ 186080.159: tcs3701: stop power rail pending_off timer
11-24 16:20:27.970  1011  1189 D ASH     : @ 186080.159: tcs3701: start power rail timer, state:3
11-24 16:20:27.971  7181  7181 W cr_ActivityDispatcher: CustomTabsIntent#shouldAlwaysUseBrowserUI() = false
11-24 16:20:27.976  7181  7181 D CompatibilityChangeReporter: Compat change id reported: 237531167; UID 10010; state: DISABLED
11-24 16:20:27.982  7181  7217 W Parcel  : Expecting binder but got null!
11-24 16:20:27.989  1795  3716 D CoreBackPreview: Window{9065bc4 u0 com.chrome.canary/com.google.android.apps.chrome.Main}: Setting back callback OnBackInvokedCallbackInfo{mCallback=android.window.IOnBackInvokedCallback$Stub$Proxy@721b9cf, mPriority=-1}
11-24 16:20:27.991  1795  2120 D CompatibilityChangeReporter: Compat change id reported: 143937733; UID 10010; state: ENABLED
11-24 16:20:27.992  1795  2120 D CompatibilityChangeReporter: Compat change id reported: 135634846; UID 10010; state: DISABLED
11-24 16:20:27.992  1795  2120 D CompatibilityChangeReporter: Compat change id reported: 207557677; UID 10010; state: ENABLED
11-24 16:20:27.992   987   987 W Zygote  : forkRepeatedly terminated due to non-simple command
11-24 16:20:27.992   987   987 D Zygote  : mbuffer starts with 15, nice name is com.chrome.canary_zygote, mEnd = 410, mNext = 191, mLinesLeft = 6, mFd = 5
11-24 16:20:27.998  7181  7217 I AdrenoGLES-0: QUALCOMM build                   : 4783c89, I46ff5fc46f
11-24 16:20:27.998  7181  7217 I AdrenoGLES-0: Build Date                       : 11/30/20
11-24 16:20:27.998  7181  7217 I AdrenoGLES-0: OpenGL ES Shader Compiler Version: EV031.31.04.01
11-24 16:20:27.998  7181  7217 I AdrenoGLES-0: Local Branch                     : QPR2
11-24 16:20:27.998  7181  7217 I AdrenoGLES-0: Remote Branch                    : 
11-24 16:20:27.998  7181  7217 I AdrenoGLES-0: Remote Branch                    : 
11-24 16:20:27.998  7181  7217 I AdrenoGLES-0: Reconstruct Branch               : 
11-24 16:20:27.998  7181  7217 I AdrenoGLES-0: Build Config                     : S P 10.0.4 AArch64
11-24 16:20:27.998  7181  7217 I AdrenoGLES-0: Driver Path                      : /vendor/lib64/egl/libGLESv2_adreno.so
11-24 16:20:28.000  7181  7181 I cr_StartSurfaceConfig: Recorded Startup.Android.FirstDrawCompletedTime.NoInstant = 124 ms
11-24 16:20:28.002  7181  7217 I AdrenoGLES-0: PFP: 0x016dd093, ME: 0x00000000
11-24 16:20:28.004  7181  7217 W AdrenoUtils: <ReadGpuID_from_sysfs:197>: Failed to open /sys/class/kgsl/kgsl-3d0/gpu_model
11-24 16:20:28.004  7181  7217 W AdrenoUtils: <ReadGpuID:221>: Failed to read chip ID from gpu_model. Fallback to use the GSL path
11-24 16:20:28.005   987   987 D Zygote  : Forked child process 7227
11-24 16:20:28.006 13502 23160 E ckqk    : Phenotype API error. Event # evhb@d80d8fb1, EventCode: 7 [CONTEXT service_id=51 ]
11-24 16:20:28.006 13502 23160 E ckqk    : ckoo: 29505: No config packages for log source, or config package not registered
11-24 16:20:28.006 13502 23160 E ckqk    : 	at ckrk.b(:com.google.android.gms@234414038@23.44.14 (190400-580326705):79)
11-24 16:20:28.006 13502 23160 E ckqk    : 	at ckrh.h(:com.google.android.gms@234414038@23.44.14 (190400-580326705):3)
11-24 16:20:28.006 13502 23160 E ckqk    : 	at ckqk.g(:com.google.android.gms@234414038@23.44.14 (190400-580326705):18)
11-24 16:20:28.006 13502 23160 E ckqk    : 	at ckqk.f(:com.google.android.gms@234414038@23.44.14 (190400-580326705):11)
11-24 16:20:28.006 13502 23160 E ckqk    : 	at bfmo.fh(:com.google.android.gms@234414038@23.44.14 (190400-580326705):1)
11-24 16:20:28.006 13502 23160 E ckqk    : 	at bfmz.run(:com.google.android.gms@234414038@23.44.14 (190400-580326705):100)
11-24 16:20:28.006 13502 23160 E ckqk    : 	at dvlp.run(:com.google.android.gms@234414038@23.44.14 (190400-580326705):13)
11-24 16:20:28.006 13502 23160 E ckqk    : 	at ajls.c(:com.google.android.gms@234414038@23.44.14 (190400-580326705):50)
11-24 16:20:28.006 13502 23160 E ckqk    : 	at ajls.run(:com.google.android.gms@234414038@23.44.14 (190400-580326705):76)
11-24 16:20:28.006 13502 23160 E ckqk    : 	at java.util.concurrent.ThreadPoolExecutor.runWorker(ThreadPoolExecutor.java:1145)
11-24 16:20:28.006 13502 23160 E ckqk    : 	at java.util.concurrent.ThreadPoolExecutor$Worker.run(ThreadPoolExecutor.java:644)
11-24 16:20:28.006 13502 23160 E ckqk    : 	at ajqx.run(:com.google.android.gms@234414038@23.44.14 (190400-580326705):8)
11-24 16:20:28.006 13502 23160 E ckqk    : 	at java.lang.Thread.run(Thread.java:1012)
11-24 16:20:28.008  7227  7227 I libc    : SetHeapTaggingLevel: tag level set to 0
11-24 16:20:28.008 13502 23160 W AsyncOperation: operation=GetExperimentTokensOperationCall, opStatusCode=29505 [CONTEXT service_id=51 ]
11-24 16:20:28.008 13502 23160 W AsyncOperation: OperationException[Status{statusCode=No config packages for log source, or config package not registered, resolution=null}]
11-24 16:20:28.008 13502 23160 W AsyncOperation: 	at ckqk.g(:com.google.android.gms@234414038@23.44.14 (190400-580326705):48)
11-24 16:20:28.008 13502 23160 W AsyncOperation: 	at ckqk.f(:com.google.android.gms@234414038@23.44.14 (190400-580326705):11)
11-24 16:20:28.008 13502 23160 W AsyncOperation: 	at bfmo.fh(:com.google.android.gms@234414038@23.44.14 (190400-580326705):1)
11-24 16:20:28.008 13502 23160 W AsyncOperation: 	at bfmz.run(:com.google.android.gms@234414038@23.44.14 (190400-580326705):100)
11-24 16:20:28.008 13502 23160 W AsyncOperation: 	at dvlp.run(:com.google.android.gms@234414038@23.44.14 (190400-580326705):13)
11-24 16:20:28.008 13502 23160 W AsyncOperation: 	at ajls.c(:com.google.android.gms@234414038@23.44.14 (190400-580326705):50)
11-24 16:20:28.008 13502 23160 W AsyncOperation: 	at ajls.run(:com.google.android.gms@234414038@23.44.14 (190400-580326705):76)
11-24 16:20:28.008 13502 23160 W AsyncOperation: 	at java.util.concurrent.ThreadPoolExecutor.runWorker(ThreadPoolExecutor.java:1145)
11-24 16:20:28.008 13502 23160 W AsyncOperation: 	at java.util.concurrent.ThreadPoolExecutor$Worker.run(ThreadPoolExecutor.java:644)
11-24 16:20:28.008 13502 23160 W AsyncOperation: 	at ajqx.run(:com.google.android.gms@234414038@23.44.14 (190400-580326705):8)
11-24 16:20:28.008 13502 23160 W AsyncOperation: 	at java.lang.Thread.run(Thread.java:1012)
11-24 16:20:28.009  7227  7227 I e.canary_zygote: Using CollectorTypeCC GC.
11-24 16:20:28.010  1011  1189 I ASH     : @ 186080.199: tcs3701: stop power rail pending_off timer
11-24 16:20:28.010  1011  1189 D ASH     : @ 186080.199: tcs3701: start power rail timer, state:3
11-24 16:20:28.010  1795  2120 W ZygoteProcess: Got error connecting to zygote, retrying. msg= Connection refused
11-24 16:20:28.011   648   711 I SDM     : HWCDisplay::GetColorModeCount: Supported color mode count = 3
11-24 16:20:28.011   648   711 I SDM     : HWCDisplay::GetColorModes: Color mode = 0 is supported
11-24 16:20:28.011   648   711 I SDM     : HWCDisplay::GetColorModes: Color mode = 7 is supported
11-24 16:20:28.011   648   711 I SDM     : HWCDisplay::GetColorModes: Color mode = 9 is supported
11-24 16:20:28.012  7181  7217 E OpenGLRenderer: Unable to match the desired swap behavior.
11-24 16:20:28.016   595   595 I servicemanager: Could not find android.hardware.graphics.allocator.IAllocator/default in the VINTF manifest.
11-24 16:20:28.033  1795  2096 I ActivityTaskManager: Displayed com.chrome.canary/com.google.android.apps.chrome.Main: +296ms
11-24 16:20:28.037  7181  7181 I cr_CombinedPProvider: #linkNativeInternal() 0
11-24 16:20:28.037  7181  7181 I cr_PolicyProvider: #setManagerAndSource() 0
11-24 16:20:28.037  2588  2588 I WallpaperService: engine paused
11-24 16:20:28.038  1011  1011 I sensors-hal: [hal]activate_physical_sensor:251, android.sensor.gyroscope/41 en=0
11-24 16:20:28.039  7181  7181 I cr_PolicyCacheProvider: #refresh() true
11-24 16:20:28.040  1011  1011 D Diag_Lib: diag: Diag_LSM_DeInit: invoked for pid: 1011
11-24 16:20:28.040  1011  1011 D Diag_Lib: diag: Diag_LSM_DeInit: done for pid: 1011
11-24 16:20:28.040  1011  1011 D Diag_Lib: diag: Diag_LSM_DeInit: invoked for pid: 1011
11-24 16:20:28.040  1011  1011 D Diag_Lib: diag: Diag_LSM_DeInit: done for pid: 1011
11-24 16:20:28.040  1011  1011 I sensors-hal: [hal]activate_physical_sensor:262, android.sensor.gyroscope/41 en=0 completed
11-24 16:20:28.050  1011  1189 I ASH     : @ 186080.239: tcs3701: stop power rail pending_off timer
11-24 16:20:28.051  1011  1189 D ASH     : @ 186080.239: tcs3701: start power rail timer, state:3
11-24 16:20:28.052  7181  7197 I cr_PartnerCustUma: Partner Customization delegate: 0.
11-24 16:20:28.052  7181  7197 W cr_PartnerCustomize: Partner homepage must be HTTP(S) or NewTabPage. Got invalid URL ""
11-24 16:20:28.062  1795  2120 I AppZygote: Starting application preload.
11-24 16:20:28.065  7227  7227 I AppZygoteInit: Beginning application preload for com.chrome.canary
11-24 16:20:28.066  7227  7227 W ziparchive: Unable to open '/data/app/~~-FnXeb6__ecKd-dFZ4kZZA==/com.google.android.trichromelibrary.canary_613700033-7Q2vBiD9q0nCftKFg-pq8w==/base.dm': No such file or directory
11-24 16:20:28.066  7227  7227 W ziparchive: Unable to open '/data/app/~~-FnXeb6__ecKd-dFZ4kZZA==/com.google.android.trichromelibrary.canary_613700033-7Q2vBiD9q0nCftKFg-pq8w==/base.dm': No such file or directory
11-24 16:20:28.067  7227  7227 W e.canary_zygote: Entry not found
11-24 16:20:28.068  7227  7227 D nativeloader: Configuring clns-4 for other apk /data/app/~~-FnXeb6__ecKd-dFZ4kZZA==/com.google.android.trichromelibrary.canary_613700033-7Q2vBiD9q0nCftKFg-pq8w==/base.apk. target_sdk_version=34, uses_libraries=ALL, library_path=/data/app/~~dutrJzl_xJkEyCCvIkexCw==/com.chrome.canary-4jcd8srf2WXxld2NC1r69A==/lib/arm64:/data/app/~~dutrJzl_xJkEyCCvIkexCw==/com.chrome.canary-4jcd8srf2WXxld2NC1r69A==/base.apk!/lib/arm64-v8a:/data/app/~~-FnXeb6__ecKd-dFZ4kZZA==/com.google.android.trichromelibrary.canary_613700033-7Q2vBiD9q0nCftKFg-pq8w==/base.apk!/lib/arm64-v8a, permitted_path=/data:/mnt/expand
11-24 16:20:28.075  7227  7227 D nativeloader: Configuring clns-5 for other apk /data/app/~~dutrJzl_xJkEyCCvIkexCw==/com.chrome.canary-4jcd8srf2WXxld2NC1r69A==/base.apk. target_sdk_version=34, uses_libraries=, library_path=/data/app/~~dutrJzl_xJkEyCCvIkexCw==/com.chrome.canary-4jcd8srf2WXxld2NC1r69A==/lib/arm64:/data/app/~~dutrJzl_xJkEyCCvIkexCw==/com.chrome.canary-4jcd8srf2WXxld2NC1r69A==/base.apk!/lib/arm64-v8a:/data/app/~~-FnXeb6__ecKd-dFZ4kZZA==/com.google.android.trichromelibrary.canary_613700033-7Q2vBiD9q0nCftKFg-pq8w==/base.apk!/lib/arm64-v8a, permitted_path=/data:/mnt/expand
11-24 16:20:28.079  7227  7227 I cr_ZygotePreload: Loaded Zygote. version=121.0.6137.0 minSdkVersion=29 isBundle=true
11-24 16:20:28.084  7227  7227 I cr_LibraryLoader: Loading monochrome_64 from within /data/app/~~dutrJzl_xJkEyCCvIkexCw==/com.chrome.canary-4jcd8srf2WXxld2NC1r69A==/base.apk
11-24 16:20:28.084  7227  7227 I cr_Linker: loadLibraryImplLocked: monochrome_64, relroMode=1
11-24 16:20:28.090  1011  1189 I ASH     : @ 186080.279: tcs3701: stop power rail pending_off timer
11-24 16:20:28.090  1011  1189 D ASH     : @ 186080.279: tcs3701: start power rail timer, state:3
11-24 16:20:28.100  1795  2120 I AppZygote: Application preload done.
11-24 16:20:28.100  7227  7227 I AppZygoteInit: Application preload done
11-24 16:20:28.114  7227  7233 W e.canary_zygote: Reducing the number of considered missed Gc histogram windows from 18607 to 100
11-24 16:20:28.116  7227  7227 I Zygote  : Entering forkRepeatedly native zygote loop
11-24 16:20:28.120  7181  7181 I chromium: [INFO:policy_logger.cc(144)] :components/enterprise/browser/controller/chrome_browser_cloud_management_controller.cc(273) Deferring CBCM Controller Initialization until it is unblocked.
11-24 16:20:28.124  7227  7227 D Zygote  : Forked child process 7253
11-24 16:20:28.126  1795  2120 W ActivityManager: Slow operation: 135ms so far, now at startProcess: returned from zygote!
11-24 16:20:28.126  1795  2120 W ActivityManager: Slow operation: 136ms so far, now at startProcess: done updating battery stats
11-24 16:20:28.126  1795  2120 W ActivityManager: Slow operation: 136ms so far, now at startProcess: building log message
11-24 16:20:28.126  1795  2120 I ActivityManager: Start proc 7253:com.chrome.canary:sandboxed_process0:org.chromium.content.app.SandboxedProcessService0:0/u0ai0 for  {com.chrome.canary/org.chromium.content.app.SandboxedProcessService0:0}
11-24 16:20:28.126  1795  2120 W ActivityManager: Slow operation: 136ms so far, now at startProcess: starting to update pids map
11-24 16:20:28.126  1795  2120 W ActivityManager: Slow operation: 136ms so far, now at startProcess: done updating pids map
11-24 16:20:28.127  7253  7253 E libc    : SetHeapTaggingLevel: re-enabling tagging after it was disabled is not supported
11-24 16:20:28.129   987   987 I Zygote  : Entering forkRepeatedly native zygote loop
11-24 16:20:28.130  1011  1189 I ASH     : @ 186080.319: tcs3701: stop power rail pending_off timer
11-24 16:20:28.130  1011  1189 D ASH     : @ 186080.319: tcs3701: start power rail timer, state:3
11-24 16:20:28.137  7253  7253 I ocessService0:0: Using CollectorTypeCC GC.
11-24 16:20:28.139   987   987 D Zygote  : Forked child process 7260
11-24 16:20:28.140  1795  2120 I ActivityManager: Start proc 7260:com.chrome.canary:privileged_process0/u0a10 for service {com.chrome.canary/org.chromium.content.app.PrivilegedProcessService0}
11-24 16:20:28.147  1383  1442 I adbd    : jdwp connection from 7253
11-24 16:20:28.147  7181  7181 I cr_SmsProviderGms: construction successfull AM3@7e0e26d, xM3@a488733
11-24 16:20:28.156  7260  7260 I ileged_process0: Using CollectorTypeCC GC.
11-24 16:20:28.162  1795  3716 D ConnectivityService: requestNetwork for uid/pid:10010/7181 activeRequest: null callbackRequest: 5003 [NetworkRequest [ REQUEST id=5004, [ Capabilities: INTERNET&NOT_RESTRICTED&TRUSTED&NOT_VCN_MANAGED Uid: 10010 RequestorUid: 10010 RequestorPkg: com.chrome.canary UnderlyingNetworks: Null] ]] callback flags: 0 order: 2147483647
11-24 16:20:28.166  1795  2424 D WifiNetworkFactory: got request NetworkRequest [ REQUEST id=5004, [ Capabilities: INTERNET&NOT_RESTRICTED&TRUSTED&NOT_VCN_MANAGED Uid: 10010 RequestorUid: 10010 RequestorPkg: com.chrome.canary UnderlyingNetworks: Null] ]
11-24 16:20:28.166  1795  2424 V WifiNetworkFactory: Accepted network request NetworkRequest [ REQUEST id=5004, [ Capabilities: INTERNET&NOT_RESTRICTED&TRUSTED&NOT_VCN_MANAGED Uid: 10010 RequestorUid: 10010 RequestorPkg: com.chrome.canary UnderlyingNetworks: Null] ]
11-24 16:20:28.166  1795  2424 D UntrustedWifiNetworkFactory: got request NetworkRequest [ REQUEST id=5004, [ Capabilities: INTERNET&NOT_RESTRICTED&TRUSTED&NOT_VCN_MANAGED Uid: 10010 RequestorUid: 10010 RequestorPkg: com.chrome.canary UnderlyingNetworks: Null] ]
11-24 16:20:28.167  1795  2424 D OemPaidWifiNetworkFactory: got request NetworkRequest [ REQUEST id=5004, [ Capabilities: INTERNET&NOT_RESTRICTED&TRUSTED&NOT_VCN_MANAGED Uid: 10010 RequestorUid: 10010 RequestorPkg: com.chrome.canary UnderlyingNetworks: Null] ]
11-24 16:20:28.168  1795  2432 D ConnectivityService: NetReassign [5004 : null → 100] [c 0] [a 1] [i 5]
11-24 16:20:28.168  1795  2424 D MultiInternetWifiNetworkFactory: got request NetworkRequest [ REQUEST id=5004, [ Capabilities: INTERNET&NOT_RESTRICTED&TRUSTED&NOT_VCN_MANAGED Uid: 10010 RequestorUid: 10010 RequestorPkg: com.chrome.canary UnderlyingNetworks: Null] ]
11-24 16:20:28.170  1011  1189 I ASH     : @ 186080.359: tcs3701: stop power rail pending_off timer
11-24 16:20:28.170  1011  1189 D ASH     : @ 186080.359: tcs3701: start power rail timer, state:3
11-24 16:20:28.171  1795  2432 D ConnectivityService: NetReassign [no changes] [c 0] [a 1] [i 1]
11-24 16:20:28.173  1383  1442 I adbd    : jdwp connection from 7260
11-24 16:20:28.173  3657  3683 D ForegroundUtils: Foreground UID status:
11-24 16:20:28.173  3657  3683 D ForegroundUtils: UID: 10010 is in foreground: true
11-24 16:20:28.173  3657  3683 D ForegroundUtils: UID: 10128 is in foreground: true
11-24 16:20:28.173  3657  3683 D ForegroundUtils: UID: 10145 is in foreground: true
11-24 16:20:28.173  3657  3683 D ForegroundUtils: UID: 10158 is in foreground: true
11-24 16:20:28.173  3657  3683 D ForegroundUtils: UID: 10189 is in foreground: false
11-24 16:20:28.173  3657  3683 D ForegroundUtils: UID: 10194 is in foreground: true
11-24 16:20:28.173  3657  3683 D ForegroundUtils: UID: 10206 is in foreground: false
11-24 16:20:28.173  3657  3683 D ForegroundUtils: UID: 10233 is in foreground: true
11-24 16:20:28.173  3657  3683 D ForegroundUtils: UID: 10244 is in foreground: true
11-24 16:20:28.173  3657  3683 D ForegroundUtils: UID: 10319 is in foreground: true
11-24 16:20:28.173  3657  3683 D ForegroundUtils: UID: 90000 is in foreground: true
11-24 16:20:28.174  7253  7253 I ActivityThread: Relaunch all activities: onCoreSettingsChange
11-24 16:20:28.174  7253  7253 D CompatibilityChangeReporter: Compat change id reported: 171979766; UID 90000; state: ENABLED
11-24 16:20:28.190  7253  7253 I LoadedApk: No resource references to update in package com.google.android.trichromelibrary.canary
11-24 16:20:28.190  7253  7253 D NetworkSecurityConfig: Using Network Security Config from resource 0_resource_name_obfuscated debugBuild: false
11-24 16:20:28.191  7253  7253 D NetworkSecurityConfig: Using Network Security Config from resource 0_resource_name_obfuscated debugBuild: false
11-24 16:20:28.191  1795  3789 D ConnectivityService: requestNetwork for uid/pid:10010/7181 activeRequest: null callbackRequest: 5006 [NetworkRequest [ REQUEST id=5007, [ Capabilities: INTERNET&NOT_RESTRICTED&TRUSTED&NOT_VCN_MANAGED Uid: 10010 RequestorUid: 10010 RequestorPkg: com.chrome.canary UnderlyingNetworks: Null] ]] callback flags: 0 order: 2147483647
11-24 16:20:28.192  7253  7253 I cr_SplitCompatApp: Launched version=121.0.6137.0 minSdkVersion=29 isBundle=true processName=com.chrome.canary:sandboxed_process0:org.chromium.content.app.SandboxedProcessService0:0 isIsolated=true
11-24 16:20:28.195  7260  7260 I ActivityThread: Relaunch all activities: onCoreSettingsChange
11-24 16:20:28.196  1795  2424 D WifiNetworkFactory: got request NetworkRequest [ REQUEST id=5007, [ Capabilities: INTERNET&NOT_RESTRICTED&TRUSTED&NOT_VCN_MANAGED Uid: 10010 RequestorUid: 10010 RequestorPkg: com.chrome.canary UnderlyingNetworks: Null] ]
11-24 16:20:28.196  1795  2424 V WifiNetworkFactory: Accepted network request NetworkRequest [ REQUEST id=5007, [ Capabilities: INTERNET&NOT_RESTRICTED&TRUSTED&NOT_VCN_MANAGED Uid: 10010 RequestorUid: 10010 RequestorPkg: com.chrome.canary UnderlyingNetworks: Null] ]
11-24 16:20:28.196  1795  2424 D UntrustedWifiNetworkFactory: got request NetworkRequest [ REQUEST id=5007, [ Capabilities: INTERNET&NOT_RESTRICTED&TRUSTED&NOT_VCN_MANAGED Uid: 10010 RequestorUid: 10010 RequestorPkg: com.chrome.canary UnderlyingNetworks: Null] ]
11-24 16:20:28.196  7260  7260 D CompatibilityChangeReporter: Compat change id reported: 171979766; UID 10010; state: ENABLED
11-24 16:20:28.196  1795  2424 D OemPaidWifiNetworkFactory: got request NetworkRequest [ REQUEST id=5007, [ Capabilities: INTERNET&NOT_RESTRICTED&TRUSTED&NOT_VCN_MANAGED Uid: 10010 RequestorUid: 10010 RequestorPkg: com.chrome.canary UnderlyingNetworks: Null] ]
11-24 16:20:28.197  1795  2432 D ConnectivityService: NetReassign [5007 : null → 100] [c 0] [a 1] [i 4]
11-24 16:20:28.197  7181  7181 I cr_EnterpriseInfoImpl: #setCacheResult() deviceOwned:false profileOwned:false
11-24 16:20:28.197  7181  7181 I cr_EnterpriseInfo: #getManagedStateForNative() CQ0@8238258
11-24 16:20:28.197  1795  2424 D MultiInternetWifiNetworkFactory: got request NetworkRequest [ REQUEST id=5007, [ Capabilities: INTERNET&NOT_RESTRICTED&TRUSTED&NOT_VCN_MANAGED Uid: 10010 RequestorUid: 10010 RequestorPkg: com.chrome.canary UnderlyingNetworks: Null] ]
11-24 16:20:28.197  7181  7181 I cr_CombinedPProvider: #registerProvider() provider:gN2@e57fb1 isPolicyCacheEnabled:true policyProvidersSize:0
11-24 16:20:28.198  7181  7181 I cr_PolicyProvider: #setManagerAndSource() 0
11-24 16:20:28.198  7181  7181 I cr_CombinedPProvider: #registerProvider() provider:fj@2857c96 isPolicyCacheEnabled:false policyProvidersSize:1
11-24 16:20:28.198  7181  7181 I cr_PolicyProvider: #setManagerAndSource() 1
11-24 16:20:28.199  7181  7181 I cr_AppResProvider: #getApplicationRestrictionsFromUserManager() Bundle[EMPTY_PARCEL]
11-24 16:20:28.199  7181  7181 I cr_PolicyProvider: #notifySettingsAvailable() 1
11-24 16:20:28.199  7181  7181 I cr_CombinedPProvider: #onSettingsAvailable() 1
11-24 16:20:28.200  1795  2432 D ConnectivityService: NetReassign [no changes] [c 0] [a 1] [i 2]
11-24 16:20:28.202  7253  7253 W SystemServiceRegistry: No service published for: uimode
11-24 16:20:28.204  7260  7260 W ziparchive: Unable to open '/data/app/~~-FnXeb6__ecKd-dFZ4kZZA==/com.google.android.trichromelibrary.canary_613700033-7Q2vBiD9q0nCftKFg-pq8w==/base.dm': No such file or directory
11-24 16:20:28.204  7260  7260 W ziparchive: Unable to open '/data/app/~~-FnXeb6__ecKd-dFZ4kZZA==/com.google.android.trichromelibrary.canary_613700033-7Q2vBiD9q0nCftKFg-pq8w==/base.dm': No such file or directory
11-24 16:20:28.205  7260  7260 W ileged_process0: Entry not found
11-24 16:20:28.206  7260  7260 D nativeloader: Configuring clns-4 for other apk /data/app/~~-FnXeb6__ecKd-dFZ4kZZA==/com.google.android.trichromelibrary.canary_613700033-7Q2vBiD9q0nCftKFg-pq8w==/base.apk. target_sdk_version=34, uses_libraries=ALL, library_path=/data/app/~~dutrJzl_xJkEyCCvIkexCw==/com.chrome.canary-4jcd8srf2WXxld2NC1r69A==/lib/arm64:/data/app/~~dutrJzl_xJkEyCCvIkexCw==/com.chrome.canary-4jcd8srf2WXxld2NC1r69A==/base.apk!/lib/arm64-v8a:/data/app/~~-FnXeb6__ecKd-dFZ4kZZA==/com.google.android.trichromelibrary.canary_613700033-7Q2vBiD9q0nCftKFg-pq8w==/base.apk!/lib/arm64-v8a, permitted_path=/data:/mnt/expand:/data/user/0/com.chrome.canary
11-24 16:20:28.209  7253  7253 I cr_ChildProcessService: Creating new ChildProcessService pid=7253
11-24 16:20:28.210  1011  1189 I ASH     : @ 186080.399: tcs3701: stop power rail pending_off timer
11-24 16:20:28.210  1011  1189 D ASH     : @ 186080.399: tcs3701: start power rail timer, state:3
11-24 16:20:28.215  7181  7181 I cr_CompositorSurfaceMgr: Transitioning to surface with format: -1
11-24 16:20:28.215  1795  3789 D CompatibilityChangeReporter: Compat change id reported: 182734110; UID 10010; state: ENABLED
11-24 16:20:28.216  1795  3789 D CompatibilityChangeReporter: Compat change id reported: 149924527; UID 10010; state: ENABLED
11-24 16:20:28.216  1795  3789 D CompatibilityChangeReporter: Compat change id reported: 132649864; UID 10010; state: DISABLED
11-24 16:20:28.217  7181  7181 I cr_CompositorSurfaceMgr: surfaceCreated format: 0
11-24 16:20:28.218  7260  7260 D nativeloader: Configuring clns-5 for other apk /data/app/~~dutrJzl_xJkEyCCvIkexCw==/com.chrome.canary-4jcd8srf2WXxld2NC1r69A==/base.apk. target_sdk_version=34, uses_libraries=, library_path=/data/app/~~dutrJzl_xJkEyCCvIkexCw==/com.chrome.canary-4jcd8srf2WXxld2NC1r69A==/lib/arm64:/data/app/~~dutrJzl_xJkEyCCvIkexCw==/com.chrome.canary-4jcd8srf2WXxld2NC1r69A==/base.apk!/lib/arm64-v8a:/data/app/~~-FnXeb6__ecKd-dFZ4kZZA==/com.google.android.trichromelibrary.canary_613700033-7Q2vBiD9q0nCftKFg-pq8w==/base.apk!/lib/arm64-v8a, permitted_path=/data:/mnt/expand:/data/user/0/com.chrome.canary
11-24 16:20:28.225  7181  7181 W m.chrome.canary: Accessing hidden method Landroid/telephony/TelephonyManager;->getSubscriberInfoService()Lcom/android/internal/telephony/IPhoneSubInfo; (blocked, reflection, denied)
11-24 16:20:28.225  7181  7181 W m.chrome.canary: Accessing hidden method Landroid/telephony/TelephonyManager;->getSubscriberInfoService()Lcom/android/internal/telephony/IPhoneSubInfo; (blocked, reflection, denied)
11-24 16:20:28.225  7181  7181 W m.chrome.canary: Accessing hidden method Landroid/telephony/TelephonyManager;->getSubscriptionService()Lcom/android/internal/telephony/ISub; (blocked, reflection, denied)
11-24 16:20:28.226  7181  7181 W m.chrome.canary: Accessing hidden method Landroid/telephony/TelephonyManager;->getSubscriptionService()Lcom/android/internal/telephony/ISub; (blocked, reflection, denied)
11-24 16:20:28.226  7181  7181 W m.chrome.canary: Accessing hidden method Landroid/telephony/TelephonyManager;->getSmsService()Lcom/android/internal/telephony/ISms; (blocked, reflection, denied)
11-24 16:20:28.226  7181  7181 W m.chrome.canary: Accessing hidden method Landroid/telephony/TelephonyManager;->getSmsService()Lcom/android/internal/telephony/ISms; (blocked, reflection, denied)
11-24 16:20:28.226  7181  7181 W m.chrome.canary: Accessing hidden method Landroid/telephony/TelephonyManager;->getITelephony()Lcom/android/internal/telephony/ITelephony; (max-target-p, reflection, denied)
11-24 16:20:28.226  7181  7181 W m.chrome.canary: Accessing hidden method Landroid/telephony/TelephonyManager;->getITelephony()Lcom/android/internal/telephony/ITelephony; (max-target-p, reflection, denied)
11-24 16:20:28.227  7260  7260 V GraphicsEnvironment: ANGLE Developer option for 'com.chrome.canary' set to: 'default'
11-24 16:20:28.228  7260  7260 V GraphicsEnvironment: ANGLE GameManagerService for com.chrome.canary: false
11-24 16:20:28.228  7260  7260 V GraphicsEnvironment: Updatable production driver is not supported on the device.
11-24 16:20:28.229  7260  7260 I LoadedApk: No resource references to update in package com.google.android.trichromelibrary.canary
11-24 16:20:28.229  7260  7260 D NetworkSecurityConfig: Using Network Security Config from resource 0_resource_name_obfuscated debugBuild: false
11-24 16:20:28.229  7260  7260 D NetworkSecurityConfig: Using Network Security Config from resource 0_resource_name_obfuscated debugBuild: false
11-24 16:20:28.230  7260  7260 I cr_SplitCompatApp: Launched version=121.0.6137.0 minSdkVersion=29 isBundle=true processName=com.chrome.canary:privileged_process0 isIsolated=false
11-24 16:20:28.236  7260  7260 I cr_ChildProcessService: Creating new ChildProcessService pid=7260
11-24 16:20:28.239  7181  7245 W chromium: [WARNING:ev_root_ca_metadata.cc(119)] Not implemented
11-24 16:20:28.239  7181  7245 W chromium: [WARNING:ev_root_ca_metadata.cc(119)] Not implemented
11-24 16:20:28.244  7260  7292 I cr_LibraryLoader: Loading monochrome_64 from within /data/app/~~dutrJzl_xJkEyCCvIkexCw==/com.chrome.canary-4jcd8srf2WXxld2NC1r69A==/base.apk
11-24 16:20:28.244  7260  7292 I cr_Linker: loadLibraryImplLocked: monochrome_64, relroMode=2
11-24 16:20:28.247  7181  7244 W chromium: [WARNING:ev_root_ca_metadata.cc(119)] Not implemented
11-24 16:20:28.247  7181  7244 W chromium: [WARNING:ev_root_ca_metadata.cc(119)] Not implemented
11-24 16:20:28.249  7181  7181 I cr_PolicyProvider: #notifySettingsAvailable() 0
11-24 16:20:28.249  7181  7181 I cr_CombinedPProvider: #onSettingsAvailable() 0
11-24 16:20:28.249  7181  7181 I cr_CombinedPProvider: #flushPolicies()
11-24 16:20:28.249  7181  7181 I cr_PolicyService: #onPolicyServiceInitialized()
11-24 16:20:28.249  7181  7181 I cr_PolicyProvider: #notifySettingsAvailable() 0
11-24 16:20:28.249  7181  7181 I cr_CombinedPProvider: #onSettingsAvailable() 0
11-24 16:20:28.249  7181  7181 I cr_CombinedPProvider: #flushPolicies()
11-24 16:20:28.249  7181  7181 I cr_ChromeTabbedActivity: #initializeState
11-24 16:20:28.250  1011  1189 I ASH     : @ 186080.439: tcs3701: stop power rail pending_off timer
11-24 16:20:28.250  1011  1189 D ASH     : @ 186080.439: tcs3701: start power rail timer, state:3
11-24 16:20:28.254  7181  7249 I tflite  : Initialized TensorFlow Lite runtime.
11-24 16:20:28.258  7181  7249 W libc    : Access denied finding property "ro.mediatek.platform"
11-24 16:20:28.258  7181  7249 W libc    : Access denied finding property "ro.chipname"
11-24 16:20:28.258  7181  7249 W libc    : Access denied finding property "ro.hardware.chipname"
11-24 16:20:28.262  7260  7292 I cr_LibraryLoader: Successfully loaded native library
11-24 16:20:28.263  7260  7292 I cr_CachingUmaRecorder: Flushed 4 samples from 4 histograms, 0 samples were dropped.
11-24 16:20:28.273  7260  7292 I AdrenoGLES-0: QUALCOMM build                   : 4783c89, I46ff5fc46f
11-24 16:20:28.273  7260  7292 I AdrenoGLES-0: Build Date                       : 11/30/20
11-24 16:20:28.273  7260  7292 I AdrenoGLES-0: OpenGL ES Shader Compiler Version: EV031.31.04.01
11-24 16:20:28.273  7260  7292 I AdrenoGLES-0: Local Branch                     : QPR2
11-24 16:20:28.273  7260  7292 I AdrenoGLES-0: Remote Branch                    : 
11-24 16:20:28.273  7260  7292 I AdrenoGLES-0: Remote Branch                    : 
11-24 16:20:28.273  7260  7292 I AdrenoGLES-0: Reconstruct Branch               : 
11-24 16:20:28.273  7260  7292 I AdrenoGLES-0: Build Config                     : S P 10.0.4 AArch64
11-24 16:20:28.273  7260  7292 I AdrenoGLES-0: Driver Path                      : /vendor/lib64/egl/libGLESv2_adreno.so
11-24 16:20:28.279  7260  7292 I AdrenoGLES-0: PFP: 0x016dd093, ME: 0x00000000
11-24 16:20:28.281  7181  7181 E m.chrome.canary: Invalid ID 0x00000000.
11-24 16:20:28.282  7260  7292 W AdrenoUtils: <ReadGpuID_from_sysfs:197>: Failed to open /sys/class/kgsl/kgsl-3d0/gpu_model
11-24 16:20:28.282  7260  7292 W AdrenoUtils: <ReadGpuID:221>: Failed to read chip ID from gpu_model. Fallback to use the GSL path
11-24 16:20:28.290 13730 13730 D BoundBrokerSvc: onBind: Intent { act=com.google.android.gms.languageprofile.service.START pkg=com.google.android.gms }
