11-24 14:19:58.229  1011  1189 D ASH     : @ 178850.419: tcs3701: start power rail timer, state:3
11-24 14:19:58.269  1011  1189 I ASH     : @ 178850.459: tcs3701: stop power rail pending_off timer
11-24 14:19:58.269  1011  1189 D ASH     : @ 178850.459: tcs3701: start power rail timer, state:3
11-24 14:19:58.270 10476 10512 I BatteryMgr:DataCollectionService: stats => 1700831998270,9460,4448,11901,4169000,100
11-24 14:19:58.309  1011  1189 I ASH     : @ 178850.499: tcs3701: stop power rail pending_off timer
11-24 14:19:58.309  1011  1189 D ASH     : @ 178850.499: tcs3701: start power rail timer, state:3
11-24 14:19:58.350  1011  1189 I ASH     : @ 178850.539: tcs3701: stop power rail pending_off timer
11-24 14:19:58.350  1011  1189 D ASH     : @ 178850.539: tcs3701: start power rail timer, state:3
11-24 14:19:58.378 10476 10512 I BatteryMgr:DataCollectionService: stats => 1700831998378,9460,4448,11901,4169000,100
11-24 14:19:58.389  1011  1189 I ASH     : @ 178850.579: tcs3701: stop power rail pending_off timer
11-24 14:19:58.389  1011  1189 D ASH     : @ 178850.579: tcs3701: start power rail timer, state:3
11-24 14:19:58.429  1011  1189 I ASH     : @ 178850.619: tcs3701: stop power rail pending_off timer
11-24 14:19:58.429  1011  1189 D ASH     : @ 178850.619: tcs3701: start power rail timer, state:3
11-24 14:19:58.469  1011  1189 I ASH     : @ 178850.659: tcs3701: stop power rail pending_off timer
11-24 14:19:58.469  1011  1189 D ASH     : @ 178850.659: tcs3701: start power rail timer, state:3
11-24 14:19:58.488 10476 10512 I BatteryMgr:DataCollectionService: stats => 1700831998488,9460,4448,11901,4169000,100
11-24 14:19:58.509  1011  1189 I ASH     : @ 178850.699: tcs3701: stop power rail pending_off timer
11-24 14:19:58.509  1011  1189 D ASH     : @ 178850.699: tcs3701: start power rail timer, state:3
11-24 14:19:58.550  1011  1189 I ASH     : @ 178850.739: tcs3701: stop power rail pending_off timer
11-24 14:19:58.550  1011  1189 D ASH     : @ 178850.739: tcs3701: start power rail timer, state:3
11-24 14:19:58.589  1011  1189 I ASH     : @ 178850.779: tcs3701: stop power rail pending_off timer
11-24 14:19:58.589  1011  1189 D ASH     : @ 178850.779: tcs3701: start power rail timer, state:3
11-24 14:19:58.591  1795  3001 D ActivityManager: freezer override set to true
11-24 14:19:58.594 10476 10512 I BatteryMgr:DataCollectionService: stats => 1700831998594,9460,4448,11901,4169000,100
11-24 14:19:58.630  1011  1189 I ASH     : @ 178850.819: tcs3701: stop power rail pending_off timer
11-24 14:19:58.630  1011  1189 D ASH     : @ 178850.819: tcs3701: start power rail timer, state:3
11-24 14:19:58.669  1011  1189 I ASH     : @ 178850.859: tcs3701: stop power rail pending_off timer
11-24 14:19:58.669  1011  1189 D ASH     : @ 178850.859: tcs3701: start power rail timer, state:3
11-24 14:19:58.693 20923 20936 I m.chrome.canary: Explicit concurrent copying GC freed 3605(176KB) AllocSpace objects, 3(60KB) LOS objects, 75% free, 12MB/50MB, paused 102us,26us total 58.438ms
11-24 14:19:58.704 10476 10512 I BatteryMgr:DataCollectionService: stats => 1700831998704,9460,4448,11901,4169000,100
11-24 14:19:58.709  1011  1189 I ASH     : @ 178850.899: tcs3701: stop power rail pending_off timer
11-24 14:19:58.709  1011  1189 D ASH     : @ 178850.899: tcs3701: start power rail timer, state:3
11-24 14:19:58.749  1011  1189 I ASH     : @ 178850.939: tcs3701: stop power rail pending_off timer
11-24 14:19:58.749  1011  1189 D ASH     : @ 178850.939: tcs3701: start power rail timer, state:3
11-24 14:19:58.761  1795  3001 D ActivityManager: freezer override set to false
11-24 14:19:58.777  1795  3001 D ActivityManager: freezer override set to true
11-24 14:19:58.781  1795  3001 D ActivityManager: freezer override set to false
11-24 14:19:58.789  1011  1189 I ASH     : @ 178850.979: tcs3701: stop power rail pending_off timer
11-24 14:19:58.789  1011  1189 D ASH     : @ 178850.979: tcs3701: start power rail timer, state:3
11-24 14:19:58.811 10476 10512 I BatteryMgr:DataCollectionService: stats => 1700831998811,9460,4448,11901,4169000,100
11-24 14:19:58.829  1011  1189 I ASH     : @ 178851.019: tcs3701: stop power rail pending_off timer
11-24 14:19:58.829  1011  1189 D ASH     : @ 178851.019: tcs3701: start power rail timer, state:3
11-24 14:19:58.832  1795  3001 D ActivityManager: freezer override set to true
11-24 14:19:58.834  1795  3001 D ActivityManager: freezer override set to false
11-24 14:19:58.869  1011  1189 I ASH     : @ 178851.059: tcs3701: stop power rail pending_off timer
11-24 14:19:58.869  1011  1189 D ASH     : @ 178851.059: tcs3701: start power rail timer, state:3
11-24 14:19:58.909  1011  1189 I ASH     : @ 178851.099: tcs3701: stop power rail pending_off timer
11-24 14:19:58.909  1011  1189 D ASH     : @ 178851.099: tcs3701: start power rail timer, state:3
11-24 14:19:58.920 10476 10512 I BatteryMgr:DataCollectionService: stats => 1700831998920,9460,4448,11901,4169000,100
11-24 14:19:58.949  1011  1189 I ASH     : @ 178851.139: tcs3701: stop power rail pending_off timer
11-24 14:19:58.949  1011  1189 D ASH     : @ 178851.139: tcs3701: start power rail timer, state:3
11-24 14:19:58.989  1011  1189 I ASH     : @ 178851.179: tcs3701: stop power rail pending_off timer
11-24 14:19:58.989  1011  1189 D ASH     : @ 178851.179: tcs3701: start power rail timer, state:3
11-24 14:19:59.028 10476 10512 I BatteryMgr:DataCollectionService: stats => 1700831999028,9460,4448,11901,4169000,100
11-24 14:19:59.029  1011  1189 I ASH     : @ 178851.219: tcs3701: stop power rail pending_off timer
11-24 14:19:59.029  1011  1189 D ASH     : @ 178851.219: tcs3701: start power rail timer, state:3
11-24 14:19:59.069  1011  1189 I ASH     : @ 178851.259: tcs3701: stop power rail pending_off timer
11-24 14:19:59.069  1011  1189 D ASH     : @ 178851.259: tcs3701: start power rail timer, state:3
11-24 14:19:59.109  1011  1189 I ASH     : @ 178851.299: tcs3701: stop power rail pending_off timer
11-24 14:19:59.109  1011  1189 D ASH     : @ 178851.299: tcs3701: start power rail timer, state:3
11-24 14:19:59.135 10476 10512 I BatteryMgr:DataCollectionService: stats => 1700831999135,9460,4448,11901,4169000,100
11-24 14:19:59.149  1011  1189 I ASH     : @ 178851.339: tcs3701: stop power rail pending_off timer
11-24 14:19:59.149  1011  1189 D ASH     : @ 178851.339: tcs3701: start power rail timer, state:3
11-24 14:19:59.189  1011  1189 I ASH     : @ 178851.379: tcs3701: stop power rail pending_off timer
11-24 14:19:59.189  1011  1189 D ASH     : @ 178851.379: tcs3701: start power rail timer, state:3
11-24 14:19:59.229  1011  1189 I ASH     : @ 178851.419: tcs3701: stop power rail pending_off timer
11-24 14:19:59.229  1011  1189 D ASH     : @ 178851.419: tcs3701: start power rail timer, state:3
11-24 14:19:59.241 10476 10512 I BatteryMgr:DataCollectionService: stats => 1700831999241,9460,4448,11901,4169000,100
11-24 14:19:59.269  1011  1189 I ASH     : @ 178851.459: tcs3701: stop power rail pending_off timer
11-24 14:19:59.269  1011  1189 D ASH     : @ 178851.459: tcs3701: start power rail timer, state:3
11-24 14:19:59.310  1011  1189 I ASH     : @ 178851.499: tcs3701: stop power rail pending_off timer
11-24 14:19:59.310  1011  1189 D ASH     : @ 178851.499: tcs3701: start power rail timer, state:3
11-24 14:19:59.348 10476 10512 I BatteryMgr:DataCollectionService: stats => 1700831999348,9460,4448,11901,4169000,100
11-24 14:19:59.349  1011  1189 I ASH     : @ 178851.539: tcs3701: stop power rail pending_off timer
11-24 14:19:59.349  1011  1189 D ASH     : @ 178851.539: tcs3701: start power rail timer, state:3
11-24 14:19:59.389  1011  1189 I ASH     : @ 178851.579: tcs3701: stop power rail pending_off timer
11-24 14:19:59.389  1011  1189 D ASH     : @ 178851.579: tcs3701: start power rail timer, state:3
11-24 14:19:59.429  1011  1189 I ASH     : @ 178851.619: tcs3701: stop power rail pending_off timer
11-24 14:19:59.429  1011  1189 D ASH     : @ 178851.619: tcs3701: start power rail timer, state:3
11-24 14:19:59.455 10476 10512 I BatteryMgr:DataCollectionService: stats => 1700831999455,9460,4448,11901,4169000,100
11-24 14:19:59.470  1011  1189 I ASH     : @ 178851.659: tcs3701: stop power rail pending_off timer
11-24 14:19:59.470  1011  1189 D ASH     : @ 178851.659: tcs3701: start power rail timer, state:3
11-24 14:19:59.510  1011  1189 I ASH     : @ 178851.699: tcs3701: stop power rail pending_off timer
11-24 14:19:59.510  1011  1189 D ASH     : @ 178851.699: tcs3701: start power rail timer, state:3
11-24 14:19:59.549  1011  1189 I ASH     : @ 178851.739: tcs3701: stop power rail pending_off timer
11-24 14:19:59.549  1011  1189 D ASH     : @ 178851.739: tcs3701: start power rail timer, state:3
11-24 14:19:59.561 10476 10512 I BatteryMgr:DataCollectionService: stats => 1700831999561,9460,4448,11901,4169000,100
11-24 14:19:59.590  1011  1189 I ASH     : @ 178851.779: tcs3701: stop power rail pending_off timer
11-24 14:19:59.590  1011  1189 D ASH     : @ 178851.779: tcs3701: start power rail timer, state:3
11-24 14:19:59.630  1011  1189 I ASH     : @ 178851.819: tcs3701: stop power rail pending_off timer
11-24 14:19:59.630  1011  1189 D ASH     : @ 178851.819: tcs3701: start power rail timer, state:3
11-24 14:19:59.666 10476 10512 I BatteryMgr:DataCollectionService: stats => 1700831999666,9460,4448,11901,4169000,100
11-24 14:19:59.669  1011  1189 I ASH     : @ 178851.859: tcs3701: stop power rail pending_off timer
11-24 14:19:59.669  1011  1189 D ASH     : @ 178851.859: tcs3701: start power rail timer, state:3
11-24 14:19:59.710  1011  1189 I ASH     : @ 178851.899: tcs3701: stop power rail pending_off timer
11-24 14:19:59.711  1011  1189 D ASH     : @ 178851.899: tcs3701: start power rail timer, state:3
11-24 14:19:59.749  1011  1189 I ASH     : @ 178851.939: tcs3701: stop power rail pending_off timer
11-24 14:19:59.749  1011  1189 D ASH     : @ 178851.939: tcs3701: start power rail timer, state:3
11-24 14:19:59.775 10476 10512 I BatteryMgr:DataCollectionService: stats => 1700831999775,9460,4448,11901,4169000,100
11-24 14:19:59.776  1795  3001 D ActivityManager: freezer override set to true
11-24 14:19:59.780  1795  3001 D ActivityManager: freezer override set to false
11-24 14:19:59.789  1011  1189 I ASH     : @ 178851.979: tcs3701: stop power rail pending_off timer
11-24 14:19:59.789  1011  1189 D ASH     : @ 178851.979: tcs3701: start power rail timer, state:3
11-24 14:19:59.823 20923 20982 W chromium: [WARNING:ev_root_ca_metadata.cc(119)] Not implemented
11-24 14:19:59.823 20923 20982 W chromium: [WARNING:ev_root_ca_metadata.cc(119)] Not implemented
11-24 14:19:59.829  1011  1189 I ASH     : @ 178852.019: tcs3701: stop power rail pending_off timer
11-24 14:19:59.829  1011  1189 D ASH     : @ 178852.019: tcs3701: start power rail timer, state:3
11-24 14:19:59.870  1011  1189 I ASH     : @ 178852.059: tcs3701: stop power rail pending_off timer
11-24 14:19:59.870  1011  1189 D ASH     : @ 178852.059: tcs3701: start power rail timer, state:3
11-24 14:19:59.882  2113  2118 I pixel-thermal: skin-therm-monitor: 38.284
11-24 14:19:59.882 10476 10512 I BatteryMgr:DataCollectionService: stats => 1700831999882,9460,4448,11901,4169000,100
11-24 14:19:59.909  1011  1189 I ASH     : @ 178852.099: tcs3701: stop power rail pending_off timer
11-24 14:19:59.910  1011  1189 D ASH     : @ 178852.099: tcs3701: start power rail timer, state:3
11-24 14:19:59.949  1011  1189 I ASH     : @ 178852.139: tcs3701: stop power rail pending_off timer
11-24 14:19:59.949  1011  1189 D ASH     : @ 178852.139: tcs3701: start power rail timer, state:3
11-24 14:19:59.989  1011  1189 I ASH     : @ 178852.179: tcs3701: stop power rail pending_off timer
11-24 14:19:59.990  1011  1189 D ASH     : @ 178852.179: tcs3701: start power rail timer, state:3
11-24 14:19:59.995 10476 10512 I BatteryMgr:DataCollectionService: stats => 1700831999995,9460,4448,11901,4169000,100
11-24 14:20:00.007  3579  3877 I AiAiEcho: (REDACTED) Predicting[%d]: %s
11-24 14:20:00.008  3579  3877 I AiAiEcho: (REDACTED) EchoTargets: %s
11-24 14:20:00.008  3579  3877 I AiAiEcho: Filtered by AiAi flag check: %s
11-24 14:20:00.009  3579  3877 I AiAiEcho: (REDACTED) Ranked targets strategy: %s, count: %d, ranking metadata: %s
11-24 14:20:00.009  3579  3877 I AiAiEcho: (REDACTED) #weatherTwiddler: Weather removes SubtitleSupplementalItem in surface: %s
11-24 14:20:00.012  3579  3877 I AiAiEcho: (REDACTED) Predicting[%d]: %s
11-24 14:20:00.014  3579  3877 I AiAiEcho: (REDACTED) EchoTargets: %s
11-24 14:20:00.014  3579  3877 I AiAiEcho: Filtered by AiAi flag check: %s
11-24 14:20:00.014  3579  3877 I AiAiEcho: (REDACTED) Ranked targets strategy: %s, count: %d, ranking metadata: %s
11-24 14:20:00.015  3579  3877 I AiAiEcho: (REDACTED) #weatherTwiddler: Weather removes SubtitleSupplementalItem in surface: %s
11-24 14:20:00.019  3579  3877 I AiAiEcho: (REDACTED) Predicting[%d]: %s
11-24 14:20:00.020  3579  3877 I AiAiEcho: (REDACTED) EchoTargets: %s
11-24 14:20:00.020  3579  3877 I AiAiEcho: Filtered by AiAi flag check: %s
11-24 14:20:00.021  3579  3877 I AiAiEcho: (REDACTED) Ranked targets strategy: %s, count: %d, ranking metadata: %s
11-24 14:20:00.022  3579  3877 I AiAiEcho: (REDACTED) #weatherTwiddler: Weather removes SubtitleSupplementalItem in surface: %s
11-24 14:20:00.023  3579  3877 I AiAiEcho: (REDACTED) Predicting[%d]: %s
11-24 14:20:00.024  3579  3877 I AiAiEcho: (REDACTED) EchoTargets: %s
11-24 14:20:00.024  3579  3877 I AiAiEcho: Filtered by AiAi flag check: %s
11-24 14:20:00.028  3579  3877 I AiAiEcho: (REDACTED) Ranked targets strategy: %s, count: %d, ranking metadata: %s
11-24 14:20:00.029  1011  1189 I ASH     : @ 178852.219: tcs3701: stop power rail pending_off timer
11-24 14:20:00.029  1011  1189 D ASH     : @ 178852.219: tcs3701: start power rail timer, state:3
11-24 14:20:00.029  3579  3877 I AiAiEcho: (REDACTED) #weatherTwiddler: Weather removes SubtitleSupplementalItem in surface: %s
11-24 14:20:00.033  3579  3877 I AiAiEcho: (REDACTED) #postPredictionTargets: Sending updates to UISurface %s with targets# %s (types=[%s])
11-24 14:20:00.034  1795  3057 D ActivityManager: freezer override set to true
11-24 14:20:00.037  3579  3877 I AiAiEcho: (REDACTED) #postPredictionTargets: Sending updates to UISurface %s with targets# %s (types=[%s])
11-24 14:20:00.039  2940  2940 D SsBaseTemplateCard: No text view can be set up
11-24 14:20:00.040  2940  2940 D SsBaseTemplateCard: Passed-in item info is null
11-24 14:20:00.040  3579  3877 I AiAiEcho: (REDACTED) #postPredictionTargets: Sending updates to UISurface %s with targets# %s (types=[%s])
11-24 14:20:00.040  2940  2940 D SsBaseTemplateCard: Passed-in item info is null
11-24 14:20:00.040  2940  2940 I SsBaseTemplateCard: Secondary card pane is null
11-24 14:20:00.045  3579  3877 I AiAiEcho: (REDACTED) #postPredictionTargets: Sending updates to UISurface %s with targets# %s (types=[%s])
11-24 14:20:00.048  2940  2940 D SsBaseTemplateCard: No text view can be set up
11-24 14:20:00.048  2513  2513 D SsBaseTemplateCard: No text view can be set up
11-24 14:20:00.049  2513  2513 D SsBaseTemplateCard: Passed-in item info is null
11-24 14:20:00.049  2513  2513 D SsBaseTemplateCard: Passed-in item info is null
11-24 14:20:00.049  2940  2940 D SsBaseTemplateCard: Passed-in item info is null
11-24 14:20:00.049  2513  2513 I SsBaseTemplateCard: Secondary card pane is null
11-24 14:20:00.049  2940  2940 D SsBaseTemplateCard: Passed-in item info is null
11-24 14:20:00.049  2940  2940 I SsBaseTemplateCard: Secondary card pane is null
11-24 14:20:00.052  2513  2513 D SsBaseTemplateCard: No text view can be set up
11-24 14:20:00.053  2513  2513 D SsBaseTemplateCard: Passed-in item info is null
11-24 14:20:00.053  2513  2513 D SsBaseTemplateCard: Passed-in item info is null
11-24 14:20:00.053  2513  2513 I SsBaseTemplateCard: Secondary card pane is null
11-24 14:20:00.069  1011  1189 I ASH     : @ 178852.259: tcs3701: stop power rail pending_off timer
11-24 14:20:00.069  1011  1189 D ASH     : @ 178852.259: tcs3701: start power rail timer, state:3
11-24 14:20:00.104 10476 10512 I BatteryMgr:DataCollectionService: stats => 1700832000104,9460,4448,11901,4169000,100
11-24 14:20:00.109  1011  1189 I ASH     : @ 178852.299: tcs3701: stop power rail pending_off timer
11-24 14:20:00.109  1011  1189 D ASH     : @ 178852.299: tcs3701: start power rail timer, state:3
11-24 14:20:00.149  1011  1189 I ASH     : @ 178852.339: tcs3701: stop power rail pending_off timer
11-24 14:20:00.149  1011  1189 D ASH     : @ 178852.339: tcs3701: start power rail timer, state:3
11-24 14:20:00.188 20923 20936 I m.chrome.canary: Explicit concurrent copying GC freed 3812(191KB) AllocSpace objects, 4(80KB) LOS objects, 75% free, 12MB/50MB, paused 102us,42us total 53.357ms
11-24 14:20:00.189  1011  1189 I ASH     : @ 178852.379: tcs3701: stop power rail pending_off timer
11-24 14:20:00.189  1011  1189 D ASH     : @ 178852.379: tcs3701: start power rail timer, state:3
11-24 14:20:00.212 10476 10512 I BatteryMgr:DataCollectionService: stats => 1700832000211,9460,4448,11901,4169000,100
11-24 14:20:00.229  1011  1189 I ASH     : @ 178852.419: tcs3701: stop power rail pending_off timer
11-24 14:20:00.229  1011  1189 D ASH     : @ 178852.419: tcs3701: start power rail timer, state:3
11-24 14:20:00.245  1795  3057 D ActivityManager: freezer override set to false
11-24 14:20:00.269  1011  1189 I ASH     : @ 178852.459: tcs3701: stop power rail pending_off timer
11-24 14:20:00.269  1011  1189 D ASH     : @ 178852.459: tcs3701: start power rail timer, state:3
11-24 14:20:00.309  1011  1189 I ASH     : @ 178852.499: tcs3701: stop power rail pending_off timer
11-24 14:20:00.309  1011  1189 D ASH     : @ 178852.499: tcs3701: start power rail timer, state:3
11-24 14:20:00.320 10476 10512 I BatteryMgr:DataCollectionService: stats => 1700832000320,9460,4448,11901,4169000,100
11-24 14:20:00.322  1795  3057 D ActivityManager: freezer override set to true
11-24 14:20:00.325  1795  3057 D ActivityManager: freezer override set to false
11-24 14:20:00.349  1011  1189 I ASH     : @ 178852.539: tcs3701: stop power rail pending_off timer
11-24 14:20:00.349  1011  1189 D ASH     : @ 178852.539: tcs3701: start power rail timer, state:3
11-24 14:20:00.389  1011  1189 I ASH     : @ 178852.579: tcs3701: stop power rail pending_off timer
11-24 14:20:00.389  1011  1189 D ASH     : @ 178852.579: tcs3701: start power rail timer, state:3
11-24 14:20:00.424 10476 10512 I BatteryMgr:DataCollectionService: stats => 1700832000424,9460,4448,11901,4169000,100
11-24 14:20:00.430  1011  1189 I ASH     : @ 178852.619: tcs3701: stop power rail pending_off timer
11-24 14:20:00.430  1011  1189 D ASH     : @ 178852.619: tcs3701: start power rail timer, state:3
11-24 14:20:00.469  1011  1189 I ASH     : @ 178852.659: tcs3701: stop power rail pending_off timer
11-24 14:20:00.469  1011  1189 D ASH     : @ 178852.659: tcs3701: start power rail timer, state:3
11-24 14:20:00.509  1011  1189 I ASH     : @ 178852.699: tcs3701: stop power rail pending_off timer
11-24 14:20:00.509  1011  1189 D ASH     : @ 178852.699: tcs3701: start power rail timer, state:3
11-24 14:20:00.530 10476 10512 I BatteryMgr:DataCollectionService: stats => 1700832000530,9460,4448,11901,4169000,100
11-24 14:20:00.549  1011  1189 I ASH     : @ 178852.739: tcs3701: stop power rail pending_off timer
11-24 14:20:00.549  1011  1189 D ASH     : @ 178852.739: tcs3701: start power rail timer, state:3
11-24 14:20:00.589  1011  1189 I ASH     : @ 178852.779: tcs3701: stop power rail pending_off timer
11-24 14:20:00.589  1011  1189 D ASH     : @ 178852.779: tcs3701: start power rail timer, state:3
11-24 14:20:00.629  1011  1189 I ASH     : @ 178852.819: tcs3701: stop power rail pending_off timer
11-24 14:20:00.629  1011  1189 D ASH     : @ 178852.819: tcs3701: start power rail timer, state:3
11-24 14:20:00.631  1795  2282 D ActivityManager: freezing 25756 com.android.settings
11-24 14:20:00.642 10476 10512 I BatteryMgr:DataCollectionService: stats => 1700832000642,9460,4448,11901,4169000,100
11-24 14:20:00.669  1011  1189 I ASH     : @ 178852.859: tcs3701: stop power rail pending_off timer
11-24 14:20:00.669  1011  1189 D ASH     : @ 178852.859: tcs3701: start power rail timer, state:3
11-24 14:20:00.709  1011  1189 I ASH     : @ 178852.899: tcs3701: stop power rail pending_off timer
11-24 14:20:00.709  1011  1189 D ASH     : @ 178852.899: tcs3701: start power rail timer, state:3
11-24 14:20:00.749  1011  1189 I ASH     : @ 178852.939: tcs3701: stop power rail pending_off timer
11-24 14:20:00.749  1011  1189 D ASH     : @ 178852.939: tcs3701: start power rail timer, state:3
11-24 14:20:00.751 10476 10512 I BatteryMgr:DataCollectionService: stats => 1700832000751,9460,4448,11901,4169000,100
11-24 14:20:00.789  1011  1189 I ASH     : @ 178852.979: tcs3701: stop power rail pending_off timer
11-24 14:20:00.790  1011  1189 D ASH     : @ 178852.979: tcs3701: start power rail timer, state:3
11-24 14:20:00.796  1795  3057 D ActivityManager: freezer override set to true
11-24 14:20:00.796  1795  3057 D ActivityManager: sync unfroze 25756 com.android.settings
11-24 14:20:00.801  1795  3057 D ActivityManager: freezer override set to false
11-24 14:20:00.826 13730 13730 D BoundBrokerSvc: onUnbind: Intent { act=com.google.android.gms.feedback.internal.IFeedbackService dat=chimera-action:/... cmp=com.google.android.gms/.chimera.GmsBoundBrokerService }
11-24 14:20:00.829  1011  1189 I ASH     : @ 178853.019: tcs3701: stop power rail pending_off timer
11-24 14:20:00.829  1011  1189 D ASH     : @ 178853.019: tcs3701: start power rail timer, state:3
11-24 14:20:00.850 13502 13502 D BoundBrokerSvc: onUnbind: Intent { act=com.google.android.gms.icing.LIGHTWEIGHT_INDEX_SERVICE dat=chimera-action:/... cmp=com.google.android.gms/.chimera.PersistentApiService }
11-24 14:20:00.856 10476 10512 I BatteryMgr:DataCollectionService: stats => 1700832000855,9460,4448,11901,4169000,100
11-24 14:20:00.869  1011  1189 I ASH     : @ 178853.059: tcs3701: stop power rail pending_off timer
11-24 14:20:00.869  1011  1189 D ASH     : @ 178853.059: tcs3701: start power rail timer, state:3
11-24 14:20:00.910  1011  1189 I ASH     : @ 178853.099: tcs3701: stop power rail pending_off timer
11-24 14:20:00.910  1011  1189 D ASH     : @ 178853.099: tcs3701: start power rail timer, state:3
11-24 14:20:00.950  1011  1189 I ASH     : @ 178853.139: tcs3701: stop power rail pending_off timer
11-24 14:20:00.950  1011  1189 D ASH     : @ 178853.139: tcs3701: start power rail timer, state:3
11-24 14:20:00.963 10476 10512 I BatteryMgr:DataCollectionService: stats => 1700832000963,9460,4448,11901,4169000,100
11-24 14:20:00.990  1011  1189 I ASH     : @ 178853.179: tcs3701: stop power rail pending_off timer
11-24 14:20:00.990  1011  1189 D ASH     : @ 178853.179: tcs3701: start power rail timer, state:3
11-24 14:20:01.014  1795  2424 D WifiClientModeImpl[13802:wlan0]: updateLinkLayerStatsRssiSpeedFrequencyCapabilities rssi=-44 TxLinkspeed=866 freq=5240 RxLinkSpeed=866
11-24 14:20:01.015  1795  2424 D WifiDataStall: tx tput in kbps: 735930
11-24 14:20:01.015  1795  2424 D WifiDataStall: rx tput in kbps: 774664
11-24 14:20:01.015  1795  2424 V WifiConfigManager: Updating scan detail cache freq=5240 BSSID=f4:6d:2f:12:cc:88 RSSI=-43 for "ourhome"WPA_PSK
11-24 14:20:01.015  2782  5906 D QCNEJ/WlanStaInfoRelay: Received action: android.net.wifi.RSSI_CHANGED
11-24 14:20:01.015  1795  2424 D WifiChannelUtilization:  freq: 5240 onTime: 5189506 busyTime: 510062 onTimeDiff: 1814714 busyTimeDiff: 194363 utilization: 27 utilization t0: 25
11-24 14:20:01.015  1795  2424 D WifiDataStall:  ccaLevel = 27
11-24 14:20:01.015  1795  2424 D WifiDataStall: L2 txTputKbps: 735930, rxTputKbps: 774664, L3 txTputKbps: 9, rxTputKbps: 21, TxTrafficHigh: true, RxTrafficHigh: true, Throughput Sufficient: true
11-24 14:20:01.015  1795  2424 D WifiScoreReport: Wifi scoring disabled - Don't check IP layer
11-24 14:20:01.016  2673  4313 V WifiManager: OnWifiUsabilityStatsListener: onWifiUsabilityStats: seqNum=52244
11-24 14:20:01.016  1795  2424 D WifiScoreCard: BSSID update SIGNAL_POLL ID: 1320464697 SSID: "ourhome", BSSID: f4:6d:2f:12:cc:88, MAC: b2:2f:ec:da:4a:0c, IP: /192.168.1.104, Security type: 2, Supplicant state: COMPLETED, Wi-Fi standard: 5, RSSI: -44, Link speed: 866Mbps, Tx Link speed: 866Mbps, Max Supported Tx Link speed: 866Mbps, Rx Link speed: 866Mbps, Max Supported Rx Link speed: 866Mbps, Frequency: 5240MHz, Net ID: 12, Metered hint: false, score: 60, isUsable: true, CarrierMerged: false, SubscriptionId: -1, IsPrimary: 1, Trusted: true, Restricted: false, Ephemeral: false, OEM paid: false, OEM private: false, OSU AP: false, FQDN: <none>, Provider friendly name: <none>, Requesting package name: <none>"ourhome"wpa2-pskMLO Information: , Is TID-To-Link negotiation supported by the AP: false, AP MLD Address: <none>, AP MLO Link Id: <none>, AP MLO Affiliated links: <none>
11-24 14:20:01.016  1795  2424 D WifiScoreCard: txRate: 6 txSpeed: 866
11-24 14:20:01.016  1795  2424 D WifiScoreCard: network update SIGNAL_POLL "ourhome" ID: 1499892569 RSSI -44 txSpeed 866
11-24 14:20:01.016  2513  8309 V WifiManager: TrafficStateCallbackProxy: onStateChanged state=3
11-24 14:20:01.016  1795  2424 D WifiClientModeImpl[13802:wlan0]:  ClientModeImpl$L2ConnectedState screen=on 29 0 "ourhome" f4:6d:2f:12:cc:88 rssi=-44 f=5240 sc=60 link=866 tx=5.0, 0.3, 0.0 rx=3.7 bcn=1722172 [on:206 tx:3 rx:2 period:3016] from screen [on:579926 period:27243007] score=60
11-24 14:20:01.016  1795  3057 I WifiService: updateWifiUsabilityScore uid=10180 seqNum=52244 score=100 predictionHorizonSec=1441795
11-24 14:20:01.017  1795  2424 D WifiScoreReport: Wifi scoring disabled - Notify that Wifi is usable
11-24 14:20:01.019  1795  2432 D ConnectivityService: NetReassign [no changes] [c 0] [a 1] [i 1]
11-24 14:20:01.030  1011  1189 I ASH     : @ 178853.219: tcs3701: stop power rail pending_off timer
11-24 14:20:01.030  1011  1189 D ASH     : @ 178853.219: tcs3701: start power rail timer, state:3
11-24 14:20:01.069  1011  1189 I ASH     : @ 178853.259: tcs3701: stop power rail pending_off timer
11-24 14:20:01.069  1011  1189 D ASH     : @ 178853.259: tcs3701: start power rail timer, state:3
11-24 14:20:01.071 10476 10512 I BatteryMgr:DataCollectionService: stats => 1700832001071,9460,4448,11901,4169000,100
11-24 14:20:01.110  1011  1189 I ASH     : @ 178853.299: tcs3701: stop power rail pending_off timer
11-24 14:20:01.110  1011  1189 D ASH     : @ 178853.299: tcs3701: start power rail timer, state:3
11-24 14:20:01.149  1011  1189 I ASH     : @ 178853.339: tcs3701: stop power rail pending_off timer
11-24 14:20:01.149  1011  1189 D ASH     : @ 178853.339: tcs3701: start power rail timer, state:3
11-24 14:20:01.178 10476 10512 I BatteryMgr:DataCollectionService: stats => 1700832001178,9460,4448,11901,4169000,100
11-24 14:20:01.190  1011  1189 I ASH     : @ 178853.379: tcs3701: stop power rail pending_off timer
11-24 14:20:01.190  1011  1189 D ASH     : @ 178853.379: tcs3701: start power rail timer, state:3
11-24 14:20:01.229  1011  1189 I ASH     : @ 178853.419: tcs3701: stop power rail pending_off timer
11-24 14:20:01.229  1011  1189 D ASH     : @ 178853.419: tcs3701: start power rail timer, state:3
11-24 14:20:01.269  1011  1189 I ASH     : @ 178853.459: tcs3701: stop power rail pending_off timer
11-24 14:20:01.269  1011  1189 D ASH     : @ 178853.459: tcs3701: start power rail timer, state:3
11-24 14:20:01.287 10476 10512 I BatteryMgr:DataCollectionService: stats => 1700832001287,9460,4448,11901,4169000,100
11-24 14:20:01.309  1011  1189 I ASH     : @ 178853.499: tcs3701: stop power rail pending_off timer
11-24 14:20:01.309  1011  1189 D ASH     : @ 178853.499: tcs3701: start power rail timer, state:3
11-24 14:20:01.349  1011  1189 I ASH     : @ 178853.539: tcs3701: stop power rail pending_off timer
11-24 14:20:01.349  1011  1189 D ASH     : @ 178853.539: tcs3701: start power rail timer, state:3
11-24 14:20:01.389  1011  1189 I ASH     : @ 178853.579: tcs3701: stop power rail pending_off timer
11-24 14:20:01.389  1011  1189 D ASH     : @ 178853.579: tcs3701: start power rail timer, state:3
11-24 14:20:01.395 10476 10512 I BatteryMgr:DataCollectionService: stats => 1700832001395,9460,4448,11901,4169000,100
11-24 14:20:01.431  1011  1189 I ASH     : @ 178853.619: tcs3701: stop power rail pending_off timer
11-24 14:20:01.431  1011  1189 D ASH     : @ 178853.619: tcs3701: start power rail timer, state:3
11-24 14:20:01.469  1011  1189 I ASH     : @ 178853.659: tcs3701: stop power rail pending_off timer
11-24 14:20:01.469  1011  1189 D ASH     : @ 178853.659: tcs3701: start power rail timer, state:3
11-24 14:20:01.507 10476 10512 I BatteryMgr:DataCollectionService: stats => 1700832001507,9460,4448,11901,4169000,100
11-24 14:20:01.509  1011  1189 I ASH     : @ 178853.699: tcs3701: stop power rail pending_off timer
11-24 14:20:01.509  1011  1189 D ASH     : @ 178853.699: tcs3701: start power rail timer, state:3
11-24 14:20:01.514  1795  3001 D ActivityManager: freezer override set to true
11-24 14:20:01.549  1011  1189 I ASH     : @ 178853.739: tcs3701: stop power rail pending_off timer
11-24 14:20:01.549  1011  1189 D ASH     : @ 178853.739: tcs3701: start power rail timer, state:3
11-24 14:20:01.589  1011  1189 I ASH     : @ 178853.779: tcs3701: stop power rail pending_off timer
11-24 14:20:01.589  1011  1189 D ASH     : @ 178853.779: tcs3701: start power rail timer, state:3
11-24 14:20:01.615 10476 10512 I BatteryMgr:DataCollectionService: stats => 1700832001615,9460,4448,11901,4169000,100
11-24 14:20:01.629  1011  1189 I ASH     : @ 178853.819: tcs3701: stop power rail pending_off timer
11-24 14:20:01.629  1011  1189 D ASH     : @ 178853.819: tcs3701: start power rail timer, state:3
11-24 14:20:01.647 20923 20936 I m.chrome.canary: Explicit concurrent copying GC freed 3598(176KB) AllocSpace objects, 3(60KB) LOS objects, 75% free, 12MB/50MB, paused 99us,55us total 54.815ms
11-24 14:20:01.669  1011  1189 I ASH     : @ 178853.859: tcs3701: stop power rail pending_off timer
11-24 14:20:01.669  1011  1189 D ASH     : @ 178853.859: tcs3701: start power rail timer, state:3
11-24 14:20:01.709  1011  1189 I ASH     : @ 178853.899: tcs3701: stop power rail pending_off timer
11-24 14:20:01.709  1011  1189 D ASH     : @ 178853.899: tcs3701: start power rail timer, state:3
11-24 14:20:01.712  1795  3001 D ActivityManager: freezer override set to false
11-24 14:20:01.722 10476 10512 I BatteryMgr:DataCollectionService: stats => 1700832001721,9460,4448,11901,4169000,100
11-24 14:20:01.749  1011  1189 I ASH     : @ 178853.939: tcs3701: stop power rail pending_off timer
11-24 14:20:01.749  1011  1189 D ASH     : @ 178853.939: tcs3701: start power rail timer, state:3
11-24 14:20:01.768  1795  3001 D ActivityManager: freezer override set to true
11-24 14:20:01.772  1795  3001 D ActivityManager: freezer override set to false
11-24 14:20:01.779  1795  3001 D ActivityManager: freezer override set to true
11-24 14:20:01.782  1795  3001 D ActivityManager: freezer override set to false
11-24 14:20:01.789  1011  1189 I ASH     : @ 178853.979: tcs3701: stop power rail pending_off timer
11-24 14:20:01.789  1011  1189 D ASH     : @ 178853.979: tcs3701: start power rail timer, state:3
11-24 14:20:01.828 10476 10512 I BatteryMgr:DataCollectionService: stats => 1700832001828,9460,4448,11901,4169000,100
11-24 14:20:01.829  1011  1189 I ASH     : @ 178854.019: tcs3701: stop power rail pending_off timer
11-24 14:20:01.829  1011  1189 D ASH     : @ 178854.019: tcs3701: start power rail timer, state:3
11-24 14:20:01.869  1011  1189 I ASH     : @ 178854.059: tcs3701: stop power rail pending_off timer
11-24 14:20:01.869  1011  1189 D ASH     : @ 178854.059: tcs3701: start power rail timer, state:3
11-24 14:20:01.883  2113  2118 I pixel-thermal: skin-therm-monitor: 38.291
11-24 14:20:01.909  1011  1189 I ASH     : @ 178854.099: tcs3701: stop power rail pending_off timer
11-24 14:20:01.909  1011  1189 D ASH     : @ 178854.099: tcs3701: start power rail timer, state:3
11-24 14:20:01.933 10476 10512 I BatteryMgr:DataCollectionService: stats => 1700832001933,12207,4448,11901,4169000,100
11-24 14:20:01.949  1011  1189 I ASH     : @ 178854.139: tcs3701: stop power rail pending_off timer
11-24 14:20:01.949  1011  1189 D ASH     : @ 178854.139: tcs3701: start power rail timer, state:3
11-24 14:20:01.989  1011  1189 I ASH     : @ 178854.179: tcs3701: stop power rail pending_off timer
11-24 14:20:01.989  1011  1189 D ASH     : @ 178854.179: tcs3701: start power rail timer, state:3
11-24 14:20:02.031  1011  1189 I ASH     : @ 178854.219: tcs3701: stop power rail pending_off timer
11-24 14:20:02.031  1011  1189 D ASH     : @ 178854.219: tcs3701: start power rail timer, state:3
11-24 14:20:02.038 10476 10512 I BatteryMgr:DataCollectionService: stats => 1700832002038,12207,4448,11901,4169000,100
11-24 14:20:02.070  1011  1189 I ASH     : @ 178854.259: tcs3701: stop power rail pending_off timer
11-24 14:20:02.070  1011  1189 D ASH     : @ 178854.259: tcs3701: start power rail timer, state:3
11-24 14:20:02.110  1011  1189 I ASH     : @ 178854.299: tcs3701: stop power rail pending_off timer
11-24 14:20:02.110  1011  1189 D ASH     : @ 178854.299: tcs3701: start power rail timer, state:3
11-24 14:20:02.144 10476 10512 I BatteryMgr:DataCollectionService: stats => 1700832002144,12207,4448,11901,4169000,100
11-24 14:20:02.149  1011  1189 I ASH     : @ 178854.339: tcs3701: stop power rail pending_off timer
11-24 14:20:02.149  1011  1189 D ASH     : @ 178854.339: tcs3701: start power rail timer, state:3
11-24 14:20:02.189  1011  1189 I ASH     : @ 178854.379: tcs3701: stop power rail pending_off timer
11-24 14:20:02.189  1011  1189 D ASH     : @ 178854.379: tcs3701: start power rail timer, state:3
11-24 14:20:02.229  1011  1189 I ASH     : @ 178854.419: tcs3701: stop power rail pending_off timer
11-24 14:20:02.230  1011  1189 D ASH     : @ 178854.419: tcs3701: start power rail timer, state:3
11-24 14:20:02.251 10476 10512 I BatteryMgr:DataCollectionService: stats => 1700832002251,12207,4448,11901,4169000,100
11-24 14:20:02.270  1011  1189 I ASH     : @ 178854.459: tcs3701: stop power rail pending_off timer
11-24 14:20:02.270  1011  1189 D ASH     : @ 178854.459: tcs3701: start power rail timer, state:3
11-24 14:20:02.310  1011  1189 I ASH     : @ 178854.499: tcs3701: stop power rail pending_off timer
11-24 14:20:02.310  1011  1189 D ASH     : @ 178854.499: tcs3701: start power rail timer, state:3
11-24 14:20:02.350  1011  1189 I ASH     : @ 178854.539: tcs3701: stop power rail pending_off timer
11-24 14:20:02.350  1011  1189 D ASH     : @ 178854.539: tcs3701: start power rail timer, state:3
11-24 14:20:02.356 10476 10512 I BatteryMgr:DataCollectionService: stats => 1700832002356,12207,4448,11901,4169000,100
11-24 14:20:02.389  1011  1189 I ASH     : @ 178854.579: tcs3701: stop power rail pending_off timer
11-24 14:20:02.389  1011  1189 D ASH     : @ 178854.579: tcs3701: start power rail timer, state:3
11-24 14:20:02.429  1011  1189 I ASH     : @ 178854.619: tcs3701: stop power rail pending_off timer
11-24 14:20:02.430  1011  1189 D ASH     : @ 178854.619: tcs3701: start power rail timer, state:3
11-24 14:20:02.464 10476 10512 I BatteryMgr:DataCollectionService: stats => 1700832002464,12207,4448,11901,4169000,100
11-24 14:20:02.469  1011  1189 I ASH     : @ 178854.659: tcs3701: stop power rail pending_off timer
11-24 14:20:02.469  1011  1189 D ASH     : @ 178854.659: tcs3701: start power rail timer, state:3
11-24 14:20:02.509  1011  1189 I ASH     : @ 178854.699: tcs3701: stop power rail pending_off timer
11-24 14:20:02.509  1011  1189 D ASH     : @ 178854.699: tcs3701: start power rail timer, state:3
11-24 14:20:02.549  1011  1189 I ASH     : @ 178854.739: tcs3701: stop power rail pending_off timer
11-24 14:20:02.549  1011  1189 D ASH     : @ 178854.739: tcs3701: start power rail timer, state:3
11-24 14:20:02.569 10476 10512 I BatteryMgr:DataCollectionService: stats => 1700832002569,12207,4448,11901,4169000,100
11-24 14:20:02.582  1795  2424 D WifiNetworkSelector: Current connected network: 12
11-24 14:20:02.582  1795  2424 V WifiConnectivityManager: No partial scan because firmware roaming is supported.
11-24 14:20:02.583  1795  2424 V WifiConnectivityManager: schedulePeriodicScanTimer intervalMs 20000
11-24 14:20:02.589  1011  1189 I ASH     : @ 178854.779: tcs3701: stop power rail pending_off timer
11-24 14:20:02.589  1011  1189 D ASH     : @ 178854.779: tcs3701: start power rail timer, state:3
11-24 14:20:02.629  1011  1189 I ASH     : @ 178854.819: tcs3701: stop power rail pending_off timer
11-24 14:20:02.629  1011  1189 D ASH     : @ 178854.819: tcs3701: start power rail timer, state:3
11-24 14:20:02.669  1011  1189 I ASH     : @ 178854.859: tcs3701: stop power rail pending_off timer
11-24 14:20:02.669  1011  1189 D ASH     : @ 178854.859: tcs3701: start power rail timer, state:3
11-24 14:20:02.678 10476 10512 I BatteryMgr:DataCollectionService: stats => 1700832002678,12207,4448,11901,4169000,100
11-24 14:20:02.709  1011  1189 I ASH     : @ 178854.899: tcs3701: stop power rail pending_off timer
11-24 14:20:02.709  1011  1189 D ASH     : @ 178854.899: tcs3701: start power rail timer, state:3
11-24 14:20:02.750  1011  1189 I ASH     : @ 178854.939: tcs3701: stop power rail pending_off timer
11-24 14:20:02.750  1011  1189 D ASH     : @ 178854.939: tcs3701: start power rail timer, state:3
11-24 14:20:02.780  1795  3057 D ActivityManager: freezer override set to true
11-24 14:20:02.783 10476 10512 I BatteryMgr:DataCollectionService: stats => 1700832002783,12207,4448,11901,4169000,100
11-24 14:20:02.785  1795  3057 D ActivityManager: freezer override set to false
11-24 14:20:02.789  1011  1189 I ASH     : @ 178854.979: tcs3701: stop power rail pending_off timer
11-24 14:20:02.789  1011  1189 D ASH     : @ 178854.979: tcs3701: start power rail timer, state:3
11-24 14:20:02.829  1011  1189 I ASH     : @ 178855.019: tcs3701: stop power rail pending_off timer
11-24 14:20:02.829  1011  1189 D ASH     : @ 178855.019: tcs3701: start power rail timer, state:3
11-24 14:20:02.869  1011  1189 I ASH     : @ 178855.059: tcs3701: stop power rail pending_off timer
11-24 14:20:02.869  1011  1189 D ASH     : @ 178855.059: tcs3701: start power rail timer, state:3
11-24 14:20:02.890 10476 10512 I BatteryMgr:DataCollectionService: stats => 1700832002890,12207,4448,11901,4169000,100
11-24 14:20:02.909  1011  1189 I ASH     : @ 178855.099: tcs3701: stop power rail pending_off timer
11-24 14:20:02.909  1011  1189 D ASH     : @ 178855.099: tcs3701: start power rail timer, state:3
11-24 14:20:02.932  1795  3057 D ActivityManager: freezer override set to true
11-24 14:20:02.950  1011  1189 I ASH     : @ 178855.139: tcs3701: stop power rail pending_off timer
11-24 14:20:02.950  1011  1189 D ASH     : @ 178855.139: tcs3701: start power rail timer, state:3
11-24 14:20:02.989  1011  1189 I ASH     : @ 178855.179: tcs3701: stop power rail pending_off timer
11-24 14:20:02.989  1011  1189 D ASH     : @ 178855.179: tcs3701: start power rail timer, state:3
11-24 14:20:02.995 10476 10512 I BatteryMgr:DataCollectionService: stats => 1700832002995,12207,4448,11901,4169000,100
11-24 14:20:03.029  1011  1189 I ASH     : @ 178855.219: tcs3701: stop power rail pending_off timer
11-24 14:20:03.029  1011  1189 D ASH     : @ 178855.219: tcs3701: start power rail timer, state:3
11-24 14:20:03.038 20923 20936 I m.chrome.canary: Explicit concurrent copying GC freed 3806(191KB) AllocSpace objects, 4(80KB) LOS objects, 75% free, 12MB/50MB, paused 35us,23us total 51.996ms
11-24 14:20:03.069  1011  1189 I ASH     : @ 178855.259: tcs3701: stop power rail pending_off timer
11-24 14:20:03.069  1011  1189 D ASH     : @ 178855.259: tcs3701: start power rail timer, state:3
11-24 14:20:03.102  1795  3057 D ActivityManager: freezer override set to false
11-24 14:20:03.104 10476 10512 I BatteryMgr:DataCollectionService: stats => 1700832003104,12207,4448,11901,4169000,100
11-24 14:20:03.109  1011  1189 I ASH     : @ 178855.299: tcs3701: stop power rail pending_off timer
11-24 14:20:03.110  1011  1189 D ASH     : @ 178855.299: tcs3701: start power rail timer, state:3
11-24 14:20:03.136  1795  3001 D ActivityManager: freezer override set to true
11-24 14:20:03.139  1795  3001 D ActivityManager: freezer override set to false
11-24 14:20:03.150  1011  1189 I ASH     : @ 178855.339: tcs3701: stop power rail pending_off timer
11-24 14:20:03.150  1011  1189 D ASH     : @ 178855.339: tcs3701: start power rail timer, state:3
11-24 14:20:03.189  1011  1189 I ASH     : @ 178855.379: tcs3701: stop power rail pending_off timer
11-24 14:20:03.189  1011  1189 D ASH     : @ 178855.379: tcs3701: start power rail timer, state:3
11-24 14:20:03.212 10476 10512 I BatteryMgr:DataCollectionService: stats => 1700832003212,12207,4448,11901,4169000,100
11-24 14:20:03.229  1011  1189 I ASH     : @ 178855.419: tcs3701: stop power rail pending_off timer
11-24 14:20:03.229  1011  1189 D ASH     : @ 178855.419: tcs3701: start power rail timer, state:3
11-24 14:20:03.269  1011  1189 I ASH     : @ 178855.459: tcs3701: stop power rail pending_off timer
11-24 14:20:03.269  1011  1189 D ASH     : @ 178855.459: tcs3701: start power rail timer, state:3
11-24 14:20:03.309  1011  1189 I ASH     : @ 178855.499: tcs3701: stop power rail pending_off timer
11-24 14:20:03.309  1011  1189 D ASH     : @ 178855.499: tcs3701: start power rail timer, state:3
11-24 14:20:03.318 10476 10512 I BatteryMgr:DataCollectionService: stats => 1700832003318,12207,4448,11901,4169000,100
11-24 14:20:03.349  1011  1189 I ASH     : @ 178855.539: tcs3701: stop power rail pending_off timer
11-24 14:20:03.349  1011  1189 D ASH     : @ 178855.539: tcs3701: start power rail timer, state:3
11-24 14:20:03.390  1011  1189 I ASH     : @ 178855.579: tcs3701: stop power rail pending_off timer
11-24 14:20:03.390  1011  1189 D ASH     : @ 178855.579: tcs3701: start power rail timer, state:3
11-24 14:20:03.424 10476 10512 I BatteryMgr:DataCollectionService: stats => 1700832003424,12207,4448,11901,4169000,100
11-24 14:20:03.431  1011  1189 I ASH     : @ 178855.619: tcs3701: stop power rail pending_off timer
11-24 14:20:03.431  1011  1189 D ASH     : @ 178855.619: tcs3701: start power rail timer, state:3
11-24 14:20:03.469  1011  1189 I ASH     : @ 178855.659: tcs3701: stop power rail pending_off timer
11-24 14:20:03.469  1011  1189 D ASH     : @ 178855.659: tcs3701: start power rail timer, state:3
11-24 14:20:03.498 13730 13730 E AbstractGmsTracer: Traced class shouldn't be obfuscated: GmsIntentOperationChimeraService [CONTEXT service_id=259 ]
11-24 14:20:03.503 13730 21551 E AbstractGmsTracer: Traced class shouldn't be obfuscated: InstantIndexingIntentOperation [CONTEXT service_id=259 ]
11-24 14:20:03.504 13730 21551 I GmscoreIpa: Starting mediastore instant index [CONTEXT service_id=255 ]
11-24 14:20:03.509  1011  1189 I ASH     : @ 178855.699: tcs3701: stop power rail pending_off timer
11-24 14:20:03.510  1011  1189 D ASH     : @ 178855.699: tcs3701: start power rail timer, state:3
11-24 14:20:03.530 10476 10512 I BatteryMgr:DataCollectionService: stats => 1700832003530,12207,4448,11901,4169000,100
11-24 14:20:03.549  1011  1189 I ASH     : @ 178855.739: tcs3701: stop power rail pending_off timer
11-24 14:20:03.549  1011  1189 D ASH     : @ 178855.739: tcs3701: start power rail timer, state:3
11-24 14:20:03.589  1011  1189 I ASH     : @ 178855.779: tcs3701: stop power rail pending_off timer
11-24 14:20:03.589  1011  1189 D ASH     : @ 178855.779: tcs3701: start power rail timer, state:3
11-24 14:20:03.629  1011  1189 I ASH     : @ 178855.819: tcs3701: stop power rail pending_off timer
11-24 14:20:03.629  1011  1189 D ASH     : @ 178855.819: tcs3701: start power rail timer, state:3
11-24 14:20:03.636 10476 10512 I BatteryMgr:DataCollectionService: stats => 1700832003636,12207,4448,11901,4169000,100
11-24 14:20:03.669  1011  1189 I ASH     : @ 178855.859: tcs3701: stop power rail pending_off timer
11-24 14:20:03.669  1011  1189 D ASH     : @ 178855.859: tcs3701: start power rail timer, state:3
11-24 14:20:03.709  1011  1189 I ASH     : @ 178855.899: tcs3701: stop power rail pending_off timer
11-24 14:20:03.709  1011  1189 D ASH     : @ 178855.899: tcs3701: start power rail timer, state:3
11-24 14:20:03.746 10476 10512 I BatteryMgr:DataCollectionService: stats => 1700832003745,12207,4448,11901,4169000,100
11-24 14:20:03.749  1011  1189 I ASH     : @ 178855.939: tcs3701: stop power rail pending_off timer
11-24 14:20:03.749  1011  1189 D ASH     : @ 178855.939: tcs3701: start power rail timer, state:3
11-24 14:20:03.769  1795  3057 D ActivityManager: freezer override set to true
11-24 14:20:03.773  1795  3057 D ActivityManager: freezer override set to false
11-24 14:20:03.789  1011  1189 I ASH     : @ 178855.979: tcs3701: stop power rail pending_off timer
11-24 14:20:03.789  1011  1189 D ASH     : @ 178855.979: tcs3701: start power rail timer, state:3
11-24 14:20:03.830  1011  1189 I ASH     : @ 178856.019: tcs3701: stop power rail pending_off timer
11-24 14:20:03.830  1011  1189 D ASH     : @ 178856.019: tcs3701: start power rail timer, state:3
11-24 14:20:03.850 10476 10512 I BatteryMgr:DataCollectionService: stats => 1700832003850,12207,4448,11901,4169000,100
11-24 14:20:03.870  1011  1189 I ASH     : @ 178856.059: tcs3701: stop power rail pending_off timer
11-24 14:20:03.870  1011  1189 D ASH     : @ 178856.059: tcs3701: start power rail timer, state:3
11-24 14:20:03.885  2113  2118 I pixel-thermal: skin-therm-monitor: 38.311
11-24 14:20:03.909  1011  1189 I ASH     : @ 178856.099: tcs3701: stop power rail pending_off timer
11-24 14:20:03.909  1011  1189 D ASH     : @ 178856.099: tcs3701: start power rail timer, state:3
11-24 14:20:03.949  1011  1189 I ASH     : @ 178856.139: tcs3701: stop power rail pending_off timer
11-24 14:20:03.949  1011  1189 D ASH     : @ 178856.139: tcs3701: start power rail timer, state:3
11-24 14:20:03.958 10476 10512 I BatteryMgr:DataCollectionService: stats => 1700832003957,12207,4448,11901,4169000,100
11-24 14:20:03.989  1011  1189 I ASH     : @ 178856.179: tcs3701: stop power rail pending_off timer
11-24 14:20:03.989  1011  1189 D ASH     : @ 178856.179: tcs3701: start power rail timer, state:3
11-24 14:20:04.027  1795  2424 D WifiClientModeImpl[13802:wlan0]: updateLinkLayerStatsRssiSpeedFrequencyCapabilities rssi=-45 TxLinkspeed=866 freq=5240 RxLinkSpeed=866
11-24 14:20:04.027  1795  2424 D WifiDataStall: tx tput in kbps: 735930
11-24 14:20:04.027  1795  2424 D WifiDataStall: rx tput in kbps: 774664
11-24 14:20:04.027  1795  2424 V WifiConfigManager: Updating scan detail cache freq=5240 BSSID=f4:6d:2f:12:cc:88 RSSI=-44 for "ourhome"WPA_PSK
11-24 14:20:04.028  2782  5906 D QCNEJ/WlanStaInfoRelay: Received action: android.net.wifi.RSSI_CHANGED
11-24 14:20:04.028  1795  2424 D WifiChannelUtilization:  freq: 5240 onTime: 5189637 busyTime: 510099 onTimeDiff: 1814845 busyTimeDiff: 194400 utilization: 27 utilization t0: 25
11-24 14:20:04.028  1795  2424 D WifiDataStall:  ccaLevel = 27
11-24 14:20:04.028  1795  2424 D WifiDataStall: L2 txTputKbps: 619731, rxTputKbps: 774664, L3 txTputKbps: 36, rxTputKbps: 20, TxTrafficHigh: true, RxTrafficHigh: true, Throughput Sufficient: true
11-24 14:20:04.028  1795  2424 D WifiScoreReport: Wifi scoring disabled - Don't check IP layer
11-24 14:20:04.028  2673  4313 V WifiManager: OnWifiUsabilityStatsListener: onWifiUsabilityStats: seqNum=52245
11-24 14:20:04.028  1795  2424 D WifiScoreCard: BSSID update SIGNAL_POLL ID: 1320464697 SSID: "ourhome", BSSID: f4:6d:2f:12:cc:88, MAC: b2:2f:ec:da:4a:0c, IP: /192.168.1.104, Security type: 2, Supplicant state: COMPLETED, Wi-Fi standard: 5, RSSI: -45, Link speed: 866Mbps, Tx Link speed: 866Mbps, Max Supported Tx Link speed: 866Mbps, Rx Link speed: 866Mbps, Max Supported Rx Link speed: 866Mbps, Frequency: 5240MHz, Net ID: 12, Metered hint: false, score: 60, isUsable: true, CarrierMerged: false, SubscriptionId: -1, IsPrimary: 1, Trusted: true, Restricted: false, Ephemeral: false, OEM paid: false, OEM private: false, OSU AP: false, FQDN: <none>, Provider friendly name: <none>, Requesting package name: <none>"ourhome"wpa2-pskMLO Information: , Is TID-To-Link negotiation supported by the AP: false, AP MLD Address: <none>, AP MLO Link Id: <none>, AP MLO Affiliated links: <none>
11-24 14:20:04.028  1795  2424 D WifiScoreCard: txRate: 6 txSpeed: 866
11-24 14:20:04.028  1795  2424 D WifiScoreCard: network update SIGNAL_POLL "ourhome" ID: 1499892569 RSSI -45 txSpeed 866
11-24 14:20:04.028  1795  2424 D WifiClientModeImpl[13802:wlan0]:  ClientModeImpl$L2ConnectedState screen=on 29 0 "ourhome" f4:6d:2f:12:cc:88 rssi=-45 f=5240 sc=60 link=866 tx=4.3, 0.7, 0.0 rx=3.8 bcn=1722201 [on:131 tx:2 rx:1 period:3012] from screen [on:580057 period:27246019] score=60
11-24 14:20:04.028  1795  3057 I WifiService: updateWifiUsabilityScore uid=10180 seqNum=52245 score=100 predictionHorizonSec=1441795
11-24 14:20:04.029  1795  2424 D WifiScoreReport: Wifi scoring disabled - Notify that Wifi is usable
11-24 14:20:04.029  1011  1189 I ASH     : @ 178856.219: tcs3701: stop power rail pending_off timer
11-24 14:20:04.029  1011  1189 D ASH     : @ 178856.219: tcs3701: start power rail timer, state:3
11-24 14:20:04.031  1795  2432 D ConnectivityService: NetReassign [no changes] [c 0] [a 1] [i 1]
11-24 14:20:04.063 10476 10512 I BatteryMgr:DataCollectionService: stats => 1700832004063,12207,4448,11901,4169000,100
11-24 14:20:04.069  1011  1189 I ASH     : @ 178856.259: tcs3701: stop power rail pending_off timer
11-24 14:20:04.069  1011  1189 D ASH     : @ 178856.259: tcs3701: start power rail timer, state:3
11-24 14:20:04.109  1011  1189 I ASH     : @ 178856.299: tcs3701: stop power rail pending_off timer
