11-26 16:54:02.925  1795  2424 D WifiScoreCard: BSSID update SIGNAL_POLL ID: 1320464697 SSID: "ourhome", BSSID: f4:6d:2f:12:cc:88, MAC: b2:2f:ec:da:4a:0c, IP: /192.168.1.104, Security type: 2, Supplicant state: COMPLETED, Wi-Fi standard: 5, RSSI: -45, Link speed: 866Mbps, Tx Link speed: 866Mbps, Max Supported Tx Link speed: 866Mbps, Rx Link speed: 6Mbps, Max Supported Rx Link speed: 866Mbps, Frequency: 5240MHz, Net ID: 12, Metered hint: false, score: 60, isUsable: true, CarrierMerged: false, SubscriptionId: -1, IsPrimary: 1, Trusted: true, Restricted: false, Ephemeral: false, OEM paid: false, OEM private: false, OSU AP: false, FQDN: <none>, Provider friendly name: <none>, Requesting package name: <none>"ourhome"wpa2-pskMLO Information: , Is TID-To-Link negotiation supported by the AP: false, AP MLD Address: <none>, AP MLO Link Id: <none>, AP MLO Affiliated links: <none>
11-26 16:54:02.925  1795  2424 D WifiScoreCard: txRate: 1 txSpeed: 866
11-26 16:54:02.925  1795  2424 D WifiScoreCard: network update SIGNAL_POLL "ourhome" ID: 1499892569 RSSI -45 txSpeed -1
11-26 16:54:02.925  1795  2424 D WifiClientModeImpl[13802:wlan0]:  ClientModeImpl$L2ConnectedState screen=on 37 0 "ourhome" f4:6d:2f:12:cc:88 rssi=-45 f=5240 sc=60 link=866 tx=0.2, 0.0, 0.0 rx=0.2 bcn=3410454 [on:231 tx:1 rx:1 period:3016] from screen [on:71188 period:1608211] score=60
11-26 16:54:02.925  2673  2691 V WifiManager: OnWifiUsabilityStatsListener: onWifiUsabilityStats: seqNum=91153
11-26 16:54:02.926  1795  4144 I WifiService: updateWifiUsabilityScore uid=10180 seqNum=91153 score=100 predictionHorizonSec=1441795
11-26 16:54:02.927  1795  2424 D WifiScoreReport: Wifi scoring disabled - Notify that Wifi is usable
11-26 16:54:02.929  1011  1189 I ASH     : @ 360895.102: tcs3701: stop power rail pending_off timer
11-26 16:54:02.929  1011  1189 D ASH     : @ 360895.102: tcs3701: start power rail timer, state:3
11-26 16:54:02.932  1795  2432 D ConnectivityService: NetReassign [no changes] [c 0] [a 1] [i 3]
11-26 16:54:02.964  8427  8469 I BatteryMgr:DataCollectionService: stats => 1701014042964,136718,4445,137634,4169000,100
11-26 16:54:02.969  1011  1189 I ASH     : @ 360895.142: tcs3701: stop power rail pending_off timer
11-26 16:54:02.969  1011  1189 D ASH     : @ 360895.142: tcs3701: start power rail timer, state:3
11-26 16:54:03.005  1795  1854 D ActivityManager: freezer override set to true
11-26 16:54:03.009  1011  1189 I ASH     : @ 360895.182: tcs3701: stop power rail pending_off timer
11-26 16:54:03.009  1011  1189 D ASH     : @ 360895.182: tcs3701: start power rail timer, state:3
11-26 16:54:03.049  1011  1189 I ASH     : @ 360895.222: tcs3701: stop power rail pending_off timer
11-26 16:54:03.049  1011  1189 D ASH     : @ 360895.222: tcs3701: start power rail timer, state:3
11-26 16:54:03.070  8427  8469 I BatteryMgr:DataCollectionService: stats => 1701014043069,140380,4445,137634,4169000,100
11-26 16:54:03.089  1011  1189 I ASH     : @ 360895.262: tcs3701: stop power rail pending_off timer
11-26 16:54:03.089  1011  1189 D ASH     : @ 360895.262: tcs3701: start power rail timer, state:3
11-26 16:54:03.094 10019 10032 I m.chrome.canary: Explicit concurrent copying GC freed 3837(192KB) AllocSpace objects, 4(80KB) LOS objects, 75% free, 14MB/56MB, paused 25us,20us total 49.994ms
11-26 16:54:03.129  1011  1189 I ASH     : @ 360895.302: tcs3701: stop power rail pending_off timer
11-26 16:54:03.129  1011  1189 D ASH     : @ 360895.302: tcs3701: start power rail timer, state:3
11-26 16:54:03.153  1795  1854 D ActivityManager: freezer override set to false
11-26 16:54:03.169  1011  1189 I ASH     : @ 360895.342: tcs3701: stop power rail pending_off timer
11-26 16:54:03.170  1011  1189 D ASH     : @ 360895.342: tcs3701: start power rail timer, state:3
11-26 16:54:03.179  8427  8469 I BatteryMgr:DataCollectionService: stats => 1701014043179,140075,4445,137634,4169000,100
11-26 16:54:03.188  1795  1854 D ActivityManager: freezer override set to true
11-26 16:54:03.191  1795  1854 D ActivityManager: freezer override set to false
11-26 16:54:03.209  1011  1189 I ASH     : @ 360895.382: tcs3701: stop power rail pending_off timer
11-26 16:54:03.209  1011  1189 D ASH     : @ 360895.382: tcs3701: start power rail timer, state:3
11-26 16:54:03.225  1795  1854 D ActivityManager: freezer override set to true
11-26 16:54:03.228  1795  1854 D ActivityManager: freezer override set to false
11-26 16:54:03.249  1011  1189 I ASH     : @ 360895.422: tcs3701: stop power rail pending_off timer
11-26 16:54:03.249  1011  1189 D ASH     : @ 360895.422: tcs3701: start power rail timer, state:3
11-26 16:54:03.287  8427  8469 I BatteryMgr:DataCollectionService: stats => 1701014043287,134582,4445,137634,4169000,100
11-26 16:54:03.289  1011  1189 I ASH     : @ 360895.462: tcs3701: stop power rail pending_off timer
11-26 16:54:03.289  1011  1189 D ASH     : @ 360895.462: tcs3701: start power rail timer, state:3
11-26 16:54:03.329  1011  1189 I ASH     : @ 360895.502: tcs3701: stop power rail pending_off timer
11-26 16:54:03.329  1011  1189 D ASH     : @ 360895.502: tcs3701: start power rail timer, state:3
11-26 16:54:03.369  1011  1189 I ASH     : @ 360895.542: tcs3701: stop power rail pending_off timer
11-26 16:54:03.369  1011  1189 D ASH     : @ 360895.542: tcs3701: start power rail timer, state:3
11-26 16:54:03.396  8427  8469 I BatteryMgr:DataCollectionService: stats => 1701014043396,132141,4445,137634,4169000,100
11-26 16:54:03.409  1011  1189 I ASH     : @ 360895.582: tcs3701: stop power rail pending_off timer
11-26 16:54:03.409  1011  1189 D ASH     : @ 360895.582: tcs3701: start power rail timer, state:3
11-26 16:54:03.451  1011  1189 I ASH     : @ 360895.622: tcs3701: stop power rail pending_off timer
11-26 16:54:03.451  1011  1189 D ASH     : @ 360895.622: tcs3701: start power rail timer, state:3
11-26 16:54:03.489  1011  1189 I ASH     : @ 360895.662: tcs3701: stop power rail pending_off timer
11-26 16:54:03.489  1011  1189 D ASH     : @ 360895.662: tcs3701: start power rail timer, state:3
11-26 16:54:03.505  8427  8469 I BatteryMgr:DataCollectionService: stats => 1701014043504,132141,4445,137634,4169000,100
11-26 16:54:03.529  1011  1189 I ASH     : @ 360895.702: tcs3701: stop power rail pending_off timer
11-26 16:54:03.529  1011  1189 D ASH     : @ 360895.702: tcs3701: start power rail timer, state:3
11-26 16:54:03.569  1011  1189 I ASH     : @ 360895.742: tcs3701: stop power rail pending_off timer
11-26 16:54:03.569  1011  1189 D ASH     : @ 360895.742: tcs3701: start power rail timer, state:3
11-26 16:54:03.609  1011  1189 I ASH     : @ 360895.782: tcs3701: stop power rail pending_off timer
11-26 16:54:03.610  1011  1189 D ASH     : @ 360895.782: tcs3701: start power rail timer, state:3
11-26 16:54:03.615  8427  8469 I BatteryMgr:DataCollectionService: stats => 1701014043615,139770,4445,137634,4169000,100
11-26 16:54:03.622  1795  1854 D ActivityManager: freezer override set to true
11-26 16:54:03.627  1795  1854 D ActivityManager: freezer override set to false
11-26 16:54:03.649  1011  1189 I ASH     : @ 360895.822: tcs3701: stop power rail pending_off timer
11-26 16:54:03.649  1011  1189 D ASH     : @ 360895.822: tcs3701: start power rail timer, state:3
11-26 16:54:03.689  1011  1189 I ASH     : @ 360895.862: tcs3701: stop power rail pending_off timer
11-26 16:54:03.689  1011  1189 D ASH     : @ 360895.862: tcs3701: start power rail timer, state:3
11-26 16:54:03.724  8427  8469 I BatteryMgr:DataCollectionService: stats => 1701014043724,133361,4445,137634,4169000,100
11-26 16:54:03.729  1011  1189 I ASH     : @ 360895.902: tcs3701: stop power rail pending_off timer
11-26 16:54:03.729  1011  1189 D ASH     : @ 360895.902: tcs3701: start power rail timer, state:3
11-26 16:54:03.769  1011  1189 I ASH     : @ 360895.942: tcs3701: stop power rail pending_off timer
11-26 16:54:03.769  1011  1189 D ASH     : @ 360895.942: tcs3701: start power rail timer, state:3
11-26 16:54:03.809  1011  1189 I ASH     : @ 360895.982: tcs3701: stop power rail pending_off timer
11-26 16:54:03.809  1011  1189 D ASH     : @ 360895.982: tcs3701: start power rail timer, state:3
11-26 16:54:03.835  8427  8469 I BatteryMgr:DataCollectionService: stats => 1701014043835,134277,4445,137634,4169000,100
11-26 16:54:03.849  1011  1189 I ASH     : @ 360896.022: tcs3701: stop power rail pending_off timer
11-26 16:54:03.849  1011  1189 D ASH     : @ 360896.022: tcs3701: start power rail timer, state:3
11-26 16:54:03.889  1011  1189 I ASH     : @ 360896.062: tcs3701: stop power rail pending_off timer
11-26 16:54:03.889  1011  1189 D ASH     : @ 360896.062: tcs3701: start power rail timer, state:3
11-26 16:54:03.929  1011  1189 I ASH     : @ 360896.102: tcs3701: stop power rail pending_off timer
11-26 16:54:03.929  1011  1189 D ASH     : @ 360896.102: tcs3701: start power rail timer, state:3
11-26 16:54:03.945  8427  8469 I BatteryMgr:DataCollectionService: stats => 1701014043945,131225,4445,137634,4169000,100
11-26 16:54:03.969  1011  1189 I ASH     : @ 360896.142: tcs3701: stop power rail pending_off timer
11-26 16:54:03.969  1011  1189 D ASH     : @ 360896.142: tcs3701: start power rail timer, state:3
11-26 16:54:04.009  1011  1189 I ASH     : @ 360896.182: tcs3701: stop power rail pending_off timer
11-26 16:54:04.009  1011  1189 D ASH     : @ 360896.182: tcs3701: start power rail timer, state:3
11-26 16:54:04.049  1011  1189 I ASH     : @ 360896.222: tcs3701: stop power rail pending_off timer
11-26 16:54:04.049  1011  1189 D ASH     : @ 360896.222: tcs3701: start power rail timer, state:3
11-26 16:54:04.054  8427  8469 I BatteryMgr:DataCollectionService: stats => 1701014044054,138855,4445,137634,4169000,100
11-26 16:54:04.089  1011  1189 I ASH     : @ 360896.262: tcs3701: stop power rail pending_off timer
11-26 16:54:04.089  1011  1189 D ASH     : @ 360896.262: tcs3701: start power rail timer, state:3
11-26 16:54:04.129  1011  1189 I ASH     : @ 360896.302: tcs3701: stop power rail pending_off timer
11-26 16:54:04.129  1011  1189 D ASH     : @ 360896.302: tcs3701: start power rail timer, state:3
11-26 16:54:04.163  8427  8469 I BatteryMgr:DataCollectionService: stats => 1701014044163,137024,4445,137634,4169000,100
11-26 16:54:04.169  1011  1189 I ASH     : @ 360896.342: tcs3701: stop power rail pending_off timer
11-26 16:54:04.169  1011  1189 D ASH     : @ 360896.342: tcs3701: start power rail timer, state:3
11-26 16:54:04.209  1011  1189 I ASH     : @ 360896.382: tcs3701: stop power rail pending_off timer
11-26 16:54:04.210  1011  1189 D ASH     : @ 360896.382: tcs3701: start power rail timer, state:3
11-26 16:54:04.249  1011  1189 I ASH     : @ 360896.422: tcs3701: stop power rail pending_off timer
11-26 16:54:04.249  1011  1189 D ASH     : @ 360896.422: tcs3701: start power rail timer, state:3
11-26 16:54:04.270  8427  8469 I BatteryMgr:DataCollectionService: stats => 1701014044270,140991,4445,137634,4169000,100
11-26 16:54:04.289  1011  1189 I ASH     : @ 360896.462: tcs3701: stop power rail pending_off timer
11-26 16:54:04.289  1011  1189 D ASH     : @ 360896.462: tcs3701: start power rail timer, state:3
11-26 16:54:04.329  1011  1189 I ASH     : @ 360896.502: tcs3701: stop power rail pending_off timer
11-26 16:54:04.329  1011  1189 D ASH     : @ 360896.502: tcs3701: start power rail timer, state:3
11-26 16:54:04.361  1795  1854 D ActivityManager: freezer override set to true
11-26 16:54:04.369  1011  1189 I ASH     : @ 360896.542: tcs3701: stop power rail pending_off timer
11-26 16:54:04.369  1011  1189 D ASH     : @ 360896.542: tcs3701: start power rail timer, state:3
11-26 16:54:04.376  8427  8469 I BatteryMgr:DataCollectionService: stats => 1701014044376,132446,4445,137634,4169000,100
11-26 16:54:04.409  1011  1189 I ASH     : @ 360896.582: tcs3701: stop power rail pending_off timer
11-26 16:54:04.409  1011  1189 D ASH     : @ 360896.582: tcs3701: start power rail timer, state:3
11-26 16:54:04.449  1011  1189 I ASH     : @ 360896.622: tcs3701: stop power rail pending_off timer
11-26 16:54:04.450  1011  1189 D ASH     : @ 360896.622: tcs3701: start power rail timer, state:3
11-26 16:54:04.483  8427  8469 I BatteryMgr:DataCollectionService: stats => 1701014044483,132751,4445,137634,4169000,100
11-26 16:54:04.489  1011  1189 I ASH     : @ 360896.662: tcs3701: stop power rail pending_off timer
11-26 16:54:04.489  1011  1189 D ASH     : @ 360896.662: tcs3701: start power rail timer, state:3
11-26 16:54:04.503 10019 10032 I m.chrome.canary: Explicit concurrent copying GC freed 3823(192KB) AllocSpace objects, 4(80KB) LOS objects, 75% free, 14MB/56MB, paused 27us,24us total 52.191ms
11-26 16:54:04.529  1011  1189 I ASH     : @ 360896.702: tcs3701: stop power rail pending_off timer
11-26 16:54:04.529  1011  1189 D ASH     : @ 360896.702: tcs3701: start power rail timer, state:3
11-26 16:54:04.564  1795  1854 D ActivityManager: freezer override set to false
11-26 16:54:04.569  1011  1189 I ASH     : @ 360896.742: tcs3701: stop power rail pending_off timer
11-26 16:54:04.569  1011  1189 D ASH     : @ 360896.742: tcs3701: start power rail timer, state:3
11-26 16:54:04.592  8427  8469 I BatteryMgr:DataCollectionService: stats => 1701014044592,135192,4445,137634,4169000,100
11-26 16:54:04.602  1795  1854 D ActivityManager: freezer override set to true
11-26 16:54:04.607  1795  1854 D ActivityManager: freezer override set to false
11-26 16:54:04.609  1011  1189 I ASH     : @ 360896.782: tcs3701: stop power rail pending_off timer
11-26 16:54:04.609  1011  1189 D ASH     : @ 360896.782: tcs3701: start power rail timer, state:3
11-26 16:54:04.617  1795  1854 D ActivityManager: freezer override set to true
11-26 16:54:04.621  1795  1854 D ActivityManager: freezer override set to false
11-26 16:54:04.646  1795  1854 D ActivityManager: freezer override set to true
11-26 16:54:04.649  1011  1189 I ASH     : @ 360896.822: tcs3701: stop power rail pending_off timer
11-26 16:54:04.649  1011  1189 D ASH     : @ 360896.822: tcs3701: start power rail timer, state:3
11-26 16:54:04.650  1795  1854 D ActivityManager: freezer override set to false
11-26 16:54:04.689  1011  1189 I ASH     : @ 360896.862: tcs3701: stop power rail pending_off timer
11-26 16:54:04.689  1011  1189 D ASH     : @ 360896.862: tcs3701: start power rail timer, state:3
11-26 16:54:04.701  8427  8469 I BatteryMgr:DataCollectionService: stats => 1701014044701,132141,4445,137634,4169000,100
11-26 16:54:04.729  1011  1189 I ASH     : @ 360896.902: tcs3701: stop power rail pending_off timer
11-26 16:54:04.729  1011  1189 D ASH     : @ 360896.902: tcs3701: start power rail timer, state:3
11-26 16:54:04.769  1011  1189 I ASH     : @ 360896.942: tcs3701: stop power rail pending_off timer
11-26 16:54:04.769  1011  1189 D ASH     : @ 360896.942: tcs3701: start power rail timer, state:3
11-26 16:54:04.809  1011  1189 I ASH     : @ 360896.982: tcs3701: stop power rail pending_off timer
11-26 16:54:04.809  1011  1189 D ASH     : @ 360896.982: tcs3701: start power rail timer, state:3
11-26 16:54:04.812  8427  8469 I BatteryMgr:DataCollectionService: stats => 1701014044811,136718,4445,137634,4169000,100
11-26 16:54:04.851  1011  1189 I ASH     : @ 360897.022: tcs3701: stop power rail pending_off timer
11-26 16:54:04.851  1011  1189 D ASH     : @ 360897.022: tcs3701: start power rail timer, state:3
11-26 16:54:04.889  1011  1189 I ASH     : @ 360897.062: tcs3701: stop power rail pending_off timer
11-26 16:54:04.889  1011  1189 D ASH     : @ 360897.062: tcs3701: start power rail timer, state:3
11-26 16:54:04.922  8427  8469 I BatteryMgr:DataCollectionService: stats => 1701014044922,136718,4445,137634,4169000,100
11-26 16:54:04.929  1011  1189 I ASH     : @ 360897.102: tcs3701: stop power rail pending_off timer
11-26 16:54:04.929  1011  1189 D ASH     : @ 360897.102: tcs3701: start power rail timer, state:3
11-26 16:54:04.969  1011  1189 I ASH     : @ 360897.142: tcs3701: stop power rail pending_off timer
11-26 16:54:04.969  1011  1189 D ASH     : @ 360897.142: tcs3701: start power rail timer, state:3
11-26 16:54:05.009  1011  1189 I ASH     : @ 360897.182: tcs3701: stop power rail pending_off timer
11-26 16:54:05.009  1011  1189 D ASH     : @ 360897.182: tcs3701: start power rail timer, state:3
11-26 16:54:05.031  8427  8469 I BatteryMgr:DataCollectionService: stats => 1701014045031,133667,4445,137634,4169000,100
11-26 16:54:05.049  1011  1189 I ASH     : @ 360897.222: tcs3701: stop power rail pending_off timer
11-26 16:54:05.050  1011  1189 D ASH     : @ 360897.222: tcs3701: start power rail timer, state:3
11-26 16:54:05.089  1011  1189 I ASH     : @ 360897.262: tcs3701: stop power rail pending_off timer
11-26 16:54:05.089  1011  1189 D ASH     : @ 360897.262: tcs3701: start power rail timer, state:3
11-26 16:54:05.129  1011  1189 I ASH     : @ 360897.302: tcs3701: stop power rail pending_off timer
11-26 16:54:05.129  1011  1189 D ASH     : @ 360897.302: tcs3701: start power rail timer, state:3
11-26 16:54:05.140  8427  8469 I BatteryMgr:DataCollectionService: stats => 1701014045139,137939,4445,137634,4169000,100
11-26 16:54:05.169  1011  1189 I ASH     : @ 360897.342: tcs3701: stop power rail pending_off timer
11-26 16:54:05.169  1011  1189 D ASH     : @ 360897.342: tcs3701: start power rail timer, state:3
11-26 16:54:05.209  1011  1189 I ASH     : @ 360897.382: tcs3701: stop power rail pending_off timer
11-26 16:54:05.209  1011  1189 D ASH     : @ 360897.382: tcs3701: start power rail timer, state:3
11-26 16:54:05.249  8427  8469 I BatteryMgr:DataCollectionService: stats => 1701014045249,135192,4445,137634,4169000,100
11-26 16:54:05.249  1011  1189 I ASH     : @ 360897.422: tcs3701: stop power rail pending_off timer
11-26 16:54:05.249  1011  1189 D ASH     : @ 360897.422: tcs3701: start power rail timer, state:3
11-26 16:54:05.289  1011  1189 I ASH     : @ 360897.462: tcs3701: stop power rail pending_off timer
11-26 16:54:05.289  1011  1189 D ASH     : @ 360897.462: tcs3701: start power rail timer, state:3
11-26 16:54:05.329  1011  1189 I ASH     : @ 360897.502: tcs3701: stop power rail pending_off timer
11-26 16:54:05.329  1011  1189 D ASH     : @ 360897.502: tcs3701: start power rail timer, state:3
11-26 16:54:05.359  8427  8469 I BatteryMgr:DataCollectionService: stats => 1701014045359,136413,4445,137634,4169000,100
11-26 16:54:05.369  1011  1189 I ASH     : @ 360897.542: tcs3701: stop power rail pending_off timer
11-26 16:54:05.369  1011  1189 D ASH     : @ 360897.542: tcs3701: start power rail timer, state:3
11-26 16:54:05.409  1011  1189 I ASH     : @ 360897.582: tcs3701: stop power rail pending_off timer
11-26 16:54:05.409  1011  1189 D ASH     : @ 360897.582: tcs3701: start power rail timer, state:3
11-26 16:54:05.449  1011  1189 I ASH     : @ 360897.622: tcs3701: stop power rail pending_off timer
11-26 16:54:05.449  1011  1189 D ASH     : @ 360897.622: tcs3701: start power rail timer, state:3
11-26 16:54:05.468  8427  8469 I BatteryMgr:DataCollectionService: stats => 1701014045468,139465,4445,137634,4169000,100
11-26 16:54:05.489  1011  1189 I ASH     : @ 360897.662: tcs3701: stop power rail pending_off timer
11-26 16:54:05.489  1011  1189 D ASH     : @ 360897.662: tcs3701: start power rail timer, state:3
11-26 16:54:05.529  1011  1189 I ASH     : @ 360897.702: tcs3701: stop power rail pending_off timer
11-26 16:54:05.529  1011  1189 D ASH     : @ 360897.702: tcs3701: start power rail timer, state:3
11-26 16:54:05.569  1011  1189 I ASH     : @ 360897.742: tcs3701: stop power rail pending_off timer
11-26 16:54:05.569  1011  1189 D ASH     : @ 360897.742: tcs3701: start power rail timer, state:3
11-26 16:54:05.576  8427  8469 I BatteryMgr:DataCollectionService: stats => 1701014045576,137329,4445,137634,4169000,100
11-26 16:54:05.609  1011  1189 I ASH     : @ 360897.782: tcs3701: stop power rail pending_off timer
11-26 16:54:05.609  1011  1189 D ASH     : @ 360897.782: tcs3701: start power rail timer, state:3
11-26 16:54:05.625  1795  1854 D ActivityManager: freezer override set to true
11-26 16:54:05.629  1795  1854 D ActivityManager: freezer override set to false
11-26 16:54:05.649  1011  1189 I ASH     : @ 360897.822: tcs3701: stop power rail pending_off timer
11-26 16:54:05.649  1011  1189 D ASH     : @ 360897.822: tcs3701: start power rail timer, state:3
11-26 16:54:05.686  8427  8469 I BatteryMgr:DataCollectionService: stats => 1701014045686,135192,4445,137634,4169000,100
11-26 16:54:05.689  1011  1189 I ASH     : @ 360897.862: tcs3701: stop power rail pending_off timer
11-26 16:54:05.689  1011  1189 D ASH     : @ 360897.862: tcs3701: start power rail timer, state:3
11-26 16:54:05.730  1011  1189 I ASH     : @ 360897.902: tcs3701: stop power rail pending_off timer
11-26 16:54:05.730  1011  1189 D ASH     : @ 360897.902: tcs3701: start power rail timer, state:3
11-26 16:54:05.769  1011  1189 I ASH     : @ 360897.942: tcs3701: stop power rail pending_off timer
11-26 16:54:05.769  1011  1189 D ASH     : @ 360897.942: tcs3701: start power rail timer, state:3
11-26 16:54:05.794  8427  8469 I BatteryMgr:DataCollectionService: stats => 1701014045794,137329,4445,137634,4169000,100
11-26 16:54:05.809  1011  1189 I ASH     : @ 360897.982: tcs3701: stop power rail pending_off timer
11-26 16:54:05.809  1011  1189 D ASH     : @ 360897.982: tcs3701: start power rail timer, state:3
11-26 16:54:05.821  1795  1854 D ActivityManager: freezer override set to true
11-26 16:54:05.850  1011  1189 I ASH     : @ 360898.022: tcs3701: stop power rail pending_off timer
11-26 16:54:05.850  1011  1189 D ASH     : @ 360898.022: tcs3701: start power rail timer, state:3
11-26 16:54:05.889  1011  1189 I ASH     : @ 360898.062: tcs3701: stop power rail pending_off timer
11-26 16:54:05.889  1011  1189 D ASH     : @ 360898.062: tcs3701: start power rail timer, state:3
11-26 16:54:05.900  8427  8469 I BatteryMgr:DataCollectionService: stats => 1701014045899,137024,4445,137634,4169000,100
11-26 16:54:05.930  1011  1189 I ASH     : @ 360898.102: tcs3701: stop power rail pending_off timer
11-26 16:54:05.930  1011  1189 D ASH     : @ 360898.102: tcs3701: start power rail timer, state:3
11-26 16:54:05.939  1795  2424 D WifiClientModeImpl[13802:wlan0]: updateLinkLayerStatsRssiSpeedFrequencyCapabilities rssi=-46 TxLinkspeed=866 freq=5240 RxLinkSpeed=6
11-26 16:54:05.939  1795  2424 D WifiDataStall: tx tput in kbps: 710221
11-26 16:54:05.939  1795  2424 D WifiDataStall: rx tput in kbps: 747601
11-26 16:54:05.939  1795  2424 V WifiConfigManager: Updating scan detail cache freq=5240 BSSID=f4:6d:2f:12:cc:88 RSSI=-45 for "ourhome"WPA_PSK
11-26 16:54:05.939  2782  5906 D QCNEJ/WlanStaInfoRelay: Received action: android.net.wifi.RSSI_CHANGED
11-26 16:54:05.940  1795  2424 D WifiChannelUtilization:  freq: 5240 onTime: 9707169 busyTime: 864766 onTimeDiff: 59313 busyTimeDiff: 8280 utilization: 35 utilization t0: 22
11-26 16:54:05.940  1795  2424 D WifiDataStall:  ccaLevel = 35
11-26 16:54:05.940  1795  2424 D WifiDataStall: L2 txTputKbps: 710221, rxTputKbps: 747601, L3 txTputKbps: 0, rxTputKbps: 0, TxTrafficHigh: false, RxTrafficHigh: false, Throughput Sufficient: true
11-26 16:54:05.940  2673  2691 V WifiManager: OnWifiUsabilityStatsListener: onWifiUsabilityStats: seqNum=91154
11-26 16:54:05.940  1795  2424 D WifiScoreReport: Wifi scoring disabled - Don't check IP layer
11-26 16:54:05.940  1795  2424 D WifiScoreCard: BSSID update SIGNAL_POLL ID: 1320464697 SSID: "ourhome", BSSID: f4:6d:2f:12:cc:88, MAC: b2:2f:ec:da:4a:0c, IP: /192.168.1.104, Security type: 2, Supplicant state: COMPLETED, Wi-Fi standard: 5, RSSI: -46, Link speed: 866Mbps, Tx Link speed: 866Mbps, Max Supported Tx Link speed: 866Mbps, Rx Link speed: 6Mbps, Max Supported Rx Link speed: 866Mbps, Frequency: 5240MHz, Net ID: 12, Metered hint: false, score: 60, isUsable: true, CarrierMerged: false, SubscriptionId: -1, IsPrimary: 1, Trusted: true, Restricted: false, Ephemeral: false, OEM paid: false, OEM private: false, OSU AP: false, FQDN: <none>, Provider friendly name: <none>, Requesting package name: <none>"ourhome"wpa2-pskMLO Information: , Is TID-To-Link negotiation supported by the AP: false, AP MLD Address: <none>, AP MLO Link Id: <none>, AP MLO Affiliated links: <none>
11-26 16:54:05.940  1795  2424 D WifiScoreCard: txRate: 1 txSpeed: 866
11-26 16:54:05.940  1795  2424 D WifiScoreCard: network update SIGNAL_POLL "ourhome" ID: 1499892569 RSSI -46 txSpeed -1
11-26 16:54:05.940  1795  4144 I WifiService: updateWifiUsabilityScore uid=10180 seqNum=91154 score=100 predictionHorizonSec=1441795
11-26 16:54:05.940  2513  8309 V WifiManager: TrafficStateCallbackProxy: onStateChanged state=0
11-26 16:54:05.940  1795  2424 D WifiClientModeImpl[13802:wlan0]:  ClientModeImpl$L2ConnectedState screen=on 37 0 "ourhome" f4:6d:2f:12:cc:88 rssi=-46 f=5240 sc=60 link=866 tx=0.1, 0.0, 0.0 rx=0.1 bcn=3410483 [on:0 tx:0 rx:0 period:3015] from screen [on:71188 period:1611226] score=60
11-26 16:54:05.941  1795  2424 D WifiScoreReport: Wifi scoring disabled - Notify that Wifi is usable
11-26 16:54:05.944  1795  2432 D ConnectivityService: NetReassign [no changes] [c 0] [a 0] [i 2]
11-26 16:54:05.955 10019 10032 I m.chrome.canary: Explicit concurrent copying GC freed 4053(207KB) AllocSpace objects, 5(100KB) LOS objects, 75% free, 14MB/56MB, paused 36us,21us total 47.715ms
11-26 16:54:05.969  1011  1189 I ASH     : @ 360898.142: tcs3701: stop power rail pending_off timer
11-26 16:54:05.969  1011  1189 D ASH     : @ 360898.142: tcs3701: start power rail timer, state:3
11-26 16:54:06.007  8427  8469 I BatteryMgr:DataCollectionService: stats => 1701014046007,133667,4445,137634,4169000,100
11-26 16:54:06.009  1011  1189 I ASH     : @ 360898.182: tcs3701: stop power rail pending_off timer
11-26 16:54:06.009  1011  1189 D ASH     : @ 360898.182: tcs3701: start power rail timer, state:3
11-26 16:54:06.011  1795  1854 D ActivityManager: freezer override set to false
11-26 16:54:06.048  1795  1854 D ActivityManager: freezer override set to true
11-26 16:54:06.049  1011  1189 I ASH     : @ 360898.222: tcs3701: stop power rail pending_off timer
11-26 16:54:06.049  1011  1189 D ASH     : @ 360898.222: tcs3701: start power rail timer, state:3
11-26 16:54:06.052  1795  1854 D ActivityManager: freezer override set to false
11-26 16:54:06.087  1795  1854 D ActivityManager: freezer override set to true
11-26 16:54:06.089  1011  1189 I ASH     : @ 360898.262: tcs3701: stop power rail pending_off timer
11-26 16:54:06.089  1011  1189 D ASH     : @ 360898.262: tcs3701: start power rail timer, state:3
11-26 16:54:06.090  1795  1854 D ActivityManager: freezer override set to false
11-26 16:54:06.116  8427  8469 I BatteryMgr:DataCollectionService: stats => 1701014046115,135498,4445,137634,4169000,100
11-26 16:54:06.129  1011  1189 I ASH     : @ 360898.302: tcs3701: stop power rail pending_off timer
11-26 16:54:06.129  1011  1189 D ASH     : @ 360898.302: tcs3701: start power rail timer, state:3
11-26 16:54:06.134  1039  1095 D rlsservice: MonitorDisplayStatus client num 0, display status 1, sensor status 0
11-26 16:54:06.169  1011  1189 I ASH     : @ 360898.342: tcs3701: stop power rail pending_off timer
11-26 16:54:06.169  1011  1189 D ASH     : @ 360898.342: tcs3701: start power rail timer, state:3
11-26 16:54:06.209  1011  1189 I ASH     : @ 360898.382: tcs3701: stop power rail pending_off timer
11-26 16:54:06.209  1011  1189 D ASH     : @ 360898.382: tcs3701: start power rail timer, state:3
11-26 16:54:06.224  8427  8469 I BatteryMgr:DataCollectionService: stats => 1701014046224,133972,4445,137634,4169000,100
11-26 16:54:06.249  1011  1189 I ASH     : @ 360898.422: tcs3701: stop power rail pending_off timer
11-26 16:54:06.249  1011  1189 D ASH     : @ 360898.422: tcs3701: start power rail timer, state:3
11-26 16:54:06.289  1011  1189 I ASH     : @ 360898.462: tcs3701: stop power rail pending_off timer
11-26 16:54:06.289  1011  1189 D ASH     : @ 360898.462: tcs3701: start power rail timer, state:3
11-26 16:54:06.330  1011  1189 I ASH     : @ 360898.502: tcs3701: stop power rail pending_off timer
11-26 16:54:06.330  1011  1189 D ASH     : @ 360898.502: tcs3701: start power rail timer, state:3
11-26 16:54:06.333  8427  8469 I BatteryMgr:DataCollectionService: stats => 1701014046333,136108,4445,137634,4169000,100
11-26 16:54:06.369  1011  1189 I ASH     : @ 360898.542: tcs3701: stop power rail pending_off timer
11-26 16:54:06.369  1011  1189 D ASH     : @ 360898.542: tcs3701: start power rail timer, state:3
11-26 16:54:06.409  1011  1189 I ASH     : @ 360898.582: tcs3701: stop power rail pending_off timer
11-26 16:54:06.409  1011  1189 D ASH     : @ 360898.582: tcs3701: start power rail timer, state:3
11-26 16:54:06.441  8427  8469 I BatteryMgr:DataCollectionService: stats => 1701014046441,131225,4445,137634,4169000,100
11-26 16:54:06.449  1011  1189 I ASH     : @ 360898.622: tcs3701: stop power rail pending_off timer
11-26 16:54:06.449  1011  1189 D ASH     : @ 360898.622: tcs3701: start power rail timer, state:3
11-26 16:54:06.489  1011  1189 I ASH     : @ 360898.662: tcs3701: stop power rail pending_off timer
11-26 16:54:06.489  1011  1189 D ASH     : @ 360898.662: tcs3701: start power rail timer, state:3
11-26 16:54:06.529  1011  1189 I ASH     : @ 360898.702: tcs3701: stop power rail pending_off timer
11-26 16:54:06.529  1011  1189 D ASH     : @ 360898.702: tcs3701: start power rail timer, state:3
11-26 16:54:06.553  8427  8469 I BatteryMgr:DataCollectionService: stats => 1701014046552,134277,4445,137634,4169000,100
11-26 16:54:06.569  1011  1189 I ASH     : @ 360898.742: tcs3701: stop power rail pending_off timer
11-26 16:54:06.569  1011  1189 D ASH     : @ 360898.742: tcs3701: start power rail timer, state:3
11-26 16:54:06.609  1011  1189 I ASH     : @ 360898.782: tcs3701: stop power rail pending_off timer
11-26 16:54:06.609  1011  1189 D ASH     : @ 360898.782: tcs3701: start power rail timer, state:3
11-26 16:54:06.625  1795  4144 D ActivityManager: freezer override set to true
11-26 16:54:06.629  1795  4144 D ActivityManager: freezer override set to false
11-26 16:54:06.649  1011  1189 I ASH     : @ 360898.822: tcs3701: stop power rail pending_off timer
11-26 16:54:06.649  1011  1189 D ASH     : @ 360898.822: tcs3701: start power rail timer, state:3
11-26 16:54:06.662  8427  8469 I BatteryMgr:DataCollectionService: stats => 1701014046661,136108,4445,137634,4169000,100
11-26 16:54:06.689  1011  1189 I ASH     : @ 360898.862: tcs3701: stop power rail pending_off timer
11-26 16:54:06.689  1011  1189 D ASH     : @ 360898.862: tcs3701: start power rail timer, state:3
11-26 16:54:06.729  1011  1189 I ASH     : @ 360898.902: tcs3701: stop power rail pending_off timer
11-26 16:54:06.729  1011  1189 D ASH     : @ 360898.902: tcs3701: start power rail timer, state:3
11-26 16:54:06.769  1011  1189 I ASH     : @ 360898.942: tcs3701: stop power rail pending_off timer
11-26 16:54:06.769  1011  1189 D ASH     : @ 360898.942: tcs3701: start power rail timer, state:3
11-26 16:54:06.772  8427  8469 I BatteryMgr:DataCollectionService: stats => 1701014046772,133667,4445,137634,4169000,100
11-26 16:54:06.809  1011  1189 I ASH     : @ 360898.982: tcs3701: stop power rail pending_off timer
11-26 16:54:06.809  1011  1189 D ASH     : @ 360898.982: tcs3701: start power rail timer, state:3
11-26 16:54:06.849  1011  1189 I ASH     : @ 360899.022: tcs3701: stop power rail pending_off timer
11-26 16:54:06.849  1011  1189 D ASH     : @ 360899.022: tcs3701: start power rail timer, state:3
11-26 16:54:06.881  8427  8469 I BatteryMgr:DataCollectionService: stats => 1701014046881,130004,4445,137634,4169000,100
11-26 16:54:06.889  1011  1189 I ASH     : @ 360899.062: tcs3701: stop power rail pending_off timer
11-26 16:54:06.889  1011  1189 D ASH     : @ 360899.062: tcs3701: start power rail timer, state:3
11-26 16:54:06.929  1011  1189 I ASH     : @ 360899.102: tcs3701: stop power rail pending_off timer
11-26 16:54:06.929  1011  1189 D ASH     : @ 360899.102: tcs3701: start power rail timer, state:3
11-26 16:54:06.969  1011  1189 I ASH     : @ 360899.142: tcs3701: stop power rail pending_off timer
11-26 16:54:06.969  1011  1189 D ASH     : @ 360899.142: tcs3701: start power rail timer, state:3
11-26 16:54:06.992  8427  8469 I BatteryMgr:DataCollectionService: stats => 1701014046992,129699,4445,137634,4169000,100
11-26 16:54:07.009  1011  1189 I ASH     : @ 360899.182: tcs3701: stop power rail pending_off timer
11-26 16:54:07.009  1011  1189 D ASH     : @ 360899.182: tcs3701: start power rail timer, state:3
11-26 16:54:07.049  1011  1189 I ASH     : @ 360899.222: tcs3701: stop power rail pending_off timer
11-26 16:54:07.049  1011  1189 D ASH     : @ 360899.222: tcs3701: start power rail timer, state:3
11-26 16:54:07.089  1011  1189 I ASH     : @ 360899.262: tcs3701: stop power rail pending_off timer
11-26 16:54:07.089  1011  1189 D ASH     : @ 360899.262: tcs3701: start power rail timer, state:3
11-26 16:54:07.101  8427  8469 I BatteryMgr:DataCollectionService: stats => 1701014047101,133056,4445,137634,4169000,100
11-26 16:54:07.129  1011  1189 I ASH     : @ 360899.302: tcs3701: stop power rail pending_off timer
11-26 16:54:07.129  1011  1189 D ASH     : @ 360899.302: tcs3701: start power rail timer, state:3
11-26 16:54:07.169  1011  1189 I ASH     : @ 360899.342: tcs3701: stop power rail pending_off timer
11-26 16:54:07.169  1011  1189 D ASH     : @ 360899.342: tcs3701: start power rail timer, state:3
11-26 16:54:07.209  1011  1189 I ASH     : @ 360899.382: tcs3701: stop power rail pending_off timer
11-26 16:54:07.210  8427  8469 I BatteryMgr:DataCollectionService: stats => 1701014047210,126037,4445,137634,4169000,100
11-26 16:54:07.210  1011  1189 D ASH     : @ 360899.382: tcs3701: start power rail timer, state:3
11-26 16:54:07.222  1795  4144 D ActivityManager: freezer override set to true
11-26 16:54:07.249  1011  1189 I ASH     : @ 360899.422: tcs3701: stop power rail pending_off timer
11-26 16:54:07.249  1011  1189 D ASH     : @ 360899.422: tcs3701: start power rail timer, state:3
11-26 16:54:07.289  1011  1189 I ASH     : @ 360899.462: tcs3701: stop power rail pending_off timer
11-26 16:54:07.289  1011  1189 D ASH     : @ 360899.462: tcs3701: start power rail timer, state:3
11-26 16:54:07.317  8427  8469 I BatteryMgr:DataCollectionService: stats => 1701014047317,136108,4445,137634,4169000,100
11-26 16:54:07.329  1011  1189 I ASH     : @ 360899.502: tcs3701: stop power rail pending_off timer
11-26 16:54:07.329  1011  1189 D ASH     : @ 360899.502: tcs3701: start power rail timer, state:3
11-26 16:54:07.357 10019 10032 I m.chrome.canary: Explicit concurrent copying GC freed 3839(192KB) AllocSpace objects, 4(80KB) LOS objects, 75% free, 14MB/56MB, paused 26us,21us total 47.453ms
11-26 16:54:07.369  1011  1189 I ASH     : @ 360899.542: tcs3701: stop power rail pending_off timer
11-26 16:54:07.369  1011  1189 D ASH     : @ 360899.542: tcs3701: start power rail timer, state:3
11-26 16:54:07.409  1011  1189 I ASH     : @ 360899.582: tcs3701: stop power rail pending_off timer
11-26 16:54:07.409  1011  1189 D ASH     : @ 360899.582: tcs3701: start power rail timer, state:3
11-26 16:54:07.413  1795  4144 D ActivityManager: freezer override set to false
11-26 16:54:07.421  8427  8469 I BatteryMgr:DataCollectionService: stats => 1701014047421,129394,4445,137634,4169000,100
11-26 16:54:07.449  1011  1189 I ASH     : @ 360899.622: tcs3701: stop power rail pending_off timer
11-26 16:54:07.449  1011  1189 D ASH     : @ 360899.622: tcs3701: start power rail timer, state:3
11-26 16:54:07.452  1795  4144 D ActivityManager: freezer override set to true
11-26 16:54:07.456  1795  4144 D ActivityManager: freezer override set to false
11-26 16:54:07.489  1011  1189 I ASH     : @ 360899.662: tcs3701: stop power rail pending_off timer
11-26 16:54:07.489  1011  1189 D ASH     : @ 360899.662: tcs3701: start power rail timer, state:3
11-26 16:54:07.492  1795  4144 D ActivityManager: freezer override set to true
11-26 16:54:07.496  1795  4144 D ActivityManager: freezer override set to false
11-26 16:54:07.529  1011  1189 I ASH     : @ 360899.702: tcs3701: stop power rail pending_off timer
11-26 16:54:07.529  1011  1189 D ASH     : @ 360899.702: tcs3701: start power rail timer, state:3
11-26 16:54:07.530  8427  8469 I BatteryMgr:DataCollectionService: stats => 1701014047530,132751,4445,137634,4169000,100
11-26 16:54:07.569  1011  1189 I ASH     : @ 360899.742: tcs3701: stop power rail pending_off timer
11-26 16:54:07.569  1011  1189 D ASH     : @ 360899.742: tcs3701: start power rail timer, state:3
11-26 16:54:07.609  1011  1189 I ASH     : @ 360899.782: tcs3701: stop power rail pending_off timer
11-26 16:54:07.609  1011  1189 D ASH     : @ 360899.782: tcs3701: start power rail timer, state:3
11-26 16:54:07.621  1795  4144 D ActivityManager: freezer override set to true
11-26 16:54:07.625  1795  4144 D ActivityManager: freezer override set to false
11-26 16:54:07.637  8427  8469 I BatteryMgr:DataCollectionService: stats => 1701014047637,135192,4445,137634,4169000,100
11-26 16:54:07.649  1011  1189 I ASH     : @ 360899.822: tcs3701: stop power rail pending_off timer
11-26 16:54:07.649  1011  1189 D ASH     : @ 360899.822: tcs3701: start power rail timer, state:3
11-26 16:54:07.690  1011  1189 I ASH     : @ 360899.862: tcs3701: stop power rail pending_off timer
11-26 16:54:07.690  1011  1189 D ASH     : @ 360899.862: tcs3701: start power rail timer, state:3
11-26 16:54:07.729  1011  1189 I ASH     : @ 360899.902: tcs3701: stop power rail pending_off timer
11-26 16:54:07.729  1011  1189 D ASH     : @ 360899.902: tcs3701: start power rail timer, state:3
11-26 16:54:07.746  8427  8469 I BatteryMgr:DataCollectionService: stats => 1701014047745,134582,4445,137634,4169000,100
11-26 16:54:07.769  1011  1189 I ASH     : @ 360899.942: tcs3701: stop power rail pending_off timer
11-26 16:54:07.769  1011  1189 D ASH     : @ 360899.942: tcs3701: start power rail timer, state:3
11-26 16:54:07.809  1011  1189 I ASH     : @ 360899.982: tcs3701: stop power rail pending_off timer
11-26 16:54:07.809  1011  1189 D ASH     : @ 360899.982: tcs3701: start power rail timer, state:3
11-26 16:54:07.849  1011  1189 I ASH     : @ 360900.022: tcs3701: stop power rail pending_off timer
11-26 16:54:07.849  1011  1189 D ASH     : @ 360900.022: tcs3701: start power rail timer, state:3
11-26 16:54:07.853  8427  8469 I BatteryMgr:DataCollectionService: stats => 1701014047853,132446,4445,137634,4169000,100
11-26 16:54:07.889  1011  1189 I ASH     : @ 360900.062: tcs3701: stop power rail pending_off timer
11-26 16:54:07.889  1011  1189 D ASH     : @ 360900.062: tcs3701: start power rail timer, state:3
11-26 16:54:07.929  1011  1189 I ASH     : @ 360900.102: tcs3701: stop power rail pending_off timer
11-26 16:54:07.929  1011  1189 D ASH     : @ 360900.102: tcs3701: start power rail timer, state:3
11-26 16:54:07.961  8427  8469 I BatteryMgr:DataCollectionService: stats => 1701014047961,134887,4445,137634,4169000,100
11-26 16:54:07.969  1011  1189 I ASH     : @ 360900.142: tcs3701: stop power rail pending_off timer
11-26 16:54:07.969  1011  1189 D ASH     : @ 360900.142: tcs3701: start power rail timer, state:3
11-26 16:54:08.009  1011  1189 I ASH     : @ 360900.182: tcs3701: stop power rail pending_off timer
11-26 16:54:08.010  1011  1189 D ASH     : @ 360900.182: tcs3701: start power rail timer, state:3
11-26 16:54:08.049  1011  1189 I ASH     : @ 360900.222: tcs3701: stop power rail pending_off timer
11-26 16:54:08.049  1011  1189 D ASH     : @ 360900.222: tcs3701: start power rail timer, state:3
11-26 16:54:08.074  8427  8469 I BatteryMgr:DataCollectionService: stats => 1701014048073,127563,4445,137634,4169000,100
11-26 16:54:08.089  1011  1189 I ASH     : @ 360900.262: tcs3701: stop power rail pending_off timer
11-26 16:54:08.089  1011  1189 D ASH     : @ 360900.262: tcs3701: start power rail timer, state:3
11-26 16:54:08.129  1011  1189 I ASH     : @ 360900.302: tcs3701: stop power rail pending_off timer
11-26 16:54:08.129  1011  1189 D ASH     : @ 360900.302: tcs3701: start power rail timer, state:3
11-26 16:54:08.169  1011  1189 I ASH     : @ 360900.342: tcs3701: stop power rail pending_off timer
11-26 16:54:08.169  1011  1189 D ASH     : @ 360900.342: tcs3701: start power rail timer, state:3
11-26 16:54:08.185  8427  8469 I BatteryMgr:DataCollectionService: stats => 1701014048185,133972,4445,137634,4169000,100
11-26 16:54:08.209  1011  1189 I ASH     : @ 360900.382: tcs3701: stop power rail pending_off timer
11-26 16:54:08.209  1011  1189 D ASH     : @ 360900.382: tcs3701: start power rail timer, state:3
11-26 16:54:08.249  1011  1189 I ASH     : @ 360900.422: tcs3701: stop power rail pending_off timer
11-26 16:54:08.249  1011  1189 D ASH     : @ 360900.422: tcs3701: start power rail timer, state:3
11-26 16:54:08.289  1011  1189 I ASH     : @ 360900.462: tcs3701: stop power rail pending_off timer
11-26 16:54:08.289  1011  1189 D ASH     : @ 360900.462: tcs3701: start power rail timer, state:3
11-26 16:54:08.295  8427  8469 I BatteryMgr:DataCollectionService: stats => 1701014048295,133972,4445,137634,4169000,100
11-26 16:54:08.329  1011  1189 I ASH     : @ 360900.502: tcs3701: stop power rail pending_off timer
11-26 16:54:08.329  1011  1189 D ASH     : @ 360900.502: tcs3701: start power rail timer, state:3
11-26 16:54:08.369  1011  1189 I ASH     : @ 360900.542: tcs3701: stop power rail pending_off timer
11-26 16:54:08.369  1011  1189 D ASH     : @ 360900.542: tcs3701: start power rail timer, state:3
11-26 16:54:08.407  8427  8469 I BatteryMgr:DataCollectionService: stats => 1701014048407,123901,4445,137634,4169000,100
11-26 16:54:08.409  1011  1189 I ASH     : @ 360900.582: tcs3701: stop power rail pending_off timer
11-26 16:54:08.409  1011  1189 D ASH     : @ 360900.582: tcs3701: start power rail timer, state:3
11-26 16:54:08.449  1011  1189 I ASH     : @ 360900.622: tcs3701: stop power rail pending_off timer
11-26 16:54:08.449  1011  1189 D ASH     : @ 360900.622: tcs3701: start power rail timer, state:3
11-26 16:54:08.489  1011  1189 I ASH     : @ 360900.662: tcs3701: stop power rail pending_off timer
11-26 16:54:08.489  1011  1189 D ASH     : @ 360900.662: tcs3701: start power rail timer, state:3
11-26 16:54:08.516  8427  8469 I BatteryMgr:DataCollectionService: stats => 1701014048516,136413,4445,137634,4169000,100
11-26 16:54:08.529  1011  1189 I ASH     : @ 360900.702: tcs3701: stop power rail pending_off timer
11-26 16:54:08.529  1011  1189 D ASH     : @ 360900.702: tcs3701: start power rail timer, state:3
11-26 16:54:08.569  1011  1189 I ASH     : @ 360900.742: tcs3701: stop power rail pending_off timer
11-26 16:54:08.569  1011  1189 D ASH     : @ 360900.742: tcs3701: start power rail timer, state:3
11-26 16:54:08.609  1011  1189 I ASH     : @ 360900.782: tcs3701: stop power rail pending_off timer
11-26 16:54:08.609  1011  1189 D ASH     : @ 360900.782: tcs3701: start power rail timer, state:3
11-26 16:54:08.617  1795  4144 D ActivityManager: freezer override set to true
11-26 16:54:08.622  1795  4144 D ActivityManager: freezer override set to false
11-26 16:54:08.625  8427  8469 I BatteryMgr:DataCollectionService: stats => 1701014048625,133667,4445,137634,4169000,100
11-26 16:54:08.638  1795  1854 D ActivityManager: freezer override set to true
11-26 16:54:08.649  1011  1189 I ASH     : @ 360900.822: tcs3701: stop power rail pending_off timer
11-26 16:54:08.649  1011  1189 D ASH     : @ 360900.822: tcs3701: start power rail timer, state:3
11-26 16:54:08.689  1011  1189 I ASH     : @ 360900.862: tcs3701: stop power rail pending_off timer
11-26 16:54:08.689  1011  1189 D ASH     : @ 360900.862: tcs3701: start power rail timer, state:3
11-26 16:54:08.729  1011  1189 I ASH     : @ 360900.902: tcs3701: stop power rail pending_off timer
11-26 16:54:08.729  1011  1189 D ASH     : @ 360900.902: tcs3701: start power rail timer, state:3
11-26 16:54:08.734  8427  8469 I BatteryMgr:DataCollectionService: stats => 1701014048734,138855,4445,137634,4169000,100
11-26 16:54:08.769  1011  1189 I ASH     : @ 360900.942: tcs3701: stop power rail pending_off timer
11-26 16:54:08.769  1011  1189 D ASH     : @ 360900.942: tcs3701: start power rail timer, state:3
11-26 16:54:08.772 10019 10032 I m.chrome.canary: Explicit concurrent copying GC freed 4051(207KB) AllocSpace objects, 5(100KB) LOS objects, 75% free, 14MB/56MB, paused 25us,21us total 50.366ms
11-26 16:54:08.809  1011  1189 I ASH     : @ 360900.982: tcs3701: stop power rail pending_off timer
11-26 16:54:08.809  1011  1189 D ASH     : @ 360900.982: tcs3701: start power rail timer, state:3
11-26 16:54:08.833  1795  1854 D ActivityManager: freezer override set to false
11-26 16:54:08.841  8427  8469 I BatteryMgr:DataCollectionService: stats => 1701014048840,139465,4445,137634,4169000,100
11-26 16:54:08.849  1011  1189 I ASH     : @ 360901.022: tcs3701: stop power rail pending_off timer
11-26 16:54:08.849  1011  1189 D ASH     : @ 360901.022: tcs3701: start power rail timer, state:3
11-26 16:54:08.877  1795  1854 D ActivityManager: freezer override set to true
11-26 16:54:08.879  1795  1854 D ActivityManager: freezer override set to false
11-26 16:54:08.889  1011  1189 I ASH     : @ 360901.062: tcs3701: stop power rail pending_off timer
11-26 16:54:08.889  1011  1189 D ASH     : @ 360901.062: tcs3701: start power rail timer, state:3
11-26 16:54:08.920  1795  1854 D ActivityManager: freezer override set to true
11-26 16:54:08.922  1795  1854 D ActivityManager: freezer override set to false
11-26 16:54:08.929  1011  1189 I ASH     : @ 360901.102: tcs3701: stop power rail pending_off timer
11-26 16:54:08.929  1011  1189 D ASH     : @ 360901.102: tcs3701: start power rail timer, state:3
11-26 16:54:08.948  8427  8469 I BatteryMgr:DataCollectionService: stats => 1701014048948,142212,4445,137634,4169000,100
11-26 16:54:08.953  1795  2424 D WifiClientModeImpl[13802:wlan0]: updateLinkLayerStatsRssiSpeedFrequencyCapabilities rssi=-46 TxLinkspeed=866 freq=5240 RxLinkSpeed=6
11-26 16:54:08.953  1795  2424 D WifiDataStall: tx tput in kbps: 710221
11-26 16:54:08.953  1795  2424 D WifiDataStall: rx tput in kbps: 747601
11-26 16:54:08.953  1795  2424 V WifiConfigManager: Updating scan detail cache freq=5240 BSSID=f4:6d:2f:12:cc:88 RSSI=-45 for "ourhome"WPA_PSK
11-26 16:54:08.953  2673  2691 V WifiManager: OnWifiUsabilityStatsListener: onWifiUsabilityStats: seqNum=91155
11-26 16:54:08.953  1795  2424 D WifiChannelUtilization:  freq: 5240 onTime: 9707169 busyTime: 864766 onTimeDiff: 59313 busyTimeDiff: 8280 utilization: 35 utilization t0: 22
11-26 16:54:08.954  1795  2424 D WifiDataStall:  ccaLevel = 35
11-26 16:54:08.954  1795  2424 D WifiDataStall: L2 txTputKbps: 710221, rxTputKbps: 747601, L3 txTputKbps: 0, rxTputKbps: 0, TxTrafficHigh: false, RxTrafficHigh: false, Throughput Sufficient: true
11-26 16:54:08.954  1795  2424 D WifiScoreReport: Wifi scoring disabled - Don't check IP layer
11-26 16:54:08.954  1795  1854 I WifiService: updateWifiUsabilityScore uid=10180 seqNum=91155 score=100 predictionHorizonSec=1441795
11-26 16:54:08.954  1795  2424 D WifiScoreCard: BSSID update SIGNAL_POLL ID: 1320464697 SSID: "ourhome", BSSID: f4:6d:2f:12:cc:88, MAC: b2:2f:ec:da:4a:0c, IP: /192.168.1.104, Security type: 2, Supplicant state: COMPLETED, Wi-Fi standard: 5, RSSI: -46, Link speed: 866Mbps, Tx Link speed: 866Mbps, Max Supported Tx Link speed: 866Mbps, Rx Link speed: 6Mbps, Max Supported Rx Link speed: 866Mbps, Frequency: 5240MHz, Net ID: 12, Metered hint: false, score: 60, isUsable: true, CarrierMerged: false, SubscriptionId: -1, IsPrimary: 1, Trusted: true, Restricted: false, Ephemeral: false, OEM paid: false, OEM private: false, OSU AP: false, FQDN: <none>, Provider friendly name: <none>, Requesting package name: <none>"ourhome"wpa2-pskMLO Information: , Is TID-To-Link negotiation supported by the AP: false, AP MLD Address: <none>, AP MLO Link Id: <none>, AP MLO Affiliated links: <none>
11-26 16:54:08.954  1795  2424 D WifiScoreCard: txRate: 1 txSpeed: 866
11-26 16:54:08.954  1795  2424 D WifiScoreCard: network update SIGNAL_POLL "ourhome" ID: 1499892569 RSSI -46 txSpeed -1
11-26 16:54:08.954  1795  2424 D WifiClientModeImpl[13802:wlan0]:  ClientModeImpl$L2ConnectedState screen=on 37 0 "ourhome" f4:6d:2f:12:cc:88 rssi=-46 f=5240 sc=60 link=866 tx=0.0, 0.0, 0.0 rx=0.0 bcn=3410513 [on:0 tx:0 rx:0 period:3014] from screen [on:71188 period:1614240] score=60
11-26 16:54:08.955  1795  2424 D WifiScoreReport: Wifi scoring disabled - Notify that Wifi is usable
11-26 16:54:08.957  1795  2432 D ConnectivityService: NetReassign [no changes] [c 1] [a 0] [i 2]
11-26 16:54:08.969  1011  1189 I ASH     : @ 360901.142: tcs3701: stop power rail pending_off timer
11-26 16:54:08.969  1011  1189 D ASH     : @ 360901.142: tcs3701: start power rail timer, state:3
11-26 16:54:09.009  1011  1189 I ASH     : @ 360901.182: tcs3701: stop power rail pending_off timer
11-26 16:54:09.009  1011  1189 D ASH     : @ 360901.182: tcs3701: start power rail timer, state:3
11-26 16:54:09.049  1011  1189 I ASH     : @ 360901.222: tcs3701: stop power rail pending_off timer
11-26 16:54:09.049  1011  1189 D ASH     : @ 360901.222: tcs3701: start power rail timer, state:3
11-26 16:54:09.056  8427  8469 I BatteryMgr:DataCollectionService: stats => 1701014049056,135803,4445,137634,4169000,100
11-26 16:54:09.089  1011  1189 I ASH     : @ 360901.262: tcs3701: stop power rail pending_off timer
11-26 16:54:09.089  1011  1189 D ASH     : @ 360901.262: tcs3701: start power rail timer, state:3
11-26 16:54:09.129  1011  1189 I ASH     : @ 360901.302: tcs3701: stop power rail pending_off timer
11-26 16:54:09.129  1011  1189 D ASH     : @ 360901.302: tcs3701: start power rail timer, state:3
11-26 16:54:09.164  8427  8469 I BatteryMgr:DataCollectionService: stats => 1701014049164,132141,4445,137634,4169000,100
11-26 16:54:09.169  1011  1189 I ASH     : @ 360901.342: tcs3701: stop power rail pending_off timer
