11-26 16:58:03.353  1011  1189 D ASH     : @ 361135.526: tcs3701: start power rail timer, state:3
11-26 16:58:03.377  8427  8469 I BatteryMgr:DataCollectionService: stats => 1701014283377,105285,4445,107421,4169000,100
11-26 16:58:03.393  1011  1189 I ASH     : @ 361135.566: tcs3701: stop power rail pending_off timer
11-26 16:58:03.393  1011  1189 D ASH     : @ 361135.566: tcs3701: start power rail timer, state:3
11-26 16:58:03.420  1795  2855 D ActivityManager: freezer override set to true
11-26 16:58:03.424  1795  2855 D ActivityManager: freezer override set to false
11-26 16:58:03.432  1011  1189 I ASH     : @ 361135.606: tcs3701: stop power rail pending_off timer
11-26 16:58:03.432  1011  1189 D ASH     : @ 361135.606: tcs3701: start power rail timer, state:3
11-26 16:58:03.472  1011  1189 I ASH     : @ 361135.646: tcs3701: stop power rail pending_off timer
11-26 16:58:03.472  1011  1189 D ASH     : @ 361135.646: tcs3701: start power rail timer, state:3
11-26 16:58:03.486  8427  8469 I BatteryMgr:DataCollectionService: stats => 1701014283486,109558,4445,107421,4169000,100
11-26 16:58:03.512  1011  1189 I ASH     : @ 361135.686: tcs3701: stop power rail pending_off timer
11-26 16:58:03.512  1011  1189 D ASH     : @ 361135.686: tcs3701: start power rail timer, state:3
11-26 16:58:03.553  1011  1189 I ASH     : @ 361135.726: tcs3701: stop power rail pending_off timer
11-26 16:58:03.553  1011  1189 D ASH     : @ 361135.726: tcs3701: start power rail timer, state:3
11-26 16:58:03.593  1011  1189 I ASH     : @ 361135.766: tcs3701: stop power rail pending_off timer
11-26 16:58:03.593  1011  1189 D ASH     : @ 361135.766: tcs3701: start power rail timer, state:3
11-26 16:58:03.595  8427  8469 I BatteryMgr:DataCollectionService: stats => 1701014283595,108337,4445,107421,4169000,100
11-26 16:58:03.624 26741 26741 D BoundBrokerSvc: onUnbind: Intent { act=com.google.android.gms.feedback.internal.IFeedbackService dat=chimera-action:/... cmp=com.google.android.gms/.chimera.GmsBoundBrokerService }
11-26 16:58:03.628 26837 26837 D BoundBrokerSvc: onUnbind: Intent { act=com.google.android.gms.icing.LIGHTWEIGHT_INDEX_SERVICE dat=chimera-action:/... cmp=com.google.android.gms/.chimera.PersistentApiService }
11-26 16:58:03.633  1011  1189 I ASH     : @ 361135.806: tcs3701: stop power rail pending_off timer
11-26 16:58:03.633  1011  1189 D ASH     : @ 361135.806: tcs3701: start power rail timer, state:3
11-26 16:58:03.672  1011  1189 I ASH     : @ 361135.846: tcs3701: stop power rail pending_off timer
11-26 16:58:03.672  1011  1189 D ASH     : @ 361135.846: tcs3701: start power rail timer, state:3
11-26 16:58:03.702  8427  8469 I BatteryMgr:DataCollectionService: stats => 1701014283702,109253,4445,107421,4169000,100
11-26 16:58:03.714  1011  1189 I ASH     : @ 361135.886: tcs3701: stop power rail pending_off timer
11-26 16:58:03.714  1011  1189 D ASH     : @ 361135.886: tcs3701: start power rail timer, state:3
11-26 16:58:03.753  1011  1189 I ASH     : @ 361135.926: tcs3701: stop power rail pending_off timer
11-26 16:58:03.753  1011  1189 D ASH     : @ 361135.926: tcs3701: start power rail timer, state:3
11-26 16:58:03.793  1011  1189 I ASH     : @ 361135.966: tcs3701: stop power rail pending_off timer
11-26 16:58:03.793  1011  1189 D ASH     : @ 361135.966: tcs3701: start power rail timer, state:3
11-26 16:58:03.810  8427  8469 I BatteryMgr:DataCollectionService: stats => 1701014283810,108337,4445,107421,4169000,100
11-26 16:58:03.832  1011  1189 I ASH     : @ 361136.006: tcs3701: stop power rail pending_off timer
11-26 16:58:03.833  1011  1189 D ASH     : @ 361136.006: tcs3701: start power rail timer, state:3
11-26 16:58:03.873  1011  1189 I ASH     : @ 361136.046: tcs3701: stop power rail pending_off timer
11-26 16:58:03.873  1011  1189 D ASH     : @ 361136.046: tcs3701: start power rail timer, state:3
11-26 16:58:03.913  1011  1189 I ASH     : @ 361136.086: tcs3701: stop power rail pending_off timer
11-26 16:58:03.913  1011  1189 D ASH     : @ 361136.086: tcs3701: start power rail timer, state:3
11-26 16:58:03.918  8427  8469 I BatteryMgr:DataCollectionService: stats => 1701014283918,109558,4445,107421,4169000,100
11-26 16:58:03.953  1011  1189 I ASH     : @ 361136.126: tcs3701: stop power rail pending_off timer
11-26 16:58:03.953  1011  1189 D ASH     : @ 361136.126: tcs3701: start power rail timer, state:3
11-26 16:58:03.993  1011  1189 I ASH     : @ 361136.166: tcs3701: stop power rail pending_off timer
11-26 16:58:03.994  1011  1189 D ASH     : @ 361136.166: tcs3701: start power rail timer, state:3
11-26 16:58:04.026  8427  8469 I BatteryMgr:DataCollectionService: stats => 1701014284026,112609,4445,107421,4169000,100
11-26 16:58:04.033  1011  1189 I ASH     : @ 361136.206: tcs3701: stop power rail pending_off timer
11-26 16:58:04.033  1011  1189 D ASH     : @ 361136.206: tcs3701: start power rail timer, state:3
11-26 16:58:04.072  1011  1189 I ASH     : @ 361136.246: tcs3701: stop power rail pending_off timer
11-26 16:58:04.073  1011  1189 D ASH     : @ 361136.246: tcs3701: start power rail timer, state:3
11-26 16:58:04.114  1011  1189 I ASH     : @ 361136.286: tcs3701: stop power rail pending_off timer
11-26 16:58:04.114  1011  1189 D ASH     : @ 361136.286: tcs3701: start power rail timer, state:3
11-26 16:58:04.134  8427  8469 I BatteryMgr:DataCollectionService: stats => 1701014284134,111084,4445,107421,4169000,100
11-26 16:58:04.152  1011  1189 I ASH     : @ 361136.326: tcs3701: stop power rail pending_off timer
11-26 16:58:04.152  1011  1189 D ASH     : @ 361136.326: tcs3701: start power rail timer, state:3
11-26 16:58:04.182  1795  2424 D WifiClientModeImpl[13802:wlan0]: updateLinkLayerStatsRssiSpeedFrequencyCapabilities rssi=-44 TxLinkspeed=780 freq=5240 RxLinkSpeed=866
11-26 16:58:04.182  1795  2424 D WifiDataStall: tx tput in kbps: 713435
11-26 16:58:04.182  1795  2424 D WifiDataStall: rx tput in kbps: 750984
11-26 16:58:04.182  1795  2424 V WifiConfigManager: Updating scan detail cache freq=5240 BSSID=f4:6d:2f:12:cc:88 RSSI=-43 for "ourhome"WPA_PSK
11-26 16:58:04.182  1795  2424 D WifiChannelUtilization:  freq: 5240 onTime: 9717748 busyTime: 865928 onTimeDiff: 69892 busyTimeDiff: 9442 utilization: 34 utilization t0: 22
11-26 16:58:04.182  1795  2424 D WifiDataStall:  ccaLevel = 34
11-26 16:58:04.182  1795  2424 D WifiDataStall: L2 txTputKbps: 574945, rxTputKbps: 750984, L3 txTputKbps: 8, rxTputKbps: 19, TxTrafficHigh: true, RxTrafficHigh: true, Throughput Sufficient: true
11-26 16:58:04.182  1795  2424 D WifiScoreReport: Wifi scoring disabled - Don't check IP layer
11-26 16:58:04.182  1795  2424 D WifiScoreCard: BSSID update SIGNAL_POLL ID: 1320464697 SSID: "ourhome", BSSID: f4:6d:2f:12:cc:88, MAC: b2:2f:ec:da:4a:0c, IP: /192.168.1.104, Security type: 2, Supplicant state: COMPLETED, Wi-Fi standard: 5, RSSI: -44, Link speed: 780Mbps, Tx Link speed: 780Mbps, Max Supported Tx Link speed: 866Mbps, Rx Link speed: 866Mbps, Max Supported Rx Link speed: 866Mbps, Frequency: 5240MHz, Net ID: 12, Metered hint: false, score: 60, isUsable: true, CarrierMerged: false, SubscriptionId: -1, IsPrimary: 1, Trusted: true, Restricted: false, Ephemeral: false, OEM paid: false, OEM private: false, OSU AP: false, FQDN: <none>, Provider friendly name: <none>, Requesting package name: <none>"ourhome"wpa2-pskMLO Information: , Is TID-To-Link negotiation supported by the AP: false, AP MLD Address: <none>, AP MLO Link Id: <none>, AP MLO Affiliated links: <none>
11-26 16:58:04.183  1795  2424 D WifiScoreCard: txRate: 5 txSpeed: 780
11-26 16:58:04.183  1795  2424 D WifiScoreCard: network update SIGNAL_POLL "ourhome" ID: 1499892569 RSSI -44 txSpeed 780
11-26 16:58:04.183  2673 18847 V WifiManager: OnWifiUsabilityStatsListener: onWifiUsabilityStats: seqNum=91233
11-26 16:58:04.183  2513 14800 V WifiManager: TrafficStateCallbackProxy: onStateChanged state=3
11-26 16:58:04.183  1795  2424 D WifiClientModeImpl[13802:wlan0]:  ClientModeImpl$L2ConnectedState screen=on 37 0 "ourhome" f4:6d:2f:12:cc:88 rssi=-44 f=5240 sc=60 link=780 tx=4.3, 0.6, 0.0 rx=2.7 bcn=3412805 [on:146 tx:2 rx:1 period:3012] from screen [on:81767 period:1849469] score=60
11-26 16:58:04.183  1795  2679 I WifiService: updateWifiUsabilityScore uid=10180 seqNum=91233 score=100 predictionHorizonSec=1441795
11-26 16:58:04.184  1795  2424 D WifiScoreReport: Wifi scoring disabled - Notify that Wifi is usable
11-26 16:58:04.186  1795  2432 D ConnectivityService: NetReassign [no changes] [c 0] [a 0] [i 2]
11-26 16:58:04.192  1011  1189 I ASH     : @ 361136.366: tcs3701: stop power rail pending_off timer
11-26 16:58:04.192  1011  1189 D ASH     : @ 361136.366: tcs3701: start power rail timer, state:3
11-26 16:58:04.232  1011  1189 I ASH     : @ 361136.406: tcs3701: stop power rail pending_off timer
11-26 16:58:04.233  1011  1189 D ASH     : @ 361136.406: tcs3701: start power rail timer, state:3
11-26 16:58:04.239  8427  8469 I BatteryMgr:DataCollectionService: stats => 1701014284239,108337,4445,107421,4169000,100
11-26 16:58:04.272  1011  1189 I ASH     : @ 361136.446: tcs3701: stop power rail pending_off timer
11-26 16:58:04.272  1011  1189 D ASH     : @ 361136.446: tcs3701: start power rail timer, state:3
11-26 16:58:04.312  1011  1189 I ASH     : @ 361136.486: tcs3701: stop power rail pending_off timer
11-26 16:58:04.312  1011  1189 D ASH     : @ 361136.486: tcs3701: start power rail timer, state:3
11-26 16:58:04.347  8427  8469 I BatteryMgr:DataCollectionService: stats => 1701014284347,106506,4445,107421,4169000,100
11-26 16:58:04.349  1795  2679 D ActivityManager: freezer override set to true
11-26 16:58:04.353  1011  1189 I ASH     : @ 361136.526: tcs3701: stop power rail pending_off timer
11-26 16:58:04.353  1011  1189 D ASH     : @ 361136.526: tcs3701: start power rail timer, state:3
11-26 16:58:04.392  1011  1189 I ASH     : @ 361136.566: tcs3701: stop power rail pending_off timer
11-26 16:58:04.392  1011  1189 D ASH     : @ 361136.566: tcs3701: start power rail timer, state:3
11-26 16:58:04.432  1011  1189 I ASH     : @ 361136.606: tcs3701: stop power rail pending_off timer
11-26 16:58:04.432  1011  1189 D ASH     : @ 361136.606: tcs3701: start power rail timer, state:3
11-26 16:58:04.440 17088 17141 I m.chrome.canary: Explicit concurrent copying GC freed 3825(192KB) AllocSpace objects, 4(80KB) LOS objects, 75% free, 14MB/56MB, paused 76us,24us total 50.426ms
11-26 16:58:04.453  8427  8469 I BatteryMgr:DataCollectionService: stats => 1701014284453,112609,4445,107421,4169000,100
11-26 16:58:04.472  1011  1189 I ASH     : @ 361136.646: tcs3701: stop power rail pending_off timer
11-26 16:58:04.473  1011  1189 D ASH     : @ 361136.646: tcs3701: start power rail timer, state:3
11-26 16:58:04.502  1795  4168 D ActivityManager: freezer override set to false
11-26 16:58:04.513  1011  1189 I ASH     : @ 361136.686: tcs3701: stop power rail pending_off timer
11-26 16:58:04.513  1011  1189 D ASH     : @ 361136.686: tcs3701: start power rail timer, state:3
11-26 16:58:04.537  1795  4168 D ActivityManager: freezer override set to true
11-26 16:58:04.540  1795  4168 D ActivityManager: freezer override set to false
11-26 16:58:04.552  1011  1189 I ASH     : @ 361136.726: tcs3701: stop power rail pending_off timer
11-26 16:58:04.552  1011  1189 D ASH     : @ 361136.726: tcs3701: start power rail timer, state:3
11-26 16:58:04.560  8427  8469 I BatteryMgr:DataCollectionService: stats => 1701014284559,112304,4445,107421,4169000,100
11-26 16:58:04.580  1795  4168 D ActivityManager: freezer override set to true
11-26 16:58:04.584  1795  4168 D ActivityManager: freezer override set to false
11-26 16:58:04.594  1011  1189 I ASH     : @ 361136.766: tcs3701: stop power rail pending_off timer
11-26 16:58:04.594  1011  1189 D ASH     : @ 361136.766: tcs3701: start power rail timer, state:3
11-26 16:58:04.632  1011  1189 I ASH     : @ 361136.806: tcs3701: stop power rail pending_off timer
11-26 16:58:04.633  1011  1189 D ASH     : @ 361136.806: tcs3701: start power rail timer, state:3
11-26 16:58:04.668  8427  8469 I BatteryMgr:DataCollectionService: stats => 1701014284668,109863,4445,107421,4169000,100
11-26 16:58:04.673  1011  1189 I ASH     : @ 361136.846: tcs3701: stop power rail pending_off timer
11-26 16:58:04.673  1011  1189 D ASH     : @ 361136.846: tcs3701: start power rail timer, state:3
11-26 16:58:04.712  1011  1189 I ASH     : @ 361136.886: tcs3701: stop power rail pending_off timer
11-26 16:58:04.713  1011  1189 D ASH     : @ 361136.886: tcs3701: start power rail timer, state:3
11-26 16:58:04.752  1011  1189 I ASH     : @ 361136.926: tcs3701: stop power rail pending_off timer
11-26 16:58:04.752  1011  1189 D ASH     : @ 361136.926: tcs3701: start power rail timer, state:3
11-26 16:58:04.779  8427  8469 I BatteryMgr:DataCollectionService: stats => 1701014284779,105896,4445,107421,4169000,100
11-26 16:58:04.792  1011  1189 I ASH     : @ 361136.966: tcs3701: stop power rail pending_off timer
11-26 16:58:04.793  1011  1189 D ASH     : @ 361136.966: tcs3701: start power rail timer, state:3
11-26 16:58:04.833  1011  1189 I ASH     : @ 361137.006: tcs3701: stop power rail pending_off timer
11-26 16:58:04.833  1011  1189 D ASH     : @ 361137.006: tcs3701: start power rail timer, state:3
11-26 16:58:04.873  1011  1189 I ASH     : @ 361137.046: tcs3701: stop power rail pending_off timer
11-26 16:58:04.873  1011  1189 D ASH     : @ 361137.046: tcs3701: start power rail timer, state:3
11-26 16:58:04.886  8427  8469 I BatteryMgr:DataCollectionService: stats => 1701014284886,105896,4445,107421,4169000,100
11-26 16:58:04.913  1011  1189 I ASH     : @ 361137.086: tcs3701: stop power rail pending_off timer
11-26 16:58:04.913  1011  1189 D ASH     : @ 361137.086: tcs3701: start power rail timer, state:3
11-26 16:58:04.953  1011  1189 I ASH     : @ 361137.126: tcs3701: stop power rail pending_off timer
11-26 16:58:04.953  1011  1189 D ASH     : @ 361137.126: tcs3701: start power rail timer, state:3
11-26 16:58:04.993  1011  1189 I ASH     : @ 361137.166: tcs3701: stop power rail pending_off timer
11-26 16:58:04.993  1011  1189 D ASH     : @ 361137.166: tcs3701: start power rail timer, state:3
11-26 16:58:04.993  8427  8469 I BatteryMgr:DataCollectionService: stats => 1701014284993,107727,4445,107421,4169000,100
11-26 16:58:05.032  1011  1189 I ASH     : @ 361137.206: tcs3701: stop power rail pending_off timer
11-26 16:58:05.033  1011  1189 D ASH     : @ 361137.206: tcs3701: start power rail timer, state:3
11-26 16:58:05.073  1011  1189 I ASH     : @ 361137.246: tcs3701: stop power rail pending_off timer
11-26 16:58:05.074  1011  1189 D ASH     : @ 361137.246: tcs3701: start power rail timer, state:3
11-26 16:58:05.103  8427  8469 I BatteryMgr:DataCollectionService: stats => 1701014285103,107421,4445,107421,4169000,100
11-26 16:58:05.112  1011  1189 I ASH     : @ 361137.286: tcs3701: stop power rail pending_off timer
11-26 16:58:05.113  1011  1189 D ASH     : @ 361137.286: tcs3701: start power rail timer, state:3
11-26 16:58:05.152  1011  1189 I ASH     : @ 361137.326: tcs3701: stop power rail pending_off timer
11-26 16:58:05.152  1011  1189 D ASH     : @ 361137.326: tcs3701: start power rail timer, state:3
11-26 16:58:05.192  1011  1189 I ASH     : @ 361137.366: tcs3701: stop power rail pending_off timer
11-26 16:58:05.192  1011  1189 D ASH     : @ 361137.366: tcs3701: start power rail timer, state:3
11-26 16:58:05.209  8427  8469 I BatteryMgr:DataCollectionService: stats => 1701014285209,111389,4445,107421,4169000,100
11-26 16:58:05.233  1011  1189 I ASH     : @ 361137.406: tcs3701: stop power rail pending_off timer
11-26 16:58:05.233  1011  1189 D ASH     : @ 361137.406: tcs3701: start power rail timer, state:3
11-26 16:58:05.272  1011  1189 I ASH     : @ 361137.446: tcs3701: stop power rail pending_off timer
11-26 16:58:05.272  1011  1189 D ASH     : @ 361137.446: tcs3701: start power rail timer, state:3
11-26 16:58:05.312  1011  1189 I ASH     : @ 361137.486: tcs3701: stop power rail pending_off timer
11-26 16:58:05.313  1011  1189 D ASH     : @ 361137.486: tcs3701: start power rail timer, state:3
11-26 16:58:05.316  8427  8469 I BatteryMgr:DataCollectionService: stats => 1701014285316,109863,4445,107421,4169000,100
11-26 16:58:05.352  1011  1189 I ASH     : @ 361137.526: tcs3701: stop power rail pending_off timer
11-26 16:58:05.352  1011  1189 D ASH     : @ 361137.526: tcs3701: start power rail timer, state:3
11-26 16:58:05.393  1011  1189 I ASH     : @ 361137.566: tcs3701: stop power rail pending_off timer
11-26 16:58:05.393  1011  1189 D ASH     : @ 361137.566: tcs3701: start power rail timer, state:3
11-26 16:58:05.417  1795  4168 D ActivityManager: freezer override set to true
11-26 16:58:05.422  1795  4168 D ActivityManager: freezer override set to false
11-26 16:58:05.423  8427  8469 I BatteryMgr:DataCollectionService: stats => 1701014285423,108337,4445,107421,4169000,100
11-26 16:58:05.432  1011  1189 I ASH     : @ 361137.606: tcs3701: stop power rail pending_off timer
11-26 16:58:05.432  1011  1189 D ASH     : @ 361137.606: tcs3701: start power rail timer, state:3
11-26 16:58:05.474  1011  1189 I ASH     : @ 361137.646: tcs3701: stop power rail pending_off timer
11-26 16:58:05.474  1011  1189 D ASH     : @ 361137.646: tcs3701: start power rail timer, state:3
11-26 16:58:05.512  1011  1189 I ASH     : @ 361137.686: tcs3701: stop power rail pending_off timer
11-26 16:58:05.513  1011  1189 D ASH     : @ 361137.686: tcs3701: start power rail timer, state:3
11-26 16:58:05.530  8427  8469 I BatteryMgr:DataCollectionService: stats => 1701014285530,109253,4445,107421,4169000,100
11-26 16:58:05.552  1011  1189 I ASH     : @ 361137.726: tcs3701: stop power rail pending_off timer
11-26 16:58:05.552  1011  1189 D ASH     : @ 361137.726: tcs3701: start power rail timer, state:3
11-26 16:58:05.593  1011  1189 I ASH     : @ 361137.766: tcs3701: stop power rail pending_off timer
11-26 16:58:05.593  1011  1189 D ASH     : @ 361137.766: tcs3701: start power rail timer, state:3
11-26 16:58:05.632  1011  1189 I ASH     : @ 361137.806: tcs3701: stop power rail pending_off timer
11-26 16:58:05.632  1011  1189 D ASH     : @ 361137.806: tcs3701: start power rail timer, state:3
11-26 16:58:05.640  8427  8469 I BatteryMgr:DataCollectionService: stats => 1701014285639,105590,4445,107421,4169000,100
11-26 16:58:05.672  1011  1189 I ASH     : @ 361137.846: tcs3701: stop power rail pending_off timer
11-26 16:58:05.673  1011  1189 D ASH     : @ 361137.846: tcs3701: start power rail timer, state:3
11-26 16:58:05.713  1011  1189 I ASH     : @ 361137.886: tcs3701: stop power rail pending_off timer
11-26 16:58:05.713  1011  1189 D ASH     : @ 361137.886: tcs3701: start power rail timer, state:3
11-26 16:58:05.730  1795  2679 D ActivityManager: freezer override set to true
11-26 16:58:05.746  8427  8469 I BatteryMgr:DataCollectionService: stats => 1701014285746,109558,4445,107421,4169000,100
11-26 16:58:05.753  1011  1189 I ASH     : @ 361137.926: tcs3701: stop power rail pending_off timer
11-26 16:58:05.753  1011  1189 D ASH     : @ 361137.926: tcs3701: start power rail timer, state:3
11-26 16:58:05.793  1011  1189 I ASH     : @ 361137.966: tcs3701: stop power rail pending_off timer
11-26 16:58:05.793  1011  1189 D ASH     : @ 361137.966: tcs3701: start power rail timer, state:3
11-26 16:58:05.833  1011  1189 I ASH     : @ 361138.006: tcs3701: stop power rail pending_off timer
11-26 16:58:05.833  1011  1189 D ASH     : @ 361138.006: tcs3701: start power rail timer, state:3
11-26 16:58:05.851  8427  8469 I BatteryMgr:DataCollectionService: stats => 1701014285851,110778,4445,107421,4169000,100
11-26 16:58:05.872  1011  1189 I ASH     : @ 361138.046: tcs3701: stop power rail pending_off timer
11-26 16:58:05.872  1011  1189 D ASH     : @ 361138.046: tcs3701: start power rail timer, state:3
11-26 16:58:05.881 17088 17141 I m.chrome.canary: Explicit concurrent copying GC freed 4054(207KB) AllocSpace objects, 5(100KB) LOS objects, 75% free, 14MB/56MB, paused 35us,25us total 60.742ms
11-26 16:58:05.913  1011  1189 I ASH     : @ 361138.086: tcs3701: stop power rail pending_off timer
11-26 16:58:05.913  1011  1189 D ASH     : @ 361138.086: tcs3701: start power rail timer, state:3
11-26 16:58:05.946  1795  2679 D ActivityManager: freezer override set to false
11-26 16:58:05.953  1011  1189 I ASH     : @ 361138.126: tcs3701: stop power rail pending_off timer
11-26 16:58:05.953  1011  1189 D ASH     : @ 361138.126: tcs3701: start power rail timer, state:3
11-26 16:58:05.957  8427  8469 I BatteryMgr:DataCollectionService: stats => 1701014285957,108947,4445,107421,4169000,100
11-26 16:58:05.993  1011  1189 I ASH     : @ 361138.166: tcs3701: stop power rail pending_off timer
11-26 16:58:05.993  1011  1189 D ASH     : @ 361138.166: tcs3701: start power rail timer, state:3
11-26 16:58:05.993  1795  2679 D ActivityManager: freezer override set to true
11-26 16:58:05.996  1795  2679 D ActivityManager: freezer override set to false
11-26 16:58:06.032  1011  1189 I ASH     : @ 361138.206: tcs3701: stop power rail pending_off timer
11-26 16:58:06.032  1011  1189 D ASH     : @ 361138.206: tcs3701: start power rail timer, state:3
11-26 16:58:06.038  1795  2679 D ActivityManager: freezer override set to true
11-26 16:58:06.041  1795  2679 D ActivityManager: freezer override set to false
11-26 16:58:06.066  8427  8469 I BatteryMgr:DataCollectionService: stats => 1701014286066,107727,4445,107421,4169000,100
11-26 16:58:06.073  1011  1189 I ASH     : @ 361138.246: tcs3701: stop power rail pending_off timer
11-26 16:58:06.073  1011  1189 D ASH     : @ 361138.246: tcs3701: start power rail timer, state:3
11-26 16:58:06.112  1011  1189 I ASH     : @ 361138.286: tcs3701: stop power rail pending_off timer
11-26 16:58:06.113  1011  1189 D ASH     : @ 361138.286: tcs3701: start power rail timer, state:3
11-26 16:58:06.139  1039  1095 D rlsservice: MonitorDisplayStatus client num 0, display status 1, sensor status 0
11-26 16:58:06.152  1011  1189 I ASH     : @ 361138.326: tcs3701: stop power rail pending_off timer
11-26 16:58:06.152  1011  1189 D ASH     : @ 361138.326: tcs3701: start power rail timer, state:3
11-26 16:58:06.174  8427  8469 I BatteryMgr:DataCollectionService: stats => 1701014286173,106506,4445,107421,4169000,100
11-26 16:58:06.193  1011  1189 I ASH     : @ 361138.366: tcs3701: stop power rail pending_off timer
11-26 16:58:06.193  1011  1189 D ASH     : @ 361138.366: tcs3701: start power rail timer, state:3
11-26 16:58:06.232  1011  1189 I ASH     : @ 361138.406: tcs3701: stop power rail pending_off timer
11-26 16:58:06.232  1011  1189 D ASH     : @ 361138.406: tcs3701: start power rail timer, state:3
11-26 16:58:06.272  1011  1189 I ASH     : @ 361138.446: tcs3701: stop power rail pending_off timer
11-26 16:58:06.272  1011  1189 D ASH     : @ 361138.446: tcs3701: start power rail timer, state:3
11-26 16:58:06.282  8427  8469 I BatteryMgr:DataCollectionService: stats => 1701014286282,110778,4445,107421,4169000,100
11-26 16:58:06.313  1011  1189 I ASH     : @ 361138.486: tcs3701: stop power rail pending_off timer
11-26 16:58:06.313  1011  1189 D ASH     : @ 361138.486: tcs3701: start power rail timer, state:3
11-26 16:58:06.352  1011  1189 I ASH     : @ 361138.526: tcs3701: stop power rail pending_off timer
11-26 16:58:06.353  1011  1189 D ASH     : @ 361138.526: tcs3701: start power rail timer, state:3
11-26 16:58:06.390  8427  8469 I BatteryMgr:DataCollectionService: stats => 1701014286389,109558,4445,107421,4169000,100
11-26 16:58:06.392  1011  1189 I ASH     : @ 361138.566: tcs3701: stop power rail pending_off timer
11-26 16:58:06.392  1011  1189 D ASH     : @ 361138.566: tcs3701: start power rail timer, state:3
11-26 16:58:06.419  1795  2679 D ActivityManager: freezer override set to true
11-26 16:58:06.424  1795  2679 D ActivityManager: freezer override set to false
11-26 16:58:06.432  1011  1189 I ASH     : @ 361138.606: tcs3701: stop power rail pending_off timer
11-26 16:58:06.432  1011  1189 D ASH     : @ 361138.606: tcs3701: start power rail timer, state:3
11-26 16:58:06.473  1011  1189 I ASH     : @ 361138.646: tcs3701: stop power rail pending_off timer
11-26 16:58:06.473  1011  1189 D ASH     : @ 361138.646: tcs3701: start power rail timer, state:3
11-26 16:58:06.497  8427  8469 I BatteryMgr:DataCollectionService: stats => 1701014286497,110778,4445,107421,4169000,100
11-26 16:58:06.512  1011  1189 I ASH     : @ 361138.686: tcs3701: stop power rail pending_off timer
11-26 16:58:06.512  1011  1189 D ASH     : @ 361138.686: tcs3701: start power rail timer, state:3
11-26 16:58:06.553  1011  1189 I ASH     : @ 361138.726: tcs3701: stop power rail pending_off timer
11-26 16:58:06.553  1011  1189 D ASH     : @ 361138.726: tcs3701: start power rail timer, state:3
11-26 16:58:06.593  1011  1189 I ASH     : @ 361138.766: tcs3701: stop power rail pending_off timer
11-26 16:58:06.593  1011  1189 D ASH     : @ 361138.766: tcs3701: start power rail timer, state:3
11-26 16:58:06.607  8427  8469 I BatteryMgr:DataCollectionService: stats => 1701014286606,109863,4445,107421,4169000,100
11-26 16:58:06.632  1011  1189 I ASH     : @ 361138.806: tcs3701: stop power rail pending_off timer
11-26 16:58:06.632  1011  1189 D ASH     : @ 361138.806: tcs3701: start power rail timer, state:3
11-26 16:58:06.673  1011  1189 I ASH     : @ 361138.846: tcs3701: stop power rail pending_off timer
11-26 16:58:06.673  1011  1189 D ASH     : @ 361138.846: tcs3701: start power rail timer, state:3
11-26 16:58:06.712  1011  1189 I ASH     : @ 361138.886: tcs3701: stop power rail pending_off timer
11-26 16:58:06.713  1011  1189 D ASH     : @ 361138.886: tcs3701: start power rail timer, state:3
11-26 16:58:06.717  8427  8469 I BatteryMgr:DataCollectionService: stats => 1701014286716,109558,4445,107421,4169000,100
11-26 16:58:06.752  1011  1189 I ASH     : @ 361138.926: tcs3701: stop power rail pending_off timer
11-26 16:58:06.752  1011  1189 D ASH     : @ 361138.926: tcs3701: start power rail timer, state:3
11-26 16:58:06.793  1011  1189 I ASH     : @ 361138.966: tcs3701: stop power rail pending_off timer
11-26 16:58:06.793  1011  1189 D ASH     : @ 361138.966: tcs3701: start power rail timer, state:3
11-26 16:58:06.827  8427  8469 I BatteryMgr:DataCollectionService: stats => 1701014286827,108642,4445,107421,4169000,100
11-26 16:58:06.832  1011  1189 I ASH     : @ 361139.006: tcs3701: stop power rail pending_off timer
11-26 16:58:06.832  1011  1189 D ASH     : @ 361139.006: tcs3701: start power rail timer, state:3
11-26 16:58:06.874  1011  1189 I ASH     : @ 361139.046: tcs3701: stop power rail pending_off timer
11-26 16:58:06.874  1011  1189 D ASH     : @ 361139.046: tcs3701: start power rail timer, state:3
11-26 16:58:06.912  1011  1189 I ASH     : @ 361139.086: tcs3701: stop power rail pending_off timer
11-26 16:58:06.912  1011  1189 D ASH     : @ 361139.086: tcs3701: start power rail timer, state:3
11-26 16:58:06.934  8427  8469 I BatteryMgr:DataCollectionService: stats => 1701014286934,109253,4445,107421,4169000,100
11-26 16:58:06.952  1011  1189 I ASH     : @ 361139.126: tcs3701: stop power rail pending_off timer
11-26 16:58:06.952  1011  1189 D ASH     : @ 361139.126: tcs3701: start power rail timer, state:3
11-26 16:58:06.992  1011  1189 I ASH     : @ 361139.166: tcs3701: stop power rail pending_off timer
11-26 16:58:06.993  1011  1189 D ASH     : @ 361139.166: tcs3701: start power rail timer, state:3
11-26 16:58:07.032  1011  1189 I ASH     : @ 361139.206: tcs3701: stop power rail pending_off timer
11-26 16:58:07.032  1011  1189 D ASH     : @ 361139.206: tcs3701: start power rail timer, state:3
11-26 16:58:07.041  8427  8469 I BatteryMgr:DataCollectionService: stats => 1701014287041,106811,4445,107421,4169000,100
11-26 16:58:07.072  1011  1189 I ASH     : @ 361139.246: tcs3701: stop power rail pending_off timer
11-26 16:58:07.073  1011  1189 D ASH     : @ 361139.246: tcs3701: start power rail timer, state:3
11-26 16:58:07.112  1011  1189 I ASH     : @ 361139.286: tcs3701: stop power rail pending_off timer
11-26 16:58:07.112  1011  1189 D ASH     : @ 361139.286: tcs3701: start power rail timer, state:3
11-26 16:58:07.150  8427  8469 I BatteryMgr:DataCollectionService: stats => 1701014287149,110168,4445,107421,4169000,100
11-26 16:58:07.153  1011  1189 I ASH     : @ 361139.326: tcs3701: stop power rail pending_off timer
11-26 16:58:07.153  1011  1189 D ASH     : @ 361139.326: tcs3701: start power rail timer, state:3
11-26 16:58:07.185  1795  4168 D ActivityManager: freezer override set to true
11-26 16:58:07.192  1011  1189 I ASH     : @ 361139.366: tcs3701: stop power rail pending_off timer
11-26 16:58:07.192  1011  1189 D ASH     : @ 361139.366: tcs3701: start power rail timer, state:3
11-26 16:58:07.196  1795  2424 D WifiClientModeImpl[13802:wlan0]: updateLinkLayerStatsRssiSpeedFrequencyCapabilities rssi=-44 TxLinkspeed=780 freq=5240 RxLinkSpeed=866
11-26 16:58:07.196  1795  2424 D WifiDataStall: tx tput in kbps: 574945
11-26 16:58:07.196  1795  2424 D WifiDataStall: rx tput in kbps: 750984
11-26 16:58:07.196  1795  2424 V WifiConfigManager: Updating scan detail cache freq=5240 BSSID=f4:6d:2f:12:cc:88 RSSI=-43 for "ourhome"WPA_PSK
11-26 16:58:07.197  1795  2424 D WifiChannelUtilization:  freq: 5240 onTime: 9717879 busyTime: 865943 onTimeDiff: 70023 busyTimeDiff: 9457 utilization: 34 utilization t0: 22
11-26 16:58:07.197  1795  2424 D WifiDataStall:  ccaLevel = 34
11-26 16:58:07.197  1795  2424 D WifiDataStall: L2 txTputKbps: 676406, rxTputKbps: 750984, L3 txTputKbps: 110, rxTputKbps: 22, TxTrafficHigh: true, RxTrafficHigh: true, Throughput Sufficient: true
11-26 16:58:07.197  1795  2424 D WifiScoreReport: Wifi scoring disabled - Don't check IP layer
11-26 16:58:07.197  1795  2424 D WifiScoreCard: BSSID update SIGNAL_POLL ID: 1320464697 SSID: "ourhome", BSSID: f4:6d:2f:12:cc:88, MAC: b2:2f:ec:da:4a:0c, IP: /192.168.1.104, Security type: 2, Supplicant state: COMPLETED, Wi-Fi standard: 5, RSSI: -44, Link speed: 780Mbps, Tx Link speed: 780Mbps, Max Supported Tx Link speed: 866Mbps, Rx Link speed: 866Mbps, Max Supported Rx Link speed: 866Mbps, Frequency: 5240MHz, Net ID: 12, Metered hint: false, score: 60, isUsable: true, CarrierMerged: false, SubscriptionId: -1, IsPrimary: 1, Trusted: true, Restricted: false, Ephemeral: false, OEM paid: false, OEM private: false, OSU AP: false, FQDN: <none>, Provider friendly name: <none>, Requesting package name: <none>"ourhome"wpa2-pskMLO Information: , Is TID-To-Link negotiation supported by the AP: false, AP MLD Address: <none>, AP MLO Link Id: <none>, AP MLO Affiliated links: <none>
11-26 16:58:07.197  1795  2424 D WifiScoreCard: txRate: 6 txSpeed: 780
11-26 16:58:07.197  1795  2424 D WifiScoreCard: network update SIGNAL_POLL "ourhome" ID: 1499892569 RSSI -44 txSpeed 780
11-26 16:58:07.197  1795  2424 D WifiClientModeImpl[13802:wlan0]:  ClientModeImpl$L2ConnectedState screen=on 37 0 "ourhome" f4:6d:2f:12:cc:88 rssi=-44 f=5240 sc=60 link=780 tx=5.5, 0.2, 0.0 rx=4.7 bcn=3412834 [on:131 tx:3 rx:0 period:3014] from screen [on:81898 period:1852483] score=60
11-26 16:58:07.198  2673 18847 V WifiManager: OnWifiUsabilityStatsListener: onWifiUsabilityStats: seqNum=91234
11-26 16:58:07.199  1795  2679 I WifiService: updateWifiUsabilityScore uid=10180 seqNum=91234 score=100 predictionHorizonSec=1441795
11-26 16:58:07.200  1795  2424 D WifiScoreReport: Wifi scoring disabled - Notify that Wifi is usable
11-26 16:58:07.202  1795  2432 D ConnectivityService: NetReassign [no changes] [c 0] [a 0] [i 2]
11-26 16:58:07.233  1011  1189 I ASH     : @ 361139.406: tcs3701: stop power rail pending_off timer
11-26 16:58:07.233  1011  1189 D ASH     : @ 361139.406: tcs3701: start power rail timer, state:3
11-26 16:58:07.255  8427  8469 I BatteryMgr:DataCollectionService: stats => 1701014287255,109253,4445,107421,4169000,100
11-26 16:58:07.273  1011  1189 I ASH     : @ 361139.446: tcs3701: stop power rail pending_off timer
11-26 16:58:07.273  1011  1189 D ASH     : @ 361139.446: tcs3701: start power rail timer, state:3
11-26 16:58:07.284 17088 17141 I m.chrome.canary: Explicit concurrent copying GC freed 3841(192KB) AllocSpace objects, 4(80KB) LOS objects, 75% free, 14MB/56MB, paused 34us,31us total 56.969ms
11-26 16:58:07.313  1011  1189 I ASH     : @ 361139.486: tcs3701: stop power rail pending_off timer
11-26 16:58:07.313  1011  1189 D ASH     : @ 361139.486: tcs3701: start power rail timer, state:3
11-26 16:58:07.348  1795  4168 D ActivityManager: freezer override set to false
11-26 16:58:07.352  1011  1189 I ASH     : @ 361139.526: tcs3701: stop power rail pending_off timer
11-26 16:58:07.353  1011  1189 D ASH     : @ 361139.526: tcs3701: start power rail timer, state:3
11-26 16:58:07.362  8427  8469 I BatteryMgr:DataCollectionService: stats => 1701014287362,106506,4445,107421,4169000,100
11-26 16:58:07.393  1011  1189 I ASH     : @ 361139.566: tcs3701: stop power rail pending_off timer
11-26 16:58:07.393  1011  1189 D ASH     : @ 361139.566: tcs3701: start power rail timer, state:3
11-26 16:58:07.404  1795  4168 D ActivityManager: freezer override set to true
11-26 16:58:07.407  1795  4168 D ActivityManager: freezer override set to false
11-26 16:58:07.422  1795  4168 D ActivityManager: freezer override set to true
11-26 16:58:07.427  1795  4168 D ActivityManager: freezer override set to false
11-26 16:58:07.432  1011  1189 I ASH     : @ 361139.606: tcs3701: stop power rail pending_off timer
11-26 16:58:07.432  1011  1189 D ASH     : @ 361139.606: tcs3701: start power rail timer, state:3
11-26 16:58:07.438  1795  4168 D ActivityManager: freezer override set to true
11-26 16:58:07.441  1795  4168 D ActivityManager: freezer override set to false
11-26 16:58:07.470  8427  8469 I BatteryMgr:DataCollectionService: stats => 1701014287470,111694,4445,107421,4169000,100
11-26 16:58:07.473  1011  1189 I ASH     : @ 361139.646: tcs3701: stop power rail pending_off timer
11-26 16:58:07.473  1011  1189 D ASH     : @ 361139.646: tcs3701: start power rail timer, state:3
11-26 16:58:07.513  1011  1189 I ASH     : @ 361139.686: tcs3701: stop power rail pending_off timer
11-26 16:58:07.513  1011  1189 D ASH     : @ 361139.686: tcs3701: start power rail timer, state:3
11-26 16:58:07.553  1011  1189 I ASH     : @ 361139.726: tcs3701: stop power rail pending_off timer
11-26 16:58:07.553  1011  1189 D ASH     : @ 361139.726: tcs3701: start power rail timer, state:3
11-26 16:58:07.578  8427  8469 I BatteryMgr:DataCollectionService: stats => 1701014287578,108337,4445,107421,4169000,100
11-26 16:58:07.592  1011  1189 I ASH     : @ 361139.766: tcs3701: stop power rail pending_off timer
11-26 16:58:07.592  1011  1189 D ASH     : @ 361139.766: tcs3701: start power rail timer, state:3
11-26 16:58:07.633  1011  1189 I ASH     : @ 361139.806: tcs3701: stop power rail pending_off timer
11-26 16:58:07.633  1011  1189 D ASH     : @ 361139.806: tcs3701: start power rail timer, state:3
11-26 16:58:07.673  1011  1189 I ASH     : @ 361139.846: tcs3701: stop power rail pending_off timer
11-26 16:58:07.673  1011  1189 D ASH     : @ 361139.846: tcs3701: start power rail timer, state:3
11-26 16:58:07.686  8427  8469 I BatteryMgr:DataCollectionService: stats => 1701014287686,108032,4445,107421,4169000,100
11-26 16:58:07.713  1011  1189 I ASH     : @ 361139.886: tcs3701: stop power rail pending_off timer
11-26 16:58:07.713  1011  1189 D ASH     : @ 361139.886: tcs3701: start power rail timer, state:3
11-26 16:58:07.752  1011  1189 I ASH     : @ 361139.926: tcs3701: stop power rail pending_off timer
11-26 16:58:07.752  1011  1189 D ASH     : @ 361139.926: tcs3701: start power rail timer, state:3
11-26 16:58:07.792  1011  1189 I ASH     : @ 361139.966: tcs3701: stop power rail pending_off timer
11-26 16:58:07.793  1011  1189 D ASH     : @ 361139.966: tcs3701: start power rail timer, state:3
11-26 16:58:07.797  8427  8469 I BatteryMgr:DataCollectionService: stats => 1701014287797,109863,4445,107421,4169000,100
11-26 16:58:07.833  1011  1189 I ASH     : @ 361140.006: tcs3701: stop power rail pending_off timer
11-26 16:58:07.833  1011  1189 D ASH     : @ 361140.006: tcs3701: start power rail timer, state:3
11-26 16:58:07.873  1011  1189 I ASH     : @ 361140.046: tcs3701: stop power rail pending_off timer
11-26 16:58:07.873  1011  1189 D ASH     : @ 361140.046: tcs3701: start power rail timer, state:3
11-26 16:58:07.906  8427  8469 I BatteryMgr:DataCollectionService: stats => 1701014287906,106811,4445,107421,4169000,100
11-26 16:58:07.913  1011  1189 I ASH     : @ 361140.086: tcs3701: stop power rail pending_off timer
11-26 16:58:07.913  1011  1189 D ASH     : @ 361140.086: tcs3701: start power rail timer, state:3
11-26 16:58:07.953  1011  1189 I ASH     : @ 361140.126: tcs3701: stop power rail pending_off timer
11-26 16:58:07.953  1011  1189 D ASH     : @ 361140.126: tcs3701: start power rail timer, state:3
11-26 16:58:07.993  1011  1189 I ASH     : @ 361140.166: tcs3701: stop power rail pending_off timer
11-26 16:58:07.993  1011  1189 D ASH     : @ 361140.166: tcs3701: start power rail timer, state:3
11-26 16:58:08.015  8427  8469 I BatteryMgr:DataCollectionService: stats => 1701014288014,107727,4445,107421,4169000,100
11-26 16:58:08.034  1011  1189 I ASH     : @ 361140.206: tcs3701: stop power rail pending_off timer
11-26 16:58:08.034  1011  1189 D ASH     : @ 361140.206: tcs3701: start power rail timer, state:3
11-26 16:58:08.073  1011  1189 I ASH     : @ 361140.246: tcs3701: stop power rail pending_off timer
11-26 16:58:08.073  1011  1189 D ASH     : @ 361140.246: tcs3701: start power rail timer, state:3
11-26 16:58:08.112  1011  1189 I ASH     : @ 361140.286: tcs3701: stop power rail pending_off timer
11-26 16:58:08.112  1011  1189 D ASH     : @ 361140.286: tcs3701: start power rail timer, state:3
11-26 16:58:08.122  8427  8469 I BatteryMgr:DataCollectionService: stats => 1701014288122,108032,4445,107421,4169000,100
11-26 16:58:08.152  1011  1189 I ASH     : @ 361140.326: tcs3701: stop power rail pending_off timer
11-26 16:58:08.152  1011  1189 D ASH     : @ 361140.326: tcs3701: start power rail timer, state:3
11-26 16:58:08.192  1011  1189 I ASH     : @ 361140.366: tcs3701: stop power rail pending_off timer
11-26 16:58:08.192  1011  1189 D ASH     : @ 361140.366: tcs3701: start power rail timer, state:3
11-26 16:58:08.230  8427  8469 I BatteryMgr:DataCollectionService: stats => 1701014288230,109253,4445,107421,4169000,100
11-26 16:58:08.233  1011  1189 I ASH     : @ 361140.406: tcs3701: stop power rail pending_off timer
11-26 16:58:08.233  1011  1189 D ASH     : @ 361140.406: tcs3701: start power rail timer, state:3
11-26 16:58:08.272  1011  1189 I ASH     : @ 361140.446: tcs3701: stop power rail pending_off timer
11-26 16:58:08.273  1011  1189 D ASH     : @ 361140.446: tcs3701: start power rail timer, state:3
11-26 16:58:08.312  1011  1189 I ASH     : @ 361140.486: tcs3701: stop power rail pending_off timer
11-26 16:58:08.312  1011  1189 D ASH     : @ 361140.486: tcs3701: start power rail timer, state:3
11-26 16:58:08.341  8427  8469 I BatteryMgr:DataCollectionService: stats => 1701014288341,108947,4445,107421,4169000,100
11-26 16:58:08.353  1011  1189 I ASH     : @ 361140.526: tcs3701: stop power rail pending_off timer
11-26 16:58:08.353  1011  1189 D ASH     : @ 361140.526: tcs3701: start power rail timer, state:3
11-26 16:58:08.392  1011  1189 I ASH     : @ 361140.566: tcs3701: stop power rail pending_off timer
11-26 16:58:08.393  1011  1189 D ASH     : @ 361140.566: tcs3701: start power rail timer, state:3
11-26 16:58:08.419  1795  4168 D ActivityManager: freezer override set to true
11-26 16:58:08.423  1795  4168 D ActivityManager: freezer override set to false
11-26 16:58:08.433  1011  1189 I ASH     : @ 361140.606: tcs3701: stop power rail pending_off timer
11-26 16:58:08.433  1011  1189 D ASH     : @ 361140.606: tcs3701: start power rail timer, state:3
11-26 16:58:08.449  8427  8469 I BatteryMgr:DataCollectionService: stats => 1701014288449,107116,4445,107421,4169000,100
11-26 16:58:08.472  1011  1189 I ASH     : @ 361140.646: tcs3701: stop power rail pending_off timer
11-26 16:58:08.473  1011  1189 D ASH     : @ 361140.646: tcs3701: start power rail timer, state:3
11-26 16:58:08.514  1011  1189 I ASH     : @ 361140.686: tcs3701: stop power rail pending_off timer
11-26 16:58:08.514  1011  1189 D ASH     : @ 361140.686: tcs3701: start power rail timer, state:3
11-26 16:58:08.553  1011  1189 I ASH     : @ 361140.726: tcs3701: stop power rail pending_off timer
11-26 16:58:08.553  1011  1189 D ASH     : @ 361140.726: tcs3701: start power rail timer, state:3
11-26 16:58:08.558  8427  8469 I BatteryMgr:DataCollectionService: stats => 1701014288558,106811,4445,107421,4169000,100
11-26 16:58:08.574  1795  4168 D ActivityManager: freezer override set to true
11-26 16:58:08.592  1011  1189 I ASH     : @ 361140.766: tcs3701: stop power rail pending_off timer
11-26 16:58:08.593  1011  1189 D ASH     : @ 361140.766: tcs3701: start power rail timer, state:3
11-26 16:58:08.633  1011  1189 I ASH     : @ 361140.806: tcs3701: stop power rail pending_off timer
11-26 16:58:08.633  1011  1189 D ASH     : @ 361140.806: tcs3701: start power rail timer, state:3
11-26 16:58:08.665  8427  8469 I BatteryMgr:DataCollectionService: stats => 1701014288665,105285,4445,107421,4169000,100
11-26 16:58:08.673  1011  1189 I ASH     : @ 361140.846: tcs3701: stop power rail pending_off timer
11-26 16:58:08.673  1011  1189 D ASH     : @ 361140.846: tcs3701: start power rail timer, state:3
11-26 16:58:08.712  1011  1189 I ASH     : @ 361140.886: tcs3701: stop power rail pending_off timer
11-26 16:58:08.712  1011  1189 D ASH     : @ 361140.886: tcs3701: start power rail timer, state:3
11-26 16:58:08.732 17088 17141 I m.chrome.canary: Explicit concurrent copying GC freed 4055(207KB) AllocSpace objects, 5(100KB) LOS objects, 75% free, 14MB/56MB, paused 30us,27us total 58.416ms
11-26 16:58:08.752  1011  1189 I ASH     : @ 361140.926: tcs3701: stop power rail pending_off timer
11-26 16:58:08.752  1011  1189 D ASH     : @ 361140.926: tcs3701: start power rail timer, state:3
11-26 16:58:08.773  8427  8469 I BatteryMgr:DataCollectionService: stats => 1701014288773,105285,4445,107421,4169000,100
11-26 16:58:08.792  1011  1189 I ASH     : @ 361140.966: tcs3701: stop power rail pending_off timer
11-26 16:58:08.792  1011  1189 D ASH     : @ 361140.966: tcs3701: start power rail timer, state:3
11-26 16:58:08.797  1795  4168 D ActivityManager: freezer override set to false
11-26 16:58:08.832  1011  1189 I ASH     : @ 361141.006: tcs3701: stop power rail pending_off timer
11-26 16:58:08.832  1011  1189 D ASH     : @ 361141.006: tcs3701: start power rail timer, state:3
11-26 16:58:08.847  1795  4168 D ActivityManager: freezer override set to true
11-26 16:58:08.850  1795  4168 D ActivityManager: freezer override set to false
11-26 16:58:08.873  1011  1189 I ASH     : @ 361141.046: tcs3701: stop power rail pending_off timer
11-26 16:58:08.873  1011  1189 D ASH     : @ 361141.046: tcs3701: start power rail timer, state:3
11-26 16:58:08.880  8427  8469 I BatteryMgr:DataCollectionService: stats => 1701014288880,108337,4445,107421,4169000,100
11-26 16:58:08.891  1795  4168 D ActivityManager: freezer override set to true
11-26 16:58:08.895  1795  4168 D ActivityManager: freezer override set to false
11-26 16:58:08.913  1011  1189 I ASH     : @ 361141.086: tcs3701: stop power rail pending_off timer
11-26 16:58:08.913  1011  1189 D ASH     : @ 361141.086: tcs3701: start power rail timer, state:3
11-26 16:58:08.953  1011  1189 I ASH     : @ 361141.126: tcs3701: stop power rail pending_off timer
11-26 16:58:08.953  1011  1189 D ASH     : @ 361141.126: tcs3701: start power rail timer, state:3
11-26 16:58:08.988  8427  8469 I BatteryMgr:DataCollectionService: stats => 1701014288988,106506,4445,107421,4169000,100
11-26 16:58:08.992  1011  1189 I ASH     : @ 361141.166: tcs3701: stop power rail pending_off timer
11-26 16:58:08.992  1011  1189 D ASH     : @ 361141.166: tcs3701: start power rail timer, state:3
11-26 16:58:09.033  1011  1189 I ASH     : @ 361141.206: tcs3701: stop power rail pending_off timer
11-26 16:58:09.033  1011  1189 D ASH     : @ 361141.206: tcs3701: start power rail timer, state:3
11-26 16:58:09.073  1011  1189 I ASH     : @ 361141.246: tcs3701: stop power rail pending_off timer
11-26 16:58:09.073  1011  1189 D ASH     : @ 361141.246: tcs3701: start power rail timer, state:3
11-26 16:58:09.096  8427  8469 I BatteryMgr:DataCollectionService: stats => 1701014289096,108947,4445,107421,4169000,100
11-26 16:58:09.113  1011  1189 I ASH     : @ 361141.286: tcs3701: stop power rail pending_off timer
11-26 16:58:09.113  1011  1189 D ASH     : @ 361141.286: tcs3701: start power rail timer, state:3
11-26 16:58:09.152  1011  1189 I ASH     : @ 361141.326: tcs3701: stop power rail pending_off timer
11-26 16:58:09.153  1011  1189 D ASH     : @ 361141.326: tcs3701: start power rail timer, state:3
11-26 16:58:09.193  1011  1189 I ASH     : @ 361141.366: tcs3701: stop power rail pending_off timer
11-26 16:58:09.193  1011  1189 D ASH     : @ 361141.366: tcs3701: start power rail timer, state:3
11-26 16:58:09.203  8427  8469 I BatteryMgr:DataCollectionService: stats => 1701014289203,109558,4445,107421,4169000,100
11-26 16:58:09.232  1011  1189 I ASH     : @ 361141.406: tcs3701: stop power rail pending_off timer
11-26 16:58:09.232  1011  1189 D ASH     : @ 361141.406: tcs3701: start power rail timer, state:3
11-26 16:58:09.273  1011  1189 I ASH     : @ 361141.446: tcs3701: stop power rail pending_off timer
11-26 16:58:09.273  1011  1189 D ASH     : @ 361141.446: tcs3701: start power rail timer, state:3
11-26 16:58:09.312  8427  8469 I BatteryMgr:DataCollectionService: stats => 1701014289312,109863,4445,107421,4169000,100
11-26 16:58:09.312  1011  1189 I ASH     : @ 361141.486: tcs3701: stop power rail pending_off timer
11-26 16:58:09.312  1011  1189 D ASH     : @ 361141.486: tcs3701: start power rail timer, state:3
11-26 16:58:09.353  1011  1189 I ASH     : @ 361141.526: tcs3701: stop power rail pending_off timer
11-26 16:58:09.353  1011  1189 D ASH     : @ 361141.526: tcs3701: start power rail timer, state:3
11-26 16:58:09.393  1011  1189 I ASH     : @ 361141.566: tcs3701: stop power rail pending_off timer
11-26 16:58:09.393  1011  1189 D ASH     : @ 361141.566: tcs3701: start power rail timer, state:3
11-26 16:58:09.422  8427  8469 I BatteryMgr:DataCollectionService: stats => 1701014289422,109558,4445,107421,4169000,100
11-26 16:58:09.433  1011  1189 I ASH     : @ 361141.606: tcs3701: stop power rail pending_off timer
11-26 16:58:09.433  1011  1189 D ASH     : @ 361141.606: tcs3701: start power rail timer, state:3
11-26 16:58:09.444  1795  4168 D ActivityManager: freezer override set to true
11-26 16:58:09.448  1795  4168 D ActivityManager: freezer override set to false
11-26 16:58:09.472  1011  1189 I ASH     : @ 361141.646: tcs3701: stop power rail pending_off timer
11-26 16:58:09.473  1011  1189 D ASH     : @ 361141.646: tcs3701: start power rail timer, state:3
11-26 16:58:09.512  1011  1189 I ASH     : @ 361141.686: tcs3701: stop power rail pending_off timer
11-26 16:58:09.512  1011  1189 D ASH     : @ 361141.686: tcs3701: start power rail timer, state:3
11-26 16:58:09.530  8427  8469 I BatteryMgr:DataCollectionService: stats => 1701014289530,110473,4445,107421,4169000,100
11-26 16:58:09.553  1011  1189 I ASH     : @ 361141.726: tcs3701: stop power rail pending_off timer
11-26 16:58:09.553  1011  1189 D ASH     : @ 361141.726: tcs3701: start power rail timer, state:3
11-26 16:58:09.592  1011  1189 I ASH     : @ 361141.766: tcs3701: stop power rail pending_off timer
11-26 16:58:09.592  1011  1189 D ASH     : @ 361141.766: tcs3701: start power rail timer, state:3
11-26 16:58:09.633  1011  1189 I ASH     : @ 361141.806: tcs3701: stop power rail pending_off timer
11-26 16:58:09.633  1011  1189 D ASH     : @ 361141.806: tcs3701: start power rail timer, state:3
11-26 16:58:09.640  8427  8469 I BatteryMgr:DataCollectionService: stats => 1701014289640,107727,4445,107421,4169000,100
11-26 16:58:09.672  1011  1189 I ASH     : @ 361141.846: tcs3701: stop power rail pending_off timer
11-26 16:58:09.673  1011  1189 D ASH     : @ 361141.846: tcs3701: start power rail timer, state:3
11-26 16:58:09.713  1011  1189 I ASH     : @ 361141.886: tcs3701: stop power rail pending_off timer
11-26 16:58:09.713  1011  1189 D ASH     : @ 361141.886: tcs3701: start power rail timer, state:3
11-26 16:58:09.748  8427  8469 I BatteryMgr:DataCollectionService: stats => 1701014289747,108337,4445,107421,4169000,100
11-26 16:58:09.753  1011  1189 I ASH     : @ 361141.926: tcs3701: stop power rail pending_off timer
11-26 16:58:09.753  1011  1189 D ASH     : @ 361141.926: tcs3701: start power rail timer, state:3
11-26 16:58:09.792  1011  1189 I ASH     : @ 361141.966: tcs3701: stop power rail pending_off timer
11-26 16:58:09.793  1011  1189 D ASH     : @ 361141.966: tcs3701: start power rail timer, state:3
11-26 16:58:09.833  1011  1189 I ASH     : @ 361142.006: tcs3701: stop power rail pending_off timer
11-26 16:58:09.833  1011  1189 D ASH     : @ 361142.006: tcs3701: start power rail timer, state:3
11-26 16:58:09.860  8427  8469 I BatteryMgr:DataCollectionService: stats => 1701014289859,108947,4445,107421,4169000,100
11-26 16:58:09.872  1011  1189 I ASH     : @ 361142.046: tcs3701: stop power rail pending_off timer
11-26 16:58:09.873  1011  1189 D ASH     : @ 361142.046: tcs3701: start power rail timer, state:3
11-26 16:58:09.912  1011  1189 I ASH     : @ 361142.086: tcs3701: stop power rail pending_off timer
11-26 16:58:09.912  1011  1189 D ASH     : @ 361142.086: tcs3701: start power rail timer, state:3
11-26 16:58:09.952  1011  1189 I ASH     : @ 361142.126: tcs3701: stop power rail pending_off timer
11-26 16:58:09.952  1011  1189 D ASH     : @ 361142.126: tcs3701: start power rail timer, state:3
