11-26 16:47:14.609  1011  1189 I ASH     : @ 360486.782: tcs3701: stop power rail pending_off timer
11-26 16:47:14.609  1011  1189 D ASH     : @ 360486.782: tcs3701: start power rail timer, state:3
11-26 16:47:14.649  1011  1189 I ASH     : @ 360486.822: tcs3701: stop power rail pending_off timer
11-26 16:47:14.649  1011  1189 D ASH     : @ 360486.822: tcs3701: start power rail timer, state:3
11-26 16:47:14.667  8427  8469 I BatteryMgr:DataCollectionService: stats => 1701013634667,187683,4445,192566,4169000,100
11-26 16:47:14.689  1011  1189 I ASH     : @ 360486.862: tcs3701: stop power rail pending_off timer
11-26 16:47:14.689  1011  1189 D ASH     : @ 360486.862: tcs3701: start power rail timer, state:3
11-26 16:47:14.729  1011  1189 I ASH     : @ 360486.902: tcs3701: stop power rail pending_off timer
11-26 16:47:14.729  1011  1189 D ASH     : @ 360486.902: tcs3701: start power rail timer, state:3
11-26 16:47:14.769  1011  1189 I ASH     : @ 360486.942: tcs3701: stop power rail pending_off timer
11-26 16:47:14.769  1011  1189 D ASH     : @ 360486.942: tcs3701: start power rail timer, state:3
11-26 16:47:14.772  8427  8469 I BatteryMgr:DataCollectionService: stats => 1701013634772,187378,4445,192566,4169000,100
11-26 16:47:14.809  1011  1189 I ASH     : @ 360486.982: tcs3701: stop power rail pending_off timer
11-26 16:47:14.809  1011  1189 D ASH     : @ 360486.982: tcs3701: start power rail timer, state:3
11-26 16:47:14.849  1011  1189 I ASH     : @ 360487.022: tcs3701: stop power rail pending_off timer
11-26 16:47:14.849  1011  1189 D ASH     : @ 360487.022: tcs3701: start power rail timer, state:3
11-26 16:47:14.869  1795  2424 D WifiNetworkSelector: Current connected network: 12
11-26 16:47:14.869  1795  2424 V WifiConnectivityManager: No partial scan because firmware roaming is supported.
11-26 16:47:14.869  1795  2424 V WifiConnectivityManager: schedulePeriodicScanTimer intervalMs 20000
11-26 16:47:14.878  8427  8469 I BatteryMgr:DataCollectionService: stats => 1701013634878,197143,4445,192566,4169000,100
11-26 16:47:14.889  1011  1189 I ASH     : @ 360487.062: tcs3701: stop power rail pending_off timer
11-26 16:47:14.889  1011  1189 D ASH     : @ 360487.062: tcs3701: start power rail timer, state:3
11-26 16:47:14.929  1011  1189 I ASH     : @ 360487.102: tcs3701: stop power rail pending_off timer
11-26 16:47:14.929  1011  1189 D ASH     : @ 360487.102: tcs3701: start power rail timer, state:3
11-26 16:47:14.968  1795  3716 D ActivityManager: freezer override set to true
11-26 16:47:14.969  1011  1189 I ASH     : @ 360487.142: tcs3701: stop power rail pending_off timer
11-26 16:47:14.969  1011  1189 D ASH     : @ 360487.142: tcs3701: start power rail timer, state:3
11-26 16:47:14.972  1795  3716 D ActivityManager: freezer override set to false
11-26 16:47:14.989  8427  8469 I BatteryMgr:DataCollectionService: stats => 1701013634989,195922,4445,192566,4169000,100
11-26 16:47:15.009  1011  1189 I ASH     : @ 360487.182: tcs3701: stop power rail pending_off timer
11-26 16:47:15.009  1011  1189 D ASH     : @ 360487.182: tcs3701: start power rail timer, state:3
11-26 16:47:15.049  1011  1189 I ASH     : @ 360487.222: tcs3701: stop power rail pending_off timer
11-26 16:47:15.049  1011  1189 D ASH     : @ 360487.222: tcs3701: start power rail timer, state:3
11-26 16:47:15.062  1795  3716 D ActivityManager: freezer override set to true
11-26 16:47:15.089  1011  1189 I ASH     : @ 360487.262: tcs3701: stop power rail pending_off timer
11-26 16:47:15.089  1011  1189 D ASH     : @ 360487.262: tcs3701: start power rail timer, state:3
11-26 16:47:15.095  8427  8469 I BatteryMgr:DataCollectionService: stats => 1701013635095,184021,4445,192566,4169000,100
11-26 16:47:15.129  1011  1189 I ASH     : @ 360487.302: tcs3701: stop power rail pending_off timer
11-26 16:47:15.129  1011  1189 D ASH     : @ 360487.302: tcs3701: start power rail timer, state:3
11-26 16:47:15.169  1011  1189 I ASH     : @ 360487.342: tcs3701: stop power rail pending_off timer
11-26 16:47:15.169  1011  1189 D ASH     : @ 360487.342: tcs3701: start power rail timer, state:3
11-26 16:47:15.203  8427  8469 I BatteryMgr:DataCollectionService: stats => 1701013635203,185241,4445,192566,4169000,100
11-26 16:47:15.209  1011  1189 I ASH     : @ 360487.382: tcs3701: stop power rail pending_off timer
11-26 16:47:15.209  1011  1189 D ASH     : @ 360487.382: tcs3701: start power rail timer, state:3
11-26 16:47:15.215 28986 29037 I m.chrome.canary: Explicit concurrent copying GC freed 4056(207KB) AllocSpace objects, 5(100KB) LOS objects, 75% free, 13MB/55MB, paused 29us,21us total 48.686ms
11-26 16:47:15.249  1011  1189 I ASH     : @ 360487.422: tcs3701: stop power rail pending_off timer
11-26 16:47:15.249  1011  1189 D ASH     : @ 360487.422: tcs3701: start power rail timer, state:3
11-26 16:47:15.273  1795  3716 D ActivityManager: freezer override set to false
11-26 16:47:15.289  1011  1189 I ASH     : @ 360487.462: tcs3701: stop power rail pending_off timer
11-26 16:47:15.289  1011  1189 D ASH     : @ 360487.462: tcs3701: start power rail timer, state:3
11-26 16:47:15.312  8427  8469 I BatteryMgr:DataCollectionService: stats => 1701013635311,175476,4445,192566,4169000,100
11-26 16:47:15.315  1795  3716 D ActivityManager: freezer override set to true
11-26 16:47:15.319  1795  3716 D ActivityManager: freezer override set to false
11-26 16:47:15.329  1011  1189 I ASH     : @ 360487.502: tcs3701: stop power rail pending_off timer
11-26 16:47:15.329  1011  1189 D ASH     : @ 360487.502: tcs3701: start power rail timer, state:3
11-26 16:47:15.350  1795  3716 D ActivityManager: freezer override set to true
11-26 16:47:15.353  1795  3716 D ActivityManager: freezer override set to false
11-26 16:47:15.369  1011  1189 I ASH     : @ 360487.542: tcs3701: stop power rail pending_off timer
11-26 16:47:15.369  1011  1189 D ASH     : @ 360487.542: tcs3701: start power rail timer, state:3
11-26 16:47:15.409  1011  1189 I ASH     : @ 360487.582: tcs3701: stop power rail pending_off timer
11-26 16:47:15.409  1011  1189 D ASH     : @ 360487.582: tcs3701: start power rail timer, state:3
11-26 16:47:15.419  8427  8469 I BatteryMgr:DataCollectionService: stats => 1701013635419,190124,4445,192566,4169000,100
11-26 16:47:15.449  1011  1189 I ASH     : @ 360487.622: tcs3701: stop power rail pending_off timer
11-26 16:47:15.449  1011  1189 D ASH     : @ 360487.622: tcs3701: start power rail timer, state:3
11-26 16:47:15.489  1011  1189 I ASH     : @ 360487.662: tcs3701: stop power rail pending_off timer
11-26 16:47:15.489  1011  1189 D ASH     : @ 360487.662: tcs3701: start power rail timer, state:3
11-26 16:47:15.524  8427  8469 I BatteryMgr:DataCollectionService: stats => 1701013635524,190429,4445,192566,4169000,100
11-26 16:47:15.529  1011  1189 I ASH     : @ 360487.702: tcs3701: stop power rail pending_off timer
11-26 16:47:15.529  1011  1189 D ASH     : @ 360487.702: tcs3701: start power rail timer, state:3
11-26 16:47:15.569  1011  1189 I ASH     : @ 360487.742: tcs3701: stop power rail pending_off timer
11-26 16:47:15.569  1011  1189 D ASH     : @ 360487.742: tcs3701: start power rail timer, state:3
11-26 16:47:15.609  1011  1189 I ASH     : @ 360487.782: tcs3701: stop power rail pending_off timer
11-26 16:47:15.609  1011  1189 D ASH     : @ 360487.782: tcs3701: start power rail timer, state:3
11-26 16:47:15.629  8427  8469 I BatteryMgr:DataCollectionService: stats => 1701013635629,181884,4445,192566,4169000,100
11-26 16:47:15.650  1011  1189 I ASH     : @ 360487.822: tcs3701: stop power rail pending_off timer
11-26 16:47:15.650  1011  1189 D ASH     : @ 360487.822: tcs3701: start power rail timer, state:3
11-26 16:47:15.689  1011  1189 I ASH     : @ 360487.862: tcs3701: stop power rail pending_off timer
11-26 16:47:15.689  1011  1189 D ASH     : @ 360487.862: tcs3701: start power rail timer, state:3
11-26 16:47:15.729  1011  1189 I ASH     : @ 360487.902: tcs3701: stop power rail pending_off timer
11-26 16:47:15.729  1011  1189 D ASH     : @ 360487.902: tcs3701: start power rail timer, state:3
11-26 16:47:15.735  8427  8469 I BatteryMgr:DataCollectionService: stats => 1701013635735,187683,4445,192566,4169000,100
11-26 16:47:15.769  1011  1189 I ASH     : @ 360487.942: tcs3701: stop power rail pending_off timer
11-26 16:47:15.769  1011  1189 D ASH     : @ 360487.942: tcs3701: start power rail timer, state:3
11-26 16:47:15.809  1011  1189 I ASH     : @ 360487.982: tcs3701: stop power rail pending_off timer
11-26 16:47:15.809  1011  1189 D ASH     : @ 360487.982: tcs3701: start power rail timer, state:3
11-26 16:47:15.838  1795  2424 D WifiClientModeImpl[13802:wlan0]: updateLinkLayerStatsRssiSpeedFrequencyCapabilities rssi=-47 TxLinkspeed=866 freq=5240 RxLinkSpeed=866
11-26 16:47:15.838  1795  2424 D WifiDataStall: tx tput in kbps: 716648
11-26 16:47:15.838  1795  2424 D WifiDataStall: rx tput in kbps: 754367
11-26 16:47:15.838  1795  2424 V WifiConfigManager: Updating scan detail cache freq=5240 BSSID=f4:6d:2f:12:cc:88 RSSI=-46 for "ourhome"WPA_PSK
11-26 16:47:15.838  1795  2424 D WifiChannelUtilization:  freq: 5240 onTime: 9688551 busyTime: 861901 onTimeDiff: 40695 busyTimeDiff: 5415 utilization: 33 utilization t0: 22
11-26 16:47:15.838  1795  2424 D WifiDataStall:  ccaLevel = 33
11-26 16:47:15.838  1795  2424 D WifiDataStall: L2 txTputKbps: 716648, rxTputKbps: 754367, L3 txTputKbps: 0, rxTputKbps: 0, TxTrafficHigh: false, RxTrafficHigh: false, Throughput Sufficient: true
11-26 16:47:15.838  2673  2691 V WifiManager: OnWifiUsabilityStatsListener: onWifiUsabilityStats: seqNum=91018
11-26 16:47:15.838  1795  2424 D WifiScoreReport: Wifi scoring disabled - Don't check IP layer
11-26 16:47:15.839  1795  2424 D WifiScoreCard: BSSID update SIGNAL_POLL ID: 1320464697 SSID: "ourhome", BSSID: f4:6d:2f:12:cc:88, MAC: b2:2f:ec:da:4a:0c, IP: /192.168.1.104, Security type: 2, Supplicant state: COMPLETED, Wi-Fi standard: 5, RSSI: -47, Link speed: 866Mbps, Tx Link speed: 866Mbps, Max Supported Tx Link speed: 866Mbps, Rx Link speed: 866Mbps, Max Supported Rx Link speed: 866Mbps, Frequency: 5240MHz, Net ID: 12, Metered hint: false, score: 60, isUsable: true, CarrierMerged: false, SubscriptionId: -1, IsPrimary: 1, Trusted: true, Restricted: false, Ephemeral: false, OEM paid: false, OEM private: false, OSU AP: false, FQDN: <none>, Provider friendly name: <none>, Requesting package name: <none>"ourhome"wpa2-pskMLO Information: , Is TID-To-Link negotiation supported by the AP: false, AP MLD Address: <none>, AP MLO Link Id: <none>, AP MLO Affiliated links: <none>
11-26 16:47:15.839  1795  2424 D WifiScoreCard: txRate: 2 txSpeed: 866
11-26 16:47:15.839  1795  2424 D WifiScoreCard: network update SIGNAL_POLL "ourhome" ID: 1499892569 RSSI -47 txSpeed -1
11-26 16:47:15.839  1795  3759 I WifiService: updateWifiUsabilityScore uid=10180 seqNum=91018 score=100 predictionHorizonSec=1441795
11-26 16:47:15.839  2513 14800 V WifiManager: TrafficStateCallbackProxy: onStateChanged state=3
11-26 16:47:15.839  1795  2424 D WifiClientModeImpl[13802:wlan0]:  ClientModeImpl$L2ConnectedState screen=on 37 0 "ourhome" f4:6d:2f:12:cc:88 rssi=-47 f=5240 sc=60 link=866 tx=1.1, 0.0, 0.0 rx=0.8 bcn=3406482 [on:56 tx:0 rx:0 period:3012] from screen [on:52570 period:1201125] score=60
11-26 16:47:15.839  1795  2424 D WifiScoreReport: Wifi scoring disabled - Notify that Wifi is usable
11-26 16:47:15.840  8427  8469 I BatteryMgr:DataCollectionService: stats => 1701013635840,187683,4445,192566,4169000,100
11-26 16:47:15.842  1795  2432 D ConnectivityService: NetReassign [no changes] [c 0] [a 1] [i 2]
11-26 16:47:15.849  1011  1189 I ASH     : @ 360488.022: tcs3701: stop power rail pending_off timer
11-26 16:47:15.849  1011  1189 D ASH     : @ 360488.022: tcs3701: start power rail timer, state:3
11-26 16:47:15.889  1011  1189 I ASH     : @ 360488.062: tcs3701: stop power rail pending_off timer
11-26 16:47:15.889  1011  1189 D ASH     : @ 360488.062: tcs3701: start power rail timer, state:3
11-26 16:47:15.929  1011  1189 I ASH     : @ 360488.102: tcs3701: stop power rail pending_off timer
11-26 16:47:15.929  1011  1189 D ASH     : @ 360488.102: tcs3701: start power rail timer, state:3
11-26 16:47:15.946  8427  8469 I BatteryMgr:DataCollectionService: stats => 1701013635946,191345,4445,192566,4169000,100
11-26 16:47:15.969  1011  1189 I ASH     : @ 360488.142: tcs3701: stop power rail pending_off timer
11-26 16:47:15.969  1011  1189 D ASH     : @ 360488.142: tcs3701: start power rail timer, state:3
11-26 16:47:15.971  1795  2735 D ActivityManager: freezer override set to true
11-26 16:47:15.977  1795  2735 D ActivityManager: freezer override set to false
11-26 16:47:16.009  1011  1189 I ASH     : @ 360488.182: tcs3701: stop power rail pending_off timer
11-26 16:47:16.009  1011  1189 D ASH     : @ 360488.182: tcs3701: start power rail timer, state:3
11-26 16:47:16.049  1011  1189 I ASH     : @ 360488.222: tcs3701: stop power rail pending_off timer
11-26 16:47:16.049  1011  1189 D ASH     : @ 360488.222: tcs3701: start power rail timer, state:3
11-26 16:47:16.051  8427  8469 I BatteryMgr:DataCollectionService: stats => 1701013636051,192260,4445,192566,4169000,100
11-26 16:47:16.089  1011  1189 I ASH     : @ 360488.262: tcs3701: stop power rail pending_off timer
11-26 16:47:16.089  1011  1189 D ASH     : @ 360488.262: tcs3701: start power rail timer, state:3
11-26 16:47:16.130  1011  1189 I ASH     : @ 360488.302: tcs3701: stop power rail pending_off timer
11-26 16:47:16.130  1011  1189 D ASH     : @ 360488.302: tcs3701: start power rail timer, state:3
11-26 16:47:16.157  8427  8469 I BatteryMgr:DataCollectionService: stats => 1701013636156,195617,4445,192566,4169000,100
11-26 16:47:16.169  1011  1189 I ASH     : @ 360488.342: tcs3701: stop power rail pending_off timer
11-26 16:47:16.169  1011  1189 D ASH     : @ 360488.342: tcs3701: start power rail timer, state:3
11-26 16:47:16.209  1011  1189 I ASH     : @ 360488.382: tcs3701: stop power rail pending_off timer
11-26 16:47:16.209  1011  1189 D ASH     : @ 360488.382: tcs3701: start power rail timer, state:3
11-26 16:47:16.249  1011  1189 I ASH     : @ 360488.422: tcs3701: stop power rail pending_off timer
11-26 16:47:16.249  1011  1189 D ASH     : @ 360488.422: tcs3701: start power rail timer, state:3
11-26 16:47:16.261  8427  8469 I BatteryMgr:DataCollectionService: stats => 1701013636261,192871,4445,192566,4169000,100
11-26 16:47:16.290  1011  1189 I ASH     : @ 360488.462: tcs3701: stop power rail pending_off timer
11-26 16:47:16.290  1011  1189 D ASH     : @ 360488.462: tcs3701: start power rail timer, state:3
11-26 16:47:16.329  1011  1189 I ASH     : @ 360488.502: tcs3701: stop power rail pending_off timer
11-26 16:47:16.329  1011  1189 D ASH     : @ 360488.502: tcs3701: start power rail timer, state:3
11-26 16:47:16.367  8427  8469 I BatteryMgr:DataCollectionService: stats => 1701013636367,191040,4445,192566,4169000,100
11-26 16:47:16.369  1011  1189 I ASH     : @ 360488.542: tcs3701: stop power rail pending_off timer
11-26 16:47:16.369  1011  1189 D ASH     : @ 360488.542: tcs3701: start power rail timer, state:3
11-26 16:47:16.409  1011  1189 I ASH     : @ 360488.582: tcs3701: stop power rail pending_off timer
11-26 16:47:16.409  1011  1189 D ASH     : @ 360488.582: tcs3701: start power rail timer, state:3
11-26 16:47:16.449  1011  1189 I ASH     : @ 360488.622: tcs3701: stop power rail pending_off timer
11-26 16:47:16.449  1011  1189 D ASH     : @ 360488.622: tcs3701: start power rail timer, state:3
11-26 16:47:16.474  8427  8469 I BatteryMgr:DataCollectionService: stats => 1701013636474,183105,4445,192566,4169000,100
11-26 16:47:16.489  1011  1189 I ASH     : @ 360488.662: tcs3701: stop power rail pending_off timer
11-26 16:47:16.489  1011  1189 D ASH     : @ 360488.662: tcs3701: start power rail timer, state:3
11-26 16:47:16.502  1795  3716 D ActivityManager: freezer override set to true
11-26 16:47:16.529  1011  1189 I ASH     : @ 360488.702: tcs3701: stop power rail pending_off timer
11-26 16:47:16.529  1011  1189 D ASH     : @ 360488.702: tcs3701: start power rail timer, state:3
11-26 16:47:16.569  1011  1189 I ASH     : @ 360488.742: tcs3701: stop power rail pending_off timer
11-26 16:47:16.569  1011  1189 D ASH     : @ 360488.742: tcs3701: start power rail timer, state:3
11-26 16:47:16.583  8427  8469 I BatteryMgr:DataCollectionService: stats => 1701013636583,187683,4445,192566,4169000,100
11-26 16:47:16.590 28986 29037 I m.chrome.canary: Explicit concurrent copying GC freed 3845(207KB) AllocSpace objects, 4(80KB) LOS objects, 74% free, 13MB/55MB, paused 30us,23us total 48.686ms
11-26 16:47:16.609  1011  1189 I ASH     : @ 360488.782: tcs3701: stop power rail pending_off timer
11-26 16:47:16.609  1011  1189 D ASH     : @ 360488.782: tcs3701: start power rail timer, state:3
11-26 16:47:16.643  1795  3716 D ActivityManager: freezer override set to false
11-26 16:47:16.650  1011  1189 I ASH     : @ 360488.822: tcs3701: stop power rail pending_off timer
11-26 16:47:16.650  1011  1189 D ASH     : @ 360488.822: tcs3701: start power rail timer, state:3
11-26 16:47:16.680  1795  3716 D ActivityManager: freezer override set to true
11-26 16:47:16.682  1795  3716 D ActivityManager: freezer override set to false
11-26 16:47:16.689  1011  1189 I ASH     : @ 360488.862: tcs3701: stop power rail pending_off timer
11-26 16:47:16.689  1011  1189 D ASH     : @ 360488.862: tcs3701: start power rail timer, state:3
11-26 16:47:16.689  8427  8469 I BatteryMgr:DataCollectionService: stats => 1701013636689,189819,4445,192566,4169000,100
11-26 16:47:16.711  1795  3716 D ActivityManager: freezer override set to true
11-26 16:47:16.713  1795  3716 D ActivityManager: freezer override set to false
11-26 16:47:16.730  1011  1189 I ASH     : @ 360488.902: tcs3701: stop power rail pending_off timer
11-26 16:47:16.730  1011  1189 D ASH     : @ 360488.902: tcs3701: start power rail timer, state:3
11-26 16:47:16.769  1011  1189 I ASH     : @ 360488.942: tcs3701: stop power rail pending_off timer
11-26 16:47:16.770  1011  1189 D ASH     : @ 360488.942: tcs3701: start power rail timer, state:3
11-26 16:47:16.795  8427  8469 I BatteryMgr:DataCollectionService: stats => 1701013636794,193176,4445,192566,4169000,100
11-26 16:47:16.809  1011  1189 I ASH     : @ 360488.982: tcs3701: stop power rail pending_off timer
11-26 16:47:16.809  1011  1189 D ASH     : @ 360488.982: tcs3701: start power rail timer, state:3
11-26 16:47:16.849  1011  1189 I ASH     : @ 360489.022: tcs3701: stop power rail pending_off timer
11-26 16:47:16.849  1011  1189 D ASH     : @ 360489.022: tcs3701: start power rail timer, state:3
11-26 16:47:16.889  1011  1189 I ASH     : @ 360489.062: tcs3701: stop power rail pending_off timer
11-26 16:47:16.889  1011  1189 D ASH     : @ 360489.062: tcs3701: start power rail timer, state:3
11-26 16:47:16.900  8427  8469 I BatteryMgr:DataCollectionService: stats => 1701013636900,192566,4445,192566,4169000,100
11-26 16:47:16.929  1011  1189 I ASH     : @ 360489.102: tcs3701: stop power rail pending_off timer
11-26 16:47:16.929  1011  1189 D ASH     : @ 360489.102: tcs3701: start power rail timer, state:3
11-26 16:47:16.969  1011  1189 I ASH     : @ 360489.142: tcs3701: stop power rail pending_off timer
11-26 16:47:16.969  1011  1189 D ASH     : @ 360489.142: tcs3701: start power rail timer, state:3
11-26 16:47:16.973  1795  3716 D ActivityManager: freezer override set to true
11-26 16:47:16.980  1795  3716 D ActivityManager: freezer override set to false
11-26 16:47:17.005  8427  8469 I BatteryMgr:DataCollectionService: stats => 1701013637005,184326,4445,192566,4169000,100
11-26 16:47:17.009  1011  1189 I ASH     : @ 360489.182: tcs3701: stop power rail pending_off timer
11-26 16:47:17.009  1011  1189 D ASH     : @ 360489.182: tcs3701: start power rail timer, state:3
11-26 16:47:17.049  1011  1189 I ASH     : @ 360489.222: tcs3701: stop power rail pending_off timer
11-26 16:47:17.049  1011  1189 D ASH     : @ 360489.222: tcs3701: start power rail timer, state:3
11-26 16:47:17.089  1011  1189 I ASH     : @ 360489.262: tcs3701: stop power rail pending_off timer
11-26 16:47:17.089  1011  1189 D ASH     : @ 360489.262: tcs3701: start power rail timer, state:3
11-26 16:47:17.110  8427  8469 I BatteryMgr:DataCollectionService: stats => 1701013637110,191955,4445,192566,4169000,100
11-26 16:47:17.129  1011  1189 I ASH     : @ 360489.302: tcs3701: stop power rail pending_off timer
11-26 16:47:17.129  1011  1189 D ASH     : @ 360489.302: tcs3701: start power rail timer, state:3
11-26 16:47:17.169  1011  1189 I ASH     : @ 360489.342: tcs3701: stop power rail pending_off timer
11-26 16:47:17.169  1011  1189 D ASH     : @ 360489.342: tcs3701: start power rail timer, state:3
11-26 16:47:17.209  1011  1189 I ASH     : @ 360489.382: tcs3701: stop power rail pending_off timer
11-26 16:47:17.209  1011  1189 D ASH     : @ 360489.382: tcs3701: start power rail timer, state:3
11-26 16:47:17.216  8427  8469 I BatteryMgr:DataCollectionService: stats => 1701013637216,194091,4445,192566,4169000,100
11-26 16:47:17.249  1011  1189 I ASH     : @ 360489.422: tcs3701: stop power rail pending_off timer
11-26 16:47:17.249  1011  1189 D ASH     : @ 360489.422: tcs3701: start power rail timer, state:3
11-26 16:47:17.289  1011  1189 I ASH     : @ 360489.462: tcs3701: stop power rail pending_off timer
11-26 16:47:17.289  1011  1189 D ASH     : @ 360489.462: tcs3701: start power rail timer, state:3
11-26 16:47:17.322  8427  8469 I BatteryMgr:DataCollectionService: stats => 1701013637321,186462,4445,192566,4169000,100
11-26 16:47:17.329  1011  1189 I ASH     : @ 360489.502: tcs3701: stop power rail pending_off timer
11-26 16:47:17.329  1011  1189 D ASH     : @ 360489.502: tcs3701: start power rail timer, state:3
11-26 16:47:17.369  1011  1189 I ASH     : @ 360489.542: tcs3701: stop power rail pending_off timer
11-26 16:47:17.369  1011  1189 D ASH     : @ 360489.542: tcs3701: start power rail timer, state:3
11-26 16:47:17.409  1011  1189 I ASH     : @ 360489.582: tcs3701: stop power rail pending_off timer
11-26 16:47:17.410  1011  1189 D ASH     : @ 360489.582: tcs3701: start power rail timer, state:3
11-26 16:47:17.429  8427  8469 I BatteryMgr:DataCollectionService: stats => 1701013637429,187683,4445,192566,4169000,100
11-26 16:47:17.449  1011  1189 I ASH     : @ 360489.622: tcs3701: stop power rail pending_off timer
11-26 16:47:17.449  1011  1189 D ASH     : @ 360489.622: tcs3701: start power rail timer, state:3
11-26 16:47:17.489  1011  1189 I ASH     : @ 360489.662: tcs3701: stop power rail pending_off timer
11-26 16:47:17.489  1011  1189 D ASH     : @ 360489.662: tcs3701: start power rail timer, state:3
11-26 16:47:17.529  1011  1189 I ASH     : @ 360489.702: tcs3701: stop power rail pending_off timer
11-26 16:47:17.529  1011  1189 D ASH     : @ 360489.702: tcs3701: start power rail timer, state:3
11-26 16:47:17.535  8427  8469 I BatteryMgr:DataCollectionService: stats => 1701013637534,186767,4445,192566,4169000,100
11-26 16:47:17.569  1011  1189 I ASH     : @ 360489.742: tcs3701: stop power rail pending_off timer
11-26 16:47:17.569  1011  1189 D ASH     : @ 360489.742: tcs3701: start power rail timer, state:3
11-26 16:47:17.609  1011  1189 I ASH     : @ 360489.782: tcs3701: stop power rail pending_off timer
11-26 16:47:17.610  1011  1189 D ASH     : @ 360489.782: tcs3701: start power rail timer, state:3
11-26 16:47:17.640  8427  8469 I BatteryMgr:DataCollectionService: stats => 1701013637640,188293,4445,192566,4169000,100
11-26 16:47:17.649  1011  1189 I ASH     : @ 360489.822: tcs3701: stop power rail pending_off timer
11-26 16:47:17.649  1011  1189 D ASH     : @ 360489.822: tcs3701: start power rail timer, state:3
11-26 16:47:17.689  1011  1189 I ASH     : @ 360489.862: tcs3701: stop power rail pending_off timer
11-26 16:47:17.689  1011  1189 D ASH     : @ 360489.862: tcs3701: start power rail timer, state:3
11-26 16:47:17.729  1011  1189 I ASH     : @ 360489.902: tcs3701: stop power rail pending_off timer
11-26 16:47:17.729  1011  1189 D ASH     : @ 360489.902: tcs3701: start power rail timer, state:3
11-26 16:47:17.749  8427  8469 I BatteryMgr:DataCollectionService: stats => 1701013637748,191040,4445,192566,4169000,100
11-26 16:47:17.769  1011  1189 I ASH     : @ 360489.942: tcs3701: stop power rail pending_off timer
11-26 16:47:17.769  1011  1189 D ASH     : @ 360489.942: tcs3701: start power rail timer, state:3
11-26 16:47:17.809  1011  1189 I ASH     : @ 360489.982: tcs3701: stop power rail pending_off timer
11-26 16:47:17.809  1011  1189 D ASH     : @ 360489.982: tcs3701: start power rail timer, state:3
11-26 16:47:17.849  1011  1189 I ASH     : @ 360490.022: tcs3701: stop power rail pending_off timer
11-26 16:47:17.849  1011  1189 D ASH     : @ 360490.022: tcs3701: start power rail timer, state:3
11-26 16:47:17.854  8427  8469 I BatteryMgr:DataCollectionService: stats => 1701013637854,183715,4445,192566,4169000,100
11-26 16:47:17.856  1795  3716 D ActivityManager: freezer override set to true
11-26 16:47:17.889  1011  1189 I ASH     : @ 360490.062: tcs3701: stop power rail pending_off timer
11-26 16:47:17.889  1011  1189 D ASH     : @ 360490.062: tcs3701: start power rail timer, state:3
11-26 16:47:17.929  1011  1189 I ASH     : @ 360490.102: tcs3701: stop power rail pending_off timer
11-26 16:47:17.929  1011  1189 D ASH     : @ 360490.102: tcs3701: start power rail timer, state:3
11-26 16:47:17.960  8427  8469 I BatteryMgr:DataCollectionService: stats => 1701013637960,187072,4445,192566,4169000,100
11-26 16:47:17.969  1011  1189 I ASH     : @ 360490.142: tcs3701: stop power rail pending_off timer
11-26 16:47:17.969  1011  1189 D ASH     : @ 360490.142: tcs3701: start power rail timer, state:3
11-26 16:47:18.010  1011  1189 I ASH     : @ 360490.182: tcs3701: stop power rail pending_off timer
11-26 16:47:18.010  1011  1189 D ASH     : @ 360490.182: tcs3701: start power rail timer, state:3
11-26 16:47:18.049  1011  1189 I ASH     : @ 360490.222: tcs3701: stop power rail pending_off timer
11-26 16:47:18.049  1011  1189 D ASH     : @ 360490.222: tcs3701: start power rail timer, state:3
11-26 16:47:18.066 28986 29037 I m.chrome.canary: Explicit concurrent copying GC freed 3827(192KB) AllocSpace objects, 4(80KB) LOS objects, 74% free, 13MB/55MB, paused 78us,21us total 83.672ms
11-26 16:47:18.067  8427  8469 I BatteryMgr:DataCollectionService: stats => 1701013638067,187683,4445,192566,4169000,100
11-26 16:47:18.089  1011  1189 I ASH     : @ 360490.262: tcs3701: stop power rail pending_off timer
11-26 16:47:18.089  1011  1189 D ASH     : @ 360490.262: tcs3701: start power rail timer, state:3
11-26 16:47:18.125  1795  2735 D ActivityManager: freezer override set to false
11-26 16:47:18.129  1011  1189 I ASH     : @ 360490.302: tcs3701: stop power rail pending_off timer
11-26 16:47:18.129  1011  1189 D ASH     : @ 360490.302: tcs3701: start power rail timer, state:3
11-26 16:47:18.167  1795  2735 D ActivityManager: freezer override set to true
11-26 16:47:18.169  1011  1189 I ASH     : @ 360490.342: tcs3701: stop power rail pending_off timer
11-26 16:47:18.169  1011  1189 D ASH     : @ 360490.342: tcs3701: start power rail timer, state:3
11-26 16:47:18.171  1795  2735 D ActivityManager: freezer override set to false
11-26 16:47:18.173  8427  8469 I BatteryMgr:DataCollectionService: stats => 1701013638173,187378,4445,192566,4169000,100
11-26 16:47:18.205  1795  2735 D ActivityManager: freezer override set to true
11-26 16:47:18.207  1795  2735 D ActivityManager: freezer override set to false
11-26 16:47:18.209  1011  1189 I ASH     : @ 360490.382: tcs3701: stop power rail pending_off timer
11-26 16:47:18.209  1011  1189 D ASH     : @ 360490.382: tcs3701: start power rail timer, state:3
11-26 16:47:18.249  1011  1189 I ASH     : @ 360490.422: tcs3701: stop power rail pending_off timer
11-26 16:47:18.249  1011  1189 D ASH     : @ 360490.422: tcs3701: start power rail timer, state:3
11-26 16:47:18.278  8427  8469 I BatteryMgr:DataCollectionService: stats => 1701013638278,189514,4445,192566,4169000,100
11-26 16:47:18.289  1011  1189 I ASH     : @ 360490.462: tcs3701: stop power rail pending_off timer
11-26 16:47:18.289  1011  1189 D ASH     : @ 360490.462: tcs3701: start power rail timer, state:3
11-26 16:47:18.329  1011  1189 I ASH     : @ 360490.502: tcs3701: stop power rail pending_off timer
11-26 16:47:18.329  1011  1189 D ASH     : @ 360490.502: tcs3701: start power rail timer, state:3
11-26 16:47:18.369  1011  1189 I ASH     : @ 360490.542: tcs3701: stop power rail pending_off timer
11-26 16:47:18.369  1011  1189 D ASH     : @ 360490.542: tcs3701: start power rail timer, state:3
11-26 16:47:18.383  8427  8469 I BatteryMgr:DataCollectionService: stats => 1701013638383,196838,4445,192566,4169000,100
11-26 16:47:18.409  1011  1189 I ASH     : @ 360490.582: tcs3701: stop power rail pending_off timer
11-26 16:47:18.409  1011  1189 D ASH     : @ 360490.582: tcs3701: start power rail timer, state:3
11-26 16:47:18.449  1011  1189 I ASH     : @ 360490.622: tcs3701: stop power rail pending_off timer
11-26 16:47:18.449  1011  1189 D ASH     : @ 360490.622: tcs3701: start power rail timer, state:3
11-26 16:47:18.489  1011  1189 I ASH     : @ 360490.662: tcs3701: stop power rail pending_off timer
11-26 16:47:18.489  1011  1189 D ASH     : @ 360490.662: tcs3701: start power rail timer, state:3
11-26 16:47:18.490  8427  8469 I BatteryMgr:DataCollectionService: stats => 1701013638490,185241,4445,192566,4169000,100
11-26 16:47:18.529  1011  1189 I ASH     : @ 360490.702: tcs3701: stop power rail pending_off timer
11-26 16:47:18.529  1011  1189 D ASH     : @ 360490.702: tcs3701: start power rail timer, state:3
11-26 16:47:18.569  1011  1189 I ASH     : @ 360490.742: tcs3701: stop power rail pending_off timer
11-26 16:47:18.569  1011  1189 D ASH     : @ 360490.742: tcs3701: start power rail timer, state:3
11-26 16:47:18.595  8427  8469 I BatteryMgr:DataCollectionService: stats => 1701013638595,186462,4445,192566,4169000,100
11-26 16:47:18.610  1011  1189 I ASH     : @ 360490.782: tcs3701: stop power rail pending_off timer
11-26 16:47:18.610  1011  1189 D ASH     : @ 360490.782: tcs3701: start power rail timer, state:3
11-26 16:47:18.649  1011  1189 I ASH     : @ 360490.822: tcs3701: stop power rail pending_off timer
11-26 16:47:18.649  1011  1189 D ASH     : @ 360490.822: tcs3701: start power rail timer, state:3
11-26 16:47:18.689  1011  1189 I ASH     : @ 360490.862: tcs3701: stop power rail pending_off timer
11-26 16:47:18.689  1011  1189 D ASH     : @ 360490.862: tcs3701: start power rail timer, state:3
11-26 16:47:18.702  8427  8469 I BatteryMgr:DataCollectionService: stats => 1701013638702,190429,4445,192566,4169000,100
11-26 16:47:18.731  1011  1189 I ASH     : @ 360490.902: tcs3701: stop power rail pending_off timer
11-26 16:47:18.731  1011  1189 D ASH     : @ 360490.902: tcs3701: start power rail timer, state:3
11-26 16:47:18.769  1011  1189 I ASH     : @ 360490.942: tcs3701: stop power rail pending_off timer
11-26 16:47:18.770  1011  1189 D ASH     : @ 360490.942: tcs3701: start power rail timer, state:3
11-26 16:47:18.808  8427  8469 I BatteryMgr:DataCollectionService: stats => 1701013638808,193481,4445,192566,4169000,100
11-26 16:47:18.809  1011  1189 I ASH     : @ 360490.982: tcs3701: stop power rail pending_off timer
11-26 16:47:18.809  1011  1189 D ASH     : @ 360490.982: tcs3701: start power rail timer, state:3
11-26 16:47:18.830  1011  1189 I CHRE    : @ 360491.003: [GYRO_RPS] (s0, c0) Offset | Temp [C] | Quality: 0.002484, 0.000530, 0.000583 | 32.71 | 4
11-26 16:47:18.830  1011  1189 I CHRE    : @ 360491.003: [GYRO_RPS] (s0) Temp Sensitivity: -0.000033, 0.000023, -0.000003
11-26 16:47:18.830  1011  1189 I CHRE    : @ 360491.003: [GYRO_RPS] (s0) Temp Intercept: 0.003582, -0.000284, 0.000677
11-26 16:47:18.849  1011  1189 I ASH     : @ 360491.022: tcs3701: stop power rail pending_off timer
11-26 16:47:18.849  1011  1189 D ASH     : @ 360491.022: tcs3701: start power rail timer, state:3
11-26 16:47:18.851  1795  2424 D WifiClientModeImpl[13802:wlan0]: updateLinkLayerStatsRssiSpeedFrequencyCapabilities rssi=-48 TxLinkspeed=866 freq=5240 RxLinkSpeed=866
11-26 16:47:18.851  1795  2424 D WifiDataStall: tx tput in kbps: 716648
11-26 16:47:18.851  1795  2424 D WifiDataStall: rx tput in kbps: 754367
11-26 16:47:18.852  1795  2424 V WifiConfigManager: Updating scan detail cache freq=5240 BSSID=f4:6d:2f:12:cc:88 RSSI=-47 for "ourhome"WPA_PSK
11-26 16:47:18.852  1795  2424 D WifiChannelUtilization:  freq: 5240 onTime: 9688551 busyTime: 861901 onTimeDiff: 40695 busyTimeDiff: 5415 utilization: 33 utilization t0: 22
11-26 16:47:18.852  2782  5906 D QCNEJ/WlanStaInfoRelay: Received action: android.net.wifi.RSSI_CHANGED
11-26 16:47:18.852  1795  2424 D WifiDataStall:  ccaLevel = 33
11-26 16:47:18.852  1795  2424 D WifiDataStall: L2 txTputKbps: 716648, rxTputKbps: 754367, L3 txTputKbps: 0, rxTputKbps: 0, TxTrafficHigh: false, RxTrafficHigh: false, Throughput Sufficient: true
11-26 16:47:18.852  1795  2424 D WifiScoreReport: Wifi scoring disabled - Don't check IP layer
11-26 16:47:18.852  2673  2691 V WifiManager: OnWifiUsabilityStatsListener: onWifiUsabilityStats: seqNum=91019
11-26 16:47:18.852  1795  2424 D WifiScoreCard: BSSID update SIGNAL_POLL ID: 1320464697 SSID: "ourhome", BSSID: f4:6d:2f:12:cc:88, MAC: b2:2f:ec:da:4a:0c, IP: /192.168.1.104, Security type: 2, Supplicant state: COMPLETED, Wi-Fi standard: 5, RSSI: -48, Link speed: 866Mbps, Tx Link speed: 866Mbps, Max Supported Tx Link speed: 866Mbps, Rx Link speed: 866Mbps, Max Supported Rx Link speed: 866Mbps, Frequency: 5240MHz, Net ID: 12, Metered hint: false, score: 60, isUsable: true, CarrierMerged: false, SubscriptionId: -1, IsPrimary: 1, Trusted: true, Restricted: false, Ephemeral: false, OEM paid: false, OEM private: false, OSU AP: false, FQDN: <none>, Provider friendly name: <none>, Requesting package name: <none>"ourhome"wpa2-pskMLO Information: , Is TID-To-Link negotiation supported by the AP: false, AP MLD Address: <none>, AP MLO Link Id: <none>, AP MLO Affiliated links: <none>
11-26 16:47:18.852  1795  2424 D WifiScoreCard: txRate: 1 txSpeed: 866
11-26 16:47:18.852  1795  2424 D WifiScoreCard: network update SIGNAL_POLL "ourhome" ID: 1499892569 RSSI -48 txSpeed -1
11-26 16:47:18.852  1795  2735 I WifiService: updateWifiUsabilityScore uid=10180 seqNum=91019 score=100 predictionHorizonSec=1441795
11-26 16:47:18.852  2513 14800 V WifiManager: TrafficStateCallbackProxy: onStateChanged state=0
11-26 16:47:18.853  1795  2424 D WifiClientModeImpl[13802:wlan0]:  ClientModeImpl$L2ConnectedState screen=on 37 0 "ourhome" f4:6d:2f:12:cc:88 rssi=-48 f=5240 sc=60 link=866 tx=0.4, 0.0, 0.0 rx=0.3 bcn=3406512 [on:0 tx:0 rx:1 period:3013] from screen [on:52570 period:1204138] score=60
11-26 16:47:18.853  1795  2424 D WifiScoreReport: Wifi scoring disabled - Notify that Wifi is usable
11-26 16:47:18.856  1795  2432 D ConnectivityService: NetReassign [no changes] [c 0] [a 1] [i 1]
11-26 16:47:18.889  1011  1189 I ASH     : @ 360491.062: tcs3701: stop power rail pending_off timer
11-26 16:47:18.890  1011  1189 D ASH     : @ 360491.062: tcs3701: start power rail timer, state:3
11-26 16:47:18.913  8427  8469 I BatteryMgr:DataCollectionService: stats => 1701013638913,188293,4445,192566,4169000,100
11-26 16:47:18.929  1011  1189 I ASH     : @ 360491.102: tcs3701: stop power rail pending_off timer
11-26 16:47:18.929  1011  1189 D ASH     : @ 360491.102: tcs3701: start power rail timer, state:3
11-26 16:47:18.969  1011  1189 I ASH     : @ 360491.142: tcs3701: stop power rail pending_off timer
11-26 16:47:18.969  1011  1189 D ASH     : @ 360491.142: tcs3701: start power rail timer, state:3
11-26 16:47:18.978  1795  2735 D ActivityManager: freezer override set to true
11-26 16:47:18.982  1795  2735 D ActivityManager: freezer override set to false
11-26 16:47:19.009  1011  1189 I ASH     : @ 360491.182: tcs3701: stop power rail pending_off timer
11-26 16:47:19.009  1011  1189 D ASH     : @ 360491.182: tcs3701: start power rail timer, state:3
11-26 16:47:19.019  8427  8469 I BatteryMgr:DataCollectionService: stats => 1701013639019,184631,4445,192566,4169000,100
11-26 16:47:19.049  1011  1189 I ASH     : @ 360491.222: tcs3701: stop power rail pending_off timer
11-26 16:47:19.049  1011  1189 D ASH     : @ 360491.222: tcs3701: start power rail timer, state:3
11-26 16:47:19.089  1011  1189 I ASH     : @ 360491.262: tcs3701: stop power rail pending_off timer
11-26 16:47:19.090  1011  1189 D ASH     : @ 360491.262: tcs3701: start power rail timer, state:3
11-26 16:47:19.124  8427  8469 I BatteryMgr:DataCollectionService: stats => 1701013639124,185241,4445,192566,4169000,100
11-26 16:47:19.129  1011  1189 I ASH     : @ 360491.302: tcs3701: stop power rail pending_off timer
11-26 16:47:19.129  1011  1189 D ASH     : @ 360491.302: tcs3701: start power rail timer, state:3
11-26 16:47:19.169  1011  1189 I ASH     : @ 360491.342: tcs3701: stop power rail pending_off timer
11-26 16:47:19.169  1011  1189 D ASH     : @ 360491.342: tcs3701: start power rail timer, state:3
11-26 16:47:19.209  1011  1189 I ASH     : @ 360491.382: tcs3701: stop power rail pending_off timer
11-26 16:47:19.209  1011  1189 D ASH     : @ 360491.382: tcs3701: start power rail timer, state:3
11-26 16:47:19.230  8427  8469 I BatteryMgr:DataCollectionService: stats => 1701013639230,186157,4445,192566,4169000,100
11-26 16:47:19.249  1011  1189 I ASH     : @ 360491.422: tcs3701: stop power rail pending_off timer
11-26 16:47:19.249  1011  1189 D ASH     : @ 360491.422: tcs3701: start power rail timer, state:3
11-26 16:47:19.290  1011  1189 I ASH     : @ 360491.462: tcs3701: stop power rail pending_off timer
11-26 16:47:19.290  1011  1189 D ASH     : @ 360491.462: tcs3701: start power rail timer, state:3
11-26 16:47:19.329  1011  1189 I ASH     : @ 360491.502: tcs3701: stop power rail pending_off timer
11-26 16:47:19.329  1011  1189 D ASH     : @ 360491.502: tcs3701: start power rail timer, state:3
11-26 16:47:19.338  8427  8469 I BatteryMgr:DataCollectionService: stats => 1701013639338,183410,4445,192566,4169000,100
11-26 16:47:19.338  1795  3716 D ActivityManager: freezer override set to true
11-26 16:47:19.369  1011  1189 I ASH     : @ 360491.542: tcs3701: stop power rail pending_off timer
11-26 16:47:19.369  1011  1189 D ASH     : @ 360491.542: tcs3701: start power rail timer, state:3
11-26 16:47:19.409  1011  1189 I ASH     : @ 360491.582: tcs3701: stop power rail pending_off timer
11-26 16:47:19.410  1011  1189 D ASH     : @ 360491.582: tcs3701: start power rail timer, state:3
11-26 16:47:19.443  8427  8469 I BatteryMgr:DataCollectionService: stats => 1701013639442,183105,4445,192566,4169000,100
11-26 16:47:19.449  1011  1189 I ASH     : @ 360491.622: tcs3701: stop power rail pending_off timer
11-26 16:47:19.449  1011  1189 D ASH     : @ 360491.622: tcs3701: start power rail timer, state:3
11-26 16:47:19.490  1011  1189 I ASH     : @ 360491.662: tcs3701: stop power rail pending_off timer
11-26 16:47:19.490  1011  1189 D ASH     : @ 360491.662: tcs3701: start power rail timer, state:3
11-26 16:47:19.510 28986 29037 I m.chrome.canary: Explicit concurrent copying GC freed 4058(207KB) AllocSpace objects, 5(100KB) LOS objects, 75% free, 13MB/55MB, paused 27us,44us total 48.355ms
11-26 16:47:19.529  1011  1189 I ASH     : @ 360491.702: tcs3701: stop power rail pending_off timer
11-26 16:47:19.529  1011  1189 D ASH     : @ 360491.702: tcs3701: start power rail timer, state:3
11-26 16:47:19.551  8427  8469 I BatteryMgr:DataCollectionService: stats => 1701013639551,191345,4445,192566,4169000,100
11-26 16:47:19.568  1795  3716 D ActivityManager: freezer override set to false
11-26 16:47:19.569  1011  1189 I ASH     : @ 360491.742: tcs3701: stop power rail pending_off timer
11-26 16:47:19.569  1011  1189 D ASH     : @ 360491.742: tcs3701: start power rail timer, state:3
11-26 16:47:19.601  1795  3716 D ActivityManager: freezer override set to true
11-26 16:47:19.604  1795  3716 D ActivityManager: freezer override set to false
11-26 16:47:19.609  1011  1189 I ASH     : @ 360491.782: tcs3701: stop power rail pending_off timer
11-26 16:47:19.609  1011  1189 D ASH     : @ 360491.782: tcs3701: start power rail timer, state:3
11-26 16:47:19.630  1795  3716 D ActivityManager: freezer override set to true
11-26 16:47:19.633  1795  3716 D ActivityManager: freezer override set to false
11-26 16:47:19.649  1011  1189 I ASH     : @ 360491.822: tcs3701: stop power rail pending_off timer
11-26 16:47:19.649  1011  1189 D ASH     : @ 360491.822: tcs3701: start power rail timer, state:3
11-26 16:47:19.657  8427  8469 I BatteryMgr:DataCollectionService: stats => 1701013639657,190429,4445,192566,4169000,100
11-26 16:47:19.690  1011  1189 I ASH     : @ 360491.862: tcs3701: stop power rail pending_off timer
11-26 16:47:19.690  1011  1189 D ASH     : @ 360491.862: tcs3701: start power rail timer, state:3
11-26 16:47:19.729  1011  1189 I ASH     : @ 360491.902: tcs3701: stop power rail pending_off timer
11-26 16:47:19.729  1011  1189 D ASH     : @ 360491.902: tcs3701: start power rail timer, state:3
11-26 16:47:19.762  8427  8469 I BatteryMgr:DataCollectionService: stats => 1701013639762,188903,4445,192566,4169000,100
11-26 16:47:19.769  1011  1189 I ASH     : @ 360491.942: tcs3701: stop power rail pending_off timer
11-26 16:47:19.769  1011  1189 D ASH     : @ 360491.942: tcs3701: start power rail timer, state:3
11-26 16:47:19.809  1011  1189 I ASH     : @ 360491.982: tcs3701: stop power rail pending_off timer
11-26 16:47:19.809  1011  1189 D ASH     : @ 360491.982: tcs3701: start power rail timer, state:3
11-26 16:47:19.849  1011  1189 I ASH     : @ 360492.022: tcs3701: stop power rail pending_off timer
11-26 16:47:19.849  1011  1189 D ASH     : @ 360492.022: tcs3701: start power rail timer, state:3
11-26 16:47:19.867  8427  8469 I BatteryMgr:DataCollectionService: stats => 1701013639867,192260,4445,192566,4169000,100
11-26 16:47:19.890  1011  1189 I ASH     : @ 360492.062: tcs3701: stop power rail pending_off timer
11-26 16:47:19.890  1011  1189 D ASH     : @ 360492.062: tcs3701: start power rail timer, state:3
11-26 16:47:19.930  1011  1189 I ASH     : @ 360492.102: tcs3701: stop power rail pending_off timer
11-26 16:47:19.930  1011  1189 D ASH     : @ 360492.102: tcs3701: start power rail timer, state:3
11-26 16:47:19.969  1011  1189 I ASH     : @ 360492.142: tcs3701: stop power rail pending_off timer
11-26 16:47:19.969  1011  1189 D ASH     : @ 360492.142: tcs3701: start power rail timer, state:3
11-26 16:47:19.974  8427  8469 I BatteryMgr:DataCollectionService: stats => 1701013639974,191040,4445,192566,4169000,100
11-26 16:47:19.996  1795  3716 D ActivityManager: freezer override set to true
11-26 16:47:20.006  1795  3716 D ActivityManager: freezer override set to false
11-26 16:47:20.009  1011  1189 I ASH     : @ 360492.182: tcs3701: stop power rail pending_off timer
11-26 16:47:20.009  1011  1189 D ASH     : @ 360492.182: tcs3701: start power rail timer, state:3
11-26 16:47:20.049  1011  1189 I ASH     : @ 360492.222: tcs3701: stop power rail pending_off timer
11-26 16:47:20.049  1011  1189 D ASH     : @ 360492.222: tcs3701: start power rail timer, state:3
11-26 16:47:20.080  8427  8469 I BatteryMgr:DataCollectionService: stats => 1701013640080,189514,4445,192566,4169000,100
11-26 16:47:20.089  1011  1189 I ASH     : @ 360492.262: tcs3701: stop power rail pending_off timer
11-26 16:47:20.089  1011  1189 D ASH     : @ 360492.262: tcs3701: start power rail timer, state:3
11-26 16:47:20.129  1011  1189 I ASH     : @ 360492.302: tcs3701: stop power rail pending_off timer
11-26 16:47:20.129  1011  1189 D ASH     : @ 360492.302: tcs3701: start power rail timer, state:3
11-26 16:47:20.169  1011  1189 I ASH     : @ 360492.342: tcs3701: stop power rail pending_off timer
11-26 16:47:20.169  1011  1189 D ASH     : @ 360492.342: tcs3701: start power rail timer, state:3
11-26 16:47:20.186  8427  8469 I BatteryMgr:DataCollectionService: stats => 1701013640186,192260,4445,192566,4169000,100
11-26 16:47:20.209  1011  1189 I ASH     : @ 360492.382: tcs3701: stop power rail pending_off timer
11-26 16:47:20.209  1011  1189 D ASH     : @ 360492.382: tcs3701: start power rail timer, state:3
11-26 16:47:20.249  1011  1189 I ASH     : @ 360492.422: tcs3701: stop power rail pending_off timer
11-26 16:47:20.249  1011  1189 D ASH     : @ 360492.422: tcs3701: start power rail timer, state:3
11-26 16:47:20.289  1011  1189 I ASH     : @ 360492.462: tcs3701: stop power rail pending_off timer
11-26 16:47:20.289  1011  1189 D ASH     : @ 360492.462: tcs3701: start power rail timer, state:3
11-26 16:47:20.294  8427  8469 I BatteryMgr:DataCollectionService: stats => 1701013640294,194091,4445,192566,4169000,100
11-26 16:47:20.329  1011  1189 I ASH     : @ 360492.502: tcs3701: stop power rail pending_off timer
11-26 16:47:20.329  1011  1189 D ASH     : @ 360492.502: tcs3701: start power rail timer, state:3
11-26 16:47:20.369  1011  1189 I ASH     : @ 360492.542: tcs3701: stop power rail pending_off timer
11-26 16:47:20.369  1011  1189 D ASH     : @ 360492.542: tcs3701: start power rail timer, state:3
11-26 16:47:20.399  8427  8469 I BatteryMgr:DataCollectionService: stats => 1701013640399,185241,4445,192566,4169000,100
11-26 16:47:20.409  1011  1189 I ASH     : @ 360492.582: tcs3701: stop power rail pending_off timer
11-26 16:47:20.409  1011  1189 D ASH     : @ 360492.582: tcs3701: start power rail timer, state:3
11-26 16:47:20.449  1011  1189 I ASH     : @ 360492.622: tcs3701: stop power rail pending_off timer
11-26 16:47:20.449  1011  1189 D ASH     : @ 360492.622: tcs3701: start power rail timer, state:3
11-26 16:47:20.489  1011  1189 I ASH     : @ 360492.662: tcs3701: stop power rail pending_off timer
11-26 16:47:20.491  1011  1189 D ASH     : @ 360492.662: tcs3701: start power rail timer, state:3
11-26 16:47:20.506  8427  8469 I BatteryMgr:DataCollectionService: stats => 1701013640506,189819,4445,192566,4169000,100
11-26 16:47:20.529  1011  1189 I ASH     : @ 360492.702: tcs3701: stop power rail pending_off timer
11-26 16:47:20.529  1011  1189 D ASH     : @ 360492.702: tcs3701: start power rail timer, state:3
11-26 16:47:20.569  1011  1189 I ASH     : @ 360492.742: tcs3701: stop power rail pending_off timer
11-26 16:47:20.569  1011  1189 D ASH     : @ 360492.742: tcs3701: start power rail timer, state:3
11-26 16:47:20.609  1011  1189 I ASH     : @ 360492.782: tcs3701: stop power rail pending_off timer
11-26 16:47:20.609  1011  1189 D ASH     : @ 360492.782: tcs3701: start power rail timer, state:3
11-26 16:47:20.612  8427  8469 I BatteryMgr:DataCollectionService: stats => 1701013640611,193176,4445,192566,4169000,100
11-26 16:47:20.649  1011  1189 I ASH     : @ 360492.822: tcs3701: stop power rail pending_off timer
11-26 16:47:20.649  1011  1189 D ASH     : @ 360492.822: tcs3701: start power rail timer, state:3
11-26 16:47:20.690  1011  1189 I ASH     : @ 360492.862: tcs3701: stop power rail pending_off timer
11-26 16:47:20.690  1011  1189 D ASH     : @ 360492.862: tcs3701: start power rail timer, state:3
11-26 16:47:20.722  8427  8469 I BatteryMgr:DataCollectionService: stats => 1701013640722,190429,4445,192566,4169000,100
11-26 16:47:20.729  1011  1189 I ASH     : @ 360492.902: tcs3701: stop power rail pending_off timer
11-26 16:47:20.729  1011  1189 D ASH     : @ 360492.902: tcs3701: start power rail timer, state:3
11-26 16:47:20.756  1795  2735 D ActivityManager: freezer override set to true
11-26 16:47:20.769  1011  1189 I ASH     : @ 360492.942: tcs3701: stop power rail pending_off timer
11-26 16:47:20.770  1011  1189 D ASH     : @ 360492.942: tcs3701: start power rail timer, state:3
11-26 16:47:20.809  1011  1189 I ASH     : @ 360492.982: tcs3701: stop power rail pending_off timer
11-26 16:47:20.809  1011  1189 D ASH     : @ 360492.982: tcs3701: start power rail timer, state:3
11-26 16:47:20.829  8427  8469 I BatteryMgr:DataCollectionService: stats => 1701013640829,188293,4445,192566,4169000,100
11-26 16:47:20.849  1011  1189 I ASH     : @ 360493.022: tcs3701: stop power rail pending_off timer
11-26 16:47:20.849  1011  1189 D ASH     : @ 360493.022: tcs3701: start power rail timer, state:3
11-26 16:47:20.889  1011  1189 I ASH     : @ 360493.062: tcs3701: stop power rail pending_off timer
11-26 16:47:20.889  1011  1189 D ASH     : @ 360493.062: tcs3701: start power rail timer, state:3
11-26 16:47:20.890 28986 29037 I m.chrome.canary: Explicit concurrent copying GC freed 3841(192KB) AllocSpace objects, 4(80KB) LOS objects, 74% free, 13MB/55MB, paused 25us,23us total 48.063ms
11-26 16:47:20.929  1011  1189 I ASH     : @ 360493.102: tcs3701: stop power rail pending_off timer
11-26 16:47:20.929  1011  1189 D ASH     : @ 360493.102: tcs3701: start power rail timer, state:3
11-26 16:47:20.936  8427  8469 I BatteryMgr:DataCollectionService: stats => 1701013640936,188293,4445,192566,4169000,100
11-26 16:47:20.948  1795  2735 D ActivityManager: freezer override set to false
11-26 16:47:20.969  1011  1189 I ASH     : @ 360493.142: tcs3701: stop power rail pending_off timer
11-26 16:47:20.969  1011  1189 D ASH     : @ 360493.142: tcs3701: start power rail timer, state:3
11-26 16:47:20.976  1795  2735 D ActivityManager: freezer override set to true
11-26 16:47:20.979  1795  2735 D ActivityManager: freezer override set to false
11-26 16:47:20.987  1795  2735 D ActivityManager: freezer override set to true
11-26 16:47:20.989  1795  2735 D ActivityManager: freezer override set to false
11-26 16:47:21.009  1011  1189 I ASH     : @ 360493.182: tcs3701: stop power rail pending_off timer
11-26 16:47:21.009  1011  1189 D ASH     : @ 360493.182: tcs3701: start power rail timer, state:3
11-26 16:47:21.026  1795  2735 D ActivityManager: freezer override set to true
11-26 16:47:21.028  1795  2735 D ActivityManager: freezer override set to false
