11-26 16:44:58.649  1011  1189 I ASH     : @ 360350.822: tcs3701: stop power rail pending_off timer
11-26 16:44:58.649  1011  1189 D ASH     : @ 360350.822: tcs3701: start power rail timer, state:3
11-26 16:44:58.681  8427  8469 I BatteryMgr:DataCollectionService: stats => 1701013498681,211486,4445,212707,4169000,100
11-26 16:44:58.683  1795  3745 D ActivityManager: freezer override set to true
11-26 16:44:58.688  1795  3745 D ActivityManager: freezer override set to false
11-26 16:44:58.690  1011  1189 I ASH     : @ 360350.862: tcs3701: stop power rail pending_off timer
11-26 16:44:58.690  1011  1189 D ASH     : @ 360350.862: tcs3701: start power rail timer, state:3
11-26 16:44:58.729  1011  1189 I ASH     : @ 360350.902: tcs3701: stop power rail pending_off timer
11-26 16:44:58.729  1011  1189 D ASH     : @ 360350.902: tcs3701: start power rail timer, state:3
11-26 16:44:58.769  1011  1189 I ASH     : @ 360350.942: tcs3701: stop power rail pending_off timer
11-26 16:44:58.769  1011  1189 D ASH     : @ 360350.942: tcs3701: start power rail timer, state:3
11-26 16:44:58.788  8427  8469 I BatteryMgr:DataCollectionService: stats => 1701013498788,222778,4445,212707,4169000,100
11-26 16:44:58.808  1795  3745 D ActivityManager: freezer override set to true
11-26 16:44:58.809  1011  1189 I ASH     : @ 360350.982: tcs3701: stop power rail pending_off timer
11-26 16:44:58.809  1011  1189 D ASH     : @ 360350.982: tcs3701: start power rail timer, state:3
11-26 16:44:58.850  1011  1189 I ASH     : @ 360351.022: tcs3701: stop power rail pending_off timer
11-26 16:44:58.850  1011  1189 D ASH     : @ 360351.022: tcs3701: start power rail timer, state:3
11-26 16:44:58.889  1011  1189 I ASH     : @ 360351.062: tcs3701: stop power rail pending_off timer
11-26 16:44:58.889  1011  1189 D ASH     : @ 360351.062: tcs3701: start power rail timer, state:3
11-26 16:44:58.893  8427  8469 I BatteryMgr:DataCollectionService: stats => 1701013498893,222168,4445,212707,4169000,100
11-26 16:44:58.910 25388 25404 I m.chrome.canary: Explicit concurrent copying GC freed 4106(256KB) AllocSpace objects, 5(100KB) LOS objects, 75% free, 13MB/54MB, paused 66us,23us total 64.976ms
11-26 16:44:58.929  1011  1189 I ASH     : @ 360351.102: tcs3701: stop power rail pending_off timer
11-26 16:44:58.929  1011  1189 D ASH     : @ 360351.102: tcs3701: start power rail timer, state:3
11-26 16:44:58.964  1795  3745 D ActivityManager: freezer override set to false
11-26 16:44:58.969  1011  1189 I ASH     : @ 360351.142: tcs3701: stop power rail pending_off timer
11-26 16:44:58.969  1011  1189 D ASH     : @ 360351.142: tcs3701: start power rail timer, state:3
11-26 16:44:58.994  1795  3745 D ActivityManager: freezer override set to true
11-26 16:44:58.997  1795  3745 D ActivityManager: freezer override set to false
11-26 16:44:59.002  8427  8469 I BatteryMgr:DataCollectionService: stats => 1701013499001,221862,4445,212707,4169000,100
11-26 16:44:59.009  1011  1189 I ASH     : @ 360351.182: tcs3701: stop power rail pending_off timer
11-26 16:44:59.009  1011  1189 D ASH     : @ 360351.182: tcs3701: start power rail timer, state:3
11-26 16:44:59.028  1795  1854 D ActivityManager: freezer override set to true
11-26 16:44:59.033  1795  1854 D ActivityManager: freezer override set to false
11-26 16:44:59.049  1011  1189 I ASH     : @ 360351.222: tcs3701: stop power rail pending_off timer
11-26 16:44:59.049  1011  1189 D ASH     : @ 360351.222: tcs3701: start power rail timer, state:3
11-26 16:44:59.089  1011  1189 I ASH     : @ 360351.262: tcs3701: stop power rail pending_off timer
11-26 16:44:59.089  1011  1189 D ASH     : @ 360351.262: tcs3701: start power rail timer, state:3
11-26 16:44:59.108  8427  8469 I BatteryMgr:DataCollectionService: stats => 1701013499108,213318,4445,212707,4169000,100
11-26 16:44:59.130  1011  1189 I ASH     : @ 360351.302: tcs3701: stop power rail pending_off timer
11-26 16:44:59.130  1011  1189 D ASH     : @ 360351.302: tcs3701: start power rail timer, state:3
11-26 16:44:59.169  1011  1189 I ASH     : @ 360351.342: tcs3701: stop power rail pending_off timer
11-26 16:44:59.169  1011  1189 D ASH     : @ 360351.342: tcs3701: start power rail timer, state:3
11-26 16:44:59.209  1011  1189 I ASH     : @ 360351.382: tcs3701: stop power rail pending_off timer
11-26 16:44:59.209  1011  1189 D ASH     : @ 360351.382: tcs3701: start power rail timer, state:3
11-26 16:44:59.213  8427  8469 I BatteryMgr:DataCollectionService: stats => 1701013499213,214233,4445,212707,4169000,100
11-26 16:44:59.249  1011  1189 I ASH     : @ 360351.422: tcs3701: stop power rail pending_off timer
11-26 16:44:59.249  1011  1189 D ASH     : @ 360351.422: tcs3701: start power rail timer, state:3
11-26 16:44:59.289  1011  1189 I ASH     : @ 360351.462: tcs3701: stop power rail pending_off timer
11-26 16:44:59.289  1011  1189 D ASH     : @ 360351.462: tcs3701: start power rail timer, state:3
11-26 16:44:59.319  8427  8469 I BatteryMgr:DataCollectionService: stats => 1701013499318,209655,4445,212707,4169000,100
11-26 16:44:59.330  1011  1189 I ASH     : @ 360351.502: tcs3701: stop power rail pending_off timer
11-26 16:44:59.330  1011  1189 D ASH     : @ 360351.502: tcs3701: start power rail timer, state:3
11-26 16:44:59.369  1011  1189 I ASH     : @ 360351.542: tcs3701: stop power rail pending_off timer
11-26 16:44:59.369  1011  1189 D ASH     : @ 360351.542: tcs3701: start power rail timer, state:3
11-26 16:44:59.409  1011  1189 I ASH     : @ 360351.582: tcs3701: stop power rail pending_off timer
11-26 16:44:59.409  1011  1189 D ASH     : @ 360351.582: tcs3701: start power rail timer, state:3
11-26 16:44:59.426  8427  8469 I BatteryMgr:DataCollectionService: stats => 1701013499425,216674,4445,212707,4169000,100
11-26 16:44:59.449  1011  1189 I ASH     : @ 360351.622: tcs3701: stop power rail pending_off timer
11-26 16:44:59.449  1011  1189 D ASH     : @ 360351.622: tcs3701: start power rail timer, state:3
11-26 16:44:59.489  1011  1189 I ASH     : @ 360351.662: tcs3701: stop power rail pending_off timer
11-26 16:44:59.489  1011  1189 D ASH     : @ 360351.662: tcs3701: start power rail timer, state:3
11-26 16:44:59.529  1011  1189 I ASH     : @ 360351.702: tcs3701: stop power rail pending_off timer
11-26 16:44:59.529  1011  1189 D ASH     : @ 360351.702: tcs3701: start power rail timer, state:3
11-26 16:44:59.531  8427  8469 I BatteryMgr:DataCollectionService: stats => 1701013499531,206604,4445,212707,4169000,100
11-26 16:44:59.570  1011  1189 I ASH     : @ 360351.742: tcs3701: stop power rail pending_off timer
11-26 16:44:59.570  1011  1189 D ASH     : @ 360351.742: tcs3701: start power rail timer, state:3
11-26 16:44:59.609  1011  1189 I ASH     : @ 360351.782: tcs3701: stop power rail pending_off timer
11-26 16:44:59.609  1011  1189 D ASH     : @ 360351.782: tcs3701: start power rail timer, state:3
11-26 16:44:59.637  8427  8469 I BatteryMgr:DataCollectionService: stats => 1701013499636,210571,4445,212707,4169000,100
11-26 16:44:59.649  1011  1189 I ASH     : @ 360351.822: tcs3701: stop power rail pending_off timer
11-26 16:44:59.649  1011  1189 D ASH     : @ 360351.822: tcs3701: start power rail timer, state:3
11-26 16:44:59.684  1795  1854 D ActivityManager: freezer override set to true
11-26 16:44:59.689  1011  1189 I ASH     : @ 360351.862: tcs3701: stop power rail pending_off timer
11-26 16:44:59.689  1011  1189 D ASH     : @ 360351.862: tcs3701: start power rail timer, state:3
11-26 16:44:59.689  1795  1854 D ActivityManager: freezer override set to false
11-26 16:44:59.730  1011  1189 I ASH     : @ 360351.902: tcs3701: stop power rail pending_off timer
11-26 16:44:59.730  1011  1189 D ASH     : @ 360351.902: tcs3701: start power rail timer, state:3
11-26 16:44:59.741  8427  8469 I BatteryMgr:DataCollectionService: stats => 1701013499741,215454,4445,212707,4169000,100
11-26 16:44:59.769  1011  1189 I ASH     : @ 360351.942: tcs3701: stop power rail pending_off timer
11-26 16:44:59.769  1011  1189 D ASH     : @ 360351.942: tcs3701: start power rail timer, state:3
11-26 16:44:59.809  1011  1189 I ASH     : @ 360351.982: tcs3701: stop power rail pending_off timer
11-26 16:44:59.809  1011  1189 D ASH     : @ 360351.982: tcs3701: start power rail timer, state:3
11-26 16:44:59.848  8427  8469 I BatteryMgr:DataCollectionService: stats => 1701013499847,209961,4445,212707,4169000,100
11-26 16:44:59.849  1011  1189 I ASH     : @ 360352.022: tcs3701: stop power rail pending_off timer
11-26 16:44:59.849  1011  1189 D ASH     : @ 360352.022: tcs3701: start power rail timer, state:3
11-26 16:44:59.889  1011  1189 I ASH     : @ 360352.062: tcs3701: stop power rail pending_off timer
11-26 16:44:59.889  1011  1189 D ASH     : @ 360352.062: tcs3701: start power rail timer, state:3
11-26 16:44:59.930  1011  1189 I ASH     : @ 360352.102: tcs3701: stop power rail pending_off timer
11-26 16:44:59.930  1011  1189 D ASH     : @ 360352.102: tcs3701: start power rail timer, state:3
11-26 16:44:59.953  8427  8469 I BatteryMgr:DataCollectionService: stats => 1701013499953,214233,4445,212707,4169000,100
11-26 16:44:59.969  1011  1189 I ASH     : @ 360352.142: tcs3701: stop power rail pending_off timer
11-26 16:44:59.969  1011  1189 D ASH     : @ 360352.142: tcs3701: start power rail timer, state:3
11-26 16:45:00.002  3579  3877 I AiAiEcho: (REDACTED) Predicting[%d]: %s
11-26 16:45:00.003  3579  3877 I AiAiEcho: (REDACTED) EchoTargets: %s
11-26 16:45:00.003  3579  3877 I AiAiEcho: Filtered by AiAi flag check: %s
11-26 16:45:00.003  3579  3877 I AiAiEcho: (REDACTED) Ranked targets strategy: %s, count: %d, ranking metadata: %s
11-26 16:45:00.004  3579  3877 I AiAiEcho: (REDACTED) #weatherTwiddler: Weather removes SubtitleSupplementalItem in surface: %s
11-26 16:45:00.004  3579  3877 I AiAiEcho: (REDACTED) Predicting[%d]: %s
11-26 16:45:00.006  3579  3877 I AiAiEcho: (REDACTED) EchoTargets: %s
11-26 16:45:00.006  3579  3877 I AiAiEcho: Filtered by AiAi flag check: %s
11-26 16:45:00.007  3579  3877 I AiAiEcho: (REDACTED) Ranked targets strategy: %s, count: %d, ranking metadata: %s
11-26 16:45:00.007  3579  3877 I AiAiEcho: (REDACTED) #weatherTwiddler: Weather removes SubtitleSupplementalItem in surface: %s
11-26 16:45:00.009  1011  1189 I ASH     : @ 360352.182: tcs3701: stop power rail pending_off timer
11-26 16:45:00.009  1011  1189 D ASH     : @ 360352.182: tcs3701: start power rail timer, state:3
11-26 16:45:00.011  3579  3877 I AiAiEcho: (REDACTED) #postPredictionTargets: Sending updates to UISurface %s with targets# %s (types=[%s])
11-26 16:45:00.013  3579  3877 I AiAiEcho: (REDACTED) #postPredictionTargets: Sending updates to UISurface %s with targets# %s (types=[%s])
11-26 16:45:00.015  2940  2940 D SsBaseTemplateCard: No text view can be set up
11-26 16:45:00.015  2940  2940 D SsBaseTemplateCard: Passed-in item info is null
11-26 16:45:00.015  2940  2940 D SsBaseTemplateCard: Passed-in item info is null
11-26 16:45:00.015  2940  2940 I SsBaseTemplateCard: Secondary card pane is null
11-26 16:45:00.020  2513  2513 D SsBaseTemplateCard: No text view can be set up
11-26 16:45:00.020  2513  2513 D SsBaseTemplateCard: Passed-in item info is null
11-26 16:45:00.020  2513  2513 D SsBaseTemplateCard: Passed-in item info is null
11-26 16:45:00.021  2513  2513 I SsBaseTemplateCard: Secondary card pane is null
11-26 16:45:00.023  3579  3877 I AiAiEcho: (REDACTED) Predicting[%d]: %s
11-26 16:45:00.024  3579  3877 I AiAiEcho: (REDACTED) EchoTargets: %s
11-26 16:45:00.024  3579  3877 I AiAiEcho: Filtered by AiAi flag check: %s
11-26 16:45:00.024  3579  3877 I AiAiEcho: (REDACTED) Ranked targets strategy: %s, count: %d, ranking metadata: %s
11-26 16:45:00.024  3579  3877 I AiAiEcho: (REDACTED) #weatherTwiddler: Weather removes SubtitleSupplementalItem in surface: %s
11-26 16:45:00.025  3579  3877 I AiAiEcho: (REDACTED) Predicting[%d]: %s
11-26 16:45:00.026  3579  3877 I AiAiEcho: (REDACTED) EchoTargets: %s
11-26 16:45:00.026  3579  3877 I AiAiEcho: Filtered by AiAi flag check: %s
11-26 16:45:00.026  3579  3877 I AiAiEcho: (REDACTED) Ranked targets strategy: %s, count: %d, ranking metadata: %s
11-26 16:45:00.026  3579  3877 I AiAiEcho: (REDACTED) #weatherTwiddler: Weather removes SubtitleSupplementalItem in surface: %s
11-26 16:45:00.028  3579  3877 I AiAiEcho: (REDACTED) #postPredictionTargets: Sending updates to UISurface %s with targets# %s (types=[%s])
11-26 16:45:00.029  2513  2513 D SsBaseTemplateCard: No text view can be set up
11-26 16:45:00.030  2513  2513 D SsBaseTemplateCard: Passed-in item info is null
11-26 16:45:00.030  2513  2513 D SsBaseTemplateCard: Passed-in item info is null
11-26 16:45:00.030  2513  2513 I SsBaseTemplateCard: Secondary card pane is null
11-26 16:45:00.031  3579  3877 I AiAiEcho: (REDACTED) #postPredictionTargets: Sending updates to UISurface %s with targets# %s (types=[%s])
11-26 16:45:00.032  2940  2940 D SsBaseTemplateCard: No text view can be set up
11-26 16:45:00.033  2940  2940 D SsBaseTemplateCard: Passed-in item info is null
11-26 16:45:00.033  2940  2940 D SsBaseTemplateCard: Passed-in item info is null
11-26 16:45:00.033  2940  2940 I SsBaseTemplateCard: Secondary card pane is null
11-26 16:45:00.049  1011  1189 I ASH     : @ 360352.222: tcs3701: stop power rail pending_off timer
11-26 16:45:00.049  1011  1189 D ASH     : @ 360352.222: tcs3701: start power rail timer, state:3
11-26 16:45:00.058  8427  8469 I BatteryMgr:DataCollectionService: stats => 1701013500058,209045,4445,212707,4169000,100
11-26 16:45:00.089  1011  1189 I ASH     : @ 360352.262: tcs3701: stop power rail pending_off timer
11-26 16:45:00.089  1011  1189 D ASH     : @ 360352.262: tcs3701: start power rail timer, state:3
11-26 16:45:00.129  1011  1189 I ASH     : @ 360352.302: tcs3701: stop power rail pending_off timer
11-26 16:45:00.129  1011  1189 D ASH     : @ 360352.302: tcs3701: start power rail timer, state:3
11-26 16:45:00.145  1795  1854 D ActivityManager: freezer override set to true
11-26 16:45:00.146  1795  2424 D WifiClientModeImpl[13802:wlan0]: updateLinkLayerStatsRssiSpeedFrequencyCapabilities rssi=-45 TxLinkspeed=866 freq=5240 RxLinkSpeed=866
11-26 16:45:00.146  1795  2424 D WifiDataStall: tx tput in kbps: 713435
11-26 16:45:00.147  1795  2424 D WifiDataStall: rx tput in kbps: 750984
11-26 16:45:00.147  1795  2424 V WifiConfigManager: Updating scan detail cache freq=5240 BSSID=f4:6d:2f:12:cc:88 RSSI=-45 for "ourhome"WPA_PSK
11-26 16:45:00.147  2782  5906 D QCNEJ/WlanStaInfoRelay: Received action: android.net.wifi.RSSI_CHANGED
11-26 16:45:00.147  1795  2424 D WifiChannelUtilization:  freq: 5240 onTime: 9682504 busyTime: 861220 onTimeDiff: 34648 busyTimeDiff: 4734 utilization: 34 utilization t0: 22
11-26 16:45:00.147  1795  2424 D WifiDataStall:  ccaLevel = 34
11-26 16:45:00.147  1795  2424 D WifiDataStall: L2 txTputKbps: 713435, rxTputKbps: 750984, L3 txTputKbps: 0, rxTputKbps: 0, TxTrafficHigh: false, RxTrafficHigh: false, Throughput Sufficient: true
11-26 16:45:00.147  1795  2424 D WifiScoreReport: Wifi scoring disabled - Don't check IP layer
11-26 16:45:00.147  1795  2424 D WifiScoreCard: BSSID update SIGNAL_POLL ID: 1320464697 SSID: "ourhome", BSSID: f4:6d:2f:12:cc:88, MAC: b2:2f:ec:da:4a:0c, IP: /192.168.1.104, Security type: 2, Supplicant state: COMPLETED, Wi-Fi standard: 5, RSSI: -45, Link speed: 866Mbps, Tx Link speed: 866Mbps, Max Supported Tx Link speed: 866Mbps, Rx Link speed: 866Mbps, Max Supported Rx Link speed: 866Mbps, Frequency: 5240MHz, Net ID: 12, Metered hint: false, score: 60, isUsable: true, CarrierMerged: false, SubscriptionId: -1, IsPrimary: 1, Trusted: true, Restricted: false, Ephemeral: false, OEM paid: false, OEM private: false, OSU AP: false, FQDN: <none>, Provider friendly name: <none>, Requesting package name: <none>"ourhome"wpa2-pskMLO Information: , Is TID-To-Link negotiation supported by the AP: false, AP MLD Address: <none>, AP MLO Link Id: <none>, AP MLO Affiliated links: <none>
11-26 16:45:00.147  1795  2424 D WifiScoreCard: txRate: 1 txSpeed: 866
11-26 16:45:00.147  1795  2424 D WifiScoreCard: network update SIGNAL_POLL "ourhome" ID: 1499892569 RSSI -45 txSpeed -1
11-26 16:45:00.147  2673  2691 V WifiManager: OnWifiUsabilityStatsListener: onWifiUsabilityStats: seqNum=90973
11-26 16:45:00.148  1795  2424 D WifiClientModeImpl[13802:wlan0]:  ClientModeImpl$L2ConnectedState screen=on 37 0 "ourhome" f4:6d:2f:12:cc:88 rssi=-45 f=5240 sc=60 link=866 tx=0.1, 0.0, 0.0 rx=0.1 bcn=3405161 [on:0 tx:0 rx:0 period:3014] from screen [on:46523 period:1065433] score=60
11-26 16:45:00.149  1795  3745 I WifiService: updateWifiUsabilityScore uid=10180 seqNum=90973 score=100 predictionHorizonSec=1441795
11-26 16:45:00.149  1795  2424 D WifiScoreReport: Wifi scoring disabled - Notify that Wifi is usable
11-26 16:45:00.153  1795  2432 D ConnectivityService: NetReassign [no changes] [c 0] [a 1] [i 3]
11-26 16:45:00.163  8427  8469 I BatteryMgr:DataCollectionService: stats => 1701013500163,212402,4445,212707,4169000,100
11-26 16:45:00.169  1011  1189 I ASH     : @ 360352.342: tcs3701: stop power rail pending_off timer
11-26 16:45:00.169  1011  1189 D ASH     : @ 360352.342: tcs3701: start power rail timer, state:3
11-26 16:45:00.209  1011  1189 I ASH     : @ 360352.382: tcs3701: stop power rail pending_off timer
11-26 16:45:00.209  1011  1189 D ASH     : @ 360352.382: tcs3701: start power rail timer, state:3
11-26 16:45:00.249  1011  1189 I ASH     : @ 360352.422: tcs3701: stop power rail pending_off timer
11-26 16:45:00.249  1011  1189 D ASH     : @ 360352.422: tcs3701: start power rail timer, state:3
11-26 16:45:00.269  8427  8469 I BatteryMgr:DataCollectionService: stats => 1701013500269,213928,4445,212707,4169000,100
11-26 16:45:00.286 25388 25404 I m.chrome.canary: Explicit concurrent copying GC freed 3854(193KB) AllocSpace objects, 4(80KB) LOS objects, 75% free, 13MB/54MB, paused 32us,22us total 57.466ms
11-26 16:45:00.289  1011  1189 I ASH     : @ 360352.462: tcs3701: stop power rail pending_off timer
11-26 16:45:00.289  1011  1189 D ASH     : @ 360352.462: tcs3701: start power rail timer, state:3
11-26 16:45:00.330  1011  1189 I ASH     : @ 360352.502: tcs3701: stop power rail pending_off timer
11-26 16:45:00.330  1011  1189 D ASH     : @ 360352.502: tcs3701: start power rail timer, state:3
11-26 16:45:00.344  1795  1854 D ActivityManager: freezer override set to false
11-26 16:45:00.369  1011  1189 I ASH     : @ 360352.542: tcs3701: stop power rail pending_off timer
11-26 16:45:00.369  1011  1189 D ASH     : @ 360352.542: tcs3701: start power rail timer, state:3
11-26 16:45:00.375  8427  8469 I BatteryMgr:DataCollectionService: stats => 1701013500375,209350,4445,212707,4169000,100
11-26 16:45:00.377  1795  1854 D ActivityManager: freezer override set to true
11-26 16:45:00.380  1795  1854 D ActivityManager: freezer override set to false
11-26 16:45:00.407  1795  1854 D ActivityManager: freezer override set to true
11-26 16:45:00.408  1795  1854 D ActivityManager: freezer override set to false
11-26 16:45:00.409  1011  1189 I ASH     : @ 360352.582: tcs3701: stop power rail pending_off timer
11-26 16:45:00.409  1011  1189 D ASH     : @ 360352.582: tcs3701: start power rail timer, state:3
11-26 16:45:00.449  1011  1189 I ASH     : @ 360352.622: tcs3701: stop power rail pending_off timer
11-26 16:45:00.449  1011  1189 D ASH     : @ 360352.622: tcs3701: start power rail timer, state:3
11-26 16:45:00.481  8427  8469 I BatteryMgr:DataCollectionService: stats => 1701013500481,205993,4445,212707,4169000,100
11-26 16:45:00.489  1011  1189 I ASH     : @ 360352.662: tcs3701: stop power rail pending_off timer
11-26 16:45:00.489  1011  1189 D ASH     : @ 360352.662: tcs3701: start power rail timer, state:3
11-26 16:45:00.529  1011  1189 I ASH     : @ 360352.702: tcs3701: stop power rail pending_off timer
11-26 16:45:00.529  1011  1189 D ASH     : @ 360352.702: tcs3701: start power rail timer, state:3
11-26 16:45:00.569  1011  1189 I ASH     : @ 360352.742: tcs3701: stop power rail pending_off timer
11-26 16:45:00.569  1011  1189 D ASH     : @ 360352.742: tcs3701: start power rail timer, state:3
11-26 16:45:00.587  8427  8469 I BatteryMgr:DataCollectionService: stats => 1701013500587,213318,4445,215454,4169000,100
11-26 16:45:00.609  1011  1189 I ASH     : @ 360352.782: tcs3701: stop power rail pending_off timer
11-26 16:45:00.609  1011  1189 D ASH     : @ 360352.782: tcs3701: start power rail timer, state:3
11-26 16:45:00.650  1011  1189 I ASH     : @ 360352.822: tcs3701: stop power rail pending_off timer
11-26 16:45:00.650  1011  1189 D ASH     : @ 360352.822: tcs3701: start power rail timer, state:3
11-26 16:45:00.685  1795  1854 D ActivityManager: freezer override set to true
11-26 16:45:00.689  1011  1189 I ASH     : @ 360352.862: tcs3701: stop power rail pending_off timer
11-26 16:45:00.689  1011  1189 D ASH     : @ 360352.862: tcs3701: start power rail timer, state:3
11-26 16:45:00.690  1795  1854 D ActivityManager: freezer override set to false
11-26 16:45:00.693  8427  8469 I BatteryMgr:DataCollectionService: stats => 1701013500693,209045,4445,215454,4169000,100
11-26 16:45:00.729  1011  1189 I ASH     : @ 360352.902: tcs3701: stop power rail pending_off timer
11-26 16:45:00.729  1011  1189 D ASH     : @ 360352.902: tcs3701: start power rail timer, state:3
11-26 16:45:00.770  1011  1189 I ASH     : @ 360352.942: tcs3701: stop power rail pending_off timer
11-26 16:45:00.770  1011  1189 D ASH     : @ 360352.942: tcs3701: start power rail timer, state:3
11-26 16:45:00.800  8427  8469 I BatteryMgr:DataCollectionService: stats => 1701013500799,212097,4445,215454,4169000,100
11-26 16:45:00.809  1011  1189 I ASH     : @ 360352.982: tcs3701: stop power rail pending_off timer
11-26 16:45:00.809  1011  1189 D ASH     : @ 360352.982: tcs3701: start power rail timer, state:3
11-26 16:45:00.849  1011  1189 I ASH     : @ 360353.022: tcs3701: stop power rail pending_off timer
11-26 16:45:00.849  1011  1189 D ASH     : @ 360353.022: tcs3701: start power rail timer, state:3
11-26 16:45:00.889  1011  1189 I ASH     : @ 360353.062: tcs3701: stop power rail pending_off timer
11-26 16:45:00.889  1011  1189 D ASH     : @ 360353.062: tcs3701: start power rail timer, state:3
11-26 16:45:00.904  8427  8469 I BatteryMgr:DataCollectionService: stats => 1701013500904,212402,4445,215454,4169000,100
11-26 16:45:00.929  1011  1189 I ASH     : @ 360353.102: tcs3701: stop power rail pending_off timer
11-26 16:45:00.929  1011  1189 D ASH     : @ 360353.102: tcs3701: start power rail timer, state:3
11-26 16:45:00.969  1011  1189 I ASH     : @ 360353.142: tcs3701: stop power rail pending_off timer
11-26 16:45:00.969  1011  1189 D ASH     : @ 360353.142: tcs3701: start power rail timer, state:3
11-26 16:45:01.010  1011  1189 I ASH     : @ 360353.182: tcs3701: stop power rail pending_off timer
11-26 16:45:01.010  1011  1189 D ASH     : @ 360353.182: tcs3701: start power rail timer, state:3
11-26 16:45:01.010  8427  8469 I BatteryMgr:DataCollectionService: stats => 1701013501010,213623,4445,215454,4169000,100
11-26 16:45:01.049  1011  1189 I ASH     : @ 360353.222: tcs3701: stop power rail pending_off timer
11-26 16:45:01.049  1011  1189 D ASH     : @ 360353.222: tcs3701: start power rail timer, state:3
11-26 16:45:01.089  1011  1189 I ASH     : @ 360353.262: tcs3701: stop power rail pending_off timer
11-26 16:45:01.089  1011  1189 D ASH     : @ 360353.262: tcs3701: start power rail timer, state:3
11-26 16:45:01.116  8427  8469 I BatteryMgr:DataCollectionService: stats => 1701013501116,214843,4445,215454,4169000,100
11-26 16:45:01.129  1011  1189 I ASH     : @ 360353.302: tcs3701: stop power rail pending_off timer
11-26 16:45:01.130  1011  1189 D ASH     : @ 360353.302: tcs3701: start power rail timer, state:3
11-26 16:45:01.169  1011  1189 I ASH     : @ 360353.342: tcs3701: stop power rail pending_off timer
11-26 16:45:01.169  1011  1189 D ASH     : @ 360353.342: tcs3701: start power rail timer, state:3
11-26 16:45:01.209  1011  1189 I ASH     : @ 360353.382: tcs3701: stop power rail pending_off timer
11-26 16:45:01.209  1011  1189 D ASH     : @ 360353.382: tcs3701: start power rail timer, state:3
11-26 16:45:01.221  8427  8469 I BatteryMgr:DataCollectionService: stats => 1701013501221,210876,4445,215454,4169000,100
11-26 16:45:01.249  1011  1189 I ASH     : @ 360353.422: tcs3701: stop power rail pending_off timer
11-26 16:45:01.249  1011  1189 D ASH     : @ 360353.422: tcs3701: start power rail timer, state:3
11-26 16:45:01.289  1011  1189 I ASH     : @ 360353.462: tcs3701: stop power rail pending_off timer
11-26 16:45:01.289  1011  1189 D ASH     : @ 360353.462: tcs3701: start power rail timer, state:3
11-26 16:45:01.327  8427  8469 I BatteryMgr:DataCollectionService: stats => 1701013501327,221557,4445,215454,4169000,100
11-26 16:45:01.329  1011  1189 I ASH     : @ 360353.502: tcs3701: stop power rail pending_off timer
11-26 16:45:01.330  1011  1189 D ASH     : @ 360353.502: tcs3701: start power rail timer, state:3
11-26 16:45:01.369  1011  1189 I ASH     : @ 360353.542: tcs3701: stop power rail pending_off timer
11-26 16:45:01.369  1011  1189 D ASH     : @ 360353.542: tcs3701: start power rail timer, state:3
11-26 16:45:01.409  1011  1189 I ASH     : @ 360353.582: tcs3701: stop power rail pending_off timer
11-26 16:45:01.409  1011  1189 D ASH     : @ 360353.582: tcs3701: start power rail timer, state:3
11-26 16:45:01.432  8427  8469 I BatteryMgr:DataCollectionService: stats => 1701013501432,225525,4445,215454,4169000,100
11-26 16:45:01.451  1011  1189 I ASH     : @ 360353.622: tcs3701: stop power rail pending_off timer
11-26 16:45:01.451  1011  1189 D ASH     : @ 360353.622: tcs3701: start power rail timer, state:3
11-26 16:45:01.489  1011  1189 I ASH     : @ 360353.662: tcs3701: stop power rail pending_off timer
11-26 16:45:01.489  1011  1189 D ASH     : @ 360353.662: tcs3701: start power rail timer, state:3
11-26 16:45:01.528  1795  3745 D ActivityManager: freezer override set to true
11-26 16:45:01.529  1011  1189 I ASH     : @ 360353.702: tcs3701: stop power rail pending_off timer
11-26 16:45:01.529  1011  1189 D ASH     : @ 360353.702: tcs3701: start power rail timer, state:3
11-26 16:45:01.539  8427  8469 I BatteryMgr:DataCollectionService: stats => 1701013501539,215149,4445,215454,4169000,100
11-26 16:45:01.569  1011  1189 I ASH     : @ 360353.742: tcs3701: stop power rail pending_off timer
11-26 16:45:01.569  1011  1189 D ASH     : @ 360353.742: tcs3701: start power rail timer, state:3
11-26 16:45:01.609  1011  1189 I ASH     : @ 360353.782: tcs3701: stop power rail pending_off timer
11-26 16:45:01.609  1011  1189 D ASH     : @ 360353.782: tcs3701: start power rail timer, state:3
11-26 16:45:01.621 25388 25404 I m.chrome.canary: Explicit concurrent copying GC freed 3818(192KB) AllocSpace objects, 4(80KB) LOS objects, 75% free, 13MB/54MB, paused 28us,22us total 56.268ms
11-26 16:45:01.646  8427  8469 I BatteryMgr:DataCollectionService: stats => 1701013501646,213012,4445,215454,4169000,100
11-26 16:45:01.649  1011  1189 I ASH     : @ 360353.822: tcs3701: stop power rail pending_off timer
11-26 16:45:01.649  1011  1189 D ASH     : @ 360353.822: tcs3701: start power rail timer, state:3
11-26 16:45:01.679  1795  3745 D ActivityManager: freezer override set to false
11-26 16:45:01.689  1011  1189 I ASH     : @ 360353.862: tcs3701: stop power rail pending_off timer
11-26 16:45:01.689  1011  1189 D ASH     : @ 360353.862: tcs3701: start power rail timer, state:3
11-26 16:45:01.694  1795  3745 D ActivityManager: freezer override set to true
11-26 16:45:01.700  1795  3745 D ActivityManager: freezer override set to false
11-26 16:45:01.718  1795  3745 D ActivityManager: freezer override set to true
11-26 16:45:01.720  1795  3745 D ActivityManager: freezer override set to false
11-26 16:45:01.729  1011  1189 I ASH     : @ 360353.902: tcs3701: stop power rail pending_off timer
11-26 16:45:01.729  1011  1189 D ASH     : @ 360353.902: tcs3701: start power rail timer, state:3
11-26 16:45:01.748  1795  3745 D ActivityManager: freezer override set to true
11-26 16:45:01.752  1795  3745 D ActivityManager: freezer override set to false
11-26 16:45:01.755  8427  8469 I BatteryMgr:DataCollectionService: stats => 1701013501755,212402,4445,215454,4169000,100
11-26 16:45:01.769  1011  1189 I ASH     : @ 360353.942: tcs3701: stop power rail pending_off timer
11-26 16:45:01.769  1011  1189 D ASH     : @ 360353.942: tcs3701: start power rail timer, state:3
11-26 16:45:01.809  1011  1189 I ASH     : @ 360353.982: tcs3701: stop power rail pending_off timer
11-26 16:45:01.809  1011  1189 D ASH     : @ 360353.982: tcs3701: start power rail timer, state:3
11-26 16:45:01.849  1011  1189 I ASH     : @ 360354.022: tcs3701: stop power rail pending_off timer
11-26 16:45:01.849  1011  1189 D ASH     : @ 360354.022: tcs3701: start power rail timer, state:3
11-26 16:45:01.860  8427  8469 I BatteryMgr:DataCollectionService: stats => 1701013501860,217590,4445,215454,4169000,100
11-26 16:45:01.889  1011  1189 I ASH     : @ 360354.062: tcs3701: stop power rail pending_off timer
11-26 16:45:01.889  1011  1189 D ASH     : @ 360354.062: tcs3701: start power rail timer, state:3
11-26 16:45:01.929  1011  1189 I ASH     : @ 360354.102: tcs3701: stop power rail pending_off timer
11-26 16:45:01.929  1011  1189 D ASH     : @ 360354.102: tcs3701: start power rail timer, state:3
11-26 16:45:01.967  8427  8469 I BatteryMgr:DataCollectionService: stats => 1701013501966,214233,4445,215454,4169000,100
11-26 16:45:01.969  1011  1189 I ASH     : @ 360354.142: tcs3701: stop power rail pending_off timer
11-26 16:45:01.969  1011  1189 D ASH     : @ 360354.142: tcs3701: start power rail timer, state:3
11-26 16:45:02.009  1011  1189 I ASH     : @ 360354.182: tcs3701: stop power rail pending_off timer
11-26 16:45:02.009  1011  1189 D ASH     : @ 360354.182: tcs3701: start power rail timer, state:3
11-26 16:45:02.049  1011  1189 I ASH     : @ 360354.222: tcs3701: stop power rail pending_off timer
11-26 16:45:02.049  1011  1189 D ASH     : @ 360354.222: tcs3701: start power rail timer, state:3
11-26 16:45:02.072  8427  8469 I BatteryMgr:DataCollectionService: stats => 1701013502072,214233,4445,215454,4169000,100
11-26 16:45:02.089  1011  1189 I ASH     : @ 360354.262: tcs3701: stop power rail pending_off timer
11-26 16:45:02.089  1011  1189 D ASH     : @ 360354.262: tcs3701: start power rail timer, state:3
11-26 16:45:02.129  1011  1189 I ASH     : @ 360354.302: tcs3701: stop power rail pending_off timer
11-26 16:45:02.129  1011  1189 D ASH     : @ 360354.302: tcs3701: start power rail timer, state:3
11-26 16:45:02.169  1011  1189 I ASH     : @ 360354.342: tcs3701: stop power rail pending_off timer
11-26 16:45:02.169  1011  1189 D ASH     : @ 360354.342: tcs3701: start power rail timer, state:3
11-26 16:45:02.178  8427  8469 I BatteryMgr:DataCollectionService: stats => 1701013502178,209045,4445,215454,4169000,100
11-26 16:45:02.210  1011  1189 I ASH     : @ 360354.382: tcs3701: stop power rail pending_off timer
11-26 16:45:02.210  1011  1189 D ASH     : @ 360354.382: tcs3701: start power rail timer, state:3
11-26 16:45:02.249  1011  1189 I ASH     : @ 360354.422: tcs3701: stop power rail pending_off timer
11-26 16:45:02.249  1011  1189 D ASH     : @ 360354.422: tcs3701: start power rail timer, state:3
11-26 16:45:02.283  8427  8469 I BatteryMgr:DataCollectionService: stats => 1701013502283,212707,4445,215454,4169000,100
11-26 16:45:02.289  1011  1189 I ASH     : @ 360354.462: tcs3701: stop power rail pending_off timer
11-26 16:45:02.289  1011  1189 D ASH     : @ 360354.462: tcs3701: start power rail timer, state:3
11-26 16:45:02.329  1011  1189 I ASH     : @ 360354.502: tcs3701: stop power rail pending_off timer
11-26 16:45:02.329  1011  1189 D ASH     : @ 360354.502: tcs3701: start power rail timer, state:3
11-26 16:45:02.370  1011  1189 I ASH     : @ 360354.542: tcs3701: stop power rail pending_off timer
11-26 16:45:02.370  1011  1189 D ASH     : @ 360354.542: tcs3701: start power rail timer, state:3
11-26 16:45:02.389  8427  8469 I BatteryMgr:DataCollectionService: stats => 1701013502389,205078,4445,215454,4169000,100
11-26 16:45:02.410  1011  1189 I ASH     : @ 360354.582: tcs3701: stop power rail pending_off timer
11-26 16:45:02.410  1011  1189 D ASH     : @ 360354.582: tcs3701: start power rail timer, state:3
11-26 16:45:02.449  1011  1189 I ASH     : @ 360354.622: tcs3701: stop power rail pending_off timer
11-26 16:45:02.449  1011  1189 D ASH     : @ 360354.622: tcs3701: start power rail timer, state:3
11-26 16:45:02.489  1011  1189 I ASH     : @ 360354.662: tcs3701: stop power rail pending_off timer
11-26 16:45:02.489  1011  1189 D ASH     : @ 360354.662: tcs3701: start power rail timer, state:3
11-26 16:45:02.495  8427  8469 I BatteryMgr:DataCollectionService: stats => 1701013502495,210876,4445,215454,4169000,100
11-26 16:45:02.529  1011  1189 I ASH     : @ 360354.702: tcs3701: stop power rail pending_off timer
11-26 16:45:02.529  1011  1189 D ASH     : @ 360354.702: tcs3701: start power rail timer, state:3
11-26 16:45:02.569  1011  1189 I ASH     : @ 360354.742: tcs3701: stop power rail pending_off timer
11-26 16:45:02.569  1011  1189 D ASH     : @ 360354.742: tcs3701: start power rail timer, state:3
11-26 16:45:02.600  8427  8469 I BatteryMgr:DataCollectionService: stats => 1701013502600,216674,4445,215454,4169000,100
11-26 16:45:02.609  1011  1189 I ASH     : @ 360354.782: tcs3701: stop power rail pending_off timer
11-26 16:45:02.609  1011  1189 D ASH     : @ 360354.782: tcs3701: start power rail timer, state:3
11-26 16:45:02.649  1011  1189 I ASH     : @ 360354.822: tcs3701: stop power rail pending_off timer
11-26 16:45:02.649  1011  1189 D ASH     : @ 360354.822: tcs3701: start power rail timer, state:3
11-26 16:45:02.689  1011  1189 I ASH     : @ 360354.862: tcs3701: stop power rail pending_off timer
11-26 16:45:02.689  1011  1189 D ASH     : @ 360354.862: tcs3701: start power rail timer, state:3
11-26 16:45:02.698  1795  3745 D ActivityManager: freezer override set to true
11-26 16:45:02.703  1795  3745 D ActivityManager: freezer override set to false
11-26 16:45:02.707  8427  8469 I BatteryMgr:DataCollectionService: stats => 1701013502707,213318,4445,215454,4169000,100
11-26 16:45:02.729  1011  1189 I ASH     : @ 360354.902: tcs3701: stop power rail pending_off timer
11-26 16:45:02.729  1011  1189 D ASH     : @ 360354.902: tcs3701: start power rail timer, state:3
11-26 16:45:02.769  1011  1189 I ASH     : @ 360354.942: tcs3701: stop power rail pending_off timer
11-26 16:45:02.769  1011  1189 D ASH     : @ 360354.942: tcs3701: start power rail timer, state:3
11-26 16:45:02.809  1011  1189 I ASH     : @ 360354.982: tcs3701: stop power rail pending_off timer
11-26 16:45:02.809  1011  1189 D ASH     : @ 360354.982: tcs3701: start power rail timer, state:3
11-26 16:45:02.815  8427  8469 I BatteryMgr:DataCollectionService: stats => 1701013502815,208130,4445,215454,4169000,100
11-26 16:45:02.849  1011  1189 I ASH     : @ 360355.022: tcs3701: stop power rail pending_off timer
11-26 16:45:02.849  1011  1189 D ASH     : @ 360355.022: tcs3701: start power rail timer, state:3
11-26 16:45:02.879  1795  1854 D ActivityManager: freezer override set to true
11-26 16:45:02.889  1011  1189 I ASH     : @ 360355.062: tcs3701: stop power rail pending_off timer
11-26 16:45:02.889  1011  1189 D ASH     : @ 360355.062: tcs3701: start power rail timer, state:3
11-26 16:45:02.920  8427  8469 I BatteryMgr:DataCollectionService: stats => 1701013502919,220642,4445,215454,4169000,100
11-26 16:45:02.929  1011  1189 I ASH     : @ 360355.102: tcs3701: stop power rail pending_off timer
11-26 16:45:02.929  1011  1189 D ASH     : @ 360355.102: tcs3701: start power rail timer, state:3
11-26 16:45:02.969  1011  1189 I ASH     : @ 360355.142: tcs3701: stop power rail pending_off timer
11-26 16:45:02.969  1011  1189 D ASH     : @ 360355.142: tcs3701: start power rail timer, state:3
11-26 16:45:02.973 25388 25404 I m.chrome.canary: Explicit concurrent copying GC freed 4047(207KB) AllocSpace objects, 5(100KB) LOS objects, 74% free, 13MB/54MB, paused 66us,23us total 57.397ms
11-26 16:45:03.009  1011  1189 I ASH     : @ 360355.182: tcs3701: stop power rail pending_off timer
11-26 16:45:03.009  1011  1189 D ASH     : @ 360355.182: tcs3701: start power rail timer, state:3
11-26 16:45:03.027  8427  8469 I BatteryMgr:DataCollectionService: stats => 1701013503027,222778,4445,215454,4169000,100
11-26 16:45:03.032  1795  1854 D ActivityManager: freezer override set to false
11-26 16:45:03.049  1011  1189 I ASH     : @ 360355.222: tcs3701: stop power rail pending_off timer
11-26 16:45:03.049  1011  1189 D ASH     : @ 360355.222: tcs3701: start power rail timer, state:3
11-26 16:45:03.063  1795  1854 D ActivityManager: freezer override set to true
11-26 16:45:03.068  1795  1854 D ActivityManager: freezer override set to false
11-26 16:45:03.089  1011  1189 I ASH     : @ 360355.262: tcs3701: stop power rail pending_off timer
11-26 16:45:03.089  1011  1189 D ASH     : @ 360355.262: tcs3701: start power rail timer, state:3
11-26 16:45:03.109  1795  1854 D ActivityManager: freezer override set to true
11-26 16:45:03.111  1795  1854 D ActivityManager: freezer override set to false
11-26 16:45:03.129  1011  1189 I ASH     : @ 360355.302: tcs3701: stop power rail pending_off timer
11-26 16:45:03.129  1011  1189 D ASH     : @ 360355.302: tcs3701: start power rail timer, state:3
11-26 16:45:03.135  8427  8469 I BatteryMgr:DataCollectionService: stats => 1701013503135,217285,4445,215454,4169000,100
11-26 16:45:03.157  1795  2424 D WifiClientModeImpl[13802:wlan0]: updateLinkLayerStatsRssiSpeedFrequencyCapabilities rssi=-48 TxLinkspeed=866 freq=5240 RxLinkSpeed=866
11-26 16:45:03.158  1795  2424 D WifiDataStall: tx tput in kbps: 713435
11-26 16:45:03.158  1795  2424 D WifiDataStall: rx tput in kbps: 750984
11-26 16:45:03.158  1795  2424 V WifiConfigManager: Updating scan detail cache freq=5240 BSSID=f4:6d:2f:12:cc:88 RSSI=-46 for "ourhome"WPA_PSK
11-26 16:45:03.158  2782  5906 D QCNEJ/WlanStaInfoRelay: Received action: android.net.wifi.RSSI_CHANGED
11-26 16:45:03.159  1795  2424 D WifiChannelUtilization:  freq: 5240 onTime: 9682504 busyTime: 861220 onTimeDiff: 34648 busyTimeDiff: 4734 utilization: 34 utilization t0: 22
11-26 16:45:03.159  1795  2424 D WifiDataStall:  ccaLevel = 34
11-26 16:45:03.159  1795  2424 D WifiDataStall: L2 txTputKbps: 713435, rxTputKbps: 750984, L3 txTputKbps: 0, rxTputKbps: 0, TxTrafficHigh: false, RxTrafficHigh: false, Throughput Sufficient: true
11-26 16:45:03.159  1795  2424 D WifiScoreReport: Wifi scoring disabled - Don't check IP layer
11-26 16:45:03.159  2673  2691 V WifiManager: OnWifiUsabilityStatsListener: onWifiUsabilityStats: seqNum=90974
11-26 16:45:03.159  1795  2424 D WifiScoreCard: BSSID update SIGNAL_POLL ID: 1320464697 SSID: "ourhome", BSSID: f4:6d:2f:12:cc:88, MAC: b2:2f:ec:da:4a:0c, IP: /192.168.1.104, Security type: 2, Supplicant state: COMPLETED, Wi-Fi standard: 5, RSSI: -48, Link speed: 866Mbps, Tx Link speed: 866Mbps, Max Supported Tx Link speed: 866Mbps, Rx Link speed: 866Mbps, Max Supported Rx Link speed: 866Mbps, Frequency: 5240MHz, Net ID: 12, Metered hint: false, score: 60, isUsable: true, CarrierMerged: false, SubscriptionId: -1, IsPrimary: 1, Trusted: true, Restricted: false, Ephemeral: false, OEM paid: false, OEM private: false, OSU AP: false, FQDN: <none>, Provider friendly name: <none>, Requesting package name: <none>"ourhome"wpa2-pskMLO Information: , Is TID-To-Link negotiation supported by the AP: false, AP MLD Address: <none>, AP MLO Link Id: <none>, AP MLO Affiliated links: <none>
11-26 16:45:03.159  1795  2424 D WifiScoreCard: txRate: 1 txSpeed: 866
11-26 16:45:03.159  1795  2424 D WifiScoreCard: network update SIGNAL_POLL "ourhome" ID: 1499892569 RSSI -48 txSpeed -1
11-26 16:45:03.159  1795  2424 D WifiClientModeImpl[13802:wlan0]:  ClientModeImpl$L2ConnectedState screen=on 37 0 "ourhome" f4:6d:2f:12:cc:88 rssi=-48 f=5240 sc=60 link=866 tx=0.0, 0.0, 0.0 rx=0.0 bcn=3405191 [on:0 tx:0 rx:0 period:3011] from screen [on:46523 period:1068445] score=60
11-26 16:45:03.160  1795  1854 I WifiService: updateWifiUsabilityScore uid=10180 seqNum=90974 score=100 predictionHorizonSec=1441795
11-26 16:45:03.160  1795  2424 D WifiScoreReport: Wifi scoring disabled - Notify that Wifi is usable
11-26 16:45:03.163  1795  2432 D ConnectivityService: NetReassign [no changes] [c 0] [a 0] [i 3]
11-26 16:45:03.169  1011  1189 I ASH     : @ 360355.342: tcs3701: stop power rail pending_off timer
11-26 16:45:03.169  1011  1189 D ASH     : @ 360355.342: tcs3701: start power rail timer, state:3
11-26 16:45:03.209  1011  1189 I ASH     : @ 360355.382: tcs3701: stop power rail pending_off timer
11-26 16:45:03.209  1011  1189 D ASH     : @ 360355.382: tcs3701: start power rail timer, state:3
11-26 16:45:03.240  8427  8469 I BatteryMgr:DataCollectionService: stats => 1701013503240,209655,4445,215454,4169000,100
11-26 16:45:03.249  1011  1189 I ASH     : @ 360355.422: tcs3701: stop power rail pending_off timer
11-26 16:45:03.249  1011  1189 D ASH     : @ 360355.422: tcs3701: start power rail timer, state:3
11-26 16:45:03.289  1011  1189 I ASH     : @ 360355.462: tcs3701: stop power rail pending_off timer
11-26 16:45:03.289  1011  1189 D ASH     : @ 360355.462: tcs3701: start power rail timer, state:3
11-26 16:45:03.329  1011  1189 I ASH     : @ 360355.502: tcs3701: stop power rail pending_off timer
11-26 16:45:03.329  1011  1189 D ASH     : @ 360355.502: tcs3701: start power rail timer, state:3
11-26 16:45:03.347  8427  8469 I BatteryMgr:DataCollectionService: stats => 1701013503347,209045,4445,215454,4169000,100
11-26 16:45:03.369  1011  1189 I ASH     : @ 360355.542: tcs3701: stop power rail pending_off timer
11-26 16:45:03.369  1011  1189 D ASH     : @ 360355.542: tcs3701: start power rail timer, state:3
11-26 16:45:03.409  1011  1189 I ASH     : @ 360355.582: tcs3701: stop power rail pending_off timer
11-26 16:45:03.409  1011  1189 D ASH     : @ 360355.582: tcs3701: start power rail timer, state:3
11-26 16:45:03.449  1011  1189 I ASH     : @ 360355.622: tcs3701: stop power rail pending_off timer
11-26 16:45:03.449  1011  1189 D ASH     : @ 360355.622: tcs3701: start power rail timer, state:3
11-26 16:45:03.453  8427  8469 I BatteryMgr:DataCollectionService: stats => 1701013503453,212097,4445,215454,4169000,100
11-26 16:45:03.489  1011  1189 I ASH     : @ 360355.662: tcs3701: stop power rail pending_off timer
11-26 16:45:03.490  1011  1189 D ASH     : @ 360355.662: tcs3701: start power rail timer, state:3
11-26 16:45:03.529  1011  1189 I ASH     : @ 360355.702: tcs3701: stop power rail pending_off timer
11-26 16:45:03.530  1011  1189 D ASH     : @ 360355.702: tcs3701: start power rail timer, state:3
11-26 16:45:03.560  8427  8469 I BatteryMgr:DataCollectionService: stats => 1701013503560,206604,4445,215454,4169000,100
11-26 16:45:03.569  1011  1189 I ASH     : @ 360355.742: tcs3701: stop power rail pending_off timer
11-26 16:45:03.569  1011  1189 D ASH     : @ 360355.742: tcs3701: start power rail timer, state:3
11-26 16:45:03.609  1011  1189 I ASH     : @ 360355.782: tcs3701: stop power rail pending_off timer
11-26 16:45:03.609  1011  1189 D ASH     : @ 360355.782: tcs3701: start power rail timer, state:3
11-26 16:45:03.649  1011  1189 I ASH     : @ 360355.822: tcs3701: stop power rail pending_off timer
11-26 16:45:03.649  1011  1189 D ASH     : @ 360355.822: tcs3701: start power rail timer, state:3
11-26 16:45:03.665  8427  8469 I BatteryMgr:DataCollectionService: stats => 1701013503665,213928,4445,215454,4169000,100
11-26 16:45:03.689  1011  1189 I ASH     : @ 360355.862: tcs3701: stop power rail pending_off timer
11-26 16:45:03.689  1011  1189 D ASH     : @ 360355.862: tcs3701: start power rail timer, state:3
11-26 16:45:03.692  1795  3745 D ActivityManager: freezer override set to true
11-26 16:45:03.696  1795  3745 D ActivityManager: freezer override set to false
11-26 16:45:03.731  1011  1189 I ASH     : @ 360355.902: tcs3701: stop power rail pending_off timer
11-26 16:45:03.731  1011  1189 D ASH     : @ 360355.902: tcs3701: start power rail timer, state:3
11-26 16:45:03.769  1011  1189 I ASH     : @ 360355.942: tcs3701: stop power rail pending_off timer
11-26 16:45:03.769  1011  1189 D ASH     : @ 360355.942: tcs3701: start power rail timer, state:3
11-26 16:45:03.771  8427  8469 I BatteryMgr:DataCollectionService: stats => 1701013503771,213012,4445,215454,4169000,100
11-26 16:45:03.809  1011  1189 I ASH     : @ 360355.982: tcs3701: stop power rail pending_off timer
11-26 16:45:03.809  1011  1189 D ASH     : @ 360355.982: tcs3701: start power rail timer, state:3
11-26 16:45:03.849  1011  1189 I ASH     : @ 360356.022: tcs3701: stop power rail pending_off timer
11-26 16:45:03.849  1011  1189 D ASH     : @ 360356.022: tcs3701: start power rail timer, state:3
11-26 16:45:03.876  8427  8469 I BatteryMgr:DataCollectionService: stats => 1701013503876,208130,4445,215454,4169000,100
11-26 16:45:03.890  1011  1189 I ASH     : @ 360356.062: tcs3701: stop power rail pending_off timer
11-26 16:45:03.890  1011  1189 D ASH     : @ 360356.062: tcs3701: start power rail timer, state:3
11-26 16:45:03.929  1011  1189 I ASH     : @ 360356.102: tcs3701: stop power rail pending_off timer
11-26 16:45:03.929  1011  1189 D ASH     : @ 360356.102: tcs3701: start power rail timer, state:3
11-26 16:45:03.969  1011  1189 I ASH     : @ 360356.142: tcs3701: stop power rail pending_off timer
11-26 16:45:03.969  1011  1189 D ASH     : @ 360356.142: tcs3701: start power rail timer, state:3
11-26 16:45:03.984  8427  8469 I BatteryMgr:DataCollectionService: stats => 1701013503984,203857,4445,215454,4169000,100
11-26 16:45:04.009  1011  1189 I ASH     : @ 360356.182: tcs3701: stop power rail pending_off timer
11-26 16:45:04.009  1011  1189 D ASH     : @ 360356.182: tcs3701: start power rail timer, state:3
11-26 16:45:04.049  1011  1189 I ASH     : @ 360356.222: tcs3701: stop power rail pending_off timer
11-26 16:45:04.049  1011  1189 D ASH     : @ 360356.222: tcs3701: start power rail timer, state:3
11-26 16:45:04.089  8427  8469 I BatteryMgr:DataCollectionService: stats => 1701013504089,212707,4445,215454,4169000,100
11-26 16:45:04.090  1011  1189 I ASH     : @ 360356.262: tcs3701: stop power rail pending_off timer
11-26 16:45:04.090  1011  1189 D ASH     : @ 360356.262: tcs3701: start power rail timer, state:3
11-26 16:45:04.129  1011  1189 I ASH     : @ 360356.302: tcs3701: stop power rail pending_off timer
11-26 16:45:04.129  1011  1189 D ASH     : @ 360356.302: tcs3701: start power rail timer, state:3
11-26 16:45:04.169  1011  1189 I ASH     : @ 360356.342: tcs3701: stop power rail pending_off timer
11-26 16:45:04.169  1011  1189 D ASH     : @ 360356.342: tcs3701: start power rail timer, state:3
11-26 16:45:04.196  8427  8469 I BatteryMgr:DataCollectionService: stats => 1701013504196,211792,4445,215454,4169000,100
11-26 16:45:04.209  1011  1189 I ASH     : @ 360356.382: tcs3701: stop power rail pending_off timer
11-26 16:45:04.209  1011  1189 D ASH     : @ 360356.382: tcs3701: start power rail timer, state:3
11-26 16:45:04.236  1795  1854 D ActivityManager: freezer override set to true
11-26 16:45:04.250  1011  1189 I ASH     : @ 360356.422: tcs3701: stop power rail pending_off timer
11-26 16:45:04.250  1011  1189 D ASH     : @ 360356.422: tcs3701: start power rail timer, state:3
11-26 16:45:04.289  1011  1189 I ASH     : @ 360356.462: tcs3701: stop power rail pending_off timer
11-26 16:45:04.289  1011  1189 D ASH     : @ 360356.462: tcs3701: start power rail timer, state:3
11-26 16:45:04.301  8427  8469 I BatteryMgr:DataCollectionService: stats => 1701013504300,214538,4445,215454,4169000,100
11-26 16:45:04.329  1011  1189 I ASH     : @ 360356.502: tcs3701: stop power rail pending_off timer
11-26 16:45:04.329  1011  1189 D ASH     : @ 360356.502: tcs3701: start power rail timer, state:3
11-26 16:45:04.369  1011  1189 I ASH     : @ 360356.542: tcs3701: stop power rail pending_off timer
11-26 16:45:04.369  1011  1189 D ASH     : @ 360356.542: tcs3701: start power rail timer, state:3
11-26 16:45:04.372 25388 25404 I m.chrome.canary: Explicit concurrent copying GC freed 3840(192KB) AllocSpace objects, 4(80KB) LOS objects, 75% free, 13MB/54MB, paused 26us,22us total 49.849ms
11-26 16:45:04.408  8427  8469 I BatteryMgr:DataCollectionService: stats => 1701013504407,215149,4445,215454,4169000,100
11-26 16:45:04.409  1011  1189 I ASH     : @ 360356.582: tcs3701: stop power rail pending_off timer
11-26 16:45:04.409  1011  1189 D ASH     : @ 360356.582: tcs3701: start power rail timer, state:3
11-26 16:45:04.431  1795  1854 D ActivityManager: freezer override set to false
11-26 16:45:04.449  1011  1189 I ASH     : @ 360356.622: tcs3701: stop power rail pending_off timer
11-26 16:45:04.449  1011  1189 D ASH     : @ 360356.622: tcs3701: start power rail timer, state:3
11-26 16:45:04.457  1795  1854 D ActivityManager: freezer override set to true
11-26 16:45:04.460  1795  1854 D ActivityManager: freezer override set to false
11-26 16:45:04.490  1011  1189 I ASH     : @ 360356.662: tcs3701: stop power rail pending_off timer
11-26 16:45:04.490  1011  1189 D ASH     : @ 360356.662: tcs3701: start power rail timer, state:3
11-26 16:45:04.500  1795  1854 D ActivityManager: freezer override set to true
11-26 16:45:04.503  1795  1854 D ActivityManager: freezer override set to false
11-26 16:45:04.513  8427  8469 I BatteryMgr:DataCollectionService: stats => 1701013504513,209045,4445,215454,4169000,100
11-26 16:45:04.529  1011  1189 I ASH     : @ 360356.702: tcs3701: stop power rail pending_off timer
11-26 16:45:04.529  1011  1189 D ASH     : @ 360356.702: tcs3701: start power rail timer, state:3
11-26 16:45:04.569  1011  1189 I ASH     : @ 360356.742: tcs3701: stop power rail pending_off timer
