11-25 19:47:11.447  1795  2432 D ConnectivityService: NetReassign [no changes] [c 0] [a 1] [i 1]
11-25 19:47:11.452  1011  1189 I ASH     : @ 284883.630: tcs3701: stop power rail pending_off timer
11-25 19:47:11.453  1011  1189 D ASH     : @ 284883.631: tcs3701: start power rail timer, state:3
11-25 19:47:11.453 23333 23333 I ActivityThread: Relaunch all activities: onCoreSettingsChange
11-25 19:47:11.454 23333 23333 D CompatibilityChangeReporter: Compat change id reported: 171979766; UID 10010; state: ENABLED
11-25 19:47:11.460 23333 23333 W ziparchive: Unable to open '/data/app/~~xK2KNYhs7Vn18sxJkcMggA==/com.google.android.trichromelibrary.canary_614500033-17M9CAQF6V59_-2q0N8dYA==/base.dm': No such file or directory
11-25 19:47:11.460 23333 23333 W ziparchive: Unable to open '/data/app/~~xK2KNYhs7Vn18sxJkcMggA==/com.google.android.trichromelibrary.canary_614500033-17M9CAQF6V59_-2q0N8dYA==/base.dm': No such file or directory
11-25 19:47:11.461 23333 23333 W ileged_process0: Entry not found
11-25 19:47:11.462 23333 23333 D nativeloader: Configuring clns-4 for other apk /data/app/~~xK2KNYhs7Vn18sxJkcMggA==/com.google.android.trichromelibrary.canary_614500033-17M9CAQF6V59_-2q0N8dYA==/base.apk. target_sdk_version=34, uses_libraries=ALL, library_path=/data/app/~~z5-dMYmQLvS-4mWZ9yqnFA==/com.chrome.canary-7Pcck9f8OWCuqG0lIoq4tg==/lib/arm64:/data/app/~~z5-dMYmQLvS-4mWZ9yqnFA==/com.chrome.canary-7Pcck9f8OWCuqG0lIoq4tg==/base.apk!/lib/arm64-v8a:/data/app/~~xK2KNYhs7Vn18sxJkcMggA==/com.google.android.trichromelibrary.canary_614500033-17M9CAQF6V59_-2q0N8dYA==/base.apk!/lib/arm64-v8a, permitted_path=/data:/mnt/expand:/data/user/0/com.chrome.canary
11-25 19:47:11.466 23330 23330 I ActivityThread: Relaunch all activities: onCoreSettingsChange
11-25 19:47:11.465  3657  3683 D ForegroundUtils: Foreground UID status:
11-25 19:47:11.466  3657  3683 D ForegroundUtils: UID: 10010 is in foreground: true
11-25 19:47:11.466  3657  3683 D ForegroundUtils: UID: 10158 is in foreground: true
11-25 19:47:11.466  3657  3683 D ForegroundUtils: UID: 10189 is in foreground: false
11-25 19:47:11.466  3657  3683 D ForegroundUtils: UID: 10194 is in foreground: true
11-25 19:47:11.466  3657  3683 D ForegroundUtils: UID: 10206 is in foreground: false
11-25 19:47:11.466  3657  3683 D ForegroundUtils: UID: 10233 is in foreground: true
11-25 19:47:11.466  3657  3683 D ForegroundUtils: UID: 10244 is in foreground: true
11-25 19:47:11.466  3657  3683 D ForegroundUtils: UID: 90000 is in foreground: true
11-25 19:47:11.467 23330 23330 D CompatibilityChangeReporter: Compat change id reported: 171979766; UID 90000; state: ENABLED
11-25 19:47:11.468 23333 23333 D nativeloader: Configuring clns-5 for other apk /data/app/~~z5-dMYmQLvS-4mWZ9yqnFA==/com.chrome.canary-7Pcck9f8OWCuqG0lIoq4tg==/base.apk. target_sdk_version=34, uses_libraries=, library_path=/data/app/~~z5-dMYmQLvS-4mWZ9yqnFA==/com.chrome.canary-7Pcck9f8OWCuqG0lIoq4tg==/lib/arm64:/data/app/~~z5-dMYmQLvS-4mWZ9yqnFA==/com.chrome.canary-7Pcck9f8OWCuqG0lIoq4tg==/base.apk!/lib/arm64-v8a:/data/app/~~xK2KNYhs7Vn18sxJkcMggA==/com.google.android.trichromelibrary.canary_614500033-17M9CAQF6V59_-2q0N8dYA==/base.apk!/lib/arm64-v8a, permitted_path=/data:/mnt/expand:/data/user/0/com.chrome.canary
11-25 19:47:11.482 23330 23330 I LoadedApk: No resource references to update in package com.google.android.trichromelibrary.canary
11-25 19:47:11.482 23330 23330 D NetworkSecurityConfig: Using Network Security Config from resource 0_resource_name_obfuscated debugBuild: false
11-25 19:47:11.483 23330 23330 D NetworkSecurityConfig: Using Network Security Config from resource 0_resource_name_obfuscated debugBuild: false
11-25 19:47:11.483 23333 23333 V GraphicsEnvironment: ANGLE Developer option for 'com.chrome.canary' set to: 'default'
11-25 19:47:11.484 23333 23333 V GraphicsEnvironment: ANGLE GameManagerService for com.chrome.canary: false
11-25 19:47:11.484 23333 23333 V GraphicsEnvironment: Updatable production driver is not supported on the device.
11-25 19:47:11.484 23330 23330 I cr_SplitCompatApp: Launched version=121.0.6145.0 minSdkVersion=29 isBundle=true processName=com.chrome.canary:sandboxed_process0:org.chromium.content.app.SandboxedProcessService0:0 isIsolated=true
11-25 19:47:11.486 23333 23333 I LoadedApk: No resource references to update in package com.google.android.trichromelibrary.canary
11-25 19:47:11.486 23333 23333 D NetworkSecurityConfig: Using Network Security Config from resource 0_resource_name_obfuscated debugBuild: false
11-25 19:47:11.486 23333 23333 D NetworkSecurityConfig: Using Network Security Config from resource 0_resource_name_obfuscated debugBuild: false
11-25 19:47:11.487 23333 23333 I cr_SplitCompatApp: Launched version=121.0.6145.0 minSdkVersion=29 isBundle=true processName=com.chrome.canary:privileged_process0 isIsolated=false
11-25 19:47:11.488 23252 23325 W chromium: [WARNING:ev_root_ca_metadata.cc(119)] Not implemented
11-25 19:47:11.488 23252 23325 W chromium: [WARNING:ev_root_ca_metadata.cc(119)] Not implemented
11-25 19:47:11.490 23330 23330 W SystemServiceRegistry: No service published for: uimode
11-25 19:47:11.491  1795  3745 D ConnectivityService: requestNetwork for uid/pid:10010/23252 activeRequest: null callbackRequest: 7642 [NetworkRequest [ REQUEST id=7643, [ Capabilities: INTERNET&NOT_RESTRICTED&TRUSTED&NOT_VCN_MANAGED Uid: 10010 RequestorUid: 10010 RequestorPkg: com.chrome.canary UnderlyingNetworks: Null] ]] callback flags: 0 order: 2147483647
11-25 19:47:11.491  1011  1189 I ASH     : @ 284883.670: tcs3701: stop power rail pending_off timer
11-25 19:47:11.491  1011  1189 D ASH     : @ 284883.671: tcs3701: start power rail timer, state:3
11-25 19:47:11.493 23252 23252 I cr_EnterpriseInfoImpl: #setCacheResult() deviceOwned:false profileOwned:false
11-25 19:47:11.493 23252 23252 I cr_EnterpriseInfo: #getManagedStateForNative() FQ0@6846ae2
11-25 19:47:11.494 23252 23252 I cr_CombinedPProvider: #registerProvider() provider:qN2@bbe8e73 isPolicyCacheEnabled:true policyProvidersSize:0
11-25 19:47:11.494 23252 23252 I cr_PolicyProvider: #setManagerAndSource() 0
11-25 19:47:11.494 23252 23252 I cr_CombinedPProvider: #registerProvider() provider:fj@f7be130 isPolicyCacheEnabled:false policyProvidersSize:1
11-25 19:47:11.494 23252 23252 I cr_PolicyProvider: #setManagerAndSource() 1
11-25 19:47:11.495  1795  2855 D CompatibilityChangeReporter: Compat change id reported: 182734110; UID 10010; state: ENABLED
11-25 19:47:11.495 23252 23252 I cr_AppResProvider: #getApplicationRestrictionsFromUserManager() Bundle[EMPTY_PARCEL]
11-25 19:47:11.495  1795  2424 D WifiNetworkFactory: got request NetworkRequest [ REQUEST id=7643, [ Capabilities: INTERNET&NOT_RESTRICTED&TRUSTED&NOT_VCN_MANAGED Uid: 10010 RequestorUid: 10010 RequestorPkg: com.chrome.canary UnderlyingNetworks: Null] ]
11-25 19:47:11.495 23252 23252 I cr_PolicyProvider: #notifySettingsAvailable() 1
11-25 19:47:11.495 23252 23252 I cr_CombinedPProvider: #onSettingsAvailable() 1
11-25 19:47:11.495  1795  2424 V WifiNetworkFactory: Accepted network request NetworkRequest [ REQUEST id=7643, [ Capabilities: INTERNET&NOT_RESTRICTED&TRUSTED&NOT_VCN_MANAGED Uid: 10010 RequestorUid: 10010 RequestorPkg: com.chrome.canary UnderlyingNetworks: Null] ]
11-25 19:47:11.496  1795  2855 D CompatibilityChangeReporter: Compat change id reported: 149924527; UID 10010; state: ENABLED
11-25 19:47:11.496 23330 23330 I cr_ChildProcessService: Creating new ChildProcessService pid=23330
11-25 19:47:11.496  1795  2432 D ConnectivityService: NetReassign [7643 : null → 100] [c 0] [a 0] [i 4]
11-25 19:47:11.496  1795  2855 D CompatibilityChangeReporter: Compat change id reported: 132649864; UID 10010; state: DISABLED
11-25 19:47:11.496 23252 23252 I cr_CompositorSurfaceMgr: Transitioning to surface with format: -1
11-25 19:47:11.498 23252 23252 I cr_CompositorSurfaceMgr: surfaceCreated format: 0
11-25 19:47:11.499  1795  2432 D ConnectivityService: NetReassign [no changes] [c 0] [a 0] [i 3]
11-25 19:47:11.499  1795  2424 D UntrustedWifiNetworkFactory: got request NetworkRequest [ REQUEST id=7643, [ Capabilities: INTERNET&NOT_RESTRICTED&TRUSTED&NOT_VCN_MANAGED Uid: 10010 RequestorUid: 10010 RequestorPkg: com.chrome.canary UnderlyingNetworks: Null] ]
11-25 19:47:11.499  1795  2424 D OemPaidWifiNetworkFactory: got request NetworkRequest [ REQUEST id=7643, [ Capabilities: INTERNET&NOT_RESTRICTED&TRUSTED&NOT_VCN_MANAGED Uid: 10010 RequestorUid: 10010 RequestorPkg: com.chrome.canary UnderlyingNetworks: Null] ]
11-25 19:47:11.499  1795  2424 D MultiInternetWifiNetworkFactory: got request NetworkRequest [ REQUEST id=7643, [ Capabilities: INTERNET&NOT_RESTRICTED&TRUSTED&NOT_VCN_MANAGED Uid: 10010 RequestorUid: 10010 RequestorPkg: com.chrome.canary UnderlyingNetworks: Null] ]
11-25 19:47:11.502 23252 23252 W m.chrome.canary: Accessing hidden method Landroid/telephony/TelephonyManager;->getSubscriberInfoService()Lcom/android/internal/telephony/IPhoneSubInfo; (blocked, reflection, denied)
11-25 19:47:11.502 23252 23252 W m.chrome.canary: Accessing hidden method Landroid/telephony/TelephonyManager;->getSubscriberInfoService()Lcom/android/internal/telephony/IPhoneSubInfo; (blocked, reflection, denied)
11-25 19:47:11.502 23333 23333 I cr_ChildProcessService: Creating new ChildProcessService pid=23333
11-25 19:47:11.502 23252 23252 W m.chrome.canary: Accessing hidden method Landroid/telephony/TelephonyManager;->getSubscriptionService()Lcom/android/internal/telephony/ISub; (blocked, reflection, denied)
11-25 19:47:11.503 23252 23252 W m.chrome.canary: Accessing hidden method Landroid/telephony/TelephonyManager;->getSubscriptionService()Lcom/android/internal/telephony/ISub; (blocked, reflection, denied)
11-25 19:47:11.503 23252 23252 W m.chrome.canary: Accessing hidden method Landroid/telephony/TelephonyManager;->getSmsService()Lcom/android/internal/telephony/ISms; (blocked, reflection, denied)
11-25 19:47:11.503 23252 23252 W m.chrome.canary: Accessing hidden method Landroid/telephony/TelephonyManager;->getSmsService()Lcom/android/internal/telephony/ISms; (blocked, reflection, denied)
11-25 19:47:11.503 23252 23252 W m.chrome.canary: Accessing hidden method Landroid/telephony/TelephonyManager;->getITelephony()Lcom/android/internal/telephony/ITelephony; (max-target-p, reflection, denied)
11-25 19:47:11.503 23252 23252 W m.chrome.canary: Accessing hidden method Landroid/telephony/TelephonyManager;->getITelephony()Lcom/android/internal/telephony/ITelephony; (max-target-p, reflection, denied)
11-25 19:47:11.508 23333 23370 E cr_ChromiumAndroidLinker: ReserveAddressWithHint: Address range starting at 0x6fec052000 was not free to use
11-25 19:47:11.508 23333 23370 I cr_LibraryLoader: Loading monochrome_64 from within /data/app/~~z5-dMYmQLvS-4mWZ9yqnFA==/com.chrome.canary-7Pcck9f8OWCuqG0lIoq4tg==/base.apk
11-25 19:47:11.508 23333 23370 I cr_Linker: loadLibraryImplLocked: monochrome_64, relroMode=2
11-25 19:47:11.513 23333 23370 E cr_ChromiumAndroidLinker: RelroIsIdentical: Incoming RELRO size does not match RELRO of the loaded library
11-25 19:47:11.513 23333 23370 E cr_ChromiumAndroidLinker: CompareRelroAndReplaceItBy: RELRO is not identical
11-25 19:47:11.515 23333 23370 I cr_LibraryLoader: Successfully loaded native library
11-25 19:47:11.515 23333 23370 I cr_CachingUmaRecorder: Flushed 4 samples from 4 histograms, 0 samples were dropped.
11-25 19:47:11.516 23252 23252 I cr_ChromeTabbedActivity: #initializeState
11-25 19:47:11.519 23333 23370 I AdrenoGLES-0: QUALCOMM build                   : 4783c89, I46ff5fc46f
11-25 19:47:11.519 23333 23370 I AdrenoGLES-0: Build Date                       : 11/30/20
11-25 19:47:11.519 23333 23370 I AdrenoGLES-0: OpenGL ES Shader Compiler Version: EV031.31.04.01
11-25 19:47:11.519 23333 23370 I AdrenoGLES-0: Local Branch                     : QPR2
11-25 19:47:11.519 23333 23370 I AdrenoGLES-0: Remote Branch                    : 
11-25 19:47:11.519 23333 23370 I AdrenoGLES-0: Remote Branch                    : 
11-25 19:47:11.519 23333 23370 I AdrenoGLES-0: Reconstruct Branch               : 
11-25 19:47:11.519 23333 23370 I AdrenoGLES-0: Build Config                     : S P 10.0.4 AArch64
11-25 19:47:11.519 23333 23370 I AdrenoGLES-0: Driver Path                      : /vendor/lib64/egl/libGLESv2_adreno.so
11-25 19:47:11.522 23333 23370 I AdrenoGLES-0: PFP: 0x016dd093, ME: 0x00000000
11-25 19:47:11.523 23333 23370 W AdrenoUtils: <ReadGpuID_from_sysfs:197>: Failed to open /sys/class/kgsl/kgsl-3d0/gpu_model
11-25 19:47:11.523 23333 23370 W AdrenoUtils: <ReadGpuID:221>: Failed to read chip ID from gpu_model. Fallback to use the GSL path
11-25 19:47:11.531  1011  1189 I ASH     : @ 284883.710: tcs3701: stop power rail pending_off timer
11-25 19:47:11.532  1011  1189 D ASH     : @ 284883.711: tcs3701: start power rail timer, state:3
11-25 19:47:11.549 23252 23252 E m.chrome.canary: Invalid ID 0x00000000.
11-25 19:47:11.562 23333 23370 D vulkan  : searching for layers in '/data/app/~~z5-dMYmQLvS-4mWZ9yqnFA==/com.chrome.canary-7Pcck9f8OWCuqG0lIoq4tg==/lib/arm64'
11-25 19:47:11.562 23333 23370 D vulkan  : searching for layers in '/data/app/~~z5-dMYmQLvS-4mWZ9yqnFA==/com.chrome.canary-7Pcck9f8OWCuqG0lIoq4tg==/base.apk!/lib/arm64-v8a'
11-25 19:47:11.562 23333 23370 D vulkan  : searching for layers in '/data/app/~~xK2KNYhs7Vn18sxJkcMggA==/com.google.android.trichromelibrary.canary_614500033-17M9CAQF6V59_-2q0N8dYA==/base.apk!/lib/arm64-v8a'
11-25 19:47:11.565 23333 23370 I AdrenoVK-0: ===== BEGIN DUMP OF OVERRIDDEN SETTINGS =====
11-25 19:47:11.565 23333 23370 I AdrenoVK-0: ===== END DUMP OF OVERRIDDEN SETTINGS =====
11-25 19:47:11.565 23333 23370 I AdrenoVK-0: QUALCOMM build          : 4783c89, I46ff5fc46f
11-25 19:47:11.565 23333 23370 I AdrenoVK-0: Build Date              : 11/30/20
11-25 19:47:11.565 23333 23370 I AdrenoVK-0: Shader Compiler Version : EV031.31.04.01
11-25 19:47:11.565 23333 23370 I AdrenoVK-0: Local Branch            : QPR2
11-25 19:47:11.565 23333 23370 I AdrenoVK-0: Remote Branch           : 
11-25 19:47:11.565 23333 23370 I AdrenoVK-0: Remote Branch           : 
11-25 19:47:11.565 23333 23370 I AdrenoVK-0: Reconstruct Branch      : 
11-25 19:47:11.565 23333 23370 I AdrenoVK-0: Build Config            : S P 10.0.4 AArch64
11-25 19:47:11.565 23333 23370 I AdrenoVK-0: Driver Path             : /vendor/lib64/hw/vulkan.adreno.so
11-25 19:47:11.569 23252 23252 V MediaRouter: Selecting route: RouteInfo{ name=Phone, description=null, status=null, category=RouteCategory{ name=System types=ROUTE_TYPE_LIVE_AUDIO ROUTE_TYPE_LIVE_VIDEO  groupable=false }, supportedTypes=ROUTE_TYPE_LIVE_AUDIO ROUTE_TYPE_LIVE_VIDEO , presentationDisplay=null }
11-25 19:47:11.569 23252 23252 I MediaRouter: Skip setBluetoothA2dpOn(): types=8388615, isPlaybackActive()=false, BT route=null
11-25 19:47:11.570 23252 23252 W m.chrome.canary: Accessing hidden field Landroid/media/MediaRouter;->sStatic:Landroid/media/MediaRouter$Static; (max-target-o, reflection, denied)
11-25 19:47:11.571 23252 23252 I GlobalMediaRouter: Found default route: MediaRouter.RouteInfo{ uniqueId=DEFAULT_ROUTE, name=Phone, description=null, iconUri=null, enabled=true, isSystemRoute=true, connectionState=0, canDisconnect=false, playbackType=0, playbackStream=3, deviceType=0, volumeHandling=1, volume=0, volumeMax=25, presentationDisplayId=-1, extras=null, settingsIntent=null, providerPackageName=android }
11-25 19:47:11.571 23252 23252 I GlobalMediaRouter: Unselecting the current route because it is no longer selectable: null
11-25 19:47:11.571  1011  1189 I ASH     : @ 284883.750: tcs3701: stop power rail pending_off timer
11-25 19:47:11.571  1011  1189 D ASH     : @ 284883.751: tcs3701: start power rail timer, state:3
11-25 19:47:11.580 23252 23327 W cr_media: BLUETOOTH_CONNECT permission is missing.
11-25 19:47:11.581 23252 23327 W cr_media: registerBluetoothIntentsIfNeeded: Requires BLUETOOTH permission
11-25 19:47:11.585 23330 23369 I cr_LibraryLoader: Successfully loaded native library
11-25 19:47:11.588 23330 23369 I cr_CachingUmaRecorder: Flushed 3 samples from 3 histograms, 0 samples were dropped.
11-25 19:47:11.588 23333 23377 W Parcel  : Expecting binder but got null!
11-25 19:47:11.611  1011  1189 I ASH     : @ 284883.790: tcs3701: stop power rail pending_off timer
11-25 19:47:11.611  1011  1189 D ASH     : @ 284883.791: tcs3701: start power rail timer, state:3
11-25 19:47:11.613 23330 23383 E ocessService0:0: Unable to resolve path '/data/app/~~z5-dMYmQLvS-4mWZ9yqnFA==/com.chrome.canary-7Pcck9f8OWCuqG0lIoq4tg==/base.apk': Operation not permitted
11-25 19:47:11.613 23330 23383 E ocessService0:0: Failed to madvise file /data/app/~~z5-dMYmQLvS-4mWZ9yqnFA==/com.chrome.canary-7Pcck9f8OWCuqG0lIoq4tg==/oat/arm64/split_stack_unwinder.odex for size:4096: Operation not permitted
11-25 19:47:11.613 23330 23383 E ocessService0:0: Failed to madvise file /data/app/~~z5-dMYmQLvS-4mWZ9yqnFA==/com.chrome.canary-7Pcck9f8OWCuqG0lIoq4tg==/split_stack_unwinder.apk for size:4096: Operation not permitted
11-25 19:47:11.617 23330 23383 E linker  : readlink("/proc/self/fd/99") failed: Operation not permitted [fd=99]
11-25 19:47:11.617 23330 23383 E linker  : warning: unable to get realpath for the library "/data/app/~~z5-dMYmQLvS-4mWZ9yqnFA==/com.chrome.canary-7Pcck9f8OWCuqG0lIoq4tg==/split_stack_unwinder.apk!/lib/arm64-v8a/libmonochrome_64_stack_unwinder_partition.so". Will use given path.
11-25 19:47:11.634 26837 26943 I FontLog : (REDACTED) Received query %s, URI %s
11-25 19:47:11.634 26837 26943 I FontLog : (REDACTED) Query [%s] resolved to %s
11-25 19:47:11.635 26837 26943 I FontLog : (REDACTED) Font PFD returned from cache for %s
11-25 19:47:11.635 26837 26943 I FontLog : (REDACTED) Fetch %s end status %s
11-25 19:47:11.635 23252 23319 W chromium: [WARNING:ev_root_ca_metadata.cc(119)] Not implemented
11-25 19:47:11.636 26837 26943 I FontLog : (REDACTED) Pulling font file for id = %d, cache size = %d
11-25 19:47:11.638 26837 26943 I FontLog : (REDACTED) Received query %s, URI %s
11-25 19:47:11.638 26837 26943 I FontLog : (REDACTED) Query [%s] resolved to %s
11-25 19:47:11.639 26837 26943 I FontLog : (REDACTED) Fetch %s end status %s
11-25 19:47:11.640 26837 26943 I FontLog : (REDACTED) Pulling font file for id = %d, cache size = %d
11-25 19:47:11.641  3563 23267 D MediaProvider: Open with FUSE. FilePath: /storage/emulated/0/Download/batterymanager-companion-1.0.0.zip. Uid: 10010. Media Capabilities Uid: 0. ShouldRedact: false. ShouldTranscode: false
11-25 19:47:11.641 26837 26943 I FontLog : (REDACTED) Received query %s, URI %s
11-25 19:47:11.641 26837 26943 I FontLog : (REDACTED) Query [%s] resolved to %s
11-25 19:47:11.642 26837 26943 I FontLog : (REDACTED) Font PFD returned from cache for %s
11-25 19:47:11.642 26837 26943 I FontLog : (REDACTED) Fetch %s end status %s
11-25 19:47:11.643 26837 26943 I FontLog : (REDACTED) Pulling font file for id = %d, cache size = %d
11-25 19:47:11.644 26837 26943 I FontLog : (REDACTED) Received query %s, URI %s
11-25 19:47:11.644 26837 26943 I FontLog : (REDACTED) Query [%s] resolved to %s
11-25 19:47:11.645 26837 26943 I FontLog : (REDACTED) Font PFD returned from cache for %s
11-25 19:47:11.645 26837 26943 I FontLog : (REDACTED) Fetch %s end status %s
11-25 19:47:11.647 26837 26943 I FontLog : (REDACTED) Pulling font file for id = %d, cache size = %d
11-25 19:47:11.651  1011  1189 I ASH     : @ 284883.830: tcs3701: stop power rail pending_off timer
11-25 19:47:11.651  1011  1189 D ASH     : @ 284883.831: tcs3701: start power rail timer, state:3
11-25 19:47:11.652 26837 20030 I SQLiteConnectionPool: The connection pool for /data/user/0/com.google.android.gms/databases/metadata.db has been closed but there are still 1 connections in use.  They will be closed as they are released back to the pool.
11-25 19:47:11.653 26837 23391 W FontLog : Error updating last accessed time for {Google Sans, wdth 100.0, wght 500, ital 0.0, bestEffort false}. [CONTEXT service_id=132 ]
11-25 19:47:11.653 26837 23391 W FontLog : java.lang.IllegalStateException: Cannot perform this operation because the connection pool has been closed.
11-25 19:47:11.653 26837 23391 W FontLog : 	at android.database.sqlite.SQLiteConnectionPool.throwIfClosedLocked(SQLiteConnectionPool.java:1078)
11-25 19:47:11.653 26837 23391 W FontLog : 	at android.database.sqlite.SQLiteConnectionPool.waitForConnection(SQLiteConnectionPool.java:771)
11-25 19:47:11.653 26837 23391 W FontLog : 	at android.database.sqlite.SQLiteConnectionPool.acquireConnection(SQLiteConnectionPool.java:387)
11-25 19:47:11.653 26837 23391 W FontLog : 	at android.database.sqlite.SQLiteSession.acquireConnection(SQLiteSession.java:896)
11-25 19:47:11.653 26837 23391 W FontLog : 	at android.database.sqlite.SQLiteSession.prepare(SQLiteSession.java:588)
11-25 19:47:11.653 26837 23391 W FontLog : 	at android.database.sqlite.SQLiteProgram.<init>(SQLiteProgram.java:62)
11-25 19:47:11.653 26837 23391 W FontLog : 	at android.database.sqlite.SQLiteStatement.<init>(SQLiteStatement.java:34)
11-25 19:47:11.653 26837 23391 W FontLog : 	at android.database.sqlite.SQLiteDatabase.executeSql(SQLiteDatabase.java:2086)
11-25 19:47:11.653 26837 23391 W FontLog : 	at android.database.sqlite.SQLiteDatabase.execSQL(SQLiteDatabase.java:2064)
11-25 19:47:11.653 26837 23391 W FontLog : 	at avsh.run(:com.google.android.gms@234414038@23.44.14 (190400-580326705):68)
11-25 19:47:11.653 26837 23391 W FontLog : 	at ajls.c(:com.google.android.gms@234414038@23.44.14 (190400-580326705):50)
11-25 19:47:11.653 26837 23391 W FontLog : 	at ajls.run(:com.google.android.gms@234414038@23.44.14 (190400-580326705):76)
11-25 19:47:11.653 26837 23391 W FontLog : 	at java.util.concurrent.ThreadPoolExecutor.runWorker(ThreadPoolExecutor.java:1145)
11-25 19:47:11.653 26837 23391 W FontLog : 	at java.util.concurrent.ThreadPoolExecutor$Worker.run(ThreadPoolExecutor.java:644)
11-25 19:47:11.653 26837 23391 W FontLog : 	at ajqx.run(:com.google.android.gms@234414038@23.44.14 (190400-580326705):8)
11-25 19:47:11.653 26837 23391 W FontLog : 	at java.lang.Thread.run(Thread.java:1012)
11-25 19:47:11.657  3563 28821 D MediaProvider: Open with FUSE. FilePath: /storage/emulated/0/Download/com.example.batterymanager_utility (1).apk. Uid: 10010. Media Capabilities Uid: 0. ShouldRedact: false. ShouldTranscode: false
11-25 19:47:11.670 23252 23252 I cr_OfflineIndicator: onConnectionTypeChanged 2
11-25 19:47:11.671  3563 28821 D MediaProvider: Open with FUSE. FilePath: /storage/emulated/0/Download/com.example.batterymanager_utility.apk. Uid: 10010. Media Capabilities Uid: 0. ShouldRedact: false. ShouldTranscode: false
11-25 19:47:11.672 23252 23252 I cr_OfflineIndicator: Reported by system: [ Transports: WIFI Capabilities: NOT_METERED&INTERNET&NOT_RESTRICTED&TRUSTED&NOT_VPN&VALIDATED&NOT_ROAMING&FOREGROUND&NOT_CONGESTED&NOT_SUSPENDED&NOT_VCN_MANAGED LinkUpBandwidth>=4485Kbps LinkDnBandwidth>=56847Kbps TransportInfo: <SSID: <unknown ssid>, BSSID: 02:00:00:00:00:00, MAC: 02:00:00:00:00:00, IP: /192.168.1.104, Security type: 2, Supplicant state: COMPLETED, Wi-Fi standard: 5, RSSI: -48, Link speed: 866Mbps, Tx Link speed: 866Mbps, Max Supported Tx Link speed: 866Mbps, Rx Link speed: 866Mbps, Max Supported Rx Link speed: 866Mbps, Frequency: 5240MHz, Net ID: -1, Metered hint: false, score: 60, isUsable: true, CarrierMerged: false, SubscriptionId: -1, IsPrimary: -1, Trusted: true, Restricted: false, Ephemeral: false, OEM paid: false, OEM private: false, OSU AP: false, FQDN: <none>, Provider friendly name: <none>, Requesting package name: <none><none>MLO Information: , Is TID-To-Link negotiation supported by the AP: false, AP MLD Address: <none>, AP MLO Link Id: <none>, AP MLO Affiliated links: <none>> SignalStrength: -48 UnderlyingNetworks: Null]
11-25 19:47:11.672 23252 23252 I cr_OfflineIndicator: setConnectionState connectionState=4
11-25 19:47:11.672 23252 23252 W Settings: Setting airplane_mode_on has moved from android.provider.Settings.System to android.provider.Settings.Global, returning read-only value.
11-25 19:47:11.672  1795  2855 W InputManager-JNI: Input channel object 'ac1a49d Splash Screen com.chrome.canary (client)' was disposed without first being removed with the input manager!
11-25 19:47:11.673 23252 23252 I cr_OfflineDetector: Received connection change state message. mConnectivityDetectorInitialized: true, mTimeWhenLastForegrounded: 284880485, getElapsedTime: 284880487, mTimeWhenLastOfflineNotificationReceived: 0, mTimeWhenLastOnline: 284880487, mTimeWhenAirplaneModeToggledOff: 0 mApplicationState: 1, mIsOfflineLastReportedByConnectivityDetector: false, mInAirplaneMode: false mIsEffectivelyOffline: false
11-25 19:47:11.673 23252 23252 I cr_OfflineDetector: onConnectionStateChanged(): previousLastReportedStateByOfflineDetector: false
11-25 19:47:11.673 23252 23252 I cr_OfflineDetector: Running updateState mConnectivityDetectorInitialized: true, mTimeWhenLastForegrounded: 284880485, getElapsedTime: 284880487, mTimeWhenLastOfflineNotificationReceived: 0, mTimeWhenLastOnline: 284880487, mTimeWhenAirplaneModeToggledOff: 0 mApplicationState: 1, mIsOfflineLastReportedByConnectivityDetector: false, mInAirplaneMode: false mIsEffectivelyOffline: false
11-25 19:47:11.673 23252 23252 I cr_OfflineDetector: updateState(): timeSinceLastForeground: 2, timeSinceOfflineNotificationReceived: 284880487, timeSinceLastOnline: 0, timeNeededForForeground: 1998, timeNeededForOffline: -284878487 timeSinceAirplaneModeToggledOff: 284880487 timeNeededAfterConnectionChangeFromOnlineToOffline: 10000 timeNeededAfterConnectionChangeFromAirplaneToOffline: 0
11-25 19:47:11.673 23252 23252 I cr_OfflineDetector: Running mUpdateOfflineStatusIndicatorDelayedRunnable start. mConnectivityDetectorInitialized: true, mTimeWhenLastForegrounded: 284880485, getElapsedTime: 284880487, mTimeWhenLastOfflineNotificationReceived: 0, mTimeWhenLastOnline: 284880487, mTimeWhenAirplaneModeToggledOff: 0 mApplicationState: 1, mIsOfflineLastReportedByConnectivityDetector: false, mInAirplaneMode: false mIsEffectivelyOffline: false
11-25 19:47:11.673 23252 23252 I cr_OfflineDetector: Running mUpdateOfflineStatusIndicatorDelayedRunnable end. mConnectivityDetectorInitialized: true, mTimeWhenLastForegrounded: 284880485, getElapsedTime: 284880487, mTimeWhenLastOfflineNotificationReceived: 0, mTimeWhenLastOnline: 284880487, mTimeWhenAirplaneModeToggledOff: 0 mApplicationState: 1, mIsOfflineLastReportedByConnectivityDetector: false, mInAirplaneMode: false mIsEffectivelyOffline: false
11-25 19:47:11.673 23252 23252 I cr_OfflineIndicator: processConnectivityCheckResult mConnectionState=4 mConnectivityCheckingStage=1
11-25 19:47:11.681  3875  3875 I dzhj    : onStop
11-25 19:47:11.681  2940  3994 D OneSearchSuggestProvider: Shut down the binder channel
11-25 19:47:11.682  2940 26453 I s.nexuslauncher: oneway function results for code 2 on binder at 0xb4000070951f9ee0 will be dropped but finished with status UNKNOWN_TRANSACTION
11-25 19:47:11.683  3657  3683 D ForegroundUtils: Foreground UID status:
11-25 19:47:11.683  3657  3683 D ForegroundUtils: UID: 10010 is in foreground: true
11-25 19:47:11.683  3657  3683 D ForegroundUtils: UID: 10158 is in foreground: true
11-25 19:47:11.683  3657  3683 D ForegroundUtils: UID: 10189 is in foreground: false
11-25 19:47:11.683  3657  3683 D ForegroundUtils: UID: 10194 is in foreground: true
11-25 19:47:11.683  3657  3683 D ForegroundUtils: UID: 10206 is in foreground: false
11-25 19:47:11.683  3657  3683 D ForegroundUtils: UID: 10233 is in foreground: true
11-25 19:47:11.683  3657  3683 D ForegroundUtils: UID: 10244 is in foreground: false
11-25 19:47:11.683  3657  3683 D ForegroundUtils: UID: 90000 is in foreground: true
11-25 19:47:11.691  1011  1189 I ASH     : @ 284883.870: tcs3701: stop power rail pending_off timer
11-25 19:47:11.691  1011  1189 D ASH     : @ 284883.871: tcs3701: start power rail timer, state:3
11-25 19:47:11.692 23330 23369 I tflite  : Initialized TensorFlow Lite runtime.
11-25 19:47:11.692 23330 23369 W libc    : Access denied finding property "ro.mediatek.platform"
11-25 19:47:11.692 23330 23369 W libc    : Access denied finding property "ro.chipname"
11-25 19:47:11.692 23330 23369 W libc    : Access denied finding property "ro.hardware.chipname"
11-25 19:47:11.698 23333 23378 I AdrenoVK-0: QUALCOMM build          : 4783c89, I46ff5fc46f
11-25 19:47:11.698 23333 23378 I AdrenoVK-0: Build Date              : 11/30/20
11-25 19:47:11.698 23333 23378 I AdrenoVK-0: Shader Compiler Version : EV031.31.04.01
11-25 19:47:11.698 23333 23378 I AdrenoVK-0: Local Branch            : QPR2
11-25 19:47:11.698 23333 23378 I AdrenoVK-0: Remote Branch           : 
11-25 19:47:11.698 23333 23378 I AdrenoVK-0: Remote Branch           : 
11-25 19:47:11.698 23333 23378 I AdrenoVK-0: Reconstruct Branch      : 
11-25 19:47:11.698 23333 23378 I AdrenoVK-0: Build Config            : S P 10.0.4 AArch64
11-25 19:47:11.698 23333 23378 I AdrenoVK-0: Driver Path             : /vendor/lib64/hw/vulkan.adreno.so
11-25 19:47:11.701 23333 23392 W VideoCapabilities: Unrecognized level 1879048707 for video/x-vnd.on2.vp8
11-25 19:47:11.701 23333 23392 W VideoCapabilities: Unrecognized profile 1879048704 for video/x-vnd.on2.vp8
11-25 19:47:11.701 23333 23392 W VideoCapabilities: Unrecognized level 1879048707 for video/x-vnd.on2.vp8
11-25 19:47:11.701 23333 23392 W VideoCapabilities: Unrecognized profile 1879048704 for video/x-vnd.on2.vp8
11-25 19:47:11.704 23333 23392 W VideoCapabilities: Unsupported mime image/vnd.android.heic
11-25 19:47:11.705 23333 23392 W VideoCapabilities: Unrecognized level 1879048707 for video/x-vnd.on2.vp8
11-25 19:47:11.705 23333 23392 W VideoCapabilities: Unrecognized profile 1879048704 for video/x-vnd.on2.vp8
11-25 19:47:11.705 23333 23392 W VideoCapabilities: Unrecognized level 1879048707 for video/x-vnd.on2.vp8
11-25 19:47:11.705 23333 23392 W VideoCapabilities: Unrecognized profile 1879048704 for video/x-vnd.on2.vp8
11-25 19:47:11.712 23333 23392 W cr_VAUtil: Unknown profile: 1879048704 for codec video/x-vnd.on2.vp8
11-25 19:47:11.731  1011  1189 I ASH     : @ 284883.910: tcs3701: stop power rail pending_off timer
11-25 19:47:11.731  1011  1189 D ASH     : @ 284883.911: tcs3701: start power rail timer, state:3
11-25 19:47:11.745   595   595 I servicemanager: Could not find android.hardware.graphics.allocator.IAllocator/default in the VINTF manifest.
11-25 19:47:11.752 23252 23324 W chromium: [WARNING:ev_root_ca_metadata.cc(119)] Not implemented
11-25 19:47:11.772  1011  1189 I ASH     : @ 284883.950: tcs3701: stop power rail pending_off timer
11-25 19:47:11.772  1011  1189 D ASH     : @ 284883.951: tcs3701: start power rail timer, state:3
11-25 19:47:11.774  1795  4166 D ConnectivityService: requestNetwork for uid/pid:10010/23252 activeRequest: null callbackRequest: 7645 [NetworkRequest [ REQUEST id=7646, [ Capabilities: INTERNET&NOT_RESTRICTED&TRUSTED&NOT_VCN_MANAGED Uid: 10010 RequestorUid: 10010 RequestorPkg: com.chrome.canary UnderlyingNetworks: Null] ]] callback flags: 0 order: 2147483647
11-25 19:47:11.776  1795  2432 D ConnectivityService: NetReassign [7646 : null → 100] [c 0] [a 1] [i 0]
11-25 19:47:11.776  1795  2424 D WifiNetworkFactory: got request NetworkRequest [ REQUEST id=7646, [ Capabilities: INTERNET&NOT_RESTRICTED&TRUSTED&NOT_VCN_MANAGED Uid: 10010 RequestorUid: 10010 RequestorPkg: com.chrome.canary UnderlyingNetworks: Null] ]
11-25 19:47:11.776  1795  2424 V WifiNetworkFactory: Accepted network request NetworkRequest [ REQUEST id=7646, [ Capabilities: INTERNET&NOT_RESTRICTED&TRUSTED&NOT_VCN_MANAGED Uid: 10010 RequestorUid: 10010 RequestorPkg: com.chrome.canary UnderlyingNetworks: Null] ]
11-25 19:47:11.776  1795  2424 D UntrustedWifiNetworkFactory: got request NetworkRequest [ REQUEST id=7646, [ Capabilities: INTERNET&NOT_RESTRICTED&TRUSTED&NOT_VCN_MANAGED Uid: 10010 RequestorUid: 10010 RequestorPkg: com.chrome.canary UnderlyingNetworks: Null] ]
11-25 19:47:11.776  1795  2424 D OemPaidWifiNetworkFactory: got request NetworkRequest [ REQUEST id=7646, [ Capabilities: INTERNET&NOT_RESTRICTED&TRUSTED&NOT_VCN_MANAGED Uid: 10010 RequestorUid: 10010 RequestorPkg: com.chrome.canary UnderlyingNetworks: Null] ]
11-25 19:47:11.776  1795  2424 D MultiInternetWifiNetworkFactory: got request NetworkRequest [ REQUEST id=7646, [ Capabilities: INTERNET&NOT_RESTRICTED&TRUSTED&NOT_VCN_MANAGED Uid: 10010 RequestorUid: 10010 RequestorPkg: com.chrome.canary UnderlyingNetworks: Null] ]
11-25 19:47:11.779  3563 28821 D MediaProvider: Open with FUSE. FilePath: /storage/emulated/0/Download/batterymanager-companion-1.0.0.zip. Uid: 10010. Media Capabilities Uid: 0. ShouldRedact: false. ShouldTranscode: false
11-25 19:47:11.783  1795  2432 D ConnectivityService: NetReassign [no changes] [c 0] [a 1] [i 0]
11-25 19:47:11.785  3563 28821 D MediaProvider: Open with FUSE. FilePath: /storage/emulated/0/Download/com.example.batterymanager_utility (1).apk. Uid: 10010. Media Capabilities Uid: 0. ShouldRedact: false. ShouldTranscode: false
11-25 19:47:11.788 23252 23252 I cr_InactivityTracker: Last background time read from the SharedPreference is:-1.
11-25 19:47:11.790 23252 23252 I cr_VideoPersist: Exited picture in picture with reason: 0
11-25 19:47:11.792 23252 23252 I cr_InactivityTracker: Last visible time read from the SharedPreference is:1700937958942.
11-25 19:47:11.799  3563 28821 D MediaProvider: Open with FUSE. FilePath: /storage/emulated/0/Download/com.example.batterymanager_utility.apk. Uid: 10010. Media Capabilities Uid: 0. ShouldRedact: false. ShouldTranscode: false
11-25 19:47:11.811  1011  1189 I ASH     : @ 284883.990: tcs3701: stop power rail pending_off timer
11-25 19:47:11.811  1011  1189 D ASH     : @ 284883.991: tcs3701: start power rail timer, state:3
11-25 19:47:11.813 23252 23252 I cr_PwaRestore: Not showing PWA Restore promo, feature flag is disabled
11-25 19:47:11.821 23252 23252 I cr_InactivityTracker: Last visible time read from the SharedPreference is:1700938031792.
11-25 19:47:11.823 23252 23316 W chromium: [WARNING:ev_root_ca_metadata.cc(119)] Not implemented
11-25 19:47:11.823 23252 23316 W chromium: [WARNING:ev_root_ca_metadata.cc(119)] Not implemented
11-25 19:47:11.828 23252 23324 W chromium: [WARNING:ev_root_ca_metadata.cc(119)] Not implemented
11-25 19:47:11.828 23252 23324 W chromium: [WARNING:ev_root_ca_metadata.cc(119)] Not implemented
11-25 19:47:11.828 23252 23319 W chromium: [WARNING:ev_root_ca_metadata.cc(119)] Not implemented
11-25 19:47:11.828 23252 23325 W chromium: [WARNING:ev_root_ca_metadata.cc(119)] Not implemented
11-25 19:47:11.829 23252 23326 W chromium: [WARNING:ev_root_ca_metadata.cc(119)] Not implemented
11-25 19:47:11.829 23252 23316 W chromium: [WARNING:ev_root_ca_metadata.cc(119)] Not implemented
11-25 19:47:11.829 23252 23316 W chromium: [WARNING:ev_root_ca_metadata.cc(119)] Not implemented
11-25 19:47:11.852  1011  1189 I ASH     : @ 284884.030: tcs3701: stop power rail pending_off timer
11-25 19:47:11.852  1011  1189 D ASH     : @ 284884.031: tcs3701: start power rail timer, state:3
11-25 19:47:11.863 23252 23316 W chromium: [WARNING:ev_root_ca_metadata.cc(119)] Not implemented
11-25 19:47:11.863 23252 23316 W chromium: [WARNING:ev_root_ca_metadata.cc(119)] Not implemented
11-25 19:47:11.891 23252 23252 I Choreographer: Skipped 53 frames!  The application may be doing too much work on its main thread.
11-25 19:47:11.891  1011  1189 I ASH     : @ 284884.070: tcs3701: stop power rail pending_off timer
11-25 19:47:11.891  1011  1189 D ASH     : @ 284884.071: tcs3701: start power rail timer, state:3
11-25 19:47:11.932  1011  1189 I ASH     : @ 284884.110: tcs3701: stop power rail pending_off timer
11-25 19:47:11.932  1011  1189 D ASH     : @ 284884.111: tcs3701: start power rail timer, state:3
11-25 19:47:11.932 23252 23252 I cr_PolicyProvider: #notifySettingsAvailable() 0
11-25 19:47:11.933 23252 23252 I cr_CombinedPProvider: #onSettingsAvailable() 0
11-25 19:47:11.933 23252 23252 I cr_CombinedPProvider: #flushPolicies()
11-25 19:47:11.933 23252 23252 I cr_PolicyService: #onPolicyServiceInitialized()
11-25 19:47:11.934 23252 23252 I cr_PolicyProvider: #notifySettingsAvailable() 0
11-25 19:47:11.934 23252 23252 I cr_CombinedPProvider: #onSettingsAvailable() 0
11-25 19:47:11.934 23252 23252 I cr_CombinedPProvider: #flushPolicies()
11-25 19:47:11.941 23252 23252 V MediaRouter: Selecting route: RouteInfo{ name=Phone, description=null, status=null, category=RouteCategory{ name=System types=ROUTE_TYPE_LIVE_AUDIO ROUTE_TYPE_LIVE_VIDEO  groupable=false }, supportedTypes=ROUTE_TYPE_LIVE_AUDIO ROUTE_TYPE_LIVE_VIDEO , presentationDisplay=null }
11-25 19:47:11.971  1011  1189 I ASH     : @ 284884.150: tcs3701: stop power rail pending_off timer
11-25 19:47:11.971  1011  1189 D ASH     : @ 284884.151: tcs3701: start power rail timer, state:3
11-25 19:47:12.011  1011  1189 I ASH     : @ 284884.190: tcs3701: stop power rail pending_off timer
11-25 19:47:12.011  1011  1189 D ASH     : @ 284884.191: tcs3701: start power rail timer, state:3
11-25 19:47:12.019 23252 23326 W chromium: [WARNING:ev_root_ca_metadata.cc(119)] Not implemented
11-25 19:47:12.052  1011  1189 I ASH     : @ 284884.230: tcs3701: stop power rail pending_off timer
11-25 19:47:12.052  1011  1189 D ASH     : @ 284884.231: tcs3701: start power rail timer, state:3
11-25 19:47:12.091  1011  1189 I ASH     : @ 284884.270: tcs3701: stop power rail pending_off timer
11-25 19:47:12.091  1011  1189 D ASH     : @ 284884.271: tcs3701: start power rail timer, state:3
11-25 19:47:12.115  1795  3789 D CompatibilityChangeReporter: Compat change id reported: 214016041; UID 10010; state: ENABLED
11-25 19:47:12.119  3375  3375 I GoogleInputMethodService: GoogleInputMethodService.onFinishInput():3154 
11-25 19:47:12.120  3375  3375 I GoogleInputMethodService: GoogleInputMethodService.updateDeviceLockedStatus():2088 repeatCheckTimes = 0, locked = false
11-25 19:47:12.121  3375  3375 I GoogleInputMethodService: GoogleInputMethodService.onStartInput():1883 onStartInput(EditorInfo{EditorInfo{packageName=com.chrome.canary, inputType=0, inputTypeString=NULL, enableLearning=false, autoCorrection=false, autoComplete=false, imeOptions=12000000, privateImeOptions=null, actionName=UNSPECIFIED, actionLabel=null, initialSelStart=-1, initialSelEnd=-1, initialCapsMode=0, label=null, fieldId=-1, fieldName=null, extras=null, hintText=null, hintLocales=[]}}, false)
11-25 19:47:12.122  3375  3375 I GoogleInputMethodService: GoogleInputMethodService.updateDeviceLockedStatus():2088 repeatCheckTimes = 1, locked = false
11-25 19:47:12.133  1011  1189 I ASH     : @ 284884.310: tcs3701: stop power rail pending_off timer
11-25 19:47:12.133  1011  1189 D ASH     : @ 284884.311: tcs3701: start power rail timer, state:3
11-25 19:47:12.171  1011  1189 I ASH     : @ 284884.350: tcs3701: stop power rail pending_off timer
11-25 19:47:12.172  1011  1189 D ASH     : @ 284884.351: tcs3701: start power rail timer, state:3
11-25 19:47:12.202 23252 23316 W chromium: [WARNING:ev_root_ca_metadata.cc(119)] Not implemented
11-25 19:47:12.211  1011  1189 I ASH     : @ 284884.390: tcs3701: stop power rail pending_off timer
11-25 19:47:12.211  1011  1189 D ASH     : @ 284884.391: tcs3701: start power rail timer, state:3
11-25 19:47:12.251  1011  1189 I ASH     : @ 284884.430: tcs3701: stop power rail pending_off timer
11-25 19:47:12.251  1011  1189 D ASH     : @ 284884.431: tcs3701: start power rail timer, state:3
11-25 19:47:12.291  1011  1189 I ASH     : @ 284884.470: tcs3701: stop power rail pending_off timer
11-25 19:47:12.291  1011  1189 D ASH     : @ 284884.471: tcs3701: start power rail timer, state:3
11-25 19:47:12.331  1011  1189 I ASH     : @ 284884.510: tcs3701: stop power rail pending_off timer
11-25 19:47:12.331  1011  1189 D ASH     : @ 284884.511: tcs3701: start power rail timer, state:3
11-25 19:47:12.349  1795  4166 D ActivityManager: freezer override set to true
11-25 19:47:12.371  1011  1189 I ASH     : @ 284884.550: tcs3701: stop power rail pending_off timer
11-25 19:47:12.371  1011  1189 D ASH     : @ 284884.551: tcs3701: start power rail timer, state:3
11-25 19:47:12.411  1011  1189 I ASH     : @ 284884.590: tcs3701: stop power rail pending_off timer
11-25 19:47:12.411  1011  1189 D ASH     : @ 284884.591: tcs3701: start power rail timer, state:3
11-25 19:47:12.451  1011  1189 I ASH     : @ 284884.630: tcs3701: stop power rail pending_off timer
11-25 19:47:12.452  1011  1189 D ASH     : @ 284884.631: tcs3701: start power rail timer, state:3
11-25 19:47:12.491  1011  1189 I ASH     : @ 284884.670: tcs3701: stop power rail pending_off timer
11-25 19:47:12.491  1011  1189 D ASH     : @ 284884.671: tcs3701: start power rail timer, state:3
11-25 19:47:12.517 26837 26943 I Auth    : [RequestTokenOperation] Facet event logged for AUTH_ACCOUNT_BASE_TOKEN_RETURNED [CONTEXT service_id=343 ]
11-25 19:47:12.521 26837 26837 D BoundBrokerSvc: onBind: Intent { act=com.google.android.gms.auth.account.workaccount.START dat=chimera-action:/... cmp=com.google.android.gms/.chimera.PersistentApiService }
11-25 19:47:12.521 26837 26837 D BoundBrokerSvc: Loading bound service for intent: Intent { act=com.google.android.gms.auth.account.workaccount.START dat=chimera-action:/... cmp=com.google.android.gms/.chimera.PersistentApiService }
11-25 19:47:12.522 26837 26837 E AbstractGmsTracer: Traced class shouldn't be obfuscated: WorkAccountApiService [CONTEXT service_id=259 ]
11-25 19:47:12.532  1011  1189 I ASH     : @ 284884.710: tcs3701: stop power rail pending_off timer
11-25 19:47:12.532  1011  1189 D ASH     : @ 284884.711: tcs3701: start power rail timer, state:3
11-25 19:47:12.544 23252 23316 W chromium: [WARNING:ev_root_ca_metadata.cc(119)] Not implemented
11-25 19:47:12.544 23252 23316 W chromium: [WARNING:ev_root_ca_metadata.cc(119)] Not implemented
11-25 19:47:12.571  1011  1189 I ASH     : @ 284884.750: tcs3701: stop power rail pending_off timer
11-25 19:47:12.571  1011  1189 D ASH     : @ 284884.751: tcs3701: start power rail timer, state:3
11-25 19:47:12.590 23252 23316 I cr_ADCP : No customization source found
11-25 19:47:12.593 26837 26837 D BoundBrokerSvc: onBind: Intent { act=com.google.android.gms.icing.LIGHTWEIGHT_INDEX_SERVICE pkg=com.google.android.gms }
11-25 19:47:12.593 26837 26837 D BoundBrokerSvc: Loading bound service for intent: Intent { act=com.google.android.gms.icing.LIGHTWEIGHT_INDEX_SERVICE pkg=com.google.android.gms }
11-25 19:47:12.594 26837 26837 E AbstractGmsTracer: Traced class shouldn't be obfuscated: LightweightIndexChimeraService [CONTEXT service_id=259 ]
11-25 19:47:12.599 23252 23316 E cr_PartnerBMReader: ATTENTION: not using partner bookmarks as none were provided
11-25 19:47:12.611  1011  1189 I ASH     : @ 284884.790: tcs3701: stop power rail pending_off timer
11-25 19:47:12.611  1011  1189 D ASH     : @ 284884.791: tcs3701: start power rail timer, state:3
11-25 19:47:12.623 23252 23316 W chromium: [WARNING:ev_root_ca_metadata.cc(119)] Not implemented
11-25 19:47:12.623 23252 23316 W chromium: [WARNING:ev_root_ca_metadata.cc(119)] Not implemented
11-25 19:47:12.629  1795  4166 D ActivityManager: freezer override set to false
11-25 19:47:12.651  1011  1189 I ASH     : @ 284884.830: tcs3701: stop power rail pending_off timer
11-25 19:47:12.651  1011  1189 D ASH     : @ 284884.831: tcs3701: start power rail timer, state:3
11-25 19:47:12.657  1795  2120 D CompatibilityChangeReporter: Compat change id reported: 143937733; UID 10010; state: ENABLED
11-25 19:47:12.667 23301 23301 D Zygote  : Forked child process 23425
11-25 19:47:12.669  1795  2120 I ActivityManager: Start proc 23425:com.chrome.canary:sandboxed_process0:org.chromium.content.app.SandboxedProcessService0:1/u0ai1 for  {com.chrome.canary/org.chromium.content.app.SandboxedProcessService0:1}
11-25 19:47:12.671 23425 23425 E libc    : SetHeapTaggingLevel: re-enabling tagging after it was disabled is not supported
11-25 19:47:12.676 23425 23425 I ocessService0:1: Using CollectorTypeCC GC.
11-25 19:47:12.683  1383  1442 I adbd    : jdwp connection from 23425
11-25 19:47:12.691  1011  1189 I ASH     : @ 284884.870: tcs3701: stop power rail pending_off timer
11-25 19:47:12.691  1011  1189 D ASH     : @ 284884.871: tcs3701: start power rail timer, state:3
11-25 19:47:12.696  3657  3683 D ForegroundUtils: Foreground UID status:
11-25 19:47:12.696  3657  3683 D ForegroundUtils: UID: 10010 is in foreground: true
11-25 19:47:12.696  3657  3683 D ForegroundUtils: UID: 10158 is in foreground: true
11-25 19:47:12.696  3657  3683 D ForegroundUtils: UID: 10189 is in foreground: false
11-25 19:47:12.696  3657  3683 D ForegroundUtils: UID: 10194 is in foreground: true
11-25 19:47:12.696  3657  3683 D ForegroundUtils: UID: 10206 is in foreground: false
11-25 19:47:12.696  3657  3683 D ForegroundUtils: UID: 10233 is in foreground: true
11-25 19:47:12.696  3657  3683 D ForegroundUtils: UID: 10244 is in foreground: false
11-25 19:47:12.696  3657  3683 D ForegroundUtils: UID: 90000 is in foreground: true
11-25 19:47:12.696  3657  3683 D ForegroundUtils: UID: 90001 is in foreground: true
11-25 19:47:12.696 23425 23425 I ActivityThread: Relaunch all activities: onCoreSettingsChange
11-25 19:47:12.697 23425 23425 D CompatibilityChangeReporter: Compat change id reported: 171979766; UID 90001; state: ENABLED
11-25 19:47:12.711 23425 23425 I LoadedApk: No resource references to update in package com.google.android.trichromelibrary.canary
11-25 19:47:12.711 23425 23425 D NetworkSecurityConfig: Using Network Security Config from resource 0_resource_name_obfuscated debugBuild: false
11-25 19:47:12.712 23425 23425 D NetworkSecurityConfig: Using Network Security Config from resource 0_resource_name_obfuscated debugBuild: false
11-25 19:47:12.713 23425 23425 I cr_SplitCompatApp: Launched version=121.0.6145.0 minSdkVersion=29 isBundle=true processName=com.chrome.canary:sandboxed_process0:org.chromium.content.app.SandboxedProcessService0:1 isIsolated=true
11-25 19:47:12.719 23425 23425 W SystemServiceRegistry: No service published for: uimode
11-25 19:47:12.725 23425 23425 I cr_ChildProcessService: Creating new ChildProcessService pid=23425
11-25 19:47:12.731  1011  1189 I ASH     : @ 284884.910: tcs3701: stop power rail pending_off timer
11-25 19:47:12.731  1011  1189 D ASH     : @ 284884.911: tcs3701: start power rail timer, state:3
11-25 19:47:12.734 23425 23444 I cr_LibraryLoader: Successfully loaded native library
11-25 19:47:12.735 23425 23444 I cr_CachingUmaRecorder: Flushed 3 samples from 3 histograms, 0 samples were dropped.
11-25 19:47:12.745 26837 26837 E AbstractGmsTracer: Traced class shouldn't be obfuscated: LockboxBrokerChimeraService [CONTEXT service_id=259 ]
11-25 19:47:12.751 26741 26741 E AbstractGmsTracer: Traced class shouldn't be obfuscated: AppIndexingChimeraService [CONTEXT service_id=259 ]
11-25 19:47:12.761 26741 26741 E AbstractGmsTracer: Traced class shouldn't be obfuscated: IndexChimeraService [CONTEXT service_id=259 ]
11-25 19:47:12.771  1011  1189 I ASH     : @ 284884.950: tcs3701: stop power rail pending_off timer
11-25 19:47:12.771  1011  1189 D ASH     : @ 284884.951: tcs3701: start power rail timer, state:3
11-25 19:47:12.773 26741 26741 E AbstractGmsTracer: Traced class shouldn't be obfuscated: IndexWorkerChimeraService [CONTEXT service_id=259 ]
11-25 19:47:12.781 26741 26776 I Icing   : IndexChimeraService.getServiceInterface callingPackage=com.google.android.gms componentName=null serviceId=30
11-25 19:47:12.783 26741 26741 E AbstractGmsTracer: Traced class shouldn't be obfuscated: GmsBoundBrokerChimeraService [CONTEXT service_id=259 ]
11-25 19:47:12.784 26741 26741 D BoundBrokerSvc: onBind: Intent { act=com.google.android.gms.common.BIND_SHARED_PREFS pkg=com.google.android.gms }
11-25 19:47:12.784 26741 26741 D BoundBrokerSvc: Loading bound service for intent: Intent { act=com.google.android.gms.common.BIND_SHARED_PREFS pkg=com.google.android.gms }
11-25 19:47:12.785 26741 26741 E AbstractGmsTracer: Traced class shouldn't be obfuscated: SharedPreferencesBoundService [CONTEXT service_id=259 ]
11-25 19:47:12.790 26837 26837 D BoundBrokerSvc: onBind: Intent { act=com.google.android.gms.icing.LIGHTWEIGHT_INDEX_SERVICE dat=chimera-action:/... cmp=com.google.android.gms/.chimera.PersistentApiService }
11-25 19:47:12.790 26837 26837 D BoundBrokerSvc: Loading bound service for intent: Intent { act=com.google.android.gms.icing.LIGHTWEIGHT_INDEX_SERVICE dat=chimera-action:/... cmp=com.google.android.gms/.chimera.PersistentApiService }
11-25 19:47:12.792 26741 26741 D BoundBrokerSvc: onUnbind: Intent { act=com.google.android.gms.common.BIND_SHARED_PREFS pkg=com.google.android.gms }
11-25 19:47:12.793 23425 23444 I chromium: [INFO:child_process_service.cc(69)] ChildProcessService: Exiting child process.
11-25 19:47:12.795  1795  2855 I ActivityManager: Killing 23425:com.chrome.canary:sandboxed_process0:org.chromium.content.app.SandboxedProcessService0:1/u0a10i-8999 (adj 0): isolated not needed
11-25 19:47:12.801  1795  2145 I libprocessgroup: Successfully killed process cgroup uid 90001 pid 23425 in 5ms
11-25 19:47:12.812  1011  1189 I ASH     : @ 284884.990: tcs3701: stop power rail pending_off timer
11-25 19:47:12.812  1011  1189 D ASH     : @ 284884.991: tcs3701: start power rail timer, state:3
11-25 19:47:12.816 23252 23252 W chromium: [WARNING:compositor_view.cc(339)] Child process died (type=6) pid=23425)
11-25 19:47:12.817 23301 23301 I Zygote  : Process 23425 exited due to signal 9 (Killed)
11-25 19:47:12.818  3657  3683 D ForegroundUtils: UID: 90001 deleted.
11-25 19:47:12.830  1795  2150 E system_server: updateValue is called with a value 30499283, which is lower than the previous value 30511802
11-25 19:47:12.830  1795  2150 E system_server: updateValue is called with a value 27, which is lower than the previous value 107
