11-25 19:48:59.633  1795  3001 D ActivityManager: freezer override set to true
11-25 19:48:59.639  1795  3001 D ActivityManager: freezer override set to false
11-25 19:48:59.652  1011  1189 I ASH     : @ 284991.831: tcs3701: stop power rail pending_off timer
11-25 19:48:59.652  1011  1189 D ASH     : @ 284991.831: tcs3701: start power rail timer, state:3
11-25 19:48:59.673  9306  9347 I BatteryMgr:DataCollectionService: stats => 1700938139673,11901,4439,13427,4169000,100
11-25 19:48:59.692  1011  1189 I ASH     : @ 284991.871: tcs3701: stop power rail pending_off timer
11-25 19:48:59.692  1011  1189 D ASH     : @ 284991.871: tcs3701: start power rail timer, state:3
11-25 19:48:59.732  1011  1189 I ASH     : @ 284991.911: tcs3701: stop power rail pending_off timer
11-25 19:48:59.732  1011  1189 D ASH     : @ 284991.911: tcs3701: start power rail timer, state:3
11-25 19:48:59.772  1011  1189 I ASH     : @ 284991.951: tcs3701: stop power rail pending_off timer
11-25 19:48:59.772  1011  1189 D ASH     : @ 284991.951: tcs3701: start power rail timer, state:3
11-25 19:48:59.778  9306  9347 I BatteryMgr:DataCollectionService: stats => 1700938139778,11901,4439,13427,4169000,100
11-25 19:48:59.812  1011  1189 I ASH     : @ 284991.991: tcs3701: stop power rail pending_off timer
11-25 19:48:59.812  1011  1189 D ASH     : @ 284991.991: tcs3701: start power rail timer, state:3
11-25 19:48:59.852  1011  1189 I ASH     : @ 284992.031: tcs3701: stop power rail pending_off timer
11-25 19:48:59.852  1011  1189 D ASH     : @ 284992.031: tcs3701: start power rail timer, state:3
11-25 19:48:59.884  9306  9347 I BatteryMgr:DataCollectionService: stats => 1700938139884,11901,4439,13427,4169000,100
11-25 19:48:59.892  1011  1189 I ASH     : @ 284992.071: tcs3701: stop power rail pending_off timer
11-25 19:48:59.892  1011  1189 D ASH     : @ 284992.071: tcs3701: start power rail timer, state:3
11-25 19:48:59.932  1011  1189 I ASH     : @ 284992.111: tcs3701: stop power rail pending_off timer
11-25 19:48:59.932  1011  1189 D ASH     : @ 284992.111: tcs3701: start power rail timer, state:3
11-25 19:48:59.972  1011  1189 I ASH     : @ 284992.151: tcs3701: stop power rail pending_off timer
11-25 19:48:59.972  1011  1189 D ASH     : @ 284992.151: tcs3701: start power rail timer, state:3
11-25 19:48:59.989  9306  9347 I BatteryMgr:DataCollectionService: stats => 1700938139989,11901,4439,13427,4169000,100
11-25 19:49:00.004  3579  3877 I AiAiEcho: (REDACTED) Predicting[%d]: %s
11-25 19:49:00.005  3579  3877 I AiAiEcho: (REDACTED) EchoTargets: %s
11-25 19:49:00.005  3579  3877 I AiAiEcho: Filtered by AiAi flag check: %s
11-25 19:49:00.006  3579  3877 I AiAiEcho: (REDACTED) Ranked targets strategy: %s, count: %d, ranking metadata: %s
11-25 19:49:00.006  3579  3877 I AiAiEcho: (REDACTED) #weatherTwiddler: Weather removes SubtitleSupplementalItem in surface: %s
11-25 19:49:00.007  3579  3877 I AiAiEcho: (REDACTED) Predicting[%d]: %s
11-25 19:49:00.007  3579  3877 I AiAiEcho: (REDACTED) EchoTargets: %s
11-25 19:49:00.007  3579  3877 I AiAiEcho: Filtered by AiAi flag check: %s
11-25 19:49:00.008  3579  3877 I AiAiEcho: (REDACTED) Ranked targets strategy: %s, count: %d, ranking metadata: %s
11-25 19:49:00.008  3579  3877 I AiAiEcho: (REDACTED) #weatherTwiddler: Weather removes SubtitleSupplementalItem in surface: %s
11-25 19:49:00.010  3579  3877 I AiAiEcho: (REDACTED) #postPredictionTargets: Sending updates to UISurface %s with targets# %s (types=[%s])
11-25 19:49:00.012  1011  1189 I ASH     : @ 284992.191: tcs3701: stop power rail pending_off timer
11-25 19:49:00.012  1011  1189 D ASH     : @ 284992.191: tcs3701: start power rail timer, state:3
11-25 19:49:00.013  3579  3877 I AiAiEcho: (REDACTED) #postPredictionTargets: Sending updates to UISurface %s with targets# %s (types=[%s])
11-25 19:49:00.014  2940  2940 D SsBaseTemplateCard: No text view can be set up
11-25 19:49:00.015  2940  2940 D SsBaseTemplateCard: Passed-in item info is null
11-25 19:49:00.015  2940  2940 D SsBaseTemplateCard: Passed-in item info is null
11-25 19:49:00.015  2940  2940 I SsBaseTemplateCard: Secondary card pane is null
11-25 19:49:00.022  2513  2513 D SsBaseTemplateCard: No text view can be set up
11-25 19:49:00.022  2513  2513 D SsBaseTemplateCard: Passed-in item info is null
11-25 19:49:00.022  2513  2513 D SsBaseTemplateCard: Passed-in item info is null
11-25 19:49:00.022  2513  2513 I SsBaseTemplateCard: Secondary card pane is null
11-25 19:49:00.051  1011  1189 I ASH     : @ 284992.231: tcs3701: stop power rail pending_off timer
11-25 19:49:00.052  1011  1189 D ASH     : @ 284992.231: tcs3701: start power rail timer, state:3
11-25 19:49:00.092  1011  1189 I ASH     : @ 284992.271: tcs3701: stop power rail pending_off timer
11-25 19:49:00.092  1011  1189 D ASH     : @ 284992.271: tcs3701: start power rail timer, state:3
11-25 19:49:00.095  9306  9347 I BatteryMgr:DataCollectionService: stats => 1700938140095,11901,4439,13427,4169000,100
11-25 19:49:00.132  1011  1189 I ASH     : @ 284992.311: tcs3701: stop power rail pending_off timer
11-25 19:49:00.132  1011  1189 D ASH     : @ 284992.311: tcs3701: start power rail timer, state:3
11-25 19:49:00.172  1011  1189 I ASH     : @ 284992.351: tcs3701: stop power rail pending_off timer
11-25 19:49:00.172  1011  1189 D ASH     : @ 284992.351: tcs3701: start power rail timer, state:3
11-25 19:49:00.201  9306  9347 I BatteryMgr:DataCollectionService: stats => 1700938140201,11901,4439,13427,4169000,100
11-25 19:49:00.212  1011  1189 I ASH     : @ 284992.391: tcs3701: stop power rail pending_off timer
11-25 19:49:00.212  1011  1189 D ASH     : @ 284992.391: tcs3701: start power rail timer, state:3
11-25 19:49:00.252  1011  1189 I ASH     : @ 284992.431: tcs3701: stop power rail pending_off timer
11-25 19:49:00.252  1011  1189 D ASH     : @ 284992.431: tcs3701: start power rail timer, state:3
11-25 19:49:00.292  1011  1189 I ASH     : @ 284992.471: tcs3701: stop power rail pending_off timer
11-25 19:49:00.292  1011  1189 D ASH     : @ 284992.471: tcs3701: start power rail timer, state:3
11-25 19:49:00.307  9306  9347 I BatteryMgr:DataCollectionService: stats => 1700938140307,11901,4439,13427,4169000,100
11-25 19:49:00.332  1011  1189 I ASH     : @ 284992.511: tcs3701: stop power rail pending_off timer
11-25 19:49:00.332  1011  1189 D ASH     : @ 284992.511: tcs3701: start power rail timer, state:3
11-25 19:49:00.372  1011  1189 I ASH     : @ 284992.551: tcs3701: stop power rail pending_off timer
11-25 19:49:00.372  1011  1189 D ASH     : @ 284992.551: tcs3701: start power rail timer, state:3
11-25 19:49:00.412  1011  1189 I ASH     : @ 284992.591: tcs3701: stop power rail pending_off timer
11-25 19:49:00.412  1011  1189 D ASH     : @ 284992.591: tcs3701: start power rail timer, state:3
11-25 19:49:00.413  9306  9347 I BatteryMgr:DataCollectionService: stats => 1700938140413,11901,4439,13427,4169000,100
11-25 19:49:00.452  1011  1189 I ASH     : @ 284992.631: tcs3701: stop power rail pending_off timer
11-25 19:49:00.452  1011  1189 D ASH     : @ 284992.631: tcs3701: start power rail timer, state:3
11-25 19:49:00.492  1011  1189 I ASH     : @ 284992.671: tcs3701: stop power rail pending_off timer
11-25 19:49:00.492  1011  1189 D ASH     : @ 284992.671: tcs3701: start power rail timer, state:3
11-25 19:49:00.519  9306  9347 I BatteryMgr:DataCollectionService: stats => 1700938140519,11901,4439,13427,4169000,100
11-25 19:49:00.532  1011  1189 I ASH     : @ 284992.711: tcs3701: stop power rail pending_off timer
11-25 19:49:00.532  1011  1189 D ASH     : @ 284992.711: tcs3701: start power rail timer, state:3
11-25 19:49:00.572  1011  1189 I ASH     : @ 284992.751: tcs3701: stop power rail pending_off timer
11-25 19:49:00.572  1011  1189 D ASH     : @ 284992.751: tcs3701: start power rail timer, state:3
11-25 19:49:00.612  1011  1189 I ASH     : @ 284992.791: tcs3701: stop power rail pending_off timer
11-25 19:49:00.612  1011  1189 D ASH     : @ 284992.791: tcs3701: start power rail timer, state:3
11-25 19:49:00.628  9306  9347 I BatteryMgr:DataCollectionService: stats => 1700938140627,11901,4439,13427,4169000,100
11-25 19:49:00.643  1795  3001 D ActivityManager: freezer override set to true
11-25 19:49:00.650  1795  3001 D ActivityManager: freezer override set to false
11-25 19:49:00.652  1011  1189 I ASH     : @ 284992.831: tcs3701: stop power rail pending_off timer
11-25 19:49:00.652  1011  1189 D ASH     : @ 284992.831: tcs3701: start power rail timer, state:3
11-25 19:49:00.692  1011  1189 I ASH     : @ 284992.871: tcs3701: stop power rail pending_off timer
11-25 19:49:00.692  1011  1189 D ASH     : @ 284992.871: tcs3701: start power rail timer, state:3
11-25 19:49:00.710  1795  3001 D ActivityManager: freezer override set to true
11-25 19:49:00.732  1011  1189 I ASH     : @ 284992.911: tcs3701: stop power rail pending_off timer
11-25 19:49:00.732  1011  1189 D ASH     : @ 284992.911: tcs3701: start power rail timer, state:3
11-25 19:49:00.733  9306  9347 I BatteryMgr:DataCollectionService: stats => 1700938140733,11901,4439,13427,4169000,100
11-25 19:49:00.772  1011  1189 I ASH     : @ 284992.951: tcs3701: stop power rail pending_off timer
11-25 19:49:00.772  1011  1189 D ASH     : @ 284992.951: tcs3701: start power rail timer, state:3
11-25 19:49:00.799 25212 25227 I m.chrome.canary: Explicit concurrent copying GC freed 4058(222KB) AllocSpace objects, 5(100KB) LOS objects, 75% free, 13MB/54MB, paused 26us,21us total 48.329ms
11-25 19:49:00.812  1011  1189 I ASH     : @ 284992.991: tcs3701: stop power rail pending_off timer
11-25 19:49:00.812  1011  1189 D ASH     : @ 284992.991: tcs3701: start power rail timer, state:3
11-25 19:49:00.838  9306  9347 I BatteryMgr:DataCollectionService: stats => 1700938140838,11901,4439,13427,4169000,100
11-25 19:49:00.853  1011  1189 I ASH     : @ 284993.031: tcs3701: stop power rail pending_off timer
11-25 19:49:00.853  1011  1189 D ASH     : @ 284993.031: tcs3701: start power rail timer, state:3
11-25 19:49:00.857  1795  3001 D ActivityManager: freezer override set to false
11-25 19:49:00.892  1011  1189 I ASH     : @ 284993.071: tcs3701: stop power rail pending_off timer
11-25 19:49:00.892  1011  1189 D ASH     : @ 284993.071: tcs3701: start power rail timer, state:3
11-25 19:49:00.917  1795  3001 D ActivityManager: freezer override set to true
11-25 19:49:00.920  1795  3001 D ActivityManager: freezer override set to false
11-25 19:49:00.932  1011  1189 I ASH     : @ 284993.111: tcs3701: stop power rail pending_off timer
11-25 19:49:00.932  1011  1189 D ASH     : @ 284993.111: tcs3701: start power rail timer, state:3
11-25 19:49:00.943  9306  9347 I BatteryMgr:DataCollectionService: stats => 1700938140943,11901,4439,13427,4169000,100
11-25 19:49:00.954  1795  3001 D ActivityManager: freezer override set to true
11-25 19:49:00.956  1795  3001 D ActivityManager: freezer override set to false
11-25 19:49:00.972  1011  1189 I ASH     : @ 284993.151: tcs3701: stop power rail pending_off timer
11-25 19:49:00.972  1011  1189 D ASH     : @ 284993.151: tcs3701: start power rail timer, state:3
11-25 19:49:01.012  1011  1189 I ASH     : @ 284993.191: tcs3701: stop power rail pending_off timer
11-25 19:49:01.012  1011  1189 D ASH     : @ 284993.191: tcs3701: start power rail timer, state:3
11-25 19:49:01.049  9306  9347 I BatteryMgr:DataCollectionService: stats => 1700938141049,11901,4439,13427,4169000,100
11-25 19:49:01.052  1011  1189 I ASH     : @ 284993.231: tcs3701: stop power rail pending_off timer
11-25 19:49:01.052  1011  1189 D ASH     : @ 284993.231: tcs3701: start power rail timer, state:3
11-25 19:49:01.092  1011  1189 I ASH     : @ 284993.271: tcs3701: stop power rail pending_off timer
11-25 19:49:01.092  1011  1189 D ASH     : @ 284993.271: tcs3701: start power rail timer, state:3
11-25 19:49:01.132  1011  1189 I ASH     : @ 284993.311: tcs3701: stop power rail pending_off timer
11-25 19:49:01.132  1011  1189 D ASH     : @ 284993.311: tcs3701: start power rail timer, state:3
11-25 19:49:01.155  9306  9347 I BatteryMgr:DataCollectionService: stats => 1700938141155,11901,4439,13427,4169000,100
11-25 19:49:01.172  1011  1189 I ASH     : @ 284993.351: tcs3701: stop power rail pending_off timer
11-25 19:49:01.172  1011  1189 D ASH     : @ 284993.351: tcs3701: start power rail timer, state:3
11-25 19:49:01.212  1011  1189 I ASH     : @ 284993.391: tcs3701: stop power rail pending_off timer
11-25 19:49:01.212  1011  1189 D ASH     : @ 284993.391: tcs3701: start power rail timer, state:3
11-25 19:49:01.252  1011  1189 I ASH     : @ 284993.431: tcs3701: stop power rail pending_off timer
11-25 19:49:01.252  1011  1189 D ASH     : @ 284993.431: tcs3701: start power rail timer, state:3
11-25 19:49:01.261  9306  9347 I BatteryMgr:DataCollectionService: stats => 1700938141261,11901,4439,13427,4169000,100
11-25 19:49:01.292  1011  1189 I ASH     : @ 284993.471: tcs3701: stop power rail pending_off timer
11-25 19:49:01.292  1011  1189 D ASH     : @ 284993.471: tcs3701: start power rail timer, state:3
11-25 19:49:01.332  1011  1189 I ASH     : @ 284993.511: tcs3701: stop power rail pending_off timer
11-25 19:49:01.332  1011  1189 D ASH     : @ 284993.511: tcs3701: start power rail timer, state:3
11-25 19:49:01.368  9306  9347 I BatteryMgr:DataCollectionService: stats => 1700938141367,11901,4439,13427,4169000,100
11-25 19:49:01.372  1011  1189 I ASH     : @ 284993.551: tcs3701: stop power rail pending_off timer
11-25 19:49:01.372  1011  1189 D ASH     : @ 284993.551: tcs3701: start power rail timer, state:3
11-25 19:49:01.412  1011  1189 I ASH     : @ 284993.591: tcs3701: stop power rail pending_off timer
11-25 19:49:01.412  1011  1189 D ASH     : @ 284993.591: tcs3701: start power rail timer, state:3
11-25 19:49:01.452  1011  1189 I ASH     : @ 284993.631: tcs3701: stop power rail pending_off timer
11-25 19:49:01.452  1011  1189 D ASH     : @ 284993.631: tcs3701: start power rail timer, state:3
11-25 19:49:01.473  9306  9347 I BatteryMgr:DataCollectionService: stats => 1700938141473,11901,4439,13427,4169000,100
11-25 19:49:01.492  1011  1189 I ASH     : @ 284993.671: tcs3701: stop power rail pending_off timer
11-25 19:49:01.492  1011  1189 D ASH     : @ 284993.671: tcs3701: start power rail timer, state:3
11-25 19:49:01.532  1011  1189 I ASH     : @ 284993.711: tcs3701: stop power rail pending_off timer
11-25 19:49:01.532  1011  1189 D ASH     : @ 284993.711: tcs3701: start power rail timer, state:3
11-25 19:49:01.572  1011  1189 I ASH     : @ 284993.751: tcs3701: stop power rail pending_off timer
11-25 19:49:01.572  1011  1189 D ASH     : @ 284993.751: tcs3701: start power rail timer, state:3
11-25 19:49:01.579  9306  9347 I BatteryMgr:DataCollectionService: stats => 1700938141579,11901,4439,13427,4169000,100
11-25 19:49:01.612  1011  1189 I ASH     : @ 284993.791: tcs3701: stop power rail pending_off timer
11-25 19:49:01.612  1011  1189 D ASH     : @ 284993.791: tcs3701: start power rail timer, state:3
11-25 19:49:01.643  1795  3001 D ActivityManager: freezer override set to true
11-25 19:49:01.648  1795  3001 D ActivityManager: freezer override set to false
11-25 19:49:01.652  1011  1189 I ASH     : @ 284993.831: tcs3701: stop power rail pending_off timer
11-25 19:49:01.652  1011  1189 D ASH     : @ 284993.831: tcs3701: start power rail timer, state:3
11-25 19:49:01.685  9306  9347 I BatteryMgr:DataCollectionService: stats => 1700938141685,11901,4439,13427,4169000,100
11-25 19:49:01.692  1011  1189 I ASH     : @ 284993.871: tcs3701: stop power rail pending_off timer
11-25 19:49:01.692  1011  1189 D ASH     : @ 284993.871: tcs3701: start power rail timer, state:3
11-25 19:49:01.732  1011  1189 I ASH     : @ 284993.911: tcs3701: stop power rail pending_off timer
11-25 19:49:01.732  1011  1189 D ASH     : @ 284993.911: tcs3701: start power rail timer, state:3
11-25 19:49:01.772  1011  1189 I ASH     : @ 284993.951: tcs3701: stop power rail pending_off timer
11-25 19:49:01.772  1011  1189 D ASH     : @ 284993.951: tcs3701: start power rail timer, state:3
11-25 19:49:01.791  9306  9347 I BatteryMgr:DataCollectionService: stats => 1700938141791,11901,4439,13427,4169000,100
11-25 19:49:01.812  1011  1189 I ASH     : @ 284993.991: tcs3701: stop power rail pending_off timer
11-25 19:49:01.812  1011  1189 D ASH     : @ 284993.991: tcs3701: start power rail timer, state:3
11-25 19:49:01.852  1011  1189 I ASH     : @ 284994.031: tcs3701: stop power rail pending_off timer
11-25 19:49:01.852  1011  1189 D ASH     : @ 284994.031: tcs3701: start power rail timer, state:3
11-25 19:49:01.892  1011  1189 I ASH     : @ 284994.071: tcs3701: stop power rail pending_off timer
11-25 19:49:01.892  1011  1189 D ASH     : @ 284994.071: tcs3701: start power rail timer, state:3
11-25 19:49:01.897  9306  9347 I BatteryMgr:DataCollectionService: stats => 1700938141897,11901,4439,13427,4169000,100
11-25 19:49:01.910  1795  2424 D WifiClientModeImpl[13802:wlan0]: updateLinkLayerStatsRssiSpeedFrequencyCapabilities rssi=-46 TxLinkspeed=780 freq=5240 RxLinkSpeed=650
11-25 19:49:01.911  1795  2424 D WifiDataStall: tx tput in kbps: 768067
11-25 19:49:01.911  1795  2424 D WifiDataStall: rx tput in kbps: 606835
11-25 19:49:01.911  1795  2424 V WifiConfigManager: Updating scan detail cache freq=5240 BSSID=f4:6d:2f:12:cc:88 RSSI=-46 for "ourhome"WPA_PSK
11-25 19:49:01.912  1795  2424 D WifiChannelUtilization:  freq: 5240 onTime: 8097138 busyTime: 749483 onTimeDiff: 506443 busyTimeDiff: 35510 utilization: 17 utilization t0: 23
11-25 19:49:01.912  1795  2424 D WifiDataStall:  ccaLevel = 17
11-25 19:49:01.912  1795  2424 D WifiDataStall: L2 txTputKbps: 691792, rxTputKbps: 606835, L3 txTputKbps: 0, rxTputKbps: 0, TxTrafficHigh: false, RxTrafficHigh: false, Throughput Sufficient: true
11-25 19:49:01.912  1795  2424 D WifiScoreReport: Wifi scoring disabled - Don't check IP layer
11-25 19:49:01.912  2782  5906 D QCNEJ/WlanStaInfoRelay: Received action: android.net.wifi.RSSI_CHANGED
11-25 19:49:01.912  2673 18847 V WifiManager: OnWifiUsabilityStatsListener: onWifiUsabilityStats: seqNum=73539
11-25 19:49:01.912  1795  2424 D WifiScoreCard: BSSID update SIGNAL_POLL ID: 1320464697 SSID: "ourhome", BSSID: f4:6d:2f:12:cc:88, MAC: b2:2f:ec:da:4a:0c, IP: /192.168.1.104, Security type: 2, Supplicant state: COMPLETED, Wi-Fi standard: 5, RSSI: -46, Link speed: 780Mbps, Tx Link speed: 780Mbps, Max Supported Tx Link speed: 866Mbps, Rx Link speed: 650Mbps, Max Supported Rx Link speed: 866Mbps, Frequency: 5240MHz, Net ID: 12, Metered hint: false, score: 60, isUsable: true, CarrierMerged: false, SubscriptionId: -1, IsPrimary: 1, Trusted: true, Restricted: false, Ephemeral: false, OEM paid: false, OEM private: false, OSU AP: false, FQDN: <none>, Provider friendly name: <none>, Requesting package name: <none>"ourhome"wpa2-pskMLO Information: , Is TID-To-Link negotiation supported by the AP: false, AP MLD Address: <none>, AP MLO Link Id: <none>, AP MLO Affiliated links: <none>
11-25 19:49:01.912  1795  2424 D WifiScoreCard: txRate: 1 txSpeed: 780
11-25 19:49:01.912  1795  2424 D WifiScoreCard: network update SIGNAL_POLL "ourhome" ID: 1499892569 RSSI -46 txSpeed -1
11-25 19:49:01.912  2513 20462 V WifiManager: TrafficStateCallbackProxy: onStateChanged state=3
11-25 19:49:01.912  1795  2424 D WifiClientModeImpl[13802:wlan0]:  ClientModeImpl$L2ConnectedState screen=on 33 0 "ourhome" f4:6d:2f:12:cc:88 rssi=-46 f=5240 sc=60 link=780 tx=0.2, 0.2, 0.0 rx=0.2 bcn=2756760 [on:56 tx:1 rx:0 period:3011] from screen [on:520739 period:17055418] score=60
11-25 19:49:01.913  1795  3001 I WifiService: updateWifiUsabilityScore uid=10180 seqNum=73539 score=100 predictionHorizonSec=1441795
11-25 19:49:01.913  1795  2424 D WifiScoreReport: Wifi scoring disabled - Notify that Wifi is usable
11-25 19:49:01.916  1795  2432 D ConnectivityService: NetReassign [no changes] [c 1] [a 0] [i 1]
11-25 19:49:01.932  1011  1189 I ASH     : @ 284994.111: tcs3701: stop power rail pending_off timer
11-25 19:49:01.932  1011  1189 D ASH     : @ 284994.111: tcs3701: start power rail timer, state:3
11-25 19:49:01.972  1011  1189 I ASH     : @ 284994.151: tcs3701: stop power rail pending_off timer
11-25 19:49:01.972  1011  1189 D ASH     : @ 284994.151: tcs3701: start power rail timer, state:3
11-25 19:49:02.003  9306  9347 I BatteryMgr:DataCollectionService: stats => 1700938142003,11901,4439,13427,4169000,100
11-25 19:49:02.012  1011  1189 I ASH     : @ 284994.191: tcs3701: stop power rail pending_off timer
11-25 19:49:02.012  1011  1189 D ASH     : @ 284994.191: tcs3701: start power rail timer, state:3
11-25 19:49:02.052  1011  1189 I ASH     : @ 284994.231: tcs3701: stop power rail pending_off timer
11-25 19:49:02.052  1011  1189 D ASH     : @ 284994.231: tcs3701: start power rail timer, state:3
11-25 19:49:02.092  1011  1189 I ASH     : @ 284994.271: tcs3701: stop power rail pending_off timer
11-25 19:49:02.092  1011  1189 D ASH     : @ 284994.271: tcs3701: start power rail timer, state:3
11-25 19:49:02.104  1795  3001 D ActivityManager: freezer override set to true
11-25 19:49:02.109  9306  9347 I BatteryMgr:DataCollectionService: stats => 1700938142108,11901,4439,13427,4169000,100
11-25 19:49:02.132  1011  1189 I ASH     : @ 284994.311: tcs3701: stop power rail pending_off timer
11-25 19:49:02.132  1011  1189 D ASH     : @ 284994.311: tcs3701: start power rail timer, state:3
11-25 19:49:02.172  1011  1189 I ASH     : @ 284994.351: tcs3701: stop power rail pending_off timer
11-25 19:49:02.172  1011  1189 D ASH     : @ 284994.351: tcs3701: start power rail timer, state:3
11-25 19:49:02.212  1011  1189 I ASH     : @ 284994.391: tcs3701: stop power rail pending_off timer
11-25 19:49:02.212  1011  1189 D ASH     : @ 284994.391: tcs3701: start power rail timer, state:3
11-25 19:49:02.215  9306  9347 I BatteryMgr:DataCollectionService: stats => 1700938142214,11901,4439,13427,4169000,100
11-25 19:49:02.252  1011  1189 I ASH     : @ 284994.431: tcs3701: stop power rail pending_off timer
11-25 19:49:02.252  1011  1189 D ASH     : @ 284994.431: tcs3701: start power rail timer, state:3
11-25 19:49:02.292  1011  1189 I ASH     : @ 284994.471: tcs3701: stop power rail pending_off timer
11-25 19:49:02.292  1011  1189 D ASH     : @ 284994.471: tcs3701: start power rail timer, state:3
11-25 19:49:02.308 25212 25227 I m.chrome.canary: Explicit concurrent copying GC freed 3845(192KB) AllocSpace objects, 4(80KB) LOS objects, 75% free, 13MB/54MB, paused 34us,22us total 70.613ms
11-25 19:49:02.320  9306  9347 I BatteryMgr:DataCollectionService: stats => 1700938142320,11901,4439,13427,4169000,100
11-25 19:49:02.332  1011  1189 I ASH     : @ 284994.511: tcs3701: stop power rail pending_off timer
11-25 19:49:02.332  1011  1189 D ASH     : @ 284994.511: tcs3701: start power rail timer, state:3
11-25 19:49:02.364  1795  3001 D ActivityManager: freezer override set to false
11-25 19:49:02.372  1011  1189 I ASH     : @ 284994.551: tcs3701: stop power rail pending_off timer
11-25 19:49:02.372  1011  1189 D ASH     : @ 284994.551: tcs3701: start power rail timer, state:3
11-25 19:49:02.405  1795  3001 D ActivityManager: freezer override set to true
11-25 19:49:02.408  1795  3001 D ActivityManager: freezer override set to false
11-25 19:49:02.412  1011  1189 I ASH     : @ 284994.591: tcs3701: stop power rail pending_off timer
11-25 19:49:02.412  1011  1189 D ASH     : @ 284994.591: tcs3701: start power rail timer, state:3
11-25 19:49:02.424  9306  9347 I BatteryMgr:DataCollectionService: stats => 1700938142424,11901,4439,13427,4169000,100
11-25 19:49:02.447  1795  3001 D ActivityManager: freezer override set to true
11-25 19:49:02.449  1795  3001 D ActivityManager: freezer override set to false
11-25 19:49:02.452  1011  1189 I ASH     : @ 284994.631: tcs3701: stop power rail pending_off timer
11-25 19:49:02.452  1011  1189 D ASH     : @ 284994.631: tcs3701: start power rail timer, state:3
11-25 19:49:02.492  1011  1189 I ASH     : @ 284994.671: tcs3701: stop power rail pending_off timer
11-25 19:49:02.492  1011  1189 D ASH     : @ 284994.671: tcs3701: start power rail timer, state:3
11-25 19:49:02.530  9306  9347 I BatteryMgr:DataCollectionService: stats => 1700938142530,11901,4439,13427,4169000,100
11-25 19:49:02.532  1011  1189 I ASH     : @ 284994.711: tcs3701: stop power rail pending_off timer
11-25 19:49:02.532  1011  1189 D ASH     : @ 284994.711: tcs3701: start power rail timer, state:3
11-25 19:49:02.572  1011  1189 I ASH     : @ 284994.751: tcs3701: stop power rail pending_off timer
11-25 19:49:02.572  1011  1189 D ASH     : @ 284994.751: tcs3701: start power rail timer, state:3
11-25 19:49:02.612  1011  1189 I ASH     : @ 284994.791: tcs3701: stop power rail pending_off timer
11-25 19:49:02.612  1011  1189 D ASH     : @ 284994.791: tcs3701: start power rail timer, state:3
11-25 19:49:02.636  9306  9347 I BatteryMgr:DataCollectionService: stats => 1700938142636,11901,4439,13427,4169000,100
11-25 19:49:02.646  1795  3001 D ActivityManager: freezer override set to true
11-25 19:49:02.652  1795  3001 D ActivityManager: freezer override set to false
11-25 19:49:02.652  1011  1189 I ASH     : @ 284994.831: tcs3701: stop power rail pending_off timer
11-25 19:49:02.652  1011  1189 D ASH     : @ 284994.831: tcs3701: start power rail timer, state:3
11-25 19:49:02.692  1011  1189 I ASH     : @ 284994.871: tcs3701: stop power rail pending_off timer
11-25 19:49:02.692  1011  1189 D ASH     : @ 284994.871: tcs3701: start power rail timer, state:3
11-25 19:49:02.732  1011  1189 I ASH     : @ 284994.911: tcs3701: stop power rail pending_off timer
11-25 19:49:02.733  1011  1189 D ASH     : @ 284994.911: tcs3701: start power rail timer, state:3
11-25 19:49:02.742  9306  9347 I BatteryMgr:DataCollectionService: stats => 1700938142742,11901,4439,13427,4169000,100
11-25 19:49:02.772  1011  1189 I ASH     : @ 284994.951: tcs3701: stop power rail pending_off timer
11-25 19:49:02.772  1011  1189 D ASH     : @ 284994.951: tcs3701: start power rail timer, state:3
11-25 19:49:02.812  1011  1189 I ASH     : @ 284994.991: tcs3701: stop power rail pending_off timer
11-25 19:49:02.812  1011  1189 D ASH     : @ 284994.991: tcs3701: start power rail timer, state:3
11-25 19:49:02.848  9306  9347 I BatteryMgr:DataCollectionService: stats => 1700938142848,11901,4439,13427,4169000,100
11-25 19:49:02.852  1011  1189 I ASH     : @ 284995.031: tcs3701: stop power rail pending_off timer
11-25 19:49:02.852  1011  1189 D ASH     : @ 284995.031: tcs3701: start power rail timer, state:3
11-25 19:49:02.892  1011  1189 I ASH     : @ 284995.071: tcs3701: stop power rail pending_off timer
11-25 19:49:02.892  1011  1189 D ASH     : @ 284995.071: tcs3701: start power rail timer, state:3
11-25 19:49:02.932  1011  1189 I ASH     : @ 284995.111: tcs3701: stop power rail pending_off timer
11-25 19:49:02.932  1011  1189 D ASH     : @ 284995.111: tcs3701: start power rail timer, state:3
11-25 19:49:02.954  9306  9347 I BatteryMgr:DataCollectionService: stats => 1700938142954,11901,4439,13427,4169000,100
11-25 19:49:02.972  1011  1189 I ASH     : @ 284995.151: tcs3701: stop power rail pending_off timer
11-25 19:49:02.972  1011  1189 D ASH     : @ 284995.151: tcs3701: start power rail timer, state:3
11-25 19:49:03.012  1011  1189 I ASH     : @ 284995.191: tcs3701: stop power rail pending_off timer
11-25 19:49:03.012  1011  1189 D ASH     : @ 284995.191: tcs3701: start power rail timer, state:3
11-25 19:49:03.052  1011  1189 I ASH     : @ 284995.231: tcs3701: stop power rail pending_off timer
11-25 19:49:03.052  1011  1189 D ASH     : @ 284995.231: tcs3701: start power rail timer, state:3
11-25 19:49:03.059  9306  9347 I BatteryMgr:DataCollectionService: stats => 1700938143059,11901,4439,13427,4169000,100
11-25 19:49:03.092  1011  1189 I ASH     : @ 284995.271: tcs3701: stop power rail pending_off timer
11-25 19:49:03.092  1011  1189 D ASH     : @ 284995.271: tcs3701: start power rail timer, state:3
11-25 19:49:03.132  1011  1189 I ASH     : @ 284995.311: tcs3701: stop power rail pending_off timer
11-25 19:49:03.132  1011  1189 D ASH     : @ 284995.311: tcs3701: start power rail timer, state:3
11-25 19:49:03.166  9306  9347 I BatteryMgr:DataCollectionService: stats => 1700938143165,11901,4439,13427,4169000,100
11-25 19:49:03.172  1011  1189 I ASH     : @ 284995.351: tcs3701: stop power rail pending_off timer
11-25 19:49:03.172  1011  1189 D ASH     : @ 284995.351: tcs3701: start power rail timer, state:3
11-25 19:49:03.212  1011  1189 I ASH     : @ 284995.391: tcs3701: stop power rail pending_off timer
11-25 19:49:03.212  1011  1189 D ASH     : @ 284995.391: tcs3701: start power rail timer, state:3
11-25 19:49:03.252  1011  1189 I ASH     : @ 284995.431: tcs3701: stop power rail pending_off timer
11-25 19:49:03.252  1011  1189 D ASH     : @ 284995.431: tcs3701: start power rail timer, state:3
11-25 19:49:03.272  9306  9347 I BatteryMgr:DataCollectionService: stats => 1700938143272,11901,4439,13427,4169000,100
11-25 19:49:03.292  1011  1189 I ASH     : @ 284995.471: tcs3701: stop power rail pending_off timer
11-25 19:49:03.292  1011  1189 D ASH     : @ 284995.471: tcs3701: start power rail timer, state:3
11-25 19:49:03.332  1011  1189 I ASH     : @ 284995.511: tcs3701: stop power rail pending_off timer
11-25 19:49:03.332  1011  1189 D ASH     : @ 284995.511: tcs3701: start power rail timer, state:3
11-25 19:49:03.372  1011  1189 I ASH     : @ 284995.551: tcs3701: stop power rail pending_off timer
11-25 19:49:03.372  1011  1189 D ASH     : @ 284995.551: tcs3701: start power rail timer, state:3
11-25 19:49:03.377  9306  9347 I BatteryMgr:DataCollectionService: stats => 1700938143377,11901,4439,13427,4169000,100
11-25 19:49:03.412  1011  1189 I ASH     : @ 284995.591: tcs3701: stop power rail pending_off timer
11-25 19:49:03.412  1011  1189 D ASH     : @ 284995.591: tcs3701: start power rail timer, state:3
11-25 19:49:03.452  1011  1189 I ASH     : @ 284995.631: tcs3701: stop power rail pending_off timer
11-25 19:49:03.452  1011  1189 D ASH     : @ 284995.631: tcs3701: start power rail timer, state:3
11-25 19:49:03.484  9306  9347 I BatteryMgr:DataCollectionService: stats => 1700938143484,11901,4439,13427,4169000,100
11-25 19:49:03.492  1011  1189 I ASH     : @ 284995.671: tcs3701: stop power rail pending_off timer
11-25 19:49:03.492  1011  1189 D ASH     : @ 284995.671: tcs3701: start power rail timer, state:3
11-25 19:49:03.532  1011  1189 I ASH     : @ 284995.711: tcs3701: stop power rail pending_off timer
11-25 19:49:03.532  1011  1189 D ASH     : @ 284995.711: tcs3701: start power rail timer, state:3
11-25 19:49:03.572  1011  1189 I ASH     : @ 284995.751: tcs3701: stop power rail pending_off timer
11-25 19:49:03.572  1011  1189 D ASH     : @ 284995.751: tcs3701: start power rail timer, state:3
11-25 19:49:03.593  9306  9347 I BatteryMgr:DataCollectionService: stats => 1700938143593,11901,4439,13427,4169000,100
11-25 19:49:03.607  1795  3001 D ActivityManager: freezer override set to true
11-25 19:49:03.612  1011  1189 I ASH     : @ 284995.791: tcs3701: stop power rail pending_off timer
11-25 19:49:03.612  1011  1189 D ASH     : @ 284995.791: tcs3701: start power rail timer, state:3
11-25 19:49:03.652  1011  1189 I ASH     : @ 284995.831: tcs3701: stop power rail pending_off timer
11-25 19:49:03.652  1011  1189 D ASH     : @ 284995.831: tcs3701: start power rail timer, state:3
11-25 19:49:03.692  1011  1189 I ASH     : @ 284995.871: tcs3701: stop power rail pending_off timer
11-25 19:49:03.692  1011  1189 D ASH     : @ 284995.871: tcs3701: start power rail timer, state:3
11-25 19:49:03.697 25212 25227 I m.chrome.canary: Explicit concurrent copying GC freed 3865(199KB) AllocSpace objects, 4(80KB) LOS objects, 75% free, 13MB/54MB, paused 26us,21us total 50.658ms
11-25 19:49:03.699  9306  9347 I BatteryMgr:DataCollectionService: stats => 1700938143699,11901,4439,13427,4169000,100
11-25 19:49:03.732  1011  1189 I ASH     : @ 284995.911: tcs3701: stop power rail pending_off timer
11-25 19:49:03.732  1011  1189 D ASH     : @ 284995.911: tcs3701: start power rail timer, state:3
11-25 19:49:03.753  1795  3001 D ActivityManager: freezer override set to false
11-25 19:49:03.772  1011  1189 I ASH     : @ 284995.951: tcs3701: stop power rail pending_off timer
11-25 19:49:03.772  1011  1189 D ASH     : @ 284995.951: tcs3701: start power rail timer, state:3
11-25 19:49:03.805  9306  9347 I BatteryMgr:DataCollectionService: stats => 1700938143805,11901,4439,13427,4169000,100
11-25 19:49:03.809  1795  3001 D ActivityManager: freezer override set to true
11-25 19:49:03.812  1011  1189 I ASH     : @ 284995.991: tcs3701: stop power rail pending_off timer
11-25 19:49:03.812  1795  3001 D ActivityManager: freezer override set to false
11-25 19:49:03.812  1011  1189 D ASH     : @ 284995.991: tcs3701: start power rail timer, state:3
11-25 19:49:03.845  1795  3001 D ActivityManager: freezer override set to true
11-25 19:49:03.848  1795  3001 D ActivityManager: freezer override set to false
11-25 19:49:03.852  1011  1189 I ASH     : @ 284996.031: tcs3701: stop power rail pending_off timer
11-25 19:49:03.852  1011  1189 D ASH     : @ 284996.031: tcs3701: start power rail timer, state:3
11-25 19:49:03.892  1011  1189 I ASH     : @ 284996.071: tcs3701: stop power rail pending_off timer
11-25 19:49:03.892  1011  1189 D ASH     : @ 284996.071: tcs3701: start power rail timer, state:3
11-25 19:49:03.915  9306  9347 I BatteryMgr:DataCollectionService: stats => 1700938143914,11901,4439,13427,4169000,100
11-25 19:49:03.932  1011  1189 I ASH     : @ 284996.111: tcs3701: stop power rail pending_off timer
11-25 19:49:03.932  1011  1189 D ASH     : @ 284996.111: tcs3701: start power rail timer, state:3
11-25 19:49:03.972  1011  1189 I ASH     : @ 284996.151: tcs3701: stop power rail pending_off timer
11-25 19:49:03.972  1011  1189 D ASH     : @ 284996.151: tcs3701: start power rail timer, state:3
11-25 19:49:04.012  1011  1189 I ASH     : @ 284996.191: tcs3701: stop power rail pending_off timer
11-25 19:49:04.012  1011  1189 D ASH     : @ 284996.191: tcs3701: start power rail timer, state:3
11-25 19:49:04.026  9306  9347 I BatteryMgr:DataCollectionService: stats => 1700938144026,11901,4439,13427,4169000,100
11-25 19:49:04.052  1011  1189 I ASH     : @ 284996.231: tcs3701: stop power rail pending_off timer
11-25 19:49:04.052  1011  1189 D ASH     : @ 284996.231: tcs3701: start power rail timer, state:3
11-25 19:49:04.092  1011  1189 I ASH     : @ 284996.271: tcs3701: stop power rail pending_off timer
11-25 19:49:04.092  1011  1189 D ASH     : @ 284996.271: tcs3701: start power rail timer, state:3
11-25 19:49:04.132  1011  1189 I ASH     : @ 284996.311: tcs3701: stop power rail pending_off timer
11-25 19:49:04.132  1011  1189 D ASH     : @ 284996.311: tcs3701: start power rail timer, state:3
11-25 19:49:04.139  9306  9347 I BatteryMgr:DataCollectionService: stats => 1700938144139,11901,4439,13427,4169000,100
11-25 19:49:04.172  1011  1189 I ASH     : @ 284996.351: tcs3701: stop power rail pending_off timer
11-25 19:49:04.172  1011  1189 D ASH     : @ 284996.351: tcs3701: start power rail timer, state:3
11-25 19:49:04.212  1011  1189 I ASH     : @ 284996.391: tcs3701: stop power rail pending_off timer
11-25 19:49:04.212  1011  1189 D ASH     : @ 284996.391: tcs3701: start power rail timer, state:3
11-25 19:49:04.252  1011  1189 I ASH     : @ 284996.431: tcs3701: stop power rail pending_off timer
11-25 19:49:04.252  1011  1189 D ASH     : @ 284996.431: tcs3701: start power rail timer, state:3
11-25 19:49:04.252  9306  9347 I BatteryMgr:DataCollectionService: stats => 1700938144252,11901,4439,13427,4169000,100
11-25 19:49:04.292  1011  1189 I ASH     : @ 284996.471: tcs3701: stop power rail pending_off timer
11-25 19:49:04.292  1011  1189 D ASH     : @ 284996.471: tcs3701: start power rail timer, state:3
11-25 19:49:04.332  1011  1189 I ASH     : @ 284996.511: tcs3701: stop power rail pending_off timer
11-25 19:49:04.332  1011  1189 D ASH     : @ 284996.511: tcs3701: start power rail timer, state:3
11-25 19:49:04.365  9306  9347 I BatteryMgr:DataCollectionService: stats => 1700938144364,11901,4439,13427,4169000,100
11-25 19:49:04.372  1011  1189 I ASH     : @ 284996.551: tcs3701: stop power rail pending_off timer
11-25 19:49:04.372  1011  1189 D ASH     : @ 284996.551: tcs3701: start power rail timer, state:3
11-25 19:49:04.412  1011  1189 I ASH     : @ 284996.591: tcs3701: stop power rail pending_off timer
11-25 19:49:04.412  1011  1189 D ASH     : @ 284996.591: tcs3701: start power rail timer, state:3
11-25 19:49:04.452  1011  1189 I ASH     : @ 284996.631: tcs3701: stop power rail pending_off timer
11-25 19:49:04.453  1011  1189 D ASH     : @ 284996.631: tcs3701: start power rail timer, state:3
11-25 19:49:04.476  9306  9347 I BatteryMgr:DataCollectionService: stats => 1700938144476,11901,4439,13427,4169000,100
11-25 19:49:04.492  1011  1189 I ASH     : @ 284996.671: tcs3701: stop power rail pending_off timer
11-25 19:49:04.492  1011  1189 D ASH     : @ 284996.671: tcs3701: start power rail timer, state:3
11-25 19:49:04.532  1011  1189 I ASH     : @ 284996.711: tcs3701: stop power rail pending_off timer
11-25 19:49:04.533  1011  1189 D ASH     : @ 284996.711: tcs3701: start power rail timer, state:3
11-25 19:49:04.572  1011  1189 I ASH     : @ 284996.751: tcs3701: stop power rail pending_off timer
11-25 19:49:04.572  1011  1189 D ASH     : @ 284996.751: tcs3701: start power rail timer, state:3
11-25 19:49:04.589  9306  9347 I BatteryMgr:DataCollectionService: stats => 1700938144589,11901,4439,13427,4169000,100
11-25 19:49:04.612  1011  1189 I ASH     : @ 284996.791: tcs3701: stop power rail pending_off timer
11-25 19:49:04.613  1011  1189 D ASH     : @ 284996.791: tcs3701: start power rail timer, state:3
11-25 19:49:04.652  1011  1189 I ASH     : @ 284996.831: tcs3701: stop power rail pending_off timer
11-25 19:49:04.652  1011  1189 D ASH     : @ 284996.831: tcs3701: start power rail timer, state:3
11-25 19:49:04.657  1795  3001 D ActivityManager: freezer override set to true
11-25 19:49:04.665  1795  3001 D ActivityManager: freezer override set to false
11-25 19:49:04.692  1011  1189 I ASH     : @ 284996.871: tcs3701: stop power rail pending_off timer
11-25 19:49:04.692  1011  1189 D ASH     : @ 284996.871: tcs3701: start power rail timer, state:3
11-25 19:49:04.703  9306  9347 I BatteryMgr:DataCollectionService: stats => 1700938144703,11901,4439,13427,4169000,100
11-25 19:49:04.732  1011  1189 I ASH     : @ 284996.911: tcs3701: stop power rail pending_off timer
11-25 19:49:04.732  1011  1189 D ASH     : @ 284996.911: tcs3701: start power rail timer, state:3
11-25 19:49:04.772  1011  1189 I ASH     : @ 284996.951: tcs3701: stop power rail pending_off timer
11-25 19:49:04.772  1011  1189 D ASH     : @ 284996.951: tcs3701: start power rail timer, state:3
11-25 19:49:04.812  1011  1189 I ASH     : @ 284996.991: tcs3701: stop power rail pending_off timer
11-25 19:49:04.812  1011  1189 D ASH     : @ 284996.991: tcs3701: start power rail timer, state:3
11-25 19:49:04.814  9306  9347 I BatteryMgr:DataCollectionService: stats => 1700938144813,11901,4439,13427,4169000,100
11-25 19:49:04.852  1011  1189 I ASH     : @ 284997.031: tcs3701: stop power rail pending_off timer
11-25 19:49:04.852  1011  1189 D ASH     : @ 284997.031: tcs3701: start power rail timer, state:3
11-25 19:49:04.892  1011  1189 I ASH     : @ 284997.071: tcs3701: stop power rail pending_off timer
11-25 19:49:04.892  1011  1189 D ASH     : @ 284997.071: tcs3701: start power rail timer, state:3
11-25 19:49:04.926  9306  9347 I BatteryMgr:DataCollectionService: stats => 1700938144926,11901,4439,13427,4169000,100
11-25 19:49:04.932  1011  1189 I ASH     : @ 284997.111: tcs3701: stop power rail pending_off timer
11-25 19:49:04.932  1011  1189 D ASH     : @ 284997.111: tcs3701: start power rail timer, state:3
11-25 19:49:04.934  1795  2424 D WifiClientModeImpl[13802:wlan0]: updateLinkLayerStatsRssiSpeedFrequencyCapabilities rssi=-46 TxLinkspeed=780 freq=5240 RxLinkSpeed=650
11-25 19:49:04.934  1795  2424 D WifiDataStall: tx tput in kbps: 691792
11-25 19:49:04.934  1795  2424 D WifiDataStall: rx tput in kbps: 606835
11-25 19:49:04.935  1795  2424 V WifiConfigManager: Updating scan detail cache freq=5240 BSSID=f4:6d:2f:12:cc:88 RSSI=-46 for "ourhome"WPA_PSK
11-25 19:49:04.936  1795  2424 D WifiChannelUtilization:  freq: 5240 onTime: 8097138 busyTime: 749483 onTimeDiff: 506443 busyTimeDiff: 35510 utilization: 17 utilization t0: 23
11-25 19:49:04.937  1795  2424 D WifiDataStall:  ccaLevel = 17
11-25 19:49:04.937  1795  2424 D WifiDataStall: L2 txTputKbps: 691792, rxTputKbps: 606835, L3 txTputKbps: 0, rxTputKbps: 0, TxTrafficHigh: false, RxTrafficHigh: false, Throughput Sufficient: true
11-25 19:49:04.937  2673 18847 V WifiManager: OnWifiUsabilityStatsListener: onWifiUsabilityStats: seqNum=73540
11-25 19:49:04.937  1795  2424 D WifiScoreReport: Wifi scoring disabled - Don't check IP layer
11-25 19:49:04.938  1795  2424 D WifiScoreCard: BSSID update SIGNAL_POLL ID: 1320464697 SSID: "ourhome", BSSID: f4:6d:2f:12:cc:88, MAC: b2:2f:ec:da:4a:0c, IP: /192.168.1.104, Security type: 2, Supplicant state: COMPLETED, Wi-Fi standard: 5, RSSI: -46, Link speed: 780Mbps, Tx Link speed: 780Mbps, Max Supported Tx Link speed: 866Mbps, Rx Link speed: 650Mbps, Max Supported Rx Link speed: 866Mbps, Frequency: 5240MHz, Net ID: 12, Metered hint: false, score: 60, isUsable: true, CarrierMerged: false, SubscriptionId: -1, IsPrimary: 1, Trusted: true, Restricted: false, Ephemeral: false, OEM paid: false, OEM private: false, OSU AP: false, FQDN: <none>, Provider friendly name: <none>, Requesting package name: <none>"ourhome"wpa2-pskMLO Information: , Is TID-To-Link negotiation supported by the AP: false, AP MLD Address: <none>, AP MLO Link Id: <none>, AP MLO Affiliated links: <none>
11-25 19:49:04.938  1795  2424 D WifiScoreCard: txRate: 1 txSpeed: 780
11-25 19:49:04.938  1795  2424 D WifiScoreCard: network update SIGNAL_POLL "ourhome" ID: 1499892569 RSSI -46 txSpeed -1
11-25 19:49:04.938  1795  3001 I WifiService: updateWifiUsabilityScore uid=10180 seqNum=73540 score=100 predictionHorizonSec=1441795
11-25 19:49:04.938  2513 20462 V WifiManager: TrafficStateCallbackProxy: onStateChanged state=0
11-25 19:49:04.939  1795  2424 D WifiClientModeImpl[13802:wlan0]:  ClientModeImpl$L2ConnectedState screen=on 33 0 "ourhome" f4:6d:2f:12:cc:88 rssi=-46 f=5240 sc=60 link=780 tx=0.0, 0.0, 0.0 rx=0.0 bcn=2756789 [on:0 tx:0 rx:0 period:3027] from screen [on:520739 period:17058445] score=60
11-25 19:49:04.940  1795  2424 D WifiScoreReport: Wifi scoring disabled - Notify that Wifi is usable
11-25 19:49:04.945  1795  2432 D ConnectivityService: NetReassign [no changes] [c 0] [a 1] [i 4]
11-25 19:49:04.972  1011  1189 I ASH     : @ 284997.151: tcs3701: stop power rail pending_off timer
11-25 19:49:04.972  1011  1189 D ASH     : @ 284997.151: tcs3701: start power rail timer, state:3
11-25 19:49:05.012  1011  1189 I ASH     : @ 284997.191: tcs3701: stop power rail pending_off timer
11-25 19:49:05.013  1011  1189 D ASH     : @ 284997.191: tcs3701: start power rail timer, state:3
11-25 19:49:05.036  9306  9347 I BatteryMgr:DataCollectionService: stats => 1700938145035,11901,4439,13427,4169000,100
11-25 19:49:05.049  1795  3759 D ActivityManager: freezer override set to true
11-25 19:49:05.052  1011  1189 I ASH     : @ 284997.231: tcs3701: stop power rail pending_off timer
11-25 19:49:05.052  1011  1189 D ASH     : @ 284997.231: tcs3701: start power rail timer, state:3
11-25 19:49:05.092  1011  1189 I ASH     : @ 284997.271: tcs3701: stop power rail pending_off timer
11-25 19:49:05.092  1011  1189 D ASH     : @ 284997.271: tcs3701: start power rail timer, state:3
11-25 19:49:05.132  1011  1189 I ASH     : @ 284997.311: tcs3701: stop power rail pending_off timer
11-25 19:49:05.132  1011  1189 D ASH     : @ 284997.311: tcs3701: start power rail timer, state:3
11-25 19:49:05.148  9306  9347 I BatteryMgr:DataCollectionService: stats => 1700938145148,11901,4439,13427,4169000,100
11-25 19:49:05.172  1011  1189 I ASH     : @ 284997.351: tcs3701: stop power rail pending_off timer
11-25 19:49:05.172  1011  1189 D ASH     : @ 284997.351: tcs3701: start power rail timer, state:3
11-25 19:49:05.204 25212 25227 I m.chrome.canary: Explicit concurrent copying GC freed 4019(200KB) AllocSpace objects, 5(100KB) LOS objects, 75% free, 13MB/54MB, paused 28us,24us total 52.176ms
11-25 19:49:05.212  1011  1189 I ASH     : @ 284997.391: tcs3701: stop power rail pending_off timer
11-25 19:49:05.212  1011  1189 D ASH     : @ 284997.391: tcs3701: start power rail timer, state:3
11-25 19:49:05.252  1011  1189 I ASH     : @ 284997.431: tcs3701: stop power rail pending_off timer
11-25 19:49:05.252  1011  1189 D ASH     : @ 284997.431: tcs3701: start power rail timer, state:3
11-25 19:49:05.259  9306  9347 I BatteryMgr:DataCollectionService: stats => 1700938145258,11901,4439,13427,4169000,100
11-25 19:49:05.263  1795  3759 D ActivityManager: freezer override set to false
11-25 19:49:05.292  1011  1189 I ASH     : @ 284997.471: tcs3701: stop power rail pending_off timer
11-25 19:49:05.292  1011  1189 D ASH     : @ 284997.471: tcs3701: start power rail timer, state:3
11-25 19:49:05.303  1795  3759 D ActivityManager: freezer override set to true
11-25 19:49:05.306  1795  3759 D ActivityManager: freezer override set to false
11-25 19:49:05.332  1011  1189 I ASH     : @ 284997.511: tcs3701: stop power rail pending_off timer
11-25 19:49:05.332  1011  1189 D ASH     : @ 284997.511: tcs3701: start power rail timer, state:3
11-25 19:49:05.357  1795  3759 D ActivityManager: freezer override set to true
11-25 19:49:05.360  1795  3759 D ActivityManager: freezer override set to false
11-25 19:49:05.364  9306  9347 I BatteryMgr:DataCollectionService: stats => 1700938145364,11901,4439,13427,4169000,100
11-25 19:49:05.372  1011  1189 I ASH     : @ 284997.551: tcs3701: stop power rail pending_off timer
11-25 19:49:05.372  1011  1189 D ASH     : @ 284997.551: tcs3701: start power rail timer, state:3
11-25 19:49:05.412  1011  1189 I ASH     : @ 284997.591: tcs3701: stop power rail pending_off timer
11-25 19:49:05.412  1011  1189 D ASH     : @ 284997.591: tcs3701: start power rail timer, state:3
11-25 19:49:05.452  1011  1189 I ASH     : @ 284997.631: tcs3701: stop power rail pending_off timer
11-25 19:49:05.452  1011  1189 D ASH     : @ 284997.631: tcs3701: start power rail timer, state:3
11-25 19:49:05.475  9306  9347 I BatteryMgr:DataCollectionService: stats => 1700938145474,11901,4439,13427,4169000,100
11-25 19:49:05.493  1011  1189 I ASH     : @ 284997.671: tcs3701: stop power rail pending_off timer
11-25 19:49:05.493  1011  1189 D ASH     : @ 284997.671: tcs3701: start power rail timer, state:3
11-25 19:49:05.532  1011  1189 I ASH     : @ 284997.711: tcs3701: stop power rail pending_off timer
11-25 19:49:05.532  1011  1189 D ASH     : @ 284997.711: tcs3701: start power rail timer, state:3
11-25 19:49:05.572  1011  1189 I ASH     : @ 284997.751: tcs3701: stop power rail pending_off timer
11-25 19:49:05.572  1011  1189 D ASH     : @ 284997.751: tcs3701: start power rail timer, state:3
11-25 19:49:05.584  9306  9347 I BatteryMgr:DataCollectionService: stats => 1700938145584,11901,4439,13427,4169000,100
11-25 19:49:05.612  1011  1189 I ASH     : @ 284997.791: tcs3701: stop power rail pending_off timer
11-25 19:49:05.612  1011  1189 D ASH     : @ 284997.791: tcs3701: start power rail timer, state:3
11-25 19:49:05.652  1011  1189 I ASH     : @ 284997.831: tcs3701: stop power rail pending_off timer
11-25 19:49:05.652  1011  1189 D ASH     : @ 284997.831: tcs3701: start power rail timer, state:3
11-25 19:49:05.662  1795  3759 D ActivityManager: freezer override set to true
11-25 19:49:05.669  1795  3759 D ActivityManager: freezer override set to false
11-25 19:49:05.692  1011  1189 I ASH     : @ 284997.871: tcs3701: stop power rail pending_off timer
11-25 19:49:05.692  1011  1189 D ASH     : @ 284997.871: tcs3701: start power rail timer, state:3
11-25 19:49:05.695  9306  9347 I BatteryMgr:DataCollectionService: stats => 1700938145695,11901,4439,13427,4169000,100
11-25 19:49:05.732  1011  1189 I ASH     : @ 284997.911: tcs3701: stop power rail pending_off timer
11-25 19:49:05.732  1011  1189 D ASH     : @ 284997.911: tcs3701: start power rail timer, state:3
11-25 19:49:05.772  1011  1189 I ASH     : @ 284997.951: tcs3701: stop power rail pending_off timer
11-25 19:49:05.772  1011  1189 D ASH     : @ 284997.951: tcs3701: start power rail timer, state:3
11-25 19:49:05.809  9306  9347 I BatteryMgr:DataCollectionService: stats => 1700938145809,11901,4439,13427,4169000,100
11-25 19:49:05.812  1011  1189 I ASH     : @ 284997.991: tcs3701: stop power rail pending_off timer
11-25 19:49:05.812  1011  1189 D ASH     : @ 284997.991: tcs3701: start power rail timer, state:3
11-25 19:49:05.852  1011  1189 I ASH     : @ 284998.031: tcs3701: stop power rail pending_off timer
11-25 19:49:05.852  1011  1189 D ASH     : @ 284998.031: tcs3701: start power rail timer, state:3
11-25 19:49:05.892  1011  1189 I ASH     : @ 284998.071: tcs3701: stop power rail pending_off timer
11-25 19:49:05.892  1011  1189 D ASH     : @ 284998.071: tcs3701: start power rail timer, state:3
11-25 19:49:05.925  9306  9347 I BatteryMgr:DataCollectionService: stats => 1700938145924,11901,4439,13427,4169000,100
11-25 19:49:05.932  1011  1189 I ASH     : @ 284998.111: tcs3701: stop power rail pending_off timer
11-25 19:49:05.932  1011  1189 D ASH     : @ 284998.111: tcs3701: start power rail timer, state:3
11-25 19:49:05.972  1011  1189 I ASH     : @ 284998.151: tcs3701: stop power rail pending_off timer
11-25 19:49:05.972  1011  1189 D ASH     : @ 284998.151: tcs3701: start power rail timer, state:3
11-25 19:49:06.012  1011  1189 I ASH     : @ 284998.191: tcs3701: stop power rail pending_off timer
