11-26 17:23:03.051  8427  8469 I BatteryMgr:DataCollectionService: stats => 1701015783051,109863,4442,108032,4169000,100
11-26 17:23:03.088  1011  1189 I ASH     : @ 362635.261: tcs3701: stop power rail pending_off timer
11-26 17:23:03.088  1011  1189 D ASH     : @ 362635.261: tcs3701: start power rail timer, state:3
11-26 17:23:03.128  1011  1189 I ASH     : @ 362635.301: tcs3701: stop power rail pending_off timer
11-26 17:23:03.128  1011  1189 D ASH     : @ 362635.301: tcs3701: start power rail timer, state:3
11-26 17:23:03.158  8427  8469 I BatteryMgr:DataCollectionService: stats => 1701015783158,109558,4442,108032,4169000,100
11-26 17:23:03.169  1011  1189 I ASH     : @ 362635.341: tcs3701: stop power rail pending_off timer
11-26 17:23:03.169  1011  1189 D ASH     : @ 362635.341: tcs3701: start power rail timer, state:3
11-26 17:23:03.208  1011  1189 I ASH     : @ 362635.381: tcs3701: stop power rail pending_off timer
11-26 17:23:03.208  1011  1189 D ASH     : @ 362635.381: tcs3701: start power rail timer, state:3
11-26 17:23:03.248  1011  1189 I ASH     : @ 362635.421: tcs3701: stop power rail pending_off timer
11-26 17:23:03.248  1011  1189 D ASH     : @ 362635.421: tcs3701: start power rail timer, state:3
11-26 17:23:03.267  8427  8469 I BatteryMgr:DataCollectionService: stats => 1701015783267,108032,4442,108032,4169000,100
11-26 17:23:03.288  1011  1189 I ASH     : @ 362635.461: tcs3701: stop power rail pending_off timer
11-26 17:23:03.288  1011  1189 D ASH     : @ 362635.461: tcs3701: start power rail timer, state:3
11-26 17:23:03.328  1011  1189 I ASH     : @ 362635.501: tcs3701: stop power rail pending_off timer
11-26 17:23:03.328  1011  1189 D ASH     : @ 362635.501: tcs3701: start power rail timer, state:3
11-26 17:23:03.369  1011  1189 I ASH     : @ 362635.541: tcs3701: stop power rail pending_off timer
11-26 17:23:03.369  1011  1189 D ASH     : @ 362635.541: tcs3701: start power rail timer, state:3
11-26 17:23:03.376  8427  8469 I BatteryMgr:DataCollectionService: stats => 1701015783376,111389,4442,108032,4169000,100
11-26 17:23:03.408  1011  1189 I ASH     : @ 362635.581: tcs3701: stop power rail pending_off timer
11-26 17:23:03.408  1011  1189 D ASH     : @ 362635.581: tcs3701: start power rail timer, state:3
11-26 17:23:03.448  1011  1189 I ASH     : @ 362635.621: tcs3701: stop power rail pending_off timer
11-26 17:23:03.448  1011  1189 D ASH     : @ 362635.621: tcs3701: start power rail timer, state:3
11-26 17:23:03.483  8427  8469 I BatteryMgr:DataCollectionService: stats => 1701015783482,107727,4442,108032,4169000,100
11-26 17:23:03.488  1011  1189 I ASH     : @ 362635.661: tcs3701: stop power rail pending_off timer
11-26 17:23:03.488  1011  1189 D ASH     : @ 362635.661: tcs3701: start power rail timer, state:3
11-26 17:23:03.528  1011  1189 I ASH     : @ 362635.701: tcs3701: stop power rail pending_off timer
11-26 17:23:03.528  1011  1189 D ASH     : @ 362635.701: tcs3701: start power rail timer, state:3
11-26 17:23:03.567  1011  1189 I ASH     : @ 362635.741: tcs3701: stop power rail pending_off timer
11-26 17:23:03.568  1011  1189 D ASH     : @ 362635.741: tcs3701: start power rail timer, state:3
11-26 17:23:03.580  1795  4172 D ActivityManager: freezer override set to true
11-26 17:23:03.585  1795  4172 D ActivityManager: freezer override set to false
11-26 17:23:03.589  8427  8469 I BatteryMgr:DataCollectionService: stats => 1701015783589,109863,4442,108032,4169000,100
11-26 17:23:03.607  1011  1189 I ASH     : @ 362635.781: tcs3701: stop power rail pending_off timer
11-26 17:23:03.608  1011  1189 D ASH     : @ 362635.781: tcs3701: start power rail timer, state:3
11-26 17:23:03.647  1011  1189 I ASH     : @ 362635.821: tcs3701: stop power rail pending_off timer
11-26 17:23:03.647  1011  1189 D ASH     : @ 362635.821: tcs3701: start power rail timer, state:3
11-26 17:23:03.688  1011  1189 I ASH     : @ 362635.861: tcs3701: stop power rail pending_off timer
11-26 17:23:03.688  1011  1189 D ASH     : @ 362635.861: tcs3701: start power rail timer, state:3
11-26 17:23:03.690  1795  4158 D ActivityManager: freezer override set to true
11-26 17:23:03.696  8427  8469 I BatteryMgr:DataCollectionService: stats => 1701015783696,110168,4442,108032,4169000,100
11-26 17:23:03.728  1011  1189 I ASH     : @ 362635.901: tcs3701: stop power rail pending_off timer
11-26 17:23:03.728  1011  1189 D ASH     : @ 362635.901: tcs3701: start power rail timer, state:3
11-26 17:23:03.768  1011  1189 I ASH     : @ 362635.941: tcs3701: stop power rail pending_off timer
11-26 17:23:03.768  1011  1189 D ASH     : @ 362635.941: tcs3701: start power rail timer, state:3
11-26 17:23:03.803  8427  8469 I BatteryMgr:DataCollectionService: stats => 1701015783802,107116,4442,108032,4169000,100
11-26 17:23:03.807  1011  1189 I ASH     : @ 362635.981: tcs3701: stop power rail pending_off timer
11-26 17:23:03.808  1011  1189 D ASH     : @ 362635.981: tcs3701: start power rail timer, state:3
11-26 17:23:03.839 25114 25166 I m.chrome.canary: Explicit concurrent copying GC freed 4053(207KB) AllocSpace objects, 5(100KB) LOS objects, 75% free, 14MB/56MB, paused 128us,24us total 56.523ms
11-26 17:23:03.847  1011  1189 I ASH     : @ 362636.021: tcs3701: stop power rail pending_off timer
11-26 17:23:03.848  1011  1189 D ASH     : @ 362636.021: tcs3701: start power rail timer, state:3
11-26 17:23:03.863  2113  2118 I pixel-thermal: skin-therm-monitor: 39.136
11-26 17:23:03.888  1011  1189 I ASH     : @ 362636.061: tcs3701: stop power rail pending_off timer
11-26 17:23:03.888  1011  1189 D ASH     : @ 362636.061: tcs3701: start power rail timer, state:3
11-26 17:23:03.906  1795  4158 D ActivityManager: freezer override set to false
11-26 17:23:03.909  8427  8469 I BatteryMgr:DataCollectionService: stats => 1701015783909,106201,4442,108032,4169000,100
11-26 17:23:03.928  1011  1189 I ASH     : @ 362636.101: tcs3701: stop power rail pending_off timer
11-26 17:23:03.928  1011  1189 D ASH     : @ 362636.101: tcs3701: start power rail timer, state:3
11-26 17:23:03.958  1795  4172 D ActivityManager: freezer override set to true
11-26 17:23:03.961  1795  4172 D ActivityManager: freezer override set to false
11-26 17:23:03.967  1011  1189 I ASH     : @ 362636.141: tcs3701: stop power rail pending_off timer
11-26 17:23:03.969  1011  1189 D ASH     : @ 362636.141: tcs3701: start power rail timer, state:3
11-26 17:23:04.003  1795  4172 D ActivityManager: freezer override set to true
11-26 17:23:04.007  1795  4172 D ActivityManager: freezer override set to false
11-26 17:23:04.008  1011  1189 I ASH     : @ 362636.181: tcs3701: stop power rail pending_off timer
11-26 17:23:04.008  1011  1189 D ASH     : @ 362636.181: tcs3701: start power rail timer, state:3
11-26 17:23:04.015  8427  8469 I BatteryMgr:DataCollectionService: stats => 1701015784015,108032,4442,108032,4169000,100
11-26 17:23:04.048  1011  1189 I ASH     : @ 362636.221: tcs3701: stop power rail pending_off timer
11-26 17:23:04.048  1011  1189 D ASH     : @ 362636.221: tcs3701: start power rail timer, state:3
11-26 17:23:04.088  1011  1189 I ASH     : @ 362636.261: tcs3701: stop power rail pending_off timer
11-26 17:23:04.088  1011  1189 D ASH     : @ 362636.261: tcs3701: start power rail timer, state:3
11-26 17:23:04.122  8427  8469 I BatteryMgr:DataCollectionService: stats => 1701015784122,105590,4442,108032,4169000,100
11-26 17:23:04.128  1011  1189 I ASH     : @ 362636.301: tcs3701: stop power rail pending_off timer
11-26 17:23:04.128  1011  1189 D ASH     : @ 362636.301: tcs3701: start power rail timer, state:3
11-26 17:23:04.168  1011  1189 I ASH     : @ 362636.341: tcs3701: stop power rail pending_off timer
11-26 17:23:04.168  1011  1189 D ASH     : @ 362636.341: tcs3701: start power rail timer, state:3
11-26 17:23:04.208  1011  1189 I ASH     : @ 362636.381: tcs3701: stop power rail pending_off timer
11-26 17:23:04.208  1011  1189 D ASH     : @ 362636.381: tcs3701: start power rail timer, state:3
11-26 17:23:04.232  8427  8469 I BatteryMgr:DataCollectionService: stats => 1701015784232,104980,4442,108032,4169000,100
11-26 17:23:04.248  1011  1189 I ASH     : @ 362636.421: tcs3701: stop power rail pending_off timer
11-26 17:23:04.248  1011  1189 D ASH     : @ 362636.421: tcs3701: start power rail timer, state:3
11-26 17:23:04.287  1011  1189 I ASH     : @ 362636.461: tcs3701: stop power rail pending_off timer
11-26 17:23:04.288  1011  1189 D ASH     : @ 362636.461: tcs3701: start power rail timer, state:3
11-26 17:23:04.328  1011  1189 I ASH     : @ 362636.501: tcs3701: stop power rail pending_off timer
11-26 17:23:04.329  1011  1189 D ASH     : @ 362636.501: tcs3701: start power rail timer, state:3
11-26 17:23:04.337  8427  8469 I BatteryMgr:DataCollectionService: stats => 1701015784337,107116,4442,108032,4169000,100
11-26 17:23:04.368  1011  1189 I ASH     : @ 362636.541: tcs3701: stop power rail pending_off timer
11-26 17:23:04.368  1011  1189 D ASH     : @ 362636.541: tcs3701: start power rail timer, state:3
11-26 17:23:04.407  1011  1189 I ASH     : @ 362636.581: tcs3701: stop power rail pending_off timer
11-26 17:23:04.408  1011  1189 D ASH     : @ 362636.581: tcs3701: start power rail timer, state:3
11-26 17:23:04.445  8427  8469 I BatteryMgr:DataCollectionService: stats => 1701015784445,108337,4442,108032,4169000,100
11-26 17:23:04.447  1011  1189 I ASH     : @ 362636.621: tcs3701: stop power rail pending_off timer
11-26 17:23:04.447  1011  1189 D ASH     : @ 362636.621: tcs3701: start power rail timer, state:3
11-26 17:23:04.488  1011  1189 I ASH     : @ 362636.661: tcs3701: stop power rail pending_off timer
11-26 17:23:04.488  1011  1189 D ASH     : @ 362636.661: tcs3701: start power rail timer, state:3
11-26 17:23:04.528  1011  1189 I ASH     : @ 362636.701: tcs3701: stop power rail pending_off timer
11-26 17:23:04.528  1011  1189 D ASH     : @ 362636.701: tcs3701: start power rail timer, state:3
11-26 17:23:04.556  8427  8469 I BatteryMgr:DataCollectionService: stats => 1701015784556,106506,4442,108032,4169000,100
11-26 17:23:04.568  1011  1189 I ASH     : @ 362636.741: tcs3701: stop power rail pending_off timer
11-26 17:23:04.568  1011  1189 D ASH     : @ 362636.741: tcs3701: start power rail timer, state:3
11-26 17:23:04.590  1795  4172 D ActivityManager: freezer override set to true
11-26 17:23:04.595  1795  4172 D ActivityManager: freezer override set to false
11-26 17:23:04.608  1011  1189 I ASH     : @ 362636.781: tcs3701: stop power rail pending_off timer
11-26 17:23:04.608  1011  1189 D ASH     : @ 362636.781: tcs3701: start power rail timer, state:3
11-26 17:23:04.648  1011  1189 I ASH     : @ 362636.821: tcs3701: stop power rail pending_off timer
11-26 17:23:04.648  1011  1189 D ASH     : @ 362636.821: tcs3701: start power rail timer, state:3
11-26 17:23:04.663  8427  8469 I BatteryMgr:DataCollectionService: stats => 1701015784663,106811,4442,108032,4169000,100
11-26 17:23:04.687  1011  1189 I ASH     : @ 362636.861: tcs3701: stop power rail pending_off timer
11-26 17:23:04.688  1011  1189 D ASH     : @ 362636.861: tcs3701: start power rail timer, state:3
11-26 17:23:04.728  1011  1189 I ASH     : @ 362636.901: tcs3701: stop power rail pending_off timer
11-26 17:23:04.728  1011  1189 D ASH     : @ 362636.901: tcs3701: start power rail timer, state:3
11-26 17:23:04.768  1011  1189 I ASH     : @ 362636.941: tcs3701: stop power rail pending_off timer
11-26 17:23:04.768  1011  1189 D ASH     : @ 362636.941: tcs3701: start power rail timer, state:3
11-26 17:23:04.771  8427  8469 I BatteryMgr:DataCollectionService: stats => 1701015784771,108032,4442,108032,4169000,100
11-26 17:23:04.808  1011  1189 I ASH     : @ 362636.981: tcs3701: stop power rail pending_off timer
11-26 17:23:04.808  1011  1189 D ASH     : @ 362636.981: tcs3701: start power rail timer, state:3
11-26 17:23:04.849  1011  1189 I ASH     : @ 362637.021: tcs3701: stop power rail pending_off timer
11-26 17:23:04.849  1011  1189 D ASH     : @ 362637.021: tcs3701: start power rail timer, state:3
11-26 17:23:04.880  8427  8469 I BatteryMgr:DataCollectionService: stats => 1701015784879,108032,4442,108032,4169000,100
11-26 17:23:04.888  1011  1189 I ASH     : @ 362637.061: tcs3701: stop power rail pending_off timer
11-26 17:23:04.888  1011  1189 D ASH     : @ 362637.061: tcs3701: start power rail timer, state:3
11-26 17:23:04.928  1011  1189 I ASH     : @ 362637.101: tcs3701: stop power rail pending_off timer
11-26 17:23:04.928  1011  1189 D ASH     : @ 362637.101: tcs3701: start power rail timer, state:3
11-26 17:23:04.967  1011  1189 I ASH     : @ 362637.141: tcs3701: stop power rail pending_off timer
11-26 17:23:04.968  1011  1189 D ASH     : @ 362637.141: tcs3701: start power rail timer, state:3
11-26 17:23:04.989  8427  8469 I BatteryMgr:DataCollectionService: stats => 1701015784989,106506,4442,108032,4169000,100
11-26 17:23:05.008  1011  1189 I ASH     : @ 362637.181: tcs3701: stop power rail pending_off timer
11-26 17:23:05.009  1011  1189 D ASH     : @ 362637.181: tcs3701: start power rail timer, state:3
11-26 17:23:05.047  1011  1189 I ASH     : @ 362637.221: tcs3701: stop power rail pending_off timer
11-26 17:23:05.047  1011  1189 D ASH     : @ 362637.221: tcs3701: start power rail timer, state:3
11-26 17:23:05.088  1011  1189 I ASH     : @ 362637.261: tcs3701: stop power rail pending_off timer
11-26 17:23:05.088  1011  1189 D ASH     : @ 362637.261: tcs3701: start power rail timer, state:3
11-26 17:23:05.100  8427  8469 I BatteryMgr:DataCollectionService: stats => 1701015785100,108032,4442,108032,4169000,100
11-26 17:23:05.128  1011  1189 I ASH     : @ 362637.301: tcs3701: stop power rail pending_off timer
11-26 17:23:05.129  1011  1189 D ASH     : @ 362637.301: tcs3701: start power rail timer, state:3
11-26 17:23:05.140  1795  4172 D ActivityManager: freezer override set to true
11-26 17:23:05.168  1011  1189 I ASH     : @ 362637.341: tcs3701: stop power rail pending_off timer
11-26 17:23:05.168  1011  1189 D ASH     : @ 362637.341: tcs3701: start power rail timer, state:3
11-26 17:23:05.204  8427  8469 I BatteryMgr:DataCollectionService: stats => 1701015785204,107116,4442,108032,4169000,100
11-26 17:23:05.207  1011  1189 I ASH     : @ 362637.381: tcs3701: stop power rail pending_off timer
11-26 17:23:05.207  1011  1189 D ASH     : @ 362637.381: tcs3701: start power rail timer, state:3
11-26 17:23:05.248  1011  1189 I ASH     : @ 362637.421: tcs3701: stop power rail pending_off timer
11-26 17:23:05.248  1011  1189 D ASH     : @ 362637.421: tcs3701: start power rail timer, state:3
11-26 17:23:05.279 25114 25166 I m.chrome.canary: Explicit concurrent copying GC freed 3841(192KB) AllocSpace objects, 4(80KB) LOS objects, 75% free, 14MB/56MB, paused 34us,20us total 54.792ms
11-26 17:23:05.288  1011  1189 I ASH     : @ 362637.461: tcs3701: stop power rail pending_off timer
11-26 17:23:05.288  1011  1189 D ASH     : @ 362637.461: tcs3701: start power rail timer, state:3
11-26 17:23:05.313  8427  8469 I BatteryMgr:DataCollectionService: stats => 1701015785313,106201,4442,108032,4169000,100
11-26 17:23:05.328  1011  1189 I ASH     : @ 362637.501: tcs3701: stop power rail pending_off timer
11-26 17:23:05.328  1011  1189 D ASH     : @ 362637.501: tcs3701: start power rail timer, state:3
11-26 17:23:05.345  1795  4172 D ActivityManager: freezer override set to false
11-26 17:23:05.368  1011  1189 I ASH     : @ 362637.541: tcs3701: stop power rail pending_off timer
11-26 17:23:05.368  1011  1189 D ASH     : @ 362637.541: tcs3701: start power rail timer, state:3
11-26 17:23:05.393  1795  4172 D ActivityManager: freezer override set to true
11-26 17:23:05.396  1795  4172 D ActivityManager: freezer override set to false
11-26 17:23:05.407  1011  1189 I ASH     : @ 362637.581: tcs3701: stop power rail pending_off timer
11-26 17:23:05.407  1011  1189 D ASH     : @ 362637.581: tcs3701: start power rail timer, state:3
11-26 17:23:05.419  8427  8469 I BatteryMgr:DataCollectionService: stats => 1701015785419,105896,4442,108032,4169000,100
11-26 17:23:05.434  1795  4172 D ActivityManager: freezer override set to true
11-26 17:23:05.437  1795  4172 D ActivityManager: freezer override set to false
11-26 17:23:05.447  1011  1189 I ASH     : @ 362637.621: tcs3701: stop power rail pending_off timer
11-26 17:23:05.448  1011  1189 D ASH     : @ 362637.621: tcs3701: start power rail timer, state:3
11-26 17:23:05.488  1011  1189 I ASH     : @ 362637.661: tcs3701: stop power rail pending_off timer
11-26 17:23:05.488  1011  1189 D ASH     : @ 362637.661: tcs3701: start power rail timer, state:3
11-26 17:23:05.526  8427  8469 I BatteryMgr:DataCollectionService: stats => 1701015785526,107116,4442,108032,4169000,100
11-26 17:23:05.528  1011  1189 I ASH     : @ 362637.701: tcs3701: stop power rail pending_off timer
11-26 17:23:05.528  1011  1189 D ASH     : @ 362637.701: tcs3701: start power rail timer, state:3
11-26 17:23:05.568  1011  1189 I ASH     : @ 362637.741: tcs3701: stop power rail pending_off timer
11-26 17:23:05.568  1011  1189 D ASH     : @ 362637.741: tcs3701: start power rail timer, state:3
11-26 17:23:05.604  1795  4172 D ActivityManager: freezer override set to true
11-26 17:23:05.607  1011  1189 I ASH     : @ 362637.781: tcs3701: stop power rail pending_off timer
11-26 17:23:05.607  1011  1189 D ASH     : @ 362637.781: tcs3701: start power rail timer, state:3
11-26 17:23:05.609  1795  4172 D ActivityManager: freezer override set to false
11-26 17:23:05.632  8427  8469 I BatteryMgr:DataCollectionService: stats => 1701015785632,107116,4442,108032,4169000,100
11-26 17:23:05.648  1011  1189 I ASH     : @ 362637.821: tcs3701: stop power rail pending_off timer
11-26 17:23:05.648  1011  1189 D ASH     : @ 362637.821: tcs3701: start power rail timer, state:3
11-26 17:23:05.688  1011  1189 I ASH     : @ 362637.861: tcs3701: stop power rail pending_off timer
11-26 17:23:05.688  1011  1189 D ASH     : @ 362637.861: tcs3701: start power rail timer, state:3
11-26 17:23:05.728  1011  1189 I ASH     : @ 362637.901: tcs3701: stop power rail pending_off timer
11-26 17:23:05.728  1011  1189 D ASH     : @ 362637.901: tcs3701: start power rail timer, state:3
11-26 17:23:05.740  8427  8469 I BatteryMgr:DataCollectionService: stats => 1701015785740,107421,4442,108032,4169000,100
11-26 17:23:05.768  1011  1189 I ASH     : @ 362637.941: tcs3701: stop power rail pending_off timer
11-26 17:23:05.768  1011  1189 D ASH     : @ 362637.941: tcs3701: start power rail timer, state:3
11-26 17:23:05.808  1011  1189 I ASH     : @ 362637.981: tcs3701: stop power rail pending_off timer
11-26 17:23:05.808  1011  1189 D ASH     : @ 362637.981: tcs3701: start power rail timer, state:3
11-26 17:23:05.847  1011  1189 I ASH     : @ 362638.021: tcs3701: stop power rail pending_off timer
11-26 17:23:05.848  1011  1189 D ASH     : @ 362638.021: tcs3701: start power rail timer, state:3
11-26 17:23:05.848  8427  8469 I BatteryMgr:DataCollectionService: stats => 1701015785848,106811,4442,108032,4169000,100
11-26 17:23:05.867  2113  2118 I pixel-thermal: skin-therm-monitor: 39.153
11-26 17:23:05.888  1011  1189 I ASH     : @ 362638.061: tcs3701: stop power rail pending_off timer
11-26 17:23:05.888  1011  1189 D ASH     : @ 362638.061: tcs3701: start power rail timer, state:3
11-26 17:23:05.927  1011  1189 I ASH     : @ 362638.101: tcs3701: stop power rail pending_off timer
11-26 17:23:05.928  1011  1189 D ASH     : @ 362638.101: tcs3701: start power rail timer, state:3
11-26 17:23:05.959  8427  8469 I BatteryMgr:DataCollectionService: stats => 1701015785959,107727,4442,108032,4169000,100
11-26 17:23:05.968  1011  1189 I ASH     : @ 362638.141: tcs3701: stop power rail pending_off timer
11-26 17:23:05.968  1011  1189 D ASH     : @ 362638.141: tcs3701: start power rail timer, state:3
11-26 17:23:06.008  1011  1189 I ASH     : @ 362638.181: tcs3701: stop power rail pending_off timer
11-26 17:23:06.008  1011  1189 D ASH     : @ 362638.181: tcs3701: start power rail timer, state:3
11-26 17:23:06.013  1795  2424 D WifiClientModeImpl[13802:wlan0]: updateLinkLayerStatsRssiSpeedFrequencyCapabilities rssi=-44 TxLinkspeed=866 freq=5240 RxLinkSpeed=866
11-26 17:23:06.013  1795  2424 D WifiDataStall: tx tput in kbps: 703794
11-26 17:23:06.013  1795  2424 D WifiDataStall: rx tput in kbps: 740835
11-26 17:23:06.013  1795  2424 V WifiConfigManager: Updating scan detail cache freq=5240 BSSID=f4:6d:2f:12:cc:88 RSSI=-44 for "ourhome"WPA_PSK
11-26 17:23:06.014  1795  2424 D WifiChannelUtilization:  freq: 5240 onTime: 9783695 busyTime: 876220 onTimeDiff: 135839 busyTimeDiff: 19734 utilization: 37 utilization t0: 22
11-26 17:23:06.014  1795  2424 D WifiDataStall:  ccaLevel = 37
11-26 17:23:06.014  1795  2424 D WifiDataStall: L2 txTputKbps: 703794, rxTputKbps: 740835, L3 txTputKbps: 0, rxTputKbps: 0, TxTrafficHigh: false, RxTrafficHigh: false, Throughput Sufficient: true
11-26 17:23:06.014  2673  4313 V WifiManager: OnWifiUsabilityStatsListener: onWifiUsabilityStats: seqNum=91731
11-26 17:23:06.014  1795  2424 D WifiScoreReport: Wifi scoring disabled - Don't check IP layer
11-26 17:23:06.014  1795  2424 D WifiScoreCard: BSSID update SIGNAL_POLL ID: 1320464697 SSID: "ourhome", BSSID: f4:6d:2f:12:cc:88, MAC: b2:2f:ec:da:4a:0c, IP: /192.168.1.104, Security type: 2, Supplicant state: COMPLETED, Wi-Fi standard: 5, RSSI: -44, Link speed: 866Mbps, Tx Link speed: 866Mbps, Max Supported Tx Link speed: 866Mbps, Rx Link speed: 866Mbps, Max Supported Rx Link speed: 866Mbps, Frequency: 5240MHz, Net ID: 12, Metered hint: false, score: 60, isUsable: true, CarrierMerged: false, SubscriptionId: -1, IsPrimary: 1, Trusted: true, Restricted: false, Ephemeral: false, OEM paid: false, OEM private: false, OSU AP: false, FQDN: <none>, Provider friendly name: <none>, Requesting package name: <none>"ourhome"wpa2-pskMLO Information: , Is TID-To-Link negotiation supported by the AP: false, AP MLD Address: <none>, AP MLO Link Id: <none>, AP MLO Affiliated links: <none>
11-26 17:23:06.014  1795  2424 D WifiScoreCard: txRate: 1 txSpeed: 866
11-26 17:23:06.014  1795  2424 D WifiScoreCard: network update SIGNAL_POLL "ourhome" ID: 1499892569 RSSI -44 txSpeed -1
11-26 17:23:06.015  1795  4172 I WifiService: updateWifiUsabilityScore uid=10180 seqNum=91731 score=100 predictionHorizonSec=1441795
11-26 17:23:06.015  2513 14800 V WifiManager: TrafficStateCallbackProxy: onStateChanged state=0
11-26 17:23:06.015  1795  2424 D WifiClientModeImpl[13802:wlan0]:  ClientModeImpl$L2ConnectedState screen=on 37 0 "ourhome" f4:6d:2f:12:cc:88 rssi=-44 f=5240 sc=60 link=866 tx=0.0, 0.0, 0.0 rx=0.0 bcn=3427417 [on:0 tx:0 rx:1 period:3017] from screen [on:147714 period:3351301] score=60
11-26 17:23:06.016  1795  2424 D WifiScoreReport: Wifi scoring disabled - Notify that Wifi is usable
11-26 17:23:06.019  1795  2432 D ConnectivityService: NetReassign [no changes] [c 0] [a 0] [i 2]
11-26 17:23:06.048  1011  1189 I ASH     : @ 362638.221: tcs3701: stop power rail pending_off timer
11-26 17:23:06.048  1011  1189 D ASH     : @ 362638.221: tcs3701: start power rail timer, state:3
11-26 17:23:06.066  8427  8469 I BatteryMgr:DataCollectionService: stats => 1701015786066,106506,4442,108032,4169000,100
11-26 17:23:06.087  1011  1189 I ASH     : @ 362638.261: tcs3701: stop power rail pending_off timer
11-26 17:23:06.088  1011  1189 D ASH     : @ 362638.261: tcs3701: start power rail timer, state:3
11-26 17:23:06.128  1011  1189 I ASH     : @ 362638.301: tcs3701: stop power rail pending_off timer
11-26 17:23:06.128  1011  1189 D ASH     : @ 362638.301: tcs3701: start power rail timer, state:3
11-26 17:23:06.167  1011  1189 I ASH     : @ 362638.341: tcs3701: stop power rail pending_off timer
11-26 17:23:06.167  1039  1095 D rlsservice: MonitorDisplayStatus client num 0, display status 1, sensor status 0
11-26 17:23:06.167  1011  1189 D ASH     : @ 362638.341: tcs3701: start power rail timer, state:3
11-26 17:23:06.176  8427  8469 I BatteryMgr:DataCollectionService: stats => 1701015786176,106506,4442,108032,4169000,100
11-26 17:23:06.208  1011  1189 I ASH     : @ 362638.381: tcs3701: stop power rail pending_off timer
11-26 17:23:06.208  1011  1189 D ASH     : @ 362638.381: tcs3701: start power rail timer, state:3
11-26 17:23:06.248  1011  1189 I ASH     : @ 362638.421: tcs3701: stop power rail pending_off timer
11-26 17:23:06.248  1011  1189 D ASH     : @ 362638.421: tcs3701: start power rail timer, state:3
11-26 17:23:06.286  8427  8469 I BatteryMgr:DataCollectionService: stats => 1701015786286,110473,4442,108032,4169000,100
11-26 17:23:06.288  1011  1189 I ASH     : @ 362638.461: tcs3701: stop power rail pending_off timer
11-26 17:23:06.288  1011  1189 D ASH     : @ 362638.461: tcs3701: start power rail timer, state:3
11-26 17:23:06.328  1011  1189 I ASH     : @ 362638.501: tcs3701: stop power rail pending_off timer
11-26 17:23:06.328  1011  1189 D ASH     : @ 362638.501: tcs3701: start power rail timer, state:3
11-26 17:23:06.368  1011  1189 I ASH     : @ 362638.541: tcs3701: stop power rail pending_off timer
11-26 17:23:06.368  1011  1189 D ASH     : @ 362638.541: tcs3701: start power rail timer, state:3
11-26 17:23:06.393  8427  8469 I BatteryMgr:DataCollectionService: stats => 1701015786393,108032,4442,108032,4169000,100
11-26 17:23:06.407  1011  1189 I ASH     : @ 362638.581: tcs3701: stop power rail pending_off timer
11-26 17:23:06.408  1011  1189 D ASH     : @ 362638.581: tcs3701: start power rail timer, state:3
11-26 17:23:06.448  1011  1189 I ASH     : @ 362638.621: tcs3701: stop power rail pending_off timer
11-26 17:23:06.448  1011  1189 D ASH     : @ 362638.621: tcs3701: start power rail timer, state:3
11-26 17:23:06.488  1011  1189 I ASH     : @ 362638.661: tcs3701: stop power rail pending_off timer
11-26 17:23:06.488  1011  1189 D ASH     : @ 362638.661: tcs3701: start power rail timer, state:3
11-26 17:23:06.500  8427  8469 I BatteryMgr:DataCollectionService: stats => 1701015786500,107727,4442,108032,4169000,100
11-26 17:23:06.528  1011  1189 I ASH     : @ 362638.701: tcs3701: stop power rail pending_off timer
11-26 17:23:06.528  1011  1189 D ASH     : @ 362638.701: tcs3701: start power rail timer, state:3
11-26 17:23:06.568  1011  1189 I ASH     : @ 362638.741: tcs3701: stop power rail pending_off timer
11-26 17:23:06.568  1011  1189 D ASH     : @ 362638.741: tcs3701: start power rail timer, state:3
11-26 17:23:06.591  1795  4172 D ActivityManager: freezer override set to true
11-26 17:23:06.596  1795  4172 D ActivityManager: freezer override set to false
11-26 17:23:06.602  1795  4158 D ActivityManager: freezer override set to true
11-26 17:23:06.605  8427  8469 I BatteryMgr:DataCollectionService: stats => 1701015786605,107421,4442,108032,4169000,100
11-26 17:23:06.608  1011  1189 I ASH     : @ 362638.781: tcs3701: stop power rail pending_off timer
11-26 17:23:06.608  1011  1189 D ASH     : @ 362638.781: tcs3701: start power rail timer, state:3
11-26 17:23:06.648  1011  1189 I ASH     : @ 362638.821: tcs3701: stop power rail pending_off timer
11-26 17:23:06.648  1011  1189 D ASH     : @ 362638.821: tcs3701: start power rail timer, state:3
11-26 17:23:06.687  1011  1189 I ASH     : @ 362638.861: tcs3701: stop power rail pending_off timer
11-26 17:23:06.687  1011  1189 D ASH     : @ 362638.861: tcs3701: start power rail timer, state:3
11-26 17:23:06.702 25114 25166 I m.chrome.canary: Explicit concurrent copying GC freed 4051(207KB) AllocSpace objects, 5(100KB) LOS objects, 75% free, 14MB/56MB, paused 33us,21us total 54.495ms
11-26 17:23:06.710  8427  8469 I BatteryMgr:DataCollectionService: stats => 1701015786710,107116,4442,108032,4169000,100
11-26 17:23:06.728  1011  1189 I ASH     : @ 362638.901: tcs3701: stop power rail pending_off timer
11-26 17:23:06.728  1011  1189 D ASH     : @ 362638.901: tcs3701: start power rail timer, state:3
11-26 17:23:06.767  1011  1189 I ASH     : @ 362638.941: tcs3701: stop power rail pending_off timer
11-26 17:23:06.768  1011  1189 D ASH     : @ 362638.941: tcs3701: start power rail timer, state:3
11-26 17:23:06.769  1795  4158 D ActivityManager: freezer override set to false
11-26 17:23:06.807  1011  1189 I ASH     : @ 362638.981: tcs3701: stop power rail pending_off timer
11-26 17:23:06.808  1011  1189 D ASH     : @ 362638.981: tcs3701: start power rail timer, state:3
11-26 17:23:06.813  1795  4158 D ActivityManager: freezer override set to true
11-26 17:23:06.816  1795  4158 D ActivityManager: freezer override set to false
11-26 17:23:06.817  8427  8469 I BatteryMgr:DataCollectionService: stats => 1701015786817,106506,4442,108032,4169000,100
11-26 17:23:06.847  1011  1189 I ASH     : @ 362639.021: tcs3701: stop power rail pending_off timer
11-26 17:23:06.848  1011  1189 D ASH     : @ 362639.021: tcs3701: start power rail timer, state:3
11-26 17:23:06.872  1795  4172 D ActivityManager: freezer override set to true
11-26 17:23:06.876  1795  4172 D ActivityManager: freezer override set to false
11-26 17:23:06.888  1011  1189 I ASH     : @ 362639.061: tcs3701: stop power rail pending_off timer
11-26 17:23:06.888  1011  1189 D ASH     : @ 362639.061: tcs3701: start power rail timer, state:3
11-26 17:23:06.922  8427  8469 I BatteryMgr:DataCollectionService: stats => 1701015786922,106811,4442,108032,4169000,100
11-26 17:23:06.928  1011  1189 I ASH     : @ 362639.101: tcs3701: stop power rail pending_off timer
11-26 17:23:06.928  1011  1189 D ASH     : @ 362639.101: tcs3701: start power rail timer, state:3
11-26 17:23:06.968  1011  1189 I ASH     : @ 362639.141: tcs3701: stop power rail pending_off timer
11-26 17:23:06.968  1011  1189 D ASH     : @ 362639.141: tcs3701: start power rail timer, state:3
11-26 17:23:07.007  1011  1189 I ASH     : @ 362639.181: tcs3701: stop power rail pending_off timer
11-26 17:23:07.008  1011  1189 D ASH     : @ 362639.181: tcs3701: start power rail timer, state:3
11-26 17:23:07.030  8427  8469 I BatteryMgr:DataCollectionService: stats => 1701015787030,107116,4442,108032,4169000,100
11-26 17:23:07.048  1011  1189 I ASH     : @ 362639.221: tcs3701: stop power rail pending_off timer
11-26 17:23:07.048  1011  1189 D ASH     : @ 362639.221: tcs3701: start power rail timer, state:3
11-26 17:23:07.087  1011  1189 I ASH     : @ 362639.261: tcs3701: stop power rail pending_off timer
11-26 17:23:07.088  1011  1189 D ASH     : @ 362639.261: tcs3701: start power rail timer, state:3
11-26 17:23:07.128  1011  1189 I ASH     : @ 362639.301: tcs3701: stop power rail pending_off timer
11-26 17:23:07.128  1011  1189 D ASH     : @ 362639.301: tcs3701: start power rail timer, state:3
11-26 17:23:07.138  8427  8469 I BatteryMgr:DataCollectionService: stats => 1701015787138,108032,4442,108032,4169000,100
11-26 17:23:07.168  1011  1189 I ASH     : @ 362639.341: tcs3701: stop power rail pending_off timer
11-26 17:23:07.168  1011  1189 D ASH     : @ 362639.341: tcs3701: start power rail timer, state:3
11-26 17:23:07.207  1011  1189 I ASH     : @ 362639.381: tcs3701: stop power rail pending_off timer
11-26 17:23:07.208  1011  1189 D ASH     : @ 362639.381: tcs3701: start power rail timer, state:3
11-26 17:23:07.245  8427  8469 I BatteryMgr:DataCollectionService: stats => 1701015787245,112609,4442,108032,4169000,100
11-26 17:23:07.248  1011  1189 I ASH     : @ 362639.421: tcs3701: stop power rail pending_off timer
11-26 17:23:07.248  1011  1189 D ASH     : @ 362639.421: tcs3701: start power rail timer, state:3
11-26 17:23:07.287  1011  1189 I ASH     : @ 362639.461: tcs3701: stop power rail pending_off timer
11-26 17:23:07.288  1011  1189 D ASH     : @ 362639.461: tcs3701: start power rail timer, state:3
11-26 17:23:07.328  1011  1189 I ASH     : @ 362639.501: tcs3701: stop power rail pending_off timer
11-26 17:23:07.328  1011  1189 D ASH     : @ 362639.501: tcs3701: start power rail timer, state:3
11-26 17:23:07.353  8427  8469 I BatteryMgr:DataCollectionService: stats => 1701015787353,108642,4442,108032,4169000,100
11-26 17:23:07.367  1011  1189 I ASH     : @ 362639.541: tcs3701: stop power rail pending_off timer
11-26 17:23:07.368  1011  1189 D ASH     : @ 362639.541: tcs3701: start power rail timer, state:3
11-26 17:23:07.408  1011  1189 I ASH     : @ 362639.581: tcs3701: stop power rail pending_off timer
11-26 17:23:07.408  1011  1189 D ASH     : @ 362639.581: tcs3701: start power rail timer, state:3
11-26 17:23:07.448  1011  1189 I ASH     : @ 362639.621: tcs3701: stop power rail pending_off timer
11-26 17:23:07.448  1011  1189 D ASH     : @ 362639.621: tcs3701: start power rail timer, state:3
11-26 17:23:07.461  8427  8469 I BatteryMgr:DataCollectionService: stats => 1701015787461,105285,4442,108032,4169000,100
11-26 17:23:07.488  1011  1189 I ASH     : @ 362639.661: tcs3701: stop power rail pending_off timer
11-26 17:23:07.488  1011  1189 D ASH     : @ 362639.661: tcs3701: start power rail timer, state:3
11-26 17:23:07.528  1011  1189 I ASH     : @ 362639.701: tcs3701: stop power rail pending_off timer
11-26 17:23:07.528  1011  1189 D ASH     : @ 362639.701: tcs3701: start power rail timer, state:3
11-26 17:23:07.568  8427  8469 I BatteryMgr:DataCollectionService: stats => 1701015787568,108032,4442,108032,4169000,100
11-26 17:23:07.568  1011  1189 I ASH     : @ 362639.741: tcs3701: stop power rail pending_off timer
11-26 17:23:07.568  1011  1189 D ASH     : @ 362639.741: tcs3701: start power rail timer, state:3
11-26 17:23:07.606  1795  4172 D ActivityManager: freezer override set to true
11-26 17:23:07.608  1011  1189 I ASH     : @ 362639.781: tcs3701: stop power rail pending_off timer
11-26 17:23:07.608  1011  1189 D ASH     : @ 362639.781: tcs3701: start power rail timer, state:3
11-26 17:23:07.611  1795  4172 D ActivityManager: freezer override set to false
11-26 17:23:07.647  1011  1189 I ASH     : @ 362639.821: tcs3701: stop power rail pending_off timer
11-26 17:23:07.648  1011  1189 D ASH     : @ 362639.821: tcs3701: start power rail timer, state:3
11-26 17:23:07.676  8427  8469 I BatteryMgr:DataCollectionService: stats => 1701015787676,104980,4442,108032,4169000,100
11-26 17:23:07.688  1011  1189 I ASH     : @ 362639.861: tcs3701: stop power rail pending_off timer
11-26 17:23:07.688  1011  1189 D ASH     : @ 362639.861: tcs3701: start power rail timer, state:3
11-26 17:23:07.728  1011  1189 I ASH     : @ 362639.901: tcs3701: stop power rail pending_off timer
11-26 17:23:07.728  1011  1189 D ASH     : @ 362639.901: tcs3701: start power rail timer, state:3
11-26 17:23:07.767  1011  1189 I ASH     : @ 362639.941: tcs3701: stop power rail pending_off timer
11-26 17:23:07.768  1011  1189 D ASH     : @ 362639.941: tcs3701: start power rail timer, state:3
11-26 17:23:07.786  8427  8469 I BatteryMgr:DataCollectionService: stats => 1701015787786,104370,4442,108032,4169000,100
11-26 17:23:07.808  1011  1189 I ASH     : @ 362639.981: tcs3701: stop power rail pending_off timer
11-26 17:23:07.808  1011  1189 D ASH     : @ 362639.981: tcs3701: start power rail timer, state:3
11-26 17:23:07.848  1011  1189 I ASH     : @ 362640.021: tcs3701: stop power rail pending_off timer
11-26 17:23:07.848  1011  1189 D ASH     : @ 362640.021: tcs3701: start power rail timer, state:3
11-26 17:23:07.870  2113  2118 I pixel-thermal: skin-therm-monitor: 39.166
11-26 17:23:07.888  1011  1189 I ASH     : @ 362640.061: tcs3701: stop power rail pending_off timer
11-26 17:23:07.888  1011  1189 D ASH     : @ 362640.061: tcs3701: start power rail timer, state:3
11-26 17:23:07.895  8427  8469 I BatteryMgr:DataCollectionService: stats => 1701015787895,109863,4442,108032,4169000,100
11-26 17:23:07.928  1011  1189 I ASH     : @ 362640.101: tcs3701: stop power rail pending_off timer
11-26 17:23:07.928  1011  1189 D ASH     : @ 362640.101: tcs3701: start power rail timer, state:3
11-26 17:23:07.968  1011  1189 I ASH     : @ 362640.141: tcs3701: stop power rail pending_off timer
11-26 17:23:07.968  1011  1189 D ASH     : @ 362640.141: tcs3701: start power rail timer, state:3
11-26 17:23:08.003  8427  8469 I BatteryMgr:DataCollectionService: stats => 1701015788002,103454,4442,108032,4169000,100
11-26 17:23:08.008  1011  1189 I ASH     : @ 362640.181: tcs3701: stop power rail pending_off timer
11-26 17:23:08.008  1011  1189 D ASH     : @ 362640.181: tcs3701: start power rail timer, state:3
11-26 17:23:08.012  1795  4172 D ActivityManager: freezer override set to true
11-26 17:23:08.048  1011  1189 I ASH     : @ 362640.221: tcs3701: stop power rail pending_off timer
11-26 17:23:08.048  1011  1189 D ASH     : @ 362640.221: tcs3701: start power rail timer, state:3
11-26 17:23:08.088  1011  1189 I ASH     : @ 362640.261: tcs3701: stop power rail pending_off timer
11-26 17:23:08.088  1011  1189 D ASH     : @ 362640.261: tcs3701: start power rail timer, state:3
11-26 17:23:08.110  8427  8469 I BatteryMgr:DataCollectionService: stats => 1701015788110,106201,4442,108032,4169000,100
11-26 17:23:08.128  1011  1189 I ASH     : @ 362640.301: tcs3701: stop power rail pending_off timer
11-26 17:23:08.128  1011  1189 D ASH     : @ 362640.301: tcs3701: start power rail timer, state:3
11-26 17:23:08.165 25114 25166 I m.chrome.canary: Explicit concurrent copying GC freed 3843(192KB) AllocSpace objects, 4(80KB) LOS objects, 75% free, 14MB/56MB, paused 80us,45us total 63.266ms
11-26 17:23:08.167  1011  1189 I ASH     : @ 362640.341: tcs3701: stop power rail pending_off timer
11-26 17:23:08.167  1011  1189 D ASH     : @ 362640.341: tcs3701: start power rail timer, state:3
11-26 17:23:08.208  1011  1189 I ASH     : @ 362640.381: tcs3701: stop power rail pending_off timer
11-26 17:23:08.208  1011  1189 D ASH     : @ 362640.381: tcs3701: start power rail timer, state:3
11-26 17:23:08.219  8427  8469 I BatteryMgr:DataCollectionService: stats => 1701015788219,108947,4442,108032,4169000,100
11-26 17:23:08.232  1795  4172 D ActivityManager: freezer override set to false
11-26 17:23:08.247  1011  1189 I ASH     : @ 362640.421: tcs3701: stop power rail pending_off timer
11-26 17:23:08.247  1011  1189 D ASH     : @ 362640.421: tcs3701: start power rail timer, state:3
11-26 17:23:08.278  1795  4172 D ActivityManager: freezer override set to true
11-26 17:23:08.281  1795  4172 D ActivityManager: freezer override set to false
11-26 17:23:08.288  1011  1189 I ASH     : @ 362640.461: tcs3701: stop power rail pending_off timer
11-26 17:23:08.288  1011  1189 D ASH     : @ 362640.461: tcs3701: start power rail timer, state:3
11-26 17:23:08.315  1795  4172 D ActivityManager: freezer override set to true
11-26 17:23:08.319  1795  4172 D ActivityManager: freezer override set to false
11-26 17:23:08.325  8427  8469 I BatteryMgr:DataCollectionService: stats => 1701015788324,109558,4442,108032,4169000,100
11-26 17:23:08.328  1011  1189 I ASH     : @ 362640.501: tcs3701: stop power rail pending_off timer
11-26 17:23:08.328  1011  1189 D ASH     : @ 362640.501: tcs3701: start power rail timer, state:3
11-26 17:23:08.368  1011  1189 I ASH     : @ 362640.541: tcs3701: stop power rail pending_off timer
11-26 17:23:08.368  1011  1189 D ASH     : @ 362640.541: tcs3701: start power rail timer, state:3
11-26 17:23:08.407  1011  1189 I ASH     : @ 362640.581: tcs3701: stop power rail pending_off timer
11-26 17:23:08.408  1011  1189 D ASH     : @ 362640.581: tcs3701: start power rail timer, state:3
11-26 17:23:08.433  8427  8469 I BatteryMgr:DataCollectionService: stats => 1701015788433,109863,4442,108032,4169000,100
11-26 17:23:08.448  1011  1189 I ASH     : @ 362640.621: tcs3701: stop power rail pending_off timer
11-26 17:23:08.448  1011  1189 D ASH     : @ 362640.621: tcs3701: start power rail timer, state:3
11-26 17:23:08.488  1011  1189 I ASH     : @ 362640.661: tcs3701: stop power rail pending_off timer
11-26 17:23:08.488  1011  1189 D ASH     : @ 362640.661: tcs3701: start power rail timer, state:3
11-26 17:23:08.528  1011  1189 I ASH     : @ 362640.701: tcs3701: stop power rail pending_off timer
11-26 17:23:08.528  1011  1189 D ASH     : @ 362640.701: tcs3701: start power rail timer, state:3
11-26 17:23:08.541  8427  8469 I BatteryMgr:DataCollectionService: stats => 1701015788541,108947,4442,108032,4169000,100
11-26 17:23:08.568  1011  1189 I ASH     : @ 362640.741: tcs3701: stop power rail pending_off timer
11-26 17:23:08.568  1011  1189 D ASH     : @ 362640.741: tcs3701: start power rail timer, state:3
11-26 17:23:08.603  1795  4172 D ActivityManager: freezer override set to true
11-26 17:23:08.607  1795  4172 D ActivityManager: freezer override set to false
11-26 17:23:08.608  1011  1189 I ASH     : @ 362640.781: tcs3701: stop power rail pending_off timer
11-26 17:23:08.608  1011  1189 D ASH     : @ 362640.781: tcs3701: start power rail timer, state:3
11-26 17:23:08.648  1011  1189 I ASH     : @ 362640.821: tcs3701: stop power rail pending_off timer
11-26 17:23:08.648  1011  1189 D ASH     : @ 362640.821: tcs3701: start power rail timer, state:3
11-26 17:23:08.652  8427  8469 I BatteryMgr:DataCollectionService: stats => 1701015788652,109253,4442,108032,4169000,100
11-26 17:23:08.688  1011  1189 I ASH     : @ 362640.861: tcs3701: stop power rail pending_off timer
11-26 17:23:08.688  1011  1189 D ASH     : @ 362640.861: tcs3701: start power rail timer, state:3
11-26 17:23:08.728  1011  1189 I ASH     : @ 362640.901: tcs3701: stop power rail pending_off timer
11-26 17:23:08.728  1011  1189 D ASH     : @ 362640.901: tcs3701: start power rail timer, state:3
11-26 17:23:08.758  8427  8469 I BatteryMgr:DataCollectionService: stats => 1701015788758,107421,4442,108032,4169000,100
11-26 17:23:08.767  1011  1189 I ASH     : @ 362640.941: tcs3701: stop power rail pending_off timer
11-26 17:23:08.769  1011  1189 D ASH     : @ 362640.941: tcs3701: start power rail timer, state:3
11-26 17:23:08.808  1011  1189 I ASH     : @ 362640.981: tcs3701: stop power rail pending_off timer
11-26 17:23:08.808  1011  1189 D ASH     : @ 362640.981: tcs3701: start power rail timer, state:3
11-26 17:23:08.848  1011  1189 I ASH     : @ 362641.021: tcs3701: stop power rail pending_off timer
11-26 17:23:08.848  1011  1189 D ASH     : @ 362641.021: tcs3701: start power rail timer, state:3
11-26 17:23:08.867  8427  8469 I BatteryMgr:DataCollectionService: stats => 1701015788867,106506,4442,108032,4169000,100
11-26 17:23:08.887  1011  1189 I ASH     : @ 362641.061: tcs3701: stop power rail pending_off timer
11-26 17:23:08.888  1011  1189 D ASH     : @ 362641.061: tcs3701: start power rail timer, state:3
11-26 17:23:08.927  1011  1189 I ASH     : @ 362641.101: tcs3701: stop power rail pending_off timer
11-26 17:23:08.928  1011  1189 D ASH     : @ 362641.101: tcs3701: start power rail timer, state:3
11-26 17:23:08.968  1011  1189 I ASH     : @ 362641.141: tcs3701: stop power rail pending_off timer
11-26 17:23:08.968  1011  1189 D ASH     : @ 362641.141: tcs3701: start power rail timer, state:3
11-26 17:23:08.978  8427  8469 I BatteryMgr:DataCollectionService: stats => 1701015788978,106506,4442,108032,4169000,100
11-26 17:23:09.008  1011  1189 I ASH     : @ 362641.181: tcs3701: stop power rail pending_off timer
11-26 17:23:09.008  1011  1189 D ASH     : @ 362641.181: tcs3701: start power rail timer, state:3
11-26 17:23:09.028  1795  2424 D WifiClientModeImpl[13802:wlan0]: updateLinkLayerStatsRssiSpeedFrequencyCapabilities rssi=-44 TxLinkspeed=866 freq=5240 RxLinkSpeed=6
11-26 17:23:09.028  1795  2424 D WifiDataStall: tx tput in kbps: 703794
11-26 17:23:09.028  1795  2424 D WifiDataStall: rx tput in kbps: 740835
11-26 17:23:09.028  1795  2424 V WifiConfigManager: Updating scan detail cache freq=5240 BSSID=f4:6d:2f:12:cc:88 RSSI=-44 for "ourhome"WPA_PSK
11-26 17:23:09.029  1795  2424 D WifiChannelUtilization:  freq: 5240 onTime: 9783971 busyTime: 876246 onTimeDiff: 136115 busyTimeDiff: 19760 utilization: 37 utilization t0: 22
11-26 17:23:09.029  1795  2424 D WifiDataStall:  ccaLevel = 37
11-26 17:23:09.029  1795  2424 D WifiDataStall: L2 txTputKbps: 703794, rxTputKbps: 740835, L3 txTputKbps: 0, rxTputKbps: 0, TxTrafficHigh: false, RxTrafficHigh: false, Throughput Sufficient: true
11-26 17:23:09.029  2673  4313 V WifiManager: OnWifiUsabilityStatsListener: onWifiUsabilityStats: seqNum=91732
11-26 17:23:09.029  1795  2424 D WifiScoreReport: Wifi scoring disabled - Don't check IP layer
11-26 17:23:09.030  1795  4172 I WifiService: updateWifiUsabilityScore uid=10180 seqNum=91732 score=100 predictionHorizonSec=1441795
11-26 17:23:09.030  1795  2424 D WifiScoreCard: BSSID update SIGNAL_POLL ID: 1320464697 SSID: "ourhome", BSSID: f4:6d:2f:12:cc:88, MAC: b2:2f:ec:da:4a:0c, IP: /192.168.1.104, Security type: 2, Supplicant state: COMPLETED, Wi-Fi standard: 5, RSSI: -44, Link speed: 866Mbps, Tx Link speed: 866Mbps, Max Supported Tx Link speed: 866Mbps, Rx Link speed: 6Mbps, Max Supported Rx Link speed: 866Mbps, Frequency: 5240MHz, Net ID: 12, Metered hint: false, score: 60, isUsable: true, CarrierMerged: false, SubscriptionId: -1, IsPrimary: 1, Trusted: true, Restricted: false, Ephemeral: false, OEM paid: false, OEM private: false, OSU AP: false, FQDN: <none>, Provider friendly name: <none>, Requesting package name: <none>"ourhome"wpa2-pskMLO Information: , Is TID-To-Link negotiation supported by the AP: false, AP MLD Address: <none>, AP MLO Link Id: <none>, AP MLO Affiliated links: <none>
11-26 17:23:09.030  1795  2424 D WifiScoreCard: txRate: 1 txSpeed: 866
11-26 17:23:09.030  1795  2424 D WifiScoreCard: network update SIGNAL_POLL "ourhome" ID: 1499892569 RSSI -44 txSpeed -1
11-26 17:23:09.031  2513 14800 V WifiManager: TrafficStateCallbackProxy: onStateChanged state=3
11-26 17:23:09.031  1795  2424 D WifiClientModeImpl[13802:wlan0]:  ClientModeImpl$L2ConnectedState screen=on 37 0 "ourhome" f4:6d:2f:12:cc:88 rssi=-44 f=5240 sc=60 link=866 tx=0.2, 0.0, 0.0 rx=0.4 bcn=3427446 [on:276 tx:0 rx:1 period:3016] from screen [on:147990 period:3354317] score=60
11-26 17:23:09.031  1795  2424 D WifiScoreReport: Wifi scoring disabled - Notify that Wifi is usable
11-26 17:23:09.034  1795  2432 D ConnectivityService: NetReassign [no changes] [c 1] [a 0] [i 2]
11-26 17:23:09.047  1011  1189 I ASH     : @ 362641.221: tcs3701: stop power rail pending_off timer
11-26 17:23:09.047  1011  1189 D ASH     : @ 362641.221: tcs3701: start power rail timer, state:3
11-26 17:23:09.087  8427  8469 I BatteryMgr:DataCollectionService: stats => 1701015789087,107116,4442,108032,4169000,100
11-26 17:23:09.088  1011  1189 I ASH     : @ 362641.261: tcs3701: stop power rail pending_off timer
11-26 17:23:09.088  1011  1189 D ASH     : @ 362641.261: tcs3701: start power rail timer, state:3
11-26 17:23:09.128  1011  1189 I ASH     : @ 362641.301: tcs3701: stop power rail pending_off timer
11-26 17:23:09.128  1011  1189 D ASH     : @ 362641.301: tcs3701: start power rail timer, state:3
11-26 17:23:09.168  1011  1189 I ASH     : @ 362641.341: tcs3701: stop power rail pending_off timer
11-26 17:23:09.168  1011  1189 D ASH     : @ 362641.341: tcs3701: start power rail timer, state:3
11-26 17:23:09.194  8427  8469 I BatteryMgr:DataCollectionService: stats => 1701015789194,104980,4442,108032,4169000,100
11-26 17:23:09.208  1011  1189 I ASH     : @ 362641.381: tcs3701: stop power rail pending_off timer
11-26 17:23:09.208  1011  1189 D ASH     : @ 362641.381: tcs3701: start power rail timer, state:3
11-26 17:23:09.248  1011  1189 I ASH     : @ 362641.421: tcs3701: stop power rail pending_off timer
11-26 17:23:09.248  1011  1189 D ASH     : @ 362641.421: tcs3701: start power rail timer, state:3
11-26 17:23:09.287  1011  1189 I ASH     : @ 362641.461: tcs3701: stop power rail pending_off timer
11-26 17:23:09.288  1011  1189 D ASH     : @ 362641.461: tcs3701: start power rail timer, state:3
11-26 17:23:09.301  8427  8469 I BatteryMgr:DataCollectionService: stats => 1701015789301,109863,4442,108032,4169000,100
11-26 17:23:09.328  1011  1189 I ASH     : @ 362641.501: tcs3701: stop power rail pending_off timer
11-26 17:23:09.328  1011  1189 D ASH     : @ 362641.501: tcs3701: start power rail timer, state:3
11-26 17:23:09.368  1011  1189 I ASH     : @ 362641.541: tcs3701: stop power rail pending_off timer
11-26 17:23:09.368  1011  1189 D ASH     : @ 362641.541: tcs3701: start power rail timer, state:3
11-26 17:23:09.407  1011  1189 I ASH     : @ 362641.581: tcs3701: stop power rail pending_off timer
11-26 17:23:09.408  1011  1189 D ASH     : @ 362641.581: tcs3701: start power rail timer, state:3
11-26 17:23:09.412  8427  8469 I BatteryMgr:DataCollectionService: stats => 1701015789412,109863,4442,108032,4169000,100
11-26 17:23:09.447  1011  1189 I ASH     : @ 362641.621: tcs3701: stop power rail pending_off timer
11-26 17:23:09.448  1011  1189 D ASH     : @ 362641.621: tcs3701: start power rail timer, state:3
11-26 17:23:09.452  1795  4158 D ActivityManager: freezer override set to true
11-26 17:23:09.487  1011  1189 I ASH     : @ 362641.661: tcs3701: stop power rail pending_off timer
11-26 17:23:09.487  1011  1189 D ASH     : @ 362641.661: tcs3701: start power rail timer, state:3
11-26 17:23:09.516  8427  8469 I BatteryMgr:DataCollectionService: stats => 1701015789516,110168,4442,108032,4169000,100
11-26 17:23:09.527  1011  1189 I ASH     : @ 362641.701: tcs3701: stop power rail pending_off timer
11-26 17:23:09.527  1011  1189 D ASH     : @ 362641.701: tcs3701: start power rail timer, state:3
11-26 17:23:09.567  1011  1189 I ASH     : @ 362641.741: tcs3701: stop power rail pending_off timer
11-26 17:23:09.567  1011  1189 D ASH     : @ 362641.741: tcs3701: start power rail timer, state:3
11-26 17:23:09.598 25114 25166 I m.chrome.canary: Explicit concurrent copying GC freed 3824(192KB) AllocSpace objects, 4(80KB) LOS objects, 75% free, 14MB/56MB, paused 29us,21us total 55.949ms
11-26 17:23:09.608  1011  1189 I ASH     : @ 362641.781: tcs3701: stop power rail pending_off timer
11-26 17:23:09.608  1011  1189 D ASH     : @ 362641.781: tcs3701: start power rail timer, state:3
11-26 17:23:09.622  8427  8469 I BatteryMgr:DataCollectionService: stats => 1701015789622,106506,4442,108032,4169000,100
