11-23 19:41:00.132  1011  1189 D ASH     : @ 111712.327: tcs3701: start power rail timer, state:3
11-23 19:41:00.163  9398  9433 I BatteryMgr:DataCollectionService: stats => 1700764860162,8239,4447,9765,4169000,100
11-23 19:41:00.171  1011  1189 I ASH     : @ 111712.367: tcs3701: stop power rail pending_off timer
11-23 19:41:00.171  1011  1189 D ASH     : @ 111712.367: tcs3701: start power rail timer, state:3
11-23 19:41:00.211  1011  1189 I ASH     : @ 111712.407: tcs3701: stop power rail pending_off timer
11-23 19:41:00.211  1011  1189 D ASH     : @ 111712.407: tcs3701: start power rail timer, state:3
11-23 19:41:00.251  1011  1189 I ASH     : @ 111712.447: tcs3701: stop power rail pending_off timer
11-23 19:41:00.251  1011  1189 D ASH     : @ 111712.447: tcs3701: start power rail timer, state:3
11-23 19:41:00.271  9398  9433 I BatteryMgr:DataCollectionService: stats => 1700764860271,8239,4447,9765,4169000,100
11-23 19:41:00.291  1011  1189 I ASH     : @ 111712.487: tcs3701: stop power rail pending_off timer
11-23 19:41:00.291  1011  1189 D ASH     : @ 111712.487: tcs3701: start power rail timer, state:3
11-23 19:41:00.331  1011  1189 I ASH     : @ 111712.527: tcs3701: stop power rail pending_off timer
11-23 19:41:00.332  1011  1189 D ASH     : @ 111712.527: tcs3701: start power rail timer, state:3
11-23 19:41:00.371  1011  1189 I ASH     : @ 111712.567: tcs3701: stop power rail pending_off timer
11-23 19:41:00.371  1011  1189 D ASH     : @ 111712.567: tcs3701: start power rail timer, state:3
11-23 19:41:00.378  9398  9433 I BatteryMgr:DataCollectionService: stats => 1700764860377,8239,4447,9765,4169000,100
11-23 19:41:00.411  1011  1189 I ASH     : @ 111712.607: tcs3701: stop power rail pending_off timer
11-23 19:41:00.411  1011  1189 D ASH     : @ 111712.607: tcs3701: start power rail timer, state:3
11-23 19:41:00.451  1011  1189 I ASH     : @ 111712.647: tcs3701: stop power rail pending_off timer
11-23 19:41:00.451  1011  1189 D ASH     : @ 111712.647: tcs3701: start power rail timer, state:3
11-23 19:41:00.487  9398  9433 I BatteryMgr:DataCollectionService: stats => 1700764860486,8239,4447,9765,4169000,100
11-23 19:41:00.491  1011  1189 I ASH     : @ 111712.687: tcs3701: stop power rail pending_off timer
11-23 19:41:00.491  1011  1189 D ASH     : @ 111712.687: tcs3701: start power rail timer, state:3
11-23 19:41:00.531  1011  1189 I ASH     : @ 111712.727: tcs3701: stop power rail pending_off timer
11-23 19:41:00.531  1011  1189 D ASH     : @ 111712.727: tcs3701: start power rail timer, state:3
11-23 19:41:00.551  2113  2118 I pixel-thermal: skin-therm-monitor: 37.659
11-23 19:41:00.571  1011  1189 I ASH     : @ 111712.767: tcs3701: stop power rail pending_off timer
11-23 19:41:00.571  1011  1189 D ASH     : @ 111712.767: tcs3701: start power rail timer, state:3
11-23 19:41:00.593  9398  9433 I BatteryMgr:DataCollectionService: stats => 1700764860593,8239,4447,9765,4169000,100
11-23 19:41:00.611  1011  1189 I ASH     : @ 111712.807: tcs3701: stop power rail pending_off timer
11-23 19:41:00.611  1011  1189 D ASH     : @ 111712.807: tcs3701: start power rail timer, state:3
11-23 19:41:00.651  1011  1189 I ASH     : @ 111712.847: tcs3701: stop power rail pending_off timer
11-23 19:41:00.651  1011  1189 D ASH     : @ 111712.847: tcs3701: start power rail timer, state:3
11-23 19:41:00.691  1011  1189 I ASH     : @ 111712.887: tcs3701: stop power rail pending_off timer
11-23 19:41:00.691  1011  1189 D ASH     : @ 111712.887: tcs3701: start power rail timer, state:3
11-23 19:41:00.700  9398  9433 I BatteryMgr:DataCollectionService: stats => 1700764860700,8239,4447,9765,4169000,100
11-23 19:41:00.720  3845  3845 D BoundBrokerSvc: onUnbind: Intent { act=com.google.android.gms.feedback.internal.IFeedbackService dat=chimera-action:/... cmp=com.google.android.gms/.chimera.GmsBoundBrokerService }
11-23 19:41:00.724  3074  3074 D BoundBrokerSvc: onUnbind: Intent { act=com.google.android.gms.icing.LIGHTWEIGHT_INDEX_SERVICE dat=chimera-action:/... cmp=com.google.android.gms/.chimera.PersistentApiService }
11-23 19:41:00.731  1011  1189 I ASH     : @ 111712.927: tcs3701: stop power rail pending_off timer
11-23 19:41:00.731  1011  1189 D ASH     : @ 111712.927: tcs3701: start power rail timer, state:3
11-23 19:41:00.737  1795  2424 D WifiClientModeImpl[13802:wlan0]: updateLinkLayerStatsRssiSpeedFrequencyCapabilities rssi=-47 TxLinkspeed=866 freq=5240 RxLinkSpeed=866
11-23 19:41:00.737  1795  2424 D WifiDataStall: tx tput in kbps: 606910
11-23 19:41:00.737  1795  2424 D WifiDataStall: rx tput in kbps: 788195
11-23 19:41:00.737  1795  2424 V WifiConfigManager: Updating scan detail cache freq=5240 BSSID=f4:6d:2f:12:cc:88 RSSI=-47 for "ourhome"WPA_PSK
11-23 19:41:00.738  1795  2424 D WifiChannelUtilization:  freq: 5240 onTime: 3310916 busyTime: 299005 onTimeDiff: 3310621 busyTimeDiff: 298988 utilization: 23 utilization t0: 23
11-23 19:41:00.738  1795  2424 D WifiDataStall:  ccaLevel = 23
11-23 19:41:00.738  1795  2424 D WifiDataStall: L2 txTputKbps: 685729, rxTputKbps: 788195, L3 txTputKbps: 8, rxTputKbps: 19, TxTrafficHigh: true, RxTrafficHigh: true, Throughput Sufficient: true
11-23 19:41:00.738  3213  8092 V WifiManager: OnWifiUsabilityStatsListener: onWifiUsabilityStats: seqNum=36869
11-23 19:41:00.738  1795  2424 D WifiScoreReport: Wifi scoring disabled - Don't check IP layer
11-23 19:41:00.738  1795  2424 D WifiScoreCard: BSSID update SIGNAL_POLL ID: 1320464697 SSID: "ourhome", BSSID: f4:6d:2f:12:cc:88, MAC: b2:2f:ec:da:4a:0c, IP: /192.168.1.104, Security type: 2, Supplicant state: COMPLETED, Wi-Fi standard: 5, RSSI: -47, Link speed: 866Mbps, Tx Link speed: 866Mbps, Max Supported Tx Link speed: 866Mbps, Rx Link speed: 866Mbps, Max Supported Rx Link speed: 866Mbps, Frequency: 5240MHz, Net ID: 12, Metered hint: false, score: 60, isUsable: true, CarrierMerged: false, SubscriptionId: -1, IsPrimary: 1, Trusted: true, Restricted: false, Ephemeral: false, OEM paid: false, OEM private: false, OSU AP: false, FQDN: <none>, Provider friendly name: <none>, Requesting package name: <none>"ourhome"wpa2-pskMLO Information: , Is TID-To-Link negotiation supported by the AP: false, AP MLD Address: <none>, AP MLO Link Id: <none>, AP MLO Affiliated links: <none>
11-23 19:41:00.738  1795  2424 D WifiScoreCard: txRate: 6 txSpeed: 866
11-23 19:41:00.739  1795  4158 I WifiService: updateWifiUsabilityScore uid=10180 seqNum=36869 score=100 predictionHorizonSec=1441795
11-23 19:41:00.739  1795  2424 D WifiScoreCard: network update SIGNAL_POLL "ourhome" ID: 1499892569 RSSI -47 txSpeed 866
11-23 19:41:00.739  1795  2424 D WifiClientModeImpl[13802:wlan0]:  ClientModeImpl$L2ConnectedState screen=on 23 0 "ourhome" f4:6d:2f:12:cc:88 rssi=-47 f=5240 sc=60 link=866 tx=4.7, 1.0, 0.0 rx=3.8 bcn=1071428 [on:144 tx:2 rx:1 period:3015] from screen [on:129110 period:2937676] score=60
11-23 19:41:00.739  1795  2424 D WifiScoreReport: Wifi scoring disabled - Notify that Wifi is usable
11-23 19:41:00.743  1795  2432 D ConnectivityService: NetReassign [no changes] [c 0] [a 0] [i 2]
11-23 19:41:00.756  1795  4158 D ActivityManager: freezer override set to true
11-23 19:41:00.760  1795  4158 D ActivityManager: freezer override set to false
11-23 19:41:00.771  1011  1189 I ASH     : @ 111712.967: tcs3701: stop power rail pending_off timer
11-23 19:41:00.771  1011  1189 D ASH     : @ 111712.967: tcs3701: start power rail timer, state:3
11-23 19:41:00.806  9398  9433 I BatteryMgr:DataCollectionService: stats => 1700764860806,8239,4447,9765,4169000,100
11-23 19:41:00.811  1011  1189 I ASH     : @ 111713.007: tcs3701: stop power rail pending_off timer
11-23 19:41:00.811  1011  1189 D ASH     : @ 111713.007: tcs3701: start power rail timer, state:3
11-23 19:41:00.851  1011  1189 I ASH     : @ 111713.047: tcs3701: stop power rail pending_off timer
11-23 19:41:00.851  1011  1189 D ASH     : @ 111713.047: tcs3701: start power rail timer, state:3
11-23 19:41:00.870  1795  4172 D ActivityManager: freezer override set to true
11-23 19:41:00.891  1011  1189 I ASH     : @ 111713.087: tcs3701: stop power rail pending_off timer
11-23 19:41:00.891  1011  1189 D ASH     : @ 111713.087: tcs3701: start power rail timer, state:3
11-23 19:41:00.910  9398  9433 I BatteryMgr:DataCollectionService: stats => 1700764860910,8239,4447,9765,4169000,100
11-23 19:41:00.931  1011  1189 I ASH     : @ 111713.127: tcs3701: stop power rail pending_off timer
11-23 19:41:00.931  1011  1189 D ASH     : @ 111713.127: tcs3701: start power rail timer, state:3
11-23 19:41:00.971  1011  1189 I ASH     : @ 111713.167: tcs3701: stop power rail pending_off timer
11-23 19:41:00.971  1011  1189 D ASH     : @ 111713.167: tcs3701: start power rail timer, state:3
11-23 19:41:00.992 25930 26269 I m.chrome.canary: Explicit concurrent copying GC freed 3810(191KB) AllocSpace objects, 4(80KB) LOS objects, 75% free, 12MB/48MB, paused 31us,23us total 40.691ms
11-23 19:41:01.011  1011  1189 I ASH     : @ 111713.207: tcs3701: stop power rail pending_off timer
11-23 19:41:01.011  1011  1189 D ASH     : @ 111713.207: tcs3701: start power rail timer, state:3
11-23 19:41:01.017  9398  9433 I BatteryMgr:DataCollectionService: stats => 1700764861017,8239,4447,9765,4169000,100
11-23 19:41:01.045  1795  4172 D ActivityManager: freezer override set to false
11-23 19:41:01.051  1011  1189 I ASH     : @ 111713.247: tcs3701: stop power rail pending_off timer
11-23 19:41:01.051  1011  1189 D ASH     : @ 111713.247: tcs3701: start power rail timer, state:3
11-23 19:41:01.085  1795  4172 D ActivityManager: freezer override set to true
11-23 19:41:01.088  1795  4172 D ActivityManager: freezer override set to false
11-23 19:41:01.091  1011  1189 I ASH     : @ 111713.287: tcs3701: stop power rail pending_off timer
11-23 19:41:01.091  1011  1189 D ASH     : @ 111713.287: tcs3701: start power rail timer, state:3
11-23 19:41:01.124  9398  9433 I BatteryMgr:DataCollectionService: stats => 1700764861124,11901,4447,9765,4169000,100
11-23 19:41:01.131  1011  1189 I ASH     : @ 111713.327: tcs3701: stop power rail pending_off timer
11-23 19:41:01.131  1011  1189 D ASH     : @ 111713.327: tcs3701: start power rail timer, state:3
11-23 19:41:01.171  1011  1189 I ASH     : @ 111713.367: tcs3701: stop power rail pending_off timer
11-23 19:41:01.171  1011  1189 D ASH     : @ 111713.367: tcs3701: start power rail timer, state:3
11-23 19:41:01.211  1011  1189 I ASH     : @ 111713.407: tcs3701: stop power rail pending_off timer
11-23 19:41:01.211  1011  1189 D ASH     : @ 111713.407: tcs3701: start power rail timer, state:3
11-23 19:41:01.231  9398  9433 I BatteryMgr:DataCollectionService: stats => 1700764861231,11901,4447,9765,4169000,100
11-23 19:41:01.251  1011  1189 I ASH     : @ 111713.447: tcs3701: stop power rail pending_off timer
11-23 19:41:01.251  1011  1189 D ASH     : @ 111713.447: tcs3701: start power rail timer, state:3
11-23 19:41:01.291  1011  1189 I ASH     : @ 111713.487: tcs3701: stop power rail pending_off timer
11-23 19:41:01.291  1011  1189 D ASH     : @ 111713.487: tcs3701: start power rail timer, state:3
11-23 19:41:01.331  1011  1189 I ASH     : @ 111713.527: tcs3701: stop power rail pending_off timer
11-23 19:41:01.331  1011  1189 D ASH     : @ 111713.527: tcs3701: start power rail timer, state:3
11-23 19:41:01.338  9398  9433 I BatteryMgr:DataCollectionService: stats => 1700764861338,11901,4447,9765,4169000,100
11-23 19:41:01.371  1011  1189 I ASH     : @ 111713.567: tcs3701: stop power rail pending_off timer
11-23 19:41:01.371  1011  1189 D ASH     : @ 111713.567: tcs3701: start power rail timer, state:3
11-23 19:41:01.411  1011  1189 I ASH     : @ 111713.607: tcs3701: stop power rail pending_off timer
11-23 19:41:01.411  1011  1189 D ASH     : @ 111713.607: tcs3701: start power rail timer, state:3
11-23 19:41:01.447  9398  9433 I BatteryMgr:DataCollectionService: stats => 1700764861447,11901,4447,9765,4169000,100
11-23 19:41:01.451  1011  1189 I ASH     : @ 111713.647: tcs3701: stop power rail pending_off timer
11-23 19:41:01.451  1011  1189 D ASH     : @ 111713.647: tcs3701: start power rail timer, state:3
11-23 19:41:01.491  1011  1189 I ASH     : @ 111713.687: tcs3701: stop power rail pending_off timer
11-23 19:41:01.491  1011  1189 D ASH     : @ 111713.687: tcs3701: start power rail timer, state:3
11-23 19:41:01.531  1011  1189 I ASH     : @ 111713.727: tcs3701: stop power rail pending_off timer
11-23 19:41:01.531  1011  1189 D ASH     : @ 111713.727: tcs3701: start power rail timer, state:3
11-23 19:41:01.554  9398  9433 I BatteryMgr:DataCollectionService: stats => 1700764861554,11901,4447,9765,4169000,100
11-23 19:41:01.571  1011  1189 I ASH     : @ 111713.767: tcs3701: stop power rail pending_off timer
11-23 19:41:01.572  1011  1189 D ASH     : @ 111713.767: tcs3701: start power rail timer, state:3
11-23 19:41:01.611  1011  1189 I ASH     : @ 111713.807: tcs3701: stop power rail pending_off timer
11-23 19:41:01.611  1011  1189 D ASH     : @ 111713.807: tcs3701: start power rail timer, state:3
11-23 19:41:01.652  1011  1189 I ASH     : @ 111713.847: tcs3701: stop power rail pending_off timer
11-23 19:41:01.652  1011  1189 D ASH     : @ 111713.847: tcs3701: start power rail timer, state:3
11-23 19:41:01.663  9398  9433 I BatteryMgr:DataCollectionService: stats => 1700764861663,11901,4447,9765,4169000,100
11-23 19:41:01.691  1011  1189 I ASH     : @ 111713.887: tcs3701: stop power rail pending_off timer
11-23 19:41:01.691  1011  1189 D ASH     : @ 111713.887: tcs3701: start power rail timer, state:3
11-23 19:41:01.731  1011  1189 I ASH     : @ 111713.927: tcs3701: stop power rail pending_off timer
11-23 19:41:01.731  1011  1189 D ASH     : @ 111713.927: tcs3701: start power rail timer, state:3
11-23 19:41:01.751  1795  4172 D ActivityManager: freezer override set to true
11-23 19:41:01.756  1795  4172 D ActivityManager: freezer override set to false
11-23 19:41:01.768  9398  9433 I BatteryMgr:DataCollectionService: stats => 1700764861768,11901,4447,9765,4169000,100
11-23 19:41:01.771  1011  1189 I ASH     : @ 111713.967: tcs3701: stop power rail pending_off timer
11-23 19:41:01.772  1011  1189 D ASH     : @ 111713.967: tcs3701: start power rail timer, state:3
11-23 19:41:01.811  1011  1189 I ASH     : @ 111714.007: tcs3701: stop power rail pending_off timer
11-23 19:41:01.811  1011  1189 D ASH     : @ 111714.007: tcs3701: start power rail timer, state:3
11-23 19:41:01.851  1011  1189 I ASH     : @ 111714.047: tcs3701: stop power rail pending_off timer
11-23 19:41:01.851  1011  1189 D ASH     : @ 111714.047: tcs3701: start power rail timer, state:3
11-23 19:41:01.876  9398  9433 I BatteryMgr:DataCollectionService: stats => 1700764861876,11901,4447,9765,4169000,100
11-23 19:41:01.891  1011  1189 I ASH     : @ 111714.087: tcs3701: stop power rail pending_off timer
11-23 19:41:01.891  1011  1189 D ASH     : @ 111714.087: tcs3701: start power rail timer, state:3
11-23 19:41:01.931  1011  1189 I ASH     : @ 111714.127: tcs3701: stop power rail pending_off timer
11-23 19:41:01.931  1011  1189 D ASH     : @ 111714.127: tcs3701: start power rail timer, state:3
11-23 19:41:01.971  1011  1189 I ASH     : @ 111714.167: tcs3701: stop power rail pending_off timer
11-23 19:41:01.971  1011  1189 D ASH     : @ 111714.167: tcs3701: start power rail timer, state:3
11-23 19:41:01.986  9398  9433 I BatteryMgr:DataCollectionService: stats => 1700764861986,11901,4447,9765,4169000,100
11-23 19:41:02.011  1011  1189 I ASH     : @ 111714.207: tcs3701: stop power rail pending_off timer
11-23 19:41:02.011  1011  1189 D ASH     : @ 111714.207: tcs3701: start power rail timer, state:3
11-23 19:41:02.051  1011  1189 I ASH     : @ 111714.247: tcs3701: stop power rail pending_off timer
11-23 19:41:02.051  1011  1189 D ASH     : @ 111714.247: tcs3701: start power rail timer, state:3
11-23 19:41:02.091  1011  1189 I ASH     : @ 111714.287: tcs3701: stop power rail pending_off timer
11-23 19:41:02.091  1011  1189 D ASH     : @ 111714.287: tcs3701: start power rail timer, state:3
11-23 19:41:02.093  9398  9433 I BatteryMgr:DataCollectionService: stats => 1700764862092,11901,4447,9765,4169000,100
11-23 19:41:02.131  1011  1189 I ASH     : @ 111714.327: tcs3701: stop power rail pending_off timer
11-23 19:41:02.131  1011  1189 D ASH     : @ 111714.327: tcs3701: start power rail timer, state:3
11-23 19:41:02.171  1011  1189 I ASH     : @ 111714.367: tcs3701: stop power rail pending_off timer
11-23 19:41:02.171  1011  1189 D ASH     : @ 111714.367: tcs3701: start power rail timer, state:3
11-23 19:41:02.198  9398  9433 I BatteryMgr:DataCollectionService: stats => 1700764862198,11901,4447,9765,4169000,100
11-23 19:41:02.211  1011  1189 I ASH     : @ 111714.407: tcs3701: stop power rail pending_off timer
11-23 19:41:02.212  1011  1189 D ASH     : @ 111714.407: tcs3701: start power rail timer, state:3
11-23 19:41:02.249  1795  4172 D ActivityManager: freezer override set to true
11-23 19:41:02.251  1011  1189 I ASH     : @ 111714.447: tcs3701: stop power rail pending_off timer
11-23 19:41:02.251  1011  1189 D ASH     : @ 111714.447: tcs3701: start power rail timer, state:3
11-23 19:41:02.291  1011  1189 I ASH     : @ 111714.487: tcs3701: stop power rail pending_off timer
11-23 19:41:02.291  1011  1189 D ASH     : @ 111714.487: tcs3701: start power rail timer, state:3
11-23 19:41:02.303  9398  9433 I BatteryMgr:DataCollectionService: stats => 1700764862303,11901,4447,9765,4169000,100
11-23 19:41:02.331  1011  1189 I ASH     : @ 111714.527: tcs3701: stop power rail pending_off timer
11-23 19:41:02.331  1011  1189 D ASH     : @ 111714.527: tcs3701: start power rail timer, state:3
11-23 19:41:02.333 25930 26269 I m.chrome.canary: Explicit concurrent copying GC freed 3590(176KB) AllocSpace objects, 3(60KB) LOS objects, 75% free, 12MB/48MB, paused 34us,27us total 47.359ms
11-23 19:41:02.371  1011  1189 I ASH     : @ 111714.567: tcs3701: stop power rail pending_off timer
11-23 19:41:02.371  1011  1189 D ASH     : @ 111714.567: tcs3701: start power rail timer, state:3
11-23 19:41:02.391  1795  4172 D ActivityManager: freezer override set to false
11-23 19:41:02.410  9398  9433 I BatteryMgr:DataCollectionService: stats => 1700764862410,11901,4447,9765,4169000,100
11-23 19:41:02.411  1011  1189 I ASH     : @ 111714.607: tcs3701: stop power rail pending_off timer
11-23 19:41:02.411  1011  1189 D ASH     : @ 111714.607: tcs3701: start power rail timer, state:3
11-23 19:41:02.441  1795  4172 D ActivityManager: freezer override set to true
11-23 19:41:02.443  1795  4172 D ActivityManager: freezer override set to false
11-23 19:41:02.451  1011  1189 I ASH     : @ 111714.647: tcs3701: stop power rail pending_off timer
11-23 19:41:02.451  1011  1189 D ASH     : @ 111714.647: tcs3701: start power rail timer, state:3
11-23 19:41:02.491  1011  1189 I ASH     : @ 111714.687: tcs3701: stop power rail pending_off timer
11-23 19:41:02.491  1011  1189 D ASH     : @ 111714.687: tcs3701: start power rail timer, state:3
11-23 19:41:02.516  9398  9433 I BatteryMgr:DataCollectionService: stats => 1700764862516,11901,4447,9765,4169000,100
11-23 19:41:02.531  1011  1189 I ASH     : @ 111714.727: tcs3701: stop power rail pending_off timer
11-23 19:41:02.531  1011  1189 D ASH     : @ 111714.727: tcs3701: start power rail timer, state:3
11-23 19:41:02.554  2113  2118 I pixel-thermal: skin-therm-monitor: 37.679
11-23 19:41:02.571  1011  1189 I ASH     : @ 111714.767: tcs3701: stop power rail pending_off timer
11-23 19:41:02.571  1011  1189 D ASH     : @ 111714.767: tcs3701: start power rail timer, state:3
11-23 19:41:02.611  1011  1189 I ASH     : @ 111714.807: tcs3701: stop power rail pending_off timer
11-23 19:41:02.611  1011  1189 D ASH     : @ 111714.807: tcs3701: start power rail timer, state:3
11-23 19:41:02.623  9398  9433 I BatteryMgr:DataCollectionService: stats => 1700764862622,11901,4447,9765,4169000,100
11-23 19:41:02.651  1011  1189 I ASH     : @ 111714.847: tcs3701: stop power rail pending_off timer
11-23 19:41:02.651  1011  1189 D ASH     : @ 111714.847: tcs3701: start power rail timer, state:3
11-23 19:41:02.691  1011  1189 I ASH     : @ 111714.887: tcs3701: stop power rail pending_off timer
11-23 19:41:02.691  1011  1189 D ASH     : @ 111714.887: tcs3701: start power rail timer, state:3
11-23 19:41:02.731  1011  1189 I ASH     : @ 111714.927: tcs3701: stop power rail pending_off timer
11-23 19:41:02.731  1011  1189 D ASH     : @ 111714.927: tcs3701: start power rail timer, state:3
11-23 19:41:02.731  9398  9433 I BatteryMgr:DataCollectionService: stats => 1700764862731,11901,4447,9765,4169000,100
11-23 19:41:02.748  1795  4172 D ActivityManager: freezer override set to true
11-23 19:41:02.752  1795  4172 D ActivityManager: freezer override set to false
11-23 19:41:02.771  1011  1189 I ASH     : @ 111714.967: tcs3701: stop power rail pending_off timer
11-23 19:41:02.771  1011  1189 D ASH     : @ 111714.967: tcs3701: start power rail timer, state:3
11-23 19:41:02.811  1011  1189 I ASH     : @ 111715.007: tcs3701: stop power rail pending_off timer
11-23 19:41:02.811  1011  1189 D ASH     : @ 111715.007: tcs3701: start power rail timer, state:3
11-23 19:41:02.839  9398  9433 I BatteryMgr:DataCollectionService: stats => 1700764862839,11901,4447,9765,4169000,100
11-23 19:41:02.851  1011  1189 I ASH     : @ 111715.047: tcs3701: stop power rail pending_off timer
11-23 19:41:02.851  1011  1189 D ASH     : @ 111715.047: tcs3701: start power rail timer, state:3
11-23 19:41:02.891  1011  1189 I ASH     : @ 111715.087: tcs3701: stop power rail pending_off timer
11-23 19:41:02.891  1011  1189 D ASH     : @ 111715.087: tcs3701: start power rail timer, state:3
11-23 19:41:02.931  1011  1189 I ASH     : @ 111715.127: tcs3701: stop power rail pending_off timer
11-23 19:41:02.931  1011  1189 D ASH     : @ 111715.127: tcs3701: start power rail timer, state:3
11-23 19:41:02.946  9398  9433 I BatteryMgr:DataCollectionService: stats => 1700764862946,11901,4447,9765,4169000,100
11-23 19:41:02.971  1011  1189 I ASH     : @ 111715.167: tcs3701: stop power rail pending_off timer
11-23 19:41:02.971  1011  1189 D ASH     : @ 111715.167: tcs3701: start power rail timer, state:3
11-23 19:41:03.011  1011  1189 I ASH     : @ 111715.207: tcs3701: stop power rail pending_off timer
11-23 19:41:03.011  1011  1189 D ASH     : @ 111715.207: tcs3701: start power rail timer, state:3
11-23 19:41:03.051  1011  1189 I ASH     : @ 111715.247: tcs3701: stop power rail pending_off timer
11-23 19:41:03.051  1011  1189 D ASH     : @ 111715.247: tcs3701: start power rail timer, state:3
11-23 19:41:03.058  9398  9433 I BatteryMgr:DataCollectionService: stats => 1700764863058,11901,4447,9765,4169000,100
11-23 19:41:03.091  1011  1189 I ASH     : @ 111715.287: tcs3701: stop power rail pending_off timer
11-23 19:41:03.092  1011  1189 D ASH     : @ 111715.287: tcs3701: start power rail timer, state:3
11-23 19:41:03.131  1011  1189 I ASH     : @ 111715.327: tcs3701: stop power rail pending_off timer
11-23 19:41:03.132  1011  1189 D ASH     : @ 111715.327: tcs3701: start power rail timer, state:3
11-23 19:41:03.165  9398  9433 I BatteryMgr:DataCollectionService: stats => 1700764863165,11901,4447,9765,4169000,100
11-23 19:41:03.171  1011  1189 I ASH     : @ 111715.367: tcs3701: stop power rail pending_off timer
11-23 19:41:03.171  1011  1189 D ASH     : @ 111715.367: tcs3701: start power rail timer, state:3
11-23 19:41:03.212  1011  1189 I ASH     : @ 111715.407: tcs3701: stop power rail pending_off timer
11-23 19:41:03.212  1011  1189 D ASH     : @ 111715.407: tcs3701: start power rail timer, state:3
11-23 19:41:03.227  3845  3845 E AbstractGmsTracer: Traced class shouldn't be obfuscated: GmsIntentOperationChimeraService [CONTEXT service_id=259 ]
11-23 19:41:03.234  3845 26523 E AbstractGmsTracer: Traced class shouldn't be obfuscated: InstantIndexingIntentOperation [CONTEXT service_id=259 ]
11-23 19:41:03.236  3845 26523 I GmscoreIpa: Starting mediastore instant index [CONTEXT service_id=255 ]
11-23 19:41:03.251  1011  1189 I ASH     : @ 111715.447: tcs3701: stop power rail pending_off timer
11-23 19:41:03.251  1011  1189 D ASH     : @ 111715.447: tcs3701: start power rail timer, state:3
11-23 19:41:03.270  9398  9433 I BatteryMgr:DataCollectionService: stats => 1700764863270,11901,4447,9765,4169000,100
11-23 19:41:03.292  1011  1189 I ASH     : @ 111715.487: tcs3701: stop power rail pending_off timer
11-23 19:41:03.292  1011  1189 D ASH     : @ 111715.488: tcs3701: start power rail timer, state:3
11-23 19:41:03.331  1011  1189 I ASH     : @ 111715.527: tcs3701: stop power rail pending_off timer
11-23 19:41:03.331  1011  1189 D ASH     : @ 111715.527: tcs3701: start power rail timer, state:3
11-23 19:41:03.371  1011  1189 I ASH     : @ 111715.567: tcs3701: stop power rail pending_off timer
11-23 19:41:03.371  1011  1189 D ASH     : @ 111715.567: tcs3701: start power rail timer, state:3
11-23 19:41:03.377  9398  9433 I BatteryMgr:DataCollectionService: stats => 1700764863377,11901,4447,9765,4169000,100
11-23 19:41:03.391  1795  2424 D WifiNetworkSelector: Current connected network: 12
11-23 19:41:03.391  1795  2424 V WifiConnectivityManager: No partial scan because firmware roaming is supported.
11-23 19:41:03.391  1795  2424 V WifiConnectivityManager: schedulePeriodicScanTimer intervalMs 20000
11-23 19:41:03.411  1011  1189 I ASH     : @ 111715.607: tcs3701: stop power rail pending_off timer
11-23 19:41:03.411  1011  1189 D ASH     : @ 111715.607: tcs3701: start power rail timer, state:3
11-23 19:41:03.451  1011  1189 I ASH     : @ 111715.647: tcs3701: stop power rail pending_off timer
11-23 19:41:03.451  1011  1189 D ASH     : @ 111715.647: tcs3701: start power rail timer, state:3
11-23 19:41:03.483  9398  9433 I BatteryMgr:DataCollectionService: stats => 1700764863483,11901,4447,9765,4169000,100
11-23 19:41:03.492  1011  1189 I ASH     : @ 111715.687: tcs3701: stop power rail pending_off timer
11-23 19:41:03.492  1011  1189 D ASH     : @ 111715.687: tcs3701: start power rail timer, state:3
11-23 19:41:03.531  1011  1189 I ASH     : @ 111715.727: tcs3701: stop power rail pending_off timer
11-23 19:41:03.531  1011  1189 D ASH     : @ 111715.727: tcs3701: start power rail timer, state:3
11-23 19:41:03.571  1011  1189 I ASH     : @ 111715.767: tcs3701: stop power rail pending_off timer
11-23 19:41:03.571  1011  1189 D ASH     : @ 111715.767: tcs3701: start power rail timer, state:3
11-23 19:41:03.593  9398  9433 I BatteryMgr:DataCollectionService: stats => 1700764863593,11901,4447,9765,4169000,100
11-23 19:41:03.599  1795  4158 D ActivityManager: freezer override set to true
11-23 19:41:03.611  1011  1189 I ASH     : @ 111715.807: tcs3701: stop power rail pending_off timer
11-23 19:41:03.611  1011  1189 D ASH     : @ 111715.807: tcs3701: start power rail timer, state:3
11-23 19:41:03.651  1011  1189 I ASH     : @ 111715.847: tcs3701: stop power rail pending_off timer
11-23 19:41:03.651  1011  1189 D ASH     : @ 111715.847: tcs3701: start power rail timer, state:3
11-23 19:41:03.691  1011  1189 I ASH     : @ 111715.887: tcs3701: stop power rail pending_off timer
11-23 19:41:03.691  1011  1189 D ASH     : @ 111715.887: tcs3701: start power rail timer, state:3
11-23 19:41:03.698  9398  9433 I BatteryMgr:DataCollectionService: stats => 1700764863698,11901,4447,9765,4169000,100
11-23 19:41:03.731  1011  1189 I ASH     : @ 111715.927: tcs3701: stop power rail pending_off timer
11-23 19:41:03.731  1011  1189 D ASH     : @ 111715.927: tcs3701: start power rail timer, state:3
11-23 19:41:03.732 25930 26269 I m.chrome.canary: Explicit concurrent copying GC freed 3577(176KB) AllocSpace objects, 3(60KB) LOS objects, 75% free, 12MB/48MB, paused 140us,25us total 47.456ms
11-23 19:41:03.749  1795  2424 D WifiClientModeImpl[13802:wlan0]: updateLinkLayerStatsRssiSpeedFrequencyCapabilities rssi=-47 TxLinkspeed=866 freq=5240 RxLinkSpeed=866
11-23 19:41:03.749  1795  2424 D WifiDataStall: tx tput in kbps: 685729
11-23 19:41:03.749  1795  2424 D WifiDataStall: rx tput in kbps: 788195
11-23 19:41:03.749  1795  2424 V WifiConfigManager: Updating scan detail cache freq=5240 BSSID=f4:6d:2f:12:cc:88 RSSI=-47 for "ourhome"WPA_PSK
11-23 19:41:03.750  1795  2424 D WifiChannelUtilization:  freq: 5240 onTime: 3311045 busyTime: 299018 onTimeDiff: 3310750 busyTimeDiff: 299001 utilization: 23 utilization t0: 23
11-23 19:41:03.750  1795  2424 D WifiDataStall:  ccaLevel = 23
11-23 19:41:03.750  1795  2424 D WifiDataStall: L2 txTputKbps: 788195, rxTputKbps: 788195, L3 txTputKbps: 103, rxTputKbps: 22, TxTrafficHigh: true, RxTrafficHigh: true, Throughput Sufficient: true
11-23 19:41:03.750  3213  8092 V WifiManager: OnWifiUsabilityStatsListener: onWifiUsabilityStats: seqNum=36870
11-23 19:41:03.750  1795  4172 I WifiService: updateWifiUsabilityScore uid=10180 seqNum=36870 score=100 predictionHorizonSec=1441795
11-23 19:41:03.751  1795  2424 D WifiScoreReport: Wifi scoring disabled - Don't check IP layer
11-23 19:41:03.751  1795  2424 D WifiScoreCard: BSSID update SIGNAL_POLL ID: 1320464697 SSID: "ourhome", BSSID: f4:6d:2f:12:cc:88, MAC: b2:2f:ec:da:4a:0c, IP: /192.168.1.104, Security type: 2, Supplicant state: COMPLETED, Wi-Fi standard: 5, RSSI: -47, Link speed: 866Mbps, Tx Link speed: 866Mbps, Max Supported Tx Link speed: 866Mbps, Rx Link speed: 866Mbps, Max Supported Rx Link speed: 866Mbps, Frequency: 5240MHz, Net ID: 12, Metered hint: false, score: 60, isUsable: true, CarrierMerged: false, SubscriptionId: -1, IsPrimary: 1, Trusted: true, Restricted: false, Ephemeral: false, OEM paid: false, OEM private: false, OSU AP: false, FQDN: <none>, Provider friendly name: <none>, Requesting package name: <none>"ourhome"wpa2-pskMLO Information: , Is TID-To-Link negotiation supported by the AP: false, AP MLD Address: <none>, AP MLO Link Id: <none>, AP MLO Affiliated links: <none>
11-23 19:41:03.751  1795  2424 D WifiScoreCard: txRate: 7 txSpeed: 866
11-23 19:41:03.751  1795  2424 D WifiScoreCard: network update SIGNAL_POLL "ourhome" ID: 1499892569 RSSI -47 txSpeed 866
11-23 19:41:03.751  1795  2424 D WifiClientModeImpl[13802:wlan0]:  ClientModeImpl$L2ConnectedState screen=on 23 0 "ourhome" f4:6d:2f:12:cc:88 rssi=-47 f=5240 sc=60 link=866 tx=6.1, 0.3, 0.0 rx=5.6 bcn=1071457 [on:129 tx:3 rx:2 period:3012] from screen [on:129239 period:2940688] score=60
11-23 19:41:03.752  1795  2424 D WifiScoreReport: Wifi scoring disabled - Notify that Wifi is usable
11-23 19:41:03.755  1795  2432 D ConnectivityService: NetReassign [no changes] [c 0] [a 0] [i 2]
11-23 19:41:03.771  1011  1189 I ASH     : @ 111715.967: tcs3701: stop power rail pending_off timer
11-23 19:41:03.771  1011  1189 D ASH     : @ 111715.967: tcs3701: start power rail timer, state:3
11-23 19:41:03.796  1795  4172 D ActivityManager: freezer override set to false
11-23 19:41:03.804  9398  9433 I BatteryMgr:DataCollectionService: stats => 1700764863804,11901,4447,9765,4169000,100
11-23 19:41:03.811  1011  1189 I ASH     : @ 111716.007: tcs3701: stop power rail pending_off timer
11-23 19:41:03.811  1011  1189 D ASH     : @ 111716.007: tcs3701: start power rail timer, state:3
11-23 19:41:03.832  1795  4172 D ActivityManager: freezer override set to true
11-23 19:41:03.834  1795  4172 D ActivityManager: freezer override set to false
11-23 19:41:03.851  1011  1189 I ASH     : @ 111716.047: tcs3701: stop power rail pending_off timer
11-23 19:41:03.851  1011  1189 D ASH     : @ 111716.047: tcs3701: start power rail timer, state:3
11-23 19:41:03.892  1011  1189 I ASH     : @ 111716.087: tcs3701: stop power rail pending_off timer
11-23 19:41:03.892  1011  1189 D ASH     : @ 111716.087: tcs3701: start power rail timer, state:3
11-23 19:41:03.910  9398  9433 I BatteryMgr:DataCollectionService: stats => 1700764863910,11901,4447,9765,4169000,100
11-23 19:41:03.931  1011  1189 I ASH     : @ 111716.127: tcs3701: stop power rail pending_off timer
11-23 19:41:03.931  1011  1189 D ASH     : @ 111716.127: tcs3701: start power rail timer, state:3
11-23 19:41:03.971  1011  1189 I ASH     : @ 111716.167: tcs3701: stop power rail pending_off timer
11-23 19:41:03.971  1011  1189 D ASH     : @ 111716.167: tcs3701: start power rail timer, state:3
11-23 19:41:04.011  1011  1189 I ASH     : @ 111716.207: tcs3701: stop power rail pending_off timer
11-23 19:41:04.011  1011  1189 D ASH     : @ 111716.207: tcs3701: start power rail timer, state:3
11-23 19:41:04.018  9398  9433 I BatteryMgr:DataCollectionService: stats => 1700764864018,11901,4447,9765,4169000,100
11-23 19:41:04.051  1011  1189 I ASH     : @ 111716.247: tcs3701: stop power rail pending_off timer
11-23 19:41:04.051  1011  1189 D ASH     : @ 111716.247: tcs3701: start power rail timer, state:3
11-23 19:41:04.091  1011  1189 I ASH     : @ 111716.287: tcs3701: stop power rail pending_off timer
11-23 19:41:04.091  1011  1189 D ASH     : @ 111716.287: tcs3701: start power rail timer, state:3
11-23 19:41:04.126  9398  9433 I BatteryMgr:DataCollectionService: stats => 1700764864126,11901,4447,9765,4169000,100
11-23 19:41:04.131  1011  1189 I ASH     : @ 111716.327: tcs3701: stop power rail pending_off timer
11-23 19:41:04.131  1011  1189 D ASH     : @ 111716.327: tcs3701: start power rail timer, state:3
11-23 19:41:04.171  1011  1189 I ASH     : @ 111716.367: tcs3701: stop power rail pending_off timer
11-23 19:41:04.171  1011  1189 D ASH     : @ 111716.367: tcs3701: start power rail timer, state:3
11-23 19:41:04.211  1011  1189 I ASH     : @ 111716.407: tcs3701: stop power rail pending_off timer
11-23 19:41:04.211  1011  1189 D ASH     : @ 111716.407: tcs3701: start power rail timer, state:3
11-23 19:41:04.235  9398  9433 I BatteryMgr:DataCollectionService: stats => 1700764864235,11901,4447,9765,4169000,100
11-23 19:41:04.251  1011  1189 I ASH     : @ 111716.447: tcs3701: stop power rail pending_off timer
11-23 19:41:04.251  1011  1189 D ASH     : @ 111716.447: tcs3701: start power rail timer, state:3
11-23 19:41:04.291  1011  1189 I ASH     : @ 111716.487: tcs3701: stop power rail pending_off timer
11-23 19:41:04.291  1011  1189 D ASH     : @ 111716.487: tcs3701: start power rail timer, state:3
11-23 19:41:04.331  1011  1189 I ASH     : @ 111716.527: tcs3701: stop power rail pending_off timer
11-23 19:41:04.331  1011  1189 D ASH     : @ 111716.527: tcs3701: start power rail timer, state:3
11-23 19:41:04.344  9398  9433 I BatteryMgr:DataCollectionService: stats => 1700764864344,11901,4447,9765,4169000,100
11-23 19:41:04.371  1011  1189 I ASH     : @ 111716.567: tcs3701: stop power rail pending_off timer
11-23 19:41:04.371  1011  1189 D ASH     : @ 111716.567: tcs3701: start power rail timer, state:3
11-23 19:41:04.411  1011  1189 I ASH     : @ 111716.607: tcs3701: stop power rail pending_off timer
11-23 19:41:04.411  1011  1189 D ASH     : @ 111716.607: tcs3701: start power rail timer, state:3
11-23 19:41:04.451  1011  1189 I ASH     : @ 111716.647: tcs3701: stop power rail pending_off timer
11-23 19:41:04.451  1011  1189 D ASH     : @ 111716.647: tcs3701: start power rail timer, state:3
11-23 19:41:04.454  9398  9433 I BatteryMgr:DataCollectionService: stats => 1700764864454,11901,4447,9765,4169000,100
11-23 19:41:04.491  1011  1189 I ASH     : @ 111716.687: tcs3701: stop power rail pending_off timer
11-23 19:41:04.491  1011  1189 D ASH     : @ 111716.687: tcs3701: start power rail timer, state:3
11-23 19:41:04.531  1011  1189 I ASH     : @ 111716.727: tcs3701: stop power rail pending_off timer
11-23 19:41:04.531  1011  1189 D ASH     : @ 111716.727: tcs3701: start power rail timer, state:3
11-23 19:41:04.558  2113  2118 I pixel-thermal: skin-therm-monitor: 37.69
11-23 19:41:04.561  9398  9433 I BatteryMgr:DataCollectionService: stats => 1700764864561,11901,4447,9765,4169000,100
11-23 19:41:04.571  1011  1189 I ASH     : @ 111716.767: tcs3701: stop power rail pending_off timer
11-23 19:41:04.571  1011  1189 D ASH     : @ 111716.767: tcs3701: start power rail timer, state:3
11-23 19:41:04.611  1011  1189 I ASH     : @ 111716.807: tcs3701: stop power rail pending_off timer
11-23 19:41:04.611  1011  1189 D ASH     : @ 111716.807: tcs3701: start power rail timer, state:3
11-23 19:41:04.651  1011  1189 I ASH     : @ 111716.847: tcs3701: stop power rail pending_off timer
11-23 19:41:04.651  1011  1189 D ASH     : @ 111716.847: tcs3701: start power rail timer, state:3
11-23 19:41:04.670  9398  9433 I BatteryMgr:DataCollectionService: stats => 1700764864670,11901,4447,9765,4169000,100
11-23 19:41:04.691  1011  1189 I ASH     : @ 111716.887: tcs3701: stop power rail pending_off timer
11-23 19:41:04.691  1011  1189 D ASH     : @ 111716.887: tcs3701: start power rail timer, state:3
11-23 19:41:04.731  1011  1189 I ASH     : @ 111716.927: tcs3701: stop power rail pending_off timer
11-23 19:41:04.731  1011  1189 D ASH     : @ 111716.927: tcs3701: start power rail timer, state:3
11-23 19:41:04.756  1795  4172 D ActivityManager: freezer override set to true
11-23 19:41:04.760  1795  4172 D ActivityManager: freezer override set to false
11-23 19:41:04.771  1011  1189 I ASH     : @ 111716.967: tcs3701: stop power rail pending_off timer
11-23 19:41:04.771  1011  1189 D ASH     : @ 111716.967: tcs3701: start power rail timer, state:3
11-23 19:41:04.778  9398  9433 I BatteryMgr:DataCollectionService: stats => 1700764864778,11901,4447,9765,4169000,100
11-23 19:41:04.811  1011  1189 I ASH     : @ 111717.007: tcs3701: stop power rail pending_off timer
11-23 19:41:04.811  1011  1189 D ASH     : @ 111717.007: tcs3701: start power rail timer, state:3
11-23 19:41:04.851  1011  1189 I ASH     : @ 111717.047: tcs3701: stop power rail pending_off timer
11-23 19:41:04.851  1011  1189 D ASH     : @ 111717.047: tcs3701: start power rail timer, state:3
11-23 19:41:04.888  9398  9433 I BatteryMgr:DataCollectionService: stats => 1700764864888,11901,4447,9765,4169000,100
11-23 19:41:04.891  1011  1189 I ASH     : @ 111717.087: tcs3701: stop power rail pending_off timer
11-23 19:41:04.891  1011  1189 D ASH     : @ 111717.087: tcs3701: start power rail timer, state:3
11-23 19:41:04.931  1011  1189 I ASH     : @ 111717.127: tcs3701: stop power rail pending_off timer
11-23 19:41:04.932  1011  1189 D ASH     : @ 111717.127: tcs3701: start power rail timer, state:3
11-23 19:41:04.971  1011  1189 I ASH     : @ 111717.167: tcs3701: stop power rail pending_off timer
11-23 19:41:04.971  1011  1189 D ASH     : @ 111717.167: tcs3701: start power rail timer, state:3
11-23 19:41:04.998  9398  9433 I BatteryMgr:DataCollectionService: stats => 1700764864998,11901,4447,9765,4169000,100
11-23 19:41:05.011  1011  1189 I ASH     : @ 111717.207: tcs3701: stop power rail pending_off timer
11-23 19:41:05.011  1795  4172 D ActivityManager: freezer override set to true
11-23 19:41:05.011  1011  1189 D ASH     : @ 111717.207: tcs3701: start power rail timer, state:3
11-23 19:41:05.051  1011  1189 I ASH     : @ 111717.247: tcs3701: stop power rail pending_off timer
11-23 19:41:05.051  1011  1189 D ASH     : @ 111717.247: tcs3701: start power rail timer, state:3
11-23 19:41:05.092  1011  1189 I ASH     : @ 111717.287: tcs3701: stop power rail pending_off timer
11-23 19:41:05.092  1011  1189 D ASH     : @ 111717.287: tcs3701: start power rail timer, state:3
11-23 19:41:05.094 25930 26269 I m.chrome.canary: Explicit concurrent copying GC freed 3803(191KB) AllocSpace objects, 4(80KB) LOS objects, 75% free, 12MB/48MB, paused 30us,24us total 47.283ms
11-23 19:41:05.103  9398  9433 I BatteryMgr:DataCollectionService: stats => 1700764865103,11901,4447,9765,4169000,100
11-23 19:41:05.131  1011  1189 I ASH     : @ 111717.327: tcs3701: stop power rail pending_off timer
11-23 19:41:05.131  1011  1189 D ASH     : @ 111717.327: tcs3701: start power rail timer, state:3
11-23 19:41:05.152  1795  4172 D ActivityManager: freezer override set to false
11-23 19:41:05.171  1011  1189 I ASH     : @ 111717.367: tcs3701: stop power rail pending_off timer
11-23 19:41:05.171  1011  1189 D ASH     : @ 111717.367: tcs3701: start power rail timer, state:3
11-23 19:41:05.200  1795  4172 D ActivityManager: freezer override set to true
11-23 19:41:05.203  1795  4172 D ActivityManager: freezer override set to false
11-23 19:41:05.210  9398  9433 I BatteryMgr:DataCollectionService: stats => 1700764865210,11901,4447,9765,4169000,100
11-23 19:41:05.211  1011  1189 I ASH     : @ 111717.407: tcs3701: stop power rail pending_off timer
11-23 19:41:05.211  1011  1189 D ASH     : @ 111717.407: tcs3701: start power rail timer, state:3
11-23 19:41:05.251  1011  1189 I ASH     : @ 111717.447: tcs3701: stop power rail pending_off timer
11-23 19:41:05.251  1011  1189 D ASH     : @ 111717.447: tcs3701: start power rail timer, state:3
11-23 19:41:05.291  1011  1189 I ASH     : @ 111717.487: tcs3701: stop power rail pending_off timer
11-23 19:41:05.291  1011  1189 D ASH     : @ 111717.487: tcs3701: start power rail timer, state:3
11-23 19:41:05.317  9398  9433 I BatteryMgr:DataCollectionService: stats => 1700764865317,11901,4447,9765,4169000,100
11-23 19:41:05.331  1011  1189 I ASH     : @ 111717.527: tcs3701: stop power rail pending_off timer
11-23 19:41:05.331  1011  1189 D ASH     : @ 111717.527: tcs3701: start power rail timer, state:3
11-23 19:41:05.371  1011  1189 I ASH     : @ 111717.567: tcs3701: stop power rail pending_off timer
11-23 19:41:05.371  1011  1189 D ASH     : @ 111717.567: tcs3701: start power rail timer, state:3
11-23 19:41:05.411  1011  1189 I ASH     : @ 111717.607: tcs3701: stop power rail pending_off timer
11-23 19:41:05.411  1011  1189 D ASH     : @ 111717.607: tcs3701: start power rail timer, state:3
11-23 19:41:05.425  9398  9433 I BatteryMgr:DataCollectionService: stats => 1700764865424,11901,4447,9765,4169000,100
11-23 19:41:05.451  1011  1189 I ASH     : @ 111717.647: tcs3701: stop power rail pending_off timer
11-23 19:41:05.451  1011  1189 D ASH     : @ 111717.647: tcs3701: start power rail timer, state:3
11-23 19:41:05.491  1011  1189 I ASH     : @ 111717.687: tcs3701: stop power rail pending_off timer
11-23 19:41:05.491  1011  1189 D ASH     : @ 111717.687: tcs3701: start power rail timer, state:3
11-23 19:41:05.531  1011  1189 I ASH     : @ 111717.727: tcs3701: stop power rail pending_off timer
11-23 19:41:05.531  1011  1189 D ASH     : @ 111717.727: tcs3701: start power rail timer, state:3
11-23 19:41:05.533  9398  9433 I BatteryMgr:DataCollectionService: stats => 1700764865533,11901,4447,9765,4169000,100
11-23 19:41:05.571  1011  1189 I ASH     : @ 111717.767: tcs3701: stop power rail pending_off timer
11-23 19:41:05.571  1011  1189 D ASH     : @ 111717.767: tcs3701: start power rail timer, state:3
11-23 19:41:05.611  1011  1189 I ASH     : @ 111717.807: tcs3701: stop power rail pending_off timer
11-23 19:41:05.611  1011  1189 D ASH     : @ 111717.807: tcs3701: start power rail timer, state:3
11-23 19:41:05.641  9398  9433 I BatteryMgr:DataCollectionService: stats => 1700764865641,11901,4447,9765,4169000,100
11-23 19:41:05.651  1011  1189 I ASH     : @ 111717.847: tcs3701: stop power rail pending_off timer
11-23 19:41:05.651  1011  1189 D ASH     : @ 111717.847: tcs3701: start power rail timer, state:3
11-23 19:41:05.691  1011  1189 I ASH     : @ 111717.887: tcs3701: stop power rail pending_off timer
11-23 19:41:05.691  1011  1189 D ASH     : @ 111717.887: tcs3701: start power rail timer, state:3
11-23 19:41:05.731  1011  1189 I ASH     : @ 111717.927: tcs3701: stop power rail pending_off timer
11-23 19:41:05.731  1011  1189 D ASH     : @ 111717.927: tcs3701: start power rail timer, state:3
11-23 19:41:05.750  9398  9433 I BatteryMgr:DataCollectionService: stats => 1700764865750,11901,4447,9765,4169000,100
11-23 19:41:05.753  1795  4172 D ActivityManager: freezer override set to true
11-23 19:41:05.757  1795  4172 D ActivityManager: freezer override set to false
11-23 19:41:05.771  1011  1189 I ASH     : @ 111717.967: tcs3701: stop power rail pending_off timer
11-23 19:41:05.771  1011  1189 D ASH     : @ 111717.967: tcs3701: start power rail timer, state:3
11-23 19:41:05.811  1011  1189 I ASH     : @ 111718.007: tcs3701: stop power rail pending_off timer
11-23 19:41:05.811  1011  1189 D ASH     : @ 111718.007: tcs3701: start power rail timer, state:3
11-23 19:41:05.851  1011  1189 I ASH     : @ 111718.047: tcs3701: stop power rail pending_off timer
11-23 19:41:05.851  1011  1189 D ASH     : @ 111718.047: tcs3701: start power rail timer, state:3
11-23 19:41:05.858  9398  9433 I BatteryMgr:DataCollectionService: stats => 1700764865858,11901,4447,9765,4169000,100
11-23 19:41:05.891  1011  1189 I ASH     : @ 111718.087: tcs3701: stop power rail pending_off timer
11-23 19:41:05.891  1011  1189 D ASH     : @ 111718.087: tcs3701: start power rail timer, state:3
11-23 19:41:05.931  1011  1189 I ASH     : @ 111718.127: tcs3701: stop power rail pending_off timer
11-23 19:41:05.931  1011  1189 D ASH     : @ 111718.127: tcs3701: start power rail timer, state:3
11-23 19:41:05.965  9398  9433 I BatteryMgr:DataCollectionService: stats => 1700764865965,11901,4447,9765,4169000,100
11-23 19:41:05.971  1011  1189 I ASH     : @ 111718.167: tcs3701: stop power rail pending_off timer
11-23 19:41:05.971  1011  1189 D ASH     : @ 111718.167: tcs3701: start power rail timer, state:3
11-23 19:41:06.011  1011  1189 I ASH     : @ 111718.207: tcs3701: stop power rail pending_off timer
11-23 19:41:06.011  1011  1189 D ASH     : @ 111718.207: tcs3701: start power rail timer, state:3
11-23 19:41:06.051  1011  1189 I ASH     : @ 111718.247: tcs3701: stop power rail pending_off timer
11-23 19:41:06.051  1011  1189 D ASH     : @ 111718.247: tcs3701: start power rail timer, state:3
11-23 19:41:06.072  9398  9433 I BatteryMgr:DataCollectionService: stats => 1700764866072,11901,4447,9765,4169000,100
11-23 19:41:06.091  1011  1189 I ASH     : @ 111718.287: tcs3701: stop power rail pending_off timer
11-23 19:41:06.091  1011  1189 D ASH     : @ 111718.287: tcs3701: start power rail timer, state:3
11-23 19:41:06.131  1011  1189 I ASH     : @ 111718.327: tcs3701: stop power rail pending_off timer
11-23 19:41:06.131  1011  1189 D ASH     : @ 111718.327: tcs3701: start power rail timer, state:3
11-23 19:41:06.171  1011  1189 I ASH     : @ 111718.367: tcs3701: stop power rail pending_off timer
11-23 19:41:06.171  1011  1189 D ASH     : @ 111718.367: tcs3701: start power rail timer, state:3
11-23 19:41:06.183  9398  9433 I BatteryMgr:DataCollectionService: stats => 1700764866183,11901,4447,9765,4169000,100
11-23 19:41:06.211  1011  1189 I ASH     : @ 111718.407: tcs3701: stop power rail pending_off timer
11-23 19:41:06.211  1011  1189 D ASH     : @ 111718.407: tcs3701: start power rail timer, state:3
11-23 19:41:06.251  1011  1189 I ASH     : @ 111718.447: tcs3701: stop power rail pending_off timer
11-23 19:41:06.251  1011  1189 D ASH     : @ 111718.447: tcs3701: start power rail timer, state:3
11-23 19:41:06.291  9398  9433 I BatteryMgr:DataCollectionService: stats => 1700764866290,11901,4447,9765,4169000,100
11-23 19:41:06.291  1011  1189 I ASH     : @ 111718.487: tcs3701: stop power rail pending_off timer
11-23 19:41:06.291  1011  1189 D ASH     : @ 111718.487: tcs3701: start power rail timer, state:3
11-23 19:41:06.331  1011  1189 I ASH     : @ 111718.527: tcs3701: stop power rail pending_off timer
11-23 19:41:06.331  1011  1189 D ASH     : @ 111718.527: tcs3701: start power rail timer, state:3
11-23 19:41:06.364  1795  4172 D ActivityManager: freezer override set to true
11-23 19:41:06.371  1011  1189 I ASH     : @ 111718.567: tcs3701: stop power rail pending_off timer
11-23 19:41:06.371  1011  1189 D ASH     : @ 111718.567: tcs3701: start power rail timer, state:3
11-23 19:41:06.395  9398  9433 I BatteryMgr:DataCollectionService: stats => 1700764866395,11901,4447,9765,4169000,100
11-23 19:41:06.411  1011  1189 I ASH     : @ 111718.607: tcs3701: stop power rail pending_off timer
11-23 19:41:06.411  1011  1189 D ASH     : @ 111718.607: tcs3701: start power rail timer, state:3
11-23 19:41:06.447 25930 26269 I m.chrome.canary: Explicit concurrent copying GC freed 3591(176KB) AllocSpace objects, 3(60KB) LOS objects, 75% free, 12MB/48MB, paused 118us,22us total 47.085ms
11-23 19:41:06.452  1011  1189 I ASH     : @ 111718.647: tcs3701: stop power rail pending_off timer
11-23 19:41:06.452  1011  1189 D ASH     : @ 111718.647: tcs3701: start power rail timer, state:3
11-23 19:41:06.491  1011  1189 I ASH     : @ 111718.687: tcs3701: stop power rail pending_off timer
11-23 19:41:06.491  1011  1189 D ASH     : @ 111718.687: tcs3701: start power rail timer, state:3
11-23 19:41:06.499  1795  4172 D ActivityManager: freezer override set to false
11-23 19:41:06.501  9398  9433 I BatteryMgr:DataCollectionService: stats => 1700764866501,11901,4447,9765,4169000,100
11-23 19:41:06.531  1011  1189 I ASH     : @ 111718.727: tcs3701: stop power rail pending_off timer
11-23 19:41:06.531  1011  1189 D ASH     : @ 111718.727: tcs3701: start power rail timer, state:3
11-23 19:41:06.534  1795  4158 D ActivityManager: freezer override set to true
11-23 19:41:06.538  1795  4158 D ActivityManager: freezer override set to false
11-23 19:41:06.562  2113  2118 I pixel-thermal: skin-therm-monitor: 37.703
11-23 19:41:06.571  1011  1189 I ASH     : @ 111718.767: tcs3701: stop power rail pending_off timer
11-23 19:41:06.571  1011  1189 D ASH     : @ 111718.767: tcs3701: start power rail timer, state:3
11-23 19:41:06.607  9398  9433 I BatteryMgr:DataCollectionService: stats => 1700764866607,11901,4447,9765,4169000,100
11-23 19:41:06.611  1011  1189 I ASH     : @ 111718.807: tcs3701: stop power rail pending_off timer
11-23 19:41:06.611  1011  1189 D ASH     : @ 111718.807: tcs3701: start power rail timer, state:3
11-23 19:41:06.651  1011  1189 I ASH     : @ 111718.847: tcs3701: stop power rail pending_off timer
11-23 19:41:06.651  1011  1189 D ASH     : @ 111718.847: tcs3701: start power rail timer, state:3
