11-24 15:23:00.006  3579  3877 I AiAiEcho: (REDACTED) #weatherTwiddler: Weather removes SubtitleSupplementalItem in surface: %s
11-24 15:23:00.008  3579  3877 I AiAiEcho: (REDACTED) Predicting[%d]: %s
11-24 15:23:00.009  3579  3877 I AiAiEcho: (REDACTED) EchoTargets: %s
11-24 15:23:00.009  3579  3877 I AiAiEcho: Filtered by AiAi flag check: %s
11-24 15:23:00.010  3579  3877 I AiAiEcho: (REDACTED) Ranked targets strategy: %s, count: %d, ranking metadata: %s
11-24 15:23:00.011  3579  3877 I AiAiEcho: (REDACTED) #weatherTwiddler: Weather removes SubtitleSupplementalItem in surface: %s
11-24 15:23:00.014  1011  1189 I ASH     : @ 182632.199: tcs3701: stop power rail pending_off timer
11-24 15:23:00.014  1011  1189 D ASH     : @ 182632.199: tcs3701: start power rail timer, state:3
11-24 15:23:00.015  3579  3877 I AiAiEcho: (REDACTED) #postPredictionTargets: Sending updates to UISurface %s with targets# %s (types=[%s])
11-24 15:23:00.019  3579  3877 I AiAiEcho: (REDACTED) #postPredictionTargets: Sending updates to UISurface %s with targets# %s (types=[%s])
11-24 15:23:00.021  2940  2940 D SsBaseTemplateCard: No text view can be set up
11-24 15:23:00.022  2940  2940 D SsBaseTemplateCard: Passed-in item info is null
11-24 15:23:00.022  2940  2940 D SsBaseTemplateCard: Passed-in item info is null
11-24 15:23:00.022  2940  2940 I SsBaseTemplateCard: Secondary card pane is null
11-24 15:23:00.023  2513  2513 D SsBaseTemplateCard: No text view can be set up
11-24 15:23:00.023  2513  2513 D SsBaseTemplateCard: Passed-in item info is null
11-24 15:23:00.023  2513  2513 D SsBaseTemplateCard: Passed-in item info is null
11-24 15:23:00.023  2513  2513 I SsBaseTemplateCard: Secondary card pane is null
11-24 15:23:00.049 10476 10510 I BatteryMgr:DataCollectionService: stats => 1700835780049,12817,4444,14953,4169000,100
11-24 15:23:00.050  1011  1189 I ASH     : @ 182632.239: tcs3701: stop power rail pending_off timer
11-24 15:23:00.050  1011  1189 D ASH     : @ 182632.239: tcs3701: start power rail timer, state:3
11-24 15:23:00.090  1011  1189 I ASH     : @ 182632.279: tcs3701: stop power rail pending_off timer
11-24 15:23:00.090  1011  1189 D ASH     : @ 182632.279: tcs3701: start power rail timer, state:3
11-24 15:23:00.130  1011  1189 I ASH     : @ 182632.319: tcs3701: stop power rail pending_off timer
11-24 15:23:00.130  1011  1189 D ASH     : @ 182632.319: tcs3701: start power rail timer, state:3
11-24 15:23:00.156 10476 10510 I BatteryMgr:DataCollectionService: stats => 1700835780156,12817,4444,14953,4169000,100
11-24 15:23:00.170  1011  1189 I ASH     : @ 182632.359: tcs3701: stop power rail pending_off timer
11-24 15:23:00.170  1011  1189 D ASH     : @ 182632.359: tcs3701: start power rail timer, state:3
11-24 15:23:00.210  1011  1189 I ASH     : @ 182632.399: tcs3701: stop power rail pending_off timer
11-24 15:23:00.210  1011  1189 D ASH     : @ 182632.399: tcs3701: start power rail timer, state:3
11-24 15:23:00.250  1011  1189 I ASH     : @ 182632.439: tcs3701: stop power rail pending_off timer
11-24 15:23:00.250  1011  1189 D ASH     : @ 182632.439: tcs3701: start power rail timer, state:3
11-24 15:23:00.261 10476 10510 I BatteryMgr:DataCollectionService: stats => 1700835780261,12817,4444,14953,4169000,100
11-24 15:23:00.290  1011  1189 I ASH     : @ 182632.479: tcs3701: stop power rail pending_off timer
11-24 15:23:00.290  1011  1189 D ASH     : @ 182632.479: tcs3701: start power rail timer, state:3
11-24 15:23:00.330  1011  1189 I ASH     : @ 182632.519: tcs3701: stop power rail pending_off timer
11-24 15:23:00.330  1011  1189 D ASH     : @ 182632.519: tcs3701: start power rail timer, state:3
11-24 15:23:00.370  1011  1189 I ASH     : @ 182632.559: tcs3701: stop power rail pending_off timer
11-24 15:23:00.370  1011  1189 D ASH     : @ 182632.559: tcs3701: start power rail timer, state:3
11-24 15:23:00.371 10476 10510 I BatteryMgr:DataCollectionService: stats => 1700835780371,12817,4444,14953,4169000,100
11-24 15:23:00.410  1011  1189 I ASH     : @ 182632.599: tcs3701: stop power rail pending_off timer
11-24 15:23:00.410  1011  1189 D ASH     : @ 182632.599: tcs3701: start power rail timer, state:3
11-24 15:23:00.450  1011  1189 I ASH     : @ 182632.639: tcs3701: stop power rail pending_off timer
11-24 15:23:00.450  1011  1189 D ASH     : @ 182632.639: tcs3701: start power rail timer, state:3
11-24 15:23:00.482 10476 10510 I BatteryMgr:DataCollectionService: stats => 1700835780481,12817,4444,14953,4169000,100
11-24 15:23:00.490  1011  1189 I ASH     : @ 182632.679: tcs3701: stop power rail pending_off timer
11-24 15:23:00.490  1011  1189 D ASH     : @ 182632.679: tcs3701: start power rail timer, state:3
11-24 15:23:00.531  1011  1189 I ASH     : @ 182632.719: tcs3701: stop power rail pending_off timer
11-24 15:23:00.531  1011  1189 D ASH     : @ 182632.719: tcs3701: start power rail timer, state:3
11-24 15:23:00.570  1011  1189 I ASH     : @ 182632.759: tcs3701: stop power rail pending_off timer
11-24 15:23:00.570  1011  1189 D ASH     : @ 182632.759: tcs3701: start power rail timer, state:3
11-24 15:23:00.590 10476 10510 I BatteryMgr:DataCollectionService: stats => 1700835780590,12817,4444,14953,4169000,100
11-24 15:23:00.610  1011  1189 I ASH     : @ 182632.799: tcs3701: stop power rail pending_off timer
11-24 15:23:00.610  1011  1189 D ASH     : @ 182632.799: tcs3701: start power rail timer, state:3
11-24 15:23:00.650  1011  1189 I ASH     : @ 182632.839: tcs3701: stop power rail pending_off timer
11-24 15:23:00.650  1011  1189 D ASH     : @ 182632.839: tcs3701: start power rail timer, state:3
11-24 15:23:00.662  1795  3658 D ActivityManager: freezer override set to true
11-24 15:23:00.667  1795  3658 D ActivityManager: freezer override set to false
11-24 15:23:00.690  1011  1189 I ASH     : @ 182632.879: tcs3701: stop power rail pending_off timer
11-24 15:23:00.690  1011  1189 D ASH     : @ 182632.879: tcs3701: start power rail timer, state:3
11-24 15:23:00.696 10476 10510 I BatteryMgr:DataCollectionService: stats => 1700835780695,12817,4444,14953,4169000,100
11-24 15:23:00.731  1011  1189 I ASH     : @ 182632.919: tcs3701: stop power rail pending_off timer
11-24 15:23:00.731  1011  1189 D ASH     : @ 182632.919: tcs3701: start power rail timer, state:3
11-24 15:23:00.770  1011  1189 I ASH     : @ 182632.959: tcs3701: stop power rail pending_off timer
11-24 15:23:00.770  1011  1189 D ASH     : @ 182632.959: tcs3701: start power rail timer, state:3
11-24 15:23:00.803 10476 10510 I BatteryMgr:DataCollectionService: stats => 1700835780803,12817,4444,14953,4169000,100
11-24 15:23:00.810  1011  1189 I ASH     : @ 182632.999: tcs3701: stop power rail pending_off timer
11-24 15:23:00.810  1011  1189 D ASH     : @ 182632.999: tcs3701: start power rail timer, state:3
11-24 15:23:00.850  1011  1189 I ASH     : @ 182633.039: tcs3701: stop power rail pending_off timer
11-24 15:23:00.850  1011  1189 D ASH     : @ 182633.039: tcs3701: start power rail timer, state:3
11-24 15:23:00.890  1011  1189 I ASH     : @ 182633.079: tcs3701: stop power rail pending_off timer
11-24 15:23:00.890  1011  1189 D ASH     : @ 182633.079: tcs3701: start power rail timer, state:3
11-24 15:23:00.908 10476 10510 I BatteryMgr:DataCollectionService: stats => 1700835780908,12817,4444,14953,4169000,100
11-24 15:23:00.927  1795  2424 D WifiClientModeImpl[13802:wlan0]: updateLinkLayerStatsRssiSpeedFrequencyCapabilities rssi=-48 TxLinkspeed=780 freq=5240 RxLinkSpeed=6
11-24 15:23:00.928  1795  2424 D WifiDataStall: tx tput in kbps: 657058
11-24 15:23:00.928  1795  2424 D WifiDataStall: rx tput in kbps: 767898
11-24 15:23:00.928  1795  2424 V WifiConfigManager: Updating scan detail cache freq=5240 BSSID=f4:6d:2f:12:cc:88 RSSI=-47 for "ourhome"WPA_PSK
11-24 15:23:00.928  2782  5906 D QCNEJ/WlanStaInfoRelay: Received action: android.net.wifi.RSSI_CHANGED
11-24 15:23:00.928  1795  2424 D WifiChannelUtilization:  freq: 5240 onTime: 5478609 busyTime: 562779 onTimeDiff: 2103817 busyTimeDiff: 247080 utilization: 29 utilization t0: 26
11-24 15:23:00.928  1795  2424 D WifiDataStall:  ccaLevel = 29
11-24 15:23:00.928  1795  2424 D WifiDataStall: L2 txTputKbps: 657058, rxTputKbps: 767898, L3 txTputKbps: 0, rxTputKbps: 0, TxTrafficHigh: false, RxTrafficHigh: false, Throughput Sufficient: true
11-24 15:23:00.928  2673  2692 V WifiManager: OnWifiUsabilityStatsListener: onWifiUsabilityStats: seqNum=53497
11-24 15:23:00.928  1795  2424 D WifiScoreReport: Wifi scoring disabled - Don't check IP layer
11-24 15:23:00.929  1795  2424 D WifiScoreCard: BSSID update SIGNAL_POLL ID: 1320464697 SSID: "ourhome", BSSID: f4:6d:2f:12:cc:88, MAC: b2:2f:ec:da:4a:0c, IP: /192.168.1.104, Security type: 2, Supplicant state: COMPLETED, Wi-Fi standard: 5, RSSI: -48, Link speed: 780Mbps, Tx Link speed: 780Mbps, Max Supported Tx Link speed: 866Mbps, Rx Link speed: 6Mbps, Max Supported Rx Link speed: 866Mbps, Frequency: 5240MHz, Net ID: 12, Metered hint: false, score: 60, isUsable: true, CarrierMerged: false, SubscriptionId: -1, IsPrimary: 1, Trusted: true, Restricted: false, Ephemeral: false, OEM paid: false, OEM private: false, OSU AP: false, FQDN: <none>, Provider friendly name: <none>, Requesting package name: <none>"ourhome"wpa2-pskMLO Information: , Is TID-To-Link negotiation supported by the AP: false, AP MLD Address: <none>, AP MLO Link Id: <none>, AP MLO Affiliated links: <none>
11-24 15:23:00.929  1795  2424 D WifiScoreCard: txRate: 1 txSpeed: 780
11-24 15:23:00.929  1795  2424 D WifiScoreCard: network update SIGNAL_POLL "ourhome" ID: 1499892569 RSSI -48 txSpeed -1
11-24 15:23:00.929  1795  3658 I WifiService: updateWifiUsabilityScore uid=10180 seqNum=53497 score=100 predictionHorizonSec=1441795
11-24 15:23:00.929  1795  2424 D WifiClientModeImpl[13802:wlan0]:  ClientModeImpl$L2ConnectedState screen=on 29 0 "ourhome" f4:6d:2f:12:cc:88 rssi=-48 f=5240 sc=60 link=780 tx=0.0, 0.0, 0.0 rx=0.0 bcn=1758919 [on:0 tx:0 rx:0 period:3018] from screen [on:869029 period:31022920] score=60
11-24 15:23:00.929  1011  1189 I ASH     : @ 182633.119: tcs3701: stop power rail pending_off timer
11-24 15:23:00.929  1795  2424 D WifiScoreReport: Wifi scoring disabled - Notify that Wifi is usable
11-24 15:23:00.930  1011  1189 D ASH     : @ 182633.119: tcs3701: start power rail timer, state:3
11-24 15:23:00.932  1795  2432 D ConnectivityService: NetReassign [no changes] [c 1] [a 0] [i 1]
11-24 15:23:00.942  1795  2855 D ActivityManager: freezer override set to true
11-24 15:23:00.970  1011  1189 I ASH     : @ 182633.159: tcs3701: stop power rail pending_off timer
11-24 15:23:00.970  1011  1189 D ASH     : @ 182633.159: tcs3701: start power rail timer, state:3
11-24 15:23:01.010  1011  1189 I ASH     : @ 182633.199: tcs3701: stop power rail pending_off timer
11-24 15:23:01.010  1011  1189 D ASH     : @ 182633.199: tcs3701: start power rail timer, state:3
11-24 15:23:01.013 10476 10510 I BatteryMgr:DataCollectionService: stats => 1700835781013,12817,4444,14953,4169000,100
11-24 15:23:01.050  1011  1189 I ASH     : @ 182633.239: tcs3701: stop power rail pending_off timer
11-24 15:23:01.050  1011  1189 D ASH     : @ 182633.239: tcs3701: start power rail timer, state:3
11-24 15:23:01.079  6365  6421 I m.chrome.canary: Explicit concurrent copying GC freed 3807(191KB) AllocSpace objects, 4(80KB) LOS objects, 75% free, 12MB/51MB, paused 31us,22us total 49.736ms
11-24 15:23:01.090  1011  1189 I ASH     : @ 182633.279: tcs3701: stop power rail pending_off timer
11-24 15:23:01.090  1011  1189 D ASH     : @ 182633.279: tcs3701: start power rail timer, state:3
11-24 15:23:01.118 10476 10510 I BatteryMgr:DataCollectionService: stats => 1700835781118,12817,4444,14953,4169000,100
11-24 15:23:01.130  1011  1189 I ASH     : @ 182633.319: tcs3701: stop power rail pending_off timer
11-24 15:23:01.130  1011  1189 D ASH     : @ 182633.319: tcs3701: start power rail timer, state:3
11-24 15:23:01.140  1795  2855 D ActivityManager: freezer override set to false
11-24 15:23:01.170  1011  1189 I ASH     : @ 182633.359: tcs3701: stop power rail pending_off timer
11-24 15:23:01.170  1011  1189 D ASH     : @ 182633.359: tcs3701: start power rail timer, state:3
11-24 15:23:01.178  1795  2855 D ActivityManager: freezer override set to true
11-24 15:23:01.181  1795  2855 D ActivityManager: freezer override set to false
11-24 15:23:01.210  1011  1189 I ASH     : @ 182633.399: tcs3701: stop power rail pending_off timer
11-24 15:23:01.210  1011  1189 D ASH     : @ 182633.399: tcs3701: start power rail timer, state:3
11-24 15:23:01.224 10476 10510 I BatteryMgr:DataCollectionService: stats => 1700835781224,12817,4444,14953,4169000,100
11-24 15:23:01.250  1011  1189 I ASH     : @ 182633.439: tcs3701: stop power rail pending_off timer
11-24 15:23:01.250  1011  1189 D ASH     : @ 182633.439: tcs3701: start power rail timer, state:3
11-24 15:23:01.290  1011  1189 I ASH     : @ 182633.479: tcs3701: stop power rail pending_off timer
11-24 15:23:01.290  1011  1189 D ASH     : @ 182633.479: tcs3701: start power rail timer, state:3
11-24 15:23:01.330  1011  1189 I ASH     : @ 182633.519: tcs3701: stop power rail pending_off timer
11-24 15:23:01.330  1011  1189 D ASH     : @ 182633.519: tcs3701: start power rail timer, state:3
11-24 15:23:01.330 10476 10510 I BatteryMgr:DataCollectionService: stats => 1700835781330,12817,4444,14953,4169000,100
11-24 15:23:01.370  1011  1189 I ASH     : @ 182633.559: tcs3701: stop power rail pending_off timer
11-24 15:23:01.370  1011  1189 D ASH     : @ 182633.559: tcs3701: start power rail timer, state:3
11-24 15:23:01.410  1011  1189 I ASH     : @ 182633.599: tcs3701: stop power rail pending_off timer
11-24 15:23:01.410  1011  1189 D ASH     : @ 182633.599: tcs3701: start power rail timer, state:3
11-24 15:23:01.429  2113  2118 I pixel-thermal: skin-therm-monitor: 40.027
11-24 15:23:01.435 10476 10510 I BatteryMgr:DataCollectionService: stats => 1700835781435,12817,4444,14953,4169000,100
11-24 15:23:01.450  1011  1189 I ASH     : @ 182633.639: tcs3701: stop power rail pending_off timer
11-24 15:23:01.450  1011  1189 D ASH     : @ 182633.639: tcs3701: start power rail timer, state:3
11-24 15:23:01.490  1011  1189 I ASH     : @ 182633.679: tcs3701: stop power rail pending_off timer
11-24 15:23:01.490  1011  1189 D ASH     : @ 182633.679: tcs3701: start power rail timer, state:3
11-24 15:23:01.530  1011  1189 I ASH     : @ 182633.719: tcs3701: stop power rail pending_off timer
11-24 15:23:01.530  1011  1189 D ASH     : @ 182633.719: tcs3701: start power rail timer, state:3
11-24 15:23:01.542 10476 10510 I BatteryMgr:DataCollectionService: stats => 1700835781542,12817,4444,14953,4169000,100
11-24 15:23:01.570  1011  1189 I ASH     : @ 182633.759: tcs3701: stop power rail pending_off timer
11-24 15:23:01.570  1011  1189 D ASH     : @ 182633.759: tcs3701: start power rail timer, state:3
11-24 15:23:01.610  1011  1189 I ASH     : @ 182633.799: tcs3701: stop power rail pending_off timer
11-24 15:23:01.610  1011  1189 D ASH     : @ 182633.799: tcs3701: start power rail timer, state:3
11-24 15:23:01.650 10476 10510 I BatteryMgr:DataCollectionService: stats => 1700835781650,12817,4444,14953,4169000,100
11-24 15:23:01.651  1011  1189 I ASH     : @ 182633.839: tcs3701: stop power rail pending_off timer
11-24 15:23:01.651  1011  1189 D ASH     : @ 182633.839: tcs3701: start power rail timer, state:3
11-24 15:23:01.669  1795  2855 D ActivityManager: freezer override set to true
11-24 15:23:01.674  1795  2855 D ActivityManager: freezer override set to false
11-24 15:23:01.690  1011  1189 I ASH     : @ 182633.879: tcs3701: stop power rail pending_off timer
11-24 15:23:01.690  1011  1189 D ASH     : @ 182633.879: tcs3701: start power rail timer, state:3
11-24 15:23:01.731  1011  1189 I ASH     : @ 182633.919: tcs3701: stop power rail pending_off timer
11-24 15:23:01.731  1011  1189 D ASH     : @ 182633.919: tcs3701: start power rail timer, state:3
11-24 15:23:01.758 10476 10510 I BatteryMgr:DataCollectionService: stats => 1700835781758,12817,4444,14953,4169000,100
11-24 15:23:01.770  1011  1189 I ASH     : @ 182633.959: tcs3701: stop power rail pending_off timer
11-24 15:23:01.770  1011  1189 D ASH     : @ 182633.959: tcs3701: start power rail timer, state:3
11-24 15:23:01.810  1011  1189 I ASH     : @ 182633.999: tcs3701: stop power rail pending_off timer
11-24 15:23:01.810  1011  1189 D ASH     : @ 182633.999: tcs3701: start power rail timer, state:3
11-24 15:23:01.850  1011  1189 I ASH     : @ 182634.039: tcs3701: stop power rail pending_off timer
11-24 15:23:01.850  1011  1189 D ASH     : @ 182634.039: tcs3701: start power rail timer, state:3
11-24 15:23:01.865 10476 10510 I BatteryMgr:DataCollectionService: stats => 1700835781865,12817,4444,14953,4169000,100
11-24 15:23:01.890  1011  1189 I ASH     : @ 182634.079: tcs3701: stop power rail pending_off timer
11-24 15:23:01.890  1011  1189 D ASH     : @ 182634.079: tcs3701: start power rail timer, state:3
11-24 15:23:01.930  1011  1189 I ASH     : @ 182634.119: tcs3701: stop power rail pending_off timer
11-24 15:23:01.930  1011  1189 D ASH     : @ 182634.119: tcs3701: start power rail timer, state:3
11-24 15:23:01.970  1011  1189 I ASH     : @ 182634.159: tcs3701: stop power rail pending_off timer
11-24 15:23:01.970  1011  1189 D ASH     : @ 182634.159: tcs3701: start power rail timer, state:3
11-24 15:23:01.971 10476 10510 I BatteryMgr:DataCollectionService: stats => 1700835781971,12817,4444,14953,4169000,100
11-24 15:23:02.011  1011  1189 I ASH     : @ 182634.199: tcs3701: stop power rail pending_off timer
11-24 15:23:02.011  1011  1189 D ASH     : @ 182634.199: tcs3701: start power rail timer, state:3
11-24 15:23:02.050  1011  1189 I ASH     : @ 182634.239: tcs3701: stop power rail pending_off timer
11-24 15:23:02.050  1011  1189 D ASH     : @ 182634.239: tcs3701: start power rail timer, state:3
11-24 15:23:02.080 10476 10510 I BatteryMgr:DataCollectionService: stats => 1700835782080,12817,4444,14953,4169000,100
11-24 15:23:02.090  1011  1189 I ASH     : @ 182634.279: tcs3701: stop power rail pending_off timer
11-24 15:23:02.090  1011  1189 D ASH     : @ 182634.279: tcs3701: start power rail timer, state:3
11-24 15:23:02.130  1011  1189 I ASH     : @ 182634.319: tcs3701: stop power rail pending_off timer
11-24 15:23:02.130  1011  1189 D ASH     : @ 182634.319: tcs3701: start power rail timer, state:3
11-24 15:23:02.170  1011  1189 I ASH     : @ 182634.359: tcs3701: stop power rail pending_off timer
11-24 15:23:02.170  1011  1189 D ASH     : @ 182634.359: tcs3701: start power rail timer, state:3
11-24 15:23:02.188 10476 10510 I BatteryMgr:DataCollectionService: stats => 1700835782188,12817,4444,14953,4169000,100
11-24 15:23:02.210  1011  1189 I ASH     : @ 182634.399: tcs3701: stop power rail pending_off timer
11-24 15:23:02.210  1011  1189 D ASH     : @ 182634.399: tcs3701: start power rail timer, state:3
11-24 15:23:02.250  1011  1189 I ASH     : @ 182634.439: tcs3701: stop power rail pending_off timer
11-24 15:23:02.250  1011  1189 D ASH     : @ 182634.439: tcs3701: start power rail timer, state:3
11-24 15:23:02.291  1011  1189 I ASH     : @ 182634.479: tcs3701: stop power rail pending_off timer
11-24 15:23:02.291  1011  1189 D ASH     : @ 182634.479: tcs3701: start power rail timer, state:3
11-24 15:23:02.300 10476 10510 I BatteryMgr:DataCollectionService: stats => 1700835782299,12817,4444,14953,4169000,100
11-24 15:23:02.330  1011  1189 I ASH     : @ 182634.519: tcs3701: stop power rail pending_off timer
11-24 15:23:02.330  1011  1189 D ASH     : @ 182634.519: tcs3701: start power rail timer, state:3
11-24 15:23:02.342  1795  2855 D ActivityManager: freezer override set to true
11-24 15:23:02.370  1011  1189 I ASH     : @ 182634.559: tcs3701: stop power rail pending_off timer
11-24 15:23:02.370  1011  1189 D ASH     : @ 182634.559: tcs3701: start power rail timer, state:3
11-24 15:23:02.406 10476 10510 I BatteryMgr:DataCollectionService: stats => 1700835782405,12817,4444,14953,4169000,100
11-24 15:23:02.410  1011  1189 I ASH     : @ 182634.599: tcs3701: stop power rail pending_off timer
11-24 15:23:02.410  1011  1189 D ASH     : @ 182634.599: tcs3701: start power rail timer, state:3
11-24 15:23:02.450  1011  1189 I ASH     : @ 182634.639: tcs3701: stop power rail pending_off timer
11-24 15:23:02.450  1011  1189 D ASH     : @ 182634.639: tcs3701: start power rail timer, state:3
11-24 15:23:02.480  6365  6421 I m.chrome.canary: Explicit concurrent copying GC freed 3595(176KB) AllocSpace objects, 3(60KB) LOS objects, 75% free, 12MB/51MB, paused 30us,23us total 49.055ms
11-24 15:23:02.490  1011  1189 I ASH     : @ 182634.679: tcs3701: stop power rail pending_off timer
11-24 15:23:02.490  1011  1189 D ASH     : @ 182634.679: tcs3701: start power rail timer, state:3
11-24 15:23:02.513 10476 10510 I BatteryMgr:DataCollectionService: stats => 1700835782513,12817,4444,14953,4169000,100
11-24 15:23:02.530  1011  1189 I ASH     : @ 182634.719: tcs3701: stop power rail pending_off timer
11-24 15:23:02.530  1011  1189 D ASH     : @ 182634.719: tcs3701: start power rail timer, state:3
11-24 15:23:02.541  1795  2855 D ActivityManager: freezer override set to false
11-24 15:23:02.570  1011  1189 I ASH     : @ 182634.759: tcs3701: stop power rail pending_off timer
11-24 15:23:02.570  1011  1189 D ASH     : @ 182634.759: tcs3701: start power rail timer, state:3
11-24 15:23:02.584  1795  2855 D ActivityManager: freezer override set to true
11-24 15:23:02.587  1795  2855 D ActivityManager: freezer override set to false
11-24 15:23:02.610  1011  1189 I ASH     : @ 182634.799: tcs3701: stop power rail pending_off timer
11-24 15:23:02.610  1011  1189 D ASH     : @ 182634.799: tcs3701: start power rail timer, state:3
11-24 15:23:02.623 10476 10510 I BatteryMgr:DataCollectionService: stats => 1700835782623,12817,4444,14953,4169000,100
11-24 15:23:02.650  1011  1189 I ASH     : @ 182634.839: tcs3701: stop power rail pending_off timer
11-24 15:23:02.650  1011  1189 D ASH     : @ 182634.839: tcs3701: start power rail timer, state:3
11-24 15:23:02.653  1795  2855 D ActivityManager: freezer override set to true
11-24 15:23:02.658  1795  2855 D ActivityManager: freezer override set to false
11-24 15:23:02.690  1011  1189 I ASH     : @ 182634.879: tcs3701: stop power rail pending_off timer
11-24 15:23:02.690  1011  1189 D ASH     : @ 182634.879: tcs3701: start power rail timer, state:3
11-24 15:23:02.730  1011  1189 I ASH     : @ 182634.919: tcs3701: stop power rail pending_off timer
11-24 15:23:02.730  1011  1189 D ASH     : @ 182634.919: tcs3701: start power rail timer, state:3
11-24 15:23:02.731 10476 10510 I BatteryMgr:DataCollectionService: stats => 1700835782731,12817,4444,14953,4169000,100
11-24 15:23:02.770  1011  1189 I ASH     : @ 182634.959: tcs3701: stop power rail pending_off timer
11-24 15:23:02.770  1011  1189 D ASH     : @ 182634.959: tcs3701: start power rail timer, state:3
11-24 15:23:02.810  1011  1189 I ASH     : @ 182634.999: tcs3701: stop power rail pending_off timer
11-24 15:23:02.810  1011  1189 D ASH     : @ 182634.999: tcs3701: start power rail timer, state:3
11-24 15:23:02.840 10476 10510 I BatteryMgr:DataCollectionService: stats => 1700835782840,12817,4444,14953,4169000,100
11-24 15:23:02.850  1011  1189 I ASH     : @ 182635.039: tcs3701: stop power rail pending_off timer
11-24 15:23:02.850  1011  1189 D ASH     : @ 182635.039: tcs3701: start power rail timer, state:3
11-24 15:23:02.890  1011  1189 I ASH     : @ 182635.079: tcs3701: stop power rail pending_off timer
11-24 15:23:02.890  1011  1189 D ASH     : @ 182635.079: tcs3701: start power rail timer, state:3
11-24 15:23:02.930  1011  1189 I ASH     : @ 182635.119: tcs3701: stop power rail pending_off timer
11-24 15:23:02.930  1011  1189 D ASH     : @ 182635.119: tcs3701: start power rail timer, state:3
11-24 15:23:02.946 10476 10510 I BatteryMgr:DataCollectionService: stats => 1700835782946,12817,4444,14953,4169000,100
11-24 15:23:02.970  1011  1189 I ASH     : @ 182635.159: tcs3701: stop power rail pending_off timer
11-24 15:23:02.970  1011  1189 D ASH     : @ 182635.159: tcs3701: start power rail timer, state:3
11-24 15:23:03.010  1011  1189 I ASH     : @ 182635.199: tcs3701: stop power rail pending_off timer
11-24 15:23:03.010  1011  1189 D ASH     : @ 182635.199: tcs3701: start power rail timer, state:3
11-24 15:23:03.050  1011  1189 I ASH     : @ 182635.239: tcs3701: stop power rail pending_off timer
11-24 15:23:03.050  1011  1189 D ASH     : @ 182635.239: tcs3701: start power rail timer, state:3
11-24 15:23:03.053  1795  2424 D WifiNetworkSelector: Current connected network: 12
11-24 15:23:03.054  1795  2424 V WifiConnectivityManager: No partial scan because firmware roaming is supported.
11-24 15:23:03.054  1795  2424 V WifiConnectivityManager: schedulePeriodicScanTimer intervalMs 20000
11-24 15:23:03.055 10476 10510 I BatteryMgr:DataCollectionService: stats => 1700835783054,12817,4444,14953,4169000,100
11-24 15:23:03.090  1011  1189 I ASH     : @ 182635.279: tcs3701: stop power rail pending_off timer
11-24 15:23:03.090  1011  1189 D ASH     : @ 182635.279: tcs3701: start power rail timer, state:3
11-24 15:23:03.130  1011  1189 I ASH     : @ 182635.319: tcs3701: stop power rail pending_off timer
11-24 15:23:03.130  1011  1189 D ASH     : @ 182635.319: tcs3701: start power rail timer, state:3
11-24 15:23:03.162 10476 10510 I BatteryMgr:DataCollectionService: stats => 1700835783162,12817,4444,14953,4169000,100
11-24 15:23:03.170  1011  1189 I ASH     : @ 182635.359: tcs3701: stop power rail pending_off timer
11-24 15:23:03.170  1011  1189 D ASH     : @ 182635.359: tcs3701: start power rail timer, state:3
11-24 15:23:03.210  1011  1189 I ASH     : @ 182635.399: tcs3701: stop power rail pending_off timer
11-24 15:23:03.210  1011  1189 D ASH     : @ 182635.399: tcs3701: start power rail timer, state:3
11-24 15:23:03.250  1011  1189 I ASH     : @ 182635.439: tcs3701: stop power rail pending_off timer
11-24 15:23:03.250  1011  1189 D ASH     : @ 182635.439: tcs3701: start power rail timer, state:3
11-24 15:23:03.269 10476 10510 I BatteryMgr:DataCollectionService: stats => 1700835783269,12817,4444,14953,4169000,100
11-24 15:23:03.291  1011  1189 I ASH     : @ 182635.479: tcs3701: stop power rail pending_off timer
11-24 15:23:03.291  1011  1189 D ASH     : @ 182635.479: tcs3701: start power rail timer, state:3
11-24 15:23:03.330  1011  1189 I ASH     : @ 182635.519: tcs3701: stop power rail pending_off timer
11-24 15:23:03.330  1011  1189 D ASH     : @ 182635.519: tcs3701: start power rail timer, state:3
11-24 15:23:03.370  1011  1189 I ASH     : @ 182635.559: tcs3701: stop power rail pending_off timer
11-24 15:23:03.370  1011  1189 D ASH     : @ 182635.559: tcs3701: start power rail timer, state:3
11-24 15:23:03.375 10476 10510 I BatteryMgr:DataCollectionService: stats => 1700835783375,12817,4444,14953,4169000,100
11-24 15:23:03.410  1011  1189 I ASH     : @ 182635.599: tcs3701: stop power rail pending_off timer
11-24 15:23:03.410  1011  1189 D ASH     : @ 182635.599: tcs3701: start power rail timer, state:3
11-24 15:23:03.432  2113  2118 I pixel-thermal: skin-therm-monitor: 40.043
11-24 15:23:03.450  1011  1189 I ASH     : @ 182635.639: tcs3701: stop power rail pending_off timer
11-24 15:23:03.450  1011  1189 D ASH     : @ 182635.639: tcs3701: start power rail timer, state:3
11-24 15:23:03.482 10476 10510 I BatteryMgr:DataCollectionService: stats => 1700835783482,12817,4444,14953,4169000,100
11-24 15:23:03.490  1011  1189 I ASH     : @ 182635.679: tcs3701: stop power rail pending_off timer
11-24 15:23:03.490  1011  1189 D ASH     : @ 182635.679: tcs3701: start power rail timer, state:3
11-24 15:23:03.530  1011  1189 I ASH     : @ 182635.719: tcs3701: stop power rail pending_off timer
11-24 15:23:03.530  1011  1189 D ASH     : @ 182635.719: tcs3701: start power rail timer, state:3
11-24 15:23:03.570  1011  1189 I ASH     : @ 182635.759: tcs3701: stop power rail pending_off timer
11-24 15:23:03.570  1011  1189 D ASH     : @ 182635.759: tcs3701: start power rail timer, state:3
11-24 15:23:03.587 10476 10510 I BatteryMgr:DataCollectionService: stats => 1700835783587,12817,4444,14953,4169000,100
11-24 15:23:03.610  1011  1189 I ASH     : @ 182635.799: tcs3701: stop power rail pending_off timer
11-24 15:23:03.610  1011  1189 D ASH     : @ 182635.799: tcs3701: start power rail timer, state:3
11-24 15:23:03.650  1011  1189 I ASH     : @ 182635.839: tcs3701: stop power rail pending_off timer
11-24 15:23:03.650  1011  1189 D ASH     : @ 182635.839: tcs3701: start power rail timer, state:3
11-24 15:23:03.656  1795  2855 D ActivityManager: freezer override set to true
11-24 15:23:03.663  1795  2855 D ActivityManager: freezer override set to false
11-24 15:23:03.690  1011  1189 I ASH     : @ 182635.879: tcs3701: stop power rail pending_off timer
11-24 15:23:03.690  1011  1189 D ASH     : @ 182635.879: tcs3701: start power rail timer, state:3
11-24 15:23:03.694 10476 10510 I BatteryMgr:DataCollectionService: stats => 1700835783694,12817,4444,14953,4169000,100
11-24 15:23:03.730  1011  1189 I ASH     : @ 182635.919: tcs3701: stop power rail pending_off timer
11-24 15:23:03.730  1011  1189 D ASH     : @ 182635.919: tcs3701: start power rail timer, state:3
11-24 15:23:03.744  1795  3658 D ActivityManager: freezer override set to true
11-24 15:23:03.770  1011  1189 I ASH     : @ 182635.959: tcs3701: stop power rail pending_off timer
11-24 15:23:03.770  1011  1189 D ASH     : @ 182635.959: tcs3701: start power rail timer, state:3
11-24 15:23:03.800 10476 10510 I BatteryMgr:DataCollectionService: stats => 1700835783799,12817,4444,14953,4169000,100
11-24 15:23:03.810  1011  1189 I ASH     : @ 182635.999: tcs3701: stop power rail pending_off timer
11-24 15:23:03.810  1011  1189 D ASH     : @ 182635.999: tcs3701: start power rail timer, state:3
11-24 15:23:03.840  6365  6421 I m.chrome.canary: Explicit concurrent copying GC freed 3803(191KB) AllocSpace objects, 4(80KB) LOS objects, 75% free, 12MB/51MB, paused 86us,21us total 54.439ms
11-24 15:23:03.850  1011  1189 I ASH     : @ 182636.039: tcs3701: stop power rail pending_off timer
11-24 15:23:03.850  1011  1189 D ASH     : @ 182636.039: tcs3701: start power rail timer, state:3
11-24 15:23:03.890  1011  1189 I ASH     : @ 182636.079: tcs3701: stop power rail pending_off timer
11-24 15:23:03.890  1011  1189 D ASH     : @ 182636.079: tcs3701: start power rail timer, state:3
11-24 15:23:03.899  1795  3658 D ActivityManager: freezer override set to false
11-24 15:23:03.904 10476 10510 I BatteryMgr:DataCollectionService: stats => 1700835783903,12817,4444,14953,4169000,100
11-24 15:23:03.930  1011  1189 I ASH     : @ 182636.119: tcs3701: stop power rail pending_off timer
11-24 15:23:03.930  1011  1189 D ASH     : @ 182636.119: tcs3701: start power rail timer, state:3
11-24 15:23:03.940  1795  3658 D ActivityManager: freezer override set to true
11-24 15:23:03.941  1795  2424 D WifiClientModeImpl[13802:wlan0]: updateLinkLayerStatsRssiSpeedFrequencyCapabilities rssi=-47 TxLinkspeed=780 freq=5240 RxLinkSpeed=6
11-24 15:23:03.942  1795  2424 D WifiDataStall: tx tput in kbps: 657058
11-24 15:23:03.942  1795  2424 D WifiDataStall: rx tput in kbps: 767898
11-24 15:23:03.943  1795  2424 V WifiConfigManager: Updating scan detail cache freq=5240 BSSID=f4:6d:2f:12:cc:88 RSSI=-47 for "ourhome"WPA_PSK
11-24 15:23:03.943  1795  3658 D ActivityManager: freezer override set to false
11-24 15:23:03.943  2782  5906 D QCNEJ/WlanStaInfoRelay: Received action: android.net.wifi.RSSI_CHANGED
11-24 15:23:03.943  2673  2692 V WifiManager: OnWifiUsabilityStatsListener: onWifiUsabilityStats: seqNum=53498
11-24 15:23:03.943  1795  3658 I WifiService: updateWifiUsabilityScore uid=10180 seqNum=53498 score=100 predictionHorizonSec=1441795
11-24 15:23:03.944  1795  2424 D WifiChannelUtilization:  freq: 5240 onTime: 5478609 busyTime: 562779 onTimeDiff: 2103817 busyTimeDiff: 247080 utilization: 29 utilization t0: 26
11-24 15:23:03.944  1795  2424 D WifiDataStall:  ccaLevel = 29
11-24 15:23:03.944  1795  2424 D WifiDataStall: L2 txTputKbps: 657058, rxTputKbps: 767898, L3 txTputKbps: 0, rxTputKbps: 0, TxTrafficHigh: false, RxTrafficHigh: false, Throughput Sufficient: true
11-24 15:23:03.944  1795  2424 D WifiScoreReport: Wifi scoring disabled - Don't check IP layer
11-24 15:23:03.944  1795  2424 D WifiScoreCard: BSSID update SIGNAL_POLL ID: 1320464697 SSID: "ourhome", BSSID: f4:6d:2f:12:cc:88, MAC: b2:2f:ec:da:4a:0c, IP: /192.168.1.104, Security type: 2, Supplicant state: COMPLETED, Wi-Fi standard: 5, RSSI: -47, Link speed: 780Mbps, Tx Link speed: 780Mbps, Max Supported Tx Link speed: 866Mbps, Rx Link speed: 6Mbps, Max Supported Rx Link speed: 866Mbps, Frequency: 5240MHz, Net ID: 12, Metered hint: false, score: 60, isUsable: true, CarrierMerged: false, SubscriptionId: -1, IsPrimary: 1, Trusted: true, Restricted: false, Ephemeral: false, OEM paid: false, OEM private: false, OSU AP: false, FQDN: <none>, Provider friendly name: <none>, Requesting package name: <none>"ourhome"wpa2-pskMLO Information: , Is TID-To-Link negotiation supported by the AP: false, AP MLD Address: <none>, AP MLO Link Id: <none>, AP MLO Affiliated links: <none>
11-24 15:23:03.944  1795  2424 D WifiScoreCard: txRate: 1 txSpeed: 780
11-24 15:23:03.944  1795  2424 D WifiScoreCard: network update SIGNAL_POLL "ourhome" ID: 1499892569 RSSI -47 txSpeed -1
11-24 15:23:03.944  1795  2424 D WifiClientModeImpl[13802:wlan0]:  ClientModeImpl$L2ConnectedState screen=on 29 0 "ourhome" f4:6d:2f:12:cc:88 rssi=-47 f=5240 sc=60 link=780 tx=0.0, 0.0, 0.0 rx=0.0 bcn=1758948 [on:0 tx:0 rx:0 period:3015] from screen [on:869029 period:31025935] score=60
11-24 15:23:03.944  1795  2424 D WifiScoreReport: Wifi scoring disabled - Notify that Wifi is usable
11-24 15:23:03.947  1795  2432 D ConnectivityService: NetReassign [no changes] [c 1] [a 0] [i 1]
11-24 15:23:03.970  1011  1189 I ASH     : @ 182636.159: tcs3701: stop power rail pending_off timer
11-24 15:23:03.970  1011  1189 D ASH     : @ 182636.159: tcs3701: start power rail timer, state:3
11-24 15:23:04.008 10476 10510 I BatteryMgr:DataCollectionService: stats => 1700835784008,12817,4444,14953,4169000,100
11-24 15:23:04.010  1011  1189 I ASH     : @ 182636.199: tcs3701: stop power rail pending_off timer
11-24 15:23:04.010  1011  1189 D ASH     : @ 182636.199: tcs3701: start power rail timer, state:3
11-24 15:23:04.050  1011  1189 I ASH     : @ 182636.239: tcs3701: stop power rail pending_off timer
11-24 15:23:04.050  1011  1189 D ASH     : @ 182636.239: tcs3701: start power rail timer, state:3
11-24 15:23:04.090  1011  1189 I ASH     : @ 182636.279: tcs3701: stop power rail pending_off timer
11-24 15:23:04.090  1011  1189 D ASH     : @ 182636.279: tcs3701: start power rail timer, state:3
11-24 15:23:04.117 10476 10510 I BatteryMgr:DataCollectionService: stats => 1700835784117,12817,4444,14953,4169000,100
11-24 15:23:04.130  1011  1189 I ASH     : @ 182636.319: tcs3701: stop power rail pending_off timer
11-24 15:23:04.130  1011  1189 D ASH     : @ 182636.319: tcs3701: start power rail timer, state:3
11-24 15:23:04.170  1011  1189 I ASH     : @ 182636.359: tcs3701: stop power rail pending_off timer
11-24 15:23:04.170  1011  1189 D ASH     : @ 182636.359: tcs3701: start power rail timer, state:3
11-24 15:23:04.210  1011  1189 I ASH     : @ 182636.399: tcs3701: stop power rail pending_off timer
11-24 15:23:04.210  1011  1189 D ASH     : @ 182636.399: tcs3701: start power rail timer, state:3
11-24 15:23:04.225 10476 10510 I BatteryMgr:DataCollectionService: stats => 1700835784225,12817,4444,14953,4169000,100
11-24 15:23:04.250  1011  1189 I ASH     : @ 182636.439: tcs3701: stop power rail pending_off timer
11-24 15:23:04.250  1011  1189 D ASH     : @ 182636.439: tcs3701: start power rail timer, state:3
11-24 15:23:04.290  1011  1189 I ASH     : @ 182636.479: tcs3701: stop power rail pending_off timer
11-24 15:23:04.290  1011  1189 D ASH     : @ 182636.479: tcs3701: start power rail timer, state:3
11-24 15:23:04.330  1011  1189 I ASH     : @ 182636.519: tcs3701: stop power rail pending_off timer
11-24 15:23:04.330  1011  1189 D ASH     : @ 182636.519: tcs3701: start power rail timer, state:3
11-24 15:23:04.334 10476 10510 I BatteryMgr:DataCollectionService: stats => 1700835784334,12817,4444,14953,4169000,100
11-24 15:23:04.370  1011  1189 I ASH     : @ 182636.559: tcs3701: stop power rail pending_off timer
11-24 15:23:04.370  1011  1189 D ASH     : @ 182636.559: tcs3701: start power rail timer, state:3
11-24 15:23:04.410  1011  1189 I ASH     : @ 182636.599: tcs3701: stop power rail pending_off timer
11-24 15:23:04.410  1011  1189 D ASH     : @ 182636.599: tcs3701: start power rail timer, state:3
11-24 15:23:04.443 10476 10510 I BatteryMgr:DataCollectionService: stats => 1700835784443,12817,4444,14953,4169000,100
11-24 15:23:04.450  1011  1189 I ASH     : @ 182636.639: tcs3701: stop power rail pending_off timer
11-24 15:23:04.450  1011  1189 D ASH     : @ 182636.639: tcs3701: start power rail timer, state:3
11-24 15:23:04.490  1011  1189 I ASH     : @ 182636.679: tcs3701: stop power rail pending_off timer
11-24 15:23:04.490  1011  1189 D ASH     : @ 182636.679: tcs3701: start power rail timer, state:3
11-24 15:23:04.530  1011  1189 I ASH     : @ 182636.719: tcs3701: stop power rail pending_off timer
11-24 15:23:04.530  1011  1189 D ASH     : @ 182636.719: tcs3701: start power rail timer, state:3
11-24 15:23:04.554 10476 10510 I BatteryMgr:DataCollectionService: stats => 1700835784554,12817,4444,14953,4169000,100
11-24 15:23:04.570  1011  1189 I ASH     : @ 182636.759: tcs3701: stop power rail pending_off timer
11-24 15:23:04.570  1011  1189 D ASH     : @ 182636.759: tcs3701: start power rail timer, state:3
11-24 15:23:04.608  1795  2150 I WifiService: getSupportedFeatures uid=1000 returns 1d81defca995fd
11-24 15:23:04.608  1795  2150 I WifiService: getWifiActivityEnergyInfoAsync uid=1000
11-24 15:23:04.610  1011  1189 I ASH     : @ 182636.799: tcs3701: stop power rail pending_off timer
11-24 15:23:04.610  1011  1189 D ASH     : @ 182636.799: tcs3701: start power rail timer, state:3
11-24 15:23:04.650  1011  1189 I ASH     : @ 182636.839: tcs3701: stop power rail pending_off timer
11-24 15:23:04.650  1011  1189 D ASH     : @ 182636.839: tcs3701: start power rail timer, state:3
11-24 15:23:04.663 10476 10510 I BatteryMgr:DataCollectionService: stats => 1700835784663,12817,4444,14953,4169000,100
11-24 15:23:04.665  1795  2855 D ActivityManager: freezer override set to true
11-24 15:23:04.670  1795  2855 D ActivityManager: freezer override set to false
11-24 15:23:04.690  1011  1189 I ASH     : @ 182636.879: tcs3701: stop power rail pending_off timer
11-24 15:23:04.690  1011  1189 D ASH     : @ 182636.879: tcs3701: start power rail timer, state:3
11-24 15:23:04.730  1011  1189 I ASH     : @ 182636.919: tcs3701: stop power rail pending_off timer
11-24 15:23:04.730  1011  1189 D ASH     : @ 182636.919: tcs3701: start power rail timer, state:3
11-24 15:23:04.770  1011  1189 I ASH     : @ 182636.959: tcs3701: stop power rail pending_off timer
11-24 15:23:04.770  1011  1189 D ASH     : @ 182636.959: tcs3701: start power rail timer, state:3
11-24 15:23:04.770 10476 10510 I BatteryMgr:DataCollectionService: stats => 1700835784770,12817,4444,14953,4169000,100
11-24 15:23:04.810  1011  1189 I ASH     : @ 182636.999: tcs3701: stop power rail pending_off timer
11-24 15:23:04.810  1011  1189 D ASH     : @ 182636.999: tcs3701: start power rail timer, state:3
11-24 15:23:04.850  1011  1189 I ASH     : @ 182637.039: tcs3701: stop power rail pending_off timer
11-24 15:23:04.850  1011  1189 D ASH     : @ 182637.039: tcs3701: start power rail timer, state:3
11-24 15:23:04.879 10476 10510 I BatteryMgr:DataCollectionService: stats => 1700835784879,12817,4444,14953,4169000,100
11-24 15:23:04.890  1011  1189 I ASH     : @ 182637.079: tcs3701: stop power rail pending_off timer
11-24 15:23:04.890  1011  1189 D ASH     : @ 182637.079: tcs3701: start power rail timer, state:3
11-24 15:23:04.930  1011  1189 I ASH     : @ 182637.119: tcs3701: stop power rail pending_off timer
11-24 15:23:04.930  1011  1189 D ASH     : @ 182637.119: tcs3701: start power rail timer, state:3
11-24 15:23:04.970  1011  1189 I ASH     : @ 182637.159: tcs3701: stop power rail pending_off timer
11-24 15:23:04.970  1011  1189 D ASH     : @ 182637.159: tcs3701: start power rail timer, state:3
11-24 15:23:04.986 10476 10510 I BatteryMgr:DataCollectionService: stats => 1700835784986,12817,4444,14953,4169000,100
11-24 15:23:05.010  1011  1189 I ASH     : @ 182637.199: tcs3701: stop power rail pending_off timer
11-24 15:23:05.010  1011  1189 D ASH     : @ 182637.199: tcs3701: start power rail timer, state:3
11-24 15:23:05.050  1011  1189 I ASH     : @ 182637.239: tcs3701: stop power rail pending_off timer
11-24 15:23:05.050  1011  1189 D ASH     : @ 182637.239: tcs3701: start power rail timer, state:3
11-24 15:23:05.090  1011  1189 I ASH     : @ 182637.279: tcs3701: stop power rail pending_off timer
11-24 15:23:05.090  1011  1189 D ASH     : @ 182637.279: tcs3701: start power rail timer, state:3
11-24 15:23:05.095 10476 10510 I BatteryMgr:DataCollectionService: stats => 1700835785095,12817,4444,14953,4169000,100
11-24 15:23:05.115  1795  2855 D ActivityManager: freezer override set to true
11-24 15:23:05.130  1011  1189 I ASH     : @ 182637.319: tcs3701: stop power rail pending_off timer
11-24 15:23:05.130  1011  1189 D ASH     : @ 182637.319: tcs3701: start power rail timer, state:3
11-24 15:23:05.170  1011  1189 I ASH     : @ 182637.359: tcs3701: stop power rail pending_off timer
11-24 15:23:05.170  1011  1189 D ASH     : @ 182637.359: tcs3701: start power rail timer, state:3
11-24 15:23:05.201 10476 10510 I BatteryMgr:DataCollectionService: stats => 1700835785201,12817,4444,14953,4169000,100
11-24 15:23:05.210  1011  1189 I ASH     : @ 182637.399: tcs3701: stop power rail pending_off timer
11-24 15:23:05.210  1011  1189 D ASH     : @ 182637.399: tcs3701: start power rail timer, state:3
11-24 15:23:05.245  6365  6421 I m.chrome.canary: Explicit concurrent copying GC freed 3596(176KB) AllocSpace objects, 3(60KB) LOS objects, 75% free, 12MB/51MB, paused 177us,25us total 49.075ms
11-24 15:23:05.250  1011  1189 I ASH     : @ 182637.439: tcs3701: stop power rail pending_off timer
11-24 15:23:05.250  1011  1189 D ASH     : @ 182637.439: tcs3701: start power rail timer, state:3
11-24 15:23:05.290  1011  1189 I ASH     : @ 182637.479: tcs3701: stop power rail pending_off timer
11-24 15:23:05.290  1011  1189 D ASH     : @ 182637.479: tcs3701: start power rail timer, state:3
11-24 15:23:05.307  1795  2855 D ActivityManager: freezer override set to false
11-24 15:23:05.308 10476 10510 I BatteryMgr:DataCollectionService: stats => 1700835785308,12817,4444,14953,4169000,100
11-24 15:23:05.330  1011  1189 I ASH     : @ 182637.519: tcs3701: stop power rail pending_off timer
11-24 15:23:05.330  1011  1189 D ASH     : @ 182637.519: tcs3701: start power rail timer, state:3
11-24 15:23:05.369  1795  3658 D ActivityManager: freezer override set to true
11-24 15:23:05.370  1011  1189 I ASH     : @ 182637.559: tcs3701: stop power rail pending_off timer
11-24 15:23:05.370  1011  1189 D ASH     : @ 182637.559: tcs3701: start power rail timer, state:3
11-24 15:23:05.372  1795  3658 D ActivityManager: freezer override set to false
11-24 15:23:05.410  1011  1189 I ASH     : @ 182637.599: tcs3701: stop power rail pending_off timer
11-24 15:23:05.410  1011  1189 D ASH     : @ 182637.599: tcs3701: start power rail timer, state:3
11-24 15:23:05.413 10476 10510 I BatteryMgr:DataCollectionService: stats => 1700835785413,12817,4444,14953,4169000,100
11-24 15:23:05.450  1011  1189 I ASH     : @ 182637.639: tcs3701: stop power rail pending_off timer
11-24 15:23:05.450  1011  1189 D ASH     : @ 182637.639: tcs3701: start power rail timer, state:3
11-24 15:23:05.490  1011  1189 I ASH     : @ 182637.679: tcs3701: stop power rail pending_off timer
11-24 15:23:05.490  1011  1189 D ASH     : @ 182637.679: tcs3701: start power rail timer, state:3
11-24 15:23:05.519 10476 10510 I BatteryMgr:DataCollectionService: stats => 1700835785519,12817,4444,14953,4169000,100
11-24 15:23:05.531  1011  1189 I ASH     : @ 182637.719: tcs3701: stop power rail pending_off timer
11-24 15:23:05.531  1011  1189 D ASH     : @ 182637.719: tcs3701: start power rail timer, state:3
11-24 15:23:05.570  1011  1189 I ASH     : @ 182637.759: tcs3701: stop power rail pending_off timer
11-24 15:23:05.570  1011  1189 D ASH     : @ 182637.759: tcs3701: start power rail timer, state:3
11-24 15:23:05.610  1011  1189 I ASH     : @ 182637.799: tcs3701: stop power rail pending_off timer
11-24 15:23:05.610  1011  1189 D ASH     : @ 182637.799: tcs3701: start power rail timer, state:3
11-24 15:23:05.627 10476 10510 I BatteryMgr:DataCollectionService: stats => 1700835785627,12817,4444,14953,4169000,100
11-24 15:23:05.650  1011  1189 I ASH     : @ 182637.839: tcs3701: stop power rail pending_off timer
11-24 15:23:05.650  1011  1189 D ASH     : @ 182637.839: tcs3701: start power rail timer, state:3
11-24 15:23:05.665  1795  3658 D ActivityManager: freezer override set to true
11-24 15:23:05.670  1795  3658 D ActivityManager: freezer override set to false
11-24 15:23:05.690  1011  1189 I ASH     : @ 182637.879: tcs3701: stop power rail pending_off timer
11-24 15:23:05.690  1011  1189 D ASH     : @ 182637.879: tcs3701: start power rail timer, state:3
11-24 15:23:05.730  1011  1189 I ASH     : @ 182637.919: tcs3701: stop power rail pending_off timer
11-24 15:23:05.730  1011  1189 D ASH     : @ 182637.919: tcs3701: start power rail timer, state:3
11-24 15:23:05.733 10476 10510 I BatteryMgr:DataCollectionService: stats => 1700835785733,12817,4444,14953,4169000,100
11-24 15:23:05.770  1011  1189 I ASH     : @ 182637.959: tcs3701: stop power rail pending_off timer
11-24 15:23:05.770  1011  1189 D ASH     : @ 182637.959: tcs3701: start power rail timer, state:3
11-24 15:23:05.810  1011  1189 I ASH     : @ 182637.999: tcs3701: stop power rail pending_off timer
11-24 15:23:05.810  1011  1189 D ASH     : @ 182637.999: tcs3701: start power rail timer, state:3
11-24 15:23:05.840 10476 10510 I BatteryMgr:DataCollectionService: stats => 1700835785840,12817,4444,14953,4169000,100
11-24 15:23:05.850  1011  1189 I ASH     : @ 182638.039: tcs3701: stop power rail pending_off timer
11-24 15:23:05.850  1011  1189 D ASH     : @ 182638.039: tcs3701: start power rail timer, state:3
11-24 15:23:05.890  1011  1189 I ASH     : @ 182638.079: tcs3701: stop power rail pending_off timer
11-24 15:23:05.890  1011  1189 D ASH     : @ 182638.079: tcs3701: start power rail timer, state:3
11-24 15:23:05.930  1011  1189 I ASH     : @ 182638.119: tcs3701: stop power rail pending_off timer
11-24 15:23:05.930  1011  1189 D ASH     : @ 182638.119: tcs3701: start power rail timer, state:3
11-24 15:23:05.947 10476 10510 I BatteryMgr:DataCollectionService: stats => 1700835785947,12817,4444,14953,4169000,100
11-24 15:23:05.970  1011  1189 I ASH     : @ 182638.159: tcs3701: stop power rail pending_off timer
11-24 15:23:05.970  1011  1189 D ASH     : @ 182638.159: tcs3701: start power rail timer, state:3
11-24 15:23:06.010  1011  1189 I ASH     : @ 182638.199: tcs3701: stop power rail pending_off timer
11-24 15:23:06.010  1011  1189 D ASH     : @ 182638.199: tcs3701: start power rail timer, state:3
11-24 15:23:06.050  1011  1189 I ASH     : @ 182638.239: tcs3701: stop power rail pending_off timer
11-24 15:23:06.050  1011  1189 D ASH     : @ 182638.239: tcs3701: start power rail timer, state:3
11-24 15:23:06.054 10476 10510 I BatteryMgr:DataCollectionService: stats => 1700835786054,12817,4444,14953,4169000,100
11-24 15:23:06.090  1011  1189 I ASH     : @ 182638.279: tcs3701: stop power rail pending_off timer
11-24 15:23:06.090  1011  1189 D ASH     : @ 182638.279: tcs3701: start power rail timer, state:3
11-24 15:23:06.130  1011  1189 I ASH     : @ 182638.319: tcs3701: stop power rail pending_off timer
11-24 15:23:06.130  1011  1189 D ASH     : @ 182638.319: tcs3701: start power rail timer, state:3
11-24 15:23:06.161 10476 10510 I BatteryMgr:DataCollectionService: stats => 1700835786161,12817,4444,14953,4169000,100
11-24 15:23:06.170  1011  1189 I ASH     : @ 182638.359: tcs3701: stop power rail pending_off timer
11-24 15:23:06.170  1011  1189 D ASH     : @ 182638.359: tcs3701: start power rail timer, state:3
11-24 15:23:06.210  1011  1189 I ASH     : @ 182638.399: tcs3701: stop power rail pending_off timer
11-24 15:23:06.210  1011  1189 D ASH     : @ 182638.399: tcs3701: start power rail timer, state:3
11-24 15:23:06.250  1011  1189 I ASH     : @ 182638.439: tcs3701: stop power rail pending_off timer
11-24 15:23:06.250  1011  1189 D ASH     : @ 182638.439: tcs3701: start power rail timer, state:3
11-24 15:23:06.269 10476 10510 I BatteryMgr:DataCollectionService: stats => 1700835786269,12817,4444,14953,4169000,100
11-24 15:23:06.290  1011  1189 I ASH     : @ 182638.479: tcs3701: stop power rail pending_off timer
11-24 15:23:06.290  1011  1189 D ASH     : @ 182638.479: tcs3701: start power rail timer, state:3
11-24 15:23:06.330  1011  1189 I ASH     : @ 182638.519: tcs3701: stop power rail pending_off timer
11-24 15:23:06.330  1011  1189 D ASH     : @ 182638.519: tcs3701: start power rail timer, state:3
11-24 15:23:06.370  1011  1189 I ASH     : @ 182638.559: tcs3701: stop power rail pending_off timer
11-24 15:23:06.370  1011  1189 D ASH     : @ 182638.559: tcs3701: start power rail timer, state:3
11-24 15:23:06.376 10476 10510 I BatteryMgr:DataCollectionService: stats => 1700835786376,12817,4444,14953,4169000,100
11-24 15:23:06.410  1011  1189 I ASH     : @ 182638.599: tcs3701: stop power rail pending_off timer
11-24 15:23:06.410  1011  1189 D ASH     : @ 182638.599: tcs3701: start power rail timer, state:3
