11-24 15:19:40.132  1869  1869 E m.chrome.canary: Invalid ID 0x00000000.
11-24 15:19:40.141 13730 13730 D BoundBrokerSvc: onBind: Intent { act=com.google.android.gms.languageprofile.service.START pkg=com.google.android.gms }
11-24 15:19:40.141 13730 13730 D BoundBrokerSvc: Loading bound service for intent: Intent { act=com.google.android.gms.languageprofile.service.START pkg=com.google.android.gms }
11-24 15:19:40.142 13730 13730 E AbstractGmsTracer: Traced class shouldn't be obfuscated: LanguageProfileChimeraService [CONTEXT service_id=259 ]
11-24 15:19:40.149 13730 13730 E AbstractGmsTracer: Traced class shouldn't be obfuscated: GmsIntentOperationChimeraService [CONTEXT service_id=259 ]
11-24 15:19:40.154 13730  2060 E AbstractGmsTracer: Traced class shouldn't be obfuscated: AccountsChangedIntentOperation [CONTEXT service_id=259 ]
11-24 15:19:40.158  1869  1869 V MediaRouter: Selecting route: RouteInfo{ name=Phone, description=null, status=null, category=RouteCategory{ name=System types=ROUTE_TYPE_LIVE_AUDIO ROUTE_TYPE_LIVE_VIDEO  groupable=false }, supportedTypes=ROUTE_TYPE_LIVE_AUDIO ROUTE_TYPE_LIVE_VIDEO , presentationDisplay=null }
11-24 15:19:40.159  1869  1869 I MediaRouter: Skip setBluetoothA2dpOn(): types=8388615, isPlaybackActive()=false, BT route=null
11-24 15:19:40.159  1869  1869 W m.chrome.canary: Accessing hidden field Landroid/media/MediaRouter;->sStatic:Landroid/media/MediaRouter$Static; (max-target-o, reflection, denied)
11-24 15:19:40.160  1869  1869 I GlobalMediaRouter: Found default route: MediaRouter.RouteInfo{ uniqueId=DEFAULT_ROUTE, name=Phone, description=null, iconUri=null, enabled=true, isSystemRoute=true, connectionState=0, canDisconnect=false, playbackType=0, playbackStream=3, deviceType=0, volumeHandling=1, volume=0, volumeMax=25, presentationDisplayId=-1, extras=null, settingsIntent=null, providerPackageName=android }
11-24 15:19:40.160  1869  1869 I GlobalMediaRouter: Unselecting the current route because it is no longer selectable: null
11-24 15:19:40.167  2004  2057 D vulkan  : searching for layers in '/data/app/~~dutrJzl_xJkEyCCvIkexCw==/com.chrome.canary-4jcd8srf2WXxld2NC1r69A==/lib/arm64'
11-24 15:19:40.167  2004  2057 D vulkan  : searching for layers in '/data/app/~~dutrJzl_xJkEyCCvIkexCw==/com.chrome.canary-4jcd8srf2WXxld2NC1r69A==/base.apk!/lib/arm64-v8a'
11-24 15:19:40.168  2004  2057 D vulkan  : searching for layers in '/data/app/~~-FnXeb6__ecKd-dFZ4kZZA==/com.google.android.trichromelibrary.canary_613700033-7Q2vBiD9q0nCftKFg-pq8w==/base.apk!/lib/arm64-v8a'
11-24 15:19:40.170  1011  1189 I ASH     : @ 182432.359: tcs3701: stop power rail pending_off timer
11-24 15:19:40.170  1011  1189 D ASH     : @ 182432.359: tcs3701: start power rail timer, state:3
11-24 15:19:40.171  1869  2000 W cr_media: BLUETOOTH_CONNECT permission is missing.
11-24 15:19:40.171  2004  2057 I AdrenoVK-0: ===== BEGIN DUMP OF OVERRIDDEN SETTINGS =====
11-24 15:19:40.171  2004  2057 I AdrenoVK-0: ===== END DUMP OF OVERRIDDEN SETTINGS =====
11-24 15:19:40.171  1869  2000 W cr_media: registerBluetoothIntentsIfNeeded: Requires BLUETOOTH permission
11-24 15:19:40.171  2004  2057 I AdrenoVK-0: QUALCOMM build          : 4783c89, I46ff5fc46f
11-24 15:19:40.171  2004  2057 I AdrenoVK-0: Build Date              : 11/30/20
11-24 15:19:40.171  2004  2057 I AdrenoVK-0: Shader Compiler Version : EV031.31.04.01
11-24 15:19:40.171  2004  2057 I AdrenoVK-0: Local Branch            : QPR2
11-24 15:19:40.171  2004  2057 I AdrenoVK-0: Remote Branch           : 
11-24 15:19:40.171  2004  2057 I AdrenoVK-0: Remote Branch           : 
11-24 15:19:40.171  2004  2057 I AdrenoVK-0: Reconstruct Branch      : 
11-24 15:19:40.171  2004  2057 I AdrenoVK-0: Build Config            : S P 10.0.4 AArch64
11-24 15:19:40.171  2004  2057 I AdrenoVK-0: Driver Path             : /vendor/lib64/hw/vulkan.adreno.so
11-24 15:19:40.177  2002  2053 I cr_LibraryLoader: Successfully loaded native library
11-24 15:19:40.178  2002  2053 I cr_CachingUmaRecorder: Flushed 3 samples from 3 histograms, 0 samples were dropped.
11-24 15:19:40.185  2004  2069 W Parcel  : Expecting binder but got null!
11-24 15:19:40.189  1869  1985 W chromium: [WARNING:ev_root_ca_metadata.cc(119)] Not implemented
11-24 15:19:40.189  1869  1985 W chromium: [WARNING:ev_root_ca_metadata.cc(119)] Not implemented
11-24 15:19:40.207 13502 13514 I FontLog : (REDACTED) Received query %s, URI %s
11-24 15:19:40.207 13502 13514 I FontLog : (REDACTED) Query [%s] resolved to %s
11-24 15:19:40.209 13502 13514 I FontLog : (REDACTED) Font PFD returned from cache for %s
11-24 15:19:40.209 13502 13514 I FontLog : (REDACTED) Fetch %s end status %s
11-24 15:19:40.210  1011  1189 I ASH     : @ 182432.399: tcs3701: stop power rail pending_off timer
11-24 15:19:40.210  1011  1189 D ASH     : @ 182432.399: tcs3701: start power rail timer, state:3
11-24 15:19:40.211 13502 13514 I FontLog : (REDACTED) Pulling font file for id = %d, cache size = %d
11-24 15:19:40.213 13502 13514 I FontLog : (REDACTED) Received query %s, URI %s
11-24 15:19:40.213 13502 13514 I FontLog : (REDACTED) Query [%s] resolved to %s
11-24 15:19:40.214 13502 13514 I FontLog : (REDACTED) Fetch %s end status %s
11-24 15:19:40.215 13502  3013 I FontLog : (REDACTED) Pulling font file for id = %d, cache size = %d
11-24 15:19:40.217 13502  3013 I FontLog : (REDACTED) Received query %s, URI %s
11-24 15:19:40.217 13502  3013 I FontLog : (REDACTED) Query [%s] resolved to %s
11-24 15:19:40.218 13502  3013 I FontLog : (REDACTED) Font PFD returned from cache for %s
11-24 15:19:40.218 13502  3013 I FontLog : (REDACTED) Fetch %s end status %s
11-24 15:19:40.219 13502  3013 I FontLog : (REDACTED) Pulling font file for id = %d, cache size = %d
11-24 15:19:40.221  1869  1994 W chromium: [WARNING:ev_root_ca_metadata.cc(119)] Not implemented
11-24 15:19:40.221  1869  1994 W chromium: [WARNING:ev_root_ca_metadata.cc(119)] Not implemented
11-24 15:19:40.222 13502 13514 I FontLog : (REDACTED) Received query %s, URI %s
11-24 15:19:40.223 13502 13514 I FontLog : (REDACTED) Query [%s] resolved to %s
11-24 15:19:40.225 13502 13514 I FontLog : (REDACTED) Font PFD returned from cache for %s
11-24 15:19:40.226 13502 13514 I FontLog : (REDACTED) Fetch %s end status %s
11-24 15:19:40.230 13502 13514 I FontLog : (REDACTED) Pulling font file for id = %d, cache size = %d
11-24 15:19:40.231 13730 13730 E AbstractGmsTracer: Traced class shouldn't be obfuscated: LanguageProfileGcmTaskChimeraService [CONTEXT service_id=259 ]
11-24 15:19:40.232 13730 13730 E AbstractGmsTracer: Traced class shouldn't be obfuscated: LanguageProfileGcmTaskChimeraService [CONTEXT service_id=259 ]
11-24 15:19:40.233  1869  1985 W chromium: [WARNING:ev_root_ca_metadata.cc(119)] Not implemented
11-24 15:19:40.241  3563 23267 D MediaProvider: Open with FUSE. FilePath: /storage/emulated/0/Download/batterymanager-companion-1.0.0.zip. Uid: 10010. Media Capabilities Uid: 0. ShouldRedact: false. ShouldTranscode: false
11-24 15:19:40.245 13502 22112 I NetworkScheduler.Stats: (REDACTED) Task %s/%s started execution. cause:%s exec_start_elapsed_seconds: %s
11-24 15:19:40.250  1011  1189 I ASH     : @ 182432.439: tcs3701: stop power rail pending_off timer
11-24 15:19:40.250  1011  1189 D ASH     : @ 182432.439: tcs3701: start power rail timer, state:3
11-24 15:19:40.259  3563 23267 D MediaProvider: Open with FUSE. FilePath: /storage/emulated/0/Download/com.example.batterymanager_utility (1).apk. Uid: 10010. Media Capabilities Uid: 0. ShouldRedact: false. ShouldTranscode: false
11-24 15:19:40.270  3563 23267 D MediaProvider: Open with FUSE. FilePath: /storage/emulated/0/Download/com.example.batterymanager_utility.apk. Uid: 10010. Media Capabilities Uid: 0. ShouldRedact: false. ShouldTranscode: false
11-24 15:19:40.275  1869  1869 D CompatibilityChangeReporter: Compat change id reported: 171228096; UID 10010; state: ENABLED
11-24 15:19:40.282  1795  4167 W InputManager-JNI: Input channel object 'cbf4446 Splash Screen com.chrome.canary (client)' was disposed without first being removed with the input manager!
11-24 15:19:40.288  3875  3875 I dzhj    : onStop
11-24 15:19:40.290  2940  3994 D OneSearchSuggestProvider: Shut down the binder channel
11-24 15:19:40.292  1011  1189 I ASH     : @ 182432.479: tcs3701: stop power rail pending_off timer
11-24 15:19:40.292  1011  1189 D ASH     : @ 182432.479: tcs3701: start power rail timer, state:3
11-24 15:19:40.292  2940 32579 I s.nexuslauncher: oneway function results for code 2 on binder at 0xb4000070951ed280 will be dropped but finished with status UNKNOWN_TRANSACTION
11-24 15:19:40.296  3657  4525 D ForegroundUtils: Foreground UID status:
11-24 15:19:40.296  3657  4525 D ForegroundUtils: UID: 10010 is in foreground: true
11-24 15:19:40.297  3657  4525 D ForegroundUtils: UID: 10128 is in foreground: true
11-24 15:19:40.297  3657  4525 D ForegroundUtils: UID: 10145 is in foreground: true
11-24 15:19:40.297  3657  4525 D ForegroundUtils: UID: 10158 is in foreground: true
11-24 15:19:40.297  3657  4525 D ForegroundUtils: UID: 10189 is in foreground: false
11-24 15:19:40.297  3657  4525 D ForegroundUtils: UID: 10194 is in foreground: true
11-24 15:19:40.297  3657  4525 D ForegroundUtils: UID: 10206 is in foreground: false
11-24 15:19:40.297  3657  4525 D ForegroundUtils: UID: 10233 is in foreground: true
11-24 15:19:40.297  3657  4525 D ForegroundUtils: UID: 10244 is in foreground: false
11-24 15:19:40.297  3657  4525 D ForegroundUtils: UID: 10319 is in foreground: true
11-24 15:19:40.297  3657  4525 D ForegroundUtils: UID: 90000 is in foreground: true
11-24 15:19:40.299   595   595 I servicemanager: Could not find android.hardware.graphics.allocator.IAllocator/default in the VINTF manifest.
11-24 15:19:40.302  2004  2086 W VideoCapabilities: Unrecognized level 1879048707 for video/x-vnd.on2.vp8
11-24 15:19:40.302  2004  2086 W VideoCapabilities: Unrecognized profile 1879048704 for video/x-vnd.on2.vp8
11-24 15:19:40.302  2004  2086 W VideoCapabilities: Unrecognized level 1879048707 for video/x-vnd.on2.vp8
11-24 15:19:40.302  2004  2086 W VideoCapabilities: Unrecognized profile 1879048704 for video/x-vnd.on2.vp8
11-24 15:19:40.307  2004  2086 W VideoCapabilities: Unsupported mime image/vnd.android.heic
11-24 15:19:40.307  2004  2086 W VideoCapabilities: Unrecognized level 1879048707 for video/x-vnd.on2.vp8
11-24 15:19:40.307  2004  2086 W VideoCapabilities: Unrecognized profile 1879048704 for video/x-vnd.on2.vp8
11-24 15:19:40.308  2004  2086 W VideoCapabilities: Unrecognized level 1879048707 for video/x-vnd.on2.vp8
11-24 15:19:40.308  2004  2086 W VideoCapabilities: Unrecognized profile 1879048704 for video/x-vnd.on2.vp8
11-24 15:19:40.314  2004  2086 W cr_VAUtil: Unknown profile: 1879048704 for codec video/x-vnd.on2.vp8
11-24 15:19:40.319  1869  1869 I cr_OfflineIndicator: onConnectionTypeChanged 2
11-24 15:19:40.320  1869  1869 I cr_OfflineIndicator: Reported by system: [ Transports: WIFI Capabilities: NOT_METERED&INTERNET&NOT_RESTRICTED&TRUSTED&NOT_VPN&VALIDATED&NOT_ROAMING&FOREGROUND&NOT_CONGESTED&NOT_SUSPENDED&NOT_VCN_MANAGED LinkUpBandwidth>=12000Kbps LinkDnBandwidth>=66095Kbps TransportInfo: <SSID: <unknown ssid>, BSSID: 02:00:00:00:00:00, MAC: 02:00:00:00:00:00, IP: /192.168.1.104, Security type: 2, Supplicant state: COMPLETED, Wi-Fi standard: 5, RSSI: -44, Link speed: 780Mbps, Tx Link speed: 780Mbps, Max Supported Tx Link speed: 866Mbps, Rx Link speed: 866Mbps, Max Supported Rx Link speed: 866Mbps, Frequency: 5240MHz, Net ID: -1, Metered hint: false, score: 60, isUsable: true, CarrierMerged: false, SubscriptionId: -1, IsPrimary: -1, Trusted: true, Restricted: false, Ephemeral: false, OEM paid: false, OEM private: false, OSU AP: false, FQDN: <none>, Provider friendly name: <none>, Requesting package name: <none><none>MLO Information: , Is TID-To-Link negotiation supported by the AP: false, AP MLD Address: <none>, AP MLO Link Id: <none>, AP MLO Affiliated links: <none>> SignalStrength: -44 UnderlyingNetworks: Null]
11-24 15:19:40.320  1869  1869 I cr_OfflineIndicator: setConnectionState connectionState=4
11-24 15:19:40.320  1869  1869 W Settings: Setting airplane_mode_on has moved from android.provider.Settings.System to android.provider.Settings.Global, returning read-only value.
11-24 15:19:40.321  1869  1869 I cr_OfflineDetector: Received connection change state message. mConnectivityDetectorInitialized: true, mTimeWhenLastForegrounded: 182429134, getElapsedTime: 182429135, mTimeWhenLastOfflineNotificationReceived: 0, mTimeWhenLastOnline: 182429135, mTimeWhenAirplaneModeToggledOff: 0 mApplicationState: 1, mIsOfflineLastReportedByConnectivityDetector: false, mInAirplaneMode: false mIsEffectivelyOffline: false
11-24 15:19:40.321  1869  1869 I cr_OfflineDetector: onConnectionStateChanged(): previousLastReportedStateByOfflineDetector: false
11-24 15:19:40.321  1869  1869 I cr_OfflineDetector: Running updateState mConnectivityDetectorInitialized: true, mTimeWhenLastForegrounded: 182429134, getElapsedTime: 182429135, mTimeWhenLastOfflineNotificationReceived: 0, mTimeWhenLastOnline: 182429135, mTimeWhenAirplaneModeToggledOff: 0 mApplicationState: 1, mIsOfflineLastReportedByConnectivityDetector: false, mInAirplaneMode: false mIsEffectivelyOffline: false
11-24 15:19:40.321  1869  1869 I cr_OfflineDetector: updateState(): timeSinceLastForeground: 1, timeSinceOfflineNotificationReceived: 182429135, timeSinceLastOnline: 0, timeNeededForForeground: 1999, timeNeededForOffline: -182427135 timeSinceAirplaneModeToggledOff: 182429135 timeNeededAfterConnectionChangeFromOnlineToOffline: 10000 timeNeededAfterConnectionChangeFromAirplaneToOffline: 0
11-24 15:19:40.321  1869  1869 I cr_OfflineDetector: Running mUpdateOfflineStatusIndicatorDelayedRunnable start. mConnectivityDetectorInitialized: true, mTimeWhenLastForegrounded: 182429134, getElapsedTime: 182429136, mTimeWhenLastOfflineNotificationReceived: 0, mTimeWhenLastOnline: 182429135, mTimeWhenAirplaneModeToggledOff: 0 mApplicationState: 1, mIsOfflineLastReportedByConnectivityDetector: false, mInAirplaneMode: false mIsEffectivelyOffline: false
11-24 15:19:40.321  1869  1869 I cr_OfflineDetector: Running mUpdateOfflineStatusIndicatorDelayedRunnable end. mConnectivityDetectorInitialized: true, mTimeWhenLastForegrounded: 182429134, getElapsedTime: 182429136, mTimeWhenLastOfflineNotificationReceived: 0, mTimeWhenLastOnline: 182429135, mTimeWhenAirplaneModeToggledOff: 0 mApplicationState: 1, mIsOfflineLastReportedByConnectivityDetector: false, mInAirplaneMode: false mIsEffectivelyOffline: false
11-24 15:19:40.321  1869  1869 I cr_OfflineIndicator: processConnectivityCheckResult mConnectionState=4 mConnectivityCheckingStage=1
11-24 15:19:40.325 13502 30248 I NetworkScheduler.Stats: (REDACTED) Task %s/%s finished executing. cause:%s result: %s elapsed_millis: %s uptime_millis: %s exec_start_elapsed_seconds: %s
11-24 15:19:40.330  1011  1189 I ASH     : @ 182432.519: tcs3701: stop power rail pending_off timer
11-24 15:19:40.330  1011  1189 D ASH     : @ 182432.519: tcs3701: start power rail timer, state:3
11-24 15:19:40.370  1011  1189 I ASH     : @ 182432.559: tcs3701: stop power rail pending_off timer
11-24 15:19:40.370  1011  1189 D ASH     : @ 182432.559: tcs3701: start power rail timer, state:3
11-24 15:19:40.377 13502 13502 E AbstractGmsTracer: Traced class shouldn't be obfuscated: GmsBoundBrokerChimeraService [CONTEXT service_id=259 ]
11-24 15:19:40.381 13502 13502 D BoundBrokerSvc: onBind: Intent { act=com.google.android.contextmanager.service.ContextManagerLogsUploadBoundService.ACTION_TASK_READY dat=chimera-action:/... cmp=com.google.android.gms/.chimera.PersistentInternalBoundBrokerService }
11-24 15:19:40.381 13502 13502 D BoundBrokerSvc: Loading bound service for intent: Intent { act=com.google.android.contextmanager.service.ContextManagerLogsUploadBoundService.ACTION_TASK_READY dat=chimera-action:/... cmp=com.google.android.gms/.chimera.PersistentInternalBoundBrokerService }
11-24 15:19:40.382 13502 13502 E AbstractGmsTracer: Traced class shouldn't be obfuscated: ContextManagerLogsUploadBoundService [CONTEXT service_id=259 ]
11-24 15:19:40.383 13502 13502 E AbstractGmsTracer: Traced class shouldn't be obfuscated: ContextManagerLogsUploadBoundService [CONTEXT service_id=259 ]
11-24 15:19:40.385  1795  3001 D ConnectivityService: requestNetwork for uid/pid:10010/1869 activeRequest: null callbackRequest: 4833 [NetworkRequest [ REQUEST id=4834, [ Capabilities: INTERNET&NOT_RESTRICTED&TRUSTED&NOT_VCN_MANAGED Uid: 10010 RequestorUid: 10010 RequestorPkg: com.chrome.canary UnderlyingNetworks: Null] ]] callback flags: 0 order: 2147483647
11-24 15:19:40.387  3563 23267 D MediaProvider: Open with FUSE. FilePath: /storage/emulated/0/Download/batterymanager-companion-1.0.0.zip. Uid: 10010. Media Capabilities Uid: 0. ShouldRedact: false. ShouldTranscode: false
11-24 15:19:40.388  1795  2424 D WifiNetworkFactory: got request NetworkRequest [ REQUEST id=4834, [ Capabilities: INTERNET&NOT_RESTRICTED&TRUSTED&NOT_VCN_MANAGED Uid: 10010 RequestorUid: 10010 RequestorPkg: com.chrome.canary UnderlyingNetworks: Null] ]
11-24 15:19:40.388  1795  2424 V WifiNetworkFactory: Accepted network request NetworkRequest [ REQUEST id=4834, [ Capabilities: INTERNET&NOT_RESTRICTED&TRUSTED&NOT_VCN_MANAGED Uid: 10010 RequestorUid: 10010 RequestorPkg: com.chrome.canary UnderlyingNetworks: Null] ]
11-24 15:19:40.388  1795  2424 D UntrustedWifiNetworkFactory: got request NetworkRequest [ REQUEST id=4834, [ Capabilities: INTERNET&NOT_RESTRICTED&TRUSTED&NOT_VCN_MANAGED Uid: 10010 RequestorUid: 10010 RequestorPkg: com.chrome.canary UnderlyingNetworks: Null] ]
11-24 15:19:40.388  1795  2424 D OemPaidWifiNetworkFactory: got request NetworkRequest [ REQUEST id=4834, [ Capabilities: INTERNET&NOT_RESTRICTED&TRUSTED&NOT_VCN_MANAGED Uid: 10010 RequestorUid: 10010 RequestorPkg: com.chrome.canary UnderlyingNetworks: Null] ]
11-24 15:19:40.389  1795  2424 D MultiInternetWifiNetworkFactory: got request NetworkRequest [ REQUEST id=4834, [ Capabilities: INTERNET&NOT_RESTRICTED&TRUSTED&NOT_VCN_MANAGED Uid: 10010 RequestorUid: 10010 RequestorPkg: com.chrome.canary UnderlyingNetworks: Null] ]
11-24 15:19:40.389  1795  2432 D ConnectivityService: NetReassign [4834 : null → 100] [c 0] [a 0] [i 2]
11-24 15:19:40.389 13502 22112 I NetworkScheduler.Stats: (REDACTED) Task %s/%s started execution. cause:%s exec_start_elapsed_seconds: %s
11-24 15:19:40.391  1795  2432 D ConnectivityService: NetReassign [no changes] [c 0] [a 0] [i 2]
11-24 15:19:40.395  1869  1869 I cr_InactivityTracker: Last background time read from the SharedPreference is:-1.
11-24 15:19:40.397  1869  1869 I cr_VideoPersist: Exited picture in picture with reason: 0
11-24 15:19:40.399  1869  1869 I cr_InactivityTracker: Last visible time read from the SharedPreference is:1700835429721.
11-24 15:19:40.404 13502  1826 I NetworkScheduler.Stats: (REDACTED) Task %s/%s finished executing. cause:%s result: %s elapsed_millis: %s uptime_millis: %s exec_start_elapsed_seconds: %s
11-24 15:19:40.404  3563 23267 D MediaProvider: Open with FUSE. FilePath: /storage/emulated/0/Download/com.example.batterymanager_utility (1).apk. Uid: 10010. Media Capabilities Uid: 0. ShouldRedact: false. ShouldTranscode: false
11-24 15:19:40.405  1795  3001 W ActivityManager: Unable to start service Intent { act=com.google.android.gms.semanticlocation.service.SemanticLocationRemovedAccountsCleanupJob.ACTION_TASK_READY pkg=com.google.android.gms } U=0: not found
11-24 15:19:40.406 13502 22112 E NetworkScheduler.TED: Unable to bind to task service: ComponentInfo{com.google.android.gms/com.google.android.gms.semanticlocation.service.SemanticLocationRemovedAccountsCleanupJob}
11-24 15:19:40.408 13502 13502 D BoundBrokerSvc: onUnbind: Intent { act=com.google.android.contextmanager.service.ContextManagerLogsUploadBoundService.ACTION_TASK_READY dat=chimera-action:/... cmp=com.google.android.gms/.chimera.PersistentInternalBoundBrokerService }
11-24 15:19:40.410  1011  1189 I ASH     : @ 182432.599: tcs3701: stop power rail pending_off timer
11-24 15:19:40.410  1011  1189 D ASH     : @ 182432.599: tcs3701: start power rail timer, state:3
11-24 15:19:40.410 13502  1826 I NetworkScheduler.Stats: (REDACTED) Task %s/%s finished executing. cause:%s result: %s elapsed_millis: %s uptime_millis: %s exec_start_elapsed_seconds: %s
11-24 15:19:40.415  3563 23267 D MediaProvider: Open with FUSE. FilePath: /storage/emulated/0/Download/com.example.batterymanager_utility.apk. Uid: 10010. Media Capabilities Uid: 0. ShouldRedact: false. ShouldTranscode: false
11-24 15:19:40.419  1869  1869 I cr_InactivityTracker: Last visible time read from the SharedPreference is:1700835580399.
11-24 15:19:40.450  1011  1189 I ASH     : @ 182432.639: tcs3701: stop power rail pending_off timer
11-24 15:19:40.450  1011  1189 D ASH     : @ 182432.639: tcs3701: start power rail timer, state:3
11-24 15:19:40.472  1869  1986 W chromium: [WARNING:ev_root_ca_metadata.cc(119)] Not implemented
11-24 15:19:40.472  1869  1986 W chromium: [WARNING:ev_root_ca_metadata.cc(119)] Not implemented
11-24 15:19:40.473  1869  1994 W chromium: [WARNING:ev_root_ca_metadata.cc(119)] Not implemented
11-24 15:19:40.490  1011  1189 I ASH     : @ 182432.679: tcs3701: stop power rail pending_off timer
11-24 15:19:40.490  1011  1189 D ASH     : @ 182432.679: tcs3701: start power rail timer, state:3
11-24 15:19:40.530  1011  1189 I ASH     : @ 182432.719: tcs3701: stop power rail pending_off timer
11-24 15:19:40.530  1011  1189 D ASH     : @ 182432.719: tcs3701: start power rail timer, state:3
11-24 15:19:40.558  1869  1869 I Choreographer: Skipped 58 frames!  The application may be doing too much work on its main thread.
11-24 15:19:40.570  1011  1189 I ASH     : @ 182432.759: tcs3701: stop power rail pending_off timer
11-24 15:19:40.570  1011  1189 D ASH     : @ 182432.759: tcs3701: start power rail timer, state:3
11-24 15:19:40.603  1869  1869 V MediaRouter: Selecting route: RouteInfo{ name=Phone, description=null, status=null, category=RouteCategory{ name=System types=ROUTE_TYPE_LIVE_AUDIO ROUTE_TYPE_LIVE_VIDEO  groupable=false }, supportedTypes=ROUTE_TYPE_LIVE_AUDIO ROUTE_TYPE_LIVE_VIDEO , presentationDisplay=null }
11-24 15:19:40.610  1011  1189 I ASH     : @ 182432.799: tcs3701: stop power rail pending_off timer
11-24 15:19:40.610  1011  1189 D ASH     : @ 182432.799: tcs3701: start power rail timer, state:3
11-24 15:19:40.650  1011  1189 I ASH     : @ 182432.839: tcs3701: stop power rail pending_off timer
11-24 15:19:40.650  1011  1189 D ASH     : @ 182432.839: tcs3701: start power rail timer, state:3
11-24 15:19:40.673  1869  1869 I cr_PwaRestore: Not showing PWA Restore promo, feature flag is disabled
11-24 15:19:40.690  1011  1189 I ASH     : @ 182432.879: tcs3701: stop power rail pending_off timer
11-24 15:19:40.690  1011  1189 D ASH     : @ 182432.879: tcs3701: start power rail timer, state:3
11-24 15:19:40.711  1795  2387 D CompatibilityChangeReporter: Compat change id reported: 214016041; UID 10010; state: ENABLED
11-24 15:19:40.714  3375  3375 I GoogleInputMethodService: GoogleInputMethodService.onFinishInput():3154 
11-24 15:19:40.715  3375  3375 I GoogleInputMethodService: GoogleInputMethodService.updateDeviceLockedStatus():2088 repeatCheckTimes = 0, locked = false
11-24 15:19:40.716  3375  3375 I GoogleInputMethodService: GoogleInputMethodService.onStartInput():1883 onStartInput(EditorInfo{EditorInfo{packageName=com.chrome.canary, inputType=0, inputTypeString=NULL, enableLearning=false, autoCorrection=false, autoComplete=false, imeOptions=12000000, privateImeOptions=null, actionName=UNSPECIFIED, actionLabel=null, initialSelStart=-1, initialSelEnd=-1, initialCapsMode=0, label=null, fieldId=-1, fieldName=null, extras=null, hintText=null, hintLocales=[]}}, false)
11-24 15:19:40.716  3375  3375 I GoogleInputMethodService: GoogleInputMethodService.updateDeviceLockedStatus():2088 repeatCheckTimes = 1, locked = false
11-24 15:19:40.730  1011  1189 I ASH     : @ 182432.919: tcs3701: stop power rail pending_off timer
11-24 15:19:40.730  1011  1189 D ASH     : @ 182432.919: tcs3701: start power rail timer, state:3
11-24 15:19:40.770  1011  1189 I ASH     : @ 182432.959: tcs3701: stop power rail pending_off timer
11-24 15:19:40.770  1011  1189 D ASH     : @ 182432.959: tcs3701: start power rail timer, state:3
11-24 15:19:40.810  1011  1189 I ASH     : @ 182432.999: tcs3701: stop power rail pending_off timer
11-24 15:19:40.810  1011  1189 D ASH     : @ 182432.999: tcs3701: start power rail timer, state:3
11-24 15:19:40.850  1011  1189 I ASH     : @ 182433.039: tcs3701: stop power rail pending_off timer
11-24 15:19:40.850  1011  1189 D ASH     : @ 182433.039: tcs3701: start power rail timer, state:3
11-24 15:19:40.890  1011  1189 I ASH     : @ 182433.079: tcs3701: stop power rail pending_off timer
11-24 15:19:40.890  1011  1189 D ASH     : @ 182433.079: tcs3701: start power rail timer, state:3
11-24 15:19:40.894  1795  3784 D ActivityManager: freezer override set to true
11-24 15:19:40.907  1869  1986 I cr_ADCP : No customization source found
11-24 15:19:40.910 13502 13502 D BoundBrokerSvc: onBind: Intent { act=com.google.android.gms.icing.LIGHTWEIGHT_INDEX_SERVICE pkg=com.google.android.gms }
11-24 15:19:40.910 13502 13502 D BoundBrokerSvc: Loading bound service for intent: Intent { act=com.google.android.gms.icing.LIGHTWEIGHT_INDEX_SERVICE pkg=com.google.android.gms }
11-24 15:19:40.911 13502 13502 E AbstractGmsTracer: Traced class shouldn't be obfuscated: LightweightIndexChimeraService [CONTEXT service_id=259 ]
11-24 15:19:40.915  1869  1986 E cr_PartnerBMReader: ATTENTION: not using partner bookmarks as none were provided
11-24 15:19:40.930  1011  1189 I ASH     : @ 182433.119: tcs3701: stop power rail pending_off timer
11-24 15:19:40.930  1011  1189 D ASH     : @ 182433.119: tcs3701: start power rail timer, state:3
11-24 15:19:40.970  1011  1189 I ASH     : @ 182433.159: tcs3701: stop power rail pending_off timer
11-24 15:19:40.970  1011  1189 D ASH     : @ 182433.159: tcs3701: start power rail timer, state:3
11-24 15:19:40.984  1795  3784 D ActivityManager: freezer override set to false
11-24 15:19:40.996 13730 13730 D BoundBrokerSvc: onBind: Intent { act=com.google.android.gms.feedback.internal.IFeedbackService dat=chimera-action:/... cmp=com.google.android.gms/.chimera.GmsBoundBrokerService }
11-24 15:19:40.996 13730 13730 D BoundBrokerSvc: Loading bound service for intent: Intent { act=com.google.android.gms.feedback.internal.IFeedbackService dat=chimera-action:/... cmp=com.google.android.gms/.chimera.GmsBoundBrokerService }
11-24 15:19:40.997 13730 13730 E AbstractGmsTracer: Traced class shouldn't be obfuscated: FeedbackBoundService [CONTEXT service_id=259 ]
11-24 15:19:41.001 13502 13502 E AbstractGmsTracer: Traced class shouldn't be obfuscated: LockboxBrokerChimeraService [CONTEXT service_id=259 ]
11-24 15:19:41.008 13730 13730 E AbstractGmsTracer: Traced class shouldn't be obfuscated: AppIndexingChimeraService [CONTEXT service_id=259 ]
11-24 15:19:41.010  1011  1189 I ASH     : @ 182433.199: tcs3701: stop power rail pending_off timer
11-24 15:19:41.010  1011  1189 D ASH     : @ 182433.199: tcs3701: start power rail timer, state:3
11-24 15:19:41.016 13730 13730 E AbstractGmsTracer: Traced class shouldn't be obfuscated: IndexChimeraService [CONTEXT service_id=259 ]
11-24 15:19:41.022 13730 13730 E AbstractGmsTracer: Traced class shouldn't be obfuscated: IndexWorkerChimeraService [CONTEXT service_id=259 ]
11-24 15:19:41.028 13730 13764 I Icing   : IndexChimeraService.getServiceInterface callingPackage=com.google.android.gms componentName=null serviceId=30
11-24 15:19:41.034 13730 13730 E AbstractGmsTracer: Traced class shouldn't be obfuscated: GmsBoundBrokerChimeraService [CONTEXT service_id=259 ]
11-24 15:19:41.034 13730 13730 D BoundBrokerSvc: onBind: Intent { act=com.google.android.gms.common.BIND_SHARED_PREFS pkg=com.google.android.gms }
11-24 15:19:41.034 13730 13730 D BoundBrokerSvc: Loading bound service for intent: Intent { act=com.google.android.gms.common.BIND_SHARED_PREFS pkg=com.google.android.gms }
11-24 15:19:41.035 13730 13730 E AbstractGmsTracer: Traced class shouldn't be obfuscated: SharedPreferencesBoundService [CONTEXT service_id=259 ]
11-24 15:19:41.036 13502 13502 D BoundBrokerSvc: onBind: Intent { act=com.google.android.gms.icing.LIGHTWEIGHT_INDEX_SERVICE dat=chimera-action:/... cmp=com.google.android.gms/.chimera.PersistentApiService }
11-24 15:19:41.036 13502 13502 D BoundBrokerSvc: Loading bound service for intent: Intent { act=com.google.android.gms.icing.LIGHTWEIGHT_INDEX_SERVICE dat=chimera-action:/... cmp=com.google.android.gms/.chimera.PersistentApiService }
11-24 15:19:41.040 13730 13730 D BoundBrokerSvc: onUnbind: Intent { act=com.google.android.gms.common.BIND_SHARED_PREFS pkg=com.google.android.gms }
11-24 15:19:41.050  1011  1189 I ASH     : @ 182433.239: tcs3701: stop power rail pending_off timer
11-24 15:19:41.050  1011  1189 D ASH     : @ 182433.239: tcs3701: start power rail timer, state:3
11-24 15:19:41.062  1795  3784 D CompatibilityChangeReporter: Compat change id reported: 161252188; UID 10010; state: DISABLED
11-24 15:19:41.066 13730 16578 I Icing   : Usage reports ok 2, Failed Usage reports 0, indexed 1, rejected 0
11-24 15:19:41.090  1011  1189 I ASH     : @ 182433.279: tcs3701: stop power rail pending_off timer
11-24 15:19:41.090  1011  1189 D ASH     : @ 182433.279: tcs3701: start power rail timer, state:3
11-24 15:19:41.130  1011  1189 I ASH     : @ 182433.319: tcs3701: stop power rail pending_off timer
11-24 15:19:41.130  1011  1189 D ASH     : @ 182433.319: tcs3701: start power rail timer, state:3
11-24 15:19:41.154 13502 30248 I NearbyDiscovery: (REDACTED) loadFastPairModule: checkFeaturesAreAvailable:%d
11-24 15:19:41.154 13502 30248 I NearbyDiscovery: loadFastPairModule: FastPair module is downloaded. [CONTEXT service_id=265 ]
11-24 15:19:41.170  1011  1189 I ASH     : @ 182433.359: tcs3701: stop power rail pending_off timer
11-24 15:19:41.171  1011  1189 D ASH     : @ 182433.359: tcs3701: start power rail timer, state:3
11-24 15:19:41.196  1795  3001 D ActivityManager: freezer override set to true
11-24 15:19:41.210  1011  1189 I ASH     : @ 182433.399: tcs3701: stop power rail pending_off timer
11-24 15:19:41.210  1011  1189 D ASH     : @ 182433.399: tcs3701: start power rail timer, state:3
11-24 15:19:41.250  1011  1189 I ASH     : @ 182433.439: tcs3701: stop power rail pending_off timer
11-24 15:19:41.250  1011  1189 D ASH     : @ 182433.439: tcs3701: start power rail timer, state:3
11-24 15:19:41.290  1011  1189 I ASH     : @ 182433.479: tcs3701: stop power rail pending_off timer
11-24 15:19:41.290  1011  1189 D ASH     : @ 182433.479: tcs3701: start power rail timer, state:3
11-24 15:19:41.330  1011  1189 I ASH     : @ 182433.519: tcs3701: stop power rail pending_off timer
11-24 15:19:41.330  1011  1189 D ASH     : @ 182433.519: tcs3701: start power rail timer, state:3
11-24 15:19:41.332  1869  1917 I m.chrome.canary: Explicit concurrent copying GC freed 588548(20MB) AllocSpace objects, 27(924KB) LOS objects, 75% free, 8855KB/34MB, paused 107us,25us total 41.865ms
11-24 15:19:41.370  1011  1189 I ASH     : @ 182433.559: tcs3701: stop power rail pending_off timer
11-24 15:19:41.370  1011  1189 D ASH     : @ 182433.559: tcs3701: start power rail timer, state:3
11-24 15:19:41.379  1795  3001 D ActivityManager: freezer override set to false
11-24 15:19:41.410  1011  1189 I ASH     : @ 182433.599: tcs3701: stop power rail pending_off timer
11-24 15:19:41.410  1011  1189 D ASH     : @ 182433.599: tcs3701: start power rail timer, state:3
11-24 15:19:41.437  1795  3784 D ActivityManager: freezer override set to true
11-24 15:19:41.440  1795  3784 D ActivityManager: freezer override set to false
11-24 15:19:41.450  1011  1189 I ASH     : @ 182433.639: tcs3701: stop power rail pending_off timer
11-24 15:19:41.450  1011  1189 D ASH     : @ 182433.639: tcs3701: start power rail timer, state:3
11-24 15:19:41.490  1011  1189 I ASH     : @ 182433.679: tcs3701: stop power rail pending_off timer
11-24 15:19:41.490  1011  1189 D ASH     : @ 182433.679: tcs3701: start power rail timer, state:3
11-24 15:19:41.530  1011  1189 I ASH     : @ 182433.719: tcs3701: stop power rail pending_off timer
11-24 15:19:41.530  1011  1189 D ASH     : @ 182433.719: tcs3701: start power rail timer, state:3
11-24 15:19:41.570  1011  1189 I ASH     : @ 182433.759: tcs3701: stop power rail pending_off timer
11-24 15:19:41.570  1011  1189 D ASH     : @ 182433.759: tcs3701: start power rail timer, state:3
11-24 15:19:41.601  1795  4167 I ActivityManager: Background started FGS: Allowed [callingPackage: com.android.shell; callingUid: 2000; uidState: NONE; intent: Intent { cmp=com.example.batterymanager_utility/.DataCollectionService (has extras) }; code:SYSTEM_UID; tempAllowListReason:<,reasonCode:SYSTEM_ALLOW_LISTED,duration:9223372036854775807,callingUid:-1>; targetSdkVersion:33; callerTargetSdkVersion:33; startForegroundCount:0; bindFromPackage:null]
11-24 15:19:41.607 10476 10476 I BatteryMgr:DataCollectionService: onStartCommand: begin
11-24 15:19:41.608 10476 10476 I BatteryMgr:DataCollectionService: onStartCommand: sampleRate => 100
11-24 15:19:41.608 10476 10476 I BatteryMgr:DataCollectionService: onStartCommand: rawFields => Timestamp,BATTERY_PROPERTY_CURRENT_NOW,EXTRA_VOLTAGE,BATTERY_PROPERTY_CURRENT_AVERAGE,BATTERY_PROPERTY_CHARGE_COUNTER,BATTERY_PROPERTY_CAPACITY
11-24 15:19:41.608 10476 10476 I BatteryMgr:DataCollectionService: onStartCommand: notification done
11-24 15:19:41.610  1011  1189 I ASH     : @ 182433.799: tcs3701: stop power rail pending_off timer
11-24 15:19:41.610  1011  1189 D ASH     : @ 182433.799: tcs3701: start power rail timer, state:3
11-24 15:19:41.611 10476 10476 I BatteryMgr:DataCollectionService: started foreground
11-24 15:19:41.613 10476 10510 I BatteryMgr:DataCollectionService: collectData: begin
11-24 15:19:41.617 10476 10510 I BatteryMgr:DataCollectionService: stats => 1700835581617,5798,4444,14953,4169000,100
11-24 15:19:41.650  1011  1189 I ASH     : @ 182433.839: tcs3701: stop power rail pending_off timer
11-24 15:19:41.650  1011  1189 D ASH     : @ 182433.839: tcs3701: start power rail timer, state:3
11-24 15:19:41.690  1011  1189 I ASH     : @ 182433.879: tcs3701: stop power rail pending_off timer
11-24 15:19:41.690  1011  1189 D ASH     : @ 182433.879: tcs3701: start power rail timer, state:3
11-24 15:19:41.725 10476 10510 I BatteryMgr:DataCollectionService: stats => 1700835581725,5798,4444,14953,4169000,100
11-24 15:19:41.730  1011  1189 I ASH     : @ 182433.919: tcs3701: stop power rail pending_off timer
11-24 15:19:41.730  1011  1189 D ASH     : @ 182433.919: tcs3701: start power rail timer, state:3
11-24 15:19:41.770  1011  1189 I ASH     : @ 182433.959: tcs3701: stop power rail pending_off timer
11-24 15:19:41.770  1011  1189 D ASH     : @ 182433.959: tcs3701: start power rail timer, state:3
11-24 15:19:41.807  1795  3784 I ActivityTaskManager: START u0 {act=android.intent.action.VIEW dat=https://playground.babylonjs.com/... flg=0x10000000 cmp=com.chrome.canary/com.google.android.apps.chrome.Main} from uid 2000
11-24 15:19:41.808  1795  3784 D CompatibilityChangeReporter: Compat change id reported: 265464455; UID 10010; state: DISABLED
11-24 15:19:41.808  1795  3784 D CompatibilityChangeReporter: Compat change id reported: 265452344; UID 10010; state: DISABLED
11-24 15:19:41.808  1795  3784 D CompatibilityChangeReporter: Compat change id reported: 266124927; UID 10010; state: DISABLED
11-24 15:19:41.808  1795  3784 D CompatibilityChangeReporter: Compat change id reported: 265451093; UID 10010; state: DISABLED
11-24 15:19:41.808  1795  3784 D CompatibilityChangeReporter: Compat change id reported: 265456536; UID 10010; state: DISABLED
11-24 15:19:41.808  1795  3784 D CompatibilityChangeReporter: Compat change id reported: 255940284; UID 10010; state: DISABLED
11-24 15:19:41.808  1795  3784 D CompatibilityChangeReporter: Compat change id reported: 236283604; UID 10010; state: DISABLED
11-24 15:19:41.809  1795  3784 D CompatibilityChangeReporter: Compat change id reported: 263959004; UID 10010; state: DISABLED
11-24 15:19:41.809  1795  3784 D CompatibilityChangeReporter: Compat change id reported: 264304459; UID 10010; state: DISABLED
11-24 15:19:41.809  1795  3784 D CompatibilityChangeReporter: Compat change id reported: 264301586; UID 10010; state: DISABLED
11-24 15:19:41.809  1795  3784 D CompatibilityChangeReporter: Compat change id reported: 254631730; UID 10010; state: DISABLED
11-24 15:19:41.809  1795  3784 D CompatibilityChangeReporter: Compat change id reported: 273509367; UID 10010; state: DISABLED
11-24 15:19:41.809  1795  3784 D CompatibilityChangeReporter: Compat change id reported: 263259275; UID 10010; state: DISABLED
11-24 15:19:41.809  1795  3784 D CompatibilityChangeReporter: Compat change id reported: 194480991; UID 10010; state: ENABLED
11-24 15:19:41.810  1011  1189 I ASH     : @ 182433.999: tcs3701: stop power rail pending_off timer
11-24 15:19:41.810  1011  1189 D ASH     : @ 182433.999: tcs3701: start power rail timer, state:3
11-24 15:19:41.810  1795  3784 D CompatibilityChangeReporter: Compat change id reported: 174042980; UID 10010; state: DISABLED
11-24 15:19:41.811  1795  3784 D CompatibilityChangeReporter: Compat change id reported: 181136395; UID 10010; state: DISABLED
11-24 15:19:41.811  1795  3784 D CompatibilityChangeReporter: Compat change id reported: 174042936; UID 10010; state: DISABLED
11-24 15:19:41.814  1795  3784 D CompatibilityChangeReporter: Compat change id reported: 194833441; UID 10010; state: ENABLED
11-24 15:19:41.825  1869  1869 W cr_ActivityDispatcher: CustomTabsIntent#shouldAlwaysUseBrowserUI() = false
11-24 15:19:41.825  1869  1869 I cr_VideoPersist: Exited picture in picture with reason: 0
11-24 15:19:41.827  1869  1869 E cr_IntentUtils: getInt failed on bundle null
11-24 15:19:41.831 10476 10510 I BatteryMgr:DataCollectionService: stats => 1700835581831,5798,4444,14953,4169000,100
11-24 15:19:41.845  1795  2120 D CompatibilityChangeReporter: Compat change id reported: 143937733; UID 10010; state: ENABLED
11-24 15:19:41.850  1011  1189 I ASH     : @ 182434.039: tcs3701: stop power rail pending_off timer
11-24 15:19:41.850  1011  1189 D ASH     : @ 182434.039: tcs3701: start power rail timer, state:3
11-24 15:19:41.854  1869  1869 W cr_ActivityDispatcher: CustomTabsIntent#shouldAlwaysUseBrowserUI() = false
11-24 15:19:41.855  1959  1959 D Zygote  : Forked child process 2261
11-24 15:19:41.857  1795  2120 I ActivityManager: Start proc 2261:com.chrome.canary:sandboxed_process0:org.chromium.content.app.SandboxedProcessService0:1/u0ai1 for  {com.chrome.canary/org.chromium.content.app.SandboxedProcessService0:1}
11-24 15:19:41.860  2261  2261 E libc    : SetHeapTaggingLevel: re-enabling tagging after it was disabled is not supported
11-24 15:19:41.866  2261  2261 I ocessService0:1: Using CollectorTypeCC GC.
11-24 15:19:41.873  1383  1442 I adbd    : jdwp connection from 2261
11-24 15:19:41.885  1795  3784 D CompatibilityChangeReporter: Compat change id reported: 168419799; UID 10010; state: DISABLED
11-24 15:19:41.885  1795  3784 D CompatibilityChangeReporter: Compat change id reported: 273564678; UID 10010; state: DISABLED
11-24 15:19:41.886  1869  1869 I cr_OfflineDetector: Running updateState mConnectivityDetectorInitialized: true, mTimeWhenLastForegrounded: 182430701, getElapsedTime: 182430701, mTimeWhenLastOfflineNotificationReceived: 0, mTimeWhenLastOnline: 182429135, mTimeWhenAirplaneModeToggledOff: 0 mApplicationState: 1, mIsOfflineLastReportedByConnectivityDetector: false, mInAirplaneMode: false mIsEffectivelyOffline: false
11-24 15:19:41.886  1869  1869 I cr_OfflineDetector: updateState(): timeSinceLastForeground: 0, timeSinceOfflineNotificationReceived: 182430701, timeSinceLastOnline: 1566, timeNeededForForeground: 2000, timeNeededForOffline: -182428701 timeSinceAirplaneModeToggledOff: 182430701 timeNeededAfterConnectionChangeFromOnlineToOffline: 8434 timeNeededAfterConnectionChangeFromAirplaneToOffline: 0
11-24 15:19:41.886  1869  1869 I cr_OfflineDetector: Running mUpdateOfflineStatusIndicatorDelayedRunnable start. mConnectivityDetectorInitialized: true, mTimeWhenLastForegrounded: 182430701, getElapsedTime: 182430701, mTimeWhenLastOfflineNotificationReceived: 0, mTimeWhenLastOnline: 182429135, mTimeWhenAirplaneModeToggledOff: 0 mApplicationState: 1, mIsOfflineLastReportedByConnectivityDetector: false, mInAirplaneMode: false mIsEffectivelyOffline: false
11-24 15:19:41.889  3657  4525 D ForegroundUtils: Foreground UID status:
11-24 15:19:41.889  3657  4525 D ForegroundUtils: UID: 10010 is in foreground: true
11-24 15:19:41.889  3657  4525 D ForegroundUtils: UID: 10128 is in foreground: true
11-24 15:19:41.889  3657  4525 D ForegroundUtils: UID: 10145 is in foreground: true
11-24 15:19:41.889  3657  4525 D ForegroundUtils: UID: 10158 is in foreground: true
11-24 15:19:41.889  3657  4525 D ForegroundUtils: UID: 10189 is in foreground: false
11-24 15:19:41.889  3657  4525 D ForegroundUtils: UID: 10194 is in foreground: true
11-24 15:19:41.889  3657  4525 D ForegroundUtils: UID: 10206 is in foreground: false
11-24 15:19:41.889  3657  4525 D ForegroundUtils: UID: 10233 is in foreground: true
11-24 15:19:41.889  3657  4525 D ForegroundUtils: UID: 10244 is in foreground: false
11-24 15:19:41.889  3657  4525 D ForegroundUtils: UID: 10319 is in foreground: true
11-24 15:19:41.889  3657  4525 D ForegroundUtils: UID: 90000 is in foreground: true
11-24 15:19:41.889  3657  4525 D ForegroundUtils: UID: 90001 is in foreground: true
11-24 15:19:41.890  1869  1869 I cr_InactivityTracker: Last background time read from the SharedPreference is:1700835581814.
11-24 15:19:41.890  1011  1189 I ASH     : @ 182434.079: tcs3701: stop power rail pending_off timer
11-24 15:19:41.890  1011  1189 D ASH     : @ 182434.079: tcs3701: start power rail timer, state:3
11-24 15:19:41.892  1869  1869 I cr_VideoPersist: Exited picture in picture with reason: 0
11-24 15:19:41.895  2261  2261 I ActivityThread: Relaunch all activities: onCoreSettingsChange
11-24 15:19:41.895  1795  4167 D CompatibilityChangeReporter: Compat change id reported: 161145287; UID 10010; state: DISABLED
11-24 15:19:41.896  2261  2261 D CompatibilityChangeReporter: Compat change id reported: 171979766; UID 90001; state: ENABLED
11-24 15:19:41.896  1869  1869 I cr_InactivityTracker: Last visible time read from the SharedPreference is:1700835580419.
11-24 15:19:41.906  1795  3784 D ActivityManager: freezer override set to true
11-24 15:19:41.912  1795  2424 D WifiClientModeImpl[13802:wlan0]: updateLinkLayerStatsRssiSpeedFrequencyCapabilities rssi=-46 TxLinkspeed=780 freq=5240 RxLinkSpeed=866
11-24 15:19:41.912  1795  2424 D WifiDataStall: tx tput in kbps: 657058
11-24 15:19:41.912  1795  2424 D WifiDataStall: rx tput in kbps: 767898
11-24 15:19:41.913  1795  2424 V WifiConfigManager: Updating scan detail cache freq=5240 BSSID=f4:6d:2f:12:cc:88 RSSI=-46 for "ourhome"WPA_PSK
11-24 15:19:41.913  2782  5906 D QCNEJ/WlanStaInfoRelay: Received action: android.net.wifi.RSSI_CHANGED
11-24 15:19:41.913  1795  2424 D WifiChannelUtilization:  freq: 5240 onTime: 5471293 busyTime: 561734 onTimeDiff: 2096501 busyTimeDiff: 246035 utilization: 29 utilization t0: 26
11-24 15:19:41.913  1795  2424 D WifiDataStall:  ccaLevel = 29
11-24 15:19:41.913  1795  2424 D WifiDataStall: L2 txTputKbps: 580978, rxTputKbps: 767898, L3 txTputKbps: 37, rxTputKbps: 121, TxTrafficHigh: true, RxTrafficHigh: true, Throughput Sufficient: true
11-24 15:19:41.913  2673  2692 V WifiManager: OnWifiUsabilityStatsListener: onWifiUsabilityStats: seqNum=53431
11-24 15:19:41.914  1795  2424 D WifiScoreReport: Wifi scoring disabled - Don't check IP layer
11-24 15:19:41.914  1795  2424 D WifiScoreCard: BSSID update SIGNAL_POLL ID: 1320464697 SSID: "ourhome", BSSID: f4:6d:2f:12:cc:88, MAC: b2:2f:ec:da:4a:0c, IP: /192.168.1.104, Security type: 2, Supplicant state: COMPLETED, Wi-Fi standard: 5, RSSI: -46, Link speed: 780Mbps, Tx Link speed: 780Mbps, Max Supported Tx Link speed: 866Mbps, Rx Link speed: 866Mbps, Max Supported Rx Link speed: 866Mbps, Frequency: 5240MHz, Net ID: 12, Metered hint: false, score: 60, isUsable: true, CarrierMerged: false, SubscriptionId: -1, IsPrimary: 1, Trusted: true, Restricted: false, Ephemeral: false, OEM paid: false, OEM private: false, OSU AP: false, FQDN: <none>, Provider friendly name: <none>, Requesting package name: <none>"ourhome"wpa2-pskMLO Information: , Is TID-To-Link negotiation supported by the AP: false, AP MLD Address: <none>, AP MLO Link Id: <none>, AP MLO Affiliated links: <none>
11-24 15:19:41.914  1795  2424 D WifiScoreCard: txRate: 21 txSpeed: 780
11-24 15:19:41.914  1795  2424 D WifiScoreCard: network update SIGNAL_POLL "ourhome" ID: 1499892569 RSSI -46 txSpeed 780
11-24 15:19:41.914  2513 20817 V WifiManager: TrafficStateCallbackProxy: onStateChanged state=3
11-24 15:19:41.915  1795  4167 I WifiService: updateWifiUsabilityScore uid=10180 seqNum=53431 score=100 predictionHorizonSec=1441795
11-24 15:19:41.916  1795  2424 D WifiClientModeImpl[13802:wlan0]:  ClientModeImpl$L2ConnectedState screen=on 29 0 "ourhome" f4:6d:2f:12:cc:88 rssi=-46 f=5240 sc=60 link=780 tx=17.4, 3.3, 0.0 rx=10.1 bcn=1756979 [on:944 tx:11 rx:6 period:3014] from screen [on:861713 period:30823907] score=60
11-24 15:19:41.917  1795  2424 D WifiScoreReport: Wifi scoring disabled - Notify that Wifi is usable
11-24 15:19:41.920  1795  3001 D CompatibilityChangeReporter: Compat change id reported: 214016041; UID 10010; state: ENABLED
11-24 15:19:41.922  3375  3375 I GoogleInputMethodService: GoogleInputMethodService.onFinishInput():3154 
11-24 15:19:41.922  1795  2432 D ConnectivityService: NetReassign [no changes] [c 0] [a 0] [i 5]
11-24 15:19:41.930  1011  1189 I ASH     : @ 182434.119: tcs3701: stop power rail pending_off timer
11-24 15:19:41.930  1011  1189 D ASH     : @ 182434.119: tcs3701: start power rail timer, state:3
11-24 15:19:41.930  3375  3375 I GoogleInputMethodService: GoogleInputMethodService.updateDeviceLockedStatus():2088 repeatCheckTimes = 0, locked = false
11-24 15:19:41.931  3375  3375 I GoogleInputMethodService: GoogleInputMethodService.onStartInput():1883 onStartInput(EditorInfo{EditorInfo{packageName=com.chrome.canary, inputType=0, inputTypeString=NULL, enableLearning=false, autoCorrection=false, autoComplete=false, imeOptions=12000000, privateImeOptions=null, actionName=UNSPECIFIED, actionLabel=null, initialSelStart=-1, initialSelEnd=-1, initialCapsMode=0, label=null, fieldId=-1, fieldName=null, extras=null, hintText=null, hintLocales=[]}}, false)
11-24 15:19:41.931  2261  2261 I LoadedApk: No resource references to update in package com.google.android.trichromelibrary.canary
11-24 15:19:41.931  2261  2261 D NetworkSecurityConfig: Using Network Security Config from resource 0_resource_name_obfuscated debugBuild: false
11-24 15:19:41.932  3375  3375 I GoogleInputMethodService: GoogleInputMethodService.updateDeviceLockedStatus():2088 repeatCheckTimes = 1, locked = false
11-24 15:19:41.932  2261  2261 D NetworkSecurityConfig: Using Network Security Config from resource 0_resource_name_obfuscated debugBuild: false
11-24 15:19:41.934  2261  2261 I cr_SplitCompatApp: Launched version=121.0.6137.0 minSdkVersion=29 isBundle=true processName=com.chrome.canary:sandboxed_process0:org.chromium.content.app.SandboxedProcessService0:1 isIsolated=true
11-24 15:19:41.938  1795  3784 D ActivityManager: freezer override set to false
11-24 15:19:41.941 10476 10510 I BatteryMgr:DataCollectionService: stats => 1700835581941,5798,4444,14953,4169000,100
11-24 15:19:41.945  2261  2261 W SystemServiceRegistry: No service published for: uimode
11-24 15:19:41.953  2261  2261 I cr_ChildProcessService: Creating new ChildProcessService pid=2261
11-24 15:19:41.964  2261  2301 I cr_LibraryLoader: Successfully loaded native library
11-24 15:19:41.965  2261  2301 I cr_CachingUmaRecorder: Flushed 3 samples from 3 histograms, 0 samples were dropped.
11-24 15:19:41.970  1011  1189 I ASH     : @ 182434.159: tcs3701: stop power rail pending_off timer
11-24 15:19:41.970  1011  1189 D ASH     : @ 182434.159: tcs3701: start power rail timer, state:3
11-24 15:19:42.010  1011  1189 I ASH     : @ 182434.199: tcs3701: stop power rail pending_off timer
11-24 15:19:42.010  1011  1189 D ASH     : @ 182434.199: tcs3701: start power rail timer, state:3
11-24 15:19:42.048 10476 10510 I BatteryMgr:DataCollectionService: stats => 1700835582048,5798,4444,14953,4169000,100
11-24 15:19:42.050  1011  1189 I ASH     : @ 182434.239: tcs3701: stop power rail pending_off timer
11-24 15:19:42.050  1011  1189 D ASH     : @ 182434.239: tcs3701: start power rail timer, state:3
11-24 15:19:42.051  2261  2301 I tflite  : Initialized TensorFlow Lite runtime.
11-24 15:19:42.051  2261  2301 W libc    : Access denied finding property "ro.mediatek.platform"
11-24 15:19:42.051  2261  2301 W libc    : Access denied finding property "ro.chipname"
11-24 15:19:42.051  2261  2301 W libc    : Access denied finding property "ro.hardware.chipname"
11-24 15:19:42.057  2113  2118 I pixel-thermal: skin-therm-monitor: 39.93
11-24 15:19:42.090  1011  1189 I ASH     : @ 182434.279: tcs3701: stop power rail pending_off timer
11-24 15:19:42.090  1011  1189 D ASH     : @ 182434.279: tcs3701: start power rail timer, state:3
11-24 15:19:42.130  1011  1189 I ASH     : @ 182434.319: tcs3701: stop power rail pending_off timer
11-24 15:19:42.130  1011  1189 D ASH     : @ 182434.319: tcs3701: start power rail timer, state:3
11-24 15:19:42.154 10476 10510 I BatteryMgr:DataCollectionService: stats => 1700835582154,5798,4444,14953,4169000,100
11-24 15:19:42.170  1011  1189 I ASH     : @ 182434.359: tcs3701: stop power rail pending_off timer
