11-24 15:14:37.426  1795  2735 D CompatibilityChangeReporter: Compat change id reported: 273564678; UID 10010; state: DISABLED
11-24 15:14:37.429  3657  3683 D ForegroundUtils: Foreground UID status:
11-24 15:14:37.429  3657  3683 D ForegroundUtils: UID: 10010 is in foreground: true
11-24 15:14:37.429  3657  3683 D ForegroundUtils: UID: 10128 is in foreground: true
11-24 15:14:37.429  3657  3683 D ForegroundUtils: UID: 10145 is in foreground: true
11-24 15:14:37.429  3657  3683 D ForegroundUtils: UID: 10158 is in foreground: true
11-24 15:14:37.429  3657  3683 D ForegroundUtils: UID: 10189 is in foreground: false
11-24 15:14:37.429  3657  3683 D ForegroundUtils: UID: 10194 is in foreground: true
11-24 15:14:37.429  3657  3683 D ForegroundUtils: UID: 10206 is in foreground: false
11-24 15:14:37.429  3657  3683 D ForegroundUtils: UID: 10233 is in foreground: true
11-24 15:14:37.429  3657  3683 D ForegroundUtils: UID: 10244 is in foreground: false
11-24 15:14:37.429  3657  3683 D ForegroundUtils: UID: 10319 is in foreground: true
11-24 15:14:37.429  3657  3683 D ForegroundUtils: UID: 90000 is in foreground: true
11-24 15:14:37.429  3657  3683 D ForegroundUtils: UID: 90001 is in foreground: true
11-24 15:14:37.430 27314 27314 I ActivityThread: Relaunch all activities: onCoreSettingsChange
11-24 15:14:37.430 27314 27314 D CompatibilityChangeReporter: Compat change id reported: 171979766; UID 90001; state: ENABLED
11-24 15:14:37.433  1795  2735 D CoreBackPreview: Window{2bf67f2 u0 com.chrome.canary/com.google.android.apps.chrome.Main}: Setting back callback OnBackInvokedCallbackInfo{mCallback=android.window.IOnBackInvokedCallback$Stub$Proxy@8a1ccb2, mPriority=0}
11-24 15:14:37.443 27314 27314 I LoadedApk: No resource references to update in package com.google.android.trichromelibrary.canary
11-24 15:14:37.443 27314 27314 D NetworkSecurityConfig: Using Network Security Config from resource 0_resource_name_obfuscated debugBuild: false
11-24 15:14:37.443 27080 27080 I cr_OfflineDetector: Running updateState mConnectivityDetectorInitialized: true, mTimeWhenLastForegrounded: 182126258, getElapsedTime: 182126258, mTimeWhenLastOfflineNotificationReceived: 0, mTimeWhenLastOnline: 182124350, mTimeWhenAirplaneModeToggledOff: 0 mApplicationState: 1, mIsOfflineLastReportedByConnectivityDetector: false, mInAirplaneMode: false mIsEffectivelyOffline: false
11-24 15:14:37.443 27080 27080 I cr_OfflineDetector: updateState(): timeSinceLastForeground: 0, timeSinceOfflineNotificationReceived: 182126258, timeSinceLastOnline: 1908, timeNeededForForeground: 2000, timeNeededForOffline: -182124258 timeSinceAirplaneModeToggledOff: 182126258 timeNeededAfterConnectionChangeFromOnlineToOffline: 8092 timeNeededAfterConnectionChangeFromAirplaneToOffline: 0
11-24 15:14:37.443 27080 27080 I cr_OfflineDetector: Running mUpdateOfflineStatusIndicatorDelayedRunnable start. mConnectivityDetectorInitialized: true, mTimeWhenLastForegrounded: 182126258, getElapsedTime: 182126258, mTimeWhenLastOfflineNotificationReceived: 0, mTimeWhenLastOnline: 182124350, mTimeWhenAirplaneModeToggledOff: 0 mApplicationState: 1, mIsOfflineLastReportedByConnectivityDetector: false, mInAirplaneMode: false mIsEffectivelyOffline: false
11-24 15:14:37.444 27314 27314 D NetworkSecurityConfig: Using Network Security Config from resource 0_resource_name_obfuscated debugBuild: false
11-24 15:14:37.446 27314 27314 I cr_SplitCompatApp: Launched version=121.0.6137.0 minSdkVersion=29 isBundle=true processName=com.chrome.canary:sandboxed_process0:org.chromium.content.app.SandboxedProcessService0:1 isIsolated=true
11-24 15:14:37.449 27080 27080 I cr_InactivityTracker: Last background time read from the SharedPreference is:1700835277364.
11-24 15:14:37.449 27314 27314 W SystemServiceRegistry: No service published for: uimode
11-24 15:14:37.450  1011  1189 I ASH     : @ 182129.639: tcs3701: stop power rail pending_off timer
11-24 15:14:37.450  1011  1189 D ASH     : @ 182129.639: tcs3701: start power rail timer, state:3
11-24 15:14:37.452 27080 27080 I cr_VideoPersist: Exited picture in picture with reason: 0
11-24 15:14:37.452 10476 10510 I BatteryMgr:DataCollectionService: stats => 1700835277452,8544,4444,14953,4169000,100
11-24 15:14:37.453 27080 27080 I cr_InactivityTracker: Last visible time read from the SharedPreference is:1700835275712.
11-24 15:14:37.455 27314 27314 I cr_ChildProcessService: Creating new ChildProcessService pid=27314
11-24 15:14:37.458 27080 27141 W chromium: [WARNING:ev_root_ca_metadata.cc(119)] Not implemented
11-24 15:14:37.465 27314 27329 I cr_LibraryLoader: Successfully loaded native library
11-24 15:14:37.467 27314 27329 I cr_CachingUmaRecorder: Flushed 3 samples from 3 histograms, 0 samples were dropped.
11-24 15:14:37.474 27080 27143 W chromium: [WARNING:ev_root_ca_metadata.cc(119)] Not implemented
11-24 15:14:37.474 27080 27145 W chromium: [WARNING:ev_root_ca_metadata.cc(119)] Not implemented
11-24 15:14:37.474 27080 27143 W chromium: [WARNING:ev_root_ca_metadata.cc(119)] Not implemented
11-24 15:14:37.485 27314 27332 E ocessService0:1: Failed to madvise file /data/app/~~dutrJzl_xJkEyCCvIkexCw==/com.chrome.canary-4jcd8srf2WXxld2NC1r69A==/oat/arm64/split_stack_unwinder.vdex for size:4096: Operation not permitted
11-24 15:14:37.485 27314 27332 E ocessService0:1: Failed to madvise file /data/app/~~dutrJzl_xJkEyCCvIkexCw==/com.chrome.canary-4jcd8srf2WXxld2NC1r69A==/split_stack_unwinder.apk for size:4096: Operation not permitted
11-24 15:14:37.487  1795  2735 D CompatibilityChangeReporter: Compat change id reported: 214016041; UID 10010; state: ENABLED
11-24 15:14:37.488 27314 27332 E linker  : readlink("/proc/self/fd/99") failed: Operation not permitted [fd=99]
11-24 15:14:37.488 27314 27332 E linker  : warning: unable to get realpath for the library "/data/app/~~dutrJzl_xJkEyCCvIkexCw==/com.chrome.canary-4jcd8srf2WXxld2NC1r69A==/split_stack_unwinder.apk!/lib/arm64-v8a/libmonochrome_64_stack_unwinder_partition.so". Will use given path.
11-24 15:14:37.489  3375  3375 I GoogleInputMethodService: GoogleInputMethodService.onFinishInput():3154 
11-24 15:14:37.490  1011  1189 I ASH     : @ 182129.679: tcs3701: stop power rail pending_off timer
11-24 15:14:37.490  1011  1189 D ASH     : @ 182129.679: tcs3701: start power rail timer, state:3
11-24 15:14:37.490  3375  3375 I GoogleInputMethodService: GoogleInputMethodService.updateDeviceLockedStatus():2088 repeatCheckTimes = 0, locked = false
11-24 15:14:37.490  3375  3375 I GoogleInputMethodService: GoogleInputMethodService.onStartInput():1883 onStartInput(EditorInfo{EditorInfo{packageName=com.chrome.canary, inputType=0, inputTypeString=NULL, enableLearning=false, autoCorrection=false, autoComplete=false, imeOptions=12000000, privateImeOptions=null, actionName=UNSPECIFIED, actionLabel=null, initialSelStart=-1, initialSelEnd=-1, initialCapsMode=0, label=null, fieldId=-1, fieldName=null, extras=null, hintText=null, hintLocales=[]}}, false)
11-24 15:14:37.491  3375  3375 I GoogleInputMethodService: GoogleInputMethodService.updateDeviceLockedStatus():2088 repeatCheckTimes = 1, locked = false
11-24 15:14:37.520 27080 27143 W chromium: [WARNING:ev_root_ca_metadata.cc(119)] Not implemented
11-24 15:14:37.520 27080 27143 W chromium: [WARNING:ev_root_ca_metadata.cc(119)] Not implemented
11-24 15:14:37.530  1011  1189 I ASH     : @ 182129.719: tcs3701: stop power rail pending_off timer
11-24 15:14:37.530  1011  1189 D ASH     : @ 182129.719: tcs3701: start power rail timer, state:3
11-24 15:14:37.530 27080 27143 W chromium: [WARNING:ev_root_ca_metadata.cc(119)] Not implemented
11-24 15:14:37.533 27080 27143 W chromium: [WARNING:ev_root_ca_metadata.cc(119)] Not implemented
11-24 15:14:37.557 10476 10510 I BatteryMgr:DataCollectionService: stats => 1700835277557,8544,4444,14953,4169000,100
11-24 15:14:37.570  1011  1189 I ASH     : @ 182129.759: tcs3701: stop power rail pending_off timer
11-24 15:14:37.570  1011  1189 D ASH     : @ 182129.759: tcs3701: start power rail timer, state:3
11-24 15:14:37.581 27314 27329 I tflite  : Initialized TensorFlow Lite runtime.
11-24 15:14:37.581 27314 27329 W libc    : Access denied finding property "ro.mediatek.platform"
11-24 15:14:37.581 27314 27329 W libc    : Access denied finding property "ro.chipname"
11-24 15:14:37.581 27314 27329 W libc    : Access denied finding property "ro.hardware.chipname"
11-24 15:14:37.609  1011  1189 I ASH     : @ 182129.799: tcs3701: stop power rail pending_off timer
11-24 15:14:37.610  1011  1189 D ASH     : @ 182129.799: tcs3701: start power rail timer, state:3
11-24 15:14:37.632 27080 27118 I cr_BindingManager: Visible binding enabled: maxSize=-1
11-24 15:14:37.649  1011  1189 I ASH     : @ 182129.839: tcs3701: stop power rail pending_off timer
11-24 15:14:37.650  1011  1189 D ASH     : @ 182129.839: tcs3701: start power rail timer, state:3
11-24 15:14:37.655  1795  4169 W PackageConfigPersister: App-specific configuration not found for packageName: com.chrome.canary and userId: 0
11-24 15:14:37.664 10476 10510 I BatteryMgr:DataCollectionService: stats => 1700835277664,8544,4444,14953,4169000,100
11-24 15:14:37.670 27080 27080 I cr_A11yState: Enabled accessibility services list updated.
11-24 15:14:37.671 27080 27080 I cr_A11yState: Informing listeners of changes.
11-24 15:14:37.671 27080 27080 I cr_A11yState: New AccessibilityState: State{isScreenReaderEnabled=false, isTouchExplorationEnabled=false, isPerformGesturesEnabled=false, isAnyAccessibilityServiceEnabled=false, isAccessibilityToolPresent=false, isSpokenFeedbackServicePresent=false, isTextShowPasswordEnabled=true, isOnlyPasswordManagersEnabled=false}
11-24 15:14:37.690  1011  1189 I ASH     : @ 182129.879: tcs3701: stop power rail pending_off timer
11-24 15:14:37.690  1011  1189 D ASH     : @ 182129.879: tcs3701: start power rail timer, state:3
11-24 15:14:37.730  1011  1189 I ASH     : @ 182129.919: tcs3701: stop power rail pending_off timer
11-24 15:14:37.730  1011  1189 D ASH     : @ 182129.919: tcs3701: start power rail timer, state:3
11-24 15:14:37.744 27080 27143 W chromium: [WARNING:ev_root_ca_metadata.cc(119)] Not implemented
11-24 15:14:37.744 27080 27143 W chromium: [WARNING:ev_root_ca_metadata.cc(119)] Not implemented
11-24 15:14:37.768 10476 10510 I BatteryMgr:DataCollectionService: stats => 1700835277768,8544,4444,14953,4169000,100
11-24 15:14:37.770  1011  1189 I ASH     : @ 182129.959: tcs3701: stop power rail pending_off timer
11-24 15:14:37.770  1011  1189 D ASH     : @ 182129.959: tcs3701: start power rail timer, state:3
11-24 15:14:37.810  1011  1189 I ASH     : @ 182129.999: tcs3701: stop power rail pending_off timer
11-24 15:14:37.810  1011  1189 D ASH     : @ 182129.999: tcs3701: start power rail timer, state:3
11-24 15:14:37.850  1011  1189 I ASH     : @ 182130.039: tcs3701: stop power rail pending_off timer
11-24 15:14:37.850  1011  1189 D ASH     : @ 182130.039: tcs3701: start power rail timer, state:3
11-24 15:14:37.872 10476 10510 I BatteryMgr:DataCollectionService: stats => 1700835277872,8544,4444,14953,4169000,100
11-24 15:14:37.890  1011  1189 I ASH     : @ 182130.079: tcs3701: stop power rail pending_off timer
11-24 15:14:37.890  1011  1189 D ASH     : @ 182130.079: tcs3701: start power rail timer, state:3
11-24 15:14:37.930  1011  1189 I ASH     : @ 182130.119: tcs3701: stop power rail pending_off timer
11-24 15:14:37.930  1011  1189 D ASH     : @ 182130.119: tcs3701: start power rail timer, state:3
11-24 15:14:37.970  1011  1189 I ASH     : @ 182130.159: tcs3701: stop power rail pending_off timer
11-24 15:14:37.970  1011  1189 D ASH     : @ 182130.159: tcs3701: start power rail timer, state:3
11-24 15:14:37.977 10476 10510 I BatteryMgr:DataCollectionService: stats => 1700835277977,8544,4444,14953,4169000,100
11-24 15:14:38.010  1011  1189 I ASH     : @ 182130.199: tcs3701: stop power rail pending_off timer
11-24 15:14:38.010  1011  1189 D ASH     : @ 182130.199: tcs3701: start power rail timer, state:3
11-24 15:14:38.050  1011  1189 I ASH     : @ 182130.239: tcs3701: stop power rail pending_off timer
11-24 15:14:38.050  1011  1189 D ASH     : @ 182130.239: tcs3701: start power rail timer, state:3
11-24 15:14:38.082 10476 10510 I BatteryMgr:DataCollectionService: stats => 1700835278082,8544,4444,14953,4169000,100
11-24 15:14:38.090  1011  1189 I ASH     : @ 182130.279: tcs3701: stop power rail pending_off timer
11-24 15:14:38.090  1011  1189 D ASH     : @ 182130.279: tcs3701: start power rail timer, state:3
11-24 15:14:38.101 27080 27089 W m.chrome.canary: Cleared Reference was only reachable from finalizer (only reported once)
11-24 15:14:38.117  1795  4169 D ActivityManager: freezer override set to true
11-24 15:14:38.122  1795  4169 D ActivityManager: freezer override set to false
11-24 15:14:38.130  1011  1189 I ASH     : @ 182130.319: tcs3701: stop power rail pending_off timer
11-24 15:14:38.130  1011  1189 D ASH     : @ 182130.319: tcs3701: start power rail timer, state:3
11-24 15:14:38.139  1795  1853 D ActivityManager: freezer override set to true
11-24 15:14:38.170  1011  1189 I ASH     : @ 182130.359: tcs3701: stop power rail pending_off timer
11-24 15:14:38.170  1011  1189 D ASH     : @ 182130.359: tcs3701: start power rail timer, state:3
11-24 15:14:38.186 10476 10510 I BatteryMgr:DataCollectionService: stats => 1700835278186,8544,4444,14953,4169000,100
11-24 15:14:38.203 13730 13730 E AbstractGmsTracer: Traced class shouldn't be obfuscated: GmsBoundBrokerChimeraService [CONTEXT service_id=259 ]
11-24 15:14:38.204 13730 13730 D BoundBrokerSvc: onBind: Intent { act=com.google.android.gms.common.BIND_SHARED_PREFS pkg=com.google.android.gms }
11-24 15:14:38.204 13730 13730 D BoundBrokerSvc: Loading bound service for intent: Intent { act=com.google.android.gms.common.BIND_SHARED_PREFS pkg=com.google.android.gms }
11-24 15:14:38.205 13730 13730 E AbstractGmsTracer: Traced class shouldn't be obfuscated: SharedPreferencesBoundService [CONTEXT service_id=259 ]
11-24 15:14:38.209 13730 13730 D BoundBrokerSvc: onUnbind: Intent { act=com.google.android.gms.common.BIND_SHARED_PREFS pkg=com.google.android.gms }
11-24 15:14:38.210  1011  1189 I ASH     : @ 182130.399: tcs3701: stop power rail pending_off timer
11-24 15:14:38.210  1011  1189 D ASH     : @ 182130.399: tcs3701: start power rail timer, state:3
11-24 15:14:38.250  1011  1189 I ASH     : @ 182130.439: tcs3701: stop power rail pending_off timer
11-24 15:14:38.250  1011  1189 D ASH     : @ 182130.439: tcs3701: start power rail timer, state:3
11-24 15:14:38.290  1011  1189 I ASH     : @ 182130.479: tcs3701: stop power rail pending_off timer
11-24 15:14:38.290  1011  1189 D ASH     : @ 182130.479: tcs3701: start power rail timer, state:3
11-24 15:14:38.291 10476 10510 I BatteryMgr:DataCollectionService: stats => 1700835278291,8544,4444,14953,4169000,100
11-24 15:14:38.309 27080 27094 I m.chrome.canary: Explicit concurrent copying GC freed 382862(8055KB) AllocSpace objects, 2(40KB) LOS objects, 75% free, 11MB/45MB, paused 122us,47us total 51.192ms
11-24 15:14:38.330  1011  1189 I ASH     : @ 182130.519: tcs3701: stop power rail pending_off timer
11-24 15:14:38.330  1011  1189 D ASH     : @ 182130.519: tcs3701: start power rail timer, state:3
11-24 15:14:38.370  1011  1189 I ASH     : @ 182130.559: tcs3701: stop power rail pending_off timer
11-24 15:14:38.370  1011  1189 D ASH     : @ 182130.559: tcs3701: start power rail timer, state:3
11-24 15:14:38.372  1795  1853 D ActivityManager: freezer override set to false
11-24 15:14:38.386 10642 10656 I native  : I0000 00:00:1700835278.386562   10656 device_profile_database_helpers.cc:563] Found nothing for mTS_ld
11-24 15:14:38.386 10642 10656 I native  : I0000 00:00:1700835278.386824   10656 device_profile_database_helpers.cc:563] Found nothing for redfin/redfin
11-24 15:14:38.386 10642 10656 I native  : I0000 00:00:1700835278.386900   10656 device_profile_database_helpers.cc:550] Considering b4SrL5:11
11-24 15:14:38.386 10642 10656 I native  : I0000 00:00:1700835278.386939   10656 device_profile_database_helpers.cc:509] Device profile for google/redfin/redfin:13/TQ3A.230901.001/10750268:user/release-keys: b4SrL5:11
11-24 15:14:38.398 10476 10510 I BatteryMgr:DataCollectionService: stats => 1700835278398,8544,4444,14953,4169000,100
11-24 15:14:38.402  1011  1189 I VSC     : @ 182130.591: {Fusion} configure fusion 15 16666us 0us.
11-24 15:14:38.403  1011  1189 D VSC     : @ 182130.591: [Game Rotation Vector Sensor] Request accel, interval 16.6 ms, latency 0.0 ms
11-24 15:14:38.403  1011  1189 D VSC     : @ 182130.592: [Game Rotation Vector Sensor] Request gyro, interval 5.0 ms, latency 0.0 ms
11-24 15:14:38.409  1011  1189 I ASH     : @ 182130.599: tcs3701: stop power rail pending_off timer
11-24 15:14:38.410  1011  1189 D ASH     : @ 182130.599: tcs3701: start power rail timer, state:3
11-24 15:14:38.410  1795  4169 D ActivityManager: freezer override set to true
11-24 15:14:38.415  1795  4169 D ActivityManager: freezer override set to false
11-24 15:14:38.423  1011  1189 D ASH     : @ 182130.613: SensorType 1 resampler quality 2
11-24 15:14:38.450  1011  1189 I ASH     : @ 182130.639: tcs3701: stop power rail pending_off timer
11-24 15:14:38.450  1011  1189 D ASH     : @ 182130.639: tcs3701: start power rail timer, state:3
11-24 15:14:38.450  1011  1189 D ASH     : @ 182130.639: SensorType 195 resampler quality 1
11-24 15:14:38.490  1011  1189 I ASH     : @ 182130.679: tcs3701: stop power rail pending_off timer
11-24 15:14:38.490  1011  1189 D ASH     : @ 182130.679: tcs3701: start power rail timer, state:3
11-24 15:14:38.502 10476 10510 I BatteryMgr:DataCollectionService: stats => 1700835278502,8544,4444,14953,4169000,100
11-24 15:14:38.530  1011  1189 I ASH     : @ 182130.719: tcs3701: stop power rail pending_off timer
11-24 15:14:38.530  1011  1189 D ASH     : @ 182130.719: tcs3701: start power rail timer, state:3
11-24 15:14:38.570  1011  1189 I ASH     : @ 182130.759: tcs3701: stop power rail pending_off timer
11-24 15:14:38.570  1011  1189 D ASH     : @ 182130.759: tcs3701: start power rail timer, state:3
11-24 15:14:38.608 10476 10510 I BatteryMgr:DataCollectionService: stats => 1700835278608,8544,4444,14953,4169000,100
11-24 15:14:38.610  1011  1189 I ASH     : @ 182130.799: tcs3701: stop power rail pending_off timer
11-24 15:14:38.610  1011  1189 D ASH     : @ 182130.799: tcs3701: start power rail timer, state:3
11-24 15:14:38.649  1011  1189 I ASH     : @ 182130.839: tcs3701: stop power rail pending_off timer
11-24 15:14:38.650  1011  1189 D ASH     : @ 182130.839: tcs3701: start power rail timer, state:3
11-24 15:14:38.690  1011  1189 I ASH     : @ 182130.879: tcs3701: stop power rail pending_off timer
11-24 15:14:38.690  1011  1189 D ASH     : @ 182130.879: tcs3701: start power rail timer, state:3
11-24 15:14:38.711 10476 10510 I BatteryMgr:DataCollectionService: stats => 1700835278711,8544,4444,14953,4169000,100
11-24 15:14:38.730  1011  1189 I ASH     : @ 182130.919: tcs3701: stop power rail pending_off timer
11-24 15:14:38.730  1011  1189 D ASH     : @ 182130.919: tcs3701: start power rail timer, state:3
11-24 15:14:38.770  1011  1189 I ASH     : @ 182130.959: tcs3701: stop power rail pending_off timer
11-24 15:14:38.770  1011  1189 D ASH     : @ 182130.959: tcs3701: start power rail timer, state:3
11-24 15:14:38.810  1011  1189 I ASH     : @ 182130.999: tcs3701: stop power rail pending_off timer
11-24 15:14:38.810  1011  1189 D ASH     : @ 182130.999: tcs3701: start power rail timer, state:3
11-24 15:14:38.815 10476 10510 I BatteryMgr:DataCollectionService: stats => 1700835278815,8544,4444,14953,4169000,100
11-24 15:14:38.850  1011  1189 I ASH     : @ 182131.039: tcs3701: stop power rail pending_off timer
11-24 15:14:38.850  1011  1189 D ASH     : @ 182131.039: tcs3701: start power rail timer, state:3
11-24 15:14:38.889  1011  1189 I ASH     : @ 182131.079: tcs3701: stop power rail pending_off timer
11-24 15:14:38.889  1011  1189 D ASH     : @ 182131.079: tcs3701: start power rail timer, state:3
11-24 15:14:38.919 10476 10510 I BatteryMgr:DataCollectionService: stats => 1700835278919,8544,4444,14953,4169000,100
11-24 15:14:38.930  1011  1189 I ASH     : @ 182131.119: tcs3701: stop power rail pending_off timer
11-24 15:14:38.930  1011  1189 D ASH     : @ 182131.119: tcs3701: start power rail timer, state:3
11-24 15:14:38.970  1011  1189 I ASH     : @ 182131.159: tcs3701: stop power rail pending_off timer
11-24 15:14:38.970  1011  1189 D ASH     : @ 182131.159: tcs3701: start power rail timer, state:3
11-24 15:14:38.988 27165 27191 I AdrenoVK-0: QUALCOMM build          : 4783c89, I46ff5fc46f
11-24 15:14:38.988 27165 27191 I AdrenoVK-0: Build Date              : 11/30/20
11-24 15:14:38.988 27165 27191 I AdrenoVK-0: Shader Compiler Version : EV031.31.04.01
11-24 15:14:38.988 27165 27191 I AdrenoVK-0: Local Branch            : QPR2
11-24 15:14:38.988 27165 27191 I AdrenoVK-0: Remote Branch           : 
11-24 15:14:38.988 27165 27191 I AdrenoVK-0: Remote Branch           : 
11-24 15:14:38.988 27165 27191 I AdrenoVK-0: Reconstruct Branch      : 
11-24 15:14:38.988 27165 27191 I AdrenoVK-0: Build Config            : S P 10.0.4 AArch64
11-24 15:14:38.988 27165 27191 I AdrenoVK-0: Driver Path             : /vendor/lib64/hw/vulkan.adreno.so
11-24 15:14:39.010  1011  1189 I ASH     : @ 182131.199: tcs3701: stop power rail pending_off timer
11-24 15:14:39.010  1011  1189 D ASH     : @ 182131.199: tcs3701: start power rail timer, state:3
11-24 15:14:39.026 10476 10510 I BatteryMgr:DataCollectionService: stats => 1700835279026,8544,4444,14953,4169000,100
11-24 15:14:39.050  1011  1189 I ASH     : @ 182131.239: tcs3701: stop power rail pending_off timer
11-24 15:14:39.050  1011  1189 D ASH     : @ 182131.239: tcs3701: start power rail timer, state:3
11-24 15:14:39.055  2113  2118 I pixel-thermal: skin-therm-monitor: 39.95
11-24 15:14:39.090  1011  1189 I ASH     : @ 182131.279: tcs3701: stop power rail pending_off timer
11-24 15:14:39.090  1011  1189 D ASH     : @ 182131.279: tcs3701: start power rail timer, state:3
11-24 15:14:39.130  1011  1189 I ASH     : @ 182131.319: tcs3701: stop power rail pending_off timer
11-24 15:14:39.130  1011  1189 D ASH     : @ 182131.319: tcs3701: start power rail timer, state:3
11-24 15:14:39.130  1795  4162 D ActivityManager: freezer override set to true
11-24 15:14:39.136 10476 10510 I BatteryMgr:DataCollectionService: stats => 1700835279136,8544,4444,14953,4169000,100
11-24 15:14:39.156  1795  4162 D ActivityManager: freezer override set to false
11-24 15:14:39.170  1011  1189 I ASH     : @ 182131.359: tcs3701: stop power rail pending_off timer
11-24 15:14:39.170  1011  1189 D ASH     : @ 182131.359: tcs3701: start power rail timer, state:3
11-24 15:14:39.210  1011  1189 I ASH     : @ 182131.399: tcs3701: stop power rail pending_off timer
11-24 15:14:39.210  1011  1189 D ASH     : @ 182131.399: tcs3701: start power rail timer, state:3
11-24 15:14:39.245 10476 10510 I BatteryMgr:DataCollectionService: stats => 1700835279245,8544,4444,14953,4169000,100
11-24 15:14:39.250  1011  1189 I ASH     : @ 182131.439: tcs3701: stop power rail pending_off timer
11-24 15:14:39.250  1011  1189 D ASH     : @ 182131.439: tcs3701: start power rail timer, state:3
11-24 15:14:39.291  1011  1189 I ASH     : @ 182131.479: tcs3701: stop power rail pending_off timer
11-24 15:14:39.291  1011  1189 D ASH     : @ 182131.479: tcs3701: start power rail timer, state:3
11-24 15:14:39.330  1011  1189 I ASH     : @ 182131.519: tcs3701: stop power rail pending_off timer
11-24 15:14:39.330  1011  1189 D ASH     : @ 182131.519: tcs3701: start power rail timer, state:3
11-24 15:14:39.351 10476 10510 I BatteryMgr:DataCollectionService: stats => 1700835279351,8544,4444,14953,4169000,100
11-24 15:14:39.371  1011  1189 I ASH     : @ 182131.559: tcs3701: stop power rail pending_off timer
11-24 15:14:39.371  1011  1189 D ASH     : @ 182131.559: tcs3701: start power rail timer, state:3
11-24 15:14:39.409  1011  1189 I ASH     : @ 182131.599: tcs3701: stop power rail pending_off timer
11-24 15:14:39.410  1011  1189 D ASH     : @ 182131.599: tcs3701: start power rail timer, state:3
11-24 15:14:39.450  1011  1189 I ASH     : @ 182131.639: tcs3701: stop power rail pending_off timer
11-24 15:14:39.450  1011  1189 D ASH     : @ 182131.639: tcs3701: start power rail timer, state:3
11-24 15:14:39.456 10476 10510 I BatteryMgr:DataCollectionService: stats => 1700835279456,8544,4444,14953,4169000,100
11-24 15:14:39.489  1011  1189 I ASH     : @ 182131.679: tcs3701: stop power rail pending_off timer
11-24 15:14:39.490  1011  1189 D ASH     : @ 182131.679: tcs3701: start power rail timer, state:3
11-24 15:14:39.530  1011  1189 I ASH     : @ 182131.719: tcs3701: stop power rail pending_off timer
11-24 15:14:39.530  1011  1189 D ASH     : @ 182131.719: tcs3701: start power rail timer, state:3
11-24 15:14:39.562 10476 10510 I BatteryMgr:DataCollectionService: stats => 1700835279562,8544,4444,14953,4169000,100
11-24 15:14:39.569  1011  1189 I ASH     : @ 182131.759: tcs3701: stop power rail pending_off timer
11-24 15:14:39.570  1011  1189 D ASH     : @ 182131.759: tcs3701: start power rail timer, state:3
11-24 15:14:39.594  1795  1853 D ActivityManager: freezer override set to true
11-24 15:14:39.610  1011  1189 I ASH     : @ 182131.799: tcs3701: stop power rail pending_off timer
11-24 15:14:39.610  1011  1189 D ASH     : @ 182131.799: tcs3701: start power rail timer, state:3
11-24 15:14:39.650  1011  1189 I ASH     : @ 182131.839: tcs3701: stop power rail pending_off timer
11-24 15:14:39.650  1011  1189 D ASH     : @ 182131.839: tcs3701: start power rail timer, state:3
11-24 15:14:39.666 10476 10510 I BatteryMgr:DataCollectionService: stats => 1700835279666,8544,4444,14953,4169000,100
11-24 15:14:39.690  1011  1189 I ASH     : @ 182131.879: tcs3701: stop power rail pending_off timer
11-24 15:14:39.690  1011  1189 D ASH     : @ 182131.879: tcs3701: start power rail timer, state:3
11-24 15:14:39.730  1011  1189 I ASH     : @ 182131.919: tcs3701: stop power rail pending_off timer
11-24 15:14:39.730  1011  1189 D ASH     : @ 182131.919: tcs3701: start power rail timer, state:3
11-24 15:14:39.771  1011  1189 I ASH     : @ 182131.959: tcs3701: stop power rail pending_off timer
11-24 15:14:39.771  1011  1189 D ASH     : @ 182131.959: tcs3701: start power rail timer, state:3
11-24 15:14:39.778 10476 10510 I BatteryMgr:DataCollectionService: stats => 1700835279778,8544,4444,14953,4169000,100
11-24 15:14:39.810  1011  1189 I ASH     : @ 182131.999: tcs3701: stop power rail pending_off timer
11-24 15:14:39.810  1011  1189 D ASH     : @ 182131.999: tcs3701: start power rail timer, state:3
11-24 15:14:39.826 27080 27094 I m.chrome.canary: Explicit concurrent copying GC freed 555901(10MB) AllocSpace objects, 1(20KB) LOS objects, 74% free, 14MB/56MB, paused 50us,47us total 92.476ms
11-24 15:14:39.850  1011  1189 I ASH     : @ 182132.039: tcs3701: stop power rail pending_off timer
11-24 15:14:39.850  1011  1189 D ASH     : @ 182132.039: tcs3701: start power rail timer, state:3
11-24 15:14:39.886 10476 10510 I BatteryMgr:DataCollectionService: stats => 1700835279885,8544,4444,14953,4169000,100
11-24 15:14:39.889  1011  1189 I ASH     : @ 182132.079: tcs3701: stop power rail pending_off timer
11-24 15:14:39.890  1011  1189 D ASH     : @ 182132.079: tcs3701: start power rail timer, state:3
11-24 15:14:39.902  1795  1853 D ActivityManager: freezer override set to false
11-24 15:14:39.930  1011  1189 I ASH     : @ 182132.119: tcs3701: stop power rail pending_off timer
11-24 15:14:39.930  1011  1189 D ASH     : @ 182132.119: tcs3701: start power rail timer, state:3
11-24 15:14:39.970  1011  1189 I ASH     : @ 182132.159: tcs3701: stop power rail pending_off timer
11-24 15:14:39.970  1011  1189 D ASH     : @ 182132.159: tcs3701: start power rail timer, state:3
11-24 15:14:39.974  1795  1853 D ActivityManager: freezer override set to true
11-24 15:14:39.980  1795  1853 D ActivityManager: freezer override set to false
11-24 15:14:39.991 10476 10510 I BatteryMgr:DataCollectionService: stats => 1700835279991,8544,4444,14953,4169000,100
11-24 15:14:40.010  1011  1189 I ASH     : @ 182132.199: tcs3701: stop power rail pending_off timer
11-24 15:14:40.010  1011  1189 D ASH     : @ 182132.199: tcs3701: start power rail timer, state:3
11-24 15:14:40.049  1011  1189 I ASH     : @ 182132.239: tcs3701: stop power rail pending_off timer
11-24 15:14:40.050  1011  1189 D ASH     : @ 182132.239: tcs3701: start power rail timer, state:3
11-24 15:14:40.090  1011  1189 I ASH     : @ 182132.279: tcs3701: stop power rail pending_off timer
11-24 15:14:40.090  1011  1189 D ASH     : @ 182132.279: tcs3701: start power rail timer, state:3
11-24 15:14:40.096 10476 10510 I BatteryMgr:DataCollectionService: stats => 1700835280096,8544,4444,14953,4169000,100
11-24 15:14:40.117  1795  1853 D ActivityManager: freezer override set to true
11-24 15:14:40.129  1011  1189 I ASH     : @ 182132.319: tcs3701: stop power rail pending_off timer
11-24 15:14:40.130  1011  1189 D ASH     : @ 182132.319: tcs3701: start power rail timer, state:3
11-24 15:14:40.130  1795  1853 D ActivityManager: freezer override set to false
11-24 15:14:40.170  1011  1189 I ASH     : @ 182132.359: tcs3701: stop power rail pending_off timer
11-24 15:14:40.170  1011  1189 D ASH     : @ 182132.359: tcs3701: start power rail timer, state:3
11-24 15:14:40.202 10476 10510 I BatteryMgr:DataCollectionService: stats => 1700835280202,8544,4444,14953,4169000,100
11-24 15:14:40.209  1011  1189 I ASH     : @ 182132.399: tcs3701: stop power rail pending_off timer
11-24 15:14:40.210  1011  1189 D ASH     : @ 182132.399: tcs3701: start power rail timer, state:3
11-24 15:14:40.250  1011  1189 I ASH     : @ 182132.439: tcs3701: stop power rail pending_off timer
11-24 15:14:40.250  1011  1189 D ASH     : @ 182132.439: tcs3701: start power rail timer, state:3
11-24 15:14:40.290  1011  1189 I ASH     : @ 182132.479: tcs3701: stop power rail pending_off timer
11-24 15:14:40.290  1011  1189 D ASH     : @ 182132.479: tcs3701: start power rail timer, state:3
11-24 15:14:40.309 10476 10510 I BatteryMgr:DataCollectionService: stats => 1700835280308,8544,4444,14953,4169000,100
11-24 15:14:40.330  1011  1189 I ASH     : @ 182132.519: tcs3701: stop power rail pending_off timer
11-24 15:14:40.330  1011  1189 D ASH     : @ 182132.519: tcs3701: start power rail timer, state:3
11-24 15:14:40.354  1795  2424 D WifiClientModeImpl[13802:wlan0]: updateLinkLayerStatsRssiSpeedFrequencyCapabilities rssi=-47 TxLinkspeed=400 freq=5240 RxLinkSpeed=866
11-24 15:14:40.355  1795  2424 D WifiDataStall: tx tput in kbps: 134497
11-24 15:14:40.355  1795  2424 D WifiDataStall: rx tput in kbps: 767898
11-24 15:14:40.355  1795  2424 V WifiConfigManager: Updating scan detail cache freq=5240 BSSID=f4:6d:2f:12:cc:88 RSSI=-46 for "ourhome"WPA_PSK
11-24 15:14:40.355  1795  2424 D WifiChannelUtilization:  freq: 5240 onTime: 5455945 busyTime: 560216 onTimeDiff: 2081153 busyTimeDiff: 244517 utilization: 29 utilization t0: 26
11-24 15:14:40.355  1795  2424 D WifiDataStall:  ccaLevel = 29
11-24 15:14:40.355  2673  2692 V WifiManager: OnWifiUsabilityStatsListener: onWifiUsabilityStats: seqNum=53331
11-24 15:14:40.355  1795  2424 D WifiDataStall: L2 txTputKbps: 315671, rxTputKbps: 767898, L3 txTputKbps: 63, rxTputKbps: 186, TxTrafficHigh: true, RxTrafficHigh: true, Throughput Sufficient: true
11-24 15:14:40.355  1795  2424 D WifiScoreReport: Wifi scoring disabled - Don't check IP layer
11-24 15:14:40.355  2782  5906 D QCNEJ/WlanStaInfoRelay: Received action: android.net.wifi.RSSI_CHANGED
11-24 15:14:40.355  1795  2424 D WifiScoreCard: BSSID update SIGNAL_POLL ID: 1320464697 SSID: "ourhome", BSSID: f4:6d:2f:12:cc:88, MAC: b2:2f:ec:da:4a:0c, IP: /192.168.1.104, Security type: 2, Supplicant state: COMPLETED, Wi-Fi standard: 5, RSSI: -47, Link speed: 400Mbps, Tx Link speed: 400Mbps, Max Supported Tx Link speed: 866Mbps, Rx Link speed: 866Mbps, Max Supported Rx Link speed: 866Mbps, Frequency: 5240MHz, Net ID: 12, Metered hint: false, score: 60, isUsable: true, CarrierMerged: false, SubscriptionId: -1, IsPrimary: 1, Trusted: true, Restricted: false, Ephemeral: false, OEM paid: false, OEM private: false, OSU AP: false, FQDN: <none>, Provider friendly name: <none>, Requesting package name: <none>"ourhome"wpa2-pskMLO Information: , Is TID-To-Link negotiation supported by the AP: false, AP MLD Address: <none>, AP MLO Link Id: <none>, AP MLO Affiliated links: <none>
11-24 15:14:40.355  1795  2424 D WifiScoreCard: txRate: 26 txSpeed: 400
11-24 15:14:40.355  1795  2424 D WifiScoreCard: network update SIGNAL_POLL "ourhome" ID: 1499892569 RSSI -47 txSpeed 400
11-24 15:14:40.356  1795  4169 I WifiService: updateWifiUsabilityScore uid=10180 seqNum=53331 score=100 predictionHorizonSec=1441795
11-24 15:14:40.356  1795  2424 D WifiClientModeImpl[13802:wlan0]:  ClientModeImpl$L2ConnectedState screen=on 29 0 "ourhome" f4:6d:2f:12:cc:88 rssi=-47 f=5240 sc=60 link=400 tx=21.9, 3.7, 0.0 rx=14.4 bcn=1754045 [on:1220 tx:14 rx:7 period:3012] from screen [on:846365 period:30522347] score=60
11-24 15:14:40.357  1795  2424 D WifiScoreReport: Wifi scoring disabled - Notify that Wifi is usable
11-24 15:14:40.359  1795  2432 D ConnectivityService: NetReassign [no changes] [c 0] [a 0] [i 1]
11-24 15:14:40.370  1011  1189 I ASH     : @ 182132.559: tcs3701: stop power rail pending_off timer
11-24 15:14:40.370  1011  1189 D ASH     : @ 182132.559: tcs3701: start power rail timer, state:3
11-24 15:14:40.410  1011  1189 I ASH     : @ 182132.599: tcs3701: stop power rail pending_off timer
11-24 15:14:40.410  1011  1189 D ASH     : @ 182132.599: tcs3701: start power rail timer, state:3
11-24 15:14:40.426 10476 10510 I BatteryMgr:DataCollectionService: stats => 1700835280426,8544,4444,14953,4169000,100
11-24 15:14:40.450  1011  1189 I ASH     : @ 182132.639: tcs3701: stop power rail pending_off timer
11-24 15:14:40.450  1011  1189 D ASH     : @ 182132.639: tcs3701: start power rail timer, state:3
11-24 15:14:40.489  1011  1189 I ASH     : @ 182132.679: tcs3701: stop power rail pending_off timer
11-24 15:14:40.490  1011  1189 D ASH     : @ 182132.679: tcs3701: start power rail timer, state:3
11-24 15:14:40.530  1011  1189 I ASH     : @ 182132.719: tcs3701: stop power rail pending_off timer
11-24 15:14:40.530  1011  1189 D ASH     : @ 182132.719: tcs3701: start power rail timer, state:3
11-24 15:14:40.550 10476 10510 I BatteryMgr:DataCollectionService: stats => 1700835280550,8544,4444,14953,4169000,100
11-24 15:14:40.569  1011  1189 I ASH     : @ 182132.759: tcs3701: stop power rail pending_off timer
11-24 15:14:40.570  1011  1189 D ASH     : @ 182132.759: tcs3701: start power rail timer, state:3
11-24 15:14:40.610  1011  1189 I ASH     : @ 182132.799: tcs3701: stop power rail pending_off timer
11-24 15:14:40.610  1011  1189 D ASH     : @ 182132.799: tcs3701: start power rail timer, state:3
11-24 15:14:40.650  1011  1189 I ASH     : @ 182132.839: tcs3701: stop power rail pending_off timer
11-24 15:14:40.650  1011  1189 D ASH     : @ 182132.839: tcs3701: start power rail timer, state:3
11-24 15:14:40.658 10476 10510 I BatteryMgr:DataCollectionService: stats => 1700835280658,8544,4444,14953,4169000,100
11-24 15:14:40.663 27080 27080 D CompatibilityChangeReporter: Compat change id reported: 194532703; UID 10010; state: ENABLED
11-24 15:14:40.665  1795  4169 D CompatibilityChangeReporter: Compat change id reported: 194532703; UID 10010; state: ENABLED
11-24 15:14:40.681 27080 27080 I cr_omaha: Scheduled using JobService
11-24 15:14:40.682 27080 27080 E cr_BkgrdTaskJS: Tried finishing non-current BackgroundTask.
11-24 15:14:40.689  1011  1189 I ASH     : @ 182132.879: tcs3701: stop power rail pending_off timer
11-24 15:14:40.690  1011  1189 D ASH     : @ 182132.879: tcs3701: start power rail timer, state:3
11-24 15:14:40.730  1011  1189 I ASH     : @ 182132.919: tcs3701: stop power rail pending_off timer
11-24 15:14:40.730  1011  1189 D ASH     : @ 182132.919: tcs3701: start power rail timer, state:3
11-24 15:14:40.765 10476 10510 I BatteryMgr:DataCollectionService: stats => 1700835280765,8544,4444,14953,4169000,100
11-24 15:14:40.769  1011  1189 I ASH     : @ 182132.959: tcs3701: stop power rail pending_off timer
11-24 15:14:40.770  1011  1189 D ASH     : @ 182132.959: tcs3701: start power rail timer, state:3
11-24 15:14:40.810  1011  1189 I ASH     : @ 182132.999: tcs3701: stop power rail pending_off timer
11-24 15:14:40.810  1011  1189 D ASH     : @ 182132.999: tcs3701: start power rail timer, state:3
11-24 15:14:40.850  1011  1189 I ASH     : @ 182133.039: tcs3701: stop power rail pending_off timer
11-24 15:14:40.850  1011  1189 D ASH     : @ 182133.039: tcs3701: start power rail timer, state:3
11-24 15:14:40.870 10476 10510 I BatteryMgr:DataCollectionService: stats => 1700835280870,8544,4444,14953,4169000,100
11-24 15:14:40.890  1011  1189 I ASH     : @ 182133.079: tcs3701: stop power rail pending_off timer
11-24 15:14:40.890  1011  1189 D ASH     : @ 182133.079: tcs3701: start power rail timer, state:3
11-24 15:14:40.930  1011  1189 I ASH     : @ 182133.119: tcs3701: stop power rail pending_off timer
11-24 15:14:40.930  1011  1189 D ASH     : @ 182133.119: tcs3701: start power rail timer, state:3
11-24 15:14:40.970  1011  1189 I ASH     : @ 182133.159: tcs3701: stop power rail pending_off timer
11-24 15:14:40.970  1011  1189 D ASH     : @ 182133.159: tcs3701: start power rail timer, state:3
11-24 15:14:40.978 10476 10510 I BatteryMgr:DataCollectionService: stats => 1700835280978,8544,4444,14953,4169000,100
11-24 15:14:41.010  1011  1189 I ASH     : @ 182133.199: tcs3701: stop power rail pending_off timer
11-24 15:14:41.010  1011  1189 D ASH     : @ 182133.199: tcs3701: start power rail timer, state:3
11-24 15:14:41.049  1011  1189 I ASH     : @ 182133.239: tcs3701: stop power rail pending_off timer
11-24 15:14:41.050  1011  1189 D ASH     : @ 182133.239: tcs3701: start power rail timer, state:3
11-24 15:14:41.058  2113  2118 I pixel-thermal: skin-therm-monitor: 39.93
11-24 15:14:41.085 10476 10510 I BatteryMgr:DataCollectionService: stats => 1700835281085,8544,4444,14953,4169000,100
11-24 15:14:41.090  1011  1189 I ASH     : @ 182133.279: tcs3701: stop power rail pending_off timer
11-24 15:14:41.090  1011  1189 D ASH     : @ 182133.279: tcs3701: start power rail timer, state:3
11-24 15:14:41.130  1011  1189 I ASH     : @ 182133.319: tcs3701: stop power rail pending_off timer
11-24 15:14:41.130  1011  1189 D ASH     : @ 182133.319: tcs3701: start power rail timer, state:3
11-24 15:14:41.147  1795  1853 D ActivityManager: freezer override set to true
11-24 15:14:41.157  1795  1853 D ActivityManager: freezer override set to false
11-24 15:14:41.170  1011  1189 I ASH     : @ 182133.359: tcs3701: stop power rail pending_off timer
11-24 15:14:41.170  1011  1189 D ASH     : @ 182133.359: tcs3701: start power rail timer, state:3
11-24 15:14:41.199 10476 10510 I BatteryMgr:DataCollectionService: stats => 1700835281199,8544,4444,14953,4169000,100
11-24 15:14:41.209  1011  1189 I ASH     : @ 182133.399: tcs3701: stop power rail pending_off timer
11-24 15:14:41.210  1011  1189 D ASH     : @ 182133.399: tcs3701: start power rail timer, state:3
11-24 15:14:41.213  1795  1853 D ActivityManager: freezer override set to true
11-24 15:14:41.250  1011  1189 I ASH     : @ 182133.439: tcs3701: stop power rail pending_off timer
11-24 15:14:41.250  1011  1189 D ASH     : @ 182133.439: tcs3701: start power rail timer, state:3
11-24 15:14:41.290  1011  1189 I ASH     : @ 182133.479: tcs3701: stop power rail pending_off timer
11-24 15:14:41.290  1011  1189 D ASH     : @ 182133.479: tcs3701: start power rail timer, state:3
11-24 15:14:41.315 10476 10510 I BatteryMgr:DataCollectionService: stats => 1700835281315,8544,4444,14953,4169000,100
11-24 15:14:41.330  1011  1189 I ASH     : @ 182133.519: tcs3701: stop power rail pending_off timer
11-24 15:14:41.331  1011  1189 D ASH     : @ 182133.519: tcs3701: start power rail timer, state:3
11-24 15:14:41.369  1011  1189 I ASH     : @ 182133.559: tcs3701: stop power rail pending_off timer
11-24 15:14:41.370  1011  1189 D ASH     : @ 182133.559: tcs3701: start power rail timer, state:3
11-24 15:14:41.378 27080 27094 I m.chrome.canary: Explicit concurrent copying GC freed 899962(18MB) AllocSpace objects, 11(336KB) LOS objects, 75% free, 12MB/50MB, paused 47us,24us total 102.046ms
11-24 15:14:41.411  1011  1189 I ASH     : @ 182133.599: tcs3701: stop power rail pending_off timer
11-24 15:14:41.411  1011  1189 D ASH     : @ 182133.599: tcs3701: start power rail timer, state:3
11-24 15:14:41.422 10476 10510 I BatteryMgr:DataCollectionService: stats => 1700835281422,8544,4444,14953,4169000,100
11-24 15:14:41.450  1011  1189 I ASH     : @ 182133.639: tcs3701: stop power rail pending_off timer
11-24 15:14:41.450  1011  1189 D ASH     : @ 182133.639: tcs3701: start power rail timer, state:3
11-24 15:14:41.490  1011  1189 I ASH     : @ 182133.679: tcs3701: stop power rail pending_off timer
11-24 15:14:41.490  1011  1189 D ASH     : @ 182133.679: tcs3701: start power rail timer, state:3
11-24 15:14:41.511  1795  1853 D ActivityManager: freezer override set to false
11-24 15:14:41.528 10476 10510 I BatteryMgr:DataCollectionService: stats => 1700835281528,8544,4444,14953,4169000,100
11-24 15:14:41.530  1011  1189 I ASH     : @ 182133.719: tcs3701: stop power rail pending_off timer
11-24 15:14:41.530  1011  1189 D ASH     : @ 182133.719: tcs3701: start power rail timer, state:3
11-24 15:14:41.570  1011  1189 I ASH     : @ 182133.759: tcs3701: stop power rail pending_off timer
11-24 15:14:41.570  1011  1189 D ASH     : @ 182133.759: tcs3701: start power rail timer, state:3
11-24 15:14:41.610  1011  1189 I ASH     : @ 182133.799: tcs3701: stop power rail pending_off timer
11-24 15:14:41.610  1011  1189 D ASH     : @ 182133.799: tcs3701: start power rail timer, state:3
11-24 15:14:41.619  1795  1854 D ActivityManager: freezer override set to true
11-24 15:14:41.626  1795  1854 D ActivityManager: freezer override set to false
11-24 15:14:41.640 10476 10510 I BatteryMgr:DataCollectionService: stats => 1700835281639,8544,4444,14953,4169000,100
11-24 15:14:41.650  1011  1189 I ASH     : @ 182133.839: tcs3701: stop power rail pending_off timer
11-24 15:14:41.650  1011  1189 D ASH     : @ 182133.839: tcs3701: start power rail timer, state:3
11-24 15:14:41.690  1011  1189 I ASH     : @ 182133.879: tcs3701: stop power rail pending_off timer
11-24 15:14:41.690  1011  1189 D ASH     : @ 182133.879: tcs3701: start power rail timer, state:3
11-24 15:14:41.731  1011  1189 I ASH     : @ 182133.919: tcs3701: stop power rail pending_off timer
11-24 15:14:41.731  1011  1189 D ASH     : @ 182133.919: tcs3701: start power rail timer, state:3
11-24 15:14:41.743 10476 10510 I BatteryMgr:DataCollectionService: stats => 1700835281743,8544,4444,14953,4169000,100
11-24 15:14:41.770  1011  1189 I ASH     : @ 182133.959: tcs3701: stop power rail pending_off timer
11-24 15:14:41.770  1011  1189 D ASH     : @ 182133.959: tcs3701: start power rail timer, state:3
11-24 15:14:41.810  1011  1189 I ASH     : @ 182133.999: tcs3701: stop power rail pending_off timer
11-24 15:14:41.810  1011  1189 D ASH     : @ 182133.999: tcs3701: start power rail timer, state:3
11-24 15:14:41.850  1011  1189 I ASH     : @ 182134.039: tcs3701: stop power rail pending_off timer
11-24 15:14:41.850  1011  1189 D ASH     : @ 182134.039: tcs3701: start power rail timer, state:3
11-24 15:14:41.851 10476 10510 I BatteryMgr:DataCollectionService: stats => 1700835281851,8544,4444,14953,4169000,100
11-24 15:14:41.891  1011  1189 I ASH     : @ 182134.079: tcs3701: stop power rail pending_off timer
11-24 15:14:41.891  1011  1189 D ASH     : @ 182134.079: tcs3701: start power rail timer, state:3
11-24 15:14:41.930  1011  1189 I ASH     : @ 182134.119: tcs3701: stop power rail pending_off timer
11-24 15:14:41.930  1011  1189 D ASH     : @ 182134.119: tcs3701: start power rail timer, state:3
11-24 15:14:41.961 10476 10510 I BatteryMgr:DataCollectionService: stats => 1700835281961,8544,4444,14953,4169000,100
11-24 15:14:41.970  1011  1189 I ASH     : @ 182134.159: tcs3701: stop power rail pending_off timer
11-24 15:14:41.970  1011  1189 D ASH     : @ 182134.159: tcs3701: start power rail timer, state:3
11-24 15:14:42.010  1011  1189 I ASH     : @ 182134.199: tcs3701: stop power rail pending_off timer
11-24 15:14:42.013  1011  1189 D ASH     : @ 182134.199: tcs3701: start power rail timer, state:3
11-24 15:14:42.050  1011  1189 I ASH     : @ 182134.239: tcs3701: stop power rail pending_off timer
11-24 15:14:42.050  1011  1189 D ASH     : @ 182134.239: tcs3701: start power rail timer, state:3
11-24 15:14:42.080 10476 10510 I BatteryMgr:DataCollectionService: stats => 1700835282080,8544,4444,14953,4169000,100
11-24 15:14:42.089  1011  1189 I ASH     : @ 182134.279: tcs3701: stop power rail pending_off timer
11-24 15:14:42.090  1011  1189 D ASH     : @ 182134.279: tcs3701: start power rail timer, state:3
11-24 15:14:42.130  1011  1189 I ASH     : @ 182134.319: tcs3701: stop power rail pending_off timer
11-24 15:14:42.130  1011  1189 D ASH     : @ 182134.319: tcs3701: start power rail timer, state:3
11-24 15:14:42.170  1011  1189 I ASH     : @ 182134.359: tcs3701: stop power rail pending_off timer
11-24 15:14:42.170  1011  1189 D ASH     : @ 182134.359: tcs3701: start power rail timer, state:3
11-24 15:14:42.177  1795  1854 D ActivityManager: freezer override set to true
11-24 15:14:42.186 10476 10510 I BatteryMgr:DataCollectionService: stats => 1700835282186,8544,4444,14953,4169000,100
11-24 15:14:42.188  1795  1854 D ActivityManager: freezer override set to false
11-24 15:14:42.210  1011  1189 I ASH     : @ 182134.399: tcs3701: stop power rail pending_off timer
11-24 15:14:42.210  1011  1189 D ASH     : @ 182134.399: tcs3701: start power rail timer, state:3
11-24 15:14:42.250  1011  1189 I ASH     : @ 182134.439: tcs3701: stop power rail pending_off timer
11-24 15:14:42.250  1011  1189 D ASH     : @ 182134.439: tcs3701: start power rail timer, state:3
11-24 15:14:42.290  1011  1189 I ASH     : @ 182134.479: tcs3701: stop power rail pending_off timer
11-24 15:14:42.290  1011  1189 D ASH     : @ 182134.479: tcs3701: start power rail timer, state:3
11-24 15:14:42.297 10476 10510 I BatteryMgr:DataCollectionService: stats => 1700835282297,8544,4444,14953,4169000,100
11-24 15:14:42.330  1011  1189 I ASH     : @ 182134.519: tcs3701: stop power rail pending_off timer
11-24 15:14:42.330  1011  1189 D ASH     : @ 182134.519: tcs3701: start power rail timer, state:3
11-24 15:14:42.370  1011  1189 I ASH     : @ 182134.559: tcs3701: stop power rail pending_off timer
11-24 15:14:42.370  1011  1189 D ASH     : @ 182134.559: tcs3701: start power rail timer, state:3
11-24 15:14:42.403 10476 10510 I BatteryMgr:DataCollectionService: stats => 1700835282403,8544,4444,14953,4169000,100
11-24 15:14:42.410  1011  1189 I ASH     : @ 182134.599: tcs3701: stop power rail pending_off timer
11-24 15:14:42.410  1011  1189 D ASH     : @ 182134.599: tcs3701: start power rail timer, state:3
11-24 15:14:42.450  1011  1189 I ASH     : @ 182134.639: tcs3701: stop power rail pending_off timer
11-24 15:14:42.450  1011  1189 D ASH     : @ 182134.639: tcs3701: start power rail timer, state:3
11-24 15:14:42.490  1011  1189 I ASH     : @ 182134.679: tcs3701: stop power rail pending_off timer
11-24 15:14:42.490  1011  1189 D ASH     : @ 182134.679: tcs3701: start power rail timer, state:3
11-24 15:14:42.511 10476 10510 I BatteryMgr:DataCollectionService: stats => 1700835282511,8544,4444,14953,4169000,100
11-24 15:14:42.530  1011  1189 I ASH     : @ 182134.719: tcs3701: stop power rail pending_off timer
11-24 15:14:42.530  1011  1189 D ASH     : @ 182134.719: tcs3701: start power rail timer, state:3
11-24 15:14:42.570  1011  1189 I ASH     : @ 182134.759: tcs3701: stop power rail pending_off timer
11-24 15:14:42.570  1011  1189 D ASH     : @ 182134.759: tcs3701: start power rail timer, state:3
11-24 15:14:42.609  1011  1189 I ASH     : @ 182134.799: tcs3701: stop power rail pending_off timer
11-24 15:14:42.610  1011  1189 D ASH     : @ 182134.799: tcs3701: start power rail timer, state:3
11-24 15:14:42.618 10476 10510 I BatteryMgr:DataCollectionService: stats => 1700835282618,8544,4444,14953,4169000,100
11-24 15:14:42.650  1011  1189 I ASH     : @ 182134.839: tcs3701: stop power rail pending_off timer
11-24 15:14:42.650  1011  1189 D ASH     : @ 182134.839: tcs3701: start power rail timer, state:3
11-24 15:14:42.690  1011  1189 I ASH     : @ 182134.879: tcs3701: stop power rail pending_off timer
11-24 15:14:42.690  1011  1189 D ASH     : @ 182134.879: tcs3701: start power rail timer, state:3
11-24 15:14:42.730  1011  1189 I ASH     : @ 182134.919: tcs3701: stop power rail pending_off timer
11-24 15:14:42.730  1011  1189 D ASH     : @ 182134.919: tcs3701: start power rail timer, state:3
11-24 15:14:42.737 10476 10510 I BatteryMgr:DataCollectionService: stats => 1700835282737,8544,4444,14953,4169000,100
11-24 15:14:42.770  1011  1189 I ASH     : @ 182134.959: tcs3701: stop power rail pending_off timer
11-24 15:14:42.770  1011  1189 D ASH     : @ 182134.959: tcs3701: start power rail timer, state:3
11-24 15:14:42.810  1011  1189 I ASH     : @ 182134.999: tcs3701: stop power rail pending_off timer
11-24 15:14:42.810  1011  1189 D ASH     : @ 182134.999: tcs3701: start power rail timer, state:3
11-24 15:14:42.846 10476 10510 I BatteryMgr:DataCollectionService: stats => 1700835282846,8544,4444,14953,4169000,100
11-24 15:14:42.849  1011  1189 I ASH     : @ 182135.039: tcs3701: stop power rail pending_off timer
11-24 15:14:42.850  1011  1189 D ASH     : @ 182135.039: tcs3701: start power rail timer, state:3
11-24 15:14:42.890  1011  1189 I ASH     : @ 182135.079: tcs3701: stop power rail pending_off timer
