11-23 17:18:48.892  1011  1189 I ASH     : @ 103181.089: tcs3701: stop power rail pending_off timer
11-23 17:18:48.892  1011  1189 D ASH     : @ 103181.089: tcs3701: start power rail timer, state:3
11-23 17:18:48.932  1011  1189 I ASH     : @ 103181.129: tcs3701: stop power rail pending_off timer
11-23 17:18:48.933  1011  1189 D ASH     : @ 103181.129: tcs3701: start power rail timer, state:3
11-23 17:18:48.972  1011  1189 I ASH     : @ 103181.169: tcs3701: stop power rail pending_off timer
11-23 17:18:48.972  1011  1189 D ASH     : @ 103181.169: tcs3701: start power rail timer, state:3
11-23 17:18:48.977  2191  2215 I BatteryMgr:DataCollectionService: stats => 1700756328977,11291,4457,9765,4169000,100
11-23 17:18:49.012  1011  1189 I ASH     : @ 103181.209: tcs3701: stop power rail pending_off timer
11-23 17:18:49.012  1011  1189 D ASH     : @ 103181.209: tcs3701: start power rail timer, state:3
11-23 17:18:49.053  1011  1189 I ASH     : @ 103181.249: tcs3701: stop power rail pending_off timer
11-23 17:18:49.053  1011  1189 D ASH     : @ 103181.249: tcs3701: start power rail timer, state:3
11-23 17:18:49.084  2191  2215 I BatteryMgr:DataCollectionService: stats => 1700756329083,11291,4457,9765,4169000,100
11-23 17:18:49.092  1011  1189 I ASH     : @ 103181.289: tcs3701: stop power rail pending_off timer
11-23 17:18:49.092  1011  1189 D ASH     : @ 103181.289: tcs3701: start power rail timer, state:3
11-23 17:18:49.132  1011  1189 I ASH     : @ 103181.329: tcs3701: stop power rail pending_off timer
11-23 17:18:49.132  1011  1189 D ASH     : @ 103181.329: tcs3701: start power rail timer, state:3
11-23 17:18:49.172  1011  1189 I ASH     : @ 103181.369: tcs3701: stop power rail pending_off timer
11-23 17:18:49.172  1011  1189 D ASH     : @ 103181.369: tcs3701: start power rail timer, state:3
11-23 17:18:49.192  2191  2215 I BatteryMgr:DataCollectionService: stats => 1700756329192,11291,4457,9765,4169000,100
11-23 17:18:49.212  1011  1189 I ASH     : @ 103181.409: tcs3701: stop power rail pending_off timer
11-23 17:18:49.212  1011  1189 D ASH     : @ 103181.409: tcs3701: start power rail timer, state:3
11-23 17:18:49.252  1011  1189 I ASH     : @ 103181.449: tcs3701: stop power rail pending_off timer
11-23 17:18:49.252  1011  1189 D ASH     : @ 103181.449: tcs3701: start power rail timer, state:3
11-23 17:18:49.292  1011  1189 I ASH     : @ 103181.489: tcs3701: stop power rail pending_off timer
11-23 17:18:49.292  1011  1189 D ASH     : @ 103181.489: tcs3701: start power rail timer, state:3
11-23 17:18:49.298  2191  2215 I BatteryMgr:DataCollectionService: stats => 1700756329297,11291,4457,9765,4169000,100
11-23 17:18:49.332  1011  1189 I ASH     : @ 103181.529: tcs3701: stop power rail pending_off timer
11-23 17:18:49.333  1011  1189 D ASH     : @ 103181.529: tcs3701: start power rail timer, state:3
11-23 17:18:49.372  1011  1189 I ASH     : @ 103181.569: tcs3701: stop power rail pending_off timer
11-23 17:18:49.372  1011  1189 D ASH     : @ 103181.569: tcs3701: start power rail timer, state:3
11-23 17:18:49.403  2191  2215 I BatteryMgr:DataCollectionService: stats => 1700756329403,11291,4457,9765,4169000,100
11-23 17:18:49.412  1011  1189 I ASH     : @ 103181.609: tcs3701: stop power rail pending_off timer
11-23 17:18:49.412  1011  1189 D ASH     : @ 103181.609: tcs3701: start power rail timer, state:3
11-23 17:18:49.452  1011  1189 I ASH     : @ 103181.649: tcs3701: stop power rail pending_off timer
11-23 17:18:49.452  1011  1189 D ASH     : @ 103181.649: tcs3701: start power rail timer, state:3
11-23 17:18:49.492  1011  1189 I ASH     : @ 103181.689: tcs3701: stop power rail pending_off timer
11-23 17:18:49.492  1011  1189 D ASH     : @ 103181.689: tcs3701: start power rail timer, state:3
11-23 17:18:49.499  1795  4158 D ActivityManager: freezer override set to true
11-23 17:18:49.504  1795  4158 D ActivityManager: freezer override set to false
11-23 17:18:49.510  2191  2215 I BatteryMgr:DataCollectionService: stats => 1700756329510,11291,4457,9765,4169000,100
11-23 17:18:49.532  1011  1189 I ASH     : @ 103181.729: tcs3701: stop power rail pending_off timer
11-23 17:18:49.532  1011  1189 D ASH     : @ 103181.729: tcs3701: start power rail timer, state:3
11-23 17:18:49.572  1011  1189 I ASH     : @ 103181.769: tcs3701: stop power rail pending_off timer
11-23 17:18:49.572  1011  1189 D ASH     : @ 103181.769: tcs3701: start power rail timer, state:3
11-23 17:18:49.577 15100 15161 W chromium: [WARNING:ev_root_ca_metadata.cc(119)] Not implemented
11-23 17:18:49.577 15100 15161 W chromium: [WARNING:ev_root_ca_metadata.cc(119)] Not implemented
11-23 17:18:49.612  1011  1189 I ASH     : @ 103181.809: tcs3701: stop power rail pending_off timer
11-23 17:18:49.612  1011  1189 D ASH     : @ 103181.809: tcs3701: start power rail timer, state:3
11-23 17:18:49.619  2191  2215 I BatteryMgr:DataCollectionService: stats => 1700756329619,11291,4457,9765,4169000,100
11-23 17:18:49.652  1011  1189 I ASH     : @ 103181.849: tcs3701: stop power rail pending_off timer
11-23 17:18:49.652  1011  1189 D ASH     : @ 103181.849: tcs3701: start power rail timer, state:3
11-23 17:18:49.692  1011  1189 I ASH     : @ 103181.889: tcs3701: stop power rail pending_off timer
11-23 17:18:49.692  1011  1189 D ASH     : @ 103181.889: tcs3701: start power rail timer, state:3
11-23 17:18:49.725  2191  2215 I BatteryMgr:DataCollectionService: stats => 1700756329725,11291,4457,9765,4169000,100
11-23 17:18:49.733  1011  1189 I ASH     : @ 103181.929: tcs3701: stop power rail pending_off timer
11-23 17:18:49.733  1011  1189 D ASH     : @ 103181.929: tcs3701: start power rail timer, state:3
11-23 17:18:49.772  1011  1189 I ASH     : @ 103181.969: tcs3701: stop power rail pending_off timer
11-23 17:18:49.772  1011  1189 D ASH     : @ 103181.969: tcs3701: start power rail timer, state:3
11-23 17:18:49.812  1011  1189 I ASH     : @ 103182.009: tcs3701: stop power rail pending_off timer
11-23 17:18:49.812  1011  1189 D ASH     : @ 103182.009: tcs3701: start power rail timer, state:3
11-23 17:18:49.831  2191  2215 I BatteryMgr:DataCollectionService: stats => 1700756329831,11291,4457,9765,4169000,100
11-23 17:18:49.852  1011  1189 I ASH     : @ 103182.049: tcs3701: stop power rail pending_off timer
11-23 17:18:49.852  1011  1189 D ASH     : @ 103182.049: tcs3701: start power rail timer, state:3
11-23 17:18:49.892  1011  1189 I ASH     : @ 103182.089: tcs3701: stop power rail pending_off timer
11-23 17:18:49.892  1011  1189 D ASH     : @ 103182.089: tcs3701: start power rail timer, state:3
11-23 17:18:49.932  1011  1189 I ASH     : @ 103182.129: tcs3701: stop power rail pending_off timer
11-23 17:18:49.932  1011  1189 D ASH     : @ 103182.129: tcs3701: start power rail timer, state:3
11-23 17:18:49.939  2191  2215 I BatteryMgr:DataCollectionService: stats => 1700756329939,11291,4457,9765,4169000,100
11-23 17:18:49.973  1011  1189 I ASH     : @ 103182.169: tcs3701: stop power rail pending_off timer
11-23 17:18:49.973  1011  1189 D ASH     : @ 103182.169: tcs3701: start power rail timer, state:3
11-23 17:18:49.996  1795  2679 D ActivityManager: freezer override set to true
11-23 17:18:50.012  1011  1189 I ASH     : @ 103182.209: tcs3701: stop power rail pending_off timer
11-23 17:18:50.012  1011  1189 D ASH     : @ 103182.209: tcs3701: start power rail timer, state:3
11-23 17:18:50.049  2191  2215 I BatteryMgr:DataCollectionService: stats => 1700756330049,11291,4457,9765,4169000,100
11-23 17:18:50.052  1011  1189 I ASH     : @ 103182.249: tcs3701: stop power rail pending_off timer
11-23 17:18:50.052  1011  1189 D ASH     : @ 103182.249: tcs3701: start power rail timer, state:3
11-23 17:18:50.071 15100 15115 I m.chrome.canary: Explicit concurrent copying GC freed 3596(176KB) AllocSpace objects, 3(60KB) LOS objects, 75% free, 11MB/47MB, paused 27us,22us total 39.670ms
11-23 17:18:50.092  1011  1189 I ASH     : @ 103182.289: tcs3701: stop power rail pending_off timer
11-23 17:18:50.092  1011  1189 D ASH     : @ 103182.289: tcs3701: start power rail timer, state:3
11-23 17:18:50.122  1795  2679 D ActivityManager: freezer override set to false
11-23 17:18:50.132  1011  1189 I ASH     : @ 103182.329: tcs3701: stop power rail pending_off timer
11-23 17:18:50.132  1011  1189 D ASH     : @ 103182.329: tcs3701: start power rail timer, state:3
11-23 17:18:50.154  2191  2215 I BatteryMgr:DataCollectionService: stats => 1700756330154,11291,4457,9765,4169000,100
11-23 17:18:50.172  1011  1189 I ASH     : @ 103182.369: tcs3701: stop power rail pending_off timer
11-23 17:18:50.172  1011  1189 D ASH     : @ 103182.369: tcs3701: start power rail timer, state:3
11-23 17:18:50.175  1795  2679 D ActivityManager: freezer override set to true
11-23 17:18:50.179  1795  2679 D ActivityManager: freezer override set to false
11-23 17:18:50.212  1011  1189 I ASH     : @ 103182.409: tcs3701: stop power rail pending_off timer
11-23 17:18:50.212  1011  1189 D ASH     : @ 103182.409: tcs3701: start power rail timer, state:3
11-23 17:18:50.253  1011  1189 I ASH     : @ 103182.449: tcs3701: stop power rail pending_off timer
11-23 17:18:50.253  1011  1189 D ASH     : @ 103182.449: tcs3701: start power rail timer, state:3
11-23 17:18:50.260  2191  2215 I BatteryMgr:DataCollectionService: stats => 1700756330260,11291,4457,9765,4169000,100
11-23 17:18:50.292  1011  1189 I ASH     : @ 103182.489: tcs3701: stop power rail pending_off timer
11-23 17:18:50.292  1011  1189 D ASH     : @ 103182.489: tcs3701: start power rail timer, state:3
11-23 17:18:50.332  1011  1189 I ASH     : @ 103182.529: tcs3701: stop power rail pending_off timer
11-23 17:18:50.332  1011  1189 D ASH     : @ 103182.529: tcs3701: start power rail timer, state:3
11-23 17:18:50.365  2191  2215 I BatteryMgr:DataCollectionService: stats => 1700756330365,11291,4457,9765,4169000,100
11-23 17:18:50.372  1011  1189 I ASH     : @ 103182.569: tcs3701: stop power rail pending_off timer
11-23 17:18:50.372  1011  1189 D ASH     : @ 103182.569: tcs3701: start power rail timer, state:3
11-23 17:18:50.412  1011  1189 I ASH     : @ 103182.609: tcs3701: stop power rail pending_off timer
11-23 17:18:50.412  1011  1189 D ASH     : @ 103182.609: tcs3701: start power rail timer, state:3
11-23 17:18:50.452  1011  1189 I ASH     : @ 103182.649: tcs3701: stop power rail pending_off timer
11-23 17:18:50.452  1011  1189 D ASH     : @ 103182.649: tcs3701: start power rail timer, state:3
11-23 17:18:50.473  2191  2215 I BatteryMgr:DataCollectionService: stats => 1700756330473,11291,4457,9765,4169000,100
11-23 17:18:50.492  1011  1189 I ASH     : @ 103182.689: tcs3701: stop power rail pending_off timer
11-23 17:18:50.492  1011  1189 D ASH     : @ 103182.689: tcs3701: start power rail timer, state:3
11-23 17:18:50.504  1795  2679 D ActivityManager: freezer override set to true
11-23 17:18:50.509  1795  2679 D ActivityManager: freezer override set to false
11-23 17:18:50.532  1011  1189 I ASH     : @ 103182.729: tcs3701: stop power rail pending_off timer
11-23 17:18:50.532  1011  1189 D ASH     : @ 103182.729: tcs3701: start power rail timer, state:3
11-23 17:18:50.539  3845  3845 D BoundBrokerSvc: onUnbind: Intent { act=com.google.android.gms.feedback.internal.IFeedbackService dat=chimera-action:/... cmp=com.google.android.gms/.chimera.GmsBoundBrokerService }
11-23 17:18:50.540  3074  3074 D BoundBrokerSvc: onUnbind: Intent { act=com.google.android.gms.icing.LIGHTWEIGHT_INDEX_SERVICE dat=chimera-action:/... cmp=com.google.android.gms/.chimera.PersistentApiService }
11-23 17:18:50.572  1011  1189 I ASH     : @ 103182.769: tcs3701: stop power rail pending_off timer
11-23 17:18:50.572  1011  1189 D ASH     : @ 103182.769: tcs3701: start power rail timer, state:3
11-23 17:18:50.581  2191  2215 I BatteryMgr:DataCollectionService: stats => 1700756330580,11291,4457,9765,4169000,100
11-23 17:18:50.612  1011  1189 I ASH     : @ 103182.809: tcs3701: stop power rail pending_off timer
11-23 17:18:50.612  1011  1189 D ASH     : @ 103182.809: tcs3701: start power rail timer, state:3
11-23 17:18:50.652  1011  1189 I ASH     : @ 103182.849: tcs3701: stop power rail pending_off timer
11-23 17:18:50.652  1011  1189 D ASH     : @ 103182.849: tcs3701: start power rail timer, state:3
11-23 17:18:50.686  2191  2215 I BatteryMgr:DataCollectionService: stats => 1700756330686,11291,4457,9765,4169000,100
11-23 17:18:50.692  1011  1189 I ASH     : @ 103182.889: tcs3701: stop power rail pending_off timer
11-23 17:18:50.692  1011  1189 D ASH     : @ 103182.889: tcs3701: start power rail timer, state:3
11-23 17:18:50.733  1011  1189 I ASH     : @ 103182.929: tcs3701: stop power rail pending_off timer
11-23 17:18:50.733  1011  1189 D ASH     : @ 103182.929: tcs3701: start power rail timer, state:3
11-23 17:18:50.772  1011  1189 I ASH     : @ 103182.969: tcs3701: stop power rail pending_off timer
11-23 17:18:50.773  1011  1189 D ASH     : @ 103182.969: tcs3701: start power rail timer, state:3
11-23 17:18:50.794  2191  2215 I BatteryMgr:DataCollectionService: stats => 1700756330794,11291,4457,9765,4169000,100
11-23 17:18:50.812  1011  1189 I ASH     : @ 103183.009: tcs3701: stop power rail pending_off timer
11-23 17:18:50.812  1011  1189 D ASH     : @ 103183.009: tcs3701: start power rail timer, state:3
11-23 17:18:50.852  1011  1189 I ASH     : @ 103183.049: tcs3701: stop power rail pending_off timer
11-23 17:18:50.852  1011  1189 D ASH     : @ 103183.049: tcs3701: start power rail timer, state:3
11-23 17:18:50.892  1011  1189 I ASH     : @ 103183.089: tcs3701: stop power rail pending_off timer
11-23 17:18:50.892  1011  1189 D ASH     : @ 103183.089: tcs3701: start power rail timer, state:3
11-23 17:18:50.899  2191  2215 I BatteryMgr:DataCollectionService: stats => 1700756330899,11291,4457,9765,4169000,100
11-23 17:18:50.933  1011  1189 I ASH     : @ 103183.129: tcs3701: stop power rail pending_off timer
11-23 17:18:50.933  1011  1189 D ASH     : @ 103183.129: tcs3701: start power rail timer, state:3
11-23 17:18:50.972  1011  1189 I ASH     : @ 103183.169: tcs3701: stop power rail pending_off timer
11-23 17:18:50.972  1011  1189 D ASH     : @ 103183.169: tcs3701: start power rail timer, state:3
11-23 17:18:51.006  2191  2215 I BatteryMgr:DataCollectionService: stats => 1700756331006,11291,4457,9765,4169000,100
11-23 17:18:51.012  1011  1189 I ASH     : @ 103183.209: tcs3701: stop power rail pending_off timer
11-23 17:18:51.012  1011  1189 D ASH     : @ 103183.209: tcs3701: start power rail timer, state:3
11-23 17:18:51.052  1011  1189 I ASH     : @ 103183.249: tcs3701: stop power rail pending_off timer
11-23 17:18:51.052  1011  1189 D ASH     : @ 103183.249: tcs3701: start power rail timer, state:3
11-23 17:18:51.092  1011  1189 I ASH     : @ 103183.289: tcs3701: stop power rail pending_off timer
11-23 17:18:51.092  1011  1189 D ASH     : @ 103183.289: tcs3701: start power rail timer, state:3
11-23 17:18:51.115  2191  2215 I BatteryMgr:DataCollectionService: stats => 1700756331115,11291,4457,9765,4169000,100
11-23 17:18:51.132  1011  1189 I ASH     : @ 103183.329: tcs3701: stop power rail pending_off timer
11-23 17:18:51.132  1011  1189 D ASH     : @ 103183.329: tcs3701: start power rail timer, state:3
11-23 17:18:51.172  1011  1189 I ASH     : @ 103183.369: tcs3701: stop power rail pending_off timer
11-23 17:18:51.172  1011  1189 D ASH     : @ 103183.369: tcs3701: start power rail timer, state:3
11-23 17:18:51.212  1011  1189 I ASH     : @ 103183.409: tcs3701: stop power rail pending_off timer
11-23 17:18:51.212  1011  1189 D ASH     : @ 103183.409: tcs3701: start power rail timer, state:3
11-23 17:18:51.221  2191  2215 I BatteryMgr:DataCollectionService: stats => 1700756331221,11291,4457,9765,4169000,100
11-23 17:18:51.252  1011  1189 I ASH     : @ 103183.449: tcs3701: stop power rail pending_off timer
11-23 17:18:51.252  1011  1189 D ASH     : @ 103183.449: tcs3701: start power rail timer, state:3
11-23 17:18:51.292  1011  1189 I ASH     : @ 103183.489: tcs3701: stop power rail pending_off timer
11-23 17:18:51.292  1011  1189 D ASH     : @ 103183.489: tcs3701: start power rail timer, state:3
11-23 17:18:51.318  1795  3613 D ActivityManager: freezer override set to true
11-23 17:18:51.331  2191  2215 I BatteryMgr:DataCollectionService: stats => 1700756331331,11291,4457,9765,4169000,100
11-23 17:18:51.332  1011  1189 I ASH     : @ 103183.529: tcs3701: stop power rail pending_off timer
11-23 17:18:51.332  1011  1189 D ASH     : @ 103183.529: tcs3701: start power rail timer, state:3
11-23 17:18:51.372  1011  1189 I ASH     : @ 103183.569: tcs3701: stop power rail pending_off timer
11-23 17:18:51.372  1011  1189 D ASH     : @ 103183.569: tcs3701: start power rail timer, state:3
11-23 17:18:51.409 15100 15115 I m.chrome.canary: Explicit concurrent copying GC freed 3573(176KB) AllocSpace objects, 3(60KB) LOS objects, 75% free, 11MB/47MB, paused 98us,24us total 53.277ms
11-23 17:18:51.412  1011  1189 I ASH     : @ 103183.609: tcs3701: stop power rail pending_off timer
11-23 17:18:51.412  1011  1189 D ASH     : @ 103183.609: tcs3701: start power rail timer, state:3
11-23 17:18:51.438  2191  2215 I BatteryMgr:DataCollectionService: stats => 1700756331438,11291,4457,9765,4169000,100
11-23 17:18:51.452  1011  1189 I ASH     : @ 103183.649: tcs3701: stop power rail pending_off timer
11-23 17:18:51.452  1011  1189 D ASH     : @ 103183.649: tcs3701: start power rail timer, state:3
11-23 17:18:51.461  1795  3613 D ActivityManager: freezer override set to false
11-23 17:18:51.492  1011  1189 I ASH     : @ 103183.689: tcs3701: stop power rail pending_off timer
11-23 17:18:51.492  1011  1189 D ASH     : @ 103183.689: tcs3701: start power rail timer, state:3
11-23 17:18:51.499  1795  3613 D ActivityManager: freezer override set to true
11-23 17:18:51.505  1795  3613 D ActivityManager: freezer override set to false
11-23 17:18:51.516  1795  3613 D ActivityManager: freezer override set to true
11-23 17:18:51.519  1795  3613 D ActivityManager: freezer override set to false
11-23 17:18:51.532  1011  1189 I ASH     : @ 103183.729: tcs3701: stop power rail pending_off timer
11-23 17:18:51.532  1011  1189 D ASH     : @ 103183.729: tcs3701: start power rail timer, state:3
11-23 17:18:51.543  2191  2215 I BatteryMgr:DataCollectionService: stats => 1700756331543,11291,4457,9765,4169000,100
11-23 17:18:51.572  1011  1189 I ASH     : @ 103183.769: tcs3701: stop power rail pending_off timer
11-23 17:18:51.572  1011  1189 D ASH     : @ 103183.769: tcs3701: start power rail timer, state:3
11-23 17:18:51.612  1011  1189 I ASH     : @ 103183.809: tcs3701: stop power rail pending_off timer
11-23 17:18:51.612  1011  1189 D ASH     : @ 103183.809: tcs3701: start power rail timer, state:3
11-23 17:18:51.649  2191  2215 I BatteryMgr:DataCollectionService: stats => 1700756331649,11291,4457,9765,4169000,100
11-23 17:18:51.652  1011  1189 I ASH     : @ 103183.849: tcs3701: stop power rail pending_off timer
11-23 17:18:51.652  1011  1189 D ASH     : @ 103183.849: tcs3701: start power rail timer, state:3
11-23 17:18:51.692  1011  1189 I ASH     : @ 103183.889: tcs3701: stop power rail pending_off timer
11-23 17:18:51.693  1011  1189 D ASH     : @ 103183.889: tcs3701: start power rail timer, state:3
11-23 17:18:51.732  1011  1189 I ASH     : @ 103183.929: tcs3701: stop power rail pending_off timer
11-23 17:18:51.733  1011  1189 D ASH     : @ 103183.929: tcs3701: start power rail timer, state:3
11-23 17:18:51.754  2191  2215 I BatteryMgr:DataCollectionService: stats => 1700756331754,11291,4457,9765,4169000,100
11-23 17:18:51.772  1011  1189 I ASH     : @ 103183.969: tcs3701: stop power rail pending_off timer
11-23 17:18:51.772  1011  1189 D ASH     : @ 103183.969: tcs3701: start power rail timer, state:3
11-23 17:18:51.812  1011  1189 I ASH     : @ 103184.009: tcs3701: stop power rail pending_off timer
11-23 17:18:51.812  1011  1189 D ASH     : @ 103184.009: tcs3701: start power rail timer, state:3
11-23 17:18:51.852  1011  1189 I ASH     : @ 103184.049: tcs3701: stop power rail pending_off timer
11-23 17:18:51.853  1011  1189 D ASH     : @ 103184.049: tcs3701: start power rail timer, state:3
11-23 17:18:51.861  1795  2424 D WifiClientModeImpl[13802:wlan0]: updateLinkLayerStatsRssiSpeedFrequencyCapabilities rssi=-44 TxLinkspeed=866 freq=5240 RxLinkSpeed=866
11-23 17:18:51.861  1795  2424 D WifiDataStall: tx tput in kbps: 751999
11-23 17:18:51.861  1795  2424 D WifiDataStall: rx tput in kbps: 791578
11-23 17:18:51.861  1795  2424 V WifiConfigManager: Updating scan detail cache freq=5240 BSSID=f4:6d:2f:12:cc:88 RSSI=-44 for "ourhome"WPA_PSK
11-23 17:18:51.862  1795  2424 D WifiChannelUtilization:  freq: 5240 onTime: 2997973 busyTime: 259512 onTimeDiff: 2997678 busyTimeDiff: 259495 utilization: 22 utilization t0: 22
11-23 17:18:51.862  1795  2424 D WifiDataStall:  ccaLevel = 22
11-23 17:18:51.862  1795  2424 D WifiDataStall: L2 txTputKbps: 751999, rxTputKbps: 791578, L3 txTputKbps: 16, rxTputKbps: 22, TxTrafficHigh: true, RxTrafficHigh: true, Throughput Sufficient: true
11-23 17:18:51.862  3213  3232 V WifiManager: OnWifiUsabilityStatsListener: onWifiUsabilityStats: seqNum=34061
11-23 17:18:51.862  1795  2424 D WifiScoreReport: Wifi scoring disabled - Don't check IP layer
11-23 17:18:51.862  1795  2424 D WifiScoreCard: BSSID update SIGNAL_POLL ID: 1320464697 SSID: "ourhome", BSSID: f4:6d:2f:12:cc:88, MAC: b2:2f:ec:da:4a:0c, IP: /192.168.1.104, Security type: 2, Supplicant state: COMPLETED, Wi-Fi standard: 5, RSSI: -44, Link speed: 866Mbps, Tx Link speed: 866Mbps, Max Supported Tx Link speed: 866Mbps, Rx Link speed: 866Mbps, Max Supported Rx Link speed: 866Mbps, Frequency: 5240MHz, Net ID: 12, Metered hint: false, score: 60, isUsable: true, CarrierMerged: false, SubscriptionId: -1, IsPrimary: 1, Trusted: true, Restricted: false, Ephemeral: false, OEM paid: false, OEM private: false, OSU AP: false, FQDN: <none>, Provider friendly name: <none>, Requesting package name: <none>"ourhome"wpa2-pskMLO Information: , Is TID-To-Link negotiation supported by the AP: false, AP MLD Address: <none>, AP MLO Link Id: <none>, AP MLO Affiliated links: <none>
11-23 17:18:51.862  1795  2424 D WifiScoreCard: txRate: 6 txSpeed: 866
11-23 17:18:51.862  1795  2424 D WifiScoreCard: network update SIGNAL_POLL "ourhome" ID: 1499892569 RSSI -44 txSpeed 866
11-23 17:18:51.863  1795  3613 I WifiService: updateWifiUsabilityScore uid=10180 seqNum=34061 score=100 predictionHorizonSec=1441795
11-23 17:18:51.863  1795  2424 D WifiClientModeImpl[13802:wlan0]:  ClientModeImpl$L2ConnectedState screen=on 19 0 "ourhome" f4:6d:2f:12:cc:88 rssi=-44 f=5240 sc=60 link=866 tx=5.2, 0.2, 0.0 rx=3.4 bcn=988458 [on:143 tx:3 rx:1 period:3015] from screen [on:110899 period:6907872] score=60
11-23 17:18:51.864  2191  2215 I BatteryMgr:DataCollectionService: stats => 1700756331864,11291,4457,9765,4169000,100
11-23 17:18:51.865  1795  2424 D WifiScoreReport: Wifi scoring disabled - Notify that Wifi is usable
11-23 17:18:51.869  1795  2432 D ConnectivityService: NetReassign [no changes] [c 1] [a 0] [i 3]
11-23 17:18:51.892  1011  1189 I ASH     : @ 103184.089: tcs3701: stop power rail pending_off timer
11-23 17:18:51.892  1011  1189 D ASH     : @ 103184.089: tcs3701: start power rail timer, state:3
11-23 17:18:51.932  1011  1189 I ASH     : @ 103184.129: tcs3701: stop power rail pending_off timer
11-23 17:18:51.932  1011  1189 D ASH     : @ 103184.129: tcs3701: start power rail timer, state:3
11-23 17:18:51.972  1011  1189 I ASH     : @ 103184.169: tcs3701: stop power rail pending_off timer
11-23 17:18:51.972  1011  1189 D ASH     : @ 103184.169: tcs3701: start power rail timer, state:3
11-23 17:18:51.972  2191  2215 I BatteryMgr:DataCollectionService: stats => 1700756331972,11291,4457,9765,4169000,100
11-23 17:18:52.012  1011  1189 I ASH     : @ 103184.209: tcs3701: stop power rail pending_off timer
11-23 17:18:52.012  1011  1189 D ASH     : @ 103184.209: tcs3701: start power rail timer, state:3
11-23 17:18:52.053  1011  1189 I ASH     : @ 103184.249: tcs3701: stop power rail pending_off timer
11-23 17:18:52.053  1011  1189 D ASH     : @ 103184.249: tcs3701: start power rail timer, state:3
11-23 17:18:52.078  2191  2215 I BatteryMgr:DataCollectionService: stats => 1700756332078,11291,4457,9765,4169000,100
11-23 17:18:52.092  1011  1189 I ASH     : @ 103184.289: tcs3701: stop power rail pending_off timer
11-23 17:18:52.092  1011  1189 D ASH     : @ 103184.289: tcs3701: start power rail timer, state:3
11-23 17:18:52.133  1011  1189 I ASH     : @ 103184.329: tcs3701: stop power rail pending_off timer
11-23 17:18:52.133  1011  1189 D ASH     : @ 103184.329: tcs3701: start power rail timer, state:3
11-23 17:18:52.172  1011  1189 I ASH     : @ 103184.369: tcs3701: stop power rail pending_off timer
11-23 17:18:52.172  1011  1189 D ASH     : @ 103184.369: tcs3701: start power rail timer, state:3
11-23 17:18:52.185  2191  2215 I BatteryMgr:DataCollectionService: stats => 1700756332185,11291,4457,9765,4169000,100
11-23 17:18:52.213  1011  1189 I ASH     : @ 103184.409: tcs3701: stop power rail pending_off timer
11-23 17:18:52.213  1011  1189 D ASH     : @ 103184.409: tcs3701: start power rail timer, state:3
11-23 17:18:52.252  1011  1189 I ASH     : @ 103184.449: tcs3701: stop power rail pending_off timer
11-23 17:18:52.252  1011  1189 D ASH     : @ 103184.449: tcs3701: start power rail timer, state:3
11-23 17:18:52.290  2191  2215 I BatteryMgr:DataCollectionService: stats => 1700756332290,11291,4457,9765,4169000,100
11-23 17:18:52.292  1011  1189 I ASH     : @ 103184.489: tcs3701: stop power rail pending_off timer
11-23 17:18:52.292  1011  1189 D ASH     : @ 103184.489: tcs3701: start power rail timer, state:3
11-23 17:18:52.332  1011  1189 I ASH     : @ 103184.529: tcs3701: stop power rail pending_off timer
11-23 17:18:52.332  1011  1189 D ASH     : @ 103184.529: tcs3701: start power rail timer, state:3
11-23 17:18:52.372  1011  1189 I ASH     : @ 103184.569: tcs3701: stop power rail pending_off timer
11-23 17:18:52.372  1011  1189 D ASH     : @ 103184.569: tcs3701: start power rail timer, state:3
11-23 17:18:52.397  2191  2215 I BatteryMgr:DataCollectionService: stats => 1700756332396,11291,4457,9765,4169000,100
11-23 17:18:52.412  1011  1189 I ASH     : @ 103184.609: tcs3701: stop power rail pending_off timer
11-23 17:18:52.413  1011  1189 D ASH     : @ 103184.609: tcs3701: start power rail timer, state:3
11-23 17:18:52.452  1011  1189 I ASH     : @ 103184.649: tcs3701: stop power rail pending_off timer
11-23 17:18:52.452  1011  1189 D ASH     : @ 103184.649: tcs3701: start power rail timer, state:3
11-23 17:18:52.492  1011  1189 I ASH     : @ 103184.689: tcs3701: stop power rail pending_off timer
11-23 17:18:52.492  1011  1189 D ASH     : @ 103184.689: tcs3701: start power rail timer, state:3
11-23 17:18:52.501  2191  2215 I BatteryMgr:DataCollectionService: stats => 1700756332501,11291,4457,9765,4169000,100
11-23 17:18:52.532  1011  1189 I ASH     : @ 103184.729: tcs3701: stop power rail pending_off timer
11-23 17:18:52.532  1011  1189 D ASH     : @ 103184.729: tcs3701: start power rail timer, state:3
11-23 17:18:52.538  1795  2679 D ActivityManager: freezer override set to true
11-23 17:18:52.542  1795  2679 D ActivityManager: freezer override set to false
11-23 17:18:52.572  1011  1189 I ASH     : @ 103184.769: tcs3701: stop power rail pending_off timer
11-23 17:18:52.572  1011  1189 D ASH     : @ 103184.769: tcs3701: start power rail timer, state:3
11-23 17:18:52.608  2191  2215 I BatteryMgr:DataCollectionService: stats => 1700756332608,11291,4457,9765,4169000,100
11-23 17:18:52.612  1011  1189 I ASH     : @ 103184.809: tcs3701: stop power rail pending_off timer
11-23 17:18:52.613  1011  1189 D ASH     : @ 103184.809: tcs3701: start power rail timer, state:3
11-23 17:18:52.652  1011  1189 I ASH     : @ 103184.849: tcs3701: stop power rail pending_off timer
11-23 17:18:52.652  1011  1189 D ASH     : @ 103184.849: tcs3701: start power rail timer, state:3
11-23 17:18:52.674  1795  2679 D ActivityManager: freezer override set to true
11-23 17:18:52.692  1011  1189 I ASH     : @ 103184.889: tcs3701: stop power rail pending_off timer
11-23 17:18:52.692  1011  1189 D ASH     : @ 103184.889: tcs3701: start power rail timer, state:3
11-23 17:18:52.714  2191  2215 I BatteryMgr:DataCollectionService: stats => 1700756332714,11291,4457,9765,4169000,100
11-23 17:18:52.732  1011  1189 I ASH     : @ 103184.929: tcs3701: stop power rail pending_off timer
11-23 17:18:52.732  1011  1189 D ASH     : @ 103184.929: tcs3701: start power rail timer, state:3
11-23 17:18:52.770  3845  3845 E AbstractGmsTracer: Traced class shouldn't be obfuscated: GmsIntentOperationChimeraService [CONTEXT service_id=259 ]
11-23 17:18:52.772  1011  1189 I ASH     : @ 103184.969: tcs3701: stop power rail pending_off timer
11-23 17:18:52.772  1011  1189 D ASH     : @ 103184.969: tcs3701: start power rail timer, state:3
11-23 17:18:52.777  3845 15728 E AbstractGmsTracer: Traced class shouldn't be obfuscated: InstantIndexingIntentOperation [CONTEXT service_id=259 ]
11-23 17:18:52.778  3845 15728 I GmscoreIpa: Starting mediastore instant index [CONTEXT service_id=255 ]
11-23 17:18:52.813  1011  1189 I ASH     : @ 103185.009: tcs3701: stop power rail pending_off timer
11-23 17:18:52.813  1011  1189 D ASH     : @ 103185.009: tcs3701: start power rail timer, state:3
11-23 17:18:52.820  2191  2215 I BatteryMgr:DataCollectionService: stats => 1700756332820,11291,4457,9765,4169000,100
11-23 17:18:52.843 15100 15115 I m.chrome.canary: Explicit concurrent copying GC freed 3808(191KB) AllocSpace objects, 4(80KB) LOS objects, 75% free, 11MB/47MB, paused 35us,32us total 53.224ms
11-23 17:18:52.852  1011  1189 I ASH     : @ 103185.049: tcs3701: stop power rail pending_off timer
11-23 17:18:52.852  1011  1189 D ASH     : @ 103185.049: tcs3701: start power rail timer, state:3
11-23 17:18:52.892  1011  1189 I ASH     : @ 103185.089: tcs3701: stop power rail pending_off timer
11-23 17:18:52.892  1011  1189 D ASH     : @ 103185.089: tcs3701: start power rail timer, state:3
11-23 17:18:52.895  1795  2679 D ActivityManager: freezer override set to false
11-23 17:18:52.926  2191  2215 I BatteryMgr:DataCollectionService: stats => 1700756332926,11291,4457,9765,4169000,100
11-23 17:18:52.932  1011  1189 I ASH     : @ 103185.129: tcs3701: stop power rail pending_off timer
11-23 17:18:52.932  1011  1189 D ASH     : @ 103185.129: tcs3701: start power rail timer, state:3
11-23 17:18:52.950  1795  2679 D ActivityManager: freezer override set to true
11-23 17:18:52.953  1795  2679 D ActivityManager: freezer override set to false
11-23 17:18:52.972  1011  1189 I ASH     : @ 103185.169: tcs3701: stop power rail pending_off timer
11-23 17:18:52.972  1011  1189 D ASH     : @ 103185.169: tcs3701: start power rail timer, state:3
11-23 17:18:53.013  1011  1189 I ASH     : @ 103185.209: tcs3701: stop power rail pending_off timer
11-23 17:18:53.013  1011  1189 D ASH     : @ 103185.209: tcs3701: start power rail timer, state:3
11-23 17:18:53.031  2191  2215 I BatteryMgr:DataCollectionService: stats => 1700756333031,11291,4457,9765,4169000,100
11-23 17:18:53.052  1011  1189 I ASH     : @ 103185.249: tcs3701: stop power rail pending_off timer
11-23 17:18:53.052  1011  1189 D ASH     : @ 103185.249: tcs3701: start power rail timer, state:3
11-23 17:18:53.092  1011  1189 I ASH     : @ 103185.289: tcs3701: stop power rail pending_off timer
11-23 17:18:53.092  1011  1189 D ASH     : @ 103185.289: tcs3701: start power rail timer, state:3
11-23 17:18:53.132  1011  1189 I ASH     : @ 103185.329: tcs3701: stop power rail pending_off timer
11-23 17:18:53.132  1011  1189 D ASH     : @ 103185.329: tcs3701: start power rail timer, state:3
11-23 17:18:53.137  2191  2215 I BatteryMgr:DataCollectionService: stats => 1700756333137,11291,4457,9765,4169000,100
11-23 17:18:53.172  1011  1189 I ASH     : @ 103185.369: tcs3701: stop power rail pending_off timer
11-23 17:18:53.172  1011  1189 D ASH     : @ 103185.369: tcs3701: start power rail timer, state:3
11-23 17:18:53.212  1011  1189 I ASH     : @ 103185.409: tcs3701: stop power rail pending_off timer
11-23 17:18:53.213  1011  1189 D ASH     : @ 103185.409: tcs3701: start power rail timer, state:3
11-23 17:18:53.242  2191  2215 I BatteryMgr:DataCollectionService: stats => 1700756333242,11291,4457,9765,4169000,100
11-23 17:18:53.252  1011  1189 I ASH     : @ 103185.449: tcs3701: stop power rail pending_off timer
11-23 17:18:53.252  1011  1189 D ASH     : @ 103185.449: tcs3701: start power rail timer, state:3
11-23 17:18:53.292  1011  1189 I ASH     : @ 103185.489: tcs3701: stop power rail pending_off timer
11-23 17:18:53.292  1011  1189 D ASH     : @ 103185.489: tcs3701: start power rail timer, state:3
11-23 17:18:53.332  1011  1189 I ASH     : @ 103185.529: tcs3701: stop power rail pending_off timer
11-23 17:18:53.333  1011  1189 D ASH     : @ 103185.529: tcs3701: start power rail timer, state:3
11-23 17:18:53.348  2191  2215 I BatteryMgr:DataCollectionService: stats => 1700756333348,11291,4457,9765,4169000,100
11-23 17:18:53.372  1011  1189 I ASH     : @ 103185.569: tcs3701: stop power rail pending_off timer
11-23 17:18:53.372  1011  1189 D ASH     : @ 103185.569: tcs3701: start power rail timer, state:3
11-23 17:18:53.412  1011  1189 I ASH     : @ 103185.609: tcs3701: stop power rail pending_off timer
11-23 17:18:53.413  1011  1189 D ASH     : @ 103185.609: tcs3701: start power rail timer, state:3
11-23 17:18:53.452  1011  1189 I ASH     : @ 103185.649: tcs3701: stop power rail pending_off timer
11-23 17:18:53.452  1011  1189 D ASH     : @ 103185.649: tcs3701: start power rail timer, state:3
11-23 17:18:53.454  2191  2215 I BatteryMgr:DataCollectionService: stats => 1700756333454,11291,4457,9765,4169000,100
11-23 17:18:53.492  1011  1189 I ASH     : @ 103185.689: tcs3701: stop power rail pending_off timer
11-23 17:18:53.492  1011  1189 D ASH     : @ 103185.689: tcs3701: start power rail timer, state:3
11-23 17:18:53.509  1795  2679 D ActivityManager: freezer override set to true
11-23 17:18:53.513  1795  2679 D ActivityManager: freezer override set to false
11-23 17:18:53.532  1011  1189 I ASH     : @ 103185.729: tcs3701: stop power rail pending_off timer
11-23 17:18:53.532  1011  1189 D ASH     : @ 103185.729: tcs3701: start power rail timer, state:3
11-23 17:18:53.560  2191  2215 I BatteryMgr:DataCollectionService: stats => 1700756333560,11291,4457,9765,4169000,100
11-23 17:18:53.572  1011  1189 I ASH     : @ 103185.769: tcs3701: stop power rail pending_off timer
11-23 17:18:53.572  1011  1189 D ASH     : @ 103185.769: tcs3701: start power rail timer, state:3
11-23 17:18:53.612  1011  1189 I ASH     : @ 103185.809: tcs3701: stop power rail pending_off timer
11-23 17:18:53.612  1011  1189 D ASH     : @ 103185.809: tcs3701: start power rail timer, state:3
11-23 17:18:53.652  1011  1189 I ASH     : @ 103185.849: tcs3701: stop power rail pending_off timer
11-23 17:18:53.652  1011  1189 D ASH     : @ 103185.849: tcs3701: start power rail timer, state:3
11-23 17:18:53.668  2191  2215 I BatteryMgr:DataCollectionService: stats => 1700756333668,11291,4457,9765,4169000,100
11-23 17:18:53.692  1011  1189 I ASH     : @ 103185.889: tcs3701: stop power rail pending_off timer
11-23 17:18:53.692  1011  1189 D ASH     : @ 103185.889: tcs3701: start power rail timer, state:3
11-23 17:18:53.732  1011  1189 I ASH     : @ 103185.929: tcs3701: stop power rail pending_off timer
11-23 17:18:53.732  1011  1189 D ASH     : @ 103185.929: tcs3701: start power rail timer, state:3
11-23 17:18:53.772  1011  1189 I ASH     : @ 103185.969: tcs3701: stop power rail pending_off timer
11-23 17:18:53.772  1011  1189 D ASH     : @ 103185.969: tcs3701: start power rail timer, state:3
11-23 17:18:53.774  2191  2215 I BatteryMgr:DataCollectionService: stats => 1700756333774,11291,4457,9765,4169000,100
11-23 17:18:53.813  1011  1189 I ASH     : @ 103186.009: tcs3701: stop power rail pending_off timer
11-23 17:18:53.813  1011  1189 D ASH     : @ 103186.009: tcs3701: start power rail timer, state:3
11-23 17:18:53.852  1011  1189 I ASH     : @ 103186.049: tcs3701: stop power rail pending_off timer
11-23 17:18:53.852  1011  1189 D ASH     : @ 103186.049: tcs3701: start power rail timer, state:3
11-23 17:18:53.879  2191  2215 I BatteryMgr:DataCollectionService: stats => 1700756333879,11291,4457,9765,4169000,100
11-23 17:18:53.892  1011  1189 I ASH     : @ 103186.089: tcs3701: stop power rail pending_off timer
11-23 17:18:53.892  1011  1189 D ASH     : @ 103186.089: tcs3701: start power rail timer, state:3
11-23 17:18:53.932  1011  1189 I ASH     : @ 103186.129: tcs3701: stop power rail pending_off timer
11-23 17:18:53.932  1011  1189 D ASH     : @ 103186.129: tcs3701: start power rail timer, state:3
11-23 17:18:53.972  1011  1189 I ASH     : @ 103186.169: tcs3701: stop power rail pending_off timer
11-23 17:18:53.972  1011  1189 D ASH     : @ 103186.169: tcs3701: start power rail timer, state:3
11-23 17:18:53.986  2191  2215 I BatteryMgr:DataCollectionService: stats => 1700756333986,11291,4457,9765,4169000,100
11-23 17:18:54.012  1011  1189 I ASH     : @ 103186.209: tcs3701: stop power rail pending_off timer
11-23 17:18:54.012  1011  1189 D ASH     : @ 103186.209: tcs3701: start power rail timer, state:3
11-23 17:18:54.052  1011  1189 I ASH     : @ 103186.249: tcs3701: stop power rail pending_off timer
11-23 17:18:54.052  1011  1189 D ASH     : @ 103186.249: tcs3701: start power rail timer, state:3
11-23 17:18:54.092  1795  2679 D ActivityManager: freezer override set to true
11-23 17:18:54.092  1011  1189 I ASH     : @ 103186.289: tcs3701: stop power rail pending_off timer
11-23 17:18:54.092  1011  1189 D ASH     : @ 103186.289: tcs3701: start power rail timer, state:3
11-23 17:18:54.093  2191  2215 I BatteryMgr:DataCollectionService: stats => 1700756334092,11291,4457,9765,4169000,100
11-23 17:18:54.132  1011  1189 I ASH     : @ 103186.329: tcs3701: stop power rail pending_off timer
11-23 17:18:54.132  1011  1189 D ASH     : @ 103186.329: tcs3701: start power rail timer, state:3
11-23 17:18:54.167 15100 15115 I m.chrome.canary: Explicit concurrent copying GC freed 3591(176KB) AllocSpace objects, 3(60KB) LOS objects, 75% free, 11MB/47MB, paused 103us,23us total 41.153ms
11-23 17:18:54.172  1011  1189 I ASH     : @ 103186.369: tcs3701: stop power rail pending_off timer
11-23 17:18:54.172  1011  1189 D ASH     : @ 103186.369: tcs3701: start power rail timer, state:3
11-23 17:18:54.199  2191  2215 I BatteryMgr:DataCollectionService: stats => 1700756334199,11291,4457,9765,4169000,100
11-23 17:18:54.212  1011  1189 I ASH     : @ 103186.409: tcs3701: stop power rail pending_off timer
11-23 17:18:54.212  1011  1189 D ASH     : @ 103186.409: tcs3701: start power rail timer, state:3
11-23 17:18:54.218  1795  2679 D ActivityManager: freezer override set to false
11-23 17:18:54.252  1011  1189 I ASH     : @ 103186.449: tcs3701: stop power rail pending_off timer
11-23 17:18:54.252  1011  1189 D ASH     : @ 103186.449: tcs3701: start power rail timer, state:3
11-23 17:18:54.264  1795  2679 D ActivityManager: freezer override set to true
11-23 17:18:54.267  1795  2679 D ActivityManager: freezer override set to false
11-23 17:18:54.292  1011  1189 I ASH     : @ 103186.489: tcs3701: stop power rail pending_off timer
11-23 17:18:54.292  1011  1189 D ASH     : @ 103186.489: tcs3701: start power rail timer, state:3
11-23 17:18:54.304  2191  2215 I BatteryMgr:DataCollectionService: stats => 1700756334304,11291,4457,9765,4169000,100
11-23 17:18:54.332  1011  1189 I ASH     : @ 103186.529: tcs3701: stop power rail pending_off timer
11-23 17:18:54.332  1011  1189 D ASH     : @ 103186.529: tcs3701: start power rail timer, state:3
11-23 17:18:54.372  1011  1189 I ASH     : @ 103186.569: tcs3701: stop power rail pending_off timer
11-23 17:18:54.372  1011  1189 D ASH     : @ 103186.569: tcs3701: start power rail timer, state:3
11-23 17:18:54.409  2191  2215 I BatteryMgr:DataCollectionService: stats => 1700756334409,11291,4457,9765,4169000,100
11-23 17:18:54.413  1011  1189 I ASH     : @ 103186.609: tcs3701: stop power rail pending_off timer
11-23 17:18:54.413  1011  1189 D ASH     : @ 103186.609: tcs3701: start power rail timer, state:3
11-23 17:18:54.452  1011  1189 I ASH     : @ 103186.649: tcs3701: stop power rail pending_off timer
11-23 17:18:54.452  1011  1189 D ASH     : @ 103186.649: tcs3701: start power rail timer, state:3
11-23 17:18:54.492  1011  1189 I ASH     : @ 103186.689: tcs3701: stop power rail pending_off timer
11-23 17:18:54.492  1011  1189 D ASH     : @ 103186.689: tcs3701: start power rail timer, state:3
11-23 17:18:54.508  1795  2679 D ActivityManager: freezer override set to true
11-23 17:18:54.512  1795  2679 D ActivityManager: freezer override set to false
11-23 17:18:54.515  2191  2215 I BatteryMgr:DataCollectionService: stats => 1700756334515,11291,4457,9765,4169000,100
11-23 17:18:54.533  1011  1189 I ASH     : @ 103186.729: tcs3701: stop power rail pending_off timer
11-23 17:18:54.533  1011  1189 D ASH     : @ 103186.729: tcs3701: start power rail timer, state:3
11-23 17:18:54.572  1011  1189 I ASH     : @ 103186.769: tcs3701: stop power rail pending_off timer
11-23 17:18:54.572  1011  1189 D ASH     : @ 103186.769: tcs3701: start power rail timer, state:3
11-23 17:18:54.612  1011  1189 I ASH     : @ 103186.809: tcs3701: stop power rail pending_off timer
11-23 17:18:54.612  1011  1189 D ASH     : @ 103186.809: tcs3701: start power rail timer, state:3
11-23 17:18:54.620  2191  2215 I BatteryMgr:DataCollectionService: stats => 1700756334620,11291,4457,9765,4169000,100
11-23 17:18:54.652  1011  1189 I ASH     : @ 103186.849: tcs3701: stop power rail pending_off timer
11-23 17:18:54.652  1011  1189 D ASH     : @ 103186.849: tcs3701: start power rail timer, state:3
11-23 17:18:54.692  1011  1189 I ASH     : @ 103186.889: tcs3701: stop power rail pending_off timer
11-23 17:18:54.693  1011  1189 D ASH     : @ 103186.889: tcs3701: start power rail timer, state:3
11-23 17:18:54.725  2191  2215 I BatteryMgr:DataCollectionService: stats => 1700756334725,11291,4457,9765,4169000,100
11-23 17:18:54.732  1011  1189 I ASH     : @ 103186.929: tcs3701: stop power rail pending_off timer
11-23 17:18:54.732  1011  1189 D ASH     : @ 103186.929: tcs3701: start power rail timer, state:3
11-23 17:18:54.772  1011  1189 I ASH     : @ 103186.969: tcs3701: stop power rail pending_off timer
11-23 17:18:54.772  1011  1189 D ASH     : @ 103186.969: tcs3701: start power rail timer, state:3
11-23 17:18:54.812  1011  1189 I ASH     : @ 103187.009: tcs3701: stop power rail pending_off timer
11-23 17:18:54.812  1011  1189 D ASH     : @ 103187.009: tcs3701: start power rail timer, state:3
11-23 17:18:54.830  2191  2215 I BatteryMgr:DataCollectionService: stats => 1700756334830,11291,4457,9765,4169000,100
11-23 17:18:54.852  1011  1189 I ASH     : @ 103187.049: tcs3701: stop power rail pending_off timer
11-23 17:18:54.852  1011  1189 D ASH     : @ 103187.049: tcs3701: start power rail timer, state:3
11-23 17:18:54.875  1795  2424 D WifiClientModeImpl[13802:wlan0]: updateLinkLayerStatsRssiSpeedFrequencyCapabilities rssi=-44 TxLinkspeed=866 freq=5240 RxLinkSpeed=866
11-23 17:18:54.875  1795  2424 D WifiDataStall: tx tput in kbps: 751999
11-23 17:18:54.875  1795  2424 D WifiDataStall: rx tput in kbps: 791578
11-23 17:18:54.875  1795  2424 V WifiConfigManager: Updating scan detail cache freq=5240 BSSID=f4:6d:2f:12:cc:88 RSSI=-44 for "ourhome"WPA_PSK
11-23 17:18:54.875  1795  2424 D WifiChannelUtilization:  freq: 5240 onTime: 2998102 busyTime: 259525 onTimeDiff: 2997807 busyTimeDiff: 259508 utilization: 22 utilization t0: 22
11-23 17:18:54.875  1795  2424 D WifiDataStall:  ccaLevel = 22
11-23 17:18:54.875  1795  2424 D WifiDataStall: L2 txTputKbps: 759915, rxTputKbps: 791578, L3 txTputKbps: 117, rxTputKbps: 29, TxTrafficHigh: true, RxTrafficHigh: true, Throughput Sufficient: true
11-23 17:18:54.876  3213  3232 V WifiManager: OnWifiUsabilityStatsListener: onWifiUsabilityStats: seqNum=34062
11-23 17:18:54.876  1795  2424 D WifiScoreReport: Wifi scoring disabled - Don't check IP layer
11-23 17:18:54.876  1795  2424 D WifiScoreCard: BSSID update SIGNAL_POLL ID: 1320464697 SSID: "ourhome", BSSID: f4:6d:2f:12:cc:88, MAC: b2:2f:ec:da:4a:0c, IP: /192.168.1.104, Security type: 2, Supplicant state: COMPLETED, Wi-Fi standard: 5, RSSI: -44, Link speed: 866Mbps, Tx Link speed: 866Mbps, Max Supported Tx Link speed: 866Mbps, Rx Link speed: 866Mbps, Max Supported Rx Link speed: 866Mbps, Frequency: 5240MHz, Net ID: 12, Metered hint: false, score: 60, isUsable: true, CarrierMerged: false, SubscriptionId: -1, IsPrimary: 1, Trusted: true, Restricted: false, Ephemeral: false, OEM paid: false, OEM private: false, OSU AP: false, FQDN: <none>, Provider friendly name: <none>, Requesting package name: <none>"ourhome"wpa2-pskMLO Information: , Is TID-To-Link negotiation supported by the AP: false, AP MLD Address: <none>, AP MLO Link Id: <none>, AP MLO Affiliated links: <none>
11-23 17:18:54.876  1795  2424 D WifiScoreCard: txRate: 7 txSpeed: 866
11-23 17:18:54.876  1795  2424 D WifiScoreCard: network update SIGNAL_POLL "ourhome" ID: 1499892569 RSSI -44 txSpeed 866
11-23 17:18:54.876  1795  2424 D WifiClientModeImpl[13802:wlan0]:  ClientModeImpl$L2ConnectedState screen=on 19 0 "ourhome" f4:6d:2f:12:cc:88 rssi=-44 f=5240 sc=60 link=866 tx=6.3, 0.3, 0.0 rx=5.6 bcn=988487 [on:129 tx:3 rx:1 period:3011] from screen [on:111028 period:6910885] score=60
11-23 17:18:54.876  1795  4165 I WifiService: updateWifiUsabilityScore uid=10180 seqNum=34062 score=100 predictionHorizonSec=1441795
11-23 17:18:54.877  1795  2424 D WifiScoreReport: Wifi scoring disabled - Notify that Wifi is usable
11-23 17:18:54.879  1795  2432 D ConnectivityService: NetReassign [no changes] [c 0] [a 0] [i 2]
11-23 17:18:54.892  1011  1189 I ASH     : @ 103187.089: tcs3701: stop power rail pending_off timer
11-23 17:18:54.893  1011  1189 D ASH     : @ 103187.089: tcs3701: start power rail timer, state:3
11-23 17:18:54.932  1011  1189 I ASH     : @ 103187.129: tcs3701: stop power rail pending_off timer
11-23 17:18:54.932  1011  1189 D ASH     : @ 103187.129: tcs3701: start power rail timer, state:3
11-23 17:18:54.935  2191  2215 I BatteryMgr:DataCollectionService: stats => 1700756334935,11291,4457,9765,4169000,100
11-23 17:18:54.972  1011  1189 I ASH     : @ 103187.169: tcs3701: stop power rail pending_off timer
11-23 17:18:54.972  1011  1189 D ASH     : @ 103187.169: tcs3701: start power rail timer, state:3
11-23 17:18:55.012  1011  1189 I ASH     : @ 103187.209: tcs3701: stop power rail pending_off timer
11-23 17:18:55.012  1011  1189 D ASH     : @ 103187.209: tcs3701: start power rail timer, state:3
11-23 17:18:55.042  2191  2215 I BatteryMgr:DataCollectionService: stats => 1700756335042,11291,4457,9765,4169000,100
11-23 17:18:55.052  1011  1189 I ASH     : @ 103187.249: tcs3701: stop power rail pending_off timer
11-23 17:18:55.052  1011  1189 D ASH     : @ 103187.249: tcs3701: start power rail timer, state:3
11-23 17:18:55.092  1011  1189 I ASH     : @ 103187.289: tcs3701: stop power rail pending_off timer
11-23 17:18:55.092  1011  1189 D ASH     : @ 103187.289: tcs3701: start power rail timer, state:3
11-23 17:18:55.132  1011  1189 I ASH     : @ 103187.329: tcs3701: stop power rail pending_off timer
11-23 17:18:55.132  1011  1189 D ASH     : @ 103187.329: tcs3701: start power rail timer, state:3
11-23 17:18:55.147  2191  2215 I BatteryMgr:DataCollectionService: stats => 1700756335147,11291,4457,9765,4169000,100
11-23 17:18:55.172  1011  1189 I ASH     : @ 103187.369: tcs3701: stop power rail pending_off timer
11-23 17:18:55.172  1011  1189 D ASH     : @ 103187.369: tcs3701: start power rail timer, state:3
11-23 17:18:55.212  1011  1189 I ASH     : @ 103187.409: tcs3701: stop power rail pending_off timer
11-23 17:18:55.213  1011  1189 D ASH     : @ 103187.409: tcs3701: start power rail timer, state:3
11-23 17:18:55.252  1011  1189 I ASH     : @ 103187.449: tcs3701: stop power rail pending_off timer
11-23 17:18:55.252  1011  1189 D ASH     : @ 103187.449: tcs3701: start power rail timer, state:3
11-23 17:18:55.254  2191  2215 I BatteryMgr:DataCollectionService: stats => 1700756335254,11291,4457,9765,4169000,100
11-23 17:18:55.293  1011  1189 I ASH     : @ 103187.489: tcs3701: stop power rail pending_off timer
11-23 17:18:55.293  1011  1189 D ASH     : @ 103187.489: tcs3701: start power rail timer, state:3
11-23 17:18:55.332  1011  1189 I ASH     : @ 103187.529: tcs3701: stop power rail pending_off timer
11-23 17:18:55.332  1011  1189 D ASH     : @ 103187.529: tcs3701: start power rail timer, state:3
11-23 17:18:55.360  2191  2215 I BatteryMgr:DataCollectionService: stats => 1700756335360,11291,4457,9765,4169000,100
11-23 17:18:55.376  1011  1189 I ASH     : @ 103187.569: tcs3701: stop power rail pending_off timer
11-23 17:18:55.376  1011  1189 D ASH     : @ 103187.569: tcs3701: start power rail timer, state:3
11-23 17:18:55.412  1011  1189 I ASH     : @ 103187.609: tcs3701: stop power rail pending_off timer
11-23 17:18:55.412  1011  1189 D ASH     : @ 103187.609: tcs3701: start power rail timer, state:3
11-23 17:18:55.415  1795  4165 D ActivityManager: freezer override set to true
11-23 17:18:55.452  1011  1189 I ASH     : @ 103187.649: tcs3701: stop power rail pending_off timer
11-23 17:18:55.452  1011  1189 D ASH     : @ 103187.649: tcs3701: start power rail timer, state:3
11-23 17:18:55.465  2191  2215 I BatteryMgr:DataCollectionService: stats => 1700756335465,11291,4457,9765,4169000,100
11-23 17:18:55.492  1011  1189 I ASH     : @ 103187.689: tcs3701: stop power rail pending_off timer
11-23 17:18:55.493  1011  1189 D ASH     : @ 103187.689: tcs3701: start power rail timer, state:3
11-23 17:18:55.532  1011  1189 I ASH     : @ 103187.729: tcs3701: stop power rail pending_off timer
