11-23 17:18:42.772  1011  1189 D ASH     : @ 103174.969: tcs3701: start power rail timer, state:3
11-23 17:18:42.793  2191  2215 I BatteryMgr:DataCollectionService: stats => 1700756322793,7324,4457,9765,4169000,100
11-23 17:18:42.814  1011  1189 I ASH     : @ 103175.009: tcs3701: stop power rail pending_off timer
11-23 17:18:42.814  1011  1189 D ASH     : @ 103175.009: tcs3701: start power rail timer, state:3
11-23 17:18:42.826  1795  2424 D WifiClientModeImpl[13802:wlan0]: updateLinkLayerStatsRssiSpeedFrequencyCapabilities rssi=-45 TxLinkspeed=866 freq=5240 RxLinkSpeed=866
11-23 17:18:42.827  1795  2424 D WifiDataStall: tx tput in kbps: 704504
11-23 17:18:42.827  1795  2424 D WifiDataStall: rx tput in kbps: 791578
11-23 17:18:42.827  1795  2424 V WifiConfigManager: Updating scan detail cache freq=5240 BSSID=f4:6d:2f:12:cc:88 RSSI=-44 for "ourhome"WPA_PSK
11-23 17:18:42.827  1795  2424 D WifiChannelUtilization:  freq: 5240 onTime: 2997492 busyTime: 259498 onTimeDiff: 2997197 busyTimeDiff: 259481 utilization: 22 utilization t0: 22
11-23 17:18:42.827  1795  2424 D WifiDataStall:  ccaLevel = 22
11-23 17:18:42.827  3213  3232 V WifiManager: OnWifiUsabilityStatsListener: onWifiUsabilityStats: seqNum=34058
11-23 17:18:42.827  1795  2424 D WifiDataStall: L2 txTputKbps: 751999, rxTputKbps: 791578, L3 txTputKbps: 0, rxTputKbps: 0, TxTrafficHigh: false, RxTrafficHigh: false, Throughput Sufficient: true
11-23 17:18:42.827  1795  2424 D WifiScoreReport: Wifi scoring disabled - Don't check IP layer
11-23 17:18:42.827  1795  2424 D WifiScoreCard: BSSID update SIGNAL_POLL ID: 1320464697 SSID: "ourhome", BSSID: f4:6d:2f:12:cc:88, MAC: b2:2f:ec:da:4a:0c, IP: /192.168.1.104, Security type: 2, Supplicant state: COMPLETED, Wi-Fi standard: 5, RSSI: -45, Link speed: 866Mbps, Tx Link speed: 866Mbps, Max Supported Tx Link speed: 866Mbps, Rx Link speed: 866Mbps, Max Supported Rx Link speed: 866Mbps, Frequency: 5240MHz, Net ID: 12, Metered hint: false, score: 60, isUsable: true, CarrierMerged: false, SubscriptionId: -1, IsPrimary: 1, Trusted: true, Restricted: false, Ephemeral: false, OEM paid: false, OEM private: false, OSU AP: false, FQDN: <none>, Provider friendly name: <none>, Requesting package name: <none>"ourhome"wpa2-pskMLO Information: , Is TID-To-Link negotiation supported by the AP: false, AP MLD Address: <none>, AP MLO Link Id: <none>, AP MLO Affiliated links: <none>
11-23 17:18:42.827  1795  2424 D WifiScoreCard: txRate: 11 txSpeed: 866
11-23 17:18:42.827  1795  2424 D WifiScoreCard: network update SIGNAL_POLL "ourhome" ID: 1499892569 RSSI -45 txSpeed 866
11-23 17:18:42.827  1795  4158 I WifiService: updateWifiUsabilityScore uid=10180 seqNum=34058 score=100 predictionHorizonSec=1441795
11-23 17:18:42.828  1795  2424 D WifiClientModeImpl[13802:wlan0]:  ClientModeImpl$L2ConnectedState screen=on 19 0 "ourhome" f4:6d:2f:12:cc:88 rssi=-45 f=5240 sc=60 link=866 tx=9.2, 1.1, 0.0 rx=6.3 bcn=988370 [on:0 tx:0 rx:0 period:3011] from screen [on:110418 period:6898837] score=60
11-23 17:18:42.828  2782  5906 D QCNEJ/WlanStaInfoRelay: Received action: android.net.wifi.RSSI_CHANGED
11-23 17:18:42.828  2513 11659 V WifiManager: TrafficStateCallbackProxy: onStateChanged state=0
11-23 17:18:42.828  1795  2424 D WifiScoreReport: Wifi scoring disabled - Notify that Wifi is usable
11-23 17:18:42.831  1795  2432 D ConnectivityService: NetReassign [no changes] [c 1] [a 0] [i 2]
11-23 17:18:42.852  1011  1189 I ASH     : @ 103175.049: tcs3701: stop power rail pending_off timer
11-23 17:18:42.852  1011  1189 D ASH     : @ 103175.049: tcs3701: start power rail timer, state:3
11-23 17:18:42.892  1011  1189 I ASH     : @ 103175.089: tcs3701: stop power rail pending_off timer
11-23 17:18:42.892  1011  1189 D ASH     : @ 103175.089: tcs3701: start power rail timer, state:3
11-23 17:18:42.900  2191  2215 I BatteryMgr:DataCollectionService: stats => 1700756322900,7324,4457,9765,4169000,100
11-23 17:18:42.932  1011  1189 I ASH     : @ 103175.129: tcs3701: stop power rail pending_off timer
11-23 17:18:42.932  1011  1189 D ASH     : @ 103175.129: tcs3701: start power rail timer, state:3
11-23 17:18:42.972  1011  1189 I ASH     : @ 103175.169: tcs3701: stop power rail pending_off timer
11-23 17:18:42.972  1011  1189 D ASH     : @ 103175.169: tcs3701: start power rail timer, state:3
11-23 17:18:43.006  2191  2215 I BatteryMgr:DataCollectionService: stats => 1700756323006,7324,4457,9765,4169000,100
11-23 17:18:43.012  1011  1189 I ASH     : @ 103175.209: tcs3701: stop power rail pending_off timer
11-23 17:18:43.012  1011  1189 D ASH     : @ 103175.209: tcs3701: start power rail timer, state:3
11-23 17:18:43.053  1011  1189 I ASH     : @ 103175.249: tcs3701: stop power rail pending_off timer
11-23 17:18:43.053  1011  1189 D ASH     : @ 103175.249: tcs3701: start power rail timer, state:3
11-23 17:18:43.092  1011  1189 I ASH     : @ 103175.289: tcs3701: stop power rail pending_off timer
11-23 17:18:43.092  1011  1189 D ASH     : @ 103175.289: tcs3701: start power rail timer, state:3
11-23 17:18:43.110  2191  2215 I BatteryMgr:DataCollectionService: stats => 1700756323110,7324,4457,9765,4169000,100
11-23 17:18:43.132  1011  1189 I ASH     : @ 103175.329: tcs3701: stop power rail pending_off timer
11-23 17:18:43.132  1011  1189 D ASH     : @ 103175.329: tcs3701: start power rail timer, state:3
11-23 17:18:43.172  1011  1189 I ASH     : @ 103175.369: tcs3701: stop power rail pending_off timer
11-23 17:18:43.172  1011  1189 D ASH     : @ 103175.369: tcs3701: start power rail timer, state:3
11-23 17:18:43.212  1011  1189 I ASH     : @ 103175.409: tcs3701: stop power rail pending_off timer
11-23 17:18:43.212  1011  1189 D ASH     : @ 103175.409: tcs3701: start power rail timer, state:3
11-23 17:18:43.221  2191  2215 I BatteryMgr:DataCollectionService: stats => 1700756323221,7324,4457,9765,4169000,100
11-23 17:18:43.235  1795  4158 D ActivityManager: freezer override set to true
11-23 17:18:43.252  1011  1189 I ASH     : @ 103175.449: tcs3701: stop power rail pending_off timer
11-23 17:18:43.252  1011  1189 D ASH     : @ 103175.449: tcs3701: start power rail timer, state:3
11-23 17:18:43.292  1011  1189 I ASH     : @ 103175.489: tcs3701: stop power rail pending_off timer
11-23 17:18:43.292  1011  1189 D ASH     : @ 103175.489: tcs3701: start power rail timer, state:3
11-23 17:18:43.327  2191  2215 I BatteryMgr:DataCollectionService: stats => 1700756323327,7324,4457,9765,4169000,100
11-23 17:18:43.332  1011  1189 I ASH     : @ 103175.529: tcs3701: stop power rail pending_off timer
11-23 17:18:43.332  1011  1189 D ASH     : @ 103175.529: tcs3701: start power rail timer, state:3
11-23 17:18:43.372  1011  1189 I ASH     : @ 103175.569: tcs3701: stop power rail pending_off timer
11-23 17:18:43.373  1011  1189 D ASH     : @ 103175.569: tcs3701: start power rail timer, state:3
11-23 17:18:43.377 15100 15115 I m.chrome.canary: Explicit concurrent copying GC freed 3599(176KB) AllocSpace objects, 3(60KB) LOS objects, 75% free, 11MB/47MB, paused 49us,22us total 41.105ms
11-23 17:18:43.412  1011  1189 I ASH     : @ 103175.609: tcs3701: stop power rail pending_off timer
11-23 17:18:43.412  1011  1189 D ASH     : @ 103175.609: tcs3701: start power rail timer, state:3
11-23 17:18:43.425  1795  4158 D ActivityManager: freezer override set to false
11-23 17:18:43.435  2191  2215 I BatteryMgr:DataCollectionService: stats => 1700756323434,7324,4457,9765,4169000,100
11-23 17:18:43.452  1011  1189 I ASH     : @ 103175.649: tcs3701: stop power rail pending_off timer
11-23 17:18:43.452  1011  1189 D ASH     : @ 103175.649: tcs3701: start power rail timer, state:3
11-23 17:18:43.470  1795  4158 D ActivityManager: freezer override set to true
11-23 17:18:43.472  1795  4158 D ActivityManager: freezer override set to false
11-23 17:18:43.492  1011  1189 I ASH     : @ 103175.689: tcs3701: stop power rail pending_off timer
11-23 17:18:43.492  1011  1189 D ASH     : @ 103175.689: tcs3701: start power rail timer, state:3
11-23 17:18:43.500  1795  4158 D ActivityManager: freezer override set to true
11-23 17:18:43.505  1795  4158 D ActivityManager: freezer override set to false
11-23 17:18:43.532  1011  1189 I ASH     : @ 103175.729: tcs3701: stop power rail pending_off timer
11-23 17:18:43.532  1011  1189 D ASH     : @ 103175.729: tcs3701: start power rail timer, state:3
11-23 17:18:43.551  2191  2215 I BatteryMgr:DataCollectionService: stats => 1700756323551,7324,4457,9765,4169000,100
11-23 17:18:43.572  1011  1189 I ASH     : @ 103175.769: tcs3701: stop power rail pending_off timer
11-23 17:18:43.572  1011  1189 D ASH     : @ 103175.769: tcs3701: start power rail timer, state:3
11-23 17:18:43.612  1011  1189 I ASH     : @ 103175.809: tcs3701: stop power rail pending_off timer
11-23 17:18:43.612  1011  1189 D ASH     : @ 103175.809: tcs3701: start power rail timer, state:3
11-23 17:18:43.652  1011  1189 I ASH     : @ 103175.849: tcs3701: stop power rail pending_off timer
11-23 17:18:43.652  1011  1189 D ASH     : @ 103175.849: tcs3701: start power rail timer, state:3
11-23 17:18:43.658  2191  2215 I BatteryMgr:DataCollectionService: stats => 1700756323657,7324,4457,9765,4169000,100
11-23 17:18:43.693  1011  1189 I ASH     : @ 103175.889: tcs3701: stop power rail pending_off timer
11-23 17:18:43.693  1011  1189 D ASH     : @ 103175.889: tcs3701: start power rail timer, state:3
11-23 17:18:43.732  1011  1189 I ASH     : @ 103175.929: tcs3701: stop power rail pending_off timer
11-23 17:18:43.732  1011  1189 D ASH     : @ 103175.929: tcs3701: start power rail timer, state:3
11-23 17:18:43.763  2191  2215 I BatteryMgr:DataCollectionService: stats => 1700756323763,7324,4457,9765,4169000,100
11-23 17:18:43.772  1011  1189 I ASH     : @ 103175.969: tcs3701: stop power rail pending_off timer
11-23 17:18:43.772  1011  1189 D ASH     : @ 103175.969: tcs3701: start power rail timer, state:3
11-23 17:18:43.812  1011  1189 I ASH     : @ 103176.009: tcs3701: stop power rail pending_off timer
11-23 17:18:43.812  1011  1189 D ASH     : @ 103176.009: tcs3701: start power rail timer, state:3
11-23 17:18:43.852  1011  1189 I ASH     : @ 103176.049: tcs3701: stop power rail pending_off timer
11-23 17:18:43.852  1011  1189 D ASH     : @ 103176.049: tcs3701: start power rail timer, state:3
11-23 17:18:43.868  2191  2215 I BatteryMgr:DataCollectionService: stats => 1700756323868,7324,4457,9765,4169000,100
11-23 17:18:43.892  1011  1189 I ASH     : @ 103176.089: tcs3701: stop power rail pending_off timer
11-23 17:18:43.892  1011  1189 D ASH     : @ 103176.089: tcs3701: start power rail timer, state:3
11-23 17:18:43.932  1011  1189 I ASH     : @ 103176.129: tcs3701: stop power rail pending_off timer
11-23 17:18:43.932  1011  1189 D ASH     : @ 103176.129: tcs3701: start power rail timer, state:3
11-23 17:18:43.973  1011  1189 I ASH     : @ 103176.169: tcs3701: stop power rail pending_off timer
11-23 17:18:43.973  1011  1189 D ASH     : @ 103176.169: tcs3701: start power rail timer, state:3
11-23 17:18:43.974  2191  2215 I BatteryMgr:DataCollectionService: stats => 1700756323974,7324,4457,9765,4169000,100
11-23 17:18:44.012  1011  1189 I ASH     : @ 103176.209: tcs3701: stop power rail pending_off timer
11-23 17:18:44.012  1011  1189 D ASH     : @ 103176.209: tcs3701: start power rail timer, state:3
11-23 17:18:44.052  1011  1189 I ASH     : @ 103176.249: tcs3701: stop power rail pending_off timer
11-23 17:18:44.052  1011  1189 D ASH     : @ 103176.249: tcs3701: start power rail timer, state:3
11-23 17:18:44.080  2191  2215 I BatteryMgr:DataCollectionService: stats => 1700756324080,7324,4457,9765,4169000,100
11-23 17:18:44.092  1011  1189 I ASH     : @ 103176.289: tcs3701: stop power rail pending_off timer
11-23 17:18:44.092  1011  1189 D ASH     : @ 103176.289: tcs3701: start power rail timer, state:3
11-23 17:18:44.132  1011  1189 I ASH     : @ 103176.329: tcs3701: stop power rail pending_off timer
11-23 17:18:44.132  1011  1189 D ASH     : @ 103176.329: tcs3701: start power rail timer, state:3
11-23 17:18:44.172  1011  1189 I ASH     : @ 103176.369: tcs3701: stop power rail pending_off timer
11-23 17:18:44.172  1011  1189 D ASH     : @ 103176.369: tcs3701: start power rail timer, state:3
11-23 17:18:44.187  2191  2215 I BatteryMgr:DataCollectionService: stats => 1700756324187,11291,4457,9765,4169000,100
11-23 17:18:44.213  1011  1189 I ASH     : @ 103176.409: tcs3701: stop power rail pending_off timer
11-23 17:18:44.213  1011  1189 D ASH     : @ 103176.409: tcs3701: start power rail timer, state:3
11-23 17:18:44.252  1011  1189 I ASH     : @ 103176.449: tcs3701: stop power rail pending_off timer
11-23 17:18:44.252  1011  1189 D ASH     : @ 103176.449: tcs3701: start power rail timer, state:3
11-23 17:18:44.292  1011  1189 I ASH     : @ 103176.489: tcs3701: stop power rail pending_off timer
11-23 17:18:44.292  1011  1189 D ASH     : @ 103176.489: tcs3701: start power rail timer, state:3
11-23 17:18:44.293  2191  2215 I BatteryMgr:DataCollectionService: stats => 1700756324293,11291,4457,9765,4169000,100
11-23 17:18:44.332  1011  1189 I ASH     : @ 103176.529: tcs3701: stop power rail pending_off timer
11-23 17:18:44.332  1011  1189 D ASH     : @ 103176.529: tcs3701: start power rail timer, state:3
11-23 17:18:44.373  1011  1189 I ASH     : @ 103176.569: tcs3701: stop power rail pending_off timer
11-23 17:18:44.373  1011  1189 D ASH     : @ 103176.569: tcs3701: start power rail timer, state:3
11-23 17:18:44.400  2191  2215 I BatteryMgr:DataCollectionService: stats => 1700756324400,11291,4457,9765,4169000,100
11-23 17:18:44.412  1011  1189 I ASH     : @ 103176.609: tcs3701: stop power rail pending_off timer
11-23 17:18:44.412  1011  1189 D ASH     : @ 103176.609: tcs3701: start power rail timer, state:3
11-23 17:18:44.452  1011  1189 I ASH     : @ 103176.649: tcs3701: stop power rail pending_off timer
11-23 17:18:44.452  1011  1189 D ASH     : @ 103176.649: tcs3701: start power rail timer, state:3
11-23 17:18:44.490  1795  4158 D ActivityManager: freezer override set to true
11-23 17:18:44.492  1011  1189 I ASH     : @ 103176.689: tcs3701: stop power rail pending_off timer
11-23 17:18:44.492  1011  1189 D ASH     : @ 103176.689: tcs3701: start power rail timer, state:3
11-23 17:18:44.495  1795  4158 D ActivityManager: freezer override set to false
11-23 17:18:44.506  2191  2215 I BatteryMgr:DataCollectionService: stats => 1700756324506,11291,4457,9765,4169000,100
11-23 17:18:44.532  1011  1189 I ASH     : @ 103176.729: tcs3701: stop power rail pending_off timer
11-23 17:18:44.532  1011  1189 D ASH     : @ 103176.729: tcs3701: start power rail timer, state:3
11-23 17:18:44.572  1011  1189 I ASH     : @ 103176.769: tcs3701: stop power rail pending_off timer
11-23 17:18:44.572  1011  1189 D ASH     : @ 103176.769: tcs3701: start power rail timer, state:3
11-23 17:18:44.593 15100 15161 W chromium: [WARNING:ev_root_ca_metadata.cc(119)] Not implemented
11-23 17:18:44.593 15100 15161 W chromium: [WARNING:ev_root_ca_metadata.cc(119)] Not implemented
11-23 17:18:44.612  1011  1189 I ASH     : @ 103176.809: tcs3701: stop power rail pending_off timer
11-23 17:18:44.612  1011  1189 D ASH     : @ 103176.809: tcs3701: start power rail timer, state:3
11-23 17:18:44.615  2191  2215 I BatteryMgr:DataCollectionService: stats => 1700756324614,11291,4457,9765,4169000,100
11-23 17:18:44.629  1795  4158 D ActivityManager: freezer override set to true
11-23 17:18:44.652  1011  1189 I ASH     : @ 103176.849: tcs3701: stop power rail pending_off timer
11-23 17:18:44.652  1011  1189 D ASH     : @ 103176.849: tcs3701: start power rail timer, state:3
11-23 17:18:44.692  1011  1189 I ASH     : @ 103176.889: tcs3701: stop power rail pending_off timer
11-23 17:18:44.692  1011  1189 D ASH     : @ 103176.889: tcs3701: start power rail timer, state:3
11-23 17:18:44.715 15100 15115 I m.chrome.canary: Explicit concurrent copying GC freed 3824(192KB) AllocSpace objects, 4(80KB) LOS objects, 75% free, 11MB/47MB, paused 28us,21us total 38.152ms
11-23 17:18:44.723  2191  2215 I BatteryMgr:DataCollectionService: stats => 1700756324722,11291,4457,9765,4169000,100
11-23 17:18:44.732  1011  1189 I ASH     : @ 103176.929: tcs3701: stop power rail pending_off timer
11-23 17:18:44.732  1011  1189 D ASH     : @ 103176.929: tcs3701: start power rail timer, state:3
11-23 17:18:44.763  1795  4158 D ActivityManager: freezer override set to false
11-23 17:18:44.772  1011  1189 I ASH     : @ 103176.969: tcs3701: stop power rail pending_off timer
11-23 17:18:44.772  1011  1189 D ASH     : @ 103176.969: tcs3701: start power rail timer, state:3
11-23 17:18:44.810  1795  4158 D ActivityManager: freezer override set to true
11-23 17:18:44.812  1011  1189 I ASH     : @ 103177.009: tcs3701: stop power rail pending_off timer
11-23 17:18:44.812  1011  1189 D ASH     : @ 103177.009: tcs3701: start power rail timer, state:3
11-23 17:18:44.813  1795  4158 D ActivityManager: freezer override set to false
11-23 17:18:44.828  2191  2215 I BatteryMgr:DataCollectionService: stats => 1700756324828,11291,4457,9765,4169000,100
11-23 17:18:44.852  1011  1189 I ASH     : @ 103177.049: tcs3701: stop power rail pending_off timer
11-23 17:18:44.852  1011  1189 D ASH     : @ 103177.049: tcs3701: start power rail timer, state:3
11-23 17:18:44.892  1011  1189 I ASH     : @ 103177.089: tcs3701: stop power rail pending_off timer
11-23 17:18:44.892  1011  1189 D ASH     : @ 103177.089: tcs3701: start power rail timer, state:3
11-23 17:18:44.932  1011  1189 I ASH     : @ 103177.129: tcs3701: stop power rail pending_off timer
11-23 17:18:44.932  1011  1189 D ASH     : @ 103177.129: tcs3701: start power rail timer, state:3
11-23 17:18:44.934  2191  2215 I BatteryMgr:DataCollectionService: stats => 1700756324934,11291,4457,9765,4169000,100
11-23 17:18:44.972  1011  1189 I ASH     : @ 103177.169: tcs3701: stop power rail pending_off timer
11-23 17:18:44.972  1011  1189 D ASH     : @ 103177.169: tcs3701: start power rail timer, state:3
11-23 17:18:45.012  1011  1189 I ASH     : @ 103177.209: tcs3701: stop power rail pending_off timer
11-23 17:18:45.012  1011  1189 D ASH     : @ 103177.209: tcs3701: start power rail timer, state:3
11-23 17:18:45.040  2191  2215 I BatteryMgr:DataCollectionService: stats => 1700756325040,11291,4457,9765,4169000,100
11-23 17:18:45.052  1011  1189 I ASH     : @ 103177.249: tcs3701: stop power rail pending_off timer
11-23 17:18:45.052  1011  1189 D ASH     : @ 103177.249: tcs3701: start power rail timer, state:3
11-23 17:18:45.092  1011  1189 I ASH     : @ 103177.289: tcs3701: stop power rail pending_off timer
11-23 17:18:45.092  1011  1189 D ASH     : @ 103177.289: tcs3701: start power rail timer, state:3
11-23 17:18:45.132  1011  1189 I ASH     : @ 103177.329: tcs3701: stop power rail pending_off timer
11-23 17:18:45.132  1011  1189 D ASH     : @ 103177.329: tcs3701: start power rail timer, state:3
11-23 17:18:45.147  2191  2215 I BatteryMgr:DataCollectionService: stats => 1700756325147,11291,4457,9765,4169000,100
11-23 17:18:45.172  1011  1189 I ASH     : @ 103177.369: tcs3701: stop power rail pending_off timer
11-23 17:18:45.172  1011  1189 D ASH     : @ 103177.369: tcs3701: start power rail timer, state:3
11-23 17:18:45.212  1011  1189 I ASH     : @ 103177.409: tcs3701: stop power rail pending_off timer
11-23 17:18:45.212  1011  1189 D ASH     : @ 103177.409: tcs3701: start power rail timer, state:3
11-23 17:18:45.217  1795  2424 D WifiNetworkSelector: Current connected network: 12
11-23 17:18:45.218  1795  2424 V WifiConnectivityManager: No partial scan because firmware roaming is supported.
11-23 17:18:45.218  1795  2424 V WifiConnectivityManager: schedulePeriodicScanTimer intervalMs 20000
11-23 17:18:45.252  1011  1189 I ASH     : @ 103177.449: tcs3701: stop power rail pending_off timer
11-23 17:18:45.252  1011  1189 D ASH     : @ 103177.449: tcs3701: start power rail timer, state:3
11-23 17:18:45.254  2191  2215 I BatteryMgr:DataCollectionService: stats => 1700756325254,11291,4457,9765,4169000,100
11-23 17:18:45.292  1011  1189 I ASH     : @ 103177.489: tcs3701: stop power rail pending_off timer
11-23 17:18:45.292  1011  1189 D ASH     : @ 103177.489: tcs3701: start power rail timer, state:3
11-23 17:18:45.332  1011  1189 I ASH     : @ 103177.529: tcs3701: stop power rail pending_off timer
11-23 17:18:45.332  1011  1189 D ASH     : @ 103177.529: tcs3701: start power rail timer, state:3
11-23 17:18:45.360  2191  2215 I BatteryMgr:DataCollectionService: stats => 1700756325360,11291,4457,9765,4169000,100
11-23 17:18:45.372  1011  1189 I ASH     : @ 103177.569: tcs3701: stop power rail pending_off timer
11-23 17:18:45.372  1011  1189 D ASH     : @ 103177.569: tcs3701: start power rail timer, state:3
11-23 17:18:45.412  1011  1189 I ASH     : @ 103177.609: tcs3701: stop power rail pending_off timer
11-23 17:18:45.412  1011  1189 D ASH     : @ 103177.609: tcs3701: start power rail timer, state:3
11-23 17:18:45.452  1011  1189 I ASH     : @ 103177.649: tcs3701: stop power rail pending_off timer
11-23 17:18:45.452  1011  1189 D ASH     : @ 103177.649: tcs3701: start power rail timer, state:3
11-23 17:18:45.468  2191  2215 I BatteryMgr:DataCollectionService: stats => 1700756325468,11291,4457,9765,4169000,100
11-23 17:18:45.492  1011  1189 I ASH     : @ 103177.689: tcs3701: stop power rail pending_off timer
11-23 17:18:45.492  1011  1189 D ASH     : @ 103177.689: tcs3701: start power rail timer, state:3
11-23 17:18:45.506  1795  4158 D ActivityManager: freezer override set to true
11-23 17:18:45.511  1795  4158 D ActivityManager: freezer override set to false
11-23 17:18:45.532  1011  1189 I ASH     : @ 103177.729: tcs3701: stop power rail pending_off timer
11-23 17:18:45.532  1011  1189 D ASH     : @ 103177.729: tcs3701: start power rail timer, state:3
11-23 17:18:45.572  1011  1189 I ASH     : @ 103177.769: tcs3701: stop power rail pending_off timer
11-23 17:18:45.572  1011  1189 D ASH     : @ 103177.769: tcs3701: start power rail timer, state:3
11-23 17:18:45.576  2191  2215 I BatteryMgr:DataCollectionService: stats => 1700756325576,11291,4457,9765,4169000,100
11-23 17:18:45.612  1011  1189 I ASH     : @ 103177.809: tcs3701: stop power rail pending_off timer
11-23 17:18:45.612  1011  1189 D ASH     : @ 103177.809: tcs3701: start power rail timer, state:3
11-23 17:18:45.652  1011  1189 I ASH     : @ 103177.849: tcs3701: stop power rail pending_off timer
11-23 17:18:45.652  1011  1189 D ASH     : @ 103177.849: tcs3701: start power rail timer, state:3
11-23 17:18:45.682  2191  2215 I BatteryMgr:DataCollectionService: stats => 1700756325682,11291,4457,9765,4169000,100
11-23 17:18:45.692  1011  1189 I ASH     : @ 103177.889: tcs3701: stop power rail pending_off timer
11-23 17:18:45.692  1011  1189 D ASH     : @ 103177.889: tcs3701: start power rail timer, state:3
11-23 17:18:45.732  1011  1189 I ASH     : @ 103177.929: tcs3701: stop power rail pending_off timer
11-23 17:18:45.732  1011  1189 D ASH     : @ 103177.929: tcs3701: start power rail timer, state:3
11-23 17:18:45.772  1011  1189 I ASH     : @ 103177.969: tcs3701: stop power rail pending_off timer
11-23 17:18:45.772  1011  1189 D ASH     : @ 103177.969: tcs3701: start power rail timer, state:3
11-23 17:18:45.787  2191  2215 I BatteryMgr:DataCollectionService: stats => 1700756325787,11291,4457,9765,4169000,100
11-23 17:18:45.812  1011  1189 I ASH     : @ 103178.009: tcs3701: stop power rail pending_off timer
11-23 17:18:45.812  1011  1189 D ASH     : @ 103178.009: tcs3701: start power rail timer, state:3
11-23 17:18:45.837  1795  2424 D WifiClientModeImpl[13802:wlan0]: updateLinkLayerStatsRssiSpeedFrequencyCapabilities rssi=-44 TxLinkspeed=866 freq=5240 RxLinkSpeed=866
11-23 17:18:45.837  1795  2424 D WifiDataStall: tx tput in kbps: 751999
11-23 17:18:45.837  1795  2424 D WifiDataStall: rx tput in kbps: 791578
11-23 17:18:45.837  1795  2424 V WifiConfigManager: Updating scan detail cache freq=5240 BSSID=f4:6d:2f:12:cc:88 RSSI=-44 for "ourhome"WPA_PSK
11-23 17:18:45.838  2782  5906 D QCNEJ/WlanStaInfoRelay: Received action: android.net.wifi.RSSI_CHANGED
11-23 17:18:45.838  1795  2424 D WifiChannelUtilization:  freq: 5240 onTime: 2997768 busyTime: 259507 onTimeDiff: 2997473 busyTimeDiff: 259490 utilization: 22 utilization t0: 22
11-23 17:18:45.838  1795  2424 D WifiDataStall:  ccaLevel = 22
11-23 17:18:45.838  1795  2424 D WifiDataStall: L2 txTputKbps: 791578, rxTputKbps: 791578, L3 txTputKbps: 25, rxTputKbps: 110, TxTrafficHigh: true, RxTrafficHigh: true, Throughput Sufficient: true
11-23 17:18:45.838  3213  3232 V WifiManager: OnWifiUsabilityStatsListener: onWifiUsabilityStats: seqNum=34059
11-23 17:18:45.838  1795  2424 D WifiScoreReport: Wifi scoring disabled - Don't check IP layer
11-23 17:18:45.838  1795  2424 D WifiScoreCard: BSSID update SIGNAL_POLL ID: 1320464697 SSID: "ourhome", BSSID: f4:6d:2f:12:cc:88, MAC: b2:2f:ec:da:4a:0c, IP: /192.168.1.104, Security type: 2, Supplicant state: COMPLETED, Wi-Fi standard: 5, RSSI: -44, Link speed: 866Mbps, Tx Link speed: 866Mbps, Max Supported Tx Link speed: 866Mbps, Rx Link speed: 866Mbps, Max Supported Rx Link speed: 866Mbps, Frequency: 5240MHz, Net ID: 12, Metered hint: false, score: 60, isUsable: true, CarrierMerged: false, SubscriptionId: -1, IsPrimary: 1, Trusted: true, Restricted: false, Ephemeral: false, OEM paid: false, OEM private: false, OSU AP: false, FQDN: <none>, Provider friendly name: <none>, Requesting package name: <none>"ourhome"wpa2-pskMLO Information: , Is TID-To-Link negotiation supported by the AP: false, AP MLD Address: <none>, AP MLO Link Id: <none>, AP MLO Affiliated links: <none>
11-23 17:18:45.838  1795  2424 D WifiScoreCard: txRate: 10 txSpeed: 866
11-23 17:18:45.838  1795  4158 I WifiService: updateWifiUsabilityScore uid=10180 seqNum=34059 score=100 predictionHorizonSec=1441795
11-23 17:18:45.838  1795  2424 D WifiScoreCard: network update SIGNAL_POLL "ourhome" ID: 1499892569 RSSI -44 txSpeed 866
11-23 17:18:45.839  2513 11659 V WifiManager: TrafficStateCallbackProxy: onStateChanged state=3
11-23 17:18:45.839  1795  2424 D WifiClientModeImpl[13802:wlan0]:  ClientModeImpl$L2ConnectedState screen=on 19 0 "ourhome" f4:6d:2f:12:cc:88 rssi=-44 f=5240 sc=60 link=866 tx=9.4, 0.4, 0.0 rx=7.9 bcn=988399 [on:276 tx:4 rx:2 period:3011] from screen [on:110694 period:6901848] score=60
11-23 17:18:45.839  1795  2424 D WifiScoreReport: Wifi scoring disabled - Notify that Wifi is usable
11-23 17:18:45.840  1795  2432 D ConnectivityService: NetReassign [no changes] [c 0] [a 0] [i 0]
11-23 17:18:45.852  1011  1189 I ASH     : @ 103178.049: tcs3701: stop power rail pending_off timer
11-23 17:18:45.852  1011  1189 D ASH     : @ 103178.049: tcs3701: start power rail timer, state:3
11-23 17:18:45.892  1011  1189 I ASH     : @ 103178.089: tcs3701: stop power rail pending_off timer
11-23 17:18:45.892  1011  1189 D ASH     : @ 103178.089: tcs3701: start power rail timer, state:3
11-23 17:18:45.893  2191  2215 I BatteryMgr:DataCollectionService: stats => 1700756325893,11291,4457,9765,4169000,100
11-23 17:18:45.932  1011  1189 I ASH     : @ 103178.129: tcs3701: stop power rail pending_off timer
11-23 17:18:45.932  1011  1189 D ASH     : @ 103178.129: tcs3701: start power rail timer, state:3
11-23 17:18:45.970  1795  4158 D ActivityManager: freezer override set to true
11-23 17:18:45.972  1011  1189 I ASH     : @ 103178.169: tcs3701: stop power rail pending_off timer
11-23 17:18:45.973  1011  1189 D ASH     : @ 103178.169: tcs3701: start power rail timer, state:3
11-23 17:18:46.000  2191  2215 I BatteryMgr:DataCollectionService: stats => 1700756326000,11291,4457,9765,4169000,100
11-23 17:18:46.012  1011  1189 I ASH     : @ 103178.209: tcs3701: stop power rail pending_off timer
11-23 17:18:46.012  1011  1189 D ASH     : @ 103178.209: tcs3701: start power rail timer, state:3
11-23 17:18:46.045  1795  2282 D ActivityManager: Skipping freeze for process 32257 com.google.android.settings.intelligence curAdj = 905(override)
11-23 17:18:46.052  1011  1189 I ASH     : @ 103178.249: tcs3701: stop power rail pending_off timer
11-23 17:18:46.052 15100 15115 I m.chrome.canary: Explicit concurrent copying GC freed 3627(175KB) AllocSpace objects, 3(60KB) LOS objects, 75% free, 11MB/47MB, paused 27us,23us total 39.586ms
11-23 17:18:46.052  1011  1189 D ASH     : @ 103178.249: tcs3701: start power rail timer, state:3
11-23 17:18:46.092  1011  1189 I ASH     : @ 103178.289: tcs3701: stop power rail pending_off timer
11-23 17:18:46.092  1011  1189 D ASH     : @ 103178.289: tcs3701: start power rail timer, state:3
11-23 17:18:46.103  1795  4158 D ActivityManager: freezer override set to false
11-23 17:18:46.107  2191  2215 I BatteryMgr:DataCollectionService: stats => 1700756326107,11291,4457,9765,4169000,100
11-23 17:18:46.132  1011  1189 I ASH     : @ 103178.329: tcs3701: stop power rail pending_off timer
11-23 17:18:46.132  1011  1189 D ASH     : @ 103178.329: tcs3701: start power rail timer, state:3
11-23 17:18:46.163  1795  2679 D ActivityManager: freezer override set to true
11-23 17:18:46.166  1795  2679 D ActivityManager: freezer override set to false
11-23 17:18:46.172  1011  1189 I ASH     : @ 103178.369: tcs3701: stop power rail pending_off timer
11-23 17:18:46.172  1011  1189 D ASH     : @ 103178.369: tcs3701: start power rail timer, state:3
11-23 17:18:46.212  1011  1189 I ASH     : @ 103178.409: tcs3701: stop power rail pending_off timer
11-23 17:18:46.212  1011  1189 D ASH     : @ 103178.409: tcs3701: start power rail timer, state:3
11-23 17:18:46.213  2191  2215 I BatteryMgr:DataCollectionService: stats => 1700756326213,11291,4457,9765,4169000,100
11-23 17:18:46.253  1011  1189 I ASH     : @ 103178.449: tcs3701: stop power rail pending_off timer
11-23 17:18:46.253  1011  1189 D ASH     : @ 103178.449: tcs3701: start power rail timer, state:3
11-23 17:18:46.292  1011  1189 I ASH     : @ 103178.489: tcs3701: stop power rail pending_off timer
11-23 17:18:46.293  1011  1189 D ASH     : @ 103178.489: tcs3701: start power rail timer, state:3
11-23 17:18:46.319  2191  2215 I BatteryMgr:DataCollectionService: stats => 1700756326319,11291,4457,9765,4169000,100
11-23 17:18:46.333  1011  1189 I ASH     : @ 103178.529: tcs3701: stop power rail pending_off timer
11-23 17:18:46.333  1011  1189 D ASH     : @ 103178.529: tcs3701: start power rail timer, state:3
11-23 17:18:46.372  1011  1189 I ASH     : @ 103178.569: tcs3701: stop power rail pending_off timer
11-23 17:18:46.372  1011  1189 D ASH     : @ 103178.569: tcs3701: start power rail timer, state:3
11-23 17:18:46.412  1011  1189 I ASH     : @ 103178.609: tcs3701: stop power rail pending_off timer
11-23 17:18:46.412  1011  1189 D ASH     : @ 103178.609: tcs3701: start power rail timer, state:3
11-23 17:18:46.425  2191  2215 I BatteryMgr:DataCollectionService: stats => 1700756326425,11291,4457,9765,4169000,100
11-23 17:18:46.452  1011  1189 I ASH     : @ 103178.649: tcs3701: stop power rail pending_off timer
11-23 17:18:46.452  1011  1189 D ASH     : @ 103178.649: tcs3701: start power rail timer, state:3
11-23 17:18:46.492  1011  1189 I ASH     : @ 103178.689: tcs3701: stop power rail pending_off timer
11-23 17:18:46.492  1011  1189 D ASH     : @ 103178.689: tcs3701: start power rail timer, state:3
11-23 17:18:46.494  1795  2679 D ActivityManager: freezer override set to true
11-23 17:18:46.500  1795  2679 D ActivityManager: freezer override set to false
11-23 17:18:46.532  1011  1189 I ASH     : @ 103178.729: tcs3701: stop power rail pending_off timer
11-23 17:18:46.532  1011  1189 D ASH     : @ 103178.729: tcs3701: start power rail timer, state:3
11-23 17:18:46.533  2191  2215 I BatteryMgr:DataCollectionService: stats => 1700756326533,11291,4457,9765,4169000,100
11-23 17:18:46.573  1011  1189 I ASH     : @ 103178.769: tcs3701: stop power rail pending_off timer
11-23 17:18:46.573  1011  1189 D ASH     : @ 103178.769: tcs3701: start power rail timer, state:3
11-23 17:18:46.612  1011  1189 I ASH     : @ 103178.809: tcs3701: stop power rail pending_off timer
11-23 17:18:46.612  1011  1189 D ASH     : @ 103178.809: tcs3701: start power rail timer, state:3
11-23 17:18:46.639  2191  2215 I BatteryMgr:DataCollectionService: stats => 1700756326639,11291,4457,9765,4169000,100
11-23 17:18:46.653  1011  1189 I ASH     : @ 103178.849: tcs3701: stop power rail pending_off timer
11-23 17:18:46.653  1011  1189 D ASH     : @ 103178.849: tcs3701: start power rail timer, state:3
11-23 17:18:46.692  1011  1189 I ASH     : @ 103178.889: tcs3701: stop power rail pending_off timer
11-23 17:18:46.692  1011  1189 D ASH     : @ 103178.889: tcs3701: start power rail timer, state:3
11-23 17:18:46.732  1011  1189 I ASH     : @ 103178.929: tcs3701: stop power rail pending_off timer
11-23 17:18:46.732  1011  1189 D ASH     : @ 103178.929: tcs3701: start power rail timer, state:3
11-23 17:18:46.746  2191  2215 I BatteryMgr:DataCollectionService: stats => 1700756326745,11291,4457,9765,4169000,100
11-23 17:18:46.773  1011  1189 I ASH     : @ 103178.969: tcs3701: stop power rail pending_off timer
11-23 17:18:46.773  1011  1189 D ASH     : @ 103178.969: tcs3701: start power rail timer, state:3
11-23 17:18:46.812  1011  1189 I ASH     : @ 103179.009: tcs3701: stop power rail pending_off timer
11-23 17:18:46.812  1011  1189 D ASH     : @ 103179.009: tcs3701: start power rail timer, state:3
11-23 17:18:46.850  2191  2215 I BatteryMgr:DataCollectionService: stats => 1700756326850,11291,4457,9765,4169000,100
11-23 17:18:46.853  1011  1189 I ASH     : @ 103179.049: tcs3701: stop power rail pending_off timer
11-23 17:18:46.853  1011  1189 D ASH     : @ 103179.049: tcs3701: start power rail timer, state:3
11-23 17:18:46.892  1011  1189 I ASH     : @ 103179.089: tcs3701: stop power rail pending_off timer
11-23 17:18:46.892  1011  1189 D ASH     : @ 103179.089: tcs3701: start power rail timer, state:3
11-23 17:18:46.932  1011  1189 I ASH     : @ 103179.129: tcs3701: stop power rail pending_off timer
11-23 17:18:46.932  1011  1189 D ASH     : @ 103179.129: tcs3701: start power rail timer, state:3
11-23 17:18:46.956  2191  2215 I BatteryMgr:DataCollectionService: stats => 1700756326956,11291,4457,9765,4169000,100
11-23 17:18:46.972  1011  1189 I ASH     : @ 103179.169: tcs3701: stop power rail pending_off timer
11-23 17:18:46.972  1011  1189 D ASH     : @ 103179.169: tcs3701: start power rail timer, state:3
11-23 17:18:47.012  1011  1189 I ASH     : @ 103179.209: tcs3701: stop power rail pending_off timer
11-23 17:18:47.012  1011  1189 D ASH     : @ 103179.209: tcs3701: start power rail timer, state:3
11-23 17:18:47.053  1011  1189 I ASH     : @ 103179.249: tcs3701: stop power rail pending_off timer
11-23 17:18:47.053  1011  1189 D ASH     : @ 103179.249: tcs3701: start power rail timer, state:3
11-23 17:18:47.061  2191  2215 I BatteryMgr:DataCollectionService: stats => 1700756327061,11291,4457,9765,4169000,100
11-23 17:18:47.092  1011  1189 I ASH     : @ 103179.289: tcs3701: stop power rail pending_off timer
11-23 17:18:47.092  1011  1189 D ASH     : @ 103179.289: tcs3701: start power rail timer, state:3
11-23 17:18:47.132  1011  1189 I ASH     : @ 103179.329: tcs3701: stop power rail pending_off timer
11-23 17:18:47.132  1011  1189 D ASH     : @ 103179.329: tcs3701: start power rail timer, state:3
11-23 17:18:47.169  2191  2215 I BatteryMgr:DataCollectionService: stats => 1700756327169,11291,4457,9765,4169000,100
11-23 17:18:47.172  1011  1189 I ASH     : @ 103179.369: tcs3701: stop power rail pending_off timer
11-23 17:18:47.172  1011  1189 D ASH     : @ 103179.369: tcs3701: start power rail timer, state:3
11-23 17:18:47.213  1011  1189 I ASH     : @ 103179.409: tcs3701: stop power rail pending_off timer
11-23 17:18:47.213  1011  1189 D ASH     : @ 103179.409: tcs3701: start power rail timer, state:3
11-23 17:18:47.252  1011  1189 I ASH     : @ 103179.449: tcs3701: stop power rail pending_off timer
11-23 17:18:47.252  1011  1189 D ASH     : @ 103179.449: tcs3701: start power rail timer, state:3
11-23 17:18:47.274  2191  2215 I BatteryMgr:DataCollectionService: stats => 1700756327274,11291,4457,9765,4169000,100
11-23 17:18:47.292  1011  1189 I ASH     : @ 103179.489: tcs3701: stop power rail pending_off timer
11-23 17:18:47.292  1011  1189 D ASH     : @ 103179.489: tcs3701: start power rail timer, state:3
11-23 17:18:47.326  1795  2679 D ActivityManager: freezer override set to true
11-23 17:18:47.332  1011  1189 I ASH     : @ 103179.529: tcs3701: stop power rail pending_off timer
11-23 17:18:47.332  1011  1189 D ASH     : @ 103179.529: tcs3701: start power rail timer, state:3
11-23 17:18:47.372  1011  1189 I ASH     : @ 103179.569: tcs3701: stop power rail pending_off timer
11-23 17:18:47.372  1011  1189 D ASH     : @ 103179.569: tcs3701: start power rail timer, state:3
11-23 17:18:47.382  2191  2215 I BatteryMgr:DataCollectionService: stats => 1700756327381,11291,4457,9765,4169000,100
11-23 17:18:47.400 15100 15115 I m.chrome.canary: Explicit concurrent copying GC freed 3697(192KB) AllocSpace objects, 5(164KB) LOS objects, 75% free, 11MB/47MB, paused 30us,22us total 40.574ms
11-23 17:18:47.412  1011  1189 I ASH     : @ 103179.609: tcs3701: stop power rail pending_off timer
11-23 17:18:47.412  1011  1189 D ASH     : @ 103179.609: tcs3701: start power rail timer, state:3
11-23 17:18:47.452  1011  1189 I ASH     : @ 103179.649: tcs3701: stop power rail pending_off timer
11-23 17:18:47.452  1011  1189 D ASH     : @ 103179.649: tcs3701: start power rail timer, state:3
11-23 17:18:47.452  1795  2679 D ActivityManager: freezer override set to false
11-23 17:18:47.492  2191  2215 I BatteryMgr:DataCollectionService: stats => 1700756327491,11291,4457,9765,4169000,100
11-23 17:18:47.492  1011  1189 I ASH     : @ 103179.689: tcs3701: stop power rail pending_off timer
11-23 17:18:47.492  1011  1189 D ASH     : @ 103179.689: tcs3701: start power rail timer, state:3
11-23 17:18:47.497  1795  2679 D ActivityManager: freezer override set to true
11-23 17:18:47.501  1795  4158 D ActivityManager: freezer override set to false
11-23 17:18:47.532  1011  1189 I ASH     : @ 103179.729: tcs3701: stop power rail pending_off timer
11-23 17:18:47.532  1011  1189 D ASH     : @ 103179.729: tcs3701: start power rail timer, state:3
11-23 17:18:47.572  1011  1189 I ASH     : @ 103179.769: tcs3701: stop power rail pending_off timer
11-23 17:18:47.572  1011  1189 D ASH     : @ 103179.769: tcs3701: start power rail timer, state:3
11-23 17:18:47.599  2191  2215 I BatteryMgr:DataCollectionService: stats => 1700756327599,11291,4457,9765,4169000,100
11-23 17:18:47.612  1011  1189 I ASH     : @ 103179.809: tcs3701: stop power rail pending_off timer
11-23 17:18:47.612  1011  1189 D ASH     : @ 103179.809: tcs3701: start power rail timer, state:3
11-23 17:18:47.652  1011  1189 I ASH     : @ 103179.849: tcs3701: stop power rail pending_off timer
11-23 17:18:47.652  1011  1189 D ASH     : @ 103179.849: tcs3701: start power rail timer, state:3
11-23 17:18:47.692  1011  1189 I ASH     : @ 103179.889: tcs3701: stop power rail pending_off timer
11-23 17:18:47.692  1011  1189 D ASH     : @ 103179.889: tcs3701: start power rail timer, state:3
11-23 17:18:47.705  2191  2215 I BatteryMgr:DataCollectionService: stats => 1700756327705,11291,4457,9765,4169000,100
11-23 17:18:47.732  1011  1189 I ASH     : @ 103179.929: tcs3701: stop power rail pending_off timer
11-23 17:18:47.732  1011  1189 D ASH     : @ 103179.929: tcs3701: start power rail timer, state:3
11-23 17:18:47.773  1011  1189 I ASH     : @ 103179.969: tcs3701: stop power rail pending_off timer
11-23 17:18:47.773  1011  1189 D ASH     : @ 103179.969: tcs3701: start power rail timer, state:3
11-23 17:18:47.812  1011  1189 I ASH     : @ 103180.009: tcs3701: stop power rail pending_off timer
11-23 17:18:47.812  1011  1189 D ASH     : @ 103180.009: tcs3701: start power rail timer, state:3
11-23 17:18:47.814  2191  2215 I BatteryMgr:DataCollectionService: stats => 1700756327814,11291,4457,9765,4169000,100
11-23 17:18:47.852  1011  1189 I ASH     : @ 103180.049: tcs3701: stop power rail pending_off timer
11-23 17:18:47.852  1011  1189 D ASH     : @ 103180.049: tcs3701: start power rail timer, state:3
11-23 17:18:47.892  1011  1189 I ASH     : @ 103180.089: tcs3701: stop power rail pending_off timer
11-23 17:18:47.892  1011  1189 D ASH     : @ 103180.089: tcs3701: start power rail timer, state:3
11-23 17:18:47.922  2191  2215 I BatteryMgr:DataCollectionService: stats => 1700756327922,11291,4457,9765,4169000,100
11-23 17:18:47.932  1011  1189 I ASH     : @ 103180.129: tcs3701: stop power rail pending_off timer
11-23 17:18:47.932  1011  1189 D ASH     : @ 103180.129: tcs3701: start power rail timer, state:3
11-23 17:18:47.972  1011  1189 I ASH     : @ 103180.169: tcs3701: stop power rail pending_off timer
11-23 17:18:47.972  1011  1189 D ASH     : @ 103180.169: tcs3701: start power rail timer, state:3
11-23 17:18:48.012  1011  1189 I ASH     : @ 103180.209: tcs3701: stop power rail pending_off timer
11-23 17:18:48.012  1011  1189 D ASH     : @ 103180.209: tcs3701: start power rail timer, state:3
11-23 17:18:48.027  2191  2215 I BatteryMgr:DataCollectionService: stats => 1700756328027,11291,4457,9765,4169000,100
11-23 17:18:48.053  1011  1189 I ASH     : @ 103180.249: tcs3701: stop power rail pending_off timer
11-23 17:18:48.053  1011  1189 D ASH     : @ 103180.249: tcs3701: start power rail timer, state:3
11-23 17:18:48.092  1011  1189 I ASH     : @ 103180.289: tcs3701: stop power rail pending_off timer
11-23 17:18:48.092  1011  1189 D ASH     : @ 103180.289: tcs3701: start power rail timer, state:3
11-23 17:18:48.131  2191  2215 I BatteryMgr:DataCollectionService: stats => 1700756328131,11291,4457,9765,4169000,100
11-23 17:18:48.132  1011  1189 I ASH     : @ 103180.329: tcs3701: stop power rail pending_off timer
11-23 17:18:48.132  1011  1189 D ASH     : @ 103180.329: tcs3701: start power rail timer, state:3
11-23 17:18:48.172  1011  1189 I ASH     : @ 103180.369: tcs3701: stop power rail pending_off timer
11-23 17:18:48.172  1011  1189 D ASH     : @ 103180.369: tcs3701: start power rail timer, state:3
11-23 17:18:48.212  1011  1189 I ASH     : @ 103180.409: tcs3701: stop power rail pending_off timer
11-23 17:18:48.212  1011  1189 D ASH     : @ 103180.409: tcs3701: start power rail timer, state:3
11-23 17:18:48.238  2191  2215 I BatteryMgr:DataCollectionService: stats => 1700756328238,11291,4457,9765,4169000,100
11-23 17:18:48.253  1011  1189 I ASH     : @ 103180.449: tcs3701: stop power rail pending_off timer
11-23 17:18:48.253  1011  1189 D ASH     : @ 103180.449: tcs3701: start power rail timer, state:3
11-23 17:18:48.288  1039  1095 D rlsservice: MonitorDisplayStatus client num 0, display status 1, sensor status 0
11-23 17:18:48.292  1011  1189 I ASH     : @ 103180.489: tcs3701: stop power rail pending_off timer
11-23 17:18:48.292  1011  1189 D ASH     : @ 103180.489: tcs3701: start power rail timer, state:3
11-23 17:18:48.332  1011  1189 I ASH     : @ 103180.529: tcs3701: stop power rail pending_off timer
11-23 17:18:48.332  1011  1189 D ASH     : @ 103180.529: tcs3701: start power rail timer, state:3
11-23 17:18:48.344  2191  2215 I BatteryMgr:DataCollectionService: stats => 1700756328344,11291,4457,9765,4169000,100
11-23 17:18:48.372  1011  1189 I ASH     : @ 103180.569: tcs3701: stop power rail pending_off timer
11-23 17:18:48.372  1011  1189 D ASH     : @ 103180.569: tcs3701: start power rail timer, state:3
11-23 17:18:48.412  1011  1189 I ASH     : @ 103180.609: tcs3701: stop power rail pending_off timer
11-23 17:18:48.412  1011  1189 D ASH     : @ 103180.609: tcs3701: start power rail timer, state:3
11-23 17:18:48.450  2191  2215 I BatteryMgr:DataCollectionService: stats => 1700756328450,11291,4457,9765,4169000,100
11-23 17:18:48.452  1011  1189 I ASH     : @ 103180.649: tcs3701: stop power rail pending_off timer
11-23 17:18:48.453  1011  1189 D ASH     : @ 103180.649: tcs3701: start power rail timer, state:3
11-23 17:18:48.492  1011  1189 I ASH     : @ 103180.689: tcs3701: stop power rail pending_off timer
11-23 17:18:48.492  1011  1189 D ASH     : @ 103180.689: tcs3701: start power rail timer, state:3
11-23 17:18:48.512  1795  4158 D ActivityManager: freezer override set to true
11-23 17:18:48.516  1795  4158 D ActivityManager: freezer override set to false
11-23 17:18:48.532  1011  1189 I ASH     : @ 103180.729: tcs3701: stop power rail pending_off timer
11-23 17:18:48.532  1011  1189 D ASH     : @ 103180.729: tcs3701: start power rail timer, state:3
11-23 17:18:48.557  2191  2215 I BatteryMgr:DataCollectionService: stats => 1700756328557,11291,4457,9765,4169000,100
11-23 17:18:48.572  1011  1189 I ASH     : @ 103180.769: tcs3701: stop power rail pending_off timer
11-23 17:18:48.572  1011  1189 D ASH     : @ 103180.769: tcs3701: start power rail timer, state:3
11-23 17:18:48.612  1011  1189 I ASH     : @ 103180.809: tcs3701: stop power rail pending_off timer
11-23 17:18:48.612  1011  1189 D ASH     : @ 103180.809: tcs3701: start power rail timer, state:3
11-23 17:18:48.652  1011  1189 I ASH     : @ 103180.849: tcs3701: stop power rail pending_off timer
11-23 17:18:48.652  1011  1189 D ASH     : @ 103180.849: tcs3701: start power rail timer, state:3
11-23 17:18:48.662  2191  2215 I BatteryMgr:DataCollectionService: stats => 1700756328662,11291,4457,9765,4169000,100
11-23 17:18:48.686  1795  4158 D ActivityManager: freezer override set to true
11-23 17:18:48.692  1011  1189 I ASH     : @ 103180.889: tcs3701: stop power rail pending_off timer
11-23 17:18:48.692  1011  1189 D ASH     : @ 103180.889: tcs3701: start power rail timer, state:3
11-23 17:18:48.732  1011  1189 I ASH     : @ 103180.929: tcs3701: stop power rail pending_off timer
11-23 17:18:48.732  1011  1189 D ASH     : @ 103180.929: tcs3701: start power rail timer, state:3
11-23 17:18:48.761 15100 15115 I m.chrome.canary: Explicit concurrent copying GC freed 3813(191KB) AllocSpace objects, 4(80KB) LOS objects, 75% free, 11MB/47MB, paused 35us,22us total 40.248ms
11-23 17:18:48.768  2191  2215 I BatteryMgr:DataCollectionService: stats => 1700756328768,11291,4457,9765,4169000,100
11-23 17:18:48.772  1011  1189 I ASH     : @ 103180.969: tcs3701: stop power rail pending_off timer
11-23 17:18:48.772  1011  1189 D ASH     : @ 103180.969: tcs3701: start power rail timer, state:3
11-23 17:18:48.812  1795  4158 D ActivityManager: freezer override set to false
11-23 17:18:48.812  1011  1189 I ASH     : @ 103181.009: tcs3701: stop power rail pending_off timer
11-23 17:18:48.812  1011  1189 D ASH     : @ 103181.009: tcs3701: start power rail timer, state:3
11-23 17:18:48.847  1795  2424 D WifiClientModeImpl[13802:wlan0]: updateLinkLayerStatsRssiSpeedFrequencyCapabilities rssi=-44 TxLinkspeed=866 freq=5240 RxLinkSpeed=866
11-23 17:18:48.847  1795  2424 D WifiDataStall: tx tput in kbps: 791578
11-23 17:18:48.847  1795  2424 D WifiDataStall: rx tput in kbps: 791578
11-23 17:18:48.847  1795  2424 V WifiConfigManager: Updating scan detail cache freq=5240 BSSID=f4:6d:2f:12:cc:88 RSSI=-44 for "ourhome"WPA_PSK
11-23 17:18:48.847  1795  2424 D WifiChannelUtilization:  freq: 5240 onTime: 2997830 busyTime: 259508 onTimeDiff: 2997535 busyTimeDiff: 259491 utilization: 22 utilization t0: 22
11-23 17:18:48.847  1795  2424 D WifiDataStall:  ccaLevel = 22
11-23 17:18:48.847  3213  3232 V WifiManager: OnWifiUsabilityStatsListener: onWifiUsabilityStats: seqNum=34060
11-23 17:18:48.847  1795  2424 D WifiDataStall: L2 txTputKbps: 751999, rxTputKbps: 791578, L3 txTputKbps: 0, rxTputKbps: 1, TxTrafficHigh: false, RxTrafficHigh: false, Throughput Sufficient: true
11-23 17:18:48.848  1795  2424 D WifiScoreReport: Wifi scoring disabled - Don't check IP layer
11-23 17:18:48.848  1795  2424 D WifiScoreCard: BSSID update SIGNAL_POLL ID: 1320464697 SSID: "ourhome", BSSID: f4:6d:2f:12:cc:88, MAC: b2:2f:ec:da:4a:0c, IP: /192.168.1.104, Security type: 2, Supplicant state: COMPLETED, Wi-Fi standard: 5, RSSI: -44, Link speed: 866Mbps, Tx Link speed: 866Mbps, Max Supported Tx Link speed: 866Mbps, Rx Link speed: 866Mbps, Max Supported Rx Link speed: 866Mbps, Frequency: 5240MHz, Net ID: 12, Metered hint: false, score: 60, isUsable: true, CarrierMerged: false, SubscriptionId: -1, IsPrimary: 1, Trusted: true, Restricted: false, Ephemeral: false, OEM paid: false, OEM private: false, OSU AP: false, FQDN: <none>, Provider friendly name: <none>, Requesting package name: <none>"ourhome"wpa2-pskMLO Information: , Is TID-To-Link negotiation supported by the AP: false, AP MLD Address: <none>, AP MLO Link Id: <none>, AP MLO Affiliated links: <none>
11-23 17:18:48.848  1795  2424 D WifiScoreCard: txRate: 5 txSpeed: 866
11-23 17:18:48.848  1795  2424 D WifiScoreCard: network update SIGNAL_POLL "ourhome" ID: 1499892569 RSSI -44 txSpeed 866
11-23 17:18:48.848  1795  4158 I WifiService: updateWifiUsabilityScore uid=10180 seqNum=34060 score=100 predictionHorizonSec=1441795
11-23 17:18:48.848  1795  2424 D WifiClientModeImpl[13802:wlan0]:  ClientModeImpl$L2ConnectedState screen=on 19 0 "ourhome" f4:6d:2f:12:cc:88 rssi=-44 f=5240 sc=60 link=866 tx=3.8, 0.1, 0.0 rx=3.5 bcn=988428 [on:62 tx:1 rx:0 period:3009] from screen [on:110756 period:6904857] score=60
11-23 17:18:48.849  1795  2424 D WifiScoreReport: Wifi scoring disabled - Notify that Wifi is usable
11-23 17:18:48.851  1795  2432 D ConnectivityService: NetReassign [no changes] [c 0] [a 0] [i 1]
11-23 17:18:48.852  1011  1189 I ASH     : @ 103181.049: tcs3701: stop power rail pending_off timer
11-23 17:18:48.852  1011  1189 D ASH     : @ 103181.049: tcs3701: start power rail timer, state:3
11-23 17:18:48.853  1795  4158 D ActivityManager: freezer override set to true
11-23 17:18:48.855  1795  4158 D ActivityManager: freezer override set to false
11-23 17:18:48.872  2191  2215 I BatteryMgr:DataCollectionService: stats => 1700756328872,11291,4457,9765,4169000,100
