11-23 17:19:08.613  1011  1189 I ASH     : @ 103200.809: tcs3701: stop power rail pending_off timer
11-23 17:19:08.613  1011  1189 D ASH     : @ 103200.809: tcs3701: start power rail timer, state:3
11-23 17:19:08.613  2191  2215 I BatteryMgr:DataCollectionService: stats => 1700756348613,12817,4457,9765,4169000,100
11-23 17:19:08.652  1011  1189 I ASH     : @ 103200.849: tcs3701: stop power rail pending_off timer
11-23 17:19:08.652  1011  1189 D ASH     : @ 103200.849: tcs3701: start power rail timer, state:3
11-23 17:19:08.692  1011  1189 I ASH     : @ 103200.889: tcs3701: stop power rail pending_off timer
11-23 17:19:08.692  1011  1189 D ASH     : @ 103200.889: tcs3701: start power rail timer, state:3
11-23 17:19:08.719  2191  2215 I BatteryMgr:DataCollectionService: stats => 1700756348719,12817,4457,9765,4169000,100
11-23 17:19:08.732  1011  1189 I ASH     : @ 103200.929: tcs3701: stop power rail pending_off timer
11-23 17:19:08.732  1011  1189 D ASH     : @ 103200.929: tcs3701: start power rail timer, state:3
11-23 17:19:08.772  1011  1189 I ASH     : @ 103200.969: tcs3701: stop power rail pending_off timer
11-23 17:19:08.772  1011  1189 D ASH     : @ 103200.969: tcs3701: start power rail timer, state:3
11-23 17:19:08.812  1011  1189 I ASH     : @ 103201.009: tcs3701: stop power rail pending_off timer
11-23 17:19:08.812  1011  1189 D ASH     : @ 103201.009: tcs3701: start power rail timer, state:3
11-23 17:19:08.825  2191  2215 I BatteryMgr:DataCollectionService: stats => 1700756348825,12817,4457,9765,4169000,100
11-23 17:19:08.852  1011  1189 I ASH     : @ 103201.049: tcs3701: stop power rail pending_off timer
11-23 17:19:08.852  1011  1189 D ASH     : @ 103201.049: tcs3701: start power rail timer, state:3
11-23 17:19:08.892  1011  1189 I ASH     : @ 103201.089: tcs3701: stop power rail pending_off timer
11-23 17:19:08.892  1011  1189 D ASH     : @ 103201.089: tcs3701: start power rail timer, state:3
11-23 17:19:08.931  2191  2215 I BatteryMgr:DataCollectionService: stats => 1700756348931,12817,4457,9765,4169000,100
11-23 17:19:08.932  1011  1189 I ASH     : @ 103201.129: tcs3701: stop power rail pending_off timer
11-23 17:19:08.932  1011  1189 D ASH     : @ 103201.129: tcs3701: start power rail timer, state:3
11-23 17:19:08.972  1011  1189 I ASH     : @ 103201.169: tcs3701: stop power rail pending_off timer
11-23 17:19:08.972  1011  1189 D ASH     : @ 103201.169: tcs3701: start power rail timer, state:3
11-23 17:19:09.013  1011  1189 I ASH     : @ 103201.209: tcs3701: stop power rail pending_off timer
11-23 17:19:09.013  1011  1189 D ASH     : @ 103201.209: tcs3701: start power rail timer, state:3
11-23 17:19:09.037  2191  2215 I BatteryMgr:DataCollectionService: stats => 1700756349037,12817,4457,9765,4169000,100
11-23 17:19:09.052  1011  1189 I ASH     : @ 103201.249: tcs3701: stop power rail pending_off timer
11-23 17:19:09.052  1011  1189 D ASH     : @ 103201.249: tcs3701: start power rail timer, state:3
11-23 17:19:09.092  1011  1189 I ASH     : @ 103201.289: tcs3701: stop power rail pending_off timer
11-23 17:19:09.092  1011  1189 D ASH     : @ 103201.289: tcs3701: start power rail timer, state:3
11-23 17:19:09.132  1011  1189 I ASH     : @ 103201.329: tcs3701: stop power rail pending_off timer
11-23 17:19:09.132  1011  1189 D ASH     : @ 103201.329: tcs3701: start power rail timer, state:3
11-23 17:19:09.143  2191  2215 I BatteryMgr:DataCollectionService: stats => 1700756349143,12817,4457,9765,4169000,100
11-23 17:19:09.172  1011  1189 I ASH     : @ 103201.369: tcs3701: stop power rail pending_off timer
11-23 17:19:09.172  1011  1189 D ASH     : @ 103201.369: tcs3701: start power rail timer, state:3
11-23 17:19:09.213  1011  1189 I ASH     : @ 103201.409: tcs3701: stop power rail pending_off timer
11-23 17:19:09.213  1011  1189 D ASH     : @ 103201.409: tcs3701: start power rail timer, state:3
11-23 17:19:09.228  1795  4165 D ActivityManager: freezer override set to true
11-23 17:19:09.249  2191  2215 I BatteryMgr:DataCollectionService: stats => 1700756349249,12817,4457,9765,4169000,100
11-23 17:19:09.252  1011  1189 I ASH     : @ 103201.449: tcs3701: stop power rail pending_off timer
11-23 17:19:09.252  1011  1189 D ASH     : @ 103201.449: tcs3701: start power rail timer, state:3
11-23 17:19:09.292  1011  1189 I ASH     : @ 103201.489: tcs3701: stop power rail pending_off timer
11-23 17:19:09.292  1011  1189 D ASH     : @ 103201.489: tcs3701: start power rail timer, state:3
11-23 17:19:09.332  1011  1189 I ASH     : @ 103201.529: tcs3701: stop power rail pending_off timer
11-23 17:19:09.332  1011  1189 D ASH     : @ 103201.529: tcs3701: start power rail timer, state:3
11-23 17:19:09.341 15100 15115 I m.chrome.canary: Explicit concurrent copying GC freed 3569(176KB) AllocSpace objects, 3(60KB) LOS objects, 75% free, 11MB/47MB, paused 72us,20us total 78.683ms
11-23 17:19:09.354  2191  2215 I BatteryMgr:DataCollectionService: stats => 1700756349354,12817,4457,9765,4169000,100
11-23 17:19:09.372  1011  1189 I ASH     : @ 103201.569: tcs3701: stop power rail pending_off timer
11-23 17:19:09.372  1011  1189 D ASH     : @ 103201.569: tcs3701: start power rail timer, state:3
11-23 17:19:09.388  1795  4165 D ActivityManager: freezer override set to false
11-23 17:19:09.412  1011  1189 I ASH     : @ 103201.609: tcs3701: stop power rail pending_off timer
11-23 17:19:09.412  1011  1189 D ASH     : @ 103201.609: tcs3701: start power rail timer, state:3
11-23 17:19:09.424  1795  4165 D ActivityManager: freezer override set to true
11-23 17:19:09.427  1795  4165 D ActivityManager: freezer override set to false
11-23 17:19:09.452  1011  1189 I ASH     : @ 103201.649: tcs3701: stop power rail pending_off timer
11-23 17:19:09.452  1011  1189 D ASH     : @ 103201.649: tcs3701: start power rail timer, state:3
11-23 17:19:09.462  2191  2215 I BatteryMgr:DataCollectionService: stats => 1700756349462,12817,4457,9765,4169000,100
11-23 17:19:09.492  1011  1189 I ASH     : @ 103201.689: tcs3701: stop power rail pending_off timer
11-23 17:19:09.492  1011  1189 D ASH     : @ 103201.689: tcs3701: start power rail timer, state:3
11-23 17:19:09.532  1011  1189 I ASH     : @ 103201.729: tcs3701: stop power rail pending_off timer
11-23 17:19:09.532  1011  1189 D ASH     : @ 103201.729: tcs3701: start power rail timer, state:3
11-23 17:19:09.555  1795  4165 D ActivityManager: freezer override set to true
11-23 17:19:09.560  1795  4165 D ActivityManager: freezer override set to false
11-23 17:19:09.567  2191  2215 I BatteryMgr:DataCollectionService: stats => 1700756349567,12817,4457,9765,4169000,100
11-23 17:19:09.572  1011  1189 I ASH     : @ 103201.769: tcs3701: stop power rail pending_off timer
11-23 17:19:09.572  1011  1189 D ASH     : @ 103201.769: tcs3701: start power rail timer, state:3
11-23 17:19:09.613  1011  1189 I ASH     : @ 103201.809: tcs3701: stop power rail pending_off timer
11-23 17:19:09.613  1011  1189 D ASH     : @ 103201.809: tcs3701: start power rail timer, state:3
11-23 17:19:09.652  1011  1189 I ASH     : @ 103201.849: tcs3701: stop power rail pending_off timer
11-23 17:19:09.652  1011  1189 D ASH     : @ 103201.849: tcs3701: start power rail timer, state:3
11-23 17:19:09.674  2191  2215 I BatteryMgr:DataCollectionService: stats => 1700756349674,12817,4457,9765,4169000,100
11-23 17:19:09.692  1011  1189 I ASH     : @ 103201.889: tcs3701: stop power rail pending_off timer
11-23 17:19:09.692  1011  1189 D ASH     : @ 103201.889: tcs3701: start power rail timer, state:3
11-23 17:19:09.732  1011  1189 I ASH     : @ 103201.929: tcs3701: stop power rail pending_off timer
11-23 17:19:09.732  1011  1189 D ASH     : @ 103201.929: tcs3701: start power rail timer, state:3
11-23 17:19:09.772  1011  1189 I ASH     : @ 103201.969: tcs3701: stop power rail pending_off timer
11-23 17:19:09.772  1011  1189 D ASH     : @ 103201.969: tcs3701: start power rail timer, state:3
11-23 17:19:09.780  2191  2215 I BatteryMgr:DataCollectionService: stats => 1700756349780,12817,4457,9765,4169000,100
11-23 17:19:09.812  1011  1189 I ASH     : @ 103202.009: tcs3701: stop power rail pending_off timer
11-23 17:19:09.812  1011  1189 D ASH     : @ 103202.009: tcs3701: start power rail timer, state:3
11-23 17:19:09.852  1011  1189 I ASH     : @ 103202.049: tcs3701: stop power rail pending_off timer
11-23 17:19:09.852  1011  1189 D ASH     : @ 103202.049: tcs3701: start power rail timer, state:3
11-23 17:19:09.886  2191  2215 I BatteryMgr:DataCollectionService: stats => 1700756349886,12817,4457,9765,4169000,100
11-23 17:19:09.892  1011  1189 I ASH     : @ 103202.089: tcs3701: stop power rail pending_off timer
11-23 17:19:09.893  1011  1189 D ASH     : @ 103202.089: tcs3701: start power rail timer, state:3
11-23 17:19:09.932  1011  1189 I ASH     : @ 103202.129: tcs3701: stop power rail pending_off timer
11-23 17:19:09.932  1011  1189 D ASH     : @ 103202.129: tcs3701: start power rail timer, state:3
11-23 17:19:09.935  1795  2424 D WifiClientModeImpl[13802:wlan0]: updateLinkLayerStatsRssiSpeedFrequencyCapabilities rssi=-45 TxLinkspeed=866 freq=5240 RxLinkSpeed=866
11-23 17:19:09.936  1795  2424 D WifiDataStall: tx tput in kbps: 751999
11-23 17:19:09.936  1795  2424 D WifiDataStall: rx tput in kbps: 791578
11-23 17:19:09.936  1795  2424 V WifiConfigManager: Updating scan detail cache freq=5240 BSSID=f4:6d:2f:12:cc:88 RSSI=-44 for "ourhome"WPA_PSK
11-23 17:19:09.936  2782  5906 D QCNEJ/WlanStaInfoRelay: Received action: android.net.wifi.RSSI_CHANGED
11-23 17:19:09.937  1795  2424 D WifiChannelUtilization:  freq: 5240 onTime: 2998285 busyTime: 259529 onTimeDiff: 2997990 busyTimeDiff: 259512 utilization: 22 utilization t0: 22
11-23 17:19:09.937  1795  2424 D WifiDataStall:  ccaLevel = 22
11-23 17:19:09.937  1795  2424 D WifiDataStall: L2 txTputKbps: 751999, rxTputKbps: 791578, L3 txTputKbps: 0, rxTputKbps: 0, TxTrafficHigh: false, RxTrafficHigh: false, Throughput Sufficient: true
11-23 17:19:09.937  1795  2424 D WifiScoreReport: Wifi scoring disabled - Don't check IP layer
11-23 17:19:09.937  1795  2424 D WifiScoreCard: BSSID update SIGNAL_POLL ID: 1320464697 SSID: "ourhome", BSSID: f4:6d:2f:12:cc:88, MAC: b2:2f:ec:da:4a:0c, IP: /192.168.1.104, Security type: 2, Supplicant state: COMPLETED, Wi-Fi standard: 5, RSSI: -45, Link speed: 866Mbps, Tx Link speed: 866Mbps, Max Supported Tx Link speed: 866Mbps, Rx Link speed: 866Mbps, Max Supported Rx Link speed: 866Mbps, Frequency: 5240MHz, Net ID: 12, Metered hint: false, score: 60, isUsable: true, CarrierMerged: false, SubscriptionId: -1, IsPrimary: 1, Trusted: true, Restricted: false, Ephemeral: false, OEM paid: false, OEM private: false, OSU AP: false, FQDN: <none>, Provider friendly name: <none>, Requesting package name: <none>"ourhome"wpa2-pskMLO Information: , Is TID-To-Link negotiation supported by the AP: false, AP MLD Address: <none>, AP MLO Link Id: <none>, AP MLO Affiliated links: <none>
11-23 17:19:09.937  1795  2424 D WifiScoreCard: txRate: 1 txSpeed: 866
11-23 17:19:09.937  1795  2424 D WifiScoreCard: network update SIGNAL_POLL "ourhome" ID: 1499892569 RSSI -45 txSpeed -1
11-23 17:19:09.937  2513 20462 V WifiManager: TrafficStateCallbackProxy: onStateChanged state=3
11-23 17:19:09.937  1795  2424 D WifiClientModeImpl[13802:wlan0]:  ClientModeImpl$L2ConnectedState screen=on 19 0 "ourhome" f4:6d:2f:12:cc:88 rssi=-45 f=5240 sc=60 link=866 tx=0.2, 0.0, 0.0 rx=0.2 bcn=988634 [on:55 tx:1 rx:0 period:3014] from screen [on:111211 period:6925946] score=60
11-23 17:19:09.937  3213  3232 V WifiManager: OnWifiUsabilityStatsListener: onWifiUsabilityStats: seqNum=34067
11-23 17:19:09.938  1795  4165 I WifiService: updateWifiUsabilityScore uid=10180 seqNum=34067 score=100 predictionHorizonSec=1441795
11-23 17:19:09.938  1795  2424 D WifiScoreReport: Wifi scoring disabled - Notify that Wifi is usable
11-23 17:19:09.941  1795  2432 D ConnectivityService: NetReassign [no changes] [c 1] [a 0] [i 1]
11-23 17:19:09.972  1011  1189 I ASH     : @ 103202.169: tcs3701: stop power rail pending_off timer
11-23 17:19:09.972  1011  1189 D ASH     : @ 103202.169: tcs3701: start power rail timer, state:3
11-23 17:19:09.992  2191  2215 I BatteryMgr:DataCollectionService: stats => 1700756349992,12817,4457,9765,4169000,100
11-23 17:19:10.013  1011  1189 I ASH     : @ 103202.209: tcs3701: stop power rail pending_off timer
11-23 17:19:10.013  1011  1189 D ASH     : @ 103202.209: tcs3701: start power rail timer, state:3
11-23 17:19:10.052  1011  1189 I ASH     : @ 103202.249: tcs3701: stop power rail pending_off timer
11-23 17:19:10.052  1011  1189 D ASH     : @ 103202.249: tcs3701: start power rail timer, state:3
11-23 17:19:10.093  1011  1189 I ASH     : @ 103202.289: tcs3701: stop power rail pending_off timer
11-23 17:19:10.093  1011  1189 D ASH     : @ 103202.289: tcs3701: start power rail timer, state:3
11-23 17:19:10.098  2191  2215 I BatteryMgr:DataCollectionService: stats => 1700756350098,12817,4457,9765,4169000,100
11-23 17:19:10.132  1011  1189 I ASH     : @ 103202.329: tcs3701: stop power rail pending_off timer
11-23 17:19:10.132  1011  1189 D ASH     : @ 103202.329: tcs3701: start power rail timer, state:3
11-23 17:19:10.172  1011  1189 I ASH     : @ 103202.369: tcs3701: stop power rail pending_off timer
11-23 17:19:10.172  1011  1189 D ASH     : @ 103202.369: tcs3701: start power rail timer, state:3
11-23 17:19:10.203  2191  2215 I BatteryMgr:DataCollectionService: stats => 1700756350203,12817,4457,9765,4169000,100
11-23 17:19:10.212  1011  1189 I ASH     : @ 103202.409: tcs3701: stop power rail pending_off timer
11-23 17:19:10.213  1011  1189 D ASH     : @ 103202.409: tcs3701: start power rail timer, state:3
11-23 17:19:10.252  1011  1189 I ASH     : @ 103202.449: tcs3701: stop power rail pending_off timer
11-23 17:19:10.252  1011  1189 D ASH     : @ 103202.449: tcs3701: start power rail timer, state:3
11-23 17:19:10.292  1011  1189 I ASH     : @ 103202.489: tcs3701: stop power rail pending_off timer
11-23 17:19:10.292  1011  1189 D ASH     : @ 103202.489: tcs3701: start power rail timer, state:3
11-23 17:19:10.309  2191  2215 I BatteryMgr:DataCollectionService: stats => 1700756350309,12817,4457,9765,4169000,100
11-23 17:19:10.332  1011  1189 I ASH     : @ 103202.529: tcs3701: stop power rail pending_off timer
11-23 17:19:10.332  1011  1189 D ASH     : @ 103202.529: tcs3701: start power rail timer, state:3
11-23 17:19:10.372  1011  1189 I ASH     : @ 103202.569: tcs3701: stop power rail pending_off timer
11-23 17:19:10.372  1011  1189 D ASH     : @ 103202.569: tcs3701: start power rail timer, state:3
11-23 17:19:10.412  1011  1189 I ASH     : @ 103202.609: tcs3701: stop power rail pending_off timer
11-23 17:19:10.412  1011  1189 D ASH     : @ 103202.609: tcs3701: start power rail timer, state:3
11-23 17:19:10.415  2191  2215 I BatteryMgr:DataCollectionService: stats => 1700756350414,12817,4457,9765,4169000,100
11-23 17:19:10.452  1011  1189 I ASH     : @ 103202.649: tcs3701: stop power rail pending_off timer
11-23 17:19:10.452  1011  1189 D ASH     : @ 103202.649: tcs3701: start power rail timer, state:3
11-23 17:19:10.492  1011  1189 I ASH     : @ 103202.689: tcs3701: stop power rail pending_off timer
11-23 17:19:10.493  1011  1189 D ASH     : @ 103202.689: tcs3701: start power rail timer, state:3
11-23 17:19:10.524  2191  2215 I BatteryMgr:DataCollectionService: stats => 1700756350524,12817,4457,9765,4169000,100
11-23 17:19:10.532  1011  1189 I ASH     : @ 103202.729: tcs3701: stop power rail pending_off timer
11-23 17:19:10.532  1011  1189 D ASH     : @ 103202.729: tcs3701: start power rail timer, state:3
11-23 17:19:10.542  1795  4165 D ActivityManager: freezer override set to true
11-23 17:19:10.547  1795  4165 D ActivityManager: freezer override set to false
11-23 17:19:10.563  1795  4165 D ActivityManager: freezer override set to true
11-23 17:19:10.572  1011  1189 I ASH     : @ 103202.769: tcs3701: stop power rail pending_off timer
11-23 17:19:10.572  1011  1189 D ASH     : @ 103202.769: tcs3701: start power rail timer, state:3
11-23 17:19:10.612  1011  1189 I ASH     : @ 103202.809: tcs3701: stop power rail pending_off timer
11-23 17:19:10.612  1011  1189 D ASH     : @ 103202.809: tcs3701: start power rail timer, state:3
11-23 17:19:10.632  2191  2215 I BatteryMgr:DataCollectionService: stats => 1700756350632,12817,4457,9765,4169000,100
11-23 17:19:10.639 15100 15115 I m.chrome.canary: Explicit concurrent copying GC freed 3800(191KB) AllocSpace objects, 4(80KB) LOS objects, 75% free, 11MB/47MB, paused 67us,20us total 42.210ms
11-23 17:19:10.652  1011  1189 I ASH     : @ 103202.849: tcs3701: stop power rail pending_off timer
11-23 17:19:10.652  1011  1189 D ASH     : @ 103202.849: tcs3701: start power rail timer, state:3
11-23 17:19:10.687  1795  4165 D ActivityManager: freezer override set to false
11-23 17:19:10.692  1011  1189 I ASH     : @ 103202.889: tcs3701: stop power rail pending_off timer
11-23 17:19:10.692  1011  1189 D ASH     : @ 103202.889: tcs3701: start power rail timer, state:3
11-23 17:19:10.727  1795  4165 D ActivityManager: freezer override set to true
11-23 17:19:10.729  1795  4165 D ActivityManager: freezer override set to false
11-23 17:19:10.732  1011  1189 I ASH     : @ 103202.929: tcs3701: stop power rail pending_off timer
11-23 17:19:10.732  1011  1189 D ASH     : @ 103202.929: tcs3701: start power rail timer, state:3
11-23 17:19:10.737  2191  2215 I BatteryMgr:DataCollectionService: stats => 1700756350737,12817,4457,9765,4169000,100
11-23 17:19:10.772  1011  1189 I ASH     : @ 103202.969: tcs3701: stop power rail pending_off timer
11-23 17:19:10.772  1011  1189 D ASH     : @ 103202.969: tcs3701: start power rail timer, state:3
11-23 17:19:10.812  1011  1189 I ASH     : @ 103203.009: tcs3701: stop power rail pending_off timer
11-23 17:19:10.812  1011  1189 D ASH     : @ 103203.009: tcs3701: start power rail timer, state:3
11-23 17:19:10.842  2191  2215 I BatteryMgr:DataCollectionService: stats => 1700756350842,12817,4457,9765,4169000,100
11-23 17:19:10.852  1011  1189 I ASH     : @ 103203.049: tcs3701: stop power rail pending_off timer
11-23 17:19:10.852  1011  1189 D ASH     : @ 103203.049: tcs3701: start power rail timer, state:3
11-23 17:19:10.892  1011  1189 I ASH     : @ 103203.089: tcs3701: stop power rail pending_off timer
11-23 17:19:10.893  1011  1189 D ASH     : @ 103203.089: tcs3701: start power rail timer, state:3
11-23 17:19:10.932  1011  1189 I ASH     : @ 103203.129: tcs3701: stop power rail pending_off timer
11-23 17:19:10.932  1011  1189 D ASH     : @ 103203.129: tcs3701: start power rail timer, state:3
11-23 17:19:10.948  2191  2215 I BatteryMgr:DataCollectionService: stats => 1700756350948,12817,4457,9765,4169000,100
11-23 17:19:10.972  1011  1189 I ASH     : @ 103203.169: tcs3701: stop power rail pending_off timer
11-23 17:19:10.972  1011  1189 D ASH     : @ 103203.169: tcs3701: start power rail timer, state:3
11-23 17:19:11.012  1011  1189 I ASH     : @ 103203.209: tcs3701: stop power rail pending_off timer
11-23 17:19:11.012  1011  1189 D ASH     : @ 103203.209: tcs3701: start power rail timer, state:3
11-23 17:19:11.052  1011  1189 I ASH     : @ 103203.249: tcs3701: stop power rail pending_off timer
11-23 17:19:11.052  1011  1189 D ASH     : @ 103203.249: tcs3701: start power rail timer, state:3
11-23 17:19:11.055  2191  2215 I BatteryMgr:DataCollectionService: stats => 1700756351055,12817,4457,9765,4169000,100
11-23 17:19:11.092  1011  1189 I ASH     : @ 103203.289: tcs3701: stop power rail pending_off timer
11-23 17:19:11.092  1011  1189 D ASH     : @ 103203.289: tcs3701: start power rail timer, state:3
11-23 17:19:11.132  1011  1189 I ASH     : @ 103203.329: tcs3701: stop power rail pending_off timer
11-23 17:19:11.132  1011  1189 D ASH     : @ 103203.329: tcs3701: start power rail timer, state:3
11-23 17:19:11.160  2191  2215 I BatteryMgr:DataCollectionService: stats => 1700756351160,12817,4457,9765,4169000,100
11-23 17:19:11.172  1011  1189 I ASH     : @ 103203.369: tcs3701: stop power rail pending_off timer
11-23 17:19:11.172  1011  1189 D ASH     : @ 103203.369: tcs3701: start power rail timer, state:3
11-23 17:19:11.212  1011  1189 I ASH     : @ 103203.409: tcs3701: stop power rail pending_off timer
11-23 17:19:11.212  1011  1189 D ASH     : @ 103203.409: tcs3701: start power rail timer, state:3
11-23 17:19:11.252  1011  1189 I ASH     : @ 103203.449: tcs3701: stop power rail pending_off timer
11-23 17:19:11.252  1011  1189 D ASH     : @ 103203.449: tcs3701: start power rail timer, state:3
11-23 17:19:11.267  2191  2215 I BatteryMgr:DataCollectionService: stats => 1700756351266,12817,4457,9765,4169000,100
11-23 17:19:11.292  1011  1189 I ASH     : @ 103203.489: tcs3701: stop power rail pending_off timer
11-23 17:19:11.293  1011  1189 D ASH     : @ 103203.489: tcs3701: start power rail timer, state:3
11-23 17:19:11.333  1011  1189 I ASH     : @ 103203.529: tcs3701: stop power rail pending_off timer
11-23 17:19:11.333  1011  1189 D ASH     : @ 103203.529: tcs3701: start power rail timer, state:3
11-23 17:19:11.372  2191  2215 I BatteryMgr:DataCollectionService: stats => 1700756351372,12817,4457,9765,4169000,100
11-23 17:19:11.372  1011  1189 I ASH     : @ 103203.569: tcs3701: stop power rail pending_off timer
11-23 17:19:11.372  1011  1189 D ASH     : @ 103203.569: tcs3701: start power rail timer, state:3
11-23 17:19:11.412  1011  1189 I ASH     : @ 103203.609: tcs3701: stop power rail pending_off timer
11-23 17:19:11.412  1011  1189 D ASH     : @ 103203.609: tcs3701: start power rail timer, state:3
11-23 17:19:11.452  1011  1189 I ASH     : @ 103203.649: tcs3701: stop power rail pending_off timer
11-23 17:19:11.452  1011  1189 D ASH     : @ 103203.649: tcs3701: start power rail timer, state:3
11-23 17:19:11.477  2191  2215 I BatteryMgr:DataCollectionService: stats => 1700756351477,12817,4457,9765,4169000,100
11-23 17:19:11.493  1011  1189 I ASH     : @ 103203.689: tcs3701: stop power rail pending_off timer
11-23 17:19:11.493  1011  1189 D ASH     : @ 103203.689: tcs3701: start power rail timer, state:3
11-23 17:19:11.532  1011  1189 I ASH     : @ 103203.729: tcs3701: stop power rail pending_off timer
11-23 17:19:11.532  1011  1189 D ASH     : @ 103203.729: tcs3701: start power rail timer, state:3
11-23 17:19:11.548  1795  4165 D ActivityManager: freezer override set to true
11-23 17:19:11.551  1795  4165 D ActivityManager: freezer override set to false
11-23 17:19:11.572  1011  1189 I ASH     : @ 103203.769: tcs3701: stop power rail pending_off timer
11-23 17:19:11.572  1011  1189 D ASH     : @ 103203.769: tcs3701: start power rail timer, state:3
11-23 17:19:11.583  2191  2215 I BatteryMgr:DataCollectionService: stats => 1700756351583,12817,4457,9765,4169000,100
11-23 17:19:11.612  1011  1189 I ASH     : @ 103203.809: tcs3701: stop power rail pending_off timer
11-23 17:19:11.612  1011  1189 D ASH     : @ 103203.809: tcs3701: start power rail timer, state:3
11-23 17:19:11.652  1011  1189 I ASH     : @ 103203.849: tcs3701: stop power rail pending_off timer
11-23 17:19:11.652  1011  1189 D ASH     : @ 103203.849: tcs3701: start power rail timer, state:3
11-23 17:19:11.688  2191  2215 I BatteryMgr:DataCollectionService: stats => 1700756351688,12817,4457,9765,4169000,100
11-23 17:19:11.692  1011  1189 I ASH     : @ 103203.889: tcs3701: stop power rail pending_off timer
11-23 17:19:11.692  1011  1189 D ASH     : @ 103203.889: tcs3701: start power rail timer, state:3
11-23 17:19:11.732  1011  1189 I ASH     : @ 103203.929: tcs3701: stop power rail pending_off timer
11-23 17:19:11.732  1011  1189 D ASH     : @ 103203.929: tcs3701: start power rail timer, state:3
11-23 17:19:11.772  1011  1189 I ASH     : @ 103203.969: tcs3701: stop power rail pending_off timer
11-23 17:19:11.772  1011  1189 D ASH     : @ 103203.969: tcs3701: start power rail timer, state:3
11-23 17:19:11.796  2191  2215 I BatteryMgr:DataCollectionService: stats => 1700756351796,12817,4457,9765,4169000,100
11-23 17:19:11.812  1011  1189 I ASH     : @ 103204.009: tcs3701: stop power rail pending_off timer
11-23 17:19:11.812  1011  1189 D ASH     : @ 103204.009: tcs3701: start power rail timer, state:3
11-23 17:19:11.852  1011  1189 I ASH     : @ 103204.049: tcs3701: stop power rail pending_off timer
11-23 17:19:11.852  1011  1189 D ASH     : @ 103204.049: tcs3701: start power rail timer, state:3
11-23 17:19:11.887  1795  4165 D ActivityManager: freezer override set to true
11-23 17:19:11.892  1011  1189 I ASH     : @ 103204.089: tcs3701: stop power rail pending_off timer
11-23 17:19:11.893  1011  1189 D ASH     : @ 103204.089: tcs3701: start power rail timer, state:3
11-23 17:19:11.902  2191  2215 I BatteryMgr:DataCollectionService: stats => 1700756351902,12817,4457,9765,4169000,100
11-23 17:19:11.932  1011  1189 I ASH     : @ 103204.129: tcs3701: stop power rail pending_off timer
11-23 17:19:11.932  1011  1189 D ASH     : @ 103204.129: tcs3701: start power rail timer, state:3
11-23 17:19:11.970 15100 15115 I m.chrome.canary: Explicit concurrent copying GC freed 3588(176KB) AllocSpace objects, 3(60KB) LOS objects, 75% free, 11MB/47MB, paused 125us,20us total 49.370ms
11-23 17:19:11.972  1011  1189 I ASH     : @ 103204.169: tcs3701: stop power rail pending_off timer
11-23 17:19:11.972  1011  1189 D ASH     : @ 103204.169: tcs3701: start power rail timer, state:3
11-23 17:19:12.008  2191  2215 I BatteryMgr:DataCollectionService: stats => 1700756352008,12817,4457,9765,4169000,100
11-23 17:19:12.012  1011  1189 I ASH     : @ 103204.209: tcs3701: stop power rail pending_off timer
11-23 17:19:12.012  1011  1189 D ASH     : @ 103204.209: tcs3701: start power rail timer, state:3
11-23 17:19:12.018  1795  4165 D ActivityManager: freezer override set to false
11-23 17:19:12.052  1011  1189 I ASH     : @ 103204.249: tcs3701: stop power rail pending_off timer
11-23 17:19:12.052  1011  1189 D ASH     : @ 103204.249: tcs3701: start power rail timer, state:3
11-23 17:19:12.070  1795  4165 D ActivityManager: freezer override set to true
11-23 17:19:12.072  1795  4165 D ActivityManager: freezer override set to false
11-23 17:19:12.092  1011  1189 I ASH     : @ 103204.289: tcs3701: stop power rail pending_off timer
11-23 17:19:12.092  1011  1189 D ASH     : @ 103204.289: tcs3701: start power rail timer, state:3
11-23 17:19:12.113  2191  2215 I BatteryMgr:DataCollectionService: stats => 1700756352113,12817,4457,9765,4169000,100
11-23 17:19:12.132  1011  1189 I ASH     : @ 103204.329: tcs3701: stop power rail pending_off timer
11-23 17:19:12.132  1011  1189 D ASH     : @ 103204.329: tcs3701: start power rail timer, state:3
11-23 17:19:12.172  1011  1189 I ASH     : @ 103204.369: tcs3701: stop power rail pending_off timer
11-23 17:19:12.172  1011  1189 D ASH     : @ 103204.369: tcs3701: start power rail timer, state:3
11-23 17:19:12.212  1011  1189 I ASH     : @ 103204.409: tcs3701: stop power rail pending_off timer
11-23 17:19:12.212  1011  1189 D ASH     : @ 103204.409: tcs3701: start power rail timer, state:3
11-23 17:19:12.218  2191  2215 I BatteryMgr:DataCollectionService: stats => 1700756352218,12817,4457,9765,4169000,100
11-23 17:19:12.252  1011  1189 I ASH     : @ 103204.449: tcs3701: stop power rail pending_off timer
11-23 17:19:12.252  1011  1189 D ASH     : @ 103204.449: tcs3701: start power rail timer, state:3
11-23 17:19:12.293  1011  1189 I ASH     : @ 103204.489: tcs3701: stop power rail pending_off timer
11-23 17:19:12.293  1011  1189 D ASH     : @ 103204.489: tcs3701: start power rail timer, state:3
11-23 17:19:12.323  2191  2215 I BatteryMgr:DataCollectionService: stats => 1700756352323,12817,4457,9765,4169000,100
11-23 17:19:12.332  1011  1189 I ASH     : @ 103204.529: tcs3701: stop power rail pending_off timer
11-23 17:19:12.332  1011  1189 D ASH     : @ 103204.529: tcs3701: start power rail timer, state:3
11-23 17:19:12.372  1011  1189 I ASH     : @ 103204.569: tcs3701: stop power rail pending_off timer
11-23 17:19:12.373  1011  1189 D ASH     : @ 103204.569: tcs3701: start power rail timer, state:3
11-23 17:19:12.412  1011  1189 I ASH     : @ 103204.609: tcs3701: stop power rail pending_off timer
11-23 17:19:12.412  1011  1189 D ASH     : @ 103204.609: tcs3701: start power rail timer, state:3
11-23 17:19:12.429  2191  2215 I BatteryMgr:DataCollectionService: stats => 1700756352429,12817,4457,9765,4169000,100
11-23 17:19:12.452  1011  1189 I ASH     : @ 103204.649: tcs3701: stop power rail pending_off timer
11-23 17:19:12.452  1011  1189 D ASH     : @ 103204.649: tcs3701: start power rail timer, state:3
11-23 17:19:12.492  1011  1189 I ASH     : @ 103204.689: tcs3701: stop power rail pending_off timer
11-23 17:19:12.492  1011  1189 D ASH     : @ 103204.689: tcs3701: start power rail timer, state:3
11-23 17:19:12.532  1011  1189 I ASH     : @ 103204.729: tcs3701: stop power rail pending_off timer
11-23 17:19:12.532  1011  1189 D ASH     : @ 103204.729: tcs3701: start power rail timer, state:3
11-23 17:19:12.535  2191  2215 I BatteryMgr:DataCollectionService: stats => 1700756352535,12817,4457,9765,4169000,100
11-23 17:19:12.551  1795  4165 D ActivityManager: freezer override set to true
11-23 17:19:12.554  1795  4165 D ActivityManager: freezer override set to false
11-23 17:19:12.573  1011  1189 I ASH     : @ 103204.769: tcs3701: stop power rail pending_off timer
11-23 17:19:12.573  1011  1189 D ASH     : @ 103204.769: tcs3701: start power rail timer, state:3
11-23 17:19:12.612  1011  1189 I ASH     : @ 103204.809: tcs3701: stop power rail pending_off timer
11-23 17:19:12.612  1011  1189 D ASH     : @ 103204.809: tcs3701: start power rail timer, state:3
11-23 17:19:12.640  2191  2215 I BatteryMgr:DataCollectionService: stats => 1700756352640,12817,4457,9765,4169000,100
11-23 17:19:12.652  1011  1189 I ASH     : @ 103204.849: tcs3701: stop power rail pending_off timer
11-23 17:19:12.652  1011  1189 D ASH     : @ 103204.849: tcs3701: start power rail timer, state:3
11-23 17:19:12.692  1011  1189 I ASH     : @ 103204.889: tcs3701: stop power rail pending_off timer
11-23 17:19:12.692  1011  1189 D ASH     : @ 103204.889: tcs3701: start power rail timer, state:3
11-23 17:19:12.732  1011  1189 I ASH     : @ 103204.929: tcs3701: stop power rail pending_off timer
11-23 17:19:12.732  1011  1189 D ASH     : @ 103204.929: tcs3701: start power rail timer, state:3
11-23 17:19:12.746  2191  2215 I BatteryMgr:DataCollectionService: stats => 1700756352746,12817,4457,9765,4169000,100
11-23 17:19:12.772  1011  1189 I ASH     : @ 103204.969: tcs3701: stop power rail pending_off timer
11-23 17:19:12.772  1011  1189 D ASH     : @ 103204.969: tcs3701: start power rail timer, state:3
11-23 17:19:12.812  1011  1189 I ASH     : @ 103205.009: tcs3701: stop power rail pending_off timer
11-23 17:19:12.812  1011  1189 D ASH     : @ 103205.009: tcs3701: start power rail timer, state:3
11-23 17:19:12.851  2191  2215 I BatteryMgr:DataCollectionService: stats => 1700756352851,12817,4457,9765,4169000,100
11-23 17:19:12.852  1011  1189 I ASH     : @ 103205.049: tcs3701: stop power rail pending_off timer
11-23 17:19:12.852  1011  1189 D ASH     : @ 103205.049: tcs3701: start power rail timer, state:3
11-23 17:19:12.892  1011  1189 I ASH     : @ 103205.089: tcs3701: stop power rail pending_off timer
11-23 17:19:12.892  1011  1189 D ASH     : @ 103205.089: tcs3701: start power rail timer, state:3
11-23 17:19:12.932  1011  1189 I ASH     : @ 103205.129: tcs3701: stop power rail pending_off timer
11-23 17:19:12.932  1011  1189 D ASH     : @ 103205.129: tcs3701: start power rail timer, state:3
11-23 17:19:12.949  1795  2424 D WifiClientModeImpl[13802:wlan0]: updateLinkLayerStatsRssiSpeedFrequencyCapabilities rssi=-44 TxLinkspeed=866 freq=5240 RxLinkSpeed=866
11-23 17:19:12.950  1795  2424 D WifiDataStall: tx tput in kbps: 751999
11-23 17:19:12.950  1795  2424 D WifiDataStall: rx tput in kbps: 791578
11-23 17:19:12.950  1795  2424 V WifiConfigManager: Updating scan detail cache freq=5240 BSSID=f4:6d:2f:12:cc:88 RSSI=-44 for "ourhome"WPA_PSK
11-23 17:19:12.951  2782  5906 D QCNEJ/WlanStaInfoRelay: Received action: android.net.wifi.RSSI_CHANGED
11-23 17:19:12.951  1795  2424 D WifiChannelUtilization:  freq: 5240 onTime: 2998285 busyTime: 259529 onTimeDiff: 2997990 busyTimeDiff: 259512 utilization: 22 utilization t0: 22
11-23 17:19:12.951  1795  2424 D WifiDataStall:  ccaLevel = 22
11-23 17:19:12.951  1795  2424 D WifiDataStall: L2 txTputKbps: 751999, rxTputKbps: 791578, L3 txTputKbps: 0, rxTputKbps: 0, TxTrafficHigh: false, RxTrafficHigh: false, Throughput Sufficient: true
11-23 17:19:12.951  1795  2424 D WifiScoreReport: Wifi scoring disabled - Don't check IP layer
11-23 17:19:12.951  1795  2424 D WifiScoreCard: BSSID update SIGNAL_POLL ID: 1320464697 SSID: "ourhome", BSSID: f4:6d:2f:12:cc:88, MAC: b2:2f:ec:da:4a:0c, IP: /192.168.1.104, Security type: 2, Supplicant state: COMPLETED, Wi-Fi standard: 5, RSSI: -44, Link speed: 866Mbps, Tx Link speed: 866Mbps, Max Supported Tx Link speed: 866Mbps, Rx Link speed: 866Mbps, Max Supported Rx Link speed: 866Mbps, Frequency: 5240MHz, Net ID: 12, Metered hint: false, score: 60, isUsable: true, CarrierMerged: false, SubscriptionId: -1, IsPrimary: 1, Trusted: true, Restricted: false, Ephemeral: false, OEM paid: false, OEM private: false, OSU AP: false, FQDN: <none>, Provider friendly name: <none>, Requesting package name: <none>"ourhome"wpa2-pskMLO Information: , Is TID-To-Link negotiation supported by the AP: false, AP MLD Address: <none>, AP MLO Link Id: <none>, AP MLO Affiliated links: <none>
11-23 17:19:12.951  1795  2424 D WifiScoreCard: txRate: 1 txSpeed: 866
11-23 17:19:12.951  3213  3232 V WifiManager: OnWifiUsabilityStatsListener: onWifiUsabilityStats: seqNum=34068
11-23 17:19:12.951  1795  2424 D WifiScoreCard: network update SIGNAL_POLL "ourhome" ID: 1499892569 RSSI -44 txSpeed -1
11-23 17:19:12.952  1795  2424 D WifiClientModeImpl[13802:wlan0]:  ClientModeImpl$L2ConnectedState screen=on 19 0 "ourhome" f4:6d:2f:12:cc:88 rssi=-44 f=5240 sc=60 link=866 tx=0.1, 0.0, 0.0 rx=0.0 bcn=988663 [on:0 tx:0 rx:0 period:3015] from screen [on:111211 period:6928961] score=60
11-23 17:19:12.952  2513 20462 V WifiManager: TrafficStateCallbackProxy: onStateChanged state=0
11-23 17:19:12.952  1795  4165 I WifiService: updateWifiUsabilityScore uid=10180 seqNum=34068 score=100 predictionHorizonSec=1441795
11-23 17:19:12.954  1795  2424 D WifiScoreReport: Wifi scoring disabled - Notify that Wifi is usable
11-23 17:19:12.956  2191  2215 I BatteryMgr:DataCollectionService: stats => 1700756352956,12817,4457,9765,4169000,100
11-23 17:19:12.956  1795  2432 D ConnectivityService: NetReassign [no changes] [c 0] [a 0] [i 2]
11-23 17:19:12.973  1011  1189 I ASH     : @ 103205.169: tcs3701: stop power rail pending_off timer
11-23 17:19:12.973  1011  1189 D ASH     : @ 103205.169: tcs3701: start power rail timer, state:3
11-23 17:19:13.012  1011  1189 I ASH     : @ 103205.209: tcs3701: stop power rail pending_off timer
11-23 17:19:13.012  1011  1189 D ASH     : @ 103205.209: tcs3701: start power rail timer, state:3
11-23 17:19:13.052  1011  1189 I ASH     : @ 103205.249: tcs3701: stop power rail pending_off timer
11-23 17:19:13.052  1011  1189 D ASH     : @ 103205.249: tcs3701: start power rail timer, state:3
11-23 17:19:13.063  2191  2215 I BatteryMgr:DataCollectionService: stats => 1700756353063,12817,4457,9765,4169000,100
11-23 17:19:13.092  1011  1189 I ASH     : @ 103205.289: tcs3701: stop power rail pending_off timer
11-23 17:19:13.092  1011  1189 D ASH     : @ 103205.289: tcs3701: start power rail timer, state:3
11-23 17:19:13.132  1011  1189 I ASH     : @ 103205.329: tcs3701: stop power rail pending_off timer
11-23 17:19:13.132  1011  1189 D ASH     : @ 103205.329: tcs3701: start power rail timer, state:3
11-23 17:19:13.169  2191  2215 I BatteryMgr:DataCollectionService: stats => 1700756353169,12817,4457,9765,4169000,100
11-23 17:19:13.172  1011  1189 I ASH     : @ 103205.369: tcs3701: stop power rail pending_off timer
11-23 17:19:13.172  1011  1189 D ASH     : @ 103205.369: tcs3701: start power rail timer, state:3
11-23 17:19:13.203  1795  2679 D ActivityManager: freezer override set to true
11-23 17:19:13.212  1011  1189 I ASH     : @ 103205.409: tcs3701: stop power rail pending_off timer
11-23 17:19:13.212  1011  1189 D ASH     : @ 103205.409: tcs3701: start power rail timer, state:3
11-23 17:19:13.252  1011  1189 I ASH     : @ 103205.449: tcs3701: stop power rail pending_off timer
11-23 17:19:13.252  1011  1189 D ASH     : @ 103205.449: tcs3701: start power rail timer, state:3
11-23 17:19:13.275  2191  2215 I BatteryMgr:DataCollectionService: stats => 1700756353275,12817,4457,9765,4169000,100
11-23 17:19:13.292  1011  1189 I ASH     : @ 103205.489: tcs3701: stop power rail pending_off timer
11-23 17:19:13.292  1011  1189 D ASH     : @ 103205.489: tcs3701: start power rail timer, state:3
11-23 17:19:13.295 15100 15115 I m.chrome.canary: Explicit concurrent copying GC freed 3571(176KB) AllocSpace objects, 3(60KB) LOS objects, 75% free, 11MB/47MB, paused 26us,21us total 39.783ms
11-23 17:19:13.332  1011  1189 I ASH     : @ 103205.529: tcs3701: stop power rail pending_off timer
11-23 17:19:13.332  1011  1189 D ASH     : @ 103205.529: tcs3701: start power rail timer, state:3
11-23 17:19:13.347  1795  2679 D ActivityManager: freezer override set to false
11-23 17:19:13.372  1011  1189 I ASH     : @ 103205.569: tcs3701: stop power rail pending_off timer
11-23 17:19:13.372  1011  1189 D ASH     : @ 103205.569: tcs3701: start power rail timer, state:3
11-23 17:19:13.380  2191  2215 I BatteryMgr:DataCollectionService: stats => 1700756353380,12817,4457,9765,4169000,100
11-23 17:19:13.396  1795  2679 D ActivityManager: freezer override set to true
11-23 17:19:13.399  1795  2679 D ActivityManager: freezer override set to false
11-23 17:19:13.412  1011  1189 I ASH     : @ 103205.609: tcs3701: stop power rail pending_off timer
11-23 17:19:13.412  1011  1189 D ASH     : @ 103205.609: tcs3701: start power rail timer, state:3
11-23 17:19:13.452  1011  1189 I ASH     : @ 103205.649: tcs3701: stop power rail pending_off timer
11-23 17:19:13.452  1011  1189 D ASH     : @ 103205.649: tcs3701: start power rail timer, state:3
11-23 17:19:13.486  2191  2215 I BatteryMgr:DataCollectionService: stats => 1700756353485,12817,4457,9765,4169000,100
11-23 17:19:13.492  1011  1189 I ASH     : @ 103205.689: tcs3701: stop power rail pending_off timer
11-23 17:19:13.492  1011  1189 D ASH     : @ 103205.689: tcs3701: start power rail timer, state:3
11-23 17:19:13.532  1011  1189 I ASH     : @ 103205.729: tcs3701: stop power rail pending_off timer
11-23 17:19:13.532  1011  1189 D ASH     : @ 103205.729: tcs3701: start power rail timer, state:3
11-23 17:19:13.549  1795  2679 D ActivityManager: freezer override set to true
11-23 17:19:13.553  1795  2679 D ActivityManager: freezer override set to false
11-23 17:19:13.572  1011  1189 I ASH     : @ 103205.769: tcs3701: stop power rail pending_off timer
11-23 17:19:13.572  1011  1189 D ASH     : @ 103205.769: tcs3701: start power rail timer, state:3
11-23 17:19:13.591  2191  2215 I BatteryMgr:DataCollectionService: stats => 1700756353591,12817,4457,9765,4169000,100
11-23 17:19:13.612  1011  1189 I ASH     : @ 103205.809: tcs3701: stop power rail pending_off timer
11-23 17:19:13.612  1011  1189 D ASH     : @ 103205.809: tcs3701: start power rail timer, state:3
11-23 17:19:13.652  1011  1189 I ASH     : @ 103205.849: tcs3701: stop power rail pending_off timer
11-23 17:19:13.652  1011  1189 D ASH     : @ 103205.849: tcs3701: start power rail timer, state:3
11-23 17:19:13.692  1011  1189 I ASH     : @ 103205.889: tcs3701: stop power rail pending_off timer
11-23 17:19:13.692  1011  1189 D ASH     : @ 103205.889: tcs3701: start power rail timer, state:3
11-23 17:19:13.698  2191  2215 I BatteryMgr:DataCollectionService: stats => 1700756353697,12817,4457,9765,4169000,100
11-23 17:19:13.732  1011  1189 I ASH     : @ 103205.929: tcs3701: stop power rail pending_off timer
11-23 17:19:13.732  1011  1189 D ASH     : @ 103205.929: tcs3701: start power rail timer, state:3
11-23 17:19:13.773  1011  1189 I ASH     : @ 103205.969: tcs3701: stop power rail pending_off timer
11-23 17:19:13.773  1011  1189 D ASH     : @ 103205.969: tcs3701: start power rail timer, state:3
11-23 17:19:13.804  2191  2215 I BatteryMgr:DataCollectionService: stats => 1700756353804,12817,4457,9765,4169000,100
11-23 17:19:13.813  1011  1189 I ASH     : @ 103206.009: tcs3701: stop power rail pending_off timer
11-23 17:19:13.813  1011  1189 D ASH     : @ 103206.009: tcs3701: start power rail timer, state:3
11-23 17:19:13.852  1011  1189 I ASH     : @ 103206.049: tcs3701: stop power rail pending_off timer
11-23 17:19:13.852  1011  1189 D ASH     : @ 103206.049: tcs3701: start power rail timer, state:3
11-23 17:19:13.892  1011  1189 I ASH     : @ 103206.089: tcs3701: stop power rail pending_off timer
11-23 17:19:13.892  1011  1189 D ASH     : @ 103206.089: tcs3701: start power rail timer, state:3
11-23 17:19:13.910  2191  2215 I BatteryMgr:DataCollectionService: stats => 1700756353910,12817,4457,9765,4169000,100
11-23 17:19:13.932  1011  1189 I ASH     : @ 103206.129: tcs3701: stop power rail pending_off timer
11-23 17:19:13.932  1011  1189 D ASH     : @ 103206.129: tcs3701: start power rail timer, state:3
11-23 17:19:13.972  1011  1189 I ASH     : @ 103206.169: tcs3701: stop power rail pending_off timer
11-23 17:19:13.972  1011  1189 D ASH     : @ 103206.169: tcs3701: start power rail timer, state:3
11-23 17:19:14.012  1011  1189 I ASH     : @ 103206.209: tcs3701: stop power rail pending_off timer
11-23 17:19:14.012  1011  1189 D ASH     : @ 103206.209: tcs3701: start power rail timer, state:3
11-23 17:19:14.016  2191  2215 I BatteryMgr:DataCollectionService: stats => 1700756354016,12817,4457,9765,4169000,100
11-23 17:19:14.052  1011  1189 I ASH     : @ 103206.249: tcs3701: stop power rail pending_off timer
11-23 17:19:14.052  1011  1189 D ASH     : @ 103206.249: tcs3701: start power rail timer, state:3
11-23 17:19:14.093  1011  1189 I ASH     : @ 103206.289: tcs3701: stop power rail pending_off timer
11-23 17:19:14.093  1011  1189 D ASH     : @ 103206.289: tcs3701: start power rail timer, state:3
11-23 17:19:14.123  2191  2215 I BatteryMgr:DataCollectionService: stats => 1700756354122,12817,4457,9765,4169000,100
11-23 17:19:14.132  1011  1189 I ASH     : @ 103206.329: tcs3701: stop power rail pending_off timer
11-23 17:19:14.132  1011  1189 D ASH     : @ 103206.329: tcs3701: start power rail timer, state:3
11-23 17:19:14.172  1011  1189 I ASH     : @ 103206.369: tcs3701: stop power rail pending_off timer
11-23 17:19:14.172  1011  1189 D ASH     : @ 103206.369: tcs3701: start power rail timer, state:3
11-23 17:19:14.212  1011  1189 I ASH     : @ 103206.409: tcs3701: stop power rail pending_off timer
11-23 17:19:14.212  1011  1189 D ASH     : @ 103206.409: tcs3701: start power rail timer, state:3
11-23 17:19:14.228  2191  2215 I BatteryMgr:DataCollectionService: stats => 1700756354228,12817,4457,9765,4169000,100
11-23 17:19:14.252  1011  1189 I ASH     : @ 103206.449: tcs3701: stop power rail pending_off timer
11-23 17:19:14.252  1011  1189 D ASH     : @ 103206.449: tcs3701: start power rail timer, state:3
11-23 17:19:14.292  1011  1189 I ASH     : @ 103206.489: tcs3701: stop power rail pending_off timer
11-23 17:19:14.292  1011  1189 D ASH     : @ 103206.489: tcs3701: start power rail timer, state:3
11-23 17:19:14.332  1011  1189 I ASH     : @ 103206.529: tcs3701: stop power rail pending_off timer
11-23 17:19:14.332  1011  1189 D ASH     : @ 103206.529: tcs3701: start power rail timer, state:3
11-23 17:19:14.335  2191  2215 I BatteryMgr:DataCollectionService: stats => 1700756354335,12817,4457,9765,4169000,100
11-23 17:19:14.353  9158  9158 I EuiccGoogle: [2] EuiccServiceImpl.onDestroy: onDestroy: EuiccService on destroy.
11-23 17:19:14.372  1011  1189 I ASH     : @ 103206.569: tcs3701: stop power rail pending_off timer
11-23 17:19:14.372  1011  1189 D ASH     : @ 103206.569: tcs3701: start power rail timer, state:3
11-23 17:19:14.412  1011  1189 I ASH     : @ 103206.609: tcs3701: stop power rail pending_off timer
11-23 17:19:14.412  1011  1189 D ASH     : @ 103206.609: tcs3701: start power rail timer, state:3
11-23 17:19:14.440  2191  2215 I BatteryMgr:DataCollectionService: stats => 1700756354440,12817,4457,9765,4169000,100
11-23 17:19:14.452  1011  1189 I ASH     : @ 103206.649: tcs3701: stop power rail pending_off timer
11-23 17:19:14.452  1011  1189 D ASH     : @ 103206.649: tcs3701: start power rail timer, state:3
11-23 17:19:14.492  1011  1189 I ASH     : @ 103206.689: tcs3701: stop power rail pending_off timer
11-23 17:19:14.492  1011  1189 D ASH     : @ 103206.689: tcs3701: start power rail timer, state:3
11-23 17:19:14.532  1011  1189 I ASH     : @ 103206.729: tcs3701: stop power rail pending_off timer
11-23 17:19:14.532  1011  1189 D ASH     : @ 103206.729: tcs3701: start power rail timer, state:3
11-23 17:19:14.549  2191  2215 I BatteryMgr:DataCollectionService: stats => 1700756354549,12817,4457,9765,4169000,100
11-23 17:19:14.555  1795  3613 D ActivityManager: freezer override set to true
11-23 17:19:14.559  1795  3613 D ActivityManager: freezer override set to false
11-23 17:19:14.573  1011  1189 I ASH     : @ 103206.769: tcs3701: stop power rail pending_off timer
11-23 17:19:14.573  1011  1189 D ASH     : @ 103206.769: tcs3701: start power rail timer, state:3
11-23 17:19:14.579  1795  2679 D ActivityManager: freezer override set to true
11-23 17:19:14.612  1011  1189 I ASH     : @ 103206.809: tcs3701: stop power rail pending_off timer
11-23 17:19:14.612  1011  1189 D ASH     : @ 103206.809: tcs3701: start power rail timer, state:3
11-23 17:19:14.652  1011  1189 I ASH     : @ 103206.849: tcs3701: stop power rail pending_off timer
11-23 17:19:14.652  1011  1189 D ASH     : @ 103206.849: tcs3701: start power rail timer, state:3
11-23 17:19:14.655  2191  2215 I BatteryMgr:DataCollectionService: stats => 1700756354654,12817,4457,9765,4169000,100
11-23 17:19:14.692  1011  1189 I ASH     : @ 103206.889: tcs3701: stop power rail pending_off timer
11-23 17:19:14.692  1011  1189 D ASH     : @ 103206.889: tcs3701: start power rail timer, state:3
11-23 17:19:14.732  1011  1189 I ASH     : @ 103206.929: tcs3701: stop power rail pending_off timer
11-23 17:19:14.732  1011  1189 D ASH     : @ 103206.929: tcs3701: start power rail timer, state:3
11-23 17:19:14.739 15100 15115 I m.chrome.canary: Explicit concurrent copying GC freed 3805(191KB) AllocSpace objects, 4(80KB) LOS objects, 75% free, 11MB/47MB, paused 33us,23us total 49.551ms
11-23 17:19:14.761  2191  2215 I BatteryMgr:DataCollectionService: stats => 1700756354760,12817,4457,9765,4169000,100
11-23 17:19:14.773  1011  1189 I ASH     : @ 103206.969: tcs3701: stop power rail pending_off timer
11-23 17:19:14.773  1011  1189 D ASH     : @ 103206.969: tcs3701: start power rail timer, state:3
11-23 17:19:14.793  1795  2679 D ActivityManager: freezer override set to false
11-23 17:19:14.812  1011  1189 I ASH     : @ 103207.009: tcs3701: stop power rail pending_off timer
11-23 17:19:14.812  1011  1189 D ASH     : @ 103207.009: tcs3701: start power rail timer, state:3
11-23 17:19:14.842  1795  2679 D ActivityManager: freezer override set to true
11-23 17:19:14.845  1795  2679 D ActivityManager: freezer override set to false
11-23 17:19:14.852  1011  1189 I ASH     : @ 103207.049: tcs3701: stop power rail pending_off timer
11-23 17:19:14.852  1011  1189 D ASH     : @ 103207.049: tcs3701: start power rail timer, state:3
11-23 17:19:14.869  2191  2215 I BatteryMgr:DataCollectionService: stats => 1700756354868,12817,4457,9765,4169000,100
11-23 17:19:14.892  1011  1189 I ASH     : @ 103207.089: tcs3701: stop power rail pending_off timer
11-23 17:19:14.892  1011  1189 D ASH     : @ 103207.089: tcs3701: start power rail timer, state:3
11-23 17:19:14.932  1011  1189 I ASH     : @ 103207.129: tcs3701: stop power rail pending_off timer
11-23 17:19:14.932  1011  1189 D ASH     : @ 103207.129: tcs3701: start power rail timer, state:3
11-23 17:19:14.972  1011  1189 I ASH     : @ 103207.169: tcs3701: stop power rail pending_off timer
11-23 17:19:14.973  1011  1189 D ASH     : @ 103207.169: tcs3701: start power rail timer, state:3
11-23 17:19:14.974  2191  2215 I BatteryMgr:DataCollectionService: stats => 1700756354974,12817,4457,9765,4169000,100
11-23 17:19:15.012  1011  1189 I ASH     : @ 103207.209: tcs3701: stop power rail pending_off timer
11-23 17:19:15.012  1011  1189 D ASH     : @ 103207.209: tcs3701: start power rail timer, state:3
11-23 17:19:15.052  1011  1189 I ASH     : @ 103207.249: tcs3701: stop power rail pending_off timer
11-23 17:19:15.052  1011  1189 D ASH     : @ 103207.249: tcs3701: start power rail timer, state:3
11-23 17:19:15.079  2191  2215 I BatteryMgr:DataCollectionService: stats => 1700756355079,12817,4457,9765,4169000,100
11-23 17:19:15.092  1011  1189 I ASH     : @ 103207.289: tcs3701: stop power rail pending_off timer
11-23 17:19:15.092  1011  1189 D ASH     : @ 103207.289: tcs3701: start power rail timer, state:3
11-23 17:19:15.132  1011  1189 I ASH     : @ 103207.329: tcs3701: stop power rail pending_off timer
11-23 17:19:15.132  1011  1189 D ASH     : @ 103207.329: tcs3701: start power rail timer, state:3
11-23 17:19:15.172  1011  1189 I ASH     : @ 103207.369: tcs3701: stop power rail pending_off timer
11-23 17:19:15.172  1011  1189 D ASH     : @ 103207.369: tcs3701: start power rail timer, state:3
11-23 17:19:15.184  2191  2215 I BatteryMgr:DataCollectionService: stats => 1700756355184,12817,4457,9765,4169000,100
11-23 17:19:15.212  1011  1189 I ASH     : @ 103207.409: tcs3701: stop power rail pending_off timer
11-23 17:19:15.212  1011  1189 D ASH     : @ 103207.409: tcs3701: start power rail timer, state:3
