11-23 18:18:00.715  3563 28821 D MediaProvider: Open with FUSE. FilePath: /storage/emulated/0/Download/batterymanager-companion-1.0.0.zip. Uid: 10010. Media Capabilities Uid: 0. ShouldRedact: false. ShouldTranscode: false
11-23 18:18:00.721  3074  5235 I FontLog : (REDACTED) Received query %s, URI %s
11-23 18:18:00.721  3074  5235 I FontLog : (REDACTED) Query [%s] resolved to %s
11-23 18:18:00.722  3074  5235 I FontLog : (REDACTED) Font PFD returned from cache for %s
11-23 18:18:00.722  3074  5235 I FontLog : (REDACTED) Fetch %s end status %s
11-23 18:18:00.726  3074  5235 I FontLog : (REDACTED) Pulling font file for id = %d, cache size = %d
11-23 18:18:00.726  3563 28821 D MediaProvider: Open with FUSE. FilePath: /storage/emulated/0/Download/com.example.batterymanager_utility (1).apk. Uid: 10010. Media Capabilities Uid: 0. ShouldRedact: false. ShouldTranscode: false
11-23 18:18:00.729  3074  5235 I FontLog : (REDACTED) Received query %s, URI %s
11-23 18:18:00.729  3074  5235 I FontLog : (REDACTED) Query [%s] resolved to %s
11-23 18:18:00.736  3074  5235 I FontLog : (REDACTED) Fetch %s end status %s
11-23 18:18:00.738  1795  4172 W InputManager-JNI: Input channel object '15f638f Splash Screen com.chrome.canary (client)' was disposed without first being removed with the input manager!
11-23 18:18:00.742 13534 13534 I cr_OfflineIndicator: onConnectionTypeChanged 2
11-23 18:18:00.742 13534 13534 I cr_OfflineIndicator: Reported by system: [ Transports: WIFI Capabilities: NOT_METERED&INTERNET&NOT_RESTRICTED&TRUSTED&NOT_VPN&VALIDATED&NOT_ROAMING&FOREGROUND&NOT_CONGESTED&NOT_SUSPENDED&NOT_VCN_MANAGED LinkUpBandwidth>=12000Kbps LinkDnBandwidth>=51779Kbps TransportInfo: <SSID: <unknown ssid>, BSSID: 02:00:00:00:00:00, MAC: 02:00:00:00:00:00, IP: /192.168.1.104, Security type: 2, Supplicant state: COMPLETED, Wi-Fi standard: 5, RSSI: -45, Link speed: 650Mbps, Tx Link speed: 650Mbps, Max Supported Tx Link speed: 866Mbps, Rx Link speed: 866Mbps, Max Supported Rx Link speed: 866Mbps, Frequency: 5240MHz, Net ID: -1, Metered hint: false, score: 60, isUsable: true, CarrierMerged: false, SubscriptionId: -1, IsPrimary: -1, Trusted: true, Restricted: false, Ephemeral: false, OEM paid: false, OEM private: false, OSU AP: false, FQDN: <none>, Provider friendly name: <none>, Requesting package name: <none><none>MLO Information: , Is TID-To-Link negotiation supported by the AP: false, AP MLD Address: <none>, AP MLO Link Id: <none>, AP MLO Affiliated links: <none>> SignalStrength: -45 UnderlyingNetworks: Null]
11-23 18:18:00.742 13534 13534 I cr_OfflineIndicator: setConnectionState connectionState=4
11-23 18:18:00.742 13534 13534 W Settings: Setting airplane_mode_on has moved from android.provider.Settings.System to android.provider.Settings.Global, returning read-only value.
11-23 18:18:00.743 13534 13534 I cr_OfflineDetector: Received connection change state message. mConnectivityDetectorInitialized: true, mTimeWhenLastForegrounded: 106729556, getElapsedTime: 106729558, mTimeWhenLastOfflineNotificationReceived: 0, mTimeWhenLastOnline: 106729558, mTimeWhenAirplaneModeToggledOff: 0 mApplicationState: 1, mIsOfflineLastReportedByConnectivityDetector: false, mInAirplaneMode: false mIsEffectivelyOffline: false
11-23 18:18:00.743 13534 13534 I cr_OfflineDetector: onConnectionStateChanged(): previousLastReportedStateByOfflineDetector: false
11-23 18:18:00.743 13534 13534 I cr_OfflineDetector: Running updateState mConnectivityDetectorInitialized: true, mTimeWhenLastForegrounded: 106729556, getElapsedTime: 106729558, mTimeWhenLastOfflineNotificationReceived: 0, mTimeWhenLastOnline: 106729558, mTimeWhenAirplaneModeToggledOff: 0 mApplicationState: 1, mIsOfflineLastReportedByConnectivityDetector: false, mInAirplaneMode: false mIsEffectivelyOffline: false
11-23 18:18:00.743 13534 13534 I cr_OfflineDetector: updateState(): timeSinceLastForeground: 2, timeSinceOfflineNotificationReceived: 106729558, timeSinceLastOnline: 0, timeNeededForForeground: 1998, timeNeededForOffline: -106727558 timeSinceAirplaneModeToggledOff: 106729558 timeNeededAfterConnectionChangeFromOnlineToOffline: 10000 timeNeededAfterConnectionChangeFromAirplaneToOffline: 0
11-23 18:18:00.743 13534 13534 I cr_OfflineDetector: Running mUpdateOfflineStatusIndicatorDelayedRunnable start. mConnectivityDetectorInitialized: true, mTimeWhenLastForegrounded: 106729556, getElapsedTime: 106729558, mTimeWhenLastOfflineNotificationReceived: 0, mTimeWhenLastOnline: 106729558, mTimeWhenAirplaneModeToggledOff: 0 mApplicationState: 1, mIsOfflineLastReportedByConnectivityDetector: false, mInAirplaneMode: false mIsEffectivelyOffline: false
11-23 18:18:00.743 13534 13534 I cr_OfflineDetector: Running mUpdateOfflineStatusIndicatorDelayedRunnable end. mConnectivityDetectorInitialized: true, mTimeWhenLastForegrounded: 106729556, getElapsedTime: 106729558, mTimeWhenLastOfflineNotificationReceived: 0, mTimeWhenLastOnline: 106729558, mTimeWhenAirplaneModeToggledOff: 0 mApplicationState: 1, mIsOfflineLastReportedByConnectivityDetector: false, mInAirplaneMode: false mIsEffectivelyOffline: false
11-23 18:18:00.743 13534 13534 I cr_OfflineIndicator: processConnectivityCheckResult mConnectionState=4 mConnectivityCheckingStage=1
11-23 18:18:00.745  3074  5235 I FontLog : (REDACTED) Pulling font file for id = %d, cache size = %d
11-23 18:18:00.745  3875  3875 I dzhj    : onStop
11-23 18:18:00.751  3563 28821 D MediaProvider: Open with FUSE. FilePath: /storage/emulated/0/Download/com.example.batterymanager_utility.apk. Uid: 10010. Media Capabilities Uid: 0. ShouldRedact: false. ShouldTranscode: false
11-23 18:18:00.752  3074  5235 I FontLog : (REDACTED) Received query %s, URI %s
11-23 18:18:00.753  3074  5235 I FontLog : (REDACTED) Query [%s] resolved to %s
11-23 18:18:00.756  3074  5235 I FontLog : (REDACTED) Font PFD returned from cache for %s
11-23 18:18:00.756  3074  5235 I FontLog : (REDACTED) Fetch %s end status %s
11-23 18:18:00.757  2940  3994 D OneSearchSuggestProvider: Shut down the binder channel
11-23 18:18:00.758  3074  5235 I FontLog : (REDACTED) Pulling font file for id = %d, cache size = %d
11-23 18:18:00.758  2940  2986 I s.nexuslauncher: oneway function results for code 2 on binder at 0xb400007095216fb0 will be dropped but finished with status UNKNOWN_TRANSACTION
11-23 18:18:00.765  3657  4525 D ForegroundUtils: Foreground UID status:
11-23 18:18:00.765  3657  4525 D ForegroundUtils: UID: 10010 is in foreground: true
11-23 18:18:00.765  3657  4525 D ForegroundUtils: UID: 10128 is in foreground: true
11-23 18:18:00.765  3657  4525 D ForegroundUtils: UID: 10145 is in foreground: true
11-23 18:18:00.765  3657  4525 D ForegroundUtils: UID: 10158 is in foreground: true
11-23 18:18:00.765  3657  4525 D ForegroundUtils: UID: 10189 is in foreground: false
11-23 18:18:00.765  3657  4525 D ForegroundUtils: UID: 10194 is in foreground: true
11-23 18:18:00.765  3657  4525 D ForegroundUtils: UID: 10206 is in foreground: false
11-23 18:18:00.765  3657  4525 D ForegroundUtils: UID: 10233 is in foreground: true
11-23 18:18:00.765  3657  4525 D ForegroundUtils: UID: 10244 is in foreground: false
11-23 18:18:00.765  3657  4525 D ForegroundUtils: UID: 10319 is in foreground: true
11-23 18:18:00.765  3657  4525 D ForegroundUtils: UID: 90003 is in foreground: true
11-23 18:18:00.766  3074  5286 I FontLog : (REDACTED) Received query %s, URI %s
11-23 18:18:00.767  3074  5286 I FontLog : (REDACTED) Query [%s] resolved to %s
11-23 18:18:00.772  3074  5286 I FontLog : (REDACTED) Font PFD returned from cache for %s
11-23 18:18:00.772  3074  5286 I FontLog : (REDACTED) Fetch %s end status %s
11-23 18:18:00.774  3074  5286 I FontLog : (REDACTED) Pulling font file for id = %d, cache size = %d
11-23 18:18:00.781  1011  1189 I ASH     : @ 106732.974: tcs3701: stop power rail pending_off timer
11-23 18:18:00.781  1011  1189 D ASH     : @ 106732.975: tcs3701: start power rail timer, state:3
11-23 18:18:00.787  1795  4172 D ConnectivityService: requestNetwork for uid/pid:10010/13534 activeRequest: null callbackRequest: 2906 [NetworkRequest [ REQUEST id=2907, [ Capabilities: INTERNET&NOT_RESTRICTED&TRUSTED&NOT_VCN_MANAGED Uid: 10010 RequestorUid: 10010 RequestorPkg: com.chrome.canary UnderlyingNetworks: Null] ]] callback flags: 0 order: 2147483647
11-23 18:18:00.788  3563 28821 D MediaProvider: Open with FUSE. FilePath: /storage/emulated/0/Download/batterymanager-companion-1.0.0.zip. Uid: 10010. Media Capabilities Uid: 0. ShouldRedact: false. ShouldTranscode: false
11-23 18:18:00.792  1795  2424 D WifiNetworkFactory: got request NetworkRequest [ REQUEST id=2907, [ Capabilities: INTERNET&NOT_RESTRICTED&TRUSTED&NOT_VCN_MANAGED Uid: 10010 RequestorUid: 10010 RequestorPkg: com.chrome.canary UnderlyingNetworks: Null] ]
11-23 18:18:00.794  1795  2424 V WifiNetworkFactory: Accepted network request NetworkRequest [ REQUEST id=2907, [ Capabilities: INTERNET&NOT_RESTRICTED&TRUSTED&NOT_VCN_MANAGED Uid: 10010 RequestorUid: 10010 RequestorPkg: com.chrome.canary UnderlyingNetworks: Null] ]
11-23 18:18:00.794  1795  2424 D UntrustedWifiNetworkFactory: got request NetworkRequest [ REQUEST id=2907, [ Capabilities: INTERNET&NOT_RESTRICTED&TRUSTED&NOT_VCN_MANAGED Uid: 10010 RequestorUid: 10010 RequestorPkg: com.chrome.canary UnderlyingNetworks: Null] ]
11-23 18:18:00.794  1795  2432 D ConnectivityService: NetReassign [2907 : null → 100] [c 1] [a 0] [i 6]
11-23 18:18:00.794  1795  2424 D OemPaidWifiNetworkFactory: got request NetworkRequest [ REQUEST id=2907, [ Capabilities: INTERNET&NOT_RESTRICTED&TRUSTED&NOT_VCN_MANAGED Uid: 10010 RequestorUid: 10010 RequestorPkg: com.chrome.canary UnderlyingNetworks: Null] ]
11-23 18:18:00.794  1795  2424 D MultiInternetWifiNetworkFactory: got request NetworkRequest [ REQUEST id=2907, [ Capabilities: INTERNET&NOT_RESTRICTED&TRUSTED&NOT_VCN_MANAGED Uid: 10010 RequestorUid: 10010 RequestorPkg: com.chrome.canary UnderlyingNetworks: Null] ]
11-23 18:18:00.797  1795  2432 D ConnectivityService: NetReassign [no changes] [c 0] [a 1] [i 1]
11-23 18:18:00.800 13534 13534 I cr_InactivityTracker: Last background time read from the SharedPreference is:-1.
11-23 18:18:00.803  3074 13508 I NetworkScheduler.Stats: (REDACTED) Task %s/%s finished executing. cause:%s result: %s elapsed_millis: %s uptime_millis: %s exec_start_elapsed_seconds: %s
11-23 18:18:00.805 13534 13534 I cr_VideoPersist: Exited picture in picture with reason: 0
11-23 18:18:00.805  3563 28821 D MediaProvider: Open with FUSE. FilePath: /storage/emulated/0/Download/com.example.batterymanager_utility (1).apk. Uid: 10010. Media Capabilities Uid: 0. ShouldRedact: false. ShouldTranscode: false
11-23 18:18:00.809 13534 13534 I cr_InactivityTracker: Last visible time read from the SharedPreference is:1700759687355.
11-23 18:18:00.811  3563 28821 D MediaProvider: Open with FUSE. FilePath: /storage/emulated/0/Download/com.example.batterymanager_utility.apk. Uid: 10010. Media Capabilities Uid: 0. ShouldRedact: false. ShouldTranscode: false
11-23 18:18:00.826 13609 13655 W VideoCapabilities: Unrecognized level 1879048707 for video/x-vnd.on2.vp8
11-23 18:18:00.826 13609 13655 W VideoCapabilities: Unrecognized profile 1879048704 for video/x-vnd.on2.vp8
11-23 18:18:00.826 13609 13655 W VideoCapabilities: Unrecognized level 1879048707 for video/x-vnd.on2.vp8
11-23 18:18:00.826 13609 13655 W VideoCapabilities: Unrecognized profile 1879048704 for video/x-vnd.on2.vp8
11-23 18:18:00.827 13609 13655 W VideoCapabilities: Unsupported mime image/vnd.android.heic
11-23 18:18:00.828 13609 13655 W VideoCapabilities: Unrecognized level 1879048707 for video/x-vnd.on2.vp8
11-23 18:18:00.828 13609 13655 W VideoCapabilities: Unrecognized profile 1879048704 for video/x-vnd.on2.vp8
11-23 18:18:00.828 13609 13655 W VideoCapabilities: Unrecognized level 1879048707 for video/x-vnd.on2.vp8
11-23 18:18:00.828 13609 13655 W VideoCapabilities: Unrecognized profile 1879048704 for video/x-vnd.on2.vp8
11-23 18:18:00.831 13609 13655 W cr_VAUtil: Unknown profile: 1879048704 for codec video/x-vnd.on2.vp8
11-23 18:18:00.856 13534 13534 I cr_InactivityTracker: Last visible time read from the SharedPreference is:1700759880808.
11-23 18:18:00.865  1011  1189 I ASH     : @ 106733.061: tcs3701: stop power rail pending_off timer
11-23 18:18:00.865  1011  1189 D ASH     : @ 106733.061: tcs3701: start power rail timer, state:3
11-23 18:18:00.866   595   595 I servicemanager: Could not find android.hardware.graphics.allocator.IAllocator/default in the VINTF manifest.
11-23 18:18:00.899 13534 13604 I tflite  : Initialized TensorFlow Lite runtime.
11-23 18:18:00.899 13534 13604 W libc    : Access denied finding property "ro.mediatek.platform"
11-23 18:18:00.899 13534 13604 W libc    : Access denied finding property "ro.chipname"
11-23 18:18:00.899 13534 13604 W libc    : Access denied finding property "ro.hardware.chipname"
11-23 18:18:00.921  1795  2424 D WifiClientModeImpl[13802:wlan0]: updateLinkLayerStatsRssiSpeedFrequencyCapabilities rssi=-42 TxLinkspeed=866 freq=5240 RxLinkSpeed=866
11-23 18:18:00.922  1795  2424 D WifiDataStall: tx tput in kbps: 794960
11-23 18:18:00.922  1795  2424 D WifiDataStall: rx tput in kbps: 794960
11-23 18:18:00.922  1795  2424 V WifiConfigManager: Updating scan detail cache freq=5240 BSSID=f4:6d:2f:12:cc:88 RSSI=-41 for "ourhome"WPA_PSK
11-23 18:18:00.923  2782  5906 D QCNEJ/WlanStaInfoRelay: Received action: android.net.wifi.RSSI_CHANGED
11-23 18:18:00.923  1795  2424 D WifiChannelUtilization:  freq: 5240 onTime: 3099732 busyTime: 264900 onTimeDiff: 3099437 busyTimeDiff: 264883 utilization: 21 utilization t0: 21
11-23 18:18:00.923  3213  8092 V WifiManager: OnWifiUsabilityStatsListener: onWifiUsabilityStats: seqNum=35220
11-23 18:18:00.923  1795  2424 D WifiDataStall:  ccaLevel = 21
11-23 18:18:00.923  1795  2424 D WifiDataStall: L2 txTputKbps: 787011, rxTputKbps: 794960, L3 txTputKbps: 44, rxTputKbps: 102, TxTrafficHigh: true, RxTrafficHigh: true, Throughput Sufficient: true
11-23 18:18:00.924  1795  3001 I WifiService: updateWifiUsabilityScore uid=10180 seqNum=35220 score=100 predictionHorizonSec=1441795
11-23 18:18:00.928  1795  2424 D WifiScoreReport: Wifi scoring disabled - Don't check IP layer
11-23 18:18:00.928  1795  2424 D WifiScoreCard: BSSID update SIGNAL_POLL ID: 1320464697 SSID: "ourhome", BSSID: f4:6d:2f:12:cc:88, MAC: b2:2f:ec:da:4a:0c, IP: /192.168.1.104, Security type: 2, Supplicant state: COMPLETED, Wi-Fi standard: 5, RSSI: -42, Link speed: 866Mbps, Tx Link speed: 866Mbps, Max Supported Tx Link speed: 866Mbps, Rx Link speed: 866Mbps, Max Supported Rx Link speed: 866Mbps, Frequency: 5240MHz, Net ID: 12, Metered hint: false, score: 60, isUsable: true, CarrierMerged: false, SubscriptionId: -1, IsPrimary: 1, Trusted: true, Restricted: false, Ephemeral: false, OEM paid: false, OEM private: false, OSU AP: false, FQDN: <none>, Provider friendly name: <none>, Requesting package name: <none>"ourhome"wpa2-pskMLO Information: , Is TID-To-Link negotiation supported by the AP: false, AP MLD Address: <none>, AP MLO Link Id: <none>, AP MLO Affiliated links: <none>
11-23 18:18:00.928  1795  2424 D WifiScoreCard: txRate: 17 txSpeed: 866
11-23 18:18:00.928  1795  2424 D WifiScoreCard: network update SIGNAL_POLL "ourhome" ID: 1499892569 RSSI -42 txSpeed 866
11-23 18:18:00.928  1795  2424 D WifiClientModeImpl[13802:wlan0]:  ClientModeImpl$L2ConnectedState screen=on 21 0 "ourhome" f4:6d:2f:12:cc:88 rssi=-42 f=5240 sc=60 link=866 tx=15.7, 0.3, 0.0 rx=8.5 bcn=1023044 [on:331 tx:6 rx:2 period:3012] from screen [on:50286 period:2258926] score=60
11-23 18:18:00.929  1795  2424 D WifiScoreReport: Wifi scoring disabled - Notify that Wifi is usable
11-23 18:18:00.931  1795  2432 D ConnectivityService: NetReassign [no changes] [c 0] [a 0] [i 1]
11-23 18:18:00.945 13534 13600 W chromium: [WARNING:ev_root_ca_metadata.cc(119)] Not implemented
11-23 18:18:00.945 13534 13600 W chromium: [WARNING:ev_root_ca_metadata.cc(119)] Not implemented
11-23 18:18:00.951  1011  1189 I ASH     : @ 106733.148: tcs3701: stop power rail pending_off timer
11-23 18:18:00.951  1011  1189 D ASH     : @ 106733.148: tcs3701: start power rail timer, state:3
11-23 18:18:01.018 13534 13596 W chromium: [WARNING:ev_root_ca_metadata.cc(119)] Not implemented
11-23 18:18:01.038 13534 13534 I Choreographer: Skipped 60 frames!  The application may be doing too much work on its main thread.
11-23 18:18:01.038  1011  1189 I ASH     : @ 106733.234: tcs3701: stop power rail pending_off timer
11-23 18:18:01.038  1011  1189 D ASH     : @ 106733.235: tcs3701: start power rail timer, state:3
11-23 18:18:01.105  1795  4172 D CompatibilityChangeReporter: Compat change id reported: 214016041; UID 10010; state: ENABLED
11-23 18:18:01.107  3375  3375 I GoogleInputMethodService: GoogleInputMethodService.onFinishInput():3154 
11-23 18:18:01.108  3375  3375 I GoogleInputMethodService: GoogleInputMethodService.updateDeviceLockedStatus():2088 repeatCheckTimes = 0, locked = false
11-23 18:18:01.109  3375  3375 I GoogleInputMethodService: GoogleInputMethodService.onStartInput():1883 onStartInput(EditorInfo{EditorInfo{packageName=com.chrome.canary, inputType=0, inputTypeString=NULL, enableLearning=false, autoCorrection=false, autoComplete=false, imeOptions=12000000, privateImeOptions=null, actionName=UNSPECIFIED, actionLabel=null, initialSelStart=-1, initialSelEnd=-1, initialCapsMode=0, label=null, fieldId=-1, fieldName=null, extras=null, hintText=null, hintLocales=[]}}, false)
11-23 18:18:01.109  3375  3375 I GoogleInputMethodService: GoogleInputMethodService.updateDeviceLockedStatus():2088 repeatCheckTimes = 1, locked = false
11-23 18:18:01.124  1011  1189 I ASH     : @ 106733.321: tcs3701: stop power rail pending_off timer
11-23 18:18:01.124  1011  1189 D ASH     : @ 106733.321: tcs3701: start power rail timer, state:3
11-23 18:18:01.149 13534 13534 V MediaRouter: Selecting route: RouteInfo{ name=Phone, description=null, status=null, category=RouteCategory{ name=System types=ROUTE_TYPE_LIVE_AUDIO ROUTE_TYPE_LIVE_VIDEO  groupable=false }, supportedTypes=ROUTE_TYPE_LIVE_AUDIO ROUTE_TYPE_LIVE_VIDEO , presentationDisplay=null }
11-23 18:18:01.211  1011  1189 I ASH     : @ 106733.408: tcs3701: stop power rail pending_off timer
11-23 18:18:01.211  1011  1189 D ASH     : @ 106733.408: tcs3701: start power rail timer, state:3
11-23 18:18:01.227  3875  3888 W earchbox:search: Reducing the number of considered missed Gc histogram windows from 172 to 100
11-23 18:18:01.242 13534 13534 I cr_PwaRestore: Not showing PWA Restore promo, feature flag is disabled
11-23 18:18:01.298  1011  1189 I ASH     : @ 106733.494: tcs3701: stop power rail pending_off timer
11-23 18:18:01.298  1011  1189 D ASH     : @ 106733.495: tcs3701: start power rail timer, state:3
11-23 18:18:01.341  1795  1854 D ActivityManager: freezer override set to true
11-23 18:18:01.384  1011  1189 I ASH     : @ 106733.581: tcs3701: stop power rail pending_off timer
11-23 18:18:01.384  1011  1189 D ASH     : @ 106733.581: tcs3701: start power rail timer, state:3
11-23 18:18:01.396 13534 13596 I cr_ADCP : No customization source found
11-23 18:18:01.403 13534 13596 E cr_PartnerBMReader: ATTENTION: not using partner bookmarks as none were provided
11-23 18:18:01.471  1011  1189 I ASH     : @ 106733.668: tcs3701: stop power rail pending_off timer
11-23 18:18:01.471  1011  1189 D ASH     : @ 106733.668: tcs3701: start power rail timer, state:3
11-23 18:18:01.483 13534 13534 I Choreographer: Skipped 39 frames!  The application may be doing too much work on its main thread.
11-23 18:18:01.558  1011  1189 I ASH     : @ 106733.754: tcs3701: stop power rail pending_off timer
11-23 18:18:01.558  1011  1189 D ASH     : @ 106733.754: tcs3701: start power rail timer, state:3
11-23 18:18:01.617  1795  1854 D ActivityManager: freezer override set to false
11-23 18:18:01.644  1011  1189 I ASH     : @ 106733.841: tcs3701: stop power rail pending_off timer
11-23 18:18:01.644  1011  1189 D ASH     : @ 106733.841: tcs3701: start power rail timer, state:3
11-23 18:18:01.648  3845  3845 D BoundBrokerSvc: onBind: Intent { act=com.google.android.gms.feedback.internal.IFeedbackService dat=chimera-action:/... cmp=com.google.android.gms/.chimera.GmsBoundBrokerService }
11-23 18:18:01.648  3845  3845 D BoundBrokerSvc: Loading bound service for intent: Intent { act=com.google.android.gms.feedback.internal.IFeedbackService dat=chimera-action:/... cmp=com.google.android.gms/.chimera.GmsBoundBrokerService }
11-23 18:18:01.649  3845  3845 E AbstractGmsTracer: Traced class shouldn't be obfuscated: FeedbackBoundService [CONTEXT service_id=259 ]
11-23 18:18:01.656  3074  3074 E AbstractGmsTracer: Traced class shouldn't be obfuscated: LockboxBrokerChimeraService [CONTEXT service_id=259 ]
11-23 18:18:01.664  3845  3845 E AbstractGmsTracer: Traced class shouldn't be obfuscated: AppIndexingChimeraService [CONTEXT service_id=259 ]
11-23 18:18:01.671  3845  3845 E AbstractGmsTracer: Traced class shouldn't be obfuscated: IndexChimeraService [CONTEXT service_id=259 ]
11-23 18:18:01.677  3845  3845 E AbstractGmsTracer: Traced class shouldn't be obfuscated: IndexWorkerChimeraService [CONTEXT service_id=259 ]
11-23 18:18:01.683  3845  6995 I Icing   : IndexChimeraService.getServiceInterface callingPackage=com.google.android.gms componentName=null serviceId=30
11-23 18:18:01.689  3845  3845 E AbstractGmsTracer: Traced class shouldn't be obfuscated: GmsBoundBrokerChimeraService [CONTEXT service_id=259 ]
11-23 18:18:01.689  3845  3845 D BoundBrokerSvc: onBind: Intent { act=com.google.android.gms.common.BIND_SHARED_PREFS pkg=com.google.android.gms }
11-23 18:18:01.689  3845  3845 D BoundBrokerSvc: Loading bound service for intent: Intent { act=com.google.android.gms.common.BIND_SHARED_PREFS pkg=com.google.android.gms }
11-23 18:18:01.690  3845  3845 E AbstractGmsTracer: Traced class shouldn't be obfuscated: SharedPreferencesBoundService [CONTEXT service_id=259 ]
11-23 18:18:01.695  3845  3845 D BoundBrokerSvc: onUnbind: Intent { act=com.google.android.gms.common.BIND_SHARED_PREFS pkg=com.google.android.gms }
11-23 18:18:01.731  1011  1189 I ASH     : @ 106733.928: tcs3701: stop power rail pending_off timer
11-23 18:18:01.731  1011  1189 D ASH     : @ 106733.928: tcs3701: start power rail timer, state:3
11-23 18:18:01.740  1795  3784 D CompatibilityChangeReporter: Compat change id reported: 161252188; UID 10010; state: DISABLED
11-23 18:18:01.743  3845   574 I Icing   : Usage reports ok 4, Failed Usage reports 0, indexed 3, rejected 0
11-23 18:18:01.802  1795  3784 D ActivityManager: freezer override set to true
11-23 18:18:01.818  1011  1189 I ASH     : @ 106734.014: tcs3701: stop power rail pending_off timer
11-23 18:18:01.818  1011  1189 D ASH     : @ 106734.015: tcs3701: start power rail timer, state:3
11-23 18:18:01.904  1011  1189 I ASH     : @ 106734.101: tcs3701: stop power rail pending_off timer
11-23 18:18:01.904  1011  1189 D ASH     : @ 106734.101: tcs3701: start power rail timer, state:3
11-23 18:18:01.956 13534 13575 I m.chrome.canary: Explicit concurrent copying GC freed 650062(22MB) AllocSpace objects, 25(820KB) LOS objects, 75% free, 8531KB/33MB, paused 238us,69us total 47.620ms
11-23 18:18:01.991  1011  1189 I ASH     : @ 106734.188: tcs3701: stop power rail pending_off timer
11-23 18:18:01.991  1011  1189 D ASH     : @ 106734.188: tcs3701: start power rail timer, state:3
11-23 18:18:02.011  1795  3784 D ActivityManager: freezer override set to false
11-23 18:18:02.040  1011  1189 D CHRE    : @ 106734.237: StationaryDetect
11-23 18:18:02.049  1011  1189 D CHRE    : @ 106734.246: MagGyroCal(0)=OFF
11-23 18:18:02.069  1795  3784 D ActivityManager: freezer override set to true
11-23 18:18:02.073  1795  3784 D ActivityManager: freezer override set to false
11-23 18:18:02.078  1011  1189 I ASH     : @ 106734.274: tcs3701: stop power rail pending_off timer
11-23 18:18:02.078  1011  1189 D ASH     : @ 106734.275: tcs3701: start power rail timer, state:3
11-23 18:18:02.083  1011  1189 D ASH     : @ 106734.279: SensorType 195 resampler quality 0
11-23 18:18:02.083  1011  1189 D ASH     : @ 106734.280: SensorType 195 resampler quality 0
11-23 18:18:02.165  1011  1189 I ASH     : @ 106734.361: tcs3701: stop power rail pending_off timer
11-23 18:18:02.165  1011  1189 D ASH     : @ 106734.361: tcs3701: start power rail timer, state:3
11-23 18:18:02.239  1795  3784 D CompatibilityChangeReporter: Compat change id reported: 161252188; UID 10287; state: DISABLED
11-23 18:18:02.239  1795  3784 I ActivityManager: Background started FGS: Allowed [callingPackage: com.android.shell; callingUid: 2000; uidState: NONE; intent: Intent { cmp=com.example.batterymanager_utility/.DataCollectionService (has extras) }; code:SYSTEM_UID; tempAllowListReason:<,reasonCode:SYSTEM_ALLOW_LISTED,duration:9223372036854775807,callingUid:-1>; targetSdkVersion:33; callerTargetSdkVersion:33; startForegroundCount:0; bindFromPackage:null]
11-23 18:18:02.241  1795  3784 D CompatibilityChangeReporter: Compat change id reported: 168419799; UID 10287; state: DISABLED
11-23 18:18:02.241  1795  3784 D CompatibilityChangeReporter: Compat change id reported: 273564678; UID 10287; state: DISABLED
11-23 18:18:02.245  9398  9398 I BatteryMgr:DataCollectionService: onStartCommand: begin
11-23 18:18:02.245  9398  9398 I BatteryMgr:DataCollectionService: onStartCommand: sampleRate => 100
11-23 18:18:02.245  9398  9398 I BatteryMgr:DataCollectionService: onStartCommand: rawFields => Timestamp,BATTERY_PROPERTY_CURRENT_NOW,EXTRA_VOLTAGE,BATTERY_PROPERTY_CURRENT_AVERAGE,BATTERY_PROPERTY_CHARGE_COUNTER,BATTERY_PROPERTY_CAPACITY
11-23 18:18:02.246  9398  9398 I BatteryMgr:DataCollectionService: onStartCommand: notification done
11-23 18:18:02.249  9398  9398 I BatteryMgr:DataCollectionService: started foreground
11-23 18:18:02.251  1011  1189 I ASH     : @ 106734.448: tcs3701: stop power rail pending_off timer
11-23 18:18:02.251  1011  1189 D ASH     : @ 106734.448: tcs3701: start power rail timer, state:3
11-23 18:18:02.252  9398  9433 I BatteryMgr:DataCollectionService: collectData: begin
11-23 18:18:02.256  9398  9433 I BatteryMgr:DataCollectionService: stats => 1700759882256,10681,4448,9765,4169000,100
11-23 18:18:02.260  1795  2424 D WifiNetworkSelector: Current connected network: 12
11-23 18:18:02.260  1795  2424 V WifiConnectivityManager: No partial scan because firmware roaming is supported.
11-23 18:18:02.260  1795  2424 V WifiConnectivityManager: schedulePeriodicScanTimer intervalMs 20000
11-23 18:18:02.338  1011  1189 I ASH     : @ 106734.534: tcs3701: stop power rail pending_off timer
11-23 18:18:02.338  1011  1189 D ASH     : @ 106734.535: tcs3701: start power rail timer, state:3
11-23 18:18:02.360  1795  3784 D ActivityManager: freezer override set to true
11-23 18:18:02.363  9398  9433 I BatteryMgr:DataCollectionService: stats => 1700759882363,10681,4448,9765,4169000,100
11-23 18:18:02.365  1795  3784 D ActivityManager: freezer override set to false
11-23 18:18:02.424  1011  1189 I ASH     : @ 106734.621: tcs3701: stop power rail pending_off timer
11-23 18:18:02.424  1011  1189 D ASH     : @ 106734.621: tcs3701: start power rail timer, state:3
11-23 18:18:02.457  1795  3784 I ActivityTaskManager: START u0 {act=android.intent.action.VIEW dat=https://playground.babylonjs.com/... flg=0x10000000 cmp=com.chrome.canary/com.google.android.apps.chrome.Main} from uid 2000
11-23 18:18:02.457  1795  3784 D CompatibilityChangeReporter: Compat change id reported: 265464455; UID 10010; state: DISABLED
11-23 18:18:02.458  1795  3784 D CompatibilityChangeReporter: Compat change id reported: 265452344; UID 10010; state: DISABLED
11-23 18:18:02.458  1795  3784 D CompatibilityChangeReporter: Compat change id reported: 266124927; UID 10010; state: DISABLED
11-23 18:18:02.458  1795  3784 D CompatibilityChangeReporter: Compat change id reported: 265451093; UID 10010; state: DISABLED
11-23 18:18:02.458  1795  3784 D CompatibilityChangeReporter: Compat change id reported: 265456536; UID 10010; state: DISABLED
11-23 18:18:02.458  1795  3784 D CompatibilityChangeReporter: Compat change id reported: 255940284; UID 10010; state: DISABLED
11-23 18:18:02.458  1795  3784 D CompatibilityChangeReporter: Compat change id reported: 236283604; UID 10010; state: DISABLED
11-23 18:18:02.458  1795  3784 D CompatibilityChangeReporter: Compat change id reported: 263959004; UID 10010; state: DISABLED
11-23 18:18:02.458  1795  3784 D CompatibilityChangeReporter: Compat change id reported: 264304459; UID 10010; state: DISABLED
11-23 18:18:02.458  1795  3784 D CompatibilityChangeReporter: Compat change id reported: 264301586; UID 10010; state: DISABLED
11-23 18:18:02.458  1795  3784 D CompatibilityChangeReporter: Compat change id reported: 254631730; UID 10010; state: DISABLED
11-23 18:18:02.458  1795  3784 D CompatibilityChangeReporter: Compat change id reported: 273509367; UID 10010; state: DISABLED
11-23 18:18:02.458  1795  3784 D CompatibilityChangeReporter: Compat change id reported: 263259275; UID 10010; state: DISABLED
11-23 18:18:02.458  1795  3784 D CompatibilityChangeReporter: Compat change id reported: 194480991; UID 10010; state: ENABLED
11-23 18:18:02.459  1795  3784 D CompatibilityChangeReporter: Compat change id reported: 174042980; UID 10010; state: DISABLED
11-23 18:18:02.459  1795  3784 D CompatibilityChangeReporter: Compat change id reported: 181136395; UID 10010; state: DISABLED
11-23 18:18:02.459  1795  3784 D CompatibilityChangeReporter: Compat change id reported: 174042936; UID 10010; state: DISABLED
11-23 18:18:02.461  1795  3784 D CompatibilityChangeReporter: Compat change id reported: 194833441; UID 10010; state: ENABLED
11-23 18:18:02.470  9398  9433 I BatteryMgr:DataCollectionService: stats => 1700759882470,10681,4448,9765,4169000,100
11-23 18:18:02.476 13534 13534 W cr_ActivityDispatcher: CustomTabsIntent#shouldAlwaysUseBrowserUI() = false
11-23 18:18:02.476 13534 13534 I cr_VideoPersist: Exited picture in picture with reason: 0
11-23 18:18:02.478 13534 13534 E cr_IntentUtils: getInt failed on bundle null
11-23 18:18:02.502  1795  2120 D CompatibilityChangeReporter: Compat change id reported: 143937733; UID 10010; state: ENABLED
11-23 18:18:02.511  1011  1189 I ASH     : @ 106734.708: tcs3701: stop power rail pending_off timer
11-23 18:18:02.511  1011  1189 D ASH     : @ 106734.708: tcs3701: start power rail timer, state:3
11-23 18:18:02.512 13534 13534 W cr_ActivityDispatcher: CustomTabsIntent#shouldAlwaysUseBrowserUI() = false
11-23 18:18:02.514  9195  9195 D Zygote  : Forked child process 13755
11-23 18:18:02.517  1795  2120 I ActivityManager: Start proc 13755:com.chrome.canary:sandboxed_process0:org.chromium.content.app.SandboxedProcessService0:1/u0ai4 for  {com.chrome.canary/org.chromium.content.app.SandboxedProcessService0:1}
11-23 18:18:02.519 13755 13755 E libc    : SetHeapTaggingLevel: re-enabling tagging after it was disabled is not supported
11-23 18:18:02.525 13755 13755 I ocessService0:1: Using CollectorTypeCC GC.
11-23 18:18:02.535  1383  1442 I adbd    : jdwp connection from 13755
11-23 18:18:02.536  1795  3784 D CoreBackPreview: Window{71b4161 u0 com.chrome.canary/com.google.android.apps.chrome.Main}: Setting back callback OnBackInvokedCallbackInfo{mCallback=android.window.IOnBackInvokedCallback$Stub$Proxy@b52f204, mPriority=0}
11-23 18:18:02.539 13534 13534 I cr_OfflineDetector: Running updateState mConnectivityDetectorInitialized: true, mTimeWhenLastForegrounded: 106731354, getElapsedTime: 106731354, mTimeWhenLastOfflineNotificationReceived: 0, mTimeWhenLastOnline: 106729558, mTimeWhenAirplaneModeToggledOff: 0 mApplicationState: 1, mIsOfflineLastReportedByConnectivityDetector: false, mInAirplaneMode: false mIsEffectivelyOffline: false
11-23 18:18:02.539 13534 13534 I cr_OfflineDetector: updateState(): timeSinceLastForeground: 0, timeSinceOfflineNotificationReceived: 106731354, timeSinceLastOnline: 1796, timeNeededForForeground: 2000, timeNeededForOffline: -106729354 timeSinceAirplaneModeToggledOff: 106731354 timeNeededAfterConnectionChangeFromOnlineToOffline: 8204 timeNeededAfterConnectionChangeFromAirplaneToOffline: 0
11-23 18:18:02.539 13534 13534 I cr_OfflineDetector: Running mUpdateOfflineStatusIndicatorDelayedRunnable start. mConnectivityDetectorInitialized: true, mTimeWhenLastForegrounded: 106731354, getElapsedTime: 106731354, mTimeWhenLastOfflineNotificationReceived: 0, mTimeWhenLastOnline: 106729558, mTimeWhenAirplaneModeToggledOff: 0 mApplicationState: 1, mIsOfflineLastReportedByConnectivityDetector: false, mInAirplaneMode: false mIsEffectivelyOffline: false
11-23 18:18:02.542 13534 13534 I cr_InactivityTracker: Last background time read from the SharedPreference is:1700759882462.
11-23 18:18:02.542  1795  3784 D CompatibilityChangeReporter: Compat change id reported: 168419799; UID 10010; state: DISABLED
11-23 18:18:02.542  1795  3784 D CompatibilityChangeReporter: Compat change id reported: 273564678; UID 10010; state: DISABLED
11-23 18:18:02.544 13534 13534 I cr_VideoPersist: Exited picture in picture with reason: 0
11-23 18:18:02.544  3657  4525 D ForegroundUtils: Foreground UID status:
11-23 18:18:02.544  3657  4525 D ForegroundUtils: UID: 10010 is in foreground: true
11-23 18:18:02.545  3657  4525 D ForegroundUtils: UID: 10128 is in foreground: true
11-23 18:18:02.545  3657  4525 D ForegroundUtils: UID: 10145 is in foreground: true
11-23 18:18:02.545  3657  4525 D ForegroundUtils: UID: 10158 is in foreground: true
11-23 18:18:02.545  3657  4525 D ForegroundUtils: UID: 10189 is in foreground: false
11-23 18:18:02.545  3657  4525 D ForegroundUtils: UID: 10194 is in foreground: true
11-23 18:18:02.545  3657  4525 D ForegroundUtils: UID: 10206 is in foreground: false
11-23 18:18:02.545  3657  4525 D ForegroundUtils: UID: 10233 is in foreground: true
11-23 18:18:02.545  3657  4525 D ForegroundUtils: UID: 10244 is in foreground: false
11-23 18:18:02.545  3657  4525 D ForegroundUtils: UID: 10319 is in foreground: true
11-23 18:18:02.545  3657  4525 D ForegroundUtils: UID: 90003 is in foreground: true
11-23 18:18:02.545  3657  4525 D ForegroundUtils: UID: 90004 is in foreground: true
11-23 18:18:02.545 13755 13755 I ActivityThread: Relaunch all activities: onCoreSettingsChange
11-23 18:18:02.545  1795  3784 D CompatibilityChangeReporter: Compat change id reported: 161145287; UID 10010; state: DISABLED
11-23 18:18:02.546 13755 13755 D CompatibilityChangeReporter: Compat change id reported: 171979766; UID 90004; state: ENABLED
11-23 18:18:02.546 13534 13534 I cr_InactivityTracker: Last visible time read from the SharedPreference is:1700759880856.
11-23 18:18:02.558 13755 13755 I LoadedApk: No resource references to update in package com.google.android.trichromelibrary.canary
11-23 18:18:02.558 13755 13755 D NetworkSecurityConfig: Using Network Security Config from resource 0_resource_name_obfuscated debugBuild: false
11-23 18:18:02.559 13755 13755 D NetworkSecurityConfig: Using Network Security Config from resource 0_resource_name_obfuscated debugBuild: false
11-23 18:18:02.561 13755 13755 I cr_SplitCompatApp: Launched version=121.0.6137.0 minSdkVersion=29 isBundle=true processName=com.chrome.canary:sandboxed_process0:org.chromium.content.app.SandboxedProcessService0:1 isIsolated=true
11-23 18:18:02.568 13755 13755 W SystemServiceRegistry: No service published for: uimode
11-23 18:18:02.572  1795  3784 D CompatibilityChangeReporter: Compat change id reported: 214016041; UID 10010; state: ENABLED
11-23 18:18:02.573  3375  3375 I GoogleInputMethodService: GoogleInputMethodService.onFinishInput():3154 
11-23 18:18:02.574 13755 13755 I cr_ChildProcessService: Creating new ChildProcessService pid=13755
11-23 18:18:02.574  3375  3375 I GoogleInputMethodService: GoogleInputMethodService.updateDeviceLockedStatus():2088 repeatCheckTimes = 0, locked = false
11-23 18:18:02.574  3375  3375 I GoogleInputMethodService: GoogleInputMethodService.onStartInput():1883 onStartInput(EditorInfo{EditorInfo{packageName=com.chrome.canary, inputType=0, inputTypeString=NULL, enableLearning=false, autoCorrection=false, autoComplete=false, imeOptions=12000000, privateImeOptions=null, actionName=UNSPECIFIED, actionLabel=null, initialSelStart=-1, initialSelEnd=-1, initialCapsMode=0, label=null, fieldId=-1, fieldName=null, extras=null, hintText=null, hintLocales=[]}}, false)
11-23 18:18:02.575  3375  3375 I GoogleInputMethodService: GoogleInputMethodService.updateDeviceLockedStatus():2088 repeatCheckTimes = 1, locked = false
11-23 18:18:02.577  9398  9433 I BatteryMgr:DataCollectionService: stats => 1700759882577,10681,4448,9765,4169000,100
11-23 18:18:02.586 13755 13770 I cr_LibraryLoader: Successfully loaded native library
11-23 18:18:02.587 13755 13770 I cr_CachingUmaRecorder: Flushed 3 samples from 3 histograms, 0 samples were dropped.
11-23 18:18:02.598  1011  1189 I ASH     : @ 106734.794: tcs3701: stop power rail pending_off timer
11-23 18:18:02.598  1011  1189 D ASH     : @ 106734.795: tcs3701: start power rail timer, state:3
11-23 18:18:02.601 13755 13773 E ocessService0:1: Failed to madvise file /data/app/~~dutrJzl_xJkEyCCvIkexCw==/com.chrome.canary-4jcd8srf2WXxld2NC1r69A==/oat/arm64/split_stack_unwinder.vdex for size:4096: Operation not permitted
11-23 18:18:02.601 13755 13773 E ocessService0:1: Failed to madvise file /data/app/~~dutrJzl_xJkEyCCvIkexCw==/com.chrome.canary-4jcd8srf2WXxld2NC1r69A==/split_stack_unwinder.apk for size:4096: Operation not permitted
11-23 18:18:02.603 13755 13773 E linker  : readlink("/proc/self/fd/99") failed: Operation not permitted [fd=99]
11-23 18:18:02.603 13755 13773 E linker  : warning: unable to get realpath for the library "/data/app/~~dutrJzl_xJkEyCCvIkexCw==/com.chrome.canary-4jcd8srf2WXxld2NC1r69A==/split_stack_unwinder.apk!/lib/arm64-v8a/libmonochrome_64_stack_unwinder_partition.so". Will use given path.
11-23 18:18:02.604 13609 13629 I AdrenoVK-0: QUALCOMM build          : 4783c89, I46ff5fc46f
11-23 18:18:02.604 13609 13629 I AdrenoVK-0: Build Date              : 11/30/20
11-23 18:18:02.604 13609 13629 I AdrenoVK-0: Shader Compiler Version : EV031.31.04.01
11-23 18:18:02.604 13609 13629 I AdrenoVK-0: Local Branch            : QPR2
11-23 18:18:02.604 13609 13629 I AdrenoVK-0: Remote Branch           : 
11-23 18:18:02.604 13609 13629 I AdrenoVK-0: Remote Branch           : 
11-23 18:18:02.604 13609 13629 I AdrenoVK-0: Reconstruct Branch      : 
11-23 18:18:02.604 13609 13629 I AdrenoVK-0: Build Config            : S P 10.0.4 AArch64
11-23 18:18:02.604 13609 13629 I AdrenoVK-0: Driver Path             : /vendor/lib64/hw/vulkan.adreno.so
11-23 18:18:02.684  1011  1189 I ASH     : @ 106734.881: tcs3701: stop power rail pending_off timer
11-23 18:18:02.684  1011  1189 D ASH     : @ 106734.881: tcs3701: start power rail timer, state:3
11-23 18:18:02.686 13755 13770 I tflite  : Initialized TensorFlow Lite runtime.
11-23 18:18:02.687 13755 13770 W libc    : Access denied finding property "ro.mediatek.platform"
11-23 18:18:02.687 13755 13770 W libc    : Access denied finding property "ro.chipname"
11-23 18:18:02.687 13755 13770 W libc    : Access denied finding property "ro.hardware.chipname"
11-23 18:18:02.693  9398  9433 I BatteryMgr:DataCollectionService: stats => 1700759882693,10681,4448,9765,4169000,100
11-23 18:18:02.771  1011  1189 I ASH     : @ 106734.968: tcs3701: stop power rail pending_off timer
11-23 18:18:02.771  1011  1189 D ASH     : @ 106734.968: tcs3701: start power rail timer, state:3
11-23 18:18:02.800  9398  9433 I BatteryMgr:DataCollectionService: stats => 1700759882800,10681,4448,9765,4169000,100
11-23 18:18:02.858  1011  1189 I ASH     : @ 106735.054: tcs3701: stop power rail pending_off timer
11-23 18:18:02.858  1011  1189 D ASH     : @ 106735.054: tcs3701: start power rail timer, state:3
11-23 18:18:02.906  9398  9433 I BatteryMgr:DataCollectionService: stats => 1700759882906,10681,4448,9765,4169000,100
11-23 18:18:02.944  1011  1189 I ASH     : @ 106735.141: tcs3701: stop power rail pending_off timer
11-23 18:18:02.945  1011  1189 D ASH     : @ 106735.141: tcs3701: start power rail timer, state:3
11-23 18:18:03.011  9398  9433 I BatteryMgr:DataCollectionService: stats => 1700759883011,10681,4448,9765,4169000,100
11-23 18:18:03.031  1011  1189 I ASH     : @ 106735.228: tcs3701: stop power rail pending_off timer
11-23 18:18:03.031  1011  1189 D ASH     : @ 106735.228: tcs3701: start power rail timer, state:3
11-23 18:18:03.117  9398  9433 I BatteryMgr:DataCollectionService: stats => 1700759883116,10681,4448,9765,4169000,100
11-23 18:18:03.118  1011  1189 I ASH     : @ 106735.314: tcs3701: stop power rail pending_off timer
11-23 18:18:03.118  1011  1189 D ASH     : @ 106735.315: tcs3701: start power rail timer, state:3
11-23 18:18:03.183 13534 13595 W chromium: [WARNING:ev_root_ca_metadata.cc(119)] Not implemented
11-23 18:18:03.183 13534 13595 W chromium: [WARNING:ev_root_ca_metadata.cc(119)] Not implemented
11-23 18:18:03.205  1011  1189 I ASH     : @ 106735.401: tcs3701: stop power rail pending_off timer
11-23 18:18:03.205  1011  1189 D ASH     : @ 106735.401: tcs3701: start power rail timer, state:3
11-23 18:18:03.224  9398  9433 I BatteryMgr:DataCollectionService: stats => 1700759883224,10681,4448,9765,4169000,100
11-23 18:18:03.230  1795  1854 D ActivityManager: freezer override set to true
11-23 18:18:03.245  3875  3875 I VISHotwordAdapter: Not connected and not waiting for connection.
11-23 18:18:03.249  3875  3875 I VISHotwordAdapter: Still waiting for connection; add the callback to callback list
11-23 18:18:03.253  3875  3875 W VISHotwordAdapter: gsaVis null binding. HDM in use.
11-23 18:18:03.268 13534 13573 I cr_BindingManager: Visible binding enabled: maxSize=-1
11-23 18:18:03.291  1011  1189 I ASH     : @ 106735.488: tcs3701: stop power rail pending_off timer
11-23 18:18:03.291  1011  1189 D ASH     : @ 106735.488: tcs3701: start power rail timer, state:3
11-23 18:18:03.299  1795  2735 W PackageConfigPersister: App-specific configuration not found for packageName: com.chrome.canary and userId: 0
11-23 18:18:03.304 13534 13534 I cr_A11yState: Enabled accessibility services list updated.
11-23 18:18:03.306 13534 13534 I cr_A11yState: Informing listeners of changes.
11-23 18:18:03.306 13534 13534 I cr_A11yState: New AccessibilityState: State{isScreenReaderEnabled=false, isTouchExplorationEnabled=false, isPerformGesturesEnabled=false, isAnyAccessibilityServiceEnabled=false, isAccessibilityToolPresent=false, isSpokenFeedbackServicePresent=false, isTextShowPasswordEnabled=true, isOnlyPasswordManagersEnabled=false}
11-23 18:18:03.329  3845  3845 E AbstractGmsTracer: Traced class shouldn't be obfuscated: GmsBoundBrokerChimeraService [CONTEXT service_id=259 ]
11-23 18:18:03.330  3845  3845 D BoundBrokerSvc: onBind: Intent { act=com.google.android.gms.common.BIND_SHARED_PREFS pkg=com.google.android.gms }
11-23 18:18:03.330  3845  3845 D BoundBrokerSvc: Loading bound service for intent: Intent { act=com.google.android.gms.common.BIND_SHARED_PREFS pkg=com.google.android.gms }
11-23 18:18:03.330  3845  3845 E AbstractGmsTracer: Traced class shouldn't be obfuscated: SharedPreferencesBoundService [CONTEXT service_id=259 ]
11-23 18:18:03.336  3845  3845 D BoundBrokerSvc: onUnbind: Intent { act=com.google.android.gms.common.BIND_SHARED_PREFS pkg=com.google.android.gms }
11-23 18:18:03.336  9398  9433 I BatteryMgr:DataCollectionService: stats => 1700759883336,10681,4448,9765,4169000,100
11-23 18:18:03.373 13534 13575 W m.chrome.canary: Cleared Reference was only reachable from finalizer (only reported once)
11-23 18:18:03.376 13534 13575 I m.chrome.canary: Explicit concurrent copying GC freed 491553(10MB) AllocSpace objects, 3(124KB) LOS objects, 75% free, 11MB/44MB, paused 41us,43us total 43.287ms
11-23 18:18:03.378  1011  1189 I ASH     : @ 106735.574: tcs3701: stop power rail pending_off timer
11-23 18:18:03.378  1011  1189 D ASH     : @ 106735.574: tcs3701: start power rail timer, state:3
11-23 18:18:03.425  1795  4172 D ActivityManager: freezer override set to false
11-23 18:18:03.442  9398  9433 I BatteryMgr:DataCollectionService: stats => 1700759883442,10681,4448,9765,4169000,100
11-23 18:18:03.464  1011  1189 I ASH     : @ 106735.661: tcs3701: stop power rail pending_off timer
11-23 18:18:03.464  1011  1189 D ASH     : @ 106735.661: tcs3701: start power rail timer, state:3
11-23 18:18:03.467  1795  3784 D ActivityManager: freezer override set to true
11-23 18:18:03.469  1795  3784 D ActivityManager: freezer override set to false
11-23 18:18:03.547  9398  9433 I BatteryMgr:DataCollectionService: stats => 1700759883547,10681,4448,9765,4169000,100
11-23 18:18:03.551  1011  1189 I ASH     : @ 106735.748: tcs3701: stop power rail pending_off timer
11-23 18:18:03.551  1011  1189 D ASH     : @ 106735.748: tcs3701: start power rail timer, state:3
11-23 18:18:03.638  1011  1189 I ASH     : @ 106735.834: tcs3701: stop power rail pending_off timer
11-23 18:18:03.638  1011  1189 D ASH     : @ 106735.835: tcs3701: start power rail timer, state:3
11-23 18:18:03.654  9398  9433 I BatteryMgr:DataCollectionService: stats => 1700759883653,10681,4448,9765,4169000,100
11-23 18:18:03.724  1011  1189 I ASH     : @ 106735.921: tcs3701: stop power rail pending_off timer
11-23 18:18:03.724  1011  1189 D ASH     : @ 106735.921: tcs3701: start power rail timer, state:3
11-23 18:18:03.759  9398  9433 I BatteryMgr:DataCollectionService: stats => 1700759883759,10681,4448,9765,4169000,100
11-23 18:18:03.811  1011  1189 I ASH     : @ 106736.008: tcs3701: stop power rail pending_off timer
11-23 18:18:03.811  1011  1189 D ASH     : @ 106736.008: tcs3701: start power rail timer, state:3
11-23 18:18:03.866  9398  9433 I BatteryMgr:DataCollectionService: stats => 1700759883865,10681,4448,9765,4169000,100
11-23 18:18:03.898  1011  1189 I ASH     : @ 106736.094: tcs3701: stop power rail pending_off timer
11-23 18:18:03.898  1011  1189 D ASH     : @ 106736.095: tcs3701: start power rail timer, state:3
11-23 18:18:03.934  1795  2424 D WifiClientModeImpl[13802:wlan0]: updateLinkLayerStatsRssiSpeedFrequencyCapabilities rssi=-41 TxLinkspeed=866 freq=5240 RxLinkSpeed=866
11-23 18:18:03.935  1795  2424 D WifiDataStall: tx tput in kbps: 787011
11-23 18:18:03.935  1795  2424 D WifiDataStall: rx tput in kbps: 794960
11-23 18:18:03.935  1795  2424 V WifiConfigManager: Updating scan detail cache freq=5240 BSSID=f4:6d:2f:12:cc:88 RSSI=-41 for "ourhome"WPA_PSK
11-23 18:18:03.936  3213  8092 V WifiManager: OnWifiUsabilityStatsListener: onWifiUsabilityStats: seqNum=35221
11-23 18:18:03.936  1795  2424 D WifiChannelUtilization:  freq: 5240 onTime: 3101029 busyTime: 264967 onTimeDiff: 3100734 busyTimeDiff: 264950 utilization: 21 utilization t0: 21
11-23 18:18:03.936  1795  2424 D WifiDataStall:  ccaLevel = 21
11-23 18:18:03.936  1795  2424 D WifiDataStall: L2 txTputKbps: 659817, rxTputKbps: 794960, L3 txTputKbps: 21, rxTputKbps: 74, TxTrafficHigh: true, RxTrafficHigh: true, Throughput Sufficient: true
11-23 18:18:03.936  2782  5906 D QCNEJ/WlanStaInfoRelay: Received action: android.net.wifi.RSSI_CHANGED
11-23 18:18:03.936  1795  2424 D WifiScoreReport: Wifi scoring disabled - Don't check IP layer
11-23 18:18:03.936  1795  2424 D WifiScoreCard: BSSID update SIGNAL_POLL ID: 1320464697 SSID: "ourhome", BSSID: f4:6d:2f:12:cc:88, MAC: b2:2f:ec:da:4a:0c, IP: /192.168.1.104, Security type: 2, Supplicant state: COMPLETED, Wi-Fi standard: 5, RSSI: -41, Link speed: 866Mbps, Tx Link speed: 866Mbps, Max Supported Tx Link speed: 866Mbps, Rx Link speed: 866Mbps, Max Supported Rx Link speed: 866Mbps, Frequency: 5240MHz, Net ID: 12, Metered hint: false, score: 60, isUsable: true, CarrierMerged: false, SubscriptionId: -1, IsPrimary: 1, Trusted: true, Restricted: false, Ephemeral: false, OEM paid: false, OEM private: false, OSU AP: false, FQDN: <none>, Provider friendly name: <none>, Requesting package name: <none>"ourhome"wpa2-pskMLO Information: , Is TID-To-Link negotiation supported by the AP: false, AP MLD Address: <none>, AP MLO Link Id: <none>, AP MLO Affiliated links: <none>
11-23 18:18:03.936  1795  2424 D WifiScoreCard: txRate: 17 txSpeed: 866
11-23 18:18:03.936  1795  2424 D WifiScoreCard: network update SIGNAL_POLL "ourhome" ID: 1499892569 RSSI -41 txSpeed 866
11-23 18:18:03.936  1795  4172 I WifiService: updateWifiUsabilityScore uid=10180 seqNum=35221 score=100 predictionHorizonSec=1441795
11-23 18:18:03.936  1795  2424 D WifiClientModeImpl[13802:wlan0]:  ClientModeImpl$L2ConnectedState screen=on 21 0 "ourhome" f4:6d:2f:12:cc:88 rssi=-41 f=5240 sc=60 link=866 tx=14.5, 2.0, 0.0 rx=8.8 bcn=1023073 [on:1297 tx:9 rx:10 period:3008] from screen [on:51583 period:2261934] score=60
11-23 18:18:03.937  1795  2424 D WifiScoreReport: Wifi scoring disabled - Notify that Wifi is usable
11-23 18:18:03.939  1795  2432 D ConnectivityService: NetReassign [no changes] [c 0] [a 0] [i 1]
11-23 18:18:03.975  9398  9433 I BatteryMgr:DataCollectionService: stats => 1700759883975,10681,4448,9765,4169000,100
11-23 18:18:03.984  1011  1189 I ASH     : @ 106736.181: tcs3701: stop power rail pending_off timer
11-23 18:18:03.984  1011  1189 D ASH     : @ 106736.181: tcs3701: start power rail timer, state:3
11-23 18:18:04.071  1011  1189 I ASH     : @ 106736.268: tcs3701: stop power rail pending_off timer
11-23 18:18:04.071  1011  1189 D ASH     : @ 106736.268: tcs3701: start power rail timer, state:3
11-23 18:18:04.081  9398  9433 I BatteryMgr:DataCollectionService: stats => 1700759884081,10681,4448,9765,4169000,100
11-23 18:18:04.115 13609 13629 I AdrenoVK-0: QUALCOMM build          : 4783c89, I46ff5fc46f
11-23 18:18:04.115 13609 13629 I AdrenoVK-0: Build Date              : 11/30/20
11-23 18:18:04.115 13609 13629 I AdrenoVK-0: Shader Compiler Version : EV031.31.04.01
11-23 18:18:04.115 13609 13629 I AdrenoVK-0: Local Branch            : QPR2
11-23 18:18:04.115 13609 13629 I AdrenoVK-0: Remote Branch           : 
