11-23 15:11:06.118  2113  2118 I pixel-thermal: skin-therm-monitor: 37.355
11-23 15:11:06.142  1011  1189 I ASH     : @ 95518.340: tcs3701: stop power rail pending_off timer
11-23 15:11:06.142  1011  1189 D ASH     : @ 95518.340: tcs3701: start power rail timer, state:3
11-23 15:11:06.152  5238  5295 I BatteryMgr:DataCollectionService: stats => 1700748666152,12207,4444,13427,4169000,100
11-23 15:11:06.182  1011  1189 I ASH     : @ 95518.380: tcs3701: stop power rail pending_off timer
11-23 15:11:06.182  1011  1189 D ASH     : @ 95518.380: tcs3701: start power rail timer, state:3
11-23 15:11:06.222  1011  1189 I ASH     : @ 95518.420: tcs3701: stop power rail pending_off timer
11-23 15:11:06.222  1011  1189 D ASH     : @ 95518.420: tcs3701: start power rail timer, state:3
11-23 15:11:06.258  5238  5295 I BatteryMgr:DataCollectionService: stats => 1700748666258,12207,4444,13427,4169000,100
11-23 15:11:06.263  1011  1189 I ASH     : @ 95518.460: tcs3701: stop power rail pending_off timer
11-23 15:11:06.263  1011  1189 D ASH     : @ 95518.460: tcs3701: start power rail timer, state:3
11-23 15:11:06.302  1011  1189 I ASH     : @ 95518.500: tcs3701: stop power rail pending_off timer
11-23 15:11:06.302  1011  1189 D ASH     : @ 95518.500: tcs3701: start power rail timer, state:3
11-23 15:11:06.343  1011  1189 I ASH     : @ 95518.540: tcs3701: stop power rail pending_off timer
11-23 15:11:06.343  1011  1189 D ASH     : @ 95518.540: tcs3701: start power rail timer, state:3
11-23 15:11:06.366  5238  5295 I BatteryMgr:DataCollectionService: stats => 1700748666366,12207,4444,13427,4169000,100
11-23 15:11:06.382  1011  1189 I ASH     : @ 95518.580: tcs3701: stop power rail pending_off timer
11-23 15:11:06.382  1011  1189 D ASH     : @ 95518.580: tcs3701: start power rail timer, state:3
11-23 15:11:06.422  1011  1189 I ASH     : @ 95518.620: tcs3701: stop power rail pending_off timer
11-23 15:11:06.422  1011  1189 D ASH     : @ 95518.620: tcs3701: start power rail timer, state:3
11-23 15:11:06.462  1011  1189 I ASH     : @ 95518.660: tcs3701: stop power rail pending_off timer
11-23 15:11:06.463  1011  1189 D ASH     : @ 95518.660: tcs3701: start power rail timer, state:3
11-23 15:11:06.471  5238  5295 I BatteryMgr:DataCollectionService: stats => 1700748666471,12207,4444,13427,4169000,100
11-23 15:11:06.502  1011  1189 I ASH     : @ 95518.700: tcs3701: stop power rail pending_off timer
11-23 15:11:06.502  1011  1189 D ASH     : @ 95518.700: tcs3701: start power rail timer, state:3
11-23 15:11:06.508  1795  3716 D ActivityManager: freezer override set to true
11-23 15:11:06.513  1795  3716 D ActivityManager: freezer override set to false
11-23 15:11:06.542  1011  1189 I ASH     : @ 95518.740: tcs3701: stop power rail pending_off timer
11-23 15:11:06.542  1011  1189 D ASH     : @ 95518.740: tcs3701: start power rail timer, state:3
11-23 15:11:06.578  5238  5295 I BatteryMgr:DataCollectionService: stats => 1700748666578,12207,4444,13427,4169000,100
11-23 15:11:06.582  1011  1189 I ASH     : @ 95518.780: tcs3701: stop power rail pending_off timer
11-23 15:11:06.583  1011  1189 D ASH     : @ 95518.780: tcs3701: start power rail timer, state:3
11-23 15:11:06.622  1011  1189 I ASH     : @ 95518.820: tcs3701: stop power rail pending_off timer
11-23 15:11:06.622  1011  1189 D ASH     : @ 95518.820: tcs3701: start power rail timer, state:3
11-23 15:11:06.664  1011  1189 I ASH     : @ 95518.860: tcs3701: stop power rail pending_off timer
11-23 15:11:06.664  1011  1189 D ASH     : @ 95518.860: tcs3701: start power rail timer, state:3
11-23 15:11:06.684  5238  5295 I BatteryMgr:DataCollectionService: stats => 1700748666684,12207,4444,13427,4169000,100
11-23 15:11:06.702  1011  1189 I ASH     : @ 95518.900: tcs3701: stop power rail pending_off timer
11-23 15:11:06.702  1011  1189 D ASH     : @ 95518.900: tcs3701: start power rail timer, state:3
11-23 15:11:06.743  1011  1189 I ASH     : @ 95518.940: tcs3701: stop power rail pending_off timer
11-23 15:11:06.743  1011  1189 D ASH     : @ 95518.940: tcs3701: start power rail timer, state:3
11-23 15:11:06.782  1011  1189 I ASH     : @ 95518.980: tcs3701: stop power rail pending_off timer
11-23 15:11:06.782  1011  1189 D ASH     : @ 95518.980: tcs3701: start power rail timer, state:3
11-23 15:11:06.791  5238  5295 I BatteryMgr:DataCollectionService: stats => 1700748666791,12207,4444,13427,4169000,100
11-23 15:11:06.822  1011  1189 I ASH     : @ 95519.020: tcs3701: stop power rail pending_off timer
11-23 15:11:06.822  1011  1189 D ASH     : @ 95519.020: tcs3701: start power rail timer, state:3
11-23 15:11:06.862  1011  1189 I ASH     : @ 95519.060: tcs3701: stop power rail pending_off timer
11-23 15:11:06.862  1011  1189 D ASH     : @ 95519.060: tcs3701: start power rail timer, state:3
11-23 15:11:06.896  5238  5295 I BatteryMgr:DataCollectionService: stats => 1700748666896,12207,4444,13427,4169000,100
11-23 15:11:06.902  1011  1189 I ASH     : @ 95519.100: tcs3701: stop power rail pending_off timer
11-23 15:11:06.902  1011  1189 D ASH     : @ 95519.100: tcs3701: start power rail timer, state:3
11-23 15:11:06.942  1011  1189 I ASH     : @ 95519.140: tcs3701: stop power rail pending_off timer
11-23 15:11:06.942  1011  1189 D ASH     : @ 95519.140: tcs3701: start power rail timer, state:3
11-23 15:11:06.982  1011  1189 I ASH     : @ 95519.180: tcs3701: stop power rail pending_off timer
11-23 15:11:06.982  1011  1189 D ASH     : @ 95519.180: tcs3701: start power rail timer, state:3
11-23 15:11:07.004  5238  5295 I BatteryMgr:DataCollectionService: stats => 1700748667004,12207,4444,13427,4169000,100
11-23 15:11:07.022  1011  1189 I ASH     : @ 95519.220: tcs3701: stop power rail pending_off timer
11-23 15:11:07.022  1011  1189 D ASH     : @ 95519.220: tcs3701: start power rail timer, state:3
11-23 15:11:07.024  1795  3716 D ActivityManager: freezer override set to true
11-23 15:11:07.062  1011  1189 I ASH     : @ 95519.260: tcs3701: stop power rail pending_off timer
11-23 15:11:07.062  1011  1189 D ASH     : @ 95519.260: tcs3701: start power rail timer, state:3
11-23 15:11:07.102  1011  1189 I ASH     : @ 95519.300: tcs3701: stop power rail pending_off timer
11-23 15:11:07.102  1011  1189 D ASH     : @ 95519.300: tcs3701: start power rail timer, state:3
11-23 15:11:07.108  5238  5295 I BatteryMgr:DataCollectionService: stats => 1700748667108,12207,4444,13427,4169000,100
11-23 15:11:07.142  1011  1189 I ASH     : @ 95519.340: tcs3701: stop power rail pending_off timer
11-23 15:11:07.142  1011  1189 D ASH     : @ 95519.340: tcs3701: start power rail timer, state:3
11-23 15:11:07.148 15275 15290 I m.chrome.canary: Explicit concurrent copying GC freed 3591(176KB) AllocSpace objects, 3(60KB) LOS objects, 75% free, 11MB/47MB, paused 51us,20us total 39.563ms
11-23 15:11:07.161  1795  2424 D WifiClientModeImpl[13802:wlan0]: updateLinkLayerStatsRssiSpeedFrequencyCapabilities rssi=-50 TxLinkspeed=866 freq=5240 RxLinkSpeed=6
11-23 15:11:07.161  1795  2424 D WifiDataStall: tx tput in kbps: 751999
11-23 15:11:07.161  1795  2424 D WifiDataStall: rx tput in kbps: 791578
11-23 15:11:07.161  1795  2424 V WifiConfigManager: Updating scan detail cache freq=5240 BSSID=f4:6d:2f:12:cc:88 RSSI=-49 for "ourhome"WPA_PSK
11-23 15:11:07.162  2782  5906 D QCNEJ/WlanStaInfoRelay: Received action: android.net.wifi.RSSI_CHANGED
11-23 15:11:07.162  1795  2424 D WifiChannelUtilization:  freq: 5240 onTime: 2857552 busyTime: 252117 onTimeDiff: 2857257 busyTimeDiff: 252100 utilization: 22 utilization t0: 22
11-23 15:11:07.162  1795  2424 D WifiDataStall:  ccaLevel = 22
11-23 15:11:07.162  1795  2424 D WifiDataStall: L2 txTputKbps: 751999, rxTputKbps: 791578, L3 txTputKbps: 0, rxTputKbps: 0, TxTrafficHigh: false, RxTrafficHigh: false, Throughput Sufficient: true
11-23 15:11:07.162  1795  2424 D WifiScoreReport: Wifi scoring disabled - Don't check IP layer
11-23 15:11:07.162  1795  2424 D WifiScoreCard: BSSID update SIGNAL_POLL ID: 1320464697 SSID: "ourhome", BSSID: f4:6d:2f:12:cc:88, MAC: b2:2f:ec:da:4a:0c, IP: /192.168.1.104, Security type: 2, Supplicant state: COMPLETED, Wi-Fi standard: 5, RSSI: -50, Link speed: 866Mbps, Tx Link speed: 866Mbps, Max Supported Tx Link speed: 866Mbps, Rx Link speed: 6Mbps, Max Supported Rx Link speed: 866Mbps, Frequency: 5240MHz, Net ID: 12, Metered hint: false, score: 60, isUsable: true, CarrierMerged: false, SubscriptionId: -1, IsPrimary: 1, Trusted: true, Restricted: false, Ephemeral: false, OEM paid: false, OEM private: false, OSU AP: false, FQDN: <none>, Provider friendly name: <none>, Requesting package name: <none>"ourhome"wpa2-pskMLO Information: , Is TID-To-Link negotiation supported by the AP: false, AP MLD Address: <none>, AP MLO Link Id: <none>, AP MLO Affiliated links: <none>
11-23 15:11:07.163  1795  2424 D WifiScoreCard: txRate: 1 txSpeed: 866
11-23 15:11:07.163  1795  2424 D WifiScoreCard: network update SIGNAL_POLL "ourhome" ID: 1499892569 RSSI -50 txSpeed -1
11-23 15:11:07.163  1795  2424 D WifiClientModeImpl[13802:wlan0]:  ClientModeImpl$L2ConnectedState screen=on 17 0 "ourhome" f4:6d:2f:12:cc:88 rssi=-50 f=5240 sc=60 link=866 tx=0.0, 0.0, 0.0 rx=0.0 bcn=913690 [on:0 tx:0 rx:0 period:3013] from screen [on:189367 period:5300657] score=60
11-23 15:11:07.163  3213  6173 V WifiManager: OnWifiUsabilityStatsListener: onWifiUsabilityStats: seqNum=31528
11-23 15:11:07.164  1795  3745 I WifiService: updateWifiUsabilityScore uid=10180 seqNum=31528 score=100 predictionHorizonSec=1441795
11-23 15:11:07.165  1795  2424 D WifiScoreReport: Wifi scoring disabled - Notify that Wifi is usable
11-23 15:11:07.168  1795  2432 D ConnectivityService: NetReassign [no changes] [c 1] [a 0] [i 2]
11-23 15:11:07.182  1011  1189 I ASH     : @ 95519.380: tcs3701: stop power rail pending_off timer
11-23 15:11:07.182  1011  1189 D ASH     : @ 95519.380: tcs3701: start power rail timer, state:3
11-23 15:11:07.186  1795  2424 D WifiNetworkSelector: Current connected network: 12
11-23 15:11:07.186  1795  2424 V WifiConnectivityManager: No partial scan because firmware roaming is supported.
11-23 15:11:07.187  1795  2424 V WifiConnectivityManager: schedulePeriodicScanTimer intervalMs 20000
11-23 15:11:07.197  1795  3716 D ActivityManager: freezer override set to false
11-23 15:11:07.213  5238  5295 I BatteryMgr:DataCollectionService: stats => 1700748667213,12207,4444,13427,4169000,100
11-23 15:11:07.222  1011  1189 I ASH     : @ 95519.420: tcs3701: stop power rail pending_off timer
11-23 15:11:07.222  1011  1189 D ASH     : @ 95519.420: tcs3701: start power rail timer, state:3
11-23 15:11:07.235  1795  3716 D ActivityManager: freezer override set to true
11-23 15:11:07.238  1795  3716 D ActivityManager: freezer override set to false
11-23 15:11:07.263  1011  1189 I ASH     : @ 95519.460: tcs3701: stop power rail pending_off timer
11-23 15:11:07.263  1011  1189 D ASH     : @ 95519.460: tcs3701: start power rail timer, state:3
11-23 15:11:07.302  1011  1189 I ASH     : @ 95519.500: tcs3701: stop power rail pending_off timer
11-23 15:11:07.302  1011  1189 D ASH     : @ 95519.500: tcs3701: start power rail timer, state:3
11-23 15:11:07.318  5238  5295 I BatteryMgr:DataCollectionService: stats => 1700748667318,12207,4444,13427,4169000,100
11-23 15:11:07.342  1011  1189 I ASH     : @ 95519.540: tcs3701: stop power rail pending_off timer
11-23 15:11:07.342  1011  1189 D ASH     : @ 95519.540: tcs3701: start power rail timer, state:3
11-23 15:11:07.382  1011  1189 I ASH     : @ 95519.580: tcs3701: stop power rail pending_off timer
11-23 15:11:07.382  1011  1189 D ASH     : @ 95519.580: tcs3701: start power rail timer, state:3
11-23 15:11:07.410  3074  6542 I NearbyDiscovery: (REDACTED) loadFastPairModule: checkFeaturesAreAvailable:%d
11-23 15:11:07.410  3074  6542 I NearbyDiscovery: loadFastPairModule: FastPair module is downloaded. [CONTEXT service_id=265 ]
11-23 15:11:07.422  1011  1189 I ASH     : @ 95519.620: tcs3701: stop power rail pending_off timer
11-23 15:11:07.422  1011  1189 D ASH     : @ 95519.620: tcs3701: start power rail timer, state:3
11-23 15:11:07.424  5238  5295 I BatteryMgr:DataCollectionService: stats => 1700748667424,12207,4444,13427,4169000,100
11-23 15:11:07.462  1011  1189 I ASH     : @ 95519.660: tcs3701: stop power rail pending_off timer
11-23 15:11:07.462  1011  1189 D ASH     : @ 95519.660: tcs3701: start power rail timer, state:3
11-23 15:11:07.502  1011  1189 I ASH     : @ 95519.700: tcs3701: stop power rail pending_off timer
11-23 15:11:07.503  1011  1189 D ASH     : @ 95519.700: tcs3701: start power rail timer, state:3
11-23 15:11:07.514  1795  3716 D ActivityManager: freezer override set to true
11-23 15:11:07.519  1795  3716 D ActivityManager: freezer override set to false
11-23 15:11:07.528  5238  5295 I BatteryMgr:DataCollectionService: stats => 1700748667528,12207,4444,13427,4169000,100
11-23 15:11:07.543  1011  1189 I ASH     : @ 95519.740: tcs3701: stop power rail pending_off timer
11-23 15:11:07.543  1011  1189 D ASH     : @ 95519.740: tcs3701: start power rail timer, state:3
11-23 15:11:07.582  1011  1189 I ASH     : @ 95519.780: tcs3701: stop power rail pending_off timer
11-23 15:11:07.582  1011  1189 D ASH     : @ 95519.780: tcs3701: start power rail timer, state:3
11-23 15:11:07.622  1011  1189 I ASH     : @ 95519.820: tcs3701: stop power rail pending_off timer
11-23 15:11:07.622  1011  1189 D ASH     : @ 95519.820: tcs3701: start power rail timer, state:3
11-23 15:11:07.637  5238  5295 I BatteryMgr:DataCollectionService: stats => 1700748667637,12207,4444,13427,4169000,100
11-23 15:11:07.662  1011  1189 I ASH     : @ 95519.860: tcs3701: stop power rail pending_off timer
11-23 15:11:07.662  1011  1189 D ASH     : @ 95519.860: tcs3701: start power rail timer, state:3
11-23 15:11:07.702  1011  1189 I ASH     : @ 95519.900: tcs3701: stop power rail pending_off timer
11-23 15:11:07.702  1011  1189 D ASH     : @ 95519.900: tcs3701: start power rail timer, state:3
11-23 15:11:07.742  5238  5295 I BatteryMgr:DataCollectionService: stats => 1700748667742,12207,4444,13427,4169000,100
11-23 15:11:07.743  1011  1189 I ASH     : @ 95519.940: tcs3701: stop power rail pending_off timer
11-23 15:11:07.743  1011  1189 D ASH     : @ 95519.940: tcs3701: start power rail timer, state:3
11-23 15:11:07.782  1011  1189 I ASH     : @ 95519.980: tcs3701: stop power rail pending_off timer
11-23 15:11:07.782  1011  1189 D ASH     : @ 95519.980: tcs3701: start power rail timer, state:3
11-23 15:11:07.822  1011  1189 I ASH     : @ 95520.020: tcs3701: stop power rail pending_off timer
11-23 15:11:07.822  1011  1189 D ASH     : @ 95520.020: tcs3701: start power rail timer, state:3
11-23 15:11:07.849  5238  5295 I BatteryMgr:DataCollectionService: stats => 1700748667849,12207,4444,13427,4169000,100
11-23 15:11:07.862  1011  1189 I ASH     : @ 95520.060: tcs3701: stop power rail pending_off timer
11-23 15:11:07.862  1011  1189 D ASH     : @ 95520.060: tcs3701: start power rail timer, state:3
11-23 15:11:07.902  1011  1189 I ASH     : @ 95520.100: tcs3701: stop power rail pending_off timer
11-23 15:11:07.902  1011  1189 D ASH     : @ 95520.100: tcs3701: start power rail timer, state:3
11-23 15:11:07.942  1011  1189 I ASH     : @ 95520.140: tcs3701: stop power rail pending_off timer
11-23 15:11:07.942  1011  1189 D ASH     : @ 95520.140: tcs3701: start power rail timer, state:3
11-23 15:11:07.955  5238  5295 I BatteryMgr:DataCollectionService: stats => 1700748667955,12207,4444,13427,4169000,100
11-23 15:11:07.982  1011  1189 I ASH     : @ 95520.180: tcs3701: stop power rail pending_off timer
11-23 15:11:07.982  1011  1189 D ASH     : @ 95520.180: tcs3701: start power rail timer, state:3
11-23 15:11:08.022  1011  1189 I ASH     : @ 95520.220: tcs3701: stop power rail pending_off timer
11-23 15:11:08.022  1011  1189 D ASH     : @ 95520.220: tcs3701: start power rail timer, state:3
11-23 15:11:08.061  5238  5295 I BatteryMgr:DataCollectionService: stats => 1700748668061,12207,4444,13427,4169000,100
11-23 15:11:08.062  1011  1189 I ASH     : @ 95520.260: tcs3701: stop power rail pending_off timer
11-23 15:11:08.062  1011  1189 D ASH     : @ 95520.260: tcs3701: start power rail timer, state:3
11-23 15:11:08.102  1011  1189 I ASH     : @ 95520.300: tcs3701: stop power rail pending_off timer
11-23 15:11:08.102  1011  1189 D ASH     : @ 95520.300: tcs3701: start power rail timer, state:3
11-23 15:11:08.121  2113  2118 I pixel-thermal: skin-therm-monitor: 37.365
11-23 15:11:08.143  1011  1189 I ASH     : @ 95520.340: tcs3701: stop power rail pending_off timer
11-23 15:11:08.143  1011  1189 D ASH     : @ 95520.340: tcs3701: start power rail timer, state:3
11-23 15:11:08.167  5238  5295 I BatteryMgr:DataCollectionService: stats => 1700748668167,12207,4444,13427,4169000,100
11-23 15:11:08.182  1011  1189 I ASH     : @ 95520.380: tcs3701: stop power rail pending_off timer
11-23 15:11:08.182  1011  1189 D ASH     : @ 95520.380: tcs3701: start power rail timer, state:3
11-23 15:11:08.222  1011  1189 I ASH     : @ 95520.420: tcs3701: stop power rail pending_off timer
11-23 15:11:08.222  1011  1189 D ASH     : @ 95520.420: tcs3701: start power rail timer, state:3
11-23 15:11:08.262  1011  1189 I ASH     : @ 95520.460: tcs3701: stop power rail pending_off timer
11-23 15:11:08.262  1011  1189 D ASH     : @ 95520.460: tcs3701: start power rail timer, state:3
11-23 15:11:08.272  5238  5295 I BatteryMgr:DataCollectionService: stats => 1700748668272,12207,4444,13427,4169000,100
11-23 15:11:08.302  1011  1189 I ASH     : @ 95520.500: tcs3701: stop power rail pending_off timer
11-23 15:11:08.302  1011  1189 D ASH     : @ 95520.500: tcs3701: start power rail timer, state:3
11-23 15:11:08.342  1011  1189 I ASH     : @ 95520.540: tcs3701: stop power rail pending_off timer
11-23 15:11:08.342  1011  1189 D ASH     : @ 95520.540: tcs3701: start power rail timer, state:3
11-23 15:11:08.375  1795  3745 D ActivityManager: freezer override set to true
11-23 15:11:08.376  5238  5295 I BatteryMgr:DataCollectionService: stats => 1700748668376,12207,4444,13427,4169000,100
11-23 15:11:08.382  1011  1189 I ASH     : @ 95520.580: tcs3701: stop power rail pending_off timer
11-23 15:11:08.382  1011  1189 D ASH     : @ 95520.580: tcs3701: start power rail timer, state:3
11-23 15:11:08.422  1011  1189 I ASH     : @ 95520.620: tcs3701: stop power rail pending_off timer
11-23 15:11:08.422  1011  1189 D ASH     : @ 95520.620: tcs3701: start power rail timer, state:3
11-23 15:11:08.455 15275 15290 I m.chrome.canary: Explicit concurrent copying GC freed 3569(176KB) AllocSpace objects, 3(60KB) LOS objects, 75% free, 11MB/47MB, paused 30us,22us total 45.397ms
11-23 15:11:08.462  1011  1189 I ASH     : @ 95520.660: tcs3701: stop power rail pending_off timer
11-23 15:11:08.463  1011  1189 D ASH     : @ 95520.660: tcs3701: start power rail timer, state:3
11-23 15:11:08.483  5238  5295 I BatteryMgr:DataCollectionService: stats => 1700748668483,12207,4444,13427,4169000,100
11-23 15:11:08.502  1011  1189 I ASH     : @ 95520.700: tcs3701: stop power rail pending_off timer
11-23 15:11:08.502  1011  1189 D ASH     : @ 95520.700: tcs3701: start power rail timer, state:3
11-23 15:11:08.513  1795  3745 D ActivityManager: freezer override set to false
11-23 15:11:08.513  1795  3716 D ActivityManager: freezer override set to true
11-23 15:11:08.518  1795  3716 D ActivityManager: freezer override set to false
11-23 15:11:08.543  1011  1189 I ASH     : @ 95520.740: tcs3701: stop power rail pending_off timer
11-23 15:11:08.543  1011  1189 D ASH     : @ 95520.740: tcs3701: start power rail timer, state:3
11-23 15:11:08.560  1795  3716 D ActivityManager: freezer override set to true
11-23 15:11:08.563  1795  3716 D ActivityManager: freezer override set to false
11-23 15:11:08.582  1011  1189 I ASH     : @ 95520.780: tcs3701: stop power rail pending_off timer
11-23 15:11:08.582  1011  1189 D ASH     : @ 95520.780: tcs3701: start power rail timer, state:3
11-23 15:11:08.591  5238  5295 I BatteryMgr:DataCollectionService: stats => 1700748668590,12207,4444,13427,4169000,100
11-23 15:11:08.623  1011  1189 I ASH     : @ 95520.820: tcs3701: stop power rail pending_off timer
11-23 15:11:08.623  1011  1189 D ASH     : @ 95520.820: tcs3701: start power rail timer, state:3
11-23 15:11:08.663  1011  1189 I ASH     : @ 95520.860: tcs3701: stop power rail pending_off timer
11-23 15:11:08.663  1011  1189 D ASH     : @ 95520.860: tcs3701: start power rail timer, state:3
11-23 15:11:08.699  5238  5295 I BatteryMgr:DataCollectionService: stats => 1700748668699,12207,4444,13427,4169000,100
11-23 15:11:08.702  1011  1189 I ASH     : @ 95520.900: tcs3701: stop power rail pending_off timer
11-23 15:11:08.702  1011  1189 D ASH     : @ 95520.900: tcs3701: start power rail timer, state:3
11-23 15:11:08.743  1011  1189 I ASH     : @ 95520.940: tcs3701: stop power rail pending_off timer
11-23 15:11:08.743  1011  1189 D ASH     : @ 95520.940: tcs3701: start power rail timer, state:3
11-23 15:11:08.782  1011  1189 I ASH     : @ 95520.980: tcs3701: stop power rail pending_off timer
11-23 15:11:08.782  1011  1189 D ASH     : @ 95520.980: tcs3701: start power rail timer, state:3
11-23 15:11:08.806  5238  5295 I BatteryMgr:DataCollectionService: stats => 1700748668806,12207,4444,13427,4169000,100
11-23 15:11:08.823  1011  1189 I ASH     : @ 95521.020: tcs3701: stop power rail pending_off timer
11-23 15:11:08.823  1011  1189 D ASH     : @ 95521.020: tcs3701: start power rail timer, state:3
11-23 15:11:08.862  1011  1189 I ASH     : @ 95521.060: tcs3701: stop power rail pending_off timer
11-23 15:11:08.862  1011  1189 D ASH     : @ 95521.060: tcs3701: start power rail timer, state:3
11-23 15:11:08.902  1011  1189 I ASH     : @ 95521.100: tcs3701: stop power rail pending_off timer
11-23 15:11:08.902  1011  1189 D ASH     : @ 95521.100: tcs3701: start power rail timer, state:3
11-23 15:11:08.913  5238  5295 I BatteryMgr:DataCollectionService: stats => 1700748668912,12207,4444,13427,4169000,100
11-23 15:11:08.942  1011  1189 I ASH     : @ 95521.140: tcs3701: stop power rail pending_off timer
11-23 15:11:08.942  1011  1189 D ASH     : @ 95521.140: tcs3701: start power rail timer, state:3
11-23 15:11:08.982  1011  1189 I ASH     : @ 95521.180: tcs3701: stop power rail pending_off timer
11-23 15:11:08.982  1011  1189 D ASH     : @ 95521.180: tcs3701: start power rail timer, state:3
11-23 15:11:09.019  5238  5295 I BatteryMgr:DataCollectionService: stats => 1700748669019,12207,4444,13427,4169000,100
11-23 15:11:09.023  1011  1189 I ASH     : @ 95521.220: tcs3701: stop power rail pending_off timer
11-23 15:11:09.023  1011  1189 D ASH     : @ 95521.220: tcs3701: start power rail timer, state:3
11-23 15:11:09.062  1011  1189 I ASH     : @ 95521.260: tcs3701: stop power rail pending_off timer
11-23 15:11:09.062  1011  1189 D ASH     : @ 95521.260: tcs3701: start power rail timer, state:3
11-23 15:11:09.102  1011  1189 I ASH     : @ 95521.300: tcs3701: stop power rail pending_off timer
11-23 15:11:09.102  1011  1189 D ASH     : @ 95521.300: tcs3701: start power rail timer, state:3
11-23 15:11:09.126  5238  5295 I BatteryMgr:DataCollectionService: stats => 1700748669126,12207,4444,13427,4169000,100
11-23 15:11:09.142  1011  1189 I ASH     : @ 95521.340: tcs3701: stop power rail pending_off timer
11-23 15:11:09.142  1011  1189 D ASH     : @ 95521.340: tcs3701: start power rail timer, state:3
11-23 15:11:09.182  1011  1189 I ASH     : @ 95521.380: tcs3701: stop power rail pending_off timer
11-23 15:11:09.182  1011  1189 D ASH     : @ 95521.380: tcs3701: start power rail timer, state:3
11-23 15:11:09.222  1011  1189 I ASH     : @ 95521.420: tcs3701: stop power rail pending_off timer
11-23 15:11:09.222  1011  1189 D ASH     : @ 95521.420: tcs3701: start power rail timer, state:3
11-23 15:11:09.232  5238  5295 I BatteryMgr:DataCollectionService: stats => 1700748669232,12207,4444,13427,4169000,100
11-23 15:11:09.262  1011  1189 I ASH     : @ 95521.460: tcs3701: stop power rail pending_off timer
11-23 15:11:09.262  1011  1189 D ASH     : @ 95521.460: tcs3701: start power rail timer, state:3
11-23 15:11:09.302  1011  1189 I ASH     : @ 95521.500: tcs3701: stop power rail pending_off timer
11-23 15:11:09.302  1011  1189 D ASH     : @ 95521.500: tcs3701: start power rail timer, state:3
11-23 15:11:09.340  5238  5295 I BatteryMgr:DataCollectionService: stats => 1700748669340,12207,4444,13427,4169000,100
11-23 15:11:09.342  1011  1189 I ASH     : @ 95521.540: tcs3701: stop power rail pending_off timer
11-23 15:11:09.342  1011  1189 D ASH     : @ 95521.540: tcs3701: start power rail timer, state:3
11-23 15:11:09.382  1011  1189 I ASH     : @ 95521.580: tcs3701: stop power rail pending_off timer
11-23 15:11:09.384  1011  1189 D ASH     : @ 95521.580: tcs3701: start power rail timer, state:3
11-23 15:11:09.422  1011  1189 I ASH     : @ 95521.620: tcs3701: stop power rail pending_off timer
11-23 15:11:09.422  1011  1189 D ASH     : @ 95521.620: tcs3701: start power rail timer, state:3
11-23 15:11:09.447  5238  5295 I BatteryMgr:DataCollectionService: stats => 1700748669447,12207,4444,13427,4169000,100
11-23 15:11:09.462  1011  1189 I ASH     : @ 95521.660: tcs3701: stop power rail pending_off timer
11-23 15:11:09.462  1011  1189 D ASH     : @ 95521.660: tcs3701: start power rail timer, state:3
11-23 15:11:09.502  1011  1189 I ASH     : @ 95521.700: tcs3701: stop power rail pending_off timer
11-23 15:11:09.502  1011  1189 D ASH     : @ 95521.700: tcs3701: start power rail timer, state:3
11-23 15:11:09.534  1795  3716 D ActivityManager: freezer override set to true
11-23 15:11:09.539  1795  3716 D ActivityManager: freezer override set to false
11-23 15:11:09.542  1011  1189 I ASH     : @ 95521.740: tcs3701: stop power rail pending_off timer
11-23 15:11:09.542  1011  1189 D ASH     : @ 95521.740: tcs3701: start power rail timer, state:3
11-23 15:11:09.552  5238  5295 I BatteryMgr:DataCollectionService: stats => 1700748669552,12207,4444,13427,4169000,100
11-23 15:11:09.582  1011  1189 I ASH     : @ 95521.780: tcs3701: stop power rail pending_off timer
11-23 15:11:09.582  1011  1189 D ASH     : @ 95521.780: tcs3701: start power rail timer, state:3
11-23 15:11:09.622  1011  1189 I ASH     : @ 95521.820: tcs3701: stop power rail pending_off timer
11-23 15:11:09.622  1011  1189 D ASH     : @ 95521.820: tcs3701: start power rail timer, state:3
11-23 15:11:09.660  5238  5295 I BatteryMgr:DataCollectionService: stats => 1700748669660,12207,4444,13427,4169000,100
11-23 15:11:09.662  1011  1189 I ASH     : @ 95521.860: tcs3701: stop power rail pending_off timer
11-23 15:11:09.662  1011  1189 D ASH     : @ 95521.860: tcs3701: start power rail timer, state:3
11-23 15:11:09.702  1011  1189 I ASH     : @ 95521.900: tcs3701: stop power rail pending_off timer
11-23 15:11:09.702  1011  1189 D ASH     : @ 95521.900: tcs3701: start power rail timer, state:3
11-23 15:11:09.710  1795  3716 D ActivityManager: freezer override set to true
11-23 15:11:09.742  1011  1189 I ASH     : @ 95521.940: tcs3701: stop power rail pending_off timer
11-23 15:11:09.742  1011  1189 D ASH     : @ 95521.940: tcs3701: start power rail timer, state:3
11-23 15:11:09.764  5238  5295 I BatteryMgr:DataCollectionService: stats => 1700748669764,12207,4444,13427,4169000,100
11-23 15:11:09.782  1011  1189 I ASH     : @ 95521.980: tcs3701: stop power rail pending_off timer
11-23 15:11:09.782  1011  1189 D ASH     : @ 95521.980: tcs3701: start power rail timer, state:3
11-23 15:11:09.822  1011  1189 I ASH     : @ 95522.020: tcs3701: stop power rail pending_off timer
11-23 15:11:09.822  1011  1189 D ASH     : @ 95522.020: tcs3701: start power rail timer, state:3
11-23 15:11:09.834 15275 15290 I m.chrome.canary: Explicit concurrent copying GC freed 3802(191KB) AllocSpace objects, 4(80KB) LOS objects, 75% free, 11MB/47MB, paused 30us,27us total 45.318ms
11-23 15:11:09.862  1011  1189 I ASH     : @ 95522.060: tcs3701: stop power rail pending_off timer
11-23 15:11:09.862  1011  1189 D ASH     : @ 95522.060: tcs3701: start power rail timer, state:3
11-23 15:11:09.868  5238  5295 I BatteryMgr:DataCollectionService: stats => 1700748669868,12207,4444,13427,4169000,100
11-23 15:11:09.890  1795  3716 D ActivityManager: freezer override set to false
11-23 15:11:09.902  1011  1189 I ASH     : @ 95522.100: tcs3701: stop power rail pending_off timer
11-23 15:11:09.903  1011  1189 D ASH     : @ 95522.100: tcs3701: start power rail timer, state:3
11-23 15:11:09.942  1011  1189 I ASH     : @ 95522.140: tcs3701: stop power rail pending_off timer
11-23 15:11:09.942  1011  1189 D ASH     : @ 95522.140: tcs3701: start power rail timer, state:3
11-23 15:11:09.972  1795  3745 D ActivityManager: freezer override set to true
11-23 15:11:09.974  5238  5295 I BatteryMgr:DataCollectionService: stats => 1700748669974,12207,4444,13427,4169000,100
11-23 15:11:09.975  1795  3745 D ActivityManager: freezer override set to false
11-23 15:11:09.982  1011  1189 I ASH     : @ 95522.180: tcs3701: stop power rail pending_off timer
11-23 15:11:09.983  1011  1189 D ASH     : @ 95522.180: tcs3701: start power rail timer, state:3
11-23 15:11:10.022  1011  1189 I ASH     : @ 95522.220: tcs3701: stop power rail pending_off timer
11-23 15:11:10.022  1011  1189 D ASH     : @ 95522.220: tcs3701: start power rail timer, state:3
11-23 15:11:10.062  1011  1189 I ASH     : @ 95522.260: tcs3701: stop power rail pending_off timer
11-23 15:11:10.062  1011  1189 D ASH     : @ 95522.260: tcs3701: start power rail timer, state:3
11-23 15:11:10.078  5238  5295 I BatteryMgr:DataCollectionService: stats => 1700748670078,12207,4444,13427,4169000,100
11-23 15:11:10.103  1011  1189 I ASH     : @ 95522.300: tcs3701: stop power rail pending_off timer
11-23 15:11:10.103  1011  1189 D ASH     : @ 95522.300: tcs3701: start power rail timer, state:3
11-23 15:11:10.123  2113  2118 I pixel-thermal: skin-therm-monitor: 37.372
11-23 15:11:10.142  1011  1189 I ASH     : @ 95522.340: tcs3701: stop power rail pending_off timer
11-23 15:11:10.142  1011  1189 D ASH     : @ 95522.340: tcs3701: start power rail timer, state:3
11-23 15:11:10.176  1795  2424 D WifiClientModeImpl[13802:wlan0]: updateLinkLayerStatsRssiSpeedFrequencyCapabilities rssi=-49 TxLinkspeed=866 freq=5240 RxLinkSpeed=6
11-23 15:11:10.177  1795  2424 D WifiDataStall: tx tput in kbps: 751999
11-23 15:11:10.177  1795  2424 D WifiDataStall: rx tput in kbps: 791578
11-23 15:11:10.177  1795  2424 V WifiConfigManager: Updating scan detail cache freq=5240 BSSID=f4:6d:2f:12:cc:88 RSSI=-49 for "ourhome"WPA_PSK
11-23 15:11:10.177  2782  5906 D QCNEJ/WlanStaInfoRelay: Received action: android.net.wifi.RSSI_CHANGED
11-23 15:11:10.177  1795  2424 D WifiChannelUtilization:  freq: 5240 onTime: 2857552 busyTime: 252117 onTimeDiff: 2857257 busyTimeDiff: 252100 utilization: 22 utilization t0: 22
11-23 15:11:10.177  1795  2424 D WifiDataStall:  ccaLevel = 22
11-23 15:11:10.178  1795  2424 D WifiDataStall: L2 txTputKbps: 751999, rxTputKbps: 791578, L3 txTputKbps: 0, rxTputKbps: 0, TxTrafficHigh: false, RxTrafficHigh: false, Throughput Sufficient: true
11-23 15:11:10.178  3213  6173 V WifiManager: OnWifiUsabilityStatsListener: onWifiUsabilityStats: seqNum=31529
11-23 15:11:10.178  1795  2424 D WifiScoreReport: Wifi scoring disabled - Don't check IP layer
11-23 15:11:10.178  1795  2424 D WifiScoreCard: BSSID update SIGNAL_POLL ID: 1320464697 SSID: "ourhome", BSSID: f4:6d:2f:12:cc:88, MAC: b2:2f:ec:da:4a:0c, IP: /192.168.1.104, Security type: 2, Supplicant state: COMPLETED, Wi-Fi standard: 5, RSSI: -49, Link speed: 866Mbps, Tx Link speed: 866Mbps, Max Supported Tx Link speed: 866Mbps, Rx Link speed: 6Mbps, Max Supported Rx Link speed: 866Mbps, Frequency: 5240MHz, Net ID: 12, Metered hint: false, score: 60, isUsable: true, CarrierMerged: false, SubscriptionId: -1, IsPrimary: 1, Trusted: true, Restricted: false, Ephemeral: false, OEM paid: false, OEM private: false, OSU AP: false, FQDN: <none>, Provider friendly name: <none>, Requesting package name: <none>"ourhome"wpa2-pskMLO Information: , Is TID-To-Link negotiation supported by the AP: false, AP MLD Address: <none>, AP MLO Link Id: <none>, AP MLO Affiliated links: <none>
11-23 15:11:10.178  1795  2424 D WifiScoreCard: txRate: 1 txSpeed: 866
11-23 15:11:10.178  1795  2424 D WifiScoreCard: network update SIGNAL_POLL "ourhome" ID: 1499892569 RSSI -49 txSpeed -1
11-23 15:11:10.178  1795  3745 I WifiService: updateWifiUsabilityScore uid=10180 seqNum=31529 score=100 predictionHorizonSec=1441795
11-23 15:11:10.178  1795  2424 D WifiClientModeImpl[13802:wlan0]:  ClientModeImpl$L2ConnectedState screen=on 17 0 "ourhome" f4:6d:2f:12:cc:88 rssi=-49 f=5240 sc=60 link=866 tx=0.0, 0.0, 0.0 rx=0.0 bcn=913719 [on:0 tx:0 rx:0 period:3015] from screen [on:189367 period:5303672] score=60
11-23 15:11:10.179  1795  2424 D WifiScoreReport: Wifi scoring disabled - Notify that Wifi is usable
11-23 15:11:10.182  1011  1189 I ASH     : @ 95522.380: tcs3701: stop power rail pending_off timer
11-23 15:11:10.182  1011  1189 D ASH     : @ 95522.380: tcs3701: start power rail timer, state:3
11-23 15:11:10.183  1795  2432 D ConnectivityService: NetReassign [no changes] [c 0] [a 1] [i 2]
11-23 15:11:10.185  5238  5295 I BatteryMgr:DataCollectionService: stats => 1700748670185,12207,4444,13427,4169000,100
11-23 15:11:10.223  1011  1189 I ASH     : @ 95522.420: tcs3701: stop power rail pending_off timer
11-23 15:11:10.223  1011  1189 D ASH     : @ 95522.420: tcs3701: start power rail timer, state:3
11-23 15:11:10.262  1011  1189 I ASH     : @ 95522.460: tcs3701: stop power rail pending_off timer
11-23 15:11:10.262  1011  1189 D ASH     : @ 95522.460: tcs3701: start power rail timer, state:3
11-23 15:11:10.290  5238  5295 I BatteryMgr:DataCollectionService: stats => 1700748670290,12207,4444,13427,4169000,100
11-23 15:11:10.302  1011  1189 I ASH     : @ 95522.500: tcs3701: stop power rail pending_off timer
11-23 15:11:10.302  1011  1189 D ASH     : @ 95522.500: tcs3701: start power rail timer, state:3
11-23 15:11:10.343  1011  1189 I ASH     : @ 95522.540: tcs3701: stop power rail pending_off timer
11-23 15:11:10.343  1011  1189 D ASH     : @ 95522.540: tcs3701: start power rail timer, state:3
11-23 15:11:10.382  1011  1189 I ASH     : @ 95522.580: tcs3701: stop power rail pending_off timer
11-23 15:11:10.382  1011  1189 D ASH     : @ 95522.580: tcs3701: start power rail timer, state:3
11-23 15:11:10.396  5238  5295 I BatteryMgr:DataCollectionService: stats => 1700748670396,12207,4444,13427,4169000,100
11-23 15:11:10.422  1011  1189 I ASH     : @ 95522.620: tcs3701: stop power rail pending_off timer
11-23 15:11:10.422  1011  1189 D ASH     : @ 95522.620: tcs3701: start power rail timer, state:3
11-23 15:11:10.462  1011  1189 I ASH     : @ 95522.660: tcs3701: stop power rail pending_off timer
11-23 15:11:10.462  1011  1189 D ASH     : @ 95522.660: tcs3701: start power rail timer, state:3
11-23 15:11:10.502  1011  1189 I ASH     : @ 95522.700: tcs3701: stop power rail pending_off timer
11-23 15:11:10.502  5238  5295 I BatteryMgr:DataCollectionService: stats => 1700748670502,12207,4444,13427,4169000,100
11-23 15:11:10.502  1011  1189 D ASH     : @ 95522.700: tcs3701: start power rail timer, state:3
11-23 15:11:10.523  1795  3745 D ActivityManager: freezer override set to true
11-23 15:11:10.528  1795  3745 D ActivityManager: freezer override set to false
11-23 15:11:10.543  1011  1189 I ASH     : @ 95522.740: tcs3701: stop power rail pending_off timer
11-23 15:11:10.544  1011  1189 D ASH     : @ 95522.740: tcs3701: start power rail timer, state:3
11-23 15:11:10.582  1011  1189 I ASH     : @ 95522.780: tcs3701: stop power rail pending_off timer
11-23 15:11:10.582  1011  1189 D ASH     : @ 95522.780: tcs3701: start power rail timer, state:3
11-23 15:11:10.607  5238  5295 I BatteryMgr:DataCollectionService: stats => 1700748670607,12207,4444,13427,4169000,100
11-23 15:11:10.622  1011  1189 I ASH     : @ 95522.820: tcs3701: stop power rail pending_off timer
11-23 15:11:10.622  1011  1189 D ASH     : @ 95522.820: tcs3701: start power rail timer, state:3
11-23 15:11:10.662  1011  1189 I ASH     : @ 95522.860: tcs3701: stop power rail pending_off timer
11-23 15:11:10.662  1011  1189 D ASH     : @ 95522.860: tcs3701: start power rail timer, state:3
11-23 15:11:10.702  1011  1189 I ASH     : @ 95522.900: tcs3701: stop power rail pending_off timer
11-23 15:11:10.702  1011  1189 D ASH     : @ 95522.900: tcs3701: start power rail timer, state:3
11-23 15:11:10.713  5238  5295 I BatteryMgr:DataCollectionService: stats => 1700748670712,12207,4444,13427,4169000,100
11-23 15:11:10.742  1011  1189 I ASH     : @ 95522.940: tcs3701: stop power rail pending_off timer
11-23 15:11:10.742  1011  1189 D ASH     : @ 95522.940: tcs3701: start power rail timer, state:3
11-23 15:11:10.782  1011  1189 I ASH     : @ 95522.980: tcs3701: stop power rail pending_off timer
11-23 15:11:10.782  1011  1189 D ASH     : @ 95522.980: tcs3701: start power rail timer, state:3
11-23 15:11:10.819  5238  5295 I BatteryMgr:DataCollectionService: stats => 1700748670818,12207,4444,13427,4169000,100
11-23 15:11:10.822  1011  1189 I ASH     : @ 95523.020: tcs3701: stop power rail pending_off timer
11-23 15:11:10.822  1011  1189 D ASH     : @ 95523.020: tcs3701: start power rail timer, state:3
11-23 15:11:10.862  1011  1189 I ASH     : @ 95523.060: tcs3701: stop power rail pending_off timer
11-23 15:11:10.862  1011  1189 D ASH     : @ 95523.060: tcs3701: start power rail timer, state:3
11-23 15:11:10.903  1011  1189 I ASH     : @ 95523.100: tcs3701: stop power rail pending_off timer
11-23 15:11:10.903  1011  1189 D ASH     : @ 95523.100: tcs3701: start power rail timer, state:3
11-23 15:11:10.924  5238  5295 I BatteryMgr:DataCollectionService: stats => 1700748670924,12207,4444,13427,4169000,100
11-23 15:11:10.942  1011  1189 I ASH     : @ 95523.140: tcs3701: stop power rail pending_off timer
11-23 15:11:10.942  1011  1189 D ASH     : @ 95523.140: tcs3701: start power rail timer, state:3
11-23 15:11:10.983  1011  1189 I ASH     : @ 95523.180: tcs3701: stop power rail pending_off timer
11-23 15:11:10.983  1011  1189 D ASH     : @ 95523.180: tcs3701: start power rail timer, state:3
11-23 15:11:11.022  1011  1189 I ASH     : @ 95523.220: tcs3701: stop power rail pending_off timer
11-23 15:11:11.022  1011  1189 D ASH     : @ 95523.220: tcs3701: start power rail timer, state:3
11-23 15:11:11.030  5238  5295 I BatteryMgr:DataCollectionService: stats => 1700748671029,12207,4444,13427,4169000,100
11-23 15:11:11.062  1011  1189 I ASH     : @ 95523.260: tcs3701: stop power rail pending_off timer
11-23 15:11:11.062  1011  1189 D ASH     : @ 95523.260: tcs3701: start power rail timer, state:3
11-23 15:11:11.102  1011  1189 I ASH     : @ 95523.300: tcs3701: stop power rail pending_off timer
11-23 15:11:11.102  1011  1189 D ASH     : @ 95523.300: tcs3701: start power rail timer, state:3
11-23 15:11:11.134  5238  5295 I BatteryMgr:DataCollectionService: stats => 1700748671134,12207,4444,13427,4169000,100
11-23 15:11:11.141  1795  3745 D ActivityManager: freezer override set to true
11-23 15:11:11.142  1011  1189 I ASH     : @ 95523.340: tcs3701: stop power rail pending_off timer
11-23 15:11:11.142  1011  1189 D ASH     : @ 95523.340: tcs3701: start power rail timer, state:3
11-23 15:11:11.182  1011  1189 I ASH     : @ 95523.380: tcs3701: stop power rail pending_off timer
11-23 15:11:11.182  1011  1189 D ASH     : @ 95523.380: tcs3701: start power rail timer, state:3
11-23 15:11:11.222  1011  1189 I ASH     : @ 95523.420: tcs3701: stop power rail pending_off timer
11-23 15:11:11.222  1011  1189 D ASH     : @ 95523.420: tcs3701: start power rail timer, state:3
11-23 15:11:11.230  1795  2150 I WifiService: getSupportedFeatures uid=1000 returns 1d81defca995fd
11-23 15:11:11.230  1795  2150 I WifiService: getWifiActivityEnergyInfoAsync uid=1000
11-23 15:11:11.239  5238  5295 I BatteryMgr:DataCollectionService: stats => 1700748671239,12207,4444,13427,4169000,100
11-23 15:11:11.262  1011  1189 I ASH     : @ 95523.460: tcs3701: stop power rail pending_off timer
11-23 15:11:11.262  1011  1189 D ASH     : @ 95523.460: tcs3701: start power rail timer, state:3
11-23 15:11:11.263 15275 15290 I m.chrome.canary: Explicit concurrent copying GC freed 3594(176KB) AllocSpace objects, 3(60KB) LOS objects, 75% free, 11MB/47MB, paused 35us,20us total 39.915ms
11-23 15:11:11.302  1011  1189 I ASH     : @ 95523.500: tcs3701: stop power rail pending_off timer
11-23 15:11:11.302  1011  1189 D ASH     : @ 95523.500: tcs3701: start power rail timer, state:3
11-23 15:11:11.312  1795  3745 D ActivityManager: freezer override set to false
11-23 15:11:11.342  1011  1189 I ASH     : @ 95523.540: tcs3701: stop power rail pending_off timer
11-23 15:11:11.342  1011  1189 D ASH     : @ 95523.540: tcs3701: start power rail timer, state:3
11-23 15:11:11.346  5238  5295 I BatteryMgr:DataCollectionService: stats => 1700748671346,12207,4444,13427,4169000,100
11-23 15:11:11.354  1795  3745 D ActivityManager: freezer override set to true
11-23 15:11:11.356  1795  3745 D ActivityManager: freezer override set to false
11-23 15:11:11.382  1011  1189 I ASH     : @ 95523.580: tcs3701: stop power rail pending_off timer
11-23 15:11:11.383  1011  1189 D ASH     : @ 95523.580: tcs3701: start power rail timer, state:3
11-23 15:11:11.422  1011  1189 I ASH     : @ 95523.620: tcs3701: stop power rail pending_off timer
11-23 15:11:11.422  1011  1189 D ASH     : @ 95523.620: tcs3701: start power rail timer, state:3
11-23 15:11:11.454  5238  5295 I BatteryMgr:DataCollectionService: stats => 1700748671454,12207,4444,13427,4169000,100
11-23 15:11:11.462  1011  1189 I ASH     : @ 95523.660: tcs3701: stop power rail pending_off timer
11-23 15:11:11.462  1011  1189 D ASH     : @ 95523.660: tcs3701: start power rail timer, state:3
11-23 15:11:11.502  1011  1189 I ASH     : @ 95523.700: tcs3701: stop power rail pending_off timer
11-23 15:11:11.502  1011  1189 D ASH     : @ 95523.700: tcs3701: start power rail timer, state:3
11-23 15:11:11.534  1795  3745 D ActivityManager: freezer override set to true
11-23 15:11:11.539  1795  3745 D ActivityManager: freezer override set to false
11-23 15:11:11.542  1011  1189 I ASH     : @ 95523.740: tcs3701: stop power rail pending_off timer
11-23 15:11:11.542  1011  1189 D ASH     : @ 95523.740: tcs3701: start power rail timer, state:3
11-23 15:11:11.561  5238  5295 I BatteryMgr:DataCollectionService: stats => 1700748671561,12207,4444,13427,4169000,100
11-23 15:11:11.583  1011  1189 I ASH     : @ 95523.780: tcs3701: stop power rail pending_off timer
11-23 15:11:11.584  1011  1189 D ASH     : @ 95523.780: tcs3701: start power rail timer, state:3
11-23 15:11:11.622  1011  1189 I ASH     : @ 95523.820: tcs3701: stop power rail pending_off timer
11-23 15:11:11.622  1011  1189 D ASH     : @ 95523.820: tcs3701: start power rail timer, state:3
11-23 15:11:11.662  1011  1189 I ASH     : @ 95523.860: tcs3701: stop power rail pending_off timer
11-23 15:11:11.662  1011  1189 D ASH     : @ 95523.860: tcs3701: start power rail timer, state:3
11-23 15:11:11.668  5238  5295 I BatteryMgr:DataCollectionService: stats => 1700748671668,12207,4444,13427,4169000,100
11-23 15:11:11.702  1011  1189 I ASH     : @ 95523.900: tcs3701: stop power rail pending_off timer
11-23 15:11:11.702  1011  1189 D ASH     : @ 95523.900: tcs3701: start power rail timer, state:3
11-23 15:11:11.742  1011  1189 I ASH     : @ 95523.940: tcs3701: stop power rail pending_off timer
11-23 15:11:11.742  1011  1189 D ASH     : @ 95523.940: tcs3701: start power rail timer, state:3
11-23 15:11:11.773  5238  5295 I BatteryMgr:DataCollectionService: stats => 1700748671773,12207,4444,13427,4169000,100
11-23 15:11:11.782  1011  1189 I ASH     : @ 95523.980: tcs3701: stop power rail pending_off timer
11-23 15:11:11.782  1011  1189 D ASH     : @ 95523.980: tcs3701: start power rail timer, state:3
11-23 15:11:11.822  1011  1189 I ASH     : @ 95524.020: tcs3701: stop power rail pending_off timer
11-23 15:11:11.822  1011  1189 D ASH     : @ 95524.020: tcs3701: start power rail timer, state:3
11-23 15:11:11.862  1011  1189 I ASH     : @ 95524.060: tcs3701: stop power rail pending_off timer
11-23 15:11:11.862  1011  1189 D ASH     : @ 95524.060: tcs3701: start power rail timer, state:3
11-23 15:11:11.879  5238  5295 I BatteryMgr:DataCollectionService: stats => 1700748671879,12207,4444,13427,4169000,100
11-23 15:11:11.903  1011  1189 I ASH     : @ 95524.100: tcs3701: stop power rail pending_off timer
11-23 15:11:11.903  1011  1189 D ASH     : @ 95524.100: tcs3701: start power rail timer, state:3
11-23 15:11:11.942  1011  1189 I ASH     : @ 95524.140: tcs3701: stop power rail pending_off timer
11-23 15:11:11.942  1011  1189 D ASH     : @ 95524.140: tcs3701: start power rail timer, state:3
11-23 15:11:11.983  1011  1189 I ASH     : @ 95524.180: tcs3701: stop power rail pending_off timer
11-23 15:11:11.983  1011  1189 D ASH     : @ 95524.180: tcs3701: start power rail timer, state:3
11-23 15:11:11.986  5238  5295 I BatteryMgr:DataCollectionService: stats => 1700748671986,12207,4444,13427,4169000,100
11-23 15:11:12.023  1011  1189 I ASH     : @ 95524.220: tcs3701: stop power rail pending_off timer
11-23 15:11:12.023  1011  1189 D ASH     : @ 95524.220: tcs3701: start power rail timer, state:3
11-23 15:11:12.062  1011  1189 I ASH     : @ 95524.260: tcs3701: stop power rail pending_off timer
11-23 15:11:12.062  1011  1189 D ASH     : @ 95524.260: tcs3701: start power rail timer, state:3
11-23 15:11:12.092  5238  5295 I BatteryMgr:DataCollectionService: stats => 1700748672092,12207,4444,13427,4169000,100
11-23 15:11:12.103  1011  1189 I ASH     : @ 95524.300: tcs3701: stop power rail pending_off timer
11-23 15:11:12.103  1011  1189 D ASH     : @ 95524.300: tcs3701: start power rail timer, state:3
11-23 15:11:12.142  1011  1189 I ASH     : @ 95524.340: tcs3701: stop power rail pending_off timer
11-23 15:11:12.143  1011  1189 D ASH     : @ 95524.340: tcs3701: start power rail timer, state:3
11-23 15:11:12.182  1011  1189 I ASH     : @ 95524.380: tcs3701: stop power rail pending_off timer
11-23 15:11:12.182  1011  1189 D ASH     : @ 95524.380: tcs3701: start power rail timer, state:3
11-23 15:11:12.198  5238  5295 I BatteryMgr:DataCollectionService: stats => 1700748672198,12207,4444,13427,4169000,100
11-23 15:11:12.222  1011  1189 I ASH     : @ 95524.420: tcs3701: stop power rail pending_off timer
11-23 15:11:12.222  1011  1189 D ASH     : @ 95524.420: tcs3701: start power rail timer, state:3
11-23 15:11:12.263  1011  1189 I ASH     : @ 95524.460: tcs3701: stop power rail pending_off timer
11-23 15:11:12.263  1011  1189 D ASH     : @ 95524.460: tcs3701: start power rail timer, state:3
11-23 15:11:12.302  1011  1189 I ASH     : @ 95524.500: tcs3701: stop power rail pending_off timer
11-23 15:11:12.302  1011  1189 D ASH     : @ 95524.500: tcs3701: start power rail timer, state:3
11-23 15:11:12.304  5238  5295 I BatteryMgr:DataCollectionService: stats => 1700748672304,12207,4444,13427,4169000,100
11-23 15:11:12.342  1011  1189 I ASH     : @ 95524.540: tcs3701: stop power rail pending_off timer
11-23 15:11:12.342  1011  1189 D ASH     : @ 95524.540: tcs3701: start power rail timer, state:3
11-23 15:11:12.382  1011  1189 I ASH     : @ 95524.580: tcs3701: stop power rail pending_off timer
11-23 15:11:12.382  1011  1189 D ASH     : @ 95524.580: tcs3701: start power rail timer, state:3
11-23 15:11:12.412  5238  5295 I BatteryMgr:DataCollectionService: stats => 1700748672411,12207,4444,13427,4169000,100
11-23 15:11:12.422  1011  1189 I ASH     : @ 95524.620: tcs3701: stop power rail pending_off timer
11-23 15:11:12.422  1011  1189 D ASH     : @ 95524.620: tcs3701: start power rail timer, state:3
11-23 15:11:12.462  1011  1189 I ASH     : @ 95524.660: tcs3701: stop power rail pending_off timer
11-23 15:11:12.462  1011  1189 D ASH     : @ 95524.660: tcs3701: start power rail timer, state:3
11-23 15:11:12.502  1011  1189 I ASH     : @ 95524.700: tcs3701: stop power rail pending_off timer
11-23 15:11:12.502  1011  1189 D ASH     : @ 95524.700: tcs3701: start power rail timer, state:3
11-23 15:11:12.519  5238  5295 I BatteryMgr:DataCollectionService: stats => 1700748672519,12207,4444,13427,4169000,100
11-23 15:11:12.525  1795  3745 D ActivityManager: freezer override set to true
11-23 15:11:12.530  1795  3745 D ActivityManager: freezer override set to false
11-23 15:11:12.536  1795  3745 D ActivityManager: freezer override set to true
11-23 15:11:12.542  1011  1189 I ASH     : @ 95524.740: tcs3701: stop power rail pending_off timer
11-23 15:11:12.542  1011  1189 D ASH     : @ 95524.740: tcs3701: start power rail timer, state:3
11-23 15:11:12.582  1011  1189 I ASH     : @ 95524.780: tcs3701: stop power rail pending_off timer
11-23 15:11:12.582  1011  1189 D ASH     : @ 95524.780: tcs3701: start power rail timer, state:3
11-23 15:11:12.622  1011  1189 I ASH     : @ 95524.820: tcs3701: stop power rail pending_off timer
11-23 15:11:12.622  1011  1189 D ASH     : @ 95524.820: tcs3701: start power rail timer, state:3
11-23 15:11:12.623  5238  5295 I BatteryMgr:DataCollectionService: stats => 1700748672623,12207,4444,13427,4169000,100
11-23 15:11:12.662  1011  1189 I ASH     : @ 95524.860: tcs3701: stop power rail pending_off timer
11-23 15:11:12.662  1011  1189 D ASH     : @ 95524.860: tcs3701: start power rail timer, state:3
11-23 15:11:12.665 15275 15290 I m.chrome.canary: Explicit concurrent copying GC freed 3803(191KB) AllocSpace objects, 4(80KB) LOS objects, 75% free, 11MB/47MB, paused 31us,25us total 48.998ms
11-23 15:11:12.702  1011  1189 I ASH     : @ 95524.900: tcs3701: stop power rail pending_off timer
11-23 15:11:12.702  1011  1189 D ASH     : @ 95524.900: tcs3701: start power rail timer, state:3
11-23 15:11:12.723  1795  3745 D ActivityManager: freezer override set to false
