--------- beginning of main
11-23 15:12:51.382  1011  1189 I ASH     : @ 95623.580: tcs3701: stop power rail pending_off timer
11-23 15:12:51.382  1011  1189 D ASH     : @ 95623.580: tcs3701: start power rail timer, state:3
11-23 15:12:51.422  1011  1189 I ASH     : @ 95623.620: tcs3701: stop power rail pending_off timer
11-23 15:12:51.422  1011  1189 D ASH     : @ 95623.620: tcs3701: start power rail timer, state:3
11-23 15:12:51.462  1011  1189 I ASH     : @ 95623.660: tcs3701: stop power rail pending_off timer
11-23 15:12:51.462  1011  1189 D ASH     : @ 95623.660: tcs3701: start power rail timer, state:3
11-23 15:12:51.502  1011  1189 I ASH     : @ 95623.700: tcs3701: stop power rail pending_off timer
11-23 15:12:51.502  1011  1189 D ASH     : @ 95623.700: tcs3701: start power rail timer, state:3
11-23 15:12:51.542  1011  1189 I ASH     : @ 95623.740: tcs3701: stop power rail pending_off timer
11-23 15:12:51.542  1011  1189 D ASH     : @ 95623.740: tcs3701: start power rail timer, state:3
11-23 15:12:51.545 18513 18513 D AndroidRuntime: >>>>>> START com.android.internal.os.RuntimeInit uid 2000 <<<<<<
11-23 15:12:51.548 18513 18513 I AndroidRuntime: Using default boot image
11-23 15:12:51.548 18513 18513 I AndroidRuntime: Leaving lock profiling enabled
11-23 15:12:51.551 18513 18513 I app_process: Using CollectorTypeCC GC.
11-23 15:12:51.583  1011  1189 I ASH     : @ 95623.780: tcs3701: stop power rail pending_off timer
11-23 15:12:51.583  1011  1189 D ASH     : @ 95623.780: tcs3701: start power rail timer, state:3
11-23 15:12:51.621 18513 18513 D nativeloader: InitDefaultPublicLibraries for_preload=1: libandroid.so:libaaudio.so:libamidi.so:libbinder_ndk.so:libc.so:libcamera2ndk.so:libdl.so:libEGL.so:libGLESv1_CM.so:libGLESv2.so:libGLESv3.so:libicu.so:libicui18n.so:libicuuc.so:libjnigraphics.so:liblog.so:libmediandk.so:libm.so:libnativehelper.so:libnativewindow.so:libOpenMAXAL.so:libOpenSLES.so:libRS.so:libstdc++.so:libsync.so:libvulkan.so:libwebviewchromium_plat_support.so:libz.so
11-23 15:12:51.622  1011  1189 I ASH     : @ 95623.820: tcs3701: stop power rail pending_off timer
11-23 15:12:51.623  1011  1189 D ASH     : @ 95623.820: tcs3701: start power rail timer, state:3
11-23 15:12:51.639 18513 18513 D app_process: Time zone APEX ICU file found: /apex/com.android.tzdata/etc/icu/icu_tzdata.dat
11-23 15:12:51.639 18513 18513 D app_process: I18n APEX ICU file found: /apex/com.android.i18n/etc/icu/icudt70l.dat
11-23 15:12:51.662  1011  1189 I ASH     : @ 95623.860: tcs3701: stop power rail pending_off timer
11-23 15:12:51.662  1011  1189 D ASH     : @ 95623.860: tcs3701: start power rail timer, state:3
11-23 15:12:51.666 18513 18513 D AndroidRuntime: Calling main entry com.android.commands.monkey.Monkey
11-23 15:12:51.666 18513 18513 W Monkey  : args: [-p, com.chrome.canary, 1]
11-23 15:12:51.666 18513 18513 W Monkey  :  arg: "-p"
11-23 15:12:51.666 18513 18513 W Monkey  :  arg: "com.chrome.canary"
11-23 15:12:51.667 18513 18513 W Monkey  :  arg: "1"
11-23 15:12:51.667 18513 18513 W Monkey  : data="com.chrome.canary"
--------- beginning of system
11-23 15:12:51.675  1795  2119 W BroadcastQueue: Skipping deliver [background] BroadcastRecord{34e78e0 u-1 android.net.conn.CONNECTIVITY_CHANGE} to ReceiverList{e7de799 18513 (unknown name)/2000/u-1 remote:4906f12}: process gone or crashing
11-23 15:12:51.681  1795  4162 D CompatibilityChangeReporter: Compat change id reported: 161252188; UID 10010; state: DISABLED
11-23 15:12:51.681  1795  4162 I ActivityTaskManager: START u0 {act=android.intent.action.MAIN cat=[android.intent.category.LAUNCHER] flg=0x10200000 cmp=com.chrome.canary/com.google.android.apps.chrome.Main} from uid 2000
11-23 15:12:51.681  1795  4162 D CompatibilityChangeReporter: Compat change id reported: 265464455; UID 10010; state: DISABLED
11-23 15:12:51.681  1795  4162 D CompatibilityChangeReporter: Compat change id reported: 265452344; UID 10010; state: DISABLED
11-23 15:12:51.682  1795  4162 D CompatibilityChangeReporter: Compat change id reported: 266124927; UID 10010; state: DISABLED
11-23 15:12:51.682  1795  4162 D CompatibilityChangeReporter: Compat change id reported: 265451093; UID 10010; state: DISABLED
11-23 15:12:51.682  1795  4162 D CompatibilityChangeReporter: Compat change id reported: 265456536; UID 10010; state: DISABLED
11-23 15:12:51.682  1795  4162 D CompatibilityChangeReporter: Compat change id reported: 255940284; UID 10010; state: DISABLED
11-23 15:12:51.682  1795  4162 D CompatibilityChangeReporter: Compat change id reported: 236283604; UID 10010; state: DISABLED
11-23 15:12:51.682  1795  4162 D CompatibilityChangeReporter: Compat change id reported: 263959004; UID 10010; state: DISABLED
11-23 15:12:51.682  1795  4162 D CompatibilityChangeReporter: Compat change id reported: 264304459; UID 10010; state: DISABLED
11-23 15:12:51.682  1795  4162 D CompatibilityChangeReporter: Compat change id reported: 264301586; UID 10010; state: DISABLED
11-23 15:12:51.682  1795  4162 D CompatibilityChangeReporter: Compat change id reported: 254631730; UID 10010; state: DISABLED
11-23 15:12:51.682  1795  4162 D CompatibilityChangeReporter: Compat change id reported: 273509367; UID 10010; state: DISABLED
11-23 15:12:51.682  1795  4162 D CompatibilityChangeReporter: Compat change id reported: 263259275; UID 10010; state: DISABLED
11-23 15:12:51.682  1795  4162 D CompatibilityChangeReporter: Compat change id reported: 194480991; UID 10010; state: ENABLED
11-23 15:12:51.683  1795  4162 D CompatibilityChangeReporter: Compat change id reported: 174042980; UID 10010; state: DISABLED
11-23 15:12:51.684  1795  4162 D CompatibilityChangeReporter: Compat change id reported: 184838306; UID 10010; state: DISABLED
11-23 15:12:51.684  1795  4162 D CompatibilityChangeReporter: Compat change id reported: 185004937; UID 10010; state: DISABLED
11-23 15:12:51.686  1795  4162 D CompatibilityChangeReporter: Compat change id reported: 205907456; UID 10010; state: ENABLED
11-23 15:12:51.690  1795  4162 D CompatibilityChangeReporter: Compat change id reported: 194833441; UID 10010; state: ENABLED
11-23 15:12:51.691 18513 18513 I Monkey  : Events injected: 1
11-23 15:12:51.691  1795  2100 D CompatibilityChangeReporter: Compat change id reported: 135634846; UID 10010; state: DISABLED
11-23 15:12:51.691  1795  2120 D CompatibilityChangeReporter: Compat change id reported: 143937733; UID 10010; state: ENABLED
11-23 15:12:51.695  2513  2550 W Parcel  : Expecting binder but got null!
11-23 15:12:51.702  1795  3324 D CompatibilityChangeReporter: Compat change id reported: 168419799; UID 10010; state: DISABLED
11-23 15:12:51.702  1795  3324 D CompatibilityChangeReporter: Compat change id reported: 273564678; UID 10010; state: DISABLED
11-23 15:12:51.702  1011  1189 I ASH     : @ 95623.900: tcs3701: stop power rail pending_off timer
11-23 15:12:51.702  1011  1189 D ASH     : @ 95623.900: tcs3701: start power rail timer, state:3
11-23 15:12:51.703   987   987 D Zygote  : Forked child process 18528
11-23 15:12:51.704  1795  2120 I ActivityManager: Start proc 18528:com.chrome.canary/u0a10 for next-top-activity {com.chrome.canary/com.google.android.apps.chrome.Main}
11-23 15:12:51.707  3657  4525 D ForegroundUtils: Foreground UID status:
11-23 15:12:51.707  3657  4525 D ForegroundUtils: UID: 10128 is in foreground: true
11-23 15:12:51.707  3657  4525 D ForegroundUtils: UID: 10158 is in foreground: true
11-23 15:12:51.707  3657  4525 D ForegroundUtils: UID: 10189 is in foreground: false
11-23 15:12:51.707  3657  4525 D ForegroundUtils: UID: 10194 is in foreground: true
11-23 15:12:51.707  3657  4525 D ForegroundUtils: UID: 10206 is in foreground: false
11-23 15:12:51.708  3657  4525 D ForegroundUtils: UID: 10233 is in foreground: true
11-23 15:12:51.708  3657  4525 D ForegroundUtils: UID: 10244 is in foreground: true
11-23 15:12:51.708  3657  4525 D ForegroundUtils: UID: 10304 is in foreground: true
11-23 15:12:51.708  3657  4525 D ForegroundUtils: UID: 10319 is in foreground: true
11-23 15:12:51.709 18528 18528 I m.chrome.canary: Using CollectorTypeCC GC.
11-23 15:12:51.712  1383  1442 I adbd    : jdwp connection from 18528
11-23 15:12:51.714 18513 18513 I Monkey  : ## Network stats: elapsed time=25ms (0ms mobile, 0ms wifi, 25ms not connected)
11-23 15:12:51.714  2513  2550 E OpenGLRenderer: Unable to match the desired swap behavior.
11-23 15:12:51.714 18513 18513 I app_process: System.exit called, status: 0
11-23 15:12:51.714 18513 18513 I AndroidRuntime: VM exiting with result code 0.
11-23 15:12:51.729 18528 18528 I ActivityThread: Relaunch all activities: onCoreSettingsChange
11-23 15:12:51.729 18528 18528 D CompatibilityChangeReporter: Compat change id reported: 171979766; UID 10010; state: ENABLED
11-23 15:12:51.730  3657  4525 D ForegroundUtils: Foreground UID status:
11-23 15:12:51.730  3657  4525 D ForegroundUtils: UID: 10010 is in foreground: true
11-23 15:12:51.730  3657  4525 D ForegroundUtils: UID: 10128 is in foreground: true
11-23 15:12:51.730  3657  4525 D ForegroundUtils: UID: 10158 is in foreground: true
11-23 15:12:51.731  3657  4525 D ForegroundUtils: UID: 10189 is in foreground: false
11-23 15:12:51.731  3657  4525 D ForegroundUtils: UID: 10194 is in foreground: true
11-23 15:12:51.731  3657  4525 D ForegroundUtils: UID: 10206 is in foreground: false
11-23 15:12:51.731  3657  4525 D ForegroundUtils: UID: 10233 is in foreground: true
11-23 15:12:51.731  3657  4525 D ForegroundUtils: UID: 10244 is in foreground: true
11-23 15:12:51.731  3657  4525 D ForegroundUtils: UID: 10304 is in foreground: true
11-23 15:12:51.731  3657  4525 D ForegroundUtils: UID: 10319 is in foreground: true
11-23 15:12:51.732 18528 18528 W ziparchive: Unable to open '/data/app/~~-FnXeb6__ecKd-dFZ4kZZA==/com.google.android.trichromelibrary.canary_613700033-7Q2vBiD9q0nCftKFg-pq8w==/base.dm': No such file or directory
11-23 15:12:51.732 18528 18528 W ziparchive: Unable to open '/data/app/~~-FnXeb6__ecKd-dFZ4kZZA==/com.google.android.trichromelibrary.canary_613700033-7Q2vBiD9q0nCftKFg-pq8w==/base.dm': No such file or directory
11-23 15:12:51.733 18528 18528 W m.chrome.canary: Entry not found
11-23 15:12:51.733 18528 18528 D nativeloader: Configuring clns-4 for other apk /data/app/~~-FnXeb6__ecKd-dFZ4kZZA==/com.google.android.trichromelibrary.canary_613700033-7Q2vBiD9q0nCftKFg-pq8w==/base.apk. target_sdk_version=34, uses_libraries=ALL, library_path=/data/app/~~dutrJzl_xJkEyCCvIkexCw==/com.chrome.canary-4jcd8srf2WXxld2NC1r69A==/lib/arm64:/data/app/~~dutrJzl_xJkEyCCvIkexCw==/com.chrome.canary-4jcd8srf2WXxld2NC1r69A==/base.apk!/lib/arm64-v8a:/data/app/~~-FnXeb6__ecKd-dFZ4kZZA==/com.google.android.trichromelibrary.canary_613700033-7Q2vBiD9q0nCftKFg-pq8w==/base.apk!/lib/arm64-v8a, permitted_path=/data:/mnt/expand:/data/user/0/com.chrome.canary
11-23 15:12:51.738 18528 18528 D nativeloader: Configuring clns-5 for other apk /data/app/~~dutrJzl_xJkEyCCvIkexCw==/com.chrome.canary-4jcd8srf2WXxld2NC1r69A==/base.apk. target_sdk_version=34, uses_libraries=, library_path=/data/app/~~dutrJzl_xJkEyCCvIkexCw==/com.chrome.canary-4jcd8srf2WXxld2NC1r69A==/lib/arm64:/data/app/~~dutrJzl_xJkEyCCvIkexCw==/com.chrome.canary-4jcd8srf2WXxld2NC1r69A==/base.apk!/lib/arm64-v8a:/data/app/~~-FnXeb6__ecKd-dFZ4kZZA==/com.google.android.trichromelibrary.canary_613700033-7Q2vBiD9q0nCftKFg-pq8w==/base.apk!/lib/arm64-v8a, permitted_path=/data:/mnt/expand:/data/user/0/com.chrome.canary
11-23 15:12:51.742  1011  1189 I ASH     : @ 95623.940: tcs3701: stop power rail pending_off timer
11-23 15:12:51.742  1011  1189 D ASH     : @ 95623.940: tcs3701: start power rail timer, state:3
11-23 15:12:51.746 18528 18528 V GraphicsEnvironment: ANGLE Developer option for 'com.chrome.canary' set to: 'default'
11-23 15:12:51.746 18528 18528 V GraphicsEnvironment: ANGLE GameManagerService for com.chrome.canary: false
11-23 15:12:51.746 18528 18528 V GraphicsEnvironment: Updatable production driver is not supported on the device.
11-23 15:12:51.748 18528 18528 I LoadedApk: No resource references to update in package com.google.android.trichromelibrary.canary
11-23 15:12:51.748 18528 18528 D NetworkSecurityConfig: Using Network Security Config from resource 0_resource_name_obfuscated debugBuild: false
11-23 15:12:51.748 18528 18528 D NetworkSecurityConfig: Using Network Security Config from resource 0_resource_name_obfuscated debugBuild: false
11-23 15:12:51.749 18528 18528 I cr_SplitCompatApp: Launched version=121.0.6137.0 minSdkVersion=29 isBundle=true processName=com.chrome.canary isIsolated=false
11-23 15:12:51.772 18528 18550 I cr_LibraryLoader: Loading monochrome_64 from within /data/app/~~dutrJzl_xJkEyCCvIkexCw==/com.chrome.canary-4jcd8srf2WXxld2NC1r69A==/base.apk
11-23 15:12:51.773  1795  3324 D CompatibilityChangeReporter: Compat change id reported: 161145287; UID 10010; state: DISABLED
11-23 15:12:51.773 18528 18550 I cr_Linker: loadLibraryImplLocked: monochrome_64, relroMode=1
11-23 15:12:51.782 18528 18550 I cr_LibraryLoader: Successfully loaded native library
11-23 15:12:51.782  1011  1189 I ASH     : @ 95623.980: tcs3701: stop power rail pending_off timer
11-23 15:12:51.782  1011  1189 D ASH     : @ 95623.980: tcs3701: start power rail timer, state:3
11-23 15:12:51.782 18528 18550 I cr_CachingUmaRecorder: Flushed 20 samples from 18 histograms, 0 samples were dropped.
11-23 15:12:51.792  3875  3875 I dzhj    : onPause
11-23 15:12:51.795  3604  3604 I hitl    : (REDACTED) received broadcast: %s
11-23 15:12:51.796  3604  4264 I hito    : (REDACTED) received broadcast: %s
11-23 15:12:51.796  3604  4264 I hioo    : (REDACTED) #onConfigUpdate. requester: %s
11-23 15:12:51.796  3604  4273 I hioo    : #onConfigUpdate inside sequencer
11-23 15:12:51.797  3604  4273 I hilg    : (REDACTED) Voice Match (Speaker-id) supported : %b 
11-23 15:12:51.797  3604  4273 I hilg    : (REDACTED) hotword enrollment state is enrolled:  %b, speakerId model exist: %b. Voice Match supported : %b 
11-23 15:12:51.797  3604  4273 I hilg    : (REDACTED) isHotwordAvailable():  %b, isHotwordEnabled() %b 
11-23 15:12:51.797  3604  4273 I hilg    : (REDACTED) isHotwordAvailable():  %b, isHotwordEnabled() %b 
11-23 15:12:51.797  3604  4273 I hilg    : (REDACTED) Hotword enrollment state : %s.
11-23 15:12:51.797  3604  4273 I hilg    : (REDACTED) Voice Match (Speaker-id) supported : %b 
11-23 15:12:51.797  3604  4273 I hilg    : (REDACTED) Voice Match (Speaker-id) supported : %b 
11-23 15:12:51.797  3604  4273 I hilg    : (REDACTED) hotword enrollment state is enrolled:  %b, speakerId model exist: %b, voice match supported : %b
11-23 15:12:51.797  3604  4273 I hilg    : (REDACTED) Hotword isNonVoiceMatchHotwordEnabled: %b, isHotwordAvailable: %b, isHotwordEnabled: %b, isVoiceMatchSupported: %b, isHotwordEnrolled: %b,
11-23 15:12:51.797  3604  4273 I hioo    : (REDACTED) Ignore the legacy hotword request. voice match enabled %b, isHotwordSupported %b, isIncompleteEnrollmentState %b, nonVoiceMatchHotwordEnabled %b
11-23 15:12:51.799 18528 18528 I cr_MultiInstance: Removed invalid instance data. Removed tasks-instance mappings: [Chrome.MultiInstance.TaskMap.0 - 1433] and shared prefs for instances: []
11-23 15:12:51.799 18528 18528 I cr_MultiInstance: Existing Instance - persisted and unmapped Id allocated: 0
11-23 15:12:51.800 18528 18555 W DynamiteModule: Local module descriptor class for com.google.android.gms.googlecertificates not found.
11-23 15:12:51.801 18528 18528 I cr_MultiInstance: Intent action: android.intent.action.MAIN
11-23 15:12:51.801 18528 18528 I cr_MultiInstance: Intent routed via ChromeLauncherActivity: false
11-23 15:12:51.801 18528 18528 I cr_MultiInstance: Referrer: android-app://com.android.shell
11-23 15:12:51.801 18528 18528 I cr_MultiInstance: Intent contains LAUNCHER category: true
11-23 15:12:51.801 18528 18528 I cr_MultiInstance: Intent contains FLAG_ACTIVITY_MULTIPLE_TASK: false
11-23 15:12:51.801 18528 18528 I cr_MultiInstance: Intent contains FLAG_ACTIVITY_NEW_TASK: true
11-23 15:12:51.801 18528 18528 I cr_MultiInstance: Intent component: com.google.android.apps.chrome.Main
11-23 15:12:51.801 18528 18528 I cr_MultiInstance: Intent sent by OS: false
11-23 15:12:51.801 18528 18528 I cr_MultiInstance: @ExternalAppId of intent source: 0
11-23 15:12:51.801 18528 18528 I cr_MultiInstance: Are all instances running: false
11-23 15:12:51.801 18528 18528 I cr_MultiInstance: Window allocation type: 6
11-23 15:12:51.801 18528 18528 I cr_MultiInstance: Window ID allocated: 0
11-23 15:12:51.801 18528 18528 W cr_ActivityDispatcher: CustomTabsIntent#shouldAlwaysUseBrowserUI() = false
11-23 15:12:51.801 18528 18528 D CompatibilityChangeReporter: Compat change id reported: 183155436; UID 10010; state: ENABLED
11-23 15:12:51.809 18528 18555 I DynamiteModule: Considering local module com.google.android.gms.googlecertificates:0 and remote module com.google.android.gms.googlecertificates:7
11-23 15:12:51.809 18528 18555 I DynamiteModule: Selected remote version of com.google.android.gms.googlecertificates, version >= 7
11-23 15:12:51.810 18528 18528 E m.chrome.canary: Invalid ID 0x00000000.
11-23 15:12:51.812 18528 18528 I cr_SplitCompatClassLoader: Splits: null
11-23 15:12:51.816 18528 18555 W System  : ClassLoader referenced unknown path: 
11-23 15:12:51.816 18528 18555 D nativeloader: Configuring clns-6 for other apk . target_sdk_version=34, uses_libraries=, library_path=/data/app/~~kuQRvAzVZuE4Ro2oLuwWdQ==/com.google.android.gms-oAttmqgZrSU_NO_sHK9RSA==/lib/arm64:/data/app/~~kuQRvAzVZuE4Ro2oLuwWdQ==/com.google.android.gms-oAttmqgZrSU_NO_sHK9RSA==/base.apk!/lib/arm64-v8a, permitted_path=/data:/mnt/expand:/data/user/0/com.google.android.gms
11-23 15:12:51.822  1011  1189 I ASH     : @ 95624.020: tcs3701: stop power rail pending_off timer
11-23 15:12:51.822  1011  1189 D ASH     : @ 95624.020: tcs3701: start power rail timer, state:3
11-23 15:12:51.830 18528 18528 W cr_ActivityDispatcher: CustomTabsIntent#shouldAlwaysUseBrowserUI() = false
11-23 15:12:51.834  3845  3845 E AbstractGmsTracer: Traced class shouldn't be obfuscated: GmsBoundBrokerChimeraService [CONTEXT service_id=259 ]
11-23 15:12:51.835  3845  3845 D BoundBrokerSvc: onBind: Intent { act=com.google.android.gms.safetynet.service.START pkg=com.google.android.gms }
11-23 15:12:51.835  3845  3845 D BoundBrokerSvc: Loading bound service for intent: Intent { act=com.google.android.gms.safetynet.service.START pkg=com.google.android.gms }
11-23 15:12:51.836  3845  3845 E AbstractGmsTracer: Traced class shouldn't be obfuscated: SafetyNetClientChimeraService [CONTEXT service_id=259 ]
11-23 15:12:51.837 18528 18528 I cr_CompositorSurfaceMgr: Transitioning to surface with format: -1
11-23 15:12:51.842  3074  3074 E AbstractGmsTracer: Traced class shouldn't be obfuscated: GmsApiChimeraService [CONTEXT service_id=259 ]
11-23 15:12:51.842  3074  3074 D BoundBrokerSvc: onBind: Intent { act=com.google.android.gms.phenotype.service.START pkg=com.google.android.gms }
11-23 15:12:51.842  3074  3074 D BoundBrokerSvc: Loading bound service for intent: Intent { act=com.google.android.gms.phenotype.service.START pkg=com.google.android.gms }
11-23 15:12:51.844  3074  3074 E AbstractGmsTracer: Traced class shouldn't be obfuscated: PhenotypeChimeraService [CONTEXT service_id=259 ]
11-23 15:12:51.849 18528 18528 D CompatibilityChangeReporter: Compat change id reported: 210923482; UID 10010; state: ENABLED
11-23 15:12:51.855  2513  2526 W ndroid.systemui: Reducing the number of considered missed Gc histogram windows from 390 to 100
11-23 15:12:51.862  1011  1189 I ASH     : @ 95624.060: tcs3701: stop power rail pending_off timer
11-23 15:12:51.862  1011  1189 D ASH     : @ 95624.060: tcs3701: start power rail timer, state:3
11-23 15:12:51.874 18528 18528 D CompatibilityChangeReporter: Compat change id reported: 193247900; UID 10010; state: ENABLED
11-23 15:12:51.893 18528 18528 W cr_ActivityDispatcher: CustomTabsIntent#shouldAlwaysUseBrowserUI() = false
11-23 15:12:51.898 18528 18528 D CompatibilityChangeReporter: Compat change id reported: 237531167; UID 10010; state: DISABLED
11-23 15:12:51.902  1011  1189 I ASH     : @ 95624.100: tcs3701: stop power rail pending_off timer
11-23 15:12:51.902  1011  1189 D ASH     : @ 95624.100: tcs3701: start power rail timer, state:3
11-23 15:12:51.904 18528 18565 W Parcel  : Expecting binder but got null!
11-23 15:12:51.911  1795  3324 D CoreBackPreview: Window{559cacd u0 com.chrome.canary/com.google.android.apps.chrome.Main}: Setting back callback OnBackInvokedCallbackInfo{mCallback=android.window.IOnBackInvokedCallback$Stub$Proxy@19fcffc, mPriority=-1}
11-23 15:12:51.913  1795  2120 D CompatibilityChangeReporter: Compat change id reported: 143937733; UID 10010; state: ENABLED
11-23 15:12:51.914  1795  2120 D CompatibilityChangeReporter: Compat change id reported: 135634846; UID 10010; state: DISABLED
11-23 15:12:51.914  1795  2120 D CompatibilityChangeReporter: Compat change id reported: 207557677; UID 10010; state: ENABLED
11-23 15:12:51.914   987   987 W Zygote  : forkRepeatedly terminated due to non-simple command
11-23 15:12:51.914   987   987 D Zygote  : mbuffer starts with 15, nice name is com.chrome.canary_zygote, mEnd = 410, mNext = 191, mLinesLeft = 6, mFd = 5
11-23 15:12:51.920   987   987 D Zygote  : Forked child process 18575
11-23 15:12:51.923 18575 18575 I libc    : SetHeapTaggingLevel: tag level set to 0
11-23 15:12:51.923 18528 18565 I AdrenoGLES-0: QUALCOMM build                   : 4783c89, I46ff5fc46f
11-23 15:12:51.923 18528 18565 I AdrenoGLES-0: Build Date                       : 11/30/20
11-23 15:12:51.923 18528 18565 I AdrenoGLES-0: OpenGL ES Shader Compiler Version: EV031.31.04.01
11-23 15:12:51.923 18528 18565 I AdrenoGLES-0: Local Branch                     : QPR2
11-23 15:12:51.923 18528 18565 I AdrenoGLES-0: Remote Branch                    : 
11-23 15:12:51.923 18528 18565 I AdrenoGLES-0: Remote Branch                    : 
11-23 15:12:51.923 18528 18565 I AdrenoGLES-0: Reconstruct Branch               : 
11-23 15:12:51.923 18528 18565 I AdrenoGLES-0: Build Config                     : S P 10.0.4 AArch64
11-23 15:12:51.923 18528 18565 I AdrenoGLES-0: Driver Path                      : /vendor/lib64/egl/libGLESv2_adreno.so
11-23 15:12:51.925 18575 18575 I e.canary_zygote: Using CollectorTypeCC GC.
11-23 15:12:51.925  1795  2120 W ZygoteProcess: Got error connecting to zygote, retrying. msg= Connection refused
11-23 15:12:51.927 18528 18565 I AdrenoGLES-0: PFP: 0x016dd093, ME: 0x00000000
11-23 15:12:51.928  3074  6547 E ckqk    : Phenotype API error. Event # evhb@627f0d8e, EventCode: 7 [CONTEXT service_id=51 ]
11-23 15:12:51.928  3074  6547 E ckqk    : ckoo: 29505: No config packages for log source, or config package not registered
11-23 15:12:51.928  3074  6547 E ckqk    : 	at ckrk.b(:com.google.android.gms@234414038@23.44.14 (190400-580326705):79)
11-23 15:12:51.928  3074  6547 E ckqk    : 	at ckrh.h(:com.google.android.gms@234414038@23.44.14 (190400-580326705):3)
11-23 15:12:51.928  3074  6547 E ckqk    : 	at ckqk.g(:com.google.android.gms@234414038@23.44.14 (190400-580326705):18)
11-23 15:12:51.928  3074  6547 E ckqk    : 	at ckqk.f(:com.google.android.gms@234414038@23.44.14 (190400-580326705):11)
11-23 15:12:51.928  3074  6547 E ckqk    : 	at bfmo.fh(:com.google.android.gms@234414038@23.44.14 (190400-580326705):1)
11-23 15:12:51.928  3074  6547 E ckqk    : 	at bfmz.run(:com.google.android.gms@234414038@23.44.14 (190400-580326705):100)
11-23 15:12:51.928  3074  6547 E ckqk    : 	at dvlp.run(:com.google.android.gms@234414038@23.44.14 (190400-580326705):13)
11-23 15:12:51.928  3074  6547 E ckqk    : 	at ajls.c(:com.google.android.gms@234414038@23.44.14 (190400-580326705):50)
11-23 15:12:51.928  3074  6547 E ckqk    : 	at ajls.run(:com.google.android.gms@234414038@23.44.14 (190400-580326705):76)
11-23 15:12:51.928  3074  6547 E ckqk    : 	at java.util.concurrent.ThreadPoolExecutor.runWorker(ThreadPoolExecutor.java:1145)
11-23 15:12:51.928  3074  6547 E ckqk    : 	at java.util.concurrent.ThreadPoolExecutor$Worker.run(ThreadPoolExecutor.java:644)
11-23 15:12:51.928  3074  6547 E ckqk    : 	at ajqx.run(:com.google.android.gms@234414038@23.44.14 (190400-580326705):8)
11-23 15:12:51.928  3074  6547 E ckqk    : 	at java.lang.Thread.run(Thread.java:1012)
11-23 15:12:51.928 18528 18528 I cr_StartSurfaceConfig: Recorded Startup.Android.FirstDrawCompletedTime.NoInstant = 121 ms
11-23 15:12:51.928 18528 18565 W AdrenoUtils: <ReadGpuID_from_sysfs:197>: Failed to open /sys/class/kgsl/kgsl-3d0/gpu_model
11-23 15:12:51.929 18528 18565 W AdrenoUtils: <ReadGpuID:221>: Failed to read chip ID from gpu_model. Fallback to use the GSL path
11-23 15:12:51.929  3074  6547 W AsyncOperation: operation=GetExperimentTokensOperationCall, opStatusCode=29505 [CONTEXT service_id=51 ]
11-23 15:12:51.929  3074  6547 W AsyncOperation: OperationException[Status{statusCode=No config packages for log source, or config package not registered, resolution=null}]
11-23 15:12:51.929  3074  6547 W AsyncOperation: 	at ckqk.g(:com.google.android.gms@234414038@23.44.14 (190400-580326705):48)
11-23 15:12:51.929  3074  6547 W AsyncOperation: 	at ckqk.f(:com.google.android.gms@234414038@23.44.14 (190400-580326705):11)
11-23 15:12:51.929  3074  6547 W AsyncOperation: 	at bfmo.fh(:com.google.android.gms@234414038@23.44.14 (190400-580326705):1)
11-23 15:12:51.929  3074  6547 W AsyncOperation: 	at bfmz.run(:com.google.android.gms@234414038@23.44.14 (190400-580326705):100)
11-23 15:12:51.929  3074  6547 W AsyncOperation: 	at dvlp.run(:com.google.android.gms@234414038@23.44.14 (190400-580326705):13)
11-23 15:12:51.929  3074  6547 W AsyncOperation: 	at ajls.c(:com.google.android.gms@234414038@23.44.14 (190400-580326705):50)
11-23 15:12:51.929  3074  6547 W AsyncOperation: 	at ajls.run(:com.google.android.gms@234414038@23.44.14 (190400-580326705):76)
11-23 15:12:51.929  3074  6547 W AsyncOperation: 	at java.util.concurrent.ThreadPoolExecutor.runWorker(ThreadPoolExecutor.java:1145)
11-23 15:12:51.929  3074  6547 W AsyncOperation: 	at java.util.concurrent.ThreadPoolExecutor$Worker.run(ThreadPoolExecutor.java:644)
11-23 15:12:51.929  3074  6547 W AsyncOperation: 	at ajqx.run(:com.google.android.gms@234414038@23.44.14 (190400-580326705):8)
11-23 15:12:51.929  3074  6547 W AsyncOperation: 	at java.lang.Thread.run(Thread.java:1012)
11-23 15:12:51.937   648  3370 I SDM     : HWCDisplay::GetColorModeCount: Supported color mode count = 3
11-23 15:12:51.937   648  3370 I SDM     : HWCDisplay::GetColorModes: Color mode = 0 is supported
11-23 15:12:51.937   648  3370 I SDM     : HWCDisplay::GetColorModes: Color mode = 7 is supported
11-23 15:12:51.937   648  3370 I SDM     : HWCDisplay::GetColorModes: Color mode = 9 is supported
11-23 15:12:51.938 18528 18565 E OpenGLRenderer: Unable to match the desired swap behavior.
11-23 15:12:51.941   595   595 I servicemanager: Could not find android.hardware.graphics.allocator.IAllocator/default in the VINTF manifest.
11-23 15:12:51.942  1011  1189 I ASH     : @ 95624.140: tcs3701: stop power rail pending_off timer
11-23 15:12:51.942  1011  1189 D ASH     : @ 95624.140: tcs3701: start power rail timer, state:3
11-23 15:12:51.960 18528 18528 I cr_CombinedPProvider: #linkNativeInternal() 0
11-23 15:12:51.960 18528 18528 I cr_PolicyProvider: #setManagerAndSource() 0
11-23 15:12:51.961 18528 18528 I cr_PolicyCacheProvider: #refresh() true
11-23 15:12:51.964  1795  2096 I ActivityTaskManager: Displayed com.chrome.canary/com.google.android.apps.chrome.Main: +271ms
11-23 15:12:51.965 18528 18546 I cr_PartnerCustUma: Partner Customization delegate: 0.
11-23 15:12:51.965 18528 18546 W cr_PartnerCustomize: Partner homepage must be HTTP(S) or NewTabPage. Got invalid URL ""
11-23 15:12:51.976  1795  2120 I AppZygote: Starting application preload.
11-23 15:12:51.979 18575 18575 I AppZygoteInit: Beginning application preload for com.chrome.canary
11-23 15:12:51.980 18575 18575 W ziparchive: Unable to open '/data/app/~~-FnXeb6__ecKd-dFZ4kZZA==/com.google.android.trichromelibrary.canary_613700033-7Q2vBiD9q0nCftKFg-pq8w==/base.dm': No such file or directory
11-23 15:12:51.980 18575 18575 W ziparchive: Unable to open '/data/app/~~-FnXeb6__ecKd-dFZ4kZZA==/com.google.android.trichromelibrary.canary_613700033-7Q2vBiD9q0nCftKFg-pq8w==/base.dm': No such file or directory
11-23 15:12:51.981 18575 18575 W e.canary_zygote: Entry not found
11-23 15:12:51.982  1011  1189 I ASH     : @ 95624.180: tcs3701: stop power rail pending_off timer
11-23 15:12:51.982  1011  1189 D ASH     : @ 95624.180: tcs3701: start power rail timer, state:3
11-23 15:12:51.982 18575 18575 D nativeloader: Configuring clns-4 for other apk /data/app/~~-FnXeb6__ecKd-dFZ4kZZA==/com.google.android.trichromelibrary.canary_613700033-7Q2vBiD9q0nCftKFg-pq8w==/base.apk. target_sdk_version=34, uses_libraries=ALL, library_path=/data/app/~~dutrJzl_xJkEyCCvIkexCw==/com.chrome.canary-4jcd8srf2WXxld2NC1r69A==/lib/arm64:/data/app/~~dutrJzl_xJkEyCCvIkexCw==/com.chrome.canary-4jcd8srf2WXxld2NC1r69A==/base.apk!/lib/arm64-v8a:/data/app/~~-FnXeb6__ecKd-dFZ4kZZA==/com.google.android.trichromelibrary.canary_613700033-7Q2vBiD9q0nCftKFg-pq8w==/base.apk!/lib/arm64-v8a, permitted_path=/data:/mnt/expand
11-23 15:12:51.988 18575 18575 D nativeloader: Configuring clns-5 for other apk /data/app/~~dutrJzl_xJkEyCCvIkexCw==/com.chrome.canary-4jcd8srf2WXxld2NC1r69A==/base.apk. target_sdk_version=34, uses_libraries=, library_path=/data/app/~~dutrJzl_xJkEyCCvIkexCw==/com.chrome.canary-4jcd8srf2WXxld2NC1r69A==/lib/arm64:/data/app/~~dutrJzl_xJkEyCCvIkexCw==/com.chrome.canary-4jcd8srf2WXxld2NC1r69A==/base.apk!/lib/arm64-v8a:/data/app/~~-FnXeb6__ecKd-dFZ4kZZA==/com.google.android.trichromelibrary.canary_613700033-7Q2vBiD9q0nCftKFg-pq8w==/base.apk!/lib/arm64-v8a, permitted_path=/data:/mnt/expand
11-23 15:12:51.992 18575 18575 I cr_ZygotePreload: Loaded Zygote. version=121.0.6137.0 minSdkVersion=29 isBundle=true
11-23 15:12:51.997 18575 18575 I cr_LibraryLoader: Loading monochrome_64 from within /data/app/~~dutrJzl_xJkEyCCvIkexCw==/com.chrome.canary-4jcd8srf2WXxld2NC1r69A==/base.apk
11-23 15:12:51.997 18575 18575 I cr_Linker: loadLibraryImplLocked: monochrome_64, relroMode=1
11-23 15:12:52.000  2588  2588 I WallpaperService: engine paused
11-23 15:12:52.001  1011  1011 I sensors-hal: [hal]activate_physical_sensor:251, android.sensor.gyroscope/41 en=0
11-23 15:12:52.003  1011  1011 D Diag_Lib: diag: Diag_LSM_DeInit: invoked for pid: 1011
11-23 15:12:52.003  1011  1011 D Diag_Lib: diag: Diag_LSM_DeInit: done for pid: 1011
11-23 15:12:52.005  1011  1011 D Diag_Lib: diag: Diag_LSM_DeInit: invoked for pid: 1011
11-23 15:12:52.005  1011  1011 D Diag_Lib: diag: Diag_LSM_DeInit: done for pid: 1011
11-23 15:12:52.005  1011  1011 I sensors-hal: [hal]activate_physical_sensor:262, android.sensor.gyroscope/41 en=0 completed
11-23 15:12:52.013  1795  2120 I AppZygote: Application preload done.
11-23 15:12:52.013 18575 18575 I AppZygoteInit: Application preload done
11-23 15:12:52.016 18528 18528 I chromium: [INFO:policy_logger.cc(144)] :components/enterprise/browser/controller/chrome_browser_cloud_management_controller.cc(273) Deferring CBCM Controller Initialization until it is unblocked.
11-23 15:12:52.022  1011  1189 I ASH     : @ 95624.220: tcs3701: stop power rail pending_off timer
11-23 15:12:52.022  1011  1189 D ASH     : @ 95624.220: tcs3701: start power rail timer, state:3
11-23 15:12:52.031 18575 18581 W e.canary_zygote: Reducing the number of considered missed Gc histogram windows from 9562 to 100
11-23 15:12:52.032 18575 18575 W e.canary_zygote: Waiting for a thread to finish unregistering
11-23 15:12:52.033 18575 18575 I Zygote  : Entering forkRepeatedly native zygote loop
11-23 15:12:52.042 18575 18575 D Zygote  : Forked child process 18604
11-23 15:12:52.043  1795  2120 W ActivityManager: Slow operation: 131ms so far, now at startProcess: returned from zygote!
11-23 15:12:52.043  1795  2120 W ActivityManager: Slow operation: 131ms so far, now at startProcess: done updating battery stats
11-23 15:12:52.043  1795  2120 W ActivityManager: Slow operation: 131ms so far, now at startProcess: building log message
11-23 15:12:52.043  1795  2120 I ActivityManager: Start proc 18604:com.chrome.canary:sandboxed_process0:org.chromium.content.app.SandboxedProcessService0:0/u0ai0 for  {com.chrome.canary/org.chromium.content.app.SandboxedProcessService0:0}
11-23 15:12:52.043  1795  2120 W ActivityManager: Slow operation: 131ms so far, now at startProcess: starting to update pids map
11-23 15:12:52.043  1795  2120 W ActivityManager: Slow operation: 131ms so far, now at startProcess: done updating pids map
11-23 15:12:52.044 18604 18604 E libc    : SetHeapTaggingLevel: re-enabling tagging after it was disabled is not supported
11-23 15:12:52.046   987   987 I Zygote  : Entering forkRepeatedly native zygote loop
11-23 15:12:52.047 18604 18604 I ocessService0:0: Using CollectorTypeCC GC.
11-23 15:12:52.050 18528 18528 I cr_SmsProviderGms: construction successfull AM3@9b95020, xM3@f51339e
11-23 15:12:52.056  1383  1442 I adbd    : jdwp connection from 18604
11-23 15:12:52.062   987   987 D Zygote  : Forked child process 18618
11-23 15:12:52.062  1795  2120 W ActivityManager: Slow operation: 51ms so far, now at startProcess: returned from zygote!
11-23 15:12:52.062  1795  2120 W ActivityManager: Slow operation: 51ms so far, now at startProcess: done updating battery stats
11-23 15:12:52.062  1795  2120 W ActivityManager: Slow operation: 51ms so far, now at startProcess: building log message
11-23 15:12:52.062  1795  2120 I ActivityManager: Start proc 18618:com.chrome.canary:privileged_process0/u0a10 for service {com.chrome.canary/org.chromium.content.app.PrivilegedProcessService0}
11-23 15:12:52.062  1795  2120 W ActivityManager: Slow operation: 51ms so far, now at startProcess: starting to update pids map
11-23 15:12:52.063  1795  2120 W ActivityManager: Slow operation: 51ms so far, now at startProcess: done updating pids map
11-23 15:12:52.063  1011  1189 I ASH     : @ 95624.260: tcs3701: stop power rail pending_off timer
11-23 15:12:52.063  1011  1189 D ASH     : @ 95624.260: tcs3701: start power rail timer, state:3
11-23 15:12:52.070  3657  4525 D ForegroundUtils: Foreground UID status:
11-23 15:12:52.072  3657  4525 D ForegroundUtils: UID: 10010 is in foreground: true
11-23 15:12:52.072  3657  4525 D ForegroundUtils: UID: 10128 is in foreground: true
11-23 15:12:52.072  3657  4525 D ForegroundUtils: UID: 10158 is in foreground: true
11-23 15:12:52.072  3657  4525 D ForegroundUtils: UID: 10189 is in foreground: false
11-23 15:12:52.072  3657  4525 D ForegroundUtils: UID: 10194 is in foreground: true
11-23 15:12:52.072  3657  4525 D ForegroundUtils: UID: 10206 is in foreground: false
11-23 15:12:52.072  3657  4525 D ForegroundUtils: UID: 10233 is in foreground: true
11-23 15:12:52.072  3657  4525 D ForegroundUtils: UID: 10244 is in foreground: true
11-23 15:12:52.072  3657  4525 D ForegroundUtils: UID: 10304 is in foreground: true
11-23 15:12:52.072  3657  4525 D ForegroundUtils: UID: 10319 is in foreground: true
11-23 15:12:52.072  3657  4525 D ForegroundUtils: UID: 90000 is in foreground: true
11-23 15:12:52.074  1795  3745 D ConnectivityService: requestNetwork for uid/pid:10010/18528 activeRequest: null callbackRequest: 2661 [NetworkRequest [ REQUEST id=2662, [ Capabilities: INTERNET&NOT_RESTRICTED&TRUSTED&NOT_VCN_MANAGED Uid: 10010 RequestorUid: 10010 RequestorPkg: com.chrome.canary UnderlyingNetworks: Null] ]] callback flags: 0 order: 2147483647
11-23 15:12:52.076 18618 18618 I ileged_process0: Using CollectorTypeCC GC.
11-23 15:12:52.077  1795  2424 D WifiNetworkFactory: got request NetworkRequest [ REQUEST id=2662, [ Capabilities: INTERNET&NOT_RESTRICTED&TRUSTED&NOT_VCN_MANAGED Uid: 10010 RequestorUid: 10010 RequestorPkg: com.chrome.canary UnderlyingNetworks: Null] ]
11-23 15:12:52.077  1795  2424 V WifiNetworkFactory: Accepted network request NetworkRequest [ REQUEST id=2662, [ Capabilities: INTERNET&NOT_RESTRICTED&TRUSTED&NOT_VCN_MANAGED Uid: 10010 RequestorUid: 10010 RequestorPkg: com.chrome.canary UnderlyingNetworks: Null] ]
11-23 15:12:52.077  1795  2424 D UntrustedWifiNetworkFactory: got request NetworkRequest [ REQUEST id=2662, [ Capabilities: INTERNET&NOT_RESTRICTED&TRUSTED&NOT_VCN_MANAGED Uid: 10010 RequestorUid: 10010 RequestorPkg: com.chrome.canary UnderlyingNetworks: Null] ]
11-23 15:12:52.077  1795  2424 D OemPaidWifiNetworkFactory: got request NetworkRequest [ REQUEST id=2662, [ Capabilities: INTERNET&NOT_RESTRICTED&TRUSTED&NOT_VCN_MANAGED Uid: 10010 RequestorUid: 10010 RequestorPkg: com.chrome.canary UnderlyingNetworks: Null] ]
11-23 15:12:52.077  1795  2432 D ConnectivityService: NetReassign [2662 : null → 100] [c 0] [a 0] [i 2]
11-23 15:12:52.077  1795  2424 D MultiInternetWifiNetworkFactory: got request NetworkRequest [ REQUEST id=2662, [ Capabilities: INTERNET&NOT_RESTRICTED&TRUSTED&NOT_VCN_MANAGED Uid: 10010 RequestorUid: 10010 RequestorPkg: com.chrome.canary UnderlyingNetworks: Null] ]
11-23 15:12:52.080  1795  2432 D ConnectivityService: NetReassign [no changes] [c 0] [a 0] [i 2]
11-23 15:12:52.082  1383  1442 I adbd    : jdwp connection from 18618
11-23 15:12:52.096 18604 18604 I ActivityThread: Relaunch all activities: onCoreSettingsChange
11-23 15:12:52.098 18604 18604 D CompatibilityChangeReporter: Compat change id reported: 171979766; UID 90000; state: ENABLED
11-23 15:12:52.102  1011  1189 I ASH     : @ 95624.300: tcs3701: stop power rail pending_off timer
11-23 15:12:52.102  1011  1189 D ASH     : @ 95624.300: tcs3701: start power rail timer, state:3
11-23 15:12:52.104 18618 18618 I ActivityThread: Relaunch all activities: onCoreSettingsChange
11-23 15:12:52.104 18618 18618 D CompatibilityChangeReporter: Compat change id reported: 171979766; UID 10010; state: ENABLED
11-23 15:12:52.107 18528 18594 W chromium: [WARNING:ev_root_ca_metadata.cc(119)] Not implemented
11-23 15:12:52.107 18528 18594 W chromium: [WARNING:ev_root_ca_metadata.cc(119)] Not implemented
11-23 15:12:52.112 18618 18618 W ziparchive: Unable to open '/data/app/~~-FnXeb6__ecKd-dFZ4kZZA==/com.google.android.trichromelibrary.canary_613700033-7Q2vBiD9q0nCftKFg-pq8w==/base.dm': No such file or directory
11-23 15:12:52.112 18618 18618 W ziparchive: Unable to open '/data/app/~~-FnXeb6__ecKd-dFZ4kZZA==/com.google.android.trichromelibrary.canary_613700033-7Q2vBiD9q0nCftKFg-pq8w==/base.dm': No such file or directory
11-23 15:12:52.113 18618 18618 W ileged_process0: Entry not found
11-23 15:12:52.115 18618 18618 D nativeloader: Configuring clns-4 for other apk /data/app/~~-FnXeb6__ecKd-dFZ4kZZA==/com.google.android.trichromelibrary.canary_613700033-7Q2vBiD9q0nCftKFg-pq8w==/base.apk. target_sdk_version=34, uses_libraries=ALL, library_path=/data/app/~~dutrJzl_xJkEyCCvIkexCw==/com.chrome.canary-4jcd8srf2WXxld2NC1r69A==/lib/arm64:/data/app/~~dutrJzl_xJkEyCCvIkexCw==/com.chrome.canary-4jcd8srf2WXxld2NC1r69A==/base.apk!/lib/arm64-v8a:/data/app/~~-FnXeb6__ecKd-dFZ4kZZA==/com.google.android.trichromelibrary.canary_613700033-7Q2vBiD9q0nCftKFg-pq8w==/base.apk!/lib/arm64-v8a, permitted_path=/data:/mnt/expand:/data/user/0/com.chrome.canary
11-23 15:12:52.118 18604 18604 I LoadedApk: No resource references to update in package com.google.android.trichromelibrary.canary
11-23 15:12:52.118 18604 18604 D NetworkSecurityConfig: Using Network Security Config from resource 0_resource_name_obfuscated debugBuild: false
11-23 15:12:52.119 18604 18604 D NetworkSecurityConfig: Using Network Security Config from resource 0_resource_name_obfuscated debugBuild: false
11-23 15:12:52.121 18604 18604 I cr_SplitCompatApp: Launched version=121.0.6137.0 minSdkVersion=29 isBundle=true processName=com.chrome.canary:sandboxed_process0:org.chromium.content.app.SandboxedProcessService0:0 isIsolated=true
11-23 15:12:52.122 18618 18618 D nativeloader: Configuring clns-5 for other apk /data/app/~~dutrJzl_xJkEyCCvIkexCw==/com.chrome.canary-4jcd8srf2WXxld2NC1r69A==/base.apk. target_sdk_version=34, uses_libraries=, library_path=/data/app/~~dutrJzl_xJkEyCCvIkexCw==/com.chrome.canary-4jcd8srf2WXxld2NC1r69A==/lib/arm64:/data/app/~~dutrJzl_xJkEyCCvIkexCw==/com.chrome.canary-4jcd8srf2WXxld2NC1r69A==/base.apk!/lib/arm64-v8a:/data/app/~~-FnXeb6__ecKd-dFZ4kZZA==/com.google.android.trichromelibrary.canary_613700033-7Q2vBiD9q0nCftKFg-pq8w==/base.apk!/lib/arm64-v8a, permitted_path=/data:/mnt/expand:/data/user/0/com.chrome.canary
11-23 15:12:52.130 18618 18618 V GraphicsEnvironment: ANGLE Developer option for 'com.chrome.canary' set to: 'default'
11-23 15:12:52.130 18618 18618 V GraphicsEnvironment: ANGLE GameManagerService for com.chrome.canary: false
11-23 15:12:52.130 18618 18618 V GraphicsEnvironment: Updatable production driver is not supported on the device.
11-23 15:12:52.130 18604 18604 W SystemServiceRegistry: No service published for: uimode
11-23 15:12:52.131 18618 18618 I LoadedApk: No resource references to update in package com.google.android.trichromelibrary.canary
11-23 15:12:52.132 18618 18618 D NetworkSecurityConfig: Using Network Security Config from resource 0_resource_name_obfuscated debugBuild: false
11-23 15:12:52.132 18618 18618 D NetworkSecurityConfig: Using Network Security Config from resource 0_resource_name_obfuscated debugBuild: false
11-23 15:12:52.132 18618 18618 I cr_SplitCompatApp: Launched version=121.0.6137.0 minSdkVersion=29 isBundle=true processName=com.chrome.canary:privileged_process0 isIsolated=false
11-23 15:12:52.136 18604 18604 I cr_ChildProcessService: Creating new ChildProcessService pid=18604
11-23 15:12:52.138 18528 18528 I cr_EnterpriseInfoImpl: #setCacheResult() deviceOwned:false profileOwned:false
11-23 15:12:52.139 18528 18528 I cr_EnterpriseInfo: #getManagedStateForNative() CQ0@994cc22
11-23 15:12:52.139  1795  3324 D CompatibilityChangeReporter: Compat change id reported: 182734110; UID 10010; state: ENABLED
11-23 15:12:52.139 18618 18618 I cr_ChildProcessService: Creating new ChildProcessService pid=18618
11-23 15:12:52.141  1795  4162 D CompatibilityChangeReporter: Compat change id reported: 149924527; UID 10010; state: ENABLED
11-23 15:12:52.142  1011  1189 I ASH     : @ 95624.340: tcs3701: stop power rail pending_off timer
11-23 15:12:52.142  1011  1189 D ASH     : @ 95624.340: tcs3701: start power rail timer, state:3
11-23 15:12:52.143  1795  3324 D CompatibilityChangeReporter: Compat change id reported: 132649864; UID 10010; state: DISABLED
11-23 15:12:52.144  1795  3324 D ConnectivityService: requestNetwork for uid/pid:10010/18528 activeRequest: null callbackRequest: 2664 [NetworkRequest [ REQUEST id=2665, [ Capabilities: INTERNET&NOT_RESTRICTED&TRUSTED&NOT_VCN_MANAGED Uid: 10010 RequestorUid: 10010 RequestorPkg: com.chrome.canary UnderlyingNetworks: Null] ]] callback flags: 0 order: 2147483647
11-23 15:12:52.146  1795  2424 D WifiNetworkFactory: got request NetworkRequest [ REQUEST id=2665, [ Capabilities: INTERNET&NOT_RESTRICTED&TRUSTED&NOT_VCN_MANAGED Uid: 10010 RequestorUid: 10010 RequestorPkg: com.chrome.canary UnderlyingNetworks: Null] ]
11-23 15:12:52.146  1795  2424 V WifiNetworkFactory: Accepted network request NetworkRequest [ REQUEST id=2665, [ Capabilities: INTERNET&NOT_RESTRICTED&TRUSTED&NOT_VCN_MANAGED Uid: 10010 RequestorUid: 10010 RequestorPkg: com.chrome.canary UnderlyingNetworks: Null] ]
11-23 15:12:52.146  1795  2424 D UntrustedWifiNetworkFactory: got request NetworkRequest [ REQUEST id=2665, [ Capabilities: INTERNET&NOT_RESTRICTED&TRUSTED&NOT_VCN_MANAGED Uid: 10010 RequestorUid: 10010 RequestorPkg: com.chrome.canary UnderlyingNetworks: Null] ]
11-23 15:12:52.146  1795  2432 D ConnectivityService: NetReassign [2665 : null → 100] [c 0] [a 0] [i 2]
11-23 15:12:52.146  1795  2424 D OemPaidWifiNetworkFactory: got request NetworkRequest [ REQUEST id=2665, [ Capabilities: INTERNET&NOT_RESTRICTED&TRUSTED&NOT_VCN_MANAGED Uid: 10010 RequestorUid: 10010 RequestorPkg: com.chrome.canary UnderlyingNetworks: Null] ]
11-23 15:12:52.146  1795  2424 D MultiInternetWifiNetworkFactory: got request NetworkRequest [ REQUEST id=2665, [ Capabilities: INTERNET&NOT_RESTRICTED&TRUSTED&NOT_VCN_MANAGED Uid: 10010 RequestorUid: 10010 RequestorPkg: com.chrome.canary UnderlyingNetworks: Null] ]
11-23 15:12:52.147 18528 18528 I cr_CombinedPProvider: #registerProvider() provider:gN2@fbb73e9 isPolicyCacheEnabled:true policyProvidersSize:0
11-23 15:12:52.147 18528 18528 I cr_PolicyProvider: #setManagerAndSource() 0
11-23 15:12:52.147 18528 18528 I cr_CombinedPProvider: #registerProvider() provider:fj@f57886e isPolicyCacheEnabled:false policyProvidersSize:1
11-23 15:12:52.147 18528 18528 I cr_PolicyProvider: #setManagerAndSource() 1
11-23 15:12:52.148 18528 18528 I cr_AppResProvider: #getApplicationRestrictionsFromUserManager() Bundle[EMPTY_PARCEL]
11-23 15:12:52.148 18528 18528 I cr_PolicyProvider: #notifySettingsAvailable() 1
11-23 15:12:52.148 18528 18528 I cr_CombinedPProvider: #onSettingsAvailable() 1
11-23 15:12:52.149 18618 18641 I cr_LibraryLoader: Loading monochrome_64 from within /data/app/~~dutrJzl_xJkEyCCvIkexCw==/com.chrome.canary-4jcd8srf2WXxld2NC1r69A==/base.apk
11-23 15:12:52.149  1795  2432 D ConnectivityService: NetReassign [no changes] [c 1] [a 0] [i 2]
11-23 15:12:52.149 18618 18641 I cr_Linker: loadLibraryImplLocked: monochrome_64, relroMode=2
11-23 15:12:52.150 18528 18528 I cr_PolicyProvider: #notifySettingsAvailable() 0
11-23 15:12:52.150 18528 18528 I cr_CombinedPProvider: #onSettingsAvailable() 0
11-23 15:12:52.150 18528 18528 I cr_CombinedPProvider: #flushPolicies()
11-23 15:12:52.150 18528 18528 I cr_PolicyService: #onPolicyServiceInitialized()
11-23 15:12:52.150 18528 18528 I cr_PolicyProvider: #notifySettingsAvailable() 0
11-23 15:12:52.150 18528 18528 I cr_CombinedPProvider: #onSettingsAvailable() 0
11-23 15:12:52.150 18528 18528 I cr_CombinedPProvider: #flushPolicies()
11-23 15:12:52.152 18528 18528 I cr_CompositorSurfaceMgr: Transitioning to surface with format: -1
11-23 15:12:52.153 18528 18528 I cr_CompositorSurfaceMgr: surfaceCreated format: 0
11-23 15:12:52.160 18528 18528 W m.chrome.canary: Accessing hidden method Landroid/telephony/TelephonyManager;->getSubscriberInfoService()Lcom/android/internal/telephony/IPhoneSubInfo; (blocked, reflection, denied)
11-23 15:12:52.161 18528 18528 W m.chrome.canary: Accessing hidden method Landroid/telephony/TelephonyManager;->getSubscriberInfoService()Lcom/android/internal/telephony/IPhoneSubInfo; (blocked, reflection, denied)
11-23 15:12:52.161 18528 18528 W m.chrome.canary: Accessing hidden method Landroid/telephony/TelephonyManager;->getSubscriptionService()Lcom/android/internal/telephony/ISub; (blocked, reflection, denied)
11-23 15:12:52.161 18528 18528 W m.chrome.canary: Accessing hidden method Landroid/telephony/TelephonyManager;->getSubscriptionService()Lcom/android/internal/telephony/ISub; (blocked, reflection, denied)
11-23 15:12:52.161 18528 18528 W m.chrome.canary: Accessing hidden method Landroid/telephony/TelephonyManager;->getSmsService()Lcom/android/internal/telephony/ISms; (blocked, reflection, denied)
11-23 15:12:52.161 18528 18528 W m.chrome.canary: Accessing hidden method Landroid/telephony/TelephonyManager;->getSmsService()Lcom/android/internal/telephony/ISms; (blocked, reflection, denied)
11-23 15:12:52.162 18528 18528 W m.chrome.canary: Accessing hidden method Landroid/telephony/TelephonyManager;->getITelephony()Lcom/android/internal/telephony/ITelephony; (max-target-p, reflection, denied)
11-23 15:12:52.162 18528 18528 W m.chrome.canary: Accessing hidden method Landroid/telephony/TelephonyManager;->getITelephony()Lcom/android/internal/telephony/ITelephony; (max-target-p, reflection, denied)
11-23 15:12:52.166 18618 18641 I cr_LibraryLoader: Successfully loaded native library
11-23 15:12:52.167 18618 18641 I cr_CachingUmaRecorder: Flushed 4 samples from 4 histograms, 0 samples were dropped.
11-23 15:12:52.175 18618 18641 I AdrenoGLES-0: QUALCOMM build                   : 4783c89, I46ff5fc46f
11-23 15:12:52.175 18618 18641 I AdrenoGLES-0: Build Date                       : 11/30/20
11-23 15:12:52.175 18618 18641 I AdrenoGLES-0: OpenGL ES Shader Compiler Version: EV031.31.04.01
11-23 15:12:52.175 18618 18641 I AdrenoGLES-0: Local Branch                     : QPR2
11-23 15:12:52.175 18618 18641 I AdrenoGLES-0: Remote Branch                    : 
11-23 15:12:52.175 18618 18641 I AdrenoGLES-0: Remote Branch                    : 
11-23 15:12:52.175 18618 18641 I AdrenoGLES-0: Reconstruct Branch               : 
11-23 15:12:52.175 18618 18641 I AdrenoGLES-0: Build Config                     : S P 10.0.4 AArch64
11-23 15:12:52.175 18618 18641 I AdrenoGLES-0: Driver Path                      : /vendor/lib64/egl/libGLESv2_adreno.so
11-23 15:12:52.181 18618 18641 I AdrenoGLES-0: PFP: 0x016dd093, ME: 0x00000000
11-23 15:12:52.182  1011  1189 I ASH     : @ 95624.380: tcs3701: stop power rail pending_off timer
11-23 15:12:52.182  1011  1189 D ASH     : @ 95624.380: tcs3701: start power rail timer, state:3
11-23 15:12:52.184 18618 18641 W AdrenoUtils: <ReadGpuID_from_sysfs:197>: Failed to open /sys/class/kgsl/kgsl-3d0/gpu_model
11-23 15:12:52.184 18618 18641 W AdrenoUtils: <ReadGpuID:221>: Failed to read chip ID from gpu_model. Fallback to use the GSL path
11-23 15:12:52.193 18528 18528 I cr_ChromeTabbedActivity: #initializeState
11-23 15:12:52.210 18618 18641 D vulkan  : searching for layers in '/data/app/~~dutrJzl_xJkEyCCvIkexCw==/com.chrome.canary-4jcd8srf2WXxld2NC1r69A==/lib/arm64'
11-23 15:12:52.210 18618 18641 D vulkan  : searching for layers in '/data/app/~~dutrJzl_xJkEyCCvIkexCw==/com.chrome.canary-4jcd8srf2WXxld2NC1r69A==/base.apk!/lib/arm64-v8a'
11-23 15:12:52.210 18618 18641 D vulkan  : searching for layers in '/data/app/~~-FnXeb6__ecKd-dFZ4kZZA==/com.google.android.trichromelibrary.canary_613700033-7Q2vBiD9q0nCftKFg-pq8w==/base.apk!/lib/arm64-v8a'
