11-23 15:10:53.382  1011  1189 I ASH     : @ 95505.580: tcs3701: stop power rail pending_off timer
11-23 15:10:53.382  1011  1189 D ASH     : @ 95505.580: tcs3701: start power rail timer, state:3
11-23 15:10:53.400  5238  5295 I BatteryMgr:DataCollectionService: stats => 1700748653400,12817,4444,13427,4169000,100
11-23 15:10:53.422  1011  1189 I ASH     : @ 95505.620: tcs3701: stop power rail pending_off timer
11-23 15:10:53.422  1011  1189 D ASH     : @ 95505.620: tcs3701: start power rail timer, state:3
11-23 15:10:53.436 15275 15290 I m.chrome.canary: Explicit concurrent copying GC freed 3576(176KB) AllocSpace objects, 3(60KB) LOS objects, 75% free, 11MB/47MB, paused 77us,22us total 46.347ms
11-23 15:10:53.462  1011  1189 I ASH     : @ 95505.660: tcs3701: stop power rail pending_off timer
11-23 15:10:53.462  1011  1189 D ASH     : @ 95505.660: tcs3701: start power rail timer, state:3
11-23 15:10:53.485  1795  1853 D ActivityManager: freezer override set to false
11-23 15:10:53.502  1795  3745 D ActivityManager: freezer override set to true
11-23 15:10:53.502  1011  1189 I ASH     : @ 95505.700: tcs3701: stop power rail pending_off timer
11-23 15:10:53.502  1011  1189 D ASH     : @ 95505.700: tcs3701: start power rail timer, state:3
11-23 15:10:53.504  5238  5295 I BatteryMgr:DataCollectionService: stats => 1700748653504,12817,4444,13427,4169000,100
11-23 15:10:53.506  1795  3745 D ActivityManager: freezer override set to false
11-23 15:10:53.535  1795  3745 D ActivityManager: freezer override set to true
11-23 15:10:53.537  1795  3745 D ActivityManager: freezer override set to false
11-23 15:10:53.542  1011  1189 I ASH     : @ 95505.740: tcs3701: stop power rail pending_off timer
11-23 15:10:53.542  1011  1189 D ASH     : @ 95505.740: tcs3701: start power rail timer, state:3
11-23 15:10:53.582  1011  1189 I ASH     : @ 95505.780: tcs3701: stop power rail pending_off timer
11-23 15:10:53.582  1011  1189 D ASH     : @ 95505.780: tcs3701: start power rail timer, state:3
11-23 15:10:53.609  5238  5295 I BatteryMgr:DataCollectionService: stats => 1700748653609,12817,4444,13427,4169000,100
11-23 15:10:53.622  1011  1189 I ASH     : @ 95505.820: tcs3701: stop power rail pending_off timer
11-23 15:10:53.622  1011  1189 D ASH     : @ 95505.820: tcs3701: start power rail timer, state:3
11-23 15:10:53.662  1011  1189 I ASH     : @ 95505.860: tcs3701: stop power rail pending_off timer
11-23 15:10:53.662  1011  1189 D ASH     : @ 95505.860: tcs3701: start power rail timer, state:3
11-23 15:10:53.702  1011  1189 I ASH     : @ 95505.900: tcs3701: stop power rail pending_off timer
11-23 15:10:53.702  1011  1189 D ASH     : @ 95505.900: tcs3701: start power rail timer, state:3
11-23 15:10:53.714  5238  5295 I BatteryMgr:DataCollectionService: stats => 1700748653714,12817,4444,13427,4169000,100
11-23 15:10:53.742  1011  1189 I ASH     : @ 95505.940: tcs3701: stop power rail pending_off timer
11-23 15:10:53.742  1011  1189 D ASH     : @ 95505.940: tcs3701: start power rail timer, state:3
11-23 15:10:53.782  1011  1189 I ASH     : @ 95505.980: tcs3701: stop power rail pending_off timer
11-23 15:10:53.783  1011  1189 D ASH     : @ 95505.980: tcs3701: start power rail timer, state:3
11-23 15:10:53.821  5238  5295 I BatteryMgr:DataCollectionService: stats => 1700748653821,12817,4444,13427,4169000,100
11-23 15:10:53.822  1011  1189 I ASH     : @ 95506.020: tcs3701: stop power rail pending_off timer
11-23 15:10:53.822  1011  1189 D ASH     : @ 95506.020: tcs3701: start power rail timer, state:3
11-23 15:10:53.862  1011  1189 I ASH     : @ 95506.060: tcs3701: stop power rail pending_off timer
11-23 15:10:53.862  1011  1189 D ASH     : @ 95506.060: tcs3701: start power rail timer, state:3
11-23 15:10:53.902  1011  1189 I ASH     : @ 95506.100: tcs3701: stop power rail pending_off timer
11-23 15:10:53.902  1011  1189 D ASH     : @ 95506.100: tcs3701: start power rail timer, state:3
11-23 15:10:53.928  5238  5295 I BatteryMgr:DataCollectionService: stats => 1700748653928,12817,4444,13427,4169000,100
11-23 15:10:53.942  1011  1189 I ASH     : @ 95506.140: tcs3701: stop power rail pending_off timer
11-23 15:10:53.942  1011  1189 D ASH     : @ 95506.140: tcs3701: start power rail timer, state:3
11-23 15:10:53.982  1011  1189 I ASH     : @ 95506.180: tcs3701: stop power rail pending_off timer
11-23 15:10:53.982  1011  1189 D ASH     : @ 95506.180: tcs3701: start power rail timer, state:3
11-23 15:10:54.022  1011  1189 I ASH     : @ 95506.220: tcs3701: stop power rail pending_off timer
11-23 15:10:54.022  1011  1189 D ASH     : @ 95506.220: tcs3701: start power rail timer, state:3
11-23 15:10:54.033  5238  5295 I BatteryMgr:DataCollectionService: stats => 1700748654033,12817,4444,13427,4169000,100
11-23 15:10:54.062  1011  1189 I ASH     : @ 95506.260: tcs3701: stop power rail pending_off timer
11-23 15:10:54.064  1011  1189 D ASH     : @ 95506.260: tcs3701: start power rail timer, state:3
11-23 15:10:54.098  2113  2118 I pixel-thermal: skin-therm-monitor: 37.284
11-23 15:10:54.102  1011  1189 I ASH     : @ 95506.300: tcs3701: stop power rail pending_off timer
11-23 15:10:54.102  1011  1189 D ASH     : @ 95506.300: tcs3701: start power rail timer, state:3
11-23 15:10:54.139  5238  5295 I BatteryMgr:DataCollectionService: stats => 1700748654139,12817,4444,13427,4169000,100
11-23 15:10:54.142  1011  1189 I ASH     : @ 95506.340: tcs3701: stop power rail pending_off timer
11-23 15:10:54.142  1011  1189 D ASH     : @ 95506.340: tcs3701: start power rail timer, state:3
11-23 15:10:54.182  1011  1189 I ASH     : @ 95506.380: tcs3701: stop power rail pending_off timer
11-23 15:10:54.182  1011  1189 D ASH     : @ 95506.380: tcs3701: start power rail timer, state:3
11-23 15:10:54.222  1011  1189 I ASH     : @ 95506.420: tcs3701: stop power rail pending_off timer
11-23 15:10:54.222  1011  1189 D ASH     : @ 95506.420: tcs3701: start power rail timer, state:3
11-23 15:10:54.243  5238  5295 I BatteryMgr:DataCollectionService: stats => 1700748654243,12817,4444,13427,4169000,100
11-23 15:10:54.263  1011  1189 I ASH     : @ 95506.460: tcs3701: stop power rail pending_off timer
11-23 15:10:54.263  1011  1189 D ASH     : @ 95506.460: tcs3701: start power rail timer, state:3
11-23 15:10:54.302  1011  1189 I ASH     : @ 95506.500: tcs3701: stop power rail pending_off timer
11-23 15:10:54.302  1011  1189 D ASH     : @ 95506.500: tcs3701: start power rail timer, state:3
11-23 15:10:54.343  1011  1189 I ASH     : @ 95506.540: tcs3701: stop power rail pending_off timer
11-23 15:10:54.343  1011  1189 D ASH     : @ 95506.540: tcs3701: start power rail timer, state:3
11-23 15:10:54.348  5238  5295 I BatteryMgr:DataCollectionService: stats => 1700748654348,12817,4444,13427,4169000,100
11-23 15:10:54.383  1011  1189 I ASH     : @ 95506.580: tcs3701: stop power rail pending_off timer
11-23 15:10:54.383  1011  1189 D ASH     : @ 95506.580: tcs3701: start power rail timer, state:3
11-23 15:10:54.422  1011  1189 I ASH     : @ 95506.620: tcs3701: stop power rail pending_off timer
11-23 15:10:54.422  1011  1189 D ASH     : @ 95506.620: tcs3701: start power rail timer, state:3
11-23 15:10:54.454  5238  5295 I BatteryMgr:DataCollectionService: stats => 1700748654454,12817,4444,13427,4169000,100
11-23 15:10:54.462  1011  1189 I ASH     : @ 95506.660: tcs3701: stop power rail pending_off timer
11-23 15:10:54.462  1011  1189 D ASH     : @ 95506.660: tcs3701: start power rail timer, state:3
11-23 15:10:54.488  1795  3745 D ActivityManager: freezer override set to true
11-23 15:10:54.493  1795  3745 D ActivityManager: freezer override set to false
11-23 15:10:54.502  1011  1189 I ASH     : @ 95506.700: tcs3701: stop power rail pending_off timer
11-23 15:10:54.502  1011  1189 D ASH     : @ 95506.700: tcs3701: start power rail timer, state:3
11-23 15:10:54.542  1011  1189 I ASH     : @ 95506.740: tcs3701: stop power rail pending_off timer
11-23 15:10:54.542  1011  1189 D ASH     : @ 95506.740: tcs3701: start power rail timer, state:3
11-23 15:10:54.561  5238  5295 I BatteryMgr:DataCollectionService: stats => 1700748654560,12817,4444,13427,4169000,100
11-23 15:10:54.582  1011  1189 I ASH     : @ 95506.780: tcs3701: stop power rail pending_off timer
11-23 15:10:54.582  1011  1189 D ASH     : @ 95506.780: tcs3701: start power rail timer, state:3
11-23 15:10:54.622  1011  1189 I ASH     : @ 95506.820: tcs3701: stop power rail pending_off timer
11-23 15:10:54.622  1011  1189 D ASH     : @ 95506.820: tcs3701: start power rail timer, state:3
11-23 15:10:54.662  1011  1189 I ASH     : @ 95506.860: tcs3701: stop power rail pending_off timer
11-23 15:10:54.662  1011  1189 D ASH     : @ 95506.860: tcs3701: start power rail timer, state:3
11-23 15:10:54.666  5238  5295 I BatteryMgr:DataCollectionService: stats => 1700748654666,12817,4444,13427,4169000,100
11-23 15:10:54.684  1795  3745 D ActivityManager: freezer override set to true
11-23 15:10:54.702  1011  1189 I ASH     : @ 95506.900: tcs3701: stop power rail pending_off timer
11-23 15:10:54.702  1011  1189 D ASH     : @ 95506.900: tcs3701: start power rail timer, state:3
11-23 15:10:54.743  1011  1189 I ASH     : @ 95506.940: tcs3701: stop power rail pending_off timer
11-23 15:10:54.743  1011  1189 D ASH     : @ 95506.940: tcs3701: start power rail timer, state:3
11-23 15:10:54.770  5238  5295 I BatteryMgr:DataCollectionService: stats => 1700748654770,12817,4444,13427,4169000,100
11-23 15:10:54.782  1011  1189 I ASH     : @ 95506.980: tcs3701: stop power rail pending_off timer
11-23 15:10:54.782  1011  1189 D ASH     : @ 95506.980: tcs3701: start power rail timer, state:3
11-23 15:10:54.810 15275 15290 I m.chrome.canary: Explicit concurrent copying GC freed 3802(191KB) AllocSpace objects, 4(80KB) LOS objects, 75% free, 11MB/47MB, paused 90us,22us total 45.540ms
11-23 15:10:54.822  1011  1189 I ASH     : @ 95507.020: tcs3701: stop power rail pending_off timer
11-23 15:10:54.822  1011  1189 D ASH     : @ 95507.020: tcs3701: start power rail timer, state:3
11-23 15:10:54.862  1011  1189 I ASH     : @ 95507.060: tcs3701: stop power rail pending_off timer
11-23 15:10:54.862  1011  1189 D ASH     : @ 95507.060: tcs3701: start power rail timer, state:3
11-23 15:10:54.869  1795  3745 D ActivityManager: freezer override set to false
11-23 15:10:54.874  5238  5295 I BatteryMgr:DataCollectionService: stats => 1700748654874,12817,4444,13427,4169000,100
11-23 15:10:54.902  1011  1189 I ASH     : @ 95507.100: tcs3701: stop power rail pending_off timer
11-23 15:10:54.902  1011  1189 D ASH     : @ 95507.100: tcs3701: start power rail timer, state:3
11-23 15:10:54.921  1795  3745 D ActivityManager: freezer override set to true
11-23 15:10:54.925  1795  3745 D ActivityManager: freezer override set to false
11-23 15:10:54.944  1011  1189 I ASH     : @ 95507.140: tcs3701: stop power rail pending_off timer
11-23 15:10:54.944  1011  1189 D ASH     : @ 95507.140: tcs3701: start power rail timer, state:3
11-23 15:10:54.980  5238  5295 I BatteryMgr:DataCollectionService: stats => 1700748654980,12817,4444,13427,4169000,100
11-23 15:10:54.982  1011  1189 I ASH     : @ 95507.180: tcs3701: stop power rail pending_off timer
11-23 15:10:54.982  1011  1189 D ASH     : @ 95507.180: tcs3701: start power rail timer, state:3
11-23 15:10:55.022  1011  1189 I ASH     : @ 95507.220: tcs3701: stop power rail pending_off timer
11-23 15:10:55.022  1011  1189 D ASH     : @ 95507.220: tcs3701: start power rail timer, state:3
11-23 15:10:55.062  1011  1189 I ASH     : @ 95507.260: tcs3701: stop power rail pending_off timer
11-23 15:10:55.062  1011  1189 D ASH     : @ 95507.260: tcs3701: start power rail timer, state:3
11-23 15:10:55.085  5238  5295 I BatteryMgr:DataCollectionService: stats => 1700748655085,12817,4444,13427,4169000,100
11-23 15:10:55.102  1011  1189 I ASH     : @ 95507.300: tcs3701: stop power rail pending_off timer
11-23 15:10:55.102  1011  1189 D ASH     : @ 95507.300: tcs3701: start power rail timer, state:3
11-23 15:10:55.109  1795  2424 D WifiClientModeImpl[13802:wlan0]: updateLinkLayerStatsRssiSpeedFrequencyCapabilities rssi=-49 TxLinkspeed=866 freq=5240 RxLinkSpeed=866
11-23 15:10:55.110  1795  2424 D WifiDataStall: tx tput in kbps: 751999
11-23 15:10:55.110  1795  2424 D WifiDataStall: rx tput in kbps: 791578
11-23 15:10:55.110  1795  2424 V WifiConfigManager: Updating scan detail cache freq=5240 BSSID=f4:6d:2f:12:cc:88 RSSI=-48 for "ourhome"WPA_PSK
11-23 15:10:55.111  1795  2424 D WifiChannelUtilization:  freq: 5240 onTime: 2857321 busyTime: 252112 onTimeDiff: 2857026 busyTimeDiff: 252095 utilization: 22 utilization t0: 22
11-23 15:10:55.111  1795  2424 D WifiDataStall:  ccaLevel = 22
11-23 15:10:55.111  1795  2424 D WifiDataStall: L2 txTputKbps: 751999, rxTputKbps: 791578, L3 txTputKbps: 0, rxTputKbps: 0, TxTrafficHigh: false, RxTrafficHigh: false, Throughput Sufficient: true
11-23 15:10:55.111  1795  2424 D WifiScoreReport: Wifi scoring disabled - Don't check IP layer
11-23 15:10:55.112  1795  2424 D WifiScoreCard: BSSID update SIGNAL_POLL ID: 1320464697 SSID: "ourhome", BSSID: f4:6d:2f:12:cc:88, MAC: b2:2f:ec:da:4a:0c, IP: /192.168.1.104, Security type: 2, Supplicant state: COMPLETED, Wi-Fi standard: 5, RSSI: -49, Link speed: 866Mbps, Tx Link speed: 866Mbps, Max Supported Tx Link speed: 866Mbps, Rx Link speed: 866Mbps, Max Supported Rx Link speed: 866Mbps, Frequency: 5240MHz, Net ID: 12, Metered hint: false, score: 60, isUsable: true, CarrierMerged: false, SubscriptionId: -1, IsPrimary: 1, Trusted: true, Restricted: false, Ephemeral: false, OEM paid: false, OEM private: false, OSU AP: false, FQDN: <none>, Provider friendly name: <none>, Requesting package name: <none>"ourhome"wpa2-pskMLO Information: , Is TID-To-Link negotiation supported by the AP: false, AP MLD Address: <none>, AP MLO Link Id: <none>, AP MLO Affiliated links: <none>
11-23 15:10:55.112  1795  2424 D WifiScoreCard: txRate: 1 txSpeed: 866
11-23 15:10:55.112  1795  2424 D WifiScoreCard: network update SIGNAL_POLL "ourhome" ID: 1499892569 RSSI -49 txSpeed -1
11-23 15:10:55.112  3213  6173 V WifiManager: OnWifiUsabilityStatsListener: onWifiUsabilityStats: seqNum=31524
11-23 15:10:55.113  2513  4457 V WifiManager: TrafficStateCallbackProxy: onStateChanged state=3
11-23 15:10:55.113  1795  2424 D WifiClientModeImpl[13802:wlan0]:  ClientModeImpl$L2ConnectedState screen=on 17 0 "ourhome" f4:6d:2f:12:cc:88 rssi=-49 f=5240 sc=60 link=866 tx=0.2, 0.0, 0.0 rx=0.2 bcn=913572 [on:56 tx:2 rx:0 period:3012] from screen [on:189136 period:5288607] score=60
11-23 15:10:55.113  1795  3745 I WifiService: updateWifiUsabilityScore uid=10180 seqNum=31524 score=100 predictionHorizonSec=1441795
11-23 15:10:55.114  1795  2424 D WifiScoreReport: Wifi scoring disabled - Notify that Wifi is usable
11-23 15:10:55.117  1795  2432 D ConnectivityService: NetReassign [no changes] [c 1] [a 0] [i 2]
11-23 15:10:55.142  1011  1189 I ASH     : @ 95507.340: tcs3701: stop power rail pending_off timer
11-23 15:10:55.142  1011  1189 D ASH     : @ 95507.340: tcs3701: start power rail timer, state:3
11-23 15:10:55.182  1011  1189 I ASH     : @ 95507.380: tcs3701: stop power rail pending_off timer
11-23 15:10:55.182  1011  1189 D ASH     : @ 95507.380: tcs3701: start power rail timer, state:3
11-23 15:10:55.192  5238  5295 I BatteryMgr:DataCollectionService: stats => 1700748655192,12817,4444,13427,4169000,100
11-23 15:10:55.223  1011  1189 I ASH     : @ 95507.420: tcs3701: stop power rail pending_off timer
11-23 15:10:55.223  1011  1189 D ASH     : @ 95507.420: tcs3701: start power rail timer, state:3
11-23 15:10:55.262  1011  1189 I ASH     : @ 95507.460: tcs3701: stop power rail pending_off timer
11-23 15:10:55.262  1011  1189 D ASH     : @ 95507.460: tcs3701: start power rail timer, state:3
11-23 15:10:55.298  5238  5295 I BatteryMgr:DataCollectionService: stats => 1700748655298,12817,4444,13427,4169000,100
11-23 15:10:55.302  1011  1189 I ASH     : @ 95507.500: tcs3701: stop power rail pending_off timer
11-23 15:10:55.302  1011  1189 D ASH     : @ 95507.500: tcs3701: start power rail timer, state:3
11-23 15:10:55.342  1011  1189 I ASH     : @ 95507.540: tcs3701: stop power rail pending_off timer
11-23 15:10:55.342  1011  1189 D ASH     : @ 95507.540: tcs3701: start power rail timer, state:3
11-23 15:10:55.382  1011  1189 I ASH     : @ 95507.580: tcs3701: stop power rail pending_off timer
11-23 15:10:55.382  1011  1189 D ASH     : @ 95507.580: tcs3701: start power rail timer, state:3
11-23 15:10:55.404  5238  5295 I BatteryMgr:DataCollectionService: stats => 1700748655404,12817,4444,13427,4169000,100
11-23 15:10:55.422  1011  1189 I ASH     : @ 95507.620: tcs3701: stop power rail pending_off timer
11-23 15:10:55.423  1011  1189 D ASH     : @ 95507.620: tcs3701: start power rail timer, state:3
11-23 15:10:55.462  1011  1189 I ASH     : @ 95507.660: tcs3701: stop power rail pending_off timer
11-23 15:10:55.462  1011  1189 D ASH     : @ 95507.660: tcs3701: start power rail timer, state:3
11-23 15:10:55.490  1795  1853 D ActivityManager: freezer override set to true
11-23 15:10:55.496  1795  1853 D ActivityManager: freezer override set to false
11-23 15:10:55.502  1011  1189 I ASH     : @ 95507.700: tcs3701: stop power rail pending_off timer
11-23 15:10:55.502  1011  1189 D ASH     : @ 95507.700: tcs3701: start power rail timer, state:3
11-23 15:10:55.509  5238  5295 I BatteryMgr:DataCollectionService: stats => 1700748655509,12817,4444,13427,4169000,100
11-23 15:10:55.542  1011  1189 I ASH     : @ 95507.740: tcs3701: stop power rail pending_off timer
11-23 15:10:55.542  1011  1189 D ASH     : @ 95507.740: tcs3701: start power rail timer, state:3
11-23 15:10:55.582  1011  1189 I ASH     : @ 95507.780: tcs3701: stop power rail pending_off timer
11-23 15:10:55.582  1011  1189 D ASH     : @ 95507.780: tcs3701: start power rail timer, state:3
11-23 15:10:55.615  5238  5295 I BatteryMgr:DataCollectionService: stats => 1700748655615,12817,4444,13427,4169000,100
11-23 15:10:55.622  1011  1189 I ASH     : @ 95507.820: tcs3701: stop power rail pending_off timer
11-23 15:10:55.622  1011  1189 D ASH     : @ 95507.820: tcs3701: start power rail timer, state:3
11-23 15:10:55.662  1011  1189 I ASH     : @ 95507.860: tcs3701: stop power rail pending_off timer
11-23 15:10:55.662  1011  1189 D ASH     : @ 95507.860: tcs3701: start power rail timer, state:3
11-23 15:10:55.702  1011  1189 I ASH     : @ 95507.900: tcs3701: stop power rail pending_off timer
11-23 15:10:55.702  1011  1189 D ASH     : @ 95507.900: tcs3701: start power rail timer, state:3
11-23 15:10:55.720  5238  5295 I BatteryMgr:DataCollectionService: stats => 1700748655720,12817,4444,13427,4169000,100
11-23 15:10:55.742  1011  1189 I ASH     : @ 95507.940: tcs3701: stop power rail pending_off timer
11-23 15:10:55.742  1011  1189 D ASH     : @ 95507.940: tcs3701: start power rail timer, state:3
11-23 15:10:55.782  1011  1189 I ASH     : @ 95507.980: tcs3701: stop power rail pending_off timer
11-23 15:10:55.782  1011  1189 D ASH     : @ 95507.980: tcs3701: start power rail timer, state:3
11-23 15:10:55.822  1011  1189 I ASH     : @ 95508.020: tcs3701: stop power rail pending_off timer
11-23 15:10:55.822  1011  1189 D ASH     : @ 95508.020: tcs3701: start power rail timer, state:3
11-23 15:10:55.826  5238  5295 I BatteryMgr:DataCollectionService: stats => 1700748655826,12817,4444,13427,4169000,100
11-23 15:10:55.862  1011  1189 I ASH     : @ 95508.060: tcs3701: stop power rail pending_off timer
11-23 15:10:55.862  1011  1189 D ASH     : @ 95508.060: tcs3701: start power rail timer, state:3
11-23 15:10:55.903  1011  1189 I ASH     : @ 95508.100: tcs3701: stop power rail pending_off timer
11-23 15:10:55.903  1011  1189 D ASH     : @ 95508.100: tcs3701: start power rail timer, state:3
11-23 15:10:55.931  5238  5295 I BatteryMgr:DataCollectionService: stats => 1700748655930,12817,4444,13427,4169000,100
11-23 15:10:55.942  1011  1189 I ASH     : @ 95508.140: tcs3701: stop power rail pending_off timer
11-23 15:10:55.942  1011  1189 D ASH     : @ 95508.140: tcs3701: start power rail timer, state:3
11-23 15:10:55.982  1011  1189 I ASH     : @ 95508.180: tcs3701: stop power rail pending_off timer
11-23 15:10:55.982  1011  1189 D ASH     : @ 95508.180: tcs3701: start power rail timer, state:3
11-23 15:10:56.023  1011  1189 I ASH     : @ 95508.220: tcs3701: stop power rail pending_off timer
11-23 15:10:56.023  1011  1189 D ASH     : @ 95508.220: tcs3701: start power rail timer, state:3
11-23 15:10:56.034  5238  5295 I BatteryMgr:DataCollectionService: stats => 1700748656034,12817,4444,13427,4169000,100
11-23 15:10:56.062  1011  1189 I ASH     : @ 95508.260: tcs3701: stop power rail pending_off timer
11-23 15:10:56.062  1011  1189 D ASH     : @ 95508.260: tcs3701: start power rail timer, state:3
11-23 15:10:56.068  1795  1853 D ActivityManager: freezer override set to true
11-23 15:10:56.102  2113  2118 I pixel-thermal: skin-therm-monitor: 37.301
11-23 15:10:56.102  1011  1189 I ASH     : @ 95508.300: tcs3701: stop power rail pending_off timer
11-23 15:10:56.102  1011  1189 D ASH     : @ 95508.300: tcs3701: start power rail timer, state:3
11-23 15:10:56.140  5238  5295 I BatteryMgr:DataCollectionService: stats => 1700748656140,12817,4444,13427,4169000,100
11-23 15:10:56.143  1011  1189 I ASH     : @ 95508.340: tcs3701: stop power rail pending_off timer
11-23 15:10:56.143  1011  1189 D ASH     : @ 95508.340: tcs3701: start power rail timer, state:3
11-23 15:10:56.183  1011  1189 I ASH     : @ 95508.380: tcs3701: stop power rail pending_off timer
11-23 15:10:56.183  1011  1189 D ASH     : @ 95508.380: tcs3701: start power rail timer, state:3
11-23 15:10:56.184 15275 15290 I m.chrome.canary: Explicit concurrent copying GC freed 3588(176KB) AllocSpace objects, 3(60KB) LOS objects, 75% free, 11MB/47MB, paused 85us,24us total 81.602ms
11-23 15:10:56.222  1011  1189 I ASH     : @ 95508.420: tcs3701: stop power rail pending_off timer
11-23 15:10:56.222  1011  1189 D ASH     : @ 95508.420: tcs3701: start power rail timer, state:3
11-23 15:10:56.241  1795  1853 D ActivityManager: freezer override set to false
11-23 15:10:56.244  5238  5295 I BatteryMgr:DataCollectionService: stats => 1700748656244,12817,4444,13427,4169000,100
11-23 15:10:56.263  1011  1189 I ASH     : @ 95508.460: tcs3701: stop power rail pending_off timer
11-23 15:10:56.263  1011  1189 D ASH     : @ 95508.460: tcs3701: start power rail timer, state:3
11-23 15:10:56.302  1011  1189 I ASH     : @ 95508.500: tcs3701: stop power rail pending_off timer
11-23 15:10:56.302  1011  1189 D ASH     : @ 95508.500: tcs3701: start power rail timer, state:3
11-23 15:10:56.309  1795  1853 D ActivityManager: freezer override set to true
11-23 15:10:56.311  1795  1853 D ActivityManager: freezer override set to false
11-23 15:10:56.342  1011  1189 I ASH     : @ 95508.540: tcs3701: stop power rail pending_off timer
11-23 15:10:56.342  1011  1189 D ASH     : @ 95508.540: tcs3701: start power rail timer, state:3
11-23 15:10:56.350  5238  5295 I BatteryMgr:DataCollectionService: stats => 1700748656349,12817,4444,13427,4169000,100
11-23 15:10:56.382  1011  1189 I ASH     : @ 95508.580: tcs3701: stop power rail pending_off timer
11-23 15:10:56.382  1011  1189 D ASH     : @ 95508.580: tcs3701: start power rail timer, state:3
11-23 15:10:56.423  1011  1189 I ASH     : @ 95508.620: tcs3701: stop power rail pending_off timer
11-23 15:10:56.423  1011  1189 D ASH     : @ 95508.620: tcs3701: start power rail timer, state:3
11-23 15:10:56.453  5238  5295 I BatteryMgr:DataCollectionService: stats => 1700748656453,12817,4444,13427,4169000,100
11-23 15:10:56.462  1011  1189 I ASH     : @ 95508.660: tcs3701: stop power rail pending_off timer
11-23 15:10:56.462  1011  1189 D ASH     : @ 95508.660: tcs3701: start power rail timer, state:3
11-23 15:10:56.502  1011  1189 I ASH     : @ 95508.700: tcs3701: stop power rail pending_off timer
11-23 15:10:56.502  1011  1189 D ASH     : @ 95508.700: tcs3701: start power rail timer, state:3
11-23 15:10:56.512  1795  1853 D ActivityManager: freezer override set to true
11-23 15:10:56.517  1795  1853 D ActivityManager: freezer override set to false
11-23 15:10:56.542  1011  1189 I ASH     : @ 95508.740: tcs3701: stop power rail pending_off timer
11-23 15:10:56.542  1011  1189 D ASH     : @ 95508.740: tcs3701: start power rail timer, state:3
11-23 15:10:56.557  5238  5295 I BatteryMgr:DataCollectionService: stats => 1700748656557,12817,4444,13427,4169000,100
11-23 15:10:56.582  1011  1189 I ASH     : @ 95508.780: tcs3701: stop power rail pending_off timer
11-23 15:10:56.582  1011  1189 D ASH     : @ 95508.780: tcs3701: start power rail timer, state:3
11-23 15:10:56.622  1011  1189 I ASH     : @ 95508.820: tcs3701: stop power rail pending_off timer
11-23 15:10:56.622  1011  1189 D ASH     : @ 95508.820: tcs3701: start power rail timer, state:3
11-23 15:10:56.661  5238  5295 I BatteryMgr:DataCollectionService: stats => 1700748656661,12817,4444,13427,4169000,100
11-23 15:10:56.662  1011  1189 I ASH     : @ 95508.860: tcs3701: stop power rail pending_off timer
11-23 15:10:56.662  1011  1189 D ASH     : @ 95508.860: tcs3701: start power rail timer, state:3
11-23 15:10:56.703  1011  1189 I ASH     : @ 95508.900: tcs3701: stop power rail pending_off timer
11-23 15:10:56.703  1011  1189 D ASH     : @ 95508.900: tcs3701: start power rail timer, state:3
11-23 15:10:56.742  1011  1189 I ASH     : @ 95508.940: tcs3701: stop power rail pending_off timer
11-23 15:10:56.742  1011  1189 D ASH     : @ 95508.940: tcs3701: start power rail timer, state:3
11-23 15:10:56.765  5238  5295 I BatteryMgr:DataCollectionService: stats => 1700748656764,12817,4444,13427,4169000,100
11-23 15:10:56.782  1011  1189 I ASH     : @ 95508.980: tcs3701: stop power rail pending_off timer
11-23 15:10:56.782  1011  1189 D ASH     : @ 95508.980: tcs3701: start power rail timer, state:3
11-23 15:10:56.822  1011  1189 I ASH     : @ 95509.020: tcs3701: stop power rail pending_off timer
11-23 15:10:56.822  1011  1189 D ASH     : @ 95509.020: tcs3701: start power rail timer, state:3
11-23 15:10:56.862  1011  1189 I ASH     : @ 95509.060: tcs3701: stop power rail pending_off timer
11-23 15:10:56.862  1011  1189 D ASH     : @ 95509.060: tcs3701: start power rail timer, state:3
11-23 15:10:56.869  5238  5295 I BatteryMgr:DataCollectionService: stats => 1700748656869,12817,4444,13427,4169000,100
11-23 15:10:56.903  1011  1189 I ASH     : @ 95509.100: tcs3701: stop power rail pending_off timer
11-23 15:10:56.903  1011  1189 D ASH     : @ 95509.100: tcs3701: start power rail timer, state:3
11-23 15:10:56.942  1011  1189 I ASH     : @ 95509.140: tcs3701: stop power rail pending_off timer
11-23 15:10:56.942  1011  1189 D ASH     : @ 95509.140: tcs3701: start power rail timer, state:3
11-23 15:10:56.974  5238  5295 I BatteryMgr:DataCollectionService: stats => 1700748656974,12817,4444,13427,4169000,100
11-23 15:10:56.982  1011  1189 I ASH     : @ 95509.180: tcs3701: stop power rail pending_off timer
11-23 15:10:56.982  1011  1189 D ASH     : @ 95509.180: tcs3701: start power rail timer, state:3
11-23 15:10:57.023  1011  1189 I ASH     : @ 95509.220: tcs3701: stop power rail pending_off timer
11-23 15:10:57.023  1011  1189 D ASH     : @ 95509.220: tcs3701: start power rail timer, state:3
11-23 15:10:57.062  1011  1189 I ASH     : @ 95509.260: tcs3701: stop power rail pending_off timer
11-23 15:10:57.062  1011  1189 D ASH     : @ 95509.260: tcs3701: start power rail timer, state:3
11-23 15:10:57.079  5238  5295 I BatteryMgr:DataCollectionService: stats => 1700748657079,12817,4444,13427,4169000,100
11-23 15:10:57.102  1011  1189 I ASH     : @ 95509.300: tcs3701: stop power rail pending_off timer
11-23 15:10:57.102  1011  1189 D ASH     : @ 95509.300: tcs3701: start power rail timer, state:3
11-23 15:10:57.142  1011  1189 I ASH     : @ 95509.340: tcs3701: stop power rail pending_off timer
11-23 15:10:57.142  1011  1189 D ASH     : @ 95509.340: tcs3701: start power rail timer, state:3
11-23 15:10:57.182  1011  1189 I ASH     : @ 95509.380: tcs3701: stop power rail pending_off timer
11-23 15:10:57.182  1011  1189 D ASH     : @ 95509.380: tcs3701: start power rail timer, state:3
11-23 15:10:57.184  5238  5295 I BatteryMgr:DataCollectionService: stats => 1700748657184,12817,4444,13427,4169000,100
11-23 15:10:57.223  1011  1189 I ASH     : @ 95509.420: tcs3701: stop power rail pending_off timer
11-23 15:10:57.223  1011  1189 D ASH     : @ 95509.420: tcs3701: start power rail timer, state:3
11-23 15:10:57.262  1011  1189 I ASH     : @ 95509.460: tcs3701: stop power rail pending_off timer
11-23 15:10:57.262  1011  1189 D ASH     : @ 95509.460: tcs3701: start power rail timer, state:3
11-23 15:10:57.289  5238  5295 I BatteryMgr:DataCollectionService: stats => 1700748657289,12817,4444,13427,4169000,100
11-23 15:10:57.302  1011  1189 I ASH     : @ 95509.500: tcs3701: stop power rail pending_off timer
11-23 15:10:57.303  1011  1189 D ASH     : @ 95509.500: tcs3701: start power rail timer, state:3
11-23 15:10:57.342  1011  1189 I ASH     : @ 95509.540: tcs3701: stop power rail pending_off timer
11-23 15:10:57.342  1011  1189 D ASH     : @ 95509.540: tcs3701: start power rail timer, state:3
11-23 15:10:57.382  1011  1189 I ASH     : @ 95509.580: tcs3701: stop power rail pending_off timer
11-23 15:10:57.383  1011  1189 D ASH     : @ 95509.580: tcs3701: start power rail timer, state:3
11-23 15:10:57.392  5238  5295 I BatteryMgr:DataCollectionService: stats => 1700748657392,12817,4444,13427,4169000,100
11-23 15:10:57.422  1011  1189 I ASH     : @ 95509.620: tcs3701: stop power rail pending_off timer
11-23 15:10:57.422  1011  1189 D ASH     : @ 95509.620: tcs3701: start power rail timer, state:3
11-23 15:10:57.453  1795  1853 D ActivityManager: freezer override set to true
11-23 15:10:57.462  1011  1189 I ASH     : @ 95509.660: tcs3701: stop power rail pending_off timer
11-23 15:10:57.462  1011  1189 D ASH     : @ 95509.660: tcs3701: start power rail timer, state:3
11-23 15:10:57.498  5238  5295 I BatteryMgr:DataCollectionService: stats => 1700748657498,12817,4444,13427,4169000,100
11-23 15:10:57.503  1011  1189 I ASH     : @ 95509.700: tcs3701: stop power rail pending_off timer
11-23 15:10:57.503  1011  1189 D ASH     : @ 95509.700: tcs3701: start power rail timer, state:3
11-23 15:10:57.542  1011  1189 I ASH     : @ 95509.740: tcs3701: stop power rail pending_off timer
11-23 15:10:57.542  1011  1189 D ASH     : @ 95509.740: tcs3701: start power rail timer, state:3
11-23 15:10:57.581 15275 15290 I m.chrome.canary: Explicit concurrent copying GC freed 3805(191KB) AllocSpace objects, 4(80KB) LOS objects, 75% free, 11MB/47MB, paused 31us,21us total 45.444ms
11-23 15:10:57.582  1011  1189 I ASH     : @ 95509.780: tcs3701: stop power rail pending_off timer
11-23 15:10:57.582  1011  1189 D ASH     : @ 95509.780: tcs3701: start power rail timer, state:3
11-23 15:10:57.604  5238  5295 I BatteryMgr:DataCollectionService: stats => 1700748657603,12817,4444,13427,4169000,100
11-23 15:10:57.620  1795  2150 I WifiService: getSupportedFeatures uid=1000 returns 1d81defca995fd
11-23 15:10:57.620  1795  2150 I WifiService: getWifiActivityEnergyInfoAsync uid=1000
11-23 15:10:57.622  1011  1189 I ASH     : @ 95509.820: tcs3701: stop power rail pending_off timer
11-23 15:10:57.622  1011  1189 D ASH     : @ 95509.820: tcs3701: start power rail timer, state:3
11-23 15:10:57.624   996   996 D vendor.qti.bluetooth@1.0-uart_transport: SocRxDWakeup: Flow off->Change UART baudrate to 38.4kbs->send 0x00->Change UART baudrate to max->Flow on
11-23 15:10:57.624   996   996 I vendor.qti.bluetooth@1.0-uart_transport: ## userial_vendor_ioctl: UART Flow Off 
11-23 15:10:57.635   996   996 I vendor.qti.bluetooth@1.0-uart_transport: ## userial_vendor_set_baud: 17
11-23 15:10:57.637  1795  1853 D ActivityManager: freezer override set to false
11-23 15:10:57.645   996   996 I vendor.qti.bluetooth@1.0-uart_transport: SetBaudRate: in BOTHER
11-23 15:10:57.645   996   996 I vendor.qti.bluetooth@1.0-uart_transport: ## userial_vendor_ioctl: UART Flow On 
11-23 15:10:57.646   996  3425 I vendor.qti.bluetooth@1.0-ibs_handler: ProcessIbsCmd: Received IBS_WAKE_ACK: 0xFC
11-23 15:10:57.646   996  3425 I vendor.qti.bluetooth@1.0-ibs_handler: ProcessIbsCmd: Signal wack_cond_
11-23 15:10:57.646   996   996 D vendor.qti.bluetooth@1.0-ibs_handler: DeviceWakeUp: Unblocked from waiting for FC
11-23 15:10:57.654  1795  2150 D KernelCpuUidUserSysTimeReader: Removing uids 90001-90001
11-23 15:10:57.654  1795  2150 D KernelCpuUidUserSysTimeReader: Removing uids 90000-90000
11-23 15:10:57.662  1011  1189 I ASH     : @ 95509.860: tcs3701: stop power rail pending_off timer
11-23 15:10:57.662  1011  1189 D ASH     : @ 95509.860: tcs3701: start power rail timer, state:3
11-23 15:10:57.677  1795  1853 D ActivityManager: freezer override set to true
11-23 15:10:57.679  1795  1853 D ActivityManager: freezer override set to false
11-23 15:10:57.702  1011  1189 I ASH     : @ 95509.900: tcs3701: stop power rail pending_off timer
11-23 15:10:57.704  1011  1189 D ASH     : @ 95509.900: tcs3701: start power rail timer, state:3
11-23 15:10:57.711  5238  5295 I BatteryMgr:DataCollectionService: stats => 1700748657711,12817,4444,13427,4169000,100
11-23 15:10:57.743  1011  1189 I ASH     : @ 95509.940: tcs3701: stop power rail pending_off timer
11-23 15:10:57.743  1011  1189 D ASH     : @ 95509.940: tcs3701: start power rail timer, state:3
11-23 15:10:57.782  1011  1189 I ASH     : @ 95509.980: tcs3701: stop power rail pending_off timer
11-23 15:10:57.782  1011  1189 D ASH     : @ 95509.980: tcs3701: start power rail timer, state:3
11-23 15:10:57.818  5238  5295 I BatteryMgr:DataCollectionService: stats => 1700748657818,12817,4444,13427,4169000,100
11-23 15:10:57.822  1011  1189 I ASH     : @ 95510.020: tcs3701: stop power rail pending_off timer
11-23 15:10:57.822  1011  1189 D ASH     : @ 95510.020: tcs3701: start power rail timer, state:3
11-23 15:10:57.862  1011  1189 I ASH     : @ 95510.060: tcs3701: stop power rail pending_off timer
11-23 15:10:57.862  1011  1189 D ASH     : @ 95510.060: tcs3701: start power rail timer, state:3
11-23 15:10:57.902  1011  1189 I ASH     : @ 95510.100: tcs3701: stop power rail pending_off timer
11-23 15:10:57.903  1011  1189 D ASH     : @ 95510.100: tcs3701: start power rail timer, state:3
11-23 15:10:57.924  5238  5295 I BatteryMgr:DataCollectionService: stats => 1700748657923,12817,4444,13427,4169000,100
11-23 15:10:57.942  1011  1189 I ASH     : @ 95510.140: tcs3701: stop power rail pending_off timer
11-23 15:10:57.942  1011  1189 D ASH     : @ 95510.140: tcs3701: start power rail timer, state:3
11-23 15:10:57.983  1011  1189 I ASH     : @ 95510.180: tcs3701: stop power rail pending_off timer
11-23 15:10:57.983  1011  1189 D ASH     : @ 95510.180: tcs3701: start power rail timer, state:3
11-23 15:10:58.022  1011  1189 I ASH     : @ 95510.220: tcs3701: stop power rail pending_off timer
11-23 15:10:58.022  1011  1189 D ASH     : @ 95510.220: tcs3701: start power rail timer, state:3
11-23 15:10:58.029  5238  5295 I BatteryMgr:DataCollectionService: stats => 1700748658029,12817,4444,13427,4169000,100
11-23 15:10:58.062  1011  1189 I ASH     : @ 95510.260: tcs3701: stop power rail pending_off timer
11-23 15:10:58.063  1011  1189 D ASH     : @ 95510.260: tcs3701: start power rail timer, state:3
11-23 15:10:58.102  1011  1189 I ASH     : @ 95510.300: tcs3701: stop power rail pending_off timer
11-23 15:10:58.102  1011  1189 D ASH     : @ 95510.300: tcs3701: start power rail timer, state:3
11-23 15:10:58.105  2113  2118 I pixel-thermal: skin-therm-monitor: 37.318
11-23 15:10:58.122  1795  2424 D WifiClientModeImpl[13802:wlan0]: updateLinkLayerStatsRssiSpeedFrequencyCapabilities rssi=-49 TxLinkspeed=866 freq=5240 RxLinkSpeed=866
11-23 15:10:58.122  1795  2424 D WifiDataStall: tx tput in kbps: 751999
11-23 15:10:58.122  1795  2424 D WifiDataStall: rx tput in kbps: 791578
11-23 15:10:58.122  1795  2424 V WifiConfigManager: Updating scan detail cache freq=5240 BSSID=f4:6d:2f:12:cc:88 RSSI=-48 for "ourhome"WPA_PSK
11-23 15:10:58.123  1795  2424 D WifiChannelUtilization:  freq: 5240 onTime: 2857321 busyTime: 252112 onTimeDiff: 2857026 busyTimeDiff: 252095 utilization: 22 utilization t0: 22
11-23 15:10:58.123  1795  2424 D WifiDataStall:  ccaLevel = 22
11-23 15:10:58.123  1795  2424 D WifiDataStall: L2 txTputKbps: 751999, rxTputKbps: 791578, L3 txTputKbps: 0, rxTputKbps: 0, TxTrafficHigh: false, RxTrafficHigh: false, Throughput Sufficient: true
11-23 15:10:58.123  3213  6173 V WifiManager: OnWifiUsabilityStatsListener: onWifiUsabilityStats: seqNum=31525
11-23 15:10:58.123  1795  2424 D WifiScoreReport: Wifi scoring disabled - Don't check IP layer
11-23 15:10:58.123  1795  2424 D WifiScoreCard: BSSID update SIGNAL_POLL ID: 1320464697 SSID: "ourhome", BSSID: f4:6d:2f:12:cc:88, MAC: b2:2f:ec:da:4a:0c, IP: /192.168.1.104, Security type: 2, Supplicant state: COMPLETED, Wi-Fi standard: 5, RSSI: -49, Link speed: 866Mbps, Tx Link speed: 866Mbps, Max Supported Tx Link speed: 866Mbps, Rx Link speed: 866Mbps, Max Supported Rx Link speed: 866Mbps, Frequency: 5240MHz, Net ID: 12, Metered hint: false, score: 60, isUsable: true, CarrierMerged: false, SubscriptionId: -1, IsPrimary: 1, Trusted: true, Restricted: false, Ephemeral: false, OEM paid: false, OEM private: false, OSU AP: false, FQDN: <none>, Provider friendly name: <none>, Requesting package name: <none>"ourhome"wpa2-pskMLO Information: , Is TID-To-Link negotiation supported by the AP: false, AP MLD Address: <none>, AP MLO Link Id: <none>, AP MLO Affiliated links: <none>
11-23 15:10:58.123  1795  2424 D WifiScoreCard: txRate: 1 txSpeed: 866
11-23 15:10:58.123  1795  2424 D WifiScoreCard: network update SIGNAL_POLL "ourhome" ID: 1499892569 RSSI -49 txSpeed -1
11-23 15:10:58.123  2513  4457 V WifiManager: TrafficStateCallbackProxy: onStateChanged state=0
11-23 15:10:58.124  1795  3745 I WifiService: updateWifiUsabilityScore uid=10180 seqNum=31525 score=100 predictionHorizonSec=1441795
11-23 15:10:58.124  1795  2424 D WifiClientModeImpl[13802:wlan0]:  ClientModeImpl$L2ConnectedState screen=on 17 0 "ourhome" f4:6d:2f:12:cc:88 rssi=-49 f=5240 sc=60 link=866 tx=0.1, 0.0, 0.0 rx=0.0 bcn=913602 [on:0 tx:0 rx:0 period:3010] from screen [on:189136 period:5291617] score=60
11-23 15:10:58.124  1795  2424 D WifiScoreReport: Wifi scoring disabled - Notify that Wifi is usable
11-23 15:10:58.127  1795  2432 D ConnectivityService: NetReassign [no changes] [c 0] [a 0] [i 2]
11-23 15:10:58.134  5238  5295 I BatteryMgr:DataCollectionService: stats => 1700748658134,12817,4444,13427,4169000,100
11-23 15:10:58.142  1011  1189 I ASH     : @ 95510.340: tcs3701: stop power rail pending_off timer
11-23 15:10:58.142  1011  1189 D ASH     : @ 95510.340: tcs3701: start power rail timer, state:3
11-23 15:10:58.182  1011  1189 I ASH     : @ 95510.380: tcs3701: stop power rail pending_off timer
11-23 15:10:58.182  1011  1189 D ASH     : @ 95510.380: tcs3701: start power rail timer, state:3
11-23 15:10:58.222  1011  1189 I ASH     : @ 95510.420: tcs3701: stop power rail pending_off timer
11-23 15:10:58.222  1011  1189 D ASH     : @ 95510.420: tcs3701: start power rail timer, state:3
11-23 15:10:58.238  5238  5295 I BatteryMgr:DataCollectionService: stats => 1700748658238,12817,4444,13427,4169000,100
11-23 15:10:58.262  1011  1189 I ASH     : @ 95510.460: tcs3701: stop power rail pending_off timer
11-23 15:10:58.262  1011  1189 D ASH     : @ 95510.460: tcs3701: start power rail timer, state:3
11-23 15:10:58.302  1011  1189 I ASH     : @ 95510.500: tcs3701: stop power rail pending_off timer
11-23 15:10:58.302  1011  1189 D ASH     : @ 95510.500: tcs3701: start power rail timer, state:3
11-23 15:10:58.342  1011  1189 I ASH     : @ 95510.540: tcs3701: stop power rail pending_off timer
11-23 15:10:58.342  1011  1189 D ASH     : @ 95510.540: tcs3701: start power rail timer, state:3
11-23 15:10:58.343  5238  5295 I BatteryMgr:DataCollectionService: stats => 1700748658343,12817,4444,13427,4169000,100
11-23 15:10:58.383  1011  1189 I ASH     : @ 95510.580: tcs3701: stop power rail pending_off timer
11-23 15:10:58.383  1011  1189 D ASH     : @ 95510.580: tcs3701: start power rail timer, state:3
11-23 15:10:58.422  1011  1189 I ASH     : @ 95510.620: tcs3701: stop power rail pending_off timer
11-23 15:10:58.422  1011  1189 D ASH     : @ 95510.620: tcs3701: start power rail timer, state:3
11-23 15:10:58.447  5238  5295 I BatteryMgr:DataCollectionService: stats => 1700748658447,12817,4444,13427,4169000,100
11-23 15:10:58.462  1011  1189 I ASH     : @ 95510.660: tcs3701: stop power rail pending_off timer
11-23 15:10:58.462  1011  1189 D ASH     : @ 95510.660: tcs3701: start power rail timer, state:3
11-23 15:10:58.495  1795  3745 D ActivityManager: freezer override set to true
11-23 15:10:58.500  1795  3745 D ActivityManager: freezer override set to false
11-23 15:10:58.502  1011  1189 I ASH     : @ 95510.700: tcs3701: stop power rail pending_off timer
11-23 15:10:58.502  1011  1189 D ASH     : @ 95510.700: tcs3701: start power rail timer, state:3
11-23 15:10:58.542  1011  1189 I ASH     : @ 95510.740: tcs3701: stop power rail pending_off timer
11-23 15:10:58.542  1011  1189 D ASH     : @ 95510.740: tcs3701: start power rail timer, state:3
11-23 15:10:58.552  5238  5295 I BatteryMgr:DataCollectionService: stats => 1700748658552,12817,4444,13427,4169000,100
11-23 15:10:58.582  1011  1189 I ASH     : @ 95510.780: tcs3701: stop power rail pending_off timer
11-23 15:10:58.582  1011  1189 D ASH     : @ 95510.780: tcs3701: start power rail timer, state:3
11-23 15:10:58.622  1011  1189 I ASH     : @ 95510.820: tcs3701: stop power rail pending_off timer
11-23 15:10:58.622  1011  1189 D ASH     : @ 95510.820: tcs3701: start power rail timer, state:3
11-23 15:10:58.657  5238  5295 I BatteryMgr:DataCollectionService: stats => 1700748658657,12817,4444,13427,4169000,100
11-23 15:10:58.662  1011  1189 I ASH     : @ 95510.860: tcs3701: stop power rail pending_off timer
11-23 15:10:58.662  1011  1189 D ASH     : @ 95510.860: tcs3701: start power rail timer, state:3
11-23 15:10:58.702  1011  1189 I ASH     : @ 95510.900: tcs3701: stop power rail pending_off timer
11-23 15:10:58.702  1011  1189 D ASH     : @ 95510.900: tcs3701: start power rail timer, state:3
11-23 15:10:58.742  1011  1189 I ASH     : @ 95510.940: tcs3701: stop power rail pending_off timer
11-23 15:10:58.742  1011  1189 D ASH     : @ 95510.940: tcs3701: start power rail timer, state:3
11-23 15:10:58.761  5238  5295 I BatteryMgr:DataCollectionService: stats => 1700748658761,12817,4444,13427,4169000,100
11-23 15:10:58.783  1011  1189 I ASH     : @ 95510.980: tcs3701: stop power rail pending_off timer
11-23 15:10:58.783  1011  1189 D ASH     : @ 95510.980: tcs3701: start power rail timer, state:3
11-23 15:10:58.822  1011  1189 I ASH     : @ 95511.020: tcs3701: stop power rail pending_off timer
11-23 15:10:58.822  1011  1189 D ASH     : @ 95511.020: tcs3701: start power rail timer, state:3
11-23 15:10:58.857  1795  3745 D ActivityManager: freezer override set to true
11-23 15:10:58.862  1011  1189 I ASH     : @ 95511.060: tcs3701: stop power rail pending_off timer
11-23 15:10:58.862  1011  1189 D ASH     : @ 95511.060: tcs3701: start power rail timer, state:3
11-23 15:10:58.866  5238  5295 I BatteryMgr:DataCollectionService: stats => 1700748658866,12817,4444,13427,4169000,100
11-23 15:10:58.902  1011  1189 I ASH     : @ 95511.100: tcs3701: stop power rail pending_off timer
11-23 15:10:58.902  1011  1189 D ASH     : @ 95511.100: tcs3701: start power rail timer, state:3
11-23 15:10:58.937 15275 15290 I m.chrome.canary: Explicit concurrent copying GC freed 3589(176KB) AllocSpace objects, 3(60KB) LOS objects, 75% free, 11MB/47MB, paused 30us,23us total 45.619ms
11-23 15:10:58.942  1011  1189 I ASH     : @ 95511.140: tcs3701: stop power rail pending_off timer
11-23 15:10:58.942  1011  1189 D ASH     : @ 95511.140: tcs3701: start power rail timer, state:3
11-23 15:10:58.970  5238  5295 I BatteryMgr:DataCollectionService: stats => 1700748658970,12817,4444,13427,4169000,100
11-23 15:10:58.982  1011  1189 I ASH     : @ 95511.180: tcs3701: stop power rail pending_off timer
11-23 15:10:58.982  1011  1189 D ASH     : @ 95511.180: tcs3701: start power rail timer, state:3
11-23 15:10:58.995  1795  3745 D ActivityManager: freezer override set to false
11-23 15:10:59.022  1011  1189 I ASH     : @ 95511.220: tcs3701: stop power rail pending_off timer
11-23 15:10:59.022  1011  1189 D ASH     : @ 95511.220: tcs3701: start power rail timer, state:3
11-23 15:10:59.032  1795  3745 D ActivityManager: freezer override set to true
11-23 15:10:59.035  1795  3745 D ActivityManager: freezer override set to false
11-23 15:10:59.062  1011  1189 I ASH     : @ 95511.260: tcs3701: stop power rail pending_off timer
11-23 15:10:59.062  1011  1189 D ASH     : @ 95511.260: tcs3701: start power rail timer, state:3
11-23 15:10:59.075  5238  5295 I BatteryMgr:DataCollectionService: stats => 1700748659075,12817,4444,13427,4169000,100
11-23 15:10:59.102  1011  1189 I ASH     : @ 95511.300: tcs3701: stop power rail pending_off timer
11-23 15:10:59.102  1011  1189 D ASH     : @ 95511.300: tcs3701: start power rail timer, state:3
11-23 15:10:59.142  1011  1189 I ASH     : @ 95511.340: tcs3701: stop power rail pending_off timer
11-23 15:10:59.142  1011  1189 D ASH     : @ 95511.340: tcs3701: start power rail timer, state:3
11-23 15:10:59.178  5238  5295 I BatteryMgr:DataCollectionService: stats => 1700748659178,12817,4444,13427,4169000,100
11-23 15:10:59.183  1011  1189 I ASH     : @ 95511.380: tcs3701: stop power rail pending_off timer
11-23 15:10:59.183  1011  1189 D ASH     : @ 95511.380: tcs3701: start power rail timer, state:3
11-23 15:10:59.222  1011  1189 I ASH     : @ 95511.420: tcs3701: stop power rail pending_off timer
11-23 15:10:59.222  1011  1189 D ASH     : @ 95511.420: tcs3701: start power rail timer, state:3
11-23 15:10:59.229 11364 11364 I EuiccGoogle: [2] EuiccServiceImpl.onDestroy: onDestroy: EuiccService on destroy.
11-23 15:10:59.229  1795  3745 I ActivityManager: Killing 8675:com.google.android.apps.wallpaper/u0a238 (adj 965): empty for 1800s
11-23 15:10:59.236  1795  2145 I libprocessgroup: Successfully killed process cgroup uid 10238 pid 8675 in 6ms
11-23 15:10:59.248   987   987 I Zygote  : Process 8675 exited due to signal 9 (Killed)
11-23 15:10:59.249  3657  4525 D ForegroundUtils: UID: 10238 deleted.
11-23 15:10:59.262  1011  1189 I ASH     : @ 95511.460: tcs3701: stop power rail pending_off timer
11-23 15:10:59.263  1011  1189 D ASH     : @ 95511.460: tcs3701: start power rail timer, state:3
11-23 15:10:59.282  5238  5295 I BatteryMgr:DataCollectionService: stats => 1700748659282,12817,4444,13427,4169000,100
11-23 15:10:59.302  1011  1189 I ASH     : @ 95511.500: tcs3701: stop power rail pending_off timer
11-23 15:10:59.302  1011  1189 D ASH     : @ 95511.500: tcs3701: start power rail timer, state:3
11-23 15:10:59.342  1011  1189 I ASH     : @ 95511.540: tcs3701: stop power rail pending_off timer
11-23 15:10:59.342  1011  1189 D ASH     : @ 95511.540: tcs3701: start power rail timer, state:3
11-23 15:10:59.382  1011  1189 I ASH     : @ 95511.580: tcs3701: stop power rail pending_off timer
11-23 15:10:59.382  1011  1189 D ASH     : @ 95511.580: tcs3701: start power rail timer, state:3
11-23 15:10:59.387  5238  5295 I BatteryMgr:DataCollectionService: stats => 1700748659387,12817,4444,13427,4169000,100
11-23 15:10:59.422  1011  1189 I ASH     : @ 95511.620: tcs3701: stop power rail pending_off timer
11-23 15:10:59.422  1011  1189 D ASH     : @ 95511.620: tcs3701: start power rail timer, state:3
11-23 15:10:59.463  1011  1189 I ASH     : @ 95511.660: tcs3701: stop power rail pending_off timer
11-23 15:10:59.463  1011  1189 D ASH     : @ 95511.660: tcs3701: start power rail timer, state:3
11-23 15:10:59.492  5238  5295 I BatteryMgr:DataCollectionService: stats => 1700748659492,12817,4444,13427,4169000,100
11-23 15:10:59.502  1011  1189 I ASH     : @ 95511.700: tcs3701: stop power rail pending_off timer
11-23 15:10:59.502  1011  1189 D ASH     : @ 95511.700: tcs3701: start power rail timer, state:3
11-23 15:10:59.502  1795  3716 D ActivityManager: freezer override set to true
11-23 15:10:59.507  1795  3716 D ActivityManager: freezer override set to false
11-23 15:10:59.542  1011  1189 I ASH     : @ 95511.740: tcs3701: stop power rail pending_off timer
11-23 15:10:59.542  1011  1189 D ASH     : @ 95511.740: tcs3701: start power rail timer, state:3
11-23 15:10:59.582  1011  1189 I ASH     : @ 95511.780: tcs3701: stop power rail pending_off timer
11-23 15:10:59.582  1011  1189 D ASH     : @ 95511.780: tcs3701: start power rail timer, state:3
11-23 15:10:59.596  5238  5295 I BatteryMgr:DataCollectionService: stats => 1700748659596,12817,4444,13427,4169000,100
11-23 15:10:59.623  1011  1189 I ASH     : @ 95511.820: tcs3701: stop power rail pending_off timer
11-23 15:10:59.623  1011  1189 D ASH     : @ 95511.820: tcs3701: start power rail timer, state:3
11-23 15:10:59.663  1011  1189 I ASH     : @ 95511.860: tcs3701: stop power rail pending_off timer
11-23 15:10:59.663  1011  1189 D ASH     : @ 95511.860: tcs3701: start power rail timer, state:3
11-23 15:10:59.701  5238  5295 I BatteryMgr:DataCollectionService: stats => 1700748659701,12817,4444,13427,4169000,100
11-23 15:10:59.702  1011  1189 I ASH     : @ 95511.900: tcs3701: stop power rail pending_off timer
11-23 15:10:59.702  1011  1189 D ASH     : @ 95511.900: tcs3701: start power rail timer, state:3
11-23 15:10:59.742  1011  1189 I ASH     : @ 95511.940: tcs3701: stop power rail pending_off timer
11-23 15:10:59.742  1011  1189 D ASH     : @ 95511.940: tcs3701: start power rail timer, state:3
11-23 15:10:59.783  1011  1189 I ASH     : @ 95511.980: tcs3701: stop power rail pending_off timer
