11-23 15:10:59.783  1011  1189 D ASH     : @ 95511.980: tcs3701: start power rail timer, state:3
11-23 15:10:59.806  5238  5295 I BatteryMgr:DataCollectionService: stats => 1700748659806,12817,4444,13427,4169000,100
11-23 15:10:59.822  1011  1189 I ASH     : @ 95512.020: tcs3701: stop power rail pending_off timer
11-23 15:10:59.822  1011  1189 D ASH     : @ 95512.020: tcs3701: start power rail timer, state:3
11-23 15:10:59.862  1011  1189 I ASH     : @ 95512.060: tcs3701: stop power rail pending_off timer
11-23 15:10:59.863  1011  1189 D ASH     : @ 95512.060: tcs3701: start power rail timer, state:3
11-23 15:10:59.902  1011  1189 I ASH     : @ 95512.100: tcs3701: stop power rail pending_off timer
11-23 15:10:59.902  1011  1189 D ASH     : @ 95512.100: tcs3701: start power rail timer, state:3
11-23 15:10:59.913  5238  5295 I BatteryMgr:DataCollectionService: stats => 1700748659913,12817,4444,13427,4169000,100
11-23 15:10:59.942  1011  1189 I ASH     : @ 95512.140: tcs3701: stop power rail pending_off timer
11-23 15:10:59.942  1011  1189 D ASH     : @ 95512.140: tcs3701: start power rail timer, state:3
11-23 15:10:59.982  1011  1189 I ASH     : @ 95512.180: tcs3701: stop power rail pending_off timer
11-23 15:10:59.982  1011  1189 D ASH     : @ 95512.180: tcs3701: start power rail timer, state:3
11-23 15:11:00.006  3579  3877 I AiAiEcho: (REDACTED) Predicting[%d]: %s
11-23 15:11:00.007  3579  3877 I AiAiEcho: (REDACTED) EchoTargets: %s
11-23 15:11:00.007  3579  3877 I AiAiEcho: Filtered by AiAi flag check: %s
11-23 15:11:00.007  3579  3877 I AiAiEcho: (REDACTED) Ranked targets strategy: %s, count: %d, ranking metadata: %s
11-23 15:11:00.008  3579  3877 I AiAiEcho: (REDACTED) #weatherTwiddler: Weather removes SubtitleSupplementalItem in surface: %s
11-23 15:11:00.008  3579  3877 I AiAiEcho: (REDACTED) Predicting[%d]: %s
11-23 15:11:00.010  3579  3877 I AiAiEcho: (REDACTED) EchoTargets: %s
11-23 15:11:00.010  3579  3877 I AiAiEcho: Filtered by AiAi flag check: %s
11-23 15:11:00.011  3579  3877 I AiAiEcho: (REDACTED) Ranked targets strategy: %s, count: %d, ranking metadata: %s
11-23 15:11:00.012  3579  3877 I AiAiEcho: (REDACTED) #weatherTwiddler: Weather removes SubtitleSupplementalItem in surface: %s
11-23 15:11:00.016  3579  3877 I AiAiEcho: (REDACTED) #postPredictionTargets: Sending updates to UISurface %s with targets# %s (types=[%s])
11-23 15:11:00.018  5238  5295 I BatteryMgr:DataCollectionService: stats => 1700748660018,12817,4444,13427,4169000,100
11-23 15:11:00.018  3579  3877 I AiAiEcho: (REDACTED) #postPredictionTargets: Sending updates to UISurface %s with targets# %s (types=[%s])
11-23 15:11:00.020  2940  2940 D SsBaseTemplateCard: No text view can be set up
11-23 15:11:00.021  2940  2940 D SsBaseTemplateCard: Passed-in item info is null
11-23 15:11:00.021  2940  2940 D SsBaseTemplateCard: Passed-in item info is null
11-23 15:11:00.021  2940  2940 I SsBaseTemplateCard: Secondary card pane is null
11-23 15:11:00.022  1011  1189 I ASH     : @ 95512.220: tcs3701: stop power rail pending_off timer
11-23 15:11:00.022  1011  1189 D ASH     : @ 95512.220: tcs3701: start power rail timer, state:3
11-23 15:11:00.025  2513  2513 D SsBaseTemplateCard: No text view can be set up
11-23 15:11:00.025  2513  2513 D SsBaseTemplateCard: Passed-in item info is null
11-23 15:11:00.025  2513  2513 D SsBaseTemplateCard: Passed-in item info is null
11-23 15:11:00.025  2513  2513 I SsBaseTemplateCard: Secondary card pane is null
11-23 15:11:00.064  1011  1189 I ASH     : @ 95512.260: tcs3701: stop power rail pending_off timer
11-23 15:11:00.064  1011  1189 D ASH     : @ 95512.260: tcs3701: start power rail timer, state:3
11-23 15:11:00.102  1011  1189 I ASH     : @ 95512.300: tcs3701: stop power rail pending_off timer
11-23 15:11:00.102  1011  1189 D ASH     : @ 95512.300: tcs3701: start power rail timer, state:3
11-23 15:11:00.107  2113  2118 I pixel-thermal: skin-therm-monitor: 37.335
11-23 15:11:00.124  5238  5295 I BatteryMgr:DataCollectionService: stats => 1700748660124,12817,4444,13427,4169000,100
11-23 15:11:00.142  1011  1189 I ASH     : @ 95512.340: tcs3701: stop power rail pending_off timer
11-23 15:11:00.142  1011  1189 D ASH     : @ 95512.340: tcs3701: start power rail timer, state:3
11-23 15:11:00.182  1011  1189 I ASH     : @ 95512.380: tcs3701: stop power rail pending_off timer
11-23 15:11:00.182  1011  1189 D ASH     : @ 95512.380: tcs3701: start power rail timer, state:3
11-23 15:11:00.198  1795  3716 D ActivityManager: freezer override set to true
11-23 15:11:00.222  1011  1189 I ASH     : @ 95512.420: tcs3701: stop power rail pending_off timer
11-23 15:11:00.222  1011  1189 D ASH     : @ 95512.420: tcs3701: start power rail timer, state:3
11-23 15:11:00.228  5238  5295 I BatteryMgr:DataCollectionService: stats => 1700748660228,12817,4444,13427,4169000,100
11-23 15:11:00.262  1011  1189 I ASH     : @ 95512.460: tcs3701: stop power rail pending_off timer
11-23 15:11:00.262  1011  1189 D ASH     : @ 95512.460: tcs3701: start power rail timer, state:3
11-23 15:11:00.272 15275 15290 I m.chrome.canary: Explicit concurrent copying GC freed 3573(176KB) AllocSpace objects, 3(60KB) LOS objects, 75% free, 11MB/47MB, paused 30us,21us total 38.903ms
11-23 15:11:00.302  1011  1189 I ASH     : @ 95512.500: tcs3701: stop power rail pending_off timer
11-23 15:11:00.303  1011  1189 D ASH     : @ 95512.500: tcs3701: start power rail timer, state:3
11-23 15:11:00.328  1795  3716 D ActivityManager: freezer override set to false
11-23 15:11:00.331  5238  5295 I BatteryMgr:DataCollectionService: stats => 1700748660331,12817,4444,13427,4169000,100
11-23 15:11:00.342  1011  1189 I ASH     : @ 95512.540: tcs3701: stop power rail pending_off timer
11-23 15:11:00.342  1011  1189 D ASH     : @ 95512.540: tcs3701: start power rail timer, state:3
11-23 15:11:00.371  1795  3716 D ActivityManager: freezer override set to true
11-23 15:11:00.375  1795  3716 D ActivityManager: freezer override set to false
11-23 15:11:00.382  1011  1189 I ASH     : @ 95512.580: tcs3701: stop power rail pending_off timer
11-23 15:11:00.382  1011  1189 D ASH     : @ 95512.580: tcs3701: start power rail timer, state:3
11-23 15:11:00.423  1011  1189 I ASH     : @ 95512.620: tcs3701: stop power rail pending_off timer
11-23 15:11:00.423  1011  1189 D ASH     : @ 95512.620: tcs3701: start power rail timer, state:3
11-23 15:11:00.437  5238  5295 I BatteryMgr:DataCollectionService: stats => 1700748660437,12817,4444,13427,4169000,100
11-23 15:11:00.463  1011  1189 I ASH     : @ 95512.660: tcs3701: stop power rail pending_off timer
11-23 15:11:00.463  1011  1189 D ASH     : @ 95512.660: tcs3701: start power rail timer, state:3
11-23 15:11:00.497  1795  3716 D ActivityManager: freezer override set to true
11-23 15:11:00.501  1795  3716 D ActivityManager: freezer override set to false
11-23 15:11:00.502  1011  1189 I ASH     : @ 95512.700: tcs3701: stop power rail pending_off timer
11-23 15:11:00.502  1011  1189 D ASH     : @ 95512.700: tcs3701: start power rail timer, state:3
11-23 15:11:00.543  5238  5295 I BatteryMgr:DataCollectionService: stats => 1700748660543,12817,4444,13427,4169000,100
11-23 15:11:00.544  1011  1189 I ASH     : @ 95512.740: tcs3701: stop power rail pending_off timer
11-23 15:11:00.544  1011  1189 D ASH     : @ 95512.740: tcs3701: start power rail timer, state:3
11-23 15:11:00.582  1011  1189 I ASH     : @ 95512.780: tcs3701: stop power rail pending_off timer
11-23 15:11:00.582  1011  1189 D ASH     : @ 95512.780: tcs3701: start power rail timer, state:3
11-23 15:11:00.622  1011  1189 I ASH     : @ 95512.820: tcs3701: stop power rail pending_off timer
11-23 15:11:00.622  1011  1189 D ASH     : @ 95512.820: tcs3701: start power rail timer, state:3
11-23 15:11:00.648  5238  5295 I BatteryMgr:DataCollectionService: stats => 1700748660648,12817,4444,13427,4169000,100
11-23 15:11:00.662  1011  1189 I ASH     : @ 95512.860: tcs3701: stop power rail pending_off timer
11-23 15:11:00.662  1011  1189 D ASH     : @ 95512.860: tcs3701: start power rail timer, state:3
11-23 15:11:00.695  1411  1514 D Diag_Lib: diag: In log_to_device, File count reached max file num 50 so deleting oldest file
11-23 15:11:00.697  1411  1514 D Diag_Lib: diag: In delete_log, Deleting logfile /data/vendor/radio/diag_logs/logs/diag_log_20231123_1423181700745798707.qmdl2 of size 5191 KB
11-23 15:11:00.697  1411  1514 D Diag_Lib:  creating new file /data/vendor/radio/diag_logs/logs/diag_log_20231123_1511001700748660697.qmdl2 
11-23 15:11:00.702  1011  1189 I ASH     : @ 95512.900: tcs3701: stop power rail pending_off timer
11-23 15:11:00.702  1011  1189 D ASH     : @ 95512.900: tcs3701: start power rail timer, state:3
11-23 15:11:00.742  1011  1189 I ASH     : @ 95512.940: tcs3701: stop power rail pending_off timer
11-23 15:11:00.742  1011  1189 D ASH     : @ 95512.940: tcs3701: start power rail timer, state:3
11-23 15:11:00.754  5238  5295 I BatteryMgr:DataCollectionService: stats => 1700748660754,12817,4444,13427,4169000,100
11-23 15:11:00.782  1011  1189 I ASH     : @ 95512.980: tcs3701: stop power rail pending_off timer
11-23 15:11:00.782  1011  1189 D ASH     : @ 95512.980: tcs3701: start power rail timer, state:3
11-23 15:11:00.822  1011  1189 I ASH     : @ 95513.020: tcs3701: stop power rail pending_off timer
11-23 15:11:00.822  1011  1189 D ASH     : @ 95513.020: tcs3701: start power rail timer, state:3
11-23 15:11:00.858  5238  5295 I BatteryMgr:DataCollectionService: stats => 1700748660858,12817,4444,13427,4169000,100
11-23 15:11:00.862  1011  1189 I ASH     : @ 95513.060: tcs3701: stop power rail pending_off timer
11-23 15:11:00.862  1011  1189 D ASH     : @ 95513.060: tcs3701: start power rail timer, state:3
11-23 15:11:00.902  1011  1189 I ASH     : @ 95513.100: tcs3701: stop power rail pending_off timer
11-23 15:11:00.902  1011  1189 D ASH     : @ 95513.100: tcs3701: start power rail timer, state:3
11-23 15:11:00.942  1011  1189 I ASH     : @ 95513.140: tcs3701: stop power rail pending_off timer
11-23 15:11:00.942  1011  1189 D ASH     : @ 95513.140: tcs3701: start power rail timer, state:3
11-23 15:11:00.963  5238  5295 I BatteryMgr:DataCollectionService: stats => 1700748660963,12817,4444,13427,4169000,100
11-23 15:11:00.982  1011  1189 I ASH     : @ 95513.180: tcs3701: stop power rail pending_off timer
11-23 15:11:00.982  1011  1189 D ASH     : @ 95513.180: tcs3701: start power rail timer, state:3
11-23 15:11:01.022  1011  1189 I ASH     : @ 95513.220: tcs3701: stop power rail pending_off timer
11-23 15:11:01.022  1011  1189 D ASH     : @ 95513.220: tcs3701: start power rail timer, state:3
11-23 15:11:01.062  1011  1189 I ASH     : @ 95513.260: tcs3701: stop power rail pending_off timer
11-23 15:11:01.062  1011  1189 D ASH     : @ 95513.260: tcs3701: start power rail timer, state:3
11-23 15:11:01.070  5238  5295 I BatteryMgr:DataCollectionService: stats => 1700748661070,12817,4444,13427,4169000,100
11-23 15:11:01.102  1011  1189 I ASH     : @ 95513.300: tcs3701: stop power rail pending_off timer
11-23 15:11:01.102  1011  1189 D ASH     : @ 95513.300: tcs3701: start power rail timer, state:3
11-23 15:11:01.135  1795  2424 D WifiClientModeImpl[13802:wlan0]: updateLinkLayerStatsRssiSpeedFrequencyCapabilities rssi=-49 TxLinkspeed=866 freq=5240 RxLinkSpeed=6
11-23 15:11:01.135  1795  2424 D WifiDataStall: tx tput in kbps: 751999
11-23 15:11:01.135  1795  2424 D WifiDataStall: rx tput in kbps: 791578
11-23 15:11:01.135  1795  2424 V WifiConfigManager: Updating scan detail cache freq=5240 BSSID=f4:6d:2f:12:cc:88 RSSI=-48 for "ourhome"WPA_PSK
11-23 15:11:01.136  1795  2424 D WifiChannelUtilization:  freq: 5240 onTime: 2857552 busyTime: 252117 onTimeDiff: 2857257 busyTimeDiff: 252100 utilization: 22 utilization t0: 22
11-23 15:11:01.136  1795  2424 D WifiDataStall:  ccaLevel = 22
11-23 15:11:01.136  1795  2424 D WifiDataStall: L2 txTputKbps: 751999, rxTputKbps: 791578, L3 txTputKbps: 0, rxTputKbps: 0, TxTrafficHigh: false, RxTrafficHigh: false, Throughput Sufficient: true
11-23 15:11:01.136  3213  6173 V WifiManager: OnWifiUsabilityStatsListener: onWifiUsabilityStats: seqNum=31526
11-23 15:11:01.136  1795  2424 D WifiScoreReport: Wifi scoring disabled - Don't check IP layer
11-23 15:11:01.136  1795  2424 D WifiScoreCard: BSSID update SIGNAL_POLL ID: 1320464697 SSID: "ourhome", BSSID: f4:6d:2f:12:cc:88, MAC: b2:2f:ec:da:4a:0c, IP: /192.168.1.104, Security type: 2, Supplicant state: COMPLETED, Wi-Fi standard: 5, RSSI: -49, Link speed: 866Mbps, Tx Link speed: 866Mbps, Max Supported Tx Link speed: 866Mbps, Rx Link speed: 6Mbps, Max Supported Rx Link speed: 866Mbps, Frequency: 5240MHz, Net ID: 12, Metered hint: false, score: 60, isUsable: true, CarrierMerged: false, SubscriptionId: -1, IsPrimary: 1, Trusted: true, Restricted: false, Ephemeral: false, OEM paid: false, OEM private: false, OSU AP: false, FQDN: <none>, Provider friendly name: <none>, Requesting package name: <none>"ourhome"wpa2-pskMLO Information: , Is TID-To-Link negotiation supported by the AP: false, AP MLD Address: <none>, AP MLO Link Id: <none>, AP MLO Affiliated links: <none>
11-23 15:11:01.136  1795  2424 D WifiScoreCard: txRate: 1 txSpeed: 866
11-23 15:11:01.136  1795  2424 D WifiScoreCard: network update SIGNAL_POLL "ourhome" ID: 1499892569 RSSI -49 txSpeed -1
11-23 15:11:01.136  1795  3716 I WifiService: updateWifiUsabilityScore uid=10180 seqNum=31526 score=100 predictionHorizonSec=1441795
11-23 15:11:01.136  2513  4457 V WifiManager: TrafficStateCallbackProxy: onStateChanged state=3
11-23 15:11:01.137  1795  2424 D WifiClientModeImpl[13802:wlan0]:  ClientModeImpl$L2ConnectedState screen=on 17 0 "ourhome" f4:6d:2f:12:cc:88 rssi=-49 f=5240 sc=60 link=866 tx=0.2, 0.0, 0.0 rx=0.2 bcn=913631 [on:231 tx:0 rx:2 period:3013] from screen [on:189367 period:5294631] score=60
11-23 15:11:01.137  1795  2424 D WifiScoreReport: Wifi scoring disabled - Notify that Wifi is usable
11-23 15:11:01.140  1795  2432 D ConnectivityService: NetReassign [no changes] [c 0] [a 1] [i 1]
11-23 15:11:01.143  1011  1189 I ASH     : @ 95513.340: tcs3701: stop power rail pending_off timer
11-23 15:11:01.143  1011  1189 D ASH     : @ 95513.340: tcs3701: start power rail timer, state:3
11-23 15:11:01.175  5238  5295 I BatteryMgr:DataCollectionService: stats => 1700748661175,12817,4444,13427,4169000,100
11-23 15:11:01.182  1011  1189 I ASH     : @ 95513.380: tcs3701: stop power rail pending_off timer
11-23 15:11:01.182  1011  1189 D ASH     : @ 95513.380: tcs3701: start power rail timer, state:3
11-23 15:11:01.222  1011  1189 I ASH     : @ 95513.420: tcs3701: stop power rail pending_off timer
11-23 15:11:01.222  1011  1189 D ASH     : @ 95513.420: tcs3701: start power rail timer, state:3
11-23 15:11:01.263  1011  1189 I ASH     : @ 95513.460: tcs3701: stop power rail pending_off timer
11-23 15:11:01.263  1011  1189 D ASH     : @ 95513.460: tcs3701: start power rail timer, state:3
11-23 15:11:01.283  5238  5295 I BatteryMgr:DataCollectionService: stats => 1700748661283,12817,4444,13427,4169000,100
11-23 15:11:01.302  1011  1189 I ASH     : @ 95513.500: tcs3701: stop power rail pending_off timer
11-23 15:11:01.302  1011  1189 D ASH     : @ 95513.500: tcs3701: start power rail timer, state:3
11-23 15:11:01.342  1011  1189 I ASH     : @ 95513.540: tcs3701: stop power rail pending_off timer
11-23 15:11:01.342  1011  1189 D ASH     : @ 95513.540: tcs3701: start power rail timer, state:3
11-23 15:11:01.382  1011  1189 I ASH     : @ 95513.580: tcs3701: stop power rail pending_off timer
11-23 15:11:01.382  1011  1189 D ASH     : @ 95513.580: tcs3701: start power rail timer, state:3
11-23 15:11:01.387  5238  5295 I BatteryMgr:DataCollectionService: stats => 1700748661387,12817,4444,13427,4169000,100
11-23 15:11:01.422  1011  1189 I ASH     : @ 95513.620: tcs3701: stop power rail pending_off timer
11-23 15:11:01.422  1011  1189 D ASH     : @ 95513.620: tcs3701: start power rail timer, state:3
11-23 15:11:01.462  1011  1189 I ASH     : @ 95513.660: tcs3701: stop power rail pending_off timer
11-23 15:11:01.462  1011  1189 D ASH     : @ 95513.660: tcs3701: start power rail timer, state:3
11-23 15:11:01.497  5238  5295 I BatteryMgr:DataCollectionService: stats => 1700748661497,12817,4444,13427,4169000,100
11-23 15:11:01.502  1011  1189 I ASH     : @ 95513.700: tcs3701: stop power rail pending_off timer
11-23 15:11:01.502  1011  1189 D ASH     : @ 95513.700: tcs3701: start power rail timer, state:3
11-23 15:11:01.508  1795  3716 D ActivityManager: freezer override set to true
11-23 15:11:01.513  1795  3716 D ActivityManager: freezer override set to false
11-23 15:11:01.542  1011  1189 I ASH     : @ 95513.740: tcs3701: stop power rail pending_off timer
11-23 15:11:01.542  1011  1189 D ASH     : @ 95513.740: tcs3701: start power rail timer, state:3
11-23 15:11:01.566  1795  3716 D ActivityManager: freezer override set to true
11-23 15:11:01.582  1011  1189 I ASH     : @ 95513.780: tcs3701: stop power rail pending_off timer
11-23 15:11:01.582  1011  1189 D ASH     : @ 95513.780: tcs3701: start power rail timer, state:3
11-23 15:11:01.601  5238  5295 I BatteryMgr:DataCollectionService: stats => 1700748661601,12817,4444,13427,4169000,100
11-23 15:11:01.622  1011  1189 I ASH     : @ 95513.820: tcs3701: stop power rail pending_off timer
11-23 15:11:01.622  1011  1189 D ASH     : @ 95513.820: tcs3701: start power rail timer, state:3
11-23 15:11:01.662  1011  1189 I ASH     : @ 95513.860: tcs3701: stop power rail pending_off timer
11-23 15:11:01.662  1011  1189 D ASH     : @ 95513.860: tcs3701: start power rail timer, state:3
11-23 15:11:01.695 15275 15290 I m.chrome.canary: Explicit concurrent copying GC freed 3805(191KB) AllocSpace objects, 4(80KB) LOS objects, 75% free, 11MB/47MB, paused 37us,23us total 45.857ms
11-23 15:11:01.702  1011  1189 I ASH     : @ 95513.900: tcs3701: stop power rail pending_off timer
11-23 15:11:01.702  1011  1189 D ASH     : @ 95513.900: tcs3701: start power rail timer, state:3
11-23 15:11:01.705  5238  5295 I BatteryMgr:DataCollectionService: stats => 1700748661705,12817,4444,13427,4169000,100
11-23 15:11:01.743  1011  1189 I ASH     : @ 95513.940: tcs3701: stop power rail pending_off timer
11-23 15:11:01.743  1011  1189 D ASH     : @ 95513.940: tcs3701: start power rail timer, state:3
11-23 15:11:01.751  1795  3716 D ActivityManager: freezer override set to false
11-23 15:11:01.782  1011  1189 I ASH     : @ 95513.980: tcs3701: stop power rail pending_off timer
11-23 15:11:01.782  1011  1189 D ASH     : @ 95513.980: tcs3701: start power rail timer, state:3
11-23 15:11:01.806  1795  3716 D ActivityManager: freezer override set to true
11-23 15:11:01.809  5238  5295 I BatteryMgr:DataCollectionService: stats => 1700748661809,12817,4444,13427,4169000,100
11-23 15:11:01.809  1795  3716 D ActivityManager: freezer override set to false
11-23 15:11:01.822  1011  1189 I ASH     : @ 95514.020: tcs3701: stop power rail pending_off timer
11-23 15:11:01.823  1011  1189 D ASH     : @ 95514.020: tcs3701: start power rail timer, state:3
11-23 15:11:01.862  1011  1189 I ASH     : @ 95514.060: tcs3701: stop power rail pending_off timer
11-23 15:11:01.862  1011  1189 D ASH     : @ 95514.060: tcs3701: start power rail timer, state:3
11-23 15:11:01.902  1011  1189 I ASH     : @ 95514.100: tcs3701: stop power rail pending_off timer
11-23 15:11:01.902  1011  1189 D ASH     : @ 95514.100: tcs3701: start power rail timer, state:3
11-23 15:11:01.914  5238  5295 I BatteryMgr:DataCollectionService: stats => 1700748661914,12817,4444,13427,4169000,100
11-23 15:11:01.942  1011  1189 I ASH     : @ 95514.140: tcs3701: stop power rail pending_off timer
11-23 15:11:01.943  1011  1189 D ASH     : @ 95514.140: tcs3701: start power rail timer, state:3
11-23 15:11:01.982  1011  1189 I ASH     : @ 95514.180: tcs3701: stop power rail pending_off timer
11-23 15:11:01.982  1011  1189 D ASH     : @ 95514.180: tcs3701: start power rail timer, state:3
11-23 15:11:02.020  5238  5295 I BatteryMgr:DataCollectionService: stats => 1700748662020,12817,4444,13427,4169000,100
11-23 15:11:02.023  1011  1189 I ASH     : @ 95514.220: tcs3701: stop power rail pending_off timer
11-23 15:11:02.023  1011  1189 D ASH     : @ 95514.220: tcs3701: start power rail timer, state:3
11-23 15:11:02.062  1011  1189 I ASH     : @ 95514.260: tcs3701: stop power rail pending_off timer
11-23 15:11:02.062  1011  1189 D ASH     : @ 95514.260: tcs3701: start power rail timer, state:3
11-23 15:11:02.102  1011  1189 I ASH     : @ 95514.300: tcs3701: stop power rail pending_off timer
11-23 15:11:02.102  1011  1189 D ASH     : @ 95514.300: tcs3701: start power rail timer, state:3
11-23 15:11:02.111  2113  2118 I pixel-thermal: skin-therm-monitor: 37.342
11-23 15:11:02.126  5238  5295 I BatteryMgr:DataCollectionService: stats => 1700748662126,12817,4444,13427,4169000,100
11-23 15:11:02.142  1011  1189 I ASH     : @ 95514.340: tcs3701: stop power rail pending_off timer
11-23 15:11:02.142  1011  1189 D ASH     : @ 95514.340: tcs3701: start power rail timer, state:3
11-23 15:11:02.182  1011  1189 I ASH     : @ 95514.380: tcs3701: stop power rail pending_off timer
11-23 15:11:02.182  1011  1189 D ASH     : @ 95514.380: tcs3701: start power rail timer, state:3
11-23 15:11:02.223  1011  1189 I ASH     : @ 95514.420: tcs3701: stop power rail pending_off timer
11-23 15:11:02.223  1011  1189 D ASH     : @ 95514.420: tcs3701: start power rail timer, state:3
11-23 15:11:02.235  5238  5295 I BatteryMgr:DataCollectionService: stats => 1700748662235,12817,4444,13427,4169000,100
11-23 15:11:02.262  1011  1189 I ASH     : @ 95514.460: tcs3701: stop power rail pending_off timer
11-23 15:11:02.262  1011  1189 D ASH     : @ 95514.460: tcs3701: start power rail timer, state:3
11-23 15:11:02.302  1011  1189 I ASH     : @ 95514.500: tcs3701: stop power rail pending_off timer
11-23 15:11:02.302  1011  1189 D ASH     : @ 95514.500: tcs3701: start power rail timer, state:3
11-23 15:11:02.340  5238  5295 I BatteryMgr:DataCollectionService: stats => 1700748662340,12817,4444,13427,4169000,100
11-23 15:11:02.342  1011  1189 I ASH     : @ 95514.540: tcs3701: stop power rail pending_off timer
11-23 15:11:02.342  1011  1189 D ASH     : @ 95514.540: tcs3701: start power rail timer, state:3
11-23 15:11:02.382  1011  1189 I ASH     : @ 95514.580: tcs3701: stop power rail pending_off timer
11-23 15:11:02.382  1011  1189 D ASH     : @ 95514.580: tcs3701: start power rail timer, state:3
11-23 15:11:02.422  1011  1189 I ASH     : @ 95514.620: tcs3701: stop power rail pending_off timer
11-23 15:11:02.422  1011  1189 D ASH     : @ 95514.620: tcs3701: start power rail timer, state:3
11-23 15:11:02.445  5238  5295 I BatteryMgr:DataCollectionService: stats => 1700748662445,12817,4444,13427,4169000,100
11-23 15:11:02.462  1011  1189 I ASH     : @ 95514.660: tcs3701: stop power rail pending_off timer
11-23 15:11:02.462  1011  1189 D ASH     : @ 95514.660: tcs3701: start power rail timer, state:3
11-23 15:11:02.502  1011  1189 I ASH     : @ 95514.700: tcs3701: stop power rail pending_off timer
11-23 15:11:02.502  1011  1189 D ASH     : @ 95514.700: tcs3701: start power rail timer, state:3
11-23 15:11:02.518  1795  3716 D ActivityManager: freezer override set to true
11-23 15:11:02.522  1795  3716 D ActivityManager: freezer override set to false
11-23 15:11:02.542  1011  1189 I ASH     : @ 95514.740: tcs3701: stop power rail pending_off timer
11-23 15:11:02.542  1011  1189 D ASH     : @ 95514.740: tcs3701: start power rail timer, state:3
11-23 15:11:02.551  5238  5295 I BatteryMgr:DataCollectionService: stats => 1700748662551,12817,4444,13427,4169000,100
11-23 15:11:02.582  1011  1189 I ASH     : @ 95514.780: tcs3701: stop power rail pending_off timer
11-23 15:11:02.582  1011  1189 D ASH     : @ 95514.780: tcs3701: start power rail timer, state:3
11-23 15:11:02.622  1011  1189 I ASH     : @ 95514.820: tcs3701: stop power rail pending_off timer
11-23 15:11:02.622  1011  1189 D ASH     : @ 95514.820: tcs3701: start power rail timer, state:3
11-23 15:11:02.657  5238  5295 I BatteryMgr:DataCollectionService: stats => 1700748662657,12817,4444,13427,4169000,100
11-23 15:11:02.663  1011  1189 I ASH     : @ 95514.860: tcs3701: stop power rail pending_off timer
11-23 15:11:02.663  1011  1189 D ASH     : @ 95514.860: tcs3701: start power rail timer, state:3
11-23 15:11:02.702  1011  1189 I ASH     : @ 95514.900: tcs3701: stop power rail pending_off timer
11-23 15:11:02.702  1011  1189 D ASH     : @ 95514.900: tcs3701: start power rail timer, state:3
11-23 15:11:02.742  1011  1189 I ASH     : @ 95514.940: tcs3701: stop power rail pending_off timer
11-23 15:11:02.742  1011  1189 D ASH     : @ 95514.940: tcs3701: start power rail timer, state:3
11-23 15:11:02.763  5238  5295 I BatteryMgr:DataCollectionService: stats => 1700748662763,12817,4444,13427,4169000,100
11-23 15:11:02.782  1011  1189 I ASH     : @ 95514.980: tcs3701: stop power rail pending_off timer
11-23 15:11:02.782  1011  1189 D ASH     : @ 95514.980: tcs3701: start power rail timer, state:3
11-23 15:11:02.822  1011  1189 I ASH     : @ 95515.020: tcs3701: stop power rail pending_off timer
11-23 15:11:02.822  1011  1189 D ASH     : @ 95515.020: tcs3701: start power rail timer, state:3
11-23 15:11:02.862  1011  1189 I ASH     : @ 95515.060: tcs3701: stop power rail pending_off timer
11-23 15:11:02.862  1011  1189 D ASH     : @ 95515.060: tcs3701: start power rail timer, state:3
11-23 15:11:02.870  5238  5295 I BatteryMgr:DataCollectionService: stats => 1700748662870,12817,4444,13427,4169000,100
11-23 15:11:02.902  1011  1189 I ASH     : @ 95515.100: tcs3701: stop power rail pending_off timer
11-23 15:11:02.902  1011  1189 D ASH     : @ 95515.100: tcs3701: start power rail timer, state:3
11-23 15:11:02.942  1011  1189 I ASH     : @ 95515.140: tcs3701: stop power rail pending_off timer
11-23 15:11:02.942  1011  1189 D ASH     : @ 95515.140: tcs3701: start power rail timer, state:3
11-23 15:11:02.961  1795  3716 D ActivityManager: freezer override set to true
11-23 15:11:02.975  5238  5295 I BatteryMgr:DataCollectionService: stats => 1700748662975,12817,4444,13427,4169000,100
11-23 15:11:02.982  1011  1189 I ASH     : @ 95515.180: tcs3701: stop power rail pending_off timer
11-23 15:11:02.982  1011  1189 D ASH     : @ 95515.180: tcs3701: start power rail timer, state:3
11-23 15:11:03.023  1011  1189 I ASH     : @ 95515.220: tcs3701: stop power rail pending_off timer
11-23 15:11:03.023  1011  1189 D ASH     : @ 95515.220: tcs3701: start power rail timer, state:3
11-23 15:11:03.063  1011  1189 I ASH     : @ 95515.260: tcs3701: stop power rail pending_off timer
11-23 15:11:03.063  1011  1189 D ASH     : @ 95515.260: tcs3701: start power rail timer, state:3
11-23 15:11:03.078  5238  5295 I BatteryMgr:DataCollectionService: stats => 1700748663078,12817,4444,13427,4169000,100
11-23 15:11:03.094 15275 15290 I m.chrome.canary: Explicit concurrent copying GC freed 3591(176KB) AllocSpace objects, 3(60KB) LOS objects, 75% free, 11MB/47MB, paused 31us,25us total 49.427ms
11-23 15:11:03.102  1011  1189 I ASH     : @ 95515.300: tcs3701: stop power rail pending_off timer
11-23 15:11:03.102  1011  1189 D ASH     : @ 95515.300: tcs3701: start power rail timer, state:3
11-23 15:11:03.142  1011  1189 I ASH     : @ 95515.340: tcs3701: stop power rail pending_off timer
11-23 15:11:03.143  1011  1189 D ASH     : @ 95515.340: tcs3701: start power rail timer, state:3
11-23 15:11:03.153  1795  3716 D ActivityManager: freezer override set to false
11-23 15:11:03.182  1011  1189 I ASH     : @ 95515.380: tcs3701: stop power rail pending_off timer
11-23 15:11:03.182  1011  1189 D ASH     : @ 95515.380: tcs3701: start power rail timer, state:3
11-23 15:11:03.186  5238  5295 I BatteryMgr:DataCollectionService: stats => 1700748663186,12817,4444,13427,4169000,100
11-23 15:11:03.198  1795  3716 D ActivityManager: freezer override set to true
11-23 15:11:03.202  1795  3716 D ActivityManager: freezer override set to false
11-23 15:11:03.223  1011  1189 I ASH     : @ 95515.420: tcs3701: stop power rail pending_off timer
11-23 15:11:03.223  1011  1189 D ASH     : @ 95515.420: tcs3701: start power rail timer, state:3
11-23 15:11:03.262  1011  1189 I ASH     : @ 95515.460: tcs3701: stop power rail pending_off timer
11-23 15:11:03.262  1011  1189 D ASH     : @ 95515.460: tcs3701: start power rail timer, state:3
11-23 15:11:03.292  5238  5295 I BatteryMgr:DataCollectionService: stats => 1700748663291,12817,4444,13427,4169000,100
11-23 15:11:03.302  1011  1189 I ASH     : @ 95515.500: tcs3701: stop power rail pending_off timer
11-23 15:11:03.302  1011  1189 D ASH     : @ 95515.500: tcs3701: start power rail timer, state:3
11-23 15:11:03.342  1011  1189 I ASH     : @ 95515.540: tcs3701: stop power rail pending_off timer
11-23 15:11:03.342  1011  1189 D ASH     : @ 95515.540: tcs3701: start power rail timer, state:3
11-23 15:11:03.382  1011  1189 I ASH     : @ 95515.580: tcs3701: stop power rail pending_off timer
11-23 15:11:03.383  1011  1189 D ASH     : @ 95515.580: tcs3701: start power rail timer, state:3
11-23 15:11:03.399  5238  5295 I BatteryMgr:DataCollectionService: stats => 1700748663399,12817,4444,13427,4169000,100
11-23 15:11:03.422  1011  1189 I ASH     : @ 95515.620: tcs3701: stop power rail pending_off timer
11-23 15:11:03.422  1011  1189 D ASH     : @ 95515.620: tcs3701: start power rail timer, state:3
11-23 15:11:03.462  1011  1189 I ASH     : @ 95515.660: tcs3701: stop power rail pending_off timer
11-23 15:11:03.462  1011  1189 D ASH     : @ 95515.660: tcs3701: start power rail timer, state:3
11-23 15:11:03.503  1011  1189 I ASH     : @ 95515.700: tcs3701: stop power rail pending_off timer
11-23 15:11:03.503  1011  1189 D ASH     : @ 95515.700: tcs3701: start power rail timer, state:3
11-23 15:11:03.503  1795  3716 D ActivityManager: freezer override set to true
11-23 15:11:03.504  5238  5295 I BatteryMgr:DataCollectionService: stats => 1700748663504,12817,4444,13427,4169000,100
11-23 15:11:03.508  1795  3716 D ActivityManager: freezer override set to false
11-23 15:11:03.542  1011  1189 I ASH     : @ 95515.740: tcs3701: stop power rail pending_off timer
11-23 15:11:03.542  1011  1189 D ASH     : @ 95515.740: tcs3701: start power rail timer, state:3
11-23 15:11:03.582  1011  1189 I ASH     : @ 95515.780: tcs3701: stop power rail pending_off timer
11-23 15:11:03.582  1011  1189 D ASH     : @ 95515.780: tcs3701: start power rail timer, state:3
11-23 15:11:03.610  5238  5295 I BatteryMgr:DataCollectionService: stats => 1700748663610,12817,4444,13427,4169000,100
11-23 15:11:03.622  1011  1189 I ASH     : @ 95515.820: tcs3701: stop power rail pending_off timer
11-23 15:11:03.622  1011  1189 D ASH     : @ 95515.820: tcs3701: start power rail timer, state:3
11-23 15:11:03.662  1011  1189 I ASH     : @ 95515.860: tcs3701: stop power rail pending_off timer
11-23 15:11:03.662  1011  1189 D ASH     : @ 95515.860: tcs3701: start power rail timer, state:3
11-23 15:11:03.703  1011  1189 I ASH     : @ 95515.900: tcs3701: stop power rail pending_off timer
11-23 15:11:03.703  1011  1189 D ASH     : @ 95515.900: tcs3701: start power rail timer, state:3
11-23 15:11:03.716  5238  5295 I BatteryMgr:DataCollectionService: stats => 1700748663716,12817,4444,13427,4169000,100
11-23 15:11:03.743  1011  1189 I ASH     : @ 95515.940: tcs3701: stop power rail pending_off timer
11-23 15:11:03.743  1011  1189 D ASH     : @ 95515.940: tcs3701: start power rail timer, state:3
11-23 15:11:03.782  1011  1189 I ASH     : @ 95515.980: tcs3701: stop power rail pending_off timer
11-23 15:11:03.782  1011  1189 D ASH     : @ 95515.980: tcs3701: start power rail timer, state:3
11-23 15:11:03.821  5238  5295 I BatteryMgr:DataCollectionService: stats => 1700748663821,12817,4444,13427,4169000,100
11-23 15:11:03.822  1011  1189 I ASH     : @ 95516.020: tcs3701: stop power rail pending_off timer
11-23 15:11:03.822  1011  1189 D ASH     : @ 95516.020: tcs3701: start power rail timer, state:3
11-23 15:11:03.862  1011  1189 I ASH     : @ 95516.060: tcs3701: stop power rail pending_off timer
11-23 15:11:03.862  1011  1189 D ASH     : @ 95516.060: tcs3701: start power rail timer, state:3
11-23 15:11:03.902  1011  1189 I ASH     : @ 95516.100: tcs3701: stop power rail pending_off timer
11-23 15:11:03.902  1011  1189 D ASH     : @ 95516.100: tcs3701: start power rail timer, state:3
11-23 15:11:03.926  5238  5295 I BatteryMgr:DataCollectionService: stats => 1700748663926,12817,4444,13427,4169000,100
11-23 15:11:03.942  1011  1189 I ASH     : @ 95516.140: tcs3701: stop power rail pending_off timer
11-23 15:11:03.942  1011  1189 D ASH     : @ 95516.140: tcs3701: start power rail timer, state:3
11-23 15:11:03.982  1011  1189 I ASH     : @ 95516.180: tcs3701: stop power rail pending_off timer
11-23 15:11:03.982  1011  1189 D ASH     : @ 95516.180: tcs3701: start power rail timer, state:3
11-23 15:11:04.022  1011  1189 I ASH     : @ 95516.220: tcs3701: stop power rail pending_off timer
11-23 15:11:04.022  1011  1189 D ASH     : @ 95516.220: tcs3701: start power rail timer, state:3
11-23 15:11:04.031  5238  5295 I BatteryMgr:DataCollectionService: stats => 1700748664031,12817,4444,13427,4169000,100
11-23 15:11:04.062  1011  1189 I ASH     : @ 95516.260: tcs3701: stop power rail pending_off timer
11-23 15:11:04.062  1011  1189 D ASH     : @ 95516.260: tcs3701: start power rail timer, state:3
11-23 15:11:04.103  1011  1189 I ASH     : @ 95516.300: tcs3701: stop power rail pending_off timer
11-23 15:11:04.103  1011  1189 D ASH     : @ 95516.300: tcs3701: start power rail timer, state:3
11-23 15:11:04.114  2113  2118 I pixel-thermal: skin-therm-monitor: 37.355
11-23 15:11:04.138  5238  5295 I BatteryMgr:DataCollectionService: stats => 1700748664138,12817,4444,13427,4169000,100
11-23 15:11:04.142  1011  1189 I ASH     : @ 95516.340: tcs3701: stop power rail pending_off timer
11-23 15:11:04.142  1011  1189 D ASH     : @ 95516.340: tcs3701: start power rail timer, state:3
11-23 15:11:04.148  1795  2424 D WifiClientModeImpl[13802:wlan0]: updateLinkLayerStatsRssiSpeedFrequencyCapabilities rssi=-49 TxLinkspeed=866 freq=5240 RxLinkSpeed=6
11-23 15:11:04.148  1795  2424 D WifiDataStall: tx tput in kbps: 751999
11-23 15:11:04.148  1795  2424 D WifiDataStall: rx tput in kbps: 791578
11-23 15:11:04.148  1795  2424 V WifiConfigManager: Updating scan detail cache freq=5240 BSSID=f4:6d:2f:12:cc:88 RSSI=-48 for "ourhome"WPA_PSK
11-23 15:11:04.149  1795  2424 D WifiChannelUtilization:  freq: 5240 onTime: 2857552 busyTime: 252117 onTimeDiff: 2857257 busyTimeDiff: 252100 utilization: 22 utilization t0: 22
11-23 15:11:04.149  1795  2424 D WifiDataStall:  ccaLevel = 22
11-23 15:11:04.149  1795  2424 D WifiDataStall: L2 txTputKbps: 751999, rxTputKbps: 791578, L3 txTputKbps: 0, rxTputKbps: 0, TxTrafficHigh: false, RxTrafficHigh: false, Throughput Sufficient: true
11-23 15:11:04.149  3213  6173 V WifiManager: OnWifiUsabilityStatsListener: onWifiUsabilityStats: seqNum=31527
11-23 15:11:04.149  1795  2424 D WifiScoreReport: Wifi scoring disabled - Don't check IP layer
11-23 15:11:04.149  1795  2424 D WifiScoreCard: BSSID update SIGNAL_POLL ID: 1320464697 SSID: "ourhome", BSSID: f4:6d:2f:12:cc:88, MAC: b2:2f:ec:da:4a:0c, IP: /192.168.1.104, Security type: 2, Supplicant state: COMPLETED, Wi-Fi standard: 5, RSSI: -49, Link speed: 866Mbps, Tx Link speed: 866Mbps, Max Supported Tx Link speed: 866Mbps, Rx Link speed: 6Mbps, Max Supported Rx Link speed: 866Mbps, Frequency: 5240MHz, Net ID: 12, Metered hint: false, score: 60, isUsable: true, CarrierMerged: false, SubscriptionId: -1, IsPrimary: 1, Trusted: true, Restricted: false, Ephemeral: false, OEM paid: false, OEM private: false, OSU AP: false, FQDN: <none>, Provider friendly name: <none>, Requesting package name: <none>"ourhome"wpa2-pskMLO Information: , Is TID-To-Link negotiation supported by the AP: false, AP MLD Address: <none>, AP MLO Link Id: <none>, AP MLO Affiliated links: <none>
11-23 15:11:04.149  1795  2424 D WifiScoreCard: txRate: 1 txSpeed: 866
11-23 15:11:04.149  1795  2424 D WifiScoreCard: network update SIGNAL_POLL "ourhome" ID: 1499892569 RSSI -49 txSpeed -1
11-23 15:11:04.149  1795  3716 I WifiService: updateWifiUsabilityScore uid=10180 seqNum=31527 score=100 predictionHorizonSec=1441795
11-23 15:11:04.149  2513  4457 V WifiManager: TrafficStateCallbackProxy: onStateChanged state=0
11-23 15:11:04.149  1795  2424 D WifiClientModeImpl[13802:wlan0]:  ClientModeImpl$L2ConnectedState screen=on 17 0 "ourhome" f4:6d:2f:12:cc:88 rssi=-49 f=5240 sc=60 link=866 tx=0.0, 0.0, 0.0 rx=0.0 bcn=913661 [on:0 tx:0 rx:0 period:3012] from screen [on:189367 period:5297643] score=60
11-23 15:11:04.150  1795  2424 D WifiScoreReport: Wifi scoring disabled - Notify that Wifi is usable
11-23 15:11:04.153  1795  2432 D ConnectivityService: NetReassign [no changes] [c 1] [a 0] [i 2]
11-23 15:11:04.182  1011  1189 I ASH     : @ 95516.380: tcs3701: stop power rail pending_off timer
11-23 15:11:04.182  1011  1189 D ASH     : @ 95516.380: tcs3701: start power rail timer, state:3
11-23 15:11:04.223  1011  1189 I ASH     : @ 95516.420: tcs3701: stop power rail pending_off timer
11-23 15:11:04.223  1011  1189 D ASH     : @ 95516.420: tcs3701: start power rail timer, state:3
11-23 15:11:04.243  5238  5295 I BatteryMgr:DataCollectionService: stats => 1700748664243,12817,4444,13427,4169000,100
11-23 15:11:04.262  1011  1189 I ASH     : @ 95516.460: tcs3701: stop power rail pending_off timer
11-23 15:11:04.262  1011  1189 D ASH     : @ 95516.460: tcs3701: start power rail timer, state:3
11-23 15:11:04.302  1011  1189 I ASH     : @ 95516.500: tcs3701: stop power rail pending_off timer
11-23 15:11:04.302  1011  1189 D ASH     : @ 95516.500: tcs3701: start power rail timer, state:3
11-23 15:11:04.342  1011  1189 I ASH     : @ 95516.540: tcs3701: stop power rail pending_off timer
11-23 15:11:04.342  1011  1189 D ASH     : @ 95516.540: tcs3701: start power rail timer, state:3
11-23 15:11:04.348  5238  5295 I BatteryMgr:DataCollectionService: stats => 1700748664348,12817,4444,13427,4169000,100
11-23 15:11:04.357  1795  3716 D ActivityManager: freezer override set to true
11-23 15:11:04.382  1011  1189 I ASH     : @ 95516.580: tcs3701: stop power rail pending_off timer
11-23 15:11:04.382  1011  1189 D ASH     : @ 95516.580: tcs3701: start power rail timer, state:3
11-23 15:11:04.422  1011  1189 I ASH     : @ 95516.620: tcs3701: stop power rail pending_off timer
11-23 15:11:04.422  1011  1189 D ASH     : @ 95516.620: tcs3701: start power rail timer, state:3
11-23 15:11:04.432 15275 15290 I m.chrome.canary: Explicit concurrent copying GC freed 3572(176KB) AllocSpace objects, 3(60KB) LOS objects, 75% free, 11MB/47MB, paused 34us,20us total 39.607ms
11-23 15:11:04.453  5238  5295 I BatteryMgr:DataCollectionService: stats => 1700748664453,12817,4444,13427,4169000,100
11-23 15:11:04.462  1011  1189 I ASH     : @ 95516.660: tcs3701: stop power rail pending_off timer
11-23 15:11:04.462  1011  1189 D ASH     : @ 95516.660: tcs3701: start power rail timer, state:3
11-23 15:11:04.481  1795  3716 D ActivityManager: freezer override set to false
11-23 15:11:04.503  1011  1189 I ASH     : @ 95516.700: tcs3701: stop power rail pending_off timer
11-23 15:11:04.503  1011  1189 D ASH     : @ 95516.700: tcs3701: start power rail timer, state:3
11-23 15:11:04.518  1795  3716 D ActivityManager: freezer override set to true
11-23 15:11:04.523  1795  3716 D ActivityManager: freezer override set to false
11-23 15:11:04.528  1795  3716 D ActivityManager: freezer override set to true
11-23 15:11:04.531  1795  3716 D ActivityManager: freezer override set to false
11-23 15:11:04.542  1011  1189 I ASH     : @ 95516.740: tcs3701: stop power rail pending_off timer
11-23 15:11:04.542  1011  1189 D ASH     : @ 95516.740: tcs3701: start power rail timer, state:3
11-23 15:11:04.559  5238  5295 I BatteryMgr:DataCollectionService: stats => 1700748664559,12207,4444,13427,4169000,100
11-23 15:11:04.583  1011  1189 I ASH     : @ 95516.780: tcs3701: stop power rail pending_off timer
11-23 15:11:04.583  1011  1189 D ASH     : @ 95516.780: tcs3701: start power rail timer, state:3
11-23 15:11:04.622  1011  1189 I ASH     : @ 95516.820: tcs3701: stop power rail pending_off timer
11-23 15:11:04.622  1011  1189 D ASH     : @ 95516.820: tcs3701: start power rail timer, state:3
11-23 15:11:04.662  1011  1189 I ASH     : @ 95516.860: tcs3701: stop power rail pending_off timer
11-23 15:11:04.663  1011  1189 D ASH     : @ 95516.860: tcs3701: start power rail timer, state:3
11-23 15:11:04.665  5238  5295 I BatteryMgr:DataCollectionService: stats => 1700748664665,12207,4444,13427,4169000,100
11-23 15:11:04.702  1011  1189 I ASH     : @ 95516.900: tcs3701: stop power rail pending_off timer
11-23 15:11:04.702  1011  1189 D ASH     : @ 95516.900: tcs3701: start power rail timer, state:3
11-23 15:11:04.742  1011  1189 I ASH     : @ 95516.940: tcs3701: stop power rail pending_off timer
11-23 15:11:04.742  1011  1189 D ASH     : @ 95516.940: tcs3701: start power rail timer, state:3
11-23 15:11:04.772  5238  5295 I BatteryMgr:DataCollectionService: stats => 1700748664772,12207,4444,13427,4169000,100
11-23 15:11:04.783  1011  1189 I ASH     : @ 95516.980: tcs3701: stop power rail pending_off timer
11-23 15:11:04.783  1011  1189 D ASH     : @ 95516.980: tcs3701: start power rail timer, state:3
11-23 15:11:04.822  1011  1189 I ASH     : @ 95517.020: tcs3701: stop power rail pending_off timer
11-23 15:11:04.822  1011  1189 D ASH     : @ 95517.020: tcs3701: start power rail timer, state:3
11-23 15:11:04.862  1011  1189 I ASH     : @ 95517.060: tcs3701: stop power rail pending_off timer
11-23 15:11:04.862  1011  1189 D ASH     : @ 95517.060: tcs3701: start power rail timer, state:3
11-23 15:11:04.879  5238  5295 I BatteryMgr:DataCollectionService: stats => 1700748664879,12207,4444,13427,4169000,100
11-23 15:11:04.902  1011  1189 I ASH     : @ 95517.100: tcs3701: stop power rail pending_off timer
11-23 15:11:04.902  1011  1189 D ASH     : @ 95517.100: tcs3701: start power rail timer, state:3
11-23 15:11:04.942  1011  1189 I ASH     : @ 95517.140: tcs3701: stop power rail pending_off timer
11-23 15:11:04.942  1011  1189 D ASH     : @ 95517.140: tcs3701: start power rail timer, state:3
11-23 15:11:04.982  1011  1189 I ASH     : @ 95517.180: tcs3701: stop power rail pending_off timer
11-23 15:11:04.983  1011  1189 D ASH     : @ 95517.180: tcs3701: start power rail timer, state:3
11-23 15:11:04.987  5238  5295 I BatteryMgr:DataCollectionService: stats => 1700748664987,12207,4444,13427,4169000,100
11-23 15:11:05.023  1011  1189 I ASH     : @ 95517.220: tcs3701: stop power rail pending_off timer
11-23 15:11:05.023  1011  1189 D ASH     : @ 95517.220: tcs3701: start power rail timer, state:3
11-23 15:11:05.062  1011  1189 I ASH     : @ 95517.260: tcs3701: stop power rail pending_off timer
11-23 15:11:05.062  1011  1189 D ASH     : @ 95517.260: tcs3701: start power rail timer, state:3
11-23 15:11:05.092  5238  5295 I BatteryMgr:DataCollectionService: stats => 1700748665092,12207,4444,13427,4169000,100
11-23 15:11:05.102  1011  1189 I ASH     : @ 95517.300: tcs3701: stop power rail pending_off timer
11-23 15:11:05.102  1011  1189 D ASH     : @ 95517.300: tcs3701: start power rail timer, state:3
11-23 15:11:05.142  1011  1189 I ASH     : @ 95517.340: tcs3701: stop power rail pending_off timer
11-23 15:11:05.142  1011  1189 D ASH     : @ 95517.340: tcs3701: start power rail timer, state:3
11-23 15:11:05.182  1011  1189 I ASH     : @ 95517.380: tcs3701: stop power rail pending_off timer
11-23 15:11:05.182  1011  1189 D ASH     : @ 95517.380: tcs3701: start power rail timer, state:3
11-23 15:11:05.199  5238  5295 I BatteryMgr:DataCollectionService: stats => 1700748665199,12207,4444,13427,4169000,100
11-23 15:11:05.222  1011  1189 I ASH     : @ 95517.420: tcs3701: stop power rail pending_off timer
11-23 15:11:05.222  1011  1189 D ASH     : @ 95517.420: tcs3701: start power rail timer, state:3
11-23 15:11:05.262  1011  1189 I ASH     : @ 95517.460: tcs3701: stop power rail pending_off timer
11-23 15:11:05.262  1011  1189 D ASH     : @ 95517.460: tcs3701: start power rail timer, state:3
11-23 15:11:05.302  1011  1189 I ASH     : @ 95517.500: tcs3701: stop power rail pending_off timer
11-23 15:11:05.302  1011  1189 D ASH     : @ 95517.500: tcs3701: start power rail timer, state:3
11-23 15:11:05.305  5238  5295 I BatteryMgr:DataCollectionService: stats => 1700748665305,12207,4444,13427,4169000,100
11-23 15:11:05.342  1011  1189 I ASH     : @ 95517.540: tcs3701: stop power rail pending_off timer
11-23 15:11:05.342  1011  1189 D ASH     : @ 95517.540: tcs3701: start power rail timer, state:3
11-23 15:11:05.382  1011  1189 I ASH     : @ 95517.580: tcs3701: stop power rail pending_off timer
11-23 15:11:05.382  1011  1189 D ASH     : @ 95517.580: tcs3701: start power rail timer, state:3
11-23 15:11:05.411  5238  5295 I BatteryMgr:DataCollectionService: stats => 1700748665411,12207,4444,13427,4169000,100
11-23 15:11:05.422  1011  1189 I ASH     : @ 95517.620: tcs3701: stop power rail pending_off timer
11-23 15:11:05.422  1011  1189 D ASH     : @ 95517.620: tcs3701: start power rail timer, state:3
11-23 15:11:05.462  1011  1189 I ASH     : @ 95517.660: tcs3701: stop power rail pending_off timer
11-23 15:11:05.462  1011  1189 D ASH     : @ 95517.660: tcs3701: start power rail timer, state:3
11-23 15:11:05.502  1011  1189 I ASH     : @ 95517.700: tcs3701: stop power rail pending_off timer
11-23 15:11:05.502  1011  1189 D ASH     : @ 95517.700: tcs3701: start power rail timer, state:3
11-23 15:11:05.516  5238  5295 I BatteryMgr:DataCollectionService: stats => 1700748665516,12207,4444,13427,4169000,100
11-23 15:11:05.517  1795  3716 D ActivityManager: freezer override set to true
11-23 15:11:05.521  1795  3716 D ActivityManager: freezer override set to false
11-23 15:11:05.543  1011  1189 I ASH     : @ 95517.740: tcs3701: stop power rail pending_off timer
11-23 15:11:05.543  1011  1189 D ASH     : @ 95517.740: tcs3701: start power rail timer, state:3
11-23 15:11:05.583  1011  1189 I ASH     : @ 95517.780: tcs3701: stop power rail pending_off timer
11-23 15:11:05.583  1011  1189 D ASH     : @ 95517.780: tcs3701: start power rail timer, state:3
11-23 15:11:05.622  1011  1189 I ASH     : @ 95517.820: tcs3701: stop power rail pending_off timer
11-23 15:11:05.622  1011  1189 D ASH     : @ 95517.820: tcs3701: start power rail timer, state:3
11-23 15:11:05.623  5238  5295 I BatteryMgr:DataCollectionService: stats => 1700748665623,12207,4444,13427,4169000,100
11-23 15:11:05.662  1011  1189 I ASH     : @ 95517.860: tcs3701: stop power rail pending_off timer
11-23 15:11:05.662  1011  1189 D ASH     : @ 95517.860: tcs3701: start power rail timer, state:3
11-23 15:11:05.681  1795  3716 D ActivityManager: freezer override set to true
11-23 15:11:05.702  1011  1189 I ASH     : @ 95517.900: tcs3701: stop power rail pending_off timer
11-23 15:11:05.702  1011  1189 D ASH     : @ 95517.900: tcs3701: start power rail timer, state:3
11-23 15:11:05.728  5238  5295 I BatteryMgr:DataCollectionService: stats => 1700748665728,12207,4444,13427,4169000,100
11-23 15:11:05.742  1011  1189 I ASH     : @ 95517.940: tcs3701: stop power rail pending_off timer
11-23 15:11:05.742  1011  1189 D ASH     : @ 95517.940: tcs3701: start power rail timer, state:3
11-23 15:11:05.761 15275 15290 I m.chrome.canary: Explicit concurrent copying GC freed 3799(191KB) AllocSpace objects, 4(80KB) LOS objects, 75% free, 11MB/47MB, paused 31us,22us total 45.066ms
11-23 15:11:05.782  1011  1189 I ASH     : @ 95517.980: tcs3701: stop power rail pending_off timer
11-23 15:11:05.782  1011  1189 D ASH     : @ 95517.980: tcs3701: start power rail timer, state:3
11-23 15:11:05.818  1795  3716 D ActivityManager: freezer override set to false
11-23 15:11:05.822  1011  1189 I ASH     : @ 95518.020: tcs3701: stop power rail pending_off timer
11-23 15:11:05.822  1011  1189 D ASH     : @ 95518.020: tcs3701: start power rail timer, state:3
11-23 15:11:05.833  5238  5295 I BatteryMgr:DataCollectionService: stats => 1700748665833,12207,4444,13427,4169000,100
11-23 15:11:05.862  1011  1189 I ASH     : @ 95518.060: tcs3701: stop power rail pending_off timer
11-23 15:11:05.862  1011  1189 D ASH     : @ 95518.060: tcs3701: start power rail timer, state:3
11-23 15:11:05.870  1795  3716 D ActivityManager: freezer override set to true
11-23 15:11:05.874  1795  3716 D ActivityManager: freezer override set to false
11-23 15:11:05.902  1011  1189 I ASH     : @ 95518.100: tcs3701: stop power rail pending_off timer
11-23 15:11:05.902  1011  1189 D ASH     : @ 95518.100: tcs3701: start power rail timer, state:3
11-23 15:11:05.939  5238  5295 I BatteryMgr:DataCollectionService: stats => 1700748665939,12207,4444,13427,4169000,100
11-23 15:11:05.942  1011  1189 I ASH     : @ 95518.140: tcs3701: stop power rail pending_off timer
11-23 15:11:05.942  1011  1189 D ASH     : @ 95518.140: tcs3701: start power rail timer, state:3
11-23 15:11:05.982  1011  1189 I ASH     : @ 95518.180: tcs3701: stop power rail pending_off timer
11-23 15:11:05.982  1011  1189 D ASH     : @ 95518.180: tcs3701: start power rail timer, state:3
11-23 15:11:06.022  1011  1189 I ASH     : @ 95518.220: tcs3701: stop power rail pending_off timer
11-23 15:11:06.023  1011  1189 D ASH     : @ 95518.220: tcs3701: start power rail timer, state:3
11-23 15:11:06.044  5238  5295 I BatteryMgr:DataCollectionService: stats => 1700748666044,12207,4444,13427,4169000,100
11-23 15:11:06.062  1011  1189 I ASH     : @ 95518.260: tcs3701: stop power rail pending_off timer
11-23 15:11:06.062  1011  1189 D ASH     : @ 95518.260: tcs3701: start power rail timer, state:3
11-23 15:11:06.102  1011  1189 I ASH     : @ 95518.300: tcs3701: stop power rail pending_off timer
11-23 15:11:06.102  1011  1189 D ASH     : @ 95518.300: tcs3701: start power rail timer, state:3
