11-23 15:06:14.343  1011  1189 D ASH     : @ 95226.540: tcs3701: start power rail timer, state:3
11-23 15:06:14.382  1011  1189 I ASH     : @ 95226.580: tcs3701: stop power rail pending_off timer
11-23 15:06:14.382  1011  1189 D ASH     : @ 95226.580: tcs3701: start power rail timer, state:3
11-23 15:06:14.415  5238  5296 I BatteryMgr:DataCollectionService: stats => 1700748374415,12207,4444,13427,4169000,100
11-23 15:06:14.423  1011  1189 I ASH     : @ 95226.620: tcs3701: stop power rail pending_off timer
11-23 15:06:14.423  1011  1189 D ASH     : @ 95226.620: tcs3701: start power rail timer, state:3
11-23 15:06:14.462  1011  1189 I ASH     : @ 95226.660: tcs3701: stop power rail pending_off timer
11-23 15:06:14.462  1011  1189 D ASH     : @ 95226.660: tcs3701: start power rail timer, state:3
11-23 15:06:14.470  2113  2118 I pixel-thermal: skin-therm-monitor: 37.436
11-23 15:06:14.502  1011  1189 I ASH     : @ 95226.700: tcs3701: stop power rail pending_off timer
11-23 15:06:14.502  1011  1189 D ASH     : @ 95226.700: tcs3701: start power rail timer, state:3
11-23 15:06:14.519  5238  5296 I BatteryMgr:DataCollectionService: stats => 1700748374519,12207,4444,13427,4169000,100
11-23 15:06:14.542  1011  1189 I ASH     : @ 95226.740: tcs3701: stop power rail pending_off timer
11-23 15:06:14.542  1011  1189 D ASH     : @ 95226.740: tcs3701: start power rail timer, state:3
11-23 15:06:14.582  1011  1189 I ASH     : @ 95226.780: tcs3701: stop power rail pending_off timer
11-23 15:06:14.582  1011  1189 D ASH     : @ 95226.780: tcs3701: start power rail timer, state:3
11-23 15:06:14.622  1011  1189 I ASH     : @ 95226.820: tcs3701: stop power rail pending_off timer
11-23 15:06:14.622  1011  1189 D ASH     : @ 95226.820: tcs3701: start power rail timer, state:3
11-23 15:06:14.631  5238  5296 I BatteryMgr:DataCollectionService: stats => 1700748374631,12207,4444,13427,4169000,100
11-23 15:06:14.643  1795  3745 D ActivityManager: freezer override set to true
11-23 15:06:14.648  1795  3745 D ActivityManager: freezer override set to false
11-23 15:06:14.662  1011  1189 I ASH     : @ 95226.860: tcs3701: stop power rail pending_off timer
11-23 15:06:14.662  1011  1189 D ASH     : @ 95226.860: tcs3701: start power rail timer, state:3
11-23 15:06:14.702  1011  1189 I ASH     : @ 95226.900: tcs3701: stop power rail pending_off timer
11-23 15:06:14.702  1011  1189 D ASH     : @ 95226.900: tcs3701: start power rail timer, state:3
11-23 15:06:14.718  1795  2424 D WifiClientModeImpl[13802:wlan0]: updateLinkLayerStatsRssiSpeedFrequencyCapabilities rssi=-50 TxLinkspeed=866 freq=5240 RxLinkSpeed=866
11-23 15:06:14.719  1795  2424 D WifiDataStall: tx tput in kbps: 751999
11-23 15:06:14.719  1795  2424 D WifiDataStall: rx tput in kbps: 791578
11-23 15:06:14.719  1795  2424 V WifiConfigManager: Updating scan detail cache freq=5240 BSSID=f4:6d:2f:12:cc:88 RSSI=-49 for "ourhome"WPA_PSK
11-23 15:06:14.719  2782  5906 D QCNEJ/WlanStaInfoRelay: Received action: android.net.wifi.RSSI_CHANGED
11-23 15:06:14.719  1795  2424 D WifiChannelUtilization:  freq: 5240 onTime: 2847347 busyTime: 251652 onTimeDiff: 2847052 busyTimeDiff: 251635 utilization: 22 utilization t0: 22
11-23 15:06:14.719  1795  2424 D WifiDataStall:  ccaLevel = 22
11-23 15:06:14.719  1795  2424 D WifiDataStall: L2 txTputKbps: 751999, rxTputKbps: 791578, L3 txTputKbps: 0, rxTputKbps: 0, TxTrafficHigh: false, RxTrafficHigh: false, Throughput Sufficient: true
11-23 15:06:14.719  1795  2424 D WifiScoreReport: Wifi scoring disabled - Don't check IP layer
11-23 15:06:14.720  1795  2424 D WifiScoreCard: BSSID update SIGNAL_POLL ID: 1320464697 SSID: "ourhome", BSSID: f4:6d:2f:12:cc:88, MAC: b2:2f:ec:da:4a:0c, IP: /192.168.1.104, Security type: 2, Supplicant state: COMPLETED, Wi-Fi standard: 5, RSSI: -50, Link speed: 866Mbps, Tx Link speed: 866Mbps, Max Supported Tx Link speed: 866Mbps, Rx Link speed: 866Mbps, Max Supported Rx Link speed: 866Mbps, Frequency: 5240MHz, Net ID: 12, Metered hint: false, score: 60, isUsable: true, CarrierMerged: false, SubscriptionId: -1, IsPrimary: 1, Trusted: true, Restricted: false, Ephemeral: false, OEM paid: false, OEM private: false, OSU AP: false, FQDN: <none>, Provider friendly name: <none>, Requesting package name: <none>"ourhome"wpa2-pskMLO Information: , Is TID-To-Link negotiation supported by the AP: false, AP MLD Address: <none>, AP MLO Link Id: <none>, AP MLO Affiliated links: <none>
11-23 15:06:14.720  1795  2424 D WifiScoreCard: txRate: 1 txSpeed: 866
11-23 15:06:14.720  1795  2424 D WifiScoreCard: network update SIGNAL_POLL "ourhome" ID: 1499892569 RSSI -50 txSpeed -1
11-23 15:06:14.720  2513 11659 V WifiManager: TrafficStateCallbackProxy: onStateChanged state=2
11-23 15:06:14.720  1795  2424 D WifiClientModeImpl[13802:wlan0]:  ClientModeImpl$L2ConnectedState screen=on 17 0 "ourhome" f4:6d:2f:12:cc:88 rssi=-50 f=5240 sc=60 link=866 tx=0.6, 0.0, 0.0 rx=0.4 bcn=910836 [on:55 tx:1 rx:1 period:3014] from screen [on:179162 period:5008214] score=60
11-23 15:06:14.720  3213  6173 V WifiManager: OnWifiUsabilityStatsListener: onWifiUsabilityStats: seqNum=31431
11-23 15:06:14.721  1795  3745 I WifiService: updateWifiUsabilityScore uid=10180 seqNum=31431 score=100 predictionHorizonSec=1441795
11-23 15:06:14.721  1795  2424 D WifiScoreReport: Wifi scoring disabled - Notify that Wifi is usable
11-23 15:06:14.724  1795  2432 D ConnectivityService: NetReassign [no changes] [c 0] [a 0] [i 2]
11-23 15:06:14.737  5238  5296 I BatteryMgr:DataCollectionService: stats => 1700748374737,12207,4444,13427,4169000,100
11-23 15:06:14.742  1011  1189 I ASH     : @ 95226.940: tcs3701: stop power rail pending_off timer
11-23 15:06:14.742  1011  1189 D ASH     : @ 95226.940: tcs3701: start power rail timer, state:3
11-23 15:06:14.744  1795  3745 D ActivityManager: freezer override set to true
11-23 15:06:14.782  1011  1189 I ASH     : @ 95226.980: tcs3701: stop power rail pending_off timer
11-23 15:06:14.782  1011  1189 D ASH     : @ 95226.980: tcs3701: start power rail timer, state:3
11-23 15:06:14.823  1011  1189 I ASH     : @ 95227.020: tcs3701: stop power rail pending_off timer
11-23 15:06:14.823  1011  1189 D ASH     : @ 95227.020: tcs3701: start power rail timer, state:3
11-23 15:06:14.824  9451  9467 I m.chrome.canary: Explicit concurrent copying GC freed 3805(191KB) AllocSpace objects, 4(80KB) LOS objects, 75% free, 11MB/47MB, paused 32us,25us total 45.341ms
11-23 15:06:14.841  5238  5296 I BatteryMgr:DataCollectionService: stats => 1700748374841,12207,4444,13427,4169000,100
11-23 15:06:14.862  1011  1189 I ASH     : @ 95227.060: tcs3701: stop power rail pending_off timer
11-23 15:06:14.862  1011  1189 D ASH     : @ 95227.060: tcs3701: start power rail timer, state:3
11-23 15:06:14.879  1795  3745 D ActivityManager: freezer override set to false
11-23 15:06:14.902  1011  1189 I ASH     : @ 95227.100: tcs3701: stop power rail pending_off timer
11-23 15:06:14.902  1011  1189 D ASH     : @ 95227.100: tcs3701: start power rail timer, state:3
11-23 15:06:14.927  1795  3745 D ActivityManager: freezer override set to true
11-23 15:06:14.930  1795  3745 D ActivityManager: freezer override set to false
11-23 15:06:14.942  1011  1189 I ASH     : @ 95227.140: tcs3701: stop power rail pending_off timer
11-23 15:06:14.942  1011  1189 D ASH     : @ 95227.140: tcs3701: start power rail timer, state:3
11-23 15:06:14.945  5238  5296 I BatteryMgr:DataCollectionService: stats => 1700748374944,12207,4444,13427,4169000,100
11-23 15:06:14.982  1011  1189 I ASH     : @ 95227.180: tcs3701: stop power rail pending_off timer
11-23 15:06:14.982  1011  1189 D ASH     : @ 95227.180: tcs3701: start power rail timer, state:3
11-23 15:06:15.023  1011  1189 I ASH     : @ 95227.220: tcs3701: stop power rail pending_off timer
11-23 15:06:15.023  1011  1189 D ASH     : @ 95227.220: tcs3701: start power rail timer, state:3
11-23 15:06:15.048  5238  5296 I BatteryMgr:DataCollectionService: stats => 1700748375048,12207,4444,13427,4169000,100
11-23 15:06:15.062  1011  1189 I ASH     : @ 95227.260: tcs3701: stop power rail pending_off timer
11-23 15:06:15.062  1011  1189 D ASH     : @ 95227.260: tcs3701: start power rail timer, state:3
11-23 15:06:15.102  1011  1189 I ASH     : @ 95227.300: tcs3701: stop power rail pending_off timer
11-23 15:06:15.102  1011  1189 D ASH     : @ 95227.300: tcs3701: start power rail timer, state:3
11-23 15:06:15.142  1011  1189 I ASH     : @ 95227.340: tcs3701: stop power rail pending_off timer
11-23 15:06:15.142  1011  1189 D ASH     : @ 95227.340: tcs3701: start power rail timer, state:3
11-23 15:06:15.152  5238  5296 I BatteryMgr:DataCollectionService: stats => 1700748375152,12207,4444,13427,4169000,100
11-23 15:06:15.182  1011  1189 I ASH     : @ 95227.380: tcs3701: stop power rail pending_off timer
11-23 15:06:15.182  1011  1189 D ASH     : @ 95227.380: tcs3701: start power rail timer, state:3
11-23 15:06:15.222  1011  1189 I ASH     : @ 95227.420: tcs3701: stop power rail pending_off timer
11-23 15:06:15.222  1011  1189 D ASH     : @ 95227.420: tcs3701: start power rail timer, state:3
11-23 15:06:15.256  5238  5296 I BatteryMgr:DataCollectionService: stats => 1700748375256,12207,4444,13427,4169000,100
11-23 15:06:15.262  1011  1189 I ASH     : @ 95227.460: tcs3701: stop power rail pending_off timer
11-23 15:06:15.262  1011  1189 D ASH     : @ 95227.460: tcs3701: start power rail timer, state:3
11-23 15:06:15.303  1011  1189 I ASH     : @ 95227.500: tcs3701: stop power rail pending_off timer
11-23 15:06:15.303  1011  1189 D ASH     : @ 95227.500: tcs3701: start power rail timer, state:3
11-23 15:06:15.342  1011  1189 I ASH     : @ 95227.540: tcs3701: stop power rail pending_off timer
11-23 15:06:15.342  1011  1189 D ASH     : @ 95227.540: tcs3701: start power rail timer, state:3
11-23 15:06:15.360  5238  5296 I BatteryMgr:DataCollectionService: stats => 1700748375360,12207,4444,13427,4169000,100
11-23 15:06:15.382  1011  1189 I ASH     : @ 95227.580: tcs3701: stop power rail pending_off timer
11-23 15:06:15.382  1011  1189 D ASH     : @ 95227.580: tcs3701: start power rail timer, state:3
11-23 15:06:15.422  1011  1189 I ASH     : @ 95227.620: tcs3701: stop power rail pending_off timer
11-23 15:06:15.422  1011  1189 D ASH     : @ 95227.620: tcs3701: start power rail timer, state:3
11-23 15:06:15.462  1011  1189 I ASH     : @ 95227.660: tcs3701: stop power rail pending_off timer
11-23 15:06:15.462  1011  1189 D ASH     : @ 95227.660: tcs3701: start power rail timer, state:3
11-23 15:06:15.464  5238  5296 I BatteryMgr:DataCollectionService: stats => 1700748375464,12207,4444,13427,4169000,100
11-23 15:06:15.502  1011  1189 I ASH     : @ 95227.700: tcs3701: stop power rail pending_off timer
11-23 15:06:15.502  1011  1189 D ASH     : @ 95227.700: tcs3701: start power rail timer, state:3
11-23 15:06:15.542  1011  1189 I ASH     : @ 95227.740: tcs3701: stop power rail pending_off timer
11-23 15:06:15.542  1011  1189 D ASH     : @ 95227.740: tcs3701: start power rail timer, state:3
11-23 15:06:15.568  5238  5296 I BatteryMgr:DataCollectionService: stats => 1700748375568,12207,4444,13427,4169000,100
11-23 15:06:15.582  1011  1189 I ASH     : @ 95227.780: tcs3701: stop power rail pending_off timer
11-23 15:06:15.582  1011  1189 D ASH     : @ 95227.780: tcs3701: start power rail timer, state:3
11-23 15:06:15.622  1011  1189 I ASH     : @ 95227.820: tcs3701: stop power rail pending_off timer
11-23 15:06:15.622  1011  1189 D ASH     : @ 95227.820: tcs3701: start power rail timer, state:3
11-23 15:06:15.635  1795  3745 D ActivityManager: freezer override set to true
11-23 15:06:15.641  1795  3745 D ActivityManager: freezer override set to false
11-23 15:06:15.662  1011  1189 I ASH     : @ 95227.860: tcs3701: stop power rail pending_off timer
11-23 15:06:15.662  1011  1189 D ASH     : @ 95227.860: tcs3701: start power rail timer, state:3
11-23 15:06:15.673  5238  5296 I BatteryMgr:DataCollectionService: stats => 1700748375673,12207,4444,13427,4169000,100
11-23 15:06:15.702  1011  1189 I ASH     : @ 95227.900: tcs3701: stop power rail pending_off timer
11-23 15:06:15.702  1011  1189 D ASH     : @ 95227.900: tcs3701: start power rail timer, state:3
11-23 15:06:15.742  1011  1189 I ASH     : @ 95227.940: tcs3701: stop power rail pending_off timer
11-23 15:06:15.742  1011  1189 D ASH     : @ 95227.940: tcs3701: start power rail timer, state:3
11-23 15:06:15.777  5238  5296 I BatteryMgr:DataCollectionService: stats => 1700748375777,12207,4444,13427,4169000,100
11-23 15:06:15.782  1011  1189 I ASH     : @ 95227.980: tcs3701: stop power rail pending_off timer
11-23 15:06:15.782  1011  1189 D ASH     : @ 95227.980: tcs3701: start power rail timer, state:3
11-23 15:06:15.822  1011  1189 I ASH     : @ 95228.020: tcs3701: stop power rail pending_off timer
11-23 15:06:15.823  1011  1189 D ASH     : @ 95228.020: tcs3701: start power rail timer, state:3
11-23 15:06:15.862  1011  1189 I ASH     : @ 95228.060: tcs3701: stop power rail pending_off timer
11-23 15:06:15.862  1011  1189 D ASH     : @ 95228.060: tcs3701: start power rail timer, state:3
11-23 15:06:15.882  5238  5296 I BatteryMgr:DataCollectionService: stats => 1700748375882,12207,4444,13427,4169000,100
11-23 15:06:15.902  1011  1189 I ASH     : @ 95228.100: tcs3701: stop power rail pending_off timer
11-23 15:06:15.902  1011  1189 D ASH     : @ 95228.100: tcs3701: start power rail timer, state:3
11-23 15:06:15.942  1011  1189 I ASH     : @ 95228.140: tcs3701: stop power rail pending_off timer
11-23 15:06:15.942  1011  1189 D ASH     : @ 95228.140: tcs3701: start power rail timer, state:3
11-23 15:06:15.982  1011  1189 I ASH     : @ 95228.180: tcs3701: stop power rail pending_off timer
11-23 15:06:15.983  1011  1189 D ASH     : @ 95228.180: tcs3701: start power rail timer, state:3
11-23 15:06:15.987  5238  5296 I BatteryMgr:DataCollectionService: stats => 1700748375986,12207,4444,13427,4169000,100
11-23 15:06:16.022  1011  1189 I ASH     : @ 95228.220: tcs3701: stop power rail pending_off timer
11-23 15:06:16.022  1011  1189 D ASH     : @ 95228.220: tcs3701: start power rail timer, state:3
11-23 15:06:16.062  1011  1189 I ASH     : @ 95228.260: tcs3701: stop power rail pending_off timer
11-23 15:06:16.062  1011  1189 D ASH     : @ 95228.260: tcs3701: start power rail timer, state:3
11-23 15:06:16.075  1795  3745 D ActivityManager: freezer override set to true
11-23 15:06:16.090  5238  5296 I BatteryMgr:DataCollectionService: stats => 1700748376090,12207,4444,13427,4169000,100
11-23 15:06:16.102  1011  1189 I ASH     : @ 95228.300: tcs3701: stop power rail pending_off timer
11-23 15:06:16.102  1011  1189 D ASH     : @ 95228.300: tcs3701: start power rail timer, state:3
11-23 15:06:16.142  1011  1189 I ASH     : @ 95228.340: tcs3701: stop power rail pending_off timer
11-23 15:06:16.142  1011  1189 D ASH     : @ 95228.340: tcs3701: start power rail timer, state:3
11-23 15:06:16.155  9451  9467 I m.chrome.canary: Explicit concurrent copying GC freed 3591(176KB) AllocSpace objects, 3(60KB) LOS objects, 75% free, 11MB/47MB, paused 29us,24us total 45.019ms
11-23 15:06:16.182  1011  1189 I ASH     : @ 95228.380: tcs3701: stop power rail pending_off timer
11-23 15:06:16.182  1011  1189 D ASH     : @ 95228.380: tcs3701: start power rail timer, state:3
11-23 15:06:16.196  5238  5296 I BatteryMgr:DataCollectionService: stats => 1700748376196,12207,4444,13427,4169000,100
11-23 15:06:16.211  1795  3745 D ActivityManager: freezer override set to false
11-23 15:06:16.223  1011  1189 I ASH     : @ 95228.420: tcs3701: stop power rail pending_off timer
11-23 15:06:16.223  1011  1189 D ASH     : @ 95228.420: tcs3701: start power rail timer, state:3
11-23 15:06:16.252  1795  3745 D ActivityManager: freezer override set to true
11-23 15:06:16.255  1795  3745 D ActivityManager: freezer override set to false
11-23 15:06:16.262  1011  1189 I ASH     : @ 95228.460: tcs3701: stop power rail pending_off timer
11-23 15:06:16.262  1011  1189 D ASH     : @ 95228.460: tcs3701: start power rail timer, state:3
11-23 15:06:16.301  5238  5296 I BatteryMgr:DataCollectionService: stats => 1700748376300,12207,4444,13427,4169000,100
11-23 15:06:16.303  1011  1189 I ASH     : @ 95228.500: tcs3701: stop power rail pending_off timer
11-23 15:06:16.303  1011  1189 D ASH     : @ 95228.500: tcs3701: start power rail timer, state:3
11-23 15:06:16.342  1011  1189 I ASH     : @ 95228.540: tcs3701: stop power rail pending_off timer
11-23 15:06:16.342  1011  1189 D ASH     : @ 95228.540: tcs3701: start power rail timer, state:3
11-23 15:06:16.383  1011  1189 I ASH     : @ 95228.580: tcs3701: stop power rail pending_off timer
11-23 15:06:16.383  1011  1189 D ASH     : @ 95228.580: tcs3701: start power rail timer, state:3
11-23 15:06:16.404  5238  5296 I BatteryMgr:DataCollectionService: stats => 1700748376404,12207,4444,13427,4169000,100
11-23 15:06:16.422  1011  1189 I ASH     : @ 95228.620: tcs3701: stop power rail pending_off timer
11-23 15:06:16.423  1011  1189 D ASH     : @ 95228.620: tcs3701: start power rail timer, state:3
11-23 15:06:16.454  1795  2282 D ActivityManager: freezing 26969 com.google.android.permissioncontroller
11-23 15:06:16.462  1011  1189 I ASH     : @ 95228.660: tcs3701: stop power rail pending_off timer
11-23 15:06:16.462  1011  1189 D ASH     : @ 95228.660: tcs3701: start power rail timer, state:3
11-23 15:06:16.473  2113  2118 I pixel-thermal: skin-therm-monitor: 37.453
11-23 15:06:16.502  1011  1189 I ASH     : @ 95228.700: tcs3701: stop power rail pending_off timer
11-23 15:06:16.502  1011  1189 D ASH     : @ 95228.700: tcs3701: start power rail timer, state:3
11-23 15:06:16.508  5238  5296 I BatteryMgr:DataCollectionService: stats => 1700748376508,12207,4444,13427,4169000,100
11-23 15:06:16.542  1011  1189 I ASH     : @ 95228.740: tcs3701: stop power rail pending_off timer
11-23 15:06:16.542  1011  1189 D ASH     : @ 95228.740: tcs3701: start power rail timer, state:3
11-23 15:06:16.583  1011  1189 I ASH     : @ 95228.780: tcs3701: stop power rail pending_off timer
11-23 15:06:16.583  1011  1189 D ASH     : @ 95228.780: tcs3701: start power rail timer, state:3
11-23 15:06:16.612  5238  5296 I BatteryMgr:DataCollectionService: stats => 1700748376612,12207,4444,13427,4169000,100
11-23 15:06:16.622  1011  1189 I ASH     : @ 95228.820: tcs3701: stop power rail pending_off timer
11-23 15:06:16.622  1011  1189 D ASH     : @ 95228.820: tcs3701: start power rail timer, state:3
11-23 15:06:16.639  1795  3745 D ActivityManager: freezer override set to true
11-23 15:06:16.639  1795  3745 D ActivityManager: sync unfroze 26969 com.google.android.permissioncontroller
11-23 15:06:16.644  1795  3745 D ActivityManager: freezer override set to false
11-23 15:06:16.662  1011  1189 I ASH     : @ 95228.860: tcs3701: stop power rail pending_off timer
11-23 15:06:16.662  1011  1189 D ASH     : @ 95228.860: tcs3701: start power rail timer, state:3
11-23 15:06:16.702  1011  1189 I ASH     : @ 95228.900: tcs3701: stop power rail pending_off timer
11-23 15:06:16.702  1011  1189 D ASH     : @ 95228.900: tcs3701: start power rail timer, state:3
11-23 15:06:16.715  5238  5296 I BatteryMgr:DataCollectionService: stats => 1700748376715,12512,4444,13427,4169000,100
11-23 15:06:16.742  1011  1189 I ASH     : @ 95228.940: tcs3701: stop power rail pending_off timer
11-23 15:06:16.742  1011  1189 D ASH     : @ 95228.940: tcs3701: start power rail timer, state:3
11-23 15:06:16.783  1011  1189 I ASH     : @ 95228.980: tcs3701: stop power rail pending_off timer
11-23 15:06:16.783  1011  1189 D ASH     : @ 95228.980: tcs3701: start power rail timer, state:3
11-23 15:06:16.820  5238  5296 I BatteryMgr:DataCollectionService: stats => 1700748376820,12512,4444,13427,4169000,100
11-23 15:06:16.822  1011  1189 I ASH     : @ 95229.020: tcs3701: stop power rail pending_off timer
11-23 15:06:16.822  1011  1189 D ASH     : @ 95229.020: tcs3701: start power rail timer, state:3
11-23 15:06:16.862  1011  1189 I ASH     : @ 95229.060: tcs3701: stop power rail pending_off timer
11-23 15:06:16.862  1011  1189 D ASH     : @ 95229.060: tcs3701: start power rail timer, state:3
11-23 15:06:16.902  1011  1189 I ASH     : @ 95229.100: tcs3701: stop power rail pending_off timer
11-23 15:06:16.902  1011  1189 D ASH     : @ 95229.100: tcs3701: start power rail timer, state:3
11-23 15:06:16.924  5238  5296 I BatteryMgr:DataCollectionService: stats => 1700748376923,12512,4444,13427,4169000,100
11-23 15:06:16.942  1011  1189 I ASH     : @ 95229.140: tcs3701: stop power rail pending_off timer
11-23 15:06:16.942  1011  1189 D ASH     : @ 95229.140: tcs3701: start power rail timer, state:3
11-23 15:06:16.983  1011  1189 I ASH     : @ 95229.180: tcs3701: stop power rail pending_off timer
11-23 15:06:16.983  1011  1189 D ASH     : @ 95229.180: tcs3701: start power rail timer, state:3
11-23 15:06:17.022  1011  1189 I ASH     : @ 95229.220: tcs3701: stop power rail pending_off timer
11-23 15:06:17.022  1011  1189 D ASH     : @ 95229.220: tcs3701: start power rail timer, state:3
11-23 15:06:17.028  5238  5296 I BatteryMgr:DataCollectionService: stats => 1700748377028,12512,4444,13427,4169000,100
11-23 15:06:17.062  1011  1189 I ASH     : @ 95229.260: tcs3701: stop power rail pending_off timer
11-23 15:06:17.062  1011  1189 D ASH     : @ 95229.260: tcs3701: start power rail timer, state:3
11-23 15:06:17.102  1011  1189 I ASH     : @ 95229.300: tcs3701: stop power rail pending_off timer
11-23 15:06:17.102  1011  1189 D ASH     : @ 95229.300: tcs3701: start power rail timer, state:3
11-23 15:06:17.133  5238  5296 I BatteryMgr:DataCollectionService: stats => 1700748377133,12512,4444,13427,4169000,100
11-23 15:06:17.142  1011  1189 I ASH     : @ 95229.340: tcs3701: stop power rail pending_off timer
11-23 15:06:17.142  1011  1189 D ASH     : @ 95229.340: tcs3701: start power rail timer, state:3
11-23 15:06:17.182  1011  1189 I ASH     : @ 95229.380: tcs3701: stop power rail pending_off timer
11-23 15:06:17.182  1011  1189 D ASH     : @ 95229.380: tcs3701: start power rail timer, state:3
11-23 15:06:17.222  1011  1189 I ASH     : @ 95229.420: tcs3701: stop power rail pending_off timer
11-23 15:06:17.222  1011  1189 D ASH     : @ 95229.420: tcs3701: start power rail timer, state:3
11-23 15:06:17.237  5238  5296 I BatteryMgr:DataCollectionService: stats => 1700748377237,12512,4444,13427,4169000,100
11-23 15:06:17.262  1011  1189 I ASH     : @ 95229.460: tcs3701: stop power rail pending_off timer
11-23 15:06:17.263  1011  1189 D ASH     : @ 95229.460: tcs3701: start power rail timer, state:3
11-23 15:06:17.302  1011  1189 I ASH     : @ 95229.500: tcs3701: stop power rail pending_off timer
11-23 15:06:17.302  1011  1189 D ASH     : @ 95229.500: tcs3701: start power rail timer, state:3
11-23 15:06:17.341  5238  5296 I BatteryMgr:DataCollectionService: stats => 1700748377341,12512,4444,13427,4169000,100
11-23 15:06:17.342  1011  1189 I ASH     : @ 95229.540: tcs3701: stop power rail pending_off timer
11-23 15:06:17.342  1011  1189 D ASH     : @ 95229.540: tcs3701: start power rail timer, state:3
11-23 15:06:17.382  1011  1189 I ASH     : @ 95229.580: tcs3701: stop power rail pending_off timer
11-23 15:06:17.382  1011  1189 D ASH     : @ 95229.580: tcs3701: start power rail timer, state:3
11-23 15:06:17.408  1795  3745 D ActivityManager: freezer override set to true
11-23 15:06:17.422  1011  1189 I ASH     : @ 95229.620: tcs3701: stop power rail pending_off timer
11-23 15:06:17.422  1011  1189 D ASH     : @ 95229.620: tcs3701: start power rail timer, state:3
11-23 15:06:17.444  5238  5296 I BatteryMgr:DataCollectionService: stats => 1700748377444,12512,4444,13427,4169000,100
11-23 15:06:17.463  1011  1189 I ASH     : @ 95229.660: tcs3701: stop power rail pending_off timer
11-23 15:06:17.463  1011  1189 D ASH     : @ 95229.660: tcs3701: start power rail timer, state:3
11-23 15:06:17.503  1011  1189 I ASH     : @ 95229.700: tcs3701: stop power rail pending_off timer
11-23 15:06:17.503  1011  1189 D ASH     : @ 95229.700: tcs3701: start power rail timer, state:3
11-23 15:06:17.543  1011  1189 I ASH     : @ 95229.740: tcs3701: stop power rail pending_off timer
11-23 15:06:17.543  1011  1189 D ASH     : @ 95229.740: tcs3701: start power rail timer, state:3
11-23 15:06:17.548  5238  5296 I BatteryMgr:DataCollectionService: stats => 1700748377548,12512,4444,13427,4169000,100
11-23 15:06:17.582  1011  1189 I ASH     : @ 95229.780: tcs3701: stop power rail pending_off timer
11-23 15:06:17.582  1011  1189 D ASH     : @ 95229.780: tcs3701: start power rail timer, state:3
11-23 15:06:17.604  9451  9467 I m.chrome.canary: Explicit concurrent copying GC freed 3651(225KB) AllocSpace objects, 3(60KB) LOS objects, 75% free, 11MB/47MB, paused 104us,21us total 84.918ms
11-23 15:06:17.623  1011  1189 I ASH     : @ 95229.820: tcs3701: stop power rail pending_off timer
11-23 15:06:17.623  1011  1189 D ASH     : @ 95229.820: tcs3701: start power rail timer, state:3
11-23 15:06:17.654  5238  5296 I BatteryMgr:DataCollectionService: stats => 1700748377654,12512,4444,13427,4169000,100
11-23 15:06:17.662  1011  1189 I ASH     : @ 95229.860: tcs3701: stop power rail pending_off timer
11-23 15:06:17.662  1011  1189 D ASH     : @ 95229.860: tcs3701: start power rail timer, state:3
11-23 15:06:17.667  1795  4166 D ActivityManager: freezer override set to false
11-23 15:06:17.703  1011  1189 I ASH     : @ 95229.900: tcs3701: stop power rail pending_off timer
11-23 15:06:17.703  1011  1189 D ASH     : @ 95229.900: tcs3701: start power rail timer, state:3
11-23 15:06:17.713  1795  4166 D ActivityManager: freezer override set to true
11-23 15:06:17.716  1795  4166 D ActivityManager: freezer override set to false
11-23 15:06:17.735  1795  2424 D WifiClientModeImpl[13802:wlan0]: updateLinkLayerStatsRssiSpeedFrequencyCapabilities rssi=-50 TxLinkspeed=866 freq=5240 RxLinkSpeed=866
11-23 15:06:17.735  1795  2424 D WifiDataStall: tx tput in kbps: 751999
11-23 15:06:17.735  1795  2424 D WifiDataStall: rx tput in kbps: 791578
11-23 15:06:17.735  1795  2424 V WifiConfigManager: Updating scan detail cache freq=5240 BSSID=f4:6d:2f:12:cc:88 RSSI=-49 for "ourhome"WPA_PSK
11-23 15:06:17.735  1795  2424 D WifiChannelUtilization:  freq: 5240 onTime: 2847347 busyTime: 251652 onTimeDiff: 2847052 busyTimeDiff: 251635 utilization: 22 utilization t0: 22
11-23 15:06:17.736  1795  2424 D WifiDataStall:  ccaLevel = 22
11-23 15:06:17.736  1795  2424 D WifiDataStall: L2 txTputKbps: 751999, rxTputKbps: 791578, L3 txTputKbps: 0, rxTputKbps: 0, TxTrafficHigh: false, RxTrafficHigh: false, Throughput Sufficient: true
11-23 15:06:17.736  1795  2424 D WifiScoreReport: Wifi scoring disabled - Don't check IP layer
11-23 15:06:17.736  3213  6173 V WifiManager: OnWifiUsabilityStatsListener: onWifiUsabilityStats: seqNum=31432
11-23 15:06:17.736  1795  2424 D WifiScoreCard: BSSID update SIGNAL_POLL ID: 1320464697 SSID: "ourhome", BSSID: f4:6d:2f:12:cc:88, MAC: b2:2f:ec:da:4a:0c, IP: /192.168.1.104, Security type: 2, Supplicant state: COMPLETED, Wi-Fi standard: 5, RSSI: -50, Link speed: 866Mbps, Tx Link speed: 866Mbps, Max Supported Tx Link speed: 866Mbps, Rx Link speed: 866Mbps, Max Supported Rx Link speed: 866Mbps, Frequency: 5240MHz, Net ID: 12, Metered hint: false, score: 60, isUsable: true, CarrierMerged: false, SubscriptionId: -1, IsPrimary: 1, Trusted: true, Restricted: false, Ephemeral: false, OEM paid: false, OEM private: false, OSU AP: false, FQDN: <none>, Provider friendly name: <none>, Requesting package name: <none>"ourhome"wpa2-pskMLO Information: , Is TID-To-Link negotiation supported by the AP: false, AP MLD Address: <none>, AP MLO Link Id: <none>, AP MLO Affiliated links: <none>
11-23 15:06:17.736  1795  2424 D WifiScoreCard: txRate: 1 txSpeed: 866
11-23 15:06:17.736  1795  2424 D WifiScoreCard: network update SIGNAL_POLL "ourhome" ID: 1499892569 RSSI -50 txSpeed -1
11-23 15:06:17.736  2513 11659 V WifiManager: TrafficStateCallbackProxy: onStateChanged state=0
11-23 15:06:17.736  1795  2424 D WifiClientModeImpl[13802:wlan0]:  ClientModeImpl$L2ConnectedState screen=on 17 0 "ourhome" f4:6d:2f:12:cc:88 rssi=-50 f=5240 sc=60 link=866 tx=0.2, 0.0, 0.0 rx=0.1 bcn=910866 [on:0 tx:0 rx:0 period:3016] from screen [on:179162 period:5011230] score=60
11-23 15:06:17.736  1795  4166 I WifiService: updateWifiUsabilityScore uid=10180 seqNum=31432 score=100 predictionHorizonSec=1441795
11-23 15:06:17.737  1795  2424 D WifiScoreReport: Wifi scoring disabled - Notify that Wifi is usable
11-23 15:06:17.739  1795  2432 D ConnectivityService: NetReassign [no changes] [c 0] [a 0] [i 2]
11-23 15:06:17.742  1011  1189 I ASH     : @ 95229.940: tcs3701: stop power rail pending_off timer
11-23 15:06:17.742  1011  1189 D ASH     : @ 95229.940: tcs3701: start power rail timer, state:3
11-23 15:06:17.758  5238  5296 I BatteryMgr:DataCollectionService: stats => 1700748377758,12512,4444,13427,4169000,100
11-23 15:06:17.782  1011  1189 I ASH     : @ 95229.980: tcs3701: stop power rail pending_off timer
11-23 15:06:17.783  1011  1189 D ASH     : @ 95229.980: tcs3701: start power rail timer, state:3
11-23 15:06:17.822  1011  1189 I ASH     : @ 95230.020: tcs3701: stop power rail pending_off timer
11-23 15:06:17.822  1011  1189 D ASH     : @ 95230.020: tcs3701: start power rail timer, state:3
11-23 15:06:17.862  5238  5296 I BatteryMgr:DataCollectionService: stats => 1700748377862,12512,4444,13427,4169000,100
11-23 15:06:17.863  1011  1189 I ASH     : @ 95230.060: tcs3701: stop power rail pending_off timer
11-23 15:06:17.863  1011  1189 D ASH     : @ 95230.060: tcs3701: start power rail timer, state:3
11-23 15:06:17.902  1011  1189 I ASH     : @ 95230.100: tcs3701: stop power rail pending_off timer
11-23 15:06:17.902  1011  1189 D ASH     : @ 95230.100: tcs3701: start power rail timer, state:3
11-23 15:06:17.942  1011  1189 I ASH     : @ 95230.140: tcs3701: stop power rail pending_off timer
11-23 15:06:17.942  1011  1189 D ASH     : @ 95230.140: tcs3701: start power rail timer, state:3
11-23 15:06:17.967  5238  5296 I BatteryMgr:DataCollectionService: stats => 1700748377967,12512,4444,13427,4169000,100
11-23 15:06:17.982  1011  1189 I ASH     : @ 95230.180: tcs3701: stop power rail pending_off timer
11-23 15:06:17.982  1011  1189 D ASH     : @ 95230.180: tcs3701: start power rail timer, state:3
11-23 15:06:18.020  1039  1095 D rlsservice: MonitorDisplayStatus client num 0, display status 1, sensor status 0
11-23 15:06:18.022  1011  1189 I ASH     : @ 95230.220: tcs3701: stop power rail pending_off timer
11-23 15:06:18.022  1011  1189 D ASH     : @ 95230.220: tcs3701: start power rail timer, state:3
11-23 15:06:18.063  1011  1189 I ASH     : @ 95230.260: tcs3701: stop power rail pending_off timer
11-23 15:06:18.063  1011  1189 D ASH     : @ 95230.260: tcs3701: start power rail timer, state:3
11-23 15:06:18.071  5238  5296 I BatteryMgr:DataCollectionService: stats => 1700748378071,12512,4444,13427,4169000,100
11-23 15:06:18.102  1011  1189 I ASH     : @ 95230.300: tcs3701: stop power rail pending_off timer
11-23 15:06:18.102  1011  1189 D ASH     : @ 95230.300: tcs3701: start power rail timer, state:3
11-23 15:06:18.142  1011  1189 I ASH     : @ 95230.340: tcs3701: stop power rail pending_off timer
11-23 15:06:18.142  1011  1189 D ASH     : @ 95230.340: tcs3701: start power rail timer, state:3
11-23 15:06:18.175  5238  5296 I BatteryMgr:DataCollectionService: stats => 1700748378175,12512,4444,13427,4169000,100
11-23 15:06:18.182  1011  1189 I ASH     : @ 95230.380: tcs3701: stop power rail pending_off timer
11-23 15:06:18.182  1011  1189 D ASH     : @ 95230.380: tcs3701: start power rail timer, state:3
11-23 15:06:18.222  1011  1189 I ASH     : @ 95230.420: tcs3701: stop power rail pending_off timer
11-23 15:06:18.222  1011  1189 D ASH     : @ 95230.420: tcs3701: start power rail timer, state:3
11-23 15:06:18.263  1011  1189 I ASH     : @ 95230.460: tcs3701: stop power rail pending_off timer
11-23 15:06:18.263  1011  1189 D ASH     : @ 95230.460: tcs3701: start power rail timer, state:3
11-23 15:06:18.280  5238  5296 I BatteryMgr:DataCollectionService: stats => 1700748378280,12512,4444,13427,4169000,100
11-23 15:06:18.302  1011  1189 I ASH     : @ 95230.500: tcs3701: stop power rail pending_off timer
11-23 15:06:18.302  1011  1189 D ASH     : @ 95230.500: tcs3701: start power rail timer, state:3
11-23 15:06:18.342  1011  1189 I ASH     : @ 95230.540: tcs3701: stop power rail pending_off timer
11-23 15:06:18.342  1011  1189 D ASH     : @ 95230.540: tcs3701: start power rail timer, state:3
11-23 15:06:18.382  1011  1189 I ASH     : @ 95230.580: tcs3701: stop power rail pending_off timer
11-23 15:06:18.382  1011  1189 D ASH     : @ 95230.580: tcs3701: start power rail timer, state:3
11-23 15:06:18.383  5238  5296 I BatteryMgr:DataCollectionService: stats => 1700748378383,12512,4444,13427,4169000,100
11-23 15:06:18.422  1011  1189 I ASH     : @ 95230.620: tcs3701: stop power rail pending_off timer
11-23 15:06:18.422  1011  1189 D ASH     : @ 95230.620: tcs3701: start power rail timer, state:3
11-23 15:06:18.463  1011  1189 I ASH     : @ 95230.660: tcs3701: stop power rail pending_off timer
11-23 15:06:18.463  1011  1189 D ASH     : @ 95230.660: tcs3701: start power rail timer, state:3
11-23 15:06:18.477  2113  2118 I pixel-thermal: skin-therm-monitor: 37.473
11-23 15:06:18.487  5238  5296 I BatteryMgr:DataCollectionService: stats => 1700748378487,12512,4444,13427,4169000,100
11-23 15:06:18.502  1011  1189 I ASH     : @ 95230.700: tcs3701: stop power rail pending_off timer
11-23 15:06:18.502  1011  1189 D ASH     : @ 95230.700: tcs3701: start power rail timer, state:3
11-23 15:06:18.542  1011  1189 I ASH     : @ 95230.740: tcs3701: stop power rail pending_off timer
11-23 15:06:18.542  1011  1189 D ASH     : @ 95230.740: tcs3701: start power rail timer, state:3
11-23 15:06:18.582  1011  1189 I ASH     : @ 95230.780: tcs3701: stop power rail pending_off timer
11-23 15:06:18.582  1011  1189 D ASH     : @ 95230.780: tcs3701: start power rail timer, state:3
11-23 15:06:18.591  5238  5296 I BatteryMgr:DataCollectionService: stats => 1700748378591,12512,4444,13427,4169000,100
11-23 15:06:18.622  1011  1189 I ASH     : @ 95230.820: tcs3701: stop power rail pending_off timer
11-23 15:06:18.622  1011  1189 D ASH     : @ 95230.820: tcs3701: start power rail timer, state:3
11-23 15:06:18.663  1011  1189 I ASH     : @ 95230.860: tcs3701: stop power rail pending_off timer
11-23 15:06:18.663  1011  1189 D ASH     : @ 95230.860: tcs3701: start power rail timer, state:3
11-23 15:06:18.668  1795  3745 D ActivityManager: freezer override set to true
11-23 15:06:18.672  1795  3745 D ActivityManager: freezer override set to false
11-23 15:06:18.695  5238  5296 I BatteryMgr:DataCollectionService: stats => 1700748378695,12512,4444,13427,4169000,100
11-23 15:06:18.702  1011  1189 I ASH     : @ 95230.900: tcs3701: stop power rail pending_off timer
11-23 15:06:18.702  1011  1189 D ASH     : @ 95230.900: tcs3701: start power rail timer, state:3
11-23 15:06:18.742  1011  1189 I ASH     : @ 95230.940: tcs3701: stop power rail pending_off timer
11-23 15:06:18.742  1011  1189 D ASH     : @ 95230.940: tcs3701: start power rail timer, state:3
11-23 15:06:18.782  1011  1189 I ASH     : @ 95230.980: tcs3701: stop power rail pending_off timer
11-23 15:06:18.782  1011  1189 D ASH     : @ 95230.980: tcs3701: start power rail timer, state:3
11-23 15:06:18.799  5238  5296 I BatteryMgr:DataCollectionService: stats => 1700748378799,12512,4444,13427,4169000,100
11-23 15:06:18.825  1011  1189 I ASH     : @ 95231.020: tcs3701: stop power rail pending_off timer
11-23 15:06:18.825  1011  1189 D ASH     : @ 95231.020: tcs3701: start power rail timer, state:3
11-23 15:06:18.862  1011  1189 I ASH     : @ 95231.060: tcs3701: stop power rail pending_off timer
11-23 15:06:18.862  1011  1189 D ASH     : @ 95231.060: tcs3701: start power rail timer, state:3
11-23 15:06:18.863  1795  3745 D ActivityManager: freezer override set to true
11-23 15:06:18.902  1011  1189 I ASH     : @ 95231.100: tcs3701: stop power rail pending_off timer
11-23 15:06:18.902  1011  1189 D ASH     : @ 95231.100: tcs3701: start power rail timer, state:3
11-23 15:06:18.903  5238  5296 I BatteryMgr:DataCollectionService: stats => 1700748378903,12512,4444,13427,4169000,100
11-23 15:06:18.942  1011  1189 I ASH     : @ 95231.140: tcs3701: stop power rail pending_off timer
11-23 15:06:18.942  1011  1189 D ASH     : @ 95231.140: tcs3701: start power rail timer, state:3
11-23 15:06:18.946  9451  9467 I m.chrome.canary: Explicit concurrent copying GC freed 3804(191KB) AllocSpace objects, 4(80KB) LOS objects, 75% free, 11MB/47MB, paused 36us,32us total 49.036ms
11-23 15:06:18.982  1011  1189 I ASH     : @ 95231.180: tcs3701: stop power rail pending_off timer
11-23 15:06:18.982  1011  1189 D ASH     : @ 95231.180: tcs3701: start power rail timer, state:3
11-23 15:06:19.007  1795  3745 D ActivityManager: freezer override set to false
11-23 15:06:19.008  5238  5296 I BatteryMgr:DataCollectionService: stats => 1700748379008,12512,4444,13427,4169000,100
11-23 15:06:19.022  1011  1189 I ASH     : @ 95231.220: tcs3701: stop power rail pending_off timer
11-23 15:06:19.022  1011  1189 D ASH     : @ 95231.220: tcs3701: start power rail timer, state:3
11-23 15:06:19.062  1011  1189 I ASH     : @ 95231.260: tcs3701: stop power rail pending_off timer
11-23 15:06:19.062  1011  1189 D ASH     : @ 95231.260: tcs3701: start power rail timer, state:3
11-23 15:06:19.070  1795  4166 D ActivityManager: freezer override set to true
11-23 15:06:19.072  1795  4166 D ActivityManager: freezer override set to false
11-23 15:06:19.102  1011  1189 I ASH     : @ 95231.300: tcs3701: stop power rail pending_off timer
11-23 15:06:19.102  1011  1189 D ASH     : @ 95231.300: tcs3701: start power rail timer, state:3
11-23 15:06:19.113  5238  5296 I BatteryMgr:DataCollectionService: stats => 1700748379113,12512,4444,13427,4169000,100
11-23 15:06:19.143  1011  1189 I ASH     : @ 95231.340: tcs3701: stop power rail pending_off timer
11-23 15:06:19.143  1011  1189 D ASH     : @ 95231.340: tcs3701: start power rail timer, state:3
11-23 15:06:19.182  1011  1189 I ASH     : @ 95231.380: tcs3701: stop power rail pending_off timer
11-23 15:06:19.182  1011  1189 D ASH     : @ 95231.380: tcs3701: start power rail timer, state:3
11-23 15:06:19.217  5238  5296 I BatteryMgr:DataCollectionService: stats => 1700748379217,12512,4444,13427,4169000,100
11-23 15:06:19.222  1011  1189 I ASH     : @ 95231.420: tcs3701: stop power rail pending_off timer
11-23 15:06:19.222  1011  1189 D ASH     : @ 95231.420: tcs3701: start power rail timer, state:3
11-23 15:06:19.264  1011  1189 I ASH     : @ 95231.460: tcs3701: stop power rail pending_off timer
11-23 15:06:19.264  1011  1189 D ASH     : @ 95231.460: tcs3701: start power rail timer, state:3
11-23 15:06:19.302  1011  1189 I ASH     : @ 95231.500: tcs3701: stop power rail pending_off timer
11-23 15:06:19.302  1011  1189 D ASH     : @ 95231.500: tcs3701: start power rail timer, state:3
11-23 15:06:19.322  5238  5296 I BatteryMgr:DataCollectionService: stats => 1700748379322,12512,4444,13427,4169000,100
11-23 15:06:19.343  1011  1189 I ASH     : @ 95231.540: tcs3701: stop power rail pending_off timer
11-23 15:06:19.343  1011  1189 D ASH     : @ 95231.540: tcs3701: start power rail timer, state:3
11-23 15:06:19.382  1011  1189 I ASH     : @ 95231.580: tcs3701: stop power rail pending_off timer
11-23 15:06:19.382  1011  1189 D ASH     : @ 95231.580: tcs3701: start power rail timer, state:3
11-23 15:06:19.422  1011  1189 I ASH     : @ 95231.620: tcs3701: stop power rail pending_off timer
11-23 15:06:19.422  1011  1189 D ASH     : @ 95231.620: tcs3701: start power rail timer, state:3
11-23 15:06:19.427  5238  5296 I BatteryMgr:DataCollectionService: stats => 1700748379427,12512,4444,13427,4169000,100
11-23 15:06:19.462  1011  1189 I ASH     : @ 95231.660: tcs3701: stop power rail pending_off timer
11-23 15:06:19.462  1011  1189 D ASH     : @ 95231.660: tcs3701: start power rail timer, state:3
11-23 15:06:19.502  1011  1189 I ASH     : @ 95231.700: tcs3701: stop power rail pending_off timer
11-23 15:06:19.502  1011  1189 D ASH     : @ 95231.700: tcs3701: start power rail timer, state:3
11-23 15:06:19.532  5238  5296 I BatteryMgr:DataCollectionService: stats => 1700748379532,12512,4444,13427,4169000,100
11-23 15:06:19.542  1011  1189 I ASH     : @ 95231.740: tcs3701: stop power rail pending_off timer
11-23 15:06:19.542  1011  1189 D ASH     : @ 95231.740: tcs3701: start power rail timer, state:3
11-23 15:06:19.582  1011  1189 I ASH     : @ 95231.780: tcs3701: stop power rail pending_off timer
11-23 15:06:19.582  1011  1189 D ASH     : @ 95231.780: tcs3701: start power rail timer, state:3
11-23 15:06:19.622  1011  1189 I ASH     : @ 95231.820: tcs3701: stop power rail pending_off timer
11-23 15:06:19.622  1011  1189 D ASH     : @ 95231.820: tcs3701: start power rail timer, state:3
11-23 15:06:19.627  1411  1514 D Diag_Lib: diag: In log_to_device, File count reached max file num 50 so deleting oldest file
11-23 15:06:19.630  1411  1514 D Diag_Lib: diag: In delete_log, Deleting logfile /data/vendor/radio/diag_logs/logs/diag_log_20231123_1417491700745469227.qmdl2 of size 5180 KB
11-23 15:06:19.631  1411  1514 D Diag_Lib:  creating new file /data/vendor/radio/diag_logs/logs/diag_log_20231123_1506191700748379630.qmdl2 
11-23 15:06:19.640  5238  5296 I BatteryMgr:DataCollectionService: stats => 1700748379640,12512,4444,13427,4169000,100
11-23 15:06:19.647  1795  4166 D ActivityManager: freezer override set to true
11-23 15:06:19.652  1795  4166 D ActivityManager: freezer override set to false
11-23 15:06:19.662  1011  1189 I ASH     : @ 95231.860: tcs3701: stop power rail pending_off timer
11-23 15:06:19.662  1011  1189 D ASH     : @ 95231.860: tcs3701: start power rail timer, state:3
11-23 15:06:19.702  1011  1189 I ASH     : @ 95231.900: tcs3701: stop power rail pending_off timer
11-23 15:06:19.702  1011  1189 D ASH     : @ 95231.900: tcs3701: start power rail timer, state:3
11-23 15:06:19.743  1011  1189 I ASH     : @ 95231.940: tcs3701: stop power rail pending_off timer
11-23 15:06:19.743  1011  1189 D ASH     : @ 95231.940: tcs3701: start power rail timer, state:3
11-23 15:06:19.745  5238  5296 I BatteryMgr:DataCollectionService: stats => 1700748379745,12512,4444,13427,4169000,100
11-23 15:06:19.782  1011  1189 I ASH     : @ 95231.980: tcs3701: stop power rail pending_off timer
11-23 15:06:19.782  1011  1189 D ASH     : @ 95231.980: tcs3701: start power rail timer, state:3
11-23 15:06:19.822  1011  1189 I ASH     : @ 95232.020: tcs3701: stop power rail pending_off timer
11-23 15:06:19.822  1011  1189 D ASH     : @ 95232.020: tcs3701: start power rail timer, state:3
11-23 15:06:19.851  5238  5296 I BatteryMgr:DataCollectionService: stats => 1700748379851,12512,4444,13427,4169000,100
11-23 15:06:19.862  1011  1189 I ASH     : @ 95232.060: tcs3701: stop power rail pending_off timer
11-23 15:06:19.862  1011  1189 D ASH     : @ 95232.060: tcs3701: start power rail timer, state:3
11-23 15:06:19.902  1011  1189 I ASH     : @ 95232.100: tcs3701: stop power rail pending_off timer
11-23 15:06:19.902  1011  1189 D ASH     : @ 95232.100: tcs3701: start power rail timer, state:3
11-23 15:06:19.942  1011  1189 I ASH     : @ 95232.140: tcs3701: stop power rail pending_off timer
11-23 15:06:19.942  1011  1189 D ASH     : @ 95232.140: tcs3701: start power rail timer, state:3
11-23 15:06:19.959  5238  5296 I BatteryMgr:DataCollectionService: stats => 1700748379959,12512,4444,13427,4169000,100
11-23 15:06:19.982  1011  1189 I ASH     : @ 95232.180: tcs3701: stop power rail pending_off timer
11-23 15:06:19.982  1011  1189 D ASH     : @ 95232.180: tcs3701: start power rail timer, state:3
11-23 15:06:20.023  1011  1189 I ASH     : @ 95232.220: tcs3701: stop power rail pending_off timer
11-23 15:06:20.023  1011  1189 D ASH     : @ 95232.220: tcs3701: start power rail timer, state:3
11-23 15:06:20.062  1011  1189 I ASH     : @ 95232.260: tcs3701: stop power rail pending_off timer
11-23 15:06:20.062  1011  1189 D ASH     : @ 95232.260: tcs3701: start power rail timer, state:3
11-23 15:06:20.065  5238  5296 I BatteryMgr:DataCollectionService: stats => 1700748380065,12512,4444,13427,4169000,100
11-23 15:06:20.102  1011  1189 I ASH     : @ 95232.300: tcs3701: stop power rail pending_off timer
11-23 15:06:20.102  1011  1189 D ASH     : @ 95232.300: tcs3701: start power rail timer, state:3
11-23 15:06:20.143  1011  1189 I ASH     : @ 95232.340: tcs3701: stop power rail pending_off timer
11-23 15:06:20.143  1011  1189 D ASH     : @ 95232.340: tcs3701: start power rail timer, state:3
11-23 15:06:20.169  5238  5296 I BatteryMgr:DataCollectionService: stats => 1700748380169,12512,4444,13427,4169000,100
11-23 15:06:20.182  1011  1189 I ASH     : @ 95232.380: tcs3701: stop power rail pending_off timer
11-23 15:06:20.182  1011  1189 D ASH     : @ 95232.380: tcs3701: start power rail timer, state:3
11-23 15:06:20.222  1011  1189 I ASH     : @ 95232.420: tcs3701: stop power rail pending_off timer
11-23 15:06:20.222  1011  1189 D ASH     : @ 95232.420: tcs3701: start power rail timer, state:3
11-23 15:06:20.227  1795  4166 D ActivityManager: freezer override set to true
11-23 15:06:20.262  1011  1189 I ASH     : @ 95232.460: tcs3701: stop power rail pending_off timer
11-23 15:06:20.262  1011  1189 D ASH     : @ 95232.460: tcs3701: start power rail timer, state:3
11-23 15:06:20.272  5238  5296 I BatteryMgr:DataCollectionService: stats => 1700748380272,12512,4444,13427,4169000,100
11-23 15:06:20.302  1011  1189 I ASH     : @ 95232.500: tcs3701: stop power rail pending_off timer
11-23 15:06:20.302  1011  1189 D ASH     : @ 95232.500: tcs3701: start power rail timer, state:3
11-23 15:06:20.342  1011  1189 I ASH     : @ 95232.540: tcs3701: stop power rail pending_off timer
11-23 15:06:20.342  1011  1189 D ASH     : @ 95232.540: tcs3701: start power rail timer, state:3
11-23 15:06:20.347  9451  9467 I m.chrome.canary: Explicit concurrent copying GC freed 3596(176KB) AllocSpace objects, 3(60KB) LOS objects, 75% free, 11MB/47MB, paused 29us,22us total 40.145ms
11-23 15:06:20.376  5238  5296 I BatteryMgr:DataCollectionService: stats => 1700748380376,12512,4444,13427,4169000,100
11-23 15:06:20.382  1011  1189 I ASH     : @ 95232.580: tcs3701: stop power rail pending_off timer
11-23 15:06:20.382  1011  1189 D ASH     : @ 95232.580: tcs3701: start power rail timer, state:3
11-23 15:06:20.397  1795  4166 D ActivityManager: freezer override set to false
11-23 15:06:20.422  1011  1189 I ASH     : @ 95232.620: tcs3701: stop power rail pending_off timer
11-23 15:06:20.422  1011  1189 D ASH     : @ 95232.620: tcs3701: start power rail timer, state:3
11-23 15:06:20.436  1795  4166 D ActivityManager: freezer override set to true
11-23 15:06:20.440  1795  4166 D ActivityManager: freezer override set to false
11-23 15:06:20.463  1011  1189 I ASH     : @ 95232.660: tcs3701: stop power rail pending_off timer
11-23 15:06:20.463  1011  1189 D ASH     : @ 95232.660: tcs3701: start power rail timer, state:3
11-23 15:06:20.480  2113  2118 I pixel-thermal: skin-therm-monitor: 37.49
11-23 15:06:20.482  5238  5296 I BatteryMgr:DataCollectionService: stats => 1700748380482,12512,4444,13427,4169000,100
11-23 15:06:20.502  1011  1189 I ASH     : @ 95232.700: tcs3701: stop power rail pending_off timer
11-23 15:06:20.502  1011  1189 D ASH     : @ 95232.700: tcs3701: start power rail timer, state:3
11-23 15:06:20.542  1011  1189 I ASH     : @ 95232.740: tcs3701: stop power rail pending_off timer
11-23 15:06:20.542  1011  1189 D ASH     : @ 95232.740: tcs3701: start power rail timer, state:3
11-23 15:06:20.582  1011  1189 I ASH     : @ 95232.780: tcs3701: stop power rail pending_off timer
11-23 15:06:20.582  1011  1189 D ASH     : @ 95232.780: tcs3701: start power rail timer, state:3
11-23 15:06:20.587  5238  5296 I BatteryMgr:DataCollectionService: stats => 1700748380587,12512,4444,13427,4169000,100
11-23 15:06:20.623  1011  1189 I ASH     : @ 95232.820: tcs3701: stop power rail pending_off timer
11-23 15:06:20.623  1011  1189 D ASH     : @ 95232.820: tcs3701: start power rail timer, state:3
11-23 15:06:20.657  1795  4166 D ActivityManager: freezer override set to true
11-23 15:06:20.661  1795  4166 D ActivityManager: freezer override set to false
11-23 15:06:20.662  1011  1189 I ASH     : @ 95232.860: tcs3701: stop power rail pending_off timer
11-23 15:06:20.662  1011  1189 D ASH     : @ 95232.860: tcs3701: start power rail timer, state:3
11-23 15:06:20.693  5238  5296 I BatteryMgr:DataCollectionService: stats => 1700748380693,12512,4444,13427,4169000,100
11-23 15:06:20.702  1011  1189 I ASH     : @ 95232.900: tcs3701: stop power rail pending_off timer
11-23 15:06:20.702  1011  1189 D ASH     : @ 95232.900: tcs3701: start power rail timer, state:3
11-23 15:06:20.742  1011  1189 I ASH     : @ 95232.940: tcs3701: stop power rail pending_off timer
11-23 15:06:20.742  1011  1189 D ASH     : @ 95232.940: tcs3701: start power rail timer, state:3
11-23 15:06:20.750  1795  2424 D WifiClientModeImpl[13802:wlan0]: updateLinkLayerStatsRssiSpeedFrequencyCapabilities rssi=-50 TxLinkspeed=866 freq=5240 RxLinkSpeed=866
11-23 15:06:20.750  1795  2424 D WifiDataStall: tx tput in kbps: 751999
11-23 15:06:20.750  1795  2424 D WifiDataStall: rx tput in kbps: 791578
11-23 15:06:20.750  1795  2424 V WifiConfigManager: Updating scan detail cache freq=5240 BSSID=f4:6d:2f:12:cc:88 RSSI=-49 for "ourhome"WPA_PSK
11-23 15:06:20.750  1795  2424 D WifiChannelUtilization:  freq: 5240 onTime: 2847347 busyTime: 251652 onTimeDiff: 2847052 busyTimeDiff: 251635 utilization: 22 utilization t0: 22
11-23 15:06:20.750  1795  2424 D WifiDataStall:  ccaLevel = 22
