11-23 14:58:18.281  1795  2424 D WifiScoreCard: BSSID update SIGNAL_POLL ID: 1320464697 SSID: "ourhome", BSSID: f4:6d:2f:12:cc:88, MAC: b2:2f:ec:da:4a:0c, IP: /192.168.1.104, Security type: 2, Supplicant state: COMPLETED, Wi-Fi standard: 5, RSSI: -50, Link speed: 780Mbps, Tx Link speed: 780Mbps, Max Supported Tx Link speed: 866Mbps, Rx Link speed: 866Mbps, Max Supported Rx Link speed: 866Mbps, Frequency: 5240MHz, Net ID: 12, Metered hint: false, score: 60, isUsable: true, CarrierMerged: false, SubscriptionId: -1, IsPrimary: 1, Trusted: true, Restricted: false, Ephemeral: false, OEM paid: false, OEM private: false, OSU AP: false, FQDN: <none>, Provider friendly name: <none>, Requesting package name: <none>"ourhome"wpa2-pskMLO Information: , Is TID-To-Link negotiation supported by the AP: false, AP MLD Address: <none>, AP MLO Link Id: <none>, AP MLO Affiliated links: <none>
11-23 14:58:18.281  1795  2424 D WifiScoreCard: txRate: 184 txSpeed: 780
11-23 14:58:18.282  1795  3745 I WifiService: updateWifiUsabilityScore uid=10180 seqNum=31273 score=100 predictionHorizonSec=1441795
11-23 14:58:18.288  1795  2424 D WifiScoreCard: network update SIGNAL_POLL "ourhome" ID: 1499892569 RSSI -50 txSpeed 780
11-23 14:58:18.290  1795  2424 D WifiClientModeImpl[13802:wlan0]:  ClientModeImpl$L2ConnectedState screen=on 17 0 "ourhome" f4:6d:2f:12:cc:88 rssi=-50 f=5240 sc=60 link=780 tx=167.2, 16.4, 0.0 rx=571.2 bcn=906193 [on:1068 tx:32 rx:32 period:3021] from screen [on:161305 period:4531784] score=60
11-23 14:58:18.292  1795  2424 D WifiScoreReport: Wifi scoring disabled - Notify that Wifi is usable
11-23 14:58:18.295  1795  2432 D ConnectivityService: NetReassign [no changes] [c 0] [a 0] [i 2]
11-23 14:58:18.302  1011  1189 I ASH     : @ 94750.500: tcs3701: stop power rail pending_off timer
11-23 14:58:18.302  1011  1189 D ASH     : @ 94750.500: tcs3701: start power rail timer, state:3
11-23 14:58:18.342  1011  1189 I ASH     : @ 94750.540: tcs3701: stop power rail pending_off timer
11-23 14:58:18.342  1011  1189 D ASH     : @ 94750.540: tcs3701: start power rail timer, state:3
11-23 14:58:18.344  5238  5295 I BatteryMgr:DataCollectionService: stats => 1700747898344,8850,4444,13427,4169000,100
11-23 14:58:18.382  1011  1189 I ASH     : @ 94750.580: tcs3701: stop power rail pending_off timer
11-23 14:58:18.382  1011  1189 D ASH     : @ 94750.580: tcs3701: start power rail timer, state:3
11-23 14:58:18.422  1011  1189 I ASH     : @ 94750.620: tcs3701: stop power rail pending_off timer
11-23 14:58:18.422  1011  1189 D ASH     : @ 94750.620: tcs3701: start power rail timer, state:3
11-23 14:58:18.448  5238  5295 I BatteryMgr:DataCollectionService: stats => 1700747898448,8850,4444,13427,4169000,100
11-23 14:58:18.462  1011  1189 I ASH     : @ 94750.660: tcs3701: stop power rail pending_off timer
11-23 14:58:18.462  1011  1189 D ASH     : @ 94750.660: tcs3701: start power rail timer, state:3
11-23 14:58:18.502  1011  1189 I ASH     : @ 94750.700: tcs3701: stop power rail pending_off timer
11-23 14:58:18.502  1011  1189 D ASH     : @ 94750.700: tcs3701: start power rail timer, state:3
11-23 14:58:18.543  1011  1189 I ASH     : @ 94750.740: tcs3701: stop power rail pending_off timer
11-23 14:58:18.543  1011  1189 D ASH     : @ 94750.740: tcs3701: start power rail timer, state:3
11-23 14:58:18.552  3845  3845 D BoundBrokerSvc: onUnbind: Intent { act=com.google.android.gms.chimera.container.moduleinstall.ModuleInstallService.START dat=chimera-action:/... cmp=com.google.android.gms/.chimera.GmsApiService }
11-23 14:58:18.560  5238  5295 I BatteryMgr:DataCollectionService: stats => 1700747898560,8850,4444,13427,4169000,100
11-23 14:58:18.582  1011  1189 I ASH     : @ 94750.780: tcs3701: stop power rail pending_off timer
11-23 14:58:18.582  1011  1189 D ASH     : @ 94750.780: tcs3701: start power rail timer, state:3
11-23 14:58:18.622  1011  1189 I ASH     : @ 94750.820: tcs3701: stop power rail pending_off timer
11-23 14:58:18.622  1011  1189 D ASH     : @ 94750.820: tcs3701: start power rail timer, state:3
11-23 14:58:18.663  1011  1189 I ASH     : @ 94750.860: tcs3701: stop power rail pending_off timer
11-23 14:58:18.663  1011  1189 D ASH     : @ 94750.860: tcs3701: start power rail timer, state:3
11-23 14:58:18.666  5238  5295 I BatteryMgr:DataCollectionService: stats => 1700747898666,8850,4444,13427,4169000,100
11-23 14:58:18.702  1011  1189 I ASH     : @ 94750.900: tcs3701: stop power rail pending_off timer
11-23 14:58:18.702  1011  1189 D ASH     : @ 94750.900: tcs3701: start power rail timer, state:3
11-23 14:58:18.731  1795  1853 D ActivityManager: freezer override set to true
11-23 14:58:18.742  1011  1189 I ASH     : @ 94750.940: tcs3701: stop power rail pending_off timer
11-23 14:58:18.742  1011  1189 D ASH     : @ 94750.940: tcs3701: start power rail timer, state:3
11-23 14:58:18.771  5238  5295 I BatteryMgr:DataCollectionService: stats => 1700747898771,8850,4444,13427,4169000,100
11-23 14:58:18.783  1011  1189 I ASH     : @ 94750.980: tcs3701: stop power rail pending_off timer
11-23 14:58:18.783  1011  1189 D ASH     : @ 94750.980: tcs3701: start power rail timer, state:3
11-23 14:58:18.822  1011  1189 I ASH     : @ 94751.020: tcs3701: stop power rail pending_off timer
11-23 14:58:18.822  1011  1189 D ASH     : @ 94751.020: tcs3701: start power rail timer, state:3
11-23 14:58:18.831 29838 29852 I m.chrome.canary: Explicit concurrent copying GC freed 3616(176KB) AllocSpace objects, 3(60KB) LOS objects, 75% free, 12MB/48MB, paused 109us,24us total 54.802ms
11-23 14:58:18.862  1011  1189 I ASH     : @ 94751.060: tcs3701: stop power rail pending_off timer
11-23 14:58:18.862  1011  1189 D ASH     : @ 94751.060: tcs3701: start power rail timer, state:3
11-23 14:58:18.879  5238  5295 I BatteryMgr:DataCollectionService: stats => 1700747898879,8850,4444,13427,4169000,100
11-23 14:58:18.882  1795  1853 D ActivityManager: freezer override set to false
11-23 14:58:18.902  1011  1189 I ASH     : @ 94751.100: tcs3701: stop power rail pending_off timer
11-23 14:58:18.902  1011  1189 D ASH     : @ 94751.100: tcs3701: start power rail timer, state:3
11-23 14:58:18.942  1795  1853 D ActivityManager: freezer override set to true
11-23 14:58:18.942  1011  1189 I ASH     : @ 94751.140: tcs3701: stop power rail pending_off timer
11-23 14:58:18.942  1011  1189 D ASH     : @ 94751.140: tcs3701: start power rail timer, state:3
11-23 14:58:18.945  1795  1853 D ActivityManager: freezer override set to false
11-23 14:58:18.969  1795  1853 D ActivityManager: freezer override set to true
11-23 14:58:18.976  1795  1853 D ActivityManager: freezer override set to false
11-23 14:58:18.983  1011  1189 I ASH     : @ 94751.180: tcs3701: stop power rail pending_off timer
11-23 14:58:18.983  1011  1189 D ASH     : @ 94751.180: tcs3701: start power rail timer, state:3
11-23 14:58:18.989  5238  5295 I BatteryMgr:DataCollectionService: stats => 1700747898989,8850,4444,13427,4169000,100
11-23 14:58:19.022  1011  1189 I ASH     : @ 94751.220: tcs3701: stop power rail pending_off timer
11-23 14:58:19.022  1011  1189 D ASH     : @ 94751.220: tcs3701: start power rail timer, state:3
11-23 14:58:19.062  1011  1189 I ASH     : @ 94751.260: tcs3701: stop power rail pending_off timer
11-23 14:58:19.062  1011  1189 D ASH     : @ 94751.260: tcs3701: start power rail timer, state:3
11-23 14:58:19.093  5238  5295 I BatteryMgr:DataCollectionService: stats => 1700747899093,8850,4444,13427,4169000,100
11-23 14:58:19.102  1011  1189 I ASH     : @ 94751.300: tcs3701: stop power rail pending_off timer
11-23 14:58:19.102  1011  1189 D ASH     : @ 94751.300: tcs3701: start power rail timer, state:3
11-23 14:58:19.142  1011  1189 I ASH     : @ 94751.340: tcs3701: stop power rail pending_off timer
11-23 14:58:19.142  1011  1189 D ASH     : @ 94751.340: tcs3701: start power rail timer, state:3
11-23 14:58:19.182  1011  1189 I ASH     : @ 94751.380: tcs3701: stop power rail pending_off timer
11-23 14:58:19.182  1011  1189 D ASH     : @ 94751.380: tcs3701: start power rail timer, state:3
11-23 14:58:19.198  5238  5295 I BatteryMgr:DataCollectionService: stats => 1700747899198,8850,4444,13427,4169000,100
11-23 14:58:19.222  1011  1189 I ASH     : @ 94751.420: tcs3701: stop power rail pending_off timer
11-23 14:58:19.222  1011  1189 D ASH     : @ 94751.420: tcs3701: start power rail timer, state:3
11-23 14:58:19.239  2113  2118 I pixel-thermal: skin-therm-monitor: 37.828
11-23 14:58:19.263  1011  1189 I ASH     : @ 94751.460: tcs3701: stop power rail pending_off timer
11-23 14:58:19.263  1011  1189 D ASH     : @ 94751.460: tcs3701: start power rail timer, state:3
11-23 14:58:19.302  1011  1189 I ASH     : @ 94751.500: tcs3701: stop power rail pending_off timer
11-23 14:58:19.303  1011  1189 D ASH     : @ 94751.500: tcs3701: start power rail timer, state:3
11-23 14:58:19.304  5238  5295 I BatteryMgr:DataCollectionService: stats => 1700747899304,8850,4444,13427,4169000,100
11-23 14:58:19.342  1011  1189 I ASH     : @ 94751.540: tcs3701: stop power rail pending_off timer
11-23 14:58:19.342  1011  1189 D ASH     : @ 94751.540: tcs3701: start power rail timer, state:3
11-23 14:58:19.382  1011  1189 I ASH     : @ 94751.580: tcs3701: stop power rail pending_off timer
11-23 14:58:19.382  1011  1189 D ASH     : @ 94751.580: tcs3701: start power rail timer, state:3
11-23 14:58:19.410  5238  5295 I BatteryMgr:DataCollectionService: stats => 1700747899410,8850,4444,13427,4169000,100
11-23 14:58:19.422  1011  1189 I ASH     : @ 94751.620: tcs3701: stop power rail pending_off timer
11-23 14:58:19.422  1011  1189 D ASH     : @ 94751.620: tcs3701: start power rail timer, state:3
11-23 14:58:19.462  1011  1189 I ASH     : @ 94751.660: tcs3701: stop power rail pending_off timer
11-23 14:58:19.463  1011  1189 D ASH     : @ 94751.660: tcs3701: start power rail timer, state:3
11-23 14:58:19.502  1011  1189 I ASH     : @ 94751.700: tcs3701: stop power rail pending_off timer
11-23 14:58:19.502  1011  1189 D ASH     : @ 94751.700: tcs3701: start power rail timer, state:3
11-23 14:58:19.515  5238  5295 I BatteryMgr:DataCollectionService: stats => 1700747899515,8850,4444,13427,4169000,100
11-23 14:58:19.542  1011  1189 I ASH     : @ 94751.740: tcs3701: stop power rail pending_off timer
11-23 14:58:19.542  1011  1189 D ASH     : @ 94751.740: tcs3701: start power rail timer, state:3
11-23 14:58:19.582  1011  1189 I ASH     : @ 94751.780: tcs3701: stop power rail pending_off timer
11-23 14:58:19.582  1011  1189 D ASH     : @ 94751.780: tcs3701: start power rail timer, state:3
11-23 14:58:19.622  1011  1189 I ASH     : @ 94751.820: tcs3701: stop power rail pending_off timer
11-23 14:58:19.622  1011  1189 D ASH     : @ 94751.820: tcs3701: start power rail timer, state:3
11-23 14:58:19.622  5238  5295 I BatteryMgr:DataCollectionService: stats => 1700747899622,8850,4444,13427,4169000,100
11-23 14:58:19.662  1011  1189 I ASH     : @ 94751.860: tcs3701: stop power rail pending_off timer
11-23 14:58:19.662  1011  1189 D ASH     : @ 94751.860: tcs3701: start power rail timer, state:3
11-23 14:58:19.702  1011  1189 I ASH     : @ 94751.900: tcs3701: stop power rail pending_off timer
11-23 14:58:19.702  1011  1189 D ASH     : @ 94751.900: tcs3701: start power rail timer, state:3
11-23 14:58:19.727  5238  5295 I BatteryMgr:DataCollectionService: stats => 1700747899727,8850,4444,13427,4169000,100
11-23 14:58:19.742  1011  1189 I ASH     : @ 94751.940: tcs3701: stop power rail pending_off timer
11-23 14:58:19.742  1011  1189 D ASH     : @ 94751.940: tcs3701: start power rail timer, state:3
11-23 14:58:19.782  1011  1189 I ASH     : @ 94751.980: tcs3701: stop power rail pending_off timer
11-23 14:58:19.782  1011  1189 D ASH     : @ 94751.980: tcs3701: start power rail timer, state:3
11-23 14:58:19.822  1011  1189 I ASH     : @ 94752.020: tcs3701: stop power rail pending_off timer
11-23 14:58:19.822  1011  1189 D ASH     : @ 94752.020: tcs3701: start power rail timer, state:3
11-23 14:58:19.834  5238  5295 I BatteryMgr:DataCollectionService: stats => 1700747899834,8850,4444,13427,4169000,100
11-23 14:58:19.862  1011  1189 I ASH     : @ 94752.060: tcs3701: stop power rail pending_off timer
11-23 14:58:19.862  1011  1189 D ASH     : @ 94752.060: tcs3701: start power rail timer, state:3
11-23 14:58:19.902  1011  1189 I ASH     : @ 94752.100: tcs3701: stop power rail pending_off timer
11-23 14:58:19.903  1011  1189 D ASH     : @ 94752.100: tcs3701: start power rail timer, state:3
11-23 14:58:19.938  5238  5295 I BatteryMgr:DataCollectionService: stats => 1700747899938,8850,4444,13427,4169000,100
11-23 14:58:19.942  1011  1189 I ASH     : @ 94752.140: tcs3701: stop power rail pending_off timer
11-23 14:58:19.942  1011  1189 D ASH     : @ 94752.140: tcs3701: start power rail timer, state:3
11-23 14:58:19.958  1795  1853 D ActivityManager: freezer override set to true
11-23 14:58:19.963  1795  1853 D ActivityManager: freezer override set to false
11-23 14:58:19.982  1011  1189 I ASH     : @ 94752.180: tcs3701: stop power rail pending_off timer
11-23 14:58:19.982  1011  1189 D ASH     : @ 94752.180: tcs3701: start power rail timer, state:3
11-23 14:58:20.022  1011  1189 I ASH     : @ 94752.220: tcs3701: stop power rail pending_off timer
11-23 14:58:20.022  1011  1189 D ASH     : @ 94752.220: tcs3701: start power rail timer, state:3
11-23 14:58:20.047  5238  5295 I BatteryMgr:DataCollectionService: stats => 1700747900047,8850,4444,13427,4169000,100
11-23 14:58:20.052 29838 29897 W chromium: [WARNING:ev_root_ca_metadata.cc(119)] Not implemented
11-23 14:58:20.053 29838 29897 W chromium: [WARNING:ev_root_ca_metadata.cc(119)] Not implemented
11-23 14:58:20.062  1011  1189 I ASH     : @ 94752.260: tcs3701: stop power rail pending_off timer
11-23 14:58:20.062  1011  1189 D ASH     : @ 94752.260: tcs3701: start power rail timer, state:3
11-23 14:58:20.102  1011  1189 I ASH     : @ 94752.300: tcs3701: stop power rail pending_off timer
11-23 14:58:20.102  1011  1189 D ASH     : @ 94752.300: tcs3701: start power rail timer, state:3
11-23 14:58:20.143  1011  1189 I ASH     : @ 94752.340: tcs3701: stop power rail pending_off timer
11-23 14:58:20.143  1011  1189 D ASH     : @ 94752.340: tcs3701: start power rail timer, state:3
11-23 14:58:20.152  5238  5295 I BatteryMgr:DataCollectionService: stats => 1700747900151,8850,4444,13427,4169000,100
11-23 14:58:20.182  1011  1189 I ASH     : @ 94752.380: tcs3701: stop power rail pending_off timer
11-23 14:58:20.182  1011  1189 D ASH     : @ 94752.380: tcs3701: start power rail timer, state:3
11-23 14:58:20.221  1795  1853 D ActivityManager: freezer override set to true
11-23 14:58:20.222  1011  1189 I ASH     : @ 94752.420: tcs3701: stop power rail pending_off timer
11-23 14:58:20.222  1011  1189 D ASH     : @ 94752.420: tcs3701: start power rail timer, state:3
11-23 14:58:20.262  1011  1189 I ASH     : @ 94752.460: tcs3701: stop power rail pending_off timer
11-23 14:58:20.262  1011  1189 D ASH     : @ 94752.460: tcs3701: start power rail timer, state:3
11-23 14:58:20.262  5238  5295 I BatteryMgr:DataCollectionService: stats => 1700747900262,8850,4444,13427,4169000,100
11-23 14:58:20.302  1011  1189 I ASH     : @ 94752.500: tcs3701: stop power rail pending_off timer
11-23 14:58:20.302  1011  1189 D ASH     : @ 94752.500: tcs3701: start power rail timer, state:3
11-23 14:58:20.342  1011  1189 I ASH     : @ 94752.540: tcs3701: stop power rail pending_off timer
11-23 14:58:20.342  1011  1189 D ASH     : @ 94752.540: tcs3701: start power rail timer, state:3
11-23 14:58:20.343 29838 29852 I m.chrome.canary: Explicit concurrent copying GC freed 3833(192KB) AllocSpace objects, 4(80KB) LOS objects, 75% free, 12MB/48MB, paused 114us,24us total 66.407ms
11-23 14:58:20.369  5238  5295 I BatteryMgr:DataCollectionService: stats => 1700747900369,8850,4444,13427,4169000,100
11-23 14:58:20.382  1011  1189 I ASH     : @ 94752.580: tcs3701: stop power rail pending_off timer
11-23 14:58:20.382  1011  1189 D ASH     : @ 94752.580: tcs3701: start power rail timer, state:3
11-23 14:58:20.406  1795  1853 D ActivityManager: freezer override set to false
11-23 14:58:20.422  1011  1189 I ASH     : @ 94752.620: tcs3701: stop power rail pending_off timer
11-23 14:58:20.422  1011  1189 D ASH     : @ 94752.620: tcs3701: start power rail timer, state:3
11-23 14:58:20.455  1795  1853 D ActivityManager: freezer override set to true
11-23 14:58:20.460  1795  1853 D ActivityManager: freezer override set to false
11-23 14:58:20.462  1011  1189 I ASH     : @ 94752.660: tcs3701: stop power rail pending_off timer
11-23 14:58:20.462  1011  1189 D ASH     : @ 94752.660: tcs3701: start power rail timer, state:3
11-23 14:58:20.474  5238  5295 I BatteryMgr:DataCollectionService: stats => 1700747900474,8850,4444,13427,4169000,100
11-23 14:58:20.502  1011  1189 I ASH     : @ 94752.700: tcs3701: stop power rail pending_off timer
11-23 14:58:20.502  1011  1189 D ASH     : @ 94752.700: tcs3701: start power rail timer, state:3
11-23 14:58:20.542  1011  1189 I ASH     : @ 94752.740: tcs3701: stop power rail pending_off timer
11-23 14:58:20.542  1011  1189 D ASH     : @ 94752.740: tcs3701: start power rail timer, state:3
11-23 14:58:20.579  5238  5295 I BatteryMgr:DataCollectionService: stats => 1700747900579,8850,4444,13427,4169000,100
11-23 14:58:20.582  1011  1189 I ASH     : @ 94752.780: tcs3701: stop power rail pending_off timer
11-23 14:58:20.582  1011  1189 D ASH     : @ 94752.780: tcs3701: start power rail timer, state:3
11-23 14:58:20.622  1011  1189 I ASH     : @ 94752.820: tcs3701: stop power rail pending_off timer
11-23 14:58:20.622  1011  1189 D ASH     : @ 94752.820: tcs3701: start power rail timer, state:3
11-23 14:58:20.662  1011  1189 I ASH     : @ 94752.860: tcs3701: stop power rail pending_off timer
11-23 14:58:20.662  1011  1189 D ASH     : @ 94752.860: tcs3701: start power rail timer, state:3
11-23 14:58:20.685  5238  5295 I BatteryMgr:DataCollectionService: stats => 1700747900685,8850,4444,13427,4169000,100
11-23 14:58:20.702  1011  1189 I ASH     : @ 94752.900: tcs3701: stop power rail pending_off timer
11-23 14:58:20.702  1011  1189 D ASH     : @ 94752.900: tcs3701: start power rail timer, state:3
11-23 14:58:20.743  1011  1189 I ASH     : @ 94752.940: tcs3701: stop power rail pending_off timer
11-23 14:58:20.743  1011  1189 D ASH     : @ 94752.940: tcs3701: start power rail timer, state:3
11-23 14:58:20.782  1011  1189 I ASH     : @ 94752.980: tcs3701: stop power rail pending_off timer
11-23 14:58:20.782  1011  1189 D ASH     : @ 94752.980: tcs3701: start power rail timer, state:3
11-23 14:58:20.788  5238  5295 I BatteryMgr:DataCollectionService: stats => 1700747900788,8850,4444,13427,4169000,100
11-23 14:58:20.822  1011  1189 I ASH     : @ 94753.020: tcs3701: stop power rail pending_off timer
11-23 14:58:20.822  1011  1189 D ASH     : @ 94753.020: tcs3701: start power rail timer, state:3
11-23 14:58:20.863  1011  1189 I ASH     : @ 94753.060: tcs3701: stop power rail pending_off timer
11-23 14:58:20.863  1011  1189 D ASH     : @ 94753.060: tcs3701: start power rail timer, state:3
11-23 14:58:20.893  5238  5295 I BatteryMgr:DataCollectionService: stats => 1700747900893,8850,4444,13427,4169000,100
11-23 14:58:20.902  1011  1189 I ASH     : @ 94753.100: tcs3701: stop power rail pending_off timer
11-23 14:58:20.902  1011  1189 D ASH     : @ 94753.100: tcs3701: start power rail timer, state:3
11-23 14:58:20.942  1011  1189 I ASH     : @ 94753.140: tcs3701: stop power rail pending_off timer
11-23 14:58:20.942  1011  1189 D ASH     : @ 94753.140: tcs3701: start power rail timer, state:3
11-23 14:58:20.956  1795  1853 D ActivityManager: freezer override set to true
11-23 14:58:20.960  1795  1853 D ActivityManager: freezer override set to false
11-23 14:58:20.982  1011  1189 I ASH     : @ 94753.180: tcs3701: stop power rail pending_off timer
11-23 14:58:20.982  1011  1189 D ASH     : @ 94753.180: tcs3701: start power rail timer, state:3
11-23 14:58:21.000  5238  5295 I BatteryMgr:DataCollectionService: stats => 1700747900999,8850,4444,13427,4169000,100
11-23 14:58:21.022  1011  1189 I ASH     : @ 94753.220: tcs3701: stop power rail pending_off timer
11-23 14:58:21.022  1011  1189 D ASH     : @ 94753.220: tcs3701: start power rail timer, state:3
11-23 14:58:21.062  1011  1189 I ASH     : @ 94753.260: tcs3701: stop power rail pending_off timer
11-23 14:58:21.062  1011  1189 D ASH     : @ 94753.260: tcs3701: start power rail timer, state:3
11-23 14:58:21.102  1011  1189 I ASH     : @ 94753.300: tcs3701: stop power rail pending_off timer
11-23 14:58:21.102  1011  1189 D ASH     : @ 94753.300: tcs3701: start power rail timer, state:3
11-23 14:58:21.106  5238  5295 I BatteryMgr:DataCollectionService: stats => 1700747901105,8850,4444,13427,4169000,100
11-23 14:58:21.142  1011  1189 I ASH     : @ 94753.340: tcs3701: stop power rail pending_off timer
11-23 14:58:21.142  1011  1189 D ASH     : @ 94753.340: tcs3701: start power rail timer, state:3
11-23 14:58:21.182  1011  1189 I ASH     : @ 94753.380: tcs3701: stop power rail pending_off timer
11-23 14:58:21.182  1011  1189 D ASH     : @ 94753.380: tcs3701: start power rail timer, state:3
11-23 14:58:21.210  5238  5295 I BatteryMgr:DataCollectionService: stats => 1700747901210,8850,4444,13427,4169000,100
11-23 14:58:21.222  1011  1189 I ASH     : @ 94753.420: tcs3701: stop power rail pending_off timer
11-23 14:58:21.222  1011  1189 D ASH     : @ 94753.420: tcs3701: start power rail timer, state:3
11-23 14:58:21.243  2113  2118 I pixel-thermal: skin-therm-monitor: 37.818
11-23 14:58:21.262  1011  1189 I ASH     : @ 94753.460: tcs3701: stop power rail pending_off timer
11-23 14:58:21.262  1011  1189 D ASH     : @ 94753.460: tcs3701: start power rail timer, state:3
11-23 14:58:21.298  1795  2424 D WifiClientModeImpl[13802:wlan0]: updateLinkLayerStatsRssiSpeedFrequencyCapabilities rssi=-49 TxLinkspeed=780 freq=5240 RxLinkSpeed=866
11-23 14:58:21.299  1795  2424 D WifiDataStall: tx tput in kbps: 655931
11-23 14:58:21.299  1795  2424 D WifiDataStall: rx tput in kbps: 791578
11-23 14:58:21.299  1795  2424 V WifiConfigManager: Updating scan detail cache freq=5240 BSSID=f4:6d:2f:12:cc:88 RSSI=-48 for "ourhome"WPA_PSK
11-23 14:58:21.299  2782  5906 D QCNEJ/WlanStaInfoRelay: Received action: android.net.wifi.RSSI_CHANGED
11-23 14:58:21.299  1795  2424 D WifiChannelUtilization:  freq: 5240 onTime: 2829677 busyTime: 250880 onTimeDiff: 2829382 busyTimeDiff: 250863 utilization: 22 utilization t0: 22
11-23 14:58:21.299  1795  2424 D WifiDataStall:  ccaLevel = 22
11-23 14:58:21.299  3213  6173 V WifiManager: OnWifiUsabilityStatsListener: onWifiUsabilityStats: seqNum=31274
11-23 14:58:21.300  1795  1853 I WifiService: updateWifiUsabilityScore uid=10180 seqNum=31274 score=100 predictionHorizonSec=1441795
11-23 14:58:21.300  1795  2424 D WifiDataStall: L2 txTputKbps: 627412, rxTputKbps: 791578, L3 txTputKbps: 25, rxTputKbps: 112, TxTrafficHigh: true, RxTrafficHigh: true, Throughput Sufficient: true
11-23 14:58:21.301  1795  2424 D WifiScoreReport: Wifi scoring disabled - Don't check IP layer
11-23 14:58:21.301  1795  2424 D WifiScoreCard: BSSID update SIGNAL_POLL ID: 1320464697 SSID: "ourhome", BSSID: f4:6d:2f:12:cc:88, MAC: b2:2f:ec:da:4a:0c, IP: /192.168.1.104, Security type: 2, Supplicant state: COMPLETED, Wi-Fi standard: 5, RSSI: -49, Link speed: 780Mbps, Tx Link speed: 780Mbps, Max Supported Tx Link speed: 866Mbps, Rx Link speed: 866Mbps, Max Supported Rx Link speed: 866Mbps, Frequency: 5240MHz, Net ID: 12, Metered hint: false, score: 60, isUsable: true, CarrierMerged: false, SubscriptionId: -1, IsPrimary: 1, Trusted: true, Restricted: false, Ephemeral: false, OEM paid: false, OEM private: false, OSU AP: false, FQDN: <none>, Provider friendly name: <none>, Requesting package name: <none>"ourhome"wpa2-pskMLO Information: , Is TID-To-Link negotiation supported by the AP: false, AP MLD Address: <none>, AP MLO Link Id: <none>, AP MLO Affiliated links: <none>
11-23 14:58:21.301  1795  2424 D WifiScoreCard: txRate: 74 txSpeed: 780
11-23 14:58:21.301  1795  2424 D WifiScoreCard: network update SIGNAL_POLL "ourhome" ID: 1499892569 RSSI -49 txSpeed 780
11-23 14:58:21.301  1795  2424 D WifiClientModeImpl[13802:wlan0]:  ClientModeImpl$L2ConnectedState screen=on 17 0 "ourhome" f4:6d:2f:12:cc:88 rssi=-49 f=5240 sc=60 link=780 tx=66.9, 6.8, 0.0 rx=213.3 bcn=906223 [on:187 tx:4 rx:1 period:3010] from screen [on:161492 period:4534795] score=60
11-23 14:58:21.302  1795  2424 D WifiScoreReport: Wifi scoring disabled - Notify that Wifi is usable
11-23 14:58:21.302  1011  1189 I ASH     : @ 94753.500: tcs3701: stop power rail pending_off timer
11-23 14:58:21.302  1011  1189 D ASH     : @ 94753.500: tcs3701: start power rail timer, state:3
11-23 14:58:21.305  1795  2432 D ConnectivityService: NetReassign [no changes] [c 1] [a 0] [i 2]
11-23 14:58:21.317  5238  5295 I BatteryMgr:DataCollectionService: stats => 1700747901316,8850,4444,13427,4169000,100
11-23 14:58:21.342  1011  1189 I ASH     : @ 94753.540: tcs3701: stop power rail pending_off timer
11-23 14:58:21.342  1011  1189 D ASH     : @ 94753.540: tcs3701: start power rail timer, state:3
11-23 14:58:21.382  1011  1189 I ASH     : @ 94753.580: tcs3701: stop power rail pending_off timer
11-23 14:58:21.382  1011  1189 D ASH     : @ 94753.580: tcs3701: start power rail timer, state:3
11-23 14:58:21.421  5238  5295 I BatteryMgr:DataCollectionService: stats => 1700747901421,8850,4444,13427,4169000,100
11-23 14:58:21.422  1011  1189 I ASH     : @ 94753.620: tcs3701: stop power rail pending_off timer
11-23 14:58:21.422  1011  1189 D ASH     : @ 94753.620: tcs3701: start power rail timer, state:3
11-23 14:58:21.462  1011  1189 I ASH     : @ 94753.660: tcs3701: stop power rail pending_off timer
11-23 14:58:21.462  1011  1189 D ASH     : @ 94753.660: tcs3701: start power rail timer, state:3
11-23 14:58:21.502  1011  1189 I ASH     : @ 94753.700: tcs3701: stop power rail pending_off timer
11-23 14:58:21.502  1011  1189 D ASH     : @ 94753.700: tcs3701: start power rail timer, state:3
11-23 14:58:21.529  5238  5295 I BatteryMgr:DataCollectionService: stats => 1700747901529,8850,4444,13427,4169000,100
11-23 14:58:21.542  1011  1189 I ASH     : @ 94753.740: tcs3701: stop power rail pending_off timer
11-23 14:58:21.542  1011  1189 D ASH     : @ 94753.740: tcs3701: start power rail timer, state:3
11-23 14:58:21.582  1011  1189 I ASH     : @ 94753.780: tcs3701: stop power rail pending_off timer
11-23 14:58:21.582  1011  1189 D ASH     : @ 94753.780: tcs3701: start power rail timer, state:3
11-23 14:58:21.609  1795  3745 D ActivityManager: freezer override set to true
11-23 14:58:21.622  1011  1189 I ASH     : @ 94753.820: tcs3701: stop power rail pending_off timer
11-23 14:58:21.622  1011  1189 D ASH     : @ 94753.820: tcs3701: start power rail timer, state:3
11-23 14:58:21.632  5238  5295 I BatteryMgr:DataCollectionService: stats => 1700747901632,8850,4444,13427,4169000,100
11-23 14:58:21.662  1011  1189 I ASH     : @ 94753.860: tcs3701: stop power rail pending_off timer
11-23 14:58:21.662  1011  1189 D ASH     : @ 94753.860: tcs3701: start power rail timer, state:3
11-23 14:58:21.691 29838 29852 I m.chrome.canary: Explicit concurrent copying GC freed 3751(192KB) AllocSpace objects, 5(164KB) LOS objects, 75% free, 12MB/48MB, paused 35us,23us total 45.317ms
11-23 14:58:21.702  1011  1189 I ASH     : @ 94753.900: tcs3701: stop power rail pending_off timer
11-23 14:58:21.702  1011  1189 D ASH     : @ 94753.900: tcs3701: start power rail timer, state:3
11-23 14:58:21.738  5238  5295 I BatteryMgr:DataCollectionService: stats => 1700747901738,8850,4444,13427,4169000,100
11-23 14:58:21.742  1011  1189 I ASH     : @ 94753.940: tcs3701: stop power rail pending_off timer
11-23 14:58:21.742  1011  1189 D ASH     : @ 94753.940: tcs3701: start power rail timer, state:3
11-23 14:58:21.750  1795  3745 D ActivityManager: freezer override set to false
11-23 14:58:21.782  1011  1189 I ASH     : @ 94753.980: tcs3701: stop power rail pending_off timer
11-23 14:58:21.782  1011  1189 D ASH     : @ 94753.980: tcs3701: start power rail timer, state:3
11-23 14:58:21.794  1795  3745 D ActivityManager: freezer override set to true
11-23 14:58:21.797  1795  3745 D ActivityManager: freezer override set to false
11-23 14:58:21.822  1011  1189 I ASH     : @ 94754.020: tcs3701: stop power rail pending_off timer
11-23 14:58:21.822  1011  1189 D ASH     : @ 94754.020: tcs3701: start power rail timer, state:3
11-23 14:58:21.844  5238  5295 I BatteryMgr:DataCollectionService: stats => 1700747901843,8850,4444,13427,4169000,100
11-23 14:58:21.862  1011  1189 I ASH     : @ 94754.060: tcs3701: stop power rail pending_off timer
11-23 14:58:21.862  1011  1189 D ASH     : @ 94754.060: tcs3701: start power rail timer, state:3
11-23 14:58:21.902  1011  1189 I ASH     : @ 94754.100: tcs3701: stop power rail pending_off timer
11-23 14:58:21.902  1011  1189 D ASH     : @ 94754.100: tcs3701: start power rail timer, state:3
11-23 14:58:21.942  1011  1189 I ASH     : @ 94754.140: tcs3701: stop power rail pending_off timer
11-23 14:58:21.942  1011  1189 D ASH     : @ 94754.140: tcs3701: start power rail timer, state:3
11-23 14:58:21.949  5238  5295 I BatteryMgr:DataCollectionService: stats => 1700747901949,8850,4444,13427,4169000,100
11-23 14:58:21.954  1795  3745 D ActivityManager: freezer override set to true
11-23 14:58:21.958  1795  3745 D ActivityManager: freezer override set to false
11-23 14:58:21.983  1011  1189 I ASH     : @ 94754.180: tcs3701: stop power rail pending_off timer
11-23 14:58:21.983  1011  1189 D ASH     : @ 94754.180: tcs3701: start power rail timer, state:3
11-23 14:58:22.023  1011  1189 I ASH     : @ 94754.220: tcs3701: stop power rail pending_off timer
11-23 14:58:22.023  1011  1189 D ASH     : @ 94754.220: tcs3701: start power rail timer, state:3
11-23 14:58:22.054  5238  5295 I BatteryMgr:DataCollectionService: stats => 1700747902054,8850,4444,13427,4169000,100
11-23 14:58:22.062  1011  1189 I ASH     : @ 94754.260: tcs3701: stop power rail pending_off timer
11-23 14:58:22.062  1011  1189 D ASH     : @ 94754.260: tcs3701: start power rail timer, state:3
11-23 14:58:22.102  1011  1189 I ASH     : @ 94754.300: tcs3701: stop power rail pending_off timer
11-23 14:58:22.102  1011  1189 D ASH     : @ 94754.300: tcs3701: start power rail timer, state:3
11-23 14:58:22.142  1011  1189 I ASH     : @ 94754.340: tcs3701: stop power rail pending_off timer
11-23 14:58:22.142  1011  1189 D ASH     : @ 94754.340: tcs3701: start power rail timer, state:3
11-23 14:58:22.162  5238  5295 I BatteryMgr:DataCollectionService: stats => 1700747902162,8850,4444,13427,4169000,100
11-23 14:58:22.182  1011  1189 I ASH     : @ 94754.380: tcs3701: stop power rail pending_off timer
11-23 14:58:22.182  1011  1189 D ASH     : @ 94754.380: tcs3701: start power rail timer, state:3
11-23 14:58:22.222  1011  1189 I ASH     : @ 94754.420: tcs3701: stop power rail pending_off timer
11-23 14:58:22.222  1011  1189 D ASH     : @ 94754.420: tcs3701: start power rail timer, state:3
11-23 14:58:22.262  1011  1189 I ASH     : @ 94754.460: tcs3701: stop power rail pending_off timer
11-23 14:58:22.262  1011  1189 D ASH     : @ 94754.460: tcs3701: start power rail timer, state:3
11-23 14:58:22.265  5238  5295 I BatteryMgr:DataCollectionService: stats => 1700747902265,8850,4444,13427,4169000,100
11-23 14:58:22.302  1011  1189 I ASH     : @ 94754.500: tcs3701: stop power rail pending_off timer
11-23 14:58:22.302  1011  1189 D ASH     : @ 94754.500: tcs3701: start power rail timer, state:3
11-23 14:58:22.342  1011  1189 I ASH     : @ 94754.540: tcs3701: stop power rail pending_off timer
11-23 14:58:22.342  1011  1189 D ASH     : @ 94754.540: tcs3701: start power rail timer, state:3
11-23 14:58:22.370  5238  5295 I BatteryMgr:DataCollectionService: stats => 1700747902370,8850,4444,13427,4169000,100
11-23 14:58:22.382  1011  1189 I ASH     : @ 94754.580: tcs3701: stop power rail pending_off timer
11-23 14:58:22.382  1011  1189 D ASH     : @ 94754.580: tcs3701: start power rail timer, state:3
11-23 14:58:22.422  1011  1189 I ASH     : @ 94754.620: tcs3701: stop power rail pending_off timer
11-23 14:58:22.422  1011  1189 D ASH     : @ 94754.620: tcs3701: start power rail timer, state:3
11-23 14:58:22.462  1011  1189 I ASH     : @ 94754.660: tcs3701: stop power rail pending_off timer
11-23 14:58:22.462  1011  1189 D ASH     : @ 94754.660: tcs3701: start power rail timer, state:3
11-23 14:58:22.475  5238  5295 I BatteryMgr:DataCollectionService: stats => 1700747902475,8850,4444,13427,4169000,100
11-23 14:58:22.502  1011  1189 I ASH     : @ 94754.700: tcs3701: stop power rail pending_off timer
11-23 14:58:22.503  1011  1189 D ASH     : @ 94754.700: tcs3701: start power rail timer, state:3
11-23 14:58:22.542  1011  1189 I ASH     : @ 94754.740: tcs3701: stop power rail pending_off timer
11-23 14:58:22.542  1011  1189 D ASH     : @ 94754.740: tcs3701: start power rail timer, state:3
11-23 14:58:22.580  5238  5295 I BatteryMgr:DataCollectionService: stats => 1700747902580,8850,4444,13427,4169000,100
11-23 14:58:22.582  1011  1189 I ASH     : @ 94754.780: tcs3701: stop power rail pending_off timer
11-23 14:58:22.582  1011  1189 D ASH     : @ 94754.780: tcs3701: start power rail timer, state:3
11-23 14:58:22.622  1011  1189 I ASH     : @ 94754.820: tcs3701: stop power rail pending_off timer
11-23 14:58:22.622  1011  1189 D ASH     : @ 94754.820: tcs3701: start power rail timer, state:3
11-23 14:58:22.663  1011  1189 I ASH     : @ 94754.860: tcs3701: stop power rail pending_off timer
11-23 14:58:22.663  1011  1189 D ASH     : @ 94754.860: tcs3701: start power rail timer, state:3
11-23 14:58:22.684  5238  5295 I BatteryMgr:DataCollectionService: stats => 1700747902684,8850,4444,13427,4169000,100
11-23 14:58:22.702  1011  1189 I ASH     : @ 94754.900: tcs3701: stop power rail pending_off timer
11-23 14:58:22.702  1011  1189 D ASH     : @ 94754.900: tcs3701: start power rail timer, state:3
11-23 14:58:22.742  1011  1189 I ASH     : @ 94754.940: tcs3701: stop power rail pending_off timer
11-23 14:58:22.742  1011  1189 D ASH     : @ 94754.940: tcs3701: start power rail timer, state:3
11-23 14:58:22.782  1011  1189 I ASH     : @ 94754.980: tcs3701: stop power rail pending_off timer
11-23 14:58:22.782  1011  1189 D ASH     : @ 94754.980: tcs3701: start power rail timer, state:3
11-23 14:58:22.789  5238  5295 I BatteryMgr:DataCollectionService: stats => 1700747902788,8850,4444,13427,4169000,100
11-23 14:58:22.822  1011  1189 I ASH     : @ 94755.020: tcs3701: stop power rail pending_off timer
11-23 14:58:22.822  1011  1189 D ASH     : @ 94755.020: tcs3701: start power rail timer, state:3
11-23 14:58:22.862  1011  1189 I ASH     : @ 94755.060: tcs3701: stop power rail pending_off timer
11-23 14:58:22.862  1011  1189 D ASH     : @ 94755.060: tcs3701: start power rail timer, state:3
11-23 14:58:22.894  5238  5295 I BatteryMgr:DataCollectionService: stats => 1700747902894,8850,4444,13427,4169000,100
11-23 14:58:22.902  1011  1189 I ASH     : @ 94755.100: tcs3701: stop power rail pending_off timer
11-23 14:58:22.902  1011  1189 D ASH     : @ 94755.100: tcs3701: start power rail timer, state:3
11-23 14:58:22.942  1011  1189 I ASH     : @ 94755.140: tcs3701: stop power rail pending_off timer
11-23 14:58:22.942  1011  1189 D ASH     : @ 94755.140: tcs3701: start power rail timer, state:3
11-23 14:58:22.943  1795  3745 D ActivityManager: freezer override set to true
11-23 14:58:22.982  1011  1189 I ASH     : @ 94755.180: tcs3701: stop power rail pending_off timer
11-23 14:58:22.982  1011  1189 D ASH     : @ 94755.180: tcs3701: start power rail timer, state:3
11-23 14:58:22.999  5238  5295 I BatteryMgr:DataCollectionService: stats => 1700747902999,8850,4444,13427,4169000,100
11-23 14:58:23.023  1011  1189 I ASH     : @ 94755.220: tcs3701: stop power rail pending_off timer
11-23 14:58:23.023  1011  1189 D ASH     : @ 94755.220: tcs3701: start power rail timer, state:3
11-23 14:58:23.060 29838 29852 I m.chrome.canary: Explicit concurrent copying GC freed 3815(191KB) AllocSpace objects, 4(80KB) LOS objects, 75% free, 12MB/48MB, paused 92us,24us total 56.140ms
11-23 14:58:23.062  1011  1189 I ASH     : @ 94755.260: tcs3701: stop power rail pending_off timer
11-23 14:58:23.062  1011  1189 D ASH     : @ 94755.260: tcs3701: start power rail timer, state:3
11-23 14:58:23.103  1011  1189 I ASH     : @ 94755.300: tcs3701: stop power rail pending_off timer
11-23 14:58:23.104  1011  1189 D ASH     : @ 94755.300: tcs3701: start power rail timer, state:3
11-23 14:58:23.104  5238  5295 I BatteryMgr:DataCollectionService: stats => 1700747903104,8850,4444,13427,4169000,100
11-23 14:58:23.112  1795  3745 D ActivityManager: freezer override set to false
11-23 14:58:23.142  1011  1189 I ASH     : @ 94755.340: tcs3701: stop power rail pending_off timer
11-23 14:58:23.142  1011  1189 D ASH     : @ 94755.340: tcs3701: start power rail timer, state:3
11-23 14:58:23.151  1795  3745 D ActivityManager: freezer override set to true
11-23 14:58:23.155  1795  3745 D ActivityManager: freezer override set to false
11-23 14:58:23.182  1011  1189 I ASH     : @ 94755.380: tcs3701: stop power rail pending_off timer
11-23 14:58:23.182  1011  1189 D ASH     : @ 94755.380: tcs3701: start power rail timer, state:3
11-23 14:58:23.208  5238  5295 I BatteryMgr:DataCollectionService: stats => 1700747903208,8850,4444,13427,4169000,100
11-23 14:58:23.222  1011  1189 I ASH     : @ 94755.420: tcs3701: stop power rail pending_off timer
11-23 14:58:23.222  1011  1189 D ASH     : @ 94755.420: tcs3701: start power rail timer, state:3
11-23 14:58:23.246  2113  2118 I pixel-thermal: skin-therm-monitor: 37.808
11-23 14:58:23.263  1011  1189 I ASH     : @ 94755.460: tcs3701: stop power rail pending_off timer
11-23 14:58:23.263  1011  1189 D ASH     : @ 94755.460: tcs3701: start power rail timer, state:3
11-23 14:58:23.302  1011  1189 I ASH     : @ 94755.500: tcs3701: stop power rail pending_off timer
11-23 14:58:23.302  1011  1189 D ASH     : @ 94755.500: tcs3701: start power rail timer, state:3
11-23 14:58:23.313  5238  5295 I BatteryMgr:DataCollectionService: stats => 1700747903313,8850,4444,13427,4169000,100
11-23 14:58:23.342  1011  1189 I ASH     : @ 94755.540: tcs3701: stop power rail pending_off timer
11-23 14:58:23.342  1011  1189 D ASH     : @ 94755.540: tcs3701: start power rail timer, state:3
11-23 14:58:23.382  1011  1189 I ASH     : @ 94755.580: tcs3701: stop power rail pending_off timer
11-23 14:58:23.382  1011  1189 D ASH     : @ 94755.580: tcs3701: start power rail timer, state:3
11-23 14:58:23.419  5238  5295 I BatteryMgr:DataCollectionService: stats => 1700747903419,8850,4444,13427,4169000,100
11-23 14:58:23.422  1011  1189 I ASH     : @ 94755.620: tcs3701: stop power rail pending_off timer
11-23 14:58:23.422  1011  1189 D ASH     : @ 94755.620: tcs3701: start power rail timer, state:3
11-23 14:58:23.463  1011  1189 I ASH     : @ 94755.660: tcs3701: stop power rail pending_off timer
11-23 14:58:23.463  1011  1189 D ASH     : @ 94755.660: tcs3701: start power rail timer, state:3
11-23 14:58:23.502  1011  1189 I ASH     : @ 94755.700: tcs3701: stop power rail pending_off timer
11-23 14:58:23.502  1011  1189 D ASH     : @ 94755.700: tcs3701: start power rail timer, state:3
11-23 14:58:23.523  5238  5295 I BatteryMgr:DataCollectionService: stats => 1700747903523,8850,4444,13427,4169000,100
11-23 14:58:23.542  1011  1189 I ASH     : @ 94755.740: tcs3701: stop power rail pending_off timer
11-23 14:58:23.542  1011  1189 D ASH     : @ 94755.740: tcs3701: start power rail timer, state:3
11-23 14:58:23.582  1011  1189 I ASH     : @ 94755.780: tcs3701: stop power rail pending_off timer
11-23 14:58:23.582  1011  1189 D ASH     : @ 94755.780: tcs3701: start power rail timer, state:3
11-23 14:58:23.622  1011  1189 I ASH     : @ 94755.820: tcs3701: stop power rail pending_off timer
11-23 14:58:23.622  1011  1189 D ASH     : @ 94755.820: tcs3701: start power rail timer, state:3
11-23 14:58:23.626  5238  5295 I BatteryMgr:DataCollectionService: stats => 1700747903626,8850,4444,13427,4169000,100
11-23 14:58:23.662  1011  1189 I ASH     : @ 94755.860: tcs3701: stop power rail pending_off timer
11-23 14:58:23.662  1011  1189 D ASH     : @ 94755.860: tcs3701: start power rail timer, state:3
11-23 14:58:23.702  1011  1189 I ASH     : @ 94755.900: tcs3701: stop power rail pending_off timer
11-23 14:58:23.702  1011  1189 D ASH     : @ 94755.900: tcs3701: start power rail timer, state:3
11-23 14:58:23.731  5238  5295 I BatteryMgr:DataCollectionService: stats => 1700747903731,8850,4444,13427,4169000,100
11-23 14:58:23.742  1011  1189 I ASH     : @ 94755.940: tcs3701: stop power rail pending_off timer
11-23 14:58:23.742  1011  1189 D ASH     : @ 94755.940: tcs3701: start power rail timer, state:3
11-23 14:58:23.782  1011  1189 I ASH     : @ 94755.980: tcs3701: stop power rail pending_off timer
11-23 14:58:23.782  1011  1189 D ASH     : @ 94755.980: tcs3701: start power rail timer, state:3
11-23 14:58:23.822  1011  1189 I ASH     : @ 94756.020: tcs3701: stop power rail pending_off timer
11-23 14:58:23.822  1011  1189 D ASH     : @ 94756.020: tcs3701: start power rail timer, state:3
11-23 14:58:23.835  5238  5295 I BatteryMgr:DataCollectionService: stats => 1700747903835,8850,4444,13427,4169000,100
11-23 14:58:23.862  1011  1189 I ASH     : @ 94756.060: tcs3701: stop power rail pending_off timer
11-23 14:58:23.862  1011  1189 D ASH     : @ 94756.060: tcs3701: start power rail timer, state:3
11-23 14:58:23.902  1011  1189 I ASH     : @ 94756.100: tcs3701: stop power rail pending_off timer
11-23 14:58:23.902  1011  1189 D ASH     : @ 94756.100: tcs3701: start power rail timer, state:3
11-23 14:58:23.939  5238  5295 I BatteryMgr:DataCollectionService: stats => 1700747903939,8850,4444,13427,4169000,100
11-23 14:58:23.942  1011  1189 I ASH     : @ 94756.140: tcs3701: stop power rail pending_off timer
11-23 14:58:23.942  1011  1189 D ASH     : @ 94756.140: tcs3701: start power rail timer, state:3
11-23 14:58:23.958  1795  3745 D ActivityManager: freezer override set to true
11-23 14:58:23.963  1795  3745 D ActivityManager: freezer override set to false
11-23 14:58:23.982  1011  1189 I ASH     : @ 94756.180: tcs3701: stop power rail pending_off timer
11-23 14:58:23.982  1011  1189 D ASH     : @ 94756.180: tcs3701: start power rail timer, state:3
11-23 14:58:24.022  1011  1189 I ASH     : @ 94756.220: tcs3701: stop power rail pending_off timer
11-23 14:58:24.022  1011  1189 D ASH     : @ 94756.220: tcs3701: start power rail timer, state:3
11-23 14:58:24.043  5238  5295 I BatteryMgr:DataCollectionService: stats => 1700747904043,8850,4444,13427,4169000,100
11-23 14:58:24.062  1011  1189 I ASH     : @ 94756.260: tcs3701: stop power rail pending_off timer
11-23 14:58:24.062  1011  1189 D ASH     : @ 94756.260: tcs3701: start power rail timer, state:3
11-23 14:58:24.102  1011  1189 I ASH     : @ 94756.300: tcs3701: stop power rail pending_off timer
11-23 14:58:24.102  1011  1189 D ASH     : @ 94756.300: tcs3701: start power rail timer, state:3
11-23 14:58:24.142  1011  1189 I ASH     : @ 94756.340: tcs3701: stop power rail pending_off timer
11-23 14:58:24.142  1011  1189 D ASH     : @ 94756.340: tcs3701: start power rail timer, state:3
11-23 14:58:24.148  5238  5295 I BatteryMgr:DataCollectionService: stats => 1700747904148,8850,4444,13427,4169000,100
11-23 14:58:24.182  1011  1189 I ASH     : @ 94756.380: tcs3701: stop power rail pending_off timer
11-23 14:58:24.182  1011  1189 D ASH     : @ 94756.380: tcs3701: start power rail timer, state:3
11-23 14:58:24.222  1011  1189 I ASH     : @ 94756.420: tcs3701: stop power rail pending_off timer
11-23 14:58:24.222  1011  1189 D ASH     : @ 94756.420: tcs3701: start power rail timer, state:3
11-23 14:58:24.251  5238  5295 I BatteryMgr:DataCollectionService: stats => 1700747904251,8850,4444,13427,4169000,100
11-23 14:58:24.262  1011  1189 I ASH     : @ 94756.460: tcs3701: stop power rail pending_off timer
11-23 14:58:24.262  1011  1189 D ASH     : @ 94756.460: tcs3701: start power rail timer, state:3
11-23 14:58:24.295  1795  3745 D ActivityManager: freezer override set to true
11-23 14:58:24.302  1011  1189 I ASH     : @ 94756.500: tcs3701: stop power rail pending_off timer
11-23 14:58:24.302  1011  1189 D ASH     : @ 94756.500: tcs3701: start power rail timer, state:3
11-23 14:58:24.311  1795  2424 D WifiClientModeImpl[13802:wlan0]: updateLinkLayerStatsRssiSpeedFrequencyCapabilities rssi=-49 TxLinkspeed=780 freq=5240 RxLinkSpeed=866
11-23 14:58:24.311  1795  2424 D WifiDataStall: tx tput in kbps: 627412
11-23 14:58:24.311  1795  2424 D WifiDataStall: rx tput in kbps: 791578
11-23 14:58:24.311  1795  2424 V WifiConfigManager: Updating scan detail cache freq=5240 BSSID=f4:6d:2f:12:cc:88 RSSI=-48 for "ourhome"WPA_PSK
11-23 14:58:24.312  1795  2424 D WifiChannelUtilization:  freq: 5240 onTime: 2829677 busyTime: 250880 onTimeDiff: 2829382 busyTimeDiff: 250863 utilization: 22 utilization t0: 22
11-23 14:58:24.312  1795  2424 D WifiDataStall:  ccaLevel = 22
11-23 14:58:24.312  1795  2424 D WifiDataStall: L2 txTputKbps: 677320, rxTputKbps: 791578, L3 txTputKbps: 0, rxTputKbps: 0, TxTrafficHigh: false, RxTrafficHigh: false, Throughput Sufficient: true
11-23 14:58:24.312  3213  6173 V WifiManager: OnWifiUsabilityStatsListener: onWifiUsabilityStats: seqNum=31275
11-23 14:58:24.312  1795  2424 D WifiScoreReport: Wifi scoring disabled - Don't check IP layer
11-23 14:58:24.312  1795  2424 D WifiScoreCard: BSSID update SIGNAL_POLL ID: 1320464697 SSID: "ourhome", BSSID: f4:6d:2f:12:cc:88, MAC: b2:2f:ec:da:4a:0c, IP: /192.168.1.104, Security type: 2, Supplicant state: COMPLETED, Wi-Fi standard: 5, RSSI: -49, Link speed: 780Mbps, Tx Link speed: 780Mbps, Max Supported Tx Link speed: 866Mbps, Rx Link speed: 866Mbps, Max Supported Rx Link speed: 866Mbps, Frequency: 5240MHz, Net ID: 12, Metered hint: false, score: 60, isUsable: true, CarrierMerged: false, SubscriptionId: -1, IsPrimary: 1, Trusted: true, Restricted: false, Ephemeral: false, OEM paid: false, OEM private: false, OSU AP: false, FQDN: <none>, Provider friendly name: <none>, Requesting package name: <none>"ourhome"wpa2-pskMLO Information: , Is TID-To-Link negotiation supported by the AP: false, AP MLD Address: <none>, AP MLO Link Id: <none>, AP MLO Affiliated links: <none>
11-23 14:58:24.312  1795  2424 D WifiScoreCard: txRate: 28 txSpeed: 780
11-23 14:58:24.312  1795  1853 I WifiService: updateWifiUsabilityScore uid=10180 seqNum=31275 score=100 predictionHorizonSec=1441795
11-23 14:58:24.312  1795  2424 D WifiScoreCard: network update SIGNAL_POLL "ourhome" ID: 1499892569 RSSI -49 txSpeed 780
11-23 14:58:24.313  2513 20817 V WifiManager: TrafficStateCallbackProxy: onStateChanged state=0
11-23 14:58:24.313  1795  2424 D WifiClientModeImpl[13802:wlan0]:  ClientModeImpl$L2ConnectedState screen=on 17 0 "ourhome" f4:6d:2f:12:cc:88 rssi=-49 f=5240 sc=60 link=780 tx=24.5, 2.5, 0.0 rx=78.1 bcn=906252 [on:0 tx:0 rx:0 period:3012] from screen [on:161492 period:4537807] score=60
11-23 14:58:24.313  1795  2424 D WifiScoreReport: Wifi scoring disabled - Notify that Wifi is usable
11-23 14:58:24.315  1795  2432 D ConnectivityService: NetReassign [no changes] [c 0] [a 0] [i 1]
11-23 14:58:24.342  1011  1189 I ASH     : @ 94756.540: tcs3701: stop power rail pending_off timer
11-23 14:58:24.342  1011  1189 D ASH     : @ 94756.540: tcs3701: start power rail timer, state:3
11-23 14:58:24.357  5238  5295 I BatteryMgr:DataCollectionService: stats => 1700747904357,8850,4444,13427,4169000,100
11-23 14:58:24.381 29838 29852 I m.chrome.canary: Explicit concurrent copying GC freed 3591(176KB) AllocSpace objects, 3(60KB) LOS objects, 75% free, 12MB/48MB, paused 122us,22us total 40.357ms
11-23 14:58:24.382  1011  1189 I ASH     : @ 94756.580: tcs3701: stop power rail pending_off timer
11-23 14:58:24.382  1011  1189 D ASH     : @ 94756.580: tcs3701: start power rail timer, state:3
11-23 14:58:24.422  1011  1189 I ASH     : @ 94756.620: tcs3701: stop power rail pending_off timer
11-23 14:58:24.422  1011  1189 D ASH     : @ 94756.620: tcs3701: start power rail timer, state:3
11-23 14:58:24.430  1795  3745 D ActivityManager: freezer override set to false
11-23 14:58:24.462  1011  1189 I ASH     : @ 94756.660: tcs3701: stop power rail pending_off timer
11-23 14:58:24.462  1011  1189 D ASH     : @ 94756.660: tcs3701: start power rail timer, state:3
11-23 14:58:24.463  5238  5295 I BatteryMgr:DataCollectionService: stats => 1700747904463,8850,4444,13427,4169000,100
11-23 14:58:24.466  1795  3745 D ActivityManager: freezer override set to true
11-23 14:58:24.469  1795  3745 D ActivityManager: freezer override set to false
11-23 14:58:24.502  1011  1189 I ASH     : @ 94756.700: tcs3701: stop power rail pending_off timer
11-23 14:58:24.502  1011  1189 D ASH     : @ 94756.700: tcs3701: start power rail timer, state:3
11-23 14:58:24.542  1011  1189 I ASH     : @ 94756.740: tcs3701: stop power rail pending_off timer
11-23 14:58:24.542  1011  1189 D ASH     : @ 94756.740: tcs3701: start power rail timer, state:3
11-23 14:58:24.568  5238  5295 I BatteryMgr:DataCollectionService: stats => 1700747904568,8850,4444,13427,4169000,100
11-23 14:58:24.583  1011  1189 I ASH     : @ 94756.780: tcs3701: stop power rail pending_off timer
11-23 14:58:24.583  1011  1189 D ASH     : @ 94756.780: tcs3701: start power rail timer, state:3
11-23 14:58:24.622  1011  1189 I ASH     : @ 94756.820: tcs3701: stop power rail pending_off timer
11-23 14:58:24.622  1011  1189 D ASH     : @ 94756.820: tcs3701: start power rail timer, state:3
11-23 14:58:24.662  1011  1189 I ASH     : @ 94756.860: tcs3701: stop power rail pending_off timer
11-23 14:58:24.662  1011  1189 D ASH     : @ 94756.860: tcs3701: start power rail timer, state:3
