--------- beginning of main
11-23 14:58:09.303  1011  1189 I ASH     : @ 94741.500: tcs3701: stop power rail pending_off timer
11-23 14:58:09.303  1011  1189 D ASH     : @ 94741.500: tcs3701: start power rail timer, state:3
11-23 14:58:09.343  1011  1189 I ASH     : @ 94741.540: tcs3701: stop power rail pending_off timer
11-23 14:58:09.343  1011  1189 D ASH     : @ 94741.540: tcs3701: start power rail timer, state:3
11-23 14:58:09.382  1011  1189 I ASH     : @ 94741.580: tcs3701: stop power rail pending_off timer
11-23 14:58:09.382  1011  1189 D ASH     : @ 94741.580: tcs3701: start power rail timer, state:3
11-23 14:58:09.422  1011  1189 I ASH     : @ 94741.620: tcs3701: stop power rail pending_off timer
11-23 14:58:09.422  1011  1189 D ASH     : @ 94741.620: tcs3701: start power rail timer, state:3
11-23 14:58:09.462  1011  1189 I ASH     : @ 94741.660: tcs3701: stop power rail pending_off timer
11-23 14:58:09.462  1011  1189 D ASH     : @ 94741.660: tcs3701: start power rail timer, state:3
11-23 14:58:09.490 29821 29821 D AndroidRuntime: >>>>>> START com.android.internal.os.RuntimeInit uid 2000 <<<<<<
11-23 14:58:09.494 29821 29821 I AndroidRuntime: Using default boot image
11-23 14:58:09.494 29821 29821 I AndroidRuntime: Leaving lock profiling enabled
11-23 14:58:09.497 29821 29821 I app_process: Using CollectorTypeCC GC.
11-23 14:58:09.502  1011  1189 I ASH     : @ 94741.700: tcs3701: stop power rail pending_off timer
11-23 14:58:09.503  1011  1189 D ASH     : @ 94741.700: tcs3701: start power rail timer, state:3
11-23 14:58:09.543  1011  1189 I ASH     : @ 94741.740: tcs3701: stop power rail pending_off timer
11-23 14:58:09.543  1011  1189 D ASH     : @ 94741.740: tcs3701: start power rail timer, state:3
11-23 14:58:09.572 29821 29821 D nativeloader: InitDefaultPublicLibraries for_preload=1: libandroid.so:libaaudio.so:libamidi.so:libbinder_ndk.so:libc.so:libcamera2ndk.so:libdl.so:libEGL.so:libGLESv1_CM.so:libGLESv2.so:libGLESv3.so:libicu.so:libicui18n.so:libicuuc.so:libjnigraphics.so:liblog.so:libmediandk.so:libm.so:libnativehelper.so:libnativewindow.so:libOpenMAXAL.so:libOpenSLES.so:libRS.so:libstdc++.so:libsync.so:libvulkan.so:libwebviewchromium_plat_support.so:libz.so
11-23 14:58:09.583  1011  1189 I ASH     : @ 94741.780: tcs3701: stop power rail pending_off timer
11-23 14:58:09.583  1011  1189 D ASH     : @ 94741.780: tcs3701: start power rail timer, state:3
11-23 14:58:09.585 29821 29821 D app_process: Time zone APEX ICU file found: /apex/com.android.tzdata/etc/icu/icu_tzdata.dat
11-23 14:58:09.586 29821 29821 D app_process: I18n APEX ICU file found: /apex/com.android.i18n/etc/icu/icudt70l.dat
11-23 14:58:09.610 29821 29821 D AndroidRuntime: Calling main entry com.android.commands.monkey.Monkey
11-23 14:58:09.611 29821 29821 W Monkey  : args: [-p, com.chrome.canary, 1]
11-23 14:58:09.611 29821 29821 W Monkey  :  arg: "-p"
11-23 14:58:09.611 29821 29821 W Monkey  :  arg: "com.chrome.canary"
11-23 14:58:09.611 29821 29821 W Monkey  :  arg: "1"
11-23 14:58:09.611 29821 29821 W Monkey  : data="com.chrome.canary"
--------- beginning of system
11-23 14:58:09.620  1795  2119 W BroadcastQueue: Skipping deliver [background] BroadcastRecord{882d1e5 u-1 android.net.conn.CONNECTIVITY_CHANGE} to ReceiverList{7c554ba 29821 (unknown name)/2000/u-1 remote:fdbcd4f}: process gone or crashing
11-23 14:58:09.622  1011  1189 I ASH     : @ 94741.820: tcs3701: stop power rail pending_off timer
11-23 14:58:09.622  1011  1189 D ASH     : @ 94741.820: tcs3701: start power rail timer, state:3
11-23 14:58:09.626  1795  2467 D CompatibilityChangeReporter: Compat change id reported: 161252188; UID 10010; state: DISABLED
11-23 14:58:09.626  1795  2467 I ActivityTaskManager: START u0 {act=android.intent.action.MAIN cat=[android.intent.category.LAUNCHER] flg=0x10200000 cmp=com.chrome.canary/com.google.android.apps.chrome.Main} from uid 2000
11-23 14:58:09.627  1795  2467 D CompatibilityChangeReporter: Compat change id reported: 265464455; UID 10010; state: DISABLED
11-23 14:58:09.627  1795  2467 D CompatibilityChangeReporter: Compat change id reported: 265452344; UID 10010; state: DISABLED
11-23 14:58:09.627  1795  2467 D CompatibilityChangeReporter: Compat change id reported: 266124927; UID 10010; state: DISABLED
11-23 14:58:09.627  1795  2467 D CompatibilityChangeReporter: Compat change id reported: 265451093; UID 10010; state: DISABLED
11-23 14:58:09.627  1795  2467 D CompatibilityChangeReporter: Compat change id reported: 265456536; UID 10010; state: DISABLED
11-23 14:58:09.627  1795  2467 D CompatibilityChangeReporter: Compat change id reported: 255940284; UID 10010; state: DISABLED
11-23 14:58:09.627  1795  2467 D CompatibilityChangeReporter: Compat change id reported: 236283604; UID 10010; state: DISABLED
11-23 14:58:09.627  1795  2467 D CompatibilityChangeReporter: Compat change id reported: 263959004; UID 10010; state: DISABLED
11-23 14:58:09.627  1795  2467 D CompatibilityChangeReporter: Compat change id reported: 264304459; UID 10010; state: DISABLED
11-23 14:58:09.627  1795  2467 D CompatibilityChangeReporter: Compat change id reported: 264301586; UID 10010; state: DISABLED
11-23 14:58:09.627  1795  2467 D CompatibilityChangeReporter: Compat change id reported: 254631730; UID 10010; state: DISABLED
11-23 14:58:09.627  1795  2467 D CompatibilityChangeReporter: Compat change id reported: 273509367; UID 10010; state: DISABLED
11-23 14:58:09.627  1795  2467 D CompatibilityChangeReporter: Compat change id reported: 263259275; UID 10010; state: DISABLED
11-23 14:58:09.628  1795  2467 D CompatibilityChangeReporter: Compat change id reported: 194480991; UID 10010; state: ENABLED
11-23 14:58:09.628  1795  2467 D CompatibilityChangeReporter: Compat change id reported: 174042980; UID 10010; state: DISABLED
11-23 14:58:09.629  1795  2467 D CompatibilityChangeReporter: Compat change id reported: 184838306; UID 10010; state: DISABLED
11-23 14:58:09.629  1795  2467 D CompatibilityChangeReporter: Compat change id reported: 185004937; UID 10010; state: DISABLED
11-23 14:58:09.630  1795  2467 D CompatibilityChangeReporter: Compat change id reported: 205907456; UID 10010; state: ENABLED
11-23 14:58:09.632  1795  2467 D CompatibilityChangeReporter: Compat change id reported: 194833441; UID 10010; state: ENABLED
11-23 14:58:09.633 29821 29821 I Monkey  : Events injected: 1
11-23 14:58:09.634  1795  2100 D CompatibilityChangeReporter: Compat change id reported: 135634846; UID 10010; state: DISABLED
11-23 14:58:09.634  1795  2149 E system_server: updateValue is called with a value {0, 0, 0, 0, 0, 0, 0, 0, 0, 0, 0, 0, 0, 0, 0, 0, 0, 0, 0, 0, 0, 0, 0, 0, 0}, which is lower than the previous value {0, 218, 244, 1940, 947, 26989, 7527, 4009, 10727, 276, 2673, 2680, 5337, 1349, 1883, 0, 0, 1343, 5679, 8775, 1862, 441, 452, 1706, 0}
11-23 14:58:09.634  1795  2149 E system_server: updateValue is called with a value {0, 0, 0, 0, 0, 0, 0, 0, 0, 0, 0, 0, 0, 0, 0, 0, 0, 0, 0, 0, 0, 0, 0, 0, 0}, which is lower than the previous value {0, 0, 0, 1, 1, 9, 1, 0, 24, 0, 0, 0, 0, 0, 0, 0, 0, 0, 0, 0, 0, 0, 0, 0, 0}
11-23 14:58:09.634  1795  2120 D CompatibilityChangeReporter: Compat change id reported: 143937733; UID 10010; state: ENABLED
11-23 14:58:09.636  2513  2550 W Parcel  : Expecting binder but got null!
11-23 14:58:09.642  1795  1853 D CompatibilityChangeReporter: Compat change id reported: 168419799; UID 10010; state: DISABLED
11-23 14:58:09.642  1795  1853 D CompatibilityChangeReporter: Compat change id reported: 273564678; UID 10010; state: DISABLED
11-23 14:58:09.644 29821 29821 I Monkey  : ## Network stats: elapsed time=16ms (0ms mobile, 0ms wifi, 16ms not connected)
11-23 14:58:09.645 29821 29821 I app_process: System.exit called, status: 0
11-23 14:58:09.645 29821 29821 I AndroidRuntime: VM exiting with result code 0.
11-23 14:58:09.645  3657  4525 D ForegroundUtils: Foreground UID status:
11-23 14:58:09.645  3657  4525 D ForegroundUtils: UID: 10128 is in foreground: true
11-23 14:58:09.645  3657  4525 D ForegroundUtils: UID: 10158 is in foreground: true
11-23 14:58:09.645  3657  4525 D ForegroundUtils: UID: 10189 is in foreground: false
11-23 14:58:09.645  3657  4525 D ForegroundUtils: UID: 10194 is in foreground: true
11-23 14:58:09.645  3657  4525 D ForegroundUtils: UID: 10206 is in foreground: false
11-23 14:58:09.645  3657  4525 D ForegroundUtils: UID: 10233 is in foreground: true
11-23 14:58:09.645  3657  4525 D ForegroundUtils: UID: 10244 is in foreground: true
11-23 14:58:09.645  3657  4525 D ForegroundUtils: UID: 10304 is in foreground: true
11-23 14:58:09.645  3657  4525 D ForegroundUtils: UID: 10319 is in foreground: true
11-23 14:58:09.650  2513  2550 E OpenGLRenderer: Unable to match the desired swap behavior.
11-23 14:58:09.651   987   987 D Zygote  : Forked child process 29838
11-23 14:58:09.652  1795  2120 I ActivityManager: Start proc 29838:com.chrome.canary/u0a10 for next-top-activity {com.chrome.canary/com.google.android.apps.chrome.Main}
11-23 14:58:09.662  1011  1189 I ASH     : @ 94741.860: tcs3701: stop power rail pending_off timer
11-23 14:58:09.662  1011  1189 D ASH     : @ 94741.860: tcs3701: start power rail timer, state:3
11-23 14:58:09.665 29838 29838 I m.chrome.canary: Using CollectorTypeCC GC.
11-23 14:58:09.670  1383  1442 I adbd    : jdwp connection from 29838
11-23 14:58:09.681 29838 29838 I ActivityThread: Relaunch all activities: onCoreSettingsChange
11-23 14:58:09.682 29838 29838 D CompatibilityChangeReporter: Compat change id reported: 171979766; UID 10010; state: ENABLED
11-23 14:58:09.682  3657  4525 D ForegroundUtils: Foreground UID status:
11-23 14:58:09.682  3657  4525 D ForegroundUtils: UID: 10010 is in foreground: true
11-23 14:58:09.682  3657  4525 D ForegroundUtils: UID: 10128 is in foreground: true
11-23 14:58:09.682  3657  4525 D ForegroundUtils: UID: 10158 is in foreground: true
11-23 14:58:09.682  3657  4525 D ForegroundUtils: UID: 10189 is in foreground: false
11-23 14:58:09.682  3657  4525 D ForegroundUtils: UID: 10194 is in foreground: true
11-23 14:58:09.682  3657  4525 D ForegroundUtils: UID: 10206 is in foreground: false
11-23 14:58:09.682  3657  4525 D ForegroundUtils: UID: 10233 is in foreground: true
11-23 14:58:09.682  3657  4525 D ForegroundUtils: UID: 10244 is in foreground: true
11-23 14:58:09.682  3657  4525 D ForegroundUtils: UID: 10304 is in foreground: true
11-23 14:58:09.682  3657  4525 D ForegroundUtils: UID: 10319 is in foreground: true
11-23 14:58:09.685 29838 29838 W ziparchive: Unable to open '/data/app/~~-FnXeb6__ecKd-dFZ4kZZA==/com.google.android.trichromelibrary.canary_613700033-7Q2vBiD9q0nCftKFg-pq8w==/base.dm': No such file or directory
11-23 14:58:09.685 29838 29838 W ziparchive: Unable to open '/data/app/~~-FnXeb6__ecKd-dFZ4kZZA==/com.google.android.trichromelibrary.canary_613700033-7Q2vBiD9q0nCftKFg-pq8w==/base.dm': No such file or directory
11-23 14:58:09.685 29838 29838 W m.chrome.canary: Entry not found
11-23 14:58:09.686 29838 29838 D nativeloader: Configuring clns-4 for other apk /data/app/~~-FnXeb6__ecKd-dFZ4kZZA==/com.google.android.trichromelibrary.canary_613700033-7Q2vBiD9q0nCftKFg-pq8w==/base.apk. target_sdk_version=34, uses_libraries=ALL, library_path=/data/app/~~dutrJzl_xJkEyCCvIkexCw==/com.chrome.canary-4jcd8srf2WXxld2NC1r69A==/lib/arm64:/data/app/~~dutrJzl_xJkEyCCvIkexCw==/com.chrome.canary-4jcd8srf2WXxld2NC1r69A==/base.apk!/lib/arm64-v8a:/data/app/~~-FnXeb6__ecKd-dFZ4kZZA==/com.google.android.trichromelibrary.canary_613700033-7Q2vBiD9q0nCftKFg-pq8w==/base.apk!/lib/arm64-v8a, permitted_path=/data:/mnt/expand:/data/user/0/com.chrome.canary
11-23 14:58:09.690 29838 29838 D nativeloader: Configuring clns-5 for other apk /data/app/~~dutrJzl_xJkEyCCvIkexCw==/com.chrome.canary-4jcd8srf2WXxld2NC1r69A==/base.apk. target_sdk_version=34, uses_libraries=, library_path=/data/app/~~dutrJzl_xJkEyCCvIkexCw==/com.chrome.canary-4jcd8srf2WXxld2NC1r69A==/lib/arm64:/data/app/~~dutrJzl_xJkEyCCvIkexCw==/com.chrome.canary-4jcd8srf2WXxld2NC1r69A==/base.apk!/lib/arm64-v8a:/data/app/~~-FnXeb6__ecKd-dFZ4kZZA==/com.google.android.trichromelibrary.canary_613700033-7Q2vBiD9q0nCftKFg-pq8w==/base.apk!/lib/arm64-v8a, permitted_path=/data:/mnt/expand:/data/user/0/com.chrome.canary
11-23 14:58:09.699 29838 29838 V GraphicsEnvironment: ANGLE Developer option for 'com.chrome.canary' set to: 'default'
11-23 14:58:09.699 29838 29838 V GraphicsEnvironment: ANGLE GameManagerService for com.chrome.canary: false
11-23 14:58:09.699 29838 29838 V GraphicsEnvironment: Updatable production driver is not supported on the device.
11-23 14:58:09.701 29838 29838 I LoadedApk: No resource references to update in package com.google.android.trichromelibrary.canary
11-23 14:58:09.701 29838 29838 D NetworkSecurityConfig: Using Network Security Config from resource 0_resource_name_obfuscated debugBuild: false
11-23 14:58:09.701 29838 29838 D NetworkSecurityConfig: Using Network Security Config from resource 0_resource_name_obfuscated debugBuild: false
11-23 14:58:09.701 29838 29838 I cr_SplitCompatApp: Launched version=121.0.6137.0 minSdkVersion=29 isBundle=true processName=com.chrome.canary isIsolated=false
11-23 14:58:09.702  1011  1189 I ASH     : @ 94741.900: tcs3701: stop power rail pending_off timer
11-23 14:58:09.702  1011  1189 D ASH     : @ 94741.900: tcs3701: start power rail timer, state:3
11-23 14:58:09.721 29838 29858 I cr_LibraryLoader: Loading monochrome_64 from within /data/app/~~dutrJzl_xJkEyCCvIkexCw==/com.chrome.canary-4jcd8srf2WXxld2NC1r69A==/base.apk
11-23 14:58:09.722  1795  1853 D CompatibilityChangeReporter: Compat change id reported: 161145287; UID 10010; state: DISABLED
11-23 14:58:09.724 29838 29858 I cr_Linker: loadLibraryImplLocked: monochrome_64, relroMode=1
11-23 14:58:09.735  3875  3875 I dzhj    : onPause
11-23 14:58:09.737 29838 29858 I cr_LibraryLoader: Successfully loaded native library
11-23 14:58:09.738 29838 29858 I cr_CachingUmaRecorder: Flushed 21 samples from 19 histograms, 0 samples were dropped.
11-23 14:58:09.738  3604  3604 I hitl    : (REDACTED) received broadcast: %s
11-23 14:58:09.739  3604  4265 I hito    : (REDACTED) received broadcast: %s
11-23 14:58:09.739  3604  4265 I hioo    : (REDACTED) #onConfigUpdate. requester: %s
11-23 14:58:09.739  3604  4264 I hioo    : #onConfigUpdate inside sequencer
11-23 14:58:09.739  3604  4264 I hilg    : (REDACTED) Voice Match (Speaker-id) supported : %b 
11-23 14:58:09.739  3604  4264 I hilg    : (REDACTED) hotword enrollment state is enrolled:  %b, speakerId model exist: %b. Voice Match supported : %b 
11-23 14:58:09.739  3604  4264 I hilg    : (REDACTED) isHotwordAvailable():  %b, isHotwordEnabled() %b 
11-23 14:58:09.739  3604  4264 I hilg    : (REDACTED) isHotwordAvailable():  %b, isHotwordEnabled() %b 
11-23 14:58:09.740  3604  4264 I hilg    : (REDACTED) Hotword enrollment state : %s.
11-23 14:58:09.740  3604  4264 I hilg    : (REDACTED) Voice Match (Speaker-id) supported : %b 
11-23 14:58:09.740  3604  4264 I hilg    : (REDACTED) Voice Match (Speaker-id) supported : %b 
11-23 14:58:09.740  3604  4264 I hilg    : (REDACTED) hotword enrollment state is enrolled:  %b, speakerId model exist: %b, voice match supported : %b
11-23 14:58:09.740  3604  4264 I hilg    : (REDACTED) Hotword isNonVoiceMatchHotwordEnabled: %b, isHotwordAvailable: %b, isHotwordEnabled: %b, isVoiceMatchSupported: %b, isHotwordEnrolled: %b,
11-23 14:58:09.740  3604  4264 I hioo    : (REDACTED) Ignore the legacy hotword request. voice match enabled %b, isHotwordSupported %b, isIncompleteEnrollmentState %b, nonVoiceMatchHotwordEnabled %b
11-23 14:58:09.742  1011  1189 I ASH     : @ 94741.940: tcs3701: stop power rail pending_off timer
11-23 14:58:09.742  1011  1189 D ASH     : @ 94741.940: tcs3701: start power rail timer, state:3
11-23 14:58:09.750 29838 29863 W DynamiteModule: Local module descriptor class for com.google.android.gms.googlecertificates not found.
11-23 14:58:09.751 29838 29838 I cr_MultiInstance: Removed invalid instance data. Removed tasks-instance mappings: [Chrome.MultiInstance.TaskMap.0 - 1428] and shared prefs for instances: []
11-23 14:58:09.751 29838 29838 I cr_MultiInstance: Existing Instance - persisted and unmapped Id allocated: 0
11-23 14:58:09.752 29838 29838 I cr_MultiInstance: Intent action: android.intent.action.MAIN
11-23 14:58:09.752 29838 29838 I cr_MultiInstance: Intent routed via ChromeLauncherActivity: false
11-23 14:58:09.752 29838 29838 I cr_MultiInstance: Referrer: android-app://com.android.shell
11-23 14:58:09.752 29838 29838 I cr_MultiInstance: Intent contains LAUNCHER category: true
11-23 14:58:09.752 29838 29838 I cr_MultiInstance: Intent contains FLAG_ACTIVITY_MULTIPLE_TASK: false
11-23 14:58:09.752 29838 29838 I cr_MultiInstance: Intent contains FLAG_ACTIVITY_NEW_TASK: true
11-23 14:58:09.752 29838 29838 I cr_MultiInstance: Intent component: com.google.android.apps.chrome.Main
11-23 14:58:09.752 29838 29838 I cr_MultiInstance: Intent sent by OS: false
11-23 14:58:09.752 29838 29838 I cr_MultiInstance: @ExternalAppId of intent source: 0
11-23 14:58:09.752 29838 29838 I cr_MultiInstance: Are all instances running: false
11-23 14:58:09.752 29838 29838 I cr_MultiInstance: Window allocation type: 6
11-23 14:58:09.752 29838 29838 I cr_MultiInstance: Window ID allocated: 0
11-23 14:58:09.753 29838 29838 W cr_ActivityDispatcher: CustomTabsIntent#shouldAlwaysUseBrowserUI() = false
11-23 14:58:09.753 29838 29838 D CompatibilityChangeReporter: Compat change id reported: 183155436; UID 10010; state: ENABLED
11-23 14:58:09.758 29838 29863 I DynamiteModule: Considering local module com.google.android.gms.googlecertificates:0 and remote module com.google.android.gms.googlecertificates:7
11-23 14:58:09.758 29838 29863 I DynamiteModule: Selected remote version of com.google.android.gms.googlecertificates, version >= 7
11-23 14:58:09.761 29838 29838 E m.chrome.canary: Invalid ID 0x00000000.
11-23 14:58:09.762 29838 29863 W System  : ClassLoader referenced unknown path: 
11-23 14:58:09.762 29838 29863 D nativeloader: Configuring clns-6 for other apk . target_sdk_version=34, uses_libraries=, library_path=/data/app/~~kuQRvAzVZuE4Ro2oLuwWdQ==/com.google.android.gms-oAttmqgZrSU_NO_sHK9RSA==/lib/arm64:/data/app/~~kuQRvAzVZuE4Ro2oLuwWdQ==/com.google.android.gms-oAttmqgZrSU_NO_sHK9RSA==/base.apk!/lib/arm64-v8a, permitted_path=/data:/mnt/expand:/data/user/0/com.google.android.gms
11-23 14:58:09.763 29838 29838 I cr_SplitCompatClassLoader: Splits: null
11-23 14:58:09.778  3845  3845 E AbstractGmsTracer: Traced class shouldn't be obfuscated: GmsBoundBrokerChimeraService [CONTEXT service_id=259 ]
11-23 14:58:09.778  3845  3845 D BoundBrokerSvc: onBind: Intent { act=com.google.android.gms.safetynet.service.START pkg=com.google.android.gms }
11-23 14:58:09.778  3845  3845 D BoundBrokerSvc: Loading bound service for intent: Intent { act=com.google.android.gms.safetynet.service.START pkg=com.google.android.gms }
11-23 14:58:09.780  3845  3845 E AbstractGmsTracer: Traced class shouldn't be obfuscated: SafetyNetClientChimeraService [CONTEXT service_id=259 ]
11-23 14:58:09.782 29838 29838 W cr_ActivityDispatcher: CustomTabsIntent#shouldAlwaysUseBrowserUI() = false
11-23 14:58:09.782  1011  1189 I ASH     : @ 94741.980: tcs3701: stop power rail pending_off timer
11-23 14:58:09.782  1011  1189 D ASH     : @ 94741.980: tcs3701: start power rail timer, state:3
11-23 14:58:09.787  3074  3074 E AbstractGmsTracer: Traced class shouldn't be obfuscated: GmsApiChimeraService [CONTEXT service_id=259 ]
11-23 14:58:09.789  3074  3074 D BoundBrokerSvc: onBind: Intent { act=com.google.android.gms.phenotype.service.START pkg=com.google.android.gms }
11-23 14:58:09.789  3074  3074 D BoundBrokerSvc: Loading bound service for intent: Intent { act=com.google.android.gms.phenotype.service.START pkg=com.google.android.gms }
11-23 14:58:09.790  3074  3074 E AbstractGmsTracer: Traced class shouldn't be obfuscated: PhenotypeChimeraService [CONTEXT service_id=259 ]
11-23 14:58:09.790 29838 29838 I cr_CompositorSurfaceMgr: Transitioning to surface with format: -1
11-23 14:58:09.801 29838 29838 D CompatibilityChangeReporter: Compat change id reported: 210923482; UID 10010; state: ENABLED
11-23 14:58:09.822  1011  1189 I ASH     : @ 94742.020: tcs3701: stop power rail pending_off timer
11-23 14:58:09.822  1011  1189 D ASH     : @ 94742.020: tcs3701: start power rail timer, state:3
11-23 14:58:09.826 29838 29838 D CompatibilityChangeReporter: Compat change id reported: 193247900; UID 10010; state: ENABLED
11-23 14:58:09.844 29838 29838 W cr_ActivityDispatcher: CustomTabsIntent#shouldAlwaysUseBrowserUI() = false
11-23 14:58:09.850 29838 29838 D CompatibilityChangeReporter: Compat change id reported: 237531167; UID 10010; state: DISABLED
11-23 14:58:09.855 29838 29873 W Parcel  : Expecting binder but got null!
11-23 14:58:09.861  1795  2467 D CoreBackPreview: Window{e24a7a0 u0 com.chrome.canary/com.google.android.apps.chrome.Main}: Setting back callback OnBackInvokedCallbackInfo{mCallback=android.window.IOnBackInvokedCallback$Stub$Proxy@3bc9dcc, mPriority=-1}
11-23 14:58:09.861  1795  2467 D CoreBackPreview: Window{e24a7a0 u0 com.chrome.canary/com.google.android.apps.chrome.Main}: Setting back callback OnBackInvokedCallbackInfo{mCallback=android.window.IOnBackInvokedCallback$Stub$Proxy@72b8815, mPriority=0}
11-23 14:58:09.862  1011  1189 I ASH     : @ 94742.060: tcs3701: stop power rail pending_off timer
11-23 14:58:09.862  1011  1189 D ASH     : @ 94742.060: tcs3701: start power rail timer, state:3
11-23 14:58:09.863  1795  2120 D CompatibilityChangeReporter: Compat change id reported: 143937733; UID 10010; state: ENABLED
11-23 14:58:09.864  1795  2120 D CompatibilityChangeReporter: Compat change id reported: 135634846; UID 10010; state: DISABLED
11-23 14:58:09.864  1795  2120 D CompatibilityChangeReporter: Compat change id reported: 207557677; UID 10010; state: ENABLED
11-23 14:58:09.864   987   987 W Zygote  : forkRepeatedly terminated due to non-simple command
11-23 14:58:09.864   987   987 D Zygote  : mbuffer starts with 15, nice name is com.chrome.canary_zygote, mEnd = 410, mNext = 191, mLinesLeft = 6, mFd = 5
11-23 14:58:09.869 29838 29873 I AdrenoGLES-0: QUALCOMM build                   : 4783c89, I46ff5fc46f
11-23 14:58:09.869 29838 29873 I AdrenoGLES-0: Build Date                       : 11/30/20
11-23 14:58:09.869 29838 29873 I AdrenoGLES-0: OpenGL ES Shader Compiler Version: EV031.31.04.01
11-23 14:58:09.869 29838 29873 I AdrenoGLES-0: Local Branch                     : QPR2
11-23 14:58:09.869 29838 29873 I AdrenoGLES-0: Remote Branch                    : 
11-23 14:58:09.869 29838 29873 I AdrenoGLES-0: Remote Branch                    : 
11-23 14:58:09.869 29838 29873 I AdrenoGLES-0: Reconstruct Branch               : 
11-23 14:58:09.869 29838 29873 I AdrenoGLES-0: Build Config                     : S P 10.0.4 AArch64
11-23 14:58:09.869 29838 29873 I AdrenoGLES-0: Driver Path                      : /vendor/lib64/egl/libGLESv2_adreno.so
11-23 14:58:09.871 29838 29838 I cr_StartSurfaceConfig: Recorded Startup.Android.FirstDrawCompletedTime.NoInstant = 112 ms
11-23 14:58:09.872 29838 29873 I AdrenoGLES-0: PFP: 0x016dd093, ME: 0x00000000
11-23 14:58:09.873 29838 29873 W AdrenoUtils: <ReadGpuID_from_sysfs:197>: Failed to open /sys/class/kgsl/kgsl-3d0/gpu_model
11-23 14:58:09.873 29838 29873 W AdrenoUtils: <ReadGpuID:221>: Failed to read chip ID from gpu_model. Fallback to use the GSL path
11-23 14:58:09.880   648   711 I SDM     : HWCDisplay::GetColorModeCount: Supported color mode count = 3
11-23 14:58:09.880   648   711 I SDM     : HWCDisplay::GetColorModes: Color mode = 0 is supported
11-23 14:58:09.880   648   711 I SDM     : HWCDisplay::GetColorModes: Color mode = 7 is supported
11-23 14:58:09.880   648   711 I SDM     : HWCDisplay::GetColorModes: Color mode = 9 is supported
11-23 14:58:09.879  3074  2593 E ckqk    : Phenotype API error. Event # evhb@627f0d8e, EventCode: 7 [CONTEXT service_id=51 ]
11-23 14:58:09.879  3074  2593 E ckqk    : ckoo: 29505: No config packages for log source, or config package not registered
11-23 14:58:09.879  3074  2593 E ckqk    : 	at ckrk.b(:com.google.android.gms@234414038@23.44.14 (190400-580326705):79)
11-23 14:58:09.879  3074  2593 E ckqk    : 	at ckrh.h(:com.google.android.gms@234414038@23.44.14 (190400-580326705):3)
11-23 14:58:09.879  3074  2593 E ckqk    : 	at ckqk.g(:com.google.android.gms@234414038@23.44.14 (190400-580326705):18)
11-23 14:58:09.879  3074  2593 E ckqk    : 	at ckqk.f(:com.google.android.gms@234414038@23.44.14 (190400-580326705):11)
11-23 14:58:09.879  3074  2593 E ckqk    : 	at bfmo.fh(:com.google.android.gms@234414038@23.44.14 (190400-580326705):1)
11-23 14:58:09.879  3074  2593 E ckqk    : 	at bfmz.run(:com.google.android.gms@234414038@23.44.14 (190400-580326705):100)
11-23 14:58:09.879  3074  2593 E ckqk    : 	at dvlp.run(:com.google.android.gms@234414038@23.44.14 (190400-580326705):13)
11-23 14:58:09.879  3074  2593 E ckqk    : 	at ajls.c(:com.google.android.gms@234414038@23.44.14 (190400-580326705):50)
11-23 14:58:09.879  3074  2593 E ckqk    : 	at ajls.run(:com.google.android.gms@234414038@23.44.14 (190400-580326705):76)
11-23 14:58:09.879  3074  2593 E ckqk    : 	at java.util.concurrent.ThreadPoolExecutor.runWorker(ThreadPoolExecutor.java:1145)
11-23 14:58:09.879  3074  2593 E ckqk    : 	at java.util.concurrent.ThreadPoolExecutor$Worker.run(ThreadPoolExecutor.java:644)
11-23 14:58:09.879  3074  2593 E ckqk    : 	at ajqx.run(:com.google.android.gms@234414038@23.44.14 (190400-580326705):8)
11-23 14:58:09.879  3074  2593 E ckqk    : 	at java.lang.Thread.run(Thread.java:1012)
11-23 14:58:09.880 29838 29873 E OpenGLRenderer: Unable to match the desired swap behavior.
11-23 14:58:09.881   987   987 D Zygote  : Forked child process 29883
11-23 14:58:09.881  3074  2593 W AsyncOperation: operation=GetExperimentTokensOperationCall, opStatusCode=29505 [CONTEXT service_id=51 ]
11-23 14:58:09.881  3074  2593 W AsyncOperation: OperationException[Status{statusCode=No config packages for log source, or config package not registered, resolution=null}]
11-23 14:58:09.881  3074  2593 W AsyncOperation: 	at ckqk.g(:com.google.android.gms@234414038@23.44.14 (190400-580326705):48)
11-23 14:58:09.881  3074  2593 W AsyncOperation: 	at ckqk.f(:com.google.android.gms@234414038@23.44.14 (190400-580326705):11)
11-23 14:58:09.881  3074  2593 W AsyncOperation: 	at bfmo.fh(:com.google.android.gms@234414038@23.44.14 (190400-580326705):1)
11-23 14:58:09.881  3074  2593 W AsyncOperation: 	at bfmz.run(:com.google.android.gms@234414038@23.44.14 (190400-580326705):100)
11-23 14:58:09.881  3074  2593 W AsyncOperation: 	at dvlp.run(:com.google.android.gms@234414038@23.44.14 (190400-580326705):13)
11-23 14:58:09.881  3074  2593 W AsyncOperation: 	at ajls.c(:com.google.android.gms@234414038@23.44.14 (190400-580326705):50)
11-23 14:58:09.881  3074  2593 W AsyncOperation: 	at ajls.run(:com.google.android.gms@234414038@23.44.14 (190400-580326705):76)
11-23 14:58:09.881  3074  2593 W AsyncOperation: 	at java.util.concurrent.ThreadPoolExecutor.runWorker(ThreadPoolExecutor.java:1145)
11-23 14:58:09.881  3074  2593 W AsyncOperation: 	at java.util.concurrent.ThreadPoolExecutor$Worker.run(ThreadPoolExecutor.java:644)
11-23 14:58:09.881  3074  2593 W AsyncOperation: 	at ajqx.run(:com.google.android.gms@234414038@23.44.14 (190400-580326705):8)
11-23 14:58:09.881  3074  2593 W AsyncOperation: 	at java.lang.Thread.run(Thread.java:1012)
11-23 14:58:09.884   595   595 I servicemanager: Could not find android.hardware.graphics.allocator.IAllocator/default in the VINTF manifest.
11-23 14:58:09.884  1795  2120 W ZygoteProcess: Got error connecting to zygote, retrying. msg= Connection refused
11-23 14:58:09.887 29883 29883 I libc    : SetHeapTaggingLevel: tag level set to 0
11-23 14:58:09.892 29883 29883 I e.canary_zygote: Using CollectorTypeCC GC.
11-23 14:58:09.900  1795  2096 I ActivityTaskManager: Displayed com.chrome.canary/com.google.android.apps.chrome.Main: +269ms
11-23 14:58:09.902  1011  1189 I ASH     : @ 94742.100: tcs3701: stop power rail pending_off timer
11-23 14:58:09.902  1011  1189 D ASH     : @ 94742.100: tcs3701: start power rail timer, state:3
11-23 14:58:09.905 29838 29838 I cr_CombinedPProvider: #linkNativeInternal() 0
11-23 14:58:09.905 29838 29838 I cr_PolicyProvider: #setManagerAndSource() 0
11-23 14:58:09.906 29838 29838 I cr_PolicyCacheProvider: #refresh() true
11-23 14:58:09.923 29838 29854 I cr_PartnerCustUma: Partner Customization delegate: 0.
11-23 14:58:09.923 29838 29854 W cr_PartnerCustomize: Partner homepage must be HTTP(S) or NewTabPage. Got invalid URL ""
11-23 14:58:09.931  2588  2588 I WallpaperService: engine paused
11-23 14:58:09.932  1011  1011 I sensors-hal: [hal]activate_physical_sensor:251, android.sensor.gyroscope/41 en=0
11-23 14:58:09.935  1011  1011 D Diag_Lib: diag: Diag_LSM_DeInit: invoked for pid: 1011
11-23 14:58:09.935  1011  1011 D Diag_Lib: diag: Diag_LSM_DeInit: done for pid: 1011
11-23 14:58:09.935  1795  2120 I AppZygote: Starting application preload.
11-23 14:58:09.937  1011  1011 D Diag_Lib: diag: Diag_LSM_DeInit: invoked for pid: 1011
11-23 14:58:09.937  1011  1011 D Diag_Lib: diag: Diag_LSM_DeInit: done for pid: 1011
11-23 14:58:09.937  1011  1011 I sensors-hal: [hal]activate_physical_sensor:262, android.sensor.gyroscope/41 en=0 completed
11-23 14:58:09.939 29883 29883 I AppZygoteInit: Beginning application preload for com.chrome.canary
11-23 14:58:09.941 29883 29883 W ziparchive: Unable to open '/data/app/~~-FnXeb6__ecKd-dFZ4kZZA==/com.google.android.trichromelibrary.canary_613700033-7Q2vBiD9q0nCftKFg-pq8w==/base.dm': No such file or directory
11-23 14:58:09.941 29883 29883 W ziparchive: Unable to open '/data/app/~~-FnXeb6__ecKd-dFZ4kZZA==/com.google.android.trichromelibrary.canary_613700033-7Q2vBiD9q0nCftKFg-pq8w==/base.dm': No such file or directory
11-23 14:58:09.941 29883 29883 W e.canary_zygote: Entry not found
11-23 14:58:09.942  1011  1189 I ASH     : @ 94742.140: tcs3701: stop power rail pending_off timer
11-23 14:58:09.942  1011  1189 D ASH     : @ 94742.140: tcs3701: start power rail timer, state:3
11-23 14:58:09.943 29883 29883 D nativeloader: Configuring clns-4 for other apk /data/app/~~-FnXeb6__ecKd-dFZ4kZZA==/com.google.android.trichromelibrary.canary_613700033-7Q2vBiD9q0nCftKFg-pq8w==/base.apk. target_sdk_version=34, uses_libraries=ALL, library_path=/data/app/~~dutrJzl_xJkEyCCvIkexCw==/com.chrome.canary-4jcd8srf2WXxld2NC1r69A==/lib/arm64:/data/app/~~dutrJzl_xJkEyCCvIkexCw==/com.chrome.canary-4jcd8srf2WXxld2NC1r69A==/base.apk!/lib/arm64-v8a:/data/app/~~-FnXeb6__ecKd-dFZ4kZZA==/com.google.android.trichromelibrary.canary_613700033-7Q2vBiD9q0nCftKFg-pq8w==/base.apk!/lib/arm64-v8a, permitted_path=/data:/mnt/expand
11-23 14:58:09.951 29883 29883 D nativeloader: Configuring clns-5 for other apk /data/app/~~dutrJzl_xJkEyCCvIkexCw==/com.chrome.canary-4jcd8srf2WXxld2NC1r69A==/base.apk. target_sdk_version=34, uses_libraries=, library_path=/data/app/~~dutrJzl_xJkEyCCvIkexCw==/com.chrome.canary-4jcd8srf2WXxld2NC1r69A==/lib/arm64:/data/app/~~dutrJzl_xJkEyCCvIkexCw==/com.chrome.canary-4jcd8srf2WXxld2NC1r69A==/base.apk!/lib/arm64-v8a:/data/app/~~-FnXeb6__ecKd-dFZ4kZZA==/com.google.android.trichromelibrary.canary_613700033-7Q2vBiD9q0nCftKFg-pq8w==/base.apk!/lib/arm64-v8a, permitted_path=/data:/mnt/expand
11-23 14:58:09.956 29883 29883 I cr_ZygotePreload: Loaded Zygote. version=121.0.6137.0 minSdkVersion=29 isBundle=true
11-23 14:58:09.961 29883 29883 I cr_LibraryLoader: Loading monochrome_64 from within /data/app/~~dutrJzl_xJkEyCCvIkexCw==/com.chrome.canary-4jcd8srf2WXxld2NC1r69A==/base.apk
11-23 14:58:09.961 29883 29883 I cr_Linker: loadLibraryImplLocked: monochrome_64, relroMode=1
11-23 14:58:09.977  1795  2120 I AppZygote: Application preload done.
11-23 14:58:09.977 29883 29883 I AppZygoteInit: Application preload done
11-23 14:58:09.980 29838 29838 I chromium: [INFO:policy_logger.cc(144)] :components/enterprise/browser/controller/chrome_browser_cloud_management_controller.cc(273) Deferring CBCM Controller Initialization until it is unblocked.
11-23 14:58:09.982  1011  1189 I ASH     : @ 94742.180: tcs3701: stop power rail pending_off timer
11-23 14:58:09.983  1011  1189 D ASH     : @ 94742.180: tcs3701: start power rail timer, state:3
11-23 14:58:09.991 29883 29889 W e.canary_zygote: Reducing the number of considered missed Gc histogram windows from 9473 to 100
11-23 14:58:09.994 29883 29883 I Zygote  : Entering forkRepeatedly native zygote loop
11-23 14:58:10.003 29883 29883 D Zygote  : Forked child process 29910
11-23 14:58:10.005  1795  2120 W ActivityManager: Slow operation: 142ms so far, now at startProcess: returned from zygote!
11-23 14:58:10.008  1795  2120 W ActivityManager: Slow operation: 146ms so far, now at startProcess: done updating battery stats
11-23 14:58:10.008  1795  2120 W ActivityManager: Slow operation: 146ms so far, now at startProcess: building log message
11-23 14:58:10.008  1795  2120 I ActivityManager: Start proc 29910:com.chrome.canary:sandboxed_process0:org.chromium.content.app.SandboxedProcessService0:0/u0ai0 for  {com.chrome.canary/org.chromium.content.app.SandboxedProcessService0:0}
11-23 14:58:10.008  1795  2120 W ActivityManager: Slow operation: 146ms so far, now at startProcess: starting to update pids map
11-23 14:58:10.009  1795  2120 W ActivityManager: Slow operation: 146ms so far, now at startProcess: done updating pids map
11-23 14:58:10.010   987   987 I Zygote  : Entering forkRepeatedly native zygote loop
11-23 14:58:10.014 29838 29838 I cr_SmsProviderGms: construction successfull AM3@43b4147, xM3@25c929d
11-23 14:58:10.020 29910 29910 E libc    : SetHeapTaggingLevel: re-enabling tagging after it was disabled is not supported
11-23 14:58:10.022 29910 29910 I ocessService0:0: Using CollectorTypeCC GC.
11-23 14:58:10.022  1011  1189 I ASH     : @ 94742.220: tcs3701: stop power rail pending_off timer
11-23 14:58:10.022  1011  1189 D ASH     : @ 94742.220: tcs3701: start power rail timer, state:3
11-23 14:58:10.023   987   987 D Zygote  : Forked child process 29916
11-23 14:58:10.024  1795  2120 I ActivityManager: Start proc 29916:com.chrome.canary:privileged_process0/u0a10 for service {com.chrome.canary/org.chromium.content.app.PrivilegedProcessService0}
11-23 14:58:10.033  1795  2387 D ConnectivityService: requestNetwork for uid/pid:10010/29838 activeRequest: null callbackRequest: 2614 [NetworkRequest [ REQUEST id=2615, [ Capabilities: INTERNET&NOT_RESTRICTED&TRUSTED&NOT_VCN_MANAGED Uid: 10010 RequestorUid: 10010 RequestorPkg: com.chrome.canary UnderlyingNetworks: Null] ]] callback flags: 0 order: 2147483647
11-23 14:58:10.034  1795  2424 D WifiNetworkFactory: got request NetworkRequest [ REQUEST id=2615, [ Capabilities: INTERNET&NOT_RESTRICTED&TRUSTED&NOT_VCN_MANAGED Uid: 10010 RequestorUid: 10010 RequestorPkg: com.chrome.canary UnderlyingNetworks: Null] ]
11-23 14:58:10.034  1795  2432 D ConnectivityService: NetReassign [2615 : null → 100] [c 0] [a 1] [i 0]
11-23 14:58:10.034  1795  2424 V WifiNetworkFactory: Accepted network request NetworkRequest [ REQUEST id=2615, [ Capabilities: INTERNET&NOT_RESTRICTED&TRUSTED&NOT_VCN_MANAGED Uid: 10010 RequestorUid: 10010 RequestorPkg: com.chrome.canary UnderlyingNetworks: Null] ]
11-23 14:58:10.034  1795  2424 D UntrustedWifiNetworkFactory: got request NetworkRequest [ REQUEST id=2615, [ Capabilities: INTERNET&NOT_RESTRICTED&TRUSTED&NOT_VCN_MANAGED Uid: 10010 RequestorUid: 10010 RequestorPkg: com.chrome.canary UnderlyingNetworks: Null] ]
11-23 14:58:10.035  1795  2424 D OemPaidWifiNetworkFactory: got request NetworkRequest [ REQUEST id=2615, [ Capabilities: INTERNET&NOT_RESTRICTED&TRUSTED&NOT_VCN_MANAGED Uid: 10010 RequestorUid: 10010 RequestorPkg: com.chrome.canary UnderlyingNetworks: Null] ]
11-23 14:58:10.035  1795  2424 D MultiInternetWifiNetworkFactory: got request NetworkRequest [ REQUEST id=2615, [ Capabilities: INTERNET&NOT_RESTRICTED&TRUSTED&NOT_VCN_MANAGED Uid: 10010 RequestorUid: 10010 RequestorPkg: com.chrome.canary UnderlyingNetworks: Null] ]
11-23 14:58:10.036  1383  1442 I adbd    : jdwp connection from 29910
11-23 14:58:10.040  1795  2432 D ConnectivityService: NetReassign [no changes] [c 0] [a 1] [i 3]
11-23 14:58:10.046  3657  4525 D ForegroundUtils: Foreground UID status:
11-23 14:58:10.046  3657  4525 D ForegroundUtils: UID: 10010 is in foreground: true
11-23 14:58:10.046  3657  4525 D ForegroundUtils: UID: 10128 is in foreground: true
11-23 14:58:10.046  3657  4525 D ForegroundUtils: UID: 10158 is in foreground: true
11-23 14:58:10.046  3657  4525 D ForegroundUtils: UID: 10189 is in foreground: false
11-23 14:58:10.046  3657  4525 D ForegroundUtils: UID: 10194 is in foreground: true
11-23 14:58:10.046  3657  4525 D ForegroundUtils: UID: 10206 is in foreground: false
11-23 14:58:10.046  3657  4525 D ForegroundUtils: UID: 10233 is in foreground: true
11-23 14:58:10.046  3657  4525 D ForegroundUtils: UID: 10244 is in foreground: true
11-23 14:58:10.046  3657  4525 D ForegroundUtils: UID: 10304 is in foreground: true
11-23 14:58:10.046  3657  4525 D ForegroundUtils: UID: 10319 is in foreground: true
11-23 14:58:10.046  3657  4525 D ForegroundUtils: UID: 90000 is in foreground: true
11-23 14:58:10.047 29916 29916 I ileged_process0: Using CollectorTypeCC GC.
11-23 14:58:10.048 29838 29838 I cr_EnterpriseInfoImpl: #setCacheResult() deviceOwned:false profileOwned:false
11-23 14:58:10.049 29910 29910 I ActivityThread: Relaunch all activities: onCoreSettingsChange
11-23 14:58:10.049 29838 29838 I cr_EnterpriseInfo: #getManagedStateForNative() CQ0@ed976b3
11-23 14:58:10.049 29910 29910 D CompatibilityChangeReporter: Compat change id reported: 171979766; UID 90000; state: ENABLED
11-23 14:58:10.057  1383  1442 I adbd    : jdwp connection from 29916
11-23 14:58:10.062  1011  1189 I ASH     : @ 94742.260: tcs3701: stop power rail pending_off timer
11-23 14:58:10.062  1011  1189 D ASH     : @ 94742.260: tcs3701: start power rail timer, state:3
11-23 14:58:10.070 29916 29916 I ActivityThread: Relaunch all activities: onCoreSettingsChange
11-23 14:58:10.070 29916 29916 D CompatibilityChangeReporter: Compat change id reported: 171979766; UID 10010; state: ENABLED
11-23 14:58:10.075 29910 29910 I LoadedApk: No resource references to update in package com.google.android.trichromelibrary.canary
11-23 14:58:10.075 29910 29910 D NetworkSecurityConfig: Using Network Security Config from resource 0_resource_name_obfuscated debugBuild: false
11-23 14:58:10.076 29910 29910 D NetworkSecurityConfig: Using Network Security Config from resource 0_resource_name_obfuscated debugBuild: false
11-23 14:58:10.077 29916 29916 W ziparchive: Unable to open '/data/app/~~-FnXeb6__ecKd-dFZ4kZZA==/com.google.android.trichromelibrary.canary_613700033-7Q2vBiD9q0nCftKFg-pq8w==/base.dm': No such file or directory
11-23 14:58:10.077 29916 29916 W ziparchive: Unable to open '/data/app/~~-FnXeb6__ecKd-dFZ4kZZA==/com.google.android.trichromelibrary.canary_613700033-7Q2vBiD9q0nCftKFg-pq8w==/base.dm': No such file or directory
11-23 14:58:10.078 29916 29916 W ileged_process0: Entry not found
11-23 14:58:10.078 29910 29910 I cr_SplitCompatApp: Launched version=121.0.6137.0 minSdkVersion=29 isBundle=true processName=com.chrome.canary:sandboxed_process0:org.chromium.content.app.SandboxedProcessService0:0 isIsolated=true
11-23 14:58:10.079 29838 29898 I tflite  : Initialized TensorFlow Lite runtime.
11-23 14:58:10.079 29838 29898 W libc    : Access denied finding property "ro.mediatek.platform"
11-23 14:58:10.080 29838 29898 W libc    : Access denied finding property "ro.chipname"
11-23 14:58:10.080 29838 29898 W libc    : Access denied finding property "ro.hardware.chipname"
11-23 14:58:10.080  1795  2467 D ConnectivityService: requestNetwork for uid/pid:10010/29838 activeRequest: null callbackRequest: 2617 [NetworkRequest [ REQUEST id=2618, [ Capabilities: INTERNET&NOT_RESTRICTED&TRUSTED&NOT_VCN_MANAGED Uid: 10010 RequestorUid: 10010 RequestorPkg: com.chrome.canary UnderlyingNetworks: Null] ]] callback flags: 0 order: 2147483647
11-23 14:58:10.080 29916 29916 D nativeloader: Configuring clns-4 for other apk /data/app/~~-FnXeb6__ecKd-dFZ4kZZA==/com.google.android.trichromelibrary.canary_613700033-7Q2vBiD9q0nCftKFg-pq8w==/base.apk. target_sdk_version=34, uses_libraries=ALL, library_path=/data/app/~~dutrJzl_xJkEyCCvIkexCw==/com.chrome.canary-4jcd8srf2WXxld2NC1r69A==/lib/arm64:/data/app/~~dutrJzl_xJkEyCCvIkexCw==/com.chrome.canary-4jcd8srf2WXxld2NC1r69A==/base.apk!/lib/arm64-v8a:/data/app/~~-FnXeb6__ecKd-dFZ4kZZA==/com.google.android.trichromelibrary.canary_613700033-7Q2vBiD9q0nCftKFg-pq8w==/base.apk!/lib/arm64-v8a, permitted_path=/data:/mnt/expand:/data/user/0/com.chrome.canary
11-23 14:58:10.081  1795  2387 D CompatibilityChangeReporter: Compat change id reported: 182734110; UID 10010; state: ENABLED
11-23 14:58:10.083  1795  2467 D CompatibilityChangeReporter: Compat change id reported: 149924527; UID 10010; state: ENABLED
11-23 14:58:10.084  1795  2467 D CompatibilityChangeReporter: Compat change id reported: 132649864; UID 10010; state: DISABLED
11-23 14:58:10.085  1795  2424 D WifiNetworkFactory: got request NetworkRequest [ REQUEST id=2618, [ Capabilities: INTERNET&NOT_RESTRICTED&TRUSTED&NOT_VCN_MANAGED Uid: 10010 RequestorUid: 10010 RequestorPkg: com.chrome.canary UnderlyingNetworks: Null] ]
11-23 14:58:10.085  1795  2424 V WifiNetworkFactory: Accepted network request NetworkRequest [ REQUEST id=2618, [ Capabilities: INTERNET&NOT_RESTRICTED&TRUSTED&NOT_VCN_MANAGED Uid: 10010 RequestorUid: 10010 RequestorPkg: com.chrome.canary UnderlyingNetworks: Null] ]
11-23 14:58:10.086  1795  2424 D UntrustedWifiNetworkFactory: got request NetworkRequest [ REQUEST id=2618, [ Capabilities: INTERNET&NOT_RESTRICTED&TRUSTED&NOT_VCN_MANAGED Uid: 10010 RequestorUid: 10010 RequestorPkg: com.chrome.canary UnderlyingNetworks: Null] ]
11-23 14:58:10.088  1795  2432 D ConnectivityService: NetReassign [2618 : null → 100] [c 0] [a 3] [i 4]
11-23 14:58:10.088 29838 29838 I cr_CombinedPProvider: #registerProvider() provider:gN2@80f0cb8 isPolicyCacheEnabled:true policyProvidersSize:0
11-23 14:58:10.088 29838 29838 I cr_PolicyProvider: #setManagerAndSource() 0
11-23 14:58:10.088 29838 29838 I cr_CombinedPProvider: #registerProvider() provider:fj@298aa91 isPolicyCacheEnabled:false policyProvidersSize:1
11-23 14:58:10.089 29838 29838 I cr_PolicyProvider: #setManagerAndSource() 1
11-23 14:58:10.089  1795  2424 D OemPaidWifiNetworkFactory: got request NetworkRequest [ REQUEST id=2618, [ Capabilities: INTERNET&NOT_RESTRICTED&TRUSTED&NOT_VCN_MANAGED Uid: 10010 RequestorUid: 10010 RequestorPkg: com.chrome.canary UnderlyingNetworks: Null] ]
11-23 14:58:10.089 29838 29838 I cr_AppResProvider: #getApplicationRestrictionsFromUserManager() Bundle[EMPTY_PARCEL]
11-23 14:58:10.089 29838 29838 I cr_PolicyProvider: #notifySettingsAvailable() 1
11-23 14:58:10.089 29838 29838 I cr_CombinedPProvider: #onSettingsAvailable() 1
11-23 14:58:10.089  1795  2424 D MultiInternetWifiNetworkFactory: got request NetworkRequest [ REQUEST id=2618, [ Capabilities: INTERNET&NOT_RESTRICTED&TRUSTED&NOT_VCN_MANAGED Uid: 10010 RequestorUid: 10010 RequestorPkg: com.chrome.canary UnderlyingNetworks: Null] ]
11-23 14:58:10.090  1795  2432 D ConnectivityService: NetReassign [no changes] [c 0] [a 0] [i 2]
11-23 14:58:10.090 29916 29916 D nativeloader: Configuring clns-5 for other apk /data/app/~~dutrJzl_xJkEyCCvIkexCw==/com.chrome.canary-4jcd8srf2WXxld2NC1r69A==/base.apk. target_sdk_version=34, uses_libraries=, library_path=/data/app/~~dutrJzl_xJkEyCCvIkexCw==/com.chrome.canary-4jcd8srf2WXxld2NC1r69A==/lib/arm64:/data/app/~~dutrJzl_xJkEyCCvIkexCw==/com.chrome.canary-4jcd8srf2WXxld2NC1r69A==/base.apk!/lib/arm64-v8a:/data/app/~~-FnXeb6__ecKd-dFZ4kZZA==/com.google.android.trichromelibrary.canary_613700033-7Q2vBiD9q0nCftKFg-pq8w==/base.apk!/lib/arm64-v8a, permitted_path=/data:/mnt/expand:/data/user/0/com.chrome.canary
11-23 14:58:10.092 29910 29910 W SystemServiceRegistry: No service published for: uimode
11-23 14:58:10.093 29838 29898 W chromium: [WARNING:ev_root_ca_metadata.cc(119)] Not implemented
11-23 14:58:10.093 29838 29898 W chromium: [WARNING:ev_root_ca_metadata.cc(119)] Not implemented
11-23 14:58:10.093 29838 29838 I cr_PolicyProvider: #notifySettingsAvailable() 0
11-23 14:58:10.093 29838 29838 I cr_CombinedPProvider: #onSettingsAvailable() 0
11-23 14:58:10.093 29838 29838 I cr_CombinedPProvider: #flushPolicies()
11-23 14:58:10.094 29838 29838 I cr_PolicyService: #onPolicyServiceInitialized()
11-23 14:58:10.094 29838 29838 I cr_PolicyProvider: #notifySettingsAvailable() 0
11-23 14:58:10.094 29838 29838 I cr_CombinedPProvider: #onSettingsAvailable() 0
11-23 14:58:10.094 29838 29838 I cr_CombinedPProvider: #flushPolicies()
11-23 14:58:10.097 29838 29838 I cr_CompositorSurfaceMgr: Transitioning to surface with format: -1
11-23 14:58:10.098 29910 29910 I cr_ChildProcessService: Creating new ChildProcessService pid=29910
11-23 14:58:10.099 29838 29838 I cr_CompositorSurfaceMgr: surfaceCreated format: 0
11-23 14:58:10.100 29916 29916 V GraphicsEnvironment: ANGLE Developer option for 'com.chrome.canary' set to: 'default'
11-23 14:58:10.100 29916 29916 V GraphicsEnvironment: ANGLE GameManagerService for com.chrome.canary: false
11-23 14:58:10.100 29916 29916 V GraphicsEnvironment: Updatable production driver is not supported on the device.
11-23 14:58:10.102  1011  1189 I ASH     : @ 94742.300: tcs3701: stop power rail pending_off timer
11-23 14:58:10.102  1011  1189 D ASH     : @ 94742.300: tcs3701: start power rail timer, state:3
11-23 14:58:10.103 29916 29916 I LoadedApk: No resource references to update in package com.google.android.trichromelibrary.canary
11-23 14:58:10.103 29916 29916 D NetworkSecurityConfig: Using Network Security Config from resource 0_resource_name_obfuscated debugBuild: false
11-23 14:58:10.103 29838 29838 W m.chrome.canary: Accessing hidden method Landroid/telephony/TelephonyManager;->getSubscriberInfoService()Lcom/android/internal/telephony/IPhoneSubInfo; (blocked, reflection, denied)
11-23 14:58:10.103 29838 29838 W m.chrome.canary: Accessing hidden method Landroid/telephony/TelephonyManager;->getSubscriberInfoService()Lcom/android/internal/telephony/IPhoneSubInfo; (blocked, reflection, denied)
11-23 14:58:10.103 29838 29838 W m.chrome.canary: Accessing hidden method Landroid/telephony/TelephonyManager;->getSubscriptionService()Lcom/android/internal/telephony/ISub; (blocked, reflection, denied)
11-23 14:58:10.103 29838 29838 W m.chrome.canary: Accessing hidden method Landroid/telephony/TelephonyManager;->getSubscriptionService()Lcom/android/internal/telephony/ISub; (blocked, reflection, denied)
11-23 14:58:10.103 29838 29838 W m.chrome.canary: Accessing hidden method Landroid/telephony/TelephonyManager;->getSmsService()Lcom/android/internal/telephony/ISms; (blocked, reflection, denied)
11-23 14:58:10.103 29838 29838 W m.chrome.canary: Accessing hidden method Landroid/telephony/TelephonyManager;->getSmsService()Lcom/android/internal/telephony/ISms; (blocked, reflection, denied)
11-23 14:58:10.103 29838 29838 W m.chrome.canary: Accessing hidden method Landroid/telephony/TelephonyManager;->getITelephony()Lcom/android/internal/telephony/ITelephony; (max-target-p, reflection, denied)
11-23 14:58:10.103 29838 29838 W m.chrome.canary: Accessing hidden method Landroid/telephony/TelephonyManager;->getITelephony()Lcom/android/internal/telephony/ITelephony; (max-target-p, reflection, denied)
11-23 14:58:10.104 29916 29916 D NetworkSecurityConfig: Using Network Security Config from resource 0_resource_name_obfuscated debugBuild: false
11-23 14:58:10.104 29916 29916 I cr_SplitCompatApp: Launched version=121.0.6137.0 minSdkVersion=29 isBundle=true processName=com.chrome.canary:privileged_process0 isIsolated=false
11-23 14:58:10.112 29838 29838 I cr_ChromeTabbedActivity: #initializeState
11-23 14:58:10.114 29916 29916 I cr_ChildProcessService: Creating new ChildProcessService pid=29916
11-23 14:58:10.124 29916 29948 I cr_LibraryLoader: Loading monochrome_64 from within /data/app/~~dutrJzl_xJkEyCCvIkexCw==/com.chrome.canary-4jcd8srf2WXxld2NC1r69A==/base.apk
11-23 14:58:10.124 29916 29948 I cr_Linker: loadLibraryImplLocked: monochrome_64, relroMode=2
11-23 14:58:10.131 29838 29838 E m.chrome.canary: Invalid ID 0x00000000.
11-23 14:58:10.140  3845  3845 D BoundBrokerSvc: onBind: Intent { act=com.google.android.gms.languageprofile.service.START pkg=com.google.android.gms }
11-23 14:58:10.140  3845  3845 D BoundBrokerSvc: Loading bound service for intent: Intent { act=com.google.android.gms.languageprofile.service.START pkg=com.google.android.gms }
11-23 14:58:10.141 29916 29948 I cr_LibraryLoader: Successfully loaded native library
11-23 14:58:10.141 29916 29948 I cr_CachingUmaRecorder: Flushed 4 samples from 4 histograms, 0 samples were dropped.
11-23 14:58:10.142  3845  3845 E AbstractGmsTracer: Traced class shouldn't be obfuscated: LanguageProfileChimeraService [CONTEXT service_id=259 ]
11-23 14:58:10.142  1011  1189 I ASH     : @ 94742.340: tcs3701: stop power rail pending_off timer
11-23 14:58:10.142  1011  1189 D ASH     : @ 94742.340: tcs3701: start power rail timer, state:3
11-23 14:58:10.148  3845  3845 E AbstractGmsTracer: Traced class shouldn't be obfuscated: GmsIntentOperationChimeraService [CONTEXT service_id=259 ]
11-23 14:58:10.150 29838 29838 V MediaRouter: Selecting route: RouteInfo{ name=Phone, description=null, status=null, category=RouteCategory{ name=System types=ROUTE_TYPE_LIVE_AUDIO ROUTE_TYPE_LIVE_VIDEO  groupable=false }, supportedTypes=ROUTE_TYPE_LIVE_AUDIO ROUTE_TYPE_LIVE_VIDEO , presentationDisplay=null }
11-23 14:58:10.150 29838 29838 I MediaRouter: Skip setBluetoothA2dpOn(): types=8388615, isPlaybackActive()=false, BT route=null
