11-23 15:21:38.382  1011  1189 D ASH     : @ 96150.580: tcs3701: start power rail timer, state:3
11-23 15:21:38.422  1011  1189 I ASH     : @ 96150.620: tcs3701: stop power rail pending_off timer
11-23 15:21:38.422  1011  1189 D ASH     : @ 96150.620: tcs3701: start power rail timer, state:3
11-23 15:21:38.424  5238  5296 I BatteryMgr:DataCollectionService: stats => 1700749298424,12817,4444,13427,4169000,100
11-23 15:21:38.462  1011  1189 I ASH     : @ 96150.660: tcs3701: stop power rail pending_off timer
11-23 15:21:38.462  1011  1189 D ASH     : @ 96150.660: tcs3701: start power rail timer, state:3
11-23 15:21:38.502  1011  1189 I ASH     : @ 96150.700: tcs3701: stop power rail pending_off timer
11-23 15:21:38.502  1011  1189 D ASH     : @ 96150.700: tcs3701: start power rail timer, state:3
11-23 15:21:38.531  5238  5296 I BatteryMgr:DataCollectionService: stats => 1700749298531,12817,4444,13427,4169000,100
11-23 15:21:38.543  1011  1189 I ASH     : @ 96150.740: tcs3701: stop power rail pending_off timer
11-23 15:21:38.543  1011  1189 D ASH     : @ 96150.740: tcs3701: start power rail timer, state:3
11-23 15:21:38.579  1795  2262 D ActivityManager: freezer override set to true
11-23 15:21:38.582  1011  1189 I ASH     : @ 96150.780: tcs3701: stop power rail pending_off timer
11-23 15:21:38.582  1011  1189 D ASH     : @ 96150.780: tcs3701: start power rail timer, state:3
11-23 15:21:38.622  1011  1189 I ASH     : @ 96150.820: tcs3701: stop power rail pending_off timer
11-23 15:21:38.623  1011  1189 D ASH     : @ 96150.820: tcs3701: start power rail timer, state:3
11-23 15:21:38.636  5238  5296 I BatteryMgr:DataCollectionService: stats => 1700749298636,12817,4444,13427,4169000,100
11-23 15:21:38.662  1011  1189 I ASH     : @ 96150.860: tcs3701: stop power rail pending_off timer
11-23 15:21:38.662  1011  1189 D ASH     : @ 96150.860: tcs3701: start power rail timer, state:3
11-23 15:21:38.703  1011  1189 I ASH     : @ 96150.900: tcs3701: stop power rail pending_off timer
11-23 15:21:38.703  1011  1189 D ASH     : @ 96150.900: tcs3701: start power rail timer, state:3
11-23 15:21:38.718 27537 27562 I m.chrome.canary: Explicit concurrent copying GC freed 3844(192KB) AllocSpace objects, 4(80KB) LOS objects, 75% free, 12MB/49MB, paused 412us,23us total 50.393ms
11-23 15:21:38.742  1011  1189 I ASH     : @ 96150.940: tcs3701: stop power rail pending_off timer
11-23 15:21:38.742  5238  5296 I BatteryMgr:DataCollectionService: stats => 1700749298742,12817,4444,13427,4169000,100
11-23 15:21:38.742  1011  1189 D ASH     : @ 96150.940: tcs3701: start power rail timer, state:3
11-23 15:21:38.778  1795  2262 D ActivityManager: freezer override set to false
11-23 15:21:38.783  1011  1189 I ASH     : @ 96150.980: tcs3701: stop power rail pending_off timer
11-23 15:21:38.783  1011  1189 D ASH     : @ 96150.980: tcs3701: start power rail timer, state:3
11-23 15:21:38.822  1011  1189 I ASH     : @ 96151.020: tcs3701: stop power rail pending_off timer
11-23 15:21:38.822  1011  1189 D ASH     : @ 96151.020: tcs3701: start power rail timer, state:3
11-23 15:21:38.847  5238  5296 I BatteryMgr:DataCollectionService: stats => 1700749298847,12817,4444,13427,4169000,100
11-23 15:21:38.862  1011  1189 I ASH     : @ 96151.060: tcs3701: stop power rail pending_off timer
11-23 15:21:38.862  1011  1189 D ASH     : @ 96151.060: tcs3701: start power rail timer, state:3
11-23 15:21:38.902  1011  1189 I ASH     : @ 96151.100: tcs3701: stop power rail pending_off timer
11-23 15:21:38.902  1011  1189 D ASH     : @ 96151.100: tcs3701: start power rail timer, state:3
11-23 15:21:38.943  1011  1189 I ASH     : @ 96151.140: tcs3701: stop power rail pending_off timer
11-23 15:21:38.943  1011  1189 D ASH     : @ 96151.140: tcs3701: start power rail timer, state:3
11-23 15:21:38.956  5238  5296 I BatteryMgr:DataCollectionService: stats => 1700749298956,12817,4444,13427,4169000,100
11-23 15:21:38.982  1011  1189 I ASH     : @ 96151.180: tcs3701: stop power rail pending_off timer
11-23 15:21:38.982  1011  1189 D ASH     : @ 96151.180: tcs3701: start power rail timer, state:3
11-23 15:21:39.022  1011  1189 I ASH     : @ 96151.220: tcs3701: stop power rail pending_off timer
11-23 15:21:39.022  1011  1189 D ASH     : @ 96151.220: tcs3701: start power rail timer, state:3
11-23 15:21:39.050  1795  2262 D ActivityManager: freezer override set to true
11-23 15:21:39.054  1795  2262 D ActivityManager: freezer override set to false
11-23 15:21:39.060  5238  5296 I BatteryMgr:DataCollectionService: stats => 1700749299060,12817,4444,13427,4169000,100
11-23 15:21:39.063  1011  1189 I ASH     : @ 96151.260: tcs3701: stop power rail pending_off timer
11-23 15:21:39.063  1011  1189 D ASH     : @ 96151.260: tcs3701: start power rail timer, state:3
11-23 15:21:39.103  1011  1189 I ASH     : @ 96151.300: tcs3701: stop power rail pending_off timer
11-23 15:21:39.103  1011  1189 D ASH     : @ 96151.300: tcs3701: start power rail timer, state:3
11-23 15:21:39.142  1011  1189 I ASH     : @ 96151.340: tcs3701: stop power rail pending_off timer
11-23 15:21:39.142  1011  1189 D ASH     : @ 96151.340: tcs3701: start power rail timer, state:3
11-23 15:21:39.168  5238  5296 I BatteryMgr:DataCollectionService: stats => 1700749299167,12817,4444,13427,4169000,100
11-23 15:21:39.182  1011  1189 I ASH     : @ 96151.380: tcs3701: stop power rail pending_off timer
11-23 15:21:39.182  1011  1189 D ASH     : @ 96151.380: tcs3701: start power rail timer, state:3
11-23 15:21:39.222  1011  1189 I ASH     : @ 96151.420: tcs3701: stop power rail pending_off timer
11-23 15:21:39.222  1011  1189 D ASH     : @ 96151.420: tcs3701: start power rail timer, state:3
11-23 15:21:39.242  1795  2262 D ActivityManager: freezer override set to true
11-23 15:21:39.247  1795  2262 D ActivityManager: freezer override set to false
11-23 15:21:39.262  1011  1189 I ASH     : @ 96151.460: tcs3701: stop power rail pending_off timer
11-23 15:21:39.262  1011  1189 D ASH     : @ 96151.460: tcs3701: start power rail timer, state:3
11-23 15:21:39.274  5238  5296 I BatteryMgr:DataCollectionService: stats => 1700749299274,12817,4444,13427,4169000,100
11-23 15:21:39.302  1011  1189 I ASH     : @ 96151.500: tcs3701: stop power rail pending_off timer
11-23 15:21:39.302  1011  1189 D ASH     : @ 96151.500: tcs3701: start power rail timer, state:3
11-23 15:21:39.342  1011  1189 I ASH     : @ 96151.540: tcs3701: stop power rail pending_off timer
11-23 15:21:39.342  1011  1189 D ASH     : @ 96151.540: tcs3701: start power rail timer, state:3
11-23 15:21:39.380  5238  5296 I BatteryMgr:DataCollectionService: stats => 1700749299380,12817,4444,13427,4169000,100
11-23 15:21:39.382  1011  1189 I ASH     : @ 96151.580: tcs3701: stop power rail pending_off timer
11-23 15:21:39.382  1011  1189 D ASH     : @ 96151.580: tcs3701: start power rail timer, state:3
11-23 15:21:39.422  1011  1189 I ASH     : @ 96151.620: tcs3701: stop power rail pending_off timer
11-23 15:21:39.422  1011  1189 D ASH     : @ 96151.620: tcs3701: start power rail timer, state:3
11-23 15:21:39.463  1011  1189 I ASH     : @ 96151.660: tcs3701: stop power rail pending_off timer
11-23 15:21:39.463  1011  1189 D ASH     : @ 96151.660: tcs3701: start power rail timer, state:3
11-23 15:21:39.489  5238  5296 I BatteryMgr:DataCollectionService: stats => 1700749299489,12817,4444,13427,4169000,100
11-23 15:21:39.502  1011  1189 I ASH     : @ 96151.700: tcs3701: stop power rail pending_off timer
11-23 15:21:39.502  1011  1189 D ASH     : @ 96151.700: tcs3701: start power rail timer, state:3
11-23 15:21:39.542  1011  1189 I ASH     : @ 96151.740: tcs3701: stop power rail pending_off timer
11-23 15:21:39.542  1011  1189 D ASH     : @ 96151.740: tcs3701: start power rail timer, state:3
11-23 15:21:39.582  1011  1189 I ASH     : @ 96151.780: tcs3701: stop power rail pending_off timer
11-23 15:21:39.582  1011  1189 D ASH     : @ 96151.780: tcs3701: start power rail timer, state:3
11-23 15:21:39.596  5238  5296 I BatteryMgr:DataCollectionService: stats => 1700749299596,12817,4444,13427,4169000,100
11-23 15:21:39.622  1011  1189 I ASH     : @ 96151.820: tcs3701: stop power rail pending_off timer
11-23 15:21:39.622  1011  1189 D ASH     : @ 96151.820: tcs3701: start power rail timer, state:3
11-23 15:21:39.662  1011  1189 I ASH     : @ 96151.860: tcs3701: stop power rail pending_off timer
11-23 15:21:39.662  1011  1189 D ASH     : @ 96151.860: tcs3701: start power rail timer, state:3
11-23 15:21:39.701  5238  5296 I BatteryMgr:DataCollectionService: stats => 1700749299701,12817,4444,13427,4169000,100
11-23 15:21:39.702  1011  1189 I ASH     : @ 96151.900: tcs3701: stop power rail pending_off timer
11-23 15:21:39.702  1011  1189 D ASH     : @ 96151.900: tcs3701: start power rail timer, state:3
11-23 15:21:39.742  1011  1189 I ASH     : @ 96151.940: tcs3701: stop power rail pending_off timer
11-23 15:21:39.742  1011  1189 D ASH     : @ 96151.940: tcs3701: start power rail timer, state:3
11-23 15:21:39.783  1011  1189 I ASH     : @ 96151.980: tcs3701: stop power rail pending_off timer
11-23 15:21:39.783  1011  1189 D ASH     : @ 96151.980: tcs3701: start power rail timer, state:3
11-23 15:21:39.810  5238  5296 I BatteryMgr:DataCollectionService: stats => 1700749299810,12817,4444,13427,4169000,100
11-23 15:21:39.822  1011  1189 I ASH     : @ 96152.020: tcs3701: stop power rail pending_off timer
11-23 15:21:39.822  1011  1189 D ASH     : @ 96152.020: tcs3701: start power rail timer, state:3
11-23 15:21:39.862  1011  1189 I ASH     : @ 96152.060: tcs3701: stop power rail pending_off timer
11-23 15:21:39.862  1011  1189 D ASH     : @ 96152.060: tcs3701: start power rail timer, state:3
11-23 15:21:39.902  1011  1189 I ASH     : @ 96152.100: tcs3701: stop power rail pending_off timer
11-23 15:21:39.902  1011  1189 D ASH     : @ 96152.100: tcs3701: start power rail timer, state:3
11-23 15:21:39.916  5238  5296 I BatteryMgr:DataCollectionService: stats => 1700749299916,12817,4444,13427,4169000,100
11-23 15:21:39.942  1011  1189 I ASH     : @ 96152.140: tcs3701: stop power rail pending_off timer
11-23 15:21:39.942  1011  1189 D ASH     : @ 96152.140: tcs3701: start power rail timer, state:3
11-23 15:21:39.982  1011  1189 I ASH     : @ 96152.180: tcs3701: stop power rail pending_off timer
11-23 15:21:39.982  1011  1189 D ASH     : @ 96152.180: tcs3701: start power rail timer, state:3
11-23 15:21:40.021  5238  5296 I BatteryMgr:DataCollectionService: stats => 1700749300021,12817,4444,13427,4169000,100
11-23 15:21:40.022  1011  1189 I ASH     : @ 96152.220: tcs3701: stop power rail pending_off timer
11-23 15:21:40.022  1011  1189 D ASH     : @ 96152.220: tcs3701: start power rail timer, state:3
11-23 15:21:40.062  1011  1189 I ASH     : @ 96152.260: tcs3701: stop power rail pending_off timer
11-23 15:21:40.062  1011  1189 D ASH     : @ 96152.260: tcs3701: start power rail timer, state:3
11-23 15:21:40.102  1011  1189 I ASH     : @ 96152.300: tcs3701: stop power rail pending_off timer
11-23 15:21:40.102  1011  1189 D ASH     : @ 96152.300: tcs3701: start power rail timer, state:3
11-23 15:21:40.128  5238  5296 I BatteryMgr:DataCollectionService: stats => 1700749300128,12817,4444,13427,4169000,100
11-23 15:21:40.137  2113  2118 I pixel-thermal: skin-therm-monitor: 37.811
11-23 15:21:40.142  1011  1189 I ASH     : @ 96152.340: tcs3701: stop power rail pending_off timer
11-23 15:21:40.142  1011  1189 D ASH     : @ 96152.340: tcs3701: start power rail timer, state:3
11-23 15:21:40.182  1011  1189 I ASH     : @ 96152.380: tcs3701: stop power rail pending_off timer
11-23 15:21:40.182  1011  1189 D ASH     : @ 96152.380: tcs3701: start power rail timer, state:3
11-23 15:21:40.216  1795  2262 D ActivityManager: freezer override set to true
11-23 15:21:40.221  1795  2262 D ActivityManager: freezer override set to false
11-23 15:21:40.222  1011  1189 I ASH     : @ 96152.420: tcs3701: stop power rail pending_off timer
11-23 15:21:40.222  1011  1189 D ASH     : @ 96152.420: tcs3701: start power rail timer, state:3
11-23 15:21:40.233  5238  5296 I BatteryMgr:DataCollectionService: stats => 1700749300233,12817,4444,13427,4169000,100
11-23 15:21:40.262  1011  1189 I ASH     : @ 96152.460: tcs3701: stop power rail pending_off timer
11-23 15:21:40.262  1011  1189 D ASH     : @ 96152.460: tcs3701: start power rail timer, state:3
11-23 15:21:40.302  1011  1189 I ASH     : @ 96152.500: tcs3701: stop power rail pending_off timer
11-23 15:21:40.303  1011  1189 D ASH     : @ 96152.500: tcs3701: start power rail timer, state:3
11-23 15:21:40.341  5238  5296 I BatteryMgr:DataCollectionService: stats => 1700749300340,12817,4444,13427,4169000,100
11-23 15:21:40.343  1011  1189 I ASH     : @ 96152.540: tcs3701: stop power rail pending_off timer
11-23 15:21:40.343  1011  1189 D ASH     : @ 96152.540: tcs3701: start power rail timer, state:3
11-23 15:21:40.382  1011  1189 I ASH     : @ 96152.580: tcs3701: stop power rail pending_off timer
11-23 15:21:40.383  1011  1189 D ASH     : @ 96152.580: tcs3701: start power rail timer, state:3
11-23 15:21:40.422  1011  1189 I ASH     : @ 96152.620: tcs3701: stop power rail pending_off timer
11-23 15:21:40.422  1011  1189 D ASH     : @ 96152.620: tcs3701: start power rail timer, state:3
11-23 15:21:40.435  1795  2262 W ActivityManager: Unable to start service Intent { act=grpc.io.action.BIND cmp=com.google.android.apps.nest.dockmanager.app/.service.DockManagerAndroidService } U=0: not found
11-23 15:21:40.436  1795  2262 W ActivityManager: Unbind failed: could not find connection for android.os.BinderProxy@adc82df
11-23 15:21:40.448  5238  5296 I BatteryMgr:DataCollectionService: stats => 1700749300447,12817,4444,13427,4169000,100
11-23 15:21:40.462  1011  1189 I ASH     : @ 96152.660: tcs3701: stop power rail pending_off timer
11-23 15:21:40.462  1011  1189 D ASH     : @ 96152.660: tcs3701: start power rail timer, state:3
11-23 15:21:40.481  1795  2262 D ActivityManager: freezer override set to true
11-23 15:21:40.502  1011  1189 I ASH     : @ 96152.700: tcs3701: stop power rail pending_off timer
11-23 15:21:40.502  1011  1189 D ASH     : @ 96152.700: tcs3701: start power rail timer, state:3
11-23 15:21:40.542  1011  1189 I ASH     : @ 96152.740: tcs3701: stop power rail pending_off timer
11-23 15:21:40.542  1011  1189 D ASH     : @ 96152.740: tcs3701: start power rail timer, state:3
11-23 15:21:40.543  1795  2424 D WifiClientModeImpl[13802:wlan0]: updateLinkLayerStatsRssiSpeedFrequencyCapabilities rssi=-50 TxLinkspeed=866 freq=5240 RxLinkSpeed=6
11-23 15:21:40.544  1795  2424 D WifiDataStall: tx tput in kbps: 751999
11-23 15:21:40.544  1795  2424 D WifiDataStall: rx tput in kbps: 791578
11-23 15:21:40.544  1795  2424 V WifiConfigManager: Updating scan detail cache freq=5240 BSSID=f4:6d:2f:12:cc:88 RSSI=-49 for "ourhome"WPA_PSK
11-23 15:21:40.544  2782  5906 D QCNEJ/WlanStaInfoRelay: Received action: android.net.wifi.RSSI_CHANGED
11-23 15:21:40.544  1795  2424 D WifiChannelUtilization:  freq: 5240 onTime: 2884292 busyTime: 253535 onTimeDiff: 2883997 busyTimeDiff: 253518 utilization: 22 utilization t0: 22
11-23 15:21:40.544  1795  2424 D WifiDataStall:  ccaLevel = 22
11-23 15:21:40.544  1795  2424 D WifiDataStall: L2 txTputKbps: 751999, rxTputKbps: 791578, L3 txTputKbps: 0, rxTputKbps: 0, TxTrafficHigh: false, RxTrafficHigh: false, Throughput Sufficient: true
11-23 15:21:40.544  3213  3232 V WifiManager: OnWifiUsabilityStatsListener: onWifiUsabilityStats: seqNum=31738
11-23 15:21:40.545  1795  4168 I WifiService: updateWifiUsabilityScore uid=10180 seqNum=31738 score=100 predictionHorizonSec=1441795
11-23 15:21:40.545  1795  2424 D WifiScoreReport: Wifi scoring disabled - Don't check IP layer
11-23 15:21:40.546  1795  2424 D WifiScoreCard: BSSID update SIGNAL_POLL ID: 1320464697 SSID: "ourhome", BSSID: f4:6d:2f:12:cc:88, MAC: b2:2f:ec:da:4a:0c, IP: /192.168.1.104, Security type: 2, Supplicant state: COMPLETED, Wi-Fi standard: 5, RSSI: -50, Link speed: 866Mbps, Tx Link speed: 866Mbps, Max Supported Tx Link speed: 866Mbps, Rx Link speed: 6Mbps, Max Supported Rx Link speed: 866Mbps, Frequency: 5240MHz, Net ID: 12, Metered hint: false, score: 60, isUsable: true, CarrierMerged: false, SubscriptionId: -1, IsPrimary: 1, Trusted: true, Restricted: false, Ephemeral: false, OEM paid: false, OEM private: false, OSU AP: false, FQDN: <none>, Provider friendly name: <none>, Requesting package name: <none>"ourhome"wpa2-pskMLO Information: , Is TID-To-Link negotiation supported by the AP: false, AP MLD Address: <none>, AP MLO Link Id: <none>, AP MLO Affiliated links: <none>
11-23 15:21:40.546  1795  2424 D WifiScoreCard: txRate: 1 txSpeed: 866
11-23 15:21:40.546  1795  2424 D WifiScoreCard: network update SIGNAL_POLL "ourhome" ID: 1499892569 RSSI -50 txSpeed -1
11-23 15:21:40.546  1795  2424 D WifiClientModeImpl[13802:wlan0]:  ClientModeImpl$L2ConnectedState screen=on 17 0 "ourhome" f4:6d:2f:12:cc:88 rssi=-50 f=5240 sc=60 link=866 tx=0.0, 0.0, 0.0 rx=0.0 bcn=919866 [on:0 tx:0 rx:0 period:3017] from screen [on:216107 period:5934040] score=60
11-23 15:21:40.546  1795  2424 D WifiScoreReport: Wifi scoring disabled - Notify that Wifi is usable
11-23 15:21:40.548  1795  2432 D ConnectivityService: NetReassign [no changes] [c 0] [a 0] [i 2]
11-23 15:21:40.553  5238  5296 I BatteryMgr:DataCollectionService: stats => 1700749300553,12817,4444,13427,4169000,100
11-23 15:21:40.566 27537 27562 I m.chrome.canary: Explicit concurrent copying GC freed 3849(192KB) AllocSpace objects, 4(80KB) LOS objects, 75% free, 12MB/49MB, paused 30us,23us total 48.553ms
11-23 15:21:40.583  1011  1189 I ASH     : @ 96152.780: tcs3701: stop power rail pending_off timer
11-23 15:21:40.583  1011  1189 D ASH     : @ 96152.780: tcs3701: start power rail timer, state:3
11-23 15:21:40.622  1011  1189 I ASH     : @ 96152.820: tcs3701: stop power rail pending_off timer
11-23 15:21:40.622  1011  1189 D ASH     : @ 96152.820: tcs3701: start power rail timer, state:3
11-23 15:21:40.624  1795  2262 D ActivityManager: freezer override set to false
11-23 15:21:40.657  5238  5296 I BatteryMgr:DataCollectionService: stats => 1700749300657,12817,4444,13427,4169000,100
11-23 15:21:40.662  1011  1189 I ASH     : @ 96152.860: tcs3701: stop power rail pending_off timer
11-23 15:21:40.663  1011  1189 D ASH     : @ 96152.860: tcs3701: start power rail timer, state:3
11-23 15:21:40.702  1011  1189 I ASH     : @ 96152.900: tcs3701: stop power rail pending_off timer
11-23 15:21:40.702  1011  1189 D ASH     : @ 96152.900: tcs3701: start power rail timer, state:3
11-23 15:21:40.742  1011  1189 I ASH     : @ 96152.940: tcs3701: stop power rail pending_off timer
11-23 15:21:40.743  1011  1189 D ASH     : @ 96152.940: tcs3701: start power rail timer, state:3
11-23 15:21:40.762  5238  5296 I BatteryMgr:DataCollectionService: stats => 1700749300762,12817,4444,13427,4169000,100
11-23 15:21:40.782  1011  1189 I ASH     : @ 96152.980: tcs3701: stop power rail pending_off timer
11-23 15:21:40.782  1011  1189 D ASH     : @ 96152.980: tcs3701: start power rail timer, state:3
11-23 15:21:40.822  1011  1189 I ASH     : @ 96153.020: tcs3701: stop power rail pending_off timer
11-23 15:21:40.822  1011  1189 D ASH     : @ 96153.020: tcs3701: start power rail timer, state:3
11-23 15:21:40.862  1011  1189 I ASH     : @ 96153.060: tcs3701: stop power rail pending_off timer
11-23 15:21:40.862  1011  1189 D ASH     : @ 96153.060: tcs3701: start power rail timer, state:3
11-23 15:21:40.870  5238  5296 I BatteryMgr:DataCollectionService: stats => 1700749300870,12817,4444,13427,4169000,100
11-23 15:21:40.902  1011  1189 I ASH     : @ 96153.100: tcs3701: stop power rail pending_off timer
11-23 15:21:40.902  1011  1189 D ASH     : @ 96153.100: tcs3701: start power rail timer, state:3
11-23 15:21:40.904  1795  2262 D ActivityManager: freezer override set to true
11-23 15:21:40.907  1795  2262 D ActivityManager: freezer override set to false
11-23 15:21:40.943  1011  1189 I ASH     : @ 96153.140: tcs3701: stop power rail pending_off timer
11-23 15:21:40.943  1011  1189 D ASH     : @ 96153.140: tcs3701: start power rail timer, state:3
11-23 15:21:40.978  5238  5296 I BatteryMgr:DataCollectionService: stats => 1700749300978,12817,4444,13427,4169000,100
11-23 15:21:40.982  1011  1189 I ASH     : @ 96153.180: tcs3701: stop power rail pending_off timer
11-23 15:21:40.982  1011  1189 D ASH     : @ 96153.180: tcs3701: start power rail timer, state:3
11-23 15:21:40.990  1795  2150 I WifiService: getSupportedFeatures uid=1000 returns 1d81defca995fd
11-23 15:21:40.990  1795  2150 I WifiService: getWifiActivityEnergyInfoAsync uid=1000
11-23 15:21:41.010  3074  3074 D BoundBrokerSvc: onUnbind: Intent { act=com.google.android.gms.auth.account.workaccount.START dat=chimera-action:/... cmp=com.google.android.gms/.chimera.PersistentApiService }
11-23 15:21:41.022  1011  1189 I ASH     : @ 96153.220: tcs3701: stop power rail pending_off timer
11-23 15:21:41.022  1011  1189 D ASH     : @ 96153.220: tcs3701: start power rail timer, state:3
11-23 15:21:41.062  1011  1189 I ASH     : @ 96153.260: tcs3701: stop power rail pending_off timer
11-23 15:21:41.063  1011  1189 D ASH     : @ 96153.260: tcs3701: start power rail timer, state:3
11-23 15:21:41.086  5238  5296 I BatteryMgr:DataCollectionService: stats => 1700749301086,12817,4444,13427,4169000,100
11-23 15:21:41.102  1011  1189 I ASH     : @ 96153.300: tcs3701: stop power rail pending_off timer
11-23 15:21:41.102  1011  1189 D ASH     : @ 96153.300: tcs3701: start power rail timer, state:3
11-23 15:21:41.142  1011  1189 I ASH     : @ 96153.340: tcs3701: stop power rail pending_off timer
11-23 15:21:41.142  1011  1189 D ASH     : @ 96153.340: tcs3701: start power rail timer, state:3
11-23 15:21:41.182  1011  1189 I ASH     : @ 96153.380: tcs3701: stop power rail pending_off timer
11-23 15:21:41.182  1011  1189 D ASH     : @ 96153.380: tcs3701: start power rail timer, state:3
11-23 15:21:41.191  5238  5296 I BatteryMgr:DataCollectionService: stats => 1700749301191,12817,4444,13427,4169000,100
11-23 15:21:41.222  1011  1189 I ASH     : @ 96153.420: tcs3701: stop power rail pending_off timer
11-23 15:21:41.222  1011  1189 D ASH     : @ 96153.420: tcs3701: start power rail timer, state:3
11-23 15:21:41.262  1011  1189 I ASH     : @ 96153.460: tcs3701: stop power rail pending_off timer
11-23 15:21:41.262  1011  1189 D ASH     : @ 96153.460: tcs3701: start power rail timer, state:3
11-23 15:21:41.298  5238  5296 I BatteryMgr:DataCollectionService: stats => 1700749301298,12817,4444,13427,4169000,100
11-23 15:21:41.303  1011  1189 I ASH     : @ 96153.500: tcs3701: stop power rail pending_off timer
11-23 15:21:41.303  1011  1189 D ASH     : @ 96153.500: tcs3701: start power rail timer, state:3
11-23 15:21:41.332  1795  2262 D ActivityManager: freezer override set to true
11-23 15:21:41.337  1795  2262 D ActivityManager: freezer override set to false
11-23 15:21:41.343  1011  1189 I ASH     : @ 96153.540: tcs3701: stop power rail pending_off timer
11-23 15:21:41.343  1011  1189 D ASH     : @ 96153.540: tcs3701: start power rail timer, state:3
11-23 15:21:41.382  1011  1189 I ASH     : @ 96153.580: tcs3701: stop power rail pending_off timer
11-23 15:21:41.382  1011  1189 D ASH     : @ 96153.580: tcs3701: start power rail timer, state:3
11-23 15:21:41.405  5238  5296 I BatteryMgr:DataCollectionService: stats => 1700749301405,12817,4444,13427,4169000,100
11-23 15:21:41.422  1011  1189 I ASH     : @ 96153.620: tcs3701: stop power rail pending_off timer
11-23 15:21:41.422  1011  1189 D ASH     : @ 96153.620: tcs3701: start power rail timer, state:3
11-23 15:21:41.462  1011  1189 I ASH     : @ 96153.660: tcs3701: stop power rail pending_off timer
11-23 15:21:41.463  1011  1189 D ASH     : @ 96153.660: tcs3701: start power rail timer, state:3
11-23 15:21:41.502  1011  1189 I ASH     : @ 96153.700: tcs3701: stop power rail pending_off timer
11-23 15:21:41.502  1011  1189 D ASH     : @ 96153.700: tcs3701: start power rail timer, state:3
11-23 15:21:41.509  5238  5296 I BatteryMgr:DataCollectionService: stats => 1700749301509,12817,4444,13427,4169000,100
11-23 15:21:41.543  1011  1189 I ASH     : @ 96153.740: tcs3701: stop power rail pending_off timer
11-23 15:21:41.543  1011  1189 D ASH     : @ 96153.740: tcs3701: start power rail timer, state:3
11-23 15:21:41.582  1011  1189 I ASH     : @ 96153.780: tcs3701: stop power rail pending_off timer
11-23 15:21:41.582  1011  1189 D ASH     : @ 96153.780: tcs3701: start power rail timer, state:3
11-23 15:21:41.615  5238  5296 I BatteryMgr:DataCollectionService: stats => 1700749301615,12817,4444,13427,4169000,100
11-23 15:21:41.622  1011  1189 I ASH     : @ 96153.820: tcs3701: stop power rail pending_off timer
11-23 15:21:41.622  1011  1189 D ASH     : @ 96153.820: tcs3701: start power rail timer, state:3
11-23 15:21:41.662  1011  1189 I ASH     : @ 96153.860: tcs3701: stop power rail pending_off timer
11-23 15:21:41.662  1011  1189 D ASH     : @ 96153.860: tcs3701: start power rail timer, state:3
11-23 15:21:41.702  1011  1189 I ASH     : @ 96153.900: tcs3701: stop power rail pending_off timer
11-23 15:21:41.703  1011  1189 D ASH     : @ 96153.900: tcs3701: start power rail timer, state:3
11-23 15:21:41.722  5238  5296 I BatteryMgr:DataCollectionService: stats => 1700749301722,12817,4444,13427,4169000,100
11-23 15:21:41.742  1011  1189 I ASH     : @ 96153.940: tcs3701: stop power rail pending_off timer
11-23 15:21:41.742  1011  1189 D ASH     : @ 96153.940: tcs3701: start power rail timer, state:3
11-23 15:21:41.782  1011  1189 I ASH     : @ 96153.980: tcs3701: stop power rail pending_off timer
11-23 15:21:41.782  1011  1189 D ASH     : @ 96153.980: tcs3701: start power rail timer, state:3
11-23 15:21:41.822  1011  1189 I ASH     : @ 96154.020: tcs3701: stop power rail pending_off timer
11-23 15:21:41.822  1011  1189 D ASH     : @ 96154.020: tcs3701: start power rail timer, state:3
11-23 15:21:41.829  5238  5296 I BatteryMgr:DataCollectionService: stats => 1700749301829,12817,4444,13427,4169000,100
11-23 15:21:41.862  1011  1189 I ASH     : @ 96154.060: tcs3701: stop power rail pending_off timer
11-23 15:21:41.862  1011  1189 D ASH     : @ 96154.060: tcs3701: start power rail timer, state:3
11-23 15:21:41.902  1011  1189 I ASH     : @ 96154.100: tcs3701: stop power rail pending_off timer
11-23 15:21:41.902  1011  1189 D ASH     : @ 96154.100: tcs3701: start power rail timer, state:3
11-23 15:21:41.934  5238  5296 I BatteryMgr:DataCollectionService: stats => 1700749301934,12817,4444,13427,4169000,100
11-23 15:21:41.942  1011  1189 I ASH     : @ 96154.140: tcs3701: stop power rail pending_off timer
11-23 15:21:41.942  1011  1189 D ASH     : @ 96154.140: tcs3701: start power rail timer, state:3
11-23 15:21:41.982  1011  1189 I ASH     : @ 96154.180: tcs3701: stop power rail pending_off timer
11-23 15:21:41.982  1011  1189 D ASH     : @ 96154.180: tcs3701: start power rail timer, state:3
11-23 15:21:42.022  1011  1189 I ASH     : @ 96154.220: tcs3701: stop power rail pending_off timer
11-23 15:21:42.022  1011  1189 D ASH     : @ 96154.220: tcs3701: start power rail timer, state:3
11-23 15:21:42.040  5238  5296 I BatteryMgr:DataCollectionService: stats => 1700749302040,12817,4444,13427,4169000,100
11-23 15:21:42.062  1011  1189 I ASH     : @ 96154.260: tcs3701: stop power rail pending_off timer
11-23 15:21:42.063  1011  1189 D ASH     : @ 96154.260: tcs3701: start power rail timer, state:3
11-23 15:21:42.102  1011  1189 I ASH     : @ 96154.300: tcs3701: stop power rail pending_off timer
11-23 15:21:42.102  1011  1189 D ASH     : @ 96154.300: tcs3701: start power rail timer, state:3
11-23 15:21:42.142  1011  1189 I ASH     : @ 96154.340: tcs3701: stop power rail pending_off timer
11-23 15:21:42.142  1011  1189 D ASH     : @ 96154.340: tcs3701: start power rail timer, state:3
11-23 15:21:42.146  5238  5296 I BatteryMgr:DataCollectionService: stats => 1700749302146,12817,4444,13427,4169000,100
11-23 15:21:42.182  1011  1189 I ASH     : @ 96154.380: tcs3701: stop power rail pending_off timer
11-23 15:21:42.182  1011  1189 D ASH     : @ 96154.380: tcs3701: start power rail timer, state:3
11-23 15:21:42.223  1011  1189 I ASH     : @ 96154.420: tcs3701: stop power rail pending_off timer
11-23 15:21:42.223  1011  1189 D ASH     : @ 96154.420: tcs3701: start power rail timer, state:3
11-23 15:21:42.253  5238  5296 I BatteryMgr:DataCollectionService: stats => 1700749302253,12817,4444,13427,4169000,100
11-23 15:21:42.262  1011  1189 I ASH     : @ 96154.460: tcs3701: stop power rail pending_off timer
11-23 15:21:42.263  1011  1189 D ASH     : @ 96154.460: tcs3701: start power rail timer, state:3
11-23 15:21:42.303  1011  1189 I ASH     : @ 96154.500: tcs3701: stop power rail pending_off timer
11-23 15:21:42.303  1011  1189 D ASH     : @ 96154.500: tcs3701: start power rail timer, state:3
11-23 15:21:42.342  1011  1189 I ASH     : @ 96154.540: tcs3701: stop power rail pending_off timer
11-23 15:21:42.343  1011  1189 D ASH     : @ 96154.540: tcs3701: start power rail timer, state:3
11-23 15:21:42.361  5238  5296 I BatteryMgr:DataCollectionService: stats => 1700749302361,12817,4444,13427,4169000,100
11-23 15:21:42.382  1011  1189 I ASH     : @ 96154.580: tcs3701: stop power rail pending_off timer
11-23 15:21:42.382  1011  1189 D ASH     : @ 96154.580: tcs3701: start power rail timer, state:3
11-23 15:21:42.422  1011  1189 I ASH     : @ 96154.620: tcs3701: stop power rail pending_off timer
11-23 15:21:42.422  1011  1189 D ASH     : @ 96154.620: tcs3701: start power rail timer, state:3
11-23 15:21:42.462  1011  1189 I ASH     : @ 96154.660: tcs3701: stop power rail pending_off timer
11-23 15:21:42.462  1011  1189 D ASH     : @ 96154.660: tcs3701: start power rail timer, state:3
11-23 15:21:42.467  5238  5296 I BatteryMgr:DataCollectionService: stats => 1700749302467,12817,4444,13427,4169000,100
11-23 15:21:42.487  1795  2262 D ActivityManager: freezer override set to true
11-23 15:21:42.492  1795  2262 D ActivityManager: freezer override set to false
11-23 15:21:42.503  1011  1189 I ASH     : @ 96154.700: tcs3701: stop power rail pending_off timer
11-23 15:21:42.503  1011  1189 D ASH     : @ 96154.700: tcs3701: start power rail timer, state:3
11-23 15:21:42.542  1011  1189 I ASH     : @ 96154.740: tcs3701: stop power rail pending_off timer
11-23 15:21:42.542  1011  1189 D ASH     : @ 96154.740: tcs3701: start power rail timer, state:3
11-23 15:21:42.573  5238  5296 I BatteryMgr:DataCollectionService: stats => 1700749302573,12817,4444,13427,4169000,100
11-23 15:21:42.582  1011  1189 I ASH     : @ 96154.780: tcs3701: stop power rail pending_off timer
11-23 15:21:42.582  1011  1189 D ASH     : @ 96154.780: tcs3701: start power rail timer, state:3
11-23 15:21:42.623  1011  1189 I ASH     : @ 96154.820: tcs3701: stop power rail pending_off timer
11-23 15:21:42.623  1011  1189 D ASH     : @ 96154.820: tcs3701: start power rail timer, state:3
11-23 15:21:42.662  1011  1189 I ASH     : @ 96154.860: tcs3701: stop power rail pending_off timer
11-23 15:21:42.662  1011  1189 D ASH     : @ 96154.860: tcs3701: start power rail timer, state:3
11-23 15:21:42.678  1795  4168 D ActivityManager: freezer override set to true
11-23 15:21:42.681  5238  5296 I BatteryMgr:DataCollectionService: stats => 1700749302680,12817,4444,13427,4169000,100
11-23 15:21:42.702  1011  1189 I ASH     : @ 96154.900: tcs3701: stop power rail pending_off timer
11-23 15:21:42.702  1011  1189 D ASH     : @ 96154.900: tcs3701: start power rail timer, state:3
11-23 15:21:42.742  1011  1189 I ASH     : @ 96154.940: tcs3701: stop power rail pending_off timer
11-23 15:21:42.742  1011  1189 D ASH     : @ 96154.940: tcs3701: start power rail timer, state:3
11-23 15:21:42.782  1011  1189 I ASH     : @ 96154.980: tcs3701: stop power rail pending_off timer
11-23 15:21:42.782  1011  1189 D ASH     : @ 96154.980: tcs3701: start power rail timer, state:3
11-23 15:21:42.785  5238  5296 I BatteryMgr:DataCollectionService: stats => 1700749302785,12817,4444,13427,4169000,100
11-23 15:21:42.808 27537 27562 I m.chrome.canary: Explicit concurrent copying GC freed 3873(192KB) AllocSpace objects, 4(80KB) LOS objects, 75% free, 12MB/49MB, paused 30us,21us total 42.590ms
11-23 15:21:42.823  1011  1189 I ASH     : @ 96155.020: tcs3701: stop power rail pending_off timer
11-23 15:21:42.823  1011  1189 D ASH     : @ 96155.020: tcs3701: start power rail timer, state:3
11-23 15:21:42.862  1795  4168 D ActivityManager: freezer override set to false
11-23 15:21:42.862  1011  1189 I ASH     : @ 96155.060: tcs3701: stop power rail pending_off timer
11-23 15:21:42.862  1011  1189 D ASH     : @ 96155.060: tcs3701: start power rail timer, state:3
11-23 15:21:42.891  5238  5296 I BatteryMgr:DataCollectionService: stats => 1700749302891,12817,4444,13427,4169000,100
11-23 15:21:42.902  1011  1189 I ASH     : @ 96155.100: tcs3701: stop power rail pending_off timer
11-23 15:21:42.902  1011  1189 D ASH     : @ 96155.100: tcs3701: start power rail timer, state:3
11-23 15:21:42.942  1011  1189 I ASH     : @ 96155.140: tcs3701: stop power rail pending_off timer
11-23 15:21:42.942  1011  1189 D ASH     : @ 96155.140: tcs3701: start power rail timer, state:3
11-23 15:21:42.982  1011  1189 I ASH     : @ 96155.180: tcs3701: stop power rail pending_off timer
11-23 15:21:42.982  1011  1189 D ASH     : @ 96155.180: tcs3701: start power rail timer, state:3
11-23 15:21:42.992  2113  2118 I pixel-thermal: skin-therm-monitor: 37.835
11-23 15:21:42.998  5238  5296 I BatteryMgr:DataCollectionService: stats => 1700749302998,12817,4444,13427,4169000,100
11-23 15:21:43.022  1011  1189 I ASH     : @ 96155.220: tcs3701: stop power rail pending_off timer
11-23 15:21:43.022  1011  1189 D ASH     : @ 96155.220: tcs3701: start power rail timer, state:3
11-23 15:21:43.062  1011  1189 I ASH     : @ 96155.260: tcs3701: stop power rail pending_off timer
11-23 15:21:43.062  1011  1189 D ASH     : @ 96155.260: tcs3701: start power rail timer, state:3
11-23 15:21:43.102  1011  1189 I ASH     : @ 96155.300: tcs3701: stop power rail pending_off timer
11-23 15:21:43.102  1011  1189 D ASH     : @ 96155.300: tcs3701: start power rail timer, state:3
11-23 15:21:43.105  5238  5296 I BatteryMgr:DataCollectionService: stats => 1700749303105,12817,4444,13427,4169000,100
11-23 15:21:43.142  1011  1189 I ASH     : @ 96155.340: tcs3701: stop power rail pending_off timer
11-23 15:21:43.142  1011  1189 D ASH     : @ 96155.340: tcs3701: start power rail timer, state:3
11-23 15:21:43.182  1011  1189 I ASH     : @ 96155.380: tcs3701: stop power rail pending_off timer
11-23 15:21:43.182  1011  1189 D ASH     : @ 96155.380: tcs3701: start power rail timer, state:3
11-23 15:21:43.213  5238  5296 I BatteryMgr:DataCollectionService: stats => 1700749303213,12817,4444,13427,4169000,100
11-23 15:21:43.222  1011  1189 I ASH     : @ 96155.420: tcs3701: stop power rail pending_off timer
11-23 15:21:43.222  1011  1189 D ASH     : @ 96155.420: tcs3701: start power rail timer, state:3
11-23 15:21:43.230  1795  4168 D ActivityManager: freezer override set to true
11-23 15:21:43.234  1795  4168 D ActivityManager: freezer override set to false
11-23 15:21:43.262  1011  1189 I ASH     : @ 96155.460: tcs3701: stop power rail pending_off timer
11-23 15:21:43.262  1011  1189 D ASH     : @ 96155.460: tcs3701: start power rail timer, state:3
11-23 15:21:43.302  1011  1189 I ASH     : @ 96155.500: tcs3701: stop power rail pending_off timer
11-23 15:21:43.302  1011  1189 D ASH     : @ 96155.500: tcs3701: start power rail timer, state:3
11-23 15:21:43.320  5238  5296 I BatteryMgr:DataCollectionService: stats => 1700749303320,12817,4444,13427,4169000,100
11-23 15:21:43.342  1011  1189 I ASH     : @ 96155.540: tcs3701: stop power rail pending_off timer
11-23 15:21:43.342  1011  1189 D ASH     : @ 96155.540: tcs3701: start power rail timer, state:3
11-23 15:21:43.382  1011  1189 I ASH     : @ 96155.580: tcs3701: stop power rail pending_off timer
11-23 15:21:43.382  1011  1189 D ASH     : @ 96155.580: tcs3701: start power rail timer, state:3
11-23 15:21:43.422  1011  1189 I ASH     : @ 96155.620: tcs3701: stop power rail pending_off timer
11-23 15:21:43.422  1011  1189 D ASH     : @ 96155.620: tcs3701: start power rail timer, state:3
11-23 15:21:43.427  5238  5296 I BatteryMgr:DataCollectionService: stats => 1700749303427,12817,4444,13427,4169000,100
11-23 15:21:43.462  1011  1189 I ASH     : @ 96155.660: tcs3701: stop power rail pending_off timer
11-23 15:21:43.462  1011  1189 D ASH     : @ 96155.660: tcs3701: start power rail timer, state:3
11-23 15:21:43.487  1795  4168 D ActivityManager: freezer override set to true
11-23 15:21:43.492  1795  4168 D ActivityManager: freezer override set to false
11-23 15:21:43.503  1011  1189 I ASH     : @ 96155.700: tcs3701: stop power rail pending_off timer
11-23 15:21:43.503  1011  1189 D ASH     : @ 96155.700: tcs3701: start power rail timer, state:3
11-23 15:21:43.533  5238  5296 I BatteryMgr:DataCollectionService: stats => 1700749303533,12817,4444,13427,4169000,100
11-23 15:21:43.543  1011  1189 I ASH     : @ 96155.740: tcs3701: stop power rail pending_off timer
11-23 15:21:43.543  1011  1189 D ASH     : @ 96155.740: tcs3701: start power rail timer, state:3
11-23 15:21:43.561  1795  2424 D WifiClientModeImpl[13802:wlan0]: updateLinkLayerStatsRssiSpeedFrequencyCapabilities rssi=-49 TxLinkspeed=866 freq=5240 RxLinkSpeed=6
11-23 15:21:43.562  1795  2424 D WifiDataStall: tx tput in kbps: 751999
11-23 15:21:43.562  1795  2424 D WifiDataStall: rx tput in kbps: 791578
11-23 15:21:43.562  1795  2424 V WifiConfigManager: Updating scan detail cache freq=5240 BSSID=f4:6d:2f:12:cc:88 RSSI=-49 for "ourhome"WPA_PSK
11-23 15:21:43.562  1795  2424 D WifiChannelUtilization:  freq: 5240 onTime: 2884292 busyTime: 253535 onTimeDiff: 2883997 busyTimeDiff: 253518 utilization: 22 utilization t0: 22
11-23 15:21:43.563  1795  2424 D WifiDataStall:  ccaLevel = 22
11-23 15:21:43.563  2782  5906 D QCNEJ/WlanStaInfoRelay: Received action: android.net.wifi.RSSI_CHANGED
11-23 15:21:43.563  1795  2424 D WifiDataStall: L2 txTputKbps: 751999, rxTputKbps: 791578, L3 txTputKbps: 0, rxTputKbps: 0, TxTrafficHigh: false, RxTrafficHigh: false, Throughput Sufficient: true
11-23 15:21:43.563  3213  3232 V WifiManager: OnWifiUsabilityStatsListener: onWifiUsabilityStats: seqNum=31739
11-23 15:21:43.563  1795  4168 I WifiService: updateWifiUsabilityScore uid=10180 seqNum=31739 score=100 predictionHorizonSec=1441795
11-23 15:21:43.564  1795  2424 D WifiScoreReport: Wifi scoring disabled - Don't check IP layer
11-23 15:21:43.564  1795  2424 D WifiScoreCard: BSSID update SIGNAL_POLL ID: 1320464697 SSID: "ourhome", BSSID: f4:6d:2f:12:cc:88, MAC: b2:2f:ec:da:4a:0c, IP: /192.168.1.104, Security type: 2, Supplicant state: COMPLETED, Wi-Fi standard: 5, RSSI: -49, Link speed: 866Mbps, Tx Link speed: 866Mbps, Max Supported Tx Link speed: 866Mbps, Rx Link speed: 6Mbps, Max Supported Rx Link speed: 866Mbps, Frequency: 5240MHz, Net ID: 12, Metered hint: false, score: 60, isUsable: true, CarrierMerged: false, SubscriptionId: -1, IsPrimary: 1, Trusted: true, Restricted: false, Ephemeral: false, OEM paid: false, OEM private: false, OSU AP: false, FQDN: <none>, Provider friendly name: <none>, Requesting package name: <none>"ourhome"wpa2-pskMLO Information: , Is TID-To-Link negotiation supported by the AP: false, AP MLD Address: <none>, AP MLO Link Id: <none>, AP MLO Affiliated links: <none>
11-23 15:21:43.564  1795  2424 D WifiScoreCard: txRate: 1 txSpeed: 866
11-23 15:21:43.565  1795  2424 D WifiScoreCard: network update SIGNAL_POLL "ourhome" ID: 1499892569 RSSI -49 txSpeed -1
11-23 15:21:43.565  1795  2424 D WifiClientModeImpl[13802:wlan0]:  ClientModeImpl$L2ConnectedState screen=on 17 0 "ourhome" f4:6d:2f:12:cc:88 rssi=-49 f=5240 sc=60 link=866 tx=0.0, 0.0, 0.0 rx=0.0 bcn=919896 [on:0 tx:0 rx:0 period:3019] from screen [on:216107 period:5937059] score=60
11-23 15:21:43.566  1795  2424 D WifiScoreReport: Wifi scoring disabled - Notify that Wifi is usable
11-23 15:21:43.570  1795  2432 D ConnectivityService: NetReassign [no changes] [c 0] [a 0] [i 3]
11-23 15:21:43.582  1011  1189 I ASH     : @ 96155.780: tcs3701: stop power rail pending_off timer
11-23 15:21:43.582  1011  1189 D ASH     : @ 96155.780: tcs3701: start power rail timer, state:3
11-23 15:21:43.623  1011  1189 I ASH     : @ 96155.820: tcs3701: stop power rail pending_off timer
11-23 15:21:43.623  1011  1189 D ASH     : @ 96155.820: tcs3701: start power rail timer, state:3
11-23 15:21:43.642  5238  5296 I BatteryMgr:DataCollectionService: stats => 1700749303642,12817,4444,13427,4169000,100
11-23 15:21:43.662  1011  1189 I ASH     : @ 96155.860: tcs3701: stop power rail pending_off timer
11-23 15:21:43.662  1011  1189 D ASH     : @ 96155.860: tcs3701: start power rail timer, state:3
11-23 15:21:43.703  1011  1189 I ASH     : @ 96155.900: tcs3701: stop power rail pending_off timer
11-23 15:21:43.703  1011  1189 D ASH     : @ 96155.900: tcs3701: start power rail timer, state:3
11-23 15:21:43.742  1011  1189 I ASH     : @ 96155.940: tcs3701: stop power rail pending_off timer
11-23 15:21:43.742  1011  1189 D ASH     : @ 96155.940: tcs3701: start power rail timer, state:3
11-23 15:21:43.748  5238  5296 I BatteryMgr:DataCollectionService: stats => 1700749303748,12817,4444,13427,4169000,100
11-23 15:21:43.782  1011  1189 I ASH     : @ 96155.980: tcs3701: stop power rail pending_off timer
11-23 15:21:43.782  1011  1189 D ASH     : @ 96155.980: tcs3701: start power rail timer, state:3
11-23 15:21:43.822  1011  1189 I ASH     : @ 96156.020: tcs3701: stop power rail pending_off timer
11-23 15:21:43.822  1011  1189 D ASH     : @ 96156.020: tcs3701: start power rail timer, state:3
11-23 15:21:43.852  5238  5296 I BatteryMgr:DataCollectionService: stats => 1700749303852,12817,4444,13427,4169000,100
11-23 15:21:43.862  1011  1189 I ASH     : @ 96156.060: tcs3701: stop power rail pending_off timer
11-23 15:21:43.862  1011  1189 D ASH     : @ 96156.060: tcs3701: start power rail timer, state:3
11-23 15:21:43.902  1011  1189 I ASH     : @ 96156.100: tcs3701: stop power rail pending_off timer
11-23 15:21:43.903  1011  1189 D ASH     : @ 96156.100: tcs3701: start power rail timer, state:3
11-23 15:21:43.942  1011  1189 I ASH     : @ 96156.140: tcs3701: stop power rail pending_off timer
11-23 15:21:43.942  1011  1189 D ASH     : @ 96156.140: tcs3701: start power rail timer, state:3
11-23 15:21:43.958  5238  5296 I BatteryMgr:DataCollectionService: stats => 1700749303958,11291,4444,13427,4169000,100
11-23 15:21:43.982  1011  1189 I ASH     : @ 96156.180: tcs3701: stop power rail pending_off timer
11-23 15:21:43.982  1011  1189 D ASH     : @ 96156.180: tcs3701: start power rail timer, state:3
11-23 15:21:44.022  1011  1189 I ASH     : @ 96156.220: tcs3701: stop power rail pending_off timer
11-23 15:21:44.023  1011  1189 D ASH     : @ 96156.220: tcs3701: start power rail timer, state:3
11-23 15:21:44.063  1011  1189 I ASH     : @ 96156.260: tcs3701: stop power rail pending_off timer
11-23 15:21:44.063  1011  1189 D ASH     : @ 96156.260: tcs3701: start power rail timer, state:3
11-23 15:21:44.065  5238  5296 I BatteryMgr:DataCollectionService: stats => 1700749304065,11291,4444,13427,4169000,100
11-23 15:21:44.103  1011  1189 I ASH     : @ 96156.300: tcs3701: stop power rail pending_off timer
11-23 15:21:44.103  1011  1189 D ASH     : @ 96156.300: tcs3701: start power rail timer, state:3
11-23 15:21:44.142  1011  1189 I ASH     : @ 96156.340: tcs3701: stop power rail pending_off timer
11-23 15:21:44.142  1011  1189 D ASH     : @ 96156.340: tcs3701: start power rail timer, state:3
11-23 15:21:44.173  5238  5296 I BatteryMgr:DataCollectionService: stats => 1700749304173,11291,4444,13427,4169000,100
11-23 15:21:44.182  1011  1189 I ASH     : @ 96156.380: tcs3701: stop power rail pending_off timer
11-23 15:21:44.182  1011  1189 D ASH     : @ 96156.380: tcs3701: start power rail timer, state:3
11-23 15:21:44.222  1011  1189 I ASH     : @ 96156.420: tcs3701: stop power rail pending_off timer
11-23 15:21:44.222  1011  1189 D ASH     : @ 96156.420: tcs3701: start power rail timer, state:3
11-23 15:21:44.262  1011  1189 I ASH     : @ 96156.460: tcs3701: stop power rail pending_off timer
11-23 15:21:44.262  1011  1189 D ASH     : @ 96156.460: tcs3701: start power rail timer, state:3
11-23 15:21:44.281  5238  5296 I BatteryMgr:DataCollectionService: stats => 1700749304281,11291,4444,13427,4169000,100
11-23 15:21:44.302  1011  1189 I ASH     : @ 96156.500: tcs3701: stop power rail pending_off timer
11-23 15:21:44.302  1011  1189 D ASH     : @ 96156.500: tcs3701: start power rail timer, state:3
11-23 15:21:44.342  1011  1189 I ASH     : @ 96156.540: tcs3701: stop power rail pending_off timer
11-23 15:21:44.342  1011  1189 D ASH     : @ 96156.540: tcs3701: start power rail timer, state:3
11-23 15:21:44.382  1011  1189 I ASH     : @ 96156.580: tcs3701: stop power rail pending_off timer
11-23 15:21:44.382  1011  1189 D ASH     : @ 96156.580: tcs3701: start power rail timer, state:3
11-23 15:21:44.383  1795  2262 D ActivityManager: freezer override set to true
11-23 15:21:44.386  5238  5296 I BatteryMgr:DataCollectionService: stats => 1700749304386,11291,4444,13427,4169000,100
11-23 15:21:44.388  1795  2262 D ActivityManager: freezer override set to false
11-23 15:21:44.422  1011  1189 I ASH     : @ 96156.620: tcs3701: stop power rail pending_off timer
11-23 15:21:44.422  1011  1189 D ASH     : @ 96156.620: tcs3701: start power rail timer, state:3
11-23 15:21:44.462  1011  1189 I ASH     : @ 96156.660: tcs3701: stop power rail pending_off timer
11-23 15:21:44.462  1011  1189 D ASH     : @ 96156.660: tcs3701: start power rail timer, state:3
11-23 15:21:44.492  5238  5296 I BatteryMgr:DataCollectionService: stats => 1700749304492,11291,4444,13427,4169000,100
11-23 15:21:44.502  1011  1189 I ASH     : @ 96156.700: tcs3701: stop power rail pending_off timer
11-23 15:21:44.502  1011  1189 D ASH     : @ 96156.700: tcs3701: start power rail timer, state:3
11-23 15:21:44.542  1011  1189 I ASH     : @ 96156.740: tcs3701: stop power rail pending_off timer
11-23 15:21:44.542  1011  1189 D ASH     : @ 96156.740: tcs3701: start power rail timer, state:3
11-23 15:21:44.547  1795  2262 D ActivityManager: freezer override set to true
11-23 15:21:44.582  1011  1189 I ASH     : @ 96156.780: tcs3701: stop power rail pending_off timer
11-23 15:21:44.582  1011  1189 D ASH     : @ 96156.780: tcs3701: start power rail timer, state:3
11-23 15:21:44.596  5238  5296 I BatteryMgr:DataCollectionService: stats => 1700749304596,11291,4444,13427,4169000,100
11-23 15:21:44.622  1011  1189 I ASH     : @ 96156.820: tcs3701: stop power rail pending_off timer
11-23 15:21:44.622  1011  1189 D ASH     : @ 96156.820: tcs3701: start power rail timer, state:3
11-23 15:21:44.662  1011  1189 I ASH     : @ 96156.860: tcs3701: stop power rail pending_off timer
11-23 15:21:44.662  1011  1189 D ASH     : @ 96156.860: tcs3701: start power rail timer, state:3
11-23 15:21:44.685 27537 27562 I m.chrome.canary: Explicit concurrent copying GC freed 3850(192KB) AllocSpace objects, 4(80KB) LOS objects, 75% free, 12MB/49MB, paused 72us,24us total 52.415ms
11-23 15:21:44.702  5238  5296 I BatteryMgr:DataCollectionService: stats => 1700749304702,11291,4444,13427,4169000,100
11-23 15:21:44.702  1011  1189 I ASH     : @ 96156.900: tcs3701: stop power rail pending_off timer
11-23 15:21:44.702  1011  1189 D ASH     : @ 96156.900: tcs3701: start power rail timer, state:3
11-23 15:21:44.742  1011  1189 I ASH     : @ 96156.940: tcs3701: stop power rail pending_off timer
11-23 15:21:44.742  1011  1189 D ASH     : @ 96156.940: tcs3701: start power rail timer, state:3
11-23 15:21:44.743  1795  2262 D ActivityManager: freezer override set to false
11-23 15:21:44.782  1011  1189 I ASH     : @ 96156.980: tcs3701: stop power rail pending_off timer
11-23 15:21:44.782  1011  1189 D ASH     : @ 96156.980: tcs3701: start power rail timer, state:3
11-23 15:21:44.808  5238  5296 I BatteryMgr:DataCollectionService: stats => 1700749304808,11291,4444,13427,4169000,100
11-23 15:21:44.822  1011  1189 I ASH     : @ 96157.020: tcs3701: stop power rail pending_off timer
11-23 15:21:44.822  1011  1189 D ASH     : @ 96157.020: tcs3701: start power rail timer, state:3
11-23 15:21:44.862  1011  1189 I ASH     : @ 96157.060: tcs3701: stop power rail pending_off timer
11-23 15:21:44.862  1011  1189 D ASH     : @ 96157.060: tcs3701: start power rail timer, state:3
11-23 15:21:44.902  1011  1189 I ASH     : @ 96157.100: tcs3701: stop power rail pending_off timer
11-23 15:21:44.902  1011  1189 D ASH     : @ 96157.100: tcs3701: start power rail timer, state:3
11-23 15:21:44.914  5238  5296 I BatteryMgr:DataCollectionService: stats => 1700749304914,11291,4444,13427,4169000,100
11-23 15:21:44.942  1011  1189 I ASH     : @ 96157.140: tcs3701: stop power rail pending_off timer
11-23 15:21:44.942  1011  1189 D ASH     : @ 96157.140: tcs3701: start power rail timer, state:3
11-23 15:21:44.982  1011  1189 I ASH     : @ 96157.180: tcs3701: stop power rail pending_off timer
11-23 15:21:44.982  1011  1189 D ASH     : @ 96157.180: tcs3701: start power rail timer, state:3
11-23 15:21:44.996  2113  2118 I pixel-thermal: skin-therm-monitor: 37.838
11-23 15:21:45.021  5238  5296 I BatteryMgr:DataCollectionService: stats => 1700749305021,11291,4444,13427,4169000,100
11-23 15:21:45.022  1011  1189 I ASH     : @ 96157.220: tcs3701: stop power rail pending_off timer
11-23 15:21:45.022  1011  1189 D ASH     : @ 96157.220: tcs3701: start power rail timer, state:3
11-23 15:21:45.059  1795  2262 D ActivityManager: freezer override set to true
11-23 15:21:45.061  1795  2262 D ActivityManager: freezer override set to false
11-23 15:21:45.062  1011  1189 I ASH     : @ 96157.260: tcs3701: stop power rail pending_off timer
