11-23 15:15:35.355  1795  4170 D CompatibilityChangeReporter: Compat change id reported: 194480991; UID 10010; state: ENABLED
11-23 15:15:35.356  1795  4170 D CompatibilityChangeReporter: Compat change id reported: 174042980; UID 10010; state: DISABLED
11-23 15:15:35.358  1795  4170 D CompatibilityChangeReporter: Compat change id reported: 181136395; UID 10010; state: DISABLED
11-23 15:15:35.358  1795  4170 D CompatibilityChangeReporter: Compat change id reported: 174042936; UID 10010; state: DISABLED
11-23 15:15:35.363  1795  4170 D CompatibilityChangeReporter: Compat change id reported: 194833441; UID 10010; state: ENABLED
11-23 15:15:35.378 21704 21704 W cr_ActivityDispatcher: CustomTabsIntent#shouldAlwaysUseBrowserUI() = false
11-23 15:15:35.378 21704 21704 I cr_VideoPersist: Exited picture in picture with reason: 0
11-23 15:15:35.379 21704 21704 E cr_IntentUtils: getInt failed on bundle null
11-23 15:15:35.382  1011  1189 I ASH     : @ 95787.580: tcs3701: stop power rail pending_off timer
11-23 15:15:35.382  1011  1189 D ASH     : @ 95787.580: tcs3701: start power rail timer, state:3
11-23 15:15:35.392  1795  2120 D CompatibilityChangeReporter: Compat change id reported: 143937733; UID 10010; state: ENABLED
11-23 15:15:35.393  5238  5296 I BatteryMgr:DataCollectionService: stats => 1700748935393,8239,4444,13427,4169000,100
11-23 15:15:35.396 21704 21704 W cr_ActivityDispatcher: CustomTabsIntent#shouldAlwaysUseBrowserUI() = false
11-23 15:15:35.402 21752 21752 D Zygote  : Forked child process 22005
11-23 15:15:35.404  1795  2120 I ActivityManager: Start proc 22005:com.chrome.canary:sandboxed_process0:org.chromium.content.app.SandboxedProcessService0:1/u0ai1 for  {com.chrome.canary/org.chromium.content.app.SandboxedProcessService0:1}
11-23 15:15:35.405 22005 22005 E libc    : SetHeapTaggingLevel: re-enabling tagging after it was disabled is not supported
11-23 15:15:35.410 22005 22005 I ocessService0:1: Using CollectorTypeCC GC.
11-23 15:15:35.422  1011  1189 I ASH     : @ 95787.620: tcs3701: stop power rail pending_off timer
11-23 15:15:35.422  1011  1189 D ASH     : @ 95787.620: tcs3701: start power rail timer, state:3
11-23 15:15:35.423  1383  1442 I adbd    : jdwp connection from 22005
11-23 15:15:35.435  1795  3745 D CompatibilityChangeReporter: Compat change id reported: 168419799; UID 10010; state: DISABLED
11-23 15:15:35.435  1795  3745 D CompatibilityChangeReporter: Compat change id reported: 273564678; UID 10010; state: DISABLED
11-23 15:15:35.439  3657  4525 D ForegroundUtils: Foreground UID status:
11-23 15:15:35.439  3657  4525 D ForegroundUtils: UID: 10010 is in foreground: true
11-23 15:15:35.439  3657  4525 D ForegroundUtils: UID: 10128 is in foreground: true
11-23 15:15:35.439  3657  4525 D ForegroundUtils: UID: 10158 is in foreground: true
11-23 15:15:35.439  3657  4525 D ForegroundUtils: UID: 10189 is in foreground: false
11-23 15:15:35.439  3657  4525 D ForegroundUtils: UID: 10194 is in foreground: true
11-23 15:15:35.439  3657  4525 D ForegroundUtils: UID: 10206 is in foreground: false
11-23 15:15:35.439  3657  4525 D ForegroundUtils: UID: 10233 is in foreground: true
11-23 15:15:35.439  3657  4525 D ForegroundUtils: UID: 10244 is in foreground: false
11-23 15:15:35.439  3657  4525 D ForegroundUtils: UID: 10304 is in foreground: true
11-23 15:15:35.439  3657  4525 D ForegroundUtils: UID: 10319 is in foreground: true
11-23 15:15:35.439  3657  4525 D ForegroundUtils: UID: 90000 is in foreground: true
11-23 15:15:35.439  3657  4525 D ForegroundUtils: UID: 90001 is in foreground: true
11-23 15:15:35.439 22005 22005 I ActivityThread: Relaunch all activities: onCoreSettingsChange
11-23 15:15:35.440 22005 22005 D CompatibilityChangeReporter: Compat change id reported: 171979766; UID 90001; state: ENABLED
11-23 15:15:35.452 22005 22005 I LoadedApk: No resource references to update in package com.google.android.trichromelibrary.canary
11-23 15:15:35.452 22005 22005 D NetworkSecurityConfig: Using Network Security Config from resource 0_resource_name_obfuscated debugBuild: false
11-23 15:15:35.453 22005 22005 D NetworkSecurityConfig: Using Network Security Config from resource 0_resource_name_obfuscated debugBuild: false
11-23 15:15:35.455 22005 22005 I cr_SplitCompatApp: Launched version=121.0.6137.0 minSdkVersion=29 isBundle=true processName=com.chrome.canary:sandboxed_process0:org.chromium.content.app.SandboxedProcessService0:1 isIsolated=true
11-23 15:15:35.462  1011  1189 I ASH     : @ 95787.660: tcs3701: stop power rail pending_off timer
11-23 15:15:35.462  1011  1189 D ASH     : @ 95787.660: tcs3701: start power rail timer, state:3
11-23 15:15:35.463 22005 22005 W SystemServiceRegistry: No service published for: uimode
11-23 15:15:35.469 22005 22005 I cr_ChildProcessService: Creating new ChildProcessService pid=22005
11-23 15:15:35.488 21704 21704 I cr_A11yState: Enabled accessibility services list updated.
11-23 15:15:35.489 21704 21704 I cr_A11yState: Informing listeners of changes.
11-23 15:15:35.489 21704 21704 I cr_A11yState: New AccessibilityState: State{isScreenReaderEnabled=false, isTouchExplorationEnabled=false, isPerformGesturesEnabled=false, isAnyAccessibilityServiceEnabled=false, isAccessibilityToolPresent=false, isSpokenFeedbackServicePresent=false, isTextShowPasswordEnabled=true, isOnlyPasswordManagersEnabled=false}
11-23 15:15:35.489 22005 22020 I cr_LibraryLoader: Successfully loaded native library
11-23 15:15:35.490 22005 22020 I cr_CachingUmaRecorder: Flushed 3 samples from 3 histograms, 0 samples were dropped.
11-23 15:15:35.497  5238  5296 I BatteryMgr:DataCollectionService: stats => 1700748935497,8239,4444,13427,4169000,100
11-23 15:15:35.502 21704 21704 I cr_OfflineDetector: Running updateState mConnectivityDetectorInitialized: true, mTimeWhenLastForegrounded: 95784316, getElapsedTime: 95784316, mTimeWhenLastOfflineNotificationReceived: 0, mTimeWhenLastOnline: 95775077, mTimeWhenAirplaneModeToggledOff: 0 mApplicationState: 1, mIsOfflineLastReportedByConnectivityDetector: false, mInAirplaneMode: false mIsEffectivelyOffline: false
11-23 15:15:35.502 21704 21704 I cr_OfflineDetector: updateState(): timeSinceLastForeground: 0, timeSinceOfflineNotificationReceived: 95784316, timeSinceLastOnline: 9239, timeNeededForForeground: 2000, timeNeededForOffline: -95782316 timeSinceAirplaneModeToggledOff: 95784316 timeNeededAfterConnectionChangeFromOnlineToOffline: 761 timeNeededAfterConnectionChangeFromAirplaneToOffline: 0
11-23 15:15:35.502 21704 21704 I cr_OfflineDetector: Running mUpdateOfflineStatusIndicatorDelayedRunnable start. mConnectivityDetectorInitialized: true, mTimeWhenLastForegrounded: 95784316, getElapsedTime: 95784317, mTimeWhenLastOfflineNotificationReceived: 0, mTimeWhenLastOnline: 95775077, mTimeWhenAirplaneModeToggledOff: 0 mApplicationState: 1, mIsOfflineLastReportedByConnectivityDetector: false, mInAirplaneMode: false mIsEffectivelyOffline: false
11-23 15:15:35.502  1011  1189 I ASH     : @ 95787.700: tcs3701: stop power rail pending_off timer
11-23 15:15:35.502  1011  1189 D ASH     : @ 95787.700: tcs3701: start power rail timer, state:3
11-23 15:15:35.505 21704 21704 I cr_InactivityTracker: Last background time read from the SharedPreference is:1700748935359.
11-23 15:15:35.507 21704 21704 I cr_VideoPersist: Exited picture in picture with reason: 0
11-23 15:15:35.508  1795  4157 D CompatibilityChangeReporter: Compat change id reported: 161145287; UID 10010; state: DISABLED
11-23 15:15:35.509 21704 21704 I cr_InactivityTracker: Last visible time read from the SharedPreference is:1700748926362.
11-23 15:15:35.538  1795  4170 D CompatibilityChangeReporter: Compat change id reported: 214016041; UID 10010; state: ENABLED
11-23 15:15:35.542  1011  1189 I ASH     : @ 95787.740: tcs3701: stop power rail pending_off timer
11-23 15:15:35.542  1011  1189 D ASH     : @ 95787.740: tcs3701: start power rail timer, state:3
11-23 15:15:35.548  3375  3375 I GoogleInputMethodService: GoogleInputMethodService.onFinishInput():3154 
11-23 15:15:35.550  3375  3375 I GoogleInputMethodService: GoogleInputMethodService.updateDeviceLockedStatus():2088 repeatCheckTimes = 0, locked = false
11-23 15:15:35.551  3375  3375 I GoogleInputMethodService: GoogleInputMethodService.onStartInput():1883 onStartInput(EditorInfo{EditorInfo{packageName=com.chrome.canary, inputType=0, inputTypeString=NULL, enableLearning=false, autoCorrection=false, autoComplete=false, imeOptions=12000000, privateImeOptions=null, actionName=UNSPECIFIED, actionLabel=null, initialSelStart=-1, initialSelEnd=-1, initialCapsMode=0, label=null, fieldId=-1, fieldName=null, extras=null, hintText=null, hintLocales=[]}}, false)
11-23 15:15:35.552  3375  3375 I GoogleInputMethodService: GoogleInputMethodService.updateDeviceLockedStatus():2088 repeatCheckTimes = 1, locked = false
11-23 15:15:35.582  1011  1189 I ASH     : @ 95787.780: tcs3701: stop power rail pending_off timer
11-23 15:15:35.582  1011  1189 D ASH     : @ 95787.780: tcs3701: start power rail timer, state:3
11-23 15:15:35.601  5238  5296 I BatteryMgr:DataCollectionService: stats => 1700748935601,8239,4444,13427,4169000,100
11-23 15:15:35.605  1795  2424 D WifiClientModeImpl[13802:wlan0]: updateLinkLayerStatsRssiSpeedFrequencyCapabilities rssi=-49 TxLinkspeed=780 freq=5240 RxLinkSpeed=866
11-23 15:15:35.605  1795  2424 D WifiDataStall: tx tput in kbps: 677320
11-23 15:15:35.605  1795  2424 D WifiDataStall: rx tput in kbps: 791578
11-23 15:15:35.605  1795  2424 V WifiConfigManager: Updating scan detail cache freq=5240 BSSID=f4:6d:2f:12:cc:88 RSSI=-48 for "ourhome"WPA_PSK
11-23 15:15:35.606  1795  2424 D WifiChannelUtilization:  freq: 5240 onTime: 2870777 busyTime: 252926 onTimeDiff: 2870482 busyTimeDiff: 252909 utilization: 22 utilization t0: 22
11-23 15:15:35.606  1795  2424 D WifiDataStall:  ccaLevel = 22
11-23 15:15:35.606  1795  2424 D WifiDataStall: L2 txTputKbps: 677320, rxTputKbps: 791578, L3 txTputKbps: 0, rxTputKbps: 1, TxTrafficHigh: false, RxTrafficHigh: false, Throughput Sufficient: true
11-23 15:15:35.606  3213  3232 V WifiManager: OnWifiUsabilityStatsListener: onWifiUsabilityStats: seqNum=31617
11-23 15:15:35.606  1795  2424 D WifiScoreReport: Wifi scoring disabled - Don't check IP layer
11-23 15:15:35.606  1795  2424 D WifiScoreCard: BSSID update SIGNAL_POLL ID: 1320464697 SSID: "ourhome", BSSID: f4:6d:2f:12:cc:88, MAC: b2:2f:ec:da:4a:0c, IP: /192.168.1.104, Security type: 2, Supplicant state: COMPLETED, Wi-Fi standard: 5, RSSI: -49, Link speed: 780Mbps, Tx Link speed: 780Mbps, Max Supported Tx Link speed: 866Mbps, Rx Link speed: 866Mbps, Max Supported Rx Link speed: 866Mbps, Frequency: 5240MHz, Net ID: 12, Metered hint: false, score: 60, isUsable: true, CarrierMerged: false, SubscriptionId: -1, IsPrimary: 1, Trusted: true, Restricted: false, Ephemeral: false, OEM paid: false, OEM private: false, OSU AP: false, FQDN: <none>, Provider friendly name: <none>, Requesting package name: <none>"ourhome"wpa2-pskMLO Information: , Is TID-To-Link negotiation supported by the AP: false, AP MLD Address: <none>, AP MLO Link Id: <none>, AP MLO Affiliated links: <none>
11-23 15:15:35.606  1795  2424 D WifiScoreCard: txRate: 4 txSpeed: 780
11-23 15:15:35.606  1795  2424 D WifiScoreCard: network update SIGNAL_POLL "ourhome" ID: 1499892569 RSSI -49 txSpeed 780
11-23 15:15:35.607  1795  2424 D WifiClientModeImpl[13802:wlan0]:  ClientModeImpl$L2ConnectedState screen=on 17 0 "ourhome" f4:6d:2f:12:cc:88 rssi=-49 f=5240 sc=60 link=780 tx=3.5, 0.1, 0.0 rx=2.5 bcn=916309 [on:56 tx:2 rx:0 period:3012] from screen [on:202592 period:5569101] score=60
11-23 15:15:35.610  1795  4157 I WifiService: updateWifiUsabilityScore uid=10180 seqNum=31617 score=100 predictionHorizonSec=1441795
11-23 15:15:35.610  1795  2424 D WifiScoreReport: Wifi scoring disabled - Notify that Wifi is usable
11-23 15:15:35.612  1795  2432 D ConnectivityService: NetReassign [no changes] [c 1] [a 0] [i 1]
11-23 15:15:35.622  1011  1189 I ASH     : @ 95787.820: tcs3701: stop power rail pending_off timer
11-23 15:15:35.622  1011  1189 D ASH     : @ 95787.820: tcs3701: start power rail timer, state:3
11-23 15:15:35.650  1795  4157 D CompatibilityChangeReporter: Compat change id reported: 181136395; UID 10010; state: DISABLED
11-23 15:15:35.651  1795  4157 D CompatibilityChangeReporter: Compat change id reported: 174042936; UID 10010; state: DISABLED
11-23 15:15:35.663  1011  1189 I ASH     : @ 95787.860: tcs3701: stop power rail pending_off timer
11-23 15:15:35.663  1011  1189 D ASH     : @ 95787.860: tcs3701: start power rail timer, state:3
11-23 15:15:35.702  1011  1189 I ASH     : @ 95787.900: tcs3701: stop power rail pending_off timer
11-23 15:15:35.702  1011  1189 D ASH     : @ 95787.900: tcs3701: start power rail timer, state:3
11-23 15:15:35.705  5238  5296 I BatteryMgr:DataCollectionService: stats => 1700748935705,8239,4444,13427,4169000,100
11-23 15:15:35.743  1011  1189 I ASH     : @ 95787.940: tcs3701: stop power rail pending_off timer
11-23 15:15:35.743  1011  1189 D ASH     : @ 95787.940: tcs3701: start power rail timer, state:3
11-23 15:15:35.782  1011  1189 I ASH     : @ 95787.980: tcs3701: stop power rail pending_off timer
11-23 15:15:35.782  1011  1189 D ASH     : @ 95787.980: tcs3701: start power rail timer, state:3
11-23 15:15:35.811  5238  5296 I BatteryMgr:DataCollectionService: stats => 1700748935810,8239,4444,13427,4169000,100
11-23 15:15:35.823  1011  1189 I ASH     : @ 95788.020: tcs3701: stop power rail pending_off timer
11-23 15:15:35.823  1011  1189 D ASH     : @ 95788.020: tcs3701: start power rail timer, state:3
11-23 15:15:35.862  1011  1189 I ASH     : @ 95788.060: tcs3701: stop power rail pending_off timer
11-23 15:15:35.863  1011  1189 D ASH     : @ 95788.060: tcs3701: start power rail timer, state:3
11-23 15:15:35.902  1011  1189 I ASH     : @ 95788.100: tcs3701: stop power rail pending_off timer
11-23 15:15:35.903  1011  1189 D ASH     : @ 95788.100: tcs3701: start power rail timer, state:3
11-23 15:15:35.920  5238  5296 I BatteryMgr:DataCollectionService: stats => 1700748935920,8239,4444,13427,4169000,100
11-23 15:15:35.942  1011  1189 I ASH     : @ 95788.140: tcs3701: stop power rail pending_off timer
11-23 15:15:35.942  1011  1189 D ASH     : @ 95788.140: tcs3701: start power rail timer, state:3
11-23 15:15:35.982  1011  1189 I ASH     : @ 95788.180: tcs3701: stop power rail pending_off timer
11-23 15:15:35.983  1011  1189 D ASH     : @ 95788.180: tcs3701: start power rail timer, state:3
11-23 15:15:35.995 21704 21765 W chromium: [WARNING:ev_root_ca_metadata.cc(119)] Not implemented
11-23 15:15:35.995 21704 21765 W chromium: [WARNING:ev_root_ca_metadata.cc(119)] Not implemented
11-23 15:15:36.022  1011  1189 I ASH     : @ 95788.220: tcs3701: stop power rail pending_off timer
11-23 15:15:36.023  1011  1189 D ASH     : @ 95788.220: tcs3701: start power rail timer, state:3
11-23 15:15:36.030  5238  5296 I BatteryMgr:DataCollectionService: stats => 1700748936030,8239,4444,13427,4169000,100
11-23 15:15:36.038  1795  4157 D ActivityManager: freezer override set to true
11-23 15:15:36.062  1011  1189 I ASH     : @ 95788.260: tcs3701: stop power rail pending_off timer
11-23 15:15:36.062  1011  1189 D ASH     : @ 95788.260: tcs3701: start power rail timer, state:3
11-23 15:15:36.102  1011  1189 I ASH     : @ 95788.300: tcs3701: stop power rail pending_off timer
11-23 15:15:36.102  1011  1189 D ASH     : @ 95788.300: tcs3701: start power rail timer, state:3
11-23 15:15:36.134  5238  5296 I BatteryMgr:DataCollectionService: stats => 1700748936134,8239,4444,13427,4169000,100
11-23 15:15:36.142  1011  1189 I ASH     : @ 95788.340: tcs3701: stop power rail pending_off timer
11-23 15:15:36.142  1011  1189 D ASH     : @ 95788.340: tcs3701: start power rail timer, state:3
11-23 15:15:36.159  2113  2118 I pixel-thermal: skin-therm-monitor: 37.389
11-23 15:15:36.166 21704 21751 I m.chrome.canary: Explicit concurrent copying GC freed 28670(1243KB) AllocSpace objects, 14(652KB) LOS objects, 75% free, 12MB/49MB, paused 94us,21us total 91.001ms
11-23 15:15:36.182  1011  1189 I ASH     : @ 95788.380: tcs3701: stop power rail pending_off timer
11-23 15:15:36.182  1011  1189 D ASH     : @ 95788.380: tcs3701: start power rail timer, state:3
11-23 15:15:36.222  1011  1189 I ASH     : @ 95788.420: tcs3701: stop power rail pending_off timer
11-23 15:15:36.222  1011  1189 D ASH     : @ 95788.420: tcs3701: start power rail timer, state:3
11-23 15:15:36.223  1795  4170 D ActivityManager: freezer override set to false
11-23 15:15:36.230  3845  3845 E AbstractGmsTracer: Traced class shouldn't be obfuscated: GmsBoundBrokerChimeraService [CONTEXT service_id=259 ]
11-23 15:15:36.231  3845  3845 D BoundBrokerSvc: onBind: Intent { act=com.google.android.gms.common.BIND_SHARED_PREFS pkg=com.google.android.gms }
11-23 15:15:36.231  3845  3845 D BoundBrokerSvc: Loading bound service for intent: Intent { act=com.google.android.gms.common.BIND_SHARED_PREFS pkg=com.google.android.gms }
11-23 15:15:36.231  3845  3845 E AbstractGmsTracer: Traced class shouldn't be obfuscated: SharedPreferencesBoundService [CONTEXT service_id=259 ]
11-23 15:15:36.234  3845  3845 D BoundBrokerSvc: onUnbind: Intent { act=com.google.android.gms.common.BIND_SHARED_PREFS pkg=com.google.android.gms }
11-23 15:15:36.238  5238  5296 I BatteryMgr:DataCollectionService: stats => 1700748936238,8239,4444,13427,4169000,100
11-23 15:15:36.262  1011  1189 I ASH     : @ 95788.460: tcs3701: stop power rail pending_off timer
11-23 15:15:36.262  1011  1189 D ASH     : @ 95788.460: tcs3701: start power rail timer, state:3
11-23 15:15:36.302  1011  1189 I ASH     : @ 95788.500: tcs3701: stop power rail pending_off timer
11-23 15:15:36.303  1011  1189 D ASH     : @ 95788.500: tcs3701: start power rail timer, state:3
11-23 15:15:36.342  1011  1189 I ASH     : @ 95788.540: tcs3701: stop power rail pending_off timer
11-23 15:15:36.343  1011  1189 D ASH     : @ 95788.540: tcs3701: start power rail timer, state:3
11-23 15:15:36.351  5238  5296 I BatteryMgr:DataCollectionService: stats => 1700748936351,10986,4444,13427,4169000,100
11-23 15:15:36.383  1011  1189 I ASH     : @ 95788.580: tcs3701: stop power rail pending_off timer
11-23 15:15:36.383  1011  1189 D ASH     : @ 95788.580: tcs3701: start power rail timer, state:3
11-23 15:15:36.424  1011  1189 I ASH     : @ 95788.620: tcs3701: stop power rail pending_off timer
11-23 15:15:36.425  1011  1189 D ASH     : @ 95788.620: tcs3701: start power rail timer, state:3
11-23 15:15:36.459  5238  5296 I BatteryMgr:DataCollectionService: stats => 1700748936459,10986,4444,13427,4169000,100
11-23 15:15:36.462  1011  1189 I ASH     : @ 95788.660: tcs3701: stop power rail pending_off timer
11-23 15:15:36.463  1011  1189 D ASH     : @ 95788.660: tcs3701: start power rail timer, state:3
11-23 15:15:36.502  1011  1189 I ASH     : @ 95788.700: tcs3701: stop power rail pending_off timer
11-23 15:15:36.502  1011  1189 D ASH     : @ 95788.700: tcs3701: start power rail timer, state:3
11-23 15:15:36.520  1795  3613 D ActivityManager: freezer override set to true
11-23 15:15:36.522  1795  3613 D ActivityManager: freezer override set to false
11-23 15:15:36.542  1011  1189 I ASH     : @ 95788.740: tcs3701: stop power rail pending_off timer
11-23 15:15:36.542  1011  1189 D ASH     : @ 95788.740: tcs3701: start power rail timer, state:3
11-23 15:15:36.563  5238  5296 I BatteryMgr:DataCollectionService: stats => 1700748936563,10986,4444,13427,4169000,100
11-23 15:15:36.582  1011  1189 I ASH     : @ 95788.780: tcs3701: stop power rail pending_off timer
11-23 15:15:36.582  1011  1189 D ASH     : @ 95788.780: tcs3701: start power rail timer, state:3
11-23 15:15:36.622  1011  1189 I ASH     : @ 95788.820: tcs3701: stop power rail pending_off timer
11-23 15:15:36.622  1011  1189 D ASH     : @ 95788.820: tcs3701: start power rail timer, state:3
11-23 15:15:36.662  1011  1189 I ASH     : @ 95788.860: tcs3701: stop power rail pending_off timer
11-23 15:15:36.662  1011  1189 D ASH     : @ 95788.860: tcs3701: start power rail timer, state:3
11-23 15:15:36.670  5238  5296 I BatteryMgr:DataCollectionService: stats => 1700748936670,10986,4444,13427,4169000,100
11-23 15:15:36.702  1011  1189 I ASH     : @ 95788.900: tcs3701: stop power rail pending_off timer
11-23 15:15:36.702  1011  1189 D ASH     : @ 95788.900: tcs3701: start power rail timer, state:3
11-23 15:15:36.742  1011  1189 I ASH     : @ 95788.940: tcs3701: stop power rail pending_off timer
11-23 15:15:36.742  1011  1189 D ASH     : @ 95788.940: tcs3701: start power rail timer, state:3
11-23 15:15:36.777  5238  5296 I BatteryMgr:DataCollectionService: stats => 1700748936777,10986,4444,13427,4169000,100
11-23 15:15:36.782  1011  1189 I ASH     : @ 95788.980: tcs3701: stop power rail pending_off timer
11-23 15:15:36.782  1011  1189 D ASH     : @ 95788.980: tcs3701: start power rail timer, state:3
11-23 15:15:36.823  1011  1189 I ASH     : @ 95789.020: tcs3701: stop power rail pending_off timer
11-23 15:15:36.823  1011  1189 D ASH     : @ 95789.020: tcs3701: start power rail timer, state:3
11-23 15:15:36.862  1011  1189 I ASH     : @ 95789.060: tcs3701: stop power rail pending_off timer
11-23 15:15:36.862  1011  1189 D ASH     : @ 95789.060: tcs3701: start power rail timer, state:3
11-23 15:15:36.881  5238  5296 I BatteryMgr:DataCollectionService: stats => 1700748936881,10986,4444,13427,4169000,100
11-23 15:15:36.902  1011  1189 I ASH     : @ 95789.100: tcs3701: stop power rail pending_off timer
11-23 15:15:36.902  1011  1189 D ASH     : @ 95789.100: tcs3701: start power rail timer, state:3
11-23 15:15:36.929 21788 21818 I AdrenoVK-0: QUALCOMM build          : 4783c89, I46ff5fc46f
11-23 15:15:36.929 21788 21818 I AdrenoVK-0: Build Date              : 11/30/20
11-23 15:15:36.929 21788 21818 I AdrenoVK-0: Shader Compiler Version : EV031.31.04.01
11-23 15:15:36.929 21788 21818 I AdrenoVK-0: Local Branch            : QPR2
11-23 15:15:36.929 21788 21818 I AdrenoVK-0: Remote Branch           : 
11-23 15:15:36.929 21788 21818 I AdrenoVK-0: Remote Branch           : 
11-23 15:15:36.929 21788 21818 I AdrenoVK-0: Reconstruct Branch      : 
11-23 15:15:36.929 21788 21818 I AdrenoVK-0: Build Config            : S P 10.0.4 AArch64
11-23 15:15:36.929 21788 21818 I AdrenoVK-0: Driver Path             : /vendor/lib64/hw/vulkan.adreno.so
11-23 15:15:36.942  1011  1189 I ASH     : @ 95789.140: tcs3701: stop power rail pending_off timer
11-23 15:15:36.942  1011  1189 D ASH     : @ 95789.140: tcs3701: start power rail timer, state:3
11-23 15:15:36.982  1011  1189 I ASH     : @ 95789.180: tcs3701: stop power rail pending_off timer
11-23 15:15:36.982  1011  1189 D ASH     : @ 95789.180: tcs3701: start power rail timer, state:3
11-23 15:15:36.987  5238  5296 I BatteryMgr:DataCollectionService: stats => 1700748936987,10986,4444,13427,4169000,100
11-23 15:15:37.022  1011  1189 I ASH     : @ 95789.220: tcs3701: stop power rail pending_off timer
11-23 15:15:37.022  1011  1189 D ASH     : @ 95789.220: tcs3701: start power rail timer, state:3
11-23 15:15:37.062  1011  1189 I ASH     : @ 95789.260: tcs3701: stop power rail pending_off timer
11-23 15:15:37.062  1011  1189 D ASH     : @ 95789.260: tcs3701: start power rail timer, state:3
11-23 15:15:37.095  5238  5296 I BatteryMgr:DataCollectionService: stats => 1700748937095,10986,4444,13427,4169000,100
11-23 15:15:37.102  1011  1189 I ASH     : @ 95789.300: tcs3701: stop power rail pending_off timer
11-23 15:15:37.102  1011  1189 D ASH     : @ 95789.300: tcs3701: start power rail timer, state:3
11-23 15:15:37.142  1011  1189 I ASH     : @ 95789.340: tcs3701: stop power rail pending_off timer
11-23 15:15:37.142  1011  1189 D ASH     : @ 95789.340: tcs3701: start power rail timer, state:3
11-23 15:15:37.144  1795  3613 D ActivityManager: freezer override set to true
11-23 15:15:37.148  1795  3613 D ActivityManager: freezer override set to false
11-23 15:15:37.182  1011  1189 I ASH     : @ 95789.380: tcs3701: stop power rail pending_off timer
11-23 15:15:37.182  1011  1189 D ASH     : @ 95789.380: tcs3701: start power rail timer, state:3
11-23 15:15:37.200  5238  5296 I BatteryMgr:DataCollectionService: stats => 1700748937200,10986,4444,13427,4169000,100
11-23 15:15:37.222  1011  1189 I ASH     : @ 95789.420: tcs3701: stop power rail pending_off timer
11-23 15:15:37.222  1011  1189 D ASH     : @ 95789.420: tcs3701: start power rail timer, state:3
11-23 15:15:37.262  1011  1189 I ASH     : @ 95789.460: tcs3701: stop power rail pending_off timer
11-23 15:15:37.262  1011  1189 D ASH     : @ 95789.460: tcs3701: start power rail timer, state:3
11-23 15:15:37.302  1011  1189 I ASH     : @ 95789.500: tcs3701: stop power rail pending_off timer
11-23 15:15:37.303  1011  1189 D ASH     : @ 95789.500: tcs3701: start power rail timer, state:3
11-23 15:15:37.305  5238  5296 I BatteryMgr:DataCollectionService: stats => 1700748937305,10986,4444,13427,4169000,100
11-23 15:15:37.342  1011  1189 I ASH     : @ 95789.540: tcs3701: stop power rail pending_off timer
11-23 15:15:37.342  1011  1189 D ASH     : @ 95789.540: tcs3701: start power rail timer, state:3
11-23 15:15:37.382  1011  1189 I ASH     : @ 95789.580: tcs3701: stop power rail pending_off timer
11-23 15:15:37.382  1011  1189 D ASH     : @ 95789.580: tcs3701: start power rail timer, state:3
11-23 15:15:37.410  5238  5296 I BatteryMgr:DataCollectionService: stats => 1700748937410,10986,4444,13427,4169000,100
11-23 15:15:37.422  1011  1189 I ASH     : @ 95789.620: tcs3701: stop power rail pending_off timer
11-23 15:15:37.422  1011  1189 D ASH     : @ 95789.620: tcs3701: start power rail timer, state:3
11-23 15:15:37.463  1011  1189 I ASH     : @ 95789.660: tcs3701: stop power rail pending_off timer
11-23 15:15:37.463  1011  1189 D ASH     : @ 95789.660: tcs3701: start power rail timer, state:3
11-23 15:15:37.478 22005 22023 I tflite  : Initialized TensorFlow Lite runtime.
11-23 15:15:37.479 22005 22023 W libc    : Access denied finding property "ro.mediatek.platform"
11-23 15:15:37.479 22005 22023 W libc    : Access denied finding property "ro.chipname"
11-23 15:15:37.479 22005 22023 W libc    : Access denied finding property "ro.hardware.chipname"
11-23 15:15:37.502  1011  1189 I ASH     : @ 95789.700: tcs3701: stop power rail pending_off timer
11-23 15:15:37.502  1011  1189 D ASH     : @ 95789.700: tcs3701: start power rail timer, state:3
11-23 15:15:37.514  5238  5296 I BatteryMgr:DataCollectionService: stats => 1700748937514,10986,4444,13427,4169000,100
11-23 15:15:37.542  1011  1189 I ASH     : @ 95789.740: tcs3701: stop power rail pending_off timer
11-23 15:15:37.543  1011  1189 D ASH     : @ 95789.740: tcs3701: start power rail timer, state:3
11-23 15:15:37.582  1011  1189 I ASH     : @ 95789.780: tcs3701: stop power rail pending_off timer
11-23 15:15:37.582  1011  1189 D ASH     : @ 95789.780: tcs3701: start power rail timer, state:3
11-23 15:15:37.619  5238  5296 I BatteryMgr:DataCollectionService: stats => 1700748937619,10986,4444,13427,4169000,100
11-23 15:15:37.622  1011  1189 I ASH     : @ 95789.820: tcs3701: stop power rail pending_off timer
11-23 15:15:37.622  1011  1189 D ASH     : @ 95789.820: tcs3701: start power rail timer, state:3
11-23 15:15:37.639  1795  3613 D ActivityManager: freezer override set to true
11-23 15:15:37.662  1011  1189 I ASH     : @ 95789.860: tcs3701: stop power rail pending_off timer
11-23 15:15:37.662  1011  1189 D ASH     : @ 95789.860: tcs3701: start power rail timer, state:3
11-23 15:15:37.702  1011  1189 I ASH     : @ 95789.900: tcs3701: stop power rail pending_off timer
11-23 15:15:37.702  1011  1189 D ASH     : @ 95789.900: tcs3701: start power rail timer, state:3
11-23 15:15:37.727  5238  5296 I BatteryMgr:DataCollectionService: stats => 1700748937727,10986,4444,13427,4169000,100
11-23 15:15:37.742  1011  1189 I ASH     : @ 95789.940: tcs3701: stop power rail pending_off timer
11-23 15:15:37.742  1011  1189 D ASH     : @ 95789.940: tcs3701: start power rail timer, state:3
11-23 15:15:37.782  1011  1189 I ASH     : @ 95789.980: tcs3701: stop power rail pending_off timer
11-23 15:15:37.783  1011  1189 D ASH     : @ 95789.980: tcs3701: start power rail timer, state:3
11-23 15:15:37.822  1011  1189 I ASH     : @ 95790.020: tcs3701: stop power rail pending_off timer
11-23 15:15:37.823  1011  1189 D ASH     : @ 95790.020: tcs3701: start power rail timer, state:3
11-23 15:15:37.829 21704 21751 I m.chrome.canary: Explicit concurrent copying GC freed 8130(450KB) AllocSpace objects, 13(628KB) LOS objects, 75% free, 12MB/49MB, paused 37us,50us total 72.183ms
11-23 15:15:37.836  5238  5296 I BatteryMgr:DataCollectionService: stats => 1700748937836,10986,4444,13427,4169000,100
11-23 15:15:37.862  1011  1189 I ASH     : @ 95790.060: tcs3701: stop power rail pending_off timer
11-23 15:15:37.862  1011  1189 D ASH     : @ 95790.060: tcs3701: start power rail timer, state:3
11-23 15:15:37.903  1011  1189 I ASH     : @ 95790.100: tcs3701: stop power rail pending_off timer
11-23 15:15:37.904  1011  1189 D ASH     : @ 95790.100: tcs3701: start power rail timer, state:3
11-23 15:15:37.942  1011  1189 I ASH     : @ 95790.140: tcs3701: stop power rail pending_off timer
11-23 15:15:37.942  1011  1189 D ASH     : @ 95790.140: tcs3701: start power rail timer, state:3
11-23 15:15:37.944  5238  5296 I BatteryMgr:DataCollectionService: stats => 1700748937944,10986,4444,13427,4169000,100
11-23 15:15:37.974  1795  3613 D ActivityManager: freezer override set to false
11-23 15:15:37.983  1011  1189 I ASH     : @ 95790.180: tcs3701: stop power rail pending_off timer
11-23 15:15:37.983  1011  1189 D ASH     : @ 95790.180: tcs3701: start power rail timer, state:3
11-23 15:15:38.022  1011  1189 I ASH     : @ 95790.220: tcs3701: stop power rail pending_off timer
11-23 15:15:38.022  1011  1189 D ASH     : @ 95790.220: tcs3701: start power rail timer, state:3
11-23 15:15:38.054  5238  5296 I BatteryMgr:DataCollectionService: stats => 1700748938054,10986,4444,13427,4169000,100
11-23 15:15:38.062  1011  1189 I ASH     : @ 95790.260: tcs3701: stop power rail pending_off timer
11-23 15:15:38.062  1011  1189 D ASH     : @ 95790.260: tcs3701: start power rail timer, state:3
11-23 15:15:38.102  1011  1189 I ASH     : @ 95790.300: tcs3701: stop power rail pending_off timer
11-23 15:15:38.102  1011  1189 D ASH     : @ 95790.300: tcs3701: start power rail timer, state:3
11-23 15:15:38.148  1011  1189 I ASH     : @ 95790.340: tcs3701: stop power rail pending_off timer
11-23 15:15:38.148  1011  1189 D ASH     : @ 95790.340: tcs3701: start power rail timer, state:3
11-23 15:15:38.161  5238  5296 I BatteryMgr:DataCollectionService: stats => 1700748938161,10986,4444,13427,4169000,100
11-23 15:15:38.162  2113  2118 I pixel-thermal: skin-therm-monitor: 37.375
11-23 15:15:38.166  1795  3613 D ActivityManager: freezer override set to true
11-23 15:15:38.173  1795  3613 D ActivityManager: freezer override set to false
11-23 15:15:38.182  1011  1189 I ASH     : @ 95790.380: tcs3701: stop power rail pending_off timer
11-23 15:15:38.182  1011  1189 D ASH     : @ 95790.380: tcs3701: start power rail timer, state:3
11-23 15:15:38.222  1011  1189 I ASH     : @ 95790.420: tcs3701: stop power rail pending_off timer
11-23 15:15:38.222  1011  1189 D ASH     : @ 95790.420: tcs3701: start power rail timer, state:3
11-23 15:15:38.262  1011  1189 I ASH     : @ 95790.460: tcs3701: stop power rail pending_off timer
11-23 15:15:38.262  1011  1189 D ASH     : @ 95790.460: tcs3701: start power rail timer, state:3
11-23 15:15:38.267  5238  5296 I BatteryMgr:DataCollectionService: stats => 1700748938267,10986,4444,13427,4169000,100
11-23 15:15:38.303  1011  1189 I ASH     : @ 95790.500: tcs3701: stop power rail pending_off timer
11-23 15:15:38.303  1011  1189 D ASH     : @ 95790.500: tcs3701: start power rail timer, state:3
11-23 15:15:38.342  1011  1189 I ASH     : @ 95790.540: tcs3701: stop power rail pending_off timer
11-23 15:15:38.342  1011  1189 D ASH     : @ 95790.540: tcs3701: start power rail timer, state:3
11-23 15:15:38.383  1011  1189 I ASH     : @ 95790.580: tcs3701: stop power rail pending_off timer
11-23 15:15:38.385  5238  5296 I BatteryMgr:DataCollectionService: stats => 1700748938385,10986,4444,13427,4169000,100
11-23 15:15:38.385  1011  1189 D ASH     : @ 95790.580: tcs3701: start power rail timer, state:3
11-23 15:15:38.386  1795  3613 D ActivityManager: freezer override set to true
11-23 15:15:38.394  1795  3613 D ActivityManager: freezer override set to false
11-23 15:15:38.422  1011  1189 I ASH     : @ 95790.620: tcs3701: stop power rail pending_off timer
11-23 15:15:38.422  1011  1189 D ASH     : @ 95790.620: tcs3701: start power rail timer, state:3
11-23 15:15:38.462  1011  1189 I ASH     : @ 95790.660: tcs3701: stop power rail pending_off timer
11-23 15:15:38.462  1011  1189 D ASH     : @ 95790.660: tcs3701: start power rail timer, state:3
11-23 15:15:38.491  5238  5296 I BatteryMgr:DataCollectionService: stats => 1700748938491,10986,4444,13427,4169000,100
11-23 15:15:38.502  1011  1189 I ASH     : @ 95790.700: tcs3701: stop power rail pending_off timer
11-23 15:15:38.502  1011  1189 D ASH     : @ 95790.700: tcs3701: start power rail timer, state:3
11-23 15:15:38.542  1011  1189 I ASH     : @ 95790.740: tcs3701: stop power rail pending_off timer
11-23 15:15:38.542  1011  1189 D ASH     : @ 95790.740: tcs3701: start power rail timer, state:3
11-23 15:15:38.582  1011  1189 I ASH     : @ 95790.780: tcs3701: stop power rail pending_off timer
11-23 15:15:38.582  1011  1189 D ASH     : @ 95790.780: tcs3701: start power rail timer, state:3
11-23 15:15:38.599  5238  5296 I BatteryMgr:DataCollectionService: stats => 1700748938599,10986,4444,13427,4169000,100
11-23 15:15:38.622  1011  1189 I ASH     : @ 95790.820: tcs3701: stop power rail pending_off timer
11-23 15:15:38.622  1011  1189 D ASH     : @ 95790.820: tcs3701: start power rail timer, state:3
11-23 15:15:38.636  1795  2424 D WifiClientModeImpl[13802:wlan0]: updateLinkLayerStatsRssiSpeedFrequencyCapabilities rssi=-49 TxLinkspeed=866 freq=5240 RxLinkSpeed=866
11-23 15:15:38.636  1795  2424 D WifiDataStall: tx tput in kbps: 677320
11-23 15:15:38.636  1795  2424 D WifiDataStall: rx tput in kbps: 791578
11-23 15:15:38.636  1795  2424 V WifiConfigManager: Updating scan detail cache freq=5240 BSSID=f4:6d:2f:12:cc:88 RSSI=-48 for "ourhome"WPA_PSK
11-23 15:15:38.637  1795  2424 D WifiChannelUtilization:  freq: 5240 onTime: 2871422 busyTime: 252945 onTimeDiff: 2871127 busyTimeDiff: 252928 utilization: 22 utilization t0: 22
11-23 15:15:38.637  1795  2424 D WifiDataStall:  ccaLevel = 22
11-23 15:15:38.637  1795  2424 D WifiDataStall: L2 txTputKbps: 791578, rxTputKbps: 791578, L3 txTputKbps: 19, rxTputKbps: 71, TxTrafficHigh: true, RxTrafficHigh: true, Throughput Sufficient: true
11-23 15:15:38.638  1795  2424 D WifiScoreReport: Wifi scoring disabled - Don't check IP layer
11-23 15:15:38.638  1795  2424 D WifiScoreCard: BSSID update SIGNAL_POLL ID: 1320464697 SSID: "ourhome", BSSID: f4:6d:2f:12:cc:88, MAC: b2:2f:ec:da:4a:0c, IP: /192.168.1.104, Security type: 2, Supplicant state: COMPLETED, Wi-Fi standard: 5, RSSI: -49, Link speed: 866Mbps, Tx Link speed: 866Mbps, Max Supported Tx Link speed: 866Mbps, Rx Link speed: 866Mbps, Max Supported Rx Link speed: 866Mbps, Frequency: 5240MHz, Net ID: 12, Metered hint: false, score: 60, isUsable: true, CarrierMerged: false, SubscriptionId: -1, IsPrimary: 1, Trusted: true, Restricted: false, Ephemeral: false, OEM paid: false, OEM private: false, OSU AP: false, FQDN: <none>, Provider friendly name: <none>, Requesting package name: <none>"ourhome"wpa2-pskMLO Information: , Is TID-To-Link negotiation supported by the AP: false, AP MLD Address: <none>, AP MLO Link Id: <none>, AP MLO Affiliated links: <none>
11-23 15:15:38.638  1795  2424 D WifiScoreCard: txRate: 9 txSpeed: 866
11-23 15:15:38.638  1795  2424 D WifiScoreCard: network update SIGNAL_POLL "ourhome" ID: 1499892569 RSSI -49 txSpeed 866
11-23 15:15:38.638  3213  3232 V WifiManager: OnWifiUsabilityStatsListener: onWifiUsabilityStats: seqNum=31618
11-23 15:15:38.639  1795  2424 D WifiClientModeImpl[13802:wlan0]:  ClientModeImpl$L2ConnectedState screen=on 17 0 "ourhome" f4:6d:2f:12:cc:88 rssi=-49 f=5240 sc=60 link=866 tx=8.4, 0.0, 0.0 rx=5.9 bcn=916338 [on:645 tx:6 rx:3 period:3032] from screen [on:203237 period:5572133] score=60
11-23 15:15:38.641  1795  3613 I WifiService: updateWifiUsabilityScore uid=10180 seqNum=31618 score=100 predictionHorizonSec=1441795
11-23 15:15:38.644  1795  2424 D WifiScoreReport: Wifi scoring disabled - Notify that Wifi is usable
11-23 15:15:38.647  1795  2432 D ConnectivityService: NetReassign [no changes] [c 1] [a 0] [i 1]
11-23 15:15:38.662  1011  1189 I ASH     : @ 95790.860: tcs3701: stop power rail pending_off timer
11-23 15:15:38.662  1011  1189 D ASH     : @ 95790.860: tcs3701: start power rail timer, state:3
11-23 15:15:38.702  1011  1189 I ASH     : @ 95790.900: tcs3701: stop power rail pending_off timer
11-23 15:15:38.702  1011  1189 D ASH     : @ 95790.900: tcs3701: start power rail timer, state:3
11-23 15:15:38.710  5238  5296 I BatteryMgr:DataCollectionService: stats => 1700748938710,10986,4444,13427,4169000,100
11-23 15:15:38.742  1011  1189 I ASH     : @ 95790.940: tcs3701: stop power rail pending_off timer
11-23 15:15:38.742  1011  1189 D ASH     : @ 95790.940: tcs3701: start power rail timer, state:3
11-23 15:15:38.782  1011  1189 I ASH     : @ 95790.980: tcs3701: stop power rail pending_off timer
11-23 15:15:38.782  1011  1189 D ASH     : @ 95790.980: tcs3701: start power rail timer, state:3
11-23 15:15:38.816  5238  5296 I BatteryMgr:DataCollectionService: stats => 1700748938816,10986,4444,13427,4169000,100
11-23 15:15:38.822  1011  1189 I ASH     : @ 95791.020: tcs3701: stop power rail pending_off timer
11-23 15:15:38.822  1011  1189 D ASH     : @ 95791.020: tcs3701: start power rail timer, state:3
11-23 15:15:38.862  1011  1189 I ASH     : @ 95791.060: tcs3701: stop power rail pending_off timer
11-23 15:15:38.863  1011  1189 D ASH     : @ 95791.060: tcs3701: start power rail timer, state:3
11-23 15:15:38.902  1011  1189 I ASH     : @ 95791.100: tcs3701: stop power rail pending_off timer
11-23 15:15:38.902  1011  1189 D ASH     : @ 95791.100: tcs3701: start power rail timer, state:3
11-23 15:15:38.922  5238  5296 I BatteryMgr:DataCollectionService: stats => 1700748938922,10986,4444,13427,4169000,100
11-23 15:15:38.942  1011  1189 I ASH     : @ 95791.140: tcs3701: stop power rail pending_off timer
11-23 15:15:38.942  1011  1189 D ASH     : @ 95791.140: tcs3701: start power rail timer, state:3
11-23 15:15:38.982  1011  1189 I ASH     : @ 95791.180: tcs3701: stop power rail pending_off timer
11-23 15:15:38.982  1011  1189 D ASH     : @ 95791.180: tcs3701: start power rail timer, state:3
11-23 15:15:39.022  1011  1189 I ASH     : @ 95791.220: tcs3701: stop power rail pending_off timer
11-23 15:15:39.022  1011  1189 D ASH     : @ 95791.220: tcs3701: start power rail timer, state:3
11-23 15:15:39.027  5238  5296 I BatteryMgr:DataCollectionService: stats => 1700748939027,10986,4444,13427,4169000,100
11-23 15:15:39.062  1011  1189 I ASH     : @ 95791.260: tcs3701: stop power rail pending_off timer
11-23 15:15:39.062  1011  1189 D ASH     : @ 95791.260: tcs3701: start power rail timer, state:3
11-23 15:15:39.102  1011  1189 I ASH     : @ 95791.300: tcs3701: stop power rail pending_off timer
11-23 15:15:39.102  1011  1189 D ASH     : @ 95791.300: tcs3701: start power rail timer, state:3
11-23 15:15:39.137  5238  5296 I BatteryMgr:DataCollectionService: stats => 1700748939137,10986,4444,13427,4169000,100
11-23 15:15:39.142  1011  1189 I ASH     : @ 95791.340: tcs3701: stop power rail pending_off timer
11-23 15:15:39.142  1011  1189 D ASH     : @ 95791.340: tcs3701: start power rail timer, state:3
11-23 15:15:39.146  1795  3745 D ActivityManager: freezer override set to true
11-23 15:15:39.160  1795  3745 D ActivityManager: freezer override set to false
11-23 15:15:39.183  1011  1189 I ASH     : @ 95791.380: tcs3701: stop power rail pending_off timer
11-23 15:15:39.183  1011  1189 D ASH     : @ 95791.380: tcs3701: start power rail timer, state:3
11-23 15:15:39.222  1011  1189 I ASH     : @ 95791.420: tcs3701: stop power rail pending_off timer
11-23 15:15:39.222  1011  1189 D ASH     : @ 95791.420: tcs3701: start power rail timer, state:3
11-23 15:15:39.247  5238  5296 I BatteryMgr:DataCollectionService: stats => 1700748939247,10986,4444,13427,4169000,100
11-23 15:15:39.263  1011  1189 I ASH     : @ 95791.460: tcs3701: stop power rail pending_off timer
11-23 15:15:39.263  1011  1189 D ASH     : @ 95791.460: tcs3701: start power rail timer, state:3
11-23 15:15:39.302  1011  1189 I ASH     : @ 95791.500: tcs3701: stop power rail pending_off timer
11-23 15:15:39.302  1011  1189 D ASH     : @ 95791.500: tcs3701: start power rail timer, state:3
11-23 15:15:39.342  1011  1189 I ASH     : @ 95791.540: tcs3701: stop power rail pending_off timer
11-23 15:15:39.342  1011  1189 D ASH     : @ 95791.540: tcs3701: start power rail timer, state:3
11-23 15:15:39.354  5238  5296 I BatteryMgr:DataCollectionService: stats => 1700748939354,10986,4444,13427,4169000,100
11-23 15:15:39.382  1011  1189 I ASH     : @ 95791.580: tcs3701: stop power rail pending_off timer
11-23 15:15:39.382  1011  1189 D ASH     : @ 95791.580: tcs3701: start power rail timer, state:3
11-23 15:15:39.422  1011  1189 I ASH     : @ 95791.620: tcs3701: stop power rail pending_off timer
11-23 15:15:39.423  1011  1189 D ASH     : @ 95791.620: tcs3701: start power rail timer, state:3
11-23 15:15:39.462  1011  1189 I ASH     : @ 95791.660: tcs3701: stop power rail pending_off timer
11-23 15:15:39.462  1011  1189 D ASH     : @ 95791.660: tcs3701: start power rail timer, state:3
11-23 15:15:39.468  5238  5296 I BatteryMgr:DataCollectionService: stats => 1700748939468,10986,4444,13427,4169000,100
11-23 15:15:39.502  1011  1189 I ASH     : @ 95791.700: tcs3701: stop power rail pending_off timer
11-23 15:15:39.502  1011  1189 D ASH     : @ 95791.700: tcs3701: start power rail timer, state:3
11-23 15:15:39.542  1011  1189 I ASH     : @ 95791.740: tcs3701: stop power rail pending_off timer
11-23 15:15:39.542  1011  1189 D ASH     : @ 95791.740: tcs3701: start power rail timer, state:3
11-23 15:15:39.579  5238  5296 I BatteryMgr:DataCollectionService: stats => 1700748939579,10986,4444,13427,4169000,100
11-23 15:15:39.582  1011  1189 I ASH     : @ 95791.780: tcs3701: stop power rail pending_off timer
11-23 15:15:39.582  1011  1189 D ASH     : @ 95791.780: tcs3701: start power rail timer, state:3
11-23 15:15:39.622  1011  1189 I ASH     : @ 95791.820: tcs3701: stop power rail pending_off timer
11-23 15:15:39.622  1011  1189 D ASH     : @ 95791.820: tcs3701: start power rail timer, state:3
11-23 15:15:39.662  1011  1189 I ASH     : @ 95791.860: tcs3701: stop power rail pending_off timer
11-23 15:15:39.662  1011  1189 D ASH     : @ 95791.860: tcs3701: start power rail timer, state:3
11-23 15:15:39.679  1795  3745 D ActivityManager: freezer override set to true
11-23 15:15:39.687  5238  5296 I BatteryMgr:DataCollectionService: stats => 1700748939687,10986,4444,13427,4169000,100
11-23 15:15:39.702  1011  1189 I ASH     : @ 95791.900: tcs3701: stop power rail pending_off timer
11-23 15:15:39.702  1011  1189 D ASH     : @ 95791.900: tcs3701: start power rail timer, state:3
11-23 15:15:39.742  1011  1189 I ASH     : @ 95791.940: tcs3701: stop power rail pending_off timer
11-23 15:15:39.742  1011  1189 D ASH     : @ 95791.940: tcs3701: start power rail timer, state:3
11-23 15:15:39.783  1011  1189 I ASH     : @ 95791.980: tcs3701: stop power rail pending_off timer
11-23 15:15:39.783  1011  1189 D ASH     : @ 95791.980: tcs3701: start power rail timer, state:3
11-23 15:15:39.796  5238  5296 I BatteryMgr:DataCollectionService: stats => 1700748939796,10986,4444,13427,4169000,100
11-23 15:15:39.822  1011  1189 I ASH     : @ 95792.020: tcs3701: stop power rail pending_off timer
11-23 15:15:39.822  1011  1189 D ASH     : @ 95792.020: tcs3701: start power rail timer, state:3
11-23 15:15:39.862  1011  1189 I ASH     : @ 95792.060: tcs3701: stop power rail pending_off timer
11-23 15:15:39.862  1011  1189 D ASH     : @ 95792.060: tcs3701: start power rail timer, state:3
11-23 15:15:39.902  1011  1189 I ASH     : @ 95792.100: tcs3701: stop power rail pending_off timer
11-23 15:15:39.902  1011  1189 D ASH     : @ 95792.100: tcs3701: start power rail timer, state:3
11-23 15:15:39.902  5238  5296 I BatteryMgr:DataCollectionService: stats => 1700748939902,10986,4444,13427,4169000,100
11-23 15:15:39.940 21704 21751 I m.chrome.canary: Explicit concurrent copying GC freed 3955(193KB) AllocSpace objects, 4(80KB) LOS objects, 75% free, 12MB/49MB, paused 97us,51us total 106.912ms
11-23 15:15:39.942  1011  1189 I ASH     : @ 95792.140: tcs3701: stop power rail pending_off timer
11-23 15:15:39.942  1011  1189 D ASH     : @ 95792.140: tcs3701: start power rail timer, state:3
11-23 15:15:39.982  1011  1189 I ASH     : @ 95792.180: tcs3701: stop power rail pending_off timer
11-23 15:15:39.982  1011  1189 D ASH     : @ 95792.180: tcs3701: start power rail timer, state:3
11-23 15:15:39.997  1795  3745 D ActivityManager: freezer override set to false
11-23 15:15:40.009  5238  5296 I BatteryMgr:DataCollectionService: stats => 1700748940009,10986,4444,13427,4169000,100
11-23 15:15:40.022  1011  1189 I ASH     : @ 95792.220: tcs3701: stop power rail pending_off timer
11-23 15:15:40.022  1011  1189 D ASH     : @ 95792.220: tcs3701: start power rail timer, state:3
11-23 15:15:40.063  1011  1189 I ASH     : @ 95792.260: tcs3701: stop power rail pending_off timer
11-23 15:15:40.063  1011  1189 D ASH     : @ 95792.260: tcs3701: start power rail timer, state:3
11-23 15:15:40.102  1011  1189 I ASH     : @ 95792.300: tcs3701: stop power rail pending_off timer
11-23 15:15:40.102  1011  1189 D ASH     : @ 95792.300: tcs3701: start power rail timer, state:3
11-23 15:15:40.117  5238  5296 I BatteryMgr:DataCollectionService: stats => 1700748940117,10986,4444,13427,4169000,100
11-23 15:15:40.142  1011  1189 I ASH     : @ 95792.340: tcs3701: stop power rail pending_off timer
11-23 15:15:40.142  1011  1189 D ASH     : @ 95792.340: tcs3701: start power rail timer, state:3
11-23 15:15:40.166  2113  2118 I pixel-thermal: skin-therm-monitor: 37.379
11-23 15:15:40.166  1795  3745 D ActivityManager: freezer override set to true
11-23 15:15:40.171  1795  3745 D ActivityManager: freezer override set to false
11-23 15:15:40.182  1011  1189 I ASH     : @ 95792.380: tcs3701: stop power rail pending_off timer
11-23 15:15:40.182  1011  1189 D ASH     : @ 95792.380: tcs3701: start power rail timer, state:3
11-23 15:15:40.221  5238  5296 I BatteryMgr:DataCollectionService: stats => 1700748940221,10986,4444,13427,4169000,100
11-23 15:15:40.222  1011  1189 I ASH     : @ 95792.420: tcs3701: stop power rail pending_off timer
11-23 15:15:40.222  1011  1189 D ASH     : @ 95792.420: tcs3701: start power rail timer, state:3
11-23 15:15:40.255  1795  3745 D ActivityManager: freezer override set to true
11-23 15:15:40.259  1795  3745 D ActivityManager: freezer override set to false
11-23 15:15:40.262  1011  1189 I ASH     : @ 95792.460: tcs3701: stop power rail pending_off timer
11-23 15:15:40.262  1011  1189 D ASH     : @ 95792.460: tcs3701: start power rail timer, state:3
11-23 15:15:40.302  1011  1189 I ASH     : @ 95792.500: tcs3701: stop power rail pending_off timer
11-23 15:15:40.302  1011  1189 D ASH     : @ 95792.500: tcs3701: start power rail timer, state:3
11-23 15:15:40.326  5238  5296 I BatteryMgr:DataCollectionService: stats => 1700748940326,10986,4444,13427,4169000,100
11-23 15:15:40.342  1011  1189 I ASH     : @ 95792.540: tcs3701: stop power rail pending_off timer
11-23 15:15:40.342  1011  1189 D ASH     : @ 95792.540: tcs3701: start power rail timer, state:3
11-23 15:15:40.382  1011  1189 I ASH     : @ 95792.580: tcs3701: stop power rail pending_off timer
11-23 15:15:40.382  1011  1189 D ASH     : @ 95792.580: tcs3701: start power rail timer, state:3
11-23 15:15:40.422  1011  1189 I ASH     : @ 95792.620: tcs3701: stop power rail pending_off timer
11-23 15:15:40.422  1011  1189 D ASH     : @ 95792.620: tcs3701: start power rail timer, state:3
11-23 15:15:40.431  5238  5296 I BatteryMgr:DataCollectionService: stats => 1700748940431,10986,4444,13427,4169000,100
11-23 15:15:40.462  1011  1189 I ASH     : @ 95792.660: tcs3701: stop power rail pending_off timer
11-23 15:15:40.462  1011  1189 D ASH     : @ 95792.660: tcs3701: start power rail timer, state:3
11-23 15:15:40.502  1011  1189 I ASH     : @ 95792.700: tcs3701: stop power rail pending_off timer
11-23 15:15:40.502  1011  1189 D ASH     : @ 95792.700: tcs3701: start power rail timer, state:3
11-23 15:15:40.536  5238  5296 I BatteryMgr:DataCollectionService: stats => 1700748940536,10986,4444,13427,4169000,100
11-23 15:15:40.542  1011  1189 I ASH     : @ 95792.740: tcs3701: stop power rail pending_off timer
11-23 15:15:40.542  1011  1189 D ASH     : @ 95792.740: tcs3701: start power rail timer, state:3
11-23 15:15:40.582  1011  1189 I ASH     : @ 95792.780: tcs3701: stop power rail pending_off timer
11-23 15:15:40.582  1011  1189 D ASH     : @ 95792.780: tcs3701: start power rail timer, state:3
11-23 15:15:40.622  1011  1189 I ASH     : @ 95792.820: tcs3701: stop power rail pending_off timer
11-23 15:15:40.622  1011  1189 D ASH     : @ 95792.820: tcs3701: start power rail timer, state:3
11-23 15:15:40.641  5238  5296 I BatteryMgr:DataCollectionService: stats => 1700748940641,10986,4444,13427,4169000,100
11-23 15:15:40.662  1011  1189 I ASH     : @ 95792.860: tcs3701: stop power rail pending_off timer
11-23 15:15:40.662  1011  1189 D ASH     : @ 95792.860: tcs3701: start power rail timer, state:3
