11-26 22:40:54.343  1011  1189 D ASH     : @ 381706.514: tcs3701: start power rail timer, state:3
11-26 22:40:54.367  8427  8469 I BatteryMgr:DataCollectionService: stats => 1701034854367,13427,4444,2136,4169000,100
11-26 22:40:54.383  1011  1189 I ASH     : @ 381706.554: tcs3701: stop power rail pending_off timer
11-26 22:40:54.383  1011  1189 D ASH     : @ 381706.554: tcs3701: start power rail timer, state:3
11-26 22:40:54.424  1011  1189 I ASH     : @ 381706.594: tcs3701: stop power rail pending_off timer
11-26 22:40:54.424  1011  1189 D ASH     : @ 381706.594: tcs3701: start power rail timer, state:3
11-26 22:40:54.463  1011  1189 I ASH     : @ 381706.634: tcs3701: stop power rail pending_off timer
11-26 22:40:54.463  1011  1189 D ASH     : @ 381706.634: tcs3701: start power rail timer, state:3
11-26 22:40:54.475  8427  8469 I BatteryMgr:DataCollectionService: stats => 1701034854474,13427,4444,2136,4169000,100
11-26 22:40:54.503  1011  1189 I ASH     : @ 381706.674: tcs3701: stop power rail pending_off timer
11-26 22:40:54.503  1011  1189 D ASH     : @ 381706.674: tcs3701: start power rail timer, state:3
11-26 22:40:54.543  1011  1189 I ASH     : @ 381706.714: tcs3701: stop power rail pending_off timer
11-26 22:40:54.544  1011  1189 D ASH     : @ 381706.714: tcs3701: start power rail timer, state:3
11-26 22:40:54.582  8427  8469 I BatteryMgr:DataCollectionService: stats => 1701034854582,13427,4444,2136,4169000,100
11-26 22:40:54.583  1011  1189 I ASH     : @ 381706.754: tcs3701: stop power rail pending_off timer
11-26 22:40:54.583  1011  1189 D ASH     : @ 381706.754: tcs3701: start power rail timer, state:3
11-26 22:40:54.623  1011  1189 I ASH     : @ 381706.794: tcs3701: stop power rail pending_off timer
11-26 22:40:54.623  1011  1189 D ASH     : @ 381706.794: tcs3701: start power rail timer, state:3
11-26 22:40:54.663  1011  1189 I ASH     : @ 381706.834: tcs3701: stop power rail pending_off timer
11-26 22:40:54.663  1011  1189 D ASH     : @ 381706.834: tcs3701: start power rail timer, state:3
11-26 22:40:54.689  8427  8469 I BatteryMgr:DataCollectionService: stats => 1701034854689,13427,4444,2136,4169000,100
11-26 22:40:54.703  1011  1189 I ASH     : @ 381706.874: tcs3701: stop power rail pending_off timer
11-26 22:40:54.703  1011  1189 D ASH     : @ 381706.874: tcs3701: start power rail timer, state:3
11-26 22:40:54.743  1011  1189 I ASH     : @ 381706.914: tcs3701: stop power rail pending_off timer
11-26 22:40:54.743  1011  1189 D ASH     : @ 381706.914: tcs3701: start power rail timer, state:3
11-26 22:40:54.784  1011  1189 I ASH     : @ 381706.954: tcs3701: stop power rail pending_off timer
11-26 22:40:54.784  1011  1189 D ASH     : @ 381706.954: tcs3701: start power rail timer, state:3
11-26 22:40:54.795  8427  8469 I BatteryMgr:DataCollectionService: stats => 1701034854795,13427,4444,2136,4169000,100
11-26 22:40:54.823  1011  1189 I ASH     : @ 381706.994: tcs3701: stop power rail pending_off timer
11-26 22:40:54.824  1011  1189 D ASH     : @ 381706.994: tcs3701: start power rail timer, state:3
11-26 22:40:54.863  1011  1189 I ASH     : @ 381707.034: tcs3701: stop power rail pending_off timer
11-26 22:40:54.863  1011  1189 D ASH     : @ 381707.034: tcs3701: start power rail timer, state:3
11-26 22:40:54.902  8427  8469 I BatteryMgr:DataCollectionService: stats => 1701034854902,13427,4444,2136,4169000,100
11-26 22:40:54.903  1011  1189 I ASH     : @ 381707.074: tcs3701: stop power rail pending_off timer
11-26 22:40:54.903  1011  1189 D ASH     : @ 381707.074: tcs3701: start power rail timer, state:3
11-26 22:40:54.944  1011  1189 I ASH     : @ 381707.114: tcs3701: stop power rail pending_off timer
11-26 22:40:54.944  1011  1189 D ASH     : @ 381707.115: tcs3701: start power rail timer, state:3
11-26 22:40:54.983  1011  1189 I ASH     : @ 381707.154: tcs3701: stop power rail pending_off timer
11-26 22:40:54.983  1011  1189 D ASH     : @ 381707.154: tcs3701: start power rail timer, state:3
11-26 22:40:55.008  8427  8469 I BatteryMgr:DataCollectionService: stats => 1701034855008,13427,4444,2136,4169000,100
11-26 22:40:55.023  1011  1189 I ASH     : @ 381707.194: tcs3701: stop power rail pending_off timer
11-26 22:40:55.023  1011  1189 D ASH     : @ 381707.194: tcs3701: start power rail timer, state:3
11-26 22:40:55.063  1011  1189 I ASH     : @ 381707.234: tcs3701: stop power rail pending_off timer
11-26 22:40:55.063  1011  1189 D ASH     : @ 381707.234: tcs3701: start power rail timer, state:3
11-26 22:40:55.087  1795  4157 D ActivityManager: freezer override set to true
11-26 22:40:55.103  1011  1189 I ASH     : @ 381707.274: tcs3701: stop power rail pending_off timer
11-26 22:40:55.103  1011  1189 D ASH     : @ 381707.275: tcs3701: start power rail timer, state:3
11-26 22:40:55.112  8427  8469 I BatteryMgr:DataCollectionService: stats => 1701034855112,13427,4444,2136,4169000,100
11-26 22:40:55.143  1011  1189 I ASH     : @ 381707.314: tcs3701: stop power rail pending_off timer
11-26 22:40:55.144  1011  1189 D ASH     : @ 381707.314: tcs3701: start power rail timer, state:3
11-26 22:40:55.183  1011  1189 I ASH     : @ 381707.354: tcs3701: stop power rail pending_off timer
11-26 22:40:55.184  1011  1189 D ASH     : @ 381707.355: tcs3701: start power rail timer, state:3
11-26 22:40:55.218  8427  8469 I BatteryMgr:DataCollectionService: stats => 1701034855218,13427,4444,2136,4169000,100
11-26 22:40:55.223  1011  1189 I ASH     : @ 381707.394: tcs3701: stop power rail pending_off timer
11-26 22:40:55.223  1011  1189 D ASH     : @ 381707.394: tcs3701: start power rail timer, state:3
11-26 22:40:55.246 27959 27973 I m.chrome.canary: Explicit concurrent copying GC freed 3844(192KB) AllocSpace objects, 4(80KB) LOS objects, 75% free, 14MB/57MB, paused 78us,52us total 64.429ms
11-26 22:40:55.263  1011  1189 I ASH     : @ 381707.434: tcs3701: stop power rail pending_off timer
11-26 22:40:55.263  1011  1189 D ASH     : @ 381707.434: tcs3701: start power rail timer, state:3
11-26 22:40:55.280  2113  2118 I pixel-thermal: skin-therm-monitor: 39.443
11-26 22:40:55.303  1011  1189 I ASH     : @ 381707.474: tcs3701: stop power rail pending_off timer
11-26 22:40:55.303  1011  1189 D ASH     : @ 381707.474: tcs3701: start power rail timer, state:3
11-26 22:40:55.320  1795  4158 D ActivityManager: freezer override set to false
11-26 22:40:55.322  8427  8469 I BatteryMgr:DataCollectionService: stats => 1701034855322,13427,4444,2136,4169000,100
11-26 22:40:55.343  1011  1189 I ASH     : @ 381707.514: tcs3701: stop power rail pending_off timer
11-26 22:40:55.343  1011  1189 D ASH     : @ 381707.514: tcs3701: start power rail timer, state:3
11-26 22:40:55.380  1795  4157 D ActivityManager: freezer override set to true
11-26 22:40:55.383  1011  1189 I ASH     : @ 381707.554: tcs3701: stop power rail pending_off timer
11-26 22:40:55.383  1011  1189 D ASH     : @ 381707.554: tcs3701: start power rail timer, state:3
11-26 22:40:55.385  1795  4157 D ActivityManager: freezer override set to false
11-26 22:40:55.417  1795  4157 D ActivityManager: freezer override set to true
11-26 22:40:55.420  1795  4157 D ActivityManager: freezer override set to false
11-26 22:40:55.423  1011  1189 I ASH     : @ 381707.594: tcs3701: stop power rail pending_off timer
11-26 22:40:55.423  1011  1189 D ASH     : @ 381707.594: tcs3701: start power rail timer, state:3
11-26 22:40:55.428  8427  8469 I BatteryMgr:DataCollectionService: stats => 1701034855428,13427,4444,2136,4169000,100
11-26 22:40:55.463  1011  1189 I ASH     : @ 381707.634: tcs3701: stop power rail pending_off timer
11-26 22:40:55.463  1011  1189 D ASH     : @ 381707.634: tcs3701: start power rail timer, state:3
11-26 22:40:55.503  1011  1189 I ASH     : @ 381707.674: tcs3701: stop power rail pending_off timer
11-26 22:40:55.504  1011  1189 D ASH     : @ 381707.674: tcs3701: start power rail timer, state:3
11-26 22:40:55.535  8427  8469 I BatteryMgr:DataCollectionService: stats => 1701034855535,13427,4444,2136,4169000,100
11-26 22:40:55.543  1011  1189 I ASH     : @ 381707.714: tcs3701: stop power rail pending_off timer
11-26 22:40:55.543  1011  1189 D ASH     : @ 381707.714: tcs3701: start power rail timer, state:3
11-26 22:40:55.583  1011  1189 I ASH     : @ 381707.754: tcs3701: stop power rail pending_off timer
11-26 22:40:55.583  1011  1189 D ASH     : @ 381707.754: tcs3701: start power rail timer, state:3
11-26 22:40:55.624  1011  1189 I ASH     : @ 381707.794: tcs3701: stop power rail pending_off timer
11-26 22:40:55.624  1011  1189 D ASH     : @ 381707.794: tcs3701: start power rail timer, state:3
11-26 22:40:55.645  8427  8469 I BatteryMgr:DataCollectionService: stats => 1701034855645,13427,4444,2136,4169000,100
11-26 22:40:55.663  1011  1189 I ASH     : @ 381707.834: tcs3701: stop power rail pending_off timer
11-26 22:40:55.663  1011  1189 D ASH     : @ 381707.834: tcs3701: start power rail timer, state:3
11-26 22:40:55.703  1011  1189 I ASH     : @ 381707.874: tcs3701: stop power rail pending_off timer
11-26 22:40:55.703  1011  1189 D ASH     : @ 381707.874: tcs3701: start power rail timer, state:3
11-26 22:40:55.743  1011  1189 I ASH     : @ 381707.914: tcs3701: stop power rail pending_off timer
11-26 22:40:55.743  1011  1189 D ASH     : @ 381707.914: tcs3701: start power rail timer, state:3
11-26 22:40:55.752  8427  8469 I BatteryMgr:DataCollectionService: stats => 1701034855751,13427,4444,2136,4169000,100
11-26 22:40:55.783  1011  1189 I ASH     : @ 381707.954: tcs3701: stop power rail pending_off timer
11-26 22:40:55.783  1011  1189 D ASH     : @ 381707.954: tcs3701: start power rail timer, state:3
11-26 22:40:55.823  1011  1189 I ASH     : @ 381707.994: tcs3701: stop power rail pending_off timer
11-26 22:40:55.823  1011  1189 D ASH     : @ 381707.994: tcs3701: start power rail timer, state:3
11-26 22:40:55.859  8427  8469 I BatteryMgr:DataCollectionService: stats => 1701034855859,13427,4444,2136,4169000,100
11-26 22:40:55.864  1011  1189 I ASH     : @ 381708.034: tcs3701: stop power rail pending_off timer
11-26 22:40:55.864  1011  1189 D ASH     : @ 381708.034: tcs3701: start power rail timer, state:3
11-26 22:40:55.903  1011  1189 I ASH     : @ 381708.074: tcs3701: stop power rail pending_off timer
11-26 22:40:55.903  1011  1189 D ASH     : @ 381708.074: tcs3701: start power rail timer, state:3
11-26 22:40:55.943  1011  1189 I ASH     : @ 381708.114: tcs3701: stop power rail pending_off timer
11-26 22:40:55.943  1011  1189 D ASH     : @ 381708.114: tcs3701: start power rail timer, state:3
11-26 22:40:55.966  8427  8469 I BatteryMgr:DataCollectionService: stats => 1701034855966,13427,4444,2136,4169000,100
11-26 22:40:55.983  1011  1189 I ASH     : @ 381708.154: tcs3701: stop power rail pending_off timer
11-26 22:40:55.983  1011  1189 D ASH     : @ 381708.154: tcs3701: start power rail timer, state:3
11-26 22:40:56.023  1011  1189 I ASH     : @ 381708.194: tcs3701: stop power rail pending_off timer
11-26 22:40:56.023  1011  1189 D ASH     : @ 381708.194: tcs3701: start power rail timer, state:3
11-26 22:40:56.063  1011  1189 I ASH     : @ 381708.234: tcs3701: stop power rail pending_off timer
11-26 22:40:56.063  1011  1189 D ASH     : @ 381708.234: tcs3701: start power rail timer, state:3
11-26 22:40:56.072  8427  8469 I BatteryMgr:DataCollectionService: stats => 1701034856072,13427,4444,2136,4169000,100
11-26 22:40:56.103  1011  1189 I ASH     : @ 381708.274: tcs3701: stop power rail pending_off timer
11-26 22:40:56.103  1011  1189 D ASH     : @ 381708.274: tcs3701: start power rail timer, state:3
11-26 22:40:56.143  1011  1189 I ASH     : @ 381708.314: tcs3701: stop power rail pending_off timer
11-26 22:40:56.143  1011  1189 D ASH     : @ 381708.314: tcs3701: start power rail timer, state:3
11-26 22:40:56.182  8427  8469 I BatteryMgr:DataCollectionService: stats => 1701034856182,13427,4444,2136,4169000,100
11-26 22:40:56.183  1011  1189 I ASH     : @ 381708.354: tcs3701: stop power rail pending_off timer
11-26 22:40:56.183  1011  1189 D ASH     : @ 381708.354: tcs3701: start power rail timer, state:3
11-26 22:40:56.223  1011  1189 I ASH     : @ 381708.394: tcs3701: stop power rail pending_off timer
11-26 22:40:56.224  1011  1189 D ASH     : @ 381708.394: tcs3701: start power rail timer, state:3
11-26 22:40:56.257  1795  4157 D ActivityManager: freezer override set to true
11-26 22:40:56.263  1795  4157 D ActivityManager: freezer override set to false
11-26 22:40:56.263  1011  1189 I ASH     : @ 381708.434: tcs3701: stop power rail pending_off timer
11-26 22:40:56.263  1011  1189 D ASH     : @ 381708.434: tcs3701: start power rail timer, state:3
11-26 22:40:56.289  8427  8469 I BatteryMgr:DataCollectionService: stats => 1701034856288,13427,4444,2136,4169000,100
11-26 22:40:56.303  1011  1189 I ASH     : @ 381708.474: tcs3701: stop power rail pending_off timer
11-26 22:40:56.303  1011  1189 D ASH     : @ 381708.474: tcs3701: start power rail timer, state:3
11-26 22:40:56.326  1795  2424 D WifiClientModeImpl[13802:wlan0]: updateLinkLayerStatsRssiSpeedFrequencyCapabilities rssi=-46 TxLinkspeed=780 freq=5240 RxLinkSpeed=6
11-26 22:40:56.326  1795  2424 D WifiDataStall: tx tput in kbps: 657058
11-26 22:40:56.326  1795  2424 D WifiDataStall: rx tput in kbps: 767898
11-26 22:40:56.326  1795  2424 V WifiConfigManager: Updating scan detail cache freq=5240 BSSID=f4:6d:2f:12:cc:88 RSSI=-45 for "ourhome"WPA_PSK
11-26 22:40:56.326  1795  2424 D WifiChannelUtilization:  freq: 5240 onTime: 10777180 busyTime: 988556 onTimeDiff: 1129324 busyTimeDiff: 132070 utilization: 29 utilization t0: 23
11-26 22:40:56.326  1795  2424 D WifiDataStall:  ccaLevel = 29
11-26 22:40:56.327  1795  2424 D WifiDataStall: L2 txTputKbps: 657058, rxTputKbps: 767898, L3 txTputKbps: 0, rxTputKbps: 0, TxTrafficHigh: false, RxTrafficHigh: false, Throughput Sufficient: true
11-26 22:40:56.327  2673 18847 V WifiManager: OnWifiUsabilityStatsListener: onWifiUsabilityStats: seqNum=98054
11-26 22:40:56.327  1795  2424 D WifiScoreReport: Wifi scoring disabled - Don't check IP layer
11-26 22:40:56.327  1795  2424 D WifiScoreCard: BSSID update SIGNAL_POLL ID: 1320464697 SSID: "ourhome", BSSID: f4:6d:2f:12:cc:88, MAC: b2:2f:ec:da:4a:0c, IP: /192.168.1.104, Security type: 2, Supplicant state: COMPLETED, Wi-Fi standard: 5, RSSI: -46, Link speed: 780Mbps, Tx Link speed: 780Mbps, Max Supported Tx Link speed: 866Mbps, Rx Link speed: 6Mbps, Max Supported Rx Link speed: 866Mbps, Frequency: 5240MHz, Net ID: 12, Metered hint: false, score: 60, isUsable: true, CarrierMerged: false, SubscriptionId: -1, IsPrimary: 1, Trusted: true, Restricted: false, Ephemeral: false, OEM paid: false, OEM private: false, OSU AP: false, FQDN: <none>, Provider friendly name: <none>, Requesting package name: <none>"ourhome"wpa2-pskMLO Information: , Is TID-To-Link negotiation supported by the AP: false, AP MLD Address: <none>, AP MLO Link Id: <none>, AP MLO Affiliated links: <none>
11-26 22:40:56.327  1795  2424 D WifiScoreCard: txRate: 1 txSpeed: 780
11-26 22:40:56.327  1795  2424 D WifiScoreCard: network update SIGNAL_POLL "ourhome" ID: 1499892569 RSSI -46 txSpeed -1
11-26 22:40:56.328  2513 11659 V WifiManager: TrafficStateCallbackProxy: onStateChanged state=3
11-26 22:40:56.328  1795  2424 D WifiClientModeImpl[13802:wlan0]:  ClientModeImpl$L2ConnectedState screen=on 37 0 "ourhome" f4:6d:2f:12:cc:88 rssi=-46 f=5240 sc=60 link=780 tx=0.2, 0.0, 0.0 rx=0.2 bcn=3613165 [on:231 tx:0 rx:1 period:3017] from screen [on:1141199 period:22421614] score=60
11-26 22:40:56.328  1795  4157 I WifiService: updateWifiUsabilityScore uid=10180 seqNum=98054 score=100 predictionHorizonSec=1441795
11-26 22:40:56.329  1795  2424 D WifiScoreReport: Wifi scoring disabled - Notify that Wifi is usable
11-26 22:40:56.332  1795  2432 D ConnectivityService: NetReassign [no changes] [c 0] [a 0] [i 2]
11-26 22:40:56.343  1011  1189 I ASH     : @ 381708.514: tcs3701: stop power rail pending_off timer
11-26 22:40:56.343  1011  1189 D ASH     : @ 381708.514: tcs3701: start power rail timer, state:3
11-26 22:40:56.383  1011  1189 I ASH     : @ 381708.554: tcs3701: stop power rail pending_off timer
11-26 22:40:56.383  1011  1189 D ASH     : @ 381708.554: tcs3701: start power rail timer, state:3
11-26 22:40:56.397  8427  8469 I BatteryMgr:DataCollectionService: stats => 1701034856397,13427,4444,2136,4169000,100
11-26 22:40:56.423  1011  1189 I ASH     : @ 381708.594: tcs3701: stop power rail pending_off timer
11-26 22:40:56.423  1011  1189 D ASH     : @ 381708.594: tcs3701: start power rail timer, state:3
11-26 22:40:56.463  1011  1189 I ASH     : @ 381708.634: tcs3701: stop power rail pending_off timer
11-26 22:40:56.463  1011  1189 D ASH     : @ 381708.634: tcs3701: start power rail timer, state:3
11-26 22:40:56.501  8427  8469 I BatteryMgr:DataCollectionService: stats => 1701034856501,13427,4444,2136,4169000,100
11-26 22:40:56.505  1011  1189 I ASH     : @ 381708.674: tcs3701: stop power rail pending_off timer
11-26 22:40:56.505  1011  1189 D ASH     : @ 381708.674: tcs3701: start power rail timer, state:3
11-26 22:40:56.543  1011  1189 I ASH     : @ 381708.714: tcs3701: stop power rail pending_off timer
11-26 22:40:56.543  1011  1189 D ASH     : @ 381708.714: tcs3701: start power rail timer, state:3
11-26 22:40:56.578  1795  2855 D ActivityManager: freezer override set to true
11-26 22:40:56.583  1011  1189 I ASH     : @ 381708.754: tcs3701: stop power rail pending_off timer
11-26 22:40:56.583  1011  1189 D ASH     : @ 381708.754: tcs3701: start power rail timer, state:3
11-26 22:40:56.605  8427  8469 I BatteryMgr:DataCollectionService: stats => 1701034856605,13427,4444,2136,4169000,100
11-26 22:40:56.624  1011  1189 I ASH     : @ 381708.794: tcs3701: stop power rail pending_off timer
11-26 22:40:56.624  1011  1189 D ASH     : @ 381708.794: tcs3701: start power rail timer, state:3
11-26 22:40:56.663  1011  1189 I ASH     : @ 381708.834: tcs3701: stop power rail pending_off timer
11-26 22:40:56.663  1011  1189 D ASH     : @ 381708.834: tcs3701: start power rail timer, state:3
11-26 22:40:56.703  1011  1189 I ASH     : @ 381708.874: tcs3701: stop power rail pending_off timer
11-26 22:40:56.703  1011  1189 D ASH     : @ 381708.874: tcs3701: start power rail timer, state:3
11-26 22:40:56.710  8427  8469 I BatteryMgr:DataCollectionService: stats => 1701034856710,13427,4444,2136,4169000,100
11-26 22:40:56.728 27959 27973 I m.chrome.canary: Explicit concurrent copying GC freed 4055(207KB) AllocSpace objects, 5(100KB) LOS objects, 75% free, 14MB/57MB, paused 30us,25us total 63.339ms
11-26 22:40:56.744  1011  1189 I ASH     : @ 381708.914: tcs3701: stop power rail pending_off timer
11-26 22:40:56.744  1011  1189 D ASH     : @ 381708.915: tcs3701: start power rail timer, state:3
11-26 22:40:56.784  1011  1189 I ASH     : @ 381708.954: tcs3701: stop power rail pending_off timer
11-26 22:40:56.784  1011  1189 D ASH     : @ 381708.954: tcs3701: start power rail timer, state:3
11-26 22:40:56.800  1795  2855 D ActivityManager: freezer override set to false
11-26 22:40:56.816  8427  8469 I BatteryMgr:DataCollectionService: stats => 1701034856816,13427,4444,2136,4169000,100
11-26 22:40:56.823  1011  1189 I ASH     : @ 381708.994: tcs3701: stop power rail pending_off timer
11-26 22:40:56.824  1011  1189 D ASH     : @ 381708.994: tcs3701: start power rail timer, state:3
11-26 22:40:56.853  1795  2855 D ActivityManager: freezer override set to true
11-26 22:40:56.858  1795  2855 D ActivityManager: freezer override set to false
11-26 22:40:56.863  1011  1189 I ASH     : @ 381709.034: tcs3701: stop power rail pending_off timer
11-26 22:40:56.863  1011  1189 D ASH     : @ 381709.034: tcs3701: start power rail timer, state:3
11-26 22:40:56.891  1795  2855 D ActivityManager: freezer override set to true
11-26 22:40:56.894  1795  2855 D ActivityManager: freezer override set to false
11-26 22:40:56.904  1011  1189 I ASH     : @ 381709.074: tcs3701: stop power rail pending_off timer
11-26 22:40:56.904  1011  1189 D ASH     : @ 381709.074: tcs3701: start power rail timer, state:3
11-26 22:40:56.923  8427  8469 I BatteryMgr:DataCollectionService: stats => 1701034856923,13427,4444,2136,4169000,100
11-26 22:40:56.943  1011  1189 I ASH     : @ 381709.114: tcs3701: stop power rail pending_off timer
11-26 22:40:56.943  1011  1189 D ASH     : @ 381709.114: tcs3701: start power rail timer, state:3
11-26 22:40:56.983  1011  1189 I ASH     : @ 381709.154: tcs3701: stop power rail pending_off timer
11-26 22:40:56.984  1011  1189 D ASH     : @ 381709.154: tcs3701: start power rail timer, state:3
11-26 22:40:57.023  1011  1189 I ASH     : @ 381709.194: tcs3701: stop power rail pending_off timer
11-26 22:40:57.023  1011  1189 D ASH     : @ 381709.194: tcs3701: start power rail timer, state:3
11-26 22:40:57.030  8427  8469 I BatteryMgr:DataCollectionService: stats => 1701034857030,13427,4444,2136,4169000,100
11-26 22:40:57.063  1011  1189 I ASH     : @ 381709.234: tcs3701: stop power rail pending_off timer
11-26 22:40:57.063  1011  1189 D ASH     : @ 381709.234: tcs3701: start power rail timer, state:3
11-26 22:40:57.104  1011  1189 I ASH     : @ 381709.274: tcs3701: stop power rail pending_off timer
11-26 22:40:57.104  1011  1189 D ASH     : @ 381709.274: tcs3701: start power rail timer, state:3
11-26 22:40:57.137  8427  8469 I BatteryMgr:DataCollectionService: stats => 1701034857137,13427,4444,2136,4169000,100
11-26 22:40:57.143  1011  1189 I ASH     : @ 381709.314: tcs3701: stop power rail pending_off timer
11-26 22:40:57.143  1011  1189 D ASH     : @ 381709.314: tcs3701: start power rail timer, state:3
11-26 22:40:57.183  1011  1189 I ASH     : @ 381709.354: tcs3701: stop power rail pending_off timer
11-26 22:40:57.183  1011  1189 D ASH     : @ 381709.354: tcs3701: start power rail timer, state:3
11-26 22:40:57.223  1011  1189 I ASH     : @ 381709.394: tcs3701: stop power rail pending_off timer
11-26 22:40:57.223  1011  1189 D ASH     : @ 381709.394: tcs3701: start power rail timer, state:3
11-26 22:40:57.245  8427  8469 I BatteryMgr:DataCollectionService: stats => 1701034857245,13427,4444,2136,4169000,100
11-26 22:40:57.263  1011  1189 I ASH     : @ 381709.434: tcs3701: stop power rail pending_off timer
11-26 22:40:57.263  1011  1189 D ASH     : @ 381709.434: tcs3701: start power rail timer, state:3
11-26 22:40:57.270  1795  2855 D ActivityManager: freezer override set to true
11-26 22:40:57.275  1795  2855 D ActivityManager: freezer override set to false
11-26 22:40:57.284  2113  2118 I pixel-thermal: skin-therm-monitor: 39.46
11-26 22:40:57.303  1011  1189 I ASH     : @ 381709.474: tcs3701: stop power rail pending_off timer
11-26 22:40:57.303  1011  1189 D ASH     : @ 381709.474: tcs3701: start power rail timer, state:3
11-26 22:40:57.343  1011  1189 I ASH     : @ 381709.514: tcs3701: stop power rail pending_off timer
11-26 22:40:57.343  1011  1189 D ASH     : @ 381709.514: tcs3701: start power rail timer, state:3
11-26 22:40:57.353  8427  8469 I BatteryMgr:DataCollectionService: stats => 1701034857353,13427,4444,2136,4169000,100
11-26 22:40:57.383  1011  1189 I ASH     : @ 381709.554: tcs3701: stop power rail pending_off timer
11-26 22:40:57.383  1011  1189 D ASH     : @ 381709.554: tcs3701: start power rail timer, state:3
11-26 22:40:57.423  1011  1189 I ASH     : @ 381709.594: tcs3701: stop power rail pending_off timer
11-26 22:40:57.423  1011  1189 D ASH     : @ 381709.594: tcs3701: start power rail timer, state:3
11-26 22:40:57.459  8427  8469 I BatteryMgr:DataCollectionService: stats => 1701034857459,13427,4444,2136,4169000,100
11-26 22:40:57.463  1011  1189 I ASH     : @ 381709.634: tcs3701: stop power rail pending_off timer
11-26 22:40:57.463  1011  1189 D ASH     : @ 381709.634: tcs3701: start power rail timer, state:3
11-26 22:40:57.492  1795  2424 D WifiNetworkSelector: Current connected network: 12
11-26 22:40:57.492  1795  2424 V WifiConnectivityManager: No partial scan because firmware roaming is supported.
11-26 22:40:57.492  1795  2424 V WifiConnectivityManager: schedulePeriodicScanTimer intervalMs 20000
11-26 22:40:57.504  1011  1189 I ASH     : @ 381709.674: tcs3701: stop power rail pending_off timer
11-26 22:40:57.504  1011  1189 D ASH     : @ 381709.674: tcs3701: start power rail timer, state:3
11-26 22:40:57.543  1011  1189 I ASH     : @ 381709.714: tcs3701: stop power rail pending_off timer
11-26 22:40:57.543  1011  1189 D ASH     : @ 381709.714: tcs3701: start power rail timer, state:3
11-26 22:40:57.565  8427  8469 I BatteryMgr:DataCollectionService: stats => 1701034857565,13427,4444,2136,4169000,100
11-26 22:40:57.583  1011  1189 I ASH     : @ 381709.754: tcs3701: stop power rail pending_off timer
11-26 22:40:57.584  1011  1189 D ASH     : @ 381709.754: tcs3701: start power rail timer, state:3
11-26 22:40:57.623  1011  1189 I ASH     : @ 381709.794: tcs3701: stop power rail pending_off timer
11-26 22:40:57.623  1011  1189 D ASH     : @ 381709.794: tcs3701: start power rail timer, state:3
11-26 22:40:57.664  1011  1189 I ASH     : @ 381709.834: tcs3701: stop power rail pending_off timer
11-26 22:40:57.664  1011  1189 D ASH     : @ 381709.834: tcs3701: start power rail timer, state:3
11-26 22:40:57.671  8427  8469 I BatteryMgr:DataCollectionService: stats => 1701034857671,13427,4444,2136,4169000,100
11-26 22:40:57.703  1011  1189 I ASH     : @ 381709.874: tcs3701: stop power rail pending_off timer
11-26 22:40:57.703  1011  1189 D ASH     : @ 381709.874: tcs3701: start power rail timer, state:3
11-26 22:40:57.743  1011  1189 I ASH     : @ 381709.914: tcs3701: stop power rail pending_off timer
11-26 22:40:57.743  1011  1189 D ASH     : @ 381709.914: tcs3701: start power rail timer, state:3
11-26 22:40:57.780  8427  8469 I BatteryMgr:DataCollectionService: stats => 1701034857780,13427,4444,2136,4169000,100
11-26 22:40:57.784  1011  1189 I ASH     : @ 381709.954: tcs3701: stop power rail pending_off timer
11-26 22:40:57.784  1011  1189 D ASH     : @ 381709.954: tcs3701: start power rail timer, state:3
11-26 22:40:57.823  1011  1189 I ASH     : @ 381709.994: tcs3701: stop power rail pending_off timer
11-26 22:40:57.823  1011  1189 D ASH     : @ 381709.994: tcs3701: start power rail timer, state:3
11-26 22:40:57.864  1011  1189 I ASH     : @ 381710.034: tcs3701: stop power rail pending_off timer
11-26 22:40:57.864  1011  1189 D ASH     : @ 381710.034: tcs3701: start power rail timer, state:3
11-26 22:40:57.888  8427  8469 I BatteryMgr:DataCollectionService: stats => 1701034857887,13427,4444,2136,4169000,100
11-26 22:40:57.903  1011  1189 I ASH     : @ 381710.074: tcs3701: stop power rail pending_off timer
11-26 22:40:57.903  1011  1189 D ASH     : @ 381710.074: tcs3701: start power rail timer, state:3
11-26 22:40:57.943  1011  1189 I ASH     : @ 381710.114: tcs3701: stop power rail pending_off timer
11-26 22:40:57.944  1011  1189 D ASH     : @ 381710.114: tcs3701: start power rail timer, state:3
11-26 22:40:57.983  1011  1189 I ASH     : @ 381710.154: tcs3701: stop power rail pending_off timer
11-26 22:40:57.984  1011  1189 D ASH     : @ 381710.154: tcs3701: start power rail timer, state:3
11-26 22:40:57.992  8427  8469 I BatteryMgr:DataCollectionService: stats => 1701034857992,13427,4444,2136,4169000,100
11-26 22:40:58.023  1011  1189 I ASH     : @ 381710.194: tcs3701: stop power rail pending_off timer
11-26 22:40:58.023  1011  1189 D ASH     : @ 381710.194: tcs3701: start power rail timer, state:3
11-26 22:40:58.027  1795  4157 D ActivityManager: freezer override set to true
11-26 22:40:58.064  1011  1189 I ASH     : @ 381710.234: tcs3701: stop power rail pending_off timer
11-26 22:40:58.064  1011  1189 D ASH     : @ 381710.234: tcs3701: start power rail timer, state:3
11-26 22:40:58.097  8427  8469 I BatteryMgr:DataCollectionService: stats => 1701034858096,13427,4444,2136,4169000,100
11-26 22:40:58.103  1011  1189 I ASH     : @ 381710.274: tcs3701: stop power rail pending_off timer
11-26 22:40:58.103  1011  1189 D ASH     : @ 381710.274: tcs3701: start power rail timer, state:3
11-26 22:40:58.143  1011  1189 I ASH     : @ 381710.314: tcs3701: stop power rail pending_off timer
11-26 22:40:58.143  1011  1189 D ASH     : @ 381710.314: tcs3701: start power rail timer, state:3
11-26 22:40:58.183 27959 27973 I m.chrome.canary: Explicit concurrent copying GC freed 3842(192KB) AllocSpace objects, 4(80KB) LOS objects, 75% free, 14MB/57MB, paused 29us,23us total 63.348ms
11-26 22:40:58.183  1011  1189 I ASH     : @ 381710.354: tcs3701: stop power rail pending_off timer
11-26 22:40:58.183  1011  1189 D ASH     : @ 381710.354: tcs3701: start power rail timer, state:3
11-26 22:40:58.202  8427  8469 I BatteryMgr:DataCollectionService: stats => 1701034858202,13427,4444,2136,4169000,100
11-26 22:40:58.223  1011  1189 I ASH     : @ 381710.394: tcs3701: stop power rail pending_off timer
11-26 22:40:58.223  1011  1189 D ASH     : @ 381710.394: tcs3701: start power rail timer, state:3
11-26 22:40:58.252  1795  4157 D ActivityManager: freezer override set to false
11-26 22:40:58.263  1011  1189 I ASH     : @ 381710.434: tcs3701: stop power rail pending_off timer
11-26 22:40:58.263  1011  1189 D ASH     : @ 381710.434: tcs3701: start power rail timer, state:3
11-26 22:40:58.269  1795  4157 D ActivityManager: freezer override set to true
11-26 22:40:58.276  1795  4157 D ActivityManager: freezer override set to false
11-26 22:40:58.292  1795  4157 D ActivityManager: freezer override set to true
11-26 22:40:58.295  1795  4157 D ActivityManager: freezer override set to false
11-26 22:40:58.303  1011  1189 I ASH     : @ 381710.474: tcs3701: stop power rail pending_off timer
11-26 22:40:58.303  1011  1189 D ASH     : @ 381710.474: tcs3701: start power rail timer, state:3
11-26 22:40:58.308  8427  8469 I BatteryMgr:DataCollectionService: stats => 1701034858308,13427,4444,2136,4169000,100
11-26 22:40:58.333  1795  4157 D ActivityManager: freezer override set to true
11-26 22:40:58.337  1795  4157 D ActivityManager: freezer override set to false
11-26 22:40:58.343  1011  1189 I ASH     : @ 381710.514: tcs3701: stop power rail pending_off timer
11-26 22:40:58.343  1011  1189 D ASH     : @ 381710.514: tcs3701: start power rail timer, state:3
11-26 22:40:58.384  1011  1189 I ASH     : @ 381710.554: tcs3701: stop power rail pending_off timer
11-26 22:40:58.384  1011  1189 D ASH     : @ 381710.554: tcs3701: start power rail timer, state:3
11-26 22:40:58.415  8427  8469 I BatteryMgr:DataCollectionService: stats => 1701034858415,13427,4444,2136,4169000,100
11-26 22:40:58.423  1011  1189 I ASH     : @ 381710.594: tcs3701: stop power rail pending_off timer
11-26 22:40:58.423  1011  1189 D ASH     : @ 381710.594: tcs3701: start power rail timer, state:3
11-26 22:40:58.464  1011  1189 I ASH     : @ 381710.634: tcs3701: stop power rail pending_off timer
11-26 22:40:58.464  1011  1189 D ASH     : @ 381710.634: tcs3701: start power rail timer, state:3
11-26 22:40:58.503  1011  1189 I ASH     : @ 381710.674: tcs3701: stop power rail pending_off timer
11-26 22:40:58.503  1011  1189 D ASH     : @ 381710.674: tcs3701: start power rail timer, state:3
11-26 22:40:58.521  8427  8469 I BatteryMgr:DataCollectionService: stats => 1701034858521,13427,4444,2136,4169000,100
11-26 22:40:58.543  1011  1189 I ASH     : @ 381710.714: tcs3701: stop power rail pending_off timer
11-26 22:40:58.543  1011  1189 D ASH     : @ 381710.714: tcs3701: start power rail timer, state:3
11-26 22:40:58.583  1011  1189 I ASH     : @ 381710.754: tcs3701: stop power rail pending_off timer
11-26 22:40:58.583  1011  1189 D ASH     : @ 381710.754: tcs3701: start power rail timer, state:3
11-26 22:40:58.623  1011  1189 I ASH     : @ 381710.794: tcs3701: stop power rail pending_off timer
11-26 22:40:58.623  1011  1189 D ASH     : @ 381710.794: tcs3701: start power rail timer, state:3
11-26 22:40:58.627  8427  8469 I BatteryMgr:DataCollectionService: stats => 1701034858627,13427,4444,2136,4169000,100
11-26 22:40:58.664  1011  1189 I ASH     : @ 381710.834: tcs3701: stop power rail pending_off timer
11-26 22:40:58.664  1011  1189 D ASH     : @ 381710.834: tcs3701: start power rail timer, state:3
11-26 22:40:58.703  1011  1189 I ASH     : @ 381710.874: tcs3701: stop power rail pending_off timer
11-26 22:40:58.703  1011  1189 D ASH     : @ 381710.874: tcs3701: start power rail timer, state:3
11-26 22:40:58.735  8427  8469 I BatteryMgr:DataCollectionService: stats => 1701034858735,13427,4444,2136,4169000,100
11-26 22:40:58.743  1011  1189 I ASH     : @ 381710.914: tcs3701: stop power rail pending_off timer
11-26 22:40:58.743  1011  1189 D ASH     : @ 381710.914: tcs3701: start power rail timer, state:3
11-26 22:40:58.783  1011  1189 I ASH     : @ 381710.954: tcs3701: stop power rail pending_off timer
11-26 22:40:58.783  1011  1189 D ASH     : @ 381710.954: tcs3701: start power rail timer, state:3
11-26 22:40:58.823  1011  1189 I ASH     : @ 381710.994: tcs3701: stop power rail pending_off timer
11-26 22:40:58.823  1011  1189 D ASH     : @ 381710.994: tcs3701: start power rail timer, state:3
11-26 22:40:58.842  8427  8469 I BatteryMgr:DataCollectionService: stats => 1701034858842,13427,4444,2136,4169000,100
11-26 22:40:58.864  1011  1189 I ASH     : @ 381711.034: tcs3701: stop power rail pending_off timer
11-26 22:40:58.864  1011  1189 D ASH     : @ 381711.034: tcs3701: start power rail timer, state:3
11-26 22:40:58.903  1011  1189 I ASH     : @ 381711.074: tcs3701: stop power rail pending_off timer
11-26 22:40:58.903  1011  1189 D ASH     : @ 381711.074: tcs3701: start power rail timer, state:3
11-26 22:40:58.943  1011  1189 I ASH     : @ 381711.114: tcs3701: stop power rail pending_off timer
11-26 22:40:58.943  1011  1189 D ASH     : @ 381711.114: tcs3701: start power rail timer, state:3
11-26 22:40:58.949  8427  8469 I BatteryMgr:DataCollectionService: stats => 1701034858949,13427,4444,2136,4169000,100
11-26 22:40:58.983  1011  1189 I ASH     : @ 381711.154: tcs3701: stop power rail pending_off timer
11-26 22:40:58.983  1011  1189 D ASH     : @ 381711.154: tcs3701: start power rail timer, state:3
11-26 22:40:59.023  1011  1189 I ASH     : @ 381711.194: tcs3701: stop power rail pending_off timer
11-26 22:40:59.023  1011  1189 D ASH     : @ 381711.194: tcs3701: start power rail timer, state:3
11-26 22:40:59.056  8427  8469 I BatteryMgr:DataCollectionService: stats => 1701034859056,13427,4444,2136,4169000,100
11-26 22:40:59.063  1011  1189 I ASH     : @ 381711.234: tcs3701: stop power rail pending_off timer
11-26 22:40:59.064  1011  1189 D ASH     : @ 381711.234: tcs3701: start power rail timer, state:3
11-26 22:40:59.103  1011  1189 I ASH     : @ 381711.274: tcs3701: stop power rail pending_off timer
11-26 22:40:59.103  1011  1189 D ASH     : @ 381711.274: tcs3701: start power rail timer, state:3
11-26 22:40:59.143  1011  1189 I ASH     : @ 381711.314: tcs3701: stop power rail pending_off timer
11-26 22:40:59.143  1011  1189 D ASH     : @ 381711.314: tcs3701: start power rail timer, state:3
11-26 22:40:59.163  8427  8469 I BatteryMgr:DataCollectionService: stats => 1701034859162,13427,4444,2136,4169000,100
11-26 22:40:59.183  1011  1189 I ASH     : @ 381711.354: tcs3701: stop power rail pending_off timer
11-26 22:40:59.183  1011  1189 D ASH     : @ 381711.354: tcs3701: start power rail timer, state:3
11-26 22:40:59.223  1011  1189 I ASH     : @ 381711.394: tcs3701: stop power rail pending_off timer
11-26 22:40:59.223  1011  1189 D ASH     : @ 381711.394: tcs3701: start power rail timer, state:3
11-26 22:40:59.263  1011  1189 I ASH     : @ 381711.434: tcs3701: stop power rail pending_off timer
11-26 22:40:59.264  1011  1189 D ASH     : @ 381711.434: tcs3701: start power rail timer, state:3
11-26 22:40:59.270  8427  8469 I BatteryMgr:DataCollectionService: stats => 1701034859269,13427,4444,2136,4169000,100
11-26 22:40:59.270  1795  4157 D ActivityManager: freezer override set to true
11-26 22:40:59.275  1795  4157 D ActivityManager: freezer override set to false
11-26 22:40:59.287  2113  2118 I pixel-thermal: skin-therm-monitor: 39.464
11-26 22:40:59.303  1011  1189 I ASH     : @ 381711.474: tcs3701: stop power rail pending_off timer
11-26 22:40:59.303  1011  1189 D ASH     : @ 381711.474: tcs3701: start power rail timer, state:3
11-26 22:40:59.341  1795  2424 D WifiClientModeImpl[13802:wlan0]: updateLinkLayerStatsRssiSpeedFrequencyCapabilities rssi=-46 TxLinkspeed=780 freq=5240 RxLinkSpeed=6
11-26 22:40:59.342  1795  2424 D WifiDataStall: tx tput in kbps: 657058
11-26 22:40:59.342  1795  2424 D WifiDataStall: rx tput in kbps: 767898
11-26 22:40:59.342  1795  2424 V WifiConfigManager: Updating scan detail cache freq=5240 BSSID=f4:6d:2f:12:cc:88 RSSI=-45 for "ourhome"WPA_PSK
11-26 22:40:59.342  1795  2424 D WifiChannelUtilization:  freq: 5240 onTime: 10777290 busyTime: 988597 onTimeDiff: 1129434 busyTimeDiff: 132111 utilization: 29 utilization t0: 23
11-26 22:40:59.342  1795  2424 D WifiDataStall:  ccaLevel = 29
11-26 22:40:59.342  1795  2424 D WifiDataStall: L2 txTputKbps: 657058, rxTputKbps: 767898, L3 txTputKbps: 0, rxTputKbps: 0, TxTrafficHigh: false, RxTrafficHigh: false, Throughput Sufficient: true
11-26 22:40:59.343  1795  2424 D WifiScoreReport: Wifi scoring disabled - Don't check IP layer
11-26 22:40:59.343  1795  2424 D WifiScoreCard: BSSID update SIGNAL_POLL ID: 1320464697 SSID: "ourhome", BSSID: f4:6d:2f:12:cc:88, MAC: b2:2f:ec:da:4a:0c, IP: /192.168.1.104, Security type: 2, Supplicant state: COMPLETED, Wi-Fi standard: 5, RSSI: -46, Link speed: 780Mbps, Tx Link speed: 780Mbps, Max Supported Tx Link speed: 866Mbps, Rx Link speed: 6Mbps, Max Supported Rx Link speed: 866Mbps, Frequency: 5240MHz, Net ID: 12, Metered hint: false, score: 60, isUsable: true, CarrierMerged: false, SubscriptionId: -1, IsPrimary: 1, Trusted: true, Restricted: false, Ephemeral: false, OEM paid: false, OEM private: false, OSU AP: false, FQDN: <none>, Provider friendly name: <none>, Requesting package name: <none>"ourhome"wpa2-pskMLO Information: , Is TID-To-Link negotiation supported by the AP: false, AP MLD Address: <none>, AP MLO Link Id: <none>, AP MLO Affiliated links: <none>
11-26 22:40:59.343  1795  2424 D WifiScoreCard: txRate: 1 txSpeed: 780
11-26 22:40:59.343  1795  2424 D WifiScoreCard: network update SIGNAL_POLL "ourhome" ID: 1499892569 RSSI -46 txSpeed -1
11-26 22:40:59.343  2513 11659 V WifiManager: TrafficStateCallbackProxy: onStateChanged state=2
11-26 22:40:59.344  1795  2424 D WifiClientModeImpl[13802:wlan0]:  ClientModeImpl$L2ConnectedState screen=on 37 0 "ourhome" f4:6d:2f:12:cc:88 rssi=-46 f=5240 sc=60 link=780 tx=0.5, 0.0, 0.0 rx=0.0 bcn=3613194 [on:110 tx:1 rx:1 period:3015] from screen [on:1141309 period:22424629] score=60
11-26 22:40:59.344  1011  1189 I ASH     : @ 381711.514: tcs3701: stop power rail pending_off timer
11-26 22:40:59.344  1011  1189 D ASH     : @ 381711.514: tcs3701: start power rail timer, state:3
11-26 22:40:59.344  2673 18847 V WifiManager: OnWifiUsabilityStatsListener: onWifiUsabilityStats: seqNum=98055
11-26 22:40:59.345  1795  4157 I WifiService: updateWifiUsabilityScore uid=10180 seqNum=98055 score=100 predictionHorizonSec=1441795
11-26 22:40:59.346  1795  2424 D WifiScoreReport: Wifi scoring disabled - Notify that Wifi is usable
11-26 22:40:59.349  1795  2432 D ConnectivityService: NetReassign [no changes] [c 0] [a 1] [i 2]
11-26 22:40:59.375  8427  8469 I BatteryMgr:DataCollectionService: stats => 1701034859375,13427,4444,2136,4169000,100
11-26 22:40:59.383  1011  1189 I ASH     : @ 381711.554: tcs3701: stop power rail pending_off timer
11-26 22:40:59.383  1011  1189 D ASH     : @ 381711.554: tcs3701: start power rail timer, state:3
11-26 22:40:59.424  1011  1189 I ASH     : @ 381711.594: tcs3701: stop power rail pending_off timer
11-26 22:40:59.424  1011  1189 D ASH     : @ 381711.594: tcs3701: start power rail timer, state:3
11-26 22:40:59.463  1011  1189 I ASH     : @ 381711.634: tcs3701: stop power rail pending_off timer
11-26 22:40:59.464  1011  1189 D ASH     : @ 381711.634: tcs3701: start power rail timer, state:3
11-26 22:40:59.481  1795  4157 D ActivityManager: freezer override set to true
11-26 22:40:59.481  8427  8469 I BatteryMgr:DataCollectionService: stats => 1701034859481,13427,4444,2136,4169000,100
11-26 22:40:59.503  1011  1189 I ASH     : @ 381711.674: tcs3701: stop power rail pending_off timer
11-26 22:40:59.503  1011  1189 D ASH     : @ 381711.674: tcs3701: start power rail timer, state:3
11-26 22:40:59.544  1011  1189 I ASH     : @ 381711.714: tcs3701: stop power rail pending_off timer
11-26 22:40:59.544  1011  1189 D ASH     : @ 381711.714: tcs3701: start power rail timer, state:3
11-26 22:40:59.583  1011  1189 I ASH     : @ 381711.754: tcs3701: stop power rail pending_off timer
11-26 22:40:59.583  1011  1189 D ASH     : @ 381711.754: tcs3701: start power rail timer, state:3
11-26 22:40:59.587  8427  8469 I BatteryMgr:DataCollectionService: stats => 1701034859587,13427,4444,2136,4169000,100
11-26 22:40:59.588 27959 27973 I m.chrome.canary: Explicit concurrent copying GC freed 4051(207KB) AllocSpace objects, 5(100KB) LOS objects, 75% free, 14MB/57MB, paused 84us,21us total 62.096ms
11-26 22:40:59.623  1011  1189 I ASH     : @ 381711.794: tcs3701: stop power rail pending_off timer
11-26 22:40:59.623  1011  1189 D ASH     : @ 381711.794: tcs3701: start power rail timer, state:3
11-26 22:40:59.656  1795  4157 D ActivityManager: freezer override set to false
11-26 22:40:59.663  1011  1189 I ASH     : @ 381711.834: tcs3701: stop power rail pending_off timer
11-26 22:40:59.663  1011  1189 D ASH     : @ 381711.834: tcs3701: start power rail timer, state:3
11-26 22:40:59.693  1795  2855 D ActivityManager: freezer override set to true
11-26 22:40:59.693  8427  8469 I BatteryMgr:DataCollectionService: stats => 1701034859693,13427,4444,2136,4169000,100
11-26 22:40:59.695  1795  2855 D ActivityManager: freezer override set to false
11-26 22:40:59.703  1011  1189 I ASH     : @ 381711.874: tcs3701: stop power rail pending_off timer
11-26 22:40:59.703  1011  1189 D ASH     : @ 381711.874: tcs3701: start power rail timer, state:3
11-26 22:40:59.736  1795  2855 D ActivityManager: freezer override set to true
11-26 22:40:59.738  1795  2855 D ActivityManager: freezer override set to false
11-26 22:40:59.743  1011  1189 I ASH     : @ 381711.914: tcs3701: stop power rail pending_off timer
11-26 22:40:59.743  1011  1189 D ASH     : @ 381711.914: tcs3701: start power rail timer, state:3
11-26 22:40:59.783  1011  1189 I ASH     : @ 381711.954: tcs3701: stop power rail pending_off timer
11-26 22:40:59.783  1011  1189 D ASH     : @ 381711.954: tcs3701: start power rail timer, state:3
11-26 22:40:59.800  8427  8469 I BatteryMgr:DataCollectionService: stats => 1701034859800,13427,4444,2136,4169000,100
11-26 22:40:59.824  1011  1189 I ASH     : @ 381711.994: tcs3701: stop power rail pending_off timer
11-26 22:40:59.824  1011  1189 D ASH     : @ 381711.994: tcs3701: start power rail timer, state:3
11-26 22:40:59.863  1011  1189 I ASH     : @ 381712.034: tcs3701: stop power rail pending_off timer
11-26 22:40:59.863  1011  1189 D ASH     : @ 381712.034: tcs3701: start power rail timer, state:3
11-26 22:40:59.904  1011  1189 I ASH     : @ 381712.074: tcs3701: stop power rail pending_off timer
11-26 22:40:59.904  1011  1189 D ASH     : @ 381712.074: tcs3701: start power rail timer, state:3
11-26 22:40:59.908  8427  8469 I BatteryMgr:DataCollectionService: stats => 1701034859908,13427,4444,2136,4169000,100
11-26 22:40:59.944  1011  1189 I ASH     : @ 381712.114: tcs3701: stop power rail pending_off timer
11-26 22:40:59.944  1011  1189 D ASH     : @ 381712.114: tcs3701: start power rail timer, state:3
11-26 22:40:59.983  1011  1189 I ASH     : @ 381712.154: tcs3701: stop power rail pending_off timer
11-26 22:40:59.983  1011  1189 D ASH     : @ 381712.154: tcs3701: start power rail timer, state:3
11-26 22:41:00.005  3579  3877 I AiAiEcho: (REDACTED) Predicting[%d]: %s
11-26 22:41:00.006  3579  3877 I AiAiEcho: (REDACTED) EchoTargets: %s
11-26 22:41:00.006  3579  3877 I AiAiEcho: Filtered by AiAi flag check: %s
11-26 22:41:00.007  3579  3877 I AiAiEcho: (REDACTED) Ranked targets strategy: %s, count: %d, ranking metadata: %s
11-26 22:41:00.007  3579  3877 I AiAiEcho: (REDACTED) #SensitiveNotificationsTwiddler: processNotificationsOnLockScreenSetting: cardId: %s is removed
11-26 22:41:00.008  3579  3877 I AiAiEcho: (REDACTED) #weatherTwiddler: Weather removes SubtitleSupplementalItem in surface: %s
11-26 22:41:00.009  3579  3877 I AiAiEcho: (REDACTED) Predicting[%d]: %s
11-26 22:41:00.010  3579  3877 I AiAiEcho: (REDACTED) EchoTargets: %s
11-26 22:41:00.010  3579  3877 I AiAiEcho: Filtered by AiAi flag check: %s
11-26 22:41:00.011  3579  3877 I AiAiEcho: (REDACTED) Ranked targets strategy: %s, count: %d, ranking metadata: %s
11-26 22:41:00.012  3579  3877 I AiAiEcho: (REDACTED) #tapActionTwiddler: keeps UiSurface.ALL TapAction for: %s in the surface: %s for the cardId: %s
11-26 22:41:00.012  3579  3877 I AiAiEcho: (REDACTED) #weatherTwiddler: Weather removes SubtitleSupplementalItem in surface: %s
11-26 22:41:00.015  8427  8469 I BatteryMgr:DataCollectionService: stats => 1701034860015,13427,4444,2136,4169000,100
11-26 22:41:00.016  3579  3877 I AiAiEcho: (REDACTED) #postPredictionTargets: Sending updates to UISurface %s with targets# %s (types=[%s])
11-26 22:41:00.023  3579  3877 I AiAiEcho: (REDACTED) #postPredictionTargets: Sending updates to UISurface %s with targets# %s (types=[%s])
11-26 22:41:00.024  1011  1189 I ASH     : @ 381712.194: tcs3701: stop power rail pending_off timer
11-26 22:41:00.024  1011  1189 D ASH     : @ 381712.194: tcs3701: start power rail timer, state:3
11-26 22:41:00.027  2940  2940 D SsBaseTemplateCard: Passed-in item info is null
11-26 22:41:00.027  2940  2940 D SsBaseTemplateCard: Passed-in item info is null
11-26 22:41:00.027  2940  2940 D SsBaseTemplateCard: No text view can be set up
11-26 22:41:00.027  2940  2940 D SsBaseTemplateCard: Passed-in item info is null
11-26 22:41:00.027  2940  2940 D SsBaseTemplateCard: Passed-in item info is null
11-26 22:41:00.028  2940  2940 I SsBaseTemplateCard: Secondary card pane is null
11-26 22:41:00.029  2513  2513 D SsBaseTemplateCard: No text view can be set up
11-26 22:41:00.030  2513  2513 D SsBaseTemplateCard: Passed-in item info is null
11-26 22:41:00.030  2513  2513 D SsBaseTemplateCard: Passed-in item info is null
11-26 22:41:00.030  2513  2513 I SsBaseTemplateCard: Secondary card pane is null
11-26 22:41:00.063  1011  1189 I ASH     : @ 381712.234: tcs3701: stop power rail pending_off timer
11-26 22:41:00.063  1011  1189 D ASH     : @ 381712.234: tcs3701: start power rail timer, state:3
11-26 22:41:00.103  1011  1189 I ASH     : @ 381712.274: tcs3701: stop power rail pending_off timer
11-26 22:41:00.103  1011  1189 D ASH     : @ 381712.275: tcs3701: start power rail timer, state:3
11-26 22:41:00.120  8427  8469 I BatteryMgr:DataCollectionService: stats => 1701034860120,12207,4444,2136,4169000,100
11-26 22:41:00.143  1011  1189 I ASH     : @ 381712.314: tcs3701: stop power rail pending_off timer
11-26 22:41:00.143  1011  1189 D ASH     : @ 381712.314: tcs3701: start power rail timer, state:3
11-26 22:41:00.183  1011  1189 I ASH     : @ 381712.354: tcs3701: stop power rail pending_off timer
11-26 22:41:00.183  1011  1189 D ASH     : @ 381712.355: tcs3701: start power rail timer, state:3
11-26 22:41:00.223  1011  1189 I ASH     : @ 381712.394: tcs3701: stop power rail pending_off timer
11-26 22:41:00.223  1011  1189 D ASH     : @ 381712.394: tcs3701: start power rail timer, state:3
11-26 22:41:00.228  8427  8469 I BatteryMgr:DataCollectionService: stats => 1701034860228,12207,4444,2136,4169000,100
11-26 22:41:00.263  1011  1189 I ASH     : @ 381712.434: tcs3701: stop power rail pending_off timer
11-26 22:41:00.263  1011  1189 D ASH     : @ 381712.434: tcs3701: start power rail timer, state:3
11-26 22:41:00.279  1795  2855 D ActivityManager: freezer override set to true
11-26 22:41:00.285  1795  2855 D ActivityManager: freezer override set to false
11-26 22:41:00.303  1011  1189 I ASH     : @ 381712.474: tcs3701: stop power rail pending_off timer
11-26 22:41:00.303  1011  1189 D ASH     : @ 381712.474: tcs3701: start power rail timer, state:3
11-26 22:41:00.335  8427  8469 I BatteryMgr:DataCollectionService: stats => 1701034860335,12207,4444,2136,4169000,100
11-26 22:41:00.344  1011  1189 I ASH     : @ 381712.514: tcs3701: stop power rail pending_off timer
11-26 22:41:00.344  1011  1189 D ASH     : @ 381712.514: tcs3701: start power rail timer, state:3
11-26 22:41:00.383  1011  1189 I ASH     : @ 381712.554: tcs3701: stop power rail pending_off timer
11-26 22:41:00.383  1011  1189 D ASH     : @ 381712.554: tcs3701: start power rail timer, state:3
11-26 22:41:00.423  1011  1189 I ASH     : @ 381712.594: tcs3701: stop power rail pending_off timer
11-26 22:41:00.423  1011  1189 D ASH     : @ 381712.594: tcs3701: start power rail timer, state:3
11-26 22:41:00.441  8427  8469 I BatteryMgr:DataCollectionService: stats => 1701034860441,12207,4444,2136,4169000,100
11-26 22:41:00.463  1011  1189 I ASH     : @ 381712.634: tcs3701: stop power rail pending_off timer
11-26 22:41:00.463  1011  1189 D ASH     : @ 381712.634: tcs3701: start power rail timer, state:3
11-26 22:41:00.504  1011  1189 I ASH     : @ 381712.674: tcs3701: stop power rail pending_off timer
11-26 22:41:00.504  1011  1189 D ASH     : @ 381712.674: tcs3701: start power rail timer, state:3
11-26 22:41:00.543  1011  1189 I ASH     : @ 381712.714: tcs3701: stop power rail pending_off timer
11-26 22:41:00.543  1011  1189 D ASH     : @ 381712.714: tcs3701: start power rail timer, state:3
11-26 22:41:00.546  8427  8469 I BatteryMgr:DataCollectionService: stats => 1701034860546,12207,4444,2136,4169000,100
11-26 22:41:00.583  1011  1189 I ASH     : @ 381712.754: tcs3701: stop power rail pending_off timer
