11-26 19:21:09.394  1011  1189 D ASH     : @ 369721.566: tcs3701: start power rail timer, state:3
11-26 19:21:09.410  8427  8469 I BatteryMgr:DataCollectionService: stats => 1701022869410,12512,4447,2136,4169000,100
11-26 19:21:09.434  1011  1189 I ASH     : @ 369721.606: tcs3701: stop power rail pending_off timer
11-26 19:21:09.434  1011  1189 D ASH     : @ 369721.606: tcs3701: start power rail timer, state:3
11-26 19:21:09.474  1011  1189 I ASH     : @ 369721.646: tcs3701: stop power rail pending_off timer
11-26 19:21:09.474  1011  1189 D ASH     : @ 369721.646: tcs3701: start power rail timer, state:3
11-26 19:21:09.479  1795  3634 D ActivityManager: freezer override set to true
11-26 19:21:09.514  8427  8469 I BatteryMgr:DataCollectionService: stats => 1701022869514,12512,4447,2136,4169000,100
11-26 19:21:09.515  1011  1189 I ASH     : @ 369721.686: tcs3701: stop power rail pending_off timer
11-26 19:21:09.515  1011  1189 D ASH     : @ 369721.686: tcs3701: start power rail timer, state:3
11-26 19:21:09.554  1011  1189 I ASH     : @ 369721.726: tcs3701: stop power rail pending_off timer
11-26 19:21:09.554  1011  1189 D ASH     : @ 369721.726: tcs3701: start power rail timer, state:3
11-26 19:21:09.584 24521 24565 I m.chrome.canary: Explicit concurrent copying GC freed 3844(192KB) AllocSpace objects, 4(80KB) LOS objects, 75% free, 13MB/55MB, paused 68us,24us total 61.887ms
11-26 19:21:09.594  1011  1189 I ASH     : @ 369721.766: tcs3701: stop power rail pending_off timer
11-26 19:21:09.594  1011  1189 D ASH     : @ 369721.766: tcs3701: start power rail timer, state:3
11-26 19:21:09.620  8427  8469 I BatteryMgr:DataCollectionService: stats => 1701022869620,12512,4447,2136,4169000,100
11-26 19:21:09.634  1011  1189 I ASH     : @ 369721.806: tcs3701: stop power rail pending_off timer
11-26 19:21:09.634  1011  1189 D ASH     : @ 369721.806: tcs3701: start power rail timer, state:3
11-26 19:21:09.654  1795  3634 D ActivityManager: freezer override set to false
11-26 19:21:09.674  1011  1189 I ASH     : @ 369721.846: tcs3701: stop power rail pending_off timer
11-26 19:21:09.674  1011  1189 D ASH     : @ 369721.846: tcs3701: start power rail timer, state:3
11-26 19:21:09.696  1795  3634 D ActivityManager: freezer override set to true
11-26 19:21:09.698  1795  3634 D ActivityManager: freezer override set to false
11-26 19:21:09.714  1011  1189 I ASH     : @ 369721.886: tcs3701: stop power rail pending_off timer
11-26 19:21:09.715  1011  1189 D ASH     : @ 369721.886: tcs3701: start power rail timer, state:3
11-26 19:21:09.725  8427  8469 I BatteryMgr:DataCollectionService: stats => 1701022869725,12512,4447,2136,4169000,100
11-26 19:21:09.729  1795  3634 D ActivityManager: freezer override set to true
11-26 19:21:09.731  1795  3634 D ActivityManager: freezer override set to false
11-26 19:21:09.755  1011  1189 I ASH     : @ 369721.926: tcs3701: stop power rail pending_off timer
11-26 19:21:09.755  1011  1189 D ASH     : @ 369721.926: tcs3701: start power rail timer, state:3
11-26 19:21:09.794  1011  1189 I ASH     : @ 369721.966: tcs3701: stop power rail pending_off timer
11-26 19:21:09.794  1011  1189 D ASH     : @ 369721.966: tcs3701: start power rail timer, state:3
11-26 19:21:09.831  8427  8469 I BatteryMgr:DataCollectionService: stats => 1701022869831,12512,4447,2136,4169000,100
11-26 19:21:09.834  1011  1189 I ASH     : @ 369722.006: tcs3701: stop power rail pending_off timer
11-26 19:21:09.834  1011  1189 D ASH     : @ 369722.006: tcs3701: start power rail timer, state:3
11-26 19:21:09.874  1011  1189 I ASH     : @ 369722.046: tcs3701: stop power rail pending_off timer
11-26 19:21:09.874  1011  1189 D ASH     : @ 369722.046: tcs3701: start power rail timer, state:3
11-26 19:21:09.914  1011  1189 I ASH     : @ 369722.086: tcs3701: stop power rail pending_off timer
11-26 19:21:09.914  1011  1189 D ASH     : @ 369722.086: tcs3701: start power rail timer, state:3
11-26 19:21:09.935  8427  8469 I BatteryMgr:DataCollectionService: stats => 1701022869935,12512,4447,2136,4169000,100
11-26 19:21:09.954  1011  1189 I ASH     : @ 369722.126: tcs3701: stop power rail pending_off timer
11-26 19:21:09.954  1011  1189 D ASH     : @ 369722.126: tcs3701: start power rail timer, state:3
11-26 19:21:09.994  1011  1189 I ASH     : @ 369722.166: tcs3701: stop power rail pending_off timer
11-26 19:21:09.994  1011  1189 D ASH     : @ 369722.166: tcs3701: start power rail timer, state:3
11-26 19:21:10.034  1011  1189 I ASH     : @ 369722.206: tcs3701: stop power rail pending_off timer
11-26 19:21:10.034  1011  1189 D ASH     : @ 369722.206: tcs3701: start power rail timer, state:3
11-26 19:21:10.039  8427  8469 I BatteryMgr:DataCollectionService: stats => 1701022870039,12512,4447,2136,4169000,100
11-26 19:21:10.066  1795  3634 D ActivityManager: freezer override set to true
11-26 19:21:10.069  1795  3634 D ActivityManager: freezer override set to false
11-26 19:21:10.074  1011  1189 I ASH     : @ 369722.246: tcs3701: stop power rail pending_off timer
11-26 19:21:10.074  1011  1189 D ASH     : @ 369722.246: tcs3701: start power rail timer, state:3
11-26 19:21:10.114  1011  1189 I ASH     : @ 369722.286: tcs3701: stop power rail pending_off timer
11-26 19:21:10.114  1011  1189 D ASH     : @ 369722.286: tcs3701: start power rail timer, state:3
11-26 19:21:10.144  8427  8469 I BatteryMgr:DataCollectionService: stats => 1701022870144,12512,4447,2136,4169000,100
11-26 19:21:10.154  1011  1189 I ASH     : @ 369722.326: tcs3701: stop power rail pending_off timer
11-26 19:21:10.154  1011  1189 D ASH     : @ 369722.326: tcs3701: start power rail timer, state:3
11-26 19:21:10.195  1011  1189 I ASH     : @ 369722.366: tcs3701: stop power rail pending_off timer
11-26 19:21:10.195  1011  1189 D ASH     : @ 369722.366: tcs3701: start power rail timer, state:3
11-26 19:21:10.234  1011  1189 I ASH     : @ 369722.406: tcs3701: stop power rail pending_off timer
11-26 19:21:10.234  1011  1189 D ASH     : @ 369722.406: tcs3701: start power rail timer, state:3
11-26 19:21:10.248  8427  8469 I BatteryMgr:DataCollectionService: stats => 1701022870248,12512,4447,2136,4169000,100
11-26 19:21:10.274  1011  1189 I ASH     : @ 369722.446: tcs3701: stop power rail pending_off timer
11-26 19:21:10.274  1011  1189 D ASH     : @ 369722.446: tcs3701: start power rail timer, state:3
11-26 19:21:10.314  1011  1189 I ASH     : @ 369722.486: tcs3701: stop power rail pending_off timer
11-26 19:21:10.314  1011  1189 D ASH     : @ 369722.486: tcs3701: start power rail timer, state:3
11-26 19:21:10.352  8427  8469 I BatteryMgr:DataCollectionService: stats => 1701022870352,12512,4447,2136,4169000,100
11-26 19:21:10.354  1011  1189 I ASH     : @ 369722.526: tcs3701: stop power rail pending_off timer
11-26 19:21:10.354  1011  1189 D ASH     : @ 369722.526: tcs3701: start power rail timer, state:3
11-26 19:21:10.395  1011  1189 I ASH     : @ 369722.566: tcs3701: stop power rail pending_off timer
11-26 19:21:10.395  1011  1189 D ASH     : @ 369722.566: tcs3701: start power rail timer, state:3
11-26 19:21:10.434  1011  1189 I ASH     : @ 369722.606: tcs3701: stop power rail pending_off timer
11-26 19:21:10.435  1011  1189 D ASH     : @ 369722.606: tcs3701: start power rail timer, state:3
11-26 19:21:10.452  2113  2118 I pixel-thermal: skin-therm-monitor: 39.474
11-26 19:21:10.457  8427  8469 I BatteryMgr:DataCollectionService: stats => 1701022870457,12512,4447,2136,4169000,100
11-26 19:21:10.474  1011  1189 I ASH     : @ 369722.646: tcs3701: stop power rail pending_off timer
11-26 19:21:10.474  1011  1189 D ASH     : @ 369722.646: tcs3701: start power rail timer, state:3
11-26 19:21:10.514  1011  1189 I ASH     : @ 369722.686: tcs3701: stop power rail pending_off timer
11-26 19:21:10.514  1011  1189 D ASH     : @ 369722.686: tcs3701: start power rail timer, state:3
11-26 19:21:10.554  1011  1189 I ASH     : @ 369722.726: tcs3701: stop power rail pending_off timer
11-26 19:21:10.554  1011  1189 D ASH     : @ 369722.726: tcs3701: start power rail timer, state:3
11-26 19:21:10.561  8427  8469 I BatteryMgr:DataCollectionService: stats => 1701022870561,12512,4447,2136,4169000,100
11-26 19:21:10.595  1011  1189 I ASH     : @ 369722.766: tcs3701: stop power rail pending_off timer
11-26 19:21:10.596  1011  1189 D ASH     : @ 369722.766: tcs3701: start power rail timer, state:3
11-26 19:21:10.634  1011  1189 I ASH     : @ 369722.806: tcs3701: stop power rail pending_off timer
11-26 19:21:10.634  1011  1189 D ASH     : @ 369722.806: tcs3701: start power rail timer, state:3
11-26 19:21:10.665  8427  8469 I BatteryMgr:DataCollectionService: stats => 1701022870665,12512,4447,2136,4169000,100
11-26 19:21:10.674  1011  1189 I ASH     : @ 369722.846: tcs3701: stop power rail pending_off timer
11-26 19:21:10.674  1011  1189 D ASH     : @ 369722.846: tcs3701: start power rail timer, state:3
11-26 19:21:10.714  1011  1189 I ASH     : @ 369722.886: tcs3701: stop power rail pending_off timer
11-26 19:21:10.715  1011  1189 D ASH     : @ 369722.886: tcs3701: start power rail timer, state:3
11-26 19:21:10.754  1011  1189 I ASH     : @ 369722.926: tcs3701: stop power rail pending_off timer
11-26 19:21:10.754  1011  1189 D ASH     : @ 369722.926: tcs3701: start power rail timer, state:3
11-26 19:21:10.770  8427  8469 I BatteryMgr:DataCollectionService: stats => 1701022870770,12512,4447,2136,4169000,100
11-26 19:21:10.794  1011  1189 I ASH     : @ 369722.966: tcs3701: stop power rail pending_off timer
11-26 19:21:10.794  1011  1189 D ASH     : @ 369722.966: tcs3701: start power rail timer, state:3
11-26 19:21:10.817  1795  2424 D WifiClientModeImpl[13802:wlan0]: updateLinkLayerStatsRssiSpeedFrequencyCapabilities rssi=-45 TxLinkspeed=866 freq=5240 RxLinkSpeed=866
11-26 19:21:10.818  1795  2424 D WifiDataStall: tx tput in kbps: 732717
11-26 19:21:10.818  1795  2424 D WifiDataStall: rx tput in kbps: 771281
11-26 19:21:10.818  1795  2424 V WifiConfigManager: Updating scan detail cache freq=5240 BSSID=f4:6d:2f:12:cc:88 RSSI=-44 for "ourhome"WPA_PSK
11-26 19:21:10.818  2782  5906 D QCNEJ/WlanStaInfoRelay: Received action: android.net.wifi.RSSI_CHANGED
11-26 19:21:10.818  2673 16646 V WifiManager: OnWifiUsabilityStatsListener: onWifiUsabilityStats: seqNum=94080
11-26 19:21:10.819  1795  2424 D WifiChannelUtilization:  freq: 5240 onTime: 10109954 busyTime: 908268 onTimeDiff: 462098 busyTimeDiff: 51782 utilization: 28 utilization t0: 22
11-26 19:21:10.819  1795  2424 D WifiDataStall:  ccaLevel = 28
11-26 19:21:10.819  1795  2424 D WifiDataStall: L2 txTputKbps: 771281, rxTputKbps: 771281, L3 txTputKbps: 17, rxTputKbps: 23, TxTrafficHigh: true, RxTrafficHigh: true, Throughput Sufficient: true
11-26 19:21:10.819  1795  2424 D WifiScoreReport: Wifi scoring disabled - Don't check IP layer
11-26 19:21:10.819  1795  3634 I WifiService: updateWifiUsabilityScore uid=10180 seqNum=94080 score=100 predictionHorizonSec=1441795
11-26 19:21:10.819  1795  2424 D WifiScoreCard: BSSID update SIGNAL_POLL ID: 1320464697 SSID: "ourhome", BSSID: f4:6d:2f:12:cc:88, MAC: b2:2f:ec:da:4a:0c, IP: /192.168.1.104, Security type: 2, Supplicant state: COMPLETED, Wi-Fi standard: 5, RSSI: -45, Link speed: 866Mbps, Tx Link speed: 866Mbps, Max Supported Tx Link speed: 866Mbps, Rx Link speed: 866Mbps, Max Supported Rx Link speed: 866Mbps, Frequency: 5240MHz, Net ID: 12, Metered hint: false, score: 60, isUsable: true, CarrierMerged: false, SubscriptionId: -1, IsPrimary: 1, Trusted: true, Restricted: false, Ephemeral: false, OEM paid: false, OEM private: false, OSU AP: false, FQDN: <none>, Provider friendly name: <none>, Requesting package name: <none>"ourhome"wpa2-pskMLO Information: , Is TID-To-Link negotiation supported by the AP: false, AP MLD Address: <none>, AP MLO Link Id: <none>, AP MLO Affiliated links: <none>
11-26 19:21:10.819  1795  2424 D WifiScoreCard: txRate: 6 txSpeed: 866
11-26 19:21:10.819  1795  2424 D WifiScoreCard: network update SIGNAL_POLL "ourhome" ID: 1499892569 RSSI -45 txSpeed 866
11-26 19:21:10.819  1795  2424 D WifiClientModeImpl[13802:wlan0]:  ClientModeImpl$L2ConnectedState screen=on 37 0 "ourhome" f4:6d:2f:12:cc:88 rssi=-45 f=5240 sc=60 link=866 tx=4.8, 0.2, 0.0 rx=3.4 bcn=3496430 [on:273 tx:2 rx:2 period:3015] from screen [on:473973 period:10436105] score=60
11-26 19:21:10.820  1795  2424 D WifiScoreReport: Wifi scoring disabled - Notify that Wifi is usable
11-26 19:21:10.824  1795  2432 D ConnectivityService: NetReassign [no changes] [c 0] [a 0] [i 3]
11-26 19:21:10.834  1011  1189 I ASH     : @ 369723.006: tcs3701: stop power rail pending_off timer
11-26 19:21:10.834  1011  1189 D ASH     : @ 369723.006: tcs3701: start power rail timer, state:3
11-26 19:21:10.855  1795  3634 D ActivityManager: freezer override set to true
11-26 19:21:10.874  1011  1189 I ASH     : @ 369723.046: tcs3701: stop power rail pending_off timer
11-26 19:21:10.874  1011  1189 D ASH     : @ 369723.046: tcs3701: start power rail timer, state:3
11-26 19:21:10.874  8427  8469 I BatteryMgr:DataCollectionService: stats => 1701022870874,12512,4447,2136,4169000,100
11-26 19:21:10.914  1011  1189 I ASH     : @ 369723.086: tcs3701: stop power rail pending_off timer
11-26 19:21:10.914  1011  1189 D ASH     : @ 369723.086: tcs3701: start power rail timer, state:3
11-26 19:21:10.954  1011  1189 I ASH     : @ 369723.126: tcs3701: stop power rail pending_off timer
11-26 19:21:10.954  1011  1189 D ASH     : @ 369723.126: tcs3701: start power rail timer, state:3
11-26 19:21:10.959 24521 24565 I m.chrome.canary: Explicit concurrent copying GC freed 3821(192KB) AllocSpace objects, 4(80KB) LOS objects, 75% free, 13MB/55MB, paused 81us,23us total 59.969ms
11-26 19:21:10.979  8427  8469 I BatteryMgr:DataCollectionService: stats => 1701022870979,12512,4447,2136,4169000,100
11-26 19:21:10.994  1011  1189 I ASH     : @ 369723.166: tcs3701: stop power rail pending_off timer
11-26 19:21:10.994  1011  1189 D ASH     : @ 369723.166: tcs3701: start power rail timer, state:3
11-26 19:21:11.023  1795  3634 D ActivityManager: freezer override set to false
11-26 19:21:11.034  1011  1189 I ASH     : @ 369723.206: tcs3701: stop power rail pending_off timer
11-26 19:21:11.034  1011  1189 D ASH     : @ 369723.206: tcs3701: start power rail timer, state:3
11-26 19:21:11.059  1795  3634 D ActivityManager: freezer override set to true
11-26 19:21:11.062  1795  3634 D ActivityManager: freezer override set to false
11-26 19:21:11.071  1795  3634 D ActivityManager: freezer override set to true
11-26 19:21:11.074  1011  1189 I ASH     : @ 369723.246: tcs3701: stop power rail pending_off timer
11-26 19:21:11.075  1011  1189 D ASH     : @ 369723.246: tcs3701: start power rail timer, state:3
11-26 19:21:11.076  1795  3634 D ActivityManager: freezer override set to false
11-26 19:21:11.083  8427  8469 I BatteryMgr:DataCollectionService: stats => 1701022871083,12512,4447,2136,4169000,100
11-26 19:21:11.098  1795  3634 D ActivityManager: freezer override set to true
11-26 19:21:11.100  1795  3634 D ActivityManager: freezer override set to false
11-26 19:21:11.114  1011  1189 I ASH     : @ 369723.286: tcs3701: stop power rail pending_off timer
11-26 19:21:11.114  1011  1189 D ASH     : @ 369723.286: tcs3701: start power rail timer, state:3
11-26 19:21:11.154  1011  1189 I ASH     : @ 369723.326: tcs3701: stop power rail pending_off timer
11-26 19:21:11.154  1011  1189 D ASH     : @ 369723.326: tcs3701: start power rail timer, state:3
11-26 19:21:11.188  8427  8469 I BatteryMgr:DataCollectionService: stats => 1701022871188,12512,4447,2136,4169000,100
11-26 19:21:11.194  1011  1189 I ASH     : @ 369723.366: tcs3701: stop power rail pending_off timer
11-26 19:21:11.194  1011  1189 D ASH     : @ 369723.366: tcs3701: start power rail timer, state:3
11-26 19:21:11.234  1011  1189 I ASH     : @ 369723.406: tcs3701: stop power rail pending_off timer
11-26 19:21:11.234  1011  1189 D ASH     : @ 369723.406: tcs3701: start power rail timer, state:3
11-26 19:21:11.274  1011  1189 I ASH     : @ 369723.446: tcs3701: stop power rail pending_off timer
11-26 19:21:11.274  1011  1189 D ASH     : @ 369723.446: tcs3701: start power rail timer, state:3
11-26 19:21:11.292  8427  8469 I BatteryMgr:DataCollectionService: stats => 1701022871292,12512,4447,2136,4169000,100
11-26 19:21:11.314  1011  1189 I ASH     : @ 369723.486: tcs3701: stop power rail pending_off timer
11-26 19:21:11.314  1011  1189 D ASH     : @ 369723.486: tcs3701: start power rail timer, state:3
11-26 19:21:11.354  1011  1189 I ASH     : @ 369723.526: tcs3701: stop power rail pending_off timer
11-26 19:21:11.354  1011  1189 D ASH     : @ 369723.526: tcs3701: start power rail timer, state:3
11-26 19:21:11.394  1011  1189 I ASH     : @ 369723.566: tcs3701: stop power rail pending_off timer
11-26 19:21:11.394  1011  1189 D ASH     : @ 369723.566: tcs3701: start power rail timer, state:3
11-26 19:21:11.396  8427  8469 I BatteryMgr:DataCollectionService: stats => 1701022871396,12512,4447,2136,4169000,100
11-26 19:21:11.434  1011  1189 I ASH     : @ 369723.606: tcs3701: stop power rail pending_off timer
11-26 19:21:11.434  1011  1189 D ASH     : @ 369723.606: tcs3701: start power rail timer, state:3
11-26 19:21:11.474  1011  1189 I ASH     : @ 369723.646: tcs3701: stop power rail pending_off timer
11-26 19:21:11.474  1011  1189 D ASH     : @ 369723.646: tcs3701: start power rail timer, state:3
11-26 19:21:11.503  8427  8469 I BatteryMgr:DataCollectionService: stats => 1701022871503,12512,4447,2136,4169000,100
11-26 19:21:11.514  1011  1189 I ASH     : @ 369723.686: tcs3701: stop power rail pending_off timer
11-26 19:21:11.514  1011  1189 D ASH     : @ 369723.686: tcs3701: start power rail timer, state:3
11-26 19:21:11.554  1011  1189 I ASH     : @ 369723.726: tcs3701: stop power rail pending_off timer
11-26 19:21:11.554  1011  1189 D ASH     : @ 369723.726: tcs3701: start power rail timer, state:3
11-26 19:21:11.594  1011  1189 I ASH     : @ 369723.766: tcs3701: stop power rail pending_off timer
11-26 19:21:11.594  1011  1189 D ASH     : @ 369723.766: tcs3701: start power rail timer, state:3
11-26 19:21:11.607  8427  8469 I BatteryMgr:DataCollectionService: stats => 1701022871607,12512,4447,2136,4169000,100
11-26 19:21:11.634  1011  1189 I ASH     : @ 369723.806: tcs3701: stop power rail pending_off timer
11-26 19:21:11.634  1011  1189 D ASH     : @ 369723.806: tcs3701: start power rail timer, state:3
11-26 19:21:11.674  1011  1189 I ASH     : @ 369723.846: tcs3701: stop power rail pending_off timer
11-26 19:21:11.674  1011  1189 D ASH     : @ 369723.846: tcs3701: start power rail timer, state:3
11-26 19:21:11.711  8427  8469 I BatteryMgr:DataCollectionService: stats => 1701022871711,12512,4447,2136,4169000,100
11-26 19:21:11.714  1011  1189 I ASH     : @ 369723.886: tcs3701: stop power rail pending_off timer
11-26 19:21:11.714  1011  1189 D ASH     : @ 369723.886: tcs3701: start power rail timer, state:3
11-26 19:21:11.754  1011  1189 I ASH     : @ 369723.926: tcs3701: stop power rail pending_off timer
11-26 19:21:11.754  1011  1189 D ASH     : @ 369723.926: tcs3701: start power rail timer, state:3
11-26 19:21:11.795  1011  1189 I ASH     : @ 369723.966: tcs3701: stop power rail pending_off timer
11-26 19:21:11.795  1011  1189 D ASH     : @ 369723.966: tcs3701: start power rail timer, state:3
11-26 19:21:11.816  8427  8469 I BatteryMgr:DataCollectionService: stats => 1701022871816,12512,4447,2136,4169000,100
11-26 19:21:11.834  1011  1189 I ASH     : @ 369724.006: tcs3701: stop power rail pending_off timer
11-26 19:21:11.834  1011  1189 D ASH     : @ 369724.006: tcs3701: start power rail timer, state:3
11-26 19:21:11.874  1011  1189 I ASH     : @ 369724.046: tcs3701: stop power rail pending_off timer
11-26 19:21:11.874  1011  1189 D ASH     : @ 369724.046: tcs3701: start power rail timer, state:3
11-26 19:21:11.914  1011  1189 I ASH     : @ 369724.086: tcs3701: stop power rail pending_off timer
11-26 19:21:11.914  1011  1189 D ASH     : @ 369724.086: tcs3701: start power rail timer, state:3
11-26 19:21:11.920  8427  8469 I BatteryMgr:DataCollectionService: stats => 1701022871920,12512,4447,2136,4169000,100
11-26 19:21:11.954  1011  1189 I ASH     : @ 369724.126: tcs3701: stop power rail pending_off timer
11-26 19:21:11.954  1011  1189 D ASH     : @ 369724.126: tcs3701: start power rail timer, state:3
11-26 19:21:11.994  1011  1189 I ASH     : @ 369724.166: tcs3701: stop power rail pending_off timer
11-26 19:21:11.994  1011  1189 D ASH     : @ 369724.166: tcs3701: start power rail timer, state:3
11-26 19:21:12.026  8427  8469 I BatteryMgr:DataCollectionService: stats => 1701022872026,12512,4447,2136,4169000,100
11-26 19:21:12.034  1011  1189 I ASH     : @ 369724.206: tcs3701: stop power rail pending_off timer
11-26 19:21:12.034  1011  1189 D ASH     : @ 369724.206: tcs3701: start power rail timer, state:3
11-26 19:21:12.070  1795  3634 D ActivityManager: freezer override set to true
11-26 19:21:12.073  1795  3634 D ActivityManager: freezer override set to false
11-26 19:21:12.075  1011  1189 I ASH     : @ 369724.246: tcs3701: stop power rail pending_off timer
11-26 19:21:12.075  1011  1189 D ASH     : @ 369724.246: tcs3701: start power rail timer, state:3
11-26 19:21:12.114  1011  1189 I ASH     : @ 369724.286: tcs3701: stop power rail pending_off timer
11-26 19:21:12.114  1011  1189 D ASH     : @ 369724.286: tcs3701: start power rail timer, state:3
11-26 19:21:12.130  8427  8469 I BatteryMgr:DataCollectionService: stats => 1701022872130,12512,4447,2136,4169000,100
11-26 19:21:12.154  1011  1189 I ASH     : @ 369724.326: tcs3701: stop power rail pending_off timer
11-26 19:21:12.154  1011  1189 D ASH     : @ 369724.326: tcs3701: start power rail timer, state:3
11-26 19:21:12.194  1011  1189 I ASH     : @ 369724.366: tcs3701: stop power rail pending_off timer
11-26 19:21:12.194  1011  1189 D ASH     : @ 369724.366: tcs3701: start power rail timer, state:3
11-26 19:21:12.218  1795  3634 D ActivityManager: freezer override set to true
11-26 19:21:12.234  1011  1189 I ASH     : @ 369724.406: tcs3701: stop power rail pending_off timer
11-26 19:21:12.234  1011  1189 D ASH     : @ 369724.406: tcs3701: start power rail timer, state:3
11-26 19:21:12.235  8427  8469 I BatteryMgr:DataCollectionService: stats => 1701022872235,12512,4447,2136,4169000,100
11-26 19:21:12.274  1011  1189 I ASH     : @ 369724.446: tcs3701: stop power rail pending_off timer
11-26 19:21:12.274  1011  1189 D ASH     : @ 369724.446: tcs3701: start power rail timer, state:3
11-26 19:21:12.314  1011  1189 I ASH     : @ 369724.486: tcs3701: stop power rail pending_off timer
11-26 19:21:12.314  1011  1189 D ASH     : @ 369724.486: tcs3701: start power rail timer, state:3
11-26 19:21:12.339  8427  8469 I BatteryMgr:DataCollectionService: stats => 1701022872339,12512,4447,2136,4169000,100
11-26 19:21:12.354  1011  1189 I ASH     : @ 369724.526: tcs3701: stop power rail pending_off timer
11-26 19:21:12.354  1011  1189 D ASH     : @ 369724.526: tcs3701: start power rail timer, state:3
11-26 19:21:12.394  1011  1189 I ASH     : @ 369724.566: tcs3701: stop power rail pending_off timer
11-26 19:21:12.394  1011  1189 D ASH     : @ 369724.566: tcs3701: start power rail timer, state:3
11-26 19:21:12.405 24521 24565 I m.chrome.canary: Explicit concurrent copying GC freed 4053(207KB) AllocSpace objects, 5(100KB) LOS objects, 75% free, 13MB/55MB, paused 41us,24us total 52.819ms
11-26 19:21:12.434  1011  1189 I ASH     : @ 369724.606: tcs3701: stop power rail pending_off timer
11-26 19:21:12.434  1011  1189 D ASH     : @ 369724.606: tcs3701: start power rail timer, state:3
11-26 19:21:12.445  8427  8469 I BatteryMgr:DataCollectionService: stats => 1701022872445,12512,4447,2136,4169000,100
11-26 19:21:12.455  2113  2118 I pixel-thermal: skin-therm-monitor: 39.491
11-26 19:21:12.468  1795  3634 D ActivityManager: freezer override set to false
11-26 19:21:12.474  1011  1189 I ASH     : @ 369724.646: tcs3701: stop power rail pending_off timer
11-26 19:21:12.474  1011  1189 D ASH     : @ 369724.646: tcs3701: start power rail timer, state:3
11-26 19:21:12.498  1795  3634 D ActivityManager: freezer override set to true
11-26 19:21:12.501  1795  3634 D ActivityManager: freezer override set to false
11-26 19:21:12.514  1011  1189 I ASH     : @ 369724.686: tcs3701: stop power rail pending_off timer
11-26 19:21:12.514  1011  1189 D ASH     : @ 369724.686: tcs3701: start power rail timer, state:3
11-26 19:21:12.545  1795  3634 D ActivityManager: freezer override set to true
11-26 19:21:12.548  1795  3634 D ActivityManager: freezer override set to false
11-26 19:21:12.551  8427  8469 I BatteryMgr:DataCollectionService: stats => 1701022872551,12512,4447,2136,4169000,100
11-26 19:21:12.555  1011  1189 I ASH     : @ 369724.726: tcs3701: stop power rail pending_off timer
11-26 19:21:12.555  1011  1189 D ASH     : @ 369724.726: tcs3701: start power rail timer, state:3
11-26 19:21:12.594  1011  1189 I ASH     : @ 369724.766: tcs3701: stop power rail pending_off timer
11-26 19:21:12.594  1011  1189 D ASH     : @ 369724.766: tcs3701: start power rail timer, state:3
11-26 19:21:12.634  1011  1189 I ASH     : @ 369724.806: tcs3701: stop power rail pending_off timer
11-26 19:21:12.634  1011  1189 D ASH     : @ 369724.806: tcs3701: start power rail timer, state:3
11-26 19:21:12.656  8427  8469 I BatteryMgr:DataCollectionService: stats => 1701022872656,12512,4447,2136,4169000,100
11-26 19:21:12.674  1011  1189 I ASH     : @ 369724.846: tcs3701: stop power rail pending_off timer
11-26 19:21:12.674  1011  1189 D ASH     : @ 369724.846: tcs3701: start power rail timer, state:3
11-26 19:21:12.714  1011  1189 I ASH     : @ 369724.886: tcs3701: stop power rail pending_off timer
11-26 19:21:12.714  1011  1189 D ASH     : @ 369724.886: tcs3701: start power rail timer, state:3
11-26 19:21:12.754  1011  1189 I ASH     : @ 369724.926: tcs3701: stop power rail pending_off timer
11-26 19:21:12.754  1011  1189 D ASH     : @ 369724.926: tcs3701: start power rail timer, state:3
11-26 19:21:12.761  8427  8469 I BatteryMgr:DataCollectionService: stats => 1701022872761,12512,4447,2136,4169000,100
11-26 19:21:12.794  1011  1189 I ASH     : @ 369724.966: tcs3701: stop power rail pending_off timer
11-26 19:21:12.794  1011  1189 D ASH     : @ 369724.966: tcs3701: start power rail timer, state:3
11-26 19:21:12.834  1011  1189 I ASH     : @ 369725.006: tcs3701: stop power rail pending_off timer
11-26 19:21:12.834  1011  1189 D ASH     : @ 369725.006: tcs3701: start power rail timer, state:3
11-26 19:21:12.865  8427  8469 I BatteryMgr:DataCollectionService: stats => 1701022872865,12512,4447,2136,4169000,100
11-26 19:21:12.875  1011  1189 I ASH     : @ 369725.046: tcs3701: stop power rail pending_off timer
11-26 19:21:12.875  1011  1189 D ASH     : @ 369725.046: tcs3701: start power rail timer, state:3
11-26 19:21:12.914  1011  1189 I ASH     : @ 369725.086: tcs3701: stop power rail pending_off timer
11-26 19:21:12.914  1011  1189 D ASH     : @ 369725.086: tcs3701: start power rail timer, state:3
11-26 19:21:12.954  1011  1189 I ASH     : @ 369725.126: tcs3701: stop power rail pending_off timer
11-26 19:21:12.954  1011  1189 D ASH     : @ 369725.126: tcs3701: start power rail timer, state:3
11-26 19:21:12.969  8427  8469 I BatteryMgr:DataCollectionService: stats => 1701022872969,12512,4447,2136,4169000,100
11-26 19:21:12.994  1011  1189 I ASH     : @ 369725.166: tcs3701: stop power rail pending_off timer
11-26 19:21:12.994  1011  1189 D ASH     : @ 369725.166: tcs3701: start power rail timer, state:3
11-26 19:21:13.034  1011  1189 I ASH     : @ 369725.206: tcs3701: stop power rail pending_off timer
11-26 19:21:13.035  1011  1189 D ASH     : @ 369725.206: tcs3701: start power rail timer, state:3
11-26 19:21:13.071  1795  3807 D ActivityManager: freezer override set to true
11-26 19:21:13.074  8427  8469 I BatteryMgr:DataCollectionService: stats => 1701022873073,12512,4447,2136,4169000,100
11-26 19:21:13.074  1011  1189 I ASH     : @ 369725.246: tcs3701: stop power rail pending_off timer
11-26 19:21:13.074  1011  1189 D ASH     : @ 369725.246: tcs3701: start power rail timer, state:3
11-26 19:21:13.076  1795  3807 D ActivityManager: freezer override set to false
11-26 19:21:13.114  1011  1189 I ASH     : @ 369725.286: tcs3701: stop power rail pending_off timer
11-26 19:21:13.114  1011  1189 D ASH     : @ 369725.286: tcs3701: start power rail timer, state:3
11-26 19:21:13.154  1011  1189 I ASH     : @ 369725.326: tcs3701: stop power rail pending_off timer
11-26 19:21:13.154  1011  1189 D ASH     : @ 369725.326: tcs3701: start power rail timer, state:3
11-26 19:21:13.178  8427  8469 I BatteryMgr:DataCollectionService: stats => 1701022873178,12512,4447,2136,4169000,100
11-26 19:21:13.194  1011  1189 I ASH     : @ 369725.366: tcs3701: stop power rail pending_off timer
11-26 19:21:13.194  1011  1189 D ASH     : @ 369725.366: tcs3701: start power rail timer, state:3
11-26 19:21:13.234  1011  1189 I ASH     : @ 369725.406: tcs3701: stop power rail pending_off timer
11-26 19:21:13.235  1011  1189 D ASH     : @ 369725.406: tcs3701: start power rail timer, state:3
11-26 19:21:13.274  1011  1189 I ASH     : @ 369725.446: tcs3701: stop power rail pending_off timer
11-26 19:21:13.274  1011  1189 D ASH     : @ 369725.446: tcs3701: start power rail timer, state:3
11-26 19:21:13.281  8427  8469 I BatteryMgr:DataCollectionService: stats => 1701022873281,12512,4447,2136,4169000,100
11-26 19:21:13.314  1011  1189 I ASH     : @ 369725.486: tcs3701: stop power rail pending_off timer
11-26 19:21:13.314  1011  1189 D ASH     : @ 369725.486: tcs3701: start power rail timer, state:3
11-26 19:21:13.354  1011  1189 I ASH     : @ 369725.526: tcs3701: stop power rail pending_off timer
11-26 19:21:13.354  1011  1189 D ASH     : @ 369725.526: tcs3701: start power rail timer, state:3
11-26 19:21:13.386  8427  8469 I BatteryMgr:DataCollectionService: stats => 1701022873386,12512,4447,2136,4169000,100
11-26 19:21:13.394  1011  1189 I ASH     : @ 369725.566: tcs3701: stop power rail pending_off timer
11-26 19:21:13.394  1011  1189 D ASH     : @ 369725.566: tcs3701: start power rail timer, state:3
11-26 19:21:13.434  1011  1189 I ASH     : @ 369725.606: tcs3701: stop power rail pending_off timer
11-26 19:21:13.435  1011  1189 D ASH     : @ 369725.606: tcs3701: start power rail timer, state:3
11-26 19:21:13.474  1011  1189 I ASH     : @ 369725.646: tcs3701: stop power rail pending_off timer
11-26 19:21:13.474  1011  1189 D ASH     : @ 369725.646: tcs3701: start power rail timer, state:3
11-26 19:21:13.490  8427  8469 I BatteryMgr:DataCollectionService: stats => 1701022873490,12512,4447,2136,4169000,100
11-26 19:21:13.514  1011  1189 I ASH     : @ 369725.686: tcs3701: stop power rail pending_off timer
11-26 19:21:13.514  1011  1189 D ASH     : @ 369725.686: tcs3701: start power rail timer, state:3
11-26 19:21:13.554  1011  1189 I ASH     : @ 369725.726: tcs3701: stop power rail pending_off timer
11-26 19:21:13.554  1011  1189 D ASH     : @ 369725.726: tcs3701: start power rail timer, state:3
11-26 19:21:13.594  1011  1189 I ASH     : @ 369725.766: tcs3701: stop power rail pending_off timer
11-26 19:21:13.594  1011  1189 D ASH     : @ 369725.766: tcs3701: start power rail timer, state:3
11-26 19:21:13.596  8427  8469 I BatteryMgr:DataCollectionService: stats => 1701022873596,12512,4447,2136,4169000,100
11-26 19:21:13.634  1011  1189 I ASH     : @ 369725.806: tcs3701: stop power rail pending_off timer
11-26 19:21:13.634  1011  1189 D ASH     : @ 369725.806: tcs3701: start power rail timer, state:3
11-26 19:21:13.668  1795  3807 D ActivityManager: freezer override set to true
11-26 19:21:13.674  1011  1189 I ASH     : @ 369725.846: tcs3701: stop power rail pending_off timer
11-26 19:21:13.674  1011  1189 D ASH     : @ 369725.846: tcs3701: start power rail timer, state:3
11-26 19:21:13.688 26837 18179 I NearbySharing: Advertising has stopped [CONTEXT service_id=194 ]
11-26 19:21:13.688 26837 26883 I NearbyConnections: Client 24536523 requested advertising to stop.
11-26 19:21:13.691  2746  2759 I bt_stack: [INFO:le_advertising_manager.cc(68)] Unregister in shim layer
11-26 19:21:13.692 26837 25282 I NearbySharing: (REDACTED) Failed to log %s, due to checkbox consent is not opt in.
11-26 19:21:13.692   996   996 D vendor.qti.bluetooth@1.0-uart_transport: SocRxDWakeup: Flow off->Change UART baudrate to 38.4kbs->send 0x00->Change UART baudrate to max->Flow on
11-26 19:21:13.692   996   996 I vendor.qti.bluetooth@1.0-uart_transport: ## userial_vendor_ioctl: UART Flow Off 
11-26 19:21:13.692 26837 18176 I NearbyMediums: Unable to stop the advertisement GATT server because it's not running.
11-26 19:21:13.692 26837 18176 I NearbyMediums: Successfully stopped BLE advertising for service NearbySharing
11-26 19:21:13.692 26837 18176 I NearbyMediums: Can't stop accepting BLE connections because it was never started, service-id=NearbySharing
11-26 19:21:13.693 26837 18176 D BluetoothSocket: close() this: XX:XX:XX:47:18:B4, channel: 26, mSocketIS: android.net.LocalSocketImpl$SocketInputStream@904b5ce, mSocketOS: android.net.LocalSocketImpl$SocketOutputStream@1ba5cef, mSocket: android.net.LocalSocket@48493fc impl:android.net.LocalSocketImpl@271fa85 fd:java.io.FileDescriptor@cba60da, mSocketState: LISTENING
11-26 19:21:13.693 26837 18176 I NearbyMediums: Stopped accepting Bluetooth Classic connections for NearbySharing.
11-26 19:21:13.693  2746  3472 I bt_btif_sock: packages/modules/Bluetooth/system/btif/src/btif_sock.cc:155 btif_sock_connection_logger: address=00:00:00:00:00:00, role=5, state=1
11-26 19:21:13.693 26837 18176 I NearbyMediums: Can't stop LAN advertising because we're not currently advertising.
11-26 19:21:13.693  2746  3472 I bt_bta_dm: packages/modules/Bluetooth/system/bta/dm/bta_dm_act.cc:2975 bta_dm_set_eir: Generating extended inquiry response packet EIR
11-26 19:21:13.693 26837   910 D BluetoothSocket: close() this: XX:XX:XX:47:18:B4, channel: 26, mSocketIS: android.net.LocalSocketImpl$SocketInputStream@904b5ce, mSocketOS: android.net.LocalSocketImpl$SocketOutputStream@1ba5cef, mSocket: null, mSocketState: CLOSED
11-26 19:21:13.693 26837 18176 I NearbyMediums: Can't stop accepting Wifi connections because it was never started.
11-26 19:21:13.693 26837 18176 I NearbyMediums: Can't stop WiFi Aware publishing because it was never started.
11-26 19:21:13.693  2746  3468 I bt_stack: [INFO:port_api.cc(293)] RFCOMM_RemoveServer: handle=21
11-26 19:21:13.693 26837 18176 I NearbyMediums: Can't stop accepting WiFi connections because it was never started.
11-26 19:21:13.693 26837 18176 I NearbyMediums: Can't stop NFC advertising because it was never started.
11-26 19:21:13.693 26837 18176 I NearbyMediums: Skipping stop accepting connections: we are not currently accepting WebRTC connections for NearbySharing.
11-26 19:21:13.695 26837 18176 I Nearby  : (REDACTED) Successfully shutdown executor %s.
11-26 19:21:13.700  8427  8469 I BatteryMgr:DataCollectionService: stats => 1701022873700,12512,4447,2136,4169000,100
11-26 19:21:13.703   996   996 I vendor.qti.bluetooth@1.0-uart_transport: ## userial_vendor_set_baud: 17
11-26 19:21:13.703 26837 18179 I NearbySharing: (REDACTED) Start advertising with mode %s certificate visibility %s data usage preference %s, and bt advertising %s
11-26 19:21:13.704 26837 18179 I NearbySharing: (REDACTED) Advertising has started with mode %s, Bt enabled : %s
11-26 19:21:13.705 26837 25282 I NearbySharing: NearbyConnectionsManager cleared incoming payload tracking [CONTEXT service_id=194 ]
11-26 19:21:13.714   996   996 I vendor.qti.bluetooth@1.0-uart_transport: SetBaudRate: in BOTHER
11-26 19:21:13.714   996   996 I vendor.qti.bluetooth@1.0-uart_transport: ## userial_vendor_ioctl: UART Flow On 
11-26 19:21:13.714  1011  1189 I ASH     : @ 369725.886: tcs3701: stop power rail pending_off timer
11-26 19:21:13.714  1011  1189 D ASH     : @ 369725.886: tcs3701: start power rail timer, state:3
11-26 19:21:13.714   996  3425 I vendor.qti.bluetooth@1.0-ibs_handler: ProcessIbsCmd: Received IBS_WAKE_ACK: 0xFC
11-26 19:21:13.715   996  3425 I vendor.qti.bluetooth@1.0-ibs_handler: ProcessIbsCmd: Signal wack_cond_
11-26 19:21:13.715   996  3425 I vendor.qti.bluetooth@1.0-ibs_handler: ProcessIbsCmd: Received IBS_WAKE_ACK: 0xFC
11-26 19:21:13.715   996  3425 I vendor.qti.bluetooth@1.0-ibs_handler: ProcessIbsCmd: Signal wack_cond_
11-26 19:21:13.715   996   996 D vendor.qti.bluetooth@1.0-ibs_handler: DeviceWakeUp: Unblocked from waiting for FC
11-26 19:21:13.715  2746  3170 I bluetooth: packages/modules/Bluetooth/system/gd/hci/le_address_manager.cc:190 unregister_client: Client unregistered
11-26 19:21:13.720 26837 25282 I NearbySharing: (REDACTED) Loading certificates with visibility %s
11-26 19:21:13.720 26837 25282 I NearbySharing: (REDACTED) Saving the private certificate to file %s.
11-26 19:21:13.721 26837 25282 I NearbySharing: (REDACTED) Created endpointInfo: %s
11-26 19:21:13.721  1795  3634 I WifiService: getWifiEnabledState uid=10158 state=3
11-26 19:21:13.722 26837 25282 I NearbySharing: (REDACTED) Started advertising with power level = %s and isAllowGattConnections = %s and advertising mediums %s.
11-26 19:21:13.722 26837 26883 I NearbyConnections: Client 24536523 requested advertising to start.
11-26 19:21:13.724 26837   910 I Nearby  : (REDACTED) Note nearby client %s for operation %s
11-26 19:21:13.725 26837   910 I NearbyConnections: Generated local endpoint id 2EYK for client 24536523
11-26 19:21:13.725 26837   910 I NearbyConnections: In startBleAdvertising([ 0x32 0xde 0x62 0x1c 0x9b 0x20 0x74 0x49 0x06 0x81 0x48 0x66 0xd1 0xb2 0x76 0x87 0x86 ]), client 24536523 not allowed to listen for incoming BLE connections to ServiceID NearbySharing
11-26 19:21:13.730  2746  2759 I bt_btif_sock: packages/modules/Bluetooth/system/btif/src/btif_sock.cc:155 btif_sock_connection_logger: address=00:00:00:00:00:00, role=1, state=1
11-26 19:21:13.731  2746  2759 I bt_btif_sock_rfcomm: packages/modules/Bluetooth/system/btif/src/btif_sock_rfc.cc:306 btsock_rfc_listen: Adding listening socket service_name: NearbySharing - channel: -1
11-26 19:21:13.731  2746  3468 I bt_bta_dm: packages/modules/Bluetooth/system/bta/dm/bta_dm_act.cc:2975 bta_dm_set_eir: Generating extended inquiry response packet EIR
11-26 19:21:13.731  2746  3468 I bt_stack: [INFO:port_api.cc(220)] RFCOMM_CreateConnectionWithSecurity: bd_addr=ff:ff:ff:ff:ff:ff, scn=27, is_server=1, mtu=990, uuid=000000, dlci=54, signal_state=0x0b, p_port=0x6ffaf68778
11-26 19:21:13.731  2746  3468 I bt_btif_sock: packages/modules/Bluetooth/system/btif/src/btif_sock.cc:155 btif_sock_connection_logger: address=00:00:00:00:00:00, role=1, state=1
11-26 19:21:13.732 26837   910 I NearbyMediums: Started accepting Bluetooth Classic connections for NearbySharing.
11-26 19:21:13.732 26837  5817 D BluetoothSocket: accept(), timeout (ms):-1
11-26 19:21:13.736 26837   910 D BluetoothAdapter: isLeEnabled(): ON
11-26 19:21:13.737 26837   910 D BluetoothAdapter: isLeEnabled(): ON
11-26 19:21:13.739  2746  3491 I bt_stack: [INFO:le_advertising_manager.cc(172)] StartAdvertisingSet in shim layer
11-26 19:21:13.740  2746  3170 I bluetooth: packages/modules/Bluetooth/system/gd/hci/le_address_manager.cc:175 register_client: Client registered
11-26 19:21:13.740  2746  3491 I bt_stack: [INFO:le_advertising_manager.cc(230)] create advertising set, reg_id:-465, id:0
11-26 19:21:13.741  2746  3170 I bluetooth: packages/modules/Bluetooth/system/gd/hci/le_advertising_manager.cc:1368 on_set_advertising_set_random_address_complete: update random address for advertising set 0 : 73:84:d2:52:ce:76
11-26 19:21:13.745 26837   910 I NearbyMediums: Started fast BLE advertisement with: { mode: legacy, txPowerLevel: MEDIUM, advertiseMode: BALANCED}
11-26 19:21:13.745 26837   910 I NearbyMediums: Successfully started BLE advertising of size 23 for service NearbySharing, deviceToken : [ 0x71 0x68 ].
11-26 19:21:13.747 26837 25282 I NearbySharing: (REDACTED) Successfully started advertising over Nearby Connections: %s, %s, %s
11-26 19:21:13.748 26837 18176 I NearbySharing: (REDACTED) Failed to log %s, due to checkbox consent is not opt in.
11-26 19:21:13.754  1011  1189 I ASH     : @ 369725.926: tcs3701: stop power rail pending_off timer
11-26 19:21:13.754  1011  1189 D ASH     : @ 369725.926: tcs3701: start power rail timer, state:3
11-26 19:21:13.794  1011  1189 I ASH     : @ 369725.966: tcs3701: stop power rail pending_off timer
11-26 19:21:13.794  1011  1189 D ASH     : @ 369725.966: tcs3701: start power rail timer, state:3
11-26 19:21:13.807  8427  8469 I BatteryMgr:DataCollectionService: stats => 1701022873807,12512,4447,2136,4169000,100
11-26 19:21:13.820 24521 24565 I m.chrome.canary: Explicit concurrent copying GC freed 3840(192KB) AllocSpace objects, 4(80KB) LOS objects, 75% free, 13MB/55MB, paused 73us,23us total 61.577ms
11-26 19:21:13.833  1795  2424 D WifiClientModeImpl[13802:wlan0]: updateLinkLayerStatsRssiSpeedFrequencyCapabilities rssi=-45 TxLinkspeed=866 freq=5240 RxLinkSpeed=866
11-26 19:21:13.833  1795  2424 D WifiDataStall: tx tput in kbps: 771281
11-26 19:21:13.833  1795  2424 D WifiDataStall: rx tput in kbps: 771281
11-26 19:21:13.833  1795  2424 V WifiConfigManager: Updating scan detail cache freq=5240 BSSID=f4:6d:2f:12:cc:88 RSSI=-44 for "ourhome"WPA_PSK
11-26 19:21:13.834  1795  2424 D WifiChannelUtilization:  freq: 5240 onTime: 10110108 busyTime: 908276 onTimeDiff: 462252 busyTimeDiff: 51790 utilization: 28 utilization t0: 22
11-26 19:21:13.834  1795  2424 D WifiDataStall:  ccaLevel = 28
11-26 19:21:13.834  1795  2424 D WifiDataStall: L2 txTputKbps: 771281, rxTputKbps: 771281, L3 txTputKbps: 117, rxTputKbps: 29, TxTrafficHigh: true, RxTrafficHigh: true, Throughput Sufficient: true
11-26 19:21:13.834  2673 16646 V WifiManager: OnWifiUsabilityStatsListener: onWifiUsabilityStats: seqNum=94081
11-26 19:21:13.834  1795  2424 D WifiScoreReport: Wifi scoring disabled - Don't check IP layer
11-26 19:21:13.834  1011  1189 I ASH     : @ 369726.006: tcs3701: stop power rail pending_off timer
11-26 19:21:13.834  1011  1189 D ASH     : @ 369726.006: tcs3701: start power rail timer, state:3
11-26 19:21:13.834  1795  2424 D WifiScoreCard: BSSID update SIGNAL_POLL ID: 1320464697 SSID: "ourhome", BSSID: f4:6d:2f:12:cc:88, MAC: b2:2f:ec:da:4a:0c, IP: /192.168.1.104, Security type: 2, Supplicant state: COMPLETED, Wi-Fi standard: 5, RSSI: -45, Link speed: 866Mbps, Tx Link speed: 866Mbps, Max Supported Tx Link speed: 866Mbps, Rx Link speed: 866Mbps, Max Supported Rx Link speed: 866Mbps, Frequency: 5240MHz, Net ID: 12, Metered hint: false, score: 60, isUsable: true, CarrierMerged: false, SubscriptionId: -1, IsPrimary: 1, Trusted: true, Restricted: false, Ephemeral: false, OEM paid: false, OEM private: false, OSU AP: false, FQDN: <none>, Provider friendly name: <none>, Requesting package name: <none>"ourhome"wpa2-pskMLO Information: , Is TID-To-Link negotiation supported by the AP: false, AP MLD Address: <none>, AP MLO Link Id: <none>, AP MLO Affiliated links: <none>
11-26 19:21:13.834  1795  2424 D WifiScoreCard: txRate: 6 txSpeed: 866
11-26 19:21:13.834  1795  2424 D WifiScoreCard: network update SIGNAL_POLL "ourhome" ID: 1499892569 RSSI -45 txSpeed 866
11-26 19:21:13.834  1795  2424 D WifiClientModeImpl[13802:wlan0]:  ClientModeImpl$L2ConnectedState screen=on 37 0 "ourhome" f4:6d:2f:12:cc:88 rssi=-45 f=5240 sc=60 link=866 tx=5.5, 0.0, 0.0 rx=5.2 bcn=3496459 [on:154 tx:3 rx:1 period:3015] from screen [on:474127 period:10439120] score=60
11-26 19:21:13.835  1795  3634 I WifiService: updateWifiUsabilityScore uid=10180 seqNum=94081 score=100 predictionHorizonSec=1441795
11-26 19:21:13.836  1795  2424 D WifiScoreReport: Wifi scoring disabled - Notify that Wifi is usable
11-26 19:21:13.839  1795  2432 D ConnectivityService: NetReassign [no changes] [c 0] [a 0] [i 2]
11-26 19:21:13.874  1011  1189 I ASH     : @ 369726.046: tcs3701: stop power rail pending_off timer
11-26 19:21:13.874  1011  1189 D ASH     : @ 369726.046: tcs3701: start power rail timer, state:3
11-26 19:21:13.883  1795  3807 D ActivityManager: freezer override set to false
11-26 19:21:13.911  8427  8469 I BatteryMgr:DataCollectionService: stats => 1701022873911,12512,4447,2136,4169000,100
11-26 19:21:13.914  1011  1189 I ASH     : @ 369726.086: tcs3701: stop power rail pending_off timer
11-26 19:21:13.914  1011  1189 D ASH     : @ 369726.086: tcs3701: start power rail timer, state:3
11-26 19:21:13.926  1795  3807 D ActivityManager: freezer override set to true
11-26 19:21:13.929  1795  3807 D ActivityManager: freezer override set to false
11-26 19:21:13.954  1011  1189 I ASH     : @ 369726.126: tcs3701: stop power rail pending_off timer
11-26 19:21:13.954  1011  1189 D ASH     : @ 369726.126: tcs3701: start power rail timer, state:3
11-26 19:21:13.967  1795  3807 D ActivityManager: freezer override set to true
11-26 19:21:13.970  1795  3807 D ActivityManager: freezer override set to false
11-26 19:21:13.994  1011  1189 I ASH     : @ 369726.166: tcs3701: stop power rail pending_off timer
11-26 19:21:13.994  1011  1189 D ASH     : @ 369726.166: tcs3701: start power rail timer, state:3
11-26 19:21:14.017  8427  8469 I BatteryMgr:DataCollectionService: stats => 1701022874017,12512,4447,2136,4169000,100
11-26 19:21:14.034  1011  1189 I ASH     : @ 369726.206: tcs3701: stop power rail pending_off timer
11-26 19:21:14.034  1011  1189 D ASH     : @ 369726.206: tcs3701: start power rail timer, state:3
11-26 19:21:14.072  1795  3807 D ActivityManager: freezer override set to true
11-26 19:21:14.074  1011  1189 I ASH     : @ 369726.246: tcs3701: stop power rail pending_off timer
11-26 19:21:14.074  1011  1189 D ASH     : @ 369726.246: tcs3701: start power rail timer, state:3
11-26 19:21:14.076  1795  3807 D ActivityManager: freezer override set to false
11-26 19:21:14.115  1011  1189 I ASH     : @ 369726.286: tcs3701: stop power rail pending_off timer
11-26 19:21:14.115  1011  1189 D ASH     : @ 369726.286: tcs3701: start power rail timer, state:3
11-26 19:21:14.121  8427  8469 I BatteryMgr:DataCollectionService: stats => 1701022874121,12512,4447,2136,4169000,100
11-26 19:21:14.154  1011  1189 I ASH     : @ 369726.326: tcs3701: stop power rail pending_off timer
11-26 19:21:14.154  1011  1189 D ASH     : @ 369726.326: tcs3701: start power rail timer, state:3
11-26 19:21:14.194  1011  1189 I ASH     : @ 369726.366: tcs3701: stop power rail pending_off timer
11-26 19:21:14.194  1011  1189 D ASH     : @ 369726.366: tcs3701: start power rail timer, state:3
11-26 19:21:14.226  8427  8469 I BatteryMgr:DataCollectionService: stats => 1701022874226,12512,4447,2136,4169000,100
11-26 19:21:14.234  1011  1189 I ASH     : @ 369726.406: tcs3701: stop power rail pending_off timer
11-26 19:21:14.234  1011  1189 D ASH     : @ 369726.406: tcs3701: start power rail timer, state:3
11-26 19:21:14.274  1011  1189 I ASH     : @ 369726.446: tcs3701: stop power rail pending_off timer
11-26 19:21:14.274  1011  1189 D ASH     : @ 369726.446: tcs3701: start power rail timer, state:3
11-26 19:21:14.314  1011  1189 I ASH     : @ 369726.486: tcs3701: stop power rail pending_off timer
11-26 19:21:14.314  1011  1189 D ASH     : @ 369726.486: tcs3701: start power rail timer, state:3
11-26 19:21:14.331  8427  8469 I BatteryMgr:DataCollectionService: stats => 1701022874331,12512,4447,2136,4169000,100
11-26 19:21:14.354  1011  1189 I ASH     : @ 369726.526: tcs3701: stop power rail pending_off timer
11-26 19:21:14.354  1011  1189 D ASH     : @ 369726.526: tcs3701: start power rail timer, state:3
11-26 19:21:14.394  1011  1189 I ASH     : @ 369726.566: tcs3701: stop power rail pending_off timer
11-26 19:21:14.394  1011  1189 D ASH     : @ 369726.566: tcs3701: start power rail timer, state:3
11-26 19:21:14.434  1011  1189 I ASH     : @ 369726.606: tcs3701: stop power rail pending_off timer
11-26 19:21:14.434  1011  1189 D ASH     : @ 369726.606: tcs3701: start power rail timer, state:3
11-26 19:21:14.435  8427  8469 I BatteryMgr:DataCollectionService: stats => 1701022874435,12512,4447,2136,4169000,100
11-26 19:21:14.458  2113  2118 I pixel-thermal: skin-therm-monitor: 39.514
11-26 19:21:14.474  1011  1189 I ASH     : @ 369726.646: tcs3701: stop power rail pending_off timer
11-26 19:21:14.474  1011  1189 D ASH     : @ 369726.646: tcs3701: start power rail timer, state:3
11-26 19:21:14.515  1011  1189 I ASH     : @ 369726.686: tcs3701: stop power rail pending_off timer
11-26 19:21:14.515  1011  1189 D ASH     : @ 369726.686: tcs3701: start power rail timer, state:3
11-26 19:21:14.539  8427  8469 I BatteryMgr:DataCollectionService: stats => 1701022874539,12512,4447,2136,4169000,100
11-26 19:21:14.554  1011  1189 I ASH     : @ 369726.726: tcs3701: stop power rail pending_off timer
11-26 19:21:14.554  1011  1189 D ASH     : @ 369726.726: tcs3701: start power rail timer, state:3
11-26 19:21:14.594  1011  1189 I ASH     : @ 369726.766: tcs3701: stop power rail pending_off timer
11-26 19:21:14.595  1011  1189 D ASH     : @ 369726.766: tcs3701: start power rail timer, state:3
11-26 19:21:14.634  1011  1189 I ASH     : @ 369726.806: tcs3701: stop power rail pending_off timer
11-26 19:21:14.634  1011  1189 D ASH     : @ 369726.806: tcs3701: start power rail timer, state:3
11-26 19:21:14.643  8427  8469 I BatteryMgr:DataCollectionService: stats => 1701022874643,12512,4447,2136,4169000,100
11-26 19:21:14.674  1011  1189 I ASH     : @ 369726.846: tcs3701: stop power rail pending_off timer
11-26 19:21:14.674  1011  1189 D ASH     : @ 369726.846: tcs3701: start power rail timer, state:3
11-26 19:21:14.714  1011  1189 I ASH     : @ 369726.886: tcs3701: stop power rail pending_off timer
11-26 19:21:14.714  1011  1189 D ASH     : @ 369726.886: tcs3701: start power rail timer, state:3
11-26 19:21:14.748  8427  8469 I BatteryMgr:DataCollectionService: stats => 1701022874748,12512,4447,2136,4169000,100
