11-26 19:10:48.795  1011  1189 D ASH     : @ 369100.966: tcs3701: start power rail timer, state:3
11-26 19:10:48.807  8427  8467 I BatteryMgr:DataCollectionService: stats => 1701022248807,13122,4447,2136,4169000,100
11-26 19:10:48.819  2113  2118 I pixel-thermal: skin-therm-monitor: 40.861
11-26 19:10:48.820  2113  2118 I pixel-thermal: panel-audio-therm: 40.865
11-26 19:10:48.834  1011  1189 I ASH     : @ 369101.006: tcs3701: stop power rail pending_off timer
11-26 19:10:48.834  1011  1189 D ASH     : @ 369101.006: tcs3701: start power rail timer, state:3
11-26 19:10:48.871  8122  8178 I m.chrome.canary: Explicit concurrent copying GC freed 4053(207KB) AllocSpace objects, 5(100KB) LOS objects, 75% free, 14MB/56MB, paused 42us,50us total 70.799ms
11-26 19:10:48.874  1011  1189 I ASH     : @ 369101.046: tcs3701: stop power rail pending_off timer
11-26 19:10:48.874  1011  1189 D ASH     : @ 369101.046: tcs3701: start power rail timer, state:3
11-26 19:10:48.913  8427  8467 I BatteryMgr:DataCollectionService: stats => 1701022248913,13122,4447,2136,4169000,100
11-26 19:10:48.914  1011  1189 I ASH     : @ 369101.086: tcs3701: stop power rail pending_off timer
11-26 19:10:48.914  1011  1189 D ASH     : @ 369101.086: tcs3701: start power rail timer, state:3
11-26 19:10:48.952  1795  3807 D ActivityManager: freezer override set to false
11-26 19:10:48.954  1011  1189 I ASH     : @ 369101.126: tcs3701: stop power rail pending_off timer
11-26 19:10:48.954  1011  1189 D ASH     : @ 369101.126: tcs3701: start power rail timer, state:3
11-26 19:10:48.988  1795  3807 D ActivityManager: freezer override set to true
11-26 19:10:48.991  1795  3807 D ActivityManager: freezer override set to false
11-26 19:10:48.993  1011  1189 I ASH     : @ 369101.166: tcs3701: stop power rail pending_off timer
11-26 19:10:48.994  1011  1189 D ASH     : @ 369101.166: tcs3701: start power rail timer, state:3
11-26 19:10:49.019  8427  8467 I BatteryMgr:DataCollectionService: stats => 1701022249019,13122,4447,2136,4169000,100
11-26 19:10:49.026  1795  3807 D ActivityManager: freezer override set to true
11-26 19:10:49.028  1795  3807 D ActivityManager: freezer override set to false
11-26 19:10:49.034  1011  1189 I ASH     : @ 369101.206: tcs3701: stop power rail pending_off timer
11-26 19:10:49.034  1011  1189 D ASH     : @ 369101.206: tcs3701: start power rail timer, state:3
11-26 19:10:49.074  1011  1189 I ASH     : @ 369101.246: tcs3701: stop power rail pending_off timer
11-26 19:10:49.074  1011  1189 D ASH     : @ 369101.246: tcs3701: start power rail timer, state:3
11-26 19:10:49.114  1011  1189 I ASH     : @ 369101.286: tcs3701: stop power rail pending_off timer
11-26 19:10:49.114  1011  1189 D ASH     : @ 369101.286: tcs3701: start power rail timer, state:3
11-26 19:10:49.126  8427  8467 I BatteryMgr:DataCollectionService: stats => 1701022249126,13122,4447,2136,4169000,100
11-26 19:10:49.153  1011  1189 I ASH     : @ 369101.326: tcs3701: stop power rail pending_off timer
11-26 19:10:49.154  1011  1189 D ASH     : @ 369101.326: tcs3701: start power rail timer, state:3
11-26 19:10:49.194  1011  1189 I ASH     : @ 369101.366: tcs3701: stop power rail pending_off timer
11-26 19:10:49.194  1011  1189 D ASH     : @ 369101.366: tcs3701: start power rail timer, state:3
11-26 19:10:49.232  8427  8467 I BatteryMgr:DataCollectionService: stats => 1701022249232,13122,4447,2136,4169000,100
11-26 19:10:49.233  1011  1189 I ASH     : @ 369101.406: tcs3701: stop power rail pending_off timer
11-26 19:10:49.234  1011  1189 D ASH     : @ 369101.406: tcs3701: start power rail timer, state:3
11-26 19:10:49.274  1011  1189 I ASH     : @ 369101.446: tcs3701: stop power rail pending_off timer
11-26 19:10:49.274  1011  1189 D ASH     : @ 369101.446: tcs3701: start power rail timer, state:3
11-26 19:10:49.314  1011  1189 I ASH     : @ 369101.486: tcs3701: stop power rail pending_off timer
11-26 19:10:49.314  1011  1189 D ASH     : @ 369101.486: tcs3701: start power rail timer, state:3
11-26 19:10:49.339  8427  8467 I BatteryMgr:DataCollectionService: stats => 1701022249339,13122,4447,2136,4169000,100
11-26 19:10:49.354  1011  1189 I ASH     : @ 369101.526: tcs3701: stop power rail pending_off timer
11-26 19:10:49.354  1011  1189 D ASH     : @ 369101.526: tcs3701: start power rail timer, state:3
11-26 19:10:49.394  1011  1189 I ASH     : @ 369101.566: tcs3701: stop power rail pending_off timer
11-26 19:10:49.394  1011  1189 D ASH     : @ 369101.566: tcs3701: start power rail timer, state:3
11-26 19:10:49.434  1011  1189 I ASH     : @ 369101.606: tcs3701: stop power rail pending_off timer
11-26 19:10:49.434  1011  1189 D ASH     : @ 369101.606: tcs3701: start power rail timer, state:3
11-26 19:10:49.447  8427  8467 I BatteryMgr:DataCollectionService: stats => 1701022249447,13122,4447,2136,4169000,100
11-26 19:10:49.474  1011  1189 I ASH     : @ 369101.646: tcs3701: stop power rail pending_off timer
11-26 19:10:49.474  1011  1189 D ASH     : @ 369101.646: tcs3701: start power rail timer, state:3
11-26 19:10:49.514  1011  1189 I ASH     : @ 369101.686: tcs3701: stop power rail pending_off timer
11-26 19:10:49.514  1011  1189 D ASH     : @ 369101.686: tcs3701: start power rail timer, state:3
11-26 19:10:49.553  8427  8467 I BatteryMgr:DataCollectionService: stats => 1701022249553,13122,4447,2136,4169000,100
11-26 19:10:49.555  1011  1189 I ASH     : @ 369101.726: tcs3701: stop power rail pending_off timer
11-26 19:10:49.555  1011  1189 D ASH     : @ 369101.726: tcs3701: start power rail timer, state:3
11-26 19:10:49.569  1795  3807 D ActivityManager: freezer override set to true
11-26 19:10:49.576  1795  3807 D ActivityManager: freezer override set to false
11-26 19:10:49.591  1795  2424 D WifiClientModeImpl[13802:wlan0]: updateLinkLayerStatsRssiSpeedFrequencyCapabilities rssi=-46 TxLinkspeed=866 freq=5240 RxLinkSpeed=866
11-26 19:10:49.593  1795  2424 D WifiDataStall: tx tput in kbps: 732717
11-26 19:10:49.593  1795  2424 D WifiDataStall: rx tput in kbps: 771281
11-26 19:10:49.593  1795  2424 V WifiConfigManager: Updating scan detail cache freq=5240 BSSID=f4:6d:2f:12:cc:88 RSSI=-47 for "ourhome"WPA_PSK
11-26 19:10:49.593  1795  2424 D WifiChannelUtilization:  freq: 5240 onTime: 10083183 busyTime: 904749 onTimeDiff: 435327 busyTimeDiff: 48263 utilization: 28 utilization t0: 22
11-26 19:10:49.593  2782  5906 D QCNEJ/WlanStaInfoRelay: Received action: android.net.wifi.RSSI_CHANGED
11-26 19:10:49.593  1795  2424 D WifiDataStall:  ccaLevel = 28
11-26 19:10:49.593  1795  2424 D WifiDataStall: L2 txTputKbps: 732717, rxTputKbps: 771281, L3 txTputKbps: 0, rxTputKbps: 0, TxTrafficHigh: false, RxTrafficHigh: false, Throughput Sufficient: true
11-26 19:10:49.593  2673 16647 V WifiManager: OnWifiUsabilityStatsListener: onWifiUsabilityStats: seqNum=93874
11-26 19:10:49.593  1795  2424 D WifiScoreReport: Wifi scoring disabled - Don't check IP layer
11-26 19:10:49.594  1795  2424 D WifiScoreCard: BSSID update SIGNAL_POLL ID: 1320464697 SSID: "ourhome", BSSID: f4:6d:2f:12:cc:88, MAC: b2:2f:ec:da:4a:0c, IP: /192.168.1.104, Security type: 2, Supplicant state: COMPLETED, Wi-Fi standard: 5, RSSI: -46, Link speed: 866Mbps, Tx Link speed: 866Mbps, Max Supported Tx Link speed: 866Mbps, Rx Link speed: 866Mbps, Max Supported Rx Link speed: 866Mbps, Frequency: 5240MHz, Net ID: 12, Metered hint: false, score: 60, isUsable: true, CarrierMerged: false, SubscriptionId: -1, IsPrimary: 1, Trusted: true, Restricted: false, Ephemeral: false, OEM paid: false, OEM private: false, OSU AP: false, FQDN: <none>, Provider friendly name: <none>, Requesting package name: <none>"ourhome"wpa2-pskMLO Information: , Is TID-To-Link negotiation supported by the AP: false, AP MLD Address: <none>, AP MLO Link Id: <none>, AP MLO Affiliated links: <none>
11-26 19:10:49.594  1795  2424 D WifiScoreCard: txRate: 1 txSpeed: 866
11-26 19:10:49.594  1795  2424 D WifiScoreCard: network update SIGNAL_POLL "ourhome" ID: 1499892569 RSSI -46 txSpeed -1
11-26 19:10:49.594  1795  3807 I WifiService: updateWifiUsabilityScore uid=10180 seqNum=93874 score=100 predictionHorizonSec=1441795
11-26 19:10:49.594  1011  1189 I ASH     : @ 369101.766: tcs3701: stop power rail pending_off timer
11-26 19:10:49.594  1011  1189 D ASH     : @ 369101.766: tcs3701: start power rail timer, state:3
11-26 19:10:49.594  2513  4457 V WifiManager: TrafficStateCallbackProxy: onStateChanged state=0
11-26 19:10:49.595  1000  1009 D ContextHubHal: Got message from nanoapp: ID 0x476f6f676c001016
11-26 19:10:49.595   995  2335 I CapoDetector: handleNanoappMessage, Id 5147455389092024342, type 32771, size 1
11-26 19:10:49.595  1795  2424 D WifiClientModeImpl[13802:wlan0]:  ClientModeImpl$L2ConnectedState screen=on 37 0 "ourhome" f4:6d:2f:12:cc:88 rssi=-46 f=5240 sc=60 link=866 tx=0.0, 0.0, 0.0 rx=0.0 bcn=3490378 [on:0 tx:0 rx:0 period:3017] from screen [on:447202 period:9814881] score=60
11-26 19:10:49.596  1795  2424 D WifiScoreReport: Wifi scoring disabled - Notify that Wifi is usable
11-26 19:10:49.598  1045  1045 I vendor.google.wifi_ext@1.0-service-vendor: Wifi: Reseting SAR Scenario to default
11-26 19:10:49.598  1795  2432 D ConnectivityService: NetReassign [no changes] [c 1] [a 0] [i 2]
11-26 19:10:49.599  2826  2826 D GRIL-S  : [0982]> UPDATE_DEVICE_STATE DeviceState: Usb:1, Wifi: 1, Wifi AP: 0, Earpiece: 0, Bluetooth: 1, Wireless charging: 0, Screen: 1, Camera: 0, 0, -, -, Motion: 0, Bluetooth tethering: 0, Voice: 0, Wifi 2.4G: 0, Radio: 0, Bluetooth connected: 0, Bluetooth media: 0, Wifi Band: 2, Wifi AP Band: 0, Wifi call: 0, mmWave: 0, mCellBackhaul: 0, mHallSensor: 0
11-26 19:10:49.601  2826  3551 D GRIL-S  : [0982]< UPDATE_DEVICE_STATE 
11-26 19:10:49.602  2673  2720 I SconeBluetoothSarContro: No config
11-26 19:10:49.634  1011  1189 I ASH     : @ 369101.806: tcs3701: stop power rail pending_off timer
11-26 19:10:49.634  1011  1189 D ASH     : @ 369101.806: tcs3701: start power rail timer, state:3
11-26 19:10:49.659  8427  8467 I BatteryMgr:DataCollectionService: stats => 1701022249659,13122,4447,2136,4169000,100
11-26 19:10:49.674  1011  1189 I ASH     : @ 369101.846: tcs3701: stop power rail pending_off timer
11-26 19:10:49.674  1011  1189 D ASH     : @ 369101.846: tcs3701: start power rail timer, state:3
11-26 19:10:49.714  1011  1189 I ASH     : @ 369101.886: tcs3701: stop power rail pending_off timer
11-26 19:10:49.714  1011  1189 D ASH     : @ 369101.886: tcs3701: start power rail timer, state:3
11-26 19:10:49.754  1011  1189 I ASH     : @ 369101.926: tcs3701: stop power rail pending_off timer
11-26 19:10:49.754  1011  1189 D ASH     : @ 369101.926: tcs3701: start power rail timer, state:3
11-26 19:10:49.766  8427  8467 I BatteryMgr:DataCollectionService: stats => 1701022249766,13122,4447,2136,4169000,100
11-26 19:10:49.794  1011  1189 I ASH     : @ 369101.966: tcs3701: stop power rail pending_off timer
11-26 19:10:49.794  1011  1189 D ASH     : @ 369101.966: tcs3701: start power rail timer, state:3
11-26 19:10:49.834  1011  1189 I ASH     : @ 369102.006: tcs3701: stop power rail pending_off timer
11-26 19:10:49.834  1011  1189 D ASH     : @ 369102.006: tcs3701: start power rail timer, state:3
11-26 19:10:49.872  8427  8467 I BatteryMgr:DataCollectionService: stats => 1701022249872,13122,4447,2136,4169000,100
11-26 19:10:49.874  1011  1189 I ASH     : @ 369102.046: tcs3701: stop power rail pending_off timer
11-26 19:10:49.874  1011  1189 D ASH     : @ 369102.046: tcs3701: start power rail timer, state:3
11-26 19:10:49.914  1011  1189 I ASH     : @ 369102.086: tcs3701: stop power rail pending_off timer
11-26 19:10:49.914  1011  1189 D ASH     : @ 369102.086: tcs3701: start power rail timer, state:3
11-26 19:10:49.954  1011  1189 I ASH     : @ 369102.126: tcs3701: stop power rail pending_off timer
11-26 19:10:49.954  1011  1189 D ASH     : @ 369102.126: tcs3701: start power rail timer, state:3
11-26 19:10:49.979  8427  8467 I BatteryMgr:DataCollectionService: stats => 1701022249979,13122,4447,2136,4169000,100
11-26 19:10:49.994  1011  1189 I ASH     : @ 369102.166: tcs3701: stop power rail pending_off timer
11-26 19:10:49.994  1011  1189 D ASH     : @ 369102.166: tcs3701: start power rail timer, state:3
11-26 19:10:50.034  1011  1189 I ASH     : @ 369102.206: tcs3701: stop power rail pending_off timer
11-26 19:10:50.034  1011  1189 D ASH     : @ 369102.206: tcs3701: start power rail timer, state:3
11-26 19:10:50.073  1011  1189 I ASH     : @ 369102.246: tcs3701: stop power rail pending_off timer
11-26 19:10:50.074  1011  1189 D ASH     : @ 369102.246: tcs3701: start power rail timer, state:3
11-26 19:10:50.085  8427  8467 I BatteryMgr:DataCollectionService: stats => 1701022250085,13122,4447,2136,4169000,100
11-26 19:10:50.113  1011  1189 I ASH     : @ 369102.286: tcs3701: stop power rail pending_off timer
11-26 19:10:50.114  1011  1189 D ASH     : @ 369102.286: tcs3701: start power rail timer, state:3
11-26 19:10:50.154  1011  1189 I ASH     : @ 369102.326: tcs3701: stop power rail pending_off timer
11-26 19:10:50.154  1011  1189 D ASH     : @ 369102.326: tcs3701: start power rail timer, state:3
11-26 19:10:50.193  1011  1189 I ASH     : @ 369102.366: tcs3701: stop power rail pending_off timer
11-26 19:10:50.194  1011  1189 D ASH     : @ 369102.366: tcs3701: start power rail timer, state:3
11-26 19:10:50.194  8427  8467 I BatteryMgr:DataCollectionService: stats => 1701022250194,13122,4447,2136,4169000,100
11-26 19:10:50.217  1795  1854 D ActivityManager: freezer override set to true
11-26 19:10:50.233  1011  1189 I ASH     : @ 369102.406: tcs3701: stop power rail pending_off timer
11-26 19:10:50.234  1011  1189 D ASH     : @ 369102.406: tcs3701: start power rail timer, state:3
11-26 19:10:50.274  1011  1189 I ASH     : @ 369102.446: tcs3701: stop power rail pending_off timer
11-26 19:10:50.274  1011  1189 D ASH     : @ 369102.446: tcs3701: start power rail timer, state:3
11-26 19:10:50.298  8427  8467 I BatteryMgr:DataCollectionService: stats => 1701022250298,13122,4447,2136,4169000,100
11-26 19:10:50.314  1011  1189 I ASH     : @ 369102.486: tcs3701: stop power rail pending_off timer
11-26 19:10:50.314  1011  1189 D ASH     : @ 369102.486: tcs3701: start power rail timer, state:3
11-26 19:10:50.354  1011  1189 I ASH     : @ 369102.526: tcs3701: stop power rail pending_off timer
11-26 19:10:50.354  1011  1189 D ASH     : @ 369102.526: tcs3701: start power rail timer, state:3
11-26 19:10:50.368  8122  8178 I m.chrome.canary: Explicit concurrent copying GC freed 3845(192KB) AllocSpace objects, 4(80KB) LOS objects, 75% free, 14MB/56MB, paused 35us,24us total 60.460ms
11-26 19:10:50.394  1011  1189 I ASH     : @ 369102.566: tcs3701: stop power rail pending_off timer
11-26 19:10:50.394  1011  1189 D ASH     : @ 369102.566: tcs3701: start power rail timer, state:3
11-26 19:10:50.405  8427  8467 I BatteryMgr:DataCollectionService: stats => 1701022250405,13122,4447,2136,4169000,100
11-26 19:10:50.434  1011  1189 I ASH     : @ 369102.606: tcs3701: stop power rail pending_off timer
11-26 19:10:50.434  1011  1189 D ASH     : @ 369102.606: tcs3701: start power rail timer, state:3
11-26 19:10:50.441  1795  1854 D ActivityManager: freezer override set to false
11-26 19:10:50.474  1011  1189 I ASH     : @ 369102.646: tcs3701: stop power rail pending_off timer
11-26 19:10:50.474  1011  1189 D ASH     : @ 369102.646: tcs3701: start power rail timer, state:3
11-26 19:10:50.494  1795  1854 D ActivityManager: freezer override set to true
11-26 19:10:50.496  1795  1854 D ActivityManager: freezer override set to false
11-26 19:10:50.510  8427  8467 I BatteryMgr:DataCollectionService: stats => 1701022250510,13122,4447,2136,4169000,100
11-26 19:10:50.514  1011  1189 I ASH     : @ 369102.686: tcs3701: stop power rail pending_off timer
11-26 19:10:50.514  1011  1189 D ASH     : @ 369102.686: tcs3701: start power rail timer, state:3
11-26 19:10:50.532  1795  1854 D ActivityManager: freezer override set to true
11-26 19:10:50.534  1795  1854 D ActivityManager: freezer override set to false
11-26 19:10:50.554  1011  1189 I ASH     : @ 369102.726: tcs3701: stop power rail pending_off timer
11-26 19:10:50.554  1011  1189 D ASH     : @ 369102.726: tcs3701: start power rail timer, state:3
11-26 19:10:50.593  1795  1854 D ActivityManager: freezer override set to true
11-26 19:10:50.594  1011  1189 I ASH     : @ 369102.766: tcs3701: stop power rail pending_off timer
11-26 19:10:50.594  1011  1189 D ASH     : @ 369102.766: tcs3701: start power rail timer, state:3
11-26 19:10:50.598  1795  1854 D ActivityManager: freezer override set to false
11-26 19:10:50.618  8427  8467 I BatteryMgr:DataCollectionService: stats => 1701022250618,13122,4447,2136,4169000,100
11-26 19:10:50.634  1011  1189 I ASH     : @ 369102.806: tcs3701: stop power rail pending_off timer
11-26 19:10:50.634  1011  1189 D ASH     : @ 369102.806: tcs3701: start power rail timer, state:3
11-26 19:10:50.674  1011  1189 I ASH     : @ 369102.846: tcs3701: stop power rail pending_off timer
11-26 19:10:50.674  1011  1189 D ASH     : @ 369102.846: tcs3701: start power rail timer, state:3
11-26 19:10:50.713  1011  1189 I ASH     : @ 369102.886: tcs3701: stop power rail pending_off timer
11-26 19:10:50.714  1011  1189 D ASH     : @ 369102.886: tcs3701: start power rail timer, state:3
11-26 19:10:50.725  8427  8467 I BatteryMgr:DataCollectionService: stats => 1701022250725,13122,4447,2136,4169000,100
11-26 19:10:50.754  1011  1189 I ASH     : @ 369102.926: tcs3701: stop power rail pending_off timer
11-26 19:10:50.754  1011  1189 D ASH     : @ 369102.926: tcs3701: start power rail timer, state:3
11-26 19:10:50.794  1011  1189 I ASH     : @ 369102.966: tcs3701: stop power rail pending_off timer
11-26 19:10:50.794  1011  1189 D ASH     : @ 369102.966: tcs3701: start power rail timer, state:3
11-26 19:10:50.823  2113  2118 I pixel-thermal: skin-therm-monitor: 40.876
11-26 19:10:50.824  2113  2118 I pixel-thermal: panel-audio-therm: 40.88
11-26 19:10:50.831  8427  8467 I BatteryMgr:DataCollectionService: stats => 1701022250830,13122,4447,2136,4169000,100
11-26 19:10:50.834  1011  1189 I ASH     : @ 369103.006: tcs3701: stop power rail pending_off timer
11-26 19:10:50.834  1011  1189 D ASH     : @ 369103.006: tcs3701: start power rail timer, state:3
11-26 19:10:50.873  1011  1189 I ASH     : @ 369103.046: tcs3701: stop power rail pending_off timer
11-26 19:10:50.874  1011  1189 D ASH     : @ 369103.046: tcs3701: start power rail timer, state:3
11-26 19:10:50.914  1011  1189 I ASH     : @ 369103.086: tcs3701: stop power rail pending_off timer
11-26 19:10:50.914  1011  1189 D ASH     : @ 369103.086: tcs3701: start power rail timer, state:3
11-26 19:10:50.936  8427  8467 I BatteryMgr:DataCollectionService: stats => 1701022250936,13122,4447,2136,4169000,100
11-26 19:10:50.954  1011  1189 I ASH     : @ 369103.126: tcs3701: stop power rail pending_off timer
11-26 19:10:50.954  1011  1189 D ASH     : @ 369103.126: tcs3701: start power rail timer, state:3
11-26 19:10:50.994  1011  1189 I ASH     : @ 369103.166: tcs3701: stop power rail pending_off timer
11-26 19:10:50.994  1011  1189 D ASH     : @ 369103.166: tcs3701: start power rail timer, state:3
11-26 19:10:51.033  1011  1189 I ASH     : @ 369103.206: tcs3701: stop power rail pending_off timer
11-26 19:10:51.034  1011  1189 D ASH     : @ 369103.206: tcs3701: start power rail timer, state:3
11-26 19:10:51.043  8427  8467 I BatteryMgr:DataCollectionService: stats => 1701022251042,13122,4447,2136,4169000,100
11-26 19:10:51.074  1011  1189 I ASH     : @ 369103.246: tcs3701: stop power rail pending_off timer
11-26 19:10:51.074  1011  1189 D ASH     : @ 369103.246: tcs3701: start power rail timer, state:3
11-26 19:10:51.113  1011  1189 I ASH     : @ 369103.286: tcs3701: stop power rail pending_off timer
11-26 19:10:51.114  1011  1189 D ASH     : @ 369103.286: tcs3701: start power rail timer, state:3
11-26 19:10:51.149  8427  8467 I BatteryMgr:DataCollectionService: stats => 1701022251149,13122,4447,2136,4169000,100
11-26 19:10:51.154  1011  1189 I ASH     : @ 369103.326: tcs3701: stop power rail pending_off timer
11-26 19:10:51.154  1011  1189 D ASH     : @ 369103.326: tcs3701: start power rail timer, state:3
11-26 19:10:51.193  1011  1189 I ASH     : @ 369103.366: tcs3701: stop power rail pending_off timer
11-26 19:10:51.193  1011  1189 D ASH     : @ 369103.366: tcs3701: start power rail timer, state:3
11-26 19:10:51.235  1011  1189 I ASH     : @ 369103.406: tcs3701: stop power rail pending_off timer
11-26 19:10:51.235  1011  1189 D ASH     : @ 369103.406: tcs3701: start power rail timer, state:3
11-26 19:10:51.255  8427  8467 I BatteryMgr:DataCollectionService: stats => 1701022251255,13122,4447,2136,4169000,100
11-26 19:10:51.274  1011  1189 I ASH     : @ 369103.446: tcs3701: stop power rail pending_off timer
11-26 19:10:51.274  1011  1189 D ASH     : @ 369103.446: tcs3701: start power rail timer, state:3
11-26 19:10:51.314  1011  1189 I ASH     : @ 369103.486: tcs3701: stop power rail pending_off timer
11-26 19:10:51.314  1011  1189 D ASH     : @ 369103.486: tcs3701: start power rail timer, state:3
11-26 19:10:51.354  1011  1189 I ASH     : @ 369103.526: tcs3701: stop power rail pending_off timer
11-26 19:10:51.354  1011  1189 D ASH     : @ 369103.526: tcs3701: start power rail timer, state:3
11-26 19:10:51.362  8427  8467 I BatteryMgr:DataCollectionService: stats => 1701022251362,13122,4447,2136,4169000,100
11-26 19:10:51.394  1011  1189 I ASH     : @ 369103.566: tcs3701: stop power rail pending_off timer
11-26 19:10:51.394  1011  1189 D ASH     : @ 369103.566: tcs3701: start power rail timer, state:3
11-26 19:10:51.434  1011  1189 I ASH     : @ 369103.606: tcs3701: stop power rail pending_off timer
11-26 19:10:51.434  1011  1189 D ASH     : @ 369103.606: tcs3701: start power rail timer, state:3
11-26 19:10:51.470  8427  8467 I BatteryMgr:DataCollectionService: stats => 1701022251470,13122,4447,2136,4169000,100
11-26 19:10:51.474  1011  1189 I ASH     : @ 369103.646: tcs3701: stop power rail pending_off timer
11-26 19:10:51.474  1011  1189 D ASH     : @ 369103.646: tcs3701: start power rail timer, state:3
11-26 19:10:51.518  1011  1189 I ASH     : @ 369103.686: tcs3701: stop power rail pending_off timer
11-26 19:10:51.518  1011  1189 D ASH     : @ 369103.686: tcs3701: start power rail timer, state:3
11-26 19:10:51.554  1011  1189 I ASH     : @ 369103.726: tcs3701: stop power rail pending_off timer
11-26 19:10:51.554  1011  1189 D ASH     : @ 369103.726: tcs3701: start power rail timer, state:3
11-26 19:10:51.579  8427  8467 I BatteryMgr:DataCollectionService: stats => 1701022251579,13122,4447,2136,4169000,100
11-26 19:10:51.583  1795  3759 D ActivityManager: freezer override set to true
11-26 19:10:51.587  1795  3759 D ActivityManager: freezer override set to false
11-26 19:10:51.593  1011  1189 I ASH     : @ 369103.766: tcs3701: stop power rail pending_off timer
11-26 19:10:51.594  1011  1189 D ASH     : @ 369103.766: tcs3701: start power rail timer, state:3
11-26 19:10:51.634  1011  1189 I ASH     : @ 369103.806: tcs3701: stop power rail pending_off timer
11-26 19:10:51.634  1011  1189 D ASH     : @ 369103.806: tcs3701: start power rail timer, state:3
11-26 19:10:51.673  1011  1189 I ASH     : @ 369103.846: tcs3701: stop power rail pending_off timer
11-26 19:10:51.674  1011  1189 D ASH     : @ 369103.846: tcs3701: start power rail timer, state:3
11-26 19:10:51.687  8427  8467 I BatteryMgr:DataCollectionService: stats => 1701022251687,13122,4447,2136,4169000,100
11-26 19:10:51.707  1795  3759 D ActivityManager: freezer override set to true
11-26 19:10:51.713  1011  1189 I ASH     : @ 369103.886: tcs3701: stop power rail pending_off timer
11-26 19:10:51.714  1011  1189 D ASH     : @ 369103.886: tcs3701: start power rail timer, state:3
11-26 19:10:51.754  1011  1189 I ASH     : @ 369103.926: tcs3701: stop power rail pending_off timer
11-26 19:10:51.754  1011  1189 D ASH     : @ 369103.926: tcs3701: start power rail timer, state:3
11-26 19:10:51.793  8427  8467 I BatteryMgr:DataCollectionService: stats => 1701022251793,13122,4447,2136,4169000,100
11-26 19:10:51.793  1011  1189 I ASH     : @ 369103.966: tcs3701: stop power rail pending_off timer
11-26 19:10:51.794  1011  1189 D ASH     : @ 369103.966: tcs3701: start power rail timer, state:3
11-26 19:10:51.828  8122  8178 I m.chrome.canary: Explicit concurrent copying GC freed 4052(207KB) AllocSpace objects, 5(100KB) LOS objects, 75% free, 14MB/56MB, paused 33us,23us total 70.065ms
11-26 19:10:51.834  1011  1189 I ASH     : @ 369104.006: tcs3701: stop power rail pending_off timer
11-26 19:10:51.834  1011  1189 D ASH     : @ 369104.006: tcs3701: start power rail timer, state:3
11-26 19:10:51.873  1011  1189 I ASH     : @ 369104.046: tcs3701: stop power rail pending_off timer
11-26 19:10:51.874  1011  1189 D ASH     : @ 369104.046: tcs3701: start power rail timer, state:3
11-26 19:10:51.900  8427  8467 I BatteryMgr:DataCollectionService: stats => 1701022251900,13122,4447,2136,4169000,100
11-26 19:10:51.901  1795  3759 D ActivityManager: freezer override set to false
11-26 19:10:51.914  1011  1189 I ASH     : @ 369104.086: tcs3701: stop power rail pending_off timer
11-26 19:10:51.914  1011  1189 D ASH     : @ 369104.086: tcs3701: start power rail timer, state:3
11-26 19:10:51.945  1795  3759 D ActivityManager: freezer override set to true
11-26 19:10:51.946  1795  3759 D ActivityManager: freezer override set to false
11-26 19:10:51.954  1011  1189 I ASH     : @ 369104.126: tcs3701: stop power rail pending_off timer
11-26 19:10:51.954  1011  1189 D ASH     : @ 369104.126: tcs3701: start power rail timer, state:3
11-26 19:10:51.979  1795  3759 D ActivityManager: freezer override set to true
11-26 19:10:51.982  1795  3759 D ActivityManager: freezer override set to false
11-26 19:10:51.993  1011  1189 I ASH     : @ 369104.166: tcs3701: stop power rail pending_off timer
11-26 19:10:51.994  1011  1189 D ASH     : @ 369104.166: tcs3701: start power rail timer, state:3
11-26 19:10:52.007  8427  8467 I BatteryMgr:DataCollectionService: stats => 1701022252007,13122,4447,2136,4169000,100
11-26 19:10:52.034  1011  1189 I ASH     : @ 369104.206: tcs3701: stop power rail pending_off timer
11-26 19:10:52.034  1011  1189 D ASH     : @ 369104.206: tcs3701: start power rail timer, state:3
11-26 19:10:52.073  1011  1189 I ASH     : @ 369104.246: tcs3701: stop power rail pending_off timer
11-26 19:10:52.074  1011  1189 D ASH     : @ 369104.246: tcs3701: start power rail timer, state:3
11-26 19:10:52.114  8427  8467 I BatteryMgr:DataCollectionService: stats => 1701022252114,13122,4447,2136,4169000,100
11-26 19:10:52.115  1011  1189 I ASH     : @ 369104.286: tcs3701: stop power rail pending_off timer
11-26 19:10:52.115  1011  1189 D ASH     : @ 369104.286: tcs3701: start power rail timer, state:3
11-26 19:10:52.154  1011  1189 I ASH     : @ 369104.326: tcs3701: stop power rail pending_off timer
11-26 19:10:52.154  1011  1189 D ASH     : @ 369104.326: tcs3701: start power rail timer, state:3
11-26 19:10:52.193  1011  1189 I ASH     : @ 369104.366: tcs3701: stop power rail pending_off timer
11-26 19:10:52.194  1011  1189 D ASH     : @ 369104.366: tcs3701: start power rail timer, state:3
11-26 19:10:52.222  8427  8467 I BatteryMgr:DataCollectionService: stats => 1701022252222,13122,4447,2136,4169000,100
11-26 19:10:52.234  1011  1189 I ASH     : @ 369104.406: tcs3701: stop power rail pending_off timer
11-26 19:10:52.234  1011  1189 D ASH     : @ 369104.406: tcs3701: start power rail timer, state:3
11-26 19:10:52.274  1011  1189 I ASH     : @ 369104.446: tcs3701: stop power rail pending_off timer
11-26 19:10:52.274  1011  1189 D ASH     : @ 369104.446: tcs3701: start power rail timer, state:3
11-26 19:10:52.315  1011  1189 I ASH     : @ 369104.486: tcs3701: stop power rail pending_off timer
11-26 19:10:52.315  1011  1189 D ASH     : @ 369104.486: tcs3701: start power rail timer, state:3
11-26 19:10:52.329  8427  8467 I BatteryMgr:DataCollectionService: stats => 1701022252329,13122,4447,2136,4169000,100
11-26 19:10:52.354  1011  1189 I ASH     : @ 369104.526: tcs3701: stop power rail pending_off timer
11-26 19:10:52.354  1011  1189 D ASH     : @ 369104.526: tcs3701: start power rail timer, state:3
11-26 19:10:52.394  1011  1189 I ASH     : @ 369104.566: tcs3701: stop power rail pending_off timer
11-26 19:10:52.394  1011  1189 D ASH     : @ 369104.566: tcs3701: start power rail timer, state:3
11-26 19:10:52.434  1011  1189 I ASH     : @ 369104.606: tcs3701: stop power rail pending_off timer
11-26 19:10:52.434  1011  1189 D ASH     : @ 369104.606: tcs3701: start power rail timer, state:3
11-26 19:10:52.436  8427  8467 I BatteryMgr:DataCollectionService: stats => 1701022252436,13122,4447,2136,4169000,100
11-26 19:10:52.474  1011  1189 I ASH     : @ 369104.646: tcs3701: stop power rail pending_off timer
11-26 19:10:52.474  1011  1189 D ASH     : @ 369104.646: tcs3701: start power rail timer, state:3
11-26 19:10:52.514  1011  1189 I ASH     : @ 369104.686: tcs3701: stop power rail pending_off timer
11-26 19:10:52.514  1011  1189 D ASH     : @ 369104.686: tcs3701: start power rail timer, state:3
11-26 19:10:52.544  8427  8467 I BatteryMgr:DataCollectionService: stats => 1701022252544,13122,4447,2136,4169000,100
11-26 19:10:52.554  1011  1189 I ASH     : @ 369104.726: tcs3701: stop power rail pending_off timer
11-26 19:10:52.554  1011  1189 D ASH     : @ 369104.726: tcs3701: start power rail timer, state:3
11-26 19:10:52.574  1795  3759 D ActivityManager: freezer override set to true
11-26 19:10:52.579  1795  3759 D ActivityManager: freezer override set to false
11-26 19:10:52.594  1011  1189 I ASH     : @ 369104.766: tcs3701: stop power rail pending_off timer
11-26 19:10:52.594  1011  1189 D ASH     : @ 369104.766: tcs3701: start power rail timer, state:3
11-26 19:10:52.609  1795  2424 D WifiClientModeImpl[13802:wlan0]: updateLinkLayerStatsRssiSpeedFrequencyCapabilities rssi=-47 TxLinkspeed=866 freq=5240 RxLinkSpeed=6
11-26 19:10:52.610  1795  2424 D WifiDataStall: tx tput in kbps: 732717
11-26 19:10:52.610  1795  2424 D WifiDataStall: rx tput in kbps: 771281
11-26 19:10:52.610  1795  2424 V WifiConfigManager: Updating scan detail cache freq=5240 BSSID=f4:6d:2f:12:cc:88 RSSI=-47 for "ourhome"WPA_PSK
11-26 19:10:52.610  2782  5906 D QCNEJ/WlanStaInfoRelay: Received action: android.net.wifi.RSSI_CHANGED
11-26 19:10:52.610  1795  2424 D WifiChannelUtilization:  freq: 5240 onTime: 10083424 busyTime: 904810 onTimeDiff: 435568 busyTimeDiff: 48324 utilization: 28 utilization t0: 22
11-26 19:10:52.611  1795  2424 D WifiDataStall:  ccaLevel = 28
11-26 19:10:52.611  1795  2424 D WifiDataStall: L2 txTputKbps: 732717, rxTputKbps: 771281, L3 txTputKbps: 0, rxTputKbps: 0, TxTrafficHigh: false, RxTrafficHigh: false, Throughput Sufficient: true
11-26 19:10:52.611  1795  2424 D WifiScoreReport: Wifi scoring disabled - Don't check IP layer
11-26 19:10:52.611  1795  2424 D WifiScoreCard: BSSID update SIGNAL_POLL ID: 1320464697 SSID: "ourhome", BSSID: f4:6d:2f:12:cc:88, MAC: b2:2f:ec:da:4a:0c, IP: /192.168.1.104, Security type: 2, Supplicant state: COMPLETED, Wi-Fi standard: 5, RSSI: -47, Link speed: 866Mbps, Tx Link speed: 866Mbps, Max Supported Tx Link speed: 866Mbps, Rx Link speed: 6Mbps, Max Supported Rx Link speed: 866Mbps, Frequency: 5240MHz, Net ID: 12, Metered hint: false, score: 60, isUsable: true, CarrierMerged: false, SubscriptionId: -1, IsPrimary: 1, Trusted: true, Restricted: false, Ephemeral: false, OEM paid: false, OEM private: false, OSU AP: false, FQDN: <none>, Provider friendly name: <none>, Requesting package name: <none>"ourhome"wpa2-pskMLO Information: , Is TID-To-Link negotiation supported by the AP: false, AP MLD Address: <none>, AP MLO Link Id: <none>, AP MLO Affiliated links: <none>
11-26 19:10:52.611  1795  2424 D WifiScoreCard: txRate: 1 txSpeed: 866
11-26 19:10:52.611  1795  2424 D WifiScoreCard: network update SIGNAL_POLL "ourhome" ID: 1499892569 RSSI -47 txSpeed -1
11-26 19:10:52.611  2673 18847 V WifiManager: OnWifiUsabilityStatsListener: onWifiUsabilityStats: seqNum=93875
11-26 19:10:52.612  2513  4457 V WifiManager: TrafficStateCallbackProxy: onStateChanged state=3
11-26 19:10:52.612  1795  2424 D WifiClientModeImpl[13802:wlan0]:  ClientModeImpl$L2ConnectedState screen=on 37 0 "ourhome" f4:6d:2f:12:cc:88 rssi=-47 f=5240 sc=60 link=866 tx=0.2, 0.0, 0.0 rx=0.4 bcn=3490408 [on:241 tx:0 rx:2 period:3017] from screen [on:447443 period:9817898] score=60
11-26 19:10:52.612  1795  3759 I WifiService: updateWifiUsabilityScore uid=10180 seqNum=93875 score=100 predictionHorizonSec=1441795
11-26 19:10:52.613  1795  2424 D WifiScoreReport: Wifi scoring disabled - Notify that Wifi is usable
11-26 19:10:52.616  1795  2432 D ConnectivityService: NetReassign [no changes] [c 0] [a 0] [i 3]
11-26 19:10:52.634  1011  1189 I ASH     : @ 369104.806: tcs3701: stop power rail pending_off timer
11-26 19:10:52.634  1011  1189 D ASH     : @ 369104.806: tcs3701: start power rail timer, state:3
11-26 19:10:52.654  8427  8467 I BatteryMgr:DataCollectionService: stats => 1701022252653,13122,4447,2136,4169000,100
11-26 19:10:52.673  1011  1189 I ASH     : @ 369104.846: tcs3701: stop power rail pending_off timer
11-26 19:10:52.674  1011  1189 D ASH     : @ 369104.846: tcs3701: start power rail timer, state:3
11-26 19:10:52.714  1011  1189 I ASH     : @ 369104.886: tcs3701: stop power rail pending_off timer
11-26 19:10:52.714  1011  1189 D ASH     : @ 369104.886: tcs3701: start power rail timer, state:3
11-26 19:10:52.754  1011  1189 I ASH     : @ 369104.926: tcs3701: stop power rail pending_off timer
11-26 19:10:52.754  1011  1189 D ASH     : @ 369104.926: tcs3701: start power rail timer, state:3
11-26 19:10:52.760  8427  8467 I BatteryMgr:DataCollectionService: stats => 1701022252760,13122,4447,2136,4169000,100
11-26 19:10:52.794  1011  1189 I ASH     : @ 369104.966: tcs3701: stop power rail pending_off timer
11-26 19:10:52.795  1011  1189 D ASH     : @ 369104.966: tcs3701: start power rail timer, state:3
11-26 19:10:52.828  2113  2118 I pixel-thermal: skin-therm-monitor: 40.857
11-26 19:10:52.829  2113  2118 I pixel-thermal: panel-audio-therm: 40.861
11-26 19:10:52.834  1011  1189 I ASH     : @ 369105.006: tcs3701: stop power rail pending_off timer
11-26 19:10:52.834  1011  1189 D ASH     : @ 369105.006: tcs3701: start power rail timer, state:3
11-26 19:10:52.867  8427  8467 I BatteryMgr:DataCollectionService: stats => 1701022252867,13122,4447,2136,4169000,100
11-26 19:10:52.874  1011  1189 I ASH     : @ 369105.046: tcs3701: stop power rail pending_off timer
11-26 19:10:52.874  1011  1189 D ASH     : @ 369105.046: tcs3701: start power rail timer, state:3
11-26 19:10:52.914  1011  1189 I ASH     : @ 369105.086: tcs3701: stop power rail pending_off timer
11-26 19:10:52.914  1011  1189 D ASH     : @ 369105.086: tcs3701: start power rail timer, state:3
11-26 19:10:52.954  1011  1189 I ASH     : @ 369105.126: tcs3701: stop power rail pending_off timer
11-26 19:10:52.954  1011  1189 D ASH     : @ 369105.126: tcs3701: start power rail timer, state:3
11-26 19:10:52.975  8427  8467 I BatteryMgr:DataCollectionService: stats => 1701022252975,13122,4447,2136,4169000,100
11-26 19:10:52.994  1011  1189 I ASH     : @ 369105.166: tcs3701: stop power rail pending_off timer
11-26 19:10:52.994  1011  1189 D ASH     : @ 369105.166: tcs3701: start power rail timer, state:3
11-26 19:10:53.034  1011  1189 I ASH     : @ 369105.206: tcs3701: stop power rail pending_off timer
11-26 19:10:53.034  1011  1189 D ASH     : @ 369105.206: tcs3701: start power rail timer, state:3
11-26 19:10:53.073  1011  1189 I ASH     : @ 369105.246: tcs3701: stop power rail pending_off timer
11-26 19:10:53.074  1011  1189 D ASH     : @ 369105.246: tcs3701: start power rail timer, state:3
11-26 19:10:53.084  8427  8467 I BatteryMgr:DataCollectionService: stats => 1701022253084,13122,4447,2136,4169000,100
11-26 19:10:53.114  1011  1189 I ASH     : @ 369105.286: tcs3701: stop power rail pending_off timer
11-26 19:10:53.114  1011  1189 D ASH     : @ 369105.286: tcs3701: start power rail timer, state:3
11-26 19:10:53.132  1795  3759 D ActivityManager: freezer override set to true
11-26 19:10:53.153  1011  1189 I ASH     : @ 369105.326: tcs3701: stop power rail pending_off timer
11-26 19:10:53.154  1011  1189 D ASH     : @ 369105.326: tcs3701: start power rail timer, state:3
11-26 19:10:53.191  8427  8467 I BatteryMgr:DataCollectionService: stats => 1701022253191,13122,4447,2136,4169000,100
11-26 19:10:53.194  1011  1189 I ASH     : @ 369105.366: tcs3701: stop power rail pending_off timer
11-26 19:10:53.194  1011  1189 D ASH     : @ 369105.366: tcs3701: start power rail timer, state:3
11-26 19:10:53.234  1011  1189 I ASH     : @ 369105.406: tcs3701: stop power rail pending_off timer
11-26 19:10:53.234  1011  1189 D ASH     : @ 369105.406: tcs3701: start power rail timer, state:3
11-26 19:10:53.274  1011  1189 I ASH     : @ 369105.446: tcs3701: stop power rail pending_off timer
11-26 19:10:53.274  1011  1189 D ASH     : @ 369105.446: tcs3701: start power rail timer, state:3
11-26 19:10:53.287  8122  8178 I m.chrome.canary: Explicit concurrent copying GC freed 3842(192KB) AllocSpace objects, 4(80KB) LOS objects, 75% free, 14MB/56MB, paused 31us,24us total 61.381ms
11-26 19:10:53.303  8427  8467 I BatteryMgr:DataCollectionService: stats => 1701022253303,13122,4447,2136,4169000,100
11-26 19:10:53.314  1011  1189 I ASH     : @ 369105.486: tcs3701: stop power rail pending_off timer
11-26 19:10:53.314  1011  1189 D ASH     : @ 369105.486: tcs3701: start power rail timer, state:3
11-26 19:10:53.354  1011  1189 I ASH     : @ 369105.526: tcs3701: stop power rail pending_off timer
11-26 19:10:53.354  1011  1189 D ASH     : @ 369105.526: tcs3701: start power rail timer, state:3
11-26 19:10:53.364  1795  3759 D ActivityManager: freezer override set to false
11-26 19:10:53.394  1011  1189 I ASH     : @ 369105.566: tcs3701: stop power rail pending_off timer
11-26 19:10:53.394  1011  1189 D ASH     : @ 369105.566: tcs3701: start power rail timer, state:3
11-26 19:10:53.407  8427  8467 I BatteryMgr:DataCollectionService: stats => 1701022253406,13122,4447,2136,4169000,100
11-26 19:10:53.421  1795  3759 D ActivityManager: freezer override set to true
11-26 19:10:53.423  1795  3759 D ActivityManager: freezer override set to false
11-26 19:10:53.434  1011  1189 I ASH     : @ 369105.606: tcs3701: stop power rail pending_off timer
11-26 19:10:53.434  1011  1189 D ASH     : @ 369105.606: tcs3701: start power rail timer, state:3
11-26 19:10:53.473  1011  1189 I ASH     : @ 369105.646: tcs3701: stop power rail pending_off timer
11-26 19:10:53.474  1011  1189 D ASH     : @ 369105.646: tcs3701: start power rail timer, state:3
11-26 19:10:53.474  1795  3759 D ActivityManager: freezer override set to true
11-26 19:10:53.477  1795  3759 D ActivityManager: freezer override set to false
11-26 19:10:53.510  8427  8467 I BatteryMgr:DataCollectionService: stats => 1701022253510,13122,4447,2136,4169000,100
11-26 19:10:53.514  1011  1189 I ASH     : @ 369105.686: tcs3701: stop power rail pending_off timer
11-26 19:10:53.514  1011  1189 D ASH     : @ 369105.686: tcs3701: start power rail timer, state:3
11-26 19:10:53.554  1011  1189 I ASH     : @ 369105.726: tcs3701: stop power rail pending_off timer
11-26 19:10:53.554  1011  1189 D ASH     : @ 369105.726: tcs3701: start power rail timer, state:3
11-26 19:10:53.572  1795  3759 D ActivityManager: freezer override set to true
11-26 19:10:53.576  1795  3759 D ActivityManager: freezer override set to false
11-26 19:10:53.593  1011  1189 I ASH     : @ 369105.766: tcs3701: stop power rail pending_off timer
11-26 19:10:53.594  1011  1189 D ASH     : @ 369105.766: tcs3701: start power rail timer, state:3
11-26 19:10:53.616  8427  8467 I BatteryMgr:DataCollectionService: stats => 1701022253616,13122,4447,2136,4169000,100
11-26 19:10:53.634  1011  1189 I ASH     : @ 369105.806: tcs3701: stop power rail pending_off timer
11-26 19:10:53.634  1011  1189 D ASH     : @ 369105.806: tcs3701: start power rail timer, state:3
11-26 19:10:53.674  1011  1189 I ASH     : @ 369105.846: tcs3701: stop power rail pending_off timer
11-26 19:10:53.674  1011  1189 D ASH     : @ 369105.846: tcs3701: start power rail timer, state:3
11-26 19:10:53.714  1011  1189 I ASH     : @ 369105.886: tcs3701: stop power rail pending_off timer
11-26 19:10:53.714  1011  1189 D ASH     : @ 369105.886: tcs3701: start power rail timer, state:3
11-26 19:10:53.724  8427  8467 I BatteryMgr:DataCollectionService: stats => 1701022253724,13122,4447,2136,4169000,100
11-26 19:10:53.753  1011  1189 I ASH     : @ 369105.926: tcs3701: stop power rail pending_off timer
11-26 19:10:53.754  1011  1189 D ASH     : @ 369105.926: tcs3701: start power rail timer, state:3
11-26 19:10:53.794  1011  1189 I ASH     : @ 369105.966: tcs3701: stop power rail pending_off timer
11-26 19:10:53.794  1011  1189 D ASH     : @ 369105.966: tcs3701: start power rail timer, state:3
11-26 19:10:53.833  8427  8467 I BatteryMgr:DataCollectionService: stats => 1701022253833,13122,4447,2136,4169000,100
11-26 19:10:53.833  1011  1189 I ASH     : @ 369106.006: tcs3701: stop power rail pending_off timer
11-26 19:10:53.834  1011  1189 D ASH     : @ 369106.006: tcs3701: start power rail timer, state:3
11-26 19:10:53.874  1011  1189 I ASH     : @ 369106.046: tcs3701: stop power rail pending_off timer
11-26 19:10:53.874  1011  1189 D ASH     : @ 369106.046: tcs3701: start power rail timer, state:3
11-26 19:10:53.914  1011  1189 I ASH     : @ 369106.086: tcs3701: stop power rail pending_off timer
11-26 19:10:53.914  1011  1189 D ASH     : @ 369106.086: tcs3701: start power rail timer, state:3
11-26 19:10:53.941  8427  8467 I BatteryMgr:DataCollectionService: stats => 1701022253941,13122,4447,2136,4169000,100
11-26 19:10:53.954  1011  1189 I ASH     : @ 369106.126: tcs3701: stop power rail pending_off timer
11-26 19:10:53.954  1011  1189 D ASH     : @ 369106.126: tcs3701: start power rail timer, state:3
11-26 19:10:53.994  1011  1189 I ASH     : @ 369106.166: tcs3701: stop power rail pending_off timer
11-26 19:10:53.994  1011  1189 D ASH     : @ 369106.166: tcs3701: start power rail timer, state:3
11-26 19:10:54.034  1011  1189 I ASH     : @ 369106.206: tcs3701: stop power rail pending_off timer
11-26 19:10:54.034  1011  1189 D ASH     : @ 369106.206: tcs3701: start power rail timer, state:3
11-26 19:10:54.048  8427  8467 I BatteryMgr:DataCollectionService: stats => 1701022254048,13122,4447,2136,4169000,100
11-26 19:10:54.074  1011  1189 I ASH     : @ 369106.246: tcs3701: stop power rail pending_off timer
11-26 19:10:54.074  1011  1189 D ASH     : @ 369106.246: tcs3701: start power rail timer, state:3
11-26 19:10:54.114  1011  1189 I ASH     : @ 369106.286: tcs3701: stop power rail pending_off timer
11-26 19:10:54.114  1011  1189 D ASH     : @ 369106.286: tcs3701: start power rail timer, state:3
11-26 19:10:54.153  1011  1189 I ASH     : @ 369106.326: tcs3701: stop power rail pending_off timer
11-26 19:10:54.154  1011  1189 D ASH     : @ 369106.326: tcs3701: start power rail timer, state:3
11-26 19:10:54.159  8427  8467 I BatteryMgr:DataCollectionService: stats => 1701022254159,13122,4447,2136,4169000,100
11-26 19:10:54.194  1011  1189 I ASH     : @ 369106.366: tcs3701: stop power rail pending_off timer
11-26 19:10:54.194  1011  1189 D ASH     : @ 369106.366: tcs3701: start power rail timer, state:3
11-26 19:10:54.234  1011  1189 I ASH     : @ 369106.406: tcs3701: stop power rail pending_off timer
11-26 19:10:54.234  1011  1189 D ASH     : @ 369106.406: tcs3701: start power rail timer, state:3
11-26 19:10:54.266  8427  8467 I BatteryMgr:DataCollectionService: stats => 1701022254266,13122,4447,2136,4169000,100
11-26 19:10:54.274  1011  1189 I ASH     : @ 369106.446: tcs3701: stop power rail pending_off timer
11-26 19:10:54.274  1011  1189 D ASH     : @ 369106.446: tcs3701: start power rail timer, state:3
11-26 19:10:54.314  1011  1189 I ASH     : @ 369106.486: tcs3701: stop power rail pending_off timer
11-26 19:10:54.314  1011  1189 D ASH     : @ 369106.486: tcs3701: start power rail timer, state:3
11-26 19:10:54.354  1011  1189 I ASH     : @ 369106.526: tcs3701: stop power rail pending_off timer
11-26 19:10:54.354  1011  1189 D ASH     : @ 369106.526: tcs3701: start power rail timer, state:3
11-26 19:10:54.374  8427  8467 I BatteryMgr:DataCollectionService: stats => 1701022254374,13122,4447,2136,4169000,100
11-26 19:10:54.394  1011  1189 I ASH     : @ 369106.566: tcs3701: stop power rail pending_off timer
11-26 19:10:54.394  1011  1189 D ASH     : @ 369106.566: tcs3701: start power rail timer, state:3
11-26 19:10:54.434  1011  1189 I ASH     : @ 369106.606: tcs3701: stop power rail pending_off timer
11-26 19:10:54.434  1011  1189 D ASH     : @ 369106.606: tcs3701: start power rail timer, state:3
11-26 19:10:54.474  1011  1189 I ASH     : @ 369106.646: tcs3701: stop power rail pending_off timer
11-26 19:10:54.474  1011  1189 D ASH     : @ 369106.646: tcs3701: start power rail timer, state:3
11-26 19:10:54.485  8427  8467 I BatteryMgr:DataCollectionService: stats => 1701022254485,13122,4447,2136,4169000,100
11-26 19:10:54.514  1011  1189 I ASH     : @ 369106.686: tcs3701: stop power rail pending_off timer
11-26 19:10:54.514  1011  1189 D ASH     : @ 369106.686: tcs3701: start power rail timer, state:3
11-26 19:10:54.554  1011  1189 I ASH     : @ 369106.726: tcs3701: stop power rail pending_off timer
11-26 19:10:54.554  1011  1189 D ASH     : @ 369106.726: tcs3701: start power rail timer, state:3
11-26 19:10:54.592  1795  3759 D ActivityManager: freezer override set to true
11-26 19:10:54.594  1011  1189 I ASH     : @ 369106.766: tcs3701: stop power rail pending_off timer
11-26 19:10:54.594  1011  1189 D ASH     : @ 369106.766: tcs3701: start power rail timer, state:3
11-26 19:10:54.594  8427  8467 I BatteryMgr:DataCollectionService: stats => 1701022254594,13122,4447,2136,4169000,100
11-26 19:10:54.595  1795  3759 D ActivityManager: freezer override set to false
11-26 19:10:54.633  1011  1189 I ASH     : @ 369106.806: tcs3701: stop power rail pending_off timer
11-26 19:10:54.634  1011  1189 D ASH     : @ 369106.806: tcs3701: start power rail timer, state:3
11-26 19:10:54.639  1795  3759 D ActivityManager: freezer override set to true
11-26 19:10:54.673  1011  1189 I ASH     : @ 369106.846: tcs3701: stop power rail pending_off timer
11-26 19:10:54.674  1011  1189 D ASH     : @ 369106.846: tcs3701: start power rail timer, state:3
11-26 19:10:54.699  8427  8467 I BatteryMgr:DataCollectionService: stats => 1701022254699,13122,4447,2136,4169000,100
11-26 19:10:54.714  1011  1189 I ASH     : @ 369106.886: tcs3701: stop power rail pending_off timer
11-26 19:10:54.714  1011  1189 D ASH     : @ 369106.886: tcs3701: start power rail timer, state:3
11-26 19:10:54.751  8122  8178 I m.chrome.canary: Explicit concurrent copying GC freed 4053(207KB) AllocSpace objects, 5(100KB) LOS objects, 75% free, 14MB/56MB, paused 48us,45us total 61.614ms
11-26 19:10:54.754  1011  1189 I ASH     : @ 369106.926: tcs3701: stop power rail pending_off timer
11-26 19:10:54.754  1011  1189 D ASH     : @ 369106.926: tcs3701: start power rail timer, state:3
11-26 19:10:54.794  1011  1189 I ASH     : @ 369106.966: tcs3701: stop power rail pending_off timer
11-26 19:10:54.794  1011  1189 D ASH     : @ 369106.966: tcs3701: start power rail timer, state:3
11-26 19:10:54.807  8427  8467 I BatteryMgr:DataCollectionService: stats => 1701022254807,13122,4447,2136,4169000,100
11-26 19:10:54.824  1795  3759 D ActivityManager: freezer override set to false
11-26 19:10:54.832  2113  2118 I pixel-thermal: skin-therm-monitor: 40.876
11-26 19:10:54.834  2113  2118 I pixel-thermal: panel-audio-therm: 40.872
11-26 19:10:54.834  1011  1189 I ASH     : @ 369107.006: tcs3701: stop power rail pending_off timer
11-26 19:10:54.834  1011  1189 D ASH     : @ 369107.006: tcs3701: start power rail timer, state:3
11-26 19:10:54.867  1795  3759 D ActivityManager: freezer override set to true
11-26 19:10:54.869  1795  3759 D ActivityManager: freezer override set to false
11-26 19:10:54.874  1011  1189 I ASH     : @ 369107.046: tcs3701: stop power rail pending_off timer
11-26 19:10:54.874  1011  1189 D ASH     : @ 369107.046: tcs3701: start power rail timer, state:3
11-26 19:10:54.911  1795  3759 D ActivityManager: freezer override set to true
11-26 19:10:54.914  1795  3759 D ActivityManager: freezer override set to false
11-26 19:10:54.914  1011  1189 I ASH     : @ 369107.086: tcs3701: stop power rail pending_off timer
11-26 19:10:54.914  1011  1189 D ASH     : @ 369107.086: tcs3701: start power rail timer, state:3
11-26 19:10:54.916  8427  8467 I BatteryMgr:DataCollectionService: stats => 1701022254916,13122,4447,2136,4169000,100
11-26 19:10:54.953  1011  1189 I ASH     : @ 369107.126: tcs3701: stop power rail pending_off timer
11-26 19:10:54.953  1011  1189 D ASH     : @ 369107.126: tcs3701: start power rail timer, state:3
11-26 19:10:54.994  1011  1189 I ASH     : @ 369107.166: tcs3701: stop power rail pending_off timer
11-26 19:10:54.994  1011  1189 D ASH     : @ 369107.166: tcs3701: start power rail timer, state:3
11-26 19:10:55.026  8427  8467 I BatteryMgr:DataCollectionService: stats => 1701022255026,13122,4447,2136,4169000,100
11-26 19:10:55.034  1011  1189 I ASH     : @ 369107.206: tcs3701: stop power rail pending_off timer
11-26 19:10:55.034  1011  1189 D ASH     : @ 369107.206: tcs3701: start power rail timer, state:3
11-26 19:10:55.074  1011  1189 I ASH     : @ 369107.246: tcs3701: stop power rail pending_off timer
11-26 19:10:55.074  1011  1189 D ASH     : @ 369107.246: tcs3701: start power rail timer, state:3
11-26 19:10:55.114  1011  1189 I ASH     : @ 369107.286: tcs3701: stop power rail pending_off timer
