11-26 19:12:38.154  1011  1189 D ASH     : @ 369210.326: tcs3701: start power rail timer, state:3
11-26 19:12:38.181  1795  2424 D WifiClientModeImpl[13802:wlan0]: updateLinkLayerStatsRssiSpeedFrequencyCapabilities rssi=-46 TxLinkspeed=866 freq=5240 RxLinkSpeed=866
11-26 19:12:38.182  1795  2424 D WifiScoreCard: 1 lastSampleWeight=47/128 filterInKbps=58565 avgKbps=58565 filterOutKbps=52373
11-26 19:12:38.184  2782  5906 D QCNEJ/WlanStaInfoRelay: Received action: android.net.wifi.RSSI_CHANGED
11-26 19:12:38.187  1795  2424 D WifiClientModeImpl[13802:wlan0]: reported txKbps 4485 rxKbps 52373
11-26 19:12:38.187  1795  2424 D WifiDataStall: tx tput in kbps: 694153
11-26 19:12:38.187  1795  2424 D WifiDataStall: rx tput in kbps: 771281
11-26 19:12:38.187  1795  2424 V WifiConfigManager: Updating scan detail cache freq=5240 BSSID=f4:6d:2f:12:cc:88 RSSI=-44 for "ourhome"WPA_PSK
11-26 19:12:38.187  1795  2424 D WifiChannelUtilization:  freq: 5240 onTime: 10093049 busyTime: 905822 onTimeDiff: 445193 busyTimeDiff: 49336 utilization: 28 utilization t0: 22
11-26 19:12:38.187  1795  2424 D WifiDataStall:  ccaLevel = 28
11-26 19:12:38.187  1795  2424 D WifiDataStall: L2 txTputKbps: 732717, rxTputKbps: 771281, L3 txTputKbps: 0, rxTputKbps: 0, TxTrafficHigh: false, RxTrafficHigh: false, Throughput Sufficient: true
11-26 19:12:38.187  2673 16646 V WifiManager: OnWifiUsabilityStatsListener: onWifiUsabilityStats: seqNum=93910
11-26 19:12:38.188  1795  2424 D WifiScoreReport: Wifi scoring disabled - Don't check IP layer
11-26 19:12:38.188  1795  2424 D WifiScoreCard: BSSID update SIGNAL_POLL ID: 1320464697 SSID: "ourhome", BSSID: f4:6d:2f:12:cc:88, MAC: b2:2f:ec:da:4a:0c, IP: /192.168.1.104, Security type: 2, Supplicant state: COMPLETED, Wi-Fi standard: 5, RSSI: -46, Link speed: 866Mbps, Tx Link speed: 866Mbps, Max Supported Tx Link speed: 866Mbps, Rx Link speed: 866Mbps, Max Supported Rx Link speed: 866Mbps, Frequency: 5240MHz, Net ID: 12, Metered hint: false, score: 60, isUsable: true, CarrierMerged: false, SubscriptionId: -1, IsPrimary: 1, Trusted: true, Restricted: false, Ephemeral: false, OEM paid: false, OEM private: false, OSU AP: false, FQDN: <none>, Provider friendly name: <none>, Requesting package name: <none>"ourhome"wpa2-pskMLO Information: , Is TID-To-Link negotiation supported by the AP: false, AP MLD Address: <none>, AP MLO Link Id: <none>, AP MLO Affiliated links: <none>
11-26 19:12:38.188  1795  2424 D WifiScoreCard: txRate: 61 txSpeed: 866
11-26 19:12:38.188  1795  2424 D WifiScoreCard: network update SIGNAL_POLL "ourhome" ID: 1499892569 RSSI -46 txSpeed 866
11-26 19:12:38.188  1795  1854 I WifiService: updateWifiUsabilityScore uid=10180 seqNum=93910 score=100 predictionHorizonSec=1441795
11-26 19:12:38.188  2513  3045 V WifiManager: TrafficStateCallbackProxy: onStateChanged state=0
11-26 19:12:38.190  1795  2424 D WifiClientModeImpl[13802:wlan0]:  ClientModeImpl$L2ConnectedState screen=on 37 0 "ourhome" f4:6d:2f:12:cc:88 rssi=-46 f=5240 sc=60 link=866 tx=54.2, 5.8, 0.0 rx=178.3 bcn=3491436 [on:0 tx:0 rx:0 period:3022] from screen [on:457068 period:9923476] score=60
11-26 19:12:38.190  1795  2424 D WifiScoreReport: Wifi scoring disabled - Notify that Wifi is usable
11-26 19:12:38.194  1011  1189 I ASH     : @ 369210.366: tcs3701: stop power rail pending_off timer
11-26 19:12:38.194  1011  1189 D ASH     : @ 369210.366: tcs3701: start power rail timer, state:3
11-26 19:12:38.199  1795  4157 I WifiService: getWifiEnabledState uid=10233 state=3
11-26 19:12:38.201  3473  4683 I CarrierServices: [49] ekm.handleMessage: RcsEngineImpl[DUAL_REG]:[deae450f-f3f3]>Handler: handleMessage processing message:[NOTIFY_UPTIME_IGNORE_STATE_CHANGED] with [non-null]:RcsEngineImpl reference
11-26 19:12:38.201  3473  4697 I CarrierServices: [50] eam.c: Connected state: [1], networkType: [WIFI]
11-26 19:12:38.201  2895 14801 E PhoneInterfaceManager: [PhoneIntfMgr] getCarrierPrivilegeStatusForUid: Invalid subId
11-26 19:12:38.202  3473  4683 I CarrierServices: [49] ejf.b: ProvisioningEngineDataRetriever: RCS Configuration storage in Bugle is disabled by p/h flag, using ProvisioningEngineStateCacheUtil.getProvisioningConfigurationForGivenSimIfExist()
11-26 19:12:38.203  2673  2720 D DeviceStateHelper: Wifi freq: 5240
11-26 19:12:38.204  1795  3057 I WifiService: getSoftApConfiguration uid=10180
11-26 19:12:38.208  1795  2432 D ConnectivityService: NetReassign [no changes] [c 0] [a 0] [i 2]
11-26 19:12:38.234  1011  1189 I ASH     : @ 369210.406: tcs3701: stop power rail pending_off timer
11-26 19:12:38.234  1011  1189 D ASH     : @ 369210.406: tcs3701: start power rail timer, state:3
11-26 19:12:38.256  8427  8467 I BatteryMgr:DataCollectionService: stats => 1701022358255,11901,4447,2136,4169000,100
11-26 19:12:38.274  1011  1189 I ASH     : @ 369210.446: tcs3701: stop power rail pending_off timer
11-26 19:12:38.274  1011  1189 D ASH     : @ 369210.446: tcs3701: start power rail timer, state:3
11-26 19:12:38.314  1011  1189 I ASH     : @ 369210.486: tcs3701: stop power rail pending_off timer
11-26 19:12:38.314  1011  1189 D ASH     : @ 369210.486: tcs3701: start power rail timer, state:3
11-26 19:12:38.355  1011  1189 I ASH     : @ 369210.526: tcs3701: stop power rail pending_off timer
11-26 19:12:38.355  1011  1189 D ASH     : @ 369210.526: tcs3701: start power rail timer, state:3
11-26 19:12:38.382  8427  8467 I BatteryMgr:DataCollectionService: stats => 1701022358381,11901,4447,2136,4169000,100
11-26 19:12:38.394  1011  1189 I ASH     : @ 369210.566: tcs3701: stop power rail pending_off timer
11-26 19:12:38.394  1011  1189 D ASH     : @ 369210.566: tcs3701: start power rail timer, state:3
11-26 19:12:38.397  1795  3057 D ActivityManager: freezer override set to true
11-26 19:12:38.414  1795  3057 D ActivityManager: freezer override set to false
11-26 19:12:38.434  1011  1189 I ASH     : @ 369210.606: tcs3701: stop power rail pending_off timer
11-26 19:12:38.434  1011  1189 D ASH     : @ 369210.606: tcs3701: start power rail timer, state:3
11-26 19:12:38.475  1011  1189 I ASH     : @ 369210.646: tcs3701: stop power rail pending_off timer
11-26 19:12:38.475  1011  1189 D ASH     : @ 369210.646: tcs3701: start power rail timer, state:3
11-26 19:12:38.489  8427  8467 I BatteryMgr:DataCollectionService: stats => 1701022358489,11901,4447,2136,4169000,100
11-26 19:12:38.514  1011  1189 I ASH     : @ 369210.686: tcs3701: stop power rail pending_off timer
11-26 19:12:38.514  1011  1189 D ASH     : @ 369210.686: tcs3701: start power rail timer, state:3
11-26 19:12:38.554  1011  1189 I ASH     : @ 369210.726: tcs3701: stop power rail pending_off timer
11-26 19:12:38.554  1011  1189 D ASH     : @ 369210.726: tcs3701: start power rail timer, state:3
11-26 19:12:38.594  1011  1189 I ASH     : @ 369210.766: tcs3701: stop power rail pending_off timer
11-26 19:12:38.594  1011  1189 D ASH     : @ 369210.766: tcs3701: start power rail timer, state:3
11-26 19:12:38.597  8427  8467 I BatteryMgr:DataCollectionService: stats => 1701022358597,11901,4447,2136,4169000,100
11-26 19:12:38.634  1011  1189 I ASH     : @ 369210.806: tcs3701: stop power rail pending_off timer
11-26 19:12:38.634  1011  1189 D ASH     : @ 369210.806: tcs3701: start power rail timer, state:3
11-26 19:12:38.674  1011  1189 I ASH     : @ 369210.846: tcs3701: stop power rail pending_off timer
11-26 19:12:38.674  1011  1189 D ASH     : @ 369210.846: tcs3701: start power rail timer, state:3
11-26 19:12:38.704  8427  8467 I BatteryMgr:DataCollectionService: stats => 1701022358704,11901,4447,2136,4169000,100
11-26 19:12:38.714  1011  1189 I ASH     : @ 369210.886: tcs3701: stop power rail pending_off timer
11-26 19:12:38.714  1011  1189 D ASH     : @ 369210.886: tcs3701: start power rail timer, state:3
11-26 19:12:38.754  1011  1189 I ASH     : @ 369210.926: tcs3701: stop power rail pending_off timer
11-26 19:12:38.754  1011  1189 D ASH     : @ 369210.926: tcs3701: start power rail timer, state:3
11-26 19:12:38.794  1011  1189 I ASH     : @ 369210.966: tcs3701: stop power rail pending_off timer
11-26 19:12:38.794  1011  1189 D ASH     : @ 369210.966: tcs3701: start power rail timer, state:3
11-26 19:12:38.809  8427  8467 I BatteryMgr:DataCollectionService: stats => 1701022358809,11901,4447,2136,4169000,100
11-26 19:12:38.834  1011  1189 I ASH     : @ 369211.006: tcs3701: stop power rail pending_off timer
11-26 19:12:38.834  1011  1189 D ASH     : @ 369211.006: tcs3701: start power rail timer, state:3
11-26 19:12:38.875  1011  1189 I ASH     : @ 369211.046: tcs3701: stop power rail pending_off timer
11-26 19:12:38.875  1011  1189 D ASH     : @ 369211.046: tcs3701: start power rail timer, state:3
11-26 19:12:38.914  1011  1189 I ASH     : @ 369211.086: tcs3701: stop power rail pending_off timer
11-26 19:12:38.914  1011  1189 D ASH     : @ 369211.086: tcs3701: start power rail timer, state:3
11-26 19:12:38.917  8427  8467 I BatteryMgr:DataCollectionService: stats => 1701022358917,11901,4447,2136,4169000,100
11-26 19:12:38.954  1011  1189 I ASH     : @ 369211.126: tcs3701: stop power rail pending_off timer
11-26 19:12:38.954  1011  1189 D ASH     : @ 369211.126: tcs3701: start power rail timer, state:3
11-26 19:12:38.994  1011  1189 I ASH     : @ 369211.166: tcs3701: stop power rail pending_off timer
11-26 19:12:38.994  1011  1189 D ASH     : @ 369211.166: tcs3701: start power rail timer, state:3
11-26 19:12:39.005  1795  3057 D ActivityManager: freezer override set to true
11-26 19:12:39.026  8427  8467 I BatteryMgr:DataCollectionService: stats => 1701022359026,11901,4447,2136,4169000,100
11-26 19:12:39.034  1011  1189 I ASH     : @ 369211.206: tcs3701: stop power rail pending_off timer
11-26 19:12:39.034  1011  1189 D ASH     : @ 369211.206: tcs3701: start power rail timer, state:3
11-26 19:12:39.074  1011  1189 I ASH     : @ 369211.246: tcs3701: stop power rail pending_off timer
11-26 19:12:39.074  1011  1189 D ASH     : @ 369211.246: tcs3701: start power rail timer, state:3
11-26 19:12:39.114  1011  1189 I ASH     : @ 369211.286: tcs3701: stop power rail pending_off timer
11-26 19:12:39.114  1011  1189 D ASH     : @ 369211.286: tcs3701: start power rail timer, state:3
11-26 19:12:39.131 11556 11606 I m.chrome.canary: Explicit concurrent copying GC freed 4558(240KB) AllocSpace objects, 4(80KB) LOS objects, 75% free, 14MB/56MB, paused 42us,28us total 71.116ms
11-26 19:12:39.137  8427  8467 I BatteryMgr:DataCollectionService: stats => 1701022359137,11901,4447,2136,4169000,100
11-26 19:12:39.154  1011  1189 I ASH     : @ 369211.326: tcs3701: stop power rail pending_off timer
11-26 19:12:39.154  1011  1189 D ASH     : @ 369211.326: tcs3701: start power rail timer, state:3
11-26 19:12:39.194  1011  1189 I ASH     : @ 369211.366: tcs3701: stop power rail pending_off timer
11-26 19:12:39.194  1011  1189 D ASH     : @ 369211.366: tcs3701: start power rail timer, state:3
11-26 19:12:39.213  1795  3057 D ActivityManager: freezer override set to false
11-26 19:12:39.234  1011  1189 I ASH     : @ 369211.406: tcs3701: stop power rail pending_off timer
11-26 19:12:39.234  1011  1189 D ASH     : @ 369211.406: tcs3701: start power rail timer, state:3
11-26 19:12:39.240  8427  8467 I BatteryMgr:DataCollectionService: stats => 1701022359240,11901,4447,2136,4169000,100
11-26 19:12:39.265  1795  3057 D ActivityManager: freezer override set to true
11-26 19:12:39.268  1795  3057 D ActivityManager: freezer override set to false
11-26 19:12:39.275  1011  1189 I ASH     : @ 369211.446: tcs3701: stop power rail pending_off timer
11-26 19:12:39.275  1011  1189 D ASH     : @ 369211.446: tcs3701: start power rail timer, state:3
11-26 19:12:39.307  1795  3057 D ActivityManager: freezer override set to true
11-26 19:12:39.311  1795  3057 D ActivityManager: freezer override set to false
11-26 19:12:39.314  1011  1189 I ASH     : @ 369211.486: tcs3701: stop power rail pending_off timer
11-26 19:12:39.314  1011  1189 D ASH     : @ 369211.486: tcs3701: start power rail timer, state:3
11-26 19:12:39.351  8427  8467 I BatteryMgr:DataCollectionService: stats => 1701022359350,11901,4447,2136,4169000,100
11-26 19:12:39.354  1011  1189 I ASH     : @ 369211.526: tcs3701: stop power rail pending_off timer
11-26 19:12:39.354  1011  1189 D ASH     : @ 369211.526: tcs3701: start power rail timer, state:3
11-26 19:12:39.369 11556 11615 W chromium: [WARNING:ev_root_ca_metadata.cc(119)] Not implemented
11-26 19:12:39.369 11556 11615 W chromium: [WARNING:ev_root_ca_metadata.cc(119)] Not implemented
11-26 19:12:39.370  1795  3057 D ActivityManager: freezer override set to true
11-26 19:12:39.375  1795  3057 D ActivityManager: freezer override set to false
11-26 19:12:39.396  1011  1189 I ASH     : @ 369211.566: tcs3701: stop power rail pending_off timer
11-26 19:12:39.396  1011  1189 D ASH     : @ 369211.566: tcs3701: start power rail timer, state:3
11-26 19:12:39.434  1011  1189 I ASH     : @ 369211.606: tcs3701: stop power rail pending_off timer
11-26 19:12:39.434  1011  1189 D ASH     : @ 369211.606: tcs3701: start power rail timer, state:3
11-26 19:12:39.459  8427  8467 I BatteryMgr:DataCollectionService: stats => 1701022359459,11901,4447,2136,4169000,100
11-26 19:12:39.474  1011  1189 I ASH     : @ 369211.646: tcs3701: stop power rail pending_off timer
11-26 19:12:39.474  1011  1189 D ASH     : @ 369211.646: tcs3701: start power rail timer, state:3
11-26 19:12:39.514  1011  1189 I ASH     : @ 369211.686: tcs3701: stop power rail pending_off timer
11-26 19:12:39.514  1011  1189 D ASH     : @ 369211.686: tcs3701: start power rail timer, state:3
11-26 19:12:39.554  1011  1189 I ASH     : @ 369211.726: tcs3701: stop power rail pending_off timer
11-26 19:12:39.554  1011  1189 D ASH     : @ 369211.726: tcs3701: start power rail timer, state:3
11-26 19:12:39.566  8427  8467 I BatteryMgr:DataCollectionService: stats => 1701022359566,11901,4447,2136,4169000,100
11-26 19:12:39.594  1011  1189 I ASH     : @ 369211.766: tcs3701: stop power rail pending_off timer
11-26 19:12:39.594  1011  1189 D ASH     : @ 369211.766: tcs3701: start power rail timer, state:3
11-26 19:12:39.616  2113  2118 I pixel-thermal: skin-therm-monitor: 40.646
11-26 19:12:39.618  2113  2118 I pixel-thermal: panel-audio-therm: 40.646
11-26 19:12:39.634  1011  1189 I ASH     : @ 369211.806: tcs3701: stop power rail pending_off timer
11-26 19:12:39.634  1011  1189 D ASH     : @ 369211.806: tcs3701: start power rail timer, state:3
11-26 19:12:39.673  8427  8467 I BatteryMgr:DataCollectionService: stats => 1701022359672,11901,4447,2136,4169000,100
11-26 19:12:39.674  1011  1189 I ASH     : @ 369211.846: tcs3701: stop power rail pending_off timer
11-26 19:12:39.674  1011  1189 D ASH     : @ 369211.846: tcs3701: start power rail timer, state:3
11-26 19:12:39.714  1011  1189 I ASH     : @ 369211.886: tcs3701: stop power rail pending_off timer
11-26 19:12:39.714  1011  1189 D ASH     : @ 369211.886: tcs3701: start power rail timer, state:3
11-26 19:12:39.754  1011  1189 I ASH     : @ 369211.926: tcs3701: stop power rail pending_off timer
11-26 19:12:39.754  1011  1189 D ASH     : @ 369211.926: tcs3701: start power rail timer, state:3
11-26 19:12:39.778  8427  8467 I BatteryMgr:DataCollectionService: stats => 1701022359778,11901,4447,2136,4169000,100
11-26 19:12:39.794  1011  1189 I ASH     : @ 369211.966: tcs3701: stop power rail pending_off timer
11-26 19:12:39.794  1011  1189 D ASH     : @ 369211.966: tcs3701: start power rail timer, state:3
11-26 19:12:39.834  1011  1189 I ASH     : @ 369212.006: tcs3701: stop power rail pending_off timer
11-26 19:12:39.834  1011  1189 D ASH     : @ 369212.006: tcs3701: start power rail timer, state:3
11-26 19:12:39.874  1011  1189 I ASH     : @ 369212.046: tcs3701: stop power rail pending_off timer
11-26 19:12:39.874  1011  1189 D ASH     : @ 369212.046: tcs3701: start power rail timer, state:3
11-26 19:12:39.885  8427  8467 I BatteryMgr:DataCollectionService: stats => 1701022359885,11901,4447,2136,4169000,100
11-26 19:12:39.914  1011  1189 I ASH     : @ 369212.086: tcs3701: stop power rail pending_off timer
11-26 19:12:39.914  1011  1189 D ASH     : @ 369212.086: tcs3701: start power rail timer, state:3
11-26 19:12:39.955  1011  1189 I ASH     : @ 369212.126: tcs3701: stop power rail pending_off timer
11-26 19:12:39.955  1011  1189 D ASH     : @ 369212.126: tcs3701: start power rail timer, state:3
11-26 19:12:39.992  8427  8467 I BatteryMgr:DataCollectionService: stats => 1701022359992,11901,4447,2136,4169000,100
11-26 19:12:39.994  1011  1189 I ASH     : @ 369212.166: tcs3701: stop power rail pending_off timer
11-26 19:12:39.994  1011  1189 D ASH     : @ 369212.166: tcs3701: start power rail timer, state:3
11-26 19:12:40.034  1011  1189 I ASH     : @ 369212.206: tcs3701: stop power rail pending_off timer
11-26 19:12:40.034  1011  1189 D ASH     : @ 369212.206: tcs3701: start power rail timer, state:3
11-26 19:12:40.074  1011  1189 I ASH     : @ 369212.246: tcs3701: stop power rail pending_off timer
11-26 19:12:40.074  1011  1189 D ASH     : @ 369212.246: tcs3701: start power rail timer, state:3
11-26 19:12:40.099  8427  8467 I BatteryMgr:DataCollectionService: stats => 1701022360099,11901,4447,2136,4169000,100
11-26 19:12:40.114  1011  1189 I ASH     : @ 369212.286: tcs3701: stop power rail pending_off timer
11-26 19:12:40.114  1011  1189 D ASH     : @ 369212.286: tcs3701: start power rail timer, state:3
11-26 19:12:40.155  1011  1189 I ASH     : @ 369212.326: tcs3701: stop power rail pending_off timer
11-26 19:12:40.155  1011  1189 D ASH     : @ 369212.326: tcs3701: start power rail timer, state:3
11-26 19:12:40.194  1011  1189 I ASH     : @ 369212.366: tcs3701: stop power rail pending_off timer
11-26 19:12:40.194  1011  1189 D ASH     : @ 369212.366: tcs3701: start power rail timer, state:3
11-26 19:12:40.205  8427  8467 I BatteryMgr:DataCollectionService: stats => 1701022360205,11901,4447,2136,4169000,100
11-26 19:12:40.234  1011  1189 I ASH     : @ 369212.406: tcs3701: stop power rail pending_off timer
11-26 19:12:40.234  1011  1189 D ASH     : @ 369212.406: tcs3701: start power rail timer, state:3
11-26 19:12:40.276  1011  1189 I ASH     : @ 369212.446: tcs3701: stop power rail pending_off timer
11-26 19:12:40.276  1011  1189 D ASH     : @ 369212.446: tcs3701: start power rail timer, state:3
11-26 19:12:40.312  8427  8467 I BatteryMgr:DataCollectionService: stats => 1701022360312,11901,4447,2136,4169000,100
11-26 19:12:40.314  1011  1189 I ASH     : @ 369212.486: tcs3701: stop power rail pending_off timer
11-26 19:12:40.314  1011  1189 D ASH     : @ 369212.486: tcs3701: start power rail timer, state:3
11-26 19:12:40.354  1011  1189 I ASH     : @ 369212.526: tcs3701: stop power rail pending_off timer
11-26 19:12:40.354  1011  1189 D ASH     : @ 369212.526: tcs3701: start power rail timer, state:3
11-26 19:12:40.368  1795  3057 D ActivityManager: freezer override set to true
11-26 19:12:40.374  1795  3057 D ActivityManager: freezer override set to false
11-26 19:12:40.394  1011  1189 I ASH     : @ 369212.566: tcs3701: stop power rail pending_off timer
11-26 19:12:40.394  1011  1189 D ASH     : @ 369212.566: tcs3701: start power rail timer, state:3
11-26 19:12:40.420  8427  8467 I BatteryMgr:DataCollectionService: stats => 1701022360420,11901,4447,2136,4169000,100
11-26 19:12:40.434  1011  1189 I ASH     : @ 369212.606: tcs3701: stop power rail pending_off timer
11-26 19:12:40.434  1011  1189 D ASH     : @ 369212.606: tcs3701: start power rail timer, state:3
11-26 19:12:40.474  1011  1189 I ASH     : @ 369212.646: tcs3701: stop power rail pending_off timer
11-26 19:12:40.474  1011  1189 D ASH     : @ 369212.646: tcs3701: start power rail timer, state:3
11-26 19:12:40.483  1795  3057 D ActivityManager: freezer override set to true
11-26 19:12:40.514  1011  1189 I ASH     : @ 369212.686: tcs3701: stop power rail pending_off timer
11-26 19:12:40.514  1011  1189 D ASH     : @ 369212.686: tcs3701: start power rail timer, state:3
11-26 19:12:40.531  8427  8467 I BatteryMgr:DataCollectionService: stats => 1701022360531,11901,4447,2136,4169000,100
11-26 19:12:40.554  1011  1189 I ASH     : @ 369212.726: tcs3701: stop power rail pending_off timer
11-26 19:12:40.554  1011  1189 D ASH     : @ 369212.726: tcs3701: start power rail timer, state:3
11-26 19:12:40.594  1011  1189 I ASH     : @ 369212.766: tcs3701: stop power rail pending_off timer
11-26 19:12:40.594  1011  1189 D ASH     : @ 369212.766: tcs3701: start power rail timer, state:3
11-26 19:12:40.634  1011  1189 I ASH     : @ 369212.806: tcs3701: stop power rail pending_off timer
11-26 19:12:40.634  1011  1189 D ASH     : @ 369212.806: tcs3701: start power rail timer, state:3
11-26 19:12:40.637  8427  8467 I BatteryMgr:DataCollectionService: stats => 1701022360637,11901,4447,2136,4169000,100
11-26 19:12:40.659 11556 11606 I m.chrome.canary: Explicit concurrent copying GC freed 4203(224KB) AllocSpace objects, 5(100KB) LOS objects, 75% free, 14MB/56MB, paused 86us,28us total 74.374ms
11-26 19:12:40.674  1011  1189 I ASH     : @ 369212.846: tcs3701: stop power rail pending_off timer
11-26 19:12:40.674  1011  1189 D ASH     : @ 369212.846: tcs3701: start power rail timer, state:3
11-26 19:12:40.714  1011  1189 I ASH     : @ 369212.886: tcs3701: stop power rail pending_off timer
11-26 19:12:40.714  1011  1189 D ASH     : @ 369212.886: tcs3701: start power rail timer, state:3
11-26 19:12:40.741  1795  3057 D ActivityManager: freezer override set to false
11-26 19:12:40.745  8427  8467 I BatteryMgr:DataCollectionService: stats => 1701022360745,11901,4447,2136,4169000,100
11-26 19:12:40.754  1011  1189 I ASH     : @ 369212.926: tcs3701: stop power rail pending_off timer
11-26 19:12:40.754  1011  1189 D ASH     : @ 369212.926: tcs3701: start power rail timer, state:3
11-26 19:12:40.781  1795  3057 D ActivityManager: freezer override set to true
11-26 19:12:40.785  1795  3057 D ActivityManager: freezer override set to false
11-26 19:12:40.794  1011  1189 I ASH     : @ 369212.966: tcs3701: stop power rail pending_off timer
11-26 19:12:40.794  1011  1189 D ASH     : @ 369212.966: tcs3701: start power rail timer, state:3
11-26 19:12:40.825  1795  3057 D ActivityManager: freezer override set to true
11-26 19:12:40.828  1795  3057 D ActivityManager: freezer override set to false
11-26 19:12:40.834  1011  1189 I ASH     : @ 369213.006: tcs3701: stop power rail pending_off timer
11-26 19:12:40.834  1011  1189 D ASH     : @ 369213.006: tcs3701: start power rail timer, state:3
11-26 19:12:40.850  8427  8467 I BatteryMgr:DataCollectionService: stats => 1701022360850,11901,4447,2136,4169000,100
11-26 19:12:40.874  1011  1189 I ASH     : @ 369213.046: tcs3701: stop power rail pending_off timer
11-26 19:12:40.874  1011  1189 D ASH     : @ 369213.046: tcs3701: start power rail timer, state:3
11-26 19:12:40.914  1011  1189 I ASH     : @ 369213.086: tcs3701: stop power rail pending_off timer
11-26 19:12:40.914  1011  1189 D ASH     : @ 369213.086: tcs3701: start power rail timer, state:3
11-26 19:12:40.954  1011  1189 I ASH     : @ 369213.126: tcs3701: stop power rail pending_off timer
11-26 19:12:40.954  1011  1189 D ASH     : @ 369213.126: tcs3701: start power rail timer, state:3
11-26 19:12:40.956  8427  8467 I BatteryMgr:DataCollectionService: stats => 1701022360956,11901,4447,2136,4169000,100
11-26 19:12:40.994  1011  1189 I ASH     : @ 369213.166: tcs3701: stop power rail pending_off timer
11-26 19:12:40.994  1011  1189 D ASH     : @ 369213.166: tcs3701: start power rail timer, state:3
11-26 19:12:41.011 26741 26741 D BoundBrokerSvc: onUnbind: Intent { act=com.google.android.gms.feedback.internal.IFeedbackService dat=chimera-action:/... cmp=com.google.android.gms/.chimera.GmsBoundBrokerService }
11-26 19:12:41.034  1011  1189 I ASH     : @ 369213.206: tcs3701: stop power rail pending_off timer
11-26 19:12:41.034  1011  1189 D ASH     : @ 369213.206: tcs3701: start power rail timer, state:3
11-26 19:12:41.064  8427  8467 I BatteryMgr:DataCollectionService: stats => 1701022361064,11901,4447,2136,4169000,100
11-26 19:12:41.074  1011  1189 I ASH     : @ 369213.246: tcs3701: stop power rail pending_off timer
11-26 19:12:41.074  1011  1189 D ASH     : @ 369213.246: tcs3701: start power rail timer, state:3
11-26 19:12:41.114  1011  1189 I ASH     : @ 369213.286: tcs3701: stop power rail pending_off timer
11-26 19:12:41.114  1011  1189 D ASH     : @ 369213.286: tcs3701: start power rail timer, state:3
11-26 19:12:41.154  1011  1189 I ASH     : @ 369213.326: tcs3701: stop power rail pending_off timer
11-26 19:12:41.155  1011  1189 D ASH     : @ 369213.326: tcs3701: start power rail timer, state:3
11-26 19:12:41.173  8427  8467 I BatteryMgr:DataCollectionService: stats => 1701022361173,11901,4447,2136,4169000,100
11-26 19:12:41.194  1011  1189 I ASH     : @ 369213.366: tcs3701: stop power rail pending_off timer
11-26 19:12:41.194  1011  1189 D ASH     : @ 369213.366: tcs3701: start power rail timer, state:3
11-26 19:12:41.198  1795  2424 D WifiClientModeImpl[13802:wlan0]: updateLinkLayerStatsRssiSpeedFrequencyCapabilities rssi=-47 TxLinkspeed=866 freq=5240 RxLinkSpeed=866
11-26 19:12:41.199  1795  2424 D WifiScoreCard: 1 lastSampleWeight=28/128 filterInKbps=58565 avgKbps=58565 filterOutKbps=57210
11-26 19:12:41.199  1795  2424 D WifiDataStall: tx tput in kbps: 732717
11-26 19:12:41.200  1795  2424 D WifiDataStall: rx tput in kbps: 771281
11-26 19:12:41.200  1795  2424 V WifiConfigManager: Updating scan detail cache freq=5240 BSSID=f4:6d:2f:12:cc:88 RSSI=-45 for "ourhome"WPA_PSK
11-26 19:12:41.200  2782  5906 D QCNEJ/WlanStaInfoRelay: Received action: android.net.wifi.RSSI_CHANGED
11-26 19:12:41.200  1795  2424 D WifiChannelUtilization:  freq: 5240 onTime: 10093219 busyTime: 905828 onTimeDiff: 445363 busyTimeDiff: 49342 utilization: 28 utilization t0: 22
11-26 19:12:41.200  1795  2424 D WifiDataStall:  ccaLevel = 28
11-26 19:12:41.200  1795  2424 D WifiDataStall: L2 txTputKbps: 686440, rxTputKbps: 771281, L3 txTputKbps: 12, rxTputKbps: 22, TxTrafficHigh: true, RxTrafficHigh: true, Throughput Sufficient: true
11-26 19:12:41.200  1795  2424 D WifiScoreReport: Wifi scoring disabled - Don't check IP layer
11-26 19:12:41.201  1795  2424 D WifiScoreCard: BSSID update SIGNAL_POLL ID: 1320464697 SSID: "ourhome", BSSID: f4:6d:2f:12:cc:88, MAC: b2:2f:ec:da:4a:0c, IP: /192.168.1.104, Security type: 2, Supplicant state: COMPLETED, Wi-Fi standard: 5, RSSI: -47, Link speed: 866Mbps, Tx Link speed: 866Mbps, Max Supported Tx Link speed: 866Mbps, Rx Link speed: 866Mbps, Max Supported Rx Link speed: 866Mbps, Frequency: 5240MHz, Net ID: 12, Metered hint: false, score: 60, isUsable: true, CarrierMerged: false, SubscriptionId: -1, IsPrimary: 1, Trusted: true, Restricted: false, Ephemeral: false, OEM paid: false, OEM private: false, OSU AP: false, FQDN: <none>, Provider friendly name: <none>, Requesting package name: <none>"ourhome"wpa2-pskMLO Information: , Is TID-To-Link negotiation supported by the AP: false, AP MLD Address: <none>, AP MLO Link Id: <none>, AP MLO Affiliated links: <none>
11-26 19:12:41.201  1795  2424 D WifiScoreCard: txRate: 26 txSpeed: 866
11-26 19:12:41.201  1795  2424 D WifiScoreCard: network update SIGNAL_POLL "ourhome" ID: 1499892569 RSSI -47 txSpeed 866
11-26 19:12:41.201  1795  2424 D WifiClientModeImpl[13802:wlan0]:  ClientModeImpl$L2ConnectedState screen=on 37 0 "ourhome" f4:6d:2f:12:cc:88 rssi=-47 f=5240 sc=60 link=866 tx=23.1, 2.5, 0.0 rx=67.4 bcn=3491465 [on:170 tx:2 rx:2 period:3011] from screen [on:457238 period:9926487] score=60
11-26 19:12:41.201  2513  3045 V WifiManager: TrafficStateCallbackProxy: onStateChanged state=3
11-26 19:12:41.202  2673 16646 V WifiManager: OnWifiUsabilityStatsListener: onWifiUsabilityStats: seqNum=93911
11-26 19:12:41.203  1795  1854 I WifiService: updateWifiUsabilityScore uid=10180 seqNum=93911 score=100 predictionHorizonSec=1441795
11-26 19:12:41.204  1795  2424 D WifiScoreReport: Wifi scoring disabled - Notify that Wifi is usable
11-26 19:12:41.207  1795  2432 D ConnectivityService: NetReassign [no changes] [c 0] [a 0] [i 2]
11-26 19:12:41.234  1011  1189 I ASH     : @ 369213.406: tcs3701: stop power rail pending_off timer
11-26 19:12:41.234  1011  1189 D ASH     : @ 369213.406: tcs3701: start power rail timer, state:3
11-26 19:12:41.274  1011  1189 I ASH     : @ 369213.446: tcs3701: stop power rail pending_off timer
11-26 19:12:41.274  1011  1189 D ASH     : @ 369213.446: tcs3701: start power rail timer, state:3
11-26 19:12:41.280  8427  8467 I BatteryMgr:DataCollectionService: stats => 1701022361279,11901,4447,2136,4169000,100
11-26 19:12:41.314  1011  1189 I ASH     : @ 369213.486: tcs3701: stop power rail pending_off timer
11-26 19:12:41.314  1011  1189 D ASH     : @ 369213.486: tcs3701: start power rail timer, state:3
11-26 19:12:41.354  1011  1189 I ASH     : @ 369213.526: tcs3701: stop power rail pending_off timer
11-26 19:12:41.354  1011  1189 D ASH     : @ 369213.526: tcs3701: start power rail timer, state:3
11-26 19:12:41.373  1795  4157 D ActivityManager: freezer override set to true
11-26 19:12:41.383  1795  4157 D ActivityManager: freezer override set to false
11-26 19:12:41.387  8427  8467 I BatteryMgr:DataCollectionService: stats => 1701022361387,11901,4447,2136,4169000,100
11-26 19:12:41.394  1011  1189 I ASH     : @ 369213.566: tcs3701: stop power rail pending_off timer
11-26 19:12:41.394  1011  1189 D ASH     : @ 369213.566: tcs3701: start power rail timer, state:3
11-26 19:12:41.434  1011  1189 I ASH     : @ 369213.606: tcs3701: stop power rail pending_off timer
11-26 19:12:41.434  1011  1189 D ASH     : @ 369213.606: tcs3701: start power rail timer, state:3
11-26 19:12:41.474  1011  1189 I ASH     : @ 369213.646: tcs3701: stop power rail pending_off timer
11-26 19:12:41.474  1011  1189 D ASH     : @ 369213.646: tcs3701: start power rail timer, state:3
11-26 19:12:41.491  8427  8467 I BatteryMgr:DataCollectionService: stats => 1701022361491,11901,4447,2136,4169000,100
11-26 19:12:41.514  1011  1189 I ASH     : @ 369213.686: tcs3701: stop power rail pending_off timer
11-26 19:12:41.514  1011  1189 D ASH     : @ 369213.686: tcs3701: start power rail timer, state:3
11-26 19:12:41.554  1011  1189 I ASH     : @ 369213.726: tcs3701: stop power rail pending_off timer
11-26 19:12:41.554  1011  1189 D ASH     : @ 369213.726: tcs3701: start power rail timer, state:3
11-26 19:12:41.594  1011  1189 I ASH     : @ 369213.766: tcs3701: stop power rail pending_off timer
11-26 19:12:41.594  1011  1189 D ASH     : @ 369213.766: tcs3701: start power rail timer, state:3
11-26 19:12:41.599  8427  8467 I BatteryMgr:DataCollectionService: stats => 1701022361598,11901,4447,2136,4169000,100
11-26 19:12:41.621  2113  2118 I pixel-thermal: skin-therm-monitor: 40.654
11-26 19:12:41.622  2113  2118 I pixel-thermal: panel-audio-therm: 40.639
11-26 19:12:41.634  1011  1189 I ASH     : @ 369213.806: tcs3701: stop power rail pending_off timer
11-26 19:12:41.634  1011  1189 D ASH     : @ 369213.806: tcs3701: start power rail timer, state:3
11-26 19:12:41.674  1011  1189 I ASH     : @ 369213.846: tcs3701: stop power rail pending_off timer
11-26 19:12:41.674  1011  1189 D ASH     : @ 369213.846: tcs3701: start power rail timer, state:3
11-26 19:12:41.704  8427  8467 I BatteryMgr:DataCollectionService: stats => 1701022361704,11901,4447,2136,4169000,100
11-26 19:12:41.714  1011  1189 I ASH     : @ 369213.886: tcs3701: stop power rail pending_off timer
11-26 19:12:41.714  1011  1189 D ASH     : @ 369213.886: tcs3701: start power rail timer, state:3
11-26 19:12:41.754  1011  1189 I ASH     : @ 369213.926: tcs3701: stop power rail pending_off timer
11-26 19:12:41.754  1011  1189 D ASH     : @ 369213.926: tcs3701: start power rail timer, state:3
11-26 19:12:41.794  1011  1189 I ASH     : @ 369213.966: tcs3701: stop power rail pending_off timer
11-26 19:12:41.794  1011  1189 D ASH     : @ 369213.966: tcs3701: start power rail timer, state:3
11-26 19:12:41.811  8427  8467 I BatteryMgr:DataCollectionService: stats => 1701022361811,11901,4447,2136,4169000,100
11-26 19:12:41.834  1011  1189 I ASH     : @ 369214.006: tcs3701: stop power rail pending_off timer
11-26 19:12:41.834  1011  1189 D ASH     : @ 369214.006: tcs3701: start power rail timer, state:3
11-26 19:12:41.874  1011  1189 I ASH     : @ 369214.046: tcs3701: stop power rail pending_off timer
11-26 19:12:41.874  1011  1189 D ASH     : @ 369214.046: tcs3701: start power rail timer, state:3
11-26 19:12:41.915  1011  1189 I ASH     : @ 369214.086: tcs3701: stop power rail pending_off timer
11-26 19:12:41.915  1011  1189 D ASH     : @ 369214.086: tcs3701: start power rail timer, state:3
11-26 19:12:41.922  8427  8467 I BatteryMgr:DataCollectionService: stats => 1701022361922,11901,4447,2136,4169000,100
11-26 19:12:41.954  1011  1189 I ASH     : @ 369214.126: tcs3701: stop power rail pending_off timer
11-26 19:12:41.954  1011  1189 D ASH     : @ 369214.126: tcs3701: start power rail timer, state:3
11-26 19:12:41.969  1795  1854 D ActivityManager: freezer override set to true
11-26 19:12:41.994  1011  1189 I ASH     : @ 369214.166: tcs3701: stop power rail pending_off timer
11-26 19:12:41.994  1011  1189 D ASH     : @ 369214.166: tcs3701: start power rail timer, state:3
11-26 19:12:42.029  8427  8467 I BatteryMgr:DataCollectionService: stats => 1701022362029,11901,4447,2136,4169000,100
11-26 19:12:42.034  1011  1189 I ASH     : @ 369214.206: tcs3701: stop power rail pending_off timer
11-26 19:12:42.034  1011  1189 D ASH     : @ 369214.206: tcs3701: start power rail timer, state:3
11-26 19:12:42.074  1011  1189 I ASH     : @ 369214.246: tcs3701: stop power rail pending_off timer
11-26 19:12:42.074  1011  1189 D ASH     : @ 369214.246: tcs3701: start power rail timer, state:3
11-26 19:12:42.106 11556 11606 I m.chrome.canary: Explicit concurrent copying GC freed 3937(208KB) AllocSpace objects, 4(80KB) LOS objects, 74% free, 14MB/56MB, paused 35us,28us total 69.083ms
11-26 19:12:42.114  1011  1189 I ASH     : @ 369214.286: tcs3701: stop power rail pending_off timer
11-26 19:12:42.114  1011  1189 D ASH     : @ 369214.286: tcs3701: start power rail timer, state:3
11-26 19:12:42.135  8427  8467 I BatteryMgr:DataCollectionService: stats => 1701022362135,11901,4447,2136,4169000,100
11-26 19:12:42.154  1011  1189 I ASH     : @ 369214.326: tcs3701: stop power rail pending_off timer
11-26 19:12:42.154  1011  1189 D ASH     : @ 369214.326: tcs3701: start power rail timer, state:3
11-26 19:12:42.183  1795  1854 D ActivityManager: freezer override set to false
11-26 19:12:42.194  1011  1189 I ASH     : @ 369214.366: tcs3701: stop power rail pending_off timer
11-26 19:12:42.194  1011  1189 D ASH     : @ 369214.366: tcs3701: start power rail timer, state:3
11-26 19:12:42.223  1795  1854 D ActivityManager: freezer override set to true
11-26 19:12:42.226  1795  1854 D ActivityManager: freezer override set to false
11-26 19:12:42.234  1011  1189 I ASH     : @ 369214.406: tcs3701: stop power rail pending_off timer
11-26 19:12:42.234  1011  1189 D ASH     : @ 369214.406: tcs3701: start power rail timer, state:3
11-26 19:12:42.239  8427  8467 I BatteryMgr:DataCollectionService: stats => 1701022362239,11901,4447,2136,4169000,100
11-26 19:12:42.270  1795  1854 D ActivityManager: freezer override set to true
11-26 19:12:42.274  1011  1189 I ASH     : @ 369214.446: tcs3701: stop power rail pending_off timer
11-26 19:12:42.274  1011  1189 D ASH     : @ 369214.446: tcs3701: start power rail timer, state:3
11-26 19:12:42.274  1795  1854 D ActivityManager: freezer override set to false
11-26 19:12:42.314  1011  1189 I ASH     : @ 369214.486: tcs3701: stop power rail pending_off timer
11-26 19:12:42.314  1011  1189 D ASH     : @ 369214.486: tcs3701: start power rail timer, state:3
11-26 19:12:42.345  8427  8467 I BatteryMgr:DataCollectionService: stats => 1701022362345,11901,4447,2136,4169000,100
11-26 19:12:42.354  1011  1189 I ASH     : @ 369214.526: tcs3701: stop power rail pending_off timer
11-26 19:12:42.354  1011  1189 D ASH     : @ 369214.526: tcs3701: start power rail timer, state:3
11-26 19:12:42.370  1795  1854 D ActivityManager: freezer override set to true
11-26 19:12:42.375  1795  1854 D ActivityManager: freezer override set to false
11-26 19:12:42.394  1011  1189 I ASH     : @ 369214.566: tcs3701: stop power rail pending_off timer
11-26 19:12:42.394  1011  1189 D ASH     : @ 369214.566: tcs3701: start power rail timer, state:3
11-26 19:12:42.434  1011  1189 I ASH     : @ 369214.606: tcs3701: stop power rail pending_off timer
11-26 19:12:42.434  1011  1189 D ASH     : @ 369214.606: tcs3701: start power rail timer, state:3
11-26 19:12:42.452  8427  8467 I BatteryMgr:DataCollectionService: stats => 1701022362452,11901,4447,2136,4169000,100
11-26 19:12:42.474  1011  1189 I ASH     : @ 369214.646: tcs3701: stop power rail pending_off timer
11-26 19:12:42.474  1011  1189 D ASH     : @ 369214.646: tcs3701: start power rail timer, state:3
11-26 19:12:42.514  1011  1189 I ASH     : @ 369214.686: tcs3701: stop power rail pending_off timer
11-26 19:12:42.514  1011  1189 D ASH     : @ 369214.686: tcs3701: start power rail timer, state:3
11-26 19:12:42.554  1011  1189 I ASH     : @ 369214.726: tcs3701: stop power rail pending_off timer
11-26 19:12:42.554  1011  1189 D ASH     : @ 369214.726: tcs3701: start power rail timer, state:3
11-26 19:12:42.558  8427  8467 I BatteryMgr:DataCollectionService: stats => 1701022362558,11901,4447,2136,4169000,100
11-26 19:12:42.594  1011  1189 I ASH     : @ 369214.766: tcs3701: stop power rail pending_off timer
11-26 19:12:42.595  1011  1189 D ASH     : @ 369214.766: tcs3701: start power rail timer, state:3
11-26 19:12:42.634  1011  1189 I ASH     : @ 369214.806: tcs3701: stop power rail pending_off timer
11-26 19:12:42.634  1011  1189 D ASH     : @ 369214.806: tcs3701: start power rail timer, state:3
11-26 19:12:42.664  8427  8467 I BatteryMgr:DataCollectionService: stats => 1701022362664,11901,4447,2136,4169000,100
11-26 19:12:42.674  1011  1189 I ASH     : @ 369214.846: tcs3701: stop power rail pending_off timer
11-26 19:12:42.674  1011  1189 D ASH     : @ 369214.846: tcs3701: start power rail timer, state:3
11-26 19:12:42.714  1011  1189 I ASH     : @ 369214.886: tcs3701: stop power rail pending_off timer
11-26 19:12:42.714  1011  1189 D ASH     : @ 369214.886: tcs3701: start power rail timer, state:3
11-26 19:12:42.754  1011  1189 I ASH     : @ 369214.926: tcs3701: stop power rail pending_off timer
11-26 19:12:42.754  1011  1189 D ASH     : @ 369214.926: tcs3701: start power rail timer, state:3
11-26 19:12:42.769  8427  8467 I BatteryMgr:DataCollectionService: stats => 1701022362769,11901,4447,2136,4169000,100
11-26 19:12:42.794  1011  1189 I ASH     : @ 369214.966: tcs3701: stop power rail pending_off timer
11-26 19:12:42.794  1011  1189 D ASH     : @ 369214.966: tcs3701: start power rail timer, state:3
11-26 19:12:42.834  1011  1189 I ASH     : @ 369215.006: tcs3701: stop power rail pending_off timer
11-26 19:12:42.834  1011  1189 D ASH     : @ 369215.006: tcs3701: start power rail timer, state:3
11-26 19:12:42.874  1011  1189 I ASH     : @ 369215.046: tcs3701: stop power rail pending_off timer
11-26 19:12:42.874  1011  1189 D ASH     : @ 369215.046: tcs3701: start power rail timer, state:3
11-26 19:12:42.879  8427  8467 I BatteryMgr:DataCollectionService: stats => 1701022362878,11901,4447,2136,4169000,100
11-26 19:12:42.914  1011  1189 I ASH     : @ 369215.086: tcs3701: stop power rail pending_off timer
11-26 19:12:42.914  1011  1189 D ASH     : @ 369215.086: tcs3701: start power rail timer, state:3
11-26 19:12:42.954  1011  1189 I ASH     : @ 369215.126: tcs3701: stop power rail pending_off timer
11-26 19:12:42.954  1011  1189 D ASH     : @ 369215.126: tcs3701: start power rail timer, state:3
11-26 19:12:42.984  8427  8467 I BatteryMgr:DataCollectionService: stats => 1701022362984,11901,4447,2136,4169000,100
11-26 19:12:42.994  1011  1189 I ASH     : @ 369215.166: tcs3701: stop power rail pending_off timer
11-26 19:12:42.994  1011  1189 D ASH     : @ 369215.166: tcs3701: start power rail timer, state:3
11-26 19:12:43.034  1011  1189 I ASH     : @ 369215.206: tcs3701: stop power rail pending_off timer
11-26 19:12:43.034  1011  1189 D ASH     : @ 369215.206: tcs3701: start power rail timer, state:3
11-26 19:12:43.074  1011  1189 I ASH     : @ 369215.246: tcs3701: stop power rail pending_off timer
11-26 19:12:43.074  1011  1189 D ASH     : @ 369215.246: tcs3701: start power rail timer, state:3
11-26 19:12:43.091  8427  8467 I BatteryMgr:DataCollectionService: stats => 1701022363091,11901,4447,2136,4169000,100
11-26 19:12:43.114  1011  1189 I ASH     : @ 369215.286: tcs3701: stop power rail pending_off timer
11-26 19:12:43.114  1011  1189 D ASH     : @ 369215.286: tcs3701: start power rail timer, state:3
11-26 19:12:43.154  1011  1189 I ASH     : @ 369215.326: tcs3701: stop power rail pending_off timer
11-26 19:12:43.154  1011  1189 D ASH     : @ 369215.326: tcs3701: start power rail timer, state:3
11-26 19:12:43.194  1011  1189 I ASH     : @ 369215.366: tcs3701: stop power rail pending_off timer
11-26 19:12:43.194  1011  1189 D ASH     : @ 369215.366: tcs3701: start power rail timer, state:3
11-26 19:12:43.200  8427  8467 I BatteryMgr:DataCollectionService: stats => 1701022363200,11901,4447,2136,4169000,100
11-26 19:12:43.234  1011  1189 I ASH     : @ 369215.406: tcs3701: stop power rail pending_off timer
11-26 19:12:43.234  1011  1189 D ASH     : @ 369215.406: tcs3701: start power rail timer, state:3
11-26 19:12:43.274  1011  1189 I ASH     : @ 369215.446: tcs3701: stop power rail pending_off timer
11-26 19:12:43.274  1011  1189 D ASH     : @ 369215.446: tcs3701: start power rail timer, state:3
11-26 19:12:43.305  8427  8467 I BatteryMgr:DataCollectionService: stats => 1701022363305,11901,4447,2136,4169000,100
11-26 19:12:43.314  1011  1189 I ASH     : @ 369215.486: tcs3701: stop power rail pending_off timer
11-26 19:12:43.314  1011  1189 D ASH     : @ 369215.486: tcs3701: start power rail timer, state:3
11-26 19:12:43.354  1011  1189 I ASH     : @ 369215.526: tcs3701: stop power rail pending_off timer
11-26 19:12:43.355  1011  1189 D ASH     : @ 369215.526: tcs3701: start power rail timer, state:3
11-26 19:12:43.372  1795  1854 D ActivityManager: freezer override set to true
11-26 19:12:43.381  1795  1854 D ActivityManager: freezer override set to false
11-26 19:12:43.394  1011  1189 I ASH     : @ 369215.566: tcs3701: stop power rail pending_off timer
11-26 19:12:43.394  1011  1189 D ASH     : @ 369215.566: tcs3701: start power rail timer, state:3
11-26 19:12:43.417  8427  8467 I BatteryMgr:DataCollectionService: stats => 1701022363417,11901,4447,2136,4169000,100
11-26 19:12:43.421  1795  1854 D ActivityManager: freezer override set to true
11-26 19:12:43.434  1011  1189 I ASH     : @ 369215.606: tcs3701: stop power rail pending_off timer
11-26 19:12:43.434  1011  1189 D ASH     : @ 369215.606: tcs3701: start power rail timer, state:3
11-26 19:12:43.474  1011  1189 I ASH     : @ 369215.646: tcs3701: stop power rail pending_off timer
11-26 19:12:43.474  1011  1189 D ASH     : @ 369215.646: tcs3701: start power rail timer, state:3
11-26 19:12:43.514  1011  1189 I ASH     : @ 369215.686: tcs3701: stop power rail pending_off timer
11-26 19:12:43.514  1011  1189 D ASH     : @ 369215.686: tcs3701: start power rail timer, state:3
11-26 19:12:43.523  8427  8467 I BatteryMgr:DataCollectionService: stats => 1701022363523,11901,4447,2136,4169000,100
11-26 19:12:43.528  1011  1189 I CHRE    : @ 369215.700: [GYRO_RPS] (s0, c0) Offset | Temp [C] | Quality: 0.002230, 0.000258, 0.000413 | 39.43 | 4
11-26 19:12:43.528  1011  1189 I CHRE    : @ 369215.700: [GYRO_RPS] (s0) Temp Sensitivity: -0.000039, -0.000005, -0.000016
11-26 19:12:43.528  1011  1189 I CHRE    : @ 369215.700: [GYRO_RPS] (s0) Temp Intercept: 0.003713, 0.000496, 0.001069
11-26 19:12:43.554  1011  1189 I ASH     : @ 369215.726: tcs3701: stop power rail pending_off timer
11-26 19:12:43.554  1011  1189 D ASH     : @ 369215.726: tcs3701: start power rail timer, state:3
11-26 19:12:43.562 11556 11606 I m.chrome.canary: Explicit concurrent copying GC freed 4179(223KB) AllocSpace objects, 5(100KB) LOS objects, 75% free, 14MB/56MB, paused 168us,27us total 86.515ms
11-26 19:12:43.594  1011  1189 I ASH     : @ 369215.766: tcs3701: stop power rail pending_off timer
11-26 19:12:43.594  1011  1189 D ASH     : @ 369215.766: tcs3701: start power rail timer, state:3
11-26 19:12:43.625  2113  2118 I pixel-thermal: skin-therm-monitor: 40.65
11-26 19:12:43.626  2113  2118 I pixel-thermal: panel-audio-therm: 40.65
11-26 19:12:43.627  8427  8467 I BatteryMgr:DataCollectionService: stats => 1701022363627,11901,4447,2136,4169000,100
11-26 19:12:43.634  1011  1189 I ASH     : @ 369215.806: tcs3701: stop power rail pending_off timer
11-26 19:12:43.634  1011  1189 D ASH     : @ 369215.806: tcs3701: start power rail timer, state:3
11-26 19:12:43.645  1795  1854 D ActivityManager: freezer override set to false
11-26 19:12:43.674  1011  1189 I ASH     : @ 369215.846: tcs3701: stop power rail pending_off timer
11-26 19:12:43.674  1011  1189 D ASH     : @ 369215.846: tcs3701: start power rail timer, state:3
11-26 19:12:43.684  1795  1854 D ActivityManager: freezer override set to true
11-26 19:12:43.686  1795  1854 D ActivityManager: freezer override set to false
11-26 19:12:43.714  1011  1189 I ASH     : @ 369215.886: tcs3701: stop power rail pending_off timer
11-26 19:12:43.714  1011  1189 D ASH     : @ 369215.886: tcs3701: start power rail timer, state:3
11-26 19:12:43.724  1795  1854 D ActivityManager: freezer override set to true
11-26 19:12:43.726  1795  1854 D ActivityManager: freezer override set to false
11-26 19:12:43.733  8427  8467 I BatteryMgr:DataCollectionService: stats => 1701022363732,11901,4447,2136,4169000,100
11-26 19:12:43.754  1011  1189 I ASH     : @ 369215.926: tcs3701: stop power rail pending_off timer
11-26 19:12:43.754  1011  1189 D ASH     : @ 369215.926: tcs3701: start power rail timer, state:3
11-26 19:12:43.794  1011  1189 I ASH     : @ 369215.966: tcs3701: stop power rail pending_off timer
11-26 19:12:43.794  1011  1189 D ASH     : @ 369215.966: tcs3701: start power rail timer, state:3
11-26 19:12:43.834  1011  1189 I ASH     : @ 369216.006: tcs3701: stop power rail pending_off timer
11-26 19:12:43.834  1011  1189 D ASH     : @ 369216.006: tcs3701: start power rail timer, state:3
11-26 19:12:43.838  8427  8467 I BatteryMgr:DataCollectionService: stats => 1701022363838,11901,4447,2136,4169000,100
11-26 19:12:43.875  1011  1189 I ASH     : @ 369216.046: tcs3701: stop power rail pending_off timer
11-26 19:12:43.875  1011  1189 D ASH     : @ 369216.046: tcs3701: start power rail timer, state:3
11-26 19:12:43.914  1011  1189 I ASH     : @ 369216.086: tcs3701: stop power rail pending_off timer
11-26 19:12:43.914  1011  1189 D ASH     : @ 369216.086: tcs3701: start power rail timer, state:3
11-26 19:12:43.946  8427  8467 I BatteryMgr:DataCollectionService: stats => 1701022363946,11901,4447,2136,4169000,100
11-26 19:12:43.954  1011  1189 I ASH     : @ 369216.126: tcs3701: stop power rail pending_off timer
11-26 19:12:43.954  1011  1189 D ASH     : @ 369216.126: tcs3701: start power rail timer, state:3
11-26 19:12:43.994  1011  1189 I ASH     : @ 369216.166: tcs3701: stop power rail pending_off timer
11-26 19:12:43.994  1011  1189 D ASH     : @ 369216.166: tcs3701: start power rail timer, state:3
11-26 19:12:44.034  1011  1189 I ASH     : @ 369216.206: tcs3701: stop power rail pending_off timer
11-26 19:12:44.034  1011  1189 D ASH     : @ 369216.206: tcs3701: start power rail timer, state:3
11-26 19:12:44.052  8427  8467 I BatteryMgr:DataCollectionService: stats => 1701022364052,11901,4447,2136,4169000,100
11-26 19:12:44.074  1011  1189 I ASH     : @ 369216.246: tcs3701: stop power rail pending_off timer
11-26 19:12:44.074  1011  1189 D ASH     : @ 369216.246: tcs3701: start power rail timer, state:3
11-26 19:12:44.114  1011  1189 I ASH     : @ 369216.286: tcs3701: stop power rail pending_off timer
11-26 19:12:44.114  1011  1189 D ASH     : @ 369216.286: tcs3701: start power rail timer, state:3
11-26 19:12:44.154  1011  1189 I ASH     : @ 369216.326: tcs3701: stop power rail pending_off timer
11-26 19:12:44.154  1011  1189 D ASH     : @ 369216.326: tcs3701: start power rail timer, state:3
11-26 19:12:44.158  8427  8467 I BatteryMgr:DataCollectionService: stats => 1701022364158,11901,4447,2136,4169000,100
11-26 19:12:44.194  1011  1189 I ASH     : @ 369216.366: tcs3701: stop power rail pending_off timer
11-26 19:12:44.194  1011  1189 D ASH     : @ 369216.366: tcs3701: start power rail timer, state:3
11-26 19:12:44.212  1795  2424 D WifiClientModeImpl[13802:wlan0]: updateLinkLayerStatsRssiSpeedFrequencyCapabilities rssi=-46 TxLinkspeed=866 freq=5240 RxLinkSpeed=866
11-26 19:12:44.213  1795  2424 D WifiScoreCard: 1 lastSampleWeight=17/128 filterInKbps=58565 avgKbps=58565 filterOutKbps=58385
11-26 19:12:44.213  1795  2424 D WifiDataStall: tx tput in kbps: 686440
11-26 19:12:44.213  1795  2424 D WifiDataStall: rx tput in kbps: 771281
11-26 19:12:44.213  1795  2424 V WifiConfigManager: Updating scan detail cache freq=5240 BSSID=f4:6d:2f:12:cc:88 RSSI=-45 for "ourhome"WPA_PSK
11-26 19:12:44.213  2782  5906 D QCNEJ/WlanStaInfoRelay: Received action: android.net.wifi.RSSI_CHANGED
11-26 19:12:44.214  1795  2424 D WifiChannelUtilization:  freq: 5240 onTime: 10093369 busyTime: 905855 onTimeDiff: 445513 busyTimeDiff: 49369 utilization: 28 utilization t0: 22
11-26 19:12:44.214  1795  2424 D WifiDataStall:  ccaLevel = 28
11-26 19:12:44.214  1795  2424 D WifiDataStall: L2 txTputKbps: 647876, rxTputKbps: 771281, L3 txTputKbps: 120, rxTputKbps: 29, TxTrafficHigh: true, RxTrafficHigh: true, Throughput Sufficient: true
11-26 19:12:44.214  2673 16646 V WifiManager: OnWifiUsabilityStatsListener: onWifiUsabilityStats: seqNum=93912
