11-26 18:59:57.521  1795  3613 D ActivityManager: freezer override set to true
11-26 18:59:57.526  1795  3613 D ActivityManager: freezer override set to false
11-26 18:59:57.550  8427  8469 I BatteryMgr:DataCollectionService: stats => 1701021597550,13427,4447,2136,4169000,100
11-26 18:59:57.559  1795  3613 D ActivityManager: freezer override set to true
11-26 18:59:57.560  1011  1189 I ASH     : @ 368449.733: tcs3701: stop power rail pending_off timer
11-26 18:59:57.560  1011  1189 D ASH     : @ 368449.733: tcs3701: start power rail timer, state:3
11-26 18:59:57.563  1795  3613 D ActivityManager: freezer override set to false
11-26 18:59:57.600  1011  1189 I ASH     : @ 368449.773: tcs3701: stop power rail pending_off timer
11-26 18:59:57.601  1011  1189 D ASH     : @ 368449.773: tcs3701: start power rail timer, state:3
11-26 18:59:57.641  1011  1189 I ASH     : @ 368449.813: tcs3701: stop power rail pending_off timer
11-26 18:59:57.641  1011  1189 D ASH     : @ 368449.813: tcs3701: start power rail timer, state:3
11-26 18:59:57.655  8427  8469 I BatteryMgr:DataCollectionService: stats => 1701021597654,13427,4447,2136,4169000,100
11-26 18:59:57.680  1011  1189 I ASH     : @ 368449.853: tcs3701: stop power rail pending_off timer
11-26 18:59:57.680  1011  1189 D ASH     : @ 368449.853: tcs3701: start power rail timer, state:3
11-26 18:59:57.722  1011  1189 I ASH     : @ 368449.893: tcs3701: stop power rail pending_off timer
11-26 18:59:57.722  1011  1189 D ASH     : @ 368449.893: tcs3701: start power rail timer, state:3
11-26 18:59:57.760  1011  1189 I ASH     : @ 368449.933: tcs3701: stop power rail pending_off timer
11-26 18:59:57.761  1011  1189 D ASH     : @ 368449.933: tcs3701: start power rail timer, state:3
11-26 18:59:57.762  8427  8469 I BatteryMgr:DataCollectionService: stats => 1701021597762,13427,4447,2136,4169000,100
11-26 18:59:57.800  1011  1189 I ASH     : @ 368449.973: tcs3701: stop power rail pending_off timer
11-26 18:59:57.800  1011  1189 D ASH     : @ 368449.973: tcs3701: start power rail timer, state:3
11-26 18:59:57.840  1011  1189 I ASH     : @ 368450.013: tcs3701: stop power rail pending_off timer
11-26 18:59:57.840  1011  1189 D ASH     : @ 368450.013: tcs3701: start power rail timer, state:3
11-26 18:59:57.867  8427  8469 I BatteryMgr:DataCollectionService: stats => 1701021597867,13427,4447,2136,4169000,100
11-26 18:59:57.881  1011  1189 I ASH     : @ 368450.053: tcs3701: stop power rail pending_off timer
11-26 18:59:57.881  1011  1189 D ASH     : @ 368450.053: tcs3701: start power rail timer, state:3
11-26 18:59:57.917  1795  2424 D WifiClientModeImpl[13802:wlan0]: updateLinkLayerStatsRssiSpeedFrequencyCapabilities rssi=-47 TxLinkspeed=780 freq=5240 RxLinkSpeed=6
11-26 18:59:57.918  1795  2424 D WifiDataStall: tx tput in kbps: 659953
11-26 18:59:57.918  1795  2424 D WifiDataStall: rx tput in kbps: 771281
11-26 18:59:57.918  1795  2424 V WifiConfigManager: Updating scan detail cache freq=5240 BSSID=f4:6d:2f:12:cc:88 RSSI=-46 for "ourhome"WPA_PSK
11-26 18:59:57.918  1795  2424 D WifiChannelUtilization:  freq: 5240 onTime: 10052895 busyTime: 901850 onTimeDiff: 405039 busyTimeDiff: 45364 utilization: 28 utilization t0: 22
11-26 18:59:57.918  1795  2424 D WifiDataStall:  ccaLevel = 28
11-26 18:59:57.918  1795  2424 D WifiDataStall: L2 txTputKbps: 659953, rxTputKbps: 771281, L3 txTputKbps: 0, rxTputKbps: 0, TxTrafficHigh: false, RxTrafficHigh: false, Throughput Sufficient: true
11-26 18:59:57.918  2673 16648 V WifiManager: OnWifiUsabilityStatsListener: onWifiUsabilityStats: seqNum=93658
11-26 18:59:57.918  1795  2424 D WifiScoreReport: Wifi scoring disabled - Don't check IP layer
11-26 18:59:57.918  1795  2424 D WifiScoreCard: BSSID update SIGNAL_POLL ID: 1320464697 SSID: "ourhome", BSSID: f4:6d:2f:12:cc:88, MAC: b2:2f:ec:da:4a:0c, IP: /192.168.1.104, Security type: 2, Supplicant state: COMPLETED, Wi-Fi standard: 5, RSSI: -47, Link speed: 780Mbps, Tx Link speed: 780Mbps, Max Supported Tx Link speed: 866Mbps, Rx Link speed: 6Mbps, Max Supported Rx Link speed: 866Mbps, Frequency: 5240MHz, Net ID: 12, Metered hint: false, score: 60, isUsable: true, CarrierMerged: false, SubscriptionId: -1, IsPrimary: 1, Trusted: true, Restricted: false, Ephemeral: false, OEM paid: false, OEM private: false, OSU AP: false, FQDN: <none>, Provider friendly name: <none>, Requesting package name: <none>"ourhome"wpa2-pskMLO Information: , Is TID-To-Link negotiation supported by the AP: false, AP MLD Address: <none>, AP MLO Link Id: <none>, AP MLO Affiliated links: <none>
11-26 18:59:57.918  1795  2424 D WifiScoreCard: txRate: 1 txSpeed: 780
11-26 18:59:57.918  2782  5906 D QCNEJ/WlanStaInfoRelay: Received action: android.net.wifi.RSSI_CHANGED
11-26 18:59:57.919  1795  2424 D WifiScoreCard: network update SIGNAL_POLL "ourhome" ID: 1499892569 RSSI -47 txSpeed -1
11-26 18:59:57.919  1795  2424 D WifiClientModeImpl[13802:wlan0]:  ClientModeImpl$L2ConnectedState screen=on 37 0 "ourhome" f4:6d:2f:12:cc:88 rssi=-47 f=5240 sc=60 link=780 tx=0.2, 0.0, 0.0 rx=0.2 bcn=3484031 [on:231 tx:0 rx:1 period:3014] from screen [on:416914 period:9163205] score=60
11-26 18:59:57.919  2513 14800 V WifiManager: TrafficStateCallbackProxy: onStateChanged state=3
11-26 18:59:57.919  1795  3613 I WifiService: updateWifiUsabilityScore uid=10180 seqNum=93658 score=100 predictionHorizonSec=1441795
11-26 18:59:57.920  1795  2424 D WifiScoreReport: Wifi scoring disabled - Notify that Wifi is usable
11-26 18:59:57.920  1011  1189 I ASH     : @ 368450.093: tcs3701: stop power rail pending_off timer
11-26 18:59:57.921  1011  1189 D ASH     : @ 368450.093: tcs3701: start power rail timer, state:3
11-26 18:59:57.923  1795  2432 D ConnectivityService: NetReassign [no changes] [c 1] [a 0] [i 2]
11-26 18:59:57.946  2113  2118 I pixel-thermal: skin-therm-monitor: 41.819
11-26 18:59:57.947  2113  2118 I pixel-thermal: panel-audio-therm: 41.815
11-26 18:59:57.961  1011  1189 I ASH     : @ 368450.133: tcs3701: stop power rail pending_off timer
11-26 18:59:57.961  1011  1189 D ASH     : @ 368450.133: tcs3701: start power rail timer, state:3
11-26 18:59:57.974  8427  8469 I BatteryMgr:DataCollectionService: stats => 1701021597973,13427,4447,2136,4169000,100
11-26 18:59:58.001  1011  1189 I ASH     : @ 368450.173: tcs3701: stop power rail pending_off timer
11-26 18:59:58.001  1011  1189 D ASH     : @ 368450.173: tcs3701: start power rail timer, state:3
11-26 18:59:58.040  1011  1189 I ASH     : @ 368450.213: tcs3701: stop power rail pending_off timer
11-26 18:59:58.040  1011  1189 D ASH     : @ 368450.213: tcs3701: start power rail timer, state:3
11-26 18:59:58.079  8427  8469 I BatteryMgr:DataCollectionService: stats => 1701021598079,13427,4447,2136,4169000,100
11-26 18:59:58.080  1011  1189 I ASH     : @ 368450.253: tcs3701: stop power rail pending_off timer
11-26 18:59:58.080  1011  1189 D ASH     : @ 368450.253: tcs3701: start power rail timer, state:3
11-26 18:59:58.122  1011  1189 I ASH     : @ 368450.293: tcs3701: stop power rail pending_off timer
11-26 18:59:58.122  1011  1189 D ASH     : @ 368450.293: tcs3701: start power rail timer, state:3
11-26 18:59:58.160  1011  1189 I ASH     : @ 368450.333: tcs3701: stop power rail pending_off timer
11-26 18:59:58.161  1011  1189 D ASH     : @ 368450.333: tcs3701: start power rail timer, state:3
11-26 18:59:58.186  8427  8469 I BatteryMgr:DataCollectionService: stats => 1701021598186,13427,4447,2136,4169000,100
11-26 18:59:58.201  1011  1189 I ASH     : @ 368450.373: tcs3701: stop power rail pending_off timer
11-26 18:59:58.201  1011  1189 D ASH     : @ 368450.373: tcs3701: start power rail timer, state:3
11-26 18:59:58.240  1011  1189 I ASH     : @ 368450.413: tcs3701: stop power rail pending_off timer
11-26 18:59:58.240  1011  1189 D ASH     : @ 368450.413: tcs3701: start power rail timer, state:3
11-26 18:59:58.280  1011  1189 I ASH     : @ 368450.453: tcs3701: stop power rail pending_off timer
11-26 18:59:58.281  1011  1189 D ASH     : @ 368450.453: tcs3701: start power rail timer, state:3
11-26 18:59:58.292  8427  8469 I BatteryMgr:DataCollectionService: stats => 1701021598291,13427,4447,2136,4169000,100
11-26 18:59:58.320  1011  1189 I ASH     : @ 368450.493: tcs3701: stop power rail pending_off timer
11-26 18:59:58.320  1011  1189 D ASH     : @ 368450.493: tcs3701: start power rail timer, state:3
11-26 18:59:58.360  1011  1189 I ASH     : @ 368450.533: tcs3701: stop power rail pending_off timer
11-26 18:59:58.360  1011  1189 D ASH     : @ 368450.533: tcs3701: start power rail timer, state:3
11-26 18:59:58.373  1795  3613 D ActivityManager: freezer override set to true
11-26 18:59:58.376  1795  3613 D ActivityManager: freezer override set to false
11-26 18:59:58.398  8427  8469 I BatteryMgr:DataCollectionService: stats => 1701021598398,13427,4447,2136,4169000,100
11-26 18:59:58.401  1011  1189 I ASH     : @ 368450.573: tcs3701: stop power rail pending_off timer
11-26 18:59:58.401  1011  1189 D ASH     : @ 368450.573: tcs3701: start power rail timer, state:3
11-26 18:59:58.441  1011  1189 I ASH     : @ 368450.613: tcs3701: stop power rail pending_off timer
11-26 18:59:58.441  1011  1189 D ASH     : @ 368450.613: tcs3701: start power rail timer, state:3
11-26 18:59:58.480  1011  1189 I ASH     : @ 368450.653: tcs3701: stop power rail pending_off timer
11-26 18:59:58.480  1011  1189 D ASH     : @ 368450.653: tcs3701: start power rail timer, state:3
11-26 18:59:58.503  8427  8469 I BatteryMgr:DataCollectionService: stats => 1701021598503,13427,4447,2136,4169000,100
11-26 18:59:58.520  1011  1189 I ASH     : @ 368450.693: tcs3701: stop power rail pending_off timer
11-26 18:59:58.521  1011  1189 D ASH     : @ 368450.693: tcs3701: start power rail timer, state:3
11-26 18:59:58.560  1011  1189 I ASH     : @ 368450.733: tcs3701: stop power rail pending_off timer
11-26 18:59:58.560  1011  1189 D ASH     : @ 368450.733: tcs3701: start power rail timer, state:3
11-26 18:59:58.601  1011  1189 I ASH     : @ 368450.773: tcs3701: stop power rail pending_off timer
11-26 18:59:58.601  1011  1189 D ASH     : @ 368450.773: tcs3701: start power rail timer, state:3
11-26 18:59:58.610  8427  8469 I BatteryMgr:DataCollectionService: stats => 1701021598610,13427,4447,2136,4169000,100
11-26 18:59:58.641  1011  1189 I ASH     : @ 368450.813: tcs3701: stop power rail pending_off timer
11-26 18:59:58.641  1011  1189 D ASH     : @ 368450.813: tcs3701: start power rail timer, state:3
11-26 18:59:58.680  1011  1189 I ASH     : @ 368450.853: tcs3701: stop power rail pending_off timer
11-26 18:59:58.680  1011  1189 D ASH     : @ 368450.853: tcs3701: start power rail timer, state:3
11-26 18:59:58.700  1795  3613 D ActivityManager: freezer override set to true
11-26 18:59:58.717  8427  8469 I BatteryMgr:DataCollectionService: stats => 1701021598717,13427,4447,2136,4169000,100
11-26 18:59:58.720  1011  1189 I ASH     : @ 368450.893: tcs3701: stop power rail pending_off timer
11-26 18:59:58.720  1011  1189 D ASH     : @ 368450.893: tcs3701: start power rail timer, state:3
11-26 18:59:58.760  1011  1189 I ASH     : @ 368450.933: tcs3701: stop power rail pending_off timer
11-26 18:59:58.760  1011  1189 D ASH     : @ 368450.933: tcs3701: start power rail timer, state:3
11-26 18:59:58.801  1011  1189 I ASH     : @ 368450.973: tcs3701: stop power rail pending_off timer
11-26 18:59:58.801  1011  1189 D ASH     : @ 368450.973: tcs3701: start power rail timer, state:3
11-26 18:59:58.821 21716 21769 I m.chrome.canary: Explicit concurrent copying GC freed 4051(207KB) AllocSpace objects, 5(100KB) LOS objects, 75% free, 14MB/56MB, paused 64us,29us total 70.484ms
11-26 18:59:58.825  8427  8469 I BatteryMgr:DataCollectionService: stats => 1701021598825,13427,4447,2136,4169000,100
11-26 18:59:58.840  1011  1189 I ASH     : @ 368451.013: tcs3701: stop power rail pending_off timer
11-26 18:59:58.840  1011  1189 D ASH     : @ 368451.013: tcs3701: start power rail timer, state:3
11-26 18:59:58.880  1011  1189 I ASH     : @ 368451.053: tcs3701: stop power rail pending_off timer
11-26 18:59:58.881  1011  1189 D ASH     : @ 368451.053: tcs3701: start power rail timer, state:3
11-26 18:59:58.895  1795  3613 D ActivityManager: freezer override set to false
11-26 18:59:58.920  1011  1189 I ASH     : @ 368451.093: tcs3701: stop power rail pending_off timer
11-26 18:59:58.920  1011  1189 D ASH     : @ 368451.093: tcs3701: start power rail timer, state:3
11-26 18:59:58.931  8427  8469 I BatteryMgr:DataCollectionService: stats => 1701021598931,13427,4447,2136,4169000,100
11-26 18:59:58.945  1795  3613 D ActivityManager: freezer override set to true
11-26 18:59:58.948  1795  3613 D ActivityManager: freezer override set to false
11-26 18:59:58.960  1011  1189 I ASH     : @ 368451.133: tcs3701: stop power rail pending_off timer
11-26 18:59:58.960  1011  1189 D ASH     : @ 368451.133: tcs3701: start power rail timer, state:3
11-26 18:59:58.983  1795  3613 D ActivityManager: freezer override set to true
11-26 18:59:58.986  1795  3613 D ActivityManager: freezer override set to false
11-26 18:59:59.001  1011  1189 I ASH     : @ 368451.173: tcs3701: stop power rail pending_off timer
11-26 18:59:59.001  1011  1189 D ASH     : @ 368451.173: tcs3701: start power rail timer, state:3
11-26 18:59:59.038  8427  8469 I BatteryMgr:DataCollectionService: stats => 1701021599038,13427,4447,2136,4169000,100
11-26 18:59:59.040  1011  1189 I ASH     : @ 368451.213: tcs3701: stop power rail pending_off timer
11-26 18:59:59.040  1011  1189 D ASH     : @ 368451.213: tcs3701: start power rail timer, state:3
11-26 18:59:59.081  1011  1189 I ASH     : @ 368451.253: tcs3701: stop power rail pending_off timer
11-26 18:59:59.081  1011  1189 D ASH     : @ 368451.253: tcs3701: start power rail timer, state:3
11-26 18:59:59.121  1011  1189 I ASH     : @ 368451.293: tcs3701: stop power rail pending_off timer
11-26 18:59:59.121  1011  1189 D ASH     : @ 368451.293: tcs3701: start power rail timer, state:3
11-26 18:59:59.144  8427  8469 I BatteryMgr:DataCollectionService: stats => 1701021599144,13427,4447,2136,4169000,100
11-26 18:59:59.160  1011  1189 I ASH     : @ 368451.333: tcs3701: stop power rail pending_off timer
11-26 18:59:59.160  1011  1189 D ASH     : @ 368451.333: tcs3701: start power rail timer, state:3
11-26 18:59:59.200  1011  1189 I ASH     : @ 368451.373: tcs3701: stop power rail pending_off timer
11-26 18:59:59.200  1011  1189 D ASH     : @ 368451.373: tcs3701: start power rail timer, state:3
11-26 18:59:59.241  1011  1189 I ASH     : @ 368451.413: tcs3701: stop power rail pending_off timer
11-26 18:59:59.241  1011  1189 D ASH     : @ 368451.413: tcs3701: start power rail timer, state:3
11-26 18:59:59.251  8427  8469 I BatteryMgr:DataCollectionService: stats => 1701021599251,13427,4447,2136,4169000,100
11-26 18:59:59.281  1011  1189 I ASH     : @ 368451.453: tcs3701: stop power rail pending_off timer
11-26 18:59:59.281  1011  1189 D ASH     : @ 368451.453: tcs3701: start power rail timer, state:3
11-26 18:59:59.320  1011  1189 I ASH     : @ 368451.493: tcs3701: stop power rail pending_off timer
11-26 18:59:59.320  1011  1189 D ASH     : @ 368451.493: tcs3701: start power rail timer, state:3
11-26 18:59:59.356  8427  8469 I BatteryMgr:DataCollectionService: stats => 1701021599356,13427,4447,2136,4169000,100
11-26 18:59:59.361  1011  1189 I ASH     : @ 368451.533: tcs3701: stop power rail pending_off timer
11-26 18:59:59.361  1011  1189 D ASH     : @ 368451.533: tcs3701: start power rail timer, state:3
11-26 18:59:59.389  1795  3613 D ActivityManager: freezer override set to true
11-26 18:59:59.395  1795  3613 D ActivityManager: freezer override set to false
11-26 18:59:59.400  1011  1189 I ASH     : @ 368451.573: tcs3701: stop power rail pending_off timer
11-26 18:59:59.400  1011  1189 D ASH     : @ 368451.573: tcs3701: start power rail timer, state:3
11-26 18:59:59.441  1011  1189 I ASH     : @ 368451.613: tcs3701: stop power rail pending_off timer
11-26 18:59:59.441  1011  1189 D ASH     : @ 368451.613: tcs3701: start power rail timer, state:3
11-26 18:59:59.461  8427  8469 I BatteryMgr:DataCollectionService: stats => 1701021599461,13427,4447,2136,4169000,100
11-26 18:59:59.481  1011  1189 I ASH     : @ 368451.653: tcs3701: stop power rail pending_off timer
11-26 18:59:59.481  1011  1189 D ASH     : @ 368451.653: tcs3701: start power rail timer, state:3
11-26 18:59:59.520  1011  1189 I ASH     : @ 368451.693: tcs3701: stop power rail pending_off timer
11-26 18:59:59.520  1011  1189 D ASH     : @ 368451.693: tcs3701: start power rail timer, state:3
11-26 18:59:59.560  1011  1189 I ASH     : @ 368451.733: tcs3701: stop power rail pending_off timer
11-26 18:59:59.560  1011  1189 D ASH     : @ 368451.733: tcs3701: start power rail timer, state:3
11-26 18:59:59.567  8427  8469 I BatteryMgr:DataCollectionService: stats => 1701021599567,13427,4447,2136,4169000,100
11-26 18:59:59.600  1011  1189 I ASH     : @ 368451.773: tcs3701: stop power rail pending_off timer
11-26 18:59:59.600  1011  1189 D ASH     : @ 368451.773: tcs3701: start power rail timer, state:3
11-26 18:59:59.640  1011  1189 I ASH     : @ 368451.813: tcs3701: stop power rail pending_off timer
11-26 18:59:59.640  1011  1189 D ASH     : @ 368451.813: tcs3701: start power rail timer, state:3
11-26 18:59:59.671  8427  8469 I BatteryMgr:DataCollectionService: stats => 1701021599671,13427,4447,2136,4169000,100
11-26 18:59:59.681  1011  1189 I ASH     : @ 368451.853: tcs3701: stop power rail pending_off timer
11-26 18:59:59.681  1011  1189 D ASH     : @ 368451.853: tcs3701: start power rail timer, state:3
11-26 18:59:59.721  1011  1189 I ASH     : @ 368451.893: tcs3701: stop power rail pending_off timer
11-26 18:59:59.721  1011  1189 D ASH     : @ 368451.893: tcs3701: start power rail timer, state:3
11-26 18:59:59.760  1011  1189 I ASH     : @ 368451.933: tcs3701: stop power rail pending_off timer
11-26 18:59:59.760  1011  1189 D ASH     : @ 368451.933: tcs3701: start power rail timer, state:3
11-26 18:59:59.776  8427  8469 I BatteryMgr:DataCollectionService: stats => 1701021599776,13427,4447,2136,4169000,100
11-26 18:59:59.800  1011  1189 I ASH     : @ 368451.973: tcs3701: stop power rail pending_off timer
11-26 18:59:59.800  1011  1189 D ASH     : @ 368451.973: tcs3701: start power rail timer, state:3
11-26 18:59:59.840  1011  1189 I ASH     : @ 368452.013: tcs3701: stop power rail pending_off timer
11-26 18:59:59.840  1011  1189 D ASH     : @ 368452.013: tcs3701: start power rail timer, state:3
11-26 18:59:59.880  8427  8469 I BatteryMgr:DataCollectionService: stats => 1701021599880,13427,4447,2136,4169000,100
11-26 18:59:59.880  1011  1189 I ASH     : @ 368452.053: tcs3701: stop power rail pending_off timer
11-26 18:59:59.881  1011  1189 D ASH     : @ 368452.053: tcs3701: start power rail timer, state:3
11-26 18:59:59.920  1011  1189 I ASH     : @ 368452.093: tcs3701: stop power rail pending_off timer
11-26 18:59:59.920  1011  1189 D ASH     : @ 368452.093: tcs3701: start power rail timer, state:3
11-26 18:59:59.951  2113  2118 I pixel-thermal: skin-therm-monitor: 41.83
11-26 18:59:59.952  2113  2118 I pixel-thermal: panel-audio-therm: 41.819
11-26 18:59:59.961  1011  1189 I ASH     : @ 368452.133: tcs3701: stop power rail pending_off timer
11-26 18:59:59.961  1011  1189 D ASH     : @ 368452.133: tcs3701: start power rail timer, state:3
11-26 18:59:59.985  8427  8469 I BatteryMgr:DataCollectionService: stats => 1701021599985,13427,4447,2136,4169000,100
11-26 19:00:00.003  1795  2119 D CompatibilityChangeReporter: Compat change id reported: 135634846; UID 10145; state: DISABLED
11-26 19:00:00.003  1795  2119 D CompatibilityChangeReporter: Compat change id reported: 177438394; UID 10145; state: DISABLED
11-26 19:00:00.004  1795  2119 D CompatibilityChangeReporter: Compat change id reported: 135772972; UID 10145; state: DISABLED
11-26 19:00:00.004  1795  2119 D CompatibilityChangeReporter: Compat change id reported: 135754954; UID 10145; state: ENABLED
11-26 19:00:00.004  1011  1189 I ASH     : @ 368452.173: tcs3701: stop power rail pending_off timer
11-26 19:00:00.004  1011  1189 D ASH     : @ 368452.173: tcs3701: start power rail timer, state:3
11-26 19:00:00.004  1795  2120 D CompatibilityChangeReporter: Compat change id reported: 143937733; UID 10145; state: ENABLED
11-26 19:00:00.008  3579  3877 I AiAiEcho: (REDACTED) Predicting[%d]: %s
11-26 19:00:00.010  3579  3877 I AiAiEcho: (REDACTED) EchoTargets: %s
11-26 19:00:00.010  3579  3877 I AiAiEcho: Filtered by AiAi flag check: %s
11-26 19:00:00.012  3579  3877 I AiAiEcho: (REDACTED) Ranked targets strategy: %s, count: %d, ranking metadata: %s
11-26 19:00:00.012  3579  3877 I AiAiEcho: (REDACTED) #weatherTwiddler: Weather removes SubtitleSupplementalItem in surface: %s
11-26 19:00:00.012   987   987 D Zygote  : Forked child process 23065
11-26 19:00:00.013  1795  2120 I ActivityManager: Start proc 23065:com.google.android.settings.intelligence/u0a145 for broadcast {com.google.android.settings.intelligence/com.google.android.settings.intelligence.modules.battery.impl.usage.PeriodicJobReceiver}
11-26 19:00:00.013  3579  3877 I AiAiEcho: (REDACTED) Predicting[%d]: %s
11-26 19:00:00.015  3579  3877 I AiAiEcho: (REDACTED) EchoTargets: %s
11-26 19:00:00.015  3579  3877 I AiAiEcho: Filtered by AiAi flag check: %s
11-26 19:00:00.017  3579  3877 I AiAiEcho: (REDACTED) Ranked targets strategy: %s, count: %d, ranking metadata: %s
11-26 19:00:00.017  3579  3877 I AiAiEcho: (REDACTED) #weatherTwiddler: Weather removes SubtitleSupplementalItem in surface: %s
11-26 19:00:00.019  3579  3877 I AiAiEcho: (REDACTED) Predicting[%d]: %s
11-26 19:00:00.019 23065 23065 I gs.intelligence: Using CollectorTypeCC GC.
11-26 19:00:00.020  3579  3877 I AiAiEcho: (REDACTED) EchoTargets: %s
11-26 19:00:00.020  3579  3877 I AiAiEcho: Filtered by AiAi flag check: %s
11-26 19:00:00.020  3579  3877 I AiAiEcho: (REDACTED) Ranked targets strategy: %s, count: %d, ranking metadata: %s
11-26 19:00:00.022  3579  3877 I AiAiEcho: (REDACTED) #weatherTwiddler: Weather removes SubtitleSupplementalItem in surface: %s
11-26 19:00:00.023  3579  3877 I AiAiEcho: (REDACTED) Predicting[%d]: %s
11-26 19:00:00.024  3579  3877 I AiAiEcho: (REDACTED) EchoTargets: %s
11-26 19:00:00.024  3579  3877 I AiAiEcho: Filtered by AiAi flag check: %s
11-26 19:00:00.025  3579  3877 I AiAiEcho: (REDACTED) Ranked targets strategy: %s, count: %d, ranking metadata: %s
11-26 19:00:00.025 23065 23065 E gs.intelligence: Not starting debugger since process cannot load the jdwp agent.
11-26 19:00:00.028  3579  3877 I AiAiEcho: (REDACTED) Predicting[%d]: %s
11-26 19:00:00.029  3579  3877 I AiAiEcho: (REDACTED) EchoTargets: %s
11-26 19:00:00.029  3579  3877 I AiAiEcho: Filtered by AiAi flag check: %s
11-26 19:00:00.030  3579  3877 I AiAiEcho: (REDACTED) Ranked targets strategy: %s, count: %d, ranking metadata: %s
11-26 19:00:00.030  3579  3877 I AiAiEcho: (REDACTED) #weatherTwiddler: Weather removes SubtitleSupplementalItem in surface: %s
11-26 19:00:00.033  1795  3613 D CompatibilityChangeReporter: Compat change id reported: 168419799; UID 10145; state: DISABLED
11-26 19:00:00.033  1795  3613 D CompatibilityChangeReporter: Compat change id reported: 273564678; UID 10145; state: DISABLED
11-26 19:00:00.034  3579  3877 I AiAiEcho: (REDACTED) #postPredictionTargets: Sending updates to UISurface %s with targets# %s (types=[%s])
11-26 19:00:00.035  1795  3613 D CompatibilityChangeReporter: Compat change id reported: 181136395; UID 10010; state: DISABLED
11-26 19:00:00.035  1795  3613 D CompatibilityChangeReporter: Compat change id reported: 174042936; UID 10010; state: DISABLED
11-26 19:00:00.037  3657  3683 D ForegroundUtils: Foreground UID status:
11-26 19:00:00.038  3657  3683 D ForegroundUtils: UID: 10010 is in foreground: true
11-26 19:00:00.038  3657  3683 D ForegroundUtils: UID: 10128 is in foreground: true
11-26 19:00:00.038  3657  3683 D ForegroundUtils: UID: 10158 is in foreground: true
11-26 19:00:00.038  3657  3683 D ForegroundUtils: UID: 10189 is in foreground: false
11-26 19:00:00.038  3657  3683 D ForegroundUtils: UID: 10194 is in foreground: true
11-26 19:00:00.038  3657  3683 D ForegroundUtils: UID: 10206 is in foreground: false
11-26 19:00:00.038  3657  3683 D ForegroundUtils: UID: 10233 is in foreground: true
11-26 19:00:00.038  3657  3683 D ForegroundUtils: UID: 10244 is in foreground: false
11-26 19:00:00.038  3657  3683 D ForegroundUtils: UID: 10319 is in foreground: true
11-26 19:00:00.038  3657  3683 D ForegroundUtils: UID: 90000 is in foreground: true
11-26 19:00:00.038  3657  3683 D ForegroundUtils: UID: 90002 is in foreground: true
11-26 19:00:00.038 23065 23065 I ActivityThread: Relaunch all activities: onCoreSettingsChange
11-26 19:00:00.038 23065 23065 D CompatibilityChangeReporter: Compat change id reported: 171979766; UID 10145; state: ENABLED
11-26 19:00:00.039  2513  2513 I SsCardPagerAdapter: Use UI template for the feature: 1
11-26 19:00:00.040  1011  1189 I ASH     : @ 368452.213: tcs3701: stop power rail pending_off timer
11-26 19:00:00.040  1011  1189 D ASH     : @ 368452.213: tcs3701: start power rail timer, state:3
11-26 19:00:00.047  3579  3877 I AiAiEcho: (REDACTED) #postPredictionTargets: Sending updates to UISurface %s with targets# %s (types=[%s])
11-26 19:00:00.050  2940  2940 I SsCardPagerAdapter: Use UI template for the feature: 1
11-26 19:00:00.050  3579  3877 I AiAiEcho: (REDACTED) #postPredictionTargets: Sending updates to UISurface %s with targets# %s (types=[%s])
11-26 19:00:00.051 23065 23065 D nativeloader: Configuring clns-4 for other apk /system/framework/org.apache.http.legacy.jar. target_sdk_version=34, uses_libraries=ALL, library_path=/data/app/~~757nh0-_rYddi0Qz7V70Ig==/com.google.android.settings.intelligence-SspWuULl15APn4R5l2AlOA==/lib/arm64, permitted_path=/data:/mnt/expand:/data/user/0/com.google.android.settings.intelligence
11-26 19:00:00.052  3579  3877 I AiAiEcho: (REDACTED) Predicting[%d]: %s
11-26 19:00:00.053  2513  2513 D SsBaseTemplateCard: No text view can be set up
11-26 19:00:00.054  2513  2513 D SsBaseTemplateCard: Passed-in item info is null
11-26 19:00:00.054  2513  2513 D SsBaseTemplateCard: Passed-in item info is null
11-26 19:00:00.054  2513  2513 I SsBaseTemplateCard: Secondary card pane is null
11-26 19:00:00.056  2513  2513 D SsBaseTemplateCard: No text view can be set up
11-26 19:00:00.056  3579  3877 I AiAiEcho: (REDACTED) EchoTargets: %s
11-26 19:00:00.056  3579  3877 I AiAiEcho: Filtered by AiAi flag check: %s
11-26 19:00:00.056  2513  2513 D SsBaseTemplateCard: Passed-in item info is null
11-26 19:00:00.056  2513  2513 D SsBaseTemplateCard: Passed-in item info is null
11-26 19:00:00.056  2513  2513 I SsBaseTemplateCard: Secondary card pane is null
11-26 19:00:00.056  3579  3877 I AiAiEcho: (REDACTED) Ranked targets strategy: %s, count: %d, ranking metadata: %s
11-26 19:00:00.057  3579  3877 I AiAiEcho: (REDACTED) #weatherTwiddler: Weather removes SubtitleSupplementalItem in surface: %s
11-26 19:00:00.058  3579  3877 I AiAiEcho: (REDACTED) Predicting[%d]: %s
11-26 19:00:00.059  3579  3877 I AiAiEcho: (REDACTED) EchoTargets: %s
11-26 19:00:00.059  3579  3877 I AiAiEcho: Filtered by AiAi flag check: %s
11-26 19:00:00.059  3579  3877 I AiAiEcho: (REDACTED) Ranked targets strategy: %s, count: %d, ranking metadata: %s
11-26 19:00:00.060  3579  3877 I AiAiEcho: (REDACTED) #weatherTwiddler: Weather removes SubtitleSupplementalItem in surface: %s
11-26 19:00:00.061  3579  3877 I AiAiEcho: (REDACTED) #postPredictionTargets: Sending updates to UISurface %s with targets# %s (types=[%s])
11-26 19:00:00.061  2513  2513 D SsMediaDataProvider: Forwarding Smartspace updates []
11-26 19:00:00.063  3579  3877 I AiAiEcho: (REDACTED) #postPredictionTargets: Sending updates to UISurface %s with targets# %s (types=[%s])
11-26 19:00:00.066  2940  2940 D SsBaseTemplateCard: No text view can be set up
11-26 19:00:00.067  2940  2940 D SsBaseTemplateCard: Passed-in item info is null
11-26 19:00:00.067  2940  2940 D SsBaseTemplateCard: Passed-in item info is null
11-26 19:00:00.067  2940  2940 I SsBaseTemplateCard: Secondary card pane is null
11-26 19:00:00.068  3579  3877 I AiAiEcho: (REDACTED) #postPredictionTargets: Sending updates to UISurface %s with targets# %s (types=[%s])
11-26 19:00:00.069  2940  2940 D SsBaseTemplateCard: No text view can be set up
11-26 19:00:00.069  2940  2940 D SsBaseTemplateCard: Passed-in item info is null
11-26 19:00:00.069  2940  2940 D SsBaseTemplateCard: Passed-in item info is null
11-26 19:00:00.069  2940  2940 I SsBaseTemplateCard: Secondary card pane is null
11-26 19:00:00.069 23065 23065 D nativeloader: Configuring clns-5 for other apk /data/app/~~757nh0-_rYddi0Qz7V70Ig==/com.google.android.settings.intelligence-SspWuULl15APn4R5l2AlOA==/base.apk. target_sdk_version=34, uses_libraries=, library_path=/data/app/~~757nh0-_rYddi0Qz7V70Ig==/com.google.android.settings.intelligence-SspWuULl15APn4R5l2AlOA==/lib/arm64, permitted_path=/data:/mnt/expand:/data/user/0/com.google.android.settings.intelligence
11-26 19:00:00.070  2513  2513 D SsBaseTemplateCard: No text view can be set up
11-26 19:00:00.070  2513  2513 D SsBaseTemplateCard: Passed-in item info is null
11-26 19:00:00.070  2513  2513 D SsBaseTemplateCard: Passed-in item info is null
11-26 19:00:00.070  2513  2513 I SsBaseTemplateCard: Secondary card pane is null
11-26 19:00:00.072  3579  3877 I AiAiEcho: (REDACTED) #postPredictionTargets: Sending updates to UISurface %s with targets# %s (types=[%s])
11-26 19:00:00.075  2940  2940 D SsBaseTemplateCard: No text view can be set up
11-26 19:00:00.075  2940  2940 D SsBaseTemplateCard: Passed-in item info is null
11-26 19:00:00.075  2940  2940 D SsBaseTemplateCard: Passed-in item info is null
11-26 19:00:00.075  2940  2940 I SsBaseTemplateCard: Secondary card pane is null
11-26 19:00:00.080  1011  1189 I ASH     : @ 368452.253: tcs3701: stop power rail pending_off timer
11-26 19:00:00.080  1011  1189 D ASH     : @ 368452.253: tcs3701: start power rail timer, state:3
11-26 19:00:00.092  8427  8469 I BatteryMgr:DataCollectionService: stats => 1701021600092,13427,4447,2136,4169000,100
11-26 19:00:00.096 23065 23065 V GraphicsEnvironment: ANGLE Developer option for 'com.google.android.settings.intelligence' set to: 'default'
11-26 19:00:00.097 23065 23065 V GraphicsEnvironment: ANGLE GameManagerService for com.google.android.settings.intelligence: false
11-26 19:00:00.100 23065 23065 D NetworkSecurityConfig: No Network Security Config specified, using platform default
11-26 19:00:00.100 23065 23065 D NetworkSecurityConfig: No Network Security Config specified, using platform default
11-26 19:00:00.120  1011  1189 I ASH     : @ 368452.293: tcs3701: stop power rail pending_off timer
11-26 19:00:00.120  1011  1189 D ASH     : @ 368452.293: tcs3701: start power rail timer, state:3
11-26 19:00:00.131 23065 23065 W gs.intelligence: Accessing hidden field Ljava/util/Collections$SynchronizedCollection;->mutex:Ljava/lang/Object; (max-target-o, reflection, denied)
11-26 19:00:00.131 23065 23065 W gs.intelligence: Accessing hidden method Ljava/util/Collections$SynchronizedSet;-><init>(Ljava/util/Set;Ljava/lang/Object;)V (max-target-o, reflection, denied)
11-26 19:00:00.132 23065 23065 W gs.intelligence: Accessing hidden method Ljava/util/Collections$SynchronizedCollection;-><init>(Ljava/util/Collection;Ljava/lang/Object;)V (max-target-o, reflection, denied)
11-26 19:00:00.135 23065 23065 D CompatibilityChangeReporter: Compat change id reported: 183155436; UID 10145; state: ENABLED
11-26 19:00:00.136 23065 23065 W BatterySettingsContentProvider: create content provider from null
11-26 19:00:00.155 23065 23065 D CompatibilityChangeReporter: Compat change id reported: 194532703; UID 10145; state: ENABLED
11-26 19:00:00.155  1795  3613 D CompatibilityChangeReporter: Compat change id reported: 194532703; UID 10145; state: ENABLED
11-26 19:00:00.158  1795  3613 D CompatibilityChangeReporter: Compat change id reported: 161145287; UID 10145; state: DISABLED
11-26 19:00:00.160  1011  1189 I ASH     : @ 368452.333: tcs3701: stop power rail pending_off timer
11-26 19:00:00.160  1011  1189 D ASH     : @ 368452.333: tcs3701: start power rail timer, state:3
11-26 19:00:00.166 23065 23065 W PeriodicJobReceiver: refresh periodic job from action=settings.intelligence.battery.action.PERIODIC_JOB_UPDATE
11-26 19:00:00.169 23065 23065 D CompatibilityChangeReporter: Compat change id reported: 160794467; UID 10145; state: ENABLED
11-26 19:00:00.179  1795  3613 D ActivityManager: freezer override set to true
11-26 19:00:00.179  1795  3759 D CompatibilityChangeReporter: Compat change id reported: 171306433; UID 10145; state: ENABLED
11-26 19:00:00.179  1795  3759 D CompatibilityChangeReporter: Compat change id reported: 226439802; UID 10145; state: DISABLED
11-26 19:00:00.180  1795  3759 D CompatibilityChangeReporter: Compat change id reported: 218533173; UID 10145; state: ENABLED
11-26 19:00:00.182 23065 23065 W PeriodicJobManager: schedule next alarm job at Nov 26,2023 20:00:00
11-26 19:00:00.184  1795  3759 D CompatibilityChangeReporter: Compat change id reported: 135634846; UID 1000; state: DISABLED
11-26 19:00:00.184  1795  3759 D CompatibilityChangeReporter: Compat change id reported: 177438394; UID 1000; state: DISABLED
11-26 19:00:00.185  1795  3759 D CompatibilityChangeReporter: Compat change id reported: 135772972; UID 1000; state: DISABLED
11-26 19:00:00.185  1795  3759 D CompatibilityChangeReporter: Compat change id reported: 135754954; UID 1000; state: ENABLED
11-26 19:00:00.200  8427  8469 I BatteryMgr:DataCollectionService: stats => 1701021600200,13427,4447,2136,4169000,100
11-26 19:00:00.200  1011  1189 I ASH     : @ 368452.373: tcs3701: stop power rail pending_off timer
11-26 19:00:00.200  1011  1189 D ASH     : @ 368452.373: tcs3701: start power rail timer, state:3
11-26 19:00:00.207   987   987 D Zygote  : Forked child process 23099
11-26 19:00:00.207  1795  2120 I ActivityManager: Start proc 23099:com.android.settings/1000 for broadcast {com.android.settings/com.google.android.settings.fuelgauge.BatteryBroadcastReceiver}
11-26 19:00:00.228 23099 23099 I ndroid.settings: Using CollectorTypeCC GC.
11-26 19:00:00.235 23099 23099 E ndroid.settings: Not starting debugger since process cannot load the jdwp agent.
11-26 19:00:00.240  1011  1189 I ASH     : @ 368452.413: tcs3701: stop power rail pending_off timer
11-26 19:00:00.240  1011  1189 D ASH     : @ 368452.413: tcs3701: start power rail timer, state:3
11-26 19:00:00.252 23099 23099 I ActivityThread: Relaunch all activities: onCoreSettingsChange
11-26 19:00:00.253 23099 23099 D CompatibilityChangeReporter: Compat change id reported: 171979766; UID 1000; state: ENABLED
11-26 19:00:00.268 23099 23099 D nativeloader: Configuring clns-shared-4 for other apk /system/framework/org.apache.http.legacy.jar. target_sdk_version=33, uses_libraries=ALL, library_path=/system_ext/priv-app/SettingsGoogle/lib/arm64:/system/lib64:/system_ext/lib64, permitted_path=/data:/mnt/expand:/data/user_de/0/com.android.settings:/system_ext/priv-app/SettingsGoogle:/system/lib64:/system_ext/lib64
11-26 19:00:00.280  1011  1189 I ASH     : @ 368452.453: tcs3701: stop power rail pending_off timer
11-26 19:00:00.280  1011  1189 D ASH     : @ 368452.453: tcs3701: start power rail timer, state:3
11-26 19:00:00.295 21716 21769 I m.chrome.canary: Explicit concurrent copying GC freed 3843(192KB) AllocSpace objects, 4(80KB) LOS objects, 75% free, 14MB/56MB, paused 38us,22us total 66.476ms
11-26 19:00:00.302 23099 23099 D nativeloader: Configuring clns-shared-5 for other apk /system_ext/priv-app/SettingsGoogle/SettingsGoogle.apk. target_sdk_version=33, uses_libraries=, library_path=/system_ext/priv-app/SettingsGoogle/lib/arm64:/system/lib64:/system_ext/lib64, permitted_path=/data:/mnt/expand:/data/user_de/0/com.android.settings:/system_ext/priv-app/SettingsGoogle:/system/lib64:/system_ext/lib64
11-26 19:00:00.307  8427  8469 I BatteryMgr:DataCollectionService: stats => 1701021600307,13427,4447,2136,4169000,100
11-26 19:00:00.320  1011  1189 I ASH     : @ 368452.493: tcs3701: stop power rail pending_off timer
11-26 19:00:00.321  1011  1189 D ASH     : @ 368452.493: tcs3701: start power rail timer, state:3
11-26 19:00:00.350 23099 23099 V GraphicsEnvironment: ANGLE Developer option for 'com.android.settings' set to: 'default'
11-26 19:00:00.351 23099 23099 V GraphicsEnvironment: ANGLE GameManagerService for com.android.settings: false
11-26 19:00:00.355 23099 23099 D NetworkSecurityConfig: No Network Security Config specified, using platform default
11-26 19:00:00.356 23099 23099 D NetworkSecurityConfig: No Network Security Config specified, using platform default
11-26 19:00:00.358 23099 23099 V BatteryUsageContentProvider: initialize provider
11-26 19:00:00.361  1011  1189 I ASH     : @ 368452.533: tcs3701: stop power rail pending_off timer
11-26 19:00:00.361  1011  1189 D ASH     : @ 368452.533: tcs3701: start power rail timer, state:3
11-26 19:00:00.366 23099 23099 D SettingsSliceProvider: init
11-26 19:00:00.367 23099 23099 D SettingsSliceProvider: onCreateSliceProvider
11-26 19:00:00.369  1795  3613 D ActivityManager: freezer override set to false
11-26 19:00:00.379 23099 23099 D EmbeddingBackend: No supported embedding extension found
11-26 19:00:00.388  1795  3613 D ActivityManager: freezer override set to true
11-26 19:00:00.390 23099 23099 D ActivityEmbeddingUtils: isFlagEnabled = true
11-26 19:00:00.390 23099 23099 D ActivityEmbeddingUtils: isSplitSupported = false
11-26 19:00:00.390 23099 23099 D ActivityEmbeddingCtrl: Not support this feature now
11-26 19:00:00.392 23099 23099 D BatteryBroadcastReceiver: onReceive:settings.intelligence.battery.action.FETCH_BATTERY_USAGE_DATA
11-26 19:00:00.400  1795  3613 D ActivityManager: freezer override set to false
11-26 19:00:00.400  1011  1189 I ASH     : @ 368452.573: tcs3701: stop power rail pending_off timer
11-26 19:00:00.400  1011  1189 D ASH     : @ 368452.573: tcs3701: start power rail timer, state:3
11-26 19:00:00.401 23099 23123 D BatteryUsageLoaderService: loadUsageDataSafely() in the AsyncTask
11-26 19:00:00.404  1795  2150 I WifiService: getSupportedFeatures uid=1000 returns 1d81defca995fd
11-26 19:00:00.404  1795  2150 I WifiService: getWifiActivityEnergyInfoAsync uid=1000
11-26 19:00:00.415   996   996 D vendor.qti.bluetooth@1.0-uart_transport: SocRxDWakeup: Flow off->Change UART baudrate to 38.4kbs->send 0x00->Change UART baudrate to max->Flow on
11-26 19:00:00.415   996   996 I vendor.qti.bluetooth@1.0-uart_transport: ## userial_vendor_ioctl: UART Flow Off 
11-26 19:00:00.417  1795  3759 D ActivityManager: freezer override set to true
11-26 19:00:00.423  1795  3759 D ActivityManager: freezer override set to false
11-26 19:00:00.426   996   996 I vendor.qti.bluetooth@1.0-uart_transport: ## userial_vendor_set_baud: 17
11-26 19:00:00.428  1795  2387 D TelephonyManager: requestModemActivityInfo: Sending result to app: ModemActivityInfo{ mTimestamp=368449237 mSleepTimeMs=350059227 mIdleTimeMs=17043727 mActivityStatsTechSpecificInfo=[{mRat=UNKNOWN,mFrequencyRange=UNKNOWN,mTxTimeMs[]=[0, 0, 0, 0, 0],mRxTimeMs=1328126}]}
11-26 19:00:00.437   996   996 I vendor.qti.bluetooth@1.0-uart_transport: SetBaudRate: in BOTHER
11-26 19:00:00.437   996   996 I vendor.qti.bluetooth@1.0-uart_transport: ## userial_vendor_ioctl: UART Flow On 
11-26 19:00:00.440  1011  1189 I ASH     : @ 368452.613: tcs3701: stop power rail pending_off timer
11-26 19:00:00.440  1011  1189 D ASH     : @ 368452.613: tcs3701: start power rail timer, state:3
11-26 19:00:00.442  8427  8469 I BatteryMgr:DataCollectionService: stats => 1701021600442,13427,4447,2136,4169000,100
11-26 19:00:00.469  1795  2679 D ActivityManager: freezer override set to true
11-26 19:00:00.472  1795  2679 D ActivityManager: freezer override set to false
11-26 19:00:00.479   996  3425 I vendor.qti.bluetooth@1.0-ibs_handler: ProcessIbsCmd: Received IBS_WAKE_ACK: 0xFC
11-26 19:00:00.480   996  3425 I vendor.qti.bluetooth@1.0-ibs_handler: ProcessIbsCmd: Signal wack_cond_
11-26 19:00:00.480   996   996 D vendor.qti.bluetooth@1.0-ibs_handler: DeviceWakeUp: Unblocked from waiting for FC
11-26 19:00:00.480  1011  1189 I ASH     : @ 368452.653: tcs3701: stop power rail pending_off timer
11-26 19:00:00.480  1011  1189 D ASH     : @ 368452.653: tcs3701: start power rail timer, state:3
11-26 19:00:00.521  1011  1189 I ASH     : @ 368452.693: tcs3701: stop power rail pending_off timer
11-26 19:00:00.521  1011  1189 D ASH     : @ 368452.693: tcs3701: start power rail timer, state:3
11-26 19:00:00.550  8427  8469 I BatteryMgr:DataCollectionService: stats => 1701021600550,13427,4447,2136,4169000,100
11-26 19:00:00.560  1011  1189 I ASH     : @ 368452.733: tcs3701: stop power rail pending_off timer
11-26 19:00:00.561 23099 23123 W PowerProfile: ambient.on is deprecated! Use ambient.on.display0 instead.
11-26 19:00:00.561  1011  1189 D ASH     : @ 368452.733: tcs3701: start power rail timer, state:3
11-26 19:00:00.561 23099 23123 W PowerProfile: screen.on is deprecated! Use screen.on.display0 instead.
11-26 19:00:00.561 23099 23123 W PowerProfile: screen.full is deprecated! Use screen.full.display0 instead.
11-26 19:00:00.561 23099 23123 W ModemPowerProfile: getAverageBatteryDrainMaH called with unexpected key: 0x0, drain:0,RAT:DEFAULT
11-26 19:00:00.561 23099 23123 W ModemPowerProfile: getAverageBatteryDrainMaH called with unexpected key: 0x10000000, drain:IDLE,RAT:DEFAULT
11-26 19:00:00.561 23099 23123 W ModemPowerProfile: getAverageBatteryDrainMaH called with unexpected key: 0x20000000, drain:RX,RAT:DEFAULT
11-26 19:00:00.561 23099 23123 W ModemPowerProfile: getAverageBatteryDrainMaH called with unexpected key: 0x30000000, drain:TX,level:UNKNOWN(0x0)RAT:DEFAULT
11-26 19:00:00.561 23099 23123 W ModemPowerProfile: getAverageBatteryDrainMaH called with unexpected key: 0x31000000, drain:TX,level:UNKNOWN(0x1000000)RAT:DEFAULT
11-26 19:00:00.561 23099 23123 W ModemPowerProfile: getAverageBatteryDrainMaH called with unexpected key: 0x32000000, drain:TX,level:UNKNOWN(0x2000000)RAT:DEFAULT
11-26 19:00:00.561 23099 23123 W ModemPowerProfile: getAverageBatteryDrainMaH called with unexpected key: 0x33000000, drain:TX,level:UNKNOWN(0x3000000)RAT:DEFAULT
11-26 19:00:00.561 23099 23123 W ModemPowerProfile: getAverageBatteryDrainMaH called with unexpected key: 0x34000000, drain:TX,level:UNKNOWN(0x4000000)RAT:DEFAULT
11-26 19:00:00.600  1011  1189 I ASH     : @ 368452.773: tcs3701: stop power rail pending_off timer
11-26 19:00:00.600  1011  1189 D ASH     : @ 368452.773: tcs3701: start power rail timer, state:3
11-26 19:00:00.628 23099 23123 D BatteryEntry: PackageManager failed to retrieve ApplicationInfo for: .qtidataservices
11-26 19:00:00.640  1011  1189 I ASH     : @ 368452.813: tcs3701: stop power rail pending_off timer
11-26 19:00:00.640  1011  1189 D ASH     : @ 368452.813: tcs3701: start power rail timer, state:3
11-26 19:00:00.656  8427  8469 I BatteryMgr:DataCollectionService: stats => 1701021600656,13427,4447,2136,4169000,100
11-26 19:00:00.681  1011  1189 I ASH     : @ 368452.853: tcs3701: stop power rail pending_off timer
11-26 19:00:00.681  1011  1189 D ASH     : @ 368452.853: tcs3701: start power rail timer, state:3
11-26 19:00:00.720  1011  1189 I ASH     : @ 368452.893: tcs3701: stop power rail pending_off timer
11-26 19:00:00.720  1011  1189 D ASH     : @ 368452.893: tcs3701: start power rail timer, state:3
11-26 19:00:00.761  1011  1189 I ASH     : @ 368452.933: tcs3701: stop power rail pending_off timer
11-26 19:00:00.761  1011  1189 D ASH     : @ 368452.933: tcs3701: start power rail timer, state:3
11-26 19:00:00.763  8427  8469 I BatteryMgr:DataCollectionService: stats => 1701021600763,13427,4447,2136,4169000,100
11-26 19:00:00.801  1011  1189 I ASH     : @ 368452.973: tcs3701: stop power rail pending_off timer
11-26 19:00:00.801  1011  1189 D ASH     : @ 368452.973: tcs3701: start power rail timer, state:3
11-26 19:00:00.840  1011  1189 I ASH     : @ 368453.013: tcs3701: stop power rail pending_off timer
11-26 19:00:00.840  1011  1189 D ASH     : @ 368453.013: tcs3701: start power rail timer, state:3
11-26 19:00:00.870  8427  8469 I BatteryMgr:DataCollectionService: stats => 1701021600870,13427,4447,2136,4169000,100
11-26 19:00:00.880  1011  1189 I ASH     : @ 368453.053: tcs3701: stop power rail pending_off timer
11-26 19:00:00.880  1011  1189 D ASH     : @ 368453.053: tcs3701: start power rail timer, state:3
11-26 19:00:00.908 23099 23123 D BatteryEntry: PackageManager failed to retrieve ApplicationInfo for: com.google.android.gms.persistent
11-26 19:00:00.921  1011  1189 I ASH     : @ 368453.093: tcs3701: stop power rail pending_off timer
11-26 19:00:00.921  1011  1189 D ASH     : @ 368453.093: tcs3701: start power rail timer, state:3
11-26 19:00:00.933  1795  2424 D WifiClientModeImpl[13802:wlan0]: updateLinkLayerStatsRssiSpeedFrequencyCapabilities rssi=-46 TxLinkspeed=780 freq=5240 RxLinkSpeed=6
11-26 19:00:00.933  1795  2424 D WifiDataStall: tx tput in kbps: 659953
11-26 19:00:00.933  1795  2424 D WifiDataStall: rx tput in kbps: 771281
11-26 19:00:00.933  1795  2424 V WifiConfigManager: Updating scan detail cache freq=5240 BSSID=f4:6d:2f:12:cc:88 RSSI=-46 for "ourhome"WPA_PSK
11-26 19:00:00.933  1795  2424 D WifiChannelUtilization:  freq: 5240 onTime: 10052895 busyTime: 901850 onTimeDiff: 405039 busyTimeDiff: 45364 utilization: 28 utilization t0: 22
11-26 19:00:00.933  1795  2424 D WifiDataStall:  ccaLevel = 28
11-26 19:00:00.933  1795  2424 D WifiDataStall: L2 txTputKbps: 659953, rxTputKbps: 771281, L3 txTputKbps: 0, rxTputKbps: 0, TxTrafficHigh: false, RxTrafficHigh: false, Throughput Sufficient: true
11-26 19:00:00.934  1795  2424 D WifiScoreReport: Wifi scoring disabled - Don't check IP layer
11-26 19:00:00.934  1795  2424 D WifiScoreCard: BSSID update SIGNAL_POLL ID: 1320464697 SSID: "ourhome", BSSID: f4:6d:2f:12:cc:88, MAC: b2:2f:ec:da:4a:0c, IP: /192.168.1.104, Security type: 2, Supplicant state: COMPLETED, Wi-Fi standard: 5, RSSI: -46, Link speed: 780Mbps, Tx Link speed: 780Mbps, Max Supported Tx Link speed: 866Mbps, Rx Link speed: 6Mbps, Max Supported Rx Link speed: 866Mbps, Frequency: 5240MHz, Net ID: 12, Metered hint: false, score: 60, isUsable: true, CarrierMerged: false, SubscriptionId: -1, IsPrimary: 1, Trusted: true, Restricted: false, Ephemeral: false, OEM paid: false, OEM private: false, OSU AP: false, FQDN: <none>, Provider friendly name: <none>, Requesting package name: <none>"ourhome"wpa2-pskMLO Information: , Is TID-To-Link negotiation supported by the AP: false, AP MLD Address: <none>, AP MLO Link Id: <none>, AP MLO Affiliated links: <none>
11-26 19:00:00.934  1795  2424 D WifiScoreCard: txRate: 1 txSpeed: 780
11-26 19:00:00.934  1795  2424 D WifiScoreCard: network update SIGNAL_POLL "ourhome" ID: 1499892569 RSSI -46 txSpeed -1
11-26 19:00:00.934  2513  4457 V WifiManager: TrafficStateCallbackProxy: onStateChanged state=0
11-26 19:00:00.934  2782  5906 D QCNEJ/WlanStaInfoRelay: Received action: android.net.wifi.RSSI_CHANGED
11-26 19:00:00.935  1795  2424 D WifiClientModeImpl[13802:wlan0]:  ClientModeImpl$L2ConnectedState screen=on 37 0 "ourhome" f4:6d:2f:12:cc:88 rssi=-46 f=5240 sc=60 link=780 tx=0.0, 0.0, 0.0 rx=0.0 bcn=3484061 [on:0 tx:0 rx:0 period:3016] from screen [on:416914 period:9166221] score=60
11-26 19:00:00.938  2673 16648 V WifiManager: OnWifiUsabilityStatsListener: onWifiUsabilityStats: seqNum=93659
11-26 19:00:00.938  1795  3613 I WifiService: updateWifiUsabilityScore uid=10180 seqNum=93659 score=100 predictionHorizonSec=1441795
11-26 19:00:00.939  1795  2424 D WifiScoreReport: Wifi scoring disabled - Notify that Wifi is usable
11-26 19:00:00.942  1795  2432 D ConnectivityService: NetReassign [no changes] [c 0] [a 1] [i 1]
11-26 19:00:00.961  1011  1189 I ASH     : @ 368453.133: tcs3701: stop power rail pending_off timer
11-26 19:00:00.961  1011  1189 D ASH     : @ 368453.133: tcs3701: start power rail timer, state:3
11-26 19:00:00.975  8427  8469 I BatteryMgr:DataCollectionService: stats => 1701021600975,13427,4447,2136,4169000,100
11-26 19:00:01.000  1011  1189 I ASH     : @ 368453.173: tcs3701: stop power rail pending_off timer
11-26 19:00:01.001  1011  1189 D ASH     : @ 368453.173: tcs3701: start power rail timer, state:3
11-26 19:00:01.019 23099 23123 D BatteryEntry: PackageManager failed to retrieve ApplicationInfo for: kworker/u16:9-devfreq_wq
11-26 19:00:01.041  1011  1189 I ASH     : @ 368453.213: tcs3701: stop power rail pending_off timer
11-26 19:00:01.041  1011  1189 D ASH     : @ 368453.213: tcs3701: start power rail timer, state:3
11-26 19:00:01.081  8427  8469 I BatteryMgr:DataCollectionService: stats => 1701021601081,13427,4447,2136,4169000,100
11-26 19:00:01.081  1011  1189 I ASH     : @ 368453.253: tcs3701: stop power rail pending_off timer
11-26 19:00:01.081  1011  1189 D ASH     : @ 368453.253: tcs3701: start power rail timer, state:3
11-26 19:00:01.120  1011  1189 I ASH     : @ 368453.293: tcs3701: stop power rail pending_off timer
11-26 19:00:01.120  1011  1189 D ASH     : @ 368453.293: tcs3701: start power rail timer, state:3
11-26 19:00:01.160  1011  1189 I ASH     : @ 368453.333: tcs3701: stop power rail pending_off timer
11-26 19:00:01.160  1011  1189 D ASH     : @ 368453.333: tcs3701: start power rail timer, state:3
11-26 19:00:01.186  8427  8469 I BatteryMgr:DataCollectionService: stats => 1701021601185,13427,4447,2136,4169000,100
11-26 19:00:01.200  1011  1189 I ASH     : @ 368453.373: tcs3701: stop power rail pending_off timer
11-26 19:00:01.200  1011  1189 D ASH     : @ 368453.373: tcs3701: start power rail timer, state:3
11-26 19:00:01.241  1011  1189 I ASH     : @ 368453.413: tcs3701: stop power rail pending_off timer
11-26 19:00:01.241  1011  1189 D ASH     : @ 368453.413: tcs3701: start power rail timer, state:3
