11-26 18:59:15.442  1011  1189 D ASH     : @ 368407.613: tcs3701: start power rail timer, state:3
11-26 18:59:15.445 21716 21716 I chromium: [INFO:primary_account_manager.cc(681)] Removed account from account tracker service: 100083609849983621492
11-26 18:59:15.448  1383  1442 I adbd    : jdwp connection from 21791
11-26 18:59:15.463 21797 21797 I ileged_process0: Using CollectorTypeCC GC.
11-26 18:59:15.466  3657  3683 D ForegroundUtils: Foreground UID status:
11-26 18:59:15.467  3657  3683 D ForegroundUtils: UID: 10010 is in foreground: true
11-26 18:59:15.467  3657  3683 D ForegroundUtils: UID: 10128 is in foreground: true
11-26 18:59:15.467  3657  3683 D ForegroundUtils: UID: 10158 is in foreground: true
11-26 18:59:15.467  3657  3683 D ForegroundUtils: UID: 10189 is in foreground: false
11-26 18:59:15.467  3657  3683 D ForegroundUtils: UID: 10194 is in foreground: true
11-26 18:59:15.467  3657  3683 D ForegroundUtils: UID: 10206 is in foreground: false
11-26 18:59:15.467  3657  3683 D ForegroundUtils: UID: 10233 is in foreground: true
11-26 18:59:15.467  3657  3683 D ForegroundUtils: UID: 10244 is in foreground: true
11-26 18:59:15.467  3657  3683 D ForegroundUtils: UID: 10319 is in foreground: true
11-26 18:59:15.467  3657  3683 D ForegroundUtils: UID: 90000 is in foreground: true
11-26 18:59:15.471 21791 21791 I ActivityThread: Relaunch all activities: onCoreSettingsChange
11-26 18:59:15.471 21716 21716 I cr_SmsProviderGms: construction successfull TM3@cc41b4d, QM3@f50d56f
11-26 18:59:15.472 21791 21791 D CompatibilityChangeReporter: Compat change id reported: 171979766; UID 90000; state: ENABLED
11-26 18:59:15.480  1011  1189 I ASH     : @ 368407.653: tcs3701: stop power rail pending_off timer
11-26 18:59:15.480  1011  1189 D ASH     : @ 368407.653: tcs3701: start power rail timer, state:3
11-26 18:59:15.487  1383  1442 I adbd    : jdwp connection from 21797
11-26 18:59:15.498 21791 21791 I LoadedApk: No resource references to update in package com.google.android.trichromelibrary.canary
11-26 18:59:15.498 21791 21791 D NetworkSecurityConfig: Using Network Security Config from resource 0_resource_name_obfuscated debugBuild: false
11-26 18:59:15.502 21791 21791 D NetworkSecurityConfig: Using Network Security Config from resource 0_resource_name_obfuscated debugBuild: false
11-26 18:59:15.504 21791 21791 I cr_SplitCompatApp: Launched version=121.0.6145.0 minSdkVersion=29 isBundle=true processName=com.chrome.canary:sandboxed_process0:org.chromium.content.app.SandboxedProcessService0:0 isIsolated=true
11-26 18:59:15.512  1795  2387 D ConnectivityService: requestNetwork for uid/pid:10010/21716 activeRequest: null callbackRequest: 9746 [NetworkRequest [ REQUEST id=9747, [ Capabilities: INTERNET&NOT_RESTRICTED&TRUSTED&NOT_VCN_MANAGED Uid: 10010 RequestorUid: 10010 RequestorPkg: com.chrome.canary UnderlyingNetworks: Null] ]] callback flags: 0 order: 2147483647
11-26 18:59:15.513 21797 21797 I ActivityThread: Relaunch all activities: onCoreSettingsChange
11-26 18:59:15.514 21797 21797 D CompatibilityChangeReporter: Compat change id reported: 171979766; UID 10010; state: ENABLED
11-26 18:59:15.515  1795  2424 D WifiNetworkFactory: got request NetworkRequest [ REQUEST id=9747, [ Capabilities: INTERNET&NOT_RESTRICTED&TRUSTED&NOT_VCN_MANAGED Uid: 10010 RequestorUid: 10010 RequestorPkg: com.chrome.canary UnderlyingNetworks: Null] ]
11-26 18:59:15.515  1795  2424 V WifiNetworkFactory: Accepted network request NetworkRequest [ REQUEST id=9747, [ Capabilities: INTERNET&NOT_RESTRICTED&TRUSTED&NOT_VCN_MANAGED Uid: 10010 RequestorUid: 10010 RequestorPkg: com.chrome.canary UnderlyingNetworks: Null] ]
11-26 18:59:15.515  1795  2424 D UntrustedWifiNetworkFactory: got request NetworkRequest [ REQUEST id=9747, [ Capabilities: INTERNET&NOT_RESTRICTED&TRUSTED&NOT_VCN_MANAGED Uid: 10010 RequestorUid: 10010 RequestorPkg: com.chrome.canary UnderlyingNetworks: Null] ]
11-26 18:59:15.515  1795  2424 D OemPaidWifiNetworkFactory: got request NetworkRequest [ REQUEST id=9747, [ Capabilities: INTERNET&NOT_RESTRICTED&TRUSTED&NOT_VCN_MANAGED Uid: 10010 RequestorUid: 10010 RequestorPkg: com.chrome.canary UnderlyingNetworks: Null] ]
11-26 18:59:15.516  1795  2424 D MultiInternetWifiNetworkFactory: got request NetworkRequest [ REQUEST id=9747, [ Capabilities: INTERNET&NOT_RESTRICTED&TRUSTED&NOT_VCN_MANAGED Uid: 10010 RequestorUid: 10010 RequestorPkg: com.chrome.canary UnderlyingNetworks: Null] ]
11-26 18:59:15.516  1795  2432 D ConnectivityService: NetReassign [9747 : null  100] [c 0] [a 1] [i 3]
11-26 18:59:15.518 21797 21797 W ziparchive: Unable to open '/data/app/~~xK2KNYhs7Vn18sxJkcMggA==/com.google.android.trichromelibrary.canary_614500033-17M9CAQF6V59_-2q0N8dYA==/base.dm': No such file or directory
11-26 18:59:15.518 21797 21797 W ziparchive: Unable to open '/data/app/~~xK2KNYhs7Vn18sxJkcMggA==/com.google.android.trichromelibrary.canary_614500033-17M9CAQF6V59_-2q0N8dYA==/base.dm': No such file or directory
11-26 18:59:15.519 21797 21797 W ileged_process0: Entry not found
11-26 18:59:15.520 21797 21797 D nativeloader: Configuring clns-4 for other apk /data/app/~~xK2KNYhs7Vn18sxJkcMggA==/com.google.android.trichromelibrary.canary_614500033-17M9CAQF6V59_-2q0N8dYA==/base.apk. target_sdk_version=34, uses_libraries=ALL, library_path=/data/app/~~z5-dMYmQLvS-4mWZ9yqnFA==/com.chrome.canary-7Pcck9f8OWCuqG0lIoq4tg==/lib/arm64:/data/app/~~z5-dMYmQLvS-4mWZ9yqnFA==/com.chrome.canary-7Pcck9f8OWCuqG0lIoq4tg==/base.apk!/lib/arm64-v8a:/data/app/~~xK2KNYhs7Vn18sxJkcMggA==/com.google.android.trichromelibrary.canary_614500033-17M9CAQF6V59_-2q0N8dYA==/base.apk!/lib/arm64-v8a, permitted_path=/data:/mnt/expand:/data/user/0/com.chrome.canary
11-26 18:59:15.521  1011  1189 I ASH     : @ 368407.693: tcs3701: stop power rail pending_off timer
11-26 18:59:15.521  1011  1189 D ASH     : @ 368407.693: tcs3701: start power rail timer, state:3
11-26 18:59:15.524 21791 21791 W SystemServiceRegistry: No service published for: uimode
11-26 18:59:15.525  1795  2432 D ConnectivityService: NetReassign [no changes] [c 0] [a 0] [i 8]
11-26 18:59:15.527 21797 21797 D nativeloader: Configuring clns-5 for other apk /data/app/~~z5-dMYmQLvS-4mWZ9yqnFA==/com.chrome.canary-7Pcck9f8OWCuqG0lIoq4tg==/base.apk. target_sdk_version=34, uses_libraries=, library_path=/data/app/~~z5-dMYmQLvS-4mWZ9yqnFA==/com.chrome.canary-7Pcck9f8OWCuqG0lIoq4tg==/lib/arm64:/data/app/~~z5-dMYmQLvS-4mWZ9yqnFA==/com.chrome.canary-7Pcck9f8OWCuqG0lIoq4tg==/base.apk!/lib/arm64-v8a:/data/app/~~xK2KNYhs7Vn18sxJkcMggA==/com.google.android.trichromelibrary.canary_614500033-17M9CAQF6V59_-2q0N8dYA==/base.apk!/lib/arm64-v8a, permitted_path=/data:/mnt/expand:/data/user/0/com.chrome.canary
11-26 18:59:15.532 21791 21791 I cr_ChildProcessService: Creating new ChildProcessService pid=21791
11-26 18:59:15.548 21797 21797 V GraphicsEnvironment: ANGLE Developer option for 'com.chrome.canary' set to: 'default'
11-26 18:59:15.548 21797 21797 V GraphicsEnvironment: ANGLE GameManagerService for com.chrome.canary: false
11-26 18:59:15.548 21797 21797 V GraphicsEnvironment: Updatable production driver is not supported on the device.
11-26 18:59:15.549 21716 21782 W chromium: [WARNING:ev_root_ca_metadata.cc(119)] Not implemented
11-26 18:59:15.549 21716 21782 W chromium: [WARNING:ev_root_ca_metadata.cc(119)] Not implemented
11-26 18:59:15.550 21797 21797 I LoadedApk: No resource references to update in package com.google.android.trichromelibrary.canary
11-26 18:59:15.550 21797 21797 D NetworkSecurityConfig: Using Network Security Config from resource 0_resource_name_obfuscated debugBuild: false
11-26 18:59:15.551 21797 21797 D NetworkSecurityConfig: Using Network Security Config from resource 0_resource_name_obfuscated debugBuild: false
11-26 18:59:15.551 21797 21797 I cr_SplitCompatApp: Launched version=121.0.6145.0 minSdkVersion=29 isBundle=true processName=com.chrome.canary:privileged_process0 isIsolated=false
11-26 18:59:15.558  1795  2387 D CompatibilityChangeReporter: Compat change id reported: 182734110; UID 10010; state: ENABLED
11-26 18:59:15.558  1795  2387 D CompatibilityChangeReporter: Compat change id reported: 149924527; UID 10010; state: ENABLED
11-26 18:59:15.559  1795  2387 D CompatibilityChangeReporter: Compat change id reported: 132649864; UID 10010; state: DISABLED
11-26 18:59:15.560  1011  1189 I ASH     : @ 368407.733: tcs3701: stop power rail pending_off timer
11-26 18:59:15.560  1011  1189 D ASH     : @ 368407.733: tcs3701: start power rail timer, state:3
11-26 18:59:15.564 21797 21797 I cr_ChildProcessService: Creating new ChildProcessService pid=21797
11-26 18:59:15.571 21797 21829 I cr_LibraryLoader: Loading monochrome_64 from within /data/app/~~z5-dMYmQLvS-4mWZ9yqnFA==/com.chrome.canary-7Pcck9f8OWCuqG0lIoq4tg==/base.apk
11-26 18:59:15.571 21797 21829 I cr_Linker: loadLibraryImplLocked: monochrome_64, relroMode=2
11-26 18:59:15.580 21797 21829 I cr_LibraryLoader: Successfully loaded native library
11-26 18:59:15.581 21797 21829 I cr_CachingUmaRecorder: Flushed 4 samples from 4 histograms, 0 samples were dropped.
11-26 18:59:15.583 21716 21716 I cr_EnterpriseInfoImpl: #setCacheResult() deviceOwned:false profileOwned:false
11-26 18:59:15.584 21716 21716 I cr_EnterpriseInfo: #getManagedStateForNative() FQ0@cd745f7
11-26 18:59:15.585 21797 21829 I AdrenoGLES-0: QUALCOMM build                   : 4783c89, I46ff5fc46f
11-26 18:59:15.585 21797 21829 I AdrenoGLES-0: Build Date                       : 11/30/20
11-26 18:59:15.585 21797 21829 I AdrenoGLES-0: OpenGL ES Shader Compiler Version: EV031.31.04.01
11-26 18:59:15.585 21797 21829 I AdrenoGLES-0: Local Branch                     : QPR2
11-26 18:59:15.585 21797 21829 I AdrenoGLES-0: Remote Branch                    : 
11-26 18:59:15.585 21797 21829 I AdrenoGLES-0: Remote Branch                    : 
11-26 18:59:15.585 21797 21829 I AdrenoGLES-0: Reconstruct Branch               : 
11-26 18:59:15.585 21797 21829 I AdrenoGLES-0: Build Config                     : S P 10.0.4 AArch64
11-26 18:59:15.585 21797 21829 I AdrenoGLES-0: Driver Path                      : /vendor/lib64/egl/libGLESv2_adreno.so
11-26 18:59:15.588  1795  3759 D ConnectivityService: requestNetwork for uid/pid:10010/21716 activeRequest: null callbackRequest: 9749 [NetworkRequest [ REQUEST id=9750, [ Capabilities: INTERNET&NOT_RESTRICTED&TRUSTED&NOT_VCN_MANAGED Uid: 10010 RequestorUid: 10010 RequestorPkg: com.chrome.canary UnderlyingNetworks: Null] ]] callback flags: 0 order: 2147483647
11-26 18:59:15.589 21797 21829 I AdrenoGLES-0: PFP: 0x016dd093, ME: 0x00000000
11-26 18:59:15.591 21797 21829 W AdrenoUtils: <ReadGpuID_from_sysfs:197>: Failed to open /sys/class/kgsl/kgsl-3d0/gpu_model
11-26 18:59:15.591 21797 21829 W AdrenoUtils: <ReadGpuID:221>: Failed to read chip ID from gpu_model. Fallback to use the GSL path
11-26 18:59:15.591  1795  2424 D WifiNetworkFactory: got request NetworkRequest [ REQUEST id=9750, [ Capabilities: INTERNET&NOT_RESTRICTED&TRUSTED&NOT_VCN_MANAGED Uid: 10010 RequestorUid: 10010 RequestorPkg: com.chrome.canary UnderlyingNetworks: Null] ]
11-26 18:59:15.591  1795  2424 V WifiNetworkFactory: Accepted network request NetworkRequest [ REQUEST id=9750, [ Capabilities: INTERNET&NOT_RESTRICTED&TRUSTED&NOT_VCN_MANAGED Uid: 10010 RequestorUid: 10010 RequestorPkg: com.chrome.canary UnderlyingNetworks: Null] ]
11-26 18:59:15.591  1795  2424 D UntrustedWifiNetworkFactory: got request NetworkRequest [ REQUEST id=9750, [ Capabilities: INTERNET&NOT_RESTRICTED&TRUSTED&NOT_VCN_MANAGED Uid: 10010 RequestorUid: 10010 RequestorPkg: com.chrome.canary UnderlyingNetworks: Null] ]
11-26 18:59:15.591  1795  2424 D OemPaidWifiNetworkFactory: got request NetworkRequest [ REQUEST id=9750, [ Capabilities: INTERNET&NOT_RESTRICTED&TRUSTED&NOT_VCN_MANAGED Uid: 10010 RequestorUid: 10010 RequestorPkg: com.chrome.canary UnderlyingNetworks: Null] ]
11-26 18:59:15.591 21716 21716 I cr_CombinedPProvider: #registerProvider() provider:qN2@c8c5ecd isPolicyCacheEnabled:true policyProvidersSize:0
11-26 18:59:15.591 21716 21716 I cr_PolicyProvider: #setManagerAndSource() 0
11-26 18:59:15.592 21716 21716 I cr_CombinedPProvider: #registerProvider() provider:fj@c350382 isPolicyCacheEnabled:false policyProvidersSize:1
11-26 18:59:15.592  1795  2424 D MultiInternetWifiNetworkFactory: got request NetworkRequest [ REQUEST id=9750, [ Capabilities: INTERNET&NOT_RESTRICTED&TRUSTED&NOT_VCN_MANAGED Uid: 10010 RequestorUid: 10010 RequestorPkg: com.chrome.canary UnderlyingNetworks: Null] ]
11-26 18:59:15.592  1795  2432 D ConnectivityService: NetReassign [9750 : null  100] [c 0] [a 1] [i 2]
11-26 18:59:15.592 21716 21716 I cr_PolicyProvider: #setManagerAndSource() 1
11-26 18:59:15.593 21716 21716 I cr_AppResProvider: #getApplicationRestrictionsFromUserManager() Bundle[EMPTY_PARCEL]
11-26 18:59:15.593 21716 21716 I cr_PolicyProvider: #notifySettingsAvailable() 1
11-26 18:59:15.593 21716 21716 I cr_CombinedPProvider: #onSettingsAvailable() 1
11-26 18:59:15.595 21716 21716 I cr_CompositorSurfaceMgr: Transitioning to surface with format: -1
11-26 18:59:15.596  1795  2432 D ConnectivityService: NetReassign [no changes] [c 0] [a 1] [i 2]
11-26 18:59:15.596 21716 21716 I cr_CompositorSurfaceMgr: surfaceCreated format: 0
11-26 18:59:15.600 21716 21716 W m.chrome.canary: Accessing hidden method Landroid/telephony/TelephonyManager;->getSubscriberInfoService()Lcom/android/internal/telephony/IPhoneSubInfo; (blocked, reflection, denied)
11-26 18:59:15.600 21716 21716 W m.chrome.canary: Accessing hidden method Landroid/telephony/TelephonyManager;->getSubscriberInfoService()Lcom/android/internal/telephony/IPhoneSubInfo; (blocked, reflection, denied)
11-26 18:59:15.600 21716 21716 W m.chrome.canary: Accessing hidden method Landroid/telephony/TelephonyManager;->getSubscriptionService()Lcom/android/internal/telephony/ISub; (blocked, reflection, denied)
11-26 18:59:15.600 21716 21716 W m.chrome.canary: Accessing hidden method Landroid/telephony/TelephonyManager;->getSubscriptionService()Lcom/android/internal/telephony/ISub; (blocked, reflection, denied)
11-26 18:59:15.600 21716 21716 W m.chrome.canary: Accessing hidden method Landroid/telephony/TelephonyManager;->getSmsService()Lcom/android/internal/telephony/ISms; (blocked, reflection, denied)
11-26 18:59:15.600 21716 21716 W m.chrome.canary: Accessing hidden method Landroid/telephony/TelephonyManager;->getSmsService()Lcom/android/internal/telephony/ISms; (blocked, reflection, denied)
11-26 18:59:15.600 21716 21716 W m.chrome.canary: Accessing hidden method Landroid/telephony/TelephonyManager;->getITelephony()Lcom/android/internal/telephony/ITelephony; (max-target-p, reflection, denied)
11-26 18:59:15.600 21716 21716 W m.chrome.canary: Accessing hidden method Landroid/telephony/TelephonyManager;->getITelephony()Lcom/android/internal/telephony/ITelephony; (max-target-p, reflection, denied)
11-26 18:59:15.601  1011  1189 I ASH     : @ 368407.773: tcs3701: stop power rail pending_off timer
11-26 18:59:15.601  1011  1189 D ASH     : @ 368407.773: tcs3701: start power rail timer, state:3
11-26 18:59:15.608 21716 21716 I cr_ChromeTabbedActivity: #initializeState
11-26 18:59:15.626 21797 21829 D vulkan  : searching for layers in '/data/app/~~z5-dMYmQLvS-4mWZ9yqnFA==/com.chrome.canary-7Pcck9f8OWCuqG0lIoq4tg==/lib/arm64'
11-26 18:59:15.627 21797 21829 D vulkan  : searching for layers in '/data/app/~~z5-dMYmQLvS-4mWZ9yqnFA==/com.chrome.canary-7Pcck9f8OWCuqG0lIoq4tg==/base.apk!/lib/arm64-v8a'
11-26 18:59:15.627 21797 21829 D vulkan  : searching for layers in '/data/app/~~xK2KNYhs7Vn18sxJkcMggA==/com.google.android.trichromelibrary.canary_614500033-17M9CAQF6V59_-2q0N8dYA==/base.apk!/lib/arm64-v8a'
11-26 18:59:15.629 21797 21829 I AdrenoVK-0: ===== BEGIN DUMP OF OVERRIDDEN SETTINGS =====
11-26 18:59:15.629 21797 21829 I AdrenoVK-0: ===== END DUMP OF OVERRIDDEN SETTINGS =====
11-26 18:59:15.629 21797 21829 I AdrenoVK-0: QUALCOMM build          : 4783c89, I46ff5fc46f
11-26 18:59:15.629 21797 21829 I AdrenoVK-0: Build Date              : 11/30/20
11-26 18:59:15.629 21797 21829 I AdrenoVK-0: Shader Compiler Version : EV031.31.04.01
11-26 18:59:15.629 21797 21829 I AdrenoVK-0: Local Branch            : QPR2
11-26 18:59:15.629 21797 21829 I AdrenoVK-0: Remote Branch           : 
11-26 18:59:15.629 21797 21829 I AdrenoVK-0: Remote Branch           : 
11-26 18:59:15.629 21797 21829 I AdrenoVK-0: Reconstruct Branch      : 
11-26 18:59:15.629 21797 21829 I AdrenoVK-0: Build Config            : S P 10.0.4 AArch64
11-26 18:59:15.629 21797 21829 I AdrenoVK-0: Driver Path             : /vendor/lib64/hw/vulkan.adreno.so
11-26 18:59:15.629 21716 21716 E m.chrome.canary: Invalid ID 0x00000000.
11-26 18:59:15.640  1011  1189 I ASH     : @ 368407.813: tcs3701: stop power rail pending_off timer
11-26 18:59:15.640  1011  1189 D ASH     : @ 368407.813: tcs3701: start power rail timer, state:3
11-26 18:59:15.640 21797 21838 W Parcel  : Expecting binder but got null!
11-26 18:59:15.643 26741 26741 D BoundBrokerSvc: onBind: Intent { act=com.google.android.gms.languageprofile.service.START pkg=com.google.android.gms }
11-26 18:59:15.643 26741 26741 D BoundBrokerSvc: Loading bound service for intent: Intent { act=com.google.android.gms.languageprofile.service.START pkg=com.google.android.gms }
11-26 18:59:15.646 26741 26741 E AbstractGmsTracer: Traced class shouldn't be obfuscated: LanguageProfileChimeraService [CONTEXT service_id=259 ]
11-26 18:59:15.652 26741 21653 E AbstractGmsTracer: Traced class shouldn't be obfuscated: AccountsChangedIntentOperation [CONTEXT service_id=259 ]
11-26 18:59:15.659 21716 21716 V MediaRouter: Selecting route: RouteInfo{ name=Phone, description=null, status=null, category=RouteCategory{ name=System types=ROUTE_TYPE_LIVE_AUDIO ROUTE_TYPE_LIVE_VIDEO  groupable=false }, supportedTypes=ROUTE_TYPE_LIVE_AUDIO ROUTE_TYPE_LIVE_VIDEO , presentationDisplay=null }
11-26 18:59:15.659 21716 21716 I MediaRouter: Skip setBluetoothA2dpOn(): types=8388615, isPlaybackActive()=false, BT route=null
11-26 18:59:15.660 21716 21716 W m.chrome.canary: Accessing hidden field Landroid/media/MediaRouter;->sStatic:Landroid/media/MediaRouter$Static; (max-target-o, reflection, denied)
11-26 18:59:15.661 21716 21716 I GlobalMediaRouter: Found default route: MediaRouter.RouteInfo{ uniqueId=DEFAULT_ROUTE, name=Phone, description=null, iconUri=null, enabled=true, isSystemRoute=true, connectionState=0, canDisconnect=false, playbackType=0, playbackStream=3, deviceType=0, volumeHandling=1, volume=0, volumeMax=25, presentationDisplayId=-1, extras=null, settingsIntent=null, providerPackageName=android }
11-26 18:59:15.661 21716 21716 I GlobalMediaRouter: Unselecting the current route because it is no longer selectable: null
11-26 18:59:15.670 21716 21789 W cr_media: BLUETOOTH_CONNECT permission is missing.
11-26 18:59:15.670 21716 21789 W cr_media: registerBluetoothIntentsIfNeeded: Requires BLUETOOTH permission
11-26 18:59:15.676 21791 21827 I cr_LibraryLoader: Successfully loaded native library
11-26 18:59:15.677 21791 21827 I cr_CachingUmaRecorder: Flushed 3 samples from 3 histograms, 0 samples were dropped.
11-26 18:59:15.680  1011  1189 I ASH     : @ 368407.853: tcs3701: stop power rail pending_off timer
11-26 18:59:15.680  1011  1189 D ASH     : @ 368407.853: tcs3701: start power rail timer, state:3
11-26 18:59:15.707  1795  2424 D WifiClientModeImpl[13802:wlan0]: updateLinkLayerStatsRssiSpeedFrequencyCapabilities rssi=-46 TxLinkspeed=866 freq=5240 RxLinkSpeed=866
11-26 18:59:15.708  1795  2424 D WifiDataStall: tx tput in kbps: 732717
11-26 18:59:15.708  1795  2424 D WifiDataStall: rx tput in kbps: 771281
11-26 18:59:15.708  1795  2424 V WifiConfigManager: Updating scan detail cache freq=5240 BSSID=f4:6d:2f:12:cc:88 RSSI=-46 for "ourhome"WPA_PSK
11-26 18:59:15.708  2782  5906 D QCNEJ/WlanStaInfoRelay: Received action: android.net.wifi.RSSI_CHANGED
11-26 18:59:15.709  1795  2424 D WifiChannelUtilization:  freq: 5240 onTime: 10049162 busyTime: 901170 onTimeDiff: 401306 busyTimeDiff: 44684 utilization: 28 utilization t0: 22
11-26 18:59:15.709  1795  2424 D WifiDataStall:  ccaLevel = 28
11-26 18:59:15.709  1795  2424 D WifiDataStall: L2 txTputKbps: 632450, rxTputKbps: 771281, L3 txTputKbps: 7, rxTputKbps: 22, TxTrafficHigh: true, RxTrafficHigh: true, Throughput Sufficient: true
11-26 18:59:15.710  2673 16648 V WifiManager: OnWifiUsabilityStatsListener: onWifiUsabilityStats: seqNum=93644
11-26 18:59:15.712  1795  2387 I WifiService: updateWifiUsabilityScore uid=10180 seqNum=93644 score=100 predictionHorizonSec=1441795
11-26 18:59:15.712  1795  3613 W InputManager-JNI: Input channel object '36e8dc2 Splash Screen com.chrome.canary (client)' was disposed without first being removed with the input manager!
11-26 18:59:15.715  1795  2424 D WifiScoreReport: Wifi scoring disabled - Don't check IP layer
11-26 18:59:15.715  1795  2424 D WifiScoreCard: BSSID update SIGNAL_POLL ID: 1320464697 SSID: "ourhome", BSSID: f4:6d:2f:12:cc:88, MAC: b2:2f:ec:da:4a:0c, IP: /192.168.1.104, Security type: 2, Supplicant state: COMPLETED, Wi-Fi standard: 5, RSSI: -46, Link speed: 866Mbps, Tx Link speed: 866Mbps, Max Supported Tx Link speed: 866Mbps, Rx Link speed: 866Mbps, Max Supported Rx Link speed: 866Mbps, Frequency: 5240MHz, Net ID: 12, Metered hint: false, score: 60, isUsable: true, CarrierMerged: false, SubscriptionId: -1, IsPrimary: 1, Trusted: true, Restricted: false, Ephemeral: false, OEM paid: false, OEM private: false, OSU AP: false, FQDN: <none>, Provider friendly name: <none>, Requesting package name: <none>"ourhome"wpa2-pskMLO Information: , Is TID-To-Link negotiation supported by the AP: false, AP MLD Address: <none>, AP MLO Link Id: <none>, AP MLO Affiliated links: <none>
11-26 18:59:15.715  1795  2424 D WifiScoreCard: txRate: 7 txSpeed: 866
11-26 18:59:15.715  1795  2424 D WifiScoreCard: network update SIGNAL_POLL "ourhome" ID: 1499892569 RSSI -46 txSpeed 866
11-26 18:59:15.716  1795  2424 D WifiClientModeImpl[13802:wlan0]:  ClientModeImpl$L2ConnectedState screen=on 37 0 "ourhome" f4:6d:2f:12:cc:88 rssi=-46 f=5240 sc=60 link=866 tx=5.0, 1.1, 0.0 rx=3.7 bcn=3483620 [on:182 tx:4 rx:1 period:3014] from screen [on:413181 period:9121002] score=60
11-26 18:59:15.716  1795  2424 D WifiScoreReport: Wifi scoring disabled - Notify that Wifi is usable
11-26 18:59:15.717  3875  3875 I dzhj    : onStop
11-26 18:59:15.719  3657  3683 D ForegroundUtils: Foreground UID status:
11-26 18:59:15.719  3657  3683 D ForegroundUtils: UID: 10010 is in foreground: true
11-26 18:59:15.719  3657  3683 D ForegroundUtils: UID: 10128 is in foreground: true
11-26 18:59:15.719  3657  3683 D ForegroundUtils: UID: 10158 is in foreground: true
11-26 18:59:15.719  3657  3683 D ForegroundUtils: UID: 10189 is in foreground: false
11-26 18:59:15.719  3657  3683 D ForegroundUtils: UID: 10194 is in foreground: true
11-26 18:59:15.719  3657  3683 D ForegroundUtils: UID: 10206 is in foreground: false
11-26 18:59:15.719  3657  3683 D ForegroundUtils: UID: 10233 is in foreground: true
11-26 18:59:15.719  3657  3683 D ForegroundUtils: UID: 10244 is in foreground: false
11-26 18:59:15.719  3657  3683 D ForegroundUtils: UID: 10319 is in foreground: true
11-26 18:59:15.719  3657  3683 D ForegroundUtils: UID: 90000 is in foreground: true
11-26 18:59:15.722  1011  1189 I ASH     : @ 368407.893: tcs3701: stop power rail pending_off timer
11-26 18:59:15.722  1011  1189 D ASH     : @ 368407.893: tcs3701: start power rail timer, state:3
11-26 18:59:15.725 26837 29465 I FontLog : (REDACTED) Received query %s, URI %s
11-26 18:59:15.725 26837 29465 I FontLog : (REDACTED) Query [%s] resolved to %s
11-26 18:59:15.727 26837 29465 I FontLog : (REDACTED) Font PFD returned from cache for %s
11-26 18:59:15.727 26837 29465 I FontLog : (REDACTED) Fetch %s end status %s
11-26 18:59:15.728 26837 27259 I FontLog : (REDACTED) Pulling font file for id = %d, cache size = %d
11-26 18:59:15.730  1795  2432 D ConnectivityService: NetReassign [no changes] [c 0] [a 0] [i 12]
11-26 18:59:15.730 26837 27259 I FontLog : (REDACTED) Received query %s, URI %s
11-26 18:59:15.730 26837 27259 I FontLog : (REDACTED) Query [%s] resolved to %s
11-26 18:59:15.731 21797 21839 I AdrenoVK-0: QUALCOMM build          : 4783c89, I46ff5fc46f
11-26 18:59:15.731 21797 21839 I AdrenoVK-0: Build Date              : 11/30/20
11-26 18:59:15.731 21797 21839 I AdrenoVK-0: Shader Compiler Version : EV031.31.04.01
11-26 18:59:15.731 21797 21839 I AdrenoVK-0: Local Branch            : QPR2
11-26 18:59:15.731 21797 21839 I AdrenoVK-0: Remote Branch           : 
11-26 18:59:15.731 21797 21839 I AdrenoVK-0: Remote Branch           : 
11-26 18:59:15.731 21797 21839 I AdrenoVK-0: Reconstruct Branch      : 
11-26 18:59:15.731 21797 21839 I AdrenoVK-0: Build Config            : S P 10.0.4 AArch64
11-26 18:59:15.731 21797 21839 I AdrenoVK-0: Driver Path             : /vendor/lib64/hw/vulkan.adreno.so
11-26 18:59:15.731 26837 27259 I FontLog : (REDACTED) Fetch %s end status %s
11-26 18:59:15.732 26837 27259 I FontLog : (REDACTED) Pulling font file for id = %d, cache size = %d
11-26 18:59:15.733  2940  3994 D OneSearchSuggestProvider: Shut down the binder channel
11-26 18:59:15.736  2940  3280 I s.nexuslauncher: oneway function results for code 2 on binder at 0xb4000070951ec0b0 will be dropped but finished with status UNKNOWN_TRANSACTION
11-26 18:59:15.736  3875 28447 I earchbox:search: oneway function results for code 2 on binder at 0xb40000709546eb00 will be dropped but finished with status UNKNOWN_TRANSACTION
11-26 18:59:15.738 26837 27259 I FontLog : (REDACTED) Received query %s, URI %s
11-26 18:59:15.738 26837 27259 I FontLog : (REDACTED) Query [%s] resolved to %s
11-26 18:59:15.740 26837 27259 I FontLog : (REDACTED) Font PFD returned from cache for %s
11-26 18:59:15.740 26837 27259 I FontLog : (REDACTED) Fetch %s end status %s
11-26 18:59:15.742 26837   576 I FontLog : (REDACTED) Pulling font file for id = %d, cache size = %d
11-26 18:59:15.744 26837   576 I FontLog : (REDACTED) Received query %s, URI %s
11-26 18:59:15.744 26837   576 I FontLog : (REDACTED) Query [%s] resolved to %s
11-26 18:59:15.745 26837   576 I FontLog : (REDACTED) Font PFD returned from cache for %s
11-26 18:59:15.745 26837   576 I FontLog : (REDACTED) Fetch %s end status %s
11-26 18:59:15.746 26837   576 I FontLog : (REDACTED) Pulling font file for id = %d, cache size = %d
11-26 18:59:15.751 21716 21782 W chromium: [WARNING:ev_root_ca_metadata.cc(119)] Not implemented
11-26 18:59:15.761  3563 23267 D MediaProvider: Open with FUSE. FilePath: /storage/emulated/0/Download/batterymanager-companion-1.0.0.zip. Uid: 10010. Media Capabilities Uid: 0. ShouldRedact: false. ShouldTranscode: false
11-26 18:59:15.761  1011  1189 I ASH     : @ 368407.933: tcs3701: stop power rail pending_off timer
11-26 18:59:15.761  1011  1189 D ASH     : @ 368407.933: tcs3701: start power rail timer, state:3
11-26 18:59:15.771 26837 21586 I SQLiteConnectionPool: The connection pool for /data/user/0/com.google.android.gms/databases/metadata.db has been closed but there are still 1 connections in use.  They will be closed as they are released back to the pool.
11-26 18:59:15.775 26741 26741 E AbstractGmsTracer: Traced class shouldn't be obfuscated: LanguageProfileGcmTaskChimeraService [CONTEXT service_id=259 ]
11-26 18:59:15.776 26741 26741 E AbstractGmsTracer: Traced class shouldn't be obfuscated: LanguageProfileGcmTaskChimeraService [CONTEXT service_id=259 ]
11-26 18:59:15.785  3563 23267 D MediaProvider: Open with FUSE. FilePath: /storage/emulated/0/Download/com.example.batterymanager_utility (1).apk. Uid: 10010. Media Capabilities Uid: 0. ShouldRedact: false. ShouldTranscode: false
11-26 18:59:15.786 26837 21586 I NetworkScheduler.Stats: (REDACTED) Task %s/%s started execution. cause:%s exec_start_elapsed_seconds: %s
11-26 18:59:15.789 21797 21853 W VideoCapabilities: Unrecognized level 1879048707 for video/x-vnd.on2.vp8
11-26 18:59:15.789 21797 21853 W VideoCapabilities: Unrecognized profile 1879048704 for video/x-vnd.on2.vp8
11-26 18:59:15.790 21797 21853 W VideoCapabilities: Unrecognized level 1879048707 for video/x-vnd.on2.vp8
11-26 18:59:15.790 21797 21853 W VideoCapabilities: Unrecognized profile 1879048704 for video/x-vnd.on2.vp8
11-26 18:59:15.793 21797 21853 W VideoCapabilities: Unsupported mime image/vnd.android.heic
11-26 18:59:15.794 21797 21853 W VideoCapabilities: Unrecognized level 1879048707 for video/x-vnd.on2.vp8
11-26 18:59:15.794 21797 21853 W VideoCapabilities: Unrecognized profile 1879048704 for video/x-vnd.on2.vp8
11-26 18:59:15.794 21797 21853 W VideoCapabilities: Unrecognized level 1879048707 for video/x-vnd.on2.vp8
11-26 18:59:15.794 21797 21853 W VideoCapabilities: Unrecognized profile 1879048704 for video/x-vnd.on2.vp8
11-26 18:59:15.795 26837 18301 W FontLog : Error updating last accessed time for {Google Sans, wdth 100.0, wght 500, ital 0.0, bestEffort false}. [CONTEXT service_id=132 ]
11-26 18:59:15.795 26837 18301 W FontLog : java.lang.IllegalStateException: Cannot perform this operation because the connection pool has been closed.
11-26 18:59:15.795 26837 18301 W FontLog : 	at android.database.sqlite.SQLiteConnectionPool.throwIfClosedLocked(SQLiteConnectionPool.java:1078)
11-26 18:59:15.795 26837 18301 W FontLog : 	at android.database.sqlite.SQLiteConnectionPool.waitForConnection(SQLiteConnectionPool.java:771)
11-26 18:59:15.795 26837 18301 W FontLog : 	at android.database.sqlite.SQLiteConnectionPool.acquireConnection(SQLiteConnectionPool.java:387)
11-26 18:59:15.795 26837 18301 W FontLog : 	at android.database.sqlite.SQLiteSession.acquireConnection(SQLiteSession.java:896)
11-26 18:59:15.795 26837 18301 W FontLog : 	at android.database.sqlite.SQLiteSession.prepare(SQLiteSession.java:588)
11-26 18:59:15.795 26837 18301 W FontLog : 	at android.database.sqlite.SQLiteProgram.<init>(SQLiteProgram.java:62)
11-26 18:59:15.795 26837 18301 W FontLog : 	at android.database.sqlite.SQLiteStatement.<init>(SQLiteStatement.java:34)
11-26 18:59:15.795 26837 18301 W FontLog : 	at android.database.sqlite.SQLiteDatabase.executeSql(SQLiteDatabase.java:2086)
11-26 18:59:15.795 26837 18301 W FontLog : 	at android.database.sqlite.SQLiteDatabase.execSQL(SQLiteDatabase.java:2064)
11-26 18:59:15.795 26837 18301 W FontLog : 	at avsh.run(:com.google.android.gms@234414038@23.44.14 (190400-580326705):68)
11-26 18:59:15.795 26837 18301 W FontLog : 	at ajls.c(:com.google.android.gms@234414038@23.44.14 (190400-580326705):50)
11-26 18:59:15.795 26837 18301 W FontLog : 	at ajls.run(:com.google.android.gms@234414038@23.44.14 (190400-580326705):76)
11-26 18:59:15.795 26837 18301 W FontLog : 	at java.util.concurrent.ThreadPoolExecutor.runWorker(ThreadPoolExecutor.java:1145)
11-26 18:59:15.795 26837 18301 W FontLog : 	at java.util.concurrent.ThreadPoolExecutor$Worker.run(ThreadPoolExecutor.java:644)
11-26 18:59:15.795 26837 18301 W FontLog : 	at ajqx.run(:com.google.android.gms@234414038@23.44.14 (190400-580326705):8)
11-26 18:59:15.795 26837 18301 W FontLog : 	at java.lang.Thread.run(Thread.java:1012)
11-26 18:59:15.797 21797 21853 W cr_VAUtil: Unknown profile: 1879048704 for codec video/x-vnd.on2.vp8
11-26 18:59:15.798  3563 23267 D MediaProvider: Open with FUSE. FilePath: /storage/emulated/0/Download/com.example.batterymanager_utility.apk. Uid: 10010. Media Capabilities Uid: 0. ShouldRedact: false. ShouldTranscode: false
11-26 18:59:15.801  1011  1189 I ASH     : @ 368407.973: tcs3701: stop power rail pending_off timer
11-26 18:59:15.802  1011  1189 D ASH     : @ 368407.973: tcs3701: start power rail timer, state:3
11-26 18:59:15.808 21716 21716 D CompatibilityChangeReporter: Compat change id reported: 171228096; UID 10010; state: ENABLED
11-26 18:59:15.821   595   595 I servicemanager: Could not find android.hardware.graphics.allocator.IAllocator/default in the VINTF manifest.
11-26 18:59:15.836 21716 21716 I cr_OfflineIndicator: onConnectionTypeChanged 2
11-26 18:59:15.839 21716 21716 I cr_OfflineIndicator: Reported by system: [ Transports: WIFI Capabilities: NOT_METERED&INTERNET&NOT_RESTRICTED&TRUSTED&NOT_VPN&VALIDATED&NOT_ROAMING&FOREGROUND&NOT_CONGESTED&NOT_SUSPENDED&NOT_VCN_MANAGED LinkUpBandwidth>=4485Kbps LinkDnBandwidth>=58636Kbps TransportInfo: <SSID: <unknown ssid>, BSSID: 02:00:00:00:00:00, MAC: 02:00:00:00:00:00, IP: /192.168.1.104, Security type: 2, Supplicant state: COMPLETED, Wi-Fi standard: 5, RSSI: -48, Link speed: 650Mbps, Tx Link speed: 650Mbps, Max Supported Tx Link speed: 866Mbps, Rx Link speed: 866Mbps, Max Supported Rx Link speed: 866Mbps, Frequency: 5240MHz, Net ID: -1, Metered hint: false, score: 60, isUsable: true, CarrierMerged: false, SubscriptionId: -1, IsPrimary: -1, Trusted: true, Restricted: false, Ephemeral: false, OEM paid: false, OEM private: false, OSU AP: false, FQDN: <none>, Provider friendly name: <none>, Requesting package name: <none><none>MLO Information: , Is TID-To-Link negotiation supported by the AP: false, AP MLD Address: <none>, AP MLO Link Id: <none>, AP MLO Affiliated links: <none>> SignalStrength: -48 UnderlyingNetworks: Null]
11-26 18:59:15.839 21716 21716 I cr_OfflineIndicator: setConnectionState connectionState=4
11-26 18:59:15.839 21716 21716 W Settings: Setting airplane_mode_on has moved from android.provider.Settings.System to android.provider.Settings.Global, returning read-only value.
11-26 18:59:15.840 21716 21716 I cr_OfflineDetector: Received connection change state message. mConnectivityDetectorInitialized: true, mTimeWhenLastForegrounded: 368404650, getElapsedTime: 368404654, mTimeWhenLastOfflineNotificationReceived: 0, mTimeWhenLastOnline: 368404654, mTimeWhenAirplaneModeToggledOff: 0 mApplicationState: 1, mIsOfflineLastReportedByConnectivityDetector: false, mInAirplaneMode: false mIsEffectivelyOffline: false
11-26 18:59:15.840 21716 21716 I cr_OfflineDetector: onConnectionStateChanged(): previousLastReportedStateByOfflineDetector: false
11-26 18:59:15.840 21716 21716 I cr_OfflineDetector: Running updateState mConnectivityDetectorInitialized: true, mTimeWhenLastForegrounded: 368404650, getElapsedTime: 368404654, mTimeWhenLastOfflineNotificationReceived: 0, mTimeWhenLastOnline: 368404654, mTimeWhenAirplaneModeToggledOff: 0 mApplicationState: 1, mIsOfflineLastReportedByConnectivityDetector: false, mInAirplaneMode: false mIsEffectivelyOffline: false
11-26 18:59:15.840 21716 21716 I cr_OfflineDetector: updateState(): timeSinceLastForeground: 4, timeSinceOfflineNotificationReceived: 368404654, timeSinceLastOnline: 0, timeNeededForForeground: 1996, timeNeededForOffline: -368402654 timeSinceAirplaneModeToggledOff: 368404654 timeNeededAfterConnectionChangeFromOnlineToOffline: 10000 timeNeededAfterConnectionChangeFromAirplaneToOffline: 0
11-26 18:59:15.840 21716 21716 I cr_OfflineDetector: Running mUpdateOfflineStatusIndicatorDelayedRunnable start. mConnectivityDetectorInitialized: true, mTimeWhenLastForegrounded: 368404650, getElapsedTime: 368404655, mTimeWhenLastOfflineNotificationReceived: 0, mTimeWhenLastOnline: 368404654, mTimeWhenAirplaneModeToggledOff: 0 mApplicationState: 1, mIsOfflineLastReportedByConnectivityDetector: false, mInAirplaneMode: false mIsEffectivelyOffline: false
11-26 18:59:15.840 21716 21716 I cr_OfflineDetector: Running mUpdateOfflineStatusIndicatorDelayedRunnable end. mConnectivityDetectorInitialized: true, mTimeWhenLastForegrounded: 368404650, getElapsedTime: 368404655, mTimeWhenLastOfflineNotificationReceived: 0, mTimeWhenLastOnline: 368404654, mTimeWhenAirplaneModeToggledOff: 0 mApplicationState: 1, mIsOfflineLastReportedByConnectivityDetector: false, mInAirplaneMode: false mIsEffectivelyOffline: false
11-26 18:59:15.840 21716 21716 I cr_OfflineIndicator: processConnectivityCheckResult mConnectionState=4 mConnectivityCheckingStage=1
11-26 18:59:15.840  1011  1189 I ASH     : @ 368408.013: tcs3701: stop power rail pending_off timer
11-26 18:59:15.840  1011  1189 D ASH     : @ 368408.013: tcs3701: start power rail timer, state:3
11-26 18:59:15.844 26837 21586 I NetworkScheduler.Stats: (REDACTED) Task %s/%s finished executing. cause:%s result: %s elapsed_millis: %s uptime_millis: %s exec_start_elapsed_seconds: %s
11-26 18:59:15.845  1795  2424 D WifiNetworkSelector: Current connected network: 12
11-26 18:59:15.847  1795  2424 V WifiConnectivityManager: No partial scan because firmware roaming is supported.
11-26 18:59:15.847  1795  2424 V WifiConnectivityManager: schedulePeriodicScanTimer intervalMs 20000
11-26 18:59:15.852  2113  2118 I pixel-thermal: skin-therm-monitor: 41.974
11-26 18:59:15.855  2113  2118 I pixel-thermal: panel-audio-therm: 41.974
11-26 18:59:15.882  1011  1189 I ASH     : @ 368408.053: tcs3701: stop power rail pending_off timer
11-26 18:59:15.882  1011  1189 D ASH     : @ 368408.053: tcs3701: start power rail timer, state:3
11-26 18:59:15.905  3563 23267 D MediaProvider: Open with FUSE. FilePath: /storage/emulated/0/Download/batterymanager-companion-1.0.0.zip. Uid: 10010. Media Capabilities Uid: 0. ShouldRedact: false. ShouldTranscode: false
11-26 18:59:15.905  1795  1854 D ConnectivityService: requestNetwork for uid/pid:10010/21716 activeRequest: null callbackRequest: 9752 [NetworkRequest [ REQUEST id=9753, [ Capabilities: INTERNET&NOT_RESTRICTED&TRUSTED&NOT_VCN_MANAGED Uid: 10010 RequestorUid: 10010 RequestorPkg: com.chrome.canary UnderlyingNetworks: Null] ]] callback flags: 0 order: 2147483647
11-26 18:59:15.908  1795  2424 D WifiNetworkFactory: got request NetworkRequest [ REQUEST id=9753, [ Capabilities: INTERNET&NOT_RESTRICTED&TRUSTED&NOT_VCN_MANAGED Uid: 10010 RequestorUid: 10010 RequestorPkg: com.chrome.canary UnderlyingNetworks: Null] ]
11-26 18:59:15.908  1795  2424 V WifiNetworkFactory: Accepted network request NetworkRequest [ REQUEST id=9753, [ Capabilities: INTERNET&NOT_RESTRICTED&TRUSTED&NOT_VCN_MANAGED Uid: 10010 RequestorUid: 10010 RequestorPkg: com.chrome.canary UnderlyingNetworks: Null] ]
11-26 18:59:15.908  1795  2424 D UntrustedWifiNetworkFactory: got request NetworkRequest [ REQUEST id=9753, [ Capabilities: INTERNET&NOT_RESTRICTED&TRUSTED&NOT_VCN_MANAGED Uid: 10010 RequestorUid: 10010 RequestorPkg: com.chrome.canary UnderlyingNetworks: Null] ]
11-26 18:59:15.909  1795  2424 D OemPaidWifiNetworkFactory: got request NetworkRequest [ REQUEST id=9753, [ Capabilities: INTERNET&NOT_RESTRICTED&TRUSTED&NOT_VCN_MANAGED Uid: 10010 RequestorUid: 10010 RequestorPkg: com.chrome.canary UnderlyingNetworks: Null] ]
11-26 18:59:15.909  1795  2432 D ConnectivityService: NetReassign [9753 : null  100] [c 1] [a 0] [i 3]
11-26 18:59:15.909  1795  2424 D MultiInternetWifiNetworkFactory: got request NetworkRequest [ REQUEST id=9753, [ Capabilities: INTERNET&NOT_RESTRICTED&TRUSTED&NOT_VCN_MANAGED Uid: 10010 RequestorUid: 10010 RequestorPkg: com.chrome.canary UnderlyingNetworks: Null] ]
11-26 18:59:15.911  3563 23267 D MediaProvider: Open with FUSE. FilePath: /storage/emulated/0/Download/com.example.batterymanager_utility (1).apk. Uid: 10010. Media Capabilities Uid: 0. ShouldRedact: false. ShouldTranscode: false
11-26 18:59:15.912  1795  2432 D ConnectivityService: NetReassign [no changes] [c 0] [a 1] [i 2]
11-26 18:59:15.916  3563 23267 D MediaProvider: Open with FUSE. FilePath: /storage/emulated/0/Download/com.example.batterymanager_utility.apk. Uid: 10010. Media Capabilities Uid: 0. ShouldRedact: false. ShouldTranscode: false
11-26 18:59:15.919 21716 21716 I cr_InactivityTracker: Last background time read from the SharedPreference is:-1.
11-26 18:59:15.920  1011  1189 I ASH     : @ 368408.093: tcs3701: stop power rail pending_off timer
11-26 18:59:15.920  1011  1189 D ASH     : @ 368408.093: tcs3701: start power rail timer, state:3
11-26 18:59:15.921 21716 21716 I cr_VideoPersist: Exited picture in picture with reason: 0
11-26 18:59:15.924 21716 21716 I cr_InactivityTracker: Last visible time read from the SharedPreference is:1701021390316.
11-26 18:59:15.939 21716 21716 I cr_PwaRestore: Not showing PWA Restore promo, feature flag is disabled
11-26 18:59:15.946 21716 21716 I cr_InactivityTracker: Last visible time read from the SharedPreference is:1701021555924.
11-26 18:59:15.961  1011  1189 I ASH     : @ 368408.133: tcs3701: stop power rail pending_off timer
11-26 18:59:15.961  1011  1189 D ASH     : @ 368408.133: tcs3701: start power rail timer, state:3
11-26 18:59:16.000  1011  1189 I ASH     : @ 368408.173: tcs3701: stop power rail pending_off timer
11-26 18:59:16.000  1011  1189 D ASH     : @ 368408.173: tcs3701: start power rail timer, state:3
11-26 18:59:16.032 21716 21780 W chromium: [WARNING:ev_root_ca_metadata.cc(119)] Not implemented
11-26 18:59:16.032 21716 21780 W chromium: [WARNING:ev_root_ca_metadata.cc(119)] Not implemented
11-26 18:59:16.040 21716 21784 W chromium: [WARNING:ev_root_ca_metadata.cc(119)] Not implemented
11-26 18:59:16.040  1011  1189 I ASH     : @ 368408.213: tcs3701: stop power rail pending_off timer
11-26 18:59:16.040  1011  1189 D ASH     : @ 368408.213: tcs3701: start power rail timer, state:3
11-26 18:59:16.052 21716 21716 I Choreographer: Skipped 64 frames!  The application may be doing too much work on its main thread.
11-26 18:59:16.071 21716 21732 I OpenGLRenderer: Davey! duration=731ms; Flags=0, FrameTimelineVsyncId=189129591, IntendedVsync=350577990675337, Vsync=350578703682313, InputEventId=0, HandleInputStart=350578712560987, AnimationStart=350578712562914, PerformTraversalsStart=350578712857705, DrawStart=350578717720206, FrameDeadline=350578018276912, FrameInterval=350578712501612, FrameStartTime=11140734, SyncQueued=350578718845779, SyncStart=350578718883748, IssueDrawCommandsStart=350578718993591, SwapBuffers=350578720099060, FrameCompleted=350578722555102, DequeueBufferDuration=11198, QueueBufferDuration=240730, GpuCompleted=350578722555102, SwapBuffersCompleted=350578720765206, DisplayPresentTime=0, CommandSubmissionCompleted=350578720099060, 
11-26 18:59:16.080  1011  1189 I ASH     : @ 368408.253: tcs3701: stop power rail pending_off timer
11-26 18:59:16.080  1011  1189 D ASH     : @ 368408.253: tcs3701: start power rail timer, state:3
11-26 18:59:16.098 21716 21716 I cr_PolicyProvider: #notifySettingsAvailable() 0
11-26 18:59:16.098 21716 21716 I cr_CombinedPProvider: #onSettingsAvailable() 0
11-26 18:59:16.098 21716 21716 I cr_CombinedPProvider: #flushPolicies()
11-26 18:59:16.098 21716 21716 I cr_PolicyService: #onPolicyServiceInitialized()
11-26 18:59:16.099 21716 21716 I cr_PolicyProvider: #notifySettingsAvailable() 0
11-26 18:59:16.099 21716 21716 I cr_CombinedPProvider: #onSettingsAvailable() 0
11-26 18:59:16.099 21716 21716 I cr_CombinedPProvider: #flushPolicies()
11-26 18:59:16.120  1011  1189 I ASH     : @ 368408.293: tcs3701: stop power rail pending_off timer
11-26 18:59:16.120  1011  1189 D ASH     : @ 368408.293: tcs3701: start power rail timer, state:3
11-26 18:59:16.143 21716 21716 V MediaRouter: Selecting route: RouteInfo{ name=Phone, description=null, status=null, category=RouteCategory{ name=System types=ROUTE_TYPE_LIVE_AUDIO ROUTE_TYPE_LIVE_VIDEO  groupable=false }, supportedTypes=ROUTE_TYPE_LIVE_AUDIO ROUTE_TYPE_LIVE_VIDEO , presentationDisplay=null }
11-26 18:59:16.160  1011  1189 I ASH     : @ 368408.333: tcs3701: stop power rail pending_off timer
11-26 18:59:16.160  1011  1189 D ASH     : @ 368408.333: tcs3701: start power rail timer, state:3
11-26 18:59:16.200  1011  1189 I ASH     : @ 368408.373: tcs3701: stop power rail pending_off timer
11-26 18:59:16.201  1011  1189 D ASH     : @ 368408.373: tcs3701: start power rail timer, state:3
11-26 18:59:16.211  1795  2679 D CompatibilityChangeReporter: Compat change id reported: 214016041; UID 10010; state: ENABLED
11-26 18:59:16.214  3375  3375 I GoogleInputMethodService: GoogleInputMethodService.onFinishInput():3154 
11-26 18:59:16.215  3375  3375 I GoogleInputMethodService: GoogleInputMethodService.updateDeviceLockedStatus():2088 repeatCheckTimes = 0, locked = false
11-26 18:59:16.215  3375  3375 I GoogleInputMethodService: GoogleInputMethodService.onStartInput():1883 onStartInput(EditorInfo{EditorInfo{packageName=com.chrome.canary, inputType=0, inputTypeString=NULL, enableLearning=false, autoCorrection=false, autoComplete=false, imeOptions=12000000, privateImeOptions=null, actionName=UNSPECIFIED, actionLabel=null, initialSelStart=-1, initialSelEnd=-1, initialCapsMode=0, label=null, fieldId=-1, fieldName=null, extras=null, hintText=null, hintLocales=[]}}, false)
11-26 18:59:16.216  3375  3375 I GoogleInputMethodService: GoogleInputMethodService.updateDeviceLockedStatus():2088 repeatCheckTimes = 1, locked = false
11-26 18:59:16.240  1011  1189 I ASH     : @ 368408.413: tcs3701: stop power rail pending_off timer
11-26 18:59:16.240  1011  1189 D ASH     : @ 368408.413: tcs3701: start power rail timer, state:3
11-26 18:59:16.280  1011  1189 I ASH     : @ 368408.453: tcs3701: stop power rail pending_off timer
11-26 18:59:16.281  1011  1189 D ASH     : @ 368408.453: tcs3701: start power rail timer, state:3
11-26 18:59:16.320  1011  1189 I ASH     : @ 368408.493: tcs3701: stop power rail pending_off timer
11-26 18:59:16.320  1011  1189 D ASH     : @ 368408.493: tcs3701: start power rail timer, state:3
11-26 18:59:16.324  1795  1854 D ActivityManager: freezer override set to true
11-26 18:59:16.360  1011  1189 I ASH     : @ 368408.533: tcs3701: stop power rail pending_off timer
11-26 18:59:16.360  1011  1189 D ASH     : @ 368408.533: tcs3701: start power rail timer, state:3
11-26 18:59:16.393 26837 27259 I Auth    : [RequestTokenOperation] Facet event logged for AUTH_ACCOUNT_BASE_TOKEN_RETURNED [CONTEXT service_id=343 ]
11-26 18:59:16.396 26837 26837 D BoundBrokerSvc: onBind: Intent { act=com.google.android.gms.auth.account.workaccount.START dat=chimera-action:/... cmp=com.google.android.gms/.chimera.PersistentApiService }
11-26 18:59:16.396 26837 26837 D BoundBrokerSvc: Loading bound service for intent: Intent { act=com.google.android.gms.auth.account.workaccount.START dat=chimera-action:/... cmp=com.google.android.gms/.chimera.PersistentApiService }
11-26 18:59:16.397 26837 26837 E AbstractGmsTracer: Traced class shouldn't be obfuscated: WorkAccountApiService [CONTEXT service_id=259 ]
11-26 18:59:16.400  1795  1854 D ActivityManager: freezer override set to false
11-26 18:59:16.400  1011  1189 I ASH     : @ 368408.573: tcs3701: stop power rail pending_off timer
11-26 18:59:16.400  1011  1189 D ASH     : @ 368408.573: tcs3701: start power rail timer, state:3
11-26 18:59:16.437 21716 21780 W chromium: [WARNING:ev_root_ca_metadata.cc(119)] Not implemented
11-26 18:59:16.437 21716 21780 W chromium: [WARNING:ev_root_ca_metadata.cc(119)] Not implemented
11-26 18:59:16.440  1011  1189 I ASH     : @ 368408.613: tcs3701: stop power rail pending_off timer
11-26 18:59:16.440  1011  1189 D ASH     : @ 368408.613: tcs3701: start power rail timer, state:3
11-26 18:59:16.484  1011  1189 I ASH     : @ 368408.653: tcs3701: stop power rail pending_off timer
11-26 18:59:16.484  1011  1189 D ASH     : @ 368408.653: tcs3701: start power rail timer, state:3
11-26 18:59:16.489  1795  2120 D CompatibilityChangeReporter: Compat change id reported: 143937733; UID 10010; state: ENABLED
11-26 18:59:16.493 21716 21779 I cr_ADCP : No customization source found
11-26 18:59:16.498 26837 26837 D BoundBrokerSvc: onBind: Intent { act=com.google.android.gms.icing.LIGHTWEIGHT_INDEX_SERVICE pkg=com.google.android.gms }
11-26 18:59:16.498 26837 26837 D BoundBrokerSvc: Loading bound service for intent: Intent { act=com.google.android.gms.icing.LIGHTWEIGHT_INDEX_SERVICE pkg=com.google.android.gms }
11-26 18:59:16.498 26837 26837 E AbstractGmsTracer: Traced class shouldn't be obfuscated: LightweightIndexChimeraService [CONTEXT service_id=259 ]
11-26 18:59:16.500 21716 21779 E cr_PartnerBMReader: ATTENTION: not using partner bookmarks as none were provided
11-26 18:59:16.503 21763 21763 D Zygote  : Forked child process 21885
11-26 18:59:16.504 21885 21885 E libc    : SetHeapTaggingLevel: re-enabling tagging after it was disabled is not supported
11-26 18:59:16.505  1795  2120 I ActivityManager: Start proc 21885:com.chrome.canary:sandboxed_process0:org.chromium.content.app.SandboxedProcessService0:1/u0ai1 for  {com.chrome.canary/org.chromium.content.app.SandboxedProcessService0:1}
11-26 18:59:16.506 21885 21885 I ocessService0:1: Using CollectorTypeCC GC.
11-26 18:59:16.510 26741 26741 D BoundBrokerSvc: onBind: Intent { act=com.google.android.gms.feedback.internal.IFeedbackService dat=chimera-action:/... cmp=com.google.android.gms/.chimera.GmsBoundBrokerService }
11-26 18:59:16.510 26741 26741 D BoundBrokerSvc: Loading bound service for intent: Intent { act=com.google.android.gms.feedback.internal.IFeedbackService dat=chimera-action:/... cmp=com.google.android.gms/.chimera.GmsBoundBrokerService }
11-26 18:59:16.511 26741 26741 E AbstractGmsTracer: Traced class shouldn't be obfuscated: FeedbackBoundService [CONTEXT service_id=259 ]
11-26 18:59:16.517  1383  1442 I adbd    : jdwp connection from 21885
11-26 18:59:16.518 26837 26837 E AbstractGmsTracer: Traced class shouldn't be obfuscated: LockboxBrokerChimeraService [CONTEXT service_id=259 ]
11-26 18:59:16.520  1011  1189 I ASH     : @ 368408.693: tcs3701: stop power rail pending_off timer
11-26 18:59:16.520  1011  1189 D ASH     : @ 368408.693: tcs3701: start power rail timer, state:3
11-26 18:59:16.525 26741 26741 E AbstractGmsTracer: Traced class shouldn't be obfuscated: AppIndexingChimeraService [CONTEXT service_id=259 ]
11-26 18:59:16.530  3657  3683 D ForegroundUtils: Foreground UID status:
11-26 18:59:16.530  3657  3683 D ForegroundUtils: UID: 10010 is in foreground: true
11-26 18:59:16.530  3657  3683 D ForegroundUtils: UID: 10128 is in foreground: true
11-26 18:59:16.530  3657  3683 D ForegroundUtils: UID: 10158 is in foreground: true
11-26 18:59:16.530  3657  3683 D ForegroundUtils: UID: 10189 is in foreground: false
