11-24 15:48:19.303 10476 10510 I BatteryMgr:DataCollectionService: stats => 1700837299303,14648,4445,-2746,4169000,100
11-24 15:48:19.330  1011  1189 I ASH     : @ 184151.519: tcs3701: stop power rail pending_off timer
11-24 15:48:19.330  1011  1189 D ASH     : @ 184151.519: tcs3701: start power rail timer, state:3
11-24 15:48:19.371  1011  1189 I ASH     : @ 184151.559: tcs3701: stop power rail pending_off timer
11-24 15:48:19.371  1011  1189 D ASH     : @ 184151.559: tcs3701: start power rail timer, state:3
11-24 15:48:19.409 10476 10510 I BatteryMgr:DataCollectionService: stats => 1700837299409,14648,4445,-2746,4169000,100
11-24 15:48:19.410  1011  1189 I ASH     : @ 184151.599: tcs3701: stop power rail pending_off timer
11-24 15:48:19.410  1011  1189 D ASH     : @ 184151.599: tcs3701: start power rail timer, state:3
11-24 15:48:19.450  1011  1189 I ASH     : @ 184151.639: tcs3701: stop power rail pending_off timer
11-24 15:48:19.450  1011  1189 D ASH     : @ 184151.639: tcs3701: start power rail timer, state:3
11-24 15:48:19.490  1011  1189 I ASH     : @ 184151.679: tcs3701: stop power rail pending_off timer
11-24 15:48:19.490  1011  1189 D ASH     : @ 184151.679: tcs3701: start power rail timer, state:3
11-24 15:48:19.514 10476 10510 I BatteryMgr:DataCollectionService: stats => 1700837299514,14648,4445,-2746,4169000,100
11-24 15:48:19.530  1011  1189 I ASH     : @ 184151.719: tcs3701: stop power rail pending_off timer
11-24 15:48:19.530  1011  1189 D ASH     : @ 184151.719: tcs3701: start power rail timer, state:3
11-24 15:48:19.570  1011  1189 I ASH     : @ 184151.759: tcs3701: stop power rail pending_off timer
11-24 15:48:19.570  1011  1189 D ASH     : @ 184151.759: tcs3701: start power rail timer, state:3
11-24 15:48:19.610  1011  1189 I ASH     : @ 184151.799: tcs3701: stop power rail pending_off timer
11-24 15:48:19.610  1011  1189 D ASH     : @ 184151.799: tcs3701: start power rail timer, state:3
11-24 15:48:19.619 10476 10510 I BatteryMgr:DataCollectionService: stats => 1700837299619,14648,4445,-2746,4169000,100
11-24 15:48:19.650  1011  1189 I ASH     : @ 184151.839: tcs3701: stop power rail pending_off timer
11-24 15:48:19.650  1011  1189 D ASH     : @ 184151.839: tcs3701: start power rail timer, state:3
11-24 15:48:19.690  1011  1189 I ASH     : @ 184151.879: tcs3701: stop power rail pending_off timer
11-24 15:48:19.690  1011  1189 D ASH     : @ 184151.879: tcs3701: start power rail timer, state:3
11-24 15:48:19.724 10476 10510 I BatteryMgr:DataCollectionService: stats => 1700837299724,14648,4445,-2746,4169000,100
11-24 15:48:19.730  1011  1189 I ASH     : @ 184151.919: tcs3701: stop power rail pending_off timer
11-24 15:48:19.730  1011  1189 D ASH     : @ 184151.919: tcs3701: start power rail timer, state:3
11-24 15:48:19.770  1011  1189 I ASH     : @ 184151.959: tcs3701: stop power rail pending_off timer
11-24 15:48:19.770  1011  1189 D ASH     : @ 184151.959: tcs3701: start power rail timer, state:3
11-24 15:48:19.810  1011  1189 I ASH     : @ 184151.999: tcs3701: stop power rail pending_off timer
11-24 15:48:19.810  1011  1189 D ASH     : @ 184151.999: tcs3701: start power rail timer, state:3
11-24 15:48:19.830 10476 10510 I BatteryMgr:DataCollectionService: stats => 1700837299830,14648,4445,-2746,4169000,100
11-24 15:48:19.850  1011  1189 I ASH     : @ 184152.039: tcs3701: stop power rail pending_off timer
11-24 15:48:19.850  1011  1189 D ASH     : @ 184152.039: tcs3701: start power rail timer, state:3
11-24 15:48:19.890  1011  1189 I ASH     : @ 184152.079: tcs3701: stop power rail pending_off timer
11-24 15:48:19.890  1011  1189 D ASH     : @ 184152.079: tcs3701: start power rail timer, state:3
11-24 15:48:19.914  1795  3613 D ActivityManager: freezer override set to true
11-24 15:48:19.920  1795  3613 D ActivityManager: freezer override set to false
11-24 15:48:19.930  1011  1189 I ASH     : @ 184152.119: tcs3701: stop power rail pending_off timer
11-24 15:48:19.930  1011  1189 D ASH     : @ 184152.119: tcs3701: start power rail timer, state:3
11-24 15:48:19.937 10476 10510 I BatteryMgr:DataCollectionService: stats => 1700837299937,14648,4445,-2746,4169000,100
11-24 15:48:19.970  1011  1189 I ASH     : @ 184152.159: tcs3701: stop power rail pending_off timer
11-24 15:48:19.970  1011  1189 D ASH     : @ 184152.159: tcs3701: start power rail timer, state:3
11-24 15:48:20.010  1011  1189 I ASH     : @ 184152.199: tcs3701: stop power rail pending_off timer
11-24 15:48:20.010  1011  1189 D ASH     : @ 184152.199: tcs3701: start power rail timer, state:3
11-24 15:48:20.044 10476 10510 I BatteryMgr:DataCollectionService: stats => 1700837300044,14648,4445,-2746,4169000,100
11-24 15:48:20.050  1011  1189 I ASH     : @ 184152.239: tcs3701: stop power rail pending_off timer
11-24 15:48:20.050  1011  1189 D ASH     : @ 184152.239: tcs3701: start power rail timer, state:3
11-24 15:48:20.090  1011  1189 I ASH     : @ 184152.279: tcs3701: stop power rail pending_off timer
11-24 15:48:20.090  1011  1189 D ASH     : @ 184152.279: tcs3701: start power rail timer, state:3
11-24 15:48:20.130  1011  1189 I ASH     : @ 184152.319: tcs3701: stop power rail pending_off timer
11-24 15:48:20.130  1011  1189 D ASH     : @ 184152.319: tcs3701: start power rail timer, state:3
11-24 15:48:20.149 10476 10510 I BatteryMgr:DataCollectionService: stats => 1700837300149,14648,4445,-2746,4169000,100
11-24 15:48:20.170  1011  1189 I ASH     : @ 184152.359: tcs3701: stop power rail pending_off timer
11-24 15:48:20.170  1011  1189 D ASH     : @ 184152.359: tcs3701: start power rail timer, state:3
11-24 15:48:20.210  1011  1189 I ASH     : @ 184152.399: tcs3701: stop power rail pending_off timer
11-24 15:48:20.210  1011  1189 D ASH     : @ 184152.399: tcs3701: start power rail timer, state:3
11-24 15:48:20.247  1795  3613 D ActivityManager: freezer override set to true
11-24 15:48:20.250  1011  1189 I ASH     : @ 184152.439: tcs3701: stop power rail pending_off timer
11-24 15:48:20.250  1011  1189 D ASH     : @ 184152.439: tcs3701: start power rail timer, state:3
11-24 15:48:20.255 10476 10510 I BatteryMgr:DataCollectionService: stats => 1700837300255,14648,4445,-2746,4169000,100
11-24 15:48:20.290  1011  1189 I ASH     : @ 184152.479: tcs3701: stop power rail pending_off timer
11-24 15:48:20.290  1011  1189 D ASH     : @ 184152.479: tcs3701: start power rail timer, state:3
11-24 15:48:20.330  1011  1189 I ASH     : @ 184152.519: tcs3701: stop power rail pending_off timer
11-24 15:48:20.330  1011  1189 D ASH     : @ 184152.519: tcs3701: start power rail timer, state:3
11-24 15:48:20.353 29366 29421 I m.chrome.canary: Explicit concurrent copying GC freed 3902(207KB) AllocSpace objects, 4(80KB) LOS objects, 75% free, 12MB/50MB, paused 115us,27us total 59.292ms
11-24 15:48:20.360 10476 10510 I BatteryMgr:DataCollectionService: stats => 1700837300360,14648,4445,-2746,4169000,100
11-24 15:48:20.370  1011  1189 I ASH     : @ 184152.559: tcs3701: stop power rail pending_off timer
11-24 15:48:20.370  1011  1189 D ASH     : @ 184152.559: tcs3701: start power rail timer, state:3
11-24 15:48:20.410  1011  1189 I ASH     : @ 184152.599: tcs3701: stop power rail pending_off timer
11-24 15:48:20.410  1011  1189 D ASH     : @ 184152.599: tcs3701: start power rail timer, state:3
11-24 15:48:20.420  1795  3613 D ActivityManager: freezer override set to false
11-24 15:48:20.451  1011  1189 I ASH     : @ 184152.639: tcs3701: stop power rail pending_off timer
11-24 15:48:20.451  1011  1189 D ASH     : @ 184152.639: tcs3701: start power rail timer, state:3
11-24 15:48:20.469 10476 10510 I BatteryMgr:DataCollectionService: stats => 1700837300469,14648,4445,-2746,4169000,100
11-24 15:48:20.486  1795  3613 D ActivityManager: freezer override set to true
11-24 15:48:20.489  1795  3613 D ActivityManager: freezer override set to false
11-24 15:48:20.490  1011  1189 I ASH     : @ 184152.679: tcs3701: stop power rail pending_off timer
11-24 15:48:20.490  1011  1189 D ASH     : @ 184152.679: tcs3701: start power rail timer, state:3
11-24 15:48:20.530  1011  1189 I ASH     : @ 184152.719: tcs3701: stop power rail pending_off timer
11-24 15:48:20.530  1011  1189 D ASH     : @ 184152.719: tcs3701: start power rail timer, state:3
11-24 15:48:20.570  1011  1189 I ASH     : @ 184152.759: tcs3701: stop power rail pending_off timer
11-24 15:48:20.570  1011  1189 D ASH     : @ 184152.759: tcs3701: start power rail timer, state:3
11-24 15:48:20.575 10476 10510 I BatteryMgr:DataCollectionService: stats => 1700837300575,14648,4445,-2746,4169000,100
11-24 15:48:20.610  1011  1189 I ASH     : @ 184152.799: tcs3701: stop power rail pending_off timer
11-24 15:48:20.610  1011  1189 D ASH     : @ 184152.799: tcs3701: start power rail timer, state:3
11-24 15:48:20.650  1011  1189 I ASH     : @ 184152.839: tcs3701: stop power rail pending_off timer
11-24 15:48:20.650  1011  1189 D ASH     : @ 184152.839: tcs3701: start power rail timer, state:3
11-24 15:48:20.680 10476 10510 I BatteryMgr:DataCollectionService: stats => 1700837300680,14648,4445,-2746,4169000,100
11-24 15:48:20.690  1011  1189 I ASH     : @ 184152.879: tcs3701: stop power rail pending_off timer
11-24 15:48:20.690  1011  1189 D ASH     : @ 184152.879: tcs3701: start power rail timer, state:3
11-24 15:48:20.730  1011  1189 I ASH     : @ 184152.919: tcs3701: stop power rail pending_off timer
11-24 15:48:20.730  1011  1189 D ASH     : @ 184152.919: tcs3701: start power rail timer, state:3
11-24 15:48:20.770  1011  1189 I ASH     : @ 184152.959: tcs3701: stop power rail pending_off timer
11-24 15:48:20.770  1011  1189 D ASH     : @ 184152.959: tcs3701: start power rail timer, state:3
11-24 15:48:20.785 10476 10510 I BatteryMgr:DataCollectionService: stats => 1700837300785,14648,4445,-2746,4169000,100
11-24 15:48:20.810  1011  1189 I ASH     : @ 184152.999: tcs3701: stop power rail pending_off timer
11-24 15:48:20.810  1011  1189 D ASH     : @ 184152.999: tcs3701: start power rail timer, state:3
11-24 15:48:20.850  1011  1189 I ASH     : @ 184153.039: tcs3701: stop power rail pending_off timer
11-24 15:48:20.850  1011  1189 D ASH     : @ 184153.039: tcs3701: start power rail timer, state:3
11-24 15:48:20.890  1011  1189 I ASH     : @ 184153.079: tcs3701: stop power rail pending_off timer
11-24 15:48:20.890  1011  1189 D ASH     : @ 184153.079: tcs3701: start power rail timer, state:3
11-24 15:48:20.891 10476 10510 I BatteryMgr:DataCollectionService: stats => 1700837300890,14648,4445,-2746,4169000,100
11-24 15:48:20.922  1795  3613 D ActivityManager: freezer override set to true
11-24 15:48:20.928  1795  3613 D ActivityManager: freezer override set to false
11-24 15:48:20.930  1011  1189 I ASH     : @ 184153.119: tcs3701: stop power rail pending_off timer
11-24 15:48:20.930  1011  1189 D ASH     : @ 184153.119: tcs3701: start power rail timer, state:3
11-24 15:48:20.970  1011  1189 I ASH     : @ 184153.159: tcs3701: stop power rail pending_off timer
11-24 15:48:20.970  1011  1189 D ASH     : @ 184153.159: tcs3701: start power rail timer, state:3
11-24 15:48:20.995 10476 10510 I BatteryMgr:DataCollectionService: stats => 1700837300995,14648,4445,-2746,4169000,100
11-24 15:48:20.996  1039  1095 D rlsservice: MonitorDisplayStatus client num 0, display status 1, sensor status 0
11-24 15:48:21.010  1011  1189 I ASH     : @ 184153.199: tcs3701: stop power rail pending_off timer
11-24 15:48:21.010  1011  1189 D ASH     : @ 184153.199: tcs3701: start power rail timer, state:3
11-24 15:48:21.050  1011  1189 I ASH     : @ 184153.239: tcs3701: stop power rail pending_off timer
11-24 15:48:21.050  1011  1189 D ASH     : @ 184153.239: tcs3701: start power rail timer, state:3
11-24 15:48:21.090  1011  1189 I ASH     : @ 184153.279: tcs3701: stop power rail pending_off timer
11-24 15:48:21.090  1011  1189 D ASH     : @ 184153.279: tcs3701: start power rail timer, state:3
11-24 15:48:21.102 10476 10510 I BatteryMgr:DataCollectionService: stats => 1700837301102,15258,4445,-2746,4169000,100
11-24 15:48:21.130  1011  1189 I ASH     : @ 184153.319: tcs3701: stop power rail pending_off timer
11-24 15:48:21.131  1011  1189 D ASH     : @ 184153.319: tcs3701: start power rail timer, state:3
11-24 15:48:21.170  1011  1189 I ASH     : @ 184153.359: tcs3701: stop power rail pending_off timer
11-24 15:48:21.170  1011  1189 D ASH     : @ 184153.359: tcs3701: start power rail timer, state:3
11-24 15:48:21.209 10476 10510 I BatteryMgr:DataCollectionService: stats => 1700837301209,15258,4445,-2746,4169000,100
11-24 15:48:21.210  1011  1189 I ASH     : @ 184153.399: tcs3701: stop power rail pending_off timer
11-24 15:48:21.210  1011  1189 D ASH     : @ 184153.399: tcs3701: start power rail timer, state:3
11-24 15:48:21.250  1011  1189 I ASH     : @ 184153.439: tcs3701: stop power rail pending_off timer
11-24 15:48:21.250  1011  1189 D ASH     : @ 184153.439: tcs3701: start power rail timer, state:3
11-24 15:48:21.290  1011  1189 I ASH     : @ 184153.479: tcs3701: stop power rail pending_off timer
11-24 15:48:21.290  1011  1189 D ASH     : @ 184153.479: tcs3701: start power rail timer, state:3
11-24 15:48:21.315 10476 10510 I BatteryMgr:DataCollectionService: stats => 1700837301315,15258,4445,-2746,4169000,100
11-24 15:48:21.330  1011  1189 I ASH     : @ 184153.519: tcs3701: stop power rail pending_off timer
11-24 15:48:21.330  1011  1189 D ASH     : @ 184153.519: tcs3701: start power rail timer, state:3
11-24 15:48:21.370  1011  1189 I ASH     : @ 184153.559: tcs3701: stop power rail pending_off timer
11-24 15:48:21.370  1011  1189 D ASH     : @ 184153.559: tcs3701: start power rail timer, state:3
11-24 15:48:21.410  1011  1189 I ASH     : @ 184153.599: tcs3701: stop power rail pending_off timer
11-24 15:48:21.410  1011  1189 D ASH     : @ 184153.599: tcs3701: start power rail timer, state:3
11-24 15:48:21.421 10476 10510 I BatteryMgr:DataCollectionService: stats => 1700837301421,15258,4445,-2746,4169000,100
11-24 15:48:21.450  1011  1189 I ASH     : @ 184153.639: tcs3701: stop power rail pending_off timer
11-24 15:48:21.450  1011  1189 D ASH     : @ 184153.639: tcs3701: start power rail timer, state:3
11-24 15:48:21.490  1011  1189 I ASH     : @ 184153.679: tcs3701: stop power rail pending_off timer
11-24 15:48:21.490  1011  1189 D ASH     : @ 184153.679: tcs3701: start power rail timer, state:3
11-24 15:48:21.526 10476 10510 I BatteryMgr:DataCollectionService: stats => 1700837301526,15258,4445,-2746,4169000,100
11-24 15:48:21.530  1011  1189 I ASH     : @ 184153.719: tcs3701: stop power rail pending_off timer
11-24 15:48:21.530  1011  1189 D ASH     : @ 184153.719: tcs3701: start power rail timer, state:3
11-24 15:48:21.570  1011  1189 I ASH     : @ 184153.759: tcs3701: stop power rail pending_off timer
11-24 15:48:21.570  1011  1189 D ASH     : @ 184153.759: tcs3701: start power rail timer, state:3
11-24 15:48:21.610  1011  1189 I ASH     : @ 184153.799: tcs3701: stop power rail pending_off timer
11-24 15:48:21.610  1011  1189 D ASH     : @ 184153.799: tcs3701: start power rail timer, state:3
11-24 15:48:21.636 10476 10510 I BatteryMgr:DataCollectionService: stats => 1700837301636,15258,4445,-2746,4169000,100
11-24 15:48:21.647  1795  3784 D ActivityManager: freezer override set to true
11-24 15:48:21.650  1011  1189 I ASH     : @ 184153.839: tcs3701: stop power rail pending_off timer
11-24 15:48:21.650  1011  1189 D ASH     : @ 184153.839: tcs3701: start power rail timer, state:3
11-24 15:48:21.690  1011  1189 I ASH     : @ 184153.879: tcs3701: stop power rail pending_off timer
11-24 15:48:21.690  1011  1189 D ASH     : @ 184153.879: tcs3701: start power rail timer, state:3
11-24 15:48:21.730  1011  1189 I ASH     : @ 184153.919: tcs3701: stop power rail pending_off timer
11-24 15:48:21.730  1011  1189 D ASH     : @ 184153.919: tcs3701: start power rail timer, state:3
11-24 15:48:21.741 10476 10510 I BatteryMgr:DataCollectionService: stats => 1700837301741,15258,4445,-2746,4169000,100
11-24 15:48:21.765 29366 29421 I m.chrome.canary: Explicit concurrent copying GC freed 3661(192KB) AllocSpace objects, 3(60KB) LOS objects, 75% free, 12MB/50MB, paused 78us,21us total 52.354ms
11-24 15:48:21.770  1011  1189 I ASH     : @ 184153.959: tcs3701: stop power rail pending_off timer
11-24 15:48:21.770  1011  1189 D ASH     : @ 184153.959: tcs3701: start power rail timer, state:3
11-24 15:48:21.810  1011  1189 I ASH     : @ 184153.999: tcs3701: stop power rail pending_off timer
11-24 15:48:21.810  1011  1189 D ASH     : @ 184153.999: tcs3701: start power rail timer, state:3
11-24 15:48:21.825  1795  3784 D ActivityManager: freezer override set to false
11-24 15:48:21.849 10476 10510 I BatteryMgr:DataCollectionService: stats => 1700837301849,15258,4445,-2746,4169000,100
11-24 15:48:21.850  1011  1189 I ASH     : @ 184154.039: tcs3701: stop power rail pending_off timer
11-24 15:48:21.850  1011  1189 D ASH     : @ 184154.039: tcs3701: start power rail timer, state:3
11-24 15:48:21.889  1795  3784 D ActivityManager: freezer override set to true
11-24 15:48:21.890  1011  1189 I ASH     : @ 184154.079: tcs3701: stop power rail pending_off timer
11-24 15:48:21.890  1011  1189 D ASH     : @ 184154.079: tcs3701: start power rail timer, state:3
11-24 15:48:21.892  1795  3784 D ActivityManager: freezer override set to false
11-24 15:48:21.913  1795  3784 D ActivityManager: freezer override set to true
11-24 15:48:21.919  1795  3784 D ActivityManager: freezer override set to false
11-24 15:48:21.930  1011  1189 I ASH     : @ 184154.119: tcs3701: stop power rail pending_off timer
11-24 15:48:21.930  1011  1189 D ASH     : @ 184154.119: tcs3701: start power rail timer, state:3
11-24 15:48:21.955 10476 10510 I BatteryMgr:DataCollectionService: stats => 1700837301955,15258,4445,-2746,4169000,100
11-24 15:48:21.970  1011  1189 I ASH     : @ 184154.159: tcs3701: stop power rail pending_off timer
11-24 15:48:21.970  1011  1189 D ASH     : @ 184154.159: tcs3701: start power rail timer, state:3
11-24 15:48:22.010  1011  1189 I ASH     : @ 184154.199: tcs3701: stop power rail pending_off timer
11-24 15:48:22.010  1011  1189 D ASH     : @ 184154.199: tcs3701: start power rail timer, state:3
11-24 15:48:22.050  1011  1189 I ASH     : @ 184154.239: tcs3701: stop power rail pending_off timer
11-24 15:48:22.050  1011  1189 D ASH     : @ 184154.239: tcs3701: start power rail timer, state:3
11-24 15:48:22.061 10476 10510 I BatteryMgr:DataCollectionService: stats => 1700837302061,15258,4445,-2746,4169000,100
11-24 15:48:22.090  1011  1189 I ASH     : @ 184154.279: tcs3701: stop power rail pending_off timer
11-24 15:48:22.090  1011  1189 D ASH     : @ 184154.279: tcs3701: start power rail timer, state:3
11-24 15:48:22.118  1795  2424 D WifiClientModeImpl[13802:wlan0]: updateLinkLayerStatsRssiSpeedFrequencyCapabilities rssi=-46 TxLinkspeed=780 freq=5240 RxLinkSpeed=866
11-24 15:48:22.119  1795  2424 D WifiDataStall: tx tput in kbps: 657058
11-24 15:48:22.119  1795  2424 D WifiDataStall: rx tput in kbps: 767898
11-24 15:48:22.119  1795  2424 V WifiConfigManager: Updating scan detail cache freq=5240 BSSID=f4:6d:2f:12:cc:88 RSSI=-45 for "ourhome"WPA_PSK
11-24 15:48:22.119  1795  2424 D WifiChannelUtilization:  freq: 5240 onTime: 5534134 busyTime: 568408 onTimeDiff: 2159342 busyTimeDiff: 252709 utilization: 29 utilization t0: 26
11-24 15:48:22.119  1795  2424 D WifiDataStall:  ccaLevel = 29
11-24 15:48:22.119  1795  2424 D WifiDataStall: L2 txTputKbps: 657058, rxTputKbps: 767898, L3 txTputKbps: 0, rxTputKbps: 0, TxTrafficHigh: false, RxTrafficHigh: false, Throughput Sufficient: true
11-24 15:48:22.119  2673  3056 V WifiManager: OnWifiUsabilityStatsListener: onWifiUsabilityStats: seqNum=54001
11-24 15:48:22.120  1795  2424 D WifiScoreReport: Wifi scoring disabled - Don't check IP layer
11-24 15:48:22.120  1795  3613 I WifiService: updateWifiUsabilityScore uid=10180 seqNum=54001 score=100 predictionHorizonSec=1441795
11-24 15:48:22.120  1795  2424 D WifiScoreCard: BSSID update SIGNAL_POLL ID: 1320464697 SSID: "ourhome", BSSID: f4:6d:2f:12:cc:88, MAC: b2:2f:ec:da:4a:0c, IP: /192.168.1.104, Security type: 2, Supplicant state: COMPLETED, Wi-Fi standard: 5, RSSI: -46, Link speed: 780Mbps, Tx Link speed: 780Mbps, Max Supported Tx Link speed: 866Mbps, Rx Link speed: 866Mbps, Max Supported Rx Link speed: 866Mbps, Frequency: 5240MHz, Net ID: 12, Metered hint: false, score: 60, isUsable: true, CarrierMerged: false, SubscriptionId: -1, IsPrimary: 1, Trusted: true, Restricted: false, Ephemeral: false, OEM paid: false, OEM private: false, OSU AP: false, FQDN: <none>, Provider friendly name: <none>, Requesting package name: <none>"ourhome"wpa2-pskMLO Information: , Is TID-To-Link negotiation supported by the AP: false, AP MLD Address: <none>, AP MLO Link Id: <none>, AP MLO Affiliated links: <none>
11-24 15:48:22.120  1795  2424 D WifiScoreCard: txRate: 1 txSpeed: 780
11-24 15:48:22.120  1795  2424 D WifiScoreCard: network update SIGNAL_POLL "ourhome" ID: 1499892569 RSSI -46 txSpeed -1
11-24 15:48:22.120  2513  2539 V WifiManager: TrafficStateCallbackProxy: onStateChanged state=3
11-24 15:48:22.120  1795  2424 D WifiClientModeImpl[13802:wlan0]:  ClientModeImpl$L2ConnectedState screen=on 29 0 "ourhome" f4:6d:2f:12:cc:88 rssi=-46 f=5240 sc=60 link=780 tx=0.2, 0.0, 0.0 rx=0.2 bcn=1773725 [on:55 tx:0 rx:0 period:3012] from screen [on:924554 period:32544111] score=60
11-24 15:48:22.121  1795  2424 D WifiScoreReport: Wifi scoring disabled - Notify that Wifi is usable
11-24 15:48:22.123  1795  2432 D ConnectivityService: NetReassign [no changes] [c 1] [a 0] [i 1]
11-24 15:48:22.130  1011  1189 I ASH     : @ 184154.319: tcs3701: stop power rail pending_off timer
11-24 15:48:22.130  1011  1189 D ASH     : @ 184154.319: tcs3701: start power rail timer, state:3
11-24 15:48:22.166 10476 10510 I BatteryMgr:DataCollectionService: stats => 1700837302166,15258,4445,-2746,4169000,100
11-24 15:48:22.171  1011  1189 I ASH     : @ 184154.359: tcs3701: stop power rail pending_off timer
11-24 15:48:22.171  1011  1189 D ASH     : @ 184154.359: tcs3701: start power rail timer, state:3
11-24 15:48:22.210  1011  1189 I ASH     : @ 184154.399: tcs3701: stop power rail pending_off timer
11-24 15:48:22.210  1011  1189 D ASH     : @ 184154.399: tcs3701: start power rail timer, state:3
11-24 15:48:22.250  1011  1189 I ASH     : @ 184154.439: tcs3701: stop power rail pending_off timer
11-24 15:48:22.250  1011  1189 D ASH     : @ 184154.439: tcs3701: start power rail timer, state:3
11-24 15:48:22.272 10476 10510 I BatteryMgr:DataCollectionService: stats => 1700837302272,15258,4445,-2746,4169000,100
11-24 15:48:22.290  1011  1189 I ASH     : @ 184154.479: tcs3701: stop power rail pending_off timer
11-24 15:48:22.290  1011  1189 D ASH     : @ 184154.479: tcs3701: start power rail timer, state:3
11-24 15:48:22.330  1011  1189 I ASH     : @ 184154.519: tcs3701: stop power rail pending_off timer
11-24 15:48:22.330  1011  1189 D ASH     : @ 184154.519: tcs3701: start power rail timer, state:3
11-24 15:48:22.370  1011  1189 I ASH     : @ 184154.559: tcs3701: stop power rail pending_off timer
11-24 15:48:22.370  1011  1189 D ASH     : @ 184154.559: tcs3701: start power rail timer, state:3
11-24 15:48:22.378 10476 10510 I BatteryMgr:DataCollectionService: stats => 1700837302378,15258,4445,-2746,4169000,100
11-24 15:48:22.410  1011  1189 I ASH     : @ 184154.599: tcs3701: stop power rail pending_off timer
11-24 15:48:22.410  1011  1189 D ASH     : @ 184154.599: tcs3701: start power rail timer, state:3
11-24 15:48:22.450  1011  1189 I ASH     : @ 184154.639: tcs3701: stop power rail pending_off timer
11-24 15:48:22.450  1011  1189 D ASH     : @ 184154.639: tcs3701: start power rail timer, state:3
11-24 15:48:22.485 10476 10510 I BatteryMgr:DataCollectionService: stats => 1700837302484,15258,4445,-2746,4169000,100
11-24 15:48:22.490  1011  1189 I ASH     : @ 184154.679: tcs3701: stop power rail pending_off timer
11-24 15:48:22.490  1011  1189 D ASH     : @ 184154.679: tcs3701: start power rail timer, state:3
11-24 15:48:22.530  1011  1189 I ASH     : @ 184154.719: tcs3701: stop power rail pending_off timer
11-24 15:48:22.530  1011  1189 D ASH     : @ 184154.719: tcs3701: start power rail timer, state:3
11-24 15:48:22.570  1011  1189 I ASH     : @ 184154.759: tcs3701: stop power rail pending_off timer
11-24 15:48:22.570  1011  1189 D ASH     : @ 184154.759: tcs3701: start power rail timer, state:3
11-24 15:48:22.589 10476 10510 I BatteryMgr:DataCollectionService: stats => 1700837302589,15258,4445,-2746,4169000,100
11-24 15:48:22.610  1011  1189 I ASH     : @ 184154.799: tcs3701: stop power rail pending_off timer
11-24 15:48:22.610  1011  1189 D ASH     : @ 184154.799: tcs3701: start power rail timer, state:3
11-24 15:48:22.650  1011  1189 I ASH     : @ 184154.839: tcs3701: stop power rail pending_off timer
11-24 15:48:22.650  1011  1189 D ASH     : @ 184154.839: tcs3701: start power rail timer, state:3
11-24 15:48:22.690  1011  1189 I ASH     : @ 184154.879: tcs3701: stop power rail pending_off timer
11-24 15:48:22.690  1011  1189 D ASH     : @ 184154.879: tcs3701: start power rail timer, state:3
11-24 15:48:22.696 10476 10510 I BatteryMgr:DataCollectionService: stats => 1700837302696,15258,4445,-2746,4169000,100
11-24 15:48:22.730  1011  1189 I ASH     : @ 184154.919: tcs3701: stop power rail pending_off timer
11-24 15:48:22.730  1011  1189 D ASH     : @ 184154.919: tcs3701: start power rail timer, state:3
11-24 15:48:22.770  1011  1189 I ASH     : @ 184154.959: tcs3701: stop power rail pending_off timer
11-24 15:48:22.770  1011  1189 D ASH     : @ 184154.959: tcs3701: start power rail timer, state:3
11-24 15:48:22.801 10476 10510 I BatteryMgr:DataCollectionService: stats => 1700837302801,15258,4445,-2746,4169000,100
11-24 15:48:22.810  1011  1189 I ASH     : @ 184154.999: tcs3701: stop power rail pending_off timer
11-24 15:48:22.810  1011  1189 D ASH     : @ 184154.999: tcs3701: start power rail timer, state:3
11-24 15:48:22.850  1011  1189 I ASH     : @ 184155.039: tcs3701: stop power rail pending_off timer
11-24 15:48:22.850  1011  1189 D ASH     : @ 184155.039: tcs3701: start power rail timer, state:3
11-24 15:48:22.890  1011  1189 I ASH     : @ 184155.079: tcs3701: stop power rail pending_off timer
11-24 15:48:22.890  1011  1189 D ASH     : @ 184155.079: tcs3701: start power rail timer, state:3
11-24 15:48:22.914 10476 10510 I BatteryMgr:DataCollectionService: stats => 1700837302914,15258,4445,-2746,4169000,100
11-24 15:48:22.927  1795  3613 D ActivityManager: freezer override set to true
11-24 15:48:22.930  1011  1189 I ASH     : @ 184155.119: tcs3701: stop power rail pending_off timer
11-24 15:48:22.931  1011  1189 D ASH     : @ 184155.119: tcs3701: start power rail timer, state:3
11-24 15:48:22.931  1795  3613 D ActivityManager: freezer override set to false
11-24 15:48:22.970  1011  1189 I ASH     : @ 184155.159: tcs3701: stop power rail pending_off timer
11-24 15:48:22.970  1011  1189 D ASH     : @ 184155.159: tcs3701: start power rail timer, state:3
11-24 15:48:23.010  1011  1189 I ASH     : @ 184155.199: tcs3701: stop power rail pending_off timer
11-24 15:48:23.010  1011  1189 D ASH     : @ 184155.199: tcs3701: start power rail timer, state:3
11-24 15:48:23.022 10476 10510 I BatteryMgr:DataCollectionService: stats => 1700837303022,15258,4445,-2746,4169000,100
11-24 15:48:23.050  1011  1189 I ASH     : @ 184155.239: tcs3701: stop power rail pending_off timer
11-24 15:48:23.050  1011  1189 D ASH     : @ 184155.239: tcs3701: start power rail timer, state:3
11-24 15:48:23.052  1795  3613 D ActivityManager: freezer override set to true
11-24 15:48:23.090  1011  1189 I ASH     : @ 184155.279: tcs3701: stop power rail pending_off timer
11-24 15:48:23.090  1011  1189 D ASH     : @ 184155.279: tcs3701: start power rail timer, state:3
11-24 15:48:23.128 10476 10510 I BatteryMgr:DataCollectionService: stats => 1700837303127,15258,4445,-2746,4169000,100
11-24 15:48:23.130  1011  1189 I ASH     : @ 184155.319: tcs3701: stop power rail pending_off timer
11-24 15:48:23.130  1011  1189 D ASH     : @ 184155.319: tcs3701: start power rail timer, state:3
11-24 15:48:23.170  1011  1189 I ASH     : @ 184155.359: tcs3701: stop power rail pending_off timer
11-24 15:48:23.170  1011  1189 D ASH     : @ 184155.359: tcs3701: start power rail timer, state:3
11-24 15:48:23.210  1011  1189 I ASH     : @ 184155.399: tcs3701: stop power rail pending_off timer
11-24 15:48:23.210  1011  1189 D ASH     : @ 184155.399: tcs3701: start power rail timer, state:3
11-24 15:48:23.236 10476 10510 I BatteryMgr:DataCollectionService: stats => 1700837303236,15258,4445,-2746,4169000,100
11-24 15:48:23.250  1011  1189 I ASH     : @ 184155.439: tcs3701: stop power rail pending_off timer
11-24 15:48:23.250  1011  1189 D ASH     : @ 184155.439: tcs3701: start power rail timer, state:3
11-24 15:48:23.253 29366 29421 I m.chrome.canary: Explicit concurrent copying GC freed 3905(207KB) AllocSpace objects, 4(80KB) LOS objects, 75% free, 12MB/50MB, paused 93us,22us total 103.259ms
11-24 15:48:23.262  1795  2424 D WifiNetworkSelector: Current connected network: 12
11-24 15:48:23.262  1795  2424 V WifiConnectivityManager: No partial scan because firmware roaming is supported.
11-24 15:48:23.262  1795  2424 V WifiConnectivityManager: schedulePeriodicScanTimer intervalMs 20000
11-24 15:48:23.290  1011  1189 I ASH     : @ 184155.479: tcs3701: stop power rail pending_off timer
11-24 15:48:23.290  1011  1189 D ASH     : @ 184155.479: tcs3701: start power rail timer, state:3
11-24 15:48:23.313  1795  3613 D ActivityManager: freezer override set to false
11-24 15:48:23.330  1011  1189 I ASH     : @ 184155.519: tcs3701: stop power rail pending_off timer
11-24 15:48:23.330  1011  1189 D ASH     : @ 184155.519: tcs3701: start power rail timer, state:3
11-24 15:48:23.340 10476 10510 I BatteryMgr:DataCollectionService: stats => 1700837303339,15258,4445,-2746,4169000,100
11-24 15:48:23.356  1795  3613 D ActivityManager: freezer override set to true
11-24 15:48:23.358  1795  3613 D ActivityManager: freezer override set to false
11-24 15:48:23.370  1011  1189 I ASH     : @ 184155.559: tcs3701: stop power rail pending_off timer
11-24 15:48:23.370  1011  1189 D ASH     : @ 184155.559: tcs3701: start power rail timer, state:3
11-24 15:48:23.410  1011  1189 I ASH     : @ 184155.599: tcs3701: stop power rail pending_off timer
11-24 15:48:23.410  1011  1189 D ASH     : @ 184155.599: tcs3701: start power rail timer, state:3
11-24 15:48:23.444 10476 10510 I BatteryMgr:DataCollectionService: stats => 1700837303444,15258,4445,-2746,4169000,100
11-24 15:48:23.450  1011  1189 I ASH     : @ 184155.639: tcs3701: stop power rail pending_off timer
11-24 15:48:23.450  1011  1189 D ASH     : @ 184155.639: tcs3701: start power rail timer, state:3
11-24 15:48:23.491  1011  1189 I ASH     : @ 184155.679: tcs3701: stop power rail pending_off timer
11-24 15:48:23.491  1011  1189 D ASH     : @ 184155.679: tcs3701: start power rail timer, state:3
11-24 15:48:23.530  1011  1189 I ASH     : @ 184155.719: tcs3701: stop power rail pending_off timer
11-24 15:48:23.530  1011  1189 D ASH     : @ 184155.719: tcs3701: start power rail timer, state:3
11-24 15:48:23.549 10476 10510 I BatteryMgr:DataCollectionService: stats => 1700837303549,15258,4445,-2746,4169000,100
11-24 15:48:23.570  1011  1189 I ASH     : @ 184155.759: tcs3701: stop power rail pending_off timer
11-24 15:48:23.570  1011  1189 D ASH     : @ 184155.759: tcs3701: start power rail timer, state:3
11-24 15:48:23.610  1011  1189 I ASH     : @ 184155.799: tcs3701: stop power rail pending_off timer
11-24 15:48:23.610  1011  1189 D ASH     : @ 184155.799: tcs3701: start power rail timer, state:3
11-24 15:48:23.650  1011  1189 I ASH     : @ 184155.839: tcs3701: stop power rail pending_off timer
11-24 15:48:23.650  1011  1189 D ASH     : @ 184155.839: tcs3701: start power rail timer, state:3
11-24 15:48:23.654 10476 10510 I BatteryMgr:DataCollectionService: stats => 1700837303654,15258,4445,-2746,4169000,100
11-24 15:48:23.690  1011  1189 I ASH     : @ 184155.879: tcs3701: stop power rail pending_off timer
11-24 15:48:23.691  1011  1189 D ASH     : @ 184155.879: tcs3701: start power rail timer, state:3
11-24 15:48:23.730  1011  1189 I ASH     : @ 184155.919: tcs3701: stop power rail pending_off timer
11-24 15:48:23.730  1011  1189 D ASH     : @ 184155.919: tcs3701: start power rail timer, state:3
11-24 15:48:23.760 10476 10510 I BatteryMgr:DataCollectionService: stats => 1700837303760,15258,4445,-2746,4169000,100
11-24 15:48:23.770  1011  1189 I ASH     : @ 184155.959: tcs3701: stop power rail pending_off timer
11-24 15:48:23.770  1011  1189 D ASH     : @ 184155.959: tcs3701: start power rail timer, state:3
11-24 15:48:23.810  1011  1189 I ASH     : @ 184155.999: tcs3701: stop power rail pending_off timer
11-24 15:48:23.810  1011  1189 D ASH     : @ 184155.999: tcs3701: start power rail timer, state:3
11-24 15:48:23.850  1011  1189 I ASH     : @ 184156.039: tcs3701: stop power rail pending_off timer
11-24 15:48:23.850  1011  1189 D ASH     : @ 184156.039: tcs3701: start power rail timer, state:3
11-24 15:48:23.865 10476 10510 I BatteryMgr:DataCollectionService: stats => 1700837303865,15258,4445,-2746,4169000,100
11-24 15:48:23.890  1011  1189 I ASH     : @ 184156.079: tcs3701: stop power rail pending_off timer
11-24 15:48:23.890  1011  1189 D ASH     : @ 184156.079: tcs3701: start power rail timer, state:3
11-24 15:48:23.930  1011  1189 I ASH     : @ 184156.119: tcs3701: stop power rail pending_off timer
11-24 15:48:23.930  1011  1189 D ASH     : @ 184156.119: tcs3701: start power rail timer, state:3
11-24 15:48:23.930  1795  3613 D ActivityManager: freezer override set to true
11-24 15:48:23.935  1795  3613 D ActivityManager: freezer override set to false
11-24 15:48:23.970  1011  1189 I ASH     : @ 184156.159: tcs3701: stop power rail pending_off timer
11-24 15:48:23.970  1011  1189 D ASH     : @ 184156.159: tcs3701: start power rail timer, state:3
11-24 15:48:23.970 10476 10510 I BatteryMgr:DataCollectionService: stats => 1700837303970,15258,4445,-2746,4169000,100
11-24 15:48:24.010  1011  1189 I ASH     : @ 184156.199: tcs3701: stop power rail pending_off timer
11-24 15:48:24.010  1011  1189 D ASH     : @ 184156.199: tcs3701: start power rail timer, state:3
11-24 15:48:24.050  1011  1189 I ASH     : @ 184156.239: tcs3701: stop power rail pending_off timer
11-24 15:48:24.050  1011  1189 D ASH     : @ 184156.239: tcs3701: start power rail timer, state:3
11-24 15:48:24.076 10476 10510 I BatteryMgr:DataCollectionService: stats => 1700837304076,15258,4445,-2746,4169000,100
11-24 15:48:24.090  1011  1189 I ASH     : @ 184156.279: tcs3701: stop power rail pending_off timer
11-24 15:48:24.090  1011  1189 D ASH     : @ 184156.279: tcs3701: start power rail timer, state:3
11-24 15:48:24.130  1011  1189 I ASH     : @ 184156.319: tcs3701: stop power rail pending_off timer
11-24 15:48:24.130  1011  1189 D ASH     : @ 184156.319: tcs3701: start power rail timer, state:3
11-24 15:48:24.170  1011  1189 I ASH     : @ 184156.359: tcs3701: stop power rail pending_off timer
11-24 15:48:24.170  1011  1189 D ASH     : @ 184156.359: tcs3701: start power rail timer, state:3
11-24 15:48:24.182 10476 10510 I BatteryMgr:DataCollectionService: stats => 1700837304182,15258,4445,-2746,4169000,100
11-24 15:48:24.210  1011  1189 I ASH     : @ 184156.399: tcs3701: stop power rail pending_off timer
11-24 15:48:24.210  1011  1189 D ASH     : @ 184156.399: tcs3701: start power rail timer, state:3
11-24 15:48:24.250  1011  1189 I ASH     : @ 184156.439: tcs3701: stop power rail pending_off timer
11-24 15:48:24.250  1011  1189 D ASH     : @ 184156.439: tcs3701: start power rail timer, state:3
11-24 15:48:24.287 10476 10510 I BatteryMgr:DataCollectionService: stats => 1700837304287,15258,4445,-2746,4169000,100
11-24 15:48:24.290  1011  1189 I ASH     : @ 184156.479: tcs3701: stop power rail pending_off timer
11-24 15:48:24.290  1011  1189 D ASH     : @ 184156.479: tcs3701: start power rail timer, state:3
11-24 15:48:24.330  1011  1189 I ASH     : @ 184156.519: tcs3701: stop power rail pending_off timer
11-24 15:48:24.330  1011  1189 D ASH     : @ 184156.519: tcs3701: start power rail timer, state:3
11-24 15:48:24.370  1011  1189 I ASH     : @ 184156.559: tcs3701: stop power rail pending_off timer
11-24 15:48:24.371  1011  1189 D ASH     : @ 184156.559: tcs3701: start power rail timer, state:3
11-24 15:48:24.393 10476 10510 I BatteryMgr:DataCollectionService: stats => 1700837304392,15258,4445,-2746,4169000,100
11-24 15:48:24.410  1011  1189 I ASH     : @ 184156.599: tcs3701: stop power rail pending_off timer
11-24 15:48:24.410  1011  1189 D ASH     : @ 184156.599: tcs3701: start power rail timer, state:3
11-24 15:48:24.450  1011  1189 I ASH     : @ 184156.639: tcs3701: stop power rail pending_off timer
11-24 15:48:24.450  1011  1189 D ASH     : @ 184156.639: tcs3701: start power rail timer, state:3
11-24 15:48:24.490  1011  1189 I ASH     : @ 184156.679: tcs3701: stop power rail pending_off timer
11-24 15:48:24.490  1011  1189 D ASH     : @ 184156.679: tcs3701: start power rail timer, state:3
11-24 15:48:24.500 10476 10510 I BatteryMgr:DataCollectionService: stats => 1700837304499,15258,4445,-2746,4169000,100
11-24 15:48:24.508  1795  3613 D ActivityManager: freezer override set to true
11-24 15:48:24.530  1011  1189 I ASH     : @ 184156.719: tcs3701: stop power rail pending_off timer
11-24 15:48:24.531  1011  1189 D ASH     : @ 184156.719: tcs3701: start power rail timer, state:3
11-24 15:48:24.570  1011  1189 I ASH     : @ 184156.759: tcs3701: stop power rail pending_off timer
11-24 15:48:24.570  1011  1189 D ASH     : @ 184156.759: tcs3701: start power rail timer, state:3
11-24 15:48:24.606 10476 10510 I BatteryMgr:DataCollectionService: stats => 1700837304606,15258,4445,-2746,4169000,100
11-24 15:48:24.610  1011  1189 I ASH     : @ 184156.799: tcs3701: stop power rail pending_off timer
11-24 15:48:24.610  1011  1189 D ASH     : @ 184156.799: tcs3701: start power rail timer, state:3
11-24 15:48:24.621 29366 29421 I m.chrome.canary: Explicit concurrent copying GC freed 3661(192KB) AllocSpace objects, 3(60KB) LOS objects, 75% free, 12MB/50MB, paused 99us,22us total 63.396ms
11-24 15:48:24.650  1011  1189 I ASH     : @ 184156.839: tcs3701: stop power rail pending_off timer
11-24 15:48:24.650  1011  1189 D ASH     : @ 184156.839: tcs3701: start power rail timer, state:3
11-24 15:48:24.680  1795  3613 D ActivityManager: freezer override set to false
11-24 15:48:24.690  1011  1189 I ASH     : @ 184156.879: tcs3701: stop power rail pending_off timer
11-24 15:48:24.690  1011  1189 D ASH     : @ 184156.879: tcs3701: start power rail timer, state:3
11-24 15:48:24.712 10476 10510 I BatteryMgr:DataCollectionService: stats => 1700837304712,15258,4445,-2746,4169000,100
11-24 15:48:24.724  1795  3613 D ActivityManager: freezer override set to true
11-24 15:48:24.726  1795  3613 D ActivityManager: freezer override set to false
11-24 15:48:24.730  1011  1189 I ASH     : @ 184156.919: tcs3701: stop power rail pending_off timer
11-24 15:48:24.730  1011  1189 D ASH     : @ 184156.919: tcs3701: start power rail timer, state:3
11-24 15:48:24.770  1011  1189 I ASH     : @ 184156.959: tcs3701: stop power rail pending_off timer
11-24 15:48:24.770  1011  1189 D ASH     : @ 184156.959: tcs3701: start power rail timer, state:3
11-24 15:48:24.810  1011  1189 I ASH     : @ 184156.999: tcs3701: stop power rail pending_off timer
11-24 15:48:24.810  1011  1189 D ASH     : @ 184156.999: tcs3701: start power rail timer, state:3
11-24 15:48:24.818 10476 10510 I BatteryMgr:DataCollectionService: stats => 1700837304818,15258,4445,-2746,4169000,100
11-24 15:48:24.850  1011  1189 I ASH     : @ 184157.039: tcs3701: stop power rail pending_off timer
11-24 15:48:24.850  1011  1189 D ASH     : @ 184157.039: tcs3701: start power rail timer, state:3
11-24 15:48:24.891  1011  1189 I ASH     : @ 184157.079: tcs3701: stop power rail pending_off timer
11-24 15:48:24.891  1011  1189 D ASH     : @ 184157.079: tcs3701: start power rail timer, state:3
11-24 15:48:24.923 10476 10510 I BatteryMgr:DataCollectionService: stats => 1700837304923,15258,4445,-2746,4169000,100
11-24 15:48:24.930  1011  1189 I ASH     : @ 184157.119: tcs3701: stop power rail pending_off timer
11-24 15:48:24.930  1011  1189 D ASH     : @ 184157.119: tcs3701: start power rail timer, state:3
11-24 15:48:24.946  1795  3613 D ActivityManager: freezer override set to true
11-24 15:48:24.951  1795  3613 D ActivityManager: freezer override set to false
11-24 15:48:24.970  1011  1189 I ASH     : @ 184157.159: tcs3701: stop power rail pending_off timer
11-24 15:48:24.970  1011  1189 D ASH     : @ 184157.159: tcs3701: start power rail timer, state:3
11-24 15:48:25.010  1011  1189 I ASH     : @ 184157.199: tcs3701: stop power rail pending_off timer
11-24 15:48:25.010  1011  1189 D ASH     : @ 184157.199: tcs3701: start power rail timer, state:3
11-24 15:48:25.029 10476 10510 I BatteryMgr:DataCollectionService: stats => 1700837305029,15258,4445,-2746,4169000,100
11-24 15:48:25.050  1011  1189 I ASH     : @ 184157.239: tcs3701: stop power rail pending_off timer
11-24 15:48:25.050  1011  1189 D ASH     : @ 184157.239: tcs3701: start power rail timer, state:3
11-24 15:48:25.090  1011  1189 I ASH     : @ 184157.279: tcs3701: stop power rail pending_off timer
11-24 15:48:25.090  1011  1189 D ASH     : @ 184157.279: tcs3701: start power rail timer, state:3
11-24 15:48:25.130  1011  1189 I ASH     : @ 184157.319: tcs3701: stop power rail pending_off timer
11-24 15:48:25.130  1011  1189 D ASH     : @ 184157.319: tcs3701: start power rail timer, state:3
11-24 15:48:25.131  1795  2424 D WifiClientModeImpl[13802:wlan0]: updateLinkLayerStatsRssiSpeedFrequencyCapabilities rssi=-46 TxLinkspeed=780 freq=5240 RxLinkSpeed=866
11-24 15:48:25.132  1795  2424 D WifiDataStall: tx tput in kbps: 657058
11-24 15:48:25.132  1795  2424 D WifiDataStall: rx tput in kbps: 767898
11-24 15:48:25.132  1795  2424 V WifiConfigManager: Updating scan detail cache freq=5240 BSSID=f4:6d:2f:12:cc:88 RSSI=-45 for "ourhome"WPA_PSK
11-24 15:48:25.132  1795  2424 D WifiChannelUtilization:  freq: 5240 onTime: 5534134 busyTime: 568408 onTimeDiff: 2159342 busyTimeDiff: 252709 utilization: 29 utilization t0: 26
11-24 15:48:25.132  1795  2424 D WifiDataStall:  ccaLevel = 29
11-24 15:48:25.132  1795  2424 D WifiDataStall: L2 txTputKbps: 657058, rxTputKbps: 767898, L3 txTputKbps: 0, rxTputKbps: 0, TxTrafficHigh: false, RxTrafficHigh: false, Throughput Sufficient: true
11-24 15:48:25.132  2673  3056 V WifiManager: OnWifiUsabilityStatsListener: onWifiUsabilityStats: seqNum=54002
11-24 15:48:25.132  1795  2424 D WifiScoreReport: Wifi scoring disabled - Don't check IP layer
11-24 15:48:25.133  1795  2424 D WifiScoreCard: BSSID update SIGNAL_POLL ID: 1320464697 SSID: "ourhome", BSSID: f4:6d:2f:12:cc:88, MAC: b2:2f:ec:da:4a:0c, IP: /192.168.1.104, Security type: 2, Supplicant state: COMPLETED, Wi-Fi standard: 5, RSSI: -46, Link speed: 780Mbps, Tx Link speed: 780Mbps, Max Supported Tx Link speed: 866Mbps, Rx Link speed: 866Mbps, Max Supported Rx Link speed: 866Mbps, Frequency: 5240MHz, Net ID: 12, Metered hint: false, score: 60, isUsable: true, CarrierMerged: false, SubscriptionId: -1, IsPrimary: 1, Trusted: true, Restricted: false, Ephemeral: false, OEM paid: false, OEM private: false, OSU AP: false, FQDN: <none>, Provider friendly name: <none>, Requesting package name: <none>"ourhome"wpa2-pskMLO Information: , Is TID-To-Link negotiation supported by the AP: false, AP MLD Address: <none>, AP MLO Link Id: <none>, AP MLO Affiliated links: <none>
11-24 15:48:25.133  1795  2424 D WifiScoreCard: txRate: 1 txSpeed: 780
11-24 15:48:25.133  1795  2424 D WifiScoreCard: network update SIGNAL_POLL "ourhome" ID: 1499892569 RSSI -46 txSpeed -1
11-24 15:48:25.133  1795  3784 I WifiService: updateWifiUsabilityScore uid=10180 seqNum=54002 score=100 predictionHorizonSec=1441795
11-24 15:48:25.133  1795  2424 D WifiClientModeImpl[13802:wlan0]:  ClientModeImpl$L2ConnectedState screen=on 29 0 "ourhome" f4:6d:2f:12:cc:88 rssi=-46 f=5240 sc=60 link=780 tx=0.0, 0.0, 0.0 rx=0.0 bcn=1773754 [on:0 tx:0 rx:0 period:3013] from screen [on:924554 period:32547124] score=60
11-24 15:48:25.133  2513  2539 V WifiManager: TrafficStateCallbackProxy: onStateChanged state=0
11-24 15:48:25.133 10476 10510 I BatteryMgr:DataCollectionService: stats => 1700837305133,15258,4445,-2746,4169000,100
11-24 15:48:25.134  1795  2424 D WifiScoreReport: Wifi scoring disabled - Notify that Wifi is usable
11-24 15:48:25.136  1795  2432 D ConnectivityService: NetReassign [no changes] [c 0] [a 0] [i 2]
11-24 15:48:25.170  1011  1189 I ASH     : @ 184157.359: tcs3701: stop power rail pending_off timer
11-24 15:48:25.170  1011  1189 D ASH     : @ 184157.359: tcs3701: start power rail timer, state:3
11-24 15:48:25.210  1011  1189 I ASH     : @ 184157.399: tcs3701: stop power rail pending_off timer
11-24 15:48:25.210  1011  1189 D ASH     : @ 184157.399: tcs3701: start power rail timer, state:3
11-24 15:48:25.238 10476 10510 I BatteryMgr:DataCollectionService: stats => 1700837305238,15258,4445,-2746,4169000,100
11-24 15:48:25.250  1011  1189 I ASH     : @ 184157.439: tcs3701: stop power rail pending_off timer
11-24 15:48:25.250  1011  1189 D ASH     : @ 184157.439: tcs3701: start power rail timer, state:3
11-24 15:48:25.290  1011  1189 I ASH     : @ 184157.479: tcs3701: stop power rail pending_off timer
11-24 15:48:25.290  1011  1189 D ASH     : @ 184157.479: tcs3701: start power rail timer, state:3
11-24 15:48:25.305 16611 16611 I EuiccGoogle: [2] EuiccServiceImpl.onDestroy: onDestroy: EuiccService on destroy.
11-24 15:48:25.330  1011  1189 I ASH     : @ 184157.519: tcs3701: stop power rail pending_off timer
11-24 15:48:25.330  1011  1189 D ASH     : @ 184157.519: tcs3701: start power rail timer, state:3
11-24 15:48:25.343 10476 10510 I BatteryMgr:DataCollectionService: stats => 1700837305343,15258,4445,-2746,4169000,100
11-24 15:48:25.370  1011  1189 I ASH     : @ 184157.559: tcs3701: stop power rail pending_off timer
11-24 15:48:25.370  1011  1189 D ASH     : @ 184157.559: tcs3701: start power rail timer, state:3
11-24 15:48:25.410  1011  1189 I ASH     : @ 184157.599: tcs3701: stop power rail pending_off timer
11-24 15:48:25.410  1011  1189 D ASH     : @ 184157.599: tcs3701: start power rail timer, state:3
11-24 15:48:25.448 10476 10510 I BatteryMgr:DataCollectionService: stats => 1700837305448,15258,4445,-2746,4169000,100
11-24 15:48:25.450  1011  1189 I ASH     : @ 184157.639: tcs3701: stop power rail pending_off timer
11-24 15:48:25.451  1011  1189 D ASH     : @ 184157.639: tcs3701: start power rail timer, state:3
11-24 15:48:25.490  1011  1189 I ASH     : @ 184157.679: tcs3701: stop power rail pending_off timer
11-24 15:48:25.490  1011  1189 D ASH     : @ 184157.679: tcs3701: start power rail timer, state:3
11-24 15:48:25.531  1011  1189 I ASH     : @ 184157.719: tcs3701: stop power rail pending_off timer
11-24 15:48:25.531  1011  1189 D ASH     : @ 184157.719: tcs3701: start power rail timer, state:3
11-24 15:48:25.552 10476 10510 I BatteryMgr:DataCollectionService: stats => 1700837305552,15258,4445,-2746,4169000,100
11-24 15:48:25.570  1011  1189 I ASH     : @ 184157.759: tcs3701: stop power rail pending_off timer
11-24 15:48:25.570  1011  1189 D ASH     : @ 184157.759: tcs3701: start power rail timer, state:3
11-24 15:48:25.610  1011  1189 I ASH     : @ 184157.799: tcs3701: stop power rail pending_off timer
11-24 15:48:25.610  1011  1189 D ASH     : @ 184157.799: tcs3701: start power rail timer, state:3
11-24 15:48:25.650  1011  1189 I ASH     : @ 184157.839: tcs3701: stop power rail pending_off timer
11-24 15:48:25.650  1011  1189 D ASH     : @ 184157.839: tcs3701: start power rail timer, state:3
11-24 15:48:25.658 10476 10510 I BatteryMgr:DataCollectionService: stats => 1700837305658,15258,4445,-2746,4169000,100
11-24 15:48:25.690  1011  1189 I ASH     : @ 184157.879: tcs3701: stop power rail pending_off timer
11-24 15:48:25.690  1011  1189 D ASH     : @ 184157.879: tcs3701: start power rail timer, state:3
11-24 15:48:25.730  1011  1189 I ASH     : @ 184157.919: tcs3701: stop power rail pending_off timer
11-24 15:48:25.730  1011  1189 D ASH     : @ 184157.919: tcs3701: start power rail timer, state:3
11-24 15:48:25.763 10476 10510 I BatteryMgr:DataCollectionService: stats => 1700837305763,15258,4445,-2746,4169000,100
11-24 15:48:25.770  1011  1189 I ASH     : @ 184157.959: tcs3701: stop power rail pending_off timer
11-24 15:48:25.770  1011  1189 D ASH     : @ 184157.959: tcs3701: start power rail timer, state:3
11-24 15:48:25.810  1011  1189 I ASH     : @ 184157.999: tcs3701: stop power rail pending_off timer
11-24 15:48:25.810  1011  1189 D ASH     : @ 184157.999: tcs3701: start power rail timer, state:3
11-24 15:48:25.850  1011  1189 I ASH     : @ 184158.039: tcs3701: stop power rail pending_off timer
11-24 15:48:25.850  1011  1189 D ASH     : @ 184158.039: tcs3701: start power rail timer, state:3
11-24 15:48:25.870 10476 10510 I BatteryMgr:DataCollectionService: stats => 1700837305869,15258,4445,-2746,4169000,100
11-24 15:48:25.887  1795  1853 D ActivityManager: freezer override set to true
11-24 15:48:25.890  1011  1189 I ASH     : @ 184158.079: tcs3701: stop power rail pending_off timer
11-24 15:48:25.890  1011  1189 D ASH     : @ 184158.079: tcs3701: start power rail timer, state:3
11-24 15:48:25.930  1011  1189 I ASH     : @ 184158.119: tcs3701: stop power rail pending_off timer
11-24 15:48:25.930  1011  1189 D ASH     : @ 184158.119: tcs3701: start power rail timer, state:3
11-24 15:48:25.970  1011  1189 I ASH     : @ 184158.159: tcs3701: stop power rail pending_off timer
11-24 15:48:25.970  1011  1189 D ASH     : @ 184158.159: tcs3701: start power rail timer, state:3
