11-24 15:43:26.130  1011  1189 I ASH     : @ 183858.319: tcs3701: stop power rail pending_off timer
11-24 15:43:26.130  1011  1189 D ASH     : @ 183858.319: tcs3701: start power rail timer, state:3
11-24 15:43:26.162  1795  4168 D ActivityManager: freezer override set to false
11-24 15:43:26.164 10476 10510 I BatteryMgr:DataCollectionService: stats => 1700837006164,-92163,4445,-6408,4168583,100
11-24 15:43:26.171  1011  1189 I ASH     : @ 183858.359: tcs3701: stop power rail pending_off timer
11-24 15:43:26.171  1011  1189 D ASH     : @ 183858.359: tcs3701: start power rail timer, state:3
11-24 15:43:26.210  1011  1189 I ASH     : @ 183858.399: tcs3701: stop power rail pending_off timer
11-24 15:43:26.210  1011  1189 D ASH     : @ 183858.399: tcs3701: start power rail timer, state:3
11-24 15:43:26.218  1795  2855 D ActivityManager: freezer override set to true
11-24 15:43:26.221  1795  2855 D ActivityManager: freezer override set to false
11-24 15:43:26.250  1011  1189 I ASH     : @ 183858.439: tcs3701: stop power rail pending_off timer
11-24 15:43:26.250  1011  1189 D ASH     : @ 183858.439: tcs3701: start power rail timer, state:3
11-24 15:43:26.269 10476 10510 I BatteryMgr:DataCollectionService: stats => 1700837006269,-26245,4445,-6408,4168583,100
11-24 15:43:26.290  1011  1189 I ASH     : @ 183858.479: tcs3701: stop power rail pending_off timer
11-24 15:43:26.290  1011  1189 D ASH     : @ 183858.479: tcs3701: start power rail timer, state:3
11-24 15:43:26.330  1011  1189 I ASH     : @ 183858.519: tcs3701: stop power rail pending_off timer
11-24 15:43:26.330  1011  1189 D ASH     : @ 183858.519: tcs3701: start power rail timer, state:3
11-24 15:43:26.370  1011  1189 I ASH     : @ 183858.559: tcs3701: stop power rail pending_off timer
11-24 15:43:26.370  1011  1189 D ASH     : @ 183858.559: tcs3701: start power rail timer, state:3
11-24 15:43:26.374 10476 10510 I BatteryMgr:DataCollectionService: stats => 1700837006374,13122,4445,-6408,4168583,100
11-24 15:43:26.410  1011  1189 I ASH     : @ 183858.599: tcs3701: stop power rail pending_off timer
11-24 15:43:26.410  1011  1189 D ASH     : @ 183858.599: tcs3701: start power rail timer, state:3
11-24 15:43:26.450  1011  1189 I ASH     : @ 183858.639: tcs3701: stop power rail pending_off timer
11-24 15:43:26.450  1011  1189 D ASH     : @ 183858.639: tcs3701: start power rail timer, state:3
11-24 15:43:26.479 10476 10510 I BatteryMgr:DataCollectionService: stats => 1700837006479,6408,4445,-6408,4168583,100
11-24 15:43:26.490  1011  1189 I ASH     : @ 183858.679: tcs3701: stop power rail pending_off timer
11-24 15:43:26.490  1011  1189 D ASH     : @ 183858.679: tcs3701: start power rail timer, state:3
11-24 15:43:26.530  1011  1189 I ASH     : @ 183858.719: tcs3701: stop power rail pending_off timer
11-24 15:43:26.530  1011  1189 D ASH     : @ 183858.719: tcs3701: start power rail timer, state:3
11-24 15:43:26.570  1011  1189 I ASH     : @ 183858.759: tcs3701: stop power rail pending_off timer
11-24 15:43:26.570  1011  1189 D ASH     : @ 183858.759: tcs3701: start power rail timer, state:3
11-24 15:43:26.585 10476 10510 I BatteryMgr:DataCollectionService: stats => 1700837006585,1220,4445,-6408,4168583,100
11-24 15:43:26.610  1011  1189 I ASH     : @ 183858.799: tcs3701: stop power rail pending_off timer
11-24 15:43:26.610  1011  1189 D ASH     : @ 183858.799: tcs3701: start power rail timer, state:3
11-24 15:43:26.650  1011  1189 I ASH     : @ 183858.839: tcs3701: stop power rail pending_off timer
11-24 15:43:26.650  1011  1189 D ASH     : @ 183858.839: tcs3701: start power rail timer, state:3
11-24 15:43:26.690  1011  1189 I ASH     : @ 183858.879: tcs3701: stop power rail pending_off timer
11-24 15:43:26.690  1011  1189 D ASH     : @ 183858.879: tcs3701: start power rail timer, state:3
11-24 15:43:26.692 10476 10510 I BatteryMgr:DataCollectionService: stats => 1700837006692,-4882,4445,-6408,4168583,100
11-24 15:43:26.707  1795  2424 D WifiClientModeImpl[13802:wlan0]: updateLinkLayerStatsRssiSpeedFrequencyCapabilities rssi=-47 TxLinkspeed=866 freq=5240 RxLinkSpeed=866
11-24 15:43:26.707  1795  2424 D WifiScoreCard: 1 lastSampleWeight=6/128 filterInKbps=61172 avgKbps=61172 filterOutKbps=61171
11-24 15:43:26.707  1795  2424 D WifiDataStall: tx tput in kbps: 729503
11-24 15:43:26.707  1795  2424 D WifiDataStall: rx tput in kbps: 767898
11-24 15:43:26.707  1795  2424 V WifiConfigManager: Updating scan detail cache freq=5240 BSSID=f4:6d:2f:12:cc:88 RSSI=-46 for "ourhome"WPA_PSK
11-24 15:43:26.708  1795  2424 D WifiChannelUtilization:  freq: 5240 onTime: 5526193 busyTime: 568086 onTimeDiff: 2151401 busyTimeDiff: 252387 utilization: 29 utilization t0: 26
11-24 15:43:26.708  1795  2424 D WifiDataStall:  ccaLevel = 29
11-24 15:43:26.708  1795  2424 D WifiDataStall: L2 txTputKbps: 729503, rxTputKbps: 767898, L3 txTputKbps: 0, rxTputKbps: 0, TxTrafficHigh: false, RxTrafficHigh: false, Throughput Sufficient: true
11-24 15:43:26.708  2673  2740 V WifiManager: OnWifiUsabilityStatsListener: onWifiUsabilityStats: seqNum=53903
11-24 15:43:26.708  1795  2424 D WifiScoreReport: Wifi scoring disabled - Don't check IP layer
11-24 15:43:26.708  1795  2424 D WifiScoreCard: BSSID update SIGNAL_POLL ID: 1320464697 SSID: "ourhome", BSSID: f4:6d:2f:12:cc:88, MAC: b2:2f:ec:da:4a:0c, IP: /192.168.1.104, Security type: 2, Supplicant state: COMPLETED, Wi-Fi standard: 5, RSSI: -47, Link speed: 866Mbps, Tx Link speed: 866Mbps, Max Supported Tx Link speed: 866Mbps, Rx Link speed: 866Mbps, Max Supported Rx Link speed: 866Mbps, Frequency: 5240MHz, Net ID: 12, Metered hint: false, score: 60, isUsable: true, CarrierMerged: false, SubscriptionId: -1, IsPrimary: 1, Trusted: true, Restricted: false, Ephemeral: false, OEM paid: false, OEM private: false, OSU AP: false, FQDN: <none>, Provider friendly name: <none>, Requesting package name: <none>"ourhome"wpa2-pskMLO Information: , Is TID-To-Link negotiation supported by the AP: false, AP MLD Address: <none>, AP MLO Link Id: <none>, AP MLO Affiliated links: <none>
11-24 15:43:26.708  1795  2424 D WifiScoreCard: txRate: 6 txSpeed: 866
11-24 15:43:26.708  1795  2424 D WifiScoreCard: network update SIGNAL_POLL "ourhome" ID: 1499892569 RSSI -47 txSpeed 866
11-24 15:43:26.708  1795  2424 D WifiClientModeImpl[13802:wlan0]:  ClientModeImpl$L2ConnectedState screen=on 29 0 "ourhome" f4:6d:2f:12:cc:88 rssi=-47 f=5240 sc=60 link=866 tx=5.2, 0.4, 0.0 rx=20.6 bcn=1770850 [on:0 tx:0 rx:0 period:3015] from screen [on:916613 period:32248699] score=60
11-24 15:43:26.708  1795  2855 I WifiService: updateWifiUsabilityScore uid=10180 seqNum=53903 score=100 predictionHorizonSec=1441795
11-24 15:43:26.709  1795  2424 D WifiScoreReport: Wifi scoring disabled - Notify that Wifi is usable
11-24 15:43:26.712  1795  2432 D ConnectivityService: NetReassign [no changes] [c 1] [a 0] [i 2]
11-24 15:43:26.731  1011  1189 I ASH     : @ 183858.919: tcs3701: stop power rail pending_off timer
11-24 15:43:26.731  1011  1189 D ASH     : @ 183858.919: tcs3701: start power rail timer, state:3
11-24 15:43:26.770  1011  1189 I ASH     : @ 183858.959: tcs3701: stop power rail pending_off timer
11-24 15:43:26.770  1011  1189 D ASH     : @ 183858.959: tcs3701: start power rail timer, state:3
11-24 15:43:26.801 10476 10510 I BatteryMgr:DataCollectionService: stats => 1700837006801,8544,4445,-6408,4168583,100
11-24 15:43:26.810  1011  1189 I ASH     : @ 183858.999: tcs3701: stop power rail pending_off timer
11-24 15:43:26.810  1011  1189 D ASH     : @ 183858.999: tcs3701: start power rail timer, state:3
11-24 15:43:26.850  1011  1189 I ASH     : @ 183859.039: tcs3701: stop power rail pending_off timer
11-24 15:43:26.850  1011  1189 D ASH     : @ 183859.039: tcs3701: start power rail timer, state:3
11-24 15:43:26.890  1011  1189 I ASH     : @ 183859.079: tcs3701: stop power rail pending_off timer
11-24 15:43:26.890  1011  1189 D ASH     : @ 183859.079: tcs3701: start power rail timer, state:3
11-24 15:43:26.908 10476 10510 I BatteryMgr:DataCollectionService: stats => 1700837006908,-14038,4445,-6408,4168583,100
11-24 15:43:26.930  1011  1189 I ASH     : @ 183859.119: tcs3701: stop power rail pending_off timer
11-24 15:43:26.930  1011  1189 D ASH     : @ 183859.119: tcs3701: start power rail timer, state:3
11-24 15:43:26.970  1011  1189 I ASH     : @ 183859.159: tcs3701: stop power rail pending_off timer
11-24 15:43:26.970  1011  1189 D ASH     : @ 183859.159: tcs3701: start power rail timer, state:3
11-24 15:43:27.010  1011  1189 I ASH     : @ 183859.199: tcs3701: stop power rail pending_off timer
11-24 15:43:27.010  1011  1189 D ASH     : @ 183859.199: tcs3701: start power rail timer, state:3
11-24 15:43:27.014 10476 10510 I BatteryMgr:DataCollectionService: stats => 1700837007014,-20446,4445,-6408,4168583,100
11-24 15:43:27.050  1011  1189 I ASH     : @ 183859.239: tcs3701: stop power rail pending_off timer
11-24 15:43:27.050  1011  1189 D ASH     : @ 183859.239: tcs3701: start power rail timer, state:3
11-24 15:43:27.072  1795  2855 D ActivityManager: freezer override set to true
11-24 15:43:27.077  1795  2855 D ActivityManager: freezer override set to false
11-24 15:43:27.090  1011  1189 I ASH     : @ 183859.279: tcs3701: stop power rail pending_off timer
11-24 15:43:27.090  1011  1189 D ASH     : @ 183859.279: tcs3701: start power rail timer, state:3
11-24 15:43:27.122 10476 10510 I BatteryMgr:DataCollectionService: stats => 1700837007122,-3051,4445,-6408,4168583,100
11-24 15:43:27.130  1011  1189 I ASH     : @ 183859.319: tcs3701: stop power rail pending_off timer
11-24 15:43:27.130  1011  1189 D ASH     : @ 183859.319: tcs3701: start power rail timer, state:3
11-24 15:43:27.170  1011  1189 I ASH     : @ 183859.359: tcs3701: stop power rail pending_off timer
11-24 15:43:27.170  1011  1189 D ASH     : @ 183859.359: tcs3701: start power rail timer, state:3
11-24 15:43:27.210  1011  1189 I ASH     : @ 183859.399: tcs3701: stop power rail pending_off timer
11-24 15:43:27.210  1011  1189 D ASH     : @ 183859.399: tcs3701: start power rail timer, state:3
11-24 15:43:27.226 10476 10510 I BatteryMgr:DataCollectionService: stats => 1700837007226,-5493,4445,-6408,4168583,100
11-24 15:43:27.250  1011  1189 I ASH     : @ 183859.439: tcs3701: stop power rail pending_off timer
11-24 15:43:27.250  1011  1189 D ASH     : @ 183859.439: tcs3701: start power rail timer, state:3
11-24 15:43:27.290  1011  1189 I ASH     : @ 183859.479: tcs3701: stop power rail pending_off timer
11-24 15:43:27.290  1011  1189 D ASH     : @ 183859.479: tcs3701: start power rail timer, state:3
11-24 15:43:27.330  1011  1189 I ASH     : @ 183859.519: tcs3701: stop power rail pending_off timer
11-24 15:43:27.330  1011  1189 D ASH     : @ 183859.519: tcs3701: start power rail timer, state:3
11-24 15:43:27.335 10476 10510 I BatteryMgr:DataCollectionService: stats => 1700837007335,-15563,4445,-6408,4168583,100
11-24 15:43:27.370  1011  1189 I ASH     : @ 183859.559: tcs3701: stop power rail pending_off timer
11-24 15:43:27.370  1011  1189 D ASH     : @ 183859.559: tcs3701: start power rail timer, state:3
11-24 15:43:27.396  1795  2855 D ActivityManager: freezer override set to true
11-24 15:43:27.410  1011  1189 I ASH     : @ 183859.599: tcs3701: stop power rail pending_off timer
11-24 15:43:27.410  1011  1189 D ASH     : @ 183859.599: tcs3701: start power rail timer, state:3
11-24 15:43:27.444 10476 10510 I BatteryMgr:DataCollectionService: stats => 1700837007444,-24414,4445,-6408,4168583,100
11-24 15:43:27.450  1011  1189 I ASH     : @ 183859.639: tcs3701: stop power rail pending_off timer
11-24 15:43:27.450  1011  1189 D ASH     : @ 183859.639: tcs3701: start power rail timer, state:3
11-24 15:43:27.490  1011  1189 I ASH     : @ 183859.679: tcs3701: stop power rail pending_off timer
11-24 15:43:27.490  1011  1189 D ASH     : @ 183859.679: tcs3701: start power rail timer, state:3
11-24 15:43:27.523 23290 23306 I m.chrome.canary: Explicit concurrent copying GC freed 3898(207KB) AllocSpace objects, 4(80KB) LOS objects, 75% free, 12MB/51MB, paused 240us,21us total 79.242ms
11-24 15:43:27.530  1011  1189 I ASH     : @ 183859.719: tcs3701: stop power rail pending_off timer
11-24 15:43:27.530  1011  1189 D ASH     : @ 183859.719: tcs3701: start power rail timer, state:3
11-24 15:43:27.552 10476 10510 I BatteryMgr:DataCollectionService: stats => 1700837007552,-26550,4445,-6408,4168583,100
11-24 15:43:27.570  1011  1189 I ASH     : @ 183859.759: tcs3701: stop power rail pending_off timer
11-24 15:43:27.570  1011  1189 D ASH     : @ 183859.759: tcs3701: start power rail timer, state:3
11-24 15:43:27.575  1795  2855 D ActivityManager: freezer override set to false
11-24 15:43:27.610  1011  1189 I ASH     : @ 183859.799: tcs3701: stop power rail pending_off timer
11-24 15:43:27.610  1011  1189 D ASH     : @ 183859.799: tcs3701: start power rail timer, state:3
11-24 15:43:27.635  1795  2855 D ActivityManager: freezer override set to true
11-24 15:43:27.641  1795  2855 D ActivityManager: freezer override set to false
11-24 15:43:27.650  1011  1189 I ASH     : @ 183859.839: tcs3701: stop power rail pending_off timer
11-24 15:43:27.650  1011  1189 D ASH     : @ 183859.839: tcs3701: start power rail timer, state:3
11-24 15:43:27.660 10476 10510 I BatteryMgr:DataCollectionService: stats => 1700837007660,-2136,4445,-6408,4168583,100
11-24 15:43:27.690  1011  1189 I ASH     : @ 183859.879: tcs3701: stop power rail pending_off timer
11-24 15:43:27.690  1011  1189 D ASH     : @ 183859.879: tcs3701: start power rail timer, state:3
11-24 15:43:27.730  1011  1189 I ASH     : @ 183859.919: tcs3701: stop power rail pending_off timer
11-24 15:43:27.730  1011  1189 D ASH     : @ 183859.919: tcs3701: start power rail timer, state:3
11-24 15:43:27.767 10476 10510 I BatteryMgr:DataCollectionService: stats => 1700837007767,-14343,4445,-6408,4168583,100
11-24 15:43:27.770  1011  1189 I ASH     : @ 183859.959: tcs3701: stop power rail pending_off timer
11-24 15:43:27.770  1011  1189 D ASH     : @ 183859.959: tcs3701: start power rail timer, state:3
11-24 15:43:27.810  1011  1189 I ASH     : @ 183859.999: tcs3701: stop power rail pending_off timer
11-24 15:43:27.810  1011  1189 D ASH     : @ 183859.999: tcs3701: start power rail timer, state:3
11-24 15:43:27.850  1011  1189 I ASH     : @ 183860.039: tcs3701: stop power rail pending_off timer
11-24 15:43:27.850  1011  1189 D ASH     : @ 183860.039: tcs3701: start power rail timer, state:3
11-24 15:43:27.874 10476 10510 I BatteryMgr:DataCollectionService: stats => 1700837007874,-12512,4445,-6408,4168583,100
11-24 15:43:27.890  1011  1189 I ASH     : @ 183860.079: tcs3701: stop power rail pending_off timer
11-24 15:43:27.890  1011  1189 D ASH     : @ 183860.079: tcs3701: start power rail timer, state:3
11-24 15:43:27.930  1011  1189 I ASH     : @ 183860.119: tcs3701: stop power rail pending_off timer
11-24 15:43:27.930  1011  1189 D ASH     : @ 183860.119: tcs3701: start power rail timer, state:3
11-24 15:43:27.970  1011  1189 I ASH     : @ 183860.159: tcs3701: stop power rail pending_off timer
11-24 15:43:27.970  1011  1189 D ASH     : @ 183860.159: tcs3701: start power rail timer, state:3
11-24 15:43:27.979 10476 10510 I BatteryMgr:DataCollectionService: stats => 1700837007979,4272,4445,-6408,4168583,100
11-24 15:43:28.012  1011  1189 I ASH     : @ 183860.199: tcs3701: stop power rail pending_off timer
11-24 15:43:28.012  1011  1189 D ASH     : @ 183860.199: tcs3701: start power rail timer, state:3
11-24 15:43:28.050  1011  1189 I ASH     : @ 183860.239: tcs3701: stop power rail pending_off timer
11-24 15:43:28.050  1011  1189 D ASH     : @ 183860.239: tcs3701: start power rail timer, state:3
11-24 15:43:28.074  1795  2855 D ActivityManager: freezer override set to true
11-24 15:43:28.082  1795  2855 D ActivityManager: freezer override set to false
11-24 15:43:28.088 10476 10510 I BatteryMgr:DataCollectionService: stats => 1700837008088,9460,4445,-6408,4168583,100
11-24 15:43:28.090  1011  1189 I ASH     : @ 183860.279: tcs3701: stop power rail pending_off timer
11-24 15:43:28.090  1011  1189 D ASH     : @ 183860.279: tcs3701: start power rail timer, state:3
11-24 15:43:28.130  1011  1189 I ASH     : @ 183860.319: tcs3701: stop power rail pending_off timer
11-24 15:43:28.130  1011  1189 D ASH     : @ 183860.319: tcs3701: start power rail timer, state:3
11-24 15:43:28.170  1011  1189 I ASH     : @ 183860.359: tcs3701: stop power rail pending_off timer
11-24 15:43:28.170  1011  1189 D ASH     : @ 183860.359: tcs3701: start power rail timer, state:3
11-24 15:43:28.195 10476 10510 I BatteryMgr:DataCollectionService: stats => 1700837008195,-12512,4445,-6408,4168583,100
11-24 15:43:28.210  1011  1189 I ASH     : @ 183860.399: tcs3701: stop power rail pending_off timer
11-24 15:43:28.210  1011  1189 D ASH     : @ 183860.399: tcs3701: start power rail timer, state:3
11-24 15:43:28.250  1011  1189 I ASH     : @ 183860.439: tcs3701: stop power rail pending_off timer
11-24 15:43:28.250  1011  1189 D ASH     : @ 183860.439: tcs3701: start power rail timer, state:3
11-24 15:43:28.290  1011  1189 I ASH     : @ 183860.479: tcs3701: stop power rail pending_off timer
11-24 15:43:28.290  1011  1189 D ASH     : @ 183860.479: tcs3701: start power rail timer, state:3
11-24 15:43:28.302 10476 10510 I BatteryMgr:DataCollectionService: stats => 1700837008302,7324,4445,-6408,4168583,100
11-24 15:43:28.330  1011  1189 I ASH     : @ 183860.519: tcs3701: stop power rail pending_off timer
11-24 15:43:28.330  1011  1189 D ASH     : @ 183860.519: tcs3701: start power rail timer, state:3
11-24 15:43:28.370  1011  1189 I ASH     : @ 183860.559: tcs3701: stop power rail pending_off timer
11-24 15:43:28.370  1011  1189 D ASH     : @ 183860.559: tcs3701: start power rail timer, state:3
11-24 15:43:28.408 10476 10510 I BatteryMgr:DataCollectionService: stats => 1700837008408,7629,4445,-6408,4168583,100
11-24 15:43:28.410  1011  1189 I ASH     : @ 183860.599: tcs3701: stop power rail pending_off timer
11-24 15:43:28.410  1011  1189 D ASH     : @ 183860.599: tcs3701: start power rail timer, state:3
11-24 15:43:28.450  1011  1189 I ASH     : @ 183860.639: tcs3701: stop power rail pending_off timer
11-24 15:43:28.450  1011  1189 D ASH     : @ 183860.639: tcs3701: start power rail timer, state:3
11-24 15:43:28.490  1011  1189 I ASH     : @ 183860.679: tcs3701: stop power rail pending_off timer
11-24 15:43:28.490  1011  1189 D ASH     : @ 183860.679: tcs3701: start power rail timer, state:3
11-24 15:43:28.516 10476 10510 I BatteryMgr:DataCollectionService: stats => 1700837008516,1220,4445,-6408,4168583,100
11-24 15:43:28.530  1011  1189 I ASH     : @ 183860.719: tcs3701: stop power rail pending_off timer
11-24 15:43:28.530  1011  1189 D ASH     : @ 183860.719: tcs3701: start power rail timer, state:3
11-24 15:43:28.570  1011  1189 I ASH     : @ 183860.759: tcs3701: stop power rail pending_off timer
11-24 15:43:28.570  1011  1189 D ASH     : @ 183860.759: tcs3701: start power rail timer, state:3
11-24 15:43:28.610  1011  1189 I ASH     : @ 183860.799: tcs3701: stop power rail pending_off timer
11-24 15:43:28.610  1011  1189 D ASH     : @ 183860.799: tcs3701: start power rail timer, state:3
11-24 15:43:28.624 10476 10510 I BatteryMgr:DataCollectionService: stats => 1700837008624,8544,4445,-6408,4168583,100
11-24 15:43:28.650  1011  1189 I ASH     : @ 183860.839: tcs3701: stop power rail pending_off timer
11-24 15:43:28.650  1011  1189 D ASH     : @ 183860.839: tcs3701: start power rail timer, state:3
11-24 15:43:28.690  1011  1189 I ASH     : @ 183860.879: tcs3701: stop power rail pending_off timer
11-24 15:43:28.690  1011  1189 D ASH     : @ 183860.879: tcs3701: start power rail timer, state:3
11-24 15:43:28.730 10476 10510 I BatteryMgr:DataCollectionService: stats => 1700837008730,-915,4445,-6408,4168583,100
11-24 15:43:28.730  1011  1189 I ASH     : @ 183860.919: tcs3701: stop power rail pending_off timer
11-24 15:43:28.730  1011  1189 D ASH     : @ 183860.919: tcs3701: start power rail timer, state:3
11-24 15:43:28.771  1011  1189 I ASH     : @ 183860.959: tcs3701: stop power rail pending_off timer
11-24 15:43:28.771  1011  1189 D ASH     : @ 183860.959: tcs3701: start power rail timer, state:3
11-24 15:43:28.810  1795  2855 D ActivityManager: freezer override set to true
11-24 15:43:28.810  1011  1189 I ASH     : @ 183860.999: tcs3701: stop power rail pending_off timer
11-24 15:43:28.810  1011  1189 D ASH     : @ 183860.999: tcs3701: start power rail timer, state:3
11-24 15:43:28.835 10476 10510 I BatteryMgr:DataCollectionService: stats => 1700837008835,915,4445,-6408,4168583,100
11-24 15:43:28.850  1011  1189 I ASH     : @ 183861.039: tcs3701: stop power rail pending_off timer
11-24 15:43:28.850  1011  1189 D ASH     : @ 183861.039: tcs3701: start power rail timer, state:3
11-24 15:43:28.890  1011  1189 I ASH     : @ 183861.079: tcs3701: stop power rail pending_off timer
11-24 15:43:28.890  1011  1189 D ASH     : @ 183861.079: tcs3701: start power rail timer, state:3
11-24 15:43:28.930  1011  1189 I ASH     : @ 183861.119: tcs3701: stop power rail pending_off timer
11-24 15:43:28.930  1011  1189 D ASH     : @ 183861.119: tcs3701: start power rail timer, state:3
11-24 15:43:28.942 10476 10510 I BatteryMgr:DataCollectionService: stats => 1700837008942,6408,4445,-6408,4168583,100
11-24 15:43:28.971  1011  1189 I ASH     : @ 183861.159: tcs3701: stop power rail pending_off timer
11-24 15:43:28.971  1011  1189 D ASH     : @ 183861.159: tcs3701: start power rail timer, state:3
11-24 15:43:28.996 23290 23306 I m.chrome.canary: Explicit concurrent copying GC freed 3656(192KB) AllocSpace objects, 3(60KB) LOS objects, 75% free, 12MB/51MB, paused 93us,47us total 147.555ms
11-24 15:43:29.010  1011  1189 I ASH     : @ 183861.199: tcs3701: stop power rail pending_off timer
11-24 15:43:29.010  1011  1189 D ASH     : @ 183861.199: tcs3701: start power rail timer, state:3
11-24 15:43:29.048 10476 10510 I BatteryMgr:DataCollectionService: stats => 1700837009048,-22583,4445,-6408,4168583,100
11-24 15:43:29.050  1011  1189 I ASH     : @ 183861.239: tcs3701: stop power rail pending_off timer
11-24 15:43:29.050  1011  1189 D ASH     : @ 183861.239: tcs3701: start power rail timer, state:3
11-24 15:43:29.050  1795  2855 D ActivityManager: freezer override set to false
11-24 15:43:29.090  1795  2855 D ActivityManager: freezer override set to true
11-24 15:43:29.090  1011  1189 I ASH     : @ 183861.279: tcs3701: stop power rail pending_off timer
11-24 15:43:29.090  1011  1189 D ASH     : @ 183861.279: tcs3701: start power rail timer, state:3
11-24 15:43:29.094  1795  2855 D ActivityManager: freezer override set to false
11-24 15:43:29.108  1795  2855 D ActivityManager: freezer override set to true
11-24 15:43:29.113  1795  2855 D ActivityManager: freezer override set to false
11-24 15:43:29.130  1011  1189 I ASH     : @ 183861.319: tcs3701: stop power rail pending_off timer
11-24 15:43:29.130  1011  1189 D ASH     : @ 183861.319: tcs3701: start power rail timer, state:3
11-24 15:43:29.153 10476 10510 I BatteryMgr:DataCollectionService: stats => 1700837009153,-10681,4445,-6408,4168583,100
11-24 15:43:29.170  1011  1189 I ASH     : @ 183861.359: tcs3701: stop power rail pending_off timer
11-24 15:43:29.170  1011  1189 D ASH     : @ 183861.359: tcs3701: start power rail timer, state:3
11-24 15:43:29.210  1011  1189 I ASH     : @ 183861.399: tcs3701: stop power rail pending_off timer
11-24 15:43:29.210  1011  1189 D ASH     : @ 183861.399: tcs3701: start power rail timer, state:3
11-24 15:43:29.250  1011  1189 I ASH     : @ 183861.439: tcs3701: stop power rail pending_off timer
11-24 15:43:29.250  1011  1189 D ASH     : @ 183861.439: tcs3701: start power rail timer, state:3
11-24 15:43:29.260 10476 10510 I BatteryMgr:DataCollectionService: stats => 1700837009260,14953,4445,-6408,4168583,100
11-24 15:43:29.290  1011  1189 I ASH     : @ 183861.479: tcs3701: stop power rail pending_off timer
11-24 15:43:29.290  1011  1189 D ASH     : @ 183861.479: tcs3701: start power rail timer, state:3
11-24 15:43:29.330  1011  1189 I ASH     : @ 183861.519: tcs3701: stop power rail pending_off timer
11-24 15:43:29.330  1011  1189 D ASH     : @ 183861.519: tcs3701: start power rail timer, state:3
11-24 15:43:29.364 10476 10510 I BatteryMgr:DataCollectionService: stats => 1700837009364,15869,4445,-6408,4168583,100
11-24 15:43:29.370  1011  1189 I ASH     : @ 183861.559: tcs3701: stop power rail pending_off timer
11-24 15:43:29.370  1011  1189 D ASH     : @ 183861.559: tcs3701: start power rail timer, state:3
11-24 15:43:29.410  1011  1189 I ASH     : @ 183861.599: tcs3701: stop power rail pending_off timer
11-24 15:43:29.410  1011  1189 D ASH     : @ 183861.599: tcs3701: start power rail timer, state:3
11-24 15:43:29.450  1011  1189 I ASH     : @ 183861.639: tcs3701: stop power rail pending_off timer
11-24 15:43:29.450  1011  1189 D ASH     : @ 183861.639: tcs3701: start power rail timer, state:3
11-24 15:43:29.471 10476 10510 I BatteryMgr:DataCollectionService: stats => 1700837009471,13427,4445,-6408,4168583,100
11-24 15:43:29.490  1011  1189 I ASH     : @ 183861.679: tcs3701: stop power rail pending_off timer
11-24 15:43:29.490  1011  1189 D ASH     : @ 183861.679: tcs3701: start power rail timer, state:3
11-24 15:43:29.530  1011  1189 I ASH     : @ 183861.719: tcs3701: stop power rail pending_off timer
11-24 15:43:29.530  1011  1189 D ASH     : @ 183861.719: tcs3701: start power rail timer, state:3
11-24 15:43:29.570  1011  1189 I ASH     : @ 183861.759: tcs3701: stop power rail pending_off timer
11-24 15:43:29.570  1011  1189 D ASH     : @ 183861.759: tcs3701: start power rail timer, state:3
11-24 15:43:29.576 10476 10510 I BatteryMgr:DataCollectionService: stats => 1700837009576,12207,4445,-6408,4168583,100
11-24 15:43:29.611  1011  1189 I ASH     : @ 183861.799: tcs3701: stop power rail pending_off timer
11-24 15:43:29.611  1011  1189 D ASH     : @ 183861.799: tcs3701: start power rail timer, state:3
11-24 15:43:29.650  1011  1189 I ASH     : @ 183861.839: tcs3701: stop power rail pending_off timer
11-24 15:43:29.650  1011  1189 D ASH     : @ 183861.839: tcs3701: start power rail timer, state:3
11-24 15:43:29.681 10476 10510 I BatteryMgr:DataCollectionService: stats => 1700837009681,-7629,4445,-6408,4168583,100
11-24 15:43:29.690  1011  1189 I ASH     : @ 183861.879: tcs3701: stop power rail pending_off timer
11-24 15:43:29.690  1011  1189 D ASH     : @ 183861.879: tcs3701: start power rail timer, state:3
11-24 15:43:29.721  1795  2424 D WifiClientModeImpl[13802:wlan0]: updateLinkLayerStatsRssiSpeedFrequencyCapabilities rssi=-46 TxLinkspeed=866 freq=5240 RxLinkSpeed=866
11-24 15:43:29.722  1795  2424 D WifiScoreCard: 1 lastSampleWeight=3/128 filterInKbps=61172 avgKbps=61172 filterOutKbps=61171
11-24 15:43:29.722  1795  2424 D WifiDataStall: tx tput in kbps: 729503
11-24 15:43:29.722  1795  2424 D WifiDataStall: rx tput in kbps: 767898
11-24 15:43:29.722  1795  2424 V WifiConfigManager: Updating scan detail cache freq=5240 BSSID=f4:6d:2f:12:cc:88 RSSI=-46 for "ourhome"WPA_PSK
11-24 15:43:29.722  1795  2424 D WifiChannelUtilization:  freq: 5240 onTime: 5526193 busyTime: 568086 onTimeDiff: 2151401 busyTimeDiff: 252387 utilization: 29 utilization t0: 26
11-24 15:43:29.722  1795  2424 D WifiDataStall:  ccaLevel = 29
11-24 15:43:29.722  2782  5906 D QCNEJ/WlanStaInfoRelay: Received action: android.net.wifi.RSSI_CHANGED
11-24 15:43:29.722  1795  2424 D WifiDataStall: L2 txTputKbps: 729503, rxTputKbps: 767898, L3 txTputKbps: 0, rxTputKbps: 0, TxTrafficHigh: false, RxTrafficHigh: false, Throughput Sufficient: true
11-24 15:43:29.723  2673  2740 V WifiManager: OnWifiUsabilityStatsListener: onWifiUsabilityStats: seqNum=53904
11-24 15:43:29.723  1795  2424 D WifiScoreReport: Wifi scoring disabled - Don't check IP layer
11-24 15:43:29.723  1795  2424 D WifiScoreCard: BSSID update SIGNAL_POLL ID: 1320464697 SSID: "ourhome", BSSID: f4:6d:2f:12:cc:88, MAC: b2:2f:ec:da:4a:0c, IP: /192.168.1.104, Security type: 2, Supplicant state: COMPLETED, Wi-Fi standard: 5, RSSI: -46, Link speed: 866Mbps, Tx Link speed: 866Mbps, Max Supported Tx Link speed: 866Mbps, Rx Link speed: 866Mbps, Max Supported Rx Link speed: 866Mbps, Frequency: 5240MHz, Net ID: 12, Metered hint: false, score: 60, isUsable: true, CarrierMerged: false, SubscriptionId: -1, IsPrimary: 1, Trusted: true, Restricted: false, Ephemeral: false, OEM paid: false, OEM private: false, OSU AP: false, FQDN: <none>, Provider friendly name: <none>, Requesting package name: <none>"ourhome"wpa2-pskMLO Information: , Is TID-To-Link negotiation supported by the AP: false, AP MLD Address: <none>, AP MLO Link Id: <none>, AP MLO Affiliated links: <none>
11-24 15:43:29.723  1795  2424 D WifiScoreCard: txRate: 3 txSpeed: 866
11-24 15:43:29.723  1795  2424 D WifiScoreCard: network update SIGNAL_POLL "ourhome" ID: 1499892569 RSSI -46 txSpeed -1
11-24 15:43:29.723  1795  2424 D WifiClientModeImpl[13802:wlan0]:  ClientModeImpl$L2ConnectedState screen=on 29 0 "ourhome" f4:6d:2f:12:cc:88 rssi=-46 f=5240 sc=60 link=866 tx=1.9, 0.1, 0.0 rx=7.5 bcn=1770879 [on:0 tx:0 rx:0 period:3015] from screen [on:916613 period:32251714] score=60
11-24 15:43:29.723  1795  2855 I WifiService: updateWifiUsabilityScore uid=10180 seqNum=53904 score=100 predictionHorizonSec=1441795
11-24 15:43:29.724  1795  2424 D WifiScoreReport: Wifi scoring disabled - Notify that Wifi is usable
11-24 15:43:29.727  1795  2432 D ConnectivityService: NetReassign [no changes] [c 1] [a 0] [i 1]
11-24 15:43:29.730  1011  1189 I ASH     : @ 183861.919: tcs3701: stop power rail pending_off timer
11-24 15:43:29.730  1011  1189 D ASH     : @ 183861.919: tcs3701: start power rail timer, state:3
11-24 15:43:29.770  1011  1189 I ASH     : @ 183861.959: tcs3701: stop power rail pending_off timer
11-24 15:43:29.770  1011  1189 D ASH     : @ 183861.959: tcs3701: start power rail timer, state:3
11-24 15:43:29.792 10476 10510 I BatteryMgr:DataCollectionService: stats => 1700837009791,12817,4445,-6408,4168583,100
11-24 15:43:29.811  1011  1189 I ASH     : @ 183861.999: tcs3701: stop power rail pending_off timer
11-24 15:43:29.811  1011  1189 D ASH     : @ 183861.999: tcs3701: start power rail timer, state:3
11-24 15:43:29.850  1011  1189 I ASH     : @ 183862.039: tcs3701: stop power rail pending_off timer
11-24 15:43:29.850  1011  1189 D ASH     : @ 183862.039: tcs3701: start power rail timer, state:3
11-24 15:43:29.890  1011  1189 I ASH     : @ 183862.079: tcs3701: stop power rail pending_off timer
11-24 15:43:29.890  1011  1189 D ASH     : @ 183862.079: tcs3701: start power rail timer, state:3
11-24 15:43:29.900 10476 10510 I BatteryMgr:DataCollectionService: stats => 1700837009900,-8850,4445,-6408,4168583,100
11-24 15:43:29.930  1011  1189 I ASH     : @ 183862.119: tcs3701: stop power rail pending_off timer
11-24 15:43:29.930  1011  1189 D ASH     : @ 183862.119: tcs3701: start power rail timer, state:3
11-24 15:43:29.970  1011  1189 I ASH     : @ 183862.159: tcs3701: stop power rail pending_off timer
11-24 15:43:29.970  1011  1189 D ASH     : @ 183862.159: tcs3701: start power rail timer, state:3
11-24 15:43:30.007 10476 10510 I BatteryMgr:DataCollectionService: stats => 1700837010007,-16479,4445,-6408,4168583,100
11-24 15:43:30.010  1011  1189 I ASH     : @ 183862.199: tcs3701: stop power rail pending_off timer
11-24 15:43:30.010  1011  1189 D ASH     : @ 183862.199: tcs3701: start power rail timer, state:3
11-24 15:43:30.050  1011  1189 I ASH     : @ 183862.239: tcs3701: stop power rail pending_off timer
11-24 15:43:30.050  1011  1189 D ASH     : @ 183862.239: tcs3701: start power rail timer, state:3
11-24 15:43:30.088  1795  2855 D ActivityManager: freezer override set to true
11-24 15:43:30.090  1011  1189 I ASH     : @ 183862.279: tcs3701: stop power rail pending_off timer
11-24 15:43:30.090  1011  1189 D ASH     : @ 183862.279: tcs3701: start power rail timer, state:3
11-24 15:43:30.097  1795  2855 D ActivityManager: freezer override set to false
11-24 15:43:30.115 10476 10510 I BatteryMgr:DataCollectionService: stats => 1700837010115,-101928,4445,-6408,4168583,100
11-24 15:43:30.130  1011  1189 I ASH     : @ 183862.319: tcs3701: stop power rail pending_off timer
11-24 15:43:30.130  1011  1189 D ASH     : @ 183862.319: tcs3701: start power rail timer, state:3
11-24 15:43:30.170  1011  1189 I ASH     : @ 183862.359: tcs3701: stop power rail pending_off timer
11-24 15:43:30.170  1011  1189 D ASH     : @ 183862.359: tcs3701: start power rail timer, state:3
11-24 15:43:30.210  1011  1189 I ASH     : @ 183862.399: tcs3701: stop power rail pending_off timer
11-24 15:43:30.210  1011  1189 D ASH     : @ 183862.399: tcs3701: start power rail timer, state:3
11-24 15:43:30.224 10476 10510 I BatteryMgr:DataCollectionService: stats => 1700837010224,0,4445,-6408,4168583,100
11-24 15:43:30.250  1011  1189 I ASH     : @ 183862.439: tcs3701: stop power rail pending_off timer
11-24 15:43:30.250  1011  1189 D ASH     : @ 183862.439: tcs3701: start power rail timer, state:3
11-24 15:43:30.271  1795  2855 D ActivityManager: freezer override set to true
11-24 15:43:30.290  1011  1189 I ASH     : @ 183862.479: tcs3701: stop power rail pending_off timer
11-24 15:43:30.290  1011  1189 D ASH     : @ 183862.479: tcs3701: start power rail timer, state:3
11-24 15:43:30.330  1011  1189 I ASH     : @ 183862.519: tcs3701: stop power rail pending_off timer
11-24 15:43:30.330  1011  1189 D ASH     : @ 183862.519: tcs3701: start power rail timer, state:3
11-24 15:43:30.333 10476 10510 I BatteryMgr:DataCollectionService: stats => 1700837010333,-35705,4445,-6408,4168583,100
11-24 15:43:30.370  1011  1189 I ASH     : @ 183862.559: tcs3701: stop power rail pending_off timer
11-24 15:43:30.370  1011  1189 D ASH     : @ 183862.559: tcs3701: start power rail timer, state:3
11-24 15:43:30.391 23290 23306 I m.chrome.canary: Explicit concurrent copying GC freed 3904(207KB) AllocSpace objects, 4(80KB) LOS objects, 75% free, 12MB/51MB, paused 211us,21us total 56.166ms
11-24 15:43:30.410  1011  1189 I ASH     : @ 183862.599: tcs3701: stop power rail pending_off timer
11-24 15:43:30.410  1011  1189 D ASH     : @ 183862.599: tcs3701: start power rail timer, state:3
11-24 15:43:30.440 10476 10510 I BatteryMgr:DataCollectionService: stats => 1700837010440,-7324,4445,-6408,4168583,100
11-24 15:43:30.447  1795  2855 D ActivityManager: freezer override set to false
11-24 15:43:30.450  1011  1189 I ASH     : @ 183862.639: tcs3701: stop power rail pending_off timer
11-24 15:43:30.450  1011  1189 D ASH     : @ 183862.639: tcs3701: start power rail timer, state:3
11-24 15:43:30.490  1011  1189 I ASH     : @ 183862.679: tcs3701: stop power rail pending_off timer
11-24 15:43:30.490  1011  1189 D ASH     : @ 183862.679: tcs3701: start power rail timer, state:3
11-24 15:43:30.503  1795  2855 D ActivityManager: freezer override set to true
11-24 15:43:30.507  1795  2855 D ActivityManager: freezer override set to false
11-24 15:43:30.530  1011  1189 I ASH     : @ 183862.719: tcs3701: stop power rail pending_off timer
11-24 15:43:30.530  1011  1189 D ASH     : @ 183862.719: tcs3701: start power rail timer, state:3
11-24 15:43:30.548 10476 10510 I BatteryMgr:DataCollectionService: stats => 1700837010548,9460,4445,-6408,4168583,100
11-24 15:43:30.570  1011  1189 I ASH     : @ 183862.759: tcs3701: stop power rail pending_off timer
11-24 15:43:30.570  1011  1189 D ASH     : @ 183862.759: tcs3701: start power rail timer, state:3
11-24 15:43:30.610  1011  1189 I ASH     : @ 183862.799: tcs3701: stop power rail pending_off timer
11-24 15:43:30.610  1011  1189 D ASH     : @ 183862.799: tcs3701: start power rail timer, state:3
11-24 15:43:30.650  1011  1189 I ASH     : @ 183862.839: tcs3701: stop power rail pending_off timer
11-24 15:43:30.650  1011  1189 D ASH     : @ 183862.839: tcs3701: start power rail timer, state:3
11-24 15:43:30.653 10476 10510 I BatteryMgr:DataCollectionService: stats => 1700837010653,12207,4445,-6408,4168583,100
11-24 15:43:30.690  1011  1189 I ASH     : @ 183862.879: tcs3701: stop power rail pending_off timer
11-24 15:43:30.690  1011  1189 D ASH     : @ 183862.879: tcs3701: start power rail timer, state:3
11-24 15:43:30.730  1011  1189 I ASH     : @ 183862.919: tcs3701: stop power rail pending_off timer
11-24 15:43:30.730  1011  1189 D ASH     : @ 183862.919: tcs3701: start power rail timer, state:3
11-24 15:43:30.760 10476 10510 I BatteryMgr:DataCollectionService: stats => 1700837010760,14953,4445,-6408,4168583,100
11-24 15:43:30.770  1011  1189 I ASH     : @ 183862.959: tcs3701: stop power rail pending_off timer
11-24 15:43:30.770  1011  1189 D ASH     : @ 183862.959: tcs3701: start power rail timer, state:3
11-24 15:43:30.810  1011  1189 I ASH     : @ 183862.999: tcs3701: stop power rail pending_off timer
11-24 15:43:30.810  1011  1189 D ASH     : @ 183862.999: tcs3701: start power rail timer, state:3
11-24 15:43:30.850  1011  1189 I ASH     : @ 183863.039: tcs3701: stop power rail pending_off timer
11-24 15:43:30.850  1011  1189 D ASH     : @ 183863.039: tcs3701: start power rail timer, state:3
11-24 15:43:30.866 10476 10510 I BatteryMgr:DataCollectionService: stats => 1700837010866,7324,4445,-6408,4168583,100
11-24 15:43:30.890  1011  1189 I ASH     : @ 183863.079: tcs3701: stop power rail pending_off timer
11-24 15:43:30.891  1011  1189 D ASH     : @ 183863.079: tcs3701: start power rail timer, state:3
11-24 15:43:30.930  1011  1189 I ASH     : @ 183863.119: tcs3701: stop power rail pending_off timer
11-24 15:43:30.930  1011  1189 D ASH     : @ 183863.119: tcs3701: start power rail timer, state:3
11-24 15:43:30.970  1011  1189 I ASH     : @ 183863.159: tcs3701: stop power rail pending_off timer
11-24 15:43:30.970  1011  1189 D ASH     : @ 183863.159: tcs3701: start power rail timer, state:3
11-24 15:43:30.972 10476 10510 I BatteryMgr:DataCollectionService: stats => 1700837010972,13427,4445,-6408,4168583,100
11-24 15:43:31.010  1011  1189 I ASH     : @ 183863.199: tcs3701: stop power rail pending_off timer
11-24 15:43:31.010  1011  1189 D ASH     : @ 183863.199: tcs3701: start power rail timer, state:3
11-24 15:43:31.050  1011  1189 I ASH     : @ 183863.239: tcs3701: stop power rail pending_off timer
11-24 15:43:31.050  1011  1189 D ASH     : @ 183863.239: tcs3701: start power rail timer, state:3
11-24 15:43:31.075  1795  4168 D ActivityManager: freezer override set to true
11-24 15:43:31.081  1795  4168 D ActivityManager: freezer override set to false
11-24 15:43:31.083 10476 10510 I BatteryMgr:DataCollectionService: stats => 1700837011083,14953,4445,-6408,4168583,100
11-24 15:43:31.090  1011  1189 I ASH     : @ 183863.279: tcs3701: stop power rail pending_off timer
11-24 15:43:31.090  1011  1189 D ASH     : @ 183863.279: tcs3701: start power rail timer, state:3
11-24 15:43:31.130  1011  1189 I ASH     : @ 183863.319: tcs3701: stop power rail pending_off timer
11-24 15:43:31.130  1011  1189 D ASH     : @ 183863.319: tcs3701: start power rail timer, state:3
11-24 15:43:31.170  1011  1189 I ASH     : @ 183863.359: tcs3701: stop power rail pending_off timer
11-24 15:43:31.170  1011  1189 D ASH     : @ 183863.359: tcs3701: start power rail timer, state:3
11-24 15:43:31.188 10476 10510 I BatteryMgr:DataCollectionService: stats => 1700837011188,14648,4445,-6408,4168583,100
11-24 15:43:31.210  1011  1189 I ASH     : @ 183863.399: tcs3701: stop power rail pending_off timer
11-24 15:43:31.210  1011  1189 D ASH     : @ 183863.399: tcs3701: start power rail timer, state:3
11-24 15:43:31.244  3604  4216 I bbqr    : (REDACTED) getHotwordActive::active query: %s, watch: %s, devices connected: %s
11-24 15:43:31.250  1011  1189 I ASH     : @ 183863.439: tcs3701: stop power rail pending_off timer
11-24 15:43:31.250  1011  1189 D ASH     : @ 183863.439: tcs3701: start power rail timer, state:3
11-24 15:43:31.290  1011  1189 I ASH     : @ 183863.479: tcs3701: stop power rail pending_off timer
11-24 15:43:31.290  1011  1189 D ASH     : @ 183863.479: tcs3701: start power rail timer, state:3
11-24 15:43:31.296 10476 10510 I BatteryMgr:DataCollectionService: stats => 1700837011295,14343,4445,-6408,4168583,100
11-24 15:43:31.330  1011  1189 I ASH     : @ 183863.519: tcs3701: stop power rail pending_off timer
11-24 15:43:31.330  1011  1189 D ASH     : @ 183863.519: tcs3701: start power rail timer, state:3
11-24 15:43:31.370  1011  1189 I ASH     : @ 183863.559: tcs3701: stop power rail pending_off timer
11-24 15:43:31.370  1011  1189 D ASH     : @ 183863.559: tcs3701: start power rail timer, state:3
11-24 15:43:31.404 10476 10510 I BatteryMgr:DataCollectionService: stats => 1700837011404,12817,4445,-6408,4168583,100
11-24 15:43:31.410  1011  1189 I ASH     : @ 183863.599: tcs3701: stop power rail pending_off timer
11-24 15:43:31.410  1011  1189 D ASH     : @ 183863.599: tcs3701: start power rail timer, state:3
11-24 15:43:31.450  1011  1189 I ASH     : @ 183863.639: tcs3701: stop power rail pending_off timer
11-24 15:43:31.450  1011  1189 D ASH     : @ 183863.639: tcs3701: start power rail timer, state:3
11-24 15:43:31.490  1011  1189 I ASH     : @ 183863.679: tcs3701: stop power rail pending_off timer
11-24 15:43:31.490  1011  1189 D ASH     : @ 183863.679: tcs3701: start power rail timer, state:3
11-24 15:43:31.510 10476 10510 I BatteryMgr:DataCollectionService: stats => 1700837011510,15869,4445,-6408,4168583,100
11-24 15:43:31.530  1011  1189 I ASH     : @ 183863.719: tcs3701: stop power rail pending_off timer
11-24 15:43:31.530  1011  1189 D ASH     : @ 183863.719: tcs3701: start power rail timer, state:3
11-24 15:43:31.570  1011  1189 I ASH     : @ 183863.759: tcs3701: stop power rail pending_off timer
11-24 15:43:31.570  1011  1189 D ASH     : @ 183863.759: tcs3701: start power rail timer, state:3
11-24 15:43:31.610  1011  1189 I ASH     : @ 183863.799: tcs3701: stop power rail pending_off timer
11-24 15:43:31.610  1011  1189 D ASH     : @ 183863.799: tcs3701: start power rail timer, state:3
11-24 15:43:31.614 10476 10510 I BatteryMgr:DataCollectionService: stats => 1700837011614,15258,4445,-6408,4168583,100
11-24 15:43:31.650  1011  1189 I ASH     : @ 183863.839: tcs3701: stop power rail pending_off timer
11-24 15:43:31.650  1011  1189 D ASH     : @ 183863.839: tcs3701: start power rail timer, state:3
11-24 15:43:31.677  1795  2855 D ActivityManager: freezer override set to true
11-24 15:43:31.690  1011  1189 I ASH     : @ 183863.879: tcs3701: stop power rail pending_off timer
11-24 15:43:31.690  1011  1189 D ASH     : @ 183863.879: tcs3701: start power rail timer, state:3
11-24 15:43:31.723 10476 10510 I BatteryMgr:DataCollectionService: stats => 1700837011722,11291,4445,-6408,4168583,100
11-24 15:43:31.730  1011  1189 I ASH     : @ 183863.919: tcs3701: stop power rail pending_off timer
11-24 15:43:31.730  1011  1189 D ASH     : @ 183863.919: tcs3701: start power rail timer, state:3
11-24 15:43:31.770  1011  1189 I ASH     : @ 183863.959: tcs3701: stop power rail pending_off timer
11-24 15:43:31.770  1011  1189 D ASH     : @ 183863.959: tcs3701: start power rail timer, state:3
11-24 15:43:31.780 23290 23306 I m.chrome.canary: Explicit concurrent copying GC freed 3656(192KB) AllocSpace objects, 3(60KB) LOS objects, 75% free, 12MB/51MB, paused 29us,21us total 47.993ms
11-24 15:43:31.810  1011  1189 I ASH     : @ 183863.999: tcs3701: stop power rail pending_off timer
11-24 15:43:31.810  1011  1189 D ASH     : @ 183863.999: tcs3701: start power rail timer, state:3
11-24 15:43:31.832 10476 10510 I BatteryMgr:DataCollectionService: stats => 1700837011832,10986,4445,-6408,4168583,100
11-24 15:43:31.836  1795  2855 D ActivityManager: freezer override set to false
11-24 15:43:31.850  1011  1189 I ASH     : @ 183864.039: tcs3701: stop power rail pending_off timer
11-24 15:43:31.850  1011  1189 D ASH     : @ 183864.039: tcs3701: start power rail timer, state:3
11-24 15:43:31.885  1795  2855 D ActivityManager: freezer override set to true
11-24 15:43:31.888  1795  2855 D ActivityManager: freezer override set to false
11-24 15:43:31.890  1011  1189 I ASH     : @ 183864.079: tcs3701: stop power rail pending_off timer
11-24 15:43:31.890  1011  1189 D ASH     : @ 183864.079: tcs3701: start power rail timer, state:3
11-24 15:43:31.930  1011  1189 I ASH     : @ 183864.119: tcs3701: stop power rail pending_off timer
11-24 15:43:31.930  1011  1189 D ASH     : @ 183864.119: tcs3701: start power rail timer, state:3
11-24 15:43:31.938 10476 10510 I BatteryMgr:DataCollectionService: stats => 1700837011938,14343,4445,-6408,4168583,100
11-24 15:43:31.970  1011  1189 I ASH     : @ 183864.159: tcs3701: stop power rail pending_off timer
11-24 15:43:31.970  1011  1189 D ASH     : @ 183864.159: tcs3701: start power rail timer, state:3
11-24 15:43:32.010  1011  1189 I ASH     : @ 183864.199: tcs3701: stop power rail pending_off timer
11-24 15:43:32.010  1011  1189 D ASH     : @ 183864.199: tcs3701: start power rail timer, state:3
11-24 15:43:32.044 10476 10510 I BatteryMgr:DataCollectionService: stats => 1700837012044,16784,4445,-6408,4168583,100
11-24 15:43:32.050  1011  1189 I ASH     : @ 183864.239: tcs3701: stop power rail pending_off timer
11-24 15:43:32.050  1011  1189 D ASH     : @ 183864.239: tcs3701: start power rail timer, state:3
11-24 15:43:32.077  1795  2855 D ActivityManager: freezer override set to true
11-24 15:43:32.082  1795  2855 D ActivityManager: freezer override set to false
11-24 15:43:32.090  1011  1189 I ASH     : @ 183864.279: tcs3701: stop power rail pending_off timer
11-24 15:43:32.090  1011  1189 D ASH     : @ 183864.279: tcs3701: start power rail timer, state:3
11-24 15:43:32.130  1011  1189 I ASH     : @ 183864.319: tcs3701: stop power rail pending_off timer
11-24 15:43:32.130  1011  1189 D ASH     : @ 183864.319: tcs3701: start power rail timer, state:3
11-24 15:43:32.151 10476 10510 I BatteryMgr:DataCollectionService: stats => 1700837012151,12817,4445,-6408,4168583,100
11-24 15:43:32.171  1011  1189 I ASH     : @ 183864.359: tcs3701: stop power rail pending_off timer
11-24 15:43:32.171  1011  1189 D ASH     : @ 183864.359: tcs3701: start power rail timer, state:3
11-24 15:43:32.210  1011  1189 I ASH     : @ 183864.399: tcs3701: stop power rail pending_off timer
11-24 15:43:32.211  1011  1189 D ASH     : @ 183864.399: tcs3701: start power rail timer, state:3
11-24 15:43:32.250  1011  1189 I ASH     : @ 183864.439: tcs3701: stop power rail pending_off timer
11-24 15:43:32.250  1011  1189 D ASH     : @ 183864.439: tcs3701: start power rail timer, state:3
11-24 15:43:32.257 10476 10510 I BatteryMgr:DataCollectionService: stats => 1700837012257,16174,4445,-6408,4168583,100
11-24 15:43:32.290  1011  1189 I ASH     : @ 183864.479: tcs3701: stop power rail pending_off timer
11-24 15:43:32.290  1011  1189 D ASH     : @ 183864.479: tcs3701: start power rail timer, state:3
11-24 15:43:32.330  1011  1189 I ASH     : @ 183864.519: tcs3701: stop power rail pending_off timer
11-24 15:43:32.330  1011  1189 D ASH     : @ 183864.519: tcs3701: start power rail timer, state:3
11-24 15:43:32.363 10476 10510 I BatteryMgr:DataCollectionService: stats => 1700837012363,7629,4445,-6408,4168583,100
11-24 15:43:32.370  1011  1189 I ASH     : @ 183864.559: tcs3701: stop power rail pending_off timer
11-24 15:43:32.370  1011  1189 D ASH     : @ 183864.559: tcs3701: start power rail timer, state:3
11-24 15:43:32.410  1011  1189 I ASH     : @ 183864.599: tcs3701: stop power rail pending_off timer
11-24 15:43:32.410  1011  1189 D ASH     : @ 183864.599: tcs3701: start power rail timer, state:3
11-24 15:43:32.450  1011  1189 I ASH     : @ 183864.639: tcs3701: stop power rail pending_off timer
11-24 15:43:32.450  1011  1189 D ASH     : @ 183864.639: tcs3701: start power rail timer, state:3
11-24 15:43:32.469 10476 10510 I BatteryMgr:DataCollectionService: stats => 1700837012469,10070,4445,-6408,4168583,100
11-24 15:43:32.490  1011  1189 I ASH     : @ 183864.679: tcs3701: stop power rail pending_off timer
11-24 15:43:32.490  1011  1189 D ASH     : @ 183864.679: tcs3701: start power rail timer, state:3
11-24 15:43:32.530  1011  1189 I ASH     : @ 183864.719: tcs3701: stop power rail pending_off timer
11-24 15:43:32.530  1011  1189 D ASH     : @ 183864.719: tcs3701: start power rail timer, state:3
11-24 15:43:32.570  1011  1189 I ASH     : @ 183864.759: tcs3701: stop power rail pending_off timer
11-24 15:43:32.570  1011  1189 D ASH     : @ 183864.759: tcs3701: start power rail timer, state:3
11-24 15:43:32.575 10476 10510 I BatteryMgr:DataCollectionService: stats => 1700837012574,12512,4445,-6408,4168583,100
11-24 15:43:32.610  1011  1189 I ASH     : @ 183864.799: tcs3701: stop power rail pending_off timer
11-24 15:43:32.610  1011  1189 D ASH     : @ 183864.799: tcs3701: start power rail timer, state:3
11-24 15:43:32.650  1011  1189 I ASH     : @ 183864.839: tcs3701: stop power rail pending_off timer
11-24 15:43:32.650  1011  1189 D ASH     : @ 183864.839: tcs3701: start power rail timer, state:3
11-24 15:43:32.680 10476 10510 I BatteryMgr:DataCollectionService: stats => 1700837012680,-8544,4445,-6408,4168583,100
11-24 15:43:32.690  1011  1189 I ASH     : @ 183864.879: tcs3701: stop power rail pending_off timer
11-24 15:43:32.690  1011  1189 D ASH     : @ 183864.879: tcs3701: start power rail timer, state:3
11-24 15:43:32.730  1011  1189 I ASH     : @ 183864.919: tcs3701: stop power rail pending_off timer
11-24 15:43:32.730  1011  1189 D ASH     : @ 183864.919: tcs3701: start power rail timer, state:3
11-24 15:43:32.737  1795  2424 D WifiClientModeImpl[13802:wlan0]: updateLinkLayerStatsRssiSpeedFrequencyCapabilities rssi=-46 TxLinkspeed=866 freq=5240 RxLinkSpeed=866
11-24 15:43:32.737  1795  2424 D WifiScoreCard: 1 lastSampleWeight=2/128 filterInKbps=61172 avgKbps=61172 filterOutKbps=61171
11-24 15:43:32.737  1795  2424 D WifiDataStall: tx tput in kbps: 729503
11-24 15:43:32.737  1795  2424 D WifiDataStall: rx tput in kbps: 767898
