11-26 23:06:01.383  1795  2424 D WifiScoreCard: BSSID update SIGNAL_POLL ID: 1320464697 SSID: "ourhome", BSSID: f4:6d:2f:12:cc:88, MAC: b2:2f:ec:da:4a:0c, IP: /192.168.1.104, Security type: 2, Supplicant state: COMPLETED, Wi-Fi standard: 5, RSSI: -44, Link speed: 780Mbps, Tx Link speed: 780Mbps, Max Supported Tx Link speed: 866Mbps, Rx Link speed: 6Mbps, Max Supported Rx Link speed: 866Mbps, Frequency: 5240MHz, Net ID: 12, Metered hint: false, score: 60, isUsable: true, CarrierMerged: false, SubscriptionId: -1, IsPrimary: 1, Trusted: true, Restricted: false, Ephemeral: false, OEM paid: false, OEM private: false, OSU AP: false, FQDN: <none>, Provider friendly name: <none>, Requesting package name: <none>"ourhome"wpa2-pskMLO Information: , Is TID-To-Link negotiation supported by the AP: false, AP MLD Address: <none>, AP MLO Link Id: <none>, AP MLO Affiliated links: <none>
11-26 23:06:01.383  1795  2424 D WifiScoreCard: txRate: 1 txSpeed: 780
11-26 23:06:01.383  1795  2424 D WifiScoreCard: network update SIGNAL_POLL "ourhome" ID: 1499892569 RSSI -44 txSpeed -1
11-26 23:06:01.384  1795  2424 D WifiClientModeImpl[13802:wlan0]:  ClientModeImpl$L2ConnectedState screen=on 37 0 "ourhome" f4:6d:2f:12:cc:88 rssi=-44 f=5240 sc=60 link=780 tx=0.2, 0.0, 0.0 rx=0.2 bcn=3627809 [on:231 tx:1 rx:1 period:3017] from screen [on:1219473 period:23926670] score=60
11-26 23:06:01.384  1795  2424 D WifiScoreReport: Wifi scoring disabled - Notify that Wifi is usable
11-26 23:06:01.388  1795  2432 D ConnectivityService: NetReassign [no changes] [c 0] [a 0] [i 2]
11-26 23:06:01.392  1011  1189 I ASH     : @ 383213.563: tcs3701: stop power rail pending_off timer
11-26 23:06:01.392  1011  1189 D ASH     : @ 383213.563: tcs3701: start power rail timer, state:3
11-26 23:06:01.408  8427  8469 I BatteryMgr:DataCollectionService: stats => 1701036361408,13732,4443,2136,4169000,100
11-26 23:06:01.432  1011  1189 I ASH     : @ 383213.603: tcs3701: stop power rail pending_off timer
11-26 23:06:01.432  1011  1189 D ASH     : @ 383213.603: tcs3701: start power rail timer, state:3
11-26 23:06:01.472  1011  1189 I ASH     : @ 383213.643: tcs3701: stop power rail pending_off timer
11-26 23:06:01.472  1011  1189 D ASH     : @ 383213.643: tcs3701: start power rail timer, state:3
11-26 23:06:01.512  1011  1189 I ASH     : @ 383213.683: tcs3701: stop power rail pending_off timer
11-26 23:06:01.512  1011  1189 D ASH     : @ 383213.683: tcs3701: start power rail timer, state:3
11-26 23:06:01.514  8427  8469 I BatteryMgr:DataCollectionService: stats => 1701036361514,13732,4443,2136,4169000,100
11-26 23:06:01.552  1011  1189 I ASH     : @ 383213.723: tcs3701: stop power rail pending_off timer
11-26 23:06:01.552  1011  1189 D ASH     : @ 383213.723: tcs3701: start power rail timer, state:3
11-26 23:06:01.592  1011  1189 I ASH     : @ 383213.763: tcs3701: stop power rail pending_off timer
11-26 23:06:01.592  1011  1189 D ASH     : @ 383213.763: tcs3701: start power rail timer, state:3
11-26 23:06:01.620  8427  8469 I BatteryMgr:DataCollectionService: stats => 1701036361620,13732,4443,2136,4169000,100
11-26 23:06:01.632  1011  1189 I ASH     : @ 383213.803: tcs3701: stop power rail pending_off timer
11-26 23:06:01.632  1011  1189 D ASH     : @ 383213.803: tcs3701: start power rail timer, state:3
11-26 23:06:01.672  1011  1189 I ASH     : @ 383213.843: tcs3701: stop power rail pending_off timer
11-26 23:06:01.672  1011  1189 D ASH     : @ 383213.843: tcs3701: start power rail timer, state:3
11-26 23:06:01.712  1011  1189 I ASH     : @ 383213.883: tcs3701: stop power rail pending_off timer
11-26 23:06:01.712  1011  1189 D ASH     : @ 383213.883: tcs3701: start power rail timer, state:3
11-26 23:06:01.727  8427  8469 I BatteryMgr:DataCollectionService: stats => 1701036361727,13732,4443,2136,4169000,100
11-26 23:06:01.744  1795  3759 D ActivityManager: freezer override set to true
11-26 23:06:01.750  1795  3759 D ActivityManager: freezer override set to false
11-26 23:06:01.752  1011  1189 I ASH     : @ 383213.923: tcs3701: stop power rail pending_off timer
11-26 23:06:01.752  1011  1189 D ASH     : @ 383213.923: tcs3701: start power rail timer, state:3
11-26 23:06:01.792  1011  1189 I ASH     : @ 383213.963: tcs3701: stop power rail pending_off timer
11-26 23:06:01.792  1011  1189 D ASH     : @ 383213.963: tcs3701: start power rail timer, state:3
11-26 23:06:01.832  1011  1189 I ASH     : @ 383214.003: tcs3701: stop power rail pending_off timer
11-26 23:06:01.832  1011  1189 D ASH     : @ 383214.003: tcs3701: start power rail timer, state:3
11-26 23:06:01.833  8427  8469 I BatteryMgr:DataCollectionService: stats => 1701036361833,13732,4443,2136,4169000,100
11-26 23:06:01.872  1011  1189 I ASH     : @ 383214.043: tcs3701: stop power rail pending_off timer
11-26 23:06:01.872  1011  1189 D ASH     : @ 383214.043: tcs3701: start power rail timer, state:3
11-26 23:06:01.912  1011  1189 I ASH     : @ 383214.083: tcs3701: stop power rail pending_off timer
11-26 23:06:01.912  1011  1189 D ASH     : @ 383214.083: tcs3701: start power rail timer, state:3
11-26 23:06:01.938  8427  8469 I BatteryMgr:DataCollectionService: stats => 1701036361938,13732,4443,2136,4169000,100
11-26 23:06:01.952  1011  1189 I ASH     : @ 383214.123: tcs3701: stop power rail pending_off timer
11-26 23:06:01.952  1011  1189 D ASH     : @ 383214.123: tcs3701: start power rail timer, state:3
11-26 23:06:01.992  1011  1189 I ASH     : @ 383214.163: tcs3701: stop power rail pending_off timer
11-26 23:06:01.992  1011  1189 D ASH     : @ 383214.163: tcs3701: start power rail timer, state:3
11-26 23:06:02.032  1011  1189 I ASH     : @ 383214.203: tcs3701: stop power rail pending_off timer
11-26 23:06:02.032  1011  1189 D ASH     : @ 383214.203: tcs3701: start power rail timer, state:3
11-26 23:06:02.044  8427  8469 I BatteryMgr:DataCollectionService: stats => 1701036362044,13732,4443,2136,4169000,100
11-26 23:06:02.055  2113  2118 I pixel-thermal: skin-therm-monitor: 40.823
11-26 23:06:02.072  1011  1189 I ASH     : @ 383214.243: tcs3701: stop power rail pending_off timer
11-26 23:06:02.072  1011  1189 D ASH     : @ 383214.243: tcs3701: start power rail timer, state:3
11-26 23:06:02.112  1011  1189 I ASH     : @ 383214.283: tcs3701: stop power rail pending_off timer
11-26 23:06:02.112  1011  1189 D ASH     : @ 383214.283: tcs3701: start power rail timer, state:3
11-26 23:06:02.151  8427  8469 I BatteryMgr:DataCollectionService: stats => 1701036362151,13732,4443,2136,4169000,100
11-26 23:06:02.152  1011  1189 I ASH     : @ 383214.323: tcs3701: stop power rail pending_off timer
11-26 23:06:02.152  1011  1189 D ASH     : @ 383214.323: tcs3701: start power rail timer, state:3
11-26 23:06:02.192  1011  1189 I ASH     : @ 383214.363: tcs3701: stop power rail pending_off timer
11-26 23:06:02.192  1011  1189 D ASH     : @ 383214.363: tcs3701: start power rail timer, state:3
11-26 23:06:02.232  1011  1189 I ASH     : @ 383214.403: tcs3701: stop power rail pending_off timer
11-26 23:06:02.232  1011  1189 D ASH     : @ 383214.403: tcs3701: start power rail timer, state:3
11-26 23:06:02.259  8427  8469 I BatteryMgr:DataCollectionService: stats => 1701036362258,13732,4443,2136,4169000,100
11-26 23:06:02.269  1795  3759 D ActivityManager: freezer override set to true
11-26 23:06:02.272  1011  1189 I ASH     : @ 383214.443: tcs3701: stop power rail pending_off timer
11-26 23:06:02.272  1011  1189 D ASH     : @ 383214.443: tcs3701: start power rail timer, state:3
11-26 23:06:02.312  1011  1189 I ASH     : @ 383214.483: tcs3701: stop power rail pending_off timer
11-26 23:06:02.312  1011  1189 D ASH     : @ 383214.483: tcs3701: start power rail timer, state:3
11-26 23:06:02.352  1011  1189 I ASH     : @ 383214.523: tcs3701: stop power rail pending_off timer
11-26 23:06:02.352  1011  1189 D ASH     : @ 383214.523: tcs3701: start power rail timer, state:3
11-26 23:06:02.365  8427  8469 I BatteryMgr:DataCollectionService: stats => 1701036362365,13732,4443,2136,4169000,100
11-26 23:06:02.373  5869  5885 I m.chrome.canary: Explicit concurrent copying GC freed 3839(192KB) AllocSpace objects, 4(80KB) LOS objects, 75% free, 14MB/57MB, paused 34us,22us total 58.117ms
11-26 23:06:02.392  1011  1189 I ASH     : @ 383214.563: tcs3701: stop power rail pending_off timer
11-26 23:06:02.392  1011  1189 D ASH     : @ 383214.563: tcs3701: start power rail timer, state:3
11-26 23:06:02.432  1011  1189 I ASH     : @ 383214.603: tcs3701: stop power rail pending_off timer
11-26 23:06:02.432  1011  1189 D ASH     : @ 383214.603: tcs3701: start power rail timer, state:3
11-26 23:06:02.441  1795  3759 D ActivityManager: freezer override set to false
11-26 23:06:02.472  1011  1189 I ASH     : @ 383214.643: tcs3701: stop power rail pending_off timer
11-26 23:06:02.472  1011  1189 D ASH     : @ 383214.643: tcs3701: start power rail timer, state:3
11-26 23:06:02.472  8427  8469 I BatteryMgr:DataCollectionService: stats => 1701036362472,13732,4443,2136,4169000,100
11-26 23:06:02.492  1795  3759 D ActivityManager: freezer override set to true
11-26 23:06:02.495  1795  3759 D ActivityManager: freezer override set to false
11-26 23:06:02.513  1011  1189 I ASH     : @ 383214.683: tcs3701: stop power rail pending_off timer
11-26 23:06:02.513  1011  1189 D ASH     : @ 383214.683: tcs3701: start power rail timer, state:3
11-26 23:06:02.532  1795  3759 D ActivityManager: freezer override set to true
11-26 23:06:02.535  1795  3759 D ActivityManager: freezer override set to false
11-26 23:06:02.552  1011  1189 I ASH     : @ 383214.723: tcs3701: stop power rail pending_off timer
11-26 23:06:02.552  1011  1189 D ASH     : @ 383214.723: tcs3701: start power rail timer, state:3
11-26 23:06:02.577  8427  8469 I BatteryMgr:DataCollectionService: stats => 1701036362577,13732,4443,2136,4169000,100
11-26 23:06:02.593  1011  1189 I ASH     : @ 383214.763: tcs3701: stop power rail pending_off timer
11-26 23:06:02.593  1011  1189 D ASH     : @ 383214.763: tcs3701: start power rail timer, state:3
11-26 23:06:02.632  1011  1189 I ASH     : @ 383214.803: tcs3701: stop power rail pending_off timer
11-26 23:06:02.632  1011  1189 D ASH     : @ 383214.803: tcs3701: start power rail timer, state:3
11-26 23:06:02.672  1011  1189 I ASH     : @ 383214.843: tcs3701: stop power rail pending_off timer
11-26 23:06:02.672  1011  1189 D ASH     : @ 383214.843: tcs3701: start power rail timer, state:3
11-26 23:06:02.682  8427  8469 I BatteryMgr:DataCollectionService: stats => 1701036362682,13732,4443,2136,4169000,100
11-26 23:06:02.712  1011  1189 I ASH     : @ 383214.883: tcs3701: stop power rail pending_off timer
11-26 23:06:02.712  1011  1189 D ASH     : @ 383214.883: tcs3701: start power rail timer, state:3
11-26 23:06:02.738  1795  3759 D ActivityManager: freezer override set to true
11-26 23:06:02.743  1795  3759 D ActivityManager: freezer override set to false
11-26 23:06:02.752  1011  1189 I ASH     : @ 383214.923: tcs3701: stop power rail pending_off timer
11-26 23:06:02.752  1011  1189 D ASH     : @ 383214.923: tcs3701: start power rail timer, state:3
11-26 23:06:02.789  8427  8469 I BatteryMgr:DataCollectionService: stats => 1701036362789,13732,4443,2136,4169000,100
11-26 23:06:02.792  1011  1189 I ASH     : @ 383214.963: tcs3701: stop power rail pending_off timer
11-26 23:06:02.792  1011  1189 D ASH     : @ 383214.963: tcs3701: start power rail timer, state:3
11-26 23:06:02.832  1011  1189 I ASH     : @ 383215.003: tcs3701: stop power rail pending_off timer
11-26 23:06:02.832  1011  1189 D ASH     : @ 383215.003: tcs3701: start power rail timer, state:3
11-26 23:06:02.872  1011  1189 I ASH     : @ 383215.043: tcs3701: stop power rail pending_off timer
11-26 23:06:02.872  1011  1189 D ASH     : @ 383215.043: tcs3701: start power rail timer, state:3
11-26 23:06:02.895  8427  8469 I BatteryMgr:DataCollectionService: stats => 1701036362895,13732,4443,2136,4169000,100
11-26 23:06:02.912  1011  1189 I ASH     : @ 383215.083: tcs3701: stop power rail pending_off timer
11-26 23:06:02.912  1011  1189 D ASH     : @ 383215.083: tcs3701: start power rail timer, state:3
11-26 23:06:02.952  1011  1189 I ASH     : @ 383215.123: tcs3701: stop power rail pending_off timer
11-26 23:06:02.952  1011  1189 D ASH     : @ 383215.123: tcs3701: start power rail timer, state:3
11-26 23:06:02.992  1011  1189 I ASH     : @ 383215.163: tcs3701: stop power rail pending_off timer
11-26 23:06:02.992  1011  1189 D ASH     : @ 383215.163: tcs3701: start power rail timer, state:3
11-26 23:06:03.002  8427  8469 I BatteryMgr:DataCollectionService: stats => 1701036363002,13732,4443,2136,4169000,100
11-26 23:06:03.032  1011  1189 I ASH     : @ 383215.203: tcs3701: stop power rail pending_off timer
11-26 23:06:03.032  1011  1189 D ASH     : @ 383215.203: tcs3701: start power rail timer, state:3
11-26 23:06:03.072  1011  1189 I ASH     : @ 383215.243: tcs3701: stop power rail pending_off timer
11-26 23:06:03.072  1011  1189 D ASH     : @ 383215.243: tcs3701: start power rail timer, state:3
11-26 23:06:03.110  8427  8469 I BatteryMgr:DataCollectionService: stats => 1701036363110,13732,4443,2136,4169000,100
11-26 23:06:03.112  1011  1189 I ASH     : @ 383215.283: tcs3701: stop power rail pending_off timer
11-26 23:06:03.112  1011  1189 D ASH     : @ 383215.283: tcs3701: start power rail timer, state:3
11-26 23:06:03.152  1011  1189 I ASH     : @ 383215.323: tcs3701: stop power rail pending_off timer
11-26 23:06:03.152  1011  1189 D ASH     : @ 383215.323: tcs3701: start power rail timer, state:3
11-26 23:06:03.192  1011  1189 I ASH     : @ 383215.363: tcs3701: stop power rail pending_off timer
11-26 23:06:03.192  1011  1189 D ASH     : @ 383215.363: tcs3701: start power rail timer, state:3
11-26 23:06:03.218  8427  8469 I BatteryMgr:DataCollectionService: stats => 1701036363218,13732,4443,2136,4169000,100
11-26 23:06:03.232  1011  1189 I ASH     : @ 383215.403: tcs3701: stop power rail pending_off timer
11-26 23:06:03.232  1011  1189 D ASH     : @ 383215.403: tcs3701: start power rail timer, state:3
11-26 23:06:03.272  1011  1189 I ASH     : @ 383215.443: tcs3701: stop power rail pending_off timer
11-26 23:06:03.272  1011  1189 D ASH     : @ 383215.443: tcs3701: start power rail timer, state:3
11-26 23:06:03.312  1011  1189 I ASH     : @ 383215.483: tcs3701: stop power rail pending_off timer
11-26 23:06:03.312  1011  1189 D ASH     : @ 383215.483: tcs3701: start power rail timer, state:3
11-26 23:06:03.324  8427  8469 I BatteryMgr:DataCollectionService: stats => 1701036363324,13732,4443,2136,4169000,100
11-26 23:06:03.352  1011  1189 I ASH     : @ 383215.523: tcs3701: stop power rail pending_off timer
11-26 23:06:03.352  1011  1189 D ASH     : @ 383215.523: tcs3701: start power rail timer, state:3
11-26 23:06:03.392  1011  1189 I ASH     : @ 383215.563: tcs3701: stop power rail pending_off timer
11-26 23:06:03.392  1011  1189 D ASH     : @ 383215.563: tcs3701: start power rail timer, state:3
11-26 23:06:03.430  8427  8469 I BatteryMgr:DataCollectionService: stats => 1701036363430,13732,4443,2136,4169000,100
11-26 23:06:03.432  1011  1189 I ASH     : @ 383215.603: tcs3701: stop power rail pending_off timer
11-26 23:06:03.432  1011  1189 D ASH     : @ 383215.603: tcs3701: start power rail timer, state:3
11-26 23:06:03.472  1011  1189 I ASH     : @ 383215.643: tcs3701: stop power rail pending_off timer
11-26 23:06:03.472  1011  1189 D ASH     : @ 383215.643: tcs3701: start power rail timer, state:3
11-26 23:06:03.512  1011  1189 I ASH     : @ 383215.683: tcs3701: stop power rail pending_off timer
11-26 23:06:03.512  1011  1189 D ASH     : @ 383215.683: tcs3701: start power rail timer, state:3
11-26 23:06:03.539  8427  8469 I BatteryMgr:DataCollectionService: stats => 1701036363539,13732,4443,2136,4169000,100
11-26 23:06:03.552  1011  1189 I ASH     : @ 383215.723: tcs3701: stop power rail pending_off timer
11-26 23:06:03.552  1011  1189 D ASH     : @ 383215.723: tcs3701: start power rail timer, state:3
11-26 23:06:03.592  1011  1189 I ASH     : @ 383215.763: tcs3701: stop power rail pending_off timer
11-26 23:06:03.592  1011  1189 D ASH     : @ 383215.763: tcs3701: start power rail timer, state:3
11-26 23:06:03.632  1011  1189 I ASH     : @ 383215.803: tcs3701: stop power rail pending_off timer
11-26 23:06:03.632  1011  1189 D ASH     : @ 383215.803: tcs3701: start power rail timer, state:3
11-26 23:06:03.647  8427  8469 I BatteryMgr:DataCollectionService: stats => 1701036363647,13732,4443,2136,4169000,100
11-26 23:06:03.672  1011  1189 I ASH     : @ 383215.843: tcs3701: stop power rail pending_off timer
11-26 23:06:03.672  1011  1189 D ASH     : @ 383215.843: tcs3701: start power rail timer, state:3
11-26 23:06:03.702  1795  3759 D ActivityManager: freezer override set to true
11-26 23:06:03.712  1011  1189 I ASH     : @ 383215.883: tcs3701: stop power rail pending_off timer
11-26 23:06:03.712  1011  1189 D ASH     : @ 383215.883: tcs3701: start power rail timer, state:3
11-26 23:06:03.752  1011  1189 I ASH     : @ 383215.923: tcs3701: stop power rail pending_off timer
11-26 23:06:03.752  1011  1189 D ASH     : @ 383215.923: tcs3701: start power rail timer, state:3
11-26 23:06:03.753  8427  8469 I BatteryMgr:DataCollectionService: stats => 1701036363753,13732,4443,2136,4169000,100
11-26 23:06:03.792  1011  1189 I ASH     : @ 383215.963: tcs3701: stop power rail pending_off timer
11-26 23:06:03.792  1011  1189 D ASH     : @ 383215.963: tcs3701: start power rail timer, state:3
11-26 23:06:03.814  5869  5885 I m.chrome.canary: Explicit concurrent copying GC freed 3825(192KB) AllocSpace objects, 4(80KB) LOS objects, 75% free, 14MB/57MB, paused 29us,24us total 63.912ms
11-26 23:06:03.832  1011  1189 I ASH     : @ 383216.003: tcs3701: stop power rail pending_off timer
11-26 23:06:03.832  1011  1189 D ASH     : @ 383216.003: tcs3701: start power rail timer, state:3
11-26 23:06:03.859  8427  8469 I BatteryMgr:DataCollectionService: stats => 1701036363859,13732,4443,2136,4169000,100
11-26 23:06:03.873  1011  1189 I ASH     : @ 383216.043: tcs3701: stop power rail pending_off timer
11-26 23:06:03.873  1011  1189 D ASH     : @ 383216.043: tcs3701: start power rail timer, state:3
11-26 23:06:03.887  1795  2679 D ActivityManager: freezer override set to false
11-26 23:06:03.912  1011  1189 I ASH     : @ 383216.083: tcs3701: stop power rail pending_off timer
11-26 23:06:03.912  1011  1189 D ASH     : @ 383216.083: tcs3701: start power rail timer, state:3
11-26 23:06:03.929  1795  2679 D ActivityManager: freezer override set to true
11-26 23:06:03.932  1795  2679 D ActivityManager: freezer override set to false
11-26 23:06:03.952  1011  1189 I ASH     : @ 383216.123: tcs3701: stop power rail pending_off timer
11-26 23:06:03.952  1011  1189 D ASH     : @ 383216.123: tcs3701: start power rail timer, state:3
11-26 23:06:03.965  1795  3759 D ActivityManager: freezer override set to true
11-26 23:06:03.967  8427  8469 I BatteryMgr:DataCollectionService: stats => 1701036363967,13732,4443,2136,4169000,100
11-26 23:06:03.968  1795  3759 D ActivityManager: freezer override set to false
11-26 23:06:03.992  1011  1189 I ASH     : @ 383216.163: tcs3701: stop power rail pending_off timer
11-26 23:06:03.992  1011  1189 D ASH     : @ 383216.163: tcs3701: start power rail timer, state:3
11-26 23:06:04.032  1011  1189 I ASH     : @ 383216.203: tcs3701: stop power rail pending_off timer
11-26 23:06:04.032  1011  1189 D ASH     : @ 383216.203: tcs3701: start power rail timer, state:3
11-26 23:06:04.057  2113  2118 I pixel-thermal: skin-therm-monitor: 40.827
11-26 23:06:04.072  1011  1189 I ASH     : @ 383216.243: tcs3701: stop power rail pending_off timer
11-26 23:06:04.072  1011  1189 D ASH     : @ 383216.243: tcs3701: start power rail timer, state:3
11-26 23:06:04.073  8427  8469 I BatteryMgr:DataCollectionService: stats => 1701036364073,13732,4443,2136,4169000,100
11-26 23:06:04.112  1011  1189 I ASH     : @ 383216.283: tcs3701: stop power rail pending_off timer
11-26 23:06:04.112  1011  1189 D ASH     : @ 383216.283: tcs3701: start power rail timer, state:3
11-26 23:06:04.152  1011  1189 I ASH     : @ 383216.323: tcs3701: stop power rail pending_off timer
11-26 23:06:04.152  1011  1189 D ASH     : @ 383216.323: tcs3701: start power rail timer, state:3
11-26 23:06:04.180  8427  8469 I BatteryMgr:DataCollectionService: stats => 1701036364180,13732,4443,2136,4169000,100
11-26 23:06:04.192  1011  1189 I ASH     : @ 383216.363: tcs3701: stop power rail pending_off timer
11-26 23:06:04.192  1011  1189 D ASH     : @ 383216.363: tcs3701: start power rail timer, state:3
11-26 23:06:04.232  1011  1189 I ASH     : @ 383216.403: tcs3701: stop power rail pending_off timer
11-26 23:06:04.232  1011  1189 D ASH     : @ 383216.403: tcs3701: start power rail timer, state:3
11-26 23:06:04.272  1011  1189 I ASH     : @ 383216.443: tcs3701: stop power rail pending_off timer
11-26 23:06:04.272  1011  1189 D ASH     : @ 383216.443: tcs3701: start power rail timer, state:3
11-26 23:06:04.286  8427  8469 I BatteryMgr:DataCollectionService: stats => 1701036364286,13732,4443,2136,4169000,100
11-26 23:06:04.312  1011  1189 I ASH     : @ 383216.483: tcs3701: stop power rail pending_off timer
11-26 23:06:04.312  1011  1189 D ASH     : @ 383216.483: tcs3701: start power rail timer, state:3
11-26 23:06:04.352  1011  1189 I ASH     : @ 383216.523: tcs3701: stop power rail pending_off timer
11-26 23:06:04.352  1011  1189 D ASH     : @ 383216.523: tcs3701: start power rail timer, state:3
11-26 23:06:04.392  1011  1189 I ASH     : @ 383216.563: tcs3701: stop power rail pending_off timer
11-26 23:06:04.392  1011  1189 D ASH     : @ 383216.563: tcs3701: start power rail timer, state:3
11-26 23:06:04.394  8427  8469 I BatteryMgr:DataCollectionService: stats => 1701036364394,13732,4443,2136,4169000,100
11-26 23:06:04.396  1795  2424 D WifiClientModeImpl[13802:wlan0]: updateLinkLayerStatsRssiSpeedFrequencyCapabilities rssi=-45 TxLinkspeed=780 freq=5240 RxLinkSpeed=6
11-26 23:06:04.397  1795  2424 D WifiDataStall: tx tput in kbps: 654164
11-26 23:06:04.397  1795  2424 D WifiDataStall: rx tput in kbps: 764515
11-26 23:06:04.397  1795  2424 V WifiConfigManager: Updating scan detail cache freq=5240 BSSID=f4:6d:2f:12:cc:88 RSSI=-44 for "ourhome"WPA_PSK
11-26 23:06:04.397  1795  2424 D WifiChannelUtilization:  freq: 5240 onTime: 10855454 busyTime: 999653 onTimeDiff: 1207598 busyTimeDiff: 143167 utilization: 30 utilization t0: 23
11-26 23:06:04.397  1795  2424 D WifiDataStall:  ccaLevel = 30
11-26 23:06:04.397  1795  2424 D WifiDataStall: L2 txTputKbps: 654164, rxTputKbps: 764515, L3 txTputKbps: 0, rxTputKbps: 0, TxTrafficHigh: false, RxTrafficHigh: false, Throughput Sufficient: true
11-26 23:06:04.397  2782  5906 D QCNEJ/WlanStaInfoRelay: Received action: android.net.wifi.RSSI_CHANGED
11-26 23:06:04.397  1795  2424 D WifiScoreReport: Wifi scoring disabled - Don't check IP layer
11-26 23:06:04.397  2673 18847 V WifiManager: OnWifiUsabilityStatsListener: onWifiUsabilityStats: seqNum=98554
11-26 23:06:04.397  1795  2424 D WifiScoreCard: BSSID update SIGNAL_POLL ID: 1320464697 SSID: "ourhome", BSSID: f4:6d:2f:12:cc:88, MAC: b2:2f:ec:da:4a:0c, IP: /192.168.1.104, Security type: 2, Supplicant state: COMPLETED, Wi-Fi standard: 5, RSSI: -45, Link speed: 780Mbps, Tx Link speed: 780Mbps, Max Supported Tx Link speed: 866Mbps, Rx Link speed: 6Mbps, Max Supported Rx Link speed: 866Mbps, Frequency: 5240MHz, Net ID: 12, Metered hint: false, score: 60, isUsable: true, CarrierMerged: false, SubscriptionId: -1, IsPrimary: 1, Trusted: true, Restricted: false, Ephemeral: false, OEM paid: false, OEM private: false, OSU AP: false, FQDN: <none>, Provider friendly name: <none>, Requesting package name: <none>"ourhome"wpa2-pskMLO Information: , Is TID-To-Link negotiation supported by the AP: false, AP MLD Address: <none>, AP MLO Link Id: <none>, AP MLO Affiliated links: <none>
11-26 23:06:04.398  1795  2424 D WifiScoreCard: txRate: 1 txSpeed: 780
11-26 23:06:04.398  1795  2424 D WifiScoreCard: network update SIGNAL_POLL "ourhome" ID: 1499892569 RSSI -45 txSpeed -1
11-26 23:06:04.398  2513  2630 V WifiManager: TrafficStateCallbackProxy: onStateChanged state=0
11-26 23:06:04.398  1795  2424 D WifiClientModeImpl[13802:wlan0]:  ClientModeImpl$L2ConnectedState screen=on 37 0 "ourhome" f4:6d:2f:12:cc:88 rssi=-45 f=5240 sc=60 link=780 tx=0.1, 0.0, 0.0 rx=0.1 bcn=3627838 [on:0 tx:0 rx:0 period:3014] from screen [on:1219473 period:23929684] score=60
11-26 23:06:04.398  1795  3759 I WifiService: updateWifiUsabilityScore uid=10180 seqNum=98554 score=100 predictionHorizonSec=1441795
11-26 23:06:04.399  1795  2424 D WifiScoreReport: Wifi scoring disabled - Notify that Wifi is usable
11-26 23:06:04.402  1795  2432 D ConnectivityService: NetReassign [no changes] [c 0] [a 0] [i 3]
11-26 23:06:04.432  1011  1189 I ASH     : @ 383216.603: tcs3701: stop power rail pending_off timer
11-26 23:06:04.432  1011  1189 D ASH     : @ 383216.603: tcs3701: start power rail timer, state:3
11-26 23:06:04.472  1011  1189 I ASH     : @ 383216.643: tcs3701: stop power rail pending_off timer
11-26 23:06:04.472  1011  1189 D ASH     : @ 383216.643: tcs3701: start power rail timer, state:3
11-26 23:06:04.501  8427  8469 I BatteryMgr:DataCollectionService: stats => 1701036364501,13732,4443,2136,4169000,100
11-26 23:06:04.512  1011  1189 I ASH     : @ 383216.683: tcs3701: stop power rail pending_off timer
11-26 23:06:04.512  1011  1189 D ASH     : @ 383216.683: tcs3701: start power rail timer, state:3
11-26 23:06:04.552  1011  1189 I ASH     : @ 383216.723: tcs3701: stop power rail pending_off timer
11-26 23:06:04.552  1011  1189 D ASH     : @ 383216.723: tcs3701: start power rail timer, state:3
11-26 23:06:04.592  1011  1189 I ASH     : @ 383216.763: tcs3701: stop power rail pending_off timer
11-26 23:06:04.592  1011  1189 D ASH     : @ 383216.763: tcs3701: start power rail timer, state:3
11-26 23:06:04.608  8427  8469 I BatteryMgr:DataCollectionService: stats => 1701036364608,13732,4443,2136,4169000,100
11-26 23:06:04.632  1011  1189 I ASH     : @ 383216.803: tcs3701: stop power rail pending_off timer
11-26 23:06:04.632  1011  1189 D ASH     : @ 383216.803: tcs3701: start power rail timer, state:3
11-26 23:06:04.672  1011  1189 I ASH     : @ 383216.843: tcs3701: stop power rail pending_off timer
11-26 23:06:04.672  1011  1189 D ASH     : @ 383216.843: tcs3701: start power rail timer, state:3
11-26 23:06:04.713  1011  1189 I ASH     : @ 383216.883: tcs3701: stop power rail pending_off timer
11-26 23:06:04.713  1011  1189 D ASH     : @ 383216.883: tcs3701: start power rail timer, state:3
11-26 23:06:04.719  8427  8469 I BatteryMgr:DataCollectionService: stats => 1701036364719,13732,4443,2136,4169000,100
11-26 23:06:04.749  1795  3759 D ActivityManager: freezer override set to true
11-26 23:06:04.752  1011  1189 I ASH     : @ 383216.923: tcs3701: stop power rail pending_off timer
11-26 23:06:04.752  1011  1189 D ASH     : @ 383216.923: tcs3701: start power rail timer, state:3
11-26 23:06:04.754  1795  3759 D ActivityManager: freezer override set to false
11-26 23:06:04.792  1011  1189 I ASH     : @ 383216.963: tcs3701: stop power rail pending_off timer
11-26 23:06:04.792  1011  1189 D ASH     : @ 383216.963: tcs3701: start power rail timer, state:3
11-26 23:06:04.826  8427  8469 I BatteryMgr:DataCollectionService: stats => 1701036364826,13732,4443,2136,4169000,100
11-26 23:06:04.832  1011  1189 I ASH     : @ 383217.003: tcs3701: stop power rail pending_off timer
11-26 23:06:04.832  1011  1189 D ASH     : @ 383217.003: tcs3701: start power rail timer, state:3
11-26 23:06:04.872  1011  1189 I ASH     : @ 383217.043: tcs3701: stop power rail pending_off timer
11-26 23:06:04.872  1011  1189 D ASH     : @ 383217.043: tcs3701: start power rail timer, state:3
11-26 23:06:04.912  1011  1189 I ASH     : @ 383217.083: tcs3701: stop power rail pending_off timer
11-26 23:06:04.912  1011  1189 D ASH     : @ 383217.083: tcs3701: start power rail timer, state:3
11-26 23:06:04.932  8427  8469 I BatteryMgr:DataCollectionService: stats => 1701036364932,13732,4443,2136,4169000,100
11-26 23:06:04.952  1011  1189 I ASH     : @ 383217.123: tcs3701: stop power rail pending_off timer
11-26 23:06:04.952  1011  1189 D ASH     : @ 383217.123: tcs3701: start power rail timer, state:3
11-26 23:06:04.992  1011  1189 I ASH     : @ 383217.163: tcs3701: stop power rail pending_off timer
11-26 23:06:04.992  1011  1189 D ASH     : @ 383217.163: tcs3701: start power rail timer, state:3
11-26 23:06:05.032  1011  1189 I ASH     : @ 383217.203: tcs3701: stop power rail pending_off timer
11-26 23:06:05.032  1011  1189 D ASH     : @ 383217.203: tcs3701: start power rail timer, state:3
11-26 23:06:05.038  8427  8469 I BatteryMgr:DataCollectionService: stats => 1701036365038,13732,4443,2136,4169000,100
11-26 23:06:05.072  1011  1189 I ASH     : @ 383217.243: tcs3701: stop power rail pending_off timer
11-26 23:06:05.072  1011  1189 D ASH     : @ 383217.243: tcs3701: start power rail timer, state:3
11-26 23:06:05.112  1011  1189 I ASH     : @ 383217.283: tcs3701: stop power rail pending_off timer
11-26 23:06:05.112  1011  1189 D ASH     : @ 383217.283: tcs3701: start power rail timer, state:3
11-26 23:06:05.113  1795  3759 D ActivityManager: freezer override set to true
11-26 23:06:05.142  8427  8469 I BatteryMgr:DataCollectionService: stats => 1701036365142,13732,4443,2136,4169000,100
11-26 23:06:05.153  1011  1189 I ASH     : @ 383217.323: tcs3701: stop power rail pending_off timer
11-26 23:06:05.153  1011  1189 D ASH     : @ 383217.323: tcs3701: start power rail timer, state:3
11-26 23:06:05.192  1011  1189 I ASH     : @ 383217.363: tcs3701: stop power rail pending_off timer
11-26 23:06:05.192  1011  1189 D ASH     : @ 383217.363: tcs3701: start power rail timer, state:3
11-26 23:06:05.232  1011  1189 I ASH     : @ 383217.403: tcs3701: stop power rail pending_off timer
11-26 23:06:05.233  1011  1189 D ASH     : @ 383217.403: tcs3701: start power rail timer, state:3
11-26 23:06:05.248  8427  8469 I BatteryMgr:DataCollectionService: stats => 1701036365248,13732,4443,2136,4169000,100
11-26 23:06:05.266  5869  5943 I m.chrome.canary: Explicit concurrent copying GC freed 4053(207KB) AllocSpace objects, 5(100KB) LOS objects, 75% free, 14MB/57MB, paused 33us,24us total 63.422ms
11-26 23:06:05.272  1011  1189 I ASH     : @ 383217.443: tcs3701: stop power rail pending_off timer
11-26 23:06:05.272  1011  1189 D ASH     : @ 383217.443: tcs3701: start power rail timer, state:3
11-26 23:06:05.312  1011  1189 I ASH     : @ 383217.483: tcs3701: stop power rail pending_off timer
11-26 23:06:05.312  1011  1189 D ASH     : @ 383217.483: tcs3701: start power rail timer, state:3
11-26 23:06:05.336  1795  3759 D ActivityManager: freezer override set to false
11-26 23:06:05.352  8427  8469 I BatteryMgr:DataCollectionService: stats => 1701036365352,13732,4443,2136,4169000,100
11-26 23:06:05.352  1011  1189 I ASH     : @ 383217.523: tcs3701: stop power rail pending_off timer
11-26 23:06:05.352  1011  1189 D ASH     : @ 383217.523: tcs3701: start power rail timer, state:3
11-26 23:06:05.392  1011  1189 I ASH     : @ 383217.563: tcs3701: stop power rail pending_off timer
11-26 23:06:05.392  1011  1189 D ASH     : @ 383217.563: tcs3701: start power rail timer, state:3
11-26 23:06:05.397  1795  3759 D ActivityManager: freezer override set to true
11-26 23:06:05.400  1795  3759 D ActivityManager: freezer override set to false
11-26 23:06:05.432  1011  1189 I ASH     : @ 383217.603: tcs3701: stop power rail pending_off timer
11-26 23:06:05.432  1011  1189 D ASH     : @ 383217.603: tcs3701: start power rail timer, state:3
11-26 23:06:05.439  1795  3759 D ActivityManager: freezer override set to true
11-26 23:06:05.443  1795  3759 D ActivityManager: freezer override set to false
11-26 23:06:05.456  8427  8469 I BatteryMgr:DataCollectionService: stats => 1701036365456,13732,4443,2136,4169000,100
11-26 23:06:05.472  1011  1189 I ASH     : @ 383217.643: tcs3701: stop power rail pending_off timer
11-26 23:06:05.472  1011  1189 D ASH     : @ 383217.643: tcs3701: start power rail timer, state:3
11-26 23:06:05.512  1011  1189 I ASH     : @ 383217.683: tcs3701: stop power rail pending_off timer
11-26 23:06:05.512  1011  1189 D ASH     : @ 383217.683: tcs3701: start power rail timer, state:3
11-26 23:06:05.552  1011  1189 I ASH     : @ 383217.723: tcs3701: stop power rail pending_off timer
11-26 23:06:05.552  1011  1189 D ASH     : @ 383217.723: tcs3701: start power rail timer, state:3
11-26 23:06:05.562  8427  8469 I BatteryMgr:DataCollectionService: stats => 1701036365562,13732,4443,2136,4169000,100
11-26 23:06:05.592  1011  1189 I ASH     : @ 383217.763: tcs3701: stop power rail pending_off timer
11-26 23:06:05.592  1011  1189 D ASH     : @ 383217.763: tcs3701: start power rail timer, state:3
11-26 23:06:05.632  1011  1189 I ASH     : @ 383217.803: tcs3701: stop power rail pending_off timer
11-26 23:06:05.632  1011  1189 D ASH     : @ 383217.803: tcs3701: start power rail timer, state:3
11-26 23:06:05.668  8427  8469 I BatteryMgr:DataCollectionService: stats => 1701036365668,13732,4443,2136,4169000,100
11-26 23:06:05.672  1011  1189 I ASH     : @ 383217.843: tcs3701: stop power rail pending_off timer
11-26 23:06:05.672  1011  1189 D ASH     : @ 383217.843: tcs3701: start power rail timer, state:3
11-26 23:06:05.713  1011  1189 I ASH     : @ 383217.883: tcs3701: stop power rail pending_off timer
11-26 23:06:05.713  1011  1189 D ASH     : @ 383217.883: tcs3701: start power rail timer, state:3
11-26 23:06:05.752  1011  1189 I ASH     : @ 383217.923: tcs3701: stop power rail pending_off timer
11-26 23:06:05.752  1011  1189 D ASH     : @ 383217.923: tcs3701: start power rail timer, state:3
11-26 23:06:05.755  1795  3759 D ActivityManager: freezer override set to true
11-26 23:06:05.761  1795  3759 D ActivityManager: freezer override set to false
11-26 23:06:05.774  8427  8469 I BatteryMgr:DataCollectionService: stats => 1701036365774,13732,4443,2136,4169000,100
11-26 23:06:05.792  1011  1189 I ASH     : @ 383217.963: tcs3701: stop power rail pending_off timer
11-26 23:06:05.792  1011  1189 D ASH     : @ 383217.963: tcs3701: start power rail timer, state:3
11-26 23:06:05.832  1011  1189 I ASH     : @ 383218.003: tcs3701: stop power rail pending_off timer
11-26 23:06:05.832  1011  1189 D ASH     : @ 383218.003: tcs3701: start power rail timer, state:3
11-26 23:06:05.872  1011  1189 I ASH     : @ 383218.043: tcs3701: stop power rail pending_off timer
11-26 23:06:05.872  1011  1189 D ASH     : @ 383218.043: tcs3701: start power rail timer, state:3
11-26 23:06:05.880  8427  8469 I BatteryMgr:DataCollectionService: stats => 1701036365880,13732,4443,2136,4169000,100
11-26 23:06:05.912  1011  1189 I ASH     : @ 383218.083: tcs3701: stop power rail pending_off timer
11-26 23:06:05.912  1011  1189 D ASH     : @ 383218.083: tcs3701: start power rail timer, state:3
11-26 23:06:05.952  1011  1189 I ASH     : @ 383218.123: tcs3701: stop power rail pending_off timer
11-26 23:06:05.952  1011  1189 D ASH     : @ 383218.123: tcs3701: start power rail timer, state:3
11-26 23:06:05.987  8427  8469 I BatteryMgr:DataCollectionService: stats => 1701036365987,13732,4443,2136,4169000,100
11-26 23:06:05.992  1011  1189 I ASH     : @ 383218.163: tcs3701: stop power rail pending_off timer
11-26 23:06:05.992  1011  1189 D ASH     : @ 383218.163: tcs3701: start power rail timer, state:3
11-26 23:06:06.032  1011  1189 I ASH     : @ 383218.203: tcs3701: stop power rail pending_off timer
11-26 23:06:06.032  1011  1189 D ASH     : @ 383218.203: tcs3701: start power rail timer, state:3
11-26 23:06:06.061  2113  2118 I pixel-thermal: skin-therm-monitor: 40.831
11-26 23:06:06.072  1011  1189 I ASH     : @ 383218.243: tcs3701: stop power rail pending_off timer
11-26 23:06:06.072  1011  1189 D ASH     : @ 383218.243: tcs3701: start power rail timer, state:3
11-26 23:06:06.094  8427  8469 I BatteryMgr:DataCollectionService: stats => 1701036366094,13732,4443,2136,4169000,100
11-26 23:06:06.112  1011  1189 I ASH     : @ 383218.283: tcs3701: stop power rail pending_off timer
11-26 23:06:06.112  1011  1189 D ASH     : @ 383218.283: tcs3701: start power rail timer, state:3
11-26 23:06:06.152  1011  1189 I ASH     : @ 383218.323: tcs3701: stop power rail pending_off timer
11-26 23:06:06.152  1011  1189 D ASH     : @ 383218.323: tcs3701: start power rail timer, state:3
11-26 23:06:06.192  1011  1189 I ASH     : @ 383218.363: tcs3701: stop power rail pending_off timer
11-26 23:06:06.192  1011  1189 D ASH     : @ 383218.363: tcs3701: start power rail timer, state:3
11-26 23:06:06.200  8427  8469 I BatteryMgr:DataCollectionService: stats => 1701036366200,13732,4443,2136,4169000,100
11-26 23:06:06.232  1011  1189 I ASH     : @ 383218.403: tcs3701: stop power rail pending_off timer
11-26 23:06:06.232  1011  1189 D ASH     : @ 383218.403: tcs3701: start power rail timer, state:3
11-26 23:06:06.272  1011  1189 I ASH     : @ 383218.443: tcs3701: stop power rail pending_off timer
11-26 23:06:06.272  1011  1189 D ASH     : @ 383218.443: tcs3701: start power rail timer, state:3
11-26 23:06:06.307  8427  8469 I BatteryMgr:DataCollectionService: stats => 1701036366307,13732,4443,2136,4169000,100
11-26 23:06:06.312  1011  1189 I ASH     : @ 383218.483: tcs3701: stop power rail pending_off timer
11-26 23:06:06.312  1011  1189 D ASH     : @ 383218.483: tcs3701: start power rail timer, state:3
11-26 23:06:06.352  1011  1189 I ASH     : @ 383218.523: tcs3701: stop power rail pending_off timer
11-26 23:06:06.352  1011  1189 D ASH     : @ 383218.523: tcs3701: start power rail timer, state:3
11-26 23:06:06.392  1011  1189 I ASH     : @ 383218.563: tcs3701: stop power rail pending_off timer
11-26 23:06:06.392  1011  1189 D ASH     : @ 383218.563: tcs3701: start power rail timer, state:3
11-26 23:06:06.414  8427  8469 I BatteryMgr:DataCollectionService: stats => 1701036366414,13732,4443,2136,4169000,100
11-26 23:06:06.432  1011  1189 I ASH     : @ 383218.603: tcs3701: stop power rail pending_off timer
11-26 23:06:06.432  1011  1189 D ASH     : @ 383218.603: tcs3701: start power rail timer, state:3
11-26 23:06:06.472  1011  1189 I ASH     : @ 383218.643: tcs3701: stop power rail pending_off timer
11-26 23:06:06.472  1011  1189 D ASH     : @ 383218.643: tcs3701: start power rail timer, state:3
11-26 23:06:06.512  1011  1189 I ASH     : @ 383218.683: tcs3701: stop power rail pending_off timer
11-26 23:06:06.512  1011  1189 D ASH     : @ 383218.683: tcs3701: start power rail timer, state:3
11-26 23:06:06.519  8427  8469 I BatteryMgr:DataCollectionService: stats => 1701036366519,13732,4443,2136,4169000,100
11-26 23:06:06.552  1011  1189 I ASH     : @ 383218.723: tcs3701: stop power rail pending_off timer
11-26 23:06:06.552  1011  1189 D ASH     : @ 383218.723: tcs3701: start power rail timer, state:3
11-26 23:06:06.582  1039  1095 D rlsservice: MonitorDisplayStatus client num 0, display status 1, sensor status 0
11-26 23:06:06.592  1011  1189 I ASH     : @ 383218.763: tcs3701: stop power rail pending_off timer
11-26 23:06:06.592  1011  1189 D ASH     : @ 383218.763: tcs3701: start power rail timer, state:3
11-26 23:06:06.595  1795  2679 D ActivityManager: freezer override set to true
11-26 23:06:06.623  8427  8469 I BatteryMgr:DataCollectionService: stats => 1701036366623,13732,4443,2136,4169000,100
11-26 23:06:06.632  1011  1189 I ASH     : @ 383218.803: tcs3701: stop power rail pending_off timer
11-26 23:06:06.632  1011  1189 D ASH     : @ 383218.803: tcs3701: start power rail timer, state:3
11-26 23:06:06.672  1011  1189 I ASH     : @ 383218.843: tcs3701: stop power rail pending_off timer
11-26 23:06:06.672  1011  1189 D ASH     : @ 383218.843: tcs3701: start power rail timer, state:3
11-26 23:06:06.706  5869  5943 I m.chrome.canary: Explicit concurrent copying GC freed 3841(192KB) AllocSpace objects, 4(80KB) LOS objects, 75% free, 14MB/57MB, paused 453us,25us total 64.955ms
11-26 23:06:06.713  1011  1189 I ASH     : @ 383218.883: tcs3701: stop power rail pending_off timer
11-26 23:06:06.713  1011  1189 D ASH     : @ 383218.883: tcs3701: start power rail timer, state:3
11-26 23:06:06.728  8427  8469 I BatteryMgr:DataCollectionService: stats => 1701036366728,13732,4443,2136,4169000,100
11-26 23:06:06.752  1011  1189 I ASH     : @ 383218.923: tcs3701: stop power rail pending_off timer
11-26 23:06:06.752  1011  1189 D ASH     : @ 383218.923: tcs3701: start power rail timer, state:3
11-26 23:06:06.785  1795  3759 D ActivityManager: freezer override set to false
11-26 23:06:06.792  1011  1189 I ASH     : @ 383218.963: tcs3701: stop power rail pending_off timer
11-26 23:06:06.792  1011  1189 D ASH     : @ 383218.963: tcs3701: start power rail timer, state:3
11-26 23:06:06.832  1011  1189 I ASH     : @ 383219.003: tcs3701: stop power rail pending_off timer
11-26 23:06:06.832  1011  1189 D ASH     : @ 383219.003: tcs3701: start power rail timer, state:3
11-26 23:06:06.832  1795  3759 D ActivityManager: freezer override set to true
11-26 23:06:06.833  8427  8469 I BatteryMgr:DataCollectionService: stats => 1701036366833,13732,4443,2136,4169000,100
11-26 23:06:06.835  1795  3759 D ActivityManager: freezer override set to false
11-26 23:06:06.868  1795  3759 D ActivityManager: freezer override set to true
11-26 23:06:06.871  1795  3759 D ActivityManager: freezer override set to false
11-26 23:06:06.872  1011  1189 I ASH     : @ 383219.043: tcs3701: stop power rail pending_off timer
11-26 23:06:06.872  1011  1189 D ASH     : @ 383219.043: tcs3701: start power rail timer, state:3
11-26 23:06:06.912  1011  1189 I ASH     : @ 383219.083: tcs3701: stop power rail pending_off timer
11-26 23:06:06.912  1011  1189 D ASH     : @ 383219.083: tcs3701: start power rail timer, state:3
11-26 23:06:06.939  8427  8469 I BatteryMgr:DataCollectionService: stats => 1701036366939,13732,4443,2136,4169000,100
11-26 23:06:06.952  1011  1189 I ASH     : @ 383219.123: tcs3701: stop power rail pending_off timer
11-26 23:06:06.952  1011  1189 D ASH     : @ 383219.123: tcs3701: start power rail timer, state:3
11-26 23:06:06.992  1011  1189 I ASH     : @ 383219.163: tcs3701: stop power rail pending_off timer
11-26 23:06:06.992  1011  1189 D ASH     : @ 383219.163: tcs3701: start power rail timer, state:3
11-26 23:06:07.032  1011  1189 I ASH     : @ 383219.203: tcs3701: stop power rail pending_off timer
11-26 23:06:07.032  1011  1189 D ASH     : @ 383219.203: tcs3701: start power rail timer, state:3
11-26 23:06:07.045  8427  8469 I BatteryMgr:DataCollectionService: stats => 1701036367045,13732,4443,2136,4169000,100
11-26 23:06:07.072  1011  1189 I ASH     : @ 383219.243: tcs3701: stop power rail pending_off timer
11-26 23:06:07.072  1011  1189 D ASH     : @ 383219.243: tcs3701: start power rail timer, state:3
11-26 23:06:07.112  1011  1189 I ASH     : @ 383219.283: tcs3701: stop power rail pending_off timer
11-26 23:06:07.112  1011  1189 D ASH     : @ 383219.283: tcs3701: start power rail timer, state:3
11-26 23:06:07.152  1011  1189 I ASH     : @ 383219.323: tcs3701: stop power rail pending_off timer
11-26 23:06:07.152  1011  1189 D ASH     : @ 383219.323: tcs3701: start power rail timer, state:3
11-26 23:06:07.152  8427  8469 I BatteryMgr:DataCollectionService: stats => 1701036367152,13732,4443,2136,4169000,100
11-26 23:06:07.192  1011  1189 I ASH     : @ 383219.363: tcs3701: stop power rail pending_off timer
11-26 23:06:07.192  1011  1189 D ASH     : @ 383219.363: tcs3701: start power rail timer, state:3
11-26 23:06:07.232  1011  1189 I ASH     : @ 383219.403: tcs3701: stop power rail pending_off timer
11-26 23:06:07.232  1011  1189 D ASH     : @ 383219.403: tcs3701: start power rail timer, state:3
11-26 23:06:07.260  8427  8469 I BatteryMgr:DataCollectionService: stats => 1701036367260,13732,4443,2136,4169000,100
11-26 23:06:07.272  1011  1189 I ASH     : @ 383219.443: tcs3701: stop power rail pending_off timer
11-26 23:06:07.272  1011  1189 D ASH     : @ 383219.443: tcs3701: start power rail timer, state:3
11-26 23:06:07.312  1011  1189 I ASH     : @ 383219.483: tcs3701: stop power rail pending_off timer
11-26 23:06:07.312  1011  1189 D ASH     : @ 383219.483: tcs3701: start power rail timer, state:3
11-26 23:06:07.352  1011  1189 I ASH     : @ 383219.523: tcs3701: stop power rail pending_off timer
11-26 23:06:07.352  1011  1189 D ASH     : @ 383219.523: tcs3701: start power rail timer, state:3
11-26 23:06:07.372  8427  8469 I BatteryMgr:DataCollectionService: stats => 1701036367372,13732,4443,2136,4169000,100
11-26 23:06:07.392  1011  1189 I ASH     : @ 383219.563: tcs3701: stop power rail pending_off timer
11-26 23:06:07.393  1011  1189 D ASH     : @ 383219.563: tcs3701: start power rail timer, state:3
11-26 23:06:07.410  1795  2424 D WifiClientModeImpl[13802:wlan0]: updateLinkLayerStatsRssiSpeedFrequencyCapabilities rssi=-45 TxLinkspeed=780 freq=5240 RxLinkSpeed=6
11-26 23:06:07.410  1795  2424 D WifiDataStall: tx tput in kbps: 654164
11-26 23:06:07.410  1795  2424 D WifiDataStall: rx tput in kbps: 764515
11-26 23:06:07.410  1795  2424 V WifiConfigManager: Updating scan detail cache freq=5240 BSSID=f4:6d:2f:12:cc:88 RSSI=-44 for "ourhome"WPA_PSK
11-26 23:06:07.411  1795  2424 D WifiChannelUtilization:  freq: 5240 onTime: 10855454 busyTime: 999653 onTimeDiff: 1207598 busyTimeDiff: 143167 utilization: 30 utilization t0: 23
11-26 23:06:07.411  1795  2424 D WifiDataStall:  ccaLevel = 30
11-26 23:06:07.411  1795  2424 D WifiDataStall: L2 txTputKbps: 654164, rxTputKbps: 764515, L3 txTputKbps: 0, rxTputKbps: 0, TxTrafficHigh: false, RxTrafficHigh: false, Throughput Sufficient: true
11-26 23:06:07.411  2673 18847 V WifiManager: OnWifiUsabilityStatsListener: onWifiUsabilityStats: seqNum=98555
11-26 23:06:07.411  1795  2424 D WifiScoreReport: Wifi scoring disabled - Don't check IP layer
11-26 23:06:07.411  1795  2424 D WifiScoreCard: BSSID update SIGNAL_POLL ID: 1320464697 SSID: "ourhome", BSSID: f4:6d:2f:12:cc:88, MAC: b2:2f:ec:da:4a:0c, IP: /192.168.1.104, Security type: 2, Supplicant state: COMPLETED, Wi-Fi standard: 5, RSSI: -45, Link speed: 780Mbps, Tx Link speed: 780Mbps, Max Supported Tx Link speed: 866Mbps, Rx Link speed: 6Mbps, Max Supported Rx Link speed: 866Mbps, Frequency: 5240MHz, Net ID: 12, Metered hint: false, score: 60, isUsable: true, CarrierMerged: false, SubscriptionId: -1, IsPrimary: 1, Trusted: true, Restricted: false, Ephemeral: false, OEM paid: false, OEM private: false, OSU AP: false, FQDN: <none>, Provider friendly name: <none>, Requesting package name: <none>"ourhome"wpa2-pskMLO Information: , Is TID-To-Link negotiation supported by the AP: false, AP MLD Address: <none>, AP MLO Link Id: <none>, AP MLO Affiliated links: <none>
11-26 23:06:07.411  1795  2424 D WifiScoreCard: txRate: 1 txSpeed: 780
11-26 23:06:07.411  1795  2424 D WifiScoreCard: network update SIGNAL_POLL "ourhome" ID: 1499892569 RSSI -45 txSpeed -1
11-26 23:06:07.412  1795  2424 D WifiClientModeImpl[13802:wlan0]:  ClientModeImpl$L2ConnectedState screen=on 37 0 "ourhome" f4:6d:2f:12:cc:88 rssi=-45 f=5240 sc=60 link=780 tx=0.0, 0.0, 0.0 rx=0.0 bcn=3627867 [on:0 tx:0 rx:0 period:3013] from screen [on:1219473 period:23932697] score=60
11-26 23:06:07.412  1795  3759 I WifiService: updateWifiUsabilityScore uid=10180 seqNum=98555 score=100 predictionHorizonSec=1441795
11-26 23:06:07.413  1795  2424 D WifiScoreReport: Wifi scoring disabled - Notify that Wifi is usable
11-26 23:06:07.417  1795  2432 D ConnectivityService: NetReassign [no changes] [c 1] [a 0] [i 2]
11-26 23:06:07.432  1011  1189 I ASH     : @ 383219.603: tcs3701: stop power rail pending_off timer
11-26 23:06:07.432  1011  1189 D ASH     : @ 383219.603: tcs3701: start power rail timer, state:3
11-26 23:06:07.472  1011  1189 I ASH     : @ 383219.643: tcs3701: stop power rail pending_off timer
11-26 23:06:07.472  1011  1189 D ASH     : @ 383219.643: tcs3701: start power rail timer, state:3
11-26 23:06:07.479  8427  8469 I BatteryMgr:DataCollectionService: stats => 1701036367479,13732,4443,2136,4169000,100
11-26 23:06:07.513  1011  1189 I ASH     : @ 383219.683: tcs3701: stop power rail pending_off timer
11-26 23:06:07.513  1011  1189 D ASH     : @ 383219.683: tcs3701: start power rail timer, state:3
11-26 23:06:07.552  1011  1189 I ASH     : @ 383219.723: tcs3701: stop power rail pending_off timer
11-26 23:06:07.552  1011  1189 D ASH     : @ 383219.723: tcs3701: start power rail timer, state:3
11-26 23:06:07.584  8427  8469 I BatteryMgr:DataCollectionService: stats => 1701036367584,13732,4443,2136,4169000,100
11-26 23:06:07.592  1011  1189 I ASH     : @ 383219.763: tcs3701: stop power rail pending_off timer
11-26 23:06:07.592  1011  1189 D ASH     : @ 383219.763: tcs3701: start power rail timer, state:3
11-26 23:06:07.632  1011  1189 I ASH     : @ 383219.803: tcs3701: stop power rail pending_off timer
11-26 23:06:07.632  1011  1189 D ASH     : @ 383219.803: tcs3701: start power rail timer, state:3
11-26 23:06:07.672  1011  1189 I ASH     : @ 383219.843: tcs3701: stop power rail pending_off timer
11-26 23:06:07.672  1011  1189 D ASH     : @ 383219.843: tcs3701: start power rail timer, state:3
11-26 23:06:07.690  8427  8469 I BatteryMgr:DataCollectionService: stats => 1701036367690,13732,4443,2136,4169000,100
11-26 23:06:07.712  1011  1189 I ASH     : @ 383219.883: tcs3701: stop power rail pending_off timer
11-26 23:06:07.712  1011  1189 D ASH     : @ 383219.883: tcs3701: start power rail timer, state:3
11-26 23:06:07.750  1795  3759 D ActivityManager: freezer override set to true
11-26 23:06:07.752  1011  1189 I ASH     : @ 383219.923: tcs3701: stop power rail pending_off timer
11-26 23:06:07.752  1011  1189 D ASH     : @ 383219.923: tcs3701: start power rail timer, state:3
11-26 23:06:07.756  1795  3759 D ActivityManager: freezer override set to false
