11-26 23:18:41.913  1011  1189 I ASH     : @ 383974.084: tcs3701: stop power rail pending_off timer
11-26 23:18:41.913  1011  1189 D ASH     : @ 383974.084: tcs3701: start power rail timer, state:3
11-26 23:18:41.934 27135 27161 I chromium: [INFO:child_process_service.cc(69)] ChildProcessService: Exiting child process.
11-26 23:18:41.934  1795  2387 I ActivityManager: Killing 27135:com.chrome.canary:sandboxed_process0:org.chromium.content.app.SandboxedProcessService0:1/u0a10i-8999 (adj 0): isolated not needed
11-26 23:18:41.940  1795  2145 I libprocessgroup: Successfully killed process cgroup uid 90001 pid 27135 in 5ms
11-26 23:18:41.953  1011  1189 I ASH     : @ 383974.124: tcs3701: stop power rail pending_off timer
11-26 23:18:41.953  1011  1189 D ASH     : @ 383974.124: tcs3701: start power rail timer, state:3
11-26 23:18:41.955 26940 26940 W chromium: [WARNING:compositor_view.cc(339)] Child process died (type=6) pid=27135)
11-26 23:18:41.955 26991 26991 I Zygote  : Process 27135 exited cleanly (0)
11-26 23:18:41.956  3657  4441 D ForegroundUtils: UID: 90001 deleted.
11-26 23:18:41.969  1795  2150 E system_server: updateValue is called with a value 37117986, which is lower than the previous value 37131775
11-26 23:18:41.971  1795  2150 E system_server: updateValue is called with a value 93, which is lower than the previous value 8444
11-26 23:18:41.995  1011  1189 I ASH     : @ 383974.164: tcs3701: stop power rail pending_off timer
11-26 23:18:41.995  1011  1189 D ASH     : @ 383974.164: tcs3701: start power rail timer, state:3
11-26 23:18:42.033  1011  1189 I ASH     : @ 383974.204: tcs3701: stop power rail pending_off timer
11-26 23:18:42.033  1011  1189 D ASH     : @ 383974.204: tcs3701: start power rail timer, state:3
11-26 23:18:42.073  1011  1189 I ASH     : @ 383974.244: tcs3701: stop power rail pending_off timer
11-26 23:18:42.073  1011  1189 D ASH     : @ 383974.244: tcs3701: start power rail timer, state:3
11-26 23:18:42.085 26940 26956 I m.chrome.canary: Explicit concurrent copying GC freed 715041(26MB) AllocSpace objects, 29(1028KB) LOS objects, 75% free, 9309KB/36MB, paused 235us,53us total 96.213ms
11-26 23:18:42.113  1011  1189 I ASH     : @ 383974.284: tcs3701: stop power rail pending_off timer
11-26 23:18:42.113  1011  1189 D ASH     : @ 383974.284: tcs3701: start power rail timer, state:3
11-26 23:18:42.138  1795  3658 D ActivityManager: freezer override set to false
11-26 23:18:42.153  1011  1189 I ASH     : @ 383974.324: tcs3701: stop power rail pending_off timer
11-26 23:18:42.153  1011  1189 D ASH     : @ 383974.324: tcs3701: start power rail timer, state:3
11-26 23:18:42.189  1795  2387 D ActivityManager: freezer override set to true
11-26 23:18:42.192  1795  2387 D ActivityManager: freezer override set to false
11-26 23:18:42.193  1011  1189 I ASH     : @ 383974.364: tcs3701: stop power rail pending_off timer
11-26 23:18:42.193  1011  1189 D ASH     : @ 383974.364: tcs3701: start power rail timer, state:3
11-26 23:18:42.233  1011  1189 I ASH     : @ 383974.404: tcs3701: stop power rail pending_off timer
11-26 23:18:42.233  1011  1189 D ASH     : @ 383974.404: tcs3701: start power rail timer, state:3
11-26 23:18:42.234  1795  2387 D ActivityManager: freezer override set to true
11-26 23:18:42.237  1795  2387 D ActivityManager: freezer override set to false
11-26 23:18:42.273  1011  1189 I ASH     : @ 383974.444: tcs3701: stop power rail pending_off timer
11-26 23:18:42.273  1011  1189 D ASH     : @ 383974.444: tcs3701: start power rail timer, state:3
11-26 23:18:42.313  1011  1189 I ASH     : @ 383974.484: tcs3701: stop power rail pending_off timer
11-26 23:18:42.313  1011  1189 D ASH     : @ 383974.484: tcs3701: start power rail timer, state:3
11-26 23:18:42.353  1011  1189 I ASH     : @ 383974.524: tcs3701: stop power rail pending_off timer
11-26 23:18:42.353  1011  1189 D ASH     : @ 383974.524: tcs3701: start power rail timer, state:3
11-26 23:18:42.369 27027 27066 I AdrenoVK-0: QUALCOMM build          : 4783c89, I46ff5fc46f
11-26 23:18:42.369 27027 27066 I AdrenoVK-0: Build Date              : 11/30/20
11-26 23:18:42.369 27027 27066 I AdrenoVK-0: Shader Compiler Version : EV031.31.04.01
11-26 23:18:42.369 27027 27066 I AdrenoVK-0: Local Branch            : QPR2
11-26 23:18:42.369 27027 27066 I AdrenoVK-0: Remote Branch           : 
11-26 23:18:42.369 27027 27066 I AdrenoVK-0: Remote Branch           : 
11-26 23:18:42.369 27027 27066 I AdrenoVK-0: Reconstruct Branch      : 
11-26 23:18:42.369 27027 27066 I AdrenoVK-0: Build Config            : S P 10.0.4 AArch64
11-26 23:18:42.369 27027 27066 I AdrenoVK-0: Driver Path             : /vendor/lib64/hw/vulkan.adreno.so
11-26 23:18:42.393  1011  1189 I ASH     : @ 383974.564: tcs3701: stop power rail pending_off timer
11-26 23:18:42.393  1011  1189 D ASH     : @ 383974.564: tcs3701: start power rail timer, state:3
11-26 23:18:42.403  1795  2387 I ActivityManager: Background started FGS: Allowed [callingPackage: com.android.shell; callingUid: 2000; uidState: NONE; intent: Intent { cmp=com.example.batterymanager_utility/.DataCollectionService (has extras) }; code:SYSTEM_UID; tempAllowListReason:<,reasonCode:SYSTEM_ALLOW_LISTED,duration:9223372036854775807,callingUid:-1>; targetSdkVersion:33; callerTargetSdkVersion:33; startForegroundCount:0; bindFromPackage:null]
11-26 23:18:42.413  8427  8427 I BatteryMgr:DataCollectionService: onStartCommand: begin
11-26 23:18:42.414  8427  8427 I BatteryMgr:DataCollectionService: onStartCommand: sampleRate => 100
11-26 23:18:42.414  8427  8427 I BatteryMgr:DataCollectionService: onStartCommand: rawFields => Timestamp,BATTERY_PROPERTY_CURRENT_NOW,EXTRA_VOLTAGE,BATTERY_PROPERTY_CURRENT_AVERAGE,BATTERY_PROPERTY_CHARGE_COUNTER,BATTERY_PROPERTY_CAPACITY
11-26 23:18:42.415  8427  8427 I BatteryMgr:DataCollectionService: onStartCommand: notification done
11-26 23:18:42.419  8427  8427 I BatteryMgr:DataCollectionService: started foreground
11-26 23:18:42.429  8427  8467 I BatteryMgr:DataCollectionService: collectData: begin
11-26 23:18:42.433  1011  1189 I ASH     : @ 383974.604: tcs3701: stop power rail pending_off timer
11-26 23:18:42.433  1011  1189 D ASH     : @ 383974.604: tcs3701: start power rail timer, state:3
11-26 23:18:42.441  8427  8467 I BatteryMgr:DataCollectionService: stats => 1701037122441,12207,4443,2136,4169000,100
11-26 23:18:42.473  1011  1189 I ASH     : @ 383974.644: tcs3701: stop power rail pending_off timer
11-26 23:18:42.473  1011  1189 D ASH     : @ 383974.644: tcs3701: start power rail timer, state:3
11-26 23:18:42.513  1011  1189 I ASH     : @ 383974.684: tcs3701: stop power rail pending_off timer
11-26 23:18:42.513  1011  1189 D ASH     : @ 383974.684: tcs3701: start power rail timer, state:3
11-26 23:18:42.547  8427  8467 I BatteryMgr:DataCollectionService: stats => 1701037122547,12207,4443,2136,4169000,100
11-26 23:18:42.553  1011  1189 I ASH     : @ 383974.724: tcs3701: stop power rail pending_off timer
11-26 23:18:42.553  1011  1189 D ASH     : @ 383974.724: tcs3701: start power rail timer, state:3
11-26 23:18:42.571 26940 26940 I cr_StartSurface: Recorded Startup.Android.StartSurfaceShownAtStartup = false
11-26 23:18:42.576  3875  3875 I VISHotwordAdapter: Not connected and not waiting for connection.
11-26 23:18:42.578 26940 26985 I cr_BindingManager: Visible binding enabled: maxSize=-1
11-26 23:18:42.589 26837 26837 E AbstractGmsTracer: Traced class shouldn't be obfuscated: GoogleAccountAuthenticatorChimeraService [CONTEXT service_id=259 ]
11-26 23:18:42.593  1011  1189 I ASH     : @ 383974.764: tcs3701: stop power rail pending_off timer
11-26 23:18:42.593  1011  1189 D ASH     : @ 383974.764: tcs3701: start power rail timer, state:3
11-26 23:18:42.597 26837 22933 W GmsStrictMode: DISK_READ [CONTEXT service_id=256 ]
11-26 23:18:42.597 26837 22933 W GmsStrictMode: android.os.strictmode.DiskReadViolation
11-26 23:18:42.597 26837 22933 W GmsStrictMode: 	at android.os.StrictMode$AndroidBlockGuardPolicy.onReadFromDisk(StrictMode.java:1658)
11-26 23:18:42.597 26837 22933 W GmsStrictMode: 	at libcore.io.BlockGuardOs.access(BlockGuardOs.java:74)
11-26 23:18:42.597 26837 22933 W GmsStrictMode: 	at libcore.io.ForwardingOs.access(ForwardingOs.java:128)
11-26 23:18:42.597 26837 22933 W GmsStrictMode: 	at android.app.ActivityThread$AndroidOs.access(ActivityThread.java:7795)
11-26 23:18:42.597 26837 22933 W GmsStrictMode: 	at java.io.UnixFileSystem.checkAccess(UnixFileSystem.java:313)
11-26 23:18:42.597 26837 22933 W GmsStrictMode: 	at java.io.File.exists(File.java:813)
11-26 23:18:42.597 26837 22933 W GmsStrictMode: 	at android.app.ContextImpl.getDataDir(ContextImpl.java:2962)
11-26 23:18:42.597 26837 22933 W GmsStrictMode: 	at android.app.ContextImpl.getFilesDir(ContextImpl.java:793)
11-26 23:18:42.597 26837 22933 W GmsStrictMode: 	at android.content.ContextWrapper.getFilesDir(ContextWrapper.java:282)
11-26 23:18:42.597 26837 22933 W GmsStrictMode: 	at android.content.ContextWrapper.getFilesDir(ContextWrapper.java:282)
11-26 23:18:42.597 26837 22933 W GmsStrictMode: 	at android.content.ContextWrapper.getFilesDir(ContextWrapper.java:282)
11-26 23:18:42.597 26837 22933 W GmsStrictMode: 	at android.content.ContextWrapper.getFilesDir(ContextWrapper.java:282)
11-26 23:18:42.597 26837 22933 W GmsStrictMode: 	at yux.<init>(:com.google.android.gms@234414038@23.44.14 (190400-580326705):6)
11-26 23:18:42.597 26837 22933 W GmsStrictMode: 	at ngy.<init>(:com.google.android.gms@234414038@23.44.14 (190400-580326705):3)
11-26 23:18:42.597 26837 22933 W GmsStrictMode: 	at spz.<init>(:com.google.android.gms@234414038@23.44.14 (190400-580326705):44)
11-26 23:18:42.597 26837 22933 W GmsStrictMode: 	at sqa.onCreate(:com.google.android.gms@234414038@23.44.14 (190400-580326705):6)
11-26 23:18:42.597 26837 22933 W GmsStrictMode: 	at nnb.onCreate(:com.google.android.gms@234414038@23.44.14 (190400-580326705):18)
11-26 23:18:42.597 26837 22933 W GmsStrictMode: 	at ages.onCreate(:com.google.android.gms@234414038@23.44.14 (190400-580326705):16)
11-26 23:18:42.597 26837 22933 W GmsStrictMode: 	at android.app.ActivityThread.handleCreateService(ActivityThread.java:4485)
11-26 23:18:42.597 26837 22933 W GmsStrictMode: 	at android.app.ActivityThread.-$$Nest$mhandleCreateService(Unknown Source:0)
11-26 23:18:42.597 26837 22933 W GmsStrictMode: 	at android.app.ActivityThread$H.handleMessage(ActivityThread.java:2160)
11-26 23:18:42.597 26837 22933 W GmsStrictMode: 	at android.os.Handler.dispatchMessage(Handler.java:106)
11-26 23:18:42.597 26837 22933 W GmsStrictMode: 	at android.os.Looper.loopOnce(Looper.java:201)
11-26 23:18:42.597 26837 22933 W GmsStrictMode: 	at android.os.Looper.loop(Looper.java:288)
11-26 23:18:42.597 26837 22933 W GmsStrictMode: 	at android.app.ActivityThread.main(ActivityThread.java:7918)
11-26 23:18:42.597 26837 22933 W GmsStrictMode: 	at java.lang.reflect.Method.invoke(Native Method)
11-26 23:18:42.597 26837 22933 W GmsStrictMode: 	at com.android.internal.os.RuntimeInit$MethodAndArgsCaller.run(RuntimeInit.java:548)
11-26 23:18:42.597 26837 22933 W GmsStrictMode: 	at com.android.internal.os.ZygoteInit.main(ZygoteInit.java:936)
11-26 23:18:42.597  3875  3875 I VISHotwordAdapter: Still waiting for connection; add the callback to callback list
11-26 23:18:42.598 26837 22933 W GmsStrictMode: DISK_READ [CONTEXT service_id=256 ]
11-26 23:18:42.598 26837 22933 W GmsStrictMode: android.os.strictmode.DiskReadViolation
11-26 23:18:42.598 26837 22933 W GmsStrictMode: 	at android.os.StrictMode$AndroidBlockGuardPolicy.onReadFromDisk(StrictMode.java:1658)
11-26 23:18:42.598 26837 22933 W GmsStrictMode: 	at libcore.io.BlockGuardOs.access(BlockGuardOs.java:74)
11-26 23:18:42.598 26837 22933 W GmsStrictMode: 	at libcore.io.ForwardingOs.access(ForwardingOs.java:128)
11-26 23:18:42.598 26837 22933 W GmsStrictMode: 	at android.app.ActivityThread$AndroidOs.access(ActivityThread.java:7795)
11-26 23:18:42.598 26837 22933 W GmsStrictMode: 	at java.io.UnixFileSystem.checkAccess(UnixFileSystem.java:313)
11-26 23:18:42.598 26837 22933 W GmsStrictMode: 	at java.io.File.exists(File.java:813)
11-26 23:18:42.598 26837 22933 W GmsStrictMode: 	at android.app.ContextImpl.ensurePrivateDirExists(ContextImpl.java:759)
11-26 23:18:42.598 26837 22933 W GmsStrictMode: 	at android.app.ContextImpl.ensurePrivateDirExists(ContextImpl.java:750)
11-26 23:18:42.598 26837 22933 W GmsStrictMode: 	at android.app.ContextImpl.getFilesDir(ContextImpl.java:795)
11-26 23:18:42.598 26837 22933 W GmsStrictMode: 	at android.content.ContextWrapper.getFilesDir(ContextWrapper.java:282)
11-26 23:18:42.598 26837 22933 W GmsStrictMode: 	at android.content.ContextWrapper.getFilesDir(ContextWrapper.java:282)
11-26 23:18:42.598 26837 22933 W GmsStrictMode: 	at android.content.ContextWrapper.getFilesDir(ContextWrapper.java:282)
11-26 23:18:42.598 26837 22933 W GmsStrictMode: 	at android.content.ContextWrapper.getFilesDir(ContextWrapper.java:282)
11-26 23:18:42.598 26837 22933 W GmsStrictMode: 	at yux.<init>(:com.google.android.gms@234414038@23.44.14 (190400-580326705):6)
11-26 23:18:42.598 26837 22933 W GmsStrictMode: 	at ngy.<init>(:com.google.android.gms@234414038@23.44.14 (190400-580326705):3)
11-26 23:18:42.598 26837 22933 W GmsStrictMode: 	at spz.<init>(:com.google.android.gms@234414038@23.44.14 (190400-580326705):44)
11-26 23:18:42.598 26837 22933 W GmsStrictMode: 	at sqa.onCreate(:com.google.android.gms@234414038@23.44.14 (190400-580326705):6)
11-26 23:18:42.598 26837 22933 W GmsStrictMode: 	at nnb.onCreate(:com.google.android.gms@234414038@23.44.14 (190400-580326705):18)
11-26 23:18:42.598 26837 22933 W GmsStrictMode: 	at ages.onCreate(:com.google.android.gms@234414038@23.44.14 (190400-580326705):16)
11-26 23:18:42.598 26837 22933 W GmsStrictMode: 	at android.app.ActivityThread.handleCreateService(ActivityThread.java:4485)
11-26 23:18:42.598 26837 22933 W GmsStrictMode: 	at android.app.ActivityThread.-$$Nest$mhandleCreateService(Unknown Source:0)
11-26 23:18:42.598 26837 22933 W GmsStrictMode: 	at android.app.ActivityThread$H.handleMessage(ActivityThread.java:2160)
11-26 23:18:42.598 26837 22933 W GmsStrictMode: 	at android.os.Handler.dispatchMessage(Handler.java:106)
11-26 23:18:42.598 26837 22933 W GmsStrictMode: 	at android.os.Looper.loopOnce(Looper.java:201)
11-26 23:18:42.598 26837 22933 W GmsStrictMode: 	at android.os.Looper.loop(Looper.java:288)
11-26 23:18:42.598 26837 22933 W GmsStrictMode: 	at android.app.ActivityThread.main(ActivityThread.java:7918)
11-26 23:18:42.598 26837 22933 W GmsStrictMode: 	at java.lang.reflect.Method.invoke(Native Method)
11-26 23:18:42.598 26837 22933 W GmsStrictMode: 	at com.android.internal.os.RuntimeInit$MethodAndArgsCaller.run(RuntimeInit.java:548)
11-26 23:18:42.598 26837 22933 W GmsStrictMode: 	at com.android.internal.os.ZygoteInit.main(ZygoteInit.java:936)
11-26 23:18:42.598 26837 22933 W GmsStrictMode: DISK_READ [CONTEXT service_id=256 ]
11-26 23:18:42.598 26837 22933 W GmsStrictMode: android.os.strictmode.DiskReadViolation
11-26 23:18:42.598 26837 22933 W GmsStrictMode: 	at android.os.StrictMode$AndroidBlockGuardPolicy.onReadFromDisk(StrictMode.java:1658)
11-26 23:18:42.598 26837 22933 W GmsStrictMode: 	at libcore.io.BlockGuardOs.access(BlockGuardOs.java:74)
11-26 23:18:42.598 26837 22933 W GmsStrictMode: 	at libcore.io.ForwardingOs.access(ForwardingOs.java:128)
11-26 23:18:42.598 26837 22933 W GmsStrictMode: 	at android.app.ActivityThread$AndroidOs.access(ActivityThread.java:7795)
11-26 23:18:42.598 26837 22933 W GmsStrictMode: 	at java.io.UnixFileSystem.checkAccess(UnixFileSystem.java:313)
11-26 23:18:42.598 26837 22933 W GmsStrictMode: 	at java.io.File.exists(File.java:813)
11-26 23:18:42.598 26837 22933 W GmsStrictMode: 	at android.app.ContextImpl.ensurePrivateDirExists(ContextImpl.java:759)
11-26 23:18:42.598 26837 22933 W GmsStrictMode: 	at android.app.ContextImpl.ensurePrivateDirExists(ContextImpl.java:750)
11-26 23:18:42.598 26837 22933 W GmsStrictMode: 	at android.app.ContextImpl.getFilesDir(ContextImpl.java:795)
11-26 23:18:42.598 26837 22933 W GmsStrictMode: 	at android.content.ContextWrapper.getFilesDir(ContextWrapper.java:282)
11-26 23:18:42.598 26837 22933 W GmsStrictMode: 	at android.content.ContextWrapper.getFilesDir(ContextWrapper.java:282)
11-26 23:18:42.598 26837 22933 W GmsStrictMode: 	at android.content.ContextWrapper.getFilesDir(ContextWrapper.java:282)
11-26 23:18:42.598 26837 22933 W GmsStrictMode: 	at yux.<init>(:com.google.android.gms@234414038@23.44.14 (190400-580326705):6)
11-26 23:18:42.598 26837 22933 W GmsStrictMode: 	at srw.<init>(:com.google.android.gms@234414038@23.44.14 (190400-580326705):33)
11-26 23:18:42.598 26837 22933 W GmsStrictMode: 	at sru.<init>(:com.google.android.gms@234414038@23.44.14 (190400-580326705):31)
11-26 23:18:42.598 26837 22933 W GmsStrictMode: 	at ngy.<init>(:com.google.android.gms@234414038@23.44.14 (190400-580326705):6)
11-26 23:18:42.598 26837 22933 W GmsStrictMode: 	at spz.<init>(:com.google.android.gms@234414038@23.44.14 (190400-580326705):44)
11-26 23:18:42.598 26837 22933 W GmsStrictMode: 	at sqa.onCreate(:com.google.android.gms@234414038@23.44.14 (190400-580326705):6)
11-26 23:18:42.598 26837 22933 W GmsStrictMode: 	at nnb.onCreate(:com.google.android.gms@234414038@23.44.14 (190400-580326705):18)
11-26 23:18:42.598 26837 22933 W GmsStrictMode: 	at ages.onCreate(:com.google.android.gms@234414038@23.44.14 (190400-580326705):16)
11-26 23:18:42.598 26837 22933 W GmsStrictMode: 	at android.app.ActivityThread.handleCreateService(ActivityThread.java:4485)
11-26 23:18:42.598 26837 22933 W GmsStrictMode: 	at android.app.ActivityThread.-$$Nest$mhandleCreateService(Unknown Source:0)
11-26 23:18:42.598 26837 22933 W GmsStrictMode: 	at android.app.ActivityThread$H.handleMessage(ActivityThread.java:2160)
11-26 23:18:42.598 26837 22933 W GmsStrictMode: 	at android.os.Handler.dispatchMessage(Handler.java:106)
11-26 23:18:42.598 26837 22933 W GmsStrictMode: 	at android.os.Looper.loopOnce(Looper.java:201)
11-26 23:18:42.598 26837 22933 W GmsStrictMode: 	at android.os.Looper.loop(Looper.java:288)
11-26 23:18:42.598 26837 22933 W GmsStrictMode: 	at android.app.ActivityThread.main(ActivityThread.java:7918)
11-26 23:18:42.598 26837 22933 W GmsStrictMode: 	at java.lang.reflect.Method.invoke(Native Method)
11-26 23:18:42.598 26837 22933 W GmsStrictMode: 	at com.android.internal.os.RuntimeInit$MethodAndArgsCaller.run(RuntimeInit.java:548)
11-26 23:18:42.598 26837 22933 W GmsStrictMode: 	at com.android.internal.os.ZygoteInit.main(ZygoteInit.java:936)
11-26 23:18:42.598 26837 22933 W GmsStrictMode: DISK_READ [CONTEXT service_id=256 ]
11-26 23:18:42.598 26837 22933 W GmsStrictMode: android.os.strictmode.DiskReadViolation
11-26 23:18:42.598 26837 22933 W GmsStrictMode: 	at android.os.StrictMode$AndroidBlockGuardPolicy.onReadFromDisk(StrictMode.java:1658)
11-26 23:18:42.598 26837 22933 W GmsStrictMode: 	at libcore.io.BlockGuardOs.access(BlockGuardOs.java:74)
11-26 23:18:42.598 26837 22933 W GmsStrictMode: 	at libcore.io.ForwardingOs.access(ForwardingOs.java:128)
11-26 23:18:42.598 26837 22933 W GmsStrictMode: 	at android.app.ActivityThread$AndroidOs.access(ActivityThread.java:7795)
11-26 23:18:42.598 26837 22933 W GmsStrictMode: 	at java.io.UnixFileSystem.checkAccess(UnixFileSystem.java:313)
11-26 23:18:42.598 26837 22933 W GmsStrictMode: 	at java.io.File.exists(File.java:813)
11-26 23:18:42.598 26837 22933 W GmsStrictMode: 	at android.app.ContextImpl.ensurePrivateDirExists(ContextImpl.java:759)
11-26 23:18:42.598 26837 22933 W GmsStrictMode: 	at android.app.ContextImpl.ensurePrivateDirExists(ContextImpl.java:750)
11-26 23:18:42.598 26837 22933 W GmsStrictMode: 	at android.app.ContextImpl.getFilesDir(ContextImpl.java:795)
11-26 23:18:42.598 26837 22933 W GmsStrictMode: 	at android.content.ContextWrapper.getFilesDir(ContextWrapper.java:282)
11-26 23:18:42.598 26837 22933 W GmsStrictMode: 	at android.content.ContextWrapper.getFilesDir(ContextWrapper.java:282)
11-26 23:18:42.598 26837 22933 W GmsStrictMode: 	at android.content.ContextWrapper.getFilesDir(ContextWrapper.java:282)
11-26 23:18:42.598 26837 22933 W GmsStrictMode: 	at yux.<init>(:com.google.android.gms@234414038@23.44.14 (190400-580326705):6)
11-26 23:18:42.598 26837 22933 W GmsStrictMode: 	at sru.<init>(:com.google.android.gms@234414038@23.44.14 (190400-580326705):139)
11-26 23:18:42.598 26837 22933 W GmsStrictMode: 	at ngy.<init>(:com.google.android.gms@234414038@23.44.14 (190400-580326705):6)
11-26 23:18:42.598 26837 22933 W GmsStrictMode: 	at spz.<init>(:com.google.android.gms@234414038@23.44.14 (190400-580326705):44)
11-26 23:18:42.598 26837 22933 W GmsStrictMode: 	at sqa.onCreate(:com.google.android.gms@234414038@23.44.14 (190400-580326705):6)
11-26 23:18:42.598 26837 22933 W GmsStrictMode: 	at nnb.onCreate(:com.google.android.gms@234414038@23.44.14 (190400-580326705):18)
11-26 23:18:42.598 26837 22933 W GmsStrictMode: 	at ages.onCreate(:com.google.android.gms@234414038@23.44.14 (190400-580326705):16)
11-26 23:18:42.598 26837 22933 W GmsStrictMode: 	at android.app.ActivityThread.handleCreateService(ActivityThread.java:4485)
11-26 23:18:42.598 26837 22933 W GmsStrictMode: 	at android.app.ActivityThread.-$$Nest$mhandleCreateService(Unknown Source:0)
11-26 23:18:42.598 26837 22933 W GmsStrictMode: 	at android.app.ActivityThread$H.handleMessage(ActivityThread.java:2160)
11-26 23:18:42.598 26837 22933 W GmsStrictMode: 	at android.os.Handler.dispatchMessage(Handler.java:106)
11-26 23:18:42.598 26837 22933 W GmsStrictMode: 	at android.os.Looper.loopOnce(Looper.java:201)
11-26 23:18:42.598 26837 22933 W GmsStrictMode: 	at android.os.Looper.loop(Looper.java:288)
11-26 23:18:42.598 26837 22933 W GmsStrictMode: 	at android.app.ActivityThread.main(ActivityThread.java:7918)
11-26 23:18:42.598 26837 22933 W GmsStrictMode: 	at java.lang.reflect.Method.invoke(Native Method)
11-26 23:18:42.598 26837 22933 W GmsStrictMode: 	at com.android.internal.os.RuntimeInit$MethodAndArgsCaller.run(RuntimeInit.java:548)
11-26 23:18:42.598 26837 22933 W GmsStrictMode: 	at com.android.internal.os.ZygoteInit.main(ZygoteInit.java:936)
11-26 23:18:42.606  3875  3875 W VISHotwordAdapter: gsaVis null binding. HDM in use.
11-26 23:18:42.627  1795  3807 W PackageConfigPersister: App-specific configuration not found for packageName: com.chrome.canary and userId: 0
11-26 23:18:42.633  1011  1189 I ASH     : @ 383974.804: tcs3701: stop power rail pending_off timer
11-26 23:18:42.633  1011  1189 D ASH     : @ 383974.804: tcs3701: start power rail timer, state:3
11-26 23:18:42.638  1795  2387 D ActivityManager: freezer override set to true
11-26 23:18:42.642  1795  3807 D CompatibilityChangeReporter: Compat change id reported: 161252188; UID 10010; state: DISABLED
11-26 23:18:42.643  1795  3807 I ActivityTaskManager: START u0 {act=android.intent.action.VIEW dat=https://playground.babylonjs.com/... flg=0x10000000 cmp=com.chrome.canary/com.google.android.apps.chrome.Main} from uid 2000
11-26 23:18:42.644  1795  3807 D CompatibilityChangeReporter: Compat change id reported: 265464455; UID 10010; state: DISABLED
11-26 23:18:42.644  1795  3807 D CompatibilityChangeReporter: Compat change id reported: 265452344; UID 10010; state: DISABLED
11-26 23:18:42.644  1795  3807 D CompatibilityChangeReporter: Compat change id reported: 266124927; UID 10010; state: DISABLED
11-26 23:18:42.644  1795  3807 D CompatibilityChangeReporter: Compat change id reported: 265451093; UID 10010; state: DISABLED
11-26 23:18:42.644  1795  3807 D CompatibilityChangeReporter: Compat change id reported: 265456536; UID 10010; state: DISABLED
11-26 23:18:42.645  1795  3807 D CompatibilityChangeReporter: Compat change id reported: 255940284; UID 10010; state: DISABLED
11-26 23:18:42.645  1795  3807 D CompatibilityChangeReporter: Compat change id reported: 236283604; UID 10010; state: DISABLED
11-26 23:18:42.645  1795  3807 D CompatibilityChangeReporter: Compat change id reported: 263959004; UID 10010; state: DISABLED
11-26 23:18:42.645  1795  3807 D CompatibilityChangeReporter: Compat change id reported: 264304459; UID 10010; state: DISABLED
11-26 23:18:42.645  1795  3807 D CompatibilityChangeReporter: Compat change id reported: 264301586; UID 10010; state: DISABLED
11-26 23:18:42.645  1795  3807 D CompatibilityChangeReporter: Compat change id reported: 254631730; UID 10010; state: DISABLED
11-26 23:18:42.646  1795  3807 D CompatibilityChangeReporter: Compat change id reported: 273509367; UID 10010; state: DISABLED
11-26 23:18:42.646  1795  3807 D CompatibilityChangeReporter: Compat change id reported: 263259275; UID 10010; state: DISABLED
11-26 23:18:42.646  1795  3807 D CompatibilityChangeReporter: Compat change id reported: 194480991; UID 10010; state: ENABLED
11-26 23:18:42.647  1795  3807 D CompatibilityChangeReporter: Compat change id reported: 174042980; UID 10010; state: DISABLED
11-26 23:18:42.648  1795  3807 D CompatibilityChangeReporter: Compat change id reported: 197654537; UID 10010; state: ENABLED
11-26 23:18:42.649  1795  3807 D CompatibilityChangeReporter: Compat change id reported: 181136395; UID 10010; state: DISABLED
11-26 23:18:42.649  1795  3807 D CompatibilityChangeReporter: Compat change id reported: 174042936; UID 10010; state: DISABLED
11-26 23:18:42.652  1795  3807 D CompatibilityChangeReporter: Compat change id reported: 194833441; UID 10010; state: ENABLED
11-26 23:18:42.653  1795  2387 D ActivityManager: freezer override set to false
11-26 23:18:42.655  8427  8467 I BatteryMgr:DataCollectionService: stats => 1701037122655,12207,4443,2136,4169000,100
11-26 23:18:42.669 26940 26940 W cr_ActivityDispatcher: CustomTabsIntent#shouldAlwaysUseBrowserUI() = false
11-26 23:18:42.669 26940 26940 I cr_VideoPersist: Exited picture in picture with reason: 0
11-26 23:18:42.670 26940 26940 E cr_IntentUtils: getInt failed on bundle null
11-26 23:18:42.673  1011  1189 I ASH     : @ 383974.844: tcs3701: stop power rail pending_off timer
11-26 23:18:42.673  1011  1189 D ASH     : @ 383974.844: tcs3701: start power rail timer, state:3
11-26 23:18:42.686  1795  2120 D CompatibilityChangeReporter: Compat change id reported: 143937733; UID 10010; state: ENABLED
11-26 23:18:42.695 26991 26991 D Zygote  : Forked child process 27226
11-26 23:18:42.696 26940 26940 W cr_ActivityDispatcher: CustomTabsIntent#shouldAlwaysUseBrowserUI() = false
11-26 23:18:42.697  1795  2120 I ActivityManager: Start proc 27226:com.chrome.canary:sandboxed_process0:org.chromium.content.app.SandboxedProcessService0:2/u0ai2 for  {com.chrome.canary/org.chromium.content.app.SandboxedProcessService0:2}
11-26 23:18:42.699 27226 27226 E libc    : SetHeapTaggingLevel: re-enabling tagging after it was disabled is not supported
11-26 23:18:42.707 27226 27226 I ocessService0:2: Using CollectorTypeCC GC.
11-26 23:18:42.713  1011  1189 I ASH     : @ 383974.884: tcs3701: stop power rail pending_off timer
11-26 23:18:42.713  1011  1189 D ASH     : @ 383974.884: tcs3701: start power rail timer, state:3
11-26 23:18:42.717  1383  1442 I adbd    : jdwp connection from 27226
11-26 23:18:42.723  1795  3658 D CompatibilityChangeReporter: Compat change id reported: 168419799; UID 10010; state: DISABLED
11-26 23:18:42.723  1795  3658 D CompatibilityChangeReporter: Compat change id reported: 273564678; UID 10010; state: DISABLED
11-26 23:18:42.723 26940 26940 I cr_OfflineDetector: Running updateState mConnectivityDetectorInitialized: true, mTimeWhenLastForegrounded: 383971538, getElapsedTime: 383971538, mTimeWhenLastOfflineNotificationReceived: 0, mTimeWhenLastOnline: 383969799, mTimeWhenAirplaneModeToggledOff: 0 mApplicationState: 1, mIsOfflineLastReportedByConnectivityDetector: false, mInAirplaneMode: false mIsEffectivelyOffline: false
11-26 23:18:42.723 26940 26940 I cr_OfflineDetector: updateState(): timeSinceLastForeground: 0, timeSinceOfflineNotificationReceived: 383971538, timeSinceLastOnline: 1739, timeNeededForForeground: 2000, timeNeededForOffline: -383969538 timeSinceAirplaneModeToggledOff: 383971538 timeNeededAfterConnectionChangeFromOnlineToOffline: 8261 timeNeededAfterConnectionChangeFromAirplaneToOffline: 0
11-26 23:18:42.723 26940 26940 I cr_OfflineDetector: Running mUpdateOfflineStatusIndicatorDelayedRunnable start. mConnectivityDetectorInitialized: true, mTimeWhenLastForegrounded: 383971538, getElapsedTime: 383971538, mTimeWhenLastOfflineNotificationReceived: 0, mTimeWhenLastOnline: 383969799, mTimeWhenAirplaneModeToggledOff: 0 mApplicationState: 1, mIsOfflineLastReportedByConnectivityDetector: false, mInAirplaneMode: false mIsEffectivelyOffline: false
11-26 23:18:42.726  3657  4441 D ForegroundUtils: Foreground UID status:
11-26 23:18:42.726  3657  4441 D ForegroundUtils: UID: 10010 is in foreground: true
11-26 23:18:42.726  3657  4441 D ForegroundUtils: UID: 10128 is in foreground: true
11-26 23:18:42.726  3657  4441 D ForegroundUtils: UID: 10158 is in foreground: true
11-26 23:18:42.726  3657  4441 D ForegroundUtils: UID: 10189 is in foreground: false
11-26 23:18:42.726  3657  4441 D ForegroundUtils: UID: 10194 is in foreground: true
11-26 23:18:42.726  3657  4441 D ForegroundUtils: UID: 10206 is in foreground: false
11-26 23:18:42.726  3657  4441 D ForegroundUtils: UID: 10233 is in foreground: true
11-26 23:18:42.726  3657  4441 D ForegroundUtils: UID: 10244 is in foreground: false
11-26 23:18:42.726  3657  4441 D ForegroundUtils: UID: 10319 is in foreground: true
11-26 23:18:42.726  3657  4441 D ForegroundUtils: UID: 90000 is in foreground: true
11-26 23:18:42.726  3657  4441 D ForegroundUtils: UID: 90002 is in foreground: true
11-26 23:18:42.727 27226 27226 I ActivityThread: Relaunch all activities: onCoreSettingsChange
11-26 23:18:42.728 26940 26940 I cr_InactivityTracker: Last background time read from the SharedPreference is:1701037122657.
11-26 23:18:42.728 27226 27226 D CompatibilityChangeReporter: Compat change id reported: 171979766; UID 90002; state: ENABLED
11-26 23:18:42.730 26940 26940 I cr_VideoPersist: Exited picture in picture with reason: 0
11-26 23:18:42.732  1795  3658 D CompatibilityChangeReporter: Compat change id reported: 161145287; UID 10010; state: DISABLED
11-26 23:18:42.732 26940 26940 I cr_InactivityTracker: Last visible time read from the SharedPreference is:1701037121080.
11-26 23:18:42.745 27226 27226 I LoadedApk: No resource references to update in package com.google.android.trichromelibrary.canary
11-26 23:18:42.745 27226 27226 D NetworkSecurityConfig: Using Network Security Config from resource 0_resource_name_obfuscated debugBuild: false
11-26 23:18:42.746 27226 27226 D NetworkSecurityConfig: Using Network Security Config from resource 0_resource_name_obfuscated debugBuild: false
11-26 23:18:42.748 27226 27226 I cr_SplitCompatApp: Launched version=121.0.6145.0 minSdkVersion=29 isBundle=true processName=com.chrome.canary:sandboxed_process0:org.chromium.content.app.SandboxedProcessService0:2 isIsolated=true
11-26 23:18:42.752 27226 27226 W SystemServiceRegistry: No service published for: uimode
11-26 23:18:42.753  1011  1189 I ASH     : @ 383974.924: tcs3701: stop power rail pending_off timer
11-26 23:18:42.753  1011  1189 D ASH     : @ 383974.924: tcs3701: start power rail timer, state:3
11-26 23:18:42.757  1795  3658 D CompatibilityChangeReporter: Compat change id reported: 214016041; UID 10010; state: ENABLED
11-26 23:18:42.758 27226 27226 I cr_ChildProcessService: Creating new ChildProcessService pid=27226
11-26 23:18:42.760  3375  3375 I GoogleInputMethodService: GoogleInputMethodService.onFinishInput():3154 
11-26 23:18:42.761  8427  8467 I BatteryMgr:DataCollectionService: stats => 1701037122761,12207,4443,2136,4169000,100
11-26 23:18:42.762  3375  3375 I GoogleInputMethodService: GoogleInputMethodService.updateDeviceLockedStatus():2088 repeatCheckTimes = 0, locked = false
11-26 23:18:42.762  3375  3375 I GoogleInputMethodService: GoogleInputMethodService.onStartInput():1883 onStartInput(EditorInfo{EditorInfo{packageName=com.chrome.canary, inputType=0, inputTypeString=NULL, enableLearning=false, autoCorrection=false, autoComplete=false, imeOptions=12000000, privateImeOptions=null, actionName=UNSPECIFIED, actionLabel=null, initialSelStart=-1, initialSelEnd=-1, initialCapsMode=0, label=null, fieldId=-1, fieldName=null, extras=null, hintText=null, hintLocales=[]}}, false)
11-26 23:18:42.763  3375  3375 I GoogleInputMethodService: GoogleInputMethodService.updateDeviceLockedStatus():2088 repeatCheckTimes = 1, locked = false
11-26 23:18:42.772 27226 27241 I cr_LibraryLoader: Successfully loaded native library
11-26 23:18:42.772 27226 27241 I cr_CachingUmaRecorder: Flushed 3 samples from 3 histograms, 0 samples were dropped.
11-26 23:18:42.775 26940 26940 I cr_A11yState: Enabled accessibility services list updated.
11-26 23:18:42.776 26940 26940 I cr_A11yState: Informing listeners of changes.
11-26 23:18:42.777 26940 26940 I cr_A11yState: New AccessibilityState: State{isScreenReaderEnabled=false, isTouchExplorationEnabled=false, isPerformGesturesEnabled=false, isAnyAccessibilityServiceEnabled=false, isAccessibilityToolPresent=false, isSpokenFeedbackServicePresent=false, isTextShowPasswordEnabled=true, isOnlyPasswordManagersEnabled=false}
11-26 23:18:42.788 26940 27010 W chromium: [WARNING:ev_root_ca_metadata.cc(119)] Not implemented
11-26 23:18:42.793  1011  1189 I ASH     : @ 383974.964: tcs3701: stop power rail pending_off timer
11-26 23:18:42.795  1011  1189 D ASH     : @ 383974.964: tcs3701: start power rail timer, state:3
11-26 23:18:42.805 26940 27012 W chromium: [WARNING:ev_root_ca_metadata.cc(119)] Not implemented
11-26 23:18:42.815 26940 27012 W chromium: [WARNING:ev_root_ca_metadata.cc(119)] Not implemented
11-26 23:18:42.815 26940 27012 W chromium: [WARNING:ev_root_ca_metadata.cc(119)] Not implemented
11-26 23:18:42.833  1011  1189 I ASH     : @ 383975.004: tcs3701: stop power rail pending_off timer
11-26 23:18:42.833  1011  1189 D ASH     : @ 383975.004: tcs3701: start power rail timer, state:3
11-26 23:18:42.857 27226 27241 I tflite  : Initialized TensorFlow Lite runtime.
11-26 23:18:42.857 27226 27241 W libc    : Access denied finding property "ro.mediatek.platform"
11-26 23:18:42.857 27226 27241 W libc    : Access denied finding property "ro.chipname"
11-26 23:18:42.857 27226 27241 W libc    : Access denied finding property "ro.hardware.chipname"
11-26 23:18:42.866  8427  8467 I BatteryMgr:DataCollectionService: stats => 1701037122866,12207,4443,2136,4169000,100
11-26 23:18:42.873  1011  1189 I ASH     : @ 383975.044: tcs3701: stop power rail pending_off timer
11-26 23:18:42.873  1011  1189 D ASH     : @ 383975.044: tcs3701: start power rail timer, state:3
11-26 23:18:42.879 26940 27010 W chromium: [WARNING:ev_root_ca_metadata.cc(119)] Not implemented
11-26 23:18:42.913  1011  1189 I ASH     : @ 383975.084: tcs3701: stop power rail pending_off timer
11-26 23:18:42.913  1011  1189 D ASH     : @ 383975.084: tcs3701: start power rail timer, state:3
11-26 23:18:42.953  1011  1189 I ASH     : @ 383975.124: tcs3701: stop power rail pending_off timer
11-26 23:18:42.953  1011  1189 D ASH     : @ 383975.124: tcs3701: start power rail timer, state:3
11-26 23:18:42.976  8427  8467 I BatteryMgr:DataCollectionService: stats => 1701037122976,12207,4443,2136,4169000,100
11-26 23:18:42.993  1011  1189 I ASH     : @ 383975.164: tcs3701: stop power rail pending_off timer
11-26 23:18:42.993  1011  1189 D ASH     : @ 383975.164: tcs3701: start power rail timer, state:3
11-26 23:18:42.999  8549  8561 I native  : I0000 00:00:1701037122.998945    8561 device_profile_database_helpers.cc:563] Found nothing for mTS_ld
11-26 23:18:42.999  8549  8561 I native  : I0000 00:00:1701037122.999196    8561 device_profile_database_helpers.cc:563] Found nothing for redfin/redfin
11-26 23:18:42.999  8549  8561 I native  : I0000 00:00:1701037122.999245    8561 device_profile_database_helpers.cc:550] Considering b4SrL5:11
11-26 23:18:42.999  8549  8561 I native  : I0000 00:00:1701037122.999301    8561 device_profile_database_helpers.cc:509] Device profile for google/redfin/redfin:13/TQ3A.230901.001/10750268:user/release-keys: b4SrL5:11
11-26 23:18:43.009  1011  1189 I VSC     : @ 383975.180: {Fusion} configure fusion 15 16666us 0us.
11-26 23:18:43.009  1011  1189 D VSC     : @ 383975.180: [Game Rotation Vector Sensor] Request accel, interval 16.6 ms, latency 0.0 ms
11-26 23:18:43.009  1011  1189 D VSC     : @ 383975.180: [Game Rotation Vector Sensor] Request gyro, interval 5.0 ms, latency 0.0 ms
11-26 23:18:43.019 26940 27009 W chromium: [WARNING:ev_root_ca_metadata.cc(119)] Not implemented
11-26 23:18:43.019 26940 27009 W chromium: [WARNING:ev_root_ca_metadata.cc(119)] Not implemented
11-26 23:18:43.023  1011  1189 D ASH     : @ 383975.193: SensorType 1 resampler quality 3
11-26 23:18:43.030  1011  1189 D ASH     : @ 383975.201: SensorType 1 resampler quality 2
11-26 23:18:43.033  1011  1189 I ASH     : @ 383975.204: tcs3701: stop power rail pending_off timer
11-26 23:18:43.033  1011  1189 D ASH     : @ 383975.204: tcs3701: start power rail timer, state:3
11-26 23:18:43.033  1011  1189 D ASH     : @ 383975.204: SensorType 195 resampler quality 1
11-26 23:18:43.073  1011  1189 I ASH     : @ 383975.244: tcs3701: stop power rail pending_off timer
11-26 23:18:43.073  1011  1189 D ASH     : @ 383975.244: tcs3701: start power rail timer, state:3
11-26 23:18:43.080  8427  8467 I BatteryMgr:DataCollectionService: stats => 1701037123079,12207,4443,2136,4169000,100
11-26 23:18:43.113  1011  1189 I ASH     : @ 383975.284: tcs3701: stop power rail pending_off timer
11-26 23:18:43.113  1011  1189 D ASH     : @ 383975.284: tcs3701: start power rail timer, state:3
11-26 23:18:43.153  1011  1189 I ASH     : @ 383975.324: tcs3701: stop power rail pending_off timer
11-26 23:18:43.153  1011  1189 D ASH     : @ 383975.324: tcs3701: start power rail timer, state:3
11-26 23:18:43.184  8427  8467 I BatteryMgr:DataCollectionService: stats => 1701037123184,12207,4443,2136,4169000,100
11-26 23:18:43.193  1011  1189 I ASH     : @ 383975.364: tcs3701: stop power rail pending_off timer
11-26 23:18:43.193  1011  1189 D ASH     : @ 383975.364: tcs3701: start power rail timer, state:3
11-26 23:18:43.233  1011  1189 I ASH     : @ 383975.404: tcs3701: stop power rail pending_off timer
11-26 23:18:43.233  1011  1189 D ASH     : @ 383975.404: tcs3701: start power rail timer, state:3
11-26 23:18:43.273  1011  1189 I ASH     : @ 383975.444: tcs3701: stop power rail pending_off timer
11-26 23:18:43.273  1011  1189 D ASH     : @ 383975.444: tcs3701: start power rail timer, state:3
11-26 23:18:43.288  8427  8467 I BatteryMgr:DataCollectionService: stats => 1701037123288,12207,4443,2136,4169000,100
11-26 23:18:43.313  1011  1189 I ASH     : @ 383975.484: tcs3701: stop power rail pending_off timer
11-26 23:18:43.313  1011  1189 D ASH     : @ 383975.484: tcs3701: start power rail timer, state:3
11-26 23:18:43.353  1011  1189 I ASH     : @ 383975.524: tcs3701: stop power rail pending_off timer
11-26 23:18:43.353  1011  1189 D ASH     : @ 383975.524: tcs3701: start power rail timer, state:3
11-26 23:18:43.392  8427  8467 I BatteryMgr:DataCollectionService: stats => 1701037123392,12207,4443,2136,4169000,100
11-26 23:18:43.393  1011  1189 I ASH     : @ 383975.564: tcs3701: stop power rail pending_off timer
11-26 23:18:43.393  1011  1189 D ASH     : @ 383975.564: tcs3701: start power rail timer, state:3
11-26 23:18:43.404  1795  3789 D ActivityManager: freezer override set to true
11-26 23:18:43.416 26940 26951 W m.chrome.canary: Cleared Reference was only reachable from finalizer (only reported once)
11-26 23:18:43.433  1011  1189 I ASH     : @ 383975.604: tcs3701: stop power rail pending_off timer
11-26 23:18:43.433  1011  1189 D ASH     : @ 383975.604: tcs3701: start power rail timer, state:3
11-26 23:18:43.473  1011  1189 I ASH     : @ 383975.644: tcs3701: stop power rail pending_off timer
11-26 23:18:43.473  1011  1189 D ASH     : @ 383975.644: tcs3701: start power rail timer, state:3
11-26 23:18:43.482 26741 26741 E AbstractGmsTracer: Traced class shouldn't be obfuscated: GmsBoundBrokerChimeraService [CONTEXT service_id=259 ]
11-26 23:18:43.483 26741 26741 D BoundBrokerSvc: onBind: Intent { act=com.google.android.gms.common.BIND_SHARED_PREFS pkg=com.google.android.gms }
11-26 23:18:43.483 26741 26741 D BoundBrokerSvc: Loading bound service for intent: Intent { act=com.google.android.gms.common.BIND_SHARED_PREFS pkg=com.google.android.gms }
11-26 23:18:43.484 26741 26741 E AbstractGmsTracer: Traced class shouldn't be obfuscated: SharedPreferencesBoundService [CONTEXT service_id=259 ]
11-26 23:18:43.492 26741 26741 D BoundBrokerSvc: onUnbind: Intent { act=com.google.android.gms.common.BIND_SHARED_PREFS pkg=com.google.android.gms }
11-26 23:18:43.498  8427  8467 I BatteryMgr:DataCollectionService: stats => 1701037123498,12207,4443,2136,4169000,100
11-26 23:18:43.513  1011  1189 I ASH     : @ 383975.684: tcs3701: stop power rail pending_off timer
11-26 23:18:43.513  1011  1189 D ASH     : @ 383975.684: tcs3701: start power rail timer, state:3
11-26 23:18:43.532 22988 23034 W TimedProcessReaper: Memory state is: 125
11-26 23:18:43.553  1011  1189 I ASH     : @ 383975.724: tcs3701: stop power rail pending_off timer
11-26 23:18:43.553  1011  1189 D ASH     : @ 383975.724: tcs3701: start power rail timer, state:3
11-26 23:18:43.575 26940 27004 I m.chrome.canary: Explicit concurrent copying GC freed 316045(6417KB) AllocSpace objects, 1(20KB) LOS objects, 75% free, 11MB/46MB, paused 119us,28us total 55.990ms
11-26 23:18:43.593  1011  1189 I ASH     : @ 383975.764: tcs3701: stop power rail pending_off timer
11-26 23:18:43.593  1011  1189 D ASH     : @ 383975.764: tcs3701: start power rail timer, state:3
11-26 23:18:43.604  8427  8467 I BatteryMgr:DataCollectionService: stats => 1701037123604,12207,4443,2136,4169000,100
11-26 23:18:43.633  1011  1189 I ASH     : @ 383975.804: tcs3701: stop power rail pending_off timer
11-26 23:18:43.633  1011  1189 D ASH     : @ 383975.804: tcs3701: start power rail timer, state:3
11-26 23:18:43.648  1795  3658 D ActivityManager: freezer override set to false
11-26 23:18:43.673  1011  1189 I ASH     : @ 383975.844: tcs3701: stop power rail pending_off timer
11-26 23:18:43.673  1011  1189 D ASH     : @ 383975.844: tcs3701: start power rail timer, state:3
11-26 23:18:43.685  1795  3658 D ActivityManager: freezer override set to true
11-26 23:18:43.690  1795  3658 D ActivityManager: freezer override set to false
11-26 23:18:43.710  8427  8467 I BatteryMgr:DataCollectionService: stats => 1701037123710,12207,4443,2136,4169000,100
11-26 23:18:43.713  1011  1189 I ASH     : @ 383975.884: tcs3701: stop power rail pending_off timer
11-26 23:18:43.713  1011  1189 D ASH     : @ 383975.884: tcs3701: start power rail timer, state:3
11-26 23:18:43.724  1795  2387 D ActivityManager: freezer override set to true
11-26 23:18:43.726  1795  2387 D ActivityManager: freezer override set to false
11-26 23:18:43.753  1011  1189 I ASH     : @ 383975.924: tcs3701: stop power rail pending_off timer
11-26 23:18:43.753  1011  1189 D ASH     : @ 383975.924: tcs3701: start power rail timer, state:3
11-26 23:18:43.793  1011  1189 I ASH     : @ 383975.964: tcs3701: stop power rail pending_off timer
11-26 23:18:43.793  1011  1189 D ASH     : @ 383975.964: tcs3701: start power rail timer, state:3
11-26 23:18:43.814  8427  8467 I BatteryMgr:DataCollectionService: stats => 1701037123814,12207,4443,2136,4169000,100
11-26 23:18:43.833  1011  1189 I ASH     : @ 383976.004: tcs3701: stop power rail pending_off timer
11-26 23:18:43.833  1011  1189 D ASH     : @ 383976.004: tcs3701: start power rail timer, state:3
11-26 23:18:43.838 26940 27010 W chromium: [WARNING:ev_root_ca_metadata.cc(119)] Not implemented
11-26 23:18:43.838 26940 27010 W chromium: [WARNING:ev_root_ca_metadata.cc(119)] Not implemented
11-26 23:18:43.873  1011  1189 I ASH     : @ 383976.044: tcs3701: stop power rail pending_off timer
11-26 23:18:43.873  1011  1189 D ASH     : @ 383976.044: tcs3701: start power rail timer, state:3
11-26 23:18:43.891  2113  2118 I pixel-thermal: skin-therm-monitor: 40.054
11-26 23:18:43.913  1011  1189 I ASH     : @ 383976.084: tcs3701: stop power rail pending_off timer
11-26 23:18:43.913  1011  1189 D ASH     : @ 383976.084: tcs3701: start power rail timer, state:3
11-26 23:18:43.919  8427  8467 I BatteryMgr:DataCollectionService: stats => 1701037123919,12207,4443,2136,4169000,100
11-26 23:18:43.953  1011  1189 I ASH     : @ 383976.124: tcs3701: stop power rail pending_off timer
11-26 23:18:43.953  1011  1189 D ASH     : @ 383976.124: tcs3701: start power rail timer, state:3
11-26 23:18:43.993  1011  1189 I ASH     : @ 383976.164: tcs3701: stop power rail pending_off timer
11-26 23:18:43.993  1011  1189 D ASH     : @ 383976.164: tcs3701: start power rail timer, state:3
11-26 23:18:44.025  8427  8467 I BatteryMgr:DataCollectionService: stats => 1701037124025,12207,4443,2136,4169000,100
11-26 23:18:44.033  1011  1189 I ASH     : @ 383976.204: tcs3701: stop power rail pending_off timer
11-26 23:18:44.033  1011  1189 D ASH     : @ 383976.204: tcs3701: start power rail timer, state:3
11-26 23:18:44.073  1011  1189 I ASH     : @ 383976.244: tcs3701: stop power rail pending_off timer
11-26 23:18:44.073  1011  1189 D ASH     : @ 383976.244: tcs3701: start power rail timer, state:3
11-26 23:18:44.113  1011  1189 I ASH     : @ 383976.284: tcs3701: stop power rail pending_off timer
11-26 23:18:44.113  1011  1189 D ASH     : @ 383976.284: tcs3701: start power rail timer, state:3
11-26 23:18:44.129  8427  8467 I BatteryMgr:DataCollectionService: stats => 1701037124129,12207,4443,2136,4169000,100
11-26 23:18:44.153  1011  1189 I ASH     : @ 383976.324: tcs3701: stop power rail pending_off timer
11-26 23:18:44.153  1011  1189 D ASH     : @ 383976.324: tcs3701: start power rail timer, state:3
11-26 23:18:44.193  1011  1189 I ASH     : @ 383976.364: tcs3701: stop power rail pending_off timer
11-26 23:18:44.193  1011  1189 D ASH     : @ 383976.364: tcs3701: start power rail timer, state:3
11-26 23:18:44.233  1011  1189 I ASH     : @ 383976.404: tcs3701: stop power rail pending_off timer
11-26 23:18:44.233  1011  1189 D ASH     : @ 383976.404: tcs3701: start power rail timer, state:3
11-26 23:18:44.234  8427  8467 I BatteryMgr:DataCollectionService: stats => 1701037124234,12207,4443,2136,4169000,100
11-26 23:18:44.273  1011  1189 I ASH     : @ 383976.444: tcs3701: stop power rail pending_off timer
11-26 23:18:44.273  1011  1189 D ASH     : @ 383976.444: tcs3701: start power rail timer, state:3
11-26 23:18:44.313  1011  1189 I ASH     : @ 383976.484: tcs3701: stop power rail pending_off timer
11-26 23:18:44.313  1011  1189 D ASH     : @ 383976.484: tcs3701: start power rail timer, state:3
11-26 23:18:44.314 27027 27066 I AdrenoVK-0: QUALCOMM build          : 4783c89, I46ff5fc46f
11-26 23:18:44.314 27027 27066 I AdrenoVK-0: Build Date              : 11/30/20
11-26 23:18:44.314 27027 27066 I AdrenoVK-0: Shader Compiler Version : EV031.31.04.01
11-26 23:18:44.314 27027 27066 I AdrenoVK-0: Local Branch            : QPR2
11-26 23:18:44.314 27027 27066 I AdrenoVK-0: Remote Branch           : 
11-26 23:18:44.314 27027 27066 I AdrenoVK-0: Remote Branch           : 
11-26 23:18:44.314 27027 27066 I AdrenoVK-0: Reconstruct Branch      : 
11-26 23:18:44.314 27027 27066 I AdrenoVK-0: Build Config            : S P 10.0.4 AArch64
11-26 23:18:44.314 27027 27066 I AdrenoVK-0: Driver Path             : /vendor/lib64/hw/vulkan.adreno.so
11-26 23:18:44.342  8427  8467 I BatteryMgr:DataCollectionService: stats => 1701037124342,12207,4443,2136,4169000,100
11-26 23:18:44.353  1011  1189 I ASH     : @ 383976.524: tcs3701: stop power rail pending_off timer
11-26 23:18:44.353  1011  1189 D ASH     : @ 383976.524: tcs3701: start power rail timer, state:3
11-26 23:18:44.393  1011  1189 I ASH     : @ 383976.564: tcs3701: stop power rail pending_off timer
11-26 23:18:44.393  1011  1189 D ASH     : @ 383976.564: tcs3701: start power rail timer, state:3
11-26 23:18:44.433  1011  1189 I ASH     : @ 383976.604: tcs3701: stop power rail pending_off timer
11-26 23:18:44.433  1011  1189 D ASH     : @ 383976.604: tcs3701: start power rail timer, state:3
11-26 23:18:44.448  8427  8467 I BatteryMgr:DataCollectionService: stats => 1701037124448,12207,4443,2136,4169000,100
11-26 23:18:44.473  1011  1189 I ASH     : @ 383976.644: tcs3701: stop power rail pending_off timer
11-26 23:18:44.475  1011  1189 D ASH     : @ 383976.644: tcs3701: start power rail timer, state:3
11-26 23:18:44.500 26940 27009 W chromium: [WARNING:ev_root_ca_metadata.cc(119)] Not implemented
11-26 23:18:44.513  1011  1189 I ASH     : @ 383976.684: tcs3701: stop power rail pending_off timer
11-26 23:18:44.513  1011  1189 D ASH     : @ 383976.684: tcs3701: start power rail timer, state:3
11-26 23:18:44.522 26940 27010 W chromium: [WARNING:ev_root_ca_metadata.cc(119)] Not implemented
11-26 23:18:44.553  1011  1189 I ASH     : @ 383976.724: tcs3701: stop power rail pending_off timer
11-26 23:18:44.553  1011  1189 D ASH     : @ 383976.724: tcs3701: start power rail timer, state:3
11-26 23:18:44.555  8427  8467 I BatteryMgr:DataCollectionService: stats => 1701037124555,12207,4443,2136,4169000,100
11-26 23:18:44.571  1795  2387 D ActivityManager: freezer override set to true
11-26 23:18:44.578  1795  2387 D ActivityManager: freezer override set to false
11-26 23:18:44.582  1795  2424 D WifiClientModeImpl[13802:wlan0]: updateLinkLayerStatsRssiSpeedFrequencyCapabilities rssi=-45 TxLinkspeed=866 freq=5240 RxLinkSpeed=866
11-26 23:18:44.583  1795  2424 D WifiDataStall: tx tput in kbps: 680418
11-26 23:18:44.583  1795  2424 D WifiDataStall: rx tput in kbps: 764515
11-26 23:18:44.583  1795  2424 V WifiConfigManager: Updating scan detail cache freq=5240 BSSID=f4:6d:2f:12:cc:88 RSSI=-45 for "ourhome"WPA_PSK
