--------- beginning of main
11-22 22:31:03.146  1011  1189 I ASH     : @ 35515.350: tcs3701: stop power rail pending_off timer
11-22 22:31:03.146  1011  1189 D ASH     : @ 35515.350: tcs3701: start power rail timer, state:3
11-22 22:31:03.159 29153 29185 I BatteryMgr:DataCollectionService: stats => 1700688663159,10070,4448,5493,4169000,100
11-22 22:31:03.186  1011  1189 I ASH     : @ 35515.390: tcs3701: stop power rail pending_off timer
11-22 22:31:03.186  1011  1189 D ASH     : @ 35515.390: tcs3701: start power rail timer, state:3
11-22 22:31:03.226  1011  1189 I ASH     : @ 35515.430: tcs3701: stop power rail pending_off timer
11-22 22:31:03.226  1011  1189 D ASH     : @ 35515.430: tcs3701: start power rail timer, state:3
11-22 22:31:03.266  1011  1189 I ASH     : @ 35515.470: tcs3701: stop power rail pending_off timer
11-22 22:31:03.266  1011  1189 D ASH     : @ 35515.470: tcs3701: start power rail timer, state:3
11-22 22:31:03.277 29153 29185 I BatteryMgr:DataCollectionService: stats => 1700688663277,10070,4448,5493,4169000,100
11-22 22:31:03.306  1011  1189 I ASH     : @ 35515.510: tcs3701: stop power rail pending_off timer
11-22 22:31:03.306  1011  1189 D ASH     : @ 35515.510: tcs3701: start power rail timer, state:3
11-22 22:31:03.338 18583 18583 D AndroidRuntime: >>>>>> START com.android.internal.os.RuntimeInit uid 2000 <<<<<<
11-22 22:31:03.341 18583 18583 I AndroidRuntime: Using default boot image
11-22 22:31:03.341 18583 18583 I AndroidRuntime: Leaving lock profiling enabled
11-22 22:31:03.344 18583 18583 I app_process: Using CollectorTypeCC GC.
11-22 22:31:03.346  1011  1189 I ASH     : @ 35515.550: tcs3701: stop power rail pending_off timer
11-22 22:31:03.346  1011  1189 D ASH     : @ 35515.550: tcs3701: start power rail timer, state:3
11-22 22:31:03.387  1011  1189 I ASH     : @ 35515.590: tcs3701: stop power rail pending_off timer
11-22 22:31:03.387  1011  1189 D ASH     : @ 35515.590: tcs3701: start power rail timer, state:3
11-22 22:31:03.390 29153 29185 I BatteryMgr:DataCollectionService: stats => 1700688663390,10070,4448,5493,4169000,100
11-22 22:31:03.414 18583 18583 D nativeloader: InitDefaultPublicLibraries for_preload=1: libandroid.so:libaaudio.so:libamidi.so:libbinder_ndk.so:libc.so:libcamera2ndk.so:libdl.so:libEGL.so:libGLESv1_CM.so:libGLESv2.so:libGLESv3.so:libicu.so:libicui18n.so:libicuuc.so:libjnigraphics.so:liblog.so:libmediandk.so:libm.so:libnativehelper.so:libnativewindow.so:libOpenMAXAL.so:libOpenSLES.so:libRS.so:libstdc++.so:libsync.so:libvulkan.so:libwebviewchromium_plat_support.so:libz.so
11-22 22:31:03.427  1011  1189 I ASH     : @ 35515.630: tcs3701: stop power rail pending_off timer
11-22 22:31:03.427  1011  1189 D ASH     : @ 35515.630: tcs3701: start power rail timer, state:3
11-22 22:31:03.429 18583 18583 D app_process: Time zone APEX ICU file found: /apex/com.android.tzdata/etc/icu/icu_tzdata.dat
11-22 22:31:03.429 18583 18583 D app_process: I18n APEX ICU file found: /apex/com.android.i18n/etc/icu/icudt70l.dat
11-22 22:31:03.452 18583 18583 D AndroidRuntime: Calling main entry com.android.commands.monkey.Monkey
11-22 22:31:03.453 18583 18583 W Monkey  : args: [-p, com.chrome.canary, 1]
11-22 22:31:03.453 18583 18583 W Monkey  :  arg: "-p"
11-22 22:31:03.453 18583 18583 W Monkey  :  arg: "com.chrome.canary"
11-22 22:31:03.453 18583 18583 W Monkey  :  arg: "1"
11-22 22:31:03.453 18583 18583 W Monkey  : data="com.chrome.canary"
--------- beginning of system
11-22 22:31:03.461  1795  2119 W BroadcastQueue: Skipping deliver [background] BroadcastRecord{3ccd7bb u-1 android.net.conn.CONNECTIVITY_CHANGE} to ReceiverList{d9504d8 18583 (unknown name)/2000/u-1 remote:5484db5}: process gone or crashing
11-22 22:31:03.466  1011  1189 I ASH     : @ 35515.670: tcs3701: stop power rail pending_off timer
11-22 22:31:03.466  1011  1189 D ASH     : @ 35515.670: tcs3701: start power rail timer, state:3
11-22 22:31:03.467  1795  3634 D CompatibilityChangeReporter: Compat change id reported: 161252188; UID 10010; state: DISABLED
11-22 22:31:03.467  1795  3634 I ActivityTaskManager: START u0 {act=android.intent.action.MAIN cat=[android.intent.category.LAUNCHER] flg=0x10200000 cmp=com.chrome.canary/com.google.android.apps.chrome.Main} from uid 2000
11-22 22:31:03.467  1795  3634 D CompatibilityChangeReporter: Compat change id reported: 265464455; UID 10010; state: DISABLED
11-22 22:31:03.468  1795  3634 D CompatibilityChangeReporter: Compat change id reported: 265452344; UID 10010; state: DISABLED
11-22 22:31:03.468  1795  3634 D CompatibilityChangeReporter: Compat change id reported: 266124927; UID 10010; state: DISABLED
11-22 22:31:03.468  1795  3634 D CompatibilityChangeReporter: Compat change id reported: 265451093; UID 10010; state: DISABLED
11-22 22:31:03.468  1795  3634 D CompatibilityChangeReporter: Compat change id reported: 265456536; UID 10010; state: DISABLED
11-22 22:31:03.468  1795  3634 D CompatibilityChangeReporter: Compat change id reported: 255940284; UID 10010; state: DISABLED
11-22 22:31:03.468  1795  3634 D CompatibilityChangeReporter: Compat change id reported: 236283604; UID 10010; state: DISABLED
11-22 22:31:03.468  1795  3634 D CompatibilityChangeReporter: Compat change id reported: 263959004; UID 10010; state: DISABLED
11-22 22:31:03.468  1795  3634 D CompatibilityChangeReporter: Compat change id reported: 264304459; UID 10010; state: DISABLED
11-22 22:31:03.468  1795  3634 D CompatibilityChangeReporter: Compat change id reported: 264301586; UID 10010; state: DISABLED
11-22 22:31:03.468  1795  3634 D CompatibilityChangeReporter: Compat change id reported: 254631730; UID 10010; state: DISABLED
11-22 22:31:03.468  1795  3634 D CompatibilityChangeReporter: Compat change id reported: 273509367; UID 10010; state: DISABLED
11-22 22:31:03.468  1795  3634 D CompatibilityChangeReporter: Compat change id reported: 263259275; UID 10010; state: DISABLED
11-22 22:31:03.468  1795  3634 D CompatibilityChangeReporter: Compat change id reported: 194480991; UID 10010; state: ENABLED
11-22 22:31:03.469  1795  3634 D CompatibilityChangeReporter: Compat change id reported: 174042980; UID 10010; state: DISABLED
11-22 22:31:03.470  1795  3634 D CompatibilityChangeReporter: Compat change id reported: 184838306; UID 10010; state: DISABLED
11-22 22:31:03.470  1795  3634 D CompatibilityChangeReporter: Compat change id reported: 185004937; UID 10010; state: DISABLED
11-22 22:31:03.470  1795  3634 D CompatibilityChangeReporter: Compat change id reported: 181136395; UID 10010; state: DISABLED
11-22 22:31:03.470  1795  3634 D CompatibilityChangeReporter: Compat change id reported: 174042936; UID 10010; state: DISABLED
11-22 22:31:03.471  1795  3634 D CompatibilityChangeReporter: Compat change id reported: 205907456; UID 10010; state: ENABLED
11-22 22:31:03.474  1795  3634 D CompatibilityChangeReporter: Compat change id reported: 194833441; UID 10010; state: ENABLED
11-22 22:31:03.475  2513  2550 W Parcel  : Expecting binder but got null!
11-22 22:31:03.476  1795  2100 D CompatibilityChangeReporter: Compat change id reported: 135634846; UID 10010; state: DISABLED
11-22 22:31:03.476  1795  2149 E system_server: updateValue is called with a value {0, 0, 0, 0, 0, 0, 0, 0, 39, 0, 0, 0, 0, 0, 0, 0, 0, 0, 0, 0, 0, 0, 0, 0, 0}, which is lower than the previous value {0, 22532, 1859, 9153, 1681, 10745, 1278, 1485, 31437, 27978, 6344, 1044, 1218, 1977, 669, 709, 11225, 10720, 1528, 778, 834, 937, 729, 550, 31201}
11-22 22:31:03.476  1795  2149 E system_server: updateValue is called with a value {0, 0, 0, 0, 0, 0, 0, 0, 0, 0, 0, 0, 0, 0, 0, 0, 0, 0, 0, 0, 0, 0, 0, 0, 0}, which is lower than the previous value {0, 87, 7, 64, 5, 87, 17, 36, 66144, 0, 0, 9, 2, 1, 1, 4, 285, 0, 2, 0, 15, 8, 8, 0, 329}
11-22 22:31:03.476  1795  2120 D CompatibilityChangeReporter: Compat change id reported: 143937733; UID 10010; state: ENABLED
11-22 22:31:03.476  1795  1854 D CompatibilityChangeReporter: Compat change id reported: 168419799; UID 10010; state: DISABLED
11-22 22:31:03.476 18583 18583 I Monkey  : Events injected: 1
11-22 22:31:03.476  1795  1854 D CompatibilityChangeReporter: Compat change id reported: 273564678; UID 10010; state: DISABLED
11-22 22:31:03.487  3657  4441 D ForegroundUtils: Foreground UID status:
11-22 22:31:03.487  3657  4441 D ForegroundUtils: UID: 10128 is in foreground: true
11-22 22:31:03.487  3657  4441 D ForegroundUtils: UID: 10145 is in foreground: true
11-22 22:31:03.487  3657  4441 D ForegroundUtils: UID: 10158 is in foreground: true
11-22 22:31:03.487  3657  4441 D ForegroundUtils: UID: 10182 is in foreground: true
11-22 22:31:03.487  3657  4441 D ForegroundUtils: UID: 10189 is in foreground: false
11-22 22:31:03.487  3657  4441 D ForegroundUtils: UID: 10194 is in foreground: true
11-22 22:31:03.487  3657  4441 D ForegroundUtils: UID: 10206 is in foreground: false
11-22 22:31:03.487  3657  4441 D ForegroundUtils: UID: 10207 is in foreground: true
11-22 22:31:03.487  3657  4441 D ForegroundUtils: UID: 10233 is in foreground: true
11-22 22:31:03.487  3657  4441 D ForegroundUtils: UID: 10244 is in foreground: true
11-22 22:31:03.487  3657  4441 D ForegroundUtils: UID: 10304 is in foreground: true
11-22 22:31:03.487  3657  4441 D ForegroundUtils: UID: 99001 is in foreground: true
11-22 22:31:03.487  2513  2550 E OpenGLRenderer: Unable to match the desired swap behavior.
11-22 22:31:03.488 18583 18583 I Monkey  : ## Network stats: elapsed time=17ms (0ms mobile, 0ms wifi, 17ms not connected)
11-22 22:31:03.488 18583 18583 I app_process: System.exit called, status: 0
11-22 22:31:03.488 18583 18583 I AndroidRuntime: VM exiting with result code 0.
11-22 22:31:03.490   987   987 D Zygote  : Forked child process 18602
11-22 22:31:03.491  1795  2120 I ActivityManager: Start proc 18602:com.chrome.canary/u0a10 for next-top-activity {com.chrome.canary/com.google.android.apps.chrome.Main}
11-22 22:31:03.502 29153 29185 I BatteryMgr:DataCollectionService: stats => 1700688663502,10070,4448,5493,4169000,100
11-22 22:31:03.503 18602 18602 I m.chrome.canary: Using CollectorTypeCC GC.
11-22 22:31:03.506  1011  1189 I ASH     : @ 35515.710: tcs3701: stop power rail pending_off timer
11-22 22:31:03.506  1011  1189 D ASH     : @ 35515.710: tcs3701: start power rail timer, state:3
11-22 22:31:03.507  1383  1442 I adbd    : jdwp connection from 18602
11-22 22:31:03.516 18602 18602 I ActivityThread: Relaunch all activities: onCoreSettingsChange
11-22 22:31:03.516 18602 18602 D CompatibilityChangeReporter: Compat change id reported: 171979766; UID 10010; state: ENABLED
11-22 22:31:03.517  3657  4441 D ForegroundUtils: Foreground UID status:
11-22 22:31:03.517  3657  4441 D ForegroundUtils: UID: 10010 is in foreground: true
11-22 22:31:03.517  3657  4441 D ForegroundUtils: UID: 10128 is in foreground: true
11-22 22:31:03.517  3657  4441 D ForegroundUtils: UID: 10145 is in foreground: true
11-22 22:31:03.517  3657  4441 D ForegroundUtils: UID: 10158 is in foreground: true
11-22 22:31:03.517  3657  4441 D ForegroundUtils: UID: 10182 is in foreground: true
11-22 22:31:03.517  3657  4441 D ForegroundUtils: UID: 10189 is in foreground: false
11-22 22:31:03.517  3657  4441 D ForegroundUtils: UID: 10194 is in foreground: true
11-22 22:31:03.517  3657  4441 D ForegroundUtils: UID: 10206 is in foreground: false
11-22 22:31:03.517  3657  4441 D ForegroundUtils: UID: 10207 is in foreground: true
11-22 22:31:03.517  3657  4441 D ForegroundUtils: UID: 10233 is in foreground: true
11-22 22:31:03.517  3657  4441 D ForegroundUtils: UID: 10244 is in foreground: true
11-22 22:31:03.517  3657  4441 D ForegroundUtils: UID: 10304 is in foreground: true
11-22 22:31:03.517  3657  4441 D ForegroundUtils: UID: 99001 is in foreground: true
11-22 22:31:03.518 18602 18602 W ziparchive: Unable to open '/data/app/~~-FnXeb6__ecKd-dFZ4kZZA==/com.google.android.trichromelibrary.canary_613700033-7Q2vBiD9q0nCftKFg-pq8w==/base.dm': No such file or directory
11-22 22:31:03.518 18602 18602 W ziparchive: Unable to open '/data/app/~~-FnXeb6__ecKd-dFZ4kZZA==/com.google.android.trichromelibrary.canary_613700033-7Q2vBiD9q0nCftKFg-pq8w==/base.dm': No such file or directory
11-22 22:31:03.519 18602 18602 W m.chrome.canary: Entry not found
11-22 22:31:03.519 18602 18602 D nativeloader: Configuring clns-4 for other apk /data/app/~~-FnXeb6__ecKd-dFZ4kZZA==/com.google.android.trichromelibrary.canary_613700033-7Q2vBiD9q0nCftKFg-pq8w==/base.apk. target_sdk_version=34, uses_libraries=ALL, library_path=/data/app/~~dutrJzl_xJkEyCCvIkexCw==/com.chrome.canary-4jcd8srf2WXxld2NC1r69A==/lib/arm64:/data/app/~~dutrJzl_xJkEyCCvIkexCw==/com.chrome.canary-4jcd8srf2WXxld2NC1r69A==/base.apk!/lib/arm64-v8a:/data/app/~~-FnXeb6__ecKd-dFZ4kZZA==/com.google.android.trichromelibrary.canary_613700033-7Q2vBiD9q0nCftKFg-pq8w==/base.apk!/lib/arm64-v8a, permitted_path=/data:/mnt/expand:/data/user/0/com.chrome.canary
11-22 22:31:03.524 18602 18602 D nativeloader: Configuring clns-5 for other apk /data/app/~~dutrJzl_xJkEyCCvIkexCw==/com.chrome.canary-4jcd8srf2WXxld2NC1r69A==/base.apk. target_sdk_version=34, uses_libraries=, library_path=/data/app/~~dutrJzl_xJkEyCCvIkexCw==/com.chrome.canary-4jcd8srf2WXxld2NC1r69A==/lib/arm64:/data/app/~~dutrJzl_xJkEyCCvIkexCw==/com.chrome.canary-4jcd8srf2WXxld2NC1r69A==/base.apk!/lib/arm64-v8a:/data/app/~~-FnXeb6__ecKd-dFZ4kZZA==/com.google.android.trichromelibrary.canary_613700033-7Q2vBiD9q0nCftKFg-pq8w==/base.apk!/lib/arm64-v8a, permitted_path=/data:/mnt/expand:/data/user/0/com.chrome.canary
11-22 22:31:03.531 18602 18602 V GraphicsEnvironment: ANGLE Developer option for 'com.chrome.canary' set to: 'default'
11-22 22:31:03.531 18602 18602 V GraphicsEnvironment: ANGLE GameManagerService for com.chrome.canary: false
11-22 22:31:03.531 18602 18602 V GraphicsEnvironment: Updatable production driver is not supported on the device.
11-22 22:31:03.533 18602 18602 I LoadedApk: No resource references to update in package com.google.android.trichromelibrary.canary
11-22 22:31:03.533 18602 18602 D NetworkSecurityConfig: Using Network Security Config from resource 0_resource_name_obfuscated debugBuild: false
11-22 22:31:03.533 18602 18602 D NetworkSecurityConfig: Using Network Security Config from resource 0_resource_name_obfuscated debugBuild: false
11-22 22:31:03.533 18602 18602 I cr_SplitCompatApp: Launched version=121.0.6137.0 minSdkVersion=29 isBundle=true processName=com.chrome.canary isIsolated=false
11-22 22:31:03.546  1011  1189 I ASH     : @ 35515.750: tcs3701: stop power rail pending_off timer
11-22 22:31:03.546  1011  1189 D ASH     : @ 35515.750: tcs3701: start power rail timer, state:3
11-22 22:31:03.552 18602 18622 I cr_LibraryLoader: Loading monochrome_64 from within /data/app/~~dutrJzl_xJkEyCCvIkexCw==/com.chrome.canary-4jcd8srf2WXxld2NC1r69A==/base.apk
11-22 22:31:03.554  1795  2855 D CompatibilityChangeReporter: Compat change id reported: 161145287; UID 10010; state: DISABLED
11-22 22:31:03.554 18602 18622 I cr_Linker: loadLibraryImplLocked: monochrome_64, relroMode=1
11-22 22:31:03.563 18602 18622 I cr_LibraryLoader: Successfully loaded native library
11-22 22:31:03.563 18602 18622 I cr_CachingUmaRecorder: Flushed 20 samples from 18 histograms, 0 samples were dropped.
11-22 22:31:03.576  3875  3875 I dzhj    : onPause
11-22 22:31:03.579  3604  3604 I hitl    : (REDACTED) received broadcast: %s
11-22 22:31:03.581  3604  4197 I hito    : (REDACTED) received broadcast: %s
11-22 22:31:03.582  3604  4197 I hioo    : (REDACTED) #onConfigUpdate. requester: %s
11-22 22:31:03.582 18602 18602 I cr_MultiInstance: Removed invalid instance data. Removed tasks-instance mappings: [Chrome.MultiInstance.TaskMap.0 - 1277] and shared prefs for instances: []
11-22 22:31:03.582  3604  4263 I hioo    : #onConfigUpdate inside sequencer
11-22 22:31:03.582 18602 18602 I cr_MultiInstance: Existing Instance - persisted and unmapped Id allocated: 0
11-22 22:31:03.582  3604  4263 I hilg    : (REDACTED) Voice Match (Speaker-id) supported : %b 
11-22 22:31:03.582 18602 18627 W DynamiteModule: Local module descriptor class for com.google.android.gms.googlecertificates not found.
11-22 22:31:03.582  3604  4263 I hilg    : (REDACTED) hotword enrollment state is enrolled:  %b, speakerId model exist: %b. Voice Match supported : %b 
11-22 22:31:03.583  3604  4263 I hilg    : (REDACTED) isHotwordAvailable():  %b, isHotwordEnabled() %b 
11-22 22:31:03.583  3604  4263 I hilg    : (REDACTED) isHotwordAvailable():  %b, isHotwordEnabled() %b 
11-22 22:31:03.583  3604  4263 I hilg    : (REDACTED) Hotword enrollment state : %s.
11-22 22:31:03.583  3604  4263 I hilg    : (REDACTED) Voice Match (Speaker-id) supported : %b 
11-22 22:31:03.583  3604  4263 I hilg    : (REDACTED) Voice Match (Speaker-id) supported : %b 
11-22 22:31:03.583  3604  4263 I hilg    : (REDACTED) hotword enrollment state is enrolled:  %b, speakerId model exist: %b, voice match supported : %b
11-22 22:31:03.583  3604  4263 I hilg    : (REDACTED) Hotword isNonVoiceMatchHotwordEnabled: %b, isHotwordAvailable: %b, isHotwordEnabled: %b, isVoiceMatchSupported: %b, isHotwordEnrolled: %b,
11-22 22:31:03.583  3604  4263 I hioo    : (REDACTED) Ignore the legacy hotword request. voice match enabled %b, isHotwordSupported %b, isIncompleteEnrollmentState %b, nonVoiceMatchHotwordEnabled %b
11-22 22:31:03.584 18602 18602 I cr_MultiInstance: Intent action: android.intent.action.MAIN
11-22 22:31:03.584 18602 18602 I cr_MultiInstance: Intent routed via ChromeLauncherActivity: false
11-22 22:31:03.584 18602 18602 I cr_MultiInstance: Referrer: android-app://com.android.shell
11-22 22:31:03.584 18602 18602 I cr_MultiInstance: Intent contains LAUNCHER category: true
11-22 22:31:03.584 18602 18602 I cr_MultiInstance: Intent contains FLAG_ACTIVITY_MULTIPLE_TASK: false
11-22 22:31:03.584 18602 18602 I cr_MultiInstance: Intent contains FLAG_ACTIVITY_NEW_TASK: true
11-22 22:31:03.584 18602 18602 I cr_MultiInstance: Intent component: com.google.android.apps.chrome.Main
11-22 22:31:03.584 18602 18602 I cr_MultiInstance: Intent sent by OS: false
11-22 22:31:03.584 18602 18602 I cr_MultiInstance: @ExternalAppId of intent source: 0
11-22 22:31:03.584 18602 18602 I cr_MultiInstance: Are all instances running: false
11-22 22:31:03.584 18602 18602 I cr_MultiInstance: Window allocation type: 6
11-22 22:31:03.584 18602 18602 I cr_MultiInstance: Window ID allocated: 0
11-22 22:31:03.584 18602 18602 W cr_ActivityDispatcher: CustomTabsIntent#shouldAlwaysUseBrowserUI() = false
11-22 22:31:03.584 18602 18602 D CompatibilityChangeReporter: Compat change id reported: 183155436; UID 10010; state: ENABLED
11-22 22:31:03.586  1011  1189 I ASH     : @ 35515.790: tcs3701: stop power rail pending_off timer
11-22 22:31:03.586  1011  1189 D ASH     : @ 35515.790: tcs3701: start power rail timer, state:3
11-22 22:31:03.591 18602 18627 I DynamiteModule: Considering local module com.google.android.gms.googlecertificates:0 and remote module com.google.android.gms.googlecertificates:7
11-22 22:31:03.591 18602 18627 I DynamiteModule: Selected remote version of com.google.android.gms.googlecertificates, version >= 7
11-22 22:31:03.591 18602 18602 E m.chrome.canary: Invalid ID 0x00000000.
11-22 22:31:03.593 18602 18602 I cr_SplitCompatClassLoader: Splits: null
11-22 22:31:03.596 18602 18627 W System  : ClassLoader referenced unknown path: 
11-22 22:31:03.596 18602 18627 D nativeloader: Configuring clns-6 for other apk . target_sdk_version=34, uses_libraries=, library_path=/data/app/~~kuQRvAzVZuE4Ro2oLuwWdQ==/com.google.android.gms-oAttmqgZrSU_NO_sHK9RSA==/lib/arm64:/data/app/~~kuQRvAzVZuE4Ro2oLuwWdQ==/com.google.android.gms-oAttmqgZrSU_NO_sHK9RSA==/base.apk!/lib/arm64-v8a, permitted_path=/data:/mnt/expand:/data/user/0/com.google.android.gms
11-22 22:31:03.611 29153 29185 I BatteryMgr:DataCollectionService: stats => 1700688663611,10070,4448,5493,4169000,100
11-22 22:31:03.612 18602 18602 W cr_ActivityDispatcher: CustomTabsIntent#shouldAlwaysUseBrowserUI() = false
11-22 22:31:03.617  3074  3074 E AbstractGmsTracer: Traced class shouldn't be obfuscated: GmsApiChimeraService [CONTEXT service_id=259 ]
11-22 22:31:03.617  3074  3074 D BoundBrokerSvc: onBind: Intent { act=com.google.android.gms.phenotype.service.START pkg=com.google.android.gms }
11-22 22:31:03.617  3074  3074 D BoundBrokerSvc: Loading bound service for intent: Intent { act=com.google.android.gms.phenotype.service.START pkg=com.google.android.gms }
11-22 22:31:03.617 18602 18602 I cr_CompositorSurfaceMgr: Transitioning to surface with format: -1
11-22 22:31:03.618  3074  3074 E AbstractGmsTracer: Traced class shouldn't be obfuscated: PhenotypeChimeraService [CONTEXT service_id=259 ]
11-22 22:31:03.626  1011  1189 I ASH     : @ 35515.830: tcs3701: stop power rail pending_off timer
11-22 22:31:03.626  1011  1189 D ASH     : @ 35515.830: tcs3701: start power rail timer, state:3
11-22 22:31:03.629 18602 18602 D CompatibilityChangeReporter: Compat change id reported: 210923482; UID 10010; state: ENABLED
11-22 22:31:03.657 18602 18602 D CompatibilityChangeReporter: Compat change id reported: 193247900; UID 10010; state: ENABLED
11-22 22:31:03.666  1011  1189 I ASH     : @ 35515.870: tcs3701: stop power rail pending_off timer
11-22 22:31:03.666  1011  1189 D ASH     : @ 35515.870: tcs3701: start power rail timer, state:3
11-22 22:31:03.676 18602 18602 W cr_ActivityDispatcher: CustomTabsIntent#shouldAlwaysUseBrowserUI() = false
11-22 22:31:03.682 18602 18602 D CompatibilityChangeReporter: Compat change id reported: 237531167; UID 10010; state: DISABLED
11-22 22:31:03.687 18602 18637 W Parcel  : Expecting binder but got null!
11-22 22:31:03.693  1795  2262 D CoreBackPreview: Window{f37b2ba u0 com.chrome.canary/com.google.android.apps.chrome.Main}: Setting back callback OnBackInvokedCallbackInfo{mCallback=android.window.IOnBackInvokedCallback$Stub$Proxy@5781d61, mPriority=-1}
11-22 22:31:03.695  1795  2120 D CompatibilityChangeReporter: Compat change id reported: 143937733; UID 10010; state: ENABLED
11-22 22:31:03.696  1795  2120 D CompatibilityChangeReporter: Compat change id reported: 135634846; UID 10010; state: DISABLED
11-22 22:31:03.696  1795  2120 D CompatibilityChangeReporter: Compat change id reported: 207557677; UID 10010; state: ENABLED
11-22 22:31:03.696   987   987 W Zygote  : forkRepeatedly terminated due to non-simple command
11-22 22:31:03.696   987   987 D Zygote  : mbuffer starts with 15, nice name is com.chrome.canary_zygote, mEnd = 410, mNext = 191, mLinesLeft = 6, mFd = 5
11-22 22:31:03.703   987   987 D Zygote  : Forked child process 18646
11-22 22:31:03.706  1011  1189 I ASH     : @ 35515.910: tcs3701: stop power rail pending_off timer
11-22 22:31:03.706 18646 18646 I libc    : SetHeapTaggingLevel: tag level set to 0
11-22 22:31:03.706  1011  1189 D ASH     : @ 35515.910: tcs3701: start power rail timer, state:3
11-22 22:31:03.706 18602 18637 I AdrenoGLES-0: QUALCOMM build                   : 4783c89, I46ff5fc46f
11-22 22:31:03.706 18602 18637 I AdrenoGLES-0: Build Date                       : 11/30/20
11-22 22:31:03.706 18602 18637 I AdrenoGLES-0: OpenGL ES Shader Compiler Version: EV031.31.04.01
11-22 22:31:03.706 18602 18637 I AdrenoGLES-0: Local Branch                     : QPR2
11-22 22:31:03.706 18602 18637 I AdrenoGLES-0: Remote Branch                    : 
11-22 22:31:03.706 18602 18637 I AdrenoGLES-0: Remote Branch                    : 
11-22 22:31:03.706 18602 18637 I AdrenoGLES-0: Reconstruct Branch               : 
11-22 22:31:03.706 18602 18637 I AdrenoGLES-0: Build Config                     : S P 10.0.4 AArch64
11-22 22:31:03.706 18602 18637 I AdrenoGLES-0: Driver Path                      : /vendor/lib64/egl/libGLESv2_adreno.so
11-22 22:31:03.706  1795  2120 W ZygoteProcess: Got error connecting to zygote, retrying. msg= Connection refused
11-22 22:31:03.707 18602 18602 I cr_StartSurfaceConfig: Recorded Startup.Android.FirstDrawCompletedTime.NoInstant = 118 ms
11-22 22:31:03.707 18646 18646 I e.canary_zygote: Using CollectorTypeCC GC.
11-22 22:31:03.710 18602 18637 I AdrenoGLES-0: PFP: 0x016dd093, ME: 0x00000000
11-22 22:31:03.712 18602 18637 W AdrenoUtils: <ReadGpuID_from_sysfs:197>: Failed to open /sys/class/kgsl/kgsl-3d0/gpu_model
11-22 22:31:03.712 18602 18637 W AdrenoUtils: <ReadGpuID:221>: Failed to read chip ID from gpu_model. Fallback to use the GSL path
11-22 22:31:03.715  3074 27994 E ckqk    : Phenotype API error. Event # evhb@c32a93f7, EventCode: 7 [CONTEXT service_id=51 ]
11-22 22:31:03.715  3074 27994 E ckqk    : ckoo: 29505: No config packages for log source, or config package not registered
11-22 22:31:03.715  3074 27994 E ckqk    : 	at ckrk.b(:com.google.android.gms@234414038@23.44.14 (190400-580326705):79)
11-22 22:31:03.715  3074 27994 E ckqk    : 	at ckrh.h(:com.google.android.gms@234414038@23.44.14 (190400-580326705):3)
11-22 22:31:03.715  3074 27994 E ckqk    : 	at ckqk.g(:com.google.android.gms@234414038@23.44.14 (190400-580326705):18)
11-22 22:31:03.715  3074 27994 E ckqk    : 	at ckqk.f(:com.google.android.gms@234414038@23.44.14 (190400-580326705):11)
11-22 22:31:03.715  3074 27994 E ckqk    : 	at bfmo.fh(:com.google.android.gms@234414038@23.44.14 (190400-580326705):1)
11-22 22:31:03.715  3074 27994 E ckqk    : 	at bfmz.run(:com.google.android.gms@234414038@23.44.14 (190400-580326705):100)
11-22 22:31:03.715  3074 27994 E ckqk    : 	at dvlp.run(:com.google.android.gms@234414038@23.44.14 (190400-580326705):13)
11-22 22:31:03.715  3074 27994 E ckqk    : 	at ajls.c(:com.google.android.gms@234414038@23.44.14 (190400-580326705):50)
11-22 22:31:03.715  3074 27994 E ckqk    : 	at ajls.run(:com.google.android.gms@234414038@23.44.14 (190400-580326705):76)
11-22 22:31:03.715  3074 27994 E ckqk    : 	at java.util.concurrent.ThreadPoolExecutor.runWorker(ThreadPoolExecutor.java:1145)
11-22 22:31:03.715  3074 27994 E ckqk    : 	at java.util.concurrent.ThreadPoolExecutor$Worker.run(ThreadPoolExecutor.java:644)
11-22 22:31:03.715  3074 27994 E ckqk    : 	at ajqx.run(:com.google.android.gms@234414038@23.44.14 (190400-580326705):8)
11-22 22:31:03.715  3074 27994 E ckqk    : 	at java.lang.Thread.run(Thread.java:1012)
11-22 22:31:03.716  3074 27994 W AsyncOperation: operation=GetExperimentTokensOperationCall, opStatusCode=29505 [CONTEXT service_id=51 ]
11-22 22:31:03.716  3074 27994 W AsyncOperation: OperationException[Status{statusCode=No config packages for log source, or config package not registered, resolution=null}]
11-22 22:31:03.716  3074 27994 W AsyncOperation: 	at ckqk.g(:com.google.android.gms@234414038@23.44.14 (190400-580326705):48)
11-22 22:31:03.716  3074 27994 W AsyncOperation: 	at ckqk.f(:com.google.android.gms@234414038@23.44.14 (190400-580326705):11)
11-22 22:31:03.716  3074 27994 W AsyncOperation: 	at bfmo.fh(:com.google.android.gms@234414038@23.44.14 (190400-580326705):1)
11-22 22:31:03.716  3074 27994 W AsyncOperation: 	at bfmz.run(:com.google.android.gms@234414038@23.44.14 (190400-580326705):100)
11-22 22:31:03.716  3074 27994 W AsyncOperation: 	at dvlp.run(:com.google.android.gms@234414038@23.44.14 (190400-580326705):13)
11-22 22:31:03.716  3074 27994 W AsyncOperation: 	at ajls.c(:com.google.android.gms@234414038@23.44.14 (190400-580326705):50)
11-22 22:31:03.716  3074 27994 W AsyncOperation: 	at ajls.run(:com.google.android.gms@234414038@23.44.14 (190400-580326705):76)
11-22 22:31:03.716  3074 27994 W AsyncOperation: 	at java.util.concurrent.ThreadPoolExecutor.runWorker(ThreadPoolExecutor.java:1145)
11-22 22:31:03.716  3074 27994 W AsyncOperation: 	at java.util.concurrent.ThreadPoolExecutor$Worker.run(ThreadPoolExecutor.java:644)
11-22 22:31:03.716  3074 27994 W AsyncOperation: 	at ajqx.run(:com.google.android.gms@234414038@23.44.14 (190400-580326705):8)
11-22 22:31:03.716  3074 27994 W AsyncOperation: 	at java.lang.Thread.run(Thread.java:1012)
11-22 22:31:03.720 29153 29185 I BatteryMgr:DataCollectionService: stats => 1700688663720,10070,4448,5493,4169000,100
11-22 22:31:03.728   648  3370 I SDM     : HWCDisplay::GetColorModeCount: Supported color mode count = 3
11-22 22:31:03.728   648  3370 I SDM     : HWCDisplay::GetColorModes: Color mode = 0 is supported
11-22 22:31:03.728   648  3370 I SDM     : HWCDisplay::GetColorModes: Color mode = 7 is supported
11-22 22:31:03.728   648  3370 I SDM     : HWCDisplay::GetColorModes: Color mode = 9 is supported
11-22 22:31:03.729 18602 18637 E OpenGLRenderer: Unable to match the desired swap behavior.
11-22 22:31:03.732   595   595 I servicemanager: Could not find android.hardware.graphics.allocator.IAllocator/default in the VINTF manifest.
11-22 22:31:03.746  1011  1189 I ASH     : @ 35515.950: tcs3701: stop power rail pending_off timer
11-22 22:31:03.746  1011  1189 D ASH     : @ 35515.950: tcs3701: start power rail timer, state:3
11-22 22:31:03.747  1795  2096 I ActivityTaskManager: Displayed com.chrome.canary/com.google.android.apps.chrome.Main: +275ms
11-22 22:31:03.751 18602 18620 I cr_PartnerCustUma: Partner Customization delegate: 0.
11-22 22:31:03.751 18602 18620 W cr_PartnerCustomize: Partner homepage must be HTTP(S) or NewTabPage. Got invalid URL ""
11-22 22:31:03.751 18602 18602 I cr_CombinedPProvider: #linkNativeInternal() 0
11-22 22:31:03.751 18602 18602 I cr_PolicyProvider: #setManagerAndSource() 0
11-22 22:31:03.752 18602 18602 I cr_PolicyCacheProvider: #refresh() true
11-22 22:31:03.758  1795  2120 I AppZygote: Starting application preload.
11-22 22:31:03.760 18646 18646 I AppZygoteInit: Beginning application preload for com.chrome.canary
11-22 22:31:03.762 18646 18646 W ziparchive: Unable to open '/data/app/~~-FnXeb6__ecKd-dFZ4kZZA==/com.google.android.trichromelibrary.canary_613700033-7Q2vBiD9q0nCftKFg-pq8w==/base.dm': No such file or directory
11-22 22:31:03.762 18646 18646 W ziparchive: Unable to open '/data/app/~~-FnXeb6__ecKd-dFZ4kZZA==/com.google.android.trichromelibrary.canary_613700033-7Q2vBiD9q0nCftKFg-pq8w==/base.dm': No such file or directory
11-22 22:31:03.762 18646 18646 W e.canary_zygote: Entry not found
11-22 22:31:03.764 18646 18646 D nativeloader: Configuring clns-4 for other apk /data/app/~~-FnXeb6__ecKd-dFZ4kZZA==/com.google.android.trichromelibrary.canary_613700033-7Q2vBiD9q0nCftKFg-pq8w==/base.apk. target_sdk_version=34, uses_libraries=ALL, library_path=/data/app/~~dutrJzl_xJkEyCCvIkexCw==/com.chrome.canary-4jcd8srf2WXxld2NC1r69A==/lib/arm64:/data/app/~~dutrJzl_xJkEyCCvIkexCw==/com.chrome.canary-4jcd8srf2WXxld2NC1r69A==/base.apk!/lib/arm64-v8a:/data/app/~~-FnXeb6__ecKd-dFZ4kZZA==/com.google.android.trichromelibrary.canary_613700033-7Q2vBiD9q0nCftKFg-pq8w==/base.apk!/lib/arm64-v8a, permitted_path=/data:/mnt/expand
11-22 22:31:03.766  2588  2588 I WallpaperService: engine paused
11-22 22:31:03.768  1011  1011 I sensors-hal: [hal]activate_physical_sensor:251, android.sensor.gyroscope/41 en=0
11-22 22:31:03.769  1011  1011 D Diag_Lib: diag: Diag_LSM_DeInit: invoked for pid: 1011
11-22 22:31:03.769  1011  1011 D Diag_Lib: diag: Diag_LSM_DeInit: done for pid: 1011
11-22 22:31:03.769  1011  1011 D Diag_Lib: diag: Diag_LSM_DeInit: invoked for pid: 1011
11-22 22:31:03.769  1011  1011 D Diag_Lib: diag: Diag_LSM_DeInit: done for pid: 1011
11-22 22:31:03.769  1011  1011 I sensors-hal: [hal]activate_physical_sensor:262, android.sensor.gyroscope/41 en=0 completed
11-22 22:31:03.772 18646 18646 D nativeloader: Configuring clns-5 for other apk /data/app/~~dutrJzl_xJkEyCCvIkexCw==/com.chrome.canary-4jcd8srf2WXxld2NC1r69A==/base.apk. target_sdk_version=34, uses_libraries=, library_path=/data/app/~~dutrJzl_xJkEyCCvIkexCw==/com.chrome.canary-4jcd8srf2WXxld2NC1r69A==/lib/arm64:/data/app/~~dutrJzl_xJkEyCCvIkexCw==/com.chrome.canary-4jcd8srf2WXxld2NC1r69A==/base.apk!/lib/arm64-v8a:/data/app/~~-FnXeb6__ecKd-dFZ4kZZA==/com.google.android.trichromelibrary.canary_613700033-7Q2vBiD9q0nCftKFg-pq8w==/base.apk!/lib/arm64-v8a, permitted_path=/data:/mnt/expand
11-22 22:31:03.777 18646 18646 I cr_ZygotePreload: Loaded Zygote. version=121.0.6137.0 minSdkVersion=29 isBundle=true
11-22 22:31:03.786  1011  1189 I ASH     : @ 35515.990: tcs3701: stop power rail pending_off timer
11-22 22:31:03.786  1011  1189 D ASH     : @ 35515.990: tcs3701: start power rail timer, state:3
11-22 22:31:03.786 18646 18646 I cr_LibraryLoader: Loading monochrome_64 from within /data/app/~~dutrJzl_xJkEyCCvIkexCw==/com.chrome.canary-4jcd8srf2WXxld2NC1r69A==/base.apk
11-22 22:31:03.786 18646 18646 I cr_Linker: loadLibraryImplLocked: monochrome_64, relroMode=1
11-22 22:31:03.802  1795  2120 I AppZygote: Application preload done.
11-22 22:31:03.803 18646 18646 I AppZygoteInit: Application preload done
11-22 22:31:03.810 18646 18652 W e.canary_zygote: Reducing the number of considered missed Gc histogram windows from 3551 to 100
11-22 22:31:03.815 18646 18646 I Zygote  : Entering forkRepeatedly native zygote loop
11-22 22:31:03.822 18602 18602 I chromium: [INFO:policy_logger.cc(144)] :components/enterprise/browser/controller/chrome_browser_cloud_management_controller.cc(273) Deferring CBCM Controller Initialization until it is unblocked.
11-22 22:31:03.825 18646 18646 D Zygote  : Forked child process 18673
11-22 22:31:03.826  1011  1189 I ASH     : @ 35516.030: tcs3701: stop power rail pending_off timer
11-22 22:31:03.826  1011  1189 D ASH     : @ 35516.030: tcs3701: start power rail timer, state:3
11-22 22:31:03.826  1795  2120 W ActivityManager: Slow operation: 132ms so far, now at startProcess: returned from zygote!
11-22 22:31:03.827  1795  2120 W ActivityManager: Slow operation: 133ms so far, now at startProcess: done updating battery stats
11-22 22:31:03.827  1795  2120 W ActivityManager: Slow operation: 133ms so far, now at startProcess: building log message
11-22 22:31:03.827  1795  2120 I ActivityManager: Start proc 18673:com.chrome.canary:sandboxed_process0:org.chromium.content.app.SandboxedProcessService0:0/u0ai0 for  {com.chrome.canary/org.chromium.content.app.SandboxedProcessService0:0}
11-22 22:31:03.827  1795  2120 W ActivityManager: Slow operation: 133ms so far, now at startProcess: starting to update pids map
11-22 22:31:03.827  1795  2120 W ActivityManager: Slow operation: 133ms so far, now at startProcess: done updating pids map
11-22 22:31:03.830 18673 18673 E libc    : SetHeapTaggingLevel: re-enabling tagging after it was disabled is not supported
11-22 22:31:03.831   987   987 I Zygote  : Entering forkRepeatedly native zygote loop
11-22 22:31:03.833 29153 29185 I BatteryMgr:DataCollectionService: stats => 1700688663833,10070,4448,5493,4169000,100
11-22 22:31:03.835   987   987 D Zygote  : Forked child process 18675
11-22 22:31:03.836  1795  2120 I ActivityManager: Start proc 18675:com.chrome.canary:privileged_process0/u0a10 for service {com.chrome.canary/org.chromium.content.app.PrivilegedProcessService0}
11-22 22:31:03.836 18673 18673 I ocessService0:0: Using CollectorTypeCC GC.
11-22 22:31:03.844 18675 18675 I ileged_process0: Using CollectorTypeCC GC.
11-22 22:31:03.844  1383  1442 I adbd    : jdwp connection from 18673
11-22 22:31:03.854 18602 18602 I cr_SmsProviderGms: construction successfull AM3@9f3b1c6, xM3@d0d1cb4
11-22 22:31:03.862  3657  4441 D ForegroundUtils: Foreground UID status:
11-22 22:31:03.862  3657  4441 D ForegroundUtils: UID: 10010 is in foreground: true
11-22 22:31:03.862  3657  4441 D ForegroundUtils: UID: 10128 is in foreground: true
11-22 22:31:03.862  3657  4441 D ForegroundUtils: UID: 10145 is in foreground: true
11-22 22:31:03.862  3657  4441 D ForegroundUtils: UID: 10158 is in foreground: true
11-22 22:31:03.862  3657  4441 D ForegroundUtils: UID: 10182 is in foreground: true
11-22 22:31:03.862  3657  4441 D ForegroundUtils: UID: 10189 is in foreground: false
11-22 22:31:03.862  3657  4441 D ForegroundUtils: UID: 10194 is in foreground: true
11-22 22:31:03.862  3657  4441 D ForegroundUtils: UID: 10206 is in foreground: false
11-22 22:31:03.862  3657  4441 D ForegroundUtils: UID: 10207 is in foreground: true
11-22 22:31:03.862  3657  4441 D ForegroundUtils: UID: 10233 is in foreground: true
11-22 22:31:03.862  3657  4441 D ForegroundUtils: UID: 10244 is in foreground: true
11-22 22:31:03.862  3657  4441 D ForegroundUtils: UID: 10304 is in foreground: true
11-22 22:31:03.862  3657  4441 D ForegroundUtils: UID: 90000 is in foreground: true
11-22 22:31:03.862  3657  4441 D ForegroundUtils: UID: 99001 is in foreground: true
11-22 22:31:03.863  1383  1442 I adbd    : jdwp connection from 18675
11-22 22:31:03.865 18673 18673 I ActivityThread: Relaunch all activities: onCoreSettingsChange
11-22 22:31:03.866  1011  1189 I ASH     : @ 35516.070: tcs3701: stop power rail pending_off timer
11-22 22:31:03.866  1011  1189 D ASH     : @ 35516.070: tcs3701: start power rail timer, state:3
11-22 22:31:03.866 18673 18673 D CompatibilityChangeReporter: Compat change id reported: 171979766; UID 90000; state: ENABLED
11-22 22:31:03.874  1795  2855 D ConnectivityService: requestNetwork for uid/pid:10010/18602 activeRequest: null callbackRequest: 934 [NetworkRequest [ REQUEST id=935, [ Capabilities: INTERNET&NOT_RESTRICTED&TRUSTED&NOT_VCN_MANAGED Uid: 10010 RequestorUid: 10010 RequestorPkg: com.chrome.canary UnderlyingNetworks: Null] ]] callback flags: 0 order: 2147483647
11-22 22:31:03.877  1795  2424 D WifiNetworkFactory: got request NetworkRequest [ REQUEST id=935, [ Capabilities: INTERNET&NOT_RESTRICTED&TRUSTED&NOT_VCN_MANAGED Uid: 10010 RequestorUid: 10010 RequestorPkg: com.chrome.canary UnderlyingNetworks: Null] ]
11-22 22:31:03.877  1795  2424 V WifiNetworkFactory: Accepted network request NetworkRequest [ REQUEST id=935, [ Capabilities: INTERNET&NOT_RESTRICTED&TRUSTED&NOT_VCN_MANAGED Uid: 10010 RequestorUid: 10010 RequestorPkg: com.chrome.canary UnderlyingNetworks: Null] ]
11-22 22:31:03.878  1795  2424 D UntrustedWifiNetworkFactory: got request NetworkRequest [ REQUEST id=935, [ Capabilities: INTERNET&NOT_RESTRICTED&TRUSTED&NOT_VCN_MANAGED Uid: 10010 RequestorUid: 10010 RequestorPkg: com.chrome.canary UnderlyingNetworks: Null] ]
11-22 22:31:03.878  1795  2424 D OemPaidWifiNetworkFactory: got request NetworkRequest [ REQUEST id=935, [ Capabilities: INTERNET&NOT_RESTRICTED&TRUSTED&NOT_VCN_MANAGED Uid: 10010 RequestorUid: 10010 RequestorPkg: com.chrome.canary UnderlyingNetworks: Null] ]
11-22 22:31:03.878  1795  2424 D MultiInternetWifiNetworkFactory: got request NetworkRequest [ REQUEST id=935, [ Capabilities: INTERNET&NOT_RESTRICTED&TRUSTED&NOT_VCN_MANAGED Uid: 10010 RequestorUid: 10010 RequestorPkg: com.chrome.canary UnderlyingNetworks: Null] ]
11-22 22:31:03.878  1795  2432 D ConnectivityService: NetReassign [935 : null → 100] [c 0] [a 0] [i 3]
11-22 22:31:03.883 18673 18673 I LoadedApk: No resource references to update in package com.google.android.trichromelibrary.canary
11-22 22:31:03.883 18673 18673 D NetworkSecurityConfig: Using Network Security Config from resource 0_resource_name_obfuscated debugBuild: false
11-22 22:31:03.884 18673 18673 D NetworkSecurityConfig: Using Network Security Config from resource 0_resource_name_obfuscated debugBuild: false
11-22 22:31:03.885 18673 18673 I cr_SplitCompatApp: Launched version=121.0.6137.0 minSdkVersion=29 isBundle=true processName=com.chrome.canary:sandboxed_process0:org.chromium.content.app.SandboxedProcessService0:0 isIsolated=true
11-22 22:31:03.885 18675 18675 I ActivityThread: Relaunch all activities: onCoreSettingsChange
11-22 22:31:03.886 18675 18675 D CompatibilityChangeReporter: Compat change id reported: 171979766; UID 10010; state: ENABLED
11-22 22:31:03.886  1795  2432 D ConnectivityService: NetReassign [no changes] [c 0] [a 1] [i 6]
11-22 22:31:03.892 18675 18675 W ziparchive: Unable to open '/data/app/~~-FnXeb6__ecKd-dFZ4kZZA==/com.google.android.trichromelibrary.canary_613700033-7Q2vBiD9q0nCftKFg-pq8w==/base.dm': No such file or directory
11-22 22:31:03.892 18675 18675 W ziparchive: Unable to open '/data/app/~~-FnXeb6__ecKd-dFZ4kZZA==/com.google.android.trichromelibrary.canary_613700033-7Q2vBiD9q0nCftKFg-pq8w==/base.dm': No such file or directory
11-22 22:31:03.892 18673 18673 W SystemServiceRegistry: No service published for: uimode
11-22 22:31:03.893 18675 18675 W ileged_process0: Entry not found
11-22 22:31:03.894 18675 18675 D nativeloader: Configuring clns-4 for other apk /data/app/~~-FnXeb6__ecKd-dFZ4kZZA==/com.google.android.trichromelibrary.canary_613700033-7Q2vBiD9q0nCftKFg-pq8w==/base.apk. target_sdk_version=34, uses_libraries=ALL, library_path=/data/app/~~dutrJzl_xJkEyCCvIkexCw==/com.chrome.canary-4jcd8srf2WXxld2NC1r69A==/lib/arm64:/data/app/~~dutrJzl_xJkEyCCvIkexCw==/com.chrome.canary-4jcd8srf2WXxld2NC1r69A==/base.apk!/lib/arm64-v8a:/data/app/~~-FnXeb6__ecKd-dFZ4kZZA==/com.google.android.trichromelibrary.canary_613700033-7Q2vBiD9q0nCftKFg-pq8w==/base.apk!/lib/arm64-v8a, permitted_path=/data:/mnt/expand:/data/user/0/com.chrome.canary
11-22 22:31:03.899 18673 18673 I cr_ChildProcessService: Creating new ChildProcessService pid=18673
11-22 22:31:03.905 18675 18675 D nativeloader: Configuring clns-5 for other apk /data/app/~~dutrJzl_xJkEyCCvIkexCw==/com.chrome.canary-4jcd8srf2WXxld2NC1r69A==/base.apk. target_sdk_version=34, uses_libraries=, library_path=/data/app/~~dutrJzl_xJkEyCCvIkexCw==/com.chrome.canary-4jcd8srf2WXxld2NC1r69A==/lib/arm64:/data/app/~~dutrJzl_xJkEyCCvIkexCw==/com.chrome.canary-4jcd8srf2WXxld2NC1r69A==/base.apk!/lib/arm64-v8a:/data/app/~~-FnXeb6__ecKd-dFZ4kZZA==/com.google.android.trichromelibrary.canary_613700033-7Q2vBiD9q0nCftKFg-pq8w==/base.apk!/lib/arm64-v8a, permitted_path=/data:/mnt/expand:/data/user/0/com.chrome.canary
11-22 22:31:03.906  1011  1189 I ASH     : @ 35516.110: tcs3701: stop power rail pending_off timer
11-22 22:31:03.906  1011  1189 D ASH     : @ 35516.110: tcs3701: start power rail timer, state:3
11-22 22:31:03.909 18602 18670 I tflite  : Initialized TensorFlow Lite runtime.
11-22 22:31:03.909 18602 18670 W libc    : Access denied finding property "ro.mediatek.platform"
11-22 22:31:03.909 18602 18670 W libc    : Access denied finding property "ro.chipname"
11-22 22:31:03.909 18602 18670 W libc    : Access denied finding property "ro.hardware.chipname"
11-22 22:31:03.920 18675 18675 V GraphicsEnvironment: ANGLE Developer option for 'com.chrome.canary' set to: 'default'
11-22 22:31:03.921 18675 18675 V GraphicsEnvironment: ANGLE GameManagerService for com.chrome.canary: false
11-22 22:31:03.921 18675 18675 V GraphicsEnvironment: Updatable production driver is not supported on the device.
11-22 22:31:03.924 18675 18675 I LoadedApk: No resource references to update in package com.google.android.trichromelibrary.canary
11-22 22:31:03.924 18675 18675 D NetworkSecurityConfig: Using Network Security Config from resource 0_resource_name_obfuscated debugBuild: false
11-22 22:31:03.924 18675 18675 D NetworkSecurityConfig: Using Network Security Config from resource 0_resource_name_obfuscated debugBuild: false
11-22 22:31:03.925 18602 18602 I cr_EnterpriseInfoImpl: #setCacheResult() deviceOwned:false profileOwned:false
11-22 22:31:03.925 18675 18675 I cr_SplitCompatApp: Launched version=121.0.6137.0 minSdkVersion=29 isBundle=true processName=com.chrome.canary:privileged_process0 isIsolated=false
11-22 22:31:03.925 18602 18602 I cr_EnterpriseInfo: #getManagedStateForNative() CQ0@e57fb1
11-22 22:31:03.928  1795  1854 D CompatibilityChangeReporter: Compat change id reported: 182734110; UID 10010; state: ENABLED
11-22 22:31:03.930  1795  3634 D CompatibilityChangeReporter: Compat change id reported: 149924527; UID 10010; state: ENABLED
11-22 22:31:03.930  1795  2262 D CompatibilityChangeReporter: Compat change id reported: 132649864; UID 10010; state: DISABLED
11-22 22:31:03.933 18675 18675 I cr_ChildProcessService: Creating new ChildProcessService pid=18675
11-22 22:31:03.938 18675 18712 I cr_LibraryLoader: Loading monochrome_64 from within /data/app/~~dutrJzl_xJkEyCCvIkexCw==/com.chrome.canary-4jcd8srf2WXxld2NC1r69A==/base.apk
11-22 22:31:03.938 18675 18712 I cr_Linker: loadLibraryImplLocked: monochrome_64, relroMode=2
11-22 22:31:03.938 29153 29185 I BatteryMgr:DataCollectionService: stats => 1700688663938,10070,4448,5493,4169000,100
11-22 22:31:03.946  1011  1189 I ASH     : @ 35516.150: tcs3701: stop power rail pending_off timer
11-22 22:31:03.946  1011  1189 D ASH     : @ 35516.150: tcs3701: start power rail timer, state:3
11-22 22:31:03.948  1795  2262 D ConnectivityService: requestNetwork for uid/pid:10010/18602 activeRequest: null callbackRequest: 937 [NetworkRequest [ REQUEST id=938, [ Capabilities: INTERNET&NOT_RESTRICTED&TRUSTED&NOT_VCN_MANAGED Uid: 10010 RequestorUid: 10010 RequestorPkg: com.chrome.canary UnderlyingNetworks: Null] ]] callback flags: 0 order: 2147483647
11-22 22:31:03.950  1795  2424 D WifiNetworkFactory: got request NetworkRequest [ REQUEST id=938, [ Capabilities: INTERNET&NOT_RESTRICTED&TRUSTED&NOT_VCN_MANAGED Uid: 10010 RequestorUid: 10010 RequestorPkg: com.chrome.canary UnderlyingNetworks: Null] ]
11-22 22:31:03.950  1795  2424 V WifiNetworkFactory: Accepted network request NetworkRequest [ REQUEST id=938, [ Capabilities: INTERNET&NOT_RESTRICTED&TRUSTED&NOT_VCN_MANAGED Uid: 10010 RequestorUid: 10010 RequestorPkg: com.chrome.canary UnderlyingNetworks: Null] ]
11-22 22:31:03.950  1795  2424 D UntrustedWifiNetworkFactory: got request NetworkRequest [ REQUEST id=938, [ Capabilities: INTERNET&NOT_RESTRICTED&TRUSTED&NOT_VCN_MANAGED Uid: 10010 RequestorUid: 10010 RequestorPkg: com.chrome.canary UnderlyingNetworks: Null] ]
11-22 22:31:03.950  1795  2424 D OemPaidWifiNetworkFactory: got request NetworkRequest [ REQUEST id=938, [ Capabilities: INTERNET&NOT_RESTRICTED&TRUSTED&NOT_VCN_MANAGED Uid: 10010 RequestorUid: 10010 RequestorPkg: com.chrome.canary UnderlyingNetworks: Null] ]
11-22 22:31:03.951  1795  2424 D MultiInternetWifiNetworkFactory: got request NetworkRequest [ REQUEST id=938, [ Capabilities: INTERNET&NOT_RESTRICTED&TRUSTED&NOT_VCN_MANAGED Uid: 10010 RequestorUid: 10010 RequestorPkg: com.chrome.canary UnderlyingNetworks: Null] ]
11-22 22:31:03.951  1795  2432 D ConnectivityService: NetReassign [938 : null → 100] [c 0] [a 1] [i 1]
11-22 22:31:03.953  1795  2432 D ConnectivityService: NetReassign [no changes] [c 0] [a 0] [i 2]
11-22 22:31:03.955 18675 18712 I cr_LibraryLoader: Successfully loaded native library
11-22 22:31:03.955 18675 18712 I cr_CachingUmaRecorder: Flushed 4 samples from 4 histograms, 0 samples were dropped.
11-22 22:31:03.966 18675 18712 I AdrenoGLES-0: QUALCOMM build                   : 4783c89, I46ff5fc46f
11-22 22:31:03.966 18675 18712 I AdrenoGLES-0: Build Date                       : 11/30/20
11-22 22:31:03.966 18675 18712 I AdrenoGLES-0: OpenGL ES Shader Compiler Version: EV031.31.04.01
11-22 22:31:03.966 18675 18712 I AdrenoGLES-0: Local Branch                     : QPR2
11-22 22:31:03.966 18675 18712 I AdrenoGLES-0: Remote Branch                    : 
11-22 22:31:03.966 18675 18712 I AdrenoGLES-0: Remote Branch                    : 
11-22 22:31:03.966 18675 18712 I AdrenoGLES-0: Reconstruct Branch               : 
11-22 22:31:03.966 18675 18712 I AdrenoGLES-0: Build Config                     : S P 10.0.4 AArch64
11-22 22:31:03.966 18675 18712 I AdrenoGLES-0: Driver Path                      : /vendor/lib64/egl/libGLESv2_adreno.so
11-22 22:31:03.970 18602 18661 W chromium: [WARNING:ev_root_ca_metadata.cc(119)] Not implemented
11-22 22:31:03.970 18602 18661 W chromium: [WARNING:ev_root_ca_metadata.cc(119)] Not implemented
11-22 22:31:03.971 18675 18712 I AdrenoGLES-0: PFP: 0x016dd093, ME: 0x00000000
11-22 22:31:03.974 18602 18602 I cr_CombinedPProvider: #registerProvider() provider:gN2@fbb73e9 isPolicyCacheEnabled:true policyProvidersSize:0
11-22 22:31:03.974 18602 18602 I cr_PolicyProvider: #setManagerAndSource() 0
11-22 22:31:03.974 18602 18602 I cr_CombinedPProvider: #registerProvider() provider:fj@f57886e isPolicyCacheEnabled:false policyProvidersSize:1
11-22 22:31:03.975 18675 18712 W AdrenoUtils: <ReadGpuID_from_sysfs:197>: Failed to open /sys/class/kgsl/kgsl-3d0/gpu_model
11-22 22:31:03.975 18675 18712 W AdrenoUtils: <ReadGpuID:221>: Failed to read chip ID from gpu_model. Fallback to use the GSL path
11-22 22:31:03.975 18602 18602 I cr_PolicyProvider: #setManagerAndSource() 1
11-22 22:31:03.976 18602 18602 I cr_AppResProvider: #getApplicationRestrictionsFromUserManager() Bundle[EMPTY_PARCEL]
11-22 22:31:03.976 18602 18602 I cr_PolicyProvider: #notifySettingsAvailable() 1
11-22 22:31:03.976 18602 18602 I cr_CombinedPProvider: #onSettingsAvailable() 1
11-22 22:31:03.978 18602 18602 I cr_PolicyProvider: #notifySettingsAvailable() 0
11-22 22:31:03.978 18602 18602 I cr_CombinedPProvider: #onSettingsAvailable() 0
11-22 22:31:03.978 18602 18602 I cr_CombinedPProvider: #flushPolicies()
11-22 22:31:03.978 18602 18602 I cr_PolicyService: #onPolicyServiceInitialized()
11-22 22:31:03.979 18602 18602 I cr_PolicyProvider: #notifySettingsAvailable() 0
11-22 22:31:03.979 18602 18602 I cr_CombinedPProvider: #onSettingsAvailable() 0
11-22 22:31:03.979 18602 18602 I cr_CombinedPProvider: #flushPolicies()
11-22 22:31:03.980 18602 18602 I cr_CompositorSurfaceMgr: Transitioning to surface with format: -1
11-22 22:31:03.981 18602 18602 I cr_CompositorSurfaceMgr: surfaceCreated format: 0
11-22 22:31:03.984 18602 18602 W m.chrome.canary: Accessing hidden method Landroid/telephony/TelephonyManager;->getSubscriberInfoService()Lcom/android/internal/telephony/IPhoneSubInfo; (blocked, reflection, denied)
11-22 22:31:03.984 18602 18602 W m.chrome.canary: Accessing hidden method Landroid/telephony/TelephonyManager;->getSubscriberInfoService()Lcom/android/internal/telephony/IPhoneSubInfo; (blocked, reflection, denied)
11-22 22:31:03.984 18602 18602 W m.chrome.canary: Accessing hidden method Landroid/telephony/TelephonyManager;->getSubscriptionService()Lcom/android/internal/telephony/ISub; (blocked, reflection, denied)
