11-22 22:19:25.366  2507  2564 D vulkan  : searching for layers in '/data/app/~~dutrJzl_xJkEyCCvIkexCw==/com.chrome.canary-4jcd8srf2WXxld2NC1r69A==/base.apk!/lib/arm64-v8a'
11-22 22:19:25.366  2507  2564 D vulkan  : searching for layers in '/data/app/~~-FnXeb6__ecKd-dFZ4kZZA==/com.google.android.trichromelibrary.canary_613700033-7Q2vBiD9q0nCftKFg-pq8w==/base.apk!/lib/arm64-v8a'
11-22 22:19:25.368  2507  2564 I AdrenoVK-0: ===== BEGIN DUMP OF OVERRIDDEN SETTINGS =====
11-22 22:19:25.368  2507  2564 I AdrenoVK-0: ===== END DUMP OF OVERRIDDEN SETTINGS =====
11-22 22:19:25.368  2507  2564 I AdrenoVK-0: QUALCOMM build          : 4783c89, I46ff5fc46f
11-22 22:19:25.368  2507  2564 I AdrenoVK-0: Build Date              : 11/30/20
11-22 22:19:25.368  2507  2564 I AdrenoVK-0: Shader Compiler Version : EV031.31.04.01
11-22 22:19:25.368  2507  2564 I AdrenoVK-0: Local Branch            : QPR2
11-22 22:19:25.368  2507  2564 I AdrenoVK-0: Remote Branch           : 
11-22 22:19:25.368  2507  2564 I AdrenoVK-0: Remote Branch           : 
11-22 22:19:25.368  2507  2564 I AdrenoVK-0: Reconstruct Branch      : 
11-22 22:19:25.368  2507  2564 I AdrenoVK-0: Build Config            : S P 10.0.4 AArch64
11-22 22:19:25.368  2507  2564 I AdrenoVK-0: Driver Path             : /vendor/lib64/hw/vulkan.adreno.so
11-22 22:19:25.369  1011  1189 I ASH     : @ 34817.573: tcs3701: stop power rail pending_off timer
11-22 22:19:25.369  1011  1189 D ASH     : @ 34817.573: tcs3701: start power rail timer, state:3
11-22 22:19:25.376  2507  2577 W Parcel  : Expecting binder but got null!
11-22 22:19:25.381  2289  2289 E m.chrome.canary: Invalid ID 0x00000000.
11-22 22:19:25.397  2289  2289 V MediaRouter: Selecting route: RouteInfo{ name=Phone, description=null, status=null, category=RouteCategory{ name=System types=ROUTE_TYPE_LIVE_AUDIO ROUTE_TYPE_LIVE_VIDEO  groupable=false }, supportedTypes=ROUTE_TYPE_LIVE_AUDIO ROUTE_TYPE_LIVE_VIDEO , presentationDisplay=null }
11-22 22:19:25.398  2289  2289 I MediaRouter: Skip setBluetoothA2dpOn(): types=8388615, isPlaybackActive()=false, BT route=null
11-22 22:19:25.398  2289  2289 W m.chrome.canary: Accessing hidden field Landroid/media/MediaRouter;->sStatic:Landroid/media/MediaRouter$Static; (max-target-o, reflection, denied)
11-22 22:19:25.399  2289  2289 I GlobalMediaRouter: Found default route: MediaRouter.RouteInfo{ uniqueId=DEFAULT_ROUTE, name=Phone, description=null, iconUri=null, enabled=true, isSystemRoute=true, connectionState=0, canDisconnect=false, playbackType=0, playbackStream=3, deviceType=0, volumeHandling=1, volume=0, volumeMax=25, presentationDisplayId=-1, extras=null, settingsIntent=null, providerPackageName=android }
11-22 22:19:25.399  2289  2289 I GlobalMediaRouter: Unselecting the current route because it is no longer selectable: null
11-22 22:19:25.405  2289  2405 W cr_media: BLUETOOTH_CONNECT permission is missing.
11-22 22:19:25.405  2289  2405 W cr_media: registerBluetoothIntentsIfNeeded: Requires BLUETOOTH permission
11-22 22:19:25.409  1011  1189 I ASH     : @ 34817.613: tcs3701: stop power rail pending_off timer
11-22 22:19:25.409  1011  1189 D ASH     : @ 34817.613: tcs3701: start power rail timer, state:3
11-22 22:19:25.412  2402  2557 I cr_LibraryLoader: Successfully loaded native library
11-22 22:19:25.413  2402  2557 I cr_CachingUmaRecorder: Flushed 3 samples from 3 histograms, 0 samples were dropped.
11-22 22:19:25.427 29153 29187 I BatteryMgr:DataCollectionService: stats => 1700687965427,10070,4448,5493,4169000,100
11-22 22:19:25.433  3074  3109 I FontLog : (REDACTED) Received query %s, URI %s
11-22 22:19:25.433  3074  3109 I FontLog : (REDACTED) Query [%s] resolved to %s
11-22 22:19:25.434  3074  3109 I FontLog : (REDACTED) Font PFD returned from cache for %s
11-22 22:19:25.434  3074  3109 I FontLog : (REDACTED) Fetch %s end status %s
11-22 22:19:25.435  3074  3109 I FontLog : (REDACTED) Pulling font file for id = %d, cache size = %d
11-22 22:19:25.436  3074  3109 I FontLog : (REDACTED) Received query %s, URI %s
11-22 22:19:25.437  3074  3109 I FontLog : (REDACTED) Query [%s] resolved to %s
11-22 22:19:25.437  3074  3109 I FontLog : (REDACTED) Fetch %s end status %s
11-22 22:19:25.438  3074  3109 I FontLog : (REDACTED) Pulling font file for id = %d, cache size = %d
11-22 22:19:25.439  3074  3109 I FontLog : (REDACTED) Received query %s, URI %s
11-22 22:19:25.439  3074  3109 I FontLog : (REDACTED) Query [%s] resolved to %s
11-22 22:19:25.440  3074  3109 I FontLog : (REDACTED) Font PFD returned from cache for %s
11-22 22:19:25.440  3074  3109 I FontLog : (REDACTED) Fetch %s end status %s
11-22 22:19:25.441  3074  3109 I FontLog : (REDACTED) Pulling font file for id = %d, cache size = %d
11-22 22:19:25.442  3074  3109 I FontLog : (REDACTED) Received query %s, URI %s
11-22 22:19:25.442  3074  3109 I FontLog : (REDACTED) Query [%s] resolved to %s
11-22 22:19:25.443  3074  3109 I FontLog : (REDACTED) Font PFD returned from cache for %s
11-22 22:19:25.443  3074  3109 I FontLog : (REDACTED) Fetch %s end status %s
11-22 22:19:25.444  3074  3109 I FontLog : (REDACTED) Pulling font file for id = %d, cache size = %d
11-22 22:19:25.449  1011  1189 I ASH     : @ 34817.653: tcs3701: stop power rail pending_off timer
11-22 22:19:25.449  1011  1189 D ASH     : @ 34817.653: tcs3701: start power rail timer, state:3
11-22 22:19:25.487  3563  3593 D MediaProvider: Open with FUSE. FilePath: /storage/emulated/0/Download/batterymanager-companion-1.0.0.zip. Uid: 10010. Media Capabilities Uid: 0. ShouldRedact: false. ShouldTranscode: false
11-22 22:19:25.489  1011  1189 I ASH     : @ 34817.693: tcs3701: stop power rail pending_off timer
11-22 22:19:25.489  1011  1189 D ASH     : @ 34817.693: tcs3701: start power rail timer, state:3
11-22 22:19:25.498  2507  2599 W VideoCapabilities: Unrecognized level 1879048707 for video/x-vnd.on2.vp8
11-22 22:19:25.498  2507  2599 W VideoCapabilities: Unrecognized profile 1879048704 for video/x-vnd.on2.vp8
11-22 22:19:25.498  3563  3593 D MediaProvider: Open with FUSE. FilePath: /storage/emulated/0/Download/com.example.batterymanager_utility (1).apk. Uid: 10010. Media Capabilities Uid: 0. ShouldRedact: false. ShouldTranscode: false
11-22 22:19:25.499  2507  2599 W VideoCapabilities: Unrecognized level 1879048707 for video/x-vnd.on2.vp8
11-22 22:19:25.499  2507  2599 W VideoCapabilities: Unrecognized profile 1879048704 for video/x-vnd.on2.vp8
11-22 22:19:25.503  2507  2599 W VideoCapabilities: Unsupported mime image/vnd.android.heic
11-22 22:19:25.504  2507  2599 W VideoCapabilities: Unrecognized level 1879048707 for video/x-vnd.on2.vp8
11-22 22:19:25.504  2507  2599 W VideoCapabilities: Unrecognized profile 1879048704 for video/x-vnd.on2.vp8
11-22 22:19:25.505  2507  2599 W VideoCapabilities: Unrecognized level 1879048707 for video/x-vnd.on2.vp8
11-22 22:19:25.505  2507  2599 W VideoCapabilities: Unrecognized profile 1879048704 for video/x-vnd.on2.vp8
11-22 22:19:25.514  2507  2599 W cr_VAUtil: Unknown profile: 1879048704 for codec video/x-vnd.on2.vp8
11-22 22:19:25.519  3563  3593 D MediaProvider: Open with FUSE. FilePath: /storage/emulated/0/Download/com.example.batterymanager_utility.apk. Uid: 10010. Media Capabilities Uid: 0. ShouldRedact: false. ShouldTranscode: false
11-22 22:19:25.526  2289  2289 I cr_OfflineIndicator: onConnectionTypeChanged 2
11-22 22:19:25.527  2289  2289 I cr_OfflineIndicator: Reported by system: [ Transports: WIFI Capabilities: NOT_METERED&INTERNET&NOT_RESTRICTED&TRUSTED&NOT_VPN&VALIDATED&NOT_ROAMING&FOREGROUND&NOT_CONGESTED&NOT_SUSPENDED&NOT_VCN_MANAGED LinkUpBandwidth>=12000Kbps LinkDnBandwidth>=55931Kbps TransportInfo: <SSID: <unknown ssid>, BSSID: 02:00:00:00:00:00, MAC: 02:00:00:00:00:00, IP: /192.168.1.104, Security type: 2, Supplicant state: COMPLETED, Wi-Fi standard: 5, RSSI: -42, Link speed: 866Mbps, Tx Link speed: 866Mbps, Max Supported Tx Link speed: 866Mbps, Rx Link speed: 6Mbps, Max Supported Rx Link speed: 866Mbps, Frequency: 5240MHz, Net ID: -1, Metered hint: false, score: 60, isUsable: true, CarrierMerged: false, SubscriptionId: -1, IsPrimary: -1, Trusted: true, Restricted: false, Ephemeral: false, OEM paid: false, OEM private: false, OSU AP: false, FQDN: <none>, Provider friendly name: <none>, Requesting package name: <none><none>MLO Information: , Is TID-To-Link negotiation supported by the AP: false, AP MLD Address: <none>, AP MLO Link Id: <none>, AP MLO Affiliated links: <none>> SignalStrength: -42 UnderlyingNetworks: Null]
11-22 22:19:25.527  2289  2289 I cr_OfflineIndicator: setConnectionState connectionState=4
11-22 22:19:25.527  2289  2289 W Settings: Setting airplane_mode_on has moved from android.provider.Settings.System to android.provider.Settings.Global, returning read-only value.
11-22 22:19:25.527  2289  2289 I cr_OfflineDetector: Received connection change state message. mConnectivityDetectorInitialized: true, mTimeWhenLastForegrounded: 34814341, getElapsedTime: 34814342, mTimeWhenLastOfflineNotificationReceived: 0, mTimeWhenLastOnline: 34814342, mTimeWhenAirplaneModeToggledOff: 0 mApplicationState: 1, mIsOfflineLastReportedByConnectivityDetector: false, mInAirplaneMode: false mIsEffectivelyOffline: false
11-22 22:19:25.527  2289  2289 I cr_OfflineDetector: onConnectionStateChanged(): previousLastReportedStateByOfflineDetector: false
11-22 22:19:25.527  2289  2289 I cr_OfflineDetector: Running updateState mConnectivityDetectorInitialized: true, mTimeWhenLastForegrounded: 34814341, getElapsedTime: 34814342, mTimeWhenLastOfflineNotificationReceived: 0, mTimeWhenLastOnline: 34814342, mTimeWhenAirplaneModeToggledOff: 0 mApplicationState: 1, mIsOfflineLastReportedByConnectivityDetector: false, mInAirplaneMode: false mIsEffectivelyOffline: false
11-22 22:19:25.527  2289  2289 I cr_OfflineDetector: updateState(): timeSinceLastForeground: 1, timeSinceOfflineNotificationReceived: 34814342, timeSinceLastOnline: 0, timeNeededForForeground: 1999, timeNeededForOffline: -34812342 timeSinceAirplaneModeToggledOff: 34814342 timeNeededAfterConnectionChangeFromOnlineToOffline: 10000 timeNeededAfterConnectionChangeFromAirplaneToOffline: 0
11-22 22:19:25.527  2289  2289 I cr_OfflineDetector: Running mUpdateOfflineStatusIndicatorDelayedRunnable start. mConnectivityDetectorInitialized: true, mTimeWhenLastForegrounded: 34814341, getElapsedTime: 34814342, mTimeWhenLastOfflineNotificationReceived: 0, mTimeWhenLastOnline: 34814342, mTimeWhenAirplaneModeToggledOff: 0 mApplicationState: 1, mIsOfflineLastReportedByConnectivityDetector: false, mInAirplaneMode: false mIsEffectivelyOffline: false
11-22 22:19:25.527  2289  2289 I cr_OfflineDetector: Running mUpdateOfflineStatusIndicatorDelayedRunnable end. mConnectivityDetectorInitialized: true, mTimeWhenLastForegrounded: 34814341, getElapsedTime: 34814342, mTimeWhenLastOfflineNotificationReceived: 0, mTimeWhenLastOnline: 34814342, mTimeWhenAirplaneModeToggledOff: 0 mApplicationState: 1, mIsOfflineLastReportedByConnectivityDetector: false, mInAirplaneMode: false mIsEffectivelyOffline: false
11-22 22:19:25.527  2289  2289 I cr_OfflineIndicator: processConnectivityCheckResult mConnectionState=4 mConnectivityCheckingStage=1
11-22 22:19:25.529  1011  1189 I ASH     : @ 34817.733: tcs3701: stop power rail pending_off timer
11-22 22:19:25.529  1011  1189 D ASH     : @ 34817.733: tcs3701: start power rail timer, state:3
11-22 22:19:25.535 29153 29187 I BatteryMgr:DataCollectionService: stats => 1700687965534,10070,4448,5493,4169000,100
11-22 22:19:25.536  1795  4144 W InputManager-JNI: Input channel object '30ee10e Splash Screen com.chrome.canary (client)' was disposed without first being removed with the input manager!
11-22 22:19:25.542  3875  3875 I dzhj    : onStop
11-22 22:19:25.542  2940  3994 D OneSearchSuggestProvider: Shut down the binder channel
11-22 22:19:25.544  2940 32579 I s.nexuslauncher: oneway function results for code 2 on binder at 0xb4000070951eef90 will be dropped but finished with status UNKNOWN_TRANSACTION
11-22 22:19:25.548  3657  4525 D ForegroundUtils: Foreground UID status:
11-22 22:19:25.548  3657  4525 D ForegroundUtils: UID: 10010 is in foreground: true
11-22 22:19:25.548  3657  4525 D ForegroundUtils: UID: 10128 is in foreground: true
11-22 22:19:25.548  3657  4525 D ForegroundUtils: UID: 10145 is in foreground: true
11-22 22:19:25.548  3657  4525 D ForegroundUtils: UID: 10158 is in foreground: true
11-22 22:19:25.548  3657  4525 D ForegroundUtils: UID: 10182 is in foreground: true
11-22 22:19:25.548  3657  4525 D ForegroundUtils: UID: 10189 is in foreground: false
11-22 22:19:25.548  3657  4525 D ForegroundUtils: UID: 10194 is in foreground: true
11-22 22:19:25.548  3657  4525 D ForegroundUtils: UID: 10206 is in foreground: false
11-22 22:19:25.548  3657  4525 D ForegroundUtils: UID: 10207 is in foreground: true
11-22 22:19:25.548  3657  4525 D ForegroundUtils: UID: 10233 is in foreground: true
11-22 22:19:25.548  3657  4525 D ForegroundUtils: UID: 10244 is in foreground: false
11-22 22:19:25.548  3657  4525 D ForegroundUtils: UID: 10304 is in foreground: true
11-22 22:19:25.548  3657  4525 D ForegroundUtils: UID: 90000 is in foreground: true
11-22 22:19:25.548  3657  4525 D ForegroundUtils: UID: 99001 is in foreground: true
11-22 22:19:25.552   595   595 I servicemanager: Could not find android.hardware.graphics.allocator.IAllocator/default in the VINTF manifest.
11-22 22:19:25.569  1011  1189 I ASH     : @ 34817.773: tcs3701: stop power rail pending_off timer
11-22 22:19:25.569  1011  1189 D ASH     : @ 34817.773: tcs3701: start power rail timer, state:3
11-22 22:19:25.572  3563  3593 D MediaProvider: Open with FUSE. FilePath: /storage/emulated/0/Download/batterymanager-companion-1.0.0.zip. Uid: 10010. Media Capabilities Uid: 0. ShouldRedact: false. ShouldTranscode: false
11-22 22:19:25.574  1795  4144 D ConnectivityService: requestNetwork for uid/pid:10010/2289 activeRequest: null callbackRequest: 910 [NetworkRequest [ REQUEST id=911, [ Capabilities: INTERNET&NOT_RESTRICTED&TRUSTED&NOT_VCN_MANAGED Uid: 10010 RequestorUid: 10010 RequestorPkg: com.chrome.canary UnderlyingNetworks: Null] ]] callback flags: 0 order: 2147483647
11-22 22:19:25.576  1795  2424 D WifiNetworkFactory: got request NetworkRequest [ REQUEST id=911, [ Capabilities: INTERNET&NOT_RESTRICTED&TRUSTED&NOT_VCN_MANAGED Uid: 10010 RequestorUid: 10010 RequestorPkg: com.chrome.canary UnderlyingNetworks: Null] ]
11-22 22:19:25.576  1795  2424 V WifiNetworkFactory: Accepted network request NetworkRequest [ REQUEST id=911, [ Capabilities: INTERNET&NOT_RESTRICTED&TRUSTED&NOT_VCN_MANAGED Uid: 10010 RequestorUid: 10010 RequestorPkg: com.chrome.canary UnderlyingNetworks: Null] ]
11-22 22:19:25.577  1795  2424 D UntrustedWifiNetworkFactory: got request NetworkRequest [ REQUEST id=911, [ Capabilities: INTERNET&NOT_RESTRICTED&TRUSTED&NOT_VCN_MANAGED Uid: 10010 RequestorUid: 10010 RequestorPkg: com.chrome.canary UnderlyingNetworks: Null] ]
11-22 22:19:25.577  1795  2432 D ConnectivityService: NetReassign [911 : null → 100] [c 0] [a 0] [i 2]
11-22 22:19:25.577  1795  2424 D OemPaidWifiNetworkFactory: got request NetworkRequest [ REQUEST id=911, [ Capabilities: INTERNET&NOT_RESTRICTED&TRUSTED&NOT_VCN_MANAGED Uid: 10010 RequestorUid: 10010 RequestorPkg: com.chrome.canary UnderlyingNetworks: Null] ]
11-22 22:19:25.577  1795  2424 D MultiInternetWifiNetworkFactory: got request NetworkRequest [ REQUEST id=911, [ Capabilities: INTERNET&NOT_RESTRICTED&TRUSTED&NOT_VCN_MANAGED Uid: 10010 RequestorUid: 10010 RequestorPkg: com.chrome.canary UnderlyingNetworks: Null] ]
11-22 22:19:25.582  1795  2432 D ConnectivityService: NetReassign [no changes] [c 1] [a 2] [i 2]
11-22 22:19:25.587  3563  3593 D MediaProvider: Open with FUSE. FilePath: /storage/emulated/0/Download/com.example.batterymanager_utility (1).apk. Uid: 10010. Media Capabilities Uid: 0. ShouldRedact: false. ShouldTranscode: false
11-22 22:19:25.593  2289  2289 I cr_InactivityTracker: Last background time read from the SharedPreference is:-1.
11-22 22:19:25.594  3563  3593 D MediaProvider: Open with FUSE. FilePath: /storage/emulated/0/Download/com.example.batterymanager_utility.apk. Uid: 10010. Media Capabilities Uid: 0. ShouldRedact: false. ShouldTranscode: false
11-22 22:19:25.597  2289  2289 I cr_VideoPersist: Exited picture in picture with reason: 0
11-22 22:19:25.599  2289  2289 I cr_InactivityTracker: Last visible time read from the SharedPreference is:1700687814624.
11-22 22:19:25.609  1011  1189 I ASH     : @ 34817.813: tcs3701: stop power rail pending_off timer
11-22 22:19:25.609  1011  1189 D ASH     : @ 34817.813: tcs3701: start power rail timer, state:3
11-22 22:19:25.623  2289  2289 I cr_InactivityTracker: Last visible time read from the SharedPreference is:1700687965599.
11-22 22:19:25.644 29153 29187 I BatteryMgr:DataCollectionService: stats => 1700687965643,10070,4448,5493,4169000,100
11-22 22:19:25.649  1011  1189 I ASH     : @ 34817.853: tcs3701: stop power rail pending_off timer
11-22 22:19:25.649  1011  1189 D ASH     : @ 34817.853: tcs3701: start power rail timer, state:3
11-22 22:19:25.688  2289  2369 W chromium: [WARNING:ev_root_ca_metadata.cc(119)] Not implemented
11-22 22:19:25.689  1011  1189 I ASH     : @ 34817.893: tcs3701: stop power rail pending_off timer
11-22 22:19:25.689  1011  1189 D ASH     : @ 34817.893: tcs3701: start power rail timer, state:3
11-22 22:19:25.696  2289  2371 W chromium: [WARNING:ev_root_ca_metadata.cc(119)] Not implemented
11-22 22:19:25.696  2289  2371 W chromium: [WARNING:ev_root_ca_metadata.cc(119)] Not implemented
11-22 22:19:25.729  1011  1189 I ASH     : @ 34817.933: tcs3701: stop power rail pending_off timer
11-22 22:19:25.729  1011  1189 D ASH     : @ 34817.933: tcs3701: start power rail timer, state:3
11-22 22:19:25.731  2289  2289 I Choreographer: Skipped 53 frames!  The application may be doing too much work on its main thread.
11-22 22:19:25.749 29153 29187 I BatteryMgr:DataCollectionService: stats => 1700687965749,10070,4448,5493,4169000,100
11-22 22:19:25.769  1011  1189 I ASH     : @ 34817.973: tcs3701: stop power rail pending_off timer
11-22 22:19:25.769  1011  1189 D ASH     : @ 34817.973: tcs3701: start power rail timer, state:3
11-22 22:19:25.809  1011  1189 I ASH     : @ 34818.013: tcs3701: stop power rail pending_off timer
11-22 22:19:25.809  1011  1189 D ASH     : @ 34818.013: tcs3701: start power rail timer, state:3
11-22 22:19:25.830  2289  2289 V MediaRouter: Selecting route: RouteInfo{ name=Phone, description=null, status=null, category=RouteCategory{ name=System types=ROUTE_TYPE_LIVE_AUDIO ROUTE_TYPE_LIVE_VIDEO  groupable=false }, supportedTypes=ROUTE_TYPE_LIVE_AUDIO ROUTE_TYPE_LIVE_VIDEO , presentationDisplay=null }
11-22 22:19:25.849  1011  1189 I ASH     : @ 34818.053: tcs3701: stop power rail pending_off timer
11-22 22:19:25.849  1011  1189 D ASH     : @ 34818.053: tcs3701: start power rail timer, state:3
11-22 22:19:25.855 29153 29187 I BatteryMgr:DataCollectionService: stats => 1700687965855,10070,4448,5493,4169000,100
11-22 22:19:25.875  2289  2289 I cr_PwaRestore: Not showing PWA Restore promo, feature flag is disabled
11-22 22:19:25.889  1011  1189 I ASH     : @ 34818.093: tcs3701: stop power rail pending_off timer
11-22 22:19:25.889  1011  1189 D ASH     : @ 34818.093: tcs3701: start power rail timer, state:3
11-22 22:19:25.929  1011  1189 I ASH     : @ 34818.133: tcs3701: stop power rail pending_off timer
11-22 22:19:25.929  1011  1189 D ASH     : @ 34818.133: tcs3701: start power rail timer, state:3
11-22 22:19:25.930  1795  4167 D CompatibilityChangeReporter: Compat change id reported: 214016041; UID 10010; state: ENABLED
11-22 22:19:25.933  3375  3375 I GoogleInputMethodService: GoogleInputMethodService.onFinishInput():3154 
11-22 22:19:25.934  3375  3375 I GoogleInputMethodService: GoogleInputMethodService.updateDeviceLockedStatus():2088 repeatCheckTimes = 0, locked = false
11-22 22:19:25.934  3375  3375 I GoogleInputMethodService: GoogleInputMethodService.onStartInput():1883 onStartInput(EditorInfo{EditorInfo{packageName=com.chrome.canary, inputType=0, inputTypeString=NULL, enableLearning=false, autoCorrection=false, autoComplete=false, imeOptions=12000000, privateImeOptions=null, actionName=UNSPECIFIED, actionLabel=null, initialSelStart=-1, initialSelEnd=-1, initialCapsMode=0, label=null, fieldId=-1, fieldName=null, extras=null, hintText=null, hintLocales=[]}}, false)
11-22 22:19:25.935  3375  3375 I GoogleInputMethodService: GoogleInputMethodService.updateDeviceLockedStatus():2088 repeatCheckTimes = 1, locked = false
11-22 22:19:25.961 29153 29187 I BatteryMgr:DataCollectionService: stats => 1700687965961,10070,4448,5493,4169000,100
11-22 22:19:25.969  1011  1189 I ASH     : @ 34818.173: tcs3701: stop power rail pending_off timer
11-22 22:19:25.969  1011  1189 D ASH     : @ 34818.173: tcs3701: start power rail timer, state:3
11-22 22:19:26.009  1011  1189 I ASH     : @ 34818.213: tcs3701: stop power rail pending_off timer
11-22 22:19:26.009  1011  1189 D ASH     : @ 34818.213: tcs3701: start power rail timer, state:3
11-22 22:19:26.050  1011  1189 I ASH     : @ 34818.253: tcs3701: stop power rail pending_off timer
11-22 22:19:26.050  1011  1189 D ASH     : @ 34818.253: tcs3701: start power rail timer, state:3
11-22 22:19:26.056  1795  2116 I UsageStatsService: User[0] Flushing usage stats to disk
11-22 22:19:26.067 29153 29187 I BatteryMgr:DataCollectionService: stats => 1700687966067,10070,4448,5493,4169000,100
11-22 22:19:26.089  1011  1189 I ASH     : @ 34818.293: tcs3701: stop power rail pending_off timer
11-22 22:19:26.089  1011  1189 D ASH     : @ 34818.293: tcs3701: start power rail timer, state:3
11-22 22:19:26.124  2289  2369 I cr_ADCP : No customization source found
11-22 22:19:26.129  1011  1189 I ASH     : @ 34818.333: tcs3701: stop power rail pending_off timer
11-22 22:19:26.129  1011  1189 D ASH     : @ 34818.333: tcs3701: start power rail timer, state:3
11-22 22:19:26.132  2289  2369 E cr_PartnerBMReader: ATTENTION: not using partner bookmarks as none were provided
11-22 22:19:26.139  3074  3074 E AbstractGmsTracer: Traced class shouldn't be obfuscated: LockboxBrokerChimeraService [CONTEXT service_id=259 ]
11-22 22:19:26.143  3845  3845 E AbstractGmsTracer: Traced class shouldn't be obfuscated: AppIndexingChimeraService [CONTEXT service_id=259 ]
11-22 22:19:26.153  3845  3845 E AbstractGmsTracer: Traced class shouldn't be obfuscated: IndexChimeraService [CONTEXT service_id=259 ]
11-22 22:19:26.158  1795  3716 D ActivityManager: freezer override set to true
11-22 22:19:26.159  3845  3845 E AbstractGmsTracer: Traced class shouldn't be obfuscated: IndexWorkerChimeraService [CONTEXT service_id=259 ]
11-22 22:19:26.161  3845  6995 I Icing   : IndexChimeraService.getServiceInterface callingPackage=com.google.android.gms componentName=null serviceId=30
11-22 22:19:26.164  1795  3716 D ActivityManager: freezer override set to false
11-22 22:19:26.169  1011  1189 I ASH     : @ 34818.373: tcs3701: stop power rail pending_off timer
11-22 22:19:26.169  1011  1189 D ASH     : @ 34818.373: tcs3701: start power rail timer, state:3
11-22 22:19:26.171  3845  3845 E AbstractGmsTracer: Traced class shouldn't be obfuscated: GmsBoundBrokerChimeraService [CONTEXT service_id=259 ]
11-22 22:19:26.173  3845  3845 D BoundBrokerSvc: onBind: Intent { act=com.google.android.gms.common.BIND_SHARED_PREFS pkg=com.google.android.gms }
11-22 22:19:26.173  3845  3845 D BoundBrokerSvc: Loading bound service for intent: Intent { act=com.google.android.gms.common.BIND_SHARED_PREFS pkg=com.google.android.gms }
11-22 22:19:26.173  3845  3845 E AbstractGmsTracer: Traced class shouldn't be obfuscated: SharedPreferencesBoundService [CONTEXT service_id=259 ]
11-22 22:19:26.176  3845  3845 D BoundBrokerSvc: onUnbind: Intent { act=com.google.android.gms.common.BIND_SHARED_PREFS pkg=com.google.android.gms }
11-22 22:19:26.180 29153 29187 I BatteryMgr:DataCollectionService: stats => 1700687966180,10070,4448,5493,4169000,100
11-22 22:19:26.209  1011  1189 I ASH     : @ 34818.413: tcs3701: stop power rail pending_off timer
11-22 22:19:26.209  1011  1189 D ASH     : @ 34818.413: tcs3701: start power rail timer, state:3
11-22 22:19:26.230  1795  3716 D CompatibilityChangeReporter: Compat change id reported: 161252188; UID 10010; state: DISABLED
11-22 22:19:26.233  3845 23894 I Icing   : Usage reports ok 3, Failed Usage reports 0, indexed 2, rejected 0
11-22 22:19:26.251  1011  1189 I ASH     : @ 34818.453: tcs3701: stop power rail pending_off timer
11-22 22:19:26.251  1011  1189 D ASH     : @ 34818.453: tcs3701: start power rail timer, state:3
11-22 22:19:26.285 29153 29187 I BatteryMgr:DataCollectionService: stats => 1700687966285,10070,4448,5493,4169000,100
11-22 22:19:26.289  1011  1189 I ASH     : @ 34818.493: tcs3701: stop power rail pending_off timer
11-22 22:19:26.289  1011  1189 D ASH     : @ 34818.493: tcs3701: start power rail timer, state:3
11-22 22:19:26.329  1011  1189 I ASH     : @ 34818.533: tcs3701: stop power rail pending_off timer
11-22 22:19:26.329  1011  1189 D ASH     : @ 34818.533: tcs3701: start power rail timer, state:3
11-22 22:19:26.342  1795  3716 D ActivityManager: freezer override set to true
11-22 22:19:26.369  1011  1189 I ASH     : @ 34818.573: tcs3701: stop power rail pending_off timer
11-22 22:19:26.369  1011  1189 D ASH     : @ 34818.573: tcs3701: start power rail timer, state:3
11-22 22:19:26.390 29153 29187 I BatteryMgr:DataCollectionService: stats => 1700687966390,10070,4448,5493,4169000,100
11-22 22:19:26.409  1011  1189 I ASH     : @ 34818.613: tcs3701: stop power rail pending_off timer
11-22 22:19:26.409  1011  1189 D ASH     : @ 34818.613: tcs3701: start power rail timer, state:3
11-22 22:19:26.450  1011  1189 I ASH     : @ 34818.653: tcs3701: stop power rail pending_off timer
11-22 22:19:26.450  1011  1189 D ASH     : @ 34818.653: tcs3701: start power rail timer, state:3
11-22 22:19:26.470  2289  2369 W chromium: [WARNING:ev_root_ca_metadata.cc(119)] Not implemented
11-22 22:19:26.475  2289  2358 I m.chrome.canary: Explicit concurrent copying GC freed 631364(19MB) AllocSpace objects, 29(1028KB) LOS objects, 75% free, 8734KB/34MB, paused 85us,83us total 41.875ms
11-22 22:19:26.489  1011  1189 I ASH     : @ 34818.693: tcs3701: stop power rail pending_off timer
11-22 22:19:26.489  1011  1189 D ASH     : @ 34818.693: tcs3701: start power rail timer, state:3
11-22 22:19:26.497 29153 29187 I BatteryMgr:DataCollectionService: stats => 1700687966496,10070,4448,5493,4169000,100
11-22 22:19:26.521  1795  3716 D ActivityManager: freezer override set to false
11-22 22:19:26.529  1011  1189 I ASH     : @ 34818.733: tcs3701: stop power rail pending_off timer
11-22 22:19:26.529  1011  1189 D ASH     : @ 34818.733: tcs3701: start power rail timer, state:3
11-22 22:19:26.565  1795  4167 D ActivityManager: freezer override set to true
11-22 22:19:26.569  1011  1189 I ASH     : @ 34818.773: tcs3701: stop power rail pending_off timer
11-22 22:19:26.569  1011  1189 D ASH     : @ 34818.773: tcs3701: start power rail timer, state:3
11-22 22:19:26.570  1795  4167 D ActivityManager: freezer override set to false
11-22 22:19:26.603 29153 29187 I BatteryMgr:DataCollectionService: stats => 1700687966603,10070,4448,5493,4169000,100
11-22 22:19:26.609  1011  1189 I ASH     : @ 34818.813: tcs3701: stop power rail pending_off timer
11-22 22:19:26.609  1011  1189 D ASH     : @ 34818.813: tcs3701: start power rail timer, state:3
11-22 22:19:26.649  1011  1189 I ASH     : @ 34818.853: tcs3701: stop power rail pending_off timer
11-22 22:19:26.649  1011  1189 D ASH     : @ 34818.853: tcs3701: start power rail timer, state:3
11-22 22:19:26.689  1011  1189 I ASH     : @ 34818.893: tcs3701: stop power rail pending_off timer
11-22 22:19:26.689  1011  1189 D ASH     : @ 34818.893: tcs3701: start power rail timer, state:3
11-22 22:19:26.712 29153 29187 I BatteryMgr:DataCollectionService: stats => 1700687966712,10070,4448,5493,4169000,100
11-22 22:19:26.729  1011  1189 I ASH     : @ 34818.933: tcs3701: stop power rail pending_off timer
11-22 22:19:26.729  1011  1189 D ASH     : @ 34818.933: tcs3701: start power rail timer, state:3
11-22 22:19:26.737  1795  3716 D CompatibilityChangeReporter: Compat change id reported: 161252188; UID 10287; state: DISABLED
11-22 22:19:26.737  1795  3716 I ActivityManager: Background started FGS: Allowed [callingPackage: com.android.shell; callingUid: 2000; uidState: NONE; intent: Intent { cmp=com.example.batterymanager_utility/.DataCollectionService (has extras) }; code:SYSTEM_UID; tempAllowListReason:<,reasonCode:SYSTEM_ALLOW_LISTED,duration:9223372036854775807,callingUid:-1>; targetSdkVersion:33; callerTargetSdkVersion:33; startForegroundCount:0; bindFromPackage:null]
11-22 22:19:26.738  1795  3716 D CompatibilityChangeReporter: Compat change id reported: 168419799; UID 10287; state: DISABLED
11-22 22:19:26.739  1795  3716 D CompatibilityChangeReporter: Compat change id reported: 273564678; UID 10287; state: DISABLED
11-22 22:19:26.744 29153 29153 I BatteryMgr:DataCollectionService: onStartCommand: begin
11-22 22:19:26.744 29153 29153 I BatteryMgr:DataCollectionService: onStartCommand: sampleRate => 100
11-22 22:19:26.744 29153 29153 I BatteryMgr:DataCollectionService: onStartCommand: rawFields => Timestamp,BATTERY_PROPERTY_CURRENT_NOW,EXTRA_VOLTAGE,BATTERY_PROPERTY_CURRENT_AVERAGE,BATTERY_PROPERTY_CHARGE_COUNTER,BATTERY_PROPERTY_CAPACITY
11-22 22:19:26.745 29153 29153 I BatteryMgr:DataCollectionService: onStartCommand: notification done
11-22 22:19:26.748 29153 29153 I BatteryMgr:DataCollectionService: started foreground
11-22 22:19:26.751 29153 29187 I BatteryMgr:DataCollectionService: collectData: begin
11-22 22:19:26.755 29153 29187 I BatteryMgr:DataCollectionService: stats => 1700687966755,10070,4448,5493,4169000,100
11-22 22:19:26.769  1011  1189 I ASH     : @ 34818.973: tcs3701: stop power rail pending_off timer
11-22 22:19:26.769  1011  1189 D ASH     : @ 34818.973: tcs3701: start power rail timer, state:3
11-22 22:19:26.809  1011  1189 I ASH     : @ 34819.013: tcs3701: stop power rail pending_off timer
11-22 22:19:26.809  1011  1189 D ASH     : @ 34819.013: tcs3701: start power rail timer, state:3
11-22 22:19:26.818 29153 29187 I BatteryMgr:DataCollectionService: stats => 1700687966818,10070,4448,5493,4169000,100
11-22 22:19:26.849  1011  1189 I ASH     : @ 34819.053: tcs3701: stop power rail pending_off timer
11-22 22:19:26.849  1011  1189 D ASH     : @ 34819.053: tcs3701: start power rail timer, state:3
11-22 22:19:26.863 29153 29187 I BatteryMgr:DataCollectionService: stats => 1700687966863,10070,4448,5493,4169000,100
11-22 22:19:26.889  1011  1189 I ASH     : @ 34819.093: tcs3701: stop power rail pending_off timer
11-22 22:19:26.889  1011  1189 D ASH     : @ 34819.093: tcs3701: start power rail timer, state:3
11-22 22:19:26.912  1795  3658 I ActivityTaskManager: START u0 {act=android.intent.action.VIEW dat=https://playground.babylonjs.com/... flg=0x10000000 cmp=com.chrome.canary/com.google.android.apps.chrome.Main} from uid 2000
11-22 22:19:26.913  1795  3658 D CompatibilityChangeReporter: Compat change id reported: 265464455; UID 10010; state: DISABLED
11-22 22:19:26.913  1795  3658 D CompatibilityChangeReporter: Compat change id reported: 265452344; UID 10010; state: DISABLED
11-22 22:19:26.913  1795  3658 D CompatibilityChangeReporter: Compat change id reported: 266124927; UID 10010; state: DISABLED
11-22 22:19:26.914  1795  3658 D CompatibilityChangeReporter: Compat change id reported: 265451093; UID 10010; state: DISABLED
11-22 22:19:26.914  1795  3658 D CompatibilityChangeReporter: Compat change id reported: 265456536; UID 10010; state: DISABLED
11-22 22:19:26.914  1795  3658 D CompatibilityChangeReporter: Compat change id reported: 255940284; UID 10010; state: DISABLED
11-22 22:19:26.914  1795  3658 D CompatibilityChangeReporter: Compat change id reported: 236283604; UID 10010; state: DISABLED
11-22 22:19:26.914  1795  3658 D CompatibilityChangeReporter: Compat change id reported: 263959004; UID 10010; state: DISABLED
11-22 22:19:26.915  1795  3658 D CompatibilityChangeReporter: Compat change id reported: 264304459; UID 10010; state: DISABLED
11-22 22:19:26.915  1795  3658 D CompatibilityChangeReporter: Compat change id reported: 264301586; UID 10010; state: DISABLED
11-22 22:19:26.915  1795  3658 D CompatibilityChangeReporter: Compat change id reported: 254631730; UID 10010; state: DISABLED
11-22 22:19:26.915  1795  3658 D CompatibilityChangeReporter: Compat change id reported: 273509367; UID 10010; state: DISABLED
11-22 22:19:26.915  1795  3658 D CompatibilityChangeReporter: Compat change id reported: 263259275; UID 10010; state: DISABLED
11-22 22:19:26.915  1795  3658 D CompatibilityChangeReporter: Compat change id reported: 194480991; UID 10010; state: ENABLED
11-22 22:19:26.916  1795  3658 D CompatibilityChangeReporter: Compat change id reported: 174042980; UID 10010; state: DISABLED
11-22 22:19:26.917  1795  3658 D CompatibilityChangeReporter: Compat change id reported: 181136395; UID 10010; state: DISABLED
11-22 22:19:26.917  1795  3658 D CompatibilityChangeReporter: Compat change id reported: 174042936; UID 10010; state: DISABLED
11-22 22:19:26.920  1795  3658 D CompatibilityChangeReporter: Compat change id reported: 194833441; UID 10010; state: ENABLED
11-22 22:19:26.925 29153 29187 I BatteryMgr:DataCollectionService: stats => 1700687966925,10070,4448,5493,4169000,100
11-22 22:19:26.930  1011  1189 I ASH     : @ 34819.133: tcs3701: stop power rail pending_off timer
11-22 22:19:26.930  1011  1189 D ASH     : @ 34819.133: tcs3701: start power rail timer, state:3
11-22 22:19:26.931  2289  2289 W cr_ActivityDispatcher: CustomTabsIntent#shouldAlwaysUseBrowserUI() = false
11-22 22:19:26.931  2289  2289 I cr_VideoPersist: Exited picture in picture with reason: 0
11-22 22:19:26.932  2289  2289 E cr_IntentUtils: getInt failed on bundle null
11-22 22:19:26.947  1795  2120 D CompatibilityChangeReporter: Compat change id reported: 143937733; UID 10010; state: ENABLED
11-22 22:19:26.955  2289  2289 W cr_ActivityDispatcher: CustomTabsIntent#shouldAlwaysUseBrowserUI() = false
11-22 22:19:26.957  2349  2349 D Zygote  : Forked child process 2742
11-22 22:19:26.961  2742  2742 E libc    : SetHeapTaggingLevel: re-enabling tagging after it was disabled is not supported
11-22 22:19:26.962  1795  2120 I ActivityManager: Start proc 2742:com.chrome.canary:sandboxed_process0:org.chromium.content.app.SandboxedProcessService0:1/u0ai1 for  {com.chrome.canary/org.chromium.content.app.SandboxedProcessService0:1}
11-22 22:19:26.962  2742  2742 I ocessService0:1: Using CollectorTypeCC GC.
11-22 22:19:26.969  1011  1189 I ASH     : @ 34819.173: tcs3701: stop power rail pending_off timer
11-22 22:19:26.969  1011  1189 D ASH     : @ 34819.173: tcs3701: start power rail timer, state:3
11-22 22:19:26.975  1383  1442 I adbd    : jdwp connection from 2742
11-22 22:19:26.975  1795  1853 D CoreBackPreview: Window{b08a8c9 u0 com.chrome.canary/com.google.android.apps.chrome.Main}: Setting back callback OnBackInvokedCallbackInfo{mCallback=android.window.IOnBackInvokedCallback$Stub$Proxy@26b5c92, mPriority=0}
11-22 22:19:26.977 29153 29187 I BatteryMgr:DataCollectionService: stats => 1700687966977,10070,4448,5493,4169000,100
11-22 22:19:26.979  2289  2289 I cr_OfflineDetector: Running updateState mConnectivityDetectorInitialized: true, mTimeWhenLastForegrounded: 34815794, getElapsedTime: 34815794, mTimeWhenLastOfflineNotificationReceived: 0, mTimeWhenLastOnline: 34814342, mTimeWhenAirplaneModeToggledOff: 0 mApplicationState: 1, mIsOfflineLastReportedByConnectivityDetector: false, mInAirplaneMode: false mIsEffectivelyOffline: false
11-22 22:19:26.979  2289  2289 I cr_OfflineDetector: updateState(): timeSinceLastForeground: 0, timeSinceOfflineNotificationReceived: 34815794, timeSinceLastOnline: 1452, timeNeededForForeground: 2000, timeNeededForOffline: -34813794 timeSinceAirplaneModeToggledOff: 34815794 timeNeededAfterConnectionChangeFromOnlineToOffline: 8548 timeNeededAfterConnectionChangeFromAirplaneToOffline: 0
11-22 22:19:26.979  2289  2289 I cr_OfflineDetector: Running mUpdateOfflineStatusIndicatorDelayedRunnable start. mConnectivityDetectorInitialized: true, mTimeWhenLastForegrounded: 34815794, getElapsedTime: 34815794, mTimeWhenLastOfflineNotificationReceived: 0, mTimeWhenLastOnline: 34814342, mTimeWhenAirplaneModeToggledOff: 0 mApplicationState: 1, mIsOfflineLastReportedByConnectivityDetector: false, mInAirplaneMode: false mIsEffectivelyOffline: false
11-22 22:19:26.982  2289  2289 I cr_InactivityTracker: Last background time read from the SharedPreference is:1700687966918.
11-22 22:19:26.984  2289  2289 I cr_VideoPersist: Exited picture in picture with reason: 0
11-22 22:19:26.984  1795  4167 D CompatibilityChangeReporter: Compat change id reported: 168419799; UID 10010; state: DISABLED
11-22 22:19:26.985  1795  4167 D CompatibilityChangeReporter: Compat change id reported: 273564678; UID 10010; state: DISABLED
11-22 22:19:26.986  3657  4525 D ForegroundUtils: Foreground UID status:
11-22 22:19:26.986  3657  4525 D ForegroundUtils: UID: 10010 is in foreground: true
11-22 22:19:26.986  3657  4525 D ForegroundUtils: UID: 10128 is in foreground: true
11-22 22:19:26.986  3657  4525 D ForegroundUtils: UID: 10145 is in foreground: true
11-22 22:19:26.986  3657  4525 D ForegroundUtils: UID: 10158 is in foreground: true
11-22 22:19:26.986  3657  4525 D ForegroundUtils: UID: 10182 is in foreground: true
11-22 22:19:26.986  3657  4525 D ForegroundUtils: UID: 10189 is in foreground: false
11-22 22:19:26.986  3657  4525 D ForegroundUtils: UID: 10194 is in foreground: true
11-22 22:19:26.986  3657  4525 D ForegroundUtils: UID: 10206 is in foreground: false
11-22 22:19:26.986  3657  4525 D ForegroundUtils: UID: 10207 is in foreground: true
11-22 22:19:26.986  3657  4525 D ForegroundUtils: UID: 10233 is in foreground: true
11-22 22:19:26.986  3657  4525 D ForegroundUtils: UID: 10244 is in foreground: false
11-22 22:19:26.987  3657  4525 D ForegroundUtils: UID: 10304 is in foreground: true
11-22 22:19:26.987  3657  4525 D ForegroundUtils: UID: 90000 is in foreground: true
11-22 22:19:26.987  2742  2742 I ActivityThread: Relaunch all activities: onCoreSettingsChange
11-22 22:19:26.987  1795  3658 D CompatibilityChangeReporter: Compat change id reported: 161145287; UID 10010; state: DISABLED
11-22 22:19:26.987  3657  4525 D ForegroundUtils: UID: 90001 is in foreground: true
11-22 22:19:26.987  3657  4525 D ForegroundUtils: UID: 99001 is in foreground: true
11-22 22:19:26.987  2742  2742 D CompatibilityChangeReporter: Compat change id reported: 171979766; UID 90001; state: ENABLED
11-22 22:19:26.987  2289  2289 I cr_InactivityTracker: Last visible time read from the SharedPreference is:1700687965623.
11-22 22:19:26.999  2742  2742 I LoadedApk: No resource references to update in package com.google.android.trichromelibrary.canary
11-22 22:19:26.999  2742  2742 D NetworkSecurityConfig: Using Network Security Config from resource 0_resource_name_obfuscated debugBuild: false
11-22 22:19:27.000  2742  2742 D NetworkSecurityConfig: Using Network Security Config from resource 0_resource_name_obfuscated debugBuild: false
11-22 22:19:27.001  2742  2742 I cr_SplitCompatApp: Launched version=121.0.6137.0 minSdkVersion=29 isBundle=true processName=com.chrome.canary:sandboxed_process0:org.chromium.content.app.SandboxedProcessService0:1 isIsolated=true
11-22 22:19:27.009  2742  2742 W SystemServiceRegistry: No service published for: uimode
11-22 22:19:27.009  1795  3658 D CompatibilityChangeReporter: Compat change id reported: 214016041; UID 10010; state: ENABLED
11-22 22:19:27.010  1011  1189 I ASH     : @ 34819.213: tcs3701: stop power rail pending_off timer
11-22 22:19:27.010  1011  1189 D ASH     : @ 34819.213: tcs3701: start power rail timer, state:3
11-22 22:19:27.010  3375  3375 I GoogleInputMethodService: GoogleInputMethodService.onFinishInput():3154 
11-22 22:19:27.011  3375  3375 I GoogleInputMethodService: GoogleInputMethodService.updateDeviceLockedStatus():2088 repeatCheckTimes = 0, locked = false
11-22 22:19:27.011  3375  3375 I GoogleInputMethodService: GoogleInputMethodService.onStartInput():1883 onStartInput(EditorInfo{EditorInfo{packageName=com.chrome.canary, inputType=0, inputTypeString=NULL, enableLearning=false, autoCorrection=false, autoComplete=false, imeOptions=12000000, privateImeOptions=null, actionName=UNSPECIFIED, actionLabel=null, initialSelStart=-1, initialSelEnd=-1, initialCapsMode=0, label=null, fieldId=-1, fieldName=null, extras=null, hintText=null, hintLocales=[]}}, false)
11-22 22:19:27.012  3375  3375 I GoogleInputMethodService: GoogleInputMethodService.updateDeviceLockedStatus():2088 repeatCheckTimes = 1, locked = false
11-22 22:19:27.014  2742  2742 I cr_ChildProcessService: Creating new ChildProcessService pid=2742
11-22 22:19:27.028  2742  2790 I cr_LibraryLoader: Successfully loaded native library
11-22 22:19:27.029  2742  2790 I cr_CachingUmaRecorder: Flushed 3 samples from 3 histograms, 0 samples were dropped.
11-22 22:19:27.034  2507  2564 I AdrenoVK-0: QUALCOMM build          : 4783c89, I46ff5fc46f
11-22 22:19:27.034  2507  2564 I AdrenoVK-0: Build Date              : 11/30/20
11-22 22:19:27.034  2507  2564 I AdrenoVK-0: Shader Compiler Version : EV031.31.04.01
11-22 22:19:27.034  2507  2564 I AdrenoVK-0: Local Branch            : QPR2
11-22 22:19:27.034  2507  2564 I AdrenoVK-0: Remote Branch           : 
11-22 22:19:27.034  2507  2564 I AdrenoVK-0: Remote Branch           : 
11-22 22:19:27.034  2507  2564 I AdrenoVK-0: Reconstruct Branch      : 
11-22 22:19:27.034  2507  2564 I AdrenoVK-0: Build Config            : S P 10.0.4 AArch64
11-22 22:19:27.034  2507  2564 I AdrenoVK-0: Driver Path             : /vendor/lib64/hw/vulkan.adreno.so
11-22 22:19:27.034 29153 29187 I BatteryMgr:DataCollectionService: stats => 1700687967034,10070,4448,5493,4169000,100
11-22 22:19:27.049  1011  1189 I ASH     : @ 34819.253: tcs3701: stop power rail pending_off timer
11-22 22:19:27.050  1011  1189 D ASH     : @ 34819.253: tcs3701: start power rail timer, state:3
11-22 22:19:27.083  2742  2790 I tflite  : Initialized TensorFlow Lite runtime.
11-22 22:19:27.084  2742  2790 W libc    : Access denied finding property "ro.mediatek.platform"
11-22 22:19:27.084  2742  2790 W libc    : Access denied finding property "ro.chipname"
11-22 22:19:27.084  2742  2790 W libc    : Access denied finding property "ro.hardware.chipname"
11-22 22:19:27.086 29153 29187 I BatteryMgr:DataCollectionService: stats => 1700687967086,10070,4448,5493,4169000,100
11-22 22:19:27.089  1011  1189 I ASH     : @ 34819.293: tcs3701: stop power rail pending_off timer
11-22 22:19:27.089  1011  1189 D ASH     : @ 34819.293: tcs3701: start power rail timer, state:3
11-22 22:19:27.105  2289  2371 I tflite  : Initialized TensorFlow Lite runtime.
11-22 22:19:27.105  2289  2371 W libc    : Access denied finding property "ro.mediatek.platform"
11-22 22:19:27.105  2289  2371 W libc    : Access denied finding property "ro.chipname"
11-22 22:19:27.105  2289  2371 W libc    : Access denied finding property "ro.hardware.chipname"
11-22 22:19:27.129  1011  1189 I ASH     : @ 34819.333: tcs3701: stop power rail pending_off timer
11-22 22:19:27.129  1011  1189 D ASH     : @ 34819.333: tcs3701: start power rail timer, state:3
11-22 22:19:27.148 29153 29187 I BatteryMgr:DataCollectionService: stats => 1700687967148,10070,4448,5493,4169000,100
11-22 22:19:27.169  1011  1189 I ASH     : @ 34819.373: tcs3701: stop power rail pending_off timer
11-22 22:19:27.170  1011  1189 D ASH     : @ 34819.373: tcs3701: start power rail timer, state:3
11-22 22:19:27.175  1795  1853 D ActivityManager: freezer override set to true
11-22 22:19:27.185  1795  1853 D ActivityManager: freezer override set to false
11-22 22:19:27.193 29153 29187 I BatteryMgr:DataCollectionService: stats => 1700687967192,10070,4448,5493,4169000,100
11-22 22:19:27.209  1011  1189 I ASH     : @ 34819.413: tcs3701: stop power rail pending_off timer
11-22 22:19:27.209  1011  1189 D ASH     : @ 34819.413: tcs3701: start power rail timer, state:3
11-22 22:19:27.249  1011  1189 I ASH     : @ 34819.453: tcs3701: stop power rail pending_off timer
11-22 22:19:27.249  1011  1189 D ASH     : @ 34819.453: tcs3701: start power rail timer, state:3
11-22 22:19:27.254 29153 29187 I BatteryMgr:DataCollectionService: stats => 1700687967254,10070,4448,5493,4169000,100
11-22 22:19:27.289  1011  1189 I ASH     : @ 34819.493: tcs3701: stop power rail pending_off timer
11-22 22:19:27.289  1011  1189 D ASH     : @ 34819.493: tcs3701: start power rail timer, state:3
11-22 22:19:27.298 29153 29187 I BatteryMgr:DataCollectionService: stats => 1700687967298,10070,4448,5493,4169000,100
11-22 22:19:27.329  1011  1189 I ASH     : @ 34819.533: tcs3701: stop power rail pending_off timer
11-22 22:19:27.329  1011  1189 D ASH     : @ 34819.533: tcs3701: start power rail timer, state:3
11-22 22:19:27.359 29153 29187 I BatteryMgr:DataCollectionService: stats => 1700687967359,10070,4448,5493,4169000,100
11-22 22:19:27.369  1011  1189 I ASH     : @ 34819.573: tcs3701: stop power rail pending_off timer
11-22 22:19:27.369  1011  1189 D ASH     : @ 34819.573: tcs3701: start power rail timer, state:3
11-22 22:19:27.403 29153 29187 I BatteryMgr:DataCollectionService: stats => 1700687967403,10070,4448,5493,4169000,100
11-22 22:19:27.409  1011  1189 I ASH     : @ 34819.613: tcs3701: stop power rail pending_off timer
11-22 22:19:27.409  1011  1189 D ASH     : @ 34819.613: tcs3701: start power rail timer, state:3
11-22 22:19:27.449  1011  1189 I ASH     : @ 34819.653: tcs3701: stop power rail pending_off timer
11-22 22:19:27.449  1011  1189 D ASH     : @ 34819.653: tcs3701: start power rail timer, state:3
11-22 22:19:27.465 29153 29187 I BatteryMgr:DataCollectionService: stats => 1700687967465,10070,4448,5493,4169000,100
11-22 22:19:27.489  1011  1189 I ASH     : @ 34819.693: tcs3701: stop power rail pending_off timer
11-22 22:19:27.489  1011  1189 D ASH     : @ 34819.693: tcs3701: start power rail timer, state:3
11-22 22:19:27.508 29153 29187 I BatteryMgr:DataCollectionService: stats => 1700687967508,10070,4448,5493,4169000,100
11-22 22:19:27.516  1795  2424 D WifiClientModeImpl[13802:wlan0]: updateLinkLayerStatsRssiSpeedFrequencyCapabilities rssi=-41 TxLinkspeed=866 freq=5240 RxLinkSpeed=866
11-22 22:19:27.517  1795  2424 D WifiDataStall: tx tput in kbps: 748785
11-22 22:19:27.517  1795  2424 D WifiDataStall: rx tput in kbps: 788195
11-22 22:19:27.517  1795  2424 V WifiConfigManager: Updating scan detail cache freq=5240 BSSID=f4:6d:2f:12:cc:88 RSSI=-42 for "ourhome"WPA_PSK
11-22 22:19:27.517  2782  5906 D QCNEJ/WlanStaInfoRelay: Received action: android.net.wifi.RSSI_CHANGED
11-22 22:19:27.517  1795  2424 D WifiChannelUtilization:  freq: 5240 onTime: 835710 busyTime: 77790 onTimeDiff: 835415 busyTimeDiff: 77773 utilization: 23 utilization t0: 23
11-22 22:19:27.518  1795  2424 D WifiDataStall:  ccaLevel = 23
11-22 22:19:27.518  1795  2424 D WifiDataStall: L2 txTputKbps: 725139, rxTputKbps: 788195, L3 txTputKbps: 54, rxTputKbps: 94, TxTrafficHigh: true, RxTrafficHigh: true, Throughput Sufficient: true
11-22 22:19:27.518  1795  2424 D WifiScoreReport: Wifi scoring disabled - Don't check IP layer
11-22 22:19:27.518  3213  3226 V WifiManager: OnWifiUsabilityStatsListener: onWifiUsabilityStats: seqNum=11517
11-22 22:19:27.518  1795  2424 D WifiScoreCard: BSSID update SIGNAL_POLL ID: 1320464697 SSID: "ourhome", BSSID: f4:6d:2f:12:cc:88, MAC: b2:2f:ec:da:4a:0c, IP: /192.168.1.104, Security type: 2, Supplicant state: COMPLETED, Wi-Fi standard: 5, RSSI: -41, Link speed: 866Mbps, Tx Link speed: 866Mbps, Max Supported Tx Link speed: 866Mbps, Rx Link speed: 866Mbps, Max Supported Rx Link speed: 866Mbps, Frequency: 5240MHz, Net ID: 12, Metered hint: false, score: 60, isUsable: true, CarrierMerged: false, SubscriptionId: -1, IsPrimary: 1, Trusted: true, Restricted: false, Ephemeral: false, OEM paid: false, OEM private: false, OSU AP: false, FQDN: <none>, Provider friendly name: <none>, Requesting package name: <none>"ourhome"wpa2-pskMLO Information: , Is TID-To-Link negotiation supported by the AP: false, AP MLD Address: <none>, AP MLO Link Id: <none>, AP MLO Affiliated links: <none>
11-22 22:19:27.518  1795  2424 D WifiScoreCard: txRate: 16 txSpeed: 866
11-22 22:19:27.518  1795  2424 D WifiScoreCard: network update SIGNAL_POLL "ourhome" ID: 1499892569 RSSI -41 txSpeed 866
11-22 22:19:27.518  1795  3658 I WifiService: updateWifiUsabilityScore uid=10180 seqNum=11517 score=100 predictionHorizonSec=1441795
11-22 22:19:27.518  2513 28998 V WifiManager: TrafficStateCallbackProxy: onStateChanged state=3
11-22 22:19:27.518  1795  2424 D WifiClientModeImpl[13802:wlan0]:  ClientModeImpl$L2ConnectedState screen=on 1 0 "ourhome" f4:6d:2f:12:cc:88 rssi=-41 f=5240 sc=60 link=866 tx=14.5, 1.2, 0.0 rx=8.0 bcn=322185 [on:1114 tx:12 rx:7 period:3005] from screen [on:841265 period:-119081698] score=60
11-22 22:19:27.519  1795  2424 D WifiScoreReport: Wifi scoring disabled - Notify that Wifi is usable
11-22 22:19:27.521  1795  2432 D ConnectivityService: NetReassign [no changes] [c 0] [a 0] [i 2]
11-22 22:19:27.529  1011  1189 I ASH     : @ 34819.733: tcs3701: stop power rail pending_off timer
11-22 22:19:27.529  1011  1189 D ASH     : @ 34819.733: tcs3701: start power rail timer, state:3
11-22 22:19:27.569  1011  1189 I ASH     : @ 34819.773: tcs3701: stop power rail pending_off timer
11-22 22:19:27.569  1011  1189 D ASH     : @ 34819.773: tcs3701: start power rail timer, state:3
11-22 22:19:27.571 29153 29187 I BatteryMgr:DataCollectionService: stats => 1700687967571,10070,4448,5493,4169000,100
11-22 22:19:27.598  2289  2369 W chromium: [WARNING:ev_root_ca_metadata.cc(119)] Not implemented
