11-22 23:19:20.252  1011  1189 D ASH     : @ 38412.455: tcs3701: start power rail timer, state:3
11-22 23:19:20.292  1011  1189 I ASH     : @ 38412.495: tcs3701: stop power rail pending_off timer
11-22 23:19:20.292  1011  1189 D ASH     : @ 38412.495: tcs3701: start power rail timer, state:3
11-22 23:19:20.317 29153 29185 I BatteryMgr:DataCollectionService: stats => 1700691560317,9155,4445,5493,4169000,100
11-22 23:19:20.317 29153 29184 I BatteryMgr:DataCollectionService: stats => 1700691560317,9155,4445,5493,4169000,100
11-22 23:19:20.332  1011  1189 I ASH     : @ 38412.535: tcs3701: stop power rail pending_off timer
11-22 23:19:20.332  1011  1189 D ASH     : @ 38412.535: tcs3701: start power rail timer, state:3
11-22 23:19:20.372  1011  1189 I ASH     : @ 38412.575: tcs3701: stop power rail pending_off timer
11-22 23:19:20.372  1011  1189 D ASH     : @ 38412.575: tcs3701: start power rail timer, state:3
11-22 23:19:20.412  1011  1189 I ASH     : @ 38412.615: tcs3701: stop power rail pending_off timer
11-22 23:19:20.412  1011  1189 D ASH     : @ 38412.615: tcs3701: start power rail timer, state:3
11-22 23:19:20.424 29153 29184 I BatteryMgr:DataCollectionService: stats => 1700691560424,9155,4445,5493,4169000,100
11-22 23:19:20.425 29153 29185 I BatteryMgr:DataCollectionService: stats => 1700691560425,9155,4445,5493,4169000,100
11-22 23:19:20.452  1011  1189 I ASH     : @ 38412.655: tcs3701: stop power rail pending_off timer
11-22 23:19:20.452  1011  1189 D ASH     : @ 38412.655: tcs3701: start power rail timer, state:3
11-22 23:19:20.492  1011  1189 I ASH     : @ 38412.695: tcs3701: stop power rail pending_off timer
11-22 23:19:20.492  1011  1189 D ASH     : @ 38412.695: tcs3701: start power rail timer, state:3
11-22 23:19:20.532  1011  1189 I ASH     : @ 38412.735: tcs3701: stop power rail pending_off timer
11-22 23:19:20.532  1011  1189 D ASH     : @ 38412.735: tcs3701: start power rail timer, state:3
11-22 23:19:20.538 29153 29187 I BatteryMgr:DataCollectionService: stats => 1700691560538,9155,4445,5493,4169000,100
11-22 23:19:20.540 29153 29184 I BatteryMgr:DataCollectionService: stats => 1700691560540,9155,4445,5493,4169000,100
11-22 23:19:20.571  1011  1189 I ASH     : @ 38412.775: tcs3701: stop power rail pending_off timer
11-22 23:19:20.572  1011  1189 D ASH     : @ 38412.775: tcs3701: start power rail timer, state:3
11-22 23:19:20.612  1011  1189 I ASH     : @ 38412.815: tcs3701: stop power rail pending_off timer
11-22 23:19:20.612  1011  1189 D ASH     : @ 38412.815: tcs3701: start power rail timer, state:3
11-22 23:19:20.651  1011  1189 I ASH     : @ 38412.855: tcs3701: stop power rail pending_off timer
11-22 23:19:20.652  1011  1189 D ASH     : @ 38412.855: tcs3701: start power rail timer, state:3
11-22 23:19:20.652 29153 29187 I BatteryMgr:DataCollectionService: stats => 1700691560652,9155,4445,5493,4169000,100
11-22 23:19:20.654 29153 29184 I BatteryMgr:DataCollectionService: stats => 1700691560654,9155,4445,5493,4169000,100
11-22 23:19:20.692  1011  1189 I ASH     : @ 38412.895: tcs3701: stop power rail pending_off timer
11-22 23:19:20.692  1011  1189 D ASH     : @ 38412.895: tcs3701: start power rail timer, state:3
11-22 23:19:20.731  1011  1189 I ASH     : @ 38412.935: tcs3701: stop power rail pending_off timer
11-22 23:19:20.731  1011  1189 D ASH     : @ 38412.935: tcs3701: start power rail timer, state:3
11-22 23:19:20.766 29153 29187 I BatteryMgr:DataCollectionService: stats => 1700691560765,9155,4445,5493,4169000,100
11-22 23:19:20.767 29153 29184 I BatteryMgr:DataCollectionService: stats => 1700691560767,9155,4445,5493,4169000,100
11-22 23:19:20.771  1011  1189 I ASH     : @ 38412.975: tcs3701: stop power rail pending_off timer
11-22 23:19:20.771  1011  1189 D ASH     : @ 38412.975: tcs3701: start power rail timer, state:3
11-22 23:19:20.812  1011  1189 I ASH     : @ 38413.015: tcs3701: stop power rail pending_off timer
11-22 23:19:20.812  1011  1189 D ASH     : @ 38413.015: tcs3701: start power rail timer, state:3
11-22 23:19:20.814  1795  3716 D ActivityManager: freezer override set to true
11-22 23:19:20.852  1011  1189 I ASH     : @ 38413.055: tcs3701: stop power rail pending_off timer
11-22 23:19:20.852  1011  1189 D ASH     : @ 38413.055: tcs3701: start power rail timer, state:3
11-22 23:19:20.872 29153 29187 I BatteryMgr:DataCollectionService: stats => 1700691560872,9155,4445,5493,4169000,100
11-22 23:19:20.873 29153 29184 I BatteryMgr:DataCollectionService: stats => 1700691560873,9155,4445,5493,4169000,100
11-22 23:19:20.892  1011  1189 I ASH     : @ 38413.095: tcs3701: stop power rail pending_off timer
11-22 23:19:20.892  1011  1189 D ASH     : @ 38413.095: tcs3701: start power rail timer, state:3
11-22 23:19:20.932  1011  1189 I ASH     : @ 38413.135: tcs3701: stop power rail pending_off timer
11-22 23:19:20.932  1011  1189 D ASH     : @ 38413.135: tcs3701: start power rail timer, state:3
11-22 23:19:20.945 13757 14034 I m.chrome.canary: Explicit concurrent copying GC freed 3733(175KB) AllocSpace objects, 4(80KB) LOS objects, 75% free, 11MB/45MB, paused 32us,22us total 45.891ms
11-22 23:19:20.971  1011  1189 I ASH     : @ 38413.175: tcs3701: stop power rail pending_off timer
11-22 23:19:20.971  1011  1189 D ASH     : @ 38413.175: tcs3701: start power rail timer, state:3
11-22 23:19:20.976 29153 29187 I BatteryMgr:DataCollectionService: stats => 1700691560976,9155,4445,5493,4169000,100
11-22 23:19:20.978 29153 29184 I BatteryMgr:DataCollectionService: stats => 1700691560978,9155,4445,5493,4169000,100
11-22 23:19:20.996  1795  3716 D ActivityManager: freezer override set to false
11-22 23:19:21.012  1011  1189 I ASH     : @ 38413.215: tcs3701: stop power rail pending_off timer
11-22 23:19:21.012  1011  1189 D ASH     : @ 38413.215: tcs3701: start power rail timer, state:3
11-22 23:19:21.044  1795  3716 D ActivityManager: freezer override set to true
11-22 23:19:21.046  1795  3716 D ActivityManager: freezer override set to false
11-22 23:19:21.051  1011  1189 I ASH     : @ 38413.255: tcs3701: stop power rail pending_off timer
11-22 23:19:21.051  1011  1189 D ASH     : @ 38413.255: tcs3701: start power rail timer, state:3
11-22 23:19:21.082 29153 29184 I BatteryMgr:DataCollectionService: stats => 1700691561082,9155,4445,5493,4169000,100
11-22 23:19:21.083 29153 29187 I BatteryMgr:DataCollectionService: stats => 1700691561083,9155,4445,5493,4169000,100
11-22 23:19:21.092  1011  1189 I ASH     : @ 38413.295: tcs3701: stop power rail pending_off timer
11-22 23:19:21.093  1011  1189 D ASH     : @ 38413.295: tcs3701: start power rail timer, state:3
11-22 23:19:21.132  1011  1189 I ASH     : @ 38413.335: tcs3701: stop power rail pending_off timer
11-22 23:19:21.132  1011  1189 D ASH     : @ 38413.335: tcs3701: start power rail timer, state:3
11-22 23:19:21.172  1011  1189 I ASH     : @ 38413.375: tcs3701: stop power rail pending_off timer
11-22 23:19:21.172  1011  1189 D ASH     : @ 38413.375: tcs3701: start power rail timer, state:3
11-22 23:19:21.189 29153 29187 I BatteryMgr:DataCollectionService: stats => 1700691561189,9155,4445,5493,4169000,100
11-22 23:19:21.191 29153 29184 I BatteryMgr:DataCollectionService: stats => 1700691561190,9155,4445,5493,4169000,100
11-22 23:19:21.212  1011  1189 I ASH     : @ 38413.415: tcs3701: stop power rail pending_off timer
11-22 23:19:21.212  1011  1189 D ASH     : @ 38413.415: tcs3701: start power rail timer, state:3
11-22 23:19:21.252  1011  1189 I ASH     : @ 38413.455: tcs3701: stop power rail pending_off timer
11-22 23:19:21.252  1011  1189 D ASH     : @ 38413.455: tcs3701: start power rail timer, state:3
11-22 23:19:21.292  1011  1189 I ASH     : @ 38413.495: tcs3701: stop power rail pending_off timer
11-22 23:19:21.292  1011  1189 D ASH     : @ 38413.495: tcs3701: start power rail timer, state:3
11-22 23:19:21.297 29153 31606 I BatteryMgr:DataCollectionService: stats => 1700691561297,9155,4445,5493,4169000,100
11-22 23:19:21.300 29153 29184 I BatteryMgr:DataCollectionService: stats => 1700691561299,9155,4445,5493,4169000,100
11-22 23:19:21.332  1011  1189 I ASH     : @ 38413.535: tcs3701: stop power rail pending_off timer
11-22 23:19:21.332  1011  1189 D ASH     : @ 38413.535: tcs3701: start power rail timer, state:3
11-22 23:19:21.372  1011  1189 I ASH     : @ 38413.575: tcs3701: stop power rail pending_off timer
11-22 23:19:21.372  1011  1189 D ASH     : @ 38413.575: tcs3701: start power rail timer, state:3
11-22 23:19:21.407 29153 31606 I BatteryMgr:DataCollectionService: stats => 1700691561406,9155,4445,5493,4169000,100
11-22 23:19:21.409 29153 29184 I BatteryMgr:DataCollectionService: stats => 1700691561409,9155,4445,5493,4169000,100
11-22 23:19:21.412  1011  1189 I ASH     : @ 38413.615: tcs3701: stop power rail pending_off timer
11-22 23:19:21.412  1011  1189 D ASH     : @ 38413.615: tcs3701: start power rail timer, state:3
11-22 23:19:21.452  1011  1189 I ASH     : @ 38413.655: tcs3701: stop power rail pending_off timer
11-22 23:19:21.452  1011  1189 D ASH     : @ 38413.655: tcs3701: start power rail timer, state:3
11-22 23:19:21.491  1011  1189 I ASH     : @ 38413.695: tcs3701: stop power rail pending_off timer
11-22 23:19:21.491  1011  1189 D ASH     : @ 38413.695: tcs3701: start power rail timer, state:3
11-22 23:19:21.515 29153 29184 I BatteryMgr:DataCollectionService: stats => 1700691561515,9155,4445,5493,4169000,100
11-22 23:19:21.516 29153 31606 I BatteryMgr:DataCollectionService: stats => 1700691561515,9155,4445,5493,4169000,100
11-22 23:19:21.532  1011  1189 I ASH     : @ 38413.735: tcs3701: stop power rail pending_off timer
11-22 23:19:21.532  1011  1189 D ASH     : @ 38413.735: tcs3701: start power rail timer, state:3
11-22 23:19:21.572  1011  1189 I ASH     : @ 38413.775: tcs3701: stop power rail pending_off timer
11-22 23:19:21.572  1011  1189 D ASH     : @ 38413.775: tcs3701: start power rail timer, state:3
11-22 23:19:21.612  1011  1189 I ASH     : @ 38413.815: tcs3701: stop power rail pending_off timer
11-22 23:19:21.612  1011  1189 D ASH     : @ 38413.815: tcs3701: start power rail timer, state:3
11-22 23:19:21.626 29153 31606 I BatteryMgr:DataCollectionService: stats => 1700691561626,9155,4445,5493,4169000,100
11-22 23:19:21.626 29153 29184 I BatteryMgr:DataCollectionService: stats => 1700691561626,9155,4445,5493,4169000,100
11-22 23:19:21.652  1011  1189 I ASH     : @ 38413.855: tcs3701: stop power rail pending_off timer
11-22 23:19:21.652  1011  1189 D ASH     : @ 38413.855: tcs3701: start power rail timer, state:3
11-22 23:19:21.691  1011  1189 I ASH     : @ 38413.895: tcs3701: stop power rail pending_off timer
11-22 23:19:21.692  1011  1189 D ASH     : @ 38413.895: tcs3701: start power rail timer, state:3
11-22 23:19:21.732  1011  1189 I ASH     : @ 38413.935: tcs3701: stop power rail pending_off timer
11-22 23:19:21.732  1011  1189 D ASH     : @ 38413.935: tcs3701: start power rail timer, state:3
11-22 23:19:21.735 29153 29184 I BatteryMgr:DataCollectionService: stats => 1700691561735,9155,4445,5493,4169000,100
11-22 23:19:21.735 29153 31606 I BatteryMgr:DataCollectionService: stats => 1700691561735,9155,4445,5493,4169000,100
11-22 23:19:21.772  1011  1189 I ASH     : @ 38413.975: tcs3701: stop power rail pending_off timer
11-22 23:19:21.772  1011  1189 D ASH     : @ 38413.975: tcs3701: start power rail timer, state:3
11-22 23:19:21.812  1011  1189 I ASH     : @ 38414.015: tcs3701: stop power rail pending_off timer
11-22 23:19:21.812  1011  1189 D ASH     : @ 38414.015: tcs3701: start power rail timer, state:3
11-22 23:19:21.818  1795  4157 D ActivityManager: freezer override set to true
11-22 23:19:21.821  1795  4157 D ActivityManager: freezer override set to false
11-22 23:19:21.841 29153 29184 I BatteryMgr:DataCollectionService: stats => 1700691561841,9155,4445,5493,4169000,100
11-22 23:19:21.844 29153 31606 I BatteryMgr:DataCollectionService: stats => 1700691561844,9155,4445,5493,4169000,100
11-22 23:19:21.852  1011  1189 I ASH     : @ 38414.055: tcs3701: stop power rail pending_off timer
11-22 23:19:21.852  1011  1189 D ASH     : @ 38414.055: tcs3701: start power rail timer, state:3
11-22 23:19:21.891  1011  1189 I ASH     : @ 38414.095: tcs3701: stop power rail pending_off timer
11-22 23:19:21.892  1011  1189 D ASH     : @ 38414.095: tcs3701: start power rail timer, state:3
11-22 23:19:21.931  1011  1189 I ASH     : @ 38414.135: tcs3701: stop power rail pending_off timer
11-22 23:19:21.931  1011  1189 D ASH     : @ 38414.135: tcs3701: start power rail timer, state:3
11-22 23:19:21.950 29153 31606 I BatteryMgr:DataCollectionService: stats => 1700691561950,9155,4445,5493,4169000,100
11-22 23:19:21.952 29153 29184 I BatteryMgr:DataCollectionService: stats => 1700691561952,9155,4445,5493,4169000,100
11-22 23:19:21.971  1011  1189 I ASH     : @ 38414.175: tcs3701: stop power rail pending_off timer
11-22 23:19:21.972  1011  1189 D ASH     : @ 38414.175: tcs3701: start power rail timer, state:3
11-22 23:19:22.012  1011  1189 I ASH     : @ 38414.215: tcs3701: stop power rail pending_off timer
11-22 23:19:22.012  1011  1189 D ASH     : @ 38414.215: tcs3701: start power rail timer, state:3
11-22 23:19:22.052  1011  1189 I ASH     : @ 38414.255: tcs3701: stop power rail pending_off timer
11-22 23:19:22.052  1011  1189 D ASH     : @ 38414.255: tcs3701: start power rail timer, state:3
11-22 23:19:22.061 29153 29184 I BatteryMgr:DataCollectionService: stats => 1700691562060,9155,4445,5493,4169000,100
11-22 23:19:22.061 29153 31606 I BatteryMgr:DataCollectionService: stats => 1700691562061,9155,4445,5493,4169000,100
11-22 23:19:22.092  1011  1189 I ASH     : @ 38414.295: tcs3701: stop power rail pending_off timer
11-22 23:19:22.092  1011  1189 D ASH     : @ 38414.295: tcs3701: start power rail timer, state:3
11-22 23:19:22.132  1011  1189 I ASH     : @ 38414.335: tcs3701: stop power rail pending_off timer
11-22 23:19:22.132  1011  1189 D ASH     : @ 38414.335: tcs3701: start power rail timer, state:3
11-22 23:19:22.168 29153 29184 I BatteryMgr:DataCollectionService: stats => 1700691562168,9155,4445,5493,4169000,100
11-22 23:19:22.169 29153 31606 I BatteryMgr:DataCollectionService: stats => 1700691562169,9155,4445,5493,4169000,100
11-22 23:19:22.172  1011  1189 I ASH     : @ 38414.375: tcs3701: stop power rail pending_off timer
11-22 23:19:22.173  1011  1189 D ASH     : @ 38414.375: tcs3701: start power rail timer, state:3
11-22 23:19:22.212  1011  1189 I ASH     : @ 38414.415: tcs3701: stop power rail pending_off timer
11-22 23:19:22.212  1011  1189 D ASH     : @ 38414.415: tcs3701: start power rail timer, state:3
11-22 23:19:22.217  1795  3716 D ActivityManager: freezer override set to true
11-22 23:19:22.251  1011  1189 I ASH     : @ 38414.455: tcs3701: stop power rail pending_off timer
11-22 23:19:22.251  1011  1189 D ASH     : @ 38414.455: tcs3701: start power rail timer, state:3
11-22 23:19:22.275 29153 29184 I BatteryMgr:DataCollectionService: stats => 1700691562275,9155,4445,5493,4169000,100
11-22 23:19:22.276 29153 31606 I BatteryMgr:DataCollectionService: stats => 1700691562276,9155,4445,5493,4169000,100
11-22 23:19:22.289 13757 14034 I m.chrome.canary: Explicit concurrent copying GC freed 3521(160KB) AllocSpace objects, 3(60KB) LOS objects, 75% free, 11MB/45MB, paused 30us,22us total 38.816ms
11-22 23:19:22.291  1011  1189 I ASH     : @ 38414.495: tcs3701: stop power rail pending_off timer
11-22 23:19:22.291  1011  1189 D ASH     : @ 38414.495: tcs3701: start power rail timer, state:3
11-22 23:19:22.331  1011  1189 I ASH     : @ 38414.535: tcs3701: stop power rail pending_off timer
11-22 23:19:22.331  1011  1189 D ASH     : @ 38414.535: tcs3701: start power rail timer, state:3
11-22 23:19:22.339  1795  3716 D ActivityManager: freezer override set to false
11-22 23:19:22.373  1011  1189 I ASH     : @ 38414.575: tcs3701: stop power rail pending_off timer
11-22 23:19:22.373  1011  1189 D ASH     : @ 38414.575: tcs3701: start power rail timer, state:3
11-22 23:19:22.375  1795  3716 D ActivityManager: freezer override set to true
11-22 23:19:22.378  1795  3716 D ActivityManager: freezer override set to false
11-22 23:19:22.380 29153 29184 I BatteryMgr:DataCollectionService: stats => 1700691562379,9155,4445,5493,4169000,100
11-22 23:19:22.381 29153 31606 I BatteryMgr:DataCollectionService: stats => 1700691562381,9155,4445,5493,4169000,100
11-22 23:19:22.412  1011  1189 I ASH     : @ 38414.615: tcs3701: stop power rail pending_off timer
11-22 23:19:22.412  1011  1189 D ASH     : @ 38414.615: tcs3701: start power rail timer, state:3
11-22 23:19:22.452  1011  1189 I ASH     : @ 38414.655: tcs3701: stop power rail pending_off timer
11-22 23:19:22.452  1011  1189 D ASH     : @ 38414.655: tcs3701: start power rail timer, state:3
11-22 23:19:22.459  1795  2424 D WifiClientModeImpl[13802:wlan0]: updateLinkLayerStatsRssiSpeedFrequencyCapabilities rssi=-41 TxLinkspeed=866 freq=5240 RxLinkSpeed=866
11-22 23:19:22.459  1795  2424 D WifiDataStall: tx tput in kbps: 706331
11-22 23:19:22.459  1795  2424 D WifiDataStall: rx tput in kbps: 784812
11-22 23:19:22.460  1795  2424 V WifiConfigManager: Updating scan detail cache freq=5240 BSSID=f4:6d:2f:12:cc:88 RSSI=-41 for "ourhome"WPA_PSK
11-22 23:19:22.460  1795  2424 D WifiChannelUtilization:  freq: 5240 onTime: 1000587 busyTime: 96023 onTimeDiff: 1000292 busyTimeDiff: 96006 utilization: 24 utilization t0: 24
11-22 23:19:22.460  1795  2424 D WifiDataStall:  ccaLevel = 24
11-22 23:19:22.460  1795  2424 D WifiDataStall: L2 txTputKbps: 706331, rxTputKbps: 784812, L3 txTputKbps: 54, rxTputKbps: 1396, TxTrafficHigh: true, RxTrafficHigh: true, Throughput Sufficient: true
11-22 23:19:22.460  3213  3232 V WifiManager: OnWifiUsabilityStatsListener: onWifiUsabilityStats: seqNum=12700
11-22 23:19:22.461  1795  2424 D WifiScoreReport: Wifi scoring disabled - Don't check IP layer
11-22 23:19:22.462  1795  2424 D WifiScoreCard: BSSID update SIGNAL_POLL ID: 1320464697 SSID: "ourhome", BSSID: f4:6d:2f:12:cc:88, MAC: b2:2f:ec:da:4a:0c, IP: /192.168.1.104, Security type: 2, Supplicant state: COMPLETED, Wi-Fi standard: 5, RSSI: -41, Link speed: 866Mbps, Tx Link speed: 866Mbps, Max Supported Tx Link speed: 866Mbps, Rx Link speed: 866Mbps, Max Supported Rx Link speed: 866Mbps, Frequency: 5240MHz, Net ID: 12, Metered hint: false, score: 60, isUsable: true, CarrierMerged: false, SubscriptionId: -1, IsPrimary: 1, Trusted: true, Restricted: false, Ephemeral: false, OEM paid: false, OEM private: false, OSU AP: false, FQDN: <none>, Provider friendly name: <none>, Requesting package name: <none>"ourhome"wpa2-pskMLO Information: , Is TID-To-Link negotiation supported by the AP: false, AP MLD Address: <none>, AP MLO Link Id: <none>, AP MLO Affiliated links: <none>
11-22 23:19:22.462  1795  3716 I WifiService: updateWifiUsabilityScore uid=10180 seqNum=12700 score=100 predictionHorizonSec=1441795
11-22 23:19:22.462  1795  2424 D WifiScoreCard: txRate: 103 txSpeed: 866
11-22 23:19:22.462  1795  2424 D WifiScoreCard: network update SIGNAL_POLL "ourhome" ID: 1499892569 RSSI -41 txSpeed 866
11-22 23:19:22.462  1795  2424 D WifiClientModeImpl[13802:wlan0]:  ClientModeImpl$L2ConnectedState screen=on 3 0 "ourhome" f4:6d:2f:12:cc:88 rssi=-41 f=5240 sc=60 link=866 tx=91.8, 10.8, 0.0 rx=91.5 bcn=357194 [on:2890 tx:37 rx:21 period:3013] from screen [on:61097 period:1924241] score=60
11-22 23:19:22.463  1795  2424 D WifiScoreReport: Wifi scoring disabled - Notify that Wifi is usable
11-22 23:19:22.465  1795  2432 D ConnectivityService: NetReassign [no changes] [c 0] [a 0] [i 2]
11-22 23:19:22.486 29153 29184 I BatteryMgr:DataCollectionService: stats => 1700691562486,9155,4445,5493,4169000,100
11-22 23:19:22.487 29153 31606 I BatteryMgr:DataCollectionService: stats => 1700691562487,9155,4445,5493,4169000,100
11-22 23:19:22.492  1011  1189 I ASH     : @ 38414.695: tcs3701: stop power rail pending_off timer
11-22 23:19:22.492  1011  1189 D ASH     : @ 38414.695: tcs3701: start power rail timer, state:3
11-22 23:19:22.532  1011  1189 I ASH     : @ 38414.735: tcs3701: stop power rail pending_off timer
11-22 23:19:22.532  1011  1189 D ASH     : @ 38414.735: tcs3701: start power rail timer, state:3
11-22 23:19:22.571  1011  1189 I ASH     : @ 38414.775: tcs3701: stop power rail pending_off timer
11-22 23:19:22.572  1011  1189 D ASH     : @ 38414.775: tcs3701: start power rail timer, state:3
11-22 23:19:22.597 29153 29184 I BatteryMgr:DataCollectionService: stats => 1700691562597,9155,4445,5493,4169000,100
11-22 23:19:22.598 29153 31606 I BatteryMgr:DataCollectionService: stats => 1700691562597,9155,4445,5493,4169000,100
11-22 23:19:22.612  1011  1189 I ASH     : @ 38414.815: tcs3701: stop power rail pending_off timer
11-22 23:19:22.612  1011  1189 D ASH     : @ 38414.815: tcs3701: start power rail timer, state:3
11-22 23:19:22.652  1011  1189 I ASH     : @ 38414.855: tcs3701: stop power rail pending_off timer
11-22 23:19:22.652  1011  1189 D ASH     : @ 38414.855: tcs3701: start power rail timer, state:3
11-22 23:19:22.692  1011  1189 I ASH     : @ 38414.895: tcs3701: stop power rail pending_off timer
11-22 23:19:22.692  1011  1189 D ASH     : @ 38414.895: tcs3701: start power rail timer, state:3
11-22 23:19:22.710 29153 31606 I BatteryMgr:DataCollectionService: stats => 1700691562709,9155,4445,5493,4169000,100
11-22 23:19:22.710 29153 29184 I BatteryMgr:DataCollectionService: stats => 1700691562709,9155,4445,5493,4169000,100
11-22 23:19:22.732  1011  1189 I ASH     : @ 38414.935: tcs3701: stop power rail pending_off timer
11-22 23:19:22.732  1011  1189 D ASH     : @ 38414.935: tcs3701: start power rail timer, state:3
11-22 23:19:22.772  1011  1189 I ASH     : @ 38414.975: tcs3701: stop power rail pending_off timer
11-22 23:19:22.772  1011  1189 D ASH     : @ 38414.975: tcs3701: start power rail timer, state:3
11-22 23:19:22.812  1011  1189 I ASH     : @ 38415.015: tcs3701: stop power rail pending_off timer
11-22 23:19:22.812  1011  1189 D ASH     : @ 38415.015: tcs3701: start power rail timer, state:3
11-22 23:19:22.817 29153 29184 I BatteryMgr:DataCollectionService: stats => 1700691562816,9155,4445,5493,4169000,100
11-22 23:19:22.817 29153 31606 I BatteryMgr:DataCollectionService: stats => 1700691562817,9155,4445,5493,4169000,100
11-22 23:19:22.818  1795  4157 D ActivityManager: freezer override set to true
11-22 23:19:22.823  1795  4157 D ActivityManager: freezer override set to false
11-22 23:19:22.852  1011  1189 I ASH     : @ 38415.055: tcs3701: stop power rail pending_off timer
11-22 23:19:22.852  1011  1189 D ASH     : @ 38415.055: tcs3701: start power rail timer, state:3
11-22 23:19:22.892  1011  1189 I ASH     : @ 38415.095: tcs3701: stop power rail pending_off timer
11-22 23:19:22.892  1011  1189 D ASH     : @ 38415.095: tcs3701: start power rail timer, state:3
11-22 23:19:22.923 29153 31606 I BatteryMgr:DataCollectionService: stats => 1700691562923,9155,4445,5493,4169000,100
11-22 23:19:22.924 29153 29184 I BatteryMgr:DataCollectionService: stats => 1700691562924,9155,4445,5493,4169000,100
11-22 23:19:22.932  1011  1189 I ASH     : @ 38415.135: tcs3701: stop power rail pending_off timer
11-22 23:19:22.932  1011  1189 D ASH     : @ 38415.135: tcs3701: start power rail timer, state:3
11-22 23:19:22.973  1011  1189 I ASH     : @ 38415.175: tcs3701: stop power rail pending_off timer
11-22 23:19:22.973  1011  1189 D ASH     : @ 38415.175: tcs3701: start power rail timer, state:3
11-22 23:19:23.012  1011  1189 I ASH     : @ 38415.215: tcs3701: stop power rail pending_off timer
11-22 23:19:23.012  1011  1189 D ASH     : @ 38415.215: tcs3701: start power rail timer, state:3
11-22 23:19:23.034 29153 31606 I BatteryMgr:DataCollectionService: stats => 1700691563034,9155,4445,5493,4169000,100
11-22 23:19:23.035 29153 29184 I BatteryMgr:DataCollectionService: stats => 1700691563034,9155,4445,5493,4169000,100
11-22 23:19:23.051  1011  1189 I ASH     : @ 38415.255: tcs3701: stop power rail pending_off timer
11-22 23:19:23.052  1011  1189 D ASH     : @ 38415.255: tcs3701: start power rail timer, state:3
11-22 23:19:23.092  1011  1189 I ASH     : @ 38415.295: tcs3701: stop power rail pending_off timer
11-22 23:19:23.092  1011  1189 D ASH     : @ 38415.295: tcs3701: start power rail timer, state:3
11-22 23:19:23.132  1011  1189 I ASH     : @ 38415.335: tcs3701: stop power rail pending_off timer
11-22 23:19:23.132  1011  1189 D ASH     : @ 38415.335: tcs3701: start power rail timer, state:3
11-22 23:19:23.142 29153 29187 I BatteryMgr:DataCollectionService: stats => 1700691563142,9155,4445,5493,4169000,100
11-22 23:19:23.143 29153 29184 I BatteryMgr:DataCollectionService: stats => 1700691563143,9155,4445,5493,4169000,100
11-22 23:19:23.172  1011  1189 I ASH     : @ 38415.375: tcs3701: stop power rail pending_off timer
11-22 23:19:23.172  1011  1189 D ASH     : @ 38415.375: tcs3701: start power rail timer, state:3
11-22 23:19:23.212  1011  1189 I ASH     : @ 38415.415: tcs3701: stop power rail pending_off timer
11-22 23:19:23.212  1011  1189 D ASH     : @ 38415.415: tcs3701: start power rail timer, state:3
11-22 23:19:23.252  1011  1189 I ASH     : @ 38415.455: tcs3701: stop power rail pending_off timer
11-22 23:19:23.252  1011  1189 D ASH     : @ 38415.455: tcs3701: start power rail timer, state:3
11-22 23:19:23.253 29153 29184 I BatteryMgr:DataCollectionService: stats => 1700691563253,9155,4445,5493,4169000,100
11-22 23:19:23.253 29153 31606 I BatteryMgr:DataCollectionService: stats => 1700691563253,9155,4445,5493,4169000,100
11-22 23:19:23.292  1011  1189 I ASH     : @ 38415.495: tcs3701: stop power rail pending_off timer
11-22 23:19:23.292  1011  1189 D ASH     : @ 38415.495: tcs3701: start power rail timer, state:3
11-22 23:19:23.332  1011  1189 I ASH     : @ 38415.535: tcs3701: stop power rail pending_off timer
11-22 23:19:23.332  1011  1189 D ASH     : @ 38415.535: tcs3701: start power rail timer, state:3
11-22 23:19:23.362 29153 29184 I BatteryMgr:DataCollectionService: stats => 1700691563362,9155,4445,5493,4169000,100
11-22 23:19:23.363 29153 31606 I BatteryMgr:DataCollectionService: stats => 1700691563363,9155,4445,5493,4169000,100
11-22 23:19:23.371  1011  1189 I ASH     : @ 38415.575: tcs3701: stop power rail pending_off timer
11-22 23:19:23.372  1011  1189 D ASH     : @ 38415.575: tcs3701: start power rail timer, state:3
11-22 23:19:23.412  1011  1189 I ASH     : @ 38415.615: tcs3701: stop power rail pending_off timer
11-22 23:19:23.412  1011  1189 D ASH     : @ 38415.615: tcs3701: start power rail timer, state:3
11-22 23:19:23.452  1011  1189 I ASH     : @ 38415.655: tcs3701: stop power rail pending_off timer
11-22 23:19:23.452  1011  1189 D ASH     : @ 38415.655: tcs3701: start power rail timer, state:3
11-22 23:19:23.473 29153 31606 I BatteryMgr:DataCollectionService: stats => 1700691563473,9155,4445,5493,4169000,100
11-22 23:19:23.479 29153 29184 I BatteryMgr:DataCollectionService: stats => 1700691563478,9155,4445,5493,4169000,100
11-22 23:19:23.492  1011  1189 I ASH     : @ 38415.695: tcs3701: stop power rail pending_off timer
11-22 23:19:23.492  1011  1189 D ASH     : @ 38415.695: tcs3701: start power rail timer, state:3
11-22 23:19:23.523  1795  4157 D ActivityManager: freezer override set to true
11-22 23:19:23.531  1011  1189 I ASH     : @ 38415.735: tcs3701: stop power rail pending_off timer
11-22 23:19:23.531  1011  1189 D ASH     : @ 38415.735: tcs3701: start power rail timer, state:3
11-22 23:19:23.572  1011  1189 I ASH     : @ 38415.775: tcs3701: stop power rail pending_off timer
11-22 23:19:23.572  1011  1189 D ASH     : @ 38415.775: tcs3701: start power rail timer, state:3
11-22 23:19:23.579 29153 29184 I BatteryMgr:DataCollectionService: stats => 1700691563579,9155,4445,5493,4169000,100
11-22 23:19:23.583 29153 29184 I BatteryMgr:DataCollectionService: stats => 1700691563583,9155,4445,5493,4169000,100
11-22 23:19:23.612  1011  1189 I ASH     : @ 38415.815: tcs3701: stop power rail pending_off timer
11-22 23:19:23.612  1011  1189 D ASH     : @ 38415.815: tcs3701: start power rail timer, state:3
11-22 23:19:23.650 13757 14034 I m.chrome.canary: Explicit concurrent copying GC freed 3504(160KB) AllocSpace objects, 3(60KB) LOS objects, 75% free, 11MB/45MB, paused 32us,23us total 39.126ms
11-22 23:19:23.652  1011  1189 I ASH     : @ 38415.855: tcs3701: stop power rail pending_off timer
11-22 23:19:23.652  1011  1189 D ASH     : @ 38415.855: tcs3701: start power rail timer, state:3
11-22 23:19:23.690 29153 29184 I BatteryMgr:DataCollectionService: stats => 1700691563690,9155,4445,5493,4169000,100
11-22 23:19:23.692 29153 31606 I BatteryMgr:DataCollectionService: stats => 1700691563691,9155,4445,5493,4169000,100
11-22 23:19:23.692  1011  1189 I ASH     : @ 38415.895: tcs3701: stop power rail pending_off timer
11-22 23:19:23.692  1011  1189 D ASH     : @ 38415.895: tcs3701: start power rail timer, state:3
11-22 23:19:23.700  1795  4157 D ActivityManager: freezer override set to false
11-22 23:19:23.731  1011  1189 I ASH     : @ 38415.935: tcs3701: stop power rail pending_off timer
11-22 23:19:23.732  1011  1189 D ASH     : @ 38415.935: tcs3701: start power rail timer, state:3
11-22 23:19:23.757  1795  4157 D ActivityManager: freezer override set to true
11-22 23:19:23.760  1795  4157 D ActivityManager: freezer override set to false
11-22 23:19:23.771  1011  1189 I ASH     : @ 38415.975: tcs3701: stop power rail pending_off timer
11-22 23:19:23.772  1011  1189 D ASH     : @ 38415.975: tcs3701: start power rail timer, state:3
11-22 23:19:23.798 29153 29184 I BatteryMgr:DataCollectionService: stats => 1700691563797,9155,4445,5493,4169000,100
11-22 23:19:23.798 29153 31606 I BatteryMgr:DataCollectionService: stats => 1700691563798,9155,4445,5493,4169000,100
11-22 23:19:23.809  1795  4157 D ActivityManager: freezer override set to true
11-22 23:19:23.812  1011  1189 I ASH     : @ 38416.015: tcs3701: stop power rail pending_off timer
11-22 23:19:23.812  1011  1189 D ASH     : @ 38416.015: tcs3701: start power rail timer, state:3
11-22 23:19:23.815  1795  4157 D ActivityManager: freezer override set to false
11-22 23:19:23.851  1011  1189 I ASH     : @ 38416.055: tcs3701: stop power rail pending_off timer
11-22 23:19:23.852  1011  1189 D ASH     : @ 38416.055: tcs3701: start power rail timer, state:3
11-22 23:19:23.892  1011  1189 I ASH     : @ 38416.095: tcs3701: stop power rail pending_off timer
11-22 23:19:23.892  1011  1189 D ASH     : @ 38416.095: tcs3701: start power rail timer, state:3
11-22 23:19:23.904 29153 31606 I BatteryMgr:DataCollectionService: stats => 1700691563904,9155,4445,5493,4169000,100
11-22 23:19:23.905 29153 29184 I BatteryMgr:DataCollectionService: stats => 1700691563905,9155,4445,5493,4169000,100
11-22 23:19:23.932  1011  1189 I ASH     : @ 38416.135: tcs3701: stop power rail pending_off timer
11-22 23:19:23.932  1011  1189 D ASH     : @ 38416.135: tcs3701: start power rail timer, state:3
11-22 23:19:23.972  1011  1189 I ASH     : @ 38416.175: tcs3701: stop power rail pending_off timer
11-22 23:19:23.972  1011  1189 D ASH     : @ 38416.175: tcs3701: start power rail timer, state:3
11-22 23:19:24.012  1011  1189 I ASH     : @ 38416.215: tcs3701: stop power rail pending_off timer
11-22 23:19:24.012  1011  1189 D ASH     : @ 38416.215: tcs3701: start power rail timer, state:3
11-22 23:19:24.013 29153 31606 I BatteryMgr:DataCollectionService: stats => 1700691564013,9155,4445,5493,4169000,100
11-22 23:19:24.014 29153 29184 I BatteryMgr:DataCollectionService: stats => 1700691564014,9155,4445,5493,4169000,100
11-22 23:19:24.051  1011  1189 I ASH     : @ 38416.255: tcs3701: stop power rail pending_off timer
11-22 23:19:24.052  1011  1189 D ASH     : @ 38416.255: tcs3701: start power rail timer, state:3
11-22 23:19:24.092  1011  1189 I ASH     : @ 38416.295: tcs3701: stop power rail pending_off timer
11-22 23:19:24.092  1011  1189 D ASH     : @ 38416.295: tcs3701: start power rail timer, state:3
11-22 23:19:24.121 29153 29184 I BatteryMgr:DataCollectionService: stats => 1700691564121,9155,4445,5493,4169000,100
11-22 23:19:24.122 29153 31606 I BatteryMgr:DataCollectionService: stats => 1700691564122,9155,4445,5493,4169000,100
11-22 23:19:24.132  1011  1189 I ASH     : @ 38416.335: tcs3701: stop power rail pending_off timer
11-22 23:19:24.132  1011  1189 D ASH     : @ 38416.335: tcs3701: start power rail timer, state:3
11-22 23:19:24.172  1011  1189 I ASH     : @ 38416.375: tcs3701: stop power rail pending_off timer
11-22 23:19:24.172  1011  1189 D ASH     : @ 38416.375: tcs3701: start power rail timer, state:3
11-22 23:19:24.212  1011  1189 I ASH     : @ 38416.415: tcs3701: stop power rail pending_off timer
11-22 23:19:24.212  1011  1189 D ASH     : @ 38416.415: tcs3701: start power rail timer, state:3
11-22 23:19:24.230 29153 29184 I BatteryMgr:DataCollectionService: stats => 1700691564230,9155,4445,5493,4169000,100
11-22 23:19:24.232 29153 31606 I BatteryMgr:DataCollectionService: stats => 1700691564232,9155,4445,5493,4169000,100
11-22 23:19:24.253  1011  1189 I ASH     : @ 38416.455: tcs3701: stop power rail pending_off timer
11-22 23:19:24.253  1011  1189 D ASH     : @ 38416.455: tcs3701: start power rail timer, state:3
11-22 23:19:24.292  1011  1189 I ASH     : @ 38416.495: tcs3701: stop power rail pending_off timer
11-22 23:19:24.292  1011  1189 D ASH     : @ 38416.495: tcs3701: start power rail timer, state:3
11-22 23:19:24.331  1011  1189 I ASH     : @ 38416.535: tcs3701: stop power rail pending_off timer
11-22 23:19:24.332  1011  1189 D ASH     : @ 38416.535: tcs3701: start power rail timer, state:3
11-22 23:19:24.338 29153 29184 I BatteryMgr:DataCollectionService: stats => 1700691564338,9155,4445,5493,4169000,100
11-22 23:19:24.340 29153 31606 I BatteryMgr:DataCollectionService: stats => 1700691564340,9155,4445,5493,4169000,100
11-22 23:19:24.372  1011  1189 I ASH     : @ 38416.575: tcs3701: stop power rail pending_off timer
11-22 23:19:24.372  1011  1189 D ASH     : @ 38416.575: tcs3701: start power rail timer, state:3
11-22 23:19:24.412  1011  1189 I ASH     : @ 38416.615: tcs3701: stop power rail pending_off timer
11-22 23:19:24.412  1011  1189 D ASH     : @ 38416.615: tcs3701: start power rail timer, state:3
11-22 23:19:24.451 29153 31606 I BatteryMgr:DataCollectionService: stats => 1700691564451,9155,4445,5493,4169000,100
11-22 23:19:24.452 29153 29184 I BatteryMgr:DataCollectionService: stats => 1700691564452,9155,4445,5493,4169000,100
11-22 23:19:24.452  1011  1189 I ASH     : @ 38416.655: tcs3701: stop power rail pending_off timer
11-22 23:19:24.452  1011  1189 D ASH     : @ 38416.655: tcs3701: start power rail timer, state:3
11-22 23:19:24.492  1011  1189 I ASH     : @ 38416.695: tcs3701: stop power rail pending_off timer
11-22 23:19:24.492  1011  1189 D ASH     : @ 38416.695: tcs3701: start power rail timer, state:3
11-22 23:19:24.532  1011  1189 I ASH     : @ 38416.735: tcs3701: stop power rail pending_off timer
11-22 23:19:24.532  1011  1189 D ASH     : @ 38416.735: tcs3701: start power rail timer, state:3
11-22 23:19:24.562 29153 31606 I BatteryMgr:DataCollectionService: stats => 1700691564562,9155,4445,5493,4169000,100
11-22 23:19:24.563 29153 29184 I BatteryMgr:DataCollectionService: stats => 1700691564563,9155,4445,5493,4169000,100
11-22 23:19:24.572  1011  1189 I ASH     : @ 38416.775: tcs3701: stop power rail pending_off timer
11-22 23:19:24.572  1011  1189 D ASH     : @ 38416.775: tcs3701: start power rail timer, state:3
11-22 23:19:24.611  1011  1189 I ASH     : @ 38416.815: tcs3701: stop power rail pending_off timer
11-22 23:19:24.612  1011  1189 D ASH     : @ 38416.815: tcs3701: start power rail timer, state:3
11-22 23:19:24.652  1011  1189 I ASH     : @ 38416.855: tcs3701: stop power rail pending_off timer
11-22 23:19:24.652  1011  1189 D ASH     : @ 38416.855: tcs3701: start power rail timer, state:3
11-22 23:19:24.676 29153 31606 I BatteryMgr:DataCollectionService: stats => 1700691564676,9155,4445,5493,4169000,100
11-22 23:19:24.680 29153 29184 I BatteryMgr:DataCollectionService: stats => 1700691564680,9155,4445,5493,4169000,100
11-22 23:19:24.692  1011  1189 I ASH     : @ 38416.895: tcs3701: stop power rail pending_off timer
11-22 23:19:24.692  1011  1189 D ASH     : @ 38416.895: tcs3701: start power rail timer, state:3
11-22 23:19:24.731  1011  1189 I ASH     : @ 38416.935: tcs3701: stop power rail pending_off timer
11-22 23:19:24.732  1011  1189 D ASH     : @ 38416.935: tcs3701: start power rail timer, state:3
11-22 23:19:24.772  1011  1189 I ASH     : @ 38416.975: tcs3701: stop power rail pending_off timer
11-22 23:19:24.772  1011  1189 D ASH     : @ 38416.975: tcs3701: start power rail timer, state:3
11-22 23:19:24.788 29153 29184 I BatteryMgr:DataCollectionService: stats => 1700691564788,9155,4445,5493,4169000,100
11-22 23:19:24.792 29153 31606 I BatteryMgr:DataCollectionService: stats => 1700691564792,9155,4445,5493,4169000,100
11-22 23:19:24.812  1011  1189 I ASH     : @ 38417.015: tcs3701: stop power rail pending_off timer
11-22 23:19:24.812  1011  1189 D ASH     : @ 38417.015: tcs3701: start power rail timer, state:3
11-22 23:19:24.841  1795  4157 D ActivityManager: freezer override set to true
11-22 23:19:24.848  1795  4157 D ActivityManager: freezer override set to false
11-22 23:19:24.852  1011  1189 I ASH     : @ 38417.055: tcs3701: stop power rail pending_off timer
11-22 23:19:24.852  1011  1189 D ASH     : @ 38417.055: tcs3701: start power rail timer, state:3
11-22 23:19:24.891  1011  1189 I ASH     : @ 38417.095: tcs3701: stop power rail pending_off timer
11-22 23:19:24.891  1011  1189 D ASH     : @ 38417.095: tcs3701: start power rail timer, state:3
11-22 23:19:24.897 29153 29184 I BatteryMgr:DataCollectionService: stats => 1700691564897,9155,4445,5493,4169000,100
11-22 23:19:24.897 29153 31606 I BatteryMgr:DataCollectionService: stats => 1700691564897,9155,4445,5493,4169000,100
11-22 23:19:24.923  1795  4157 D ActivityManager: freezer override set to true
11-22 23:19:24.932  1011  1189 I ASH     : @ 38417.135: tcs3701: stop power rail pending_off timer
11-22 23:19:24.932  1011  1189 D ASH     : @ 38417.135: tcs3701: start power rail timer, state:3
11-22 23:19:24.972  1011  1189 I ASH     : @ 38417.175: tcs3701: stop power rail pending_off timer
11-22 23:19:24.972  1011  1189 D ASH     : @ 38417.175: tcs3701: start power rail timer, state:3
11-22 23:19:25.002 29153 29187 I BatteryMgr:DataCollectionService: stats => 1700691565002,9155,4445,5493,4169000,100
11-22 23:19:25.003 29153 31606 I BatteryMgr:DataCollectionService: stats => 1700691565003,9155,4445,5493,4169000,100
11-22 23:19:25.012  1011  1189 I ASH     : @ 38417.215: tcs3701: stop power rail pending_off timer
11-22 23:19:25.012  1011  1189 D ASH     : @ 38417.215: tcs3701: start power rail timer, state:3
11-22 23:19:25.052  1011  1189 I ASH     : @ 38417.255: tcs3701: stop power rail pending_off timer
11-22 23:19:25.052  1011  1189 D ASH     : @ 38417.255: tcs3701: start power rail timer, state:3
11-22 23:19:25.059 13757 14034 I m.chrome.canary: Explicit concurrent copying GC freed 3732(175KB) AllocSpace objects, 4(80KB) LOS objects, 75% free, 11MB/45MB, paused 37us,23us total 45.525ms
11-22 23:19:25.091  1011  1189 I ASH     : @ 38417.295: tcs3701: stop power rail pending_off timer
11-22 23:19:25.091  1011  1189 D ASH     : @ 38417.295: tcs3701: start power rail timer, state:3
11-22 23:19:25.111  1795  4157 D ActivityManager: freezer override set to false
11-22 23:19:25.112 29153 29187 I BatteryMgr:DataCollectionService: stats => 1700691565112,10070,4445,5493,4169000,100
11-22 23:19:25.112 29153 31606 I BatteryMgr:DataCollectionService: stats => 1700691565112,10070,4445,5493,4169000,100
11-22 23:19:25.133  1011  1189 I ASH     : @ 38417.335: tcs3701: stop power rail pending_off timer
11-22 23:19:25.133  1011  1189 D ASH     : @ 38417.335: tcs3701: start power rail timer, state:3
11-22 23:19:25.145  1795  3716 D ActivityManager: freezer override set to true
11-22 23:19:25.147  1795  3716 D ActivityManager: freezer override set to false
11-22 23:19:25.172  1011  1189 I ASH     : @ 38417.375: tcs3701: stop power rail pending_off timer
11-22 23:19:25.172  1011  1189 D ASH     : @ 38417.375: tcs3701: start power rail timer, state:3
11-22 23:19:25.211  1011  1189 I ASH     : @ 38417.415: tcs3701: stop power rail pending_off timer
11-22 23:19:25.211  1011  1189 D ASH     : @ 38417.415: tcs3701: start power rail timer, state:3
11-22 23:19:25.221 29153 29187 I BatteryMgr:DataCollectionService: stats => 1700691565221,10070,4445,5493,4169000,100
11-22 23:19:25.221 29153 31606 I BatteryMgr:DataCollectionService: stats => 1700691565221,10070,4445,5493,4169000,100
11-22 23:19:25.252  1011  1189 I ASH     : @ 38417.455: tcs3701: stop power rail pending_off timer
11-22 23:19:25.252  1011  1189 D ASH     : @ 38417.455: tcs3701: start power rail timer, state:3
11-22 23:19:25.292  1011  1189 I ASH     : @ 38417.495: tcs3701: stop power rail pending_off timer
11-22 23:19:25.292  1011  1189 D ASH     : @ 38417.495: tcs3701: start power rail timer, state:3
11-22 23:19:25.330 29153 29184 I BatteryMgr:DataCollectionService: stats => 1700691565330,10070,4445,5493,4169000,100
11-22 23:19:25.331  1011  1189 I ASH     : @ 38417.535: tcs3701: stop power rail pending_off timer
11-22 23:19:25.332  1011  1189 D ASH     : @ 38417.535: tcs3701: start power rail timer, state:3
11-22 23:19:25.333 29153 29187 I BatteryMgr:DataCollectionService: stats => 1700691565333,10070,4445,5493,4169000,100
11-22 23:19:25.372  1011  1189 I ASH     : @ 38417.575: tcs3701: stop power rail pending_off timer
11-22 23:19:25.372  1011  1189 D ASH     : @ 38417.575: tcs3701: start power rail timer, state:3
11-22 23:19:25.411  1011  1189 I ASH     : @ 38417.615: tcs3701: stop power rail pending_off timer
11-22 23:19:25.412  1011  1189 D ASH     : @ 38417.615: tcs3701: start power rail timer, state:3
11-22 23:19:25.443 29153 29187 I BatteryMgr:DataCollectionService: stats => 1700691565442,10070,4445,5493,4169000,100
11-22 23:19:25.444 29153 29184 I BatteryMgr:DataCollectionService: stats => 1700691565444,10070,4445,5493,4169000,100
11-22 23:19:25.452  1011  1189 I ASH     : @ 38417.655: tcs3701: stop power rail pending_off timer
11-22 23:19:25.452  1011  1189 D ASH     : @ 38417.655: tcs3701: start power rail timer, state:3
11-22 23:19:25.474  1795  2424 D WifiClientModeImpl[13802:wlan0]: updateLinkLayerStatsRssiSpeedFrequencyCapabilities rssi=-42 TxLinkspeed=866 freq=5240 RxLinkSpeed=866
11-22 23:19:25.476  1795  2424 D WifiDataStall: tx tput in kbps: 706331
11-22 23:19:25.476  1795  2424 D WifiDataStall: rx tput in kbps: 784812
11-22 23:19:25.476  1795  2424 V WifiConfigManager: Updating scan detail cache freq=5240 BSSID=f4:6d:2f:12:cc:88 RSSI=-41 for "ourhome"WPA_PSK
11-22 23:19:25.476  2782  5906 D QCNEJ/WlanStaInfoRelay: Received action: android.net.wifi.RSSI_CHANGED
11-22 23:19:25.477  1795  2424 D WifiChannelUtilization:  freq: 5240 onTime: 1003480 busyTime: 96546 onTimeDiff: 1003185 busyTimeDiff: 96529 utilization: 24 utilization t0: 24
11-22 23:19:25.477  1795  2424 D WifiDataStall:  ccaLevel = 24
11-22 23:19:25.477  1795  2424 D WifiDataStall: L2 txTputKbps: 659242, rxTputKbps: 784812, L3 txTputKbps: 30, rxTputKbps: 1177, TxTrafficHigh: true, RxTrafficHigh: true, Throughput Sufficient: true
11-22 23:19:25.477  1795  2424 D WifiScoreReport: Wifi scoring disabled - Don't check IP layer
11-22 23:19:25.477  3213  3232 V WifiManager: OnWifiUsabilityStatsListener: onWifiUsabilityStats: seqNum=12701
11-22 23:19:25.477  1795  2424 D WifiScoreCard: BSSID update SIGNAL_POLL ID: 1320464697 SSID: "ourhome", BSSID: f4:6d:2f:12:cc:88, MAC: b2:2f:ec:da:4a:0c, IP: /192.168.1.104, Security type: 2, Supplicant state: COMPLETED, Wi-Fi standard: 5, RSSI: -42, Link speed: 866Mbps, Tx Link speed: 866Mbps, Max Supported Tx Link speed: 866Mbps, Rx Link speed: 866Mbps, Max Supported Rx Link speed: 866Mbps, Frequency: 5240MHz, Net ID: 12, Metered hint: false, score: 60, isUsable: true, CarrierMerged: false, SubscriptionId: -1, IsPrimary: 1, Trusted: true, Restricted: false, Ephemeral: false, OEM paid: false, OEM private: false, OSU AP: false, FQDN: <none>, Provider friendly name: <none>, Requesting package name: <none>"ourhome"wpa2-pskMLO Information: , Is TID-To-Link negotiation supported by the AP: false, AP MLD Address: <none>, AP MLO Link Id: <none>, AP MLO Affiliated links: <none>
11-22 23:19:25.478  1795  2424 D WifiScoreCard: txRate: 89 txSpeed: 866
11-22 23:19:25.478  1795  2424 D WifiScoreCard: network update SIGNAL_POLL "ourhome" ID: 1499892569 RSSI -42 txSpeed 866
11-22 23:19:25.478 13621 13621 I EuiccGoogle: [2] EuiccServiceImpl.onDestroy: onDestroy: EuiccService on destroy.
11-22 23:19:25.478  1795  2424 D WifiClientModeImpl[13802:wlan0]:  ClientModeImpl$L2ConnectedState screen=on 3 0 "ourhome" f4:6d:2f:12:cc:88 rssi=-42 f=5240 sc=60 link=866 tx=75.9, 12.5, 0.0 rx=92.6 bcn=357223 [on:2893 tx:25 rx:21 period:3016] from screen [on:63990 period:1927257] score=60
11-22 23:19:25.479  1795  4144 I WifiService: updateWifiUsabilityScore uid=10180 seqNum=12701 score=100 predictionHorizonSec=1441795
11-22 23:19:25.481  1795  2424 D WifiScoreReport: Wifi scoring disabled - Notify that Wifi is usable
11-22 23:19:25.484  1795  2432 D ConnectivityService: NetReassign [no changes] [c 0] [a 0] [i 2]
11-22 23:19:25.491  1011  1189 I ASH     : @ 38417.695: tcs3701: stop power rail pending_off timer
11-22 23:19:25.491  1011  1189 D ASH     : @ 38417.695: tcs3701: start power rail timer, state:3
11-22 23:19:25.531  1011  1189 I ASH     : @ 38417.735: tcs3701: stop power rail pending_off timer
11-22 23:19:25.532  1011  1189 D ASH     : @ 38417.735: tcs3701: start power rail timer, state:3
11-22 23:19:25.550 29153 29187 I BatteryMgr:DataCollectionService: stats => 1700691565549,10070,4445,5493,4169000,100
11-22 23:19:25.551 29153 29184 I BatteryMgr:DataCollectionService: stats => 1700691565551,10070,4445,5493,4169000,100
11-22 23:19:25.572  1011  1189 I ASH     : @ 38417.775: tcs3701: stop power rail pending_off timer
11-22 23:19:25.572  1011  1189 D ASH     : @ 38417.775: tcs3701: start power rail timer, state:3
11-22 23:19:25.612  1011  1189 I ASH     : @ 38417.815: tcs3701: stop power rail pending_off timer
11-22 23:19:25.612  1011  1189 D ASH     : @ 38417.815: tcs3701: start power rail timer, state:3
11-22 23:19:25.652  1011  1189 I ASH     : @ 38417.855: tcs3701: stop power rail pending_off timer
11-22 23:19:25.652  1011  1189 D ASH     : @ 38417.855: tcs3701: start power rail timer, state:3
11-22 23:19:25.658 29153 29187 I BatteryMgr:DataCollectionService: stats => 1700691565658,10070,4445,5493,4169000,100
11-22 23:19:25.659 29153 29184 I BatteryMgr:DataCollectionService: stats => 1700691565659,10070,4445,5493,4169000,100
11-22 23:19:25.691  1011  1189 I ASH     : @ 38417.895: tcs3701: stop power rail pending_off timer
11-22 23:19:25.692  1011  1189 D ASH     : @ 38417.895: tcs3701: start power rail timer, state:3
11-22 23:19:25.732  1011  1189 I ASH     : @ 38417.935: tcs3701: stop power rail pending_off timer
11-22 23:19:25.732  1011  1189 D ASH     : @ 38417.935: tcs3701: start power rail timer, state:3
11-22 23:19:25.768 29153 29187 I BatteryMgr:DataCollectionService: stats => 1700691565768,10070,4445,5493,4169000,100
11-22 23:19:25.769 29153 29184 I BatteryMgr:DataCollectionService: stats => 1700691565769,10070,4445,5493,4169000,100
11-22 23:19:25.772  1011  1189 I ASH     : @ 38417.975: tcs3701: stop power rail pending_off timer
11-22 23:19:25.772  1011  1189 D ASH     : @ 38417.975: tcs3701: start power rail timer, state:3
11-22 23:19:25.812  1011  1189 I ASH     : @ 38418.015: tcs3701: stop power rail pending_off timer
11-22 23:19:25.812  1011  1189 D ASH     : @ 38418.015: tcs3701: start power rail timer, state:3
11-22 23:19:25.837  1795  3789 D ActivityManager: freezer override set to true
11-22 23:19:25.843  1795  3789 D ActivityManager: freezer override set to false
11-22 23:19:25.852  1011  1189 I ASH     : @ 38418.055: tcs3701: stop power rail pending_off timer
11-22 23:19:25.852  1011  1189 D ASH     : @ 38418.055: tcs3701: start power rail timer, state:3
11-22 23:19:25.876 29153 29184 I BatteryMgr:DataCollectionService: stats => 1700691565876,10070,4445,5493,4169000,100
11-22 23:19:25.877 29153 29187 I BatteryMgr:DataCollectionService: stats => 1700691565877,10070,4445,5493,4169000,100
11-22 23:19:25.891  1011  1189 I ASH     : @ 38418.095: tcs3701: stop power rail pending_off timer
11-22 23:19:25.892  1011  1189 D ASH     : @ 38418.095: tcs3701: start power rail timer, state:3
11-22 23:19:25.932  1011  1189 I ASH     : @ 38418.135: tcs3701: stop power rail pending_off timer
11-22 23:19:25.932  1011  1189 D ASH     : @ 38418.135: tcs3701: start power rail timer, state:3
11-22 23:19:25.972  1011  1189 I ASH     : @ 38418.175: tcs3701: stop power rail pending_off timer
11-22 23:19:25.972  1011  1189 D ASH     : @ 38418.175: tcs3701: start power rail timer, state:3
11-22 23:19:25.985 29153 29187 I BatteryMgr:DataCollectionService: stats => 1700691565985,10070,4445,5493,4169000,100
11-22 23:19:25.987 29153 29184 I BatteryMgr:DataCollectionService: stats => 1700691565986,10070,4445,5493,4169000,100
11-22 23:19:26.011  1011  1189 I ASH     : @ 38418.215: tcs3701: stop power rail pending_off timer
11-22 23:19:26.012  1011  1189 D ASH     : @ 38418.215: tcs3701: start power rail timer, state:3
11-22 23:19:26.052  1011  1189 I ASH     : @ 38418.255: tcs3701: stop power rail pending_off timer
11-22 23:19:26.052  1011  1189 D ASH     : @ 38418.255: tcs3701: start power rail timer, state:3
11-22 23:19:26.092  1011  1189 I ASH     : @ 38418.295: tcs3701: stop power rail pending_off timer
11-22 23:19:26.092  1011  1189 D ASH     : @ 38418.295: tcs3701: start power rail timer, state:3
11-22 23:19:26.098 29153 29184 I BatteryMgr:DataCollectionService: stats => 1700691566098,10070,4445,5493,4169000,100
