11-22 23:16:45.614  1795  2424 D WifiClientModeImpl[13802:wlan0]:  ClientModeImpl$L2ConnectedState screen=on 3 0 "ourhome" f4:6d:2f:12:cc:88 rssi=-43 f=5240 sc=60 link=866 tx=0.0, 0.0, 0.0 rx=0.0 bcn=355674 [on:0 tx:0 rx:0 period:3020] from screen [on:33417 period:1767393] score=60
11-22 23:16:45.615  1795  1854 I WifiService: updateWifiUsabilityScore uid=10180 seqNum=12648 score=100 predictionHorizonSec=1441795
11-22 23:16:45.615  1795  2424 D WifiScoreReport: Wifi scoring disabled - Notify that Wifi is usable
11-22 23:16:45.618  1795  2432 D ConnectivityService: NetReassign [no changes] [c 1] [a 0] [i 2]
11-22 23:16:45.652  1011  1189 I ASH     : @ 38257.855: tcs3701: stop power rail pending_off timer
11-22 23:16:45.652  1011  1189 D ASH     : @ 38257.855: tcs3701: start power rail timer, state:3
11-22 23:16:45.676 29153 29187 I BatteryMgr:DataCollectionService: stats => 1700691405676,11291,4445,5493,4169000,100
11-22 23:16:45.676 29153 31606 I BatteryMgr:DataCollectionService: stats => 1700691405676,11291,4445,5493,4169000,100
11-22 23:16:45.692  1011  1189 I ASH     : @ 38257.895: tcs3701: stop power rail pending_off timer
11-22 23:16:45.692  1011  1189 D ASH     : @ 38257.895: tcs3701: start power rail timer, state:3
11-22 23:16:45.732  1011  1189 I ASH     : @ 38257.935: tcs3701: stop power rail pending_off timer
11-22 23:16:45.732  1011  1189 D ASH     : @ 38257.935: tcs3701: start power rail timer, state:3
11-22 23:16:45.772  1011  1189 I ASH     : @ 38257.975: tcs3701: stop power rail pending_off timer
11-22 23:16:45.772  1011  1189 D ASH     : @ 38257.975: tcs3701: start power rail timer, state:3
11-22 23:16:45.790 29153 29187 I BatteryMgr:DataCollectionService: stats => 1700691405790,11291,4445,5493,4169000,100
11-22 23:16:45.790 29153 31606 I BatteryMgr:DataCollectionService: stats => 1700691405790,11291,4445,5493,4169000,100
11-22 23:16:45.812  1011  1189 I ASH     : @ 38258.015: tcs3701: stop power rail pending_off timer
11-22 23:16:45.812  1011  1189 D ASH     : @ 38258.015: tcs3701: start power rail timer, state:3
11-22 23:16:45.832  1795  1854 D ActivityManager: freezer override set to true
11-22 23:16:45.836  1795  1854 D ActivityManager: freezer override set to false
11-22 23:16:45.851  1011  1189 I ASH     : @ 38258.055: tcs3701: stop power rail pending_off timer
11-22 23:16:45.851  1011  1189 D ASH     : @ 38258.055: tcs3701: start power rail timer, state:3
11-22 23:16:45.892  1011  1189 I ASH     : @ 38258.095: tcs3701: stop power rail pending_off timer
11-22 23:16:45.892  1011  1189 D ASH     : @ 38258.095: tcs3701: start power rail timer, state:3
11-22 23:16:45.897 29153 31606 I BatteryMgr:DataCollectionService: stats => 1700691405897,11291,4445,5493,4169000,100
11-22 23:16:45.899 29153 29184 I BatteryMgr:DataCollectionService: stats => 1700691405899,11291,4445,5493,4169000,100
11-22 23:16:45.931  1011  1189 I ASH     : @ 38258.135: tcs3701: stop power rail pending_off timer
11-22 23:16:45.932  1011  1189 D ASH     : @ 38258.135: tcs3701: start power rail timer, state:3
11-22 23:16:45.972  1011  1189 I ASH     : @ 38258.175: tcs3701: stop power rail pending_off timer
11-22 23:16:45.972  1011  1189 D ASH     : @ 38258.175: tcs3701: start power rail timer, state:3
11-22 23:16:46.004 29153 31606 I BatteryMgr:DataCollectionService: stats => 1700691406004,11291,4445,5493,4169000,100
11-22 23:16:46.006 29153 29184 I BatteryMgr:DataCollectionService: stats => 1700691406006,11291,4445,5493,4169000,100
11-22 23:16:46.011  1011  1189 I ASH     : @ 38258.215: tcs3701: stop power rail pending_off timer
11-22 23:16:46.011  1011  1189 D ASH     : @ 38258.215: tcs3701: start power rail timer, state:3
11-22 23:16:46.051  1011  1189 I ASH     : @ 38258.255: tcs3701: stop power rail pending_off timer
11-22 23:16:46.051  1011  1189 D ASH     : @ 38258.255: tcs3701: start power rail timer, state:3
11-22 23:16:46.091  1011  1189 I ASH     : @ 38258.295: tcs3701: stop power rail pending_off timer
11-22 23:16:46.091  1011  1189 D ASH     : @ 38258.295: tcs3701: start power rail timer, state:3
11-22 23:16:46.113 29153 31606 I BatteryMgr:DataCollectionService: stats => 1700691406113,11291,4445,5493,4169000,100
11-22 23:16:46.114 29153 29184 I BatteryMgr:DataCollectionService: stats => 1700691406114,11291,4445,5493,4169000,100
11-22 23:16:46.131  1011  1189 I ASH     : @ 38258.335: tcs3701: stop power rail pending_off timer
11-22 23:16:46.132  1011  1189 D ASH     : @ 38258.335: tcs3701: start power rail timer, state:3
11-22 23:16:46.160  1795  1854 D ActivityManager: freezer override set to true
11-22 23:16:46.171  1011  1189 I ASH     : @ 38258.375: tcs3701: stop power rail pending_off timer
11-22 23:16:46.171  1011  1189 D ASH     : @ 38258.375: tcs3701: start power rail timer, state:3
11-22 23:16:46.211  1011  1189 I ASH     : @ 38258.415: tcs3701: stop power rail pending_off timer
11-22 23:16:46.211  1011  1189 D ASH     : @ 38258.415: tcs3701: start power rail timer, state:3
11-22 23:16:46.220 29153 31606 I BatteryMgr:DataCollectionService: stats => 1700691406219,11291,4445,5493,4169000,100
11-22 23:16:46.220 29153 29184 I BatteryMgr:DataCollectionService: stats => 1700691406220,11291,4445,5493,4169000,100
11-22 23:16:46.231  9877 10350 I m.chrome.canary: Explicit concurrent copying GC freed 3621(208KB) AllocSpace objects, 3(60KB) LOS objects, 75% free, 11MB/44MB, paused 42us,22us total 38.198ms
11-22 23:16:46.252  1011  1189 I ASH     : @ 38258.455: tcs3701: stop power rail pending_off timer
11-22 23:16:46.252  1011  1189 D ASH     : @ 38258.455: tcs3701: start power rail timer, state:3
11-22 23:16:46.280  1795  1854 D ActivityManager: freezer override set to false
11-22 23:16:46.291  1011  1189 I ASH     : @ 38258.495: tcs3701: stop power rail pending_off timer
11-22 23:16:46.291  1011  1189 D ASH     : @ 38258.495: tcs3701: start power rail timer, state:3
11-22 23:16:46.322  1795  3784 D ActivityManager: freezer override set to true
11-22 23:16:46.326  1795  3784 D ActivityManager: freezer override set to false
11-22 23:16:46.326 29153 31606 I BatteryMgr:DataCollectionService: stats => 1700691406326,11291,4445,5493,4169000,100
11-22 23:16:46.327 29153 29184 I BatteryMgr:DataCollectionService: stats => 1700691406327,11291,4445,5493,4169000,100
11-22 23:16:46.331  1011  1189 I ASH     : @ 38258.535: tcs3701: stop power rail pending_off timer
11-22 23:16:46.331  1011  1189 D ASH     : @ 38258.535: tcs3701: start power rail timer, state:3
11-22 23:16:46.372  1011  1189 I ASH     : @ 38258.575: tcs3701: stop power rail pending_off timer
11-22 23:16:46.372  1011  1189 D ASH     : @ 38258.575: tcs3701: start power rail timer, state:3
11-22 23:16:46.412  1011  1189 I ASH     : @ 38258.615: tcs3701: stop power rail pending_off timer
11-22 23:16:46.412  1011  1189 D ASH     : @ 38258.615: tcs3701: start power rail timer, state:3
11-22 23:16:46.432 29153 31606 I BatteryMgr:DataCollectionService: stats => 1700691406432,11291,4445,5493,4169000,100
11-22 23:16:46.433 29153 29184 I BatteryMgr:DataCollectionService: stats => 1700691406433,11291,4445,5493,4169000,100
11-22 23:16:46.451  1011  1189 I ASH     : @ 38258.655: tcs3701: stop power rail pending_off timer
11-22 23:16:46.452  1011  1189 D ASH     : @ 38258.655: tcs3701: start power rail timer, state:3
11-22 23:16:46.491  1011  1189 I ASH     : @ 38258.695: tcs3701: stop power rail pending_off timer
11-22 23:16:46.491  1011  1189 D ASH     : @ 38258.695: tcs3701: start power rail timer, state:3
11-22 23:16:46.532  1011  1189 I ASH     : @ 38258.735: tcs3701: stop power rail pending_off timer
11-22 23:16:46.532  1011  1189 D ASH     : @ 38258.735: tcs3701: start power rail timer, state:3
11-22 23:16:46.539 29153 31606 I BatteryMgr:DataCollectionService: stats => 1700691406539,11291,4445,5493,4169000,100
11-22 23:16:46.541 29153 29184 I BatteryMgr:DataCollectionService: stats => 1700691406540,11291,4445,5493,4169000,100
11-22 23:16:46.571  1011  1189 I ASH     : @ 38258.775: tcs3701: stop power rail pending_off timer
11-22 23:16:46.571  1011  1189 D ASH     : @ 38258.775: tcs3701: start power rail timer, state:3
11-22 23:16:46.612  1011  1189 I ASH     : @ 38258.815: tcs3701: stop power rail pending_off timer
11-22 23:16:46.612  1011  1189 D ASH     : @ 38258.815: tcs3701: start power rail timer, state:3
11-22 23:16:46.645 29153 29184 I BatteryMgr:DataCollectionService: stats => 1700691406645,11291,4445,5493,4169000,100
11-22 23:16:46.646 29153 31606 I BatteryMgr:DataCollectionService: stats => 1700691406646,11291,4445,5493,4169000,100
11-22 23:16:46.652  1011  1189 I ASH     : @ 38258.855: tcs3701: stop power rail pending_off timer
11-22 23:16:46.652  1011  1189 D ASH     : @ 38258.855: tcs3701: start power rail timer, state:3
11-22 23:16:46.692  1011  1189 I ASH     : @ 38258.895: tcs3701: stop power rail pending_off timer
11-22 23:16:46.692  1011  1189 D ASH     : @ 38258.895: tcs3701: start power rail timer, state:3
11-22 23:16:46.731  1011  1189 I ASH     : @ 38258.935: tcs3701: stop power rail pending_off timer
11-22 23:16:46.732  1011  1189 D ASH     : @ 38258.935: tcs3701: start power rail timer, state:3
11-22 23:16:46.753 29153 29184 I BatteryMgr:DataCollectionService: stats => 1700691406753,11291,4445,5493,4169000,100
11-22 23:16:46.754 29153 31606 I BatteryMgr:DataCollectionService: stats => 1700691406754,11291,4445,5493,4169000,100
11-22 23:16:46.772  1011  1189 I ASH     : @ 38258.975: tcs3701: stop power rail pending_off timer
11-22 23:16:46.772  1011  1189 D ASH     : @ 38258.975: tcs3701: start power rail timer, state:3
11-22 23:16:46.811  1011  1189 I ASH     : @ 38259.015: tcs3701: stop power rail pending_off timer
11-22 23:16:46.812  1011  1189 D ASH     : @ 38259.015: tcs3701: start power rail timer, state:3
11-22 23:16:46.844  1795  3659 D ActivityManager: freezer override set to true
11-22 23:16:46.848  1795  3659 D ActivityManager: freezer override set to false
11-22 23:16:46.851  1011  1189 I ASH     : @ 38259.055: tcs3701: stop power rail pending_off timer
11-22 23:16:46.851  1011  1189 D ASH     : @ 38259.055: tcs3701: start power rail timer, state:3
11-22 23:16:46.856  1039  1095 D rlsservice: MonitorDisplayStatus client num 0, display status 1, sensor status 0
11-22 23:16:46.858 29153 31606 I BatteryMgr:DataCollectionService: stats => 1700691406858,11291,4445,5493,4169000,100
11-22 23:16:46.859 29153 29184 I BatteryMgr:DataCollectionService: stats => 1700691406859,11291,4445,5493,4169000,100
11-22 23:16:46.891  1011  1189 I ASH     : @ 38259.095: tcs3701: stop power rail pending_off timer
11-22 23:16:46.892  1011  1189 D ASH     : @ 38259.095: tcs3701: start power rail timer, state:3
11-22 23:16:46.931  1011  1189 I ASH     : @ 38259.135: tcs3701: stop power rail pending_off timer
11-22 23:16:46.932  1011  1189 D ASH     : @ 38259.135: tcs3701: start power rail timer, state:3
11-22 23:16:46.965 29153 31606 I BatteryMgr:DataCollectionService: stats => 1700691406965,11291,4445,5493,4169000,100
11-22 23:16:46.967 29153 29184 I BatteryMgr:DataCollectionService: stats => 1700691406966,11291,4445,5493,4169000,100
11-22 23:16:46.972  1011  1189 I ASH     : @ 38259.175: tcs3701: stop power rail pending_off timer
11-22 23:16:46.972  1011  1189 D ASH     : @ 38259.175: tcs3701: start power rail timer, state:3
11-22 23:16:47.012  1011  1189 I ASH     : @ 38259.215: tcs3701: stop power rail pending_off timer
11-22 23:16:47.012  1011  1189 D ASH     : @ 38259.215: tcs3701: start power rail timer, state:3
11-22 23:16:47.051  1011  1189 I ASH     : @ 38259.255: tcs3701: stop power rail pending_off timer
11-22 23:16:47.052  1011  1189 D ASH     : @ 38259.255: tcs3701: start power rail timer, state:3
11-22 23:16:47.071 29153 31606 I BatteryMgr:DataCollectionService: stats => 1700691407071,11291,4445,5493,4169000,100
11-22 23:16:47.072 29153 29184 I BatteryMgr:DataCollectionService: stats => 1700691407072,11291,4445,5493,4169000,100
11-22 23:16:47.093  1011  1189 I ASH     : @ 38259.295: tcs3701: stop power rail pending_off timer
11-22 23:16:47.094  1011  1189 D ASH     : @ 38259.295: tcs3701: start power rail timer, state:3
11-22 23:16:47.132  1011  1189 I ASH     : @ 38259.335: tcs3701: stop power rail pending_off timer
11-22 23:16:47.132  1011  1189 D ASH     : @ 38259.335: tcs3701: start power rail timer, state:3
11-22 23:16:47.171  1011  1189 I ASH     : @ 38259.375: tcs3701: stop power rail pending_off timer
11-22 23:16:47.171  1011  1189 D ASH     : @ 38259.375: tcs3701: start power rail timer, state:3
11-22 23:16:47.178 29153 31606 I BatteryMgr:DataCollectionService: stats => 1700691407178,11291,4445,5493,4169000,100
11-22 23:16:47.179 29153 29184 I BatteryMgr:DataCollectionService: stats => 1700691407179,11291,4445,5493,4169000,100
11-22 23:16:47.211  1011  1189 I ASH     : @ 38259.415: tcs3701: stop power rail pending_off timer
11-22 23:16:47.212  1011  1189 D ASH     : @ 38259.415: tcs3701: start power rail timer, state:3
11-22 23:16:47.251  1011  1189 I ASH     : @ 38259.455: tcs3701: stop power rail pending_off timer
11-22 23:16:47.252  1011  1189 D ASH     : @ 38259.455: tcs3701: start power rail timer, state:3
11-22 23:16:47.286 29153 31606 I BatteryMgr:DataCollectionService: stats => 1700691407286,11291,4445,5493,4169000,100
11-22 23:16:47.289 29153 29184 I BatteryMgr:DataCollectionService: stats => 1700691407289,11291,4445,5493,4169000,100
11-22 23:16:47.292  1011  1189 I ASH     : @ 38259.495: tcs3701: stop power rail pending_off timer
11-22 23:16:47.292  1011  1189 D ASH     : @ 38259.495: tcs3701: start power rail timer, state:3
11-22 23:16:47.331  1011  1189 I ASH     : @ 38259.535: tcs3701: stop power rail pending_off timer
11-22 23:16:47.332  1011  1189 D ASH     : @ 38259.535: tcs3701: start power rail timer, state:3
11-22 23:16:47.372  1011  1189 I ASH     : @ 38259.575: tcs3701: stop power rail pending_off timer
11-22 23:16:47.372  1011  1189 D ASH     : @ 38259.575: tcs3701: start power rail timer, state:3
11-22 23:16:47.394 29153 29184 I BatteryMgr:DataCollectionService: stats => 1700691407394,11291,4445,5493,4169000,100
11-22 23:16:47.394 29153 31606 I BatteryMgr:DataCollectionService: stats => 1700691407394,11291,4445,5493,4169000,100
11-22 23:16:47.411  1011  1189 I ASH     : @ 38259.615: tcs3701: stop power rail pending_off timer
11-22 23:16:47.411  1011  1189 D ASH     : @ 38259.615: tcs3701: start power rail timer, state:3
11-22 23:16:47.452  1011  1189 I ASH     : @ 38259.655: tcs3701: stop power rail pending_off timer
11-22 23:16:47.452  1011  1189 D ASH     : @ 38259.655: tcs3701: start power rail timer, state:3
11-22 23:16:47.483  1795  1854 D ActivityManager: freezer override set to true
11-22 23:16:47.491  1011  1189 I ASH     : @ 38259.695: tcs3701: stop power rail pending_off timer
11-22 23:16:47.491  1011  1189 D ASH     : @ 38259.695: tcs3701: start power rail timer, state:3
11-22 23:16:47.500 29153 31606 I BatteryMgr:DataCollectionService: stats => 1700691407500,11291,4445,5493,4169000,100
11-22 23:16:47.501 29153 29184 I BatteryMgr:DataCollectionService: stats => 1700691407501,11291,4445,5493,4169000,100
11-22 23:16:47.532  1011  1189 I ASH     : @ 38259.735: tcs3701: stop power rail pending_off timer
11-22 23:16:47.532  1011  1189 D ASH     : @ 38259.735: tcs3701: start power rail timer, state:3
11-22 23:16:47.554  9877 10350 I m.chrome.canary: Explicit concurrent copying GC freed 3585(176KB) AllocSpace objects, 3(60KB) LOS objects, 75% free, 11MB/44MB, paused 97us,23us total 37.882ms
11-22 23:16:47.572  1011  1189 I ASH     : @ 38259.775: tcs3701: stop power rail pending_off timer
11-22 23:16:47.572  1011  1189 D ASH     : @ 38259.775: tcs3701: start power rail timer, state:3
11-22 23:16:47.603  1795  1854 D ActivityManager: freezer override set to false
11-22 23:16:47.609 29153 29184 I BatteryMgr:DataCollectionService: stats => 1700691407608,11291,4445,5493,4169000,100
11-22 23:16:47.609 29153 31606 I BatteryMgr:DataCollectionService: stats => 1700691407609,11291,4445,5493,4169000,100
11-22 23:16:47.612  1011  1189 I ASH     : @ 38259.815: tcs3701: stop power rail pending_off timer
11-22 23:16:47.612  1011  1189 D ASH     : @ 38259.815: tcs3701: start power rail timer, state:3
11-22 23:16:47.649  1795  3659 D ActivityManager: freezer override set to true
11-22 23:16:47.652  1795  3659 D ActivityManager: freezer override set to false
11-22 23:16:47.652  1011  1189 I ASH     : @ 38259.855: tcs3701: stop power rail pending_off timer
11-22 23:16:47.652  1011  1189 D ASH     : @ 38259.855: tcs3701: start power rail timer, state:3
11-22 23:16:47.691  1011  1189 I ASH     : @ 38259.895: tcs3701: stop power rail pending_off timer
11-22 23:16:47.692  1011  1189 D ASH     : @ 38259.895: tcs3701: start power rail timer, state:3
11-22 23:16:47.716 29153 29184 I BatteryMgr:DataCollectionService: stats => 1700691407716,11291,4445,5493,4169000,100
11-22 23:16:47.717 29153 31606 I BatteryMgr:DataCollectionService: stats => 1700691407717,11291,4445,5493,4169000,100
11-22 23:16:47.732  1011  1189 I ASH     : @ 38259.935: tcs3701: stop power rail pending_off timer
11-22 23:16:47.732  1011  1189 D ASH     : @ 38259.935: tcs3701: start power rail timer, state:3
11-22 23:16:47.771  1011  1189 I ASH     : @ 38259.975: tcs3701: stop power rail pending_off timer
11-22 23:16:47.772  1011  1189 D ASH     : @ 38259.975: tcs3701: start power rail timer, state:3
11-22 23:16:47.812  1011  1189 I ASH     : @ 38260.015: tcs3701: stop power rail pending_off timer
11-22 23:16:47.812  1011  1189 D ASH     : @ 38260.015: tcs3701: start power rail timer, state:3
11-22 23:16:47.825 29153 29185 I BatteryMgr:DataCollectionService: stats => 1700691407825,11291,4445,5493,4169000,100
11-22 23:16:47.825 29153 31606 I BatteryMgr:DataCollectionService: stats => 1700691407825,11291,4445,5493,4169000,100
11-22 23:16:47.838  1795  3784 D ActivityManager: freezer override set to true
11-22 23:16:47.842  1795  3784 D ActivityManager: freezer override set to false
11-22 23:16:47.851  1011  1189 I ASH     : @ 38260.055: tcs3701: stop power rail pending_off timer
11-22 23:16:47.851  1011  1189 D ASH     : @ 38260.055: tcs3701: start power rail timer, state:3
11-22 23:16:47.891  1011  1189 I ASH     : @ 38260.095: tcs3701: stop power rail pending_off timer
11-22 23:16:47.891  1011  1189 D ASH     : @ 38260.095: tcs3701: start power rail timer, state:3
11-22 23:16:47.932  1011  1189 I ASH     : @ 38260.135: tcs3701: stop power rail pending_off timer
11-22 23:16:47.932  1011  1189 D ASH     : @ 38260.135: tcs3701: start power rail timer, state:3
11-22 23:16:47.934 29153 29185 I BatteryMgr:DataCollectionService: stats => 1700691407934,11291,4445,5493,4169000,100
11-22 23:16:47.935 29153 31606 I BatteryMgr:DataCollectionService: stats => 1700691407934,11291,4445,5493,4169000,100
11-22 23:16:47.971  1011  1189 I ASH     : @ 38260.175: tcs3701: stop power rail pending_off timer
11-22 23:16:47.972  1011  1189 D ASH     : @ 38260.175: tcs3701: start power rail timer, state:3
11-22 23:16:48.012  1011  1189 I ASH     : @ 38260.215: tcs3701: stop power rail pending_off timer
11-22 23:16:48.012  1011  1189 D ASH     : @ 38260.215: tcs3701: start power rail timer, state:3
11-22 23:16:48.042 29153 29185 I BatteryMgr:DataCollectionService: stats => 1700691408042,11291,4445,5493,4169000,100
11-22 23:16:48.046 29153 31606 I BatteryMgr:DataCollectionService: stats => 1700691408046,11291,4445,5493,4169000,100
11-22 23:16:48.051  1011  1189 I ASH     : @ 38260.255: tcs3701: stop power rail pending_off timer
11-22 23:16:48.052  1011  1189 D ASH     : @ 38260.255: tcs3701: start power rail timer, state:3
11-22 23:16:48.091  1011  1189 I ASH     : @ 38260.295: tcs3701: stop power rail pending_off timer
11-22 23:16:48.092  1011  1189 D ASH     : @ 38260.295: tcs3701: start power rail timer, state:3
11-22 23:16:48.131  1011  1189 I ASH     : @ 38260.335: tcs3701: stop power rail pending_off timer
11-22 23:16:48.131  1011  1189 D ASH     : @ 38260.335: tcs3701: start power rail timer, state:3
11-22 23:16:48.148 29153 31606 I BatteryMgr:DataCollectionService: stats => 1700691408148,11291,4445,5493,4169000,100
11-22 23:16:48.151 29153 29185 I BatteryMgr:DataCollectionService: stats => 1700691408151,11291,4445,5493,4169000,100
11-22 23:16:48.171  1011  1189 I ASH     : @ 38260.375: tcs3701: stop power rail pending_off timer
11-22 23:16:48.172  1011  1189 D ASH     : @ 38260.375: tcs3701: start power rail timer, state:3
11-22 23:16:48.211  1011  1189 I ASH     : @ 38260.415: tcs3701: stop power rail pending_off timer
11-22 23:16:48.211  1011  1189 D ASH     : @ 38260.415: tcs3701: start power rail timer, state:3
11-22 23:16:48.251  1011  1189 I ASH     : @ 38260.455: tcs3701: stop power rail pending_off timer
11-22 23:16:48.251  1011  1189 D ASH     : @ 38260.455: tcs3701: start power rail timer, state:3
11-22 23:16:48.256 29153 29185 I BatteryMgr:DataCollectionService: stats => 1700691408256,11291,4445,5493,4169000,100
11-22 23:16:48.257 29153 31606 I BatteryMgr:DataCollectionService: stats => 1700691408257,11291,4445,5493,4169000,100
11-22 23:16:48.291  1011  1189 I ASH     : @ 38260.495: tcs3701: stop power rail pending_off timer
11-22 23:16:48.292  1011  1189 D ASH     : @ 38260.495: tcs3701: start power rail timer, state:3
11-22 23:16:48.332  1011  1189 I ASH     : @ 38260.535: tcs3701: stop power rail pending_off timer
11-22 23:16:48.332  1011  1189 D ASH     : @ 38260.535: tcs3701: start power rail timer, state:3
11-22 23:16:48.367 29153 29185 I BatteryMgr:DataCollectionService: stats => 1700691408366,11291,4445,5493,4169000,100
11-22 23:16:48.368 29153 31606 I BatteryMgr:DataCollectionService: stats => 1700691408368,11291,4445,5493,4169000,100
11-22 23:16:48.371  1011  1189 I ASH     : @ 38260.575: tcs3701: stop power rail pending_off timer
11-22 23:16:48.371  1011  1189 D ASH     : @ 38260.575: tcs3701: start power rail timer, state:3
11-22 23:16:48.412  1011  1189 I ASH     : @ 38260.615: tcs3701: stop power rail pending_off timer
11-22 23:16:48.412  1011  1189 D ASH     : @ 38260.615: tcs3701: start power rail timer, state:3
11-22 23:16:48.452  1011  1189 I ASH     : @ 38260.655: tcs3701: stop power rail pending_off timer
11-22 23:16:48.452  1011  1189 D ASH     : @ 38260.655: tcs3701: start power rail timer, state:3
11-22 23:16:48.483 29153 31606 I BatteryMgr:DataCollectionService: stats => 1700691408483,11291,4445,5493,4169000,100
11-22 23:16:48.483 29153 29185 I BatteryMgr:DataCollectionService: stats => 1700691408483,11291,4445,5493,4169000,100
11-22 23:16:48.491  1011  1189 I ASH     : @ 38260.695: tcs3701: stop power rail pending_off timer
11-22 23:16:48.492  1011  1189 D ASH     : @ 38260.695: tcs3701: start power rail timer, state:3
11-22 23:16:48.532  1011  1189 I ASH     : @ 38260.735: tcs3701: stop power rail pending_off timer
11-22 23:16:48.532  1011  1189 D ASH     : @ 38260.735: tcs3701: start power rail timer, state:3
11-22 23:16:48.571  1011  1189 I ASH     : @ 38260.775: tcs3701: stop power rail pending_off timer
11-22 23:16:48.571  1011  1189 D ASH     : @ 38260.775: tcs3701: start power rail timer, state:3
11-22 23:16:48.592 29153 29185 I BatteryMgr:DataCollectionService: stats => 1700691408592,11291,4445,5493,4169000,100
11-22 23:16:48.594 29153 31606 I BatteryMgr:DataCollectionService: stats => 1700691408594,11291,4445,5493,4169000,100
11-22 23:16:48.611  1011  1189 I ASH     : @ 38260.815: tcs3701: stop power rail pending_off timer
11-22 23:16:48.611  1011  1189 D ASH     : @ 38260.815: tcs3701: start power rail timer, state:3
11-22 23:16:48.628  1795  2424 D WifiClientModeImpl[13802:wlan0]: updateLinkLayerStatsRssiSpeedFrequencyCapabilities rssi=-43 TxLinkspeed=866 freq=5240 RxLinkSpeed=6
11-22 23:16:48.629  1795  2424 D WifiDataStall: tx tput in kbps: 745571
11-22 23:16:48.629  1795  2424 D WifiDataStall: rx tput in kbps: 784812
11-22 23:16:48.629  1795  2424 V WifiConfigManager: Updating scan detail cache freq=5240 BSSID=f4:6d:2f:12:cc:88 RSSI=-42 for "ourhome"WPA_PSK
11-22 23:16:48.629  1795  2424 D WifiChannelUtilization:  freq: 5240 onTime: 972907 busyTime: 92899 onTimeDiff: 972612 busyTimeDiff: 92882 utilization: 24 utilization t0: 24
11-22 23:16:48.629  1795  2424 D WifiDataStall:  ccaLevel = 24
11-22 23:16:48.629  1795  2424 D WifiDataStall: L2 txTputKbps: 745571, rxTputKbps: 784812, L3 txTputKbps: 0, rxTputKbps: 0, TxTrafficHigh: false, RxTrafficHigh: false, Throughput Sufficient: true
11-22 23:16:48.630  3213  8092 V WifiManager: OnWifiUsabilityStatsListener: onWifiUsabilityStats: seqNum=12649
11-22 23:16:48.630  1795  2424 D WifiScoreReport: Wifi scoring disabled - Don't check IP layer
11-22 23:16:48.630  1795  2424 D WifiScoreCard: BSSID update SIGNAL_POLL ID: 1320464697 SSID: "ourhome", BSSID: f4:6d:2f:12:cc:88, MAC: b2:2f:ec:da:4a:0c, IP: /192.168.1.104, Security type: 2, Supplicant state: COMPLETED, Wi-Fi standard: 5, RSSI: -43, Link speed: 866Mbps, Tx Link speed: 866Mbps, Max Supported Tx Link speed: 866Mbps, Rx Link speed: 6Mbps, Max Supported Rx Link speed: 866Mbps, Frequency: 5240MHz, Net ID: 12, Metered hint: false, score: 60, isUsable: true, CarrierMerged: false, SubscriptionId: -1, IsPrimary: 1, Trusted: true, Restricted: false, Ephemeral: false, OEM paid: false, OEM private: false, OSU AP: false, FQDN: <none>, Provider friendly name: <none>, Requesting package name: <none>"ourhome"wpa2-pskMLO Information: , Is TID-To-Link negotiation supported by the AP: false, AP MLD Address: <none>, AP MLO Link Id: <none>, AP MLO Affiliated links: <none>
11-22 23:16:48.630  1795  2424 D WifiScoreCard: txRate: 1 txSpeed: 866
11-22 23:16:48.630  1795  2424 D WifiScoreCard: network update SIGNAL_POLL "ourhome" ID: 1499892569 RSSI -43 txSpeed -1
11-22 23:16:48.630  1795  3784 I WifiService: updateWifiUsabilityScore uid=10180 seqNum=12649 score=100 predictionHorizonSec=1441795
11-22 23:16:48.630  1795  2424 D WifiClientModeImpl[13802:wlan0]:  ClientModeImpl$L2ConnectedState screen=on 3 0 "ourhome" f4:6d:2f:12:cc:88 rssi=-43 f=5240 sc=60 link=866 tx=0.0, 0.0, 0.0 rx=0.0 bcn=355703 [on:0 tx:0 rx:0 period:3016] from screen [on:33417 period:1770409] score=60
11-22 23:16:48.631  1795  2424 D WifiScoreReport: Wifi scoring disabled - Notify that Wifi is usable
11-22 23:16:48.634  1795  2432 D ConnectivityService: NetReassign [no changes] [c 0] [a 0] [i 2]
11-22 23:16:48.652  1011  1189 I ASH     : @ 38260.855: tcs3701: stop power rail pending_off timer
11-22 23:16:48.652  1011  1189 D ASH     : @ 38260.855: tcs3701: start power rail timer, state:3
11-22 23:16:48.691  1011  1189 I ASH     : @ 38260.895: tcs3701: stop power rail pending_off timer
11-22 23:16:48.691  1011  1189 D ASH     : @ 38260.895: tcs3701: start power rail timer, state:3
11-22 23:16:48.701 29153 31606 I BatteryMgr:DataCollectionService: stats => 1700691408701,11291,4445,5493,4169000,100
11-22 23:16:48.702 29153 29185 I BatteryMgr:DataCollectionService: stats => 1700691408702,11291,4445,5493,4169000,100
11-22 23:16:48.731  1011  1189 I ASH     : @ 38260.935: tcs3701: stop power rail pending_off timer
11-22 23:16:48.731  1011  1189 D ASH     : @ 38260.935: tcs3701: start power rail timer, state:3
11-22 23:16:48.771  1011  1189 I ASH     : @ 38260.975: tcs3701: stop power rail pending_off timer
11-22 23:16:48.772  1011  1189 D ASH     : @ 38260.975: tcs3701: start power rail timer, state:3
11-22 23:16:48.792  1795  3659 D ActivityManager: freezer override set to true
11-22 23:16:48.806 29153 31606 I BatteryMgr:DataCollectionService: stats => 1700691408806,11291,4445,5493,4169000,100
11-22 23:16:48.807 29153 29185 I BatteryMgr:DataCollectionService: stats => 1700691408807,11291,4445,5493,4169000,100
11-22 23:16:48.811  1011  1189 I ASH     : @ 38261.015: tcs3701: stop power rail pending_off timer
11-22 23:16:48.811  1011  1189 D ASH     : @ 38261.015: tcs3701: start power rail timer, state:3
11-22 23:16:48.853  1011  1189 I ASH     : @ 38261.055: tcs3701: stop power rail pending_off timer
11-22 23:16:48.853  1011  1189 D ASH     : @ 38261.055: tcs3701: start power rail timer, state:3
11-22 23:16:48.891  1011  1189 I ASH     : @ 38261.095: tcs3701: stop power rail pending_off timer
11-22 23:16:48.891  1011  1189 D ASH     : @ 38261.095: tcs3701: start power rail timer, state:3
11-22 23:16:48.912 29153 31606 I BatteryMgr:DataCollectionService: stats => 1700691408912,11291,4445,5493,4169000,100
11-22 23:16:48.913 29153 29185 I BatteryMgr:DataCollectionService: stats => 1700691408913,11291,4445,5493,4169000,100
11-22 23:16:48.915  9877 10350 I m.chrome.canary: Explicit concurrent copying GC freed 3814(191KB) AllocSpace objects, 4(80KB) LOS objects, 75% free, 11MB/44MB, paused 29us,22us total 42.730ms
11-22 23:16:48.931  1011  1189 I ASH     : @ 38261.135: tcs3701: stop power rail pending_off timer
11-22 23:16:48.931  1011  1189 D ASH     : @ 38261.135: tcs3701: start power rail timer, state:3
11-22 23:16:48.966  1795  3659 D ActivityManager: freezer override set to false
11-22 23:16:48.971  1011  1189 I ASH     : @ 38261.175: tcs3701: stop power rail pending_off timer
11-22 23:16:48.971  1011  1189 D ASH     : @ 38261.175: tcs3701: start power rail timer, state:3
11-22 23:16:49.012  1011  1189 I ASH     : @ 38261.215: tcs3701: stop power rail pending_off timer
11-22 23:16:49.012  1011  1189 D ASH     : @ 38261.215: tcs3701: start power rail timer, state:3
11-22 23:16:49.014  1795  3659 D ActivityManager: freezer override set to true
11-22 23:16:49.017  1795  3659 D ActivityManager: freezer override set to false
11-22 23:16:49.020 29153 31606 I BatteryMgr:DataCollectionService: stats => 1700691409020,11291,4445,5493,4169000,100
11-22 23:16:49.021 29153 29185 I BatteryMgr:DataCollectionService: stats => 1700691409021,11291,4445,5493,4169000,100
11-22 23:16:49.051  1011  1189 I ASH     : @ 38261.255: tcs3701: stop power rail pending_off timer
11-22 23:16:49.052  1011  1189 D ASH     : @ 38261.255: tcs3701: start power rail timer, state:3
11-22 23:16:49.092  1011  1189 I ASH     : @ 38261.295: tcs3701: stop power rail pending_off timer
11-22 23:16:49.092  1011  1189 D ASH     : @ 38261.295: tcs3701: start power rail timer, state:3
11-22 23:16:49.127 29153 29185 I BatteryMgr:DataCollectionService: stats => 1700691409127,11291,4445,5493,4169000,100
11-22 23:16:49.127 29153 31606 I BatteryMgr:DataCollectionService: stats => 1700691409127,11291,4445,5493,4169000,100
11-22 23:16:49.132  1011  1189 I ASH     : @ 38261.335: tcs3701: stop power rail pending_off timer
11-22 23:16:49.132  1011  1189 D ASH     : @ 38261.335: tcs3701: start power rail timer, state:3
11-22 23:16:49.156  1795  2150 I WifiService: getSupportedFeatures uid=1000 returns 1d81defca995fd
11-22 23:16:49.156  1795  2150 I WifiService: getWifiActivityEnergyInfoAsync uid=1000
11-22 23:16:49.172  1011  1189 I ASH     : @ 38261.375: tcs3701: stop power rail pending_off timer
11-22 23:16:49.172  1011  1189 D ASH     : @ 38261.375: tcs3701: start power rail timer, state:3
11-22 23:16:49.211  1011  1189 I ASH     : @ 38261.415: tcs3701: stop power rail pending_off timer
11-22 23:16:49.212  1011  1189 D ASH     : @ 38261.415: tcs3701: start power rail timer, state:3
11-22 23:16:49.235 29153 29185 I BatteryMgr:DataCollectionService: stats => 1700691409235,11291,4445,5493,4169000,100
11-22 23:16:49.237 29153 31606 I BatteryMgr:DataCollectionService: stats => 1700691409236,11291,4445,5493,4169000,100
11-22 23:16:49.252  1011  1189 I ASH     : @ 38261.455: tcs3701: stop power rail pending_off timer
11-22 23:16:49.252  1011  1189 D ASH     : @ 38261.455: tcs3701: start power rail timer, state:3
11-22 23:16:49.291  1011  1189 I ASH     : @ 38261.495: tcs3701: stop power rail pending_off timer
11-22 23:16:49.291  1011  1189 D ASH     : @ 38261.495: tcs3701: start power rail timer, state:3
11-22 23:16:49.332  1011  1189 I ASH     : @ 38261.535: tcs3701: stop power rail pending_off timer
11-22 23:16:49.332  1011  1189 D ASH     : @ 38261.535: tcs3701: start power rail timer, state:3
11-22 23:16:49.346 29153 29185 I BatteryMgr:DataCollectionService: stats => 1700691409346,11291,4445,5493,4169000,100
11-22 23:16:49.347 29153 31606 I BatteryMgr:DataCollectionService: stats => 1700691409347,11291,4445,5493,4169000,100
11-22 23:16:49.371  1011  1189 I ASH     : @ 38261.575: tcs3701: stop power rail pending_off timer
11-22 23:16:49.372  1011  1189 D ASH     : @ 38261.575: tcs3701: start power rail timer, state:3
11-22 23:16:49.412  1011  1189 I ASH     : @ 38261.615: tcs3701: stop power rail pending_off timer
11-22 23:16:49.412  1011  1189 D ASH     : @ 38261.615: tcs3701: start power rail timer, state:3
11-22 23:16:49.452  1011  1189 I ASH     : @ 38261.655: tcs3701: stop power rail pending_off timer
11-22 23:16:49.452  1011  1189 D ASH     : @ 38261.655: tcs3701: start power rail timer, state:3
11-22 23:16:49.453 29153 29185 I BatteryMgr:DataCollectionService: stats => 1700691409453,11291,4445,5493,4169000,100
11-22 23:16:49.455 29153 31606 I BatteryMgr:DataCollectionService: stats => 1700691409455,11291,4445,5493,4169000,100
11-22 23:16:49.492  1011  1189 I ASH     : @ 38261.695: tcs3701: stop power rail pending_off timer
11-22 23:16:49.492  1011  1189 D ASH     : @ 38261.695: tcs3701: start power rail timer, state:3
11-22 23:16:49.531  1011  1189 I ASH     : @ 38261.735: tcs3701: stop power rail pending_off timer
11-22 23:16:49.531  1011  1189 D ASH     : @ 38261.735: tcs3701: start power rail timer, state:3
11-22 23:16:49.562 29153 29185 I BatteryMgr:DataCollectionService: stats => 1700691409562,11291,4445,5493,4169000,100
11-22 23:16:49.563 29153 31606 I BatteryMgr:DataCollectionService: stats => 1700691409563,11291,4445,5493,4169000,100
11-22 23:16:49.571  1011  1189 I ASH     : @ 38261.775: tcs3701: stop power rail pending_off timer
11-22 23:16:49.571  1011  1189 D ASH     : @ 38261.775: tcs3701: start power rail timer, state:3
11-22 23:16:49.612  1011  1189 I ASH     : @ 38261.815: tcs3701: stop power rail pending_off timer
11-22 23:16:49.612  1011  1189 D ASH     : @ 38261.815: tcs3701: start power rail timer, state:3
11-22 23:16:49.652  1011  1189 I ASH     : @ 38261.855: tcs3701: stop power rail pending_off timer
11-22 23:16:49.652  1011  1189 D ASH     : @ 38261.855: tcs3701: start power rail timer, state:3
11-22 23:16:49.668 29153 31606 I BatteryMgr:DataCollectionService: stats => 1700691409668,11291,4445,5493,4169000,100
11-22 23:16:49.671 29153 29185 I BatteryMgr:DataCollectionService: stats => 1700691409671,11291,4445,5493,4169000,100
11-22 23:16:49.692  1011  1189 I ASH     : @ 38261.895: tcs3701: stop power rail pending_off timer
11-22 23:16:49.692  1011  1189 D ASH     : @ 38261.895: tcs3701: start power rail timer, state:3
11-22 23:16:49.732  1011  1189 I ASH     : @ 38261.935: tcs3701: stop power rail pending_off timer
11-22 23:16:49.732  1011  1189 D ASH     : @ 38261.935: tcs3701: start power rail timer, state:3
11-22 23:16:49.772  1011  1189 I ASH     : @ 38261.975: tcs3701: stop power rail pending_off timer
11-22 23:16:49.772  1011  1189 D ASH     : @ 38261.975: tcs3701: start power rail timer, state:3
11-22 23:16:49.777 29153 29185 I BatteryMgr:DataCollectionService: stats => 1700691409776,11291,4445,5493,4169000,100
11-22 23:16:49.778 29153 31606 I BatteryMgr:DataCollectionService: stats => 1700691409778,11291,4445,5493,4169000,100
11-22 23:16:49.811  1011  1189 I ASH     : @ 38262.015: tcs3701: stop power rail pending_off timer
11-22 23:16:49.811  1011  1189 D ASH     : @ 38262.015: tcs3701: start power rail timer, state:3
11-22 23:16:49.838  1795  1854 D ActivityManager: freezer override set to true
11-22 23:16:49.843  1795  1854 D ActivityManager: freezer override set to false
11-22 23:16:49.851  1011  1189 I ASH     : @ 38262.055: tcs3701: stop power rail pending_off timer
11-22 23:16:49.852  1011  1189 D ASH     : @ 38262.055: tcs3701: start power rail timer, state:3
11-22 23:16:49.883 29153 29185 I BatteryMgr:DataCollectionService: stats => 1700691409883,11291,4445,5493,4169000,100
11-22 23:16:49.884 29153 31606 I BatteryMgr:DataCollectionService: stats => 1700691409884,11291,4445,5493,4169000,100
11-22 23:16:49.891  1011  1189 I ASH     : @ 38262.095: tcs3701: stop power rail pending_off timer
11-22 23:16:49.892  1011  1189 D ASH     : @ 38262.095: tcs3701: start power rail timer, state:3
11-22 23:16:49.931  1011  1189 I ASH     : @ 38262.135: tcs3701: stop power rail pending_off timer
11-22 23:16:49.931  1011  1189 D ASH     : @ 38262.135: tcs3701: start power rail timer, state:3
11-22 23:16:49.971  1011  1189 I ASH     : @ 38262.175: tcs3701: stop power rail pending_off timer
11-22 23:16:49.972  1011  1189 D ASH     : @ 38262.175: tcs3701: start power rail timer, state:3
11-22 23:16:49.990 29153 31606 I BatteryMgr:DataCollectionService: stats => 1700691409990,11291,4445,5493,4169000,100
11-22 23:16:49.990 29153 29185 I BatteryMgr:DataCollectionService: stats => 1700691409990,11291,4445,5493,4169000,100
11-22 23:16:50.012  1011  1189 I ASH     : @ 38262.215: tcs3701: stop power rail pending_off timer
11-22 23:16:50.012  1011  1189 D ASH     : @ 38262.215: tcs3701: start power rail timer, state:3
11-22 23:16:50.051  1011  1189 I ASH     : @ 38262.255: tcs3701: stop power rail pending_off timer
11-22 23:16:50.052  1011  1189 D ASH     : @ 38262.255: tcs3701: start power rail timer, state:3
11-22 23:16:50.091  1011  1189 I ASH     : @ 38262.295: tcs3701: stop power rail pending_off timer
11-22 23:16:50.091  1011  1189 D ASH     : @ 38262.295: tcs3701: start power rail timer, state:3
11-22 23:16:50.098 29153 31606 I BatteryMgr:DataCollectionService: stats => 1700691410098,11291,4445,5493,4169000,100
11-22 23:16:50.099 29153 29185 I BatteryMgr:DataCollectionService: stats => 1700691410099,11291,4445,5493,4169000,100
11-22 23:16:50.131  1011  1189 I ASH     : @ 38262.335: tcs3701: stop power rail pending_off timer
11-22 23:16:50.132  1011  1189 D ASH     : @ 38262.335: tcs3701: start power rail timer, state:3
11-22 23:16:50.172  1011  1189 I ASH     : @ 38262.375: tcs3701: stop power rail pending_off timer
11-22 23:16:50.172  1011  1189 D ASH     : @ 38262.375: tcs3701: start power rail timer, state:3
11-22 23:16:50.185  1795  1854 D ActivityManager: freezer override set to true
11-22 23:16:50.204 29153 29185 I BatteryMgr:DataCollectionService: stats => 1700691410204,11291,4445,5493,4169000,100
11-22 23:16:50.207 29153 31606 I BatteryMgr:DataCollectionService: stats => 1700691410207,11291,4445,5493,4169000,100
11-22 23:16:50.212  1011  1189 I ASH     : @ 38262.415: tcs3701: stop power rail pending_off timer
11-22 23:16:50.212  1011  1189 D ASH     : @ 38262.415: tcs3701: start power rail timer, state:3
11-22 23:16:50.251  1011  1189 I ASH     : @ 38262.455: tcs3701: stop power rail pending_off timer
11-22 23:16:50.251  1011  1189 D ASH     : @ 38262.455: tcs3701: start power rail timer, state:3
11-22 23:16:50.291  1011  1189 I ASH     : @ 38262.495: tcs3701: stop power rail pending_off timer
11-22 23:16:50.292  1011  1189 D ASH     : @ 38262.495: tcs3701: start power rail timer, state:3
11-22 23:16:50.312 29153 29185 I BatteryMgr:DataCollectionService: stats => 1700691410311,11291,4445,5493,4169000,100
11-22 23:16:50.315 29153 31606 I BatteryMgr:DataCollectionService: stats => 1700691410315,11291,4445,5493,4169000,100
11-22 23:16:50.319  9877 10350 I m.chrome.canary: Explicit concurrent copying GC freed 3607(176KB) AllocSpace objects, 3(60KB) LOS objects, 75% free, 11MB/44MB, paused 105us,24us total 43.419ms
11-22 23:16:50.331  1011  1189 I ASH     : @ 38262.535: tcs3701: stop power rail pending_off timer
11-22 23:16:50.332  1011  1189 D ASH     : @ 38262.535: tcs3701: start power rail timer, state:3
11-22 23:16:50.369  1795  1854 D ActivityManager: freezer override set to false
11-22 23:16:50.371  1011  1189 I ASH     : @ 38262.575: tcs3701: stop power rail pending_off timer
11-22 23:16:50.371  1011  1189 D ASH     : @ 38262.575: tcs3701: start power rail timer, state:3
11-22 23:16:50.404  1795  1854 D ActivityManager: freezer override set to true
11-22 23:16:50.407  1795  1854 D ActivityManager: freezer override set to false
11-22 23:16:50.411  1011  1189 I ASH     : @ 38262.615: tcs3701: stop power rail pending_off timer
11-22 23:16:50.411  1011  1189 D ASH     : @ 38262.615: tcs3701: start power rail timer, state:3
11-22 23:16:50.417 29153 31606 I BatteryMgr:DataCollectionService: stats => 1700691410417,11291,4445,5493,4169000,100
11-22 23:16:50.421 29153 29185 I BatteryMgr:DataCollectionService: stats => 1700691410421,11291,4445,5493,4169000,100
11-22 23:16:50.451  1011  1189 I ASH     : @ 38262.655: tcs3701: stop power rail pending_off timer
11-22 23:16:50.451  1011  1189 D ASH     : @ 38262.655: tcs3701: start power rail timer, state:3
11-22 23:16:50.491  1011  1189 I ASH     : @ 38262.695: tcs3701: stop power rail pending_off timer
11-22 23:16:50.491  1011  1189 D ASH     : @ 38262.695: tcs3701: start power rail timer, state:3
11-22 23:16:50.523 29153 29185 I BatteryMgr:DataCollectionService: stats => 1700691410523,11291,4445,5493,4169000,100
11-22 23:16:50.526 29153 31606 I BatteryMgr:DataCollectionService: stats => 1700691410526,11291,4445,5493,4169000,100
11-22 23:16:50.531  1011  1189 I ASH     : @ 38262.735: tcs3701: stop power rail pending_off timer
11-22 23:16:50.532  1011  1189 D ASH     : @ 38262.735: tcs3701: start power rail timer, state:3
11-22 23:16:50.572  1011  1189 I ASH     : @ 38262.775: tcs3701: stop power rail pending_off timer
11-22 23:16:50.572  1011  1189 D ASH     : @ 38262.775: tcs3701: start power rail timer, state:3
11-22 23:16:50.611  1011  1189 I ASH     : @ 38262.815: tcs3701: stop power rail pending_off timer
11-22 23:16:50.612  1011  1189 D ASH     : @ 38262.815: tcs3701: start power rail timer, state:3
11-22 23:16:50.631 29153 31606 I BatteryMgr:DataCollectionService: stats => 1700691410631,11291,4445,5493,4169000,100
11-22 23:16:50.632 29153 29185 I BatteryMgr:DataCollectionService: stats => 1700691410632,11291,4445,5493,4169000,100
11-22 23:16:50.651  1011  1189 I ASH     : @ 38262.855: tcs3701: stop power rail pending_off timer
11-22 23:16:50.651  1011  1189 D ASH     : @ 38262.855: tcs3701: start power rail timer, state:3
11-22 23:16:50.691  1011  1189 I ASH     : @ 38262.895: tcs3701: stop power rail pending_off timer
11-22 23:16:50.691  1011  1189 D ASH     : @ 38262.895: tcs3701: start power rail timer, state:3
11-22 23:16:50.731  1011  1189 I ASH     : @ 38262.935: tcs3701: stop power rail pending_off timer
11-22 23:16:50.732  1011  1189 D ASH     : @ 38262.935: tcs3701: start power rail timer, state:3
11-22 23:16:50.738 29153 31606 I BatteryMgr:DataCollectionService: stats => 1700691410738,11291,4445,5493,4169000,100
11-22 23:16:50.739 29153 29185 I BatteryMgr:DataCollectionService: stats => 1700691410739,11291,4445,5493,4169000,100
11-22 23:16:50.771  1011  1189 I ASH     : @ 38262.975: tcs3701: stop power rail pending_off timer
11-22 23:16:50.771  1011  1189 D ASH     : @ 38262.975: tcs3701: start power rail timer, state:3
11-22 23:16:50.812  1011  1189 I ASH     : @ 38263.015: tcs3701: stop power rail pending_off timer
11-22 23:16:50.812  1011  1189 D ASH     : @ 38263.015: tcs3701: start power rail timer, state:3
11-22 23:16:50.844 29153 31606 I BatteryMgr:DataCollectionService: stats => 1700691410844,11291,4445,5493,4169000,100
11-22 23:16:50.845 29153 29185 I BatteryMgr:DataCollectionService: stats => 1700691410845,11291,4445,5493,4169000,100
11-22 23:16:50.850  1795  3659 D ActivityManager: freezer override set to true
11-22 23:16:50.852  1011  1189 I ASH     : @ 38263.055: tcs3701: stop power rail pending_off timer
11-22 23:16:50.852  1011  1189 D ASH     : @ 38263.055: tcs3701: start power rail timer, state:3
11-22 23:16:50.854  1795  3659 D ActivityManager: freezer override set to false
11-22 23:16:50.892  1011  1189 I ASH     : @ 38263.095: tcs3701: stop power rail pending_off timer
11-22 23:16:50.892  1011  1189 D ASH     : @ 38263.095: tcs3701: start power rail timer, state:3
11-22 23:16:50.932  1011  1189 I ASH     : @ 38263.135: tcs3701: stop power rail pending_off timer
11-22 23:16:50.932  1011  1189 D ASH     : @ 38263.135: tcs3701: start power rail timer, state:3
11-22 23:16:50.950 29153 31606 I BatteryMgr:DataCollectionService: stats => 1700691410949,11291,4445,5493,4169000,100
11-22 23:16:50.950 29153 29185 I BatteryMgr:DataCollectionService: stats => 1700691410950,11291,4445,5493,4169000,100
11-22 23:16:50.972  1011  1189 I ASH     : @ 38263.175: tcs3701: stop power rail pending_off timer
11-22 23:16:50.972  1011  1189 D ASH     : @ 38263.175: tcs3701: start power rail timer, state:3
11-22 23:16:51.011  1011  1189 I ASH     : @ 38263.215: tcs3701: stop power rail pending_off timer
11-22 23:16:51.011  1011  1189 D ASH     : @ 38263.215: tcs3701: start power rail timer, state:3
11-22 23:16:51.052  1011  1189 I ASH     : @ 38263.255: tcs3701: stop power rail pending_off timer
11-22 23:16:51.052  1011  1189 D ASH     : @ 38263.255: tcs3701: start power rail timer, state:3
11-22 23:16:51.059 29153 29185 I BatteryMgr:DataCollectionService: stats => 1700691411059,11291,4445,5493,4169000,100
11-22 23:16:51.062 29153 31606 I BatteryMgr:DataCollectionService: stats => 1700691411062,11291,4445,5493,4169000,100
11-22 23:16:51.091  1011  1189 I ASH     : @ 38263.295: tcs3701: stop power rail pending_off timer
11-22 23:16:51.092  1011  1189 D ASH     : @ 38263.295: tcs3701: start power rail timer, state:3
11-22 23:16:51.132  1011  1189 I ASH     : @ 38263.335: tcs3701: stop power rail pending_off timer
11-22 23:16:51.132  1011  1189 D ASH     : @ 38263.335: tcs3701: start power rail timer, state:3
11-22 23:16:51.168 29153 31606 I BatteryMgr:DataCollectionService: stats => 1700691411168,11291,4445,5493,4169000,100
11-22 23:16:51.169 29153 29185 I BatteryMgr:DataCollectionService: stats => 1700691411168,11291,4445,5493,4169000,100
11-22 23:16:51.172  1011  1189 I ASH     : @ 38263.375: tcs3701: stop power rail pending_off timer
11-22 23:16:51.172  1011  1189 D ASH     : @ 38263.375: tcs3701: start power rail timer, state:3
11-22 23:16:51.211  1011  1189 I ASH     : @ 38263.415: tcs3701: stop power rail pending_off timer
11-22 23:16:51.211  1011  1189 D ASH     : @ 38263.415: tcs3701: start power rail timer, state:3
11-22 23:16:51.251  1011  1189 I ASH     : @ 38263.455: tcs3701: stop power rail pending_off timer
11-22 23:16:51.252  1011  1189 D ASH     : @ 38263.455: tcs3701: start power rail timer, state:3
11-22 23:16:51.276 29153 31606 I BatteryMgr:DataCollectionService: stats => 1700691411276,11291,4445,5493,4169000,100
11-22 23:16:51.278 29153 29185 I BatteryMgr:DataCollectionService: stats => 1700691411278,11291,4445,5493,4169000,100
11-22 23:16:51.291  1011  1189 I ASH     : @ 38263.495: tcs3701: stop power rail pending_off timer
11-22 23:16:51.291  1011  1189 D ASH     : @ 38263.495: tcs3701: start power rail timer, state:3
11-22 23:16:51.331  1011  1189 I ASH     : @ 38263.535: tcs3701: stop power rail pending_off timer
11-22 23:16:51.331  1011  1189 D ASH     : @ 38263.535: tcs3701: start power rail timer, state:3
11-22 23:16:51.372  1011  1189 I ASH     : @ 38263.575: tcs3701: stop power rail pending_off timer
11-22 23:16:51.372  1011  1189 D ASH     : @ 38263.575: tcs3701: start power rail timer, state:3
11-22 23:16:51.385 29153 29185 I BatteryMgr:DataCollectionService: stats => 1700691411385,11291,4445,5493,4169000,100
11-22 23:16:51.386 29153 31606 I BatteryMgr:DataCollectionService: stats => 1700691411386,11291,4445,5493,4169000,100
11-22 23:16:51.412  1011  1189 I ASH     : @ 38263.615: tcs3701: stop power rail pending_off timer
11-22 23:16:51.412  1011  1189 D ASH     : @ 38263.615: tcs3701: start power rail timer, state:3
11-22 23:16:51.452  1011  1189 I ASH     : @ 38263.655: tcs3701: stop power rail pending_off timer
11-22 23:16:51.452  1011  1189 D ASH     : @ 38263.655: tcs3701: start power rail timer, state:3
11-22 23:16:51.491 29153 29185 I BatteryMgr:DataCollectionService: stats => 1700691411491,11291,4445,5493,4169000,100
11-22 23:16:51.491  1011  1189 I ASH     : @ 38263.695: tcs3701: stop power rail pending_off timer
11-22 23:16:51.491  1011  1189 D ASH     : @ 38263.695: tcs3701: start power rail timer, state:3
11-22 23:16:51.492 29153 31606 I BatteryMgr:DataCollectionService: stats => 1700691411492,11291,4445,5493,4169000,100
11-22 23:16:51.532  1011  1189 I ASH     : @ 38263.735: tcs3701: stop power rail pending_off timer
11-22 23:16:51.532  1011  1189 D ASH     : @ 38263.735: tcs3701: start power rail timer, state:3
11-22 23:16:51.559  1795  3659 D ActivityManager: freezer override set to true
11-22 23:16:51.571  1011  1189 I ASH     : @ 38263.775: tcs3701: stop power rail pending_off timer
11-22 23:16:51.572  1011  1189 D ASH     : @ 38263.775: tcs3701: start power rail timer, state:3
11-22 23:16:51.598 29153 31606 I BatteryMgr:DataCollectionService: stats => 1700691411598,11291,4445,5493,4169000,100
11-22 23:16:51.599 29153 29185 I BatteryMgr:DataCollectionService: stats => 1700691411599,11291,4445,5493,4169000,100
11-22 23:16:51.611  1011  1189 I ASH     : @ 38263.815: tcs3701: stop power rail pending_off timer
11-22 23:16:51.612  1011  1189 D ASH     : @ 38263.815: tcs3701: start power rail timer, state:3
11-22 23:16:51.630  9877 10350 I m.chrome.canary: Explicit concurrent copying GC freed 3584(176KB) AllocSpace objects, 3(60KB) LOS objects, 75% free, 11MB/44MB, paused 29us,22us total 37.564ms
11-22 23:16:51.644  1795  2424 D WifiClientModeImpl[13802:wlan0]: updateLinkLayerStatsRssiSpeedFrequencyCapabilities rssi=-42 TxLinkspeed=866 freq=5240 RxLinkSpeed=6
11-22 23:16:51.645  1795  2424 D WifiDataStall: tx tput in kbps: 745571
11-22 23:16:51.645  1795  2424 D WifiDataStall: rx tput in kbps: 784812
11-22 23:16:51.645  1795  2424 V WifiConfigManager: Updating scan detail cache freq=5240 BSSID=f4:6d:2f:12:cc:88 RSSI=-42 for "ourhome"WPA_PSK
11-22 23:16:51.645  2782  5906 D QCNEJ/WlanStaInfoRelay: Received action: android.net.wifi.RSSI_CHANGED
