11-23 14:09:17.170  1795  2424 D WifiClientModeImpl[13802:wlan0]:  ClientModeImpl$L2ConnectedState screen=on 17 0 "ourhome" f4:6d:2f:12:cc:88 rssi=-49 f=5240 sc=60 link=866 tx=11.0, 1.2, 0.0 rx=7.2 bcn=877519 [on:236 tx:1 rx:1 period:3018] from screen [on:55545 period:1590664] score=60
11-23 14:09:17.173  1011  1189 I ASH     : @ 91809.371: tcs3701: stop power rail pending_off timer
11-23 14:09:17.173  1011  1189 D ASH     : @ 91809.371: tcs3701: start power rail timer, state:3
11-23 14:09:17.174  1795  2424 D WifiScoreReport: Wifi scoring disabled - Notify that Wifi is usable
11-23 14:09:17.176  1795  2432 D ConnectivityService: NetReassign [no changes] [c 0] [a 0] [i 2]
11-23 14:09:17.213  1011  1189 I ASH     : @ 91809.411: tcs3701: stop power rail pending_off timer
11-23 14:09:17.213  1011  1189 D ASH     : @ 91809.411: tcs3701: start power rail timer, state:3
11-23 14:09:17.224  1795  3759 D ActivityManager: freezer override set to true
11-23 14:09:17.226  1795  3759 D ActivityManager: freezer override set to false
11-23 14:09:17.253  1011  1189 I ASH     : @ 91809.451: tcs3701: stop power rail pending_off timer
11-23 14:09:17.253  1011  1189 D ASH     : @ 91809.451: tcs3701: start power rail timer, state:3
11-23 14:09:17.260  5238  5296 I BatteryMgr:DataCollectionService: stats => 1700744957260,9155,4446,13427,4169000,100
11-23 14:09:17.268  1795  3759 D ActivityManager: freezer override set to true
11-23 14:09:17.277  1795  3759 D ActivityManager: freezer override set to false
11-23 14:09:17.293  1011  1189 I ASH     : @ 91809.491: tcs3701: stop power rail pending_off timer
11-23 14:09:17.294  1011  1189 D ASH     : @ 91809.492: tcs3701: start power rail timer, state:3
11-23 14:09:17.333  1011  1189 I ASH     : @ 91809.531: tcs3701: stop power rail pending_off timer
11-23 14:09:17.333  1011  1189 D ASH     : @ 91809.531: tcs3701: start power rail timer, state:3
11-23 14:09:17.366  5238  5296 I BatteryMgr:DataCollectionService: stats => 1700744957366,9155,4446,13427,4169000,100
11-23 14:09:17.373  1011  1189 I ASH     : @ 91809.571: tcs3701: stop power rail pending_off timer
11-23 14:09:17.373  1011  1189 D ASH     : @ 91809.571: tcs3701: start power rail timer, state:3
11-23 14:09:17.413  1011  1189 I ASH     : @ 91809.611: tcs3701: stop power rail pending_off timer
11-23 14:09:17.413  1011  1189 D ASH     : @ 91809.611: tcs3701: start power rail timer, state:3
11-23 14:09:17.454  1011  1189 I ASH     : @ 91809.651: tcs3701: stop power rail pending_off timer
11-23 14:09:17.454  1011  1189 D ASH     : @ 91809.651: tcs3701: start power rail timer, state:3
11-23 14:09:17.473  5238  5296 I BatteryMgr:DataCollectionService: stats => 1700744957472,9155,4446,13427,4169000,100
11-23 14:09:17.493  1011  1189 I ASH     : @ 91809.691: tcs3701: stop power rail pending_off timer
11-23 14:09:17.494  1011  1189 D ASH     : @ 91809.691: tcs3701: start power rail timer, state:3
11-23 14:09:17.533  1011  1189 I ASH     : @ 91809.731: tcs3701: stop power rail pending_off timer
11-23 14:09:17.533  1011  1189 D ASH     : @ 91809.731: tcs3701: start power rail timer, state:3
11-23 14:09:17.573  1011  1189 I ASH     : @ 91809.771: tcs3701: stop power rail pending_off timer
11-23 14:09:17.573  1011  1189 D ASH     : @ 91809.771: tcs3701: start power rail timer, state:3
11-23 14:09:17.578  5238  5296 I BatteryMgr:DataCollectionService: stats => 1700744957578,9155,4446,13427,4169000,100
11-23 14:09:17.613  1011  1189 I ASH     : @ 91809.811: tcs3701: stop power rail pending_off timer
11-23 14:09:17.613  1011  1189 D ASH     : @ 91809.811: tcs3701: start power rail timer, state:3
11-23 14:09:17.653  1011  1189 I ASH     : @ 91809.851: tcs3701: stop power rail pending_off timer
11-23 14:09:17.653  1011  1189 D ASH     : @ 91809.851: tcs3701: start power rail timer, state:3
11-23 14:09:17.687  5238  5296 I BatteryMgr:DataCollectionService: stats => 1700744957687,9155,4446,13427,4169000,100
11-23 14:09:17.693  1011  1189 I ASH     : @ 91809.891: tcs3701: stop power rail pending_off timer
11-23 14:09:17.693  1011  1189 D ASH     : @ 91809.891: tcs3701: start power rail timer, state:3
11-23 14:09:17.733  1011  1189 I ASH     : @ 91809.931: tcs3701: stop power rail pending_off timer
11-23 14:09:17.734  1011  1189 D ASH     : @ 91809.931: tcs3701: start power rail timer, state:3
11-23 14:09:17.773  1011  1189 I ASH     : @ 91809.971: tcs3701: stop power rail pending_off timer
11-23 14:09:17.773  1011  1189 D ASH     : @ 91809.971: tcs3701: start power rail timer, state:3
11-23 14:09:17.791  5238  5296 I BatteryMgr:DataCollectionService: stats => 1700744957791,9155,4446,13427,4169000,100
11-23 14:09:17.813  1011  1189 I ASH     : @ 91810.011: tcs3701: stop power rail pending_off timer
11-23 14:09:17.813  1011  1189 D ASH     : @ 91810.011: tcs3701: start power rail timer, state:3
11-23 14:09:17.855  2113  2118 I pixel-thermal: skin-therm-monitor: 36.855
11-23 14:09:17.855  1011  1189 I ASH     : @ 91810.051: tcs3701: stop power rail pending_off timer
11-23 14:09:17.855  1011  1189 D ASH     : @ 91810.051: tcs3701: start power rail timer, state:3
11-23 14:09:17.895  1011  1189 I ASH     : @ 91810.091: tcs3701: stop power rail pending_off timer
11-23 14:09:17.895  1011  1189 D ASH     : @ 91810.091: tcs3701: start power rail timer, state:3
11-23 14:09:17.916  5238  5296 I BatteryMgr:DataCollectionService: stats => 1700744957916,9155,4446,13427,4169000,100
11-23 14:09:17.933  1011  1189 I ASH     : @ 91810.131: tcs3701: stop power rail pending_off timer
11-23 14:09:17.933  1011  1189 D ASH     : @ 91810.131: tcs3701: start power rail timer, state:3
11-23 14:09:17.948  1039  1095 D rlsservice: MonitorDisplayStatus client num 0, display status 1, sensor status 0
11-23 14:09:17.975  1011  1189 I ASH     : @ 91810.171: tcs3701: stop power rail pending_off timer
11-23 14:09:17.976  1011  1189 D ASH     : @ 91810.171: tcs3701: start power rail timer, state:3
11-23 14:09:18.013  1011  1189 I ASH     : @ 91810.211: tcs3701: stop power rail pending_off timer
11-23 14:09:18.013  1011  1189 D ASH     : @ 91810.211: tcs3701: start power rail timer, state:3
11-23 14:09:18.026  5238  5296 I BatteryMgr:DataCollectionService: stats => 1700744958026,9155,4446,13427,4169000,100
11-23 14:09:18.053  1011  1189 I ASH     : @ 91810.251: tcs3701: stop power rail pending_off timer
11-23 14:09:18.053  1011  1189 D ASH     : @ 91810.251: tcs3701: start power rail timer, state:3
11-23 14:09:18.093  1011  1189 I ASH     : @ 91810.291: tcs3701: stop power rail pending_off timer
11-23 14:09:18.093  1011  1189 D ASH     : @ 91810.291: tcs3701: start power rail timer, state:3
11-23 14:09:18.132  5238  5296 I BatteryMgr:DataCollectionService: stats => 1700744958132,9155,4446,13427,4169000,100
11-23 14:09:18.133  1011  1189 I ASH     : @ 91810.331: tcs3701: stop power rail pending_off timer
11-23 14:09:18.133  1011  1189 D ASH     : @ 91810.331: tcs3701: start power rail timer, state:3
11-23 14:09:18.173  1011  1189 I ASH     : @ 91810.371: tcs3701: stop power rail pending_off timer
11-23 14:09:18.173  1011  1189 D ASH     : @ 91810.371: tcs3701: start power rail timer, state:3
11-23 14:09:18.213  1011  1189 I ASH     : @ 91810.411: tcs3701: stop power rail pending_off timer
11-23 14:09:18.213  1011  1189 D ASH     : @ 91810.411: tcs3701: start power rail timer, state:3
11-23 14:09:18.237  5238  5296 I BatteryMgr:DataCollectionService: stats => 1700744958237,9155,4446,13427,4169000,100
11-23 14:09:18.253  1011  1189 I ASH     : @ 91810.451: tcs3701: stop power rail pending_off timer
11-23 14:09:18.253  1011  1189 D ASH     : @ 91810.451: tcs3701: start power rail timer, state:3
11-23 14:09:18.262  1795  3759 D ActivityManager: freezer override set to true
11-23 14:09:18.273  1795  3759 D ActivityManager: freezer override set to false
11-23 14:09:18.293  1011  1189 I ASH     : @ 91810.491: tcs3701: stop power rail pending_off timer
11-23 14:09:18.293  1011  1189 D ASH     : @ 91810.491: tcs3701: start power rail timer, state:3
11-23 14:09:18.333  1011  1189 I ASH     : @ 91810.531: tcs3701: stop power rail pending_off timer
11-23 14:09:18.333  1011  1189 D ASH     : @ 91810.531: tcs3701: start power rail timer, state:3
11-23 14:09:18.341  5238  5296 I BatteryMgr:DataCollectionService: stats => 1700744958341,9155,4446,13427,4169000,100
11-23 14:09:18.373  1011  1189 I ASH     : @ 91810.571: tcs3701: stop power rail pending_off timer
11-23 14:09:18.373  1011  1189 D ASH     : @ 91810.571: tcs3701: start power rail timer, state:3
11-23 14:09:18.413  1011  1189 I ASH     : @ 91810.611: tcs3701: stop power rail pending_off timer
11-23 14:09:18.413  1011  1189 D ASH     : @ 91810.611: tcs3701: start power rail timer, state:3
11-23 14:09:18.446  1795  4162 D ActivityManager: freezer override set to true
11-23 14:09:18.446  5238  5296 I BatteryMgr:DataCollectionService: stats => 1700744958446,9155,4446,13427,4169000,100
11-23 14:09:18.453  1011  1189 I ASH     : @ 91810.651: tcs3701: stop power rail pending_off timer
11-23 14:09:18.453  1011  1189 D ASH     : @ 91810.651: tcs3701: start power rail timer, state:3
11-23 14:09:18.493  1011  1189 I ASH     : @ 91810.691: tcs3701: stop power rail pending_off timer
11-23 14:09:18.493  1011  1189 D ASH     : @ 91810.691: tcs3701: start power rail timer, state:3
11-23 14:09:18.533  1011  1189 I ASH     : @ 91810.731: tcs3701: stop power rail pending_off timer
11-23 14:09:18.533 31463 31478 I m.chrome.canary: Explicit concurrent copying GC freed 3830(192KB) AllocSpace objects, 4(80KB) LOS objects, 75% free, 12MB/48MB, paused 31us,27us total 47.622ms
11-23 14:09:18.533  1011  1189 D ASH     : @ 91810.731: tcs3701: start power rail timer, state:3
11-23 14:09:18.552  5238  5296 I BatteryMgr:DataCollectionService: stats => 1700744958552,9155,4446,13427,4169000,100
11-23 14:09:18.573  1011  1189 I ASH     : @ 91810.771: tcs3701: stop power rail pending_off timer
11-23 14:09:18.573  1011  1189 D ASH     : @ 91810.771: tcs3701: start power rail timer, state:3
11-23 14:09:18.595  1795  4162 D ActivityManager: freezer override set to false
11-23 14:09:18.613  1011  1189 I ASH     : @ 91810.811: tcs3701: stop power rail pending_off timer
11-23 14:09:18.613  1011  1189 D ASH     : @ 91810.811: tcs3701: start power rail timer, state:3
11-23 14:09:18.653  1011  1189 I ASH     : @ 91810.851: tcs3701: stop power rail pending_off timer
11-23 14:09:18.653  1011  1189 D ASH     : @ 91810.851: tcs3701: start power rail timer, state:3
11-23 14:09:18.661  5238  5296 I BatteryMgr:DataCollectionService: stats => 1700744958661,9155,4446,13427,4169000,100
11-23 14:09:18.679  1795  4162 D ActivityManager: freezer override set to true
11-23 14:09:18.690  1795  4162 D ActivityManager: freezer override set to false
11-23 14:09:18.694  1011  1189 I ASH     : @ 91810.891: tcs3701: stop power rail pending_off timer
11-23 14:09:18.694  1011  1189 D ASH     : @ 91810.891: tcs3701: start power rail timer, state:3
11-23 14:09:18.733  1011  1189 I ASH     : @ 91810.931: tcs3701: stop power rail pending_off timer
11-23 14:09:18.733  1011  1189 D ASH     : @ 91810.931: tcs3701: start power rail timer, state:3
11-23 14:09:18.772  5238  5296 I BatteryMgr:DataCollectionService: stats => 1700744958772,9155,4446,13427,4169000,100
11-23 14:09:18.773  1011  1189 I ASH     : @ 91810.971: tcs3701: stop power rail pending_off timer
11-23 14:09:18.773  1011  1189 D ASH     : @ 91810.971: tcs3701: start power rail timer, state:3
11-23 14:09:18.813  1011  1189 I ASH     : @ 91811.011: tcs3701: stop power rail pending_off timer
11-23 14:09:18.813  1011  1189 D ASH     : @ 91811.011: tcs3701: start power rail timer, state:3
11-23 14:09:18.853  1011  1189 I ASH     : @ 91811.051: tcs3701: stop power rail pending_off timer
11-23 14:09:18.853  1011  1189 D ASH     : @ 91811.051: tcs3701: start power rail timer, state:3
11-23 14:09:18.877  5238  5296 I BatteryMgr:DataCollectionService: stats => 1700744958877,9155,4446,13427,4169000,100
11-23 14:09:18.893  1011  1189 I ASH     : @ 91811.091: tcs3701: stop power rail pending_off timer
11-23 14:09:18.893  1011  1189 D ASH     : @ 91811.091: tcs3701: start power rail timer, state:3
11-23 14:09:18.933  1011  1189 I ASH     : @ 91811.131: tcs3701: stop power rail pending_off timer
11-23 14:09:18.934  1011  1189 D ASH     : @ 91811.131: tcs3701: start power rail timer, state:3
11-23 14:09:18.973  1011  1189 I ASH     : @ 91811.171: tcs3701: stop power rail pending_off timer
11-23 14:09:18.973  1011  1189 D ASH     : @ 91811.171: tcs3701: start power rail timer, state:3
11-23 14:09:18.984  5238  5296 I BatteryMgr:DataCollectionService: stats => 1700744958984,9155,4446,13427,4169000,100
11-23 14:09:19.013  1011  1189 I ASH     : @ 91811.211: tcs3701: stop power rail pending_off timer
11-23 14:09:19.013  1011  1189 D ASH     : @ 91811.212: tcs3701: start power rail timer, state:3
11-23 14:09:19.053  1011  1189 I ASH     : @ 91811.251: tcs3701: stop power rail pending_off timer
11-23 14:09:19.053  1011  1189 D ASH     : @ 91811.251: tcs3701: start power rail timer, state:3
11-23 14:09:19.089  5238  5296 I BatteryMgr:DataCollectionService: stats => 1700744959089,9155,4446,13427,4169000,100
11-23 14:09:19.093  1011  1189 I ASH     : @ 91811.291: tcs3701: stop power rail pending_off timer
11-23 14:09:19.093  1011  1189 D ASH     : @ 91811.291: tcs3701: start power rail timer, state:3
11-23 14:09:19.133  1011  1189 I ASH     : @ 91811.331: tcs3701: stop power rail pending_off timer
11-23 14:09:19.133  1011  1189 D ASH     : @ 91811.331: tcs3701: start power rail timer, state:3
11-23 14:09:19.173  1011  1189 I ASH     : @ 91811.371: tcs3701: stop power rail pending_off timer
11-23 14:09:19.173  1011  1189 D ASH     : @ 91811.371: tcs3701: start power rail timer, state:3
11-23 14:09:19.195  5238  5296 I BatteryMgr:DataCollectionService: stats => 1700744959195,9155,4446,13427,4169000,100
11-23 14:09:19.213  1011  1189 I ASH     : @ 91811.411: tcs3701: stop power rail pending_off timer
11-23 14:09:19.213  1011  1189 D ASH     : @ 91811.411: tcs3701: start power rail timer, state:3
11-23 14:09:19.242  1795  4162 D ActivityManager: freezer override set to true
11-23 14:09:19.250  1795  4162 D ActivityManager: freezer override set to false
11-23 14:09:19.253  1011  1189 I ASH     : @ 91811.451: tcs3701: stop power rail pending_off timer
11-23 14:09:19.253  1011  1189 D ASH     : @ 91811.451: tcs3701: start power rail timer, state:3
11-23 14:09:19.293  1011  1189 I ASH     : @ 91811.491: tcs3701: stop power rail pending_off timer
11-23 14:09:19.293  1011  1189 D ASH     : @ 91811.491: tcs3701: start power rail timer, state:3
11-23 14:09:19.301  5238  5296 I BatteryMgr:DataCollectionService: stats => 1700744959300,9155,4446,13427,4169000,100
11-23 14:09:19.333  1011  1189 I ASH     : @ 91811.531: tcs3701: stop power rail pending_off timer
11-23 14:09:19.333  1011  1189 D ASH     : @ 91811.531: tcs3701: start power rail timer, state:3
11-23 14:09:19.360 31463 31524 W chromium: [WARNING:ev_root_ca_metadata.cc(119)] Not implemented
11-23 14:09:19.360 31463 31524 W chromium: [WARNING:ev_root_ca_metadata.cc(119)] Not implemented
11-23 14:09:19.373  1011  1189 I ASH     : @ 91811.571: tcs3701: stop power rail pending_off timer
11-23 14:09:19.373  1011  1189 D ASH     : @ 91811.571: tcs3701: start power rail timer, state:3
11-23 14:09:19.406  5238  5296 I BatteryMgr:DataCollectionService: stats => 1700744959406,9155,4446,13427,4169000,100
11-23 14:09:19.413  1011  1189 I ASH     : @ 91811.611: tcs3701: stop power rail pending_off timer
11-23 14:09:19.413  1011  1189 D ASH     : @ 91811.611: tcs3701: start power rail timer, state:3
11-23 14:09:19.453  1011  1189 I ASH     : @ 91811.651: tcs3701: stop power rail pending_off timer
11-23 14:09:19.453  1011  1189 D ASH     : @ 91811.651: tcs3701: start power rail timer, state:3
11-23 14:09:19.493  1011  1189 I ASH     : @ 91811.691: tcs3701: stop power rail pending_off timer
11-23 14:09:19.493  1011  1189 D ASH     : @ 91811.691: tcs3701: start power rail timer, state:3
11-23 14:09:19.513  5238  5296 I BatteryMgr:DataCollectionService: stats => 1700744959513,9155,4446,13427,4169000,100
11-23 14:09:19.533  1011  1189 I ASH     : @ 91811.731: tcs3701: stop power rail pending_off timer
11-23 14:09:19.533  1011  1189 D ASH     : @ 91811.731: tcs3701: start power rail timer, state:3
11-23 14:09:19.573  1011  1189 I ASH     : @ 91811.771: tcs3701: stop power rail pending_off timer
11-23 14:09:19.573  1011  1189 D ASH     : @ 91811.771: tcs3701: start power rail timer, state:3
11-23 14:09:19.613  1011  1189 I ASH     : @ 91811.811: tcs3701: stop power rail pending_off timer
11-23 14:09:19.613  1011  1189 D ASH     : @ 91811.811: tcs3701: start power rail timer, state:3
11-23 14:09:19.618  5238  5296 I BatteryMgr:DataCollectionService: stats => 1700744959618,9155,4446,13427,4169000,100
11-23 14:09:19.653  1011  1189 I ASH     : @ 91811.851: tcs3701: stop power rail pending_off timer
11-23 14:09:19.653  1011  1189 D ASH     : @ 91811.851: tcs3701: start power rail timer, state:3
11-23 14:09:19.693  1011  1189 I ASH     : @ 91811.891: tcs3701: stop power rail pending_off timer
11-23 14:09:19.693  1011  1189 D ASH     : @ 91811.891: tcs3701: start power rail timer, state:3
11-23 14:09:19.721  5238  5296 I BatteryMgr:DataCollectionService: stats => 1700744959721,9155,4446,13427,4169000,100
11-23 14:09:19.733  1011  1189 I ASH     : @ 91811.931: tcs3701: stop power rail pending_off timer
11-23 14:09:19.733  1011  1189 D ASH     : @ 91811.931: tcs3701: start power rail timer, state:3
11-23 14:09:19.773  1011  1189 I ASH     : @ 91811.971: tcs3701: stop power rail pending_off timer
11-23 14:09:19.773  1011  1189 D ASH     : @ 91811.971: tcs3701: start power rail timer, state:3
11-23 14:09:19.813  1011  1189 I ASH     : @ 91812.011: tcs3701: stop power rail pending_off timer
11-23 14:09:19.813  1011  1189 D ASH     : @ 91812.011: tcs3701: start power rail timer, state:3
11-23 14:09:19.826  5238  5296 I BatteryMgr:DataCollectionService: stats => 1700744959826,9155,4446,13427,4169000,100
11-23 14:09:19.853  1011  1189 I ASH     : @ 91812.051: tcs3701: stop power rail pending_off timer
11-23 14:09:19.854  1011  1189 D ASH     : @ 91812.051: tcs3701: start power rail timer, state:3
11-23 14:09:19.859  2113  2118 I pixel-thermal: skin-therm-monitor: 36.848
11-23 14:09:19.881  1411  1514 D Diag_Lib: diag: In log_to_device, File count reached max file num 50 so deleting oldest file
11-23 14:09:19.885  1411  1514 D Diag_Lib: diag: In delete_log, Deleting logfile /data/vendor/radio/diag_logs/logs/diag_log_20231123_1317361700741856961.qmdl2 of size 5170 KB
11-23 14:09:19.886  1411  1514 D Diag_Lib:  creating new file /data/vendor/radio/diag_logs/logs/diag_log_20231123_1409191700744959886.qmdl2 
11-23 14:09:19.893  1795  4162 D ActivityManager: freezer override set to true
11-23 14:09:19.893  1011  1189 I ASH     : @ 91812.091: tcs3701: stop power rail pending_off timer
11-23 14:09:19.893  1011  1189 D ASH     : @ 91812.091: tcs3701: start power rail timer, state:3
11-23 14:09:19.930  5238  5296 I BatteryMgr:DataCollectionService: stats => 1700744959930,9155,4446,13427,4169000,100
11-23 14:09:19.933  1011  1189 I ASH     : @ 91812.131: tcs3701: stop power rail pending_off timer
11-23 14:09:19.933  1011  1189 D ASH     : @ 91812.131: tcs3701: start power rail timer, state:3
11-23 14:09:19.973  1011  1189 I ASH     : @ 91812.171: tcs3701: stop power rail pending_off timer
11-23 14:09:19.973  1011  1189 D ASH     : @ 91812.171: tcs3701: start power rail timer, state:3
11-23 14:09:19.983 31463 31478 I m.chrome.canary: Explicit concurrent copying GC freed 3618(177KB) AllocSpace objects, 3(60KB) LOS objects, 75% free, 12MB/48MB, paused 34us,25us total 48.821ms
11-23 14:09:20.014  1011  1189 I ASH     : @ 91812.211: tcs3701: stop power rail pending_off timer
11-23 14:09:20.014  1011  1189 D ASH     : @ 91812.211: tcs3701: start power rail timer, state:3
11-23 14:09:20.038  5238  5296 I BatteryMgr:DataCollectionService: stats => 1700744960038,9155,4446,13427,4169000,100
11-23 14:09:20.045  1795  4162 D ActivityManager: freezer override set to false
11-23 14:09:20.053  1011  1189 I ASH     : @ 91812.251: tcs3701: stop power rail pending_off timer
11-23 14:09:20.053  1011  1189 D ASH     : @ 91812.251: tcs3701: start power rail timer, state:3
11-23 14:09:20.088  1795  4162 D ActivityManager: freezer override set to true
11-23 14:09:20.091  1795  4162 D ActivityManager: freezer override set to false
11-23 14:09:20.094  1011  1189 I ASH     : @ 91812.291: tcs3701: stop power rail pending_off timer
11-23 14:09:20.094  1011  1189 D ASH     : @ 91812.291: tcs3701: start power rail timer, state:3
11-23 14:09:20.133  1011  1189 I ASH     : @ 91812.331: tcs3701: stop power rail pending_off timer
11-23 14:09:20.133  1011  1189 D ASH     : @ 91812.331: tcs3701: start power rail timer, state:3
11-23 14:09:20.144  5238  5296 I BatteryMgr:DataCollectionService: stats => 1700744960144,9155,4446,13427,4169000,100
11-23 14:09:20.173  1011  1189 I ASH     : @ 91812.371: tcs3701: stop power rail pending_off timer
11-23 14:09:20.173  1011  1189 D ASH     : @ 91812.371: tcs3701: start power rail timer, state:3
11-23 14:09:20.183  1795  2424 D WifiClientModeImpl[13802:wlan0]: updateLinkLayerStatsRssiSpeedFrequencyCapabilities rssi=-49 TxLinkspeed=780 freq=5240 RxLinkSpeed=866
11-23 14:09:20.183  1795  2424 D WifiDataStall: tx tput in kbps: 751999
11-23 14:09:20.183  1795  2424 D WifiDataStall: rx tput in kbps: 791578
11-23 14:09:20.183  1795  2424 V WifiConfigManager: Updating scan detail cache freq=5240 BSSID=f4:6d:2f:12:cc:88 RSSI=-48 for "ourhome"WPA_PSK
11-23 14:09:20.183  1795  2424 D WifiChannelUtilization:  freq: 5240 onTime: 2724016 busyTime: 245382 onTimeDiff: 2723721 busyTimeDiff: 245365 utilization: 22 utilization t0: 22
11-23 14:09:20.184  1795  2424 D WifiDataStall:  ccaLevel = 22
11-23 14:09:20.184  1795  2424 D WifiDataStall: L2 txTputKbps: 563245, rxTputKbps: 791578, L3 txTputKbps: 13, rxTputKbps: 43, TxTrafficHigh: true, RxTrafficHigh: true, Throughput Sufficient: true
11-23 14:09:20.184  3213  8092 V WifiManager: OnWifiUsabilityStatsListener: onWifiUsabilityStats: seqNum=30299
11-23 14:09:20.184  1795  2424 D WifiScoreReport: Wifi scoring disabled - Don't check IP layer
11-23 14:09:20.184  1795  2424 D WifiScoreCard: BSSID update SIGNAL_POLL ID: 1320464697 SSID: "ourhome", BSSID: f4:6d:2f:12:cc:88, MAC: b2:2f:ec:da:4a:0c, IP: /192.168.1.104, Security type: 2, Supplicant state: COMPLETED, Wi-Fi standard: 5, RSSI: -49, Link speed: 780Mbps, Tx Link speed: 780Mbps, Max Supported Tx Link speed: 866Mbps, Rx Link speed: 866Mbps, Max Supported Rx Link speed: 866Mbps, Frequency: 5240MHz, Net ID: 12, Metered hint: false, score: 60, isUsable: true, CarrierMerged: false, SubscriptionId: -1, IsPrimary: 1, Trusted: true, Restricted: false, Ephemeral: false, OEM paid: false, OEM private: false, OSU AP: false, FQDN: <none>, Provider friendly name: <none>, Requesting package name: <none>"ourhome"wpa2-pskMLO Information: , Is TID-To-Link negotiation supported by the AP: false, AP MLD Address: <none>, AP MLO Link Id: <none>, AP MLO Affiliated links: <none>
11-23 14:09:20.184  1795  2424 D WifiScoreCard: txRate: 11 txSpeed: 780
11-23 14:09:20.184  1795  2424 D WifiScoreCard: network update SIGNAL_POLL "ourhome" ID: 1499892569 RSSI -49 txSpeed 780
11-23 14:09:20.184  1795  4162 I WifiService: updateWifiUsabilityScore uid=10180 seqNum=30299 score=100 predictionHorizonSec=1441795
11-23 14:09:20.185  1795  2424 D WifiClientModeImpl[13802:wlan0]:  ClientModeImpl$L2ConnectedState screen=on 17 0 "ourhome" f4:6d:2f:12:cc:88 rssi=-49 f=5240 sc=60 link=780 tx=8.6, 1.7, 0.0 rx=6.0 bcn=877548 [on:286 tx:4 rx:2 period:3015] from screen [on:55831 period:1593679] score=60
11-23 14:09:20.185  1795  2424 D WifiScoreReport: Wifi scoring disabled - Notify that Wifi is usable
11-23 14:09:20.187  1795  2432 D ConnectivityService: NetReassign [no changes] [c 0] [a 0] [i 2]
11-23 14:09:20.213  1011  1189 I ASH     : @ 91812.411: tcs3701: stop power rail pending_off timer
11-23 14:09:20.214  1011  1189 D ASH     : @ 91812.411: tcs3701: start power rail timer, state:3
11-23 14:09:20.242  1795  4162 D ActivityManager: freezer override set to true
11-23 14:09:20.247  1795  4162 D ActivityManager: freezer override set to false
11-23 14:09:20.253  5238  5296 I BatteryMgr:DataCollectionService: stats => 1700744960253,9155,4446,13427,4169000,100
11-23 14:09:20.253  1011  1189 I ASH     : @ 91812.451: tcs3701: stop power rail pending_off timer
11-23 14:09:20.253  1011  1189 D ASH     : @ 91812.451: tcs3701: start power rail timer, state:3
11-23 14:09:20.293  1011  1189 I ASH     : @ 91812.491: tcs3701: stop power rail pending_off timer
11-23 14:09:20.293  1011  1189 D ASH     : @ 91812.491: tcs3701: start power rail timer, state:3
11-23 14:09:20.333  1011  1189 I ASH     : @ 91812.531: tcs3701: stop power rail pending_off timer
11-23 14:09:20.333  1011  1189 D ASH     : @ 91812.531: tcs3701: start power rail timer, state:3
11-23 14:09:20.361  5238  5296 I BatteryMgr:DataCollectionService: stats => 1700744960361,9155,4446,13427,4169000,100
11-23 14:09:20.373  1011  1189 I ASH     : @ 91812.571: tcs3701: stop power rail pending_off timer
11-23 14:09:20.373  1011  1189 D ASH     : @ 91812.571: tcs3701: start power rail timer, state:3
11-23 14:09:20.414  1011  1189 I ASH     : @ 91812.611: tcs3701: stop power rail pending_off timer
11-23 14:09:20.414  1011  1189 D ASH     : @ 91812.611: tcs3701: start power rail timer, state:3
11-23 14:09:20.453  1011  1189 I ASH     : @ 91812.651: tcs3701: stop power rail pending_off timer
11-23 14:09:20.453  1011  1189 D ASH     : @ 91812.651: tcs3701: start power rail timer, state:3
11-23 14:09:20.465  5238  5296 I BatteryMgr:DataCollectionService: stats => 1700744960465,9155,4446,13427,4169000,100
11-23 14:09:20.493  1011  1189 I ASH     : @ 91812.691: tcs3701: stop power rail pending_off timer
11-23 14:09:20.493  1011  1189 D ASH     : @ 91812.691: tcs3701: start power rail timer, state:3
11-23 14:09:20.533  1011  1189 I ASH     : @ 91812.731: tcs3701: stop power rail pending_off timer
11-23 14:09:20.533  1011  1189 D ASH     : @ 91812.731: tcs3701: start power rail timer, state:3
11-23 14:09:20.572  5238  5296 I BatteryMgr:DataCollectionService: stats => 1700744960572,9155,4446,13427,4169000,100
11-23 14:09:20.573  1011  1189 I ASH     : @ 91812.771: tcs3701: stop power rail pending_off timer
11-23 14:09:20.573  1011  1189 D ASH     : @ 91812.771: tcs3701: start power rail timer, state:3
11-23 14:09:20.578  1011  1189 D ASH     : @ 91812.776: AP has been up: last 91512761316, now 91812775941 usec
11-23 14:09:20.613  1011  1189 I ASH     : @ 91812.811: tcs3701: stop power rail pending_off timer
11-23 14:09:20.613  1011  1189 D ASH     : @ 91812.811: tcs3701: start power rail timer, state:3
11-23 14:09:20.653  1011  1189 I ASH     : @ 91812.851: tcs3701: stop power rail pending_off timer
11-23 14:09:20.653  1011  1189 D ASH     : @ 91812.851: tcs3701: start power rail timer, state:3
11-23 14:09:20.679  5238  5296 I BatteryMgr:DataCollectionService: stats => 1700744960679,9155,4446,13427,4169000,100
11-23 14:09:20.693  1011  1189 I ASH     : @ 91812.891: tcs3701: stop power rail pending_off timer
11-23 14:09:20.693  1011  1189 D ASH     : @ 91812.891: tcs3701: start power rail timer, state:3
11-23 14:09:20.734  1011  1189 I ASH     : @ 91812.931: tcs3701: stop power rail pending_off timer
11-23 14:09:20.734  1011  1189 D ASH     : @ 91812.931: tcs3701: start power rail timer, state:3
11-23 14:09:20.773  1011  1189 I ASH     : @ 91812.971: tcs3701: stop power rail pending_off timer
11-23 14:09:20.773  1011  1189 D ASH     : @ 91812.971: tcs3701: start power rail timer, state:3
11-23 14:09:20.784  5238  5296 I BatteryMgr:DataCollectionService: stats => 1700744960784,9155,4446,13427,4169000,100
11-23 14:09:20.813  1011  1189 I ASH     : @ 91813.011: tcs3701: stop power rail pending_off timer
11-23 14:09:20.813  1011  1189 D ASH     : @ 91813.011: tcs3701: start power rail timer, state:3
11-23 14:09:20.853  1011  1189 I ASH     : @ 91813.051: tcs3701: stop power rail pending_off timer
11-23 14:09:20.853  1011  1189 D ASH     : @ 91813.051: tcs3701: start power rail timer, state:3
11-23 14:09:20.888  5238  5296 I BatteryMgr:DataCollectionService: stats => 1700744960888,9155,4446,13427,4169000,100
11-23 14:09:20.893  1011  1189 I ASH     : @ 91813.091: tcs3701: stop power rail pending_off timer
11-23 14:09:20.893  1011  1189 D ASH     : @ 91813.091: tcs3701: start power rail timer, state:3
11-23 14:09:20.934  1011  1189 I ASH     : @ 91813.131: tcs3701: stop power rail pending_off timer
11-23 14:09:20.934  1011  1189 D ASH     : @ 91813.131: tcs3701: start power rail timer, state:3
11-23 14:09:20.973  1011  1189 I ASH     : @ 91813.171: tcs3701: stop power rail pending_off timer
11-23 14:09:20.973  1011  1189 D ASH     : @ 91813.171: tcs3701: start power rail timer, state:3
11-23 14:09:20.995  5238  5296 I BatteryMgr:DataCollectionService: stats => 1700744960995,9155,4446,13427,4169000,100
11-23 14:09:21.013  1011  1189 I ASH     : @ 91813.211: tcs3701: stop power rail pending_off timer
11-23 14:09:21.013  1011  1189 D ASH     : @ 91813.211: tcs3701: start power rail timer, state:3
11-23 14:09:21.054  1011  1189 I ASH     : @ 91813.251: tcs3701: stop power rail pending_off timer
11-23 14:09:21.054  1011  1189 D ASH     : @ 91813.251: tcs3701: start power rail timer, state:3
11-23 14:09:21.093  1011  1189 I ASH     : @ 91813.291: tcs3701: stop power rail pending_off timer
11-23 14:09:21.093  1011  1189 D ASH     : @ 91813.291: tcs3701: start power rail timer, state:3
11-23 14:09:21.099  5238  5296 I BatteryMgr:DataCollectionService: stats => 1700744961099,9155,4446,13427,4169000,100
11-23 14:09:21.134  1011  1189 I ASH     : @ 91813.331: tcs3701: stop power rail pending_off timer
11-23 14:09:21.134  1011  1189 D ASH     : @ 91813.331: tcs3701: start power rail timer, state:3
11-23 14:09:21.173  1011  1189 I ASH     : @ 91813.371: tcs3701: stop power rail pending_off timer
11-23 14:09:21.173  1011  1189 D ASH     : @ 91813.371: tcs3701: start power rail timer, state:3
11-23 14:09:21.208  5238  5296 I BatteryMgr:DataCollectionService: stats => 1700744961208,9155,4446,13427,4169000,100
11-23 14:09:21.213  1011  1189 I ASH     : @ 91813.411: tcs3701: stop power rail pending_off timer
11-23 14:09:21.213  1011  1189 D ASH     : @ 91813.411: tcs3701: start power rail timer, state:3
11-23 14:09:21.244  1795  4162 D ActivityManager: freezer override set to true
11-23 14:09:21.253  1011  1189 I ASH     : @ 91813.451: tcs3701: stop power rail pending_off timer
11-23 14:09:21.253  1011  1189 D ASH     : @ 91813.451: tcs3701: start power rail timer, state:3
11-23 14:09:21.293  1011  1189 I ASH     : @ 91813.491: tcs3701: stop power rail pending_off timer
11-23 14:09:21.294  1011  1189 D ASH     : @ 91813.491: tcs3701: start power rail timer, state:3
11-23 14:09:21.312  5238  5296 I BatteryMgr:DataCollectionService: stats => 1700744961312,9155,4446,13427,4169000,100
11-23 14:09:21.333  1011  1189 I ASH     : @ 91813.531: tcs3701: stop power rail pending_off timer
11-23 14:09:21.333  1011  1189 D ASH     : @ 91813.531: tcs3701: start power rail timer, state:3
11-23 14:09:21.338 31463 31478 I m.chrome.canary: Explicit concurrent copying GC freed 3961(207KB) AllocSpace objects, 6(184KB) LOS objects, 75% free, 12MB/48MB, paused 113us,26us total 53.638ms
11-23 14:09:21.373  1011  1189 I ASH     : @ 91813.571: tcs3701: stop power rail pending_off timer
11-23 14:09:21.373  1011  1189 D ASH     : @ 91813.571: tcs3701: start power rail timer, state:3
11-23 14:09:21.399  1795  4162 D ActivityManager: freezer override set to false
11-23 14:09:21.414  1011  1189 I ASH     : @ 91813.611: tcs3701: stop power rail pending_off timer
11-23 14:09:21.414  1011  1189 D ASH     : @ 91813.611: tcs3701: start power rail timer, state:3
11-23 14:09:21.418  5238  5296 I BatteryMgr:DataCollectionService: stats => 1700744961418,9155,4446,13427,4169000,100
11-23 14:09:21.447  1795  4162 D ActivityManager: freezer override set to true
11-23 14:09:21.450  1795  4162 D ActivityManager: freezer override set to false
11-23 14:09:21.453  1011  1189 I ASH     : @ 91813.651: tcs3701: stop power rail pending_off timer
11-23 14:09:21.453  1011  1189 D ASH     : @ 91813.651: tcs3701: start power rail timer, state:3
11-23 14:09:21.493  1011  1189 I ASH     : @ 91813.691: tcs3701: stop power rail pending_off timer
11-23 14:09:21.493  1011  1189 D ASH     : @ 91813.691: tcs3701: start power rail timer, state:3
11-23 14:09:21.521  5238  5296 I BatteryMgr:DataCollectionService: stats => 1700744961521,9155,4446,13427,4169000,100
11-23 14:09:21.533  1011  1189 I ASH     : @ 91813.731: tcs3701: stop power rail pending_off timer
11-23 14:09:21.533  1011  1189 D ASH     : @ 91813.731: tcs3701: start power rail timer, state:3
11-23 14:09:21.573  1011  1189 I ASH     : @ 91813.771: tcs3701: stop power rail pending_off timer
11-23 14:09:21.573  1011  1189 D ASH     : @ 91813.771: tcs3701: start power rail timer, state:3
11-23 14:09:21.613  1011  1189 I ASH     : @ 91813.811: tcs3701: stop power rail pending_off timer
11-23 14:09:21.613  1011  1189 D ASH     : @ 91813.811: tcs3701: start power rail timer, state:3
11-23 14:09:21.627  5238  5296 I BatteryMgr:DataCollectionService: stats => 1700744961627,9155,4446,13427,4169000,100
11-23 14:09:21.653  1011  1189 I ASH     : @ 91813.851: tcs3701: stop power rail pending_off timer
11-23 14:09:21.653  1011  1189 D ASH     : @ 91813.851: tcs3701: start power rail timer, state:3
11-23 14:09:21.694  1011  1189 I ASH     : @ 91813.891: tcs3701: stop power rail pending_off timer
11-23 14:09:21.694  1011  1189 D ASH     : @ 91813.891: tcs3701: start power rail timer, state:3
11-23 14:09:21.732  5238  5296 I BatteryMgr:DataCollectionService: stats => 1700744961732,9155,4446,13427,4169000,100
11-23 14:09:21.733  1011  1189 I ASH     : @ 91813.931: tcs3701: stop power rail pending_off timer
11-23 14:09:21.733  1011  1189 D ASH     : @ 91813.931: tcs3701: start power rail timer, state:3
11-23 14:09:21.773  1011  1189 I ASH     : @ 91813.971: tcs3701: stop power rail pending_off timer
11-23 14:09:21.773  1011  1189 D ASH     : @ 91813.971: tcs3701: start power rail timer, state:3
11-23 14:09:21.813  1011  1189 I ASH     : @ 91814.011: tcs3701: stop power rail pending_off timer
11-23 14:09:21.814  1011  1189 D ASH     : @ 91814.011: tcs3701: start power rail timer, state:3
11-23 14:09:21.836  5238  5296 I BatteryMgr:DataCollectionService: stats => 1700744961836,9155,4446,13427,4169000,100
11-23 14:09:21.853  1011  1189 I ASH     : @ 91814.051: tcs3701: stop power rail pending_off timer
11-23 14:09:21.853  1011  1189 D ASH     : @ 91814.051: tcs3701: start power rail timer, state:3
11-23 14:09:21.862  2113  2118 I pixel-thermal: skin-therm-monitor: 36.845
11-23 14:09:21.893  1011  1189 I ASH     : @ 91814.091: tcs3701: stop power rail pending_off timer
11-23 14:09:21.893  1011  1189 D ASH     : @ 91814.091: tcs3701: start power rail timer, state:3
11-23 14:09:21.933  1011  1189 I ASH     : @ 91814.131: tcs3701: stop power rail pending_off timer
11-23 14:09:21.933  1011  1189 D ASH     : @ 91814.131: tcs3701: start power rail timer, state:3
11-23 14:09:21.941  5238  5296 I BatteryMgr:DataCollectionService: stats => 1700744961941,9155,4446,13427,4169000,100
11-23 14:09:21.974  1011  1189 I ASH     : @ 91814.171: tcs3701: stop power rail pending_off timer
11-23 14:09:21.974  1011  1189 D ASH     : @ 91814.171: tcs3701: start power rail timer, state:3
11-23 14:09:22.014  1011  1189 I ASH     : @ 91814.211: tcs3701: stop power rail pending_off timer
11-23 14:09:22.014  1011  1189 D ASH     : @ 91814.211: tcs3701: start power rail timer, state:3
11-23 14:09:22.046  5238  5296 I BatteryMgr:DataCollectionService: stats => 1700744962046,9155,4446,13427,4169000,100
11-23 14:09:22.053  1011  1189 I ASH     : @ 91814.251: tcs3701: stop power rail pending_off timer
11-23 14:09:22.053  1011  1189 D ASH     : @ 91814.251: tcs3701: start power rail timer, state:3
11-23 14:09:22.094  1011  1189 I ASH     : @ 91814.291: tcs3701: stop power rail pending_off timer
11-23 14:09:22.094  1011  1189 D ASH     : @ 91814.291: tcs3701: start power rail timer, state:3
11-23 14:09:22.133  1011  1189 I ASH     : @ 91814.331: tcs3701: stop power rail pending_off timer
11-23 14:09:22.133  1011  1189 D ASH     : @ 91814.331: tcs3701: start power rail timer, state:3
11-23 14:09:22.152  5238  5296 I BatteryMgr:DataCollectionService: stats => 1700744962152,9155,4446,13427,4169000,100
11-23 14:09:22.173  1011  1189 I ASH     : @ 91814.371: tcs3701: stop power rail pending_off timer
11-23 14:09:22.174  1011  1189 D ASH     : @ 91814.371: tcs3701: start power rail timer, state:3
11-23 14:09:22.213  1011  1189 I ASH     : @ 91814.411: tcs3701: stop power rail pending_off timer
11-23 14:09:22.213  1011  1189 D ASH     : @ 91814.411: tcs3701: start power rail timer, state:3
11-23 14:09:22.253  1011  1189 I ASH     : @ 91814.451: tcs3701: stop power rail pending_off timer
11-23 14:09:22.253  1011  1189 D ASH     : @ 91814.451: tcs3701: start power rail timer, state:3
11-23 14:09:22.256  1795  3759 D ActivityManager: freezer override set to true
11-23 14:09:22.257  5238  5296 I BatteryMgr:DataCollectionService: stats => 1700744962257,9155,4446,13427,4169000,100
11-23 14:09:22.261  1795  3759 D ActivityManager: freezer override set to false
11-23 14:09:22.293  1011  1189 I ASH     : @ 91814.491: tcs3701: stop power rail pending_off timer
11-23 14:09:22.293  1011  1189 D ASH     : @ 91814.491: tcs3701: start power rail timer, state:3
11-23 14:09:22.333  1011  1189 I ASH     : @ 91814.531: tcs3701: stop power rail pending_off timer
11-23 14:09:22.333  1011  1189 D ASH     : @ 91814.531: tcs3701: start power rail timer, state:3
11-23 14:09:22.362  5238  5296 I BatteryMgr:DataCollectionService: stats => 1700744962362,9155,4446,13427,4169000,100
11-23 14:09:22.373  1011  1189 I ASH     : @ 91814.571: tcs3701: stop power rail pending_off timer
11-23 14:09:22.373  1011  1189 D ASH     : @ 91814.571: tcs3701: start power rail timer, state:3
11-23 14:09:22.413  1011  1189 I ASH     : @ 91814.611: tcs3701: stop power rail pending_off timer
11-23 14:09:22.413  1011  1189 D ASH     : @ 91814.611: tcs3701: start power rail timer, state:3
11-23 14:09:22.453  1011  1189 I ASH     : @ 91814.651: tcs3701: stop power rail pending_off timer
11-23 14:09:22.453  1011  1189 D ASH     : @ 91814.651: tcs3701: start power rail timer, state:3
11-23 14:09:22.467  5238  5296 I BatteryMgr:DataCollectionService: stats => 1700744962467,9155,4446,13427,4169000,100
11-23 14:09:22.493  1011  1189 I ASH     : @ 91814.691: tcs3701: stop power rail pending_off timer
11-23 14:09:22.493  1011  1189 D ASH     : @ 91814.691: tcs3701: start power rail timer, state:3
11-23 14:09:22.533  1011  1189 I ASH     : @ 91814.731: tcs3701: stop power rail pending_off timer
11-23 14:09:22.533  1011  1189 D ASH     : @ 91814.731: tcs3701: start power rail timer, state:3
11-23 14:09:22.572  5238  5296 I BatteryMgr:DataCollectionService: stats => 1700744962572,9155,4446,13427,4169000,100
11-23 14:09:22.574  1011  1189 I ASH     : @ 91814.771: tcs3701: stop power rail pending_off timer
11-23 14:09:22.574  1011  1189 D ASH     : @ 91814.771: tcs3701: start power rail timer, state:3
11-23 14:09:22.593  1795  3759 D ActivityManager: freezer override set to true
11-23 14:09:22.613  1011  1189 I ASH     : @ 91814.811: tcs3701: stop power rail pending_off timer
11-23 14:09:22.613  1011  1189 D ASH     : @ 91814.811: tcs3701: start power rail timer, state:3
11-23 14:09:22.653  1011  1189 I ASH     : @ 91814.851: tcs3701: stop power rail pending_off timer
11-23 14:09:22.653  1011  1189 D ASH     : @ 91814.851: tcs3701: start power rail timer, state:3
11-23 14:09:22.675 31463 31478 I m.chrome.canary: Explicit concurrent copying GC freed 3600(176KB) AllocSpace objects, 3(60KB) LOS objects, 75% free, 12MB/48MB, paused 29us,26us total 46.954ms
11-23 14:09:22.678  5238  5296 I BatteryMgr:DataCollectionService: stats => 1700744962678,9155,4446,13427,4169000,100
11-23 14:09:22.693  1011  1189 I ASH     : @ 91814.891: tcs3701: stop power rail pending_off timer
11-23 14:09:22.693  1011  1189 D ASH     : @ 91814.891: tcs3701: start power rail timer, state:3
11-23 14:09:22.733  1011  1189 I ASH     : @ 91814.931: tcs3701: stop power rail pending_off timer
11-23 14:09:22.733  1011  1189 D ASH     : @ 91814.931: tcs3701: start power rail timer, state:3
11-23 14:09:22.735  1795  3759 D ActivityManager: freezer override set to false
11-23 14:09:22.774  1011  1189 I ASH     : @ 91814.971: tcs3701: stop power rail pending_off timer
11-23 14:09:22.774  1011  1189 D ASH     : @ 91814.972: tcs3701: start power rail timer, state:3
11-23 14:09:22.789  5238  5296 I BatteryMgr:DataCollectionService: stats => 1700744962788,9155,4446,13427,4169000,100
11-23 14:09:22.790  1795  3759 D ActivityManager: freezer override set to true
11-23 14:09:22.800  1795  3759 D ActivityManager: freezer override set to false
11-23 14:09:22.813  1011  1189 I ASH     : @ 91815.011: tcs3701: stop power rail pending_off timer
11-23 14:09:22.813  1011  1189 D ASH     : @ 91815.011: tcs3701: start power rail timer, state:3
11-23 14:09:22.854  1011  1189 I ASH     : @ 91815.051: tcs3701: stop power rail pending_off timer
11-23 14:09:22.854  1011  1189 D ASH     : @ 91815.051: tcs3701: start power rail timer, state:3
11-23 14:09:22.893  5238  5296 I BatteryMgr:DataCollectionService: stats => 1700744962893,9155,4446,13427,4169000,100
11-23 14:09:22.893  1011  1189 I ASH     : @ 91815.091: tcs3701: stop power rail pending_off timer
11-23 14:09:22.893  1011  1189 D ASH     : @ 91815.091: tcs3701: start power rail timer, state:3
11-23 14:09:22.933  1011  1189 I ASH     : @ 91815.131: tcs3701: stop power rail pending_off timer
11-23 14:09:22.933  1011  1189 D ASH     : @ 91815.131: tcs3701: start power rail timer, state:3
11-23 14:09:22.974  1011  1189 I ASH     : @ 91815.171: tcs3701: stop power rail pending_off timer
11-23 14:09:22.974  1011  1189 D ASH     : @ 91815.171: tcs3701: start power rail timer, state:3
11-23 14:09:22.997  5238  5296 I BatteryMgr:DataCollectionService: stats => 1700744962997,9155,4446,13427,4169000,100
11-23 14:09:23.013  1011  1189 I ASH     : @ 91815.211: tcs3701: stop power rail pending_off timer
11-23 14:09:23.013  1011  1189 D ASH     : @ 91815.211: tcs3701: start power rail timer, state:3
11-23 14:09:23.053  1011  1189 I ASH     : @ 91815.251: tcs3701: stop power rail pending_off timer
11-23 14:09:23.053  1011  1189 D ASH     : @ 91815.251: tcs3701: start power rail timer, state:3
11-23 14:09:23.093  1011  1189 I ASH     : @ 91815.291: tcs3701: stop power rail pending_off timer
11-23 14:09:23.094  1011  1189 D ASH     : @ 91815.291: tcs3701: start power rail timer, state:3
11-23 14:09:23.101  5238  5296 I BatteryMgr:DataCollectionService: stats => 1700744963101,9155,4446,13427,4169000,100
11-23 14:09:23.133  1011  1189 I ASH     : @ 91815.331: tcs3701: stop power rail pending_off timer
11-23 14:09:23.133  1011  1189 D ASH     : @ 91815.331: tcs3701: start power rail timer, state:3
11-23 14:09:23.173  1011  1189 I ASH     : @ 91815.371: tcs3701: stop power rail pending_off timer
11-23 14:09:23.173  1011  1189 D ASH     : @ 91815.371: tcs3701: start power rail timer, state:3
11-23 14:09:23.197  1795  2424 D WifiClientModeImpl[13802:wlan0]: updateLinkLayerStatsRssiSpeedFrequencyCapabilities rssi=-49 TxLinkspeed=780 freq=5240 RxLinkSpeed=866
11-23 14:09:23.198  1795  2424 D WifiDataStall: tx tput in kbps: 563245
11-23 14:09:23.198  1795  2424 D WifiDataStall: rx tput in kbps: 791578
11-23 14:09:23.198  1795  2424 V WifiConfigManager: Updating scan detail cache freq=5240 BSSID=f4:6d:2f:12:cc:88 RSSI=-48 for "ourhome"WPA_PSK
11-23 14:09:23.198  1795  2424 D WifiChannelUtilization:  freq: 5240 onTime: 2724072 busyTime: 245382 onTimeDiff: 2723777 busyTimeDiff: 245365 utilization: 22 utilization t0: 22
11-23 14:09:23.198  1795  2424 D WifiDataStall:  ccaLevel = 22
11-23 14:09:23.198  1795  2424 D WifiDataStall: L2 txTputKbps: 677320, rxTputKbps: 791578, L3 txTputKbps: 0, rxTputKbps: 1, TxTrafficHigh: false, RxTrafficHigh: false, Throughput Sufficient: true
11-23 14:09:23.198  3213  8092 V WifiManager: OnWifiUsabilityStatsListener: onWifiUsabilityStats: seqNum=30300
11-23 14:09:23.198  1795  2424 D WifiScoreReport: Wifi scoring disabled - Don't check IP layer
11-23 14:09:23.198  1795  2424 D WifiScoreCard: BSSID update SIGNAL_POLL ID: 1320464697 SSID: "ourhome", BSSID: f4:6d:2f:12:cc:88, MAC: b2:2f:ec:da:4a:0c, IP: /192.168.1.104, Security type: 2, Supplicant state: COMPLETED, Wi-Fi standard: 5, RSSI: -49, Link speed: 780Mbps, Tx Link speed: 780Mbps, Max Supported Tx Link speed: 866Mbps, Rx Link speed: 866Mbps, Max Supported Rx Link speed: 866Mbps, Frequency: 5240MHz, Net ID: 12, Metered hint: false, score: 60, isUsable: true, CarrierMerged: false, SubscriptionId: -1, IsPrimary: 1, Trusted: true, Restricted: false, Ephemeral: false, OEM paid: false, OEM private: false, OSU AP: false, FQDN: <none>, Provider friendly name: <none>, Requesting package name: <none>"ourhome"wpa2-pskMLO Information: , Is TID-To-Link negotiation supported by the AP: false, AP MLD Address: <none>, AP MLO Link Id: <none>, AP MLO Affiliated links: <none>
11-23 14:09:23.198  1795  2424 D WifiScoreCard: txRate: 5 txSpeed: 780
11-23 14:09:23.198  1795  2424 D WifiScoreCard: network update SIGNAL_POLL "ourhome" ID: 1499892569 RSSI -49 txSpeed 780
11-23 14:09:23.198  1795  2424 D WifiClientModeImpl[13802:wlan0]:  ClientModeImpl$L2ConnectedState screen=on 17 0 "ourhome" f4:6d:2f:12:cc:88 rssi=-49 f=5240 sc=60 link=780 tx=3.5, 0.6, 0.0 rx=2.8 bcn=877578 [on:56 tx:0 rx:0 period:3013] from screen [on:55887 period:1596692] score=60
11-23 14:09:23.198  1795  3759 I WifiService: updateWifiUsabilityScore uid=10180 seqNum=30300 score=100 predictionHorizonSec=1441795
11-23 14:09:23.199  1795  2424 D WifiScoreReport: Wifi scoring disabled - Notify that Wifi is usable
11-23 14:09:23.201  1795  2432 D ConnectivityService: NetReassign [no changes] [c 0] [a 0] [i 2]
11-23 14:09:23.206  5238  5296 I BatteryMgr:DataCollectionService: stats => 1700744963206,9155,4446,13427,4169000,100
11-23 14:09:23.213  1011  1189 I ASH     : @ 91815.411: tcs3701: stop power rail pending_off timer
11-23 14:09:23.213  1011  1189 D ASH     : @ 91815.411: tcs3701: start power rail timer, state:3
11-23 14:09:23.253  1011  1189 I ASH     : @ 91815.451: tcs3701: stop power rail pending_off timer
11-23 14:09:23.253  1011  1189 D ASH     : @ 91815.451: tcs3701: start power rail timer, state:3
11-23 14:09:23.254  1795  3759 D ActivityManager: freezer override set to true
11-23 14:09:23.258  1795  3759 D ActivityManager: freezer override set to false
11-23 14:09:23.293  1011  1189 I ASH     : @ 91815.491: tcs3701: stop power rail pending_off timer
11-23 14:09:23.293  1011  1189 D ASH     : @ 91815.491: tcs3701: start power rail timer, state:3
11-23 14:09:23.311  5238  5296 I BatteryMgr:DataCollectionService: stats => 1700744963311,9155,4446,13427,4169000,100
11-23 14:09:23.334  1011  1189 I ASH     : @ 91815.531: tcs3701: stop power rail pending_off timer
11-23 14:09:23.334  1011  1189 D ASH     : @ 91815.531: tcs3701: start power rail timer, state:3
11-23 14:09:23.373  1011  1189 I ASH     : @ 91815.571: tcs3701: stop power rail pending_off timer
11-23 14:09:23.373  1011  1189 D ASH     : @ 91815.571: tcs3701: start power rail timer, state:3
11-23 14:09:23.413  1011  1189 I ASH     : @ 91815.611: tcs3701: stop power rail pending_off timer
11-23 14:09:23.413  1011  1189 D ASH     : @ 91815.611: tcs3701: start power rail timer, state:3
11-23 14:09:23.415  5238  5296 I BatteryMgr:DataCollectionService: stats => 1700744963415,9155,4446,13427,4169000,100
11-23 14:09:23.453  1011  1189 I ASH     : @ 91815.651: tcs3701: stop power rail pending_off timer
11-23 14:09:23.453  1011  1189 D ASH     : @ 91815.651: tcs3701: start power rail timer, state:3
11-23 14:09:23.493  1011  1189 I ASH     : @ 91815.691: tcs3701: stop power rail pending_off timer
11-23 14:09:23.493  1011  1189 D ASH     : @ 91815.691: tcs3701: start power rail timer, state:3
11-23 14:09:23.520  5238  5296 I BatteryMgr:DataCollectionService: stats => 1700744963520,9155,4446,13427,4169000,100
11-23 14:09:23.533  1011  1189 I ASH     : @ 91815.731: tcs3701: stop power rail pending_off timer
11-23 14:09:23.533  1011  1189 D ASH     : @ 91815.731: tcs3701: start power rail timer, state:3
11-23 14:09:23.573  1011  1189 I ASH     : @ 91815.771: tcs3701: stop power rail pending_off timer
11-23 14:09:23.573  1011  1189 D ASH     : @ 91815.771: tcs3701: start power rail timer, state:3
11-23 14:09:23.613  1011  1189 I ASH     : @ 91815.811: tcs3701: stop power rail pending_off timer
11-23 14:09:23.613  1011  1189 D ASH     : @ 91815.811: tcs3701: start power rail timer, state:3
11-23 14:09:23.625  5238  5296 I BatteryMgr:DataCollectionService: stats => 1700744963625,9155,4446,13427,4169000,100
11-23 14:09:23.653  1011  1189 I ASH     : @ 91815.851: tcs3701: stop power rail pending_off timer
11-23 14:09:23.654  1011  1189 D ASH     : @ 91815.851: tcs3701: start power rail timer, state:3
11-23 14:09:23.693  1011  1189 I ASH     : @ 91815.891: tcs3701: stop power rail pending_off timer
11-23 14:09:23.693  1011  1189 D ASH     : @ 91815.891: tcs3701: start power rail timer, state:3
11-23 14:09:23.730  5238  5296 I BatteryMgr:DataCollectionService: stats => 1700744963730,9155,4446,13427,4169000,100
11-23 14:09:23.733  1011  1189 I ASH     : @ 91815.931: tcs3701: stop power rail pending_off timer
11-23 14:09:23.733  1011  1189 D ASH     : @ 91815.931: tcs3701: start power rail timer, state:3
