11-23 14:04:52.173  1011  1189 I ASH     : @ 91544.371: tcs3701: stop power rail pending_off timer
11-23 14:04:52.173  1011  1189 D ASH     : @ 91544.371: tcs3701: start power rail timer, state:3
11-23 14:04:52.213  1011  1189 I ASH     : @ 91544.411: tcs3701: stop power rail pending_off timer
11-23 14:04:52.213  1011  1189 D ASH     : @ 91544.411: tcs3701: start power rail timer, state:3
11-23 14:04:52.253  1011  1189 I ASH     : @ 91544.451: tcs3701: stop power rail pending_off timer
11-23 14:04:52.253  1011  1189 D ASH     : @ 91544.451: tcs3701: start power rail timer, state:3
11-23 14:04:52.266  5238  5296 I BatteryMgr:DataCollectionService: stats => 1700744692266,12817,4446,13427,4169000,100
11-23 14:04:52.292  1795  4168 D ActivityManager: freezer override set to true
11-23 14:04:52.293  1011  1189 I ASH     : @ 91544.491: tcs3701: stop power rail pending_off timer
11-23 14:04:52.293  1011  1189 D ASH     : @ 91544.491: tcs3701: start power rail timer, state:3
11-23 14:04:52.333  1011  1189 I ASH     : @ 91544.531: tcs3701: stop power rail pending_off timer
11-23 14:04:52.333  1011  1189 D ASH     : @ 91544.531: tcs3701: start power rail timer, state:3
11-23 14:04:52.367 24973 24989 I m.chrome.canary: Explicit concurrent copying GC freed 3657(192KB) AllocSpace objects, 3(60KB) LOS objects, 75% free, 11MB/47MB, paused 28us,21us total 39.130ms
11-23 14:04:52.371  5238  5296 I BatteryMgr:DataCollectionService: stats => 1700744692371,12817,4446,13427,4169000,100
11-23 14:04:52.373  1011  1189 I ASH     : @ 91544.571: tcs3701: stop power rail pending_off timer
11-23 14:04:52.373  1011  1189 D ASH     : @ 91544.571: tcs3701: start power rail timer, state:3
11-23 14:04:52.413  1011  1189 I ASH     : @ 91544.611: tcs3701: stop power rail pending_off timer
11-23 14:04:52.413  1011  1189 D ASH     : @ 91544.611: tcs3701: start power rail timer, state:3
11-23 14:04:52.418  1795  4168 D ActivityManager: freezer override set to false
11-23 14:04:52.455  1011  1189 I ASH     : @ 91544.651: tcs3701: stop power rail pending_off timer
11-23 14:04:52.455  1011  1189 D ASH     : @ 91544.651: tcs3701: start power rail timer, state:3
11-23 14:04:52.468  1795  4168 D ActivityManager: freezer override set to true
11-23 14:04:52.472  1795  4168 D ActivityManager: freezer override set to false
11-23 14:04:52.475  5238  5296 I BatteryMgr:DataCollectionService: stats => 1700744692475,12817,4446,13427,4169000,100
11-23 14:04:52.493  1011  1189 I ASH     : @ 91544.691: tcs3701: stop power rail pending_off timer
11-23 14:04:52.493  1011  1189 D ASH     : @ 91544.691: tcs3701: start power rail timer, state:3
11-23 14:04:52.533  1011  1189 I ASH     : @ 91544.731: tcs3701: stop power rail pending_off timer
11-23 14:04:52.533  1011  1189 D ASH     : @ 91544.731: tcs3701: start power rail timer, state:3
11-23 14:04:52.573  1011  1189 I ASH     : @ 91544.771: tcs3701: stop power rail pending_off timer
11-23 14:04:52.573  1011  1189 D ASH     : @ 91544.771: tcs3701: start power rail timer, state:3
11-23 14:04:52.580  5238  5296 I BatteryMgr:DataCollectionService: stats => 1700744692580,12817,4446,13427,4169000,100
11-23 14:04:52.613  1011  1189 I ASH     : @ 91544.811: tcs3701: stop power rail pending_off timer
11-23 14:04:52.613  1011  1189 D ASH     : @ 91544.811: tcs3701: start power rail timer, state:3
11-23 14:04:52.653  1011  1189 I ASH     : @ 91544.851: tcs3701: stop power rail pending_off timer
11-23 14:04:52.653  1011  1189 D ASH     : @ 91544.852: tcs3701: start power rail timer, state:3
11-23 14:04:52.686  5238  5296 I BatteryMgr:DataCollectionService: stats => 1700744692686,12817,4446,13427,4169000,100
11-23 14:04:52.693  1011  1189 I ASH     : @ 91544.891: tcs3701: stop power rail pending_off timer
11-23 14:04:52.693  1011  1189 D ASH     : @ 91544.891: tcs3701: start power rail timer, state:3
11-23 14:04:52.733  1011  1189 I ASH     : @ 91544.931: tcs3701: stop power rail pending_off timer
11-23 14:04:52.733  1011  1189 D ASH     : @ 91544.931: tcs3701: start power rail timer, state:3
11-23 14:04:52.773  1011  1189 I ASH     : @ 91544.971: tcs3701: stop power rail pending_off timer
11-23 14:04:52.773  1011  1189 D ASH     : @ 91544.971: tcs3701: start power rail timer, state:3
11-23 14:04:52.792  5238  5296 I BatteryMgr:DataCollectionService: stats => 1700744692792,12817,4446,13427,4169000,100
11-23 14:04:52.813  1011  1189 I ASH     : @ 91545.011: tcs3701: stop power rail pending_off timer
11-23 14:04:52.813  1011  1189 D ASH     : @ 91545.012: tcs3701: start power rail timer, state:3
11-23 14:04:52.853  1011  1189 I ASH     : @ 91545.051: tcs3701: stop power rail pending_off timer
11-23 14:04:52.853  1011  1189 D ASH     : @ 91545.051: tcs3701: start power rail timer, state:3
11-23 14:04:52.893  1011  1189 I ASH     : @ 91545.091: tcs3701: stop power rail pending_off timer
11-23 14:04:52.894  1011  1189 D ASH     : @ 91545.091: tcs3701: start power rail timer, state:3
11-23 14:04:52.898  5238  5296 I BatteryMgr:DataCollectionService: stats => 1700744692898,12817,4446,13427,4169000,100
11-23 14:04:52.919  1795  4168 D ActivityManager: freezer override set to true
11-23 14:04:52.925  1795  4168 D ActivityManager: freezer override set to false
11-23 14:04:52.933  1011  1189 I ASH     : @ 91545.131: tcs3701: stop power rail pending_off timer
11-23 14:04:52.933  1011  1189 D ASH     : @ 91545.131: tcs3701: start power rail timer, state:3
11-23 14:04:52.973  1011  1189 I ASH     : @ 91545.171: tcs3701: stop power rail pending_off timer
11-23 14:04:52.973  1011  1189 D ASH     : @ 91545.171: tcs3701: start power rail timer, state:3
11-23 14:04:53.004  5238  5296 I BatteryMgr:DataCollectionService: stats => 1700744693004,12817,4446,13427,4169000,100
11-23 14:04:53.013  1011  1189 I ASH     : @ 91545.211: tcs3701: stop power rail pending_off timer
11-23 14:04:53.013  1011  1189 D ASH     : @ 91545.211: tcs3701: start power rail timer, state:3
11-23 14:04:53.053  1011  1189 I ASH     : @ 91545.251: tcs3701: stop power rail pending_off timer
11-23 14:04:53.053  1011  1189 D ASH     : @ 91545.251: tcs3701: start power rail timer, state:3
11-23 14:04:53.093  1011  1189 I ASH     : @ 91545.291: tcs3701: stop power rail pending_off timer
11-23 14:04:53.093  1011  1189 D ASH     : @ 91545.291: tcs3701: start power rail timer, state:3
11-23 14:04:53.110  5238  5296 I BatteryMgr:DataCollectionService: stats => 1700744693109,12817,4446,13427,4169000,100
11-23 14:04:53.133  1011  1189 I ASH     : @ 91545.331: tcs3701: stop power rail pending_off timer
11-23 14:04:53.133  1011  1189 D ASH     : @ 91545.331: tcs3701: start power rail timer, state:3
11-23 14:04:53.174  1011  1189 I ASH     : @ 91545.371: tcs3701: stop power rail pending_off timer
11-23 14:04:53.174  1011  1189 D ASH     : @ 91545.371: tcs3701: start power rail timer, state:3
11-23 14:04:53.213  1011  1189 I ASH     : @ 91545.411: tcs3701: stop power rail pending_off timer
11-23 14:04:53.213  1011  1189 D ASH     : @ 91545.411: tcs3701: start power rail timer, state:3
11-23 14:04:53.216  5238  5296 I BatteryMgr:DataCollectionService: stats => 1700744693216,12817,4446,13427,4169000,100
11-23 14:04:53.253  1011  1189 I ASH     : @ 91545.451: tcs3701: stop power rail pending_off timer
11-23 14:04:53.253  1011  1189 D ASH     : @ 91545.451: tcs3701: start power rail timer, state:3
11-23 14:04:53.293  1011  1189 I ASH     : @ 91545.491: tcs3701: stop power rail pending_off timer
11-23 14:04:53.293  1011  1189 D ASH     : @ 91545.491: tcs3701: start power rail timer, state:3
11-23 14:04:53.321  5238  5296 I BatteryMgr:DataCollectionService: stats => 1700744693321,12817,4446,13427,4169000,100
11-23 14:04:53.334  1011  1189 I ASH     : @ 91545.531: tcs3701: stop power rail pending_off timer
11-23 14:04:53.334  1011  1189 D ASH     : @ 91545.531: tcs3701: start power rail timer, state:3
11-23 14:04:53.373  1011  1189 I ASH     : @ 91545.571: tcs3701: stop power rail pending_off timer
11-23 14:04:53.373  1011  1189 D ASH     : @ 91545.571: tcs3701: start power rail timer, state:3
11-23 14:04:53.413  1011  1189 I ASH     : @ 91545.611: tcs3701: stop power rail pending_off timer
11-23 14:04:53.414  1011  1189 D ASH     : @ 91545.611: tcs3701: start power rail timer, state:3
11-23 14:04:53.427  5238  5296 I BatteryMgr:DataCollectionService: stats => 1700744693427,12817,4446,13427,4169000,100
11-23 14:04:53.453  1011  1189 I ASH     : @ 91545.651: tcs3701: stop power rail pending_off timer
11-23 14:04:53.453  1011  1189 D ASH     : @ 91545.651: tcs3701: start power rail timer, state:3
11-23 14:04:53.493  1011  1189 I ASH     : @ 91545.691: tcs3701: stop power rail pending_off timer
11-23 14:04:53.493  1011  1189 D ASH     : @ 91545.691: tcs3701: start power rail timer, state:3
11-23 14:04:53.533  1011  1189 I ASH     : @ 91545.731: tcs3701: stop power rail pending_off timer
11-23 14:04:53.533  1011  1189 D ASH     : @ 91545.731: tcs3701: start power rail timer, state:3
11-23 14:04:53.534  5238  5296 I BatteryMgr:DataCollectionService: stats => 1700744693534,12817,4446,13427,4169000,100
11-23 14:04:53.573  1011  1189 I ASH     : @ 91545.771: tcs3701: stop power rail pending_off timer
11-23 14:04:53.573  1011  1189 D ASH     : @ 91545.771: tcs3701: start power rail timer, state:3
11-23 14:04:53.614  1011  1189 I ASH     : @ 91545.811: tcs3701: stop power rail pending_off timer
11-23 14:04:53.614  1011  1189 D ASH     : @ 91545.811: tcs3701: start power rail timer, state:3
11-23 14:04:53.627  1795  4168 D ActivityManager: freezer override set to true
11-23 14:04:53.638  5238  5296 I BatteryMgr:DataCollectionService: stats => 1700744693638,12817,4446,13427,4169000,100
11-23 14:04:53.653  1011  1189 I ASH     : @ 91545.851: tcs3701: stop power rail pending_off timer
11-23 14:04:53.653  1011  1189 D ASH     : @ 91545.851: tcs3701: start power rail timer, state:3
11-23 14:04:53.693  1011  1189 I ASH     : @ 91545.891: tcs3701: stop power rail pending_off timer
11-23 14:04:53.693  1011  1189 D ASH     : @ 91545.891: tcs3701: start power rail timer, state:3
11-23 14:04:53.733  1011  1189 I ASH     : @ 91545.931: tcs3701: stop power rail pending_off timer
11-23 14:04:53.733  1011  1189 D ASH     : @ 91545.931: tcs3701: start power rail timer, state:3
11-23 14:04:53.743  5238  5296 I BatteryMgr:DataCollectionService: stats => 1700744693743,12817,4446,13427,4169000,100
11-23 14:04:53.752 24973 24989 I m.chrome.canary: Explicit concurrent copying GC freed 3643(192KB) AllocSpace objects, 3(60KB) LOS objects, 75% free, 11MB/47MB, paused 27us,23us total 39.987ms
11-23 14:04:53.773  1011  1189 I ASH     : @ 91545.971: tcs3701: stop power rail pending_off timer
11-23 14:04:53.773  1011  1189 D ASH     : @ 91545.971: tcs3701: start power rail timer, state:3
11-23 14:04:53.803  1795  4168 D ActivityManager: freezer override set to false
11-23 14:04:53.813  1011  1189 I ASH     : @ 91546.011: tcs3701: stop power rail pending_off timer
11-23 14:04:53.813  1011  1189 D ASH     : @ 91546.011: tcs3701: start power rail timer, state:3
11-23 14:04:53.847  1795  3789 D ActivityManager: freezer override set to true
11-23 14:04:53.848  5238  5296 I BatteryMgr:DataCollectionService: stats => 1700744693848,12817,4446,13427,4169000,100
11-23 14:04:53.850  1795  3789 D ActivityManager: freezer override set to false
11-23 14:04:53.853  1011  1189 I ASH     : @ 91546.051: tcs3701: stop power rail pending_off timer
11-23 14:04:53.853  1011  1189 D ASH     : @ 91546.051: tcs3701: start power rail timer, state:3
11-23 14:04:53.893  1011  1189 I ASH     : @ 91546.091: tcs3701: stop power rail pending_off timer
11-23 14:04:53.893  1011  1189 D ASH     : @ 91546.091: tcs3701: start power rail timer, state:3
11-23 14:04:53.917  1795  3789 D ActivityManager: freezer override set to true
11-23 14:04:53.921  1795  3789 D ActivityManager: freezer override set to false
11-23 14:04:53.933  1011  1189 I ASH     : @ 91546.131: tcs3701: stop power rail pending_off timer
11-23 14:04:53.933  1011  1189 D ASH     : @ 91546.131: tcs3701: start power rail timer, state:3
11-23 14:04:53.953  5238  5296 I BatteryMgr:DataCollectionService: stats => 1700744693953,12817,4446,13427,4169000,100
11-23 14:04:53.973  1011  1189 I ASH     : @ 91546.171: tcs3701: stop power rail pending_off timer
11-23 14:04:53.973  1011  1189 D ASH     : @ 91546.171: tcs3701: start power rail timer, state:3
11-23 14:04:54.013  1011  1189 I ASH     : @ 91546.211: tcs3701: stop power rail pending_off timer
11-23 14:04:54.014  1011  1189 D ASH     : @ 91546.211: tcs3701: start power rail timer, state:3
11-23 14:04:54.053  1011  1189 I ASH     : @ 91546.251: tcs3701: stop power rail pending_off timer
11-23 14:04:54.053  1011  1189 D ASH     : @ 91546.251: tcs3701: start power rail timer, state:3
11-23 14:04:54.058  5238  5296 I BatteryMgr:DataCollectionService: stats => 1700744694058,12817,4446,13427,4169000,100
11-23 14:04:54.093  1011  1189 I ASH     : @ 91546.291: tcs3701: stop power rail pending_off timer
11-23 14:04:54.093  1011  1189 D ASH     : @ 91546.291: tcs3701: start power rail timer, state:3
11-23 14:04:54.133  1011  1189 I ASH     : @ 91546.331: tcs3701: stop power rail pending_off timer
11-23 14:04:54.133  1011  1189 D ASH     : @ 91546.331: tcs3701: start power rail timer, state:3
11-23 14:04:54.165  5238  5296 I BatteryMgr:DataCollectionService: stats => 1700744694165,12817,4446,13427,4169000,100
11-23 14:04:54.173  1011  1189 I ASH     : @ 91546.371: tcs3701: stop power rail pending_off timer
11-23 14:04:54.173  1011  1189 D ASH     : @ 91546.371: tcs3701: start power rail timer, state:3
11-23 14:04:54.213  1011  1189 I ASH     : @ 91546.411: tcs3701: stop power rail pending_off timer
11-23 14:04:54.213  1011  1189 D ASH     : @ 91546.411: tcs3701: start power rail timer, state:3
11-23 14:04:54.253  1011  1189 I ASH     : @ 91546.451: tcs3701: stop power rail pending_off timer
11-23 14:04:54.254  1011  1189 D ASH     : @ 91546.451: tcs3701: start power rail timer, state:3
11-23 14:04:54.273  5238  5296 I BatteryMgr:DataCollectionService: stats => 1700744694273,12817,4446,13427,4169000,100
11-23 14:04:54.293  1011  1189 I ASH     : @ 91546.491: tcs3701: stop power rail pending_off timer
11-23 14:04:54.294  1011  1189 D ASH     : @ 91546.491: tcs3701: start power rail timer, state:3
11-23 14:04:54.333  1011  1189 I ASH     : @ 91546.531: tcs3701: stop power rail pending_off timer
11-23 14:04:54.333  1011  1189 D ASH     : @ 91546.531: tcs3701: start power rail timer, state:3
11-23 14:04:54.373  1011  1189 I ASH     : @ 91546.571: tcs3701: stop power rail pending_off timer
11-23 14:04:54.373  1011  1189 D ASH     : @ 91546.571: tcs3701: start power rail timer, state:3
11-23 14:04:54.378  5238  5296 I BatteryMgr:DataCollectionService: stats => 1700744694378,12817,4446,13427,4169000,100
11-23 14:04:54.413  1011  1189 I ASH     : @ 91546.611: tcs3701: stop power rail pending_off timer
11-23 14:04:54.413  1011  1189 D ASH     : @ 91546.611: tcs3701: start power rail timer, state:3
11-23 14:04:54.453  1011  1189 I ASH     : @ 91546.651: tcs3701: stop power rail pending_off timer
11-23 14:04:54.453  1011  1189 D ASH     : @ 91546.651: tcs3701: start power rail timer, state:3
11-23 14:04:54.487  5238  5296 I BatteryMgr:DataCollectionService: stats => 1700744694487,12817,4446,13427,4169000,100
11-23 14:04:54.493  1011  1189 I ASH     : @ 91546.691: tcs3701: stop power rail pending_off timer
11-23 14:04:54.493  1011  1189 D ASH     : @ 91546.691: tcs3701: start power rail timer, state:3
11-23 14:04:54.534  1011  1189 I ASH     : @ 91546.731: tcs3701: stop power rail pending_off timer
11-23 14:04:54.534  1011  1189 D ASH     : @ 91546.731: tcs3701: start power rail timer, state:3
11-23 14:04:54.573  1011  1189 I ASH     : @ 91546.771: tcs3701: stop power rail pending_off timer
11-23 14:04:54.573  1011  1189 D ASH     : @ 91546.771: tcs3701: start power rail timer, state:3
11-23 14:04:54.594  5238  5296 I BatteryMgr:DataCollectionService: stats => 1700744694593,12817,4446,13427,4169000,100
11-23 14:04:54.613  1011  1189 I ASH     : @ 91546.811: tcs3701: stop power rail pending_off timer
11-23 14:04:54.613  1011  1189 D ASH     : @ 91546.811: tcs3701: start power rail timer, state:3
11-23 14:04:54.653  1011  1189 I ASH     : @ 91546.851: tcs3701: stop power rail pending_off timer
11-23 14:04:54.653  1011  1189 D ASH     : @ 91546.851: tcs3701: start power rail timer, state:3
11-23 14:04:54.694  1011  1189 I ASH     : @ 91546.891: tcs3701: stop power rail pending_off timer
11-23 14:04:54.694  1011  1189 D ASH     : @ 91546.891: tcs3701: start power rail timer, state:3
11-23 14:04:54.699  5238  5296 I BatteryMgr:DataCollectionService: stats => 1700744694699,12817,4446,13427,4169000,100
11-23 14:04:54.733  1011  1189 I ASH     : @ 91546.931: tcs3701: stop power rail pending_off timer
11-23 14:04:54.733  1011  1189 D ASH     : @ 91546.931: tcs3701: start power rail timer, state:3
11-23 14:04:54.773  1011  1189 I ASH     : @ 91546.971: tcs3701: stop power rail pending_off timer
11-23 14:04:54.773  1011  1189 D ASH     : @ 91546.971: tcs3701: start power rail timer, state:3
11-23 14:04:54.775  1795  2424 D WifiClientModeImpl[13802:wlan0]: updateLinkLayerStatsRssiSpeedFrequencyCapabilities rssi=-49 TxLinkspeed=866 freq=5240 RxLinkSpeed=6
11-23 14:04:54.776  1795  2424 D WifiDataStall: tx tput in kbps: 751999
11-23 14:04:54.776  1795  2424 D WifiDataStall: rx tput in kbps: 788195
11-23 14:04:54.776  1795  2424 V WifiConfigManager: Updating scan detail cache freq=5240 BSSID=f4:6d:2f:12:cc:88 RSSI=-48 for "ourhome"WPA_PSK
11-23 14:04:54.776  2782  5906 D QCNEJ/WlanStaInfoRelay: Received action: android.net.wifi.RSSI_CHANGED
11-23 14:04:54.776  1795  2424 D WifiChannelUtilization:  freq: 5240 onTime: 2712116 busyTime: 244603 onTimeDiff: 2711821 busyTimeDiff: 244586 utilization: 22 utilization t0: 22
11-23 14:04:54.776  1795  2424 D WifiDataStall:  ccaLevel = 22
11-23 14:04:54.776  1795  2424 D WifiDataStall: L2 txTputKbps: 751999, rxTputKbps: 788195, L3 txTputKbps: 0, rxTputKbps: 0, TxTrafficHigh: false, RxTrafficHigh: false, Throughput Sufficient: true
11-23 14:04:54.776  1795  2424 D WifiScoreReport: Wifi scoring disabled - Don't check IP layer
11-23 14:04:54.777  1795  2424 D WifiScoreCard: BSSID update SIGNAL_POLL ID: 1320464697 SSID: "ourhome", BSSID: f4:6d:2f:12:cc:88, MAC: b2:2f:ec:da:4a:0c, IP: /192.168.1.104, Security type: 2, Supplicant state: COMPLETED, Wi-Fi standard: 5, RSSI: -49, Link speed: 866Mbps, Tx Link speed: 866Mbps, Max Supported Tx Link speed: 866Mbps, Rx Link speed: 6Mbps, Max Supported Rx Link speed: 866Mbps, Frequency: 5240MHz, Net ID: 12, Metered hint: false, score: 60, isUsable: true, CarrierMerged: false, SubscriptionId: -1, IsPrimary: 1, Trusted: true, Restricted: false, Ephemeral: false, OEM paid: false, OEM private: false, OSU AP: false, FQDN: <none>, Provider friendly name: <none>, Requesting package name: <none>"ourhome"wpa2-pskMLO Information: , Is TID-To-Link negotiation supported by the AP: false, AP MLD Address: <none>, AP MLO Link Id: <none>, AP MLO Affiliated links: <none>
11-23 14:04:54.777  1795  2424 D WifiScoreCard: txRate: 1 txSpeed: 866
11-23 14:04:54.777  1795  2424 D WifiScoreCard: network update SIGNAL_POLL "ourhome" ID: 1499892569 RSSI -49 txSpeed -1
11-23 14:04:54.777  3213  6173 V WifiManager: OnWifiUsabilityStatsListener: onWifiUsabilityStats: seqNum=30211
11-23 14:04:54.777  2513  3045 V WifiManager: TrafficStateCallbackProxy: onStateChanged state=0
11-23 14:04:54.777  1795  2424 D WifiClientModeImpl[13802:wlan0]:  ClientModeImpl$L2ConnectedState screen=on 17 0 "ourhome" f4:6d:2f:12:cc:88 rssi=-49 f=5240 sc=60 link=866 tx=0.1, 0.0, 0.0 rx=0.1 bcn=874962 [on:0 tx:0 rx:1 period:3015] from screen [on:43931 period:1328271] score=60
11-23 14:04:54.778  1795  3789 I WifiService: updateWifiUsabilityScore uid=10180 seqNum=30211 score=100 predictionHorizonSec=1441795
11-23 14:04:54.779  1795  2424 D WifiScoreReport: Wifi scoring disabled - Notify that Wifi is usable
11-23 14:04:54.782  1795  2432 D ConnectivityService: NetReassign [no changes] [c 0] [a 0] [i 3]
11-23 14:04:54.804  5238  5296 I BatteryMgr:DataCollectionService: stats => 1700744694804,12817,4446,13427,4169000,100
11-23 14:04:54.813  1011  1189 I ASH     : @ 91547.011: tcs3701: stop power rail pending_off timer
11-23 14:04:54.813  1011  1189 D ASH     : @ 91547.011: tcs3701: start power rail timer, state:3
11-23 14:04:54.853  1011  1189 I ASH     : @ 91547.051: tcs3701: stop power rail pending_off timer
11-23 14:04:54.853  1011  1189 D ASH     : @ 91547.051: tcs3701: start power rail timer, state:3
11-23 14:04:54.893  1011  1189 I ASH     : @ 91547.091: tcs3701: stop power rail pending_off timer
11-23 14:04:54.893  1011  1189 D ASH     : @ 91547.091: tcs3701: start power rail timer, state:3
11-23 14:04:54.913  5238  5296 I BatteryMgr:DataCollectionService: stats => 1700744694913,12817,4446,13427,4169000,100
11-23 14:04:54.920  1795  3789 D ActivityManager: freezer override set to true
11-23 14:04:54.925  1795  3789 D ActivityManager: freezer override set to false
11-23 14:04:54.933  1011  1189 I ASH     : @ 91547.131: tcs3701: stop power rail pending_off timer
11-23 14:04:54.933  1011  1189 D ASH     : @ 91547.131: tcs3701: start power rail timer, state:3
11-23 14:04:54.973  1011  1189 I ASH     : @ 91547.171: tcs3701: stop power rail pending_off timer
11-23 14:04:54.973  1011  1189 D ASH     : @ 91547.171: tcs3701: start power rail timer, state:3
11-23 14:04:55.013  1011  1189 I ASH     : @ 91547.211: tcs3701: stop power rail pending_off timer
11-23 14:04:55.013  1011  1189 D ASH     : @ 91547.211: tcs3701: start power rail timer, state:3
11-23 14:04:55.019  5238  5296 I BatteryMgr:DataCollectionService: stats => 1700744695019,12817,4446,13427,4169000,100
11-23 14:04:55.022  1795  3789 D ActivityManager: freezer override set to true
11-23 14:04:55.053  1011  1189 I ASH     : @ 91547.251: tcs3701: stop power rail pending_off timer
11-23 14:04:55.054  1011  1189 D ASH     : @ 91547.251: tcs3701: start power rail timer, state:3
11-23 14:04:55.094  1011  1189 I ASH     : @ 91547.291: tcs3701: stop power rail pending_off timer
11-23 14:04:55.094  1011  1189 D ASH     : @ 91547.291: tcs3701: start power rail timer, state:3
11-23 14:04:55.124  5238  5296 I BatteryMgr:DataCollectionService: stats => 1700744695124,12817,4446,13427,4169000,100
11-23 14:04:55.133  1011  1189 I ASH     : @ 91547.331: tcs3701: stop power rail pending_off timer
11-23 14:04:55.133  1011  1189 D ASH     : @ 91547.331: tcs3701: start power rail timer, state:3
11-23 14:04:55.153 24973 24989 I m.chrome.canary: Explicit concurrent copying GC freed 3904(207KB) AllocSpace objects, 4(80KB) LOS objects, 75% free, 11MB/47MB, paused 27us,28us total 40.053ms
11-23 14:04:55.173  1011  1189 I ASH     : @ 91547.371: tcs3701: stop power rail pending_off timer
11-23 14:04:55.173  1011  1189 D ASH     : @ 91547.371: tcs3701: start power rail timer, state:3
11-23 14:04:55.205  1795  3789 D ActivityManager: freezer override set to false
11-23 14:04:55.214  1011  1189 I ASH     : @ 91547.411: tcs3701: stop power rail pending_off timer
11-23 14:04:55.214  1011  1189 D ASH     : @ 91547.411: tcs3701: start power rail timer, state:3
11-23 14:04:55.230  5238  5296 I BatteryMgr:DataCollectionService: stats => 1700744695230,12817,4446,13427,4169000,100
11-23 14:04:55.253  1011  1189 I ASH     : @ 91547.451: tcs3701: stop power rail pending_off timer
11-23 14:04:55.253  1011  1189 D ASH     : @ 91547.451: tcs3701: start power rail timer, state:3
11-23 14:04:55.259  1795  4168 D ActivityManager: freezer override set to true
11-23 14:04:55.262  1795  4168 D ActivityManager: freezer override set to false
11-23 14:04:55.293  1011  1189 I ASH     : @ 91547.491: tcs3701: stop power rail pending_off timer
11-23 14:04:55.293  1011  1189 D ASH     : @ 91547.491: tcs3701: start power rail timer, state:3
11-23 14:04:55.333  1011  1189 I ASH     : @ 91547.531: tcs3701: stop power rail pending_off timer
11-23 14:04:55.333  1011  1189 D ASH     : @ 91547.531: tcs3701: start power rail timer, state:3
11-23 14:04:55.334  5238  5296 I BatteryMgr:DataCollectionService: stats => 1700744695334,12817,4446,13427,4169000,100
11-23 14:04:55.373  1011  1189 I ASH     : @ 91547.571: tcs3701: stop power rail pending_off timer
11-23 14:04:55.373  1011  1189 D ASH     : @ 91547.571: tcs3701: start power rail timer, state:3
11-23 14:04:55.413  1011  1189 I ASH     : @ 91547.611: tcs3701: stop power rail pending_off timer
11-23 14:04:55.413  1011  1189 D ASH     : @ 91547.611: tcs3701: start power rail timer, state:3
11-23 14:04:55.440  5238  5296 I BatteryMgr:DataCollectionService: stats => 1700744695440,12817,4446,13427,4169000,100
11-23 14:04:55.453  1011  1189 I ASH     : @ 91547.651: tcs3701: stop power rail pending_off timer
11-23 14:04:55.453  1011  1189 D ASH     : @ 91547.651: tcs3701: start power rail timer, state:3
11-23 14:04:55.494  1011  1189 I ASH     : @ 91547.691: tcs3701: stop power rail pending_off timer
11-23 14:04:55.494  1011  1189 D ASH     : @ 91547.691: tcs3701: start power rail timer, state:3
11-23 14:04:55.534  1011  1189 I ASH     : @ 91547.731: tcs3701: stop power rail pending_off timer
11-23 14:04:55.534  1011  1189 D ASH     : @ 91547.731: tcs3701: start power rail timer, state:3
11-23 14:04:55.545  5238  5296 I BatteryMgr:DataCollectionService: stats => 1700744695545,12817,4446,13427,4169000,100
11-23 14:04:55.573  1011  1189 I ASH     : @ 91547.771: tcs3701: stop power rail pending_off timer
11-23 14:04:55.573  1011  1189 D ASH     : @ 91547.771: tcs3701: start power rail timer, state:3
11-23 14:04:55.613  1011  1189 I ASH     : @ 91547.811: tcs3701: stop power rail pending_off timer
11-23 14:04:55.613  1011  1189 D ASH     : @ 91547.811: tcs3701: start power rail timer, state:3
11-23 14:04:55.650  5238  5296 I BatteryMgr:DataCollectionService: stats => 1700744695650,12817,4446,13427,4169000,100
11-23 14:04:55.653  1011  1189 I ASH     : @ 91547.851: tcs3701: stop power rail pending_off timer
11-23 14:04:55.653  1011  1189 D ASH     : @ 91547.851: tcs3701: start power rail timer, state:3
11-23 14:04:55.694  1011  1189 I ASH     : @ 91547.891: tcs3701: stop power rail pending_off timer
11-23 14:04:55.694  1011  1189 D ASH     : @ 91547.891: tcs3701: start power rail timer, state:3
11-23 14:04:55.733  1011  1189 I ASH     : @ 91547.931: tcs3701: stop power rail pending_off timer
11-23 14:04:55.733  1011  1189 D ASH     : @ 91547.931: tcs3701: start power rail timer, state:3
11-23 14:04:55.758  5238  5296 I BatteryMgr:DataCollectionService: stats => 1700744695758,12817,4446,13427,4169000,100
11-23 14:04:55.773  1011  1189 I ASH     : @ 91547.971: tcs3701: stop power rail pending_off timer
11-23 14:04:55.773  1011  1189 D ASH     : @ 91547.971: tcs3701: start power rail timer, state:3
11-23 14:04:55.813  1011  1189 I ASH     : @ 91548.011: tcs3701: stop power rail pending_off timer
11-23 14:04:55.813  1011  1189 D ASH     : @ 91548.011: tcs3701: start power rail timer, state:3
11-23 14:04:55.853  1011  1189 I ASH     : @ 91548.051: tcs3701: stop power rail pending_off timer
11-23 14:04:55.853  1011  1189 D ASH     : @ 91548.051: tcs3701: start power rail timer, state:3
11-23 14:04:55.864  5238  5296 I BatteryMgr:DataCollectionService: stats => 1700744695864,12817,4446,13427,4169000,100
11-23 14:04:55.894  1011  1189 I ASH     : @ 91548.091: tcs3701: stop power rail pending_off timer
11-23 14:04:55.894  1011  1189 D ASH     : @ 91548.091: tcs3701: start power rail timer, state:3
11-23 14:04:55.924  1795  4168 D ActivityManager: freezer override set to true
11-23 14:04:55.929  1795  4168 D ActivityManager: freezer override set to false
11-23 14:04:55.933  1011  1189 I ASH     : @ 91548.131: tcs3701: stop power rail pending_off timer
11-23 14:04:55.933  1011  1189 D ASH     : @ 91548.131: tcs3701: start power rail timer, state:3
11-23 14:04:55.970  5238  5296 I BatteryMgr:DataCollectionService: stats => 1700744695970,12817,4446,13427,4169000,100
11-23 14:04:55.973  1011  1189 I ASH     : @ 91548.171: tcs3701: stop power rail pending_off timer
11-23 14:04:55.973  1011  1189 D ASH     : @ 91548.171: tcs3701: start power rail timer, state:3
11-23 14:04:56.014  1011  1189 I ASH     : @ 91548.211: tcs3701: stop power rail pending_off timer
11-23 14:04:56.014  1011  1189 D ASH     : @ 91548.211: tcs3701: start power rail timer, state:3
11-23 14:04:56.054  1011  1189 I ASH     : @ 91548.251: tcs3701: stop power rail pending_off timer
11-23 14:04:56.054  1011  1189 D ASH     : @ 91548.251: tcs3701: start power rail timer, state:3
11-23 14:04:56.076  5238  5296 I BatteryMgr:DataCollectionService: stats => 1700744696075,12817,4446,13427,4169000,100
11-23 14:04:56.094  1011  1189 I ASH     : @ 91548.291: tcs3701: stop power rail pending_off timer
11-23 14:04:56.094  1011  1189 D ASH     : @ 91548.291: tcs3701: start power rail timer, state:3
11-23 14:04:56.133  1011  1189 I ASH     : @ 91548.331: tcs3701: stop power rail pending_off timer
11-23 14:04:56.133  1011  1189 D ASH     : @ 91548.331: tcs3701: start power rail timer, state:3
11-23 14:04:56.173  1011  1189 I ASH     : @ 91548.371: tcs3701: stop power rail pending_off timer
11-23 14:04:56.173  1011  1189 D ASH     : @ 91548.371: tcs3701: start power rail timer, state:3
11-23 14:04:56.180  5238  5296 I BatteryMgr:DataCollectionService: stats => 1700744696180,12817,4446,13427,4169000,100
11-23 14:04:56.213  1011  1189 I ASH     : @ 91548.411: tcs3701: stop power rail pending_off timer
11-23 14:04:56.213  1011  1189 D ASH     : @ 91548.411: tcs3701: start power rail timer, state:3
11-23 14:04:56.253  1011  1189 I ASH     : @ 91548.451: tcs3701: stop power rail pending_off timer
11-23 14:04:56.253  1011  1189 D ASH     : @ 91548.451: tcs3701: start power rail timer, state:3
11-23 14:04:56.284  5238  5296 I BatteryMgr:DataCollectionService: stats => 1700744696284,12817,4446,13427,4169000,100
11-23 14:04:56.293  1011  1189 I ASH     : @ 91548.491: tcs3701: stop power rail pending_off timer
11-23 14:04:56.294  1011  1189 D ASH     : @ 91548.491: tcs3701: start power rail timer, state:3
11-23 14:04:56.333  1011  1189 I ASH     : @ 91548.531: tcs3701: stop power rail pending_off timer
11-23 14:04:56.333  1011  1189 D ASH     : @ 91548.531: tcs3701: start power rail timer, state:3
11-23 14:04:56.373  1011  1189 I ASH     : @ 91548.571: tcs3701: stop power rail pending_off timer
11-23 14:04:56.373  1011  1189 D ASH     : @ 91548.571: tcs3701: start power rail timer, state:3
11-23 14:04:56.390  5238  5296 I BatteryMgr:DataCollectionService: stats => 1700744696390,12817,4446,13427,4169000,100
11-23 14:04:56.414  1011  1189 I ASH     : @ 91548.611: tcs3701: stop power rail pending_off timer
11-23 14:04:56.414  1011  1189 D ASH     : @ 91548.611: tcs3701: start power rail timer, state:3
11-23 14:04:56.419  1795  4168 D ActivityManager: freezer override set to true
11-23 14:04:56.453  1011  1189 I ASH     : @ 91548.651: tcs3701: stop power rail pending_off timer
11-23 14:04:56.453  1011  1189 D ASH     : @ 91548.651: tcs3701: start power rail timer, state:3
11-23 14:04:56.493  1011  1189 I ASH     : @ 91548.691: tcs3701: stop power rail pending_off timer
11-23 14:04:56.493  1011  1189 D ASH     : @ 91548.691: tcs3701: start power rail timer, state:3
11-23 14:04:56.495  5238  5296 I BatteryMgr:DataCollectionService: stats => 1700744696495,12817,4446,13427,4169000,100
11-23 14:04:56.533  1011  1189 I ASH     : @ 91548.731: tcs3701: stop power rail pending_off timer
11-23 14:04:56.533  1011  1189 D ASH     : @ 91548.731: tcs3701: start power rail timer, state:3
11-23 14:04:56.552 24973 24989 I m.chrome.canary: Explicit concurrent copying GC freed 3671(223KB) AllocSpace objects, 3(60KB) LOS objects, 75% free, 11MB/47MB, paused 31us,23us total 49.116ms
11-23 14:04:56.573  1011  1189 I ASH     : @ 91548.771: tcs3701: stop power rail pending_off timer
11-23 14:04:56.573  1011  1189 D ASH     : @ 91548.771: tcs3701: start power rail timer, state:3
11-23 14:04:56.600  5238  5296 I BatteryMgr:DataCollectionService: stats => 1700744696600,12817,4446,13427,4169000,100
11-23 14:04:56.607  1795  4168 D ActivityManager: freezer override set to false
11-23 14:04:56.613  1011  1189 I ASH     : @ 91548.811: tcs3701: stop power rail pending_off timer
11-23 14:04:56.613  1011  1189 D ASH     : @ 91548.811: tcs3701: start power rail timer, state:3
11-23 14:04:56.650  1795  4168 D ActivityManager: freezer override set to true
11-23 14:04:56.653  1795  4168 D ActivityManager: freezer override set to false
11-23 14:04:56.653  1011  1189 I ASH     : @ 91548.851: tcs3701: stop power rail pending_off timer
11-23 14:04:56.653  1011  1189 D ASH     : @ 91548.851: tcs3701: start power rail timer, state:3
11-23 14:04:56.693  1011  1189 I ASH     : @ 91548.891: tcs3701: stop power rail pending_off timer
11-23 14:04:56.693  1011  1189 D ASH     : @ 91548.891: tcs3701: start power rail timer, state:3
11-23 14:04:56.705  5238  5296 I BatteryMgr:DataCollectionService: stats => 1700744696705,12817,4446,13427,4169000,100
11-23 14:04:56.733  1011  1189 I ASH     : @ 91548.931: tcs3701: stop power rail pending_off timer
11-23 14:04:56.733  1011  1189 D ASH     : @ 91548.931: tcs3701: start power rail timer, state:3
11-23 14:04:56.773  1011  1189 I ASH     : @ 91548.971: tcs3701: stop power rail pending_off timer
11-23 14:04:56.773  1011  1189 D ASH     : @ 91548.971: tcs3701: start power rail timer, state:3
11-23 14:04:56.810  5238  5296 I BatteryMgr:DataCollectionService: stats => 1700744696810,12817,4446,13427,4169000,100
11-23 14:04:56.813  1011  1189 I ASH     : @ 91549.011: tcs3701: stop power rail pending_off timer
11-23 14:04:56.813  1011  1189 D ASH     : @ 91549.011: tcs3701: start power rail timer, state:3
11-23 14:04:56.853  1011  1189 I ASH     : @ 91549.051: tcs3701: stop power rail pending_off timer
11-23 14:04:56.853  1011  1189 D ASH     : @ 91549.051: tcs3701: start power rail timer, state:3
11-23 14:04:56.894  1011  1189 I ASH     : @ 91549.091: tcs3701: stop power rail pending_off timer
11-23 14:04:56.894  1011  1189 D ASH     : @ 91549.091: tcs3701: start power rail timer, state:3
11-23 14:04:56.916  5238  5296 I BatteryMgr:DataCollectionService: stats => 1700744696916,12817,4446,13427,4169000,100
11-23 14:04:56.933  1011  1189 I ASH     : @ 91549.131: tcs3701: stop power rail pending_off timer
11-23 14:04:56.933  1011  1189 D ASH     : @ 91549.131: tcs3701: start power rail timer, state:3
11-23 14:04:56.941  1795  4168 D ActivityManager: freezer override set to true
11-23 14:04:56.946  1795  4168 D ActivityManager: freezer override set to false
11-23 14:04:56.973  1011  1189 I ASH     : @ 91549.171: tcs3701: stop power rail pending_off timer
11-23 14:04:56.973  1011  1189 D ASH     : @ 91549.171: tcs3701: start power rail timer, state:3
11-23 14:04:57.014  1011  1189 I ASH     : @ 91549.211: tcs3701: stop power rail pending_off timer
11-23 14:04:57.014  1011  1189 D ASH     : @ 91549.211: tcs3701: start power rail timer, state:3
11-23 14:04:57.023  5238  5296 I BatteryMgr:DataCollectionService: stats => 1700744697023,12817,4446,13427,4169000,100
11-23 14:04:57.053  1011  1189 I ASH     : @ 91549.251: tcs3701: stop power rail pending_off timer
11-23 14:04:57.053  1011  1189 D ASH     : @ 91549.251: tcs3701: start power rail timer, state:3
11-23 14:04:57.093  1011  1189 I ASH     : @ 91549.291: tcs3701: stop power rail pending_off timer
11-23 14:04:57.093  1011  1189 D ASH     : @ 91549.291: tcs3701: start power rail timer, state:3
11-23 14:04:57.128  5238  5296 I BatteryMgr:DataCollectionService: stats => 1700744697128,12817,4446,13427,4169000,100
11-23 14:04:57.133  1011  1189 I ASH     : @ 91549.331: tcs3701: stop power rail pending_off timer
11-23 14:04:57.133  1011  1189 D ASH     : @ 91549.331: tcs3701: start power rail timer, state:3
11-23 14:04:57.173  1011  1189 I ASH     : @ 91549.371: tcs3701: stop power rail pending_off timer
11-23 14:04:57.173  1011  1189 D ASH     : @ 91549.371: tcs3701: start power rail timer, state:3
11-23 14:04:57.213  1011  1189 I ASH     : @ 91549.411: tcs3701: stop power rail pending_off timer
11-23 14:04:57.213  1011  1189 D ASH     : @ 91549.411: tcs3701: start power rail timer, state:3
11-23 14:04:57.234  5238  5296 I BatteryMgr:DataCollectionService: stats => 1700744697234,12817,4446,13427,4169000,100
11-23 14:04:57.253  1011  1189 I ASH     : @ 91549.451: tcs3701: stop power rail pending_off timer
11-23 14:04:57.253  1011  1189 D ASH     : @ 91549.451: tcs3701: start power rail timer, state:3
11-23 14:04:57.293  1011  1189 I ASH     : @ 91549.491: tcs3701: stop power rail pending_off timer
11-23 14:04:57.293  1011  1189 D ASH     : @ 91549.491: tcs3701: start power rail timer, state:3
11-23 14:04:57.333  1011  1189 I ASH     : @ 91549.531: tcs3701: stop power rail pending_off timer
11-23 14:04:57.333  1011  1189 D ASH     : @ 91549.531: tcs3701: start power rail timer, state:3
11-23 14:04:57.343  5238  5296 I BatteryMgr:DataCollectionService: stats => 1700744697343,12817,4446,13427,4169000,100
11-23 14:04:57.373  1011  1189 I ASH     : @ 91549.571: tcs3701: stop power rail pending_off timer
11-23 14:04:57.373  1011  1189 D ASH     : @ 91549.571: tcs3701: start power rail timer, state:3
11-23 14:04:57.413  1011  1189 I ASH     : @ 91549.611: tcs3701: stop power rail pending_off timer
11-23 14:04:57.414  1011  1189 D ASH     : @ 91549.611: tcs3701: start power rail timer, state:3
11-23 14:04:57.449  5238  5296 I BatteryMgr:DataCollectionService: stats => 1700744697449,12817,4446,13427,4169000,100
11-23 14:04:57.453  1011  1189 I ASH     : @ 91549.651: tcs3701: stop power rail pending_off timer
11-23 14:04:57.453  1011  1189 D ASH     : @ 91549.651: tcs3701: start power rail timer, state:3
11-23 14:04:57.493  1011  1189 I ASH     : @ 91549.691: tcs3701: stop power rail pending_off timer
11-23 14:04:57.493  1011  1189 D ASH     : @ 91549.691: tcs3701: start power rail timer, state:3
11-23 14:04:57.533  1011  1189 I ASH     : @ 91549.731: tcs3701: stop power rail pending_off timer
11-23 14:04:57.533  1011  1189 D ASH     : @ 91549.731: tcs3701: start power rail timer, state:3
11-23 14:04:57.556  5238  5296 I BatteryMgr:DataCollectionService: stats => 1700744697556,12817,4446,13427,4169000,100
11-23 14:04:57.574  1011  1189 I ASH     : @ 91549.771: tcs3701: stop power rail pending_off timer
11-23 14:04:57.574  1011  1189 D ASH     : @ 91549.771: tcs3701: start power rail timer, state:3
11-23 14:04:57.613  1011  1189 I ASH     : @ 91549.811: tcs3701: stop power rail pending_off timer
11-23 14:04:57.613  1011  1189 D ASH     : @ 91549.811: tcs3701: start power rail timer, state:3
11-23 14:04:57.653  1011  1189 I ASH     : @ 91549.851: tcs3701: stop power rail pending_off timer
11-23 14:04:57.653  1011  1189 D ASH     : @ 91549.851: tcs3701: start power rail timer, state:3
11-23 14:04:57.662  5238  5296 I BatteryMgr:DataCollectionService: stats => 1700744697662,12817,4446,13427,4169000,100
11-23 14:04:57.693  1011  1189 I ASH     : @ 91549.891: tcs3701: stop power rail pending_off timer
11-23 14:04:57.693  1011  1189 D ASH     : @ 91549.891: tcs3701: start power rail timer, state:3
11-23 14:04:57.733  1011  1189 I ASH     : @ 91549.931: tcs3701: stop power rail pending_off timer
11-23 14:04:57.733  1011  1189 D ASH     : @ 91549.931: tcs3701: start power rail timer, state:3
11-23 14:04:57.769  5238  5296 I BatteryMgr:DataCollectionService: stats => 1700744697769,12817,4446,13427,4169000,100
11-23 14:04:57.773  1011  1189 I ASH     : @ 91549.971: tcs3701: stop power rail pending_off timer
11-23 14:04:57.773  1011  1189 D ASH     : @ 91549.971: tcs3701: start power rail timer, state:3
11-23 14:04:57.789  1795  2424 D WifiClientModeImpl[13802:wlan0]: updateLinkLayerStatsRssiSpeedFrequencyCapabilities rssi=-49 TxLinkspeed=866 freq=5240 RxLinkSpeed=6
11-23 14:04:57.789  1795  2424 D WifiDataStall: tx tput in kbps: 751999
11-23 14:04:57.789  1795  2424 D WifiDataStall: rx tput in kbps: 788195
11-23 14:04:57.789  1795  2424 V WifiConfigManager: Updating scan detail cache freq=5240 BSSID=f4:6d:2f:12:cc:88 RSSI=-48 for "ourhome"WPA_PSK
11-23 14:04:57.790  1795  2424 D WifiChannelUtilization:  freq: 5240 onTime: 2712116 busyTime: 244603 onTimeDiff: 2711821 busyTimeDiff: 244586 utilization: 22 utilization t0: 22
11-23 14:04:57.790  1795  2424 D WifiDataStall:  ccaLevel = 22
11-23 14:04:57.790  1795  2424 D WifiDataStall: L2 txTputKbps: 751999, rxTputKbps: 788195, L3 txTputKbps: 0, rxTputKbps: 0, TxTrafficHigh: false, RxTrafficHigh: false, Throughput Sufficient: true
11-23 14:04:57.790  3213  6173 V WifiManager: OnWifiUsabilityStatsListener: onWifiUsabilityStats: seqNum=30212
11-23 14:04:57.790  1795  2424 D WifiScoreReport: Wifi scoring disabled - Don't check IP layer
11-23 14:04:57.790  1795  2424 D WifiScoreCard: BSSID update SIGNAL_POLL ID: 1320464697 SSID: "ourhome", BSSID: f4:6d:2f:12:cc:88, MAC: b2:2f:ec:da:4a:0c, IP: /192.168.1.104, Security type: 2, Supplicant state: COMPLETED, Wi-Fi standard: 5, RSSI: -49, Link speed: 866Mbps, Tx Link speed: 866Mbps, Max Supported Tx Link speed: 866Mbps, Rx Link speed: 6Mbps, Max Supported Rx Link speed: 866Mbps, Frequency: 5240MHz, Net ID: 12, Metered hint: false, score: 60, isUsable: true, CarrierMerged: false, SubscriptionId: -1, IsPrimary: 1, Trusted: true, Restricted: false, Ephemeral: false, OEM paid: false, OEM private: false, OSU AP: false, FQDN: <none>, Provider friendly name: <none>, Requesting package name: <none>"ourhome"wpa2-pskMLO Information: , Is TID-To-Link negotiation supported by the AP: false, AP MLD Address: <none>, AP MLO Link Id: <none>, AP MLO Affiliated links: <none>
11-23 14:04:57.790  1795  2424 D WifiScoreCard: txRate: 1 txSpeed: 866
11-23 14:04:57.791  1795  2424 D WifiScoreCard: network update SIGNAL_POLL "ourhome" ID: 1499892569 RSSI -49 txSpeed -1
11-23 14:04:57.791  1795  2424 D WifiClientModeImpl[13802:wlan0]:  ClientModeImpl$L2ConnectedState screen=on 17 0 "ourhome" f4:6d:2f:12:cc:88 rssi=-49 f=5240 sc=60 link=866 tx=0.0, 0.0, 0.0 rx=0.0 bcn=874991 [on:0 tx:0 rx:0 period:3013] from screen [on:43931 period:1331285] score=60
11-23 14:04:57.791  1795  4168 I WifiService: updateWifiUsabilityScore uid=10180 seqNum=30212 score=100 predictionHorizonSec=1441795
11-23 14:04:57.792  1795  2424 D WifiScoreReport: Wifi scoring disabled - Notify that Wifi is usable
11-23 14:04:57.794  1795  2432 D ConnectivityService: NetReassign [no changes] [c 0] [a 0] [i 2]
11-23 14:04:57.813  1011  1189 I ASH     : @ 91550.011: tcs3701: stop power rail pending_off timer
11-23 14:04:57.813  1011  1189 D ASH     : @ 91550.011: tcs3701: start power rail timer, state:3
11-23 14:04:57.820  1795  3789 D ActivityManager: freezer override set to true
11-23 14:04:57.854  1011  1189 I ASH     : @ 91550.051: tcs3701: stop power rail pending_off timer
11-23 14:04:57.854  1011  1189 D ASH     : @ 91550.051: tcs3701: start power rail timer, state:3
11-23 14:04:57.873  5238  5296 I BatteryMgr:DataCollectionService: stats => 1700744697873,12817,4446,13427,4169000,100
11-23 14:04:57.893  1011  1189 I ASH     : @ 91550.091: tcs3701: stop power rail pending_off timer
11-23 14:04:57.893  1011  1189 D ASH     : @ 91550.091: tcs3701: start power rail timer, state:3
11-23 14:04:57.933  1011  1189 I ASH     : @ 91550.131: tcs3701: stop power rail pending_off timer
11-23 14:04:57.933  1011  1189 D ASH     : @ 91550.131: tcs3701: start power rail timer, state:3
11-23 14:04:57.945 24973 24989 I m.chrome.canary: Explicit concurrent copying GC freed 3645(192KB) AllocSpace objects, 3(60KB) LOS objects, 75% free, 11MB/47MB, paused 32us,23us total 41.649ms
11-23 14:04:57.973  1011  1189 I ASH     : @ 91550.171: tcs3701: stop power rail pending_off timer
11-23 14:04:57.973  1011  1189 D ASH     : @ 91550.171: tcs3701: start power rail timer, state:3
11-23 14:04:57.977  5238  5296 I BatteryMgr:DataCollectionService: stats => 1700744697977,12817,4446,13427,4169000,100
11-23 14:04:58.000  1795  4168 D ActivityManager: freezer override set to false
11-23 14:04:58.013  1011  1189 I ASH     : @ 91550.211: tcs3701: stop power rail pending_off timer
11-23 14:04:58.013  1011  1189 D ASH     : @ 91550.211: tcs3701: start power rail timer, state:3
11-23 14:04:58.047  1795  4168 D ActivityManager: freezer override set to true
11-23 14:04:58.050  1795  4168 D ActivityManager: freezer override set to false
11-23 14:04:58.053  1011  1189 I ASH     : @ 91550.251: tcs3701: stop power rail pending_off timer
11-23 14:04:58.054  1011  1189 D ASH     : @ 91550.252: tcs3701: start power rail timer, state:3
11-23 14:04:58.082  5238  5296 I BatteryMgr:DataCollectionService: stats => 1700744698082,12817,4446,13427,4169000,100
11-23 14:04:58.093  1011  1189 I ASH     : @ 91550.291: tcs3701: stop power rail pending_off timer
11-23 14:04:58.093  1011  1189 D ASH     : @ 91550.291: tcs3701: start power rail timer, state:3
11-23 14:04:58.133  1011  1189 I ASH     : @ 91550.331: tcs3701: stop power rail pending_off timer
11-23 14:04:58.133  1011  1189 D ASH     : @ 91550.331: tcs3701: start power rail timer, state:3
11-23 14:04:58.148  1795  4168 D ConnectivityService: requestNetwork for uid/pid:10157/3875 activeRequest: null callbackRequest: 2469 [NetworkRequest [ REQUEST id=2470, [ Capabilities: INTERNET&NOT_RESTRICTED&TRUSTED&NOT_VCN_MANAGED Uid: 10157 RequestorUid: 10157 RequestorPkg: com.google.android.googlequicksearchbox UnderlyingNetworks: Null] ]] callback flags: 0 order: 2147483647
11-23 14:04:58.151  1795  2424 D WifiNetworkFactory: got request NetworkRequest [ REQUEST id=2470, [ Capabilities: INTERNET&NOT_RESTRICTED&TRUSTED&NOT_VCN_MANAGED Uid: 10157 RequestorUid: 10157 RequestorPkg: com.google.android.googlequicksearchbox UnderlyingNetworks: Null] ]
11-23 14:04:58.151  1795  2424 V WifiNetworkFactory: Accepted network request NetworkRequest [ REQUEST id=2470, [ Capabilities: INTERNET&NOT_RESTRICTED&TRUSTED&NOT_VCN_MANAGED Uid: 10157 RequestorUid: 10157 RequestorPkg: com.google.android.googlequicksearchbox UnderlyingNetworks: Null] ]
11-23 14:04:58.151  1795  2424 D UntrustedWifiNetworkFactory: got request NetworkRequest [ REQUEST id=2470, [ Capabilities: INTERNET&NOT_RESTRICTED&TRUSTED&NOT_VCN_MANAGED Uid: 10157 RequestorUid: 10157 RequestorPkg: com.google.android.googlequicksearchbox UnderlyingNetworks: Null] ]
11-23 14:04:58.151  1795  2424 D OemPaidWifiNetworkFactory: got request NetworkRequest [ REQUEST id=2470, [ Capabilities: INTERNET&NOT_RESTRICTED&TRUSTED&NOT_VCN_MANAGED Uid: 10157 RequestorUid: 10157 RequestorPkg: com.google.android.googlequicksearchbox UnderlyingNetworks: Null] ]
11-23 14:04:58.152  1795  2424 D MultiInternetWifiNetworkFactory: got request NetworkRequest [ REQUEST id=2470, [ Capabilities: INTERNET&NOT_RESTRICTED&TRUSTED&NOT_VCN_MANAGED Uid: 10157 RequestorUid: 10157 RequestorPkg: com.google.android.googlequicksearchbox UnderlyingNetworks: Null] ]
11-23 14:04:58.152  1795  2432 D ConnectivityService: NetReassign [2470 : null → 100] [c 0] [a 1] [i 2]
11-23 14:04:58.161  3875  3875 I hudn    : #sync(). Running Synclets and scheduling next sync.
11-23 14:04:58.163  3875  3875 I hudn    : #sync(). Running Synclets and scheduling next sync.
11-23 14:04:58.174  1011  1189 I ASH     : @ 91550.371: tcs3701: stop power rail pending_off timer
11-23 14:04:58.174  1011  1189 D ASH     : @ 91550.371: tcs3701: start power rail timer, state:3
11-23 14:04:58.176  3875  4130 I hudn    : #sync() complete
11-23 14:04:58.177  3875  4130 I hudn    : Completed sync. Scheduling next wakeup
11-23 14:04:58.177  3875  4132 I hudn    : Completed sync. Scheduling next wakeup
11-23 14:04:58.177  3875  4132 I huer    : Scheduling next onetime WorkManager workers
11-23 14:04:58.178  3875  4133 I WM-WorkerWrapper: Worker result SUCCESS for Work [ id=d465e240-e788-4c10-b3db-aed68a0169c6, tags={ com.google.apps.tiktok.contrib.work.TikTokListenableWorker,com.google.apps.tiktok.sync.impl.workmanager.SyncWorker,TikTokWorker#com.google.apps.tiktok.sync.impl.workmanager.SyncWorker } ]
11-23 14:04:58.180  3875  4130 I huer    : Scheduling next onetime WorkManager workers
11-23 14:04:58.183  3875  4149 I hudn    : #sync() complete
11-23 14:04:58.187  5238  5296 I BatteryMgr:DataCollectionService: stats => 1700744698187,12817,4446,13427,4169000,100
11-23 14:04:58.213  1011  1189 I ASH     : @ 91550.411: tcs3701: stop power rail pending_off timer
11-23 14:04:58.213  1011  1189 D ASH     : @ 91550.411: tcs3701: start power rail timer, state:3
11-23 14:04:58.253  1011  1189 I ASH     : @ 91550.451: tcs3701: stop power rail pending_off timer
11-23 14:04:58.253  1011  1189 D ASH     : @ 91550.451: tcs3701: start power rail timer, state:3
11-23 14:04:58.275  3875  4132 I huer    : Successfully scheduled next onetime workers
11-23 14:04:58.282  3875  4018 W earchbox:search: Profile data size exceeds 500000 bytes. It has 603072 bytes.
11-23 14:04:58.292  5238  5296 I BatteryMgr:DataCollectionService: stats => 1700744698292,12817,4446,13427,4169000,100
11-23 14:04:58.294  1011  1189 I ASH     : @ 91550.491: tcs3701: stop power rail pending_off timer
11-23 14:04:58.294  1011  1189 D ASH     : @ 91550.491: tcs3701: start power rail timer, state:3
11-23 14:04:58.317  3875  4130 I huer    : Successfully scheduled next onetime workers
11-23 14:04:58.333  1011  1189 I ASH     : @ 91550.531: tcs3701: stop power rail pending_off timer
11-23 14:04:58.333  1011  1189 D ASH     : @ 91550.531: tcs3701: start power rail timer, state:3
11-23 14:04:58.373  1011  1189 I ASH     : @ 91550.571: tcs3701: stop power rail pending_off timer
11-23 14:04:58.373  1011  1189 D ASH     : @ 91550.571: tcs3701: start power rail timer, state:3
11-23 14:04:58.397  5238  5296 I BatteryMgr:DataCollectionService: stats => 1700744698397,12817,4446,13427,4169000,100
11-23 14:04:58.413  1011  1189 I ASH     : @ 91550.611: tcs3701: stop power rail pending_off timer
