11-24 16:58:26.772  1011  1189 I ASH     : @ 188358.961: tcs3701: stop power rail pending_off timer
11-24 16:58:26.772  1011  1189 D ASH     : @ 188358.961: tcs3701: start power rail timer, state:3
11-24 16:58:26.777 10476 10510 I BatteryMgr:DataCollectionService: stats => 1700841506777,13427,4443,-2746,4169000,100
11-24 16:58:26.813  1011  1189 I ASH     : @ 188359.001: tcs3701: stop power rail pending_off timer
11-24 16:58:26.813  1011  1189 D ASH     : @ 188359.001: tcs3701: start power rail timer, state:3
11-24 16:58:26.852  1011  1189 I ASH     : @ 188359.041: tcs3701: stop power rail pending_off timer
11-24 16:58:26.852  1011  1189 D ASH     : @ 188359.041: tcs3701: start power rail timer, state:3
11-24 16:58:26.868  2113  2118 I pixel-thermal: skin-therm-monitor: 40.503
11-24 16:58:26.882 10476 10510 I BatteryMgr:DataCollectionService: stats => 1700841506882,13427,4443,-2746,4169000,100
11-24 16:58:26.892  1011  1189 I ASH     : @ 188359.081: tcs3701: stop power rail pending_off timer
11-24 16:58:26.892  1011  1189 D ASH     : @ 188359.081: tcs3701: start power rail timer, state:3
11-24 16:58:26.932  1011  1189 I ASH     : @ 188359.121: tcs3701: stop power rail pending_off timer
11-24 16:58:26.932  1011  1189 D ASH     : @ 188359.121: tcs3701: start power rail timer, state:3
11-24 16:58:26.957  1795  3057 D ActivityManager: freezer override set to true
11-24 16:58:26.972  1011  1189 I ASH     : @ 188359.161: tcs3701: stop power rail pending_off timer
11-24 16:58:26.972  1011  1189 D ASH     : @ 188359.161: tcs3701: start power rail timer, state:3
11-24 16:58:26.988 10476 10510 I BatteryMgr:DataCollectionService: stats => 1700841506988,13427,4443,-2746,4169000,100
11-24 16:58:27.012  1011  1189 I ASH     : @ 188359.201: tcs3701: stop power rail pending_off timer
11-24 16:58:27.012  1011  1189 D ASH     : @ 188359.201: tcs3701: start power rail timer, state:3
11-24 16:58:27.052  1011  1189 I ASH     : @ 188359.241: tcs3701: stop power rail pending_off timer
11-24 16:58:27.052  1011  1189 D ASH     : @ 188359.241: tcs3701: start power rail timer, state:3
11-24 16:58:27.058 21996 22011 I m.chrome.canary: Explicit concurrent copying GC freed 3578(176KB) AllocSpace objects, 3(60KB) LOS objects, 75% free, 12MB/50MB, paused 32us,35us total 57.441ms
11-24 16:58:27.092  1011  1189 I ASH     : @ 188359.281: tcs3701: stop power rail pending_off timer
11-24 16:58:27.092  1011  1189 D ASH     : @ 188359.281: tcs3701: start power rail timer, state:3
11-24 16:58:27.096 10476 10510 I BatteryMgr:DataCollectionService: stats => 1700841507096,13427,4443,-2746,4169000,100
11-24 16:58:27.132  1011  1189 I ASH     : @ 188359.321: tcs3701: stop power rail pending_off timer
11-24 16:58:27.132  1011  1189 D ASH     : @ 188359.321: tcs3701: start power rail timer, state:3
11-24 16:58:27.172  1011  1189 I ASH     : @ 188359.361: tcs3701: stop power rail pending_off timer
11-24 16:58:27.172  1011  1189 D ASH     : @ 188359.361: tcs3701: start power rail timer, state:3
11-24 16:58:27.177  1795  2424 D WifiClientModeImpl[13802:wlan0]: updateLinkLayerStatsRssiSpeedFrequencyCapabilities rssi=-47 TxLinkspeed=866 freq=5240 RxLinkSpeed=866
11-24 16:58:27.177  1795  2424 D WifiScoreCard: 1 lastSampleWeight=10/128 filterInKbps=61251 avgKbps=61251 filterOutKbps=61236
11-24 16:58:27.177  1795  2424 D WifiDataStall: tx tput in kbps: 729503
11-24 16:58:27.177  1795  2424 D WifiDataStall: rx tput in kbps: 767898
11-24 16:58:27.178  1795  2424 V WifiConfigManager: Updating scan detail cache freq=5240 BSSID=f4:6d:2f:12:cc:88 RSSI=-46 for "ourhome"WPA_PSK
11-24 16:58:27.178  1795  2424 D WifiChannelUtilization:  freq: 5240 onTime: 5715521 busyTime: 584324 onTimeDiff: 2340729 busyTimeDiff: 268625 utilization: 29 utilization t0: 26
11-24 16:58:27.178  1795  2424 D WifiDataStall:  ccaLevel = 29
11-24 16:58:27.178  1795  2424 D WifiDataStall: L2 txTputKbps: 476097, rxTputKbps: 767898, L3 txTputKbps: 120, rxTputKbps: 23, TxTrafficHigh: true, RxTrafficHigh: true, Throughput Sufficient: true
11-24 16:58:27.178  2673  2693 V WifiManager: OnWifiUsabilityStatsListener: onWifiUsabilityStats: seqNum=55395
11-24 16:58:27.178  1795  2424 D WifiScoreReport: Wifi scoring disabled - Don't check IP layer
11-24 16:58:27.178  1795  2424 D WifiScoreCard: BSSID update SIGNAL_POLL ID: 1320464697 SSID: "ourhome", BSSID: f4:6d:2f:12:cc:88, MAC: b2:2f:ec:da:4a:0c, IP: /192.168.1.104, Security type: 2, Supplicant state: COMPLETED, Wi-Fi standard: 5, RSSI: -47, Link speed: 866Mbps, Tx Link speed: 866Mbps, Max Supported Tx Link speed: 866Mbps, Rx Link speed: 866Mbps, Max Supported Rx Link speed: 866Mbps, Frequency: 5240MHz, Net ID: 12, Metered hint: false, score: 60, isUsable: true, CarrierMerged: false, SubscriptionId: -1, IsPrimary: 1, Trusted: true, Restricted: false, Ephemeral: false, OEM paid: false, OEM private: false, OSU AP: false, FQDN: <none>, Provider friendly name: <none>, Requesting package name: <none>"ourhome"wpa2-pskMLO Information: , Is TID-To-Link negotiation supported by the AP: false, AP MLD Address: <none>, AP MLO Link Id: <none>, AP MLO Affiliated links: <none>
11-24 16:58:27.178  1795  2424 D WifiScoreCard: txRate: 12 txSpeed: 866
11-24 16:58:27.178  1795  2424 D WifiScoreCard: network update SIGNAL_POLL "ourhome" ID: 1499892569 RSSI -47 txSpeed 866
11-24 16:58:27.179  1795  3659 D ActivityManager: freezer override set to false
11-24 16:58:27.179  1795  3057 I WifiService: updateWifiUsabilityScore uid=10180 seqNum=55395 score=100 predictionHorizonSec=1441795
11-24 16:58:27.179  1795  2424 D WifiClientModeImpl[13802:wlan0]:  ClientModeImpl$L2ConnectedState screen=on 29 0 "ourhome" f4:6d:2f:12:cc:88 rssi=-47 f=5240 sc=60 link=866 tx=8.1, 3.1, 0.0 rx=25.1 bcn=1814641 [on:132 tx:4 rx:1 period:3016] from screen [on:1105941 period:36749170] score=60
11-24 16:58:27.180  1795  2424 D WifiScoreReport: Wifi scoring disabled - Notify that Wifi is usable
11-24 16:58:27.184  1795  2432 D ConnectivityService: NetReassign [no changes] [c 0] [a 0] [i 4]
11-24 16:58:27.201 10476 10510 I BatteryMgr:DataCollectionService: stats => 1700841507201,13427,4443,-2746,4169000,100
11-24 16:58:27.212  1011  1189 I ASH     : @ 188359.401: tcs3701: stop power rail pending_off timer
11-24 16:58:27.212  1011  1189 D ASH     : @ 188359.401: tcs3701: start power rail timer, state:3
11-24 16:58:27.227  1795  3057 D ActivityManager: freezer override set to true
11-24 16:58:27.230  1795  3057 D ActivityManager: freezer override set to false
11-24 16:58:27.252  1011  1189 I ASH     : @ 188359.441: tcs3701: stop power rail pending_off timer
11-24 16:58:27.252  1011  1189 D ASH     : @ 188359.441: tcs3701: start power rail timer, state:3
11-24 16:58:27.292  1011  1189 I ASH     : @ 188359.481: tcs3701: stop power rail pending_off timer
11-24 16:58:27.292  1011  1189 D ASH     : @ 188359.481: tcs3701: start power rail timer, state:3
11-24 16:58:27.308 10476 10510 I BatteryMgr:DataCollectionService: stats => 1700841507308,13427,4443,-2746,4169000,100
11-24 16:58:27.332  1011  1189 I ASH     : @ 188359.521: tcs3701: stop power rail pending_off timer
11-24 16:58:27.332  1011  1189 D ASH     : @ 188359.521: tcs3701: start power rail timer, state:3
11-24 16:58:27.372  1011  1189 I ASH     : @ 188359.561: tcs3701: stop power rail pending_off timer
11-24 16:58:27.372  1011  1189 D ASH     : @ 188359.561: tcs3701: start power rail timer, state:3
11-24 16:58:27.412  1011  1189 I ASH     : @ 188359.601: tcs3701: stop power rail pending_off timer
11-24 16:58:27.412  1011  1189 D ASH     : @ 188359.601: tcs3701: start power rail timer, state:3
11-24 16:58:27.414 10476 10510 I BatteryMgr:DataCollectionService: stats => 1700841507414,13427,4443,-2746,4169000,100
11-24 16:58:27.452  1011  1189 I ASH     : @ 188359.641: tcs3701: stop power rail pending_off timer
11-24 16:58:27.452  1011  1189 D ASH     : @ 188359.641: tcs3701: start power rail timer, state:3
11-24 16:58:27.493  1011  1189 I ASH     : @ 188359.681: tcs3701: stop power rail pending_off timer
11-24 16:58:27.493  1011  1189 D ASH     : @ 188359.681: tcs3701: start power rail timer, state:3
11-24 16:58:27.521 10476 10510 I BatteryMgr:DataCollectionService: stats => 1700841507520,13427,4443,-2746,4169000,100
11-24 16:58:27.532  1011  1189 I ASH     : @ 188359.721: tcs3701: stop power rail pending_off timer
11-24 16:58:27.532  1011  1189 D ASH     : @ 188359.721: tcs3701: start power rail timer, state:3
11-24 16:58:27.572  1011  1189 I ASH     : @ 188359.761: tcs3701: stop power rail pending_off timer
11-24 16:58:27.572  1011  1189 D ASH     : @ 188359.761: tcs3701: start power rail timer, state:3
11-24 16:58:27.612  1011  1189 I ASH     : @ 188359.801: tcs3701: stop power rail pending_off timer
11-24 16:58:27.612  1011  1189 D ASH     : @ 188359.801: tcs3701: start power rail timer, state:3
11-24 16:58:27.626 10476 10510 I BatteryMgr:DataCollectionService: stats => 1700841507626,13427,4443,-2746,4169000,100
11-24 16:58:27.653  1011  1189 I ASH     : @ 188359.841: tcs3701: stop power rail pending_off timer
11-24 16:58:27.653  1011  1189 D ASH     : @ 188359.841: tcs3701: start power rail timer, state:3
11-24 16:58:27.693  1011  1189 I ASH     : @ 188359.881: tcs3701: stop power rail pending_off timer
11-24 16:58:27.693  1011  1189 D ASH     : @ 188359.881: tcs3701: start power rail timer, state:3
11-24 16:58:27.732  1011  1189 I ASH     : @ 188359.921: tcs3701: stop power rail pending_off timer
11-24 16:58:27.732  1011  1189 D ASH     : @ 188359.921: tcs3701: start power rail timer, state:3
11-24 16:58:27.733 10476 10510 I BatteryMgr:DataCollectionService: stats => 1700841507732,13427,4443,-2746,4169000,100
11-24 16:58:27.773  1011  1189 I ASH     : @ 188359.961: tcs3701: stop power rail pending_off timer
11-24 16:58:27.773  1011  1189 D ASH     : @ 188359.961: tcs3701: start power rail timer, state:3
11-24 16:58:27.812  1011  1189 I ASH     : @ 188360.001: tcs3701: stop power rail pending_off timer
11-24 16:58:27.812  1011  1189 D ASH     : @ 188360.001: tcs3701: start power rail timer, state:3
11-24 16:58:27.839 10476 10510 I BatteryMgr:DataCollectionService: stats => 1700841507838,13427,4443,-2746,4169000,100
11-24 16:58:27.852  1011  1189 I ASH     : @ 188360.041: tcs3701: stop power rail pending_off timer
11-24 16:58:27.852  1011  1189 D ASH     : @ 188360.041: tcs3701: start power rail timer, state:3
11-24 16:58:27.892  1011  1189 I ASH     : @ 188360.081: tcs3701: stop power rail pending_off timer
11-24 16:58:27.892  1011  1189 D ASH     : @ 188360.081: tcs3701: start power rail timer, state:3
11-24 16:58:27.932  1011  1189 I ASH     : @ 188360.121: tcs3701: stop power rail pending_off timer
11-24 16:58:27.932  1011  1189 D ASH     : @ 188360.121: tcs3701: start power rail timer, state:3
11-24 16:58:27.943 10476 10510 I BatteryMgr:DataCollectionService: stats => 1700841507943,13427,4443,-2746,4169000,100
11-24 16:58:27.972  1011  1189 I ASH     : @ 188360.161: tcs3701: stop power rail pending_off timer
11-24 16:58:27.973  1011  1189 D ASH     : @ 188360.161: tcs3701: start power rail timer, state:3
11-24 16:58:28.012  1011  1189 I ASH     : @ 188360.201: tcs3701: stop power rail pending_off timer
11-24 16:58:28.012  1011  1189 D ASH     : @ 188360.201: tcs3701: start power rail timer, state:3
11-24 16:58:28.043  1795  3057 D ActivityManager: freezer override set to true
11-24 16:58:28.047  1795  3057 D ActivityManager: freezer override set to false
11-24 16:58:28.052  1011  1189 I ASH     : @ 188360.241: tcs3701: stop power rail pending_off timer
11-24 16:58:28.052  1011  1189 D ASH     : @ 188360.241: tcs3701: start power rail timer, state:3
11-24 16:58:28.055 10476 10510 I BatteryMgr:DataCollectionService: stats => 1700841508054,13427,4443,-2746,4169000,100
11-24 16:58:28.092  1011  1189 I ASH     : @ 188360.281: tcs3701: stop power rail pending_off timer
11-24 16:58:28.092  1011  1189 D ASH     : @ 188360.281: tcs3701: start power rail timer, state:3
11-24 16:58:28.132  1011  1189 I ASH     : @ 188360.321: tcs3701: stop power rail pending_off timer
11-24 16:58:28.132  1011  1189 D ASH     : @ 188360.321: tcs3701: start power rail timer, state:3
11-24 16:58:28.159 10476 10510 I BatteryMgr:DataCollectionService: stats => 1700841508159,13427,4443,-2746,4169000,100
11-24 16:58:28.172  1011  1189 I ASH     : @ 188360.361: tcs3701: stop power rail pending_off timer
11-24 16:58:28.172  1011  1189 D ASH     : @ 188360.361: tcs3701: start power rail timer, state:3
11-24 16:58:28.212  1011  1189 I ASH     : @ 188360.401: tcs3701: stop power rail pending_off timer
11-24 16:58:28.212  1011  1189 D ASH     : @ 188360.401: tcs3701: start power rail timer, state:3
11-24 16:58:28.252  1011  1189 I ASH     : @ 188360.441: tcs3701: stop power rail pending_off timer
11-24 16:58:28.252  1011  1189 D ASH     : @ 188360.441: tcs3701: start power rail timer, state:3
11-24 16:58:28.267 10476 10510 I BatteryMgr:DataCollectionService: stats => 1700841508267,13427,4443,-2746,4169000,100
11-24 16:58:28.292  1011  1189 I ASH     : @ 188360.481: tcs3701: stop power rail pending_off timer
11-24 16:58:28.292  1011  1189 D ASH     : @ 188360.481: tcs3701: start power rail timer, state:3
11-24 16:58:28.332  1011  1189 I ASH     : @ 188360.521: tcs3701: stop power rail pending_off timer
11-24 16:58:28.332  1011  1189 D ASH     : @ 188360.521: tcs3701: start power rail timer, state:3
11-24 16:58:28.372  1011  1189 I ASH     : @ 188360.561: tcs3701: stop power rail pending_off timer
11-24 16:58:28.372  1011  1189 D ASH     : @ 188360.561: tcs3701: start power rail timer, state:3
11-24 16:58:28.375 10476 10510 I BatteryMgr:DataCollectionService: stats => 1700841508375,13427,4443,-2746,4169000,100
11-24 16:58:28.393  1795  3659 D ActivityManager: freezer override set to true
11-24 16:58:28.412  1011  1189 I ASH     : @ 188360.601: tcs3701: stop power rail pending_off timer
11-24 16:58:28.412  1011  1189 D ASH     : @ 188360.601: tcs3701: start power rail timer, state:3
11-24 16:58:28.452  1011  1189 I ASH     : @ 188360.641: tcs3701: stop power rail pending_off timer
11-24 16:58:28.452  1011  1189 D ASH     : @ 188360.641: tcs3701: start power rail timer, state:3
11-24 16:58:28.480 10476 10510 I BatteryMgr:DataCollectionService: stats => 1700841508480,13427,4443,-2746,4169000,100
11-24 16:58:28.492  1011  1189 I ASH     : @ 188360.681: tcs3701: stop power rail pending_off timer
11-24 16:58:28.492  1011  1189 D ASH     : @ 188360.681: tcs3701: start power rail timer, state:3
11-24 16:58:28.532  1011  1189 I ASH     : @ 188360.721: tcs3701: stop power rail pending_off timer
11-24 16:58:28.533  1011  1189 D ASH     : @ 188360.721: tcs3701: start power rail timer, state:3
11-24 16:58:28.539 21996 22012 I m.chrome.canary: Explicit concurrent copying GC freed 3810(191KB) AllocSpace objects, 4(80KB) LOS objects, 75% free, 12MB/50MB, paused 102us,24us total 63.466ms
11-24 16:58:28.573  1011  1189 I ASH     : @ 188360.761: tcs3701: stop power rail pending_off timer
11-24 16:58:28.573  1011  1189 D ASH     : @ 188360.761: tcs3701: start power rail timer, state:3
11-24 16:58:28.590 10476 10510 I BatteryMgr:DataCollectionService: stats => 1700841508589,13427,4443,-2746,4169000,100
11-24 16:58:28.604  1795  3659 D ActivityManager: freezer override set to false
11-24 16:58:28.612  1011  1189 I ASH     : @ 188360.801: tcs3701: stop power rail pending_off timer
11-24 16:58:28.612  1011  1189 D ASH     : @ 188360.801: tcs3701: start power rail timer, state:3
11-24 16:58:28.652  1011  1189 I ASH     : @ 188360.841: tcs3701: stop power rail pending_off timer
11-24 16:58:28.652  1011  1189 D ASH     : @ 188360.841: tcs3701: start power rail timer, state:3
11-24 16:58:28.658  1795  3659 D ActivityManager: freezer override set to true
11-24 16:58:28.663  1795  3659 D ActivityManager: freezer override set to false
11-24 16:58:28.692  1011  1189 I ASH     : @ 188360.881: tcs3701: stop power rail pending_off timer
11-24 16:58:28.692  1011  1189 D ASH     : @ 188360.881: tcs3701: start power rail timer, state:3
11-24 16:58:28.699 10476 10510 I BatteryMgr:DataCollectionService: stats => 1700841508699,13427,4443,-2746,4169000,100
11-24 16:58:28.732  1011  1189 I ASH     : @ 188360.921: tcs3701: stop power rail pending_off timer
11-24 16:58:28.732  1011  1189 D ASH     : @ 188360.921: tcs3701: start power rail timer, state:3
11-24 16:58:28.772  1011  1189 I ASH     : @ 188360.961: tcs3701: stop power rail pending_off timer
11-24 16:58:28.772  1011  1189 D ASH     : @ 188360.961: tcs3701: start power rail timer, state:3
11-24 16:58:28.804 10476 10510 I BatteryMgr:DataCollectionService: stats => 1700841508803,13427,4443,-2746,4169000,100
11-24 16:58:28.812  1011  1189 I ASH     : @ 188361.001: tcs3701: stop power rail pending_off timer
11-24 16:58:28.812  1011  1189 D ASH     : @ 188361.001: tcs3701: start power rail timer, state:3
11-24 16:58:28.852  1011  1189 I ASH     : @ 188361.041: tcs3701: stop power rail pending_off timer
11-24 16:58:28.852  1011  1189 D ASH     : @ 188361.041: tcs3701: start power rail timer, state:3
11-24 16:58:28.871  2113  2118 I pixel-thermal: skin-therm-monitor: 40.529
11-24 16:58:28.892  1011  1189 I ASH     : @ 188361.081: tcs3701: stop power rail pending_off timer
11-24 16:58:28.892  1011  1189 D ASH     : @ 188361.081: tcs3701: start power rail timer, state:3
11-24 16:58:28.909 10476 10510 I BatteryMgr:DataCollectionService: stats => 1700841508909,13427,4443,-2746,4169000,100
11-24 16:58:28.932  1011  1189 I ASH     : @ 188361.121: tcs3701: stop power rail pending_off timer
11-24 16:58:28.932  1011  1189 D ASH     : @ 188361.121: tcs3701: start power rail timer, state:3
11-24 16:58:28.972  1011  1189 I ASH     : @ 188361.161: tcs3701: stop power rail pending_off timer
11-24 16:58:28.972  1011  1189 D ASH     : @ 188361.161: tcs3701: start power rail timer, state:3
11-24 16:58:29.012  1011  1189 I ASH     : @ 188361.201: tcs3701: stop power rail pending_off timer
11-24 16:58:29.012  1011  1189 D ASH     : @ 188361.201: tcs3701: start power rail timer, state:3
11-24 16:58:29.015 10476 10510 I BatteryMgr:DataCollectionService: stats => 1700841509015,13427,4443,-2746,4169000,100
11-24 16:58:29.051  1795  3659 D ActivityManager: freezer override set to true
11-24 16:58:29.052  1011  1189 I ASH     : @ 188361.241: tcs3701: stop power rail pending_off timer
11-24 16:58:29.052  1011  1189 D ASH     : @ 188361.241: tcs3701: start power rail timer, state:3
11-24 16:58:29.056  1795  3659 D ActivityManager: freezer override set to false
11-24 16:58:29.092  1011  1189 I ASH     : @ 188361.281: tcs3701: stop power rail pending_off timer
11-24 16:58:29.092  1011  1189 D ASH     : @ 188361.281: tcs3701: start power rail timer, state:3
11-24 16:58:29.120 10476 10510 I BatteryMgr:DataCollectionService: stats => 1700841509120,13427,4443,-2746,4169000,100
11-24 16:58:29.132  1011  1189 I ASH     : @ 188361.321: tcs3701: stop power rail pending_off timer
11-24 16:58:29.132  1011  1189 D ASH     : @ 188361.321: tcs3701: start power rail timer, state:3
11-24 16:58:29.172  1011  1189 I ASH     : @ 188361.361: tcs3701: stop power rail pending_off timer
11-24 16:58:29.172  1011  1189 D ASH     : @ 188361.361: tcs3701: start power rail timer, state:3
11-24 16:58:29.212  1011  1189 I ASH     : @ 188361.401: tcs3701: stop power rail pending_off timer
11-24 16:58:29.212  1011  1189 D ASH     : @ 188361.401: tcs3701: start power rail timer, state:3
11-24 16:58:29.227 10476 10510 I BatteryMgr:DataCollectionService: stats => 1700841509226,13427,4443,-2746,4169000,100
11-24 16:58:29.252  1011  1189 I ASH     : @ 188361.441: tcs3701: stop power rail pending_off timer
11-24 16:58:29.252  1011  1189 D ASH     : @ 188361.441: tcs3701: start power rail timer, state:3
11-24 16:58:29.292  1011  1189 I ASH     : @ 188361.481: tcs3701: stop power rail pending_off timer
11-24 16:58:29.292  1011  1189 D ASH     : @ 188361.481: tcs3701: start power rail timer, state:3
11-24 16:58:29.332  1011  1189 I ASH     : @ 188361.521: tcs3701: stop power rail pending_off timer
11-24 16:58:29.332  1011  1189 D ASH     : @ 188361.521: tcs3701: start power rail timer, state:3
11-24 16:58:29.332 10476 10510 I BatteryMgr:DataCollectionService: stats => 1700841509332,13427,4443,-2746,4169000,100
11-24 16:58:29.372  1011  1189 I ASH     : @ 188361.561: tcs3701: stop power rail pending_off timer
11-24 16:58:29.372  1011  1189 D ASH     : @ 188361.561: tcs3701: start power rail timer, state:3
11-24 16:58:29.412  1011  1189 I ASH     : @ 188361.601: tcs3701: stop power rail pending_off timer
11-24 16:58:29.412  1011  1189 D ASH     : @ 188361.601: tcs3701: start power rail timer, state:3
11-24 16:58:29.438 10476 10510 I BatteryMgr:DataCollectionService: stats => 1700841509438,13427,4443,-2746,4169000,100
11-24 16:58:29.453  1011  1189 I ASH     : @ 188361.641: tcs3701: stop power rail pending_off timer
11-24 16:58:29.453  1011  1189 D ASH     : @ 188361.641: tcs3701: start power rail timer, state:3
11-24 16:58:29.492  1011  1189 I ASH     : @ 188361.681: tcs3701: stop power rail pending_off timer
11-24 16:58:29.492  1011  1189 D ASH     : @ 188361.681: tcs3701: start power rail timer, state:3
11-24 16:58:29.532  1011  1189 I ASH     : @ 188361.721: tcs3701: stop power rail pending_off timer
11-24 16:58:29.532  1011  1189 D ASH     : @ 188361.721: tcs3701: start power rail timer, state:3
11-24 16:58:29.546 10476 10510 I BatteryMgr:DataCollectionService: stats => 1700841509546,13427,4443,-2746,4169000,100
11-24 16:58:29.572  1011  1189 I ASH     : @ 188361.761: tcs3701: stop power rail pending_off timer
11-24 16:58:29.572  1011  1189 D ASH     : @ 188361.761: tcs3701: start power rail timer, state:3
11-24 16:58:29.612  1011  1189 I ASH     : @ 188361.801: tcs3701: stop power rail pending_off timer
11-24 16:58:29.612  1011  1189 D ASH     : @ 188361.801: tcs3701: start power rail timer, state:3
11-24 16:58:29.653 10476 10510 I BatteryMgr:DataCollectionService: stats => 1700841509653,13427,4443,-2746,4169000,100
11-24 16:58:29.653  1011  1189 I ASH     : @ 188361.841: tcs3701: stop power rail pending_off timer
11-24 16:58:29.653  1011  1189 D ASH     : @ 188361.841: tcs3701: start power rail timer, state:3
11-24 16:58:29.692  1011  1189 I ASH     : @ 188361.881: tcs3701: stop power rail pending_off timer
11-24 16:58:29.692  1011  1189 D ASH     : @ 188361.881: tcs3701: start power rail timer, state:3
11-24 16:58:29.733  1011  1189 I ASH     : @ 188361.921: tcs3701: stop power rail pending_off timer
11-24 16:58:29.733  1011  1189 D ASH     : @ 188361.921: tcs3701: start power rail timer, state:3
11-24 16:58:29.767 10476 10510 I BatteryMgr:DataCollectionService: stats => 1700841509767,13427,4443,-2746,4169000,100
11-24 16:58:29.772  1011  1189 I ASH     : @ 188361.961: tcs3701: stop power rail pending_off timer
11-24 16:58:29.772  1011  1189 D ASH     : @ 188361.961: tcs3701: start power rail timer, state:3
11-24 16:58:29.812  1011  1189 I ASH     : @ 188362.001: tcs3701: stop power rail pending_off timer
11-24 16:58:29.812  1011  1189 D ASH     : @ 188362.001: tcs3701: start power rail timer, state:3
11-24 16:58:29.820  1795  3659 D ActivityManager: freezer override set to true
11-24 16:58:29.852  1011  1189 I ASH     : @ 188362.041: tcs3701: stop power rail pending_off timer
11-24 16:58:29.852  1011  1189 D ASH     : @ 188362.041: tcs3701: start power rail timer, state:3
11-24 16:58:29.875 10476 10510 I BatteryMgr:DataCollectionService: stats => 1700841509875,13427,4443,-2746,4169000,100
11-24 16:58:29.892  1011  1189 I ASH     : @ 188362.081: tcs3701: stop power rail pending_off timer
11-24 16:58:29.892  1011  1189 D ASH     : @ 188362.081: tcs3701: start power rail timer, state:3
11-24 16:58:29.932  1011  1189 I ASH     : @ 188362.121: tcs3701: stop power rail pending_off timer
11-24 16:58:29.932  1011  1189 D ASH     : @ 188362.121: tcs3701: start power rail timer, state:3
11-24 16:58:29.933 21996 22012 I m.chrome.canary: Explicit concurrent copying GC freed 3593(176KB) AllocSpace objects, 3(60KB) LOS objects, 75% free, 12MB/50MB, paused 128us,25us total 59.808ms
11-24 16:58:29.972  1011  1189 I ASH     : @ 188362.161: tcs3701: stop power rail pending_off timer
11-24 16:58:29.972  1011  1189 D ASH     : @ 188362.161: tcs3701: start power rail timer, state:3
11-24 16:58:29.986 10476 10510 I BatteryMgr:DataCollectionService: stats => 1700841509986,13427,4443,-2746,4169000,100
11-24 16:58:30.002  1795  3659 D ActivityManager: freezer override set to false
11-24 16:58:30.012  1011  1189 I ASH     : @ 188362.201: tcs3701: stop power rail pending_off timer
11-24 16:58:30.012  1011  1189 D ASH     : @ 188362.201: tcs3701: start power rail timer, state:3
11-24 16:58:30.053  1011  1189 I ASH     : @ 188362.241: tcs3701: stop power rail pending_off timer
11-24 16:58:30.053  1011  1189 D ASH     : @ 188362.241: tcs3701: start power rail timer, state:3
11-24 16:58:30.066  1795  3659 D ActivityManager: freezer override set to true
11-24 16:58:30.075  1795  3057 D ActivityManager: freezer override set to false
11-24 16:58:30.092  1011  1189 I ASH     : @ 188362.281: tcs3701: stop power rail pending_off timer
11-24 16:58:30.092  1011  1189 D ASH     : @ 188362.281: tcs3701: start power rail timer, state:3
11-24 16:58:30.094 10476 10510 I BatteryMgr:DataCollectionService: stats => 1700841510094,13427,4443,-2746,4169000,100
11-24 16:58:30.132  1011  1189 I ASH     : @ 188362.321: tcs3701: stop power rail pending_off timer
11-24 16:58:30.132  1011  1189 D ASH     : @ 188362.321: tcs3701: start power rail timer, state:3
11-24 16:58:30.173  1011  1189 I ASH     : @ 188362.361: tcs3701: stop power rail pending_off timer
11-24 16:58:30.173  1011  1189 D ASH     : @ 188362.361: tcs3701: start power rail timer, state:3
11-24 16:58:30.190  1795  2424 D WifiClientModeImpl[13802:wlan0]: updateLinkLayerStatsRssiSpeedFrequencyCapabilities rssi=-47 TxLinkspeed=866 freq=5240 RxLinkSpeed=866
11-24 16:58:30.191  1795  2424 D WifiScoreCard: 1 lastSampleWeight=6/128 filterInKbps=61251 avgKbps=61251 filterOutKbps=61250
11-24 16:58:30.191  1795  2424 D WifiDataStall: tx tput in kbps: 476097
11-24 16:58:30.191  1795  2424 D WifiDataStall: rx tput in kbps: 767898
11-24 16:58:30.191  1795  2424 V WifiConfigManager: Updating scan detail cache freq=5240 BSSID=f4:6d:2f:12:cc:88 RSSI=-46 for "ourhome"WPA_PSK
11-24 16:58:30.192  1795  2424 D WifiChannelUtilization:  freq: 5240 onTime: 5715647 busyTime: 584344 onTimeDiff: 2340855 busyTimeDiff: 268645 utilization: 29 utilization t0: 26
11-24 16:58:30.192  1795  2424 D WifiDataStall:  ccaLevel = 29
11-24 16:58:30.192  1795  2424 D WifiDataStall: L2 txTputKbps: 729503, rxTputKbps: 767898, L3 txTputKbps: 29, rxTputKbps: 1, TxTrafficHigh: false, RxTrafficHigh: false, Throughput Sufficient: true
11-24 16:58:30.192  2673  2693 V WifiManager: OnWifiUsabilityStatsListener: onWifiUsabilityStats: seqNum=55396
11-24 16:58:30.192  1795  2424 D WifiScoreReport: Wifi scoring disabled - Don't check IP layer
11-24 16:58:30.193  1795  3057 I WifiService: updateWifiUsabilityScore uid=10180 seqNum=55396 score=100 predictionHorizonSec=1441795
11-24 16:58:30.193  1795  2424 D WifiScoreCard: BSSID update SIGNAL_POLL ID: 1320464697 SSID: "ourhome", BSSID: f4:6d:2f:12:cc:88, MAC: b2:2f:ec:da:4a:0c, IP: /192.168.1.104, Security type: 2, Supplicant state: COMPLETED, Wi-Fi standard: 5, RSSI: -47, Link speed: 866Mbps, Tx Link speed: 866Mbps, Max Supported Tx Link speed: 866Mbps, Rx Link speed: 866Mbps, Max Supported Rx Link speed: 866Mbps, Frequency: 5240MHz, Net ID: 12, Metered hint: false, score: 60, isUsable: true, CarrierMerged: false, SubscriptionId: -1, IsPrimary: 1, Trusted: true, Restricted: false, Ephemeral: false, OEM paid: false, OEM private: false, OSU AP: false, FQDN: <none>, Provider friendly name: <none>, Requesting package name: <none>"ourhome"wpa2-pskMLO Information: , Is TID-To-Link negotiation supported by the AP: false, AP MLD Address: <none>, AP MLO Link Id: <none>, AP MLO Affiliated links: <none>
11-24 16:58:30.193  1795  2424 D WifiScoreCard: txRate: 5 txSpeed: 866
11-24 16:58:30.193  1795  2424 D WifiScoreCard: network update SIGNAL_POLL "ourhome" ID: 1499892569 RSSI -47 txSpeed 866
11-24 16:58:30.193  1795  2424 D WifiClientModeImpl[13802:wlan0]:  ClientModeImpl$L2ConnectedState screen=on 29 0 "ourhome" f4:6d:2f:12:cc:88 rssi=-47 f=5240 sc=60 link=866 tx=3.8, 1.1, 0.0 rx=10.0 bcn=1814671 [on:126 tx:1 rx:1 period:3014] from screen [on:1106067 period:36752184] score=60
11-24 16:58:30.194  1795  2424 D WifiScoreReport: Wifi scoring disabled - Notify that Wifi is usable
11-24 16:58:30.196  1795  2432 D ConnectivityService: NetReassign [no changes] [c 1] [a 0] [i 2]
11-24 16:58:30.202 10476 10510 I BatteryMgr:DataCollectionService: stats => 1700841510201,13427,4443,-2746,4169000,100
11-24 16:58:30.212  1011  1189 I ASH     : @ 188362.401: tcs3701: stop power rail pending_off timer
11-24 16:58:30.212  1011  1189 D ASH     : @ 188362.401: tcs3701: start power rail timer, state:3
11-24 16:58:30.252  1011  1189 I ASH     : @ 188362.441: tcs3701: stop power rail pending_off timer
11-24 16:58:30.253  1011  1189 D ASH     : @ 188362.441: tcs3701: start power rail timer, state:3
11-24 16:58:30.292  1011  1189 I ASH     : @ 188362.481: tcs3701: stop power rail pending_off timer
11-24 16:58:30.292  1011  1189 D ASH     : @ 188362.481: tcs3701: start power rail timer, state:3
11-24 16:58:30.307 10476 10510 I BatteryMgr:DataCollectionService: stats => 1700841510307,13427,4443,-2746,4169000,100
11-24 16:58:30.332  1011  1189 I ASH     : @ 188362.521: tcs3701: stop power rail pending_off timer
11-24 16:58:30.332  1011  1189 D ASH     : @ 188362.521: tcs3701: start power rail timer, state:3
11-24 16:58:30.372  1011  1189 I ASH     : @ 188362.561: tcs3701: stop power rail pending_off timer
11-24 16:58:30.372  1011  1189 D ASH     : @ 188362.561: tcs3701: start power rail timer, state:3
11-24 16:58:30.412  1011  1189 I ASH     : @ 188362.601: tcs3701: stop power rail pending_off timer
11-24 16:58:30.412  1011  1189 D ASH     : @ 188362.601: tcs3701: start power rail timer, state:3
11-24 16:58:30.414 10476 10510 I BatteryMgr:DataCollectionService: stats => 1700841510414,13427,4443,-2746,4169000,100
11-24 16:58:30.452  1011  1189 I ASH     : @ 188362.641: tcs3701: stop power rail pending_off timer
11-24 16:58:30.452  1011  1189 D ASH     : @ 188362.641: tcs3701: start power rail timer, state:3
11-24 16:58:30.492  1011  1189 I ASH     : @ 188362.681: tcs3701: stop power rail pending_off timer
11-24 16:58:30.492  1011  1189 D ASH     : @ 188362.681: tcs3701: start power rail timer, state:3
11-24 16:58:30.520 10476 10510 I BatteryMgr:DataCollectionService: stats => 1700841510520,13427,4443,-2746,4169000,100
11-24 16:58:30.532  1011  1189 I ASH     : @ 188362.721: tcs3701: stop power rail pending_off timer
11-24 16:58:30.532  1011  1189 D ASH     : @ 188362.721: tcs3701: start power rail timer, state:3
11-24 16:58:30.572  1011  1189 I ASH     : @ 188362.761: tcs3701: stop power rail pending_off timer
11-24 16:58:30.572  1011  1189 D ASH     : @ 188362.761: tcs3701: start power rail timer, state:3
11-24 16:58:30.612  1011  1189 I ASH     : @ 188362.801: tcs3701: stop power rail pending_off timer
11-24 16:58:30.612  1011  1189 D ASH     : @ 188362.801: tcs3701: start power rail timer, state:3
11-24 16:58:30.629 10476 10510 I BatteryMgr:DataCollectionService: stats => 1700841510629,13427,4443,-2746,4169000,100
11-24 16:58:30.653  1011  1189 I ASH     : @ 188362.841: tcs3701: stop power rail pending_off timer
11-24 16:58:30.653  1011  1189 D ASH     : @ 188362.841: tcs3701: start power rail timer, state:3
11-24 16:58:30.692  1011  1189 I ASH     : @ 188362.881: tcs3701: stop power rail pending_off timer
11-24 16:58:30.692  1011  1189 D ASH     : @ 188362.881: tcs3701: start power rail timer, state:3
11-24 16:58:30.732  1011  1189 I ASH     : @ 188362.921: tcs3701: stop power rail pending_off timer
11-24 16:58:30.732  1011  1189 D ASH     : @ 188362.921: tcs3701: start power rail timer, state:3
11-24 16:58:30.733 10476 10510 I BatteryMgr:DataCollectionService: stats => 1700841510733,13427,4443,-2746,4169000,100
11-24 16:58:30.772  1011  1189 I ASH     : @ 188362.961: tcs3701: stop power rail pending_off timer
11-24 16:58:30.772  1011  1189 D ASH     : @ 188362.961: tcs3701: start power rail timer, state:3
11-24 16:58:30.812  1011  1189 I ASH     : @ 188363.001: tcs3701: stop power rail pending_off timer
11-24 16:58:30.812  1011  1189 D ASH     : @ 188363.001: tcs3701: start power rail timer, state:3
11-24 16:58:30.839 10476 10510 I BatteryMgr:DataCollectionService: stats => 1700841510839,13427,4443,-2746,4169000,100
11-24 16:58:30.853  1011  1189 I ASH     : @ 188363.041: tcs3701: stop power rail pending_off timer
11-24 16:58:30.853  1011  1189 D ASH     : @ 188363.041: tcs3701: start power rail timer, state:3
11-24 16:58:30.875  2113  2118 I pixel-thermal: skin-therm-monitor: 40.559
11-24 16:58:30.892  1011  1189 I ASH     : @ 188363.081: tcs3701: stop power rail pending_off timer
11-24 16:58:30.892  1011  1189 D ASH     : @ 188363.081: tcs3701: start power rail timer, state:3
11-24 16:58:30.932  1011  1189 I ASH     : @ 188363.121: tcs3701: stop power rail pending_off timer
11-24 16:58:30.932  1011  1189 D ASH     : @ 188363.121: tcs3701: start power rail timer, state:3
11-24 16:58:30.948 10476 10510 I BatteryMgr:DataCollectionService: stats => 1700841510947,13427,4443,-2746,4169000,100
11-24 16:58:30.972  1011  1189 I ASH     : @ 188363.161: tcs3701: stop power rail pending_off timer
11-24 16:58:30.972  1011  1189 D ASH     : @ 188363.161: tcs3701: start power rail timer, state:3
11-24 16:58:31.013  1011  1189 I ASH     : @ 188363.201: tcs3701: stop power rail pending_off timer
11-24 16:58:31.013  1011  1189 D ASH     : @ 188363.201: tcs3701: start power rail timer, state:3
11-24 16:58:31.053  1011  1189 I ASH     : @ 188363.241: tcs3701: stop power rail pending_off timer
11-24 16:58:31.053  1011  1189 D ASH     : @ 188363.241: tcs3701: start power rail timer, state:3
11-24 16:58:31.054 10476 10510 I BatteryMgr:DataCollectionService: stats => 1700841511054,13427,4443,-2746,4169000,100
11-24 16:58:31.069  1795  3057 D ActivityManager: freezer override set to true
11-24 16:58:31.074  1795  3057 D ActivityManager: freezer override set to false
11-24 16:58:31.092  1011  1189 I ASH     : @ 188363.281: tcs3701: stop power rail pending_off timer
11-24 16:58:31.092  1011  1189 D ASH     : @ 188363.281: tcs3701: start power rail timer, state:3
11-24 16:58:31.132  1011  1189 I ASH     : @ 188363.321: tcs3701: stop power rail pending_off timer
11-24 16:58:31.132  1011  1189 D ASH     : @ 188363.321: tcs3701: start power rail timer, state:3
11-24 16:58:31.163 10476 10510 I BatteryMgr:DataCollectionService: stats => 1700841511163,13427,4443,-2746,4169000,100
11-24 16:58:31.174  1011  1189 I ASH     : @ 188363.361: tcs3701: stop power rail pending_off timer
11-24 16:58:31.174  1011  1189 D ASH     : @ 188363.361: tcs3701: start power rail timer, state:3
11-24 16:58:31.212  1011  1189 I ASH     : @ 188363.401: tcs3701: stop power rail pending_off timer
11-24 16:58:31.212  1011  1189 D ASH     : @ 188363.401: tcs3701: start power rail timer, state:3
11-24 16:58:31.243  3604  4020 I bbqr    : (REDACTED) getHotwordActive::active query: %s, watch: %s, devices connected: %s
11-24 16:58:31.248  1795  3057 D ActivityManager: freezer override set to true
11-24 16:58:31.252  1011  1189 I ASH     : @ 188363.441: tcs3701: stop power rail pending_off timer
11-24 16:58:31.252  1011  1189 D ASH     : @ 188363.441: tcs3701: start power rail timer, state:3
11-24 16:58:31.269 10476 10510 I BatteryMgr:DataCollectionService: stats => 1700841511269,13427,4443,-2746,4169000,100
11-24 16:58:31.292  1011  1189 I ASH     : @ 188363.481: tcs3701: stop power rail pending_off timer
11-24 16:58:31.292  1011  1189 D ASH     : @ 188363.481: tcs3701: start power rail timer, state:3
11-24 16:58:31.332  1011  1189 I ASH     : @ 188363.521: tcs3701: stop power rail pending_off timer
11-24 16:58:31.332  1011  1189 D ASH     : @ 188363.521: tcs3701: start power rail timer, state:3
11-24 16:58:31.347 21996 22012 I m.chrome.canary: Explicit concurrent copying GC freed 3804(191KB) AllocSpace objects, 4(80KB) LOS objects, 75% free, 12MB/50MB, paused 162us,33us total 53.307ms
11-24 16:58:31.372  1011  1189 I ASH     : @ 188363.561: tcs3701: stop power rail pending_off timer
11-24 16:58:31.372  1011  1189 D ASH     : @ 188363.561: tcs3701: start power rail timer, state:3
11-24 16:58:31.377 10476 10510 I BatteryMgr:DataCollectionService: stats => 1700841511376,13427,4443,-2746,4169000,100
11-24 16:58:31.412  1011  1189 I ASH     : @ 188363.601: tcs3701: stop power rail pending_off timer
11-24 16:58:31.412  1011  1189 D ASH     : @ 188363.601: tcs3701: start power rail timer, state:3
11-24 16:58:31.414  1795  3057 D ActivityManager: freezer override set to false
11-24 16:58:31.453  1011  1189 I ASH     : @ 188363.641: tcs3701: stop power rail pending_off timer
11-24 16:58:31.453  1011  1189 D ASH     : @ 188363.641: tcs3701: start power rail timer, state:3
11-24 16:58:31.459  1795  3057 D ActivityManager: freezer override set to true
11-24 16:58:31.463  1795  3057 D ActivityManager: freezer override set to false
11-24 16:58:31.484 10476 10510 I BatteryMgr:DataCollectionService: stats => 1700841511484,13427,4443,-2746,4169000,100
11-24 16:58:31.492  1011  1189 I ASH     : @ 188363.681: tcs3701: stop power rail pending_off timer
11-24 16:58:31.492  1011  1189 D ASH     : @ 188363.681: tcs3701: start power rail timer, state:3
11-24 16:58:31.532  1011  1189 I ASH     : @ 188363.721: tcs3701: stop power rail pending_off timer
11-24 16:58:31.532  1011  1189 D ASH     : @ 188363.721: tcs3701: start power rail timer, state:3
11-24 16:58:31.572  1011  1189 I ASH     : @ 188363.761: tcs3701: stop power rail pending_off timer
11-24 16:58:31.572  1011  1189 D ASH     : @ 188363.761: tcs3701: start power rail timer, state:3
11-24 16:58:31.589 10476 10510 I BatteryMgr:DataCollectionService: stats => 1700841511589,13427,4443,-2746,4169000,100
11-24 16:58:31.612  1011  1189 I ASH     : @ 188363.801: tcs3701: stop power rail pending_off timer
11-24 16:58:31.612  1011  1189 D ASH     : @ 188363.801: tcs3701: start power rail timer, state:3
11-24 16:58:31.652  1011  1189 I ASH     : @ 188363.841: tcs3701: stop power rail pending_off timer
11-24 16:58:31.652  1011  1189 D ASH     : @ 188363.841: tcs3701: start power rail timer, state:3
11-24 16:58:31.692  1011  1189 I ASH     : @ 188363.881: tcs3701: stop power rail pending_off timer
11-24 16:58:31.693  1011  1189 D ASH     : @ 188363.881: tcs3701: start power rail timer, state:3
11-24 16:58:31.696 10476 10510 I BatteryMgr:DataCollectionService: stats => 1700841511696,13427,4443,-2746,4169000,100
11-24 16:58:31.732  1011  1189 I ASH     : @ 188363.921: tcs3701: stop power rail pending_off timer
11-24 16:58:31.732  1011  1189 D ASH     : @ 188363.921: tcs3701: start power rail timer, state:3
11-24 16:58:31.772  1011  1189 I ASH     : @ 188363.961: tcs3701: stop power rail pending_off timer
11-24 16:58:31.772  1011  1189 D ASH     : @ 188363.961: tcs3701: start power rail timer, state:3
11-24 16:58:31.802 10476 10510 I BatteryMgr:DataCollectionService: stats => 1700841511802,13427,4443,-2746,4169000,100
11-24 16:58:31.812  1011  1189 I ASH     : @ 188364.001: tcs3701: stop power rail pending_off timer
11-24 16:58:31.813  1011  1189 D ASH     : @ 188364.001: tcs3701: start power rail timer, state:3
11-24 16:58:31.852  1011  1189 I ASH     : @ 188364.041: tcs3701: stop power rail pending_off timer
11-24 16:58:31.852  1011  1189 D ASH     : @ 188364.041: tcs3701: start power rail timer, state:3
11-24 16:58:31.892  1011  1189 I ASH     : @ 188364.081: tcs3701: stop power rail pending_off timer
11-24 16:58:31.892  1011  1189 D ASH     : @ 188364.081: tcs3701: start power rail timer, state:3
11-24 16:58:31.909 10476 10510 I BatteryMgr:DataCollectionService: stats => 1700841511909,13427,4443,-2746,4169000,100
11-24 16:58:31.932  1011  1189 I ASH     : @ 188364.121: tcs3701: stop power rail pending_off timer
11-24 16:58:31.932  1011  1189 D ASH     : @ 188364.121: tcs3701: start power rail timer, state:3
11-24 16:58:31.972  1011  1189 I ASH     : @ 188364.161: tcs3701: stop power rail pending_off timer
11-24 16:58:31.972  1011  1189 D ASH     : @ 188364.161: tcs3701: start power rail timer, state:3
11-24 16:58:32.012  1011  1189 I ASH     : @ 188364.201: tcs3701: stop power rail pending_off timer
11-24 16:58:32.012  1011  1189 D ASH     : @ 188364.201: tcs3701: start power rail timer, state:3
11-24 16:58:32.017 10476 10510 I BatteryMgr:DataCollectionService: stats => 1700841512017,13427,4443,-2746,4169000,100
11-24 16:58:32.052  1011  1189 I ASH     : @ 188364.241: tcs3701: stop power rail pending_off timer
11-24 16:58:32.052  1011  1189 D ASH     : @ 188364.241: tcs3701: start power rail timer, state:3
11-24 16:58:32.077  1795  3659 D ActivityManager: freezer override set to true
11-24 16:58:32.081  1795  3659 D ActivityManager: freezer override set to false
11-24 16:58:32.093  1011  1189 I ASH     : @ 188364.281: tcs3701: stop power rail pending_off timer
11-24 16:58:32.093  1011  1189 D ASH     : @ 188364.281: tcs3701: start power rail timer, state:3
11-24 16:58:32.124 10476 10510 I BatteryMgr:DataCollectionService: stats => 1700841512124,13427,4443,-2746,4169000,100
11-24 16:58:32.132  1011  1189 I ASH     : @ 188364.321: tcs3701: stop power rail pending_off timer
11-24 16:58:32.132  1011  1189 D ASH     : @ 188364.321: tcs3701: start power rail timer, state:3
11-24 16:58:32.172  1011  1189 I ASH     : @ 188364.361: tcs3701: stop power rail pending_off timer
11-24 16:58:32.172  1011  1189 D ASH     : @ 188364.361: tcs3701: start power rail timer, state:3
11-24 16:58:32.212  1011  1189 I ASH     : @ 188364.401: tcs3701: stop power rail pending_off timer
11-24 16:58:32.212  1011  1189 D ASH     : @ 188364.401: tcs3701: start power rail timer, state:3
11-24 16:58:32.230 10476 10510 I BatteryMgr:DataCollectionService: stats => 1700841512230,13427,4443,-2746,4169000,100
11-24 16:58:32.252  1011  1189 I ASH     : @ 188364.441: tcs3701: stop power rail pending_off timer
11-24 16:58:32.252  1011  1189 D ASH     : @ 188364.441: tcs3701: start power rail timer, state:3
11-24 16:58:32.292  1011  1189 I ASH     : @ 188364.481: tcs3701: stop power rail pending_off timer
11-24 16:58:32.292  1011  1189 D ASH     : @ 188364.481: tcs3701: start power rail timer, state:3
11-24 16:58:32.332  1011  1189 I ASH     : @ 188364.521: tcs3701: stop power rail pending_off timer
11-24 16:58:32.332  1011  1189 D ASH     : @ 188364.521: tcs3701: start power rail timer, state:3
11-24 16:58:32.335 10476 10510 I BatteryMgr:DataCollectionService: stats => 1700841512335,13427,4443,-2746,4169000,100
11-24 16:58:32.372  1011  1189 I ASH     : @ 188364.561: tcs3701: stop power rail pending_off timer
11-24 16:58:32.372  1011  1189 D ASH     : @ 188364.561: tcs3701: start power rail timer, state:3
11-24 16:58:32.412  1011  1189 I ASH     : @ 188364.601: tcs3701: stop power rail pending_off timer
11-24 16:58:32.412  1011  1189 D ASH     : @ 188364.601: tcs3701: start power rail timer, state:3
11-24 16:58:32.441 10476 10510 I BatteryMgr:DataCollectionService: stats => 1700841512441,13427,4443,-2746,4169000,100
11-24 16:58:32.452  1011  1189 I ASH     : @ 188364.641: tcs3701: stop power rail pending_off timer
11-24 16:58:32.452  1011  1189 D ASH     : @ 188364.641: tcs3701: start power rail timer, state:3
11-24 16:58:32.492  1011  1189 I ASH     : @ 188364.681: tcs3701: stop power rail pending_off timer
11-24 16:58:32.492  1011  1189 D ASH     : @ 188364.681: tcs3701: start power rail timer, state:3
11-24 16:58:32.532  1011  1189 I ASH     : @ 188364.721: tcs3701: stop power rail pending_off timer
11-24 16:58:32.532  1011  1189 D ASH     : @ 188364.721: tcs3701: start power rail timer, state:3
11-24 16:58:32.547 10476 10510 I BatteryMgr:DataCollectionService: stats => 1700841512547,13427,4443,-2746,4169000,100
11-24 16:58:32.572  1011  1189 I ASH     : @ 188364.761: tcs3701: stop power rail pending_off timer
11-24 16:58:32.572  1011  1189 D ASH     : @ 188364.761: tcs3701: start power rail timer, state:3
11-24 16:58:32.612  1011  1189 I ASH     : @ 188364.801: tcs3701: stop power rail pending_off timer
11-24 16:58:32.612  1011  1189 D ASH     : @ 188364.801: tcs3701: start power rail timer, state:3
11-24 16:58:32.623  1795  3659 D ActivityManager: freezer override set to true
11-24 16:58:32.652  1011  1189 I ASH     : @ 188364.841: tcs3701: stop power rail pending_off timer
11-24 16:58:32.653  1011  1189 D ASH     : @ 188364.841: tcs3701: start power rail timer, state:3
11-24 16:58:32.656 10476 10510 I BatteryMgr:DataCollectionService: stats => 1700841512656,13427,4443,-2746,4169000,100
11-24 16:58:32.692  1011  1189 I ASH     : @ 188364.881: tcs3701: stop power rail pending_off timer
11-24 16:58:32.692  1011  1189 D ASH     : @ 188364.881: tcs3701: start power rail timer, state:3
11-24 16:58:32.732  1011  1189 I ASH     : @ 188364.921: tcs3701: stop power rail pending_off timer
11-24 16:58:32.732  1011  1189 D ASH     : @ 188364.921: tcs3701: start power rail timer, state:3
11-24 16:58:32.761 21996 22012 I m.chrome.canary: Explicit concurrent copying GC freed 3594(176KB) AllocSpace objects, 3(60KB) LOS objects, 75% free, 12MB/50MB, paused 89us,27us total 59.042ms
11-24 16:58:32.763 10476 10510 I BatteryMgr:DataCollectionService: stats => 1700841512763,13427,4443,-2746,4169000,100
11-24 16:58:32.773  1011  1189 I ASH     : @ 188364.961: tcs3701: stop power rail pending_off timer
11-24 16:58:32.773  1011  1189 D ASH     : @ 188364.961: tcs3701: start power rail timer, state:3
11-24 16:58:32.812  1011  1189 I ASH     : @ 188365.001: tcs3701: stop power rail pending_off timer
11-24 16:58:32.812  1011  1189 D ASH     : @ 188365.001: tcs3701: start power rail timer, state:3
11-24 16:58:32.829  1795  3659 D ActivityManager: freezer override set to false
11-24 16:58:32.852  1011  1189 I ASH     : @ 188365.041: tcs3701: stop power rail pending_off timer
11-24 16:58:32.852  1011  1189 D ASH     : @ 188365.041: tcs3701: start power rail timer, state:3
11-24 16:58:32.871 10476 10510 I BatteryMgr:DataCollectionService: stats => 1700841512871,13427,4443,-2746,4169000,100
11-24 16:58:32.885  1795  3659 D ActivityManager: freezer override set to true
11-24 16:58:32.889  1795  3659 D ActivityManager: freezer override set to false
11-24 16:58:32.892  1011  1189 I ASH     : @ 188365.081: tcs3701: stop power rail pending_off timer
11-24 16:58:32.892  1011  1189 D ASH     : @ 188365.081: tcs3701: start power rail timer, state:3
11-24 16:58:32.932  1011  1189 I ASH     : @ 188365.121: tcs3701: stop power rail pending_off timer
11-24 16:58:32.932  1011  1189 D ASH     : @ 188365.121: tcs3701: start power rail timer, state:3
11-24 16:58:32.972  1011  1189 I ASH     : @ 188365.161: tcs3701: stop power rail pending_off timer
11-24 16:58:32.972  1011  1189 D ASH     : @ 188365.161: tcs3701: start power rail timer, state:3
11-24 16:58:32.977 10476 10510 I BatteryMgr:DataCollectionService: stats => 1700841512977,13427,4443,-2746,4169000,100
11-24 16:58:33.012  1011  1189 I ASH     : @ 188365.201: tcs3701: stop power rail pending_off timer
11-24 16:58:33.012  1011  1189 D ASH     : @ 188365.201: tcs3701: start power rail timer, state:3
11-24 16:58:33.052  1011  1189 I ASH     : @ 188365.241: tcs3701: stop power rail pending_off timer
11-24 16:58:33.052  1011  1189 D ASH     : @ 188365.241: tcs3701: start power rail timer, state:3
11-24 16:58:33.064  1795  3659 D ActivityManager: freezer override set to true
11-24 16:58:33.069  1795  3659 D ActivityManager: freezer override set to false
11-24 16:58:33.082 10476 10510 I BatteryMgr:DataCollectionService: stats => 1700841513082,13427,4443,-2746,4169000,100
11-24 16:58:33.092  1011  1189 I ASH     : @ 188365.281: tcs3701: stop power rail pending_off timer
11-24 16:58:33.092  1011  1189 D ASH     : @ 188365.281: tcs3701: start power rail timer, state:3
11-24 16:58:33.132  1011  1189 I ASH     : @ 188365.321: tcs3701: stop power rail pending_off timer
11-24 16:58:33.132  1011  1189 D ASH     : @ 188365.321: tcs3701: start power rail timer, state:3
11-24 16:58:33.173  1011  1189 I ASH     : @ 188365.361: tcs3701: stop power rail pending_off timer
11-24 16:58:33.173  1011  1189 D ASH     : @ 188365.361: tcs3701: start power rail timer, state:3
11-24 16:58:33.189 10476 10510 I BatteryMgr:DataCollectionService: stats => 1700841513189,13427,4443,-2746,4169000,100
11-24 16:58:33.208  1795  2424 D WifiClientModeImpl[13802:wlan0]: updateLinkLayerStatsRssiSpeedFrequencyCapabilities rssi=-47 TxLinkspeed=866 freq=5240 RxLinkSpeed=866
11-24 16:58:33.209  1795  2424 D WifiScoreCard: 1 lastSampleWeight=3/128 filterInKbps=61251 avgKbps=61251 filterOutKbps=61250
11-24 16:58:33.209  1795  2424 D WifiDataStall: tx tput in kbps: 729503
11-24 16:58:33.209  1795  2424 D WifiDataStall: rx tput in kbps: 767898
11-24 16:58:33.209  1795  2424 V WifiConfigManager: Updating scan detail cache freq=5240 BSSID=f4:6d:2f:12:cc:88 RSSI=-46 for "ourhome"WPA_PSK
11-24 16:58:33.210  1795  2424 D WifiChannelUtilization:  freq: 5240 onTime: 5715703 busyTime: 584349 onTimeDiff: 2340911 busyTimeDiff: 268650 utilization: 29 utilization t0: 26
11-24 16:58:33.210  2673  2693 V WifiManager: OnWifiUsabilityStatsListener: onWifiUsabilityStats: seqNum=55397
11-24 16:58:33.210  1795  2424 D WifiDataStall:  ccaLevel = 29
11-24 16:58:33.210  1795  2424 D WifiDataStall: L2 txTputKbps: 729503, rxTputKbps: 767898, L3 txTputKbps: 0, rxTputKbps: 0, TxTrafficHigh: false, RxTrafficHigh: false, Throughput Sufficient: true
11-24 16:58:33.210  1795  2424 D WifiScoreReport: Wifi scoring disabled - Don't check IP layer
