11-24 17:15:51.932  1011  1189 I ASH     : @ 189404.120: tcs3701: stop power rail pending_off timer
11-24 17:15:51.932  1011  1189 D ASH     : @ 189404.120: tcs3701: start power rail timer, state:3
11-24 17:15:51.972  1011  1189 I ASH     : @ 189404.160: tcs3701: stop power rail pending_off timer
11-24 17:15:51.972  1011  1189 D ASH     : @ 189404.160: tcs3701: start power rail timer, state:3
11-24 17:15:51.998 10476 10512 I BatteryMgr:DataCollectionService: stats => 1700842551998,10070,4443,-2746,4169000,100
11-24 17:15:52.012  1011  1189 I ASH     : @ 189404.200: tcs3701: stop power rail pending_off timer
11-24 17:15:52.012  1011  1189 D ASH     : @ 189404.200: tcs3701: start power rail timer, state:3
11-24 17:15:52.041 13890 13907 I m.chrome.canary: Explicit concurrent copying GC freed 3815(191KB) AllocSpace objects, 4(80KB) LOS objects, 75% free, 12MB/50MB, paused 103us,25us total 63.026ms
11-24 17:15:52.052  1011  1189 I ASH     : @ 189404.240: tcs3701: stop power rail pending_off timer
11-24 17:15:52.052  1011  1189 D ASH     : @ 189404.240: tcs3701: start power rail timer, state:3
11-24 17:15:52.092  1011  1189 I ASH     : @ 189404.280: tcs3701: stop power rail pending_off timer
11-24 17:15:52.092  1011  1189 D ASH     : @ 189404.280: tcs3701: start power rail timer, state:3
11-24 17:15:52.110  1795  3716 D ActivityManager: freezer override set to false
11-24 17:15:52.111 10476 10512 I BatteryMgr:DataCollectionService: stats => 1700842552111,10070,4443,-2746,4169000,100
11-24 17:15:52.132  1011  1189 I ASH     : @ 189404.320: tcs3701: stop power rail pending_off timer
11-24 17:15:52.132  1011  1189 D ASH     : @ 189404.320: tcs3701: start power rail timer, state:3
11-24 17:15:52.173  1011  1189 I ASH     : @ 189404.360: tcs3701: stop power rail pending_off timer
11-24 17:15:52.173  1011  1189 D ASH     : @ 189404.360: tcs3701: start power rail timer, state:3
11-24 17:15:52.178  1795  2855 D ActivityManager: freezer override set to true
11-24 17:15:52.182  1795  2855 D ActivityManager: freezer override set to false
11-24 17:15:52.213  1011  1189 I ASH     : @ 189404.400: tcs3701: stop power rail pending_off timer
11-24 17:15:52.213  1011  1189 D ASH     : @ 189404.400: tcs3701: start power rail timer, state:3
11-24 17:15:52.221 10476 10512 I BatteryMgr:DataCollectionService: stats => 1700842552221,10070,4443,-2746,4169000,100
11-24 17:15:52.252  1011  1189 I ASH     : @ 189404.440: tcs3701: stop power rail pending_off timer
11-24 17:15:52.252  1011  1189 D ASH     : @ 189404.440: tcs3701: start power rail timer, state:3
11-24 17:15:52.292  1011  1189 I ASH     : @ 189404.480: tcs3701: stop power rail pending_off timer
11-24 17:15:52.292  1011  1189 D ASH     : @ 189404.480: tcs3701: start power rail timer, state:3
11-24 17:15:52.327 10476 10512 I BatteryMgr:DataCollectionService: stats => 1700842552327,10070,4443,-2746,4169000,100
11-24 17:15:52.332  1011  1189 I ASH     : @ 189404.520: tcs3701: stop power rail pending_off timer
11-24 17:15:52.332  1011  1189 D ASH     : @ 189404.520: tcs3701: start power rail timer, state:3
11-24 17:15:52.372  1011  1189 I ASH     : @ 189404.560: tcs3701: stop power rail pending_off timer
11-24 17:15:52.372  1011  1189 D ASH     : @ 189404.560: tcs3701: start power rail timer, state:3
11-24 17:15:52.412  1011  1189 I ASH     : @ 189404.600: tcs3701: stop power rail pending_off timer
11-24 17:15:52.412  1011  1189 D ASH     : @ 189404.600: tcs3701: start power rail timer, state:3
11-24 17:15:52.434 10476 10512 I BatteryMgr:DataCollectionService: stats => 1700842552434,10070,4443,-2746,4169000,100
11-24 17:15:52.452  1011  1189 I ASH     : @ 189404.640: tcs3701: stop power rail pending_off timer
11-24 17:15:52.452  1011  1189 D ASH     : @ 189404.640: tcs3701: start power rail timer, state:3
11-24 17:15:52.492  1011  1189 I ASH     : @ 189404.680: tcs3701: stop power rail pending_off timer
11-24 17:15:52.492  1011  1189 D ASH     : @ 189404.680: tcs3701: start power rail timer, state:3
11-24 17:15:52.532  1011  1189 I ASH     : @ 189404.720: tcs3701: stop power rail pending_off timer
11-24 17:15:52.532  1011  1189 D ASH     : @ 189404.720: tcs3701: start power rail timer, state:3
11-24 17:15:52.541 10476 10512 I BatteryMgr:DataCollectionService: stats => 1700842552541,10070,4443,-2746,4169000,100
11-24 17:15:52.572  1011  1189 I ASH     : @ 189404.760: tcs3701: stop power rail pending_off timer
11-24 17:15:52.572  1011  1189 D ASH     : @ 189404.760: tcs3701: start power rail timer, state:3
11-24 17:15:52.612  1011  1189 I ASH     : @ 189404.800: tcs3701: stop power rail pending_off timer
11-24 17:15:52.612  1011  1189 D ASH     : @ 189404.800: tcs3701: start power rail timer, state:3
11-24 17:15:52.649 10476 10512 I BatteryMgr:DataCollectionService: stats => 1700842552649,10070,4443,-2746,4169000,100
11-24 17:15:52.652  1011  1189 I ASH     : @ 189404.840: tcs3701: stop power rail pending_off timer
11-24 17:15:52.652  1011  1189 D ASH     : @ 189404.840: tcs3701: start power rail timer, state:3
11-24 17:15:52.692  1011  1189 I ASH     : @ 189404.880: tcs3701: stop power rail pending_off timer
11-24 17:15:52.692  1011  1189 D ASH     : @ 189404.880: tcs3701: start power rail timer, state:3
11-24 17:15:52.732  1011  1189 I ASH     : @ 189404.920: tcs3701: stop power rail pending_off timer
11-24 17:15:52.733  1011  1189 D ASH     : @ 189404.920: tcs3701: start power rail timer, state:3
11-24 17:15:52.742  1795  2855 D ActivityManager: freezer override set to true
11-24 17:15:52.745  1795  2855 D ActivityManager: freezer override set to false
11-24 17:15:52.757 10476 10512 I BatteryMgr:DataCollectionService: stats => 1700842552757,10070,4443,-2746,4169000,100
11-24 17:15:52.772  1011  1189 I ASH     : @ 189404.960: tcs3701: stop power rail pending_off timer
11-24 17:15:52.772  1011  1189 D ASH     : @ 189404.960: tcs3701: start power rail timer, state:3
11-24 17:15:52.813  1011  1189 I ASH     : @ 189405.000: tcs3701: stop power rail pending_off timer
11-24 17:15:52.813  1011  1189 D ASH     : @ 189405.000: tcs3701: start power rail timer, state:3
11-24 17:15:52.832 13890 13954 W chromium: [WARNING:ev_root_ca_metadata.cc(119)] Not implemented
11-24 17:15:52.832 13890 13954 W chromium: [WARNING:ev_root_ca_metadata.cc(119)] Not implemented
11-24 17:15:52.852  1011  1189 I ASH     : @ 189405.040: tcs3701: stop power rail pending_off timer
11-24 17:15:52.853  1011  1189 D ASH     : @ 189405.040: tcs3701: start power rail timer, state:3
11-24 17:15:52.862 10476 10512 I BatteryMgr:DataCollectionService: stats => 1700842552862,10070,4443,-2746,4169000,100
11-24 17:15:52.892  1011  1189 I ASH     : @ 189405.080: tcs3701: stop power rail pending_off timer
11-24 17:15:52.892  1011  1189 D ASH     : @ 189405.080: tcs3701: start power rail timer, state:3
11-24 17:15:52.932  1011  1189 I ASH     : @ 189405.120: tcs3701: stop power rail pending_off timer
11-24 17:15:52.932  1011  1189 D ASH     : @ 189405.120: tcs3701: start power rail timer, state:3
11-24 17:15:52.972 10476 10512 I BatteryMgr:DataCollectionService: stats => 1700842552972,10070,4443,-2746,4169000,100
11-24 17:15:52.972  1011  1189 I ASH     : @ 189405.161: tcs3701: stop power rail pending_off timer
11-24 17:15:52.972  1011  1189 D ASH     : @ 189405.161: tcs3701: start power rail timer, state:3
11-24 17:15:53.012  1011  1189 I ASH     : @ 189405.200: tcs3701: stop power rail pending_off timer
11-24 17:15:53.012  1011  1189 D ASH     : @ 189405.200: tcs3701: start power rail timer, state:3
11-24 17:15:53.052  1011  1189 I ASH     : @ 189405.240: tcs3701: stop power rail pending_off timer
11-24 17:15:53.053  1011  1189 D ASH     : @ 189405.241: tcs3701: start power rail timer, state:3
11-24 17:15:53.080 10476 10512 I BatteryMgr:DataCollectionService: stats => 1700842553080,10070,4443,-2746,4169000,100
11-24 17:15:53.092  1011  1189 I ASH     : @ 189405.280: tcs3701: stop power rail pending_off timer
11-24 17:15:53.092  1011  1189 D ASH     : @ 189405.280: tcs3701: start power rail timer, state:3
11-24 17:15:53.132  1011  1189 I ASH     : @ 189405.320: tcs3701: stop power rail pending_off timer
11-24 17:15:53.132  1011  1189 D ASH     : @ 189405.320: tcs3701: start power rail timer, state:3
11-24 17:15:53.172  1011  1189 I ASH     : @ 189405.360: tcs3701: stop power rail pending_off timer
11-24 17:15:53.172  1011  1189 D ASH     : @ 189405.360: tcs3701: start power rail timer, state:3
11-24 17:15:53.186 10476 10512 I BatteryMgr:DataCollectionService: stats => 1700842553186,10070,4443,-2746,4169000,100
11-24 17:15:53.212  1011  1189 I ASH     : @ 189405.400: tcs3701: stop power rail pending_off timer
11-24 17:15:53.212  1011  1189 D ASH     : @ 189405.400: tcs3701: start power rail timer, state:3
11-24 17:15:53.252  1011  1189 I ASH     : @ 189405.440: tcs3701: stop power rail pending_off timer
11-24 17:15:53.252  1011  1189 D ASH     : @ 189405.440: tcs3701: start power rail timer, state:3
11-24 17:15:53.292  1011  1189 I ASH     : @ 189405.480: tcs3701: stop power rail pending_off timer
11-24 17:15:53.292  1011  1189 D ASH     : @ 189405.480: tcs3701: start power rail timer, state:3
11-24 17:15:53.295 10476 10512 I BatteryMgr:DataCollectionService: stats => 1700842553295,10070,4443,-2746,4169000,100
11-24 17:15:53.333  1011  1189 I ASH     : @ 189405.520: tcs3701: stop power rail pending_off timer
11-24 17:15:53.333  1011  1189 D ASH     : @ 189405.520: tcs3701: start power rail timer, state:3
11-24 17:15:53.372  1011  1189 I ASH     : @ 189405.560: tcs3701: stop power rail pending_off timer
11-24 17:15:53.372  1011  1189 D ASH     : @ 189405.560: tcs3701: start power rail timer, state:3
11-24 17:15:53.381  1795  2855 D ActivityManager: freezer override set to true
11-24 17:15:53.404 10476 10512 I BatteryMgr:DataCollectionService: stats => 1700842553404,10070,4443,-2746,4169000,100
11-24 17:15:53.412  1011  1189 I ASH     : @ 189405.600: tcs3701: stop power rail pending_off timer
11-24 17:15:53.412  1011  1189 D ASH     : @ 189405.600: tcs3701: start power rail timer, state:3
11-24 17:15:53.452  1011  1189 I ASH     : @ 189405.640: tcs3701: stop power rail pending_off timer
11-24 17:15:53.452  1011  1189 D ASH     : @ 189405.640: tcs3701: start power rail timer, state:3
11-24 17:15:53.492  1011  1189 I ASH     : @ 189405.680: tcs3701: stop power rail pending_off timer
11-24 17:15:53.492  1011  1189 D ASH     : @ 189405.680: tcs3701: start power rail timer, state:3
11-24 17:15:53.511 10476 10512 I BatteryMgr:DataCollectionService: stats => 1700842553510,10070,4443,-2746,4169000,100
11-24 17:15:53.516 13890 13907 I m.chrome.canary: Explicit concurrent copying GC freed 3604(176KB) AllocSpace objects, 3(60KB) LOS objects, 75% free, 12MB/50MB, paused 96us,25us total 88.454ms
11-24 17:15:53.533  1011  1189 I ASH     : @ 189405.720: tcs3701: stop power rail pending_off timer
11-24 17:15:53.533  1011  1189 D ASH     : @ 189405.720: tcs3701: start power rail timer, state:3
11-24 17:15:53.572  1011  1189 I ASH     : @ 189405.760: tcs3701: stop power rail pending_off timer
11-24 17:15:53.572  1011  1189 D ASH     : @ 189405.760: tcs3701: start power rail timer, state:3
11-24 17:15:53.585  1795  2855 D ActivityManager: freezer override set to false
11-24 17:15:53.612  1011  1189 I ASH     : @ 189405.800: tcs3701: stop power rail pending_off timer
11-24 17:15:53.612  1011  1189 D ASH     : @ 189405.800: tcs3701: start power rail timer, state:3
11-24 17:15:53.625 10476 10512 I BatteryMgr:DataCollectionService: stats => 1700842553625,10070,4443,-2746,4169000,100
11-24 17:15:53.626  1795  2855 D ActivityManager: freezer override set to true
11-24 17:15:53.633  1795  2855 D ActivityManager: freezer override set to false
11-24 17:15:53.652  1011  1189 I ASH     : @ 189405.840: tcs3701: stop power rail pending_off timer
11-24 17:15:53.652  1011  1189 D ASH     : @ 189405.840: tcs3701: start power rail timer, state:3
11-24 17:15:53.660  2113  2118 I pixel-thermal: skin-therm-monitor: 41.702
11-24 17:15:53.662  2113  2118 I pixel-thermal: panel-audio-therm: 41.702
11-24 17:15:53.692  1011  1189 I ASH     : @ 189405.880: tcs3701: stop power rail pending_off timer
11-24 17:15:53.692  1011  1189 D ASH     : @ 189405.880: tcs3701: start power rail timer, state:3
11-24 17:15:53.731 10476 10512 I BatteryMgr:DataCollectionService: stats => 1700842553730,10070,4443,-2746,4169000,100
11-24 17:15:53.732  1011  1189 I ASH     : @ 189405.920: tcs3701: stop power rail pending_off timer
11-24 17:15:53.733  1011  1189 D ASH     : @ 189405.920: tcs3701: start power rail timer, state:3
11-24 17:15:53.761  1795  2855 D ActivityManager: freezer override set to true
11-24 17:15:53.764  1795  2855 D ActivityManager: freezer override set to false
11-24 17:15:53.772  1011  1189 I ASH     : @ 189405.960: tcs3701: stop power rail pending_off timer
11-24 17:15:53.772  1011  1189 D ASH     : @ 189405.960: tcs3701: start power rail timer, state:3
11-24 17:15:53.812  1011  1189 I ASH     : @ 189406.000: tcs3701: stop power rail pending_off timer
11-24 17:15:53.812  1011  1189 D ASH     : @ 189406.000: tcs3701: start power rail timer, state:3
11-24 17:15:53.841 10476 10512 I BatteryMgr:DataCollectionService: stats => 1700842553840,10070,4443,-2746,4169000,100
11-24 17:15:53.852  1011  1189 I ASH     : @ 189406.040: tcs3701: stop power rail pending_off timer
11-24 17:15:53.852  1011  1189 D ASH     : @ 189406.040: tcs3701: start power rail timer, state:3
11-24 17:15:53.892  1011  1189 I ASH     : @ 189406.080: tcs3701: stop power rail pending_off timer
11-24 17:15:53.892  1011  1189 D ASH     : @ 189406.080: tcs3701: start power rail timer, state:3
11-24 17:15:53.932  1011  1189 I ASH     : @ 189406.120: tcs3701: stop power rail pending_off timer
11-24 17:15:53.932  1011  1189 D ASH     : @ 189406.120: tcs3701: start power rail timer, state:3
11-24 17:15:53.950 10476 10512 I BatteryMgr:DataCollectionService: stats => 1700842553950,10070,4443,-2746,4169000,100
11-24 17:15:53.953 13730 13730 D BoundBrokerSvc: onUnbind: Intent { act=com.google.android.gms.feedback.internal.IFeedbackService dat=chimera-action:/... cmp=com.google.android.gms/.chimera.GmsBoundBrokerService }
11-24 17:15:53.961 13502 13502 D BoundBrokerSvc: onUnbind: Intent { act=com.google.android.gms.icing.LIGHTWEIGHT_INDEX_SERVICE dat=chimera-action:/... cmp=com.google.android.gms/.chimera.PersistentApiService }
11-24 17:15:53.972  1011  1189 I ASH     : @ 189406.160: tcs3701: stop power rail pending_off timer
11-24 17:15:53.972  1011  1189 D ASH     : @ 189406.160: tcs3701: start power rail timer, state:3
11-24 17:15:54.012  1011  1189 I ASH     : @ 189406.200: tcs3701: stop power rail pending_off timer
11-24 17:15:54.012  1011  1189 D ASH     : @ 189406.200: tcs3701: start power rail timer, state:3
11-24 17:15:54.052  1011  1189 I ASH     : @ 189406.240: tcs3701: stop power rail pending_off timer
11-24 17:15:54.052  1011  1189 D ASH     : @ 189406.240: tcs3701: start power rail timer, state:3
11-24 17:15:54.057 10476 10512 I BatteryMgr:DataCollectionService: stats => 1700842554057,10070,4443,-2746,4169000,100
11-24 17:15:54.092  1011  1189 I ASH     : @ 189406.280: tcs3701: stop power rail pending_off timer
11-24 17:15:54.092  1011  1189 D ASH     : @ 189406.280: tcs3701: start power rail timer, state:3
11-24 17:15:54.132  1011  1189 I ASH     : @ 189406.320: tcs3701: stop power rail pending_off timer
11-24 17:15:54.132  1011  1189 D ASH     : @ 189406.320: tcs3701: start power rail timer, state:3
11-24 17:15:54.164 10476 10512 I BatteryMgr:DataCollectionService: stats => 1700842554164,10070,4443,-2746,4169000,100
11-24 17:15:54.172  1011  1189 I ASH     : @ 189406.360: tcs3701: stop power rail pending_off timer
11-24 17:15:54.172  1011  1189 D ASH     : @ 189406.360: tcs3701: start power rail timer, state:3
11-24 17:15:54.213  1011  1189 I ASH     : @ 189406.400: tcs3701: stop power rail pending_off timer
11-24 17:15:54.213  1011  1189 D ASH     : @ 189406.400: tcs3701: start power rail timer, state:3
11-24 17:15:54.252  1011  1189 I ASH     : @ 189406.440: tcs3701: stop power rail pending_off timer
11-24 17:15:54.252  1011  1189 D ASH     : @ 189406.440: tcs3701: start power rail timer, state:3
11-24 17:15:54.271 10476 10512 I BatteryMgr:DataCollectionService: stats => 1700842554271,10070,4443,-2746,4169000,100
11-24 17:15:54.292  1795  2424 D WifiClientModeImpl[13802:wlan0]: updateLinkLayerStatsRssiSpeedFrequencyCapabilities rssi=-46 TxLinkspeed=866 freq=5240 RxLinkSpeed=866
11-24 17:15:54.292  1011  1189 I ASH     : @ 189406.480: tcs3701: stop power rail pending_off timer
11-24 17:15:54.292  1011  1189 D ASH     : @ 189406.480: tcs3701: start power rail timer, state:3
11-24 17:15:54.292  1795  2424 D WifiDataStall: tx tput in kbps: 729503
11-24 17:15:54.292  1795  2424 D WifiDataStall: rx tput in kbps: 767898
11-24 17:15:54.292  1795  2424 V WifiConfigManager: Updating scan detail cache freq=5240 BSSID=f4:6d:2f:12:cc:88 RSSI=-45 for "ourhome"WPA_PSK
11-24 17:15:54.293  1795  2424 D WifiChannelUtilization:  freq: 5240 onTime: 5756646 busyTime: 587603 onTimeDiff: 2381854 busyTimeDiff: 271904 utilization: 29 utilization t0: 26
11-24 17:15:54.293  1795  2424 D WifiDataStall:  ccaLevel = 29
11-24 17:15:54.293  1795  2424 D WifiDataStall: L2 txTputKbps: 591281, rxTputKbps: 767898, L3 txTputKbps: 16, rxTputKbps: 22, TxTrafficHigh: true, RxTrafficHigh: true, Throughput Sufficient: true
11-24 17:15:54.293  2673  2693 V WifiManager: OnWifiUsabilityStatsListener: onWifiUsabilityStats: seqNum=55742
11-24 17:15:54.294  1795  2424 D WifiScoreReport: Wifi scoring disabled - Don't check IP layer
11-24 17:15:54.294  1795  2424 D WifiScoreCard: BSSID update SIGNAL_POLL ID: 1320464697 SSID: "ourhome", BSSID: f4:6d:2f:12:cc:88, MAC: b2:2f:ec:da:4a:0c, IP: /192.168.1.104, Security type: 2, Supplicant state: COMPLETED, Wi-Fi standard: 5, RSSI: -46, Link speed: 866Mbps, Tx Link speed: 866Mbps, Max Supported Tx Link speed: 866Mbps, Rx Link speed: 866Mbps, Max Supported Rx Link speed: 866Mbps, Frequency: 5240MHz, Net ID: 12, Metered hint: false, score: 60, isUsable: true, CarrierMerged: false, SubscriptionId: -1, IsPrimary: 1, Trusted: true, Restricted: false, Ephemeral: false, OEM paid: false, OEM private: false, OSU AP: false, FQDN: <none>, Provider friendly name: <none>, Requesting package name: <none>"ourhome"wpa2-pskMLO Information: , Is TID-To-Link negotiation supported by the AP: false, AP MLD Address: <none>, AP MLO Link Id: <none>, AP MLO Affiliated links: <none>
11-24 17:15:54.294  1795  2424 D WifiScoreCard: txRate: 7 txSpeed: 866
11-24 17:15:54.294  1795  2424 D WifiScoreCard: network update SIGNAL_POLL "ourhome" ID: 1499892569 RSSI -46 txSpeed 866
11-24 17:15:54.294  1795  3807 I WifiService: updateWifiUsabilityScore uid=10180 seqNum=55742 score=100 predictionHorizonSec=1441795
11-24 17:15:54.295  1795  2424 D WifiClientModeImpl[13802:wlan0]:  ClientModeImpl$L2ConnectedState screen=on 29 0 "ourhome" f4:6d:2f:12:cc:88 rssi=-46 f=5240 sc=60 link=866 tx=4.8, 1.3, 0.0 rx=3.6 bcn=1824845 [on:147 tx:3 rx:2 period:3016] from screen [on:1147066 period:37796286] score=60
11-24 17:15:54.295  1795  2424 D WifiScoreReport: Wifi scoring disabled - Notify that Wifi is usable
11-24 17:15:54.298  1795  2432 D ConnectivityService: NetReassign [no changes] [c 1] [a 0] [i 2]
11-24 17:15:54.332  1011  1189 I ASH     : @ 189406.520: tcs3701: stop power rail pending_off timer
11-24 17:15:54.332  1011  1189 D ASH     : @ 189406.520: tcs3701: start power rail timer, state:3
11-24 17:15:54.372  1011  1189 I ASH     : @ 189406.560: tcs3701: stop power rail pending_off timer
11-24 17:15:54.372  1011  1189 D ASH     : @ 189406.560: tcs3701: start power rail timer, state:3
11-24 17:15:54.377 10476 10512 I BatteryMgr:DataCollectionService: stats => 1700842554377,10070,4443,-2746,4169000,100
11-24 17:15:54.412  1011  1189 I ASH     : @ 189406.600: tcs3701: stop power rail pending_off timer
11-24 17:15:54.412  1011  1189 D ASH     : @ 189406.600: tcs3701: start power rail timer, state:3
11-24 17:15:54.452  1011  1189 I ASH     : @ 189406.640: tcs3701: stop power rail pending_off timer
11-24 17:15:54.452  1011  1189 D ASH     : @ 189406.641: tcs3701: start power rail timer, state:3
11-24 17:15:54.483 10476 10512 I BatteryMgr:DataCollectionService: stats => 1700842554483,10070,4443,-2746,4169000,100
11-24 17:15:54.492  1011  1189 I ASH     : @ 189406.680: tcs3701: stop power rail pending_off timer
11-24 17:15:54.492  1011  1189 D ASH     : @ 189406.680: tcs3701: start power rail timer, state:3
11-24 17:15:54.532  1011  1189 I ASH     : @ 189406.720: tcs3701: stop power rail pending_off timer
11-24 17:15:54.532  1011  1189 D ASH     : @ 189406.721: tcs3701: start power rail timer, state:3
11-24 17:15:54.572  1011  1189 I ASH     : @ 189406.760: tcs3701: stop power rail pending_off timer
11-24 17:15:54.572  1011  1189 D ASH     : @ 189406.760: tcs3701: start power rail timer, state:3
11-24 17:15:54.588 10476 10512 I BatteryMgr:DataCollectionService: stats => 1700842554588,10070,4443,-2746,4169000,100
11-24 17:15:54.612  1011  1189 I ASH     : @ 189406.800: tcs3701: stop power rail pending_off timer
11-24 17:15:54.612  1011  1189 D ASH     : @ 189406.800: tcs3701: start power rail timer, state:3
11-24 17:15:54.652  1011  1189 I ASH     : @ 189406.840: tcs3701: stop power rail pending_off timer
11-24 17:15:54.652  1011  1189 D ASH     : @ 189406.840: tcs3701: start power rail timer, state:3
11-24 17:15:54.692  1011  1189 I ASH     : @ 189406.880: tcs3701: stop power rail pending_off timer
11-24 17:15:54.693  1011  1189 D ASH     : @ 189406.880: tcs3701: start power rail timer, state:3
11-24 17:15:54.695 10476 10512 I BatteryMgr:DataCollectionService: stats => 1700842554695,10070,4443,-2746,4169000,100
11-24 17:15:54.732  1011  1189 I ASH     : @ 189406.920: tcs3701: stop power rail pending_off timer
11-24 17:15:54.732  1011  1189 D ASH     : @ 189406.920: tcs3701: start power rail timer, state:3
11-24 17:15:54.761  1795  3807 D ActivityManager: freezer override set to true
11-24 17:15:54.764  1795  3807 D ActivityManager: freezer override set to false
11-24 17:15:54.772  1011  1189 I ASH     : @ 189406.960: tcs3701: stop power rail pending_off timer
11-24 17:15:54.772  1011  1189 D ASH     : @ 189406.960: tcs3701: start power rail timer, state:3
11-24 17:15:54.805 10476 10512 I BatteryMgr:DataCollectionService: stats => 1700842554805,10070,4443,-2746,4169000,100
11-24 17:15:54.806  1795  3807 D ActivityManager: freezer override set to true
11-24 17:15:54.812  1011  1189 I ASH     : @ 189407.000: tcs3701: stop power rail pending_off timer
11-24 17:15:54.812  1011  1189 D ASH     : @ 189407.000: tcs3701: start power rail timer, state:3
11-24 17:15:54.852  1011  1189 I ASH     : @ 189407.040: tcs3701: stop power rail pending_off timer
11-24 17:15:54.852  1011  1189 D ASH     : @ 189407.040: tcs3701: start power rail timer, state:3
11-24 17:15:54.892  1011  1189 I ASH     : @ 189407.080: tcs3701: stop power rail pending_off timer
11-24 17:15:54.892  1011  1189 D ASH     : @ 189407.080: tcs3701: start power rail timer, state:3
11-24 17:15:54.911 10476 10512 I BatteryMgr:DataCollectionService: stats => 1700842554910,10070,4443,-2746,4169000,100
11-24 17:15:54.922 13890 13907 I m.chrome.canary: Explicit concurrent copying GC freed 3808(191KB) AllocSpace objects, 4(80KB) LOS objects, 75% free, 12MB/50MB, paused 112us,26us total 69.728ms
11-24 17:15:54.932  1011  1189 I ASH     : @ 189407.120: tcs3701: stop power rail pending_off timer
11-24 17:15:54.932  1011  1189 D ASH     : @ 189407.120: tcs3701: start power rail timer, state:3
11-24 17:15:54.972  1011  1189 I ASH     : @ 189407.160: tcs3701: stop power rail pending_off timer
11-24 17:15:54.972  1011  1189 D ASH     : @ 189407.160: tcs3701: start power rail timer, state:3
11-24 17:15:54.999  1795  3807 D ActivityManager: freezer override set to false
11-24 17:15:55.012  1011  1189 I ASH     : @ 189407.200: tcs3701: stop power rail pending_off timer
11-24 17:15:55.012  1011  1189 D ASH     : @ 189407.200: tcs3701: start power rail timer, state:3
11-24 17:15:55.017 10476 10512 I BatteryMgr:DataCollectionService: stats => 1700842555017,10070,4443,-2746,4169000,100
11-24 17:15:55.052  1011  1189 I ASH     : @ 189407.240: tcs3701: stop power rail pending_off timer
11-24 17:15:55.052  1011  1189 D ASH     : @ 189407.240: tcs3701: start power rail timer, state:3
11-24 17:15:55.056  1795  3807 D ActivityManager: freezer override set to true
11-24 17:15:55.059  1795  3807 D ActivityManager: freezer override set to false
11-24 17:15:55.093  1011  1189 I ASH     : @ 189407.280: tcs3701: stop power rail pending_off timer
11-24 17:15:55.093  1011  1189 D ASH     : @ 189407.280: tcs3701: start power rail timer, state:3
11-24 17:15:55.122 10476 10512 I BatteryMgr:DataCollectionService: stats => 1700842555122,10070,4443,-2746,4169000,100
11-24 17:15:55.132  1011  1189 I ASH     : @ 189407.320: tcs3701: stop power rail pending_off timer
11-24 17:15:55.132  1011  1189 D ASH     : @ 189407.320: tcs3701: start power rail timer, state:3
11-24 17:15:55.172  1011  1189 I ASH     : @ 189407.360: tcs3701: stop power rail pending_off timer
11-24 17:15:55.172  1011  1189 D ASH     : @ 189407.360: tcs3701: start power rail timer, state:3
11-24 17:15:55.212  1011  1189 I ASH     : @ 189407.400: tcs3701: stop power rail pending_off timer
11-24 17:15:55.213  1011  1189 D ASH     : @ 189407.400: tcs3701: start power rail timer, state:3
11-24 17:15:55.230 10476 10512 I BatteryMgr:DataCollectionService: stats => 1700842555230,10070,4443,-2746,4169000,100
11-24 17:15:55.252  1011  1189 I ASH     : @ 189407.440: tcs3701: stop power rail pending_off timer
11-24 17:15:55.252  1011  1189 D ASH     : @ 189407.440: tcs3701: start power rail timer, state:3
11-24 17:15:55.293  1011  1189 I ASH     : @ 189407.480: tcs3701: stop power rail pending_off timer
11-24 17:15:55.293  1011  1189 D ASH     : @ 189407.480: tcs3701: start power rail timer, state:3
11-24 17:15:55.332  1011  1189 I ASH     : @ 189407.520: tcs3701: stop power rail pending_off timer
11-24 17:15:55.332  1011  1189 D ASH     : @ 189407.520: tcs3701: start power rail timer, state:3
11-24 17:15:55.335 10476 10512 I BatteryMgr:DataCollectionService: stats => 1700842555335,10070,4443,-2746,4169000,100
11-24 17:15:55.372  1011  1189 I ASH     : @ 189407.560: tcs3701: stop power rail pending_off timer
11-24 17:15:55.372  1011  1189 D ASH     : @ 189407.560: tcs3701: start power rail timer, state:3
11-24 17:15:55.412  1011  1189 I ASH     : @ 189407.600: tcs3701: stop power rail pending_off timer
11-24 17:15:55.412  1011  1189 D ASH     : @ 189407.600: tcs3701: start power rail timer, state:3
11-24 17:15:55.443 10476 10512 I BatteryMgr:DataCollectionService: stats => 1700842555442,10070,4443,-2746,4169000,100
11-24 17:15:55.452  1011  1189 I ASH     : @ 189407.640: tcs3701: stop power rail pending_off timer
11-24 17:15:55.452  1011  1189 D ASH     : @ 189407.640: tcs3701: start power rail timer, state:3
11-24 17:15:55.492  1011  1189 I ASH     : @ 189407.680: tcs3701: stop power rail pending_off timer
11-24 17:15:55.492  1011  1189 D ASH     : @ 189407.680: tcs3701: start power rail timer, state:3
11-24 17:15:55.532  1011  1189 I ASH     : @ 189407.720: tcs3701: stop power rail pending_off timer
11-24 17:15:55.532  1011  1189 D ASH     : @ 189407.720: tcs3701: start power rail timer, state:3
11-24 17:15:55.550 10476 10512 I BatteryMgr:DataCollectionService: stats => 1700842555550,10070,4443,-2746,4169000,100
11-24 17:15:55.572  1011  1189 I ASH     : @ 189407.760: tcs3701: stop power rail pending_off timer
11-24 17:15:55.572  1011  1189 D ASH     : @ 189407.760: tcs3701: start power rail timer, state:3
11-24 17:15:55.612  1011  1189 I ASH     : @ 189407.800: tcs3701: stop power rail pending_off timer
11-24 17:15:55.612  1011  1189 D ASH     : @ 189407.800: tcs3701: start power rail timer, state:3
11-24 17:15:55.652  1011  1189 I ASH     : @ 189407.840: tcs3701: stop power rail pending_off timer
11-24 17:15:55.652  1011  1189 D ASH     : @ 189407.840: tcs3701: start power rail timer, state:3
11-24 17:15:55.656 10476 10512 I BatteryMgr:DataCollectionService: stats => 1700842555655,10070,4443,-2746,4169000,100
11-24 17:15:55.664  2113  2118 I pixel-thermal: skin-therm-monitor: 41.695
11-24 17:15:55.665  2113  2118 I pixel-thermal: panel-audio-therm: 41.687
11-24 17:15:55.692  1011  1189 I ASH     : @ 189407.880: tcs3701: stop power rail pending_off timer
11-24 17:15:55.692  1011  1189 D ASH     : @ 189407.880: tcs3701: start power rail timer, state:3
11-24 17:15:55.732  1011  1189 I ASH     : @ 189407.920: tcs3701: stop power rail pending_off timer
11-24 17:15:55.732  1011  1189 D ASH     : @ 189407.920: tcs3701: start power rail timer, state:3
11-24 17:15:55.758  1795  3716 D ActivityManager: freezer override set to true
11-24 17:15:55.763 10476 10512 I BatteryMgr:DataCollectionService: stats => 1700842555763,10070,4443,-2746,4169000,100
11-24 17:15:55.765  1795  3716 D ActivityManager: freezer override set to false
11-24 17:15:55.772  1011  1189 I ASH     : @ 189407.960: tcs3701: stop power rail pending_off timer
11-24 17:15:55.772  1011  1189 D ASH     : @ 189407.960: tcs3701: start power rail timer, state:3
11-24 17:15:55.812  1011  1189 I ASH     : @ 189408.000: tcs3701: stop power rail pending_off timer
11-24 17:15:55.812  1011  1189 D ASH     : @ 189408.000: tcs3701: start power rail timer, state:3
11-24 17:15:55.852  1011  1189 I ASH     : @ 189408.040: tcs3701: stop power rail pending_off timer
11-24 17:15:55.852  1011  1189 D ASH     : @ 189408.040: tcs3701: start power rail timer, state:3
11-24 17:15:55.868 10476 10512 I BatteryMgr:DataCollectionService: stats => 1700842555868,10070,4443,-2746,4169000,100
11-24 17:15:55.892  1011  1189 I ASH     : @ 189408.080: tcs3701: stop power rail pending_off timer
11-24 17:15:55.892  1011  1189 D ASH     : @ 189408.080: tcs3701: start power rail timer, state:3
11-24 17:15:55.932  1011  1189 I ASH     : @ 189408.120: tcs3701: stop power rail pending_off timer
11-24 17:15:55.932  1011  1189 D ASH     : @ 189408.120: tcs3701: start power rail timer, state:3
11-24 17:15:55.972  1011  1189 I ASH     : @ 189408.160: tcs3701: stop power rail pending_off timer
11-24 17:15:55.972  1011  1189 D ASH     : @ 189408.160: tcs3701: start power rail timer, state:3
11-24 17:15:55.975 10476 10512 I BatteryMgr:DataCollectionService: stats => 1700842555975,10070,4443,-2746,4169000,100
11-24 17:15:56.012  1011  1189 I ASH     : @ 189408.200: tcs3701: stop power rail pending_off timer
11-24 17:15:56.012  1011  1189 D ASH     : @ 189408.200: tcs3701: start power rail timer, state:3
11-24 17:15:56.052  1011  1189 I ASH     : @ 189408.240: tcs3701: stop power rail pending_off timer
11-24 17:15:56.052  1011  1189 D ASH     : @ 189408.240: tcs3701: start power rail timer, state:3
11-24 17:15:56.081 10476 10512 I BatteryMgr:DataCollectionService: stats => 1700842556081,10070,4443,-2746,4169000,100
11-24 17:15:56.092  1011  1189 I ASH     : @ 189408.280: tcs3701: stop power rail pending_off timer
11-24 17:15:56.092  1011  1189 D ASH     : @ 189408.280: tcs3701: start power rail timer, state:3
11-24 17:15:56.132  1011  1189 I ASH     : @ 189408.320: tcs3701: stop power rail pending_off timer
11-24 17:15:56.132  1011  1189 D ASH     : @ 189408.320: tcs3701: start power rail timer, state:3
11-24 17:15:56.172  1011  1189 I ASH     : @ 189408.361: tcs3701: stop power rail pending_off timer
11-24 17:15:56.172  1011  1189 D ASH     : @ 189408.361: tcs3701: start power rail timer, state:3
11-24 17:15:56.190 10476 10512 I BatteryMgr:DataCollectionService: stats => 1700842556190,10070,4443,-2746,4169000,100
11-24 17:15:56.212  1011  1189 I ASH     : @ 189408.400: tcs3701: stop power rail pending_off timer
11-24 17:15:56.212  1011  1189 D ASH     : @ 189408.400: tcs3701: start power rail timer, state:3
11-24 17:15:56.227  1795  3716 D ActivityManager: freezer override set to true
11-24 17:15:56.252  1011  1189 I ASH     : @ 189408.440: tcs3701: stop power rail pending_off timer
11-24 17:15:56.252  1011  1189 D ASH     : @ 189408.441: tcs3701: start power rail timer, state:3
11-24 17:15:56.292  1011  1189 I ASH     : @ 189408.480: tcs3701: stop power rail pending_off timer
11-24 17:15:56.292  1011  1189 D ASH     : @ 189408.480: tcs3701: start power rail timer, state:3
11-24 17:15:56.298 13730 13730 E AbstractGmsTracer: Traced class shouldn't be obfuscated: GmsIntentOperationChimeraService [CONTEXT service_id=259 ]
11-24 17:15:56.300 10476 10512 I BatteryMgr:DataCollectionService: stats => 1700842556300,10070,4443,-2746,4169000,100
11-24 17:15:56.306 13730 14569 E AbstractGmsTracer: Traced class shouldn't be obfuscated: InstantIndexingIntentOperation [CONTEXT service_id=259 ]
11-24 17:15:56.307 13730 14569 I GmscoreIpa: Starting mediastore instant index [CONTEXT service_id=255 ]
11-24 17:15:56.332  1011  1189 I ASH     : @ 189408.520: tcs3701: stop power rail pending_off timer
11-24 17:15:56.333  1011  1189 D ASH     : @ 189408.520: tcs3701: start power rail timer, state:3
11-24 17:15:56.351 13890 13907 I m.chrome.canary: Explicit concurrent copying GC freed 3597(176KB) AllocSpace objects, 3(60KB) LOS objects, 75% free, 12MB/50MB, paused 40us,30us total 62.097ms
11-24 17:15:56.372  1011  1189 I ASH     : @ 189408.560: tcs3701: stop power rail pending_off timer
11-24 17:15:56.372  1011  1189 D ASH     : @ 189408.560: tcs3701: start power rail timer, state:3
11-24 17:15:56.407 10476 10512 I BatteryMgr:DataCollectionService: stats => 1700842556407,10070,4443,-2746,4169000,100
11-24 17:15:56.412  1011  1189 I ASH     : @ 189408.600: tcs3701: stop power rail pending_off timer
11-24 17:15:56.412  1011  1189 D ASH     : @ 189408.600: tcs3701: start power rail timer, state:3
11-24 17:15:56.430  1795  3716 D ActivityManager: freezer override set to false
11-24 17:15:56.452  1011  1189 I ASH     : @ 189408.640: tcs3701: stop power rail pending_off timer
11-24 17:15:56.452  1011  1189 D ASH     : @ 189408.640: tcs3701: start power rail timer, state:3
11-24 17:15:56.472  1795  3716 D ActivityManager: freezer override set to true
11-24 17:15:56.474  1795  3716 D ActivityManager: freezer override set to false
11-24 17:15:56.492  1011  1189 I ASH     : @ 189408.680: tcs3701: stop power rail pending_off timer
11-24 17:15:56.492  1011  1189 D ASH     : @ 189408.680: tcs3701: start power rail timer, state:3
11-24 17:15:56.515 10476 10512 I BatteryMgr:DataCollectionService: stats => 1700842556515,10070,4443,-2746,4169000,100
11-24 17:15:56.532  1011  1189 I ASH     : @ 189408.720: tcs3701: stop power rail pending_off timer
11-24 17:15:56.532  1011  1189 D ASH     : @ 189408.720: tcs3701: start power rail timer, state:3
11-24 17:15:56.572  1011  1189 I ASH     : @ 189408.760: tcs3701: stop power rail pending_off timer
11-24 17:15:56.572  1011  1189 D ASH     : @ 189408.760: tcs3701: start power rail timer, state:3
11-24 17:15:56.612  1011  1189 I ASH     : @ 189408.800: tcs3701: stop power rail pending_off timer
11-24 17:15:56.612  1011  1189 D ASH     : @ 189408.800: tcs3701: start power rail timer, state:3
11-24 17:15:56.621 10476 10512 I BatteryMgr:DataCollectionService: stats => 1700842556621,10070,4443,-2746,4169000,100
11-24 17:15:56.652  1011  1189 I ASH     : @ 189408.840: tcs3701: stop power rail pending_off timer
11-24 17:15:56.652  1011  1189 D ASH     : @ 189408.840: tcs3701: start power rail timer, state:3
11-24 17:15:56.692  1011  1189 I ASH     : @ 189408.880: tcs3701: stop power rail pending_off timer
11-24 17:15:56.692  1011  1189 D ASH     : @ 189408.880: tcs3701: start power rail timer, state:3
11-24 17:15:56.726 10476 10512 I BatteryMgr:DataCollectionService: stats => 1700842556726,10070,4443,-2746,4169000,100
11-24 17:15:56.732  1011  1189 I ASH     : @ 189408.920: tcs3701: stop power rail pending_off timer
11-24 17:15:56.732  1011  1189 D ASH     : @ 189408.920: tcs3701: start power rail timer, state:3
11-24 17:15:56.770  1795  3716 D ActivityManager: freezer override set to true
11-24 17:15:56.772  1011  1189 I ASH     : @ 189408.960: tcs3701: stop power rail pending_off timer
11-24 17:15:56.772  1011  1189 D ASH     : @ 189408.960: tcs3701: start power rail timer, state:3
11-24 17:15:56.774  1795  3716 D ActivityManager: freezer override set to false
11-24 17:15:56.812  1011  1189 I ASH     : @ 189409.000: tcs3701: stop power rail pending_off timer
11-24 17:15:56.812  1011  1189 D ASH     : @ 189409.000: tcs3701: start power rail timer, state:3
11-24 17:15:56.831 10476 10512 I BatteryMgr:DataCollectionService: stats => 1700842556831,10070,4443,-2746,4169000,100
11-24 17:15:56.852  1011  1189 I ASH     : @ 189409.040: tcs3701: stop power rail pending_off timer
11-24 17:15:56.852  1011  1189 D ASH     : @ 189409.040: tcs3701: start power rail timer, state:3
11-24 17:15:56.892  1011  1189 I ASH     : @ 189409.080: tcs3701: stop power rail pending_off timer
11-24 17:15:56.892  1011  1189 D ASH     : @ 189409.080: tcs3701: start power rail timer, state:3
11-24 17:15:56.932  1011  1189 I ASH     : @ 189409.120: tcs3701: stop power rail pending_off timer
11-24 17:15:56.932  1011  1189 D ASH     : @ 189409.120: tcs3701: start power rail timer, state:3
11-24 17:15:56.937 10476 10512 I BatteryMgr:DataCollectionService: stats => 1700842556937,10070,4443,-2746,4169000,100
11-24 17:15:56.972  1011  1189 I ASH     : @ 189409.160: tcs3701: stop power rail pending_off timer
11-24 17:15:56.972  1011  1189 D ASH     : @ 189409.160: tcs3701: start power rail timer, state:3
11-24 17:15:57.012  1011  1189 I ASH     : @ 189409.200: tcs3701: stop power rail pending_off timer
11-24 17:15:57.012  1011  1189 D ASH     : @ 189409.200: tcs3701: start power rail timer, state:3
11-24 17:15:57.044 10476 10512 I BatteryMgr:DataCollectionService: stats => 1700842557044,10070,4443,-2746,4169000,100
11-24 17:15:57.053  1011  1189 I ASH     : @ 189409.240: tcs3701: stop power rail pending_off timer
11-24 17:15:57.053  1011  1189 D ASH     : @ 189409.240: tcs3701: start power rail timer, state:3
11-24 17:15:57.092  1011  1189 I ASH     : @ 189409.280: tcs3701: stop power rail pending_off timer
11-24 17:15:57.092  1011  1189 D ASH     : @ 189409.280: tcs3701: start power rail timer, state:3
11-24 17:15:57.132  1011  1189 I ASH     : @ 189409.320: tcs3701: stop power rail pending_off timer
11-24 17:15:57.132  1011  1189 D ASH     : @ 189409.320: tcs3701: start power rail timer, state:3
11-24 17:15:57.151 10476 10512 I BatteryMgr:DataCollectionService: stats => 1700842557151,10070,4443,-2746,4169000,100
11-24 17:15:57.172  1011  1189 I ASH     : @ 189409.360: tcs3701: stop power rail pending_off timer
11-24 17:15:57.172  1011  1189 D ASH     : @ 189409.360: tcs3701: start power rail timer, state:3
11-24 17:15:57.212  1011  1189 I ASH     : @ 189409.400: tcs3701: stop power rail pending_off timer
11-24 17:15:57.212  1011  1189 D ASH     : @ 189409.400: tcs3701: start power rail timer, state:3
11-24 17:15:57.253  1011  1189 I ASH     : @ 189409.440: tcs3701: stop power rail pending_off timer
11-24 17:15:57.253  1011  1189 D ASH     : @ 189409.440: tcs3701: start power rail timer, state:3
11-24 17:15:57.257 10476 10512 I BatteryMgr:DataCollectionService: stats => 1700842557257,10070,4443,-2746,4169000,100
11-24 17:15:57.292  1011  1189 I ASH     : @ 189409.480: tcs3701: stop power rail pending_off timer
11-24 17:15:57.292  1011  1189 D ASH     : @ 189409.480: tcs3701: start power rail timer, state:3
11-24 17:15:57.303  1795  2424 D WifiClientModeImpl[13802:wlan0]: updateLinkLayerStatsRssiSpeedFrequencyCapabilities rssi=-45 TxLinkspeed=780 freq=5240 RxLinkSpeed=866
11-24 17:15:57.303  1795  2424 D WifiDataStall: tx tput in kbps: 591281
11-24 17:15:57.303  1795  2424 D WifiDataStall: rx tput in kbps: 767898
11-24 17:15:57.304  1795  2424 V WifiConfigManager: Updating scan detail cache freq=5240 BSSID=f4:6d:2f:12:cc:88 RSSI=-45 for "ourhome"WPA_PSK
11-24 17:15:57.304  1795  2424 D WifiChannelUtilization:  freq: 5240 onTime: 5756794 busyTime: 587610 onTimeDiff: 2382002 busyTimeDiff: 271911 utilization: 29 utilization t0: 26
11-24 17:15:57.304  1795  2424 D WifiDataStall:  ccaLevel = 29
11-24 17:15:57.304  2782  5906 D QCNEJ/WlanStaInfoRelay: Received action: android.net.wifi.RSSI_CHANGED
11-24 17:15:57.304  1795  2424 D WifiDataStall: L2 txTputKbps: 539479, rxTputKbps: 767898, L3 txTputKbps: 122, rxTputKbps: 30, TxTrafficHigh: true, RxTrafficHigh: true, Throughput Sufficient: true
11-24 17:15:57.304  1795  2424 D WifiScoreReport: Wifi scoring disabled - Don't check IP layer
11-24 17:15:57.304  2673  2693 V WifiManager: OnWifiUsabilityStatsListener: onWifiUsabilityStats: seqNum=55743
11-24 17:15:57.304  1795  2424 D WifiScoreCard: BSSID update SIGNAL_POLL ID: 1320464697 SSID: "ourhome", BSSID: f4:6d:2f:12:cc:88, MAC: b2:2f:ec:da:4a:0c, IP: /192.168.1.104, Security type: 2, Supplicant state: COMPLETED, Wi-Fi standard: 5, RSSI: -45, Link speed: 780Mbps, Tx Link speed: 780Mbps, Max Supported Tx Link speed: 866Mbps, Rx Link speed: 866Mbps, Max Supported Rx Link speed: 866Mbps, Frequency: 5240MHz, Net ID: 12, Metered hint: false, score: 60, isUsable: true, CarrierMerged: false, SubscriptionId: -1, IsPrimary: 1, Trusted: true, Restricted: false, Ephemeral: false, OEM paid: false, OEM private: false, OSU AP: false, FQDN: <none>, Provider friendly name: <none>, Requesting package name: <none>"ourhome"wpa2-pskMLO Information: , Is TID-To-Link negotiation supported by the AP: false, AP MLD Address: <none>, AP MLO Link Id: <none>, AP MLO Affiliated links: <none>
11-24 17:15:57.304  1795  2424 D WifiScoreCard: txRate: 8 txSpeed: 780
11-24 17:15:57.304  1795  2424 D WifiScoreCard: network update SIGNAL_POLL "ourhome" ID: 1499892569 RSSI -45 txSpeed 780
11-24 17:15:57.305  1795  2424 D WifiClientModeImpl[13802:wlan0]:  ClientModeImpl$L2ConnectedState screen=on 29 0 "ourhome" f4:6d:2f:12:cc:88 rssi=-45 f=5240 sc=60 link=780 tx=6.1, 1.7, 0.0 rx=5.3 bcn=1824874 [on:148 tx:3 rx:1 period:3010] from screen [on:1147214 period:37799296] score=60
11-24 17:15:57.305  1795  3716 I WifiService: updateWifiUsabilityScore uid=10180 seqNum=55743 score=100 predictionHorizonSec=1441795
11-24 17:15:57.306  1795  2424 D WifiScoreReport: Wifi scoring disabled - Notify that Wifi is usable
11-24 17:15:57.308  1795  2432 D ConnectivityService: NetReassign [no changes] [c 1] [a 0] [i 2]
11-24 17:15:57.332  1011  1189 I ASH     : @ 189409.520: tcs3701: stop power rail pending_off timer
11-24 17:15:57.332  1011  1189 D ASH     : @ 189409.520: tcs3701: start power rail timer, state:3
11-24 17:15:57.362 10476 10512 I BatteryMgr:DataCollectionService: stats => 1700842557362,10070,4443,-2746,4169000,100
11-24 17:15:57.372  1011  1189 I ASH     : @ 189409.560: tcs3701: stop power rail pending_off timer
11-24 17:15:57.372  1011  1189 D ASH     : @ 189409.560: tcs3701: start power rail timer, state:3
11-24 17:15:57.412  1011  1189 I ASH     : @ 189409.600: tcs3701: stop power rail pending_off timer
11-24 17:15:57.412  1011  1189 D ASH     : @ 189409.600: tcs3701: start power rail timer, state:3
11-24 17:15:57.452  1011  1189 I ASH     : @ 189409.640: tcs3701: stop power rail pending_off timer
11-24 17:15:57.452  1011  1189 D ASH     : @ 189409.640: tcs3701: start power rail timer, state:3
11-24 17:15:57.467 10476 10512 I BatteryMgr:DataCollectionService: stats => 1700842557467,10070,4443,-2746,4169000,100
11-24 17:15:57.492  1011  1189 I ASH     : @ 189409.680: tcs3701: stop power rail pending_off timer
11-24 17:15:57.492  1011  1189 D ASH     : @ 189409.680: tcs3701: start power rail timer, state:3
11-24 17:15:57.533  1011  1189 I ASH     : @ 189409.720: tcs3701: stop power rail pending_off timer
11-24 17:15:57.533  1011  1189 D ASH     : @ 189409.720: tcs3701: start power rail timer, state:3
11-24 17:15:57.572  1011  1189 I ASH     : @ 189409.760: tcs3701: stop power rail pending_off timer
11-24 17:15:57.572  1011  1189 D ASH     : @ 189409.760: tcs3701: start power rail timer, state:3
11-24 17:15:57.576 10476 10512 I BatteryMgr:DataCollectionService: stats => 1700842557576,10070,4443,-2746,4169000,100
11-24 17:15:57.612  1011  1189 I ASH     : @ 189409.800: tcs3701: stop power rail pending_off timer
11-24 17:15:57.612  1011  1189 D ASH     : @ 189409.800: tcs3701: start power rail timer, state:3
11-24 17:15:57.625  1795  3716 D ActivityManager: freezer override set to true
11-24 17:15:57.652  1011  1189 I ASH     : @ 189409.840: tcs3701: stop power rail pending_off timer
11-24 17:15:57.652  1011  1189 D ASH     : @ 189409.840: tcs3701: start power rail timer, state:3
11-24 17:15:57.669  2113  2118 I pixel-thermal: skin-therm-monitor: 41.691
11-24 17:15:57.670  2113  2118 I pixel-thermal: panel-audio-therm: 41.687
11-24 17:15:57.683 10476 10512 I BatteryMgr:DataCollectionService: stats => 1700842557683,10070,4443,-2746,4169000,100
11-24 17:15:57.692  1011  1189 I ASH     : @ 189409.880: tcs3701: stop power rail pending_off timer
11-24 17:15:57.692  1011  1189 D ASH     : @ 189409.880: tcs3701: start power rail timer, state:3
11-24 17:15:57.724 13890 13907 I m.chrome.canary: Explicit concurrent copying GC freed 3577(176KB) AllocSpace objects, 3(60KB) LOS objects, 75% free, 12MB/50MB, paused 38us,45us total 52.963ms
11-24 17:15:57.733  1011  1189 I ASH     : @ 189409.920: tcs3701: stop power rail pending_off timer
11-24 17:15:57.733  1011  1189 D ASH     : @ 189409.921: tcs3701: start power rail timer, state:3
11-24 17:15:57.772  1011  1189 I ASH     : @ 189409.960: tcs3701: stop power rail pending_off timer
11-24 17:15:57.772  1011  1189 D ASH     : @ 189409.960: tcs3701: start power rail timer, state:3
11-24 17:15:57.790 10476 10512 I BatteryMgr:DataCollectionService: stats => 1700842557790,10070,4443,-2746,4169000,100
11-24 17:15:57.794  1795  2855 D ActivityManager: freezer override set to false
11-24 17:15:57.812  1011  1189 I ASH     : @ 189410.000: tcs3701: stop power rail pending_off timer
11-24 17:15:57.812  1011  1189 D ASH     : @ 189410.000: tcs3701: start power rail timer, state:3
11-24 17:15:57.838  1795  2855 D ActivityManager: freezer override set to true
11-24 17:15:57.840  1795  2855 D ActivityManager: freezer override set to false
11-24 17:15:57.852  1011  1189 I ASH     : @ 189410.040: tcs3701: stop power rail pending_off timer
11-24 17:15:57.852  1011  1189 D ASH     : @ 189410.040: tcs3701: start power rail timer, state:3
11-24 17:15:57.892  1011  1189 I ASH     : @ 189410.080: tcs3701: stop power rail pending_off timer
11-24 17:15:57.892  1011  1189 D ASH     : @ 189410.080: tcs3701: start power rail timer, state:3
11-24 17:15:57.896 10476 10512 I BatteryMgr:DataCollectionService: stats => 1700842557896,10070,4443,-2746,4169000,100
11-24 17:15:57.932  1011  1189 I ASH     : @ 189410.120: tcs3701: stop power rail pending_off timer
11-24 17:15:57.932  1011  1189 D ASH     : @ 189410.120: tcs3701: start power rail timer, state:3
11-24 17:15:57.972  1011  1189 I ASH     : @ 189410.160: tcs3701: stop power rail pending_off timer
11-24 17:15:57.972  1011  1189 D ASH     : @ 189410.160: tcs3701: start power rail timer, state:3
11-24 17:15:58.001 10476 10512 I BatteryMgr:DataCollectionService: stats => 1700842558001,10070,4443,-2746,4169000,100
11-24 17:15:58.012  1011  1189 I ASH     : @ 189410.200: tcs3701: stop power rail pending_off timer
11-24 17:15:58.012  1011  1189 D ASH     : @ 189410.200: tcs3701: start power rail timer, state:3
11-24 17:15:58.052  1011  1189 I ASH     : @ 189410.240: tcs3701: stop power rail pending_off timer
11-24 17:15:58.052  1011  1189 D ASH     : @ 189410.240: tcs3701: start power rail timer, state:3
11-24 17:15:58.092  1011  1189 I ASH     : @ 189410.280: tcs3701: stop power rail pending_off timer
11-24 17:15:58.092  1011  1189 D ASH     : @ 189410.280: tcs3701: start power rail timer, state:3
11-24 17:15:58.107 10476 10512 I BatteryMgr:DataCollectionService: stats => 1700842558107,10070,4443,-2746,4169000,100
11-24 17:15:58.132  1011  1189 I ASH     : @ 189410.320: tcs3701: stop power rail pending_off timer
11-24 17:15:58.132  1011  1189 D ASH     : @ 189410.320: tcs3701: start power rail timer, state:3
11-24 17:15:58.172  1011  1189 I ASH     : @ 189410.360: tcs3701: stop power rail pending_off timer
11-24 17:15:58.172  1011  1189 D ASH     : @ 189410.360: tcs3701: start power rail timer, state:3
11-24 17:15:58.212  1011  1189 I ASH     : @ 189410.400: tcs3701: stop power rail pending_off timer
11-24 17:15:58.212  1011  1189 D ASH     : @ 189410.400: tcs3701: start power rail timer, state:3
11-24 17:15:58.212 10476 10512 I BatteryMgr:DataCollectionService: stats => 1700842558212,10070,4443,-2746,4169000,100
11-24 17:15:58.252  1011  1189 I ASH     : @ 189410.440: tcs3701: stop power rail pending_off timer
11-24 17:15:58.252  1011  1189 D ASH     : @ 189410.440: tcs3701: start power rail timer, state:3
11-24 17:15:58.292  1011  1189 I ASH     : @ 189410.480: tcs3701: stop power rail pending_off timer
11-24 17:15:58.292  1011  1189 D ASH     : @ 189410.480: tcs3701: start power rail timer, state:3
11-24 17:15:58.318 10476 10512 I BatteryMgr:DataCollectionService: stats => 1700842558318,10070,4443,-2746,4169000,100
11-24 17:15:58.332  1011  1189 I ASH     : @ 189410.520: tcs3701: stop power rail pending_off timer
11-24 17:15:58.332  1011  1189 D ASH     : @ 189410.520: tcs3701: start power rail timer, state:3
11-24 17:15:58.372  1011  1189 I ASH     : @ 189410.560: tcs3701: stop power rail pending_off timer
11-24 17:15:58.372  1011  1189 D ASH     : @ 189410.560: tcs3701: start power rail timer, state:3
11-24 17:15:58.412  1011  1189 I ASH     : @ 189410.600: tcs3701: stop power rail pending_off timer
11-24 17:15:58.412  1011  1189 D ASH     : @ 189410.600: tcs3701: start power rail timer, state:3
11-24 17:15:58.424 10476 10512 I BatteryMgr:DataCollectionService: stats => 1700842558424,10070,4443,-2746,4169000,100
