11-24 16:58:13.972  1011  1189 D ASH     : @ 188346.161: tcs3701: start power rail timer, state:3
11-24 16:58:14.012  1011  1189 I ASH     : @ 188346.201: tcs3701: stop power rail pending_off timer
11-24 16:58:14.012  1011  1189 D ASH     : @ 188346.201: tcs3701: start power rail timer, state:3
11-24 16:58:14.053  1011  1189 I ASH     : @ 188346.241: tcs3701: stop power rail pending_off timer
11-24 16:58:14.053  1011  1189 D ASH     : @ 188346.241: tcs3701: start power rail timer, state:3
11-24 16:58:14.069 10476 10510 I BatteryMgr:DataCollectionService: stats => 1700841494069,10070,4443,-2746,4169000,100
11-24 16:58:14.092  1011  1189 I ASH     : @ 188346.281: tcs3701: stop power rail pending_off timer
11-24 16:58:14.092  1011  1189 D ASH     : @ 188346.281: tcs3701: start power rail timer, state:3
11-24 16:58:14.094  1795  2735 D ActivityManager: freezer override set to true
11-24 16:58:14.103  1795  2735 D ActivityManager: freezer override set to false
11-24 16:58:14.132  1011  1189 I ASH     : @ 188346.321: tcs3701: stop power rail pending_off timer
11-24 16:58:14.132  1011  1189 D ASH     : @ 188346.321: tcs3701: start power rail timer, state:3
11-24 16:58:14.172  1011  1189 I ASH     : @ 188346.361: tcs3701: stop power rail pending_off timer
11-24 16:58:14.172  1011  1189 D ASH     : @ 188346.361: tcs3701: start power rail timer, state:3
11-24 16:58:14.196 10476 10510 I BatteryMgr:DataCollectionService: stats => 1700841494196,10070,4443,-2746,4169000,100
11-24 16:58:14.212  1011  1189 I ASH     : @ 188346.401: tcs3701: stop power rail pending_off timer
11-24 16:58:14.212  1011  1189 D ASH     : @ 188346.401: tcs3701: start power rail timer, state:3
11-24 16:58:14.252  1011  1189 I ASH     : @ 188346.441: tcs3701: stop power rail pending_off timer
11-24 16:58:14.252  1011  1189 D ASH     : @ 188346.441: tcs3701: start power rail timer, state:3
11-24 16:58:14.292  1011  1189 I ASH     : @ 188346.481: tcs3701: stop power rail pending_off timer
11-24 16:58:14.292  1011  1189 D ASH     : @ 188346.481: tcs3701: start power rail timer, state:3
11-24 16:58:14.314 10476 10510 I BatteryMgr:DataCollectionService: stats => 1700841494314,10070,4443,-2746,4169000,100
11-24 16:58:14.332  1011  1189 I ASH     : @ 188346.521: tcs3701: stop power rail pending_off timer
11-24 16:58:14.332  1011  1189 D ASH     : @ 188346.521: tcs3701: start power rail timer, state:3
11-24 16:58:14.372  1011  1189 I ASH     : @ 188346.561: tcs3701: stop power rail pending_off timer
11-24 16:58:14.373  1011  1189 D ASH     : @ 188346.561: tcs3701: start power rail timer, state:3
11-24 16:58:14.412  1011  1189 I ASH     : @ 188346.601: tcs3701: stop power rail pending_off timer
11-24 16:58:14.413  1011  1189 D ASH     : @ 188346.601: tcs3701: start power rail timer, state:3
11-24 16:58:14.427 10476 10510 I BatteryMgr:DataCollectionService: stats => 1700841494427,10070,4443,-2746,4169000,100
11-24 16:58:14.453  1011  1189 I ASH     : @ 188346.641: tcs3701: stop power rail pending_off timer
11-24 16:58:14.453  1011  1189 D ASH     : @ 188346.641: tcs3701: start power rail timer, state:3
11-24 16:58:14.492  1011  1189 I ASH     : @ 188346.681: tcs3701: stop power rail pending_off timer
11-24 16:58:14.492  1011  1189 D ASH     : @ 188346.681: tcs3701: start power rail timer, state:3
11-24 16:58:14.532  1011  1189 I ASH     : @ 188346.721: tcs3701: stop power rail pending_off timer
11-24 16:58:14.532  1011  1189 D ASH     : @ 188346.721: tcs3701: start power rail timer, state:3
11-24 16:58:14.536 10476 10510 I BatteryMgr:DataCollectionService: stats => 1700841494536,10070,4443,-2746,4169000,100
11-24 16:58:14.572  1011  1189 I ASH     : @ 188346.761: tcs3701: stop power rail pending_off timer
11-24 16:58:14.572  1011  1189 D ASH     : @ 188346.761: tcs3701: start power rail timer, state:3
11-24 16:58:14.613  1011  1189 I ASH     : @ 188346.801: tcs3701: stop power rail pending_off timer
11-24 16:58:14.613  1011  1189 D ASH     : @ 188346.801: tcs3701: start power rail timer, state:3
11-24 16:58:14.643 10476 10510 I BatteryMgr:DataCollectionService: stats => 1700841494643,10070,4443,-2746,4169000,100
11-24 16:58:14.652  1011  1189 I ASH     : @ 188346.841: tcs3701: stop power rail pending_off timer
11-24 16:58:14.652  1011  1189 D ASH     : @ 188346.841: tcs3701: start power rail timer, state:3
11-24 16:58:14.692  1011  1189 I ASH     : @ 188346.881: tcs3701: stop power rail pending_off timer
11-24 16:58:14.692  1011  1189 D ASH     : @ 188346.881: tcs3701: start power rail timer, state:3
11-24 16:58:14.732  1011  1189 I ASH     : @ 188346.921: tcs3701: stop power rail pending_off timer
11-24 16:58:14.732  1011  1189 D ASH     : @ 188346.921: tcs3701: start power rail timer, state:3
11-24 16:58:14.755 10476 10510 I BatteryMgr:DataCollectionService: stats => 1700841494755,10070,4443,-2746,4169000,100
11-24 16:58:14.772  1011  1189 I ASH     : @ 188346.961: tcs3701: stop power rail pending_off timer
11-24 16:58:14.772  1011  1189 D ASH     : @ 188346.961: tcs3701: start power rail timer, state:3
11-24 16:58:14.813  1011  1189 I ASH     : @ 188347.001: tcs3701: stop power rail pending_off timer
11-24 16:58:14.813  1011  1189 D ASH     : @ 188347.001: tcs3701: start power rail timer, state:3
11-24 16:58:14.852  1011  1189 I ASH     : @ 188347.041: tcs3701: stop power rail pending_off timer
11-24 16:58:14.852  1011  1189 D ASH     : @ 188347.041: tcs3701: start power rail timer, state:3
11-24 16:58:14.878 10476 10510 I BatteryMgr:DataCollectionService: stats => 1700841494878,10070,4443,-2746,4169000,100
11-24 16:58:14.892  1011  1189 I ASH     : @ 188347.081: tcs3701: stop power rail pending_off timer
11-24 16:58:14.892  1011  1189 D ASH     : @ 188347.081: tcs3701: start power rail timer, state:3
11-24 16:58:14.933  1011  1189 I ASH     : @ 188347.121: tcs3701: stop power rail pending_off timer
11-24 16:58:14.933  1011  1189 D ASH     : @ 188347.121: tcs3701: start power rail timer, state:3
11-24 16:58:14.972  1011  1189 I ASH     : @ 188347.161: tcs3701: stop power rail pending_off timer
11-24 16:58:14.972  1011  1189 D ASH     : @ 188347.161: tcs3701: start power rail timer, state:3
11-24 16:58:14.989 10476 10510 I BatteryMgr:DataCollectionService: stats => 1700841494989,10070,4443,-2746,4169000,100
11-24 16:58:15.012  1011  1189 I ASH     : @ 188347.201: tcs3701: stop power rail pending_off timer
11-24 16:58:15.012  1011  1189 D ASH     : @ 188347.201: tcs3701: start power rail timer, state:3
11-24 16:58:15.054  1011  1189 I ASH     : @ 188347.241: tcs3701: stop power rail pending_off timer
11-24 16:58:15.054  1011  1189 D ASH     : @ 188347.241: tcs3701: start power rail timer, state:3
11-24 16:58:15.054  1795  3659 D ActivityManager: freezer override set to true
11-24 16:58:15.058  1795  3659 D ActivityManager: freezer override set to false
11-24 16:58:15.093  1011  1189 I ASH     : @ 188347.281: tcs3701: stop power rail pending_off timer
11-24 16:58:15.093  1011  1189 D ASH     : @ 188347.281: tcs3701: start power rail timer, state:3
11-24 16:58:15.094  1795  2424 D WifiClientModeImpl[13802:wlan0]: updateLinkLayerStatsRssiSpeedFrequencyCapabilities rssi=-47 TxLinkspeed=780 freq=5240 RxLinkSpeed=866
11-24 16:58:15.100  2782  5906 D QCNEJ/WlanStaInfoRelay: Received action: android.net.wifi.RSSI_CHANGED
11-24 16:58:15.103  1795  2424 D WifiScoreCard: 1 lastSampleWeight=77/128 filterInKbps=61251 avgKbps=61251 filterOutKbps=44362
11-24 16:58:15.103  1795  2424 D WifiClientModeImpl[13802:wlan0]: reported txKbps 12000 rxKbps 44362
11-24 16:58:15.104  1795  2424 D WifiDataStall: tx tput in kbps: 149820
11-24 16:58:15.104  1795  2424 D WifiDataStall: rx tput in kbps: 767898
11-24 16:58:15.104  1795  2424 V WifiConfigManager: Updating scan detail cache freq=5240 BSSID=f4:6d:2f:12:cc:88 RSSI=-45 for "ourhome"WPA_PSK
11-24 16:58:15.104  1795  2424 D WifiChannelUtilization:  freq: 5240 onTime: 5715018 busyTime: 584290 onTimeDiff: 2340226 busyTimeDiff: 268591 utilization: 29 utilization t0: 26
11-24 16:58:15.105  1795  2424 D WifiDataStall:  ccaLevel = 29
11-24 16:58:15.105  1795  2424 D WifiDataStall: L2 txTputKbps: 580978, rxTputKbps: 767898, L3 txTputKbps: 127, rxTputKbps: 17345, TxTrafficHigh: true, RxTrafficHigh: true, Throughput Sufficient: true
11-24 16:58:15.105  2673  2693 V WifiManager: OnWifiUsabilityStatsListener: onWifiUsabilityStats: seqNum=55391
11-24 16:58:15.105  1795  2424 D WifiScoreReport: Wifi scoring disabled - Don't check IP layer
11-24 16:58:15.105  1795  2424 D WifiScoreCard: BSSID update SIGNAL_POLL ID: 1320464697 SSID: "ourhome", BSSID: f4:6d:2f:12:cc:88, MAC: b2:2f:ec:da:4a:0c, IP: /192.168.1.104, Security type: 2, Supplicant state: COMPLETED, Wi-Fi standard: 5, RSSI: -47, Link speed: 780Mbps, Tx Link speed: 780Mbps, Max Supported Tx Link speed: 866Mbps, Rx Link speed: 866Mbps, Max Supported Rx Link speed: 866Mbps, Frequency: 5240MHz, Net ID: 12, Metered hint: false, score: 60, isUsable: true, CarrierMerged: false, SubscriptionId: -1, IsPrimary: 1, Trusted: true, Restricted: false, Ephemeral: false, OEM paid: false, OEM private: false, OSU AP: false, FQDN: <none>, Provider friendly name: <none>, Requesting package name: <none>"ourhome"wpa2-pskMLO Information: , Is TID-To-Link negotiation supported by the AP: false, AP MLD Address: <none>, AP MLO Link Id: <none>, AP MLO Affiliated links: <none>
11-24 16:58:15.105  1795  2424 D WifiScoreCard: txRate: 220 txSpeed: 780
11-24 16:58:15.105  1795  2424 D WifiScoreCard: network update SIGNAL_POLL "ourhome" ID: 1499892569 RSSI -47 txSpeed 780
11-24 16:58:15.105  1795  2735 I WifiService: updateWifiUsabilityScore uid=10180 seqNum=55391 score=100 predictionHorizonSec=1441795
11-24 16:58:15.106  1795  2424 D WifiClientModeImpl[13802:wlan0]:  ClientModeImpl$L2ConnectedState screen=on 29 0 "ourhome" f4:6d:2f:12:cc:88 rssi=-47 f=5240 sc=60 link=780 tx=188.6, 30.8, 0.0 rx=1100.1 bcn=1814523 [on:1113 tx:43 rx:68 period:3029] from screen [on:1105438 period:36737097] score=60
11-24 16:58:15.114  1795  2424 D WifiScoreReport: Wifi scoring disabled - Notify that Wifi is usable
11-24 16:58:15.120  1795  3659 I WifiService: getWifiEnabledState uid=10233 state=3
11-24 16:58:15.123 10476 10510 I BatteryMgr:DataCollectionService: stats => 1700841495123,10070,4443,-2746,4169000,100
11-24 16:58:15.132  1011  1189 I ASH     : @ 188347.321: tcs3701: stop power rail pending_off timer
11-24 16:58:15.132  1011  1189 D ASH     : @ 188347.321: tcs3701: start power rail timer, state:3
11-24 16:58:15.147  3473  4683 I CarrierServices: [49] ekm.handleMessage: RcsEngineImpl[DUAL_REG]:[deae450f-f3f3]>Handler: handleMessage processing message:[NOTIFY_UPTIME_IGNORE_STATE_CHANGED] with [non-null]:RcsEngineImpl reference
11-24 16:58:15.148  2895  4882 E PhoneInterfaceManager: [PhoneIntfMgr] getCarrierPrivilegeStatusForUid: Invalid subId
11-24 16:58:15.149  3473  4683 I CarrierServices: [49] ejf.b: ProvisioningEngineDataRetriever: RCS Configuration storage in Bugle is disabled by p/h flag, using ProvisioningEngineStateCacheUtil.getProvisioningConfigurationForGivenSimIfExist()
11-24 16:58:15.149  3473  4697 I CarrierServices: [50] eam.c: Connected state: [1], networkType: [WIFI]
11-24 16:58:15.172  1011  1189 I ASH     : @ 188347.361: tcs3701: stop power rail pending_off timer
11-24 16:58:15.172  1011  1189 D ASH     : @ 188347.361: tcs3701: start power rail timer, state:3
11-24 16:58:15.177  2673  2720 D DeviceStateHelper: Wifi freq: 5240
11-24 16:58:15.180  1795  2432 D ConnectivityService: NetReassign [no changes] [c 0] [a 0] [i 2]
11-24 16:58:15.188  1795  3659 I WifiService: getSoftApConfiguration uid=10180
11-24 16:58:15.212  1011  1189 I ASH     : @ 188347.401: tcs3701: stop power rail pending_off timer
11-24 16:58:15.212  1011  1189 D ASH     : @ 188347.401: tcs3701: start power rail timer, state:3
11-24 16:58:15.217  1795  3057 D ActivityManager: freezer override set to true
11-24 16:58:15.234 10476 10510 I BatteryMgr:DataCollectionService: stats => 1700841495234,10070,4443,-2746,4169000,100
11-24 16:58:15.252  1011  1189 I ASH     : @ 188347.441: tcs3701: stop power rail pending_off timer
11-24 16:58:15.252  1011  1189 D ASH     : @ 188347.441: tcs3701: start power rail timer, state:3
11-24 16:58:15.293  1011  1189 I ASH     : @ 188347.481: tcs3701: stop power rail pending_off timer
11-24 16:58:15.293  1011  1189 D ASH     : @ 188347.481: tcs3701: start power rail timer, state:3
11-24 16:58:15.333  1011  1189 I ASH     : @ 188347.521: tcs3701: stop power rail pending_off timer
11-24 16:58:15.333  1011  1189 D ASH     : @ 188347.521: tcs3701: start power rail timer, state:3
11-24 16:58:15.352 10476 10510 I BatteryMgr:DataCollectionService: stats => 1700841495352,10070,4443,-2746,4169000,100
11-24 16:58:15.369 21996 22011 I m.chrome.canary: Explicit concurrent copying GC freed 4334(224KB) AllocSpace objects, 4(80KB) LOS objects, 75% free, 12MB/50MB, paused 40us,49us total 64.486ms
11-24 16:58:15.372  1011  1189 I ASH     : @ 188347.561: tcs3701: stop power rail pending_off timer
11-24 16:58:15.372  1011  1189 D ASH     : @ 188347.561: tcs3701: start power rail timer, state:3
11-24 16:58:15.412  1011  1189 I ASH     : @ 188347.601: tcs3701: stop power rail pending_off timer
11-24 16:58:15.412  1011  1189 D ASH     : @ 188347.601: tcs3701: start power rail timer, state:3
11-24 16:58:15.437  1795  3057 D ActivityManager: freezer override set to false
11-24 16:58:15.452  1011  1189 I ASH     : @ 188347.641: tcs3701: stop power rail pending_off timer
11-24 16:58:15.452  1011  1189 D ASH     : @ 188347.641: tcs3701: start power rail timer, state:3
11-24 16:58:15.467 10476 10510 I BatteryMgr:DataCollectionService: stats => 1700841495467,10070,4443,-2746,4169000,100
11-24 16:58:15.492  1011  1189 I ASH     : @ 188347.681: tcs3701: stop power rail pending_off timer
11-24 16:58:15.492  1011  1189 D ASH     : @ 188347.681: tcs3701: start power rail timer, state:3
11-24 16:58:15.530  1795  3057 D ActivityManager: freezer override set to true
11-24 16:58:15.532  1011  1189 I ASH     : @ 188347.721: tcs3701: stop power rail pending_off timer
11-24 16:58:15.532  1011  1189 D ASH     : @ 188347.721: tcs3701: start power rail timer, state:3
11-24 16:58:15.536  1795  3057 D ActivityManager: freezer override set to false
11-24 16:58:15.572  1011  1189 I ASH     : @ 188347.761: tcs3701: stop power rail pending_off timer
11-24 16:58:15.572  1011  1189 D ASH     : @ 188347.761: tcs3701: start power rail timer, state:3
11-24 16:58:15.593 10476 10510 I BatteryMgr:DataCollectionService: stats => 1700841495593,10070,4443,-2746,4169000,100
11-24 16:58:15.612  1011  1189 I ASH     : @ 188347.801: tcs3701: stop power rail pending_off timer
11-24 16:58:15.612  1011  1189 D ASH     : @ 188347.801: tcs3701: start power rail timer, state:3
11-24 16:58:15.652  1011  1189 I ASH     : @ 188347.841: tcs3701: stop power rail pending_off timer
11-24 16:58:15.652  1011  1189 D ASH     : @ 188347.841: tcs3701: start power rail timer, state:3
11-24 16:58:15.693  1011  1189 I ASH     : @ 188347.881: tcs3701: stop power rail pending_off timer
11-24 16:58:15.693  1011  1189 D ASH     : @ 188347.881: tcs3701: start power rail timer, state:3
11-24 16:58:15.711 10476 10510 I BatteryMgr:DataCollectionService: stats => 1700841495711,10070,4443,-2746,4169000,100
11-24 16:58:15.732  1011  1189 I ASH     : @ 188347.921: tcs3701: stop power rail pending_off timer
11-24 16:58:15.732  1011  1189 D ASH     : @ 188347.921: tcs3701: start power rail timer, state:3
11-24 16:58:15.772  1011  1189 I ASH     : @ 188347.961: tcs3701: stop power rail pending_off timer
11-24 16:58:15.772  1011  1189 D ASH     : @ 188347.961: tcs3701: start power rail timer, state:3
11-24 16:58:15.812  1011  1189 I ASH     : @ 188348.001: tcs3701: stop power rail pending_off timer
11-24 16:58:15.812  1011  1189 D ASH     : @ 188348.001: tcs3701: start power rail timer, state:3
11-24 16:58:15.825 10476 10510 I BatteryMgr:DataCollectionService: stats => 1700841495825,10070,4443,-2746,4169000,100
11-24 16:58:15.852  1011  1189 I ASH     : @ 188348.041: tcs3701: stop power rail pending_off timer
11-24 16:58:15.852  1011  1189 D ASH     : @ 188348.041: tcs3701: start power rail timer, state:3
11-24 16:58:15.892  1011  1189 I ASH     : @ 188348.081: tcs3701: stop power rail pending_off timer
11-24 16:58:15.892  1011  1189 D ASH     : @ 188348.081: tcs3701: start power rail timer, state:3
11-24 16:58:15.932  1011  1189 I ASH     : @ 188348.121: tcs3701: stop power rail pending_off timer
11-24 16:58:15.932  1011  1189 D ASH     : @ 188348.121: tcs3701: start power rail timer, state:3
11-24 16:58:15.934 10476 10510 I BatteryMgr:DataCollectionService: stats => 1700841495934,10070,4443,-2746,4169000,100
11-24 16:58:15.972  1011  1189 I ASH     : @ 188348.161: tcs3701: stop power rail pending_off timer
11-24 16:58:15.972  1011  1189 D ASH     : @ 188348.161: tcs3701: start power rail timer, state:3
11-24 16:58:16.012  1011  1189 I ASH     : @ 188348.201: tcs3701: stop power rail pending_off timer
11-24 16:58:16.012  1011  1189 D ASH     : @ 188348.201: tcs3701: start power rail timer, state:3
11-24 16:58:16.041 10476 10510 I BatteryMgr:DataCollectionService: stats => 1700841496041,10070,4443,-2746,4169000,100
11-24 16:58:16.052  1011  1189 I ASH     : @ 188348.241: tcs3701: stop power rail pending_off timer
11-24 16:58:16.052  1011  1189 D ASH     : @ 188348.241: tcs3701: start power rail timer, state:3
11-24 16:58:16.093  1011  1189 I ASH     : @ 188348.281: tcs3701: stop power rail pending_off timer
11-24 16:58:16.093  1011  1189 D ASH     : @ 188348.281: tcs3701: start power rail timer, state:3
11-24 16:58:16.127  1795  3659 D ActivityManager: freezer override set to true
11-24 16:58:16.134  1011  1189 I ASH     : @ 188348.321: tcs3701: stop power rail pending_off timer
11-24 16:58:16.134  1011  1189 D ASH     : @ 188348.321: tcs3701: start power rail timer, state:3
11-24 16:58:16.147  1795  3659 D ActivityManager: freezer override set to false
11-24 16:58:16.157 10476 10510 I BatteryMgr:DataCollectionService: stats => 1700841496157,10070,4443,-2746,4169000,100
11-24 16:58:16.159 21996 22056 W chromium: [WARNING:ev_root_ca_metadata.cc(119)] Not implemented
11-24 16:58:16.159 21996 22056 W chromium: [WARNING:ev_root_ca_metadata.cc(119)] Not implemented
11-24 16:58:16.172  1011  1189 I ASH     : @ 188348.361: tcs3701: stop power rail pending_off timer
11-24 16:58:16.172  1011  1189 D ASH     : @ 188348.361: tcs3701: start power rail timer, state:3
11-24 16:58:16.212  1011  1189 I ASH     : @ 188348.401: tcs3701: stop power rail pending_off timer
11-24 16:58:16.212  1011  1189 D ASH     : @ 188348.401: tcs3701: start power rail timer, state:3
11-24 16:58:16.252  1011  1189 I ASH     : @ 188348.441: tcs3701: stop power rail pending_off timer
11-24 16:58:16.252  1011  1189 D ASH     : @ 188348.441: tcs3701: start power rail timer, state:3
11-24 16:58:16.270 10476 10510 I BatteryMgr:DataCollectionService: stats => 1700841496270,10070,4443,-2746,4169000,100
11-24 16:58:16.292  1011  1189 I ASH     : @ 188348.481: tcs3701: stop power rail pending_off timer
11-24 16:58:16.292  1011  1189 D ASH     : @ 188348.481: tcs3701: start power rail timer, state:3
11-24 16:58:16.332  1011  1189 I ASH     : @ 188348.521: tcs3701: stop power rail pending_off timer
11-24 16:58:16.332  1011  1189 D ASH     : @ 188348.521: tcs3701: start power rail timer, state:3
11-24 16:58:16.372  1011  1189 I ASH     : @ 188348.561: tcs3701: stop power rail pending_off timer
11-24 16:58:16.372  1011  1189 D ASH     : @ 188348.561: tcs3701: start power rail timer, state:3
11-24 16:58:16.381 10476 10510 I BatteryMgr:DataCollectionService: stats => 1700841496381,10070,4443,-2746,4169000,100
11-24 16:58:16.412  1011  1189 I ASH     : @ 188348.601: tcs3701: stop power rail pending_off timer
11-24 16:58:16.412  1011  1189 D ASH     : @ 188348.601: tcs3701: start power rail timer, state:3
11-24 16:58:16.452  1011  1189 I ASH     : @ 188348.641: tcs3701: stop power rail pending_off timer
11-24 16:58:16.452  1011  1189 D ASH     : @ 188348.641: tcs3701: start power rail timer, state:3
11-24 16:58:16.489 10476 10510 I BatteryMgr:DataCollectionService: stats => 1700841496487,10070,4443,-2746,4169000,100
11-24 16:58:16.492  1011  1189 I ASH     : @ 188348.681: tcs3701: stop power rail pending_off timer
11-24 16:58:16.492  1011  1189 D ASH     : @ 188348.681: tcs3701: start power rail timer, state:3
11-24 16:58:16.533  1011  1189 I ASH     : @ 188348.721: tcs3701: stop power rail pending_off timer
11-24 16:58:16.533  1011  1189 D ASH     : @ 188348.721: tcs3701: start power rail timer, state:3
11-24 16:58:16.572  1011  1189 I ASH     : @ 188348.761: tcs3701: stop power rail pending_off timer
11-24 16:58:16.572  1011  1189 D ASH     : @ 188348.761: tcs3701: start power rail timer, state:3
11-24 16:58:16.606 10476 10510 I BatteryMgr:DataCollectionService: stats => 1700841496606,10070,4443,-2746,4169000,100
11-24 16:58:16.612  1011  1189 I ASH     : @ 188348.801: tcs3701: stop power rail pending_off timer
11-24 16:58:16.612  1011  1189 D ASH     : @ 188348.801: tcs3701: start power rail timer, state:3
11-24 16:58:16.652  1011  1189 I ASH     : @ 188348.841: tcs3701: stop power rail pending_off timer
11-24 16:58:16.652  1011  1189 D ASH     : @ 188348.841: tcs3701: start power rail timer, state:3
11-24 16:58:16.692  1011  1189 I ASH     : @ 188348.881: tcs3701: stop power rail pending_off timer
11-24 16:58:16.692  1011  1189 D ASH     : @ 188348.881: tcs3701: start power rail timer, state:3
11-24 16:58:16.718 10476 10510 I BatteryMgr:DataCollectionService: stats => 1700841496718,10070,4443,-2746,4169000,100
11-24 16:58:16.732  1011  1189 I ASH     : @ 188348.921: tcs3701: stop power rail pending_off timer
11-24 16:58:16.732  1011  1189 D ASH     : @ 188348.921: tcs3701: start power rail timer, state:3
11-24 16:58:16.772  1011  1189 I ASH     : @ 188348.961: tcs3701: stop power rail pending_off timer
11-24 16:58:16.772  1011  1189 D ASH     : @ 188348.961: tcs3701: start power rail timer, state:3
11-24 16:58:16.786  1795  3057 D ActivityManager: freezer override set to true
11-24 16:58:16.812  1011  1189 I ASH     : @ 188349.001: tcs3701: stop power rail pending_off timer
11-24 16:58:16.812  1011  1189 D ASH     : @ 188349.001: tcs3701: start power rail timer, state:3
11-24 16:58:16.830 10476 10510 I BatteryMgr:DataCollectionService: stats => 1700841496830,10070,4443,-2746,4169000,100
11-24 16:58:16.850  2113  2118 I pixel-thermal: skin-therm-monitor: 40.48
11-24 16:58:16.852  1011  1189 I ASH     : @ 188349.041: tcs3701: stop power rail pending_off timer
11-24 16:58:16.852  1011  1189 D ASH     : @ 188349.041: tcs3701: start power rail timer, state:3
11-24 16:58:16.892  1011  1189 I ASH     : @ 188349.081: tcs3701: stop power rail pending_off timer
11-24 16:58:16.892  1011  1189 D ASH     : @ 188349.081: tcs3701: start power rail timer, state:3
11-24 16:58:16.932  1011  1189 I ASH     : @ 188349.121: tcs3701: stop power rail pending_off timer
11-24 16:58:16.932  1011  1189 D ASH     : @ 188349.121: tcs3701: start power rail timer, state:3
11-24 16:58:16.937 10476 10510 I BatteryMgr:DataCollectionService: stats => 1700841496937,10070,4443,-2746,4169000,100
11-24 16:58:16.972  1011  1189 I ASH     : @ 188349.161: tcs3701: stop power rail pending_off timer
11-24 16:58:16.973  1011  1189 D ASH     : @ 188349.161: tcs3701: start power rail timer, state:3
11-24 16:58:16.976 21996 22011 I m.chrome.canary: Explicit concurrent copying GC freed 3637(177KB) AllocSpace objects, 3(60KB) LOS objects, 75% free, 12MB/50MB, paused 139us,33us total 109.804ms
11-24 16:58:17.013  1011  1189 I ASH     : @ 188349.201: tcs3701: stop power rail pending_off timer
11-24 16:58:17.013  1011  1189 D ASH     : @ 188349.201: tcs3701: start power rail timer, state:3
11-24 16:58:17.052  1795  3057 D ActivityManager: freezer override set to false
11-24 16:58:17.052  1011  1189 I ASH     : @ 188349.241: tcs3701: stop power rail pending_off timer
11-24 16:58:17.052  1011  1189 D ASH     : @ 188349.241: tcs3701: start power rail timer, state:3
11-24 16:58:17.054 10476 10510 I BatteryMgr:DataCollectionService: stats => 1700841497054,10070,4443,-2746,4169000,100
11-24 16:58:17.080  1795  3659 D ActivityManager: freezer override set to true
11-24 16:58:17.086  1795  3659 D ActivityManager: freezer override set to false
11-24 16:58:17.092  1011  1189 I ASH     : @ 188349.281: tcs3701: stop power rail pending_off timer
11-24 16:58:17.092  1011  1189 D ASH     : @ 188349.281: tcs3701: start power rail timer, state:3
11-24 16:58:17.100  1795  3659 D ActivityManager: freezer override set to true
11-24 16:58:17.106  1795  3659 D ActivityManager: freezer override set to false
11-24 16:58:17.132  1011  1189 I ASH     : @ 188349.321: tcs3701: stop power rail pending_off timer
11-24 16:58:17.132  1011  1189 D ASH     : @ 188349.321: tcs3701: start power rail timer, state:3
11-24 16:58:17.165 10476 10510 I BatteryMgr:DataCollectionService: stats => 1700841497165,10070,4443,-2746,4169000,100
11-24 16:58:17.172  1011  1189 I ASH     : @ 188349.361: tcs3701: stop power rail pending_off timer
11-24 16:58:17.172  1011  1189 D ASH     : @ 188349.361: tcs3701: start power rail timer, state:3
11-24 16:58:17.213  1011  1189 I ASH     : @ 188349.401: tcs3701: stop power rail pending_off timer
11-24 16:58:17.213  1011  1189 D ASH     : @ 188349.401: tcs3701: start power rail timer, state:3
11-24 16:58:17.257  1011  1189 I ASH     : @ 188349.441: tcs3701: stop power rail pending_off timer
11-24 16:58:17.257  1011  1189 D ASH     : @ 188349.441: tcs3701: start power rail timer, state:3
11-24 16:58:17.271 10476 10510 I BatteryMgr:DataCollectionService: stats => 1700841497271,10070,4443,-2746,4169000,100
11-24 16:58:17.292  1011  1189 I ASH     : @ 188349.481: tcs3701: stop power rail pending_off timer
11-24 16:58:17.292  1011  1189 D ASH     : @ 188349.481: tcs3701: start power rail timer, state:3
11-24 16:58:17.332  1011  1189 I ASH     : @ 188349.521: tcs3701: stop power rail pending_off timer
11-24 16:58:17.332  1011  1189 D ASH     : @ 188349.521: tcs3701: start power rail timer, state:3
11-24 16:58:17.373  1011  1189 I ASH     : @ 188349.561: tcs3701: stop power rail pending_off timer
11-24 16:58:17.373  1011  1189 D ASH     : @ 188349.561: tcs3701: start power rail timer, state:3
11-24 16:58:17.384 10476 10510 I BatteryMgr:DataCollectionService: stats => 1700841497384,10070,4443,-2746,4169000,100
11-24 16:58:17.412  1011  1189 I ASH     : @ 188349.601: tcs3701: stop power rail pending_off timer
11-24 16:58:17.412  1011  1189 D ASH     : @ 188349.601: tcs3701: start power rail timer, state:3
11-24 16:58:17.452  1011  1189 I ASH     : @ 188349.641: tcs3701: stop power rail pending_off timer
11-24 16:58:17.452  1011  1189 D ASH     : @ 188349.641: tcs3701: start power rail timer, state:3
11-24 16:58:17.492 10476 10510 I BatteryMgr:DataCollectionService: stats => 1700841497492,10070,4443,-2746,4169000,100
11-24 16:58:17.492  1011  1189 I ASH     : @ 188349.681: tcs3701: stop power rail pending_off timer
11-24 16:58:17.492  1011  1189 D ASH     : @ 188349.681: tcs3701: start power rail timer, state:3
11-24 16:58:17.532  1011  1189 I ASH     : @ 188349.721: tcs3701: stop power rail pending_off timer
11-24 16:58:17.532  1011  1189 D ASH     : @ 188349.721: tcs3701: start power rail timer, state:3
11-24 16:58:17.572  1011  1189 I ASH     : @ 188349.761: tcs3701: stop power rail pending_off timer
11-24 16:58:17.572  1011  1189 D ASH     : @ 188349.761: tcs3701: start power rail timer, state:3
11-24 16:58:17.597 10476 10510 I BatteryMgr:DataCollectionService: stats => 1700841497597,10070,4443,-2746,4169000,100
11-24 16:58:17.612  1011  1189 I ASH     : @ 188349.801: tcs3701: stop power rail pending_off timer
11-24 16:58:17.614  1011  1189 D ASH     : @ 188349.801: tcs3701: start power rail timer, state:3
11-24 16:58:17.652  1011  1189 I ASH     : @ 188349.841: tcs3701: stop power rail pending_off timer
11-24 16:58:17.652  1011  1189 D ASH     : @ 188349.841: tcs3701: start power rail timer, state:3
11-24 16:58:17.692  1011  1189 I ASH     : @ 188349.881: tcs3701: stop power rail pending_off timer
11-24 16:58:17.692  1011  1189 D ASH     : @ 188349.881: tcs3701: start power rail timer, state:3
11-24 16:58:17.708 10476 10510 I BatteryMgr:DataCollectionService: stats => 1700841497708,10070,4443,-2746,4169000,100
11-24 16:58:17.732  1011  1189 I ASH     : @ 188349.921: tcs3701: stop power rail pending_off timer
11-24 16:58:17.732  1011  1189 D ASH     : @ 188349.921: tcs3701: start power rail timer, state:3
11-24 16:58:17.773  1011  1189 I ASH     : @ 188349.961: tcs3701: stop power rail pending_off timer
11-24 16:58:17.773  1011  1189 D ASH     : @ 188349.961: tcs3701: start power rail timer, state:3
11-24 16:58:17.812  1011  1189 I ASH     : @ 188350.001: tcs3701: stop power rail pending_off timer
11-24 16:58:17.812  1011  1189 D ASH     : @ 188350.001: tcs3701: start power rail timer, state:3
11-24 16:58:17.813 10476 10510 I BatteryMgr:DataCollectionService: stats => 1700841497813,10070,4443,-2746,4169000,100
11-24 16:58:17.852  1011  1189 I ASH     : @ 188350.041: tcs3701: stop power rail pending_off timer
11-24 16:58:17.852  1011  1189 D ASH     : @ 188350.041: tcs3701: start power rail timer, state:3
11-24 16:58:17.892  1011  1189 I ASH     : @ 188350.081: tcs3701: stop power rail pending_off timer
11-24 16:58:17.892  1011  1189 D ASH     : @ 188350.081: tcs3701: start power rail timer, state:3
11-24 16:58:17.920 10476 10510 I BatteryMgr:DataCollectionService: stats => 1700841497920,10070,4443,-2746,4169000,100
11-24 16:58:17.932  1011  1189 I ASH     : @ 188350.121: tcs3701: stop power rail pending_off timer
11-24 16:58:17.932  1011  1189 D ASH     : @ 188350.121: tcs3701: start power rail timer, state:3
11-24 16:58:17.972  1011  1189 I ASH     : @ 188350.161: tcs3701: stop power rail pending_off timer
11-24 16:58:17.972  1011  1189 D ASH     : @ 188350.161: tcs3701: start power rail timer, state:3
11-24 16:58:18.012  1011  1189 I ASH     : @ 188350.201: tcs3701: stop power rail pending_off timer
11-24 16:58:18.012  1011  1189 D ASH     : @ 188350.201: tcs3701: start power rail timer, state:3
11-24 16:58:18.039 10476 10510 I BatteryMgr:DataCollectionService: stats => 1700841498039,10070,4443,-2746,4169000,100
11-24 16:58:18.052  1011  1189 I ASH     : @ 188350.241: tcs3701: stop power rail pending_off timer
11-24 16:58:18.052  1011  1189 D ASH     : @ 188350.241: tcs3701: start power rail timer, state:3
11-24 16:58:18.063  1795  3659 D ActivityManager: freezer override set to true
11-24 16:58:18.070  1795  3659 D ActivityManager: freezer override set to false
11-24 16:58:18.092  1011  1189 I ASH     : @ 188350.281: tcs3701: stop power rail pending_off timer
11-24 16:58:18.093  1011  1189 D ASH     : @ 188350.281: tcs3701: start power rail timer, state:3
11-24 16:58:18.116  1795  2424 D WifiClientModeImpl[13802:wlan0]: updateLinkLayerStatsRssiSpeedFrequencyCapabilities rssi=-48 TxLinkspeed=866 freq=5240 RxLinkSpeed=866
11-24 16:58:18.118  1795  2424 D WifiScoreCard: 1 lastSampleWeight=47/128 filterInKbps=61251 avgKbps=61251 filterOutKbps=55049
11-24 16:58:18.119  2782  5906 D QCNEJ/WlanStaInfoRelay: Received action: android.net.wifi.RSSI_CHANGED
11-24 16:58:18.119  1795  2424 D WifiClientModeImpl[13802:wlan0]: reported txKbps 12000 rxKbps 55049
11-24 16:58:18.119  1795  2424 D WifiDataStall: tx tput in kbps: 580978
11-24 16:58:18.120  1795  2424 D WifiDataStall: rx tput in kbps: 767898
11-24 16:58:18.120  1795  2424 V WifiConfigManager: Updating scan detail cache freq=5240 BSSID=f4:6d:2f:12:cc:88 RSSI=-46 for "ourhome"WPA_PSK
11-24 16:58:18.121  1795  2424 D WifiChannelUtilization:  freq: 5240 onTime: 5715235 busyTime: 584296 onTimeDiff: 2340443 busyTimeDiff: 268597 utilization: 29 utilization t0: 26
11-24 16:58:18.121  2673  2693 V WifiManager: OnWifiUsabilityStatsListener: onWifiUsabilityStats: seqNum=55392
11-24 16:58:18.121  1795  2424 D WifiDataStall:  ccaLevel = 29
11-24 16:58:18.121  1795  2424 D WifiDataStall: L2 txTputKbps: 737182, rxTputKbps: 767898, L3 txTputKbps: 16, rxTputKbps: 42, TxTrafficHigh: true, RxTrafficHigh: true, Throughput Sufficient: true
11-24 16:58:18.121  1795  2424 D WifiScoreReport: Wifi scoring disabled - Don't check IP layer
11-24 16:58:18.122  1795  2424 D WifiScoreCard: BSSID update SIGNAL_POLL ID: 1320464697 SSID: "ourhome", BSSID: f4:6d:2f:12:cc:88, MAC: b2:2f:ec:da:4a:0c, IP: /192.168.1.104, Security type: 2, Supplicant state: COMPLETED, Wi-Fi standard: 5, RSSI: -48, Link speed: 866Mbps, Tx Link speed: 866Mbps, Max Supported Tx Link speed: 866Mbps, Rx Link speed: 866Mbps, Max Supported Rx Link speed: 866Mbps, Frequency: 5240MHz, Net ID: 12, Metered hint: false, score: 60, isUsable: true, CarrierMerged: false, SubscriptionId: -1, IsPrimary: 1, Trusted: true, Restricted: false, Ephemeral: false, OEM paid: false, OEM private: false, OSU AP: false, FQDN: <none>, Provider friendly name: <none>, Requesting package name: <none>"ourhome"wpa2-pskMLO Information: , Is TID-To-Link negotiation supported by the AP: false, AP MLD Address: <none>, AP MLO Link Id: <none>, AP MLO Affiliated links: <none>
11-24 16:58:18.122  1795  2424 D WifiScoreCard: txRate: 85 txSpeed: 866
11-24 16:58:18.122  1795  2424 D WifiScoreCard: network update SIGNAL_POLL "ourhome" ID: 1499892569 RSSI -48 txSpeed 866
11-24 16:58:18.122  1795  3659 I WifiService: updateWifiUsabilityScore uid=10180 seqNum=55392 score=100 predictionHorizonSec=1441795
11-24 16:58:18.122  1795  2424 D WifiClientModeImpl[13802:wlan0]:  ClientModeImpl$L2ConnectedState screen=on 29 0 "ourhome" f4:6d:2f:12:cc:88 rssi=-48 f=5240 sc=60 link=866 tx=72.9, 11.4, 0.0 rx=403.4 bcn=1814553 [on:217 tx:4 rx:2 period:3016] from screen [on:1105655 period:36740113] score=60
11-24 16:58:18.123  1795  2424 D WifiScoreReport: Wifi scoring disabled - Notify that Wifi is usable
11-24 16:58:18.131  1795  3057 I WifiService: getWifiEnabledState uid=10233 state=3
11-24 16:58:18.132  1011  1189 I ASH     : @ 188350.321: tcs3701: stop power rail pending_off timer
11-24 16:58:18.132  1011  1189 D ASH     : @ 188350.321: tcs3701: start power rail timer, state:3
11-24 16:58:18.152 10476 10510 I BatteryMgr:DataCollectionService: stats => 1700841498151,10070,4443,-2746,4169000,100
11-24 16:58:18.158  3473  4683 I CarrierServices: [49] ekm.handleMessage: RcsEngineImpl[DUAL_REG]:[deae450f-f3f3]>Handler: handleMessage processing message:[NOTIFY_UPTIME_IGNORE_STATE_CHANGED] with [non-null]:RcsEngineImpl reference
11-24 16:58:18.159  3473  4697 I CarrierServices: [50] eam.c: Connected state: [1], networkType: [WIFI]
11-24 16:58:18.161  2895  3470 E PhoneInterfaceManager: [PhoneIntfMgr] getCarrierPrivilegeStatusForUid: Invalid subId
11-24 16:58:18.161  3473  4683 I CarrierServices: [49] ejf.b: ProvisioningEngineDataRetriever: RCS Configuration storage in Bugle is disabled by p/h flag, using ProvisioningEngineStateCacheUtil.getProvisioningConfigurationForGivenSimIfExist()
11-24 16:58:18.168  2673  2720 D DeviceStateHelper: Wifi freq: 5240
11-24 16:58:18.172  1011  1189 I ASH     : @ 188350.361: tcs3701: stop power rail pending_off timer
11-24 16:58:18.172  1011  1189 D ASH     : @ 188350.361: tcs3701: start power rail timer, state:3
11-24 16:58:18.172  1795  3057 I WifiService: getSoftApConfiguration uid=10180
11-24 16:58:18.176  1795  2432 D ConnectivityService: NetReassign [no changes] [c 0] [a 1] [i 1]
11-24 16:58:18.212  1011  1189 I ASH     : @ 188350.401: tcs3701: stop power rail pending_off timer
11-24 16:58:18.212  1011  1189 D ASH     : @ 188350.401: tcs3701: start power rail timer, state:3
11-24 16:58:18.252  1011  1189 I ASH     : @ 188350.441: tcs3701: stop power rail pending_off timer
11-24 16:58:18.252  1011  1189 D ASH     : @ 188350.441: tcs3701: start power rail timer, state:3
11-24 16:58:18.274 10476 10510 I BatteryMgr:DataCollectionService: stats => 1700841498274,10070,4443,-2746,4169000,100
11-24 16:58:18.292  1011  1189 I ASH     : @ 188350.481: tcs3701: stop power rail pending_off timer
11-24 16:58:18.292  1011  1189 D ASH     : @ 188350.481: tcs3701: start power rail timer, state:3
11-24 16:58:18.332  1011  1189 I ASH     : @ 188350.521: tcs3701: stop power rail pending_off timer
11-24 16:58:18.332  1011  1189 D ASH     : @ 188350.521: tcs3701: start power rail timer, state:3
11-24 16:58:18.372  1011  1189 I ASH     : @ 188350.561: tcs3701: stop power rail pending_off timer
11-24 16:58:18.372  1011  1189 D ASH     : @ 188350.561: tcs3701: start power rail timer, state:3
11-24 16:58:18.385 10476 10510 I BatteryMgr:DataCollectionService: stats => 1700841498385,10070,4443,-2746,4169000,100
11-24 16:58:18.400  1795  3659 D ActivityManager: freezer override set to true
11-24 16:58:18.412  1011  1189 I ASH     : @ 188350.601: tcs3701: stop power rail pending_off timer
11-24 16:58:18.412  1011  1189 D ASH     : @ 188350.601: tcs3701: start power rail timer, state:3
11-24 16:58:18.452  1011  1189 I ASH     : @ 188350.641: tcs3701: stop power rail pending_off timer
11-24 16:58:18.452  1011  1189 D ASH     : @ 188350.641: tcs3701: start power rail timer, state:3
11-24 16:58:18.490 10476 10510 I BatteryMgr:DataCollectionService: stats => 1700841498490,10070,4443,-2746,4169000,100
11-24 16:58:18.492  1011  1189 I ASH     : @ 188350.681: tcs3701: stop power rail pending_off timer
11-24 16:58:18.492  1011  1189 D ASH     : @ 188350.681: tcs3701: start power rail timer, state:3
11-24 16:58:18.505 21996 22011 I m.chrome.canary: Explicit concurrent copying GC freed 4446(238KB) AllocSpace objects, 6(184KB) LOS objects, 75% free, 12MB/50MB, paused 39us,23us total 49.166ms
11-24 16:58:18.533  1011  1189 I ASH     : @ 188350.721: tcs3701: stop power rail pending_off timer
11-24 16:58:18.533  1011  1189 D ASH     : @ 188350.721: tcs3701: start power rail timer, state:3
11-24 16:58:18.572  1011  1189 I ASH     : @ 188350.761: tcs3701: stop power rail pending_off timer
11-24 16:58:18.572  1011  1189 D ASH     : @ 188350.761: tcs3701: start power rail timer, state:3
11-24 16:58:18.576  1795  3659 D ActivityManager: freezer override set to false
11-24 16:58:18.601 10476 10510 I BatteryMgr:DataCollectionService: stats => 1700841498601,10070,4443,-2746,4169000,100
11-24 16:58:18.612  1011  1189 I ASH     : @ 188350.801: tcs3701: stop power rail pending_off timer
11-24 16:58:18.612  1011  1189 D ASH     : @ 188350.801: tcs3701: start power rail timer, state:3
11-24 16:58:18.630  1795  3659 D ActivityManager: freezer override set to true
11-24 16:58:18.639  1795  3659 D ActivityManager: freezer override set to false
11-24 16:58:18.652  1011  1189 I ASH     : @ 188350.841: tcs3701: stop power rail pending_off timer
11-24 16:58:18.652  1011  1189 D ASH     : @ 188350.841: tcs3701: start power rail timer, state:3
11-24 16:58:18.692  1011  1189 I ASH     : @ 188350.881: tcs3701: stop power rail pending_off timer
11-24 16:58:18.693  1011  1189 D ASH     : @ 188350.881: tcs3701: start power rail timer, state:3
11-24 16:58:18.708 10476 10510 I BatteryMgr:DataCollectionService: stats => 1700841498707,10070,4443,-2746,4169000,100
11-24 16:58:18.732  1011  1189 I ASH     : @ 188350.921: tcs3701: stop power rail pending_off timer
11-24 16:58:18.732  1011  1189 D ASH     : @ 188350.921: tcs3701: start power rail timer, state:3
11-24 16:58:18.772  1011  1189 I ASH     : @ 188350.961: tcs3701: stop power rail pending_off timer
11-24 16:58:18.772  1011  1189 D ASH     : @ 188350.961: tcs3701: start power rail timer, state:3
11-24 16:58:18.812  1011  1189 I ASH     : @ 188351.001: tcs3701: stop power rail pending_off timer
11-24 16:58:18.812  1011  1189 D ASH     : @ 188351.001: tcs3701: start power rail timer, state:3
11-24 16:58:18.817 10476 10510 I BatteryMgr:DataCollectionService: stats => 1700841498817,10070,4443,-2746,4169000,100
11-24 16:58:18.852  1011  1189 I ASH     : @ 188351.041: tcs3701: stop power rail pending_off timer
11-24 16:58:18.852  1011  1189 D ASH     : @ 188351.041: tcs3701: start power rail timer, state:3
11-24 16:58:18.854  2113  2118 I pixel-thermal: skin-therm-monitor: 40.476
11-24 16:58:18.892  1011  1189 I ASH     : @ 188351.081: tcs3701: stop power rail pending_off timer
11-24 16:58:18.892  1011  1189 D ASH     : @ 188351.081: tcs3701: start power rail timer, state:3
11-24 16:58:18.924 10476 10510 I BatteryMgr:DataCollectionService: stats => 1700841498924,10070,4443,-2746,4169000,100
11-24 16:58:18.932  1011  1189 I ASH     : @ 188351.121: tcs3701: stop power rail pending_off timer
11-24 16:58:18.932  1011  1189 D ASH     : @ 188351.121: tcs3701: start power rail timer, state:3
11-24 16:58:18.972  1011  1189 I ASH     : @ 188351.161: tcs3701: stop power rail pending_off timer
11-24 16:58:18.972  1011  1189 D ASH     : @ 188351.161: tcs3701: start power rail timer, state:3
11-24 16:58:19.012  1011  1189 I ASH     : @ 188351.201: tcs3701: stop power rail pending_off timer
11-24 16:58:19.012  1011  1189 D ASH     : @ 188351.201: tcs3701: start power rail timer, state:3
11-24 16:58:19.036 10476 10510 I BatteryMgr:DataCollectionService: stats => 1700841499036,10070,4443,-2746,4169000,100
11-24 16:58:19.040  1795  3659 D ActivityManager: freezer override set to true
11-24 16:58:19.047  1795  3659 D ActivityManager: freezer override set to false
11-24 16:58:19.052  1011  1189 I ASH     : @ 188351.241: tcs3701: stop power rail pending_off timer
11-24 16:58:19.052  1011  1189 D ASH     : @ 188351.241: tcs3701: start power rail timer, state:3
11-24 16:58:19.092  1011  1189 I ASH     : @ 188351.281: tcs3701: stop power rail pending_off timer
11-24 16:58:19.092  1011  1189 D ASH     : @ 188351.281: tcs3701: start power rail timer, state:3
11-24 16:58:19.132  1011  1189 I ASH     : @ 188351.321: tcs3701: stop power rail pending_off timer
11-24 16:58:19.132  1011  1189 D ASH     : @ 188351.321: tcs3701: start power rail timer, state:3
11-24 16:58:19.145 10476 10510 I BatteryMgr:DataCollectionService: stats => 1700841499145,10070,4443,-2746,4169000,100
11-24 16:58:19.172  1011  1189 I ASH     : @ 188351.361: tcs3701: stop power rail pending_off timer
11-24 16:58:19.172  1011  1189 D ASH     : @ 188351.361: tcs3701: start power rail timer, state:3
11-24 16:58:19.212  1011  1189 I ASH     : @ 188351.401: tcs3701: stop power rail pending_off timer
11-24 16:58:19.212  1011  1189 D ASH     : @ 188351.401: tcs3701: start power rail timer, state:3
11-24 16:58:19.252 10476 10510 I BatteryMgr:DataCollectionService: stats => 1700841499252,10070,4443,-2746,4169000,100
11-24 16:58:19.252  1011  1189 I ASH     : @ 188351.441: tcs3701: stop power rail pending_off timer
11-24 16:58:19.252  1011  1189 D ASH     : @ 188351.441: tcs3701: start power rail timer, state:3
11-24 16:58:19.292  1011  1189 I ASH     : @ 188351.481: tcs3701: stop power rail pending_off timer
11-24 16:58:19.292  1011  1189 D ASH     : @ 188351.481: tcs3701: start power rail timer, state:3
11-24 16:58:19.332  1011  1189 I ASH     : @ 188351.521: tcs3701: stop power rail pending_off timer
11-24 16:58:19.332  1011  1189 D ASH     : @ 188351.521: tcs3701: start power rail timer, state:3
11-24 16:58:19.360 10476 10510 I BatteryMgr:DataCollectionService: stats => 1700841499360,10070,4443,-2746,4169000,100
11-24 16:58:19.372  1011  1189 I ASH     : @ 188351.561: tcs3701: stop power rail pending_off timer
11-24 16:58:19.372  1011  1189 D ASH     : @ 188351.561: tcs3701: start power rail timer, state:3
11-24 16:58:19.412  1011  1189 I ASH     : @ 188351.601: tcs3701: stop power rail pending_off timer
11-24 16:58:19.412  1011  1189 D ASH     : @ 188351.601: tcs3701: start power rail timer, state:3
11-24 16:58:19.452  1011  1189 I ASH     : @ 188351.641: tcs3701: stop power rail pending_off timer
11-24 16:58:19.452  1011  1189 D ASH     : @ 188351.641: tcs3701: start power rail timer, state:3
11-24 16:58:19.468 10476 10510 I BatteryMgr:DataCollectionService: stats => 1700841499467,10070,4443,-2746,4169000,100
11-24 16:58:19.493  1011  1189 I ASH     : @ 188351.681: tcs3701: stop power rail pending_off timer
11-24 16:58:19.493  1011  1189 D ASH     : @ 188351.681: tcs3701: start power rail timer, state:3
11-24 16:58:19.532  1011  1189 I ASH     : @ 188351.721: tcs3701: stop power rail pending_off timer
11-24 16:58:19.532  1011  1189 D ASH     : @ 188351.721: tcs3701: start power rail timer, state:3
11-24 16:58:19.572  1011  1189 I ASH     : @ 188351.761: tcs3701: stop power rail pending_off timer
11-24 16:58:19.572  1011  1189 D ASH     : @ 188351.761: tcs3701: start power rail timer, state:3
11-24 16:58:19.573 10476 10510 I BatteryMgr:DataCollectionService: stats => 1700841499573,10070,4443,-2746,4169000,100
11-24 16:58:19.613  1011  1189 I ASH     : @ 188351.801: tcs3701: stop power rail pending_off timer
11-24 16:58:19.613  1011  1189 D ASH     : @ 188351.801: tcs3701: start power rail timer, state:3
11-24 16:58:19.652  1011  1189 I ASH     : @ 188351.841: tcs3701: stop power rail pending_off timer
11-24 16:58:19.652  1011  1189 D ASH     : @ 188351.841: tcs3701: start power rail timer, state:3
11-24 16:58:19.681 10476 10510 I BatteryMgr:DataCollectionService: stats => 1700841499681,10070,4443,-2746,4169000,100
11-24 16:58:19.692  1011  1189 I ASH     : @ 188351.881: tcs3701: stop power rail pending_off timer
11-24 16:58:19.692  1011  1189 D ASH     : @ 188351.881: tcs3701: start power rail timer, state:3
11-24 16:58:19.732  1011  1189 I ASH     : @ 188351.921: tcs3701: stop power rail pending_off timer
11-24 16:58:19.732  1011  1189 D ASH     : @ 188351.921: tcs3701: start power rail timer, state:3
11-24 16:58:19.772  1011  1189 I ASH     : @ 188351.961: tcs3701: stop power rail pending_off timer
11-24 16:58:19.772  1011  1189 D ASH     : @ 188351.961: tcs3701: start power rail timer, state:3
11-24 16:58:19.794 10476 10510 I BatteryMgr:DataCollectionService: stats => 1700841499794,10070,4443,-2746,4169000,100
11-24 16:58:19.806  1795  3659 D ActivityManager: freezer override set to true
11-24 16:58:19.812  1011  1189 I ASH     : @ 188352.001: tcs3701: stop power rail pending_off timer
11-24 16:58:19.812  1011  1189 D ASH     : @ 188352.001: tcs3701: start power rail timer, state:3
11-24 16:58:19.852  1011  1189 I ASH     : @ 188352.041: tcs3701: stop power rail pending_off timer
11-24 16:58:19.852  1011  1189 D ASH     : @ 188352.041: tcs3701: start power rail timer, state:3
11-24 16:58:19.892  1011  1189 I ASH     : @ 188352.081: tcs3701: stop power rail pending_off timer
11-24 16:58:19.892  1011  1189 D ASH     : @ 188352.081: tcs3701: start power rail timer, state:3
11-24 16:58:19.903 10476 10510 I BatteryMgr:DataCollectionService: stats => 1700841499903,10070,4443,-2746,4169000,100
11-24 16:58:19.928 21996 22011 I m.chrome.canary: Explicit concurrent copying GC freed 3616(177KB) AllocSpace objects, 3(60KB) LOS objects, 75% free, 12MB/50MB, paused 133us,25us total 74.708ms
11-24 16:58:19.932  1011  1189 I ASH     : @ 188352.121: tcs3701: stop power rail pending_off timer
11-24 16:58:19.932  1011  1189 D ASH     : @ 188352.121: tcs3701: start power rail timer, state:3
11-24 16:58:19.972  1011  1189 I ASH     : @ 188352.161: tcs3701: stop power rail pending_off timer
11-24 16:58:19.972  1011  1189 D ASH     : @ 188352.161: tcs3701: start power rail timer, state:3
11-24 16:58:20.003  1795  3659 D ActivityManager: freezer override set to false
11-24 16:58:20.012  1011  1189 I ASH     : @ 188352.201: tcs3701: stop power rail pending_off timer
11-24 16:58:20.012  1011  1189 D ASH     : @ 188352.201: tcs3701: start power rail timer, state:3
11-24 16:58:20.019 10476 10510 I BatteryMgr:DataCollectionService: stats => 1700841500018,10070,4443,-2746,4169000,100
11-24 16:58:20.041  1795  3659 D ActivityManager: freezer override set to true
11-24 16:58:20.051  1795  3659 D ActivityManager: freezer override set to false
11-24 16:58:20.052  1011  1189 I ASH     : @ 188352.241: tcs3701: stop power rail pending_off timer
11-24 16:58:20.052  1011  1189 D ASH     : @ 188352.241: tcs3701: start power rail timer, state:3
11-24 16:58:20.060  1795  3659 D ActivityManager: freezer override set to true
11-24 16:58:20.064  1795  3659 D ActivityManager: freezer override set to false
11-24 16:58:20.092  1011  1189 I ASH     : @ 188352.281: tcs3701: stop power rail pending_off timer
11-24 16:58:20.092  1011  1189 D ASH     : @ 188352.281: tcs3701: start power rail timer, state:3
11-24 16:58:20.123 10476 10510 I BatteryMgr:DataCollectionService: stats => 1700841500123,10070,4443,-2746,4169000,100
11-24 16:58:20.132  1011  1189 I ASH     : @ 188352.321: tcs3701: stop power rail pending_off timer
11-24 16:58:20.132  1011  1189 D ASH     : @ 188352.321: tcs3701: start power rail timer, state:3
11-24 16:58:20.158 13730 13730 D BoundBrokerSvc: onUnbind: Intent { act=com.google.android.gms.facs.internal.service.START dat=chimera-action:/... cmp=com.google.android.gms/.chimera.GmsInternalApiService }
11-24 16:58:20.159  1795  3659 I ActivityManager: Killing 16132:com.google.android.gms.unstable/u0a158 (adj 935): empty for 1800s
11-24 16:58:20.167  1795  2145 I libprocessgroup: Successfully killed process cgroup uid 10158 pid 16132 in 5ms
11-24 16:58:20.172  1011  1189 I ASH     : @ 188352.361: tcs3701: stop power rail pending_off timer
11-24 16:58:20.172  1011  1189 D ASH     : @ 188352.361: tcs3701: start power rail timer, state:3
11-24 16:58:20.213  1011  1189 I ASH     : @ 188352.401: tcs3701: stop power rail pending_off timer
11-24 16:58:20.213  1011  1189 D ASH     : @ 188352.401: tcs3701: start power rail timer, state:3
11-24 16:58:20.228 10476 10510 I BatteryMgr:DataCollectionService: stats => 1700841500228,10070,4443,-2746,4169000,100
11-24 16:58:20.252  1011  1189 I ASH     : @ 188352.441: tcs3701: stop power rail pending_off timer
11-24 16:58:20.252  1011  1189 D ASH     : @ 188352.441: tcs3701: start power rail timer, state:3
