11-26 23:41:33.295 26837  5175 W GmsStrictMode: android.os.strictmode.DiskReadViolation
11-26 23:41:33.295 26837  5175 W GmsStrictMode: 	at android.os.StrictMode$AndroidBlockGuardPolicy.onReadFromDisk(StrictMode.java:1658)
11-26 23:41:33.295 26837  5175 W GmsStrictMode: 	at libcore.io.BlockGuardOs.access(BlockGuardOs.java:74)
11-26 23:41:33.295 26837  5175 W GmsStrictMode: 	at libcore.io.ForwardingOs.access(ForwardingOs.java:128)
11-26 23:41:33.295 26837  5175 W GmsStrictMode: 	at android.app.ActivityThread$AndroidOs.access(ActivityThread.java:7795)
11-26 23:41:33.295 26837  5175 W GmsStrictMode: 	at java.io.UnixFileSystem.checkAccess(UnixFileSystem.java:313)
11-26 23:41:33.295 26837  5175 W GmsStrictMode: 	at java.io.File.exists(File.java:813)
11-26 23:41:33.295 26837  5175 W GmsStrictMode: 	at android.app.ContextImpl.getDataDir(ContextImpl.java:2962)
11-26 23:41:33.295 26837  5175 W GmsStrictMode: 	at android.app.ContextImpl.getFilesDir(ContextImpl.java:793)
11-26 23:41:33.295 26837  5175 W GmsStrictMode: 	at android.content.ContextWrapper.getFilesDir(ContextWrapper.java:282)
11-26 23:41:33.295 26837  5175 W GmsStrictMode: 	at android.content.ContextWrapper.getFilesDir(ContextWrapper.java:282)
11-26 23:41:33.295 26837  5175 W GmsStrictMode: 	at android.content.ContextWrapper.getFilesDir(ContextWrapper.java:282)
11-26 23:41:33.295 26837  5175 W GmsStrictMode: 	at android.content.ContextWrapper.getFilesDir(ContextWrapper.java:282)
11-26 23:41:33.295 26837  5175 W GmsStrictMode: 	at yux.<init>(:com.google.android.gms@234414038@23.44.14 (190400-580326705):6)
11-26 23:41:33.295 26837  5175 W GmsStrictMode: 	at ngy.<init>(:com.google.android.gms@234414038@23.44.14 (190400-580326705):3)
11-26 23:41:33.295 26837  5175 W GmsStrictMode: 	at spz.<init>(:com.google.android.gms@234414038@23.44.14 (190400-580326705):44)
11-26 23:41:33.295 26837  5175 W GmsStrictMode: 	at sqa.onCreate(:com.google.android.gms@234414038@23.44.14 (190400-580326705):6)
11-26 23:41:33.295 26837  5175 W GmsStrictMode: 	at nnb.onCreate(:com.google.android.gms@234414038@23.44.14 (190400-580326705):18)
11-26 23:41:33.295 26837  5175 W GmsStrictMode: 	at ages.onCreate(:com.google.android.gms@234414038@23.44.14 (190400-580326705):16)
11-26 23:41:33.295 26837  5175 W GmsStrictMode: 	at android.app.ActivityThread.handleCreateService(ActivityThread.java:4485)
11-26 23:41:33.295 26837  5175 W GmsStrictMode: 	at android.app.ActivityThread.-$$Nest$mhandleCreateService(Unknown Source:0)
11-26 23:41:33.295 26837  5175 W GmsStrictMode: 	at android.app.ActivityThread$H.handleMessage(ActivityThread.java:2160)
11-26 23:41:33.295 26837  5175 W GmsStrictMode: 	at android.os.Handler.dispatchMessage(Handler.java:106)
11-26 23:41:33.295 26837  5175 W GmsStrictMode: 	at android.os.Looper.loopOnce(Looper.java:201)
11-26 23:41:33.295 26837  5175 W GmsStrictMode: 	at android.os.Looper.loop(Looper.java:288)
11-26 23:41:33.295 26837  5175 W GmsStrictMode: 	at android.app.ActivityThread.main(ActivityThread.java:7918)
11-26 23:41:33.295 26837  5175 W GmsStrictMode: 	at java.lang.reflect.Method.invoke(Native Method)
11-26 23:41:33.295 26837  5175 W GmsStrictMode: 	at com.android.internal.os.RuntimeInit$MethodAndArgsCaller.run(RuntimeInit.java:548)
11-26 23:41:33.295 26837  5175 W GmsStrictMode: 	at com.android.internal.os.ZygoteInit.main(ZygoteInit.java:936)
11-26 23:41:33.296 26837  5175 W GmsStrictMode: DISK_READ [CONTEXT service_id=256 ]
11-26 23:41:33.296 26837  5175 W GmsStrictMode: android.os.strictmode.DiskReadViolation
11-26 23:41:33.296 26837  5175 W GmsStrictMode: 	at android.os.StrictMode$AndroidBlockGuardPolicy.onReadFromDisk(StrictMode.java:1658)
11-26 23:41:33.296 26837  5175 W GmsStrictMode: 	at libcore.io.BlockGuardOs.access(BlockGuardOs.java:74)
11-26 23:41:33.296 26837  5175 W GmsStrictMode: 	at libcore.io.ForwardingOs.access(ForwardingOs.java:128)
11-26 23:41:33.296 26837  5175 W GmsStrictMode: 	at android.app.ActivityThread$AndroidOs.access(ActivityThread.java:7795)
11-26 23:41:33.296 26837  5175 W GmsStrictMode: 	at java.io.UnixFileSystem.checkAccess(UnixFileSystem.java:313)
11-26 23:41:33.296 26837  5175 W GmsStrictMode: 	at java.io.File.exists(File.java:813)
11-26 23:41:33.296 26837  5175 W GmsStrictMode: 	at android.app.ContextImpl.ensurePrivateDirExists(ContextImpl.java:759)
11-26 23:41:33.296 26837  5175 W GmsStrictMode: 	at android.app.ContextImpl.ensurePrivateDirExists(ContextImpl.java:750)
11-26 23:41:33.296 26837  5175 W GmsStrictMode: 	at android.app.ContextImpl.getFilesDir(ContextImpl.java:795)
11-26 23:41:33.296 26837  5175 W GmsStrictMode: 	at android.content.ContextWrapper.getFilesDir(ContextWrapper.java:282)
11-26 23:41:33.296 26837  5175 W GmsStrictMode: 	at android.content.ContextWrapper.getFilesDir(ContextWrapper.java:282)
11-26 23:41:33.296 26837  5175 W GmsStrictMode: 	at android.content.ContextWrapper.getFilesDir(ContextWrapper.java:282)
11-26 23:41:33.296 26837  5175 W GmsStrictMode: 	at android.content.ContextWrapper.getFilesDir(ContextWrapper.java:282)
11-26 23:41:33.296 26837  5175 W GmsStrictMode: 	at yux.<init>(:com.google.android.gms@234414038@23.44.14 (190400-580326705):6)
11-26 23:41:33.296 26837  5175 W GmsStrictMode: 	at ngy.<init>(:com.google.android.gms@234414038@23.44.14 (190400-580326705):3)
11-26 23:41:33.296 26837  5175 W GmsStrictMode: 	at spz.<init>(:com.google.android.gms@234414038@23.44.14 (190400-580326705):44)
11-26 23:41:33.296 26837  5175 W GmsStrictMode: 	at sqa.onCreate(:com.google.android.gms@234414038@23.44.14 (190400-580326705):6)
11-26 23:41:33.296 26837  5175 W GmsStrictMode: 	at nnb.onCreate(:com.google.android.gms@234414038@23.44.14 (190400-580326705):18)
11-26 23:41:33.296 26837  5175 W GmsStrictMode: 	at ages.onCreate(:com.google.android.gms@234414038@23.44.14 (190400-580326705):16)
11-26 23:41:33.296 26837  5175 W GmsStrictMode: 	at android.app.ActivityThread.handleCreateService(ActivityThread.java:4485)
11-26 23:41:33.296 26837  5175 W GmsStrictMode: 	at android.app.ActivityThread.-$$Nest$mhandleCreateService(Unknown Source:0)
11-26 23:41:33.296 26837  5175 W GmsStrictMode: 	at android.app.ActivityThread$H.handleMessage(ActivityThread.java:2160)
11-26 23:41:33.296 26837  5175 W GmsStrictMode: 	at android.os.Handler.dispatchMessage(Handler.java:106)
11-26 23:41:33.296 26837  5175 W GmsStrictMode: 	at android.os.Looper.loopOnce(Looper.java:201)
11-26 23:41:33.296 26837  5175 W GmsStrictMode: 	at android.os.Looper.loop(Looper.java:288)
11-26 23:41:33.296 26837  5175 W GmsStrictMode: 	at android.app.ActivityThread.main(ActivityThread.java:7918)
11-26 23:41:33.296 26837  5175 W GmsStrictMode: 	at java.lang.reflect.Method.invoke(Native Method)
11-26 23:41:33.296 26837  5175 W GmsStrictMode: 	at com.android.internal.os.RuntimeInit$MethodAndArgsCaller.run(RuntimeInit.java:548)
11-26 23:41:33.296 26837  5175 W GmsStrictMode: 	at com.android.internal.os.ZygoteInit.main(ZygoteInit.java:936)
11-26 23:41:33.297 26837  5175 W GmsStrictMode: DISK_READ [CONTEXT service_id=256 ]
11-26 23:41:33.297 26837  5175 W GmsStrictMode: android.os.strictmode.DiskReadViolation
11-26 23:41:33.297 26837  5175 W GmsStrictMode: 	at android.os.StrictMode$AndroidBlockGuardPolicy.onReadFromDisk(StrictMode.java:1658)
11-26 23:41:33.297 26837  5175 W GmsStrictMode: 	at libcore.io.BlockGuardOs.access(BlockGuardOs.java:74)
11-26 23:41:33.297 26837  5175 W GmsStrictMode: 	at libcore.io.ForwardingOs.access(ForwardingOs.java:128)
11-26 23:41:33.297 26837  5175 W GmsStrictMode: 	at android.app.ActivityThread$AndroidOs.access(ActivityThread.java:7795)
11-26 23:41:33.297 26837  5175 W GmsStrictMode: 	at java.io.UnixFileSystem.checkAccess(UnixFileSystem.java:313)
11-26 23:41:33.297 26837  5175 W GmsStrictMode: 	at java.io.File.exists(File.java:813)
11-26 23:41:33.297 26837  5175 W GmsStrictMode: 	at android.app.ContextImpl.ensurePrivateDirExists(ContextImpl.java:759)
11-26 23:41:33.297 26837  5175 W GmsStrictMode: 	at android.app.ContextImpl.ensurePrivateDirExists(ContextImpl.java:750)
11-26 23:41:33.297 26837  5175 W GmsStrictMode: 	at android.app.ContextImpl.getFilesDir(ContextImpl.java:795)
11-26 23:41:33.297 26837  5175 W GmsStrictMode: 	at android.content.ContextWrapper.getFilesDir(ContextWrapper.java:282)
11-26 23:41:33.297 26837  5175 W GmsStrictMode: 	at android.content.ContextWrapper.getFilesDir(ContextWrapper.java:282)
11-26 23:41:33.297 26837  5175 W GmsStrictMode: 	at android.content.ContextWrapper.getFilesDir(ContextWrapper.java:282)
11-26 23:41:33.297 26837  5175 W GmsStrictMode: 	at yux.<init>(:com.google.android.gms@234414038@23.44.14 (190400-580326705):6)
11-26 23:41:33.297 26837  5175 W GmsStrictMode: 	at srw.<init>(:com.google.android.gms@234414038@23.44.14 (190400-580326705):33)
11-26 23:41:33.297 26837  5175 W GmsStrictMode: 	at sru.<init>(:com.google.android.gms@234414038@23.44.14 (190400-580326705):31)
11-26 23:41:33.297 26837  5175 W GmsStrictMode: 	at ngy.<init>(:com.google.android.gms@234414038@23.44.14 (190400-580326705):6)
11-26 23:41:33.297 26837  5175 W GmsStrictMode: 	at spz.<init>(:com.google.android.gms@234414038@23.44.14 (190400-580326705):44)
11-26 23:41:33.297 26837  5175 W GmsStrictMode: 	at sqa.onCreate(:com.google.android.gms@234414038@23.44.14 (190400-580326705):6)
11-26 23:41:33.297 26837  5175 W GmsStrictMode: 	at nnb.onCreate(:com.google.android.gms@234414038@23.44.14 (190400-580326705):18)
11-26 23:41:33.297 26837  5175 W GmsStrictMode: 	at ages.onCreate(:com.google.android.gms@234414038@23.44.14 (190400-580326705):16)
11-26 23:41:33.297 26837  5175 W GmsStrictMode: 	at android.app.ActivityThread.handleCreateService(ActivityThread.java:4485)
11-26 23:41:33.297 26837  5175 W GmsStrictMode: 	at android.app.ActivityThread.-$$Nest$mhandleCreateService(Unknown Source:0)
11-26 23:41:33.297 26837  5175 W GmsStrictMode: 	at android.app.ActivityThread$H.handleMessage(ActivityThread.java:2160)
11-26 23:41:33.297 26837  5175 W GmsStrictMode: 	at android.os.Handler.dispatchMessage(Handler.java:106)
11-26 23:41:33.297 26837  5175 W GmsStrictMode: 	at android.os.Looper.loopOnce(Looper.java:201)
11-26 23:41:33.297 26837  5175 W GmsStrictMode: 	at android.os.Looper.loop(Looper.java:288)
11-26 23:41:33.297 26837  5175 W GmsStrictMode: 	at android.app.ActivityThread.main(ActivityThread.java:7918)
11-26 23:41:33.297 26837  5175 W GmsStrictMode: 	at java.lang.reflect.Method.invoke(Native Method)
11-26 23:41:33.297 26837  5175 W GmsStrictMode: 	at com.android.internal.os.RuntimeInit$MethodAndArgsCaller.run(RuntimeInit.java:548)
11-26 23:41:33.297 26837  5175 W GmsStrictMode: 	at com.android.internal.os.ZygoteInit.main(ZygoteInit.java:936)
11-26 23:41:33.302 26837  5175 W GmsStrictMode: DISK_READ [CONTEXT service_id=256 ]
11-26 23:41:33.302 26837  5175 W GmsStrictMode: android.os.strictmode.DiskReadViolation
11-26 23:41:33.302 26837  5175 W GmsStrictMode: 	at android.os.StrictMode$AndroidBlockGuardPolicy.onReadFromDisk(StrictMode.java:1658)
11-26 23:41:33.302 26837  5175 W GmsStrictMode: 	at libcore.io.BlockGuardOs.access(BlockGuardOs.java:74)
11-26 23:41:33.302 26837  5175 W GmsStrictMode: 	at libcore.io.ForwardingOs.access(ForwardingOs.java:128)
11-26 23:41:33.302 26837  5175 W GmsStrictMode: 	at android.app.ActivityThread$AndroidOs.access(ActivityThread.java:7795)
11-26 23:41:33.302 26837  5175 W GmsStrictMode: 	at java.io.UnixFileSystem.checkAccess(UnixFileSystem.java:313)
11-26 23:41:33.302 26837  5175 W GmsStrictMode: 	at java.io.File.exists(File.java:813)
11-26 23:41:33.302 26837  5175 W GmsStrictMode: 	at android.app.ContextImpl.ensurePrivateDirExists(ContextImpl.java:759)
11-26 23:41:33.302 26837  5175 W GmsStrictMode: 	at android.app.ContextImpl.ensurePrivateDirExists(ContextImpl.java:750)
11-26 23:41:33.302 26837  5175 W GmsStrictMode: 	at android.app.ContextImpl.getFilesDir(ContextImpl.java:795)
11-26 23:41:33.302 26837  5175 W GmsStrictMode: 	at android.content.ContextWrapper.getFilesDir(ContextWrapper.java:282)
11-26 23:41:33.302 26837  5175 W GmsStrictMode: 	at android.content.ContextWrapper.getFilesDir(ContextWrapper.java:282)
11-26 23:41:33.302 26837  5175 W GmsStrictMode: 	at android.content.ContextWrapper.getFilesDir(ContextWrapper.java:282)
11-26 23:41:33.302 26837  5175 W GmsStrictMode: 	at yux.<init>(:com.google.android.gms@234414038@23.44.14 (190400-580326705):6)
11-26 23:41:33.302 26837  5175 W GmsStrictMode: 	at sru.<init>(:com.google.android.gms@234414038@23.44.14 (190400-580326705):139)
11-26 23:41:33.302 26837  5175 W GmsStrictMode: 	at ngy.<init>(:com.google.android.gms@234414038@23.44.14 (190400-580326705):6)
11-26 23:41:33.302 26837  5175 W GmsStrictMode: 	at spz.<init>(:com.google.android.gms@234414038@23.44.14 (190400-580326705):44)
11-26 23:41:33.302 26837  5175 W GmsStrictMode: 	at sqa.onCreate(:com.google.android.gms@234414038@23.44.14 (190400-580326705):6)
11-26 23:41:33.302 26837  5175 W GmsStrictMode: 	at nnb.onCreate(:com.google.android.gms@234414038@23.44.14 (190400-580326705):18)
11-26 23:41:33.302 26837  5175 W GmsStrictMode: 	at ages.onCreate(:com.google.android.gms@234414038@23.44.14 (190400-580326705):16)
11-26 23:41:33.302 26837  5175 W GmsStrictMode: 	at android.app.ActivityThread.handleCreateService(ActivityThread.java:4485)
11-26 23:41:33.302 26837  5175 W GmsStrictMode: 	at android.app.ActivityThread.-$$Nest$mhandleCreateService(Unknown Source:0)
11-26 23:41:33.302 26837  5175 W GmsStrictMode: 	at android.app.ActivityThread$H.handleMessage(ActivityThread.java:2160)
11-26 23:41:33.302 26837  5175 W GmsStrictMode: 	at android.os.Handler.dispatchMessage(Handler.java:106)
11-26 23:41:33.302 26837  5175 W GmsStrictMode: 	at android.os.Looper.loopOnce(Looper.java:201)
11-26 23:41:33.302 26837  5175 W GmsStrictMode: 	at android.os.Looper.loop(Looper.java:288)
11-26 23:41:33.302 26837  5175 W GmsStrictMode: 	at android.app.ActivityThread.main(ActivityThread.java:7918)
11-26 23:41:33.302 26837  5175 W GmsStrictMode: 	at java.lang.reflect.Method.invoke(Native Method)
11-26 23:41:33.302 26837  5175 W GmsStrictMode: 	at com.android.internal.os.RuntimeInit$MethodAndArgsCaller.run(RuntimeInit.java:548)
11-26 23:41:33.302 26837  5175 W GmsStrictMode: 	at com.android.internal.os.ZygoteInit.main(ZygoteInit.java:936)
11-26 23:41:33.322  1011  1189 I ASH     : @ 385345.493: tcs3701: stop power rail pending_off timer
11-26 23:41:33.323  1011  1189 D ASH     : @ 385345.493: tcs3701: start power rail timer, state:3
11-26 23:41:33.362  1011  1189 I ASH     : @ 385345.533: tcs3701: stop power rail pending_off timer
11-26 23:41:33.362  1011  1189 D ASH     : @ 385345.533: tcs3701: start power rail timer, state:3
11-26 23:41:33.395 31479 31488 W m.chrome.canary: Cleared Reference was only reachable from finalizer (only reported once)
11-26 23:41:33.399  8427  8469 I BatteryMgr:DataCollectionService: stats => 1701038493399,11291,4442,2136,4169000,100
11-26 23:41:33.402  1011  1189 I ASH     : @ 385345.573: tcs3701: stop power rail pending_off timer
11-26 23:41:33.402  1011  1189 D ASH     : @ 385345.573: tcs3701: start power rail timer, state:3
11-26 23:41:33.408 26837 26845 I .gms.persistent: Background young concurrent copying GC freed 1068670(54MB) AllocSpace objects, 35(1396KB) LOS objects, 55% free, 44MB/99MB, paused 302us,107us total 128.020ms
11-26 23:41:33.439 26837 26847 W SQLiteConnectionPool: A SQLiteConnection object for database '/data/user/0/com.google.android.gms/databases/metadata.db' was leaked!  Please fix your application to end transactions in progress properly and to close the database when it is no longer needed.
11-26 23:41:33.439 26837 26847 W System  : A resource failed to call SQLiteConnection.close. 
11-26 23:41:33.442  1011  1189 I ASH     : @ 385345.613: tcs3701: stop power rail pending_off timer
11-26 23:41:33.442  1011  1189 D ASH     : @ 385345.613: tcs3701: start power rail timer, state:3
11-26 23:41:33.482  1011  1189 I ASH     : @ 385345.653: tcs3701: stop power rail pending_off timer
11-26 23:41:33.482  1011  1189 D ASH     : @ 385345.653: tcs3701: start power rail timer, state:3
11-26 23:41:33.512  8427  8469 I BatteryMgr:DataCollectionService: stats => 1701038493511,11291,4442,2136,4169000,100
11-26 23:41:33.522  1011  1189 I ASH     : @ 385345.693: tcs3701: stop power rail pending_off timer
11-26 23:41:33.522  1011  1189 D ASH     : @ 385345.693: tcs3701: start power rail timer, state:3
11-26 23:41:33.550  1795  2679 D ActivityManager: freezer override set to true
11-26 23:41:33.566  1011  1189 I ASH     : @ 385345.733: tcs3701: stop power rail pending_off timer
11-26 23:41:33.566  1011  1189 D ASH     : @ 385345.733: tcs3701: start power rail timer, state:3
11-26 23:41:33.566 31479 31541 W chromium: [WARNING:ev_root_ca_metadata.cc(119)] Not implemented
11-26 23:41:33.566 31479 31541 W chromium: [WARNING:ev_root_ca_metadata.cc(119)] Not implemented
11-26 23:41:33.602  1011  1189 I ASH     : @ 385345.773: tcs3701: stop power rail pending_off timer
11-26 23:41:33.602  1011  1189 D ASH     : @ 385345.773: tcs3701: start power rail timer, state:3
11-26 23:41:33.620  8427  8469 I BatteryMgr:DataCollectionService: stats => 1701038493620,11291,4442,2136,4169000,100
11-26 23:41:33.643  1011  1189 I ASH     : @ 385345.813: tcs3701: stop power rail pending_off timer
11-26 23:41:33.643  1011  1189 D ASH     : @ 385345.813: tcs3701: start power rail timer, state:3
11-26 23:41:33.682  1011  1189 I ASH     : @ 385345.853: tcs3701: stop power rail pending_off timer
11-26 23:41:33.682  1011  1189 D ASH     : @ 385345.853: tcs3701: start power rail timer, state:3
11-26 23:41:33.722  1011  1189 I ASH     : @ 385345.893: tcs3701: stop power rail pending_off timer
11-26 23:41:33.722  1011  1189 D ASH     : @ 385345.893: tcs3701: start power rail timer, state:3
11-26 23:41:33.727  8427  8469 I BatteryMgr:DataCollectionService: stats => 1701038493727,11291,4442,2136,4169000,100
11-26 23:41:33.762  1011  1189 I ASH     : @ 385345.933: tcs3701: stop power rail pending_off timer
11-26 23:41:33.762  1011  1189 D ASH     : @ 385345.933: tcs3701: start power rail timer, state:3
11-26 23:41:33.802  1011  1189 I ASH     : @ 385345.973: tcs3701: stop power rail pending_off timer
11-26 23:41:33.803  1011  1189 D ASH     : @ 385345.973: tcs3701: start power rail timer, state:3
11-26 23:41:33.834  8427  8469 I BatteryMgr:DataCollectionService: stats => 1701038493834,11291,4442,2136,4169000,100
11-26 23:41:33.842  1011  1189 I ASH     : @ 385346.013: tcs3701: stop power rail pending_off timer
11-26 23:41:33.842  1011  1189 D ASH     : @ 385346.013: tcs3701: start power rail timer, state:3
11-26 23:41:33.869 31479 31864 I m.chrome.canary: Explicit concurrent copying GC freed 899953(16MB) AllocSpace objects, 4(144KB) LOS objects, 75% free, 16MB/65MB, paused 138us,25us total 114.279ms
11-26 23:41:33.882  1011  1189 I ASH     : @ 385346.053: tcs3701: stop power rail pending_off timer
11-26 23:41:33.882  1011  1189 D ASH     : @ 385346.053: tcs3701: start power rail timer, state:3
11-26 23:41:33.923  1011  1189 I ASH     : @ 385346.093: tcs3701: stop power rail pending_off timer
11-26 23:41:33.923  1011  1189 D ASH     : @ 385346.093: tcs3701: start power rail timer, state:3
11-26 23:41:33.938  8427  8469 I BatteryMgr:DataCollectionService: stats => 1701038493938,11291,4442,2136,4169000,100
11-26 23:41:33.955  1795  2679 D ActivityManager: freezer override set to false
11-26 23:41:33.962  1011  1189 I ASH     : @ 385346.133: tcs3701: stop power rail pending_off timer
11-26 23:41:33.962  1011  1189 D ASH     : @ 385346.133: tcs3701: start power rail timer, state:3
11-26 23:41:33.971  8549  8575 I native  : I0000 00:00:1701038493.971278    8575 device_profile_database_helpers.cc:563] Found nothing for mTS_ld
11-26 23:41:33.971  8549  8575 I native  : I0000 00:00:1701038493.971433    8575 device_profile_database_helpers.cc:563] Found nothing for redfin/redfin
11-26 23:41:33.971  8549  8575 I native  : I0000 00:00:1701038493.971455    8575 device_profile_database_helpers.cc:550] Considering b4SrL5:11
11-26 23:41:33.971  8549  8575 I native  : I0000 00:00:1701038493.971484    8575 device_profile_database_helpers.cc:509] Device profile for google/redfin/redfin:13/TQ3A.230901.001/10750268:user/release-keys: b4SrL5:11
11-26 23:41:33.983  1011  1189 I VSC     : @ 385346.153: {Fusion} configure fusion 15 16666us 0us.
11-26 23:41:33.983  1011  1189 D VSC     : @ 385346.153: [Game Rotation Vector Sensor] Request accel, interval 16.6 ms, latency 0.0 ms
11-26 23:41:33.983  1011  1189 D VSC     : @ 385346.154: [Game Rotation Vector Sensor] Request gyro, interval 5.0 ms, latency 0.0 ms
11-26 23:41:33.992  1795  3658 D ActivityManager: freezer override set to true
11-26 23:41:33.995  1795  3658 D ActivityManager: freezer override set to false
11-26 23:41:33.998  2113  2118 I pixel-thermal: skin-therm-monitor: 41.348
11-26 23:41:34.002  1011  1189 I ASH     : @ 385346.173: tcs3701: stop power rail pending_off timer
11-26 23:41:34.003  1011  1189 D ASH     : @ 385346.173: SensorType 1 resampler quality 3
11-26 23:41:34.003  1011  1189 D ASH     : @ 385346.173: tcs3701: start power rail timer, state:3
11-26 23:41:34.003  1011  1189 D ASH     : @ 385346.173: SensorType 1 resampler quality 2
11-26 23:41:34.003  1011  1189 D ASH     : @ 385346.174: SensorType 195 resampler quality 1
11-26 23:41:34.039  1795  3658 D ActivityManager: freezer override set to true
11-26 23:41:34.042  1795  3658 D ActivityManager: freezer override set to false
11-26 23:41:34.042  1011  1189 I ASH     : @ 385346.213: tcs3701: stop power rail pending_off timer
11-26 23:41:34.042  1011  1189 D ASH     : @ 385346.213: tcs3701: start power rail timer, state:3
11-26 23:41:34.043  8427  8469 I BatteryMgr:DataCollectionService: stats => 1701038494043,11291,4442,2136,4169000,100
11-26 23:41:34.075  1795  2424 D WifiClientModeImpl[13802:wlan0]: updateLinkLayerStatsRssiSpeedFrequencyCapabilities rssi=-44 TxLinkspeed=780 freq=5240 RxLinkSpeed=866
11-26 23:41:34.075  1795  2424 D WifiDataStall: tx tput in kbps: 482015
11-26 23:41:34.076  1795  2424 D WifiDataStall: rx tput in kbps: 764515
11-26 23:41:34.076  1795  2424 V WifiConfigManager: Updating scan detail cache freq=5240 BSSID=f4:6d:2f:12:cc:88 RSSI=-44 for "ourhome"WPA_PSK
11-26 23:41:34.076  2782  5906 D QCNEJ/WlanStaInfoRelay: Received action: android.net.wifi.RSSI_CHANGED
11-26 23:41:34.077  1795  2424 D WifiChannelUtilization:  freq: 5240 onTime: 10984513 busyTime: 1014665 onTimeDiff: 1336657 busyTimeDiff: 158179 utilization: 30 utilization t0: 23
11-26 23:41:34.077  1795  2424 D WifiDataStall:  ccaLevel = 30
11-26 23:41:34.077  1795  2424 D WifiDataStall: L2 txTputKbps: 599076, rxTputKbps: 764515, L3 txTputKbps: 188, rxTputKbps: 20839, TxTrafficHigh: true, RxTrafficHigh: true, Throughput Sufficient: true
11-26 23:41:34.077  1795  2424 D WifiScoreReport: Wifi scoring disabled - Don't check IP layer
11-26 23:41:34.077  1795  2424 D WifiScoreCard: BSSID update SIGNAL_POLL ID: 1320464697 SSID: "ourhome", BSSID: f4:6d:2f:12:cc:88, MAC: b2:2f:ec:da:4a:0c, IP: /192.168.1.104, Security type: 2, Supplicant state: COMPLETED, Wi-Fi standard: 5, RSSI: -44, Link speed: 780Mbps, Tx Link speed: 780Mbps, Max Supported Tx Link speed: 866Mbps, Rx Link speed: 866Mbps, Max Supported Rx Link speed: 866Mbps, Frequency: 5240MHz, Net ID: 12, Metered hint: false, score: 60, isUsable: true, CarrierMerged: false, SubscriptionId: -1, IsPrimary: 1, Trusted: true, Restricted: false, Ephemeral: false, OEM paid: false, OEM private: false, OSU AP: false, FQDN: <none>, Provider friendly name: <none>, Requesting package name: <none>"ourhome"wpa2-pskMLO Information: , Is TID-To-Link negotiation supported by the AP: false, AP MLD Address: <none>, AP MLO Link Id: <none>, AP MLO Affiliated links: <none>
11-26 23:41:34.077  1795  2424 D WifiScoreCard: txRate: 231 txSpeed: 780
11-26 23:41:34.077  2673 18847 V WifiManager: OnWifiUsabilityStatsListener: onWifiUsabilityStats: seqNum=99260
11-26 23:41:34.077  1795  2424 D WifiScoreCard: network update SIGNAL_POLL "ourhome" ID: 1499892569 RSSI -44 txSpeed 780
11-26 23:41:34.078  1795  2424 D WifiClientModeImpl[13802:wlan0]:  ClientModeImpl$L2ConnectedState screen=on 37 0 "ourhome" f4:6d:2f:12:cc:88 rssi=-44 f=5240 sc=60 link=780 tx=198.6, 31.8, 0.0 rx=781.9 bcn=3648563 [on:2235 tx:79 rx:87 period:3008] from screen [on:1348532 period:26059363] score=60
11-26 23:41:34.078  1795  2467 I WifiService: updateWifiUsabilityScore uid=10180 seqNum=99260 score=100 predictionHorizonSec=1441795
11-26 23:41:34.079  1795  2424 D WifiScoreReport: Wifi scoring disabled - Notify that Wifi is usable
11-26 23:41:34.082  1795  2432 D ConnectivityService: NetReassign [no changes] [c 0] [a 0] [i 3]
11-26 23:41:34.082  1011  1189 I ASH     : @ 385346.253: tcs3701: stop power rail pending_off timer
11-26 23:41:34.082  1011  1189 D ASH     : @ 385346.253: tcs3701: start power rail timer, state:3
11-26 23:41:34.122  1011  1189 I ASH     : @ 385346.293: tcs3701: stop power rail pending_off timer
11-26 23:41:34.122  1011  1189 D ASH     : @ 385346.293: tcs3701: start power rail timer, state:3
11-26 23:41:34.149  8427  8469 I BatteryMgr:DataCollectionService: stats => 1701038494149,11291,4442,2136,4169000,100
11-26 23:41:34.162  1011  1189 I ASH     : @ 385346.333: tcs3701: stop power rail pending_off timer
11-26 23:41:34.162  1011  1189 D ASH     : @ 385346.333: tcs3701: start power rail timer, state:3
11-26 23:41:34.203  1011  1189 I ASH     : @ 385346.373: tcs3701: stop power rail pending_off timer
11-26 23:41:34.203  1011  1189 D ASH     : @ 385346.373: tcs3701: start power rail timer, state:3
11-26 23:41:34.242  1011  1189 I ASH     : @ 385346.413: tcs3701: stop power rail pending_off timer
11-26 23:41:34.242  1011  1189 D ASH     : @ 385346.413: tcs3701: start power rail timer, state:3
11-26 23:41:34.256  8427  8469 I BatteryMgr:DataCollectionService: stats => 1701038494256,11291,4442,2136,4169000,100
11-26 23:41:34.282  1011  1189 I ASH     : @ 385346.453: tcs3701: stop power rail pending_off timer
11-26 23:41:34.283  1011  1189 D ASH     : @ 385346.453: tcs3701: start power rail timer, state:3
11-26 23:41:34.322  1011  1189 I ASH     : @ 385346.493: tcs3701: stop power rail pending_off timer
11-26 23:41:34.322  1011  1189 D ASH     : @ 385346.493: tcs3701: start power rail timer, state:3
11-26 23:41:34.362  1011  1189 I ASH     : @ 385346.533: tcs3701: stop power rail pending_off timer
11-26 23:41:34.362  1011  1189 D ASH     : @ 385346.533: tcs3701: start power rail timer, state:3
11-26 23:41:34.363  8427  8469 I BatteryMgr:DataCollectionService: stats => 1701038494363,11291,4442,2136,4169000,100
11-26 23:41:34.402  1011  1189 I ASH     : @ 385346.573: tcs3701: stop power rail pending_off timer
11-26 23:41:34.402  1011  1189 D ASH     : @ 385346.573: tcs3701: start power rail timer, state:3
11-26 23:41:34.442  1011  1189 I ASH     : @ 385346.613: tcs3701: stop power rail pending_off timer
11-26 23:41:34.442  1011  1189 D ASH     : @ 385346.613: tcs3701: start power rail timer, state:3
11-26 23:41:34.469  8427  8469 I BatteryMgr:DataCollectionService: stats => 1701038494469,11291,4442,2136,4169000,100
11-26 23:41:34.483  1011  1189 I ASH     : @ 385346.653: tcs3701: stop power rail pending_off timer
11-26 23:41:34.483  1011  1189 D ASH     : @ 385346.653: tcs3701: start power rail timer, state:3
11-26 23:41:34.523  1011  1189 I ASH     : @ 385346.693: tcs3701: stop power rail pending_off timer
11-26 23:41:34.523  1011  1189 D ASH     : @ 385346.693: tcs3701: start power rail timer, state:3
11-26 23:41:34.563  1011  1189 I ASH     : @ 385346.733: tcs3701: stop power rail pending_off timer
11-26 23:41:34.563  1011  1189 D ASH     : @ 385346.733: tcs3701: start power rail timer, state:3
11-26 23:41:34.573  8427  8469 I BatteryMgr:DataCollectionService: stats => 1701038494573,11291,4442,2136,4169000,100
11-26 23:41:34.603  1011  1189 I ASH     : @ 385346.773: tcs3701: stop power rail pending_off timer
11-26 23:41:34.603  1011  1189 D ASH     : @ 385346.773: tcs3701: start power rail timer, state:3
11-26 23:41:34.642  1011  1189 I ASH     : @ 385346.813: tcs3701: stop power rail pending_off timer
11-26 23:41:34.642  1011  1189 D ASH     : @ 385346.813: tcs3701: start power rail timer, state:3
11-26 23:41:34.660  1795  2679 D ActivityManager: freezer override set to true
11-26 23:41:34.664  1795  2679 D ActivityManager: freezer override set to false
11-26 23:41:34.678  8427  8469 I BatteryMgr:DataCollectionService: stats => 1701038494678,11291,4442,2136,4169000,100
11-26 23:41:34.683  1011  1189 I ASH     : @ 385346.853: tcs3701: stop power rail pending_off timer
11-26 23:41:34.683  1011  1189 D ASH     : @ 385346.853: tcs3701: start power rail timer, state:3
11-26 23:41:34.723  1011  1189 I ASH     : @ 385346.893: tcs3701: stop power rail pending_off timer
11-26 23:41:34.723  1011  1189 D ASH     : @ 385346.893: tcs3701: start power rail timer, state:3
11-26 23:41:34.763  1011  1189 I ASH     : @ 385346.933: tcs3701: stop power rail pending_off timer
11-26 23:41:34.763  1011  1189 D ASH     : @ 385346.933: tcs3701: start power rail timer, state:3
11-26 23:41:34.783  8427  8469 I BatteryMgr:DataCollectionService: stats => 1701038494783,11291,4442,2136,4169000,100
11-26 23:41:34.802  1011  1189 I ASH     : @ 385346.973: tcs3701: stop power rail pending_off timer
11-26 23:41:34.802  1011  1189 D ASH     : @ 385346.973: tcs3701: start power rail timer, state:3
11-26 23:41:34.843  1011  1189 I ASH     : @ 385347.013: tcs3701: stop power rail pending_off timer
11-26 23:41:34.843  1011  1189 D ASH     : @ 385347.013: tcs3701: start power rail timer, state:3
11-26 23:41:34.883  1011  1189 I ASH     : @ 385347.053: tcs3701: stop power rail pending_off timer
11-26 23:41:34.883  1011  1189 D ASH     : @ 385347.053: tcs3701: start power rail timer, state:3
11-26 23:41:34.887  8427  8469 I BatteryMgr:DataCollectionService: stats => 1701038494887,11291,4442,2136,4169000,100
11-26 23:41:34.922  1011  1189 I ASH     : @ 385347.093: tcs3701: stop power rail pending_off timer
11-26 23:41:34.922  1011  1189 D ASH     : @ 385347.093: tcs3701: start power rail timer, state:3
11-26 23:41:34.963  1011  1189 I ASH     : @ 385347.133: tcs3701: stop power rail pending_off timer
11-26 23:41:34.963  1011  1189 D ASH     : @ 385347.133: tcs3701: start power rail timer, state:3
11-26 23:41:34.991  8427  8469 I BatteryMgr:DataCollectionService: stats => 1701038494991,11291,4442,2136,4169000,100
11-26 23:41:35.002  1011  1189 I ASH     : @ 385347.173: tcs3701: stop power rail pending_off timer
11-26 23:41:35.003  1011  1189 D ASH     : @ 385347.173: tcs3701: start power rail timer, state:3
11-26 23:41:35.043  1011  1189 I ASH     : @ 385347.213: tcs3701: stop power rail pending_off timer
11-26 23:41:35.043  1011  1189 D ASH     : @ 385347.213: tcs3701: start power rail timer, state:3
11-26 23:41:35.083  1011  1189 I ASH     : @ 385347.253: tcs3701: stop power rail pending_off timer
11-26 23:41:35.083  1011  1189 D ASH     : @ 385347.253: tcs3701: start power rail timer, state:3
11-26 23:41:35.099  8427  8469 I BatteryMgr:DataCollectionService: stats => 1701038495099,11291,4442,2136,4169000,100
11-26 23:41:35.123  1011  1189 I ASH     : @ 385347.293: tcs3701: stop power rail pending_off timer
11-26 23:41:35.123  1011  1189 D ASH     : @ 385347.293: tcs3701: start power rail timer, state:3
11-26 23:41:35.162  1011  1189 I ASH     : @ 385347.333: tcs3701: stop power rail pending_off timer
11-26 23:41:35.162  1011  1189 D ASH     : @ 385347.333: tcs3701: start power rail timer, state:3
11-26 23:41:35.195  1795  2467 D ActivityManager: freezer override set to true
11-26 23:41:35.203  1011  1189 I ASH     : @ 385347.373: tcs3701: stop power rail pending_off timer
11-26 23:41:35.203  1011  1189 D ASH     : @ 385347.373: tcs3701: start power rail timer, state:3
11-26 23:41:35.204  8427  8469 I BatteryMgr:DataCollectionService: stats => 1701038495204,11291,4442,2136,4169000,100
11-26 23:41:35.242  1011  1189 I ASH     : @ 385347.413: tcs3701: stop power rail pending_off timer
11-26 23:41:35.242  1011  1189 D ASH     : @ 385347.413: tcs3701: start power rail timer, state:3
11-26 23:41:35.282  1011  1189 I ASH     : @ 385347.453: tcs3701: stop power rail pending_off timer
11-26 23:41:35.282  1011  1189 D ASH     : @ 385347.453: tcs3701: start power rail timer, state:3
11-26 23:41:35.308  8427  8469 I BatteryMgr:DataCollectionService: stats => 1701038495308,11291,4442,2136,4169000,100
11-26 23:41:35.322  1011  1189 I ASH     : @ 385347.493: tcs3701: stop power rail pending_off timer
11-26 23:41:35.322  1011  1189 D ASH     : @ 385347.493: tcs3701: start power rail timer, state:3
11-26 23:41:35.363  1011  1189 I ASH     : @ 385347.533: tcs3701: stop power rail pending_off timer
11-26 23:41:35.363  1011  1189 D ASH     : @ 385347.533: tcs3701: start power rail timer, state:3
11-26 23:41:35.403  1011  1189 I ASH     : @ 385347.573: tcs3701: stop power rail pending_off timer
11-26 23:41:35.403  1011  1189 D ASH     : @ 385347.573: tcs3701: start power rail timer, state:3
11-26 23:41:35.413  8427  8469 I BatteryMgr:DataCollectionService: stats => 1701038495413,11291,4442,2136,4169000,100
11-26 23:41:35.442  1011  1189 I ASH     : @ 385347.613: tcs3701: stop power rail pending_off timer
11-26 23:41:35.442  1011  1189 D ASH     : @ 385347.613: tcs3701: start power rail timer, state:3
11-26 23:41:35.468 31479 31864 I m.chrome.canary: Explicit concurrent copying GC freed 588129(11MB) AllocSpace objects, 9(232KB) LOS objects, 75% free, 14MB/57MB, paused 41us,28us total 112.845ms
11-26 23:41:35.482  1011  1189 I ASH     : @ 385347.653: tcs3701: stop power rail pending_off timer
11-26 23:41:35.482  1011  1189 D ASH     : @ 385347.653: tcs3701: start power rail timer, state:3
11-26 23:41:35.511 31565 31590 I AdrenoVK-0: QUALCOMM build          : 4783c89, I46ff5fc46f
11-26 23:41:35.511 31565 31590 I AdrenoVK-0: Build Date              : 11/30/20
11-26 23:41:35.511 31565 31590 I AdrenoVK-0: Shader Compiler Version : EV031.31.04.01
11-26 23:41:35.511 31565 31590 I AdrenoVK-0: Local Branch            : QPR2
11-26 23:41:35.511 31565 31590 I AdrenoVK-0: Remote Branch           : 
11-26 23:41:35.511 31565 31590 I AdrenoVK-0: Remote Branch           : 
11-26 23:41:35.511 31565 31590 I AdrenoVK-0: Reconstruct Branch      : 
11-26 23:41:35.511 31565 31590 I AdrenoVK-0: Build Config            : S P 10.0.4 AArch64
11-26 23:41:35.511 31565 31590 I AdrenoVK-0: Driver Path             : /vendor/lib64/hw/vulkan.adreno.so
11-26 23:41:35.519  8427  8469 I BatteryMgr:DataCollectionService: stats => 1701038495519,11291,4442,2136,4169000,100
11-26 23:41:35.522  1011  1189 I ASH     : @ 385347.693: tcs3701: stop power rail pending_off timer
11-26 23:41:35.522  1011  1189 D ASH     : @ 385347.693: tcs3701: start power rail timer, state:3
11-26 23:41:35.552  1795  2467 D ActivityManager: freezer override set to false
11-26 23:41:35.562  1011  1189 I ASH     : @ 385347.733: tcs3701: stop power rail pending_off timer
11-26 23:41:35.562  1011  1189 D ASH     : @ 385347.733: tcs3701: start power rail timer, state:3
11-26 23:41:35.602  1011  1189 I ASH     : @ 385347.773: tcs3701: stop power rail pending_off timer
11-26 23:41:35.602  1011  1189 D ASH     : @ 385347.773: tcs3701: start power rail timer, state:3
11-26 23:41:35.606  1795  2467 D ActivityManager: freezer override set to true
11-26 23:41:35.609  1795  2467 D ActivityManager: freezer override set to false
11-26 23:41:35.626  8427  8469 I BatteryMgr:DataCollectionService: stats => 1701038495626,11291,4442,2136,4169000,100
11-26 23:41:35.642  1011  1189 I ASH     : @ 385347.813: tcs3701: stop power rail pending_off timer
11-26 23:41:35.642  1011  1189 D ASH     : @ 385347.813: tcs3701: start power rail timer, state:3
11-26 23:41:35.646  1795  2467 D ActivityManager: freezer override set to true
11-26 23:41:35.652  1795  2467 D ActivityManager: freezer override set to false
11-26 23:41:35.671  1795  2467 D ActivityManager: freezer override set to true
11-26 23:41:35.674  1795  2467 D ActivityManager: freezer override set to false
11-26 23:41:35.683  1011  1189 I ASH     : @ 385347.853: tcs3701: stop power rail pending_off timer
11-26 23:41:35.683  1011  1189 D ASH     : @ 385347.853: tcs3701: start power rail timer, state:3
11-26 23:41:35.722  1011  1189 I ASH     : @ 385347.893: tcs3701: stop power rail pending_off timer
11-26 23:41:35.722  1011  1189 D ASH     : @ 385347.893: tcs3701: start power rail timer, state:3
11-26 23:41:35.731  8427  8469 I BatteryMgr:DataCollectionService: stats => 1701038495731,11291,4442,2136,4169000,100
11-26 23:41:35.762  1011  1189 I ASH     : @ 385347.933: tcs3701: stop power rail pending_off timer
11-26 23:41:35.762  1011  1189 D ASH     : @ 385347.933: tcs3701: start power rail timer, state:3
11-26 23:41:35.803  1011  1189 I ASH     : @ 385347.973: tcs3701: stop power rail pending_off timer
11-26 23:41:35.803  1011  1189 D ASH     : @ 385347.973: tcs3701: start power rail timer, state:3
11-26 23:41:35.835  8427  8469 I BatteryMgr:DataCollectionService: stats => 1701038495835,11291,4442,2136,4169000,100
11-26 23:41:35.842  1011  1189 I ASH     : @ 385348.013: tcs3701: stop power rail pending_off timer
11-26 23:41:35.842  1011  1189 D ASH     : @ 385348.013: tcs3701: start power rail timer, state:3
11-26 23:41:35.883  1011  1189 I ASH     : @ 385348.053: tcs3701: stop power rail pending_off timer
11-26 23:41:35.883  1011  1189 D ASH     : @ 385348.053: tcs3701: start power rail timer, state:3
11-26 23:41:35.923  1011  1189 I ASH     : @ 385348.093: tcs3701: stop power rail pending_off timer
11-26 23:41:35.923  1011  1189 D ASH     : @ 385348.093: tcs3701: start power rail timer, state:3
11-26 23:41:35.940  8427  8469 I BatteryMgr:DataCollectionService: stats => 1701038495940,11291,4442,2136,4169000,100
11-26 23:41:35.963  1011  1189 I ASH     : @ 385348.133: tcs3701: stop power rail pending_off timer
11-26 23:41:35.963  1011  1189 D ASH     : @ 385348.133: tcs3701: start power rail timer, state:3
11-26 23:41:36.002  2113  2118 I pixel-thermal: skin-therm-monitor: 41.355
11-26 23:41:36.002  1011  1189 I ASH     : @ 385348.173: tcs3701: stop power rail pending_off timer
11-26 23:41:36.003  1011  1189 D ASH     : @ 385348.173: tcs3701: start power rail timer, state:3
11-26 23:41:36.043  1011  1189 I ASH     : @ 385348.213: tcs3701: stop power rail pending_off timer
11-26 23:41:36.043  1011  1189 D ASH     : @ 385348.213: tcs3701: start power rail timer, state:3
11-26 23:41:36.045  8427  8469 I BatteryMgr:DataCollectionService: stats => 1701038496045,11291,4442,2136,4169000,100
11-26 23:41:36.082  1011  1189 I ASH     : @ 385348.253: tcs3701: stop power rail pending_off timer
11-26 23:41:36.082  1011  1189 D ASH     : @ 385348.253: tcs3701: start power rail timer, state:3
11-26 23:41:36.123  1011  1189 I ASH     : @ 385348.293: tcs3701: stop power rail pending_off timer
11-26 23:41:36.123  1011  1189 D ASH     : @ 385348.293: tcs3701: start power rail timer, state:3
11-26 23:41:36.150  8427  8469 I BatteryMgr:DataCollectionService: stats => 1701038496150,11291,4442,2136,4169000,100
11-26 23:41:36.162  1011  1189 I ASH     : @ 385348.333: tcs3701: stop power rail pending_off timer
11-26 23:41:36.163  1011  1189 D ASH     : @ 385348.333: tcs3701: start power rail timer, state:3
11-26 23:41:36.203  1011  1189 I ASH     : @ 385348.373: tcs3701: stop power rail pending_off timer
11-26 23:41:36.203  1011  1189 D ASH     : @ 385348.373: tcs3701: start power rail timer, state:3
11-26 23:41:36.243  1011  1189 I ASH     : @ 385348.413: tcs3701: stop power rail pending_off timer
11-26 23:41:36.243  1011  1189 D ASH     : @ 385348.413: tcs3701: start power rail timer, state:3
11-26 23:41:36.255  8427  8469 I BatteryMgr:DataCollectionService: stats => 1701038496255,11291,4442,2136,4169000,100
11-26 23:41:36.282  1011  1189 I ASH     : @ 385348.453: tcs3701: stop power rail pending_off timer
11-26 23:41:36.283  1011  1189 D ASH     : @ 385348.453: tcs3701: start power rail timer, state:3
11-26 23:41:36.323  1011  1189 I ASH     : @ 385348.493: tcs3701: stop power rail pending_off timer
11-26 23:41:36.323  1011  1189 D ASH     : @ 385348.493: tcs3701: start power rail timer, state:3
11-26 23:41:36.349 31479 31539 W chromium: [WARNING:ev_root_ca_metadata.cc(119)] Not implemented
11-26 23:41:36.362  8427  8469 I BatteryMgr:DataCollectionService: stats => 1701038496362,11291,4442,2136,4169000,100
11-26 23:41:36.363  1011  1189 I ASH     : @ 385348.533: tcs3701: stop power rail pending_off timer
11-26 23:41:36.363  1011  1189 D ASH     : @ 385348.533: tcs3701: start power rail timer, state:3
11-26 23:41:36.403  1011  1189 I ASH     : @ 385348.573: tcs3701: stop power rail pending_off timer
11-26 23:41:36.403  1011  1189 D ASH     : @ 385348.573: tcs3701: start power rail timer, state:3
11-26 23:41:36.443  1011  1189 I ASH     : @ 385348.613: tcs3701: stop power rail pending_off timer
11-26 23:41:36.443  1011  1189 D ASH     : @ 385348.613: tcs3701: start power rail timer, state:3
11-26 23:41:36.467  8427  8469 I BatteryMgr:DataCollectionService: stats => 1701038496467,11291,4442,2136,4169000,100
11-26 23:41:36.482  1011  1189 I ASH     : @ 385348.653: tcs3701: stop power rail pending_off timer
11-26 23:41:36.482  1011  1189 D ASH     : @ 385348.653: tcs3701: start power rail timer, state:3
11-26 23:41:36.522  1011  1189 I ASH     : @ 385348.693: tcs3701: stop power rail pending_off timer
11-26 23:41:36.522  1011  1189 D ASH     : @ 385348.693: tcs3701: start power rail timer, state:3
11-26 23:41:36.562  1011  1189 I ASH     : @ 385348.733: tcs3701: stop power rail pending_off timer
11-26 23:41:36.562  1011  1189 D ASH     : @ 385348.733: tcs3701: start power rail timer, state:3
11-26 23:41:36.575  8427  8469 I BatteryMgr:DataCollectionService: stats => 1701038496575,11291,4442,2136,4169000,100
11-26 23:41:36.603  1011  1189 I ASH     : @ 385348.773: tcs3701: stop power rail pending_off timer
11-26 23:41:36.603  1011  1189 D ASH     : @ 385348.773: tcs3701: start power rail timer, state:3
11-26 23:41:36.629  1039  1095 D rlsservice: MonitorDisplayStatus client num 0, display status 1, sensor status 0
11-26 23:41:36.642  1011  1189 I ASH     : @ 385348.813: tcs3701: stop power rail pending_off timer
11-26 23:41:36.642  1011  1189 D ASH     : @ 385348.813: tcs3701: start power rail timer, state:3
11-26 23:41:36.666  1795  2679 D ActivityManager: freezer override set to true
11-26 23:41:36.674  1795  2679 D ActivityManager: freezer override set to false
11-26 23:41:36.680  8427  8469 I BatteryMgr:DataCollectionService: stats => 1701038496680,11291,4442,2136,4169000,100
11-26 23:41:36.683  1011  1189 I ASH     : @ 385348.853: tcs3701: stop power rail pending_off timer
11-26 23:41:36.683  1011  1189 D ASH     : @ 385348.853: tcs3701: start power rail timer, state:3
11-26 23:41:36.722  1011  1189 I ASH     : @ 385348.893: tcs3701: stop power rail pending_off timer
11-26 23:41:36.722  1011  1189 D ASH     : @ 385348.893: tcs3701: start power rail timer, state:3
11-26 23:41:36.762  1011  1189 I ASH     : @ 385348.933: tcs3701: stop power rail pending_off timer
11-26 23:41:36.762  1011  1189 D ASH     : @ 385348.933: tcs3701: start power rail timer, state:3
11-26 23:41:36.787  8427  8469 I BatteryMgr:DataCollectionService: stats => 1701038496787,11291,4442,2136,4169000,100
11-26 23:41:36.802  1011  1189 I ASH     : @ 385348.973: tcs3701: stop power rail pending_off timer
11-26 23:41:36.802  1011  1189 D ASH     : @ 385348.973: tcs3701: start power rail timer, state:3
11-26 23:41:36.842  1011  1189 I ASH     : @ 385349.013: tcs3701: stop power rail pending_off timer
11-26 23:41:36.842  1011  1189 D ASH     : @ 385349.013: tcs3701: start power rail timer, state:3
11-26 23:41:36.865  1795  2679 D ActivityManager: freezer override set to true
11-26 23:41:36.882  1011  1189 I ASH     : @ 385349.053: tcs3701: stop power rail pending_off timer
11-26 23:41:36.882  1011  1189 D ASH     : @ 385349.053: tcs3701: start power rail timer, state:3
11-26 23:41:36.892  8427  8469 I BatteryMgr:DataCollectionService: stats => 1701038496892,11291,4442,2136,4169000,100
11-26 23:41:36.922  1011  1189 I ASH     : @ 385349.093: tcs3701: stop power rail pending_off timer
11-26 23:41:36.922  1011  1189 D ASH     : @ 385349.093: tcs3701: start power rail timer, state:3
11-26 23:41:36.962  1011  1189 I ASH     : @ 385349.133: tcs3701: stop power rail pending_off timer
11-26 23:41:36.962  1011  1189 D ASH     : @ 385349.133: tcs3701: start power rail timer, state:3
11-26 23:41:36.998  8427  8469 I BatteryMgr:DataCollectionService: stats => 1701038496998,11291,4442,2136,4169000,100
11-26 23:41:37.003  1011  1189 I ASH     : @ 385349.173: tcs3701: stop power rail pending_off timer
11-26 23:41:37.003  1011  1189 D ASH     : @ 385349.173: tcs3701: start power rail timer, state:3
11-26 23:41:37.020 31479 31864 I m.chrome.canary: Explicit concurrent copying GC freed 5474(240KB) AllocSpace objects, 5(100KB) LOS objects, 75% free, 14MB/56MB, paused 37us,29us total 70.342ms
11-26 23:41:37.042  1011  1189 I ASH     : @ 385349.213: tcs3701: stop power rail pending_off timer
11-26 23:41:37.042  1011  1189 D ASH     : @ 385349.213: tcs3701: start power rail timer, state:3
11-26 23:41:37.082  1011  1189 I ASH     : @ 385349.253: tcs3701: stop power rail pending_off timer
11-26 23:41:37.082  1011  1189 D ASH     : @ 385349.253: tcs3701: start power rail timer, state:3
11-26 23:41:37.087  1795  2424 D WifiClientModeImpl[13802:wlan0]: updateLinkLayerStatsRssiSpeedFrequencyCapabilities rssi=-45 TxLinkspeed=780 freq=5240 RxLinkSpeed=866
11-26 23:41:37.088  1795  2424 D WifiDataStall: tx tput in kbps: 599076
11-26 23:41:37.088  1795  2424 D WifiDataStall: rx tput in kbps: 764515
11-26 23:41:37.088  1795  2424 V WifiConfigManager: Updating scan detail cache freq=5240 BSSID=f4:6d:2f:12:cc:88 RSSI=-44 for "ourhome"WPA_PSK
11-26 23:41:37.089  1795  2424 D WifiChannelUtilization:  freq: 5240 onTime: 10986158 busyTime: 1015206 onTimeDiff: 1338302 busyTimeDiff: 158720 utilization: 30 utilization t0: 23
11-26 23:41:37.089  2782  5906 D QCNEJ/WlanStaInfoRelay: Received action: android.net.wifi.RSSI_CHANGED
11-26 23:41:37.089  1795  2424 D WifiDataStall:  ccaLevel = 30
11-26 23:41:37.089  1795  2424 D WifiDataStall: L2 txTputKbps: 605962, rxTputKbps: 764515, L3 txTputKbps: 151, rxTputKbps: 6902, TxTrafficHigh: true, RxTrafficHigh: true, Throughput Sufficient: true
11-26 23:41:37.089  2673 18847 V WifiManager: OnWifiUsabilityStatsListener: onWifiUsabilityStats: seqNum=99261
11-26 23:41:37.089  1795  2424 D WifiScoreReport: Wifi scoring disabled - Don't check IP layer
11-26 23:41:37.089  1795  2467 I WifiService: updateWifiUsabilityScore uid=10180 seqNum=99261 score=100 predictionHorizonSec=1441795
11-26 23:41:37.090  1795  2424 D WifiScoreCard: BSSID update SIGNAL_POLL ID: 1320464697 SSID: "ourhome", BSSID: f4:6d:2f:12:cc:88, MAC: b2:2f:ec:da:4a:0c, IP: /192.168.1.104, Security type: 2, Supplicant state: COMPLETED, Wi-Fi standard: 5, RSSI: -45, Link speed: 780Mbps, Tx Link speed: 780Mbps, Max Supported Tx Link speed: 866Mbps, Rx Link speed: 866Mbps, Max Supported Rx Link speed: 866Mbps, Frequency: 5240MHz, Net ID: 12, Metered hint: false, score: 60, isUsable: true, CarrierMerged: false, SubscriptionId: -1, IsPrimary: 1, Trusted: true, Restricted: false, Ephemeral: false, OEM paid: false, OEM private: false, OSU AP: false, FQDN: <none>, Provider friendly name: <none>, Requesting package name: <none>"ourhome"wpa2-pskMLO Information: , Is TID-To-Link negotiation supported by the AP: false, AP MLD Address: <none>, AP MLO Link Id: <none>, AP MLO Affiliated links: <none>
11-26 23:41:37.090  1795  2424 D WifiScoreCard: txRate: 198 txSpeed: 780
11-26 23:41:37.090  1795  2424 D WifiScoreCard: network update SIGNAL_POLL "ourhome" ID: 1499892569 RSSI -45 txSpeed 780
11-26 23:41:37.090  1795  2424 D WifiClientModeImpl[13802:wlan0]:  ClientModeImpl$L2ConnectedState screen=on 37 0 "ourhome" f4:6d:2f:12:cc:88 rssi=-45 f=5240 sc=60 link=780 tx=172.4, 25.3, 0.0 rx=538.9 bcn=3648593 [on:1645 tx:38 rx:33 period:3012] from screen [on:1350177 period:26062376] score=60
11-26 23:41:37.090  1795  2424 D WifiScoreReport: Wifi scoring disabled - Notify that Wifi is usable
11-26 23:41:37.103  1795  2679 D ActivityManager: freezer override set to false
11-26 23:41:37.106  1795  2432 D ConnectivityService: NetReassign [no changes] [c 0] [a 0] [i 3]
11-26 23:41:37.122  1011  1189 I ASH     : @ 385349.293: tcs3701: stop power rail pending_off timer
11-26 23:41:37.122  1011  1189 D ASH     : @ 385349.293: tcs3701: start power rail timer, state:3
11-26 23:41:37.123  8427  8469 I BatteryMgr:DataCollectionService: stats => 1701038497123,11291,4442,2136,4169000,100
11-26 23:41:37.148  1795  2467 D ActivityManager: freezer override set to true
11-26 23:41:37.163  1011  1189 I ASH     : @ 385349.333: tcs3701: stop power rail pending_off timer
11-26 23:41:37.163  1011  1189 D ASH     : @ 385349.333: tcs3701: start power rail timer, state:3
11-26 23:41:37.170  1795  2467 D ActivityManager: freezer override set to false
11-26 23:41:37.202  1011  1189 I ASH     : @ 385349.373: tcs3701: stop power rail pending_off timer
11-26 23:41:37.202  1011  1189 D ASH     : @ 385349.373: tcs3701: start power rail timer, state:3
11-26 23:41:37.213 31980 31980 W linker64: type=1400 audit(0.0:11998): avc: denied { search } for name="tests" dev="dm-40" ino=74197 scontext=u:r:untrusted_app:s0:c10,c256,c512,c768 tcontext=u:object_r:shell_test_data_file:s0 tclass=dir permissive=0 app=com.chrome.canary
11-26 23:41:37.213 31980 31980 W linker64: type=1400 audit(0.0:11999): avc: denied { search } for name="tests" dev="dm-40" ino=74197 scontext=u:r:untrusted_app:s0:c10,c256,c512,c768 tcontext=u:object_r:shell_test_data_file:s0 tclass=dir permissive=0 app=com.chrome.canary
