11-26 23:28:12.268 26837   345 W GmsStrictMode: 	at android.app.ActivityThread.main(ActivityThread.java:7918)
11-26 23:28:12.268 26837   345 W GmsStrictMode: 	at java.lang.reflect.Method.invoke(Native Method)
11-26 23:28:12.268 26837   345 W GmsStrictMode: 	at com.android.internal.os.RuntimeInit$MethodAndArgsCaller.run(RuntimeInit.java:548)
11-26 23:28:12.268 26837   345 W GmsStrictMode: 	at com.android.internal.os.ZygoteInit.main(ZygoteInit.java:936)
11-26 23:28:12.270  1011  1189 I ASH     : @ 384544.441: tcs3701: stop power rail pending_off timer
11-26 23:28:12.270  1011  1189 D ASH     : @ 384544.441: tcs3701: start power rail timer, state:3
11-26 23:28:12.273  1795  2120 I AppZygote: Application preload done.
11-26 23:28:12.273 11405 11405 I AppZygoteInit: Application preload done
11-26 23:28:12.294 11405 11412 W e.canary_zygote: Reducing the number of considered missed Gc histogram windows from 36671 to 100
11-26 23:28:12.300 11405 11405 I Zygote  : Entering forkRepeatedly native zygote loop
11-26 23:28:12.310  1011  1189 I ASH     : @ 384544.481: tcs3701: stop power rail pending_off timer
11-26 23:28:12.310  1011  1189 D ASH     : @ 384544.481: tcs3701: start power rail timer, state:3
11-26 23:28:12.311 11405 11405 D Zygote  : Forked child process 11432
11-26 23:28:12.313  1795  2120 W ActivityManager: Slow operation: 146ms so far, now at startProcess: returned from zygote!
11-26 23:28:12.313  1795  2120 W ActivityManager: Slow operation: 147ms so far, now at startProcess: done updating battery stats
11-26 23:28:12.313  1795  2120 W ActivityManager: Slow operation: 147ms so far, now at startProcess: building log message
11-26 23:28:12.313  1795  2120 I ActivityManager: Start proc 11432:com.chrome.canary:sandboxed_process0:org.chromium.content.app.SandboxedProcessService0:0/u0ai0 for  {com.chrome.canary/org.chromium.content.app.SandboxedProcessService0:0}
11-26 23:28:12.313  1795  2120 W ActivityManager: Slow operation: 147ms so far, now at startProcess: starting to update pids map
11-26 23:28:12.314  1795  2120 W ActivityManager: Slow operation: 147ms so far, now at startProcess: done updating pids map
11-26 23:28:12.314 11432 11432 E libc    : SetHeapTaggingLevel: re-enabling tagging after it was disabled is not supported
11-26 23:28:12.316 11361 11361 I chromium: [INFO:policy_logger.cc(144)] :components/enterprise/browser/controller/chrome_browser_cloud_management_controller.cc(273) Deferring CBCM Controller Initialization until it is unblocked.
11-26 23:28:12.321 11432 11432 I ocessService0:0: Using CollectorTypeCC GC.
11-26 23:28:12.325   987   987 I Zygote  : Entering forkRepeatedly native zygote loop
11-26 23:28:12.331 11361 11361 I chromium: [INFO:primary_account_manager.cc(681)] Removed account from account tracker service: 100083609849983621492
11-26 23:28:12.337   987   987 D Zygote  : Forked child process 11442
11-26 23:28:12.338  1795  2120 I ActivityManager: Start proc 11442:com.chrome.canary:privileged_process0/u0a10 for service {com.chrome.canary/org.chromium.content.app.PrivilegedProcessService0}
11-26 23:28:12.338  1383  1442 I adbd    : jdwp connection from 11432
11-26 23:28:12.350  1011  1189 I ASH     : @ 384544.521: tcs3701: stop power rail pending_off timer
11-26 23:28:12.350  1011  1189 D ASH     : @ 384544.521: tcs3701: start power rail timer, state:3
11-26 23:28:12.357  3657  4441 D ForegroundUtils: Foreground UID status:
11-26 23:28:12.357  3657  4441 D ForegroundUtils: UID: 10010 is in foreground: true
11-26 23:28:12.357  3657  4441 D ForegroundUtils: UID: 10128 is in foreground: true
11-26 23:28:12.357  3657  4441 D ForegroundUtils: UID: 10158 is in foreground: true
11-26 23:28:12.357  3657  4441 D ForegroundUtils: UID: 10189 is in foreground: false
11-26 23:28:12.357  3657  4441 D ForegroundUtils: UID: 10194 is in foreground: true
11-26 23:28:12.357  3657  4441 D ForegroundUtils: UID: 10206 is in foreground: false
11-26 23:28:12.357  3657  4441 D ForegroundUtils: UID: 10233 is in foreground: true
11-26 23:28:12.357  3657  4441 D ForegroundUtils: UID: 10244 is in foreground: true
11-26 23:28:12.357  3657  4441 D ForegroundUtils: UID: 10319 is in foreground: true
11-26 23:28:12.357  3657  4441 D ForegroundUtils: UID: 90000 is in foreground: true
11-26 23:28:12.359 11361 11361 I cr_SmsProviderGms: construction successfull TM3@cc41b4d, QM3@2c41f49
11-26 23:28:12.364 11432 11432 I ActivityThread: Relaunch all activities: onCoreSettingsChange
11-26 23:28:12.365 11432 11432 D CompatibilityChangeReporter: Compat change id reported: 171979766; UID 90000; state: ENABLED
11-26 23:28:12.368 11442 11442 I ileged_process0: Using CollectorTypeCC GC.
11-26 23:28:12.376  1795  3784 D ConnectivityService: requestNetwork for uid/pid:10010/11361 activeRequest: null callbackRequest: 10755 [NetworkRequest [ REQUEST id=10756, [ Capabilities: INTERNET&NOT_RESTRICTED&TRUSTED&NOT_VCN_MANAGED Uid: 10010 RequestorUid: 10010 RequestorPkg: com.chrome.canary UnderlyingNetworks: Null] ]] callback flags: 0 order: 2147483647
11-26 23:28:12.381  1795  2424 D WifiNetworkFactory: got request NetworkRequest [ REQUEST id=10756, [ Capabilities: INTERNET&NOT_RESTRICTED&TRUSTED&NOT_VCN_MANAGED Uid: 10010 RequestorUid: 10010 RequestorPkg: com.chrome.canary UnderlyingNetworks: Null] ]
11-26 23:28:12.381  1795  2424 V WifiNetworkFactory: Accepted network request NetworkRequest [ REQUEST id=10756, [ Capabilities: INTERNET&NOT_RESTRICTED&TRUSTED&NOT_VCN_MANAGED Uid: 10010 RequestorUid: 10010 RequestorPkg: com.chrome.canary UnderlyingNetworks: Null] ]
11-26 23:28:12.381  1795  2424 D UntrustedWifiNetworkFactory: got request NetworkRequest [ REQUEST id=10756, [ Capabilities: INTERNET&NOT_RESTRICTED&TRUSTED&NOT_VCN_MANAGED Uid: 10010 RequestorUid: 10010 RequestorPkg: com.chrome.canary UnderlyingNetworks: Null] ]
11-26 23:28:12.382  1795  2424 D OemPaidWifiNetworkFactory: got request NetworkRequest [ REQUEST id=10756, [ Capabilities: INTERNET&NOT_RESTRICTED&TRUSTED&NOT_VCN_MANAGED Uid: 10010 RequestorUid: 10010 RequestorPkg: com.chrome.canary UnderlyingNetworks: Null] ]
11-26 23:28:12.382  1795  2424 D MultiInternetWifiNetworkFactory: got request NetworkRequest [ REQUEST id=10756, [ Capabilities: INTERNET&NOT_RESTRICTED&TRUSTED&NOT_VCN_MANAGED Uid: 10010 RequestorUid: 10010 RequestorPkg: com.chrome.canary UnderlyingNetworks: Null] ]
11-26 23:28:12.382  1795  2432 D ConnectivityService: NetReassign [10756 : null  100] [c 0] [a 1] [i 4]
11-26 23:28:12.386 11432 11432 I LoadedApk: No resource references to update in package com.google.android.trichromelibrary.canary
11-26 23:28:12.387 11432 11432 D NetworkSecurityConfig: Using Network Security Config from resource 0_resource_name_obfuscated debugBuild: false
11-26 23:28:12.387  1795  2432 D ConnectivityService: NetReassign [no changes] [c 0] [a 0] [i 4]
11-26 23:28:12.389 11432 11432 D NetworkSecurityConfig: Using Network Security Config from resource 0_resource_name_obfuscated debugBuild: false
11-26 23:28:12.390  1011  1189 I ASH     : @ 384544.561: tcs3701: stop power rail pending_off timer
11-26 23:28:12.390  1011  1189 D ASH     : @ 384544.561: tcs3701: start power rail timer, state:3
11-26 23:28:12.391 11432 11432 I cr_SplitCompatApp: Launched version=121.0.6145.0 minSdkVersion=29 isBundle=true processName=com.chrome.canary:sandboxed_process0:org.chromium.content.app.SandboxedProcessService0:0 isIsolated=true
11-26 23:28:12.398 11432 11432 W SystemServiceRegistry: No service published for: uimode
11-26 23:28:12.403  1383  1442 I adbd    : jdwp connection from 11442
11-26 23:28:12.406 11432 11432 I cr_ChildProcessService: Creating new ChildProcessService pid=11432
11-26 23:28:12.430  1011  1189 I ASH     : @ 384544.601: tcs3701: stop power rail pending_off timer
11-26 23:28:12.430  1011  1189 D ASH     : @ 384544.601: tcs3701: start power rail timer, state:3
11-26 23:28:12.450 11442 11442 I ActivityThread: Relaunch all activities: onCoreSettingsChange
11-26 23:28:12.450 11442 11442 D CompatibilityChangeReporter: Compat change id reported: 171979766; UID 10010; state: ENABLED
11-26 23:28:12.455 11442 11442 W ziparchive: Unable to open '/data/app/~~xK2KNYhs7Vn18sxJkcMggA==/com.google.android.trichromelibrary.canary_614500033-17M9CAQF6V59_-2q0N8dYA==/base.dm': No such file or directory
11-26 23:28:12.455 11442 11442 W ziparchive: Unable to open '/data/app/~~xK2KNYhs7Vn18sxJkcMggA==/com.google.android.trichromelibrary.canary_614500033-17M9CAQF6V59_-2q0N8dYA==/base.dm': No such file or directory
11-26 23:28:12.456 11442 11442 W ileged_process0: Entry not found
11-26 23:28:12.458 11442 11442 D nativeloader: Configuring clns-4 for other apk /data/app/~~xK2KNYhs7Vn18sxJkcMggA==/com.google.android.trichromelibrary.canary_614500033-17M9CAQF6V59_-2q0N8dYA==/base.apk. target_sdk_version=34, uses_libraries=ALL, library_path=/data/app/~~z5-dMYmQLvS-4mWZ9yqnFA==/com.chrome.canary-7Pcck9f8OWCuqG0lIoq4tg==/lib/arm64:/data/app/~~z5-dMYmQLvS-4mWZ9yqnFA==/com.chrome.canary-7Pcck9f8OWCuqG0lIoq4tg==/base.apk!/lib/arm64-v8a:/data/app/~~xK2KNYhs7Vn18sxJkcMggA==/com.google.android.trichromelibrary.canary_614500033-17M9CAQF6V59_-2q0N8dYA==/base.apk!/lib/arm64-v8a, permitted_path=/data:/mnt/expand:/data/user/0/com.chrome.canary
11-26 23:28:12.462 11361 11420 I tflite  : Initialized TensorFlow Lite runtime.
11-26 23:28:12.463 11361 11420 W libc    : Access denied finding property "ro.mediatek.platform"
11-26 23:28:12.463 11361 11420 W libc    : Access denied finding property "ro.chipname"
11-26 23:28:12.463 11361 11420 W libc    : Access denied finding property "ro.hardware.chipname"
11-26 23:28:12.465 11442 11442 D nativeloader: Configuring clns-5 for other apk /data/app/~~z5-dMYmQLvS-4mWZ9yqnFA==/com.chrome.canary-7Pcck9f8OWCuqG0lIoq4tg==/base.apk. target_sdk_version=34, uses_libraries=, library_path=/data/app/~~z5-dMYmQLvS-4mWZ9yqnFA==/com.chrome.canary-7Pcck9f8OWCuqG0lIoq4tg==/lib/arm64:/data/app/~~z5-dMYmQLvS-4mWZ9yqnFA==/com.chrome.canary-7Pcck9f8OWCuqG0lIoq4tg==/base.apk!/lib/arm64-v8a:/data/app/~~xK2KNYhs7Vn18sxJkcMggA==/com.google.android.trichromelibrary.canary_614500033-17M9CAQF6V59_-2q0N8dYA==/base.apk!/lib/arm64-v8a, permitted_path=/data:/mnt/expand:/data/user/0/com.chrome.canary
11-26 23:28:12.470  1011  1189 I ASH     : @ 384544.641: tcs3701: stop power rail pending_off timer
11-26 23:28:12.470  1011  1189 D ASH     : @ 384544.641: tcs3701: start power rail timer, state:3
11-26 23:28:12.475 11361 11422 W chromium: [WARNING:ev_root_ca_metadata.cc(119)] Not implemented
11-26 23:28:12.475 11361 11422 W chromium: [WARNING:ev_root_ca_metadata.cc(119)] Not implemented
11-26 23:28:12.476  1795  3716 D CompatibilityChangeReporter: Compat change id reported: 182734110; UID 10010; state: ENABLED
11-26 23:28:12.477  1795  3716 D CompatibilityChangeReporter: Compat change id reported: 149924527; UID 10010; state: ENABLED
11-26 23:28:12.478  1795  3716 D CompatibilityChangeReporter: Compat change id reported: 132649864; UID 10010; state: DISABLED
11-26 23:28:12.481  1795  2855 D ConnectivityService: requestNetwork for uid/pid:10010/11361 activeRequest: null callbackRequest: 10758 [NetworkRequest [ REQUEST id=10759, [ Capabilities: INTERNET&NOT_RESTRICTED&TRUSTED&NOT_VCN_MANAGED Uid: 10010 RequestorUid: 10010 RequestorPkg: com.chrome.canary UnderlyingNetworks: Null] ]] callback flags: 0 order: 2147483647
11-26 23:28:12.486 11361 11361 I cr_EnterpriseInfoImpl: #setCacheResult() deviceOwned:false profileOwned:false
11-26 23:28:12.487 11361 11361 I cr_EnterpriseInfo: #getManagedStateForNative() FQ0@cd745f7
11-26 23:28:12.487  1795  2424 D WifiNetworkFactory: got request NetworkRequest [ REQUEST id=10759, [ Capabilities: INTERNET&NOT_RESTRICTED&TRUSTED&NOT_VCN_MANAGED Uid: 10010 RequestorUid: 10010 RequestorPkg: com.chrome.canary UnderlyingNetworks: Null] ]
11-26 23:28:12.487 11361 11361 I cr_CombinedPProvider: #registerProvider() provider:qN2@3043c64 isPolicyCacheEnabled:true policyProvidersSize:0
11-26 23:28:12.487 11361 11361 I cr_PolicyProvider: #setManagerAndSource() 0
11-26 23:28:12.487  1795  2424 V WifiNetworkFactory: Accepted network request NetworkRequest [ REQUEST id=10759, [ Capabilities: INTERNET&NOT_RESTRICTED&TRUSTED&NOT_VCN_MANAGED Uid: 10010 RequestorUid: 10010 RequestorPkg: com.chrome.canary UnderlyingNetworks: Null] ]
11-26 23:28:12.487  1795  2424 D UntrustedWifiNetworkFactory: got request NetworkRequest [ REQUEST id=10759, [ Capabilities: INTERNET&NOT_RESTRICTED&TRUSTED&NOT_VCN_MANAGED Uid: 10010 RequestorUid: 10010 RequestorPkg: com.chrome.canary UnderlyingNetworks: Null] ]
11-26 23:28:12.487 11361 11361 I cr_CombinedPProvider: #registerProvider() provider:fj@c8c5ecd isPolicyCacheEnabled:false policyProvidersSize:1
11-26 23:28:12.487 11442 11442 V GraphicsEnvironment: ANGLE Developer option for 'com.chrome.canary' set to: 'default'
11-26 23:28:12.487  1795  2424 D OemPaidWifiNetworkFactory: got request NetworkRequest [ REQUEST id=10759, [ Capabilities: INTERNET&NOT_RESTRICTED&TRUSTED&NOT_VCN_MANAGED Uid: 10010 RequestorUid: 10010 RequestorPkg: com.chrome.canary UnderlyingNetworks: Null] ]
11-26 23:28:12.488  1795  2424 D MultiInternetWifiNetworkFactory: got request NetworkRequest [ REQUEST id=10759, [ Capabilities: INTERNET&NOT_RESTRICTED&TRUSTED&NOT_VCN_MANAGED Uid: 10010 RequestorUid: 10010 RequestorPkg: com.chrome.canary UnderlyingNetworks: Null] ]
11-26 23:28:12.488  1795  2432 D ConnectivityService: NetReassign [10759 : null  100] [c 0] [a 2] [i 4]
11-26 23:28:12.488 11442 11442 V GraphicsEnvironment: ANGLE GameManagerService for com.chrome.canary: false
11-26 23:28:12.488 11442 11442 V GraphicsEnvironment: Updatable production driver is not supported on the device.
11-26 23:28:12.488 11361 11361 I cr_PolicyProvider: #setManagerAndSource() 1
11-26 23:28:12.489 11361 11361 I cr_AppResProvider: #getApplicationRestrictionsFromUserManager() Bundle[EMPTY_PARCEL]
11-26 23:28:12.489 11361 11361 I cr_PolicyProvider: #notifySettingsAvailable() 1
11-26 23:28:12.489 11361 11361 I cr_CombinedPProvider: #onSettingsAvailable() 1
11-26 23:28:12.489  1795  1848 I system_server: Background concurrent copying GC freed 2007933(73MB) AllocSpace objects, 1154(24MB) LOS objects, 68% free, 43MB/139MB, paused 288us,546us total 398.360ms
11-26 23:28:12.491 11361 11361 I cr_CompositorSurfaceMgr: Transitioning to surface with format: -1
11-26 23:28:12.492 11442 11442 I LoadedApk: No resource references to update in package com.google.android.trichromelibrary.canary
11-26 23:28:12.492 11442 11442 D NetworkSecurityConfig: Using Network Security Config from resource 0_resource_name_obfuscated debugBuild: false
11-26 23:28:12.493 11361 11361 I cr_CompositorSurfaceMgr: surfaceCreated format: 0
11-26 23:28:12.493  1795  2432 D ConnectivityService: NetReassign [no changes] [c 0] [a 1] [i 3]
11-26 23:28:12.493 11442 11442 D NetworkSecurityConfig: Using Network Security Config from resource 0_resource_name_obfuscated debugBuild: false
11-26 23:28:12.495 11442 11442 I cr_SplitCompatApp: Launched version=121.0.6145.0 minSdkVersion=29 isBundle=true processName=com.chrome.canary:privileged_process0 isIsolated=false
11-26 23:28:12.496 11361 11361 W m.chrome.canary: Accessing hidden method Landroid/telephony/TelephonyManager;->getSubscriberInfoService()Lcom/android/internal/telephony/IPhoneSubInfo; (blocked, reflection, denied)
11-26 23:28:12.496 11361 11361 W m.chrome.canary: Accessing hidden method Landroid/telephony/TelephonyManager;->getSubscriberInfoService()Lcom/android/internal/telephony/IPhoneSubInfo; (blocked, reflection, denied)
11-26 23:28:12.496 11361 11361 W m.chrome.canary: Accessing hidden method Landroid/telephony/TelephonyManager;->getSubscriptionService()Lcom/android/internal/telephony/ISub; (blocked, reflection, denied)
11-26 23:28:12.496 11361 11361 W m.chrome.canary: Accessing hidden method Landroid/telephony/TelephonyManager;->getSubscriptionService()Lcom/android/internal/telephony/ISub; (blocked, reflection, denied)
11-26 23:28:12.497 11361 11361 W m.chrome.canary: Accessing hidden method Landroid/telephony/TelephonyManager;->getSmsService()Lcom/android/internal/telephony/ISms; (blocked, reflection, denied)
11-26 23:28:12.497 11361 11361 W m.chrome.canary: Accessing hidden method Landroid/telephony/TelephonyManager;->getSmsService()Lcom/android/internal/telephony/ISms; (blocked, reflection, denied)
11-26 23:28:12.497 11361 11361 W m.chrome.canary: Accessing hidden method Landroid/telephony/TelephonyManager;->getITelephony()Lcom/android/internal/telephony/ITelephony; (max-target-p, reflection, denied)
11-26 23:28:12.497 11361 11361 W m.chrome.canary: Accessing hidden method Landroid/telephony/TelephonyManager;->getITelephony()Lcom/android/internal/telephony/ITelephony; (max-target-p, reflection, denied)
11-26 23:28:12.504 11442 11442 I cr_ChildProcessService: Creating new ChildProcessService pid=11442
11-26 23:28:12.505 11361 11361 I cr_ChromeTabbedActivity: #initializeState
11-26 23:28:12.510  1011  1189 I ASH     : @ 384544.681: tcs3701: stop power rail pending_off timer
11-26 23:28:12.510  1011  1189 D ASH     : @ 384544.681: tcs3701: start power rail timer, state:3
11-26 23:28:12.512 11442 11474 E cr_ChromiumAndroidLinker: ReserveAddressWithHint: Address range starting at 0x6fec04f000 was not free to use
11-26 23:28:12.512 11442 11474 I cr_LibraryLoader: Loading monochrome_64 from within /data/app/~~z5-dMYmQLvS-4mWZ9yqnFA==/com.chrome.canary-7Pcck9f8OWCuqG0lIoq4tg==/base.apk
11-26 23:28:12.513 11442 11474 I cr_Linker: loadLibraryImplLocked: monochrome_64, relroMode=2
11-26 23:28:12.519 11442 11474 E cr_ChromiumAndroidLinker: RelroIsIdentical: Incoming RELRO size does not match RELRO of the loaded library
11-26 23:28:12.519 11442 11474 E cr_ChromiumAndroidLinker: CompareRelroAndReplaceItBy: RELRO is not identical
11-26 23:28:12.521 11442 11474 I cr_LibraryLoader: Successfully loaded native library
11-26 23:28:12.521 11442 11474 I cr_CachingUmaRecorder: Flushed 4 samples from 4 histograms, 0 samples were dropped.
11-26 23:28:12.530 11361 11361 E m.chrome.canary: Invalid ID 0x00000000.
11-26 23:28:12.540 26741 26741 D BoundBrokerSvc: onBind: Intent { act=com.google.android.gms.languageprofile.service.START pkg=com.google.android.gms }
11-26 23:28:12.540 26741 26741 D BoundBrokerSvc: Loading bound service for intent: Intent { act=com.google.android.gms.languageprofile.service.START pkg=com.google.android.gms }
11-26 23:28:12.541 26741 26741 E AbstractGmsTracer: Traced class shouldn't be obfuscated: LanguageProfileChimeraService [CONTEXT service_id=259 ]
11-26 23:28:12.545 11442 11474 I AdrenoGLES-0: QUALCOMM build                   : 4783c89, I46ff5fc46f
11-26 23:28:12.545 11442 11474 I AdrenoGLES-0: Build Date                       : 11/30/20
11-26 23:28:12.545 11442 11474 I AdrenoGLES-0: OpenGL ES Shader Compiler Version: EV031.31.04.01
11-26 23:28:12.545 11442 11474 I AdrenoGLES-0: Local Branch                     : QPR2
11-26 23:28:12.545 11442 11474 I AdrenoGLES-0: Remote Branch                    : 
11-26 23:28:12.545 11442 11474 I AdrenoGLES-0: Remote Branch                    : 
11-26 23:28:12.545 11442 11474 I AdrenoGLES-0: Reconstruct Branch               : 
11-26 23:28:12.545 11442 11474 I AdrenoGLES-0: Build Config                     : S P 10.0.4 AArch64
11-26 23:28:12.545 11442 11474 I AdrenoGLES-0: Driver Path                      : /vendor/lib64/egl/libGLESv2_adreno.so
11-26 23:28:12.548 26741 26741 E AbstractGmsTracer: Traced class shouldn't be obfuscated: GmsIntentOperationChimeraService [CONTEXT service_id=259 ]
11-26 23:28:12.550  1011  1189 I ASH     : @ 384544.721: tcs3701: stop power rail pending_off timer
11-26 23:28:12.550  1011  1189 D ASH     : @ 384544.721: tcs3701: start power rail timer, state:3
11-26 23:28:12.550 11442 11474 I AdrenoGLES-0: PFP: 0x016dd093, ME: 0x00000000
11-26 23:28:12.551 11442 11474 W AdrenoUtils: <ReadGpuID_from_sysfs:197>: Failed to open /sys/class/kgsl/kgsl-3d0/gpu_model
11-26 23:28:12.552 11442 11474 W AdrenoUtils: <ReadGpuID:221>: Failed to read chip ID from gpu_model. Fallback to use the GSL path
11-26 23:28:12.560 26741 11476 E AbstractGmsTracer: Traced class shouldn't be obfuscated: AccountsChangedIntentOperation [CONTEXT service_id=259 ]
11-26 23:28:12.570 11361 11361 V MediaRouter: Selecting route: RouteInfo{ name=Phone, description=null, status=null, category=RouteCategory{ name=System types=ROUTE_TYPE_LIVE_AUDIO ROUTE_TYPE_LIVE_VIDEO  groupable=false }, supportedTypes=ROUTE_TYPE_LIVE_AUDIO ROUTE_TYPE_LIVE_VIDEO , presentationDisplay=null }
11-26 23:28:12.570 11361 11361 I MediaRouter: Skip setBluetoothA2dpOn(): types=8388615, isPlaybackActive()=false, BT route=null
11-26 23:28:12.571 11361 11361 W m.chrome.canary: Accessing hidden field Landroid/media/MediaRouter;->sStatic:Landroid/media/MediaRouter$Static; (max-target-o, reflection, denied)
11-26 23:28:12.572 11361 11361 I GlobalMediaRouter: Found default route: MediaRouter.RouteInfo{ uniqueId=DEFAULT_ROUTE, name=Phone, description=null, iconUri=null, enabled=true, isSystemRoute=true, connectionState=0, canDisconnect=false, playbackType=0, playbackStream=3, deviceType=0, volumeHandling=1, volume=0, volumeMax=25, presentationDisplayId=-1, extras=null, settingsIntent=null, providerPackageName=android }
11-26 23:28:12.572 11442 11474 D vulkan  : searching for layers in '/data/app/~~z5-dMYmQLvS-4mWZ9yqnFA==/com.chrome.canary-7Pcck9f8OWCuqG0lIoq4tg==/lib/arm64'
11-26 23:28:12.572 11361 11361 I GlobalMediaRouter: Unselecting the current route because it is no longer selectable: null
11-26 23:28:12.573 11442 11474 D vulkan  : searching for layers in '/data/app/~~z5-dMYmQLvS-4mWZ9yqnFA==/com.chrome.canary-7Pcck9f8OWCuqG0lIoq4tg==/base.apk!/lib/arm64-v8a'
11-26 23:28:12.573 11442 11474 D vulkan  : searching for layers in '/data/app/~~xK2KNYhs7Vn18sxJkcMggA==/com.google.android.trichromelibrary.canary_614500033-17M9CAQF6V59_-2q0N8dYA==/base.apk!/lib/arm64-v8a'
11-26 23:28:12.575 11442 11474 I AdrenoVK-0: ===== BEGIN DUMP OF OVERRIDDEN SETTINGS =====
11-26 23:28:12.575 11442 11474 I AdrenoVK-0: ===== END DUMP OF OVERRIDDEN SETTINGS =====
11-26 23:28:12.575 11442 11474 I AdrenoVK-0: QUALCOMM build          : 4783c89, I46ff5fc46f
11-26 23:28:12.575 11442 11474 I AdrenoVK-0: Build Date              : 11/30/20
11-26 23:28:12.575 11442 11474 I AdrenoVK-0: Shader Compiler Version : EV031.31.04.01
11-26 23:28:12.575 11442 11474 I AdrenoVK-0: Local Branch            : QPR2
11-26 23:28:12.575 11442 11474 I AdrenoVK-0: Remote Branch           : 
11-26 23:28:12.575 11442 11474 I AdrenoVK-0: Remote Branch           : 
11-26 23:28:12.575 11442 11474 I AdrenoVK-0: Reconstruct Branch      : 
11-26 23:28:12.575 11442 11474 I AdrenoVK-0: Build Config            : S P 10.0.4 AArch64
11-26 23:28:12.575 11442 11474 I AdrenoVK-0: Driver Path             : /vendor/lib64/hw/vulkan.adreno.so
11-26 23:28:12.585 11361 11430 W cr_media: BLUETOOTH_CONNECT permission is missing.
11-26 23:28:12.586 11361 11430 W cr_media: registerBluetoothIntentsIfNeeded: Requires BLUETOOTH permission
11-26 23:28:12.588 11442 11483 W Parcel  : Expecting binder but got null!
11-26 23:28:12.590  1011  1189 I ASH     : @ 384544.761: tcs3701: stop power rail pending_off timer
11-26 23:28:12.590  1011  1189 D ASH     : @ 384544.761: tcs3701: start power rail timer, state:3
11-26 23:28:12.595  1795  2387 W InputManager-JNI: Input channel object 'ab9fb7f Splash Screen com.chrome.canary (client)' was disposed without first being removed with the input manager!
11-26 23:28:12.596 11432 11464 I cr_LibraryLoader: Successfully loaded native library
11-26 23:28:12.598 11432 11464 I cr_CachingUmaRecorder: Flushed 3 samples from 3 histograms, 0 samples were dropped.
11-26 23:28:12.604  3875  3875 I dzhj    : onStop
11-26 23:28:12.607  2940  3994 D OneSearchSuggestProvider: Shut down the binder channel
11-26 23:28:12.610  2940 26453 I s.nexuslauncher: oneway function results for code 2 on binder at 0xb4000070952029a0 will be dropped but finished with status UNKNOWN_TRANSACTION
11-26 23:28:12.613  3657  4441 D ForegroundUtils: Foreground UID status:
11-26 23:28:12.613  3657  4441 D ForegroundUtils: UID: 10010 is in foreground: true
11-26 23:28:12.613  3657  4441 D ForegroundUtils: UID: 10128 is in foreground: true
11-26 23:28:12.613  3657  4441 D ForegroundUtils: UID: 10158 is in foreground: true
11-26 23:28:12.613  3657  4441 D ForegroundUtils: UID: 10189 is in foreground: false
11-26 23:28:12.613  3657  4441 D ForegroundUtils: UID: 10194 is in foreground: true
11-26 23:28:12.613  3657  4441 D ForegroundUtils: UID: 10206 is in foreground: false
11-26 23:28:12.613  3657  4441 D ForegroundUtils: UID: 10233 is in foreground: true
11-26 23:28:12.613  3657  4441 D ForegroundUtils: UID: 10244 is in foreground: false
11-26 23:28:12.614  3657  4441 D ForegroundUtils: UID: 10319 is in foreground: true
11-26 23:28:12.614  3657  4441 D ForegroundUtils: UID: 90000 is in foreground: true
11-26 23:28:12.625  1795  1850 W System  : A resource failed to call release. 
11-26 23:28:12.630  1011  1189 I ASH     : @ 384544.801: tcs3701: stop power rail pending_off timer
11-26 23:28:12.630  1011  1189 D ASH     : @ 384544.801: tcs3701: start power rail timer, state:3
11-26 23:28:12.632  1795  1850 W System  : A resource failed to call release. 
11-26 23:28:12.633  1795  1850 W System  : A resource failed to call close. 
11-26 23:28:12.635 11361 11420 W chromium: [WARNING:ev_root_ca_metadata.cc(119)] Not implemented
11-26 23:28:12.635 11361 11420 W chromium: [WARNING:ev_root_ca_metadata.cc(119)] Not implemented
11-26 23:28:12.638 26741 26741 E AbstractGmsTracer: Traced class shouldn't be obfuscated: LanguageProfileGcmTaskChimeraService [CONTEXT service_id=259 ]
11-26 23:28:12.638 26741 26741 E AbstractGmsTracer: Traced class shouldn't be obfuscated: LanguageProfileGcmTaskChimeraService [CONTEXT service_id=259 ]
11-26 23:28:12.641 26837  5176 I NetworkScheduler.Stats: (REDACTED) Task %s/%s started execution. cause:%s exec_start_elapsed_seconds: %s
11-26 23:28:12.646 26837 26849 I FontLog : (REDACTED) Received query %s, URI %s
11-26 23:28:12.646 26837 26849 I FontLog : (REDACTED) Query [%s] resolved to %s
11-26 23:28:12.647 26837 26849 I FontLog : (REDACTED) Font PFD returned from cache for %s
11-26 23:28:12.647 26837 26849 I FontLog : (REDACTED) Fetch %s end status %s
11-26 23:28:12.648 26837 26849 I FontLog : (REDACTED) Pulling font file for id = %d, cache size = %d
11-26 23:28:12.650 26837 26849 I FontLog : (REDACTED) Received query %s, URI %s
11-26 23:28:12.650 26837 26849 I FontLog : (REDACTED) Query [%s] resolved to %s
11-26 23:28:12.651 26837 26849 I FontLog : (REDACTED) Fetch %s end status %s
11-26 23:28:12.651 26837 26849 I FontLog : (REDACTED) Pulling font file for id = %d, cache size = %d
11-26 23:28:12.653 26837 26849 I FontLog : (REDACTED) Received query %s, URI %s
11-26 23:28:12.653 26837 26849 I FontLog : (REDACTED) Query [%s] resolved to %s
11-26 23:28:12.654 26837 26849 I FontLog : (REDACTED) Font PFD returned from cache for %s
11-26 23:28:12.654 26837 26849 I FontLog : (REDACTED) Fetch %s end status %s
11-26 23:28:12.655 26837 26849 I FontLog : (REDACTED) Pulling font file for id = %d, cache size = %d
11-26 23:28:12.656 26837 26849 I FontLog : (REDACTED) Received query %s, URI %s
11-26 23:28:12.656 26837 26849 I FontLog : (REDACTED) Query [%s] resolved to %s
11-26 23:28:12.657 26837 26849 I FontLog : (REDACTED) Font PFD returned from cache for %s
11-26 23:28:12.657 26837 26849 I FontLog : (REDACTED) Fetch %s end status %s
11-26 23:28:12.658 26837 26849 I FontLog : (REDACTED) Pulling font file for id = %d, cache size = %d
11-26 23:28:12.670  1011  1189 I ASH     : @ 384544.841: tcs3701: stop power rail pending_off timer
11-26 23:28:12.670  1011  1189 D ASH     : @ 384544.841: tcs3701: start power rail timer, state:3
11-26 23:28:12.683 26837 11337 I NetworkScheduler.Stats: (REDACTED) Task %s/%s finished executing. cause:%s result: %s elapsed_millis: %s uptime_millis: %s exec_start_elapsed_seconds: %s
11-26 23:28:12.684 11361 11428 W chromium: [WARNING:ev_root_ca_metadata.cc(119)] Not implemented
11-26 23:28:12.684 11361 11428 W chromium: [WARNING:ev_root_ca_metadata.cc(119)] Not implemented
11-26 23:28:12.689 11361 11422 W chromium: [WARNING:ev_root_ca_metadata.cc(119)] Not implemented
11-26 23:28:12.693  3563 27070 D MediaProvider: Open with FUSE. FilePath: /storage/emulated/0/Download/batterymanager-companion-1.0.0.zip. Uid: 10010. Media Capabilities Uid: 0. ShouldRedact: false. ShouldTranscode: false
11-26 23:28:12.703  3563 27070 D MediaProvider: Open with FUSE. FilePath: /storage/emulated/0/Download/com.example.batterymanager_utility (1).apk. Uid: 10010. Media Capabilities Uid: 0. ShouldRedact: false. ShouldTranscode: false
11-26 23:28:12.710  1011  1189 I ASH     : @ 384544.881: tcs3701: stop power rail pending_off timer
11-26 23:28:12.710  1011  1189 D ASH     : @ 384544.881: tcs3701: start power rail timer, state:3
11-26 23:28:12.716  3563 27070 D MediaProvider: Open with FUSE. FilePath: /storage/emulated/0/Download/com.example.batterymanager_utility.apk. Uid: 10010. Media Capabilities Uid: 0. ShouldRedact: false. ShouldTranscode: false
11-26 23:28:12.719 11442 11485 I AdrenoVK-0: QUALCOMM build          : 4783c89, I46ff5fc46f
11-26 23:28:12.719 11442 11485 I AdrenoVK-0: Build Date              : 11/30/20
11-26 23:28:12.719 11442 11485 I AdrenoVK-0: Shader Compiler Version : EV031.31.04.01
11-26 23:28:12.719 11442 11485 I AdrenoVK-0: Local Branch            : QPR2
11-26 23:28:12.719 11442 11485 I AdrenoVK-0: Remote Branch           : 
11-26 23:28:12.719 11442 11485 I AdrenoVK-0: Remote Branch           : 
11-26 23:28:12.719 11442 11485 I AdrenoVK-0: Reconstruct Branch      : 
11-26 23:28:12.719 11442 11485 I AdrenoVK-0: Build Config            : S P 10.0.4 AArch64
11-26 23:28:12.719 11442 11485 I AdrenoVK-0: Driver Path             : /vendor/lib64/hw/vulkan.adreno.so
11-26 23:28:12.720 11432 11464 I tflite  : Initialized TensorFlow Lite runtime.
11-26 23:28:12.721 11432 11464 W libc    : Access denied finding property "ro.mediatek.platform"
11-26 23:28:12.721 11432 11464 W libc    : Access denied finding property "ro.chipname"
11-26 23:28:12.721 11432 11464 W libc    : Access denied finding property "ro.hardware.chipname"
11-26 23:28:12.727 11442 11499 W VideoCapabilities: Unrecognized level 1879048707 for video/x-vnd.on2.vp8
11-26 23:28:12.727 11442 11499 W VideoCapabilities: Unrecognized profile 1879048704 for video/x-vnd.on2.vp8
11-26 23:28:12.727 11442 11499 W VideoCapabilities: Unrecognized level 1879048707 for video/x-vnd.on2.vp8
11-26 23:28:12.727 11442 11499 W VideoCapabilities: Unrecognized profile 1879048704 for video/x-vnd.on2.vp8
11-26 23:28:12.728 11442 11499 W VideoCapabilities: Unsupported mime image/vnd.android.heic
11-26 23:28:12.728 11442 11499 W VideoCapabilities: Unrecognized level 1879048707 for video/x-vnd.on2.vp8
11-26 23:28:12.729 11442 11499 W VideoCapabilities: Unrecognized profile 1879048704 for video/x-vnd.on2.vp8
11-26 23:28:12.729 11442 11499 W VideoCapabilities: Unrecognized level 1879048707 for video/x-vnd.on2.vp8
11-26 23:28:12.729 11442 11499 W VideoCapabilities: Unrecognized profile 1879048704 for video/x-vnd.on2.vp8
11-26 23:28:12.732 11442 11499 W cr_VAUtil: Unknown profile: 1879048704 for codec video/x-vnd.on2.vp8
11-26 23:28:12.750  1011  1189 I ASH     : @ 384544.921: tcs3701: stop power rail pending_off timer
11-26 23:28:12.750  1011  1189 D ASH     : @ 384544.921: tcs3701: start power rail timer, state:3
11-26 23:28:12.762 11361 11361 D CompatibilityChangeReporter: Compat change id reported: 171228096; UID 10010; state: ENABLED
11-26 23:28:12.770   595   595 I servicemanager: Could not find android.hardware.graphics.allocator.IAllocator/default in the VINTF manifest.
11-26 23:28:12.790  1011  1189 I ASH     : @ 384544.961: tcs3701: stop power rail pending_off timer
11-26 23:28:12.790  1011  1189 D ASH     : @ 384544.961: tcs3701: start power rail timer, state:3
11-26 23:28:12.805 11361 11422 I tflite  : Initialized TensorFlow Lite runtime.
11-26 23:28:12.806 11361 11422 W libc    : Access denied finding property "ro.mediatek.platform"
11-26 23:28:12.806 11361 11422 W libc    : Access denied finding property "ro.chipname"
11-26 23:28:12.806 11361 11422 W libc    : Access denied finding property "ro.hardware.chipname"
11-26 23:28:12.810 11361 11361 I cr_OfflineIndicator: onConnectionTypeChanged 2
11-26 23:28:12.812 11361 11361 I cr_OfflineIndicator: Reported by system: [ Transports: WIFI Capabilities: NOT_METERED&INTERNET&NOT_RESTRICTED&TRUSTED&NOT_VPN&VALIDATED&NOT_ROAMING&FOREGROUND&NOT_CONGESTED&NOT_SUSPENDED&NOT_VCN_MANAGED LinkUpBandwidth>=4532Kbps LinkDnBandwidth>=58426Kbps TransportInfo: <SSID: <unknown ssid>, BSSID: 02:00:00:00:00:00, MAC: 02:00:00:00:00:00, IP: /192.168.1.104, Security type: 2, Supplicant state: COMPLETED, Wi-Fi standard: 5, RSSI: -48, Link speed: 400Mbps, Tx Link speed: 400Mbps, Max Supported Tx Link speed: 866Mbps, Rx Link speed: 6Mbps, Max Supported Rx Link speed: 866Mbps, Frequency: 5240MHz, Net ID: -1, Metered hint: false, score: 60, isUsable: true, CarrierMerged: false, SubscriptionId: -1, IsPrimary: -1, Trusted: true, Restricted: false, Ephemeral: false, OEM paid: false, OEM private: false, OSU AP: false, FQDN: <none>, Provider friendly name: <none>, Requesting package name: <none><none>MLO Information: , Is TID-To-Link negotiation supported by the AP: false, AP MLD Address: <none>, AP MLO Link Id: <none>, AP MLO Affiliated links: <none>> SignalStrength: -48 UnderlyingNetworks: Null]
11-26 23:28:12.812 11361 11361 I cr_OfflineIndicator: setConnectionState connectionState=4
11-26 23:28:12.812 11361 11361 W Settings: Setting airplane_mode_on has moved from android.provider.Settings.System to android.provider.Settings.Global, returning read-only value.
11-26 23:28:12.813 11361 11361 I cr_OfflineDetector: Received connection change state message. mConnectivityDetectorInitialized: true, mTimeWhenLastForegrounded: 384541624, getElapsedTime: 384541627, mTimeWhenLastOfflineNotificationReceived: 0, mTimeWhenLastOnline: 384541627, mTimeWhenAirplaneModeToggledOff: 0 mApplicationState: 1, mIsOfflineLastReportedByConnectivityDetector: false, mInAirplaneMode: false mIsEffectivelyOffline: false
11-26 23:28:12.813 11361 11361 I cr_OfflineDetector: onConnectionStateChanged(): previousLastReportedStateByOfflineDetector: false
11-26 23:28:12.813 11361 11361 I cr_OfflineDetector: Running updateState mConnectivityDetectorInitialized: true, mTimeWhenLastForegrounded: 384541624, getElapsedTime: 384541628, mTimeWhenLastOfflineNotificationReceived: 0, mTimeWhenLastOnline: 384541627, mTimeWhenAirplaneModeToggledOff: 0 mApplicationState: 1, mIsOfflineLastReportedByConnectivityDetector: false, mInAirplaneMode: false mIsEffectivelyOffline: false
11-26 23:28:12.813 11361 11361 I cr_OfflineDetector: updateState(): timeSinceLastForeground: 4, timeSinceOfflineNotificationReceived: 384541628, timeSinceLastOnline: 1, timeNeededForForeground: 1996, timeNeededForOffline: -384539628 timeSinceAirplaneModeToggledOff: 384541628 timeNeededAfterConnectionChangeFromOnlineToOffline: 9999 timeNeededAfterConnectionChangeFromAirplaneToOffline: 0
11-26 23:28:12.813 11361 11361 I cr_OfflineDetector: Running mUpdateOfflineStatusIndicatorDelayedRunnable start. mConnectivityDetectorInitialized: true, mTimeWhenLastForegrounded: 384541624, getElapsedTime: 384541628, mTimeWhenLastOfflineNotificationReceived: 0, mTimeWhenLastOnline: 384541627, mTimeWhenAirplaneModeToggledOff: 0 mApplicationState: 1, mIsOfflineLastReportedByConnectivityDetector: false, mInAirplaneMode: false mIsEffectivelyOffline: false
11-26 23:28:12.813 11361 11361 I cr_OfflineDetector: Running mUpdateOfflineStatusIndicatorDelayedRunnable end. mConnectivityDetectorInitialized: true, mTimeWhenLastForegrounded: 384541624, getElapsedTime: 384541628, mTimeWhenLastOfflineNotificationReceived: 0, mTimeWhenLastOnline: 384541627, mTimeWhenAirplaneModeToggledOff: 0 mApplicationState: 1, mIsOfflineLastReportedByConnectivityDetector: false, mInAirplaneMode: false mIsEffectivelyOffline: false
11-26 23:28:12.813 11361 11361 I cr_OfflineIndicator: processConnectivityCheckResult mConnectionState=4 mConnectivityCheckingStage=1
11-26 23:28:12.830  1011  1189 I ASH     : @ 384545.001: tcs3701: stop power rail pending_off timer
11-26 23:28:12.830  1011  1189 D ASH     : @ 384545.001: tcs3701: start power rail timer, state:3
11-26 23:28:12.843 11361 11420 W chromium: [WARNING:ev_root_ca_metadata.cc(119)] Not implemented
11-26 23:28:12.857 11361 11420 W chromium: [WARNING:ev_root_ca_metadata.cc(119)] Not implemented
11-26 23:28:12.857 11361 11420 W chromium: [WARNING:ev_root_ca_metadata.cc(119)] Not implemented
11-26 23:28:12.857 11361 11421 W chromium: [WARNING:ev_root_ca_metadata.cc(119)] Not implemented
11-26 23:28:12.857 11361 11421 W chromium: [WARNING:ev_root_ca_metadata.cc(119)] Not implemented
11-26 23:28:12.862 11361 11420 W chromium: [WARNING:ev_root_ca_metadata.cc(119)] Not implemented
11-26 23:28:12.867  1795  2387 D ConnectivityService: requestNetwork for uid/pid:10010/11361 activeRequest: null callbackRequest: 10761 [NetworkRequest [ REQUEST id=10762, [ Capabilities: INTERNET&NOT_RESTRICTED&TRUSTED&NOT_VCN_MANAGED Uid: 10010 RequestorUid: 10010 RequestorPkg: com.chrome.canary UnderlyingNetworks: Null] ]] callback flags: 0 order: 2147483647
11-26 23:28:12.870  1795  2424 D WifiNetworkFactory: got request NetworkRequest [ REQUEST id=10762, [ Capabilities: INTERNET&NOT_RESTRICTED&TRUSTED&NOT_VCN_MANAGED Uid: 10010 RequestorUid: 10010 RequestorPkg: com.chrome.canary UnderlyingNetworks: Null] ]
11-26 23:28:12.870  1011  1189 I ASH     : @ 384545.041: tcs3701: stop power rail pending_off timer
11-26 23:28:12.870  1011  1189 D ASH     : @ 384545.041: tcs3701: start power rail timer, state:3
11-26 23:28:12.870  1795  2424 V WifiNetworkFactory: Accepted network request NetworkRequest [ REQUEST id=10762, [ Capabilities: INTERNET&NOT_RESTRICTED&TRUSTED&NOT_VCN_MANAGED Uid: 10010 RequestorUid: 10010 RequestorPkg: com.chrome.canary UnderlyingNetworks: Null] ]
11-26 23:28:12.870  1795  2424 D UntrustedWifiNetworkFactory: got request NetworkRequest [ REQUEST id=10762, [ Capabilities: INTERNET&NOT_RESTRICTED&TRUSTED&NOT_VCN_MANAGED Uid: 10010 RequestorUid: 10010 RequestorPkg: com.chrome.canary UnderlyingNetworks: Null] ]
11-26 23:28:12.870  1795  2424 D OemPaidWifiNetworkFactory: got request NetworkRequest [ REQUEST id=10762, [ Capabilities: INTERNET&NOT_RESTRICTED&TRUSTED&NOT_VCN_MANAGED Uid: 10010 RequestorUid: 10010 RequestorPkg: com.chrome.canary UnderlyingNetworks: Null] ]
11-26 23:28:12.871  1795  2424 D MultiInternetWifiNetworkFactory: got request NetworkRequest [ REQUEST id=10762, [ Capabilities: INTERNET&NOT_RESTRICTED&TRUSTED&NOT_VCN_MANAGED Uid: 10010 RequestorUid: 10010 RequestorPkg: com.chrome.canary UnderlyingNetworks: Null] ]
11-26 23:28:12.871  1795  2432 D ConnectivityService: NetReassign [10762 : null  100] [c 0] [a 1] [i 2]
11-26 23:28:12.871  3563 27070 D MediaProvider: Open with FUSE. FilePath: /storage/emulated/0/Download/batterymanager-companion-1.0.0.zip. Uid: 10010. Media Capabilities Uid: 0. ShouldRedact: false. ShouldTranscode: false
11-26 23:28:12.874  1795  2432 D ConnectivityService: NetReassign [no changes] [c 0] [a 0] [i 3]
11-26 23:28:12.876  3563 27070 D MediaProvider: Open with FUSE. FilePath: /storage/emulated/0/Download/com.example.batterymanager_utility (1).apk. Uid: 10010. Media Capabilities Uid: 0. ShouldRedact: false. ShouldTranscode: false
11-26 23:28:12.885 11361 11361 I cr_InactivityTracker: Last background time read from the SharedPreference is:-1.
11-26 23:28:12.886  3563 27070 D MediaProvider: Open with FUSE. FilePath: /storage/emulated/0/Download/com.example.batterymanager_utility.apk. Uid: 10010. Media Capabilities Uid: 0. ShouldRedact: false. ShouldTranscode: false
11-26 23:28:12.887 11361 11361 I cr_VideoPersist: Exited picture in picture with reason: 0
11-26 23:28:12.888 11361 11361 I cr_InactivityTracker: Last visible time read from the SharedPreference is:1701037389402.
11-26 23:28:12.910  1011  1189 I ASH     : @ 384545.081: tcs3701: stop power rail pending_off timer
11-26 23:28:12.910  1011  1189 D ASH     : @ 384545.081: tcs3701: start power rail timer, state:3
11-26 23:28:12.910 11361 11361 I cr_PwaRestore: Not showing PWA Restore promo, feature flag is disabled
11-26 23:28:12.918 11361 11361 I cr_InactivityTracker: Last visible time read from the SharedPreference is:1701037692888.
11-26 23:28:12.919 11361 11422 W chromium: [WARNING:ev_root_ca_metadata.cc(119)] Not implemented
11-26 23:28:12.926 11361 11422 W chromium: [WARNING:ev_root_ca_metadata.cc(119)] Not implemented
11-26 23:28:12.926 11361 11428 W chromium: [WARNING:ev_root_ca_metadata.cc(119)] Not implemented
11-26 23:28:12.926 11361 11421 W chromium: [WARNING:ev_root_ca_metadata.cc(119)] Not implemented
11-26 23:28:12.926 11361 11422 W chromium: [WARNING:ev_root_ca_metadata.cc(119)] Not implemented
11-26 23:28:12.950  1011  1189 I ASH     : @ 384545.121: tcs3701: stop power rail pending_off timer
11-26 23:28:12.950  1011  1189 D ASH     : @ 384545.121: tcs3701: start power rail timer, state:3
11-26 23:28:12.989 11361 11420 W chromium: [WARNING:ev_root_ca_metadata.cc(119)] Not implemented
11-26 23:28:12.989 11361 11420 W chromium: [WARNING:ev_root_ca_metadata.cc(119)] Not implemented
11-26 23:28:12.990  1011  1189 I ASH     : @ 384545.161: tcs3701: stop power rail pending_off timer
11-26 23:28:12.990  1011  1189 D ASH     : @ 384545.161: tcs3701: start power rail timer, state:3
11-26 23:28:13.001 11361 11361 I Choreographer: Skipped 70 frames!  The application may be doing too much work on its main thread.
11-26 23:28:13.026 11361 11471 I OpenGLRenderer: Davey! duration=795ms; Flags=0, FrameTimelineVsyncId=199971657, IntendedVsync=366714879833805, Vsync=366715659611125, InputEventId=0, HandleInputStart=366715662212756, AnimationStart=366715662214579, PerformTraversalsStart=366715662604579, DrawStart=366715668048486, FrameDeadline=366714907413403, FrameInterval=366715662160308, FrameStartTime=11139676, SyncQueued=366715669211663, SyncStart=366715669304996, IssueDrawCommandsStart=366715669935674, SwapBuffers=366715673278434, FrameCompleted=366715675746507, DequeueBufferDuration=86823, QueueBufferDuration=462396, GpuCompleted=366715675746507, SwapBuffersCompleted=366715674449893, DisplayPresentTime=0, CommandSubmissionCompleted=366715673278434, 
11-26 23:28:13.030  1011  1189 I ASH     : @ 384545.201: tcs3701: stop power rail pending_off timer
11-26 23:28:13.030  1011  1189 D ASH     : @ 384545.201: tcs3701: start power rail timer, state:3
11-26 23:28:13.032 11361 11421 W chromium: [WARNING:ev_root_ca_metadata.cc(119)] Not implemented
11-26 23:28:13.053 11361 11361 I cr_PolicyProvider: #notifySettingsAvailable() 0
11-26 23:28:13.053 11361 11361 I cr_CombinedPProvider: #onSettingsAvailable() 0
11-26 23:28:13.053 11361 11361 I cr_CombinedPProvider: #flushPolicies()
11-26 23:28:13.053 11361 11361 I cr_PolicyService: #onPolicyServiceInitialized()
11-26 23:28:13.054 11361 11361 I cr_PolicyProvider: #notifySettingsAvailable() 0
11-26 23:28:13.054 11361 11361 I cr_CombinedPProvider: #onSettingsAvailable() 0
11-26 23:28:13.054 11361 11361 I cr_CombinedPProvider: #flushPolicies()
11-26 23:28:13.070  1011  1189 I ASH     : @ 384545.241: tcs3701: stop power rail pending_off timer
11-26 23:28:13.070  1011  1189 D ASH     : @ 384545.241: tcs3701: start power rail timer, state:3
11-26 23:28:13.082 11361 11361 V MediaRouter: Selecting route: RouteInfo{ name=Phone, description=null, status=null, category=RouteCategory{ name=System types=ROUTE_TYPE_LIVE_AUDIO ROUTE_TYPE_LIVE_VIDEO  groupable=false }, supportedTypes=ROUTE_TYPE_LIVE_AUDIO ROUTE_TYPE_LIVE_VIDEO , presentationDisplay=null }
11-26 23:28:13.110  1011  1189 I ASH     : @ 384545.281: tcs3701: stop power rail pending_off timer
11-26 23:28:13.110  1011  1189 D ASH     : @ 384545.281: tcs3701: start power rail timer, state:3
11-26 23:28:13.150  1011  1189 I ASH     : @ 384545.321: tcs3701: stop power rail pending_off timer
11-26 23:28:13.150  1011  1189 D ASH     : @ 384545.321: tcs3701: start power rail timer, state:3
11-26 23:28:13.173  1795  4158 D ActivityManager: freezer override set to true
11-26 23:28:13.190  1011  1189 I ASH     : @ 384545.361: tcs3701: stop power rail pending_off timer
11-26 23:28:13.190  1011  1189 D ASH     : @ 384545.361: tcs3701: start power rail timer, state:3
11-26 23:28:13.230  1011  1189 I ASH     : @ 384545.401: tcs3701: stop power rail pending_off timer
11-26 23:28:13.230  1011  1189 D ASH     : @ 384545.401: tcs3701: start power rail timer, state:3
11-26 23:28:13.249  1795  2387 D CompatibilityChangeReporter: Compat change id reported: 214016041; UID 10010; state: ENABLED
11-26 23:28:13.251  3375  3375 I GoogleInputMethodService: GoogleInputMethodService.onFinishInput():3154 
11-26 23:28:13.252  3375  3375 I GoogleInputMethodService: GoogleInputMethodService.updateDeviceLockedStatus():2088 repeatCheckTimes = 0, locked = false
11-26 23:28:13.253  3375  3375 I GoogleInputMethodService: GoogleInputMethodService.onStartInput():1883 onStartInput(EditorInfo{EditorInfo{packageName=com.chrome.canary, inputType=0, inputTypeString=NULL, enableLearning=false, autoCorrection=false, autoComplete=false, imeOptions=12000000, privateImeOptions=null, actionName=UNSPECIFIED, actionLabel=null, initialSelStart=-1, initialSelEnd=-1, initialCapsMode=0, label=null, fieldId=-1, fieldName=null, extras=null, hintText=null, hintLocales=[]}}, false)
11-26 23:28:13.254  3375  3375 I GoogleInputMethodService: GoogleInputMethodService.updateDeviceLockedStatus():2088 repeatCheckTimes = 1, locked = false
11-26 23:28:13.270  1011  1189 I ASH     : @ 384545.441: tcs3701: stop power rail pending_off timer
11-26 23:28:13.270  1011  1189 D ASH     : @ 384545.441: tcs3701: start power rail timer, state:3
11-26 23:28:13.310  1011  1189 I ASH     : @ 384545.481: tcs3701: stop power rail pending_off timer
11-26 23:28:13.310  1011  1189 D ASH     : @ 384545.481: tcs3701: start power rail timer, state:3
11-26 23:28:13.337  1795  4158 D ActivityManager: freezer override set to false
11-26 23:28:13.350  1011  1189 I ASH     : @ 384545.521: tcs3701: stop power rail pending_off timer
11-26 23:28:13.350  1011  1189 D ASH     : @ 384545.521: tcs3701: start power rail timer, state:3
11-26 23:28:13.390  1011  1189 I ASH     : @ 384545.561: tcs3701: stop power rail pending_off timer
11-26 23:28:13.390  1011  1189 D ASH     : @ 384545.561: tcs3701: start power rail timer, state:3
11-26 23:28:13.415 26837 26849 I Auth    : [RequestTokenOperation] Facet event logged for AUTH_ACCOUNT_BASE_TOKEN_RETURNED [CONTEXT service_id=343 ]
11-26 23:28:13.421 26837 26837 D BoundBrokerSvc: onBind: Intent { act=com.google.android.gms.auth.account.workaccount.START dat=chimera-action:/... cmp=com.google.android.gms/.chimera.PersistentApiService }
11-26 23:28:13.422 26837 26837 D BoundBrokerSvc: Loading bound service for intent: Intent { act=com.google.android.gms.auth.account.workaccount.START dat=chimera-action:/... cmp=com.google.android.gms/.chimera.PersistentApiService }
11-26 23:28:13.423 26837 26837 E AbstractGmsTracer: Traced class shouldn't be obfuscated: WorkAccountApiService [CONTEXT service_id=259 ]
11-26 23:28:13.430  1011  1189 I ASH     : @ 384545.601: tcs3701: stop power rail pending_off timer
11-26 23:28:13.430  1011  1189 D ASH     : @ 384545.601: tcs3701: start power rail timer, state:3
11-26 23:28:13.470  1011  1189 I ASH     : @ 384545.641: tcs3701: stop power rail pending_off timer
11-26 23:28:13.470  1011  1189 D ASH     : @ 384545.641: tcs3701: start power rail timer, state:3
11-26 23:28:13.473 11361 11421 W chromium: [WARNING:ev_root_ca_metadata.cc(119)] Not implemented
11-26 23:28:13.473 11361 11421 W chromium: [WARNING:ev_root_ca_metadata.cc(119)] Not implemented
11-26 23:28:13.510  1011  1189 I ASH     : @ 384545.681: tcs3701: stop power rail pending_off timer
11-26 23:28:13.510  1011  1189 D ASH     : @ 384545.681: tcs3701: start power rail timer, state:3
11-26 23:28:13.550  1011  1189 I ASH     : @ 384545.721: tcs3701: stop power rail pending_off timer
11-26 23:28:13.550  1011  1189 D ASH     : @ 384545.721: tcs3701: start power rail timer, state:3
11-26 23:28:13.575  1795  4158 D ActivityManager: freezer override set to true
11-26 23:28:13.590  1011  1189 I ASH     : @ 384545.761: tcs3701: stop power rail pending_off timer
11-26 23:28:13.590  1011  1189 D ASH     : @ 384545.761: tcs3701: start power rail timer, state:3
11-26 23:28:13.630  1011  1189 I ASH     : @ 384545.801: tcs3701: stop power rail pending_off timer
11-26 23:28:13.630  1011  1189 D ASH     : @ 384545.801: tcs3701: start power rail timer, state:3
11-26 23:28:13.656 11361 11421 W chromium: [WARNING:ev_root_ca_metadata.cc(119)] Not implemented
11-26 23:28:13.656 11361 11421 W chromium: [WARNING:ev_root_ca_metadata.cc(119)] Not implemented
11-26 23:28:13.670  1011  1189 I ASH     : @ 384545.841: tcs3701: stop power rail pending_off timer
11-26 23:28:13.670  1011  1189 D ASH     : @ 384545.841: tcs3701: start power rail timer, state:3
11-26 23:28:13.694 11361 11471 I m.chrome.canary: Explicit concurrent copying GC freed 534033(22MB) AllocSpace objects, 27(924KB) LOS objects, 75% free, 8166KB/31MB, paused 53us,24us total 45.313ms
11-26 23:28:13.697  1795  2120 D CompatibilityChangeReporter: Compat change id reported: 143937733; UID 10010; state: ENABLED
11-26 23:28:13.710  1011  1189 I ASH     : @ 384545.881: tcs3701: stop power rail pending_off timer
11-26 23:28:13.710  1011  1189 D ASH     : @ 384545.881: tcs3701: start power rail timer, state:3
11-26 23:28:13.711 11405 11405 D Zygote  : Forked child process 11543
