11-26 23:46:04.170  8419  8488 I m.chrome.canary: Explicit concurrent copying GC freed 3833(192KB) AllocSpace objects, 4(80KB) LOS objects, 75% free, 14MB/58MB, paused 41us,31us total 103.157ms
11-26 23:46:04.200  1011  1189 I ASH     : @ 385616.371: tcs3701: stop power rail pending_off timer
11-26 23:46:04.200  1011  1189 D ASH     : @ 385616.371: tcs3701: start power rail timer, state:3
11-26 23:46:04.210  8427  8467 I BatteryMgr:DataCollectionService: stats => 1701038764210,11596,4442,2136,4169000,100
11-26 23:46:04.240  1011  1189 I ASH     : @ 385616.411: tcs3701: stop power rail pending_off timer
11-26 23:46:04.240  1011  1189 D ASH     : @ 385616.411: tcs3701: start power rail timer, state:3
11-26 23:46:04.249  1795  3001 D ActivityManager: freezer override set to false
11-26 23:46:04.280  1011  1189 I ASH     : @ 385616.451: tcs3701: stop power rail pending_off timer
11-26 23:46:04.280  1011  1189 D ASH     : @ 385616.451: tcs3701: start power rail timer, state:3
11-26 23:46:04.315  8427  8467 I BatteryMgr:DataCollectionService: stats => 1701038764315,11596,4442,2136,4169000,100
11-26 23:46:04.320  1011  1189 I ASH     : @ 385616.491: tcs3701: stop power rail pending_off timer
11-26 23:46:04.320  1011  1189 D ASH     : @ 385616.491: tcs3701: start power rail timer, state:3
11-26 23:46:04.359  1795  3001 D ActivityManager: freezer override set to true
11-26 23:46:04.360  1011  1189 I ASH     : @ 385616.531: tcs3701: stop power rail pending_off timer
11-26 23:46:04.360  1011  1189 D ASH     : @ 385616.531: tcs3701: start power rail timer, state:3
11-26 23:46:04.375  1795  3001 D ActivityManager: freezer override set to false
11-26 23:46:04.400  1011  1189 I ASH     : @ 385616.571: tcs3701: stop power rail pending_off timer
11-26 23:46:04.400  1011  1189 D ASH     : @ 385616.571: tcs3701: start power rail timer, state:3
11-26 23:46:04.424  8427  8467 I BatteryMgr:DataCollectionService: stats => 1701038764424,11596,4442,2136,4169000,100
11-26 23:46:04.441  1011  1189 I ASH     : @ 385616.611: tcs3701: stop power rail pending_off timer
11-26 23:46:04.441  1011  1189 D ASH     : @ 385616.611: tcs3701: start power rail timer, state:3
11-26 23:46:04.454  1795  3001 D ActivityManager: freezer override set to true
11-26 23:46:04.463  1795  3001 D ActivityManager: freezer override set to false
11-26 23:46:04.480  1011  1189 I ASH     : @ 385616.651: tcs3701: stop power rail pending_off timer
11-26 23:46:04.480  1011  1189 D ASH     : @ 385616.651: tcs3701: start power rail timer, state:3
11-26 23:46:04.521  1011  1189 I ASH     : @ 385616.691: tcs3701: stop power rail pending_off timer
11-26 23:46:04.521  1011  1189 D ASH     : @ 385616.691: tcs3701: start power rail timer, state:3
11-26 23:46:04.524  1795  3001 D ActivityManager: freezer override set to true
11-26 23:46:04.530  1795  3001 D ActivityManager: freezer override set to false
11-26 23:46:04.536  8427  8467 I BatteryMgr:DataCollectionService: stats => 1701038764536,11596,4442,2136,4169000,100
11-26 23:46:04.560  1011  1189 I ASH     : @ 385616.731: tcs3701: stop power rail pending_off timer
11-26 23:46:04.560  1011  1189 D ASH     : @ 385616.731: tcs3701: start power rail timer, state:3
11-26 23:46:04.601  1011  1189 I ASH     : @ 385616.771: tcs3701: stop power rail pending_off timer
11-26 23:46:04.601  1011  1189 D ASH     : @ 385616.771: tcs3701: start power rail timer, state:3
11-26 23:46:04.616  8419  8500 W chromium: [WARNING:ev_root_ca_metadata.cc(119)] Not implemented
11-26 23:46:04.616  8419  8500 W chromium: [WARNING:ev_root_ca_metadata.cc(119)] Not implemented
11-26 23:46:04.634  2113  2118 I pixel-thermal: skin-therm-monitor: 42.721
11-26 23:46:04.635  2113  2118 I pixel-thermal: panel-audio-therm: 42.713
11-26 23:46:04.640  1011  1189 I ASH     : @ 385616.811: tcs3701: stop power rail pending_off timer
11-26 23:46:04.640  1011  1189 D ASH     : @ 385616.811: tcs3701: start power rail timer, state:3
11-26 23:46:04.644  8427  8467 I BatteryMgr:DataCollectionService: stats => 1701038764644,11596,4442,2136,4169000,100
11-26 23:46:04.680  1011  1189 I ASH     : @ 385616.851: tcs3701: stop power rail pending_off timer
11-26 23:46:04.680  1011  1189 D ASH     : @ 385616.851: tcs3701: start power rail timer, state:3
11-26 23:46:04.720  1011  1189 I ASH     : @ 385616.891: tcs3701: stop power rail pending_off timer
11-26 23:46:04.720  1011  1189 D ASH     : @ 385616.891: tcs3701: start power rail timer, state:3
11-26 23:46:04.750  8427  8467 I BatteryMgr:DataCollectionService: stats => 1701038764750,11596,4442,2136,4169000,100
11-26 23:46:04.761  1011  1189 I ASH     : @ 385616.931: tcs3701: stop power rail pending_off timer
11-26 23:46:04.762  1011  1189 D ASH     : @ 385616.931: tcs3701: start power rail timer, state:3
11-26 23:46:04.800  1011  1189 I ASH     : @ 385616.971: tcs3701: stop power rail pending_off timer
11-26 23:46:04.800  1011  1189 D ASH     : @ 385616.971: tcs3701: start power rail timer, state:3
11-26 23:46:04.840  1011  1189 I ASH     : @ 385617.011: tcs3701: stop power rail pending_off timer
11-26 23:46:04.840  1011  1189 D ASH     : @ 385617.011: tcs3701: start power rail timer, state:3
11-26 23:46:04.856  8427  8467 I BatteryMgr:DataCollectionService: stats => 1701038764856,11596,4442,2136,4169000,100
11-26 23:46:04.880  1011  1189 I ASH     : @ 385617.051: tcs3701: stop power rail pending_off timer
11-26 23:46:04.880  1011  1189 D ASH     : @ 385617.051: tcs3701: start power rail timer, state:3
11-26 23:46:04.920  1011  1189 I ASH     : @ 385617.091: tcs3701: stop power rail pending_off timer
11-26 23:46:04.920  1011  1189 D ASH     : @ 385617.091: tcs3701: start power rail timer, state:3
11-26 23:46:04.961  1011  1189 I ASH     : @ 385617.131: tcs3701: stop power rail pending_off timer
11-26 23:46:04.961  1011  1189 D ASH     : @ 385617.131: tcs3701: start power rail timer, state:3
11-26 23:46:04.964  8427  8467 I BatteryMgr:DataCollectionService: stats => 1701038764964,11596,4442,2136,4169000,100
11-26 23:46:05.000  1011  1189 I ASH     : @ 385617.171: tcs3701: stop power rail pending_off timer
11-26 23:46:05.000  1011  1189 D ASH     : @ 385617.171: tcs3701: start power rail timer, state:3
11-26 23:46:05.040  1011  1189 I ASH     : @ 385617.211: tcs3701: stop power rail pending_off timer
11-26 23:46:05.040  1011  1189 D ASH     : @ 385617.211: tcs3701: start power rail timer, state:3
11-26 23:46:05.071  8427  8467 I BatteryMgr:DataCollectionService: stats => 1701038765071,11596,4442,2136,4169000,100
11-26 23:46:05.080  1011  1189 I ASH     : @ 385617.251: tcs3701: stop power rail pending_off timer
11-26 23:46:05.081  1011  1189 D ASH     : @ 385617.251: tcs3701: start power rail timer, state:3
11-26 23:46:05.120  1011  1189 I ASH     : @ 385617.291: tcs3701: stop power rail pending_off timer
11-26 23:46:05.120  1011  1189 D ASH     : @ 385617.291: tcs3701: start power rail timer, state:3
11-26 23:46:05.160  1011  1189 I ASH     : @ 385617.331: tcs3701: stop power rail pending_off timer
11-26 23:46:05.160  1011  1189 D ASH     : @ 385617.331: tcs3701: start power rail timer, state:3
11-26 23:46:05.179  8427  8467 I BatteryMgr:DataCollectionService: stats => 1701038765179,11596,4442,2136,4169000,100
11-26 23:46:05.200  1011  1189 I ASH     : @ 385617.371: tcs3701: stop power rail pending_off timer
11-26 23:46:05.200  1011  1189 D ASH     : @ 385617.371: tcs3701: start power rail timer, state:3
11-26 23:46:05.240  1011  1189 I ASH     : @ 385617.411: tcs3701: stop power rail pending_off timer
11-26 23:46:05.240  1011  1189 D ASH     : @ 385617.411: tcs3701: start power rail timer, state:3
11-26 23:46:05.280  1011  1189 I ASH     : @ 385617.451: tcs3701: stop power rail pending_off timer
11-26 23:46:05.280  1011  1189 D ASH     : @ 385617.451: tcs3701: start power rail timer, state:3
11-26 23:46:05.287  8427  8467 I BatteryMgr:DataCollectionService: stats => 1701038765287,11596,4442,2136,4169000,100
11-26 23:46:05.320  1011  1189 I ASH     : @ 385617.491: tcs3701: stop power rail pending_off timer
11-26 23:46:05.320  1011  1189 D ASH     : @ 385617.491: tcs3701: start power rail timer, state:3
11-26 23:46:05.361  1011  1189 I ASH     : @ 385617.531: tcs3701: stop power rail pending_off timer
11-26 23:46:05.361  1011  1189 D ASH     : @ 385617.531: tcs3701: start power rail timer, state:3
11-26 23:46:05.400  1011  1189 I ASH     : @ 385617.571: tcs3701: stop power rail pending_off timer
11-26 23:46:05.401  1011  1189 D ASH     : @ 385617.571: tcs3701: start power rail timer, state:3
11-26 23:46:05.402  8427  8467 I BatteryMgr:DataCollectionService: stats => 1701038765402,11596,4442,2136,4169000,100
11-26 23:46:05.440  1011  1189 I ASH     : @ 385617.611: tcs3701: stop power rail pending_off timer
11-26 23:46:05.441  1011  1189 D ASH     : @ 385617.611: tcs3701: start power rail timer, state:3
11-26 23:46:05.480  1011  1189 I ASH     : @ 385617.651: tcs3701: stop power rail pending_off timer
11-26 23:46:05.480  1011  1189 D ASH     : @ 385617.651: tcs3701: start power rail timer, state:3
11-26 23:46:05.511  8427  8467 I BatteryMgr:DataCollectionService: stats => 1701038765511,11596,4442,2136,4169000,100
11-26 23:46:05.520  1011  1189 I ASH     : @ 385617.691: tcs3701: stop power rail pending_off timer
11-26 23:46:05.520  1011  1189 D ASH     : @ 385617.691: tcs3701: start power rail timer, state:3
11-26 23:46:05.525  1795  4157 D ActivityManager: freezer override set to true
11-26 23:46:05.528  1795  4157 D ActivityManager: freezer override set to false
11-26 23:46:05.561  1011  1189 I ASH     : @ 385617.731: tcs3701: stop power rail pending_off timer
11-26 23:46:05.561  1011  1189 D ASH     : @ 385617.731: tcs3701: start power rail timer, state:3
11-26 23:46:05.600  1011  1189 I ASH     : @ 385617.771: tcs3701: stop power rail pending_off timer
11-26 23:46:05.600  1011  1189 D ASH     : @ 385617.771: tcs3701: start power rail timer, state:3
11-26 23:46:05.620  1795  2424 D WifiClientModeImpl[13802:wlan0]: updateLinkLayerStatsRssiSpeedFrequencyCapabilities rssi=-48 TxLinkspeed=866 freq=5240 RxLinkSpeed=866
11-26 23:46:05.620  1795  2424 D WifiDataStall: tx tput in kbps: 726289
11-26 23:46:05.620  1795  2424 D WifiDataStall: rx tput in kbps: 764515
11-26 23:46:05.620  1795  2424 V WifiConfigManager: Updating scan detail cache freq=5240 BSSID=f4:6d:2f:12:cc:88 RSSI=-47 for "ourhome"WPA_PSK
11-26 23:46:05.620  1795  2424 D WifiChannelUtilization:  freq: 5240 onTime: 10997887 busyTime: 1016246 onTimeDiff: 1350031 busyTimeDiff: 159760 utilization: 30 utilization t0: 23
11-26 23:46:05.620  1795  2424 D WifiDataStall:  ccaLevel = 30
11-26 23:46:05.620  1795  2424 D WifiDataStall: L2 txTputKbps: 749225, rxTputKbps: 764515, L3 txTputKbps: 46, rxTputKbps: 153, TxTrafficHigh: true, RxTrafficHigh: true, Throughput Sufficient: true
11-26 23:46:05.620  1795  2424 D WifiScoreReport: Wifi scoring disabled - Don't check IP layer
11-26 23:46:05.621  1795  2424 D WifiScoreCard: BSSID update SIGNAL_POLL ID: 1320464697 SSID: "ourhome", BSSID: f4:6d:2f:12:cc:88, MAC: b2:2f:ec:da:4a:0c, IP: /192.168.1.104, Security type: 2, Supplicant state: COMPLETED, Wi-Fi standard: 5, RSSI: -48, Link speed: 866Mbps, Tx Link speed: 866Mbps, Max Supported Tx Link speed: 866Mbps, Rx Link speed: 866Mbps, Max Supported Rx Link speed: 866Mbps, Frequency: 5240MHz, Net ID: 12, Metered hint: false, score: 60, isUsable: true, CarrierMerged: false, SubscriptionId: -1, IsPrimary: 1, Trusted: true, Restricted: false, Ephemeral: false, OEM paid: false, OEM private: false, OSU AP: false, FQDN: <none>, Provider friendly name: <none>, Requesting package name: <none>"ourhome"wpa2-pskMLO Information: , Is TID-To-Link negotiation supported by the AP: false, AP MLD Address: <none>, AP MLO Link Id: <none>, AP MLO Affiliated links: <none>
11-26 23:46:05.621  1795  2424 D WifiScoreCard: txRate: 21 txSpeed: 866
11-26 23:46:05.621  1795  2424 D WifiScoreCard: network update SIGNAL_POLL "ourhome" ID: 1499892569 RSSI -48 txSpeed 866
11-26 23:46:05.621  1795  2424 D WifiClientModeImpl[13802:wlan0]:  ClientModeImpl$L2ConnectedState screen=on 37 0 "ourhome" f4:6d:2f:12:cc:88 rssi=-48 f=5240 sc=60 link=866 tx=20.0, 0.5, 0.0 rx=13.7 bcn=3651212 [on:468 tx:10 rx:3 period:3016] from screen [on:1361906 period:26330907] score=60
11-26 23:46:05.621  2673  3056 V WifiManager: OnWifiUsabilityStatsListener: onWifiUsabilityStats: seqNum=99350
11-26 23:46:05.622  1795  3001 I WifiService: updateWifiUsabilityScore uid=10180 seqNum=99350 score=100 predictionHorizonSec=1441795
11-26 23:46:05.623  1795  2424 D WifiScoreReport: Wifi scoring disabled - Notify that Wifi is usable
11-26 23:46:05.626  1795  2432 D ConnectivityService: NetReassign [no changes] [c 0] [a 0] [i 2]
11-26 23:46:05.630  8427  8467 I BatteryMgr:DataCollectionService: stats => 1701038765630,11596,4442,2136,4169000,100
11-26 23:46:05.640  1011  1189 I ASH     : @ 385617.811: tcs3701: stop power rail pending_off timer
11-26 23:46:05.640  1011  1189 D ASH     : @ 385617.811: tcs3701: start power rail timer, state:3
11-26 23:46:05.681  1011  1189 I ASH     : @ 385617.851: tcs3701: stop power rail pending_off timer
11-26 23:46:05.681  1011  1189 D ASH     : @ 385617.851: tcs3701: start power rail timer, state:3
11-26 23:46:05.720  1011  1189 I ASH     : @ 385617.891: tcs3701: stop power rail pending_off timer
11-26 23:46:05.721  1011  1189 D ASH     : @ 385617.891: tcs3701: start power rail timer, state:3
11-26 23:46:05.723  1795  4157 D ActivityManager: freezer override set to true
11-26 23:46:05.735  8427  8467 I BatteryMgr:DataCollectionService: stats => 1701038765735,11596,4442,2136,4169000,100
11-26 23:46:05.760  1011  1189 I ASH     : @ 385617.931: tcs3701: stop power rail pending_off timer
11-26 23:46:05.760  1011  1189 D ASH     : @ 385617.931: tcs3701: start power rail timer, state:3
11-26 23:46:05.800  1011  1189 I ASH     : @ 385617.971: tcs3701: stop power rail pending_off timer
11-26 23:46:05.800  1011  1189 D ASH     : @ 385617.971: tcs3701: start power rail timer, state:3
11-26 23:46:05.840  1011  1189 I ASH     : @ 385618.011: tcs3701: stop power rail pending_off timer
11-26 23:46:05.840  1011  1189 D ASH     : @ 385618.011: tcs3701: start power rail timer, state:3
11-26 23:46:05.841  8427  8467 I BatteryMgr:DataCollectionService: stats => 1701038765841,11596,4442,2136,4169000,100
11-26 23:46:05.880  1011  1189 I ASH     : @ 385618.051: tcs3701: stop power rail pending_off timer
11-26 23:46:05.880  1011  1189 D ASH     : @ 385618.051: tcs3701: start power rail timer, state:3
11-26 23:46:05.920  1011  1189 I ASH     : @ 385618.091: tcs3701: stop power rail pending_off timer
11-26 23:46:05.920  1011  1189 D ASH     : @ 385618.091: tcs3701: start power rail timer, state:3
11-26 23:46:05.946  8427  8467 I BatteryMgr:DataCollectionService: stats => 1701038765946,11596,4442,2136,4169000,100
11-26 23:46:05.960  1011  1189 I ASH     : @ 385618.131: tcs3701: stop power rail pending_off timer
11-26 23:46:05.960  1011  1189 D ASH     : @ 385618.131: tcs3701: start power rail timer, state:3
11-26 23:46:05.996  8419  8488 I m.chrome.canary: Explicit concurrent copying GC freed 4089(208KB) AllocSpace objects, 5(100KB) LOS objects, 75% free, 14MB/58MB, paused 87us,48us total 213.327ms
11-26 23:46:06.000  1011  1189 I ASH     : @ 385618.171: tcs3701: stop power rail pending_off timer
11-26 23:46:06.000  1011  1189 D ASH     : @ 385618.171: tcs3701: start power rail timer, state:3
11-26 23:46:06.041  1011  1189 I ASH     : @ 385618.211: tcs3701: stop power rail pending_off timer
11-26 23:46:06.041  1011  1189 D ASH     : @ 385618.211: tcs3701: start power rail timer, state:3
11-26 23:46:06.056  8427  8467 I BatteryMgr:DataCollectionService: stats => 1701038766056,11596,4442,2136,4169000,100
11-26 23:46:06.081  1011  1189 I ASH     : @ 385618.251: tcs3701: stop power rail pending_off timer
11-26 23:46:06.081  1011  1189 D ASH     : @ 385618.251: tcs3701: start power rail timer, state:3
11-26 23:46:06.083  1795  4157 D ActivityManager: freezer override set to false
11-26 23:46:06.120  1011  1189 I ASH     : @ 385618.291: tcs3701: stop power rail pending_off timer
11-26 23:46:06.120  1011  1189 D ASH     : @ 385618.291: tcs3701: start power rail timer, state:3
11-26 23:46:06.129  1795  4157 D ActivityManager: freezer override set to true
11-26 23:46:06.135  1795  4157 D ActivityManager: freezer override set to false
11-26 23:46:06.161  1011  1189 I ASH     : @ 385618.331: tcs3701: stop power rail pending_off timer
11-26 23:46:06.161  1011  1189 D ASH     : @ 385618.331: tcs3701: start power rail timer, state:3
11-26 23:46:06.161  8427  8467 I BatteryMgr:DataCollectionService: stats => 1701038766161,11596,4442,2136,4169000,100
11-26 23:46:06.190  1795  4157 D ActivityManager: freezer override set to true
11-26 23:46:06.194  1795  4157 D ActivityManager: freezer override set to false
11-26 23:46:06.200  1011  1189 I ASH     : @ 385618.371: tcs3701: stop power rail pending_off timer
11-26 23:46:06.200  1011  1189 D ASH     : @ 385618.371: tcs3701: start power rail timer, state:3
11-26 23:46:06.240  1011  1189 I ASH     : @ 385618.411: tcs3701: stop power rail pending_off timer
11-26 23:46:06.240  1011  1189 D ASH     : @ 385618.411: tcs3701: start power rail timer, state:3
11-26 23:46:06.272  8427  8467 I BatteryMgr:DataCollectionService: stats => 1701038766272,11596,4442,2136,4169000,100
11-26 23:46:06.281  1011  1189 I ASH     : @ 385618.451: tcs3701: stop power rail pending_off timer
11-26 23:46:06.281  1011  1189 D ASH     : @ 385618.451: tcs3701: start power rail timer, state:3
11-26 23:46:06.320  1011  1189 I ASH     : @ 385618.491: tcs3701: stop power rail pending_off timer
11-26 23:46:06.320  1011  1189 D ASH     : @ 385618.491: tcs3701: start power rail timer, state:3
11-26 23:46:06.360  1011  1189 I ASH     : @ 385618.531: tcs3701: stop power rail pending_off timer
11-26 23:46:06.360  1011  1189 D ASH     : @ 385618.531: tcs3701: start power rail timer, state:3
11-26 23:46:06.382  8427  8467 I BatteryMgr:DataCollectionService: stats => 1701038766382,11596,4442,2136,4169000,100
11-26 23:46:06.400  1011  1189 I ASH     : @ 385618.571: tcs3701: stop power rail pending_off timer
11-26 23:46:06.400  1011  1189 D ASH     : @ 385618.571: tcs3701: start power rail timer, state:3
11-26 23:46:06.440  1011  1189 I ASH     : @ 385618.611: tcs3701: stop power rail pending_off timer
11-26 23:46:06.440  1011  1189 D ASH     : @ 385618.611: tcs3701: start power rail timer, state:3
11-26 23:46:06.482  1011  1189 I ASH     : @ 385618.651: tcs3701: stop power rail pending_off timer
11-26 23:46:06.482  1011  1189 D ASH     : @ 385618.651: tcs3701: start power rail timer, state:3
11-26 23:46:06.491  8427  8467 I BatteryMgr:DataCollectionService: stats => 1701038766491,11596,4442,2136,4169000,100
11-26 23:46:06.519  1795  4157 D ActivityManager: freezer override set to true
11-26 23:46:06.521  1011  1189 I ASH     : @ 385618.691: tcs3701: stop power rail pending_off timer
11-26 23:46:06.521  1011  1189 D ASH     : @ 385618.691: tcs3701: start power rail timer, state:3
11-26 23:46:06.525  1795  4157 D ActivityManager: freezer override set to false
11-26 23:46:06.560  1011  1189 I ASH     : @ 385618.731: tcs3701: stop power rail pending_off timer
11-26 23:46:06.560  1011  1189 D ASH     : @ 385618.731: tcs3701: start power rail timer, state:3
11-26 23:46:06.596  8427  8467 I BatteryMgr:DataCollectionService: stats => 1701038766596,11596,4442,2136,4169000,100
11-26 23:46:06.600  1011  1189 I ASH     : @ 385618.771: tcs3701: stop power rail pending_off timer
11-26 23:46:06.600  1011  1189 D ASH     : @ 385618.771: tcs3701: start power rail timer, state:3
11-26 23:46:06.636  1039  1095 D rlsservice: MonitorDisplayStatus client num 0, display status 1, sensor status 0
11-26 23:46:06.637  2113  2118 I pixel-thermal: skin-therm-monitor: 42.702
11-26 23:46:06.638  2113  2118 I pixel-thermal: panel-audio-therm: 42.698
11-26 23:46:06.640  1011  1189 I ASH     : @ 385618.811: tcs3701: stop power rail pending_off timer
11-26 23:46:06.640  1011  1189 D ASH     : @ 385618.811: tcs3701: start power rail timer, state:3
11-26 23:46:06.680  1011  1189 I ASH     : @ 385618.851: tcs3701: stop power rail pending_off timer
11-26 23:46:06.680  1011  1189 D ASH     : @ 385618.851: tcs3701: start power rail timer, state:3
11-26 23:46:06.705  8427  8467 I BatteryMgr:DataCollectionService: stats => 1701038766705,11596,4442,2136,4169000,100
11-26 23:46:06.721  1011  1189 I ASH     : @ 385618.891: tcs3701: stop power rail pending_off timer
11-26 23:46:06.721  1011  1189 D ASH     : @ 385618.891: tcs3701: start power rail timer, state:3
11-26 23:46:06.760  1011  1189 I ASH     : @ 385618.931: tcs3701: stop power rail pending_off timer
11-26 23:46:06.761  1011  1189 D ASH     : @ 385618.931: tcs3701: start power rail timer, state:3
11-26 23:46:06.800  1011  1189 I ASH     : @ 385618.971: tcs3701: stop power rail pending_off timer
11-26 23:46:06.800  1011  1189 D ASH     : @ 385618.971: tcs3701: start power rail timer, state:3
11-26 23:46:06.813  8427  8467 I BatteryMgr:DataCollectionService: stats => 1701038766813,11596,4442,2136,4169000,100
11-26 23:46:06.840  1011  1189 I ASH     : @ 385619.011: tcs3701: stop power rail pending_off timer
11-26 23:46:06.840  1011  1189 D ASH     : @ 385619.011: tcs3701: start power rail timer, state:3
11-26 23:46:06.881  1011  1189 I ASH     : @ 385619.051: tcs3701: stop power rail pending_off timer
11-26 23:46:06.881  1011  1189 D ASH     : @ 385619.051: tcs3701: start power rail timer, state:3
11-26 23:46:06.921  1011  1189 I ASH     : @ 385619.091: tcs3701: stop power rail pending_off timer
11-26 23:46:06.921  1011  1189 D ASH     : @ 385619.091: tcs3701: start power rail timer, state:3
11-26 23:46:06.925  8427  8467 I BatteryMgr:DataCollectionService: stats => 1701038766925,11596,4442,2136,4169000,100
11-26 23:46:06.960  1011  1189 I ASH     : @ 385619.131: tcs3701: stop power rail pending_off timer
11-26 23:46:06.960  1011  1189 D ASH     : @ 385619.131: tcs3701: start power rail timer, state:3
11-26 23:46:07.000  1011  1189 I ASH     : @ 385619.171: tcs3701: stop power rail pending_off timer
11-26 23:46:07.000  1011  1189 D ASH     : @ 385619.171: tcs3701: start power rail timer, state:3
11-26 23:46:07.036  8427  8467 I BatteryMgr:DataCollectionService: stats => 1701038767036,11596,4442,2136,4169000,100
11-26 23:46:07.040  1011  1189 I ASH     : @ 385619.211: tcs3701: stop power rail pending_off timer
11-26 23:46:07.040  1011  1189 D ASH     : @ 385619.211: tcs3701: start power rail timer, state:3
11-26 23:46:07.080  1011  1189 I ASH     : @ 385619.251: tcs3701: stop power rail pending_off timer
11-26 23:46:07.080  1011  1189 D ASH     : @ 385619.251: tcs3701: start power rail timer, state:3
11-26 23:46:07.122  1011  1189 I ASH     : @ 385619.291: tcs3701: stop power rail pending_off timer
11-26 23:46:07.122  1011  1189 D ASH     : @ 385619.291: tcs3701: start power rail timer, state:3
11-26 23:46:07.144  8427  8467 I BatteryMgr:DataCollectionService: stats => 1701038767142,11596,4442,2136,4169000,100
11-26 23:46:07.160  1011  1189 I ASH     : @ 385619.331: tcs3701: stop power rail pending_off timer
11-26 23:46:07.160  1011  1189 D ASH     : @ 385619.331: tcs3701: start power rail timer, state:3
11-26 23:46:07.200  1011  1189 I ASH     : @ 385619.371: tcs3701: stop power rail pending_off timer
11-26 23:46:07.200  1011  1189 D ASH     : @ 385619.371: tcs3701: start power rail timer, state:3
11-26 23:46:07.240  1011  1189 I ASH     : @ 385619.411: tcs3701: stop power rail pending_off timer
11-26 23:46:07.240  1011  1189 D ASH     : @ 385619.411: tcs3701: start power rail timer, state:3
11-26 23:46:07.253  8427  8467 I BatteryMgr:DataCollectionService: stats => 1701038767253,11596,4442,2136,4169000,100
11-26 23:46:07.280  1011  1189 I ASH     : @ 385619.451: tcs3701: stop power rail pending_off timer
11-26 23:46:07.280  1011  1189 D ASH     : @ 385619.451: tcs3701: start power rail timer, state:3
11-26 23:46:07.321  1011  1189 I ASH     : @ 385619.491: tcs3701: stop power rail pending_off timer
11-26 23:46:07.321  1011  1189 D ASH     : @ 385619.491: tcs3701: start power rail timer, state:3
11-26 23:46:07.357  1795  3001 D ActivityManager: freezer override set to true
11-26 23:46:07.358  8427  8467 I BatteryMgr:DataCollectionService: stats => 1701038767358,11596,4442,2136,4169000,100
11-26 23:46:07.361  1011  1189 I ASH     : @ 385619.531: tcs3701: stop power rail pending_off timer
11-26 23:46:07.361  1011  1189 D ASH     : @ 385619.531: tcs3701: start power rail timer, state:3
11-26 23:46:07.401  1011  1189 I ASH     : @ 385619.571: tcs3701: stop power rail pending_off timer
11-26 23:46:07.401  1011  1189 D ASH     : @ 385619.571: tcs3701: start power rail timer, state:3
11-26 23:46:07.440  1011  1189 I ASH     : @ 385619.611: tcs3701: stop power rail pending_off timer
11-26 23:46:07.440  1011  1189 D ASH     : @ 385619.611: tcs3701: start power rail timer, state:3
11-26 23:46:07.460  8427  8467 I BatteryMgr:DataCollectionService: stats => 1701038767460,11596,4442,2136,4169000,100
11-26 23:46:07.480  1011  1189 I ASH     : @ 385619.651: tcs3701: stop power rail pending_off timer
11-26 23:46:07.480  1011  1189 D ASH     : @ 385619.651: tcs3701: start power rail timer, state:3
11-26 23:46:07.520  1011  1189 I ASH     : @ 385619.691: tcs3701: stop power rail pending_off timer
11-26 23:46:07.520  1011  1189 D ASH     : @ 385619.691: tcs3701: start power rail timer, state:3
11-26 23:46:07.562  1011  1189 I ASH     : @ 385619.731: tcs3701: stop power rail pending_off timer
11-26 23:46:07.563  1011  1189 D ASH     : @ 385619.731: tcs3701: start power rail timer, state:3
11-26 23:46:07.571  8427  8467 I BatteryMgr:DataCollectionService: stats => 1701038767571,11596,4442,2136,4169000,100
11-26 23:46:07.600  1011  1189 I ASH     : @ 385619.771: tcs3701: stop power rail pending_off timer
11-26 23:46:07.600  1011  1189 D ASH     : @ 385619.771: tcs3701: start power rail timer, state:3
11-26 23:46:07.641  1011  1189 I ASH     : @ 385619.811: tcs3701: stop power rail pending_off timer
11-26 23:46:07.641  1011  1189 D ASH     : @ 385619.811: tcs3701: start power rail timer, state:3
11-26 23:46:07.677  8427  8467 I BatteryMgr:DataCollectionService: stats => 1701038767677,11596,4442,2136,4169000,100
11-26 23:46:07.680  1011  1189 I ASH     : @ 385619.851: tcs3701: stop power rail pending_off timer
11-26 23:46:07.680  1011  1189 D ASH     : @ 385619.851: tcs3701: start power rail timer, state:3
11-26 23:46:07.720  1011  1189 I ASH     : @ 385619.891: tcs3701: stop power rail pending_off timer
11-26 23:46:07.720  1011  1189 D ASH     : @ 385619.891: tcs3701: start power rail timer, state:3
11-26 23:46:07.760  1011  1189 I ASH     : @ 385619.931: tcs3701: stop power rail pending_off timer
11-26 23:46:07.760  1011  1189 D ASH     : @ 385619.931: tcs3701: start power rail timer, state:3
11-26 23:46:07.775  8419  8488 I m.chrome.canary: Explicit concurrent copying GC freed 4034(209KB) AllocSpace objects, 6(184KB) LOS objects, 75% free, 14MB/58MB, paused 215us,77us total 241.935ms
11-26 23:46:07.782  8427  8467 I BatteryMgr:DataCollectionService: stats => 1701038767782,11596,4442,2136,4169000,100
11-26 23:46:07.800  1011  1189 I ASH     : @ 385619.971: tcs3701: stop power rail pending_off timer
11-26 23:46:07.800  1011  1189 D ASH     : @ 385619.971: tcs3701: start power rail timer, state:3
11-26 23:46:07.841  1011  1189 I ASH     : @ 385620.011: tcs3701: stop power rail pending_off timer
11-26 23:46:07.841  1011  1189 D ASH     : @ 385620.011: tcs3701: start power rail timer, state:3
11-26 23:46:07.865  1795  4157 D ActivityManager: freezer override set to false
11-26 23:46:07.880  1011  1189 I ASH     : @ 385620.051: tcs3701: stop power rail pending_off timer
11-26 23:46:07.880  1011  1189 D ASH     : @ 385620.051: tcs3701: start power rail timer, state:3
11-26 23:46:07.892  8427  8467 I BatteryMgr:DataCollectionService: stats => 1701038767892,11596,4442,2136,4169000,100
11-26 23:46:07.920  1011  1189 I ASH     : @ 385620.091: tcs3701: stop power rail pending_off timer
11-26 23:46:07.920  1011  1189 D ASH     : @ 385620.091: tcs3701: start power rail timer, state:3
11-26 23:46:07.937  1795  4157 D ActivityManager: freezer override set to true
11-26 23:46:07.944  1795  4157 D ActivityManager: freezer override set to false
11-26 23:46:07.961  1011  1189 I ASH     : @ 385620.131: tcs3701: stop power rail pending_off timer
11-26 23:46:07.961  1011  1189 D ASH     : @ 385620.131: tcs3701: start power rail timer, state:3
11-26 23:46:07.999  8427  8467 I BatteryMgr:DataCollectionService: stats => 1701038767999,11596,4442,2136,4169000,100
11-26 23:46:08.000  1011  1189 I ASH     : @ 385620.171: tcs3701: stop power rail pending_off timer
11-26 23:46:08.000  1011  1189 D ASH     : @ 385620.171: tcs3701: start power rail timer, state:3
11-26 23:46:08.034  1795  4157 D ActivityManager: freezer override set to true
11-26 23:46:08.037  1795  4157 D ActivityManager: freezer override set to false
11-26 23:46:08.040  1011  1189 I ASH     : @ 385620.211: tcs3701: stop power rail pending_off timer
11-26 23:46:08.040  1011  1189 D ASH     : @ 385620.211: tcs3701: start power rail timer, state:3
11-26 23:46:08.080  1011  1189 I ASH     : @ 385620.251: tcs3701: stop power rail pending_off timer
11-26 23:46:08.081  1011  1189 D ASH     : @ 385620.251: tcs3701: start power rail timer, state:3
11-26 23:46:08.106  8427  8467 I BatteryMgr:DataCollectionService: stats => 1701038768105,11596,4442,2136,4169000,100
11-26 23:46:08.120  1011  1189 I ASH     : @ 385620.291: tcs3701: stop power rail pending_off timer
11-26 23:46:08.120  1011  1189 D ASH     : @ 385620.291: tcs3701: start power rail timer, state:3
11-26 23:46:08.160  1011  1189 I ASH     : @ 385620.331: tcs3701: stop power rail pending_off timer
11-26 23:46:08.160  1011  1189 D ASH     : @ 385620.331: tcs3701: start power rail timer, state:3
11-26 23:46:08.200  1011  1189 I ASH     : @ 385620.371: tcs3701: stop power rail pending_off timer
11-26 23:46:08.200  1011  1189 D ASH     : @ 385620.371: tcs3701: start power rail timer, state:3
11-26 23:46:08.213  8427  8467 I BatteryMgr:DataCollectionService: stats => 1701038768213,11596,4442,2136,4169000,100
11-26 23:46:08.240  1011  1189 I ASH     : @ 385620.411: tcs3701: stop power rail pending_off timer
11-26 23:46:08.240  1011  1189 D ASH     : @ 385620.411: tcs3701: start power rail timer, state:3
11-26 23:46:08.280  1011  1189 I ASH     : @ 385620.451: tcs3701: stop power rail pending_off timer
11-26 23:46:08.280  1011  1189 D ASH     : @ 385620.451: tcs3701: start power rail timer, state:3
11-26 23:46:08.320  1011  1189 I ASH     : @ 385620.491: tcs3701: stop power rail pending_off timer
11-26 23:46:08.320  1011  1189 D ASH     : @ 385620.491: tcs3701: start power rail timer, state:3
11-26 23:46:08.330  8427  8467 I BatteryMgr:DataCollectionService: stats => 1701038768330,11596,4442,2136,4169000,100
11-26 23:46:08.360  1011  1189 I ASH     : @ 385620.531: tcs3701: stop power rail pending_off timer
11-26 23:46:08.360  1011  1189 D ASH     : @ 385620.531: tcs3701: start power rail timer, state:3
11-26 23:46:08.400  1011  1189 I ASH     : @ 385620.571: tcs3701: stop power rail pending_off timer
11-26 23:46:08.400  1011  1189 D ASH     : @ 385620.571: tcs3701: start power rail timer, state:3
11-26 23:46:08.439  8427  8467 I BatteryMgr:DataCollectionService: stats => 1701038768439,11596,4442,2136,4169000,100
11-26 23:46:08.440  1011  1189 I ASH     : @ 385620.611: tcs3701: stop power rail pending_off timer
11-26 23:46:08.440  1011  1189 D ASH     : @ 385620.611: tcs3701: start power rail timer, state:3
11-26 23:46:08.481  1011  1189 I ASH     : @ 385620.651: tcs3701: stop power rail pending_off timer
11-26 23:46:08.481  1011  1189 D ASH     : @ 385620.651: tcs3701: start power rail timer, state:3
11-26 23:46:08.516  1795  4157 D ActivityManager: freezer override set to true
11-26 23:46:08.520  1011  1189 I ASH     : @ 385620.691: tcs3701: stop power rail pending_off timer
11-26 23:46:08.520  1011  1189 D ASH     : @ 385620.691: tcs3701: start power rail timer, state:3
11-26 23:46:08.525  1795  4157 D ActivityManager: freezer override set to false
11-26 23:46:08.546  8427  8467 I BatteryMgr:DataCollectionService: stats => 1701038768546,11596,4442,2136,4169000,100
11-26 23:46:08.560  1011  1189 I ASH     : @ 385620.731: tcs3701: stop power rail pending_off timer
11-26 23:46:08.560  1011  1189 D ASH     : @ 385620.731: tcs3701: start power rail timer, state:3
11-26 23:46:08.600  1011  1189 I ASH     : @ 385620.771: tcs3701: stop power rail pending_off timer
11-26 23:46:08.600  1011  1189 D ASH     : @ 385620.771: tcs3701: start power rail timer, state:3
11-26 23:46:08.640  1011  1189 I ASH     : @ 385620.811: tcs3701: stop power rail pending_off timer
11-26 23:46:08.640  1011  1189 D ASH     : @ 385620.811: tcs3701: start power rail timer, state:3
11-26 23:46:08.641  2113  2118 I pixel-thermal: skin-therm-monitor: 42.675
11-26 23:46:08.641  1795  2424 D WifiClientModeImpl[13802:wlan0]: updateLinkLayerStatsRssiSpeedFrequencyCapabilities rssi=-48 TxLinkspeed=866 freq=5240 RxLinkSpeed=866
11-26 23:46:08.642  1795  2424 D WifiDataStall: tx tput in kbps: 749225
11-26 23:46:08.642  2113  2118 I pixel-thermal: panel-audio-therm: 42.679
11-26 23:46:08.642  1795  2424 D WifiDataStall: rx tput in kbps: 764515
11-26 23:46:08.642  1795  2424 V WifiConfigManager: Updating scan detail cache freq=5240 BSSID=f4:6d:2f:12:cc:88 RSSI=-47 for "ourhome"WPA_PSK
11-26 23:46:08.643  1795  2424 D WifiChannelUtilization:  freq: 5240 onTime: 10997887 busyTime: 1016246 onTimeDiff: 1350031 busyTimeDiff: 159760 utilization: 30 utilization t0: 23
11-26 23:46:08.643  1795  2424 D WifiDataStall:  ccaLevel = 30
11-26 23:46:08.643  1795  2424 D WifiDataStall: L2 txTputKbps: 726289, rxTputKbps: 764515, L3 txTputKbps: 0, rxTputKbps: 0, TxTrafficHigh: false, RxTrafficHigh: false, Throughput Sufficient: true
11-26 23:46:08.643  2673  3056 V WifiManager: OnWifiUsabilityStatsListener: onWifiUsabilityStats: seqNum=99351
11-26 23:46:08.643  1795  2424 D WifiScoreReport: Wifi scoring disabled - Don't check IP layer
11-26 23:46:08.643  1795  2424 D WifiScoreCard: BSSID update SIGNAL_POLL ID: 1320464697 SSID: "ourhome", BSSID: f4:6d:2f:12:cc:88, MAC: b2:2f:ec:da:4a:0c, IP: /192.168.1.104, Security type: 2, Supplicant state: COMPLETED, Wi-Fi standard: 5, RSSI: -48, Link speed: 866Mbps, Tx Link speed: 866Mbps, Max Supported Tx Link speed: 866Mbps, Rx Link speed: 866Mbps, Max Supported Rx Link speed: 866Mbps, Frequency: 5240MHz, Net ID: 12, Metered hint: false, score: 60, isUsable: true, CarrierMerged: false, SubscriptionId: -1, IsPrimary: 1, Trusted: true, Restricted: false, Ephemeral: false, OEM paid: false, OEM private: false, OSU AP: false, FQDN: <none>, Provider friendly name: <none>, Requesting package name: <none>"ourhome"wpa2-pskMLO Information: , Is TID-To-Link negotiation supported by the AP: false, AP MLD Address: <none>, AP MLO Link Id: <none>, AP MLO Affiliated links: <none>
11-26 23:46:08.643  1795  2424 D WifiScoreCard: txRate: 8 txSpeed: 866
11-26 23:46:08.643  1795  2424 D WifiScoreCard: network update SIGNAL_POLL "ourhome" ID: 1499892569 RSSI -48 txSpeed 866
11-26 23:46:08.643  1795  4157 I WifiService: updateWifiUsabilityScore uid=10180 seqNum=99351 score=100 predictionHorizonSec=1441795
11-26 23:46:08.643  2513 20817 V WifiManager: TrafficStateCallbackProxy: onStateChanged state=0
11-26 23:46:08.643  1795  2424 D WifiClientModeImpl[13802:wlan0]:  ClientModeImpl$L2ConnectedState screen=on 37 0 "ourhome" f4:6d:2f:12:cc:88 rssi=-48 f=5240 sc=60 link=866 tx=7.3, 0.2, 0.0 rx=5.0 bcn=3651242 [on:0 tx:0 rx:0 period:3022] from screen [on:1361906 period:26333929] score=60
11-26 23:46:08.644  1795  2424 D WifiScoreReport: Wifi scoring disabled - Notify that Wifi is usable
11-26 23:46:08.647  1795  2432 D ConnectivityService: NetReassign [no changes] [c 0] [a 0] [i 3]
11-26 23:46:08.654  8427  8467 I BatteryMgr:DataCollectionService: stats => 1701038768654,11596,4442,2136,4169000,100
11-26 23:46:08.680  1011  1189 I ASH     : @ 385620.851: tcs3701: stop power rail pending_off timer
11-26 23:46:08.680  1011  1189 D ASH     : @ 385620.851: tcs3701: start power rail timer, state:3
11-26 23:46:08.721  1011  1189 I ASH     : @ 385620.891: tcs3701: stop power rail pending_off timer
11-26 23:46:08.721  1011  1189 D ASH     : @ 385620.891: tcs3701: start power rail timer, state:3
11-26 23:46:08.760  1011  1189 I ASH     : @ 385620.931: tcs3701: stop power rail pending_off timer
11-26 23:46:08.760  1011  1189 D ASH     : @ 385620.931: tcs3701: start power rail timer, state:3
11-26 23:46:08.761  8427  8467 I BatteryMgr:DataCollectionService: stats => 1701038768761,11596,4442,2136,4169000,100
11-26 23:46:08.801  1011  1189 I ASH     : @ 385620.971: tcs3701: stop power rail pending_off timer
11-26 23:46:08.801  1011  1189 D ASH     : @ 385620.971: tcs3701: start power rail timer, state:3
11-26 23:46:08.840  1011  1189 I ASH     : @ 385621.011: tcs3701: stop power rail pending_off timer
11-26 23:46:08.840  1011  1189 D ASH     : @ 385621.011: tcs3701: start power rail timer, state:3
11-26 23:46:08.868  8427  8467 I BatteryMgr:DataCollectionService: stats => 1701038768868,11596,4442,2136,4169000,100
11-26 23:46:08.882  1011  1189 I ASH     : @ 385621.051: tcs3701: stop power rail pending_off timer
11-26 23:46:08.882  1011  1189 D ASH     : @ 385621.051: tcs3701: start power rail timer, state:3
11-26 23:46:08.921  1011  1189 I ASH     : @ 385621.091: tcs3701: stop power rail pending_off timer
11-26 23:46:08.921  1011  1189 D ASH     : @ 385621.091: tcs3701: start power rail timer, state:3
11-26 23:46:08.961  1011  1189 I ASH     : @ 385621.131: tcs3701: stop power rail pending_off timer
11-26 23:46:08.961  1011  1189 D ASH     : @ 385621.131: tcs3701: start power rail timer, state:3
11-26 23:46:08.978  8427  8467 I BatteryMgr:DataCollectionService: stats => 1701038768978,11596,4442,2136,4169000,100
11-26 23:46:09.000  1011  1189 I ASH     : @ 385621.171: tcs3701: stop power rail pending_off timer
11-26 23:46:09.000  1011  1189 D ASH     : @ 385621.171: tcs3701: start power rail timer, state:3
11-26 23:46:09.040  1011  1189 I ASH     : @ 385621.211: tcs3701: stop power rail pending_off timer
11-26 23:46:09.040  1011  1189 D ASH     : @ 385621.211: tcs3701: start power rail timer, state:3
11-26 23:46:09.080  1011  1189 I ASH     : @ 385621.251: tcs3701: stop power rail pending_off timer
11-26 23:46:09.080  1011  1189 D ASH     : @ 385621.251: tcs3701: start power rail timer, state:3
11-26 23:46:09.086  8427  8467 I BatteryMgr:DataCollectionService: stats => 1701038769086,11596,4442,2136,4169000,100
11-26 23:46:09.121  1011  1189 I ASH     : @ 385621.291: tcs3701: stop power rail pending_off timer
11-26 23:46:09.121  1011  1189 D ASH     : @ 385621.291: tcs3701: start power rail timer, state:3
11-26 23:46:09.161  1011  1189 I ASH     : @ 385621.331: tcs3701: stop power rail pending_off timer
11-26 23:46:09.161  1011  1189 D ASH     : @ 385621.331: tcs3701: start power rail timer, state:3
11-26 23:46:09.197  8427  8467 I BatteryMgr:DataCollectionService: stats => 1701038769197,11596,4442,2136,4169000,100
11-26 23:46:09.201  1011  1189 I ASH     : @ 385621.371: tcs3701: stop power rail pending_off timer
11-26 23:46:09.201  1011  1189 D ASH     : @ 385621.371: tcs3701: start power rail timer, state:3
11-26 23:46:09.241  1011  1189 I ASH     : @ 385621.411: tcs3701: stop power rail pending_off timer
11-26 23:46:09.241  1011  1189 D ASH     : @ 385621.411: tcs3701: start power rail timer, state:3
11-26 23:46:09.249  1795  3001 D ActivityManager: freezer override set to true
11-26 23:46:09.280  1011  1189 I ASH     : @ 385621.451: tcs3701: stop power rail pending_off timer
11-26 23:46:09.280  1011  1189 D ASH     : @ 385621.451: tcs3701: start power rail timer, state:3
11-26 23:46:09.303  8427  8467 I BatteryMgr:DataCollectionService: stats => 1701038769303,11596,4442,2136,4169000,100
11-26 23:46:09.320  1011  1189 I ASH     : @ 385621.491: tcs3701: stop power rail pending_off timer
11-26 23:46:09.320  1011  1189 D ASH     : @ 385621.491: tcs3701: start power rail timer, state:3
11-26 23:46:09.361  1011  1189 I ASH     : @ 385621.531: tcs3701: stop power rail pending_off timer
11-26 23:46:09.361  1011  1189 D ASH     : @ 385621.531: tcs3701: start power rail timer, state:3
11-26 23:46:09.400  1011  1189 I ASH     : @ 385621.571: tcs3701: stop power rail pending_off timer
11-26 23:46:09.400  1011  1189 D ASH     : @ 385621.571: tcs3701: start power rail timer, state:3
11-26 23:46:09.424  8427  8467 I BatteryMgr:DataCollectionService: stats => 1701038769424,11596,4442,2136,4169000,100
11-26 23:46:09.440  1011  1189 I ASH     : @ 385621.611: tcs3701: stop power rail pending_off timer
11-26 23:46:09.440  1011  1189 D ASH     : @ 385621.611: tcs3701: start power rail timer, state:3
11-26 23:46:09.481  1011  1189 I ASH     : @ 385621.651: tcs3701: stop power rail pending_off timer
11-26 23:46:09.481  1011  1189 D ASH     : @ 385621.651: tcs3701: start power rail timer, state:3
11-26 23:46:09.520  1011  1189 I ASH     : @ 385621.691: tcs3701: stop power rail pending_off timer
11-26 23:46:09.520  1011  1189 D ASH     : @ 385621.691: tcs3701: start power rail timer, state:3
11-26 23:46:09.521  8419  8488 I m.chrome.canary: Explicit concurrent copying GC freed 4091(207KB) AllocSpace objects, 5(100KB) LOS objects, 75% free, 14MB/58MB, paused 42us,28us total 93.314ms
11-26 23:46:09.531  8427  8467 I BatteryMgr:DataCollectionService: stats => 1701038769531,11596,4442,2136,4169000,100
11-26 23:46:09.560  1011  1189 I ASH     : @ 385621.731: tcs3701: stop power rail pending_off timer
11-26 23:46:09.560  1011  1189 D ASH     : @ 385621.731: tcs3701: start power rail timer, state:3
11-26 23:46:09.600  1011  1189 I ASH     : @ 385621.771: tcs3701: stop power rail pending_off timer
11-26 23:46:09.601  1011  1189 D ASH     : @ 385621.771: tcs3701: start power rail timer, state:3
11-26 23:46:09.603  8419  8500 W chromium: [WARNING:ev_root_ca_metadata.cc(119)] Not implemented
11-26 23:46:09.603  8419  8500 W chromium: [WARNING:ev_root_ca_metadata.cc(119)] Not implemented
11-26 23:46:09.605  1795  4157 D ActivityManager: freezer override set to false
11-26 23:46:09.636  8427  8467 I BatteryMgr:DataCollectionService: stats => 1701038769636,11596,4442,2136,4169000,100
11-26 23:46:09.640  1011  1189 I ASH     : @ 385621.811: tcs3701: stop power rail pending_off timer
11-26 23:46:09.640  1011  1189 D ASH     : @ 385621.811: tcs3701: start power rail timer, state:3
11-26 23:46:09.670  1795  4157 D ActivityManager: freezer override set to true
11-26 23:46:09.674  1795  4157 D ActivityManager: freezer override set to false
11-26 23:46:09.680  1011  1189 I ASH     : @ 385621.851: tcs3701: stop power rail pending_off timer
11-26 23:46:09.680  1011  1189 D ASH     : @ 385621.851: tcs3701: start power rail timer, state:3
11-26 23:46:09.720  1011  1189 I ASH     : @ 385621.891: tcs3701: stop power rail pending_off timer
11-26 23:46:09.720  1011  1189 D ASH     : @ 385621.891: tcs3701: start power rail timer, state:3
11-26 23:46:09.726  1795  4157 D ActivityManager: freezer override set to true
11-26 23:46:09.731  1795  4157 D ActivityManager: freezer override set to false
11-26 23:46:09.744  8427  8467 I BatteryMgr:DataCollectionService: stats => 1701038769743,11596,4442,2136,4169000,100
11-26 23:46:09.763  1011  1189 I ASH     : @ 385621.931: tcs3701: stop power rail pending_off timer
11-26 23:46:09.763  1011  1189 D ASH     : @ 385621.931: tcs3701: start power rail timer, state:3
11-26 23:46:09.801  1011  1189 I ASH     : @ 385621.971: tcs3701: stop power rail pending_off timer
11-26 23:46:09.801  1011  1189 D ASH     : @ 385621.971: tcs3701: start power rail timer, state:3
11-26 23:46:09.841  1011  1189 I ASH     : @ 385622.011: tcs3701: stop power rail pending_off timer
11-26 23:46:09.841  1011  1189 D ASH     : @ 385622.011: tcs3701: start power rail timer, state:3
11-26 23:46:09.849  8427  8467 I BatteryMgr:DataCollectionService: stats => 1701038769848,11596,4442,2136,4169000,100
11-26 23:46:09.880  1011  1189 I ASH     : @ 385622.051: tcs3701: stop power rail pending_off timer
11-26 23:46:09.880  1011  1189 D ASH     : @ 385622.051: tcs3701: start power rail timer, state:3
11-26 23:46:09.920  1011  1189 I ASH     : @ 385622.091: tcs3701: stop power rail pending_off timer
11-26 23:46:09.920  1011  1189 D ASH     : @ 385622.091: tcs3701: start power rail timer, state:3
11-26 23:46:09.957  8427  8467 I BatteryMgr:DataCollectionService: stats => 1701038769957,11596,4442,2136,4169000,100
11-26 23:46:09.960  1011  1189 I ASH     : @ 385622.131: tcs3701: stop power rail pending_off timer
11-26 23:46:09.960  1011  1189 D ASH     : @ 385622.131: tcs3701: start power rail timer, state:3
11-26 23:46:10.000  1011  1189 I ASH     : @ 385622.171: tcs3701: stop power rail pending_off timer
11-26 23:46:10.000  1011  1189 D ASH     : @ 385622.171: tcs3701: start power rail timer, state:3
11-26 23:46:10.041  1011  1189 I ASH     : @ 385622.211: tcs3701: stop power rail pending_off timer
11-26 23:46:10.041  1011  1189 D ASH     : @ 385622.211: tcs3701: start power rail timer, state:3
11-26 23:46:10.065  8427  8467 I BatteryMgr:DataCollectionService: stats => 1701038770065,11596,4442,2136,4169000,100
11-26 23:46:10.080  1011  1189 I ASH     : @ 385622.251: tcs3701: stop power rail pending_off timer
11-26 23:46:10.080  1011  1189 D ASH     : @ 385622.251: tcs3701: start power rail timer, state:3
11-26 23:46:10.120  1011  1189 I ASH     : @ 385622.291: tcs3701: stop power rail pending_off timer
11-26 23:46:10.120  1011  1189 D ASH     : @ 385622.291: tcs3701: start power rail timer, state:3
11-26 23:46:10.161  1011  1189 I ASH     : @ 385622.331: tcs3701: stop power rail pending_off timer
11-26 23:46:10.161  1011  1189 D ASH     : @ 385622.331: tcs3701: start power rail timer, state:3
11-26 23:46:10.171  8427  8467 I BatteryMgr:DataCollectionService: stats => 1701038770171,11596,4442,2136,4169000,100
11-26 23:46:10.200  1011  1189 I ASH     : @ 385622.371: tcs3701: stop power rail pending_off timer
11-26 23:46:10.200  1011  1189 D ASH     : @ 385622.371: tcs3701: start power rail timer, state:3
11-26 23:46:10.240  1011  1189 I ASH     : @ 385622.411: tcs3701: stop power rail pending_off timer
11-26 23:46:10.240  1011  1189 D ASH     : @ 385622.411: tcs3701: start power rail timer, state:3
11-26 23:46:10.278  8427  8467 I BatteryMgr:DataCollectionService: stats => 1701038770278,11596,4442,2136,4169000,100
11-26 23:46:10.280  1011  1189 I ASH     : @ 385622.451: tcs3701: stop power rail pending_off timer
11-26 23:46:10.280  1011  1189 D ASH     : @ 385622.451: tcs3701: start power rail timer, state:3
11-26 23:46:10.320  1011  1189 I ASH     : @ 385622.491: tcs3701: stop power rail pending_off timer
11-26 23:46:10.320  1011  1189 D ASH     : @ 385622.491: tcs3701: start power rail timer, state:3
11-26 23:46:10.360  1011  1189 I ASH     : @ 385622.531: tcs3701: stop power rail pending_off timer
11-26 23:46:10.360  1011  1189 D ASH     : @ 385622.531: tcs3701: start power rail timer, state:3
11-26 23:46:10.385  8427  8467 I BatteryMgr:DataCollectionService: stats => 1701038770385,11596,4442,2136,4169000,100
11-26 23:46:10.400  1011  1189 I ASH     : @ 385622.571: tcs3701: stop power rail pending_off timer
11-26 23:46:10.400  1011  1189 D ASH     : @ 385622.571: tcs3701: start power rail timer, state:3
11-26 23:46:10.440  1011  1189 I ASH     : @ 385622.611: tcs3701: stop power rail pending_off timer
11-26 23:46:10.441  1011  1189 D ASH     : @ 385622.611: tcs3701: start power rail timer, state:3
11-26 23:46:10.481  1011  1189 I ASH     : @ 385622.651: tcs3701: stop power rail pending_off timer
11-26 23:46:10.481  1011  1189 D ASH     : @ 385622.651: tcs3701: start power rail timer, state:3
11-26 23:46:10.495  8427  8467 I BatteryMgr:DataCollectionService: stats => 1701038770495,11596,4442,2136,4169000,100
11-26 23:46:10.518  1795  4157 D ActivityManager: freezer override set to true
11-26 23:46:10.520  1011  1189 I ASH     : @ 385622.691: tcs3701: stop power rail pending_off timer
11-26 23:46:10.520  1011  1189 D ASH     : @ 385622.691: tcs3701: start power rail timer, state:3
11-26 23:46:10.523  1795  4157 D ActivityManager: freezer override set to false
11-26 23:46:10.560  1011  1189 I ASH     : @ 385622.731: tcs3701: stop power rail pending_off timer
11-26 23:46:10.561  1011  1189 D ASH     : @ 385622.731: tcs3701: start power rail timer, state:3
11-26 23:46:10.600  1011  1189 I ASH     : @ 385622.771: tcs3701: stop power rail pending_off timer
11-26 23:46:10.600  1011  1189 D ASH     : @ 385622.771: tcs3701: start power rail timer, state:3
11-26 23:46:10.606  8427  8467 I BatteryMgr:DataCollectionService: stats => 1701038770606,11596,4442,2136,4169000,100
11-26 23:46:10.640  1011  1189 I ASH     : @ 385622.811: tcs3701: stop power rail pending_off timer
11-26 23:46:10.640  1011  1189 D ASH     : @ 385622.811: tcs3701: start power rail timer, state:3
11-26 23:46:10.644  2113  2118 I pixel-thermal: skin-therm-monitor: 42.66
11-26 23:46:10.646  2113  2118 I pixel-thermal: panel-audio-therm: 42.664
11-26 23:46:10.681  1011  1189 I ASH     : @ 385622.851: tcs3701: stop power rail pending_off timer
11-26 23:46:10.681  1011  1189 D ASH     : @ 385622.851: tcs3701: start power rail timer, state:3
11-26 23:46:10.708  8427  8467 I BatteryMgr:DataCollectionService: stats => 1701038770708,11596,4442,2136,4169000,100
11-26 23:46:10.712 26837 26837 D BoundBrokerSvc: onUnbind: Intent { act=com.google.android.gms.auth.account.workaccount.START dat=chimera-action:/... cmp=com.google.android.gms/.chimera.PersistentApiService }
11-26 23:46:10.720  1011  1189 I ASH     : @ 385622.891: tcs3701: stop power rail pending_off timer
