11-26 23:41:55.092  8427  8469 I BatteryMgr:DataCollectionService: stats => 1701038515092,12512,4442,2136,4169000,100
11-26 23:41:55.122  1011  1189 I ASH     : @ 385367.293: tcs3701: stop power rail pending_off timer
11-26 23:41:55.122  1011  1189 D ASH     : @ 385367.293: tcs3701: start power rail timer, state:3
11-26 23:41:55.162  1011  1189 I ASH     : @ 385367.333: tcs3701: stop power rail pending_off timer
11-26 23:41:55.163  1011  1189 D ASH     : @ 385367.333: tcs3701: start power rail timer, state:3
11-26 23:41:55.163 31479 31524 I m.chrome.canary: Explicit concurrent copying GC freed 4059(223KB) AllocSpace objects, 5(100KB) LOS objects, 75% free, 14MB/57MB, paused 38us,25us total 62.953ms
11-26 23:41:55.187  1795  2424 D WifiClientModeImpl[13802:wlan0]: updateLinkLayerStatsRssiSpeedFrequencyCapabilities rssi=-48 TxLinkspeed=866 freq=5240 RxLinkSpeed=866
11-26 23:41:55.188  1795  2424 D WifiDataStall: tx tput in kbps: 726289
11-26 23:41:55.188  1795  2424 D WifiDataStall: rx tput in kbps: 764515
11-26 23:41:55.188  1795  2424 V WifiConfigManager: Updating scan detail cache freq=5240 BSSID=f4:6d:2f:12:cc:88 RSSI=-47 for "ourhome"WPA_PSK
11-26 23:41:55.188  2782  5906 D QCNEJ/WlanStaInfoRelay: Received action: android.net.wifi.RSSI_CHANGED
11-26 23:41:55.188  1795  2424 D WifiChannelUtilization:  freq: 5240 onTime: 10988062 busyTime: 1015370 onTimeDiff: 1340206 busyTimeDiff: 158884 utilization: 30 utilization t0: 23
11-26 23:41:55.189  1795  2424 D WifiDataStall:  ccaLevel = 30
11-26 23:41:55.189  1795  2424 D WifiDataStall: L2 txTputKbps: 726289, rxTputKbps: 764515, L3 txTputKbps: 0, rxTputKbps: 0, TxTrafficHigh: false, RxTrafficHigh: false, Throughput Sufficient: true
11-26 23:41:55.189  2673 18847 V WifiManager: OnWifiUsabilityStatsListener: onWifiUsabilityStats: seqNum=99267
11-26 23:41:55.189  1795  2424 D WifiScoreReport: Wifi scoring disabled - Don't check IP layer
11-26 23:41:55.189  1795  2424 D WifiScoreCard: BSSID update SIGNAL_POLL ID: 1320464697 SSID: "ourhome", BSSID: f4:6d:2f:12:cc:88, MAC: b2:2f:ec:da:4a:0c, IP: /192.168.1.104, Security type: 2, Supplicant state: COMPLETED, Wi-Fi standard: 5, RSSI: -48, Link speed: 866Mbps, Tx Link speed: 866Mbps, Max Supported Tx Link speed: 866Mbps, Rx Link speed: 866Mbps, Max Supported Rx Link speed: 866Mbps, Frequency: 5240MHz, Net ID: 12, Metered hint: false, score: 60, isUsable: true, CarrierMerged: false, SubscriptionId: -1, IsPrimary: 1, Trusted: true, Restricted: false, Ephemeral: false, OEM paid: false, OEM private: false, OSU AP: false, FQDN: <none>, Provider friendly name: <none>, Requesting package name: <none>"ourhome"wpa2-pskMLO Information: , Is TID-To-Link negotiation supported by the AP: false, AP MLD Address: <none>, AP MLO Link Id: <none>, AP MLO Affiliated links: <none>
11-26 23:41:55.189  1795  2424 D WifiScoreCard: txRate: 2 txSpeed: 866
11-26 23:41:55.189  1795  2424 D WifiScoreCard: network update SIGNAL_POLL "ourhome" ID: 1499892569 RSSI -48 txSpeed -1
11-26 23:41:55.189  1795  3658 I WifiService: updateWifiUsabilityScore uid=10180 seqNum=99267 score=100 predictionHorizonSec=1441795
11-26 23:41:55.190  1795  2424 D WifiClientModeImpl[13802:wlan0]:  ClientModeImpl$L2ConnectedState screen=on 37 0 "ourhome" f4:6d:2f:12:cc:88 rssi=-48 f=5240 sc=60 link=866 tx=1.1, 0.1, 0.0 rx=2.4 bcn=3648770 [on:0 tx:0 rx:0 period:3020] from screen [on:1352081 period:26080476] score=60
11-26 23:41:55.190  1795  2424 D WifiScoreReport: Wifi scoring disabled - Notify that Wifi is usable
11-26 23:41:55.194  1795  2432 D ConnectivityService: NetReassign [no changes] [c 1] [a 0] [i 3]
11-26 23:41:55.200  8427  8469 I BatteryMgr:DataCollectionService: stats => 1701038515200,12512,4442,2136,4169000,100
11-26 23:41:55.202  1011  1189 I ASH     : @ 385367.373: tcs3701: stop power rail pending_off timer
11-26 23:41:55.202  1011  1189 D ASH     : @ 385367.373: tcs3701: start power rail timer, state:3
11-26 23:41:55.240  1795  3057 D ActivityManager: freezer override set to false
11-26 23:41:55.242  1011  1189 I ASH     : @ 385367.413: tcs3701: stop power rail pending_off timer
11-26 23:41:55.242  1011  1189 D ASH     : @ 385367.413: tcs3701: start power rail timer, state:3
11-26 23:41:55.282  1011  1189 I ASH     : @ 385367.453: tcs3701: stop power rail pending_off timer
11-26 23:41:55.282  1011  1189 D ASH     : @ 385367.453: tcs3701: start power rail timer, state:3
11-26 23:41:55.287  1795  3057 D ActivityManager: freezer override set to true
11-26 23:41:55.289 26741 26741 E AbstractGmsTracer: Traced class shouldn't be obfuscated: GmsIntentOperationChimeraService [CONTEXT service_id=259 ]
11-26 23:41:55.291  1795  3057 D ActivityManager: freezer override set to false
11-26 23:41:55.295 26741 32441 E AbstractGmsTracer: Traced class shouldn't be obfuscated: InstantIndexingIntentOperation [CONTEXT service_id=259 ]
11-26 23:41:55.295 26741 32441 I GmscoreIpa: Starting mediastore instant index [CONTEXT service_id=255 ]
11-26 23:41:55.305  8427  8469 I BatteryMgr:DataCollectionService: stats => 1701038515305,12512,4442,2136,4169000,100
11-26 23:41:55.322  1011  1189 I ASH     : @ 385367.493: tcs3701: stop power rail pending_off timer
11-26 23:41:55.322  1011  1189 D ASH     : @ 385367.493: tcs3701: start power rail timer, state:3
11-26 23:41:55.341  1795  1854 D ActivityManager: freezer override set to true
11-26 23:41:55.344  1795  1854 D ActivityManager: freezer override set to false
11-26 23:41:55.363  1011  1189 I ASH     : @ 385367.533: tcs3701: stop power rail pending_off timer
11-26 23:41:55.363  1011  1189 D ASH     : @ 385367.533: tcs3701: start power rail timer, state:3
11-26 23:41:55.402  1011  1189 I ASH     : @ 385367.573: tcs3701: stop power rail pending_off timer
11-26 23:41:55.402  1011  1189 D ASH     : @ 385367.573: tcs3701: start power rail timer, state:3
11-26 23:41:55.413  8427  8469 I BatteryMgr:DataCollectionService: stats => 1701038515413,12512,4442,2136,4169000,100
11-26 23:41:55.442  1011  1189 I ASH     : @ 385367.613: tcs3701: stop power rail pending_off timer
11-26 23:41:55.442  1011  1189 D ASH     : @ 385367.613: tcs3701: start power rail timer, state:3
11-26 23:41:55.482  1011  1189 I ASH     : @ 385367.653: tcs3701: stop power rail pending_off timer
11-26 23:41:55.483  1011  1189 D ASH     : @ 385367.653: tcs3701: start power rail timer, state:3
11-26 23:41:55.519  8427  8469 I BatteryMgr:DataCollectionService: stats => 1701038515519,12512,4442,2136,4169000,100
11-26 23:41:55.522  1011  1189 I ASH     : @ 385367.693: tcs3701: stop power rail pending_off timer
11-26 23:41:55.522  1011  1189 D ASH     : @ 385367.693: tcs3701: start power rail timer, state:3
11-26 23:41:55.563  1011  1189 I ASH     : @ 385367.733: tcs3701: stop power rail pending_off timer
11-26 23:41:55.563  1011  1189 D ASH     : @ 385367.733: tcs3701: start power rail timer, state:3
11-26 23:41:55.602  1011  1189 I ASH     : @ 385367.773: tcs3701: stop power rail pending_off timer
11-26 23:41:55.602  1011  1189 D ASH     : @ 385367.773: tcs3701: start power rail timer, state:3
11-26 23:41:55.628  8427  8469 I BatteryMgr:DataCollectionService: stats => 1701038515628,12512,4442,2136,4169000,100
11-26 23:41:55.642  1011  1189 I ASH     : @ 385367.813: tcs3701: stop power rail pending_off timer
11-26 23:41:55.643  1011  1189 D ASH     : @ 385367.813: tcs3701: start power rail timer, state:3
11-26 23:41:55.669  1795  1854 D ActivityManager: freezer override set to true
11-26 23:41:55.675  1795  1854 D ActivityManager: freezer override set to false
11-26 23:41:55.682  1011  1189 I ASH     : @ 385367.853: tcs3701: stop power rail pending_off timer
11-26 23:41:55.683  1011  1189 D ASH     : @ 385367.853: tcs3701: start power rail timer, state:3
11-26 23:41:55.722  1011  1189 I ASH     : @ 385367.893: tcs3701: stop power rail pending_off timer
11-26 23:41:55.723  1011  1189 D ASH     : @ 385367.893: tcs3701: start power rail timer, state:3
11-26 23:41:55.738  8427  8469 I BatteryMgr:DataCollectionService: stats => 1701038515737,12512,4442,2136,4169000,100
11-26 23:41:55.762  1011  1189 I ASH     : @ 385367.933: tcs3701: stop power rail pending_off timer
11-26 23:41:55.762  1011  1189 D ASH     : @ 385367.933: tcs3701: start power rail timer, state:3
11-26 23:41:55.803  1011  1189 I ASH     : @ 385367.973: tcs3701: stop power rail pending_off timer
11-26 23:41:55.803  1011  1189 D ASH     : @ 385367.973: tcs3701: start power rail timer, state:3
11-26 23:41:55.843  1011  1189 I ASH     : @ 385368.013: tcs3701: stop power rail pending_off timer
11-26 23:41:55.843  1011  1189 D ASH     : @ 385368.013: tcs3701: start power rail timer, state:3
11-26 23:41:55.845  8427  8469 I BatteryMgr:DataCollectionService: stats => 1701038515845,12512,4442,2136,4169000,100
11-26 23:41:55.883  1011  1189 I ASH     : @ 385368.053: tcs3701: stop power rail pending_off timer
11-26 23:41:55.883  1011  1189 D ASH     : @ 385368.053: tcs3701: start power rail timer, state:3
11-26 23:41:55.922  1011  1189 I ASH     : @ 385368.093: tcs3701: stop power rail pending_off timer
11-26 23:41:55.922  1011  1189 D ASH     : @ 385368.093: tcs3701: start power rail timer, state:3
11-26 23:41:55.953  8427  8469 I BatteryMgr:DataCollectionService: stats => 1701038515952,12512,4442,2136,4169000,100
11-26 23:41:55.963  1011  1189 I ASH     : @ 385368.133: tcs3701: stop power rail pending_off timer
11-26 23:41:55.963  1011  1189 D ASH     : @ 385368.133: tcs3701: start power rail timer, state:3
11-26 23:41:56.003  1011  1189 I ASH     : @ 385368.173: tcs3701: stop power rail pending_off timer
11-26 23:41:56.003  1011  1189 D ASH     : @ 385368.173: tcs3701: start power rail timer, state:3
11-26 23:41:56.034  2113  2118 I pixel-thermal: skin-therm-monitor: 41.446
11-26 23:41:56.043  1011  1189 I ASH     : @ 385368.213: tcs3701: stop power rail pending_off timer
11-26 23:41:56.043  1011  1189 D ASH     : @ 385368.213: tcs3701: start power rail timer, state:3
11-26 23:41:56.058  8427  8469 I BatteryMgr:DataCollectionService: stats => 1701038516058,12512,4442,2136,4169000,100
11-26 23:41:56.082  1011  1189 I ASH     : @ 385368.253: tcs3701: stop power rail pending_off timer
11-26 23:41:56.082  1011  1189 D ASH     : @ 385368.253: tcs3701: start power rail timer, state:3
11-26 23:41:56.122  1011  1189 I ASH     : @ 385368.293: tcs3701: stop power rail pending_off timer
11-26 23:41:56.122  1011  1189 D ASH     : @ 385368.293: tcs3701: start power rail timer, state:3
11-26 23:41:56.164  1011  1189 I ASH     : @ 385368.333: tcs3701: stop power rail pending_off timer
11-26 23:41:56.164  1011  1189 D ASH     : @ 385368.333: tcs3701: start power rail timer, state:3
11-26 23:41:56.165  8427  8469 I BatteryMgr:DataCollectionService: stats => 1701038516165,12512,4442,2136,4169000,100
11-26 23:41:56.203  1011  1189 I ASH     : @ 385368.373: tcs3701: stop power rail pending_off timer
11-26 23:41:56.203  1011  1189 D ASH     : @ 385368.373: tcs3701: start power rail timer, state:3
11-26 23:41:56.242  1011  1189 I ASH     : @ 385368.413: tcs3701: stop power rail pending_off timer
11-26 23:41:56.242  1011  1189 D ASH     : @ 385368.413: tcs3701: start power rail timer, state:3
11-26 23:41:56.273  8427  8469 I BatteryMgr:DataCollectionService: stats => 1701038516273,12512,4442,2136,4169000,100
11-26 23:41:56.282  1011  1189 I ASH     : @ 385368.453: tcs3701: stop power rail pending_off timer
11-26 23:41:56.283  1011  1189 D ASH     : @ 385368.453: tcs3701: start power rail timer, state:3
11-26 23:41:56.322  1011  1189 I ASH     : @ 385368.493: tcs3701: stop power rail pending_off timer
11-26 23:41:56.322  1011  1189 D ASH     : @ 385368.493: tcs3701: start power rail timer, state:3
11-26 23:41:56.362  1011  1189 I ASH     : @ 385368.533: tcs3701: stop power rail pending_off timer
11-26 23:41:56.363  1011  1189 D ASH     : @ 385368.533: tcs3701: start power rail timer, state:3
11-26 23:41:56.383  8427  8469 I BatteryMgr:DataCollectionService: stats => 1701038516383,12512,4442,2136,4169000,100
11-26 23:41:56.402  1011  1189 I ASH     : @ 385368.573: tcs3701: stop power rail pending_off timer
11-26 23:41:56.403  1011  1189 D ASH     : @ 385368.573: tcs3701: start power rail timer, state:3
11-26 23:41:56.442  1011  1189 I ASH     : @ 385368.613: tcs3701: stop power rail pending_off timer
11-26 23:41:56.442  1011  1189 D ASH     : @ 385368.613: tcs3701: start power rail timer, state:3
11-26 23:41:56.483  1011  1189 I ASH     : @ 385368.653: tcs3701: stop power rail pending_off timer
11-26 23:41:56.483  1011  1189 D ASH     : @ 385368.653: tcs3701: start power rail timer, state:3
11-26 23:41:56.493  8427  8469 I BatteryMgr:DataCollectionService: stats => 1701038516493,12512,4442,2136,4169000,100
11-26 23:41:56.495  1795  1854 D ActivityManager: freezer override set to true
11-26 23:41:56.523  1011  1189 I ASH     : @ 385368.693: tcs3701: stop power rail pending_off timer
11-26 23:41:56.523  1011  1189 D ASH     : @ 385368.693: tcs3701: start power rail timer, state:3
11-26 23:41:56.562  1011  1189 I ASH     : @ 385368.733: tcs3701: stop power rail pending_off timer
11-26 23:41:56.562  1011  1189 D ASH     : @ 385368.733: tcs3701: start power rail timer, state:3
11-26 23:41:56.599  8427  8469 I BatteryMgr:DataCollectionService: stats => 1701038516599,12512,4442,2136,4169000,100
11-26 23:41:56.602  1011  1189 I ASH     : @ 385368.773: tcs3701: stop power rail pending_off timer
11-26 23:41:56.602  1011  1189 D ASH     : @ 385368.773: tcs3701: start power rail timer, state:3
11-26 23:41:56.643  1011  1189 I ASH     : @ 385368.813: tcs3701: stop power rail pending_off timer
11-26 23:41:56.643  1011  1189 D ASH     : @ 385368.813: tcs3701: start power rail timer, state:3
11-26 23:41:56.658 31479 31524 I m.chrome.canary: Explicit concurrent copying GC freed 3850(207KB) AllocSpace objects, 4(80KB) LOS objects, 75% free, 14MB/57MB, paused 104us,27us total 66.390ms
11-26 23:41:56.682  1011  1189 I ASH     : @ 385368.853: tcs3701: stop power rail pending_off timer
11-26 23:41:56.682  1011  1189 D ASH     : @ 385368.853: tcs3701: start power rail timer, state:3
11-26 23:41:56.704  8427  8469 I BatteryMgr:DataCollectionService: stats => 1701038516704,12512,4442,2136,4169000,100
11-26 23:41:56.722  1011  1189 I ASH     : @ 385368.893: tcs3701: stop power rail pending_off timer
11-26 23:41:56.722  1011  1189 D ASH     : @ 385368.893: tcs3701: start power rail timer, state:3
11-26 23:41:56.740  1795  3057 D ActivityManager: freezer override set to false
11-26 23:41:56.763  1011  1189 I ASH     : @ 385368.933: tcs3701: stop power rail pending_off timer
11-26 23:41:56.763  1011  1189 D ASH     : @ 385368.933: tcs3701: start power rail timer, state:3
11-26 23:41:56.803  1011  1189 I ASH     : @ 385368.973: tcs3701: stop power rail pending_off timer
11-26 23:41:56.803  1011  1189 D ASH     : @ 385368.973: tcs3701: start power rail timer, state:3
11-26 23:41:56.807  1795  1854 D ActivityManager: freezer override set to true
11-26 23:41:56.810  1795  1854 D ActivityManager: freezer override set to false
11-26 23:41:56.811  8427  8469 I BatteryMgr:DataCollectionService: stats => 1701038516811,12512,4442,2136,4169000,100
11-26 23:41:56.842  1011  1189 I ASH     : @ 385369.013: tcs3701: stop power rail pending_off timer
11-26 23:41:56.842  1011  1189 D ASH     : @ 385369.013: tcs3701: start power rail timer, state:3
11-26 23:41:56.856  1795  1854 D ActivityManager: freezer override set to true
11-26 23:41:56.859  1795  1854 D ActivityManager: freezer override set to false
11-26 23:41:56.882  1011  1189 I ASH     : @ 385369.053: tcs3701: stop power rail pending_off timer
11-26 23:41:56.882  1011  1189 D ASH     : @ 385369.053: tcs3701: start power rail timer, state:3
11-26 23:41:56.917  8427  8469 I BatteryMgr:DataCollectionService: stats => 1701038516917,12512,4442,2136,4169000,100
11-26 23:41:56.922  1011  1189 I ASH     : @ 385369.093: tcs3701: stop power rail pending_off timer
11-26 23:41:56.922  1011  1189 D ASH     : @ 385369.093: tcs3701: start power rail timer, state:3
11-26 23:41:56.962  1011  1189 I ASH     : @ 385369.133: tcs3701: stop power rail pending_off timer
11-26 23:41:56.962  1011  1189 D ASH     : @ 385369.133: tcs3701: start power rail timer, state:3
11-26 23:41:57.002  1011  1189 I ASH     : @ 385369.173: tcs3701: stop power rail pending_off timer
11-26 23:41:57.002  1011  1189 D ASH     : @ 385369.173: tcs3701: start power rail timer, state:3
11-26 23:41:57.024  8427  8469 I BatteryMgr:DataCollectionService: stats => 1701038517024,12512,4442,2136,4169000,100
11-26 23:41:57.042  1011  1189 I ASH     : @ 385369.213: tcs3701: stop power rail pending_off timer
11-26 23:41:57.043  1011  1189 D ASH     : @ 385369.213: tcs3701: start power rail timer, state:3
11-26 23:41:57.082  1011  1189 I ASH     : @ 385369.253: tcs3701: stop power rail pending_off timer
11-26 23:41:57.082  1011  1189 D ASH     : @ 385369.253: tcs3701: start power rail timer, state:3
11-26 23:41:57.123  1011  1189 I ASH     : @ 385369.293: tcs3701: stop power rail pending_off timer
11-26 23:41:57.123  1011  1189 D ASH     : @ 385369.293: tcs3701: start power rail timer, state:3
11-26 23:41:57.131  8427  8469 I BatteryMgr:DataCollectionService: stats => 1701038517131,12512,4442,2136,4169000,100
11-26 23:41:57.162  1011  1189 I ASH     : @ 385369.333: tcs3701: stop power rail pending_off timer
11-26 23:41:57.162  1011  1189 D ASH     : @ 385369.333: tcs3701: start power rail timer, state:3
11-26 23:41:57.202  1011  1189 I ASH     : @ 385369.373: tcs3701: stop power rail pending_off timer
11-26 23:41:57.202  1011  1189 D ASH     : @ 385369.373: tcs3701: start power rail timer, state:3
11-26 23:41:57.239  8427  8469 I BatteryMgr:DataCollectionService: stats => 1701038517239,12512,4442,2136,4169000,100
11-26 23:41:57.242  1011  1189 I ASH     : @ 385369.413: tcs3701: stop power rail pending_off timer
11-26 23:41:57.243  1011  1189 D ASH     : @ 385369.413: tcs3701: start power rail timer, state:3
11-26 23:41:57.283  1011  1189 I ASH     : @ 385369.453: tcs3701: stop power rail pending_off timer
11-26 23:41:57.283  1011  1189 D ASH     : @ 385369.453: tcs3701: start power rail timer, state:3
11-26 23:41:57.322  1011  1189 I ASH     : @ 385369.493: tcs3701: stop power rail pending_off timer
11-26 23:41:57.322  1011  1189 D ASH     : @ 385369.493: tcs3701: start power rail timer, state:3
11-26 23:41:57.345  8427  8469 I BatteryMgr:DataCollectionService: stats => 1701038517345,12512,4442,2136,4169000,100
11-26 23:41:57.363  1011  1189 I ASH     : @ 385369.533: tcs3701: stop power rail pending_off timer
11-26 23:41:57.363  1011  1189 D ASH     : @ 385369.533: tcs3701: start power rail timer, state:3
11-26 23:41:57.402  1011  1189 I ASH     : @ 385369.573: tcs3701: stop power rail pending_off timer
11-26 23:41:57.402  1011  1189 D ASH     : @ 385369.573: tcs3701: start power rail timer, state:3
11-26 23:41:57.443  1011  1189 I ASH     : @ 385369.613: tcs3701: stop power rail pending_off timer
11-26 23:41:57.443  1011  1189 D ASH     : @ 385369.613: tcs3701: start power rail timer, state:3
11-26 23:41:57.453  8427  8469 I BatteryMgr:DataCollectionService: stats => 1701038517453,12512,4442,2136,4169000,100
11-26 23:41:57.482  1011  1189 I ASH     : @ 385369.653: tcs3701: stop power rail pending_off timer
11-26 23:41:57.483  1011  1189 D ASH     : @ 385369.653: tcs3701: start power rail timer, state:3
11-26 23:41:57.522  1011  1189 I ASH     : @ 385369.693: tcs3701: stop power rail pending_off timer
11-26 23:41:57.522  1011  1189 D ASH     : @ 385369.693: tcs3701: start power rail timer, state:3
11-26 23:41:57.561  8427  8469 I BatteryMgr:DataCollectionService: stats => 1701038517561,12512,4442,2136,4169000,100
11-26 23:41:57.563  1011  1189 I ASH     : @ 385369.733: tcs3701: stop power rail pending_off timer
11-26 23:41:57.563  1011  1189 D ASH     : @ 385369.733: tcs3701: start power rail timer, state:3
11-26 23:41:57.602  1011  1189 I ASH     : @ 385369.773: tcs3701: stop power rail pending_off timer
11-26 23:41:57.602  1011  1189 D ASH     : @ 385369.773: tcs3701: start power rail timer, state:3
11-26 23:41:57.642  1011  1189 I ASH     : @ 385369.813: tcs3701: stop power rail pending_off timer
11-26 23:41:57.643  1011  1189 D ASH     : @ 385369.813: tcs3701: start power rail timer, state:3
11-26 23:41:57.668  8427  8469 I BatteryMgr:DataCollectionService: stats => 1701038517668,12512,4442,2136,4169000,100
11-26 23:41:57.682  1011  1189 I ASH     : @ 385369.853: tcs3701: stop power rail pending_off timer
11-26 23:41:57.682  1011  1189 D ASH     : @ 385369.853: tcs3701: start power rail timer, state:3
11-26 23:41:57.687  1795  3057 D ActivityManager: freezer override set to true
11-26 23:41:57.695  1795  3057 D ActivityManager: freezer override set to false
11-26 23:41:57.722  1011  1189 I ASH     : @ 385369.893: tcs3701: stop power rail pending_off timer
11-26 23:41:57.722  1011  1189 D ASH     : @ 385369.893: tcs3701: start power rail timer, state:3
11-26 23:41:57.762  1011  1189 I ASH     : @ 385369.933: tcs3701: stop power rail pending_off timer
11-26 23:41:57.762  1011  1189 D ASH     : @ 385369.933: tcs3701: start power rail timer, state:3
11-26 23:41:57.775  8427  8469 I BatteryMgr:DataCollectionService: stats => 1701038517775,12512,4442,2136,4169000,100
11-26 23:41:57.803  1011  1189 I ASH     : @ 385369.973: tcs3701: stop power rail pending_off timer
11-26 23:41:57.803  1011  1189 D ASH     : @ 385369.973: tcs3701: start power rail timer, state:3
11-26 23:41:57.842  1011  1189 I ASH     : @ 385370.013: tcs3701: stop power rail pending_off timer
11-26 23:41:57.842  1011  1189 D ASH     : @ 385370.013: tcs3701: start power rail timer, state:3
11-26 23:41:57.881  8427  8469 I BatteryMgr:DataCollectionService: stats => 1701038517881,12512,4442,2136,4169000,100
11-26 23:41:57.882  1011  1189 I ASH     : @ 385370.053: tcs3701: stop power rail pending_off timer
11-26 23:41:57.882  1011  1189 D ASH     : @ 385370.053: tcs3701: start power rail timer, state:3
11-26 23:41:57.923  1011  1189 I ASH     : @ 385370.093: tcs3701: stop power rail pending_off timer
11-26 23:41:57.923  1011  1189 D ASH     : @ 385370.093: tcs3701: start power rail timer, state:3
11-26 23:41:57.954  1795  2424 D WifiNetworkSelector: Current connected network: 12
11-26 23:41:57.954  1795  2424 V WifiConnectivityManager: No partial scan because firmware roaming is supported.
11-26 23:41:57.954  1795  2424 V WifiConnectivityManager: schedulePeriodicScanTimer intervalMs 20000
11-26 23:41:57.962  1011  1189 I ASH     : @ 385370.133: tcs3701: stop power rail pending_off timer
11-26 23:41:57.962  1011  1189 D ASH     : @ 385370.133: tcs3701: start power rail timer, state:3
11-26 23:41:57.989  8427  8469 I BatteryMgr:DataCollectionService: stats => 1701038517989,12512,4442,2136,4169000,100
11-26 23:41:58.001  1795  3057 D ActivityManager: freezer override set to true
11-26 23:41:58.002  1011  1189 I ASH     : @ 385370.173: tcs3701: stop power rail pending_off timer
11-26 23:41:58.003  1011  1189 D ASH     : @ 385370.173: tcs3701: start power rail timer, state:3
11-26 23:41:58.037  2113  2118 I pixel-thermal: skin-therm-monitor: 41.453
11-26 23:41:58.042  1011  1189 I ASH     : @ 385370.213: tcs3701: stop power rail pending_off timer
11-26 23:41:58.042  1011  1189 D ASH     : @ 385370.213: tcs3701: start power rail timer, state:3
11-26 23:41:58.082  1011  1189 I ASH     : @ 385370.253: tcs3701: stop power rail pending_off timer
11-26 23:41:58.082  1011  1189 D ASH     : @ 385370.253: tcs3701: start power rail timer, state:3
11-26 23:41:58.096  8427  8469 I BatteryMgr:DataCollectionService: stats => 1701038518096,12512,4442,2136,4169000,100
11-26 23:41:58.122  1011  1189 I ASH     : @ 385370.293: tcs3701: stop power rail pending_off timer
11-26 23:41:58.122  1011  1189 D ASH     : @ 385370.293: tcs3701: start power rail timer, state:3
11-26 23:41:58.128 31479 31524 I m.chrome.canary: Explicit concurrent copying GC freed 4114(256KB) AllocSpace objects, 5(100KB) LOS objects, 75% free, 14MB/57MB, paused 74us,23us total 72.862ms
11-26 23:41:58.162  1011  1189 I ASH     : @ 385370.333: tcs3701: stop power rail pending_off timer
11-26 23:41:58.162  1011  1189 D ASH     : @ 385370.333: tcs3701: start power rail timer, state:3
11-26 23:41:58.201  1795  2424 D WifiClientModeImpl[13802:wlan0]: updateLinkLayerStatsRssiSpeedFrequencyCapabilities rssi=-47 TxLinkspeed=866 freq=5240 RxLinkSpeed=866
11-26 23:41:58.203  1011  1189 I ASH     : @ 385370.373: tcs3701: stop power rail pending_off timer
11-26 23:41:58.203  1795  2424 D WifiDataStall: tx tput in kbps: 726289
11-26 23:41:58.203  1795  2424 D WifiDataStall: rx tput in kbps: 764515
11-26 23:41:58.203  1795  2424 V WifiConfigManager: Updating scan detail cache freq=5240 BSSID=f4:6d:2f:12:cc:88 RSSI=-47 for "ourhome"WPA_PSK
11-26 23:41:58.203  1011  1189 D ASH     : @ 385370.373: tcs3701: start power rail timer, state:3
11-26 23:41:58.203  1795  2424 D WifiChannelUtilization:  freq: 5240 onTime: 10988062 busyTime: 1015370 onTimeDiff: 1340206 busyTimeDiff: 158884 utilization: 30 utilization t0: 23
11-26 23:41:58.203  1795  2424 D WifiDataStall:  ccaLevel = 30
11-26 23:41:58.203  1795  2424 D WifiDataStall: L2 txTputKbps: 726289, rxTputKbps: 764515, L3 txTputKbps: 0, rxTputKbps: 0, TxTrafficHigh: false, RxTrafficHigh: false, Throughput Sufficient: true
11-26 23:41:58.204  1795  3057 D ActivityManager: freezer override set to false
11-26 23:41:58.204  1795  2424 D WifiScoreReport: Wifi scoring disabled - Don't check IP layer
11-26 23:41:58.204  2782  5906 D QCNEJ/WlanStaInfoRelay: Received action: android.net.wifi.RSSI_CHANGED
11-26 23:41:58.204  1795  2424 D WifiScoreCard: BSSID update SIGNAL_POLL ID: 1320464697 SSID: "ourhome", BSSID: f4:6d:2f:12:cc:88, MAC: b2:2f:ec:da:4a:0c, IP: /192.168.1.104, Security type: 2, Supplicant state: COMPLETED, Wi-Fi standard: 5, RSSI: -47, Link speed: 866Mbps, Tx Link speed: 866Mbps, Max Supported Tx Link speed: 866Mbps, Rx Link speed: 866Mbps, Max Supported Rx Link speed: 866Mbps, Frequency: 5240MHz, Net ID: 12, Metered hint: false, score: 60, isUsable: true, CarrierMerged: false, SubscriptionId: -1, IsPrimary: 1, Trusted: true, Restricted: false, Ephemeral: false, OEM paid: false, OEM private: false, OSU AP: false, FQDN: <none>, Provider friendly name: <none>, Requesting package name: <none>"ourhome"wpa2-pskMLO Information: , Is TID-To-Link negotiation supported by the AP: false, AP MLD Address: <none>, AP MLO Link Id: <none>, AP MLO Affiliated links: <none>
11-26 23:41:58.204  1795  2424 D WifiScoreCard: txRate: 1 txSpeed: 866
11-26 23:41:58.204  1795  2424 D WifiScoreCard: network update SIGNAL_POLL "ourhome" ID: 1499892569 RSSI -47 txSpeed -1
11-26 23:41:58.204  2673 18847 V WifiManager: OnWifiUsabilityStatsListener: onWifiUsabilityStats: seqNum=99268
11-26 23:41:58.204  1795  2424 D WifiClientModeImpl[13802:wlan0]:  ClientModeImpl$L2ConnectedState screen=on 37 0 "ourhome" f4:6d:2f:12:cc:88 rssi=-47 f=5240 sc=60 link=866 tx=0.4, 0.0, 0.0 rx=0.8 bcn=3648799 [on:0 tx:0 rx:0 period:3014] from screen [on:1352081 period:26083490] score=60
11-26 23:41:58.205  1795  1854 I WifiService: updateWifiUsabilityScore uid=10180 seqNum=99268 score=100 predictionHorizonSec=1441795
11-26 23:41:58.206  1795  2424 D WifiScoreReport: Wifi scoring disabled - Notify that Wifi is usable
11-26 23:41:58.207  8427  8469 I BatteryMgr:DataCollectionService: stats => 1701038518207,12512,4442,2136,4169000,100
11-26 23:41:58.209  1795  2432 D ConnectivityService: NetReassign [no changes] [c 0] [a 1] [i 2]
11-26 23:41:58.242  1011  1189 I ASH     : @ 385370.413: tcs3701: stop power rail pending_off timer
11-26 23:41:58.242  1011  1189 D ASH     : @ 385370.413: tcs3701: start power rail timer, state:3
11-26 23:41:58.244  1795  3057 D ActivityManager: freezer override set to true
11-26 23:41:58.246  1795  3057 D ActivityManager: freezer override set to false
11-26 23:41:58.282  1011  1189 I ASH     : @ 385370.453: tcs3701: stop power rail pending_off timer
11-26 23:41:58.282  1011  1189 D ASH     : @ 385370.453: tcs3701: start power rail timer, state:3
11-26 23:41:58.301  1795  3057 D ActivityManager: freezer override set to true
11-26 23:41:58.304  1795  3057 D ActivityManager: freezer override set to false
11-26 23:41:58.313  8427  8469 I BatteryMgr:DataCollectionService: stats => 1701038518313,12512,4442,2136,4169000,100
11-26 23:41:58.323  1011  1189 I ASH     : @ 385370.493: tcs3701: stop power rail pending_off timer
11-26 23:41:58.323  1011  1189 D ASH     : @ 385370.493: tcs3701: start power rail timer, state:3
11-26 23:41:58.362  1011  1189 I ASH     : @ 385370.533: tcs3701: stop power rail pending_off timer
11-26 23:41:58.362  1011  1189 D ASH     : @ 385370.533: tcs3701: start power rail timer, state:3
11-26 23:41:58.402  1011  1189 I ASH     : @ 385370.573: tcs3701: stop power rail pending_off timer
11-26 23:41:58.402  1011  1189 D ASH     : @ 385370.573: tcs3701: start power rail timer, state:3
11-26 23:41:58.422  8427  8469 I BatteryMgr:DataCollectionService: stats => 1701038518422,12512,4442,2136,4169000,100
11-26 23:41:58.443  1011  1189 I ASH     : @ 385370.613: tcs3701: stop power rail pending_off timer
11-26 23:41:58.443  1011  1189 D ASH     : @ 385370.613: tcs3701: start power rail timer, state:3
11-26 23:41:58.482  1011  1189 I ASH     : @ 385370.653: tcs3701: stop power rail pending_off timer
11-26 23:41:58.482  1011  1189 D ASH     : @ 385370.653: tcs3701: start power rail timer, state:3
11-26 23:41:58.522  1011  1189 I ASH     : @ 385370.693: tcs3701: stop power rail pending_off timer
11-26 23:41:58.523  1011  1189 D ASH     : @ 385370.693: tcs3701: start power rail timer, state:3
11-26 23:41:58.529  8427  8469 I BatteryMgr:DataCollectionService: stats => 1701038518529,12512,4442,2136,4169000,100
11-26 23:41:58.562  1011  1189 I ASH     : @ 385370.733: tcs3701: stop power rail pending_off timer
11-26 23:41:58.562  1011  1189 D ASH     : @ 385370.733: tcs3701: start power rail timer, state:3
11-26 23:41:58.602  1011  1189 I ASH     : @ 385370.773: tcs3701: stop power rail pending_off timer
11-26 23:41:58.602  1011  1189 D ASH     : @ 385370.773: tcs3701: start power rail timer, state:3
11-26 23:41:58.635  8427  8469 I BatteryMgr:DataCollectionService: stats => 1701038518635,12512,4442,2136,4169000,100
11-26 23:41:58.642  1011  1189 I ASH     : @ 385370.813: tcs3701: stop power rail pending_off timer
11-26 23:41:58.643  1011  1189 D ASH     : @ 385370.813: tcs3701: start power rail timer, state:3
11-26 23:41:58.682  1011  1189 I ASH     : @ 385370.853: tcs3701: stop power rail pending_off timer
11-26 23:41:58.682  1011  1189 D ASH     : @ 385370.853: tcs3701: start power rail timer, state:3
11-26 23:41:58.686  1795  3057 D ActivityManager: freezer override set to true
11-26 23:41:58.690  1795  3057 D ActivityManager: freezer override set to false
11-26 23:41:58.722  1011  1189 I ASH     : @ 385370.893: tcs3701: stop power rail pending_off timer
11-26 23:41:58.722  1011  1189 D ASH     : @ 385370.893: tcs3701: start power rail timer, state:3
11-26 23:41:58.741  8427  8469 I BatteryMgr:DataCollectionService: stats => 1701038518741,12512,4442,2136,4169000,100
11-26 23:41:58.762  1011  1189 I ASH     : @ 385370.933: tcs3701: stop power rail pending_off timer
11-26 23:41:58.762  1011  1189 D ASH     : @ 385370.933: tcs3701: start power rail timer, state:3
11-26 23:41:58.803  1011  1189 I ASH     : @ 385370.973: tcs3701: stop power rail pending_off timer
11-26 23:41:58.803  1011  1189 D ASH     : @ 385370.973: tcs3701: start power rail timer, state:3
11-26 23:41:58.842  1011  1189 I ASH     : @ 385371.013: tcs3701: stop power rail pending_off timer
11-26 23:41:58.843  1011  1189 D ASH     : @ 385371.013: tcs3701: start power rail timer, state:3
11-26 23:41:58.848  8427  8469 I BatteryMgr:DataCollectionService: stats => 1701038518848,12512,4442,2136,4169000,100
11-26 23:41:58.883  1011  1189 I ASH     : @ 385371.053: tcs3701: stop power rail pending_off timer
11-26 23:41:58.883  1011  1189 D ASH     : @ 385371.053: tcs3701: start power rail timer, state:3
11-26 23:41:58.923  1011  1189 I ASH     : @ 385371.093: tcs3701: stop power rail pending_off timer
11-26 23:41:58.923  1011  1189 D ASH     : @ 385371.093: tcs3701: start power rail timer, state:3
11-26 23:41:58.957  8427  8469 I BatteryMgr:DataCollectionService: stats => 1701038518957,12512,4442,2136,4169000,100
11-26 23:41:58.962  1011  1189 I ASH     : @ 385371.133: tcs3701: stop power rail pending_off timer
11-26 23:41:58.962  1011  1189 D ASH     : @ 385371.133: tcs3701: start power rail timer, state:3
11-26 23:41:59.003  1011  1189 I ASH     : @ 385371.173: tcs3701: stop power rail pending_off timer
11-26 23:41:59.003  1011  1189 D ASH     : @ 385371.173: tcs3701: start power rail timer, state:3
11-26 23:41:59.042  1011  1189 I ASH     : @ 385371.213: tcs3701: stop power rail pending_off timer
11-26 23:41:59.043  1011  1189 D ASH     : @ 385371.213: tcs3701: start power rail timer, state:3
11-26 23:41:59.066  8427  8469 I BatteryMgr:DataCollectionService: stats => 1701038519066,12512,4442,2136,4169000,100
11-26 23:41:59.082  1011  1189 I ASH     : @ 385371.253: tcs3701: stop power rail pending_off timer
11-26 23:41:59.082  1011  1189 D ASH     : @ 385371.253: tcs3701: start power rail timer, state:3
11-26 23:41:59.122  1011  1189 I ASH     : @ 385371.293: tcs3701: stop power rail pending_off timer
11-26 23:41:59.123  1011  1189 D ASH     : @ 385371.293: tcs3701: start power rail timer, state:3
11-26 23:41:59.162  1011  1189 I ASH     : @ 385371.333: tcs3701: stop power rail pending_off timer
11-26 23:41:59.162  1011  1189 D ASH     : @ 385371.333: tcs3701: start power rail timer, state:3
11-26 23:41:59.177  8427  8469 I BatteryMgr:DataCollectionService: stats => 1701038519177,12512,4442,2136,4169000,100
11-26 23:41:59.203  1011  1189 I ASH     : @ 385371.373: tcs3701: stop power rail pending_off timer
11-26 23:41:59.203  1011  1189 D ASH     : @ 385371.373: tcs3701: start power rail timer, state:3
11-26 23:41:59.242  1011  1189 I ASH     : @ 385371.413: tcs3701: stop power rail pending_off timer
11-26 23:41:59.242  1011  1189 D ASH     : @ 385371.413: tcs3701: start power rail timer, state:3
11-26 23:41:59.283  1011  1189 I ASH     : @ 385371.453: tcs3701: stop power rail pending_off timer
11-26 23:41:59.283  1011  1189 D ASH     : @ 385371.453: tcs3701: start power rail timer, state:3
11-26 23:41:59.286  8427  8469 I BatteryMgr:DataCollectionService: stats => 1701038519285,12512,4442,2136,4169000,100
11-26 23:41:59.322  1011  1189 I ASH     : @ 385371.493: tcs3701: stop power rail pending_off timer
11-26 23:41:59.322  1011  1189 D ASH     : @ 385371.493: tcs3701: start power rail timer, state:3
11-26 23:41:59.362  1011  1189 I ASH     : @ 385371.533: tcs3701: stop power rail pending_off timer
11-26 23:41:59.362  1011  1189 D ASH     : @ 385371.533: tcs3701: start power rail timer, state:3
11-26 23:41:59.392  8427  8469 I BatteryMgr:DataCollectionService: stats => 1701038519392,12512,4442,2136,4169000,100
11-26 23:41:59.403  1011  1189 I ASH     : @ 385371.573: tcs3701: stop power rail pending_off timer
11-26 23:41:59.403  1011  1189 D ASH     : @ 385371.573: tcs3701: start power rail timer, state:3
11-26 23:41:59.442  1011  1189 I ASH     : @ 385371.613: tcs3701: stop power rail pending_off timer
11-26 23:41:59.442  1011  1189 D ASH     : @ 385371.613: tcs3701: start power rail timer, state:3
11-26 23:41:59.482  1011  1189 I ASH     : @ 385371.653: tcs3701: stop power rail pending_off timer
11-26 23:41:59.482  1011  1189 D ASH     : @ 385371.653: tcs3701: start power rail timer, state:3
11-26 23:41:59.484  1795  3057 D ActivityManager: freezer override set to true
11-26 23:41:59.500  8427  8469 I BatteryMgr:DataCollectionService: stats => 1701038519500,12512,4442,2136,4169000,100
11-26 23:41:59.522  1011  1189 I ASH     : @ 385371.693: tcs3701: stop power rail pending_off timer
11-26 23:41:59.522  1011  1189 D ASH     : @ 385371.693: tcs3701: start power rail timer, state:3
11-26 23:41:59.563  1011  1189 I ASH     : @ 385371.733: tcs3701: stop power rail pending_off timer
11-26 23:41:59.563  1011  1189 D ASH     : @ 385371.733: tcs3701: start power rail timer, state:3
11-26 23:41:59.602  1011  1189 I ASH     : @ 385371.773: tcs3701: stop power rail pending_off timer
11-26 23:41:59.602  1011  1189 D ASH     : @ 385371.773: tcs3701: start power rail timer, state:3
11-26 23:41:59.604 31479 31524 I m.chrome.canary: Explicit concurrent copying GC freed 3862(193KB) AllocSpace objects, 4(80KB) LOS objects, 75% free, 14MB/57MB, paused 110us,23us total 68.228ms
11-26 23:41:59.606  8427  8469 I BatteryMgr:DataCollectionService: stats => 1701038519605,12512,4442,2136,4169000,100
11-26 23:41:59.642  1011  1189 I ASH     : @ 385371.813: tcs3701: stop power rail pending_off timer
11-26 23:41:59.642  1011  1189 D ASH     : @ 385371.813: tcs3701: start power rail timer, state:3
11-26 23:41:59.682  1795  3057 D ActivityManager: freezer override set to false
11-26 23:41:59.682  1011  1189 I ASH     : @ 385371.853: tcs3701: stop power rail pending_off timer
11-26 23:41:59.682  1011  1189 D ASH     : @ 385371.853: tcs3701: start power rail timer, state:3
11-26 23:41:59.690  1795  3057 D ActivityManager: freezer override set to true
11-26 23:41:59.696  1795  3057 D ActivityManager: freezer override set to false
11-26 23:41:59.714  8427  8469 I BatteryMgr:DataCollectionService: stats => 1701038519714,12512,4442,2136,4169000,100
11-26 23:41:59.717  1795  3057 D ActivityManager: freezer override set to true
11-26 23:41:59.721  1795  3057 D ActivityManager: freezer override set to false
11-26 23:41:59.723  1011  1189 I ASH     : @ 385371.893: tcs3701: stop power rail pending_off timer
11-26 23:41:59.723  1011  1189 D ASH     : @ 385371.893: tcs3701: start power rail timer, state:3
11-26 23:41:59.763  1011  1189 I ASH     : @ 385371.933: tcs3701: stop power rail pending_off timer
11-26 23:41:59.763  1011  1189 D ASH     : @ 385371.933: tcs3701: start power rail timer, state:3
11-26 23:41:59.770  1795  3057 D ActivityManager: freezer override set to true
11-26 23:41:59.774  1795  3057 D ActivityManager: freezer override set to false
11-26 23:41:59.803  1011  1189 I ASH     : @ 385371.973: tcs3701: stop power rail pending_off timer
11-26 23:41:59.803  1011  1189 D ASH     : @ 385371.973: tcs3701: start power rail timer, state:3
11-26 23:41:59.821  8427  8469 I BatteryMgr:DataCollectionService: stats => 1701038519821,12512,4442,2136,4169000,100
11-26 23:41:59.842  1011  1189 I ASH     : @ 385372.013: tcs3701: stop power rail pending_off timer
11-26 23:41:59.842  1011  1189 D ASH     : @ 385372.013: tcs3701: start power rail timer, state:3
11-26 23:41:59.883  1011  1189 I ASH     : @ 385372.053: tcs3701: stop power rail pending_off timer
11-26 23:41:59.883  1011  1189 D ASH     : @ 385372.053: tcs3701: start power rail timer, state:3
11-26 23:41:59.923  1011  1189 I ASH     : @ 385372.093: tcs3701: stop power rail pending_off timer
11-26 23:41:59.923  1011  1189 D ASH     : @ 385372.093: tcs3701: start power rail timer, state:3
11-26 23:41:59.928  8427  8469 I BatteryMgr:DataCollectionService: stats => 1701038519928,12512,4442,2136,4169000,100
11-26 23:41:59.962  1011  1189 I ASH     : @ 385372.133: tcs3701: stop power rail pending_off timer
11-26 23:41:59.963  1011  1189 D ASH     : @ 385372.133: tcs3701: start power rail timer, state:3
11-26 23:42:00.002  1011  1189 I ASH     : @ 385372.173: tcs3701: stop power rail pending_off timer
11-26 23:42:00.002  1011  1189 D ASH     : @ 385372.173: tcs3701: start power rail timer, state:3
11-26 23:42:00.008  3579  3877 I AiAiEcho: (REDACTED) Predicting[%d]: %s
11-26 23:42:00.010  3579  3877 I AiAiEcho: (REDACTED) EchoTargets: %s
11-26 23:42:00.010  3579  3877 I AiAiEcho: Filtered by AiAi flag check: %s
11-26 23:42:00.011  3579  3877 I AiAiEcho: (REDACTED) Ranked targets strategy: %s, count: %d, ranking metadata: %s
11-26 23:42:00.011  3579  3877 I AiAiEcho: (REDACTED) #SensitiveNotificationsTwiddler: processNotificationsOnLockScreenSetting: cardId: %s is removed
11-26 23:42:00.011  3579  3877 I AiAiEcho: (REDACTED) #weatherTwiddler: Weather removes SubtitleSupplementalItem in surface: %s
11-26 23:42:00.012  3579  3877 I AiAiEcho: (REDACTED) Predicting[%d]: %s
11-26 23:42:00.014  3579  3877 I AiAiEcho: (REDACTED) EchoTargets: %s
11-26 23:42:00.014  3579  3877 I AiAiEcho: Filtered by AiAi flag check: %s
11-26 23:42:00.015  3579  3877 I AiAiEcho: (REDACTED) Ranked targets strategy: %s, count: %d, ranking metadata: %s
11-26 23:42:00.015  3579  3877 I AiAiEcho: (REDACTED) #tapActionTwiddler: keeps UiSurface.ALL TapAction for: %s in the surface: %s for the cardId: %s
11-26 23:42:00.016  3579  3877 I AiAiEcho: (REDACTED) #weatherTwiddler: Weather removes SubtitleSupplementalItem in surface: %s
11-26 23:42:00.019  3579  3877 I AiAiEcho: (REDACTED) #postPredictionTargets: Sending updates to UISurface %s with targets# %s (types=[%s])
11-26 23:42:00.022  2513  2513 D SsBaseTemplateCard: No text view can be set up
11-26 23:42:00.023  2513  2513 D SsBaseTemplateCard: Passed-in item info is null
11-26 23:42:00.023  2513  2513 D SsBaseTemplateCard: Passed-in item info is null
11-26 23:42:00.023  2513  2513 I SsBaseTemplateCard: Secondary card pane is null
11-26 23:42:00.026  3579  3877 I AiAiEcho: (REDACTED) #postPredictionTargets: Sending updates to UISurface %s with targets# %s (types=[%s])
11-26 23:42:00.029  2940  2940 D SsBaseTemplateCard: Passed-in item info is null
11-26 23:42:00.029  2940  2940 D SsBaseTemplateCard: Passed-in item info is null
11-26 23:42:00.029  2940  2940 D SsBaseTemplateCard: No text view can be set up
11-26 23:42:00.030  2940  2940 D SsBaseTemplateCard: Passed-in item info is null
11-26 23:42:00.030  2940  2940 D SsBaseTemplateCard: Passed-in item info is null
11-26 23:42:00.030  2940  2940 I SsBaseTemplateCard: Secondary card pane is null
11-26 23:42:00.033  8427  8469 I BatteryMgr:DataCollectionService: stats => 1701038520033,12512,4442,2136,4169000,100
11-26 23:42:00.041  2113  2118 I pixel-thermal: skin-therm-monitor: 41.468
11-26 23:42:00.042  1011  1189 I ASH     : @ 385372.213: tcs3701: stop power rail pending_off timer
11-26 23:42:00.042  1011  1189 D ASH     : @ 385372.213: tcs3701: start power rail timer, state:3
11-26 23:42:00.082  1011  1189 I ASH     : @ 385372.253: tcs3701: stop power rail pending_off timer
11-26 23:42:00.083  1011  1189 D ASH     : @ 385372.253: tcs3701: start power rail timer, state:3
11-26 23:42:00.123  1011  1189 I ASH     : @ 385372.293: tcs3701: stop power rail pending_off timer
11-26 23:42:00.123  1011  1189 D ASH     : @ 385372.293: tcs3701: start power rail timer, state:3
11-26 23:42:00.141  8427  8469 I BatteryMgr:DataCollectionService: stats => 1701038520141,12512,4442,2136,4169000,100
11-26 23:42:00.162  1011  1189 I ASH     : @ 385372.333: tcs3701: stop power rail pending_off timer
11-26 23:42:00.162  1011  1189 D ASH     : @ 385372.333: tcs3701: start power rail timer, state:3
11-26 23:42:00.203  1011  1189 I ASH     : @ 385372.373: tcs3701: stop power rail pending_off timer
11-26 23:42:00.203  1011  1189 D ASH     : @ 385372.373: tcs3701: start power rail timer, state:3
11-26 23:42:00.243  1011  1189 I ASH     : @ 385372.413: tcs3701: stop power rail pending_off timer
11-26 23:42:00.243  1011  1189 D ASH     : @ 385372.413: tcs3701: start power rail timer, state:3
11-26 23:42:00.247  8427  8469 I BatteryMgr:DataCollectionService: stats => 1701038520247,12512,4442,2136,4169000,100
11-26 23:42:00.282  1011  1189 I ASH     : @ 385372.453: tcs3701: stop power rail pending_off timer
11-26 23:42:00.283  1011  1189 D ASH     : @ 385372.453: tcs3701: start power rail timer, state:3
11-26 23:42:00.322  1011  1189 I ASH     : @ 385372.493: tcs3701: stop power rail pending_off timer
11-26 23:42:00.322  1011  1189 D ASH     : @ 385372.493: tcs3701: start power rail timer, state:3
11-26 23:42:00.354  8427  8469 I BatteryMgr:DataCollectionService: stats => 1701038520354,12512,4442,2136,4169000,100
11-26 23:42:00.362  1011  1189 I ASH     : @ 385372.533: tcs3701: stop power rail pending_off timer
11-26 23:42:00.363  1011  1189 D ASH     : @ 385372.533: tcs3701: start power rail timer, state:3
11-26 23:42:00.402  1011  1189 I ASH     : @ 385372.573: tcs3701: stop power rail pending_off timer
11-26 23:42:00.403  1011  1189 D ASH     : @ 385372.573: tcs3701: start power rail timer, state:3
11-26 23:42:00.442  1011  1189 I ASH     : @ 385372.613: tcs3701: stop power rail pending_off timer
11-26 23:42:00.443  1011  1189 D ASH     : @ 385372.613: tcs3701: start power rail timer, state:3
11-26 23:42:00.462  8427  8469 I BatteryMgr:DataCollectionService: stats => 1701038520462,12512,4442,2136,4169000,100
11-26 23:42:00.483  1011  1189 I ASH     : @ 385372.653: tcs3701: stop power rail pending_off timer
11-26 23:42:00.483  1011  1189 D ASH     : @ 385372.653: tcs3701: start power rail timer, state:3
11-26 23:42:00.522  1011  1189 I ASH     : @ 385372.693: tcs3701: stop power rail pending_off timer
11-26 23:42:00.522  1011  1189 D ASH     : @ 385372.693: tcs3701: start power rail timer, state:3
11-26 23:42:00.563  1011  1189 I ASH     : @ 385372.733: tcs3701: stop power rail pending_off timer
11-26 23:42:00.563  1011  1189 D ASH     : @ 385372.733: tcs3701: start power rail timer, state:3
11-26 23:42:00.570  8427  8469 I BatteryMgr:DataCollectionService: stats => 1701038520570,12512,4442,2136,4169000,100
11-26 23:42:00.602  1011  1189 I ASH     : @ 385372.773: tcs3701: stop power rail pending_off timer
11-26 23:42:00.603  1011  1189 D ASH     : @ 385372.773: tcs3701: start power rail timer, state:3
11-26 23:42:00.643  1011  1189 I ASH     : @ 385372.813: tcs3701: stop power rail pending_off timer
11-26 23:42:00.643  1011  1189 D ASH     : @ 385372.813: tcs3701: start power rail timer, state:3
11-26 23:42:00.677  8427  8469 I BatteryMgr:DataCollectionService: stats => 1701038520677,12512,4442,2136,4169000,100
11-26 23:42:00.682  1011  1189 I ASH     : @ 385372.853: tcs3701: stop power rail pending_off timer
11-26 23:42:00.682  1011  1189 D ASH     : @ 385372.853: tcs3701: start power rail timer, state:3
11-26 23:42:00.707  1795  3057 D ActivityManager: freezer override set to true
11-26 23:42:00.710  1795  3057 D ActivityManager: freezer override set to false
11-26 23:42:00.722  1011  1189 I ASH     : @ 385372.893: tcs3701: stop power rail pending_off timer
11-26 23:42:00.722  1011  1189 D ASH     : @ 385372.893: tcs3701: start power rail timer, state:3
11-26 23:42:00.762  1011  1189 I ASH     : @ 385372.933: tcs3701: stop power rail pending_off timer
11-26 23:42:00.762  1011  1189 D ASH     : @ 385372.933: tcs3701: start power rail timer, state:3
11-26 23:42:00.784  8427  8469 I BatteryMgr:DataCollectionService: stats => 1701038520784,12512,4442,2136,4169000,100
11-26 23:42:00.803  1011  1189 I ASH     : @ 385372.973: tcs3701: stop power rail pending_off timer
11-26 23:42:00.803  1011  1189 D ASH     : @ 385372.973: tcs3701: start power rail timer, state:3
11-26 23:42:00.842  1011  1189 I ASH     : @ 385373.013: tcs3701: stop power rail pending_off timer
11-26 23:42:00.842  1011  1189 D ASH     : @ 385373.013: tcs3701: start power rail timer, state:3
11-26 23:42:00.883  1011  1189 I ASH     : @ 385373.053: tcs3701: stop power rail pending_off timer
11-26 23:42:00.883  1011  1189 D ASH     : @ 385373.053: tcs3701: start power rail timer, state:3
11-26 23:42:00.892  8427  8469 I BatteryMgr:DataCollectionService: stats => 1701038520892,12512,4442,2136,4169000,100
11-26 23:42:00.922  1011  1189 I ASH     : @ 385373.093: tcs3701: stop power rail pending_off timer
11-26 23:42:00.922  1011  1189 D ASH     : @ 385373.093: tcs3701: start power rail timer, state:3
11-26 23:42:00.943  1795  3057 D ActivityManager: freezer override set to true
11-26 23:42:00.963  1011  1189 I ASH     : @ 385373.133: tcs3701: stop power rail pending_off timer
11-26 23:42:00.963  1011  1189 D ASH     : @ 385373.133: tcs3701: start power rail timer, state:3
11-26 23:42:00.998  8427  8469 I BatteryMgr:DataCollectionService: stats => 1701038520998,12512,4442,2136,4169000,100
11-26 23:42:01.002  1011  1189 I ASH     : @ 385373.173: tcs3701: stop power rail pending_off timer
11-26 23:42:01.002  1011  1189 D ASH     : @ 385373.173: tcs3701: start power rail timer, state:3
11-26 23:42:01.043  1011  1189 I ASH     : @ 385373.213: tcs3701: stop power rail pending_off timer
11-26 23:42:01.043  1011  1189 D ASH     : @ 385373.213: tcs3701: start power rail timer, state:3
11-26 23:42:01.062 31479 31524 I m.chrome.canary: Explicit concurrent copying GC freed 4054(207KB) AllocSpace objects, 5(100KB) LOS objects, 75% free, 14MB/57MB, paused 122us,23us total 67.335ms
11-26 23:42:01.082  1011  1189 I ASH     : @ 385373.253: tcs3701: stop power rail pending_off timer
11-26 23:42:01.082  1011  1189 D ASH     : @ 385373.253: tcs3701: start power rail timer, state:3
11-26 23:42:01.105  8427  8469 I BatteryMgr:DataCollectionService: stats => 1701038521105,12512,4442,2136,4169000,100
11-26 23:42:01.122  1011  1189 I ASH     : @ 385373.293: tcs3701: stop power rail pending_off timer
11-26 23:42:01.122  1011  1189 D ASH     : @ 385373.293: tcs3701: start power rail timer, state:3
11-26 23:42:01.137  1795  3057 D ActivityManager: freezer override set to false
11-26 23:42:01.162  1011  1189 I ASH     : @ 385373.333: tcs3701: stop power rail pending_off timer
11-26 23:42:01.162  1011  1189 D ASH     : @ 385373.333: tcs3701: start power rail timer, state:3
11-26 23:42:01.189  1795  3057 D ActivityManager: freezer override set to true
11-26 23:42:01.192  1795  3057 D ActivityManager: freezer override set to false
11-26 23:42:01.202  1011  1189 I ASH     : @ 385373.373: tcs3701: stop power rail pending_off timer
11-26 23:42:01.202  1011  1189 D ASH     : @ 385373.373: tcs3701: start power rail timer, state:3
