11-23 23:18:08.058  1795  3745 I WifiService: updateWifiUsabilityScore uid=10180 seqNum=41159 score=100 predictionHorizonSec=1441795
11-23 23:18:08.064  1795  2424 D WifiChannelUtilization:  freq: 5240 onTime: 4129600 busyTime: 445551 onTimeDiff: 754808 busyTimeDiff: 129852 utilization: 43 utilization t0: 27
11-23 23:18:08.064  1795  2424 D WifiDataStall:  ccaLevel = 43
11-23 23:18:08.064  1795  2424 D WifiDataStall: L2 txTputKbps: 583636, rxTputKbps: 720539, L3 txTputKbps: 8, rxTputKbps: 71, TxTrafficHigh: true, RxTrafficHigh: true, Throughput Sufficient: true
11-23 23:18:08.064  1795  2424 D WifiScoreReport: Wifi scoring disabled - Don't check IP layer
11-23 23:18:08.065  1795  2424 D WifiScoreCard: BSSID update SIGNAL_POLL ID: 1320464697 SSID: "ourhome", BSSID: f4:6d:2f:12:cc:88, MAC: b2:2f:ec:da:4a:0c, IP: /192.168.1.104, Security type: 2, Supplicant state: COMPLETED, Wi-Fi standard: 5, RSSI: -47, Link speed: 866Mbps, Tx Link speed: 866Mbps, Max Supported Tx Link speed: 866Mbps, Rx Link speed: 866Mbps, Max Supported Rx Link speed: 866Mbps, Frequency: 5240MHz, Net ID: 12, Metered hint: false, score: 60, isUsable: true, CarrierMerged: false, SubscriptionId: -1, IsPrimary: 1, Trusted: true, Restricted: false, Ephemeral: false, OEM paid: false, OEM private: false, OSU AP: false, FQDN: <none>, Provider friendly name: <none>, Requesting package name: <none>"ourhome"wpa2-pskMLO Information: , Is TID-To-Link negotiation supported by the AP: false, AP MLD Address: <none>, AP MLO Link Id: <none>, AP MLO Affiliated links: <none>
11-23 23:18:08.065  1795  2424 D WifiScoreCard: txRate: 18 txSpeed: 866
11-23 23:18:08.065  1795  2424 D WifiScoreCard: network update SIGNAL_POLL "ourhome" ID: 1499892569 RSSI -47 txSpeed 866
11-23 23:18:08.065  1795  2424 D WifiClientModeImpl[13802:wlan0]:  ClientModeImpl$L2ConnectedState screen=on 25 0 "ourhome" f4:6d:2f:12:cc:88 rssi=-47 f=5240 sc=60 link=866 tx=15.2, 2.3, 0.0 rx=9.0 bcn=1198197 [on:940 tx:8 rx:7 period:3039] from screen [on:768949 period:11735430] score=60
11-23 23:18:08.065  1795  2424 D WifiScoreReport: Wifi scoring disabled - Notify that Wifi is usable
11-23 23:18:08.069  1795  2432 D ConnectivityService: NetReassign [no changes] [c 1] [a 0] [i 3]
11-23 23:18:08.076  1011  1189 I ASH     : @ 124740.271: tcs3701: stop power rail pending_off timer
11-23 23:18:08.076  1011  1189 D ASH     : @ 124740.271: tcs3701: start power rail timer, state:3
11-23 23:18:08.090  9398  7808 I BatteryMgr:DataCollectionService: stats => 1700777888090,9460,4444,9765,4169000,100
11-23 23:18:08.101  9398  7808 I BatteryMgr:DataCollectionService: stats => 1700777888101,9460,4444,9765,4169000,100
11-23 23:18:08.116  1011  1189 I ASH     : @ 124740.311: tcs3701: stop power rail pending_off timer
11-23 23:18:08.116  1011  1189 D ASH     : @ 124740.311: tcs3701: start power rail timer, state:3
11-23 23:18:08.155  9398  7808 I BatteryMgr:DataCollectionService: stats => 1700777888155,9460,4444,9765,4169000,100
11-23 23:18:08.156  1011  1189 I ASH     : @ 124740.351: tcs3701: stop power rail pending_off timer
11-23 23:18:08.156  1011  1189 D ASH     : @ 124740.351: tcs3701: start power rail timer, state:3
11-23 23:18:08.196  1011  1189 I ASH     : @ 124740.391: tcs3701: stop power rail pending_off timer
11-23 23:18:08.196  1011  1189 D ASH     : @ 124740.391: tcs3701: start power rail timer, state:3
11-23 23:18:08.201  9398  7808 I BatteryMgr:DataCollectionService: stats => 1700777888201,9460,4444,9765,4169000,100
11-23 23:18:08.210  9398  9436 I BatteryMgr:DataCollectionService: stats => 1700777888210,9460,4444,9765,4169000,100
11-23 23:18:08.236  1011  1189 I ASH     : @ 124740.431: tcs3701: stop power rail pending_off timer
11-23 23:18:08.236  1011  1189 D ASH     : @ 124740.431: tcs3701: start power rail timer, state:3
11-23 23:18:08.268  9398  9436 I BatteryMgr:DataCollectionService: stats => 1700777888268,9460,4444,9765,4169000,100
11-23 23:18:08.276  1011  1189 I ASH     : @ 124740.471: tcs3701: stop power rail pending_off timer
11-23 23:18:08.276  1011  1189 D ASH     : @ 124740.471: tcs3701: start power rail timer, state:3
11-23 23:18:08.288  1795  3324 D ActivityManager: freezer override set to true
11-23 23:18:08.305  1795  3324 D ActivityManager: freezer override set to false
11-23 23:18:08.316  1011  1189 I ASH     : @ 124740.511: tcs3701: stop power rail pending_off timer
11-23 23:18:08.316  1011  1189 D ASH     : @ 124740.511: tcs3701: start power rail timer, state:3
11-23 23:18:08.316  9398  7808 I BatteryMgr:DataCollectionService: stats => 1700777888316,9460,4444,9765,4169000,100
11-23 23:18:08.317  9398  9436 I BatteryMgr:DataCollectionService: stats => 1700777888317,9460,4444,9765,4169000,100
11-23 23:18:08.356  1011  1189 I ASH     : @ 124740.551: tcs3701: stop power rail pending_off timer
11-23 23:18:08.356  1011  1189 D ASH     : @ 124740.551: tcs3701: start power rail timer, state:3
11-23 23:18:08.375  9398  7808 I BatteryMgr:DataCollectionService: stats => 1700777888374,9460,4444,9765,4169000,100
11-23 23:18:08.396  1011  1189 I ASH     : @ 124740.591: tcs3701: stop power rail pending_off timer
11-23 23:18:08.396  1011  1189 D ASH     : @ 124740.591: tcs3701: start power rail timer, state:3
11-23 23:18:08.424  9398  7808 I BatteryMgr:DataCollectionService: stats => 1700777888424,9460,4444,9765,4169000,100
11-23 23:18:08.427  9398  9436 I BatteryMgr:DataCollectionService: stats => 1700777888427,9460,4444,9765,4169000,100
11-23 23:18:08.436  1011  1189 I ASH     : @ 124740.631: tcs3701: stop power rail pending_off timer
11-23 23:18:08.436  1011  1189 D ASH     : @ 124740.631: tcs3701: start power rail timer, state:3
11-23 23:18:08.476  1011  1189 I ASH     : @ 124740.671: tcs3701: stop power rail pending_off timer
11-23 23:18:08.476  1011  1189 D ASH     : @ 124740.671: tcs3701: start power rail timer, state:3
11-23 23:18:08.479  9398  9436 I BatteryMgr:DataCollectionService: stats => 1700777888478,9460,4444,9765,4169000,100
11-23 23:18:08.516  1011  1189 I ASH     : @ 124740.711: tcs3701: stop power rail pending_off timer
11-23 23:18:08.516  1011  1189 D ASH     : @ 124740.711: tcs3701: start power rail timer, state:3
11-23 23:18:08.530  9398  7808 I BatteryMgr:DataCollectionService: stats => 1700777888530,9460,4444,9765,4169000,100
11-23 23:18:08.530  9398  9436 I BatteryMgr:DataCollectionService: stats => 1700777888530,9460,4444,9765,4169000,100
11-23 23:18:08.556  1011  1189 I ASH     : @ 124740.751: tcs3701: stop power rail pending_off timer
11-23 23:18:08.556  1011  1189 D ASH     : @ 124740.751: tcs3701: start power rail timer, state:3
11-23 23:18:08.584  9398  9436 I BatteryMgr:DataCollectionService: stats => 1700777888584,9460,4444,9765,4169000,100
11-23 23:18:08.596  1011  1189 I ASH     : @ 124740.791: tcs3701: stop power rail pending_off timer
11-23 23:18:08.596  1011  1189 D ASH     : @ 124740.791: tcs3701: start power rail timer, state:3
11-23 23:18:08.637  1011  1189 I ASH     : @ 124740.831: tcs3701: stop power rail pending_off timer
11-23 23:18:08.637  1011  1189 D ASH     : @ 124740.831: tcs3701: start power rail timer, state:3
11-23 23:18:08.653  9398  9434 I BatteryMgr:DataCollectionService: stats => 1700777888653,9460,4444,9765,4169000,100
11-23 23:18:08.654  9398  7808 I BatteryMgr:DataCollectionService: stats => 1700777888654,9460,4444,9765,4169000,100
11-23 23:18:08.676  1011  1189 I ASH     : @ 124740.871: tcs3701: stop power rail pending_off timer
11-23 23:18:08.676  1011  1189 D ASH     : @ 124740.871: tcs3701: start power rail timer, state:3
11-23 23:18:08.691  9398  7808 I BatteryMgr:DataCollectionService: stats => 1700777888691,9460,4444,9765,4169000,100
11-23 23:18:08.716  1011  1189 I ASH     : @ 124740.911: tcs3701: stop power rail pending_off timer
11-23 23:18:08.716  1011  1189 D ASH     : @ 124740.911: tcs3701: start power rail timer, state:3
11-23 23:18:08.756  1011  1189 I ASH     : @ 124740.951: tcs3701: stop power rail pending_off timer
11-23 23:18:08.756  1011  1189 D ASH     : @ 124740.951: tcs3701: start power rail timer, state:3
11-23 23:18:08.764  9398  9434 I BatteryMgr:DataCollectionService: stats => 1700777888763,9460,4444,9765,4169000,100
11-23 23:18:08.764  9398  9436 I BatteryMgr:DataCollectionService: stats => 1700777888764,9460,4444,9765,4169000,100
11-23 23:18:08.796  1011  1189 I ASH     : @ 124740.991: tcs3701: stop power rail pending_off timer
11-23 23:18:08.796  1011  1189 D ASH     : @ 124740.991: tcs3701: start power rail timer, state:3
11-23 23:18:08.798  9398  9436 I BatteryMgr:DataCollectionService: stats => 1700777888798,9460,4444,9765,4169000,100
11-23 23:18:08.827  1795  3324 D ActivityManager: freezer override set to true
11-23 23:18:08.836  1011  1189 I ASH     : @ 124741.031: tcs3701: stop power rail pending_off timer
11-23 23:18:08.836  1011  1189 D ASH     : @ 124741.031: tcs3701: start power rail timer, state:3
11-23 23:18:08.868  9398  9434 I BatteryMgr:DataCollectionService: stats => 1700777888868,9460,4444,9765,4169000,100
11-23 23:18:08.870  9398  9436 I BatteryMgr:DataCollectionService: stats => 1700777888870,9460,4444,9765,4169000,100
11-23 23:18:08.876  1011  1189 I ASH     : @ 124741.071: tcs3701: stop power rail pending_off timer
11-23 23:18:08.876  1011  1189 D ASH     : @ 124741.071: tcs3701: start power rail timer, state:3
11-23 23:18:08.903  9398  9436 I BatteryMgr:DataCollectionService: stats => 1700777888903,9460,4444,9765,4169000,100
11-23 23:18:08.911 20113 20551 I m.chrome.canary: Explicit concurrent copying GC freed 4783(235KB) AllocSpace objects, 8(288KB) LOS objects, 75% free, 12MB/49MB, paused 116us,23us total 46.086ms
11-23 23:18:08.916  1011  1189 I ASH     : @ 124741.111: tcs3701: stop power rail pending_off timer
11-23 23:18:08.916  1011  1189 D ASH     : @ 124741.111: tcs3701: start power rail timer, state:3
11-23 23:18:08.956  1011  1189 I ASH     : @ 124741.151: tcs3701: stop power rail pending_off timer
11-23 23:18:08.956  1011  1189 D ASH     : @ 124741.151: tcs3701: start power rail timer, state:3
11-23 23:18:08.961  1795  3324 D ActivityManager: freezer override set to false
11-23 23:18:08.972  9398  9436 I BatteryMgr:DataCollectionService: stats => 1700777888972,9460,4444,9765,4169000,100
11-23 23:18:08.976  9398  9434 I BatteryMgr:DataCollectionService: stats => 1700777888975,9460,4444,9765,4169000,100
11-23 23:18:08.996  1011  1189 I ASH     : @ 124741.191: tcs3701: stop power rail pending_off timer
11-23 23:18:08.996  1011  1189 D ASH     : @ 124741.191: tcs3701: start power rail timer, state:3
11-23 23:18:09.009  9398  9434 I BatteryMgr:DataCollectionService: stats => 1700777889009,9460,4444,9765,4169000,100
11-23 23:18:09.014  1795  3324 D ActivityManager: freezer override set to true
11-23 23:18:09.019  1795  3324 D ActivityManager: freezer override set to false
11-23 23:18:09.036  1011  1189 I ASH     : @ 124741.231: tcs3701: stop power rail pending_off timer
11-23 23:18:09.036  1011  1189 D ASH     : @ 124741.231: tcs3701: start power rail timer, state:3
11-23 23:18:09.076  1011  1189 I ASH     : @ 124741.271: tcs3701: stop power rail pending_off timer
11-23 23:18:09.077  1011  1189 D ASH     : @ 124741.271: tcs3701: start power rail timer, state:3
11-23 23:18:09.083  9398  9434 I BatteryMgr:DataCollectionService: stats => 1700777889083,9460,4444,9765,4169000,100
11-23 23:18:09.084  9398  9436 I BatteryMgr:DataCollectionService: stats => 1700777889084,9460,4444,9765,4169000,100
11-23 23:18:09.116  1011  1189 I ASH     : @ 124741.311: tcs3701: stop power rail pending_off timer
11-23 23:18:09.116  1011  1189 D ASH     : @ 124741.311: tcs3701: start power rail timer, state:3
11-23 23:18:09.117  9398  9436 I BatteryMgr:DataCollectionService: stats => 1700777889117,9460,4444,9765,4169000,100
11-23 23:18:09.156  1011  1189 I ASH     : @ 124741.351: tcs3701: stop power rail pending_off timer
11-23 23:18:09.157  1011  1189 D ASH     : @ 124741.351: tcs3701: start power rail timer, state:3
11-23 23:18:09.191  9398  9436 I BatteryMgr:DataCollectionService: stats => 1700777889191,9460,4444,9765,4169000,100
11-23 23:18:09.196  1011  1189 I ASH     : @ 124741.391: tcs3701: stop power rail pending_off timer
11-23 23:18:09.196  1011  1189 D ASH     : @ 124741.391: tcs3701: start power rail timer, state:3
11-23 23:18:09.197  9398  9434 I BatteryMgr:DataCollectionService: stats => 1700777889197,9460,4444,9765,4169000,100
11-23 23:18:09.221  9398  9434 I BatteryMgr:DataCollectionService: stats => 1700777889221,9460,4444,9765,4169000,100
11-23 23:18:09.236  1011  1189 I ASH     : @ 124741.431: tcs3701: stop power rail pending_off timer
11-23 23:18:09.236  1011  1189 D ASH     : @ 124741.431: tcs3701: start power rail timer, state:3
11-23 23:18:09.276  1011  1189 I ASH     : @ 124741.471: tcs3701: stop power rail pending_off timer
11-23 23:18:09.276  1011  1189 D ASH     : @ 124741.471: tcs3701: start power rail timer, state:3
11-23 23:18:09.301  9398  9436 I BatteryMgr:DataCollectionService: stats => 1700777889301,9460,4444,9765,4169000,100
11-23 23:18:09.307  9398  9434 I BatteryMgr:DataCollectionService: stats => 1700777889307,9460,4444,9765,4169000,100
11-23 23:18:09.314  1795  3745 D ActivityManager: freezer override set to true
11-23 23:18:09.316  1011  1189 I ASH     : @ 124741.511: tcs3701: stop power rail pending_off timer
11-23 23:18:09.316  1011  1189 D ASH     : @ 124741.511: tcs3701: start power rail timer, state:3
11-23 23:18:09.323  1795  3745 D ActivityManager: freezer override set to false
11-23 23:18:09.329  9398  9434 I BatteryMgr:DataCollectionService: stats => 1700777889329,9460,4444,9765,4169000,100
11-23 23:18:09.336  2113  2118 I pixel-thermal: skin-therm-monitor: 37.791
11-23 23:18:09.356  1011  1189 I ASH     : @ 124741.551: tcs3701: stop power rail pending_off timer
11-23 23:18:09.356  1011  1189 D ASH     : @ 124741.551: tcs3701: start power rail timer, state:3
11-23 23:18:09.399  1011  1189 I ASH     : @ 124741.591: tcs3701: stop power rail pending_off timer
11-23 23:18:09.399  1011  1189 D ASH     : @ 124741.591: tcs3701: start power rail timer, state:3
11-23 23:18:09.407  9398  9434 I BatteryMgr:DataCollectionService: stats => 1700777889407,9460,4444,9765,4169000,100
11-23 23:18:09.420  9398  9434 I BatteryMgr:DataCollectionService: stats => 1700777889420,9460,4444,9765,4169000,100
11-23 23:18:09.435  9398  9434 I BatteryMgr:DataCollectionService: stats => 1700777889435,9460,4444,9765,4169000,100
11-23 23:18:09.436  1011  1189 I ASH     : @ 124741.631: tcs3701: stop power rail pending_off timer
11-23 23:18:09.436  1011  1189 D ASH     : @ 124741.631: tcs3701: start power rail timer, state:3
11-23 23:18:09.476  1011  1189 I ASH     : @ 124741.671: tcs3701: stop power rail pending_off timer
11-23 23:18:09.476  1011  1189 D ASH     : @ 124741.671: tcs3701: start power rail timer, state:3
11-23 23:18:09.513  9398  9434 I BatteryMgr:DataCollectionService: stats => 1700777889513,9460,4444,9765,4169000,100
11-23 23:18:09.516  1011  1189 I ASH     : @ 124741.711: tcs3701: stop power rail pending_off timer
11-23 23:18:09.516  1011  1189 D ASH     : @ 124741.711: tcs3701: start power rail timer, state:3
11-23 23:18:09.527  9398  9434 I BatteryMgr:DataCollectionService: stats => 1700777889527,9460,4444,9765,4169000,100
11-23 23:18:09.540  9398  9434 I BatteryMgr:DataCollectionService: stats => 1700777889540,9460,4444,9765,4169000,100
11-23 23:18:09.556  1011  1189 I ASH     : @ 124741.751: tcs3701: stop power rail pending_off timer
11-23 23:18:09.556  1011  1189 D ASH     : @ 124741.751: tcs3701: start power rail timer, state:3
11-23 23:18:09.596  1011  1189 I ASH     : @ 124741.791: tcs3701: stop power rail pending_off timer
11-23 23:18:09.596  1011  1189 D ASH     : @ 124741.791: tcs3701: start power rail timer, state:3
11-23 23:18:09.619  9398  9434 I BatteryMgr:DataCollectionService: stats => 1700777889619,9460,4444,9765,4169000,100
11-23 23:18:09.635  9398  9434 I BatteryMgr:DataCollectionService: stats => 1700777889635,9460,4444,9765,4169000,100
11-23 23:18:09.636  1011  1189 I ASH     : @ 124741.831: tcs3701: stop power rail pending_off timer
11-23 23:18:09.636  1011  1189 D ASH     : @ 124741.831: tcs3701: start power rail timer, state:3
11-23 23:18:09.645  9398  9434 I BatteryMgr:DataCollectionService: stats => 1700777889645,9460,4444,9765,4169000,100
11-23 23:18:09.676  1011  1189 I ASH     : @ 124741.871: tcs3701: stop power rail pending_off timer
11-23 23:18:09.676  1011  1189 D ASH     : @ 124741.871: tcs3701: start power rail timer, state:3
11-23 23:18:09.717  1011  1189 I ASH     : @ 124741.911: tcs3701: stop power rail pending_off timer
11-23 23:18:09.717  1011  1189 D ASH     : @ 124741.911: tcs3701: start power rail timer, state:3
11-23 23:18:09.724  9398  9434 I BatteryMgr:DataCollectionService: stats => 1700777889724,9460,4444,9765,4169000,100
11-23 23:18:09.739  9398  9434 I BatteryMgr:DataCollectionService: stats => 1700777889738,9460,4444,9765,4169000,100
11-23 23:18:09.748  9398  9434 I BatteryMgr:DataCollectionService: stats => 1700777889748,9460,4444,9765,4169000,100
11-23 23:18:09.756  1011  1189 I ASH     : @ 124741.951: tcs3701: stop power rail pending_off timer
11-23 23:18:09.756  1011  1189 D ASH     : @ 124741.951: tcs3701: start power rail timer, state:3
11-23 23:18:09.796  1011  1189 I ASH     : @ 124741.991: tcs3701: stop power rail pending_off timer
11-23 23:18:09.796  1011  1189 D ASH     : @ 124741.991: tcs3701: start power rail timer, state:3
11-23 23:18:09.830  9398  9434 I BatteryMgr:DataCollectionService: stats => 1700777889830,9460,4444,9765,4169000,100
11-23 23:18:09.839  1011  1189 I ASH     : @ 124742.031: tcs3701: stop power rail pending_off timer
11-23 23:18:09.839  1011  1189 D ASH     : @ 124742.031: tcs3701: start power rail timer, state:3
11-23 23:18:09.845  9398  9434 I BatteryMgr:DataCollectionService: stats => 1700777889845,9460,4444,9765,4169000,100
11-23 23:18:09.859  9398  9434 I BatteryMgr:DataCollectionService: stats => 1700777889859,9460,4444,9765,4169000,100
11-23 23:18:09.876  1011  1189 I ASH     : @ 124742.071: tcs3701: stop power rail pending_off timer
11-23 23:18:09.876  1011  1189 D ASH     : @ 124742.071: tcs3701: start power rail timer, state:3
11-23 23:18:09.916  1011  1189 I ASH     : @ 124742.111: tcs3701: stop power rail pending_off timer
11-23 23:18:09.916  1011  1189 D ASH     : @ 124742.111: tcs3701: start power rail timer, state:3
11-23 23:18:09.934  9398  9434 I BatteryMgr:DataCollectionService: stats => 1700777889934,9460,4444,9765,4169000,100
11-23 23:18:09.952  9398  9434 I BatteryMgr:DataCollectionService: stats => 1700777889952,9460,4444,9765,4169000,100
11-23 23:18:09.956  1011  1189 I ASH     : @ 124742.151: tcs3701: stop power rail pending_off timer
11-23 23:18:09.956  1011  1189 D ASH     : @ 124742.151: tcs3701: start power rail timer, state:3
11-23 23:18:09.965  9398  9434 I BatteryMgr:DataCollectionService: stats => 1700777889965,9460,4444,9765,4169000,100
11-23 23:18:09.996  1011  1189 I ASH     : @ 124742.191: tcs3701: stop power rail pending_off timer
11-23 23:18:09.996  1011  1189 D ASH     : @ 124742.191: tcs3701: start power rail timer, state:3
11-23 23:18:10.036  1011  1189 I ASH     : @ 124742.231: tcs3701: stop power rail pending_off timer
11-23 23:18:10.036  1011  1189 D ASH     : @ 124742.231: tcs3701: start power rail timer, state:3
11-23 23:18:10.041  9398  9434 I BatteryMgr:DataCollectionService: stats => 1700777890041,9460,4444,9765,4169000,100
11-23 23:18:10.057  9398  9434 I BatteryMgr:DataCollectionService: stats => 1700777890057,9460,4444,9765,4169000,100
11-23 23:18:10.070  9398  9434 I BatteryMgr:DataCollectionService: stats => 1700777890070,9460,4444,9765,4169000,100
11-23 23:18:10.076  1011  1189 I ASH     : @ 124742.271: tcs3701: stop power rail pending_off timer
11-23 23:18:10.076  1011  1189 D ASH     : @ 124742.271: tcs3701: start power rail timer, state:3
11-23 23:18:10.116  1011  1189 I ASH     : @ 124742.311: tcs3701: stop power rail pending_off timer
11-23 23:18:10.116  1011  1189 D ASH     : @ 124742.311: tcs3701: start power rail timer, state:3
11-23 23:18:10.156  1011  1189 I ASH     : @ 124742.351: tcs3701: stop power rail pending_off timer
11-23 23:18:10.156  1011  1189 D ASH     : @ 124742.351: tcs3701: start power rail timer, state:3
11-23 23:18:10.160  9398  9434 I BatteryMgr:DataCollectionService: stats => 1700777890160,9460,4444,9765,4169000,100
11-23 23:18:10.168  9398  7861 I BatteryMgr:DataCollectionService: stats => 1700777890168,9460,4444,9765,4169000,100
11-23 23:18:10.178  9398  7861 I BatteryMgr:DataCollectionService: stats => 1700777890178,9460,4444,9765,4169000,100
11-23 23:18:10.196  1011  1189 I ASH     : @ 124742.391: tcs3701: stop power rail pending_off timer
11-23 23:18:10.196  1011  1189 D ASH     : @ 124742.391: tcs3701: start power rail timer, state:3
11-23 23:18:10.225  1795  3324 D ActivityManager: freezer override set to true
11-23 23:18:10.236  1011  1189 I ASH     : @ 124742.431: tcs3701: stop power rail pending_off timer
11-23 23:18:10.236  1011  1189 D ASH     : @ 124742.431: tcs3701: start power rail timer, state:3
11-23 23:18:10.267  9398  7861 I BatteryMgr:DataCollectionService: stats => 1700777890267,9460,4444,9765,4169000,100
11-23 23:18:10.277  1011  1189 I ASH     : @ 124742.471: tcs3701: stop power rail pending_off timer
11-23 23:18:10.277  1011  1189 D ASH     : @ 124742.471: tcs3701: start power rail timer, state:3
11-23 23:18:10.279  9398  7861 I BatteryMgr:DataCollectionService: stats => 1700777890279,9460,4444,9765,4169000,100
11-23 23:18:10.283  9398  9434 I BatteryMgr:DataCollectionService: stats => 1700777890283,9460,4444,9765,4169000,100
11-23 23:18:10.316  1011  1189 I ASH     : @ 124742.511: tcs3701: stop power rail pending_off timer
11-23 23:18:10.316  1011  1189 D ASH     : @ 124742.511: tcs3701: start power rail timer, state:3
11-23 23:18:10.356  1011  1189 I ASH     : @ 124742.551: tcs3701: stop power rail pending_off timer
11-23 23:18:10.356  1011  1189 D ASH     : @ 124742.551: tcs3701: start power rail timer, state:3
11-23 23:18:10.376  9398  9434 I BatteryMgr:DataCollectionService: stats => 1700777890376,9460,4444,9765,4169000,100
11-23 23:18:10.387  9398  9434 I BatteryMgr:DataCollectionService: stats => 1700777890387,9460,4444,9765,4169000,100
11-23 23:18:10.393  9398  7861 I BatteryMgr:DataCollectionService: stats => 1700777890393,9460,4444,9765,4169000,100
11-23 23:18:10.396  1011  1189 I ASH     : @ 124742.591: tcs3701: stop power rail pending_off timer
11-23 23:18:10.396  1011  1189 D ASH     : @ 124742.591: tcs3701: start power rail timer, state:3
11-23 23:18:10.422 20113 20551 I m.chrome.canary: Explicit concurrent copying GC freed 3876(193KB) AllocSpace objects, 4(80KB) LOS objects, 75% free, 12MB/49MB, paused 39us,23us total 67.180ms
11-23 23:18:10.436  1011  1189 I ASH     : @ 124742.631: tcs3701: stop power rail pending_off timer
11-23 23:18:10.436  1011  1189 D ASH     : @ 124742.631: tcs3701: start power rail timer, state:3
11-23 23:18:10.474  1795  3324 D ActivityManager: freezer override set to false
11-23 23:18:10.476  1011  1189 I ASH     : @ 124742.671: tcs3701: stop power rail pending_off timer
11-23 23:18:10.476  1011  1189 D ASH     : @ 124742.671: tcs3701: start power rail timer, state:3
11-23 23:18:10.485  9398  7861 I BatteryMgr:DataCollectionService: stats => 1700777890485,9460,4444,9765,4169000,100
11-23 23:18:10.492  9398  7861 I BatteryMgr:DataCollectionService: stats => 1700777890492,9460,4444,9765,4169000,100
11-23 23:18:10.499  9398  7861 I BatteryMgr:DataCollectionService: stats => 1700777890499,9460,4444,9765,4169000,100
11-23 23:18:10.516  1011  1189 I ASH     : @ 124742.711: tcs3701: stop power rail pending_off timer
11-23 23:18:10.516  1011  1189 D ASH     : @ 124742.711: tcs3701: start power rail timer, state:3
11-23 23:18:10.525  1795  3745 D ActivityManager: freezer override set to true
11-23 23:18:10.528  1795  3745 D ActivityManager: freezer override set to false
11-23 23:18:10.556  1011  1189 I ASH     : @ 124742.751: tcs3701: stop power rail pending_off timer
11-23 23:18:10.556  1011  1189 D ASH     : @ 124742.751: tcs3701: start power rail timer, state:3
11-23 23:18:10.592  9398  7861 I BatteryMgr:DataCollectionService: stats => 1700777890592,9460,4444,9765,4169000,100
11-23 23:18:10.596  1011  1189 I ASH     : @ 124742.791: tcs3701: stop power rail pending_off timer
11-23 23:18:10.596  1011  1189 D ASH     : @ 124742.791: tcs3701: start power rail timer, state:3
11-23 23:18:10.601  9398  7861 I BatteryMgr:DataCollectionService: stats => 1700777890600,9460,4444,9765,4169000,100
11-23 23:18:10.603  9398  9434 I BatteryMgr:DataCollectionService: stats => 1700777890603,9460,4444,9765,4169000,100
11-23 23:18:10.636  1011  1189 I ASH     : @ 124742.831: tcs3701: stop power rail pending_off timer
11-23 23:18:10.636  1011  1189 D ASH     : @ 124742.831: tcs3701: start power rail timer, state:3
11-23 23:18:10.676  1011  1189 I ASH     : @ 124742.871: tcs3701: stop power rail pending_off timer
11-23 23:18:10.676  1011  1189 D ASH     : @ 124742.871: tcs3701: start power rail timer, state:3
11-23 23:18:10.696  9398  9434 I BatteryMgr:DataCollectionService: stats => 1700777890696,9460,4444,9765,4169000,100
11-23 23:18:10.708  9398  9434 I BatteryMgr:DataCollectionService: stats => 1700777890708,9460,4444,9765,4169000,100
11-23 23:18:10.709  9398  7861 I BatteryMgr:DataCollectionService: stats => 1700777890709,9460,4444,9765,4169000,100
11-23 23:18:10.716  1011  1189 I ASH     : @ 124742.911: tcs3701: stop power rail pending_off timer
11-23 23:18:10.716  1011  1189 D ASH     : @ 124742.911: tcs3701: start power rail timer, state:3
11-23 23:18:10.756  1011  1189 I ASH     : @ 124742.951: tcs3701: stop power rail pending_off timer
11-23 23:18:10.756  1011  1189 D ASH     : @ 124742.951: tcs3701: start power rail timer, state:3
11-23 23:18:10.796  1011  1189 I ASH     : @ 124742.991: tcs3701: stop power rail pending_off timer
11-23 23:18:10.796  1011  1189 D ASH     : @ 124742.991: tcs3701: start power rail timer, state:3
11-23 23:18:10.802  9398  7861 I BatteryMgr:DataCollectionService: stats => 1700777890802,11901,4444,9765,4169000,100
11-23 23:18:10.814  9398  9434 I BatteryMgr:DataCollectionService: stats => 1700777890814,11901,4444,9765,4169000,100
11-23 23:18:10.815  9398  7861 I BatteryMgr:DataCollectionService: stats => 1700777890815,11901,4444,9765,4169000,100
11-23 23:18:10.836  1011  1189 I ASH     : @ 124743.031: tcs3701: stop power rail pending_off timer
11-23 23:18:10.836  1011  1189 D ASH     : @ 124743.031: tcs3701: start power rail timer, state:3
11-23 23:18:10.876  1011  1189 I ASH     : @ 124743.071: tcs3701: stop power rail pending_off timer
11-23 23:18:10.877  1011  1189 D ASH     : @ 124743.071: tcs3701: start power rail timer, state:3
11-23 23:18:10.906  9398  7861 I BatteryMgr:DataCollectionService: stats => 1700777890905,11901,4444,9765,4169000,100
11-23 23:18:10.917  1011  1189 I ASH     : @ 124743.111: tcs3701: stop power rail pending_off timer
11-23 23:18:10.917  1011  1189 D ASH     : @ 124743.111: tcs3701: start power rail timer, state:3
11-23 23:18:10.920  9398  7861 I BatteryMgr:DataCollectionService: stats => 1700777890920,11901,4444,9765,4169000,100
11-23 23:18:10.921  9398  9434 I BatteryMgr:DataCollectionService: stats => 1700777890921,11901,4444,9765,4169000,100
11-23 23:18:10.956  1011  1189 I ASH     : @ 124743.151: tcs3701: stop power rail pending_off timer
11-23 23:18:10.956  1011  1189 D ASH     : @ 124743.151: tcs3701: start power rail timer, state:3
11-23 23:18:10.996  1011  1189 I ASH     : @ 124743.191: tcs3701: stop power rail pending_off timer
11-23 23:18:10.996  1011  1189 D ASH     : @ 124743.191: tcs3701: start power rail timer, state:3
11-23 23:18:11.011  9398  9434 I BatteryMgr:DataCollectionService: stats => 1700777891011,11901,4444,9765,4169000,100
11-23 23:18:11.026  9398  7861 I BatteryMgr:DataCollectionService: stats => 1700777891026,11901,4444,9765,4169000,100
11-23 23:18:11.027  9398  9434 I BatteryMgr:DataCollectionService: stats => 1700777891027,11901,4444,9765,4169000,100
11-23 23:18:11.036  1011  1189 I ASH     : @ 124743.231: tcs3701: stop power rail pending_off timer
11-23 23:18:11.036  1011  1189 D ASH     : @ 124743.231: tcs3701: start power rail timer, state:3
11-23 23:18:11.076  1011  1189 I ASH     : @ 124743.271: tcs3701: stop power rail pending_off timer
11-23 23:18:11.076  1011  1189 D ASH     : @ 124743.271: tcs3701: start power rail timer, state:3
11-23 23:18:11.077  1795  2424 D WifiClientModeImpl[13802:wlan0]: updateLinkLayerStatsRssiSpeedFrequencyCapabilities rssi=-48 TxLinkspeed=866 freq=5240 RxLinkSpeed=866
11-23 23:18:11.078  1795  2424 D WifiDataStall: tx tput in kbps: 583636
11-23 23:18:11.078  2782  5906 D QCNEJ/WlanStaInfoRelay: Received action: android.net.wifi.RSSI_CHANGED
11-23 23:18:11.078  1795  2424 D WifiDataStall: rx tput in kbps: 720539
11-23 23:18:11.078  1795  2424 V WifiConfigManager: Updating scan detail cache freq=5240 BSSID=f4:6d:2f:12:cc:88 RSSI=-47 for "ourhome"WPA_PSK
11-23 23:18:11.078  1795  2424 D WifiChannelUtilization:  freq: 5240 onTime: 4129667 busyTime: 445552 onTimeDiff: 754875 busyTimeDiff: 129853 utilization: 43 utilization t0: 27
11-23 23:18:11.078  1795  2424 D WifiDataStall:  ccaLevel = 43
11-23 23:18:11.078  1795  2424 D WifiDataStall: L2 txTputKbps: 684512, rxTputKbps: 720539, L3 txTputKbps: 0, rxTputKbps: 0, TxTrafficHigh: false, RxTrafficHigh: false, Throughput Sufficient: true
11-23 23:18:11.078  3213  8092 V WifiManager: OnWifiUsabilityStatsListener: onWifiUsabilityStats: seqNum=41160
11-23 23:18:11.079  1795  2424 D WifiScoreReport: Wifi scoring disabled - Don't check IP layer
11-23 23:18:11.079  1795  2424 D WifiScoreCard: BSSID update SIGNAL_POLL ID: 1320464697 SSID: "ourhome", BSSID: f4:6d:2f:12:cc:88, MAC: b2:2f:ec:da:4a:0c, IP: /192.168.1.104, Security type: 2, Supplicant state: COMPLETED, Wi-Fi standard: 5, RSSI: -48, Link speed: 866Mbps, Tx Link speed: 866Mbps, Max Supported Tx Link speed: 866Mbps, Rx Link speed: 866Mbps, Max Supported Rx Link speed: 866Mbps, Frequency: 5240MHz, Net ID: 12, Metered hint: false, score: 60, isUsable: true, CarrierMerged: false, SubscriptionId: -1, IsPrimary: 1, Trusted: true, Restricted: false, Ephemeral: false, OEM paid: false, OEM private: false, OSU AP: false, FQDN: <none>, Provider friendly name: <none>, Requesting package name: <none>"ourhome"wpa2-pskMLO Information: , Is TID-To-Link negotiation supported by the AP: false, AP MLD Address: <none>, AP MLO Link Id: <none>, AP MLO Affiliated links: <none>
11-23 23:18:11.079  1795  2424 D WifiScoreCard: txRate: 7 txSpeed: 866
11-23 23:18:11.079  1795  2424 D WifiScoreCard: network update SIGNAL_POLL "ourhome" ID: 1499892569 RSSI -48 txSpeed 866
11-23 23:18:11.079  1795  2424 D WifiClientModeImpl[13802:wlan0]:  ClientModeImpl$L2ConnectedState screen=on 25 0 "ourhome" f4:6d:2f:12:cc:88 rssi=-48 f=5240 sc=60 link=866 tx=5.9, 0.8, 0.0 rx=3.4 bcn=1198227 [on:67 tx:1 rx:1 period:3014] from screen [on:769016 period:11738444] score=60
11-23 23:18:11.079  1795  3745 I WifiService: updateWifiUsabilityScore uid=10180 seqNum=41160 score=100 predictionHorizonSec=1441795
11-23 23:18:11.081  1795  2424 D WifiScoreReport: Wifi scoring disabled - Notify that Wifi is usable
11-23 23:18:11.083  1795  2432 D ConnectivityService: NetReassign [no changes] [c 0] [a 0] [i 1]
11-23 23:18:11.115  9398  9434 I BatteryMgr:DataCollectionService: stats => 1700777891115,11901,4444,9765,4169000,100
11-23 23:18:11.116  1011  1189 I ASH     : @ 124743.311: tcs3701: stop power rail pending_off timer
11-23 23:18:11.116  1011  1189 D ASH     : @ 124743.311: tcs3701: start power rail timer, state:3
11-23 23:18:11.131  9398  7861 I BatteryMgr:DataCollectionService: stats => 1700777891131,11901,4444,9765,4169000,100
11-23 23:18:11.131  9398  9434 I BatteryMgr:DataCollectionService: stats => 1700777891131,11901,4444,9765,4169000,100
11-23 23:18:11.156  1011  1189 I ASH     : @ 124743.351: tcs3701: stop power rail pending_off timer
11-23 23:18:11.156  1011  1189 D ASH     : @ 124743.351: tcs3701: start power rail timer, state:3
11-23 23:18:11.197  1011  1189 I ASH     : @ 124743.391: tcs3701: stop power rail pending_off timer
11-23 23:18:11.197  1011  1189 D ASH     : @ 124743.391: tcs3701: start power rail timer, state:3
11-23 23:18:11.219  9398  9434 I BatteryMgr:DataCollectionService: stats => 1700777891219,11901,4444,9765,4169000,100
11-23 23:18:11.236  9398  7861 I BatteryMgr:DataCollectionService: stats => 1700777891235,11901,4444,9765,4169000,100
11-23 23:18:11.236  1011  1189 I ASH     : @ 124743.431: tcs3701: stop power rail pending_off timer
11-23 23:18:11.236  1011  1189 D ASH     : @ 124743.431: tcs3701: start power rail timer, state:3
11-23 23:18:11.238  9398  9434 I BatteryMgr:DataCollectionService: stats => 1700777891238,11901,4444,9765,4169000,100
11-23 23:18:11.266  1795  3324 D ActivityManager: freezer override set to true
11-23 23:18:11.271  1795  3324 D ActivityManager: freezer override set to false
11-23 23:18:11.276  1011  1189 I ASH     : @ 124743.471: tcs3701: stop power rail pending_off timer
11-23 23:18:11.276  1011  1189 D ASH     : @ 124743.471: tcs3701: start power rail timer, state:3
11-23 23:18:11.316  1011  1189 I ASH     : @ 124743.511: tcs3701: stop power rail pending_off timer
11-23 23:18:11.316  1011  1189 D ASH     : @ 124743.511: tcs3701: start power rail timer, state:3
11-23 23:18:11.324  9398  9434 I BatteryMgr:DataCollectionService: stats => 1700777891323,11901,4444,9765,4169000,100
11-23 23:18:11.339  2113  2118 I pixel-thermal: skin-therm-monitor: 37.784
11-23 23:18:11.340  9398  9434 I BatteryMgr:DataCollectionService: stats => 1700777891340,11901,4444,9765,4169000,100
11-23 23:18:11.341 20113 20235 W chromium: [WARNING:ev_root_ca_metadata.cc(119)] Not implemented
11-23 23:18:11.341 20113 20235 W chromium: [WARNING:ev_root_ca_metadata.cc(119)] Not implemented
11-23 23:18:11.342  9398  7861 I BatteryMgr:DataCollectionService: stats => 1700777891342,11901,4444,9765,4169000,100
11-23 23:18:11.356  1011  1189 I ASH     : @ 124743.551: tcs3701: stop power rail pending_off timer
11-23 23:18:11.356  1011  1189 D ASH     : @ 124743.551: tcs3701: start power rail timer, state:3
11-23 23:18:11.397  1011  1189 I ASH     : @ 124743.591: tcs3701: stop power rail pending_off timer
11-23 23:18:11.397  1011  1189 D ASH     : @ 124743.591: tcs3701: start power rail timer, state:3
11-23 23:18:11.427  9398  7861 I BatteryMgr:DataCollectionService: stats => 1700777891427,11901,4444,9765,4169000,100
11-23 23:18:11.436  1011  1189 I ASH     : @ 124743.631: tcs3701: stop power rail pending_off timer
11-23 23:18:11.436  1011  1189 D ASH     : @ 124743.631: tcs3701: start power rail timer, state:3
11-23 23:18:11.447  9398  7861 I BatteryMgr:DataCollectionService: stats => 1700777891447,11901,4444,9765,4169000,100
11-23 23:18:11.448  9398  9434 I BatteryMgr:DataCollectionService: stats => 1700777891448,11901,4444,9765,4169000,100
11-23 23:18:11.476  1011  1189 I ASH     : @ 124743.671: tcs3701: stop power rail pending_off timer
11-23 23:18:11.476  1011  1189 D ASH     : @ 124743.671: tcs3701: start power rail timer, state:3
11-23 23:18:11.516  1011  1189 I ASH     : @ 124743.711: tcs3701: stop power rail pending_off timer
11-23 23:18:11.516  1011  1189 D ASH     : @ 124743.711: tcs3701: start power rail timer, state:3
11-23 23:18:11.531  9398  9434 I BatteryMgr:DataCollectionService: stats => 1700777891531,11901,4444,9765,4169000,100
11-23 23:18:11.551  9398  7861 I BatteryMgr:DataCollectionService: stats => 1700777891551,11901,4444,9765,4169000,100
11-23 23:18:11.552  9398  9434 I BatteryMgr:DataCollectionService: stats => 1700777891552,11901,4444,9765,4169000,100
11-23 23:18:11.556  1011  1189 I ASH     : @ 124743.751: tcs3701: stop power rail pending_off timer
11-23 23:18:11.556  1011  1189 D ASH     : @ 124743.751: tcs3701: start power rail timer, state:3
11-23 23:18:11.596  1011  1189 I ASH     : @ 124743.791: tcs3701: stop power rail pending_off timer
11-23 23:18:11.596  1011  1189 D ASH     : @ 124743.791: tcs3701: start power rail timer, state:3
11-23 23:18:11.636  1011  1189 I ASH     : @ 124743.831: tcs3701: stop power rail pending_off timer
11-23 23:18:11.636  1011  1189 D ASH     : @ 124743.831: tcs3701: start power rail timer, state:3
11-23 23:18:11.636  9398  9434 I BatteryMgr:DataCollectionService: stats => 1700777891636,11901,4444,9765,4169000,100
11-23 23:18:11.658  9398  9434 I BatteryMgr:DataCollectionService: stats => 1700777891658,11901,4444,9765,4169000,100
11-23 23:18:11.659  9398  7861 I BatteryMgr:DataCollectionService: stats => 1700777891659,11901,4444,9765,4169000,100
11-23 23:18:11.676  1011  1189 I ASH     : @ 124743.871: tcs3701: stop power rail pending_off timer
11-23 23:18:11.676  1011  1189 D ASH     : @ 124743.871: tcs3701: start power rail timer, state:3
11-23 23:18:11.704  1795  4162 D ActivityManager: freezer override set to true
11-23 23:18:11.716  1011  1189 I ASH     : @ 124743.911: tcs3701: stop power rail pending_off timer
11-23 23:18:11.716  1011  1189 D ASH     : @ 124743.911: tcs3701: start power rail timer, state:3
11-23 23:18:11.741  9398  7861 I BatteryMgr:DataCollectionService: stats => 1700777891741,11901,4444,9765,4169000,100
11-23 23:18:11.756  1011  1189 I ASH     : @ 124743.951: tcs3701: stop power rail pending_off timer
11-23 23:18:11.756  1011  1189 D ASH     : @ 124743.951: tcs3701: start power rail timer, state:3
11-23 23:18:11.773  9398  9434 I BatteryMgr:DataCollectionService: stats => 1700777891772,11901,4444,9765,4169000,100
11-23 23:18:11.776  9398  7861 I BatteryMgr:DataCollectionService: stats => 1700777891776,11901,4444,9765,4169000,100
11-23 23:18:11.796  1011  1189 I ASH     : @ 124743.991: tcs3701: stop power rail pending_off timer
11-23 23:18:11.796  1011  1189 D ASH     : @ 124743.991: tcs3701: start power rail timer, state:3
11-23 23:18:11.799 20113 20551 I m.chrome.canary: Explicit concurrent copying GC freed 3602(176KB) AllocSpace objects, 3(60KB) LOS objects, 75% free, 12MB/49MB, paused 109us,27us total 56.609ms
11-23 23:18:11.836  1011  1189 I ASH     : @ 124744.031: tcs3701: stop power rail pending_off timer
11-23 23:18:11.836  1011  1189 D ASH     : @ 124744.031: tcs3701: start power rail timer, state:3
11-23 23:18:11.847  9398  7861 I BatteryMgr:DataCollectionService: stats => 1700777891847,11901,4444,9765,4169000,100
11-23 23:18:11.858  1795  4162 D ActivityManager: freezer override set to false
11-23 23:18:11.875  9398  7861 I BatteryMgr:DataCollectionService: stats => 1700777891875,11901,4444,9765,4169000,100
11-23 23:18:11.876  1011  1189 I ASH     : @ 124744.071: tcs3701: stop power rail pending_off timer
11-23 23:18:11.876  1011  1189 D ASH     : @ 124744.071: tcs3701: start power rail timer, state:3
11-23 23:18:11.881  9398  7861 I BatteryMgr:DataCollectionService: stats => 1700777891881,11901,4444,9765,4169000,100
11-23 23:18:11.906  1795  4162 D ActivityManager: freezer override set to true
11-23 23:18:11.908  1795  4162 D ActivityManager: freezer override set to false
11-23 23:18:11.916  1011  1189 I ASH     : @ 124744.111: tcs3701: stop power rail pending_off timer
11-23 23:18:11.916  1011  1189 D ASH     : @ 124744.111: tcs3701: start power rail timer, state:3
11-23 23:18:11.950  9398  7861 I BatteryMgr:DataCollectionService: stats => 1700777891950,11901,4444,9765,4169000,100
11-23 23:18:11.956  1011  1189 I ASH     : @ 124744.151: tcs3701: stop power rail pending_off timer
11-23 23:18:11.956  1011  1189 D ASH     : @ 124744.151: tcs3701: start power rail timer, state:3
11-23 23:18:11.982  9398  7861 I BatteryMgr:DataCollectionService: stats => 1700777891982,11901,4444,9765,4169000,100
11-23 23:18:11.985  9398  7861 I BatteryMgr:DataCollectionService: stats => 1700777891985,11901,4444,9765,4169000,100
11-23 23:18:11.996  1011  1189 I ASH     : @ 124744.191: tcs3701: stop power rail pending_off timer
11-23 23:18:11.996  1011  1189 D ASH     : @ 124744.191: tcs3701: start power rail timer, state:3
11-23 23:18:12.037  1011  1189 I ASH     : @ 124744.231: tcs3701: stop power rail pending_off timer
11-23 23:18:12.037  1011  1189 D ASH     : @ 124744.231: tcs3701: start power rail timer, state:3
11-23 23:18:12.055  9398  7861 I BatteryMgr:DataCollectionService: stats => 1700777892055,11901,4444,9765,4169000,100
11-23 23:18:12.076  1011  1189 I ASH     : @ 124744.271: tcs3701: stop power rail pending_off timer
11-23 23:18:12.076  1011  1189 D ASH     : @ 124744.271: tcs3701: start power rail timer, state:3
11-23 23:18:12.086  9398  7861 I BatteryMgr:DataCollectionService: stats => 1700777892086,11901,4444,9765,4169000,100
11-23 23:18:12.089  9398  7808 I BatteryMgr:DataCollectionService: stats => 1700777892089,11901,4444,9765,4169000,100
11-23 23:18:12.116  1011  1189 I ASH     : @ 124744.311: tcs3701: stop power rail pending_off timer
11-23 23:18:12.116  1011  1189 D ASH     : @ 124744.311: tcs3701: start power rail timer, state:3
11-23 23:18:12.156  1011  1189 I ASH     : @ 124744.351: tcs3701: stop power rail pending_off timer
11-23 23:18:12.156  1011  1189 D ASH     : @ 124744.351: tcs3701: start power rail timer, state:3
11-23 23:18:12.159  9398  7808 I BatteryMgr:DataCollectionService: stats => 1700777892159,11901,4444,9765,4169000,100
11-23 23:18:12.190  9398  7808 I BatteryMgr:DataCollectionService: stats => 1700777892190,11901,4444,9765,4169000,100
11-23 23:18:12.192  9398  7861 I BatteryMgr:DataCollectionService: stats => 1700777892192,11901,4444,9765,4169000,100
11-23 23:18:12.196  1011  1189 I ASH     : @ 124744.391: tcs3701: stop power rail pending_off timer
11-23 23:18:12.196  1011  1189 D ASH     : @ 124744.391: tcs3701: start power rail timer, state:3
11-23 23:18:12.236  1011  1189 I ASH     : @ 124744.431: tcs3701: stop power rail pending_off timer
11-23 23:18:12.236  1011  1189 D ASH     : @ 124744.431: tcs3701: start power rail timer, state:3
11-23 23:18:12.252  1795  3745 D ActivityManager: freezer override set to true
11-23 23:18:12.258  1795  3745 D ActivityManager: freezer override set to false
11-23 23:18:12.264  9398  7861 I BatteryMgr:DataCollectionService: stats => 1700777892264,11901,4444,9765,4169000,100
11-23 23:18:12.277  1011  1189 I ASH     : @ 124744.471: tcs3701: stop power rail pending_off timer
11-23 23:18:12.277  1011  1189 D ASH     : @ 124744.471: tcs3701: start power rail timer, state:3
11-23 23:18:12.296  9398  7808 I BatteryMgr:DataCollectionService: stats => 1700777892296,11901,4444,9765,4169000,100
11-23 23:18:12.297  9398  7861 I BatteryMgr:DataCollectionService: stats => 1700777892297,11901,4444,9765,4169000,100
11-23 23:18:12.316  1011  1189 I ASH     : @ 124744.511: tcs3701: stop power rail pending_off timer
11-23 23:18:12.316  1011  1189 D ASH     : @ 124744.511: tcs3701: start power rail timer, state:3
11-23 23:18:12.356  1011  1189 I ASH     : @ 124744.551: tcs3701: stop power rail pending_off timer
11-23 23:18:12.356  1011  1189 D ASH     : @ 124744.551: tcs3701: start power rail timer, state:3
11-23 23:18:12.370  9398  7861 I BatteryMgr:DataCollectionService: stats => 1700777892370,11901,4444,9765,4169000,100
11-23 23:18:12.396  1011  1189 I ASH     : @ 124744.591: tcs3701: stop power rail pending_off timer
11-23 23:18:12.396  1011  1189 D ASH     : @ 124744.591: tcs3701: start power rail timer, state:3
11-23 23:18:12.400  9398  7861 I BatteryMgr:DataCollectionService: stats => 1700777892400,11901,4444,9765,4169000,100
11-23 23:18:12.402  9398  7808 I BatteryMgr:DataCollectionService: stats => 1700777892402,11901,4444,9765,4169000,100
11-23 23:18:12.436  1011  1189 I ASH     : @ 124744.631: tcs3701: stop power rail pending_off timer
11-23 23:18:12.436  1011  1189 D ASH     : @ 124744.631: tcs3701: start power rail timer, state:3
11-23 23:18:12.474  9398  7808 I BatteryMgr:DataCollectionService: stats => 1700777892474,11901,4444,9765,4169000,100
11-23 23:18:12.476  1011  1189 I ASH     : @ 124744.671: tcs3701: stop power rail pending_off timer
11-23 23:18:12.476  1011  1189 D ASH     : @ 124744.671: tcs3701: start power rail timer, state:3
11-23 23:18:12.506  9398  7808 I BatteryMgr:DataCollectionService: stats => 1700777892506,11901,4444,9765,4169000,100
11-23 23:18:12.507  9398  7861 I BatteryMgr:DataCollectionService: stats => 1700777892507,11901,4444,9765,4169000,100
11-23 23:18:12.516  1011  1189 I ASH     : @ 124744.711: tcs3701: stop power rail pending_off timer
11-23 23:18:12.516  1011  1189 D ASH     : @ 124744.711: tcs3701: start power rail timer, state:3
11-23 23:18:12.556  1011  1189 I ASH     : @ 124744.751: tcs3701: stop power rail pending_off timer
11-23 23:18:12.556  1011  1189 D ASH     : @ 124744.751: tcs3701: start power rail timer, state:3
11-23 23:18:12.579  9398  7808 I BatteryMgr:DataCollectionService: stats => 1700777892578,11901,4444,9765,4169000,100
11-23 23:18:12.596  1011  1189 I ASH     : @ 124744.791: tcs3701: stop power rail pending_off timer
11-23 23:18:12.596  1011  1189 D ASH     : @ 124744.791: tcs3701: start power rail timer, state:3
11-23 23:18:12.614  9398  7861 I BatteryMgr:DataCollectionService: stats => 1700777892614,11901,4444,9765,4169000,100
11-23 23:18:12.616  9398  7808 I BatteryMgr:DataCollectionService: stats => 1700777892616,11901,4444,9765,4169000,100
11-23 23:18:12.636  1011  1189 I ASH     : @ 124744.831: tcs3701: stop power rail pending_off timer
11-23 23:18:12.636  1011  1189 D ASH     : @ 124744.831: tcs3701: start power rail timer, state:3
11-23 23:18:12.677  1011  1189 I ASH     : @ 124744.871: tcs3701: stop power rail pending_off timer
11-23 23:18:12.677  1011  1189 D ASH     : @ 124744.871: tcs3701: start power rail timer, state:3
11-23 23:18:12.684  9398  7808 I BatteryMgr:DataCollectionService: stats => 1700777892684,11901,4444,9765,4169000,100
11-23 23:18:12.716  1011  1189 I ASH     : @ 124744.911: tcs3701: stop power rail pending_off timer
11-23 23:18:12.716  1011  1189 D ASH     : @ 124744.911: tcs3701: start power rail timer, state:3
11-23 23:18:12.720  9398  7861 I BatteryMgr:DataCollectionService: stats => 1700777892720,11901,4444,9765,4169000,100
11-23 23:18:12.721  9398  7808 I BatteryMgr:DataCollectionService: stats => 1700777892721,11901,4444,9765,4169000,100
11-23 23:18:12.757  1011  1189 I ASH     : @ 124744.951: tcs3701: stop power rail pending_off timer
11-23 23:18:12.757  1011  1189 D ASH     : @ 124744.951: tcs3701: start power rail timer, state:3
11-23 23:18:12.787  9398  7808 I BatteryMgr:DataCollectionService: stats => 1700777892787,11901,4444,9765,4169000,100
11-23 23:18:12.796  1011  1189 I ASH     : @ 124744.991: tcs3701: stop power rail pending_off timer
11-23 23:18:12.796  1011  1189 D ASH     : @ 124744.991: tcs3701: start power rail timer, state:3
11-23 23:18:12.826  9398  7808 I BatteryMgr:DataCollectionService: stats => 1700777892826,11901,4444,9765,4169000,100
11-23 23:18:12.826  9398  7861 I BatteryMgr:DataCollectionService: stats => 1700777892826,11901,4444,9765,4169000,100
11-23 23:18:12.836  1011  1189 I ASH     : @ 124745.031: tcs3701: stop power rail pending_off timer
11-23 23:18:12.836  1011  1189 D ASH     : @ 124745.031: tcs3701: start power rail timer, state:3
11-23 23:18:12.876  1011  1189 I ASH     : @ 124745.071: tcs3701: stop power rail pending_off timer
11-23 23:18:12.876  1011  1189 D ASH     : @ 124745.071: tcs3701: start power rail timer, state:3
11-23 23:18:12.891  9398  7861 I BatteryMgr:DataCollectionService: stats => 1700777892891,11901,4444,9765,4169000,100
11-23 23:18:12.916  1011  1189 I ASH     : @ 124745.111: tcs3701: stop power rail pending_off timer
11-23 23:18:12.916  1011  1189 D ASH     : @ 124745.111: tcs3701: start power rail timer, state:3
11-23 23:18:12.930  9398  7808 I BatteryMgr:DataCollectionService: stats => 1700777892930,11901,4444,9765,4169000,100
11-23 23:18:12.932  9398  7861 I BatteryMgr:DataCollectionService: stats => 1700777892932,11901,4444,9765,4169000,100
11-23 23:18:12.956  1011  1189 I ASH     : @ 124745.151: tcs3701: stop power rail pending_off timer
11-23 23:18:12.956  1011  1189 D ASH     : @ 124745.151: tcs3701: start power rail timer, state:3
11-23 23:18:12.996  1011  1189 I ASH     : @ 124745.191: tcs3701: stop power rail pending_off timer
11-23 23:18:12.996  1011  1189 D ASH     : @ 124745.191: tcs3701: start power rail timer, state:3
11-23 23:18:12.997  9398  7861 I BatteryMgr:DataCollectionService: stats => 1700777892997,11901,4444,9765,4169000,100
11-23 23:18:13.036  1011  1189 I ASH     : @ 124745.231: tcs3701: stop power rail pending_off timer
11-23 23:18:13.036  1011  1189 D ASH     : @ 124745.231: tcs3701: start power rail timer, state:3
11-23 23:18:13.037  9398  7861 I BatteryMgr:DataCollectionService: stats => 1700777893037,11901,4444,9765,4169000,100
11-23 23:18:13.037  9398  7808 I BatteryMgr:DataCollectionService: stats => 1700777893037,11901,4444,9765,4169000,100
11-23 23:18:13.055  1795  3745 D ActivityManager: freezer override set to true
11-23 23:18:13.076  1011  1189 I ASH     : @ 124745.271: tcs3701: stop power rail pending_off timer
11-23 23:18:13.076  1011  1189 D ASH     : @ 124745.271: tcs3701: start power rail timer, state:3
11-23 23:18:13.102  9398  7808 I BatteryMgr:DataCollectionService: stats => 1700777893102,11901,4444,9765,4169000,100
11-23 23:18:13.117  1011  1189 I ASH     : @ 124745.311: tcs3701: stop power rail pending_off timer
11-23 23:18:13.117  1011  1189 D ASH     : @ 124745.311: tcs3701: start power rail timer, state:3
11-23 23:18:13.143  9398  7861 I BatteryMgr:DataCollectionService: stats => 1700777893143,11901,4444,9765,4169000,100
11-23 23:18:13.144  9398  7808 I BatteryMgr:DataCollectionService: stats => 1700777893144,11901,4444,9765,4169000,100
11-23 23:18:13.156  1011  1189 I ASH     : @ 124745.351: tcs3701: stop power rail pending_off timer
11-23 23:18:13.156  1011  1189 D ASH     : @ 124745.351: tcs3701: start power rail timer, state:3
