11-23 23:21:21.849 23166 23277 I m.chrome.canary: Explicit concurrent copying GC freed 3803(191KB) AllocSpace objects, 4(80KB) LOS objects, 75% free, 12MB/49MB, paused 30us,25us total 51.202ms
11-23 23:21:21.876  1011  1189 I ASH     : @ 124934.071: tcs3701: stop power rail pending_off timer
11-23 23:21:21.877  1011  1189 D ASH     : @ 124934.071: tcs3701: start power rail timer, state:3
11-23 23:21:21.896  9398  7861 I BatteryMgr:DataCollectionService: stats => 1700778081896,13732,4444,9765,4169000,100
11-23 23:21:21.897  9398  9433 I BatteryMgr:DataCollectionService: stats => 1700778081897,13732,4444,9765,4169000,100
11-23 23:21:21.898  9398  9436 I BatteryMgr:DataCollectionService: stats => 1700778081898,13732,4444,9765,4169000,100
11-23 23:21:21.906  1795  4157 D ActivityManager: freezer override set to false
11-23 23:21:21.916  1011  1189 I ASH     : @ 124934.111: tcs3701: stop power rail pending_off timer
11-23 23:21:21.916  1011  1189 D ASH     : @ 124934.111: tcs3701: start power rail timer, state:3
11-23 23:21:21.946  1795  4157 D ActivityManager: freezer override set to true
11-23 23:21:21.949  1795  4157 D ActivityManager: freezer override set to false
11-23 23:21:21.957  1011  1189 I ASH     : @ 124934.151: tcs3701: stop power rail pending_off timer
11-23 23:21:21.957  1011  1189 D ASH     : @ 124934.151: tcs3701: start power rail timer, state:3
11-23 23:21:21.996  1011  1189 I ASH     : @ 124934.191: tcs3701: stop power rail pending_off timer
11-23 23:21:21.996  1011  1189 D ASH     : @ 124934.191: tcs3701: start power rail timer, state:3
11-23 23:21:22.002  9398  9433 I BatteryMgr:DataCollectionService: stats => 1700778082002,13732,4444,9765,4169000,100
11-23 23:21:22.002  9398  9436 I BatteryMgr:DataCollectionService: stats => 1700778082002,13732,4444,9765,4169000,100
11-23 23:21:22.002  9398  7861 I BatteryMgr:DataCollectionService: stats => 1700778082002,13732,4444,9765,4169000,100
11-23 23:21:22.036  1011  1189 I ASH     : @ 124934.231: tcs3701: stop power rail pending_off timer
11-23 23:21:22.036  1011  1189 D ASH     : @ 124934.231: tcs3701: start power rail timer, state:3
11-23 23:21:22.077  1011  1189 I ASH     : @ 124934.271: tcs3701: stop power rail pending_off timer
11-23 23:21:22.077  1011  1189 D ASH     : @ 124934.271: tcs3701: start power rail timer, state:3
11-23 23:21:22.108  9398  9436 I BatteryMgr:DataCollectionService: stats => 1700778082108,13732,4444,9765,4169000,100
11-23 23:21:22.109  9398  7861 I BatteryMgr:DataCollectionService: stats => 1700778082109,13732,4444,9765,4169000,100
11-23 23:21:22.109  9398  9433 I BatteryMgr:DataCollectionService: stats => 1700778082109,13732,4444,9765,4169000,100
11-23 23:21:22.116  1011  1189 I ASH     : @ 124934.311: tcs3701: stop power rail pending_off timer
11-23 23:21:22.116  1011  1189 D ASH     : @ 124934.311: tcs3701: start power rail timer, state:3
11-23 23:21:22.157  1011  1189 I ASH     : @ 124934.351: tcs3701: stop power rail pending_off timer
11-23 23:21:22.157  1011  1189 D ASH     : @ 124934.351: tcs3701: start power rail timer, state:3
11-23 23:21:22.196  1011  1189 I ASH     : @ 124934.391: tcs3701: stop power rail pending_off timer
11-23 23:21:22.196  1011  1189 D ASH     : @ 124934.391: tcs3701: start power rail timer, state:3
11-23 23:21:22.214  9398  7861 I BatteryMgr:DataCollectionService: stats => 1700778082214,13732,4444,9765,4169000,100
11-23 23:21:22.215  9398  9433 I BatteryMgr:DataCollectionService: stats => 1700778082215,13732,4444,9765,4169000,100
11-23 23:21:22.217  9398  9436 I BatteryMgr:DataCollectionService: stats => 1700778082217,13732,4444,9765,4169000,100
11-23 23:21:22.236  1011  1189 I ASH     : @ 124934.431: tcs3701: stop power rail pending_off timer
11-23 23:21:22.236  1011  1189 D ASH     : @ 124934.431: tcs3701: start power rail timer, state:3
11-23 23:21:22.276  1011  1189 I ASH     : @ 124934.471: tcs3701: stop power rail pending_off timer
11-23 23:21:22.276  1011  1189 D ASH     : @ 124934.471: tcs3701: start power rail timer, state:3
11-23 23:21:22.316  1011  1189 I ASH     : @ 124934.511: tcs3701: stop power rail pending_off timer
11-23 23:21:22.316  1011  1189 D ASH     : @ 124934.511: tcs3701: start power rail timer, state:3
11-23 23:21:22.320  9398  9433 I BatteryMgr:DataCollectionService: stats => 1700778082320,13732,4444,9765,4169000,100
11-23 23:21:22.322  9398  7861 I BatteryMgr:DataCollectionService: stats => 1700778082322,13732,4444,9765,4169000,100
11-23 23:21:22.323  9398  9436 I BatteryMgr:DataCollectionService: stats => 1700778082323,13732,4444,9765,4169000,100
11-23 23:21:22.356  1011  1189 I ASH     : @ 124934.551: tcs3701: stop power rail pending_off timer
11-23 23:21:22.356  1011  1189 D ASH     : @ 124934.551: tcs3701: start power rail timer, state:3
11-23 23:21:22.396  1011  1189 I ASH     : @ 124934.591: tcs3701: stop power rail pending_off timer
11-23 23:21:22.396  1011  1189 D ASH     : @ 124934.591: tcs3701: start power rail timer, state:3
11-23 23:21:22.427  9398  9433 I BatteryMgr:DataCollectionService: stats => 1700778082427,13732,4444,9765,4169000,100
11-23 23:21:22.429  9398  9436 I BatteryMgr:DataCollectionService: stats => 1700778082429,13732,4444,9765,4169000,100
11-23 23:21:22.430  9398  7861 I BatteryMgr:DataCollectionService: stats => 1700778082430,13732,4444,9765,4169000,100
11-23 23:21:22.436  1011  1189 I ASH     : @ 124934.631: tcs3701: stop power rail pending_off timer
11-23 23:21:22.436  1011  1189 D ASH     : @ 124934.631: tcs3701: start power rail timer, state:3
11-23 23:21:22.476  1011  1189 I ASH     : @ 124934.671: tcs3701: stop power rail pending_off timer
11-23 23:21:22.477  1011  1189 D ASH     : @ 124934.671: tcs3701: start power rail timer, state:3
11-23 23:21:22.516  1011  1189 I ASH     : @ 124934.711: tcs3701: stop power rail pending_off timer
11-23 23:21:22.516  1011  1189 D ASH     : @ 124934.711: tcs3701: start power rail timer, state:3
11-23 23:21:22.533  9398  9433 I BatteryMgr:DataCollectionService: stats => 1700778082533,13732,4444,9765,4169000,100
11-23 23:21:22.534  9398  7861 I BatteryMgr:DataCollectionService: stats => 1700778082534,13732,4444,9765,4169000,100
11-23 23:21:22.534  9398  9436 I BatteryMgr:DataCollectionService: stats => 1700778082534,13732,4444,9765,4169000,100
11-23 23:21:22.557  1011  1189 I ASH     : @ 124934.751: tcs3701: stop power rail pending_off timer
11-23 23:21:22.557  1011  1189 D ASH     : @ 124934.751: tcs3701: start power rail timer, state:3
11-23 23:21:22.596  1011  1189 I ASH     : @ 124934.791: tcs3701: stop power rail pending_off timer
11-23 23:21:22.596  1011  1189 D ASH     : @ 124934.791: tcs3701: start power rail timer, state:3
11-23 23:21:22.637  1011  1189 I ASH     : @ 124934.831: tcs3701: stop power rail pending_off timer
11-23 23:21:22.637  1011  1189 D ASH     : @ 124934.831: tcs3701: start power rail timer, state:3
11-23 23:21:22.643  9398  9433 I BatteryMgr:DataCollectionService: stats => 1700778082642,13732,4444,9765,4169000,100
11-23 23:21:22.643  9398  7861 I BatteryMgr:DataCollectionService: stats => 1700778082643,13732,4444,9765,4169000,100
11-23 23:21:22.643  9398  9436 I BatteryMgr:DataCollectionService: stats => 1700778082643,13732,4444,9765,4169000,100
11-23 23:21:22.652  1795  4144 D ActivityManager: freezer override set to true
11-23 23:21:22.658  1795  4144 D ActivityManager: freezer override set to false
11-23 23:21:22.676  1011  1189 I ASH     : @ 124934.871: tcs3701: stop power rail pending_off timer
11-23 23:21:22.676  1011  1189 D ASH     : @ 124934.871: tcs3701: start power rail timer, state:3
11-23 23:21:22.716  1011  1189 I ASH     : @ 124934.911: tcs3701: stop power rail pending_off timer
11-23 23:21:22.716  1011  1189 D ASH     : @ 124934.911: tcs3701: start power rail timer, state:3
11-23 23:21:22.751  9398  9433 I BatteryMgr:DataCollectionService: stats => 1700778082751,14953,4444,9765,4169000,100
11-23 23:21:22.752  9398  7861 I BatteryMgr:DataCollectionService: stats => 1700778082751,14953,4444,9765,4169000,100
11-23 23:21:22.752  9398  9436 I BatteryMgr:DataCollectionService: stats => 1700778082752,14953,4444,9765,4169000,100
11-23 23:21:22.757  1011  1189 I ASH     : @ 124934.951: tcs3701: stop power rail pending_off timer
11-23 23:21:22.757  1011  1189 D ASH     : @ 124934.951: tcs3701: start power rail timer, state:3
11-23 23:21:22.796  1011  1189 I ASH     : @ 124934.991: tcs3701: stop power rail pending_off timer
11-23 23:21:22.796  1011  1189 D ASH     : @ 124934.991: tcs3701: start power rail timer, state:3
11-23 23:21:22.836  1011  1189 I ASH     : @ 124935.031: tcs3701: stop power rail pending_off timer
11-23 23:21:22.836  1011  1189 D ASH     : @ 124935.031: tcs3701: start power rail timer, state:3
11-23 23:21:22.858  9398  7808 I BatteryMgr:DataCollectionService: stats => 1700778082857,14953,4444,9765,4169000,100
11-23 23:21:22.859  9398  7861 I BatteryMgr:DataCollectionService: stats => 1700778082859,14953,4444,9765,4169000,100
11-23 23:21:22.859  9398  9436 I BatteryMgr:DataCollectionService: stats => 1700778082859,14953,4444,9765,4169000,100
11-23 23:21:22.876  1011  1189 I ASH     : @ 124935.071: tcs3701: stop power rail pending_off timer
11-23 23:21:22.876  1011  1189 D ASH     : @ 124935.071: tcs3701: start power rail timer, state:3
11-23 23:21:22.916  1011  1189 I ASH     : @ 124935.111: tcs3701: stop power rail pending_off timer
11-23 23:21:22.916  1011  1189 D ASH     : @ 124935.111: tcs3701: start power rail timer, state:3
11-23 23:21:22.957  1011  1189 I ASH     : @ 124935.151: tcs3701: stop power rail pending_off timer
11-23 23:21:22.957  1011  1189 D ASH     : @ 124935.151: tcs3701: start power rail timer, state:3
11-23 23:21:22.963  9398  9433 I BatteryMgr:DataCollectionService: stats => 1700778082963,14953,4444,9765,4169000,100
11-23 23:21:22.964  9398  9436 I BatteryMgr:DataCollectionService: stats => 1700778082964,14953,4444,9765,4169000,100
11-23 23:21:22.965  9398  7861 I BatteryMgr:DataCollectionService: stats => 1700778082965,14953,4444,9765,4169000,100
11-23 23:21:22.996  1011  1189 I ASH     : @ 124935.191: tcs3701: stop power rail pending_off timer
11-23 23:21:22.996  1011  1189 D ASH     : @ 124935.191: tcs3701: start power rail timer, state:3
11-23 23:21:23.036  1011  1189 I ASH     : @ 124935.231: tcs3701: stop power rail pending_off timer
11-23 23:21:23.036  1011  1189 D ASH     : @ 124935.231: tcs3701: start power rail timer, state:3
11-23 23:21:23.068  9398  9436 I BatteryMgr:DataCollectionService: stats => 1700778083068,14953,4444,9765,4169000,100
11-23 23:21:23.068  9398  7861 I BatteryMgr:DataCollectionService: stats => 1700778083068,14953,4444,9765,4169000,100
11-23 23:21:23.070  9398  9433 I BatteryMgr:DataCollectionService: stats => 1700778083070,14953,4444,9765,4169000,100
11-23 23:21:23.076  1011  1189 I ASH     : @ 124935.271: tcs3701: stop power rail pending_off timer
11-23 23:21:23.076  1011  1189 D ASH     : @ 124935.271: tcs3701: start power rail timer, state:3
11-23 23:21:23.092  1011  1189 D ASH     : @ 124935.287: AP has been up: last 124633893899, now 124935286930 usec
11-23 23:21:23.099  1795  4157 D ActivityManager: freezer override set to true
11-23 23:21:23.116  1011  1189 I ASH     : @ 124935.311: tcs3701: stop power rail pending_off timer
11-23 23:21:23.116  1011  1189 D ASH     : @ 124935.311: tcs3701: start power rail timer, state:3
11-23 23:21:23.156  1011  1189 I ASH     : @ 124935.351: tcs3701: stop power rail pending_off timer
11-23 23:21:23.156  1011  1189 D ASH     : @ 124935.351: tcs3701: start power rail timer, state:3
11-23 23:21:23.174  9398  9433 I BatteryMgr:DataCollectionService: stats => 1700778083173,14953,4444,9765,4169000,100
11-23 23:21:23.174  9398  9436 I BatteryMgr:DataCollectionService: stats => 1700778083174,14953,4444,9765,4169000,100
11-23 23:21:23.177  9398  7861 I BatteryMgr:DataCollectionService: stats => 1700778083177,14953,4444,9765,4169000,100
11-23 23:21:23.196  1011  1189 I ASH     : @ 124935.391: tcs3701: stop power rail pending_off timer
11-23 23:21:23.196  1011  1189 D ASH     : @ 124935.391: tcs3701: start power rail timer, state:3
11-23 23:21:23.236  1011  1189 I ASH     : @ 124935.431: tcs3701: stop power rail pending_off timer
11-23 23:21:23.236  1011  1189 D ASH     : @ 124935.431: tcs3701: start power rail timer, state:3
11-23 23:21:23.238 23166 23277 I m.chrome.canary: Explicit concurrent copying GC freed 3591(176KB) AllocSpace objects, 3(60KB) LOS objects, 75% free, 12MB/49MB, paused 32us,22us total 46.653ms
11-23 23:21:23.276  1011  1189 I ASH     : @ 124935.471: tcs3701: stop power rail pending_off timer
11-23 23:21:23.276  1011  1189 D ASH     : @ 124935.471: tcs3701: start power rail timer, state:3
11-23 23:21:23.283  9398  7861 I BatteryMgr:DataCollectionService: stats => 1700778083283,14953,4444,9765,4169000,100
11-23 23:21:23.284  9398  9436 I BatteryMgr:DataCollectionService: stats => 1700778083284,14953,4444,9765,4169000,100
11-23 23:21:23.284  9398  9433 I BatteryMgr:DataCollectionService: stats => 1700778083284,14953,4444,9765,4169000,100
11-23 23:21:23.293  1795  4157 D ActivityManager: freezer override set to false
11-23 23:21:23.316  1011  1189 I ASH     : @ 124935.511: tcs3701: stop power rail pending_off timer
11-23 23:21:23.316  1011  1189 D ASH     : @ 124935.511: tcs3701: start power rail timer, state:3
11-23 23:21:23.342  1795  4157 D ActivityManager: freezer override set to true
11-23 23:21:23.345  1795  4157 D ActivityManager: freezer override set to false
11-23 23:21:23.356  1011  1189 I ASH     : @ 124935.551: tcs3701: stop power rail pending_off timer
11-23 23:21:23.356  1011  1189 D ASH     : @ 124935.551: tcs3701: start power rail timer, state:3
11-23 23:21:23.388  9398  7808 I BatteryMgr:DataCollectionService: stats => 1700778083388,14953,4444,9765,4169000,100
11-23 23:21:23.389  9398  9436 I BatteryMgr:DataCollectionService: stats => 1700778083388,14953,4444,9765,4169000,100
11-23 23:21:23.389  9398  9433 I BatteryMgr:DataCollectionService: stats => 1700778083389,14953,4444,9765,4169000,100
11-23 23:21:23.396  1011  1189 I ASH     : @ 124935.591: tcs3701: stop power rail pending_off timer
11-23 23:21:23.396  1011  1189 D ASH     : @ 124935.591: tcs3701: start power rail timer, state:3
11-23 23:21:23.436  1011  1189 I ASH     : @ 124935.631: tcs3701: stop power rail pending_off timer
11-23 23:21:23.436  1011  1189 D ASH     : @ 124935.631: tcs3701: start power rail timer, state:3
11-23 23:21:23.476  1011  1189 I ASH     : @ 124935.671: tcs3701: stop power rail pending_off timer
11-23 23:21:23.476  1011  1189 D ASH     : @ 124935.671: tcs3701: start power rail timer, state:3
11-23 23:21:23.493  9398  9436 I BatteryMgr:DataCollectionService: stats => 1700778083493,14953,4444,9765,4169000,100
11-23 23:21:23.493  9398  7808 I BatteryMgr:DataCollectionService: stats => 1700778083493,14953,4444,9765,4169000,100
11-23 23:21:23.493  9398  9433 I BatteryMgr:DataCollectionService: stats => 1700778083493,14953,4444,9765,4169000,100
11-23 23:21:23.516  1011  1189 I ASH     : @ 124935.711: tcs3701: stop power rail pending_off timer
11-23 23:21:23.516  1011  1189 D ASH     : @ 124935.711: tcs3701: start power rail timer, state:3
11-23 23:21:23.556  1011  1189 I ASH     : @ 124935.751: tcs3701: stop power rail pending_off timer
11-23 23:21:23.556  1011  1189 D ASH     : @ 124935.751: tcs3701: start power rail timer, state:3
11-23 23:21:23.596  1011  1189 I ASH     : @ 124935.791: tcs3701: stop power rail pending_off timer
11-23 23:21:23.596  1011  1189 D ASH     : @ 124935.791: tcs3701: start power rail timer, state:3
11-23 23:21:23.598  9398  9433 I BatteryMgr:DataCollectionService: stats => 1700778083598,14953,4444,9765,4169000,100
11-23 23:21:23.599  9398  5999 I BatteryMgr:DataCollectionService: stats => 1700778083599,14953,4444,9765,4169000,100
11-23 23:21:23.599  9398  7808 I BatteryMgr:DataCollectionService: stats => 1700778083599,14953,4444,9765,4169000,100
11-23 23:21:23.636  1011  1189 I ASH     : @ 124935.831: tcs3701: stop power rail pending_off timer
11-23 23:21:23.636  1011  1189 D ASH     : @ 124935.831: tcs3701: start power rail timer, state:3
11-23 23:21:23.654  1795  4157 D ActivityManager: freezer override set to true
11-23 23:21:23.654  2113  2118 I pixel-thermal: skin-therm-monitor: 38.335
11-23 23:21:23.659  1795  4157 D ActivityManager: freezer override set to false
11-23 23:21:23.678  1011  1189 I ASH     : @ 124935.871: tcs3701: stop power rail pending_off timer
11-23 23:21:23.678  1011  1189 D ASH     : @ 124935.871: tcs3701: start power rail timer, state:3
11-23 23:21:23.703  9398  5999 I BatteryMgr:DataCollectionService: stats => 1700778083703,14953,4444,9765,4169000,100
11-23 23:21:23.704  9398  7808 I BatteryMgr:DataCollectionService: stats => 1700778083704,14953,4444,9765,4169000,100
11-23 23:21:23.704  9398  9433 I BatteryMgr:DataCollectionService: stats => 1700778083704,14953,4444,9765,4169000,100
11-23 23:21:23.716  1011  1189 I ASH     : @ 124935.911: tcs3701: stop power rail pending_off timer
11-23 23:21:23.716  1011  1189 D ASH     : @ 124935.911: tcs3701: start power rail timer, state:3
11-23 23:21:23.756  1011  1189 I ASH     : @ 124935.951: tcs3701: stop power rail pending_off timer
11-23 23:21:23.756  1011  1189 D ASH     : @ 124935.951: tcs3701: start power rail timer, state:3
11-23 23:21:23.796  1011  1189 I ASH     : @ 124935.991: tcs3701: stop power rail pending_off timer
11-23 23:21:23.796  1011  1189 D ASH     : @ 124935.991: tcs3701: start power rail timer, state:3
11-23 23:21:23.809  9398  5999 I BatteryMgr:DataCollectionService: stats => 1700778083809,14953,4444,9765,4169000,100
11-23 23:21:23.809  9398  9433 I BatteryMgr:DataCollectionService: stats => 1700778083809,14953,4444,9765,4169000,100
11-23 23:21:23.810  9398  7808 I BatteryMgr:DataCollectionService: stats => 1700778083810,14953,4444,9765,4169000,100
11-23 23:21:23.837  1011  1189 I ASH     : @ 124936.031: tcs3701: stop power rail pending_off timer
11-23 23:21:23.837  1011  1189 D ASH     : @ 124936.031: tcs3701: start power rail timer, state:3
11-23 23:21:23.876  1011  1189 I ASH     : @ 124936.071: tcs3701: stop power rail pending_off timer
11-23 23:21:23.876  1011  1189 D ASH     : @ 124936.071: tcs3701: start power rail timer, state:3
11-23 23:21:23.914  9398  5999 I BatteryMgr:DataCollectionService: stats => 1700778083914,14953,4444,9765,4169000,100
11-23 23:21:23.915  9398  7808 I BatteryMgr:DataCollectionService: stats => 1700778083915,14953,4444,9765,4169000,100
11-23 23:21:23.915  9398  9433 I BatteryMgr:DataCollectionService: stats => 1700778083915,14953,4444,9765,4169000,100
11-23 23:21:23.916  1011  1189 I ASH     : @ 124936.111: tcs3701: stop power rail pending_off timer
11-23 23:21:23.916  1011  1189 D ASH     : @ 124936.111: tcs3701: start power rail timer, state:3
11-23 23:21:23.956  1011  1189 I ASH     : @ 124936.151: tcs3701: stop power rail pending_off timer
11-23 23:21:23.956  1011  1189 D ASH     : @ 124936.151: tcs3701: start power rail timer, state:3
11-23 23:21:23.996  1011  1189 I ASH     : @ 124936.191: tcs3701: stop power rail pending_off timer
11-23 23:21:23.996  1011  1189 D ASH     : @ 124936.191: tcs3701: start power rail timer, state:3
11-23 23:21:24.020  9398  9433 I BatteryMgr:DataCollectionService: stats => 1700778084020,14953,4444,9765,4169000,100
11-23 23:21:24.020  9398  5999 I BatteryMgr:DataCollectionService: stats => 1700778084020,14953,4444,9765,4169000,100
11-23 23:21:24.021  9398  7808 I BatteryMgr:DataCollectionService: stats => 1700778084021,14953,4444,9765,4169000,100
11-23 23:21:24.033  1795  2424 D WifiClientModeImpl[13802:wlan0]: updateLinkLayerStatsRssiSpeedFrequencyCapabilities rssi=-47 TxLinkspeed=866 freq=5240 RxLinkSpeed=866
11-23 23:21:24.034  1795  2424 D WifiDataStall: tx tput in kbps: 684512
11-23 23:21:24.034  1795  2424 D WifiDataStall: rx tput in kbps: 720539
11-23 23:21:24.034  1795  2424 V WifiConfigManager: Updating scan detail cache freq=5240 BSSID=f4:6d:2f:12:cc:88 RSSI=-46 for "ourhome"WPA_PSK
11-23 23:21:24.034  1795  2424 D WifiChannelUtilization:  freq: 5240 onTime: 4137715 busyTime: 445869 onTimeDiff: 762923 busyTimeDiff: 130170 utilization: 43 utilization t0: 27
11-23 23:21:24.034  1795  2424 D WifiDataStall:  ccaLevel = 43
11-23 23:21:24.034  1795  2424 D WifiDataStall: L2 txTputKbps: 684512, rxTputKbps: 720539, L3 txTputKbps: 0, rxTputKbps: 0, TxTrafficHigh: false, RxTrafficHigh: false, Throughput Sufficient: true
11-23 23:21:24.034  3213  8092 V WifiManager: OnWifiUsabilityStatsListener: onWifiUsabilityStats: seqNum=41224
11-23 23:21:24.034  1795  2424 D WifiScoreReport: Wifi scoring disabled - Don't check IP layer
11-23 23:21:24.034  1795  2424 D WifiScoreCard: BSSID update SIGNAL_POLL ID: 1320464697 SSID: "ourhome", BSSID: f4:6d:2f:12:cc:88, MAC: b2:2f:ec:da:4a:0c, IP: /192.168.1.104, Security type: 2, Supplicant state: COMPLETED, Wi-Fi standard: 5, RSSI: -47, Link speed: 866Mbps, Tx Link speed: 866Mbps, Max Supported Tx Link speed: 866Mbps, Rx Link speed: 866Mbps, Max Supported Rx Link speed: 866Mbps, Frequency: 5240MHz, Net ID: 12, Metered hint: false, score: 60, isUsable: true, CarrierMerged: false, SubscriptionId: -1, IsPrimary: 1, Trusted: true, Restricted: false, Ephemeral: false, OEM paid: false, OEM private: false, OSU AP: false, FQDN: <none>, Provider friendly name: <none>, Requesting package name: <none>"ourhome"wpa2-pskMLO Information: , Is TID-To-Link negotiation supported by the AP: false, AP MLD Address: <none>, AP MLO Link Id: <none>, AP MLO Affiliated links: <none>
11-23 23:21:24.034  1795  2424 D WifiScoreCard: txRate: 1 txSpeed: 866
11-23 23:21:24.034  1795  2424 D WifiScoreCard: network update SIGNAL_POLL "ourhome" ID: 1499892569 RSSI -47 txSpeed -1
11-23 23:21:24.035  1795  4157 I WifiService: updateWifiUsabilityScore uid=10180 seqNum=41224 score=100 predictionHorizonSec=1441795
11-23 23:21:24.035  1795  2424 D WifiClientModeImpl[13802:wlan0]:  ClientModeImpl$L2ConnectedState screen=on 25 0 "ourhome" f4:6d:2f:12:cc:88 rssi=-47 f=5240 sc=60 link=866 tx=0.0, 0.0, 0.0 rx=0.0 bcn=1200106 [on:0 tx:0 rx:0 period:3013] from screen [on:777064 period:11931400] score=60
11-23 23:21:24.035  1795  2424 D WifiScoreReport: Wifi scoring disabled - Notify that Wifi is usable
11-23 23:21:24.036  1011  1189 I ASH     : @ 124936.231: tcs3701: stop power rail pending_off timer
11-23 23:21:24.037  1011  1189 D ASH     : @ 124936.231: tcs3701: start power rail timer, state:3
11-23 23:21:24.038  1795  2432 D ConnectivityService: NetReassign [no changes] [c 0] [a 0] [i 2]
11-23 23:21:24.076  1011  1189 I ASH     : @ 124936.271: tcs3701: stop power rail pending_off timer
11-23 23:21:24.076  1011  1189 D ASH     : @ 124936.271: tcs3701: start power rail timer, state:3
11-23 23:21:24.117  1011  1189 I ASH     : @ 124936.311: tcs3701: stop power rail pending_off timer
11-23 23:21:24.117  1011  1189 D ASH     : @ 124936.311: tcs3701: start power rail timer, state:3
11-23 23:21:24.125  9398  9433 I BatteryMgr:DataCollectionService: stats => 1700778084125,14953,4444,9765,4169000,100
11-23 23:21:24.126  9398  7808 I BatteryMgr:DataCollectionService: stats => 1700778084126,14953,4444,9765,4169000,100
11-23 23:21:24.127  9398  5999 I BatteryMgr:DataCollectionService: stats => 1700778084127,14953,4444,9765,4169000,100
11-23 23:21:24.156  1011  1189 I ASH     : @ 124936.351: tcs3701: stop power rail pending_off timer
11-23 23:21:24.156  1011  1189 D ASH     : @ 124936.351: tcs3701: start power rail timer, state:3
11-23 23:21:24.196  1011  1189 I ASH     : @ 124936.391: tcs3701: stop power rail pending_off timer
11-23 23:21:24.196  1011  1189 D ASH     : @ 124936.391: tcs3701: start power rail timer, state:3
11-23 23:21:24.233  9398  7861 I BatteryMgr:DataCollectionService: stats => 1700778084233,14953,4444,9765,4169000,100
11-23 23:21:24.234  9398  7808 I BatteryMgr:DataCollectionService: stats => 1700778084234,14953,4444,9765,4169000,100
11-23 23:21:24.234  9398  5999 I BatteryMgr:DataCollectionService: stats => 1700778084234,14953,4444,9765,4169000,100
11-23 23:21:24.236  1011  1189 I ASH     : @ 124936.431: tcs3701: stop power rail pending_off timer
11-23 23:21:24.236  1011  1189 D ASH     : @ 124936.431: tcs3701: start power rail timer, state:3
11-23 23:21:24.276  1011  1189 I ASH     : @ 124936.471: tcs3701: stop power rail pending_off timer
11-23 23:21:24.276  1011  1189 D ASH     : @ 124936.471: tcs3701: start power rail timer, state:3
11-23 23:21:24.317  1011  1189 I ASH     : @ 124936.511: tcs3701: stop power rail pending_off timer
11-23 23:21:24.317  1011  1189 D ASH     : @ 124936.511: tcs3701: start power rail timer, state:3
11-23 23:21:24.339  9398  7808 I BatteryMgr:DataCollectionService: stats => 1700778084339,14953,4444,9765,4169000,100
11-23 23:21:24.339  9398  7861 I BatteryMgr:DataCollectionService: stats => 1700778084339,14953,4444,9765,4169000,100
11-23 23:21:24.340  9398  5999 I BatteryMgr:DataCollectionService: stats => 1700778084340,14953,4444,9765,4169000,100
11-23 23:21:24.356  1011  1189 I ASH     : @ 124936.551: tcs3701: stop power rail pending_off timer
11-23 23:21:24.356  1011  1189 D ASH     : @ 124936.551: tcs3701: start power rail timer, state:3
11-23 23:21:24.396  1011  1189 I ASH     : @ 124936.591: tcs3701: stop power rail pending_off timer
11-23 23:21:24.396  1011  1189 D ASH     : @ 124936.591: tcs3701: start power rail timer, state:3
11-23 23:21:24.436  1011  1189 I ASH     : @ 124936.631: tcs3701: stop power rail pending_off timer
11-23 23:21:24.436  1011  1189 D ASH     : @ 124936.631: tcs3701: start power rail timer, state:3
11-23 23:21:24.449  9398  7808 I BatteryMgr:DataCollectionService: stats => 1700778084449,14953,4444,9765,4169000,100
11-23 23:21:24.450  9398  5999 I BatteryMgr:DataCollectionService: stats => 1700778084450,14953,4444,9765,4169000,100
11-23 23:21:24.450  9398  7861 I BatteryMgr:DataCollectionService: stats => 1700778084450,14953,4444,9765,4169000,100
11-23 23:21:24.476  1011  1189 I ASH     : @ 124936.671: tcs3701: stop power rail pending_off timer
11-23 23:21:24.476  1011  1189 D ASH     : @ 124936.671: tcs3701: start power rail timer, state:3
11-23 23:21:24.481  1795  4168 D ActivityManager: freezer override set to true
11-23 23:21:24.516  1011  1189 I ASH     : @ 124936.711: tcs3701: stop power rail pending_off timer
11-23 23:21:24.516  1011  1189 D ASH     : @ 124936.711: tcs3701: start power rail timer, state:3
11-23 23:21:24.556  9398  5999 I BatteryMgr:DataCollectionService: stats => 1700778084556,14953,4444,9765,4169000,100
11-23 23:21:24.556  1011  1189 I ASH     : @ 124936.751: tcs3701: stop power rail pending_off timer
11-23 23:21:24.556  1011  1189 D ASH     : @ 124936.751: tcs3701: start power rail timer, state:3
11-23 23:21:24.558  9398  7808 I BatteryMgr:DataCollectionService: stats => 1700778084558,14953,4444,9765,4169000,100
11-23 23:21:24.558  9398  7861 I BatteryMgr:DataCollectionService: stats => 1700778084558,14953,4444,9765,4169000,100
11-23 23:21:24.596  1011  1189 I ASH     : @ 124936.791: tcs3701: stop power rail pending_off timer
11-23 23:21:24.596  1011  1189 D ASH     : @ 124936.791: tcs3701: start power rail timer, state:3
11-23 23:21:24.636  1011  1189 I ASH     : @ 124936.831: tcs3701: stop power rail pending_off timer
11-23 23:21:24.636  1011  1189 D ASH     : @ 124936.831: tcs3701: start power rail timer, state:3
11-23 23:21:24.643 23166 23277 I m.chrome.canary: Explicit concurrent copying GC freed 3576(176KB) AllocSpace objects, 3(60KB) LOS objects, 75% free, 12MB/49MB, paused 30us,21us total 44.071ms
11-23 23:21:24.668  9398  7808 I BatteryMgr:DataCollectionService: stats => 1700778084668,14953,4444,9765,4169000,100
11-23 23:21:24.669  9398  5999 I BatteryMgr:DataCollectionService: stats => 1700778084669,14953,4444,9765,4169000,100
11-23 23:21:24.670  9398  7861 I BatteryMgr:DataCollectionService: stats => 1700778084670,14953,4444,9765,4169000,100
11-23 23:21:24.676  1011  1189 I ASH     : @ 124936.871: tcs3701: stop power rail pending_off timer
11-23 23:21:24.676  1011  1189 D ASH     : @ 124936.871: tcs3701: start power rail timer, state:3
11-23 23:21:24.696  1795  4157 D ActivityManager: freezer override set to false
11-23 23:21:24.716  1011  1189 I ASH     : @ 124936.911: tcs3701: stop power rail pending_off timer
11-23 23:21:24.716  1011  1189 D ASH     : @ 124936.911: tcs3701: start power rail timer, state:3
11-23 23:21:24.747  1795  4157 D ActivityManager: freezer override set to true
11-23 23:21:24.751  1795  4157 D ActivityManager: freezer override set to false
11-23 23:21:24.756  1011  1189 I ASH     : @ 124936.951: tcs3701: stop power rail pending_off timer
11-23 23:21:24.756  1011  1189 D ASH     : @ 124936.951: tcs3701: start power rail timer, state:3
11-23 23:21:24.773  9398  5999 I BatteryMgr:DataCollectionService: stats => 1700778084772,14953,4444,9765,4169000,100
11-23 23:21:24.773  9398  7861 I BatteryMgr:DataCollectionService: stats => 1700778084773,14953,4444,9765,4169000,100
11-23 23:21:24.774  9398  9433 I BatteryMgr:DataCollectionService: stats => 1700778084774,14953,4444,9765,4169000,100
11-23 23:21:24.796  1011  1189 I ASH     : @ 124936.991: tcs3701: stop power rail pending_off timer
11-23 23:21:24.796  1011  1189 D ASH     : @ 124936.991: tcs3701: start power rail timer, state:3
11-23 23:21:24.836  1011  1189 I ASH     : @ 124937.031: tcs3701: stop power rail pending_off timer
11-23 23:21:24.836  1011  1189 D ASH     : @ 124937.031: tcs3701: start power rail timer, state:3
11-23 23:21:24.876  1011  1189 I ASH     : @ 124937.071: tcs3701: stop power rail pending_off timer
11-23 23:21:24.876  1011  1189 D ASH     : @ 124937.071: tcs3701: start power rail timer, state:3
11-23 23:21:24.878  9398  9433 I BatteryMgr:DataCollectionService: stats => 1700778084878,14953,4444,9765,4169000,100
11-23 23:21:24.878  9398  7861 I BatteryMgr:DataCollectionService: stats => 1700778084878,14953,4444,9765,4169000,100
11-23 23:21:24.878  9398  5999 I BatteryMgr:DataCollectionService: stats => 1700778084878,14953,4444,9765,4169000,100
11-23 23:21:24.917  1011  1189 I ASH     : @ 124937.111: tcs3701: stop power rail pending_off timer
11-23 23:21:24.917  1011  1189 D ASH     : @ 124937.111: tcs3701: start power rail timer, state:3
11-23 23:21:24.956  1011  1189 I ASH     : @ 124937.151: tcs3701: stop power rail pending_off timer
11-23 23:21:24.956  1011  1189 D ASH     : @ 124937.151: tcs3701: start power rail timer, state:3
11-23 23:21:24.984  9398  7808 I BatteryMgr:DataCollectionService: stats => 1700778084984,14953,4444,9765,4169000,100
11-23 23:21:24.984  9398  7861 I BatteryMgr:DataCollectionService: stats => 1700778084984,14953,4444,9765,4169000,100
11-23 23:21:24.984  9398  5999 I BatteryMgr:DataCollectionService: stats => 1700778084984,14953,4444,9765,4169000,100
11-23 23:21:24.996  1011  1189 I ASH     : @ 124937.191: tcs3701: stop power rail pending_off timer
11-23 23:21:24.996  1011  1189 D ASH     : @ 124937.191: tcs3701: start power rail timer, state:3
11-23 23:21:25.036  1011  1189 I ASH     : @ 124937.231: tcs3701: stop power rail pending_off timer
11-23 23:21:25.036  1011  1189 D ASH     : @ 124937.231: tcs3701: start power rail timer, state:3
11-23 23:21:25.076  1011  1189 I ASH     : @ 124937.271: tcs3701: stop power rail pending_off timer
11-23 23:21:25.076  1011  1189 D ASH     : @ 124937.271: tcs3701: start power rail timer, state:3
11-23 23:21:25.090  9398  9433 I BatteryMgr:DataCollectionService: stats => 1700778085090,14953,4444,9765,4169000,100
11-23 23:21:25.091  9398  7861 I BatteryMgr:DataCollectionService: stats => 1700778085091,14953,4444,9765,4169000,100
11-23 23:21:25.091  9398  5999 I BatteryMgr:DataCollectionService: stats => 1700778085091,14953,4444,9765,4169000,100
11-23 23:21:25.117  1011  1189 I ASH     : @ 124937.311: tcs3701: stop power rail pending_off timer
11-23 23:21:25.117  1011  1189 D ASH     : @ 124937.311: tcs3701: start power rail timer, state:3
11-23 23:21:25.156  1011  1189 I ASH     : @ 124937.351: tcs3701: stop power rail pending_off timer
11-23 23:21:25.156  1011  1189 D ASH     : @ 124937.351: tcs3701: start power rail timer, state:3
11-23 23:21:25.196  9398  7861 I BatteryMgr:DataCollectionService: stats => 1700778085196,14953,4444,9765,4169000,100
11-23 23:21:25.196  1011  1189 I ASH     : @ 124937.391: tcs3701: stop power rail pending_off timer
11-23 23:21:25.196  1011  1189 D ASH     : @ 124937.391: tcs3701: start power rail timer, state:3
11-23 23:21:25.197  9398  5999 I BatteryMgr:DataCollectionService: stats => 1700778085197,14953,4444,9765,4169000,100
11-23 23:21:25.197  9398  7808 I BatteryMgr:DataCollectionService: stats => 1700778085197,14953,4444,9765,4169000,100
11-23 23:21:25.236  1011  1189 I ASH     : @ 124937.431: tcs3701: stop power rail pending_off timer
11-23 23:21:25.236  1011  1189 D ASH     : @ 124937.431: tcs3701: start power rail timer, state:3
11-23 23:21:25.276  1011  1189 I ASH     : @ 124937.471: tcs3701: stop power rail pending_off timer
11-23 23:21:25.276  1011  1189 D ASH     : @ 124937.471: tcs3701: start power rail timer, state:3
11-23 23:21:25.304  9398  7808 I BatteryMgr:DataCollectionService: stats => 1700778085304,14953,4444,9765,4169000,100
11-23 23:21:25.305  9398  5999 I BatteryMgr:DataCollectionService: stats => 1700778085305,14953,4444,9765,4169000,100
11-23 23:21:25.305  9398  7861 I BatteryMgr:DataCollectionService: stats => 1700778085305,14953,4444,9765,4169000,100
11-23 23:21:25.316  1011  1189 I ASH     : @ 124937.511: tcs3701: stop power rail pending_off timer
11-23 23:21:25.316  1011  1189 D ASH     : @ 124937.511: tcs3701: start power rail timer, state:3
11-23 23:21:25.356  1011  1189 I ASH     : @ 124937.551: tcs3701: stop power rail pending_off timer
11-23 23:21:25.356  1011  1189 D ASH     : @ 124937.551: tcs3701: start power rail timer, state:3
11-23 23:21:25.397  1011  1189 I ASH     : @ 124937.591: tcs3701: stop power rail pending_off timer
11-23 23:21:25.397  1011  1189 D ASH     : @ 124937.591: tcs3701: start power rail timer, state:3
11-23 23:21:25.411  9398  7808 I BatteryMgr:DataCollectionService: stats => 1700778085411,14953,4444,9765,4169000,100
11-23 23:21:25.412  9398  7861 I BatteryMgr:DataCollectionService: stats => 1700778085412,14953,4444,9765,4169000,100
11-23 23:21:25.412  9398  5999 I BatteryMgr:DataCollectionService: stats => 1700778085412,14953,4444,9765,4169000,100
11-23 23:21:25.436  1011  1189 I ASH     : @ 124937.631: tcs3701: stop power rail pending_off timer
11-23 23:21:25.436  1011  1189 D ASH     : @ 124937.631: tcs3701: start power rail timer, state:3
11-23 23:21:25.476  1011  1189 I ASH     : @ 124937.671: tcs3701: stop power rail pending_off timer
11-23 23:21:25.476  1011  1189 D ASH     : @ 124937.671: tcs3701: start power rail timer, state:3
11-23 23:21:25.516  1011  1189 I ASH     : @ 124937.711: tcs3701: stop power rail pending_off timer
11-23 23:21:25.516  1011  1189 D ASH     : @ 124937.711: tcs3701: start power rail timer, state:3
11-23 23:21:25.517  9398  7808 I BatteryMgr:DataCollectionService: stats => 1700778085517,14953,4444,9765,4169000,100
11-23 23:21:25.517  9398  7861 I BatteryMgr:DataCollectionService: stats => 1700778085517,14953,4444,9765,4169000,100
11-23 23:21:25.518  9398  5999 I BatteryMgr:DataCollectionService: stats => 1700778085518,14953,4444,9765,4169000,100
11-23 23:21:25.556  1011  1189 I ASH     : @ 124937.751: tcs3701: stop power rail pending_off timer
11-23 23:21:25.556  1011  1189 D ASH     : @ 124937.751: tcs3701: start power rail timer, state:3
11-23 23:21:25.597  1011  1189 I ASH     : @ 124937.791: tcs3701: stop power rail pending_off timer
11-23 23:21:25.597  1011  1189 D ASH     : @ 124937.791: tcs3701: start power rail timer, state:3
11-23 23:21:25.622  9398  7808 I BatteryMgr:DataCollectionService: stats => 1700778085622,14953,4444,9765,4169000,100
11-23 23:21:25.624  9398  7861 I BatteryMgr:DataCollectionService: stats => 1700778085624,14953,4444,9765,4169000,100
11-23 23:21:25.624  9398  5999 I BatteryMgr:DataCollectionService: stats => 1700778085624,14953,4444,9765,4169000,100
11-23 23:21:25.636  1011  1189 I ASH     : @ 124937.831: tcs3701: stop power rail pending_off timer
11-23 23:21:25.636  1011  1189 D ASH     : @ 124937.831: tcs3701: start power rail timer, state:3
11-23 23:21:25.656  1795  3658 D ActivityManager: freezer override set to true
11-23 23:21:25.657  2113  2118 I pixel-thermal: skin-therm-monitor: 38.369
11-23 23:21:25.661  1795  3658 D ActivityManager: freezer override set to false
11-23 23:21:25.676  1011  1189 I ASH     : @ 124937.871: tcs3701: stop power rail pending_off timer
11-23 23:21:25.676  1011  1189 D ASH     : @ 124937.871: tcs3701: start power rail timer, state:3
11-23 23:21:25.716  1011  1189 I ASH     : @ 124937.911: tcs3701: stop power rail pending_off timer
11-23 23:21:25.716  1011  1189 D ASH     : @ 124937.911: tcs3701: start power rail timer, state:3
11-23 23:21:25.731  9398  7808 I BatteryMgr:DataCollectionService: stats => 1700778085731,14953,4444,9765,4169000,100
11-23 23:21:25.733  9398  7861 I BatteryMgr:DataCollectionService: stats => 1700778085733,14953,4444,9765,4169000,100
11-23 23:21:25.733  9398  5999 I BatteryMgr:DataCollectionService: stats => 1700778085733,14953,4444,9765,4169000,100
11-23 23:21:25.756  1011  1189 I ASH     : @ 124937.951: tcs3701: stop power rail pending_off timer
11-23 23:21:25.756  1011  1189 D ASH     : @ 124937.951: tcs3701: start power rail timer, state:3
11-23 23:21:25.796  1011  1189 I ASH     : @ 124937.991: tcs3701: stop power rail pending_off timer
11-23 23:21:25.797  1011  1189 D ASH     : @ 124937.991: tcs3701: start power rail timer, state:3
11-23 23:21:25.836  1011  1189 I ASH     : @ 124938.031: tcs3701: stop power rail pending_off timer
11-23 23:21:25.836  1011  1189 D ASH     : @ 124938.031: tcs3701: start power rail timer, state:3
11-23 23:21:25.838  9398  5999 I BatteryMgr:DataCollectionService: stats => 1700778085838,14953,4444,9765,4169000,100
11-23 23:21:25.839  9398  7808 I BatteryMgr:DataCollectionService: stats => 1700778085839,14953,4444,9765,4169000,100
11-23 23:21:25.839  9398  7861 I BatteryMgr:DataCollectionService: stats => 1700778085839,14953,4444,9765,4169000,100
11-23 23:21:25.876  1011  1189 I ASH     : @ 124938.071: tcs3701: stop power rail pending_off timer
11-23 23:21:25.876  1011  1189 D ASH     : @ 124938.071: tcs3701: start power rail timer, state:3
11-23 23:21:25.886  1795  3658 D ActivityManager: freezer override set to true
11-23 23:21:25.916  1011  1189 I ASH     : @ 124938.111: tcs3701: stop power rail pending_off timer
11-23 23:21:25.916  1011  1189 D ASH     : @ 124938.111: tcs3701: start power rail timer, state:3
11-23 23:21:25.946  9398  5999 I BatteryMgr:DataCollectionService: stats => 1700778085946,14953,4444,9765,4169000,100
11-23 23:21:25.946  9398  7861 I BatteryMgr:DataCollectionService: stats => 1700778085946,14953,4444,9765,4169000,100
11-23 23:21:25.946  9398  7808 I BatteryMgr:DataCollectionService: stats => 1700778085946,14953,4444,9765,4169000,100
11-23 23:21:25.956  1011  1189 I ASH     : @ 124938.151: tcs3701: stop power rail pending_off timer
11-23 23:21:25.956  1011  1189 D ASH     : @ 124938.151: tcs3701: start power rail timer, state:3
11-23 23:21:25.970 23166 23181 I m.chrome.canary: Explicit concurrent copying GC freed 3799(191KB) AllocSpace objects, 4(80KB) LOS objects, 75% free, 12MB/49MB, paused 33us,28us total 47.686ms
11-23 23:21:25.996  1011  1189 I ASH     : @ 124938.191: tcs3701: stop power rail pending_off timer
11-23 23:21:25.996  1011  1189 D ASH     : @ 124938.191: tcs3701: start power rail timer, state:3
11-23 23:21:26.028  1795  3658 D ActivityManager: freezer override set to false
11-23 23:21:26.036  1011  1189 I ASH     : @ 124938.231: tcs3701: stop power rail pending_off timer
11-23 23:21:26.036  1011  1189 D ASH     : @ 124938.231: tcs3701: start power rail timer, state:3
11-23 23:21:26.050  9398  7861 I BatteryMgr:DataCollectionService: stats => 1700778086050,14953,4444,9765,4169000,100
11-23 23:21:26.051  9398  9433 I BatteryMgr:DataCollectionService: stats => 1700778086051,14953,4444,9765,4169000,100
11-23 23:21:26.051  9398  7808 I BatteryMgr:DataCollectionService: stats => 1700778086051,14953,4444,9765,4169000,100
11-23 23:21:26.076  1011  1189 I ASH     : @ 124938.271: tcs3701: stop power rail pending_off timer
11-23 23:21:26.076  1011  1189 D ASH     : @ 124938.271: tcs3701: start power rail timer, state:3
11-23 23:21:26.085  1795  4144 D ActivityManager: freezer override set to true
11-23 23:21:26.088  1795  4144 D ActivityManager: freezer override set to false
11-23 23:21:26.116  1011  1189 I ASH     : @ 124938.311: tcs3701: stop power rail pending_off timer
11-23 23:21:26.116  1011  1189 D ASH     : @ 124938.311: tcs3701: start power rail timer, state:3
11-23 23:21:26.156  1011  1189 I ASH     : @ 124938.351: tcs3701: stop power rail pending_off timer
11-23 23:21:26.156  1011  1189 D ASH     : @ 124938.351: tcs3701: start power rail timer, state:3
11-23 23:21:26.156  9398  7861 I BatteryMgr:DataCollectionService: stats => 1700778086156,14953,4444,9765,4169000,100
11-23 23:21:26.157  9398  9433 I BatteryMgr:DataCollectionService: stats => 1700778086157,14953,4444,9765,4169000,100
11-23 23:21:26.157  9398  7808 I BatteryMgr:DataCollectionService: stats => 1700778086157,14953,4444,9765,4169000,100
11-23 23:21:26.197  1011  1189 I ASH     : @ 124938.391: tcs3701: stop power rail pending_off timer
11-23 23:21:26.197  1011  1189 D ASH     : @ 124938.391: tcs3701: start power rail timer, state:3
11-23 23:21:26.236  1011  1189 I ASH     : @ 124938.431: tcs3701: stop power rail pending_off timer
11-23 23:21:26.236  1011  1189 D ASH     : @ 124938.431: tcs3701: start power rail timer, state:3
11-23 23:21:26.260  9398  9434 I BatteryMgr:DataCollectionService: stats => 1700778086260,14953,4444,9765,4169000,100
11-23 23:21:26.263  9398  9433 I BatteryMgr:DataCollectionService: stats => 1700778086263,14953,4444,9765,4169000,100
11-23 23:21:26.264  9398  7808 I BatteryMgr:DataCollectionService: stats => 1700778086264,14953,4444,9765,4169000,100
11-23 23:21:26.276  1011  1189 I ASH     : @ 124938.471: tcs3701: stop power rail pending_off timer
11-23 23:21:26.276  1011  1189 D ASH     : @ 124938.471: tcs3701: start power rail timer, state:3
11-23 23:21:26.316  1011  1189 I ASH     : @ 124938.511: tcs3701: stop power rail pending_off timer
11-23 23:21:26.316  1011  1189 D ASH     : @ 124938.511: tcs3701: start power rail timer, state:3
11-23 23:21:26.357  1011  1189 I ASH     : @ 124938.551: tcs3701: stop power rail pending_off timer
11-23 23:21:26.357  1011  1189 D ASH     : @ 124938.551: tcs3701: start power rail timer, state:3
11-23 23:21:26.368  9398  7861 I BatteryMgr:DataCollectionService: stats => 1700778086368,14953,4444,9765,4169000,100
11-23 23:21:26.369  9398  7808 I BatteryMgr:DataCollectionService: stats => 1700778086369,14953,4444,9765,4169000,100
11-23 23:21:26.369  9398  9433 I BatteryMgr:DataCollectionService: stats => 1700778086369,14953,4444,9765,4169000,100
11-23 23:21:26.396  1011  1189 I ASH     : @ 124938.591: tcs3701: stop power rail pending_off timer
11-23 23:21:26.396  1011  1189 D ASH     : @ 124938.591: tcs3701: start power rail timer, state:3
11-23 23:21:26.436  1011  1189 I ASH     : @ 124938.631: tcs3701: stop power rail pending_off timer
11-23 23:21:26.436  1011  1189 D ASH     : @ 124938.631: tcs3701: start power rail timer, state:3
11-23 23:21:26.473  9398  7861 I BatteryMgr:DataCollectionService: stats => 1700778086472,14953,4444,9765,4169000,100
11-23 23:21:26.473  9398  9433 I BatteryMgr:DataCollectionService: stats => 1700778086473,14953,4444,9765,4169000,100
11-23 23:21:26.474  9398  7808 I BatteryMgr:DataCollectionService: stats => 1700778086474,14953,4444,9765,4169000,100
11-23 23:21:26.476  1011  1189 I ASH     : @ 124938.671: tcs3701: stop power rail pending_off timer
11-23 23:21:26.477  1011  1189 D ASH     : @ 124938.671: tcs3701: start power rail timer, state:3
11-23 23:21:26.516  1011  1189 I ASH     : @ 124938.711: tcs3701: stop power rail pending_off timer
11-23 23:21:26.516  1011  1189 D ASH     : @ 124938.711: tcs3701: start power rail timer, state:3
11-23 23:21:26.556  1011  1189 I ASH     : @ 124938.751: tcs3701: stop power rail pending_off timer
11-23 23:21:26.556  1011  1189 D ASH     : @ 124938.751: tcs3701: start power rail timer, state:3
11-23 23:21:26.579  9398  7861 I BatteryMgr:DataCollectionService: stats => 1700778086579,14953,4444,9765,4169000,100
11-23 23:21:26.580  9398  9433 I BatteryMgr:DataCollectionService: stats => 1700778086580,14953,4444,9765,4169000,100
11-23 23:21:26.581  9398  7808 I BatteryMgr:DataCollectionService: stats => 1700778086581,14953,4444,9765,4169000,100
11-23 23:21:26.596  1011  1189 I ASH     : @ 124938.791: tcs3701: stop power rail pending_off timer
11-23 23:21:26.596  1011  1189 D ASH     : @ 124938.791: tcs3701: start power rail timer, state:3
11-23 23:21:26.636  1011  1189 I ASH     : @ 124938.831: tcs3701: stop power rail pending_off timer
11-23 23:21:26.636  1011  1189 D ASH     : @ 124938.831: tcs3701: start power rail timer, state:3
11-23 23:21:26.651  1795  3658 D ActivityManager: freezer override set to true
11-23 23:21:26.655  1795  3658 D ActivityManager: freezer override set to false
11-23 23:21:26.677  1011  1189 I ASH     : @ 124938.871: tcs3701: stop power rail pending_off timer
11-23 23:21:26.677  1011  1189 D ASH     : @ 124938.871: tcs3701: start power rail timer, state:3
11-23 23:21:26.684  9398  7861 I BatteryMgr:DataCollectionService: stats => 1700778086684,14953,4444,9765,4169000,100
11-23 23:21:26.685  9398  7808 I BatteryMgr:DataCollectionService: stats => 1700778086685,14953,4444,9765,4169000,100
11-23 23:21:26.686  9398  9433 I BatteryMgr:DataCollectionService: stats => 1700778086686,14953,4444,9765,4169000,100
11-23 23:21:26.716  1011  1189 I ASH     : @ 124938.911: tcs3701: stop power rail pending_off timer
11-23 23:21:26.716  1011  1189 D ASH     : @ 124938.911: tcs3701: start power rail timer, state:3
11-23 23:21:26.756  1011  1189 I ASH     : @ 124938.951: tcs3701: stop power rail pending_off timer
11-23 23:21:26.756  1011  1189 D ASH     : @ 124938.951: tcs3701: start power rail timer, state:3
11-23 23:21:26.790  9398  7861 I BatteryMgr:DataCollectionService: stats => 1700778086790,14953,4444,9765,4169000,100
11-23 23:21:26.790  9398  7808 I BatteryMgr:DataCollectionService: stats => 1700778086790,14953,4444,9765,4169000,100
11-23 23:21:26.791  9398  9433 I BatteryMgr:DataCollectionService: stats => 1700778086791,14953,4444,9765,4169000,100
11-23 23:21:26.796  1011  1189 I ASH     : @ 124938.991: tcs3701: stop power rail pending_off timer
11-23 23:21:26.796  1011  1189 D ASH     : @ 124938.991: tcs3701: start power rail timer, state:3
11-23 23:21:26.836  1011  1189 I ASH     : @ 124939.031: tcs3701: stop power rail pending_off timer
11-23 23:21:26.836  1011  1189 D ASH     : @ 124939.031: tcs3701: start power rail timer, state:3
11-23 23:21:26.876  1011  1189 I ASH     : @ 124939.071: tcs3701: stop power rail pending_off timer
11-23 23:21:26.876  1011  1189 D ASH     : @ 124939.071: tcs3701: start power rail timer, state:3
11-23 23:21:26.896  9398  9434 I BatteryMgr:DataCollectionService: stats => 1700778086896,14953,4444,9765,4169000,100
11-23 23:21:26.897  9398  7861 I BatteryMgr:DataCollectionService: stats => 1700778086897,14953,4444,9765,4169000,100
11-23 23:21:26.897  9398  7808 I BatteryMgr:DataCollectionService: stats => 1700778086897,14953,4444,9765,4169000,100
11-23 23:21:26.916  1011  1189 I ASH     : @ 124939.111: tcs3701: stop power rail pending_off timer
11-23 23:21:26.916  1011  1189 D ASH     : @ 124939.111: tcs3701: start power rail timer, state:3
11-23 23:21:26.956  1011  1189 I ASH     : @ 124939.151: tcs3701: stop power rail pending_off timer
11-23 23:21:26.956  1011  1189 D ASH     : @ 124939.151: tcs3701: start power rail timer, state:3
11-23 23:21:26.996  1011  1189 I ASH     : @ 124939.191: tcs3701: stop power rail pending_off timer
11-23 23:21:26.996  1011  1189 D ASH     : @ 124939.191: tcs3701: start power rail timer, state:3
11-23 23:21:27.004  9398  9433 I BatteryMgr:DataCollectionService: stats => 1700778087004,14953,4444,9765,4169000,100
11-23 23:21:27.004  9398  7808 I BatteryMgr:DataCollectionService: stats => 1700778087004,14953,4444,9765,4169000,100
11-23 23:21:27.005  9398  7861 I BatteryMgr:DataCollectionService: stats => 1700778087005,14953,4444,9765,4169000,100
11-23 23:21:27.036  1011  1189 I ASH     : @ 124939.231: tcs3701: stop power rail pending_off timer
11-23 23:21:27.036  1011  1189 D ASH     : @ 124939.231: tcs3701: start power rail timer, state:3
11-23 23:21:27.046  1795  2424 D WifiClientModeImpl[13802:wlan0]: updateLinkLayerStatsRssiSpeedFrequencyCapabilities rssi=-46 TxLinkspeed=866 freq=5240 RxLinkSpeed=866
11-23 23:21:27.047  1795  2424 D WifiDataStall: tx tput in kbps: 684512
11-23 23:21:27.047  1795  2424 D WifiDataStall: rx tput in kbps: 720539
11-23 23:21:27.047  1795  2424 V WifiConfigManager: Updating scan detail cache freq=5240 BSSID=f4:6d:2f:12:cc:88 RSSI=-46 for "ourhome"WPA_PSK
11-23 23:21:27.047  1795  2424 D WifiChannelUtilization:  freq: 5240 onTime: 4137770 busyTime: 445870 onTimeDiff: 762978 busyTimeDiff: 130171 utilization: 43 utilization t0: 27
11-23 23:21:27.047  1795  2424 D WifiDataStall:  ccaLevel = 43
11-23 23:21:27.047  2782  5906 D QCNEJ/WlanStaInfoRelay: Received action: android.net.wifi.RSSI_CHANGED
11-23 23:21:27.047  1795  2424 D WifiDataStall: L2 txTputKbps: 684512, rxTputKbps: 720539, L3 txTputKbps: 0, rxTputKbps: 0, TxTrafficHigh: false, RxTrafficHigh: false, Throughput Sufficient: true
11-23 23:21:27.047  3213  8092 V WifiManager: OnWifiUsabilityStatsListener: onWifiUsabilityStats: seqNum=41225
11-23 23:21:27.047  1795  2424 D WifiScoreReport: Wifi scoring disabled - Don't check IP layer
