11-23 23:10:40.860  3375  3375 I GoogleInputMethodService: GoogleInputMethodService.onStartInput():1883 onStartInput(EditorInfo{EditorInfo{packageName=com.chrome.canary, inputType=0, inputTypeString=NULL, enableLearning=false, autoCorrection=false, autoComplete=false, imeOptions=12000000, privateImeOptions=null, actionName=UNSPECIFIED, actionLabel=null, initialSelStart=-1, initialSelEnd=-1, initialCapsMode=0, label=null, fieldId=-1, fieldName=null, extras=null, hintText=null, hintLocales=[]}}, false)
11-23 23:10:40.860  3375  3375 I GoogleInputMethodService: GoogleInputMethodService.updateDeviceLockedStatus():2088 repeatCheckTimes = 1, locked = false
11-23 23:10:40.860 11058 11058 I LoadedApk: No resource references to update in package com.google.android.trichromelibrary.canary
11-23 23:10:40.860 11058 11058 D NetworkSecurityConfig: Using Network Security Config from resource 0_resource_name_obfuscated debugBuild: false
11-23 23:10:40.861 11058 11058 D NetworkSecurityConfig: Using Network Security Config from resource 0_resource_name_obfuscated debugBuild: false
11-23 23:10:40.863 11058 11058 I cr_SplitCompatApp: Launched version=121.0.6137.0 minSdkVersion=29 isBundle=true processName=com.chrome.canary:sandboxed_process0:org.chromium.content.app.SandboxedProcessService0:1 isIsolated=true
11-23 23:10:40.868  9398  9433 I BatteryMgr:DataCollectionService: stats => 1700777440868,10070,4444,9765,4169000,100
11-23 23:10:40.869 11058 11058 W SystemServiceRegistry: No service published for: uimode
11-23 23:10:40.875 11058 11058 I cr_ChildProcessService: Creating new ChildProcessService pid=11058
11-23 23:10:40.876  1011  1189 I ASH     : @ 124293.071: tcs3701: stop power rail pending_off timer
11-23 23:10:40.876  1011  1189 D ASH     : @ 124293.071: tcs3701: start power rail timer, state:3
11-23 23:10:40.884 11058 11074 I cr_LibraryLoader: Successfully loaded native library
11-23 23:10:40.885 11058 11074 I cr_CachingUmaRecorder: Flushed 3 samples from 3 histograms, 0 samples were dropped.
11-23 23:10:40.916  1011  1189 I ASH     : @ 124293.111: tcs3701: stop power rail pending_off timer
11-23 23:10:40.916  1011  1189 D ASH     : @ 124293.111: tcs3701: start power rail timer, state:3
11-23 23:10:40.930  9398  9433 I BatteryMgr:DataCollectionService: stats => 1700777440930,10070,4444,9765,4169000,100
11-23 23:10:40.945 11058 11074 I tflite  : Initialized TensorFlow Lite runtime.
11-23 23:10:40.945 11058 11074 W libc    : Access denied finding property "ro.mediatek.platform"
11-23 23:10:40.945 11058 11074 W libc    : Access denied finding property "ro.chipname"
11-23 23:10:40.945 11058 11074 W libc    : Access denied finding property "ro.hardware.chipname"
11-23 23:10:40.950  9398  9433 I BatteryMgr:DataCollectionService: stats => 1700777440950,10070,4444,9765,4169000,100
11-23 23:10:40.956  1011  1189 I ASH     : @ 124293.151: tcs3701: stop power rail pending_off timer
11-23 23:10:40.956  1011  1189 D ASH     : @ 124293.151: tcs3701: start power rail timer, state:3
11-23 23:10:40.975  9398  9433 I BatteryMgr:DataCollectionService: stats => 1700777440975,10070,4444,9765,4169000,100
11-23 23:10:40.984  1795  2735 D ActivityManager: freezer override set to true
11-23 23:10:40.993  1795  2735 D ActivityManager: freezer override set to false
11-23 23:10:40.996  1011  1189 I ASH     : @ 124293.191: tcs3701: stop power rail pending_off timer
11-23 23:10:40.996  1011  1189 D ASH     : @ 124293.191: tcs3701: start power rail timer, state:3
11-23 23:10:41.033  9398  9433 I BatteryMgr:DataCollectionService: stats => 1700777441033,10070,4444,9765,4169000,100
11-23 23:10:41.036  1011  1189 I ASH     : @ 124293.231: tcs3701: stop power rail pending_off timer
11-23 23:10:41.036  1011  1189 D ASH     : @ 124293.231: tcs3701: start power rail timer, state:3
11-23 23:10:41.054  9398  9433 I BatteryMgr:DataCollectionService: stats => 1700777441054,10070,4444,9765,4169000,100
11-23 23:10:41.076  1011  1189 I ASH     : @ 124293.271: tcs3701: stop power rail pending_off timer
11-23 23:10:41.076  1011  1189 D ASH     : @ 124293.271: tcs3701: start power rail timer, state:3
11-23 23:10:41.080  9398  9433 I BatteryMgr:DataCollectionService: stats => 1700777441080,10070,4444,9765,4169000,100
11-23 23:10:41.116  1011  1189 I ASH     : @ 124293.311: tcs3701: stop power rail pending_off timer
11-23 23:10:41.116  1011  1189 D ASH     : @ 124293.311: tcs3701: start power rail timer, state:3
11-23 23:10:41.137  9398  9433 I BatteryMgr:DataCollectionService: stats => 1700777441137,10070,4444,9765,4169000,100
11-23 23:10:41.156  1011  1189 I ASH     : @ 124293.351: tcs3701: stop power rail pending_off timer
11-23 23:10:41.156  1011  1189 D ASH     : @ 124293.351: tcs3701: start power rail timer, state:3
11-23 23:10:41.158  9398  9433 I BatteryMgr:DataCollectionService: stats => 1700777441157,10070,4444,9765,4169000,100
11-23 23:10:41.184  9398  9433 I BatteryMgr:DataCollectionService: stats => 1700777441184,10070,4444,9765,4169000,100
11-23 23:10:41.196  1011  1189 I ASH     : @ 124293.391: tcs3701: stop power rail pending_off timer
11-23 23:10:41.196  1011  1189 D ASH     : @ 124293.391: tcs3701: start power rail timer, state:3
11-23 23:10:41.236  1011  1189 I ASH     : @ 124293.431: tcs3701: stop power rail pending_off timer
11-23 23:10:41.236  1011  1189 D ASH     : @ 124293.431: tcs3701: start power rail timer, state:3
11-23 23:10:41.240  9398  9433 I BatteryMgr:DataCollectionService: stats => 1700777441240,10070,4444,9765,4169000,100
11-23 23:10:41.261  9398  9433 I BatteryMgr:DataCollectionService: stats => 1700777441261,10070,4444,9765,4169000,100
11-23 23:10:41.276  1011  1189 I ASH     : @ 124293.471: tcs3701: stop power rail pending_off timer
11-23 23:10:41.276  1011  1189 D ASH     : @ 124293.471: tcs3701: start power rail timer, state:3
11-23 23:10:41.288  9398  9433 I BatteryMgr:DataCollectionService: stats => 1700777441288,10070,4444,9765,4169000,100
11-23 23:10:41.316  1011  1189 I ASH     : @ 124293.511: tcs3701: stop power rail pending_off timer
11-23 23:10:41.316  1011  1189 D ASH     : @ 124293.511: tcs3701: start power rail timer, state:3
11-23 23:10:41.344  9398  9433 I BatteryMgr:DataCollectionService: stats => 1700777441344,10070,4444,9765,4169000,100
11-23 23:10:41.356  1011  1189 I ASH     : @ 124293.551: tcs3701: stop power rail pending_off timer
11-23 23:10:41.356  1011  1189 D ASH     : @ 124293.551: tcs3701: start power rail timer, state:3
11-23 23:10:41.368  9398  9433 I BatteryMgr:DataCollectionService: stats => 1700777441368,10070,4444,9765,4169000,100
11-23 23:10:41.390  3875  3875 I VISHotwordAdapter: Not connected and not waiting for connection.
11-23 23:10:41.393  9398  9433 I BatteryMgr:DataCollectionService: stats => 1700777441392,10070,4444,9765,4169000,100
11-23 23:10:41.393  3875  3875 I VISHotwordAdapter: Still waiting for connection; add the callback to callback list
11-23 23:10:41.395  3875  3875 W VISHotwordAdapter: gsaVis null binding. HDM in use.
11-23 23:10:41.396  1011  1189 I ASH     : @ 124293.591: tcs3701: stop power rail pending_off timer
11-23 23:10:41.396  1011  1189 D ASH     : @ 124293.591: tcs3701: start power rail timer, state:3
11-23 23:10:41.412 10831 10871 I cr_BindingManager: Visible binding enabled: maxSize=-1
11-23 23:10:41.425  1795  2735 W PackageConfigPersister: App-specific configuration not found for packageName: com.chrome.canary and userId: 0
11-23 23:10:41.431 10831 10831 I cr_A11yState: Enabled accessibility services list updated.
11-23 23:10:41.432 10831 10831 I cr_A11yState: Informing listeners of changes.
11-23 23:10:41.432 10831 10831 I cr_A11yState: New AccessibilityState: State{isScreenReaderEnabled=false, isTouchExplorationEnabled=false, isPerformGesturesEnabled=false, isAnyAccessibilityServiceEnabled=false, isAccessibilityToolPresent=false, isSpokenFeedbackServicePresent=false, isTextShowPasswordEnabled=true, isOnlyPasswordManagersEnabled=false}
11-23 23:10:41.436  1011  1189 I ASH     : @ 124293.631: tcs3701: stop power rail pending_off timer
11-23 23:10:41.436  1011  1189 D ASH     : @ 124293.631: tcs3701: start power rail timer, state:3
11-23 23:10:41.449  9398  9433 I BatteryMgr:DataCollectionService: stats => 1700777441449,10070,4444,9765,4169000,100
11-23 23:10:41.472  9398  9433 I BatteryMgr:DataCollectionService: stats => 1700777441472,10070,4444,9765,4169000,100
11-23 23:10:41.476  1011  1189 I ASH     : @ 124293.671: tcs3701: stop power rail pending_off timer
11-23 23:10:41.476  1011  1189 D ASH     : @ 124293.671: tcs3701: start power rail timer, state:3
11-23 23:10:41.494  2113  2118 I pixel-thermal: skin-therm-monitor: 37.446
11-23 23:10:41.496 10831 10893 W chromium: [WARNING:ev_root_ca_metadata.cc(119)] Not implemented
11-23 23:10:41.496 10831 10893 W chromium: [WARNING:ev_root_ca_metadata.cc(119)] Not implemented
11-23 23:10:41.500  9398  9433 I BatteryMgr:DataCollectionService: stats => 1700777441500,10070,4444,9765,4169000,100
11-23 23:10:41.516  1011  1189 I ASH     : @ 124293.711: tcs3701: stop power rail pending_off timer
11-23 23:10:41.516  1011  1189 D ASH     : @ 124293.711: tcs3701: start power rail timer, state:3
11-23 23:10:41.542  1795  2735 D ActivityManager: freezer override set to true
11-23 23:10:41.553  9398  9433 I BatteryMgr:DataCollectionService: stats => 1700777441553,10070,4444,9765,4169000,100
11-23 23:10:41.556  1011  1189 I ASH     : @ 124293.751: tcs3701: stop power rail pending_off timer
11-23 23:10:41.556  1011  1189 D ASH     : @ 124293.751: tcs3701: start power rail timer, state:3
11-23 23:10:41.577  3845  3845 E AbstractGmsTracer: Traced class shouldn't be obfuscated: GmsBoundBrokerChimeraService [CONTEXT service_id=259 ]
11-23 23:10:41.577  3845  3845 D BoundBrokerSvc: onBind: Intent { act=com.google.android.gms.common.BIND_SHARED_PREFS pkg=com.google.android.gms }
11-23 23:10:41.577  3845  3845 D BoundBrokerSvc: Loading bound service for intent: Intent { act=com.google.android.gms.common.BIND_SHARED_PREFS pkg=com.google.android.gms }
11-23 23:10:41.578  3845  3845 E AbstractGmsTracer: Traced class shouldn't be obfuscated: SharedPreferencesBoundService [CONTEXT service_id=259 ]
11-23 23:10:41.580  9398  9433 I BatteryMgr:DataCollectionService: stats => 1700777441580,10070,4444,9765,4169000,100
11-23 23:10:41.581  3845  3845 D BoundBrokerSvc: onUnbind: Intent { act=com.google.android.gms.common.BIND_SHARED_PREFS pkg=com.google.android.gms }
11-23 23:10:41.596  1011  1189 I ASH     : @ 124293.791: tcs3701: stop power rail pending_off timer
11-23 23:10:41.596  1011  1189 D ASH     : @ 124293.791: tcs3701: start power rail timer, state:3
11-23 23:10:41.605  9398  9433 I BatteryMgr:DataCollectionService: stats => 1700777441605,10070,4444,9765,4169000,100
11-23 23:10:41.636  1011  1189 I ASH     : @ 124293.831: tcs3701: stop power rail pending_off timer
11-23 23:10:41.636  1011  1189 D ASH     : @ 124293.831: tcs3701: start power rail timer, state:3
11-23 23:10:41.657  9398  9433 I BatteryMgr:DataCollectionService: stats => 1700777441657,10070,4444,9765,4169000,100
11-23 23:10:41.676  1011  1189 I ASH     : @ 124293.871: tcs3701: stop power rail pending_off timer
11-23 23:10:41.676  1011  1189 D ASH     : @ 124293.871: tcs3701: start power rail timer, state:3
11-23 23:10:41.684  9398  9433 I BatteryMgr:DataCollectionService: stats => 1700777441684,10070,4444,9765,4169000,100
11-23 23:10:41.699 10831 10845 W m.chrome.canary: Cleared Reference was only reachable from finalizer (only reported once)
11-23 23:10:41.704 10831 10845 I m.chrome.canary: Explicit concurrent copying GC freed 764013(14MB) AllocSpace objects, 5(228KB) LOS objects, 75% free, 12MB/48MB, paused 510us,30us total 60.723ms
11-23 23:10:41.708  9398  9433 I BatteryMgr:DataCollectionService: stats => 1700777441708,10070,4444,9765,4169000,100
11-23 23:10:41.716  1011  1189 I ASH     : @ 124293.911: tcs3701: stop power rail pending_off timer
11-23 23:10:41.716  1011  1189 D ASH     : @ 124293.911: tcs3701: start power rail timer, state:3
11-23 23:10:41.756  1011  1189 I ASH     : @ 124293.951: tcs3701: stop power rail pending_off timer
11-23 23:10:41.756  1011  1189 D ASH     : @ 124293.951: tcs3701: start power rail timer, state:3
11-23 23:10:41.760  9398  9433 I BatteryMgr:DataCollectionService: stats => 1700777441760,10070,4444,9765,4169000,100
11-23 23:10:41.770  1795  2735 D ActivityManager: freezer override set to false
11-23 23:10:41.788  9398  9433 I BatteryMgr:DataCollectionService: stats => 1700777441788,10070,4444,9765,4169000,100
11-23 23:10:41.796  1011  1189 I ASH     : @ 124293.991: tcs3701: stop power rail pending_off timer
11-23 23:10:41.796  1011  1189 D ASH     : @ 124293.991: tcs3701: start power rail timer, state:3
11-23 23:10:41.805  1795  2735 D ActivityManager: freezer override set to true
11-23 23:10:41.811  1795  2735 D ActivityManager: freezer override set to false
11-23 23:10:41.812  9398  9433 I BatteryMgr:DataCollectionService: stats => 1700777441812,10070,4444,9765,4169000,100
11-23 23:10:41.830  1795  2424 D WifiClientModeImpl[13802:wlan0]: updateLinkLayerStatsRssiSpeedFrequencyCapabilities rssi=-43 TxLinkspeed=866 freq=5240 RxLinkSpeed=866
11-23 23:10:41.831  1795  2424 D WifiDataStall: tx tput in kbps: 681298
11-23 23:10:41.831  1795  2424 D WifiDataStall: rx tput in kbps: 538281
11-23 23:10:41.831  1795  2424 V WifiConfigManager: Updating scan detail cache freq=5240 BSSID=f4:6d:2f:12:cc:88 RSSI=-43 for "ourhome"WPA_PSK
11-23 23:10:41.831  2782  5906 D QCNEJ/WlanStaInfoRelay: Received action: android.net.wifi.RSSI_CHANGED
11-23 23:10:41.832  3213  8092 V WifiManager: OnWifiUsabilityStatsListener: onWifiUsabilityStats: seqNum=41011
11-23 23:10:41.832  1795  2424 D WifiChannelUtilization:  freq: 5240 onTime: 4110337 busyTime: 444497 onTimeDiff: 735545 busyTimeDiff: 128798 utilization: 44 utilization t0: 27
11-23 23:10:41.832  1795  2424 D WifiDataStall:  ccaLevel = 44
11-23 23:10:41.832  1795  2424 D WifiDataStall: L2 txTputKbps: 652612, rxTputKbps: 717156, L3 txTputKbps: 82, rxTputKbps: 210, TxTrafficHigh: true, RxTrafficHigh: true, Throughput Sufficient: true
11-23 23:10:41.832  1795  2424 D WifiScoreReport: Wifi scoring disabled - Don't check IP layer
11-23 23:10:41.833  1795  2424 D WifiScoreCard: BSSID update SIGNAL_POLL ID: 1320464697 SSID: "ourhome", BSSID: f4:6d:2f:12:cc:88, MAC: b2:2f:ec:da:4a:0c, IP: /192.168.1.104, Security type: 2, Supplicant state: COMPLETED, Wi-Fi standard: 5, RSSI: -43, Link speed: 866Mbps, Tx Link speed: 866Mbps, Max Supported Tx Link speed: 866Mbps, Rx Link speed: 866Mbps, Max Supported Rx Link speed: 866Mbps, Frequency: 5240MHz, Net ID: 12, Metered hint: false, score: 60, isUsable: true, CarrierMerged: false, SubscriptionId: -1, IsPrimary: 1, Trusted: true, Restricted: false, Ephemeral: false, OEM paid: false, OEM private: false, OSU AP: false, FQDN: <none>, Provider friendly name: <none>, Requesting package name: <none>"ourhome"wpa2-pskMLO Information: , Is TID-To-Link negotiation supported by the AP: false, AP MLD Address: <none>, AP MLO Link Id: <none>, AP MLO Affiliated links: <none>
11-23 23:10:41.833  1795  2424 D WifiScoreCard: txRate: 27 txSpeed: 866
11-23 23:10:41.833  1795  2424 D WifiScoreCard: network update SIGNAL_POLL "ourhome" ID: 1499892569 RSSI -43 txSpeed 866
11-23 23:10:41.833  1795  2424 D WifiClientModeImpl[13802:wlan0]:  ClientModeImpl$L2ConnectedState screen=on 25 0 "ourhome" f4:6d:2f:12:cc:88 rssi=-43 f=5240 sc=60 link=866 tx=24.0, 2.5, 0.0 rx=13.9 bcn=1193852 [on:1595 tx:18 rx:10 period:3011] from screen [on:749686 period:11289198] score=60
11-23 23:10:41.833  1795  2735 I WifiService: updateWifiUsabilityScore uid=10180 seqNum=41011 score=100 predictionHorizonSec=1441795
11-23 23:10:41.834  1795  2424 D WifiScoreReport: Wifi scoring disabled - Notify that Wifi is usable
11-23 23:10:41.836  1795  2432 D ConnectivityService: NetReassign [no changes] [c 0] [a 0] [i 2]
11-23 23:10:41.836  1011  1189 I ASH     : @ 124294.031: tcs3701: stop power rail pending_off timer
11-23 23:10:41.836  1011  1189 D ASH     : @ 124294.031: tcs3701: start power rail timer, state:3
11-23 23:10:41.864  9398  9433 I BatteryMgr:DataCollectionService: stats => 1700777441864,10070,4444,9765,4169000,100
11-23 23:10:41.876  1011  1189 I ASH     : @ 124294.071: tcs3701: stop power rail pending_off timer
11-23 23:10:41.876  1011  1189 D ASH     : @ 124294.071: tcs3701: start power rail timer, state:3
11-23 23:10:41.892  9398  9433 I BatteryMgr:DataCollectionService: stats => 1700777441892,10070,4444,9765,4169000,100
11-23 23:10:41.916  1011  1189 I ASH     : @ 124294.111: tcs3701: stop power rail pending_off timer
11-23 23:10:41.916  1011  1189 D ASH     : @ 124294.111: tcs3701: start power rail timer, state:3
11-23 23:10:41.916  9398  9433 I BatteryMgr:DataCollectionService: stats => 1700777441916,10070,4444,9765,4169000,100
11-23 23:10:41.926  1795  2467 D ActivityManager: freezer override set to true
11-23 23:10:41.931  1795  2467 D ActivityManager: freezer override set to false
11-23 23:10:41.956  1011  1189 I ASH     : @ 124294.151: tcs3701: stop power rail pending_off timer
11-23 23:10:41.956  1011  1189 D ASH     : @ 124294.151: tcs3701: start power rail timer, state:3
11-23 23:10:41.968  9398  9433 I BatteryMgr:DataCollectionService: stats => 1700777441968,10070,4444,9765,4169000,100
11-23 23:10:41.996  9398  9433 I BatteryMgr:DataCollectionService: stats => 1700777441996,10070,4444,9765,4169000,100
11-23 23:10:41.996  1011  1189 I ASH     : @ 124294.191: tcs3701: stop power rail pending_off timer
11-23 23:10:41.996  1011  1189 D ASH     : @ 124294.191: tcs3701: start power rail timer, state:3
11-23 23:10:42.022  9398  9433 I BatteryMgr:DataCollectionService: stats => 1700777442022,10070,4444,9765,4169000,100
11-23 23:10:42.036  1011  1189 I ASH     : @ 124294.231: tcs3701: stop power rail pending_off timer
11-23 23:10:42.036  1011  1189 D ASH     : @ 124294.231: tcs3701: start power rail timer, state:3
11-23 23:10:42.073  9398  9433 I BatteryMgr:DataCollectionService: stats => 1700777442072,10070,4444,9765,4169000,100
11-23 23:10:42.076  1011  1189 I ASH     : @ 124294.271: tcs3701: stop power rail pending_off timer
11-23 23:10:42.076  1011  1189 D ASH     : @ 124294.271: tcs3701: start power rail timer, state:3
11-23 23:10:42.100  9398  9433 I BatteryMgr:DataCollectionService: stats => 1700777442100,10070,4444,9765,4169000,100
11-23 23:10:42.116  1011  1189 I ASH     : @ 124294.311: tcs3701: stop power rail pending_off timer
11-23 23:10:42.116  1011  1189 D ASH     : @ 124294.311: tcs3701: start power rail timer, state:3
11-23 23:10:42.127  9398  9433 I BatteryMgr:DataCollectionService: stats => 1700777442126,10070,4444,9765,4169000,100
11-23 23:10:42.156  1011  1189 I ASH     : @ 124294.351: tcs3701: stop power rail pending_off timer
11-23 23:10:42.156  1011  1189 D ASH     : @ 124294.351: tcs3701: start power rail timer, state:3
11-23 23:10:42.176  9398  9433 I BatteryMgr:DataCollectionService: stats => 1700777442176,10070,4444,9765,4169000,100
11-23 23:10:42.196  1011  1189 I ASH     : @ 124294.391: tcs3701: stop power rail pending_off timer
11-23 23:10:42.196  1011  1189 D ASH     : @ 124294.391: tcs3701: start power rail timer, state:3
11-23 23:10:42.205  9398  9433 I BatteryMgr:DataCollectionService: stats => 1700777442205,10070,4444,9765,4169000,100
11-23 23:10:42.231  9398  9433 I BatteryMgr:DataCollectionService: stats => 1700777442231,10070,4444,9765,4169000,100
11-23 23:10:42.238  1011  1189 I ASH     : @ 124294.431: tcs3701: stop power rail pending_off timer
11-23 23:10:42.238  1011  1189 D ASH     : @ 124294.431: tcs3701: start power rail timer, state:3
11-23 23:10:42.276  1011  1189 I ASH     : @ 124294.471: tcs3701: stop power rail pending_off timer
11-23 23:10:42.276  1011  1189 D ASH     : @ 124294.471: tcs3701: start power rail timer, state:3
11-23 23:10:42.281  9398  9433 I BatteryMgr:DataCollectionService: stats => 1700777442281,10070,4444,9765,4169000,100
11-23 23:10:42.309  9398  9433 I BatteryMgr:DataCollectionService: stats => 1700777442309,10070,4444,9765,4169000,100
11-23 23:10:42.316  1011  1189 I ASH     : @ 124294.511: tcs3701: stop power rail pending_off timer
11-23 23:10:42.316  1011  1189 D ASH     : @ 124294.511: tcs3701: start power rail timer, state:3
11-23 23:10:42.335  9398  9433 I BatteryMgr:DataCollectionService: stats => 1700777442335,10070,4444,9765,4169000,100
11-23 23:10:42.356  1011  1189 I ASH     : @ 124294.551: tcs3701: stop power rail pending_off timer
11-23 23:10:42.356  1011  1189 D ASH     : @ 124294.551: tcs3701: start power rail timer, state:3
11-23 23:10:42.385  9398  9433 I BatteryMgr:DataCollectionService: stats => 1700777442385,10070,4444,9765,4169000,100
11-23 23:10:42.396  1011  1189 I ASH     : @ 124294.591: tcs3701: stop power rail pending_off timer
11-23 23:10:42.396  1011  1189 D ASH     : @ 124294.591: tcs3701: start power rail timer, state:3
11-23 23:10:42.413  9398  9433 I BatteryMgr:DataCollectionService: stats => 1700777442413,10070,4444,9765,4169000,100
11-23 23:10:42.436  1011  1189 I ASH     : @ 124294.631: tcs3701: stop power rail pending_off timer
11-23 23:10:42.436  1011  1189 D ASH     : @ 124294.631: tcs3701: start power rail timer, state:3
11-23 23:10:42.439  9398  9433 I BatteryMgr:DataCollectionService: stats => 1700777442439,10070,4444,9765,4169000,100
11-23 23:10:42.476  1011  1189 I ASH     : @ 124294.671: tcs3701: stop power rail pending_off timer
11-23 23:10:42.476  1011  1189 D ASH     : @ 124294.671: tcs3701: start power rail timer, state:3
11-23 23:10:42.489  9398  9433 I BatteryMgr:DataCollectionService: stats => 1700777442489,10070,4444,9765,4169000,100
11-23 23:10:42.516  1011  1189 I ASH     : @ 124294.711: tcs3701: stop power rail pending_off timer
11-23 23:10:42.516  1011  1189 D ASH     : @ 124294.711: tcs3701: start power rail timer, state:3
11-23 23:10:42.518  9398  9433 I BatteryMgr:DataCollectionService: stats => 1700777442518,10070,4444,9765,4169000,100
11-23 23:10:42.532 10912 10945 I AdrenoVK-0: QUALCOMM build          : 4783c89, I46ff5fc46f
11-23 23:10:42.532 10912 10945 I AdrenoVK-0: Build Date              : 11/30/20
11-23 23:10:42.532 10912 10945 I AdrenoVK-0: Shader Compiler Version : EV031.31.04.01
11-23 23:10:42.532 10912 10945 I AdrenoVK-0: Local Branch            : QPR2
11-23 23:10:42.532 10912 10945 I AdrenoVK-0: Remote Branch           : 
11-23 23:10:42.532 10912 10945 I AdrenoVK-0: Remote Branch           : 
11-23 23:10:42.532 10912 10945 I AdrenoVK-0: Reconstruct Branch      : 
11-23 23:10:42.532 10912 10945 I AdrenoVK-0: Build Config            : S P 10.0.4 AArch64
11-23 23:10:42.532 10912 10945 I AdrenoVK-0: Driver Path             : /vendor/lib64/hw/vulkan.adreno.so
11-23 23:10:42.543  9398  9433 I BatteryMgr:DataCollectionService: stats => 1700777442543,10070,4444,9765,4169000,100
11-23 23:10:42.556  1011  1189 I ASH     : @ 124294.751: tcs3701: stop power rail pending_off timer
11-23 23:10:42.556  1011  1189 D ASH     : @ 124294.751: tcs3701: start power rail timer, state:3
11-23 23:10:42.593  9398  9433 I BatteryMgr:DataCollectionService: stats => 1700777442593,10070,4444,9765,4169000,100
11-23 23:10:42.596  1011  1189 I ASH     : @ 124294.791: tcs3701: stop power rail pending_off timer
11-23 23:10:42.596  1011  1189 D ASH     : @ 124294.791: tcs3701: start power rail timer, state:3
11-23 23:10:42.624  9398  9433 I BatteryMgr:DataCollectionService: stats => 1700777442624,10070,4444,9765,4169000,100
11-23 23:10:42.636  1011  1189 I ASH     : @ 124294.831: tcs3701: stop power rail pending_off timer
11-23 23:10:42.636  1011  1189 D ASH     : @ 124294.831: tcs3701: start power rail timer, state:3
11-23 23:10:42.647  9398  9433 I BatteryMgr:DataCollectionService: stats => 1700777442647,10070,4444,9765,4169000,100
11-23 23:10:42.675 10831 10892 W chromium: [WARNING:ev_root_ca_metadata.cc(119)] Not implemented
11-23 23:10:42.675 10831 10892 W chromium: [WARNING:ev_root_ca_metadata.cc(119)] Not implemented
11-23 23:10:42.676  1011  1189 I ASH     : @ 124294.871: tcs3701: stop power rail pending_off timer
11-23 23:10:42.676  1011  1189 D ASH     : @ 124294.871: tcs3701: start power rail timer, state:3
11-23 23:10:42.682 10831 10892 W chromium: [WARNING:ev_root_ca_metadata.cc(119)] Not implemented
11-23 23:10:42.697 10831 10892 W chromium: [WARNING:ev_root_ca_metadata.cc(119)] Not implemented
11-23 23:10:42.697 10831 10892 W chromium: [WARNING:ev_root_ca_metadata.cc(119)] Not implemented
11-23 23:10:42.698  9398  9433 I BatteryMgr:DataCollectionService: stats => 1700777442698,10070,4444,9765,4169000,100
11-23 23:10:42.705 10831 10892 W chromium: [WARNING:ev_root_ca_metadata.cc(119)] Not implemented
11-23 23:10:42.716  1011  1189 I ASH     : @ 124294.911: tcs3701: stop power rail pending_off timer
11-23 23:10:42.716  1011  1189 D ASH     : @ 124294.911: tcs3701: start power rail timer, state:3
11-23 23:10:42.720 10831 10892 W chromium: [WARNING:ev_root_ca_metadata.cc(119)] Not implemented
11-23 23:10:42.723 10831 10892 W chromium: [WARNING:ev_root_ca_metadata.cc(119)] Not implemented
11-23 23:10:42.730  9398  9433 I BatteryMgr:DataCollectionService: stats => 1700777442730,10070,4444,9765,4169000,100
11-23 23:10:42.752  9398  9433 I BatteryMgr:DataCollectionService: stats => 1700777442752,10070,4444,9765,4169000,100
11-23 23:10:42.756  1011  1189 I ASH     : @ 124294.951: tcs3701: stop power rail pending_off timer
11-23 23:10:42.756  1011  1189 D ASH     : @ 124294.951: tcs3701: start power rail timer, state:3
11-23 23:10:42.768  9544  9558 I native  : I0000 00:00:1700777442.768048    9558 device_profile_database_helpers.cc:563] Found nothing for mTS_ld
11-23 23:10:42.768  9544  9558 I native  : I0000 00:00:1700777442.768184    9558 device_profile_database_helpers.cc:563] Found nothing for redfin/redfin
11-23 23:10:42.768  9544  9558 I native  : I0000 00:00:1700777442.768198    9558 device_profile_database_helpers.cc:550] Considering b4SrL5:11
11-23 23:10:42.768  9544  9558 I native  : I0000 00:00:1700777442.768221    9558 device_profile_database_helpers.cc:509] Device profile for google/redfin/redfin:13/TQ3A.230901.001/10750268:user/release-keys: b4SrL5:11
11-23 23:10:42.779  1011  1189 I VSC     : @ 124294.974: {Fusion} configure fusion 15 16666us 0us.
11-23 23:10:42.779  1011  1189 D VSC     : @ 124294.974: [Game Rotation Vector Sensor] Request accel, interval 16.6 ms, latency 0.0 ms
11-23 23:10:42.779  1011  1189 D VSC     : @ 124294.975: [Game Rotation Vector Sensor] Request gyro, interval 5.0 ms, latency 0.0 ms
11-23 23:10:42.796  1011  1189 I ASH     : @ 124294.991: tcs3701: stop power rail pending_off timer
11-23 23:10:42.796  1011  1189 D ASH     : @ 124294.991: tcs3701: start power rail timer, state:3
11-23 23:10:42.797  1011  1189 D ASH     : @ 124294.992: SensorType 1 resampler quality 2
11-23 23:10:42.798  1011  1189 D ASH     : @ 124294.993: SensorType 195 resampler quality 1
11-23 23:10:42.804  9398  9433 I BatteryMgr:DataCollectionService: stats => 1700777442804,10070,4444,9765,4169000,100
11-23 23:10:42.834  9398  9433 I BatteryMgr:DataCollectionService: stats => 1700777442834,10070,4444,9765,4169000,100
11-23 23:10:42.836  1011  1189 I ASH     : @ 124295.031: tcs3701: stop power rail pending_off timer
11-23 23:10:42.836  1011  1189 D ASH     : @ 124295.031: tcs3701: start power rail timer, state:3
11-23 23:10:42.854 10831 10892 W chromium: [WARNING:ev_root_ca_metadata.cc(119)] Not implemented
11-23 23:10:42.857  9398  9433 I BatteryMgr:DataCollectionService: stats => 1700777442857,10070,4444,9765,4169000,100
11-23 23:10:42.876  1011  1189 I ASH     : @ 124295.071: tcs3701: stop power rail pending_off timer
11-23 23:10:42.876  1011  1189 D ASH     : @ 124295.071: tcs3701: start power rail timer, state:3
11-23 23:10:42.911  9398  9433 I BatteryMgr:DataCollectionService: stats => 1700777442910,10070,4444,9765,4169000,100
11-23 23:10:42.916  1011  1189 I ASH     : @ 124295.111: tcs3701: stop power rail pending_off timer
11-23 23:10:42.916  1011  1189 D ASH     : @ 124295.111: tcs3701: start power rail timer, state:3
11-23 23:10:42.940  9398  9433 I BatteryMgr:DataCollectionService: stats => 1700777442940,10070,4444,9765,4169000,100
11-23 23:10:42.941  1795  2679 D ActivityManager: freezer override set to true
11-23 23:10:42.945  1795  2679 D ActivityManager: freezer override set to false
11-23 23:10:42.956  1011  1189 I ASH     : @ 124295.151: tcs3701: stop power rail pending_off timer
11-23 23:10:42.956  1011  1189 D ASH     : @ 124295.151: tcs3701: start power rail timer, state:3
11-23 23:10:42.961  9398  9433 I BatteryMgr:DataCollectionService: stats => 1700777442961,10070,4444,9765,4169000,100
11-23 23:10:42.975  1795  2679 D ActivityManager: freezer override set to true
11-23 23:10:42.996  1011  1189 I ASH     : @ 124295.191: tcs3701: stop power rail pending_off timer
11-23 23:10:42.996  1011  1189 D ASH     : @ 124295.191: tcs3701: start power rail timer, state:3
11-23 23:10:43.015  9398  9433 I BatteryMgr:DataCollectionService: stats => 1700777443014,10070,4444,9765,4169000,100
11-23 23:10:43.036  1011  1189 I ASH     : @ 124295.231: tcs3701: stop power rail pending_off timer
11-23 23:10:43.036  1011  1189 D ASH     : @ 124295.231: tcs3701: start power rail timer, state:3
11-23 23:10:43.044  9398  9433 I BatteryMgr:DataCollectionService: stats => 1700777443043,10070,4444,9765,4169000,100
11-23 23:10:43.066  9398  9433 I BatteryMgr:DataCollectionService: stats => 1700777443066,10070,4444,9765,4169000,100
11-23 23:10:43.076  1011  1189 I ASH     : @ 124295.271: tcs3701: stop power rail pending_off timer
11-23 23:10:43.076  1011  1189 D ASH     : @ 124295.271: tcs3701: start power rail timer, state:3
11-23 23:10:43.116  1011  1189 I ASH     : @ 124295.311: tcs3701: stop power rail pending_off timer
11-23 23:10:43.116  1011  1189 D ASH     : @ 124295.311: tcs3701: start power rail timer, state:3
11-23 23:10:43.120  9398  9433 I BatteryMgr:DataCollectionService: stats => 1700777443120,10070,4444,9765,4169000,100
11-23 23:10:43.125 10831 10877 I m.chrome.canary: Explicit concurrent copying GC freed 251019(6414KB) AllocSpace objects, 13(556KB) LOS objects, 75% free, 12MB/49MB, paused 77us,26us total 114.215ms
11-23 23:10:43.148  9398  9433 I BatteryMgr:DataCollectionService: stats => 1700777443148,10986,4444,9765,4169000,100
11-23 23:10:43.156  1011  1189 I ASH     : @ 124295.351: tcs3701: stop power rail pending_off timer
11-23 23:10:43.156  1011  1189 D ASH     : @ 124295.351: tcs3701: start power rail timer, state:3
11-23 23:10:43.170  9398  9433 I BatteryMgr:DataCollectionService: stats => 1700777443170,10986,4444,9765,4169000,100
11-23 23:10:43.184  1795  2679 D ActivityManager: freezer override set to false
11-23 23:10:43.196  1011  1189 I ASH     : @ 124295.391: tcs3701: stop power rail pending_off timer
11-23 23:10:43.196  1011  1189 D ASH     : @ 124295.391: tcs3701: start power rail timer, state:3
11-23 23:10:43.227  9398  9433 I BatteryMgr:DataCollectionService: stats => 1700777443227,10986,4444,9765,4169000,100
11-23 23:10:43.236  1011  1189 I ASH     : @ 124295.431: tcs3701: stop power rail pending_off timer
11-23 23:10:43.236  1011  1189 D ASH     : @ 124295.431: tcs3701: start power rail timer, state:3
11-23 23:10:43.242  1795  2679 D ActivityManager: freezer override set to true
11-23 23:10:43.247  1795  2679 D ActivityManager: freezer override set to false
11-23 23:10:43.253  9398  9433 I BatteryMgr:DataCollectionService: stats => 1700777443253,10986,4444,9765,4169000,100
11-23 23:10:43.276  1011  1189 I ASH     : @ 124295.471: tcs3701: stop power rail pending_off timer
11-23 23:10:43.276  1011  1189 D ASH     : @ 124295.471: tcs3701: start power rail timer, state:3
11-23 23:10:43.279  9398  9433 I BatteryMgr:DataCollectionService: stats => 1700777443279,10986,4444,9765,4169000,100
11-23 23:10:43.316  1011  1189 I ASH     : @ 124295.511: tcs3701: stop power rail pending_off timer
11-23 23:10:43.316  1011  1189 D ASH     : @ 124295.511: tcs3701: start power rail timer, state:3
11-23 23:10:43.336  9398  9433 I BatteryMgr:DataCollectionService: stats => 1700777443336,10986,4444,9765,4169000,100
11-23 23:10:43.356  1011  1189 I ASH     : @ 124295.551: tcs3701: stop power rail pending_off timer
11-23 23:10:43.356  1011  1189 D ASH     : @ 124295.551: tcs3701: start power rail timer, state:3
11-23 23:10:43.360  9398  9433 I BatteryMgr:DataCollectionService: stats => 1700777443360,10986,4444,9765,4169000,100
11-23 23:10:43.384  9398  9433 I BatteryMgr:DataCollectionService: stats => 1700777443384,10986,4444,9765,4169000,100
11-23 23:10:43.396  1011  1189 I ASH     : @ 124295.591: tcs3701: stop power rail pending_off timer
11-23 23:10:43.396  1011  1189 D ASH     : @ 124295.591: tcs3701: start power rail timer, state:3
11-23 23:10:43.436  1011  1189 I ASH     : @ 124295.631: tcs3701: stop power rail pending_off timer
11-23 23:10:43.436  1011  1189 D ASH     : @ 124295.631: tcs3701: start power rail timer, state:3
11-23 23:10:43.442  9398  9433 I BatteryMgr:DataCollectionService: stats => 1700777443442,10986,4444,9765,4169000,100
11-23 23:10:43.467  9398  9433 I BatteryMgr:DataCollectionService: stats => 1700777443467,10986,4444,9765,4169000,100
11-23 23:10:43.477  1011  1189 I ASH     : @ 124295.671: tcs3701: stop power rail pending_off timer
11-23 23:10:43.477  1011  1189 D ASH     : @ 124295.671: tcs3701: start power rail timer, state:3
11-23 23:10:43.495  9398  9433 I BatteryMgr:DataCollectionService: stats => 1700777443495,10986,4444,9765,4169000,100
11-23 23:10:43.498  2113  2118 I pixel-thermal: skin-therm-monitor: 37.409
11-23 23:10:43.517  1011  1189 I ASH     : @ 124295.711: tcs3701: stop power rail pending_off timer
11-23 23:10:43.517  1011  1189 D ASH     : @ 124295.711: tcs3701: start power rail timer, state:3
11-23 23:10:43.552  9398  9433 I BatteryMgr:DataCollectionService: stats => 1700777443552,10986,4444,9765,4169000,100
11-23 23:10:43.556  1011  1189 I ASH     : @ 124295.751: tcs3701: stop power rail pending_off timer
11-23 23:10:43.556  1011  1189 D ASH     : @ 124295.751: tcs3701: start power rail timer, state:3
11-23 23:10:43.583  9398  9433 I BatteryMgr:DataCollectionService: stats => 1700777443583,10986,4444,9765,4169000,100
11-23 23:10:43.596  1011  1189 I ASH     : @ 124295.791: tcs3701: stop power rail pending_off timer
11-23 23:10:43.596  1011  1189 D ASH     : @ 124295.791: tcs3701: start power rail timer, state:3
11-23 23:10:43.604  9398  9433 I BatteryMgr:DataCollectionService: stats => 1700777443604,10986,4444,9765,4169000,100
11-23 23:10:43.636  1011  1189 I ASH     : @ 124295.831: tcs3701: stop power rail pending_off timer
11-23 23:10:43.636  1011  1189 D ASH     : @ 124295.831: tcs3701: start power rail timer, state:3
11-23 23:10:43.662  9398  9433 I BatteryMgr:DataCollectionService: stats => 1700777443662,10986,4444,9765,4169000,100
11-23 23:10:43.676  1011  1189 I ASH     : @ 124295.871: tcs3701: stop power rail pending_off timer
11-23 23:10:43.676  1011  1189 D ASH     : @ 124295.871: tcs3701: start power rail timer, state:3
11-23 23:10:43.692  9398  9433 I BatteryMgr:DataCollectionService: stats => 1700777443692,10986,4444,9765,4169000,100
11-23 23:10:43.713  9398  9433 I BatteryMgr:DataCollectionService: stats => 1700777443712,10986,4444,9765,4169000,100
11-23 23:10:43.716  1011  1189 I ASH     : @ 124295.911: tcs3701: stop power rail pending_off timer
11-23 23:10:43.716  1011  1189 D ASH     : @ 124295.911: tcs3701: start power rail timer, state:3
11-23 23:10:43.756  1011  1189 I ASH     : @ 124295.951: tcs3701: stop power rail pending_off timer
11-23 23:10:43.756  1011  1189 D ASH     : @ 124295.951: tcs3701: start power rail timer, state:3
11-23 23:10:43.767  9398  9433 I BatteryMgr:DataCollectionService: stats => 1700777443767,10986,4444,9765,4169000,100
11-23 23:10:43.796  1011  1189 I ASH     : @ 124295.991: tcs3701: stop power rail pending_off timer
11-23 23:10:43.796  1011  1189 D ASH     : @ 124295.991: tcs3701: start power rail timer, state:3
11-23 23:10:43.797  9398  9433 I BatteryMgr:DataCollectionService: stats => 1700777443797,10986,4444,9765,4169000,100
11-23 23:10:43.819  9398  9433 I BatteryMgr:DataCollectionService: stats => 1700777443819,10986,4444,9765,4169000,100
11-23 23:10:43.836  1011  1189 I ASH     : @ 124296.031: tcs3701: stop power rail pending_off timer
11-23 23:10:43.836  1011  1189 D ASH     : @ 124296.031: tcs3701: start power rail timer, state:3
11-23 23:10:43.871  9398  9433 I BatteryMgr:DataCollectionService: stats => 1700777443871,10986,4444,9765,4169000,100
11-23 23:10:43.877  1011  1189 I ASH     : @ 124296.071: tcs3701: stop power rail pending_off timer
11-23 23:10:43.877  1011  1189 D ASH     : @ 124296.071: tcs3701: start power rail timer, state:3
11-23 23:10:43.904  9398  9433 I BatteryMgr:DataCollectionService: stats => 1700777443904,10986,4444,9765,4169000,100
11-23 23:10:43.916  1011  1189 I ASH     : @ 124296.111: tcs3701: stop power rail pending_off timer
11-23 23:10:43.916  1011  1189 D ASH     : @ 124296.111: tcs3701: start power rail timer, state:3
11-23 23:10:43.940  9398  9433 I BatteryMgr:DataCollectionService: stats => 1700777443939,10986,4444,9765,4169000,100
11-23 23:10:43.953  1795  2679 D ActivityManager: freezer override set to true
11-23 23:10:43.956  1011  1189 I ASH     : @ 124296.151: tcs3701: stop power rail pending_off timer
11-23 23:10:43.956  1011  1189 D ASH     : @ 124296.151: tcs3701: start power rail timer, state:3
11-23 23:10:43.962  1795  2679 D ActivityManager: freezer override set to false
11-23 23:10:43.977  9398  9433 I BatteryMgr:DataCollectionService: stats => 1700777443977,10986,4444,9765,4169000,100
11-23 23:10:43.996  1011  1189 I ASH     : @ 124296.191: tcs3701: stop power rail pending_off timer
11-23 23:10:43.996  1011  1189 D ASH     : @ 124296.191: tcs3701: start power rail timer, state:3
11-23 23:10:44.018  9398  9433 I BatteryMgr:DataCollectionService: stats => 1700777444018,10986,4444,9765,4169000,100
11-23 23:10:44.036  1011  1189 I ASH     : @ 124296.231: tcs3701: stop power rail pending_off timer
11-23 23:10:44.036  1011  1189 D ASH     : @ 124296.231: tcs3701: start power rail timer, state:3
11-23 23:10:44.048  9398  9433 I BatteryMgr:DataCollectionService: stats => 1700777444048,10986,4444,9765,4169000,100
11-23 23:10:44.076  1011  1189 I ASH     : @ 124296.271: tcs3701: stop power rail pending_off timer
11-23 23:10:44.076  1011  1189 D ASH     : @ 124296.271: tcs3701: start power rail timer, state:3
11-23 23:10:44.085  9398  9433 I BatteryMgr:DataCollectionService: stats => 1700777444085,10986,4444,9765,4169000,100
11-23 23:10:44.117  1011  1189 I ASH     : @ 124296.311: tcs3701: stop power rail pending_off timer
11-23 23:10:44.117  1011  1189 D ASH     : @ 124296.311: tcs3701: start power rail timer, state:3
11-23 23:10:44.127  9398  9433 I BatteryMgr:DataCollectionService: stats => 1700777444127,10986,4444,9765,4169000,100
11-23 23:10:44.153  9398  9433 I BatteryMgr:DataCollectionService: stats => 1700777444153,10986,4444,9765,4169000,100
11-23 23:10:44.160  1011  1189 I ASH     : @ 124296.351: tcs3701: stop power rail pending_off timer
11-23 23:10:44.160  1011  1189 D ASH     : @ 124296.351: tcs3701: start power rail timer, state:3
11-23 23:10:44.192  9398  9433 I BatteryMgr:DataCollectionService: stats => 1700777444191,10986,4444,9765,4169000,100
11-23 23:10:44.196  1011  1189 I ASH     : @ 124296.391: tcs3701: stop power rail pending_off timer
11-23 23:10:44.196  1011  1189 D ASH     : @ 124296.391: tcs3701: start power rail timer, state:3
11-23 23:10:44.230  9398  9433 I BatteryMgr:DataCollectionService: stats => 1700777444230,10986,4444,9765,4169000,100
11-23 23:10:44.236  1011  1189 I ASH     : @ 124296.431: tcs3701: stop power rail pending_off timer
11-23 23:10:44.236  1011  1189 D ASH     : @ 124296.431: tcs3701: start power rail timer, state:3
11-23 23:10:44.259  9398  9433 I BatteryMgr:DataCollectionService: stats => 1700777444258,10986,4444,9765,4169000,100
11-23 23:10:44.276  1011  1189 I ASH     : @ 124296.471: tcs3701: stop power rail pending_off timer
11-23 23:10:44.276  1011  1189 D ASH     : @ 124296.471: tcs3701: start power rail timer, state:3
11-23 23:10:44.297  9398  9433 I BatteryMgr:DataCollectionService: stats => 1700777444297,10986,4444,9765,4169000,100
11-23 23:10:44.316  1011  1189 I ASH     : @ 124296.511: tcs3701: stop power rail pending_off timer
11-23 23:10:44.316  1011  1189 D ASH     : @ 124296.511: tcs3701: start power rail timer, state:3
11-23 23:10:44.338  9398  9433 I BatteryMgr:DataCollectionService: stats => 1700777444338,10986,4444,9765,4169000,100
11-23 23:10:44.356  1011  1189 I ASH     : @ 124296.551: tcs3701: stop power rail pending_off timer
11-23 23:10:44.356  1011  1189 D ASH     : @ 124296.551: tcs3701: start power rail timer, state:3
11-23 23:10:44.368  9398  9433 I BatteryMgr:DataCollectionService: stats => 1700777444368,10986,4444,9765,4169000,100
11-23 23:10:44.396  1011  1189 I ASH     : @ 124296.591: tcs3701: stop power rail pending_off timer
11-23 23:10:44.396  1011  1189 D ASH     : @ 124296.591: tcs3701: start power rail timer, state:3
11-23 23:10:44.405  9398  9433 I BatteryMgr:DataCollectionService: stats => 1700777444405,10986,4444,9765,4169000,100
11-23 23:10:44.407 10831 10831 D CompatibilityChangeReporter: Compat change id reported: 194532703; UID 10010; state: ENABLED
11-23 23:10:44.408  1795  2735 D CompatibilityChangeReporter: Compat change id reported: 194532703; UID 10010; state: ENABLED
11-23 23:10:44.425 10831 10831 I cr_omaha: Scheduled using JobService
11-23 23:10:44.425 10831 10831 E cr_BkgrdTaskJS: Tried finishing non-current BackgroundTask.
11-23 23:10:44.437  1011  1189 I ASH     : @ 124296.631: tcs3701: stop power rail pending_off timer
11-23 23:10:44.437  1011  1189 D ASH     : @ 124296.631: tcs3701: start power rail timer, state:3
11-23 23:10:44.448  9398  9433 I BatteryMgr:DataCollectionService: stats => 1700777444448,10986,4444,9765,4169000,100
11-23 23:10:44.475  9398  9433 I BatteryMgr:DataCollectionService: stats => 1700777444475,10986,4444,9765,4169000,100
11-23 23:10:44.476  1011  1189 I ASH     : @ 124296.671: tcs3701: stop power rail pending_off timer
11-23 23:10:44.476  1011  1189 D ASH     : @ 124296.671: tcs3701: start power rail timer, state:3
11-23 23:10:44.484  1795  2679 D ActivityManager: freezer override set to true
11-23 23:10:44.509  9398  9433 I BatteryMgr:DataCollectionService: stats => 1700777444509,10986,4444,9765,4169000,100
11-23 23:10:44.516  1011  1189 I ASH     : @ 124296.711: tcs3701: stop power rail pending_off timer
11-23 23:10:44.516  1011  1189 D ASH     : @ 124296.711: tcs3701: start power rail timer, state:3
11-23 23:10:44.553  9398  9433 I BatteryMgr:DataCollectionService: stats => 1700777444553,10986,4444,9765,4169000,100
11-23 23:10:44.556  1011  1189 I ASH     : @ 124296.751: tcs3701: stop power rail pending_off timer
11-23 23:10:44.556  1011  1189 D ASH     : @ 124296.751: tcs3701: start power rail timer, state:3
11-23 23:10:44.578  9398  9433 I BatteryMgr:DataCollectionService: stats => 1700777444578,10986,4444,9765,4169000,100
11-23 23:10:44.596  1011  1189 I ASH     : @ 124296.791: tcs3701: stop power rail pending_off timer
11-23 23:10:44.596  1011  1189 D ASH     : @ 124296.791: tcs3701: start power rail timer, state:3
11-23 23:10:44.617  9398  9433 I BatteryMgr:DataCollectionService: stats => 1700777444617,10986,4444,9765,4169000,100
11-23 23:10:44.636  1011  1189 I ASH     : @ 124296.831: tcs3701: stop power rail pending_off timer
11-23 23:10:44.636  1011  1189 D ASH     : @ 124296.831: tcs3701: start power rail timer, state:3
11-23 23:10:44.659  9398  9433 I BatteryMgr:DataCollectionService: stats => 1700777444659,10986,4444,9765,4169000,100
11-23 23:10:44.673 10831 10845 I m.chrome.canary: Explicit concurrent copying GC freed 6082(289KB) AllocSpace objects, 5(164KB) LOS objects, 75% free, 12MB/49MB, paused 34us,87us total 60.930ms
11-23 23:10:44.676  1011  1189 I ASH     : @ 124296.871: tcs3701: stop power rail pending_off timer
11-23 23:10:44.676  1011  1189 D ASH     : @ 124296.871: tcs3701: start power rail timer, state:3
11-23 23:10:44.685  9398  9433 I BatteryMgr:DataCollectionService: stats => 1700777444685,10986,4444,9765,4169000,100
11-23 23:10:44.716  1011  1189 I ASH     : @ 124296.911: tcs3701: stop power rail pending_off timer
11-23 23:10:44.717  1011  1189 D ASH     : @ 124296.911: tcs3701: start power rail timer, state:3
11-23 23:10:44.725  9398  9433 I BatteryMgr:DataCollectionService: stats => 1700777444725,10986,4444,9765,4169000,100
11-23 23:10:44.756  1011  1189 I ASH     : @ 124296.951: tcs3701: stop power rail pending_off timer
11-23 23:10:44.756  1011  1189 D ASH     : @ 124296.951: tcs3701: start power rail timer, state:3
11-23 23:10:44.763  9398  9433 I BatteryMgr:DataCollectionService: stats => 1700777444763,10986,4444,9765,4169000,100
11-23 23:10:44.795  9398  9433 I BatteryMgr:DataCollectionService: stats => 1700777444795,10986,4444,9765,4169000,100
11-23 23:10:44.796  1011  1189 I ASH     : @ 124296.991: tcs3701: stop power rail pending_off timer
11-23 23:10:44.796  1011  1189 D ASH     : @ 124296.991: tcs3701: start power rail timer, state:3
11-23 23:10:44.797  1795  2679 D ActivityManager: freezer override set to false
11-23 23:10:44.832  9398  9433 I BatteryMgr:DataCollectionService: stats => 1700777444832,10986,4444,9765,4169000,100
11-23 23:10:44.836  1011  1189 I ASH     : @ 124297.031: tcs3701: stop power rail pending_off timer
11-23 23:10:44.836  1011  1189 D ASH     : @ 124297.031: tcs3701: start power rail timer, state:3
11-23 23:10:44.843  1795  2424 D WifiClientModeImpl[13802:wlan0]: updateLinkLayerStatsRssiSpeedFrequencyCapabilities rssi=-45 TxLinkspeed=866 freq=5240 RxLinkSpeed=866
11-23 23:10:44.843  1795  2424 D WifiDataStall: tx tput in kbps: 652612
11-23 23:10:44.843  1795  2424 D WifiDataStall: rx tput in kbps: 717156
11-23 23:10:44.843  1795  2424 V WifiConfigManager: Updating scan detail cache freq=5240 BSSID=f4:6d:2f:12:cc:88 RSSI=-44 for "ourhome"WPA_PSK
11-23 23:10:44.844  1795  2424 D WifiChannelUtilization:  freq: 5240 onTime: 4110857 busyTime: 444534 onTimeDiff: 736065 busyTimeDiff: 128835 utilization: 44 utilization t0: 27
11-23 23:10:44.844  1795  2424 D WifiDataStall:  ccaLevel = 44
11-23 23:10:44.844  1795  2424 D WifiDataStall: L2 txTputKbps: 688470, rxTputKbps: 717156, L3 txTputKbps: 60, rxTputKbps: 157, TxTrafficHigh: true, RxTrafficHigh: true, Throughput Sufficient: true
11-23 23:10:44.844  1795  2424 D WifiScoreReport: Wifi scoring disabled - Don't check IP layer
11-23 23:10:44.844  1795  2424 D WifiScoreCard: BSSID update SIGNAL_POLL ID: 1320464697 SSID: "ourhome", BSSID: f4:6d:2f:12:cc:88, MAC: b2:2f:ec:da:4a:0c, IP: /192.168.1.104, Security type: 2, Supplicant state: COMPLETED, Wi-Fi standard: 5, RSSI: -45, Link speed: 866Mbps, Tx Link speed: 866Mbps, Max Supported Tx Link speed: 866Mbps, Rx Link speed: 866Mbps, Max Supported Rx Link speed: 866Mbps, Frequency: 5240MHz, Net ID: 12, Metered hint: false, score: 60, isUsable: true, CarrierMerged: false, SubscriptionId: -1, IsPrimary: 1, Trusted: true, Restricted: false, Ephemeral: false, OEM paid: false, OEM private: false, OSU AP: false, FQDN: <none>, Provider friendly name: <none>, Requesting package name: <none>"ourhome"wpa2-pskMLO Information: , Is TID-To-Link negotiation supported by the AP: false, AP MLD Address: <none>, AP MLO Link Id: <none>, AP MLO Affiliated links: <none>
11-23 23:10:44.844  1795  2424 D WifiScoreCard: txRate: 28 txSpeed: 866
11-23 23:10:44.844  1795  2424 D WifiScoreCard: network update SIGNAL_POLL "ourhome" ID: 1499892569 RSSI -45 txSpeed 866
11-23 23:10:44.844  1795  2424 D WifiClientModeImpl[13802:wlan0]:  ClientModeImpl$L2ConnectedState screen=on 25 0 "ourhome" f4:6d:2f:12:cc:88 rssi=-45 f=5240 sc=60 link=866 tx=25.6, 1.7, 0.0 rx=14.5 bcn=1193880 [on:520 tx:10 rx:3 period:3011] from screen [on:750206 period:11292209] score=60
11-23 23:10:44.844  2782  5906 D QCNEJ/WlanStaInfoRelay: Received action: android.net.wifi.RSSI_CHANGED
11-23 23:10:44.845  3213  8092 V WifiManager: OnWifiUsabilityStatsListener: onWifiUsabilityStats: seqNum=41012
11-23 23:10:44.846  1795  2679 I WifiService: updateWifiUsabilityScore uid=10180 seqNum=41012 score=100 predictionHorizonSec=1441795
11-23 23:10:44.847  1795  2424 D WifiScoreReport: Wifi scoring disabled - Notify that Wifi is usable
11-23 23:10:44.849  1795  2432 D ConnectivityService: NetReassign [no changes] [c 1] [a 0] [i 1]
11-23 23:10:44.865  9398  9433 I BatteryMgr:DataCollectionService: stats => 1700777444865,10986,4444,9765,4169000,100
11-23 23:10:44.876  1011  1189 I ASH     : @ 124297.071: tcs3701: stop power rail pending_off timer
11-23 23:10:44.876  1011  1189 D ASH     : @ 124297.071: tcs3701: start power rail timer, state:3
11-23 23:10:44.886  1795  2679 D ActivityManager: freezer override set to true
11-23 23:10:44.890  1795  2679 D ActivityManager: freezer override set to false
11-23 23:10:44.900  9398  9433 I BatteryMgr:DataCollectionService: stats => 1700777444900,10986,4444,9765,4169000,100
11-23 23:10:44.916  1011  1189 I ASH     : @ 124297.111: tcs3701: stop power rail pending_off timer
11-23 23:10:44.916  1011  1189 D ASH     : @ 124297.111: tcs3701: start power rail timer, state:3
11-23 23:10:44.952  9398  9433 I BatteryMgr:DataCollectionService: stats => 1700777444952,10986,4444,9765,4169000,100
11-23 23:10:44.957  1011  1189 I ASH     : @ 124297.151: tcs3701: stop power rail pending_off timer
11-23 23:10:44.957  1011  1189 D ASH     : @ 124297.151: tcs3701: start power rail timer, state:3
11-23 23:10:44.977  9398  9433 I BatteryMgr:DataCollectionService: stats => 1700777444977,10986,4444,9765,4169000,100
11-23 23:10:44.996  1011  1189 I ASH     : @ 124297.191: tcs3701: stop power rail pending_off timer
11-23 23:10:44.996  1011  1189 D ASH     : @ 124297.191: tcs3701: start power rail timer, state:3
