11-23 23:20:51.827  9398  7861 I BatteryMgr:DataCollectionService: stats => 1700778051827,7934,4444,9765,4169000,100
11-23 23:20:51.836  1011  1189 I ASH     : @ 124904.031: tcs3701: stop power rail pending_off timer
11-23 23:20:51.836  1011  1189 D ASH     : @ 124904.031: tcs3701: start power rail timer, state:3
11-23 23:20:51.876  1011  1189 I ASH     : @ 124904.071: tcs3701: stop power rail pending_off timer
11-23 23:20:51.876  1011  1189 D ASH     : @ 124904.071: tcs3701: start power rail timer, state:3
11-23 23:20:51.886  9398  7861 I BatteryMgr:DataCollectionService: stats => 1700778051885,7934,4444,9765,4169000,100
11-23 23:20:51.900  9398  7861 I BatteryMgr:DataCollectionService: stats => 1700778051899,7934,4444,9765,4169000,100
11-23 23:20:51.916  1011  1189 I ASH     : @ 124904.111: tcs3701: stop power rail pending_off timer
11-23 23:20:51.916  1011  1189 D ASH     : @ 124904.111: tcs3701: start power rail timer, state:3
11-23 23:20:51.937  9398  7861 I BatteryMgr:DataCollectionService: stats => 1700778051937,7934,4444,9765,4169000,100
11-23 23:20:51.956  1011  1189 I ASH     : @ 124904.151: tcs3701: stop power rail pending_off timer
11-23 23:20:51.956  1011  1189 D ASH     : @ 124904.151: tcs3701: start power rail timer, state:3
11-23 23:20:51.995  9398  7861 I BatteryMgr:DataCollectionService: stats => 1700778051995,7934,4444,9765,4169000,100
11-23 23:20:51.998  1011  1189 I ASH     : @ 124904.191: tcs3701: stop power rail pending_off timer
11-23 23:20:51.998  1011  1189 D ASH     : @ 124904.191: tcs3701: start power rail timer, state:3
11-23 23:20:52.021  9398  7861 I BatteryMgr:DataCollectionService: stats => 1700778052020,7934,4444,9765,4169000,100
11-23 23:20:52.036  1011  1189 I ASH     : @ 124904.231: tcs3701: stop power rail pending_off timer
11-23 23:20:52.036  1011  1189 D ASH     : @ 124904.231: tcs3701: start power rail timer, state:3
11-23 23:20:52.046  9398  7861 I BatteryMgr:DataCollectionService: stats => 1700778052046,7934,4444,9765,4169000,100
11-23 23:20:52.076  1011  1189 I ASH     : @ 124904.271: tcs3701: stop power rail pending_off timer
11-23 23:20:52.076  1011  1189 D ASH     : @ 124904.271: tcs3701: start power rail timer, state:3
11-23 23:20:52.101  9398  7861 I BatteryMgr:DataCollectionService: stats => 1700778052101,7934,4444,9765,4169000,100
11-23 23:20:52.116  1011  1189 I ASH     : @ 124904.311: tcs3701: stop power rail pending_off timer
11-23 23:20:52.116  1011  1189 D ASH     : @ 124904.311: tcs3701: start power rail timer, state:3
11-23 23:20:52.127  9398  7861 I BatteryMgr:DataCollectionService: stats => 1700778052127,7934,4444,9765,4169000,100
11-23 23:20:52.153  9398  7861 I BatteryMgr:DataCollectionService: stats => 1700778052153,7934,4444,9765,4169000,100
11-23 23:20:52.156  1011  1189 I ASH     : @ 124904.351: tcs3701: stop power rail pending_off timer
11-23 23:20:52.156  1011  1189 D ASH     : @ 124904.351: tcs3701: start power rail timer, state:3
11-23 23:20:52.196  1011  1189 I ASH     : @ 124904.391: tcs3701: stop power rail pending_off timer
11-23 23:20:52.196  1011  1189 D ASH     : @ 124904.391: tcs3701: start power rail timer, state:3
11-23 23:20:52.208  9398  7861 I BatteryMgr:DataCollectionService: stats => 1700778052208,7934,4444,9765,4169000,100
11-23 23:20:52.231  9398  7861 I BatteryMgr:DataCollectionService: stats => 1700778052231,7934,4444,9765,4169000,100
11-23 23:20:52.236  1011  1189 I ASH     : @ 124904.431: tcs3701: stop power rail pending_off timer
11-23 23:20:52.236  1011  1189 D ASH     : @ 124904.431: tcs3701: start power rail timer, state:3
11-23 23:20:52.259  9398  7861 I BatteryMgr:DataCollectionService: stats => 1700778052259,7934,4444,9765,4169000,100
11-23 23:20:52.276  1011  1189 I ASH     : @ 124904.471: tcs3701: stop power rail pending_off timer
11-23 23:20:52.276  1011  1189 D ASH     : @ 124904.471: tcs3701: start power rail timer, state:3
11-23 23:20:52.314  9398  7861 I BatteryMgr:DataCollectionService: stats => 1700778052314,7934,4444,9765,4169000,100
11-23 23:20:52.316  1011  1189 I ASH     : @ 124904.511: tcs3701: stop power rail pending_off timer
11-23 23:20:52.316  1011  1189 D ASH     : @ 124904.511: tcs3701: start power rail timer, state:3
11-23 23:20:52.340  9398  7861 I BatteryMgr:DataCollectionService: stats => 1700778052340,7934,4444,9765,4169000,100
11-23 23:20:52.356  1011  1189 I ASH     : @ 124904.551: tcs3701: stop power rail pending_off timer
11-23 23:20:52.356  1011  1189 D ASH     : @ 124904.551: tcs3701: start power rail timer, state:3
11-23 23:20:52.367  9398  7861 I BatteryMgr:DataCollectionService: stats => 1700778052367,7934,4444,9765,4169000,100
11-23 23:20:52.396  1011  1189 I ASH     : @ 124904.591: tcs3701: stop power rail pending_off timer
11-23 23:20:52.396  1011  1189 D ASH     : @ 124904.591: tcs3701: start power rail timer, state:3
11-23 23:20:52.429  9398  7861 I BatteryMgr:DataCollectionService: stats => 1700778052429,7934,4444,9765,4169000,100
11-23 23:20:52.436  1011  1189 I ASH     : @ 124904.631: tcs3701: stop power rail pending_off timer
11-23 23:20:52.436  1011  1189 D ASH     : @ 124904.631: tcs3701: start power rail timer, state:3
11-23 23:20:52.450  9398  7861 I BatteryMgr:DataCollectionService: stats => 1700778052450,7934,4444,9765,4169000,100
11-23 23:20:52.473  9398  7861 I BatteryMgr:DataCollectionService: stats => 1700778052473,7934,4444,9765,4169000,100
11-23 23:20:52.476  1011  1189 I ASH     : @ 124904.671: tcs3701: stop power rail pending_off timer
11-23 23:20:52.476  1011  1189 D ASH     : @ 124904.671: tcs3701: start power rail timer, state:3
11-23 23:20:52.516  1011  1189 I ASH     : @ 124904.711: tcs3701: stop power rail pending_off timer
11-23 23:20:52.516  1011  1189 D ASH     : @ 124904.711: tcs3701: start power rail timer, state:3
11-23 23:20:52.537  9398  7861 I BatteryMgr:DataCollectionService: stats => 1700778052537,7934,4444,9765,4169000,100
11-23 23:20:52.557  1011  1189 I ASH     : @ 124904.751: tcs3701: stop power rail pending_off timer
11-23 23:20:52.557  1011  1189 D ASH     : @ 124904.751: tcs3701: start power rail timer, state:3
11-23 23:20:52.562  9398  7861 I BatteryMgr:DataCollectionService: stats => 1700778052562,7934,4444,9765,4169000,100
11-23 23:20:52.581  9398  7861 I BatteryMgr:DataCollectionService: stats => 1700778052581,7934,4444,9765,4169000,100
11-23 23:20:52.596  1011  1189 I ASH     : @ 124904.791: tcs3701: stop power rail pending_off timer
11-23 23:20:52.596  1011  1189 D ASH     : @ 124904.791: tcs3701: start power rail timer, state:3
11-23 23:20:52.634  1795  3745 D ActivityManager: freezer override set to true
11-23 23:20:52.636  1011  1189 I ASH     : @ 124904.831: tcs3701: stop power rail pending_off timer
11-23 23:20:52.636  1011  1189 D ASH     : @ 124904.831: tcs3701: start power rail timer, state:3
11-23 23:20:52.638  1795  3745 D ActivityManager: freezer override set to false
11-23 23:20:52.646  9398  7861 I BatteryMgr:DataCollectionService: stats => 1700778052646,7934,4444,9765,4169000,100
11-23 23:20:52.668  9398  7861 I BatteryMgr:DataCollectionService: stats => 1700778052668,7934,4444,9765,4169000,100
11-23 23:20:52.676  1011  1189 I ASH     : @ 124904.871: tcs3701: stop power rail pending_off timer
11-23 23:20:52.676  1011  1189 D ASH     : @ 124904.871: tcs3701: start power rail timer, state:3
11-23 23:20:52.686  9398  7861 I BatteryMgr:DataCollectionService: stats => 1700778052686,7934,4444,9765,4169000,100
11-23 23:20:52.716  1011  1189 I ASH     : @ 124904.911: tcs3701: stop power rail pending_off timer
11-23 23:20:52.716  1011  1189 D ASH     : @ 124904.911: tcs3701: start power rail timer, state:3
11-23 23:20:52.752  9398  7861 I BatteryMgr:DataCollectionService: stats => 1700778052752,7934,4444,9765,4169000,100
11-23 23:20:52.756  1011  1189 I ASH     : @ 124904.951: tcs3701: stop power rail pending_off timer
11-23 23:20:52.756  1011  1189 D ASH     : @ 124904.951: tcs3701: start power rail timer, state:3
11-23 23:20:52.774  9398  7861 I BatteryMgr:DataCollectionService: stats => 1700778052774,7934,4444,9765,4169000,100
11-23 23:20:52.796  1011  1189 I ASH     : @ 124904.991: tcs3701: stop power rail pending_off timer
11-23 23:20:52.797  1011  1189 D ASH     : @ 124904.991: tcs3701: start power rail timer, state:3
11-23 23:20:52.807  9398  7861 I BatteryMgr:DataCollectionService: stats => 1700778052807,7934,4444,9765,4169000,100
11-23 23:20:52.836  1011  1189 I ASH     : @ 124905.031: tcs3701: stop power rail pending_off timer
11-23 23:20:52.836  1011  1189 D ASH     : @ 124905.031: tcs3701: start power rail timer, state:3
11-23 23:20:52.857  9398  7861 I BatteryMgr:DataCollectionService: stats => 1700778052857,7934,4444,9765,4169000,100
11-23 23:20:52.876  1011  1189 I ASH     : @ 124905.071: tcs3701: stop power rail pending_off timer
11-23 23:20:52.876  1011  1189 D ASH     : @ 124905.071: tcs3701: start power rail timer, state:3
11-23 23:20:52.889  9398  7861 I BatteryMgr:DataCollectionService: stats => 1700778052889,7934,4444,9765,4169000,100
11-23 23:20:52.912  9398  7861 I BatteryMgr:DataCollectionService: stats => 1700778052912,7934,4444,9765,4169000,100
11-23 23:20:52.916  1011  1189 I ASH     : @ 124905.111: tcs3701: stop power rail pending_off timer
11-23 23:20:52.916  1011  1189 D ASH     : @ 124905.111: tcs3701: start power rail timer, state:3
11-23 23:20:52.956  1011  1189 I ASH     : @ 124905.151: tcs3701: stop power rail pending_off timer
11-23 23:20:52.956  1011  1189 D ASH     : @ 124905.151: tcs3701: start power rail timer, state:3
11-23 23:20:52.972  9398  7861 I BatteryMgr:DataCollectionService: stats => 1700778052971,7934,4444,9765,4169000,100
11-23 23:20:52.996  1011  1189 I ASH     : @ 124905.191: tcs3701: stop power rail pending_off timer
11-23 23:20:52.996  1011  1189 D ASH     : @ 124905.191: tcs3701: start power rail timer, state:3
11-23 23:20:52.996  9398  7861 I BatteryMgr:DataCollectionService: stats => 1700778052996,7934,4444,9765,4169000,100
11-23 23:20:53.004  1795  4144 D ActivityManager: freezer override set to true
11-23 23:20:53.016  9398  7861 I BatteryMgr:DataCollectionService: stats => 1700778053016,7934,4444,9765,4169000,100
11-23 23:20:53.036  1011  1189 I ASH     : @ 124905.231: tcs3701: stop power rail pending_off timer
11-23 23:20:53.036  1011  1189 D ASH     : @ 124905.231: tcs3701: start power rail timer, state:3
11-23 23:20:53.076  1011  1189 I ASH     : @ 124905.271: tcs3701: stop power rail pending_off timer
11-23 23:20:53.076  1011  1189 D ASH     : @ 124905.271: tcs3701: start power rail timer, state:3
11-23 23:20:53.080  9398  7861 I BatteryMgr:DataCollectionService: stats => 1700778053080,7934,4444,9765,4169000,100
11-23 23:20:53.104  9398  7861 I BatteryMgr:DataCollectionService: stats => 1700778053104,7934,4444,9765,4169000,100
11-23 23:20:53.117  1011  1189 I ASH     : @ 124905.311: tcs3701: stop power rail pending_off timer
11-23 23:20:53.117  1011  1189 D ASH     : @ 124905.311: tcs3701: start power rail timer, state:3
11-23 23:20:53.123  9398  7861 I BatteryMgr:DataCollectionService: stats => 1700778053123,7934,4444,9765,4169000,100
11-23 23:20:53.152 23166 23181 I m.chrome.canary: Explicit concurrent copying GC freed 3883(196KB) AllocSpace objects, 4(80KB) LOS objects, 75% free, 12MB/49MB, paused 97us,23us total 104.597ms
11-23 23:20:53.156  1011  1189 I ASH     : @ 124905.351: tcs3701: stop power rail pending_off timer
11-23 23:20:53.156  1011  1189 D ASH     : @ 124905.351: tcs3701: start power rail timer, state:3
11-23 23:20:53.194  9398  7861 I BatteryMgr:DataCollectionService: stats => 1700778053194,7934,4444,9765,4169000,100
11-23 23:20:53.196  1011  1189 I ASH     : @ 124905.391: tcs3701: stop power rail pending_off timer
11-23 23:20:53.196  1011  1189 D ASH     : @ 124905.391: tcs3701: start power rail timer, state:3
11-23 23:20:53.204  1795  4144 D ActivityManager: freezer override set to false
11-23 23:20:53.208  9398  7861 I BatteryMgr:DataCollectionService: stats => 1700778053208,7934,4444,9765,4169000,100
11-23 23:20:53.231  9398  7861 I BatteryMgr:DataCollectionService: stats => 1700778053231,7934,4444,9765,4169000,100
11-23 23:20:53.236  1011  1189 I ASH     : @ 124905.431: tcs3701: stop power rail pending_off timer
11-23 23:20:53.236  1011  1189 D ASH     : @ 124905.431: tcs3701: start power rail timer, state:3
11-23 23:20:53.244  1795  4144 D ActivityManager: freezer override set to true
11-23 23:20:53.247  1795  4144 D ActivityManager: freezer override set to false
11-23 23:20:53.276  1011  1189 I ASH     : @ 124905.471: tcs3701: stop power rail pending_off timer
11-23 23:20:53.276  1011  1189 D ASH     : @ 124905.471: tcs3701: start power rail timer, state:3
11-23 23:20:53.298  9398  7861 I BatteryMgr:DataCollectionService: stats => 1700778053298,7934,4444,9765,4169000,100
11-23 23:20:53.316  1011  1189 I ASH     : @ 124905.511: tcs3701: stop power rail pending_off timer
11-23 23:20:53.316  1011  1189 D ASH     : @ 124905.511: tcs3701: start power rail timer, state:3
11-23 23:20:53.317  9398  7861 I BatteryMgr:DataCollectionService: stats => 1700778053317,7934,4444,9765,4169000,100
11-23 23:20:53.336  9398  7861 I BatteryMgr:DataCollectionService: stats => 1700778053335,7934,4444,9765,4169000,100
11-23 23:20:53.356  1011  1189 I ASH     : @ 124905.551: tcs3701: stop power rail pending_off timer
11-23 23:20:53.356  1011  1189 D ASH     : @ 124905.551: tcs3701: start power rail timer, state:3
11-23 23:20:53.396  1011  1189 I ASH     : @ 124905.591: tcs3701: stop power rail pending_off timer
11-23 23:20:53.396  1011  1189 D ASH     : @ 124905.591: tcs3701: start power rail timer, state:3
11-23 23:20:53.404  9398  7861 I BatteryMgr:DataCollectionService: stats => 1700778053404,7934,4444,9765,4169000,100
11-23 23:20:53.429  9398  7861 I BatteryMgr:DataCollectionService: stats => 1700778053429,7934,4444,9765,4169000,100
11-23 23:20:53.438  1011  1189 I ASH     : @ 124905.631: tcs3701: stop power rail pending_off timer
11-23 23:20:53.438  1011  1189 D ASH     : @ 124905.631: tcs3701: start power rail timer, state:3
11-23 23:20:53.443  9398  7861 I BatteryMgr:DataCollectionService: stats => 1700778053443,7934,4444,9765,4169000,100
11-23 23:20:53.476  1011  1189 I ASH     : @ 124905.671: tcs3701: stop power rail pending_off timer
11-23 23:20:53.476  1011  1189 D ASH     : @ 124905.671: tcs3701: start power rail timer, state:3
11-23 23:20:53.509  9398  7861 I BatteryMgr:DataCollectionService: stats => 1700778053509,7934,4444,9765,4169000,100
11-23 23:20:53.516  1011  1189 I ASH     : @ 124905.711: tcs3701: stop power rail pending_off timer
11-23 23:20:53.516  1011  1189 D ASH     : @ 124905.711: tcs3701: start power rail timer, state:3
11-23 23:20:53.537  9398  7861 I BatteryMgr:DataCollectionService: stats => 1700778053537,7934,4444,9765,4169000,100
11-23 23:20:53.549  9398  7861 I BatteryMgr:DataCollectionService: stats => 1700778053548,7934,4444,9765,4169000,100
11-23 23:20:53.557  1011  1189 I ASH     : @ 124905.751: tcs3701: stop power rail pending_off timer
11-23 23:20:53.557  1011  1189 D ASH     : @ 124905.751: tcs3701: start power rail timer, state:3
11-23 23:20:53.596  1011  1189 I ASH     : @ 124905.791: tcs3701: stop power rail pending_off timer
11-23 23:20:53.596  1011  1189 D ASH     : @ 124905.791: tcs3701: start power rail timer, state:3
11-23 23:20:53.607  2113  2118 I pixel-thermal: skin-therm-monitor: 37.882
11-23 23:20:53.617  9398  7861 I BatteryMgr:DataCollectionService: stats => 1700778053617,7934,4444,9765,4169000,100
11-23 23:20:53.629  1795  4144 D ActivityManager: freezer override set to true
11-23 23:20:53.636  1011  1189 I ASH     : @ 124905.831: tcs3701: stop power rail pending_off timer
11-23 23:20:53.636  1011  1189 D ASH     : @ 124905.831: tcs3701: start power rail timer, state:3
11-23 23:20:53.636  1795  4144 D ActivityManager: freezer override set to false
11-23 23:20:53.646  9398  7861 I BatteryMgr:DataCollectionService: stats => 1700778053646,7934,4444,9765,4169000,100
11-23 23:20:53.654  9398  7861 I BatteryMgr:DataCollectionService: stats => 1700778053654,7934,4444,9765,4169000,100
11-23 23:20:53.676  1011  1189 I ASH     : @ 124905.871: tcs3701: stop power rail pending_off timer
11-23 23:20:53.676  1011  1189 D ASH     : @ 124905.871: tcs3701: start power rail timer, state:3
11-23 23:20:53.716  1011  1189 I ASH     : @ 124905.911: tcs3701: stop power rail pending_off timer
11-23 23:20:53.716  1011  1189 D ASH     : @ 124905.911: tcs3701: start power rail timer, state:3
11-23 23:20:53.721  9398  7861 I BatteryMgr:DataCollectionService: stats => 1700778053721,7934,4444,9765,4169000,100
11-23 23:20:53.751  9398  7861 I BatteryMgr:DataCollectionService: stats => 1700778053751,7934,4444,9765,4169000,100
11-23 23:20:53.756  1011  1189 I ASH     : @ 124905.951: tcs3701: stop power rail pending_off timer
11-23 23:20:53.756  1011  1189 D ASH     : @ 124905.951: tcs3701: start power rail timer, state:3
11-23 23:20:53.758  9398  7861 I BatteryMgr:DataCollectionService: stats => 1700778053758,7934,4444,9765,4169000,100
11-23 23:20:53.800  1011  1189 I ASH     : @ 124905.991: tcs3701: stop power rail pending_off timer
11-23 23:20:53.800  1011  1189 D ASH     : @ 124905.991: tcs3701: start power rail timer, state:3
11-23 23:20:53.824  9398  7861 I BatteryMgr:DataCollectionService: stats => 1700778053824,7934,4444,9765,4169000,100
11-23 23:20:53.836  1011  1189 I ASH     : @ 124906.031: tcs3701: stop power rail pending_off timer
11-23 23:20:53.836  1011  1189 D ASH     : @ 124906.031: tcs3701: start power rail timer, state:3
11-23 23:20:53.857  9398  7861 I BatteryMgr:DataCollectionService: stats => 1700778053857,7934,4444,9765,4169000,100
11-23 23:20:53.865  9398  7861 I BatteryMgr:DataCollectionService: stats => 1700778053865,7934,4444,9765,4169000,100
11-23 23:20:53.876  1011  1189 I ASH     : @ 124906.071: tcs3701: stop power rail pending_off timer
11-23 23:20:53.876  1011  1189 D ASH     : @ 124906.071: tcs3701: start power rail timer, state:3
11-23 23:20:53.900  1795  2424 D WifiClientModeImpl[13802:wlan0]: updateLinkLayerStatsRssiSpeedFrequencyCapabilities rssi=-47 TxLinkspeed=780 freq=5240 RxLinkSpeed=866
11-23 23:20:53.901  1795  2424 D WifiDataStall: tx tput in kbps: 584085
11-23 23:20:53.901  1795  2424 D WifiDataStall: rx tput in kbps: 720539
11-23 23:20:53.901  1795  2424 V WifiConfigManager: Updating scan detail cache freq=5240 BSSID=f4:6d:2f:12:cc:88 RSSI=-46 for "ourhome"WPA_PSK
11-23 23:20:53.902  3213  8092 V WifiManager: OnWifiUsabilityStatsListener: onWifiUsabilityStats: seqNum=41214
11-23 23:20:53.903  1795  4144 I WifiService: updateWifiUsabilityScore uid=10180 seqNum=41214 score=100 predictionHorizonSec=1441795
11-23 23:20:53.903  1795  2424 D WifiChannelUtilization:  freq: 5240 onTime: 4135960 busyTime: 445808 onTimeDiff: 761168 busyTimeDiff: 130109 utilization: 43 utilization t0: 27
11-23 23:20:53.903  1795  2424 D WifiDataStall:  ccaLevel = 43
11-23 23:20:53.903  1795  2424 D WifiDataStall: L2 txTputKbps: 616535, rxTputKbps: 720539, L3 txTputKbps: 0, rxTputKbps: 1, TxTrafficHigh: false, RxTrafficHigh: false, Throughput Sufficient: true
11-23 23:20:53.903  1795  2424 D WifiScoreReport: Wifi scoring disabled - Don't check IP layer
11-23 23:20:53.903  1795  2424 D WifiScoreCard: BSSID update SIGNAL_POLL ID: 1320464697 SSID: "ourhome", BSSID: f4:6d:2f:12:cc:88, MAC: b2:2f:ec:da:4a:0c, IP: /192.168.1.104, Security type: 2, Supplicant state: COMPLETED, Wi-Fi standard: 5, RSSI: -47, Link speed: 780Mbps, Tx Link speed: 780Mbps, Max Supported Tx Link speed: 866Mbps, Rx Link speed: 866Mbps, Max Supported Rx Link speed: 866Mbps, Frequency: 5240MHz, Net ID: 12, Metered hint: false, score: 60, isUsable: true, CarrierMerged: false, SubscriptionId: -1, IsPrimary: 1, Trusted: true, Restricted: false, Ephemeral: false, OEM paid: false, OEM private: false, OSU AP: false, FQDN: <none>, Provider friendly name: <none>, Requesting package name: <none>"ourhome"wpa2-pskMLO Information: , Is TID-To-Link negotiation supported by the AP: false, AP MLD Address: <none>, AP MLO Link Id: <none>, AP MLO Affiliated links: <none>
11-23 23:20:53.903  1795  2424 D WifiScoreCard: txRate: 7 txSpeed: 780
11-23 23:20:53.903  1795  2424 D WifiScoreCard: network update SIGNAL_POLL "ourhome" ID: 1499892569 RSSI -47 txSpeed 780
11-23 23:20:53.903  1795  2424 D WifiClientModeImpl[13802:wlan0]:  ClientModeImpl$L2ConnectedState screen=on 25 0 "ourhome" f4:6d:2f:12:cc:88 rssi=-47 f=5240 sc=60 link=780 tx=6.4, 0.4, 0.0 rx=4.4 bcn=1199814 [on:157 tx:1 rx:1 period:3013] from screen [on:775309 period:11901268] score=60
11-23 23:20:53.903  1795  2424 D WifiScoreReport: Wifi scoring disabled - Notify that Wifi is usable
11-23 23:20:53.906  1795  2432 D ConnectivityService: NetReassign [no changes] [c 1] [a 0] [i 1]
11-23 23:20:53.916  1011  1189 I ASH     : @ 124906.111: tcs3701: stop power rail pending_off timer
11-23 23:20:53.916  1011  1189 D ASH     : @ 124906.111: tcs3701: start power rail timer, state:3
11-23 23:20:53.929  9398  7861 I BatteryMgr:DataCollectionService: stats => 1700778053929,7934,4444,9765,4169000,100
11-23 23:20:53.957  1011  1189 I ASH     : @ 124906.151: tcs3701: stop power rail pending_off timer
11-23 23:20:53.957  1011  1189 D ASH     : @ 124906.151: tcs3701: start power rail timer, state:3
11-23 23:20:53.962  9398  7861 I BatteryMgr:DataCollectionService: stats => 1700778053962,7934,4444,9765,4169000,100
11-23 23:20:53.968  9398  7861 I BatteryMgr:DataCollectionService: stats => 1700778053968,7934,4444,9765,4169000,100
11-23 23:20:53.996  1011  1189 I ASH     : @ 124906.191: tcs3701: stop power rail pending_off timer
11-23 23:20:53.996  1011  1189 D ASH     : @ 124906.191: tcs3701: start power rail timer, state:3
11-23 23:20:54.033  9398  7861 I BatteryMgr:DataCollectionService: stats => 1700778054033,7934,4444,9765,4169000,100
11-23 23:20:54.036  1011  1189 I ASH     : @ 124906.231: tcs3701: stop power rail pending_off timer
11-23 23:20:54.036  1011  1189 D ASH     : @ 124906.231: tcs3701: start power rail timer, state:3
11-23 23:20:54.057  1795  2424 D WifiNetworkSelector: Current connected network: 12
11-23 23:20:54.058  1795  2424 V WifiConnectivityManager: No partial scan because firmware roaming is supported.
11-23 23:20:54.058  1795  2424 V WifiConnectivityManager: schedulePeriodicScanTimer intervalMs 20000
11-23 23:20:54.072  9398  7861 I BatteryMgr:DataCollectionService: stats => 1700778054072,7934,4444,9765,4169000,100
11-23 23:20:54.076  1011  1189 I ASH     : @ 124906.271: tcs3701: stop power rail pending_off timer
11-23 23:20:54.076  1011  1189 D ASH     : @ 124906.271: tcs3701: start power rail timer, state:3
11-23 23:20:54.077  9398  9434 I BatteryMgr:DataCollectionService: stats => 1700778054077,7934,4444,9765,4169000,100
11-23 23:20:54.116  1011  1189 I ASH     : @ 124906.311: tcs3701: stop power rail pending_off timer
11-23 23:20:54.116  1011  1189 D ASH     : @ 124906.311: tcs3701: start power rail timer, state:3
11-23 23:20:54.135  9398  9434 I BatteryMgr:DataCollectionService: stats => 1700778054135,7934,4444,9765,4169000,100
11-23 23:20:54.156  1011  1189 I ASH     : @ 124906.351: tcs3701: stop power rail pending_off timer
11-23 23:20:54.156  1011  1189 D ASH     : @ 124906.351: tcs3701: start power rail timer, state:3
11-23 23:20:54.178  9398  9434 I BatteryMgr:DataCollectionService: stats => 1700778054178,7934,4444,9765,4169000,100
11-23 23:20:54.184  9398  7861 I BatteryMgr:DataCollectionService: stats => 1700778054184,7934,4444,9765,4169000,100
11-23 23:20:54.196  1011  1189 I ASH     : @ 124906.391: tcs3701: stop power rail pending_off timer
11-23 23:20:54.196  1011  1189 D ASH     : @ 124906.391: tcs3701: start power rail timer, state:3
11-23 23:20:54.236  1011  1189 I ASH     : @ 124906.431: tcs3701: stop power rail pending_off timer
11-23 23:20:54.236  1011  1189 D ASH     : @ 124906.431: tcs3701: start power rail timer, state:3
11-23 23:20:54.243  9398  7861 I BatteryMgr:DataCollectionService: stats => 1700778054243,7934,4444,9765,4169000,100
11-23 23:20:54.276  1011  1189 I ASH     : @ 124906.471: tcs3701: stop power rail pending_off timer
11-23 23:20:54.276  1011  1189 D ASH     : @ 124906.471: tcs3701: start power rail timer, state:3
11-23 23:20:54.285  9398  7861 I BatteryMgr:DataCollectionService: stats => 1700778054285,7934,4444,9765,4169000,100
11-23 23:20:54.290  9398  9434 I BatteryMgr:DataCollectionService: stats => 1700778054289,7934,4444,9765,4169000,100
11-23 23:20:54.317  1011  1189 I ASH     : @ 124906.511: tcs3701: stop power rail pending_off timer
11-23 23:20:54.317  1011  1189 D ASH     : @ 124906.511: tcs3701: start power rail timer, state:3
11-23 23:20:54.348  9398  9434 I BatteryMgr:DataCollectionService: stats => 1700778054348,7934,4444,9765,4169000,100
11-23 23:20:54.356  1011  1189 I ASH     : @ 124906.551: tcs3701: stop power rail pending_off timer
11-23 23:20:54.356  1011  1189 D ASH     : @ 124906.551: tcs3701: start power rail timer, state:3
11-23 23:20:54.392  9398  9434 I BatteryMgr:DataCollectionService: stats => 1700778054392,7934,4444,9765,4169000,100
11-23 23:20:54.396  1011  1189 I ASH     : @ 124906.591: tcs3701: stop power rail pending_off timer
11-23 23:20:54.396  1011  1189 D ASH     : @ 124906.591: tcs3701: start power rail timer, state:3
11-23 23:20:54.402  9398  7861 I BatteryMgr:DataCollectionService: stats => 1700778054402,7934,4444,9765,4169000,100
11-23 23:20:54.437  1011  1189 I ASH     : @ 124906.631: tcs3701: stop power rail pending_off timer
11-23 23:20:54.437  1011  1189 D ASH     : @ 124906.631: tcs3701: start power rail timer, state:3
11-23 23:20:54.458  9398  7861 I BatteryMgr:DataCollectionService: stats => 1700778054458,7934,4444,9765,4169000,100
11-23 23:20:54.463  1795  3745 D ActivityManager: freezer override set to true
11-23 23:20:54.476  1011  1189 I ASH     : @ 124906.671: tcs3701: stop power rail pending_off timer
11-23 23:20:54.476  1011  1189 D ASH     : @ 124906.671: tcs3701: start power rail timer, state:3
11-23 23:20:54.500  9398  7861 I BatteryMgr:DataCollectionService: stats => 1700778054500,7934,4444,9765,4169000,100
11-23 23:20:54.509  9398  7861 I BatteryMgr:DataCollectionService: stats => 1700778054509,7934,4444,9765,4169000,100
11-23 23:20:54.516  1011  1189 I ASH     : @ 124906.711: tcs3701: stop power rail pending_off timer
11-23 23:20:54.516  1011  1189 D ASH     : @ 124906.711: tcs3701: start power rail timer, state:3
11-23 23:20:54.556  1011  1189 I ASH     : @ 124906.751: tcs3701: stop power rail pending_off timer
11-23 23:20:54.556  1011  1189 D ASH     : @ 124906.751: tcs3701: start power rail timer, state:3
11-23 23:20:54.565  9398  7861 I BatteryMgr:DataCollectionService: stats => 1700778054565,7934,4444,9765,4169000,100
11-23 23:20:54.568 23166 23181 I m.chrome.canary: Explicit concurrent copying GC freed 3601(176KB) AllocSpace objects, 3(60KB) LOS objects, 75% free, 12MB/49MB, paused 31us,23us total 47.576ms
11-23 23:20:54.596  1011  1189 I ASH     : @ 124906.791: tcs3701: stop power rail pending_off timer
11-23 23:20:54.596  1011  1189 D ASH     : @ 124906.791: tcs3701: start power rail timer, state:3
11-23 23:20:54.605  9398  7861 I BatteryMgr:DataCollectionService: stats => 1700778054605,7934,4444,9765,4169000,100
11-23 23:20:54.616  9398  7861 I BatteryMgr:DataCollectionService: stats => 1700778054616,7934,4444,9765,4169000,100
11-23 23:20:54.636  1011  1189 I ASH     : @ 124906.831: tcs3701: stop power rail pending_off timer
11-23 23:20:54.637  1795  4144 D ActivityManager: freezer override set to false
11-23 23:20:54.637  1011  1189 D ASH     : @ 124906.831: tcs3701: start power rail timer, state:3
11-23 23:20:54.672  9398  7861 I BatteryMgr:DataCollectionService: stats => 1700778054671,7934,4444,9765,4169000,100
11-23 23:20:54.676  1011  1189 I ASH     : @ 124906.871: tcs3701: stop power rail pending_off timer
11-23 23:20:54.676  1011  1189 D ASH     : @ 124906.871: tcs3701: start power rail timer, state:3
11-23 23:20:54.714  1795  3745 D ActivityManager: freezer override set to true
11-23 23:20:54.716  1011  1189 I ASH     : @ 124906.911: tcs3701: stop power rail pending_off timer
11-23 23:20:54.716  1011  1189 D ASH     : @ 124906.911: tcs3701: start power rail timer, state:3
11-23 23:20:54.724  1795  3745 D ActivityManager: freezer override set to false
11-23 23:20:54.725  9398  9434 I BatteryMgr:DataCollectionService: stats => 1700778054725,7934,4444,9765,4169000,100
11-23 23:20:54.726  9398  7861 I BatteryMgr:DataCollectionService: stats => 1700778054726,7934,4444,9765,4169000,100
11-23 23:20:54.757  1011  1189 I ASH     : @ 124906.951: tcs3701: stop power rail pending_off timer
11-23 23:20:54.757  1011  1189 D ASH     : @ 124906.951: tcs3701: start power rail timer, state:3
11-23 23:20:54.777  9398  7861 I BatteryMgr:DataCollectionService: stats => 1700778054777,7934,4444,9765,4169000,100
11-23 23:20:54.796  1011  1189 I ASH     : @ 124906.991: tcs3701: stop power rail pending_off timer
11-23 23:20:54.796  1011  1189 D ASH     : @ 124906.991: tcs3701: start power rail timer, state:3
11-23 23:20:54.832  9398  9434 I BatteryMgr:DataCollectionService: stats => 1700778054832,7934,4444,9765,4169000,100
11-23 23:20:54.833  9398  7861 I BatteryMgr:DataCollectionService: stats => 1700778054833,7934,4444,9765,4169000,100
11-23 23:20:54.836  1011  1189 I ASH     : @ 124907.031: tcs3701: stop power rail pending_off timer
11-23 23:20:54.837  1011  1189 D ASH     : @ 124907.031: tcs3701: start power rail timer, state:3
11-23 23:20:54.876  1011  1189 I ASH     : @ 124907.071: tcs3701: stop power rail pending_off timer
11-23 23:20:54.876  1011  1189 D ASH     : @ 124907.071: tcs3701: start power rail timer, state:3
11-23 23:20:54.881  9398  7861 I BatteryMgr:DataCollectionService: stats => 1700778054881,7934,4444,9765,4169000,100
11-23 23:20:54.916  1011  1189 I ASH     : @ 124907.111: tcs3701: stop power rail pending_off timer
11-23 23:20:54.916  1011  1189 D ASH     : @ 124907.111: tcs3701: start power rail timer, state:3
11-23 23:20:54.939  9398  7861 I BatteryMgr:DataCollectionService: stats => 1700778054939,7934,4444,9765,4169000,100
11-23 23:20:54.941  9398  9434 I BatteryMgr:DataCollectionService: stats => 1700778054941,7934,4444,9765,4169000,100
11-23 23:20:54.956  1011  1189 I ASH     : @ 124907.151: tcs3701: stop power rail pending_off timer
11-23 23:20:54.956  1011  1189 D ASH     : @ 124907.151: tcs3701: start power rail timer, state:3
11-23 23:20:54.986  9398  9434 I BatteryMgr:DataCollectionService: stats => 1700778054986,7934,4444,9765,4169000,100
11-23 23:20:54.996  1011  1189 I ASH     : @ 124907.191: tcs3701: stop power rail pending_off timer
11-23 23:20:54.996  1011  1189 D ASH     : @ 124907.191: tcs3701: start power rail timer, state:3
11-23 23:20:55.037  1011  1189 I ASH     : @ 124907.231: tcs3701: stop power rail pending_off timer
11-23 23:20:55.037  1011  1189 D ASH     : @ 124907.231: tcs3701: start power rail timer, state:3
11-23 23:20:55.044  9398  9434 I BatteryMgr:DataCollectionService: stats => 1700778055044,7934,4444,9765,4169000,100
11-23 23:20:55.045  9398  7861 I BatteryMgr:DataCollectionService: stats => 1700778055045,7934,4444,9765,4169000,100
11-23 23:20:55.076  1011  1189 I ASH     : @ 124907.271: tcs3701: stop power rail pending_off timer
11-23 23:20:55.076  1011  1189 D ASH     : @ 124907.271: tcs3701: start power rail timer, state:3
11-23 23:20:55.090  9398  7861 I BatteryMgr:DataCollectionService: stats => 1700778055090,7934,4444,9765,4169000,100
11-23 23:20:55.116  1011  1189 I ASH     : @ 124907.311: tcs3701: stop power rail pending_off timer
11-23 23:20:55.116  1011  1189 D ASH     : @ 124907.311: tcs3701: start power rail timer, state:3
11-23 23:20:55.151  9398  9434 I BatteryMgr:DataCollectionService: stats => 1700778055151,7934,4444,9765,4169000,100
11-23 23:20:55.155  9398  7861 I BatteryMgr:DataCollectionService: stats => 1700778055155,7934,4444,9765,4169000,100
11-23 23:20:55.156  1011  1189 I ASH     : @ 124907.351: tcs3701: stop power rail pending_off timer
11-23 23:20:55.156  1011  1189 D ASH     : @ 124907.351: tcs3701: start power rail timer, state:3
11-23 23:20:55.193  9398  7861 I BatteryMgr:DataCollectionService: stats => 1700778055193,7934,4444,9765,4169000,100
11-23 23:20:55.196  1011  1189 I ASH     : @ 124907.391: tcs3701: stop power rail pending_off timer
11-23 23:20:55.196  1011  1189 D ASH     : @ 124907.391: tcs3701: start power rail timer, state:3
11-23 23:20:55.236  1011  1189 I ASH     : @ 124907.431: tcs3701: stop power rail pending_off timer
11-23 23:20:55.236  1011  1189 D ASH     : @ 124907.431: tcs3701: start power rail timer, state:3
11-23 23:20:55.256  9398  7861 I BatteryMgr:DataCollectionService: stats => 1700778055256,7934,4444,9765,4169000,100
11-23 23:20:55.258  9398  9434 I BatteryMgr:DataCollectionService: stats => 1700778055258,7934,4444,9765,4169000,100
11-23 23:20:55.276  1011  1189 I ASH     : @ 124907.471: tcs3701: stop power rail pending_off timer
11-23 23:20:55.276  1011  1189 D ASH     : @ 124907.471: tcs3701: start power rail timer, state:3
11-23 23:20:55.299  9398  9434 I BatteryMgr:DataCollectionService: stats => 1700778055299,7934,4444,9765,4169000,100
11-23 23:20:55.316  1011  1189 I ASH     : @ 124907.511: tcs3701: stop power rail pending_off timer
11-23 23:20:55.316  1011  1189 D ASH     : @ 124907.511: tcs3701: start power rail timer, state:3
11-23 23:20:55.356  1011  1189 I ASH     : @ 124907.551: tcs3701: stop power rail pending_off timer
11-23 23:20:55.356  1011  1189 D ASH     : @ 124907.551: tcs3701: start power rail timer, state:3
11-23 23:20:55.360  9398  9434 I BatteryMgr:DataCollectionService: stats => 1700778055360,7934,4444,9765,4169000,100
11-23 23:20:55.363  9398  7861 I BatteryMgr:DataCollectionService: stats => 1700778055363,7934,4444,9765,4169000,100
11-23 23:20:55.396  1011  1189 I ASH     : @ 124907.591: tcs3701: stop power rail pending_off timer
11-23 23:20:55.396  1011  1189 D ASH     : @ 124907.591: tcs3701: start power rail timer, state:3
11-23 23:20:55.403  9398  7861 I BatteryMgr:DataCollectionService: stats => 1700778055403,7934,4444,9765,4169000,100
11-23 23:20:55.436  1011  1189 I ASH     : @ 124907.631: tcs3701: stop power rail pending_off timer
11-23 23:20:55.436  1011  1189 D ASH     : @ 124907.631: tcs3701: start power rail timer, state:3
11-23 23:20:55.469  9398  7861 I BatteryMgr:DataCollectionService: stats => 1700778055469,7934,4444,9765,4169000,100
11-23 23:20:55.470  9398  9434 I BatteryMgr:DataCollectionService: stats => 1700778055470,7934,4444,9765,4169000,100
11-23 23:20:55.476  1011  1189 I ASH     : @ 124907.671: tcs3701: stop power rail pending_off timer
11-23 23:20:55.476  1011  1189 D ASH     : @ 124907.671: tcs3701: start power rail timer, state:3
11-23 23:20:55.507  9398  9434 I BatteryMgr:DataCollectionService: stats => 1700778055507,7934,4444,9765,4169000,100
11-23 23:20:55.516  1011  1189 I ASH     : @ 124907.711: tcs3701: stop power rail pending_off timer
11-23 23:20:55.516  1011  1189 D ASH     : @ 124907.711: tcs3701: start power rail timer, state:3
11-23 23:20:55.556  1011  1189 I ASH     : @ 124907.751: tcs3701: stop power rail pending_off timer
11-23 23:20:55.556  1011  1189 D ASH     : @ 124907.751: tcs3701: start power rail timer, state:3
11-23 23:20:55.576  9398  7861 I BatteryMgr:DataCollectionService: stats => 1700778055576,7934,4444,9765,4169000,100
11-23 23:20:55.578  9398  9434 I BatteryMgr:DataCollectionService: stats => 1700778055578,7934,4444,9765,4169000,100
11-23 23:20:55.591  1795  3658 D ActivityManager: freezer override set to true
11-23 23:20:55.595  1795  3658 D ActivityManager: freezer override set to false
11-23 23:20:55.596  1011  1189 I ASH     : @ 124907.791: tcs3701: stop power rail pending_off timer
11-23 23:20:55.596  1011  1189 D ASH     : @ 124907.791: tcs3701: start power rail timer, state:3
11-23 23:20:55.610  2113  2118 I pixel-thermal: skin-therm-monitor: 37.875
11-23 23:20:55.612  9398  9434 I BatteryMgr:DataCollectionService: stats => 1700778055612,7934,4444,9765,4169000,100
11-23 23:20:55.636  1011  1189 I ASH     : @ 124907.831: tcs3701: stop power rail pending_off timer
11-23 23:20:55.636  1011  1189 D ASH     : @ 124907.831: tcs3701: start power rail timer, state:3
11-23 23:20:55.676  1011  1189 I ASH     : @ 124907.871: tcs3701: stop power rail pending_off timer
11-23 23:20:55.676  1011  1189 D ASH     : @ 124907.871: tcs3701: start power rail timer, state:3
11-23 23:20:55.681  9398  7861 I BatteryMgr:DataCollectionService: stats => 1700778055681,7934,4444,9765,4169000,100
11-23 23:20:55.681  9398  9434 I BatteryMgr:DataCollectionService: stats => 1700778055681,7934,4444,9765,4169000,100
11-23 23:20:55.705 23166 23226 W chromium: [WARNING:ev_root_ca_metadata.cc(119)] Not implemented
11-23 23:20:55.705 23166 23226 W chromium: [WARNING:ev_root_ca_metadata.cc(119)] Not implemented
11-23 23:20:55.716  1011  1189 I ASH     : @ 124907.911: tcs3701: stop power rail pending_off timer
11-23 23:20:55.716  1011  1189 D ASH     : @ 124907.911: tcs3701: start power rail timer, state:3
11-23 23:20:55.717  9398  9434 I BatteryMgr:DataCollectionService: stats => 1700778055717,7934,4444,9765,4169000,100
11-23 23:20:55.756  1011  1189 I ASH     : @ 124907.951: tcs3701: stop power rail pending_off timer
11-23 23:20:55.756  1011  1189 D ASH     : @ 124907.951: tcs3701: start power rail timer, state:3
11-23 23:20:55.786  9398  7861 I BatteryMgr:DataCollectionService: stats => 1700778055786,7934,4444,9765,4169000,100
11-23 23:20:55.787  9398  9434 I BatteryMgr:DataCollectionService: stats => 1700778055787,7934,4444,9765,4169000,100
11-23 23:20:55.796  1011  1189 I ASH     : @ 124907.991: tcs3701: stop power rail pending_off timer
11-23 23:20:55.796  1011  1189 D ASH     : @ 124907.991: tcs3701: start power rail timer, state:3
11-23 23:20:55.823  9398  9434 I BatteryMgr:DataCollectionService: stats => 1700778055823,7934,4444,9765,4169000,100
11-23 23:20:55.836  1011  1189 I ASH     : @ 124908.031: tcs3701: stop power rail pending_off timer
11-23 23:20:55.836  1011  1189 D ASH     : @ 124908.031: tcs3701: start power rail timer, state:3
11-23 23:20:55.869  1795  3658 D ActivityManager: freezer override set to true
11-23 23:20:55.876  1011  1189 I ASH     : @ 124908.071: tcs3701: stop power rail pending_off timer
11-23 23:20:55.876  1011  1189 D ASH     : @ 124908.071: tcs3701: start power rail timer, state:3
11-23 23:20:55.891  9398  9434 I BatteryMgr:DataCollectionService: stats => 1700778055890,7934,4444,9765,4169000,100
11-23 23:20:55.891  9398  7861 I BatteryMgr:DataCollectionService: stats => 1700778055891,7934,4444,9765,4169000,100
11-23 23:20:55.916  1011  1189 I ASH     : @ 124908.111: tcs3701: stop power rail pending_off timer
11-23 23:20:55.916  1011  1189 D ASH     : @ 124908.111: tcs3701: start power rail timer, state:3
11-23 23:20:55.928  9398  7861 I BatteryMgr:DataCollectionService: stats => 1700778055928,7934,4444,9765,4169000,100
11-23 23:20:55.953 23166 23277 I m.chrome.canary: Explicit concurrent copying GC freed 3825(192KB) AllocSpace objects, 4(80KB) LOS objects, 75% free, 12MB/49MB, paused 77us,23us total 46.224ms
11-23 23:20:55.956  1011  1189 I ASH     : @ 124908.151: tcs3701: stop power rail pending_off timer
11-23 23:20:55.956  1011  1189 D ASH     : @ 124908.151: tcs3701: start power rail timer, state:3
11-23 23:20:55.996  9398  7861 I BatteryMgr:DataCollectionService: stats => 1700778055996,7934,4444,9765,4169000,100
11-23 23:20:55.996  1011  1189 I ASH     : @ 124908.191: tcs3701: stop power rail pending_off timer
11-23 23:20:55.996  1011  1189 D ASH     : @ 124908.191: tcs3701: start power rail timer, state:3
11-23 23:20:55.996  9398  9434 I BatteryMgr:DataCollectionService: stats => 1700778055996,7934,4444,9765,4169000,100
11-23 23:20:56.033  1795  3658 D ActivityManager: freezer override set to false
11-23 23:20:56.035  9398  9434 I BatteryMgr:DataCollectionService: stats => 1700778056035,7934,4444,9765,4169000,100
11-23 23:20:56.036  1011  1189 I ASH     : @ 124908.231: tcs3701: stop power rail pending_off timer
11-23 23:20:56.036  1011  1189 D ASH     : @ 124908.231: tcs3701: start power rail timer, state:3
11-23 23:20:56.076  1011  1189 I ASH     : @ 124908.271: tcs3701: stop power rail pending_off timer
11-23 23:20:56.076  1011  1189 D ASH     : @ 124908.271: tcs3701: start power rail timer, state:3
11-23 23:20:56.085  1795  3745 D ActivityManager: freezer override set to true
11-23 23:20:56.088  1795  3745 D ActivityManager: freezer override set to false
11-23 23:20:56.100  9398  9434 I BatteryMgr:DataCollectionService: stats => 1700778056100,7934,4444,9765,4169000,100
11-23 23:20:56.101  9398  7861 I BatteryMgr:DataCollectionService: stats => 1700778056101,7934,4444,9765,4169000,100
11-23 23:20:56.116  1011  1189 I ASH     : @ 124908.311: tcs3701: stop power rail pending_off timer
11-23 23:20:56.116  1011  1189 D ASH     : @ 124908.311: tcs3701: start power rail timer, state:3
11-23 23:20:56.138  9398  7861 I BatteryMgr:DataCollectionService: stats => 1700778056138,7934,4444,9765,4169000,100
11-23 23:20:56.156  1011  1189 I ASH     : @ 124908.351: tcs3701: stop power rail pending_off timer
11-23 23:20:56.156  1011  1189 D ASH     : @ 124908.351: tcs3701: start power rail timer, state:3
11-23 23:20:56.196  1011  1189 I ASH     : @ 124908.391: tcs3701: stop power rail pending_off timer
11-23 23:20:56.196  1011  1189 D ASH     : @ 124908.391: tcs3701: start power rail timer, state:3
11-23 23:20:56.204  9398  9434 I BatteryMgr:DataCollectionService: stats => 1700778056204,7934,4444,9765,4169000,100
11-23 23:20:56.205  9398  7861 I BatteryMgr:DataCollectionService: stats => 1700778056205,7934,4444,9765,4169000,100
11-23 23:20:56.236  1011  1189 I ASH     : @ 124908.431: tcs3701: stop power rail pending_off timer
11-23 23:20:56.236  1011  1189 D ASH     : @ 124908.431: tcs3701: start power rail timer, state:3
11-23 23:20:56.242  9398  7861 I BatteryMgr:DataCollectionService: stats => 1700778056242,7934,4444,9765,4169000,100
11-23 23:20:56.276  1011  1189 I ASH     : @ 124908.471: tcs3701: stop power rail pending_off timer
11-23 23:20:56.276  1011  1189 D ASH     : @ 124908.471: tcs3701: start power rail timer, state:3
11-23 23:20:56.308  9398  7861 I BatteryMgr:DataCollectionService: stats => 1700778056308,7934,4444,9765,4169000,100
11-23 23:20:56.308  9398  9434 I BatteryMgr:DataCollectionService: stats => 1700778056308,7934,4444,9765,4169000,100
11-23 23:20:56.317  1011  1189 I ASH     : @ 124908.511: tcs3701: stop power rail pending_off timer
11-23 23:20:56.317  1011  1189 D ASH     : @ 124908.511: tcs3701: start power rail timer, state:3
11-23 23:20:56.347  9398  9434 I BatteryMgr:DataCollectionService: stats => 1700778056347,7934,4444,9765,4169000,100
11-23 23:20:56.356  1011  1189 I ASH     : @ 124908.551: tcs3701: stop power rail pending_off timer
11-23 23:20:56.356  1011  1189 D ASH     : @ 124908.551: tcs3701: start power rail timer, state:3
11-23 23:20:56.396  1011  1189 I ASH     : @ 124908.591: tcs3701: stop power rail pending_off timer
11-23 23:20:56.396  1011  1189 D ASH     : @ 124908.591: tcs3701: start power rail timer, state:3
11-23 23:20:56.413  3875  4327 E humd    : (REDACTED) Trace %s timed out after %d ms. Complete trace: %s
11-23 23:20:56.413  3875  4327 E humd    : hunp: 
11-23 23:20:56.413  3875  4327 E humd    : 	at tk_trace.ContentRenderInfoFactory#create(Started After:1)
11-23 23:20:56.414  9398  9434 I BatteryMgr:DataCollectionService: stats => 1700778056414,7934,4444,9765,4169000,100
11-23 23:20:56.415  9398  7861 I BatteryMgr:DataCollectionService: stats => 1700778056415,7934,4444,9765,4169000,100
11-23 23:20:56.436  1011  1189 I ASH     : @ 124908.631: tcs3701: stop power rail pending_off timer
11-23 23:20:56.436  1011  1189 D ASH     : @ 124908.631: tcs3701: start power rail timer, state:3
11-23 23:20:56.452  9398  7861 I BatteryMgr:DataCollectionService: stats => 1700778056452,7934,4444,9765,4169000,100
11-23 23:20:56.477  1011  1189 I ASH     : @ 124908.671: tcs3701: stop power rail pending_off timer
11-23 23:20:56.477  1011  1189 D ASH     : @ 124908.671: tcs3701: start power rail timer, state:3
11-23 23:20:56.516  1011  1189 I ASH     : @ 124908.711: tcs3701: stop power rail pending_off timer
11-23 23:20:56.516  1011  1189 D ASH     : @ 124908.711: tcs3701: start power rail timer, state:3
11-23 23:20:56.518  9398  9434 I BatteryMgr:DataCollectionService: stats => 1700778056517,7934,4444,9765,4169000,100
11-23 23:20:56.518  9398  7861 I BatteryMgr:DataCollectionService: stats => 1700778056518,7934,4444,9765,4169000,100
11-23 23:20:56.556  1011  1189 I ASH     : @ 124908.751: tcs3701: stop power rail pending_off timer
11-23 23:20:56.556  1011  1189 D ASH     : @ 124908.751: tcs3701: start power rail timer, state:3
11-23 23:20:56.557  9398  7861 I BatteryMgr:DataCollectionService: stats => 1700778056557,7934,4444,9765,4169000,100
11-23 23:20:56.591  1795  3745 D ActivityManager: freezer override set to true
11-23 23:20:56.595  1795  3745 D ActivityManager: freezer override set to false
11-23 23:20:56.596  1011  1189 I ASH     : @ 124908.791: tcs3701: stop power rail pending_off timer
11-23 23:20:56.596  1011  1189 D ASH     : @ 124908.791: tcs3701: start power rail timer, state:3
11-23 23:20:56.623  9398  7861 I BatteryMgr:DataCollectionService: stats => 1700778056623,7934,4444,9765,4169000,100
11-23 23:20:56.624  9398  9434 I BatteryMgr:DataCollectionService: stats => 1700778056624,7934,4444,9765,4169000,100
11-23 23:20:56.636  1011  1189 I ASH     : @ 124908.831: tcs3701: stop power rail pending_off timer
11-23 23:20:56.636  1011  1189 D ASH     : @ 124908.831: tcs3701: start power rail timer, state:3
11-23 23:20:56.661  9398  9434 I BatteryMgr:DataCollectionService: stats => 1700778056661,7934,4444,9765,4169000,100
11-23 23:20:56.676  1011  1189 I ASH     : @ 124908.871: tcs3701: stop power rail pending_off timer
11-23 23:20:56.676  1011  1189 D ASH     : @ 124908.871: tcs3701: start power rail timer, state:3
11-23 23:20:56.716  1011  1189 I ASH     : @ 124908.911: tcs3701: stop power rail pending_off timer
11-23 23:20:56.716  1011  1189 D ASH     : @ 124908.911: tcs3701: start power rail timer, state:3
11-23 23:20:56.728  9398  7861 I BatteryMgr:DataCollectionService: stats => 1700778056728,7934,4444,9765,4169000,100
11-23 23:20:56.729  9398  9434 I BatteryMgr:DataCollectionService: stats => 1700778056729,7934,4444,9765,4169000,100
11-23 23:20:56.756  1011  1189 I ASH     : @ 124908.951: tcs3701: stop power rail pending_off timer
11-23 23:20:56.756  1011  1189 D ASH     : @ 124908.951: tcs3701: start power rail timer, state:3
11-23 23:20:56.765  9398  9434 I BatteryMgr:DataCollectionService: stats => 1700778056765,7934,4444,9765,4169000,100
11-23 23:20:56.796  1011  1189 I ASH     : @ 124908.991: tcs3701: stop power rail pending_off timer
11-23 23:20:56.797  1011  1189 D ASH     : @ 124908.991: tcs3701: start power rail timer, state:3
11-23 23:20:56.835  9398  7861 I BatteryMgr:DataCollectionService: stats => 1700778056834,7934,4444,9765,4169000,100
11-23 23:20:56.836  9398  9434 I BatteryMgr:DataCollectionService: stats => 1700778056836,7934,4444,9765,4169000,100
11-23 23:20:56.836  1011  1189 I ASH     : @ 124909.031: tcs3701: stop power rail pending_off timer
11-23 23:20:56.836  1011  1189 D ASH     : @ 124909.031: tcs3701: start power rail timer, state:3
11-23 23:20:56.871  9398  9434 I BatteryMgr:DataCollectionService: stats => 1700778056871,7934,4444,9765,4169000,100
11-23 23:20:56.876  1011  1189 I ASH     : @ 124909.071: tcs3701: stop power rail pending_off timer
11-23 23:20:56.876  1011  1189 D ASH     : @ 124909.071: tcs3701: start power rail timer, state:3
11-23 23:20:56.914  1795  2424 D WifiClientModeImpl[13802:wlan0]: updateLinkLayerStatsRssiSpeedFrequencyCapabilities rssi=-47 TxLinkspeed=780 freq=5240 RxLinkSpeed=866
11-23 23:20:56.914  1795  2424 D WifiDataStall: tx tput in kbps: 616535
11-23 23:20:56.914  1795  2424 D WifiDataStall: rx tput in kbps: 720539
11-23 23:20:56.914  1795  2424 V WifiConfigManager: Updating scan detail cache freq=5240 BSSID=f4:6d:2f:12:cc:88 RSSI=-46 for "ourhome"WPA_PSK
11-23 23:20:56.914  1795  2424 D WifiChannelUtilization:  freq: 5240 onTime: 4136152 busyTime: 445816 onTimeDiff: 761360 busyTimeDiff: 130117 utilization: 43 utilization t0: 27
11-23 23:20:56.914  1795  2424 D WifiDataStall:  ccaLevel = 43
11-23 23:20:56.914  1795  2424 D WifiDataStall: L2 txTputKbps: 629514, rxTputKbps: 720539, L3 txTputKbps: 25, rxTputKbps: 108, TxTrafficHigh: true, RxTrafficHigh: true, Throughput Sufficient: true
11-23 23:20:56.914  3213  8092 V WifiManager: OnWifiUsabilityStatsListener: onWifiUsabilityStats: seqNum=41215
11-23 23:20:56.915  1795  2424 D WifiScoreReport: Wifi scoring disabled - Don't check IP layer
11-23 23:20:56.915  1795  2424 D WifiScoreCard: BSSID update SIGNAL_POLL ID: 1320464697 SSID: "ourhome", BSSID: f4:6d:2f:12:cc:88, MAC: b2:2f:ec:da:4a:0c, IP: /192.168.1.104, Security type: 2, Supplicant state: COMPLETED, Wi-Fi standard: 5, RSSI: -47, Link speed: 780Mbps, Tx Link speed: 780Mbps, Max Supported Tx Link speed: 866Mbps, Rx Link speed: 866Mbps, Max Supported Rx Link speed: 866Mbps, Frequency: 5240MHz, Net ID: 12, Metered hint: false, score: 60, isUsable: true, CarrierMerged: false, SubscriptionId: -1, IsPrimary: 1, Trusted: true, Restricted: false, Ephemeral: false, OEM paid: false, OEM private: false, OSU AP: false, FQDN: <none>, Provider friendly name: <none>, Requesting package name: <none>"ourhome"wpa2-pskMLO Information: , Is TID-To-Link negotiation supported by the AP: false, AP MLD Address: <none>, AP MLO Link Id: <none>, AP MLO Affiliated links: <none>
11-23 23:20:56.915  1795  2424 D WifiScoreCard: txRate: 10 txSpeed: 780
11-23 23:20:56.915  1795  2424 D WifiScoreCard: network update SIGNAL_POLL "ourhome" ID: 1499892569 RSSI -47 txSpeed 780
