11-27 01:36:51.908  1011  1189 I ASH     : @ 392264.079: tcs3701: stop power rail pending_off timer
11-27 01:36:51.908  1011  1189 D ASH     : @ 392264.079: tcs3701: start power rail timer, state:3
11-27 01:36:51.948  8427   913 I BatteryMgr:DataCollectionService: stats => 1701045411948,9155,4442,2136,4169000,100
11-27 01:36:51.948  1011  1189 I ASH     : @ 392264.119: tcs3701: stop power rail pending_off timer
11-27 01:36:51.948  1011  1189 D ASH     : @ 392264.119: tcs3701: start power rail timer, state:3
11-27 01:36:51.989  1011  1189 I ASH     : @ 392264.159: tcs3701: stop power rail pending_off timer
11-27 01:36:51.989  1011  1189 D ASH     : @ 392264.159: tcs3701: start power rail timer, state:3
11-27 01:36:51.998  8427   913 I BatteryMgr:DataCollectionService: stats => 1701045411998,9155,4442,2136,4169000,100
11-27 01:36:52.008  1795  2387 D ActivityManager: freezer override set to true
11-27 01:36:52.028  1011  1189 I ASH     : @ 392264.199: tcs3701: stop power rail pending_off timer
11-27 01:36:52.029  1011  1189 D ASH     : @ 392264.199: tcs3701: start power rail timer, state:3
11-27 01:36:52.040  2113  2118 I pixel-thermal: skin-therm-monitor: 39.224
11-27 01:36:52.054  8427   913 I BatteryMgr:DataCollectionService: stats => 1701045412054,9155,4442,2136,4169000,100
11-27 01:36:52.068  1011  1189 I ASH     : @ 392264.239: tcs3701: stop power rail pending_off timer
11-27 01:36:52.069  1011  1189 D ASH     : @ 392264.239: tcs3701: start power rail timer, state:3
11-27 01:36:52.105  8427   913 I BatteryMgr:DataCollectionService: stats => 1701045412105,9155,4442,2136,4169000,100
11-27 01:36:52.109  1011  1189 I ASH     : @ 392264.279: tcs3701: stop power rail pending_off timer
11-27 01:36:52.109  1011  1189 D ASH     : @ 392264.279: tcs3701: start power rail timer, state:3
11-27 01:36:52.149  1011  1189 I ASH     : @ 392264.319: tcs3701: stop power rail pending_off timer
11-27 01:36:52.149  1011  1189 D ASH     : @ 392264.319: tcs3701: start power rail timer, state:3
11-27 01:36:52.157  8427   913 I BatteryMgr:DataCollectionService: stats => 1701045412157,12207,4442,2136,4169000,100
11-27 01:36:52.188  1011  1189 I ASH     : @ 392264.359: tcs3701: stop power rail pending_off timer
11-27 01:36:52.189  1011  1189 D ASH     : @ 392264.359: tcs3701: start power rail timer, state:3
11-27 01:36:52.208  8427   913 I BatteryMgr:DataCollectionService: stats => 1701045412208,12207,4442,2136,4169000,100
11-27 01:36:52.229  1011  1189 I ASH     : @ 392264.399: tcs3701: stop power rail pending_off timer
11-27 01:36:52.229  1011  1189 D ASH     : @ 392264.399: tcs3701: start power rail timer, state:3
11-27 01:36:52.256 24333 24379 I m.chrome.canary: Waiting for a blocking GC Explicit
11-27 01:36:52.268  1011  1189 I ASH     : @ 392264.439: tcs3701: stop power rail pending_off timer
11-27 01:36:52.269  1011  1189 D ASH     : @ 392264.439: tcs3701: start power rail timer, state:3
11-27 01:36:52.280  8427   913 I BatteryMgr:DataCollectionService: stats => 1701045412280,12207,4442,2136,4169000,100
11-27 01:36:52.309  1011  1189 I ASH     : @ 392264.479: tcs3701: stop power rail pending_off timer
11-27 01:36:52.309  1011  1189 D ASH     : @ 392264.479: tcs3701: start power rail timer, state:3
11-27 01:36:52.314  8427   913 I BatteryMgr:DataCollectionService: stats => 1701045412314,12207,4442,2136,4169000,100
11-27 01:36:52.348  1011  1189 I ASH     : @ 392264.519: tcs3701: stop power rail pending_off timer
11-27 01:36:52.349  1011  1189 D ASH     : @ 392264.519: tcs3701: start power rail timer, state:3
11-27 01:36:52.365 24333 24344 I m.chrome.canary: Background young concurrent copying GC freed 2313464(43MB) AllocSpace objects, 6(184KB) LOS objects, 73% free, 15MB/57MB, paused 4.031ms,83us total 159.187ms
11-27 01:36:52.369 24333 24379 I m.chrome.canary: WaitForGcToComplete blocked Explicit on Background for 112.430ms
11-27 01:36:52.384  8427   913 I BatteryMgr:DataCollectionService: stats => 1701045412384,12207,4442,2136,4169000,100
11-27 01:36:52.388  1011  1189 I ASH     : @ 392264.559: tcs3701: stop power rail pending_off timer
11-27 01:36:52.388  1011  1189 D ASH     : @ 392264.559: tcs3701: start power rail timer, state:3
11-27 01:36:52.416  8427   913 I BatteryMgr:DataCollectionService: stats => 1701045412416,12207,4442,2136,4169000,100
11-27 01:36:52.428  1011  1189 I ASH     : @ 392264.599: tcs3701: stop power rail pending_off timer
11-27 01:36:52.428  1011  1189 D ASH     : @ 392264.599: tcs3701: start power rail timer, state:3
11-27 01:36:52.469  1011  1189 I ASH     : @ 392264.639: tcs3701: stop power rail pending_off timer
11-27 01:36:52.470  1011  1189 D ASH     : @ 392264.639: tcs3701: start power rail timer, state:3
11-27 01:36:52.493  8427   913 I BatteryMgr:DataCollectionService: stats => 1701045412493,12207,4442,2136,4169000,100
11-27 01:36:52.508  1011  1189 I ASH     : @ 392264.679: tcs3701: stop power rail pending_off timer
11-27 01:36:52.508  1011  1189 D ASH     : @ 392264.679: tcs3701: start power rail timer, state:3
11-27 01:36:52.521  8427   913 I BatteryMgr:DataCollectionService: stats => 1701045412521,12207,4442,2136,4169000,100
11-27 01:36:52.548  1011  1189 I ASH     : @ 392264.719: tcs3701: stop power rail pending_off timer
11-27 01:36:52.548  1011  1189 D ASH     : @ 392264.719: tcs3701: start power rail timer, state:3
11-27 01:36:52.557 24333 24379 I m.chrome.canary: Explicit concurrent copying GC freed 120707(2502KB) AllocSpace objects, 1(20KB) LOS objects, 75% free, 19MB/76MB, paused 145us,26us total 188.281ms
11-27 01:36:52.558 24333 24344 I m.chrome.canary: WaitForGcToComplete blocked HeapTrim on Explicit for 141.212ms
11-27 01:36:52.588  1011  1189 I ASH     : @ 392264.759: tcs3701: stop power rail pending_off timer
11-27 01:36:52.588  1011  1189 D ASH     : @ 392264.759: tcs3701: start power rail timer, state:3
11-27 01:36:52.598  8427   913 I BatteryMgr:DataCollectionService: stats => 1701045412598,12207,4442,2136,4169000,100
11-27 01:36:52.627  8427   913 I BatteryMgr:DataCollectionService: stats => 1701045412627,12207,4442,2136,4169000,100
11-27 01:36:52.628  1011  1189 I ASH     : @ 392264.799: tcs3701: stop power rail pending_off timer
11-27 01:36:52.628  1011  1189 D ASH     : @ 392264.799: tcs3701: start power rail timer, state:3
11-27 01:36:52.668  1011  1189 I ASH     : @ 392264.839: tcs3701: stop power rail pending_off timer
11-27 01:36:52.668  1011  1189 D ASH     : @ 392264.839: tcs3701: start power rail timer, state:3
11-27 01:36:52.670  1795  2387 D ActivityManager: freezer override set to false
11-27 01:36:52.682  1795  2387 D ActivityManager: freezer override set to true
11-27 01:36:52.686  1795  2387 D ActivityManager: freezer override set to false
11-27 01:36:52.708  1011  1189 I ASH     : @ 392264.879: tcs3701: stop power rail pending_off timer
11-27 01:36:52.709  1011  1189 D ASH     : @ 392264.879: tcs3701: start power rail timer, state:3
11-27 01:36:52.716  8427   913 I BatteryMgr:DataCollectionService: stats => 1701045412716,12207,4442,2136,4169000,100
11-27 01:36:52.735  8427   913 I BatteryMgr:DataCollectionService: stats => 1701045412735,12207,4442,2136,4169000,100
11-27 01:36:52.739  1795  2387 D ActivityManager: freezer override set to true
11-27 01:36:52.748  1795  2387 D ActivityManager: freezer override set to false
11-27 01:36:52.749  1011  1189 I ASH     : @ 392264.919: tcs3701: stop power rail pending_off timer
11-27 01:36:52.749  1011  1189 D ASH     : @ 392264.919: tcs3701: start power rail timer, state:3
11-27 01:36:52.788  1011  1189 I ASH     : @ 392264.959: tcs3701: stop power rail pending_off timer
11-27 01:36:52.789  1011  1189 D ASH     : @ 392264.959: tcs3701: start power rail timer, state:3
11-27 01:36:52.812  1795  2387 D ActivityManager: freezer override set to true
11-27 01:36:52.823  1795  2387 D ActivityManager: freezer override set to false
11-27 01:36:52.828  1011  1189 I ASH     : @ 392264.999: tcs3701: stop power rail pending_off timer
11-27 01:36:52.828  1011  1189 D ASH     : @ 392264.999: tcs3701: start power rail timer, state:3
11-27 01:36:52.850  8427  8467 I BatteryMgr:DataCollectionService: stats => 1701045412850,12207,4442,2136,4169000,100
11-27 01:36:52.851  8427   913 I BatteryMgr:DataCollectionService: stats => 1701045412851,12207,4442,2136,4169000,100
11-27 01:36:52.869  1011  1189 I ASH     : @ 392265.039: tcs3701: stop power rail pending_off timer
11-27 01:36:52.869  1011  1189 D ASH     : @ 392265.039: tcs3701: start power rail timer, state:3
11-27 01:36:52.908  1011  1189 I ASH     : @ 392265.079: tcs3701: stop power rail pending_off timer
11-27 01:36:52.909  1011  1189 D ASH     : @ 392265.079: tcs3701: start power rail timer, state:3
11-27 01:36:52.951  1011  1189 I ASH     : @ 392265.119: tcs3701: stop power rail pending_off timer
11-27 01:36:52.951  1011  1189 D ASH     : @ 392265.119: tcs3701: start power rail timer, state:3
11-27 01:36:52.954  8427  8467 I BatteryMgr:DataCollectionService: stats => 1701045412954,12207,4442,2136,4169000,100
11-27 01:36:52.955  8427  8469 I BatteryMgr:DataCollectionService: stats => 1701045412955,12207,4442,2136,4169000,100
11-27 01:36:52.988  1011  1189 I ASH     : @ 392265.159: tcs3701: stop power rail pending_off timer
11-27 01:36:52.988  1011  1189 D ASH     : @ 392265.159: tcs3701: start power rail timer, state:3
11-27 01:36:53.029  1011  1189 I ASH     : @ 392265.199: tcs3701: stop power rail pending_off timer
11-27 01:36:53.029  1011  1189 D ASH     : @ 392265.199: tcs3701: start power rail timer, state:3
11-27 01:36:53.063  8427  8469 I BatteryMgr:DataCollectionService: stats => 1701045413063,12207,4442,2136,4169000,100
11-27 01:36:53.063  8427  8467 I BatteryMgr:DataCollectionService: stats => 1701045413063,12207,4442,2136,4169000,100
11-27 01:36:53.068  1011  1189 I ASH     : @ 392265.239: tcs3701: stop power rail pending_off timer
11-27 01:36:53.068  1011  1189 D ASH     : @ 392265.239: tcs3701: start power rail timer, state:3
11-27 01:36:53.108  1011  1189 I ASH     : @ 392265.279: tcs3701: stop power rail pending_off timer
11-27 01:36:53.109  1011  1189 D ASH     : @ 392265.279: tcs3701: start power rail timer, state:3
11-27 01:36:53.149  1011  1189 I ASH     : @ 392265.319: tcs3701: stop power rail pending_off timer
11-27 01:36:53.149  1011  1189 D ASH     : @ 392265.319: tcs3701: start power rail timer, state:3
11-27 01:36:53.173  8427  8469 I BatteryMgr:DataCollectionService: stats => 1701045413173,12207,4442,2136,4169000,100
11-27 01:36:53.175  8427  8467 I BatteryMgr:DataCollectionService: stats => 1701045413174,12207,4442,2136,4169000,100
11-27 01:36:53.176  1795  3789 D ActivityManager: freezer override set to true
11-27 01:36:53.189  1011  1189 I ASH     : @ 392265.359: tcs3701: stop power rail pending_off timer
11-27 01:36:53.189  1011  1189 D ASH     : @ 392265.359: tcs3701: start power rail timer, state:3
11-27 01:36:53.229  1011  1189 I ASH     : @ 392265.399: tcs3701: stop power rail pending_off timer
11-27 01:36:53.229  1011  1189 D ASH     : @ 392265.399: tcs3701: start power rail timer, state:3
11-27 01:36:53.268  1011  1189 I ASH     : @ 392265.439: tcs3701: stop power rail pending_off timer
11-27 01:36:53.269  1011  1189 D ASH     : @ 392265.439: tcs3701: start power rail timer, state:3
11-27 01:36:53.278  8427  8467 I BatteryMgr:DataCollectionService: stats => 1701045413278,12207,4442,2136,4169000,100
11-27 01:36:53.286  8427  8469 I BatteryMgr:DataCollectionService: stats => 1701045413286,12207,4442,2136,4169000,100
11-27 01:36:53.308  1011  1189 I ASH     : @ 392265.479: tcs3701: stop power rail pending_off timer
11-27 01:36:53.308  1011  1189 D ASH     : @ 392265.479: tcs3701: start power rail timer, state:3
11-27 01:36:53.348  1011  1189 I ASH     : @ 392265.519: tcs3701: stop power rail pending_off timer
11-27 01:36:53.348  1011  1189 D ASH     : @ 392265.519: tcs3701: start power rail timer, state:3
11-27 01:36:53.382  8427  8469 I BatteryMgr:DataCollectionService: stats => 1701045413382,12207,4442,2136,4169000,100
11-27 01:36:53.388  1011  1189 I ASH     : @ 392265.559: tcs3701: stop power rail pending_off timer
11-27 01:36:53.389  1011  1189 D ASH     : @ 392265.559: tcs3701: start power rail timer, state:3
11-27 01:36:53.392  8427  8469 I BatteryMgr:DataCollectionService: stats => 1701045413392,12207,4442,2136,4169000,100
11-27 01:36:53.403  1795  2735 W JobScheduler: Job didn't exist in JobStore: b735a66 #u0a202/1034 com.google.android.apps.photos/com.google.android.libraries.social.mediamonitor.MediaMonitorJobSchedulerService
11-27 01:36:53.429  1011  1189 I ASH     : @ 392265.599: tcs3701: stop power rail pending_off timer
11-27 01:36:53.429  1011  1189 D ASH     : @ 392265.599: tcs3701: start power rail timer, state:3
11-27 01:36:53.469  1011  1189 I ASH     : @ 392265.639: tcs3701: stop power rail pending_off timer
11-27 01:36:53.469  1011  1189 D ASH     : @ 392265.639: tcs3701: start power rail timer, state:3
11-27 01:36:53.484  8427  8469 I BatteryMgr:DataCollectionService: stats => 1701045413484,12207,4442,2136,4169000,100
11-27 01:36:53.488  1795  2735 W UriGrantsManagerService: No permission grants found for com.google.android.apps.photos
11-27 01:36:53.496  8427  8469 I BatteryMgr:DataCollectionService: stats => 1701045413496,12207,4442,2136,4169000,100
11-27 01:36:53.502  1795  2387 W UriGrantsManagerService: No permission grants found for com.google.android.apps.photos
11-27 01:36:53.508  1011  1189 I ASH     : @ 392265.679: tcs3701: stop power rail pending_off timer
11-27 01:36:53.508  1011  1189 D ASH     : @ 392265.679: tcs3701: start power rail timer, state:3
11-27 01:36:53.548  1011  1189 I ASH     : @ 392265.719: tcs3701: stop power rail pending_off timer
11-27 01:36:53.548  1011  1189 D ASH     : @ 392265.719: tcs3701: start power rail timer, state:3
11-27 01:36:53.575 24333 24379 I m.chrome.canary: Explicit concurrent copying GC freed 1322345(24MB) AllocSpace objects, 4(80KB) LOS objects, 75% free, 17MB/69MB, paused 121us,27us total 164.551ms
11-27 01:36:53.588  1011  1189 I ASH     : @ 392265.759: tcs3701: stop power rail pending_off timer
11-27 01:36:53.588  1011  1189 D ASH     : @ 392265.759: tcs3701: start power rail timer, state:3
11-27 01:36:53.593  8427  8469 I BatteryMgr:DataCollectionService: stats => 1701045413593,12207,4442,2136,4169000,100
11-27 01:36:53.600  8427  8469 I BatteryMgr:DataCollectionService: stats => 1701045413600,12207,4442,2136,4169000,100
11-27 01:36:53.628  1011  1189 I ASH     : @ 392265.799: tcs3701: stop power rail pending_off timer
11-27 01:36:53.628  1011  1189 D ASH     : @ 392265.799: tcs3701: start power rail timer, state:3
11-27 01:36:53.669  1011  1189 I ASH     : @ 392265.839: tcs3701: stop power rail pending_off timer
11-27 01:36:53.669  1011  1189 D ASH     : @ 392265.839: tcs3701: start power rail timer, state:3
11-27 01:36:53.698  8427  8469 I BatteryMgr:DataCollectionService: stats => 1701045413698,12207,4442,2136,4169000,100
11-27 01:36:53.708  1011  1189 I ASH     : @ 392265.879: tcs3701: stop power rail pending_off timer
11-27 01:36:53.708  1011  1189 D ASH     : @ 392265.879: tcs3701: start power rail timer, state:3
11-27 01:36:53.716  1795  2735 W UriGrantsManagerService: No permission grants found for com.google.android.apps.photos
11-27 01:36:53.719  1795  2387 D ActivityManager: freezer override set to false
11-27 01:36:53.734  1795  2387 W UriGrantsManagerService: No permission grants found for com.google.android.apps.photos
11-27 01:36:53.736  8427  8469 I BatteryMgr:DataCollectionService: stats => 1701045413736,12207,4442,2136,4169000,100
11-27 01:36:53.748  1011  1189 I ASH     : @ 392265.919: tcs3701: stop power rail pending_off timer
11-27 01:36:53.748  1011  1189 D ASH     : @ 392265.919: tcs3701: start power rail timer, state:3
11-27 01:36:53.789  1011  1189 I ASH     : @ 392265.959: tcs3701: stop power rail pending_off timer
11-27 01:36:53.789  1011  1189 D ASH     : @ 392265.959: tcs3701: start power rail timer, state:3
11-27 01:36:53.789  1795  2735 D ActivityManager: freezer override set to true
11-27 01:36:53.792  1795  2735 D ActivityManager: freezer override set to false
11-27 01:36:53.806  8427  8469 I BatteryMgr:DataCollectionService: stats => 1701045413806,12207,4442,2136,4169000,100
11-27 01:36:53.828  1011  1189 I ASH     : @ 392265.999: tcs3701: stop power rail pending_off timer
11-27 01:36:53.828  1011  1189 D ASH     : @ 392265.999: tcs3701: start power rail timer, state:3
11-27 01:36:53.848  8427  8469 I BatteryMgr:DataCollectionService: stats => 1701045413848,12207,4442,2136,4169000,100
11-27 01:36:53.861  1795  3789 W UriGrantsManagerService: No permission grants found for com.google.android.apps.photos
11-27 01:36:53.870  1011  1189 I ASH     : @ 392266.039: tcs3701: stop power rail pending_off timer
11-27 01:36:53.870  1011  1189 D ASH     : @ 392266.039: tcs3701: start power rail timer, state:3
11-27 01:36:53.898  1795  2735 D ActivityManager: freezer override set to true
11-27 01:36:53.903  1795  2735 D ActivityManager: freezer override set to false
11-27 01:36:53.906  1795  2735 W UriGrantsManagerService: No permission grants found for com.google.android.apps.photos
11-27 01:36:53.908  1011  1189 I ASH     : @ 392266.079: tcs3701: stop power rail pending_off timer
11-27 01:36:53.909  1011  1189 D ASH     : @ 392266.079: tcs3701: start power rail timer, state:3
11-27 01:36:53.918  8427  8469 I BatteryMgr:DataCollectionService: stats => 1701045413918,12207,4442,2136,4169000,100
11-27 01:36:53.949  1011  1189 I ASH     : @ 392266.119: tcs3701: stop power rail pending_off timer
11-27 01:36:53.949  1011  1189 D ASH     : @ 392266.119: tcs3701: start power rail timer, state:3
11-27 01:36:53.966  8427  8469 I BatteryMgr:DataCollectionService: stats => 1701045413966,12207,4442,2136,4169000,100
11-27 01:36:53.988  1011  1189 I ASH     : @ 392266.159: tcs3701: stop power rail pending_off timer
11-27 01:36:53.989  1011  1189 D ASH     : @ 392266.159: tcs3701: start power rail timer, state:3
11-27 01:36:54.022  8427  8469 I BatteryMgr:DataCollectionService: stats => 1701045414022,12207,4442,2136,4169000,100
11-27 01:36:54.029  1011  1189 I ASH     : @ 392266.199: tcs3701: stop power rail pending_off timer
11-27 01:36:54.029  1011  1189 D ASH     : @ 392266.199: tcs3701: start power rail timer, state:3
11-27 01:36:54.069  1011  1189 I ASH     : @ 392266.239: tcs3701: stop power rail pending_off timer
11-27 01:36:54.069  1011  1189 D ASH     : @ 392266.239: tcs3701: start power rail timer, state:3
11-27 01:36:54.075  8427  8469 I BatteryMgr:DataCollectionService: stats => 1701045414075,12207,4442,2136,4169000,100
11-27 01:36:54.109  1011  1189 I ASH     : @ 392266.279: tcs3701: stop power rail pending_off timer
11-27 01:36:54.109  1011  1189 D ASH     : @ 392266.279: tcs3701: start power rail timer, state:3
11-27 01:36:54.138  8427  8469 I BatteryMgr:DataCollectionService: stats => 1701045414138,12207,4442,2136,4169000,100
11-27 01:36:54.148  1011  1189 I ASH     : @ 392266.319: tcs3701: stop power rail pending_off timer
11-27 01:36:54.149  1011  1189 D ASH     : @ 392266.319: tcs3701: start power rail timer, state:3
11-27 01:36:54.188  1011  1189 I ASH     : @ 392266.359: tcs3701: stop power rail pending_off timer
11-27 01:36:54.188  1011  1189 D ASH     : @ 392266.359: tcs3701: start power rail timer, state:3
11-27 01:36:54.191  8427  8469 I BatteryMgr:DataCollectionService: stats => 1701045414191,12207,4442,2136,4169000,100
11-27 01:36:54.229  1011  1189 I ASH     : @ 392266.399: tcs3701: stop power rail pending_off timer
11-27 01:36:54.229  1011  1189 D ASH     : @ 392266.399: tcs3701: start power rail timer, state:3
11-27 01:36:54.240  2113  2118 I pixel-thermal: skin-therm-monitor: 39.203
11-27 01:36:54.250  8427  8469 I BatteryMgr:DataCollectionService: stats => 1701045414250,12207,4442,2136,4169000,100
11-27 01:36:54.268  1011  1189 I ASH     : @ 392266.439: tcs3701: stop power rail pending_off timer
11-27 01:36:54.269  1011  1189 D ASH     : @ 392266.439: tcs3701: start power rail timer, state:3
11-27 01:36:54.270  1795  2387 D ActivityManager: freezer override set to true
11-27 01:36:54.298  8427  8469 I BatteryMgr:DataCollectionService: stats => 1701045414298,12207,4442,2136,4169000,100
11-27 01:36:54.308  1011  1189 I ASH     : @ 392266.479: tcs3701: stop power rail pending_off timer
11-27 01:36:54.308  1011  1189 D ASH     : @ 392266.479: tcs3701: start power rail timer, state:3
11-27 01:36:54.348  1011  1189 I ASH     : @ 392266.519: tcs3701: stop power rail pending_off timer
11-27 01:36:54.349  1011  1189 D ASH     : @ 392266.519: tcs3701: start power rail timer, state:3
11-27 01:36:54.356  8427  8469 I BatteryMgr:DataCollectionService: stats => 1701045414356,12207,4442,2136,4169000,100
11-27 01:36:54.388  1011  1189 I ASH     : @ 392266.559: tcs3701: stop power rail pending_off timer
11-27 01:36:54.388  1011  1189 D ASH     : @ 392266.559: tcs3701: start power rail timer, state:3
11-27 01:36:54.404  8427  8469 I BatteryMgr:DataCollectionService: stats => 1701045414404,12207,4442,2136,4169000,100
11-27 01:36:54.413 24333 24487 I m.chrome.canary: Explicit concurrent copying GC freed 711378(14MB) AllocSpace objects, 9(232KB) LOS objects, 75% free, 14MB/58MB, paused 74us,23us total 77.602ms
11-27 01:36:54.428  1011  1189 I ASH     : @ 392266.599: tcs3701: stop power rail pending_off timer
11-27 01:36:54.429  1011  1189 D ASH     : @ 392266.599: tcs3701: start power rail timer, state:3
11-27 01:36:54.463  8427  8469 I BatteryMgr:DataCollectionService: stats => 1701045414463,12207,4442,2136,4169000,100
11-27 01:36:54.469  1011  1189 I ASH     : @ 392266.639: tcs3701: stop power rail pending_off timer
11-27 01:36:54.469  1011  1189 D ASH     : @ 392266.639: tcs3701: start power rail timer, state:3
11-27 01:36:54.479  1795  2387 D ActivityManager: freezer override set to false
11-27 01:36:54.508  1011  1189 I ASH     : @ 392266.679: tcs3701: stop power rail pending_off timer
11-27 01:36:54.508  1011  1189 D ASH     : @ 392266.679: tcs3701: start power rail timer, state:3
11-27 01:36:54.513  1795  2735 D ActivityManager: freezer override set to true
11-27 01:36:54.514  8427  8469 I BatteryMgr:DataCollectionService: stats => 1701045414514,12207,4442,2136,4169000,100
11-27 01:36:54.516  1795  2735 D ActivityManager: freezer override set to false
11-27 01:36:54.548  1011  1189 I ASH     : @ 392266.719: tcs3701: stop power rail pending_off timer
11-27 01:36:54.548  1011  1189 D ASH     : @ 392266.719: tcs3701: start power rail timer, state:3
11-27 01:36:54.560  1795  2735 D ActivityManager: freezer override set to true
11-27 01:36:54.569  8427  8469 I BatteryMgr:DataCollectionService: stats => 1701045414569,12207,4442,2136,4169000,100
11-27 01:36:54.570  1795  2735 D ActivityManager: freezer override set to false
11-27 01:36:54.577  1795  2735 D ActivityManager: freezer override set to true
11-27 01:36:54.581  1795  2735 D ActivityManager: freezer override set to false
11-27 01:36:54.588  1011  1189 I ASH     : @ 392266.759: tcs3701: stop power rail pending_off timer
11-27 01:36:54.589  1011  1189 D ASH     : @ 392266.759: tcs3701: start power rail timer, state:3
11-27 01:36:54.617  8427  8469 I BatteryMgr:DataCollectionService: stats => 1701045414617,12207,4442,2136,4169000,100
11-27 01:36:54.628  1011  1189 I ASH     : @ 392266.799: tcs3701: stop power rail pending_off timer
11-27 01:36:54.629  1011  1189 D ASH     : @ 392266.799: tcs3701: start power rail timer, state:3
11-27 01:36:54.668  1011  1189 I ASH     : @ 392266.839: tcs3701: stop power rail pending_off timer
11-27 01:36:54.668  1011  1189 D ASH     : @ 392266.839: tcs3701: start power rail timer, state:3
11-27 01:36:54.679  8427  8469 I BatteryMgr:DataCollectionService: stats => 1701045414679,12207,4442,2136,4169000,100
11-27 01:36:54.709  1011  1189 I ASH     : @ 392266.879: tcs3701: stop power rail pending_off timer
11-27 01:36:54.709  1011  1189 D ASH     : @ 392266.879: tcs3701: start power rail timer, state:3
11-27 01:36:54.726  8427  8469 I BatteryMgr:DataCollectionService: stats => 1701045414726,12207,4442,2136,4169000,100
11-27 01:36:54.748  1011  1189 I ASH     : @ 392266.919: tcs3701: stop power rail pending_off timer
11-27 01:36:54.749  1011  1189 D ASH     : @ 392266.919: tcs3701: start power rail timer, state:3
11-27 01:36:54.788  1011  1189 I ASH     : @ 392266.959: tcs3701: stop power rail pending_off timer
11-27 01:36:54.788  1011  1189 D ASH     : @ 392266.959: tcs3701: start power rail timer, state:3
11-27 01:36:54.792  8427  8469 I BatteryMgr:DataCollectionService: stats => 1701045414792,12207,4442,2136,4169000,100
11-27 01:36:54.797  1795  2424 D WifiClientModeImpl[13802:wlan0]: updateLinkLayerStatsRssiSpeedFrequencyCapabilities rssi=-46 TxLinkspeed=866 freq=5240 RxLinkSpeed=866
11-27 01:36:54.800  1795  2424 D WifiDataStall: tx tput in kbps: 771281
11-27 01:36:54.800  1795  2424 D WifiDataStall: rx tput in kbps: 771281
11-27 01:36:54.800  1795  2424 V WifiConfigManager: Updating scan detail cache freq=5240 BSSID=f4:6d:2f:12:cc:88 RSSI=-45 for "ourhome"WPA_PSK
11-27 01:36:54.801  1795  2424 D WifiChannelUtilization:  freq: 5240 onTime: 11338116 busyTime: 1047715 onTimeDiff: 1690260 busyTimeDiff: 191229 utilization: 28 utilization t0: 23
11-27 01:36:54.801  1795  2424 D WifiDataStall:  ccaLevel = 28
11-27 01:36:54.801  1795  2424 D WifiDataStall: L2 txTputKbps: 732717, rxTputKbps: 771281, L3 txTputKbps: 0, rxTputKbps: 1, TxTrafficHigh: false, RxTrafficHigh: false, Throughput Sufficient: true
11-27 01:36:54.801  1795  2424 D WifiScoreReport: Wifi scoring disabled - Don't check IP layer
11-27 01:36:54.801  2673  2693 V WifiManager: OnWifiUsabilityStatsListener: onWifiUsabilityStats: seqNum=101554
11-27 01:36:54.801  1795  2424 D WifiScoreCard: BSSID update SIGNAL_POLL ID: 1320464697 SSID: "ourhome", BSSID: f4:6d:2f:12:cc:88, MAC: b2:2f:ec:da:4a:0c, IP: /192.168.1.104, Security type: 2, Supplicant state: COMPLETED, Wi-Fi standard: 5, RSSI: -46, Link speed: 866Mbps, Tx Link speed: 866Mbps, Max Supported Tx Link speed: 866Mbps, Rx Link speed: 866Mbps, Max Supported Rx Link speed: 866Mbps, Frequency: 5240MHz, Net ID: 12, Metered hint: false, score: 60, isUsable: true, CarrierMerged: false, SubscriptionId: -1, IsPrimary: 1, Trusted: true, Restricted: false, Ephemeral: false, OEM paid: false, OEM private: false, OSU AP: false, FQDN: <none>, Provider friendly name: <none>, Requesting package name: <none>"ourhome"wpa2-pskMLO Information: , Is TID-To-Link negotiation supported by the AP: false, AP MLD Address: <none>, AP MLO Link Id: <none>, AP MLO Affiliated links: <none>
11-27 01:36:54.801  1795  2424 D WifiScoreCard: txRate: 7 txSpeed: 866
11-27 01:36:54.801  1795  2424 D WifiScoreCard: network update SIGNAL_POLL "ourhome" ID: 1499892569 RSSI -46 txSpeed 866
11-27 01:36:54.801  1795  2424 D WifiClientModeImpl[13802:wlan0]:  ClientModeImpl$L2ConnectedState screen=on 37 0 "ourhome" f4:6d:2f:12:cc:88 rssi=-46 f=5240 sc=60 link=866 tx=6.7, 0.0, 0.0 rx=4.4 bcn=3715988 [on:56 tx:0 rx:1 period:3015] from screen [on:1702135 period:32980087] score=60
11-27 01:36:54.801  1795  2735 I WifiService: updateWifiUsabilityScore uid=10180 seqNum=101554 score=100 predictionHorizonSec=1441795
11-27 01:36:54.801  2782  5906 D QCNEJ/WlanStaInfoRelay: Received action: android.net.wifi.RSSI_CHANGED
11-27 01:36:54.803  1795  2424 D WifiScoreReport: Wifi scoring disabled - Notify that Wifi is usable
11-27 01:36:54.805  1795  2432 D ConnectivityService: NetReassign [no changes] [c 0] [a 0] [i 1]
11-27 01:36:54.829  1011  1189 I ASH     : @ 392266.999: tcs3701: stop power rail pending_off timer
11-27 01:36:54.830  1011  1189 D ASH     : @ 392266.999: tcs3701: start power rail timer, state:3
11-27 01:36:54.833  8427  8469 I BatteryMgr:DataCollectionService: stats => 1701045414833,12207,4442,2136,4169000,100
11-27 01:36:54.868  1011  1189 I ASH     : @ 392267.039: tcs3701: stop power rail pending_off timer
11-27 01:36:54.868  1011  1189 D ASH     : @ 392267.039: tcs3701: start power rail timer, state:3
11-27 01:36:54.897  8427  8469 I BatteryMgr:DataCollectionService: stats => 1701045414897,12207,4442,2136,4169000,100
11-27 01:36:54.908  1011  1189 I ASH     : @ 392267.079: tcs3701: stop power rail pending_off timer
11-27 01:36:54.908  1011  1189 D ASH     : @ 392267.079: tcs3701: start power rail timer, state:3
11-27 01:36:54.939  8427  8469 I BatteryMgr:DataCollectionService: stats => 1701045414939,12207,4442,2136,4169000,100
11-27 01:36:54.948  1011  1189 I ASH     : @ 392267.119: tcs3701: stop power rail pending_off timer
11-27 01:36:54.948  1011  1189 D ASH     : @ 392267.119: tcs3701: start power rail timer, state:3
11-27 01:36:54.988  1011  1189 I ASH     : @ 392267.159: tcs3701: stop power rail pending_off timer
11-27 01:36:54.988  1011  1189 D ASH     : @ 392267.159: tcs3701: start power rail timer, state:3
11-27 01:36:55.006  8427  8469 I BatteryMgr:DataCollectionService: stats => 1701045415006,12207,4442,2136,4169000,100
11-27 01:36:55.028  1011  1189 I ASH     : @ 392267.199: tcs3701: stop power rail pending_off timer
11-27 01:36:55.028  1011  1189 D ASH     : @ 392267.199: tcs3701: start power rail timer, state:3
11-27 01:36:55.044  8427  8469 I BatteryMgr:DataCollectionService: stats => 1701045415044,12207,4442,2136,4169000,100
11-27 01:36:55.068  1011  1189 I ASH     : @ 392267.239: tcs3701: stop power rail pending_off timer
11-27 01:36:55.069  1011  1189 D ASH     : @ 392267.239: tcs3701: start power rail timer, state:3
11-27 01:36:55.108  1011  1189 I ASH     : @ 392267.279: tcs3701: stop power rail pending_off timer
11-27 01:36:55.108  1011  1189 D ASH     : @ 392267.279: tcs3701: start power rail timer, state:3
11-27 01:36:55.112  8427  8469 I BatteryMgr:DataCollectionService: stats => 1701045415112,12207,4442,2136,4169000,100
11-27 01:36:55.148  1011  1189 I ASH     : @ 392267.319: tcs3701: stop power rail pending_off timer
11-27 01:36:55.148  1011  1189 D ASH     : @ 392267.319: tcs3701: start power rail timer, state:3
11-27 01:36:55.149  8427  8469 I BatteryMgr:DataCollectionService: stats => 1701045415149,12207,4442,2136,4169000,100
11-27 01:36:55.188  1011  1189 I ASH     : @ 392267.359: tcs3701: stop power rail pending_off timer
11-27 01:36:55.188  1011  1189 D ASH     : @ 392267.359: tcs3701: start power rail timer, state:3
11-27 01:36:55.218  8427  8469 I BatteryMgr:DataCollectionService: stats => 1701045415217,12207,4442,2136,4169000,100
11-27 01:36:55.228  1011  1189 I ASH     : @ 392267.399: tcs3701: stop power rail pending_off timer
11-27 01:36:55.228  1011  1189 D ASH     : @ 392267.399: tcs3701: start power rail timer, state:3
11-27 01:36:55.256  8427  8469 I BatteryMgr:DataCollectionService: stats => 1701045415256,12207,4442,2136,4169000,100
11-27 01:36:55.268  1011  1189 I ASH     : @ 392267.439: tcs3701: stop power rail pending_off timer
11-27 01:36:55.269  1011  1189 D ASH     : @ 392267.439: tcs3701: start power rail timer, state:3
11-27 01:36:55.309  1011  1189 I ASH     : @ 392267.479: tcs3701: stop power rail pending_off timer
11-27 01:36:55.309  1011  1189 D ASH     : @ 392267.479: tcs3701: start power rail timer, state:3
11-27 01:36:55.346  8427  8469 I BatteryMgr:DataCollectionService: stats => 1701045415346,12207,4442,2136,4169000,100
11-27 01:36:55.348  1011  1189 I ASH     : @ 392267.519: tcs3701: stop power rail pending_off timer
11-27 01:36:55.348  1011  1189 D ASH     : @ 392267.519: tcs3701: start power rail timer, state:3
11-27 01:36:55.367  8427  8469 I BatteryMgr:DataCollectionService: stats => 1701045415367,12207,4442,2136,4169000,100
11-27 01:36:55.388  1011  1189 I ASH     : @ 392267.559: tcs3701: stop power rail pending_off timer
11-27 01:36:55.389  1011  1189 D ASH     : @ 392267.559: tcs3701: start power rail timer, state:3
11-27 01:36:55.429  1011  1189 I ASH     : @ 392267.599: tcs3701: stop power rail pending_off timer
11-27 01:36:55.429  1011  1189 D ASH     : @ 392267.599: tcs3701: start power rail timer, state:3
11-27 01:36:55.451  8427  8469 I BatteryMgr:DataCollectionService: stats => 1701045415451,12207,4442,2136,4169000,100
11-27 01:36:55.468  1011  1189 I ASH     : @ 392267.639: tcs3701: stop power rail pending_off timer
11-27 01:36:55.469  1011  1189 D ASH     : @ 392267.639: tcs3701: start power rail timer, state:3
11-27 01:36:55.477  8427  8469 I BatteryMgr:DataCollectionService: stats => 1701045415477,12207,4442,2136,4169000,100
11-27 01:36:55.509  1011  1189 I ASH     : @ 392267.679: tcs3701: stop power rail pending_off timer
11-27 01:36:55.509  1011  1189 D ASH     : @ 392267.679: tcs3701: start power rail timer, state:3
11-27 01:36:55.549  1011  1189 I ASH     : @ 392267.719: tcs3701: stop power rail pending_off timer
11-27 01:36:55.549  1011  1189 D ASH     : @ 392267.719: tcs3701: start power rail timer, state:3
11-27 01:36:55.561  8427  8469 I BatteryMgr:DataCollectionService: stats => 1701045415561,12207,4442,2136,4169000,100
11-27 01:36:55.586  8427  8469 I BatteryMgr:DataCollectionService: stats => 1701045415586,12207,4442,2136,4169000,100
11-27 01:36:55.589  1011  1189 I ASH     : @ 392267.759: tcs3701: stop power rail pending_off timer
11-27 01:36:55.589  1011  1189 D ASH     : @ 392267.759: tcs3701: start power rail timer, state:3
11-27 01:36:55.599  1795  2735 D ActivityManager: freezer override set to true
11-27 01:36:55.607  1795  2735 D ActivityManager: freezer override set to false
11-27 01:36:55.628  1011  1189 I ASH     : @ 392267.799: tcs3701: stop power rail pending_off timer
11-27 01:36:55.629  1011  1189 D ASH     : @ 392267.799: tcs3701: start power rail timer, state:3
11-27 01:36:55.668  8427  8469 I BatteryMgr:DataCollectionService: stats => 1701045415668,12207,4442,2136,4169000,100
11-27 01:36:55.669  1011  1189 I ASH     : @ 392267.839: tcs3701: stop power rail pending_off timer
11-27 01:36:55.669  1011  1189 D ASH     : @ 392267.839: tcs3701: start power rail timer, state:3
11-27 01:36:55.690  8427  8469 I BatteryMgr:DataCollectionService: stats => 1701045415690,12207,4442,2136,4169000,100
11-27 01:36:55.709  1011  1189 I ASH     : @ 392267.879: tcs3701: stop power rail pending_off timer
11-27 01:36:55.709  1011  1189 D ASH     : @ 392267.879: tcs3701: start power rail timer, state:3
11-27 01:36:55.736  1795  2735 D ActivityManager: freezer override set to true
11-27 01:36:55.750  1011  1189 I ASH     : @ 392267.919: tcs3701: stop power rail pending_off timer
11-27 01:36:55.750  1011  1189 D ASH     : @ 392267.919: tcs3701: start power rail timer, state:3
11-27 01:36:55.774  8427  8469 I BatteryMgr:DataCollectionService: stats => 1701045415774,12207,4442,2136,4169000,100
11-27 01:36:55.785 24333 24394 W chromium: [WARNING:ev_root_ca_metadata.cc(119)] Not implemented
11-27 01:36:55.785 24333 24394 W chromium: [WARNING:ev_root_ca_metadata.cc(119)] Not implemented
11-27 01:36:55.789  1011  1189 I ASH     : @ 392267.959: tcs3701: stop power rail pending_off timer
11-27 01:36:55.789  1011  1189 D ASH     : @ 392267.959: tcs3701: start power rail timer, state:3
11-27 01:36:55.800  8427  8469 I BatteryMgr:DataCollectionService: stats => 1701045415800,12207,4442,2136,4169000,100
11-27 01:36:55.829  1011  1189 I ASH     : @ 392267.999: tcs3701: stop power rail pending_off timer
11-27 01:36:55.829  1011  1189 D ASH     : @ 392267.999: tcs3701: start power rail timer, state:3
11-27 01:36:55.868  1011  1189 I ASH     : @ 392268.039: tcs3701: stop power rail pending_off timer
11-27 01:36:55.869  1011  1189 D ASH     : @ 392268.039: tcs3701: start power rail timer, state:3
11-27 01:36:55.878  8427  8469 I BatteryMgr:DataCollectionService: stats => 1701045415878,12207,4442,2136,4169000,100
11-27 01:36:55.908  1011  1189 I ASH     : @ 392268.079: tcs3701: stop power rail pending_off timer
11-27 01:36:55.908  1011  1189 D ASH     : @ 392268.079: tcs3701: start power rail timer, state:3
11-27 01:36:55.913  8427  8469 I BatteryMgr:DataCollectionService: stats => 1701045415913,12207,4442,2136,4169000,100
11-27 01:36:55.948  1011  1189 I ASH     : @ 392268.119: tcs3701: stop power rail pending_off timer
11-27 01:36:55.948  1011  1189 D ASH     : @ 392268.119: tcs3701: start power rail timer, state:3
11-27 01:36:55.970 24333 24487 I m.chrome.canary: Explicit concurrent copying GC freed 5819(264KB) AllocSpace objects, 5(100KB) LOS objects, 75% free, 14MB/57MB, paused 84us,52us total 182.093ms
11-27 01:36:55.982  8427  8469 I BatteryMgr:DataCollectionService: stats => 1701045415982,12207,4442,2136,4169000,100
11-27 01:36:55.988  1011  1189 I ASH     : @ 392268.159: tcs3701: stop power rail pending_off timer
11-27 01:36:55.988  1011  1189 D ASH     : @ 392268.159: tcs3701: start power rail timer, state:3
11-27 01:36:56.020  8427  8469 I BatteryMgr:DataCollectionService: stats => 1701045416020,12207,4442,2136,4169000,100
11-27 01:36:56.028  1011  1189 I ASH     : @ 392268.199: tcs3701: stop power rail pending_off timer
11-27 01:36:56.028  1011  1189 D ASH     : @ 392268.199: tcs3701: start power rail timer, state:3
11-27 01:36:56.068  1011  1189 I ASH     : @ 392268.239: tcs3701: stop power rail pending_off timer
11-27 01:36:56.068  1011  1189 D ASH     : @ 392268.239: tcs3701: start power rail timer, state:3
11-27 01:36:56.094  8427  8469 I BatteryMgr:DataCollectionService: stats => 1701045416094,12207,4442,2136,4169000,100
11-27 01:36:56.108  1011  1189 I ASH     : @ 392268.279: tcs3701: stop power rail pending_off timer
11-27 01:36:56.108  1011  1189 D ASH     : @ 392268.279: tcs3701: start power rail timer, state:3
11-27 01:36:56.127  8427  8469 I BatteryMgr:DataCollectionService: stats => 1701045416127,12207,4442,2136,4169000,100
11-27 01:36:56.148  1011  1189 I ASH     : @ 392268.319: tcs3701: stop power rail pending_off timer
11-27 01:36:56.149  1011  1189 D ASH     : @ 392268.319: tcs3701: start power rail timer, state:3
11-27 01:36:56.188  1011  1189 I ASH     : @ 392268.359: tcs3701: stop power rail pending_off timer
11-27 01:36:56.188  1795  2735 D ActivityManager: freezer override set to false
11-27 01:36:56.188  1011  1189 D ASH     : @ 392268.359: tcs3701: start power rail timer, state:3
11-27 01:36:56.201  8427  8469 I BatteryMgr:DataCollectionService: stats => 1701045416201,12207,4442,2136,4169000,100
11-27 01:36:56.228  1011  1189 I ASH     : @ 392268.399: tcs3701: stop power rail pending_off timer
11-27 01:36:56.228  1011  1189 D ASH     : @ 392268.399: tcs3701: start power rail timer, state:3
11-27 01:36:56.229  1795  2387 D ActivityManager: freezer override set to true
11-27 01:36:56.231  1795  2387 D ActivityManager: freezer override set to false
11-27 01:36:56.233  8427  8469 I BatteryMgr:DataCollectionService: stats => 1701045416233,12207,4442,2136,4169000,100
11-27 01:36:56.244  2113  2118 I pixel-thermal: skin-therm-monitor: 39.187
11-27 01:36:56.265  1795  2735 D ActivityManager: freezer override set to true
11-27 01:36:56.268  1795  2735 D ActivityManager: freezer override set to false
11-27 01:36:56.269  1011  1189 I ASH     : @ 392268.439: tcs3701: stop power rail pending_off timer
11-27 01:36:56.269  1011  1189 D ASH     : @ 392268.439: tcs3701: start power rail timer, state:3
11-27 01:36:56.307  8427  8469 I BatteryMgr:DataCollectionService: stats => 1701045416307,12207,4442,2136,4169000,100
11-27 01:36:56.310  1011  1189 I ASH     : @ 392268.479: tcs3701: stop power rail pending_off timer
11-27 01:36:56.310  1011  1189 D ASH     : @ 392268.479: tcs3701: start power rail timer, state:3
11-27 01:36:56.341  8427  8469 I BatteryMgr:DataCollectionService: stats => 1701045416341,12207,4442,2136,4169000,100
11-27 01:36:56.348  1011  1189 I ASH     : @ 392268.519: tcs3701: stop power rail pending_off timer
11-27 01:36:56.348  1011  1189 D ASH     : @ 392268.519: tcs3701: start power rail timer, state:3
11-27 01:36:56.388  1011  1189 I ASH     : @ 392268.559: tcs3701: stop power rail pending_off timer
11-27 01:36:56.389  1011  1189 D ASH     : @ 392268.559: tcs3701: start power rail timer, state:3
11-27 01:36:56.413  8427  8469 I BatteryMgr:DataCollectionService: stats => 1701045416412,12207,4442,2136,4169000,100
11-27 01:36:56.428  1011  1189 I ASH     : @ 392268.599: tcs3701: stop power rail pending_off timer
11-27 01:36:56.429  1011  1189 D ASH     : @ 392268.599: tcs3701: start power rail timer, state:3
11-27 01:36:56.447  8427  8469 I BatteryMgr:DataCollectionService: stats => 1701045416447,12207,4442,2136,4169000,100
11-27 01:36:56.468  1011  1189 I ASH     : @ 392268.639: tcs3701: stop power rail pending_off timer
11-27 01:36:56.468  1011  1189 D ASH     : @ 392268.639: tcs3701: start power rail timer, state:3
11-27 01:36:56.508  1011  1189 I ASH     : @ 392268.679: tcs3701: stop power rail pending_off timer
11-27 01:36:56.509  1011  1189 D ASH     : @ 392268.679: tcs3701: start power rail timer, state:3
11-27 01:36:56.519  8427  8469 I BatteryMgr:DataCollectionService: stats => 1701045416519,12207,4442,2136,4169000,100
11-27 01:36:56.549  1011  1189 I ASH     : @ 392268.719: tcs3701: stop power rail pending_off timer
11-27 01:36:56.549  1011  1189 D ASH     : @ 392268.719: tcs3701: start power rail timer, state:3
11-27 01:36:56.550  8427  8469 I BatteryMgr:DataCollectionService: stats => 1701045416550,12207,4442,2136,4169000,100
11-27 01:36:56.586  1795  2735 D ActivityManager: freezer override set to true
11-27 01:36:56.588  1011  1189 I ASH     : @ 392268.759: tcs3701: stop power rail pending_off timer
11-27 01:36:56.588  1011  1189 D ASH     : @ 392268.759: tcs3701: start power rail timer, state:3
11-27 01:36:56.590  1795  2735 D ActivityManager: freezer override set to false
11-27 01:36:56.624  8427  8469 I BatteryMgr:DataCollectionService: stats => 1701045416624,12207,4442,2136,4169000,100
11-27 01:36:56.628  1011  1189 I ASH     : @ 392268.799: tcs3701: stop power rail pending_off timer
11-27 01:36:56.628  1011  1189 D ASH     : @ 392268.799: tcs3701: start power rail timer, state:3
11-27 01:36:56.658  8427  8469 I BatteryMgr:DataCollectionService: stats => 1701045416658,12207,4442,2136,4169000,100
11-27 01:36:56.669  1011  1189 I ASH     : @ 392268.839: tcs3701: stop power rail pending_off timer
11-27 01:36:56.669  1011  1189 D ASH     : @ 392268.839: tcs3701: start power rail timer, state:3
11-27 01:36:56.708  1011  1189 I ASH     : @ 392268.879: tcs3701: stop power rail pending_off timer
11-27 01:36:56.708  1011  1189 D ASH     : @ 392268.879: tcs3701: start power rail timer, state:3
11-27 01:36:56.732  8427  8469 I BatteryMgr:DataCollectionService: stats => 1701045416732,12207,4442,2136,4169000,100
11-27 01:36:56.748  1011  1189 I ASH     : @ 392268.919: tcs3701: stop power rail pending_off timer
11-27 01:36:56.748  1011  1189 D ASH     : @ 392268.919: tcs3701: start power rail timer, state:3
11-27 01:36:56.768  8427  8469 I BatteryMgr:DataCollectionService: stats => 1701045416768,12207,4442,2136,4169000,100
11-27 01:36:56.789  1011  1189 I ASH     : @ 392268.959: tcs3701: stop power rail pending_off timer
11-27 01:36:56.789  1011  1189 D ASH     : @ 392268.959: tcs3701: start power rail timer, state:3
11-27 01:36:56.829  1011  1189 I ASH     : @ 392268.999: tcs3701: stop power rail pending_off timer
11-27 01:36:56.829  1011  1189 D ASH     : @ 392268.999: tcs3701: start power rail timer, state:3
11-27 01:36:56.837  8427  8469 I BatteryMgr:DataCollectionService: stats => 1701045416837,12207,4442,2136,4169000,100
11-27 01:36:56.869  1011  1189 I ASH     : @ 392269.039: tcs3701: stop power rail pending_off timer
11-27 01:36:56.869  1011  1189 D ASH     : @ 392269.039: tcs3701: start power rail timer, state:3
11-27 01:36:56.876  8427  8469 I BatteryMgr:DataCollectionService: stats => 1701045416876,12207,4442,2136,4169000,100
11-27 01:36:56.908  1011  1189 I ASH     : @ 392269.079: tcs3701: stop power rail pending_off timer
11-27 01:36:56.908  1011  1189 D ASH     : @ 392269.079: tcs3701: start power rail timer, state:3
11-27 01:36:56.943  8427  8469 I BatteryMgr:DataCollectionService: stats => 1701045416943,12207,4442,2136,4169000,100
11-27 01:36:56.948  1011  1189 I ASH     : @ 392269.119: tcs3701: stop power rail pending_off timer
11-27 01:36:56.948  1011  1189 D ASH     : @ 392269.119: tcs3701: start power rail timer, state:3
11-27 01:36:56.981  8427  8469 I BatteryMgr:DataCollectionService: stats => 1701045416981,12207,4442,2136,4169000,100
11-27 01:36:56.989  1011  1189 I ASH     : @ 392269.159: tcs3701: stop power rail pending_off timer
11-27 01:36:56.989  1011  1189 D ASH     : @ 392269.159: tcs3701: start power rail timer, state:3
11-27 01:36:57.028  1011  1189 I ASH     : @ 392269.199: tcs3701: stop power rail pending_off timer
11-27 01:36:57.028  1011  1189 D ASH     : @ 392269.199: tcs3701: start power rail timer, state:3
11-27 01:36:57.049  8427  8469 I BatteryMgr:DataCollectionService: stats => 1701045417049,12207,4442,2136,4169000,100
11-27 01:36:57.069  1011  1189 I ASH     : @ 392269.239: tcs3701: stop power rail pending_off timer
11-27 01:36:57.069  1011  1189 D ASH     : @ 392269.239: tcs3701: start power rail timer, state:3
11-27 01:36:57.086  8427  8469 I BatteryMgr:DataCollectionService: stats => 1701045417086,12207,4442,2136,4169000,100
11-27 01:36:57.108  1011  1189 I ASH     : @ 392269.279: tcs3701: stop power rail pending_off timer
11-27 01:36:57.108  1011  1189 D ASH     : @ 392269.279: tcs3701: start power rail timer, state:3
11-27 01:36:57.125  1795  2116 I UsageStatsService: User[0] Flushing usage stats to disk
11-27 01:36:57.149  1011  1189 I ASH     : @ 392269.319: tcs3701: stop power rail pending_off timer
11-27 01:36:57.149  1011  1189 D ASH     : @ 392269.319: tcs3701: start power rail timer, state:3
11-27 01:36:57.155  8427  8469 I BatteryMgr:DataCollectionService: stats => 1701045417155,12207,4442,2136,4169000,100
11-27 01:36:57.188  1011  1189 I ASH     : @ 392269.359: tcs3701: stop power rail pending_off timer
11-27 01:36:57.188  1011  1189 D ASH     : @ 392269.359: tcs3701: start power rail timer, state:3
11-27 01:36:57.190  8427  8469 I BatteryMgr:DataCollectionService: stats => 1701045417190,12207,4442,2136,4169000,100
11-27 01:36:57.229  1011  1189 I ASH     : @ 392269.399: tcs3701: stop power rail pending_off timer
11-27 01:36:57.229  1011  1189 D ASH     : @ 392269.399: tcs3701: start power rail timer, state:3
11-27 01:36:57.260  8427  8469 I BatteryMgr:DataCollectionService: stats => 1701045417260,12207,4442,2136,4169000,100
11-27 01:36:57.269  1011  1189 I ASH     : @ 392269.439: tcs3701: stop power rail pending_off timer
11-27 01:36:57.269  1011  1189 D ASH     : @ 392269.439: tcs3701: start power rail timer, state:3
11-27 01:36:57.296  8427  8469 I BatteryMgr:DataCollectionService: stats => 1701045417296,12207,4442,2136,4169000,100
11-27 01:36:57.309  1011  1189 I ASH     : @ 392269.479: tcs3701: stop power rail pending_off timer
11-27 01:36:57.309  1011  1189 D ASH     : @ 392269.479: tcs3701: start power rail timer, state:3
11-27 01:36:57.348  1011  1189 I ASH     : @ 392269.519: tcs3701: stop power rail pending_off timer
11-27 01:36:57.349  1011  1189 D ASH     : @ 392269.519: tcs3701: start power rail timer, state:3
11-27 01:36:57.366  8427  8469 I BatteryMgr:DataCollectionService: stats => 1701045417366,12207,4442,2136,4169000,100
11-27 01:36:57.389  1011  1189 I ASH     : @ 392269.559: tcs3701: stop power rail pending_off timer
11-27 01:36:57.389  1011  1189 D ASH     : @ 392269.559: tcs3701: start power rail timer, state:3
11-27 01:36:57.401  8427  8469 I BatteryMgr:DataCollectionService: stats => 1701045417401,12207,4442,2136,4169000,100
11-27 01:36:57.418  1795  3789 D ActivityManager: freezer override set to true
11-27 01:36:57.428  1011  1189 I ASH     : @ 392269.599: tcs3701: stop power rail pending_off timer
11-27 01:36:57.428  1011  1189 D ASH     : @ 392269.599: tcs3701: start power rail timer, state:3
11-27 01:36:57.469  1011  1189 I ASH     : @ 392269.639: tcs3701: stop power rail pending_off timer
11-27 01:36:57.469  1011  1189 D ASH     : @ 392269.639: tcs3701: start power rail timer, state:3
11-27 01:36:57.475  8427  8469 I BatteryMgr:DataCollectionService: stats => 1701045417475,12207,4442,2136,4169000,100
11-27 01:36:57.506  8427  8469 I BatteryMgr:DataCollectionService: stats => 1701045417506,12207,4442,2136,4169000,100
11-27 01:36:57.508  1011  1189 I ASH     : @ 392269.679: tcs3701: stop power rail pending_off timer
11-27 01:36:57.508  1011  1189 D ASH     : @ 392269.679: tcs3701: start power rail timer, state:3
11-27 01:36:57.538 24333 24487 I m.chrome.canary: Explicit concurrent copying GC freed 4125(225KB) AllocSpace objects, 6(184KB) LOS objects, 75% free, 14MB/57MB, paused 79us,25us total 66.275ms
11-27 01:36:57.548  1011  1189 I ASH     : @ 392269.719: tcs3701: stop power rail pending_off timer
11-27 01:36:57.549  1011  1189 D ASH     : @ 392269.719: tcs3701: start power rail timer, state:3
11-27 01:36:57.585  8427  8469 I BatteryMgr:DataCollectionService: stats => 1701045417585,12207,4442,2136,4169000,100
11-27 01:36:57.589  1011  1189 I ASH     : @ 392269.759: tcs3701: stop power rail pending_off timer
11-27 01:36:57.589  1011  1189 D ASH     : @ 392269.759: tcs3701: start power rail timer, state:3
11-27 01:36:57.613  8427  8469 I BatteryMgr:DataCollectionService: stats => 1701045417613,12207,4442,2136,4169000,100
11-27 01:36:57.615  1795  2387 D ActivityManager: freezer override set to false
11-27 01:36:57.628  1011  1189 I ASH     : @ 392269.798: tcs3701: stop power rail pending_off timer
11-27 01:36:57.629  1011  1189 D ASH     : @ 392269.799: tcs3701: start power rail timer, state:3
11-27 01:36:57.647  1795  2387 D ActivityManager: freezer override set to true
11-27 01:36:57.651  1795  2387 D ActivityManager: freezer override set to false
11-27 01:36:57.669  1011  1189 I ASH     : @ 392269.839: tcs3701: stop power rail pending_off timer
11-27 01:36:57.669  1011  1189 D ASH     : @ 392269.839: tcs3701: start power rail timer, state:3
11-27 01:36:57.684  1795  2387 D ActivityManager: freezer override set to true
