11-27 01:23:55.589  1011  1189 D ASH     : @ 391487.759: tcs3701: start power rail timer, state:3
11-27 01:23:55.628  1011  1189 I ASH     : @ 391487.799: tcs3701: stop power rail pending_off timer
11-27 01:23:55.628  1011  1189 D ASH     : @ 391487.799: tcs3701: start power rail timer, state:3
11-27 01:23:55.667  8427  8467 I BatteryMgr:DataCollectionService: stats => 1701044635666,13732,4442,2136,4169000,100
11-27 01:23:55.667  8427  8469 I BatteryMgr:DataCollectionService: stats => 1701044635667,13732,4442,2136,4169000,100
11-27 01:23:55.668  1011  1189 I ASH     : @ 391487.839: tcs3701: stop power rail pending_off timer
11-27 01:23:55.669  1011  1189 D ASH     : @ 391487.839: tcs3701: start power rail timer, state:3
11-27 01:23:55.708  1011  1189 I ASH     : @ 391487.879: tcs3701: stop power rail pending_off timer
11-27 01:23:55.709  1011  1189 D ASH     : @ 391487.879: tcs3701: start power rail timer, state:3
11-27 01:23:55.748  1011  1189 I ASH     : @ 391487.919: tcs3701: stop power rail pending_off timer
11-27 01:23:55.748  1011  1189 D ASH     : @ 391487.919: tcs3701: start power rail timer, state:3
11-27 01:23:55.771  8427  8467 I BatteryMgr:DataCollectionService: stats => 1701044635771,13732,4442,2136,4169000,100
11-27 01:23:55.772  8427  8469 I BatteryMgr:DataCollectionService: stats => 1701044635772,13732,4442,2136,4169000,100
11-27 01:23:55.789  1011  1189 I ASH     : @ 391487.959: tcs3701: stop power rail pending_off timer
11-27 01:23:55.789  1011  1189 D ASH     : @ 391487.959: tcs3701: start power rail timer, state:3
11-27 01:23:55.828  1011  1189 I ASH     : @ 391487.999: tcs3701: stop power rail pending_off timer
11-27 01:23:55.828  1011  1189 D ASH     : @ 391487.999: tcs3701: start power rail timer, state:3
11-27 01:23:55.869  1011  1189 I ASH     : @ 391488.039: tcs3701: stop power rail pending_off timer
11-27 01:23:55.870  1011  1189 D ASH     : @ 391488.039: tcs3701: start power rail timer, state:3
11-27 01:23:55.877  8427  8467 I BatteryMgr:DataCollectionService: stats => 1701044635877,13732,4442,2136,4169000,100
11-27 01:23:55.878  8427  8469 I BatteryMgr:DataCollectionService: stats => 1701044635878,13732,4442,2136,4169000,100
11-27 01:23:55.908  1011  1189 I ASH     : @ 391488.079: tcs3701: stop power rail pending_off timer
11-27 01:23:55.908  1011  1189 D ASH     : @ 391488.079: tcs3701: start power rail timer, state:3
11-27 01:23:55.949  1011  1189 I ASH     : @ 391488.119: tcs3701: stop power rail pending_off timer
11-27 01:23:55.949  1011  1189 D ASH     : @ 391488.119: tcs3701: start power rail timer, state:3
11-27 01:23:55.983  8427  8469 I BatteryMgr:DataCollectionService: stats => 1701044635983,13732,4442,2136,4169000,100
11-27 01:23:55.984  8427  8467 I BatteryMgr:DataCollectionService: stats => 1701044635984,13732,4442,2136,4169000,100
11-27 01:23:55.988  1011  1189 I ASH     : @ 391488.159: tcs3701: stop power rail pending_off timer
11-27 01:23:55.989  1011  1189 D ASH     : @ 391488.159: tcs3701: start power rail timer, state:3
11-27 01:23:56.028  1011  1189 I ASH     : @ 391488.199: tcs3701: stop power rail pending_off timer
11-27 01:23:56.028  1011  1189 D ASH     : @ 391488.199: tcs3701: start power rail timer, state:3
11-27 01:23:56.032  1795  3613 D ActivityManager: freezer override set to true
11-27 01:23:56.038  1795  3613 D ActivityManager: freezer override set to false
11-27 01:23:56.069  1011  1189 I ASH     : @ 391488.239: tcs3701: stop power rail pending_off timer
11-27 01:23:56.069  1011  1189 D ASH     : @ 391488.239: tcs3701: start power rail timer, state:3
11-27 01:23:56.088  8427  8467 I BatteryMgr:DataCollectionService: stats => 1701044636088,13732,4442,2136,4169000,100
11-27 01:23:56.089  8427  8469 I BatteryMgr:DataCollectionService: stats => 1701044636089,13732,4442,2136,4169000,100
11-27 01:23:56.109  1011  1189 I ASH     : @ 391488.279: tcs3701: stop power rail pending_off timer
11-27 01:23:56.109  1011  1189 D ASH     : @ 391488.279: tcs3701: start power rail timer, state:3
11-27 01:23:56.149  1011  1189 I ASH     : @ 391488.319: tcs3701: stop power rail pending_off timer
11-27 01:23:56.149  1011  1189 D ASH     : @ 391488.319: tcs3701: start power rail timer, state:3
11-27 01:23:56.189  1011  1189 I ASH     : @ 391488.359: tcs3701: stop power rail pending_off timer
11-27 01:23:56.189  1011  1189 D ASH     : @ 391488.359: tcs3701: start power rail timer, state:3
11-27 01:23:56.193  8427  8467 I BatteryMgr:DataCollectionService: stats => 1701044636193,13732,4442,2136,4169000,100
11-27 01:23:56.194  8427  8469 I BatteryMgr:DataCollectionService: stats => 1701044636194,13732,4442,2136,4169000,100
11-27 01:23:56.228  1011  1189 I ASH     : @ 391488.399: tcs3701: stop power rail pending_off timer
11-27 01:23:56.228  1011  1189 D ASH     : @ 391488.399: tcs3701: start power rail timer, state:3
11-27 01:23:56.269  1011  1189 I ASH     : @ 391488.439: tcs3701: stop power rail pending_off timer
11-27 01:23:56.269  1011  1189 D ASH     : @ 391488.439: tcs3701: start power rail timer, state:3
11-27 01:23:56.299  8427  8467 I BatteryMgr:DataCollectionService: stats => 1701044636299,13732,4442,2136,4169000,100
11-27 01:23:56.300  8427  8469 I BatteryMgr:DataCollectionService: stats => 1701044636300,13732,4442,2136,4169000,100
11-27 01:23:56.309  1011  1189 I ASH     : @ 391488.479: tcs3701: stop power rail pending_off timer
11-27 01:23:56.309  1011  1189 D ASH     : @ 391488.479: tcs3701: start power rail timer, state:3
11-27 01:23:56.348  1011  1189 I ASH     : @ 391488.519: tcs3701: stop power rail pending_off timer
11-27 01:23:56.349  1011  1189 D ASH     : @ 391488.519: tcs3701: start power rail timer, state:3
11-27 01:23:56.389  1011  1189 I ASH     : @ 391488.559: tcs3701: stop power rail pending_off timer
11-27 01:23:56.389  1011  1189 D ASH     : @ 391488.559: tcs3701: start power rail timer, state:3
11-27 01:23:56.405  8427  8467 I BatteryMgr:DataCollectionService: stats => 1701044636405,13732,4442,2136,4169000,100
11-27 01:23:56.408  8427  8469 I BatteryMgr:DataCollectionService: stats => 1701044636408,13732,4442,2136,4169000,100
11-27 01:23:56.428  1011  1189 I ASH     : @ 391488.599: tcs3701: stop power rail pending_off timer
11-27 01:23:56.428  1011  1189 D ASH     : @ 391488.599: tcs3701: start power rail timer, state:3
11-27 01:23:56.449  1795  3613 D ActivityManager: freezer override set to true
11-27 01:23:56.468  1011  1189 I ASH     : @ 391488.639: tcs3701: stop power rail pending_off timer
11-27 01:23:56.469  1011  1189 D ASH     : @ 391488.639: tcs3701: start power rail timer, state:3
11-27 01:23:56.508  1011  1189 I ASH     : @ 391488.679: tcs3701: stop power rail pending_off timer
11-27 01:23:56.508  1011  1189 D ASH     : @ 391488.679: tcs3701: start power rail timer, state:3
11-27 01:23:56.512  8427  8469 I BatteryMgr:DataCollectionService: stats => 1701044636512,13732,4442,2136,4169000,100
11-27 01:23:56.514  8427  8467 I BatteryMgr:DataCollectionService: stats => 1701044636514,13732,4442,2136,4169000,100
11-27 01:23:56.548  1011  1189 I ASH     : @ 391488.719: tcs3701: stop power rail pending_off timer
11-27 01:23:56.548  1011  1189 D ASH     : @ 391488.719: tcs3701: start power rail timer, state:3
11-27 01:23:56.551  3090  3109 I m.chrome.canary: Explicit concurrent copying GC freed 3839(192KB) AllocSpace objects, 4(80KB) LOS objects, 75% free, 14MB/58MB, paused 35us,23us total 60.982ms
11-27 01:23:56.588  1011  1189 I ASH     : @ 391488.759: tcs3701: stop power rail pending_off timer
11-27 01:23:56.589  1011  1189 D ASH     : @ 391488.759: tcs3701: start power rail timer, state:3
11-27 01:23:56.618  8427  8467 I BatteryMgr:DataCollectionService: stats => 1701044636618,13732,4442,2136,4169000,100
11-27 01:23:56.620  1795  3613 D ActivityManager: freezer override set to false
11-27 01:23:56.623  8427  8469 I BatteryMgr:DataCollectionService: stats => 1701044636623,13732,4442,2136,4169000,100
11-27 01:23:56.628  1011  1189 I ASH     : @ 391488.799: tcs3701: stop power rail pending_off timer
11-27 01:23:56.628  1011  1189 D ASH     : @ 391488.799: tcs3701: start power rail timer, state:3
11-27 01:23:56.668  1795  4169 D ActivityManager: freezer override set to true
11-27 01:23:56.668  1011  1189 I ASH     : @ 391488.839: tcs3701: stop power rail pending_off timer
11-27 01:23:56.668  1011  1189 D ASH     : @ 391488.839: tcs3701: start power rail timer, state:3
11-27 01:23:56.671  1795  4169 D ActivityManager: freezer override set to false
11-27 01:23:56.708  1011  1189 I ASH     : @ 391488.879: tcs3701: stop power rail pending_off timer
11-27 01:23:56.708  1011  1189 D ASH     : @ 391488.879: tcs3701: start power rail timer, state:3
11-27 01:23:56.710  1795  4169 D ActivityManager: freezer override set to true
11-27 01:23:56.713  1795  4169 D ActivityManager: freezer override set to false
11-27 01:23:56.723  8427  8469 I BatteryMgr:DataCollectionService: stats => 1701044636723,13732,4442,2136,4169000,100
11-27 01:23:56.726  8427  8469 I BatteryMgr:DataCollectionService: stats => 1701044636726,13732,4442,2136,4169000,100
11-27 01:23:56.735  1795  2424 D WifiClientModeImpl[13802:wlan0]: updateLinkLayerStatsRssiSpeedFrequencyCapabilities rssi=-44 TxLinkspeed=866 freq=5240 RxLinkSpeed=866
11-27 01:23:56.736  1795  2424 D WifiDataStall: tx tput in kbps: 729503
11-27 01:23:56.736  1795  2424 D WifiDataStall: rx tput in kbps: 767898
11-27 01:23:56.736  1795  2424 V WifiConfigManager: Updating scan detail cache freq=5240 BSSID=f4:6d:2f:12:cc:88 RSSI=-43 for "ourhome"WPA_PSK
11-27 01:23:56.736  1795  2424 D WifiChannelUtilization:  freq: 5240 onTime: 11304620 busyTime: 1045430 onTimeDiff: 1656764 busyTimeDiff: 188944 utilization: 29 utilization t0: 23
11-27 01:23:56.736  1795  2424 D WifiDataStall:  ccaLevel = 29
11-27 01:23:56.736  2782  5906 D QCNEJ/WlanStaInfoRelay: Received action: android.net.wifi.RSSI_CHANGED
11-27 01:23:56.736  1795  2424 D WifiDataStall: L2 txTputKbps: 729503, rxTputKbps: 767898, L3 txTputKbps: 0, rxTputKbps: 0, TxTrafficHigh: false, RxTrafficHigh: false, Throughput Sufficient: true
11-27 01:23:56.736  2673 16648 V WifiManager: OnWifiUsabilityStatsListener: onWifiUsabilityStats: seqNum=101296
11-27 01:23:56.737  1795  2424 D WifiScoreReport: Wifi scoring disabled - Don't check IP layer
11-27 01:23:56.737  1795  2424 D WifiScoreCard: BSSID update SIGNAL_POLL ID: 1320464697 SSID: "ourhome", BSSID: f4:6d:2f:12:cc:88, MAC: b2:2f:ec:da:4a:0c, IP: /192.168.1.104, Security type: 2, Supplicant state: COMPLETED, Wi-Fi standard: 5, RSSI: -44, Link speed: 866Mbps, Tx Link speed: 866Mbps, Max Supported Tx Link speed: 866Mbps, Rx Link speed: 866Mbps, Max Supported Rx Link speed: 866Mbps, Frequency: 5240MHz, Net ID: 12, Metered hint: false, score: 60, isUsable: true, CarrierMerged: false, SubscriptionId: -1, IsPrimary: 1, Trusted: true, Restricted: false, Ephemeral: false, OEM paid: false, OEM private: false, OSU AP: false, FQDN: <none>, Provider friendly name: <none>, Requesting package name: <none>"ourhome"wpa2-pskMLO Information: , Is TID-To-Link negotiation supported by the AP: false, AP MLD Address: <none>, AP MLO Link Id: <none>, AP MLO Affiliated links: <none>
11-27 01:23:56.737  1795  2424 D WifiScoreCard: txRate: 2 txSpeed: 866
11-27 01:23:56.737  1795  2424 D WifiScoreCard: network update SIGNAL_POLL "ourhome" ID: 1499892569 RSSI -44 txSpeed -1
11-27 01:23:56.737  1795  3613 I WifiService: updateWifiUsabilityScore uid=10180 seqNum=101296 score=100 predictionHorizonSec=1441795
11-27 01:23:56.737  2513  5404 V WifiManager: TrafficStateCallbackProxy: onStateChanged state=0
11-27 01:23:56.737  1795  2424 D WifiClientModeImpl[13802:wlan0]:  ClientModeImpl$L2ConnectedState screen=on 37 0 "ourhome" f4:6d:2f:12:cc:88 rssi=-44 f=5240 sc=60 link=866 tx=1.0, 0.0, 0.0 rx=1.0 bcn=3708407 [on:0 tx:0 rx:0 period:3013] from screen [on:1668639 period:32202023] score=60
11-27 01:23:56.738  1795  2424 D WifiScoreReport: Wifi scoring disabled - Notify that Wifi is usable
11-27 01:23:56.740  1795  2432 D ConnectivityService: NetReassign [no changes] [c 1] [a 0] [i 1]
11-27 01:23:56.749  1011  1189 I ASH     : @ 391488.919: tcs3701: stop power rail pending_off timer
11-27 01:23:56.749  1011  1189 D ASH     : @ 391488.919: tcs3701: start power rail timer, state:3
11-27 01:23:56.788  1011  1189 I ASH     : @ 391488.959: tcs3701: stop power rail pending_off timer
11-27 01:23:56.788  1011  1189 D ASH     : @ 391488.959: tcs3701: start power rail timer, state:3
11-27 01:23:56.828  8427  8469 I BatteryMgr:DataCollectionService: stats => 1701044636828,13732,4442,2136,4169000,100
11-27 01:23:56.828  1011  1189 I ASH     : @ 391488.999: tcs3701: stop power rail pending_off timer
11-27 01:23:56.828  1011  1189 D ASH     : @ 391488.999: tcs3701: start power rail timer, state:3
11-27 01:23:56.829  8427  8467 I BatteryMgr:DataCollectionService: stats => 1701044636829,13732,4442,2136,4169000,100
11-27 01:23:56.868  1011  1189 I ASH     : @ 391489.039: tcs3701: stop power rail pending_off timer
11-27 01:23:56.868  1011  1189 D ASH     : @ 391489.039: tcs3701: start power rail timer, state:3
11-27 01:23:56.908  1011  1189 I ASH     : @ 391489.079: tcs3701: stop power rail pending_off timer
11-27 01:23:56.908  1011  1189 D ASH     : @ 391489.079: tcs3701: start power rail timer, state:3
11-27 01:23:56.935  8427  8469 I BatteryMgr:DataCollectionService: stats => 1701044636935,13732,4442,2136,4169000,100
11-27 01:23:56.935  8427  8467 I BatteryMgr:DataCollectionService: stats => 1701044636935,13732,4442,2136,4169000,100
11-27 01:23:56.949  1011  1189 I ASH     : @ 391489.119: tcs3701: stop power rail pending_off timer
11-27 01:23:56.949  1011  1189 D ASH     : @ 391489.119: tcs3701: start power rail timer, state:3
11-27 01:23:56.989  1011  1189 I ASH     : @ 391489.159: tcs3701: stop power rail pending_off timer
11-27 01:23:56.989  1011  1189 D ASH     : @ 391489.159: tcs3701: start power rail timer, state:3
11-27 01:23:57.016  1795  4169 D ActivityManager: freezer override set to true
11-27 01:23:57.019  1795  4169 D ActivityManager: freezer override set to false
11-27 01:23:57.029  1011  1189 I ASH     : @ 391489.199: tcs3701: stop power rail pending_off timer
11-27 01:23:57.029  1011  1189 D ASH     : @ 391489.199: tcs3701: start power rail timer, state:3
11-27 01:23:57.041  8427  8467 I BatteryMgr:DataCollectionService: stats => 1701044637041,13732,4442,2136,4169000,100
11-27 01:23:57.041  8427  8469 I BatteryMgr:DataCollectionService: stats => 1701044637041,13732,4442,2136,4169000,100
11-27 01:23:57.068  1011  1189 I ASH     : @ 391489.239: tcs3701: stop power rail pending_off timer
11-27 01:23:57.068  1011  1189 D ASH     : @ 391489.239: tcs3701: start power rail timer, state:3
11-27 01:23:57.108  1011  1189 I ASH     : @ 391489.279: tcs3701: stop power rail pending_off timer
11-27 01:23:57.108  1011  1189 D ASH     : @ 391489.279: tcs3701: start power rail timer, state:3
11-27 01:23:57.146  8427  8467 I BatteryMgr:DataCollectionService: stats => 1701044637146,13732,4442,2136,4169000,100
11-27 01:23:57.147  8427  8469 I BatteryMgr:DataCollectionService: stats => 1701044637147,13732,4442,2136,4169000,100
11-27 01:23:57.148  1011  1189 I ASH     : @ 391489.319: tcs3701: stop power rail pending_off timer
11-27 01:23:57.148  1011  1189 D ASH     : @ 391489.319: tcs3701: start power rail timer, state:3
11-27 01:23:57.189  1011  1189 I ASH     : @ 391489.359: tcs3701: stop power rail pending_off timer
11-27 01:23:57.189  1011  1189 D ASH     : @ 391489.359: tcs3701: start power rail timer, state:3
11-27 01:23:57.228  1011  1189 I ASH     : @ 391489.399: tcs3701: stop power rail pending_off timer
11-27 01:23:57.229  1011  1189 D ASH     : @ 391489.399: tcs3701: start power rail timer, state:3
11-27 01:23:57.251  8427  8466 I BatteryMgr:DataCollectionService: stats => 1701044637251,13732,4442,2136,4169000,100
11-27 01:23:57.252  8427  8469 I BatteryMgr:DataCollectionService: stats => 1701044637252,13732,4442,2136,4169000,100
11-27 01:23:57.269  1011  1189 I ASH     : @ 391489.439: tcs3701: stop power rail pending_off timer
11-27 01:23:57.269  1011  1189 D ASH     : @ 391489.439: tcs3701: start power rail timer, state:3
11-27 01:23:57.308  1011  1189 I ASH     : @ 391489.479: tcs3701: stop power rail pending_off timer
11-27 01:23:57.308  1011  1189 D ASH     : @ 391489.479: tcs3701: start power rail timer, state:3
11-27 01:23:57.348  1011  1189 I ASH     : @ 391489.519: tcs3701: stop power rail pending_off timer
11-27 01:23:57.348  1011  1189 D ASH     : @ 391489.519: tcs3701: start power rail timer, state:3
11-27 01:23:57.357  8427  8469 I BatteryMgr:DataCollectionService: stats => 1701044637357,13732,4442,2136,4169000,100
11-27 01:23:57.358  8427  8466 I BatteryMgr:DataCollectionService: stats => 1701044637357,13732,4442,2136,4169000,100
11-27 01:23:57.388  1011  1189 I ASH     : @ 391489.559: tcs3701: stop power rail pending_off timer
11-27 01:23:57.388  1011  1189 D ASH     : @ 391489.559: tcs3701: start power rail timer, state:3
11-27 01:23:57.424  2113  2118 I pixel-thermal: skin-therm-monitor: 38.923
11-27 01:23:57.429  1011  1189 I ASH     : @ 391489.599: tcs3701: stop power rail pending_off timer
11-27 01:23:57.429  1011  1189 D ASH     : @ 391489.599: tcs3701: start power rail timer, state:3
11-27 01:23:57.461  8427  8469 I BatteryMgr:DataCollectionService: stats => 1701044637461,13732,4442,2136,4169000,100
11-27 01:23:57.462  8427  8466 I BatteryMgr:DataCollectionService: stats => 1701044637462,13732,4442,2136,4169000,100
11-27 01:23:57.469  1011  1189 I ASH     : @ 391489.639: tcs3701: stop power rail pending_off timer
11-27 01:23:57.469  1011  1189 D ASH     : @ 391489.639: tcs3701: start power rail timer, state:3
11-27 01:23:57.508  1011  1189 I ASH     : @ 391489.679: tcs3701: stop power rail pending_off timer
11-27 01:23:57.509  1011  1189 D ASH     : @ 391489.679: tcs3701: start power rail timer, state:3
11-27 01:23:57.549  1011  1189 I ASH     : @ 391489.719: tcs3701: stop power rail pending_off timer
11-27 01:23:57.549  1011  1189 D ASH     : @ 391489.719: tcs3701: start power rail timer, state:3
11-27 01:23:57.567  8427  8466 I BatteryMgr:DataCollectionService: stats => 1701044637567,13732,4442,2136,4169000,100
11-27 01:23:57.568  8427  8469 I BatteryMgr:DataCollectionService: stats => 1701044637568,13732,4442,2136,4169000,100
11-27 01:23:57.589  1011  1189 I ASH     : @ 391489.759: tcs3701: stop power rail pending_off timer
11-27 01:23:57.589  1011  1189 D ASH     : @ 391489.759: tcs3701: start power rail timer, state:3
11-27 01:23:57.628  1011  1189 I ASH     : @ 391489.799: tcs3701: stop power rail pending_off timer
11-27 01:23:57.628  1011  1189 D ASH     : @ 391489.799: tcs3701: start power rail timer, state:3
11-27 01:23:57.669  1011  1189 I ASH     : @ 391489.839: tcs3701: stop power rail pending_off timer
11-27 01:23:57.669  1011  1189 D ASH     : @ 391489.839: tcs3701: start power rail timer, state:3
11-27 01:23:57.672  8427  8467 I BatteryMgr:DataCollectionService: stats => 1701044637672,13732,4442,2136,4169000,100
11-27 01:23:57.673  8427  8469 I BatteryMgr:DataCollectionService: stats => 1701044637673,13732,4442,2136,4169000,100
11-27 01:23:57.708  1011  1189 I ASH     : @ 391489.879: tcs3701: stop power rail pending_off timer
11-27 01:23:57.708  1011  1189 D ASH     : @ 391489.879: tcs3701: start power rail timer, state:3
11-27 01:23:57.749  1011  1189 I ASH     : @ 391489.919: tcs3701: stop power rail pending_off timer
11-27 01:23:57.749  1011  1189 D ASH     : @ 391489.919: tcs3701: start power rail timer, state:3
11-27 01:23:57.779  8427  8469 I BatteryMgr:DataCollectionService: stats => 1701044637778,13732,4442,2136,4169000,100
11-27 01:23:57.780  8427  8467 I BatteryMgr:DataCollectionService: stats => 1701044637780,13732,4442,2136,4169000,100
11-27 01:23:57.788  1011  1189 I ASH     : @ 391489.959: tcs3701: stop power rail pending_off timer
11-27 01:23:57.788  1011  1189 D ASH     : @ 391489.959: tcs3701: start power rail timer, state:3
11-27 01:23:57.829  1011  1189 I ASH     : @ 391489.999: tcs3701: stop power rail pending_off timer
11-27 01:23:57.829  1011  1189 D ASH     : @ 391489.999: tcs3701: start power rail timer, state:3
11-27 01:23:57.848  1795  3613 D ActivityManager: freezer override set to true
11-27 01:23:57.869  1011  1189 I ASH     : @ 391490.039: tcs3701: stop power rail pending_off timer
11-27 01:23:57.869  1011  1189 D ASH     : @ 391490.039: tcs3701: start power rail timer, state:3
11-27 01:23:57.885  8427  8469 I BatteryMgr:DataCollectionService: stats => 1701044637885,13732,4442,2136,4169000,100
11-27 01:23:57.886  8427  8467 I BatteryMgr:DataCollectionService: stats => 1701044637886,13732,4442,2136,4169000,100
11-27 01:23:57.908  1011  1189 I ASH     : @ 391490.079: tcs3701: stop power rail pending_off timer
11-27 01:23:57.909  1011  1189 D ASH     : @ 391490.079: tcs3701: start power rail timer, state:3
11-27 01:23:57.949  1011  1189 I ASH     : @ 391490.119: tcs3701: stop power rail pending_off timer
11-27 01:23:57.949  1011  1189 D ASH     : @ 391490.119: tcs3701: start power rail timer, state:3
11-27 01:23:57.989  1011  1189 I ASH     : @ 391490.159: tcs3701: stop power rail pending_off timer
11-27 01:23:57.989  1011  1189 D ASH     : @ 391490.159: tcs3701: start power rail timer, state:3
11-27 01:23:57.990  3090  3109 I m.chrome.canary: Explicit concurrent copying GC freed 3825(192KB) AllocSpace objects, 4(80KB) LOS objects, 75% free, 14MB/58MB, paused 77us,24us total 57.513ms
11-27 01:23:57.992  8427  8469 I BatteryMgr:DataCollectionService: stats => 1701044637992,13732,4442,2136,4169000,100
11-27 01:23:57.993  8427  8467 I BatteryMgr:DataCollectionService: stats => 1701044637992,13732,4442,2136,4169000,100
11-27 01:23:58.029  1011  1189 I ASH     : @ 391490.199: tcs3701: stop power rail pending_off timer
11-27 01:23:58.029  1011  1189 D ASH     : @ 391490.199: tcs3701: start power rail timer, state:3
11-27 01:23:58.055  1795  4169 D ActivityManager: freezer override set to false
11-27 01:23:58.069  1011  1189 I ASH     : @ 391490.238: tcs3701: stop power rail pending_off timer
11-27 01:23:58.069  1011  1189 D ASH     : @ 391490.239: tcs3701: start power rail timer, state:3
11-27 01:23:58.096  8427  8467 I BatteryMgr:DataCollectionService: stats => 1701044638096,13732,4442,2136,4169000,100
11-27 01:23:58.097  8427  8469 I BatteryMgr:DataCollectionService: stats => 1701044638097,13732,4442,2136,4169000,100
11-27 01:23:58.108  1011  1189 I ASH     : @ 391490.279: tcs3701: stop power rail pending_off timer
11-27 01:23:58.109  1011  1189 D ASH     : @ 391490.279: tcs3701: start power rail timer, state:3
11-27 01:23:58.121  1795  4169 D ActivityManager: freezer override set to true
11-27 01:23:58.125  1795  4169 D ActivityManager: freezer override set to false
11-27 01:23:58.148  1011  1189 I ASH     : @ 391490.319: tcs3701: stop power rail pending_off timer
11-27 01:23:58.148  1011  1189 D ASH     : @ 391490.319: tcs3701: start power rail timer, state:3
11-27 01:23:58.162  1795  4169 D ActivityManager: freezer override set to true
11-27 01:23:58.165  1795  4169 D ActivityManager: freezer override set to false
11-27 01:23:58.188  1011  1189 I ASH     : @ 391490.359: tcs3701: stop power rail pending_off timer
11-27 01:23:58.188  1011  1189 D ASH     : @ 391490.359: tcs3701: start power rail timer, state:3
11-27 01:23:58.201  8427  8469 I BatteryMgr:DataCollectionService: stats => 1701044638201,13732,4442,2136,4169000,100
11-27 01:23:58.202  8427  8467 I BatteryMgr:DataCollectionService: stats => 1701044638202,13732,4442,2136,4169000,100
11-27 01:23:58.229  1011  1189 I ASH     : @ 391490.399: tcs3701: stop power rail pending_off timer
11-27 01:23:58.229  1011  1189 D ASH     : @ 391490.399: tcs3701: start power rail timer, state:3
11-27 01:23:58.268  1011  1189 I ASH     : @ 391490.439: tcs3701: stop power rail pending_off timer
11-27 01:23:58.268  1011  1189 D ASH     : @ 391490.439: tcs3701: start power rail timer, state:3
11-27 01:23:58.306  8427  8469 I BatteryMgr:DataCollectionService: stats => 1701044638306,13732,4442,2136,4169000,100
11-27 01:23:58.306  8427  8467 I BatteryMgr:DataCollectionService: stats => 1701044638306,13732,4442,2136,4169000,100
11-27 01:23:58.308  1011  1189 I ASH     : @ 391490.479: tcs3701: stop power rail pending_off timer
11-27 01:23:58.308  1011  1189 D ASH     : @ 391490.479: tcs3701: start power rail timer, state:3
11-27 01:23:58.349  1011  1189 I ASH     : @ 391490.519: tcs3701: stop power rail pending_off timer
11-27 01:23:58.349  1011  1189 D ASH     : @ 391490.519: tcs3701: start power rail timer, state:3
11-27 01:23:58.388  1011  1189 I ASH     : @ 391490.559: tcs3701: stop power rail pending_off timer
11-27 01:23:58.388  1011  1189 D ASH     : @ 391490.559: tcs3701: start power rail timer, state:3
11-27 01:23:58.411  8427  8467 I BatteryMgr:DataCollectionService: stats => 1701044638411,13732,4442,2136,4169000,100
11-27 01:23:58.411  8427  8469 I BatteryMgr:DataCollectionService: stats => 1701044638411,13732,4442,2136,4169000,100
11-27 01:23:58.428  1011  1189 I ASH     : @ 391490.599: tcs3701: stop power rail pending_off timer
11-27 01:23:58.428  1011  1189 D ASH     : @ 391490.599: tcs3701: start power rail timer, state:3
11-27 01:23:58.469  1011  1189 I ASH     : @ 391490.639: tcs3701: stop power rail pending_off timer
11-27 01:23:58.469  1011  1189 D ASH     : @ 391490.639: tcs3701: start power rail timer, state:3
11-27 01:23:58.509  1011  1189 I ASH     : @ 391490.679: tcs3701: stop power rail pending_off timer
11-27 01:23:58.509  1011  1189 D ASH     : @ 391490.679: tcs3701: start power rail timer, state:3
11-27 01:23:58.516  8427  8469 I BatteryMgr:DataCollectionService: stats => 1701044638516,13732,4442,2136,4169000,100
11-27 01:23:58.516  8427  8467 I BatteryMgr:DataCollectionService: stats => 1701044638516,13732,4442,2136,4169000,100
11-27 01:23:58.548  1011  1189 I ASH     : @ 391490.719: tcs3701: stop power rail pending_off timer
11-27 01:23:58.549  1011  1189 D ASH     : @ 391490.719: tcs3701: start power rail timer, state:3
11-27 01:23:58.588  1011  1189 I ASH     : @ 391490.759: tcs3701: stop power rail pending_off timer
11-27 01:23:58.588  1011  1189 D ASH     : @ 391490.759: tcs3701: start power rail timer, state:3
11-27 01:23:58.620  8427  8467 I BatteryMgr:DataCollectionService: stats => 1701044638620,13732,4442,2136,4169000,100
11-27 01:23:58.621  8427  8469 I BatteryMgr:DataCollectionService: stats => 1701044638621,13732,4442,2136,4169000,100
11-27 01:23:58.628  1011  1189 I ASH     : @ 391490.799: tcs3701: stop power rail pending_off timer
11-27 01:23:58.628  1011  1189 D ASH     : @ 391490.799: tcs3701: start power rail timer, state:3
11-27 01:23:58.669  1011  1189 I ASH     : @ 391490.839: tcs3701: stop power rail pending_off timer
11-27 01:23:58.669  1011  1189 D ASH     : @ 391490.839: tcs3701: start power rail timer, state:3
11-27 01:23:58.709  1795  2424 D WifiNetworkSelector: Current connected network: 12
11-27 01:23:58.709  1795  2424 V WifiConnectivityManager: No partial scan because firmware roaming is supported.
11-27 01:23:58.709  1795  2424 V WifiConnectivityManager: schedulePeriodicScanTimer intervalMs 20000
11-27 01:23:58.709  1011  1189 I ASH     : @ 391490.879: tcs3701: stop power rail pending_off timer
11-27 01:23:58.709  1011  1189 D ASH     : @ 391490.879: tcs3701: start power rail timer, state:3
11-27 01:23:58.727  8427  8467 I BatteryMgr:DataCollectionService: stats => 1701044638726,13732,4442,2136,4169000,100
11-27 01:23:58.727  8427  8469 I BatteryMgr:DataCollectionService: stats => 1701044638727,13732,4442,2136,4169000,100
11-27 01:23:58.748  1011  1189 I ASH     : @ 391490.919: tcs3701: stop power rail pending_off timer
11-27 01:23:58.748  1011  1189 D ASH     : @ 391490.919: tcs3701: start power rail timer, state:3
11-27 01:23:58.789  1011  1189 I ASH     : @ 391490.959: tcs3701: stop power rail pending_off timer
11-27 01:23:58.789  1011  1189 D ASH     : @ 391490.959: tcs3701: start power rail timer, state:3
11-27 01:23:58.828  1011  1189 I ASH     : @ 391490.999: tcs3701: stop power rail pending_off timer
11-27 01:23:58.828  1011  1189 D ASH     : @ 391490.999: tcs3701: start power rail timer, state:3
11-27 01:23:58.831  8427  8469 I BatteryMgr:DataCollectionService: stats => 1701044638831,13732,4442,2136,4169000,100
11-27 01:23:58.832  8427  8467 I BatteryMgr:DataCollectionService: stats => 1701044638832,13732,4442,2136,4169000,100
11-27 01:23:58.868  1011  1189 I ASH     : @ 391491.039: tcs3701: stop power rail pending_off timer
11-27 01:23:58.868  1011  1189 D ASH     : @ 391491.039: tcs3701: start power rail timer, state:3
11-27 01:23:58.908  1011  1189 I ASH     : @ 391491.079: tcs3701: stop power rail pending_off timer
11-27 01:23:58.908  1011  1189 D ASH     : @ 391491.079: tcs3701: start power rail timer, state:3
11-27 01:23:58.938  8427  8469 I BatteryMgr:DataCollectionService: stats => 1701044638937,13732,4442,2136,4169000,100
11-27 01:23:58.939  8427  8467 I BatteryMgr:DataCollectionService: stats => 1701044638939,13732,4442,2136,4169000,100
11-27 01:23:58.948  1011  1189 I ASH     : @ 391491.119: tcs3701: stop power rail pending_off timer
11-27 01:23:58.949  1011  1189 D ASH     : @ 391491.119: tcs3701: start power rail timer, state:3
11-27 01:23:58.988  1011  1189 I ASH     : @ 391491.159: tcs3701: stop power rail pending_off timer
11-27 01:23:58.988  1011  1189 D ASH     : @ 391491.159: tcs3701: start power rail timer, state:3
11-27 01:23:59.028  1011  1189 I ASH     : @ 391491.199: tcs3701: stop power rail pending_off timer
11-27 01:23:59.028  1011  1189 D ASH     : @ 391491.199: tcs3701: start power rail timer, state:3
11-27 01:23:59.029  1795  4169 D ActivityManager: freezer override set to true
11-27 01:23:59.034  1795  4169 D ActivityManager: freezer override set to false
11-27 01:23:59.042  8427  8469 I BatteryMgr:DataCollectionService: stats => 1701044639042,13732,4442,2136,4169000,100
11-27 01:23:59.043  8427  8467 I BatteryMgr:DataCollectionService: stats => 1701044639043,13732,4442,2136,4169000,100
11-27 01:23:59.068  1011  1189 I ASH     : @ 391491.239: tcs3701: stop power rail pending_off timer
11-27 01:23:59.068  1011  1189 D ASH     : @ 391491.239: tcs3701: start power rail timer, state:3
11-27 01:23:59.109  1011  1189 I ASH     : @ 391491.279: tcs3701: stop power rail pending_off timer
11-27 01:23:59.109  1011  1189 D ASH     : @ 391491.279: tcs3701: start power rail timer, state:3
11-27 01:23:59.147  8427  8467 I BatteryMgr:DataCollectionService: stats => 1701044639147,13732,4442,2136,4169000,100
11-27 01:23:59.148  8427  8469 I BatteryMgr:DataCollectionService: stats => 1701044639148,13732,4442,2136,4169000,100
11-27 01:23:59.148  1011  1189 I ASH     : @ 391491.319: tcs3701: stop power rail pending_off timer
11-27 01:23:59.148  1011  1189 D ASH     : @ 391491.319: tcs3701: start power rail timer, state:3
11-27 01:23:59.188  1011  1189 I ASH     : @ 391491.359: tcs3701: stop power rail pending_off timer
11-27 01:23:59.188  1011  1189 D ASH     : @ 391491.359: tcs3701: start power rail timer, state:3
11-27 01:23:59.228  1011  1189 I ASH     : @ 391491.399: tcs3701: stop power rail pending_off timer
11-27 01:23:59.228  1011  1189 D ASH     : @ 391491.399: tcs3701: start power rail timer, state:3
11-27 01:23:59.254  8427  8467 I BatteryMgr:DataCollectionService: stats => 1701044639254,13732,4442,2136,4169000,100
11-27 01:23:59.256  8427  8469 I BatteryMgr:DataCollectionService: stats => 1701044639256,13732,4442,2136,4169000,100
11-27 01:23:59.268  1011  1189 I ASH     : @ 391491.439: tcs3701: stop power rail pending_off timer
11-27 01:23:59.268  1011  1189 D ASH     : @ 391491.439: tcs3701: start power rail timer, state:3
11-27 01:23:59.300  1795  4169 D ActivityManager: freezer override set to true
11-27 01:23:59.308  1011  1189 I ASH     : @ 391491.479: tcs3701: stop power rail pending_off timer
11-27 01:23:59.308  1011  1189 D ASH     : @ 391491.479: tcs3701: start power rail timer, state:3
11-27 01:23:59.348  1011  1189 I ASH     : @ 391491.519: tcs3701: stop power rail pending_off timer
11-27 01:23:59.348  1011  1189 D ASH     : @ 391491.519: tcs3701: start power rail timer, state:3
11-27 01:23:59.362  8427  8467 I BatteryMgr:DataCollectionService: stats => 1701044639362,13732,4442,2136,4169000,100
11-27 01:23:59.362  8427  8469 I BatteryMgr:DataCollectionService: stats => 1701044639362,13732,4442,2136,4169000,100
11-27 01:23:59.389  1011  1189 I ASH     : @ 391491.559: tcs3701: stop power rail pending_off timer
11-27 01:23:59.389  1011  1189 D ASH     : @ 391491.559: tcs3701: start power rail timer, state:3
11-27 01:23:59.402  3090  3186 I m.chrome.canary: Explicit concurrent copying GC freed 4050(207KB) AllocSpace objects, 5(100KB) LOS objects, 75% free, 14MB/58MB, paused 30us,24us total 60.287ms
11-27 01:23:59.425  2113  2118 I pixel-thermal: skin-therm-monitor: 38.957
11-27 01:23:59.429  1011  1189 I ASH     : @ 391491.599: tcs3701: stop power rail pending_off timer
11-27 01:23:59.429  1011  1189 D ASH     : @ 391491.599: tcs3701: start power rail timer, state:3
11-27 01:23:59.469  1011  1189 I ASH     : @ 391491.639: tcs3701: stop power rail pending_off timer
11-27 01:23:59.469  1011  1189 D ASH     : @ 391491.639: tcs3701: start power rail timer, state:3
11-27 01:23:59.471  8427  8467 I BatteryMgr:DataCollectionService: stats => 1701044639470,13732,4442,2136,4169000,100
11-27 01:23:59.471  8427  8469 I BatteryMgr:DataCollectionService: stats => 1701044639471,13732,4442,2136,4169000,100
11-27 01:23:59.471  1795  4169 D ActivityManager: freezer override set to false
11-27 01:23:59.509  1011  1189 I ASH     : @ 391491.679: tcs3701: stop power rail pending_off timer
11-27 01:23:59.509  1011  1189 D ASH     : @ 391491.679: tcs3701: start power rail timer, state:3
11-27 01:23:59.517  1795  4169 D ActivityManager: freezer override set to true
11-27 01:23:59.520  1795  4169 D ActivityManager: freezer override set to false
11-27 01:23:59.549  1011  1189 I ASH     : @ 391491.719: tcs3701: stop power rail pending_off timer
11-27 01:23:59.549  1011  1189 D ASH     : @ 391491.719: tcs3701: start power rail timer, state:3
11-27 01:23:59.553  1795  4169 D ActivityManager: freezer override set to true
11-27 01:23:59.556  1795  4169 D ActivityManager: freezer override set to false
11-27 01:23:59.575  8427  8469 I BatteryMgr:DataCollectionService: stats => 1701044639575,13732,4442,2136,4169000,100
11-27 01:23:59.576  8427  8467 I BatteryMgr:DataCollectionService: stats => 1701044639576,13732,4442,2136,4169000,100
11-27 01:23:59.588  1011  1189 I ASH     : @ 391491.759: tcs3701: stop power rail pending_off timer
11-27 01:23:59.589  1011  1189 D ASH     : @ 391491.759: tcs3701: start power rail timer, state:3
11-27 01:23:59.629  1011  1189 I ASH     : @ 391491.799: tcs3701: stop power rail pending_off timer
11-27 01:23:59.629  1011  1189 D ASH     : @ 391491.799: tcs3701: start power rail timer, state:3
11-27 01:23:59.668  1011  1189 I ASH     : @ 391491.839: tcs3701: stop power rail pending_off timer
11-27 01:23:59.668  1011  1189 D ASH     : @ 391491.839: tcs3701: start power rail timer, state:3
11-27 01:23:59.680  8427  8469 I BatteryMgr:DataCollectionService: stats => 1701044639680,13732,4442,2136,4169000,100
11-27 01:23:59.680  8427  8467 I BatteryMgr:DataCollectionService: stats => 1701044639680,13732,4442,2136,4169000,100
11-27 01:23:59.708  1011  1189 I ASH     : @ 391491.879: tcs3701: stop power rail pending_off timer
11-27 01:23:59.709  1011  1189 D ASH     : @ 391491.879: tcs3701: start power rail timer, state:3
11-27 01:23:59.747  1795  2424 D WifiClientModeImpl[13802:wlan0]: updateLinkLayerStatsRssiSpeedFrequencyCapabilities rssi=-44 TxLinkspeed=866 freq=5240 RxLinkSpeed=866
11-27 01:23:59.747  1795  2424 D WifiDataStall: tx tput in kbps: 729503
11-27 01:23:59.747  1795  2424 D WifiDataStall: rx tput in kbps: 767898
11-27 01:23:59.747  1795  2424 V WifiConfigManager: Updating scan detail cache freq=5240 BSSID=f4:6d:2f:12:cc:88 RSSI=-43 for "ourhome"WPA_PSK
11-27 01:23:59.748  1795  2424 D WifiChannelUtilization:  freq: 5240 onTime: 11304620 busyTime: 1045430 onTimeDiff: 1656764 busyTimeDiff: 188944 utilization: 29 utilization t0: 23
11-27 01:23:59.748  1795  2424 D WifiDataStall:  ccaLevel = 29
11-27 01:23:59.748  1795  2424 D WifiDataStall: L2 txTputKbps: 729503, rxTputKbps: 767898, L3 txTputKbps: 0, rxTputKbps: 0, TxTrafficHigh: false, RxTrafficHigh: false, Throughput Sufficient: true
11-27 01:23:59.748  2673 16648 V WifiManager: OnWifiUsabilityStatsListener: onWifiUsabilityStats: seqNum=101297
11-27 01:23:59.748  1795  2424 D WifiScoreReport: Wifi scoring disabled - Don't check IP layer
11-27 01:23:59.748  1795  2424 D WifiScoreCard: BSSID update SIGNAL_POLL ID: 1320464697 SSID: "ourhome", BSSID: f4:6d:2f:12:cc:88, MAC: b2:2f:ec:da:4a:0c, IP: /192.168.1.104, Security type: 2, Supplicant state: COMPLETED, Wi-Fi standard: 5, RSSI: -44, Link speed: 866Mbps, Tx Link speed: 866Mbps, Max Supported Tx Link speed: 866Mbps, Rx Link speed: 866Mbps, Max Supported Rx Link speed: 866Mbps, Frequency: 5240MHz, Net ID: 12, Metered hint: false, score: 60, isUsable: true, CarrierMerged: false, SubscriptionId: -1, IsPrimary: 1, Trusted: true, Restricted: false, Ephemeral: false, OEM paid: false, OEM private: false, OSU AP: false, FQDN: <none>, Provider friendly name: <none>, Requesting package name: <none>"ourhome"wpa2-pskMLO Information: , Is TID-To-Link negotiation supported by the AP: false, AP MLD Address: <none>, AP MLO Link Id: <none>, AP MLO Affiliated links: <none>
11-27 01:23:59.748  1795  2424 D WifiScoreCard: txRate: 1 txSpeed: 866
11-27 01:23:59.748  1795  2424 D WifiScoreCard: network update SIGNAL_POLL "ourhome" ID: 1499892569 RSSI -44 txSpeed -1
11-27 01:23:59.748  1795  4169 I WifiService: updateWifiUsabilityScore uid=10180 seqNum=101297 score=100 predictionHorizonSec=1441795
11-27 01:23:59.748  1795  2424 D WifiClientModeImpl[13802:wlan0]:  ClientModeImpl$L2ConnectedState screen=on 37 0 "ourhome" f4:6d:2f:12:cc:88 rssi=-44 f=5240 sc=60 link=866 tx=0.3, 0.0, 0.0 rx=0.3 bcn=3708436 [on:0 tx:0 rx:0 period:3011] from screen [on:1668639 period:32205034] score=60
11-27 01:23:59.748  1011  1189 I ASH     : @ 391491.919: tcs3701: stop power rail pending_off timer
11-27 01:23:59.748  1011  1189 D ASH     : @ 391491.919: tcs3701: start power rail timer, state:3
11-27 01:23:59.749  1795  2424 D WifiScoreReport: Wifi scoring disabled - Notify that Wifi is usable
11-27 01:23:59.749 30429 30429 E AbstractGmsTracer: Traced class shouldn't be obfuscated: GmsIntentOperationChimeraService [CONTEXT service_id=259 ]
11-27 01:23:59.751  1795  2432 D ConnectivityService: NetReassign [no changes] [c 0] [a 0] [i 2]
11-27 01:23:59.760 30429  4611 E AbstractGmsTracer: Traced class shouldn't be obfuscated: InstantIndexingIntentOperation [CONTEXT service_id=259 ]
11-27 01:23:59.761 30429  4611 I GmscoreIpa: Starting mediastore instant index [CONTEXT service_id=255 ]
11-27 01:23:59.786  8427  8469 I BatteryMgr:DataCollectionService: stats => 1701044639786,13732,4442,2136,4169000,100
11-27 01:23:59.787  8427  8467 I BatteryMgr:DataCollectionService: stats => 1701044639787,13732,4442,2136,4169000,100
11-27 01:23:59.789  1011  1189 I ASH     : @ 391491.959: tcs3701: stop power rail pending_off timer
11-27 01:23:59.789  1011  1189 D ASH     : @ 391491.959: tcs3701: start power rail timer, state:3
11-27 01:23:59.828  1011  1189 I ASH     : @ 391491.999: tcs3701: stop power rail pending_off timer
11-27 01:23:59.828  1011  1189 D ASH     : @ 391491.999: tcs3701: start power rail timer, state:3
11-27 01:23:59.868  1011  1189 I ASH     : @ 391492.039: tcs3701: stop power rail pending_off timer
11-27 01:23:59.868  1011  1189 D ASH     : @ 391492.039: tcs3701: start power rail timer, state:3
11-27 01:23:59.890  8427  8469 I BatteryMgr:DataCollectionService: stats => 1701044639890,13732,4442,2136,4169000,100
11-27 01:23:59.891  8427  8467 I BatteryMgr:DataCollectionService: stats => 1701044639891,13732,4442,2136,4169000,100
11-27 01:23:59.908  1011  1189 I ASH     : @ 391492.079: tcs3701: stop power rail pending_off timer
11-27 01:23:59.908  1011  1189 D ASH     : @ 391492.079: tcs3701: start power rail timer, state:3
11-27 01:23:59.948  1011  1189 I ASH     : @ 391492.119: tcs3701: stop power rail pending_off timer
11-27 01:23:59.948  1011  1189 D ASH     : @ 391492.119: tcs3701: start power rail timer, state:3
11-27 01:23:59.989  1011  1189 I ASH     : @ 391492.159: tcs3701: stop power rail pending_off timer
11-27 01:23:59.989  1011  1189 D ASH     : @ 391492.159: tcs3701: start power rail timer, state:3
11-27 01:23:59.996  8427  8469 I BatteryMgr:DataCollectionService: stats => 1701044639996,13732,4442,2136,4169000,100
11-27 01:23:59.997  8427  8467 I BatteryMgr:DataCollectionService: stats => 1701044639997,13732,4442,2136,4169000,100
11-27 01:24:00.003  3579  3877 I AiAiEcho: (REDACTED) Predicting[%d]: %s
11-27 01:24:00.004  3579  3877 I AiAiEcho: (REDACTED) EchoTargets: %s
11-27 01:24:00.004  3579  3877 I AiAiEcho: Filtered by AiAi flag check: %s
11-27 01:24:00.005  3579  3877 I AiAiEcho: (REDACTED) Ranked targets strategy: %s, count: %d, ranking metadata: %s
11-27 01:24:00.005  3579  3877 I AiAiEcho: (REDACTED) #weatherTwiddler: Weather removes SubtitleSupplementalItem in surface: %s
11-27 01:24:00.006  3579  3877 I AiAiEcho: (REDACTED) Predicting[%d]: %s
11-27 01:24:00.008  3579  3877 I AiAiEcho: (REDACTED) EchoTargets: %s
11-27 01:24:00.008  3579  3877 I AiAiEcho: Filtered by AiAi flag check: %s
11-27 01:24:00.008  3579  3877 I AiAiEcho: (REDACTED) Ranked targets strategy: %s, count: %d, ranking metadata: %s
11-27 01:24:00.009  3579  3877 I AiAiEcho: (REDACTED) #weatherTwiddler: Weather removes SubtitleSupplementalItem in surface: %s
11-27 01:24:00.012  3579  3877 I AiAiEcho: (REDACTED) #postPredictionTargets: Sending updates to UISurface %s with targets# %s (types=[%s])
11-27 01:24:00.015  3579  3877 I AiAiEcho: (REDACTED) #postPredictionTargets: Sending updates to UISurface %s with targets# %s (types=[%s])
11-27 01:24:00.017  2940  2940 D SsBaseTemplateCard: No text view can be set up
11-27 01:24:00.017  2940  2940 D SsBaseTemplateCard: Passed-in item info is null
11-27 01:24:00.017  2940  2940 D SsBaseTemplateCard: Passed-in item info is null
11-27 01:24:00.017  2940  2940 I SsBaseTemplateCard: Secondary card pane is null
11-27 01:24:00.026  2513  2513 D SsBaseTemplateCard: No text view can be set up
11-27 01:24:00.027  2513  2513 D SsBaseTemplateCard: Passed-in item info is null
11-27 01:24:00.027  2513  2513 D SsBaseTemplateCard: Passed-in item info is null
11-27 01:24:00.027  2513  2513 I SsBaseTemplateCard: Secondary card pane is null
11-27 01:24:00.029  1011  1189 I ASH     : @ 391492.199: tcs3701: stop power rail pending_off timer
11-27 01:24:00.029  1011  1189 D ASH     : @ 391492.199: tcs3701: start power rail timer, state:3
11-27 01:24:00.032  1795  4169 D ActivityManager: freezer override set to true
11-27 01:24:00.038  1795  4169 D ActivityManager: freezer override set to false
11-27 01:24:00.068  1011  1189 I ASH     : @ 391492.239: tcs3701: stop power rail pending_off timer
11-27 01:24:00.068  1011  1189 D ASH     : @ 391492.239: tcs3701: start power rail timer, state:3
11-27 01:24:00.100  8427  8469 I BatteryMgr:DataCollectionService: stats => 1701044640100,13732,4442,2136,4169000,100
11-27 01:24:00.101  8427  8467 I BatteryMgr:DataCollectionService: stats => 1701044640101,13732,4442,2136,4169000,100
11-27 01:24:00.109  1011  1189 I ASH     : @ 391492.279: tcs3701: stop power rail pending_off timer
11-27 01:24:00.109  1011  1189 D ASH     : @ 391492.279: tcs3701: start power rail timer, state:3
11-27 01:24:00.148  1011  1189 I ASH     : @ 391492.319: tcs3701: stop power rail pending_off timer
11-27 01:24:00.148  1011  1189 D ASH     : @ 391492.319: tcs3701: start power rail timer, state:3
11-27 01:24:00.189  1011  1189 I ASH     : @ 391492.359: tcs3701: stop power rail pending_off timer
11-27 01:24:00.189  1011  1189 D ASH     : @ 391492.359: tcs3701: start power rail timer, state:3
11-27 01:24:00.207  8427  8467 I BatteryMgr:DataCollectionService: stats => 1701044640207,13732,4442,2136,4169000,100
11-27 01:24:00.208  8427  8466 I BatteryMgr:DataCollectionService: stats => 1701044640208,13732,4442,2136,4169000,100
11-27 01:24:00.228  1011  1189 I ASH     : @ 391492.399: tcs3701: stop power rail pending_off timer
11-27 01:24:00.228  1011  1189 D ASH     : @ 391492.399: tcs3701: start power rail timer, state:3
11-27 01:24:00.268  1011  1189 I ASH     : @ 391492.439: tcs3701: stop power rail pending_off timer
11-27 01:24:00.268  1011  1189 D ASH     : @ 391492.439: tcs3701: start power rail timer, state:3
11-27 01:24:00.308  1011  1189 I ASH     : @ 391492.479: tcs3701: stop power rail pending_off timer
11-27 01:24:00.308  1011  1189 D ASH     : @ 391492.479: tcs3701: start power rail timer, state:3
11-27 01:24:00.312  8427   913 I BatteryMgr:DataCollectionService: stats => 1701044640312,13732,4442,2136,4169000,100
11-27 01:24:00.313  8427  8466 I BatteryMgr:DataCollectionService: stats => 1701044640313,13732,4442,2136,4169000,100
11-27 01:24:00.349  1011  1189 I ASH     : @ 391492.519: tcs3701: stop power rail pending_off timer
11-27 01:24:00.349  1011  1189 D ASH     : @ 391492.519: tcs3701: start power rail timer, state:3
11-27 01:24:00.388  1011  1189 I ASH     : @ 391492.559: tcs3701: stop power rail pending_off timer
11-27 01:24:00.388  1011  1189 D ASH     : @ 391492.559: tcs3701: start power rail timer, state:3
11-27 01:24:00.419  8427  8469 I BatteryMgr:DataCollectionService: stats => 1701044640419,13732,4442,2136,4169000,100
11-27 01:24:00.420  8427  8466 I BatteryMgr:DataCollectionService: stats => 1701044640420,13732,4442,2136,4169000,100
11-27 01:24:00.429  1011  1189 I ASH     : @ 391492.599: tcs3701: stop power rail pending_off timer
11-27 01:24:00.429  1011  1189 D ASH     : @ 391492.599: tcs3701: start power rail timer, state:3
11-27 01:24:00.469  1011  1189 I ASH     : @ 391492.639: tcs3701: stop power rail pending_off timer
11-27 01:24:00.469  1011  1189 D ASH     : @ 391492.639: tcs3701: start power rail timer, state:3
11-27 01:24:00.509  1011  1189 I ASH     : @ 391492.679: tcs3701: stop power rail pending_off timer
11-27 01:24:00.509  1011  1189 D ASH     : @ 391492.679: tcs3701: start power rail timer, state:3
11-27 01:24:00.525  8427  8469 I BatteryMgr:DataCollectionService: stats => 1701044640525,13732,4442,2136,4169000,100
11-27 01:24:00.526  8427  8466 I BatteryMgr:DataCollectionService: stats => 1701044640526,13732,4442,2136,4169000,100
11-27 01:24:00.548  1011  1189 I ASH     : @ 391492.719: tcs3701: stop power rail pending_off timer
11-27 01:24:00.548  1011  1189 D ASH     : @ 391492.719: tcs3701: start power rail timer, state:3
11-27 01:24:00.588  1011  1189 I ASH     : @ 391492.759: tcs3701: stop power rail pending_off timer
11-27 01:24:00.588  1011  1189 D ASH     : @ 391492.759: tcs3701: start power rail timer, state:3
11-27 01:24:00.629  1011  1189 I ASH     : @ 391492.799: tcs3701: stop power rail pending_off timer
11-27 01:24:00.629  1011  1189 D ASH     : @ 391492.799: tcs3701: start power rail timer, state:3
11-27 01:24:00.631  8427  8469 I BatteryMgr:DataCollectionService: stats => 1701044640631,13732,4442,2136,4169000,100
11-27 01:24:00.632  8427  8466 I BatteryMgr:DataCollectionService: stats => 1701044640632,13732,4442,2136,4169000,100
11-27 01:24:00.669  1011  1189 I ASH     : @ 391492.839: tcs3701: stop power rail pending_off timer
11-27 01:24:00.669  1011  1189 D ASH     : @ 391492.839: tcs3701: start power rail timer, state:3
11-27 01:24:00.696  1795  3613 D ActivityManager: freezer override set to true
11-27 01:24:00.708  1011  1189 I ASH     : @ 391492.879: tcs3701: stop power rail pending_off timer
11-27 01:24:00.708  1011  1189 D ASH     : @ 391492.879: tcs3701: start power rail timer, state:3
11-27 01:24:00.736  8427  8469 I BatteryMgr:DataCollectionService: stats => 1701044640736,13732,4442,2136,4169000,100
11-27 01:24:00.737  8427  8466 I BatteryMgr:DataCollectionService: stats => 1701044640737,13732,4442,2136,4169000,100
11-27 01:24:00.748  1011  1189 I ASH     : @ 391492.919: tcs3701: stop power rail pending_off timer
11-27 01:24:00.748  1011  1189 D ASH     : @ 391492.919: tcs3701: start power rail timer, state:3
11-27 01:24:00.789  1011  1189 I ASH     : @ 391492.959: tcs3701: stop power rail pending_off timer
11-27 01:24:00.789  1011  1189 D ASH     : @ 391492.959: tcs3701: start power rail timer, state:3
11-27 01:24:00.798  3090  3186 I m.chrome.canary: Explicit concurrent copying GC freed 3839(192KB) AllocSpace objects, 4(80KB) LOS objects, 75% free, 14MB/58MB, paused 29us,25us total 60.126ms
11-27 01:24:00.828  1011  1189 I ASH     : @ 391492.999: tcs3701: stop power rail pending_off timer
11-27 01:24:00.829  1011  1189 D ASH     : @ 391492.999: tcs3701: start power rail timer, state:3
11-27 01:24:00.841  8427  8469 I BatteryMgr:DataCollectionService: stats => 1701044640841,13732,4442,2136,4169000,100
11-27 01:24:00.843  8427  8466 I BatteryMgr:DataCollectionService: stats => 1701044640843,13732,4442,2136,4169000,100
11-27 01:24:00.865  1795  3613 D ActivityManager: freezer override set to false
11-27 01:24:00.868  1011  1189 I ASH     : @ 391493.039: tcs3701: stop power rail pending_off timer
11-27 01:24:00.868  1011  1189 D ASH     : @ 391493.039: tcs3701: start power rail timer, state:3
11-27 01:24:00.904  1795  3613 D ActivityManager: freezer override set to true
11-27 01:24:00.907  1795  3613 D ActivityManager: freezer override set to false
11-27 01:24:00.908  1011  1189 I ASH     : @ 391493.079: tcs3701: stop power rail pending_off timer
11-27 01:24:00.908  1011  1189 D ASH     : @ 391493.079: tcs3701: start power rail timer, state:3
11-27 01:24:00.948  8427  8469 I BatteryMgr:DataCollectionService: stats => 1701044640948,13732,4442,2136,4169000,100
