11-27 01:34:32.361 20876 20906 I AdrenoGLES-0: QUALCOMM build                   : 4783c89, I46ff5fc46f
11-27 01:34:32.361 20876 20906 I AdrenoGLES-0: Build Date                       : 11/30/20
11-27 01:34:32.361 20876 20906 I AdrenoGLES-0: OpenGL ES Shader Compiler Version: EV031.31.04.01
11-27 01:34:32.361 20876 20906 I AdrenoGLES-0: Local Branch                     : QPR2
11-27 01:34:32.361 20876 20906 I AdrenoGLES-0: Remote Branch                    : 
11-27 01:34:32.361 20876 20906 I AdrenoGLES-0: Remote Branch                    : 
11-27 01:34:32.361 20876 20906 I AdrenoGLES-0: Reconstruct Branch               : 
11-27 01:34:32.361 20876 20906 I AdrenoGLES-0: Build Config                     : S P 10.0.4 AArch64
11-27 01:34:32.361 20876 20906 I AdrenoGLES-0: Driver Path                      : /vendor/lib64/egl/libGLESv2_adreno.so
11-27 01:34:32.363 20793 20793 E m.chrome.canary: Invalid ID 0x00000000.
11-27 01:34:32.365 20876 20906 I AdrenoGLES-0: PFP: 0x016dd093, ME: 0x00000000
11-27 01:34:32.367 20876 20906 W AdrenoUtils: <ReadGpuID_from_sysfs:197>: Failed to open /sys/class/kgsl/kgsl-3d0/gpu_model
11-27 01:34:32.367 20876 20906 W AdrenoUtils: <ReadGpuID:221>: Failed to read chip ID from gpu_model. Fallback to use the GSL path
11-27 01:34:32.372 30429 30429 D BoundBrokerSvc: onBind: Intent { act=com.google.android.gms.languageprofile.service.START pkg=com.google.android.gms }
11-27 01:34:32.372 30429 30429 D BoundBrokerSvc: Loading bound service for intent: Intent { act=com.google.android.gms.languageprofile.service.START pkg=com.google.android.gms }
11-27 01:34:32.373 30429 30429 E AbstractGmsTracer: Traced class shouldn't be obfuscated: LanguageProfileChimeraService [CONTEXT service_id=259 ]
11-27 01:34:32.379 30429 30429 E AbstractGmsTracer: Traced class shouldn't be obfuscated: GmsIntentOperationChimeraService [CONTEXT service_id=259 ]
11-27 01:34:32.382 20793 20793 V MediaRouter: Selecting route: RouteInfo{ name=Phone, description=null, status=null, category=RouteCategory{ name=System types=ROUTE_TYPE_LIVE_AUDIO ROUTE_TYPE_LIVE_VIDEO  groupable=false }, supportedTypes=ROUTE_TYPE_LIVE_AUDIO ROUTE_TYPE_LIVE_VIDEO , presentationDisplay=null }
11-27 01:34:32.382 20793 20793 I MediaRouter: Skip setBluetoothA2dpOn(): types=8388615, isPlaybackActive()=false, BT route=null
11-27 01:34:32.383 20793 20793 W m.chrome.canary: Accessing hidden field Landroid/media/MediaRouter;->sStatic:Landroid/media/MediaRouter$Static; (max-target-o, reflection, denied)
11-27 01:34:32.384 20793 20793 I GlobalMediaRouter: Found default route: MediaRouter.RouteInfo{ uniqueId=DEFAULT_ROUTE, name=Phone, description=null, iconUri=null, enabled=true, isSystemRoute=true, connectionState=0, canDisconnect=false, playbackType=0, playbackStream=3, deviceType=0, volumeHandling=1, volume=0, volumeMax=25, presentationDisplayId=-1, extras=null, settingsIntent=null, providerPackageName=android }
11-27 01:34:32.384 20793 20793 I GlobalMediaRouter: Unselecting the current route because it is no longer selectable: null
11-27 01:34:32.386 30429 20910 E AbstractGmsTracer: Traced class shouldn't be obfuscated: AccountsChangedIntentOperation [CONTEXT service_id=259 ]
11-27 01:34:32.389 20876 20906 D vulkan  : searching for layers in '/data/app/~~z5-dMYmQLvS-4mWZ9yqnFA==/com.chrome.canary-7Pcck9f8OWCuqG0lIoq4tg==/lib/arm64'
11-27 01:34:32.389 20876 20906 D vulkan  : searching for layers in '/data/app/~~z5-dMYmQLvS-4mWZ9yqnFA==/com.chrome.canary-7Pcck9f8OWCuqG0lIoq4tg==/base.apk!/lib/arm64-v8a'
11-27 01:34:32.389 20876 20906 D vulkan  : searching for layers in '/data/app/~~xK2KNYhs7Vn18sxJkcMggA==/com.google.android.trichromelibrary.canary_614500033-17M9CAQF6V59_-2q0N8dYA==/base.apk!/lib/arm64-v8a'
11-27 01:34:32.390  1011  1189 I ASH     : @ 392124.559: tcs3701: stop power rail pending_off timer
11-27 01:34:32.390  1011  1189 D ASH     : @ 392124.559: tcs3701: start power rail timer, state:3
11-27 01:34:32.392 20876 20906 I AdrenoVK-0: ===== BEGIN DUMP OF OVERRIDDEN SETTINGS =====
11-27 01:34:32.392 20876 20906 I AdrenoVK-0: ===== END DUMP OF OVERRIDDEN SETTINGS =====
11-27 01:34:32.392 20876 20906 I AdrenoVK-0: QUALCOMM build          : 4783c89, I46ff5fc46f
11-27 01:34:32.392 20876 20906 I AdrenoVK-0: Build Date              : 11/30/20
11-27 01:34:32.392 20876 20906 I AdrenoVK-0: Shader Compiler Version : EV031.31.04.01
11-27 01:34:32.392 20876 20906 I AdrenoVK-0: Local Branch            : QPR2
11-27 01:34:32.392 20876 20906 I AdrenoVK-0: Remote Branch           : 
11-27 01:34:32.392 20876 20906 I AdrenoVK-0: Remote Branch           : 
11-27 01:34:32.392 20876 20906 I AdrenoVK-0: Reconstruct Branch      : 
11-27 01:34:32.392 20876 20906 I AdrenoVK-0: Build Config            : S P 10.0.4 AArch64
11-27 01:34:32.392 20876 20906 I AdrenoVK-0: Driver Path             : /vendor/lib64/hw/vulkan.adreno.so
11-27 01:34:32.395 20793 20865 W cr_media: BLUETOOTH_CONNECT permission is missing.
11-27 01:34:32.395 20793 20865 W cr_media: registerBluetoothIntentsIfNeeded: Requires BLUETOOTH permission
11-27 01:34:32.400 20876 20916 W Parcel  : Expecting binder but got null!
11-27 01:34:32.400 20867 20902 I cr_LibraryLoader: Successfully loaded native library
11-27 01:34:32.401 20867 20902 I cr_CachingUmaRecorder: Flushed 3 samples from 3 histograms, 0 samples were dropped.
11-27 01:34:32.428  8427  8467 I BatteryMgr:DataCollectionService: stats => 1701045272428,10375,4442,2136,4169000,100
11-27 01:34:32.428  1011  1189 I ASH     : @ 392124.599: tcs3701: stop power rail pending_off timer
11-27 01:34:32.428  1011  1189 D ASH     : @ 392124.599: tcs3701: start power rail timer, state:3
11-27 01:34:32.441 30340 10693 I FontLog : (REDACTED) Received query %s, URI %s
11-27 01:34:32.441 30340 10693 I FontLog : (REDACTED) Query [%s] resolved to %s
11-27 01:34:32.446 30340 10693 I FontLog : (REDACTED) Font PFD returned from cache for %s
11-27 01:34:32.447 30340 10693 I FontLog : (REDACTED) Fetch %s end status %s
11-27 01:34:32.449 30340 10693 I FontLog : (REDACTED) Pulling font file for id = %d, cache size = %d
11-27 01:34:32.453 30340 10693 I FontLog : (REDACTED) Received query %s, URI %s
11-27 01:34:32.454 30340 10693 I FontLog : (REDACTED) Query [%s] resolved to %s
11-27 01:34:32.456 30340 10693 I FontLog : (REDACTED) Fetch %s end status %s
11-27 01:34:32.458 30340 30352 I FontLog : (REDACTED) Pulling font file for id = %d, cache size = %d
11-27 01:34:32.461 20793 20864 W chromium: [WARNING:ev_root_ca_metadata.cc(119)] Not implemented
11-27 01:34:32.465 30340 10693 I FontLog : (REDACTED) Received query %s, URI %s
11-27 01:34:32.465 30340 10693 I FontLog : (REDACTED) Query [%s] resolved to %s
11-27 01:34:32.466 30340 10693 I FontLog : (REDACTED) Font PFD returned from cache for %s
11-27 01:34:32.466 30340 10693 I FontLog : (REDACTED) Fetch %s end status %s
11-27 01:34:32.467 30340 30352 I FontLog : (REDACTED) Pulling font file for id = %d, cache size = %d
11-27 01:34:32.468  1011  1189 I ASH     : @ 392124.639: tcs3701: stop power rail pending_off timer
11-27 01:34:32.468  1011  1189 D ASH     : @ 392124.639: tcs3701: start power rail timer, state:3
11-27 01:34:32.468  1795  1853 W InputManager-JNI: Input channel object '7a01ac0 Splash Screen com.chrome.canary (client)' was disposed without first being removed with the input manager!
11-27 01:34:32.470  3563  3581 D MediaProvider: Open with FUSE. FilePath: /storage/emulated/0/Download/batterymanager-companion-1.0.0.zip. Uid: 10010. Media Capabilities Uid: 0. ShouldRedact: false. ShouldTranscode: false
11-27 01:34:32.470 30340 30352 I FontLog : (REDACTED) Received query %s, URI %s
11-27 01:34:32.471 30340 30352 I FontLog : (REDACTED) Query [%s] resolved to %s
11-27 01:34:32.472 30340 30352 I FontLog : (REDACTED) Font PFD returned from cache for %s
11-27 01:34:32.472 30340 30352 I FontLog : (REDACTED) Fetch %s end status %s
11-27 01:34:32.472 30340  7459 I SQLiteConnectionPool: The connection pool for /data/user/0/com.google.android.gms/databases/metadata.db has been closed but there are still 1 connections in use.  They will be closed as they are released back to the pool.
11-27 01:34:32.473 30340 30352 I FontLog : (REDACTED) Pulling font file for id = %d, cache size = %d
11-27 01:34:32.473 30340 14194 W FontLog : Error updating last accessed time for {Google Sans, wdth 100.0, wght 500, ital 0.0, bestEffort false}. [CONTEXT service_id=132 ]
11-27 01:34:32.473 30340 14194 W FontLog : java.lang.IllegalStateException: attempt to re-open an already-closed object: SQLiteDatabase: /data/user/0/com.google.android.gms/databases/metadata.db
11-27 01:34:32.473 30340 14194 W FontLog : 	at android.database.sqlite.SQLiteClosable.acquireReference(SQLiteClosable.java:58)
11-27 01:34:32.473 30340 14194 W FontLog : 	at android.database.sqlite.SQLiteDatabase.executeSql(SQLiteDatabase.java:2069)
11-27 01:34:32.473 30340 14194 W FontLog : 	at android.database.sqlite.SQLiteDatabase.execSQL(SQLiteDatabase.java:2064)
11-27 01:34:32.473 30340 14194 W FontLog : 	at avsh.run(:com.google.android.gms@234414038@23.44.14 (190400-580326705):68)
11-27 01:34:32.473 30340 14194 W FontLog : 	at ajls.c(:com.google.android.gms@234414038@23.44.14 (190400-580326705):50)
11-27 01:34:32.473 30340 14194 W FontLog : 	at ajls.run(:com.google.android.gms@234414038@23.44.14 (190400-580326705):76)
11-27 01:34:32.473 30340 14194 W FontLog : 	at java.util.concurrent.ThreadPoolExecutor.runWorker(ThreadPoolExecutor.java:1145)
11-27 01:34:32.473 30340 14194 W FontLog : 	at java.util.concurrent.ThreadPoolExecutor$Worker.run(ThreadPoolExecutor.java:644)
11-27 01:34:32.473 30340 14194 W FontLog : 	at ajqx.run(:com.google.android.gms@234414038@23.44.14 (190400-580326705):8)
11-27 01:34:32.473 30340 14194 W FontLog : 	at java.lang.Thread.run(Thread.java:1012)
11-27 01:34:32.473 30340 20758 W FontLog : Error updating last accessed time for {Google Sans, wdth 100.0, wght 400, ital 0.0, bestEffort false}. [CONTEXT service_id=132 ]
11-27 01:34:32.473 30340 20758 W FontLog : java.lang.IllegalStateException: Cannot perform this operation because the connection pool has been closed.
11-27 01:34:32.473 30340 20758 W FontLog : 	at android.database.sqlite.SQLiteConnectionPool.throwIfClosedLocked(SQLiteConnectionPool.java:1078)
11-27 01:34:32.473 30340 20758 W FontLog : 	at android.database.sqlite.SQLiteConnectionPool.waitForConnection(SQLiteConnectionPool.java:693)
11-27 01:34:32.473 30340 20758 W FontLog : 	at android.database.sqlite.SQLiteConnectionPool.acquireConnection(SQLiteConnectionPool.java:387)
11-27 01:34:32.473 30340 20758 W FontLog : 	at android.database.sqlite.SQLiteSession.acquireConnection(SQLiteSession.java:896)
11-27 01:34:32.473 30340 20758 W FontLog : 	at android.database.sqlite.SQLiteSession.executeForChangedRowCount(SQLiteSession.java:754)
11-27 01:34:32.473 30340 20758 W FontLog : 	at android.database.sqlite.SQLiteStatement.executeUpdateDelete(SQLiteStatement.java:67)
11-27 01:34:32.473 30340 20758 W FontLog : 	at android.database.sqlite.SQLiteDatabase.executeSql(SQLiteDatabase.java:2087)
11-27 01:34:32.473 30340 20758 W FontLog : 	at android.database.sqlite.SQLiteDatabase.execSQL(SQLiteDatabase.java:2064)
11-27 01:34:32.473 30340 20758 W FontLog : 	at avsh.run(:com.google.android.gms@234414038@23.44.14 (190400-580326705):68)
11-27 01:34:32.473 30340 20758 W FontLog : 	at ajls.c(:com.google.android.gms@234414038@23.44.14 (190400-580326705):50)
11-27 01:34:32.473 30340 20758 W FontLog : 	at ajls.run(:com.google.android.gms@234414038@23.44.14 (190400-580326705):76)
11-27 01:34:32.473 30340 20758 W FontLog : 	at java.util.concurrent.ThreadPoolExecutor.runWorker(ThreadPoolExecutor.java:1145)
11-27 01:34:32.473 30340 20758 W FontLog : 	at java.util.concurrent.ThreadPoolExecutor$Worker.run(ThreadPoolExecutor.java:644)
11-27 01:34:32.473 30340 20758 W FontLog : 	at ajqx.run(:com.google.android.gms@234414038@23.44.14 (190400-580326705):8)
11-27 01:34:32.473 30340 20758 W FontLog : 	at java.lang.Thread.run(Thread.java:1012)
11-27 01:34:32.474  3875  3875 I dzhj    : onStop
11-27 01:34:32.475  2940  3994 D OneSearchSuggestProvider: Shut down the binder channel
11-27 01:34:32.475  2940 29302 I s.nexuslauncher: oneway function results for code 2 on binder at 0xb400007095205e50 will be dropped but finished with status UNKNOWN_TRANSACTION
11-27 01:34:32.477  3657  3683 D ForegroundUtils: Foreground UID status:
11-27 01:34:32.481  3657  3683 D ForegroundUtils: UID: 10010 is in foreground: true
11-27 01:34:32.481  3657  3683 D ForegroundUtils: UID: 10128 is in foreground: true
11-27 01:34:32.481  3657  3683 D ForegroundUtils: UID: 10158 is in foreground: true
11-27 01:34:32.481  3657  3683 D ForegroundUtils: UID: 10189 is in foreground: false
11-27 01:34:32.481  3657  3683 D ForegroundUtils: UID: 10194 is in foreground: true
11-27 01:34:32.481  3657  3683 D ForegroundUtils: UID: 10206 is in foreground: false
11-27 01:34:32.481  3657  3683 D ForegroundUtils: UID: 10233 is in foreground: true
11-27 01:34:32.481  3657  3683 D ForegroundUtils: UID: 10244 is in foreground: false
11-27 01:34:32.481  3657  3683 D ForegroundUtils: UID: 90000 is in foreground: true
11-27 01:34:32.481  3657  3683 D ForegroundUtils: UID: 99004 is in foreground: true
11-27 01:34:32.492 30429 30429 E AbstractGmsTracer: Traced class shouldn't be obfuscated: LanguageProfileGcmTaskChimeraService [CONTEXT service_id=259 ]
11-27 01:34:32.494  3563  3581 D MediaProvider: Open with FUSE. FilePath: /storage/emulated/0/Download/com.example.batterymanager_utility (1).apk. Uid: 10010. Media Capabilities Uid: 0. ShouldRedact: false. ShouldTranscode: false
11-27 01:34:32.495 30429 30429 E AbstractGmsTracer: Traced class shouldn't be obfuscated: LanguageProfileGcmTaskChimeraService [CONTEXT service_id=259 ]
11-27 01:34:32.499 30340 14194 I NetworkScheduler.Stats: (REDACTED) Task %s/%s started execution. cause:%s exec_start_elapsed_seconds: %s
11-27 01:34:32.503 20793 20793 I cr_OfflineIndicator: onConnectionTypeChanged 2
11-27 01:34:32.504 20793 20793 I cr_OfflineIndicator: Reported by system: [ Transports: WIFI Capabilities: NOT_METERED&INTERNET&NOT_RESTRICTED&TRUSTED&NOT_VPN&VALIDATED&NOT_ROAMING&FOREGROUND&NOT_CONGESTED&NOT_SUSPENDED&NOT_VCN_MANAGED LinkUpBandwidth>=4532Kbps LinkDnBandwidth>=53551Kbps TransportInfo: <SSID: <unknown ssid>, BSSID: 02:00:00:00:00:00, MAC: 02:00:00:00:00:00, IP: /192.168.1.104, Security type: 2, Supplicant state: COMPLETED, Wi-Fi standard: 5, RSSI: -45, Link speed: 866Mbps, Tx Link speed: 866Mbps, Max Supported Tx Link speed: 866Mbps, Rx Link speed: 866Mbps, Max Supported Rx Link speed: 866Mbps, Frequency: 5240MHz, Net ID: -1, Metered hint: false, score: 60, isUsable: true, CarrierMerged: false, SubscriptionId: -1, IsPrimary: -1, Trusted: true, Restricted: false, Ephemeral: false, OEM paid: false, OEM private: false, OSU AP: false, FQDN: <none>, Provider friendly name: <none>, Requesting package name: <none><none>MLO Information: , Is TID-To-Link negotiation supported by the AP: false, AP MLD Address: <none>, AP MLO Link Id: <none>, AP MLO Affiliated links: <none>> SignalStrength: -45 UnderlyingNetworks: Null]
11-27 01:34:32.504 20793 20793 I cr_OfflineIndicator: setConnectionState connectionState=4
11-27 01:34:32.504 20793 20793 W Settings: Setting airplane_mode_on has moved from android.provider.Settings.System to android.provider.Settings.Global, returning read-only value.
11-27 01:34:32.504  3563  3581 D MediaProvider: Open with FUSE. FilePath: /storage/emulated/0/Download/com.example.batterymanager_utility.apk. Uid: 10010. Media Capabilities Uid: 0. ShouldRedact: false. ShouldTranscode: false
11-27 01:34:32.504 20793 20793 I cr_OfflineDetector: Received connection change state message. mConnectivityDetectorInitialized: true, mTimeWhenLastForegrounded: 392121318, getElapsedTime: 392121319, mTimeWhenLastOfflineNotificationReceived: 0, mTimeWhenLastOnline: 392121319, mTimeWhenAirplaneModeToggledOff: 0 mApplicationState: 1, mIsOfflineLastReportedByConnectivityDetector: false, mInAirplaneMode: false mIsEffectivelyOffline: false
11-27 01:34:32.504 20793 20793 I cr_OfflineDetector: onConnectionStateChanged(): previousLastReportedStateByOfflineDetector: false
11-27 01:34:32.504 20793 20793 I cr_OfflineDetector: Running updateState mConnectivityDetectorInitialized: true, mTimeWhenLastForegrounded: 392121318, getElapsedTime: 392121319, mTimeWhenLastOfflineNotificationReceived: 0, mTimeWhenLastOnline: 392121319, mTimeWhenAirplaneModeToggledOff: 0 mApplicationState: 1, mIsOfflineLastReportedByConnectivityDetector: false, mInAirplaneMode: false mIsEffectivelyOffline: false
11-27 01:34:32.504 20793 20793 I cr_OfflineDetector: updateState(): timeSinceLastForeground: 1, timeSinceOfflineNotificationReceived: 392121319, timeSinceLastOnline: 0, timeNeededForForeground: 1999, timeNeededForOffline: -392119319 timeSinceAirplaneModeToggledOff: 392121319 timeNeededAfterConnectionChangeFromOnlineToOffline: 10000 timeNeededAfterConnectionChangeFromAirplaneToOffline: 0
11-27 01:34:32.505 20793 20793 I cr_OfflineDetector: Running mUpdateOfflineStatusIndicatorDelayedRunnable start. mConnectivityDetectorInitialized: true, mTimeWhenLastForegrounded: 392121318, getElapsedTime: 392121319, mTimeWhenLastOfflineNotificationReceived: 0, mTimeWhenLastOnline: 392121319, mTimeWhenAirplaneModeToggledOff: 0 mApplicationState: 1, mIsOfflineLastReportedByConnectivityDetector: false, mInAirplaneMode: false mIsEffectivelyOffline: false
11-27 01:34:32.505 20793 20793 I cr_OfflineDetector: Running mUpdateOfflineStatusIndicatorDelayedRunnable end. mConnectivityDetectorInitialized: true, mTimeWhenLastForegrounded: 392121318, getElapsedTime: 392121319, mTimeWhenLastOfflineNotificationReceived: 0, mTimeWhenLastOnline: 392121319, mTimeWhenAirplaneModeToggledOff: 0 mApplicationState: 1, mIsOfflineLastReportedByConnectivityDetector: false, mInAirplaneMode: false mIsEffectivelyOffline: false
11-27 01:34:32.505 20793 20793 I cr_OfflineIndicator: processConnectivityCheckResult mConnectionState=4 mConnectivityCheckingStage=1
11-27 01:34:32.509  1011  1189 I ASH     : @ 392124.679: tcs3701: stop power rail pending_off timer
11-27 01:34:32.509  1011  1189 D ASH     : @ 392124.679: tcs3701: start power rail timer, state:3
11-27 01:34:32.512 20876 20918 I AdrenoVK-0: QUALCOMM build          : 4783c89, I46ff5fc46f
11-27 01:34:32.512 20876 20918 I AdrenoVK-0: Build Date              : 11/30/20
11-27 01:34:32.512 20876 20918 I AdrenoVK-0: Shader Compiler Version : EV031.31.04.01
11-27 01:34:32.512 20876 20918 I AdrenoVK-0: Local Branch            : QPR2
11-27 01:34:32.512 20876 20918 I AdrenoVK-0: Remote Branch           : 
11-27 01:34:32.512 20876 20918 I AdrenoVK-0: Remote Branch           : 
11-27 01:34:32.512 20876 20918 I AdrenoVK-0: Reconstruct Branch      : 
11-27 01:34:32.512 20876 20918 I AdrenoVK-0: Build Config            : S P 10.0.4 AArch64
11-27 01:34:32.512 20876 20918 I AdrenoVK-0: Driver Path             : /vendor/lib64/hw/vulkan.adreno.so
11-27 01:34:32.540  8427  8467 I BatteryMgr:DataCollectionService: stats => 1701045272540,10375,4442,2136,4169000,100
11-27 01:34:32.548  1011  1189 I ASH     : @ 392124.719: tcs3701: stop power rail pending_off timer
11-27 01:34:32.548  1011  1189 D ASH     : @ 392124.719: tcs3701: start power rail timer, state:3
11-27 01:34:32.559 20876 20930 W VideoCapabilities: Unrecognized level 1879048707 for video/x-vnd.on2.vp8
11-27 01:34:32.559 20876 20930 W VideoCapabilities: Unrecognized profile 1879048704 for video/x-vnd.on2.vp8
11-27 01:34:32.559 20876 20930 W VideoCapabilities: Unrecognized level 1879048707 for video/x-vnd.on2.vp8
11-27 01:34:32.559 20876 20930 W VideoCapabilities: Unrecognized profile 1879048704 for video/x-vnd.on2.vp8
11-27 01:34:32.563 20876 20930 W VideoCapabilities: Unsupported mime image/vnd.android.heic
11-27 01:34:32.563 20876 20930 W VideoCapabilities: Unrecognized level 1879048707 for video/x-vnd.on2.vp8
11-27 01:34:32.563 20876 20930 W VideoCapabilities: Unrecognized profile 1879048704 for video/x-vnd.on2.vp8
11-27 01:34:32.563 20876 20930 W VideoCapabilities: Unrecognized level 1879048707 for video/x-vnd.on2.vp8
11-27 01:34:32.563 20876 20930 W VideoCapabilities: Unrecognized profile 1879048704 for video/x-vnd.on2.vp8
11-27 01:34:32.564   595   595 I servicemanager: Could not find android.hardware.graphics.allocator.IAllocator/default in the VINTF manifest.
11-27 01:34:32.572 20876 20930 W cr_VAUtil: Unknown profile: 1879048704 for codec video/x-vnd.on2.vp8
11-27 01:34:32.583 20793 20855 I tflite  : Initialized TensorFlow Lite runtime.
11-27 01:34:32.584 20793 20855 W libc    : Access denied finding property "ro.mediatek.platform"
11-27 01:34:32.584 20793 20855 W libc    : Access denied finding property "ro.chipname"
11-27 01:34:32.584 20793 20855 W libc    : Access denied finding property "ro.hardware.chipname"
11-27 01:34:32.588 30340 20758 I NetworkScheduler.Stats: (REDACTED) Task %s/%s finished executing. cause:%s result: %s elapsed_millis: %s uptime_millis: %s exec_start_elapsed_seconds: %s
11-27 01:34:32.588  1011  1189 I ASH     : @ 392124.759: tcs3701: stop power rail pending_off timer
11-27 01:34:32.588  1011  1189 D ASH     : @ 392124.759: tcs3701: start power rail timer, state:3
11-27 01:34:32.612  1795  3789 D ConnectivityService: requestNetwork for uid/pid:10010/20793 activeRequest: null callbackRequest: 11257 [NetworkRequest [ REQUEST id=11258, [ Capabilities: INTERNET&NOT_RESTRICTED&TRUSTED&NOT_VCN_MANAGED Uid: 10010 RequestorUid: 10010 RequestorPkg: com.chrome.canary UnderlyingNetworks: Null] ]] callback flags: 0 order: 2147483647
11-27 01:34:32.614  1795  2424 D WifiNetworkFactory: got request NetworkRequest [ REQUEST id=11258, [ Capabilities: INTERNET&NOT_RESTRICTED&TRUSTED&NOT_VCN_MANAGED Uid: 10010 RequestorUid: 10010 RequestorPkg: com.chrome.canary UnderlyingNetworks: Null] ]
11-27 01:34:32.614  1795  2424 V WifiNetworkFactory: Accepted network request NetworkRequest [ REQUEST id=11258, [ Capabilities: INTERNET&NOT_RESTRICTED&TRUSTED&NOT_VCN_MANAGED Uid: 10010 RequestorUid: 10010 RequestorPkg: com.chrome.canary UnderlyingNetworks: Null] ]
11-27 01:34:32.614  1795  2424 D UntrustedWifiNetworkFactory: got request NetworkRequest [ REQUEST id=11258, [ Capabilities: INTERNET&NOT_RESTRICTED&TRUSTED&NOT_VCN_MANAGED Uid: 10010 RequestorUid: 10010 RequestorPkg: com.chrome.canary UnderlyingNetworks: Null] ]
11-27 01:34:32.614  1795  2424 D OemPaidWifiNetworkFactory: got request NetworkRequest [ REQUEST id=11258, [ Capabilities: INTERNET&NOT_RESTRICTED&TRUSTED&NOT_VCN_MANAGED Uid: 10010 RequestorUid: 10010 RequestorPkg: com.chrome.canary UnderlyingNetworks: Null] ]
11-27 01:34:32.614  1795  2424 D MultiInternetWifiNetworkFactory: got request NetworkRequest [ REQUEST id=11258, [ Capabilities: INTERNET&NOT_RESTRICTED&TRUSTED&NOT_VCN_MANAGED Uid: 10010 RequestorUid: 10010 RequestorPkg: com.chrome.canary UnderlyingNetworks: Null] ]
11-27 01:34:32.614  1795  2432 D ConnectivityService: NetReassign [11258 : null → 100] [c 0] [a 0] [i 2]
11-27 01:34:32.618  3563  3581 D MediaProvider: Open with FUSE. FilePath: /storage/emulated/0/Download/batterymanager-companion-1.0.0.zip. Uid: 10010. Media Capabilities Uid: 0. ShouldRedact: false. ShouldTranscode: false
11-27 01:34:32.619  1795  2432 D ConnectivityService: NetReassign [no changes] [c 0] [a 1] [i 3]
11-27 01:34:32.628  1011  1189 I ASH     : @ 392124.799: tcs3701: stop power rail pending_off timer
11-27 01:34:32.628  1011  1189 D ASH     : @ 392124.799: tcs3701: start power rail timer, state:3
11-27 01:34:32.631  3563  3581 D MediaProvider: Open with FUSE. FilePath: /storage/emulated/0/Download/com.example.batterymanager_utility (1).apk. Uid: 10010. Media Capabilities Uid: 0. ShouldRedact: false. ShouldTranscode: false
11-27 01:34:32.631 20793 20793 I cr_InactivityTracker: Last background time read from the SharedPreference is:-1.
11-27 01:34:32.633 20793 20793 I cr_VideoPersist: Exited picture in picture with reason: 0
11-27 01:34:32.635 20793 20793 I cr_InactivityTracker: Last visible time read from the SharedPreference is:1701045013996.
11-27 01:34:32.641  3563  3581 D MediaProvider: Open with FUSE. FilePath: /storage/emulated/0/Download/com.example.batterymanager_utility.apk. Uid: 10010. Media Capabilities Uid: 0. ShouldRedact: false. ShouldTranscode: false
11-27 01:34:32.650  8427  8467 I BatteryMgr:DataCollectionService: stats => 1701045272650,10375,4442,2136,4169000,100
11-27 01:34:32.650 20793 20793 I cr_PwaRestore: Not showing PWA Restore promo, feature flag is disabled
11-27 01:34:32.659 20793 20793 I cr_InactivityTracker: Last visible time read from the SharedPreference is:1701045272634.
11-27 01:34:32.668  1011  1189 I ASH     : @ 392124.839: tcs3701: stop power rail pending_off timer
11-27 01:34:32.668  1011  1189 D ASH     : @ 392124.839: tcs3701: start power rail timer, state:3
11-27 01:34:32.709  1011  1189 I ASH     : @ 392124.879: tcs3701: stop power rail pending_off timer
11-27 01:34:32.709  1011  1189 D ASH     : @ 392124.879: tcs3701: start power rail timer, state:3
11-27 01:34:32.722 20793 20855 W chromium: [WARNING:ev_root_ca_metadata.cc(119)] Not implemented
11-27 01:34:32.723 20793 20855 W chromium: [WARNING:ev_root_ca_metadata.cc(119)] Not implemented
11-27 01:34:32.739 20793 20857 W chromium: [WARNING:ev_root_ca_metadata.cc(119)] Not implemented
11-27 01:34:32.748  1011  1189 I ASH     : @ 392124.919: tcs3701: stop power rail pending_off timer
11-27 01:34:32.749  1011  1189 D ASH     : @ 392124.919: tcs3701: start power rail timer, state:3
11-27 01:34:32.755  8427  8467 I BatteryMgr:DataCollectionService: stats => 1701045272755,10375,4442,2136,4169000,100
11-27 01:34:32.788  1011  1189 I ASH     : @ 392124.959: tcs3701: stop power rail pending_off timer
11-27 01:34:32.788  1011  1189 D ASH     : @ 392124.959: tcs3701: start power rail timer, state:3
11-27 01:34:32.828  1011  1189 I ASH     : @ 392124.999: tcs3701: stop power rail pending_off timer
11-27 01:34:32.828  1011  1189 D ASH     : @ 392124.999: tcs3701: start power rail timer, state:3
11-27 01:34:32.859 20793 20793 I Choreographer: Skipped 68 frames!  The application may be doing too much work on its main thread.
11-27 01:34:32.860  8427  8467 I BatteryMgr:DataCollectionService: stats => 1701045272860,10375,4442,2136,4169000,100
11-27 01:34:32.869  1011  1189 I ASH     : @ 392125.039: tcs3701: stop power rail pending_off timer
11-27 01:34:32.869  1011  1189 D ASH     : @ 392125.039: tcs3701: start power rail timer, state:3
11-27 01:34:32.876 20793 20793 I cr_PolicyProvider: #notifySettingsAvailable() 0
11-27 01:34:32.876 20793 20793 I cr_CombinedPProvider: #onSettingsAvailable() 0
11-27 01:34:32.876 20793 20793 I cr_CombinedPProvider: #flushPolicies()
11-27 01:34:32.876 20793 20793 I cr_PolicyService: #onPolicyServiceInitialized()
11-27 01:34:32.877 20793 20793 I cr_PolicyProvider: #notifySettingsAvailable() 0
11-27 01:34:32.877 20793 20793 I cr_CombinedPProvider: #onSettingsAvailable() 0
11-27 01:34:32.877 20793 20793 I cr_CombinedPProvider: #flushPolicies()
11-27 01:34:32.883 20793 20840 I OpenGLRenderer: Davey! duration=769ms; Flags=0, FrameTimelineVsyncId=204895794, IntendedVsync=374294759725623, Vsync=374295516942683, InputEventId=0, HandleInputStart=374295519690305, AnimationStart=374295519691711, PerformTraversalsStart=374295520021920, DrawStart=374295524844837, FrameDeadline=374294787348883, FrameInterval=374295519635982, FrameStartTime=11135545, SyncQueued=374295525803691, SyncStart=374295525841712, IssueDrawCommandsStart=374295525976452, SwapBuffers=374295527185931, FrameCompleted=374295529462754, DequeueBufferDuration=11771, QueueBufferDuration=222084, GpuCompleted=374295529462754, SwapBuffersCompleted=374295527744629, DisplayPresentTime=0, CommandSubmissionCompleted=374295527185931, 
11-27 01:34:32.909  1011  1189 I ASH     : @ 392125.079: tcs3701: stop power rail pending_off timer
11-27 01:34:32.909  1011  1189 D ASH     : @ 392125.079: tcs3701: start power rail timer, state:3
11-27 01:34:32.911 20793 20793 V MediaRouter: Selecting route: RouteInfo{ name=Phone, description=null, status=null, category=RouteCategory{ name=System types=ROUTE_TYPE_LIVE_AUDIO ROUTE_TYPE_LIVE_VIDEO  groupable=false }, supportedTypes=ROUTE_TYPE_LIVE_AUDIO ROUTE_TYPE_LIVE_VIDEO , presentationDisplay=null }
11-27 01:34:32.948  1011  1189 I ASH     : @ 392125.119: tcs3701: stop power rail pending_off timer
11-27 01:34:32.948  1011  1189 D ASH     : @ 392125.119: tcs3701: start power rail timer, state:3
11-27 01:34:32.963  8427  8467 I BatteryMgr:DataCollectionService: stats => 1701045272963,10375,4442,2136,4169000,100
11-27 01:34:32.988  1011  1189 I ASH     : @ 392125.159: tcs3701: stop power rail pending_off timer
11-27 01:34:32.988  1011  1189 D ASH     : @ 392125.159: tcs3701: start power rail timer, state:3
11-27 01:34:33.027  1795  4169 D CompatibilityChangeReporter: Compat change id reported: 214016041; UID 10010; state: ENABLED
11-27 01:34:33.028  1011  1189 I ASH     : @ 392125.199: tcs3701: stop power rail pending_off timer
11-27 01:34:33.028  1011  1189 D ASH     : @ 392125.199: tcs3701: start power rail timer, state:3
11-27 01:34:33.029  3375  3375 I GoogleInputMethodService: GoogleInputMethodService.onFinishInput():3154 
11-27 01:34:33.030  3375  3375 I GoogleInputMethodService: GoogleInputMethodService.updateDeviceLockedStatus():2088 repeatCheckTimes = 0, locked = false
11-27 01:34:33.031  3375  3375 I GoogleInputMethodService: GoogleInputMethodService.onStartInput():1883 onStartInput(EditorInfo{EditorInfo{packageName=com.chrome.canary, inputType=0, inputTypeString=NULL, enableLearning=false, autoCorrection=false, autoComplete=false, imeOptions=12000000, privateImeOptions=null, actionName=UNSPECIFIED, actionLabel=null, initialSelStart=-1, initialSelEnd=-1, initialCapsMode=0, label=null, fieldId=-1, fieldName=null, extras=null, hintText=null, hintLocales=[]}}, false)
11-27 01:34:33.031  3375  3375 I GoogleInputMethodService: GoogleInputMethodService.updateDeviceLockedStatus():2088 repeatCheckTimes = 1, locked = false
11-27 01:34:33.068  8427  8467 I BatteryMgr:DataCollectionService: stats => 1701045273068,10375,4442,2136,4169000,100
11-27 01:34:33.068  1011  1189 I ASH     : @ 392125.239: tcs3701: stop power rail pending_off timer
11-27 01:34:33.068  1011  1189 D ASH     : @ 392125.239: tcs3701: start power rail timer, state:3
11-27 01:34:33.099  1795  2424 D WifiClientModeImpl[13802:wlan0]: updateLinkLayerStatsRssiSpeedFrequencyCapabilities rssi=-42 TxLinkspeed=866 freq=5240 RxLinkSpeed=866
11-27 01:34:33.099  1795  2424 D WifiDataStall: tx tput in kbps: 732717
11-27 01:34:33.099  1795  2424 D WifiDataStall: rx tput in kbps: 771281
11-27 01:34:33.100  1795  2424 V WifiConfigManager: Updating scan detail cache freq=5240 BSSID=f4:6d:2f:12:cc:88 RSSI=-42 for "ourhome"WPA_PSK
11-27 01:34:33.100  2782  5906 D QCNEJ/WlanStaInfoRelay: Received action: android.net.wifi.RSSI_CHANGED
11-27 01:34:33.100  2673  2693 V WifiManager: OnWifiUsabilityStatsListener: onWifiUsabilityStats: seqNum=101507
11-27 01:34:33.101  1795  3789 I WifiService: updateWifiUsabilityScore uid=10180 seqNum=101507 score=100 predictionHorizonSec=1441795
11-27 01:34:33.101  1795  2424 D WifiChannelUtilization:  freq: 5240 onTime: 11330607 busyTime: 1047327 onTimeDiff: 1682751 busyTimeDiff: 190841 utilization: 28 utilization t0: 23
11-27 01:34:33.101  1795  2424 D WifiDataStall:  ccaLevel = 28
11-27 01:34:33.101  1795  2424 D WifiDataStall: L2 txTputKbps: 763568, rxTputKbps: 771281, L3 txTputKbps: 49, rxTputKbps: 106, TxTrafficHigh: true, RxTrafficHigh: true, Throughput Sufficient: true
11-27 01:34:33.101  1795  2424 D WifiScoreReport: Wifi scoring disabled - Don't check IP layer
11-27 01:34:33.102  1795  2424 D WifiScoreCard: BSSID update SIGNAL_POLL ID: 1320464697 SSID: "ourhome", BSSID: f4:6d:2f:12:cc:88, MAC: b2:2f:ec:da:4a:0c, IP: /192.168.1.104, Security type: 2, Supplicant state: COMPLETED, Wi-Fi standard: 5, RSSI: -42, Link speed: 866Mbps, Tx Link speed: 866Mbps, Max Supported Tx Link speed: 866Mbps, Rx Link speed: 866Mbps, Max Supported Rx Link speed: 866Mbps, Frequency: 5240MHz, Net ID: 12, Metered hint: false, score: 60, isUsable: true, CarrierMerged: false, SubscriptionId: -1, IsPrimary: 1, Trusted: true, Restricted: false, Ephemeral: false, OEM paid: false, OEM private: false, OSU AP: false, FQDN: <none>, Provider friendly name: <none>, Requesting package name: <none>"ourhome"wpa2-pskMLO Information: , Is TID-To-Link negotiation supported by the AP: false, AP MLD Address: <none>, AP MLO Link Id: <none>, AP MLO Affiliated links: <none>
11-27 01:34:33.102  1795  2424 D WifiScoreCard: txRate: 14 txSpeed: 866
11-27 01:34:33.102  1795  2424 D WifiScoreCard: network update SIGNAL_POLL "ourhome" ID: 1499892569 RSSI -42 txSpeed 866
11-27 01:34:33.102  1795  2424 D WifiClientModeImpl[13802:wlan0]:  ClientModeImpl$L2ConnectedState screen=on 37 0 "ourhome" f4:6d:2f:12:cc:88 rssi=-42 f=5240 sc=60 link=866 tx=13.2, 0.2, 0.0 rx=7.4 bcn=3714604 [on:482 tx:8 rx:4 period:3013] from screen [on:1694626 period:32838388] score=60
11-27 01:34:33.102  2513 14800 V WifiManager: TrafficStateCallbackProxy: onStateChanged state=3
11-27 01:34:33.102  1795  2424 D WifiScoreReport: Wifi scoring disabled - Notify that Wifi is usable
11-27 01:34:33.106  1795  2432 D ConnectivityService: NetReassign [no changes] [c 0] [a 0] [i 3]
11-27 01:34:33.111  1011  1189 I ASH     : @ 392125.279: tcs3701: stop power rail pending_off timer
11-27 01:34:33.111  1011  1189 D ASH     : @ 392125.279: tcs3701: start power rail timer, state:3
11-27 01:34:33.123  1795  3789 D ActivityManager: freezer override set to true
11-27 01:34:33.148  1011  1189 I ASH     : @ 392125.319: tcs3701: stop power rail pending_off timer
11-27 01:34:33.149  1011  1189 D ASH     : @ 392125.319: tcs3701: start power rail timer, state:3
11-27 01:34:33.173 20793 20856 I cr_ADCP : No customization source found
11-27 01:34:33.173  8427  8467 I BatteryMgr:DataCollectionService: stats => 1701045273173,10375,4442,2136,4169000,100
11-27 01:34:33.179 20793 20856 E cr_PartnerBMReader: ATTENTION: not using partner bookmarks as none were provided
11-27 01:34:33.188  1011  1189 I ASH     : @ 392125.359: tcs3701: stop power rail pending_off timer
11-27 01:34:33.188  1011  1189 D ASH     : @ 392125.359: tcs3701: start power rail timer, state:3
11-27 01:34:33.218 20793 20793 I Choreographer: Skipped 31 frames!  The application may be doing too much work on its main thread.
11-27 01:34:33.228  1011  1189 I ASH     : @ 392125.399: tcs3701: stop power rail pending_off timer
11-27 01:34:33.228  1011  1189 D ASH     : @ 392125.399: tcs3701: start power rail timer, state:3
11-27 01:34:33.269  1011  1189 I ASH     : @ 392125.439: tcs3701: stop power rail pending_off timer
11-27 01:34:33.269  1011  1189 D ASH     : @ 392125.439: tcs3701: start power rail timer, state:3
11-27 01:34:33.277  8427  8467 I BatteryMgr:DataCollectionService: stats => 1701045273277,10375,4442,2136,4169000,100
11-27 01:34:33.308  1011  1189 I ASH     : @ 392125.479: tcs3701: stop power rail pending_off timer
11-27 01:34:33.308  1011  1189 D ASH     : @ 392125.479: tcs3701: start power rail timer, state:3
11-27 01:34:33.348  1011  1189 I ASH     : @ 392125.519: tcs3701: stop power rail pending_off timer
11-27 01:34:33.348  1011  1189 D ASH     : @ 392125.519: tcs3701: start power rail timer, state:3
11-27 01:34:33.382  8427  8467 I BatteryMgr:DataCollectionService: stats => 1701045273382,10375,4442,2136,4169000,100
11-27 01:34:33.389  1011  1189 I ASH     : @ 392125.559: tcs3701: stop power rail pending_off timer
11-27 01:34:33.389  1011  1189 D ASH     : @ 392125.559: tcs3701: start power rail timer, state:3
11-27 01:34:33.428  1011  1189 I ASH     : @ 392125.599: tcs3701: stop power rail pending_off timer
11-27 01:34:33.428  1011  1189 D ASH     : @ 392125.599: tcs3701: start power rail timer, state:3
11-27 01:34:33.430  1795  3789 D ActivityManager: freezer override set to false
11-27 01:34:33.456 30429 30429 D BoundBrokerSvc: onBind: Intent { act=com.google.android.gms.feedback.internal.IFeedbackService dat=chimera-action:/... cmp=com.google.android.gms/.chimera.GmsBoundBrokerService }
11-27 01:34:33.456 30429 30429 D BoundBrokerSvc: Loading bound service for intent: Intent { act=com.google.android.gms.feedback.internal.IFeedbackService dat=chimera-action:/... cmp=com.google.android.gms/.chimera.GmsBoundBrokerService }
11-27 01:34:33.458 30429 30429 E AbstractGmsTracer: Traced class shouldn't be obfuscated: FeedbackBoundService [CONTEXT service_id=259 ]
11-27 01:34:33.465 30429 30429 E AbstractGmsTracer: Traced class shouldn't be obfuscated: AppIndexingChimeraService [CONTEXT service_id=259 ]
11-27 01:34:33.468  1011  1189 I ASH     : @ 392125.639: tcs3701: stop power rail pending_off timer
11-27 01:34:33.468  1011  1189 D ASH     : @ 392125.639: tcs3701: start power rail timer, state:3
11-27 01:34:33.473 30429 30429 E AbstractGmsTracer: Traced class shouldn't be obfuscated: IndexChimeraService [CONTEXT service_id=259 ]
11-27 01:34:33.479 30429 30429 E AbstractGmsTracer: Traced class shouldn't be obfuscated: GmsBoundBrokerChimeraService [CONTEXT service_id=259 ]
11-27 01:34:33.483 30429 30429 D BoundBrokerSvc: onBind: Intent { act=com.google.android.gms.common.BIND_SHARED_PREFS pkg=com.google.android.gms }
11-27 01:34:33.483 30429 30429 D BoundBrokerSvc: Loading bound service for intent: Intent { act=com.google.android.gms.common.BIND_SHARED_PREFS pkg=com.google.android.gms }
11-27 01:34:33.485 30429 30429 E AbstractGmsTracer: Traced class shouldn't be obfuscated: SharedPreferencesBoundService [CONTEXT service_id=259 ]
11-27 01:34:33.488 30429 30429 E AbstractGmsTracer: Traced class shouldn't be obfuscated: IndexWorkerChimeraService [CONTEXT service_id=259 ]
11-27 01:34:33.489  8427  8467 I BatteryMgr:DataCollectionService: stats => 1701045273489,10375,4442,2136,4169000,100
11-27 01:34:33.490 30429 30429 D BoundBrokerSvc: onUnbind: Intent { act=com.google.android.gms.common.BIND_SHARED_PREFS pkg=com.google.android.gms }
11-27 01:34:33.495 30429 30531 I Icing   : IndexChimeraService.getServiceInterface callingPackage=com.google.android.gms componentName=null serviceId=30
11-27 01:34:33.497 30340 30352 I Auth    : [RequestTokenOperation] Facet event logged for AUTH_ACCOUNT_BASE_TOKEN_RETURNED [CONTEXT service_id=343 ]
11-27 01:34:33.508  1011  1189 I ASH     : @ 392125.679: tcs3701: stop power rail pending_off timer
11-27 01:34:33.508  1011  1189 D ASH     : @ 392125.679: tcs3701: start power rail timer, state:3
11-27 01:34:33.538 20793 20856 W chromium: [WARNING:ev_root_ca_metadata.cc(119)] Not implemented
11-27 01:34:33.538 20793 20856 W chromium: [WARNING:ev_root_ca_metadata.cc(119)] Not implemented
11-27 01:34:33.548  1011  1189 I ASH     : @ 392125.719: tcs3701: stop power rail pending_off timer
11-27 01:34:33.548  1011  1189 D ASH     : @ 392125.719: tcs3701: start power rail timer, state:3
11-27 01:34:33.588  1011  1189 I ASH     : @ 392125.759: tcs3701: stop power rail pending_off timer
11-27 01:34:33.588  1011  1189 D ASH     : @ 392125.759: tcs3701: start power rail timer, state:3
11-27 01:34:33.588  1795  3789 D CompatibilityChangeReporter: Compat change id reported: 161252188; UID 10010; state: DISABLED
11-27 01:34:33.592  1795  2120 D CompatibilityChangeReporter: Compat change id reported: 143937733; UID 10010; state: ENABLED
11-27 01:34:33.594 30429 25873 I Icing   : Usage reports ok 6, Failed Usage reports 0, indexed 5, rejected 0
11-27 01:34:33.598 20841 20841 D Zygote  : Forked child process 20974
11-27 01:34:33.599  1795  2120 I ActivityManager: Start proc 20974:com.chrome.canary:sandboxed_process0:org.chromium.content.app.SandboxedProcessService0:1/u0ai1 for  {com.chrome.canary/org.chromium.content.app.SandboxedProcessService0:1}
11-27 01:34:33.599  3657  3683 D ForegroundUtils: Foreground UID status:
11-27 01:34:33.600  3657  3683 D ForegroundUtils: UID: 10010 is in foreground: true
11-27 01:34:33.600  3657  3683 D ForegroundUtils: UID: 10128 is in foreground: true
11-27 01:34:33.600  3657  3683 D ForegroundUtils: UID: 10158 is in foreground: true
11-27 01:34:33.600  3657  3683 D ForegroundUtils: UID: 10189 is in foreground: false
11-27 01:34:33.600  3657  3683 D ForegroundUtils: UID: 10194 is in foreground: true
11-27 01:34:33.600  3657  3683 D ForegroundUtils: UID: 10206 is in foreground: false
11-27 01:34:33.600  3657  3683 D ForegroundUtils: UID: 10233 is in foreground: true
11-27 01:34:33.600  3657  3683 D ForegroundUtils: UID: 10244 is in foreground: false
11-27 01:34:33.600  3657  3683 D ForegroundUtils: UID: 90000 is in foreground: true
11-27 01:34:33.600  3657  3683 D ForegroundUtils: UID: 99004 is in foreground: true
11-27 01:34:33.601  8427  8467 I BatteryMgr:DataCollectionService: stats => 1701045273601,10375,4442,2136,4169000,100
11-27 01:34:33.602 20974 20974 E libc    : SetHeapTaggingLevel: re-enabling tagging after it was disabled is not supported
11-27 01:34:33.608 20974 20974 I ocessService0:1: Using CollectorTypeCC GC.
11-27 01:34:33.619  1383  1442 I adbd    : jdwp connection from 20974
11-27 01:34:33.628  1011  1189 I ASH     : @ 392125.799: tcs3701: stop power rail pending_off timer
11-27 01:34:33.629  1011  1189 D ASH     : @ 392125.799: tcs3701: start power rail timer, state:3
11-27 01:34:33.633 20974 20974 I ActivityThread: Relaunch all activities: onCoreSettingsChange
11-27 01:34:33.634 20974 20974 D CompatibilityChangeReporter: Compat change id reported: 171979766; UID 90001; state: ENABLED
11-27 01:34:33.639  1795  4169 D ActivityManager: freezer override set to true
11-27 01:34:33.650 20974 20974 I LoadedApk: No resource references to update in package com.google.android.trichromelibrary.canary
11-27 01:34:33.650 20974 20974 D NetworkSecurityConfig: Using Network Security Config from resource 0_resource_name_obfuscated debugBuild: false
11-27 01:34:33.651 20974 20974 D NetworkSecurityConfig: Using Network Security Config from resource 0_resource_name_obfuscated debugBuild: false
11-27 01:34:33.652 20974 20974 I cr_SplitCompatApp: Launched version=121.0.6145.0 minSdkVersion=29 isBundle=true processName=com.chrome.canary:sandboxed_process0:org.chromium.content.app.SandboxedProcessService0:1 isIsolated=true
11-27 01:34:33.660 20974 20974 W SystemServiceRegistry: No service published for: uimode
11-27 01:34:33.666 20974 20974 I cr_ChildProcessService: Creating new ChildProcessService pid=20974
11-27 01:34:33.669  1011  1189 I ASH     : @ 392125.839: tcs3701: stop power rail pending_off timer
11-27 01:34:33.669  1011  1189 D ASH     : @ 392125.839: tcs3701: start power rail timer, state:3
11-27 01:34:33.675 20974 20994 I cr_LibraryLoader: Successfully loaded native library
11-27 01:34:33.676 20974 20994 I cr_CachingUmaRecorder: Flushed 3 samples from 3 histograms, 0 samples were dropped.
11-27 01:34:33.700 20974 20994 I chromium: [INFO:child_process_service.cc(69)] ChildProcessService: Exiting child process.
11-27 01:34:33.702  1795  3789 I ActivityManager: Killing 20974:com.chrome.canary:sandboxed_process0:org.chromium.content.app.SandboxedProcessService0:1/u0a10i-8999 (adj 0): isolated not needed
11-27 01:34:33.703  1795  2145 I libprocessgroup: Successfully killed process cgroup uid 90001 pid 20974 in 0ms
11-27 01:34:33.707  8427  8467 I BatteryMgr:DataCollectionService: stats => 1701045273707,10375,4442,2136,4169000,100
11-27 01:34:33.709  1011  1189 I ASH     : @ 392125.879: tcs3701: stop power rail pending_off timer
11-27 01:34:33.709  1011  1189 D ASH     : @ 392125.879: tcs3701: start power rail timer, state:3
11-27 01:34:33.718 20841 20841 I Zygote  : Process 20974 exited cleanly (0)
11-27 01:34:33.719 20793 20793 W chromium: [WARNING:compositor_view.cc(339)] Child process died (type=6) pid=20974)
11-27 01:34:33.720  3657  3683 D ForegroundUtils: UID: 90001 deleted.
11-27 01:34:33.724  1795  2150 E system_server: updateValue is called with a value 38846055, which is lower than the previous value 38863853
11-27 01:34:33.724  1795  2150 E system_server: updateValue is called with a value 18, which is lower than the previous value 24
11-27 01:34:33.749  1011  1189 I ASH     : @ 392125.919: tcs3701: stop power rail pending_off timer
11-27 01:34:33.749  1011  1189 D ASH     : @ 392125.919: tcs3701: start power rail timer, state:3
11-27 01:34:33.786 20793 20964 I m.chrome.canary: Explicit concurrent copying GC freed 855383(31MB) AllocSpace objects, 27(924KB) LOS objects, 75% free, 8998KB/35MB, paused 140us,495us total 58.215ms
11-27 01:34:33.788  1011  1189 I ASH     : @ 392125.959: tcs3701: stop power rail pending_off timer
11-27 01:34:33.788  1011  1189 D ASH     : @ 392125.959: tcs3701: start power rail timer, state:3
11-27 01:34:33.813  8427  8467 I BatteryMgr:DataCollectionService: stats => 1701045273813,10375,4442,2136,4169000,100
11-27 01:34:33.829  1011  1189 I ASH     : @ 392125.999: tcs3701: stop power rail pending_off timer
11-27 01:34:33.829  1011  1189 D ASH     : @ 392125.999: tcs3701: start power rail timer, state:3
11-27 01:34:33.842  1795  4169 D ActivityManager: freezer override set to false
11-27 01:34:33.868  1011  1189 I ASH     : @ 392126.039: tcs3701: stop power rail pending_off timer
11-27 01:34:33.868  1011  1189 D ASH     : @ 392126.039: tcs3701: start power rail timer, state:3
11-27 01:34:33.889  1795  4169 D ActivityManager: freezer override set to true
11-27 01:34:33.896  1795  4169 D ActivityManager: freezer override set to false
11-27 01:34:33.908  1011  1189 I ASH     : @ 392126.079: tcs3701: stop power rail pending_off timer
11-27 01:34:33.909  1011  1189 D ASH     : @ 392126.079: tcs3701: start power rail timer, state:3
11-27 01:34:33.918  8427  8467 I BatteryMgr:DataCollectionService: stats => 1701045273918,10375,4442,2136,4169000,100
11-27 01:34:33.942  1795  4169 D ActivityManager: freezer override set to true
11-27 01:34:33.945  1795  4169 D ActivityManager: freezer override set to false
11-27 01:34:33.949  1011  1189 I ASH     : @ 392126.119: tcs3701: stop power rail pending_off timer
11-27 01:34:33.949  1011  1189 D ASH     : @ 392126.119: tcs3701: start power rail timer, state:3
11-27 01:34:33.988  1011  1189 I ASH     : @ 392126.159: tcs3701: stop power rail pending_off timer
11-27 01:34:33.988  1011  1189 D ASH     : @ 392126.159: tcs3701: start power rail timer, state:3
11-27 01:34:34.025  8427  8467 I BatteryMgr:DataCollectionService: stats => 1701045274025,10375,4442,2136,4169000,100
11-27 01:34:34.029  1011  1189 I ASH     : @ 392126.199: tcs3701: stop power rail pending_off timer
11-27 01:34:34.029  1011  1189 D ASH     : @ 392126.199: tcs3701: start power rail timer, state:3
11-27 01:34:34.068  1011  1189 I ASH     : @ 392126.239: tcs3701: stop power rail pending_off timer
11-27 01:34:34.068  1011  1189 D ASH     : @ 392126.239: tcs3701: start power rail timer, state:3
11-27 01:34:34.109  1011  1189 I ASH     : @ 392126.279: tcs3701: stop power rail pending_off timer
11-27 01:34:34.109  1011  1189 D ASH     : @ 392126.279: tcs3701: start power rail timer, state:3
11-27 01:34:34.120  1795  4169 I ActivityManager: Background started FGS: Allowed [callingPackage: com.android.shell; callingUid: 2000; uidState: NONE; intent: Intent { cmp=com.example.batterymanager_utility/.DataCollectionService (has extras) }; code:SYSTEM_UID; tempAllowListReason:<,reasonCode:SYSTEM_ALLOW_LISTED,duration:9223372036854775807,callingUid:-1>; targetSdkVersion:33; callerTargetSdkVersion:33; startForegroundCount:0; bindFromPackage:null]
11-27 01:34:34.123  1795  4169 D ActivityManager: freezer override set to true
11-27 01:34:34.127  8427  8427 I BatteryMgr:DataCollectionService: onStartCommand: begin
11-27 01:34:34.127  8427  8427 I BatteryMgr:DataCollectionService: onStartCommand: sampleRate => 100
11-27 01:34:34.127  8427  8427 I BatteryMgr:DataCollectionService: onStartCommand: rawFields => Timestamp,BATTERY_PROPERTY_CURRENT_NOW,EXTRA_VOLTAGE,BATTERY_PROPERTY_CURRENT_AVERAGE,BATTERY_PROPERTY_CHARGE_COUNTER,BATTERY_PROPERTY_CAPACITY
11-27 01:34:34.128  1795  4169 D ActivityManager: freezer override set to false
11-27 01:34:34.128  8427  8427 I BatteryMgr:DataCollectionService: onStartCommand: notification done
11-27 01:34:34.131  8427  8427 I BatteryMgr:DataCollectionService: started foreground
11-27 01:34:34.132  8427  8467 I BatteryMgr:DataCollectionService: stats => 1701045274132,10375,4442,2136,4169000,100
11-27 01:34:34.134  8427  8467 I BatteryMgr:DataCollectionService: collectData: begin
11-27 01:34:34.138  8427  8467 I BatteryMgr:DataCollectionService: stats => 1701045274138,10375,4442,2136,4169000,100
11-27 01:34:34.149  1011  1189 I ASH     : @ 392126.319: tcs3701: stop power rail pending_off timer
11-27 01:34:34.149  1011  1189 D ASH     : @ 392126.319: tcs3701: start power rail timer, state:3
11-27 01:34:34.176 20876 20906 I AdrenoVK-0: QUALCOMM build          : 4783c89, I46ff5fc46f
11-27 01:34:34.176 20876 20906 I AdrenoVK-0: Build Date              : 11/30/20
11-27 01:34:34.176 20876 20906 I AdrenoVK-0: Shader Compiler Version : EV031.31.04.01
11-27 01:34:34.176 20876 20906 I AdrenoVK-0: Local Branch            : QPR2
11-27 01:34:34.176 20876 20906 I AdrenoVK-0: Remote Branch           : 
11-27 01:34:34.176 20876 20906 I AdrenoVK-0: Remote Branch           : 
11-27 01:34:34.176 20876 20906 I AdrenoVK-0: Reconstruct Branch      : 
11-27 01:34:34.176 20876 20906 I AdrenoVK-0: Build Config            : S P 10.0.4 AArch64
11-27 01:34:34.176 20876 20906 I AdrenoVK-0: Driver Path             : /vendor/lib64/hw/vulkan.adreno.so
11-27 01:34:34.188  1011  1189 I ASH     : @ 392126.359: tcs3701: stop power rail pending_off timer
11-27 01:34:34.188  1011  1189 D ASH     : @ 392126.359: tcs3701: start power rail timer, state:3
11-27 01:34:34.228  1011  1189 I ASH     : @ 392126.399: tcs3701: stop power rail pending_off timer
11-27 01:34:34.228  1011  1189 D ASH     : @ 392126.399: tcs3701: start power rail timer, state:3
