11-27 01:45:44.989  1011  1189 I ASH     : @ 392797.159: tcs3701: stop power rail pending_off timer
11-27 01:45:44.989  1011  1189 D ASH     : @ 392797.159: tcs3701: start power rail timer, state:3
11-27 01:45:45.009  8427  8467 I BatteryMgr:DataCollectionService: stats => 1701045945009,11901,4442,2136,4169000,100
11-27 01:45:45.027  1795  3784 D ActivityManager: freezer override set to true
11-27 01:45:45.029  1011  1189 I ASH     : @ 392797.199: tcs3701: stop power rail pending_off timer
11-27 01:45:45.029  1011  1189 D ASH     : @ 392797.199: tcs3701: start power rail timer, state:3
11-27 01:45:45.053  2113  2118 I pixel-thermal: skin-therm-monitor: 39.693
11-27 01:45:45.068  1011  1189 I ASH     : @ 392797.239: tcs3701: stop power rail pending_off timer
11-27 01:45:45.068  1011  1189 D ASH     : @ 392797.239: tcs3701: start power rail timer, state:3
11-27 01:45:45.081  8427  8467 I BatteryMgr:DataCollectionService: stats => 1701045945081,11901,4442,2136,4169000,100
11-27 01:45:45.109  1011  1189 I ASH     : @ 392797.279: tcs3701: stop power rail pending_off timer
11-27 01:45:45.109  1011  1189 D ASH     : @ 392797.279: tcs3701: start power rail timer, state:3
11-27 01:45:45.115  8427  8467 I BatteryMgr:DataCollectionService: stats => 1701045945115,11901,4442,2136,4169000,100
11-27 01:45:45.149  1011  1189 I ASH     : @ 392797.319: tcs3701: stop power rail pending_off timer
11-27 01:45:45.149  1011  1189 D ASH     : @ 392797.319: tcs3701: start power rail timer, state:3
11-27 01:45:45.185  8427  8467 I BatteryMgr:DataCollectionService: stats => 1701045945185,11901,4442,2136,4169000,100
11-27 01:45:45.189  1011  1189 I ASH     : @ 392797.359: tcs3701: stop power rail pending_off timer
11-27 01:45:45.189  1011  1189 D ASH     : @ 392797.359: tcs3701: start power rail timer, state:3
11-27 01:45:45.221  8427  8467 I BatteryMgr:DataCollectionService: stats => 1701045945221,11901,4442,2136,4169000,100
11-27 01:45:45.228  7643  7657 I m.chrome.canary: Explicit concurrent copying GC freed 8360(448KB) AllocSpace objects, 12(576KB) LOS objects, 75% free, 14MB/57MB, paused 84us,23us total 153.474ms
11-27 01:45:45.228  1011  1189 I ASH     : @ 392797.399: tcs3701: stop power rail pending_off timer
11-27 01:45:45.228  1011  1189 D ASH     : @ 392797.399: tcs3701: start power rail timer, state:3
11-27 01:45:45.269  1011  1189 I ASH     : @ 392797.439: tcs3701: stop power rail pending_off timer
11-27 01:45:45.269  1011  1189 D ASH     : @ 392797.439: tcs3701: start power rail timer, state:3
11-27 01:45:45.289  8427  8467 I BatteryMgr:DataCollectionService: stats => 1701045945289,11901,4442,2136,4169000,100
11-27 01:45:45.301  1795  3784 D ActivityManager: freezer override set to false
11-27 01:45:45.308  1011  1189 I ASH     : @ 392797.479: tcs3701: stop power rail pending_off timer
11-27 01:45:45.308  1011  1189 D ASH     : @ 392797.479: tcs3701: start power rail timer, state:3
11-27 01:45:45.331  8427  8467 I BatteryMgr:DataCollectionService: stats => 1701045945330,11901,4442,2136,4169000,100
11-27 01:45:45.349  1011  1189 I ASH     : @ 392797.519: tcs3701: stop power rail pending_off timer
11-27 01:45:45.349  1011  1189 D ASH     : @ 392797.519: tcs3701: start power rail timer, state:3
11-27 01:45:45.356  1795  3784 D ActivityManager: freezer override set to true
11-27 01:45:45.358  1795  3784 D ActivityManager: freezer override set to false
11-27 01:45:45.389  1795  2424 D WifiClientModeImpl[13802:wlan0]: updateLinkLayerStatsRssiSpeedFrequencyCapabilities rssi=-43 TxLinkspeed=866 freq=5240 RxLinkSpeed=866
11-27 01:45:45.389  1011  1189 I ASH     : @ 392797.559: tcs3701: stop power rail pending_off timer
11-27 01:45:45.389  1011  1189 D ASH     : @ 392797.559: tcs3701: start power rail timer, state:3
11-27 01:45:45.389  1795  2424 D WifiDataStall: tx tput in kbps: 771281
11-27 01:45:45.389  1795  2424 D WifiDataStall: rx tput in kbps: 771281
11-27 01:45:45.389  1795  2424 V WifiConfigManager: Updating scan detail cache freq=5240 BSSID=f4:6d:2f:12:cc:88 RSSI=-43 for "ourhome"WPA_PSK
11-27 01:45:45.389  1795  2424 D WifiChannelUtilization:  freq: 5240 onTime: 11358635 busyTime: 1048981 onTimeDiff: 1710779 busyTimeDiff: 192495 utilization: 28 utilization t0: 23
11-27 01:45:45.389  1795  2424 D WifiDataStall:  ccaLevel = 28
11-27 01:45:45.390  1795  2424 D WifiDataStall: L2 txTputKbps: 771281, rxTputKbps: 771281, L3 txTputKbps: 133, rxTputKbps: 75, TxTrafficHigh: true, RxTrafficHigh: true, Throughput Sufficient: true
11-27 01:45:45.390  1795  2424 D WifiScoreReport: Wifi scoring disabled - Don't check IP layer
11-27 01:45:45.390  1795  2424 D WifiScoreCard: BSSID update SIGNAL_POLL ID: 1320464697 SSID: "ourhome", BSSID: f4:6d:2f:12:cc:88, MAC: b2:2f:ec:da:4a:0c, IP: /192.168.1.104, Security type: 2, Supplicant state: COMPLETED, Wi-Fi standard: 5, RSSI: -43, Link speed: 866Mbps, Tx Link speed: 866Mbps, Max Supported Tx Link speed: 866Mbps, Rx Link speed: 866Mbps, Max Supported Rx Link speed: 866Mbps, Frequency: 5240MHz, Net ID: 12, Metered hint: false, score: 60, isUsable: true, CarrierMerged: false, SubscriptionId: -1, IsPrimary: 1, Trusted: true, Restricted: false, Ephemeral: false, OEM paid: false, OEM private: false, OSU AP: false, FQDN: <none>, Provider friendly name: <none>, Requesting package name: <none>"ourhome"wpa2-pskMLO Information: , Is TID-To-Link negotiation supported by the AP: false, AP MLD Address: <none>, AP MLO Link Id: <none>, AP MLO Affiliated links: <none>
11-27 01:45:45.390  1795  2424 D WifiScoreCard: txRate: 14 txSpeed: 866
11-27 01:45:45.390  1795  2424 D WifiScoreCard: network update SIGNAL_POLL "ourhome" ID: 1499892569 RSSI -43 txSpeed 866
11-27 01:45:45.390  1795  2424 D WifiClientModeImpl[13802:wlan0]:  ClientModeImpl$L2ConnectedState screen=on 37 0 "ourhome" f4:6d:2f:12:cc:88 rssi=-43 f=5240 sc=60 link=866 tx=13.2, 0.0, 0.0 rx=9.1 bcn=3721153 [on:730 tx:8 rx:5 period:3013] from screen [on:1722654 period:33510676] score=60
11-27 01:45:45.391  2673  2693 V WifiManager: OnWifiUsabilityStatsListener: onWifiUsabilityStats: seqNum=101730
11-27 01:45:45.392  1795  4144 I WifiService: updateWifiUsabilityScore uid=10180 seqNum=101730 score=100 predictionHorizonSec=1441795
11-27 01:45:45.393  1795  2424 D WifiScoreReport: Wifi scoring disabled - Notify that Wifi is usable
11-27 01:45:45.394  1795  2432 D ConnectivityService: NetReassign [no changes] [c 0] [a 0] [i 0]
11-27 01:45:45.395  8427  8467 I BatteryMgr:DataCollectionService: stats => 1701045945395,11901,4442,2136,4169000,100
11-27 01:45:45.400  1795  4144 D ActivityManager: freezer override set to true
11-27 01:45:45.403  1795  4144 D ActivityManager: freezer override set to false
11-27 01:45:45.429  1011  1189 I ASH     : @ 392797.599: tcs3701: stop power rail pending_off timer
11-27 01:45:45.429  1011  1189 D ASH     : @ 392797.599: tcs3701: start power rail timer, state:3
11-27 01:45:45.435  8427  8467 I BatteryMgr:DataCollectionService: stats => 1701045945435,11901,4442,2136,4169000,100
11-27 01:45:45.469  1011  1189 I ASH     : @ 392797.639: tcs3701: stop power rail pending_off timer
11-27 01:45:45.469  1011  1189 D ASH     : @ 392797.639: tcs3701: start power rail timer, state:3
11-27 01:45:45.499  8427  8467 I BatteryMgr:DataCollectionService: stats => 1701045945499,11901,4442,2136,4169000,100
11-27 01:45:45.509  1011  1189 I ASH     : @ 392797.679: tcs3701: stop power rail pending_off timer
11-27 01:45:45.509  1011  1189 D ASH     : @ 392797.679: tcs3701: start power rail timer, state:3
11-27 01:45:45.539  8427  8467 I BatteryMgr:DataCollectionService: stats => 1701045945539,11901,4442,2136,4169000,100
11-27 01:45:45.549  1011  1189 I ASH     : @ 392797.719: tcs3701: stop power rail pending_off timer
11-27 01:45:45.549  1011  1189 D ASH     : @ 392797.719: tcs3701: start power rail timer, state:3
11-27 01:45:45.589  1011  1189 I ASH     : @ 392797.759: tcs3701: stop power rail pending_off timer
11-27 01:45:45.589  1011  1189 D ASH     : @ 392797.759: tcs3701: start power rail timer, state:3
11-27 01:45:45.603  8427  8467 I BatteryMgr:DataCollectionService: stats => 1701045945603,11901,4442,2136,4169000,100
11-27 01:45:45.629  1011  1189 I ASH     : @ 392797.799: tcs3701: stop power rail pending_off timer
11-27 01:45:45.629  1011  1189 D ASH     : @ 392797.799: tcs3701: start power rail timer, state:3
11-27 01:45:45.642  8427  8467 I BatteryMgr:DataCollectionService: stats => 1701045945642,11901,4442,2136,4169000,100
11-27 01:45:45.669  1011  1189 I ASH     : @ 392797.839: tcs3701: stop power rail pending_off timer
11-27 01:45:45.669  1011  1189 D ASH     : @ 392797.839: tcs3701: start power rail timer, state:3
11-27 01:45:45.707  8427  8467 I BatteryMgr:DataCollectionService: stats => 1701045945707,11901,4442,2136,4169000,100
11-27 01:45:45.709  1011  1189 I ASH     : @ 392797.879: tcs3701: stop power rail pending_off timer
11-27 01:45:45.709  1011  1189 D ASH     : @ 392797.879: tcs3701: start power rail timer, state:3
11-27 01:45:45.747  8427  8467 I BatteryMgr:DataCollectionService: stats => 1701045945747,11901,4442,2136,4169000,100
11-27 01:45:45.749  1011  1189 I ASH     : @ 392797.919: tcs3701: stop power rail pending_off timer
11-27 01:45:45.749  1011  1189 D ASH     : @ 392797.919: tcs3701: start power rail timer, state:3
11-27 01:45:45.789  1011  1189 I ASH     : @ 392797.959: tcs3701: stop power rail pending_off timer
11-27 01:45:45.789  1011  1189 D ASH     : @ 392797.959: tcs3701: start power rail timer, state:3
11-27 01:45:45.811  8427  8467 I BatteryMgr:DataCollectionService: stats => 1701045945811,11901,4442,2136,4169000,100
11-27 01:45:45.829  1011  1189 I ASH     : @ 392797.999: tcs3701: stop power rail pending_off timer
11-27 01:45:45.829  1011  1189 D ASH     : @ 392797.999: tcs3701: start power rail timer, state:3
11-27 01:45:45.851  8427  8467 I BatteryMgr:DataCollectionService: stats => 1701045945851,11901,4442,2136,4169000,100
11-27 01:45:45.869  1011  1189 I ASH     : @ 392798.039: tcs3701: stop power rail pending_off timer
11-27 01:45:45.869  1011  1189 D ASH     : @ 392798.039: tcs3701: start power rail timer, state:3
11-27 01:45:45.909  1011  1189 I ASH     : @ 392798.079: tcs3701: stop power rail pending_off timer
11-27 01:45:45.909  1011  1189 D ASH     : @ 392798.079: tcs3701: start power rail timer, state:3
11-27 01:45:45.915  8427  8467 I BatteryMgr:DataCollectionService: stats => 1701045945915,11901,4442,2136,4169000,100
11-27 01:45:45.948  1011  1189 I ASH     : @ 392798.119: tcs3701: stop power rail pending_off timer
11-27 01:45:45.949  1011  1189 D ASH     : @ 392798.119: tcs3701: start power rail timer, state:3
11-27 01:45:45.956  8427  8467 I BatteryMgr:DataCollectionService: stats => 1701045945956,11901,4442,2136,4169000,100
11-27 01:45:45.958  1795  4144 D ActivityManager: freezer override set to true
11-27 01:45:45.962  1795  4144 D ActivityManager: freezer override set to false
11-27 01:45:45.989  1011  1189 I ASH     : @ 392798.159: tcs3701: stop power rail pending_off timer
11-27 01:45:45.989  1011  1189 D ASH     : @ 392798.159: tcs3701: start power rail timer, state:3
11-27 01:45:46.019  8427  8467 I BatteryMgr:DataCollectionService: stats => 1701045946019,11901,4442,2136,4169000,100
11-27 01:45:46.028  1011  1189 I ASH     : @ 392798.199: tcs3701: stop power rail pending_off timer
11-27 01:45:46.028  1011  1189 D ASH     : @ 392798.199: tcs3701: start power rail timer, state:3
11-27 01:45:46.060  8427  8467 I BatteryMgr:DataCollectionService: stats => 1701045946060,11901,4442,2136,4169000,100
11-27 01:45:46.069  1011  1189 I ASH     : @ 392798.239: tcs3701: stop power rail pending_off timer
11-27 01:45:46.069  1011  1189 D ASH     : @ 392798.239: tcs3701: start power rail timer, state:3
11-27 01:45:46.109  1011  1189 I ASH     : @ 392798.279: tcs3701: stop power rail pending_off timer
11-27 01:45:46.109  1011  1189 D ASH     : @ 392798.279: tcs3701: start power rail timer, state:3
11-27 01:45:46.123  8427  8467 I BatteryMgr:DataCollectionService: stats => 1701045946123,11901,4442,2136,4169000,100
11-27 01:45:46.148  1011  1189 I ASH     : @ 392798.319: tcs3701: stop power rail pending_off timer
11-27 01:45:46.148  1011  1189 D ASH     : @ 392798.319: tcs3701: start power rail timer, state:3
11-27 01:45:46.164  8427  8467 I BatteryMgr:DataCollectionService: stats => 1701045946164,11901,4442,2136,4169000,100
11-27 01:45:46.189  1011  1189 I ASH     : @ 392798.359: tcs3701: stop power rail pending_off timer
11-27 01:45:46.189  1011  1189 D ASH     : @ 392798.359: tcs3701: start power rail timer, state:3
11-27 01:45:46.228  8427  8467 I BatteryMgr:DataCollectionService: stats => 1701045946228,11901,4442,2136,4169000,100
11-27 01:45:46.228  1011  1189 I ASH     : @ 392798.399: tcs3701: stop power rail pending_off timer
11-27 01:45:46.228  1011  1189 D ASH     : @ 392798.399: tcs3701: start power rail timer, state:3
11-27 01:45:46.268  1011  1189 I ASH     : @ 392798.439: tcs3701: stop power rail pending_off timer
11-27 01:45:46.269  1011  1189 D ASH     : @ 392798.439: tcs3701: start power rail timer, state:3
11-27 01:45:46.271  8427  8467 I BatteryMgr:DataCollectionService: stats => 1701045946271,11901,4442,2136,4169000,100
11-27 01:45:46.309  1011  1189 I ASH     : @ 392798.479: tcs3701: stop power rail pending_off timer
11-27 01:45:46.312  1011  1189 D ASH     : @ 392798.479: tcs3701: start power rail timer, state:3
11-27 01:45:46.337  8427  8467 I BatteryMgr:DataCollectionService: stats => 1701045946337,11901,4442,2136,4169000,100
11-27 01:45:46.349  1011  1189 I ASH     : @ 392798.519: tcs3701: stop power rail pending_off timer
11-27 01:45:46.349  1011  1189 D ASH     : @ 392798.519: tcs3701: start power rail timer, state:3
11-27 01:45:46.380  8427  8467 I BatteryMgr:DataCollectionService: stats => 1701045946380,11901,4442,2136,4169000,100
11-27 01:45:46.388  1011  1189 I ASH     : @ 392798.559: tcs3701: stop power rail pending_off timer
11-27 01:45:46.388  1011  1189 D ASH     : @ 392798.559: tcs3701: start power rail timer, state:3
11-27 01:45:46.428  1011  1189 I ASH     : @ 392798.599: tcs3701: stop power rail pending_off timer
11-27 01:45:46.429  1011  1189 D ASH     : @ 392798.599: tcs3701: start power rail timer, state:3
11-27 01:45:46.450  8427  8467 I BatteryMgr:DataCollectionService: stats => 1701045946450,11901,4442,2136,4169000,100
11-27 01:45:46.468  1011  1189 I ASH     : @ 392798.639: tcs3701: stop power rail pending_off timer
11-27 01:45:46.468  1011  1189 D ASH     : @ 392798.639: tcs3701: start power rail timer, state:3
11-27 01:45:46.490  8427  8467 I BatteryMgr:DataCollectionService: stats => 1701045946490,11901,4442,2136,4169000,100
11-27 01:45:46.508  1011  1189 I ASH     : @ 392798.679: tcs3701: stop power rail pending_off timer
11-27 01:45:46.508  1011  1189 D ASH     : @ 392798.679: tcs3701: start power rail timer, state:3
11-27 01:45:46.548  1011  1189 I ASH     : @ 392798.719: tcs3701: stop power rail pending_off timer
11-27 01:45:46.548  1011  1189 D ASH     : @ 392798.719: tcs3701: start power rail timer, state:3
11-27 01:45:46.571  8427  8467 I BatteryMgr:DataCollectionService: stats => 1701045946571,11901,4442,2136,4169000,100
11-27 01:45:46.589  1011  1189 I ASH     : @ 392798.759: tcs3701: stop power rail pending_off timer
11-27 01:45:46.589  1011  1189 D ASH     : @ 392798.759: tcs3701: start power rail timer, state:3
11-27 01:45:46.599  8427  8467 I BatteryMgr:DataCollectionService: stats => 1701045946599,11901,4442,2136,4169000,100
11-27 01:45:46.628  1011  1189 I ASH     : @ 392798.799: tcs3701: stop power rail pending_off timer
11-27 01:45:46.629  1011  1189 D ASH     : @ 392798.799: tcs3701: start power rail timer, state:3
11-27 01:45:46.645  1795  4144 D ActivityManager: freezer override set to true
11-27 01:45:46.669  1011  1189 I ASH     : @ 392798.839: tcs3701: stop power rail pending_off timer
11-27 01:45:46.669  1011  1189 D ASH     : @ 392798.839: tcs3701: start power rail timer, state:3
11-27 01:45:46.684  8427  8467 I BatteryMgr:DataCollectionService: stats => 1701045946684,11901,4442,2136,4169000,100
11-27 01:45:46.704  8427  8467 I BatteryMgr:DataCollectionService: stats => 1701045946704,11901,4442,2136,4169000,100
11-27 01:45:46.708  1011  1189 I ASH     : @ 392798.879: tcs3701: stop power rail pending_off timer
11-27 01:45:46.708  1011  1189 D ASH     : @ 392798.879: tcs3701: start power rail timer, state:3
11-27 01:45:46.749  1011  1189 I ASH     : @ 392798.919: tcs3701: stop power rail pending_off timer
11-27 01:45:46.749  1011  1189 D ASH     : @ 392798.919: tcs3701: start power rail timer, state:3
11-27 01:45:46.788  1011  1189 I ASH     : @ 392798.959: tcs3701: stop power rail pending_off timer
11-27 01:45:46.788  1011  1189 D ASH     : @ 392798.959: tcs3701: start power rail timer, state:3
11-27 01:45:46.793  8427  8467 I BatteryMgr:DataCollectionService: stats => 1701045946793,11901,4442,2136,4169000,100
11-27 01:45:46.813  8427  8467 I BatteryMgr:DataCollectionService: stats => 1701045946813,11901,4442,2136,4169000,100
11-27 01:45:46.829  1011  1189 I ASH     : @ 392798.999: tcs3701: stop power rail pending_off timer
11-27 01:45:46.829  1011  1189 D ASH     : @ 392798.999: tcs3701: start power rail timer, state:3
11-27 01:45:46.868  1011  1189 I ASH     : @ 392799.039: tcs3701: stop power rail pending_off timer
11-27 01:45:46.868  1011  1189 D ASH     : @ 392799.039: tcs3701: start power rail timer, state:3
11-27 01:45:46.908  1011  1189 I ASH     : @ 392799.079: tcs3701: stop power rail pending_off timer
11-27 01:45:46.909  1011  1189 D ASH     : @ 392799.079: tcs3701: start power rail timer, state:3
11-27 01:45:46.909  7643  7657 I m.chrome.canary: Explicit concurrent copying GC freed 3904(193KB) AllocSpace objects, 4(80KB) LOS objects, 75% free, 14MB/57MB, paused 93us,49us total 182.723ms
11-27 01:45:46.924  8427   913 I BatteryMgr:DataCollectionService: stats => 1701045946924,11901,4442,2136,4169000,100
11-27 01:45:46.926  8427  8467 I BatteryMgr:DataCollectionService: stats => 1701045946926,11901,4442,2136,4169000,100
11-27 01:45:46.949  1011  1189 I ASH     : @ 392799.119: tcs3701: stop power rail pending_off timer
11-27 01:45:46.949  1011  1189 D ASH     : @ 392799.119: tcs3701: start power rail timer, state:3
11-27 01:45:46.988  1011  1189 I ASH     : @ 392799.158: tcs3701: stop power rail pending_off timer
11-27 01:45:46.989  1011  1189 D ASH     : @ 392799.159: tcs3701: start power rail timer, state:3
11-27 01:45:47.030  1011  1189 I ASH     : @ 392799.199: tcs3701: stop power rail pending_off timer
11-27 01:45:47.030  1011  1189 D ASH     : @ 392799.199: tcs3701: start power rail timer, state:3
11-27 01:45:47.044  8427  8467 I BatteryMgr:DataCollectionService: stats => 1701045947044,11901,4442,2136,4169000,100
11-27 01:45:47.045  8427   913 I BatteryMgr:DataCollectionService: stats => 1701045947045,11901,4442,2136,4169000,100
11-27 01:45:47.058  2113  2118 I pixel-thermal: skin-therm-monitor: 39.714
11-27 01:45:47.069  1011  1189 I ASH     : @ 392799.239: tcs3701: stop power rail pending_off timer
11-27 01:45:47.069  1011  1189 D ASH     : @ 392799.239: tcs3701: start power rail timer, state:3
11-27 01:45:47.091  7643  7657 W m.chrome.canary: Suspending all threads took: 6.489ms
11-27 01:45:47.108  1011  1189 I ASH     : @ 392799.279: tcs3701: stop power rail pending_off timer
11-27 01:45:47.108  1011  1189 D ASH     : @ 392799.279: tcs3701: start power rail timer, state:3
11-27 01:45:47.144  1795  4169 D ActivityManager: freezer override set to false
11-27 01:45:47.148  1011  1189 I ASH     : @ 392799.319: tcs3701: stop power rail pending_off timer
11-27 01:45:47.149  1011  1189 D ASH     : @ 392799.319: tcs3701: start power rail timer, state:3
11-27 01:45:47.156  8427  8467 I BatteryMgr:DataCollectionService: stats => 1701045947156,11901,4442,2136,4169000,100
11-27 01:45:47.158  8427   913 I BatteryMgr:DataCollectionService: stats => 1701045947158,11901,4442,2136,4169000,100
11-27 01:45:47.188  1011  1189 I ASH     : @ 392799.359: tcs3701: stop power rail pending_off timer
11-27 01:45:47.188  1011  1189 D ASH     : @ 392799.359: tcs3701: start power rail timer, state:3
11-27 01:45:47.228  1011  1189 I ASH     : @ 392799.399: tcs3701: stop power rail pending_off timer
11-27 01:45:47.229  1011  1189 D ASH     : @ 392799.399: tcs3701: start power rail timer, state:3
11-27 01:45:47.267  1795  4144 D ActivityManager: freezer override set to true
11-27 01:45:47.270  8427  8469 I BatteryMgr:DataCollectionService: stats => 1701045947270,11901,4442,2136,4169000,100
11-27 01:45:47.271  8427   913 I BatteryMgr:DataCollectionService: stats => 1701045947271,11901,4442,2136,4169000,100
11-27 01:45:47.273  1795  4144 D ActivityManager: freezer override set to false
11-27 01:45:47.275  1011  1189 I ASH     : @ 392799.439: tcs3701: stop power rail pending_off timer
11-27 01:45:47.275  1011  1189 D ASH     : @ 392799.439: tcs3701: start power rail timer, state:3
11-27 01:45:47.308  1011  1189 I ASH     : @ 392799.479: tcs3701: stop power rail pending_off timer
11-27 01:45:47.309  1011  1189 D ASH     : @ 392799.479: tcs3701: start power rail timer, state:3
11-27 01:45:47.348  1011  1189 I ASH     : @ 392799.519: tcs3701: stop power rail pending_off timer
11-27 01:45:47.349  1011  1189 D ASH     : @ 392799.519: tcs3701: start power rail timer, state:3
11-27 01:45:47.377  8427   913 I BatteryMgr:DataCollectionService: stats => 1701045947377,11901,4442,2136,4169000,100
11-27 01:45:47.378  8427  8469 I BatteryMgr:DataCollectionService: stats => 1701045947378,11901,4442,2136,4169000,100
11-27 01:45:47.379  1795  4169 D ActivityManager: freezer override set to true
11-27 01:45:47.388  1011  1189 I ASH     : @ 392799.559: tcs3701: stop power rail pending_off timer
11-27 01:45:47.389  1011  1189 D ASH     : @ 392799.559: tcs3701: start power rail timer, state:3
11-27 01:45:47.389  1795  4169 D ActivityManager: freezer override set to false
11-27 01:45:47.428  1011  1189 I ASH     : @ 392799.599: tcs3701: stop power rail pending_off timer
11-27 01:45:47.428  1011  1189 D ASH     : @ 392799.599: tcs3701: start power rail timer, state:3
11-27 01:45:47.469  1011  1189 I ASH     : @ 392799.639: tcs3701: stop power rail pending_off timer
11-27 01:45:47.469  1011  1189 D ASH     : @ 392799.639: tcs3701: start power rail timer, state:3
11-27 01:45:47.484  8427   913 I BatteryMgr:DataCollectionService: stats => 1701045947484,11901,4442,2136,4169000,100
11-27 01:45:47.485  8427  8469 I BatteryMgr:DataCollectionService: stats => 1701045947485,11901,4442,2136,4169000,100
11-27 01:45:47.509  1011  1189 I ASH     : @ 392799.679: tcs3701: stop power rail pending_off timer
11-27 01:45:47.509  1011  1189 D ASH     : @ 392799.679: tcs3701: start power rail timer, state:3
11-27 01:45:47.548  1011  1189 I ASH     : @ 392799.719: tcs3701: stop power rail pending_off timer
11-27 01:45:47.549  1011  1189 D ASH     : @ 392799.719: tcs3701: start power rail timer, state:3
11-27 01:45:47.589  1011  1189 I ASH     : @ 392799.759: tcs3701: stop power rail pending_off timer
11-27 01:45:47.589  1011  1189 D ASH     : @ 392799.759: tcs3701: start power rail timer, state:3
11-27 01:45:47.591  8427  8469 I BatteryMgr:DataCollectionService: stats => 1701045947591,11901,4442,2136,4169000,100
11-27 01:45:47.592  8427  8467 I BatteryMgr:DataCollectionService: stats => 1701045947592,11901,4442,2136,4169000,100
11-27 01:45:47.629  1011  1189 I ASH     : @ 392799.799: tcs3701: stop power rail pending_off timer
11-27 01:45:47.629  1011  1189 D ASH     : @ 392799.799: tcs3701: start power rail timer, state:3
11-27 01:45:47.641  1795  4144 D ActivityManager: freezer override set to true
11-27 01:45:47.669  1011  1189 I ASH     : @ 392799.839: tcs3701: stop power rail pending_off timer
11-27 01:45:47.669  1011  1189 D ASH     : @ 392799.839: tcs3701: start power rail timer, state:3
11-27 01:45:47.695  8427  8469 I BatteryMgr:DataCollectionService: stats => 1701045947694,11901,4442,2136,4169000,100
11-27 01:45:47.697  8427  8467 I BatteryMgr:DataCollectionService: stats => 1701045947697,11901,4442,2136,4169000,100
11-27 01:45:47.709  1011  1189 I ASH     : @ 392799.879: tcs3701: stop power rail pending_off timer
11-27 01:45:47.709  1011  1189 D ASH     : @ 392799.879: tcs3701: start power rail timer, state:3
11-27 01:45:47.749  1011  1189 I ASH     : @ 392799.919: tcs3701: stop power rail pending_off timer
11-27 01:45:47.749  1011  1189 D ASH     : @ 392799.919: tcs3701: start power rail timer, state:3
11-27 01:45:47.789  1011  1189 I ASH     : @ 392799.959: tcs3701: stop power rail pending_off timer
11-27 01:45:47.789  1011  1189 D ASH     : @ 392799.959: tcs3701: start power rail timer, state:3
11-27 01:45:47.803  8427  8467 I BatteryMgr:DataCollectionService: stats => 1701045947803,11901,4442,2136,4169000,100
11-27 01:45:47.804  8427  8469 I BatteryMgr:DataCollectionService: stats => 1701045947804,11901,4442,2136,4169000,100
11-27 01:45:47.828  1011  1189 I ASH     : @ 392799.999: tcs3701: stop power rail pending_off timer
11-27 01:45:47.828  1011  1189 D ASH     : @ 392799.999: tcs3701: start power rail timer, state:3
11-27 01:45:47.868  1011  1189 I ASH     : @ 392800.039: tcs3701: stop power rail pending_off timer
11-27 01:45:47.869  1011  1189 D ASH     : @ 392800.039: tcs3701: start power rail timer, state:3
11-27 01:45:47.909  7643  7657 I m.chrome.canary: Explicit concurrent copying GC freed 3806(192KB) AllocSpace objects, 4(80KB) LOS objects, 75% free, 14MB/57MB, paused 70us,38us total 137.075ms
11-27 01:45:47.909  1011  1189 I ASH     : @ 392800.079: tcs3701: stop power rail pending_off timer
11-27 01:45:47.910  1011  1189 D ASH     : @ 392800.079: tcs3701: start power rail timer, state:3
11-27 01:45:47.919  8427  8469 I BatteryMgr:DataCollectionService: stats => 1701045947918,11901,4442,2136,4169000,100
11-27 01:45:47.924  8427  8467 I BatteryMgr:DataCollectionService: stats => 1701045947924,11901,4442,2136,4169000,100
11-27 01:45:47.948  1011  1189 I ASH     : @ 392800.119: tcs3701: stop power rail pending_off timer
11-27 01:45:47.948  1011  1189 D ASH     : @ 392800.119: tcs3701: start power rail timer, state:3
11-27 01:45:47.975  1795  4144 D ActivityManager: freezer override set to false
11-27 01:45:47.988  1011  1189 I ASH     : @ 392800.159: tcs3701: stop power rail pending_off timer
11-27 01:45:47.988  1011  1189 D ASH     : @ 392800.159: tcs3701: start power rail timer, state:3
11-27 01:45:48.008  1795  4144 D ActivityManager: freezer override set to true
11-27 01:45:48.018  1795  4144 D ActivityManager: freezer override set to false
11-27 01:45:48.029  1011  1189 I ASH     : @ 392800.199: tcs3701: stop power rail pending_off timer
11-27 01:45:48.029  1011  1189 D ASH     : @ 392800.199: tcs3701: start power rail timer, state:3
11-27 01:45:48.033  8427  8467 I BatteryMgr:DataCollectionService: stats => 1701045948033,11901,4442,2136,4169000,100
11-27 01:45:48.033  8427  8469 I BatteryMgr:DataCollectionService: stats => 1701045948033,11901,4442,2136,4169000,100
11-27 01:45:48.036  1795  4144 D ActivityManager: freezer override set to true
11-27 01:45:48.042  1795  4144 D ActivityManager: freezer override set to false
11-27 01:45:48.068  1011  1189 I ASH     : @ 392800.239: tcs3701: stop power rail pending_off timer
11-27 01:45:48.068  1011  1189 D ASH     : @ 392800.239: tcs3701: start power rail timer, state:3
11-27 01:45:48.106  1795  4144 D ActivityManager: freezer override set to true
11-27 01:45:48.109  1011  1189 I ASH     : @ 392800.279: tcs3701: stop power rail pending_off timer
11-27 01:45:48.109  1011  1189 D ASH     : @ 392800.279: tcs3701: start power rail timer, state:3
11-27 01:45:48.112  1795  4144 D ActivityManager: freezer override set to false
11-27 01:45:48.139  8427  8469 I BatteryMgr:DataCollectionService: stats => 1701045948139,11901,4442,2136,4169000,100
11-27 01:45:48.146  8427  8467 I BatteryMgr:DataCollectionService: stats => 1701045948146,11901,4442,2136,4169000,100
11-27 01:45:48.149  1011  1189 I ASH     : @ 392800.319: tcs3701: stop power rail pending_off timer
11-27 01:45:48.149  1011  1189 D ASH     : @ 392800.319: tcs3701: start power rail timer, state:3
11-27 01:45:48.188  1011  1189 I ASH     : @ 392800.359: tcs3701: stop power rail pending_off timer
11-27 01:45:48.189  1011  1189 D ASH     : @ 392800.359: tcs3701: start power rail timer, state:3
11-27 01:45:48.229  1011  1189 I ASH     : @ 392800.399: tcs3701: stop power rail pending_off timer
11-27 01:45:48.229  1011  1189 D ASH     : @ 392800.399: tcs3701: start power rail timer, state:3
11-27 01:45:48.256  8427  8467 I BatteryMgr:DataCollectionService: stats => 1701045948256,11901,4442,2136,4169000,100
11-27 01:45:48.257  8427  8469 I BatteryMgr:DataCollectionService: stats => 1701045948257,11901,4442,2136,4169000,100
11-27 01:45:48.268  1011  1189 I ASH     : @ 392800.439: tcs3701: stop power rail pending_off timer
11-27 01:45:48.268  1011  1189 D ASH     : @ 392800.439: tcs3701: start power rail timer, state:3
11-27 01:45:48.310  1011  1189 I ASH     : @ 392800.479: tcs3701: stop power rail pending_off timer
11-27 01:45:48.310  1011  1189 D ASH     : @ 392800.479: tcs3701: start power rail timer, state:3
11-27 01:45:48.349  1011  1189 I ASH     : @ 392800.519: tcs3701: stop power rail pending_off timer
11-27 01:45:48.349  1011  1189 D ASH     : @ 392800.519: tcs3701: start power rail timer, state:3
11-27 01:45:48.364  8427  8469 I BatteryMgr:DataCollectionService: stats => 1701045948364,11901,4442,2136,4169000,100
11-27 01:45:48.365  8427  8467 I BatteryMgr:DataCollectionService: stats => 1701045948364,11901,4442,2136,4169000,100
11-27 01:45:48.389  1011  1189 I ASH     : @ 392800.559: tcs3701: stop power rail pending_off timer
11-27 01:45:48.389  1011  1189 D ASH     : @ 392800.559: tcs3701: start power rail timer, state:3
11-27 01:45:48.402  1795  2424 D WifiClientModeImpl[13802:wlan0]: updateLinkLayerStatsRssiSpeedFrequencyCapabilities rssi=-43 TxLinkspeed=866 freq=5240 RxLinkSpeed=866
11-27 01:45:48.402  1795  2424 D WifiDataStall: tx tput in kbps: 771281
11-27 01:45:48.402  1795  2424 D WifiDataStall: rx tput in kbps: 771281
11-27 01:45:48.402  1795  2424 V WifiConfigManager: Updating scan detail cache freq=5240 BSSID=f4:6d:2f:12:cc:88 RSSI=-43 for "ourhome"WPA_PSK
11-27 01:45:48.403  1795  2424 D WifiChannelUtilization:  freq: 5240 onTime: 11358765 busyTime: 1049039 onTimeDiff: 1710909 busyTimeDiff: 192553 utilization: 28 utilization t0: 23
11-27 01:45:48.403  1795  2424 D WifiDataStall:  ccaLevel = 28
11-27 01:45:48.403  1795  2424 D WifiDataStall: L2 txTputKbps: 771281, rxTputKbps: 771281, L3 txTputKbps: 50, rxTputKbps: 2, TxTrafficHigh: true, RxTrafficHigh: false, Throughput Sufficient: true
11-27 01:45:48.403  2673  2693 V WifiManager: OnWifiUsabilityStatsListener: onWifiUsabilityStats: seqNum=101731
11-27 01:45:48.403  1795  2424 D WifiScoreReport: Wifi scoring disabled - Don't check IP layer
11-27 01:45:48.403  1795  2424 D WifiScoreCard: BSSID update SIGNAL_POLL ID: 1320464697 SSID: "ourhome", BSSID: f4:6d:2f:12:cc:88, MAC: b2:2f:ec:da:4a:0c, IP: /192.168.1.104, Security type: 2, Supplicant state: COMPLETED, Wi-Fi standard: 5, RSSI: -43, Link speed: 866Mbps, Tx Link speed: 866Mbps, Max Supported Tx Link speed: 866Mbps, Rx Link speed: 866Mbps, Max Supported Rx Link speed: 866Mbps, Frequency: 5240MHz, Net ID: 12, Metered hint: false, score: 60, isUsable: true, CarrierMerged: false, SubscriptionId: -1, IsPrimary: 1, Trusted: true, Restricted: false, Ephemeral: false, OEM paid: false, OEM private: false, OSU AP: false, FQDN: <none>, Provider friendly name: <none>, Requesting package name: <none>"ourhome"wpa2-pskMLO Information: , Is TID-To-Link negotiation supported by the AP: false, AP MLD Address: <none>, AP MLO Link Id: <none>, AP MLO Affiliated links: <none>
11-27 01:45:48.403  1795  2424 D WifiScoreCard: txRate: 7 txSpeed: 866
11-27 01:45:48.403  1795  2424 D WifiScoreCard: network update SIGNAL_POLL "ourhome" ID: 1499892569 RSSI -43 txSpeed 866
11-27 01:45:48.403  1795  2424 D WifiClientModeImpl[13802:wlan0]:  ClientModeImpl$L2ConnectedState screen=on 37 0 "ourhome" f4:6d:2f:12:cc:88 rssi=-43 f=5240 sc=60 link=866 tx=6.3, 0.0, 0.0 rx=4.6 bcn=3721182 [on:130 tx:2 rx:1 period:3013] from screen [on:1722784 period:33513689] score=60
11-27 01:45:48.403  1795  4144 I WifiService: updateWifiUsabilityScore uid=10180 seqNum=101731 score=100 predictionHorizonSec=1441795
11-27 01:45:48.405  1795  2424 D WifiScoreReport: Wifi scoring disabled - Notify that Wifi is usable
11-27 01:45:48.407  1795  2432 D ConnectivityService: NetReassign [no changes] [c 0] [a 0] [i 2]
11-27 01:45:48.429  1011  1189 I ASH     : @ 392800.599: tcs3701: stop power rail pending_off timer
11-27 01:45:48.429  1011  1189 D ASH     : @ 392800.599: tcs3701: start power rail timer, state:3
11-27 01:45:48.469  1011  1189 I ASH     : @ 392800.639: tcs3701: stop power rail pending_off timer
11-27 01:45:48.469  1011  1189 D ASH     : @ 392800.639: tcs3701: start power rail timer, state:3
11-27 01:45:48.472  8427  8467 I BatteryMgr:DataCollectionService: stats => 1701045948472,11901,4442,2136,4169000,100
11-27 01:45:48.474  8427  8469 I BatteryMgr:DataCollectionService: stats => 1701045948474,11901,4442,2136,4169000,100
11-27 01:45:48.509  1011  1189 I ASH     : @ 392800.679: tcs3701: stop power rail pending_off timer
11-27 01:45:48.509  1011  1189 D ASH     : @ 392800.679: tcs3701: start power rail timer, state:3
11-27 01:45:48.549  1011  1189 I ASH     : @ 392800.719: tcs3701: stop power rail pending_off timer
11-27 01:45:48.549  1011  1189 D ASH     : @ 392800.719: tcs3701: start power rail timer, state:3
11-27 01:45:48.581  8427  8467 I BatteryMgr:DataCollectionService: stats => 1701045948581,11901,4442,2136,4169000,100
11-27 01:45:48.581  8427  8469 I BatteryMgr:DataCollectionService: stats => 1701045948581,11901,4442,2136,4169000,100
11-27 01:45:48.588  1011  1189 I ASH     : @ 392800.759: tcs3701: stop power rail pending_off timer
11-27 01:45:48.589  1011  1189 D ASH     : @ 392800.759: tcs3701: start power rail timer, state:3
11-27 01:45:48.628  1011  1189 I ASH     : @ 392800.799: tcs3701: stop power rail pending_off timer
11-27 01:45:48.629  1011  1189 D ASH     : @ 392800.799: tcs3701: start power rail timer, state:3
11-27 01:45:48.668  1011  1189 I ASH     : @ 392800.839: tcs3701: stop power rail pending_off timer
11-27 01:45:48.668  1011  1189 D ASH     : @ 392800.839: tcs3701: start power rail timer, state:3
11-27 01:45:48.686  8427  8467 I BatteryMgr:DataCollectionService: stats => 1701045948686,11901,4442,2136,4169000,100
11-27 01:45:48.686  8427  8469 I BatteryMgr:DataCollectionService: stats => 1701045948686,11901,4442,2136,4169000,100
11-27 01:45:48.709  1011  1189 I ASH     : @ 392800.879: tcs3701: stop power rail pending_off timer
11-27 01:45:48.709  1011  1189 D ASH     : @ 392800.879: tcs3701: start power rail timer, state:3
11-27 01:45:48.748  1011  1189 I ASH     : @ 392800.919: tcs3701: stop power rail pending_off timer
11-27 01:45:48.748  1011  1189 D ASH     : @ 392800.919: tcs3701: start power rail timer, state:3
11-27 01:45:48.789  1011  1189 I ASH     : @ 392800.959: tcs3701: stop power rail pending_off timer
11-27 01:45:48.789  1011  1189 D ASH     : @ 392800.959: tcs3701: start power rail timer, state:3
11-27 01:45:48.805  8427  8467 I BatteryMgr:DataCollectionService: stats => 1701045948804,11901,4442,2136,4169000,100
11-27 01:45:48.809  8427  8469 I BatteryMgr:DataCollectionService: stats => 1701045948809,11901,4442,2136,4169000,100
11-27 01:45:48.828  1011  1189 I ASH     : @ 392800.999: tcs3701: stop power rail pending_off timer
11-27 01:45:48.829  1011  1189 D ASH     : @ 392800.999: tcs3701: start power rail timer, state:3
11-27 01:45:48.869  1011  1189 I ASH     : @ 392801.039: tcs3701: stop power rail pending_off timer
11-27 01:45:48.869  1011  1189 D ASH     : @ 392801.039: tcs3701: start power rail timer, state:3
11-27 01:45:48.909  1011  1189 I ASH     : @ 392801.079: tcs3701: stop power rail pending_off timer
11-27 01:45:48.909  1011  1189 D ASH     : @ 392801.079: tcs3701: start power rail timer, state:3
11-27 01:45:48.915  8427  8469 I BatteryMgr:DataCollectionService: stats => 1701045948915,11901,4442,2136,4169000,100
11-27 01:45:48.919  8427  8467 I BatteryMgr:DataCollectionService: stats => 1701045948919,11901,4442,2136,4169000,100
11-27 01:45:48.949  1011  1189 I ASH     : @ 392801.119: tcs3701: stop power rail pending_off timer
11-27 01:45:48.949  1011  1189 D ASH     : @ 392801.119: tcs3701: start power rail timer, state:3
11-27 01:45:48.989  1011  1189 I ASH     : @ 392801.159: tcs3701: stop power rail pending_off timer
11-27 01:45:48.989  1011  1189 D ASH     : @ 392801.159: tcs3701: start power rail timer, state:3
11-27 01:45:48.991  1795  4144 D ActivityManager: freezer override set to true
11-27 01:45:49.000  1795  4144 D ActivityManager: freezer override set to false
11-27 01:45:49.025  8427  8467 I BatteryMgr:DataCollectionService: stats => 1701045949025,11901,4442,2136,4169000,100
11-27 01:45:49.025  8427  8469 I BatteryMgr:DataCollectionService: stats => 1701045949025,11901,4442,2136,4169000,100
11-27 01:45:49.029  1011  1189 I ASH     : @ 392801.199: tcs3701: stop power rail pending_off timer
11-27 01:45:49.029  1011  1189 D ASH     : @ 392801.199: tcs3701: start power rail timer, state:3
11-27 01:45:49.060  2113  2118 I pixel-thermal: skin-therm-monitor: 39.741
11-27 01:45:49.069  1011  1189 I ASH     : @ 392801.239: tcs3701: stop power rail pending_off timer
11-27 01:45:49.069  1011  1189 D ASH     : @ 392801.239: tcs3701: start power rail timer, state:3
11-27 01:45:49.108  1011  1189 I ASH     : @ 392801.279: tcs3701: stop power rail pending_off timer
11-27 01:45:49.109  1011  1189 D ASH     : @ 392801.279: tcs3701: start power rail timer, state:3
11-27 01:45:49.133  8427  8469 I BatteryMgr:DataCollectionService: stats => 1701045949133,11901,4442,2136,4169000,100
11-27 01:45:49.133  8427   913 I BatteryMgr:DataCollectionService: stats => 1701045949133,11901,4442,2136,4169000,100
11-27 01:45:49.151  1011  1189 I ASH     : @ 392801.319: tcs3701: stop power rail pending_off timer
11-27 01:45:49.151  1011  1189 D ASH     : @ 392801.319: tcs3701: start power rail timer, state:3
11-27 01:45:49.189  1011  1189 I ASH     : @ 392801.359: tcs3701: stop power rail pending_off timer
11-27 01:45:49.189  1011  1189 D ASH     : @ 392801.359: tcs3701: start power rail timer, state:3
11-27 01:45:49.229  1011  1189 I ASH     : @ 392801.399: tcs3701: stop power rail pending_off timer
11-27 01:45:49.229  1011  1189 D ASH     : @ 392801.399: tcs3701: start power rail timer, state:3
11-27 01:45:49.243  8427  8469 I BatteryMgr:DataCollectionService: stats => 1701045949243,11901,4442,2136,4169000,100
11-27 01:45:49.247  8427   913 I BatteryMgr:DataCollectionService: stats => 1701045949247,11901,4442,2136,4169000,100
11-27 01:45:49.269  1011  1189 I ASH     : @ 392801.439: tcs3701: stop power rail pending_off timer
11-27 01:45:49.269  1011  1189 D ASH     : @ 392801.439: tcs3701: start power rail timer, state:3
11-27 01:45:49.308  1011  1189 I ASH     : @ 392801.479: tcs3701: stop power rail pending_off timer
11-27 01:45:49.308  1011  1189 D ASH     : @ 392801.479: tcs3701: start power rail timer, state:3
11-27 01:45:49.310  1795  4169 D ActivityManager: freezer override set to true
11-27 01:45:49.347  8427   913 I BatteryMgr:DataCollectionService: stats => 1701045949347,11901,4442,2136,4169000,100
11-27 01:45:49.348  1011  1189 I ASH     : @ 392801.519: tcs3701: stop power rail pending_off timer
11-27 01:45:49.349  1011  1189 D ASH     : @ 392801.519: tcs3701: start power rail timer, state:3
11-27 01:45:49.352  8427   913 I BatteryMgr:DataCollectionService: stats => 1701045949352,11901,4442,2136,4169000,100
11-27 01:45:49.388  1011  1189 I ASH     : @ 392801.559: tcs3701: stop power rail pending_off timer
11-27 01:45:49.388  1011  1189 D ASH     : @ 392801.559: tcs3701: start power rail timer, state:3
11-27 01:45:49.428  1011  1189 I ASH     : @ 392801.599: tcs3701: stop power rail pending_off timer
11-27 01:45:49.428  1011  1189 D ASH     : @ 392801.599: tcs3701: start power rail timer, state:3
11-27 01:45:49.454  8427   913 I BatteryMgr:DataCollectionService: stats => 1701045949454,11901,4442,2136,4169000,100
11-27 01:45:49.458  8427  8469 I BatteryMgr:DataCollectionService: stats => 1701045949458,11901,4442,2136,4169000,100
11-27 01:45:49.469  1011  1189 I ASH     : @ 392801.639: tcs3701: stop power rail pending_off timer
11-27 01:45:49.469  1011  1189 D ASH     : @ 392801.639: tcs3701: start power rail timer, state:3
11-27 01:45:49.509  1011  1189 I ASH     : @ 392801.679: tcs3701: stop power rail pending_off timer
11-27 01:45:49.509  1011  1189 D ASH     : @ 392801.679: tcs3701: start power rail timer, state:3
11-27 01:45:49.549  1011  1189 I ASH     : @ 392801.719: tcs3701: stop power rail pending_off timer
11-27 01:45:49.549  1011  1189 D ASH     : @ 392801.719: tcs3701: start power rail timer, state:3
11-27 01:45:49.558  8427  8469 I BatteryMgr:DataCollectionService: stats => 1701045949558,11901,4442,2136,4169000,100
11-27 01:45:49.560  8427  8469 I BatteryMgr:DataCollectionService: stats => 1701045949560,11901,4442,2136,4169000,100
11-27 01:45:49.586  7643  7657 I m.chrome.canary: Explicit concurrent copying GC freed 4067(207KB) AllocSpace objects, 5(100KB) LOS objects, 75% free, 14MB/57MB, paused 119us,25us total 135.029ms
11-27 01:45:49.588  1011  1189 I ASH     : @ 392801.759: tcs3701: stop power rail pending_off timer
11-27 01:45:49.589  1011  1189 D ASH     : @ 392801.759: tcs3701: start power rail timer, state:3
11-27 01:45:49.628  1011  1189 I ASH     : @ 392801.799: tcs3701: stop power rail pending_off timer
11-27 01:45:49.629  1011  1189 D ASH     : @ 392801.799: tcs3701: start power rail timer, state:3
11-27 01:45:49.664  1795  4169 D ActivityManager: freezer override set to false
11-27 01:45:49.668  8427  8469 I BatteryMgr:DataCollectionService: stats => 1701045949668,11901,4442,2136,4169000,100
11-27 01:45:49.670  1011  1189 I ASH     : @ 392801.839: tcs3701: stop power rail pending_off timer
11-27 01:45:49.671  1011  1189 D ASH     : @ 392801.839: tcs3701: start power rail timer, state:3
11-27 01:45:49.673  8427   913 I BatteryMgr:DataCollectionService: stats => 1701045949673,11901,4442,2136,4169000,100
11-27 01:45:49.709  1011  1189 I ASH     : @ 392801.879: tcs3701: stop power rail pending_off timer
11-27 01:45:49.709  1011  1189 D ASH     : @ 392801.879: tcs3701: start power rail timer, state:3
11-27 01:45:49.746  1795  4144 D ActivityManager: freezer override set to true
11-27 01:45:49.749  1011  1189 I ASH     : @ 392801.919: tcs3701: stop power rail pending_off timer
11-27 01:45:49.749  1011  1189 D ASH     : @ 392801.919: tcs3701: start power rail timer, state:3
11-27 01:45:49.753  1795  4144 D ActivityManager: freezer override set to false
11-27 01:45:49.779  8427   913 I BatteryMgr:DataCollectionService: stats => 1701045949779,11901,4442,2136,4169000,100
11-27 01:45:49.780  8427  8469 I BatteryMgr:DataCollectionService: stats => 1701045949780,11901,4442,2136,4169000,100
11-27 01:45:49.789  1011  1189 I ASH     : @ 392801.959: tcs3701: stop power rail pending_off timer
11-27 01:45:49.789  1011  1189 D ASH     : @ 392801.959: tcs3701: start power rail timer, state:3
11-27 01:45:49.828  1011  1189 I ASH     : @ 392801.999: tcs3701: stop power rail pending_off timer
11-27 01:45:49.828  1011  1189 D ASH     : @ 392801.999: tcs3701: start power rail timer, state:3
11-27 01:45:49.863  1795  4144 D ActivityManager: freezer override set to true
11-27 01:45:49.867  1795  4144 D ActivityManager: freezer override set to false
11-27 01:45:49.869  1011  1189 I ASH     : @ 392802.039: tcs3701: stop power rail pending_off timer
11-27 01:45:49.869  1011  1189 D ASH     : @ 392802.039: tcs3701: start power rail timer, state:3
11-27 01:45:49.886  8427  8469 I BatteryMgr:DataCollectionService: stats => 1701045949886,11901,4442,2136,4169000,100
11-27 01:45:49.887  8427   913 I BatteryMgr:DataCollectionService: stats => 1701045949887,11901,4442,2136,4169000,100
11-27 01:45:49.909  1011  1189 I ASH     : @ 392802.079: tcs3701: stop power rail pending_off timer
11-27 01:45:49.909  1011  1189 D ASH     : @ 392802.079: tcs3701: start power rail timer, state:3
11-27 01:45:49.949  1011  1189 I ASH     : @ 392802.119: tcs3701: stop power rail pending_off timer
11-27 01:45:49.949  1011  1189 D ASH     : @ 392802.119: tcs3701: start power rail timer, state:3
11-27 01:45:49.988  1011  1189 I ASH     : @ 392802.159: tcs3701: stop power rail pending_off timer
11-27 01:45:49.988  1011  1189 D ASH     : @ 392802.159: tcs3701: start power rail timer, state:3
11-27 01:45:49.992  8427   913 I BatteryMgr:DataCollectionService: stats => 1701045949992,11901,4442,2136,4169000,100
11-27 01:45:49.993  8427  8469 I BatteryMgr:DataCollectionService: stats => 1701045949993,11901,4442,2136,4169000,100
11-27 01:45:50.009  1795  4169 D ActivityManager: freezer override set to true
11-27 01:45:50.016  1795  4169 D ActivityManager: freezer override set to false
11-27 01:45:50.029  1011  1189 I ASH     : @ 392802.199: tcs3701: stop power rail pending_off timer
11-27 01:45:50.029  1011  1189 D ASH     : @ 392802.199: tcs3701: start power rail timer, state:3
11-27 01:45:50.069  1011  1189 I ASH     : @ 392802.239: tcs3701: stop power rail pending_off timer
11-27 01:45:50.069  1011  1189 D ASH     : @ 392802.239: tcs3701: start power rail timer, state:3
11-27 01:45:50.099  8427  8469 I BatteryMgr:DataCollectionService: stats => 1701045950099,11901,4442,2136,4169000,100
11-27 01:45:50.099  8427   913 I BatteryMgr:DataCollectionService: stats => 1701045950099,11901,4442,2136,4169000,100
11-27 01:45:50.109  1011  1189 I ASH     : @ 392802.279: tcs3701: stop power rail pending_off timer
11-27 01:45:50.109  1011  1189 D ASH     : @ 392802.279: tcs3701: start power rail timer, state:3
11-27 01:45:50.148  1011  1189 I ASH     : @ 392802.319: tcs3701: stop power rail pending_off timer
11-27 01:45:50.148  1011  1189 D ASH     : @ 392802.319: tcs3701: start power rail timer, state:3
11-27 01:45:50.189  1011  1189 I ASH     : @ 392802.359: tcs3701: stop power rail pending_off timer
11-27 01:45:50.189  1011  1189 D ASH     : @ 392802.359: tcs3701: start power rail timer, state:3
11-27 01:45:50.204  8427   913 I BatteryMgr:DataCollectionService: stats => 1701045950204,11901,4442,2136,4169000,100
11-27 01:45:50.205  8427  8469 I BatteryMgr:DataCollectionService: stats => 1701045950205,11901,4442,2136,4169000,100
11-27 01:45:50.228  1011  1189 I ASH     : @ 392802.399: tcs3701: stop power rail pending_off timer
11-27 01:45:50.228  1011  1189 D ASH     : @ 392802.399: tcs3701: start power rail timer, state:3
11-27 01:45:50.270  1011  1189 I ASH     : @ 392802.439: tcs3701: stop power rail pending_off timer
11-27 01:45:50.270  1011  1189 D ASH     : @ 392802.439: tcs3701: start power rail timer, state:3
11-27 01:45:50.308  1011  1189 I ASH     : @ 392802.479: tcs3701: stop power rail pending_off timer
11-27 01:45:50.309  1011  1189 D ASH     : @ 392802.479: tcs3701: start power rail timer, state:3
11-27 01:45:50.314  8427  8469 I BatteryMgr:DataCollectionService: stats => 1701045950314,11901,4442,2136,4169000,100
11-27 01:45:50.316  8427   913 I BatteryMgr:DataCollectionService: stats => 1701045950316,11901,4442,2136,4169000,100
11-27 01:45:50.349  1011  1189 I ASH     : @ 392802.519: tcs3701: stop power rail pending_off timer
11-27 01:45:50.349  1011  1189 D ASH     : @ 392802.519: tcs3701: start power rail timer, state:3
11-27 01:45:50.388  1011  1189 I ASH     : @ 392802.559: tcs3701: stop power rail pending_off timer
11-27 01:45:50.389  1011  1189 D ASH     : @ 392802.559: tcs3701: start power rail timer, state:3
11-27 01:45:50.420  8427   913 I BatteryMgr:DataCollectionService: stats => 1701045950420,11901,4442,2136,4169000,100
11-27 01:45:50.422  8427  8469 I BatteryMgr:DataCollectionService: stats => 1701045950422,11901,4442,2136,4169000,100
11-27 01:45:50.428  1011  1189 I ASH     : @ 392802.599: tcs3701: stop power rail pending_off timer
11-27 01:45:50.428  1011  1189 D ASH     : @ 392802.599: tcs3701: start power rail timer, state:3
11-27 01:45:50.469  1011  1189 I ASH     : @ 392802.639: tcs3701: stop power rail pending_off timer
11-27 01:45:50.469  1011  1189 D ASH     : @ 392802.639: tcs3701: start power rail timer, state:3
11-27 01:45:50.508  1011  1189 I ASH     : @ 392802.679: tcs3701: stop power rail pending_off timer
11-27 01:45:50.508  1011  1189 D ASH     : @ 392802.679: tcs3701: start power rail timer, state:3
11-27 01:45:50.533  8427  8469 I BatteryMgr:DataCollectionService: stats => 1701045950533,11901,4442,2136,4169000,100
11-27 01:45:50.535  8427   913 I BatteryMgr:DataCollectionService: stats => 1701045950535,11901,4442,2136,4169000,100
11-27 01:45:50.548  1011  1189 I ASH     : @ 392802.719: tcs3701: stop power rail pending_off timer
11-27 01:45:50.548  1011  1189 D ASH     : @ 392802.719: tcs3701: start power rail timer, state:3
11-27 01:45:50.589  1011  1189 I ASH     : @ 392802.759: tcs3701: stop power rail pending_off timer
11-27 01:45:50.589  1011  1189 D ASH     : @ 392802.759: tcs3701: start power rail timer, state:3
11-27 01:45:50.628  1011  1189 I ASH     : @ 392802.799: tcs3701: stop power rail pending_off timer
11-27 01:45:50.628  1011  1189 D ASH     : @ 392802.799: tcs3701: start power rail timer, state:3
11-27 01:45:50.642  8427   913 I BatteryMgr:DataCollectionService: stats => 1701045950642,11901,4442,2136,4169000,100
11-27 01:45:50.644  8427  8469 I BatteryMgr:DataCollectionService: stats => 1701045950644,11901,4442,2136,4169000,100
11-27 01:45:50.668  1011  1189 I ASH     : @ 392802.839: tcs3701: stop power rail pending_off timer
11-27 01:45:50.668  1011  1189 D ASH     : @ 392802.839: tcs3701: start power rail timer, state:3
