11-27 01:28:05.044  8427  8467 I BatteryMgr:DataCollectionService: stats => 1701044885044,8544,4442,2136,4169000,100
11-27 01:28:05.069  1011  1189 I ASH     : @ 391737.239: tcs3701: stop power rail pending_off timer
11-27 01:28:05.069  1011  1189 D ASH     : @ 391737.239: tcs3701: start power rail timer, state:3
11-27 01:28:05.081  8427  8467 I BatteryMgr:DataCollectionService: stats => 1701044885080,8544,4442,2136,4169000,100
11-27 01:28:05.108  1011  1189 I ASH     : @ 391737.279: tcs3701: stop power rail pending_off timer
11-27 01:28:05.108  1011  1189 D ASH     : @ 391737.279: tcs3701: start power rail timer, state:3
11-27 01:28:05.149  1011  1189 I ASH     : @ 391737.319: tcs3701: stop power rail pending_off timer
11-27 01:28:05.149  1011  1189 D ASH     : @ 391737.319: tcs3701: start power rail timer, state:3
11-27 01:28:05.153  8427  8467 I BatteryMgr:DataCollectionService: stats => 1701044885153,8544,4442,2136,4169000,100
11-27 01:28:05.188  1011  1189 I ASH     : @ 391737.359: tcs3701: stop power rail pending_off timer
11-27 01:28:05.188  1011  1189 D ASH     : @ 391737.359: tcs3701: start power rail timer, state:3
11-27 01:28:05.194  8427  8467 I BatteryMgr:DataCollectionService: stats => 1701044885194,8544,4442,2136,4169000,100
11-27 01:28:05.229  1011  1189 I ASH     : @ 391737.399: tcs3701: stop power rail pending_off timer
11-27 01:28:05.229  1011  1189 D ASH     : @ 391737.399: tcs3701: start power rail timer, state:3
11-27 01:28:05.264  8427  8467 I BatteryMgr:DataCollectionService: stats => 1701044885264,8544,4442,2136,4169000,100
11-27 01:28:05.268  1011  1189 I ASH     : @ 391737.439: tcs3701: stop power rail pending_off timer
11-27 01:28:05.268  1011  1189 D ASH     : @ 391737.439: tcs3701: start power rail timer, state:3
11-27 01:28:05.271  1795  3324 D ActivityManager: freezer override set to true
11-27 01:28:05.302  8427  8467 I BatteryMgr:DataCollectionService: stats => 1701044885302,8544,4442,2136,4169000,100
11-27 01:28:05.308  1011  1189 I ASH     : @ 391737.479: tcs3701: stop power rail pending_off timer
11-27 01:28:05.309  1011  1189 D ASH     : @ 391737.479: tcs3701: start power rail timer, state:3
11-27 01:28:05.348  1011  1189 I ASH     : @ 391737.519: tcs3701: stop power rail pending_off timer
11-27 01:28:05.348  1011  1189 D ASH     : @ 391737.519: tcs3701: start power rail timer, state:3
11-27 01:28:05.378  8427  8467 I BatteryMgr:DataCollectionService: stats => 1701044885378,8544,4442,2136,4169000,100
11-27 01:28:05.389  1011  1189 I ASH     : @ 391737.559: tcs3701: stop power rail pending_off timer
11-27 01:28:05.390  1011  1189 D ASH     : @ 391737.559: tcs3701: start power rail timer, state:3
11-27 01:28:05.406  8427  8467 I BatteryMgr:DataCollectionService: stats => 1701044885406,8544,4442,2136,4169000,100
11-27 01:28:05.429  1011  1189 I ASH     : @ 391737.599: tcs3701: stop power rail pending_off timer
11-27 01:28:05.429  1011  1189 D ASH     : @ 391737.599: tcs3701: start power rail timer, state:3
11-27 01:28:05.468  1011  1189 I ASH     : @ 391737.639: tcs3701: stop power rail pending_off timer
11-27 01:28:05.468  1011  1189 D ASH     : @ 391737.639: tcs3701: start power rail timer, state:3
11-27 01:28:05.485  8427  8467 I BatteryMgr:DataCollectionService: stats => 1701044885485,8544,4442,2136,4169000,100
11-27 01:28:05.508  1011  1189 I ASH     : @ 391737.679: tcs3701: stop power rail pending_off timer
11-27 01:28:05.509  1011  1189 D ASH     : @ 391737.679: tcs3701: start power rail timer, state:3
11-27 01:28:05.521  8427  8467 I BatteryMgr:DataCollectionService: stats => 1701044885521,8544,4442,2136,4169000,100
11-27 01:28:05.538 10770 10934 I m.chrome.canary: Waiting for a blocking GC Explicit
11-27 01:28:05.549  1011  1189 I ASH     : @ 391737.719: tcs3701: stop power rail pending_off timer
11-27 01:28:05.549  1011  1189 D ASH     : @ 391737.719: tcs3701: start power rail timer, state:3
11-27 01:28:05.570 10770 10779 I m.chrome.canary: Background young concurrent copying GC freed 2283883(41MB) AllocSpace objects, 6(184KB) LOS objects, 71% free, 15MB/56MB, paused 120us,57us total 158.346ms
11-27 01:28:05.572 10770 10934 I m.chrome.canary: WaitForGcToComplete blocked Explicit on Background for 33.808ms
11-27 01:28:05.589  1011  1189 I ASH     : @ 391737.759: tcs3701: stop power rail pending_off timer
11-27 01:28:05.589  1011  1189 D ASH     : @ 391737.759: tcs3701: start power rail timer, state:3
11-27 01:28:05.592  8427  8467 I BatteryMgr:DataCollectionService: stats => 1701044885592,8544,4442,2136,4169000,100
11-27 01:28:05.624  8427  8467 I BatteryMgr:DataCollectionService: stats => 1701044885624,8544,4442,2136,4169000,100
11-27 01:28:05.629  1011  1189 I ASH     : @ 391737.799: tcs3701: stop power rail pending_off timer
11-27 01:28:05.629  1011  1189 D ASH     : @ 391737.799: tcs3701: start power rail timer, state:3
11-27 01:28:05.668  1011  1189 I ASH     : @ 391737.839: tcs3701: stop power rail pending_off timer
11-27 01:28:05.668  1011  1189 D ASH     : @ 391737.839: tcs3701: start power rail timer, state:3
11-27 01:28:05.700  8427  8467 I BatteryMgr:DataCollectionService: stats => 1701044885700,8544,4442,2136,4169000,100
11-27 01:28:05.708  1011  1189 I ASH     : @ 391737.879: tcs3701: stop power rail pending_off timer
11-27 01:28:05.708  1011  1189 D ASH     : @ 391737.879: tcs3701: start power rail timer, state:3
11-27 01:28:05.732  8427  8467 I BatteryMgr:DataCollectionService: stats => 1701044885732,8544,4442,2136,4169000,100
11-27 01:28:05.749  1011  1189 I ASH     : @ 391737.919: tcs3701: stop power rail pending_off timer
11-27 01:28:05.749  1011  1189 D ASH     : @ 391737.919: tcs3701: start power rail timer, state:3
11-27 01:28:05.789  1011  1189 I ASH     : @ 391737.959: tcs3701: stop power rail pending_off timer
11-27 01:28:05.789  1011  1189 D ASH     : @ 391737.959: tcs3701: start power rail timer, state:3
11-27 01:28:05.805  8427  8467 I BatteryMgr:DataCollectionService: stats => 1701044885805,8544,4442,2136,4169000,100
11-27 01:28:05.829  1011  1189 I ASH     : @ 391737.999: tcs3701: stop power rail pending_off timer
11-27 01:28:05.829  1011  1189 D ASH     : @ 391737.999: tcs3701: start power rail timer, state:3
11-27 01:28:05.836  8427  8467 I BatteryMgr:DataCollectionService: stats => 1701044885836,8544,4442,2136,4169000,100
11-27 01:28:05.843 10770 10934 I m.chrome.canary: Explicit concurrent copying GC freed 125820(2489KB) AllocSpace objects, 1(20KB) LOS objects, 75% free, 20MB/80MB, paused 1.154ms,50us total 266.966ms
11-27 01:28:05.868  1011  1189 I ASH     : @ 391738.039: tcs3701: stop power rail pending_off timer
11-27 01:28:05.869  1011  1189 D ASH     : @ 391738.039: tcs3701: start power rail timer, state:3
11-27 01:28:05.908  1011  1189 I ASH     : @ 391738.079: tcs3701: stop power rail pending_off timer
11-27 01:28:05.908  1011  1189 D ASH     : @ 391738.079: tcs3701: start power rail timer, state:3
11-27 01:28:05.909  8427  8467 I BatteryMgr:DataCollectionService: stats => 1701044885909,8544,4442,2136,4169000,100
11-27 01:28:05.941  8427  8467 I BatteryMgr:DataCollectionService: stats => 1701044885941,8544,4442,2136,4169000,100
11-27 01:28:05.948  1011  1189 I ASH     : @ 391738.119: tcs3701: stop power rail pending_off timer
11-27 01:28:05.948  1011  1189 D ASH     : @ 391738.119: tcs3701: start power rail timer, state:3
11-27 01:28:05.989  1011  1189 I ASH     : @ 391738.159: tcs3701: stop power rail pending_off timer
11-27 01:28:05.989  1011  1189 D ASH     : @ 391738.159: tcs3701: start power rail timer, state:3
11-27 01:28:06.012  8427  8467 I BatteryMgr:DataCollectionService: stats => 1701044886012,8544,4442,2136,4169000,100
11-27 01:28:06.028  1011  1189 I ASH     : @ 391738.199: tcs3701: stop power rail pending_off timer
11-27 01:28:06.028  1011  1189 D ASH     : @ 391738.199: tcs3701: start power rail timer, state:3
11-27 01:28:06.049  8427  8467 I BatteryMgr:DataCollectionService: stats => 1701044886049,8544,4442,2136,4169000,100
11-27 01:28:06.069  1011  1189 I ASH     : @ 391738.239: tcs3701: stop power rail pending_off timer
11-27 01:28:06.069  1011  1189 D ASH     : @ 391738.239: tcs3701: start power rail timer, state:3
11-27 01:28:06.085  1795  4172 D ActivityManager: freezer override set to false
11-27 01:28:06.108  1011  1189 I ASH     : @ 391738.279: tcs3701: stop power rail pending_off timer
11-27 01:28:06.109  1011  1189 D ASH     : @ 391738.279: tcs3701: start power rail timer, state:3
11-27 01:28:06.121  8427  8467 I BatteryMgr:DataCollectionService: stats => 1701044886121,8544,4442,2136,4169000,100
11-27 01:28:06.148  1011  1189 I ASH     : @ 391738.319: tcs3701: stop power rail pending_off timer
11-27 01:28:06.148  1011  1189 D ASH     : @ 391738.319: tcs3701: start power rail timer, state:3
11-27 01:28:06.156  8427  8467 I BatteryMgr:DataCollectionService: stats => 1701044886156,8544,4442,2136,4169000,100
11-27 01:28:06.161  1795  4172 D ActivityManager: freezer override set to true
11-27 01:28:06.169  1795  4172 D ActivityManager: freezer override set to false
11-27 01:28:06.188  1011  1189 I ASH     : @ 391738.359: tcs3701: stop power rail pending_off timer
11-27 01:28:06.189  1011  1189 D ASH     : @ 391738.359: tcs3701: start power rail timer, state:3
11-27 01:28:06.229  1011  1189 I ASH     : @ 391738.399: tcs3701: stop power rail pending_off timer
11-27 01:28:06.229  1011  1189 D ASH     : @ 391738.399: tcs3701: start power rail timer, state:3
11-27 01:28:06.232  8427  8467 I BatteryMgr:DataCollectionService: stats => 1701044886232,8544,4442,2136,4169000,100
11-27 01:28:06.264  1795  3324 D ActivityManager: freezer override set to true
11-27 01:28:06.266  8427  8467 I BatteryMgr:DataCollectionService: stats => 1701044886266,8544,4442,2136,4169000,100
11-27 01:28:06.268  1011  1189 I ASH     : @ 391738.439: tcs3701: stop power rail pending_off timer
11-27 01:28:06.269  1011  1189 D ASH     : @ 391738.439: tcs3701: start power rail timer, state:3
11-27 01:28:06.273  1795  3324 D ActivityManager: freezer override set to false
11-27 01:28:06.308  1011  1189 I ASH     : @ 391738.479: tcs3701: stop power rail pending_off timer
11-27 01:28:06.308  1011  1189 D ASH     : @ 391738.479: tcs3701: start power rail timer, state:3
11-27 01:28:06.323  2113  2118 I pixel-thermal: skin-therm-monitor: 37.801
11-27 01:28:06.335  8427  8467 I BatteryMgr:DataCollectionService: stats => 1701044886335,8544,4442,2136,4169000,100
11-27 01:28:06.349  1011  1189 I ASH     : @ 391738.519: tcs3701: stop power rail pending_off timer
11-27 01:28:06.349  1011  1189 D ASH     : @ 391738.519: tcs3701: start power rail timer, state:3
11-27 01:28:06.369  8427  8467 I BatteryMgr:DataCollectionService: stats => 1701044886369,8544,4442,2136,4169000,100
11-27 01:28:06.388  1011  1189 I ASH     : @ 391738.559: tcs3701: stop power rail pending_off timer
11-27 01:28:06.389  1011  1189 D ASH     : @ 391738.559: tcs3701: start power rail timer, state:3
11-27 01:28:06.428  1011  1189 I ASH     : @ 391738.599: tcs3701: stop power rail pending_off timer
11-27 01:28:06.428  1011  1189 D ASH     : @ 391738.599: tcs3701: start power rail timer, state:3
11-27 01:28:06.447  8427  8467 I BatteryMgr:DataCollectionService: stats => 1701044886447,8544,4442,2136,4169000,100
11-27 01:28:06.468  1011  1189 I ASH     : @ 391738.639: tcs3701: stop power rail pending_off timer
11-27 01:28:06.469  1011  1189 D ASH     : @ 391738.639: tcs3701: start power rail timer, state:3
11-27 01:28:06.477  8427  8467 I BatteryMgr:DataCollectionService: stats => 1701044886477,8544,4442,2136,4169000,100
11-27 01:28:06.509  1011  1189 I ASH     : @ 391738.679: tcs3701: stop power rail pending_off timer
11-27 01:28:06.509  1011  1189 D ASH     : @ 391738.679: tcs3701: start power rail timer, state:3
11-27 01:28:06.549  1011  1189 I ASH     : @ 391738.719: tcs3701: stop power rail pending_off timer
11-27 01:28:06.549  1011  1189 D ASH     : @ 391738.719: tcs3701: start power rail timer, state:3
11-27 01:28:06.558  8427  8467 I BatteryMgr:DataCollectionService: stats => 1701044886558,8544,4442,2136,4169000,100
11-27 01:28:06.584  8427  8467 I BatteryMgr:DataCollectionService: stats => 1701044886584,8544,4442,2136,4169000,100
11-27 01:28:06.588  1011  1189 I ASH     : @ 391738.759: tcs3701: stop power rail pending_off timer
11-27 01:28:06.588  1011  1189 D ASH     : @ 391738.759: tcs3701: start power rail timer, state:3
11-27 01:28:06.631  1011  1189 I ASH     : @ 391738.799: tcs3701: stop power rail pending_off timer
11-27 01:28:06.631  1011  1189 D ASH     : @ 391738.799: tcs3701: start power rail timer, state:3
11-27 01:28:06.656  1795  4172 D ActivityManager: freezer override set to true
11-27 01:28:06.668  1011  1189 I ASH     : @ 391738.839: tcs3701: stop power rail pending_off timer
11-27 01:28:06.668  1011  1189 D ASH     : @ 391738.839: tcs3701: start power rail timer, state:3
11-27 01:28:06.669  8427  8467 I BatteryMgr:DataCollectionService: stats => 1701044886669,8544,4442,2136,4169000,100
11-27 01:28:06.695  8427  8467 I BatteryMgr:DataCollectionService: stats => 1701044886695,8544,4442,2136,4169000,100
11-27 01:28:06.709  1011  1189 I ASH     : @ 391738.879: tcs3701: stop power rail pending_off timer
11-27 01:28:06.709  1011  1189 D ASH     : @ 391738.879: tcs3701: start power rail timer, state:3
11-27 01:28:06.725  1795  3759 W JobScheduler: Job didn't exist in JobStore: 4996f0c #u0a202/1034 com.google.android.apps.photos/com.google.android.libraries.social.mediamonitor.MediaMonitorJobSchedulerService
11-27 01:28:06.748  1011  1189 I ASH     : @ 391738.919: tcs3701: stop power rail pending_off timer
11-27 01:28:06.748  1011  1189 D ASH     : @ 391738.919: tcs3701: start power rail timer, state:3
11-27 01:28:06.774  1039  1095 D rlsservice: MonitorDisplayStatus client num 0, display status 1, sensor status 0
11-27 01:28:06.776  8427  8467 I BatteryMgr:DataCollectionService: stats => 1701044886776,8544,4442,2136,4169000,100
11-27 01:28:06.788  1011  1189 I ASH     : @ 391738.959: tcs3701: stop power rail pending_off timer
11-27 01:28:06.788  1011  1189 D ASH     : @ 391738.959: tcs3701: start power rail timer, state:3
11-27 01:28:06.802  8427  8467 I BatteryMgr:DataCollectionService: stats => 1701044886802,8544,4442,2136,4169000,100
11-27 01:28:06.828  1011  1189 I ASH     : @ 391738.999: tcs3701: stop power rail pending_off timer
11-27 01:28:06.829  1011  1189 D ASH     : @ 391738.999: tcs3701: start power rail timer, state:3
11-27 01:28:06.860  1795  3324 W UriGrantsManagerService: No permission grants found for com.google.android.apps.photos
11-27 01:28:06.869  1011  1189 I ASH     : @ 391739.039: tcs3701: stop power rail pending_off timer
11-27 01:28:06.869  1011  1189 D ASH     : @ 391739.039: tcs3701: start power rail timer, state:3
11-27 01:28:06.874  1795  3324 W UriGrantsManagerService: No permission grants found for com.google.android.apps.photos
11-27 01:28:06.885  8427  8467 I BatteryMgr:DataCollectionService: stats => 1701044886885,8544,4442,2136,4169000,100
11-27 01:28:06.909  1011  1189 I ASH     : @ 391739.079: tcs3701: stop power rail pending_off timer
11-27 01:28:06.909  1011  1189 D ASH     : @ 391739.079: tcs3701: start power rail timer, state:3
11-27 01:28:06.911  8427  8467 I BatteryMgr:DataCollectionService: stats => 1701044886910,8544,4442,2136,4169000,100
11-27 01:28:06.949  1011  1189 I ASH     : @ 391739.119: tcs3701: stop power rail pending_off timer
11-27 01:28:06.949  1011  1189 D ASH     : @ 391739.119: tcs3701: start power rail timer, state:3
11-27 01:28:06.988  1011  1189 I ASH     : @ 391739.159: tcs3701: stop power rail pending_off timer
11-27 01:28:06.988  1011  1189 D ASH     : @ 391739.159: tcs3701: start power rail timer, state:3
11-27 01:28:06.990  8427  8467 I BatteryMgr:DataCollectionService: stats => 1701044886990,8544,4442,2136,4169000,100
11-27 01:28:07.018  8427  8467 I BatteryMgr:DataCollectionService: stats => 1701044887017,8544,4442,2136,4169000,100
11-27 01:28:07.029  1011  1189 I ASH     : @ 391739.199: tcs3701: stop power rail pending_off timer
11-27 01:28:07.029  1011  1189 D ASH     : @ 391739.199: tcs3701: start power rail timer, state:3
11-27 01:28:07.069  1011  1189 I ASH     : @ 391739.239: tcs3701: stop power rail pending_off timer
11-27 01:28:07.069  1011  1189 D ASH     : @ 391739.239: tcs3701: start power rail timer, state:3
11-27 01:28:07.070 10770 10934 I m.chrome.canary: Explicit concurrent copying GC freed 1405257(25MB) AllocSpace objects, 4(80KB) LOS objects, 75% free, 16MB/66MB, paused 27us,23us total 200.936ms
11-27 01:28:07.096  8427  8467 I BatteryMgr:DataCollectionService: stats => 1701044887096,8544,4442,2136,4169000,100
11-27 01:28:07.098  1795  3716 W UriGrantsManagerService: No permission grants found for com.google.android.apps.photos
11-27 01:28:07.109  1011  1189 I ASH     : @ 391739.279: tcs3701: stop power rail pending_off timer
11-27 01:28:07.109  1011  1189 D ASH     : @ 391739.279: tcs3701: start power rail timer, state:3
11-27 01:28:07.114  1795  3716 W UriGrantsManagerService: No permission grants found for com.google.android.apps.photos
11-27 01:28:07.123  8427  8467 I BatteryMgr:DataCollectionService: stats => 1701044887123,8544,4442,2136,4169000,100
11-27 01:28:07.148  1011  1189 I ASH     : @ 391739.319: tcs3701: stop power rail pending_off timer
11-27 01:28:07.148  1011  1189 D ASH     : @ 391739.319: tcs3701: start power rail timer, state:3
11-27 01:28:07.174  1795  2424 D WifiClientModeImpl[13802:wlan0]: updateLinkLayerStatsRssiSpeedFrequencyCapabilities rssi=-45 TxLinkspeed=866 freq=5240 RxLinkSpeed=866
11-27 01:28:07.175  1795  2424 D WifiDataStall: tx tput in kbps: 714145
11-27 01:28:07.175  1795  2424 D WifiDataStall: rx tput in kbps: 767898
11-27 01:28:07.175  1795  2424 V WifiConfigManager: Updating scan detail cache freq=5240 BSSID=f4:6d:2f:12:cc:88 RSSI=-44 for "ourhome"WPA_PSK
11-27 01:28:07.175  1795  2424 D WifiChannelUtilization:  freq: 5240 onTime: 11315170 busyTime: 1046324 onTimeDiff: 1667314 busyTimeDiff: 189838 utilization: 29 utilization t0: 23
11-27 01:28:07.175  1795  2424 D WifiDataStall:  ccaLevel = 29
11-27 01:28:07.175  1795  2424 D WifiDataStall: L2 txTputKbps: 729503, rxTputKbps: 767898, L3 txTputKbps: 0, rxTputKbps: 0, TxTrafficHigh: false, RxTrafficHigh: false, Throughput Sufficient: true
11-27 01:28:07.175  1795  2424 D WifiScoreReport: Wifi scoring disabled - Don't check IP layer
11-27 01:28:07.175  1795  2424 D WifiScoreCard: BSSID update SIGNAL_POLL ID: 1320464697 SSID: "ourhome", BSSID: f4:6d:2f:12:cc:88, MAC: b2:2f:ec:da:4a:0c, IP: /192.168.1.104, Security type: 2, Supplicant state: COMPLETED, Wi-Fi standard: 5, RSSI: -45, Link speed: 866Mbps, Tx Link speed: 866Mbps, Max Supported Tx Link speed: 866Mbps, Rx Link speed: 866Mbps, Max Supported Rx Link speed: 866Mbps, Frequency: 5240MHz, Net ID: 12, Metered hint: false, score: 60, isUsable: true, CarrierMerged: false, SubscriptionId: -1, IsPrimary: 1, Trusted: true, Restricted: false, Ephemeral: false, OEM paid: false, OEM private: false, OSU AP: false, FQDN: <none>, Provider friendly name: <none>, Requesting package name: <none>"ourhome"wpa2-pskMLO Information: , Is TID-To-Link negotiation supported by the AP: false, AP MLD Address: <none>, AP MLO Link Id: <none>, AP MLO Affiliated links: <none>
11-27 01:28:07.175  1795  2424 D WifiScoreCard: txRate: 12 txSpeed: 866
11-27 01:28:07.175  1795  2424 D WifiScoreCard: network update SIGNAL_POLL "ourhome" ID: 1499892569 RSSI -45 txSpeed 866
11-27 01:28:07.175  2673  2693 V WifiManager: OnWifiUsabilityStatsListener: onWifiUsabilityStats: seqNum=101379
11-27 01:28:07.175  2782  5906 D QCNEJ/WlanStaInfoRelay: Received action: android.net.wifi.RSSI_CHANGED
11-27 01:28:07.175  1795  2424 D WifiClientModeImpl[13802:wlan0]:  ClientModeImpl$L2ConnectedState screen=on 37 0 "ourhome" f4:6d:2f:12:cc:88 rssi=-45 f=5240 sc=60 link=866 tx=10.3, 0.8, 0.0 rx=6.7 bcn=3710845 [on:0 tx:0 rx:0 period:3011] from screen [on:1679189 period:32452461] score=60
11-27 01:28:07.175  2513  2532 V WifiManager: TrafficStateCallbackProxy: onStateChanged state=0
11-27 01:28:07.175  1795  3759 I WifiService: updateWifiUsabilityScore uid=10180 seqNum=101379 score=100 predictionHorizonSec=1441795
11-27 01:28:07.176  1795  2424 D WifiScoreReport: Wifi scoring disabled - Notify that Wifi is usable
11-27 01:28:07.179  1795  2432 D ConnectivityService: NetReassign [no changes] [c 1] [a 0] [i 1]
11-27 01:28:07.188  1011  1189 I ASH     : @ 391739.359: tcs3701: stop power rail pending_off timer
11-27 01:28:07.188  1011  1189 D ASH     : @ 391739.359: tcs3701: start power rail timer, state:3
11-27 01:28:07.204  8427  8467 I BatteryMgr:DataCollectionService: stats => 1701044887204,8544,4442,2136,4169000,100
11-27 01:28:07.208  1795  3716 W UriGrantsManagerService: No permission grants found for com.google.android.apps.photos
11-27 01:28:07.208  1795  3716 W UriGrantsManagerService: No permission grants found for com.google.android.apps.photos
11-27 01:28:07.229  1011  1189 I ASH     : @ 391739.399: tcs3701: stop power rail pending_off timer
11-27 01:28:07.229  1011  1189 D ASH     : @ 391739.399: tcs3701: start power rail timer, state:3
11-27 01:28:07.231  8427  8467 I BatteryMgr:DataCollectionService: stats => 1701044887231,8544,4442,2136,4169000,100
11-27 01:28:07.268  1011  1189 I ASH     : @ 391739.439: tcs3701: stop power rail pending_off timer
11-27 01:28:07.269  1011  1189 D ASH     : @ 391739.439: tcs3701: start power rail timer, state:3
11-27 01:28:07.309  1011  1189 I ASH     : @ 391739.479: tcs3701: stop power rail pending_off timer
11-27 01:28:07.309  1011  1189 D ASH     : @ 391739.479: tcs3701: start power rail timer, state:3
11-27 01:28:07.312  1795  3324 D ActivityManager: freezer override set to false
11-27 01:28:07.319  8427  8467 I BatteryMgr:DataCollectionService: stats => 1701044887319,8544,4442,2136,4169000,100
11-27 01:28:07.339  8427  8467 I BatteryMgr:DataCollectionService: stats => 1701044887339,8544,4442,2136,4169000,100
11-27 01:28:07.348  1011  1189 I ASH     : @ 391739.519: tcs3701: stop power rail pending_off timer
11-27 01:28:07.348  1011  1189 D ASH     : @ 391739.519: tcs3701: start power rail timer, state:3
11-27 01:28:07.390  1011  1189 I ASH     : @ 391739.559: tcs3701: stop power rail pending_off timer
11-27 01:28:07.390  1011  1189 D ASH     : @ 391739.559: tcs3701: start power rail timer, state:3
11-27 01:28:07.419  1795  3324 D ActivityManager: freezer override set to true
11-27 01:28:07.428  1011  1189 I ASH     : @ 391739.599: tcs3701: stop power rail pending_off timer
11-27 01:28:07.428  1011  1189 D ASH     : @ 391739.599: tcs3701: start power rail timer, state:3
11-27 01:28:07.432  1795  3324 D ActivityManager: freezer override set to false
11-27 01:28:07.437  8427  8467 I BatteryMgr:DataCollectionService: stats => 1701044887437,8544,4442,2136,4169000,100
11-27 01:28:07.449  8427  8467 I BatteryMgr:DataCollectionService: stats => 1701044887449,8544,4442,2136,4169000,100
11-27 01:28:07.468  1011  1189 I ASH     : @ 391739.639: tcs3701: stop power rail pending_off timer
11-27 01:28:07.469  1011  1189 D ASH     : @ 391739.639: tcs3701: start power rail timer, state:3
11-27 01:28:07.475  1795  3716 D ActivityManager: freezer override set to true
11-27 01:28:07.479  1795  3716 D ActivityManager: freezer override set to false
11-27 01:28:07.509  1011  1189 I ASH     : @ 391739.679: tcs3701: stop power rail pending_off timer
11-27 01:28:07.509  1011  1189 D ASH     : @ 391739.679: tcs3701: start power rail timer, state:3
11-27 01:28:07.548  8427  8467 I BatteryMgr:DataCollectionService: stats => 1701044887548,8544,4442,2136,4169000,100
11-27 01:28:07.548  1011  1189 I ASH     : @ 391739.719: tcs3701: stop power rail pending_off timer
11-27 01:28:07.548  1011  1189 D ASH     : @ 391739.719: tcs3701: start power rail timer, state:3
11-27 01:28:07.576  8427  8467 I BatteryMgr:DataCollectionService: stats => 1701044887576,8544,4442,2136,4169000,100
11-27 01:28:07.589  1011  1189 I ASH     : @ 391739.759: tcs3701: stop power rail pending_off timer
11-27 01:28:07.589  1011  1189 D ASH     : @ 391739.759: tcs3701: start power rail timer, state:3
11-27 01:28:07.628  1011  1189 I ASH     : @ 391739.799: tcs3701: stop power rail pending_off timer
11-27 01:28:07.628  1011  1189 D ASH     : @ 391739.799: tcs3701: start power rail timer, state:3
11-27 01:28:07.659  8427  8467 I BatteryMgr:DataCollectionService: stats => 1701044887659,8544,4442,2136,4169000,100
11-27 01:28:07.668  1011  1189 I ASH     : @ 391739.839: tcs3701: stop power rail pending_off timer
11-27 01:28:07.668  1011  1189 D ASH     : @ 391739.839: tcs3701: start power rail timer, state:3
11-27 01:28:07.685  8427  8467 I BatteryMgr:DataCollectionService: stats => 1701044887685,8544,4442,2136,4169000,100
11-27 01:28:07.708  1011  1189 I ASH     : @ 391739.879: tcs3701: stop power rail pending_off timer
11-27 01:28:07.708  1011  1189 D ASH     : @ 391739.879: tcs3701: start power rail timer, state:3
11-27 01:28:07.748  1011  1189 I ASH     : @ 391739.919: tcs3701: stop power rail pending_off timer
11-27 01:28:07.748  1011  1189 D ASH     : @ 391739.919: tcs3701: start power rail timer, state:3
11-27 01:28:07.754  1795  3716 D ActivityManager: freezer override set to true
11-27 01:28:07.763  8427  8467 I BatteryMgr:DataCollectionService: stats => 1701044887763,8544,4442,2136,4169000,100
11-27 01:28:07.788  1011  1189 I ASH     : @ 391739.959: tcs3701: stop power rail pending_off timer
11-27 01:28:07.789  1011  1189 D ASH     : @ 391739.959: tcs3701: start power rail timer, state:3
11-27 01:28:07.792  8427  8467 I BatteryMgr:DataCollectionService: stats => 1701044887792,8544,4442,2136,4169000,100
11-27 01:28:07.828  1011  1189 I ASH     : @ 391739.999: tcs3701: stop power rail pending_off timer
11-27 01:28:07.829  1011  1189 D ASH     : @ 391739.999: tcs3701: start power rail timer, state:3
11-27 01:28:07.863 10770 10783 I m.chrome.canary: Explicit concurrent copying GC freed 546580(10MB) AllocSpace objects, 9(232KB) LOS objects, 75% free, 14MB/58MB, paused 31us,24us total 56.950ms
11-27 01:28:07.869  1011  1189 I ASH     : @ 391740.039: tcs3701: stop power rail pending_off timer
11-27 01:28:07.869  1011  1189 D ASH     : @ 391740.039: tcs3701: start power rail timer, state:3
11-27 01:28:07.872  8427  8467 I BatteryMgr:DataCollectionService: stats => 1701044887872,8544,4442,2136,4169000,100
11-27 01:28:07.902  8427  8467 I BatteryMgr:DataCollectionService: stats => 1701044887902,8544,4442,2136,4169000,100
11-27 01:28:07.909  1011  1189 I ASH     : @ 391740.079: tcs3701: stop power rail pending_off timer
11-27 01:28:07.909  1011  1189 D ASH     : @ 391740.079: tcs3701: start power rail timer, state:3
11-27 01:28:07.930  1795  3759 D ActivityManager: freezer override set to false
11-27 01:28:07.948  1011  1189 I ASH     : @ 391740.119: tcs3701: stop power rail pending_off timer
11-27 01:28:07.948  1011  1189 D ASH     : @ 391740.119: tcs3701: start power rail timer, state:3
11-27 01:28:07.979  8427  8467 I BatteryMgr:DataCollectionService: stats => 1701044887979,8544,4442,2136,4169000,100
11-27 01:28:07.982  1795  3759 D ActivityManager: freezer override set to true
11-27 01:28:07.986  1795  3759 D ActivityManager: freezer override set to false
11-27 01:28:07.990  1011  1189 I ASH     : @ 391740.159: tcs3701: stop power rail pending_off timer
11-27 01:28:07.990  1011  1189 D ASH     : @ 391740.159: tcs3701: start power rail timer, state:3
11-27 01:28:08.005  8427  8467 I BatteryMgr:DataCollectionService: stats => 1701044888005,8544,4442,2136,4169000,100
11-27 01:28:08.028  1011  1189 I ASH     : @ 391740.199: tcs3701: stop power rail pending_off timer
11-27 01:28:08.028  1011  1189 D ASH     : @ 391740.199: tcs3701: start power rail timer, state:3
11-27 01:28:08.049  1795  3759 D ActivityManager: freezer override set to true
11-27 01:28:08.052  1795  3759 D ActivityManager: freezer override set to false
11-27 01:28:08.068  1011  1189 I ASH     : @ 391740.239: tcs3701: stop power rail pending_off timer
11-27 01:28:08.068  1011  1189 D ASH     : @ 391740.239: tcs3701: start power rail timer, state:3
11-27 01:28:08.085  8427  8467 I BatteryMgr:DataCollectionService: stats => 1701044888085,8544,4442,2136,4169000,100
11-27 01:28:08.109  1011  1189 I ASH     : @ 391740.279: tcs3701: stop power rail pending_off timer
11-27 01:28:08.109  1011  1189 D ASH     : @ 391740.279: tcs3701: start power rail timer, state:3
11-27 01:28:08.115  8427  8467 I BatteryMgr:DataCollectionService: stats => 1701044888115,8544,4442,2136,4169000,100
11-27 01:28:08.148  1011  1189 I ASH     : @ 391740.319: tcs3701: stop power rail pending_off timer
11-27 01:28:08.149  1011  1189 D ASH     : @ 391740.319: tcs3701: start power rail timer, state:3
11-27 01:28:08.188  1011  1189 I ASH     : @ 391740.359: tcs3701: stop power rail pending_off timer
11-27 01:28:08.190  1011  1189 D ASH     : @ 391740.359: tcs3701: start power rail timer, state:3
11-27 01:28:08.194  8427  8467 I BatteryMgr:DataCollectionService: stats => 1701044888194,8544,4442,2136,4169000,100
11-27 01:28:08.228  1011  1189 I ASH     : @ 391740.399: tcs3701: stop power rail pending_off timer
11-27 01:28:08.229  1011  1189 D ASH     : @ 391740.399: tcs3701: start power rail timer, state:3
11-27 01:28:08.230  8427  8467 I BatteryMgr:DataCollectionService: stats => 1701044888230,8544,4442,2136,4169000,100
11-27 01:28:08.268  1011  1189 I ASH     : @ 391740.439: tcs3701: stop power rail pending_off timer
11-27 01:28:08.269  1011  1189 D ASH     : @ 391740.439: tcs3701: start power rail timer, state:3
11-27 01:28:08.306  8427  8467 I BatteryMgr:DataCollectionService: stats => 1701044888306,8544,4442,2136,4169000,100
11-27 01:28:08.308  1011  1189 I ASH     : @ 391740.479: tcs3701: stop power rail pending_off timer
11-27 01:28:08.309  1011  1189 D ASH     : @ 391740.479: tcs3701: start power rail timer, state:3
11-27 01:28:08.326  2113  2118 I pixel-thermal: skin-therm-monitor: 37.808
11-27 01:28:08.337  8427  8467 I BatteryMgr:DataCollectionService: stats => 1701044888337,8544,4442,2136,4169000,100
11-27 01:28:08.348  1011  1189 I ASH     : @ 391740.519: tcs3701: stop power rail pending_off timer
11-27 01:28:08.348  1011  1189 D ASH     : @ 391740.519: tcs3701: start power rail timer, state:3
11-27 01:28:08.388  1011  1189 I ASH     : @ 391740.559: tcs3701: stop power rail pending_off timer
11-27 01:28:08.388  1011  1189 D ASH     : @ 391740.559: tcs3701: start power rail timer, state:3
11-27 01:28:08.417  8427  8467 I BatteryMgr:DataCollectionService: stats => 1701044888417,8544,4442,2136,4169000,100
11-27 01:28:08.429  1011  1189 I ASH     : @ 391740.599: tcs3701: stop power rail pending_off timer
11-27 01:28:08.429  1011  1189 D ASH     : @ 391740.599: tcs3701: start power rail timer, state:3
11-27 01:28:08.445  8427  8467 I BatteryMgr:DataCollectionService: stats => 1701044888445,8544,4442,2136,4169000,100
11-27 01:28:08.468  1011  1189 I ASH     : @ 391740.639: tcs3701: stop power rail pending_off timer
11-27 01:28:08.469  1011  1189 D ASH     : @ 391740.639: tcs3701: start power rail timer, state:3
11-27 01:28:08.509  1011  1189 I ASH     : @ 391740.679: tcs3701: stop power rail pending_off timer
11-27 01:28:08.509  1011  1189 D ASH     : @ 391740.679: tcs3701: start power rail timer, state:3
11-27 01:28:08.524  8427  8467 I BatteryMgr:DataCollectionService: stats => 1701044888524,8544,4442,2136,4169000,100
11-27 01:28:08.548  1011  1189 I ASH     : @ 391740.719: tcs3701: stop power rail pending_off timer
11-27 01:28:08.548  1011  1189 D ASH     : @ 391740.719: tcs3701: start power rail timer, state:3
11-27 01:28:08.552  8427  8467 I BatteryMgr:DataCollectionService: stats => 1701044888552,8544,4442,2136,4169000,100
11-27 01:28:08.588  1011  1189 I ASH     : @ 391740.759: tcs3701: stop power rail pending_off timer
11-27 01:28:08.589  1011  1189 D ASH     : @ 391740.759: tcs3701: start power rail timer, state:3
11-27 01:28:08.628  1011  1189 I ASH     : @ 391740.799: tcs3701: stop power rail pending_off timer
11-27 01:28:08.628  1011  1189 D ASH     : @ 391740.799: tcs3701: start power rail timer, state:3
11-27 01:28:08.640  8427  8467 I BatteryMgr:DataCollectionService: stats => 1701044888640,8544,4442,2136,4169000,100
11-27 01:28:08.661  8427  8467 I BatteryMgr:DataCollectionService: stats => 1701044888661,8544,4442,2136,4169000,100
11-27 01:28:08.669  1011  1189 I ASH     : @ 391740.839: tcs3701: stop power rail pending_off timer
11-27 01:28:08.669  1011  1189 D ASH     : @ 391740.839: tcs3701: start power rail timer, state:3
11-27 01:28:08.709  1011  1189 I ASH     : @ 391740.879: tcs3701: stop power rail pending_off timer
11-27 01:28:08.709  1011  1189 D ASH     : @ 391740.879: tcs3701: start power rail timer, state:3
11-27 01:28:08.747  8427  8467 I BatteryMgr:DataCollectionService: stats => 1701044888747,8544,4442,2136,4169000,100
11-27 01:28:08.749  1011  1189 I ASH     : @ 391740.919: tcs3701: stop power rail pending_off timer
11-27 01:28:08.749  1011  1189 D ASH     : @ 391740.919: tcs3701: start power rail timer, state:3
11-27 01:28:08.771  8427  8467 I BatteryMgr:DataCollectionService: stats => 1701044888769,8544,4442,2136,4169000,100
11-27 01:28:08.789  1011  1189 I ASH     : @ 391740.959: tcs3701: stop power rail pending_off timer
11-27 01:28:08.789  1011  1189 D ASH     : @ 391740.959: tcs3701: start power rail timer, state:3
11-27 01:28:08.829  1011  1189 I ASH     : @ 391740.999: tcs3701: stop power rail pending_off timer
11-27 01:28:08.829  1011  1189 D ASH     : @ 391740.999: tcs3701: start power rail timer, state:3
11-27 01:28:08.853  8427  8467 I BatteryMgr:DataCollectionService: stats => 1701044888853,8544,4442,2136,4169000,100
11-27 01:28:08.869  1011  1189 I ASH     : @ 391741.039: tcs3701: stop power rail pending_off timer
11-27 01:28:08.869  1011  1189 D ASH     : @ 391741.039: tcs3701: start power rail timer, state:3
11-27 01:28:08.882  8427  8467 I BatteryMgr:DataCollectionService: stats => 1701044888882,8544,4442,2136,4169000,100
11-27 01:28:08.893  1795  3759 D ActivityManager: freezer override set to true
11-27 01:28:08.898  1795  3759 D ActivityManager: freezer override set to false
11-27 01:28:08.908  1011  1189 I ASH     : @ 391741.078: tcs3701: stop power rail pending_off timer
11-27 01:28:08.908  1011  1189 D ASH     : @ 391741.079: tcs3701: start power rail timer, state:3
11-27 01:28:08.949  1011  1189 I ASH     : @ 391741.119: tcs3701: stop power rail pending_off timer
11-27 01:28:08.949  1011  1189 D ASH     : @ 391741.119: tcs3701: start power rail timer, state:3
11-27 01:28:08.959  8427  8467 I BatteryMgr:DataCollectionService: stats => 1701044888959,8544,4442,2136,4169000,100
11-27 01:28:08.987 10770 10829 W chromium: [WARNING:ev_root_ca_metadata.cc(119)] Not implemented
11-27 01:28:08.987 10770 10829 W chromium: [WARNING:ev_root_ca_metadata.cc(119)] Not implemented
11-27 01:28:08.988  1011  1189 I ASH     : @ 391741.159: tcs3701: stop power rail pending_off timer
11-27 01:28:08.988  1011  1189 D ASH     : @ 391741.159: tcs3701: start power rail timer, state:3
11-27 01:28:08.989  8427  8467 I BatteryMgr:DataCollectionService: stats => 1701044888989,8544,4442,2136,4169000,100
11-27 01:28:09.028  1011  1189 I ASH     : @ 391741.199: tcs3701: stop power rail pending_off timer
11-27 01:28:09.029  1011  1189 D ASH     : @ 391741.199: tcs3701: start power rail timer, state:3
11-27 01:28:09.065  8427  8467 I BatteryMgr:DataCollectionService: stats => 1701044889065,8544,4442,2136,4169000,100
11-27 01:28:09.069  1011  1189 I ASH     : @ 391741.239: tcs3701: stop power rail pending_off timer
11-27 01:28:09.069  1011  1189 D ASH     : @ 391741.239: tcs3701: start power rail timer, state:3
11-27 01:28:09.096  8427  8467 I BatteryMgr:DataCollectionService: stats => 1701044889096,8544,4442,2136,4169000,100
11-27 01:28:09.108  1011  1189 I ASH     : @ 391741.279: tcs3701: stop power rail pending_off timer
11-27 01:28:09.108  1011  1189 D ASH     : @ 391741.279: tcs3701: start power rail timer, state:3
11-27 01:28:09.149  1011  1189 I ASH     : @ 391741.319: tcs3701: stop power rail pending_off timer
11-27 01:28:09.149  1011  1189 D ASH     : @ 391741.319: tcs3701: start power rail timer, state:3
11-27 01:28:09.175  8427  8467 I BatteryMgr:DataCollectionService: stats => 1701044889175,8544,4442,2136,4169000,100
11-27 01:28:09.188  1011  1189 I ASH     : @ 391741.359: tcs3701: stop power rail pending_off timer
11-27 01:28:09.188  1011  1189 D ASH     : @ 391741.359: tcs3701: start power rail timer, state:3
11-27 01:28:09.205  8427  8467 I BatteryMgr:DataCollectionService: stats => 1701044889205,8544,4442,2136,4169000,100
11-27 01:28:09.229  1011  1189 I ASH     : @ 391741.399: tcs3701: stop power rail pending_off timer
11-27 01:28:09.229  1011  1189 D ASH     : @ 391741.399: tcs3701: start power rail timer, state:3
11-27 01:28:09.265  1795  3759 D ActivityManager: freezer override set to true
11-27 01:28:09.268  1011  1189 I ASH     : @ 391741.439: tcs3701: stop power rail pending_off timer
11-27 01:28:09.268  1011  1189 D ASH     : @ 391741.439: tcs3701: start power rail timer, state:3
11-27 01:28:09.283  8427  8467 I BatteryMgr:DataCollectionService: stats => 1701044889283,8544,4442,2136,4169000,100
11-27 01:28:09.309  1011  1189 I ASH     : @ 391741.479: tcs3701: stop power rail pending_off timer
11-27 01:28:09.310  1011  1189 D ASH     : @ 391741.479: tcs3701: start power rail timer, state:3
11-27 01:28:09.313  8427  8467 I BatteryMgr:DataCollectionService: stats => 1701044889313,8544,4442,2136,4169000,100
11-27 01:28:09.348  1011  1189 I ASH     : @ 391741.519: tcs3701: stop power rail pending_off timer
11-27 01:28:09.348  1011  1189 D ASH     : @ 391741.519: tcs3701: start power rail timer, state:3
11-27 01:28:09.389  1011  1189 I ASH     : @ 391741.559: tcs3701: stop power rail pending_off timer
11-27 01:28:09.389  1011  1189 D ASH     : @ 391741.559: tcs3701: start power rail timer, state:3
11-27 01:28:09.391  8427  8467 I BatteryMgr:DataCollectionService: stats => 1701044889391,8544,4442,2136,4169000,100
11-27 01:28:09.405 10770 10783 I m.chrome.canary: Explicit concurrent copying GC freed 5264(238KB) AllocSpace objects, 5(100KB) LOS objects, 75% free, 14MB/58MB, paused 71us,22us total 77.058ms
11-27 01:28:09.418  8427  8467 I BatteryMgr:DataCollectionService: stats => 1701044889418,8544,4442,2136,4169000,100
11-27 01:28:09.428  1011  1189 I ASH     : @ 391741.599: tcs3701: stop power rail pending_off timer
11-27 01:28:09.428  1011  1189 D ASH     : @ 391741.599: tcs3701: start power rail timer, state:3
11-27 01:28:09.466  1795  3759 D ActivityManager: freezer override set to false
11-27 01:28:09.469  1011  1189 I ASH     : @ 391741.639: tcs3701: stop power rail pending_off timer
11-27 01:28:09.469  1011  1189 D ASH     : @ 391741.639: tcs3701: start power rail timer, state:3
11-27 01:28:09.498  8427  8467 I BatteryMgr:DataCollectionService: stats => 1701044889498,8544,4442,2136,4169000,100
11-27 01:28:09.504  1795  3759 D ActivityManager: freezer override set to true
11-27 01:28:09.506  1795  3759 D ActivityManager: freezer override set to false
11-27 01:28:09.508  1011  1189 I ASH     : @ 391741.679: tcs3701: stop power rail pending_off timer
11-27 01:28:09.508  1011  1189 D ASH     : @ 391741.679: tcs3701: start power rail timer, state:3
11-27 01:28:09.529  8427  8467 I BatteryMgr:DataCollectionService: stats => 1701044889529,8544,4442,2136,4169000,100
11-27 01:28:09.544  1795  3759 D ActivityManager: freezer override set to true
11-27 01:28:09.548  1011  1189 I ASH     : @ 391741.719: tcs3701: stop power rail pending_off timer
11-27 01:28:09.548  1011  1189 D ASH     : @ 391741.719: tcs3701: start power rail timer, state:3
11-27 01:28:09.549  1795  3759 D ActivityManager: freezer override set to false
11-27 01:28:09.588  1011  1189 I ASH     : @ 391741.759: tcs3701: stop power rail pending_off timer
11-27 01:28:09.589  1011  1189 D ASH     : @ 391741.759: tcs3701: start power rail timer, state:3
11-27 01:28:09.604  8427  8467 I BatteryMgr:DataCollectionService: stats => 1701044889603,8544,4442,2136,4169000,100
11-27 01:28:09.628  1011  1189 I ASH     : @ 391741.799: tcs3701: stop power rail pending_off timer
11-27 01:28:09.628  1011  1189 D ASH     : @ 391741.799: tcs3701: start power rail timer, state:3
11-27 01:28:09.634  8427  8467 I BatteryMgr:DataCollectionService: stats => 1701044889634,8544,4442,2136,4169000,100
11-27 01:28:09.669  1011  1189 I ASH     : @ 391741.839: tcs3701: stop power rail pending_off timer
11-27 01:28:09.669  1011  1189 D ASH     : @ 391741.839: tcs3701: start power rail timer, state:3
11-27 01:28:09.709  1011  1189 I ASH     : @ 391741.879: tcs3701: stop power rail pending_off timer
11-27 01:28:09.709  1011  1189 D ASH     : @ 391741.879: tcs3701: start power rail timer, state:3
11-27 01:28:09.710  8427  8467 I BatteryMgr:DataCollectionService: stats => 1701044889710,8544,4442,2136,4169000,100
11-27 01:28:09.739  8427  8467 I BatteryMgr:DataCollectionService: stats => 1701044889739,8544,4442,2136,4169000,100
11-27 01:28:09.748  1011  1189 I ASH     : @ 391741.919: tcs3701: stop power rail pending_off timer
11-27 01:28:09.748  1011  1189 D ASH     : @ 391741.919: tcs3701: start power rail timer, state:3
11-27 01:28:09.788  1011  1189 I ASH     : @ 391741.959: tcs3701: stop power rail pending_off timer
11-27 01:28:09.788  1011  1189 D ASH     : @ 391741.959: tcs3701: start power rail timer, state:3
11-27 01:28:09.816  8427  8467 I BatteryMgr:DataCollectionService: stats => 1701044889816,8544,4442,2136,4169000,100
11-27 01:28:09.828  1011  1189 I ASH     : @ 391741.999: tcs3701: stop power rail pending_off timer
11-27 01:28:09.828  1011  1189 D ASH     : @ 391741.999: tcs3701: start power rail timer, state:3
11-27 01:28:09.844  8427  8467 I BatteryMgr:DataCollectionService: stats => 1701044889844,8544,4442,2136,4169000,100
11-27 01:28:09.869  1011  1189 I ASH     : @ 391742.039: tcs3701: stop power rail pending_off timer
11-27 01:28:09.869  1011  1189 D ASH     : @ 391742.039: tcs3701: start power rail timer, state:3
11-27 01:28:09.873  1795  3759 D ActivityManager: freezer override set to true
11-27 01:28:09.878  1795  3759 D ActivityManager: freezer override set to false
11-27 01:28:09.909  1011  1189 I ASH     : @ 391742.079: tcs3701: stop power rail pending_off timer
11-27 01:28:09.909  1011  1189 D ASH     : @ 391742.079: tcs3701: start power rail timer, state:3
11-27 01:28:09.923  8427  8467 I BatteryMgr:DataCollectionService: stats => 1701044889923,8544,4442,2136,4169000,100
11-27 01:28:09.949  1011  1189 I ASH     : @ 391742.119: tcs3701: stop power rail pending_off timer
11-27 01:28:09.949  1011  1189 D ASH     : @ 391742.119: tcs3701: start power rail timer, state:3
11-27 01:28:09.949  8427  8467 I BatteryMgr:DataCollectionService: stats => 1701044889949,8544,4442,2136,4169000,100
11-27 01:28:09.989  1011  1189 I ASH     : @ 391742.159: tcs3701: stop power rail pending_off timer
11-27 01:28:09.989  1011  1189 D ASH     : @ 391742.159: tcs3701: start power rail timer, state:3
11-27 01:28:10.027  8427  8467 I BatteryMgr:DataCollectionService: stats => 1701044890027,8544,4442,2136,4169000,100
11-27 01:28:10.028  1011  1189 I ASH     : @ 391742.199: tcs3701: stop power rail pending_off timer
11-27 01:28:10.028  1011  1189 D ASH     : @ 391742.199: tcs3701: start power rail timer, state:3
11-27 01:28:10.054  8427  8467 I BatteryMgr:DataCollectionService: stats => 1701044890054,8544,4442,2136,4169000,100
11-27 01:28:10.069  1011  1189 I ASH     : @ 391742.239: tcs3701: stop power rail pending_off timer
11-27 01:28:10.069  1011  1189 D ASH     : @ 391742.239: tcs3701: start power rail timer, state:3
11-27 01:28:10.109  1011  1189 I ASH     : @ 391742.279: tcs3701: stop power rail pending_off timer
11-27 01:28:10.109  1011  1189 D ASH     : @ 391742.279: tcs3701: start power rail timer, state:3
11-27 01:28:10.131  8427  8467 I BatteryMgr:DataCollectionService: stats => 1701044890131,8544,4442,2136,4169000,100
11-27 01:28:10.149  1011  1189 I ASH     : @ 391742.319: tcs3701: stop power rail pending_off timer
11-27 01:28:10.149  1011  1189 D ASH     : @ 391742.319: tcs3701: start power rail timer, state:3
11-27 01:28:10.161  8427  8467 I BatteryMgr:DataCollectionService: stats => 1701044890161,8544,4442,2136,4169000,100
11-27 01:28:10.186  1795  2424 D WifiClientModeImpl[13802:wlan0]: updateLinkLayerStatsRssiSpeedFrequencyCapabilities rssi=-44 TxLinkspeed=866 freq=5240 RxLinkSpeed=866
11-27 01:28:10.188  1795  2424 D WifiDataStall: tx tput in kbps: 729503
11-27 01:28:10.188  1795  2424 D WifiDataStall: rx tput in kbps: 767898
11-27 01:28:10.188  1795  2424 V WifiConfigManager: Updating scan detail cache freq=5240 BSSID=f4:6d:2f:12:cc:88 RSSI=-44 for "ourhome"WPA_PSK
11-27 01:28:10.188  2782  5906 D QCNEJ/WlanStaInfoRelay: Received action: android.net.wifi.RSSI_CHANGED
11-27 01:28:10.188  1011  1189 I ASH     : @ 391742.359: tcs3701: stop power rail pending_off timer
11-27 01:28:10.188  1795  2424 D WifiChannelUtilization:  freq: 5240 onTime: 11315453 busyTime: 1046350 onTimeDiff: 1667597 busyTimeDiff: 189864 utilization: 29 utilization t0: 23
11-27 01:28:10.188  1011  1189 D ASH     : @ 391742.359: tcs3701: start power rail timer, state:3
11-27 01:28:10.189  2673  2693 V WifiManager: OnWifiUsabilityStatsListener: onWifiUsabilityStats: seqNum=101380
11-27 01:28:10.189  1795  2424 D WifiDataStall:  ccaLevel = 29
11-27 01:28:10.189  1795  2424 D WifiDataStall: L2 txTputKbps: 767898, rxTputKbps: 767898, L3 txTputKbps: 14, rxTputKbps: 27, TxTrafficHigh: true, RxTrafficHigh: true, Throughput Sufficient: true
11-27 01:28:10.189  1795  2424 D WifiScoreReport: Wifi scoring disabled - Don't check IP layer
11-27 01:28:10.189  1795  3759 I WifiService: updateWifiUsabilityScore uid=10180 seqNum=101380 score=100 predictionHorizonSec=1441795
11-27 01:28:10.190  1795  2424 D WifiScoreCard: BSSID update SIGNAL_POLL ID: 1320464697 SSID: "ourhome", BSSID: f4:6d:2f:12:cc:88, MAC: b2:2f:ec:da:4a:0c, IP: /192.168.1.104, Security type: 2, Supplicant state: COMPLETED, Wi-Fi standard: 5, RSSI: -44, Link speed: 866Mbps, Tx Link speed: 866Mbps, Max Supported Tx Link speed: 866Mbps, Rx Link speed: 866Mbps, Max Supported Rx Link speed: 866Mbps, Frequency: 5240MHz, Net ID: 12, Metered hint: false, score: 60, isUsable: true, CarrierMerged: false, SubscriptionId: -1, IsPrimary: 1, Trusted: true, Restricted: false, Ephemeral: false, OEM paid: false, OEM private: false, OSU AP: false, FQDN: <none>, Provider friendly name: <none>, Requesting package name: <none>"ourhome"wpa2-pskMLO Information: , Is TID-To-Link negotiation supported by the AP: false, AP MLD Address: <none>, AP MLO Link Id: <none>, AP MLO Affiliated links: <none>
11-27 01:28:10.190  1795  2424 D WifiScoreCard: txRate: 8 txSpeed: 866
11-27 01:28:10.190  1795  2424 D WifiScoreCard: network update SIGNAL_POLL "ourhome" ID: 1499892569 RSSI -44 txSpeed 866
11-27 01:28:10.190  2513  2532 V WifiManager: TrafficStateCallbackProxy: onStateChanged state=3
11-27 01:28:10.190  1795  2424 D WifiClientModeImpl[13802:wlan0]:  ClientModeImpl$L2ConnectedState screen=on 37 0 "ourhome" f4:6d:2f:12:cc:88 rssi=-44 f=5240 sc=60 link=866 tx=6.9, 0.3, 0.0 rx=5.4 bcn=3710873 [on:283 tx:2 rx:2 period:3015] from screen [on:1679472 period:32455476] score=60
11-27 01:28:10.191  1795  2424 D WifiScoreReport: Wifi scoring disabled - Notify that Wifi is usable
11-27 01:28:10.194  1795  2432 D ConnectivityService: NetReassign [no changes] [c 0] [a 0] [i 2]
11-27 01:28:10.228  1011  1189 I ASH     : @ 391742.399: tcs3701: stop power rail pending_off timer
11-27 01:28:10.229  1011  1189 D ASH     : @ 391742.399: tcs3701: start power rail timer, state:3
11-27 01:28:10.237  8427  8467 I BatteryMgr:DataCollectionService: stats => 1701044890237,8544,4442,2136,4169000,100
11-27 01:28:10.267  8427  8467 I BatteryMgr:DataCollectionService: stats => 1701044890267,8544,4442,2136,4169000,100
11-27 01:28:10.269  1011  1189 I ASH     : @ 391742.439: tcs3701: stop power rail pending_off timer
11-27 01:28:10.269  1011  1189 D ASH     : @ 391742.439: tcs3701: start power rail timer, state:3
11-27 01:28:10.309  1011  1189 I ASH     : @ 391742.479: tcs3701: stop power rail pending_off timer
11-27 01:28:10.309  1011  1189 D ASH     : @ 391742.479: tcs3701: start power rail timer, state:3
11-27 01:28:10.328  2113  2118 I pixel-thermal: skin-therm-monitor: 37.808
11-27 01:28:10.343  8427  8467 I BatteryMgr:DataCollectionService: stats => 1701044890343,8544,4442,2136,4169000,100
11-27 01:28:10.348  1011  1189 I ASH     : @ 391742.519: tcs3701: stop power rail pending_off timer
11-27 01:28:10.349  1011  1189 D ASH     : @ 391742.519: tcs3701: start power rail timer, state:3
11-27 01:28:10.374  8427  8467 I BatteryMgr:DataCollectionService: stats => 1701044890374,8544,4442,2136,4169000,100
11-27 01:28:10.389  1011  1189 I ASH     : @ 391742.559: tcs3701: stop power rail pending_off timer
11-27 01:28:10.389  1011  1189 D ASH     : @ 391742.559: tcs3701: start power rail timer, state:3
11-27 01:28:10.428  1011  1189 I ASH     : @ 391742.599: tcs3701: stop power rail pending_off timer
11-27 01:28:10.428  1011  1189 D ASH     : @ 391742.599: tcs3701: start power rail timer, state:3
11-27 01:28:10.450  8427  8467 I BatteryMgr:DataCollectionService: stats => 1701044890450,8544,4442,2136,4169000,100
11-27 01:28:10.469  1011  1189 I ASH     : @ 391742.639: tcs3701: stop power rail pending_off timer
11-27 01:28:10.469  1011  1189 D ASH     : @ 391742.639: tcs3701: start power rail timer, state:3
11-27 01:28:10.479  8427  8467 I BatteryMgr:DataCollectionService: stats => 1701044890479,8544,4442,2136,4169000,100
11-27 01:28:10.508  1011  1189 I ASH     : @ 391742.679: tcs3701: stop power rail pending_off timer
11-27 01:28:10.509  1011  1189 D ASH     : @ 391742.679: tcs3701: start power rail timer, state:3
