11-27 01:23:38.654  1795  2424 D WifiClientModeImpl[13802:wlan0]:  ClientModeImpl$L2ConnectedState screen=on 37 0 "ourhome" f4:6d:2f:12:cc:88 rssi=-44 f=5240 sc=60 link=866 tx=12.2, 0.2, 0.0 rx=8.2 bcn=3708231 [on:229 tx:2 rx:1 period:3012] from screen [on:1667958 period:32183940] score=60
11-27 01:23:38.654  1795  2262 I WifiService: updateWifiUsabilityScore uid=10180 seqNum=101290 score=100 predictionHorizonSec=1441795
11-27 01:23:38.657  1795  2424 D WifiScoreReport: Wifi scoring disabled - Notify that Wifi is usable
11-27 01:23:38.658  1795  2432 D ConnectivityService: NetReassign [no changes] [c 0] [a 0] [i 1]
11-27 01:23:38.665  8427  8469 I BatteryMgr:DataCollectionService: stats => 1701044618664,10070,4442,2136,4169000,100
11-27 01:23:38.668  1011  1189 I ASH     : @ 391470.839: tcs3701: stop power rail pending_off timer
11-27 01:23:38.669  1011  1189 D ASH     : @ 391470.839: tcs3701: start power rail timer, state:3
11-27 01:23:38.705  1795  2424 D WifiNetworkSelector: Current connected network: 12
11-27 01:23:38.705  1795  2424 V WifiConnectivityManager: No partial scan because firmware roaming is supported.
11-27 01:23:38.705  1795  2424 V WifiConnectivityManager: schedulePeriodicScanTimer intervalMs 20000
11-27 01:23:38.708  1011  1189 I ASH     : @ 391470.879: tcs3701: stop power rail pending_off timer
11-27 01:23:38.708  1011  1189 D ASH     : @ 391470.879: tcs3701: start power rail timer, state:3
11-27 01:23:38.735  8427  8469 I BatteryMgr:DataCollectionService: stats => 1701044618735,10070,4442,2136,4169000,100
11-27 01:23:38.749  1011  1189 I ASH     : @ 391470.919: tcs3701: stop power rail pending_off timer
11-27 01:23:38.749  1011  1189 D ASH     : @ 391470.919: tcs3701: start power rail timer, state:3
11-27 01:23:38.775  8427  8469 I BatteryMgr:DataCollectionService: stats => 1701044618774,10070,4442,2136,4169000,100
11-27 01:23:38.778  1795  4169 D ActivityManager: freezer override set to false
11-27 01:23:38.789  1011  1189 I ASH     : @ 391470.959: tcs3701: stop power rail pending_off timer
11-27 01:23:38.789  1011  1189 D ASH     : @ 391470.959: tcs3701: start power rail timer, state:3
11-27 01:23:38.829  1011  1189 I ASH     : @ 391470.999: tcs3701: stop power rail pending_off timer
11-27 01:23:38.829  1011  1189 D ASH     : @ 391470.999: tcs3701: start power rail timer, state:3
11-27 01:23:38.842  8427  8469 I BatteryMgr:DataCollectionService: stats => 1701044618842,10070,4442,2136,4169000,100
11-27 01:23:38.853  1795  2262 D ActivityManager: freezer override set to true
11-27 01:23:38.863  1795  2262 D ActivityManager: freezer override set to false
11-27 01:23:38.868  1011  1189 I ASH     : @ 391471.039: tcs3701: stop power rail pending_off timer
11-27 01:23:38.868  1011  1189 D ASH     : @ 391471.039: tcs3701: start power rail timer, state:3
11-27 01:23:38.894  8427  8469 I BatteryMgr:DataCollectionService: stats => 1701044618894,10070,4442,2136,4169000,100
11-27 01:23:38.910  1011  1189 I ASH     : @ 391471.079: tcs3701: stop power rail pending_off timer
11-27 01:23:38.910  1011  1189 D ASH     : @ 391471.079: tcs3701: start power rail timer, state:3
11-27 01:23:38.926  1795  2262 D ActivityManager: freezer override set to true
11-27 01:23:38.931  1795  2262 D ActivityManager: freezer override set to false
11-27 01:23:38.947  8427  8469 I BatteryMgr:DataCollectionService: stats => 1701044618947,10070,4442,2136,4169000,100
11-27 01:23:38.949  1011  1189 I ASH     : @ 391471.119: tcs3701: stop power rail pending_off timer
11-27 01:23:38.949  1011  1189 D ASH     : @ 391471.119: tcs3701: start power rail timer, state:3
11-27 01:23:38.990  1011  1189 I ASH     : @ 391471.159: tcs3701: stop power rail pending_off timer
11-27 01:23:38.990  1011  1189 D ASH     : @ 391471.159: tcs3701: start power rail timer, state:3
11-27 01:23:39.005  8427  8469 I BatteryMgr:DataCollectionService: stats => 1701044619005,10070,4442,2136,4169000,100
11-27 01:23:39.028  1011  1189 I ASH     : @ 391471.199: tcs3701: stop power rail pending_off timer
11-27 01:23:39.028  1011  1189 D ASH     : @ 391471.199: tcs3701: start power rail timer, state:3
11-27 01:23:39.029  1795  2262 D ActivityManager: freezer override set to true
11-27 01:23:39.044  1795  2262 D ActivityManager: freezer override set to false
11-27 01:23:39.052  8427  8469 I BatteryMgr:DataCollectionService: stats => 1701044619052,10070,4442,2136,4169000,100
11-27 01:23:39.069  1011  1189 I ASH     : @ 391471.239: tcs3701: stop power rail pending_off timer
11-27 01:23:39.069  1011  1189 D ASH     : @ 391471.239: tcs3701: start power rail timer, state:3
11-27 01:23:39.108  8427  8469 I BatteryMgr:DataCollectionService: stats => 1701044619108,10070,4442,2136,4169000,100
11-27 01:23:39.108  1011  1189 I ASH     : @ 391471.279: tcs3701: stop power rail pending_off timer
11-27 01:23:39.108  1011  1189 D ASH     : @ 391471.279: tcs3701: start power rail timer, state:3
11-27 01:23:39.148  1011  1189 I ASH     : @ 391471.319: tcs3701: stop power rail pending_off timer
11-27 01:23:39.149  1011  1189 D ASH     : @ 391471.319: tcs3701: start power rail timer, state:3
11-27 01:23:39.157  8427  8469 I BatteryMgr:DataCollectionService: stats => 1701044619157,10070,4442,2136,4169000,100
11-27 01:23:39.188  1011  1189 I ASH     : @ 391471.359: tcs3701: stop power rail pending_off timer
11-27 01:23:39.188  1011  1189 D ASH     : @ 391471.359: tcs3701: start power rail timer, state:3
11-27 01:23:39.209  1795  4169 D ActivityManager: freezer override set to true
11-27 01:23:39.214  8427  8469 I BatteryMgr:DataCollectionService: stats => 1701044619214,10070,4442,2136,4169000,100
11-27 01:23:39.229  1011  1189 I ASH     : @ 391471.399: tcs3701: stop power rail pending_off timer
11-27 01:23:39.229  1011  1189 D ASH     : @ 391471.399: tcs3701: start power rail timer, state:3
11-27 01:23:39.267  8427  8469 I BatteryMgr:DataCollectionService: stats => 1701044619267,10070,4442,2136,4169000,100
11-27 01:23:39.268  1011  1189 I ASH     : @ 391471.439: tcs3701: stop power rail pending_off timer
11-27 01:23:39.268  1011  1189 D ASH     : @ 391471.439: tcs3701: start power rail timer, state:3
11-27 01:23:39.309  1011  1189 I ASH     : @ 391471.479: tcs3701: stop power rail pending_off timer
11-27 01:23:39.309  1011  1189 D ASH     : @ 391471.479: tcs3701: start power rail timer, state:3
11-27 01:23:39.320  8427  8469 I BatteryMgr:DataCollectionService: stats => 1701044619320,10070,4442,2136,4169000,100
11-27 01:23:39.348  1011  1189 I ASH     : @ 391471.519: tcs3701: stop power rail pending_off timer
11-27 01:23:39.348  1011  1189 D ASH     : @ 391471.519: tcs3701: start power rail timer, state:3
11-27 01:23:39.374  8427  8469 I BatteryMgr:DataCollectionService: stats => 1701044619374,10070,4442,2136,4169000,100
11-27 01:23:39.391  1011  1189 I ASH     : @ 391471.559: tcs3701: stop power rail pending_off timer
11-27 01:23:39.391  1011  1189 D ASH     : @ 391471.559: tcs3701: start power rail timer, state:3
11-27 01:23:39.428  1011  1189 I ASH     : @ 391471.599: tcs3701: stop power rail pending_off timer
11-27 01:23:39.428  1011  1189 D ASH     : @ 391471.599: tcs3701: start power rail timer, state:3
11-27 01:23:39.432  8427  8469 I BatteryMgr:DataCollectionService: stats => 1701044619432,10070,4442,2136,4169000,100
11-27 01:23:39.468  1011  1189 I ASH     : @ 391471.639: tcs3701: stop power rail pending_off timer
11-27 01:23:39.468  1011  1189 D ASH     : @ 391471.639: tcs3701: start power rail timer, state:3
11-27 01:23:39.482  8427  8469 I BatteryMgr:DataCollectionService: stats => 1701044619482,10070,4442,2136,4169000,100
11-27 01:23:39.508  1011  1189 I ASH     : @ 391471.679: tcs3701: stop power rail pending_off timer
11-27 01:23:39.508  1011  1189 D ASH     : @ 391471.679: tcs3701: start power rail timer, state:3
11-27 01:23:39.538  8427  8469 I BatteryMgr:DataCollectionService: stats => 1701044619538,10070,4442,2136,4169000,100
11-27 01:23:39.548  1011  1189 I ASH     : @ 391471.719: tcs3701: stop power rail pending_off timer
11-27 01:23:39.548  1011  1189 D ASH     : @ 391471.719: tcs3701: start power rail timer, state:3
11-27 01:23:39.568  3090  3109 I m.chrome.canary: Explicit concurrent copying GC freed 768597(14MB) AllocSpace objects, 4(80KB) LOS objects, 75% free, 17MB/71MB, paused 165us,55us total 206.095ms
11-27 01:23:39.588  1011  1189 I ASH     : @ 391471.759: tcs3701: stop power rail pending_off timer
11-27 01:23:39.589  1011  1189 D ASH     : @ 391471.759: tcs3701: start power rail timer, state:3
11-27 01:23:39.593  8427  8469 I BatteryMgr:DataCollectionService: stats => 1701044619593,10070,4442,2136,4169000,100
11-27 01:23:39.628  1011  1189 I ASH     : @ 391471.799: tcs3701: stop power rail pending_off timer
11-27 01:23:39.628  1011  1189 D ASH     : @ 391471.799: tcs3701: start power rail timer, state:3
11-27 01:23:39.644  8427  8469 I BatteryMgr:DataCollectionService: stats => 1701044619644,10070,4442,2136,4169000,100
11-27 01:23:39.669  1011  1189 I ASH     : @ 391471.839: tcs3701: stop power rail pending_off timer
11-27 01:23:39.670  1011  1189 D ASH     : @ 391471.839: tcs3701: start power rail timer, state:3
11-27 01:23:39.700  8427  8469 I BatteryMgr:DataCollectionService: stats => 1701044619700,10070,4442,2136,4169000,100
11-27 01:23:39.708  1011  1189 I ASH     : @ 391471.879: tcs3701: stop power rail pending_off timer
11-27 01:23:39.708  1011  1189 D ASH     : @ 391471.879: tcs3701: start power rail timer, state:3
11-27 01:23:39.749  1011  1189 I ASH     : @ 391471.919: tcs3701: stop power rail pending_off timer
11-27 01:23:39.749  1011  1189 D ASH     : @ 391471.919: tcs3701: start power rail timer, state:3
11-27 01:23:39.756  8427  8469 I BatteryMgr:DataCollectionService: stats => 1701044619756,10070,4442,2136,4169000,100
11-27 01:23:39.788  1011  1189 I ASH     : @ 391471.959: tcs3701: stop power rail pending_off timer
11-27 01:23:39.788  1011  1189 D ASH     : @ 391471.959: tcs3701: start power rail timer, state:3
11-27 01:23:39.799  1795  4169 D ActivityManager: freezer override set to false
11-27 01:23:39.820  8427  8469 I BatteryMgr:DataCollectionService: stats => 1701044619820,10070,4442,2136,4169000,100
11-27 01:23:39.829  1011  1189 I ASH     : @ 391471.999: tcs3701: stop power rail pending_off timer
11-27 01:23:39.829  1011  1189 D ASH     : @ 391471.999: tcs3701: start power rail timer, state:3
11-27 01:23:39.869  1011  1189 I ASH     : @ 391472.039: tcs3701: stop power rail pending_off timer
11-27 01:23:39.869  1011  1189 D ASH     : @ 391472.039: tcs3701: start power rail timer, state:3
11-27 01:23:39.877  8427  8469 I BatteryMgr:DataCollectionService: stats => 1701044619876,10070,4442,2136,4169000,100
11-27 01:23:39.908  1011  1189 I ASH     : @ 391472.079: tcs3701: stop power rail pending_off timer
11-27 01:23:39.909  1011  1189 D ASH     : @ 391472.079: tcs3701: start power rail timer, state:3
11-27 01:23:39.925  1795  3613 D ActivityManager: freezer override set to true
11-27 01:23:39.934  8427  8469 I BatteryMgr:DataCollectionService: stats => 1701044619934,10070,4442,2136,4169000,100
11-27 01:23:39.946  1795  3613 D ActivityManager: freezer override set to false
11-27 01:23:39.948  1011  1189 I ASH     : @ 391472.119: tcs3701: stop power rail pending_off timer
11-27 01:23:39.948  1011  1189 D ASH     : @ 391472.119: tcs3701: start power rail timer, state:3
11-27 01:23:39.977  1795  3613 W JobScheduler: Job didn't exist in JobStore: 8651a10 #u0a202/1034 com.google.android.apps.photos/com.google.android.libraries.social.mediamonitor.MediaMonitorJobSchedulerService
11-27 01:23:39.992  1011  1189 I ASH     : @ 391472.159: tcs3701: stop power rail pending_off timer
11-27 01:23:39.992  1011  1189 D ASH     : @ 391472.159: tcs3701: start power rail timer, state:3
11-27 01:23:40.004  8427  8469 I BatteryMgr:DataCollectionService: stats => 1701044620004,10070,4442,2136,4169000,100
11-27 01:23:40.029  1011  1189 I ASH     : @ 391472.199: tcs3701: stop power rail pending_off timer
11-27 01:23:40.029  1011  1189 D ASH     : @ 391472.199: tcs3701: start power rail timer, state:3
11-27 01:23:40.037  8427  8469 I BatteryMgr:DataCollectionService: stats => 1701044620037,10070,4442,2136,4169000,100
11-27 01:23:40.068  1011  1189 I ASH     : @ 391472.239: tcs3701: stop power rail pending_off timer
11-27 01:23:40.068  1011  1189 D ASH     : @ 391472.239: tcs3701: start power rail timer, state:3
11-27 01:23:40.083  1795  2262 D ActivityManager: freezer override set to true
11-27 01:23:40.086  1795  2262 D ActivityManager: freezer override set to false
11-27 01:23:40.095  1795  3613 D ActivityManager: freezer override set to true
11-27 01:23:40.103  1795  3613 D ActivityManager: freezer override set to false
11-27 01:23:40.108  8427  8469 I BatteryMgr:DataCollectionService: stats => 1701044620108,10070,4442,2136,4169000,100
11-27 01:23:40.109  1011  1189 I ASH     : @ 391472.279: tcs3701: stop power rail pending_off timer
11-27 01:23:40.109  1011  1189 D ASH     : @ 391472.279: tcs3701: start power rail timer, state:3
11-27 01:23:40.120  1795  3613 W UriGrantsManagerService: No permission grants found for com.google.android.apps.photos
11-27 01:23:40.134  1795  2262 W UriGrantsManagerService: No permission grants found for com.google.android.apps.photos
11-27 01:23:40.148  1011  1189 I ASH     : @ 391472.319: tcs3701: stop power rail pending_off timer
11-27 01:23:40.148  1011  1189 D ASH     : @ 391472.319: tcs3701: start power rail timer, state:3
11-27 01:23:40.150  8427  8469 I BatteryMgr:DataCollectionService: stats => 1701044620150,10070,4442,2136,4169000,100
11-27 01:23:40.189  1011  1189 I ASH     : @ 391472.359: tcs3701: stop power rail pending_off timer
11-27 01:23:40.189  1011  1189 D ASH     : @ 391472.359: tcs3701: start power rail timer, state:3
11-27 01:23:40.220  8427  8469 I BatteryMgr:DataCollectionService: stats => 1701044620220,10070,4442,2136,4169000,100
11-27 01:23:40.230  1011  1189 I ASH     : @ 391472.399: tcs3701: stop power rail pending_off timer
11-27 01:23:40.230  1011  1189 D ASH     : @ 391472.399: tcs3701: start power rail timer, state:3
11-27 01:23:40.266  8427  8469 I BatteryMgr:DataCollectionService: stats => 1701044620266,10070,4442,2136,4169000,100
11-27 01:23:40.268  1011  1189 I ASH     : @ 391472.439: tcs3701: stop power rail pending_off timer
11-27 01:23:40.269  1011  1189 D ASH     : @ 391472.439: tcs3701: start power rail timer, state:3
11-27 01:23:40.297  1795  3613 W UriGrantsManagerService: No permission grants found for com.google.android.apps.photos
11-27 01:23:40.298  1795  3613 W UriGrantsManagerService: No permission grants found for com.google.android.apps.photos
11-27 01:23:40.308  1011  1189 I ASH     : @ 391472.479: tcs3701: stop power rail pending_off timer
11-27 01:23:40.308  1011  1189 D ASH     : @ 391472.479: tcs3701: start power rail timer, state:3
11-27 01:23:40.337  8427  8469 I BatteryMgr:DataCollectionService: stats => 1701044620337,10070,4442,2136,4169000,100
11-27 01:23:40.349  1011  1189 I ASH     : @ 391472.519: tcs3701: stop power rail pending_off timer
11-27 01:23:40.349  1011  1189 D ASH     : @ 391472.519: tcs3701: start power rail timer, state:3
11-27 01:23:40.381  8427  8469 I BatteryMgr:DataCollectionService: stats => 1701044620381,10070,4442,2136,4169000,100
11-27 01:23:40.388  1011  1189 I ASH     : @ 391472.559: tcs3701: stop power rail pending_off timer
11-27 01:23:40.388  1011  1189 D ASH     : @ 391472.559: tcs3701: start power rail timer, state:3
11-27 01:23:40.401  1795  4169 D ActivityManager: freezer override set to true
11-27 01:23:40.428  1011  1189 I ASH     : @ 391472.599: tcs3701: stop power rail pending_off timer
11-27 01:23:40.428  1011  1189 D ASH     : @ 391472.599: tcs3701: start power rail timer, state:3
11-27 01:23:40.450  1795  3324 W UriGrantsManagerService: No permission grants found for com.google.android.apps.photos
11-27 01:23:40.450  8427  8469 I BatteryMgr:DataCollectionService: stats => 1701044620450,10070,4442,2136,4169000,100
11-27 01:23:40.453  1795  3324 W UriGrantsManagerService: No permission grants found for com.google.android.apps.photos
11-27 01:23:40.469  1011  1189 I ASH     : @ 391472.639: tcs3701: stop power rail pending_off timer
11-27 01:23:40.469  1011  1189 D ASH     : @ 391472.639: tcs3701: start power rail timer, state:3
11-27 01:23:40.489  8427  8469 I BatteryMgr:DataCollectionService: stats => 1701044620489,10070,4442,2136,4169000,100
11-27 01:23:40.508  1011  1189 I ASH     : @ 391472.679: tcs3701: stop power rail pending_off timer
11-27 01:23:40.508  1011  1189 D ASH     : @ 391472.679: tcs3701: start power rail timer, state:3
11-27 01:23:40.550  1011  1189 I ASH     : @ 391472.719: tcs3701: stop power rail pending_off timer
11-27 01:23:40.550  1011  1189 D ASH     : @ 391472.719: tcs3701: start power rail timer, state:3
11-27 01:23:40.567  8427  8469 I BatteryMgr:DataCollectionService: stats => 1701044620567,10070,4442,2136,4169000,100
11-27 01:23:40.589  1011  1189 I ASH     : @ 391472.759: tcs3701: stop power rail pending_off timer
11-27 01:23:40.589  1011  1189 D ASH     : @ 391472.759: tcs3701: start power rail timer, state:3
11-27 01:23:40.596  8427  8469 I BatteryMgr:DataCollectionService: stats => 1701044620596,10070,4442,2136,4169000,100
11-27 01:23:40.628  1011  1189 I ASH     : @ 391472.799: tcs3701: stop power rail pending_off timer
11-27 01:23:40.629  1011  1189 D ASH     : @ 391472.799: tcs3701: start power rail timer, state:3
11-27 01:23:40.643  2113  2118 I pixel-thermal: skin-therm-monitor: 38.751
11-27 01:23:40.650  3090  3109 I m.chrome.canary: Explicit concurrent copying GC freed 1114095(20MB) AllocSpace objects, 4(80KB) LOS objects, 75% free, 16MB/66MB, paused 53us,50us total 95.950ms
11-27 01:23:40.669  1011  1189 I ASH     : @ 391472.839: tcs3701: stop power rail pending_off timer
11-27 01:23:40.669  1011  1189 D ASH     : @ 391472.839: tcs3701: start power rail timer, state:3
11-27 01:23:40.676  8427  8469 I BatteryMgr:DataCollectionService: stats => 1701044620676,10070,4442,2136,4169000,100
11-27 01:23:40.701  8427  8469 I BatteryMgr:DataCollectionService: stats => 1701044620701,10070,4442,2136,4169000,100
11-27 01:23:40.709  1011  1189 I ASH     : @ 391472.879: tcs3701: stop power rail pending_off timer
11-27 01:23:40.709  1011  1189 D ASH     : @ 391472.879: tcs3701: start power rail timer, state:3
11-27 01:23:40.742  1795  4169 D ActivityManager: freezer override set to false
11-27 01:23:40.749  1011  1189 I ASH     : @ 391472.919: tcs3701: stop power rail pending_off timer
11-27 01:23:40.749  1011  1189 D ASH     : @ 391472.919: tcs3701: start power rail timer, state:3
11-27 01:23:40.783  8427  8469 I BatteryMgr:DataCollectionService: stats => 1701044620783,10070,4442,2136,4169000,100
11-27 01:23:40.788  1011  1189 I ASH     : @ 391472.959: tcs3701: stop power rail pending_off timer
11-27 01:23:40.788  1011  1189 D ASH     : @ 391472.959: tcs3701: start power rail timer, state:3
11-27 01:23:40.828  1795  3324 D ActivityManager: freezer override set to true
11-27 01:23:40.829  1011  1189 I ASH     : @ 391472.999: tcs3701: stop power rail pending_off timer
11-27 01:23:40.829  1011  1189 D ASH     : @ 391472.999: tcs3701: start power rail timer, state:3
11-27 01:23:40.830  8427  8469 I BatteryMgr:DataCollectionService: stats => 1701044620830,10070,4442,2136,4169000,100
11-27 01:23:40.840  1795  3324 D ActivityManager: freezer override set to false
11-27 01:23:40.869  1011  1189 I ASH     : @ 391473.039: tcs3701: stop power rail pending_off timer
11-27 01:23:40.869  1011  1189 D ASH     : @ 391473.039: tcs3701: start power rail timer, state:3
11-27 01:23:40.897  8427  8469 I BatteryMgr:DataCollectionService: stats => 1701044620897,10070,4442,2136,4169000,100
11-27 01:23:40.908  1011  1189 I ASH     : @ 391473.079: tcs3701: stop power rail pending_off timer
11-27 01:23:40.909  1011  1189 D ASH     : @ 391473.079: tcs3701: start power rail timer, state:3
11-27 01:23:40.917  1795  3613 D ActivityManager: freezer override set to true
11-27 01:23:40.923  1795  3613 D ActivityManager: freezer override set to false
11-27 01:23:40.940  8427  8469 I BatteryMgr:DataCollectionService: stats => 1701044620940,10070,4442,2136,4169000,100
11-27 01:23:40.949  1011  1189 I ASH     : @ 391473.119: tcs3701: stop power rail pending_off timer
11-27 01:23:40.949  1011  1189 D ASH     : @ 391473.119: tcs3701: start power rail timer, state:3
11-27 01:23:40.990  1011  1189 I ASH     : @ 391473.159: tcs3701: stop power rail pending_off timer
11-27 01:23:40.990  1011  1189 D ASH     : @ 391473.159: tcs3701: start power rail timer, state:3
11-27 01:23:41.009  8427  8469 I BatteryMgr:DataCollectionService: stats => 1701044621009,10070,4442,2136,4169000,100
11-27 01:23:41.028  1795  4169 D ActivityManager: freezer override set to true
11-27 01:23:41.029  1011  1189 I ASH     : @ 391473.199: tcs3701: stop power rail pending_off timer
11-27 01:23:41.029  1011  1189 D ASH     : @ 391473.199: tcs3701: start power rail timer, state:3
11-27 01:23:41.039  1795  4169 D ActivityManager: freezer override set to false
11-27 01:23:41.047  8427  8469 I BatteryMgr:DataCollectionService: stats => 1701044621047,10070,4442,2136,4169000,100
11-27 01:23:41.068  1011  1189 I ASH     : @ 391473.239: tcs3701: stop power rail pending_off timer
11-27 01:23:41.068  1011  1189 D ASH     : @ 391473.239: tcs3701: start power rail timer, state:3
11-27 01:23:41.109  1011  1189 I ASH     : @ 391473.279: tcs3701: stop power rail pending_off timer
11-27 01:23:41.109  1011  1189 D ASH     : @ 391473.279: tcs3701: start power rail timer, state:3
11-27 01:23:41.122  8427  8469 I BatteryMgr:DataCollectionService: stats => 1701044621122,10070,4442,2136,4169000,100
11-27 01:23:41.150  1011  1189 I ASH     : @ 391473.319: tcs3701: stop power rail pending_off timer
11-27 01:23:41.150  1011  1189 D ASH     : @ 391473.319: tcs3701: start power rail timer, state:3
11-27 01:23:41.166  8427  8467 I BatteryMgr:DataCollectionService: stats => 1701044621166,10070,4442,2136,4169000,100
11-27 01:23:41.189  1011  1189 I ASH     : @ 391473.359: tcs3701: stop power rail pending_off timer
11-27 01:23:41.189  1011  1189 D ASH     : @ 391473.359: tcs3701: start power rail timer, state:3
11-27 01:23:41.228  1011  1189 I ASH     : @ 391473.399: tcs3701: stop power rail pending_off timer
11-27 01:23:41.229  1011  1189 D ASH     : @ 391473.399: tcs3701: start power rail timer, state:3
11-27 01:23:41.230  8427  8467 I BatteryMgr:DataCollectionService: stats => 1701044621230,10070,4442,2136,4169000,100
11-27 01:23:41.268  1011  1189 I ASH     : @ 391473.439: tcs3701: stop power rail pending_off timer
11-27 01:23:41.268  1011  1189 D ASH     : @ 391473.439: tcs3701: start power rail timer, state:3
11-27 01:23:41.272  8427  8467 I BatteryMgr:DataCollectionService: stats => 1701044621272,10070,4442,2136,4169000,100
11-27 01:23:41.308  1011  1189 I ASH     : @ 391473.479: tcs3701: stop power rail pending_off timer
11-27 01:23:41.308  1011  1189 D ASH     : @ 391473.479: tcs3701: start power rail timer, state:3
11-27 01:23:41.335  8427  8467 I BatteryMgr:DataCollectionService: stats => 1701044621335,10070,4442,2136,4169000,100
11-27 01:23:41.348  1011  1189 I ASH     : @ 391473.519: tcs3701: stop power rail pending_off timer
11-27 01:23:41.349  1011  1189 D ASH     : @ 391473.519: tcs3701: start power rail timer, state:3
11-27 01:23:41.381  8427  8467 I BatteryMgr:DataCollectionService: stats => 1701044621380,10070,4442,2136,4169000,100
11-27 01:23:41.388  1011  1189 I ASH     : @ 391473.559: tcs3701: stop power rail pending_off timer
11-27 01:23:41.388  1011  1189 D ASH     : @ 391473.559: tcs3701: start power rail timer, state:3
11-27 01:23:41.429  1011  1189 I ASH     : @ 391473.599: tcs3701: stop power rail pending_off timer
11-27 01:23:41.429  1011  1189 D ASH     : @ 391473.599: tcs3701: start power rail timer, state:3
11-27 01:23:41.440  8427  8467 I BatteryMgr:DataCollectionService: stats => 1701044621440,10070,4442,2136,4169000,100
11-27 01:23:41.468  1011  1189 I ASH     : @ 391473.639: tcs3701: stop power rail pending_off timer
11-27 01:23:41.468  1011  1189 D ASH     : @ 391473.639: tcs3701: start power rail timer, state:3
11-27 01:23:41.485  8427  8467 I BatteryMgr:DataCollectionService: stats => 1701044621485,10070,4442,2136,4169000,100
11-27 01:23:41.508  1011  1189 I ASH     : @ 391473.679: tcs3701: stop power rail pending_off timer
11-27 01:23:41.508  1011  1189 D ASH     : @ 391473.679: tcs3701: start power rail timer, state:3
11-27 01:23:41.549  1011  1189 I ASH     : @ 391473.719: tcs3701: stop power rail pending_off timer
11-27 01:23:41.549  1011  1189 D ASH     : @ 391473.719: tcs3701: start power rail timer, state:3
11-27 01:23:41.549  8427  8467 I BatteryMgr:DataCollectionService: stats => 1701044621549,10070,4442,2136,4169000,100
11-27 01:23:41.588  1011  1189 I ASH     : @ 391473.759: tcs3701: stop power rail pending_off timer
11-27 01:23:41.588  1011  1189 D ASH     : @ 391473.759: tcs3701: start power rail timer, state:3
11-27 01:23:41.598  8427  8467 I BatteryMgr:DataCollectionService: stats => 1701044621597,10070,4442,2136,4169000,100
11-27 01:23:41.628  1011  1189 I ASH     : @ 391473.799: tcs3701: stop power rail pending_off timer
11-27 01:23:41.628  1011  1189 D ASH     : @ 391473.799: tcs3701: start power rail timer, state:3
11-27 01:23:41.655  8427  8467 I BatteryMgr:DataCollectionService: stats => 1701044621655,10070,4442,2136,4169000,100
11-27 01:23:41.668  1795  2424 D WifiClientModeImpl[13802:wlan0]: updateLinkLayerStatsRssiSpeedFrequencyCapabilities rssi=-44 TxLinkspeed=866 freq=5240 RxLinkSpeed=866
11-27 01:23:41.668  1795  2424 D WifiDataStall: tx tput in kbps: 729503
11-27 01:23:41.668  1795  2424 D WifiDataStall: rx tput in kbps: 767898
11-27 01:23:41.668  1795  2424 V WifiConfigManager: Updating scan detail cache freq=5240 BSSID=f4:6d:2f:12:cc:88 RSSI=-43 for "ourhome"WPA_PSK
11-27 01:23:41.668  1795  2424 D WifiChannelUtilization:  freq: 5240 onTime: 11303997 busyTime: 1045400 onTimeDiff: 1656141 busyTimeDiff: 188914 utilization: 29 utilization t0: 23
11-27 01:23:41.668  1011  1189 I ASH     : @ 391473.839: tcs3701: stop power rail pending_off timer
11-27 01:23:41.668  1011  1189 D ASH     : @ 391473.839: tcs3701: start power rail timer, state:3
11-27 01:23:41.668  1795  2424 D WifiDataStall:  ccaLevel = 29
11-27 01:23:41.668  2673 16648 V WifiManager: OnWifiUsabilityStatsListener: onWifiUsabilityStats: seqNum=101291
11-27 01:23:41.668  1795  2424 D WifiDataStall: L2 txTputKbps: 729503, rxTputKbps: 767898, L3 txTputKbps: 0, rxTputKbps: 1, TxTrafficHigh: false, RxTrafficHigh: false, Throughput Sufficient: true
11-27 01:23:41.669  1795  2424 D WifiScoreReport: Wifi scoring disabled - Don't check IP layer
11-27 01:23:41.669  1795  2424 D WifiScoreCard: BSSID update SIGNAL_POLL ID: 1320464697 SSID: "ourhome", BSSID: f4:6d:2f:12:cc:88, MAC: b2:2f:ec:da:4a:0c, IP: /192.168.1.104, Security type: 2, Supplicant state: COMPLETED, Wi-Fi standard: 5, RSSI: -44, Link speed: 866Mbps, Tx Link speed: 866Mbps, Max Supported Tx Link speed: 866Mbps, Rx Link speed: 866Mbps, Max Supported Rx Link speed: 866Mbps, Frequency: 5240MHz, Net ID: 12, Metered hint: false, score: 60, isUsable: true, CarrierMerged: false, SubscriptionId: -1, IsPrimary: 1, Trusted: true, Restricted: false, Ephemeral: false, OEM paid: false, OEM private: false, OSU AP: false, FQDN: <none>, Provider friendly name: <none>, Requesting package name: <none>"ourhome"wpa2-pskMLO Information: , Is TID-To-Link negotiation supported by the AP: false, AP MLD Address: <none>, AP MLO Link Id: <none>, AP MLO Affiliated links: <none>
11-27 01:23:41.670  1795  2424 D WifiScoreCard: txRate: 6 txSpeed: 866
11-27 01:23:41.670  1795  2424 D WifiScoreCard: network update SIGNAL_POLL "ourhome" ID: 1499892569 RSSI -44 txSpeed 866
11-27 01:23:41.670  1795  2424 D WifiClientModeImpl[13802:wlan0]:  ClientModeImpl$L2ConnectedState screen=on 37 0 "ourhome" f4:6d:2f:12:cc:88 rssi=-44 f=5240 sc=60 link=866 tx=4.8, 0.1, 0.0 rx=3.4 bcn=3708261 [on:58 tx:0 rx:0 period:3016] from screen [on:1668016 period:32186956] score=60
11-27 01:23:41.672  1795  3613 I WifiService: updateWifiUsabilityScore uid=10180 seqNum=101291 score=100 predictionHorizonSec=1441795
11-27 01:23:41.673  1795  2424 D WifiScoreReport: Wifi scoring disabled - Notify that Wifi is usable
11-27 01:23:41.678  1795  2432 D ConnectivityService: NetReassign [no changes] [c 0] [a 1] [i 4]
11-27 01:23:41.703  8427  8467 I BatteryMgr:DataCollectionService: stats => 1701044621703,10070,4442,2136,4169000,100
11-27 01:23:41.708  1011  1189 I ASH     : @ 391473.879: tcs3701: stop power rail pending_off timer
11-27 01:23:41.709  1011  1189 D ASH     : @ 391473.879: tcs3701: start power rail timer, state:3
11-27 01:23:41.749  1011  1189 I ASH     : @ 391473.919: tcs3701: stop power rail pending_off timer
11-27 01:23:41.749  1011  1189 D ASH     : @ 391473.919: tcs3701: start power rail timer, state:3
11-27 01:23:41.772  8427  8467 I BatteryMgr:DataCollectionService: stats => 1701044621772,10070,4442,2136,4169000,100
11-27 01:23:41.788  1011  1189 I ASH     : @ 391473.959: tcs3701: stop power rail pending_off timer
11-27 01:23:41.788  1011  1189 D ASH     : @ 391473.959: tcs3701: start power rail timer, state:3
11-27 01:23:41.809  8427  8467 I BatteryMgr:DataCollectionService: stats => 1701044621809,10070,4442,2136,4169000,100
11-27 01:23:41.828  1011  1189 I ASH     : @ 391473.999: tcs3701: stop power rail pending_off timer
11-27 01:23:41.829  1011  1189 D ASH     : @ 391473.999: tcs3701: start power rail timer, state:3
11-27 01:23:41.868  1011  1189 I ASH     : @ 391474.039: tcs3701: stop power rail pending_off timer
11-27 01:23:41.868  1011  1189 D ASH     : @ 391474.039: tcs3701: start power rail timer, state:3
11-27 01:23:41.881  8427  8467 I BatteryMgr:DataCollectionService: stats => 1701044621881,10070,4442,2136,4169000,100
11-27 01:23:41.909  1011  1189 I ASH     : @ 391474.079: tcs3701: stop power rail pending_off timer
11-27 01:23:41.909  1011  1189 D ASH     : @ 391474.079: tcs3701: start power rail timer, state:3
11-27 01:23:41.915  8427  8467 I BatteryMgr:DataCollectionService: stats => 1701044621915,10070,4442,2136,4169000,100
11-27 01:23:41.949  1011  1189 I ASH     : @ 391474.119: tcs3701: stop power rail pending_off timer
11-27 01:23:41.949  1011  1189 D ASH     : @ 391474.119: tcs3701: start power rail timer, state:3
11-27 01:23:41.988  1011  1189 I ASH     : @ 391474.159: tcs3701: stop power rail pending_off timer
11-27 01:23:41.989  1011  1189 D ASH     : @ 391474.159: tcs3701: start power rail timer, state:3
11-27 01:23:41.995  8427  8467 I BatteryMgr:DataCollectionService: stats => 1701044621995,10070,4442,2136,4169000,100
11-27 01:23:42.012  1795  4169 D ActivityManager: freezer override set to true
11-27 01:23:42.019  1795  4169 D ActivityManager: freezer override set to false
11-27 01:23:42.025  8427  8467 I BatteryMgr:DataCollectionService: stats => 1701044622025,10070,4442,2136,4169000,100
11-27 01:23:42.028  1011  1189 I ASH     : @ 391474.199: tcs3701: stop power rail pending_off timer
11-27 01:23:42.028  1011  1189 D ASH     : @ 391474.199: tcs3701: start power rail timer, state:3
11-27 01:23:42.068  1011  1189 I ASH     : @ 391474.239: tcs3701: stop power rail pending_off timer
11-27 01:23:42.068  1011  1189 D ASH     : @ 391474.239: tcs3701: start power rail timer, state:3
11-27 01:23:42.108  1011  1189 I ASH     : @ 391474.279: tcs3701: stop power rail pending_off timer
11-27 01:23:42.108  1011  1189 D ASH     : @ 391474.279: tcs3701: start power rail timer, state:3
11-27 01:23:42.117  8427  8467 I BatteryMgr:DataCollectionService: stats => 1701044622117,10070,4442,2136,4169000,100
11-27 01:23:42.137  8427  8467 I BatteryMgr:DataCollectionService: stats => 1701044622136,10070,4442,2136,4169000,100
11-27 01:23:42.138  1795  3613 D ActivityManager: freezer override set to true
11-27 01:23:42.145  3090  3217 W chromium: [WARNING:ev_root_ca_metadata.cc(119)] Not implemented
11-27 01:23:42.145  3090  3217 W chromium: [WARNING:ev_root_ca_metadata.cc(119)] Not implemented
11-27 01:23:42.148  1011  1189 I ASH     : @ 391474.319: tcs3701: stop power rail pending_off timer
11-27 01:23:42.148  1011  1189 D ASH     : @ 391474.319: tcs3701: start power rail timer, state:3
11-27 01:23:42.189  1011  1189 I ASH     : @ 391474.359: tcs3701: stop power rail pending_off timer
11-27 01:23:42.189  1011  1189 D ASH     : @ 391474.359: tcs3701: start power rail timer, state:3
11-27 01:23:42.223  8427  8467 I BatteryMgr:DataCollectionService: stats => 1701044622223,10070,4442,2136,4169000,100
11-27 01:23:42.228  1011  1189 I ASH     : @ 391474.399: tcs3701: stop power rail pending_off timer
11-27 01:23:42.229  1011  1189 D ASH     : @ 391474.399: tcs3701: start power rail timer, state:3
11-27 01:23:42.244  8427  8467 I BatteryMgr:DataCollectionService: stats => 1701044622244,10070,4442,2136,4169000,100
11-27 01:23:42.268  1011  1189 I ASH     : @ 391474.439: tcs3701: stop power rail pending_off timer
11-27 01:23:42.268  1011  1189 D ASH     : @ 391474.439: tcs3701: start power rail timer, state:3
11-27 01:23:42.309  1011  1189 I ASH     : @ 391474.479: tcs3701: stop power rail pending_off timer
11-27 01:23:42.309  1011  1189 D ASH     : @ 391474.479: tcs3701: start power rail timer, state:3
11-27 01:23:42.320  3090  3109 I m.chrome.canary: Explicit concurrent copying GC freed 638685(12MB) AllocSpace objects, 10(252KB) LOS objects, 75% free, 14MB/58MB, paused 30us,21us total 90.273ms
11-27 01:23:42.336  8427  8467 I BatteryMgr:DataCollectionService: stats => 1701044622336,10070,4442,2136,4169000,100
11-27 01:23:42.348  1011  1189 I ASH     : @ 391474.519: tcs3701: stop power rail pending_off timer
11-27 01:23:42.348  1011  1189 D ASH     : @ 391474.519: tcs3701: start power rail timer, state:3
11-27 01:23:42.351  8427  8467 I BatteryMgr:DataCollectionService: stats => 1701044622351,10070,4442,2136,4169000,100
11-27 01:23:42.391  1011  1189 I ASH     : @ 391474.559: tcs3701: stop power rail pending_off timer
11-27 01:23:42.391  1011  1189 D ASH     : @ 391474.559: tcs3701: start power rail timer, state:3
11-27 01:23:42.397  1795  3613 D ActivityManager: freezer override set to false
11-27 01:23:42.428  1011  1189 I ASH     : @ 391474.599: tcs3701: stop power rail pending_off timer
11-27 01:23:42.429  1011  1189 D ASH     : @ 391474.599: tcs3701: start power rail timer, state:3
11-27 01:23:42.461  8427  8467 I BatteryMgr:DataCollectionService: stats => 1701044622461,10070,4442,2136,4169000,100
11-27 01:23:42.469  1011  1189 I ASH     : @ 391474.639: tcs3701: stop power rail pending_off timer
11-27 01:23:42.469  1011  1189 D ASH     : @ 391474.639: tcs3701: start power rail timer, state:3
11-27 01:23:42.470  8427  8469 I BatteryMgr:DataCollectionService: stats => 1701044622470,10070,4442,2136,4169000,100
11-27 01:23:42.482  1795  3613 D ActivityManager: freezer override set to true
11-27 01:23:42.485  1795  3613 D ActivityManager: freezer override set to false
11-27 01:23:42.509  1011  1189 I ASH     : @ 391474.679: tcs3701: stop power rail pending_off timer
11-27 01:23:42.509  1011  1189 D ASH     : @ 391474.679: tcs3701: start power rail timer, state:3
11-27 01:23:42.550  1011  1189 I ASH     : @ 391474.719: tcs3701: stop power rail pending_off timer
11-27 01:23:42.550  1011  1189 D ASH     : @ 391474.719: tcs3701: start power rail timer, state:3
11-27 01:23:42.571  8427  8469 I BatteryMgr:DataCollectionService: stats => 1701044622571,10070,4442,2136,4169000,100
11-27 01:23:42.576  8427  8467 I BatteryMgr:DataCollectionService: stats => 1701044622576,10070,4442,2136,4169000,100
11-27 01:23:42.584  1795  3324 D ActivityManager: freezer override set to true
11-27 01:23:42.588  1011  1189 I ASH     : @ 391474.759: tcs3701: stop power rail pending_off timer
11-27 01:23:42.589  1011  1189 D ASH     : @ 391474.759: tcs3701: start power rail timer, state:3
11-27 01:23:42.594  1795  3324 D ActivityManager: freezer override set to false
11-27 01:23:42.628  1011  1189 I ASH     : @ 391474.799: tcs3701: stop power rail pending_off timer
11-27 01:23:42.629  1011  1189 D ASH     : @ 391474.799: tcs3701: start power rail timer, state:3
11-27 01:23:42.647  2113  2118 I pixel-thermal: skin-therm-monitor: 38.757
11-27 01:23:42.669  1011  1189 I ASH     : @ 391474.839: tcs3701: stop power rail pending_off timer
11-27 01:23:42.669  1011  1189 D ASH     : @ 391474.839: tcs3701: start power rail timer, state:3
11-27 01:23:42.677  8427  8467 I BatteryMgr:DataCollectionService: stats => 1701044622677,10070,4442,2136,4169000,100
11-27 01:23:42.680  8427  8469 I BatteryMgr:DataCollectionService: stats => 1701044622680,10070,4442,2136,4169000,100
11-27 01:23:42.709  1011  1189 I ASH     : @ 391474.879: tcs3701: stop power rail pending_off timer
11-27 01:23:42.709  1011  1189 D ASH     : @ 391474.879: tcs3701: start power rail timer, state:3
11-27 01:23:42.749  1011  1189 I ASH     : @ 391474.919: tcs3701: stop power rail pending_off timer
11-27 01:23:42.749  1011  1189 D ASH     : @ 391474.919: tcs3701: start power rail timer, state:3
11-27 01:23:42.785  8427  8469 I BatteryMgr:DataCollectionService: stats => 1701044622785,10070,4442,2136,4169000,100
11-27 01:23:42.786  8427  8467 I BatteryMgr:DataCollectionService: stats => 1701044622786,10070,4442,2136,4169000,100
11-27 01:23:42.788  1011  1189 I ASH     : @ 391474.959: tcs3701: stop power rail pending_off timer
11-27 01:23:42.788  1011  1189 D ASH     : @ 391474.959: tcs3701: start power rail timer, state:3
11-27 01:23:42.829  1011  1189 I ASH     : @ 391474.999: tcs3701: stop power rail pending_off timer
11-27 01:23:42.829  1011  1189 D ASH     : @ 391474.999: tcs3701: start power rail timer, state:3
11-27 01:23:42.869  1011  1189 I ASH     : @ 391475.039: tcs3701: stop power rail pending_off timer
11-27 01:23:42.869  1011  1189 D ASH     : @ 391475.039: tcs3701: start power rail timer, state:3
11-27 01:23:42.895  8427  8467 I BatteryMgr:DataCollectionService: stats => 1701044622895,10070,4442,2136,4169000,100
11-27 01:23:42.896  8427  8469 I BatteryMgr:DataCollectionService: stats => 1701044622896,10070,4442,2136,4169000,100
11-27 01:23:42.909  1011  1189 I ASH     : @ 391475.079: tcs3701: stop power rail pending_off timer
11-27 01:23:42.909  1011  1189 D ASH     : @ 391475.079: tcs3701: start power rail timer, state:3
11-27 01:23:42.949  1011  1189 I ASH     : @ 391475.119: tcs3701: stop power rail pending_off timer
11-27 01:23:42.949  1011  1189 D ASH     : @ 391475.119: tcs3701: start power rail timer, state:3
11-27 01:23:42.988  1011  1189 I ASH     : @ 391475.159: tcs3701: stop power rail pending_off timer
11-27 01:23:42.989  1011  1189 D ASH     : @ 391475.159: tcs3701: start power rail timer, state:3
11-27 01:23:42.990  1795  3613 D ActivityManager: freezer override set to true
11-27 01:23:42.995  1795  3613 D ActivityManager: freezer override set to false
11-27 01:23:43.003  8427  8467 I BatteryMgr:DataCollectionService: stats => 1701044623003,10070,4442,2136,4169000,100
11-27 01:23:43.005  8427  8469 I BatteryMgr:DataCollectionService: stats => 1701044623005,10070,4442,2136,4169000,100
11-27 01:23:43.028  1011  1189 I ASH     : @ 391475.199: tcs3701: stop power rail pending_off timer
11-27 01:23:43.028  1011  1189 D ASH     : @ 391475.199: tcs3701: start power rail timer, state:3
11-27 01:23:43.068  1011  1189 I ASH     : @ 391475.239: tcs3701: stop power rail pending_off timer
11-27 01:23:43.068  1011  1189 D ASH     : @ 391475.239: tcs3701: start power rail timer, state:3
11-27 01:23:43.109  1011  1189 I ASH     : @ 391475.279: tcs3701: stop power rail pending_off timer
11-27 01:23:43.109  1011  1189 D ASH     : @ 391475.279: tcs3701: start power rail timer, state:3
11-27 01:23:43.111  8427  8467 I BatteryMgr:DataCollectionService: stats => 1701044623111,10070,4442,2136,4169000,100
11-27 01:23:43.113  8427  8469 I BatteryMgr:DataCollectionService: stats => 1701044623113,10070,4442,2136,4169000,100
11-27 01:23:43.148  1011  1189 I ASH     : @ 391475.319: tcs3701: stop power rail pending_off timer
11-27 01:23:43.148  1011  1189 D ASH     : @ 391475.319: tcs3701: start power rail timer, state:3
11-27 01:23:43.189  1011  1189 I ASH     : @ 391475.359: tcs3701: stop power rail pending_off timer
11-27 01:23:43.189  1011  1189 D ASH     : @ 391475.359: tcs3701: start power rail timer, state:3
11-27 01:23:43.217  8427  8467 I BatteryMgr:DataCollectionService: stats => 1701044623217,10070,4442,2136,4169000,100
11-27 01:23:43.220  8427  8469 I BatteryMgr:DataCollectionService: stats => 1701044623220,10070,4442,2136,4169000,100
11-27 01:23:43.229  1011  1189 I ASH     : @ 391475.399: tcs3701: stop power rail pending_off timer
11-27 01:23:43.229  1011  1189 D ASH     : @ 391475.399: tcs3701: start power rail timer, state:3
11-27 01:23:43.268  1011  1189 I ASH     : @ 391475.439: tcs3701: stop power rail pending_off timer
11-27 01:23:43.268  1011  1189 D ASH     : @ 391475.439: tcs3701: start power rail timer, state:3
11-27 01:23:43.308  1011  1189 I ASH     : @ 391475.479: tcs3701: stop power rail pending_off timer
11-27 01:23:43.309  1011  1189 D ASH     : @ 391475.479: tcs3701: start power rail timer, state:3
11-27 01:23:43.326  8427  8467 I BatteryMgr:DataCollectionService: stats => 1701044623325,10070,4442,2136,4169000,100
11-27 01:23:43.326  8427  8469 I BatteryMgr:DataCollectionService: stats => 1701044623326,10070,4442,2136,4169000,100
11-27 01:23:43.348  1011  1189 I ASH     : @ 391475.519: tcs3701: stop power rail pending_off timer
11-27 01:23:43.349  1011  1189 D ASH     : @ 391475.519: tcs3701: start power rail timer, state:3
11-27 01:23:43.389  1011  1189 I ASH     : @ 391475.559: tcs3701: stop power rail pending_off timer
11-27 01:23:43.389  1011  1189 D ASH     : @ 391475.559: tcs3701: start power rail timer, state:3
11-27 01:23:43.428  1011  1189 I ASH     : @ 391475.599: tcs3701: stop power rail pending_off timer
11-27 01:23:43.428  1011  1189 D ASH     : @ 391475.599: tcs3701: start power rail timer, state:3
11-27 01:23:43.436  8427  8467 I BatteryMgr:DataCollectionService: stats => 1701044623436,10070,4442,2136,4169000,100
11-27 01:23:43.436  8427  8469 I BatteryMgr:DataCollectionService: stats => 1701044623436,10070,4442,2136,4169000,100
11-27 01:23:43.468  1011  1189 I ASH     : @ 391475.639: tcs3701: stop power rail pending_off timer
11-27 01:23:43.469  1011  1189 D ASH     : @ 391475.639: tcs3701: start power rail timer, state:3
11-27 01:23:43.508  1011  1189 I ASH     : @ 391475.679: tcs3701: stop power rail pending_off timer
11-27 01:23:43.508  1011  1189 D ASH     : @ 391475.679: tcs3701: start power rail timer, state:3
11-27 01:23:43.542  8427  8466 I BatteryMgr:DataCollectionService: stats => 1701044623542,10070,4442,2136,4169000,100
11-27 01:23:43.542  8427  8467 I BatteryMgr:DataCollectionService: stats => 1701044623542,10070,4442,2136,4169000,100
11-27 01:23:43.548  1011  1189 I ASH     : @ 391475.719: tcs3701: stop power rail pending_off timer
11-27 01:23:43.548  1011  1189 D ASH     : @ 391475.719: tcs3701: start power rail timer, state:3
11-27 01:23:43.589  1011  1189 I ASH     : @ 391475.759: tcs3701: stop power rail pending_off timer
11-27 01:23:43.589  1011  1189 D ASH     : @ 391475.759: tcs3701: start power rail timer, state:3
11-27 01:23:43.629  1011  1189 I ASH     : @ 391475.799: tcs3701: stop power rail pending_off timer
11-27 01:23:43.629  1011  1189 D ASH     : @ 391475.799: tcs3701: start power rail timer, state:3
11-27 01:23:43.648  8427  8469 I BatteryMgr:DataCollectionService: stats => 1701044623648,10070,4442,2136,4169000,100
11-27 01:23:43.649  8427  8467 I BatteryMgr:DataCollectionService: stats => 1701044623649,10070,4442,2136,4169000,100
11-27 01:23:43.668  1011  1189 I ASH     : @ 391475.839: tcs3701: stop power rail pending_off timer
11-27 01:23:43.668  1011  1189 D ASH     : @ 391475.839: tcs3701: start power rail timer, state:3
11-27 01:23:43.708  1011  1189 I ASH     : @ 391475.879: tcs3701: stop power rail pending_off timer
11-27 01:23:43.708  1011  1189 D ASH     : @ 391475.879: tcs3701: start power rail timer, state:3
11-27 01:23:43.749  1011  1189 I ASH     : @ 391475.919: tcs3701: stop power rail pending_off timer
11-27 01:23:43.749  1011  1189 D ASH     : @ 391475.919: tcs3701: start power rail timer, state:3
11-27 01:23:43.753  8427  8469 I BatteryMgr:DataCollectionService: stats => 1701044623753,10070,4442,2136,4169000,100
11-27 01:23:43.753  8427  8467 I BatteryMgr:DataCollectionService: stats => 1701044623753,10070,4442,2136,4169000,100
11-27 01:23:43.763  1795  3324 D ActivityManager: freezer override set to true
11-27 01:23:43.789  1011  1189 I ASH     : @ 391475.959: tcs3701: stop power rail pending_off timer
11-27 01:23:43.789  1011  1189 D ASH     : @ 391475.959: tcs3701: start power rail timer, state:3
11-27 01:23:43.828  1011  1189 I ASH     : @ 391475.999: tcs3701: stop power rail pending_off timer
11-27 01:23:43.828  1011  1189 D ASH     : @ 391475.999: tcs3701: start power rail timer, state:3
11-27 01:23:43.861  8427  8469 I BatteryMgr:DataCollectionService: stats => 1701044623861,10070,4442,2136,4169000,100
11-27 01:23:43.862  8427  8467 I BatteryMgr:DataCollectionService: stats => 1701044623862,10070,4442,2136,4169000,100
11-27 01:23:43.866  3090  3109 I m.chrome.canary: Explicit concurrent copying GC freed 5447(245KB) AllocSpace objects, 6(184KB) LOS objects, 75% free, 14MB/58MB, paused 30us,25us total 60.133ms
11-27 01:23:43.868  1011  1189 I ASH     : @ 391476.039: tcs3701: stop power rail pending_off timer
11-27 01:23:43.868  1011  1189 D ASH     : @ 391476.039: tcs3701: start power rail timer, state:3
11-27 01:23:43.908  1011  1189 I ASH     : @ 391476.079: tcs3701: stop power rail pending_off timer
11-27 01:23:43.908  1011  1189 D ASH     : @ 391476.079: tcs3701: start power rail timer, state:3
11-27 01:23:43.935  1795  3324 D ActivityManager: freezer override set to false
11-27 01:23:43.948  1011  1189 I ASH     : @ 391476.119: tcs3701: stop power rail pending_off timer
11-27 01:23:43.949  1011  1189 D ASH     : @ 391476.119: tcs3701: start power rail timer, state:3
11-27 01:23:43.973  8427  8469 I BatteryMgr:DataCollectionService: stats => 1701044623973,10070,4442,2136,4169000,100
11-27 01:23:43.974  8427  8467 I BatteryMgr:DataCollectionService: stats => 1701044623974,10070,4442,2136,4169000,100
11-27 01:23:43.980  1795  3613 D ActivityManager: freezer override set to true
11-27 01:23:43.985  1795  3613 D ActivityManager: freezer override set to false
11-27 01:23:43.989  1011  1189 I ASH     : @ 391476.159: tcs3701: stop power rail pending_off timer
11-27 01:23:43.989  1011  1189 D ASH     : @ 391476.159: tcs3701: start power rail timer, state:3
11-27 01:23:43.994  1795  3613 D ActivityManager: freezer override set to true
11-27 01:23:44.000  1795  3613 D ActivityManager: freezer override set to false
11-27 01:23:44.027  1795  3613 D ActivityManager: freezer override set to true
11-27 01:23:44.029  1011  1189 I ASH     : @ 391476.199: tcs3701: stop power rail pending_off timer
11-27 01:23:44.029  1011  1189 D ASH     : @ 391476.199: tcs3701: start power rail timer, state:3
11-27 01:23:44.032  1795  3613 D ActivityManager: freezer override set to false
11-27 01:23:44.069  1011  1189 I ASH     : @ 391476.239: tcs3701: stop power rail pending_off timer
11-27 01:23:44.069  1011  1189 D ASH     : @ 391476.239: tcs3701: start power rail timer, state:3
11-27 01:23:44.081  8427  8469 I BatteryMgr:DataCollectionService: stats => 1701044624081,10070,4442,2136,4169000,100
11-27 01:23:44.082  8427  8467 I BatteryMgr:DataCollectionService: stats => 1701044624082,10070,4442,2136,4169000,100
11-27 01:23:44.109  1011  1189 I ASH     : @ 391476.279: tcs3701: stop power rail pending_off timer
11-27 01:23:44.109  1011  1189 D ASH     : @ 391476.279: tcs3701: start power rail timer, state:3
11-27 01:23:44.148  1011  1189 I ASH     : @ 391476.319: tcs3701: stop power rail pending_off timer
11-27 01:23:44.149  1011  1189 D ASH     : @ 391476.319: tcs3701: start power rail timer, state:3
11-27 01:23:44.189  1011  1189 I ASH     : @ 391476.359: tcs3701: stop power rail pending_off timer
11-27 01:23:44.189  1011  1189 D ASH     : @ 391476.359: tcs3701: start power rail timer, state:3
11-27 01:23:44.189  8427  8467 I BatteryMgr:DataCollectionService: stats => 1701044624189,10070,4442,2136,4169000,100
11-27 01:23:44.189  8427  8469 I BatteryMgr:DataCollectionService: stats => 1701044624189,10070,4442,2136,4169000,100
11-27 01:23:44.229  1011  1189 I ASH     : @ 391476.399: tcs3701: stop power rail pending_off timer
11-27 01:23:44.229  1011  1189 D ASH     : @ 391476.399: tcs3701: start power rail timer, state:3
11-27 01:23:44.269  1011  1189 I ASH     : @ 391476.439: tcs3701: stop power rail pending_off timer
11-27 01:23:44.269  1011  1189 D ASH     : @ 391476.439: tcs3701: start power rail timer, state:3
11-27 01:23:44.296  8427  8467 I BatteryMgr:DataCollectionService: stats => 1701044624296,10070,4442,2136,4169000,100
11-27 01:23:44.296  8427  8469 I BatteryMgr:DataCollectionService: stats => 1701044624296,10070,4442,2136,4169000,100
11-27 01:23:44.309  1011  1189 I ASH     : @ 391476.479: tcs3701: stop power rail pending_off timer
11-27 01:23:44.309  1011  1189 D ASH     : @ 391476.479: tcs3701: start power rail timer, state:3
11-27 01:23:44.348  1011  1189 I ASH     : @ 391476.519: tcs3701: stop power rail pending_off timer
11-27 01:23:44.348  1011  1189 D ASH     : @ 391476.519: tcs3701: start power rail timer, state:3
11-27 01:23:44.389  1011  1189 I ASH     : @ 391476.559: tcs3701: stop power rail pending_off timer
11-27 01:23:44.390  1011  1189 D ASH     : @ 391476.559: tcs3701: start power rail timer, state:3
11-27 01:23:44.405  8427  8467 I BatteryMgr:DataCollectionService: stats => 1701044624405,10070,4442,2136,4169000,100
