11-23 18:35:58.955  1011  1189 I ASH     : @ 107811.151: tcs3701: stop power rail pending_off timer
11-23 18:35:58.955  1011  1189 D ASH     : @ 107811.151: tcs3701: start power rail timer, state:3
11-23 18:35:58.980  9398  9436 I BatteryMgr:DataCollectionService: stats => 1700760958980,10375,4449,9765,4169000,100
11-23 18:35:58.992  1795  4165 D ActivityManager: freezer override set to true
11-23 18:35:58.994  1011  1189 I ASH     : @ 107811.191: tcs3701: stop power rail pending_off timer
11-23 18:35:58.994  1011  1189 D ASH     : @ 107811.191: tcs3701: start power rail timer, state:3
11-23 18:35:59.034  1011  1189 I ASH     : @ 107811.231: tcs3701: stop power rail pending_off timer
11-23 18:35:59.034  1011  1189 D ASH     : @ 107811.231: tcs3701: start power rail timer, state:3
11-23 18:35:59.074  1011  1189 I ASH     : @ 107811.271: tcs3701: stop power rail pending_off timer
11-23 18:35:59.074  1011  1189 D ASH     : @ 107811.271: tcs3701: start power rail timer, state:3
11-23 18:35:59.085  9398  9436 I BatteryMgr:DataCollectionService: stats => 1700760959085,10375,4449,9765,4169000,100
11-23 18:35:59.114  1011  1189 I ASH     : @ 107811.311: tcs3701: stop power rail pending_off timer
11-23 18:35:59.114  1011  1189 D ASH     : @ 107811.311: tcs3701: start power rail timer, state:3
11-23 18:35:59.151  3934  3956 I m.chrome.canary: Explicit concurrent copying GC freed 3665(192KB) AllocSpace objects, 3(60KB) LOS objects, 75% free, 11MB/47MB, paused 35us,23us total 42.593ms
11-23 18:35:59.154  1011  1189 I ASH     : @ 107811.351: tcs3701: stop power rail pending_off timer
11-23 18:35:59.154  1011  1189 D ASH     : @ 107811.351: tcs3701: start power rail timer, state:3
11-23 18:35:59.192  9398  9436 I BatteryMgr:DataCollectionService: stats => 1700760959192,10375,4449,9765,4169000,100
11-23 18:35:59.194  1011  1189 I ASH     : @ 107811.391: tcs3701: stop power rail pending_off timer
11-23 18:35:59.194  1011  1189 D ASH     : @ 107811.391: tcs3701: start power rail timer, state:3
11-23 18:35:59.203  1795  4165 D ActivityManager: freezer override set to false
11-23 18:35:59.234  1011  1189 I ASH     : @ 107811.431: tcs3701: stop power rail pending_off timer
11-23 18:35:59.234  1011  1189 D ASH     : @ 107811.431: tcs3701: start power rail timer, state:3
11-23 18:35:59.242  1795  4165 D ActivityManager: freezer override set to true
11-23 18:35:59.245  1795  4165 D ActivityManager: freezer override set to false
11-23 18:35:59.274  1011  1189 I ASH     : @ 107811.471: tcs3701: stop power rail pending_off timer
11-23 18:35:59.274  1011  1189 D ASH     : @ 107811.471: tcs3701: start power rail timer, state:3
11-23 18:35:59.298  9398  9436 I BatteryMgr:DataCollectionService: stats => 1700760959298,10375,4449,9765,4169000,100
11-23 18:35:59.314  1011  1189 I ASH     : @ 107811.511: tcs3701: stop power rail pending_off timer
11-23 18:35:59.314  1011  1189 D ASH     : @ 107811.511: tcs3701: start power rail timer, state:3
11-23 18:35:59.355  1011  1189 I ASH     : @ 107811.551: tcs3701: stop power rail pending_off timer
11-23 18:35:59.355  1011  1189 D ASH     : @ 107811.551: tcs3701: start power rail timer, state:3
11-23 18:35:59.394  1011  1189 I ASH     : @ 107811.591: tcs3701: stop power rail pending_off timer
11-23 18:35:59.394  1011  1189 D ASH     : @ 107811.591: tcs3701: start power rail timer, state:3
11-23 18:35:59.405  9398  9436 I BatteryMgr:DataCollectionService: stats => 1700760959405,10375,4449,9765,4169000,100
11-23 18:35:59.434  1011  1189 I ASH     : @ 107811.631: tcs3701: stop power rail pending_off timer
11-23 18:35:59.434  1011  1189 D ASH     : @ 107811.631: tcs3701: start power rail timer, state:3
11-23 18:35:59.474  1011  1189 I ASH     : @ 107811.671: tcs3701: stop power rail pending_off timer
11-23 18:35:59.474  1011  1189 D ASH     : @ 107811.671: tcs3701: start power rail timer, state:3
11-23 18:35:59.514  1011  1189 I ASH     : @ 107811.711: tcs3701: stop power rail pending_off timer
11-23 18:35:59.514  1011  1189 D ASH     : @ 107811.711: tcs3701: start power rail timer, state:3
11-23 18:35:59.514  9398  9436 I BatteryMgr:DataCollectionService: stats => 1700760959514,10375,4449,9765,4169000,100
11-23 18:35:59.517  1795  4165 D ActivityManager: freezer override set to true
11-23 18:35:59.521  1795  4165 D ActivityManager: freezer override set to false
11-23 18:35:59.555  1011  1189 I ASH     : @ 107811.751: tcs3701: stop power rail pending_off timer
11-23 18:35:59.555  1011  1189 D ASH     : @ 107811.751: tcs3701: start power rail timer, state:3
11-23 18:35:59.594  1011  1189 I ASH     : @ 107811.791: tcs3701: stop power rail pending_off timer
11-23 18:35:59.594  1011  1189 D ASH     : @ 107811.791: tcs3701: start power rail timer, state:3
11-23 18:35:59.620  9398  9436 I BatteryMgr:DataCollectionService: stats => 1700760959619,10375,4449,9765,4169000,100
11-23 18:35:59.634  1011  1189 I ASH     : @ 107811.831: tcs3701: stop power rail pending_off timer
11-23 18:35:59.634  1011  1189 D ASH     : @ 107811.831: tcs3701: start power rail timer, state:3
11-23 18:35:59.675  1011  1189 I ASH     : @ 107811.871: tcs3701: stop power rail pending_off timer
11-23 18:35:59.675  1011  1189 D ASH     : @ 107811.871: tcs3701: start power rail timer, state:3
11-23 18:35:59.714  1011  1189 I ASH     : @ 107811.911: tcs3701: stop power rail pending_off timer
11-23 18:35:59.714  1011  1189 D ASH     : @ 107811.911: tcs3701: start power rail timer, state:3
11-23 18:35:59.725  9398  9436 I BatteryMgr:DataCollectionService: stats => 1700760959725,10375,4449,9765,4169000,100
11-23 18:35:59.755  1011  1189 I ASH     : @ 107811.951: tcs3701: stop power rail pending_off timer
11-23 18:35:59.755  1011  1189 D ASH     : @ 107811.951: tcs3701: start power rail timer, state:3
11-23 18:35:59.794  1011  1189 I ASH     : @ 107811.991: tcs3701: stop power rail pending_off timer
11-23 18:35:59.794  1011  1189 D ASH     : @ 107811.991: tcs3701: start power rail timer, state:3
11-23 18:35:59.830  9398  9436 I BatteryMgr:DataCollectionService: stats => 1700760959830,10375,4449,9765,4169000,100
11-23 18:35:59.835  1011  1189 I ASH     : @ 107812.031: tcs3701: stop power rail pending_off timer
11-23 18:35:59.835  1011  1189 D ASH     : @ 107812.031: tcs3701: start power rail timer, state:3
11-23 18:35:59.874  1011  1189 I ASH     : @ 107812.071: tcs3701: stop power rail pending_off timer
11-23 18:35:59.874  1011  1189 D ASH     : @ 107812.071: tcs3701: start power rail timer, state:3
11-23 18:35:59.914  1011  1189 I ASH     : @ 107812.111: tcs3701: stop power rail pending_off timer
11-23 18:35:59.914  1011  1189 D ASH     : @ 107812.111: tcs3701: start power rail timer, state:3
11-23 18:35:59.936  9398  9436 I BatteryMgr:DataCollectionService: stats => 1700760959936,10375,4449,9765,4169000,100
11-23 18:35:59.954  1011  1189 I ASH     : @ 107812.151: tcs3701: stop power rail pending_off timer
11-23 18:35:59.954  1011  1189 D ASH     : @ 107812.151: tcs3701: start power rail timer, state:3
11-23 18:35:59.994  1011  1189 I ASH     : @ 107812.191: tcs3701: stop power rail pending_off timer
11-23 18:35:59.994  1011  1189 D ASH     : @ 107812.191: tcs3701: start power rail timer, state:3
11-23 18:36:00.006  3579  3877 I AiAiEcho: (REDACTED) Predicting[%d]: %s
11-23 18:36:00.007  3579  3877 I AiAiEcho: (REDACTED) EchoTargets: %s
11-23 18:36:00.007  3579  3877 I AiAiEcho: Filtered by AiAi flag check: %s
11-23 18:36:00.008  3579  3877 I AiAiEcho: (REDACTED) Ranked targets strategy: %s, count: %d, ranking metadata: %s
11-23 18:36:00.008  3579  3877 I AiAiEcho: (REDACTED) #weatherTwiddler: Weather removes SubtitleSupplementalItem in surface: %s
11-23 18:36:00.009  3579  3877 I AiAiEcho: (REDACTED) Predicting[%d]: %s
11-23 18:36:00.010  3579  3877 I AiAiEcho: (REDACTED) EchoTargets: %s
11-23 18:36:00.010  3579  3877 I AiAiEcho: Filtered by AiAi flag check: %s
11-23 18:36:00.010  3579  3877 I AiAiEcho: (REDACTED) Ranked targets strategy: %s, count: %d, ranking metadata: %s
11-23 18:36:00.010  3579  3877 I AiAiEcho: (REDACTED) #weatherTwiddler: Weather removes SubtitleSupplementalItem in surface: %s
11-23 18:36:00.013  3579  3877 I AiAiEcho: (REDACTED) #postPredictionTargets: Sending updates to UISurface %s with targets# %s (types=[%s])
11-23 18:36:00.015  3579  3877 I AiAiEcho: (REDACTED) #postPredictionTargets: Sending updates to UISurface %s with targets# %s (types=[%s])
11-23 18:36:00.016  2940  2940 D SsBaseTemplateCard: No text view can be set up
11-23 18:36:00.017  2940  2940 D SsBaseTemplateCard: Passed-in item info is null
11-23 18:36:00.017  2940  2940 D SsBaseTemplateCard: Passed-in item info is null
11-23 18:36:00.017  2940  2940 I SsBaseTemplateCard: Secondary card pane is null
11-23 18:36:00.023  2513  2513 D SsBaseTemplateCard: No text view can be set up
11-23 18:36:00.023  2513  2513 D SsBaseTemplateCard: Passed-in item info is null
11-23 18:36:00.024  2513  2513 D SsBaseTemplateCard: Passed-in item info is null
11-23 18:36:00.024  2513  2513 I SsBaseTemplateCard: Secondary card pane is null
11-23 18:36:00.026  3579  3877 I AiAiEcho: (REDACTED) Predicting[%d]: %s
11-23 18:36:00.027  3579  3877 I AiAiEcho: (REDACTED) EchoTargets: %s
11-23 18:36:00.027  3579  3877 I AiAiEcho: Filtered by AiAi flag check: %s
11-23 18:36:00.027  3579  3877 I AiAiEcho: (REDACTED) Ranked targets strategy: %s, count: %d, ranking metadata: %s
11-23 18:36:00.028  3579  3877 I AiAiEcho: (REDACTED) #weatherTwiddler: Weather removes SubtitleSupplementalItem in surface: %s
11-23 18:36:00.028  3579  3877 I AiAiEcho: (REDACTED) Predicting[%d]: %s
11-23 18:36:00.029  3579  3877 I AiAiEcho: (REDACTED) EchoTargets: %s
11-23 18:36:00.029  3579  3877 I AiAiEcho: Filtered by AiAi flag check: %s
11-23 18:36:00.030  3579  3877 I AiAiEcho: (REDACTED) Ranked targets strategy: %s, count: %d, ranking metadata: %s
11-23 18:36:00.030  3579  3877 I AiAiEcho: (REDACTED) #weatherTwiddler: Weather removes SubtitleSupplementalItem in surface: %s
11-23 18:36:00.032  3579  3877 I AiAiEcho: (REDACTED) #postPredictionTargets: Sending updates to UISurface %s with targets# %s (types=[%s])
11-23 18:36:00.034  2513  2513 D SsBaseTemplateCard: No text view can be set up
11-23 18:36:00.034  3579  3877 I AiAiEcho: (REDACTED) #postPredictionTargets: Sending updates to UISurface %s with targets# %s (types=[%s])
11-23 18:36:00.035  2513  2513 D SsBaseTemplateCard: Passed-in item info is null
11-23 18:36:00.035  2513  2513 D SsBaseTemplateCard: Passed-in item info is null
11-23 18:36:00.035  2513  2513 I SsBaseTemplateCard: Secondary card pane is null
11-23 18:36:00.035  1011  1189 I ASH     : @ 107812.231: tcs3701: stop power rail pending_off timer
11-23 18:36:00.035  1011  1189 D ASH     : @ 107812.231: tcs3701: start power rail timer, state:3
11-23 18:36:00.037  2940  2940 D SsBaseTemplateCard: No text view can be set up
11-23 18:36:00.038  2940  2940 D SsBaseTemplateCard: Passed-in item info is null
11-23 18:36:00.038  2940  2940 D SsBaseTemplateCard: Passed-in item info is null
11-23 18:36:00.038  2940  2940 I SsBaseTemplateCard: Secondary card pane is null
11-23 18:36:00.042  9398  9436 I BatteryMgr:DataCollectionService: stats => 1700760960041,10375,4449,9765,4169000,100
11-23 18:36:00.075  1011  1189 I ASH     : @ 107812.271: tcs3701: stop power rail pending_off timer
11-23 18:36:00.075  1011  1189 D ASH     : @ 107812.271: tcs3701: start power rail timer, state:3
11-23 18:36:00.114  1011  1189 I ASH     : @ 107812.311: tcs3701: stop power rail pending_off timer
11-23 18:36:00.114  1011  1189 D ASH     : @ 107812.311: tcs3701: start power rail timer, state:3
11-23 18:36:00.148  9398  9436 I BatteryMgr:DataCollectionService: stats => 1700760960148,10375,4449,9765,4169000,100
11-23 18:36:00.154  1011  1189 I ASH     : @ 107812.351: tcs3701: stop power rail pending_off timer
11-23 18:36:00.154  1011  1189 D ASH     : @ 107812.351: tcs3701: start power rail timer, state:3
11-23 18:36:00.194  1011  1189 I ASH     : @ 107812.391: tcs3701: stop power rail pending_off timer
11-23 18:36:00.194  1011  1189 D ASH     : @ 107812.391: tcs3701: start power rail timer, state:3
11-23 18:36:00.235  1011  1189 I ASH     : @ 107812.431: tcs3701: stop power rail pending_off timer
11-23 18:36:00.235  1011  1189 D ASH     : @ 107812.431: tcs3701: start power rail timer, state:3
11-23 18:36:00.253  9398  9436 I BatteryMgr:DataCollectionService: stats => 1700760960253,10375,4449,9765,4169000,100
11-23 18:36:00.274  1011  1189 I ASH     : @ 107812.471: tcs3701: stop power rail pending_off timer
11-23 18:36:00.274  1011  1189 D ASH     : @ 107812.471: tcs3701: start power rail timer, state:3
11-23 18:36:00.315  1011  1189 I ASH     : @ 107812.511: tcs3701: stop power rail pending_off timer
11-23 18:36:00.315  1011  1189 D ASH     : @ 107812.511: tcs3701: start power rail timer, state:3
11-23 18:36:00.354  1011  1189 I ASH     : @ 107812.551: tcs3701: stop power rail pending_off timer
11-23 18:36:00.355  1011  1189 D ASH     : @ 107812.551: tcs3701: start power rail timer, state:3
11-23 18:36:00.361  9398  9436 I BatteryMgr:DataCollectionService: stats => 1700760960361,12817,4449,9765,4169000,100
11-23 18:36:00.394  1011  1189 I ASH     : @ 107812.591: tcs3701: stop power rail pending_off timer
11-23 18:36:00.394  1011  1189 D ASH     : @ 107812.591: tcs3701: start power rail timer, state:3
11-23 18:36:00.401  1795  4165 D ActivityManager: freezer override set to true
11-23 18:36:00.434  1011  1189 I ASH     : @ 107812.631: tcs3701: stop power rail pending_off timer
11-23 18:36:00.434  1011  1189 D ASH     : @ 107812.631: tcs3701: start power rail timer, state:3
11-23 18:36:00.466  9398  9436 I BatteryMgr:DataCollectionService: stats => 1700760960466,12817,4449,9765,4169000,100
11-23 18:36:00.475  1011  1189 I ASH     : @ 107812.671: tcs3701: stop power rail pending_off timer
11-23 18:36:00.475  1011  1189 D ASH     : @ 107812.671: tcs3701: start power rail timer, state:3
11-23 18:36:00.509  3934  3956 I m.chrome.canary: Explicit concurrent copying GC freed 3638(192KB) AllocSpace objects, 3(60KB) LOS objects, 75% free, 11MB/47MB, paused 85us,22us total 73.031ms
11-23 18:36:00.514  1011  1189 I ASH     : @ 107812.711: tcs3701: stop power rail pending_off timer
11-23 18:36:00.514  1011  1189 D ASH     : @ 107812.711: tcs3701: start power rail timer, state:3
11-23 18:36:00.554  1011  1189 I ASH     : @ 107812.751: tcs3701: stop power rail pending_off timer
11-23 18:36:00.554  1011  1189 D ASH     : @ 107812.751: tcs3701: start power rail timer, state:3
11-23 18:36:00.565  1795  2467 D ActivityManager: freezer override set to false
11-23 18:36:00.573  9398  9436 I BatteryMgr:DataCollectionService: stats => 1700760960573,12817,4449,9765,4169000,100
11-23 18:36:00.594  1011  1189 I ASH     : @ 107812.791: tcs3701: stop power rail pending_off timer
11-23 18:36:00.594  1011  1189 D ASH     : @ 107812.791: tcs3701: start power rail timer, state:3
11-23 18:36:00.599  1795  2467 D ActivityManager: freezer override set to true
11-23 18:36:00.603  1795  2467 D ActivityManager: freezer override set to false
11-23 18:36:00.634  1011  1189 I ASH     : @ 107812.831: tcs3701: stop power rail pending_off timer
11-23 18:36:00.634  1011  1189 D ASH     : @ 107812.831: tcs3701: start power rail timer, state:3
11-23 18:36:00.652  1795  2424 D WifiClientModeImpl[13802:wlan0]: updateLinkLayerStatsRssiSpeedFrequencyCapabilities rssi=-43 TxLinkspeed=866 freq=5240 RxLinkSpeed=866
11-23 18:36:00.653  1795  2424 D WifiDataStall: tx tput in kbps: 731364
11-23 18:36:00.653  1795  2424 D WifiDataStall: rx tput in kbps: 794960
11-23 18:36:00.653  1795  2424 V WifiConfigManager: Updating scan detail cache freq=5240 BSSID=f4:6d:2f:12:cc:88 RSSI=-43 for "ourhome"WPA_PSK
11-23 18:36:00.653  2782  5906 D QCNEJ/WlanStaInfoRelay: Received action: android.net.wifi.RSSI_CHANGED
11-23 18:36:00.653  1795  2424 D WifiChannelUtilization:  freq: 5240 onTime: 3136544 busyTime: 267629 onTimeDiff: 3136249 busyTimeDiff: 267612 utilization: 21 utilization t0: 21
11-23 18:36:00.653  1795  2424 D WifiDataStall:  ccaLevel = 21
11-23 18:36:00.653  1795  2424 D WifiDataStall: L2 txTputKbps: 755212, rxTputKbps: 794960, L3 txTputKbps: 21, rxTputKbps: 1, TxTrafficHigh: false, RxTrafficHigh: false, Throughput Sufficient: true
11-23 18:36:00.653  1795  2424 D WifiScoreReport: Wifi scoring disabled - Don't check IP layer
11-23 18:36:00.654  3213  8092 V WifiManager: OnWifiUsabilityStatsListener: onWifiUsabilityStats: seqNum=35578
11-23 18:36:00.654  1795  2424 D WifiScoreCard: BSSID update SIGNAL_POLL ID: 1320464697 SSID: "ourhome", BSSID: f4:6d:2f:12:cc:88, MAC: b2:2f:ec:da:4a:0c, IP: /192.168.1.104, Security type: 2, Supplicant state: COMPLETED, Wi-Fi standard: 5, RSSI: -43, Link speed: 866Mbps, Tx Link speed: 866Mbps, Max Supported Tx Link speed: 866Mbps, Rx Link speed: 866Mbps, Max Supported Rx Link speed: 866Mbps, Frequency: 5240MHz, Net ID: 12, Metered hint: false, score: 60, isUsable: true, CarrierMerged: false, SubscriptionId: -1, IsPrimary: 1, Trusted: true, Restricted: false, Ephemeral: false, OEM paid: false, OEM private: false, OSU AP: false, FQDN: <none>, Provider friendly name: <none>, Requesting package name: <none>"ourhome"wpa2-pskMLO Information: , Is TID-To-Link negotiation supported by the AP: false, AP MLD Address: <none>, AP MLO Link Id: <none>, AP MLO Affiliated links: <none>
11-23 18:36:00.654  1795  2424 D WifiScoreCard: txRate: 4 txSpeed: 866
11-23 18:36:00.654  1795  2424 D WifiScoreCard: network update SIGNAL_POLL "ourhome" ID: 1499892569 RSSI -43 txSpeed 866
11-23 18:36:00.654  1795  2424 D WifiClientModeImpl[13802:wlan0]:  ClientModeImpl$L2ConnectedState screen=on 21 0 "ourhome" f4:6d:2f:12:cc:88 rssi=-43 f=5240 sc=60 link=866 tx=3.5, 0.1, 0.0 rx=2.9 bcn=1033567 [on:154 tx:1 rx:2 period:3014] from screen [on:87098 period:3338652] score=60
11-23 18:36:00.654  1795  2467 I WifiService: updateWifiUsabilityScore uid=10180 seqNum=35578 score=100 predictionHorizonSec=1441795
11-23 18:36:00.655  1795  2424 D WifiScoreReport: Wifi scoring disabled - Notify that Wifi is usable
11-23 18:36:00.657  1795  2432 D ConnectivityService: NetReassign [no changes] [c 0] [a 0] [i 2]
11-23 18:36:00.674  1011  1189 I ASH     : @ 107812.871: tcs3701: stop power rail pending_off timer
11-23 18:36:00.674  1011  1189 D ASH     : @ 107812.871: tcs3701: start power rail timer, state:3
11-23 18:36:00.678  9398  9436 I BatteryMgr:DataCollectionService: stats => 1700760960678,12817,4449,9765,4169000,100
11-23 18:36:00.714  1011  1189 I ASH     : @ 107812.911: tcs3701: stop power rail pending_off timer
11-23 18:36:00.714  1011  1189 D ASH     : @ 107812.911: tcs3701: start power rail timer, state:3
11-23 18:36:00.754  1011  1189 I ASH     : @ 107812.951: tcs3701: stop power rail pending_off timer
11-23 18:36:00.754  1011  1189 D ASH     : @ 107812.951: tcs3701: start power rail timer, state:3
11-23 18:36:00.786  9398  9436 I BatteryMgr:DataCollectionService: stats => 1700760960785,12817,4449,9765,4169000,100
11-23 18:36:00.794  1011  1189 I ASH     : @ 107812.991: tcs3701: stop power rail pending_off timer
11-23 18:36:00.794  1011  1189 D ASH     : @ 107812.991: tcs3701: start power rail timer, state:3
11-23 18:36:00.835  1011  1189 I ASH     : @ 107813.031: tcs3701: stop power rail pending_off timer
11-23 18:36:00.835  1011  1189 D ASH     : @ 107813.031: tcs3701: start power rail timer, state:3
11-23 18:36:00.874  1011  1189 I ASH     : @ 107813.071: tcs3701: stop power rail pending_off timer
11-23 18:36:00.874  1011  1189 D ASH     : @ 107813.071: tcs3701: start power rail timer, state:3
11-23 18:36:00.891  9398  9436 I BatteryMgr:DataCollectionService: stats => 1700760960891,12817,4449,9765,4169000,100
11-23 18:36:00.915  1011  1189 I ASH     : @ 107813.111: tcs3701: stop power rail pending_off timer
11-23 18:36:00.915  1011  1189 D ASH     : @ 107813.111: tcs3701: start power rail timer, state:3
11-23 18:36:00.954  1011  1189 I ASH     : @ 107813.151: tcs3701: stop power rail pending_off timer
11-23 18:36:00.954  1011  1189 D ASH     : @ 107813.151: tcs3701: start power rail timer, state:3
11-23 18:36:00.994  1011  1189 I ASH     : @ 107813.191: tcs3701: stop power rail pending_off timer
11-23 18:36:00.994  1011  1189 D ASH     : @ 107813.191: tcs3701: start power rail timer, state:3
11-23 18:36:00.998  9398  9436 I BatteryMgr:DataCollectionService: stats => 1700760960998,12817,4449,9765,4169000,100
11-23 18:36:01.035  1011  1189 I ASH     : @ 107813.231: tcs3701: stop power rail pending_off timer
11-23 18:36:01.035  1011  1189 D ASH     : @ 107813.231: tcs3701: start power rail timer, state:3
11-23 18:36:01.074  1011  1189 I ASH     : @ 107813.271: tcs3701: stop power rail pending_off timer
11-23 18:36:01.074  1011  1189 D ASH     : @ 107813.271: tcs3701: start power rail timer, state:3
11-23 18:36:01.103  9398  9436 I BatteryMgr:DataCollectionService: stats => 1700760961103,12817,4449,9765,4169000,100
11-23 18:36:01.114  1011  1189 I ASH     : @ 107813.311: tcs3701: stop power rail pending_off timer
11-23 18:36:01.114  1011  1189 D ASH     : @ 107813.311: tcs3701: start power rail timer, state:3
11-23 18:36:01.154  1011  1189 I ASH     : @ 107813.351: tcs3701: stop power rail pending_off timer
11-23 18:36:01.154  1011  1189 D ASH     : @ 107813.351: tcs3701: start power rail timer, state:3
11-23 18:36:01.194  1011  1189 I ASH     : @ 107813.391: tcs3701: stop power rail pending_off timer
11-23 18:36:01.194  1011  1189 D ASH     : @ 107813.391: tcs3701: start power rail timer, state:3
11-23 18:36:01.209  9398  9436 I BatteryMgr:DataCollectionService: stats => 1700760961209,12817,4449,9765,4169000,100
11-23 18:36:01.234  1011  1189 I ASH     : @ 107813.431: tcs3701: stop power rail pending_off timer
11-23 18:36:01.234  1011  1189 D ASH     : @ 107813.431: tcs3701: start power rail timer, state:3
11-23 18:36:01.274  1011  1189 I ASH     : @ 107813.471: tcs3701: stop power rail pending_off timer
11-23 18:36:01.274  1011  1189 D ASH     : @ 107813.471: tcs3701: start power rail timer, state:3
11-23 18:36:01.315  1011  1189 I ASH     : @ 107813.511: tcs3701: stop power rail pending_off timer
11-23 18:36:01.315  1011  1189 D ASH     : @ 107813.511: tcs3701: start power rail timer, state:3
11-23 18:36:01.315  9398  9436 I BatteryMgr:DataCollectionService: stats => 1700760961315,12817,4449,9765,4169000,100
11-23 18:36:01.354  1011  1189 I ASH     : @ 107813.551: tcs3701: stop power rail pending_off timer
11-23 18:36:01.354  1011  1189 D ASH     : @ 107813.551: tcs3701: start power rail timer, state:3
11-23 18:36:01.394  1011  1189 I ASH     : @ 107813.591: tcs3701: stop power rail pending_off timer
11-23 18:36:01.394  1011  1189 D ASH     : @ 107813.591: tcs3701: start power rail timer, state:3
11-23 18:36:01.422  9398  9436 I BatteryMgr:DataCollectionService: stats => 1700760961422,12817,4449,9765,4169000,100
11-23 18:36:01.435  1011  1189 I ASH     : @ 107813.631: tcs3701: stop power rail pending_off timer
11-23 18:36:01.435  1011  1189 D ASH     : @ 107813.631: tcs3701: start power rail timer, state:3
11-23 18:36:01.474  1011  1189 I ASH     : @ 107813.671: tcs3701: stop power rail pending_off timer
11-23 18:36:01.474  1011  1189 D ASH     : @ 107813.671: tcs3701: start power rail timer, state:3
11-23 18:36:01.514  1011  1189 I ASH     : @ 107813.711: tcs3701: stop power rail pending_off timer
11-23 18:36:01.514  1011  1189 D ASH     : @ 107813.711: tcs3701: start power rail timer, state:3
11-23 18:36:01.528  1795  4165 D ActivityManager: freezer override set to true
11-23 18:36:01.530  9398  9436 I BatteryMgr:DataCollectionService: stats => 1700760961530,12817,4449,9765,4169000,100
11-23 18:36:01.533  1795  4165 D ActivityManager: freezer override set to false
11-23 18:36:01.554  1011  1189 I ASH     : @ 107813.751: tcs3701: stop power rail pending_off timer
11-23 18:36:01.554  1011  1189 D ASH     : @ 107813.751: tcs3701: start power rail timer, state:3
11-23 18:36:01.594  1011  1189 I ASH     : @ 107813.791: tcs3701: stop power rail pending_off timer
11-23 18:36:01.594  1011  1189 D ASH     : @ 107813.791: tcs3701: start power rail timer, state:3
11-23 18:36:01.635  1011  1189 I ASH     : @ 107813.831: tcs3701: stop power rail pending_off timer
11-23 18:36:01.635  1011  1189 D ASH     : @ 107813.831: tcs3701: start power rail timer, state:3
11-23 18:36:01.639  9398  9436 I BatteryMgr:DataCollectionService: stats => 1700760961639,12817,4449,9765,4169000,100
11-23 18:36:01.674  1011  1189 I ASH     : @ 107813.871: tcs3701: stop power rail pending_off timer
11-23 18:36:01.674  1011  1189 D ASH     : @ 107813.871: tcs3701: start power rail timer, state:3
11-23 18:36:01.715  1011  1189 I ASH     : @ 107813.911: tcs3701: stop power rail pending_off timer
11-23 18:36:01.715  1011  1189 D ASH     : @ 107813.911: tcs3701: start power rail timer, state:3
11-23 18:36:01.746  9398  9436 I BatteryMgr:DataCollectionService: stats => 1700760961746,12817,4449,9765,4169000,100
11-23 18:36:01.746  1795  4165 D ActivityManager: freezer override set to true
11-23 18:36:01.754  1011  1189 I ASH     : @ 107813.951: tcs3701: stop power rail pending_off timer
11-23 18:36:01.754  1011  1189 D ASH     : @ 107813.951: tcs3701: start power rail timer, state:3
11-23 18:36:01.794  1011  1189 I ASH     : @ 107813.991: tcs3701: stop power rail pending_off timer
11-23 18:36:01.795  1011  1189 D ASH     : @ 107813.991: tcs3701: start power rail timer, state:3
11-23 18:36:01.834  1011  1189 I ASH     : @ 107814.031: tcs3701: stop power rail pending_off timer
11-23 18:36:01.834  1011  1189 D ASH     : @ 107814.031: tcs3701: start power rail timer, state:3
11-23 18:36:01.844  3934  3956 I m.chrome.canary: Explicit concurrent copying GC freed 3900(207KB) AllocSpace objects, 4(80KB) LOS objects, 75% free, 11MB/47MB, paused 29us,24us total 40.996ms
11-23 18:36:01.853  9398  9436 I BatteryMgr:DataCollectionService: stats => 1700760961853,12817,4449,9765,4169000,100
11-23 18:36:01.874  1011  1189 I ASH     : @ 107814.071: tcs3701: stop power rail pending_off timer
11-23 18:36:01.874  1011  1189 D ASH     : @ 107814.071: tcs3701: start power rail timer, state:3
11-23 18:36:01.895  1795  4165 D ActivityManager: freezer override set to false
11-23 18:36:01.915  1011  1189 I ASH     : @ 107814.111: tcs3701: stop power rail pending_off timer
11-23 18:36:01.915  1011  1189 D ASH     : @ 107814.111: tcs3701: start power rail timer, state:3
11-23 18:36:01.934  1795  4165 D ActivityManager: freezer override set to true
11-23 18:36:01.937  1795  4165 D ActivityManager: freezer override set to false
11-23 18:36:01.954  1011  1189 I ASH     : @ 107814.151: tcs3701: stop power rail pending_off timer
11-23 18:36:01.954  1011  1189 D ASH     : @ 107814.151: tcs3701: start power rail timer, state:3
11-23 18:36:01.959  9398  9436 I BatteryMgr:DataCollectionService: stats => 1700760961958,12817,4449,9765,4169000,100
11-23 18:36:01.994  1011  1189 I ASH     : @ 107814.191: tcs3701: stop power rail pending_off timer
11-23 18:36:01.994  1011  1189 D ASH     : @ 107814.191: tcs3701: start power rail timer, state:3
11-23 18:36:02.034  1011  1189 I ASH     : @ 107814.231: tcs3701: stop power rail pending_off timer
11-23 18:36:02.034  1011  1189 D ASH     : @ 107814.231: tcs3701: start power rail timer, state:3
11-23 18:36:02.065  9398  9436 I BatteryMgr:DataCollectionService: stats => 1700760962065,12817,4449,9765,4169000,100
11-23 18:36:02.074  1011  1189 I ASH     : @ 107814.271: tcs3701: stop power rail pending_off timer
11-23 18:36:02.074  1011  1189 D ASH     : @ 107814.271: tcs3701: start power rail timer, state:3
11-23 18:36:02.114  1011  1189 I ASH     : @ 107814.311: tcs3701: stop power rail pending_off timer
11-23 18:36:02.114  1011  1189 D ASH     : @ 107814.311: tcs3701: start power rail timer, state:3
11-23 18:36:02.154  1011  1189 I ASH     : @ 107814.351: tcs3701: stop power rail pending_off timer
11-23 18:36:02.154  1011  1189 D ASH     : @ 107814.351: tcs3701: start power rail timer, state:3
11-23 18:36:02.170  9398  9436 I BatteryMgr:DataCollectionService: stats => 1700760962170,12817,4449,9765,4169000,100
11-23 18:36:02.194  1011  1189 I ASH     : @ 107814.391: tcs3701: stop power rail pending_off timer
11-23 18:36:02.194  1011  1189 D ASH     : @ 107814.391: tcs3701: start power rail timer, state:3
11-23 18:36:02.234  1011  1189 I ASH     : @ 107814.431: tcs3701: stop power rail pending_off timer
11-23 18:36:02.234  1011  1189 D ASH     : @ 107814.431: tcs3701: start power rail timer, state:3
11-23 18:36:02.274  1011  1189 I ASH     : @ 107814.471: tcs3701: stop power rail pending_off timer
11-23 18:36:02.274  1011  1189 D ASH     : @ 107814.471: tcs3701: start power rail timer, state:3
11-23 18:36:02.275  9398  9436 I BatteryMgr:DataCollectionService: stats => 1700760962275,12817,4449,9765,4169000,100
11-23 18:36:02.314  1011  1189 I ASH     : @ 107814.511: tcs3701: stop power rail pending_off timer
11-23 18:36:02.314  1011  1189 D ASH     : @ 107814.511: tcs3701: start power rail timer, state:3
11-23 18:36:02.354  1011  1189 I ASH     : @ 107814.551: tcs3701: stop power rail pending_off timer
11-23 18:36:02.354  1011  1189 D ASH     : @ 107814.551: tcs3701: start power rail timer, state:3
11-23 18:36:02.380  9398  9436 I BatteryMgr:DataCollectionService: stats => 1700760962380,12817,4449,9765,4169000,100
11-23 18:36:02.388  1795  2424 D WifiNetworkSelector: Current connected network: 12
11-23 18:36:02.388  1795  2424 V WifiConnectivityManager: No partial scan because firmware roaming is supported.
11-23 18:36:02.388  1795  2424 V WifiConnectivityManager: schedulePeriodicScanTimer intervalMs 20000
11-23 18:36:02.395  1011  1189 I ASH     : @ 107814.591: tcs3701: stop power rail pending_off timer
11-23 18:36:02.395  1011  1189 D ASH     : @ 107814.591: tcs3701: start power rail timer, state:3
11-23 18:36:02.434  1011  1189 I ASH     : @ 107814.631: tcs3701: stop power rail pending_off timer
11-23 18:36:02.434  1011  1189 D ASH     : @ 107814.631: tcs3701: start power rail timer, state:3
11-23 18:36:02.474  1011  1189 I ASH     : @ 107814.671: tcs3701: stop power rail pending_off timer
11-23 18:36:02.474  1011  1189 D ASH     : @ 107814.671: tcs3701: start power rail timer, state:3
11-23 18:36:02.485  9398  9436 I BatteryMgr:DataCollectionService: stats => 1700760962485,12817,4449,9765,4169000,100
11-23 18:36:02.514  1011  1189 I ASH     : @ 107814.711: tcs3701: stop power rail pending_off timer
11-23 18:36:02.514  1011  1189 D ASH     : @ 107814.711: tcs3701: start power rail timer, state:3
11-23 18:36:02.521  1795  4165 D ActivityManager: freezer override set to true
11-23 18:36:02.525  1795  4165 D ActivityManager: freezer override set to false
11-23 18:36:02.554  1011  1189 I ASH     : @ 107814.751: tcs3701: stop power rail pending_off timer
11-23 18:36:02.554  1011  1189 D ASH     : @ 107814.751: tcs3701: start power rail timer, state:3
11-23 18:36:02.590  9398  9436 I BatteryMgr:DataCollectionService: stats => 1700760962590,12817,4449,9765,4169000,100
11-23 18:36:02.595  1011  1189 I ASH     : @ 107814.791: tcs3701: stop power rail pending_off timer
11-23 18:36:02.595  1011  1189 D ASH     : @ 107814.791: tcs3701: start power rail timer, state:3
11-23 18:36:02.634  1011  1189 I ASH     : @ 107814.831: tcs3701: stop power rail pending_off timer
11-23 18:36:02.634  1011  1189 D ASH     : @ 107814.831: tcs3701: start power rail timer, state:3
11-23 18:36:02.674  1011  1189 I ASH     : @ 107814.871: tcs3701: stop power rail pending_off timer
11-23 18:36:02.674  1011  1189 D ASH     : @ 107814.871: tcs3701: start power rail timer, state:3
11-23 18:36:02.695  9398  9436 I BatteryMgr:DataCollectionService: stats => 1700760962695,12817,4449,9765,4169000,100
11-23 18:36:02.714  1011  1189 I ASH     : @ 107814.911: tcs3701: stop power rail pending_off timer
11-23 18:36:02.714  1011  1189 D ASH     : @ 107814.911: tcs3701: start power rail timer, state:3
11-23 18:36:02.754  1011  1189 I ASH     : @ 107814.951: tcs3701: stop power rail pending_off timer
11-23 18:36:02.754  1011  1189 D ASH     : @ 107814.951: tcs3701: start power rail timer, state:3
11-23 18:36:02.794  1011  1189 I ASH     : @ 107814.991: tcs3701: stop power rail pending_off timer
11-23 18:36:02.794  1011  1189 D ASH     : @ 107814.991: tcs3701: start power rail timer, state:3
11-23 18:36:02.800  9398  9436 I BatteryMgr:DataCollectionService: stats => 1700760962800,12817,4449,9765,4169000,100
11-23 18:36:02.834  1011  1189 I ASH     : @ 107815.031: tcs3701: stop power rail pending_off timer
11-23 18:36:02.834  1011  1189 D ASH     : @ 107815.031: tcs3701: start power rail timer, state:3
11-23 18:36:02.874  1011  1189 I ASH     : @ 107815.071: tcs3701: stop power rail pending_off timer
11-23 18:36:02.874  1011  1189 D ASH     : @ 107815.071: tcs3701: start power rail timer, state:3
11-23 18:36:02.905  9398  9436 I BatteryMgr:DataCollectionService: stats => 1700760962905,12817,4449,9765,4169000,100
11-23 18:36:02.914  1011  1189 I ASH     : @ 107815.111: tcs3701: stop power rail pending_off timer
11-23 18:36:02.914  1011  1189 D ASH     : @ 107815.111: tcs3701: start power rail timer, state:3
11-23 18:36:02.954  1011  1189 I ASH     : @ 107815.151: tcs3701: stop power rail pending_off timer
11-23 18:36:02.954  1011  1189 D ASH     : @ 107815.151: tcs3701: start power rail timer, state:3
11-23 18:36:02.995  1011  1189 I ASH     : @ 107815.191: tcs3701: stop power rail pending_off timer
11-23 18:36:02.995  1011  1189 D ASH     : @ 107815.191: tcs3701: start power rail timer, state:3
11-23 18:36:03.013  9398  9436 I BatteryMgr:DataCollectionService: stats => 1700760963013,12817,4449,9765,4169000,100
11-23 18:36:03.034  1011  1189 I ASH     : @ 107815.231: tcs3701: stop power rail pending_off timer
11-23 18:36:03.035  1011  1189 D ASH     : @ 107815.231: tcs3701: start power rail timer, state:3
11-23 18:36:03.075  1011  1189 I ASH     : @ 107815.271: tcs3701: stop power rail pending_off timer
11-23 18:36:03.075  1011  1189 D ASH     : @ 107815.271: tcs3701: start power rail timer, state:3
11-23 18:36:03.090  1795  4165 D ActivityManager: freezer override set to true
11-23 18:36:03.114  1011  1189 I ASH     : @ 107815.311: tcs3701: stop power rail pending_off timer
11-23 18:36:03.114  1011  1189 D ASH     : @ 107815.311: tcs3701: start power rail timer, state:3
11-23 18:36:03.118  9398  9436 I BatteryMgr:DataCollectionService: stats => 1700760963118,12817,4449,9765,4169000,100
11-23 18:36:03.154  1011  1189 I ASH     : @ 107815.351: tcs3701: stop power rail pending_off timer
11-23 18:36:03.154  1011  1189 D ASH     : @ 107815.351: tcs3701: start power rail timer, state:3
11-23 18:36:03.194  1011  1189 I ASH     : @ 107815.391: tcs3701: stop power rail pending_off timer
11-23 18:36:03.194  1011  1189 D ASH     : @ 107815.391: tcs3701: start power rail timer, state:3
11-23 18:36:03.223  9398  9436 I BatteryMgr:DataCollectionService: stats => 1700760963223,12817,4449,9765,4169000,100
11-23 18:36:03.234  1011  1189 I ASH     : @ 107815.431: tcs3701: stop power rail pending_off timer
11-23 18:36:03.234  1011  1189 D ASH     : @ 107815.431: tcs3701: start power rail timer, state:3
11-23 18:36:03.265  3934  3956 I m.chrome.canary: Explicit concurrent copying GC freed 3659(192KB) AllocSpace objects, 3(60KB) LOS objects, 75% free, 11MB/47MB, paused 80us,21us total 54.526ms
11-23 18:36:03.274  1011  1189 I ASH     : @ 107815.471: tcs3701: stop power rail pending_off timer
11-23 18:36:03.274  1011  1189 D ASH     : @ 107815.471: tcs3701: start power rail timer, state:3
11-23 18:36:03.313  1795  4165 D ActivityManager: freezer override set to false
11-23 18:36:03.314  1011  1189 I ASH     : @ 107815.511: tcs3701: stop power rail pending_off timer
11-23 18:36:03.314  1011  1189 D ASH     : @ 107815.511: tcs3701: start power rail timer, state:3
11-23 18:36:03.328  9398  9436 I BatteryMgr:DataCollectionService: stats => 1700760963328,12817,4449,9765,4169000,100
11-23 18:36:03.348  1795  4165 D ActivityManager: freezer override set to true
11-23 18:36:03.352  1795  4165 D ActivityManager: freezer override set to false
11-23 18:36:03.354  1011  1189 I ASH     : @ 107815.551: tcs3701: stop power rail pending_off timer
11-23 18:36:03.354  1011  1189 D ASH     : @ 107815.551: tcs3701: start power rail timer, state:3
11-23 18:36:03.395  1011  1189 I ASH     : @ 107815.591: tcs3701: stop power rail pending_off timer
11-23 18:36:03.395  1011  1189 D ASH     : @ 107815.591: tcs3701: start power rail timer, state:3
11-23 18:36:03.434  9398  9436 I BatteryMgr:DataCollectionService: stats => 1700760963434,12817,4449,9765,4169000,100
11-23 18:36:03.434  1011  1189 I ASH     : @ 107815.631: tcs3701: stop power rail pending_off timer
11-23 18:36:03.434  1011  1189 D ASH     : @ 107815.631: tcs3701: start power rail timer, state:3
11-23 18:36:03.474  1011  1189 I ASH     : @ 107815.671: tcs3701: stop power rail pending_off timer
11-23 18:36:03.474  1011  1189 D ASH     : @ 107815.671: tcs3701: start power rail timer, state:3
11-23 18:36:03.514  1011  1189 I ASH     : @ 107815.711: tcs3701: stop power rail pending_off timer
11-23 18:36:03.514  1011  1189 D ASH     : @ 107815.711: tcs3701: start power rail timer, state:3
11-23 18:36:03.525  1795  4165 D ActivityManager: freezer override set to true
11-23 18:36:03.529  1795  4165 D ActivityManager: freezer override set to false
11-23 18:36:03.540  9398  9436 I BatteryMgr:DataCollectionService: stats => 1700760963540,12817,4449,9765,4169000,100
11-23 18:36:03.554  1011  1189 I ASH     : @ 107815.751: tcs3701: stop power rail pending_off timer
11-23 18:36:03.554  1011  1189 D ASH     : @ 107815.751: tcs3701: start power rail timer, state:3
11-23 18:36:03.594  1011  1189 I ASH     : @ 107815.791: tcs3701: stop power rail pending_off timer
11-23 18:36:03.594  1011  1189 D ASH     : @ 107815.791: tcs3701: start power rail timer, state:3
11-23 18:36:03.634  1011  1189 I ASH     : @ 107815.831: tcs3701: stop power rail pending_off timer
11-23 18:36:03.634  1011  1189 D ASH     : @ 107815.831: tcs3701: start power rail timer, state:3
11-23 18:36:03.646  9398  9436 I BatteryMgr:DataCollectionService: stats => 1700760963646,12817,4449,9765,4169000,100
11-23 18:36:03.664  1795  2424 D WifiClientModeImpl[13802:wlan0]: updateLinkLayerStatsRssiSpeedFrequencyCapabilities rssi=-44 TxLinkspeed=866 freq=5240 RxLinkSpeed=866
11-23 18:36:03.664  1795  2424 D WifiDataStall: tx tput in kbps: 755212
11-23 18:36:03.664  1795  2424 D WifiDataStall: rx tput in kbps: 794960
11-23 18:36:03.665  1795  2424 V WifiConfigManager: Updating scan detail cache freq=5240 BSSID=f4:6d:2f:12:cc:88 RSSI=-43 for "ourhome"WPA_PSK
11-23 18:36:03.665  2782  5906 D QCNEJ/WlanStaInfoRelay: Received action: android.net.wifi.RSSI_CHANGED
11-23 18:36:03.665  1795  2424 D WifiChannelUtilization:  freq: 5240 onTime: 3136599 busyTime: 267630 onTimeDiff: 3136304 busyTimeDiff: 267613 utilization: 21 utilization t0: 21
11-23 18:36:03.665  1795  2424 D WifiDataStall:  ccaLevel = 21
11-23 18:36:03.665  1795  2424 D WifiDataStall: L2 txTputKbps: 755212, rxTputKbps: 794960, L3 txTputKbps: 0, rxTputKbps: 0, TxTrafficHigh: false, RxTrafficHigh: false, Throughput Sufficient: true
11-23 18:36:03.665  1795  2424 D WifiScoreReport: Wifi scoring disabled - Don't check IP layer
11-23 18:36:03.665  3213  8092 V WifiManager: OnWifiUsabilityStatsListener: onWifiUsabilityStats: seqNum=35579
11-23 18:36:03.665  1795  2424 D WifiScoreCard: BSSID update SIGNAL_POLL ID: 1320464697 SSID: "ourhome", BSSID: f4:6d:2f:12:cc:88, MAC: b2:2f:ec:da:4a:0c, IP: /192.168.1.104, Security type: 2, Supplicant state: COMPLETED, Wi-Fi standard: 5, RSSI: -44, Link speed: 866Mbps, Tx Link speed: 866Mbps, Max Supported Tx Link speed: 866Mbps, Rx Link speed: 866Mbps, Max Supported Rx Link speed: 866Mbps, Frequency: 5240MHz, Net ID: 12, Metered hint: false, score: 60, isUsable: true, CarrierMerged: false, SubscriptionId: -1, IsPrimary: 1, Trusted: true, Restricted: false, Ephemeral: false, OEM paid: false, OEM private: false, OSU AP: false, FQDN: <none>, Provider friendly name: <none>, Requesting package name: <none>"ourhome"wpa2-pskMLO Information: , Is TID-To-Link negotiation supported by the AP: false, AP MLD Address: <none>, AP MLO Link Id: <none>, AP MLO Affiliated links: <none>
11-23 18:36:03.665  1795  2424 D WifiScoreCard: txRate: 2 txSpeed: 866
11-23 18:36:03.665  1795  2424 D WifiScoreCard: network update SIGNAL_POLL "ourhome" ID: 1499892569 RSSI -44 txSpeed -1
11-23 18:36:03.665  2513  8969 V WifiManager: TrafficStateCallbackProxy: onStateChanged state=2
11-23 18:36:03.666  1795  2424 D WifiClientModeImpl[13802:wlan0]:  ClientModeImpl$L2ConnectedState screen=on 21 0 "ourhome" f4:6d:2f:12:cc:88 rssi=-44 f=5240 sc=60 link=866 tx=1.5, 0.0, 0.0 rx=1.0 bcn=1033597 [on:55 tx:1 rx:0 period:3011] from screen [on:87153 period:3341663] score=60
11-23 18:36:03.666  1795  4165 I WifiService: updateWifiUsabilityScore uid=10180 seqNum=35579 score=100 predictionHorizonSec=1441795
11-23 18:36:03.668  1795  2424 D WifiScoreReport: Wifi scoring disabled - Notify that Wifi is usable
11-23 18:36:03.670  1795  2432 D ConnectivityService: NetReassign [no changes] [c 0] [a 0] [i 1]
11-23 18:36:03.675  1011  1189 I ASH     : @ 107815.871: tcs3701: stop power rail pending_off timer
11-23 18:36:03.675  1011  1189 D ASH     : @ 107815.871: tcs3701: start power rail timer, state:3
11-23 18:36:03.714  1011  1189 I ASH     : @ 107815.911: tcs3701: stop power rail pending_off timer
11-23 18:36:03.714  1011  1189 D ASH     : @ 107815.911: tcs3701: start power rail timer, state:3
11-23 18:36:03.753  9398  9436 I BatteryMgr:DataCollectionService: stats => 1700760963753,12817,4449,9765,4169000,100
11-23 18:36:03.754  1011  1189 I ASH     : @ 107815.951: tcs3701: stop power rail pending_off timer
11-23 18:36:03.754  1011  1189 D ASH     : @ 107815.951: tcs3701: start power rail timer, state:3
11-23 18:36:03.794  1011  1189 I ASH     : @ 107815.991: tcs3701: stop power rail pending_off timer
11-23 18:36:03.794  1011  1189 D ASH     : @ 107815.991: tcs3701: start power rail timer, state:3
11-23 18:36:03.834  1011  1189 I ASH     : @ 107816.031: tcs3701: stop power rail pending_off timer
11-23 18:36:03.834  1011  1189 D ASH     : @ 107816.031: tcs3701: start power rail timer, state:3
11-23 18:36:03.859  9398  9436 I BatteryMgr:DataCollectionService: stats => 1700760963858,12817,4449,9765,4169000,100
11-23 18:36:03.875  1011  1189 I ASH     : @ 107816.071: tcs3701: stop power rail pending_off timer
11-23 18:36:03.875  1011  1189 D ASH     : @ 107816.071: tcs3701: start power rail timer, state:3
11-23 18:36:03.914  1011  1189 I ASH     : @ 107816.111: tcs3701: stop power rail pending_off timer
11-23 18:36:03.914  1011  1189 D ASH     : @ 107816.111: tcs3701: start power rail timer, state:3
11-23 18:36:03.954  1011  1189 I ASH     : @ 107816.151: tcs3701: stop power rail pending_off timer
11-23 18:36:03.954  1011  1189 D ASH     : @ 107816.151: tcs3701: start power rail timer, state:3
11-23 18:36:03.964  9398  9436 I BatteryMgr:DataCollectionService: stats => 1700760963963,12817,4449,9765,4169000,100
11-23 18:36:03.994  1011  1189 I ASH     : @ 107816.191: tcs3701: stop power rail pending_off timer
11-23 18:36:03.994  1011  1189 D ASH     : @ 107816.191: tcs3701: start power rail timer, state:3
11-23 18:36:04.034  1011  1189 I ASH     : @ 107816.231: tcs3701: stop power rail pending_off timer
11-23 18:36:04.034  1011  1189 D ASH     : @ 107816.231: tcs3701: start power rail timer, state:3
11-23 18:36:04.070  9398  9436 I BatteryMgr:DataCollectionService: stats => 1700760964069,12817,4449,9765,4169000,100
11-23 18:36:04.074  1011  1189 I ASH     : @ 107816.271: tcs3701: stop power rail pending_off timer
11-23 18:36:04.074  1011  1189 D ASH     : @ 107816.271: tcs3701: start power rail timer, state:3
11-23 18:36:04.114  1011  1189 I ASH     : @ 107816.311: tcs3701: stop power rail pending_off timer
11-23 18:36:04.114  1011  1189 D ASH     : @ 107816.311: tcs3701: start power rail timer, state:3
11-23 18:36:04.154  1011  1189 I ASH     : @ 107816.351: tcs3701: stop power rail pending_off timer
11-23 18:36:04.154  1011  1189 D ASH     : @ 107816.351: tcs3701: start power rail timer, state:3
11-23 18:36:04.175  9398  9436 I BatteryMgr:DataCollectionService: stats => 1700760964175,12817,4449,9765,4169000,100
11-23 18:36:04.194  1011  1189 I ASH     : @ 107816.391: tcs3701: stop power rail pending_off timer
11-23 18:36:04.194  1011  1189 D ASH     : @ 107816.391: tcs3701: start power rail timer, state:3
11-23 18:36:04.234  1011  1189 I ASH     : @ 107816.431: tcs3701: stop power rail pending_off timer
11-23 18:36:04.234  1011  1189 D ASH     : @ 107816.431: tcs3701: start power rail timer, state:3
11-23 18:36:04.274  1011  1189 I ASH     : @ 107816.471: tcs3701: stop power rail pending_off timer
11-23 18:36:04.274  1011  1189 D ASH     : @ 107816.471: tcs3701: start power rail timer, state:3
11-23 18:36:04.281  9398  9436 I BatteryMgr:DataCollectionService: stats => 1700760964280,12817,4449,9765,4169000,100
11-23 18:36:04.314  1011  1189 I ASH     : @ 107816.511: tcs3701: stop power rail pending_off timer
11-23 18:36:04.314  1011  1189 D ASH     : @ 107816.511: tcs3701: start power rail timer, state:3
11-23 18:36:04.354  1011  1189 I ASH     : @ 107816.551: tcs3701: stop power rail pending_off timer
11-23 18:36:04.354  1011  1189 D ASH     : @ 107816.551: tcs3701: start power rail timer, state:3
11-23 18:36:04.386  9398  9436 I BatteryMgr:DataCollectionService: stats => 1700760964386,12817,4449,9765,4169000,100
11-23 18:36:04.394  1011  1189 I ASH     : @ 107816.591: tcs3701: stop power rail pending_off timer
11-23 18:36:04.394  1011  1189 D ASH     : @ 107816.591: tcs3701: start power rail timer, state:3
11-23 18:36:04.434  1011  1189 I ASH     : @ 107816.631: tcs3701: stop power rail pending_off timer
11-23 18:36:04.434  1011  1189 D ASH     : @ 107816.631: tcs3701: start power rail timer, state:3
11-23 18:36:04.474  1011  1189 I ASH     : @ 107816.671: tcs3701: stop power rail pending_off timer
11-23 18:36:04.474  1011  1189 D ASH     : @ 107816.671: tcs3701: start power rail timer, state:3
11-23 18:36:04.494  9398  9436 I BatteryMgr:DataCollectionService: stats => 1700760964493,12817,4449,9765,4169000,100
11-23 18:36:04.503  1795  3057 D ActivityManager: freezer override set to true
11-23 18:36:04.514  1011  1189 I ASH     : @ 107816.711: tcs3701: stop power rail pending_off timer
11-23 18:36:04.514  1011  1189 D ASH     : @ 107816.711: tcs3701: start power rail timer, state:3
11-23 18:36:04.554  1011  1189 I ASH     : @ 107816.751: tcs3701: stop power rail pending_off timer
11-23 18:36:04.554  1011  1189 D ASH     : @ 107816.751: tcs3701: start power rail timer, state:3
11-23 18:36:04.594  1011  1189 I ASH     : @ 107816.791: tcs3701: stop power rail pending_off timer
11-23 18:36:04.595  1011  1189 D ASH     : @ 107816.791: tcs3701: start power rail timer, state:3
11-23 18:36:04.600  9398  9436 I BatteryMgr:DataCollectionService: stats => 1700760964599,12817,4449,9765,4169000,100
11-23 18:36:04.634  1011  1189 I ASH     : @ 107816.831: tcs3701: stop power rail pending_off timer
11-23 18:36:04.635  1011  1189 D ASH     : @ 107816.831: tcs3701: start power rail timer, state:3
11-23 18:36:04.674  1011  1189 I ASH     : @ 107816.871: tcs3701: stop power rail pending_off timer
11-23 18:36:04.674  1011  1189 D ASH     : @ 107816.871: tcs3701: start power rail timer, state:3
11-23 18:36:04.683  3934  3956 I m.chrome.canary: Explicit concurrent copying GC freed 3901(207KB) AllocSpace objects, 4(80KB) LOS objects, 75% free, 11MB/47MB, paused 71us,25us total 90.731ms
11-23 18:36:04.706  9398  9436 I BatteryMgr:DataCollectionService: stats => 1700760964706,12817,4449,9765,4169000,100
11-23 18:36:04.714  1011  1189 I ASH     : @ 107816.911: tcs3701: stop power rail pending_off timer
11-23 18:36:04.714  1011  1189 D ASH     : @ 107816.911: tcs3701: start power rail timer, state:3
11-23 18:36:04.734  1795  3057 D ActivityManager: freezer override set to false
11-23 18:36:04.754  1011  1189 I ASH     : @ 107816.951: tcs3701: stop power rail pending_off timer
11-23 18:36:04.754  1011  1189 D ASH     : @ 107816.951: tcs3701: start power rail timer, state:3
11-23 18:36:04.769  1795  3057 D ActivityManager: freezer override set to true
11-23 18:36:04.772  1795  3057 D ActivityManager: freezer override set to false
11-23 18:36:04.794  1011  1189 I ASH     : @ 107816.991: tcs3701: stop power rail pending_off timer
11-23 18:36:04.794  1011  1189 D ASH     : @ 107816.991: tcs3701: start power rail timer, state:3
11-23 18:36:04.812  9398  9436 I BatteryMgr:DataCollectionService: stats => 1700760964811,12817,4449,9765,4169000,100
11-23 18:36:04.834  1011  1189 I ASH     : @ 107817.031: tcs3701: stop power rail pending_off timer
11-23 18:36:04.834  1011  1189 D ASH     : @ 107817.031: tcs3701: start power rail timer, state:3
11-23 18:36:04.874  1011  1189 I ASH     : @ 107817.071: tcs3701: stop power rail pending_off timer
11-23 18:36:04.874  1011  1189 D ASH     : @ 107817.071: tcs3701: start power rail timer, state:3
11-23 18:36:04.914  1011  1189 I ASH     : @ 107817.111: tcs3701: stop power rail pending_off timer
11-23 18:36:04.914  1011  1189 D ASH     : @ 107817.111: tcs3701: start power rail timer, state:3
11-23 18:36:04.919  9398  9436 I BatteryMgr:DataCollectionService: stats => 1700760964919,12817,4449,9765,4169000,100
11-23 18:36:04.954  1011  1189 I ASH     : @ 107817.151: tcs3701: stop power rail pending_off timer
11-23 18:36:04.955  1011  1189 D ASH     : @ 107817.151: tcs3701: start power rail timer, state:3
11-23 18:36:04.994  1011  1189 I ASH     : @ 107817.191: tcs3701: stop power rail pending_off timer
11-23 18:36:04.994  1011  1189 D ASH     : @ 107817.191: tcs3701: start power rail timer, state:3
