11-23 18:53:02.528  1011  1189 I ASH     : @ 108834.724: tcs3701: stop power rail pending_off timer
11-23 18:53:02.528  1011  1189 D ASH     : @ 108834.724: tcs3701: start power rail timer, state:3
11-23 18:53:02.548  9398  9433 I BatteryMgr:DataCollectionService: stats => 1700761982547,13122,4449,9765,4169000,100
11-23 18:53:02.567  1011  1189 I ASH     : @ 108834.764: tcs3701: stop power rail pending_off timer
11-23 18:53:02.567  1011  1189 D ASH     : @ 108834.764: tcs3701: start power rail timer, state:3
11-23 18:53:02.607  1011  1189 I ASH     : @ 108834.804: tcs3701: stop power rail pending_off timer
11-23 18:53:02.607  1011  1189 D ASH     : @ 108834.804: tcs3701: start power rail timer, state:3
11-23 18:53:02.648  1011  1189 I ASH     : @ 108834.844: tcs3701: stop power rail pending_off timer
11-23 18:53:02.648  1011  1189 D ASH     : @ 108834.844: tcs3701: start power rail timer, state:3
11-23 18:53:02.656  9398  9433 I BatteryMgr:DataCollectionService: stats => 1700761982656,13122,4449,9765,4169000,100
11-23 18:53:02.687  1011  1189 I ASH     : @ 108834.884: tcs3701: stop power rail pending_off timer
11-23 18:53:02.688  1011  1189 D ASH     : @ 108834.884: tcs3701: start power rail timer, state:3
11-23 18:53:02.728  1011  1189 I ASH     : @ 108834.924: tcs3701: stop power rail pending_off timer
11-23 18:53:02.728  1011  1189 D ASH     : @ 108834.924: tcs3701: start power rail timer, state:3
11-23 18:53:02.763  9398  9433 I BatteryMgr:DataCollectionService: stats => 1700761982763,13122,4449,9765,4169000,100
11-23 18:53:02.767  1011  1189 I ASH     : @ 108834.964: tcs3701: stop power rail pending_off timer
11-23 18:53:02.768  1011  1189 D ASH     : @ 108834.964: tcs3701: start power rail timer, state:3
11-23 18:53:02.808  1011  1189 I ASH     : @ 108835.004: tcs3701: stop power rail pending_off timer
11-23 18:53:02.808  1011  1189 D ASH     : @ 108835.004: tcs3701: start power rail timer, state:3
11-23 18:53:02.848  1011  1189 I ASH     : @ 108835.044: tcs3701: stop power rail pending_off timer
11-23 18:53:02.850  1011  1189 D ASH     : @ 108835.044: tcs3701: start power rail timer, state:3
11-23 18:53:02.870  9398  9433 I BatteryMgr:DataCollectionService: stats => 1700761982870,13122,4449,9765,4169000,100
11-23 18:53:02.888  1011  1189 I ASH     : @ 108835.084: tcs3701: stop power rail pending_off timer
11-23 18:53:02.888  1011  1189 D ASH     : @ 108835.084: tcs3701: start power rail timer, state:3
11-23 18:53:02.928  1011  1189 I ASH     : @ 108835.124: tcs3701: stop power rail pending_off timer
11-23 18:53:02.928  1011  1189 D ASH     : @ 108835.124: tcs3701: start power rail timer, state:3
11-23 18:53:02.949  1795  4144 D ActivityManager: freezer override set to true
11-23 18:53:02.968  1011  1189 I ASH     : @ 108835.164: tcs3701: stop power rail pending_off timer
11-23 18:53:02.968  1011  1189 D ASH     : @ 108835.164: tcs3701: start power rail timer, state:3
11-23 18:53:02.977  9398  9433 I BatteryMgr:DataCollectionService: stats => 1700761982976,13122,4449,9765,4169000,100
11-23 18:53:03.001  1411  1514 D Diag_Lib: diag: In log_to_device, File count reached max file num 50 so deleting oldest file
11-23 18:53:03.003  1411  1514 D Diag_Lib: diag: In delete_log, Deleting logfile /data/vendor/radio/diag_logs/logs/diag_log_20231123_1805341700759134586.qmdl2 of size 5164 KB
11-23 18:53:03.004  1411  1514 D Diag_Lib:  creating new file /data/vendor/radio/diag_logs/logs/diag_log_20231123_1853031700761983004.qmdl2 
11-23 18:53:03.007  1011  1189 I ASH     : @ 108835.204: tcs3701: stop power rail pending_off timer
11-23 18:53:03.007  1011  1189 D ASH     : @ 108835.204: tcs3701: start power rail timer, state:3
11-23 18:53:03.048  1011  1189 I ASH     : @ 108835.244: tcs3701: stop power rail pending_off timer
11-23 18:53:03.048  1011  1189 D ASH     : @ 108835.244: tcs3701: start power rail timer, state:3
11-23 18:53:03.052  1795  2424 D WifiNetworkSelector: Current connected network: 12
11-23 18:53:03.052  1795  2424 V WifiConnectivityManager: No partial scan because firmware roaming is supported.
11-23 18:53:03.052  1795  2424 V WifiConnectivityManager: schedulePeriodicScanTimer intervalMs 20000
11-23 18:53:03.083 26096 26109 I m.chrome.canary: Explicit concurrent copying GC freed 3591(176KB) AllocSpace objects, 3(60KB) LOS objects, 75% free, 12MB/48MB, paused 31us,23us total 49.715ms
11-23 18:53:03.083  9398  9433 I BatteryMgr:DataCollectionService: stats => 1700761983083,13122,4449,9765,4169000,100
11-23 18:53:03.088  1011  1189 I ASH     : @ 108835.284: tcs3701: stop power rail pending_off timer
11-23 18:53:03.088  1011  1189 D ASH     : @ 108835.284: tcs3701: start power rail timer, state:3
11-23 18:53:03.128  1011  1189 I ASH     : @ 108835.324: tcs3701: stop power rail pending_off timer
11-23 18:53:03.128  1011  1189 D ASH     : @ 108835.324: tcs3701: start power rail timer, state:3
11-23 18:53:03.140  1795  4144 D ActivityManager: freezer override set to false
11-23 18:53:03.162  2113  2118 I pixel-thermal: skin-therm-monitor: 38.142
11-23 18:53:03.168  1011  1189 I ASH     : @ 108835.364: tcs3701: stop power rail pending_off timer
11-23 18:53:03.168  1011  1189 D ASH     : @ 108835.364: tcs3701: start power rail timer, state:3
11-23 18:53:03.191  9398  9433 I BatteryMgr:DataCollectionService: stats => 1700761983191,13122,4449,9765,4169000,100
11-23 18:53:03.204  1795  4144 D ActivityManager: freezer override set to true
11-23 18:53:03.207  1795  4144 D ActivityManager: freezer override set to false
11-23 18:53:03.207  1011  1189 I ASH     : @ 108835.404: tcs3701: stop power rail pending_off timer
11-23 18:53:03.207  1011  1189 D ASH     : @ 108835.404: tcs3701: start power rail timer, state:3
11-23 18:53:03.248  1011  1189 I ASH     : @ 108835.444: tcs3701: stop power rail pending_off timer
11-23 18:53:03.248  1011  1189 D ASH     : @ 108835.444: tcs3701: start power rail timer, state:3
11-23 18:53:03.288  1011  1189 I ASH     : @ 108835.484: tcs3701: stop power rail pending_off timer
11-23 18:53:03.288  1011  1189 D ASH     : @ 108835.484: tcs3701: start power rail timer, state:3
11-23 18:53:03.300  9398  9433 I BatteryMgr:DataCollectionService: stats => 1700761983300,13122,4449,9765,4169000,100
11-23 18:53:03.328  1011  1189 I ASH     : @ 108835.524: tcs3701: stop power rail pending_off timer
11-23 18:53:03.328  1011  1189 D ASH     : @ 108835.524: tcs3701: start power rail timer, state:3
11-23 18:53:03.367  1011  1189 I ASH     : @ 108835.564: tcs3701: stop power rail pending_off timer
11-23 18:53:03.367  1011  1189 D ASH     : @ 108835.564: tcs3701: start power rail timer, state:3
11-23 18:53:03.408  1011  1189 I ASH     : @ 108835.604: tcs3701: stop power rail pending_off timer
11-23 18:53:03.408  1011  1189 D ASH     : @ 108835.604: tcs3701: start power rail timer, state:3
11-23 18:53:03.409  9398  9433 I BatteryMgr:DataCollectionService: stats => 1700761983409,13122,4449,9765,4169000,100
11-23 18:53:03.428  1795  2424 D WifiClientModeImpl[13802:wlan0]: updateLinkLayerStatsRssiSpeedFrequencyCapabilities rssi=-48 TxLinkspeed=866 freq=5240 RxLinkSpeed=866
11-23 18:53:03.428  1795  2424 D WifiDataStall: tx tput in kbps: 755212
11-23 18:53:03.428  1795  2424 D WifiDataStall: rx tput in kbps: 794960
11-23 18:53:03.428  1795  2424 V WifiConfigManager: Updating scan detail cache freq=5240 BSSID=f4:6d:2f:12:cc:88 RSSI=-48 for "ourhome"WPA_PSK
11-23 18:53:03.429  3213  6173 V WifiManager: OnWifiUsabilityStatsListener: onWifiUsabilityStats: seqNum=35915
11-23 18:53:03.430  1795  4144 I WifiService: updateWifiUsabilityScore uid=10180 seqNum=35915 score=100 predictionHorizonSec=1441795
11-23 18:53:03.431  1795  2424 D WifiChannelUtilization:  freq: 5240 onTime: 3185219 busyTime: 271390 onTimeDiff: 3184924 busyTimeDiff: 271373 utilization: 21 utilization t0: 21
11-23 18:53:03.431  1795  2424 D WifiDataStall:  ccaLevel = 21
11-23 18:53:03.431  1795  2424 D WifiDataStall: L2 txTputKbps: 755212, rxTputKbps: 794960, L3 txTputKbps: 0, rxTputKbps: 0, TxTrafficHigh: false, RxTrafficHigh: false, Throughput Sufficient: true
11-23 18:53:03.431  1795  2424 D WifiScoreReport: Wifi scoring disabled - Don't check IP layer
11-23 18:53:03.431  1795  2424 D WifiScoreCard: BSSID update SIGNAL_POLL ID: 1320464697 SSID: "ourhome", BSSID: f4:6d:2f:12:cc:88, MAC: b2:2f:ec:da:4a:0c, IP: /192.168.1.104, Security type: 2, Supplicant state: COMPLETED, Wi-Fi standard: 5, RSSI: -48, Link speed: 866Mbps, Tx Link speed: 866Mbps, Max Supported Tx Link speed: 866Mbps, Rx Link speed: 866Mbps, Max Supported Rx Link speed: 866Mbps, Frequency: 5240MHz, Net ID: 12, Metered hint: false, score: 60, isUsable: true, CarrierMerged: false, SubscriptionId: -1, IsPrimary: 1, Trusted: true, Restricted: false, Ephemeral: false, OEM paid: false, OEM private: false, OSU AP: false, FQDN: <none>, Provider friendly name: <none>, Requesting package name: <none>"ourhome"wpa2-pskMLO Information: , Is TID-To-Link negotiation supported by the AP: false, AP MLD Address: <none>, AP MLO Link Id: <none>, AP MLO Affiliated links: <none>
11-23 18:53:03.431  1795  2424 D WifiScoreCard: txRate: 1 txSpeed: 866
11-23 18:53:03.431  1795  2424 D WifiScoreCard: network update SIGNAL_POLL "ourhome" ID: 1499892569 RSSI -48 txSpeed -1
11-23 18:53:03.432  2513 20462 V WifiManager: TrafficStateCallbackProxy: onStateChanged state=0
11-23 18:53:03.432  1795  2424 D WifiClientModeImpl[13802:wlan0]:  ClientModeImpl$L2ConnectedState screen=on 23 0 "ourhome" f4:6d:2f:12:cc:88 rssi=-48 f=5240 sc=60 link=866 tx=0.1, 0.0, 0.0 rx=0.1 bcn=1043531 [on:0 tx:0 rx:0 period:3014] from screen [on:3413 period:60369] score=60
11-23 18:53:03.432  1795  2424 D WifiScoreReport: Wifi scoring disabled - Notify that Wifi is usable
11-23 18:53:03.435  1795  2432 D ConnectivityService: NetReassign [no changes] [c 0] [a 1] [i 2]
11-23 18:53:03.448  1011  1189 I ASH     : @ 108835.644: tcs3701: stop power rail pending_off timer
11-23 18:53:03.448  1011  1189 D ASH     : @ 108835.644: tcs3701: start power rail timer, state:3
11-23 18:53:03.459  1795  4167 D ActivityManager: freezer override set to true
11-23 18:53:03.465  1795  4167 D ActivityManager: freezer override set to false
11-23 18:53:03.488  1011  1189 I ASH     : @ 108835.684: tcs3701: stop power rail pending_off timer
11-23 18:53:03.488  1011  1189 D ASH     : @ 108835.684: tcs3701: start power rail timer, state:3
11-23 18:53:03.516  9398  9433 I BatteryMgr:DataCollectionService: stats => 1700761983516,13122,4449,9765,4169000,100
11-23 18:53:03.527  1011  1189 I ASH     : @ 108835.724: tcs3701: stop power rail pending_off timer
11-23 18:53:03.529  1011  1189 D ASH     : @ 108835.724: tcs3701: start power rail timer, state:3
11-23 18:53:03.567  1011  1189 I ASH     : @ 108835.764: tcs3701: stop power rail pending_off timer
11-23 18:53:03.567  1011  1189 D ASH     : @ 108835.764: tcs3701: start power rail timer, state:3
11-23 18:53:03.607  1011  1189 I ASH     : @ 108835.804: tcs3701: stop power rail pending_off timer
11-23 18:53:03.607  1011  1189 D ASH     : @ 108835.804: tcs3701: start power rail timer, state:3
11-23 18:53:03.623  9398  9433 I BatteryMgr:DataCollectionService: stats => 1700761983623,13122,4449,9765,4169000,100
11-23 18:53:03.648  1011  1189 I ASH     : @ 108835.844: tcs3701: stop power rail pending_off timer
11-23 18:53:03.648  1011  1189 D ASH     : @ 108835.844: tcs3701: start power rail timer, state:3
11-23 18:53:03.687  1011  1189 I ASH     : @ 108835.884: tcs3701: stop power rail pending_off timer
11-23 18:53:03.687  1011  1189 D ASH     : @ 108835.884: tcs3701: start power rail timer, state:3
11-23 18:53:03.728  9398  9433 I BatteryMgr:DataCollectionService: stats => 1700761983727,13122,4449,9765,4169000,100
11-23 18:53:03.728  1011  1189 I ASH     : @ 108835.924: tcs3701: stop power rail pending_off timer
11-23 18:53:03.728  1011  1189 D ASH     : @ 108835.924: tcs3701: start power rail timer, state:3
11-23 18:53:03.768  1011  1189 I ASH     : @ 108835.964: tcs3701: stop power rail pending_off timer
11-23 18:53:03.768  1011  1189 D ASH     : @ 108835.964: tcs3701: start power rail timer, state:3
11-23 18:53:03.807  1011  1189 I ASH     : @ 108836.004: tcs3701: stop power rail pending_off timer
11-23 18:53:03.808  1011  1189 D ASH     : @ 108836.004: tcs3701: start power rail timer, state:3
11-23 18:53:03.833  9398  9433 I BatteryMgr:DataCollectionService: stats => 1700761983833,13122,4449,9765,4169000,100
11-23 18:53:03.848  1011  1189 I ASH     : @ 108836.044: tcs3701: stop power rail pending_off timer
11-23 18:53:03.848  1011  1189 D ASH     : @ 108836.044: tcs3701: start power rail timer, state:3
11-23 18:53:03.888  1011  1189 I ASH     : @ 108836.084: tcs3701: stop power rail pending_off timer
11-23 18:53:03.888  1011  1189 D ASH     : @ 108836.084: tcs3701: start power rail timer, state:3
11-23 18:53:03.928  1011  1189 I ASH     : @ 108836.124: tcs3701: stop power rail pending_off timer
11-23 18:53:03.928  1011  1189 D ASH     : @ 108836.124: tcs3701: start power rail timer, state:3
11-23 18:53:03.939  9398  9433 I BatteryMgr:DataCollectionService: stats => 1700761983938,13122,4449,9765,4169000,100
11-23 18:53:03.968  1011  1189 I ASH     : @ 108836.164: tcs3701: stop power rail pending_off timer
11-23 18:53:03.968  1011  1189 D ASH     : @ 108836.164: tcs3701: start power rail timer, state:3
11-23 18:53:04.008  1011  1189 I ASH     : @ 108836.204: tcs3701: stop power rail pending_off timer
11-23 18:53:04.008  1011  1189 D ASH     : @ 108836.204: tcs3701: start power rail timer, state:3
11-23 18:53:04.045  9398  9433 I BatteryMgr:DataCollectionService: stats => 1700761984045,13122,4449,9765,4169000,100
11-23 18:53:04.048  1011  1189 I ASH     : @ 108836.244: tcs3701: stop power rail pending_off timer
11-23 18:53:04.049  1011  1189 D ASH     : @ 108836.244: tcs3701: start power rail timer, state:3
11-23 18:53:04.087  1011  1189 I ASH     : @ 108836.284: tcs3701: stop power rail pending_off timer
11-23 18:53:04.087  1011  1189 D ASH     : @ 108836.284: tcs3701: start power rail timer, state:3
11-23 18:53:04.127  1011  1189 I ASH     : @ 108836.324: tcs3701: stop power rail pending_off timer
11-23 18:53:04.128  1011  1189 D ASH     : @ 108836.324: tcs3701: start power rail timer, state:3
11-23 18:53:04.150  9398  9433 I BatteryMgr:DataCollectionService: stats => 1700761984149,13122,4449,9765,4169000,100
11-23 18:53:04.168  1011  1189 I ASH     : @ 108836.364: tcs3701: stop power rail pending_off timer
11-23 18:53:04.168  1011  1189 D ASH     : @ 108836.364: tcs3701: start power rail timer, state:3
11-23 18:53:04.207  1011  1189 I ASH     : @ 108836.404: tcs3701: stop power rail pending_off timer
11-23 18:53:04.208  1011  1189 D ASH     : @ 108836.404: tcs3701: start power rail timer, state:3
11-23 18:53:04.247  1011  1189 I ASH     : @ 108836.444: tcs3701: stop power rail pending_off timer
11-23 18:53:04.247  1011  1189 D ASH     : @ 108836.444: tcs3701: start power rail timer, state:3
11-23 18:53:04.254  9398  9433 I BatteryMgr:DataCollectionService: stats => 1700761984254,13122,4449,9765,4169000,100
11-23 18:53:04.287  1011  1189 I ASH     : @ 108836.484: tcs3701: stop power rail pending_off timer
11-23 18:53:04.287  1011  1189 D ASH     : @ 108836.484: tcs3701: start power rail timer, state:3
11-23 18:53:04.328  1011  1189 I ASH     : @ 108836.524: tcs3701: stop power rail pending_off timer
11-23 18:53:04.328  1011  1189 D ASH     : @ 108836.524: tcs3701: start power rail timer, state:3
11-23 18:53:04.360  9398  9433 I BatteryMgr:DataCollectionService: stats => 1700761984360,13122,4449,9765,4169000,100
11-23 18:53:04.366  1795  4167 D ActivityManager: freezer override set to true
11-23 18:53:04.367  1011  1189 I ASH     : @ 108836.564: tcs3701: stop power rail pending_off timer
11-23 18:53:04.367  1011  1189 D ASH     : @ 108836.564: tcs3701: start power rail timer, state:3
11-23 18:53:04.407  1011  1189 I ASH     : @ 108836.604: tcs3701: stop power rail pending_off timer
11-23 18:53:04.409  1011  1189 D ASH     : @ 108836.604: tcs3701: start power rail timer, state:3
11-23 18:53:04.448  1011  1189 I ASH     : @ 108836.644: tcs3701: stop power rail pending_off timer
11-23 18:53:04.448  1011  1189 D ASH     : @ 108836.644: tcs3701: start power rail timer, state:3
11-23 18:53:04.466  9398  9433 I BatteryMgr:DataCollectionService: stats => 1700761984466,13122,4449,9765,4169000,100
11-23 18:53:04.487  1011  1189 I ASH     : @ 108836.684: tcs3701: stop power rail pending_off timer
11-23 18:53:04.487  1011  1189 D ASH     : @ 108836.684: tcs3701: start power rail timer, state:3
11-23 18:53:04.527  1011  1189 I ASH     : @ 108836.724: tcs3701: stop power rail pending_off timer
11-23 18:53:04.527  1011  1189 D ASH     : @ 108836.724: tcs3701: start power rail timer, state:3
11-23 18:53:04.565 26096 26109 I m.chrome.canary: Explicit concurrent copying GC freed 3576(176KB) AllocSpace objects, 3(60KB) LOS objects, 75% free, 12MB/48MB, paused 70us,48us total 129.540ms
11-23 18:53:04.567  1011  1189 I ASH     : @ 108836.764: tcs3701: stop power rail pending_off timer
11-23 18:53:04.567  1011  1189 D ASH     : @ 108836.764: tcs3701: start power rail timer, state:3
11-23 18:53:04.571  9398  9433 I BatteryMgr:DataCollectionService: stats => 1700761984571,13122,4449,9765,4169000,100
11-23 18:53:04.608  1011  1189 I ASH     : @ 108836.804: tcs3701: stop power rail pending_off timer
11-23 18:53:04.608  1011  1189 D ASH     : @ 108836.804: tcs3701: start power rail timer, state:3
11-23 18:53:04.620  1795  4144 D ActivityManager: freezer override set to false
11-23 18:53:04.648  1011  1189 I ASH     : @ 108836.844: tcs3701: stop power rail pending_off timer
11-23 18:53:04.648  1011  1189 D ASH     : @ 108836.844: tcs3701: start power rail timer, state:3
11-23 18:53:04.670  1795  4144 D ActivityManager: freezer override set to true
11-23 18:53:04.673  1795  4144 D ActivityManager: freezer override set to false
11-23 18:53:04.677  9398  9433 I BatteryMgr:DataCollectionService: stats => 1700761984677,13122,4449,9765,4169000,100
11-23 18:53:04.687  1011  1189 I ASH     : @ 108836.884: tcs3701: stop power rail pending_off timer
11-23 18:53:04.687  1011  1189 D ASH     : @ 108836.884: tcs3701: start power rail timer, state:3
11-23 18:53:04.728  1011  1189 I ASH     : @ 108836.924: tcs3701: stop power rail pending_off timer
11-23 18:53:04.728  1011  1189 D ASH     : @ 108836.924: tcs3701: start power rail timer, state:3
11-23 18:53:04.768  1011  1189 I ASH     : @ 108836.964: tcs3701: stop power rail pending_off timer
11-23 18:53:04.768  1011  1189 D ASH     : @ 108836.964: tcs3701: start power rail timer, state:3
11-23 18:53:04.782  9398  9433 I BatteryMgr:DataCollectionService: stats => 1700761984782,13122,4449,9765,4169000,100
11-23 18:53:04.807  1011  1189 I ASH     : @ 108837.004: tcs3701: stop power rail pending_off timer
11-23 18:53:04.807  1011  1189 D ASH     : @ 108837.004: tcs3701: start power rail timer, state:3
11-23 18:53:04.848  1011  1189 I ASH     : @ 108837.044: tcs3701: stop power rail pending_off timer
11-23 18:53:04.848  1011  1189 D ASH     : @ 108837.044: tcs3701: start power rail timer, state:3
11-23 18:53:04.887  1011  1189 I ASH     : @ 108837.084: tcs3701: stop power rail pending_off timer
11-23 18:53:04.888  9398  9433 I BatteryMgr:DataCollectionService: stats => 1700761984887,13122,4449,9765,4169000,100
11-23 18:53:04.888  1011  1189 D ASH     : @ 108837.084: tcs3701: start power rail timer, state:3
11-23 18:53:04.927  1011  1189 I ASH     : @ 108837.124: tcs3701: stop power rail pending_off timer
11-23 18:53:04.927  1011  1189 D ASH     : @ 108837.124: tcs3701: start power rail timer, state:3
11-23 18:53:04.967  1011  1189 I ASH     : @ 108837.164: tcs3701: stop power rail pending_off timer
11-23 18:53:04.967  1011  1189 D ASH     : @ 108837.164: tcs3701: start power rail timer, state:3
11-23 18:53:04.993  9398  9433 I BatteryMgr:DataCollectionService: stats => 1700761984993,13122,4449,9765,4169000,100
11-23 18:53:05.007  1011  1189 I ASH     : @ 108837.204: tcs3701: stop power rail pending_off timer
11-23 18:53:05.007  1011  1189 D ASH     : @ 108837.204: tcs3701: start power rail timer, state:3
11-23 18:53:05.048  1011  1189 I ASH     : @ 108837.244: tcs3701: stop power rail pending_off timer
11-23 18:53:05.048  1011  1189 D ASH     : @ 108837.244: tcs3701: start power rail timer, state:3
11-23 18:53:05.087  1011  1189 I ASH     : @ 108837.284: tcs3701: stop power rail pending_off timer
11-23 18:53:05.088  1011  1189 D ASH     : @ 108837.284: tcs3701: start power rail timer, state:3
11-23 18:53:05.098  9398  9433 I BatteryMgr:DataCollectionService: stats => 1700761985098,13122,4449,9765,4169000,100
11-23 18:53:05.127  1011  1189 I ASH     : @ 108837.324: tcs3701: stop power rail pending_off timer
11-23 18:53:05.127  1011  1189 D ASH     : @ 108837.324: tcs3701: start power rail timer, state:3
11-23 18:53:05.165  2113  2118 I pixel-thermal: skin-therm-monitor: 38.163
11-23 18:53:05.168  1011  1189 I ASH     : @ 108837.364: tcs3701: stop power rail pending_off timer
11-23 18:53:05.168  1011  1189 D ASH     : @ 108837.364: tcs3701: start power rail timer, state:3
11-23 18:53:05.205  9398  9433 I BatteryMgr:DataCollectionService: stats => 1700761985205,13122,4449,9765,4169000,100
11-23 18:53:05.208  1011  1189 I ASH     : @ 108837.404: tcs3701: stop power rail pending_off timer
11-23 18:53:05.208  1011  1189 D ASH     : @ 108837.404: tcs3701: start power rail timer, state:3
11-23 18:53:05.247  1011  1189 I ASH     : @ 108837.444: tcs3701: stop power rail pending_off timer
11-23 18:53:05.249  1011  1189 D ASH     : @ 108837.444: tcs3701: start power rail timer, state:3
11-23 18:53:05.288  1011  1189 I ASH     : @ 108837.484: tcs3701: stop power rail pending_off timer
11-23 18:53:05.288  1011  1189 D ASH     : @ 108837.484: tcs3701: start power rail timer, state:3
11-23 18:53:05.311  9398  9433 I BatteryMgr:DataCollectionService: stats => 1700761985311,13122,4449,9765,4169000,100
11-23 18:53:05.328  1011  1189 I ASH     : @ 108837.524: tcs3701: stop power rail pending_off timer
11-23 18:53:05.328  1011  1189 D ASH     : @ 108837.524: tcs3701: start power rail timer, state:3
11-23 18:53:05.369  1011  1189 I ASH     : @ 108837.564: tcs3701: stop power rail pending_off timer
11-23 18:53:05.369  1011  1189 D ASH     : @ 108837.564: tcs3701: start power rail timer, state:3
11-23 18:53:05.407  1011  1189 I ASH     : @ 108837.604: tcs3701: stop power rail pending_off timer
11-23 18:53:05.408  1011  1189 D ASH     : @ 108837.604: tcs3701: start power rail timer, state:3
11-23 18:53:05.418  9398  9433 I BatteryMgr:DataCollectionService: stats => 1700761985418,13122,4449,9765,4169000,100
11-23 18:53:05.447  1011  1189 I ASH     : @ 108837.644: tcs3701: stop power rail pending_off timer
11-23 18:53:05.448  1011  1189 D ASH     : @ 108837.644: tcs3701: start power rail timer, state:3
11-23 18:53:05.449  1795  4144 D ActivityManager: freezer override set to true
11-23 18:53:05.454  1795  4144 D ActivityManager: freezer override set to false
11-23 18:53:05.488  1011  1189 I ASH     : @ 108837.684: tcs3701: stop power rail pending_off timer
11-23 18:53:05.488  1011  1189 D ASH     : @ 108837.684: tcs3701: start power rail timer, state:3
11-23 18:53:05.524  9398  9433 I BatteryMgr:DataCollectionService: stats => 1700761985524,13122,4449,9765,4169000,100
11-23 18:53:05.528  1011  1189 I ASH     : @ 108837.724: tcs3701: stop power rail pending_off timer
11-23 18:53:05.528  1011  1189 D ASH     : @ 108837.724: tcs3701: start power rail timer, state:3
11-23 18:53:05.568  1011  1189 I ASH     : @ 108837.764: tcs3701: stop power rail pending_off timer
11-23 18:53:05.568  1011  1189 D ASH     : @ 108837.764: tcs3701: start power rail timer, state:3
11-23 18:53:05.608  1011  1189 I ASH     : @ 108837.804: tcs3701: stop power rail pending_off timer
11-23 18:53:05.608  1011  1189 D ASH     : @ 108837.804: tcs3701: start power rail timer, state:3
11-23 18:53:05.632  9398  9433 I BatteryMgr:DataCollectionService: stats => 1700761985631,13122,4449,9765,4169000,100
11-23 18:53:05.647  1011  1189 I ASH     : @ 108837.844: tcs3701: stop power rail pending_off timer
11-23 18:53:05.647  1011  1189 D ASH     : @ 108837.844: tcs3701: start power rail timer, state:3
11-23 18:53:05.688  1011  1189 I ASH     : @ 108837.884: tcs3701: stop power rail pending_off timer
11-23 18:53:05.690  1011  1189 D ASH     : @ 108837.884: tcs3701: start power rail timer, state:3
11-23 18:53:05.728  1011  1189 I ASH     : @ 108837.924: tcs3701: stop power rail pending_off timer
11-23 18:53:05.728  1011  1189 D ASH     : @ 108837.924: tcs3701: start power rail timer, state:3
11-23 18:53:05.741  9398  9433 I BatteryMgr:DataCollectionService: stats => 1700761985741,13122,4449,9765,4169000,100
11-23 18:53:05.768  1011  1189 I ASH     : @ 108837.964: tcs3701: stop power rail pending_off timer
11-23 18:53:05.768  1011  1189 D ASH     : @ 108837.964: tcs3701: start power rail timer, state:3
11-23 18:53:05.808  1011  1189 I ASH     : @ 108838.004: tcs3701: stop power rail pending_off timer
11-23 18:53:05.808  1011  1189 D ASH     : @ 108838.004: tcs3701: start power rail timer, state:3
11-23 18:53:05.839  1795  4144 D ActivityManager: freezer override set to true
11-23 18:53:05.847  9398  9433 I BatteryMgr:DataCollectionService: stats => 1700761985847,13122,4449,9765,4169000,100
11-23 18:53:05.847  1011  1189 I ASH     : @ 108838.044: tcs3701: stop power rail pending_off timer
11-23 18:53:05.847  1011  1189 D ASH     : @ 108838.044: tcs3701: start power rail timer, state:3
11-23 18:53:05.887  1011  1189 I ASH     : @ 108838.084: tcs3701: stop power rail pending_off timer
11-23 18:53:05.887  1011  1189 D ASH     : @ 108838.084: tcs3701: start power rail timer, state:3
11-23 18:53:05.928  1011  1189 I ASH     : @ 108838.124: tcs3701: stop power rail pending_off timer
11-23 18:53:05.928  1011  1189 D ASH     : @ 108838.124: tcs3701: start power rail timer, state:3
11-23 18:53:05.952  9398  9433 I BatteryMgr:DataCollectionService: stats => 1700761985952,13122,4449,9765,4169000,100
11-23 18:53:05.968  1011  1189 I ASH     : @ 108838.164: tcs3701: stop power rail pending_off timer
11-23 18:53:05.968  1011  1189 D ASH     : @ 108838.164: tcs3701: start power rail timer, state:3
11-23 18:53:06.000 26096 26109 I m.chrome.canary: Explicit concurrent copying GC freed 3810(191KB) AllocSpace objects, 4(80KB) LOS objects, 75% free, 12MB/48MB, paused 34us,58us total 45.961ms
11-23 18:53:06.007  1011  1189 I ASH     : @ 108838.204: tcs3701: stop power rail pending_off timer
11-23 18:53:06.007  1011  1189 D ASH     : @ 108838.204: tcs3701: start power rail timer, state:3
11-23 18:53:06.047  1011  1189 I ASH     : @ 108838.244: tcs3701: stop power rail pending_off timer
11-23 18:53:06.047  1011  1189 D ASH     : @ 108838.244: tcs3701: start power rail timer, state:3
11-23 18:53:06.058  9398  9433 I BatteryMgr:DataCollectionService: stats => 1700761986058,13122,4449,9765,4169000,100
11-23 18:53:06.059  1795  4144 D ActivityManager: freezer override set to false
11-23 18:53:06.088  1011  1189 I ASH     : @ 108838.284: tcs3701: stop power rail pending_off timer
11-23 18:53:06.088  1011  1189 D ASH     : @ 108838.284: tcs3701: start power rail timer, state:3
11-23 18:53:06.101  1795  4144 D ActivityManager: freezer override set to true
11-23 18:53:06.105  1795  4144 D ActivityManager: freezer override set to false
11-23 18:53:06.128  1011  1189 I ASH     : @ 108838.324: tcs3701: stop power rail pending_off timer
11-23 18:53:06.128  1011  1189 D ASH     : @ 108838.324: tcs3701: start power rail timer, state:3
11-23 18:53:06.163  9398  9433 I BatteryMgr:DataCollectionService: stats => 1700761986163,13122,4449,9765,4169000,100
11-23 18:53:06.168  1011  1189 I ASH     : @ 108838.364: tcs3701: stop power rail pending_off timer
11-23 18:53:06.168  1011  1189 D ASH     : @ 108838.364: tcs3701: start power rail timer, state:3
11-23 18:53:06.207  1011  1189 I ASH     : @ 108838.404: tcs3701: stop power rail pending_off timer
11-23 18:53:06.207  1011  1189 D ASH     : @ 108838.404: tcs3701: start power rail timer, state:3
11-23 18:53:06.248  1011  1189 I ASH     : @ 108838.444: tcs3701: stop power rail pending_off timer
11-23 18:53:06.248  1011  1189 D ASH     : @ 108838.444: tcs3701: start power rail timer, state:3
11-23 18:53:06.269  9398  9433 I BatteryMgr:DataCollectionService: stats => 1700761986269,13122,4449,9765,4169000,100
11-23 18:53:06.288  1011  1189 I ASH     : @ 108838.484: tcs3701: stop power rail pending_off timer
11-23 18:53:06.288  1011  1189 D ASH     : @ 108838.484: tcs3701: start power rail timer, state:3
11-23 18:53:06.328  1011  1189 I ASH     : @ 108838.524: tcs3701: stop power rail pending_off timer
11-23 18:53:06.328  1011  1189 D ASH     : @ 108838.524: tcs3701: start power rail timer, state:3
11-23 18:53:06.367  1011  1189 I ASH     : @ 108838.564: tcs3701: stop power rail pending_off timer
11-23 18:53:06.367  1011  1189 D ASH     : @ 108838.564: tcs3701: start power rail timer, state:3
11-23 18:53:06.374  9398  9433 I BatteryMgr:DataCollectionService: stats => 1700761986374,13122,4449,9765,4169000,100
11-23 18:53:06.408  1011  1189 I ASH     : @ 108838.604: tcs3701: stop power rail pending_off timer
11-23 18:53:06.408  1011  1189 D ASH     : @ 108838.604: tcs3701: start power rail timer, state:3
11-23 18:53:06.444  1795  2424 D WifiClientModeImpl[13802:wlan0]: updateLinkLayerStatsRssiSpeedFrequencyCapabilities rssi=-48 TxLinkspeed=866 freq=5240 RxLinkSpeed=866
11-23 18:53:06.444  1795  2424 D WifiDataStall: tx tput in kbps: 755212
11-23 18:53:06.444  1795  2424 D WifiDataStall: rx tput in kbps: 794960
11-23 18:53:06.444  1795  2424 V WifiConfigManager: Updating scan detail cache freq=5240 BSSID=f4:6d:2f:12:cc:88 RSSI=-48 for "ourhome"WPA_PSK
11-23 18:53:06.444  1795  2424 D WifiChannelUtilization:  freq: 5240 onTime: 3185219 busyTime: 271390 onTimeDiff: 3184924 busyTimeDiff: 271373 utilization: 21 utilization t0: 21
11-23 18:53:06.444  1795  2424 D WifiDataStall:  ccaLevel = 21
11-23 18:53:06.444  1795  2424 D WifiDataStall: L2 txTputKbps: 755212, rxTputKbps: 794960, L3 txTputKbps: 0, rxTputKbps: 0, TxTrafficHigh: false, RxTrafficHigh: false, Throughput Sufficient: true
11-23 18:53:06.445  1795  2424 D WifiScoreReport: Wifi scoring disabled - Don't check IP layer
11-23 18:53:06.445  1795  2424 D WifiScoreCard: BSSID update SIGNAL_POLL ID: 1320464697 SSID: "ourhome", BSSID: f4:6d:2f:12:cc:88, MAC: b2:2f:ec:da:4a:0c, IP: /192.168.1.104, Security type: 2, Supplicant state: COMPLETED, Wi-Fi standard: 5, RSSI: -48, Link speed: 866Mbps, Tx Link speed: 866Mbps, Max Supported Tx Link speed: 866Mbps, Rx Link speed: 866Mbps, Max Supported Rx Link speed: 866Mbps, Frequency: 5240MHz, Net ID: 12, Metered hint: false, score: 60, isUsable: true, CarrierMerged: false, SubscriptionId: -1, IsPrimary: 1, Trusted: true, Restricted: false, Ephemeral: false, OEM paid: false, OEM private: false, OSU AP: false, FQDN: <none>, Provider friendly name: <none>, Requesting package name: <none>"ourhome"wpa2-pskMLO Information: , Is TID-To-Link negotiation supported by the AP: false, AP MLD Address: <none>, AP MLO Link Id: <none>, AP MLO Affiliated links: <none>
11-23 18:53:06.445  1795  2424 D WifiScoreCard: txRate: 1 txSpeed: 866
11-23 18:53:06.445  1795  2424 D WifiScoreCard: network update SIGNAL_POLL "ourhome" ID: 1499892569 RSSI -48 txSpeed -1
11-23 18:53:06.445  1795  2424 D WifiClientModeImpl[13802:wlan0]:  ClientModeImpl$L2ConnectedState screen=on 23 0 "ourhome" f4:6d:2f:12:cc:88 rssi=-48 f=5240 sc=60 link=866 tx=0.0, 0.0, 0.0 rx=0.0 bcn=1043561 [on:0 tx:0 rx:0 period:3013] from screen [on:3413 period:63382] score=60
11-23 18:53:06.445  3213  6173 V WifiManager: OnWifiUsabilityStatsListener: onWifiUsabilityStats: seqNum=35916
11-23 18:53:06.446  1795  4144 I WifiService: updateWifiUsabilityScore uid=10180 seqNum=35916 score=100 predictionHorizonSec=1441795
11-23 18:53:06.446  1795  2424 D WifiScoreReport: Wifi scoring disabled - Notify that Wifi is usable
11-23 18:53:06.449  1011  1189 I ASH     : @ 108838.644: tcs3701: stop power rail pending_off timer
11-23 18:53:06.449  1011  1189 D ASH     : @ 108838.644: tcs3701: start power rail timer, state:3
11-23 18:53:06.449  1795  2432 D ConnectivityService: NetReassign [no changes] [c 1] [a 0] [i 1]
11-23 18:53:06.462  1795  4144 D ActivityManager: freezer override set to true
11-23 18:53:06.465  1795  4144 D ActivityManager: freezer override set to false
11-23 18:53:06.479  9398  9433 I BatteryMgr:DataCollectionService: stats => 1700761986479,13122,4449,9765,4169000,100
11-23 18:53:06.488  1011  1189 I ASH     : @ 108838.684: tcs3701: stop power rail pending_off timer
11-23 18:53:06.488  1011  1189 D ASH     : @ 108838.684: tcs3701: start power rail timer, state:3
11-23 18:53:06.528  1011  1189 I ASH     : @ 108838.724: tcs3701: stop power rail pending_off timer
11-23 18:53:06.528  1011  1189 D ASH     : @ 108838.724: tcs3701: start power rail timer, state:3
11-23 18:53:06.567  1011  1189 I ASH     : @ 108838.764: tcs3701: stop power rail pending_off timer
11-23 18:53:06.569  1011  1189 D ASH     : @ 108838.764: tcs3701: start power rail timer, state:3
11-23 18:53:06.585  9398  9433 I BatteryMgr:DataCollectionService: stats => 1700761986585,13122,4449,9765,4169000,100
11-23 18:53:06.607  1011  1189 I ASH     : @ 108838.804: tcs3701: stop power rail pending_off timer
11-23 18:53:06.607  1011  1189 D ASH     : @ 108838.804: tcs3701: start power rail timer, state:3
11-23 18:53:06.647  1011  1189 I ASH     : @ 108838.844: tcs3701: stop power rail pending_off timer
11-23 18:53:06.647  1011  1189 D ASH     : @ 108838.844: tcs3701: start power rail timer, state:3
11-23 18:53:06.687  1011  1189 I ASH     : @ 108838.884: tcs3701: stop power rail pending_off timer
11-23 18:53:06.687  1011  1189 D ASH     : @ 108838.884: tcs3701: start power rail timer, state:3
11-23 18:53:06.690  9398  9433 I BatteryMgr:DataCollectionService: stats => 1700761986690,13122,4449,9765,4169000,100
11-23 18:53:06.728  1011  1189 I ASH     : @ 108838.924: tcs3701: stop power rail pending_off timer
11-23 18:53:06.728  1011  1189 D ASH     : @ 108838.924: tcs3701: start power rail timer, state:3
11-23 18:53:06.767  1011  1189 I ASH     : @ 108838.964: tcs3701: stop power rail pending_off timer
11-23 18:53:06.768  1011  1189 D ASH     : @ 108838.964: tcs3701: start power rail timer, state:3
11-23 18:53:06.795  9398  9433 I BatteryMgr:DataCollectionService: stats => 1700761986795,13122,4449,9765,4169000,100
11-23 18:53:06.808  1011  1189 I ASH     : @ 108839.004: tcs3701: stop power rail pending_off timer
11-23 18:53:06.808  1011  1189 D ASH     : @ 108839.004: tcs3701: start power rail timer, state:3
11-23 18:53:06.847  1011  1189 I ASH     : @ 108839.044: tcs3701: stop power rail pending_off timer
11-23 18:53:06.847  1011  1189 D ASH     : @ 108839.044: tcs3701: start power rail timer, state:3
11-23 18:53:06.888  1011  1189 I ASH     : @ 108839.084: tcs3701: stop power rail pending_off timer
11-23 18:53:06.888  1011  1189 D ASH     : @ 108839.084: tcs3701: start power rail timer, state:3
11-23 18:53:06.900  9398  9433 I BatteryMgr:DataCollectionService: stats => 1700761986900,13122,4449,9765,4169000,100
11-23 18:53:06.928  1011  1189 I ASH     : @ 108839.124: tcs3701: stop power rail pending_off timer
11-23 18:53:06.928  1011  1189 D ASH     : @ 108839.124: tcs3701: start power rail timer, state:3
11-23 18:53:06.968  1011  1189 I ASH     : @ 108839.164: tcs3701: stop power rail pending_off timer
11-23 18:53:06.968  1011  1189 D ASH     : @ 108839.164: tcs3701: start power rail timer, state:3
11-23 18:53:07.005  9398  9433 I BatteryMgr:DataCollectionService: stats => 1700761987005,13122,4449,9765,4169000,100
11-23 18:53:07.007  1011  1189 I ASH     : @ 108839.204: tcs3701: stop power rail pending_off timer
11-23 18:53:07.007  1011  1189 D ASH     : @ 108839.204: tcs3701: start power rail timer, state:3
11-23 18:53:07.047  1011  1189 I ASH     : @ 108839.244: tcs3701: stop power rail pending_off timer
11-23 18:53:07.047  1011  1189 D ASH     : @ 108839.244: tcs3701: start power rail timer, state:3
11-23 18:53:07.088  1011  1189 I ASH     : @ 108839.284: tcs3701: stop power rail pending_off timer
11-23 18:53:07.088  1011  1189 D ASH     : @ 108839.284: tcs3701: start power rail timer, state:3
11-23 18:53:07.110  9398  9433 I BatteryMgr:DataCollectionService: stats => 1700761987110,13122,4449,9765,4169000,100
11-23 18:53:07.127  1011  1189 I ASH     : @ 108839.324: tcs3701: stop power rail pending_off timer
11-23 18:53:07.127  1011  1189 D ASH     : @ 108839.324: tcs3701: start power rail timer, state:3
11-23 18:53:07.167  2113  2118 I pixel-thermal: skin-therm-monitor: 38.173
11-23 18:53:07.167  1011  1189 I ASH     : @ 108839.364: tcs3701: stop power rail pending_off timer
11-23 18:53:07.167  1011  1189 D ASH     : @ 108839.364: tcs3701: start power rail timer, state:3
11-23 18:53:07.207  1011  1189 I ASH     : @ 108839.404: tcs3701: stop power rail pending_off timer
11-23 18:53:07.207  1011  1189 D ASH     : @ 108839.404: tcs3701: start power rail timer, state:3
11-23 18:53:07.217  9398  9433 I BatteryMgr:DataCollectionService: stats => 1700761987217,13122,4449,9765,4169000,100
11-23 18:53:07.248  1011  1189 I ASH     : @ 108839.444: tcs3701: stop power rail pending_off timer
11-23 18:53:07.248  1011  1189 D ASH     : @ 108839.444: tcs3701: start power rail timer, state:3
11-23 18:53:07.250  1795  4144 D ActivityManager: freezer override set to true
11-23 18:53:07.287  1011  1189 I ASH     : @ 108839.484: tcs3701: stop power rail pending_off timer
11-23 18:53:07.287  1011  1189 D ASH     : @ 108839.484: tcs3701: start power rail timer, state:3
11-23 18:53:07.322  9398  9433 I BatteryMgr:DataCollectionService: stats => 1700761987321,13122,4449,9765,4169000,100
11-23 18:53:07.328  1011  1189 I ASH     : @ 108839.524: tcs3701: stop power rail pending_off timer
11-23 18:53:07.328  1011  1189 D ASH     : @ 108839.524: tcs3701: start power rail timer, state:3
11-23 18:53:07.332 26096 26109 I m.chrome.canary: Explicit concurrent copying GC freed 3588(176KB) AllocSpace objects, 3(60KB) LOS objects, 75% free, 12MB/48MB, paused 33us,23us total 46.876ms
11-23 18:53:07.368  1011  1189 I ASH     : @ 108839.564: tcs3701: stop power rail pending_off timer
11-23 18:53:07.368  1011  1189 D ASH     : @ 108839.564: tcs3701: start power rail timer, state:3
11-23 18:53:07.390  1795  4144 D ActivityManager: freezer override set to false
11-23 18:53:07.408  1011  1189 I ASH     : @ 108839.604: tcs3701: stop power rail pending_off timer
11-23 18:53:07.408  1011  1189 D ASH     : @ 108839.604: tcs3701: start power rail timer, state:3
11-23 18:53:07.429  9398  9433 I BatteryMgr:DataCollectionService: stats => 1700761987429,13122,4449,9765,4169000,100
11-23 18:53:07.441  1795  4144 D ActivityManager: freezer override set to true
11-23 18:53:07.444  1795  4144 D ActivityManager: freezer override set to false
11-23 18:53:07.447  1011  1189 I ASH     : @ 108839.644: tcs3701: stop power rail pending_off timer
11-23 18:53:07.447  1011  1189 D ASH     : @ 108839.644: tcs3701: start power rail timer, state:3
11-23 18:53:07.458  1795  4144 D ActivityManager: freezer override set to true
11-23 18:53:07.463  1795  4144 D ActivityManager: freezer override set to false
11-23 18:53:07.488  1011  1189 I ASH     : @ 108839.684: tcs3701: stop power rail pending_off timer
11-23 18:53:07.488  1011  1189 D ASH     : @ 108839.684: tcs3701: start power rail timer, state:3
11-23 18:53:07.527  1011  1189 I ASH     : @ 108839.724: tcs3701: stop power rail pending_off timer
11-23 18:53:07.527  1011  1189 D ASH     : @ 108839.724: tcs3701: start power rail timer, state:3
11-23 18:53:07.535  9398  9433 I BatteryMgr:DataCollectionService: stats => 1700761987535,13122,4449,9765,4169000,100
11-23 18:53:07.568  1011  1189 I ASH     : @ 108839.764: tcs3701: stop power rail pending_off timer
11-23 18:53:07.568  1011  1189 D ASH     : @ 108839.764: tcs3701: start power rail timer, state:3
11-23 18:53:07.608  1011  1189 I ASH     : @ 108839.804: tcs3701: stop power rail pending_off timer
11-23 18:53:07.608  1011  1189 D ASH     : @ 108839.804: tcs3701: start power rail timer, state:3
11-23 18:53:07.643  9398  9433 I BatteryMgr:DataCollectionService: stats => 1700761987643,13122,4449,9765,4169000,100
11-23 18:53:07.647  1011  1189 I ASH     : @ 108839.844: tcs3701: stop power rail pending_off timer
11-23 18:53:07.648  1011  1189 D ASH     : @ 108839.844: tcs3701: start power rail timer, state:3
11-23 18:53:07.687  1011  1189 I ASH     : @ 108839.884: tcs3701: stop power rail pending_off timer
11-23 18:53:07.688  1011  1189 D ASH     : @ 108839.884: tcs3701: start power rail timer, state:3
11-23 18:53:07.727  1011  1189 I ASH     : @ 108839.924: tcs3701: stop power rail pending_off timer
11-23 18:53:07.727  1011  1189 D ASH     : @ 108839.924: tcs3701: start power rail timer, state:3
11-23 18:53:07.751  9398  9433 I BatteryMgr:DataCollectionService: stats => 1700761987751,13122,4449,9765,4169000,100
11-23 18:53:07.768  1011  1189 I ASH     : @ 108839.964: tcs3701: stop power rail pending_off timer
11-23 18:53:07.768  1011  1189 D ASH     : @ 108839.964: tcs3701: start power rail timer, state:3
11-23 18:53:07.807  1011  1189 I ASH     : @ 108840.004: tcs3701: stop power rail pending_off timer
11-23 18:53:07.808  1011  1189 D ASH     : @ 108840.004: tcs3701: start power rail timer, state:3
11-23 18:53:07.847  1011  1189 I ASH     : @ 108840.044: tcs3701: stop power rail pending_off timer
11-23 18:53:07.847  1011  1189 D ASH     : @ 108840.044: tcs3701: start power rail timer, state:3
11-23 18:53:07.858  9398  9433 I BatteryMgr:DataCollectionService: stats => 1700761987858,13122,4449,9765,4169000,100
11-23 18:53:07.888  1011  1189 I ASH     : @ 108840.084: tcs3701: stop power rail pending_off timer
11-23 18:53:07.888  1011  1189 D ASH     : @ 108840.084: tcs3701: start power rail timer, state:3
11-23 18:53:07.928  1011  1189 I ASH     : @ 108840.124: tcs3701: stop power rail pending_off timer
11-23 18:53:07.928  1011  1189 D ASH     : @ 108840.124: tcs3701: start power rail timer, state:3
11-23 18:53:07.966  9398  9433 I BatteryMgr:DataCollectionService: stats => 1700761987966,13122,4449,9765,4169000,100
11-23 18:53:07.967  1011  1189 I ASH     : @ 108840.164: tcs3701: stop power rail pending_off timer
11-23 18:53:07.968  1011  1189 D ASH     : @ 108840.164: tcs3701: start power rail timer, state:3
11-23 18:53:08.008  1011  1189 I ASH     : @ 108840.204: tcs3701: stop power rail pending_off timer
11-23 18:53:08.008  1011  1189 D ASH     : @ 108840.204: tcs3701: start power rail timer, state:3
11-23 18:53:08.048  1011  1189 I ASH     : @ 108840.244: tcs3701: stop power rail pending_off timer
11-23 18:53:08.048  1011  1189 D ASH     : @ 108840.244: tcs3701: start power rail timer, state:3
11-23 18:53:08.073  9398  9433 I BatteryMgr:DataCollectionService: stats => 1700761988073,13122,4449,9765,4169000,100
11-23 18:53:08.087  1011  1189 I ASH     : @ 108840.284: tcs3701: stop power rail pending_off timer
11-23 18:53:08.087  1011  1189 D ASH     : @ 108840.284: tcs3701: start power rail timer, state:3
11-23 18:53:08.128  1011  1189 I ASH     : @ 108840.324: tcs3701: stop power rail pending_off timer
11-23 18:53:08.128  1011  1189 D ASH     : @ 108840.324: tcs3701: start power rail timer, state:3
11-23 18:53:08.167  1011  1189 I ASH     : @ 108840.364: tcs3701: stop power rail pending_off timer
11-23 18:53:08.168  1011  1189 D ASH     : @ 108840.364: tcs3701: start power rail timer, state:3
11-23 18:53:08.180  9398  9433 I BatteryMgr:DataCollectionService: stats => 1700761988180,13122,4449,9765,4169000,100
11-23 18:53:08.207  1011  1189 I ASH     : @ 108840.404: tcs3701: stop power rail pending_off timer
11-23 18:53:08.208  1011  1189 D ASH     : @ 108840.404: tcs3701: start power rail timer, state:3
11-23 18:53:08.247  1011  1189 I ASH     : @ 108840.444: tcs3701: stop power rail pending_off timer
11-23 18:53:08.247  1011  1189 D ASH     : @ 108840.444: tcs3701: start power rail timer, state:3
11-23 18:53:08.288  1011  1189 I ASH     : @ 108840.484: tcs3701: stop power rail pending_off timer
11-23 18:53:08.288  1011  1189 D ASH     : @ 108840.484: tcs3701: start power rail timer, state:3
11-23 18:53:08.288  9398  9433 I BatteryMgr:DataCollectionService: stats => 1700761988288,13122,4449,9765,4169000,100
11-23 18:53:08.327  1011  1189 I ASH     : @ 108840.524: tcs3701: stop power rail pending_off timer
11-23 18:53:08.328  1011  1189 D ASH     : @ 108840.524: tcs3701: start power rail timer, state:3
11-23 18:53:08.369  1011  1189 I ASH     : @ 108840.564: tcs3701: stop power rail pending_off timer
11-23 18:53:08.369  1011  1189 D ASH     : @ 108840.564: tcs3701: start power rail timer, state:3
11-23 18:53:08.395  9398  9433 I BatteryMgr:DataCollectionService: stats => 1700761988395,13122,4449,9765,4169000,100
11-23 18:53:08.407  1011  1189 I ASH     : @ 108840.604: tcs3701: stop power rail pending_off timer
11-23 18:53:08.407  1011  1189 D ASH     : @ 108840.604: tcs3701: start power rail timer, state:3
11-23 18:53:08.447  1011  1189 I ASH     : @ 108840.644: tcs3701: stop power rail pending_off timer
11-23 18:53:08.447  1011  1189 D ASH     : @ 108840.644: tcs3701: start power rail timer, state:3
11-23 18:53:08.468  1795  4144 D ActivityManager: freezer override set to true
11-23 18:53:08.473  1795  4144 D ActivityManager: freezer override set to false
11-23 18:53:08.487  1011  1189 I ASH     : @ 108840.684: tcs3701: stop power rail pending_off timer
11-23 18:53:08.487  1011  1189 D ASH     : @ 108840.684: tcs3701: start power rail timer, state:3
11-23 18:53:08.504  9398  9433 I BatteryMgr:DataCollectionService: stats => 1700761988504,13122,4449,9765,4169000,100
11-23 18:53:08.529  1011  1189 I ASH     : @ 108840.724: tcs3701: stop power rail pending_off timer
11-23 18:53:08.529  1011  1189 D ASH     : @ 108840.724: tcs3701: start power rail timer, state:3
11-23 18:53:08.567  1011  1189 I ASH     : @ 108840.764: tcs3701: stop power rail pending_off timer
11-23 18:53:08.568  1011  1189 D ASH     : @ 108840.764: tcs3701: start power rail timer, state:3
11-23 18:53:08.604  1795  4144 D ActivityManager: freezer override set to true
11-23 18:53:08.607  1011  1189 I ASH     : @ 108840.804: tcs3701: stop power rail pending_off timer
11-23 18:53:08.607  1011  1189 D ASH     : @ 108840.804: tcs3701: start power rail timer, state:3
11-23 18:53:08.610  9398  9433 I BatteryMgr:DataCollectionService: stats => 1700761988610,13122,4449,9765,4169000,100
11-23 18:53:08.648  1011  1189 I ASH     : @ 108840.844: tcs3701: stop power rail pending_off timer
11-23 18:53:08.648  1011  1189 D ASH     : @ 108840.844: tcs3701: start power rail timer, state:3
11-23 18:53:08.687  1011  1189 I ASH     : @ 108840.884: tcs3701: stop power rail pending_off timer
11-23 18:53:08.687  1011  1189 D ASH     : @ 108840.884: tcs3701: start power rail timer, state:3
11-23 18:53:08.715  9398  9433 I BatteryMgr:DataCollectionService: stats => 1700761988715,13122,4449,9765,4169000,100
11-23 18:53:08.727  1011  1189 I ASH     : @ 108840.924: tcs3701: stop power rail pending_off timer
11-23 18:53:08.727  1011  1189 D ASH     : @ 108840.924: tcs3701: start power rail timer, state:3
11-23 18:53:08.733 26096 26109 I m.chrome.canary: Explicit concurrent copying GC freed 3803(191KB) AllocSpace objects, 4(80KB) LOS objects, 75% free, 12MB/48MB, paused 84us,23us total 46.879ms
11-23 18:53:08.768  1011  1189 I ASH     : @ 108840.964: tcs3701: stop power rail pending_off timer
11-23 18:53:08.768  1011  1189 D ASH     : @ 108840.964: tcs3701: start power rail timer, state:3
11-23 18:53:08.790  1795  4144 D ActivityManager: freezer override set to false
11-23 18:53:08.807  1011  1189 I ASH     : @ 108841.004: tcs3701: stop power rail pending_off timer
11-23 18:53:08.808  1011  1189 D ASH     : @ 108841.004: tcs3701: start power rail timer, state:3
11-23 18:53:08.824  9398  9433 I BatteryMgr:DataCollectionService: stats => 1700761988824,13122,4449,9765,4169000,100
11-23 18:53:08.835  1795  4144 D ActivityManager: freezer override set to true
11-23 18:53:08.838  1795  4144 D ActivityManager: freezer override set to false
11-23 18:53:08.848  1011  1189 I ASH     : @ 108841.044: tcs3701: stop power rail pending_off timer
11-23 18:53:08.848  1011  1189 D ASH     : @ 108841.044: tcs3701: start power rail timer, state:3
11-23 18:53:08.888  1011  1189 I ASH     : @ 108841.084: tcs3701: stop power rail pending_off timer
11-23 18:53:08.888  1011  1189 D ASH     : @ 108841.084: tcs3701: start power rail timer, state:3
11-23 18:53:08.928  1011  1189 I ASH     : @ 108841.124: tcs3701: stop power rail pending_off timer
11-23 18:53:08.928  1011  1189 D ASH     : @ 108841.124: tcs3701: start power rail timer, state:3
11-23 18:53:08.930  9398  9433 I BatteryMgr:DataCollectionService: stats => 1700761988930,13122,4449,9765,4169000,100
11-23 18:53:08.968  1011  1189 I ASH     : @ 108841.164: tcs3701: stop power rail pending_off timer
11-23 18:53:08.968  1011  1189 D ASH     : @ 108841.164: tcs3701: start power rail timer, state:3
11-23 18:53:09.008  1011  1189 I ASH     : @ 108841.204: tcs3701: stop power rail pending_off timer
11-23 18:53:09.008  1011  1189 D ASH     : @ 108841.204: tcs3701: start power rail timer, state:3
11-23 18:53:09.036  9398  9433 I BatteryMgr:DataCollectionService: stats => 1700761989036,13122,4449,9765,4169000,100
11-23 18:53:09.048  1011  1189 I ASH     : @ 108841.244: tcs3701: stop power rail pending_off timer
11-23 18:53:09.048  1011  1189 D ASH     : @ 108841.244: tcs3701: start power rail timer, state:3
11-23 18:53:09.088  1011  1189 I ASH     : @ 108841.284: tcs3701: stop power rail pending_off timer
11-23 18:53:09.088  1011  1189 D ASH     : @ 108841.284: tcs3701: start power rail timer, state:3
