11-23 18:47:25.354  1011  1189 D ASH     : @ 108497.551: tcs3701: start power rail timer, state:3
11-23 18:47:25.380  1795  4162 D ActivityManager: freezer override set to true
11-23 18:47:25.389  1795  4162 D ActivityManager: freezer override set to false
11-23 18:47:25.394  1011  1189 I ASH     : @ 108497.591: tcs3701: stop power rail pending_off timer
11-23 18:47:25.394  1011  1189 D ASH     : @ 108497.591: tcs3701: start power rail timer, state:3
11-23 18:47:25.404  9398  9436 I BatteryMgr:DataCollectionService: stats => 1700761645404,10986,4449,9765,4169000,100
11-23 18:47:25.427 13670 13762 I PlayCommon: [2386] ansl.j(241): Preparing logs for uploading
11-23 18:47:25.434  1011  1189 I ASH     : @ 108497.631: tcs3701: stop power rail pending_off timer
11-23 18:47:25.435  1011  1189 D ASH     : @ 108497.631: tcs3701: start power rail timer, state:3
11-23 18:47:25.473 13670 13762 I PlayCommon: [2386] ansl.j(1420): Connecting to server for timestamp: https://play.googleapis.com/play/log/timestamp
11-23 18:47:25.474  1011  1189 I ASH     : @ 108497.671: tcs3701: stop power rail pending_off timer
11-23 18:47:25.474  1011  1189 D ASH     : @ 108497.671: tcs3701: start power rail timer, state:3
11-23 18:47:25.515  1011  1189 I ASH     : @ 108497.711: tcs3701: stop power rail pending_off timer
11-23 18:47:25.515  1011  1189 D ASH     : @ 108497.711: tcs3701: start power rail timer, state:3
11-23 18:47:25.518  1795  2262 D ActivityManager: freezer override set to true
11-23 18:47:25.519  9398  9436 I BatteryMgr:DataCollectionService: stats => 1700761645519,10986,4449,9765,4169000,100
11-23 18:47:25.527  1795  2262 D ActivityManager: freezer override set to false
11-23 18:47:25.554  1011  1189 I ASH     : @ 108497.751: tcs3701: stop power rail pending_off timer
11-23 18:47:25.554  1011  1189 D ASH     : @ 108497.751: tcs3701: start power rail timer, state:3
11-23 18:47:25.594  1011  1189 I ASH     : @ 108497.791: tcs3701: stop power rail pending_off timer
11-23 18:47:25.595  1011  1189 D ASH     : @ 108497.791: tcs3701: start power rail timer, state:3
11-23 18:47:25.629  9398  9436 I BatteryMgr:DataCollectionService: stats => 1700761645629,10986,4449,9765,4169000,100
11-23 18:47:25.634  1011  1189 I ASH     : @ 108497.831: tcs3701: stop power rail pending_off timer
11-23 18:47:25.634  1011  1189 D ASH     : @ 108497.831: tcs3701: start power rail timer, state:3
11-23 18:47:25.642 13670 13762 D TrafficStats: tagSocket(86) with statsTag=0xffffffff, statsUid=-1
11-23 18:47:25.676  1011  1189 I ASH     : @ 108497.871: tcs3701: stop power rail pending_off timer
11-23 18:47:25.676  1011  1189 D ASH     : @ 108497.871: tcs3701: start power rail timer, state:3
11-23 18:47:25.714  1011  1189 I ASH     : @ 108497.911: tcs3701: stop power rail pending_off timer
11-23 18:47:25.714  1011  1189 D ASH     : @ 108497.911: tcs3701: start power rail timer, state:3
11-23 18:47:25.736  9398  9436 I BatteryMgr:DataCollectionService: stats => 1700761645736,10986,4449,9765,4169000,100
11-23 18:47:25.755  1011  1189 I ASH     : @ 108497.951: tcs3701: stop power rail pending_off timer
11-23 18:47:25.755  1011  1189 D ASH     : @ 108497.951: tcs3701: start power rail timer, state:3
11-23 18:47:25.794  1011  1189 I ASH     : @ 108497.991: tcs3701: stop power rail pending_off timer
11-23 18:47:25.794  1011  1189 D ASH     : @ 108497.991: tcs3701: start power rail timer, state:3
11-23 18:47:25.834  1011  1189 I ASH     : @ 108498.031: tcs3701: stop power rail pending_off timer
11-23 18:47:25.834  1011  1189 D ASH     : @ 108498.031: tcs3701: start power rail timer, state:3
11-23 18:47:25.844  9398  9436 I BatteryMgr:DataCollectionService: stats => 1700761645844,10986,4449,9765,4169000,100
11-23 18:47:25.874  1011  1189 I ASH     : @ 108498.071: tcs3701: stop power rail pending_off timer
11-23 18:47:25.875  1011  1189 D ASH     : @ 108498.071: tcs3701: start power rail timer, state:3
11-23 18:47:25.914  1011  1189 I ASH     : @ 108498.111: tcs3701: stop power rail pending_off timer
11-23 18:47:25.914  1011  1189 D ASH     : @ 108498.111: tcs3701: start power rail timer, state:3
11-23 18:47:25.928  2113  2118 I pixel-thermal: skin-therm-monitor: 37.828
11-23 18:47:25.952  9398  9436 I BatteryMgr:DataCollectionService: stats => 1700761645952,10986,4449,9765,4169000,100
11-23 18:47:25.954  1011  1189 I ASH     : @ 108498.151: tcs3701: stop power rail pending_off timer
11-23 18:47:25.954  1011  1189 D ASH     : @ 108498.151: tcs3701: start power rail timer, state:3
11-23 18:47:25.995  1011  1189 I ASH     : @ 108498.191: tcs3701: stop power rail pending_off timer
11-23 18:47:25.995  1011  1189 D ASH     : @ 108498.191: tcs3701: start power rail timer, state:3
11-23 18:47:26.034  1011  1189 I ASH     : @ 108498.231: tcs3701: stop power rail pending_off timer
11-23 18:47:26.034  1011  1189 D ASH     : @ 108498.231: tcs3701: start power rail timer, state:3
11-23 18:47:26.066  9398  9436 I BatteryMgr:DataCollectionService: stats => 1700761646066,10986,4449,9765,4169000,100
11-23 18:47:26.074  1011  1189 I ASH     : @ 108498.271: tcs3701: stop power rail pending_off timer
11-23 18:47:26.074  1011  1189 D ASH     : @ 108498.271: tcs3701: start power rail timer, state:3
11-23 18:47:26.116  1011  1189 I ASH     : @ 108498.311: tcs3701: stop power rail pending_off timer
11-23 18:47:26.116  1011  1189 D ASH     : @ 108498.311: tcs3701: start power rail timer, state:3
11-23 18:47:26.151  3074  3074 E AbstractGmsTracer: Traced class shouldn't be obfuscated: GoogleAccountAuthenticatorChimeraService [CONTEXT service_id=259 ]
11-23 18:47:26.154  1011  1189 I ASH     : @ 108498.351: tcs3701: stop power rail pending_off timer
11-23 18:47:26.154  1011  1189 D ASH     : @ 108498.351: tcs3701: start power rail timer, state:3
11-23 18:47:26.165  3074  4564 I Auth    : [RequestTokenOperation] Facet event logged for AUTH_ACCOUNT_BASE_TOKEN_RETURNED [CONTEXT service_id=343 ]
11-23 18:47:26.169  3074  3074 D BoundBrokerSvc: onBind: Intent { act=com.google.android.gms.auth.account.workaccount.START dat=chimera-action:/... cmp=com.google.android.gms/.chimera.PersistentApiService }
11-23 18:47:26.169  3074  3074 D BoundBrokerSvc: Loading bound service for intent: Intent { act=com.google.android.gms.auth.account.workaccount.START dat=chimera-action:/... cmp=com.google.android.gms/.chimera.PersistentApiService }
11-23 18:47:26.171  3074  3074 E AbstractGmsTracer: Traced class shouldn't be obfuscated: WorkAccountApiService [CONTEXT service_id=259 ]
11-23 18:47:26.176  9398  9436 I BatteryMgr:DataCollectionService: stats => 1700761646176,10986,4449,9765,4169000,100
11-23 18:47:26.194  1011  1189 I ASH     : @ 108498.391: tcs3701: stop power rail pending_off timer
11-23 18:47:26.194  1011  1189 D ASH     : @ 108498.391: tcs3701: start power rail timer, state:3
11-23 18:47:26.204 13670 13762 I PlayCommon: [2386] ansl.j(1861): Connecting to server: https://play.googleapis.com/play/log?format=raw&proto_v2=true
11-23 18:47:26.234  1011  1189 I ASH     : @ 108498.431: tcs3701: stop power rail pending_off timer
11-23 18:47:26.234  1011  1189 D ASH     : @ 108498.431: tcs3701: start power rail timer, state:3
11-23 18:47:26.268 13670 13762 I PlayCommon: [2386] ansl.j(2095): Successfully uploaded logs.
11-23 18:47:26.274  1011  1189 I ASH     : @ 108498.471: tcs3701: stop power rail pending_off timer
11-23 18:47:26.274  1011  1189 D ASH     : @ 108498.471: tcs3701: start power rail timer, state:3
11-23 18:47:26.285  9398  9436 I BatteryMgr:DataCollectionService: stats => 1700761646285,10986,4449,9765,4169000,100
11-23 18:47:26.314  1011  1189 I ASH     : @ 108498.511: tcs3701: stop power rail pending_off timer
11-23 18:47:26.314  1011  1189 D ASH     : @ 108498.511: tcs3701: start power rail timer, state:3
11-23 18:47:26.354  1011  1189 I ASH     : @ 108498.551: tcs3701: stop power rail pending_off timer
11-23 18:47:26.354  1011  1189 D ASH     : @ 108498.551: tcs3701: start power rail timer, state:3
11-23 18:47:26.394  1011  1189 I ASH     : @ 108498.591: tcs3701: stop power rail pending_off timer
11-23 18:47:26.394  1011  1189 D ASH     : @ 108498.591: tcs3701: start power rail timer, state:3
11-23 18:47:26.401  9398  9436 I BatteryMgr:DataCollectionService: stats => 1700761646401,10986,4449,9765,4169000,100
11-23 18:47:26.435  1011  1189 I ASH     : @ 108498.631: tcs3701: stop power rail pending_off timer
11-23 18:47:26.435  1011  1189 D ASH     : @ 108498.631: tcs3701: start power rail timer, state:3
11-23 18:47:26.475  1011  1189 I ASH     : @ 108498.671: tcs3701: stop power rail pending_off timer
11-23 18:47:26.475  1011  1189 D ASH     : @ 108498.671: tcs3701: start power rail timer, state:3
11-23 18:47:26.492  1795  4162 D ActivityManager: freezer override set to true
11-23 18:47:26.498  1795  4162 D ActivityManager: freezer override set to false
11-23 18:47:26.514  1011  1189 I ASH     : @ 108498.711: tcs3701: stop power rail pending_off timer
11-23 18:47:26.514  1011  1189 D ASH     : @ 108498.711: tcs3701: start power rail timer, state:3
11-23 18:47:26.517  9398  9436 I BatteryMgr:DataCollectionService: stats => 1700761646517,10986,4449,9765,4169000,100
11-23 18:47:26.554  1011  1189 I ASH     : @ 108498.751: tcs3701: stop power rail pending_off timer
11-23 18:47:26.554  1011  1189 D ASH     : @ 108498.751: tcs3701: start power rail timer, state:3
11-23 18:47:26.594  1011  1189 I ASH     : @ 108498.791: tcs3701: stop power rail pending_off timer
11-23 18:47:26.594  1011  1189 D ASH     : @ 108498.791: tcs3701: start power rail timer, state:3
11-23 18:47:26.599  1795  4162 D ActivityManager: freezer override set to true
11-23 18:47:26.635  1011  1189 I ASH     : @ 108498.831: tcs3701: stop power rail pending_off timer
11-23 18:47:26.635  1011  1189 D ASH     : @ 108498.831: tcs3701: start power rail timer, state:3
11-23 18:47:26.641  9398  9436 I BatteryMgr:DataCollectionService: stats => 1700761646641,10986,4449,9765,4169000,100
11-23 18:47:26.674  1011  1189 I ASH     : @ 108498.871: tcs3701: stop power rail pending_off timer
11-23 18:47:26.674  1011  1189 D ASH     : @ 108498.871: tcs3701: start power rail timer, state:3
11-23 18:47:26.714  1011  1189 I ASH     : @ 108498.911: tcs3701: stop power rail pending_off timer
11-23 18:47:26.714  1011  1189 D ASH     : @ 108498.911: tcs3701: start power rail timer, state:3
11-23 18:47:26.746  9398  9436 I BatteryMgr:DataCollectionService: stats => 1700761646746,10986,4449,9765,4169000,100
11-23 18:47:26.754  1011  1189 I ASH     : @ 108498.951: tcs3701: stop power rail pending_off timer
11-23 18:47:26.754  1011  1189 D ASH     : @ 108498.951: tcs3701: start power rail timer, state:3
11-23 18:47:26.794  1011  1189 I ASH     : @ 108498.991: tcs3701: stop power rail pending_off timer
11-23 18:47:26.794  1011  1189 D ASH     : @ 108498.991: tcs3701: start power rail timer, state:3
11-23 18:47:26.806 19738 19795 I m.chrome.canary: Explicit concurrent copying GC freed 3834(192KB) AllocSpace objects, 4(80KB) LOS objects, 75% free, 12MB/48MB, paused 31us,24us total 57.062ms
11-23 18:47:26.834  1011  1189 I ASH     : @ 108499.031: tcs3701: stop power rail pending_off timer
11-23 18:47:26.834  1011  1189 D ASH     : @ 108499.031: tcs3701: start power rail timer, state:3
11-23 18:47:26.850  9398  9436 I BatteryMgr:DataCollectionService: stats => 1700761646850,10986,4449,9765,4169000,100
11-23 18:47:26.874  1011  1189 I ASH     : @ 108499.071: tcs3701: stop power rail pending_off timer
11-23 18:47:26.874  1011  1189 D ASH     : @ 108499.071: tcs3701: start power rail timer, state:3
11-23 18:47:26.900  1795  4162 D ActivityManager: freezer override set to false
11-23 18:47:26.914  1011  1189 I ASH     : @ 108499.111: tcs3701: stop power rail pending_off timer
11-23 18:47:26.914  1011  1189 D ASH     : @ 108499.111: tcs3701: start power rail timer, state:3
11-23 18:47:26.954  1011  1189 I ASH     : @ 108499.151: tcs3701: stop power rail pending_off timer
11-23 18:47:26.954  1011  1189 D ASH     : @ 108499.151: tcs3701: start power rail timer, state:3
11-23 18:47:26.959  9398  9436 I BatteryMgr:DataCollectionService: stats => 1700761646959,10986,4449,9765,4169000,100
11-23 18:47:26.994  1011  1189 I ASH     : @ 108499.191: tcs3701: stop power rail pending_off timer
11-23 18:47:26.994  1011  1189 D ASH     : @ 108499.191: tcs3701: start power rail timer, state:3
11-23 18:47:26.996  1795  4162 D ActivityManager: freezer override set to true
11-23 18:47:26.998  1795  4162 D ActivityManager: freezer override set to false
11-23 18:47:27.034  1011  1189 I ASH     : @ 108499.231: tcs3701: stop power rail pending_off timer
11-23 18:47:27.034  1011  1189 D ASH     : @ 108499.231: tcs3701: start power rail timer, state:3
11-23 18:47:27.070  9398  9436 I BatteryMgr:DataCollectionService: stats => 1700761647069,10986,4449,9765,4169000,100
11-23 18:47:27.074  1011  1189 I ASH     : @ 108499.271: tcs3701: stop power rail pending_off timer
11-23 18:47:27.074  1011  1189 D ASH     : @ 108499.271: tcs3701: start power rail timer, state:3
11-23 18:47:27.114  1011  1189 I ASH     : @ 108499.311: tcs3701: stop power rail pending_off timer
11-23 18:47:27.115  1011  1189 D ASH     : @ 108499.311: tcs3701: start power rail timer, state:3
11-23 18:47:27.154  1011  1189 I ASH     : @ 108499.351: tcs3701: stop power rail pending_off timer
11-23 18:47:27.154  1011  1189 D ASH     : @ 108499.351: tcs3701: start power rail timer, state:3
11-23 18:47:27.181  9398  9436 I BatteryMgr:DataCollectionService: stats => 1700761647181,10986,4449,9765,4169000,100
11-23 18:47:27.195  1011  1189 I ASH     : @ 108499.391: tcs3701: stop power rail pending_off timer
11-23 18:47:27.195  1011  1189 D ASH     : @ 108499.391: tcs3701: start power rail timer, state:3
11-23 18:47:27.234  1011  1189 I ASH     : @ 108499.431: tcs3701: stop power rail pending_off timer
11-23 18:47:27.234  1011  1189 D ASH     : @ 108499.431: tcs3701: start power rail timer, state:3
11-23 18:47:27.274  1011  1189 I ASH     : @ 108499.471: tcs3701: stop power rail pending_off timer
11-23 18:47:27.274  1011  1189 D ASH     : @ 108499.471: tcs3701: start power rail timer, state:3
11-23 18:47:27.286  9398  9436 I BatteryMgr:DataCollectionService: stats => 1700761647286,10986,4449,9765,4169000,100
11-23 18:47:27.314  1011  1189 I ASH     : @ 108499.511: tcs3701: stop power rail pending_off timer
11-23 18:47:27.314  1011  1189 D ASH     : @ 108499.511: tcs3701: start power rail timer, state:3
11-23 18:47:27.354  1011  1189 I ASH     : @ 108499.551: tcs3701: stop power rail pending_off timer
11-23 18:47:27.354  1011  1189 D ASH     : @ 108499.551: tcs3701: start power rail timer, state:3
11-23 18:47:27.390  9398  9436 I BatteryMgr:DataCollectionService: stats => 1700761647390,10986,4449,9765,4169000,100
11-23 18:47:27.395  1011  1189 I ASH     : @ 108499.591: tcs3701: stop power rail pending_off timer
11-23 18:47:27.395  1011  1189 D ASH     : @ 108499.591: tcs3701: start power rail timer, state:3
11-23 18:47:27.434  1011  1189 I ASH     : @ 108499.631: tcs3701: stop power rail pending_off timer
11-23 18:47:27.434  1011  1189 D ASH     : @ 108499.631: tcs3701: start power rail timer, state:3
11-23 18:47:27.475  1011  1189 I ASH     : @ 108499.671: tcs3701: stop power rail pending_off timer
11-23 18:47:27.475  1011  1189 D ASH     : @ 108499.671: tcs3701: start power rail timer, state:3
11-23 18:47:27.504  9398  9436 I BatteryMgr:DataCollectionService: stats => 1700761647504,10986,4449,9765,4169000,100
11-23 18:47:27.516  1011  1189 I ASH     : @ 108499.711: tcs3701: stop power rail pending_off timer
11-23 18:47:27.516  1011  1189 D ASH     : @ 108499.711: tcs3701: start power rail timer, state:3
11-23 18:47:27.534  1795  4162 D ActivityManager: freezer override set to true
11-23 18:47:27.554  1011  1189 I ASH     : @ 108499.751: tcs3701: stop power rail pending_off timer
11-23 18:47:27.554  1011  1189 D ASH     : @ 108499.751: tcs3701: start power rail timer, state:3
11-23 18:47:27.598  1011  1189 I ASH     : @ 108499.791: tcs3701: stop power rail pending_off timer
11-23 18:47:27.598  1011  1189 D ASH     : @ 108499.791: tcs3701: start power rail timer, state:3
11-23 18:47:27.605  1795  4162 D ActivityManager: freezer override set to false
11-23 18:47:27.610  9398  9436 I BatteryMgr:DataCollectionService: stats => 1700761647610,10986,4449,9765,4169000,100
11-23 18:47:27.634  1011  1189 I ASH     : @ 108499.831: tcs3701: stop power rail pending_off timer
11-23 18:47:27.634  1011  1189 D ASH     : @ 108499.831: tcs3701: start power rail timer, state:3
11-23 18:47:27.648 19738 19800 W chromium: [WARNING:ev_root_ca_metadata.cc(119)] Not implemented
11-23 18:47:27.648 19738 19800 W chromium: [WARNING:ev_root_ca_metadata.cc(119)] Not implemented
11-23 18:47:27.674  1011  1189 I ASH     : @ 108499.871: tcs3701: stop power rail pending_off timer
11-23 18:47:27.674  1011  1189 D ASH     : @ 108499.871: tcs3701: start power rail timer, state:3
11-23 18:47:27.714  1011  1189 I ASH     : @ 108499.911: tcs3701: stop power rail pending_off timer
11-23 18:47:27.714  1011  1189 D ASH     : @ 108499.911: tcs3701: start power rail timer, state:3
11-23 18:47:27.719  9398  9436 I BatteryMgr:DataCollectionService: stats => 1700761647719,11291,4449,9765,4169000,100
11-23 18:47:27.754  1011  1189 I ASH     : @ 108499.951: tcs3701: stop power rail pending_off timer
11-23 18:47:27.754  1011  1189 D ASH     : @ 108499.951: tcs3701: start power rail timer, state:3
11-23 18:47:27.794  1011  1189 I ASH     : @ 108499.991: tcs3701: stop power rail pending_off timer
11-23 18:47:27.795  1011  1189 D ASH     : @ 108499.991: tcs3701: start power rail timer, state:3
11-23 18:47:27.833  9398  9436 I BatteryMgr:DataCollectionService: stats => 1700761647833,11291,4449,9765,4169000,100
11-23 18:47:27.834  1011  1189 I ASH     : @ 108500.031: tcs3701: stop power rail pending_off timer
11-23 18:47:27.834  1011  1189 D ASH     : @ 108500.031: tcs3701: start power rail timer, state:3
11-23 18:47:27.875  1011  1189 I ASH     : @ 108500.071: tcs3701: stop power rail pending_off timer
11-23 18:47:27.875  1011  1189 D ASH     : @ 108500.071: tcs3701: start power rail timer, state:3
11-23 18:47:27.914  1011  1189 I ASH     : @ 108500.111: tcs3701: stop power rail pending_off timer
11-23 18:47:27.914  1011  1189 D ASH     : @ 108500.111: tcs3701: start power rail timer, state:3
11-23 18:47:27.932  2113  2118 I pixel-thermal: skin-therm-monitor: 37.804
11-23 18:47:27.942  9398  9436 I BatteryMgr:DataCollectionService: stats => 1700761647942,11291,4449,9765,4169000,100
11-23 18:47:27.954  1011  1189 I ASH     : @ 108500.151: tcs3701: stop power rail pending_off timer
11-23 18:47:27.954  1011  1189 D ASH     : @ 108500.151: tcs3701: start power rail timer, state:3
11-23 18:47:27.994  1011  1189 I ASH     : @ 108500.191: tcs3701: stop power rail pending_off timer
11-23 18:47:27.994  1011  1189 D ASH     : @ 108500.191: tcs3701: start power rail timer, state:3
11-23 18:47:28.034  1011  1189 I ASH     : @ 108500.231: tcs3701: stop power rail pending_off timer
11-23 18:47:28.034  1011  1189 D ASH     : @ 108500.231: tcs3701: start power rail timer, state:3
11-23 18:47:28.048  9398  9436 I BatteryMgr:DataCollectionService: stats => 1700761648048,11291,4449,9765,4169000,100
11-23 18:47:28.074  1011  1189 I ASH     : @ 108500.271: tcs3701: stop power rail pending_off timer
11-23 18:47:28.074  1011  1189 D ASH     : @ 108500.271: tcs3701: start power rail timer, state:3
11-23 18:47:28.114  1011  1189 I ASH     : @ 108500.311: tcs3701: stop power rail pending_off timer
11-23 18:47:28.114  1011  1189 D ASH     : @ 108500.311: tcs3701: start power rail timer, state:3
11-23 18:47:28.154  1011  1189 I ASH     : @ 108500.351: tcs3701: stop power rail pending_off timer
11-23 18:47:28.155  1011  1189 D ASH     : @ 108500.351: tcs3701: start power rail timer, state:3
11-23 18:47:28.157  9398  9436 I BatteryMgr:DataCollectionService: stats => 1700761648157,11291,4449,9765,4169000,100
11-23 18:47:28.189  1795  2855 D ActivityManager: freezer override set to true
11-23 18:47:28.194  1011  1189 I ASH     : @ 108500.391: tcs3701: stop power rail pending_off timer
11-23 18:47:28.194  1011  1189 D ASH     : @ 108500.391: tcs3701: start power rail timer, state:3
11-23 18:47:28.234  1011  1189 I ASH     : @ 108500.431: tcs3701: stop power rail pending_off timer
11-23 18:47:28.234  1011  1189 D ASH     : @ 108500.431: tcs3701: start power rail timer, state:3
11-23 18:47:28.264  9398  9436 I BatteryMgr:DataCollectionService: stats => 1700761648263,11291,4449,9765,4169000,100
11-23 18:47:28.274  1011  1189 I ASH     : @ 108500.471: tcs3701: stop power rail pending_off timer
11-23 18:47:28.274  1011  1189 D ASH     : @ 108500.471: tcs3701: start power rail timer, state:3
11-23 18:47:28.282 19738 19795 I m.chrome.canary: Explicit concurrent copying GC freed 3622(177KB) AllocSpace objects, 3(60KB) LOS objects, 75% free, 12MB/48MB, paused 131us,25us total 55.234ms
11-23 18:47:28.308  1795  2424 D WifiClientModeImpl[13802:wlan0]: updateLinkLayerStatsRssiSpeedFrequencyCapabilities rssi=-44 TxLinkspeed=866 freq=5240 RxLinkSpeed=866
11-23 18:47:28.308  1795  2424 D WifiDataStall: tx tput in kbps: 755212
11-23 18:47:28.308  1795  2424 D WifiDataStall: rx tput in kbps: 716015
11-23 18:47:28.309  1795  2424 V WifiConfigManager: Updating scan detail cache freq=5240 BSSID=f4:6d:2f:12:cc:88 RSSI=-44 for "ourhome"WPA_PSK
11-23 18:47:28.309  2782  5906 D QCNEJ/WlanStaInfoRelay: Received action: android.net.wifi.RSSI_CHANGED
11-23 18:47:28.309  1795  2424 D WifiChannelUtilization:  freq: 5240 onTime: 3167632 busyTime: 270074 onTimeDiff: 3167337 busyTimeDiff: 270057 utilization: 21 utilization t0: 21
11-23 18:47:28.309  1795  2424 D WifiDataStall:  ccaLevel = 21
11-23 18:47:28.309  1795  2424 D WifiDataStall: L2 txTputKbps: 667767, rxTputKbps: 794960, L3 txTputKbps: 23, rxTputKbps: 49, TxTrafficHigh: true, RxTrafficHigh: true, Throughput Sufficient: true
11-23 18:47:28.309  3213  8092 V WifiManager: OnWifiUsabilityStatsListener: onWifiUsabilityStats: seqNum=35806
11-23 18:47:28.310  1795  2424 D WifiScoreReport: Wifi scoring disabled - Don't check IP layer
11-23 18:47:28.310  1795  4162 I WifiService: updateWifiUsabilityScore uid=10180 seqNum=35806 score=100 predictionHorizonSec=1441795
11-23 18:47:28.310  1795  2424 D WifiScoreCard: BSSID update SIGNAL_POLL ID: 1320464697 SSID: "ourhome", BSSID: f4:6d:2f:12:cc:88, MAC: b2:2f:ec:da:4a:0c, IP: /192.168.1.104, Security type: 2, Supplicant state: COMPLETED, Wi-Fi standard: 5, RSSI: -44, Link speed: 866Mbps, Tx Link speed: 866Mbps, Max Supported Tx Link speed: 866Mbps, Rx Link speed: 866Mbps, Max Supported Rx Link speed: 866Mbps, Frequency: 5240MHz, Net ID: 12, Metered hint: false, score: 60, isUsable: true, CarrierMerged: false, SubscriptionId: -1, IsPrimary: 1, Trusted: true, Restricted: false, Ephemeral: false, OEM paid: false, OEM private: false, OSU AP: false, FQDN: <none>, Provider friendly name: <none>, Requesting package name: <none>"ourhome"wpa2-pskMLO Information: , Is TID-To-Link negotiation supported by the AP: false, AP MLD Address: <none>, AP MLO Link Id: <none>, AP MLO Affiliated links: <none>
11-23 18:47:28.310  1795  2424 D WifiScoreCard: txRate: 13 txSpeed: 866
11-23 18:47:28.310  1795  2424 D WifiScoreCard: network update SIGNAL_POLL "ourhome" ID: 1499892569 RSSI -44 txSpeed 866
11-23 18:47:28.312  1795  2424 D WifiClientModeImpl[13802:wlan0]:  ClientModeImpl$L2ConnectedState screen=on 21 0 "ourhome" f4:6d:2f:12:cc:88 rssi=-44 f=5240 sc=60 link=866 tx=10.4, 1.6, 0.0 rx=6.6 bcn=1040266 [on:938 tx:8 rx:5 period:3016] from screen [on:118186 period:4026310] score=60
11-23 18:47:28.313  1795  2424 D WifiScoreReport: Wifi scoring disabled - Notify that Wifi is usable
11-23 18:47:28.315  1795  2432 D ConnectivityService: NetReassign [no changes] [c 0] [a 0] [i 2]
11-23 18:47:28.315  1011  1189 I ASH     : @ 108500.511: tcs3701: stop power rail pending_off timer
11-23 18:47:28.315  1011  1189 D ASH     : @ 108500.511: tcs3701: start power rail timer, state:3
11-23 18:47:28.336  1795  2855 D ActivityManager: freezer override set to false
11-23 18:47:28.354  1011  1189 I ASH     : @ 108500.551: tcs3701: stop power rail pending_off timer
11-23 18:47:28.355  1011  1189 D ASH     : @ 108500.551: tcs3701: start power rail timer, state:3
11-23 18:47:28.370  9398  9436 I BatteryMgr:DataCollectionService: stats => 1700761648370,11291,4449,9765,4169000,100
11-23 18:47:28.394  1011  1189 I ASH     : @ 108500.591: tcs3701: stop power rail pending_off timer
11-23 18:47:28.394  1011  1189 D ASH     : @ 108500.591: tcs3701: start power rail timer, state:3
11-23 18:47:28.402  1795  2855 D ActivityManager: freezer override set to true
11-23 18:47:28.404  1795  2855 D ActivityManager: freezer override set to false
11-23 18:47:28.434  1011  1189 I ASH     : @ 108500.631: tcs3701: stop power rail pending_off timer
11-23 18:47:28.434  1011  1189 D ASH     : @ 108500.631: tcs3701: start power rail timer, state:3
11-23 18:47:28.474  1011  1189 I ASH     : @ 108500.671: tcs3701: stop power rail pending_off timer
11-23 18:47:28.474  1011  1189 D ASH     : @ 108500.671: tcs3701: start power rail timer, state:3
11-23 18:47:28.476  1795  2855 D ActivityManager: freezer override set to true
11-23 18:47:28.479  9398  9436 I BatteryMgr:DataCollectionService: stats => 1700761648479,11291,4449,9765,4169000,100
11-23 18:47:28.480  1795  2855 D ActivityManager: freezer override set to false
11-23 18:47:28.514  1011  1189 I ASH     : @ 108500.711: tcs3701: stop power rail pending_off timer
11-23 18:47:28.514  1011  1189 D ASH     : @ 108500.711: tcs3701: start power rail timer, state:3
11-23 18:47:28.555  1011  1189 I ASH     : @ 108500.751: tcs3701: stop power rail pending_off timer
11-23 18:47:28.555  1011  1189 D ASH     : @ 108500.751: tcs3701: start power rail timer, state:3
11-23 18:47:28.585  9398  9436 I BatteryMgr:DataCollectionService: stats => 1700761648585,11291,4449,9765,4169000,100
11-23 18:47:28.594  1011  1189 I ASH     : @ 108500.791: tcs3701: stop power rail pending_off timer
11-23 18:47:28.594  1011  1189 D ASH     : @ 108500.791: tcs3701: start power rail timer, state:3
11-23 18:47:28.634  1011  1189 I ASH     : @ 108500.831: tcs3701: stop power rail pending_off timer
11-23 18:47:28.634  1011  1189 D ASH     : @ 108500.831: tcs3701: start power rail timer, state:3
11-23 18:47:28.674  1011  1189 I ASH     : @ 108500.871: tcs3701: stop power rail pending_off timer
11-23 18:47:28.674  1011  1189 D ASH     : @ 108500.871: tcs3701: start power rail timer, state:3
11-23 18:47:28.693  9398  9436 I BatteryMgr:DataCollectionService: stats => 1700761648693,11291,4449,9765,4169000,100
11-23 18:47:28.714  1011  1189 I ASH     : @ 108500.911: tcs3701: stop power rail pending_off timer
11-23 18:47:28.714  1011  1189 D ASH     : @ 108500.911: tcs3701: start power rail timer, state:3
11-23 18:47:28.755  1011  1189 I ASH     : @ 108500.951: tcs3701: stop power rail pending_off timer
11-23 18:47:28.755  1011  1189 D ASH     : @ 108500.951: tcs3701: start power rail timer, state:3
11-23 18:47:28.795  1011  1189 I ASH     : @ 108500.991: tcs3701: stop power rail pending_off timer
11-23 18:47:28.795  1011  1189 D ASH     : @ 108500.991: tcs3701: start power rail timer, state:3
11-23 18:47:28.801  9398  9436 I BatteryMgr:DataCollectionService: stats => 1700761648801,11291,4449,9765,4169000,100
11-23 18:47:28.834  1011  1189 I ASH     : @ 108501.031: tcs3701: stop power rail pending_off timer
11-23 18:47:28.834  1011  1189 D ASH     : @ 108501.031: tcs3701: start power rail timer, state:3
11-23 18:47:28.874  1011  1189 I ASH     : @ 108501.071: tcs3701: stop power rail pending_off timer
11-23 18:47:28.874  1011  1189 D ASH     : @ 108501.071: tcs3701: start power rail timer, state:3
11-23 18:47:28.907  9398  9436 I BatteryMgr:DataCollectionService: stats => 1700761648907,11291,4449,9765,4169000,100
11-23 18:47:28.914  1011  1189 I ASH     : @ 108501.111: tcs3701: stop power rail pending_off timer
11-23 18:47:28.914  1011  1189 D ASH     : @ 108501.111: tcs3701: start power rail timer, state:3
11-23 18:47:28.954  1011  1189 I ASH     : @ 108501.151: tcs3701: stop power rail pending_off timer
11-23 18:47:28.954  1011  1189 D ASH     : @ 108501.151: tcs3701: start power rail timer, state:3
11-23 18:47:28.994  1011  1189 I ASH     : @ 108501.191: tcs3701: stop power rail pending_off timer
11-23 18:47:28.994  1011  1189 D ASH     : @ 108501.191: tcs3701: start power rail timer, state:3
11-23 18:47:29.014  9398  9436 I BatteryMgr:DataCollectionService: stats => 1700761649014,11291,4449,9765,4169000,100
11-23 18:47:29.034  1011  1189 I ASH     : @ 108501.231: tcs3701: stop power rail pending_off timer
11-23 18:47:29.034  1011  1189 D ASH     : @ 108501.231: tcs3701: start power rail timer, state:3
11-23 18:47:29.074  1011  1189 I ASH     : @ 108501.271: tcs3701: stop power rail pending_off timer
11-23 18:47:29.074  1011  1189 D ASH     : @ 108501.271: tcs3701: start power rail timer, state:3
11-23 18:47:29.114  1011  1189 I ASH     : @ 108501.311: tcs3701: stop power rail pending_off timer
11-23 18:47:29.114  1011  1189 D ASH     : @ 108501.311: tcs3701: start power rail timer, state:3
11-23 18:47:29.120  9398  9436 I BatteryMgr:DataCollectionService: stats => 1700761649120,11291,4449,9765,4169000,100
11-23 18:47:29.155  1011  1189 I ASH     : @ 108501.351: tcs3701: stop power rail pending_off timer
11-23 18:47:29.155  1011  1189 D ASH     : @ 108501.351: tcs3701: start power rail timer, state:3
11-23 18:47:29.194  1011  1189 I ASH     : @ 108501.391: tcs3701: stop power rail pending_off timer
11-23 18:47:29.194  1011  1189 D ASH     : @ 108501.391: tcs3701: start power rail timer, state:3
11-23 18:47:29.228  9398  9436 I BatteryMgr:DataCollectionService: stats => 1700761649228,11291,4449,9765,4169000,100
11-23 18:47:29.234  1011  1189 I ASH     : @ 108501.431: tcs3701: stop power rail pending_off timer
11-23 18:47:29.234  1011  1189 D ASH     : @ 108501.431: tcs3701: start power rail timer, state:3
11-23 18:47:29.275  1011  1189 I ASH     : @ 108501.471: tcs3701: stop power rail pending_off timer
11-23 18:47:29.275  1011  1189 D ASH     : @ 108501.471: tcs3701: start power rail timer, state:3
11-23 18:47:29.314  1011  1189 I ASH     : @ 108501.511: tcs3701: stop power rail pending_off timer
11-23 18:47:29.314  1011  1189 D ASH     : @ 108501.511: tcs3701: start power rail timer, state:3
11-23 18:47:29.336  9398  9436 I BatteryMgr:DataCollectionService: stats => 1700761649336,11291,4449,9765,4169000,100
11-23 18:47:29.354  1011  1189 I ASH     : @ 108501.551: tcs3701: stop power rail pending_off timer
11-23 18:47:29.354  1011  1189 D ASH     : @ 108501.551: tcs3701: start power rail timer, state:3
11-23 18:47:29.395  1011  1189 I ASH     : @ 108501.591: tcs3701: stop power rail pending_off timer
11-23 18:47:29.395  1011  1189 D ASH     : @ 108501.591: tcs3701: start power rail timer, state:3
11-23 18:47:29.434  1011  1189 I ASH     : @ 108501.631: tcs3701: stop power rail pending_off timer
11-23 18:47:29.434  1011  1189 D ASH     : @ 108501.631: tcs3701: start power rail timer, state:3
11-23 18:47:29.441  9398  9436 I BatteryMgr:DataCollectionService: stats => 1700761649441,11291,4449,9765,4169000,100
11-23 18:47:29.472  1795  2855 D ActivityManager: freezer override set to true
11-23 18:47:29.475  1011  1189 I ASH     : @ 108501.671: tcs3701: stop power rail pending_off timer
11-23 18:47:29.475  1011  1189 D ASH     : @ 108501.671: tcs3701: start power rail timer, state:3
11-23 18:47:29.476  1795  2855 D ActivityManager: freezer override set to false
11-23 18:47:29.514  1011  1189 I ASH     : @ 108501.711: tcs3701: stop power rail pending_off timer
11-23 18:47:29.514  1011  1189 D ASH     : @ 108501.711: tcs3701: start power rail timer, state:3
11-23 18:47:29.552  9398  9436 I BatteryMgr:DataCollectionService: stats => 1700761649552,11291,4449,9765,4169000,100
11-23 18:47:29.554  1011  1189 I ASH     : @ 108501.751: tcs3701: stop power rail pending_off timer
11-23 18:47:29.554  1011  1189 D ASH     : @ 108501.751: tcs3701: start power rail timer, state:3
11-23 18:47:29.558  1795  2855 D ActivityManager: freezer override set to true
11-23 18:47:29.594  1011  1189 I ASH     : @ 108501.791: tcs3701: stop power rail pending_off timer
11-23 18:47:29.594  1011  1189 D ASH     : @ 108501.791: tcs3701: start power rail timer, state:3
11-23 18:47:29.634  1011  1189 I ASH     : @ 108501.831: tcs3701: stop power rail pending_off timer
11-23 18:47:29.634  1011  1189 D ASH     : @ 108501.831: tcs3701: start power rail timer, state:3
11-23 18:47:29.647 19738 19795 I m.chrome.canary: Explicit concurrent copying GC freed 3962(207KB) AllocSpace objects, 6(184KB) LOS objects, 75% free, 12MB/48MB, paused 132us,25us total 52.180ms
11-23 18:47:29.661  9398  9436 I BatteryMgr:DataCollectionService: stats => 1700761649661,11291,4449,9765,4169000,100
11-23 18:47:29.674  1011  1189 I ASH     : @ 108501.871: tcs3701: stop power rail pending_off timer
11-23 18:47:29.674  1011  1189 D ASH     : @ 108501.871: tcs3701: start power rail timer, state:3
11-23 18:47:29.709  1795  2855 D ActivityManager: freezer override set to false
11-23 18:47:29.714  1011  1189 I ASH     : @ 108501.911: tcs3701: stop power rail pending_off timer
11-23 18:47:29.714  1011  1189 D ASH     : @ 108501.911: tcs3701: start power rail timer, state:3
11-23 18:47:29.755  1011  1189 I ASH     : @ 108501.951: tcs3701: stop power rail pending_off timer
11-23 18:47:29.755  1011  1189 D ASH     : @ 108501.951: tcs3701: start power rail timer, state:3
11-23 18:47:29.770  9398  9436 I BatteryMgr:DataCollectionService: stats => 1700761649770,11291,4449,9765,4169000,100
11-23 18:47:29.780  1795  2855 D ActivityManager: freezer override set to true
11-23 18:47:29.782  1795  2855 D ActivityManager: freezer override set to false
11-23 18:47:29.794  1011  1189 I ASH     : @ 108501.991: tcs3701: stop power rail pending_off timer
11-23 18:47:29.794  1011  1189 D ASH     : @ 108501.991: tcs3701: start power rail timer, state:3
11-23 18:47:29.834  1011  1189 I ASH     : @ 108502.031: tcs3701: stop power rail pending_off timer
11-23 18:47:29.834  1011  1189 D ASH     : @ 108502.031: tcs3701: start power rail timer, state:3
11-23 18:47:29.874  1011  1189 I ASH     : @ 108502.071: tcs3701: stop power rail pending_off timer
11-23 18:47:29.874  1011  1189 D ASH     : @ 108502.071: tcs3701: start power rail timer, state:3
11-23 18:47:29.875  9398  9436 I BatteryMgr:DataCollectionService: stats => 1700761649875,11291,4449,9765,4169000,100
11-23 18:47:29.914  1011  1189 I ASH     : @ 108502.111: tcs3701: stop power rail pending_off timer
11-23 18:47:29.914  1011  1189 D ASH     : @ 108502.111: tcs3701: start power rail timer, state:3
11-23 18:47:29.935  2113  2118 I pixel-thermal: skin-therm-monitor: 37.791
11-23 18:47:29.954  1011  1189 I ASH     : @ 108502.151: tcs3701: stop power rail pending_off timer
11-23 18:47:29.954  1011  1189 D ASH     : @ 108502.151: tcs3701: start power rail timer, state:3
11-23 18:47:29.983  9398  9436 I BatteryMgr:DataCollectionService: stats => 1700761649983,11291,4449,9765,4169000,100
11-23 18:47:29.994  1011  1189 I ASH     : @ 108502.191: tcs3701: stop power rail pending_off timer
11-23 18:47:29.994  1011  1189 D ASH     : @ 108502.191: tcs3701: start power rail timer, state:3
11-23 18:47:30.034  1011  1189 I ASH     : @ 108502.231: tcs3701: stop power rail pending_off timer
11-23 18:47:30.035  1011  1189 D ASH     : @ 108502.231: tcs3701: start power rail timer, state:3
11-23 18:47:30.074  1011  1189 I ASH     : @ 108502.271: tcs3701: stop power rail pending_off timer
11-23 18:47:30.074  1011  1189 D ASH     : @ 108502.271: tcs3701: start power rail timer, state:3
11-23 18:47:30.088  9398  9436 I BatteryMgr:DataCollectionService: stats => 1700761650088,11291,4449,9765,4169000,100
11-23 18:47:30.114  1011  1189 I ASH     : @ 108502.311: tcs3701: stop power rail pending_off timer
11-23 18:47:30.114  1011  1189 D ASH     : @ 108502.311: tcs3701: start power rail timer, state:3
11-23 18:47:30.154  1011  1189 I ASH     : @ 108502.351: tcs3701: stop power rail pending_off timer
11-23 18:47:30.154  1011  1189 D ASH     : @ 108502.351: tcs3701: start power rail timer, state:3
11-23 18:47:30.194  1011  1189 I ASH     : @ 108502.391: tcs3701: stop power rail pending_off timer
11-23 18:47:30.194  1011  1189 D ASH     : @ 108502.391: tcs3701: start power rail timer, state:3
11-23 18:47:30.195  9398  9436 I BatteryMgr:DataCollectionService: stats => 1700761650195,11291,4449,9765,4169000,100
11-23 18:47:30.234  1011  1189 I ASH     : @ 108502.431: tcs3701: stop power rail pending_off timer
11-23 18:47:30.234  1011  1189 D ASH     : @ 108502.431: tcs3701: start power rail timer, state:3
11-23 18:47:30.274  1011  1189 I ASH     : @ 108502.471: tcs3701: stop power rail pending_off timer
11-23 18:47:30.274  1011  1189 D ASH     : @ 108502.471: tcs3701: start power rail timer, state:3
11-23 18:47:30.301  9398  9436 I BatteryMgr:DataCollectionService: stats => 1700761650301,11291,4449,9765,4169000,100
11-23 18:47:30.314  1011  1189 I ASH     : @ 108502.511: tcs3701: stop power rail pending_off timer
11-23 18:47:30.314  1011  1189 D ASH     : @ 108502.511: tcs3701: start power rail timer, state:3
11-23 18:47:30.354  1011  1189 I ASH     : @ 108502.551: tcs3701: stop power rail pending_off timer
11-23 18:47:30.354  1011  1189 D ASH     : @ 108502.551: tcs3701: start power rail timer, state:3
11-23 18:47:30.395  1011  1189 I ASH     : @ 108502.591: tcs3701: stop power rail pending_off timer
11-23 18:47:30.395  1011  1189 D ASH     : @ 108502.591: tcs3701: start power rail timer, state:3
11-23 18:47:30.410  9398  9436 I BatteryMgr:DataCollectionService: stats => 1700761650410,11291,4449,9765,4169000,100
11-23 18:47:30.434  1011  1189 I ASH     : @ 108502.631: tcs3701: stop power rail pending_off timer
11-23 18:47:30.434  1011  1189 D ASH     : @ 108502.631: tcs3701: start power rail timer, state:3
11-23 18:47:30.474  1011  1189 I ASH     : @ 108502.671: tcs3701: stop power rail pending_off timer
11-23 18:47:30.474  1011  1189 D ASH     : @ 108502.671: tcs3701: start power rail timer, state:3
11-23 18:47:30.477  1795  2855 D ActivityManager: freezer override set to true
11-23 18:47:30.482  1795  2855 D ActivityManager: freezer override set to false
11-23 18:47:30.514  1011  1189 I ASH     : @ 108502.711: tcs3701: stop power rail pending_off timer
11-23 18:47:30.514  1011  1189 D ASH     : @ 108502.711: tcs3701: start power rail timer, state:3
11-23 18:47:30.517  9398  9436 I BatteryMgr:DataCollectionService: stats => 1700761650517,11291,4449,9765,4169000,100
11-23 18:47:30.554  1011  1189 I ASH     : @ 108502.751: tcs3701: stop power rail pending_off timer
11-23 18:47:30.554  1011  1189 D ASH     : @ 108502.751: tcs3701: start power rail timer, state:3
11-23 18:47:30.594  1011  1189 I ASH     : @ 108502.791: tcs3701: stop power rail pending_off timer
11-23 18:47:30.594  1011  1189 D ASH     : @ 108502.791: tcs3701: start power rail timer, state:3
11-23 18:47:30.621  9398  9436 I BatteryMgr:DataCollectionService: stats => 1700761650621,11291,4449,9765,4169000,100
11-23 18:47:30.634  1011  1189 I ASH     : @ 108502.831: tcs3701: stop power rail pending_off timer
11-23 18:47:30.634  1011  1189 D ASH     : @ 108502.831: tcs3701: start power rail timer, state:3
11-23 18:47:30.674  1011  1189 I ASH     : @ 108502.871: tcs3701: stop power rail pending_off timer
11-23 18:47:30.674  1011  1189 D ASH     : @ 108502.871: tcs3701: start power rail timer, state:3
11-23 18:47:30.714  1011  1189 I ASH     : @ 108502.911: tcs3701: stop power rail pending_off timer
11-23 18:47:30.714  1011  1189 D ASH     : @ 108502.911: tcs3701: start power rail timer, state:3
11-23 18:47:30.728  9398  9436 I BatteryMgr:DataCollectionService: stats => 1700761650727,11291,4449,9765,4169000,100
11-23 18:47:30.755  1011  1189 I ASH     : @ 108502.951: tcs3701: stop power rail pending_off timer
11-23 18:47:30.755  1011  1189 D ASH     : @ 108502.951: tcs3701: start power rail timer, state:3
11-23 18:47:30.794  1011  1189 I ASH     : @ 108502.991: tcs3701: stop power rail pending_off timer
11-23 18:47:30.794  1011  1189 D ASH     : @ 108502.991: tcs3701: start power rail timer, state:3
11-23 18:47:30.833  9398  9436 I BatteryMgr:DataCollectionService: stats => 1700761650833,11291,4449,9765,4169000,100
11-23 18:47:30.835  1011  1189 I ASH     : @ 108503.031: tcs3701: stop power rail pending_off timer
11-23 18:47:30.835  1011  1189 D ASH     : @ 108503.031: tcs3701: start power rail timer, state:3
11-23 18:47:30.874  1011  1189 I ASH     : @ 108503.071: tcs3701: stop power rail pending_off timer
11-23 18:47:30.874  1011  1189 D ASH     : @ 108503.071: tcs3701: start power rail timer, state:3
11-23 18:47:30.915  1011  1189 I ASH     : @ 108503.111: tcs3701: stop power rail pending_off timer
11-23 18:47:30.915  1011  1189 D ASH     : @ 108503.111: tcs3701: start power rail timer, state:3
11-23 18:47:30.930  1795  2855 D ActivityManager: freezer override set to true
11-23 18:47:30.942  9398  9436 I BatteryMgr:DataCollectionService: stats => 1700761650942,11291,4449,9765,4169000,100
11-23 18:47:30.954  1011  1189 I ASH     : @ 108503.151: tcs3701: stop power rail pending_off timer
11-23 18:47:30.954  1011  1189 D ASH     : @ 108503.151: tcs3701: start power rail timer, state:3
11-23 18:47:30.994  1011  1189 I ASH     : @ 108503.191: tcs3701: stop power rail pending_off timer
11-23 18:47:30.994  1011  1189 D ASH     : @ 108503.191: tcs3701: start power rail timer, state:3
11-23 18:47:31.015 19738 19795 I m.chrome.canary: Explicit concurrent copying GC freed 3602(176KB) AllocSpace objects, 3(60KB) LOS objects, 75% free, 12MB/48MB, paused 36us,25us total 49.002ms
11-23 18:47:31.034  1011  1189 I ASH     : @ 108503.231: tcs3701: stop power rail pending_off timer
11-23 18:47:31.035  1011  1189 D ASH     : @ 108503.231: tcs3701: start power rail timer, state:3
11-23 18:47:31.051  9398  9436 I BatteryMgr:DataCollectionService: stats => 1700761651051,11291,4449,9765,4169000,100
11-23 18:47:31.073  1795  2855 D ActivityManager: freezer override set to false
11-23 18:47:31.074  1011  1189 I ASH     : @ 108503.271: tcs3701: stop power rail pending_off timer
11-23 18:47:31.075  1011  1189 D ASH     : @ 108503.271: tcs3701: start power rail timer, state:3
11-23 18:47:31.114  1011  1189 I ASH     : @ 108503.311: tcs3701: stop power rail pending_off timer
11-23 18:47:31.114  1011  1189 D ASH     : @ 108503.311: tcs3701: start power rail timer, state:3
11-23 18:47:31.127  1795  2855 D ActivityManager: freezer override set to true
11-23 18:47:31.130  1795  2855 D ActivityManager: freezer override set to false
11-23 18:47:31.155  1011  1189 I ASH     : @ 108503.351: tcs3701: stop power rail pending_off timer
11-23 18:47:31.155  1011  1189 D ASH     : @ 108503.351: tcs3701: start power rail timer, state:3
11-23 18:47:31.162  9398  9436 I BatteryMgr:DataCollectionService: stats => 1700761651161,11291,4449,9765,4169000,100
11-23 18:47:31.194  1011  1189 I ASH     : @ 108503.391: tcs3701: stop power rail pending_off timer
11-23 18:47:31.194  1011  1189 D ASH     : @ 108503.391: tcs3701: start power rail timer, state:3
11-23 18:47:31.234  1011  1189 I ASH     : @ 108503.431: tcs3701: stop power rail pending_off timer
11-23 18:47:31.235  1011  1189 D ASH     : @ 108503.431: tcs3701: start power rail timer, state:3
11-23 18:47:31.244  3604  4214 I bbqr    : (REDACTED) getHotwordActive::active query: %s, watch: %s, devices connected: %s
11-23 18:47:31.267  9398  9436 I BatteryMgr:DataCollectionService: stats => 1700761651267,11291,4449,9765,4169000,100
11-23 18:47:31.274  1011  1189 I ASH     : @ 108503.471: tcs3701: stop power rail pending_off timer
11-23 18:47:31.274  1011  1189 D ASH     : @ 108503.471: tcs3701: start power rail timer, state:3
11-23 18:47:31.315  1011  1189 I ASH     : @ 108503.511: tcs3701: stop power rail pending_off timer
11-23 18:47:31.315  1011  1189 D ASH     : @ 108503.511: tcs3701: start power rail timer, state:3
11-23 18:47:31.318  1795  2424 D WifiClientModeImpl[13802:wlan0]: updateLinkLayerStatsRssiSpeedFrequencyCapabilities rssi=-45 TxLinkspeed=866 freq=5240 RxLinkSpeed=866
11-23 18:47:31.319  1795  2424 D WifiDataStall: tx tput in kbps: 667767
11-23 18:47:31.319  1795  2424 D WifiDataStall: rx tput in kbps: 794960
11-23 18:47:31.319  1795  2424 V WifiConfigManager: Updating scan detail cache freq=5240 BSSID=f4:6d:2f:12:cc:88 RSSI=-44 for "ourhome"WPA_PSK
11-23 18:47:31.319  2782  5906 D QCNEJ/WlanStaInfoRelay: Received action: android.net.wifi.RSSI_CHANGED
11-23 18:47:31.320  1795  2424 D WifiChannelUtilization:  freq: 5240 onTime: 3167678 busyTime: 270075 onTimeDiff: 3167383 busyTimeDiff: 270058 utilization: 21 utilization t0: 21
11-23 18:47:31.320  1795  2424 D WifiDataStall:  ccaLevel = 21
11-23 18:47:31.320  1795  2424 D WifiDataStall: L2 txTputKbps: 755212, rxTputKbps: 794960, L3 txTputKbps: 0, rxTputKbps: 1, TxTrafficHigh: false, RxTrafficHigh: false, Throughput Sufficient: true
11-23 18:47:31.320  3213  8092 V WifiManager: OnWifiUsabilityStatsListener: onWifiUsabilityStats: seqNum=35807
11-23 18:47:31.320  1795  2424 D WifiScoreReport: Wifi scoring disabled - Don't check IP layer
11-23 18:47:31.320  1795  2424 D WifiScoreCard: BSSID update SIGNAL_POLL ID: 1320464697 SSID: "ourhome", BSSID: f4:6d:2f:12:cc:88, MAC: b2:2f:ec:da:4a:0c, IP: /192.168.1.104, Security type: 2, Supplicant state: COMPLETED, Wi-Fi standard: 5, RSSI: -45, Link speed: 866Mbps, Tx Link speed: 866Mbps, Max Supported Tx Link speed: 866Mbps, Rx Link speed: 866Mbps, Max Supported Rx Link speed: 866Mbps, Frequency: 5240MHz, Net ID: 12, Metered hint: false, score: 60, isUsable: true, CarrierMerged: false, SubscriptionId: -1, IsPrimary: 1, Trusted: true, Restricted: false, Ephemeral: false, OEM paid: false, OEM private: false, OSU AP: false, FQDN: <none>, Provider friendly name: <none>, Requesting package name: <none>"ourhome"wpa2-pskMLO Information: , Is TID-To-Link negotiation supported by the AP: false, AP MLD Address: <none>, AP MLO Link Id: <none>, AP MLO Affiliated links: <none>
11-23 18:47:31.321  1795  2855 I WifiService: updateWifiUsabilityScore uid=10180 seqNum=35807 score=100 predictionHorizonSec=1441795
11-23 18:47:31.321  1795  2424 D WifiScoreCard: txRate: 5 txSpeed: 866
11-23 18:47:31.321  1795  2424 D WifiScoreCard: network update SIGNAL_POLL "ourhome" ID: 1499892569 RSSI -45 txSpeed 866
11-23 18:47:31.321  1795  2424 D WifiClientModeImpl[13802:wlan0]:  ClientModeImpl$L2ConnectedState screen=on 21 0 "ourhome" f4:6d:2f:12:cc:88 rssi=-45 f=5240 sc=60 link=866 tx=4.2, 0.5, 0.0 rx=3.0 bcn=1040295 [on:46 tx:0 rx:0 period:3009] from screen [on:118232 period:4029319] score=60
11-23 18:47:31.322  1795  2424 D WifiScoreReport: Wifi scoring disabled - Notify that Wifi is usable
11-23 18:47:31.324  1795  2432 D ConnectivityService: NetReassign [no changes] [c 0] [a 0] [i 1]
11-23 18:47:31.354  1011  1189 I ASH     : @ 108503.551: tcs3701: stop power rail pending_off timer
11-23 18:47:31.354  1011  1189 D ASH     : @ 108503.551: tcs3701: start power rail timer, state:3
11-23 18:47:31.373  9398  9436 I BatteryMgr:DataCollectionService: stats => 1700761651373,11291,4449,9765,4169000,100
11-23 18:47:31.395  1011  1189 I ASH     : @ 108503.591: tcs3701: stop power rail pending_off timer
11-23 18:47:31.395  1011  1189 D ASH     : @ 108503.591: tcs3701: start power rail timer, state:3
11-23 18:47:31.434  1011  1189 I ASH     : @ 108503.631: tcs3701: stop power rail pending_off timer
11-23 18:47:31.434  1011  1189 D ASH     : @ 108503.631: tcs3701: start power rail timer, state:3
11-23 18:47:31.474  1011  1189 I ASH     : @ 108503.671: tcs3701: stop power rail pending_off timer
11-23 18:47:31.474  1011  1189 D ASH     : @ 108503.671: tcs3701: start power rail timer, state:3
11-23 18:47:31.480  1795  2855 D ActivityManager: freezer override set to true
11-23 18:47:31.483  9398  9436 I BatteryMgr:DataCollectionService: stats => 1700761651483,11291,4449,9765,4169000,100
11-23 18:47:31.485  1795  2855 D ActivityManager: freezer override set to false
11-23 18:47:31.514  1011  1189 I ASH     : @ 108503.711: tcs3701: stop power rail pending_off timer
11-23 18:47:31.514  1011  1189 D ASH     : @ 108503.711: tcs3701: start power rail timer, state:3
11-23 18:47:31.554  1011  1189 I ASH     : @ 108503.751: tcs3701: stop power rail pending_off timer
11-23 18:47:31.554  1011  1189 D ASH     : @ 108503.751: tcs3701: start power rail timer, state:3
11-23 18:47:31.589  9398  9436 I BatteryMgr:DataCollectionService: stats => 1700761651589,11291,4449,9765,4169000,100
11-23 18:47:31.594  1011  1189 I ASH     : @ 108503.791: tcs3701: stop power rail pending_off timer
11-23 18:47:31.594  1011  1189 D ASH     : @ 108503.791: tcs3701: start power rail timer, state:3
11-23 18:47:31.634  1011  1189 I ASH     : @ 108503.831: tcs3701: stop power rail pending_off timer
11-23 18:47:31.634  1011  1189 D ASH     : @ 108503.831: tcs3701: start power rail timer, state:3
11-23 18:47:31.674  1011  1189 I ASH     : @ 108503.871: tcs3701: stop power rail pending_off timer
11-23 18:47:31.674  1011  1189 D ASH     : @ 108503.871: tcs3701: start power rail timer, state:3
11-23 18:47:31.696  9398  9436 I BatteryMgr:DataCollectionService: stats => 1700761651696,11291,4449,9765,4169000,100
11-23 18:47:31.714  1011  1189 I ASH     : @ 108503.911: tcs3701: stop power rail pending_off timer
11-23 18:47:31.714  1011  1189 D ASH     : @ 108503.911: tcs3701: start power rail timer, state:3
11-23 18:47:31.754  1011  1189 I ASH     : @ 108503.951: tcs3701: stop power rail pending_off timer
11-23 18:47:31.754  1011  1189 D ASH     : @ 108503.951: tcs3701: start power rail timer, state:3
11-23 18:47:31.794  1011  1189 I ASH     : @ 108503.991: tcs3701: stop power rail pending_off timer
