11-26 22:35:11.739  1795  2424 D WifiNetworkFactory: got request NetworkRequest [ REQUEST id=10530, [ Capabilities: INTERNET&NOT_RESTRICTED&TRUSTED&NOT_VCN_MANAGED Uid: 10010 RequestorUid: 10010 RequestorPkg: com.chrome.canary UnderlyingNetworks: Null] ]
11-26 22:35:11.740  1795  2432 D ConnectivityService: NetReassign [10530 : null  100] [c 0] [a 0] [i 2]
11-26 22:35:11.740  1795  2424 V WifiNetworkFactory: Accepted network request NetworkRequest [ REQUEST id=10530, [ Capabilities: INTERNET&NOT_RESTRICTED&TRUSTED&NOT_VCN_MANAGED Uid: 10010 RequestorUid: 10010 RequestorPkg: com.chrome.canary UnderlyingNetworks: Null] ]
11-26 22:35:11.740  1795  2424 D UntrustedWifiNetworkFactory: got request NetworkRequest [ REQUEST id=10530, [ Capabilities: INTERNET&NOT_RESTRICTED&TRUSTED&NOT_VCN_MANAGED Uid: 10010 RequestorUid: 10010 RequestorPkg: com.chrome.canary UnderlyingNetworks: Null] ]
11-26 22:35:11.740  1795  2424 D OemPaidWifiNetworkFactory: got request NetworkRequest [ REQUEST id=10530, [ Capabilities: INTERNET&NOT_RESTRICTED&TRUSTED&NOT_VCN_MANAGED Uid: 10010 RequestorUid: 10010 RequestorPkg: com.chrome.canary UnderlyingNetworks: Null] ]
11-26 22:35:11.740  1795  2424 D MultiInternetWifiNetworkFactory: got request NetworkRequest [ REQUEST id=10530, [ Capabilities: INTERNET&NOT_RESTRICTED&TRUSTED&NOT_VCN_MANAGED Uid: 10010 RequestorUid: 10010 RequestorPkg: com.chrome.canary UnderlyingNetworks: Null] ]
11-26 22:35:11.743  1795  2432 D ConnectivityService: NetReassign [no changes] [c 0] [a 1] [i 1]
11-26 22:35:11.743  1011  1189 I ASH     : @ 381363.914: tcs3701: stop power rail pending_off timer
11-26 22:35:11.743  1011  1189 D ASH     : @ 381363.914: tcs3701: start power rail timer, state:3
11-26 22:35:11.744 20904 20904 I LoadedApk: No resource references to update in package com.google.android.trichromelibrary.canary
11-26 22:35:11.745 20914 20914 I ActivityThread: Relaunch all activities: onCoreSettingsChange
11-26 22:35:11.745 20904 20904 D NetworkSecurityConfig: Using Network Security Config from resource 0_resource_name_obfuscated debugBuild: false
11-26 22:35:11.745 20914 20914 D CompatibilityChangeReporter: Compat change id reported: 171979766; UID 10010; state: ENABLED
11-26 22:35:11.751 20904 20904 D NetworkSecurityConfig: Using Network Security Config from resource 0_resource_name_obfuscated debugBuild: false
11-26 22:35:11.752 20904 20904 I cr_SplitCompatApp: Launched version=121.0.6145.0 minSdkVersion=29 isBundle=true processName=com.chrome.canary:sandboxed_process0:org.chromium.content.app.SandboxedProcessService0:0 isIsolated=true
11-26 22:35:11.752 20914 20914 W ziparchive: Unable to open '/data/app/~~xK2KNYhs7Vn18sxJkcMggA==/com.google.android.trichromelibrary.canary_614500033-17M9CAQF6V59_-2q0N8dYA==/base.dm': No such file or directory
11-26 22:35:11.752 20914 20914 W ziparchive: Unable to open '/data/app/~~xK2KNYhs7Vn18sxJkcMggA==/com.google.android.trichromelibrary.canary_614500033-17M9CAQF6V59_-2q0N8dYA==/base.dm': No such file or directory
11-26 22:35:11.757 20914 20914 W ileged_process0: Entry not found
11-26 22:35:11.759 20914 20914 D nativeloader: Configuring clns-4 for other apk /data/app/~~xK2KNYhs7Vn18sxJkcMggA==/com.google.android.trichromelibrary.canary_614500033-17M9CAQF6V59_-2q0N8dYA==/base.apk. target_sdk_version=34, uses_libraries=ALL, library_path=/data/app/~~z5-dMYmQLvS-4mWZ9yqnFA==/com.chrome.canary-7Pcck9f8OWCuqG0lIoq4tg==/lib/arm64:/data/app/~~z5-dMYmQLvS-4mWZ9yqnFA==/com.chrome.canary-7Pcck9f8OWCuqG0lIoq4tg==/base.apk!/lib/arm64-v8a:/data/app/~~xK2KNYhs7Vn18sxJkcMggA==/com.google.android.trichromelibrary.canary_614500033-17M9CAQF6V59_-2q0N8dYA==/base.apk!/lib/arm64-v8a, permitted_path=/data:/mnt/expand:/data/user/0/com.chrome.canary
11-26 22:35:11.761 20904 20904 W SystemServiceRegistry: No service published for: uimode
11-26 22:35:11.765 20914 20914 D nativeloader: Configuring clns-5 for other apk /data/app/~~z5-dMYmQLvS-4mWZ9yqnFA==/com.chrome.canary-7Pcck9f8OWCuqG0lIoq4tg==/base.apk. target_sdk_version=34, uses_libraries=, library_path=/data/app/~~z5-dMYmQLvS-4mWZ9yqnFA==/com.chrome.canary-7Pcck9f8OWCuqG0lIoq4tg==/lib/arm64:/data/app/~~z5-dMYmQLvS-4mWZ9yqnFA==/com.chrome.canary-7Pcck9f8OWCuqG0lIoq4tg==/base.apk!/lib/arm64-v8a:/data/app/~~xK2KNYhs7Vn18sxJkcMggA==/com.google.android.trichromelibrary.canary_614500033-17M9CAQF6V59_-2q0N8dYA==/base.apk!/lib/arm64-v8a, permitted_path=/data:/mnt/expand:/data/user/0/com.chrome.canary
11-26 22:35:11.768 20904 20904 I cr_ChildProcessService: Creating new ChildProcessService pid=20904
11-26 22:35:11.776 20832 20894 W chromium: [WARNING:ev_root_ca_metadata.cc(119)] Not implemented
11-26 22:35:11.777 20832 20894 W chromium: [WARNING:ev_root_ca_metadata.cc(119)] Not implemented
11-26 22:35:11.784  1011  1189 I ASH     : @ 381363.954: tcs3701: stop power rail pending_off timer
11-26 22:35:11.784  1011  1189 D ASH     : @ 381363.954: tcs3701: start power rail timer, state:3
11-26 22:35:11.785 20914 20914 V GraphicsEnvironment: ANGLE Developer option for 'com.chrome.canary' set to: 'default'
11-26 22:35:11.786 20914 20914 V GraphicsEnvironment: ANGLE GameManagerService for com.chrome.canary: false
11-26 22:35:11.786 20914 20914 V GraphicsEnvironment: Updatable production driver is not supported on the device.
11-26 22:35:11.787  1795  4167 D CompatibilityChangeReporter: Compat change id reported: 182734110; UID 10010; state: ENABLED
11-26 22:35:11.788 20914 20914 I LoadedApk: No resource references to update in package com.google.android.trichromelibrary.canary
11-26 22:35:11.789  1795  2735 D CompatibilityChangeReporter: Compat change id reported: 149924527; UID 10010; state: ENABLED
11-26 22:35:11.789 20914 20914 D NetworkSecurityConfig: Using Network Security Config from resource 0_resource_name_obfuscated debugBuild: false
11-26 22:35:11.789  1795  2735 D CompatibilityChangeReporter: Compat change id reported: 132649864; UID 10010; state: DISABLED
11-26 22:35:11.789 20914 20914 D NetworkSecurityConfig: Using Network Security Config from resource 0_resource_name_obfuscated debugBuild: false
11-26 22:35:11.790  1795  2735 D ConnectivityService: requestNetwork for uid/pid:10010/20832 activeRequest: null callbackRequest: 10532 [NetworkRequest [ REQUEST id=10533, [ Capabilities: INTERNET&NOT_RESTRICTED&TRUSTED&NOT_VCN_MANAGED Uid: 10010 RequestorUid: 10010 RequestorPkg: com.chrome.canary UnderlyingNetworks: Null] ]] callback flags: 0 order: 2147483647
11-26 22:35:11.791 20914 20914 I cr_SplitCompatApp: Launched version=121.0.6145.0 minSdkVersion=29 isBundle=true processName=com.chrome.canary:privileged_process0 isIsolated=false
11-26 22:35:11.793 20832 20832 I cr_EnterpriseInfoImpl: #setCacheResult() deviceOwned:false profileOwned:false
11-26 22:35:11.793 20832 20832 I cr_EnterpriseInfo: #getManagedStateForNative() FQ0@6eacb0f
11-26 22:35:11.793 20832 20832 I cr_CombinedPProvider: #registerProvider() provider:qN2@871379c isPolicyCacheEnabled:true policyProvidersSize:0
11-26 22:35:11.793 20832 20832 I cr_PolicyProvider: #setManagerAndSource() 0
11-26 22:35:11.793 20832 20832 I cr_CombinedPProvider: #registerProvider() provider:fj@5ce65a5 isPolicyCacheEnabled:false policyProvidersSize:1
11-26 22:35:11.794 20832 20832 I cr_PolicyProvider: #setManagerAndSource() 1
11-26 22:35:11.794  1795  2424 D WifiNetworkFactory: got request NetworkRequest [ REQUEST id=10533, [ Capabilities: INTERNET&NOT_RESTRICTED&TRUSTED&NOT_VCN_MANAGED Uid: 10010 RequestorUid: 10010 RequestorPkg: com.chrome.canary UnderlyingNetworks: Null] ]
11-26 22:35:11.794  1795  2424 V WifiNetworkFactory: Accepted network request NetworkRequest [ REQUEST id=10533, [ Capabilities: INTERNET&NOT_RESTRICTED&TRUSTED&NOT_VCN_MANAGED Uid: 10010 RequestorUid: 10010 RequestorPkg: com.chrome.canary UnderlyingNetworks: Null] ]
11-26 22:35:11.794 20832 20832 I cr_AppResProvider: #getApplicationRestrictionsFromUserManager() Bundle[EMPTY_PARCEL]
11-26 22:35:11.794 20832 20832 I cr_PolicyProvider: #notifySettingsAvailable() 1
11-26 22:35:11.794  1795  2424 D UntrustedWifiNetworkFactory: got request NetworkRequest [ REQUEST id=10533, [ Capabilities: INTERNET&NOT_RESTRICTED&TRUSTED&NOT_VCN_MANAGED Uid: 10010 RequestorUid: 10010 RequestorPkg: com.chrome.canary UnderlyingNetworks: Null] ]
11-26 22:35:11.794 20832 20832 I cr_CombinedPProvider: #onSettingsAvailable() 1
11-26 22:35:11.795  1795  2424 D OemPaidWifiNetworkFactory: got request NetworkRequest [ REQUEST id=10533, [ Capabilities: INTERNET&NOT_RESTRICTED&TRUSTED&NOT_VCN_MANAGED Uid: 10010 RequestorUid: 10010 RequestorPkg: com.chrome.canary UnderlyingNetworks: Null] ]
11-26 22:35:11.795  1795  2424 D MultiInternetWifiNetworkFactory: got request NetworkRequest [ REQUEST id=10533, [ Capabilities: INTERNET&NOT_RESTRICTED&TRUSTED&NOT_VCN_MANAGED Uid: 10010 RequestorUid: 10010 RequestorPkg: com.chrome.canary UnderlyingNetworks: Null] ]
11-26 22:35:11.795  1795  2432 D ConnectivityService: NetReassign [10533 : null  100] [c 0] [a 1] [i 2]
11-26 22:35:11.796 20832 20832 I cr_CompositorSurfaceMgr: Transitioning to surface with format: -1
11-26 22:35:11.797  1795  2432 D ConnectivityService: NetReassign [no changes] [c 0] [a 0] [i 2]
11-26 22:35:11.798 20832 20832 I cr_CompositorSurfaceMgr: surfaceCreated format: 0
11-26 22:35:11.801 20832 20832 W m.chrome.canary: Accessing hidden method Landroid/telephony/TelephonyManager;->getSubscriberInfoService()Lcom/android/internal/telephony/IPhoneSubInfo; (blocked, reflection, denied)
11-26 22:35:11.801 20832 20832 W m.chrome.canary: Accessing hidden method Landroid/telephony/TelephonyManager;->getSubscriberInfoService()Lcom/android/internal/telephony/IPhoneSubInfo; (blocked, reflection, denied)
11-26 22:35:11.801 20832 20832 W m.chrome.canary: Accessing hidden method Landroid/telephony/TelephonyManager;->getSubscriptionService()Lcom/android/internal/telephony/ISub; (blocked, reflection, denied)
11-26 22:35:11.801 20832 20832 W m.chrome.canary: Accessing hidden method Landroid/telephony/TelephonyManager;->getSubscriptionService()Lcom/android/internal/telephony/ISub; (blocked, reflection, denied)
11-26 22:35:11.801 20832 20832 W m.chrome.canary: Accessing hidden method Landroid/telephony/TelephonyManager;->getSmsService()Lcom/android/internal/telephony/ISms; (blocked, reflection, denied)
11-26 22:35:11.801 20832 20832 W m.chrome.canary: Accessing hidden method Landroid/telephony/TelephonyManager;->getSmsService()Lcom/android/internal/telephony/ISms; (blocked, reflection, denied)
11-26 22:35:11.802 20832 20832 W m.chrome.canary: Accessing hidden method Landroid/telephony/TelephonyManager;->getITelephony()Lcom/android/internal/telephony/ITelephony; (max-target-p, reflection, denied)
11-26 22:35:11.802 20832 20832 W m.chrome.canary: Accessing hidden method Landroid/telephony/TelephonyManager;->getITelephony()Lcom/android/internal/telephony/ITelephony; (max-target-p, reflection, denied)
11-26 22:35:11.802 20914 20914 I cr_ChildProcessService: Creating new ChildProcessService pid=20914
11-26 22:35:11.808 20914 20943 I cr_LibraryLoader: Loading monochrome_64 from within /data/app/~~z5-dMYmQLvS-4mWZ9yqnFA==/com.chrome.canary-7Pcck9f8OWCuqG0lIoq4tg==/base.apk
11-26 22:35:11.808 20914 20943 I cr_Linker: loadLibraryImplLocked: monochrome_64, relroMode=2
11-26 22:35:11.817 20914 20943 I cr_LibraryLoader: Successfully loaded native library
11-26 22:35:11.817 20914 20943 I cr_CachingUmaRecorder: Flushed 4 samples from 4 histograms, 0 samples were dropped.
11-26 22:35:11.818 20832 20832 I cr_ChromeTabbedActivity: #initializeState
11-26 22:35:11.821 20914 20943 I AdrenoGLES-0: QUALCOMM build                   : 4783c89, I46ff5fc46f
11-26 22:35:11.821 20914 20943 I AdrenoGLES-0: Build Date                       : 11/30/20
11-26 22:35:11.821 20914 20943 I AdrenoGLES-0: OpenGL ES Shader Compiler Version: EV031.31.04.01
11-26 22:35:11.821 20914 20943 I AdrenoGLES-0: Local Branch                     : QPR2
11-26 22:35:11.821 20914 20943 I AdrenoGLES-0: Remote Branch                    : 
11-26 22:35:11.821 20914 20943 I AdrenoGLES-0: Remote Branch                    : 
11-26 22:35:11.821 20914 20943 I AdrenoGLES-0: Reconstruct Branch               : 
11-26 22:35:11.821 20914 20943 I AdrenoGLES-0: Build Config                     : S P 10.0.4 AArch64
11-26 22:35:11.821 20914 20943 I AdrenoGLES-0: Driver Path                      : /vendor/lib64/egl/libGLESv2_adreno.so
11-26 22:35:11.823  1011  1189 I ASH     : @ 381363.994: tcs3701: stop power rail pending_off timer
11-26 22:35:11.823  1011  1189 D ASH     : @ 381363.994: tcs3701: start power rail timer, state:3
11-26 22:35:11.824 20914 20943 I AdrenoGLES-0: PFP: 0x016dd093, ME: 0x00000000
11-26 22:35:11.826 20914 20943 W AdrenoUtils: <ReadGpuID_from_sysfs:197>: Failed to open /sys/class/kgsl/kgsl-3d0/gpu_model
11-26 22:35:11.826 20914 20943 W AdrenoUtils: <ReadGpuID:221>: Failed to read chip ID from gpu_model. Fallback to use the GSL path
11-26 22:35:11.848 20832 20832 E m.chrome.canary: Invalid ID 0x00000000.
11-26 22:35:11.853 20914 20943 D vulkan  : searching for layers in '/data/app/~~z5-dMYmQLvS-4mWZ9yqnFA==/com.chrome.canary-7Pcck9f8OWCuqG0lIoq4tg==/lib/arm64'
11-26 22:35:11.853 20914 20943 D vulkan  : searching for layers in '/data/app/~~z5-dMYmQLvS-4mWZ9yqnFA==/com.chrome.canary-7Pcck9f8OWCuqG0lIoq4tg==/base.apk!/lib/arm64-v8a'
11-26 22:35:11.853 20914 20943 D vulkan  : searching for layers in '/data/app/~~xK2KNYhs7Vn18sxJkcMggA==/com.google.android.trichromelibrary.canary_614500033-17M9CAQF6V59_-2q0N8dYA==/base.apk!/lib/arm64-v8a'
11-26 22:35:11.856 20914 20943 I AdrenoVK-0: ===== BEGIN DUMP OF OVERRIDDEN SETTINGS =====
11-26 22:35:11.856 20914 20943 I AdrenoVK-0: ===== END DUMP OF OVERRIDDEN SETTINGS =====
11-26 22:35:11.856 20914 20943 I AdrenoVK-0: QUALCOMM build          : 4783c89, I46ff5fc46f
11-26 22:35:11.856 20914 20943 I AdrenoVK-0: Build Date              : 11/30/20
11-26 22:35:11.856 20914 20943 I AdrenoVK-0: Shader Compiler Version : EV031.31.04.01
11-26 22:35:11.856 20914 20943 I AdrenoVK-0: Local Branch            : QPR2
11-26 22:35:11.856 20914 20943 I AdrenoVK-0: Remote Branch           : 
11-26 22:35:11.856 20914 20943 I AdrenoVK-0: Remote Branch           : 
11-26 22:35:11.856 20914 20943 I AdrenoVK-0: Reconstruct Branch      : 
11-26 22:35:11.856 20914 20943 I AdrenoVK-0: Build Config            : S P 10.0.4 AArch64
11-26 22:35:11.856 20914 20943 I AdrenoVK-0: Driver Path             : /vendor/lib64/hw/vulkan.adreno.so
11-26 22:35:11.860 26741 26741 D BoundBrokerSvc: onBind: Intent { act=com.google.android.gms.languageprofile.service.START pkg=com.google.android.gms }
11-26 22:35:11.860 26741 26741 D BoundBrokerSvc: Loading bound service for intent: Intent { act=com.google.android.gms.languageprofile.service.START pkg=com.google.android.gms }
11-26 22:35:11.861 26741 26741 E AbstractGmsTracer: Traced class shouldn't be obfuscated: LanguageProfileChimeraService [CONTEXT service_id=259 ]
11-26 22:35:11.863  1011  1189 I ASH     : @ 381364.034: tcs3701: stop power rail pending_off timer
11-26 22:35:11.863  1011  1189 D ASH     : @ 381364.034: tcs3701: start power rail timer, state:3
11-26 22:35:11.867 26741 26741 E AbstractGmsTracer: Traced class shouldn't be obfuscated: GmsIntentOperationChimeraService [CONTEXT service_id=259 ]
11-26 22:35:11.868 20914 20950 W Parcel  : Expecting binder but got null!
11-26 22:35:11.872 26741 20953 E AbstractGmsTracer: Traced class shouldn't be obfuscated: AccountsChangedIntentOperation [CONTEXT service_id=259 ]
11-26 22:35:11.874 20832 20832 V MediaRouter: Selecting route: RouteInfo{ name=Phone, description=null, status=null, category=RouteCategory{ name=System types=ROUTE_TYPE_LIVE_AUDIO ROUTE_TYPE_LIVE_VIDEO  groupable=false }, supportedTypes=ROUTE_TYPE_LIVE_AUDIO ROUTE_TYPE_LIVE_VIDEO , presentationDisplay=null }
11-26 22:35:11.874 20832 20832 I MediaRouter: Skip setBluetoothA2dpOn(): types=8388615, isPlaybackActive()=false, BT route=null
11-26 22:35:11.875 20832 20832 W m.chrome.canary: Accessing hidden field Landroid/media/MediaRouter;->sStatic:Landroid/media/MediaRouter$Static; (max-target-o, reflection, denied)
11-26 22:35:11.876 20832 20832 I GlobalMediaRouter: Found default route: MediaRouter.RouteInfo{ uniqueId=DEFAULT_ROUTE, name=Phone, description=null, iconUri=null, enabled=true, isSystemRoute=true, connectionState=0, canDisconnect=false, playbackType=0, playbackStream=3, deviceType=0, volumeHandling=1, volume=0, volumeMax=25, presentationDisplayId=-1, extras=null, settingsIntent=null, providerPackageName=android }
11-26 22:35:11.876 20832 20832 I GlobalMediaRouter: Unselecting the current route because it is no longer selectable: null
11-26 22:35:11.883 20832 20902 W cr_media: BLUETOOTH_CONNECT permission is missing.
11-26 22:35:11.884 20832 20902 W cr_media: registerBluetoothIntentsIfNeeded: Requires BLUETOOTH permission
11-26 22:35:11.888 20904 20939 I cr_LibraryLoader: Successfully loaded native library
11-26 22:35:11.888 20904 20939 I cr_CachingUmaRecorder: Flushed 3 samples from 3 histograms, 0 samples were dropped.
11-26 22:35:11.903  1011  1189 I ASH     : @ 381364.074: tcs3701: stop power rail pending_off timer
11-26 22:35:11.903  1011  1189 D ASH     : @ 381364.074: tcs3701: start power rail timer, state:3
11-26 22:35:11.914 26837 29465 I FontLog : (REDACTED) Received query %s, URI %s
11-26 22:35:11.914 26837 29465 I FontLog : (REDACTED) Query [%s] resolved to %s
11-26 22:35:11.915 26837 29465 I FontLog : (REDACTED) Font PFD returned from cache for %s
11-26 22:35:11.915 26837 29465 I FontLog : (REDACTED) Fetch %s end status %s
11-26 22:35:11.916 26837 29465 I FontLog : (REDACTED) Pulling font file for id = %d, cache size = %d
11-26 22:35:11.918 26837 29465 I FontLog : (REDACTED) Received query %s, URI %s
11-26 22:35:11.918 26837 29465 I FontLog : (REDACTED) Query [%s] resolved to %s
11-26 22:35:11.919 26837 29465 I FontLog : (REDACTED) Fetch %s end status %s
11-26 22:35:11.920 26837 29465 I FontLog : (REDACTED) Pulling font file for id = %d, cache size = %d
11-26 22:35:11.921 26837 29465 I FontLog : (REDACTED) Received query %s, URI %s
11-26 22:35:11.921 26837 29465 I FontLog : (REDACTED) Query [%s] resolved to %s
11-26 22:35:11.922 26837 29465 I FontLog : (REDACTED) Font PFD returned from cache for %s
11-26 22:35:11.922 26837 29465 I FontLog : (REDACTED) Fetch %s end status %s
11-26 22:35:11.922 26837 29465 I FontLog : (REDACTED) Pulling font file for id = %d, cache size = %d
11-26 22:35:11.924 26837 29465 I FontLog : (REDACTED) Received query %s, URI %s
11-26 22:35:11.924 26837 29465 I FontLog : (REDACTED) Query [%s] resolved to %s
11-26 22:35:11.925 26837 29465 I FontLog : (REDACTED) Font PFD returned from cache for %s
11-26 22:35:11.925 26837 29465 I FontLog : (REDACTED) Fetch %s end status %s
11-26 22:35:11.926 26837 29465 I FontLog : (REDACTED) Pulling font file for id = %d, cache size = %d
11-26 22:35:11.943  1011  1189 I ASH     : @ 381364.114: tcs3701: stop power rail pending_off timer
11-26 22:35:11.943  1011  1189 D ASH     : @ 381364.114: tcs3701: start power rail timer, state:3
11-26 22:35:11.951 20832 20892 W chromium: [WARNING:ev_root_ca_metadata.cc(119)] Not implemented
11-26 22:35:11.955  3563  2297 D MediaProvider: Open with FUSE. FilePath: /storage/emulated/0/Download/batterymanager-companion-1.0.0.zip. Uid: 10010. Media Capabilities Uid: 0. ShouldRedact: false. ShouldTranscode: false
11-26 22:35:11.958 26741 26741 E AbstractGmsTracer: Traced class shouldn't be obfuscated: LanguageProfileGcmTaskChimeraService [CONTEXT service_id=259 ]
11-26 22:35:11.958 26741 26741 E AbstractGmsTracer: Traced class shouldn't be obfuscated: LanguageProfileGcmTaskChimeraService [CONTEXT service_id=259 ]
11-26 22:35:11.971 26837 30232 I NetworkScheduler.Stats: (REDACTED) Task %s/%s started execution. cause:%s exec_start_elapsed_seconds: %s
11-26 22:35:11.972 20904 20939 I tflite  : Initialized TensorFlow Lite runtime.
11-26 22:35:11.972 20904 20939 W libc    : Access denied finding property "ro.mediatek.platform"
11-26 22:35:11.972 20904 20939 W libc    : Access denied finding property "ro.chipname"
11-26 22:35:11.972 20904 20939 W libc    : Access denied finding property "ro.hardware.chipname"
11-26 22:35:11.976 20914 20951 I AdrenoVK-0: QUALCOMM build          : 4783c89, I46ff5fc46f
11-26 22:35:11.976 20914 20951 I AdrenoVK-0: Build Date              : 11/30/20
11-26 22:35:11.976 20914 20951 I AdrenoVK-0: Shader Compiler Version : EV031.31.04.01
11-26 22:35:11.976 20914 20951 I AdrenoVK-0: Local Branch            : QPR2
11-26 22:35:11.976 20914 20951 I AdrenoVK-0: Remote Branch           : 
11-26 22:35:11.976 20914 20951 I AdrenoVK-0: Remote Branch           : 
11-26 22:35:11.976 20914 20951 I AdrenoVK-0: Reconstruct Branch      : 
11-26 22:35:11.976 20914 20951 I AdrenoVK-0: Build Config            : S P 10.0.4 AArch64
11-26 22:35:11.976 20914 20951 I AdrenoVK-0: Driver Path             : /vendor/lib64/hw/vulkan.adreno.so
11-26 22:35:11.976  1795  4167 W InputManager-JNI: Input channel object '611cf3b Splash Screen com.chrome.canary (client)' was disposed without first being removed with the input manager!
11-26 22:35:11.983  3563  2297 D MediaProvider: Open with FUSE. FilePath: /storage/emulated/0/Download/com.example.batterymanager_utility (1).apk. Uid: 10010. Media Capabilities Uid: 0. ShouldRedact: false. ShouldTranscode: false
11-26 22:35:11.983  1011  1189 I ASH     : @ 381364.154: tcs3701: stop power rail pending_off timer
11-26 22:35:11.983  1011  1189 D ASH     : @ 381364.154: tcs3701: start power rail timer, state:3
11-26 22:35:11.985  2940  3994 D OneSearchSuggestProvider: Shut down the binder channel
11-26 22:35:11.985  2940 29302 I s.nexuslauncher: oneway function results for code 2 on binder at 0xb4000070951edeb0 will be dropped but finished with status UNKNOWN_TRANSACTION
11-26 22:35:11.985  3875  3875 I dzhj    : onStop
11-26 22:35:11.987 20832 20832 I cr_OfflineIndicator: onConnectionTypeChanged 2
11-26 22:35:11.988 20832 20832 I cr_OfflineIndicator: Reported by system: [ Transports: WIFI Capabilities: NOT_METERED&INTERNET&NOT_RESTRICTED&TRUSTED&NOT_VPN&VALIDATED&NOT_ROAMING&FOREGROUND&NOT_CONGESTED&NOT_SUSPENDED&NOT_VCN_MANAGED LinkUpBandwidth>=4532Kbps LinkDnBandwidth>=58426Kbps TransportInfo: <SSID: <unknown ssid>, BSSID: 02:00:00:00:00:00, MAC: 02:00:00:00:00:00, IP: /192.168.1.104, Security type: 2, Supplicant state: COMPLETED, Wi-Fi standard: 5, RSSI: -45, Link speed: 866Mbps, Tx Link speed: 866Mbps, Max Supported Tx Link speed: 866Mbps, Rx Link speed: 6Mbps, Max Supported Rx Link speed: 866Mbps, Frequency: 5240MHz, Net ID: -1, Metered hint: false, score: 60, isUsable: true, CarrierMerged: false, SubscriptionId: -1, IsPrimary: -1, Trusted: true, Restricted: false, Ephemeral: false, OEM paid: false, OEM private: false, OSU AP: false, FQDN: <none>, Provider friendly name: <none>, Requesting package name: <none><none>MLO Information: , Is TID-To-Link negotiation supported by the AP: false, AP MLD Address: <none>, AP MLO Link Id: <none>, AP MLO Affiliated links: <none>> SignalStrength: -45 UnderlyingNetworks: Null]
11-26 22:35:11.988 20832 20832 I cr_OfflineIndicator: setConnectionState connectionState=4
11-26 22:35:11.988 20832 20832 W Settings: Setting airplane_mode_on has moved from android.provider.Settings.System to android.provider.Settings.Global, returning read-only value.
11-26 22:35:11.988  3657  4525 D ForegroundUtils: Foreground UID status:
11-26 22:35:11.988  3657  4525 D ForegroundUtils: UID: 10010 is in foreground: true
11-26 22:35:11.988  3657  4525 D ForegroundUtils: UID: 10128 is in foreground: true
11-26 22:35:11.988  3657  4525 D ForegroundUtils: UID: 10158 is in foreground: true
11-26 22:35:11.988  3657  4525 D ForegroundUtils: UID: 10189 is in foreground: false
11-26 22:35:11.988  3657  4525 D ForegroundUtils: UID: 10194 is in foreground: true
11-26 22:35:11.988  3657  4525 D ForegroundUtils: UID: 10206 is in foreground: false
11-26 22:35:11.988  3657  4525 D ForegroundUtils: UID: 10233 is in foreground: true
11-26 22:35:11.988  3657  4525 D ForegroundUtils: UID: 10244 is in foreground: false
11-26 22:35:11.988  3657  4525 D ForegroundUtils: UID: 10319 is in foreground: true
11-26 22:35:11.988  3657  4525 D ForegroundUtils: UID: 90000 is in foreground: true
11-26 22:35:11.988 20832 20832 I cr_OfflineDetector: Received connection change state message. mConnectivityDetectorInitialized: true, mTimeWhenLastForegrounded: 381360802, getElapsedTime: 381360803, mTimeWhenLastOfflineNotificationReceived: 0, mTimeWhenLastOnline: 381360803, mTimeWhenAirplaneModeToggledOff: 0 mApplicationState: 1, mIsOfflineLastReportedByConnectivityDetector: false, mInAirplaneMode: false mIsEffectivelyOffline: false
11-26 22:35:11.988 20832 20832 I cr_OfflineDetector: onConnectionStateChanged(): previousLastReportedStateByOfflineDetector: false
11-26 22:35:11.988 20832 20832 I cr_OfflineDetector: Running updateState mConnectivityDetectorInitialized: true, mTimeWhenLastForegrounded: 381360802, getElapsedTime: 381360803, mTimeWhenLastOfflineNotificationReceived: 0, mTimeWhenLastOnline: 381360803, mTimeWhenAirplaneModeToggledOff: 0 mApplicationState: 1, mIsOfflineLastReportedByConnectivityDetector: false, mInAirplaneMode: false mIsEffectivelyOffline: false
11-26 22:35:11.988 20832 20832 I cr_OfflineDetector: updateState(): timeSinceLastForeground: 1, timeSinceOfflineNotificationReceived: 381360803, timeSinceLastOnline: 0, timeNeededForForeground: 1999, timeNeededForOffline: -381358803 timeSinceAirplaneModeToggledOff: 381360803 timeNeededAfterConnectionChangeFromOnlineToOffline: 10000 timeNeededAfterConnectionChangeFromAirplaneToOffline: 0
11-26 22:35:11.988 20832 20832 I cr_OfflineDetector: Running mUpdateOfflineStatusIndicatorDelayedRunnable start. mConnectivityDetectorInitialized: true, mTimeWhenLastForegrounded: 381360802, getElapsedTime: 381360803, mTimeWhenLastOfflineNotificationReceived: 0, mTimeWhenLastOnline: 381360803, mTimeWhenAirplaneModeToggledOff: 0 mApplicationState: 1, mIsOfflineLastReportedByConnectivityDetector: false, mInAirplaneMode: false mIsEffectivelyOffline: false
11-26 22:35:11.988 20832 20832 I cr_OfflineDetector: Running mUpdateOfflineStatusIndicatorDelayedRunnable end. mConnectivityDetectorInitialized: true, mTimeWhenLastForegrounded: 381360802, getElapsedTime: 381360803, mTimeWhenLastOfflineNotificationReceived: 0, mTimeWhenLastOnline: 381360803, mTimeWhenAirplaneModeToggledOff: 0 mApplicationState: 1, mIsOfflineLastReportedByConnectivityDetector: false, mInAirplaneMode: false mIsEffectivelyOffline: false
11-26 22:35:11.988 20832 20832 I cr_OfflineIndicator: processConnectivityCheckResult mConnectionState=4 mConnectivityCheckingStage=1
11-26 22:35:12.004 20914 20964 W VideoCapabilities: Unrecognized level 1879048707 for video/x-vnd.on2.vp8
11-26 22:35:12.004 20914 20964 W VideoCapabilities: Unrecognized profile 1879048704 for video/x-vnd.on2.vp8
11-26 22:35:12.004 20914 20964 W VideoCapabilities: Unrecognized level 1879048707 for video/x-vnd.on2.vp8
11-26 22:35:12.004 20914 20964 W VideoCapabilities: Unrecognized profile 1879048704 for video/x-vnd.on2.vp8
11-26 22:35:12.007 20914 20964 W VideoCapabilities: Unsupported mime image/vnd.android.heic
11-26 22:35:12.007 20914 20964 W VideoCapabilities: Unrecognized level 1879048707 for video/x-vnd.on2.vp8
11-26 22:35:12.007 20914 20964 W VideoCapabilities: Unrecognized profile 1879048704 for video/x-vnd.on2.vp8
11-26 22:35:12.008 20914 20964 W VideoCapabilities: Unrecognized level 1879048707 for video/x-vnd.on2.vp8
11-26 22:35:12.008 20914 20964 W VideoCapabilities: Unrecognized profile 1879048704 for video/x-vnd.on2.vp8
11-26 22:35:12.012  3563  2297 D MediaProvider: Open with FUSE. FilePath: /storage/emulated/0/Download/com.example.batterymanager_utility.apk. Uid: 10010. Media Capabilities Uid: 0. ShouldRedact: false. ShouldTranscode: false
11-26 22:35:12.015 20914 20964 W cr_VAUtil: Unknown profile: 1879048704 for codec video/x-vnd.on2.vp8
11-26 22:35:12.024  1011  1189 I ASH     : @ 381364.194: tcs3701: stop power rail pending_off timer
11-26 22:35:12.024  1011  1189 D ASH     : @ 381364.194: tcs3701: start power rail timer, state:3
11-26 22:35:12.027   595   595 I servicemanager: Could not find android.hardware.graphics.allocator.IAllocator/default in the VINTF manifest.
11-26 22:35:12.032 26837 20794 I NetworkScheduler.Stats: (REDACTED) Task %s/%s finished executing. cause:%s result: %s elapsed_millis: %s uptime_millis: %s exec_start_elapsed_seconds: %s
11-26 22:35:12.062  1795  2735 D ConnectivityService: requestNetwork for uid/pid:10010/20832 activeRequest: null callbackRequest: 10535 [NetworkRequest [ REQUEST id=10536, [ Capabilities: INTERNET&NOT_RESTRICTED&TRUSTED&NOT_VCN_MANAGED Uid: 10010 RequestorUid: 10010 RequestorPkg: com.chrome.canary UnderlyingNetworks: Null] ]] callback flags: 0 order: 2147483647
11-26 22:35:12.063  1011  1189 I ASH     : @ 381364.234: tcs3701: stop power rail pending_off timer
11-26 22:35:12.063  1011  1189 D ASH     : @ 381364.234: tcs3701: start power rail timer, state:3
11-26 22:35:12.065  1795  2424 D WifiNetworkFactory: got request NetworkRequest [ REQUEST id=10536, [ Capabilities: INTERNET&NOT_RESTRICTED&TRUSTED&NOT_VCN_MANAGED Uid: 10010 RequestorUid: 10010 RequestorPkg: com.chrome.canary UnderlyingNetworks: Null] ]
11-26 22:35:12.065  1795  2424 V WifiNetworkFactory: Accepted network request NetworkRequest [ REQUEST id=10536, [ Capabilities: INTERNET&NOT_RESTRICTED&TRUSTED&NOT_VCN_MANAGED Uid: 10010 RequestorUid: 10010 RequestorPkg: com.chrome.canary UnderlyingNetworks: Null] ]
11-26 22:35:12.065  1795  2424 D UntrustedWifiNetworkFactory: got request NetworkRequest [ REQUEST id=10536, [ Capabilities: INTERNET&NOT_RESTRICTED&TRUSTED&NOT_VCN_MANAGED Uid: 10010 RequestorUid: 10010 RequestorPkg: com.chrome.canary UnderlyingNetworks: Null] ]
11-26 22:35:12.065  3563  2297 D MediaProvider: Open with FUSE. FilePath: /storage/emulated/0/Download/batterymanager-companion-1.0.0.zip. Uid: 10010. Media Capabilities Uid: 0. ShouldRedact: false. ShouldTranscode: false
11-26 22:35:12.065  1795  2424 D OemPaidWifiNetworkFactory: got request NetworkRequest [ REQUEST id=10536, [ Capabilities: INTERNET&NOT_RESTRICTED&TRUSTED&NOT_VCN_MANAGED Uid: 10010 RequestorUid: 10010 RequestorPkg: com.chrome.canary UnderlyingNetworks: Null] ]
11-26 22:35:12.065  1795  2424 D MultiInternetWifiNetworkFactory: got request NetworkRequest [ REQUEST id=10536, [ Capabilities: INTERNET&NOT_RESTRICTED&TRUSTED&NOT_VCN_MANAGED Uid: 10010 RequestorUid: 10010 RequestorPkg: com.chrome.canary UnderlyingNetworks: Null] ]
11-26 22:35:12.066  1795  2432 D ConnectivityService: NetReassign [10536 : null  100] [c 0] [a 1] [i 2]
11-26 22:35:12.069  1795  2432 D ConnectivityService: NetReassign [no changes] [c 0] [a 0] [i 3]
11-26 22:35:12.075 20832 20832 I cr_InactivityTracker: Last background time read from the SharedPreference is:-1.
11-26 22:35:12.075  3563  2297 D MediaProvider: Open with FUSE. FilePath: /storage/emulated/0/Download/com.example.batterymanager_utility (1).apk. Uid: 10010. Media Capabilities Uid: 0. ShouldRedact: false. ShouldTranscode: false
11-26 22:35:12.076 20832 20832 I cr_VideoPersist: Exited picture in picture with reason: 0
11-26 22:35:12.078 20832 20832 I cr_InactivityTracker: Last visible time read from the SharedPreference is:1701034380276.
11-26 22:35:12.082  3563  2297 D MediaProvider: Open with FUSE. FilePath: /storage/emulated/0/Download/com.example.batterymanager_utility.apk. Uid: 10010. Media Capabilities Uid: 0. ShouldRedact: false. ShouldTranscode: false
11-26 22:35:12.091 20832 20832 I cr_PwaRestore: Not showing PWA Restore promo, feature flag is disabled
11-26 22:35:12.100 20832 20832 I cr_InactivityTracker: Last visible time read from the SharedPreference is:1701034512078.
11-26 22:35:12.101 20832 20900 W chromium: [WARNING:ev_root_ca_metadata.cc(119)] Not implemented
11-26 22:35:12.103  1011  1189 I ASH     : @ 381364.274: tcs3701: stop power rail pending_off timer
11-26 22:35:12.103  1011  1189 D ASH     : @ 381364.274: tcs3701: start power rail timer, state:3
11-26 22:35:12.108 20832 20892 W chromium: [WARNING:ev_root_ca_metadata.cc(119)] Not implemented
11-26 22:35:12.108 20832 20893 W chromium: [WARNING:ev_root_ca_metadata.cc(119)] Not implemented
11-26 22:35:12.108 20832 20892 W chromium: [WARNING:ev_root_ca_metadata.cc(119)] Not implemented
11-26 22:35:12.109 20832 20894 W chromium: [WARNING:ev_root_ca_metadata.cc(119)] Not implemented
11-26 22:35:12.110 20832 20892 W chromium: [WARNING:ev_root_ca_metadata.cc(119)] Not implemented
11-26 22:35:12.110 20832 20892 W chromium: [WARNING:ev_root_ca_metadata.cc(119)] Not implemented
11-26 22:35:12.112 20832 20893 W chromium: [WARNING:ev_root_ca_metadata.cc(119)] Not implemented
11-26 22:35:12.113 20832 20892 W chromium: [WARNING:ev_root_ca_metadata.cc(119)] Not implemented
11-26 22:35:12.113 20832 20892 W chromium: [WARNING:ev_root_ca_metadata.cc(119)] Not implemented
11-26 22:35:12.125 20832 20832 I Choreographer: Skipped 47 frames!  The application may be doing too much work on its main thread.
11-26 22:35:12.143  1011  1189 I ASH     : @ 381364.314: tcs3701: stop power rail pending_off timer
11-26 22:35:12.143  1011  1189 D ASH     : @ 381364.314: tcs3701: start power rail timer, state:3
11-26 22:35:12.157 20832 20893 W chromium: [WARNING:ev_root_ca_metadata.cc(119)] Not implemented
11-26 22:35:12.157 20832 20900 W chromium: [WARNING:ev_root_ca_metadata.cc(119)] Not implemented
11-26 22:35:12.157 20832 20900 W chromium: [WARNING:ev_root_ca_metadata.cc(119)] Not implemented
11-26 22:35:12.183  1011  1189 I ASH     : @ 381364.354: tcs3701: stop power rail pending_off timer
11-26 22:35:12.183  1011  1189 D ASH     : @ 381364.354: tcs3701: start power rail timer, state:3
11-26 22:35:12.207  1795  4167 D CompatibilityChangeReporter: Compat change id reported: 214016041; UID 10010; state: ENABLED
11-26 22:35:12.210  3375  3375 I GoogleInputMethodService: GoogleInputMethodService.onFinishInput():3154 
11-26 22:35:12.211  3375  3375 I GoogleInputMethodService: GoogleInputMethodService.updateDeviceLockedStatus():2088 repeatCheckTimes = 0, locked = false
11-26 22:35:12.214  3375  3375 I GoogleInputMethodService: GoogleInputMethodService.onStartInput():1883 onStartInput(EditorInfo{EditorInfo{packageName=com.chrome.canary, inputType=0, inputTypeString=NULL, enableLearning=false, autoCorrection=false, autoComplete=false, imeOptions=12000000, privateImeOptions=null, actionName=UNSPECIFIED, actionLabel=null, initialSelStart=-1, initialSelEnd=-1, initialCapsMode=0, label=null, fieldId=-1, fieldName=null, extras=null, hintText=null, hintLocales=[]}}, false)
11-26 22:35:12.215 20832 20832 I cr_PolicyProvider: #notifySettingsAvailable() 0
11-26 22:35:12.215 20832 20832 I cr_CombinedPProvider: #onSettingsAvailable() 0
11-26 22:35:12.215 20832 20832 I cr_CombinedPProvider: #flushPolicies()
11-26 22:35:12.215  3375  3375 I GoogleInputMethodService: GoogleInputMethodService.updateDeviceLockedStatus():2088 repeatCheckTimes = 1, locked = false
11-26 22:35:12.215 20832 20832 I cr_PolicyService: #onPolicyServiceInitialized()
11-26 22:35:12.216 20832 20832 I cr_PolicyProvider: #notifySettingsAvailable() 0
11-26 22:35:12.216 20832 20832 I cr_CombinedPProvider: #onSettingsAvailable() 0
11-26 22:35:12.216 20832 20832 I cr_CombinedPProvider: #flushPolicies()
11-26 22:35:12.223  1011  1189 I ASH     : @ 381364.394: tcs3701: stop power rail pending_off timer
11-26 22:35:12.223  1011  1189 D ASH     : @ 381364.394: tcs3701: start power rail timer, state:3
11-26 22:35:12.223 20832 20894 W chromium: [WARNING:ev_root_ca_metadata.cc(119)] Not implemented
11-26 22:35:12.238 20832 20832 V MediaRouter: Selecting route: RouteInfo{ name=Phone, description=null, status=null, category=RouteCategory{ name=System types=ROUTE_TYPE_LIVE_AUDIO ROUTE_TYPE_LIVE_VIDEO  groupable=false }, supportedTypes=ROUTE_TYPE_LIVE_AUDIO ROUTE_TYPE_LIVE_VIDEO , presentationDisplay=null }
11-26 22:35:12.263  1011  1189 I ASH     : @ 381364.434: tcs3701: stop power rail pending_off timer
11-26 22:35:12.263  1011  1189 D ASH     : @ 381364.434: tcs3701: start power rail timer, state:3
11-26 22:35:12.303  1011  1189 I ASH     : @ 381364.474: tcs3701: stop power rail pending_off timer
11-26 22:35:12.303  1011  1189 D ASH     : @ 381364.474: tcs3701: start power rail timer, state:3
11-26 22:35:12.343  1011  1189 I ASH     : @ 381364.514: tcs3701: stop power rail pending_off timer
11-26 22:35:12.343  1011  1189 D ASH     : @ 381364.514: tcs3701: start power rail timer, state:3
11-26 22:35:12.384  1011  1189 I ASH     : @ 381364.554: tcs3701: stop power rail pending_off timer
11-26 22:35:12.384  1011  1189 D ASH     : @ 381364.554: tcs3701: start power rail timer, state:3
11-26 22:35:12.423  1011  1189 I ASH     : @ 381364.594: tcs3701: stop power rail pending_off timer
11-26 22:35:12.423  1011  1189 D ASH     : @ 381364.594: tcs3701: start power rail timer, state:3
11-26 22:35:12.451 26837 27258 I Auth    : [RequestTokenOperation] Facet event logged for AUTH_ACCOUNT_BASE_TOKEN_RETURNED [CONTEXT service_id=343 ]
11-26 22:35:12.454 26837 26837 D BoundBrokerSvc: onBind: Intent { act=com.google.android.gms.auth.account.workaccount.START dat=chimera-action:/... cmp=com.google.android.gms/.chimera.PersistentApiService }
11-26 22:35:12.454 26837 26837 D BoundBrokerSvc: Loading bound service for intent: Intent { act=com.google.android.gms.auth.account.workaccount.START dat=chimera-action:/... cmp=com.google.android.gms/.chimera.PersistentApiService }
11-26 22:35:12.455 26837 26837 E AbstractGmsTracer: Traced class shouldn't be obfuscated: WorkAccountApiService [CONTEXT service_id=259 ]
11-26 22:35:12.463  1011  1189 I ASH     : @ 381364.634: tcs3701: stop power rail pending_off timer
11-26 22:35:12.463  1011  1189 D ASH     : @ 381364.634: tcs3701: start power rail timer, state:3
11-26 22:35:12.487 20832 20893 W chromium: [WARNING:ev_root_ca_metadata.cc(119)] Not implemented
11-26 22:35:12.488 20832 20893 W chromium: [WARNING:ev_root_ca_metadata.cc(119)] Not implemented
11-26 22:35:12.494  1795  2424 D WifiClientModeImpl[13802:wlan0]: updateLinkLayerStatsRssiSpeedFrequencyCapabilities rssi=-45 TxLinkspeed=780 freq=5240 RxLinkSpeed=866
11-26 22:35:12.495  1795  2424 D WifiDataStall: tx tput in kbps: 654164
11-26 22:35:12.495  1795  2424 D WifiDataStall: rx tput in kbps: 764515
11-26 22:35:12.495  1795  2424 V WifiConfigManager: Updating scan detail cache freq=5240 BSSID=f4:6d:2f:12:cc:88 RSSI=-45 for "ourhome"WPA_PSK
11-26 22:35:12.495  2782  5906 D QCNEJ/WlanStaInfoRelay: Received action: android.net.wifi.RSSI_CHANGED
11-26 22:35:12.496  2673  2693 V WifiManager: OnWifiUsabilityStatsListener: onWifiUsabilityStats: seqNum=97940
11-26 22:35:12.496  1795  4167 I WifiService: updateWifiUsabilityScore uid=10180 seqNum=97940 score=100 predictionHorizonSec=1441795
11-26 22:35:12.497  1795  2424 D WifiChannelUtilization:  freq: 5240 onTime: 10754868 busyTime: 987130 onTimeDiff: 1107012 busyTimeDiff: 130644 utilization: 30 utilization t0: 23
11-26 22:35:12.497  1795  2424 D WifiDataStall:  ccaLevel = 30
11-26 22:35:12.497  1795  2424 D WifiDataStall: L2 txTputKbps: 585304, rxTputKbps: 764515, L3 txTputKbps: 130, rxTputKbps: 3299, TxTrafficHigh: true, RxTrafficHigh: true, Throughput Sufficient: true
11-26 22:35:12.497  1795  2424 D WifiScoreReport: Wifi scoring disabled - Don't check IP layer
11-26 22:35:12.497  1795  2424 D WifiScoreCard: BSSID update SIGNAL_POLL ID: 1320464697 SSID: "ourhome", BSSID: f4:6d:2f:12:cc:88, MAC: b2:2f:ec:da:4a:0c, IP: /192.168.1.104, Security type: 2, Supplicant state: COMPLETED, Wi-Fi standard: 5, RSSI: -45, Link speed: 780Mbps, Tx Link speed: 780Mbps, Max Supported Tx Link speed: 866Mbps, Rx Link speed: 866Mbps, Max Supported Rx Link speed: 866Mbps, Frequency: 5240MHz, Net ID: 12, Metered hint: false, score: 60, isUsable: true, CarrierMerged: false, SubscriptionId: -1, IsPrimary: 1, Trusted: true, Restricted: false, Ephemeral: false, OEM paid: false, OEM private: false, OSU AP: false, FQDN: <none>, Provider friendly name: <none>, Requesting package name: <none>"ourhome"wpa2-pskMLO Information: , Is TID-To-Link negotiation supported by the AP: false, AP MLD Address: <none>, AP MLO Link Id: <none>, AP MLO Affiliated links: <none>
11-26 22:35:12.497  1795  2424 D WifiScoreCard: txRate: 78 txSpeed: 780
11-26 22:35:12.497  1795  2424 D WifiScoreCard: network update SIGNAL_POLL "ourhome" ID: 1499892569 RSSI -45 txSpeed 780
11-26 22:35:12.497  1795  2424 D WifiClientModeImpl[13802:wlan0]:  ClientModeImpl$L2ConnectedState screen=on 37 0 "ourhome" f4:6d:2f:12:cc:88 rssi=-45 f=5240 sc=60 link=780 tx=65.3, 12.2, 0.0 rx=129.8 bcn=3609814 [on:673 tx:36 rx:16 period:3011] from screen [on:1118887 period:22077783] score=60
11-26 22:35:12.497  2513  2533 V WifiManager: TrafficStateCallbackProxy: onStateChanged state=3
11-26 22:35:12.498  1795  2424 D WifiScoreReport: Wifi scoring disabled - Notify that Wifi is usable
11-26 22:35:12.500  1795  2432 D ConnectivityService: NetReassign [no changes] [c 0] [a 0] [i 1]
11-26 22:35:12.503  1011  1189 I ASH     : @ 381364.674: tcs3701: stop power rail pending_off timer
11-26 22:35:12.503  1011  1189 D ASH     : @ 381364.674: tcs3701: start power rail timer, state:3
11-26 22:35:12.543  1011  1189 I ASH     : @ 381364.714: tcs3701: stop power rail pending_off timer
11-26 22:35:12.543  1011  1189 D ASH     : @ 381364.714: tcs3701: start power rail timer, state:3
11-26 22:35:12.569 20832 20893 W chromium: [WARNING:ev_root_ca_metadata.cc(119)] Not implemented
11-26 22:35:12.584  1011  1189 I ASH     : @ 381364.754: tcs3701: stop power rail pending_off timer
11-26 22:35:12.584  1011  1189 D ASH     : @ 381364.754: tcs3701: start power rail timer, state:3
11-26 22:35:12.585 20832 20894 W chromium: [WARNING:ev_root_ca_metadata.cc(119)] Not implemented
11-26 22:35:12.585 20832 20894 W chromium: [WARNING:ev_root_ca_metadata.cc(119)] Not implemented
11-26 22:35:12.612  1795  2120 D CompatibilityChangeReporter: Compat change id reported: 143937733; UID 10010; state: ENABLED
11-26 22:35:12.623  1011  1189 I ASH     : @ 381364.794: tcs3701: stop power rail pending_off timer
11-26 22:35:12.623  1011  1189 D ASH     : @ 381364.794: tcs3701: start power rail timer, state:3
11-26 22:35:12.624 20878 20878 D Zygote  : Forked child process 20992
11-26 22:35:12.626  1795  2120 I ActivityManager: Start proc 20992:com.chrome.canary:sandboxed_process0:org.chromium.content.app.SandboxedProcessService0:1/u0ai1 for  {com.chrome.canary/org.chromium.content.app.SandboxedProcessService0:1}
11-26 22:35:12.628 20992 20992 E libc    : SetHeapTaggingLevel: re-enabling tagging after it was disabled is not supported
11-26 22:35:12.629  1795  2387 D ActivityManager: freezer override set to true
11-26 22:35:12.632 20992 20992 I ocessService0:1: Using CollectorTypeCC GC.
11-26 22:35:12.640  1383  1442 I adbd    : jdwp connection from 20992
11-26 22:35:12.640  1795  2387 D ActivityManager: freezer override set to false
11-26 22:35:12.651 20992 20992 I ActivityThread: Relaunch all activities: onCoreSettingsChange
11-26 22:35:12.652  3657  4525 D ForegroundUtils: Foreground UID status:
11-26 22:35:12.652  3657  4525 D ForegroundUtils: UID: 10010 is in foreground: true
11-26 22:35:12.652  3657  4525 D ForegroundUtils: UID: 10128 is in foreground: true
11-26 22:35:12.652  3657  4525 D ForegroundUtils: UID: 10158 is in foreground: true
11-26 22:35:12.652  3657  4525 D ForegroundUtils: UID: 10189 is in foreground: false
11-26 22:35:12.652  3657  4525 D ForegroundUtils: UID: 10194 is in foreground: true
11-26 22:35:12.652  3657  4525 D ForegroundUtils: UID: 10206 is in foreground: false
11-26 22:35:12.652  3657  4525 D ForegroundUtils: UID: 10233 is in foreground: true
11-26 22:35:12.652  3657  4525 D ForegroundUtils: UID: 10244 is in foreground: false
11-26 22:35:12.652  3657  4525 D ForegroundUtils: UID: 10319 is in foreground: true
11-26 22:35:12.652  3657  4525 D ForegroundUtils: UID: 90000 is in foreground: true
11-26 22:35:12.652  3657  4525 D ForegroundUtils: UID: 90001 is in foreground: true
11-26 22:35:12.652 20992 20992 D CompatibilityChangeReporter: Compat change id reported: 171979766; UID 90001; state: ENABLED
11-26 22:35:12.663  1011  1189 I ASH     : @ 381364.834: tcs3701: stop power rail pending_off timer
11-26 22:35:12.663  1011  1189 D ASH     : @ 381364.835: tcs3701: start power rail timer, state:3
11-26 22:35:12.666 20992 20992 I LoadedApk: No resource references to update in package com.google.android.trichromelibrary.canary
11-26 22:35:12.666 20992 20992 D NetworkSecurityConfig: Using Network Security Config from resource 0_resource_name_obfuscated debugBuild: false
11-26 22:35:12.667 20992 20992 D NetworkSecurityConfig: Using Network Security Config from resource 0_resource_name_obfuscated debugBuild: false
11-26 22:35:12.668 20992 20992 I cr_SplitCompatApp: Launched version=121.0.6145.0 minSdkVersion=29 isBundle=true processName=com.chrome.canary:sandboxed_process0:org.chromium.content.app.SandboxedProcessService0:1 isIsolated=true
11-26 22:35:12.674 20992 20992 W SystemServiceRegistry: No service published for: uimode
11-26 22:35:12.680 20992 20992 I cr_ChildProcessService: Creating new ChildProcessService pid=20992
11-26 22:35:12.689 20992 21011 I cr_LibraryLoader: Successfully loaded native library
11-26 22:35:12.689 20992 21011 I cr_CachingUmaRecorder: Flushed 3 samples from 3 histograms, 0 samples were dropped.
11-26 22:35:12.703  1011  1189 I ASH     : @ 381364.874: tcs3701: stop power rail pending_off timer
11-26 22:35:12.703  1011  1189 D ASH     : @ 381364.874: tcs3701: start power rail timer, state:3
11-26 22:35:12.709 20992 21011 I chromium: [INFO:child_process_service.cc(69)] ChildProcessService: Exiting child process.
11-26 22:35:12.711  1795  2387 I ActivityManager: Killing 20992:com.chrome.canary:sandboxed_process0:org.chromium.content.app.SandboxedProcessService0:1/u0a10i-8999 (adj 0): isolated not needed
11-26 22:35:12.711  1795  2145 I libprocessgroup: Successfully killed process cgroup uid 90001 pid 20992 in 0ms
11-26 22:35:12.729 20878 20878 I Zygote  : Process 20992 exited cleanly (0)
11-26 22:35:12.729 20832 20832 W chromium: [WARNING:compositor_view.cc(339)] Child process died (type=6) pid=20992)
11-26 22:35:12.731  3657  4525 D ForegroundUtils: UID: 90001 deleted.
11-26 22:35:12.743  1795  2150 E system_server: updateValue is called with a value 36556958, which is lower than the previous value 36567336
11-26 22:35:12.743  1011  1189 I ASH     : @ 381364.914: tcs3701: stop power rail pending_off timer
11-26 22:35:12.743  1011  1189 D ASH     : @ 381364.914: tcs3701: start power rail timer, state:3
11-26 22:35:12.784  1011  1189 I ASH     : @ 381364.954: tcs3701: stop power rail pending_off timer
11-26 22:35:12.784  1011  1189 D ASH     : @ 381364.954: tcs3701: start power rail timer, state:3
11-26 22:35:12.808 20832 20893 I cr_ADCP : No customization source found
11-26 22:35:12.812 26837 26837 D BoundBrokerSvc: onBind: Intent { act=com.google.android.gms.icing.LIGHTWEIGHT_INDEX_SERVICE pkg=com.google.android.gms }
11-26 22:35:12.812 26837 26837 D BoundBrokerSvc: Loading bound service for intent: Intent { act=com.google.android.gms.icing.LIGHTWEIGHT_INDEX_SERVICE pkg=com.google.android.gms }
11-26 22:35:12.816  1795  4167 D ActivityManager: freezer override set to true
11-26 22:35:12.817 26837 26837 E AbstractGmsTracer: Traced class shouldn't be obfuscated: LightweightIndexChimeraService [CONTEXT service_id=259 ]
11-26 22:35:12.821 20832 20893 E cr_PartnerBMReader: ATTENTION: not using partner bookmarks as none were provided
11-26 22:35:12.823  1011  1189 I ASH     : @ 381364.994: tcs3701: stop power rail pending_off timer
11-26 22:35:12.823  1011  1189 D ASH     : @ 381364.994: tcs3701: start power rail timer, state:3
11-26 22:35:12.824 26741 26741 D BoundBrokerSvc: onBind: Intent { act=com.google.android.gms.feedback.internal.IFeedbackService dat=chimera-action:/... cmp=com.google.android.gms/.chimera.GmsBoundBrokerService }
11-26 22:35:12.824 26741 26741 D BoundBrokerSvc: Loading bound service for intent: Intent { act=com.google.android.gms.feedback.internal.IFeedbackService dat=chimera-action:/... cmp=com.google.android.gms/.chimera.GmsBoundBrokerService }
11-26 22:35:12.832 26837 26837 E AbstractGmsTracer: Traced class shouldn't be obfuscated: LockboxBrokerChimeraService [CONTEXT service_id=259 ]
11-26 22:35:12.837 26741 26741 E AbstractGmsTracer: Traced class shouldn't be obfuscated: AppIndexingChimeraService [CONTEXT service_id=259 ]
11-26 22:35:12.843 26741 26741 E AbstractGmsTracer: Traced class shouldn't be obfuscated: IndexChimeraService [CONTEXT service_id=259 ]
11-26 22:35:12.851 26741 26741 E AbstractGmsTracer: Traced class shouldn't be obfuscated: IndexWorkerChimeraService [CONTEXT service_id=259 ]
11-26 22:35:12.852 26741 26781 I Icing   : IndexChimeraService.getServiceInterface callingPackage=com.google.android.gms componentName=null serviceId=30
11-26 22:35:12.854 26741 26741 E AbstractGmsTracer: Traced class shouldn't be obfuscated: GmsBoundBrokerChimeraService [CONTEXT service_id=259 ]
11-26 22:35:12.854 26741 26741 D BoundBrokerSvc: onBind: Intent { act=com.google.android.gms.common.BIND_SHARED_PREFS pkg=com.google.android.gms }
11-26 22:35:12.855 26741 26741 D BoundBrokerSvc: Loading bound service for intent: Intent { act=com.google.android.gms.common.BIND_SHARED_PREFS pkg=com.google.android.gms }
11-26 22:35:12.855 26741 26741 E AbstractGmsTracer: Traced class shouldn't be obfuscated: SharedPreferencesBoundService [CONTEXT service_id=259 ]
11-26 22:35:12.860 26837 26837 D BoundBrokerSvc: onBind: Intent { act=com.google.android.gms.icing.LIGHTWEIGHT_INDEX_SERVICE dat=chimera-action:/... cmp=com.google.android.gms/.chimera.PersistentApiService }
