11-26 22:27:06.703  1011  1189 D ASH     : @ 380878.874: tcs3701: start power rail timer, state:3
11-26 22:27:06.743  1011  1189 I ASH     : @ 380878.914: tcs3701: stop power rail pending_off timer
11-26 22:27:06.743  1011  1189 D ASH     : @ 380878.914: tcs3701: start power rail timer, state:3
11-26 22:27:06.767  8427  8469 I BatteryMgr:DataCollectionService: stats => 1701034026767,12207,4444,2136,4169000,100
11-26 22:27:06.783  1011  1189 I ASH     : @ 380878.954: tcs3701: stop power rail pending_off timer
11-26 22:27:06.784  1011  1189 D ASH     : @ 380878.954: tcs3701: start power rail timer, state:3
11-26 22:27:06.823  1011  1189 I ASH     : @ 380878.994: tcs3701: stop power rail pending_off timer
11-26 22:27:06.823  1011  1189 D ASH     : @ 380878.994: tcs3701: start power rail timer, state:3
11-26 22:27:06.863  1011  1189 I ASH     : @ 380879.034: tcs3701: stop power rail pending_off timer
11-26 22:27:06.863  1011  1189 D ASH     : @ 380879.034: tcs3701: start power rail timer, state:3
11-26 22:27:06.873  8427  8469 I BatteryMgr:DataCollectionService: stats => 1701034026873,12207,4444,2136,4169000,100
11-26 22:27:06.904  1011  1189 I ASH     : @ 380879.074: tcs3701: stop power rail pending_off timer
11-26 22:27:06.904  1011  1189 D ASH     : @ 380879.074: tcs3701: start power rail timer, state:3
11-26 22:27:06.943  1011  1189 I ASH     : @ 380879.114: tcs3701: stop power rail pending_off timer
11-26 22:27:06.943  1011  1189 D ASH     : @ 380879.114: tcs3701: start power rail timer, state:3
11-26 22:27:06.957  1795  4165 D ActivityManager: freezer override set to true
11-26 22:27:06.962  1795  4165 D ActivityManager: freezer override set to false
11-26 22:27:06.978  8427  8469 I BatteryMgr:DataCollectionService: stats => 1701034026978,12207,4444,2136,4169000,100
11-26 22:27:06.985  1011  1189 I ASH     : @ 380879.154: tcs3701: stop power rail pending_off timer
11-26 22:27:06.985  1011  1189 D ASH     : @ 380879.154: tcs3701: start power rail timer, state:3
11-26 22:27:06.990  1795  2424 D WifiClientModeImpl[13802:wlan0]: updateLinkLayerStatsRssiSpeedFrequencyCapabilities rssi=-46 TxLinkspeed=780 freq=5240 RxLinkSpeed=6
11-26 22:27:06.991  1795  2424 D WifiDataStall: tx tput in kbps: 654164
11-26 22:27:06.991  1795  2424 D WifiDataStall: rx tput in kbps: 764515
11-26 22:27:06.991  1795  2424 V WifiConfigManager: Updating scan detail cache freq=5240 BSSID=f4:6d:2f:12:cc:88 RSSI=-46 for "ourhome"WPA_PSK
11-26 22:27:06.991  1795  2424 D WifiChannelUtilization:  freq: 5240 onTime: 10725105 busyTime: 984832 onTimeDiff: 1077249 busyTimeDiff: 128346 utilization: 30 utilization t0: 23
11-26 22:27:06.991  1795  2424 D WifiDataStall:  ccaLevel = 30
11-26 22:27:06.991  1795  2424 D WifiDataStall: L2 txTputKbps: 654164, rxTputKbps: 764515, L3 txTputKbps: 0, rxTputKbps: 0, TxTrafficHigh: false, RxTrafficHigh: false, Throughput Sufficient: true
11-26 22:27:06.992  2673  2693 V WifiManager: OnWifiUsabilityStatsListener: onWifiUsabilityStats: seqNum=97779
11-26 22:27:06.993  1795  4165 I WifiService: updateWifiUsabilityScore uid=10180 seqNum=97779 score=100 predictionHorizonSec=1441795
11-26 22:27:06.993  1795  2424 D WifiScoreReport: Wifi scoring disabled - Don't check IP layer
11-26 22:27:06.993  1795  2424 D WifiScoreCard: BSSID update SIGNAL_POLL ID: 1320464697 SSID: "ourhome", BSSID: f4:6d:2f:12:cc:88, MAC: b2:2f:ec:da:4a:0c, IP: /192.168.1.104, Security type: 2, Supplicant state: COMPLETED, Wi-Fi standard: 5, RSSI: -46, Link speed: 780Mbps, Tx Link speed: 780Mbps, Max Supported Tx Link speed: 866Mbps, Rx Link speed: 6Mbps, Max Supported Rx Link speed: 866Mbps, Frequency: 5240MHz, Net ID: 12, Metered hint: false, score: 60, isUsable: true, CarrierMerged: false, SubscriptionId: -1, IsPrimary: 1, Trusted: true, Restricted: false, Ephemeral: false, OEM paid: false, OEM private: false, OSU AP: false, FQDN: <none>, Provider friendly name: <none>, Requesting package name: <none>"ourhome"wpa2-pskMLO Information: , Is TID-To-Link negotiation supported by the AP: false, AP MLD Address: <none>, AP MLO Link Id: <none>, AP MLO Affiliated links: <none>
11-26 22:27:06.993  1795  2424 D WifiScoreCard: txRate: 1 txSpeed: 780
11-26 22:27:06.993  1795  2424 D WifiScoreCard: network update SIGNAL_POLL "ourhome" ID: 1499892569 RSSI -46 txSpeed -1
11-26 22:27:06.994  2513  8309 V WifiManager: TrafficStateCallbackProxy: onStateChanged state=3
11-26 22:27:06.994  1795  2424 D WifiClientModeImpl[13802:wlan0]:  ClientModeImpl$L2ConnectedState screen=on 37 0 "ourhome" f4:6d:2f:12:cc:88 rssi=-46 f=5240 sc=60 link=780 tx=0.2, 0.0, 0.0 rx=0.2 bcn=3605083 [on:231 tx:0 rx:2 period:3014] from screen [on:1089124 period:21592280] score=60
11-26 22:27:06.994  1795  2424 D WifiScoreReport: Wifi scoring disabled - Notify that Wifi is usable
11-26 22:27:06.998  1795  2432 D ConnectivityService: NetReassign [no changes] [c 0] [a 1] [i 2]
11-26 22:27:07.023  1011  1189 I ASH     : @ 380879.194: tcs3701: stop power rail pending_off timer
11-26 22:27:07.023  1011  1189 D ASH     : @ 380879.194: tcs3701: start power rail timer, state:3
11-26 22:27:07.063  1011  1189 I ASH     : @ 380879.234: tcs3701: stop power rail pending_off timer
11-26 22:27:07.063  1011  1189 D ASH     : @ 380879.234: tcs3701: start power rail timer, state:3
11-26 22:27:07.084  8427  8469 I BatteryMgr:DataCollectionService: stats => 1701034027084,12207,4444,2136,4169000,100
11-26 22:27:07.103  1011  1189 I ASH     : @ 380879.274: tcs3701: stop power rail pending_off timer
11-26 22:27:07.103  1011  1189 D ASH     : @ 380879.274: tcs3701: start power rail timer, state:3
11-26 22:27:07.143  1011  1189 I ASH     : @ 380879.314: tcs3701: stop power rail pending_off timer
11-26 22:27:07.143  1011  1189 D ASH     : @ 380879.314: tcs3701: start power rail timer, state:3
11-26 22:27:07.183  1011  1189 I ASH     : @ 380879.354: tcs3701: stop power rail pending_off timer
11-26 22:27:07.183  1011  1189 D ASH     : @ 380879.354: tcs3701: start power rail timer, state:3
11-26 22:27:07.191  8427  8469 I BatteryMgr:DataCollectionService: stats => 1701034027190,12207,4444,2136,4169000,100
11-26 22:27:07.223  1011  1189 I ASH     : @ 380879.394: tcs3701: stop power rail pending_off timer
11-26 22:27:07.223  1011  1189 D ASH     : @ 380879.394: tcs3701: start power rail timer, state:3
11-26 22:27:07.263  1011  1189 I ASH     : @ 380879.434: tcs3701: stop power rail pending_off timer
11-26 22:27:07.263  1011  1189 D ASH     : @ 380879.434: tcs3701: start power rail timer, state:3
11-26 22:27:07.298  8427  8469 I BatteryMgr:DataCollectionService: stats => 1701034027298,12207,4444,2136,4169000,100
11-26 22:27:07.303  1011  1189 I ASH     : @ 380879.474: tcs3701: stop power rail pending_off timer
11-26 22:27:07.303  1011  1189 D ASH     : @ 380879.474: tcs3701: start power rail timer, state:3
11-26 22:27:07.343  1011  1189 I ASH     : @ 380879.514: tcs3701: stop power rail pending_off timer
11-26 22:27:07.343  1011  1189 D ASH     : @ 380879.514: tcs3701: start power rail timer, state:3
11-26 22:27:07.383  1011  1189 I ASH     : @ 380879.554: tcs3701: stop power rail pending_off timer
11-26 22:27:07.383  1011  1189 D ASH     : @ 380879.554: tcs3701: start power rail timer, state:3
11-26 22:27:07.404  8427  8469 I BatteryMgr:DataCollectionService: stats => 1701034027404,12207,4444,2136,4169000,100
11-26 22:27:07.423  1011  1189 I ASH     : @ 380879.594: tcs3701: stop power rail pending_off timer
11-26 22:27:07.423  1011  1189 D ASH     : @ 380879.594: tcs3701: start power rail timer, state:3
11-26 22:27:07.463  1011  1189 I ASH     : @ 380879.634: tcs3701: stop power rail pending_off timer
11-26 22:27:07.463  1011  1189 D ASH     : @ 380879.634: tcs3701: start power rail timer, state:3
11-26 22:27:07.503  1011  1189 I ASH     : @ 380879.674: tcs3701: stop power rail pending_off timer
11-26 22:27:07.503  1011  1189 D ASH     : @ 380879.674: tcs3701: start power rail timer, state:3
11-26 22:27:07.512  8427  8469 I BatteryMgr:DataCollectionService: stats => 1701034027512,12207,4444,2136,4169000,100
11-26 22:27:07.544  1011  1189 I ASH     : @ 380879.714: tcs3701: stop power rail pending_off timer
11-26 22:27:07.544  1011  1189 D ASH     : @ 380879.714: tcs3701: start power rail timer, state:3
11-26 22:27:07.583  1011  1189 I ASH     : @ 380879.754: tcs3701: stop power rail pending_off timer
11-26 22:27:07.583  1011  1189 D ASH     : @ 380879.754: tcs3701: start power rail timer, state:3
11-26 22:27:07.618  8427  8469 I BatteryMgr:DataCollectionService: stats => 1701034027618,12207,4444,2136,4169000,100
11-26 22:27:07.621  1795  3634 D ActivityManager: freezer override set to true
11-26 22:27:07.623  1011  1189 I ASH     : @ 380879.794: tcs3701: stop power rail pending_off timer
11-26 22:27:07.623  1011  1189 D ASH     : @ 380879.794: tcs3701: start power rail timer, state:3
11-26 22:27:07.663  1011  1189 I ASH     : @ 380879.834: tcs3701: stop power rail pending_off timer
11-26 22:27:07.663  1011  1189 D ASH     : @ 380879.834: tcs3701: start power rail timer, state:3
11-26 22:27:07.703  1011  1189 I ASH     : @ 380879.874: tcs3701: stop power rail pending_off timer
11-26 22:27:07.703  1011  1189 D ASH     : @ 380879.874: tcs3701: start power rail timer, state:3
11-26 22:27:07.723  8427  8469 I BatteryMgr:DataCollectionService: stats => 1701034027723,12207,4444,2136,4169000,100
11-26 22:27:07.743  1011  1189 I ASH     : @ 380879.914: tcs3701: stop power rail pending_off timer
11-26 22:27:07.743  1011  1189 D ASH     : @ 380879.914: tcs3701: start power rail timer, state:3
11-26 22:27:07.765  6877  6939 I m.chrome.canary: Explicit concurrent copying GC freed 3841(192KB) AllocSpace objects, 4(80KB) LOS objects, 75% free, 14MB/56MB, paused 31us,22us total 55.289ms
11-26 22:27:07.783  1011  1189 I ASH     : @ 380879.954: tcs3701: stop power rail pending_off timer
11-26 22:27:07.783  1011  1189 D ASH     : @ 380879.954: tcs3701: start power rail timer, state:3
11-26 22:27:07.823  1011  1189 I ASH     : @ 380879.994: tcs3701: stop power rail pending_off timer
11-26 22:27:07.823  1011  1189 D ASH     : @ 380879.994: tcs3701: start power rail timer, state:3
11-26 22:27:07.830  1795  3634 D ActivityManager: freezer override set to false
11-26 22:27:07.830  8427  8469 I BatteryMgr:DataCollectionService: stats => 1701034027830,12207,4444,2136,4169000,100
11-26 22:27:07.863  1011  1189 I ASH     : @ 380880.034: tcs3701: stop power rail pending_off timer
11-26 22:27:07.863  1011  1189 D ASH     : @ 380880.034: tcs3701: start power rail timer, state:3
11-26 22:27:07.879  1795  3634 D ActivityManager: freezer override set to true
11-26 22:27:07.881  1795  3634 D ActivityManager: freezer override set to false
11-26 22:27:07.903  1011  1189 I ASH     : @ 380880.074: tcs3701: stop power rail pending_off timer
11-26 22:27:07.903  1011  1189 D ASH     : @ 380880.074: tcs3701: start power rail timer, state:3
11-26 22:27:07.918  1795  3634 D ActivityManager: freezer override set to true
11-26 22:27:07.922  1795  3634 D ActivityManager: freezer override set to false
11-26 22:27:07.935  8427  8469 I BatteryMgr:DataCollectionService: stats => 1701034027934,12207,4444,2136,4169000,100
11-26 22:27:07.937  1795  3634 D ActivityManager: freezer override set to true
11-26 22:27:07.943  1795  3634 D ActivityManager: freezer override set to false
11-26 22:27:07.943  1011  1189 I ASH     : @ 380880.114: tcs3701: stop power rail pending_off timer
11-26 22:27:07.943  1011  1189 D ASH     : @ 380880.114: tcs3701: start power rail timer, state:3
11-26 22:27:07.978  2113  2118 I pixel-thermal: skin-therm-monitor: 38.68
11-26 22:27:07.983  1011  1189 I ASH     : @ 380880.154: tcs3701: stop power rail pending_off timer
11-26 22:27:07.983  1011  1189 D ASH     : @ 380880.154: tcs3701: start power rail timer, state:3
11-26 22:27:08.023  1011  1189 I ASH     : @ 380880.194: tcs3701: stop power rail pending_off timer
11-26 22:27:08.023  1011  1189 D ASH     : @ 380880.194: tcs3701: start power rail timer, state:3
11-26 22:27:08.040  8427  8469 I BatteryMgr:DataCollectionService: stats => 1701034028040,12207,4444,2136,4169000,100
11-26 22:27:08.063  1011  1189 I ASH     : @ 380880.234: tcs3701: stop power rail pending_off timer
11-26 22:27:08.063  1011  1189 D ASH     : @ 380880.234: tcs3701: start power rail timer, state:3
11-26 22:27:08.103  1011  1189 I ASH     : @ 380880.274: tcs3701: stop power rail pending_off timer
11-26 22:27:08.103  1011  1189 D ASH     : @ 380880.274: tcs3701: start power rail timer, state:3
11-26 22:27:08.143  1011  1189 I ASH     : @ 380880.314: tcs3701: stop power rail pending_off timer
11-26 22:27:08.144  1011  1189 D ASH     : @ 380880.314: tcs3701: start power rail timer, state:3
11-26 22:27:08.147  8427  8469 I BatteryMgr:DataCollectionService: stats => 1701034028147,12207,4444,2136,4169000,100
11-26 22:27:08.183  1011  1189 I ASH     : @ 380880.354: tcs3701: stop power rail pending_off timer
11-26 22:27:08.183  1011  1189 D ASH     : @ 380880.354: tcs3701: start power rail timer, state:3
11-26 22:27:08.223  1011  1189 I ASH     : @ 380880.394: tcs3701: stop power rail pending_off timer
11-26 22:27:08.223  1011  1189 D ASH     : @ 380880.395: tcs3701: start power rail timer, state:3
11-26 22:27:08.254  8427  8469 I BatteryMgr:DataCollectionService: stats => 1701034028254,12207,4444,2136,4169000,100
11-26 22:27:08.263  1011  1189 I ASH     : @ 380880.434: tcs3701: stop power rail pending_off timer
11-26 22:27:08.263  1011  1189 D ASH     : @ 380880.434: tcs3701: start power rail timer, state:3
11-26 22:27:08.304  1011  1189 I ASH     : @ 380880.474: tcs3701: stop power rail pending_off timer
11-26 22:27:08.304  1011  1189 D ASH     : @ 380880.474: tcs3701: start power rail timer, state:3
11-26 22:27:08.343  1011  1189 I ASH     : @ 380880.514: tcs3701: stop power rail pending_off timer
11-26 22:27:08.343  1011  1189 D ASH     : @ 380880.514: tcs3701: start power rail timer, state:3
11-26 22:27:08.361  8427  8469 I BatteryMgr:DataCollectionService: stats => 1701034028361,12207,4444,2136,4169000,100
11-26 22:27:08.384  1011  1189 I ASH     : @ 380880.554: tcs3701: stop power rail pending_off timer
11-26 22:27:08.384  1011  1189 D ASH     : @ 380880.554: tcs3701: start power rail timer, state:3
11-26 22:27:08.423  1011  1189 I ASH     : @ 380880.594: tcs3701: stop power rail pending_off timer
11-26 22:27:08.423  1011  1189 D ASH     : @ 380880.594: tcs3701: start power rail timer, state:3
11-26 22:27:08.463  1011  1189 I ASH     : @ 380880.634: tcs3701: stop power rail pending_off timer
11-26 22:27:08.463  1011  1189 D ASH     : @ 380880.634: tcs3701: start power rail timer, state:3
11-26 22:27:08.469  8427  8469 I BatteryMgr:DataCollectionService: stats => 1701034028469,12207,4444,2136,4169000,100
11-26 22:27:08.503  1011  1189 I ASH     : @ 380880.674: tcs3701: stop power rail pending_off timer
11-26 22:27:08.503  1011  1189 D ASH     : @ 380880.674: tcs3701: start power rail timer, state:3
11-26 22:27:08.543  1011  1189 I ASH     : @ 380880.714: tcs3701: stop power rail pending_off timer
11-26 22:27:08.543  1011  1189 D ASH     : @ 380880.714: tcs3701: start power rail timer, state:3
11-26 22:27:08.574  8427  8469 I BatteryMgr:DataCollectionService: stats => 1701034028574,12207,4444,2136,4169000,100
11-26 22:27:08.583  1011  1189 I ASH     : @ 380880.754: tcs3701: stop power rail pending_off timer
11-26 22:27:08.583  1011  1189 D ASH     : @ 380880.754: tcs3701: start power rail timer, state:3
11-26 22:27:08.623  1011  1189 I ASH     : @ 380880.794: tcs3701: stop power rail pending_off timer
11-26 22:27:08.623  1011  1189 D ASH     : @ 380880.794: tcs3701: start power rail timer, state:3
11-26 22:27:08.663  1011  1189 I ASH     : @ 380880.834: tcs3701: stop power rail pending_off timer
11-26 22:27:08.663  1011  1189 D ASH     : @ 380880.834: tcs3701: start power rail timer, state:3
11-26 22:27:08.681  8427  8469 I BatteryMgr:DataCollectionService: stats => 1701034028681,12207,4444,2136,4169000,100
11-26 22:27:08.703  1011  1189 I ASH     : @ 380880.874: tcs3701: stop power rail pending_off timer
11-26 22:27:08.703  1011  1189 D ASH     : @ 380880.874: tcs3701: start power rail timer, state:3
11-26 22:27:08.743  1011  1189 I ASH     : @ 380880.914: tcs3701: stop power rail pending_off timer
11-26 22:27:08.743  1011  1189 D ASH     : @ 380880.914: tcs3701: start power rail timer, state:3
11-26 22:27:08.783  1011  1189 I ASH     : @ 380880.954: tcs3701: stop power rail pending_off timer
11-26 22:27:08.783  1011  1189 D ASH     : @ 380880.954: tcs3701: start power rail timer, state:3
11-26 22:27:08.788  8427  8469 I BatteryMgr:DataCollectionService: stats => 1701034028788,12512,4444,2136,4169000,100
11-26 22:27:08.823  1011  1189 I ASH     : @ 380880.994: tcs3701: stop power rail pending_off timer
11-26 22:27:08.823  1011  1189 D ASH     : @ 380880.994: tcs3701: start power rail timer, state:3
11-26 22:27:08.864  1011  1189 I ASH     : @ 380881.034: tcs3701: stop power rail pending_off timer
11-26 22:27:08.864  1011  1189 D ASH     : @ 380881.034: tcs3701: start power rail timer, state:3
11-26 22:27:08.896  8427  8469 I BatteryMgr:DataCollectionService: stats => 1701034028896,12512,4444,2136,4169000,100
11-26 22:27:08.903  1011  1189 I ASH     : @ 380881.074: tcs3701: stop power rail pending_off timer
11-26 22:27:08.903  1011  1189 D ASH     : @ 380881.074: tcs3701: start power rail timer, state:3
11-26 22:27:08.943  1011  1189 I ASH     : @ 380881.114: tcs3701: stop power rail pending_off timer
11-26 22:27:08.943  1011  1189 D ASH     : @ 380881.114: tcs3701: start power rail timer, state:3
11-26 22:27:08.955  1795  3634 D ActivityManager: freezer override set to true
11-26 22:27:08.958  1795  3634 D ActivityManager: freezer override set to false
11-26 22:27:08.983  1011  1189 I ASH     : @ 380881.154: tcs3701: stop power rail pending_off timer
11-26 22:27:08.983  1011  1189 D ASH     : @ 380881.154: tcs3701: start power rail timer, state:3
11-26 22:27:09.000  8427  8469 I BatteryMgr:DataCollectionService: stats => 1701034029000,12512,4444,2136,4169000,100
11-26 22:27:09.023  1011  1189 I ASH     : @ 380881.194: tcs3701: stop power rail pending_off timer
11-26 22:27:09.023  1011  1189 D ASH     : @ 380881.194: tcs3701: start power rail timer, state:3
11-26 22:27:09.063  1011  1189 I ASH     : @ 380881.234: tcs3701: stop power rail pending_off timer
11-26 22:27:09.063  1011  1189 D ASH     : @ 380881.234: tcs3701: start power rail timer, state:3
11-26 22:27:09.069  1795  3634 D ActivityManager: freezer override set to true
11-26 22:27:09.103  1011  1189 I ASH     : @ 380881.274: tcs3701: stop power rail pending_off timer
11-26 22:27:09.103  1011  1189 D ASH     : @ 380881.274: tcs3701: start power rail timer, state:3
11-26 22:27:09.104  8427  8469 I BatteryMgr:DataCollectionService: stats => 1701034029104,12512,4444,2136,4169000,100
11-26 22:27:09.143  1011  1189 I ASH     : @ 380881.314: tcs3701: stop power rail pending_off timer
11-26 22:27:09.143  1011  1189 D ASH     : @ 380881.314: tcs3701: start power rail timer, state:3
11-26 22:27:09.171  6877  6939 I m.chrome.canary: Explicit concurrent copying GC freed 4051(207KB) AllocSpace objects, 5(100KB) LOS objects, 75% free, 14MB/56MB, paused 68us,21us total 58.231ms
11-26 22:27:09.183  1011  1189 I ASH     : @ 380881.354: tcs3701: stop power rail pending_off timer
11-26 22:27:09.183  1011  1189 D ASH     : @ 380881.354: tcs3701: start power rail timer, state:3
11-26 22:27:09.210  8427  8469 I BatteryMgr:DataCollectionService: stats => 1701034029210,12512,4444,2136,4169000,100
11-26 22:27:09.223  1011  1189 I ASH     : @ 380881.394: tcs3701: stop power rail pending_off timer
11-26 22:27:09.223  1011  1189 D ASH     : @ 380881.394: tcs3701: start power rail timer, state:3
11-26 22:27:09.235  1795  3634 D ActivityManager: freezer override set to false
11-26 22:27:09.263  1011  1189 I ASH     : @ 380881.434: tcs3701: stop power rail pending_off timer
11-26 22:27:09.263  1011  1189 D ASH     : @ 380881.434: tcs3701: start power rail timer, state:3
11-26 22:27:09.280  1795  3634 D ActivityManager: freezer override set to true
11-26 22:27:09.283  1795  3634 D ActivityManager: freezer override set to false
11-26 22:27:09.303  1011  1189 I ASH     : @ 380881.474: tcs3701: stop power rail pending_off timer
11-26 22:27:09.303  1011  1189 D ASH     : @ 380881.474: tcs3701: start power rail timer, state:3
11-26 22:27:09.317  8427  8469 I BatteryMgr:DataCollectionService: stats => 1701034029317,12512,4444,2136,4169000,100
11-26 22:27:09.317  1795  3634 D ActivityManager: freezer override set to true
11-26 22:27:09.320  1795  3634 D ActivityManager: freezer override set to false
11-26 22:27:09.343  1011  1189 I ASH     : @ 380881.514: tcs3701: stop power rail pending_off timer
11-26 22:27:09.343  1011  1189 D ASH     : @ 380881.514: tcs3701: start power rail timer, state:3
11-26 22:27:09.384  1011  1189 I ASH     : @ 380881.554: tcs3701: stop power rail pending_off timer
11-26 22:27:09.384  1011  1189 D ASH     : @ 380881.554: tcs3701: start power rail timer, state:3
11-26 22:27:09.423  1011  1189 I ASH     : @ 380881.594: tcs3701: stop power rail pending_off timer
11-26 22:27:09.423  1011  1189 D ASH     : @ 380881.594: tcs3701: start power rail timer, state:3
11-26 22:27:09.424  8427  8469 I BatteryMgr:DataCollectionService: stats => 1701034029424,12512,4444,2136,4169000,100
11-26 22:27:09.463  1011  1189 I ASH     : @ 380881.634: tcs3701: stop power rail pending_off timer
11-26 22:27:09.463  1011  1189 D ASH     : @ 380881.634: tcs3701: start power rail timer, state:3
11-26 22:27:09.503  1011  1189 I ASH     : @ 380881.674: tcs3701: stop power rail pending_off timer
11-26 22:27:09.503  1011  1189 D ASH     : @ 380881.674: tcs3701: start power rail timer, state:3
11-26 22:27:09.532  8427  8469 I BatteryMgr:DataCollectionService: stats => 1701034029531,12512,4444,2136,4169000,100
11-26 22:27:09.543  1011  1189 I ASH     : @ 380881.714: tcs3701: stop power rail pending_off timer
11-26 22:27:09.543  1011  1189 D ASH     : @ 380881.714: tcs3701: start power rail timer, state:3
11-26 22:27:09.583  1011  1189 I ASH     : @ 380881.754: tcs3701: stop power rail pending_off timer
11-26 22:27:09.583  1011  1189 D ASH     : @ 380881.754: tcs3701: start power rail timer, state:3
11-26 22:27:09.623  1011  1189 I ASH     : @ 380881.794: tcs3701: stop power rail pending_off timer
11-26 22:27:09.623  1011  1189 D ASH     : @ 380881.794: tcs3701: start power rail timer, state:3
11-26 22:27:09.641  8427  8469 I BatteryMgr:DataCollectionService: stats => 1701034029641,12512,4444,2136,4169000,100
11-26 22:27:09.663  1011  1189 I ASH     : @ 380881.834: tcs3701: stop power rail pending_off timer
11-26 22:27:09.663  1011  1189 D ASH     : @ 380881.834: tcs3701: start power rail timer, state:3
11-26 22:27:09.703  1011  1189 I ASH     : @ 380881.874: tcs3701: stop power rail pending_off timer
11-26 22:27:09.703  1011  1189 D ASH     : @ 380881.874: tcs3701: start power rail timer, state:3
11-26 22:27:09.744  1011  1189 I ASH     : @ 380881.914: tcs3701: stop power rail pending_off timer
11-26 22:27:09.744  1011  1189 D ASH     : @ 380881.914: tcs3701: start power rail timer, state:3
11-26 22:27:09.749  8427  8469 I BatteryMgr:DataCollectionService: stats => 1701034029749,12512,4444,2136,4169000,100
11-26 22:27:09.783  1011  1189 I ASH     : @ 380881.954: tcs3701: stop power rail pending_off timer
11-26 22:27:09.783  1011  1189 D ASH     : @ 380881.954: tcs3701: start power rail timer, state:3
11-26 22:27:09.823  1011  1189 I ASH     : @ 380881.994: tcs3701: stop power rail pending_off timer
11-26 22:27:09.823  1011  1189 D ASH     : @ 380881.994: tcs3701: start power rail timer, state:3
11-26 22:27:09.857  8427  8469 I BatteryMgr:DataCollectionService: stats => 1701034029857,12512,4444,2136,4169000,100
11-26 22:27:09.864  1011  1189 I ASH     : @ 380882.034: tcs3701: stop power rail pending_off timer
11-26 22:27:09.864  1011  1189 D ASH     : @ 380882.034: tcs3701: start power rail timer, state:3
11-26 22:27:09.903  1011  1189 I ASH     : @ 380882.074: tcs3701: stop power rail pending_off timer
11-26 22:27:09.903  1011  1189 D ASH     : @ 380882.074: tcs3701: start power rail timer, state:3
11-26 22:27:09.944  1011  1189 I ASH     : @ 380882.115: tcs3701: stop power rail pending_off timer
11-26 22:27:09.944  1011  1189 D ASH     : @ 380882.115: tcs3701: start power rail timer, state:3
11-26 22:27:09.962  8427  8469 I BatteryMgr:DataCollectionService: stats => 1701034029962,12512,4444,2136,4169000,100
11-26 22:27:09.974  1795  3634 D ActivityManager: freezer override set to true
11-26 22:27:09.979  1795  3634 D ActivityManager: freezer override set to false
11-26 22:27:09.981  2113  2118 I pixel-thermal: skin-therm-monitor: 38.683
11-26 22:27:09.983  1011  1189 I ASH     : @ 380882.154: tcs3701: stop power rail pending_off timer
11-26 22:27:09.984  1011  1189 D ASH     : @ 380882.154: tcs3701: start power rail timer, state:3
11-26 22:27:10.005  1795  2424 D WifiClientModeImpl[13802:wlan0]: updateLinkLayerStatsRssiSpeedFrequencyCapabilities rssi=-46 TxLinkspeed=780 freq=5240 RxLinkSpeed=6
11-26 22:27:10.005  1795  2424 D WifiDataStall: tx tput in kbps: 654164
11-26 22:27:10.005  1795  2424 D WifiDataStall: rx tput in kbps: 764515
11-26 22:27:10.005  1795  2424 V WifiConfigManager: Updating scan detail cache freq=5240 BSSID=f4:6d:2f:12:cc:88 RSSI=-46 for "ourhome"WPA_PSK
11-26 22:27:10.005  1795  2424 D WifiChannelUtilization:  freq: 5240 onTime: 10725105 busyTime: 984832 onTimeDiff: 1077249 busyTimeDiff: 128346 utilization: 30 utilization t0: 23
11-26 22:27:10.005  1795  2424 D WifiDataStall:  ccaLevel = 30
11-26 22:27:10.005  1795  2424 D WifiDataStall: L2 txTputKbps: 654164, rxTputKbps: 764515, L3 txTputKbps: 0, rxTputKbps: 0, TxTrafficHigh: false, RxTrafficHigh: false, Throughput Sufficient: true
11-26 22:27:10.006  2673  2693 V WifiManager: OnWifiUsabilityStatsListener: onWifiUsabilityStats: seqNum=97780
11-26 22:27:10.006  1795  2424 D WifiScoreReport: Wifi scoring disabled - Don't check IP layer
11-26 22:27:10.006  1795  2424 D WifiScoreCard: BSSID update SIGNAL_POLL ID: 1320464697 SSID: "ourhome", BSSID: f4:6d:2f:12:cc:88, MAC: b2:2f:ec:da:4a:0c, IP: /192.168.1.104, Security type: 2, Supplicant state: COMPLETED, Wi-Fi standard: 5, RSSI: -46, Link speed: 780Mbps, Tx Link speed: 780Mbps, Max Supported Tx Link speed: 866Mbps, Rx Link speed: 6Mbps, Max Supported Rx Link speed: 866Mbps, Frequency: 5240MHz, Net ID: 12, Metered hint: false, score: 60, isUsable: true, CarrierMerged: false, SubscriptionId: -1, IsPrimary: 1, Trusted: true, Restricted: false, Ephemeral: false, OEM paid: false, OEM private: false, OSU AP: false, FQDN: <none>, Provider friendly name: <none>, Requesting package name: <none>"ourhome"wpa2-pskMLO Information: , Is TID-To-Link negotiation supported by the AP: false, AP MLD Address: <none>, AP MLO Link Id: <none>, AP MLO Affiliated links: <none>
11-26 22:27:10.006  1795  2424 D WifiScoreCard: txRate: 1 txSpeed: 780
11-26 22:27:10.006  1795  2424 D WifiScoreCard: network update SIGNAL_POLL "ourhome" ID: 1499892569 RSSI -46 txSpeed -1
11-26 22:27:10.006  1795  3634 I WifiService: updateWifiUsabilityScore uid=10180 seqNum=97780 score=100 predictionHorizonSec=1441795
11-26 22:27:10.006  2513  8309 V WifiManager: TrafficStateCallbackProxy: onStateChanged state=0
11-26 22:27:10.007  1795  2424 D WifiClientModeImpl[13802:wlan0]:  ClientModeImpl$L2ConnectedState screen=on 37 0 "ourhome" f4:6d:2f:12:cc:88 rssi=-46 f=5240 sc=60 link=780 tx=0.0, 0.0, 0.0 rx=0.0 bcn=3605112 [on:0 tx:0 rx:0 period:3013] from screen [on:1089124 period:21595293] score=60
11-26 22:27:10.008  1795  2424 D WifiScoreReport: Wifi scoring disabled - Notify that Wifi is usable
11-26 22:27:10.012  1795  2432 D ConnectivityService: NetReassign [no changes] [c 0] [a 0] [i 3]
11-26 22:27:10.023  1011  1189 I ASH     : @ 380882.194: tcs3701: stop power rail pending_off timer
11-26 22:27:10.024  1011  1189 D ASH     : @ 380882.195: tcs3701: start power rail timer, state:3
11-26 22:27:10.063  1011  1189 I ASH     : @ 380882.234: tcs3701: stop power rail pending_off timer
11-26 22:27:10.064  1011  1189 D ASH     : @ 380882.234: tcs3701: start power rail timer, state:3
11-26 22:27:10.069  8427  8469 I BatteryMgr:DataCollectionService: stats => 1701034030068,12512,4444,2136,4169000,100
11-26 22:27:10.104  1011  1189 I ASH     : @ 380882.274: tcs3701: stop power rail pending_off timer
11-26 22:27:10.104  1011  1189 D ASH     : @ 380882.274: tcs3701: start power rail timer, state:3
11-26 22:27:10.143  1011  1189 I ASH     : @ 380882.314: tcs3701: stop power rail pending_off timer
11-26 22:27:10.143  1011  1189 D ASH     : @ 380882.314: tcs3701: start power rail timer, state:3
11-26 22:27:10.175  8427  8469 I BatteryMgr:DataCollectionService: stats => 1701034030175,12512,4444,2136,4169000,100
11-26 22:27:10.183  1011  1189 I ASH     : @ 380882.354: tcs3701: stop power rail pending_off timer
11-26 22:27:10.183  1011  1189 D ASH     : @ 380882.354: tcs3701: start power rail timer, state:3
11-26 22:27:10.223  1011  1189 I ASH     : @ 380882.394: tcs3701: stop power rail pending_off timer
11-26 22:27:10.223  1011  1189 D ASH     : @ 380882.394: tcs3701: start power rail timer, state:3
11-26 22:27:10.263  1011  1189 I ASH     : @ 380882.434: tcs3701: stop power rail pending_off timer
11-26 22:27:10.263  1011  1189 D ASH     : @ 380882.434: tcs3701: start power rail timer, state:3
11-26 22:27:10.282  8427  8469 I BatteryMgr:DataCollectionService: stats => 1701034030282,12512,4444,2136,4169000,100
11-26 22:27:10.303  1011  1189 I ASH     : @ 380882.474: tcs3701: stop power rail pending_off timer
11-26 22:27:10.303  1011  1189 D ASH     : @ 380882.474: tcs3701: start power rail timer, state:3
11-26 22:27:10.343  1011  1189 I ASH     : @ 380882.514: tcs3701: stop power rail pending_off timer
11-26 22:27:10.343  1011  1189 D ASH     : @ 380882.514: tcs3701: start power rail timer, state:3
11-26 22:27:10.383  1011  1189 I ASH     : @ 380882.554: tcs3701: stop power rail pending_off timer
11-26 22:27:10.383  1011  1189 D ASH     : @ 380882.554: tcs3701: start power rail timer, state:3
11-26 22:27:10.387  8427  8469 I BatteryMgr:DataCollectionService: stats => 1701034030387,12512,4444,2136,4169000,100
11-26 22:27:10.423  1011  1189 I ASH     : @ 380882.594: tcs3701: stop power rail pending_off timer
11-26 22:27:10.423  1011  1189 D ASH     : @ 380882.594: tcs3701: start power rail timer, state:3
11-26 22:27:10.463  1011  1189 I ASH     : @ 380882.634: tcs3701: stop power rail pending_off timer
11-26 22:27:10.463  1011  1189 D ASH     : @ 380882.634: tcs3701: start power rail timer, state:3
11-26 22:27:10.464  1795  3634 D ActivityManager: freezer override set to true
11-26 22:27:10.492  8427  8469 I BatteryMgr:DataCollectionService: stats => 1701034030492,12512,4444,2136,4169000,100
11-26 22:27:10.503  1011  1189 I ASH     : @ 380882.674: tcs3701: stop power rail pending_off timer
11-26 22:27:10.503  1011  1189 D ASH     : @ 380882.674: tcs3701: start power rail timer, state:3
11-26 22:27:10.543  1011  1189 I ASH     : @ 380882.714: tcs3701: stop power rail pending_off timer
11-26 22:27:10.543  1011  1189 D ASH     : @ 380882.714: tcs3701: start power rail timer, state:3
11-26 22:27:10.571  6877  6939 I m.chrome.canary: Explicit concurrent copying GC freed 3839(192KB) AllocSpace objects, 4(80KB) LOS objects, 75% free, 14MB/56MB, paused 30us,25us total 60.727ms
11-26 22:27:10.583  1011  1189 I ASH     : @ 380882.754: tcs3701: stop power rail pending_off timer
11-26 22:27:10.583  1011  1189 D ASH     : @ 380882.754: tcs3701: start power rail timer, state:3
11-26 22:27:10.598  8427  8469 I BatteryMgr:DataCollectionService: stats => 1701034030598,12512,4444,2136,4169000,100
11-26 22:27:10.623  1011  1189 I ASH     : @ 380882.794: tcs3701: stop power rail pending_off timer
11-26 22:27:10.623  1011  1189 D ASH     : @ 380882.794: tcs3701: start power rail timer, state:3
11-26 22:27:10.637  1795  3634 D ActivityManager: freezer override set to false
11-26 22:27:10.663  1011  1189 I ASH     : @ 380882.834: tcs3701: stop power rail pending_off timer
11-26 22:27:10.663  1011  1189 D ASH     : @ 380882.834: tcs3701: start power rail timer, state:3
11-26 22:27:10.681  1795  3634 D ActivityManager: freezer override set to true
11-26 22:27:10.684  1795  3634 D ActivityManager: freezer override set to false
11-26 22:27:10.703  1011  1189 I ASH     : @ 380882.874: tcs3701: stop power rail pending_off timer
11-26 22:27:10.703  1011  1189 D ASH     : @ 380882.874: tcs3701: start power rail timer, state:3
11-26 22:27:10.704  8427  8469 I BatteryMgr:DataCollectionService: stats => 1701034030704,12512,4444,2136,4169000,100
11-26 22:27:10.733  1795  3634 D ActivityManager: freezer override set to true
11-26 22:27:10.736  1795  3634 D ActivityManager: freezer override set to false
11-26 22:27:10.744  1011  1189 I ASH     : @ 380882.914: tcs3701: stop power rail pending_off timer
11-26 22:27:10.745  1011  1189 D ASH     : @ 380882.914: tcs3701: start power rail timer, state:3
11-26 22:27:10.783  1011  1189 I ASH     : @ 380882.954: tcs3701: stop power rail pending_off timer
11-26 22:27:10.783  1011  1189 D ASH     : @ 380882.954: tcs3701: start power rail timer, state:3
11-26 22:27:10.810  8427  8469 I BatteryMgr:DataCollectionService: stats => 1701034030810,12512,4444,2136,4169000,100
11-26 22:27:10.824  1011  1189 I ASH     : @ 380882.994: tcs3701: stop power rail pending_off timer
11-26 22:27:10.824  1011  1189 D ASH     : @ 380882.994: tcs3701: start power rail timer, state:3
11-26 22:27:10.863  1011  1189 I ASH     : @ 380883.034: tcs3701: stop power rail pending_off timer
11-26 22:27:10.863  1011  1189 D ASH     : @ 380883.034: tcs3701: start power rail timer, state:3
11-26 22:27:10.903  1011  1189 I ASH     : @ 380883.074: tcs3701: stop power rail pending_off timer
11-26 22:27:10.903  1011  1189 D ASH     : @ 380883.074: tcs3701: start power rail timer, state:3
11-26 22:27:10.917  8427  8469 I BatteryMgr:DataCollectionService: stats => 1701034030917,12512,4444,2136,4169000,100
11-26 22:27:10.942  1795  3634 D ActivityManager: freezer override set to true
11-26 22:27:10.944  1011  1189 I ASH     : @ 380883.114: tcs3701: stop power rail pending_off timer
11-26 22:27:10.944  1011  1189 D ASH     : @ 380883.114: tcs3701: start power rail timer, state:3
11-26 22:27:10.947  1795  3634 D ActivityManager: freezer override set to false
11-26 22:27:10.983  1011  1189 I ASH     : @ 380883.154: tcs3701: stop power rail pending_off timer
11-26 22:27:10.983  1011  1189 D ASH     : @ 380883.154: tcs3701: start power rail timer, state:3
11-26 22:27:11.024  1011  1189 I ASH     : @ 380883.194: tcs3701: stop power rail pending_off timer
11-26 22:27:11.024  1011  1189 D ASH     : @ 380883.194: tcs3701: start power rail timer, state:3
11-26 22:27:11.026  8427  8469 I BatteryMgr:DataCollectionService: stats => 1701034031026,12512,4444,2136,4169000,100
11-26 22:27:11.063  1011  1189 I ASH     : @ 380883.234: tcs3701: stop power rail pending_off timer
11-26 22:27:11.063  1011  1189 D ASH     : @ 380883.234: tcs3701: start power rail timer, state:3
11-26 22:27:11.103  1011  1189 I ASH     : @ 380883.274: tcs3701: stop power rail pending_off timer
11-26 22:27:11.103  1011  1189 D ASH     : @ 380883.274: tcs3701: start power rail timer, state:3
11-26 22:27:11.132  8427  8469 I BatteryMgr:DataCollectionService: stats => 1701034031132,12512,4444,2136,4169000,100
11-26 22:27:11.143  1011  1189 I ASH     : @ 380883.314: tcs3701: stop power rail pending_off timer
11-26 22:27:11.143  1011  1189 D ASH     : @ 380883.314: tcs3701: start power rail timer, state:3
11-26 22:27:11.183  1011  1189 I ASH     : @ 380883.354: tcs3701: stop power rail pending_off timer
11-26 22:27:11.183  1011  1189 D ASH     : @ 380883.354: tcs3701: start power rail timer, state:3
11-26 22:27:11.223  1011  1189 I ASH     : @ 380883.394: tcs3701: stop power rail pending_off timer
11-26 22:27:11.223  1011  1189 D ASH     : @ 380883.394: tcs3701: start power rail timer, state:3
11-26 22:27:11.241  8427  8469 I BatteryMgr:DataCollectionService: stats => 1701034031241,12512,4444,2136,4169000,100
11-26 22:27:11.263  1011  1189 I ASH     : @ 380883.434: tcs3701: stop power rail pending_off timer
11-26 22:27:11.263  1011  1189 D ASH     : @ 380883.434: tcs3701: start power rail timer, state:3
11-26 22:27:11.303  1011  1189 I ASH     : @ 380883.474: tcs3701: stop power rail pending_off timer
11-26 22:27:11.303  1011  1189 D ASH     : @ 380883.474: tcs3701: start power rail timer, state:3
11-26 22:27:11.344  1011  1189 I ASH     : @ 380883.514: tcs3701: stop power rail pending_off timer
11-26 22:27:11.344  1011  1189 D ASH     : @ 380883.514: tcs3701: start power rail timer, state:3
11-26 22:27:11.355  8427  8469 I BatteryMgr:DataCollectionService: stats => 1701034031355,12512,4444,2136,4169000,100
11-26 22:27:11.383  1011  1189 I ASH     : @ 380883.554: tcs3701: stop power rail pending_off timer
11-26 22:27:11.383  1011  1189 D ASH     : @ 380883.554: tcs3701: start power rail timer, state:3
11-26 22:27:11.424  1011  1189 I ASH     : @ 380883.594: tcs3701: stop power rail pending_off timer
11-26 22:27:11.424  1011  1189 D ASH     : @ 380883.594: tcs3701: start power rail timer, state:3
11-26 22:27:11.461  8427  8469 I BatteryMgr:DataCollectionService: stats => 1701034031461,12512,4444,2136,4169000,100
11-26 22:27:11.463  1011  1189 I ASH     : @ 380883.634: tcs3701: stop power rail pending_off timer
11-26 22:27:11.463  1011  1189 D ASH     : @ 380883.634: tcs3701: start power rail timer, state:3
11-26 22:27:11.503  1011  1189 I ASH     : @ 380883.674: tcs3701: stop power rail pending_off timer
11-26 22:27:11.503  1011  1189 D ASH     : @ 380883.674: tcs3701: start power rail timer, state:3
11-26 22:27:11.543  1011  1189 I ASH     : @ 380883.714: tcs3701: stop power rail pending_off timer
11-26 22:27:11.543  1011  1189 D ASH     : @ 380883.714: tcs3701: start power rail timer, state:3
11-26 22:27:11.568  8427  8469 I BatteryMgr:DataCollectionService: stats => 1701034031568,12512,4444,2136,4169000,100
11-26 22:27:11.584  1011  1189 I ASH     : @ 380883.754: tcs3701: stop power rail pending_off timer
11-26 22:27:11.584  1011  1189 D ASH     : @ 380883.754: tcs3701: start power rail timer, state:3
11-26 22:27:11.625  1011  1189 I ASH     : @ 380883.794: tcs3701: stop power rail pending_off timer
11-26 22:27:11.625  1011  1189 D ASH     : @ 380883.794: tcs3701: start power rail timer, state:3
11-26 22:27:11.663  1011  1189 I ASH     : @ 380883.834: tcs3701: stop power rail pending_off timer
11-26 22:27:11.663  1011  1189 D ASH     : @ 380883.834: tcs3701: start power rail timer, state:3
11-26 22:27:11.675  8427  8469 I BatteryMgr:DataCollectionService: stats => 1701034031675,12512,4444,2136,4169000,100
11-26 22:27:11.703  1011  1189 I ASH     : @ 380883.874: tcs3701: stop power rail pending_off timer
11-26 22:27:11.703  1011  1189 D ASH     : @ 380883.874: tcs3701: start power rail timer, state:3
11-26 22:27:11.744  1011  1189 I ASH     : @ 380883.914: tcs3701: stop power rail pending_off timer
11-26 22:27:11.744  1011  1189 D ASH     : @ 380883.914: tcs3701: start power rail timer, state:3
11-26 22:27:11.782  8427  8469 I BatteryMgr:DataCollectionService: stats => 1701034031782,12512,4444,2136,4169000,100
11-26 22:27:11.783  1011  1189 I ASH     : @ 380883.954: tcs3701: stop power rail pending_off timer
11-26 22:27:11.783  1011  1189 D ASH     : @ 380883.954: tcs3701: start power rail timer, state:3
11-26 22:27:11.824  1011  1189 I ASH     : @ 380883.994: tcs3701: stop power rail pending_off timer
11-26 22:27:11.824  1011  1189 D ASH     : @ 380883.994: tcs3701: start power rail timer, state:3
11-26 22:27:11.863  1011  1189 I ASH     : @ 380884.034: tcs3701: stop power rail pending_off timer
11-26 22:27:11.863  1011  1189 D ASH     : @ 380884.034: tcs3701: start power rail timer, state:3
11-26 22:27:11.877  1795  3634 D ActivityManager: freezer override set to true
11-26 22:27:11.887  8427  8469 I BatteryMgr:DataCollectionService: stats => 1701034031887,12512,4444,2136,4169000,100
11-26 22:27:11.903  1011  1189 I ASH     : @ 380884.074: tcs3701: stop power rail pending_off timer
11-26 22:27:11.903  1011  1189 D ASH     : @ 380884.074: tcs3701: start power rail timer, state:3
11-26 22:27:11.943  1011  1189 I ASH     : @ 380884.114: tcs3701: stop power rail pending_off timer
11-26 22:27:11.943  1011  1189 D ASH     : @ 380884.114: tcs3701: start power rail timer, state:3
11-26 22:27:11.983  1011  1189 I ASH     : @ 380884.154: tcs3701: stop power rail pending_off timer
11-26 22:27:11.983  1011  1189 D ASH     : @ 380884.154: tcs3701: start power rail timer, state:3
11-26 22:27:11.985  2113  2118 I pixel-thermal: skin-therm-monitor: 38.697
11-26 22:27:11.992  8427  8469 I BatteryMgr:DataCollectionService: stats => 1701034031992,12512,4444,2136,4169000,100
11-26 22:27:12.023  1011  1189 I ASH     : @ 380884.194: tcs3701: stop power rail pending_off timer
11-26 22:27:12.023  1011  1189 D ASH     : @ 380884.194: tcs3701: start power rail timer, state:3
11-26 22:27:12.029  6877  6939 I m.chrome.canary: Explicit concurrent copying GC freed 4053(207KB) AllocSpace objects, 5(100KB) LOS objects, 75% free, 14MB/56MB, paused 31us,26us total 61.129ms
11-26 22:27:12.063  1011  1189 I ASH     : @ 380884.234: tcs3701: stop power rail pending_off timer
11-26 22:27:12.063  1011  1189 D ASH     : @ 380884.234: tcs3701: start power rail timer, state:3
11-26 22:27:12.095  1795  3634 D ActivityManager: freezer override set to false
11-26 22:27:12.097  8427  8469 I BatteryMgr:DataCollectionService: stats => 1701034032097,12512,4444,2136,4169000,100
11-26 22:27:12.103  1011  1189 I ASH     : @ 380884.274: tcs3701: stop power rail pending_off timer
11-26 22:27:12.103  1011  1189 D ASH     : @ 380884.274: tcs3701: start power rail timer, state:3
11-26 22:27:12.143  1011  1189 I ASH     : @ 380884.314: tcs3701: stop power rail pending_off timer
11-26 22:27:12.143  1011  1189 D ASH     : @ 380884.314: tcs3701: start power rail timer, state:3
11-26 22:27:12.143  1795  3634 D ActivityManager: freezer override set to true
11-26 22:27:12.146  1795  3634 D ActivityManager: freezer override set to false
11-26 22:27:12.183  1011  1189 I ASH     : @ 380884.354: tcs3701: stop power rail pending_off timer
11-26 22:27:12.183  1011  1189 D ASH     : @ 380884.354: tcs3701: start power rail timer, state:3
11-26 22:27:12.190  1795  3634 D ActivityManager: freezer override set to true
11-26 22:27:12.193  1795  3634 D ActivityManager: freezer override set to false
11-26 22:27:12.202  8427  8469 I BatteryMgr:DataCollectionService: stats => 1701034032202,12512,4444,2136,4169000,100
11-26 22:27:12.223  1011  1189 I ASH     : @ 380884.394: tcs3701: stop power rail pending_off timer
11-26 22:27:12.223  1011  1189 D ASH     : @ 380884.394: tcs3701: start power rail timer, state:3
11-26 22:27:12.263  1011  1189 I ASH     : @ 380884.434: tcs3701: stop power rail pending_off timer
11-26 22:27:12.263  1011  1189 D ASH     : @ 380884.434: tcs3701: start power rail timer, state:3
11-26 22:27:12.303  1011  1189 I ASH     : @ 380884.474: tcs3701: stop power rail pending_off timer
11-26 22:27:12.303  1011  1189 D ASH     : @ 380884.474: tcs3701: start power rail timer, state:3
11-26 22:27:12.310  8427  8469 I BatteryMgr:DataCollectionService: stats => 1701034032310,12512,4444,2136,4169000,100
11-26 22:27:12.343  1011  1189 I ASH     : @ 380884.514: tcs3701: stop power rail pending_off timer
11-26 22:27:12.343  1011  1189 D ASH     : @ 380884.514: tcs3701: start power rail timer, state:3
11-26 22:27:12.383  1011  1189 I ASH     : @ 380884.554: tcs3701: stop power rail pending_off timer
11-26 22:27:12.383  1011  1189 D ASH     : @ 380884.554: tcs3701: start power rail timer, state:3
11-26 22:27:12.416  8427  8469 I BatteryMgr:DataCollectionService: stats => 1701034032416,12512,4444,2136,4169000,100
11-26 22:27:12.423  1011  1189 I ASH     : @ 380884.594: tcs3701: stop power rail pending_off timer
11-26 22:27:12.423  1011  1189 D ASH     : @ 380884.594: tcs3701: start power rail timer, state:3
11-26 22:27:12.464  1011  1189 I ASH     : @ 380884.634: tcs3701: stop power rail pending_off timer
11-26 22:27:12.464  1011  1189 D ASH     : @ 380884.634: tcs3701: start power rail timer, state:3
11-26 22:27:12.504  1011  1189 I ASH     : @ 380884.674: tcs3701: stop power rail pending_off timer
11-26 22:27:12.504  1011  1189 D ASH     : @ 380884.674: tcs3701: start power rail timer, state:3
11-26 22:27:12.523  8427  8469 I BatteryMgr:DataCollectionService: stats => 1701034032523,12512,4444,2136,4169000,100
11-26 22:27:12.544  1011  1189 I ASH     : @ 380884.714: tcs3701: stop power rail pending_off timer
11-26 22:27:12.544  1011  1189 D ASH     : @ 380884.714: tcs3701: start power rail timer, state:3
11-26 22:27:12.583  1011  1189 I ASH     : @ 380884.754: tcs3701: stop power rail pending_off timer
11-26 22:27:12.583  1011  1189 D ASH     : @ 380884.754: tcs3701: start power rail timer, state:3
11-26 22:27:12.623  1011  1189 I ASH     : @ 380884.794: tcs3701: stop power rail pending_off timer
11-26 22:27:12.623  1011  1189 D ASH     : @ 380884.794: tcs3701: start power rail timer, state:3
11-26 22:27:12.631  8427  8469 I BatteryMgr:DataCollectionService: stats => 1701034032631,12512,4444,2136,4169000,100
11-26 22:27:12.663  1011  1189 I ASH     : @ 380884.834: tcs3701: stop power rail pending_off timer
11-26 22:27:12.663  1011  1189 D ASH     : @ 380884.834: tcs3701: start power rail timer, state:3
11-26 22:27:12.704  1011  1189 I ASH     : @ 380884.874: tcs3701: stop power rail pending_off timer
11-26 22:27:12.704  1011  1189 D ASH     : @ 380884.874: tcs3701: start power rail timer, state:3
11-26 22:27:12.739  8427  8469 I BatteryMgr:DataCollectionService: stats => 1701034032739,12512,4444,2136,4169000,100
11-26 22:27:12.743  1011  1189 I ASH     : @ 380884.914: tcs3701: stop power rail pending_off timer
11-26 22:27:12.743  1011  1189 D ASH     : @ 380884.914: tcs3701: start power rail timer, state:3
11-26 22:27:12.783  1011  1189 I ASH     : @ 380884.954: tcs3701: stop power rail pending_off timer
11-26 22:27:12.783  1011  1189 D ASH     : @ 380884.954: tcs3701: start power rail timer, state:3
11-26 22:27:12.823  1011  1189 I ASH     : @ 380884.994: tcs3701: stop power rail pending_off timer
11-26 22:27:12.823  1011  1189 D ASH     : @ 380884.994: tcs3701: start power rail timer, state:3
11-26 22:27:12.845  8427  8469 I BatteryMgr:DataCollectionService: stats => 1701034032845,12512,4444,2136,4169000,100
11-26 22:27:12.864  1011  1189 I ASH     : @ 380885.034: tcs3701: stop power rail pending_off timer
11-26 22:27:12.864  1011  1189 D ASH     : @ 380885.034: tcs3701: start power rail timer, state:3
11-26 22:27:12.904  1011  1189 I ASH     : @ 380885.074: tcs3701: stop power rail pending_off timer
11-26 22:27:12.904  1011  1189 D ASH     : @ 380885.074: tcs3701: start power rail timer, state:3
11-26 22:27:12.943  1011  1189 I ASH     : @ 380885.114: tcs3701: stop power rail pending_off timer
11-26 22:27:12.943  1011  1189 D ASH     : @ 380885.114: tcs3701: start power rail timer, state:3
11-26 22:27:12.950  1795  4165 D ActivityManager: freezer override set to true
11-26 22:27:12.952  8427  8469 I BatteryMgr:DataCollectionService: stats => 1701034032952,12512,4444,2136,4169000,100
11-26 22:27:12.955  1795  4165 D ActivityManager: freezer override set to false
11-26 22:27:12.983  1011  1189 I ASH     : @ 380885.154: tcs3701: stop power rail pending_off timer
11-26 22:27:12.983  1011  1189 D ASH     : @ 380885.154: tcs3701: start power rail timer, state:3
11-26 22:27:13.021  1795  2424 D WifiClientModeImpl[13802:wlan0]: updateLinkLayerStatsRssiSpeedFrequencyCapabilities rssi=-46 TxLinkspeed=780 freq=5240 RxLinkSpeed=6
11-26 22:27:13.021  1795  2424 D WifiDataStall: tx tput in kbps: 654164
11-26 22:27:13.021  1795  2424 D WifiDataStall: rx tput in kbps: 764515
11-26 22:27:13.021  1795  2424 V WifiConfigManager: Updating scan detail cache freq=5240 BSSID=f4:6d:2f:12:cc:88 RSSI=-46 for "ourhome"WPA_PSK
11-26 22:27:13.022  1795  2424 D WifiChannelUtilization:  freq: 5240 onTime: 10725105 busyTime: 984832 onTimeDiff: 1077249 busyTimeDiff: 128346 utilization: 30 utilization t0: 23
11-26 22:27:13.022  1795  2424 D WifiDataStall:  ccaLevel = 30
11-26 22:27:13.022  1795  2424 D WifiDataStall: L2 txTputKbps: 654164, rxTputKbps: 764515, L3 txTputKbps: 0, rxTputKbps: 0, TxTrafficHigh: false, RxTrafficHigh: false, Throughput Sufficient: true
11-26 22:27:13.022  2673  2693 V WifiManager: OnWifiUsabilityStatsListener: onWifiUsabilityStats: seqNum=97781
11-26 22:27:13.022  1795  2424 D WifiScoreReport: Wifi scoring disabled - Don't check IP layer
11-26 22:27:13.022  1795  2424 D WifiScoreCard: BSSID update SIGNAL_POLL ID: 1320464697 SSID: "ourhome", BSSID: f4:6d:2f:12:cc:88, MAC: b2:2f:ec:da:4a:0c, IP: /192.168.1.104, Security type: 2, Supplicant state: COMPLETED, Wi-Fi standard: 5, RSSI: -46, Link speed: 780Mbps, Tx Link speed: 780Mbps, Max Supported Tx Link speed: 866Mbps, Rx Link speed: 6Mbps, Max Supported Rx Link speed: 866Mbps, Frequency: 5240MHz, Net ID: 12, Metered hint: false, score: 60, isUsable: true, CarrierMerged: false, SubscriptionId: -1, IsPrimary: 1, Trusted: true, Restricted: false, Ephemeral: false, OEM paid: false, OEM private: false, OSU AP: false, FQDN: <none>, Provider friendly name: <none>, Requesting package name: <none>"ourhome"wpa2-pskMLO Information: , Is TID-To-Link negotiation supported by the AP: false, AP MLD Address: <none>, AP MLO Link Id: <none>, AP MLO Affiliated links: <none>
11-26 22:27:13.022  1795  2424 D WifiScoreCard: txRate: 1 txSpeed: 780
11-26 22:27:13.022  1795  2424 D WifiScoreCard: network update SIGNAL_POLL "ourhome" ID: 1499892569 RSSI -46 txSpeed -1
