11-24 20:00:16.198 13730 13730 D BoundBrokerSvc: onBind: Intent { act=com.google.android.gms.common.BIND_SHARED_PREFS pkg=com.google.android.gms }
11-24 20:00:16.198 13730 13730 D BoundBrokerSvc: Loading bound service for intent: Intent { act=com.google.android.gms.common.BIND_SHARED_PREFS pkg=com.google.android.gms }
11-24 20:00:16.198 13730 13730 E AbstractGmsTracer: Traced class shouldn't be obfuscated: SharedPreferencesBoundService [CONTEXT service_id=259 ]
11-24 20:00:16.201 13730 13730 D BoundBrokerSvc: onUnbind: Intent { act=com.google.android.gms.common.BIND_SHARED_PREFS pkg=com.google.android.gms }
11-24 20:00:16.216  1795  3807 D ActivityManager: freezer override set to true
11-24 20:00:16.220  1011  1189 I ASH     : @ 199268.407: tcs3701: stop power rail pending_off timer
11-24 20:00:16.220  1011  1189 D ASH     : @ 199268.407: tcs3701: start power rail timer, state:3
11-24 20:00:16.260  1011  1189 I ASH     : @ 199268.447: tcs3701: stop power rail pending_off timer
11-24 20:00:16.260  1011  1189 D ASH     : @ 199268.447: tcs3701: start power rail timer, state:3
11-24 20:00:16.287 29531 29575 I BatteryMgr:DataCollectionService: stats => 1700852416287,11291,4440,6713,4169000,100
11-24 20:00:16.300  1011  1189 I ASH     : @ 199268.487: tcs3701: stop power rail pending_off timer
11-24 20:00:16.300  1011  1189 D ASH     : @ 199268.487: tcs3701: start power rail timer, state:3
11-24 20:00:16.324  4936  4954 I m.chrome.canary: Waiting for a blocking GC Explicit
11-24 20:00:16.340  1011  1189 I ASH     : @ 199268.527: tcs3701: stop power rail pending_off timer
11-24 20:00:16.340  1011  1189 D ASH     : @ 199268.527: tcs3701: start power rail timer, state:3
11-24 20:00:16.380  1011  1189 I ASH     : @ 199268.567: tcs3701: stop power rail pending_off timer
11-24 20:00:16.380  1011  1189 D ASH     : @ 199268.567: tcs3701: start power rail timer, state:3
11-24 20:00:16.381  4936  4954 I m.chrome.canary: WaitForGcToComplete blocked Explicit on Background for 57.852ms
11-24 20:00:16.392 29531 29575 I BatteryMgr:DataCollectionService: stats => 1700852416392,11291,4440,6713,4169000,100
11-24 20:00:16.420  1011  1189 I ASH     : @ 199268.607: tcs3701: stop power rail pending_off timer
11-24 20:00:16.420  1011  1189 D ASH     : @ 199268.607: tcs3701: start power rail timer, state:3
11-24 20:00:16.421  4936  4954 I m.chrome.canary: Explicit concurrent copying GC freed 38933(918KB) AllocSpace objects, 0(0B) LOS objects, 75% free, 12MB/49MB, paused 39us,34us total 39.447ms
11-24 20:00:16.460  1011  1189 I ASH     : @ 199268.647: tcs3701: stop power rail pending_off timer
11-24 20:00:16.460  1011  1189 D ASH     : @ 199268.647: tcs3701: start power rail timer, state:3
11-24 20:00:16.478  1795  3807 D ActivityManager: freezer override set to false
11-24 20:00:16.496 29531 29575 I BatteryMgr:DataCollectionService: stats => 1700852416496,11291,4440,6713,4169000,100
11-24 20:00:16.500  1011  1189 I ASH     : @ 199268.687: tcs3701: stop power rail pending_off timer
11-24 20:00:16.500  1011  1189 D ASH     : @ 199268.687: tcs3701: start power rail timer, state:3
11-24 20:00:16.512  1795  3759 D ActivityManager: freezer override set to true
11-24 20:00:16.514  1795  3759 D ActivityManager: freezer override set to false
11-24 20:00:16.540  1011  1189 I ASH     : @ 199268.727: tcs3701: stop power rail pending_off timer
11-24 20:00:16.540  1011  1189 D ASH     : @ 199268.727: tcs3701: start power rail timer, state:3
11-24 20:00:16.580  1011  1189 I ASH     : @ 199268.767: tcs3701: stop power rail pending_off timer
11-24 20:00:16.580  1011  1189 D ASH     : @ 199268.768: tcs3701: start power rail timer, state:3
11-24 20:00:16.602 29531 29575 I BatteryMgr:DataCollectionService: stats => 1700852416602,11291,4440,6713,4169000,100
11-24 20:00:16.620  1011  1189 I ASH     : @ 199268.807: tcs3701: stop power rail pending_off timer
11-24 20:00:16.620  1011  1189 D ASH     : @ 199268.807: tcs3701: start power rail timer, state:3
11-24 20:00:16.660  1011  1189 I ASH     : @ 199268.847: tcs3701: stop power rail pending_off timer
11-24 20:00:16.660  1011  1189 D ASH     : @ 199268.847: tcs3701: start power rail timer, state:3
11-24 20:00:16.700  1011  1189 I ASH     : @ 199268.887: tcs3701: stop power rail pending_off timer
11-24 20:00:16.700  1011  1189 D ASH     : @ 199268.887: tcs3701: start power rail timer, state:3
11-24 20:00:16.707 29531 29575 I BatteryMgr:DataCollectionService: stats => 1700852416707,11291,4440,6713,4169000,100
11-24 20:00:16.712  1795  3807 D ActivityManager: freezer override set to true
11-24 20:00:16.716  1795  3807 D ActivityManager: freezer override set to false
11-24 20:00:16.740  1011  1189 I ASH     : @ 199268.927: tcs3701: stop power rail pending_off timer
11-24 20:00:16.740  1011  1189 D ASH     : @ 199268.927: tcs3701: start power rail timer, state:3
11-24 20:00:16.780  1011  1189 I ASH     : @ 199268.967: tcs3701: stop power rail pending_off timer
11-24 20:00:16.780  1011  1189 D ASH     : @ 199268.967: tcs3701: start power rail timer, state:3
11-24 20:00:16.812 29531 29575 I BatteryMgr:DataCollectionService: stats => 1700852416812,11291,4440,6713,4169000,100
11-24 20:00:16.820  1011  1189 I ASH     : @ 199269.007: tcs3701: stop power rail pending_off timer
11-24 20:00:16.820  1011  1189 D ASH     : @ 199269.007: tcs3701: start power rail timer, state:3
11-24 20:00:16.860  1011  1189 I ASH     : @ 199269.047: tcs3701: stop power rail pending_off timer
11-24 20:00:16.860  1011  1189 D ASH     : @ 199269.047: tcs3701: start power rail timer, state:3
11-24 20:00:16.900  1011  1189 I ASH     : @ 199269.087: tcs3701: stop power rail pending_off timer
11-24 20:00:16.900  1011  1189 D ASH     : @ 199269.087: tcs3701: start power rail timer, state:3
11-24 20:00:16.936 29531 29575 I BatteryMgr:DataCollectionService: stats => 1700852416936,11291,4440,6713,4169000,100
11-24 20:00:16.940  1011  1189 I ASH     : @ 199269.127: tcs3701: stop power rail pending_off timer
11-24 20:00:16.940  1011  1189 D ASH     : @ 199269.127: tcs3701: start power rail timer, state:3
11-24 20:00:16.946  1795  1848 I system_server: Background young concurrent copying GC freed 1818492(65MB) AllocSpace objects, 1078(21MB) LOS objects, 64% free, 49MB/136MB, paused 226us,603us total 120.664ms
11-24 20:00:16.980  1011  1189 I ASH     : @ 199269.167: tcs3701: stop power rail pending_off timer
11-24 20:00:16.980  1011  1189 D ASH     : @ 199269.167: tcs3701: start power rail timer, state:3
11-24 20:00:17.020  1011  1189 I ASH     : @ 199269.207: tcs3701: stop power rail pending_off timer
11-24 20:00:17.020  1011  1189 D ASH     : @ 199269.207: tcs3701: start power rail timer, state:3
11-24 20:00:17.020  1795  1850 W System  : A resource failed to call release. 
11-24 20:00:17.023  1795  1850 W System  : A resource failed to call release. 
11-24 20:00:17.042 29531 29575 I BatteryMgr:DataCollectionService: stats => 1700852417041,11291,4440,6713,4169000,100
11-24 20:00:17.060  1011  1189 I ASH     : @ 199269.247: tcs3701: stop power rail pending_off timer
11-24 20:00:17.060  1011  1189 D ASH     : @ 199269.247: tcs3701: start power rail timer, state:3
11-24 20:00:17.100  1011  1189 I ASH     : @ 199269.287: tcs3701: stop power rail pending_off timer
11-24 20:00:17.100  1011  1189 D ASH     : @ 199269.287: tcs3701: start power rail timer, state:3
11-24 20:00:17.140  1011  1189 I ASH     : @ 199269.327: tcs3701: stop power rail pending_off timer
11-24 20:00:17.140  1011  1189 D ASH     : @ 199269.327: tcs3701: start power rail timer, state:3
11-24 20:00:17.149 29531 29575 I BatteryMgr:DataCollectionService: stats => 1700852417149,11291,4440,6713,4169000,100
11-24 20:00:17.180  1011  1189 I ASH     : @ 199269.367: tcs3701: stop power rail pending_off timer
11-24 20:00:17.180  1011  1189 D ASH     : @ 199269.367: tcs3701: start power rail timer, state:3
11-24 20:00:17.220  1011  1189 I ASH     : @ 199269.407: tcs3701: stop power rail pending_off timer
11-24 20:00:17.220  1011  1189 D ASH     : @ 199269.407: tcs3701: start power rail timer, state:3
11-24 20:00:17.257 29531 29575 I BatteryMgr:DataCollectionService: stats => 1700852417256,915,4440,6713,4169000,100
11-24 20:00:17.260  1011  1189 I ASH     : @ 199269.447: tcs3701: stop power rail pending_off timer
11-24 20:00:17.260  1011  1189 D ASH     : @ 199269.447: tcs3701: start power rail timer, state:3
11-24 20:00:17.300  1011  1189 I ASH     : @ 199269.487: tcs3701: stop power rail pending_off timer
11-24 20:00:17.300  1011  1189 D ASH     : @ 199269.488: tcs3701: start power rail timer, state:3
11-24 20:00:17.340  1011  1189 I ASH     : @ 199269.527: tcs3701: stop power rail pending_off timer
11-24 20:00:17.340  1011  1189 D ASH     : @ 199269.527: tcs3701: start power rail timer, state:3
11-24 20:00:17.361 29531 29575 I BatteryMgr:DataCollectionService: stats => 1700852417361,915,4440,6713,4169000,100
11-24 20:00:17.380  1011  1189 I ASH     : @ 199269.567: tcs3701: stop power rail pending_off timer
11-24 20:00:17.380  1011  1189 D ASH     : @ 199269.567: tcs3701: start power rail timer, state:3
11-24 20:00:17.420  1011  1189 I ASH     : @ 199269.607: tcs3701: stop power rail pending_off timer
11-24 20:00:17.420  1011  1189 D ASH     : @ 199269.608: tcs3701: start power rail timer, state:3
11-24 20:00:17.460  1011  1189 I ASH     : @ 199269.647: tcs3701: stop power rail pending_off timer
11-24 20:00:17.460  1011  1189 D ASH     : @ 199269.647: tcs3701: start power rail timer, state:3
11-24 20:00:17.470 29531 29575 I BatteryMgr:DataCollectionService: stats => 1700852417470,915,4440,6713,4169000,100
11-24 20:00:17.500  1011  1189 I ASH     : @ 199269.687: tcs3701: stop power rail pending_off timer
11-24 20:00:17.500  1011  1189 D ASH     : @ 199269.687: tcs3701: start power rail timer, state:3
11-24 20:00:17.540  1011  1189 I ASH     : @ 199269.727: tcs3701: stop power rail pending_off timer
11-24 20:00:17.540  1011  1189 D ASH     : @ 199269.727: tcs3701: start power rail timer, state:3
11-24 20:00:17.578 29531 29575 I BatteryMgr:DataCollectionService: stats => 1700852417578,915,4440,6713,4169000,100
11-24 20:00:17.580  5040  5070 I AdrenoVK-0: QUALCOMM build          : 4783c89, I46ff5fc46f
11-24 20:00:17.580  5040  5070 I AdrenoVK-0: Build Date              : 11/30/20
11-24 20:00:17.580  5040  5070 I AdrenoVK-0: Shader Compiler Version : EV031.31.04.01
11-24 20:00:17.580  5040  5070 I AdrenoVK-0: Local Branch            : QPR2
11-24 20:00:17.580  5040  5070 I AdrenoVK-0: Remote Branch           : 
11-24 20:00:17.580  5040  5070 I AdrenoVK-0: Remote Branch           : 
11-24 20:00:17.580  5040  5070 I AdrenoVK-0: Reconstruct Branch      : 
11-24 20:00:17.580  5040  5070 I AdrenoVK-0: Build Config            : S P 10.0.4 AArch64
11-24 20:00:17.580  5040  5070 I AdrenoVK-0: Driver Path             : /vendor/lib64/hw/vulkan.adreno.so
11-24 20:00:17.580  1011  1189 I ASH     : @ 199269.767: tcs3701: stop power rail pending_off timer
11-24 20:00:17.580  1011  1189 D ASH     : @ 199269.767: tcs3701: start power rail timer, state:3
11-24 20:00:17.609  4936  5007 W chromium: [WARNING:ev_root_ca_metadata.cc(119)] Not implemented
11-24 20:00:17.620  1011  1189 I ASH     : @ 199269.807: tcs3701: stop power rail pending_off timer
11-24 20:00:17.620  1011  1189 D ASH     : @ 199269.807: tcs3701: start power rail timer, state:3
11-24 20:00:17.646  4936  5007 W chromium: [WARNING:ev_root_ca_metadata.cc(119)] Not implemented
11-24 20:00:17.646  4936  5008 W chromium: [WARNING:ev_root_ca_metadata.cc(119)] Not implemented
11-24 20:00:17.660  1011  1189 I ASH     : @ 199269.847: tcs3701: stop power rail pending_off timer
11-24 20:00:17.660  1011  1189 D ASH     : @ 199269.847: tcs3701: start power rail timer, state:3
11-24 20:00:17.662  1795  4144 D ActivityManager: freezer override set to true
11-24 20:00:17.685 29531 29575 I BatteryMgr:DataCollectionService: stats => 1700852417685,915,4440,6713,4169000,100
11-24 20:00:17.700  1011  1189 I ASH     : @ 199269.887: tcs3701: stop power rail pending_off timer
11-24 20:00:17.700  1011  1189 D ASH     : @ 199269.887: tcs3701: start power rail timer, state:3
11-24 20:00:17.722  4936  5008 W chromium: [WARNING:ev_root_ca_metadata.cc(119)] Not implemented
11-24 20:00:17.722  4936  5008 W chromium: [WARNING:ev_root_ca_metadata.cc(119)] Not implemented
11-24 20:00:17.740  1011  1189 I ASH     : @ 199269.927: tcs3701: stop power rail pending_off timer
11-24 20:00:17.740  1011  1189 D ASH     : @ 199269.928: tcs3701: start power rail timer, state:3
11-24 20:00:17.780  1011  1189 I ASH     : @ 199269.967: tcs3701: stop power rail pending_off timer
11-24 20:00:17.780  1011  1189 D ASH     : @ 199269.967: tcs3701: start power rail timer, state:3
11-24 20:00:17.793 29531 29575 I BatteryMgr:DataCollectionService: stats => 1700852417793,915,4440,6713,4169000,100
11-24 20:00:17.820  1011  1189 I ASH     : @ 199270.007: tcs3701: stop power rail pending_off timer
11-24 20:00:17.820  1011  1189 D ASH     : @ 199270.007: tcs3701: start power rail timer, state:3
11-24 20:00:17.828  4936  5275 I m.chrome.canary: Explicit concurrent copying GC freed 408492(8552KB) AllocSpace objects, 7(192KB) LOS objects, 75% free, 12MB/50MB, paused 29us,24us total 52.027ms
11-24 20:00:17.860  1011  1189 I ASH     : @ 199270.047: tcs3701: stop power rail pending_off timer
11-24 20:00:17.860  1011  1189 D ASH     : @ 199270.047: tcs3701: start power rail timer, state:3
11-24 20:00:17.886  1795  4144 D ActivityManager: freezer override set to false
11-24 20:00:17.899 29531 29575 I BatteryMgr:DataCollectionService: stats => 1700852417899,915,4440,6713,4169000,100
11-24 20:00:17.900  1011  1189 I ASH     : @ 199270.087: tcs3701: stop power rail pending_off timer
11-24 20:00:17.900  1011  1189 D ASH     : @ 199270.087: tcs3701: start power rail timer, state:3
11-24 20:00:17.940  1011  1189 I ASH     : @ 199270.128: tcs3701: stop power rail pending_off timer
11-24 20:00:17.940  1011  1189 D ASH     : @ 199270.128: tcs3701: start power rail timer, state:3
11-24 20:00:17.953  1795  4144 D ActivityManager: freezer override set to true
11-24 20:00:17.959  1795  4144 D ActivityManager: freezer override set to false
11-24 20:00:17.980  1011  1189 I ASH     : @ 199270.167: tcs3701: stop power rail pending_off timer
11-24 20:00:17.980  1011  1189 D ASH     : @ 199270.167: tcs3701: start power rail timer, state:3
11-24 20:00:18.005 29531 29575 I BatteryMgr:DataCollectionService: stats => 1700852418005,915,4440,6713,4169000,100
11-24 20:00:18.020  1011  1189 I ASH     : @ 199270.207: tcs3701: stop power rail pending_off timer
11-24 20:00:18.020  1011  1189 D ASH     : @ 199270.207: tcs3701: start power rail timer, state:3
11-24 20:00:18.060  1011  1189 I ASH     : @ 199270.247: tcs3701: stop power rail pending_off timer
11-24 20:00:18.060  1011  1189 D ASH     : @ 199270.247: tcs3701: start power rail timer, state:3
11-24 20:00:18.101  1011  1189 I ASH     : @ 199270.287: tcs3701: stop power rail pending_off timer
11-24 20:00:18.101  1011  1189 D ASH     : @ 199270.287: tcs3701: start power rail timer, state:3
11-24 20:00:18.113 29531 29575 I BatteryMgr:DataCollectionService: stats => 1700852418113,915,4440,6713,4169000,100
11-24 20:00:18.140  1011  1189 I ASH     : @ 199270.327: tcs3701: stop power rail pending_off timer
11-24 20:00:18.140  1011  1189 D ASH     : @ 199270.327: tcs3701: start power rail timer, state:3
11-24 20:00:18.180  1011  1189 I ASH     : @ 199270.367: tcs3701: stop power rail pending_off timer
11-24 20:00:18.180  1011  1189 D ASH     : @ 199270.367: tcs3701: start power rail timer, state:3
11-24 20:00:18.185  4936  5007 W chromium: [WARNING:ev_root_ca_metadata.cc(119)] Not implemented
11-24 20:00:18.185  4936  5007 W chromium: [WARNING:ev_root_ca_metadata.cc(119)] Not implemented
11-24 20:00:18.220  1011  1189 I ASH     : @ 199270.407: tcs3701: stop power rail pending_off timer
11-24 20:00:18.220  1011  1189 D ASH     : @ 199270.407: tcs3701: start power rail timer, state:3
11-24 20:00:18.221 29531 29575 I BatteryMgr:DataCollectionService: stats => 1700852418221,915,4440,6713,4169000,100
11-24 20:00:18.261  1011  1189 I ASH     : @ 199270.447: tcs3701: stop power rail pending_off timer
11-24 20:00:18.261  1011  1189 D ASH     : @ 199270.447: tcs3701: start power rail timer, state:3
11-24 20:00:18.300  1011  1189 I ASH     : @ 199270.487: tcs3701: stop power rail pending_off timer
11-24 20:00:18.300  1011  1189 D ASH     : @ 199270.487: tcs3701: start power rail timer, state:3
11-24 20:00:18.326 29531 29575 I BatteryMgr:DataCollectionService: stats => 1700852418326,915,4440,6713,4169000,100
11-24 20:00:18.340  1011  1189 I ASH     : @ 199270.527: tcs3701: stop power rail pending_off timer
11-24 20:00:18.340  1011  1189 D ASH     : @ 199270.527: tcs3701: start power rail timer, state:3
11-24 20:00:18.380  1011  1189 I ASH     : @ 199270.567: tcs3701: stop power rail pending_off timer
11-24 20:00:18.380  1011  1189 D ASH     : @ 199270.567: tcs3701: start power rail timer, state:3
11-24 20:00:18.420  1011  1189 I ASH     : @ 199270.607: tcs3701: stop power rail pending_off timer
11-24 20:00:18.420  1011  1189 D ASH     : @ 199270.607: tcs3701: start power rail timer, state:3
11-24 20:00:18.433 29531 29575 I BatteryMgr:DataCollectionService: stats => 1700852418433,915,4440,6713,4169000,100
11-24 20:00:18.460  1011  1189 I ASH     : @ 199270.647: tcs3701: stop power rail pending_off timer
11-24 20:00:18.460  1011  1189 D ASH     : @ 199270.647: tcs3701: start power rail timer, state:3
11-24 20:00:18.500  1011  1189 I ASH     : @ 199270.687: tcs3701: stop power rail pending_off timer
11-24 20:00:18.500  1011  1189 D ASH     : @ 199270.687: tcs3701: start power rail timer, state:3
11-24 20:00:18.538 29531 29575 I BatteryMgr:DataCollectionService: stats => 1700852418538,915,4440,6713,4169000,100
11-24 20:00:18.540  1011  1189 I ASH     : @ 199270.727: tcs3701: stop power rail pending_off timer
11-24 20:00:18.540  1011  1189 D ASH     : @ 199270.727: tcs3701: start power rail timer, state:3
11-24 20:00:18.580  1011  1189 I ASH     : @ 199270.767: tcs3701: stop power rail pending_off timer
11-24 20:00:18.580  1011  1189 D ASH     : @ 199270.768: tcs3701: start power rail timer, state:3
11-24 20:00:18.589  4936  5007 W chromium: [WARNING:ev_root_ca_metadata.cc(119)] Not implemented
11-24 20:00:18.620  1011  1189 I ASH     : @ 199270.807: tcs3701: stop power rail pending_off timer
11-24 20:00:18.620  1011  1189 D ASH     : @ 199270.808: tcs3701: start power rail timer, state:3
11-24 20:00:18.647 29531 29575 I BatteryMgr:DataCollectionService: stats => 1700852418646,915,4440,6713,4169000,100
11-24 20:00:18.660  1011  1189 I ASH     : @ 199270.847: tcs3701: stop power rail pending_off timer
11-24 20:00:18.660  1011  1189 D ASH     : @ 199270.847: tcs3701: start power rail timer, state:3
11-24 20:00:18.700  1011  1189 I ASH     : @ 199270.887: tcs3701: stop power rail pending_off timer
11-24 20:00:18.700  1011  1189 D ASH     : @ 199270.887: tcs3701: start power rail timer, state:3
11-24 20:00:18.735  1795  3807 D ActivityManager: freezer override set to true
11-24 20:00:18.740  1011  1189 I ASH     : @ 199270.927: tcs3701: stop power rail pending_off timer
11-24 20:00:18.740  1011  1189 D ASH     : @ 199270.927: tcs3701: start power rail timer, state:3
11-24 20:00:18.742  1795  3807 D ActivityManager: freezer override set to false
11-24 20:00:18.754 29531 29575 I BatteryMgr:DataCollectionService: stats => 1700852418754,915,4440,6713,4169000,100
11-24 20:00:18.780  1011  1189 I ASH     : @ 199270.967: tcs3701: stop power rail pending_off timer
11-24 20:00:18.780  1011  1189 D ASH     : @ 199270.967: tcs3701: start power rail timer, state:3
11-24 20:00:18.820  1011  1189 I ASH     : @ 199271.007: tcs3701: stop power rail pending_off timer
11-24 20:00:18.820  1011  1189 D ASH     : @ 199271.007: tcs3701: start power rail timer, state:3
11-24 20:00:18.860  1011  1189 I ASH     : @ 199271.047: tcs3701: stop power rail pending_off timer
11-24 20:00:18.860  1011  1189 D ASH     : @ 199271.047: tcs3701: start power rail timer, state:3
11-24 20:00:18.862 29531 29575 I BatteryMgr:DataCollectionService: stats => 1700852418862,915,4440,6713,4169000,100
11-24 20:00:18.869 29615 29627 I native  : I0000 00:00:1700852418.869711   29627 device_profile_database_helpers.cc:563] Found nothing for mTS_ld
11-24 20:00:18.869 29615 29627 I native  : I0000 00:00:1700852418.869960   29627 device_profile_database_helpers.cc:563] Found nothing for redfin/redfin
11-24 20:00:18.870 29615 29627 I native  : I0000 00:00:1700852418.870009   29627 device_profile_database_helpers.cc:550] Considering b4SrL5:11
11-24 20:00:18.870 29615 29627 I native  : I0000 00:00:1700852418.870074   29627 device_profile_database_helpers.cc:509] Device profile for google/redfin/redfin:13/TQ3A.230901.001/10750268:user/release-keys: b4SrL5:11
11-24 20:00:18.879  1011  1189 I VSC     : @ 199271.067: {Fusion} configure fusion 15 16666us 0us.
11-24 20:00:18.880  1011  1189 D VSC     : @ 199271.067: [Game Rotation Vector Sensor] Request accel, interval 16.6 ms, latency 0.0 ms
11-24 20:00:18.880  1011  1189 D VSC     : @ 199271.067: [Game Rotation Vector Sensor] Request gyro, interval 5.0 ms, latency 0.0 ms
11-24 20:00:18.894  1011  1189 D ASH     : @ 199271.081: SensorType 1 resampler quality 3
11-24 20:00:18.899  1011  1189 D ASH     : @ 199271.086: SensorType 1 resampler quality 2
11-24 20:00:18.900  1011  1189 I ASH     : @ 199271.087: tcs3701: stop power rail pending_off timer
11-24 20:00:18.900  1011  1189 D ASH     : @ 199271.087: tcs3701: start power rail timer, state:3
11-24 20:00:18.900  1011  1189 D ASH     : @ 199271.088: SensorType 195 resampler quality 1
11-24 20:00:18.911  3875  3875 I VISHotwordAdapter: Not connected and not waiting for connection.
11-24 20:00:18.915  3875  3875 I VISHotwordAdapter: Still waiting for connection; add the callback to callback list
11-24 20:00:18.917  3875  3875 W VISHotwordAdapter: gsaVis null binding. HDM in use.
11-24 20:00:18.924  4936  4986 I cr_BindingManager: Visible binding enabled: maxSize=-1
11-24 20:00:18.929  1795  4144 W PackageConfigPersister: App-specific configuration not found for packageName: com.chrome.canary and userId: 0
11-24 20:00:18.932  4936  4936 I cr_A11yState: Enabled accessibility services list updated.
11-24 20:00:18.933  4936  4936 I cr_A11yState: Informing listeners of changes.
11-24 20:00:18.933  4936  4936 I cr_A11yState: New AccessibilityState: State{isScreenReaderEnabled=false, isTouchExplorationEnabled=false, isPerformGesturesEnabled=false, isAnyAccessibilityServiceEnabled=false, isAccessibilityToolPresent=false, isSpokenFeedbackServicePresent=false, isTextShowPasswordEnabled=true, isOnlyPasswordManagersEnabled=false}
11-24 20:00:18.940  1011  1189 I ASH     : @ 199271.127: tcs3701: stop power rail pending_off timer
11-24 20:00:18.940  1011  1189 D ASH     : @ 199271.127: tcs3701: start power rail timer, state:3
11-24 20:00:18.967 29531 29575 I BatteryMgr:DataCollectionService: stats => 1700852418966,915,4440,6713,4169000,100
11-24 20:00:18.980  1011  1189 I ASH     : @ 199271.167: tcs3701: stop power rail pending_off timer
11-24 20:00:18.980  1011  1189 D ASH     : @ 199271.167: tcs3701: start power rail timer, state:3
11-24 20:00:19.020  1011  1189 I ASH     : @ 199271.208: tcs3701: stop power rail pending_off timer
11-24 20:00:19.020  1011  1189 D ASH     : @ 199271.208: tcs3701: start power rail timer, state:3
11-24 20:00:19.036  4936  4936 D CompatibilityChangeReporter: Compat change id reported: 194532703; UID 10010; state: ENABLED
11-24 20:00:19.037  1795  3759 D CompatibilityChangeReporter: Compat change id reported: 194532703; UID 10010; state: ENABLED
11-24 20:00:19.046  4936  4936 I cr_omaha: Scheduled using JobService
11-24 20:00:19.046  4936  4936 E cr_BkgrdTaskJS: Tried finishing non-current BackgroundTask.
11-24 20:00:19.056  1795  2424 D WifiClientModeImpl[13802:wlan0]: updateLinkLayerStatsRssiSpeedFrequencyCapabilities rssi=-47 TxLinkspeed=780 freq=5240 RxLinkSpeed=866
11-24 20:00:19.056  1795  2424 V WifiScoreCard:  rssi -47 level 4 bssid f4:6d:2f:12:cc:88 freq 5240 onTimeMs 2247 txKB 175 rxKB 9959 txKBThr 300 rxKBThr 8000
11-24 20:00:19.056  1795  2424 D WifiClientModeImpl[13802:wlan0]: reported txKbps 12000 rxKbps 36304
11-24 20:00:19.056  1795  2424 D WifiDataStall: tx tput in kbps: 579972
11-24 20:00:19.056  1795  2424 D WifiDataStall: rx tput in kbps: 794960
11-24 20:00:19.056  1795  2424 V WifiScoreCard: 1 sampKbps 36304 filtKbps 36304 reportedKbps 36304 avgUsedKbps 60847 l2Kbps 794960 intErrPercent 0 extErrPercent 0 l2ErrPercent 2089
11-24 20:00:19.056  1795  2424 V WifiConfigManager: Updating scan detail cache freq=5240 BSSID=f4:6d:2f:12:cc:88 RSSI=-47 for "ourhome"WPA_PSK
11-24 20:00:19.057  1795  2424 D WifiChannelUtilization:  freq: 5240 onTime: 6105935 busyTime: 616423 onTimeDiff: 195976 busyTimeDiff: 16634 utilization: 21 utilization t0: 25
11-24 20:00:19.057  1795  2424 D WifiDataStall:  ccaLevel = 21
11-24 20:00:19.057  1795  2424 D WifiDataStall: L2 txTputKbps: 558492, rxTputKbps: 794960, L3 txTputKbps: 478, rxTputKbps: 27133, TxTrafficHigh: true, RxTrafficHigh: true, Throughput Sufficient: true
11-24 20:00:19.057  1795  2424 D WifiScoreReport: Wifi scoring disabled - Don't check IP layer
11-24 20:00:19.057  1795  2424 D WifiScoreCard: BSSID update SIGNAL_POLL ID: 1320464697 SSID: "ourhome", BSSID: f4:6d:2f:12:cc:88, MAC: b2:2f:ec:da:4a:0c, IP: /192.168.1.104, Security type: 2, Supplicant state: COMPLETED, Wi-Fi standard: 5, RSSI: -47, Link speed: 780Mbps, Tx Link speed: 780Mbps, Max Supported Tx Link speed: 866Mbps, Rx Link speed: 866Mbps, Max Supported Rx Link speed: 866Mbps, Frequency: 5240MHz, Net ID: 12, Metered hint: false, score: 60, isUsable: true, CarrierMerged: false, SubscriptionId: -1, IsPrimary: 1, Trusted: true, Restricted: false, Ephemeral: false, OEM paid: false, OEM private: false, OSU AP: false, FQDN: <none>, Provider friendly name: <none>, Requesting package name: <none>"ourhome"wpa2-pskMLO Information: , Is TID-To-Link negotiation supported by the AP: false, AP MLD Address: <none>, AP MLO Link Id: <none>, AP MLO Affiliated links: <none>
11-24 20:00:19.057  2673  2740 V WifiManager: OnWifiUsabilityStatsListener: onWifiUsabilityStats: seqNum=59010
11-24 20:00:19.057  1795  2424 D WifiScoreCard: txRate: 407 txSpeed: 780
11-24 20:00:19.057  1795  2424 D WifiScoreCard: network update SIGNAL_POLL "ourhome" ID: 1499892569 RSSI -47 txSpeed 780
11-24 20:00:19.057  1795  2424 D WifiClientModeImpl[13802:wlan0]:  ClientModeImpl$L2ConnectedState screen=on 29 0 "ourhome" f4:6d:2f:12:cc:88 rssi=-47 f=5240 sc=60 link=780 tx=317.5, 89.2, 0.0 rx=1119.8 bcn=1920999 [on:2247 tx:105 rx:113 period:3006] from screen [on:1496355 period:47661048] score=60
11-24 20:00:19.058  1795  3759 I WifiService: updateWifiUsabilityScore uid=10180 seqNum=59010 score=100 predictionHorizonSec=1441795
11-24 20:00:19.058  1795  2424 D WifiScoreReport: Wifi scoring disabled - Notify that Wifi is usable
11-24 20:00:19.060  1011  1189 I ASH     : @ 199271.247: tcs3701: stop power rail pending_off timer
11-24 20:00:19.060  1011  1189 D ASH     : @ 199271.247: tcs3701: start power rail timer, state:3
11-24 20:00:19.061  1795  3759 I WifiService: getWifiEnabledState uid=10233 state=3
11-24 20:00:19.066  2673  2720 D DeviceStateHelper: Wifi freq: 5240
11-24 20:00:19.072 29531 29575 I BatteryMgr:DataCollectionService: stats => 1700852419071,915,4440,6713,4169000,100
11-24 20:00:19.072  1795  2432 D ConnectivityService: NetReassign [no changes] [c 0] [a 0] [i 1]
11-24 20:00:19.073  1795  4165 I WifiService: getSoftApConfiguration uid=10180
11-24 20:00:19.074  3473  4683 I CarrierServices: [49] ekm.handleMessage: RcsEngineImpl[DUAL_REG]:[deae450f-f3f3]>Handler: handleMessage processing message:[NOTIFY_UPTIME_IGNORE_STATE_CHANGED] with [non-null]:RcsEngineImpl reference
11-24 20:00:19.077  2895  4882 E PhoneInterfaceManager: [PhoneIntfMgr] getCarrierPrivilegeStatusForUid: Invalid subId
11-24 20:00:19.078  3473  4683 I CarrierServices: [49] ejf.b: ProvisioningEngineDataRetriever: RCS Configuration storage in Bugle is disabled by p/h flag, using ProvisioningEngineStateCacheUtil.getProvisioningConfigurationForGivenSimIfExist()
11-24 20:00:19.080  3473  4697 I CarrierServices: [50] eam.c: Connected state: [1], networkType: [WIFI]
11-24 20:00:19.082  1795  2855 I WifiService: getConnectionInfo uid=10219
11-24 20:00:19.083  1795  2855 V WifiPermissionsUtil: enforceCanAccessScanResults(pkg=com.google.android.apps.youtube.music, uid=10219): location is disabled
11-24 20:00:19.083  1795  2855 V WifiService: Keeping REDACT_FOR_ACCESS_FINE_LOCATION:java.lang.SecurityException: Location mode is disabled for the device
11-24 20:00:19.085  1795  2855 I WifiService: getConnectionInfo uid=10219
11-24 20:00:19.086  1795  2855 V WifiPermissionsUtil: enforceCanAccessScanResults(pkg=com.google.android.apps.youtube.music, uid=10219): location is disabled
11-24 20:00:19.086  1795  2855 V WifiService: Keeping REDACT_FOR_ACCESS_FINE_LOCATION:java.lang.SecurityException: Location mode is disabled for the device
11-24 20:00:19.089  1795  4165 I WifiService: getConnectionInfo uid=10219
11-24 20:00:19.090  1795  4165 V WifiPermissionsUtil: enforceCanAccessScanResults(pkg=com.google.android.apps.youtube.music, uid=10219): location is disabled
11-24 20:00:19.090  1795  4165 V WifiService: Keeping REDACT_FOR_ACCESS_FINE_LOCATION:java.lang.SecurityException: Location mode is disabled for the device
11-24 20:00:19.094  4936  5007 W chromium: [WARNING:ev_root_ca_metadata.cc(119)] Not implemented
11-24 20:00:19.101  1011  1189 I ASH     : @ 199271.288: tcs3701: stop power rail pending_off timer
11-24 20:00:19.101  1011  1189 D ASH     : @ 199271.288: tcs3701: start power rail timer, state:3
11-24 20:00:19.126  1795  4165 D ActivityManager: freezer override set to true
11-24 20:00:19.140  1011  1189 I ASH     : @ 199271.327: tcs3701: stop power rail pending_off timer
11-24 20:00:19.140  1011  1189 D ASH     : @ 199271.327: tcs3701: start power rail timer, state:3
11-24 20:00:19.178 29531 29575 I BatteryMgr:DataCollectionService: stats => 1700852419178,915,4440,6713,4169000,100
11-24 20:00:19.180  1011  1189 I ASH     : @ 199271.367: tcs3701: stop power rail pending_off timer
11-24 20:00:19.180  1011  1189 D ASH     : @ 199271.367: tcs3701: start power rail timer, state:3
11-24 20:00:19.221  1011  1189 I ASH     : @ 199271.407: tcs3701: stop power rail pending_off timer
11-24 20:00:19.221  1011  1189 D ASH     : @ 199271.408: tcs3701: start power rail timer, state:3
11-24 20:00:19.260  1011  1189 I ASH     : @ 199271.447: tcs3701: stop power rail pending_off timer
11-24 20:00:19.260  1011  1189 D ASH     : @ 199271.447: tcs3701: start power rail timer, state:3
11-24 20:00:19.284 29531 29575 I BatteryMgr:DataCollectionService: stats => 1700852419284,915,4440,6713,4169000,100
11-24 20:00:19.301  1011  1189 I ASH     : @ 199271.487: tcs3701: stop power rail pending_off timer
11-24 20:00:19.301  1011  1189 D ASH     : @ 199271.487: tcs3701: start power rail timer, state:3
11-24 20:00:19.340  1011  1189 I ASH     : @ 199271.527: tcs3701: stop power rail pending_off timer
11-24 20:00:19.340  1011  1189 D ASH     : @ 199271.527: tcs3701: start power rail timer, state:3
11-24 20:00:19.374  4936  4954 W m.chrome.canary: Cleared Reference was only reachable from finalizer (only reported once)
11-24 20:00:19.380  1011  1189 I ASH     : @ 199271.567: tcs3701: stop power rail pending_off timer
11-24 20:00:19.380  1011  1189 D ASH     : @ 199271.567: tcs3701: start power rail timer, state:3
11-24 20:00:19.382  4936  4954 I m.chrome.canary: Explicit concurrent copying GC freed 24076(1147KB) AllocSpace objects, 17(840KB) LOS objects, 75% free, 12MB/51MB, paused 161us,58us total 171.635ms
11-24 20:00:19.396 29531 29575 I BatteryMgr:DataCollectionService: stats => 1700852419396,915,4440,6713,4169000,100
11-24 20:00:19.420  1011  1189 I ASH     : @ 199271.607: tcs3701: stop power rail pending_off timer
11-24 20:00:19.420  1011  1189 D ASH     : @ 199271.607: tcs3701: start power rail timer, state:3
11-24 20:00:19.443  1795  4165 D ActivityManager: freezer override set to false
11-24 20:00:19.460  1011  1189 I ASH     : @ 199271.647: tcs3701: stop power rail pending_off timer
11-24 20:00:19.460  1011  1189 D ASH     : @ 199271.647: tcs3701: start power rail timer, state:3
11-24 20:00:19.500  1011  1189 I ASH     : @ 199271.687: tcs3701: stop power rail pending_off timer
11-24 20:00:19.500  1011  1189 D ASH     : @ 199271.687: tcs3701: start power rail timer, state:3
11-24 20:00:19.514  1795  1853 D ActivityManager: freezer override set to true
11-24 20:00:19.517  1795  1853 D ActivityManager: freezer override set to false
11-24 20:00:19.520 29531 29575 I BatteryMgr:DataCollectionService: stats => 1700852419520,915,4440,6713,4169000,100
11-24 20:00:19.540  1011  1189 I ASH     : @ 199271.727: tcs3701: stop power rail pending_off timer
11-24 20:00:19.540  1011  1189 D ASH     : @ 199271.727: tcs3701: start power rail timer, state:3
11-24 20:00:19.580  1011  1189 I ASH     : @ 199271.767: tcs3701: stop power rail pending_off timer
11-24 20:00:19.580  1011  1189 D ASH     : @ 199271.767: tcs3701: start power rail timer, state:3
11-24 20:00:19.620  1011  1189 I ASH     : @ 199271.807: tcs3701: stop power rail pending_off timer
11-24 20:00:19.620  1011  1189 D ASH     : @ 199271.807: tcs3701: start power rail timer, state:3
11-24 20:00:19.632 29531 29575 I BatteryMgr:DataCollectionService: stats => 1700852419631,915,4440,6713,4169000,100
11-24 20:00:19.661  1011  1189 I ASH     : @ 199271.847: tcs3701: stop power rail pending_off timer
11-24 20:00:19.661  1011  1189 D ASH     : @ 199271.847: tcs3701: start power rail timer, state:3
11-24 20:00:19.700  1011  1189 I ASH     : @ 199271.887: tcs3701: stop power rail pending_off timer
11-24 20:00:19.700  1011  1189 D ASH     : @ 199271.887: tcs3701: start power rail timer, state:3
11-24 20:00:19.740  1011  1189 I ASH     : @ 199271.927: tcs3701: stop power rail pending_off timer
11-24 20:00:19.740  1011  1189 D ASH     : @ 199271.927: tcs3701: start power rail timer, state:3
11-24 20:00:19.740  1795  1853 D ActivityManager: freezer override set to true
11-24 20:00:19.743 29531 29575 I BatteryMgr:DataCollectionService: stats => 1700852419743,915,4440,6713,4169000,100
11-24 20:00:19.780  1011  1189 I ASH     : @ 199271.967: tcs3701: stop power rail pending_off timer
11-24 20:00:19.780  1011  1189 D ASH     : @ 199271.967: tcs3701: start power rail timer, state:3
11-24 20:00:19.784  1795  1853 D ActivityManager: freezer override set to false
11-24 20:00:19.820  1011  1189 I ASH     : @ 199272.007: tcs3701: stop power rail pending_off timer
11-24 20:00:19.820  1011  1189 D ASH     : @ 199272.007: tcs3701: start power rail timer, state:3
11-24 20:00:19.851 29531 29575 I BatteryMgr:DataCollectionService: stats => 1700852419851,915,4440,6713,4169000,100
11-24 20:00:19.860  1011  1189 I ASH     : @ 199272.047: tcs3701: stop power rail pending_off timer
11-24 20:00:19.860  1011  1189 D ASH     : @ 199272.047: tcs3701: start power rail timer, state:3
11-24 20:00:19.900  1011  1189 I ASH     : @ 199272.087: tcs3701: stop power rail pending_off timer
11-24 20:00:19.900  1011  1189 D ASH     : @ 199272.087: tcs3701: start power rail timer, state:3
11-24 20:00:19.940  1011  1189 I ASH     : @ 199272.127: tcs3701: stop power rail pending_off timer
11-24 20:00:19.940  1011  1189 D ASH     : @ 199272.127: tcs3701: start power rail timer, state:3
11-24 20:00:19.958 29531 29575 I BatteryMgr:DataCollectionService: stats => 1700852419958,915,4440,6713,4169000,100
11-24 20:00:19.980  1011  1189 I ASH     : @ 199272.167: tcs3701: stop power rail pending_off timer
11-24 20:00:19.980  1011  1189 D ASH     : @ 199272.167: tcs3701: start power rail timer, state:3
11-24 20:00:20.020  1011  1189 I ASH     : @ 199272.207: tcs3701: stop power rail pending_off timer
11-24 20:00:20.020  1011  1189 D ASH     : @ 199272.207: tcs3701: start power rail timer, state:3
11-24 20:00:20.060  1011  1189 I ASH     : @ 199272.247: tcs3701: stop power rail pending_off timer
11-24 20:00:20.060  1011  1189 D ASH     : @ 199272.247: tcs3701: start power rail timer, state:3
11-24 20:00:20.073 29531 29575 I BatteryMgr:DataCollectionService: stats => 1700852420073,915,4440,6713,4169000,100
11-24 20:00:20.100  1011  1189 I ASH     : @ 199272.287: tcs3701: stop power rail pending_off timer
11-24 20:00:20.100  1011  1189 D ASH     : @ 199272.287: tcs3701: start power rail timer, state:3
11-24 20:00:20.140  1011  1189 I ASH     : @ 199272.327: tcs3701: stop power rail pending_off timer
11-24 20:00:20.140  1011  1189 D ASH     : @ 199272.327: tcs3701: start power rail timer, state:3
11-24 20:00:20.180  1011  1189 I ASH     : @ 199272.367: tcs3701: stop power rail pending_off timer
11-24 20:00:20.180  1011  1189 D ASH     : @ 199272.367: tcs3701: start power rail timer, state:3
11-24 20:00:20.181 29531 29575 I BatteryMgr:DataCollectionService: stats => 1700852420181,915,4440,6713,4169000,100
11-24 20:00:20.220  1011  1189 I ASH     : @ 199272.407: tcs3701: stop power rail pending_off timer
11-24 20:00:20.220  1011  1189 D ASH     : @ 199272.407: tcs3701: start power rail timer, state:3
11-24 20:00:20.260  1011  1189 I ASH     : @ 199272.447: tcs3701: stop power rail pending_off timer
11-24 20:00:20.260  1011  1189 D ASH     : @ 199272.447: tcs3701: start power rail timer, state:3
11-24 20:00:20.288 29531 29575 I BatteryMgr:DataCollectionService: stats => 1700852420288,915,4440,6713,4169000,100
11-24 20:00:20.300  1011  1189 I ASH     : @ 199272.487: tcs3701: stop power rail pending_off timer
11-24 20:00:20.300  1011  1189 D ASH     : @ 199272.487: tcs3701: start power rail timer, state:3
11-24 20:00:20.340  1011  1189 I ASH     : @ 199272.527: tcs3701: stop power rail pending_off timer
11-24 20:00:20.340  1011  1189 D ASH     : @ 199272.527: tcs3701: start power rail timer, state:3
11-24 20:00:20.380  1011  1189 I ASH     : @ 199272.567: tcs3701: stop power rail pending_off timer
11-24 20:00:20.380  1011  1189 D ASH     : @ 199272.567: tcs3701: start power rail timer, state:3
11-24 20:00:20.399 29531 29575 I BatteryMgr:DataCollectionService: stats => 1700852420399,915,4440,6713,4169000,100
11-24 20:00:20.420  1011  1189 I ASH     : @ 199272.607: tcs3701: stop power rail pending_off timer
11-24 20:00:20.420  1011  1189 D ASH     : @ 199272.607: tcs3701: start power rail timer, state:3
11-24 20:00:20.460  1011  1189 I ASH     : @ 199272.647: tcs3701: stop power rail pending_off timer
11-24 20:00:20.460  1011  1189 D ASH     : @ 199272.647: tcs3701: start power rail timer, state:3
11-24 20:00:20.500  1011  1189 I ASH     : @ 199272.687: tcs3701: stop power rail pending_off timer
11-24 20:00:20.500  1011  1189 D ASH     : @ 199272.687: tcs3701: start power rail timer, state:3
11-24 20:00:20.508 29531 29575 I BatteryMgr:DataCollectionService: stats => 1700852420508,915,4440,6713,4169000,100
11-24 20:00:20.540  1011  1189 I ASH     : @ 199272.727: tcs3701: stop power rail pending_off timer
11-24 20:00:20.540  1011  1189 D ASH     : @ 199272.727: tcs3701: start power rail timer, state:3
11-24 20:00:20.580  1011  1189 I ASH     : @ 199272.767: tcs3701: stop power rail pending_off timer
11-24 20:00:20.580  1011  1189 D ASH     : @ 199272.767: tcs3701: start power rail timer, state:3
11-24 20:00:20.620  1011  1189 I ASH     : @ 199272.807: tcs3701: stop power rail pending_off timer
11-24 20:00:20.620  1011  1189 D ASH     : @ 199272.807: tcs3701: start power rail timer, state:3
11-24 20:00:20.624 29531 29575 I BatteryMgr:DataCollectionService: stats => 1700852420624,915,4440,6713,4169000,100
11-24 20:00:20.660  1011  1189 I ASH     : @ 199272.847: tcs3701: stop power rail pending_off timer
11-24 20:00:20.660  1011  1189 D ASH     : @ 199272.847: tcs3701: start power rail timer, state:3
11-24 20:00:20.700  1011  1189 I ASH     : @ 199272.887: tcs3701: stop power rail pending_off timer
11-24 20:00:20.700  1011  1189 D ASH     : @ 199272.887: tcs3701: start power rail timer, state:3
11-24 20:00:20.732 29531 29575 I BatteryMgr:DataCollectionService: stats => 1700852420732,915,4440,6713,4169000,100
11-24 20:00:20.740  1011  1189 I ASH     : @ 199272.927: tcs3701: stop power rail pending_off timer
11-24 20:00:20.740  1011  1189 D ASH     : @ 199272.927: tcs3701: start power rail timer, state:3
11-24 20:00:20.744  1795  1853 D ActivityManager: freezer override set to true
11-24 20:00:20.756  1795  1853 D ActivityManager: freezer override set to false
11-24 20:00:20.780  1011  1189 I ASH     : @ 199272.967: tcs3701: stop power rail pending_off timer
11-24 20:00:20.780  1011  1189 D ASH     : @ 199272.967: tcs3701: start power rail timer, state:3
11-24 20:00:20.812  1795  1853 D ActivityManager: freezer override set to true
11-24 20:00:20.820  1011  1189 I ASH     : @ 199273.008: tcs3701: stop power rail pending_off timer
11-24 20:00:20.820  1011  1189 D ASH     : @ 199273.008: tcs3701: start power rail timer, state:3
11-24 20:00:20.848 29531 29575 I BatteryMgr:DataCollectionService: stats => 1700852420848,915,4440,6713,4169000,100
11-24 20:00:20.860  1011  1189 I ASH     : @ 199273.047: tcs3701: stop power rail pending_off timer
11-24 20:00:20.860  1011  1189 D ASH     : @ 199273.047: tcs3701: start power rail timer, state:3
11-24 20:00:20.900  1011  1189 I ASH     : @ 199273.088: tcs3701: stop power rail pending_off timer
11-24 20:00:20.900  1011  1189 D ASH     : @ 199273.088: tcs3701: start power rail timer, state:3
11-24 20:00:20.940  1011  1189 I ASH     : @ 199273.127: tcs3701: stop power rail pending_off timer
11-24 20:00:20.940  1011  1189 D ASH     : @ 199273.127: tcs3701: start power rail timer, state:3
11-24 20:00:20.955 29531 29575 I BatteryMgr:DataCollectionService: stats => 1700852420955,915,4440,6713,4169000,100
11-24 20:00:20.981  1011  1189 I ASH     : @ 199273.167: tcs3701: stop power rail pending_off timer
11-24 20:00:20.982  1011  1189 D ASH     : @ 199273.167: tcs3701: start power rail timer, state:3
11-24 20:00:21.020  1011  1189 I ASH     : @ 199273.207: tcs3701: stop power rail pending_off timer
11-24 20:00:21.020  1011  1189 D ASH     : @ 199273.207: tcs3701: start power rail timer, state:3
11-24 20:00:21.060  1011  1189 I ASH     : @ 199273.247: tcs3701: stop power rail pending_off timer
11-24 20:00:21.060  1011  1189 D ASH     : @ 199273.247: tcs3701: start power rail timer, state:3
11-24 20:00:21.061 29531 29575 I BatteryMgr:DataCollectionService: stats => 1700852421061,915,4440,6713,4169000,100
11-24 20:00:21.084  4936  4954 I m.chrome.canary: Explicit concurrent copying GC freed 4113(206KB) AllocSpace objects, 4(80KB) LOS objects, 75% free, 12MB/51MB, paused 137us,25us total 115.666ms
11-24 20:00:21.100  1011  1189 I ASH     : @ 199273.287: tcs3701: stop power rail pending_off timer
11-24 20:00:21.100  1011  1189 D ASH     : @ 199273.287: tcs3701: start power rail timer, state:3
11-24 20:00:21.140  1011  1189 I ASH     : @ 199273.327: tcs3701: stop power rail pending_off timer
11-24 20:00:21.140  1011  1189 D ASH     : @ 199273.327: tcs3701: start power rail timer, state:3
11-24 20:00:21.144  1795  1853 D ActivityManager: freezer override set to false
11-24 20:00:21.175 29531 29575 I BatteryMgr:DataCollectionService: stats => 1700852421168,915,4440,6713,4169000,100
11-24 20:00:21.180  1011  1189 I ASH     : @ 199273.367: tcs3701: stop power rail pending_off timer
11-24 20:00:21.180  1011  1189 D ASH     : @ 199273.367: tcs3701: start power rail timer, state:3
11-24 20:00:21.214  1795  1853 D ActivityManager: freezer override set to true
11-24 20:00:21.218  1795  1853 D ActivityManager: freezer override set to false
11-24 20:00:21.220  1011  1189 I ASH     : @ 199273.407: tcs3701: stop power rail pending_off timer
11-24 20:00:21.220  1011  1189 D ASH     : @ 199273.407: tcs3701: start power rail timer, state:3
11-24 20:00:21.260  1011  1189 I ASH     : @ 199273.447: tcs3701: stop power rail pending_off timer
11-24 20:00:21.260  1011  1189 D ASH     : @ 199273.447: tcs3701: start power rail timer, state:3
11-24 20:00:21.285 29531 29575 I BatteryMgr:DataCollectionService: stats => 1700852421285,915,4440,6713,4169000,100
11-24 20:00:21.300  1011  1189 I ASH     : @ 199273.487: tcs3701: stop power rail pending_off timer
11-24 20:00:21.300  1011  1189 D ASH     : @ 199273.487: tcs3701: start power rail timer, state:3
11-24 20:00:21.340  1011  1189 I ASH     : @ 199273.527: tcs3701: stop power rail pending_off timer
11-24 20:00:21.340  1011  1189 D ASH     : @ 199273.527: tcs3701: start power rail timer, state:3
11-24 20:00:21.370  1039  1095 D rlsservice: MonitorDisplayStatus client num 0, display status 1, sensor status 0
11-24 20:00:21.380  1011  1189 I ASH     : @ 199273.567: tcs3701: stop power rail pending_off timer
11-24 20:00:21.380  1011  1189 D ASH     : @ 199273.567: tcs3701: start power rail timer, state:3
11-24 20:00:21.396 29531 29575 I BatteryMgr:DataCollectionService: stats => 1700852421396,915,4440,6713,4169000,100
11-24 20:00:21.420  1011  1189 I ASH     : @ 199273.607: tcs3701: stop power rail pending_off timer
11-24 20:00:21.420  1011  1189 D ASH     : @ 199273.607: tcs3701: start power rail timer, state:3
11-24 20:00:21.460  1011  1189 I ASH     : @ 199273.647: tcs3701: stop power rail pending_off timer
11-24 20:00:21.460  1011  1189 D ASH     : @ 199273.647: tcs3701: start power rail timer, state:3
11-24 20:00:21.500  1011  1189 I ASH     : @ 199273.687: tcs3701: stop power rail pending_off timer
11-24 20:00:21.500  1011  1189 D ASH     : @ 199273.687: tcs3701: start power rail timer, state:3
11-24 20:00:21.505 29531 29575 I BatteryMgr:DataCollectionService: stats => 1700852421505,915,4440,6713,4169000,100
11-24 20:00:21.540  1011  1189 I ASH     : @ 199273.727: tcs3701: stop power rail pending_off timer
11-24 20:00:21.540  1011  1189 D ASH     : @ 199273.727: tcs3701: start power rail timer, state:3
11-24 20:00:21.580  1011  1189 I ASH     : @ 199273.767: tcs3701: stop power rail pending_off timer
11-24 20:00:21.580  1011  1189 D ASH     : @ 199273.767: tcs3701: start power rail timer, state:3
11-24 20:00:21.611 29531 29575 I BatteryMgr:DataCollectionService: stats => 1700852421611,915,4440,6713,4169000,100
11-24 20:00:21.620  1011  1189 I ASH     : @ 199273.807: tcs3701: stop power rail pending_off timer
11-24 20:00:21.620  1011  1189 D ASH     : @ 199273.807: tcs3701: start power rail timer, state:3
11-24 20:00:21.660  1011  1189 I ASH     : @ 199273.847: tcs3701: stop power rail pending_off timer
11-24 20:00:21.660  1011  1189 D ASH     : @ 199273.847: tcs3701: start power rail timer, state:3
11-24 20:00:21.700  1011  1189 I ASH     : @ 199273.887: tcs3701: stop power rail pending_off timer
11-24 20:00:21.700  1011  1189 D ASH     : @ 199273.887: tcs3701: start power rail timer, state:3
11-24 20:00:21.718 29531 29575 I BatteryMgr:DataCollectionService: stats => 1700852421718,915,4440,6713,4169000,100
11-24 20:00:21.735  1795  1853 D ActivityManager: freezer override set to true
11-24 20:00:21.742  1795  1853 D ActivityManager: freezer override set to false
11-24 20:00:21.742  1011  1189 I ASH     : @ 199273.927: tcs3701: stop power rail pending_off timer
11-24 20:00:21.742  1011  1189 D ASH     : @ 199273.927: tcs3701: start power rail timer, state:3
11-24 20:00:21.780  1011  1189 I ASH     : @ 199273.967: tcs3701: stop power rail pending_off timer
11-24 20:00:21.780  1011  1189 D ASH     : @ 199273.967: tcs3701: start power rail timer, state:3
11-24 20:00:21.811  5040  5070 I AdrenoVK-0: QUALCOMM build          : 4783c89, I46ff5fc46f
11-24 20:00:21.811  5040  5070 I AdrenoVK-0: Build Date              : 11/30/20
11-24 20:00:21.811  5040  5070 I AdrenoVK-0: Shader Compiler Version : EV031.31.04.01
11-24 20:00:21.811  5040  5070 I AdrenoVK-0: Local Branch            : QPR2
11-24 20:00:21.811  5040  5070 I AdrenoVK-0: Remote Branch           : 
11-24 20:00:21.811  5040  5070 I AdrenoVK-0: Remote Branch           : 
11-24 20:00:21.811  5040  5070 I AdrenoVK-0: Reconstruct Branch      : 
11-24 20:00:21.811  5040  5070 I AdrenoVK-0: Build Config            : S P 10.0.4 AArch64
11-24 20:00:21.811  5040  5070 I AdrenoVK-0: Driver Path             : /vendor/lib64/hw/vulkan.adreno.so
11-24 20:00:21.820  1011  1189 I ASH     : @ 199274.007: tcs3701: stop power rail pending_off timer
11-24 20:00:21.820  1011  1189 D ASH     : @ 199274.007: tcs3701: start power rail timer, state:3
11-24 20:00:21.823 29531 29575 I BatteryMgr:DataCollectionService: stats => 1700852421823,915,4440,6713,4169000,100
11-24 20:00:21.862  1011  1189 I ASH     : @ 199274.047: tcs3701: stop power rail pending_off timer
11-24 20:00:21.862  1011  1189 D ASH     : @ 199274.047: tcs3701: start power rail timer, state:3
11-24 20:00:21.900  1011  1189 I ASH     : @ 199274.087: tcs3701: stop power rail pending_off timer
11-24 20:00:21.900  1011  1189 D ASH     : @ 199274.087: tcs3701: start power rail timer, state:3
11-24 20:00:21.934 29531 29575 I BatteryMgr:DataCollectionService: stats => 1700852421933,915,4440,6713,4169000,100
11-24 20:00:21.940  1011  1189 I ASH     : @ 199274.127: tcs3701: stop power rail pending_off timer
11-24 20:00:21.940  1011  1189 D ASH     : @ 199274.127: tcs3701: start power rail timer, state:3
11-24 20:00:21.980  1011  1189 I ASH     : @ 199274.167: tcs3701: stop power rail pending_off timer
11-24 20:00:21.980  1011  1189 D ASH     : @ 199274.167: tcs3701: start power rail timer, state:3
11-24 20:00:22.020  1011  1189 I ASH     : @ 199274.207: tcs3701: stop power rail pending_off timer
11-24 20:00:22.020  1011  1189 D ASH     : @ 199274.207: tcs3701: start power rail timer, state:3
11-24 20:00:22.047 29531 29575 I BatteryMgr:DataCollectionService: stats => 1700852422047,915,4440,6713,4169000,100
