11-24 19:58:21.813 29531 29576 I BatteryMgr:DataCollectionService: stats => 1700852301813,13427,4440,6713,4169000,100
11-24 19:58:21.820  1011  1189 I ASH     : @ 199154.007: tcs3701: stop power rail pending_off timer
11-24 19:58:21.820  1011  1189 D ASH     : @ 199154.007: tcs3701: start power rail timer, state:3
11-24 19:58:21.860  1011  1189 I ASH     : @ 199154.047: tcs3701: stop power rail pending_off timer
11-24 19:58:21.860  1011  1189 D ASH     : @ 199154.047: tcs3701: start power rail timer, state:3
11-24 19:58:21.900  1011  1189 I ASH     : @ 199154.087: tcs3701: stop power rail pending_off timer
11-24 19:58:21.900  1011  1189 D ASH     : @ 199154.087: tcs3701: start power rail timer, state:3
11-24 19:58:21.918 29531 29576 I BatteryMgr:DataCollectionService: stats => 1700852301918,13427,4440,6713,4169000,100
11-24 19:58:21.940  1011  1189 I ASH     : @ 199154.127: tcs3701: stop power rail pending_off timer
11-24 19:58:21.940  1011  1189 D ASH     : @ 199154.127: tcs3701: start power rail timer, state:3
11-24 19:58:21.980  1011  1189 I ASH     : @ 199154.167: tcs3701: stop power rail pending_off timer
11-24 19:58:21.980  1011  1189 D ASH     : @ 199154.167: tcs3701: start power rail timer, state:3
11-24 19:58:22.020  1011  1189 I ASH     : @ 199154.207: tcs3701: stop power rail pending_off timer
11-24 19:58:22.020  1011  1189 D ASH     : @ 199154.207: tcs3701: start power rail timer, state:3
11-24 19:58:22.024 29531 29576 I BatteryMgr:DataCollectionService: stats => 1700852302023,13427,4440,6713,4169000,100
11-24 19:58:22.060  1011  1189 I ASH     : @ 199154.247: tcs3701: stop power rail pending_off timer
11-24 19:58:22.060  1011  1189 D ASH     : @ 199154.247: tcs3701: start power rail timer, state:3
11-24 19:58:22.100  1011  1189 I ASH     : @ 199154.287: tcs3701: stop power rail pending_off timer
11-24 19:58:22.100  1011  1189 D ASH     : @ 199154.287: tcs3701: start power rail timer, state:3
11-24 19:58:22.128 29531 29576 I BatteryMgr:DataCollectionService: stats => 1700852302128,13427,4440,6713,4169000,100
11-24 19:58:22.140  1011  1189 I ASH     : @ 199154.328: tcs3701: stop power rail pending_off timer
11-24 19:58:22.140  1011  1189 D ASH     : @ 199154.328: tcs3701: start power rail timer, state:3
11-24 19:58:22.180  1011  1189 I ASH     : @ 199154.367: tcs3701: stop power rail pending_off timer
11-24 19:58:22.180  1011  1189 D ASH     : @ 199154.367: tcs3701: start power rail timer, state:3
11-24 19:58:22.220  1011  1189 I ASH     : @ 199154.408: tcs3701: stop power rail pending_off timer
11-24 19:58:22.220  1011  1189 D ASH     : @ 199154.408: tcs3701: start power rail timer, state:3
11-24 19:58:22.234 29531 29576 I BatteryMgr:DataCollectionService: stats => 1700852302234,13427,4440,6713,4169000,100
11-24 19:58:22.260  1011  1189 I ASH     : @ 199154.447: tcs3701: stop power rail pending_off timer
11-24 19:58:22.260  1011  1189 D ASH     : @ 199154.447: tcs3701: start power rail timer, state:3
11-24 19:58:22.300  1011  1189 I ASH     : @ 199154.487: tcs3701: stop power rail pending_off timer
11-24 19:58:22.300  1011  1189 D ASH     : @ 199154.488: tcs3701: start power rail timer, state:3
11-24 19:58:22.338 29531 29576 I BatteryMgr:DataCollectionService: stats => 1700852302338,13427,4440,6713,4169000,100
11-24 19:58:22.340  1011  1189 I ASH     : @ 199154.527: tcs3701: stop power rail pending_off timer
11-24 19:58:22.340  1011  1189 D ASH     : @ 199154.527: tcs3701: start power rail timer, state:3
11-24 19:58:22.381  1011  1189 I ASH     : @ 199154.567: tcs3701: stop power rail pending_off timer
11-24 19:58:22.381  1011  1189 D ASH     : @ 199154.567: tcs3701: start power rail timer, state:3
11-24 19:58:22.420  1011  1189 I ASH     : @ 199154.607: tcs3701: stop power rail pending_off timer
11-24 19:58:22.420  1011  1189 D ASH     : @ 199154.607: tcs3701: start power rail timer, state:3
11-24 19:58:22.443 29531 29576 I BatteryMgr:DataCollectionService: stats => 1700852302443,13427,4440,6713,4169000,100
11-24 19:58:22.460  1011  1189 I ASH     : @ 199154.647: tcs3701: stop power rail pending_off timer
11-24 19:58:22.460  1011  1189 D ASH     : @ 199154.647: tcs3701: start power rail timer, state:3
11-24 19:58:22.500  1011  1189 I ASH     : @ 199154.687: tcs3701: stop power rail pending_off timer
11-24 19:58:22.500  1011  1189 D ASH     : @ 199154.687: tcs3701: start power rail timer, state:3
11-24 19:58:22.501  1795  4162 D ActivityManager: freezer override set to true
11-24 19:58:22.504  1795  4162 D ActivityManager: freezer override set to false
11-24 19:58:22.541  1011  1189 I ASH     : @ 199154.727: tcs3701: stop power rail pending_off timer
11-24 19:58:22.541  1011  1189 D ASH     : @ 199154.727: tcs3701: start power rail timer, state:3
11-24 19:58:22.548 29531 29576 I BatteryMgr:DataCollectionService: stats => 1700852302548,13427,4440,6713,4169000,100
11-24 19:58:22.580  1011  1189 I ASH     : @ 199154.767: tcs3701: stop power rail pending_off timer
11-24 19:58:22.580  1011  1189 D ASH     : @ 199154.767: tcs3701: start power rail timer, state:3
11-24 19:58:22.620  1011  1189 I ASH     : @ 199154.807: tcs3701: stop power rail pending_off timer
11-24 19:58:22.620  1011  1189 D ASH     : @ 199154.807: tcs3701: start power rail timer, state:3
11-24 19:58:22.652 29531 29576 I BatteryMgr:DataCollectionService: stats => 1700852302652,13427,4440,6713,4169000,100
11-24 19:58:22.660  1011  1189 I ASH     : @ 199154.847: tcs3701: stop power rail pending_off timer
11-24 19:58:22.660  1011  1189 D ASH     : @ 199154.848: tcs3701: start power rail timer, state:3
11-24 19:58:22.700  1011  1189 I ASH     : @ 199154.887: tcs3701: stop power rail pending_off timer
11-24 19:58:22.700  1011  1189 D ASH     : @ 199154.887: tcs3701: start power rail timer, state:3
11-24 19:58:22.740  1011  1189 I ASH     : @ 199154.927: tcs3701: stop power rail pending_off timer
11-24 19:58:22.740  1011  1189 D ASH     : @ 199154.927: tcs3701: start power rail timer, state:3
11-24 19:58:22.759  1795  2387 D ActivityManager: freezer override set to true
11-24 19:58:22.759 29531 29576 I BatteryMgr:DataCollectionService: stats => 1700852302759,13427,4440,6713,4169000,100
11-24 19:58:22.780  1011  1189 I ASH     : @ 199154.967: tcs3701: stop power rail pending_off timer
11-24 19:58:22.780  1011  1189 D ASH     : @ 199154.967: tcs3701: start power rail timer, state:3
11-24 19:58:22.820  1011  1189 I ASH     : @ 199155.007: tcs3701: stop power rail pending_off timer
11-24 19:58:22.820  1011  1189 D ASH     : @ 199155.007: tcs3701: start power rail timer, state:3
11-24 19:58:22.860  1011  1189 I ASH     : @ 199155.047: tcs3701: stop power rail pending_off timer
11-24 19:58:22.860  1011  1189 D ASH     : @ 199155.047: tcs3701: start power rail timer, state:3
11-24 19:58:22.864 29531 29576 I BatteryMgr:DataCollectionService: stats => 1700852302864,13427,4440,6713,4169000,100
11-24 19:58:22.900  1011  1189 I ASH     : @ 199155.087: tcs3701: stop power rail pending_off timer
11-24 19:58:22.900  1011  1189 D ASH     : @ 199155.087: tcs3701: start power rail timer, state:3
11-24 19:58:22.905 32046 32097 I m.chrome.canary: Explicit concurrent copying GC freed 3806(191KB) AllocSpace objects, 4(80KB) LOS objects, 75% free, 12MB/51MB, paused 33us,20us total 43.389ms
11-24 19:58:22.940  1011  1189 I ASH     : @ 199155.127: tcs3701: stop power rail pending_off timer
11-24 19:58:22.940  1011  1189 D ASH     : @ 199155.127: tcs3701: start power rail timer, state:3
11-24 19:58:22.960  1795  2387 D ActivityManager: freezer override set to false
11-24 19:58:22.969 29531 29576 I BatteryMgr:DataCollectionService: stats => 1700852302969,13427,4440,6713,4169000,100
11-24 19:58:22.980  1011  1189 I ASH     : @ 199155.167: tcs3701: stop power rail pending_off timer
11-24 19:58:22.980  1011  1189 D ASH     : @ 199155.167: tcs3701: start power rail timer, state:3
11-24 19:58:22.995  1795  2387 D ActivityManager: freezer override set to true
11-24 19:58:22.997  1795  2387 D ActivityManager: freezer override set to false
11-24 19:58:23.020  1011  1189 I ASH     : @ 199155.207: tcs3701: stop power rail pending_off timer
11-24 19:58:23.021  1011  1189 D ASH     : @ 199155.207: tcs3701: start power rail timer, state:3
11-24 19:58:23.060  1011  1189 I ASH     : @ 199155.247: tcs3701: stop power rail pending_off timer
11-24 19:58:23.060  1011  1189 D ASH     : @ 199155.247: tcs3701: start power rail timer, state:3
11-24 19:58:23.074 29531 29576 I BatteryMgr:DataCollectionService: stats => 1700852303074,13427,4440,6713,4169000,100
11-24 19:58:23.100  1011  1189 I ASH     : @ 199155.287: tcs3701: stop power rail pending_off timer
11-24 19:58:23.100  1011  1189 D ASH     : @ 199155.287: tcs3701: start power rail timer, state:3
11-24 19:58:23.140  1011  1189 I ASH     : @ 199155.327: tcs3701: stop power rail pending_off timer
11-24 19:58:23.140  1011  1189 D ASH     : @ 199155.327: tcs3701: start power rail timer, state:3
11-24 19:58:23.179 29531 29576 I BatteryMgr:DataCollectionService: stats => 1700852303179,13427,4440,6713,4169000,100
11-24 19:58:23.180  1011  1189 I ASH     : @ 199155.367: tcs3701: stop power rail pending_off timer
11-24 19:58:23.180  1011  1189 D ASH     : @ 199155.367: tcs3701: start power rail timer, state:3
11-24 19:58:23.220  1011  1189 I ASH     : @ 199155.407: tcs3701: stop power rail pending_off timer
11-24 19:58:23.220  1011  1189 D ASH     : @ 199155.407: tcs3701: start power rail timer, state:3
11-24 19:58:23.260  1011  1189 I ASH     : @ 199155.447: tcs3701: stop power rail pending_off timer
11-24 19:58:23.260  1011  1189 D ASH     : @ 199155.447: tcs3701: start power rail timer, state:3
11-24 19:58:23.284 29531 29576 I BatteryMgr:DataCollectionService: stats => 1700852303284,13427,4440,6713,4169000,100
11-24 19:58:23.300  1011  1189 I ASH     : @ 199155.487: tcs3701: stop power rail pending_off timer
11-24 19:58:23.300  1011  1189 D ASH     : @ 199155.487: tcs3701: start power rail timer, state:3
11-24 19:58:23.340  1011  1189 I ASH     : @ 199155.527: tcs3701: stop power rail pending_off timer
11-24 19:58:23.340  1011  1189 D ASH     : @ 199155.527: tcs3701: start power rail timer, state:3
11-24 19:58:23.380  1011  1189 I ASH     : @ 199155.567: tcs3701: stop power rail pending_off timer
11-24 19:58:23.380  1011  1189 D ASH     : @ 199155.567: tcs3701: start power rail timer, state:3
11-24 19:58:23.389 29531 29576 I BatteryMgr:DataCollectionService: stats => 1700852303389,13427,4440,6713,4169000,100
11-24 19:58:23.420  1011  1189 I ASH     : @ 199155.607: tcs3701: stop power rail pending_off timer
11-24 19:58:23.420  1011  1189 D ASH     : @ 199155.607: tcs3701: start power rail timer, state:3
11-24 19:58:23.460  1011  1189 I ASH     : @ 199155.647: tcs3701: stop power rail pending_off timer
11-24 19:58:23.460  1011  1189 D ASH     : @ 199155.647: tcs3701: start power rail timer, state:3
11-24 19:58:23.496 29531 29576 I BatteryMgr:DataCollectionService: stats => 1700852303496,13427,4440,6713,4169000,100
11-24 19:58:23.500  1011  1189 I ASH     : @ 199155.687: tcs3701: stop power rail pending_off timer
11-24 19:58:23.500  1011  1189 D ASH     : @ 199155.687: tcs3701: start power rail timer, state:3
11-24 19:58:23.501  1795  2387 D ActivityManager: freezer override set to true
11-24 19:58:23.506  1795  2387 D ActivityManager: freezer override set to false
11-24 19:58:23.540  1011  1189 I ASH     : @ 199155.727: tcs3701: stop power rail pending_off timer
11-24 19:58:23.540  1011  1189 D ASH     : @ 199155.727: tcs3701: start power rail timer, state:3
11-24 19:58:23.580  1011  1189 I ASH     : @ 199155.767: tcs3701: stop power rail pending_off timer
11-24 19:58:23.580  1011  1189 D ASH     : @ 199155.767: tcs3701: start power rail timer, state:3
11-24 19:58:23.600 29531 29576 I BatteryMgr:DataCollectionService: stats => 1700852303600,13427,4440,6713,4169000,100
11-24 19:58:23.620  1011  1189 I ASH     : @ 199155.807: tcs3701: stop power rail pending_off timer
11-24 19:58:23.620  1011  1189 D ASH     : @ 199155.807: tcs3701: start power rail timer, state:3
11-24 19:58:23.660  1011  1189 I ASH     : @ 199155.847: tcs3701: stop power rail pending_off timer
11-24 19:58:23.660  1011  1189 D ASH     : @ 199155.847: tcs3701: start power rail timer, state:3
11-24 19:58:23.700  1011  1189 I ASH     : @ 199155.887: tcs3701: stop power rail pending_off timer
11-24 19:58:23.700  1011  1189 D ASH     : @ 199155.887: tcs3701: start power rail timer, state:3
11-24 19:58:23.705 29531 29576 I BatteryMgr:DataCollectionService: stats => 1700852303705,13427,4440,6713,4169000,100
11-24 19:58:23.740  1011  1189 I ASH     : @ 199155.927: tcs3701: stop power rail pending_off timer
11-24 19:58:23.740  1011  1189 D ASH     : @ 199155.927: tcs3701: start power rail timer, state:3
11-24 19:58:23.780  1011  1189 I ASH     : @ 199155.967: tcs3701: stop power rail pending_off timer
11-24 19:58:23.780  1011  1189 D ASH     : @ 199155.967: tcs3701: start power rail timer, state:3
11-24 19:58:23.810 29531 29576 I BatteryMgr:DataCollectionService: stats => 1700852303810,13427,4440,6713,4169000,100
11-24 19:58:23.820  1011  1189 I ASH     : @ 199156.007: tcs3701: stop power rail pending_off timer
11-24 19:58:23.820  1011  1189 D ASH     : @ 199156.007: tcs3701: start power rail timer, state:3
11-24 19:58:23.860  1011  1189 I ASH     : @ 199156.048: tcs3701: stop power rail pending_off timer
11-24 19:58:23.860  1011  1189 D ASH     : @ 199156.048: tcs3701: start power rail timer, state:3
11-24 19:58:23.900  1011  1189 I ASH     : @ 199156.087: tcs3701: stop power rail pending_off timer
11-24 19:58:23.901  1011  1189 D ASH     : @ 199156.087: tcs3701: start power rail timer, state:3
11-24 19:58:23.915 29531 29576 I BatteryMgr:DataCollectionService: stats => 1700852303915,13427,4440,6713,4169000,100
11-24 19:58:23.940  1011  1189 I ASH     : @ 199156.127: tcs3701: stop power rail pending_off timer
11-24 19:58:23.940  1011  1189 D ASH     : @ 199156.127: tcs3701: start power rail timer, state:3
11-24 19:58:23.980  1011  1189 I ASH     : @ 199156.167: tcs3701: stop power rail pending_off timer
11-24 19:58:23.980  1011  1189 D ASH     : @ 199156.167: tcs3701: start power rail timer, state:3
11-24 19:58:24.020  1011  1189 I ASH     : @ 199156.207: tcs3701: stop power rail pending_off timer
11-24 19:58:24.020  1011  1189 D ASH     : @ 199156.207: tcs3701: start power rail timer, state:3
11-24 19:58:24.022 29531 29576 I BatteryMgr:DataCollectionService: stats => 1700852304022,13427,4440,6713,4169000,100
11-24 19:58:24.060  1011  1189 I ASH     : @ 199156.247: tcs3701: stop power rail pending_off timer
11-24 19:58:24.060  1011  1189 D ASH     : @ 199156.247: tcs3701: start power rail timer, state:3
11-24 19:58:24.100  1011  1189 I ASH     : @ 199156.287: tcs3701: stop power rail pending_off timer
11-24 19:58:24.100  1011  1189 D ASH     : @ 199156.287: tcs3701: start power rail timer, state:3
11-24 19:58:24.129 29531 29576 I BatteryMgr:DataCollectionService: stats => 1700852304129,13427,4440,6713,4169000,100
11-24 19:58:24.137  1795  2387 D ActivityManager: freezer override set to true
11-24 19:58:24.140  1011  1189 I ASH     : @ 199156.327: tcs3701: stop power rail pending_off timer
11-24 19:58:24.140  1011  1189 D ASH     : @ 199156.327: tcs3701: start power rail timer, state:3
11-24 19:58:24.180  1011  1189 I ASH     : @ 199156.367: tcs3701: stop power rail pending_off timer
11-24 19:58:24.180  1011  1189 D ASH     : @ 199156.367: tcs3701: start power rail timer, state:3
11-24 19:58:24.216 32046 32097 I m.chrome.canary: Explicit concurrent copying GC freed 3588(176KB) AllocSpace objects, 3(60KB) LOS objects, 75% free, 12MB/51MB, paused 27us,20us total 43.285ms
11-24 19:58:24.220  1011  1189 I ASH     : @ 199156.407: tcs3701: stop power rail pending_off timer
11-24 19:58:24.220  1011  1189 D ASH     : @ 199156.407: tcs3701: start power rail timer, state:3
11-24 19:58:24.234 29531 29576 I BatteryMgr:DataCollectionService: stats => 1700852304234,13427,4440,6713,4169000,100
11-24 19:58:24.260  1011  1189 I ASH     : @ 199156.447: tcs3701: stop power rail pending_off timer
11-24 19:58:24.260  1011  1189 D ASH     : @ 199156.447: tcs3701: start power rail timer, state:3
11-24 19:58:24.270  1795  2387 D ActivityManager: freezer override set to false
11-24 19:58:24.300  1011  1189 I ASH     : @ 199156.487: tcs3701: stop power rail pending_off timer
11-24 19:58:24.300  1011  1189 D ASH     : @ 199156.487: tcs3701: start power rail timer, state:3
11-24 19:58:24.322  1795  2387 D ActivityManager: freezer override set to true
11-24 19:58:24.326  1795  2387 D ActivityManager: freezer override set to false
11-24 19:58:24.340  1011  1189 I ASH     : @ 199156.527: tcs3701: stop power rail pending_off timer
11-24 19:58:24.340 29531 29576 I BatteryMgr:DataCollectionService: stats => 1700852304340,13427,4440,6713,4169000,100
11-24 19:58:24.340  1011  1189 D ASH     : @ 199156.527: tcs3701: start power rail timer, state:3
11-24 19:58:24.380  1011  1189 I ASH     : @ 199156.567: tcs3701: stop power rail pending_off timer
11-24 19:58:24.380  1011  1189 D ASH     : @ 199156.568: tcs3701: start power rail timer, state:3
11-24 19:58:24.420  1011  1189 I ASH     : @ 199156.607: tcs3701: stop power rail pending_off timer
11-24 19:58:24.420  1011  1189 D ASH     : @ 199156.607: tcs3701: start power rail timer, state:3
11-24 19:58:24.442  1795  2424 D WifiClientModeImpl[13802:wlan0]: updateLinkLayerStatsRssiSpeedFrequencyCapabilities rssi=-49 TxLinkspeed=780 freq=5240 RxLinkSpeed=866
11-24 19:58:24.442  1795  2424 D WifiDataStall: tx tput in kbps: 680214
11-24 19:58:24.442  1795  2424 D WifiDataStall: rx tput in kbps: 794960
11-24 19:58:24.442  1795  2424 V WifiConfigManager: Updating scan detail cache freq=5240 BSSID=f4:6d:2f:12:cc:88 RSSI=-49 for "ourhome"WPA_PSK
11-24 19:58:24.442  1795  2424 D WifiChannelUtilization:  freq: 5240 onTime: 6099073 busyTime: 615469 onTimeDiff: 189114 busyTimeDiff: 15680 utilization: 21 utilization t0: 25
11-24 19:58:24.442  1795  2424 D WifiDataStall:  ccaLevel = 21
11-24 19:58:24.442  1795  2424 D WifiDataStall: L2 txTputKbps: 680214, rxTputKbps: 794960, L3 txTputKbps: 0, rxTputKbps: 0, TxTrafficHigh: false, RxTrafficHigh: false, Throughput Sufficient: true
11-24 19:58:24.442  2673  2740 V WifiManager: OnWifiUsabilityStatsListener: onWifiUsabilityStats: seqNum=58972
11-24 19:58:24.443  1795  2424 D WifiScoreReport: Wifi scoring disabled - Don't check IP layer
11-24 19:58:24.443  1795  2424 D WifiScoreCard: BSSID update SIGNAL_POLL ID: 1320464697 SSID: "ourhome", BSSID: f4:6d:2f:12:cc:88, MAC: b2:2f:ec:da:4a:0c, IP: /192.168.1.104, Security type: 2, Supplicant state: COMPLETED, Wi-Fi standard: 5, RSSI: -49, Link speed: 780Mbps, Tx Link speed: 780Mbps, Max Supported Tx Link speed: 866Mbps, Rx Link speed: 866Mbps, Max Supported Rx Link speed: 866Mbps, Frequency: 5240MHz, Net ID: 12, Metered hint: false, score: 60, isUsable: true, CarrierMerged: false, SubscriptionId: -1, IsPrimary: 1, Trusted: true, Restricted: false, Ephemeral: false, OEM paid: false, OEM private: false, OSU AP: false, FQDN: <none>, Provider friendly name: <none>, Requesting package name: <none>"ourhome"wpa2-pskMLO Information: , Is TID-To-Link negotiation supported by the AP: false, AP MLD Address: <none>, AP MLO Link Id: <none>, AP MLO Affiliated links: <none>
11-24 19:58:24.443  1795  2424 D WifiScoreCard: txRate: 1 txSpeed: 780
11-24 19:58:24.443  1795  2387 I WifiService: updateWifiUsabilityScore uid=10180 seqNum=58972 score=100 predictionHorizonSec=1441795
11-24 19:58:24.443  1795  2424 D WifiScoreCard: network update SIGNAL_POLL "ourhome" ID: 1499892569 RSSI -49 txSpeed -1
11-24 19:58:24.443  1795  2424 D WifiClientModeImpl[13802:wlan0]:  ClientModeImpl$L2ConnectedState screen=on 29 0 "ourhome" f4:6d:2f:12:cc:88 rssi=-49 f=5240 sc=60 link=780 tx=0.0, 0.0, 0.0 rx=0.0 bcn=1919883 [on:0 tx:0 rx:0 period:3009] from screen [on:1489493 period:47546434] score=60
11-24 19:58:24.444  1795  2424 D WifiScoreReport: Wifi scoring disabled - Notify that Wifi is usable
11-24 19:58:24.444 29531 29576 I BatteryMgr:DataCollectionService: stats => 1700852304444,13427,4440,6713,4169000,100
11-24 19:58:24.447  1795  2432 D ConnectivityService: NetReassign [no changes] [c 0] [a 0] [i 3]
11-24 19:58:24.460  1011  1189 I ASH     : @ 199156.647: tcs3701: stop power rail pending_off timer
11-24 19:58:24.460  1011  1189 D ASH     : @ 199156.647: tcs3701: start power rail timer, state:3
11-24 19:58:24.500  1011  1189 I ASH     : @ 199156.687: tcs3701: stop power rail pending_off timer
11-24 19:58:24.500  1011  1189 D ASH     : @ 199156.687: tcs3701: start power rail timer, state:3
11-24 19:58:24.507  1795  2387 D ActivityManager: freezer override set to true
11-24 19:58:24.510  1795  2387 D ActivityManager: freezer override set to false
11-24 19:58:24.540  1011  1189 I ASH     : @ 199156.727: tcs3701: stop power rail pending_off timer
11-24 19:58:24.540  1011  1189 D ASH     : @ 199156.727: tcs3701: start power rail timer, state:3
11-24 19:58:24.549 29531 29576 I BatteryMgr:DataCollectionService: stats => 1700852304549,13427,4440,6713,4169000,100
11-24 19:58:24.580  1011  1189 I ASH     : @ 199156.767: tcs3701: stop power rail pending_off timer
11-24 19:58:24.580  1011  1189 D ASH     : @ 199156.767: tcs3701: start power rail timer, state:3
11-24 19:58:24.620  1011  1189 I ASH     : @ 199156.807: tcs3701: stop power rail pending_off timer
11-24 19:58:24.620  1011  1189 D ASH     : @ 199156.807: tcs3701: start power rail timer, state:3
11-24 19:58:24.653 29531 29576 I BatteryMgr:DataCollectionService: stats => 1700852304653,13427,4440,6713,4169000,100
11-24 19:58:24.660  1011  1189 I ASH     : @ 199156.847: tcs3701: stop power rail pending_off timer
11-24 19:58:24.660  1011  1189 D ASH     : @ 199156.847: tcs3701: start power rail timer, state:3
11-24 19:58:24.700  1011  1189 I ASH     : @ 199156.887: tcs3701: stop power rail pending_off timer
11-24 19:58:24.700  1011  1189 D ASH     : @ 199156.887: tcs3701: start power rail timer, state:3
11-24 19:58:24.740  1011  1189 I ASH     : @ 199156.927: tcs3701: stop power rail pending_off timer
11-24 19:58:24.740  1011  1189 D ASH     : @ 199156.927: tcs3701: start power rail timer, state:3
11-24 19:58:24.759 29531 29576 I BatteryMgr:DataCollectionService: stats => 1700852304759,13427,4440,6713,4169000,100
11-24 19:58:24.781  1011  1189 I ASH     : @ 199156.967: tcs3701: stop power rail pending_off timer
11-24 19:58:24.781  1011  1189 D ASH     : @ 199156.967: tcs3701: start power rail timer, state:3
11-24 19:58:24.820  1011  1189 I ASH     : @ 199157.007: tcs3701: stop power rail pending_off timer
11-24 19:58:24.820  1011  1189 D ASH     : @ 199157.007: tcs3701: start power rail timer, state:3
11-24 19:58:24.860  1011  1189 I ASH     : @ 199157.047: tcs3701: stop power rail pending_off timer
11-24 19:58:24.860  1011  1189 D ASH     : @ 199157.047: tcs3701: start power rail timer, state:3
11-24 19:58:24.864 29531 29576 I BatteryMgr:DataCollectionService: stats => 1700852304864,13427,4440,6713,4169000,100
11-24 19:58:24.901  1011  1189 I ASH     : @ 199157.087: tcs3701: stop power rail pending_off timer
11-24 19:58:24.901  1011  1189 D ASH     : @ 199157.087: tcs3701: start power rail timer, state:3
11-24 19:58:24.940  1011  1189 I ASH     : @ 199157.127: tcs3701: stop power rail pending_off timer
11-24 19:58:24.940  1011  1189 D ASH     : @ 199157.127: tcs3701: start power rail timer, state:3
11-24 19:58:24.969 29531 29576 I BatteryMgr:DataCollectionService: stats => 1700852304968,13427,4440,6713,4169000,100
11-24 19:58:24.980  1011  1189 I ASH     : @ 199157.167: tcs3701: stop power rail pending_off timer
11-24 19:58:24.980  1011  1189 D ASH     : @ 199157.167: tcs3701: start power rail timer, state:3
11-24 19:58:25.020  1011  1189 I ASH     : @ 199157.207: tcs3701: stop power rail pending_off timer
11-24 19:58:25.020  1011  1189 D ASH     : @ 199157.207: tcs3701: start power rail timer, state:3
11-24 19:58:25.060  1011  1189 I ASH     : @ 199157.247: tcs3701: stop power rail pending_off timer
11-24 19:58:25.060  1011  1189 D ASH     : @ 199157.247: tcs3701: start power rail timer, state:3
11-24 19:58:25.074 29531 29576 I BatteryMgr:DataCollectionService: stats => 1700852305073,13427,4440,6713,4169000,100
11-24 19:58:25.100  1011  1189 I ASH     : @ 199157.287: tcs3701: stop power rail pending_off timer
11-24 19:58:25.100  1011  1189 D ASH     : @ 199157.287: tcs3701: start power rail timer, state:3
11-24 19:58:25.140  1011  1189 I ASH     : @ 199157.327: tcs3701: stop power rail pending_off timer
11-24 19:58:25.140  1011  1189 D ASH     : @ 199157.327: tcs3701: start power rail timer, state:3
11-24 19:58:25.178 29531 29576 I BatteryMgr:DataCollectionService: stats => 1700852305178,13427,4440,6713,4169000,100
11-24 19:58:25.180  1011  1189 I ASH     : @ 199157.367: tcs3701: stop power rail pending_off timer
11-24 19:58:25.180  1011  1189 D ASH     : @ 199157.367: tcs3701: start power rail timer, state:3
11-24 19:58:25.220  1011  1189 I ASH     : @ 199157.407: tcs3701: stop power rail pending_off timer
11-24 19:58:25.220  1011  1189 D ASH     : @ 199157.407: tcs3701: start power rail timer, state:3
11-24 19:58:25.260  1011  1189 I ASH     : @ 199157.447: tcs3701: stop power rail pending_off timer
11-24 19:58:25.260  1011  1189 D ASH     : @ 199157.447: tcs3701: start power rail timer, state:3
11-24 19:58:25.283 29531 29576 I BatteryMgr:DataCollectionService: stats => 1700852305283,13427,4440,6713,4169000,100
11-24 19:58:25.300  1011  1189 I ASH     : @ 199157.487: tcs3701: stop power rail pending_off timer
11-24 19:58:25.300  1795  2424 D WifiNetworkSelector: Current connected network: 12
11-24 19:58:25.300  1011  1189 D ASH     : @ 199157.487: tcs3701: start power rail timer, state:3
11-24 19:58:25.300  1795  2424 V WifiConnectivityManager: No partial scan because firmware roaming is supported.
11-24 19:58:25.300  1795  2424 V WifiConnectivityManager: schedulePeriodicScanTimer intervalMs 20000
11-24 19:58:25.340  1011  1189 I ASH     : @ 199157.527: tcs3701: stop power rail pending_off timer
11-24 19:58:25.340  1011  1189 D ASH     : @ 199157.527: tcs3701: start power rail timer, state:3
11-24 19:58:25.380  1011  1189 I ASH     : @ 199157.567: tcs3701: stop power rail pending_off timer
11-24 19:58:25.380  1011  1189 D ASH     : @ 199157.567: tcs3701: start power rail timer, state:3
11-24 19:58:25.388 29531 29576 I BatteryMgr:DataCollectionService: stats => 1700852305388,12817,4440,6713,4169000,100
11-24 19:58:25.420  1011  1189 I ASH     : @ 199157.607: tcs3701: stop power rail pending_off timer
11-24 19:58:25.420  1011  1189 D ASH     : @ 199157.607: tcs3701: start power rail timer, state:3
11-24 19:58:25.460  1011  1189 I ASH     : @ 199157.647: tcs3701: stop power rail pending_off timer
11-24 19:58:25.460  1011  1189 D ASH     : @ 199157.647: tcs3701: start power rail timer, state:3
11-24 19:58:25.462  1795  2387 D ActivityManager: freezer override set to true
11-24 19:58:25.493 29531 29576 I BatteryMgr:DataCollectionService: stats => 1700852305493,12817,4440,6713,4169000,100
11-24 19:58:25.500  1011  1189 I ASH     : @ 199157.687: tcs3701: stop power rail pending_off timer
11-24 19:58:25.500  1011  1189 D ASH     : @ 199157.687: tcs3701: start power rail timer, state:3
11-24 19:58:25.540  1011  1189 I ASH     : @ 199157.727: tcs3701: stop power rail pending_off timer
11-24 19:58:25.540  1011  1189 D ASH     : @ 199157.727: tcs3701: start power rail timer, state:3
11-24 19:58:25.545 32046 32097 I m.chrome.canary: Explicit concurrent copying GC freed 3573(176KB) AllocSpace objects, 3(60KB) LOS objects, 75% free, 12MB/51MB, paused 29us,20us total 46.016ms
11-24 19:58:25.580  1011  1189 I ASH     : @ 199157.768: tcs3701: stop power rail pending_off timer
11-24 19:58:25.580  1011  1189 D ASH     : @ 199157.768: tcs3701: start power rail timer, state:3
11-24 19:58:25.599 29531 29576 I BatteryMgr:DataCollectionService: stats => 1700852305599,12817,4440,6713,4169000,100
11-24 19:58:25.602  1795  4162 D ActivityManager: freezer override set to false
11-24 19:58:25.620  1011  1189 I ASH     : @ 199157.807: tcs3701: stop power rail pending_off timer
11-24 19:58:25.620  1011  1189 D ASH     : @ 199157.807: tcs3701: start power rail timer, state:3
11-24 19:58:25.643  1795  4162 D ActivityManager: freezer override set to true
11-24 19:58:25.645  1795  4162 D ActivityManager: freezer override set to false
11-24 19:58:25.660  1011  1189 I ASH     : @ 199157.848: tcs3701: stop power rail pending_off timer
11-24 19:58:25.660  1011  1189 D ASH     : @ 199157.848: tcs3701: start power rail timer, state:3
11-24 19:58:25.700  1011  1189 I ASH     : @ 199157.887: tcs3701: stop power rail pending_off timer
11-24 19:58:25.700  1011  1189 D ASH     : @ 199157.887: tcs3701: start power rail timer, state:3
11-24 19:58:25.704 29531 29576 I BatteryMgr:DataCollectionService: stats => 1700852305704,12817,4440,6713,4169000,100
11-24 19:58:25.740  1011  1189 I ASH     : @ 199157.927: tcs3701: stop power rail pending_off timer
11-24 19:58:25.740  1011  1189 D ASH     : @ 199157.928: tcs3701: start power rail timer, state:3
11-24 19:58:25.780  1011  1189 I ASH     : @ 199157.967: tcs3701: stop power rail pending_off timer
11-24 19:58:25.780  1011  1189 D ASH     : @ 199157.967: tcs3701: start power rail timer, state:3
11-24 19:58:25.809 29531 29576 I BatteryMgr:DataCollectionService: stats => 1700852305809,12817,4440,6713,4169000,100
11-24 19:58:25.821  1011  1189 I ASH     : @ 199158.007: tcs3701: stop power rail pending_off timer
11-24 19:58:25.821  1011  1189 D ASH     : @ 199158.007: tcs3701: start power rail timer, state:3
11-24 19:58:25.860  1011  1189 I ASH     : @ 199158.047: tcs3701: stop power rail pending_off timer
11-24 19:58:25.860  1011  1189 D ASH     : @ 199158.047: tcs3701: start power rail timer, state:3
11-24 19:58:25.901  1011  1189 I ASH     : @ 199158.087: tcs3701: stop power rail pending_off timer
11-24 19:58:25.901  1011  1189 D ASH     : @ 199158.087: tcs3701: start power rail timer, state:3
11-24 19:58:25.913 29531 29576 I BatteryMgr:DataCollectionService: stats => 1700852305913,12817,4440,6713,4169000,100
11-24 19:58:25.941  1011  1189 I ASH     : @ 199158.127: tcs3701: stop power rail pending_off timer
11-24 19:58:25.941  1011  1189 D ASH     : @ 199158.127: tcs3701: start power rail timer, state:3
11-24 19:58:25.980  1011  1189 I ASH     : @ 199158.167: tcs3701: stop power rail pending_off timer
11-24 19:58:25.980  1011  1189 D ASH     : @ 199158.167: tcs3701: start power rail timer, state:3
11-24 19:58:26.020 29531 29576 I BatteryMgr:DataCollectionService: stats => 1700852306020,12817,4440,6713,4169000,100
11-24 19:58:26.020  1011  1189 I ASH     : @ 199158.207: tcs3701: stop power rail pending_off timer
11-24 19:58:26.020  1011  1189 D ASH     : @ 199158.207: tcs3701: start power rail timer, state:3
11-24 19:58:26.060  1011  1189 I ASH     : @ 199158.247: tcs3701: stop power rail pending_off timer
11-24 19:58:26.060  1011  1189 D ASH     : @ 199158.247: tcs3701: start power rail timer, state:3
11-24 19:58:26.100  1011  1189 I ASH     : @ 199158.287: tcs3701: stop power rail pending_off timer
11-24 19:58:26.100  1011  1189 D ASH     : @ 199158.287: tcs3701: start power rail timer, state:3
11-24 19:58:26.124 29531 29576 I BatteryMgr:DataCollectionService: stats => 1700852306124,12817,4440,6713,4169000,100
11-24 19:58:26.140  1011  1189 I ASH     : @ 199158.327: tcs3701: stop power rail pending_off timer
11-24 19:58:26.140  1011  1189 D ASH     : @ 199158.327: tcs3701: start power rail timer, state:3
11-24 19:58:26.180  1011  1189 I ASH     : @ 199158.367: tcs3701: stop power rail pending_off timer
11-24 19:58:26.180  1011  1189 D ASH     : @ 199158.367: tcs3701: start power rail timer, state:3
11-24 19:58:26.220  1011  1189 I ASH     : @ 199158.407: tcs3701: stop power rail pending_off timer
11-24 19:58:26.220  1011  1189 D ASH     : @ 199158.407: tcs3701: start power rail timer, state:3
11-24 19:58:26.230 29531 29576 I BatteryMgr:DataCollectionService: stats => 1700852306230,12817,4440,6713,4169000,100
11-24 19:58:26.261  1011  1189 I ASH     : @ 199158.447: tcs3701: stop power rail pending_off timer
11-24 19:58:26.261  1011  1189 D ASH     : @ 199158.447: tcs3701: start power rail timer, state:3
11-24 19:58:26.300  1011  1189 I ASH     : @ 199158.487: tcs3701: stop power rail pending_off timer
11-24 19:58:26.300  1011  1189 D ASH     : @ 199158.487: tcs3701: start power rail timer, state:3
11-24 19:58:26.334 29531 29576 I BatteryMgr:DataCollectionService: stats => 1700852306334,12817,4440,6713,4169000,100
11-24 19:58:26.340  1011  1189 I ASH     : @ 199158.527: tcs3701: stop power rail pending_off timer
11-24 19:58:26.340  1011  1189 D ASH     : @ 199158.527: tcs3701: start power rail timer, state:3
11-24 19:58:26.380  1011  1189 I ASH     : @ 199158.567: tcs3701: stop power rail pending_off timer
11-24 19:58:26.380  1011  1189 D ASH     : @ 199158.567: tcs3701: start power rail timer, state:3
11-24 19:58:26.420  1011  1189 I ASH     : @ 199158.607: tcs3701: stop power rail pending_off timer
11-24 19:58:26.420  1011  1189 D ASH     : @ 199158.607: tcs3701: start power rail timer, state:3
11-24 19:58:26.439 29531 29576 I BatteryMgr:DataCollectionService: stats => 1700852306439,12817,4440,6713,4169000,100
11-24 19:58:26.460  1011  1189 I ASH     : @ 199158.647: tcs3701: stop power rail pending_off timer
11-24 19:58:26.460  1011  1189 D ASH     : @ 199158.647: tcs3701: start power rail timer, state:3
11-24 19:58:26.502  1011  1189 I ASH     : @ 199158.687: tcs3701: stop power rail pending_off timer
11-24 19:58:26.502  1011  1189 D ASH     : @ 199158.687: tcs3701: start power rail timer, state:3
11-24 19:58:26.507  1795  4162 D ActivityManager: freezer override set to true
11-24 19:58:26.510  1795  4162 D ActivityManager: freezer override set to false
11-24 19:58:26.540  1011  1189 I ASH     : @ 199158.727: tcs3701: stop power rail pending_off timer
11-24 19:58:26.540  1011  1189 D ASH     : @ 199158.727: tcs3701: start power rail timer, state:3
11-24 19:58:26.544 29531 29576 I BatteryMgr:DataCollectionService: stats => 1700852306544,12817,4440,6713,4169000,100
11-24 19:58:26.580  1011  1189 I ASH     : @ 199158.767: tcs3701: stop power rail pending_off timer
11-24 19:58:26.580  1011  1189 D ASH     : @ 199158.767: tcs3701: start power rail timer, state:3
11-24 19:58:26.620  1011  1189 I ASH     : @ 199158.807: tcs3701: stop power rail pending_off timer
11-24 19:58:26.620  1011  1189 D ASH     : @ 199158.807: tcs3701: start power rail timer, state:3
11-24 19:58:26.649 29531 29576 I BatteryMgr:DataCollectionService: stats => 1700852306649,12817,4440,6713,4169000,100
11-24 19:58:26.660  1011  1189 I ASH     : @ 199158.847: tcs3701: stop power rail pending_off timer
11-24 19:58:26.660  1011  1189 D ASH     : @ 199158.847: tcs3701: start power rail timer, state:3
11-24 19:58:26.700  1011  1189 I ASH     : @ 199158.887: tcs3701: stop power rail pending_off timer
11-24 19:58:26.700  1011  1189 D ASH     : @ 199158.887: tcs3701: start power rail timer, state:3
11-24 19:58:26.740  1011  1189 I ASH     : @ 199158.927: tcs3701: stop power rail pending_off timer
11-24 19:58:26.740  1011  1189 D ASH     : @ 199158.927: tcs3701: start power rail timer, state:3
11-24 19:58:26.755 29531 29576 I BatteryMgr:DataCollectionService: stats => 1700852306755,12817,4440,6713,4169000,100
11-24 19:58:26.781  1011  1189 I ASH     : @ 199158.967: tcs3701: stop power rail pending_off timer
11-24 19:58:26.781  1011  1189 D ASH     : @ 199158.967: tcs3701: start power rail timer, state:3
11-24 19:58:26.802  1795  4162 D ActivityManager: freezer override set to true
11-24 19:58:26.820  1011  1189 I ASH     : @ 199159.007: tcs3701: stop power rail pending_off timer
11-24 19:58:26.820  1011  1189 D ASH     : @ 199159.007: tcs3701: start power rail timer, state:3
11-24 19:58:26.859 29531 29576 I BatteryMgr:DataCollectionService: stats => 1700852306859,12817,4440,6713,4169000,100
11-24 19:58:26.861  1011  1189 I ASH     : @ 199159.047: tcs3701: stop power rail pending_off timer
11-24 19:58:26.861  1011  1189 D ASH     : @ 199159.047: tcs3701: start power rail timer, state:3
11-24 19:58:26.900  1011  1189 I ASH     : @ 199159.087: tcs3701: stop power rail pending_off timer
11-24 19:58:26.900  1011  1189 D ASH     : @ 199159.087: tcs3701: start power rail timer, state:3
11-24 19:58:26.941  1011  1189 I ASH     : @ 199159.127: tcs3701: stop power rail pending_off timer
11-24 19:58:26.941  1011  1189 D ASH     : @ 199159.127: tcs3701: start power rail timer, state:3
11-24 19:58:26.964 29531 29576 I BatteryMgr:DataCollectionService: stats => 1700852306963,12817,4440,6713,4169000,100
11-24 19:58:26.980  1011  1189 I ASH     : @ 199159.167: tcs3701: stop power rail pending_off timer
11-24 19:58:26.980  1011  1189 D ASH     : @ 199159.167: tcs3701: start power rail timer, state:3
11-24 19:58:27.020  1011  1189 I ASH     : @ 199159.207: tcs3701: stop power rail pending_off timer
11-24 19:58:27.020  1011  1189 D ASH     : @ 199159.207: tcs3701: start power rail timer, state:3
11-24 19:58:27.060  1011  1189 I ASH     : @ 199159.247: tcs3701: stop power rail pending_off timer
11-24 19:58:27.060  1011  1189 D ASH     : @ 199159.247: tcs3701: start power rail timer, state:3
11-24 19:58:27.063 32046 32097 I m.chrome.canary: Explicit concurrent copying GC freed 3807(191KB) AllocSpace objects, 4(80KB) LOS objects, 75% free, 12MB/51MB, paused 38us,53us total 137.486ms
11-24 19:58:27.069 29531 29576 I BatteryMgr:DataCollectionService: stats => 1700852307068,12817,4440,6713,4169000,100
11-24 19:58:27.100  1011  1189 I ASH     : @ 199159.287: tcs3701: stop power rail pending_off timer
11-24 19:58:27.100  1011  1189 D ASH     : @ 199159.287: tcs3701: start power rail timer, state:3
11-24 19:58:27.140  1011  1189 I ASH     : @ 199159.327: tcs3701: stop power rail pending_off timer
11-24 19:58:27.140  1011  1189 D ASH     : @ 199159.327: tcs3701: start power rail timer, state:3
11-24 19:58:27.174 29531 29576 I BatteryMgr:DataCollectionService: stats => 1700852307174,12817,4440,6713,4169000,100
11-24 19:58:27.180  1011  1189 I ASH     : @ 199159.367: tcs3701: stop power rail pending_off timer
11-24 19:58:27.180  1011  1189 D ASH     : @ 199159.367: tcs3701: start power rail timer, state:3
11-24 19:58:27.220  1011  1189 I ASH     : @ 199159.407: tcs3701: stop power rail pending_off timer
11-24 19:58:27.220  1011  1189 D ASH     : @ 199159.407: tcs3701: start power rail timer, state:3
11-24 19:58:27.239  1795  4162 D ActivityManager: freezer override set to false
11-24 19:58:27.261  1011  1189 I ASH     : @ 199159.447: tcs3701: stop power rail pending_off timer
11-24 19:58:27.262  1011  1189 D ASH     : @ 199159.447: tcs3701: start power rail timer, state:3
11-24 19:58:27.272  1795  4162 D ActivityManager: freezer override set to true
11-24 19:58:27.275  1795  4162 D ActivityManager: freezer override set to false
11-24 19:58:27.280 29531 29576 I BatteryMgr:DataCollectionService: stats => 1700852307280,12817,4440,6713,4169000,100
11-24 19:58:27.300  1011  1189 I ASH     : @ 199159.487: tcs3701: stop power rail pending_off timer
11-24 19:58:27.300  1011  1189 D ASH     : @ 199159.487: tcs3701: start power rail timer, state:3
11-24 19:58:27.341  1011  1189 I ASH     : @ 199159.527: tcs3701: stop power rail pending_off timer
11-24 19:58:27.341  1011  1189 D ASH     : @ 199159.527: tcs3701: start power rail timer, state:3
11-24 19:58:27.381  1011  1189 I ASH     : @ 199159.567: tcs3701: stop power rail pending_off timer
11-24 19:58:27.381  1011  1189 D ASH     : @ 199159.568: tcs3701: start power rail timer, state:3
11-24 19:58:27.387 29531 29576 I BatteryMgr:DataCollectionService: stats => 1700852307387,12817,4440,6713,4169000,100
11-24 19:58:27.420  1011  1189 I ASH     : @ 199159.607: tcs3701: stop power rail pending_off timer
11-24 19:58:27.420  1011  1189 D ASH     : @ 199159.607: tcs3701: start power rail timer, state:3
11-24 19:58:27.456  1795  2424 D WifiClientModeImpl[13802:wlan0]: updateLinkLayerStatsRssiSpeedFrequencyCapabilities rssi=-50 TxLinkspeed=780 freq=5240 RxLinkSpeed=866
11-24 19:58:27.457  1795  2424 D WifiDataStall: tx tput in kbps: 680214
11-24 19:58:27.457  1795  2424 D WifiDataStall: rx tput in kbps: 794960
11-24 19:58:27.457  1795  2424 V WifiConfigManager: Updating scan detail cache freq=5240 BSSID=f4:6d:2f:12:cc:88 RSSI=-49 for "ourhome"WPA_PSK
11-24 19:58:27.457  2782  5906 D QCNEJ/WlanStaInfoRelay: Received action: android.net.wifi.RSSI_CHANGED
11-24 19:58:27.458  1795  2424 D WifiChannelUtilization:  freq: 5240 onTime: 6099073 busyTime: 615469 onTimeDiff: 189114 busyTimeDiff: 15680 utilization: 21 utilization t0: 25
11-24 19:58:27.458  1795  2424 D WifiDataStall:  ccaLevel = 21
11-24 19:58:27.458  1795  2424 D WifiDataStall: L2 txTputKbps: 680214, rxTputKbps: 794960, L3 txTputKbps: 0, rxTputKbps: 0, TxTrafficHigh: false, RxTrafficHigh: false, Throughput Sufficient: true
11-24 19:58:27.458  2673  2740 V WifiManager: OnWifiUsabilityStatsListener: onWifiUsabilityStats: seqNum=58973
11-24 19:58:27.458  1795  2424 D WifiScoreReport: Wifi scoring disabled - Don't check IP layer
11-24 19:58:27.458  1795  2424 D WifiScoreCard: BSSID update SIGNAL_POLL ID: 1320464697 SSID: "ourhome", BSSID: f4:6d:2f:12:cc:88, MAC: b2:2f:ec:da:4a:0c, IP: /192.168.1.104, Security type: 2, Supplicant state: COMPLETED, Wi-Fi standard: 5, RSSI: -50, Link speed: 780Mbps, Tx Link speed: 780Mbps, Max Supported Tx Link speed: 866Mbps, Rx Link speed: 866Mbps, Max Supported Rx Link speed: 866Mbps, Frequency: 5240MHz, Net ID: 12, Metered hint: false, score: 60, isUsable: true, CarrierMerged: false, SubscriptionId: -1, IsPrimary: 1, Trusted: true, Restricted: false, Ephemeral: false, OEM paid: false, OEM private: false, OSU AP: false, FQDN: <none>, Provider friendly name: <none>, Requesting package name: <none>"ourhome"wpa2-pskMLO Information: , Is TID-To-Link negotiation supported by the AP: false, AP MLD Address: <none>, AP MLO Link Id: <none>, AP MLO Affiliated links: <none>
11-24 19:58:27.458  1795  2424 D WifiScoreCard: txRate: 1 txSpeed: 780
11-24 19:58:27.458  1795  2424 D WifiScoreCard: network update SIGNAL_POLL "ourhome" ID: 1499892569 RSSI -50 txSpeed -1
11-24 19:58:27.459  1795  4162 I WifiService: updateWifiUsabilityScore uid=10180 seqNum=58973 score=100 predictionHorizonSec=1441795
11-24 19:58:27.459  1795  2424 D WifiClientModeImpl[13802:wlan0]:  ClientModeImpl$L2ConnectedState screen=on 29 0 "ourhome" f4:6d:2f:12:cc:88 rssi=-50 f=5240 sc=60 link=780 tx=0.0, 0.0, 0.0 rx=0.0 bcn=1919912 [on:0 tx:0 rx:0 period:3016] from screen [on:1489493 period:47549450] score=60
11-24 19:58:27.459  1795  2424 D WifiScoreReport: Wifi scoring disabled - Notify that Wifi is usable
11-24 19:58:27.460  1011  1189 I ASH     : @ 199159.647: tcs3701: stop power rail pending_off timer
11-24 19:58:27.460  1011  1189 D ASH     : @ 199159.647: tcs3701: start power rail timer, state:3
11-24 19:58:27.464  1795  2432 D ConnectivityService: NetReassign [no changes] [c 1] [a 0] [i 3]
11-24 19:58:27.492 29531 29576 I BatteryMgr:DataCollectionService: stats => 1700852307492,12817,4440,6713,4169000,100
11-24 19:58:27.500  1011  1189 I ASH     : @ 199159.687: tcs3701: stop power rail pending_off timer
11-24 19:58:27.500  1011  1189 D ASH     : @ 199159.687: tcs3701: start power rail timer, state:3
11-24 19:58:27.523  1795  4162 D ActivityManager: freezer override set to true
11-24 19:58:27.527  1795  4162 D ActivityManager: freezer override set to false
11-24 19:58:27.541  1011  1189 I ASH     : @ 199159.727: tcs3701: stop power rail pending_off timer
11-24 19:58:27.541  1011  1189 D ASH     : @ 199159.727: tcs3701: start power rail timer, state:3
11-24 19:58:27.580  1011  1189 I ASH     : @ 199159.767: tcs3701: stop power rail pending_off timer
11-24 19:58:27.580  1011  1189 D ASH     : @ 199159.767: tcs3701: start power rail timer, state:3
11-24 19:58:27.599 29531 29576 I BatteryMgr:DataCollectionService: stats => 1700852307599,12817,4440,6713,4169000,100
11-24 19:58:27.620  1011  1189 I ASH     : @ 199159.807: tcs3701: stop power rail pending_off timer
11-24 19:58:27.620  1011  1189 D ASH     : @ 199159.807: tcs3701: start power rail timer, state:3
11-24 19:58:27.660  1011  1189 I ASH     : @ 199159.847: tcs3701: stop power rail pending_off timer
11-24 19:58:27.660  1011  1189 D ASH     : @ 199159.847: tcs3701: start power rail timer, state:3
11-24 19:58:27.702  1011  1189 I ASH     : @ 199159.887: tcs3701: stop power rail pending_off timer
11-24 19:58:27.702  1011  1189 D ASH     : @ 199159.887: tcs3701: start power rail timer, state:3
11-24 19:58:27.706 29531 29576 I BatteryMgr:DataCollectionService: stats => 1700852307706,12817,4440,6713,4169000,100
11-24 19:58:27.740  1011  1189 I ASH     : @ 199159.927: tcs3701: stop power rail pending_off timer
11-24 19:58:27.740  1011  1189 D ASH     : @ 199159.927: tcs3701: start power rail timer, state:3
11-24 19:58:27.780  1011  1189 I ASH     : @ 199159.967: tcs3701: stop power rail pending_off timer
11-24 19:58:27.780  1011  1189 D ASH     : @ 199159.967: tcs3701: start power rail timer, state:3
11-24 19:58:27.813 29531 29576 I BatteryMgr:DataCollectionService: stats => 1700852307813,12817,4440,6713,4169000,100
11-24 19:58:27.820  1011  1189 I ASH     : @ 199160.007: tcs3701: stop power rail pending_off timer
11-24 19:58:27.820  1011  1189 D ASH     : @ 199160.007: tcs3701: start power rail timer, state:3
11-24 19:58:27.860  1011  1189 I ASH     : @ 199160.047: tcs3701: stop power rail pending_off timer
11-24 19:58:27.860  1011  1189 D ASH     : @ 199160.047: tcs3701: start power rail timer, state:3
11-24 19:58:27.900  1011  1189 I ASH     : @ 199160.087: tcs3701: stop power rail pending_off timer
11-24 19:58:27.900  1011  1189 D ASH     : @ 199160.087: tcs3701: start power rail timer, state:3
11-24 19:58:27.920 29531 29576 I BatteryMgr:DataCollectionService: stats => 1700852307920,12817,4440,6713,4169000,100
11-24 19:58:27.940  1011  1189 I ASH     : @ 199160.127: tcs3701: stop power rail pending_off timer
11-24 19:58:27.940  1011  1189 D ASH     : @ 199160.127: tcs3701: start power rail timer, state:3
11-24 19:58:27.980  1011  1189 I ASH     : @ 199160.167: tcs3701: stop power rail pending_off timer
11-24 19:58:27.980  1011  1189 D ASH     : @ 199160.167: tcs3701: start power rail timer, state:3
11-24 19:58:28.021  1011  1189 I ASH     : @ 199160.207: tcs3701: stop power rail pending_off timer
11-24 19:58:28.021  1011  1189 D ASH     : @ 199160.207: tcs3701: start power rail timer, state:3
11-24 19:58:28.029 29531 29576 I BatteryMgr:DataCollectionService: stats => 1700852308029,12817,4440,6713,4169000,100
11-24 19:58:28.060  1011  1189 I ASH     : @ 199160.247: tcs3701: stop power rail pending_off timer
11-24 19:58:28.060  1011  1189 D ASH     : @ 199160.247: tcs3701: start power rail timer, state:3
11-24 19:58:28.100  1011  1189 I ASH     : @ 199160.287: tcs3701: stop power rail pending_off timer
11-24 19:58:28.100  1011  1189 D ASH     : @ 199160.287: tcs3701: start power rail timer, state:3
11-24 19:58:28.136 29531 29576 I BatteryMgr:DataCollectionService: stats => 1700852308136,12817,4440,6713,4169000,100
11-24 19:58:28.140  1011  1189 I ASH     : @ 199160.327: tcs3701: stop power rail pending_off timer
11-24 19:58:28.140  1011  1189 D ASH     : @ 199160.327: tcs3701: start power rail timer, state:3
11-24 19:58:28.180  1011  1189 I ASH     : @ 199160.367: tcs3701: stop power rail pending_off timer
11-24 19:58:28.180  1011  1189 D ASH     : @ 199160.367: tcs3701: start power rail timer, state:3
11-24 19:58:28.220  1011  1189 I ASH     : @ 199160.407: tcs3701: stop power rail pending_off timer
11-24 19:58:28.220  1011  1189 D ASH     : @ 199160.407: tcs3701: start power rail timer, state:3
11-24 19:58:28.243 29531 29576 I BatteryMgr:DataCollectionService: stats => 1700852308243,12817,4440,6713,4169000,100
11-24 19:58:28.260  1011  1189 I ASH     : @ 199160.447: tcs3701: stop power rail pending_off timer
11-24 19:58:28.260  1011  1189 D ASH     : @ 199160.447: tcs3701: start power rail timer, state:3
11-24 19:58:28.300  1011  1189 I ASH     : @ 199160.487: tcs3701: stop power rail pending_off timer
11-24 19:58:28.300  1011  1189 D ASH     : @ 199160.487: tcs3701: start power rail timer, state:3
11-24 19:58:28.340  1011  1189 I ASH     : @ 199160.527: tcs3701: stop power rail pending_off timer
11-24 19:58:28.340  1011  1189 D ASH     : @ 199160.527: tcs3701: start power rail timer, state:3
11-24 19:58:28.349 29531 29576 I BatteryMgr:DataCollectionService: stats => 1700852308349,12817,4440,6713,4169000,100
11-24 19:58:28.380  1011  1189 I ASH     : @ 199160.567: tcs3701: stop power rail pending_off timer
11-24 19:58:28.380  1011  1189 D ASH     : @ 199160.567: tcs3701: start power rail timer, state:3
11-24 19:58:28.418  1795  4162 D ActivityManager: freezer override set to true
11-24 19:58:28.420  1011  1189 I ASH     : @ 199160.607: tcs3701: stop power rail pending_off timer
11-24 19:58:28.420  1011  1189 D ASH     : @ 199160.608: tcs3701: start power rail timer, state:3
11-24 19:58:28.454 29531 29576 I BatteryMgr:DataCollectionService: stats => 1700852308454,12817,4440,6713,4169000,100
11-24 19:58:28.460  1011  1189 I ASH     : @ 199160.647: tcs3701: stop power rail pending_off timer
11-24 19:58:28.460  1011  1189 D ASH     : @ 199160.647: tcs3701: start power rail timer, state:3
11-24 19:58:28.500  1011  1189 I ASH     : @ 199160.687: tcs3701: stop power rail pending_off timer
11-24 19:58:28.500  1011  1189 D ASH     : @ 199160.687: tcs3701: start power rail timer, state:3
11-24 19:58:28.540  1011  1189 I ASH     : @ 199160.727: tcs3701: stop power rail pending_off timer
11-24 19:58:28.540  1011  1189 D ASH     : @ 199160.727: tcs3701: start power rail timer, state:3
